--------- beginning of main
08-03 19:36:39.056 27399 27399 D AndroidRuntime: >>>>>> START com.android.internal.os.RuntimeInit uid 2000 <<<<<<
08-03 19:36:39.062 27399 27399 D AndroidRuntime: CheckJNI is OFF
08-03 19:36:39.089 27399 27399 D ICU     : No timezone override file found: /data/misc/zoneinfo/current/icu/icu_tzdata.dat
08-03 19:36:39.119 27399 27399 I Radio-JNI: register_android_hardware_Radio DONE
08-03 19:36:39.136 27399 27399 D AndroidRuntime: Calling main entry com.android.commands.monkey.Monkey
--------- beginning of system
08-03 19:36:39.152   918   931 W BroadcastQueue: Skipping deliver [background] BroadcastRecord{3055fc0 u-1 android.net.conn.CONNECTIVITY_CHANGE} to ReceiverList{429dc3e 27399 (unknown name)/2000/u-1 remote:17a82f2}: process crashing
08-03 19:36:39.162   918  4400 I ActivityManager: START u0 {act=android.intent.action.MAIN cat=[android.intent.category.LAUNCHER] flg=0x10200000 cmp=baseline.com.newsblur/.activity.InitActivity} from uid 2000 on display 0
08-03 19:36:39.180   918   932 I sensors : batch
08-03 19:36:39.196   918  3188 I hubconnection: sensorhub said: 'batch 31 flags:0, sampling_rate_Hz:15.00, max_report_latency_us:0'
08-03 19:36:39.209 27399 27399 I art     : System.exit called, status: 0
08-03 19:36:39.209 27399 27399 I AndroidRuntime: VM exiting with result code 0.
08-03 19:36:39.211   918   932 I sensors : flush
08-03 19:36:39.220   918  3188 I hubconnection: sensorhub said: 'flush 31'
08-03 19:36:39.220   918  3188 I hubconnection: saw sensor 31 flushed
08-03 19:36:39.269  6202 13515 I PBSessionCacheImpl: Deleted sessionId[27278280657311515] from persistence.
08-03 19:36:39.274  6202  6241 W SearchServiceCore: Abort, client detached.
08-03 19:36:39.274  6202  6241 I MicroDetectionState: Should stop hotword detection immediately - true
08-03 19:36:39.289 24974 24974 I baseline.com.newsblur.activity.InitActivity: cold launching version 9.0b1
08-03 19:36:39.295 24974 27414 D OpenGLRenderer: Use EGL_SWAP_BEHAVIOR_PRESERVED: true
08-03 19:36:39.333 24974 27414 I Adreno  : QUALCOMM build                   : fcf4852, I1af360237c
08-03 19:36:39.333 24974 27414 I Adreno  : Build Date                       : 09/23/15
08-03 19:36:39.333 24974 27414 I Adreno  : OpenGL ES Shader Compiler Version: XE031.05.13.02
08-03 19:36:39.333 24974 27414 I Adreno  : Local Branch                     : mybranch14465806
08-03 19:36:39.333 24974 27414 I Adreno  : Remote Branch                    : quic/LA.BF64.1.2.9_v2
08-03 19:36:39.333 24974 27414 I Adreno  : Remote Branch                    : NONE
08-03 19:36:39.333 24974 27414 I Adreno  : Reconstruct Branch               : NOTHING
08-03 19:36:39.336 24974 27414 I OpenGLRenderer: Initialized EGL, version 1.4
08-03 19:36:39.364 13866 13866 I GoogleInputMethodServic: GoogleInputMethodService.onFinishInput():3138 
08-03 19:36:39.365 13866 13866 I GoogleInputMethodServic: GoogleInputMethodService.onStartInput():1808 
08-03 19:36:39.384   918  5481 I ActivityManager: START u0 {cmp=baseline.com.newsblur/.activity.Main} from uid 10625 on display 0
08-03 19:36:39.548 24974 24974 I art     : Rejecting re-init on previously-failed class java.lang.Class<androidx.core.view.ViewCompat$OnUnhandledKeyEventListenerWrapper>
08-03 19:36:39.549 24974 24974 I art     : Rejecting re-init on previously-failed class java.lang.Class<androidx.core.view.ViewCompat$OnUnhandledKeyEventListenerWrapper>
08-03 19:36:39.588 24974 24974 E BitmapFactory: Unable to decode stream: java.io.FileNotFoundException: /data/user/0/baseline.com.newsblur/cache/userProfilePicture: open failed: ENOENT (No such file or directory)
08-03 19:36:39.703 24974 27422 I baseline.com.newsblur.service.NBSyncService: ready to sync feed list
08-03 19:36:39.718 13866 13866 I GoogleInputMethodServic: GoogleInputMethodService.onFinishInput():3138 
08-03 19:36:39.719 13866 13866 I GoogleInputMethodServic: GoogleInputMethodService.onStartInput():1808 
08-03 19:36:39.846   918   936 I ActivityManager: Displayed baseline.com.newsblur/.activity.Main: +416ms (total +671ms)
08-03 19:36:40.263 24974 27422 I NAPPA_EXPERIMENTATION: MetricNetworkRequestExecutionTime: REQUEST_DURATION_SYSTEM='557',REQUEST_DURATION_OKHTTP='44',REQUEST_SYNCHRONOUS='TRUE',RESPONSE_CODE='200',RESPONSE_METHOD='GET',RESPONSE_LENGTH_OKHTTP='-1',RESPONSE_LENGTH_HEADER='-2',REQUEST_PROTOCOL='http/1.1',REQUEST_URL='https://www.newsblur.com/reader/feeds/?update_counts=true',
08-03 19:36:40.263 24974 27422 D MY_TAG  : 0, 557
08-03 19:36:40.304 24974 27422 I baseline.com.newsblur.service.NBSyncService: got feed list: 1 feeds in  conn:557 read:13 parse:4 store:23
08-03 19:36:40.716 27442 27442 D AndroidRuntime: >>>>>> START com.android.internal.os.RuntimeInit uid 2000 <<<<<<
08-03 19:36:40.719 27442 27442 D AndroidRuntime: CheckJNI is OFF
08-03 19:36:40.733 24974 27435 I NAPPA_EXPERIMENTATION: MetricNetworkRequestExecutionTime: REQUEST_DURATION_SYSTEM='423',REQUEST_DURATION_OKHTTP='39',REQUEST_SYNCHRONOUS='TRUE',RESPONSE_CODE='200',RESPONSE_METHOD='GET',RESPONSE_LENGTH_OKHTTP='-1',RESPONSE_LENGTH_HEADER='-2',REQUEST_PROTOCOL='http/1.1',REQUEST_URL='https://www.newsblur.com/reader/unread_story_hashes?include_timestamps=1',
08-03 19:36:40.733 24974 27435 D MY_TAG  : 0, 423
08-03 19:36:40.740 24974 27435 I baseline.com.newsblur.service.UnreadsService: starting unread count: 0
08-03 19:36:40.740 24974 27435 I baseline.com.newsblur.service.UnreadsService: new unread count:      0
08-03 19:36:40.740 24974 27435 I baseline.com.newsblur.service.UnreadsService: new unreads found:     0
08-03 19:36:40.741 24974 27435 I baseline.com.newsblur.service.UnreadsService: unreads to retire:     0
08-03 19:36:40.745 27442 27442 D ICU     : No timezone override file found: /data/misc/zoneinfo/current/icu/icu_tzdata.dat
08-03 19:36:40.774 27442 27442 I Radio-JNI: register_android_hardware_Radio DONE
08-03 19:36:40.789 27442 27442 D AndroidRuntime: Calling main entry com.android.commands.am.Am
08-03 19:36:40.793 29687 29687 I Trepn   : Trepn 6.2s: Received intent: com.quicinc.trepn.start_profiling
08-03 19:36:40.906 29687 29687 W FileUtils: Failed to chmod(/storage/emulated/0/trepn/Trepn_2020.08.03_193640.db): android.system.ErrnoException: chmod failed: EPERM (Operation not permitted)
08-03 19:36:41.058 29687 29687 I Trepn   : Trepn 6.2s: Trepn has Started Profiling.
08-03 19:36:41.060 27442 27442 D AndroidRuntime: Shutting down VM
08-03 19:36:41.512 24974 24985 I art     : Starting a blocking GC Explicit
08-03 19:36:41.532 24974 24985 I art     : Explicit concurrent mark sweep GC freed 33032(2MB) AllocSpace objects, 45(1220KB) LOS objects, 37% free, 26MB/42MB, paused 211us total 19.911ms
08-03 19:36:41.540 24974 24985 I art     : Starting a blocking GC Explicit
08-03 19:36:41.552 24974 24985 I art     : Explicit concurrent mark sweep GC freed 923(87KB) AllocSpace objects, 0(0B) LOS objects, 37% free, 26MB/42MB, paused 198us total 11.933ms
08-03 19:36:41.559 24974 24985 I art     : Starting a blocking GC Explicit
08-03 19:36:41.570 24974 24985 I art     : Explicit concurrent mark sweep GC freed 1583(113KB) AllocSpace objects, 0(0B) LOS objects, 38% free, 26MB/42MB, paused 174us total 11.501ms
08-03 19:36:41.576 24974 24985 I art     : Starting a blocking GC Explicit
08-03 19:36:41.587 24974 24985 I art     : Explicit concurrent mark sweep GC freed 3(96B) AllocSpace objects, 0(0B) LOS objects, 38% free, 26MB/42MB, paused 172us total 10.949ms
08-03 19:36:41.593 24974 24985 I art     : Starting a blocking GC Explicit
08-03 19:36:41.604 24974 24985 I art     : Explicit concurrent mark sweep GC freed 3(96B) AllocSpace objects, 0(0B) LOS objects, 38% free, 26MB/42MB, paused 172us total 10.941ms
08-03 19:36:41.901 24974 24986 I art     : Starting a blocking GC Explicit
08-03 19:36:41.919 24974 24986 I art     : Explicit concurrent mark sweep GC freed 1391(80KB) AllocSpace objects, 1(20KB) LOS objects, 38% free, 26MB/42MB, paused 225us total 17.657ms
08-03 19:36:41.930 24974 24986 I art     : Starting a blocking GC Explicit
08-03 19:36:41.945 24974 24986 I art     : Explicit concurrent mark sweep GC freed 20(704B) AllocSpace objects, 0(0B) LOS objects, 38% free, 26MB/42MB, paused 190us total 14.743ms
08-03 19:36:41.955 24974 24986 I art     : Starting a blocking GC Explicit
08-03 19:36:41.967 24974 24986 I art     : Explicit concurrent mark sweep GC freed 3(96B) AllocSpace objects, 0(0B) LOS objects, 38% free, 26MB/42MB, paused 188us total 11.490ms
08-03 19:36:41.973 24974 24986 I art     : Starting a blocking GC Explicit
08-03 19:36:41.985 24974 24986 I art     : Explicit concurrent mark sweep GC freed 3(96B) AllocSpace objects, 0(0B) LOS objects, 38% free, 26MB/42MB, paused 190us total 11.463ms
08-03 19:36:41.991 24974 24986 I art     : Starting a blocking GC Explicit
08-03 19:36:42.003 24974 24986 I art     : Explicit concurrent mark sweep GC freed 3(96B) AllocSpace objects, 0(0B) LOS objects, 38% free, 26MB/42MB, paused 175us total 11.543ms
08-03 19:36:42.291 24974 24985 I art     : Starting a blocking GC Explicit
08-03 19:36:42.305 24974 24985 I art     : Explicit concurrent mark sweep GC freed 1381(80KB) AllocSpace objects, 1(20KB) LOS objects, 38% free, 26MB/42MB, paused 243us total 13.822ms
08-03 19:36:42.312 24974 24985 I art     : Starting a blocking GC Explicit
08-03 19:36:42.324 24974 24985 I art     : Explicit concurrent mark sweep GC freed 20(704B) AllocSpace objects, 0(0B) LOS objects, 38% free, 26MB/42MB, paused 208us total 11.783ms
08-03 19:36:42.330 24974 24985 I art     : Starting a blocking GC Explicit
08-03 19:36:42.342 24974 24985 I art     : Explicit concurrent mark sweep GC freed 3(96B) AllocSpace objects, 0(0B) LOS objects, 38% free, 26MB/42MB, paused 192us total 11.287ms
08-03 19:36:42.348 24974 24985 I art     : Starting a blocking GC Explicit
08-03 19:36:42.358 24974 24985 I art     : Explicit concurrent mark sweep GC freed 3(96B) AllocSpace objects, 0(0B) LOS objects, 38% free, 26MB/42MB, paused 166us total 10.480ms
08-03 19:36:42.364 24974 24985 I art     : Starting a blocking GC Explicit
08-03 19:36:42.374 24974 24985 I art     : Explicit concurrent mark sweep GC freed 3(96B) AllocSpace objects, 0(0B) LOS objects, 38% free, 26MB/42MB, paused 185us total 10.244ms
08-03 19:36:42.651 24974 24986 I art     : Starting a blocking GC Explicit
08-03 19:36:42.671 24974 24986 I art     : Explicit concurrent mark sweep GC freed 1380(80KB) AllocSpace objects, 1(20KB) LOS objects, 38% free, 26MB/42MB, paused 224us total 19.767ms
08-03 19:36:42.682 24974 24986 I art     : Starting a blocking GC Explicit
08-03 19:36:42.697 24974 24986 I art     : Explicit concurrent mark sweep GC freed 20(704B) AllocSpace objects, 0(0B) LOS objects, 38% free, 26MB/42MB, paused 192us total 15.138ms
08-03 19:36:42.704 24974 24986 I art     : Starting a blocking GC Explicit
08-03 19:36:42.715 24974 24986 I art     : Explicit concurrent mark sweep GC freed 3(96B) AllocSpace objects, 0(0B) LOS objects, 38% free, 26MB/42MB, paused 190us total 11.623ms
08-03 19:36:42.722 24974 24986 I art     : Starting a blocking GC Explicit
08-03 19:36:42.733 24974 24986 I art     : Explicit concurrent mark sweep GC freed 3(96B) AllocSpace objects, 0(0B) LOS objects, 38% free, 26MB/42MB, paused 181us total 11.650ms
08-03 19:36:42.740 24974 24986 I art     : Starting a blocking GC Explicit
08-03 19:36:42.751 24974 24986 I art     : Explicit concurrent mark sweep GC freed 3(96B) AllocSpace objects, 0(0B) LOS objects, 38% free, 26MB/42MB, paused 172us total 11.105ms
08-03 19:36:43.020 24974 24985 I art     : Starting a blocking GC Explicit
08-03 19:36:43.038 24974 24985 I art     : Explicit concurrent mark sweep GC freed 1379(80KB) AllocSpace objects, 1(20KB) LOS objects, 38% free, 26MB/42MB, paused 231us total 16.859ms
08-03 19:36:43.048 24974 24985 I art     : Starting a blocking GC Explicit
08-03 19:36:43.059 24974 24985 I art     : Explicit concurrent mark sweep GC freed 20(704B) AllocSpace objects, 0(0B) LOS objects, 38% free, 26MB/42MB, paused 179us total 11.570ms
08-03 19:36:43.066 24974 24985 I art     : Starting a blocking GC Explicit
08-03 19:36:43.078 24974 24985 I art     : Explicit concurrent mark sweep GC freed 3(96B) AllocSpace objects, 0(0B) LOS objects, 38% free, 26MB/42MB, paused 175us total 11.854ms
08-03 19:36:43.084 24974 24985 I art     : Starting a blocking GC Explicit
08-03 19:36:43.096 24974 24985 I art     : Explicit concurrent mark sweep GC freed 3(96B) AllocSpace objects, 0(0B) LOS objects, 38% free, 26MB/42MB, paused 178us total 11.025ms
08-03 19:36:43.102 24974 24985 I art     : Starting a blocking GC Explicit
08-03 19:36:43.113 24974 24985 I art     : Explicit concurrent mark sweep GC freed 3(96B) AllocSpace objects, 0(0B) LOS objects, 38% free, 26MB/42MB, paused 167us total 11.378ms
08-03 19:36:43.413 24974 24986 I art     : Starting a blocking GC Explicit
08-03 19:36:43.432 24974 24986 I art     : Explicit concurrent mark sweep GC freed 1378(80KB) AllocSpace objects, 1(20KB) LOS objects, 38% free, 26MB/42MB, paused 240us total 18.517ms
08-03 19:36:43.442 24974 24986 I art     : Starting a blocking GC Explicit
08-03 19:36:43.457 24974 24986 I art     : Explicit concurrent mark sweep GC freed 20(704B) AllocSpace objects, 0(0B) LOS objects, 38% free, 26MB/42MB, paused 255us total 14.321ms
08-03 19:36:43.463 24974 24986 I art     : Starting a blocking GC Explicit
08-03 19:36:43.475 24974 24986 I art     : Explicit concurrent mark sweep GC freed 3(96B) AllocSpace objects, 0(0B) LOS objects, 38% free, 26MB/42MB, paused 188us total 11.808ms
08-03 19:36:43.482 24974 24986 I art     : Starting a blocking GC Explicit
08-03 19:36:43.493 24974 24986 I art     : Explicit concurrent mark sweep GC freed 3(96B) AllocSpace objects, 0(0B) LOS objects, 38% free, 26MB/42MB, paused 186us total 11.652ms
08-03 19:36:43.500 24974 24986 I art     : Starting a blocking GC Explicit
08-03 19:36:43.512 24974 24986 I art     : Explicit concurrent mark sweep GC freed 3(96B) AllocSpace objects, 0(0B) LOS objects, 38% free, 26MB/42MB, paused 181us total 11.262ms
08-03 19:36:43.800 24974 24985 I art     : Starting a blocking GC Explicit
08-03 19:36:43.818 24974 24985 I art     : Explicit concurrent mark sweep GC freed 1378(80KB) AllocSpace objects, 1(20KB) LOS objects, 38% free, 26MB/42MB, paused 224us total 17.212ms
08-03 19:36:43.827 24974 24985 I art     : Starting a blocking GC Explicit
08-03 19:36:43.839 24974 24985 I art     : Explicit concurrent mark sweep GC freed 20(704B) AllocSpace objects, 0(0B) LOS objects, 38% free, 26MB/42MB, paused 185us total 12.295ms
08-03 19:36:43.845 24974 24985 I art     : Starting a blocking GC Explicit
08-03 19:36:43.857 24974 24985 I art     : Explicit concurrent mark sweep GC freed 3(96B) AllocSpace objects, 0(0B) LOS objects, 38% free, 26MB/42MB, paused 190us total 11.352ms
08-03 19:36:43.863 24974 24985 I art     : Starting a blocking GC Explicit
08-03 19:36:43.874 24974 24985 I art     : Explicit concurrent mark sweep GC freed 3(96B) AllocSpace objects, 0(0B) LOS objects, 38% free, 26MB/42MB, paused 178us total 11.342ms
08-03 19:36:43.881 24974 24985 I art     : Starting a blocking GC Explicit
08-03 19:36:43.892 24974 24985 I art     : Explicit concurrent mark sweep GC freed 3(96B) AllocSpace objects, 0(0B) LOS objects, 38% free, 26MB/42MB, paused 160us total 11.270ms
08-03 19:36:44.224 24974 24986 I art     : Starting a blocking GC Explicit
08-03 19:36:44.243 24974 24986 I art     : Explicit concurrent mark sweep GC freed 1378(80KB) AllocSpace objects, 1(20KB) LOS objects, 38% free, 26MB/42MB, paused 285us total 18.867ms
08-03 19:36:44.255 24974 24986 I art     : Starting a blocking GC Explicit
08-03 19:36:44.268 24974 24986 I art     : Explicit concurrent mark sweep GC freed 20(704B) AllocSpace objects, 0(0B) LOS objects, 38% free, 26MB/42MB, paused 195us total 11.969ms
08-03 19:36:44.274 24974 24986 I art     : Starting a blocking GC Explicit
08-03 19:36:44.286 24974 24986 I art     : Explicit concurrent mark sweep GC freed 3(96B) AllocSpace objects, 0(0B) LOS objects, 38% free, 26MB/42MB, paused 187us total 11.661ms
08-03 19:36:44.292 24974 24986 I art     : Starting a blocking GC Explicit
08-03 19:36:44.304 24974 24986 I art     : Explicit concurrent mark sweep GC freed 3(96B) AllocSpace objects, 0(0B) LOS objects, 38% free, 26MB/42MB, paused 176us total 11.007ms
08-03 19:36:44.310 24974 24986 I art     : Starting a blocking GC Explicit
08-03 19:36:44.321 24974 24986 I art     : Explicit concurrent mark sweep GC freed 3(96B) AllocSpace objects, 0(0B) LOS objects, 38% free, 26MB/42MB, paused 189us total 11.245ms
08-03 19:36:44.623 24974 24985 I art     : Starting a blocking GC Explicit
08-03 19:36:44.643 24974 24985 I art     : Explicit concurrent mark sweep GC freed 1378(80KB) AllocSpace objects, 1(20KB) LOS objects, 38% free, 26MB/42MB, paused 202us total 19.542ms
08-03 19:36:44.654 24974 24985 I art     : Starting a blocking GC Explicit
08-03 19:36:44.666 24974 24985 I art     : Explicit concurrent mark sweep GC freed 20(704B) AllocSpace objects, 0(0B) LOS objects, 38% free, 26MB/42MB, paused 173us total 11.190ms
08-03 19:36:44.672 24974 24985 I art     : Starting a blocking GC Explicit
08-03 19:36:44.683 24974 24985 I art     : Explicit concurrent mark sweep GC freed 3(96B) AllocSpace objects, 0(0B) LOS objects, 38% free, 26MB/42MB, paused 173us total 11.332ms
08-03 19:36:44.689 24974 24985 I art     : Starting a blocking GC Explicit
08-03 19:36:44.701 24974 24985 I art     : Explicit concurrent mark sweep GC freed 3(96B) AllocSpace objects, 0(0B) LOS objects, 38% free, 26MB/42MB, paused 175us total 11.217ms
08-03 19:36:44.707 24974 24985 I art     : Starting a blocking GC Explicit
08-03 19:36:44.719 24974 24985 I art     : Explicit concurrent mark sweep GC freed 3(96B) AllocSpace objects, 0(0B) LOS objects, 38% free, 26MB/42MB, paused 176us total 11.561ms
08-03 19:36:45.011 24974 24986 I art     : Starting a blocking GC Explicit
08-03 19:36:45.029 24974 24986 I art     : Explicit concurrent mark sweep GC freed 1378(80KB) AllocSpace objects, 1(20KB) LOS objects, 38% free, 26MB/42MB, paused 189us total 17.058ms
08-03 19:36:45.035 24974 24986 I art     : Starting a blocking GC Explicit
08-03 19:36:45.048 24974 24986 I art     : Explicit concurrent mark sweep GC freed 20(704B) AllocSpace objects, 0(0B) LOS objects, 38% free, 26MB/42MB, paused 181us total 12.384ms
08-03 19:36:45.055 24974 24986 I art     : Starting a blocking GC Explicit
08-03 19:36:45.066 24974 24986 I art     : Explicit concurrent mark sweep GC freed 3(96B) AllocSpace objects, 0(0B) LOS objects, 38% free, 26MB/42MB, paused 178us total 10.954ms
08-03 19:36:45.072 24974 24986 I art     : Starting a blocking GC Explicit
08-03 19:36:45.083 24974 24986 I art     : Explicit concurrent mark sweep GC freed 3(96B) AllocSpace objects, 0(0B) LOS objects, 38% free, 26MB/42MB, paused 178us total 11.250ms
08-03 19:36:45.089 24974 24986 I art     : Starting a blocking GC Explicit
08-03 19:36:45.101 24974 24986 I art     : Explicit concurrent mark sweep GC freed 3(96B) AllocSpace objects, 0(0B) LOS objects, 38% free, 26MB/42MB, paused 178us total 11.165ms
08-03 19:36:45.388 24974 24985 I art     : Starting a blocking GC Explicit
08-03 19:36:45.400 24974 24985 I art     : Explicit concurrent mark sweep GC freed 1377(80KB) AllocSpace objects, 1(20KB) LOS objects, 38% free, 26MB/42MB, paused 179us total 11.650ms
08-03 19:36:45.406 24974 24985 I art     : Starting a blocking GC Explicit
08-03 19:36:45.416 24974 24985 I art     : Explicit concurrent mark sweep GC freed 20(704B) AllocSpace objects, 0(0B) LOS objects, 38% free, 26MB/42MB, paused 165us total 9.913ms
08-03 19:36:45.421 24974 24985 I art     : Starting a blocking GC Explicit
08-03 19:36:45.431 24974 24985 I art     : Explicit concurrent mark sweep GC freed 3(96B) AllocSpace objects, 0(0B) LOS objects, 38% free, 26MB/42MB, paused 159us total 9.562ms
08-03 19:36:45.437 24974 24985 I art     : Starting a blocking GC Explicit
08-03 19:36:45.446 24974 24985 I art     : Explicit concurrent mark sweep GC freed 3(96B) AllocSpace objects, 0(0B) LOS objects, 38% free, 26MB/42MB, paused 153us total 9.602ms
08-03 19:36:45.452 24974 24985 I art     : Starting a blocking GC Explicit
08-03 19:36:45.461 24974 24985 I art     : Explicit concurrent mark sweep GC freed 3(96B) AllocSpace objects, 0(0B) LOS objects, 38% free, 26MB/42MB, paused 155us total 9.623ms
08-03 19:36:45.719 24974 24986 I art     : Starting a blocking GC Explicit
08-03 19:36:45.736 24974 24986 I art     : Explicit concurrent mark sweep GC freed 1378(80KB) AllocSpace objects, 1(20KB) LOS objects, 38% free, 26MB/42MB, paused 206us total 16.665ms
08-03 19:36:45.747 24974 24986 I art     : Starting a blocking GC Explicit
08-03 19:36:45.759 24974 24986 I art     : Explicit concurrent mark sweep GC freed 20(704B) AllocSpace objects, 0(0B) LOS objects, 38% free, 26MB/42MB, paused 171us total 11.560ms
08-03 19:36:45.765 24974 24986 I art     : Starting a blocking GC Explicit
08-03 19:36:45.776 24974 24986 I art     : Explicit concurrent mark sweep GC freed 3(96B) AllocSpace objects, 0(0B) LOS objects, 38% free, 26MB/42MB, paused 180us total 11.107ms
08-03 19:36:45.782 24974 24986 I art     : Starting a blocking GC Explicit
08-03 19:36:45.792 24974 24986 I art     : Explicit concurrent mark sweep GC freed 3(96B) AllocSpace objects, 0(0B) LOS objects, 38% free, 26MB/42MB, paused 168us total 10.091ms
08-03 19:36:45.798 24974 24986 I art     : Starting a blocking GC Explicit
08-03 19:36:45.809 24974 24986 I art     : Explicit concurrent mark sweep GC freed 3(96B) AllocSpace objects, 0(0B) LOS objects, 38% free, 26MB/42MB, paused 159us total 10.534ms
08-03 19:36:46.060 24974 24985 I art     : Starting a blocking GC Explicit
08-03 19:36:46.072 24974 24985 I art     : Explicit concurrent mark sweep GC freed 1378(80KB) AllocSpace objects, 1(20KB) LOS objects, 38% free, 26MB/42MB, paused 185us total 12.061ms
08-03 19:36:46.079 24974 24985 I art     : Starting a blocking GC Explicit
08-03 19:36:46.090 24974 24985 I art     : Explicit concurrent mark sweep GC freed 20(704B) AllocSpace objects, 0(0B) LOS objects, 38% free, 26MB/42MB, paused 186us total 11.135ms
08-03 19:36:46.096 24974 24985 I art     : Starting a blocking GC Explicit
08-03 19:36:46.108 24974 24985 I art     : Explicit concurrent mark sweep GC freed 3(96B) AllocSpace objects, 0(0B) LOS objects, 38% free, 26MB/42MB, paused 182us total 11.327ms
08-03 19:36:46.114 24974 24985 I art     : Starting a blocking GC Explicit
08-03 19:36:46.125 24974 24985 I art     : Explicit concurrent mark sweep GC freed 3(96B) AllocSpace objects, 0(0B) LOS objects, 38% free, 26MB/42MB, paused 180us total 11.584ms
08-03 19:36:46.131 24974 24985 I art     : Starting a blocking GC Explicit
08-03 19:36:46.143 24974 24985 I art     : Explicit concurrent mark sweep GC freed 3(96B) AllocSpace objects, 0(0B) LOS objects, 38% free, 26MB/42MB, paused 174us total 11.034ms
08-03 19:36:46.165 27595 27595 D AndroidRuntime: >>>>>> START com.android.internal.os.RuntimeInit uid 2000 <<<<<<
08-03 19:36:46.169 27595 27595 D AndroidRuntime: CheckJNI is OFF
08-03 19:36:46.194 27595 27595 D ICU     : No timezone override file found: /data/misc/zoneinfo/current/icu/icu_tzdata.dat
08-03 19:36:46.219 27595 27595 I Radio-JNI: register_android_hardware_Radio DONE
08-03 19:36:46.234 27595 27595 D AndroidRuntime: Calling main entry com.android.commands.input.Input
08-03 19:36:46.236 27595 27595 I Input   : injectMotionEvent: MotionEvent { action=ACTION_DOWN, actionButton=0, id[0]=0, x[0]=594.0, y[0]=330.0, toolType[0]=TOOL_TYPE_UNKNOWN, buttonState=0, metaState=0, flags=0x0, edgeFlags=0x0, pointerCount=1, historySize=0, eventTime=646622649, downTime=646622649, deviceId=0, source=0x1002 }
08-03 19:36:46.242 27595 27595 I Input   : injectMotionEvent: MotionEvent { action=ACTION_UP, actionButton=0, id[0]=0, x[0]=594.0, y[0]=330.0, toolType[0]=TOOL_TYPE_UNKNOWN, buttonState=0, metaState=0, flags=0x0, edgeFlags=0x0, pointerCount=1, historySize=0, eventTime=646622649, downTime=646622649, deviceId=0, source=0x1002 }
08-03 19:36:46.245 27595 27595 D AndroidRuntime: Shutting down VM
08-03 19:36:46.314   918  3359 I ActivityManager: START u0 {cmp=baseline.com.newsblur/.activity.GlobalSharedStoriesItemsList (has extras)} from uid 10625 on display 0
08-03 19:36:46.335 24974 27628 I baseline.com.newsblur.database.BlurDatabaseHelper: reading session reset
08-03 19:36:46.372 24974 24985 I art     : Starting a blocking GC Explicit
08-03 19:36:46.385 24974 24985 I art     : Explicit concurrent mark sweep GC freed 5780(464KB) AllocSpace objects, 7(264KB) LOS objects, 36% free, 27MB/43MB, paused 240us total 12.761ms
08-03 19:36:46.391 24974 24985 I art     : Starting a blocking GC Explicit
08-03 19:36:46.403 24974 24985 I art     : Explicit concurrent mark sweep GC freed 259(12KB) AllocSpace objects, 0(0B) LOS objects, 37% free, 27MB/43MB, paused 207us total 11.669ms
08-03 19:36:46.409 24974 24985 I art     : Starting a blocking GC Explicit
08-03 19:36:46.421 24974 24985 I art     : Explicit concurrent mark sweep GC freed 647(53KB) AllocSpace objects, 1(20KB) LOS objects, 36% free, 27MB/43MB, paused 222us total 12.230ms
08-03 19:36:46.427 24974 24985 I art     : Starting a blocking GC Explicit
08-03 19:36:46.439 24974 24985 I art     : Explicit concurrent mark sweep GC freed 103(4KB) AllocSpace objects, 0(0B) LOS objects, 36% free, 27MB/43MB, paused 205us total 11.597ms
08-03 19:36:46.445 24974 24985 I art     : Starting a blocking GC Explicit
08-03 19:36:46.462 24974 24985 I art     : Explicit concurrent mark sweep GC freed 10(320B) AllocSpace objects, 0(0B) LOS objects, 36% free, 27MB/43MB, paused 636us total 17.548ms
08-03 19:36:46.475 24974 24974 W View    : requestLayout() improperly called by android.widget.FrameLayout{d5270c V.E...... ......ID 0,0-1440,0 #7f07003f app:id/footer_view_inner} during layout: running second layout pass
08-03 19:36:46.475 24974 24974 W View    : requestLayout() improperly called by android.widget.FrameLayout{bef7855 V.E...... ......ID 0,0-1440,2091 #7f07003f app:id/footer_view_inner} during layout: running second layout pass
08-03 19:36:46.493   918   936 I ActivityManager: Displayed baseline.com.newsblur/.activity.GlobalSharedStoriesItemsList: +170ms
08-03 19:36:46.493 13866 13866 I GoogleInputMethodServic: GoogleInputMethodService.onFinishInput():3138 
08-03 19:36:46.494 13866 13866 I GoogleInputMethodServic: GoogleInputMethodService.onStartInput():1808 
08-03 19:36:46.704 24974 24986 I art     : Starting a blocking GC Explicit
08-03 19:36:46.722 24974 24986 I art     : Explicit concurrent mark sweep GC freed 3494(273KB) AllocSpace objects, 7(140KB) LOS objects, 36% free, 27MB/43MB, paused 250us total 17.666ms
08-03 19:36:46.730 24974 24986 I art     : Starting a blocking GC Explicit
08-03 19:36:46.744 24974 24986 I art     : Explicit concurrent mark sweep GC freed 320(12KB) AllocSpace objects, 1(20KB) LOS objects, 36% free, 27MB/43MB, paused 333us total 13.596ms
08-03 19:36:46.752 24974 24986 I art     : Starting a blocking GC Explicit
08-03 19:36:46.766 24974 24986 I art     : Explicit concurrent mark sweep GC freed 145(20KB) AllocSpace objects, 0(0B) LOS objects, 36% free, 27MB/43MB, paused 328us total 13.822ms
08-03 19:36:46.772 24974 24986 I art     : Starting a blocking GC Explicit
08-03 19:36:46.784 24974 24986 I art     : Explicit concurrent mark sweep GC freed 16(528B) AllocSpace objects, 0(0B) LOS objects, 36% free, 27MB/43MB, paused 214us total 11.641ms
08-03 19:36:46.789 24974 24986 I art     : Starting a blocking GC Explicit
08-03 19:36:46.801 24974 24986 I art     : Explicit concurrent mark sweep GC freed 4(128B) AllocSpace objects, 0(0B) LOS objects, 36% free, 27MB/43MB, paused 212us total 11.461ms
08-03 19:36:47.060 24974 27629 I art     : Starting a blocking GC Explicit
08-03 19:36:47.077 24974 27629 I art     : Explicit concurrent mark sweep GC freed 3832(207KB) AllocSpace objects, 4(220KB) LOS objects, 36% free, 27MB/43MB, paused 326us total 16.359ms
08-03 19:36:47.083 24974 27629 I art     : Starting a blocking GC Explicit
08-03 19:36:47.089 24974 27631 I NAPPA_EXPERIMENTATION: MetricNetworkRequestExecutionTime: REQUEST_DURATION_SYSTEM='585',REQUEST_DURATION_OKHTTP='34',REQUEST_SYNCHRONOUS='TRUE',RESPONSE_CODE='200',RESPONSE_METHOD='GET',RESPONSE_LENGTH_OKHTTP='-1',RESPONSE_LENGTH_HEADER='13047',REQUEST_PROTOCOL='http/1.1',REQUEST_URL='https://www.newsblur.com/social/river_stories?order=newest&page=1&read_filter=all&global_feed=true',
08-03 19:36:47.090 24974 27631 D MY_TAG  : 0, 585
08-03 19:36:47.097 24974 27629 I art     : Explicit concurrent mark sweep GC freed 1083(129KB) AllocSpace objects, 0(0B) LOS objects, 36% free, 27MB/43MB, paused 370us total 13.560ms
08-03 19:36:47.104 24974 27629 I art     : Starting a blocking GC Explicit
08-03 19:36:47.118 24974 27629 I art     : Explicit concurrent mark sweep GC freed 10795(542KB) AllocSpace objects, 5(232KB) LOS objects, 36% free, 27MB/43MB, paused 476us total 13.866ms
08-03 19:36:47.124 24974 27629 I art     : Starting a blocking GC Explicit
08-03 19:36:47.138 24974 27629 I art     : Explicit concurrent mark sweep GC freed 6120(561KB) AllocSpace objects, 9(176KB) LOS objects, 36% free, 27MB/43MB, paused 441us total 14.027ms
08-03 19:36:47.144 24974 27629 I art     : Starting a blocking GC Explicit
08-03 19:36:47.158 24974 27629 I art     : Explicit concurrent mark sweep GC freed 11962(674KB) AllocSpace objects, 5(100KB) LOS objects, 36% free, 27MB/43MB, paused 361us total 14.060ms
08-03 19:36:47.343 24974 27661 I NAPPA_EXPERIMENTATION: MetricNetworkRequestExecutionTime: REQUEST_DURATION_SYSTEM='51',REQUEST_DURATION_OKHTTP='48',REQUEST_SYNCHRONOUS='TRUE',RESPONSE_CODE='200',RESPONSE_METHOD='GET',RESPONSE_LENGTH_OKHTTP='43',RESPONSE_LENGTH_HEADER='43',REQUEST_PROTOCOL='http/1.1',REQUEST_URL='http://feeds.feedburner.com/~r/retort/~4/UffaFMiJbNs',
08-03 19:36:47.402 24974 27629 I art     : Starting a blocking GC Explicit
08-03 19:36:47.420 24974 27629 I art     : Explicit concurrent mark sweep GC freed 8196(740KB) AllocSpace objects, 26(608KB) LOS objects, 36% free, 28MB/44MB, paused 444us total 17.030ms
08-03 19:36:47.426 24974 27629 I art     : Starting a blocking GC Explicit
08-03 19:36:47.440 24974 27629 I art     : Explicit concurrent mark sweep GC freed 2957(227KB) AllocSpace objects, 0(0B) LOS objects, 36% free, 28MB/44MB, paused 464us total 14.389ms
08-03 19:36:47.447 24974 27629 I art     : Starting a blocking GC Explicit
08-03 19:36:47.461 24974 27629 I art     : Explicit concurrent mark sweep GC freed 2512(105KB) AllocSpace objects, 2(120KB) LOS objects, 36% free, 28MB/44MB, paused 537us total 14.142ms
08-03 19:36:47.467 24974 27629 I art     : Starting a blocking GC Explicit
08-03 19:36:47.484 24974 27629 I art     : Explicit concurrent mark sweep GC freed 4011(241KB) AllocSpace objects, 1(80KB) LOS objects, 36% free, 28MB/44MB, paused 945us total 16.500ms
08-03 19:36:47.490 24974 27629 I art     : Starting a blocking GC Explicit
08-03 19:36:47.504 24974 27629 I art     : Explicit concurrent mark sweep GC freed 114(10KB) AllocSpace objects, 0(0B) LOS objects, 36% free, 28MB/44MB, paused 425us total 13.725ms
08-03 19:36:47.640 24974 27663 I NAPPA_EXPERIMENTATION: MetricNetworkRequestExecutionTime: REQUEST_DURATION_SYSTEM='338',REQUEST_DURATION_OKHTTP='162',REQUEST_SYNCHRONOUS='TRUE',RESPONSE_CODE='200',RESPONSE_METHOD='GET',RESPONSE_LENGTH_OKHTTP='79351',RESPONSE_LENGTH_HEADER='79351',REQUEST_PROTOCOL='h2',REQUEST_URL='https://images.fastcompany.net/image/upload/w_1280,q_auto,f_auto,fl_lossy/wp-cms/uploads/2020/07/p-1-90532920-this-chart-shows-how-effective-masks-can-be.png',
08-03 19:36:47.782 24974 27629 I art     : Starting a blocking GC Explicit
08-03 19:36:47.787 24974 27660 I NAPPA_EXPERIMENTATION: MetricNetworkRequestExecutionTime: REQUEST_DURATION_SYSTEM='522',REQUEST_DURATION_OKHTTP='98',REQUEST_SYNCHRONOUS='TRUE',RESPONSE_CODE='200',RESPONSE_METHOD='GET',RESPONSE_LENGTH_OKHTTP='145',RESPONSE_LENGTH_HEADER='145',REQUEST_PROTOCOL='http/1.1',REQUEST_URL='https://s3.amazonaws.com/icons.newsblur.com/6882243.png',
08-03 19:36:47.789 24974 27664 I NAPPA_EXPERIMENTATION: MetricNetworkRequestExecutionTime: REQUEST_DURATION_SYSTEM='507',REQUEST_DURATION_OKHTTP='103',REQUEST_SYNCHRONOUS='TRUE',RESPONSE_CODE='200',RESPONSE_METHOD='GET',RESPONSE_LENGTH_OKHTTP='477',RESPONSE_LENGTH_HEADER='477',REQUEST_PROTOCOL='http/1.1',REQUEST_URL='https://s3.amazonaws.com/icons.newsblur.com/5762506.png',
08-03 19:36:47.804 24974 27629 I art     : Explicit concurrent mark sweep GC freed 13970(682KB) AllocSpace objects, 7(3MB) LOS objects, 34% free, 30MB/46MB, paused 565us total 22.064ms
08-03 19:36:47.812 24974 27629 I art     : Starting a blocking GC Explicit
08-03 19:36:47.820 24974 27662 I NAPPA_EXPERIMENTATION: MetricNetworkRequestExecutionTime: REQUEST_DURATION_SYSTEM='547',REQUEST_DURATION_OKHTTP='126',REQUEST_SYNCHRONOUS='TRUE',RESPONSE_CODE='200',RESPONSE_METHOD='GET',RESPONSE_LENGTH_OKHTTP='243',RESPONSE_LENGTH_HEADER='243',REQUEST_PROTOCOL='http/1.1',REQUEST_URL='https://s3.amazonaws.com/icons.newsblur.com/18178.png',
08-03 19:36:47.828 24974 27629 I art     : Explicit concurrent mark sweep GC freed 693(57KB) AllocSpace objects, 3(60KB) LOS objects, 34% free, 30MB/46MB, paused 324us total 15.752ms
08-03 19:36:47.834 24974 27629 I art     : Starting a blocking GC Explicit
08-03 19:36:47.849 24974 27629 I art     : Explicit concurrent mark sweep GC freed 267(11KB) AllocSpace objects, 2(40KB) LOS objects, 34% free, 30MB/46MB, paused 338us total 14.967ms
08-03 19:36:47.855 24974 27629 I art     : Starting a blocking GC Explicit
08-03 19:36:47.870 24974 27629 I art     : Explicit concurrent mark sweep GC freed 55(2800B) AllocSpace objects, 2(40KB) LOS objects, 34% free, 30MB/46MB, paused 412us total 14.186ms
08-03 19:36:47.876 24974 27629 I art     : Starting a blocking GC Explicit
08-03 19:36:47.890 24974 27629 I art     : Explicit concurrent mark sweep GC freed 101(4KB) AllocSpace objects, 0(0B) LOS objects, 34% free, 30MB/46MB, paused 291us total 13.874ms
08-03 19:36:48.195 24974 27629 I art     : Starting a blocking GC Explicit
08-03 19:36:48.214 24974 27629 I art     : Explicit concurrent mark sweep GC freed 1391(82KB) AllocSpace objects, 1(20KB) LOS objects, 34% free, 30MB/46MB, paused 349us total 18.636ms
08-03 19:36:48.222 24974 27629 I art     : Starting a blocking GC Explicit
08-03 19:36:48.237 24974 27629 I art     : Explicit concurrent mark sweep GC freed 20(704B) AllocSpace objects, 0(0B) LOS objects, 34% free, 30MB/46MB, paused 343us total 14.835ms
08-03 19:36:48.245 24974 27629 I art     : Starting a blocking GC Explicit
08-03 19:36:48.259 24974 27629 I art     : Explicit concurrent mark sweep GC freed 3(96B) AllocSpace objects, 0(0B) LOS objects, 34% free, 30MB/46MB, paused 322us total 14.716ms
08-03 19:36:48.266 24974 27629 I art     : Starting a blocking GC Explicit
08-03 19:36:48.281 24974 27629 I art     : Explicit concurrent mark sweep GC freed 3(96B) AllocSpace objects, 0(0B) LOS objects, 34% free, 30MB/46MB, paused 347us total 14.941ms
08-03 19:36:48.287 24974 27629 I art     : Starting a blocking GC Explicit
08-03 19:36:48.302 24974 27629 I art     : Explicit concurrent mark sweep GC freed 3(96B) AllocSpace objects, 0(0B) LOS objects, 34% free, 30MB/46MB, paused 319us total 14.850ms
08-03 19:36:48.603 24974 24985 I art     : Starting a blocking GC Explicit
08-03 19:36:48.621 24974 24985 I art     : Explicit concurrent mark sweep GC freed 1388(80KB) AllocSpace objects, 1(20KB) LOS objects, 34% free, 30MB/46MB, paused 355us total 18.187ms
08-03 19:36:48.628 24974 24985 I art     : Starting a blocking GC Explicit
08-03 19:36:48.644 24974 24985 I art     : Explicit concurrent mark sweep GC freed 20(704B) AllocSpace objects, 0(0B) LOS objects, 34% free, 30MB/46MB, paused 509us total 15.665ms
08-03 19:36:48.650 24974 24985 I art     : Starting a blocking GC Explicit
08-03 19:36:48.665 24974 24985 I art     : Explicit concurrent mark sweep GC freed 3(96B) AllocSpace objects, 0(0B) LOS objects, 34% free, 30MB/46MB, paused 326us total 14.825ms
08-03 19:36:48.672 24974 24985 I art     : Starting a blocking GC Explicit
08-03 19:36:48.687 24974 24985 I art     : Explicit concurrent mark sweep GC freed 3(96B) AllocSpace objects, 0(0B) LOS objects, 34% free, 30MB/46MB, paused 340us total 14.988ms
08-03 19:36:48.693 24974 24985 I art     : Starting a blocking GC Explicit
08-03 19:36:48.708 24974 24985 I art     : Explicit concurrent mark sweep GC freed 3(96B) AllocSpace objects, 0(0B) LOS objects, 34% free, 30MB/46MB, paused 321us total 14.709ms
08-03 19:36:49.008 24974 24986 I art     : Starting a blocking GC Explicit
08-03 19:36:49.026 24974 24986 I art     : Explicit concurrent mark sweep GC freed 1387(80KB) AllocSpace objects, 1(20KB) LOS objects, 34% free, 30MB/46MB, paused 364us total 17.267ms
08-03 19:36:49.034 24974 24986 I art     : Starting a blocking GC Explicit
08-03 19:36:49.050 24974 24986 I art     : Explicit concurrent mark sweep GC freed 20(704B) AllocSpace objects, 0(0B) LOS objects, 34% free, 30MB/46MB, paused 367us total 15.362ms
08-03 19:36:49.057 24974 24986 I art     : Starting a blocking GC Explicit
08-03 19:36:49.072 24974 24986 I art     : Explicit concurrent mark sweep GC freed 3(96B) AllocSpace objects, 0(0B) LOS objects, 34% free, 30MB/46MB, paused 321us total 14.496ms
08-03 19:36:49.078 24974 24986 I art     : Starting a blocking GC Explicit
08-03 19:36:49.093 24974 24986 I art     : Explicit concurrent mark sweep GC freed 3(96B) AllocSpace objects, 0(0B) LOS objects, 34% free, 30MB/46MB, paused 314us total 14.494ms
08-03 19:36:49.099 24974 24986 I art     : Starting a blocking GC Explicit
08-03 19:36:49.114 24974 24986 I art     : Explicit concurrent mark sweep GC freed 3(96B) AllocSpace objects, 0(0B) LOS objects, 34% free, 30MB/46MB, paused 330us total 14.639ms
08-03 19:36:49.420 24974 27629 I art     : Starting a blocking GC Explicit
08-03 19:36:49.438 24974 27629 I art     : Explicit concurrent mark sweep GC freed 1387(80KB) AllocSpace objects, 1(20KB) LOS objects, 34% free, 30MB/46MB, paused 345us total 17.831ms
08-03 19:36:49.449 24974 27629 I art     : Starting a blocking GC Explicit
08-03 19:36:49.463 24974 27629 I art     : Explicit concurrent mark sweep GC freed 20(704B) AllocSpace objects, 0(0B) LOS objects, 34% free, 30MB/46MB, paused 325us total 14.201ms
08-03 19:36:49.469 24974 27629 I art     : Starting a blocking GC Explicit
08-03 19:36:49.484 24974 27629 I art     : Explicit concurrent mark sweep GC freed 3(96B) AllocSpace objects, 0(0B) LOS objects, 34% free, 30MB/46MB, paused 329us total 14.353ms
08-03 19:36:49.490 24974 27629 I art     : Starting a blocking GC Explicit
08-03 19:36:49.505 24974 27629 I art     : Explicit concurrent mark sweep GC freed 3(96B) AllocSpace objects, 0(0B) LOS objects, 34% free, 30MB/46MB, paused 338us total 14.274ms
08-03 19:36:49.510 24974 27629 I art     : Starting a blocking GC Explicit
08-03 19:36:49.525 24974 27629 I art     : Explicit concurrent mark sweep GC freed 3(96B) AllocSpace objects, 0(0B) LOS objects, 34% free, 30MB/46MB, paused 326us total 14.355ms
08-03 19:36:49.844 24974 24985 I art     : Starting a blocking GC Explicit
08-03 19:36:49.863 24974 24985 I art     : Explicit concurrent mark sweep GC freed 1387(80KB) AllocSpace objects, 1(20KB) LOS objects, 34% free, 30MB/46MB, paused 341us total 18.063ms
08-03 19:36:49.871 24974 24985 I art     : Starting a blocking GC Explicit
08-03 19:36:49.887 24974 24985 I art     : Explicit concurrent mark sweep GC freed 20(704B) AllocSpace objects, 0(0B) LOS objects, 34% free, 30MB/46MB, paused 388us total 15.205ms
08-03 19:36:49.893 24974 24985 I art     : Starting a blocking GC Explicit
08-03 19:36:49.908 24974 24985 I art     : Explicit concurrent mark sweep GC freed 3(96B) AllocSpace objects, 0(0B) LOS objects, 34% free, 30MB/46MB, paused 321us total 14.695ms
08-03 19:36:49.914 24974 24985 I art     : Starting a blocking GC Explicit
08-03 19:36:49.929 24974 24985 I art     : Explicit concurrent mark sweep GC freed 3(96B) AllocSpace objects, 0(0B) LOS objects, 34% free, 30MB/46MB, paused 323us total 14.818ms
08-03 19:36:49.936 24974 24985 I art     : Starting a blocking GC Explicit
08-03 19:36:49.942   518   646 I ThermalEngine: ACTION: GPU - Setting GPU[0] to 510000000
08-03 19:36:49.953 24974 24985 I art     : Explicit concurrent mark sweep GC freed 3(96B) AllocSpace objects, 0(0B) LOS objects, 34% free, 30MB/46MB, paused 432us total 17.026ms
08-03 19:36:50.273 24974 24986 I art     : Starting a blocking GC Explicit
08-03 19:36:50.294 24974 24986 I art     : Explicit concurrent mark sweep GC freed 1388(80KB) AllocSpace objects, 1(20KB) LOS objects, 34% free, 30MB/46MB, paused 456us total 20.697ms
08-03 19:36:50.304 24974 24986 I art     : Starting a blocking GC Explicit
08-03 19:36:50.323 24974 24986 I art     : Explicit concurrent mark sweep GC freed 20(704B) AllocSpace objects, 0(0B) LOS objects, 34% free, 30MB/46MB, paused 433us total 18.225ms
08-03 19:36:50.331 24974 24986 I art     : Starting a blocking GC Explicit
08-03 19:36:50.349 24974 24986 I art     : Explicit concurrent mark sweep GC freed 3(96B) AllocSpace objects, 0(0B) LOS objects, 34% free, 30MB/46MB, paused 429us total 18.256ms
08-03 19:36:50.357 24974 24986 I art     : Starting a blocking GC Explicit
08-03 19:36:50.376 24974 24986 I art     : Explicit concurrent mark sweep GC freed 3(96B) AllocSpace objects, 0(0B) LOS objects, 34% free, 30MB/46MB, paused 420us total 17.988ms
08-03 19:36:50.384 24974 24986 I art     : Starting a blocking GC Explicit
08-03 19:36:50.402 24974 24986 I art     : Explicit concurrent mark sweep GC freed 3(96B) AllocSpace objects, 0(0B) LOS objects, 34% free, 30MB/46MB, paused 480us total 18.606ms
08-03 19:36:50.710 24974 27629 I art     : Starting a blocking GC Explicit
08-03 19:36:50.731 24974 27629 I art     : Explicit concurrent mark sweep GC freed 1387(80KB) AllocSpace objects, 1(20KB) LOS objects, 34% free, 30MB/46MB, paused 444us total 20.301ms
08-03 19:36:50.743 24974 27629 I art     : Starting a blocking GC Explicit
08-03 19:36:50.761 24974 27629 I art     : Explicit concurrent mark sweep GC freed 20(704B) AllocSpace objects, 0(0B) LOS objects, 34% free, 30MB/46MB, paused 443us total 18.301ms
08-03 19:36:50.769 24974 27629 I art     : Starting a blocking GC Explicit
08-03 19:36:50.787 24974 27629 I art     : Explicit concurrent mark sweep GC freed 3(96B) AllocSpace objects, 0(0B) LOS objects, 34% free, 30MB/46MB, paused 443us total 17.571ms
08-03 19:36:50.795 24974 27629 I art     : Starting a blocking GC Explicit
08-03 19:36:50.813 24974 27629 I art     : Explicit concurrent mark sweep GC freed 3(96B) AllocSpace objects, 0(0B) LOS objects, 34% free, 30MB/46MB, paused 412us total 18.030ms
08-03 19:36:50.821 24974 27629 I art     : Starting a blocking GC Explicit
08-03 19:36:50.837 24974 27629 I art     : Explicit concurrent mark sweep GC freed 3(96B) AllocSpace objects, 0(0B) LOS objects, 34% free, 30MB/46MB, paused 423us total 16.445ms
08-03 19:36:51.151 24974 24985 I art     : Starting a blocking GC Explicit
08-03 19:36:51.169 24974 24985 I art     : Explicit concurrent mark sweep GC freed 1387(80KB) AllocSpace objects, 1(20KB) LOS objects, 34% free, 30MB/46MB, paused 425us total 17.707ms
08-03 19:36:51.177 24974 24985 I art     : Starting a blocking GC Explicit
08-03 19:36:51.194 24974 24985 I art     : Explicit concurrent mark sweep GC freed 20(704B) AllocSpace objects, 0(0B) LOS objects, 34% free, 30MB/46MB, paused 402us total 17.269ms
08-03 19:36:51.202 24974 24985 I art     : Starting a blocking GC Explicit
08-03 19:36:51.220 24974 24985 I art     : Explicit concurrent mark sweep GC freed 3(96B) AllocSpace objects, 0(0B) LOS objects, 34% free, 30MB/46MB, paused 445us total 18.391ms
08-03 19:36:51.228 24974 24985 I art     : Starting a blocking GC Explicit
08-03 19:36:51.247 24974 24985 I art     : Explicit concurrent mark sweep GC freed 3(96B) AllocSpace objects, 0(0B) LOS objects, 34% free, 30MB/46MB, paused 490us total 18.155ms
08-03 19:36:51.255 24974 24985 I art     : Starting a blocking GC Explicit
08-03 19:36:51.273 24974 24985 I art     : Explicit concurrent mark sweep GC freed 3(96B) AllocSpace objects, 0(0B) LOS objects, 34% free, 30MB/46MB, paused 439us total 18.310ms
08-03 19:36:51.592 24974 24986 I art     : Starting a blocking GC Explicit
08-03 19:36:51.614 24974 24986 I art     : Explicit concurrent mark sweep GC freed 1387(80KB) AllocSpace objects, 1(20KB) LOS objects, 34% free, 30MB/46MB, paused 447us total 21.298ms
08-03 19:36:51.624 24974 24986 I art     : Starting a blocking GC Explicit
08-03 19:36:51.643 24974 24986 I art     : Explicit concurrent mark sweep GC freed 20(704B) AllocSpace objects, 0(0B) LOS objects, 34% free, 30MB/46MB, paused 435us total 18.077ms
08-03 19:36:51.651 24974 24986 I art     : Starting a blocking GC Explicit
08-03 19:36:51.669 24974 24986 I art     : Explicit concurrent mark sweep GC freed 3(96B) AllocSpace objects, 0(0B) LOS objects, 34% free, 30MB/46MB, paused 432us total 18.089ms
08-03 19:36:51.677 24974 24986 I art     : Starting a blocking GC Explicit
08-03 19:36:51.695 24974 24986 I art     : Explicit concurrent mark sweep GC freed 3(96B) AllocSpace objects, 0(0B) LOS objects, 34% free, 30MB/46MB, paused 438us total 17.999ms
08-03 19:36:51.703 24974 24986 I art     : Starting a blocking GC Explicit
08-03 19:36:51.722 24974 24986 I art     : Explicit concurrent mark sweep GC freed 3(96B) AllocSpace objects, 0(0B) LOS objects, 34% free, 30MB/46MB, paused 415us total 18.382ms
08-03 19:36:52.029 24974 27629 I art     : Starting a blocking GC Explicit
08-03 19:36:52.049 24974 27629 I art     : Explicit concurrent mark sweep GC freed 1387(80KB) AllocSpace objects, 1(20KB) LOS objects, 34% free, 30MB/46MB, paused 446us total 19.989ms
08-03 19:36:52.052 22816 22816 I ServiceManager: Waiting for service AtCmdFwd...
08-03 19:36:52.060 24974 27629 I art     : Starting a blocking GC Explicit
08-03 19:36:52.079 24974 27629 I art     : Explicit concurrent mark sweep GC freed 20(704B) AllocSpace objects, 0(0B) LOS objects, 34% free, 30MB/46MB, paused 445us total 18.498ms
08-03 19:36:52.087 24974 27629 I art     : Starting a blocking GC Explicit
08-03 19:36:52.105 24974 27629 I art     : Explicit concurrent mark sweep GC freed 3(96B) AllocSpace objects, 0(0B) LOS objects, 34% free, 30MB/46MB, paused 412us total 18.175ms
08-03 19:36:52.114 24974 27629 I art     : Starting a blocking GC Explicit
08-03 19:36:52.132 24974 27629 I art     : Explicit concurrent mark sweep GC freed 3(96B) AllocSpace objects, 0(0B) LOS objects, 34% free, 30MB/46MB, paused 440us total 18.541ms
08-03 19:36:52.140 24974 27629 I art     : Starting a blocking GC Explicit
08-03 19:36:52.159 24974 27629 I art     : Explicit concurrent mark sweep GC freed 3(96B) AllocSpace objects, 0(0B) LOS objects, 34% free, 30MB/46MB, paused 461us total 18.608ms
08-03 19:36:52.471 24974 24985 I art     : Starting a blocking GC Explicit
08-03 19:36:52.492 24974 24985 I art     : Explicit concurrent mark sweep GC freed 1387(80KB) AllocSpace objects, 1(20KB) LOS objects, 34% free, 30MB/46MB, paused 450us total 20.480ms
08-03 19:36:52.504 24974 24985 I art     : Starting a blocking GC Explicit
08-03 19:36:52.522 24974 24985 I art     : Explicit concurrent mark sweep GC freed 20(704B) AllocSpace objects, 0(0B) LOS objects, 34% free, 30MB/46MB, paused 414us total 18.234ms
08-03 19:36:52.530 24974 24985 I art     : Starting a blocking GC Explicit
08-03 19:36:52.548 24974 24985 I art     : Explicit concurrent mark sweep GC freed 3(96B) AllocSpace objects, 0(0B) LOS objects, 34% free, 30MB/46MB, paused 444us total 18.012ms
08-03 19:36:52.556 24974 24985 I art     : Starting a blocking GC Explicit
08-03 19:36:52.575 24974 24985 I art     : Explicit concurrent mark sweep GC freed 3(96B) AllocSpace objects, 0(0B) LOS objects, 34% free, 30MB/46MB, paused 438us total 18.105ms
08-03 19:36:52.583 24974 24985 I art     : Starting a blocking GC Explicit
08-03 19:36:52.602 24974 24985 I art     : Explicit concurrent mark sweep GC freed 3(96B) AllocSpace objects, 0(0B) LOS objects, 34% free, 30MB/46MB, paused 446us total 18.583ms
08-03 19:36:52.901 24974 24986 I art     : Starting a blocking GC Explicit
08-03 19:36:52.921 24974 24986 I art     : Explicit concurrent mark sweep GC freed 1387(80KB) AllocSpace objects, 1(20KB) LOS objects, 34% free, 30MB/46MB, paused 449us total 20.351ms
08-03 19:36:52.933 24974 24986 I art     : Starting a blocking GC Explicit
08-03 19:36:52.952 24974 24986 I art     : Explicit concurrent mark sweep GC freed 20(704B) AllocSpace objects, 0(0B) LOS objects, 34% free, 30MB/46MB, paused 442us total 18.193ms
08-03 19:36:52.960 24974 24986 I art     : Starting a blocking GC Explicit
08-03 19:36:52.978 24974 24986 I art     : Explicit concurrent mark sweep GC freed 3(96B) AllocSpace objects, 0(0B) LOS objects, 34% free, 30MB/46MB, paused 469us total 18.224ms
08-03 19:36:52.986 24974 24986 I art     : Starting a blocking GC Explicit
08-03 19:36:53.004 24974 24986 I art     : Explicit concurrent mark sweep GC freed 3(96B) AllocSpace objects, 0(0B) LOS objects, 34% free, 30MB/46MB, paused 447us total 18.146ms
08-03 19:36:53.012 24974 24986 I art     : Starting a blocking GC Explicit
08-03 19:36:53.034 24974 24986 I art     : Explicit concurrent mark sweep GC freed 3(96B) AllocSpace objects, 0(0B) LOS objects, 34% free, 30MB/46MB, paused 412us total 22.075ms
08-03 19:36:53.053 22816 22816 I ServiceManager: Waiting for service AtCmdFwd...
08-03 19:36:53.343 24974 27629 I art     : Starting a blocking GC Explicit
08-03 19:36:53.363 24974 27629 I art     : Explicit concurrent mark sweep GC freed 1387(80KB) AllocSpace objects, 1(20KB) LOS objects, 34% free, 30MB/46MB, paused 454us total 20.219ms
08-03 19:36:53.375 24974 27629 I art     : Starting a blocking GC Explicit
08-03 19:36:53.393 24974 27629 I art     : Explicit concurrent mark sweep GC freed 20(704B) AllocSpace objects, 0(0B) LOS objects, 34% free, 30MB/46MB, paused 446us total 18.225ms
08-03 19:36:53.401 24974 27629 I art     : Starting a blocking GC Explicit
08-03 19:36:53.419 24974 27629 I art     : Explicit concurrent mark sweep GC freed 3(96B) AllocSpace objects, 0(0B) LOS objects, 34% free, 30MB/46MB, paused 432us total 17.640ms
08-03 19:36:53.427 24974 27629 I art     : Starting a blocking GC Explicit
08-03 19:36:53.446 24974 27629 I art     : Explicit concurrent mark sweep GC freed 3(96B) AllocSpace objects, 0(0B) LOS objects, 34% free, 30MB/46MB, paused 436us total 18.195ms
08-03 19:36:53.454 24974 27629 I art     : Starting a blocking GC Explicit
08-03 19:36:53.472 24974 27629 I art     : Explicit concurrent mark sweep GC freed 3(96B) AllocSpace objects, 0(0B) LOS objects, 34% free, 30MB/46MB, paused 436us total 18.552ms
08-03 19:36:53.787 24974 24985 I art     : Starting a blocking GC Explicit
08-03 19:36:53.807 24974 24985 I art     : Explicit concurrent mark sweep GC freed 1387(80KB) AllocSpace objects, 1(20KB) LOS objects, 34% free, 30MB/46MB, paused 533us total 20.012ms
08-03 19:36:53.818 24974 24985 I art     : Starting a blocking GC Explicit
08-03 19:36:53.837 24974 24985 I art     : Explicit concurrent mark sweep GC freed 20(704B) AllocSpace objects, 0(0B) LOS objects, 34% free, 30MB/46MB, paused 518us total 18.769ms
08-03 19:36:53.845 24974 24985 I art     : Starting a blocking GC Explicit
08-03 19:36:53.864 24974 24985 I art     : Explicit concurrent mark sweep GC freed 3(96B) AllocSpace objects, 0(0B) LOS objects, 34% free, 30MB/46MB, paused 444us total 18.382ms
08-03 19:36:53.872 24974 24985 I art     : Starting a blocking GC Explicit
08-03 19:36:53.891 24974 24985 I art     : Explicit concurrent mark sweep GC freed 3(96B) AllocSpace objects, 0(0B) LOS objects, 34% free, 30MB/46MB, paused 430us total 18.666ms
08-03 19:36:53.899 24974 24985 I art     : Starting a blocking GC Explicit
08-03 19:36:53.917 24974 24985 I art     : Explicit concurrent mark sweep GC freed 3(96B) AllocSpace objects, 0(0B) LOS objects, 34% free, 30MB/46MB, paused 514us total 17.996ms
08-03 19:36:54.054 22816 22816 I ServiceManager: Waiting for service AtCmdFwd...
08-03 19:36:54.208 24974 24986 I art     : Starting a blocking GC Explicit
08-03 19:36:54.229 24974 24986 I art     : Explicit concurrent mark sweep GC freed 1387(80KB) AllocSpace objects, 1(20KB) LOS objects, 34% free, 30MB/46MB, paused 460us total 20.615ms
08-03 19:36:54.237 24974 24986 I art     : Starting a blocking GC Explicit
08-03 19:36:54.256 24974 24986 I art     : Explicit concurrent mark sweep GC freed 20(704B) AllocSpace objects, 0(0B) LOS objects, 34% free, 30MB/46MB, paused 441us total 18.062ms
08-03 19:36:54.263 24974 24986 I art     : Starting a blocking GC Explicit
08-03 19:36:54.282 24974 24986 I art     : Explicit concurrent mark sweep GC freed 3(96B) AllocSpace objects, 0(0B) LOS objects, 34% free, 30MB/46MB, paused 428us total 18.029ms
08-03 19:36:54.290 24974 24986 I art     : Starting a blocking GC Explicit
08-03 19:36:54.308 24974 24986 I art     : Explicit concurrent mark sweep GC freed 3(96B) AllocSpace objects, 0(0B) LOS objects, 34% free, 30MB/46MB, paused 459us total 18.306ms
08-03 19:36:54.316 24974 24986 I art     : Starting a blocking GC Explicit
08-03 19:36:54.336 24974 24986 I art     : Explicit concurrent mark sweep GC freed 3(96B) AllocSpace objects, 0(0B) LOS objects, 34% free, 30MB/46MB, paused 551us total 18.954ms
08-03 19:36:54.646 24974 27629 I art     : Starting a blocking GC Explicit
08-03 19:36:54.667 24974 27629 I art     : Explicit concurrent mark sweep GC freed 1387(80KB) AllocSpace objects, 1(20KB) LOS objects, 34% free, 30MB/46MB, paused 453us total 20.425ms
08-03 19:36:54.679 24974 27629 I art     : Starting a blocking GC Explicit
08-03 19:36:54.697 24974 27629 I art     : Explicit concurrent mark sweep GC freed 20(704B) AllocSpace objects, 0(0B) LOS objects, 34% free, 30MB/46MB, paused 463us total 18.305ms
08-03 19:36:54.705 24974 27629 I art     : Starting a blocking GC Explicit
08-03 19:36:54.723 24974 27629 I art     : Explicit concurrent mark sweep GC freed 3(96B) AllocSpace objects, 0(0B) LOS objects, 34% free, 30MB/46MB, paused 447us total 17.699ms
08-03 19:36:54.731 24974 27629 I art     : Starting a blocking GC Explicit
08-03 19:36:54.750 24974 27629 I art     : Explicit concurrent mark sweep GC freed 3(96B) AllocSpace objects, 0(0B) LOS objects, 34% free, 30MB/46MB, paused 447us total 18.224ms
08-03 19:36:54.758 24974 27629 I art     : Starting a blocking GC Explicit
08-03 19:36:54.776 24974 27629 I art     : Explicit concurrent mark sweep GC freed 3(96B) AllocSpace objects, 0(0B) LOS objects, 34% free, 30MB/46MB, paused 493us total 18.136ms
08-03 19:36:55.055 22816 22816 I ServiceManager: Waiting for service AtCmdFwd...
08-03 19:36:55.100 24974 24985 I art     : Starting a blocking GC Explicit
08-03 19:36:55.122 24974 24985 I art     : Explicit concurrent mark sweep GC freed 1387(80KB) AllocSpace objects, 1(20KB) LOS objects, 34% free, 30MB/46MB, paused 437us total 21.253ms
08-03 19:36:55.132 24974 24985 I art     : Starting a blocking GC Explicit
08-03 19:36:55.151 24974 24985 I art     : Explicit concurrent mark sweep GC freed 20(704B) AllocSpace objects, 0(0B) LOS objects, 34% free, 30MB/46MB, paused 450us total 18.078ms
08-03 19:36:55.159 24974 24985 I art     : Starting a blocking GC Explicit
08-03 19:36:55.177 24974 24985 I art     : Explicit concurrent mark sweep GC freed 3(96B) AllocSpace objects, 0(0B) LOS objects, 34% free, 30MB/46MB, paused 493us total 18.044ms
08-03 19:36:55.185 24974 24985 I art     : Starting a blocking GC Explicit
08-03 19:36:55.203 24974 24985 I art     : Explicit concurrent mark sweep GC freed 3(96B) AllocSpace objects, 0(0B) LOS objects, 34% free, 30MB/46MB, paused 435us total 18.172ms
08-03 19:36:55.211 24974 24985 I art     : Starting a blocking GC Explicit
08-03 19:36:55.230 24974 24985 I art     : Explicit concurrent mark sweep GC freed 3(96B) AllocSpace objects, 0(0B) LOS objects, 34% free, 30MB/46MB, paused 411us total 18.271ms
08-03 19:36:55.536 24974 24986 I art     : Starting a blocking GC Explicit
08-03 19:36:55.556 24974 24986 I art     : Explicit concurrent mark sweep GC freed 1387(80KB) AllocSpace objects, 1(20KB) LOS objects, 34% free, 30MB/46MB, paused 439us total 19.908ms
08-03 19:36:55.566 24974 24986 I art     : Starting a blocking GC Explicit
08-03 19:36:55.585 24974 24986 I art     : Explicit concurrent mark sweep GC freed 20(704B) AllocSpace objects, 0(0B) LOS objects, 34% free, 30MB/46MB, paused 473us total 18.300ms
08-03 19:36:55.593 24974 24986 I art     : Starting a blocking GC Explicit
08-03 19:36:55.612 24974 24986 I art     : Explicit concurrent mark sweep GC freed 3(96B) AllocSpace objects, 0(0B) LOS objects, 34% free, 30MB/46MB, paused 445us total 18.879ms
08-03 19:36:55.620 24974 24986 I art     : Starting a blocking GC Explicit
08-03 19:36:55.639 24974 24986 I art     : Explicit concurrent mark sweep GC freed 3(96B) AllocSpace objects, 0(0B) LOS objects, 34% free, 30MB/46MB, paused 437us total 18.335ms
08-03 19:36:55.647 24974 24986 I art     : Starting a blocking GC Explicit
08-03 19:36:55.666 24974 24986 I art     : Explicit concurrent mark sweep GC freed 3(96B) AllocSpace objects, 0(0B) LOS objects, 34% free, 30MB/46MB, paused 435us total 18.472ms
08-03 19:36:55.949 24974 27629 I art     : Starting a blocking GC Explicit
08-03 19:36:55.968 24974 27629 I art     : Explicit concurrent mark sweep GC freed 1387(80KB) AllocSpace objects, 1(20KB) LOS objects, 34% free, 30MB/46MB, paused 452us total 19.209ms
08-03 19:36:55.976 24974 27629 I art     : Starting a blocking GC Explicit
08-03 19:36:55.995 24974 27629 I art     : Explicit concurrent mark sweep GC freed 20(704B) AllocSpace objects, 0(0B) LOS objects, 34% free, 30MB/46MB, paused 433us total 18.794ms
08-03 19:36:56.003 24974 27629 I art     : Starting a blocking GC Explicit
08-03 19:36:56.022 24974 27629 I art     : Explicit concurrent mark sweep GC freed 3(96B) AllocSpace objects, 0(0B) LOS objects, 34% free, 30MB/46MB, paused 430us total 18.518ms
08-03 19:36:56.030 24974 27629 I art     : Starting a blocking GC Explicit
08-03 19:36:56.049 24974 27629 I art     : Explicit concurrent mark sweep GC freed 3(96B) AllocSpace objects, 0(0B) LOS objects, 34% free, 30MB/46MB, paused 446us total 18.653ms
08-03 19:36:56.056 22816 22816 I ServiceManager: Waiting for service AtCmdFwd...
08-03 19:36:56.058 24974 27629 I art     : Starting a blocking GC Explicit
08-03 19:36:56.076 24974 27629 I art     : Explicit concurrent mark sweep GC freed 3(96B) AllocSpace objects, 0(0B) LOS objects, 34% free, 30MB/46MB, paused 420us total 18.299ms
08-03 19:36:56.382 24974 24985 I art     : Starting a blocking GC Explicit
08-03 19:36:56.403 24974 24985 I art     : Explicit concurrent mark sweep GC freed 1387(80KB) AllocSpace objects, 1(20KB) LOS objects, 34% free, 30MB/46MB, paused 472us total 20.435ms
08-03 19:36:56.418 24974 24985 I art     : Starting a blocking GC Explicit
08-03 19:36:56.436 24974 24985 I art     : Explicit concurrent mark sweep GC freed 20(704B) AllocSpace objects, 0(0B) LOS objects, 34% free, 30MB/46MB, paused 430us total 17.864ms
08-03 19:36:56.444 24974 24985 I art     : Starting a blocking GC Explicit
08-03 19:36:56.462 24974 24985 I art     : Explicit concurrent mark sweep GC freed 3(96B) AllocSpace objects, 0(0B) LOS objects, 34% free, 30MB/46MB, paused 430us total 18.136ms
08-03 19:36:56.470 24974 24985 I art     : Starting a blocking GC Explicit
08-03 19:36:56.488 24974 24985 I art     : Explicit concurrent mark sweep GC freed 3(96B) AllocSpace objects, 0(0B) LOS objects, 34% free, 30MB/46MB, paused 427us total 17.455ms
08-03 19:36:56.495 24974 24985 I art     : Starting a blocking GC Explicit
08-03 19:36:56.514 24974 24985 I art     : Explicit concurrent mark sweep GC freed 3(96B) AllocSpace objects, 0(0B) LOS objects, 34% free, 30MB/46MB, paused 431us total 18.186ms
08-03 19:36:56.793 24974 24986 I art     : Starting a blocking GC Explicit
08-03 19:36:56.813 24974 24986 I art     : Explicit concurrent mark sweep GC freed 1387(80KB) AllocSpace objects, 1(20KB) LOS objects, 34% free, 30MB/46MB, paused 445us total 19.670ms
08-03 19:36:56.823 24974 24986 I art     : Starting a blocking GC Explicit
08-03 19:36:56.842 24974 24986 I art     : Explicit concurrent mark sweep GC freed 20(704B) AllocSpace objects, 0(0B) LOS objects, 34% free, 30MB/46MB, paused 445us total 18.126ms
08-03 19:36:56.850 24974 24986 I art     : Starting a blocking GC Explicit
08-03 19:36:56.868 24974 24986 I art     : Explicit concurrent mark sweep GC freed 3(96B) AllocSpace objects, 0(0B) LOS objects, 34% free, 30MB/46MB, paused 441us total 17.990ms
08-03 19:36:56.876 24974 24986 I art     : Starting a blocking GC Explicit
08-03 19:36:56.894 24974 24986 I art     : Explicit concurrent mark sweep GC freed 3(96B) AllocSpace objects, 0(0B) LOS objects, 34% free, 30MB/46MB, paused 445us total 18.055ms
08-03 19:36:56.902 24974 24986 I art     : Starting a blocking GC Explicit
08-03 19:36:56.913 27890 27890 D AndroidRuntime: >>>>>> START com.android.internal.os.RuntimeInit uid 2000 <<<<<<
08-03 19:36:56.918 27890 27890 D AndroidRuntime: CheckJNI is OFF
08-03 19:36:56.920 24974 24986 I art     : Explicit concurrent mark sweep GC freed 3(96B) AllocSpace objects, 0(0B) LOS objects, 34% free, 30MB/46MB, paused 466us total 17.981ms
08-03 19:36:56.950 27890 27890 D ICU     : No timezone override file found: /data/misc/zoneinfo/current/icu/icu_tzdata.dat
08-03 19:36:56.983 27890 27890 I Radio-JNI: register_android_hardware_Radio DONE
08-03 19:36:57.005 27890 27890 D AndroidRuntime: Calling main entry com.android.commands.input.Input
08-03 19:36:57.007 27890 27890 I Input   : injectMotionEvent: MotionEvent { action=ACTION_DOWN, actionButton=0, id[0]=0, x[0]=436.0, y[0]=453.0, toolType[0]=TOOL_TYPE_UNKNOWN, buttonState=0, metaState=0, flags=0x0, edgeFlags=0x0, pointerCount=1, historySize=0, eventTime=646633420, downTime=646633420, deviceId=0, source=0x1002 }
08-03 19:36:57.012 27890 27890 I Input   : injectMotionEvent: MotionEvent { action=ACTION_UP, actionButton=0, id[0]=0, x[0]=436.0, y[0]=453.0, toolType[0]=TOOL_TYPE_UNKNOWN, buttonState=0, metaState=0, flags=0x0, edgeFlags=0x0, pointerCount=1, historySize=0, eventTime=646633420, downTime=646633420, deviceId=0, source=0x1002 }
08-03 19:36:57.015 27890 27890 D AndroidRuntime: Shutting down VM
08-03 19:36:57.030   512  2967 D audio_hw_primary: out_set_parameters: enter: usecase(1: low-latency-playback) kvpairs: routing=2
08-03 19:36:57.031   918  4413 I ActivityManager: START u0 {cmp=baseline.com.newsblur/.activity.GlobalSharedStoriesReading (has extras)} from uid 10625 on display 0
08-03 19:36:57.044   512  2967 D audio_hw_primary: select_devices: out_snd_device(2: speaker) in_snd_device(0: none)
08-03 19:36:57.045   512  2967 D msm8974_platform: platform_send_audio_calibration: sending audio calibration for snd_device(2) acdb_id(15)
08-03 19:36:57.045   512  2967 I soundtrigger: audio_extn_sound_trigger_update_device_status: device 0x2 of type 0 for Event 1
08-03 19:36:57.056 22816 22816 W Atfwd_Sendcmd: AtCmdFwd service not published, waiting... retryCnt : 1
08-03 19:36:57.057   512  2967 D audio_hw_primary: enable_snd_device: snd_device(2: speaker)
08-03 19:36:57.059   512  2967 D audio_hw_primary: enable_audio_route: apply and update mixer path: low-latency-playback speaker
08-03 19:36:57.169 24974 24985 I art     : Starting a blocking GC Explicit
08-03 19:36:57.190 24974 24985 I art     : Explicit concurrent mark sweep GC freed 3131(290KB) AllocSpace objects, 6(548KB) LOS objects, 33% free, 32MB/48MB, paused 435us total 20.796ms
08-03 19:36:57.199 24974 24985 I art     : Starting a blocking GC Explicit
08-03 19:36:57.220 24974 24985 I art     : Explicit concurrent mark sweep GC freed 680(56KB) AllocSpace objects, 1(20KB) LOS objects, 32% free, 33MB/49MB, paused 1.093ms total 21.375ms
08-03 19:36:57.231 24974 24985 I art     : Starting a blocking GC Explicit
08-03 19:36:57.250 24974 24985 I art     : Explicit concurrent mark sweep GC freed 190(14KB) AllocSpace objects, 0(0B) LOS objects, 32% free, 33MB/49MB, paused 448us total 18.325ms
08-03 19:36:57.258 24974 24985 I art     : Starting a blocking GC Explicit
08-03 19:36:57.260   918   936 I ActivityManager: Displayed baseline.com.newsblur/.activity.GlobalSharedStoriesReading: +221ms
08-03 19:36:57.262 13866 13866 I GoogleInputMethodServic: GoogleInputMethodService.onFinishInput():3138 
08-03 19:36:57.263 13866 13866 I GoogleInputMethodServic: GoogleInputMethodService.onStartInput():1808 
08-03 19:36:57.276 24974 24985 I art     : Explicit concurrent mark sweep GC freed 318(46KB) AllocSpace objects, 0(0B) LOS objects, 32% free, 33MB/49MB, paused 736us total 18.402ms
08-03 19:36:57.277 24974 24974 I WebViewFactory: Loading com.google.android.webview version 84.0.4147.89 (code 414708953)
08-03 19:36:57.284 24974 24985 I art     : Starting a blocking GC Explicit
08-03 19:36:57.306 24974 24985 I art     : Explicit concurrent mark sweep GC freed 66(34KB) AllocSpace objects, 0(0B) LOS objects, 32% free, 33MB/49MB, paused 739us total 19.804ms
08-03 19:36:57.348 24974 24974 I cr_LibraryLoader: Loaded native library version number "84.0.4147.89"
08-03 19:36:57.348 24974 24974 I cr_CachingUmaRecorder: Flushed 5 samples from 5 histograms.
08-03 19:36:57.378 24974 24974 E chromium: [ERROR:filesystem_posix.cc(62)] mkdir /data/user/0/baseline.com.newsblur/cache/WebView/Crashpad: No such file or directory (2)
08-03 19:36:57.519   918  3696 D ConnectivityService: listenForNetwork for Listen from uid/pid:10625/24974 for NetworkRequest [ id=2316, legacyType=-1, [ Capabilities: INTERNET&NOT_RESTRICTED&TRUSTED] ]
08-03 19:36:57.589 24974 27925 I art     : Starting a blocking GC Explicit
08-03 19:36:57.600   512  2967 D audio_hw_primary: disable_audio_route: reset and update mixer path: low-latency-playback speaker
08-03 19:36:57.601   512  2967 D audio_hw_primary: disable_snd_device: snd_device(2: speaker)
08-03 19:36:57.610   512  2967 I soundtrigger: audio_extn_sound_trigger_update_device_status: device 0x2 of type 0 for Event 0
08-03 19:36:57.617 24974 27925 I art     : Explicit concurrent mark sweep GC freed 10688(947KB) AllocSpace objects, 6(120KB) LOS objects, 30% free, 36MB/52MB, paused 1.199ms total 27.782ms
08-03 19:36:57.626 24974 27925 I art     : Starting a blocking GC Explicit
08-03 19:36:57.643 24974 27942 W cr_media: Requires BLUETOOTH permission
08-03 19:36:57.656 24974 27925 W art     : Suspending all threads took: 6.160ms
08-03 19:36:57.658 24974 27965 E libEGL  : validate_display:255 error 3008 (EGL_BAD_DISPLAY)
08-03 19:36:57.661 24974 27925 I art     : Explicit concurrent mark sweep GC freed 6677(348KB) AllocSpace objects, 7(168KB) LOS objects, 30% free, 36MB/52MB, paused 8.075ms total 35.526ms
08-03 19:36:57.678 24974 27925 I art     : Starting a blocking GC Explicit
08-03 19:36:57.714 24974 27925 I art     : Explicit concurrent mark sweep GC freed 8980(374KB) AllocSpace objects, 3(76KB) LOS objects, 30% free, 36MB/52MB, paused 1.108ms total 35.190ms
08-03 19:36:57.728 24974 27925 I art     : Starting a blocking GC Explicit
08-03 19:36:57.752 24974 27925 I art     : Explicit concurrent mark sweep GC freed 1403(139KB) AllocSpace objects, 0(0B) LOS objects, 30% free, 36MB/52MB, paused 1.264ms total 24.027ms
08-03 19:36:57.763 24974 27925 I art     : Starting a blocking GC Explicit
08-03 19:36:57.793 24974 27925 I art     : Explicit concurrent mark sweep GC freed 2444(205KB) AllocSpace objects, 6(120KB) LOS objects, 30% free, 36MB/52MB, paused 1.732ms total 29.981ms
08-03 19:36:58.077 24974 24985 I art     : Starting a blocking GC Explicit
08-03 19:36:58.103 24974 24985 I art     : Explicit concurrent mark sweep GC freed 6461(371KB) AllocSpace objects, 4(96KB) LOS objects, 30% free, 36MB/52MB, paused 810us total 25.298ms
08-03 19:36:58.111 24974 24985 I art     : Starting a blocking GC Explicit
08-03 19:36:58.136 24974 24985 I art     : Explicit concurrent mark sweep GC freed 999(71KB) AllocSpace objects, 0(0B) LOS objects, 30% free, 36MB/52MB, paused 866us total 24.306ms
08-03 19:36:58.146 24974 24985 I art     : Starting a blocking GC Explicit
08-03 19:36:58.174 24974 24985 I art     : Explicit concurrent mark sweep GC freed 1947(77KB) AllocSpace objects, 2(120KB) LOS objects, 30% free, 36MB/52MB, paused 913us total 26.952ms
08-03 19:36:58.183 24974 24985 I art     : Starting a blocking GC Explicit
08-03 19:36:58.206 24974 27978 E baseline.com.newsblur.network.APIResponse: Error (unexpected end of stream on https://www.newsblur.com/...) calling https://www.newsblur.com/reader/mark_story_hashes_as_read/
08-03 19:36:58.206 24974 27978 E baseline.com.newsblur.network.APIResponse: java.io.IOException: unexpected end of stream on https://www.newsblur.com/...
08-03 19:36:58.206 24974 27978 E baseline.com.newsblur.network.APIResponse: 	at okhttp3.internal.http1.Http1ExchangeCodec.readResponseHeaders(Http1ExchangeCodec.java:236)
08-03 19:36:58.206 24974 27978 E baseline.com.newsblur.network.APIResponse: 	at okhttp3.internal.connection.Exchange.readResponseHeaders(Exchange.java:115)
08-03 19:36:58.206 24974 27978 E baseline.com.newsblur.network.APIResponse: 	at okhttp3.internal.http.CallServerInterceptor.intercept(CallServerInterceptor.java:94)
08-03 19:36:58.206 24974 27978 E baseline.com.newsblur.network.APIResponse: 	at okhttp3.internal.http.RealInterceptorChain.proceed(RealInterceptorChain.java:142)
08-03 19:36:58.206 24974 27978 E baseline.com.newsblur.network.APIResponse: 	at okhttp3.internal.connection.ConnectInterceptor.intercept(ConnectInterceptor.java:43)
08-03 19:36:58.206 24974 27978 E baseline.com.newsblur.network.APIResponse: 	at okhttp3.internal.http.RealInterceptorChain.proceed(RealInterceptorChain.java:142)
08-03 19:36:58.206 24974 27978 E baseline.com.newsblur.network.APIResponse: 	at okhttp3.internal.http.RealInterceptorChain.proceed(RealInterceptorChain.java:117)
08-03 19:36:58.206 24974 27978 E baseline.com.newsblur.network.APIResponse: 	at okhttp3.internal.cache.CacheInterceptor.intercept(CacheInterceptor.java:94)
08-03 19:36:58.206 24974 27978 E baseline.com.newsblur.network.APIResponse: 	at okhttp3.internal.http.RealInterceptorChain.proceed(RealInterceptorChain.java:142)
08-03 19:36:58.206 24974 27978 E baseline.com.newsblur.network.APIResponse: 	at okhttp3.internal.http.RealInterceptorChain.proceed(RealInterceptorChain.java:117)
08-03 19:36:58.206 24974 27978 E baseline.com.newsblur.network.APIResponse: 	at okhttp3.internal.http.BridgeInterceptor.intercept(BridgeInterceptor.java:93)
08-03 19:36:58.206 24974 27978 E baseline.com.newsblur.network.APIResponse: 	at okhttp3.internal.http.RealInterceptorChain.proceed(RealInterceptorChain.java:142)
08-03 19:36:58.206 24974 27978 E baseline.com.newsblur.network.APIResponse: 	at okhttp3.internal.http.RetryAndFollowUpInterceptor.intercept(RetryAndFollowUpInterceptor.java:88)
08-03 19:36:58.206 24974 27978 E baseline.com.newsblur.network.APIResponse: 	at okhttp3.internal.http.RealInterceptorChain.proceed(RealInterceptorChain.java:142)
08-03 19:36:58.206 24974 27978 E baseline.com.newsblur.network.APIResponse: 	at okhttp3.internal.http.RealInterceptorChain.proceed(RealInterceptorChain.java:117)
08-03 19:36:58.206 24974 27978 E baseline.com.newsblur.network.APIResponse: 	at okhttp3.RealCall.getResponseWithInterceptorChain(RealCall.java:229)
08-03 19:36:58.206 24974 27978 E baseline.com.newsblur.network.APIResponse: 	at okhttp3.RealCall.execute(RealCall.java:81)
08-03 19:36:58.206 24974 27978 E baseline.com.newsblur.network.APIResponse: 	at baseline.com.newsblur.network.APIResponse.<init>(APIResponse.java:57)
08-03 19:36:58.206 24974 27978 E baseline.com.newsblur.network.APIResponse: 	at baseline.com.newsblur.network.APIResponse.<init>(APIResponse.java:43)
08-03 19:36:58.206 24974 27978 E baseline.com.newsblur.network.APIResponse: 	at baseline.com.newsblur.network.APIManager.post_single(APIManager.java:702)
08-03 19:36:58.206 24974 27978 E baseline.com.newsblur.network.APIResponse: 	at baseline.com.newsblur.network.APIManager.post(APIManager.java:675)
08-03 19:36:58.206 24974 27978 E baseline.com.newsblur.network.APIResponse: 	at baseline.com.newsblur.network.APIManager.post(APIManager.java:714)
08-03 19:36:58.206 24974 27978 E baseline.com.newsblur.network.APIResponse: 	at baseline.com.newsblur.network.APIManager.markStoryAsRead(APIManager.java:205)
08-03 19:36:58.206 24974 27978 E baseline.com.newsblur.network.APIResponse: 	at baseline.com.newsblur.util.ReadingAction.doRemote(ReadingAction.java:281)
08-03 19:36:58.206 24974 27978 E baseline.com.newsblur.network.APIResponse: 	at baseline.com.newsblur.service.NBSyncService.syncActions(NBSyncService.java:400)
08-03 19:36:58.206 24974 27978 E baseline.com.newsblur.network.APIResponse: 	at baseline.com.newsblur.service.NBSyncService.doSync(NBSyncService.java:298)
08-03 19:36:58.206 24974 27978 E baseline.com.newsblur.network.APIResponse: 	at baseline.com.newsblur.service.NBSyncService.access$100(NBSyncService.java:67)
08-03 19:36:58.206 24974 27978 E baseline.com.newsblur.network.APIResponse: 	at baseline.com.newsblur.service.NBSyncService$1.run(NBSyncService.java:188)
08-03 19:36:58.206 24974 27978 E baseline.com.newsblur.network.APIResponse: 	at java.util.concurrent.ThreadPoolExecutor.runWorker(ThreadPoolExecutor.java:1113)
08-03 19:36:58.206 24974 27978 E baseline.com.newsblur.network.APIResponse: 	at java.util.concurrent.ThreadPoolExecutor$Worker.run(ThreadPoolExecutor.java:588)
08-03 19:36:58.206 24974 27978 E baseline.com.newsblur.network.APIResponse: 	at java.lang.Thread.run(Thread.java:818)
08-03 19:36:58.206 24974 27978 E baseline.com.newsblur.network.APIResponse: Caused by: java.io.EOFException: \n not found: limit=0 content=
08-03 19:36:58.206 24974 27978 E baseline.com.newsblur.network.APIResponse: 	at okio.RealBufferedSource.readUtf8LineStrict(RealBufferedSource.java:240)
08-03 19:36:58.206 24974 27978 E baseline.com.newsblur.network.APIResponse: 	at okhttp3.internal.http1.Http1ExchangeCodec.readHeaderLine(Http1ExchangeCodec.java:242)
08-03 19:36:58.206 24974 27978 E baseline.com.newsblur.network.APIResponse: 	at okhttp3.internal.http1.Http1ExchangeCodec.readResponseHeaders(Http1ExchangeCodec.java:213)
08-03 19:36:58.206 24974 27978 E baseline.com.newsblur.network.APIResponse: 	... 30 more
08-03 19:36:58.208 24974 27978 I baseline.com.newsblur.network.APIManager: API call failed, pausing before retry number 1
08-03 19:36:58.209 24974 24985 I art     : Explicit concurrent mark sweep GC freed 1243(197KB) AllocSpace objects, 1(80KB) LOS objects, 30% free, 36MB/52MB, paused 1.064ms total 25.450ms
08-03 19:36:58.218 24974 24985 I art     : Starting a blocking GC Explicit
08-03 19:36:58.244 24974 24985 I art     : Explicit concurrent mark sweep GC freed 503(127KB) AllocSpace objects, 2(40KB) LOS objects, 30% free, 36MB/52MB, paused 809us total 25.692ms
08-03 19:36:58.549 24974 24985 I art     : Starting a blocking GC Explicit
08-03 19:36:58.580 24974 24985 I art     : Explicit concurrent mark sweep GC freed 1483(84KB) AllocSpace objects, 1(20KB) LOS objects, 30% free, 36MB/52MB, paused 880us total 30.633ms
08-03 19:36:58.589 24974 24985 I art     : Starting a blocking GC Explicit
08-03 19:36:58.617 24974 24985 I art     : Explicit concurrent mark sweep GC freed 22(784B) AllocSpace objects, 0(0B) LOS objects, 30% free, 36MB/52MB, paused 914us total 27.635ms
08-03 19:36:58.626 24974 24985 I art     : Starting a blocking GC Explicit
08-03 19:36:58.653 24974 24985 I art     : Explicit concurrent mark sweep GC freed 3(96B) AllocSpace objects, 0(0B) LOS objects, 30% free, 36MB/52MB, paused 756us total 26.624ms
08-03 19:36:58.662 24974 24985 I art     : Starting a blocking GC Explicit
08-03 19:36:58.689 24974 24985 I art     : Explicit concurrent mark sweep GC freed 3(96B) AllocSpace objects, 0(0B) LOS objects, 30% free, 36MB/52MB, paused 764us total 26.476ms
08-03 19:36:58.698 24974 24985 I art     : Starting a blocking GC Explicit
08-03 19:36:58.725 24974 24985 I art     : Explicit concurrent mark sweep GC freed 3(96B) AllocSpace objects, 0(0B) LOS objects, 30% free, 36MB/52MB, paused 830us total 26.239ms
08-03 19:36:59.058 24974 24985 I art     : Starting a blocking GC Explicit
08-03 19:36:59.093 24974 24985 I art     : Explicit concurrent mark sweep GC freed 1498(84KB) AllocSpace objects, 1(20KB) LOS objects, 30% free, 36MB/52MB, paused 848us total 35.180ms
08-03 19:36:59.105 24974 24985 I art     : Starting a blocking GC Explicit
08-03 19:36:59.131 24974 24985 I art     : Explicit concurrent mark sweep GC freed 22(784B) AllocSpace objects, 0(0B) LOS objects, 30% free, 36MB/52MB, paused 1.041ms total 26.162ms
08-03 19:36:59.140 24974 24985 I art     : Starting a blocking GC Explicit
08-03 19:36:59.168 24974 24985 I art     : Explicit concurrent mark sweep GC freed 3(96B) AllocSpace objects, 0(0B) LOS objects, 30% free, 36MB/52MB, paused 813us total 26.992ms
08-03 19:36:59.176 24974 24985 I art     : Starting a blocking GC Explicit
08-03 19:36:59.189   918 13198 D NetlinkSocketObserver: NeighborEvent{elapsedMs=1630023064, 192.168.2.254, [7C3953A63323], RTM_NEWNEIGH, NUD_STALE}
08-03 19:36:59.205 24974 24985 I art     : Explicit concurrent mark sweep GC freed 3(96B) AllocSpace objects, 0(0B) LOS objects, 30% free, 36MB/52MB, paused 777us total 28.320ms
08-03 19:36:59.216 24974 24985 I art     : Starting a blocking GC Explicit
08-03 19:36:59.248 24974 24985 I art     : Explicit concurrent mark sweep GC freed 3(96B) AllocSpace objects, 0(0B) LOS objects, 30% free, 36MB/52MB, paused 1.175ms total 31.119ms
08-03 19:36:59.597 24974 27925 I art     : Starting a blocking GC Explicit
08-03 19:36:59.629 24974 27925 I art     : Explicit concurrent mark sweep GC freed 1438(83KB) AllocSpace objects, 1(20KB) LOS objects, 30% free, 36MB/52MB, paused 916us total 31.932ms
08-03 19:36:59.641 24974 27925 I art     : Starting a blocking GC Explicit
08-03 19:36:59.673 24974 27925 I art     : Explicit concurrent mark sweep GC freed 22(784B) AllocSpace objects, 0(0B) LOS objects, 30% free, 36MB/52MB, paused 811us total 31.810ms
08-03 19:36:59.685 24974 27925 I art     : Starting a blocking GC Explicit
08-03 19:36:59.718 24974 27925 I art     : Explicit concurrent mark sweep GC freed 94(3KB) AllocSpace objects, 0(0B) LOS objects, 30% free, 36MB/52MB, paused 1.591ms total 32.779ms
08-03 19:36:59.728 24974 27925 I art     : Starting a blocking GC Explicit
08-03 19:36:59.758 24974 27925 I art     : Explicit concurrent mark sweep GC freed 9(352B) AllocSpace objects, 0(0B) LOS objects, 30% free, 36MB/52MB, paused 815us total 30.200ms
08-03 19:36:59.769 24974 27925 I art     : Starting a blocking GC Explicit
08-03 19:36:59.795 24974 27925 I art     : Explicit concurrent mark sweep GC freed 3(96B) AllocSpace objects, 0(0B) LOS objects, 30% free, 36MB/52MB, paused 868us total 25.926ms
08-03 19:36:59.963   518   646 I ThermalEngine: ACTION: GPU - Setting GPU[0] to 450000000
08-03 19:37:00.147 24974 24986 I art     : Starting a blocking GC Explicit
08-03 19:37:00.187 24974 24986 I art     : Explicit concurrent mark sweep GC freed 1510(88KB) AllocSpace objects, 1(20KB) LOS objects, 30% free, 36MB/52MB, paused 1.310ms total 39.748ms
08-03 19:37:00.201 24974 24986 I art     : Starting a blocking GC Explicit
08-03 19:37:00.240 24974 24986 I art     : Explicit concurrent mark sweep GC freed 272(12KB) AllocSpace objects, 0(0B) LOS objects, 30% free, 36MB/52MB, paused 1.315ms total 38.894ms
08-03 19:37:00.253 24974 24986 I art     : Starting a blocking GC Explicit
08-03 19:37:00.289 24974 24986 I art     : Explicit concurrent mark sweep GC freed 1445(54KB) AllocSpace objects, 0(0B) LOS objects, 30% free, 36MB/52MB, paused 1.083ms total 35.801ms
08-03 19:37:00.301 24974 27978 E baseline.com.newsblur.network.APIResponse: Error (unexpected end of stream on https://www.newsblur.com/...) calling https://www.newsblur.com/reader/mark_story_hashes_as_read/
08-03 19:37:00.301 24974 27978 E baseline.com.newsblur.network.APIResponse: java.io.IOException: unexpected end of stream on https://www.newsblur.com/...
08-03 19:37:00.301 24974 27978 E baseline.com.newsblur.network.APIResponse: 	at okhttp3.internal.http1.Http1ExchangeCodec.readResponseHeaders(Http1ExchangeCodec.java:236)
08-03 19:37:00.301 24974 27978 E baseline.com.newsblur.network.APIResponse: 	at okhttp3.internal.connection.Exchange.readResponseHeaders(Exchange.java:115)
08-03 19:37:00.301 24974 27978 E baseline.com.newsblur.network.APIResponse: 	at okhttp3.internal.http.CallServerInterceptor.intercept(CallServerInterceptor.java:94)
08-03 19:37:00.301 24974 27978 E baseline.com.newsblur.network.APIResponse: 	at okhttp3.internal.http.RealInterceptorChain.proceed(RealInterceptorChain.java:142)
08-03 19:37:00.301 24974 27978 E baseline.com.newsblur.network.APIResponse: 	at okhttp3.internal.connection.ConnectInterceptor.intercept(ConnectInterceptor.java:43)
08-03 19:37:00.301 24974 27978 E baseline.com.newsblur.network.APIResponse: 	at okhttp3.internal.http.RealInterceptorChain.proceed(RealInterceptorChain.java:142)
08-03 19:37:00.301 24974 27978 E baseline.com.newsblur.network.APIResponse: 	at okhttp3.internal.http.RealInterceptorChain.proceed(RealInterceptorChain.java:117)
08-03 19:37:00.301 24974 27978 E baseline.com.newsblur.network.APIResponse: 	at okhttp3.internal.cache.CacheInterceptor.intercept(CacheInterceptor.java:94)
08-03 19:37:00.301 24974 27978 E baseline.com.newsblur.network.APIResponse: 	at okhttp3.internal.http.RealInterceptorChain.proceed(RealInterceptorChain.java:142)
08-03 19:37:00.301 24974 27978 E baseline.com.newsblur.network.APIResponse: 	at okhttp3.internal.http.RealInterceptorChain.proceed(RealInterceptorChain.java:117)
08-03 19:37:00.301 24974 27978 E baseline.com.newsblur.network.APIResponse: 	at okhttp3.internal.http.BridgeInterceptor.intercept(BridgeInterceptor.java:93)
08-03 19:37:00.301 24974 27978 E baseline.com.newsblur.network.APIResponse: 	at okhttp3.internal.http.RealInterceptorChain.proceed(RealInterceptorChain.java:142)
08-03 19:37:00.301 24974 27978 E baseline.com.newsblur.network.APIResponse: 	at okhttp3.internal.http.RetryAndFollowUpInterceptor.intercept(RetryAndFollowUpInterceptor.java:88)
08-03 19:37:00.301 24974 27978 E baseline.com.newsblur.network.APIResponse: 	at okhttp3.internal.http.RealInterceptorChain.proceed(RealInterceptorChain.java:142)
08-03 19:37:00.301 24974 27978 E baseline.com.newsblur.network.APIResponse: 	at okhttp3.internal.http.RealInterceptorChain.proceed(RealInterceptorChain.java:117)
08-03 19:37:00.301 24974 27978 E baseline.com.newsblur.network.APIResponse: 	at okhttp3.RealCall.getResponseWithInterceptorChain(RealCall.java:229)
08-03 19:37:00.301 24974 27978 E baseline.com.newsblur.network.APIResponse: 	at okhttp3.RealCall.execute(RealCall.java:81)
08-03 19:37:00.301 24974 27978 E baseline.com.newsblur.network.APIResponse: 	at baseline.com.newsblur.network.APIResponse.<init>(APIResponse.java:57)
08-03 19:37:00.301 24974 27978 E baseline.com.newsblur.network.APIResponse: 	at baseline.com.newsblur.network.APIResponse.<init>(APIResponse.java:43)
08-03 19:37:00.301 24974 27978 E baseline.com.newsblur.network.APIResponse: 	at baseline.com.newsblur.network.APIManager.post_single(APIManager.java:702)
08-03 19:37:00.301 24974 27978 E baseline.com.newsblur.network.APIResponse: 	at baseline.com.newsblur.network.APIManager.post(APIManager.java:675)
08-03 19:37:00.301 24974 27978 E baseline.com.newsblur.network.APIResponse: 	at baseline.com.newsblur.network.APIManager.post(APIManager.java:714)
08-03 19:37:00.301 24974 27978 E baseline.com.newsblur.network.APIResponse: 	at baseline.com.newsblur.network.APIManager.markStoryAsRead(APIManager.java:205)
08-03 19:37:00.301 24974 27978 E baseline.com.newsblur.network.APIResponse: 	at baseline.com.newsblur.util.ReadingAction.doRemote(ReadingAction.java:281)
08-03 19:37:00.301 24974 27978 E baseline.com.newsblur.network.APIResponse: 	at baseline.com.newsblur.service.NBSyncService.syncActions(NBSyncService.java:400)
08-03 19:37:00.301 24974 27978 E baseline.com.newsblur.network.APIResponse: 	at baseline.com.newsblur.service.NBSyncService.doSync(NBSyncService.java:298)
08-03 19:37:00.301 24974 27978 E baseline.com.newsblur.network.APIResponse: 	at baseline.com.newsblur.service.NBSyncService.access$100(NBSyncService.java:67)
08-03 19:37:00.301 24974 27978 E baseline.com.newsblur.network.APIResponse: 	at baseline.com.newsblur.service.NBSyncService$1.run(NBSyncService.java:188)
08-03 19:37:00.301 24974 27978 E baseline.com.newsblur.network.APIResponse: 	at java.util.concurrent.ThreadPoolExecutor.runWorker(ThreadPoolExecutor.java:1113)
08-03 19:37:00.301 24974 27978 E baseline.com.newsblur.network.APIResponse: 	at java.util.concurrent.ThreadPoolExecutor$Worker.run(ThreadPoolExecutor.java:588)
08-03 19:37:00.301 24974 27978 E baseline.com.newsblur.network.APIResponse: 	at java.lang.Thread.run(Thread.java:818)
08-03 19:37:00.301 24974 27978 E baseline.com.newsblur.network.APIResponse: Caused by: java.io.EOFException: \n not found: limit=0 content=
08-03 19:37:00.301 24974 27978 E baseline.com.newsblur.network.APIResponse: 	at okio.RealBufferedSource.readUtf8LineStrict(RealBufferedSource.java:240)
08-03 19:37:00.301 24974 27978 E baseline.com.newsblur.network.APIResponse: 	at okhttp3.internal.http1.Http1ExchangeCodec.readHeaderLine(Http1ExchangeCodec.java:242)
08-03 19:37:00.301 24974 27978 E baseline.com.newsblur.network.APIResponse: 	at okhttp3.internal.http1.Http1ExchangeCodec.readResponseHeaders(Http1ExchangeCodec.java:213)
08-03 19:37:00.301 24974 27978 E baseline.com.newsblur.network.APIResponse: 	... 30 more
08-03 19:37:00.301 24974 24986 I art     : Starting a blocking GC Explicit
08-03 19:37:00.304 24974 27978 I baseline.com.newsblur.network.APIManager: API call failed, pausing before retry number 2
08-03 19:37:00.335 24974 24986 I art     : Explicit concurrent mark sweep GC freed 573(185KB) AllocSpace objects, 2(40KB) LOS objects, 30% free, 36MB/52MB, paused 1.200ms total 33.487ms
08-03 19:37:00.346 24974 24986 I art     : Starting a blocking GC Explicit
08-03 19:37:00.384 24974 24986 I art     : Explicit concurrent mark sweep GC freed 335(26KB) AllocSpace objects, 0(0B) LOS objects, 30% free, 36MB/52MB, paused 1.358ms total 36.942ms
08-03 19:37:00.742 24974 27629 I art     : Starting a blocking GC Explicit
08-03 19:37:00.781 24974 27629 I art     : Explicit concurrent mark sweep GC freed 1436(82KB) AllocSpace objects, 1(20KB) LOS objects, 30% free, 36MB/52MB, paused 1.160ms total 38.205ms
08-03 19:37:00.795 24974 27629 I art     : Starting a blocking GC Explicit
08-03 19:37:00.833 24974 27629 I art     : Explicit concurrent mark sweep GC freed 22(784B) AllocSpace objects, 0(0B) LOS objects, 30% free, 36MB/52MB, paused 1.544ms total 37.843ms
08-03 19:37:00.847 24974 27629 I art     : Starting a blocking GC Explicit
08-03 19:37:00.880 24974 27629 I art     : Explicit concurrent mark sweep GC freed 3(96B) AllocSpace objects, 0(0B) LOS objects, 30% free, 36MB/52MB, paused 1.073ms total 32.357ms
08-03 19:37:00.891 24974 27629 I art     : Starting a blocking GC Explicit
08-03 19:37:00.925 24974 27629 I art     : Explicit concurrent mark sweep GC freed 3(96B) AllocSpace objects, 0(0B) LOS objects, 30% free, 36MB/52MB, paused 1.075ms total 33.111ms
08-03 19:37:00.937 24974 27629 I art     : Starting a blocking GC Explicit
08-03 19:37:00.974 24974 27629 I art     : Explicit concurrent mark sweep GC freed 3(96B) AllocSpace objects, 0(0B) LOS objects, 30% free, 36MB/52MB, paused 1.074ms total 36.999ms
08-03 19:37:01.326 24974 27629 I art     : Starting a blocking GC Explicit
08-03 19:37:01.365 24974 27629 I art     : Explicit concurrent mark sweep GC freed 1437(82KB) AllocSpace objects, 1(20KB) LOS objects, 30% free, 36MB/52MB, paused 1.127ms total 38.347ms
08-03 19:37:01.379 24974 27629 I art     : Starting a blocking GC Explicit
08-03 19:37:01.421 24974 27629 I art     : Explicit concurrent mark sweep GC freed 22(784B) AllocSpace objects, 0(0B) LOS objects, 30% free, 36MB/52MB, paused 1.306ms total 41.438ms
08-03 19:37:01.435 24974 27629 I art     : Starting a blocking GC Explicit
08-03 19:37:01.474 24974 27629 I art     : Explicit concurrent mark sweep GC freed 3(96B) AllocSpace objects, 0(0B) LOS objects, 30% free, 36MB/52MB, paused 1.049ms total 38.812ms
08-03 19:37:01.488 24974 27629 I art     : Starting a blocking GC Explicit
08-03 19:37:01.525 24974 27629 I art     : Explicit concurrent mark sweep GC freed 3(96B) AllocSpace objects, 0(0B) LOS objects, 30% free, 36MB/52MB, paused 1.087ms total 36.576ms
08-03 19:37:01.539 24974 27629 I art     : Starting a blocking GC Explicit
08-03 19:37:01.576 24974 27629 I art     : Explicit concurrent mark sweep GC freed 3(96B) AllocSpace objects, 0(0B) LOS objects, 30% free, 36MB/52MB, paused 1.126ms total 37.033ms
08-03 19:37:01.940 24974 27925 I art     : Starting a blocking GC Explicit
08-03 19:37:01.978 24974 27925 I art     : Explicit concurrent mark sweep GC freed 1436(82KB) AllocSpace objects, 1(20KB) LOS objects, 30% free, 36MB/52MB, paused 1.266ms total 37.438ms
08-03 19:37:01.991 24974 27925 I art     : Starting a blocking GC Explicit
08-03 19:37:02.028 24974 27925 I art     : Explicit concurrent mark sweep GC freed 22(784B) AllocSpace objects, 0(0B) LOS objects, 30% free, 36MB/52MB, paused 1.176ms total 36.359ms
08-03 19:37:02.042 24974 27925 I art     : Starting a blocking GC Explicit
08-03 19:37:02.057 22816 22816 I ServiceManager: Waiting for service AtCmdFwd...
08-03 19:37:02.079 24974 27925 I art     : Explicit concurrent mark sweep GC freed 3(96B) AllocSpace objects, 0(0B) LOS objects, 30% free, 36MB/52MB, paused 1.154ms total 36.346ms
08-03 19:37:02.092 24974 27925 I art     : Starting a blocking GC Explicit
08-03 19:37:02.129 24974 27925 I art     : Explicit concurrent mark sweep GC freed 3(96B) AllocSpace objects, 0(0B) LOS objects, 30% free, 36MB/52MB, paused 1.164ms total 36.372ms
08-03 19:37:02.143 24974 27925 I art     : Starting a blocking GC Explicit
08-03 19:37:02.180 24974 27925 I art     : Explicit concurrent mark sweep GC freed 3(96B) AllocSpace objects, 0(0B) LOS objects, 30% free, 36MB/52MB, paused 1.158ms total 36.424ms
08-03 19:37:02.524 24974 27629 I art     : Starting a blocking GC Explicit
08-03 19:37:02.562 24974 27629 I art     : Explicit concurrent mark sweep GC freed 1435(82KB) AllocSpace objects, 1(20KB) LOS objects, 30% free, 36MB/52MB, paused 1.133ms total 37.876ms
08-03 19:37:02.576 24974 27629 I art     : Starting a blocking GC Explicit
08-03 19:37:02.613 24974 27629 I art     : Explicit concurrent mark sweep GC freed 22(784B) AllocSpace objects, 0(0B) LOS objects, 30% free, 36MB/52MB, paused 1.096ms total 36.199ms
08-03 19:37:02.627 24974 27629 I art     : Starting a blocking GC Explicit
08-03 19:37:02.663 24974 27629 I art     : Explicit concurrent mark sweep GC freed 3(96B) AllocSpace objects, 0(0B) LOS objects, 30% free, 36MB/52MB, paused 1.126ms total 36.105ms
08-03 19:37:02.677 24974 27629 I art     : Starting a blocking GC Explicit
08-03 19:37:02.713 24974 27629 I art     : Explicit concurrent mark sweep GC freed 3(96B) AllocSpace objects, 0(0B) LOS objects, 30% free, 36MB/52MB, paused 1.118ms total 36.234ms
08-03 19:37:02.727 24974 27629 I art     : Starting a blocking GC Explicit
08-03 19:37:02.764 24974 27629 I art     : Explicit concurrent mark sweep GC freed 3(96B) AllocSpace objects, 0(0B) LOS objects, 30% free, 36MB/52MB, paused 1.146ms total 35.941ms
08-03 19:37:02.972   518   646 I ThermalEngine: ACTION: GPU - Setting GPU[0] to 390000000
08-03 19:37:03.058 22816 22816 I ServiceManager: Waiting for service AtCmdFwd...
08-03 19:37:03.159 24974 27925 I art     : Starting a blocking GC Explicit
08-03 19:37:03.212 24974 27925 I art     : Explicit concurrent mark sweep GC freed 1435(82KB) AllocSpace objects, 1(20KB) LOS objects, 30% free, 36MB/52MB, paused 2.338ms total 51.673ms
08-03 19:37:03.233 24974 27925 I art     : Starting a blocking GC Explicit
08-03 19:37:03.285 24974 27925 I art     : Explicit concurrent mark sweep GC freed 22(784B) AllocSpace objects, 0(0B) LOS objects, 30% free, 36MB/52MB, paused 2.605ms total 51.872ms
08-03 19:37:03.307 24974 27925 I art     : Starting a blocking GC Explicit
08-03 19:37:03.357 24974 27925 I art     : Explicit concurrent mark sweep GC freed 90(3KB) AllocSpace objects, 0(0B) LOS objects, 30% free, 36MB/52MB, paused 1.945ms total 50.065ms
08-03 19:37:03.378 24974 27925 I art     : Starting a blocking GC Explicit
08-03 19:37:03.430 24974 27925 I art     : Explicit concurrent mark sweep GC freed 25(1088B) AllocSpace objects, 0(0B) LOS objects, 30% free, 36MB/52MB, paused 2.368ms total 52.084ms
08-03 19:37:03.452 24974 27925 I art     : Starting a blocking GC Explicit
08-03 19:37:03.505 24974 27925 I art     : Explicit concurrent mark sweep GC freed 65(4KB) AllocSpace objects, 0(0B) LOS objects, 30% free, 36MB/52MB, paused 3.011ms total 52.334ms
08-03 19:37:03.889 24974 27978 E baseline.com.newsblur.network.APIResponse: Error (unexpected end of stream on https://www.newsblur.com/...) calling https://www.newsblur.com/reader/mark_story_hashes_as_read/
08-03 19:37:03.889 24974 27978 E baseline.com.newsblur.network.APIResponse: java.io.IOException: unexpected end of stream on https://www.newsblur.com/...
08-03 19:37:03.889 24974 27978 E baseline.com.newsblur.network.APIResponse: 	at okhttp3.internal.http1.Http1ExchangeCodec.readResponseHeaders(Http1ExchangeCodec.java:236)
08-03 19:37:03.889 24974 27978 E baseline.com.newsblur.network.APIResponse: 	at okhttp3.internal.connection.Exchange.readResponseHeaders(Exchange.java:115)
08-03 19:37:03.889 24974 27978 E baseline.com.newsblur.network.APIResponse: 	at okhttp3.internal.http.CallServerInterceptor.intercept(CallServerInterceptor.java:94)
08-03 19:37:03.889 24974 27978 E baseline.com.newsblur.network.APIResponse: 	at okhttp3.internal.http.RealInterceptorChain.proceed(RealInterceptorChain.java:142)
08-03 19:37:03.889 24974 27978 E baseline.com.newsblur.network.APIResponse: 	at okhttp3.internal.connection.ConnectInterceptor.intercept(ConnectInterceptor.java:43)
08-03 19:37:03.889 24974 27978 E baseline.com.newsblur.network.APIResponse: 	at okhttp3.internal.http.RealInterceptorChain.proceed(RealInterceptorChain.java:142)
08-03 19:37:03.889 24974 27978 E baseline.com.newsblur.network.APIResponse: 	at okhttp3.internal.http.RealInterceptorChain.proceed(RealInterceptorChain.java:117)
08-03 19:37:03.889 24974 27978 E baseline.com.newsblur.network.APIResponse: 	at okhttp3.internal.cache.CacheInterceptor.intercept(CacheInterceptor.java:94)
08-03 19:37:03.889 24974 27978 E baseline.com.newsblur.network.APIResponse: 	at okhttp3.internal.http.RealInterceptorChain.proceed(RealInterceptorChain.java:142)
08-03 19:37:03.889 24974 27978 E baseline.com.newsblur.network.APIResponse: 	at okhttp3.internal.http.RealInterceptorChain.proceed(RealInterceptorChain.java:117)
08-03 19:37:03.889 24974 27978 E baseline.com.newsblur.network.APIResponse: 	at okhttp3.internal.http.BridgeInterceptor.intercept(BridgeInterceptor.java:93)
08-03 19:37:03.889 24974 27978 E baseline.com.newsblur.network.APIResponse: 	at okhttp3.internal.http.RealInterceptorChain.proceed(RealInterceptorChain.java:142)
08-03 19:37:03.889 24974 27978 E baseline.com.newsblur.network.APIResponse: 	at okhttp3.internal.http.RetryAndFollowUpInterceptor.intercept(RetryAndFollowUpInterceptor.java:88)
08-03 19:37:03.889 24974 27978 E baseline.com.newsblur.network.APIResponse: 	at okhttp3.internal.http.RealInterceptorChain.proceed(RealInterceptorChain.java:142)
08-03 19:37:03.889 24974 27978 E baseline.com.newsblur.network.APIResponse: 	at okhttp3.internal.http.RealInterceptorChain.proceed(RealInterceptorChain.java:117)
08-03 19:37:03.889 24974 27978 E baseline.com.newsblur.network.APIResponse: 	at okhttp3.RealCall.getResponseWithInterceptorChain(RealCall.java:229)
08-03 19:37:03.889 24974 27978 E baseline.com.newsblur.network.APIResponse: 	at okhttp3.RealCall.execute(RealCall.java:81)
08-03 19:37:03.889 24974 27978 E baseline.com.newsblur.network.APIResponse: 	at baseline.com.newsblur.network.APIResponse.<init>(APIResponse.java:57)
08-03 19:37:03.889 24974 27978 E baseline.com.newsblur.network.APIResponse: 	at baseline.com.newsblur.network.APIResponse.<init>(APIResponse.java:43)
08-03 19:37:03.889 24974 27978 E baseline.com.newsblur.network.APIResponse: 	at baseline.com.newsblur.network.APIManager.post_single(APIManager.java:702)
08-03 19:37:03.889 24974 27978 E baseline.com.newsblur.network.APIResponse: 	at baseline.com.newsblur.network.APIManager.post(APIManager.java:675)
08-03 19:37:03.889 24974 27978 E baseline.com.newsblur.network.APIResponse: 	at baseline.com.newsblur.network.APIManager.post(APIManager.java:714)
08-03 19:37:03.889 24974 27978 E baseline.com.newsblur.network.APIResponse: 	at baseline.com.newsblur.network.APIManager.markStoryAsRead(APIManager.java:205)
08-03 19:37:03.889 24974 27978 E baseline.com.newsblur.network.APIResponse: 	at baseline.com.newsblur.util.ReadingAction.doRemote(ReadingAction.java:281)
08-03 19:37:03.889 24974 27978 E baseline.com.newsblur.network.APIResponse: 	at baseline.com.newsblur.service.NBSyncService.syncActions(NBSyncService.java:400)
08-03 19:37:03.889 24974 27978 E baseline.com.newsblur.network.APIResponse: 	at baseline.com.newsblur.service.NBSyncService.doSync(NBSyncService.java:298)
08-03 19:37:03.889 24974 27978 E baseline.com.newsblur.network.APIResponse: 	at baseline.com.newsblur.service.NBSyncService.access$100(NBSyncService.java:67)
08-03 19:37:03.889 24974 27978 E baseline.com.newsblur.network.APIResponse: 	at baseline.com.newsblur.service.NBSyncService$1.run(NBSyncService.java:188)
08-03 19:37:03.889 24974 27978 E baseline.com.newsblur.network.APIResponse: 	at java.util.concurrent.ThreadPoolExecutor.runWorker(ThreadPoolExecutor.java:1113)
08-03 19:37:03.889 24974 27978 E baseline.com.newsblur.network.APIResponse: 	at java.util.concurrent.ThreadPoolExecutor$Worker.run(ThreadPoolExecutor.java:588)
08-03 19:37:03.889 24974 27978 E baseline.com.newsblur.network.APIResponse: 	at java.lang.Thread.run(Thread.java:818)
08-03 19:37:03.889 24974 27978 E baseline.com.newsblur.network.APIResponse: Caused by: java.io.EOFException: \n not found: limit=0 content=
08-03 19:37:03.889 24974 27978 E baseline.com.newsblur.network.APIResponse: 	at okio.RealBufferedSource.readUtf8LineStrict(RealBufferedSource.java:240)
08-03 19:37:03.889 24974 27978 E baseline.com.newsblur.network.APIResponse: 	at okhttp3.internal.http1.Http1ExchangeCodec.readHeaderLine(Http1ExchangeCodec.java:242)
08-03 19:37:03.889 24974 27978 E baseline.com.newsblur.network.APIResponse: 	at okhttp3.internal.http1.Http1ExchangeCodec.readResponseHeaders(Http1ExchangeCodec.java:213)
08-03 19:37:03.889 24974 27978 E baseline.com.newsblur.network.APIResponse: 	... 30 more
08-03 19:37:03.891 24974 27978 I baseline.com.newsblur.service.NBSyncService: Holding reading action with server-side or network error.
08-03 19:37:03.914 24974 24986 I art     : Starting a blocking GC Explicit
08-03 19:37:03.921 24974 27978 W baseline.com.newsblur.service.NBSyncService: hard API failure
08-03 19:37:03.971 24974 24986 I art     : Explicit concurrent mark sweep GC freed 4835(535KB) AllocSpace objects, 15(300KB) LOS objects, 30% free, 36MB/52MB, paused 1.946ms total 56.572ms
08-03 19:37:03.987 24974 24986 I art     : Starting a blocking GC Explicit
08-03 19:37:04.028 24974 24986 I art     : Explicit concurrent mark sweep GC freed 308(37KB) AllocSpace objects, 1(20KB) LOS objects, 30% free, 36MB/52MB, paused 1.659ms total 40.248ms
08-03 19:37:04.045 24974 24986 I art     : Starting a blocking GC Explicit
08-03 19:37:04.058 22816 22816 I ServiceManager: Waiting for service AtCmdFwd...
08-03 19:37:04.088 24974 24986 I art     : Explicit concurrent mark sweep GC freed 387(14KB) AllocSpace objects, 0(0B) LOS objects, 30% free, 36MB/52MB, paused 1.884ms total 43.141ms
08-03 19:37:04.106 24974 24986 I art     : Starting a blocking GC Explicit
08-03 19:37:04.149 24974 24986 I art     : Explicit concurrent mark sweep GC freed 3(96B) AllocSpace objects, 0(0B) LOS objects, 30% free, 36MB/52MB, paused 1.630ms total 42.908ms
08-03 19:37:04.167 24974 24986 I art     : Starting a blocking GC Explicit
08-03 19:37:04.210 24974 24986 I art     : Explicit concurrent mark sweep GC freed 3(96B) AllocSpace objects, 0(0B) LOS objects, 30% free, 36MB/52MB, paused 1.692ms total 42.942ms
08-03 19:37:04.590 24974 24985 I art     : Starting a blocking GC Explicit
08-03 19:37:04.634 24974 24985 I art     : Explicit concurrent mark sweep GC freed 1398(80KB) AllocSpace objects, 1(20KB) LOS objects, 30% free, 36MB/52MB, paused 1.562ms total 44.011ms
08-03 19:37:04.653 24974 24985 I art     : Starting a blocking GC Explicit
08-03 19:37:04.697 24974 24985 I art     : Explicit concurrent mark sweep GC freed 20(704B) AllocSpace objects, 0(0B) LOS objects, 30% free, 36MB/52MB, paused 1.544ms total 43.319ms
08-03 19:37:04.715 24974 24985 I art     : Starting a blocking GC Explicit
08-03 19:37:04.759 24974 24985 I art     : Explicit concurrent mark sweep GC freed 3(96B) AllocSpace objects, 0(0B) LOS objects, 30% free, 36MB/52MB, paused 1.952ms total 43.746ms
08-03 19:37:04.777 24974 24985 I art     : Starting a blocking GC Explicit
08-03 19:37:04.821 24974 24985 I art     : Explicit concurrent mark sweep GC freed 3(96B) AllocSpace objects, 0(0B) LOS objects, 30% free, 36MB/52MB, paused 1.976ms total 43.547ms
08-03 19:37:04.838 24974 24985 I art     : Starting a blocking GC Explicit
08-03 19:37:04.881 24974 24985 I art     : Explicit concurrent mark sweep GC freed 3(96B) AllocSpace objects, 0(0B) LOS objects, 30% free, 36MB/52MB, paused 1.573ms total 42.287ms
08-03 19:37:05.059 22816 22816 I ServiceManager: Waiting for service AtCmdFwd...
08-03 19:37:05.239 24974 27925 I art     : Starting a blocking GC Explicit
08-03 19:37:05.282 24974 27925 I art     : Explicit concurrent mark sweep GC freed 1395(80KB) AllocSpace objects, 1(20KB) LOS objects, 30% free, 36MB/52MB, paused 1.597ms total 41.964ms
08-03 19:37:05.300 24974 27925 I art     : Starting a blocking GC Explicit
08-03 19:37:05.341 24974 27925 I art     : Explicit concurrent mark sweep GC freed 20(704B) AllocSpace objects, 0(0B) LOS objects, 30% free, 36MB/52MB, paused 1.559ms total 41.505ms
08-03 19:37:05.359 24974 27925 I art     : Starting a blocking GC Explicit
08-03 19:37:05.401 24974 27925 I art     : Explicit concurrent mark sweep GC freed 3(96B) AllocSpace objects, 0(0B) LOS objects, 30% free, 36MB/52MB, paused 1.582ms total 41.694ms
08-03 19:37:05.418 24974 27925 I art     : Starting a blocking GC Explicit
08-03 19:37:05.461 24974 27925 I art     : Explicit concurrent mark sweep GC freed 3(96B) AllocSpace objects, 0(0B) LOS objects, 30% free, 36MB/52MB, paused 1.622ms total 42.821ms
08-03 19:37:05.479 24974 27925 I art     : Starting a blocking GC Explicit
08-03 19:37:05.522 24974 27925 I art     : Explicit concurrent mark sweep GC freed 3(96B) AllocSpace objects, 0(0B) LOS objects, 30% free, 36MB/52MB, paused 1.855ms total 42.486ms
08-03 19:37:05.922 24974 27629 I art     : Starting a blocking GC Explicit
08-03 19:37:05.964 24974 27629 I art     : Explicit concurrent mark sweep GC freed 1395(80KB) AllocSpace objects, 1(20KB) LOS objects, 30% free, 36MB/52MB, paused 1.558ms total 41.793ms
08-03 19:37:05.975   518   646 I ThermalEngine: ACTION: GPU - Setting GPU[0] to 450000000
08-03 19:37:05.985 24974 27629 I art     : Starting a blocking GC Explicit
08-03 19:37:06.018 24974 27629 I art     : Explicit concurrent mark sweep GC freed 20(704B) AllocSpace objects, 0(0B) LOS objects, 30% free, 36MB/52MB, paused 1.039ms total 32.939ms
08-03 19:37:06.030 24974 27629 I art     : Starting a blocking GC Explicit
08-03 19:37:06.059 22816 22816 I ServiceManager: Waiting for service AtCmdFwd...
08-03 19:37:06.064 24974 27629 I art     : Explicit concurrent mark sweep GC freed 3(96B) AllocSpace objects, 0(0B) LOS objects, 30% free, 36MB/52MB, paused 1.091ms total 33.587ms
08-03 19:37:06.076 24974 27629 I art     : Starting a blocking GC Explicit
08-03 19:37:06.111 24974 27629 I art     : Explicit concurrent mark sweep GC freed 3(96B) AllocSpace objects, 0(0B) LOS objects, 30% free, 36MB/52MB, paused 1.129ms total 35.045ms
08-03 19:37:06.123 24974 27629 I art     : Starting a blocking GC Explicit
08-03 19:37:06.158 24974 27629 I art     : Explicit concurrent mark sweep GC freed 3(96B) AllocSpace objects, 0(0B) LOS objects, 30% free, 36MB/52MB, paused 1.071ms total 34.760ms
08-03 19:37:06.531 24974 24986 I art     : Starting a blocking GC Explicit
08-03 19:37:06.570 24974 24986 I art     : Explicit concurrent mark sweep GC freed 1395(80KB) AllocSpace objects, 1(20KB) LOS objects, 30% free, 36MB/52MB, paused 1.120ms total 38.932ms
08-03 19:37:06.585 24974 24986 I art     : Starting a blocking GC Explicit
08-03 19:37:06.621 24974 24986 I art     : Explicit concurrent mark sweep GC freed 20(704B) AllocSpace objects, 0(0B) LOS objects, 30% free, 36MB/52MB, paused 1.039ms total 35.633ms
08-03 19:37:06.632 24974 24986 I art     : Starting a blocking GC Explicit
08-03 19:37:06.667 24974 24986 I art     : Explicit concurrent mark sweep GC freed 3(96B) AllocSpace objects, 0(0B) LOS objects, 30% free, 36MB/52MB, paused 1.032ms total 34.128ms
08-03 19:37:06.679 24974 24986 I art     : Starting a blocking GC Explicit
08-03 19:37:06.716 24974 24986 I art     : Explicit concurrent mark sweep GC freed 3(96B) AllocSpace objects, 0(0B) LOS objects, 30% free, 36MB/52MB, paused 1.111ms total 36.366ms
08-03 19:37:06.728 24974 24986 I art     : Starting a blocking GC Explicit
08-03 19:37:06.763 24974 24986 I art     : Explicit concurrent mark sweep GC freed 3(96B) AllocSpace objects, 0(0B) LOS objects, 30% free, 36MB/52MB, paused 1.042ms total 35.236ms
08-03 19:37:07.060 22816 22816 W Atfwd_Sendcmd: AtCmdFwd service not published, waiting... retryCnt : 2
08-03 19:37:07.132 24974 24985 I art     : Starting a blocking GC Explicit
08-03 19:37:07.170 24974 24985 I art     : Explicit concurrent mark sweep GC freed 1395(80KB) AllocSpace objects, 1(20KB) LOS objects, 30% free, 36MB/52MB, paused 1.132ms total 36.758ms
08-03 19:37:07.182 24974 24985 I art     : Starting a blocking GC Explicit
08-03 19:37:07.219 24974 24985 I art     : Explicit concurrent mark sweep GC freed 20(704B) AllocSpace objects, 0(0B) LOS objects, 30% free, 36MB/52MB, paused 1.122ms total 37.226ms
08-03 19:37:07.232 24974 24985 I art     : Starting a blocking GC Explicit
08-03 19:37:07.269 24974 24985 I art     : Explicit concurrent mark sweep GC freed 3(96B) AllocSpace objects, 0(0B) LOS objects, 30% free, 36MB/52MB, paused 1.077ms total 37.331ms
08-03 19:37:07.281 24974 24985 I art     : Starting a blocking GC Explicit
08-03 19:37:07.319 24974 24985 I art     : Explicit concurrent mark sweep GC freed 3(96B) AllocSpace objects, 0(0B) LOS objects, 30% free, 36MB/52MB, paused 1.139ms total 37.765ms
08-03 19:37:07.332 24974 24985 I art     : Starting a blocking GC Explicit
08-03 19:37:07.370 24974 24985 I art     : Explicit concurrent mark sweep GC freed 3(96B) AllocSpace objects, 0(0B) LOS objects, 30% free, 36MB/52MB, paused 1.145ms total 37.640ms
08-03 19:37:07.726 24974 27925 I art     : Starting a blocking GC Explicit
08-03 19:37:07.765 24974 27925 I art     : Explicit concurrent mark sweep GC freed 1414(81KB) AllocSpace objects, 1(20KB) LOS objects, 30% free, 36MB/52MB, paused 1.065ms total 37.978ms
08-03 19:37:07.780 24974 27925 I art     : Starting a blocking GC Explicit
08-03 19:37:07.816 24974 27925 I art     : Explicit concurrent mark sweep GC freed 26(928B) AllocSpace objects, 0(0B) LOS objects, 30% free, 36MB/52MB, paused 1.103ms total 35.744ms
08-03 19:37:07.828 24974 27925 I art     : Starting a blocking GC Explicit
08-03 19:37:07.864 24974 27925 I art     : Explicit concurrent mark sweep GC freed 3(96B) AllocSpace objects, 0(0B) LOS objects, 30% free, 36MB/52MB, paused 1.099ms total 35.566ms
08-03 19:37:07.876 24974 27925 I art     : Starting a blocking GC Explicit
08-03 19:37:07.911 24974 27925 I art     : Explicit concurrent mark sweep GC freed 3(96B) AllocSpace objects, 0(0B) LOS objects, 30% free, 36MB/52MB, paused 1.111ms total 34.503ms
08-03 19:37:07.923 24974 27925 I art     : Starting a blocking GC Explicit
08-03 19:37:07.959 24974 27925 I art     : Explicit concurrent mark sweep GC freed 3(96B) AllocSpace objects, 0(0B) LOS objects, 30% free, 36MB/52MB, paused 1.165ms total 35.543ms
08-03 19:37:08.314 24974 27629 I art     : Starting a blocking GC Explicit
08-03 19:37:08.353 24974 27629 I art     : Explicit concurrent mark sweep GC freed 1395(80KB) AllocSpace objects, 1(20KB) LOS objects, 30% free, 36MB/52MB, paused 1.124ms total 38.789ms
08-03 19:37:08.368 24974 27629 I art     : Starting a blocking GC Explicit
08-03 19:37:08.402 24974 27629 I art     : Explicit concurrent mark sweep GC freed 20(704B) AllocSpace objects, 0(0B) LOS objects, 30% free, 36MB/52MB, paused 1.107ms total 34.168ms
08-03 19:37:08.414 24974 27629 I art     : Starting a blocking GC Explicit
08-03 19:37:08.450 24974 27629 I art     : Explicit concurrent mark sweep GC freed 3(96B) AllocSpace objects, 0(0B) LOS objects, 30% free, 36MB/52MB, paused 1.112ms total 35.377ms
08-03 19:37:08.462 24974 27629 I art     : Starting a blocking GC Explicit
08-03 19:37:08.498 24974 27629 I art     : Explicit concurrent mark sweep GC freed 3(96B) AllocSpace objects, 0(0B) LOS objects, 30% free, 36MB/52MB, paused 1.089ms total 35.816ms
08-03 19:37:08.510 24974 27629 I art     : Starting a blocking GC Explicit
08-03 19:37:08.546 24974 27629 I art     : Explicit concurrent mark sweep GC freed 3(96B) AllocSpace objects, 0(0B) LOS objects, 30% free, 36MB/52MB, paused 1.113ms total 35.255ms
08-03 19:37:08.904 24974 24986 I art     : Starting a blocking GC Explicit
08-03 19:37:08.942 24974 24986 I art     : Explicit concurrent mark sweep GC freed 1395(80KB) AllocSpace objects, 1(20KB) LOS objects, 30% free, 36MB/52MB, paused 1.069ms total 38.320ms
08-03 19:37:08.957 24974 24986 I art     : Starting a blocking GC Explicit
08-03 19:37:08.992 24974 24986 I art     : Explicit concurrent mark sweep GC freed 20(704B) AllocSpace objects, 0(0B) LOS objects, 30% free, 36MB/52MB, paused 1.064ms total 35.384ms
08-03 19:37:09.004 24974 24986 I art     : Starting a blocking GC Explicit
08-03 19:37:09.040 24974 24986 I art     : Explicit concurrent mark sweep GC freed 3(96B) AllocSpace objects, 0(0B) LOS objects, 30% free, 36MB/52MB, paused 1.035ms total 35.773ms
08-03 19:37:09.053 24974 24986 I art     : Starting a blocking GC Explicit
08-03 19:37:09.090 24974 24986 I art     : Explicit concurrent mark sweep GC freed 3(96B) AllocSpace objects, 0(0B) LOS objects, 30% free, 36MB/52MB, paused 1.097ms total 36.948ms
08-03 19:37:09.102 24974 24986 I art     : Starting a blocking GC Explicit
08-03 19:37:09.138 24974 24986 I art     : Explicit concurrent mark sweep GC freed 3(96B) AllocSpace objects, 0(0B) LOS objects, 30% free, 36MB/52MB, paused 1.179ms total 35.555ms
08-03 19:37:09.467 24974 24985 I art     : Starting a blocking GC Explicit
08-03 19:37:09.503 24974 24985 I art     : Explicit concurrent mark sweep GC freed 1395(80KB) AllocSpace objects, 1(20KB) LOS objects, 30% free, 36MB/52MB, paused 1.062ms total 35.155ms
08-03 19:37:09.517 24974 24985 I art     : Starting a blocking GC Explicit
08-03 19:37:09.551 24974 24985 I art     : Explicit concurrent mark sweep GC freed 20(704B) AllocSpace objects, 0(0B) LOS objects, 30% free, 36MB/52MB, paused 1.163ms total 34.365ms
08-03 19:37:09.563 24974 24985 I art     : Starting a blocking GC Explicit
08-03 19:37:09.598 24974 24985 I art     : Explicit concurrent mark sweep GC freed 3(96B) AllocSpace objects, 0(0B) LOS objects, 30% free, 36MB/52MB, paused 1.171ms total 34.439ms
08-03 19:37:09.609 24974 24985 I art     : Starting a blocking GC Explicit
08-03 19:37:09.644 24974 24985 I art     : Explicit concurrent mark sweep GC freed 3(96B) AllocSpace objects, 0(0B) LOS objects, 30% free, 36MB/52MB, paused 1.081ms total 34.804ms
08-03 19:37:09.656 24974 24985 I art     : Starting a blocking GC Explicit
08-03 19:37:09.693 24974 24985 I art     : Explicit concurrent mark sweep GC freed 3(96B) AllocSpace objects, 0(0B) LOS objects, 30% free, 36MB/52MB, paused 1.160ms total 36.493ms
08-03 19:37:09.847 28179 28179 D AndroidRuntime: >>>>>> START com.android.internal.os.RuntimeInit uid 2000 <<<<<<
08-03 19:37:09.854 28179 28179 D AndroidRuntime: CheckJNI is OFF
08-03 19:37:09.894 28179 28179 D ICU     : No timezone override file found: /data/misc/zoneinfo/current/icu/icu_tzdata.dat
08-03 19:37:09.935 28179 28179 I Radio-JNI: register_android_hardware_Radio DONE
08-03 19:37:09.963 28179 28179 D AndroidRuntime: Calling main entry com.android.commands.input.Input
08-03 19:37:09.965 28179 28179 I Input   : injectKeyEvent: KeyEvent { action=ACTION_DOWN, keyCode=KEYCODE_BACK, scanCode=0, metaState=0, flags=0x0, repeatCount=0, eventTime=646646378, downTime=646646378, deviceId=-1, source=0x101 }
08-03 19:37:09.970 28179 28179 I Input   : injectKeyEvent: KeyEvent { action=ACTION_UP, keyCode=KEYCODE_BACK, scanCode=0, metaState=0, flags=0x0, repeatCount=0, eventTime=646646378, downTime=646646378, deviceId=-1, source=0x101 }
08-03 19:37:09.976 28179 28179 D AndroidRuntime: Shutting down VM
08-03 19:37:09.979   518   646 I ThermalEngine: ACTION: GPU - Setting GPU[0] to 510000000
08-03 19:37:10.040 24974 27925 I art     : Starting a blocking GC Explicit
08-03 19:37:10.066 24974 27925 I art     : Explicit concurrent mark sweep GC freed 1607(119KB) AllocSpace objects, 3(60KB) LOS objects, 30% free, 36MB/52MB, paused 824us total 26.250ms
08-03 19:37:10.075 24974 27925 I art     : Starting a blocking GC Explicit
08-03 19:37:10.102 24974 27925 I art     : Explicit concurrent mark sweep GC freed 658(46KB) AllocSpace objects, 1(20KB) LOS objects, 30% free, 36MB/52MB, paused 1.015ms total 26.098ms
08-03 19:37:10.106 13866 13866 I GoogleInputMethodServic: GoogleInputMethodService.onFinishInput():3138 
08-03 19:37:10.109 13866 13866 I GoogleInputMethodServic: GoogleInputMethodService.onStartInput():1808 
08-03 19:37:10.112 24974 27925 I art     : Starting a blocking GC Explicit
08-03 19:37:10.138 24974 27925 I art     : Explicit concurrent mark sweep GC freed 1859(164KB) AllocSpace objects, 5(100KB) LOS objects, 30% free, 36MB/52MB, paused 1.032ms total 25.905ms
08-03 19:37:10.148 24974 27925 I art     : Starting a blocking GC Explicit
08-03 19:37:10.174 24974 27925 I art     : Explicit concurrent mark sweep GC freed 623(41KB) AllocSpace objects, 1(20KB) LOS objects, 30% free, 36MB/52MB, paused 919us total 25.780ms
08-03 19:37:10.184 24974 27925 I art     : Starting a blocking GC Explicit
08-03 19:37:10.210 24974 27925 I art     : Explicit concurrent mark sweep GC freed 95(6KB) AllocSpace objects, 1(28KB) LOS objects, 30% free, 36MB/52MB, paused 794us total 25.780ms
08-03 19:37:10.237   918  3261 D WifiStateMachine: starting scan for "H369AA63323"WPA_PSK with 2412,5180
08-03 19:37:10.494 24974 24986 I art     : Starting a blocking GC Explicit
08-03 19:37:10.527 24974 24986 I art     : Explicit concurrent mark sweep GC freed 5100(268KB) AllocSpace objects, 2(100KB) LOS objects, 30% free, 36MB/52MB, paused 1.053ms total 32.892ms
08-03 19:37:10.537 24974 24986 I art     : Starting a blocking GC Explicit
08-03 19:37:10.554 24974 28212 I NAPPA_EXPERIMENTATION: MetricNetworkRequestExecutionTime: REQUEST_DURATION_SYSTEM='435',REQUEST_DURATION_OKHTTP='36',REQUEST_SYNCHRONOUS='TRUE',RESPONSE_CODE='200',RESPONSE_METHOD='GET',RESPONSE_LENGTH_OKHTTP='-1',RESPONSE_LENGTH_HEADER='12364',REQUEST_PROTOCOL='http/1.1',REQUEST_URL='https://www.newsblur.com/social/river_stories?order=newest&page=2&read_filter=all&global_feed=true',
08-03 19:37:10.554 24974 28212 D MY_TAG  : 0, 435
08-03 19:37:10.565 24974 24986 I art     : Explicit concurrent mark sweep GC freed 1223(135KB) AllocSpace objects, 2(120KB) LOS objects, 30% free, 36MB/52MB, paused 961us total 27.427ms
08-03 19:37:10.573 24974 24986 I art     : Starting a blocking GC Explicit
08-03 19:37:10.608 24974 24986 I art     : Explicit concurrent mark sweep GC freed 12398(657KB) AllocSpace objects, 8(276KB) LOS objects, 30% free, 37MB/53MB, paused 1.332ms total 34.277ms
08-03 19:37:10.619 24974 24986 I art     : Starting a blocking GC Explicit
08-03 19:37:10.650 24974 24986 I art     : Explicit concurrent mark sweep GC freed 15981(1022KB) AllocSpace objects, 8(160KB) LOS objects, 30% free, 37MB/53MB, paused 1.646ms total 30.946ms
08-03 19:37:10.659 24974 24986 I art     : Starting a blocking GC Explicit
08-03 19:37:10.687 24974 24986 I art     : Explicit concurrent mark sweep GC freed 3258(302KB) AllocSpace objects, 6(204KB) LOS objects, 30% free, 36MB/52MB, paused 910us total 27.911ms
08-03 19:37:10.984   518   646 I ThermalEngine: ACTION: GPU - Setting GPU[0] to 450000000
08-03 19:37:11.027 24974 24985 I art     : Starting a blocking GC Explicit
08-03 19:37:11.070 24974 24985 I art     : Explicit concurrent mark sweep GC freed 3634(387KB) AllocSpace objects, 12(240KB) LOS objects, 30% free, 36MB/52MB, paused 1.501ms total 42.805ms
08-03 19:37:11.084 24974 24985 I art     : Starting a blocking GC Explicit
08-03 19:37:11.121 24974 24985 I art     : Explicit concurrent mark sweep GC freed 2075(145KB) AllocSpace objects, 0(0B) LOS objects, 30% free, 36MB/52MB, paused 1.092ms total 37.156ms
08-03 19:37:11.134 24974 24985 I art     : Starting a blocking GC Explicit
08-03 19:37:11.171 24974 24985 I art     : Explicit concurrent mark sweep GC freed 9(288B) AllocSpace objects, 0(0B) LOS objects, 30% free, 36MB/52MB, paused 1.169ms total 36.990ms
08-03 19:37:11.184 24974 24985 I art     : Starting a blocking GC Explicit
08-03 19:37:11.220 24974 24985 I art     : Explicit concurrent mark sweep GC freed 9(288B) AllocSpace objects, 0(0B) LOS objects, 30% free, 36MB/52MB, paused 1.050ms total 36.192ms
08-03 19:37:11.232 24974 24985 I art     : Starting a blocking GC Explicit
08-03 19:37:11.265 24974 24985 I art     : Explicit concurrent mark sweep GC freed 9(288B) AllocSpace objects, 0(0B) LOS objects, 30% free, 36MB/52MB, paused 1.193ms total 32.726ms
08-03 19:37:11.605 24974 27629 I art     : Starting a blocking GC Explicit
08-03 19:37:11.640 24974 27629 I art     : Explicit concurrent mark sweep GC freed 1432(81KB) AllocSpace objects, 1(20KB) LOS objects, 30% free, 36MB/52MB, paused 1.159ms total 34.935ms
08-03 19:37:11.652 24974 27629 I art     : Starting a blocking GC Explicit
08-03 19:37:11.689 24974 27629 I art     : Explicit concurrent mark sweep GC freed 20(704B) AllocSpace objects, 0(0B) LOS objects, 30% free, 36MB/52MB, paused 1.277ms total 36.675ms
08-03 19:37:11.701 24974 27629 I art     : Starting a blocking GC Explicit
08-03 19:37:11.737 24974 27629 I art     : Explicit concurrent mark sweep GC freed 3(96B) AllocSpace objects, 0(0B) LOS objects, 30% free, 36MB/52MB, paused 1.289ms total 36.115ms
08-03 19:37:11.749 24974 27629 I art     : Starting a blocking GC Explicit
08-03 19:37:11.757 28239 28239 D AndroidRuntime: >>>>>> START com.android.internal.os.RuntimeInit uid 2000 <<<<<<
08-03 19:37:11.763 28239 28239 D AndroidRuntime: CheckJNI is OFF
08-03 19:37:11.786 24974 27629 I art     : Explicit concurrent mark sweep GC freed 3(96B) AllocSpace objects, 0(0B) LOS objects, 30% free, 36MB/52MB, paused 1.221ms total 36.348ms
08-03 19:37:11.798 24974 27629 I art     : Starting a blocking GC Explicit
08-03 19:37:11.812 28239 28239 D ICU     : No timezone override file found: /data/misc/zoneinfo/current/icu/icu_tzdata.dat
08-03 19:37:11.833 24974 27629 I art     : Explicit concurrent mark sweep GC freed 3(96B) AllocSpace objects, 0(0B) LOS objects, 30% free, 36MB/52MB, paused 1.225ms total 35.046ms
08-03 19:37:11.859 28239 28239 I Radio-JNI: register_android_hardware_Radio DONE
08-03 19:37:11.889 28239 28239 D AndroidRuntime: Calling main entry com.android.commands.input.Input
08-03 19:37:11.891 28239 28239 I Input   : injectMotionEvent: MotionEvent { action=ACTION_DOWN, actionButton=0, id[0]=0, x[0]=435.0, y[0]=858.0, toolType[0]=TOOL_TYPE_UNKNOWN, buttonState=0, metaState=0, flags=0x0, edgeFlags=0x0, pointerCount=1, historySize=0, eventTime=646648303, downTime=646648303, deviceId=0, source=0x1002 }
08-03 19:37:11.898 28239 28239 I Input   : injectMotionEvent: MotionEvent { action=ACTION_UP, actionButton=0, id[0]=0, x[0]=435.0, y[0]=858.0, toolType[0]=TOOL_TYPE_UNKNOWN, buttonState=0, metaState=0, flags=0x0, edgeFlags=0x0, pointerCount=1, historySize=0, eventTime=646648303, downTime=646648303, deviceId=0, source=0x1002 }
08-03 19:37:11.900 28239 28239 D AndroidRuntime: Shutting down VM
08-03 19:37:11.913   512  2967 D audio_hw_primary: out_set_parameters: enter: usecase(1: low-latency-playback) kvpairs: routing=2
08-03 19:37:11.913   918  6029 I ActivityManager: START u0 {cmp=baseline.com.newsblur/.activity.GlobalSharedStoriesReading (has extras)} from uid 10625 on display 0
08-03 19:37:11.927   512  2967 D audio_hw_primary: select_devices: out_snd_device(2: speaker) in_snd_device(0: none)
08-03 19:37:11.927   512  2967 D msm8974_platform: platform_send_audio_calibration: sending audio calibration for snd_device(2) acdb_id(15)
08-03 19:37:11.929   512  2967 I soundtrigger: audio_extn_sound_trigger_update_device_status: device 0x2 of type 0 for Event 1
08-03 19:37:11.940   512  2967 D audio_hw_primary: enable_snd_device: snd_device(2: speaker)
08-03 19:37:11.943   512  2967 D audio_hw_primary: enable_audio_route: apply and update mixer path: low-latency-playback speaker
08-03 19:37:12.156   918   936 I ActivityManager: Displayed baseline.com.newsblur/.activity.GlobalSharedStoriesReading: +232ms
08-03 19:37:12.156 13866 13866 I GoogleInputMethodServic: GoogleInputMethodService.onFinishInput():3138 
08-03 19:37:12.156 24974 24986 I art     : Starting a blocking GC Explicit
08-03 19:37:12.157 13866 13866 I GoogleInputMethodServic: GoogleInputMethodService.onStartInput():1808 
08-03 19:37:12.195 24974 24986 I art     : Explicit concurrent mark sweep GC freed 3874(316KB) AllocSpace objects, 8(588KB) LOS objects, 30% free, 37MB/53MB, paused 2.004ms total 38.453ms
08-03 19:37:12.209 24974 24986 I art     : Starting a blocking GC Explicit
08-03 19:37:12.248 24974 24986 I art     : Explicit concurrent mark sweep GC freed 1675(101KB) AllocSpace objects, 1(20KB) LOS objects, 30% free, 37MB/53MB, paused 1.826ms total 38.072ms
08-03 19:37:12.259 24974 24986 I art     : Starting a blocking GC Explicit
08-03 19:37:12.295 24974 24986 I art     : Explicit concurrent mark sweep GC freed 1299(68KB) AllocSpace objects, 1(20KB) LOS objects, 29% free, 37MB/53MB, paused 1.449ms total 35.666ms
08-03 19:37:12.311 24974 24986 I art     : Starting a blocking GC Explicit
08-03 19:37:12.352 24974 24986 I art     : Explicit concurrent mark sweep GC freed 716(72KB) AllocSpace objects, 10(244KB) LOS objects, 30% free, 37MB/53MB, paused 1.251ms total 41.541ms
08-03 19:37:12.367 24974 24986 I art     : Starting a blocking GC Explicit
08-03 19:37:12.402 24974 24986 I art     : Explicit concurrent mark sweep GC freed 523(52KB) AllocSpace objects, 0(0B) LOS objects, 30% free, 37MB/53MB, paused 1.133ms total 34.481ms
08-03 19:37:12.478   512  2967 D audio_hw_primary: disable_audio_route: reset and update mixer path: low-latency-playback speaker
08-03 19:37:12.479   512  2967 D audio_hw_primary: disable_snd_device: snd_device(2: speaker)
08-03 19:37:12.486   512  2967 I soundtrigger: audio_extn_sound_trigger_update_device_status: device 0x2 of type 0 for Event 0
08-03 19:37:12.489 24974 27969 E chromium: [ERROR:tile_manager.cc(793)] WARNING: tile memory limits exceeded, some content may not draw
08-03 19:37:12.490 24974 27969 E chromium: [ERROR:tile_manager.cc(793)] WARNING: tile memory limits exceeded, some content may not draw
08-03 19:37:12.732 24974 24986 I art     : Starting a blocking GC Explicit
08-03 19:37:12.774 24974 24986 I art     : Explicit concurrent mark sweep GC freed 5712(442KB) AllocSpace objects, 10(208KB) LOS objects, 29% free, 37MB/53MB, paused 1.352ms total 41.551ms
08-03 19:37:12.787 24974 24986 I art     : Starting a blocking GC Explicit
08-03 19:37:12.827 24974 24986 I art     : Explicit concurrent mark sweep GC freed 1006(47KB) AllocSpace objects, 0(0B) LOS objects, 29% free, 37MB/53MB, paused 1.204ms total 39.805ms
08-03 19:37:12.839 24974 24986 I art     : Starting a blocking GC Explicit
08-03 19:37:12.879 24974 24986 I art     : Explicit concurrent mark sweep GC freed 3(96B) AllocSpace objects, 0(0B) LOS objects, 29% free, 37MB/53MB, paused 1.355ms total 39.408ms
08-03 19:37:12.892 24974 24986 I art     : Starting a blocking GC Explicit
08-03 19:37:12.932 24974 24986 I art     : Explicit concurrent mark sweep GC freed 3(96B) AllocSpace objects, 0(0B) LOS objects, 29% free, 37MB/53MB, paused 1.222ms total 39.249ms
08-03 19:37:12.945 24974 24986 I art     : Starting a blocking GC Explicit
08-03 19:37:12.983 24974 24986 I art     : Explicit concurrent mark sweep GC freed 2374(123KB) AllocSpace objects, 2(120KB) LOS objects, 29% free, 37MB/53MB, paused 1.312ms total 38.244ms
08-03 19:37:13.009 24974 28273 E baseline.com.newsblur.network.APIResponse: Error (unexpected end of stream on https://www.newsblur.com/...) calling https://www.newsblur.com/reader/mark_story_hashes_as_read/
08-03 19:37:13.009 24974 28273 E baseline.com.newsblur.network.APIResponse: java.io.IOException: unexpected end of stream on https://www.newsblur.com/...
08-03 19:37:13.009 24974 28273 E baseline.com.newsblur.network.APIResponse: 	at okhttp3.internal.http1.Http1ExchangeCodec.readResponseHeaders(Http1ExchangeCodec.java:236)
08-03 19:37:13.009 24974 28273 E baseline.com.newsblur.network.APIResponse: 	at okhttp3.internal.connection.Exchange.readResponseHeaders(Exchange.java:115)
08-03 19:37:13.009 24974 28273 E baseline.com.newsblur.network.APIResponse: 	at okhttp3.internal.http.CallServerInterceptor.intercept(CallServerInterceptor.java:94)
08-03 19:37:13.009 24974 28273 E baseline.com.newsblur.network.APIResponse: 	at okhttp3.internal.http.RealInterceptorChain.proceed(RealInterceptorChain.java:142)
08-03 19:37:13.009 24974 28273 E baseline.com.newsblur.network.APIResponse: 	at okhttp3.internal.connection.ConnectInterceptor.intercept(ConnectInterceptor.java:43)
08-03 19:37:13.009 24974 28273 E baseline.com.newsblur.network.APIResponse: 	at okhttp3.internal.http.RealInterceptorChain.proceed(RealInterceptorChain.java:142)
08-03 19:37:13.009 24974 28273 E baseline.com.newsblur.network.APIResponse: 	at okhttp3.internal.http.RealInterceptorChain.proceed(RealInterceptorChain.java:117)
08-03 19:37:13.009 24974 28273 E baseline.com.newsblur.network.APIResponse: 	at okhttp3.internal.cache.CacheInterceptor.intercept(CacheInterceptor.java:94)
08-03 19:37:13.009 24974 28273 E baseline.com.newsblur.network.APIResponse: 	at okhttp3.internal.http.RealInterceptorChain.proceed(RealInterceptorChain.java:142)
08-03 19:37:13.009 24974 28273 E baseline.com.newsblur.network.APIResponse: 	at okhttp3.internal.http.RealInterceptorChain.proceed(RealInterceptorChain.java:117)
08-03 19:37:13.009 24974 28273 E baseline.com.newsblur.network.APIResponse: 	at okhttp3.internal.http.BridgeInterceptor.intercept(BridgeInterceptor.java:93)
08-03 19:37:13.009 24974 28273 E baseline.com.newsblur.network.APIResponse: 	at okhttp3.internal.http.RealInterceptorChain.proceed(RealInterceptorChain.java:142)
08-03 19:37:13.009 24974 28273 E baseline.com.newsblur.network.APIResponse: 	at okhttp3.internal.http.RetryAndFollowUpInterceptor.intercept(RetryAndFollowUpInterceptor.java:88)
08-03 19:37:13.009 24974 28273 E baseline.com.newsblur.network.APIResponse: 	at okhttp3.internal.http.RealInterceptorChain.proceed(RealInterceptorChain.java:142)
08-03 19:37:13.009 24974 28273 E baseline.com.newsblur.network.APIResponse: 	at okhttp3.internal.http.RealInterceptorChain.proceed(RealInterceptorChain.java:117)
08-03 19:37:13.009 24974 28273 E baseline.com.newsblur.network.APIResponse: 	at okhttp3.RealCall.getResponseWithInterceptorChain(RealCall.java:229)
08-03 19:37:13.009 24974 28273 E baseline.com.newsblur.network.APIResponse: 	at okhttp3.RealCall.execute(RealCall.java:81)
08-03 19:37:13.009 24974 28273 E baseline.com.newsblur.network.APIResponse: 	at baseline.com.newsblur.network.APIResponse.<init>(APIResponse.java:57)
08-03 19:37:13.009 24974 28273 E baseline.com.newsblur.network.APIResponse: 	at baseline.com.newsblur.network.APIResponse.<init>(APIResponse.java:43)
08-03 19:37:13.009 24974 28273 E baseline.com.newsblur.network.APIResponse: 	at baseline.com.newsblur.network.APIManager.post_single(APIManager.java:702)
08-03 19:37:13.009 24974 28273 E baseline.com.newsblur.network.APIResponse: 	at baseline.com.newsblur.network.APIManager.post(APIManager.java:675)
08-03 19:37:13.009 24974 28273 E baseline.com.newsblur.network.APIResponse: 	at baseline.com.newsblur.network.APIManager.post(APIManager.java:714)
08-03 19:37:13.009 24974 28273 E baseline.com.newsblur.network.APIResponse: 	at baseline.com.newsblur.network.APIManager.markStoryAsRead(APIManager.java:205)
08-03 19:37:13.009 24974 28273 E baseline.com.newsblur.network.APIResponse: 	at baseline.com.newsblur.util.ReadingAction.doRemote(ReadingAction.java:281)
08-03 19:37:13.009 24974 28273 E baseline.com.newsblur.network.APIResponse: 	at baseline.com.newsblur.service.NBSyncService.syncActions(NBSyncService.java:400)
08-03 19:37:13.009 24974 28273 E baseline.com.newsblur.network.APIResponse: 	at baseline.com.newsblur.service.NBSyncService.doSync(NBSyncService.java:298)
08-03 19:37:13.009 24974 28273 E baseline.com.newsblur.network.APIResponse: 	at baseline.com.newsblur.service.NBSyncService.access$100(NBSyncService.java:67)
08-03 19:37:13.009 24974 28273 E baseline.com.newsblur.network.APIResponse: 	at baseline.com.newsblur.service.NBSyncService$1.run(NBSyncService.java:188)
08-03 19:37:13.009 24974 28273 E baseline.com.newsblur.network.APIResponse: 	at java.util.concurrent.ThreadPoolExecutor.runWorker(ThreadPoolExecutor.java:1113)
08-03 19:37:13.009 24974 28273 E baseline.com.newsblur.network.APIResponse: 	at java.util.concurrent.ThreadPoolExecutor$Worker.run(ThreadPoolExecutor.java:588)
08-03 19:37:13.009 24974 28273 E baseline.com.newsblur.network.APIResponse: 	at java.lang.Thread.run(Thread.java:818)
08-03 19:37:13.009 24974 28273 E baseline.com.newsblur.network.APIResponse: Caused by: java.io.EOFException: \n not found: limit=0 content=
08-03 19:37:13.009 24974 28273 E baseline.com.newsblur.network.APIResponse: 	at okio.RealBufferedSource.readUtf8LineStrict(RealBufferedSource.java:240)
08-03 19:37:13.009 24974 28273 E baseline.com.newsblur.network.APIResponse: 	at okhttp3.internal.http1.Http1ExchangeCodec.readHeaderLine(Http1ExchangeCodec.java:242)
08-03 19:37:13.009 24974 28273 E baseline.com.newsblur.network.APIResponse: 	at okhttp3.internal.http1.Http1ExchangeCodec.readResponseHeaders(Http1ExchangeCodec.java:213)
08-03 19:37:13.009 24974 28273 E baseline.com.newsblur.network.APIResponse: 	... 30 more
08-03 19:37:13.012 24974 28273 I baseline.com.newsblur.network.APIManager: API call failed, pausing before retry number 1
08-03 19:37:13.330 24974 27629 I art     : Starting a blocking GC Explicit
08-03 19:37:13.373 24974 27629 I art     : Explicit concurrent mark sweep GC freed 3197(407KB) AllocSpace objects, 4(140KB) LOS objects, 29% free, 37MB/53MB, paused 1.397ms total 42.723ms
08-03 19:37:13.387 24974 27629 I art     : Starting a blocking GC Explicit
08-03 19:37:13.427 24974 27629 I art     : Explicit concurrent mark sweep GC freed 72(2720B) AllocSpace objects, 0(0B) LOS objects, 29% free, 37MB/53MB, paused 1.209ms total 40.551ms
08-03 19:37:13.440 24974 27629 I art     : Starting a blocking GC Explicit
08-03 19:37:13.479 24974 27629 I art     : Explicit concurrent mark sweep GC freed 3(96B) AllocSpace objects, 0(0B) LOS objects, 29% free, 37MB/53MB, paused 1.194ms total 38.981ms
08-03 19:37:13.482 24974 27969 E chromium: [ERROR:tile_manager.cc(793)] WARNING: tile memory limits exceeded, some content may not draw
08-03 19:37:13.483 24974 27969 E chromium: [ERROR:tile_manager.cc(793)] WARNING: tile memory limits exceeded, some content may not draw
08-03 19:37:13.491 24974 27629 I art     : Starting a blocking GC Explicit
08-03 19:37:13.495 24974 27969 E chromium: [ERROR:tile_manager.cc(793)] WARNING: tile memory limits exceeded, some content may not draw
08-03 19:37:13.496 24974 27969 E chromium: [ERROR:tile_manager.cc(793)] WARNING: tile memory limits exceeded, some content may not draw
08-03 19:37:13.512 24974 27969 E chromium: [ERROR:tile_manager.cc(793)] WARNING: tile memory limits exceeded, some content may not draw
08-03 19:37:13.513 24974 27969 E chromium: [ERROR:tile_manager.cc(793)] WARNING: tile memory limits exceeded, some content may not draw
08-03 19:37:13.528 24974 27629 I art     : Explicit concurrent mark sweep GC freed 47(1504B) AllocSpace objects, 0(0B) LOS objects, 29% free, 37MB/53MB, paused 1.160ms total 36.977ms
08-03 19:37:13.540 24974 27629 I art     : Starting a blocking GC Explicit
08-03 19:37:13.579 24974 27629 I art     : Explicit concurrent mark sweep GC freed 21(672B) AllocSpace objects, 0(0B) LOS objects, 29% free, 37MB/53MB, paused 1.181ms total 37.995ms
08-03 19:37:13.928 24974 27629 I art     : Starting a blocking GC Explicit
08-03 19:37:13.998 24974 27629 I art     : Explicit concurrent mark sweep GC freed 1492(84KB) AllocSpace objects, 1(20KB) LOS objects, 29% free, 37MB/53MB, paused 2.097ms total 69.297ms
08-03 19:37:14.012 24974 27629 I art     : Starting a blocking GC Explicit
08-03 19:37:14.054 24974 27629 I art     : Explicit concurrent mark sweep GC freed 22(784B) AllocSpace objects, 0(0B) LOS objects, 29% free, 37MB/53MB, paused 1.156ms total 41.679ms
08-03 19:37:14.067 24974 27629 I art     : Starting a blocking GC Explicit
08-03 19:37:14.106 24974 27629 I art     : Explicit concurrent mark sweep GC freed 3(96B) AllocSpace objects, 0(0B) LOS objects, 29% free, 37MB/53MB, paused 1.229ms total 39.016ms
08-03 19:37:14.119 24974 27629 I art     : Starting a blocking GC Explicit
08-03 19:37:14.159 24974 27629 I art     : Explicit concurrent mark sweep GC freed 3(96B) AllocSpace objects, 0(0B) LOS objects, 29% free, 37MB/53MB, paused 1.295ms total 39.847ms
08-03 19:37:14.172 24974 27629 I art     : Starting a blocking GC Explicit
08-03 19:37:14.215 24974 27629 I art     : Explicit concurrent mark sweep GC freed 3(96B) AllocSpace objects, 0(0B) LOS objects, 29% free, 37MB/53MB, paused 1.376ms total 42.750ms
08-03 19:37:14.598 24974 27629 I art     : Starting a blocking GC Explicit
08-03 19:37:14.644 24974 27629 I art     : Explicit concurrent mark sweep GC freed 1602(91KB) AllocSpace objects, 1(20KB) LOS objects, 29% free, 37MB/53MB, paused 1.378ms total 44.931ms
08-03 19:37:14.657 24974 27629 I art     : Starting a blocking GC Explicit
08-03 19:37:14.702 24974 27629 I art     : Explicit concurrent mark sweep GC freed 28(1040B) AllocSpace objects, 0(0B) LOS objects, 29% free, 37MB/53MB, paused 1.189ms total 44.467ms
08-03 19:37:14.715 24974 27629 I art     : Starting a blocking GC Explicit
08-03 19:37:14.756 24974 27629 I art     : Explicit concurrent mark sweep GC freed 3(96B) AllocSpace objects, 0(0B) LOS objects, 29% free, 37MB/53MB, paused 1.242ms total 41.043ms
08-03 19:37:14.770 24974 27629 I art     : Starting a blocking GC Explicit
08-03 19:37:14.812 24974 27629 I art     : Explicit concurrent mark sweep GC freed 3(96B) AllocSpace objects, 0(0B) LOS objects, 29% free, 37MB/53MB, paused 1.186ms total 41.910ms
08-03 19:37:14.825 24974 27629 I art     : Starting a blocking GC Explicit
08-03 19:37:14.867 24974 27629 I art     : Explicit concurrent mark sweep GC freed 3(96B) AllocSpace objects, 0(0B) LOS objects, 29% free, 37MB/53MB, paused 1.366ms total 41.801ms
08-03 19:37:15.055 24974 28273 E baseline.com.newsblur.network.APIResponse: Error (unexpected end of stream on https://www.newsblur.com/...) calling https://www.newsblur.com/reader/mark_story_hashes_as_read/
08-03 19:37:15.055 24974 28273 E baseline.com.newsblur.network.APIResponse: java.io.IOException: unexpected end of stream on https://www.newsblur.com/...
08-03 19:37:15.055 24974 28273 E baseline.com.newsblur.network.APIResponse: 	at okhttp3.internal.http1.Http1ExchangeCodec.readResponseHeaders(Http1ExchangeCodec.java:236)
08-03 19:37:15.055 24974 28273 E baseline.com.newsblur.network.APIResponse: 	at okhttp3.internal.connection.Exchange.readResponseHeaders(Exchange.java:115)
08-03 19:37:15.055 24974 28273 E baseline.com.newsblur.network.APIResponse: 	at okhttp3.internal.http.CallServerInterceptor.intercept(CallServerInterceptor.java:94)
08-03 19:37:15.055 24974 28273 E baseline.com.newsblur.network.APIResponse: 	at okhttp3.internal.http.RealInterceptorChain.proceed(RealInterceptorChain.java:142)
08-03 19:37:15.055 24974 28273 E baseline.com.newsblur.network.APIResponse: 	at okhttp3.internal.connection.ConnectInterceptor.intercept(ConnectInterceptor.java:43)
08-03 19:37:15.055 24974 28273 E baseline.com.newsblur.network.APIResponse: 	at okhttp3.internal.http.RealInterceptorChain.proceed(RealInterceptorChain.java:142)
08-03 19:37:15.055 24974 28273 E baseline.com.newsblur.network.APIResponse: 	at okhttp3.internal.http.RealInterceptorChain.proceed(RealInterceptorChain.java:117)
08-03 19:37:15.055 24974 28273 E baseline.com.newsblur.network.APIResponse: 	at okhttp3.internal.cache.CacheInterceptor.intercept(CacheInterceptor.java:94)
08-03 19:37:15.055 24974 28273 E baseline.com.newsblur.network.APIResponse: 	at okhttp3.internal.http.RealInterceptorChain.proceed(RealInterceptorChain.java:142)
08-03 19:37:15.055 24974 28273 E baseline.com.newsblur.network.APIResponse: 	at okhttp3.internal.http.RealInterceptorChain.proceed(RealInterceptorChain.java:117)
08-03 19:37:15.055 24974 28273 E baseline.com.newsblur.network.APIResponse: 	at okhttp3.internal.http.BridgeInterceptor.intercept(BridgeInterceptor.java:93)
08-03 19:37:15.055 24974 28273 E baseline.com.newsblur.network.APIResponse: 	at okhttp3.internal.http.RealInterceptorChain.proceed(RealInterceptorChain.java:142)
08-03 19:37:15.055 24974 28273 E baseline.com.newsblur.network.APIResponse: 	at okhttp3.internal.http.RetryAndFollowUpInterceptor.intercept(RetryAndFollowUpInterceptor.java:88)
08-03 19:37:15.055 24974 28273 E baseline.com.newsblur.network.APIResponse: 	at okhttp3.internal.http.RealInterceptorChain.proceed(RealInterceptorChain.java:142)
08-03 19:37:15.055 24974 28273 E baseline.com.newsblur.network.APIResponse: 	at okhttp3.internal.http.RealInterceptorChain.proceed(RealInterceptorChain.java:117)
08-03 19:37:15.055 24974 28273 E baseline.com.newsblur.network.APIResponse: 	at okhttp3.RealCall.getResponseWithInterceptorChain(RealCall.java:229)
08-03 19:37:15.055 24974 28273 E baseline.com.newsblur.network.APIResponse: 	at okhttp3.RealCall.execute(RealCall.java:81)
08-03 19:37:15.055 24974 28273 E baseline.com.newsblur.network.APIResponse: 	at baseline.com.newsblur.network.APIResponse.<init>(APIResponse.java:57)
08-03 19:37:15.055 24974 28273 E baseline.com.newsblur.network.APIResponse: 	at baseline.com.newsblur.network.APIResponse.<init>(APIResponse.java:43)
08-03 19:37:15.055 24974 28273 E baseline.com.newsblur.network.APIResponse: 	at baseline.com.newsblur.network.APIManager.post_single(APIManager.java:702)
08-03 19:37:15.055 24974 28273 E baseline.com.newsblur.network.APIResponse: 	at baseline.com.newsblur.network.APIManager.post(APIManager.java:675)
08-03 19:37:15.055 24974 28273 E baseline.com.newsblur.network.APIResponse: 	at baseline.com.newsblur.network.APIManager.post(APIManager.java:714)
08-03 19:37:15.055 24974 28273 E baseline.com.newsblur.network.APIResponse: 	at baseline.com.newsblur.network.APIManager.markStoryAsRead(APIManager.java:205)
08-03 19:37:15.055 24974 28273 E baseline.com.newsblur.network.APIResponse: 	at baseline.com.newsblur.util.ReadingAction.doRemote(ReadingAction.java:281)
08-03 19:37:15.055 24974 28273 E baseline.com.newsblur.network.APIResponse: 	at baseline.com.newsblur.service.NBSyncService.syncActions(NBSyncService.java:400)
08-03 19:37:15.055 24974 28273 E baseline.com.newsblur.network.APIResponse: 	at baseline.com.newsblur.service.NBSyncService.doSync(NBSyncService.java:298)
08-03 19:37:15.055 24974 28273 E baseline.com.newsblur.network.APIResponse: 	at baseline.com.newsblur.service.NBSyncService.access$100(NBSyncService.java:67)
08-03 19:37:15.055 24974 28273 E baseline.com.newsblur.network.APIResponse: 	at baseline.com.newsblur.service.NBSyncService$1.run(NBSyncService.java:188)
08-03 19:37:15.055 24974 28273 E baseline.com.newsblur.network.APIResponse: 	at java.util.concurrent.ThreadPoolExecutor.runWorker(ThreadPoolExecutor.java:1113)
08-03 19:37:15.055 24974 28273 E baseline.com.newsblur.network.APIResponse: 	at java.util.concurrent.ThreadPoolExecutor$Worker.run(ThreadPoolExecutor.java:588)
08-03 19:37:15.055 24974 28273 E baseline.com.newsblur.network.APIResponse: 	at java.lang.Thread.run(Thread.java:818)
08-03 19:37:15.055 24974 28273 E baseline.com.newsblur.network.APIResponse: Caused by: java.io.EOFException: \n not found: limit=0 content=
08-03 19:37:15.055 24974 28273 E baseline.com.newsblur.network.APIResponse: 	at okio.RealBufferedSource.readUtf8LineStrict(RealBufferedSource.java:240)
08-03 19:37:15.055 24974 28273 E baseline.com.newsblur.network.APIResponse: 	at okhttp3.internal.http1.Http1ExchangeCodec.readHeaderLine(Http1ExchangeCodec.java:242)
08-03 19:37:15.055 24974 28273 E baseline.com.newsblur.network.APIResponse: 	at okhttp3.internal.http1.Http1ExchangeCodec.readResponseHeaders(Http1ExchangeCodec.java:213)
08-03 19:37:15.055 24974 28273 E baseline.com.newsblur.network.APIResponse: 	... 30 more
08-03 19:37:15.057 24974 28273 I baseline.com.newsblur.network.APIManager: API call failed, pausing before retry number 2
08-03 19:37:15.219 24974 24986 I art     : Starting a blocking GC Explicit
08-03 19:37:15.262 24974 24986 I art     : Explicit concurrent mark sweep GC freed 3945(357KB) AllocSpace objects, 3(60KB) LOS objects, 29% free, 37MB/53MB, paused 1.223ms total 42.968ms
08-03 19:37:15.276 24974 24986 I art     : Starting a blocking GC Explicit
08-03 19:37:15.317 24974 24986 I art     : Explicit concurrent mark sweep GC freed 109(3KB) AllocSpace objects, 0(0B) LOS objects, 29% free, 37MB/53MB, paused 1.156ms total 40.471ms
08-03 19:37:15.330 24974 24986 I art     : Starting a blocking GC Explicit
08-03 19:37:15.372 24974 24986 I art     : Explicit concurrent mark sweep GC freed 3(96B) AllocSpace objects, 0(0B) LOS objects, 29% free, 37MB/53MB, paused 1.323ms total 41.178ms
08-03 19:37:15.385 24974 24986 I art     : Starting a blocking GC Explicit
08-03 19:37:15.425 24974 24986 I art     : Explicit concurrent mark sweep GC freed 3(96B) AllocSpace objects, 0(0B) LOS objects, 29% free, 37MB/53MB, paused 1.301ms total 40.208ms
08-03 19:37:15.438 24974 24986 I art     : Starting a blocking GC Explicit
08-03 19:37:15.480 24974 24986 I art     : Explicit concurrent mark sweep GC freed 3(96B) AllocSpace objects, 0(0B) LOS objects, 29% free, 37MB/53MB, paused 1.252ms total 42.047ms
08-03 19:37:15.831 24974 24985 I art     : Starting a blocking GC Explicit
08-03 19:37:15.876 24974 24985 I art     : Explicit concurrent mark sweep GC freed 1437(82KB) AllocSpace objects, 1(20KB) LOS objects, 29% free, 37MB/53MB, paused 1.469ms total 44.542ms
08-03 19:37:15.889 24974 24985 I art     : Starting a blocking GC Explicit
08-03 19:37:15.927 24974 24985 I art     : Explicit concurrent mark sweep GC freed 22(784B) AllocSpace objects, 0(0B) LOS objects, 29% free, 37MB/53MB, paused 1.217ms total 37.515ms
08-03 19:37:15.939 24974 24985 I art     : Starting a blocking GC Explicit
08-03 19:37:15.976 24974 24985 I art     : Explicit concurrent mark sweep GC freed 3(96B) AllocSpace objects, 0(0B) LOS objects, 29% free, 37MB/53MB, paused 1.212ms total 36.534ms
08-03 19:37:15.988 24974 24985 I art     : Starting a blocking GC Explicit
08-03 19:37:16.029 24974 24985 I art     : Explicit concurrent mark sweep GC freed 3(96B) AllocSpace objects, 0(0B) LOS objects, 29% free, 37MB/53MB, paused 1.219ms total 41.012ms
08-03 19:37:16.042 24974 24985 I art     : Starting a blocking GC Explicit
08-03 19:37:16.084 24974 24985 I art     : Explicit concurrent mark sweep GC freed 3(96B) AllocSpace objects, 0(0B) LOS objects, 29% free, 37MB/53MB, paused 1.176ms total 41.973ms
08-03 19:37:16.415 24974 24986 I art     : Starting a blocking GC Explicit
08-03 19:37:16.458 24974 24986 I art     : Explicit concurrent mark sweep GC freed 1437(82KB) AllocSpace objects, 1(20KB) LOS objects, 29% free, 37MB/53MB, paused 1.425ms total 42.782ms
08-03 19:37:16.472 24974 24986 I art     : Starting a blocking GC Explicit
08-03 19:37:16.513 24974 24986 I art     : Explicit concurrent mark sweep GC freed 22(784B) AllocSpace objects, 0(0B) LOS objects, 29% free, 37MB/53MB, paused 1.217ms total 40.576ms
08-03 19:37:16.525 24974 24986 I art     : Starting a blocking GC Explicit
08-03 19:37:16.567 24974 24986 I art     : Explicit concurrent mark sweep GC freed 3(96B) AllocSpace objects, 0(0B) LOS objects, 29% free, 37MB/53MB, paused 1.887ms total 41.619ms
08-03 19:37:16.580 24974 24986 I art     : Starting a blocking GC Explicit
08-03 19:37:16.621 24974 24986 I art     : Explicit concurrent mark sweep GC freed 3(96B) AllocSpace objects, 0(0B) LOS objects, 29% free, 37MB/53MB, paused 1.231ms total 40.795ms
08-03 19:37:16.635 24974 24986 I art     : Starting a blocking GC Explicit
08-03 19:37:16.676 24974 24986 I art     : Explicit concurrent mark sweep GC freed 3(96B) AllocSpace objects, 0(0B) LOS objects, 29% free, 37MB/53MB, paused 1.397ms total 41.385ms
08-03 19:37:16.713 28338 28338 D AndroidRuntime: >>>>>> START com.android.internal.os.RuntimeInit uid 2000 <<<<<<
08-03 19:37:16.720 28338 28338 D AndroidRuntime: CheckJNI is OFF
08-03 19:37:16.761 28338 28338 D ICU     : No timezone override file found: /data/misc/zoneinfo/current/icu/icu_tzdata.dat
08-03 19:37:16.804 28338 28338 I Radio-JNI: register_android_hardware_Radio DONE
08-03 19:37:16.832 28338 28338 D AndroidRuntime: Calling main entry com.android.commands.input.Input
08-03 19:37:16.835 28338 28338 I Input   : injectKeyEvent: KeyEvent { action=ACTION_DOWN, keyCode=KEYCODE_BACK, scanCode=0, metaState=0, flags=0x0, repeatCount=0, eventTime=646653248, downTime=646653248, deviceId=-1, source=0x101 }
08-03 19:37:16.842 28338 28338 I Input   : injectKeyEvent: KeyEvent { action=ACTION_UP, keyCode=KEYCODE_BACK, scanCode=0, metaState=0, flags=0x0, repeatCount=0, eventTime=646653248, downTime=646653248, deviceId=-1, source=0x101 }
08-03 19:37:16.849 28338 28338 D AndroidRuntime: Shutting down VM
08-03 19:37:17.012 24974 27629 I art     : Starting a blocking GC Explicit
08-03 19:37:17.051 24974 27629 I art     : Explicit concurrent mark sweep GC freed 2814(223KB) AllocSpace objects, 5(100KB) LOS objects, 29% free, 37MB/53MB, paused 1.237ms total 38.968ms
08-03 19:37:17.060 13866 13866 I GoogleInputMethodServic: GoogleInputMethodService.onFinishInput():3138 
08-03 19:37:17.060 22816 22816 I ServiceManager: Waiting for service AtCmdFwd...
08-03 19:37:17.061 13866 13866 I GoogleInputMethodServic: GoogleInputMethodService.onStartInput():1808 
08-03 19:37:17.063 24974 27629 I art     : Starting a blocking GC Explicit
08-03 19:37:17.102 24974 27629 I art     : Explicit concurrent mark sweep GC freed 771(58KB) AllocSpace objects, 1(20KB) LOS objects, 29% free, 37MB/53MB, paused 1.302ms total 38.369ms
08-03 19:37:17.113 24974 27629 I art     : Starting a blocking GC Explicit
08-03 19:37:17.149 24974 27629 I art     : Explicit concurrent mark sweep GC freed 42(1616B) AllocSpace objects, 1(28KB) LOS objects, 29% free, 37MB/53MB, paused 1.159ms total 35.005ms
08-03 19:37:17.161 24974 27629 I art     : Starting a blocking GC Explicit
08-03 19:37:17.181  5179  5194 D QcrilMsgTunnelSocket: readRilMessage: Buffer = [B@671e81d HexData = [010000000404000011000000514f454d484f4f4bef0308000100000003]
08-03 19:37:17.181  5179  5194 D QcrilMsgTunnelSocket: Rcvd UNSOL response with 28 bytes data for SUB0
08-03 19:37:17.181  5179  5194 D QcrilMsgTunnelSocket: Response ID 525295 is not served in this process.
08-03 19:37:17.181  5179  5194 D QcrilMsgTunnelSocket: To broadcast an Intent via the notifier to external apps
08-03 19:37:17.181  5179  5179 D QcrilMsgTunnelIfaceManager: handleMessage what = 0
08-03 19:37:17.181  5179  5179 D QcrilMsgTunnelIfaceManager: Broadcasting intent ACTION_UNSOL_RESPONSE_OEM_HOOK_RAW
08-03 19:37:17.186  5164  5164 D QC_RIL_OEM_HOOK: Received Broadcast Intent ACTION_UNSOL_RESPONSE_OEM_HOOK_RAW
08-03 19:37:17.187  5164  5164 D QC_RIL_OEM_HOOK: Oem ID in QCRILHOOK UNSOL RESP is QOEMHOOK
08-03 19:37:17.197 24974 27629 I art     : Explicit concurrent mark sweep GC freed 3(96B) AllocSpace objects, 0(0B) LOS objects, 29% free, 37MB/53MB, paused 1.313ms total 35.560ms
08-03 19:37:17.209 24974 27629 I art     : Starting a blocking GC Explicit
08-03 19:37:17.247 24974 27629 I art     : Explicit concurrent mark sweep GC freed 3(96B) AllocSpace objects, 0(0B) LOS objects, 29% free, 37MB/53MB, paused 1.166ms total 37.448ms
08-03 19:37:17.592 24974 27925 I art     : Starting a blocking GC Explicit
08-03 19:37:17.637 24974 27925 I art     : Explicit concurrent mark sweep GC freed 3141(163KB) AllocSpace objects, 1(20KB) LOS objects, 29% free, 37MB/53MB, paused 1.269ms total 44.666ms
08-03 19:37:17.651 24974 27925 I art     : Starting a blocking GC Explicit
08-03 19:37:17.693 24974 27925 I art     : Explicit concurrent mark sweep GC freed 155(7KB) AllocSpace objects, 0(0B) LOS objects, 29% free, 37MB/53MB, paused 1.179ms total 42.145ms
08-03 19:37:17.707 24974 27925 I art     : Starting a blocking GC Explicit
08-03 19:37:17.743 24974 27925 I art     : Explicit concurrent mark sweep GC freed 9(288B) AllocSpace objects, 0(0B) LOS objects, 29% free, 37MB/53MB, paused 1.108ms total 36.445ms
08-03 19:37:17.755 24974 27925 I art     : Starting a blocking GC Explicit
08-03 19:37:17.791 24974 27925 I art     : Explicit concurrent mark sweep GC freed 9(288B) AllocSpace objects, 0(0B) LOS objects, 29% free, 37MB/53MB, paused 1.129ms total 36.044ms
08-03 19:37:17.803 24974 27925 I art     : Starting a blocking GC Explicit
08-03 19:37:17.838 24974 27925 I art     : Explicit concurrent mark sweep GC freed 9(288B) AllocSpace objects, 0(0B) LOS objects, 29% free, 37MB/53MB, paused 1.195ms total 35.223ms
08-03 19:37:18.061 22816 22816 I ServiceManager: Waiting for service AtCmdFwd...
08-03 19:37:18.204 24974 24986 I art     : Starting a blocking GC Explicit
08-03 19:37:18.251 24974 24986 I art     : Explicit concurrent mark sweep GC freed 1649(92KB) AllocSpace objects, 1(20KB) LOS objects, 29% free, 37MB/53MB, paused 1.425ms total 46.295ms
08-03 19:37:18.265 24974 24986 I art     : Starting a blocking GC Explicit
08-03 19:37:18.306 24974 24986 I art     : Explicit concurrent mark sweep GC freed 50(1744B) AllocSpace objects, 0(0B) LOS objects, 29% free, 37MB/53MB, paused 1.350ms total 40.601ms
08-03 19:37:18.320 24974 24986 I art     : Starting a blocking GC Explicit
08-03 19:37:18.358 24974 24986 I art     : Explicit concurrent mark sweep GC freed 8(256B) AllocSpace objects, 0(0B) LOS objects, 29% free, 37MB/53MB, paused 1.356ms total 38.651ms
08-03 19:37:18.370 24974 24986 I art     : Starting a blocking GC Explicit
08-03 19:37:18.409 24974 24986 I art     : Explicit concurrent mark sweep GC freed 9(288B) AllocSpace objects, 0(0B) LOS objects, 29% free, 37MB/53MB, paused 1.457ms total 38.538ms
08-03 19:37:18.421 24974 24986 I art     : Starting a blocking GC Explicit
08-03 19:37:18.464 24974 24986 I art     : Explicit concurrent mark sweep GC freed 8(256B) AllocSpace objects, 0(0B) LOS objects, 29% free, 37MB/53MB, paused 1.303ms total 42.520ms
08-03 19:37:18.636 28398 28398 D AndroidRuntime: >>>>>> START com.android.internal.os.RuntimeInit uid 2000 <<<<<<
08-03 19:37:18.642 28398 28398 D AndroidRuntime: CheckJNI is OFF
08-03 19:37:18.642 24974 28273 E baseline.com.newsblur.network.APIResponse: Error (unexpected end of stream on https://www.newsblur.com/...) calling https://www.newsblur.com/reader/mark_story_hashes_as_read/
08-03 19:37:18.642 24974 28273 E baseline.com.newsblur.network.APIResponse: java.io.IOException: unexpected end of stream on https://www.newsblur.com/...
08-03 19:37:18.642 24974 28273 E baseline.com.newsblur.network.APIResponse: 	at okhttp3.internal.http1.Http1ExchangeCodec.readResponseHeaders(Http1ExchangeCodec.java:236)
08-03 19:37:18.642 24974 28273 E baseline.com.newsblur.network.APIResponse: 	at okhttp3.internal.connection.Exchange.readResponseHeaders(Exchange.java:115)
08-03 19:37:18.642 24974 28273 E baseline.com.newsblur.network.APIResponse: 	at okhttp3.internal.http.CallServerInterceptor.intercept(CallServerInterceptor.java:94)
08-03 19:37:18.642 24974 28273 E baseline.com.newsblur.network.APIResponse: 	at okhttp3.internal.http.RealInterceptorChain.proceed(RealInterceptorChain.java:142)
08-03 19:37:18.642 24974 28273 E baseline.com.newsblur.network.APIResponse: 	at okhttp3.internal.connection.ConnectInterceptor.intercept(ConnectInterceptor.java:43)
08-03 19:37:18.642 24974 28273 E baseline.com.newsblur.network.APIResponse: 	at okhttp3.internal.http.RealInterceptorChain.proceed(RealInterceptorChain.java:142)
08-03 19:37:18.642 24974 28273 E baseline.com.newsblur.network.APIResponse: 	at okhttp3.internal.http.RealInterceptorChain.proceed(RealInterceptorChain.java:117)
08-03 19:37:18.642 24974 28273 E baseline.com.newsblur.network.APIResponse: 	at okhttp3.internal.cache.CacheInterceptor.intercept(CacheInterceptor.java:94)
08-03 19:37:18.642 24974 28273 E baseline.com.newsblur.network.APIResponse: 	at okhttp3.internal.http.RealInterceptorChain.proceed(RealInterceptorChain.java:142)
08-03 19:37:18.642 24974 28273 E baseline.com.newsblur.network.APIResponse: 	at okhttp3.internal.http.RealInterceptorChain.proceed(RealInterceptorChain.java:117)
08-03 19:37:18.642 24974 28273 E baseline.com.newsblur.network.APIResponse: 	at okhttp3.internal.http.BridgeInterceptor.intercept(BridgeInterceptor.java:93)
08-03 19:37:18.642 24974 28273 E baseline.com.newsblur.network.APIResponse: 	at okhttp3.internal.http.RealInterceptorChain.proceed(RealInterceptorChain.java:142)
08-03 19:37:18.642 24974 28273 E baseline.com.newsblur.network.APIResponse: 	at okhttp3.internal.http.RetryAndFollowUpInterceptor.intercept(RetryAndFollowUpInterceptor.java:88)
08-03 19:37:18.642 24974 28273 E baseline.com.newsblur.network.APIResponse: 	at okhttp3.internal.http.RealInterceptorChain.proceed(RealInterceptorChain.java:142)
08-03 19:37:18.642 24974 28273 E baseline.com.newsblur.network.APIResponse: 	at okhttp3.internal.http.RealInterceptorChain.proceed(RealInterceptorChain.java:117)
08-03 19:37:18.642 24974 28273 E baseline.com.newsblur.network.APIResponse: 	at okhttp3.RealCall.getResponseWithInterceptorChain(RealCall.java:229)
08-03 19:37:18.642 24974 28273 E baseline.com.newsblur.network.APIResponse: 	at okhttp3.RealCall.execute(RealCall.java:81)
08-03 19:37:18.642 24974 28273 E baseline.com.newsblur.network.APIResponse: 	at baseline.com.newsblur.network.APIResponse.<init>(APIResponse.java:57)
08-03 19:37:18.642 24974 28273 E baseline.com.newsblur.network.APIResponse: 	at baseline.com.newsblur.network.APIResponse.<init>(APIResponse.java:43)
08-03 19:37:18.642 24974 28273 E baseline.com.newsblur.network.APIResponse: 	at baseline.com.newsblur.network.APIManager.post_single(APIManager.java:702)
08-03 19:37:18.642 24974 28273 E baseline.com.newsblur.network.APIResponse: 	at baseline.com.newsblur.network.APIManager.post(APIManager.java:675)
08-03 19:37:18.642 24974 28273 E baseline.com.newsblur.network.APIResponse: 	at baseline.com.newsblur.network.APIManager.post(APIManager.java:714)
08-03 19:37:18.642 24974 28273 E baseline.com.newsblur.network.APIResponse: 	at baseline.com.newsblur.network.APIManager.markStoryAsRead(APIManager.java:205)
08-03 19:37:18.642 24974 28273 E baseline.com.newsblur.network.APIResponse: 	at baseline.com.newsblur.util.ReadingAction.doRemote(ReadingAction.java:281)
08-03 19:37:18.642 24974 28273 E baseline.com.newsblur.network.APIResponse: 	at baseline.com.newsblur.service.NBSyncService.syncActions(NBSyncService.java:400)
08-03 19:37:18.642 24974 28273 E baseline.com.newsblur.network.APIResponse: 	at baseline.com.newsblur.service.NBSyncService.doSync(NBSyncService.java:298)
08-03 19:37:18.642 24974 28273 E baseline.com.newsblur.network.APIResponse: 	at baseline.com.newsblur.service.NBSyncService.access$100(NBSyncService.java:67)
08-03 19:37:18.642 24974 28273 E baseline.com.newsblur.network.APIResponse: 	at baseline.com.newsblur.service.NBSyncService$1.run(NBSyncService.java:188)
08-03 19:37:18.642 24974 28273 E baseline.com.newsblur.network.APIResponse: 	at java.util.concurrent.ThreadPoolExecutor.runWorker(ThreadPoolExecutor.java:1113)
08-03 19:37:18.642 24974 28273 E baseline.com.newsblur.network.APIResponse: 	at java.util.concurrent.ThreadPoolExecutor$Worker.run(ThreadPoolExecutor.java:588)
08-03 19:37:18.642 24974 28273 E baseline.com.newsblur.network.APIResponse: 	at java.lang.Thread.run(Thread.java:818)
08-03 19:37:18.642 24974 28273 E baseline.com.newsblur.network.APIResponse: Caused by: java.io.EOFException: \n not found: limit=0 content=
08-03 19:37:18.642 24974 28273 E baseline.com.newsblur.network.APIResponse: 	at okio.RealBufferedSource.readUtf8LineStrict(RealBufferedSource.java:240)
08-03 19:37:18.642 24974 28273 E baseline.com.newsblur.network.APIResponse: 	at okhttp3.internal.http1.Http1ExchangeCodec.readHeaderLine(Http1ExchangeCodec.java:242)
08-03 19:37:18.642 24974 28273 E baseline.com.newsblur.network.APIResponse: 	at okhttp3.internal.http1.Http1ExchangeCodec.readResponseHeaders(Http1ExchangeCodec.java:213)
08-03 19:37:18.642 24974 28273 E baseline.com.newsblur.network.APIResponse: 	... 30 more
08-03 19:37:18.644 24974 28273 I baseline.com.newsblur.service.NBSyncService: Holding reading action with server-side or network error.
08-03 19:37:18.660 24974 28273 W baseline.com.newsblur.service.NBSyncService: hard API failure
08-03 19:37:18.682 28398 28398 D ICU     : No timezone override file found: /data/misc/zoneinfo/current/icu/icu_tzdata.dat
08-03 19:37:18.722 28398 28398 I Radio-JNI: register_android_hardware_Radio DONE
08-03 19:37:18.752 28398 28398 D AndroidRuntime: Calling main entry com.android.commands.input.Input
08-03 19:37:18.754 28398 28398 I Input   : injectKeyEvent: KeyEvent { action=ACTION_DOWN, keyCode=KEYCODE_BACK, scanCode=0, metaState=0, flags=0x0, repeatCount=0, eventTime=646655167, downTime=646655167, deviceId=-1, source=0x101 }
08-03 19:37:18.759 28398 28398 I Input   : injectKeyEvent: KeyEvent { action=ACTION_UP, keyCode=KEYCODE_BACK, scanCode=0, metaState=0, flags=0x0, repeatCount=0, eventTime=646655167, downTime=646655167, deviceId=-1, source=0x101 }
08-03 19:37:18.767 28398 28398 D AndroidRuntime: Shutting down VM
08-03 19:37:18.801 24974 24986 I art     : Starting a blocking GC Explicit
08-03 19:37:18.844 24974 24986 I art     : Explicit concurrent mark sweep GC freed 4685(472KB) AllocSpace objects, 9(180KB) LOS objects, 29% free, 37MB/53MB, paused 1.425ms total 42.855ms
08-03 19:37:18.857 24974 24986 I art     : Starting a blocking GC Explicit
08-03 19:37:18.900 24974 24986 I art     : Explicit concurrent mark sweep GC freed 1984(128KB) AllocSpace objects, 3(60KB) LOS objects, 29% free, 37MB/53MB, paused 1.616ms total 42.563ms
08-03 19:37:18.912 24974 24986 I art     : Starting a blocking GC Explicit
08-03 19:37:18.940 13866 13866 I GoogleInputMethodServic: GoogleInputMethodService.onFinishInput():3138 
08-03 19:37:18.940 13866 13866 I GoogleInputMethodServic: GoogleInputMethodService.onStartInput():1808 
08-03 19:37:18.954 24974 24986 I art     : Explicit concurrent mark sweep GC freed 5950(385KB) AllocSpace objects, 5(100KB) LOS objects, 29% free, 37MB/53MB, paused 1.313ms total 42.242ms
08-03 19:37:18.970 24974 24986 I art     : Starting a blocking GC Explicit
08-03 19:37:19.000   518   646 I ThermalEngine: ACTION: GPU - Setting GPU[0] to 390000000
08-03 19:37:19.026 24974 24986 I art     : Explicit concurrent mark sweep GC freed 187(7KB) AllocSpace objects, 0(0B) LOS objects, 29% free, 37MB/53MB, paused 1.966ms total 55.638ms
08-03 19:37:19.043 24974 24986 I art     : Starting a blocking GC Explicit
08-03 19:37:19.061 22816 22816 I ServiceManager: Waiting for service AtCmdFwd...
08-03 19:37:19.093 24974 24986 I art     : Explicit concurrent mark sweep GC freed 1696(66KB) AllocSpace objects, 0(0B) LOS objects, 29% free, 37MB/53MB, paused 3.520ms total 49.893ms
08-03 19:37:19.131 24974 28273 E baseline.com.newsblur.network.APIResponse: Error (unexpected end of stream on https://www.newsblur.com/...) calling https://www.newsblur.com/reader/mark_story_hashes_as_read/
08-03 19:37:19.131 24974 28273 E baseline.com.newsblur.network.APIResponse: java.io.IOException: unexpected end of stream on https://www.newsblur.com/...
08-03 19:37:19.131 24974 28273 E baseline.com.newsblur.network.APIResponse: 	at okhttp3.internal.http1.Http1ExchangeCodec.readResponseHeaders(Http1ExchangeCodec.java:236)
08-03 19:37:19.131 24974 28273 E baseline.com.newsblur.network.APIResponse: 	at okhttp3.internal.connection.Exchange.readResponseHeaders(Exchange.java:115)
08-03 19:37:19.131 24974 28273 E baseline.com.newsblur.network.APIResponse: 	at okhttp3.internal.http.CallServerInterceptor.intercept(CallServerInterceptor.java:94)
08-03 19:37:19.131 24974 28273 E baseline.com.newsblur.network.APIResponse: 	at okhttp3.internal.http.RealInterceptorChain.proceed(RealInterceptorChain.java:142)
08-03 19:37:19.131 24974 28273 E baseline.com.newsblur.network.APIResponse: 	at okhttp3.internal.connection.ConnectInterceptor.intercept(ConnectInterceptor.java:43)
08-03 19:37:19.131 24974 28273 E baseline.com.newsblur.network.APIResponse: 	at okhttp3.internal.http.RealInterceptorChain.proceed(RealInterceptorChain.java:142)
08-03 19:37:19.131 24974 28273 E baseline.com.newsblur.network.APIResponse: 	at okhttp3.internal.http.RealInterceptorChain.proceed(RealInterceptorChain.java:117)
08-03 19:37:19.131 24974 28273 E baseline.com.newsblur.network.APIResponse: 	at okhttp3.internal.cache.CacheInterceptor.intercept(CacheInterceptor.java:94)
08-03 19:37:19.131 24974 28273 E baseline.com.newsblur.network.APIResponse: 	at okhttp3.internal.http.RealInterceptorChain.proceed(RealInterceptorChain.java:142)
08-03 19:37:19.131 24974 28273 E baseline.com.newsblur.network.APIResponse: 	at okhttp3.internal.http.RealInterceptorChain.proceed(RealInterceptorChain.java:117)
08-03 19:37:19.131 24974 28273 E baseline.com.newsblur.network.APIResponse: 	at okhttp3.internal.http.BridgeInterceptor.intercept(BridgeInterceptor.java:93)
08-03 19:37:19.131 24974 28273 E baseline.com.newsblur.network.APIResponse: 	at okhttp3.internal.http.RealInterceptorChain.proceed(RealInterceptorChain.java:142)
08-03 19:37:19.131 24974 28273 E baseline.com.newsblur.network.APIResponse: 	at okhttp3.internal.http.RetryAndFollowUpInterceptor.intercept(RetryAndFollowUpInterceptor.java:88)
08-03 19:37:19.131 24974 28273 E baseline.com.newsblur.network.APIResponse: 	at okhttp3.internal.http.RealInterceptorChain.proceed(RealInterceptorChain.java:142)
08-03 19:37:19.131 24974 28273 E baseline.com.newsblur.network.APIResponse: 	at okhttp3.internal.http.RealInterceptorChain.proceed(RealInterceptorChain.java:117)
08-03 19:37:19.131 24974 28273 E baseline.com.newsblur.network.APIResponse: 	at okhttp3.RealCall.getResponseWithInterceptorChain(RealCall.java:229)
08-03 19:37:19.131 24974 28273 E baseline.com.newsblur.network.APIResponse: 	at okhttp3.RealCall.execute(RealCall.java:81)
08-03 19:37:19.131 24974 28273 E baseline.com.newsblur.network.APIResponse: 	at baseline.com.newsblur.network.APIResponse.<init>(APIResponse.java:57)
08-03 19:37:19.131 24974 28273 E baseline.com.newsblur.network.APIResponse: 	at baseline.com.newsblur.network.APIResponse.<init>(APIResponse.java:43)
08-03 19:37:19.131 24974 28273 E baseline.com.newsblur.network.APIResponse: 	at baseline.com.newsblur.network.APIManager.post_single(APIManager.java:702)
08-03 19:37:19.131 24974 28273 E baseline.com.newsblur.network.APIResponse: 	at baseline.com.newsblur.network.APIManager.post(APIManager.java:675)
08-03 19:37:19.131 24974 28273 E baseline.com.newsblur.network.APIResponse: 	at baseline.com.newsblur.network.APIManager.post(APIManager.java:714)
08-03 19:37:19.131 24974 28273 E baseline.com.newsblur.network.APIResponse: 	at baseline.com.newsblur.network.APIManager.markStoryAsRead(APIManager.java:205)
08-03 19:37:19.131 24974 28273 E baseline.com.newsblur.network.APIResponse: 	at baseline.com.newsblur.util.ReadingAction.doRemote(ReadingAction.java:281)
08-03 19:37:19.131 24974 28273 E baseline.com.newsblur.network.APIResponse: 	at baseline.com.newsblur.service.NBSyncService.syncActions(NBSyncService.java:400)
08-03 19:37:19.131 24974 28273 E baseline.com.newsblur.network.APIResponse: 	at baseline.com.newsblur.service.NBSyncService.doSync(NBSyncService.java:298)
08-03 19:37:19.131 24974 28273 E baseline.com.newsblur.network.APIResponse: 	at baseline.com.newsblur.service.NBSyncService.access$100(NBSyncService.java:67)
08-03 19:37:19.131 24974 28273 E baseline.com.newsblur.network.APIResponse: 	at baseline.com.newsblur.service.NBSyncService$1.run(NBSyncService.java:188)
08-03 19:37:19.131 24974 28273 E baseline.com.newsblur.network.APIResponse: 	at java.util.concurrent.ThreadPoolExecutor.runWorker(ThreadPoolExecutor.java:1113)
08-03 19:37:19.131 24974 28273 E baseline.com.newsblur.network.APIResponse: 	at java.util.concurrent.ThreadPoolExecutor$Worker.run(ThreadPoolExecutor.java:588)
08-03 19:37:19.131 24974 28273 E baseline.com.newsblur.network.APIResponse: 	at java.lang.Thread.run(Thread.java:818)
08-03 19:37:19.131 24974 28273 E baseline.com.newsblur.network.APIResponse: Caused by: java.io.EOFException: \n not found: limit=0 content=
08-03 19:37:19.131 24974 28273 E baseline.com.newsblur.network.APIResponse: 	at okio.RealBufferedSource.readUtf8LineStrict(RealBufferedSource.java:240)
08-03 19:37:19.131 24974 28273 E baseline.com.newsblur.network.APIResponse: 	at okhttp3.internal.http1.Http1ExchangeCodec.readHeaderLine(Http1ExchangeCodec.java:242)
08-03 19:37:19.131 24974 28273 E baseline.com.newsblur.network.APIResponse: 	at okhttp3.internal.http1.Http1ExchangeCodec.readResponseHeaders(Http1ExchangeCodec.java:213)
08-03 19:37:19.131 24974 28273 E baseline.com.newsblur.network.APIResponse: 	... 30 more
08-03 19:37:19.132 24974 28273 I baseline.com.newsblur.network.APIManager: API call failed, pausing before retry number 1
08-03 19:37:19.479 24974 24985 I art     : Starting a blocking GC Explicit
08-03 19:37:19.533 24974 24985 I art     : Explicit concurrent mark sweep GC freed 2858(316KB) AllocSpace objects, 3(60KB) LOS objects, 29% free, 37MB/53MB, paused 1.897ms total 53.723ms
08-03 19:37:19.553 24974 24985 I art     : Starting a blocking GC Explicit
08-03 19:37:19.607 24974 24985 I art     : Explicit concurrent mark sweep GC freed 216(9KB) AllocSpace objects, 0(0B) LOS objects, 29% free, 37MB/53MB, paused 2.083ms total 53.515ms
08-03 19:37:19.628 24974 24985 I art     : Starting a blocking GC Explicit
08-03 19:37:19.681 24974 24985 I art     : Explicit concurrent mark sweep GC freed 11(352B) AllocSpace objects, 0(0B) LOS objects, 29% free, 37MB/53MB, paused 2.025ms total 52.954ms
08-03 19:37:19.701 24974 24985 I art     : Starting a blocking GC Explicit
08-03 19:37:19.756 24974 24985 I art     : Explicit concurrent mark sweep GC freed 13(416B) AllocSpace objects, 0(0B) LOS objects, 29% free, 37MB/53MB, paused 2.016ms total 54.388ms
08-03 19:37:19.775 24974 24985 I art     : Starting a blocking GC Explicit
08-03 19:37:19.829 24974 24985 I art     : Explicit concurrent mark sweep GC freed 11(352B) AllocSpace objects, 0(0B) LOS objects, 29% free, 37MB/53MB, paused 2.188ms total 53.021ms
08-03 19:37:20.062 22816 22816 I ServiceManager: Waiting for service AtCmdFwd...
08-03 19:37:20.222 24974 27925 I art     : Starting a blocking GC Explicit
08-03 19:37:20.276 24974 27925 I art     : Explicit concurrent mark sweep GC freed 1487(84KB) AllocSpace objects, 1(20KB) LOS objects, 29% free, 37MB/53MB, paused 2.177ms total 53.134ms
08-03 19:37:20.295 24974 27925 I art     : Starting a blocking GC Explicit
08-03 19:37:20.346 24974 27925 I art     : Explicit concurrent mark sweep GC freed 73(2656B) AllocSpace objects, 0(0B) LOS objects, 29% free, 37MB/53MB, paused 2.058ms total 50.968ms
08-03 19:37:20.364 24974 27925 I art     : Starting a blocking GC Explicit
08-03 19:37:20.415 24974 27925 I art     : Explicit concurrent mark sweep GC freed 8(256B) AllocSpace objects, 0(0B) LOS objects, 29% free, 37MB/53MB, paused 1.944ms total 50.845ms
08-03 19:37:20.433 24974 27925 I art     : Starting a blocking GC Explicit
08-03 19:37:20.483 24974 27925 I art     : Explicit concurrent mark sweep GC freed 3(96B) AllocSpace objects, 0(0B) LOS objects, 29% free, 37MB/53MB, paused 1.832ms total 49.566ms
08-03 19:37:20.501 24974 27925 I art     : Starting a blocking GC Explicit
08-03 19:37:20.552 24974 27925 I art     : Explicit concurrent mark sweep GC freed 3(96B) AllocSpace objects, 0(0B) LOS objects, 29% free, 37MB/53MB, paused 2.032ms total 51.123ms
08-03 19:37:20.663 28434 28434 D AndroidRuntime: >>>>>> START com.android.internal.os.RuntimeInit uid 2000 <<<<<<
08-03 19:37:20.670 28434 28434 D AndroidRuntime: CheckJNI is OFF
08-03 19:37:20.730 28434 28434 D ICU     : No timezone override file found: /data/misc/zoneinfo/current/icu/icu_tzdata.dat
08-03 19:37:20.777 28434 28434 I Radio-JNI: register_android_hardware_Radio DONE
08-03 19:37:20.810 28434 28434 D AndroidRuntime: Calling main entry com.android.commands.input.Input
08-03 19:37:20.813 28434 28434 I Input   : injectMotionEvent: MotionEvent { action=ACTION_DOWN, actionButton=0, id[0]=0, x[0]=594.0, y[0]=330.0, toolType[0]=TOOL_TYPE_UNKNOWN, buttonState=0, metaState=0, flags=0x0, edgeFlags=0x0, pointerCount=1, historySize=0, eventTime=646657225, downTime=646657225, deviceId=0, source=0x1002 }
08-03 19:37:20.819 28434 28434 I Input   : injectMotionEvent: MotionEvent { action=ACTION_UP, actionButton=0, id[0]=0, x[0]=594.0, y[0]=330.0, toolType[0]=TOOL_TYPE_UNKNOWN, buttonState=0, metaState=0, flags=0x0, edgeFlags=0x0, pointerCount=1, historySize=0, eventTime=646657225, downTime=646657225, deviceId=0, source=0x1002 }
08-03 19:37:20.826 28434 28434 D AndroidRuntime: Shutting down VM
08-03 19:37:20.895   918  5132 I ActivityManager: START u0 {cmp=baseline.com.newsblur/.activity.GlobalSharedStoriesItemsList (has extras)} from uid 10625 on display 0
08-03 19:37:20.918 24974 24986 I art     : Starting a blocking GC Explicit
08-03 19:37:20.945 24974 27961 I baseline.com.newsblur.database.BlurDatabaseHelper: reading session reset
08-03 19:37:20.975 24974 24986 I art     : Explicit concurrent mark sweep GC freed 3320(254KB) AllocSpace objects, 6(212KB) LOS objects, 29% free, 37MB/53MB, paused 2.291ms total 57.048ms
08-03 19:37:20.992 24974 24986 I art     : Starting a blocking GC Explicit
08-03 19:37:21.040 24974 24986 I art     : Explicit concurrent mark sweep GC freed 384(20KB) AllocSpace objects, 0(0B) LOS objects, 29% free, 37MB/53MB, paused 1.913ms total 47.029ms
08-03 19:37:21.058 24974 24986 I art     : Starting a blocking GC Explicit
08-03 19:37:21.062 22816 22816 I ServiceManager: Waiting for service AtCmdFwd...
08-03 19:37:21.110 24974 24986 I art     : Explicit concurrent mark sweep GC freed 568(44KB) AllocSpace objects, 1(20KB) LOS objects, 29% free, 37MB/53MB, paused 2.470ms total 52.497ms
08-03 19:37:21.136 24974 24986 I art     : Starting a blocking GC Explicit
08-03 19:37:21.176 24974 24974 W View    : requestLayout() improperly called by android.widget.FrameLayout{1528ed3 V.E...... ......ID 0,0-1440,18 #7f07003f app:id/footer_view_inner} during layout: running second layout pass
08-03 19:37:21.176 24974 24974 W View    : requestLayout() improperly called by android.widget.FrameLayout{1dd4a10 V.E...... ......ID 0,0-1440,2091 #7f07003f app:id/footer_view_inner} during layout: running second layout pass
08-03 19:37:21.180 24974 28273 E baseline.com.newsblur.network.APIResponse: Error (unexpected end of stream on https://www.newsblur.com/...) calling https://www.newsblur.com/reader/mark_story_hashes_as_read/
08-03 19:37:21.180 24974 28273 E baseline.com.newsblur.network.APIResponse: java.io.IOException: unexpected end of stream on https://www.newsblur.com/...
08-03 19:37:21.180 24974 28273 E baseline.com.newsblur.network.APIResponse: 	at okhttp3.internal.http1.Http1ExchangeCodec.readResponseHeaders(Http1ExchangeCodec.java:236)
08-03 19:37:21.180 24974 28273 E baseline.com.newsblur.network.APIResponse: 	at okhttp3.internal.connection.Exchange.readResponseHeaders(Exchange.java:115)
08-03 19:37:21.180 24974 28273 E baseline.com.newsblur.network.APIResponse: 	at okhttp3.internal.http.CallServerInterceptor.intercept(CallServerInterceptor.java:94)
08-03 19:37:21.180 24974 28273 E baseline.com.newsblur.network.APIResponse: 	at okhttp3.internal.http.RealInterceptorChain.proceed(RealInterceptorChain.java:142)
08-03 19:37:21.180 24974 28273 E baseline.com.newsblur.network.APIResponse: 	at okhttp3.internal.connection.ConnectInterceptor.intercept(ConnectInterceptor.java:43)
08-03 19:37:21.180 24974 28273 E baseline.com.newsblur.network.APIResponse: 	at okhttp3.internal.http.RealInterceptorChain.proceed(RealInterceptorChain.java:142)
08-03 19:37:21.180 24974 28273 E baseline.com.newsblur.network.APIResponse: 	at okhttp3.internal.http.RealInterceptorChain.proceed(RealInterceptorChain.java:117)
08-03 19:37:21.180 24974 28273 E baseline.com.newsblur.network.APIResponse: 	at okhttp3.internal.cache.CacheInterceptor.intercept(CacheInterceptor.java:94)
08-03 19:37:21.180 24974 28273 E baseline.com.newsblur.network.APIResponse: 	at okhttp3.internal.http.RealInterceptorChain.proceed(RealInterceptorChain.java:142)
08-03 19:37:21.180 24974 28273 E baseline.com.newsblur.network.APIResponse: 	at okhttp3.internal.http.RealInterceptorChain.proceed(RealInterceptorChain.java:117)
08-03 19:37:21.180 24974 28273 E baseline.com.newsblur.network.APIResponse: 	at okhttp3.internal.http.BridgeInterceptor.intercept(BridgeInterceptor.java:93)
08-03 19:37:21.180 24974 28273 E baseline.com.newsblur.network.APIResponse: 	at okhttp3.internal.http.RealInterceptorChain.proceed(RealInterceptorChain.java:142)
08-03 19:37:21.180 24974 28273 E baseline.com.newsblur.network.APIResponse: 	at okhttp3.internal.http.RetryAndFollowUpInterceptor.intercept(RetryAndFollowUpInterceptor.java:88)
08-03 19:37:21.180 24974 28273 E baseline.com.newsblur.network.APIResponse: 	at okhttp3.internal.http.RealInterceptorChain.proceed(RealInterceptorChain.java:142)
08-03 19:37:21.180 24974 28273 E baseline.com.newsblur.network.APIResponse: 	at okhttp3.internal.http.RealInterceptorChain.proceed(RealInterceptorChain.java:117)
08-03 19:37:21.180 24974 28273 E baseline.com.newsblur.network.APIResponse: 	at okhttp3.RealCall.getResponseWithInterceptorChain(RealCall.java:229)
08-03 19:37:21.180 24974 28273 E baseline.com.newsblur.network.APIResponse: 	at okhttp3.RealCall.execute(RealCall.java:81)
08-03 19:37:21.180 24974 28273 E baseline.com.newsblur.network.APIResponse: 	at baseline.com.newsblur.network.APIResponse.<init>(APIResponse.java:57)
08-03 19:37:21.180 24974 28273 E baseline.com.newsblur.network.APIResponse: 	at baseline.com.newsblur.network.APIResponse.<init>(APIResponse.java:43)
08-03 19:37:21.180 24974 28273 E baseline.com.newsblur.network.APIResponse: 	at baseline.com.newsblur.network.APIManager.post_single(APIManager.java:702)
08-03 19:37:21.180 24974 28273 E baseline.com.newsblur.network.APIResponse: 	at baseline.com.newsblur.network.APIManager.post(APIManager.java:675)
08-03 19:37:21.180 24974 28273 E baseline.com.newsblur.network.APIResponse: 	at baseline.com.newsblur.network.APIManager.post(APIManager.java:714)
08-03 19:37:21.180 24974 28273 E baseline.com.newsblur.network.APIResponse: 	at baseline.com.newsblur.network.APIManager.markStoryAsRead(APIManager.java:205)
08-03 19:37:21.180 24974 28273 E baseline.com.newsblur.network.APIResponse: 	at baseline.com.newsblur.util.ReadingAction.doRemote(ReadingAction.java:281)
08-03 19:37:21.180 24974 28273 E baseline.com.newsblur.network.APIResponse: 	at baseline.com.newsblur.service.NBSyncService.syncActions(NBSyncService.java:400)
08-03 19:37:21.180 24974 28273 E baseline.com.newsblur.network.APIResponse: 	at baseline.com.newsblur.service.NBSyncService.doSync(NBSyncService.java:298)
08-03 19:37:21.180 24974 28273 E baseline.com.newsblur.network.APIResponse: 	at baseline.com.newsblur.service.NBSyncService.access$100(NBSyncService.java:67)
08-03 19:37:21.180 24974 28273 E baseline.com.newsblur.network.APIResponse: 	at baseline.com.newsblur.service.NBSyncService$1.run(NBSyncService.java:188)
08-03 19:37:21.180 24974 28273 E baseline.com.newsblur.network.APIResponse: 	at java.util.concurrent.ThreadPoolExecutor.runWorker(ThreadPoolExecutor.java:1113)
08-03 19:37:21.180 24974 28273 E baseline.com.newsblur.network.APIResponse: 	at java.util.concurrent.ThreadPoolExecutor$Worker.run(ThreadPoolExecutor.java:588)
08-03 19:37:21.180 24974 28273 E baseline.com.newsblur.network.APIResponse: 	at java.lang.Thread.run(Thread.java:818)
08-03 19:37:21.180 24974 28273 E baseline.com.newsblur.network.APIResponse: Caused by: java.io.EOFException: \n not found: limit=0 content=
08-03 19:37:21.180 24974 28273 E baseline.com.newsblur.network.APIResponse: 	at okio.RealBufferedSource.readUtf8LineStrict(RealBufferedSource.java:240)
08-03 19:37:21.180 24974 28273 E baseline.com.newsblur.network.APIResponse: 	at okhttp3.internal.http1.Http1ExchangeCodec.readHeaderLine(Http1ExchangeCodec.java:242)
08-03 19:37:21.180 24974 28273 E baseline.com.newsblur.network.APIResponse: 	at okhttp3.internal.http1.Http1ExchangeCodec.readResponseHeaders(Http1ExchangeCodec.java:213)
08-03 19:37:21.180 24974 28273 E baseline.com.newsblur.network.APIResponse: 	... 30 more
08-03 19:37:21.181 24974 28273 I baseline.com.newsblur.network.APIManager: API call failed, pausing before retry number 2
08-03 19:37:21.188 24974 24986 I art     : Explicit concurrent mark sweep GC freed 2486(248KB) AllocSpace objects, 2(40KB) LOS objects, 29% free, 37MB/53MB, paused 2.078ms total 52.295ms
08-03 19:37:21.198   918   936 I ActivityManager: Displayed baseline.com.newsblur/.activity.GlobalSharedStoriesItemsList: +277ms
08-03 19:37:21.199 13866 13866 I GoogleInputMethodServic: GoogleInputMethodService.onFinishInput():3138 
08-03 19:37:21.204 13866 13866 I GoogleInputMethodServic: GoogleInputMethodService.onStartInput():1808 
08-03 19:37:21.205 24974 24986 I art     : Starting a blocking GC Explicit
08-03 19:37:21.258 24974 24986 I art     : Explicit concurrent mark sweep GC freed 1418(126KB) AllocSpace objects, 6(120KB) LOS objects, 29% free, 37MB/53MB, paused 2.886ms total 51.897ms
08-03 19:37:21.300 24974 28466 I NAPPA_EXPERIMENTATION: MetricNetworkRequestExecutionTime: REQUEST_DURATION_SYSTEM='35',REQUEST_DURATION_OKHTTP='34',REQUEST_SYNCHRONOUS='TRUE',RESPONSE_CODE='200',RESPONSE_METHOD='GET',RESPONSE_LENGTH_OKHTTP='43',RESPONSE_LENGTH_HEADER='43',REQUEST_PROTOCOL='http/1.1',REQUEST_URL='http://feeds.feedburner.com/~r/retort/~4/UffaFMiJbNs',
08-03 19:37:21.645 24974 24986 I art     : Starting a blocking GC Explicit
08-03 19:37:21.698 24974 24986 I art     : Explicit concurrent mark sweep GC freed 2725(174KB) AllocSpace objects, 4(80KB) LOS objects, 29% free, 37MB/53MB, paused 1.966ms total 53.105ms
08-03 19:37:21.716 24974 24986 I art     : Starting a blocking GC Explicit
08-03 19:37:21.772 24974 24986 I art     : Explicit concurrent mark sweep GC freed 67(2688B) AllocSpace objects, 0(0B) LOS objects, 29% free, 37MB/53MB, paused 2.185ms total 55.292ms
08-03 19:37:21.791 24974 24986 I art     : Starting a blocking GC Explicit
08-03 19:37:21.848 24974 24986 I art     : Explicit concurrent mark sweep GC freed 3(96B) AllocSpace objects, 0(0B) LOS objects, 29% free, 37MB/53MB, paused 2.170ms total 55.988ms
08-03 19:37:21.866 24974 24986 I art     : Starting a blocking GC Explicit
08-03 19:37:21.924 24974 24986 I art     : Explicit concurrent mark sweep GC freed 3(96B) AllocSpace objects, 0(0B) LOS objects, 29% free, 37MB/53MB, paused 2.155ms total 56.668ms
08-03 19:37:21.943 24974 24986 I art     : Starting a blocking GC Explicit
08-03 19:37:22.000 24974 24986 I art     : Explicit concurrent mark sweep GC freed 3(96B) AllocSpace objects, 0(0B) LOS objects, 29% free, 37MB/53MB, paused 2.309ms total 56.812ms
08-03 19:37:22.005   518   646 I ThermalEngine: ACTION: GPU - Setting GPU[0] to 450000000
08-03 19:37:22.063 22816 22816 W Atfwd_Sendcmd: AtCmdFwd service not published, waiting... retryCnt : 3
08-03 19:37:22.355 24974 27925 I art     : Starting a blocking GC Explicit
08-03 19:37:22.407 24974 27925 I art     : Explicit concurrent mark sweep GC freed 1447(83KB) AllocSpace objects, 1(20KB) LOS objects, 29% free, 37MB/53MB, paused 2.693ms total 52.238ms
08-03 19:37:22.422 24974 27925 I art     : Starting a blocking GC Explicit
08-03 19:37:22.470 24974 27925 I art     : Explicit concurrent mark sweep GC freed 28(976B) AllocSpace objects, 0(0B) LOS objects, 29% free, 37MB/53MB, paused 1.238ms total 48.135ms
08-03 19:37:22.484 24974 27925 I art     : Starting a blocking GC Explicit
08-03 19:37:22.532 24974 27925 I art     : Explicit concurrent mark sweep GC freed 11(352B) AllocSpace objects, 0(0B) LOS objects, 29% free, 37MB/53MB, paused 1.462ms total 46.912ms
08-03 19:37:22.545 24974 27925 I art     : Starting a blocking GC Explicit
08-03 19:37:22.590 24974 27925 I art     : Explicit concurrent mark sweep GC freed 8(256B) AllocSpace objects, 0(0B) LOS objects, 29% free, 37MB/53MB, paused 1.309ms total 44.896ms
08-03 19:37:22.604 24974 27925 I art     : Starting a blocking GC Explicit
08-03 19:37:22.651 24974 27925 I art     : Explicit concurrent mark sweep GC freed 3(96B) AllocSpace objects, 0(0B) LOS objects, 29% free, 37MB/53MB, paused 1.303ms total 46.849ms
08-03 19:37:23.023 24974 27629 I art     : Starting a blocking GC Explicit
08-03 19:37:23.072 24974 27629 I art     : Explicit concurrent mark sweep GC freed 1436(82KB) AllocSpace objects, 1(20KB) LOS objects, 29% free, 37MB/53MB, paused 1.289ms total 48.334ms
08-03 19:37:23.085 24974 27629 I art     : Starting a blocking GC Explicit
08-03 19:37:23.133 24974 27629 I art     : Explicit concurrent mark sweep GC freed 22(784B) AllocSpace objects, 0(0B) LOS objects, 29% free, 37MB/53MB, paused 1.390ms total 47.543ms
08-03 19:37:23.146 24974 27629 I art     : Starting a blocking GC Explicit
08-03 19:37:23.195 24974 27629 I art     : Explicit concurrent mark sweep GC freed 3(96B) AllocSpace objects, 0(0B) LOS objects, 29% free, 37MB/53MB, paused 1.425ms total 48.607ms
08-03 19:37:23.208 24974 27629 I art     : Starting a blocking GC Explicit
08-03 19:37:23.256 24974 27629 I art     : Explicit concurrent mark sweep GC freed 3(96B) AllocSpace objects, 0(0B) LOS objects, 29% free, 37MB/53MB, paused 1.332ms total 47.418ms
08-03 19:37:23.269 24974 27629 I art     : Starting a blocking GC Explicit
08-03 19:37:23.320 24974 27629 I art     : Explicit concurrent mark sweep GC freed 3(96B) AllocSpace objects, 0(0B) LOS objects, 29% free, 37MB/53MB, paused 1.394ms total 50.137ms
08-03 19:37:23.711 24974 24986 I art     : Starting a blocking GC Explicit
08-03 19:37:23.761 24974 24986 I art     : Explicit concurrent mark sweep GC freed 1438(83KB) AllocSpace objects, 1(20KB) LOS objects, 29% free, 37MB/53MB, paused 1.383ms total 49.384ms
08-03 19:37:23.774 24974 24986 I art     : Starting a blocking GC Explicit
08-03 19:37:23.823 24974 24986 I art     : Explicit concurrent mark sweep GC freed 22(784B) AllocSpace objects, 0(0B) LOS objects, 29% free, 37MB/53MB, paused 1.436ms total 48.638ms
08-03 19:37:23.836 24974 24986 I art     : Starting a blocking GC Explicit
08-03 19:37:23.883 24974 24986 I art     : Explicit concurrent mark sweep GC freed 3(96B) AllocSpace objects, 0(0B) LOS objects, 29% free, 37MB/53MB, paused 1.441ms total 46.707ms
08-03 19:37:23.896 24974 24986 I art     : Starting a blocking GC Explicit
08-03 19:37:23.945 24974 24986 I art     : Explicit concurrent mark sweep GC freed 3(96B) AllocSpace objects, 0(0B) LOS objects, 29% free, 37MB/53MB, paused 1.438ms total 48.600ms
08-03 19:37:23.959 24974 24986 I art     : Starting a blocking GC Explicit
08-03 19:37:24.004 24974 24986 I art     : Explicit concurrent mark sweep GC freed 3(96B) AllocSpace objects, 0(0B) LOS objects, 29% free, 37MB/53MB, paused 1.361ms total 45.208ms
08-03 19:37:24.408 24974 24985 I art     : Starting a blocking GC Explicit
08-03 19:37:24.459 24974 24985 I art     : Explicit concurrent mark sweep GC freed 1602(91KB) AllocSpace objects, 1(20KB) LOS objects, 29% free, 37MB/53MB, paused 1.495ms total 50.790ms
08-03 19:37:24.475 24974 24985 I art     : Starting a blocking GC Explicit
08-03 19:37:24.521 24974 24985 I art     : Explicit concurrent mark sweep GC freed 28(1040B) AllocSpace objects, 0(0B) LOS objects, 29% free, 37MB/53MB, paused 1.447ms total 45.700ms
08-03 19:37:24.534 24974 24985 I art     : Starting a blocking GC Explicit
08-03 19:37:24.581 24974 24985 I art     : Explicit concurrent mark sweep GC freed 3(96B) AllocSpace objects, 0(0B) LOS objects, 29% free, 37MB/53MB, paused 1.461ms total 47.444ms
08-03 19:37:24.594 24974 24985 I art     : Starting a blocking GC Explicit
08-03 19:37:24.641 24974 24985 I art     : Explicit concurrent mark sweep GC freed 3(96B) AllocSpace objects, 0(0B) LOS objects, 29% free, 37MB/53MB, paused 1.461ms total 46.401ms
08-03 19:37:24.654 24974 24985 I art     : Starting a blocking GC Explicit
08-03 19:37:24.702 24974 24985 I art     : Explicit concurrent mark sweep GC freed 3(96B) AllocSpace objects, 0(0B) LOS objects, 29% free, 37MB/53MB, paused 1.443ms total 47.843ms
08-03 19:37:24.782 24974 28273 E baseline.com.newsblur.network.APIResponse: Error (unexpected end of stream on https://www.newsblur.com/...) calling https://www.newsblur.com/reader/mark_story_hashes_as_read/
08-03 19:37:24.782 24974 28273 E baseline.com.newsblur.network.APIResponse: java.io.IOException: unexpected end of stream on https://www.newsblur.com/...
08-03 19:37:24.782 24974 28273 E baseline.com.newsblur.network.APIResponse: 	at okhttp3.internal.http1.Http1ExchangeCodec.readResponseHeaders(Http1ExchangeCodec.java:236)
08-03 19:37:24.782 24974 28273 E baseline.com.newsblur.network.APIResponse: 	at okhttp3.internal.connection.Exchange.readResponseHeaders(Exchange.java:115)
08-03 19:37:24.782 24974 28273 E baseline.com.newsblur.network.APIResponse: 	at okhttp3.internal.http.CallServerInterceptor.intercept(CallServerInterceptor.java:94)
08-03 19:37:24.782 24974 28273 E baseline.com.newsblur.network.APIResponse: 	at okhttp3.internal.http.RealInterceptorChain.proceed(RealInterceptorChain.java:142)
08-03 19:37:24.782 24974 28273 E baseline.com.newsblur.network.APIResponse: 	at okhttp3.internal.connection.ConnectInterceptor.intercept(ConnectInterceptor.java:43)
08-03 19:37:24.782 24974 28273 E baseline.com.newsblur.network.APIResponse: 	at okhttp3.internal.http.RealInterceptorChain.proceed(RealInterceptorChain.java:142)
08-03 19:37:24.782 24974 28273 E baseline.com.newsblur.network.APIResponse: 	at okhttp3.internal.http.RealInterceptorChain.proceed(RealInterceptorChain.java:117)
08-03 19:37:24.782 24974 28273 E baseline.com.newsblur.network.APIResponse: 	at okhttp3.internal.cache.CacheInterceptor.intercept(CacheInterceptor.java:94)
08-03 19:37:24.782 24974 28273 E baseline.com.newsblur.network.APIResponse: 	at okhttp3.internal.http.RealInterceptorChain.proceed(RealInterceptorChain.java:142)
08-03 19:37:24.782 24974 28273 E baseline.com.newsblur.network.APIResponse: 	at okhttp3.internal.http.RealInterceptorChain.proceed(RealInterceptorChain.java:117)
08-03 19:37:24.782 24974 28273 E baseline.com.newsblur.network.APIResponse: 	at okhttp3.internal.http.BridgeInterceptor.intercept(BridgeInterceptor.java:93)
08-03 19:37:24.782 24974 28273 E baseline.com.newsblur.network.APIResponse: 	at okhttp3.internal.http.RealInterceptorChain.proceed(RealInterceptorChain.java:142)
08-03 19:37:24.782 24974 28273 E baseline.com.newsblur.network.APIResponse: 	at okhttp3.internal.http.RetryAndFollowUpInterceptor.intercept(RetryAndFollowUpInterceptor.java:88)
08-03 19:37:24.782 24974 28273 E baseline.com.newsblur.network.APIResponse: 	at okhttp3.internal.http.RealInterceptorChain.proceed(RealInterceptorChain.java:142)
08-03 19:37:24.782 24974 28273 E baseline.com.newsblur.network.APIResponse: 	at okhttp3.internal.http.RealInterceptorChain.proceed(RealInterceptorChain.java:117)
08-03 19:37:24.782 24974 28273 E baseline.com.newsblur.network.APIResponse: 	at okhttp3.RealCall.getResponseWithInterceptorChain(RealCall.java:229)
08-03 19:37:24.782 24974 28273 E baseline.com.newsblur.network.APIResponse: 	at okhttp3.RealCall.execute(RealCall.java:81)
08-03 19:37:24.782 24974 28273 E baseline.com.newsblur.network.APIResponse: 	at baseline.com.newsblur.network.APIResponse.<init>(APIResponse.java:57)
08-03 19:37:24.782 24974 28273 E baseline.com.newsblur.network.APIResponse: 	at baseline.com.newsblur.network.APIResponse.<init>(APIResponse.java:43)
08-03 19:37:24.782 24974 28273 E baseline.com.newsblur.network.APIResponse: 	at baseline.com.newsblur.network.APIManager.post_single(APIManager.java:702)
08-03 19:37:24.782 24974 28273 E baseline.com.newsblur.network.APIResponse: 	at baseline.com.newsblur.network.APIManager.post(APIManager.java:675)
08-03 19:37:24.782 24974 28273 E baseline.com.newsblur.network.APIResponse: 	at baseline.com.newsblur.network.APIManager.post(APIManager.java:714)
08-03 19:37:24.782 24974 28273 E baseline.com.newsblur.network.APIResponse: 	at baseline.com.newsblur.network.APIManager.markStoryAsRead(APIManager.java:205)
08-03 19:37:24.782 24974 28273 E baseline.com.newsblur.network.APIResponse: 	at baseline.com.newsblur.util.ReadingAction.doRemote(ReadingAction.java:281)
08-03 19:37:24.782 24974 28273 E baseline.com.newsblur.network.APIResponse: 	at baseline.com.newsblur.service.NBSyncService.syncActions(NBSyncService.java:400)
08-03 19:37:24.782 24974 28273 E baseline.com.newsblur.network.APIResponse: 	at baseline.com.newsblur.service.NBSyncService.doSync(NBSyncService.java:298)
08-03 19:37:24.782 24974 28273 E baseline.com.newsblur.network.APIResponse: 	at baseline.com.newsblur.service.NBSyncService.access$100(NBSyncService.java:67)
08-03 19:37:24.782 24974 28273 E baseline.com.newsblur.network.APIResponse: 	at baseline.com.newsblur.service.NBSyncService$1.run(NBSyncService.java:188)
08-03 19:37:24.782 24974 28273 E baseline.com.newsblur.network.APIResponse: 	at java.util.concurrent.ThreadPoolExecutor.runWorker(ThreadPoolExecutor.java:1113)
08-03 19:37:24.782 24974 28273 E baseline.com.newsblur.network.APIResponse: 	at java.util.concurrent.ThreadPoolExecutor$Worker.run(ThreadPoolExecutor.java:588)
08-03 19:37:24.782 24974 28273 E baseline.com.newsblur.network.APIResponse: 	at java.lang.Thread.run(Thread.java:818)
08-03 19:37:24.782 24974 28273 E baseline.com.newsblur.network.APIResponse: Caused by: java.io.EOFException: \n not found: limit=0 content=
08-03 19:37:24.782 24974 28273 E baseline.com.newsblur.network.APIResponse: 	at okio.RealBufferedSource.readUtf8LineStrict(RealBufferedSource.java:240)
08-03 19:37:24.782 24974 28273 E baseline.com.newsblur.network.APIResponse: 	at okhttp3.internal.http1.Http1ExchangeCodec.readHeaderLine(Http1ExchangeCodec.java:242)
08-03 19:37:24.782 24974 28273 E baseline.com.newsblur.network.APIResponse: 	at okhttp3.internal.http1.Http1ExchangeCodec.readResponseHeaders(Http1ExchangeCodec.java:213)
08-03 19:37:24.782 24974 28273 E baseline.com.newsblur.network.APIResponse: 	... 30 more
08-03 19:37:24.785 24974 28273 I baseline.com.newsblur.service.NBSyncService: Holding reading action with server-side or network error.
08-03 19:37:24.802 24974 28273 W baseline.com.newsblur.service.NBSyncService: hard API failure
08-03 19:37:24.817 24974 28273 I baseline.com.newsblur.service.NBSyncService: recounting dirty feed sets: 1
08-03 19:37:25.089 24974 27925 I art     : Starting a blocking GC Explicit
08-03 19:37:25.139 24974 27925 I art     : Explicit concurrent mark sweep GC freed 4765(429KB) AllocSpace objects, 5(100KB) LOS objects, 29% free, 37MB/53MB, paused 1.610ms total 50.201ms
08-03 19:37:25.153 24974 27925 I art     : Starting a blocking GC Explicit
08-03 19:37:25.201 24974 27925 I art     : Explicit concurrent mark sweep GC freed 282(10KB) AllocSpace objects, 0(0B) LOS objects, 29% free, 37MB/53MB, paused 1.495ms total 47.885ms
08-03 19:37:25.214 24974 27925 I art     : Starting a blocking GC Explicit
08-03 19:37:25.263 24974 27925 I art     : Explicit concurrent mark sweep GC freed 1689(65KB) AllocSpace objects, 0(0B) LOS objects, 29% free, 37MB/53MB, paused 1.517ms total 48.841ms
08-03 19:37:25.276 24974 27925 I art     : Starting a blocking GC Explicit
08-03 19:37:25.286 24974 28273 E baseline.com.newsblur.network.APIResponse: Error (unexpected end of stream on https://www.newsblur.com/...) calling https://www.newsblur.com/reader/feed_unread_count?feed_id=0
08-03 19:37:25.286 24974 28273 E baseline.com.newsblur.network.APIResponse: java.io.IOException: unexpected end of stream on https://www.newsblur.com/...
08-03 19:37:25.286 24974 28273 E baseline.com.newsblur.network.APIResponse: 	at okhttp3.internal.http1.Http1ExchangeCodec.readResponseHeaders(Http1ExchangeCodec.java:236)
08-03 19:37:25.286 24974 28273 E baseline.com.newsblur.network.APIResponse: 	at okhttp3.internal.connection.Exchange.readResponseHeaders(Exchange.java:115)
08-03 19:37:25.286 24974 28273 E baseline.com.newsblur.network.APIResponse: 	at okhttp3.internal.http.CallServerInterceptor.intercept(CallServerInterceptor.java:94)
08-03 19:37:25.286 24974 28273 E baseline.com.newsblur.network.APIResponse: 	at okhttp3.internal.http.RealInterceptorChain.proceed(RealInterceptorChain.java:142)
08-03 19:37:25.286 24974 28273 E baseline.com.newsblur.network.APIResponse: 	at okhttp3.internal.connection.ConnectInterceptor.intercept(ConnectInterceptor.java:43)
08-03 19:37:25.286 24974 28273 E baseline.com.newsblur.network.APIResponse: 	at okhttp3.internal.http.RealInterceptorChain.proceed(RealInterceptorChain.java:142)
08-03 19:37:25.286 24974 28273 E baseline.com.newsblur.network.APIResponse: 	at okhttp3.internal.http.RealInterceptorChain.proceed(RealInterceptorChain.java:117)
08-03 19:37:25.286 24974 28273 E baseline.com.newsblur.network.APIResponse: 	at okhttp3.internal.cache.CacheInterceptor.intercept(CacheInterceptor.java:94)
08-03 19:37:25.286 24974 28273 E baseline.com.newsblur.network.APIResponse: 	at okhttp3.internal.http.RealInterceptorChain.proceed(RealInterceptorChain.java:142)
08-03 19:37:25.286 24974 28273 E baseline.com.newsblur.network.APIResponse: 	at okhttp3.internal.http.RealInterceptorChain.proceed(RealInterceptorChain.java:117)
08-03 19:37:25.286 24974 28273 E baseline.com.newsblur.network.APIResponse: 	at okhttp3.internal.http.BridgeInterceptor.intercept(BridgeInterceptor.java:93)
08-03 19:37:25.286 24974 28273 E baseline.com.newsblur.network.APIResponse: 	at okhttp3.internal.http.RealInterceptorChain.proceed(RealInterceptorChain.java:142)
08-03 19:37:25.286 24974 28273 E baseline.com.newsblur.network.APIResponse: 	at okhttp3.internal.http.RetryAndFollowUpInterceptor.intercept(RetryAndFollowUpInterceptor.java:88)
08-03 19:37:25.286 24974 28273 E baseline.com.newsblur.network.APIResponse: 	at okhttp3.internal.http.RealInterceptorChain.proceed(RealInterceptorChain.java:142)
08-03 19:37:25.286 24974 28273 E baseline.com.newsblur.network.APIResponse: 	at okhttp3.internal.http.RealInterceptorChain.proceed(RealInterceptorChain.java:117)
08-03 19:37:25.286 24974 28273 E baseline.com.newsblur.network.APIResponse: 	at okhttp3.RealCall.getResponseWithInterceptorChain(RealCall.java:229)
08-03 19:37:25.286 24974 28273 E baseline.com.newsblur.network.APIResponse: 	at okhttp3.RealCall.execute(RealCall.java:81)
08-03 19:37:25.286 24974 28273 E baseline.com.newsblur.network.APIResponse: 	at baseline.com.newsblur.network.APIResponse.<init>(APIResponse.java:57)
08-03 19:37:25.286 24974 28273 E baseline.com.newsblur.network.APIResponse: 	at baseline.com.newsblur.network.APIManager.get_single(APIManager.java:639)
08-03 19:37:25.286 24974 28273 E baseline.com.newsblur.network.APIResponse: 	at baseline.com.newsblur.network.APIManager.get(APIManager.java:625)
08-03 19:37:25.286 24974 28273 E baseline.com.newsblur.network.APIResponse: 	at baseline.com.newsblur.network.APIManager.get(APIManager.java:667)
08-03 19:37:25.286 24974 28273 E baseline.com.newsblur.network.APIResponse: 	at baseline.com.newsblur.network.APIManager.getFeedUnreadCounts(APIManager.java:274)
08-03 19:37:25.286 24974 28273 E baseline.com.newsblur.network.APIResponse: 	at baseline.com.newsblur.service.NBSyncService.checkRecounts(NBSyncService.java:660)
08-03 19:37:25.286 24974 28273 E baseline.com.newsblur.network.APIResponse: 	at baseline.com.newsblur.service.NBSyncService.doSync(NBSyncService.java:310)
08-03 19:37:25.286 24974 28273 E baseline.com.newsblur.network.APIResponse: 	at baseline.com.newsblur.service.NBSyncService.access$100(NBSyncService.java:67)
08-03 19:37:25.286 24974 28273 E baseline.com.newsblur.network.APIResponse: 	at baseline.com.newsblur.service.NBSyncService$1.run(NBSyncService.java:188)
08-03 19:37:25.286 24974 28273 E baseline.com.newsblur.network.APIResponse: 	at java.util.concurrent.ThreadPoolExecutor.runWorker(ThreadPoolExecutor.java:1113)
08-03 19:37:25.286 24974 28273 E baseline.com.newsblur.network.APIResponse: 	at java.util.concurrent.ThreadPoolExecutor$Worker.run(ThreadPoolExecutor.java:588)
08-03 19:37:25.286 24974 28273 E baseline.com.newsblur.network.APIResponse: 	at java.lang.Thread.run(Thread.java:818)
08-03 19:37:25.286 24974 28273 E baseline.com.newsblur.network.APIResponse: Caused by: java.io.EOFException: \n not found: limit=0 content=
08-03 19:37:25.286 24974 28273 E baseline.com.newsblur.network.APIResponse: 	at okio.RealBufferedSource.readUtf8LineStrict(RealBufferedSource.java:240)
08-03 19:37:25.286 24974 28273 E baseline.com.newsblur.network.APIResponse: 	at okhttp3.internal.http1.Http1ExchangeCodec.readHeaderLine(Http1ExchangeCodec.java:242)
08-03 19:37:25.286 24974 28273 E baseline.com.newsblur.network.APIResponse: 	at okhttp3.internal.http1.Http1ExchangeCodec.readResponseHeaders(Http1ExchangeCodec.java:213)
08-03 19:37:25.286 24974 28273 E baseline.com.newsblur.network.APIResponse: 	... 28 more
08-03 19:37:25.288 24974 28273 I baseline.com.newsblur.network.APIManager: API call failed, pausing before retry number 1
08-03 19:37:25.326 24974 27925 I art     : Explicit concurrent mark sweep GC freed 769(193KB) AllocSpace objects, 2(40KB) LOS objects, 29% free, 37MB/53MB, paused 1.372ms total 48.939ms
08-03 19:37:25.339 24974 27925 I art     : Starting a blocking GC Explicit
08-03 19:37:25.388 24974 27925 I art     : Explicit concurrent mark sweep GC freed 104(15KB) AllocSpace objects, 0(0B) LOS objects, 29% free, 37MB/53MB, paused 1.565ms total 48.495ms
08-03 19:37:25.778 24974 27629 I art     : Starting a blocking GC Explicit
08-03 19:37:25.829 24974 27629 I art     : Explicit concurrent mark sweep GC freed 1459(83KB) AllocSpace objects, 1(20KB) LOS objects, 29% free, 37MB/53MB, paused 1.442ms total 50.387ms
08-03 19:37:25.845 24974 27629 I art     : Starting a blocking GC Explicit
08-03 19:37:25.892 24974 27629 I art     : Explicit concurrent mark sweep GC freed 22(784B) AllocSpace objects, 0(0B) LOS objects, 29% free, 37MB/53MB, paused 1.391ms total 46.670ms
08-03 19:37:25.905 24974 27629 I art     : Starting a blocking GC Explicit
08-03 19:37:25.952 24974 27629 I art     : Explicit concurrent mark sweep GC freed 3(96B) AllocSpace objects, 0(0B) LOS objects, 29% free, 37MB/53MB, paused 1.355ms total 46.170ms
08-03 19:37:25.964 24974 27629 I art     : Starting a blocking GC Explicit
08-03 19:37:26.009 24974 27629 I art     : Explicit concurrent mark sweep GC freed 3(96B) AllocSpace objects, 0(0B) LOS objects, 29% free, 37MB/53MB, paused 1.408ms total 44.325ms
08-03 19:37:26.009 24974 24984 I art     : WaitForGcToComplete blocked for 33.363ms for cause HeapTrim
08-03 19:37:26.022 24974 27629 I art     : Starting a blocking GC Explicit
08-03 19:37:26.070 24974 27629 I art     : Explicit concurrent mark sweep GC freed 3(96B) AllocSpace objects, 0(0B) LOS objects, 29% free, 37MB/53MB, paused 1.336ms total 48.083ms
08-03 19:37:26.457 24974 24986 I art     : Starting a blocking GC Explicit
08-03 19:37:26.506 24974 24986 I art     : Explicit concurrent mark sweep GC freed 1434(82KB) AllocSpace objects, 1(20KB) LOS objects, 29% free, 37MB/53MB, paused 1.413ms total 48.306ms
08-03 19:37:26.521 24974 24986 I art     : Starting a blocking GC Explicit
08-03 19:37:26.569 24974 24986 I art     : Explicit concurrent mark sweep GC freed 22(784B) AllocSpace objects, 0(0B) LOS objects, 29% free, 37MB/53MB, paused 1.345ms total 47.717ms
08-03 19:37:26.582 24974 24986 I art     : Starting a blocking GC Explicit
08-03 19:37:26.628 24974 24986 I art     : Explicit concurrent mark sweep GC freed 3(96B) AllocSpace objects, 0(0B) LOS objects, 29% free, 37MB/53MB, paused 1.456ms total 45.993ms
08-03 19:37:26.641 24974 24986 I art     : Starting a blocking GC Explicit
08-03 19:37:26.690 24974 24986 I art     : Explicit concurrent mark sweep GC freed 3(96B) AllocSpace objects, 0(0B) LOS objects, 29% free, 37MB/53MB, paused 1.402ms total 48.345ms
08-03 19:37:26.705 24974 24986 I art     : Starting a blocking GC Explicit
08-03 19:37:26.751 24974 24986 I art     : Explicit concurrent mark sweep GC freed 3(96B) AllocSpace objects, 0(0B) LOS objects, 29% free, 37MB/53MB, paused 1.402ms total 45.908ms
08-03 19:37:27.130 24974 24985 I art     : Starting a blocking GC Explicit
08-03 19:37:27.177 24974 24985 I art     : Explicit concurrent mark sweep GC freed 1602(91KB) AllocSpace objects, 1(20KB) LOS objects, 29% free, 37MB/53MB, paused 1.341ms total 46.489ms
08-03 19:37:27.194 24974 24985 I art     : Starting a blocking GC Explicit
08-03 19:37:27.238 24974 24985 I art     : Explicit concurrent mark sweep GC freed 28(1040B) AllocSpace objects, 0(0B) LOS objects, 29% free, 37MB/53MB, paused 1.439ms total 42.911ms
08-03 19:37:27.250 24974 24985 I art     : Starting a blocking GC Explicit
08-03 19:37:27.293 24974 24985 I art     : Explicit concurrent mark sweep GC freed 1657(65KB) AllocSpace objects, 0(0B) LOS objects, 29% free, 37MB/53MB, paused 1.433ms total 42.325ms
08-03 19:37:27.306 24974 24985 I art     : Starting a blocking GC Explicit
08-03 19:37:27.325 24974 28273 E baseline.com.newsblur.network.APIResponse: Error (unexpected end of stream on https://www.newsblur.com/...) calling https://www.newsblur.com/reader/feed_unread_count?feed_id=0
08-03 19:37:27.325 24974 28273 E baseline.com.newsblur.network.APIResponse: java.io.IOException: unexpected end of stream on https://www.newsblur.com/...
08-03 19:37:27.325 24974 28273 E baseline.com.newsblur.network.APIResponse: 	at okhttp3.internal.http1.Http1ExchangeCodec.readResponseHeaders(Http1ExchangeCodec.java:236)
08-03 19:37:27.325 24974 28273 E baseline.com.newsblur.network.APIResponse: 	at okhttp3.internal.connection.Exchange.readResponseHeaders(Exchange.java:115)
08-03 19:37:27.325 24974 28273 E baseline.com.newsblur.network.APIResponse: 	at okhttp3.internal.http.CallServerInterceptor.intercept(CallServerInterceptor.java:94)
08-03 19:37:27.325 24974 28273 E baseline.com.newsblur.network.APIResponse: 	at okhttp3.internal.http.RealInterceptorChain.proceed(RealInterceptorChain.java:142)
08-03 19:37:27.325 24974 28273 E baseline.com.newsblur.network.APIResponse: 	at okhttp3.internal.connection.ConnectInterceptor.intercept(ConnectInterceptor.java:43)
08-03 19:37:27.325 24974 28273 E baseline.com.newsblur.network.APIResponse: 	at okhttp3.internal.http.RealInterceptorChain.proceed(RealInterceptorChain.java:142)
08-03 19:37:27.325 24974 28273 E baseline.com.newsblur.network.APIResponse: 	at okhttp3.internal.http.RealInterceptorChain.proceed(RealInterceptorChain.java:117)
08-03 19:37:27.325 24974 28273 E baseline.com.newsblur.network.APIResponse: 	at okhttp3.internal.cache.CacheInterceptor.intercept(CacheInterceptor.java:94)
08-03 19:37:27.325 24974 28273 E baseline.com.newsblur.network.APIResponse: 	at okhttp3.internal.http.RealInterceptorChain.proceed(RealInterceptorChain.java:142)
08-03 19:37:27.325 24974 28273 E baseline.com.newsblur.network.APIResponse: 	at okhttp3.internal.http.RealInterceptorChain.proceed(RealInterceptorChain.java:117)
08-03 19:37:27.325 24974 28273 E baseline.com.newsblur.network.APIResponse: 	at okhttp3.internal.http.BridgeInterceptor.intercept(BridgeInterceptor.java:93)
08-03 19:37:27.325 24974 28273 E baseline.com.newsblur.network.APIResponse: 	at okhttp3.internal.http.RealInterceptorChain.proceed(RealInterceptorChain.java:142)
08-03 19:37:27.325 24974 28273 E baseline.com.newsblur.network.APIResponse: 	at okhttp3.internal.http.RetryAndFollowUpInterceptor.intercept(RetryAndFollowUpInterceptor.java:88)
08-03 19:37:27.325 24974 28273 E baseline.com.newsblur.network.APIResponse: 	at okhttp3.internal.http.RealInterceptorChain.proceed(RealInterceptorChain.java:142)
08-03 19:37:27.325 24974 28273 E baseline.com.newsblur.network.APIResponse: 	at okhttp3.internal.http.RealInterceptorChain.proceed(RealInterceptorChain.java:117)
08-03 19:37:27.325 24974 28273 E baseline.com.newsblur.network.APIResponse: 	at okhttp3.RealCall.getResponseWithInterceptorChain(RealCall.java:229)
08-03 19:37:27.325 24974 28273 E baseline.com.newsblur.network.APIResponse: 	at okhttp3.RealCall.execute(RealCall.java:81)
08-03 19:37:27.325 24974 28273 E baseline.com.newsblur.network.APIResponse: 	at baseline.com.newsblur.network.APIResponse.<init>(APIResponse.java:57)
08-03 19:37:27.325 24974 28273 E baseline.com.newsblur.network.APIResponse: 	at baseline.com.newsblur.network.APIManager.get_single(APIManager.java:639)
08-03 19:37:27.325 24974 28273 E baseline.com.newsblur.network.APIResponse: 	at baseline.com.newsblur.network.APIManager.get(APIManager.java:625)
08-03 19:37:27.325 24974 28273 E baseline.com.newsblur.network.APIResponse: 	at baseline.com.newsblur.network.APIManager.get(APIManager.java:667)
08-03 19:37:27.325 24974 28273 E baseline.com.newsblur.network.APIResponse: 	at baseline.com.newsblur.network.APIManager.getFeedUnreadCounts(APIManager.java:274)
08-03 19:37:27.325 24974 28273 E baseline.com.newsblur.network.APIResponse: 	at baseline.com.newsblur.service.NBSyncService.checkRecounts(NBSyncService.java:660)
08-03 19:37:27.325 24974 28273 E baseline.com.newsblur.network.APIResponse: 	at baseline.com.newsblur.service.NBSyncService.doSync(NBSyncService.java:310)
08-03 19:37:27.325 24974 28273 E baseline.com.newsblur.network.APIResponse: 	at baseline.com.newsblur.service.NBSyncService.access$100(NBSyncService.java:67)
08-03 19:37:27.325 24974 28273 E baseline.com.newsblur.network.APIResponse: 	at baseline.com.newsblur.service.NBSyncService$1.run(NBSyncService.java:188)
08-03 19:37:27.325 24974 28273 E baseline.com.newsblur.network.APIResponse: 	at java.util.concurrent.ThreadPoolExecutor.runWorker(ThreadPoolExecutor.java:1113)
08-03 19:37:27.325 24974 28273 E baseline.com.newsblur.network.APIResponse: 	at java.util.concurrent.ThreadPoolExecutor$Worker.run(ThreadPoolExecutor.java:588)
08-03 19:37:27.325 24974 28273 E baseline.com.newsblur.network.APIResponse: 	at java.lang.Thread.run(Thread.java:818)
08-03 19:37:27.325 24974 28273 E baseline.com.newsblur.network.APIResponse: Caused by: java.io.EOFException: \n not found: limit=0 content=
08-03 19:37:27.325 24974 28273 E baseline.com.newsblur.network.APIResponse: 	at okio.RealBufferedSource.readUtf8LineStrict(RealBufferedSource.java:240)
08-03 19:37:27.325 24974 28273 E baseline.com.newsblur.network.APIResponse: 	at okhttp3.internal.http1.Http1ExchangeCodec.readHeaderLine(Http1ExchangeCodec.java:242)
08-03 19:37:27.325 24974 28273 E baseline.com.newsblur.network.APIResponse: 	at okhttp3.internal.http1.Http1ExchangeCodec.readResponseHeaders(Http1ExchangeCodec.java:213)
08-03 19:37:27.325 24974 28273 E baseline.com.newsblur.network.APIResponse: 	... 28 more
08-03 19:37:27.327 24974 28273 I baseline.com.newsblur.network.APIManager: API call failed, pausing before retry number 2
08-03 19:37:27.350 24974 24985 I art     : Explicit concurrent mark sweep GC freed 807(194KB) AllocSpace objects, 2(40KB) LOS objects, 29% free, 37MB/53MB, paused 1.402ms total 43.983ms
08-03 19:37:27.363 24974 24985 I art     : Starting a blocking GC Explicit
08-03 19:37:27.410 24974 24985 I art     : Explicit concurrent mark sweep GC freed 117(16KB) AllocSpace objects, 0(0B) LOS objects, 29% free, 37MB/53MB, paused 1.363ms total 47.055ms
08-03 19:37:27.803 24974 27925 I art     : Starting a blocking GC Explicit
08-03 19:37:27.853 24974 27925 I art     : Explicit concurrent mark sweep GC freed 2450(132KB) AllocSpace objects, 1(20KB) LOS objects, 29% free, 37MB/53MB, paused 1.328ms total 49.987ms
08-03 19:37:27.866 24974 27925 I art     : Starting a blocking GC Explicit
08-03 19:37:27.915 24974 27925 I art     : Explicit concurrent mark sweep GC freed 778(57KB) AllocSpace objects, 0(0B) LOS objects, 29% free, 37MB/53MB, paused 1.268ms total 48.349ms
08-03 19:37:27.928 24974 27925 I art     : Starting a blocking GC Explicit
08-03 19:37:27.975 24974 27925 I art     : Explicit concurrent mark sweep GC freed 134(7KB) AllocSpace objects, 0(0B) LOS objects, 29% free, 37MB/53MB, paused 1.303ms total 46.660ms
08-03 19:37:27.988 24974 27925 I art     : Starting a blocking GC Explicit
08-03 19:37:28.036 24974 27925 I art     : Explicit concurrent mark sweep GC freed 145(5KB) AllocSpace objects, 0(0B) LOS objects, 29% free, 37MB/53MB, paused 1.324ms total 48.163ms
08-03 19:37:28.054 24974 27925 I art     : Starting a blocking GC Explicit
08-03 19:37:28.100 24974 27925 I art     : Explicit concurrent mark sweep GC freed 587(38KB) AllocSpace objects, 0(0B) LOS objects, 29% free, 37MB/53MB, paused 1.356ms total 45.415ms
08-03 19:37:28.460 24974 27629 I art     : Starting a blocking GC Explicit
08-03 19:37:28.511 24974 27629 I art     : Explicit concurrent mark sweep GC freed 1467(84KB) AllocSpace objects, 1(20KB) LOS objects, 29% free, 37MB/53MB, paused 1.403ms total 50.795ms
08-03 19:37:28.527 24974 27629 I art     : Starting a blocking GC Explicit
08-03 19:37:28.573 24974 27629 I art     : Explicit concurrent mark sweep GC freed 22(784B) AllocSpace objects, 0(0B) LOS objects, 29% free, 37MB/53MB, paused 1.359ms total 46.065ms
08-03 19:37:28.586 24974 27629 I art     : Starting a blocking GC Explicit
08-03 19:37:28.634 24974 27629 I art     : Explicit concurrent mark sweep GC freed 3(96B) AllocSpace objects, 0(0B) LOS objects, 29% free, 37MB/53MB, paused 1.349ms total 47.812ms
08-03 19:37:28.648 24974 27629 I art     : Starting a blocking GC Explicit
08-03 19:37:28.694 24974 27629 I art     : Explicit concurrent mark sweep GC freed 3(96B) AllocSpace objects, 0(0B) LOS objects, 29% free, 37MB/53MB, paused 1.326ms total 45.998ms
08-03 19:37:28.707 24974 27629 I art     : Starting a blocking GC Explicit
08-03 19:37:28.756 24974 27629 I art     : Explicit concurrent mark sweep GC freed 3(96B) AllocSpace objects, 0(0B) LOS objects, 29% free, 37MB/53MB, paused 1.333ms total 48.347ms
08-03 19:37:29.133 24974 24986 I art     : Starting a blocking GC Explicit
08-03 19:37:29.182 24974 24986 I art     : Explicit concurrent mark sweep GC freed 1434(82KB) AllocSpace objects, 1(20KB) LOS objects, 29% free, 37MB/53MB, paused 1.298ms total 48.298ms
08-03 19:37:29.196 24974 24986 I art     : Starting a blocking GC Explicit
08-03 19:37:29.242 24974 24986 I art     : Explicit concurrent mark sweep GC freed 22(784B) AllocSpace objects, 0(0B) LOS objects, 29% free, 37MB/53MB, paused 1.293ms total 46.416ms
08-03 19:37:29.255 24974 24986 I art     : Starting a blocking GC Explicit
08-03 19:37:29.300 24974 24986 I art     : Explicit concurrent mark sweep GC freed 3(96B) AllocSpace objects, 0(0B) LOS objects, 29% free, 37MB/53MB, paused 1.287ms total 44.054ms
08-03 19:37:29.312 24974 24986 I art     : Starting a blocking GC Explicit
08-03 19:37:29.359 24974 24986 I art     : Explicit concurrent mark sweep GC freed 3(96B) AllocSpace objects, 0(0B) LOS objects, 29% free, 37MB/53MB, paused 1.272ms total 46.274ms
08-03 19:37:29.372 24974 24986 I art     : Starting a blocking GC Explicit
08-03 19:37:29.419 24974 24986 I art     : Explicit concurrent mark sweep GC freed 3(96B) AllocSpace objects, 0(0B) LOS objects, 29% free, 37MB/53MB, paused 1.366ms total 46.867ms
08-03 19:37:29.797 24974 24985 I art     : Starting a blocking GC Explicit
08-03 19:37:29.844 24974 24985 I art     : Explicit concurrent mark sweep GC freed 1434(82KB) AllocSpace objects, 1(20KB) LOS objects, 29% free, 37MB/53MB, paused 1.245ms total 46.408ms
08-03 19:37:29.857 24974 24985 I art     : Starting a blocking GC Explicit
08-03 19:37:29.904 24974 24985 I art     : Explicit concurrent mark sweep GC freed 22(784B) AllocSpace objects, 0(0B) LOS objects, 29% free, 37MB/53MB, paused 1.363ms total 46.674ms
08-03 19:37:29.918 24974 24985 I art     : Starting a blocking GC Explicit
08-03 19:37:29.965 24974 24985 I art     : Explicit concurrent mark sweep GC freed 3(96B) AllocSpace objects, 0(0B) LOS objects, 29% free, 37MB/53MB, paused 1.358ms total 46.820ms
08-03 19:37:29.978 24974 24985 I art     : Starting a blocking GC Explicit
08-03 19:37:30.026 24974 24985 I art     : Explicit concurrent mark sweep GC freed 3(96B) AllocSpace objects, 0(0B) LOS objects, 29% free, 37MB/53MB, paused 1.327ms total 47.539ms
08-03 19:37:30.039 24974 24985 I art     : Starting a blocking GC Explicit
08-03 19:37:30.087 24974 24985 I art     : Explicit concurrent mark sweep GC freed 3(96B) AllocSpace objects, 0(0B) LOS objects, 29% free, 37MB/53MB, paused 1.344ms total 47.022ms
08-03 19:37:30.239   918  3261 D WifiStateMachine: starting scan for "H369AA63323"WPA_PSK with 2412,5180
08-03 19:37:30.453 24974 27925 I art     : Starting a blocking GC Explicit
08-03 19:37:30.503 24974 27925 I art     : Explicit concurrent mark sweep GC freed 1598(91KB) AllocSpace objects, 1(20KB) LOS objects, 29% free, 37MB/53MB, paused 1.420ms total 49.643ms
08-03 19:37:30.519 24974 27925 I art     : Starting a blocking GC Explicit
08-03 19:37:30.565 24974 27925 I art     : Explicit concurrent mark sweep GC freed 31(1200B) AllocSpace objects, 0(0B) LOS objects, 29% free, 37MB/53MB, paused 1.375ms total 45.394ms
08-03 19:37:30.578 24974 27925 I art     : Starting a blocking GC Explicit
08-03 19:37:30.624 24974 27925 I art     : Explicit concurrent mark sweep GC freed 3(96B) AllocSpace objects, 0(0B) LOS objects, 29% free, 37MB/53MB, paused 1.359ms total 46.260ms
08-03 19:37:30.638 24974 27925 I art     : Starting a blocking GC Explicit
08-03 19:37:30.683 24974 27925 I art     : Explicit concurrent mark sweep GC freed 3(96B) AllocSpace objects, 0(0B) LOS objects, 29% free, 37MB/53MB, paused 1.368ms total 45.062ms
08-03 19:37:30.696 24974 27925 I art     : Starting a blocking GC Explicit
08-03 19:37:30.744 24974 27925 I art     : Explicit concurrent mark sweep GC freed 3(96B) AllocSpace objects, 0(0B) LOS objects, 29% free, 37MB/53MB, paused 1.352ms total 47.827ms
08-03 19:37:30.918 24974 28273 E baseline.com.newsblur.network.APIResponse: Error (unexpected end of stream on https://www.newsblur.com/...) calling https://www.newsblur.com/reader/feed_unread_count?feed_id=0
08-03 19:37:30.918 24974 28273 E baseline.com.newsblur.network.APIResponse: java.io.IOException: unexpected end of stream on https://www.newsblur.com/...
08-03 19:37:30.918 24974 28273 E baseline.com.newsblur.network.APIResponse: 	at okhttp3.internal.http1.Http1ExchangeCodec.readResponseHeaders(Http1ExchangeCodec.java:236)
08-03 19:37:30.918 24974 28273 E baseline.com.newsblur.network.APIResponse: 	at okhttp3.internal.connection.Exchange.readResponseHeaders(Exchange.java:115)
08-03 19:37:30.918 24974 28273 E baseline.com.newsblur.network.APIResponse: 	at okhttp3.internal.http.CallServerInterceptor.intercept(CallServerInterceptor.java:94)
08-03 19:37:30.918 24974 28273 E baseline.com.newsblur.network.APIResponse: 	at okhttp3.internal.http.RealInterceptorChain.proceed(RealInterceptorChain.java:142)
08-03 19:37:30.918 24974 28273 E baseline.com.newsblur.network.APIResponse: 	at okhttp3.internal.connection.ConnectInterceptor.intercept(ConnectInterceptor.java:43)
08-03 19:37:30.918 24974 28273 E baseline.com.newsblur.network.APIResponse: 	at okhttp3.internal.http.RealInterceptorChain.proceed(RealInterceptorChain.java:142)
08-03 19:37:30.918 24974 28273 E baseline.com.newsblur.network.APIResponse: 	at okhttp3.internal.http.RealInterceptorChain.proceed(RealInterceptorChain.java:117)
08-03 19:37:30.918 24974 28273 E baseline.com.newsblur.network.APIResponse: 	at okhttp3.internal.cache.CacheInterceptor.intercept(CacheInterceptor.java:94)
08-03 19:37:30.918 24974 28273 E baseline.com.newsblur.network.APIResponse: 	at okhttp3.internal.http.RealInterceptorChain.proceed(RealInterceptorChain.java:142)
08-03 19:37:30.918 24974 28273 E baseline.com.newsblur.network.APIResponse: 	at okhttp3.internal.http.RealInterceptorChain.proceed(RealInterceptorChain.java:117)
08-03 19:37:30.918 24974 28273 E baseline.com.newsblur.network.APIResponse: 	at okhttp3.internal.http.BridgeInterceptor.intercept(BridgeInterceptor.java:93)
08-03 19:37:30.918 24974 28273 E baseline.com.newsblur.network.APIResponse: 	at okhttp3.internal.http.RealInterceptorChain.proceed(RealInterceptorChain.java:142)
08-03 19:37:30.918 24974 28273 E baseline.com.newsblur.network.APIResponse: 	at okhttp3.internal.http.RetryAndFollowUpInterceptor.intercept(RetryAndFollowUpInterceptor.java:88)
08-03 19:37:30.918 24974 28273 E baseline.com.newsblur.network.APIResponse: 	at okhttp3.internal.http.RealInterceptorChain.proceed(RealInterceptorChain.java:142)
08-03 19:37:30.918 24974 28273 E baseline.com.newsblur.network.APIResponse: 	at okhttp3.internal.http.RealInterceptorChain.proceed(RealInterceptorChain.java:117)
08-03 19:37:30.918 24974 28273 E baseline.com.newsblur.network.APIResponse: 	at okhttp3.RealCall.getResponseWithInterceptorChain(RealCall.java:229)
08-03 19:37:30.918 24974 28273 E baseline.com.newsblur.network.APIResponse: 	at okhttp3.RealCall.execute(RealCall.java:81)
08-03 19:37:30.918 24974 28273 E baseline.com.newsblur.network.APIResponse: 	at baseline.com.newsblur.network.APIResponse.<init>(APIResponse.java:57)
08-03 19:37:30.918 24974 28273 E baseline.com.newsblur.network.APIResponse: 	at baseline.com.newsblur.network.APIManager.get_single(APIManager.java:639)
08-03 19:37:30.918 24974 28273 E baseline.com.newsblur.network.APIResponse: 	at baseline.com.newsblur.network.APIManager.get(APIManager.java:625)
08-03 19:37:30.918 24974 28273 E baseline.com.newsblur.network.APIResponse: 	at baseline.com.newsblur.network.APIManager.get(APIManager.java:667)
08-03 19:37:30.918 24974 28273 E baseline.com.newsblur.network.APIResponse: 	at baseline.com.newsblur.network.APIManager.getFeedUnreadCounts(APIManager.java:274)
08-03 19:37:30.918 24974 28273 E baseline.com.newsblur.network.APIResponse: 	at baseline.com.newsblur.service.NBSyncService.checkRecounts(NBSyncService.java:660)
08-03 19:37:30.918 24974 28273 E baseline.com.newsblur.network.APIResponse: 	at baseline.com.newsblur.service.NBSyncService.doSync(NBSyncService.java:310)
08-03 19:37:30.918 24974 28273 E baseline.com.newsblur.network.APIResponse: 	at baseline.com.newsblur.service.NBSyncService.access$100(NBSyncService.java:67)
08-03 19:37:30.918 24974 28273 E baseline.com.newsblur.network.APIResponse: 	at baseline.com.newsblur.service.NBSyncService$1.run(NBSyncService.java:188)
08-03 19:37:30.918 24974 28273 E baseline.com.newsblur.network.APIResponse: 	at java.util.concurrent.ThreadPoolExecutor.runWorker(ThreadPoolExecutor.java:1113)
08-03 19:37:30.918 24974 28273 E baseline.com.newsblur.network.APIResponse: 	at java.util.concurrent.ThreadPoolExecutor$Worker.run(ThreadPoolExecutor.java:588)
08-03 19:37:30.918 24974 28273 E baseline.com.newsblur.network.APIResponse: 	at java.lang.Thread.run(Thread.java:818)
08-03 19:37:30.918 24974 28273 E baseline.com.newsblur.network.APIResponse: Caused by: java.io.EOFException: \n not found: limit=0 content=
08-03 19:37:30.918 24974 28273 E baseline.com.newsblur.network.APIResponse: 	at okio.RealBufferedSource.readUtf8LineStrict(RealBufferedSource.java:240)
08-03 19:37:30.918 24974 28273 E baseline.com.newsblur.network.APIResponse: 	at okhttp3.internal.http1.Http1ExchangeCodec.readHeaderLine(Http1ExchangeCodec.java:242)
08-03 19:37:30.918 24974 28273 E baseline.com.newsblur.network.APIResponse: 	at okhttp3.internal.http1.Http1ExchangeCodec.readResponseHeaders(Http1ExchangeCodec.java:213)
08-03 19:37:30.918 24974 28273 E baseline.com.newsblur.network.APIResponse: 	... 28 more
08-03 19:37:30.920 24974 28273 W baseline.com.newsblur.service.NBSyncService: Bad response to feed_unread_count
08-03 19:37:31.090 24974 27629 I art     : Starting a blocking GC Explicit
08-03 19:37:31.130 24974 27629 I art     : Explicit concurrent mark sweep GC freed 4444(422KB) AllocSpace objects, 6(120KB) LOS objects, 29% free, 37MB/53MB, paused 1.388ms total 39.911ms
08-03 19:37:31.142 24974 27629 I art     : Starting a blocking GC Explicit
08-03 19:37:31.183 24974 27629 I art     : Explicit concurrent mark sweep GC freed 136(5KB) AllocSpace objects, 0(0B) LOS objects, 29% free, 37MB/53MB, paused 1.358ms total 41.062ms
08-03 19:37:31.195 24974 27629 I art     : Starting a blocking GC Explicit
08-03 19:37:31.238 24974 27629 I art     : Explicit concurrent mark sweep GC freed 3(96B) AllocSpace objects, 0(0B) LOS objects, 29% free, 37MB/53MB, paused 1.428ms total 42.759ms
08-03 19:37:31.250 24974 27629 I art     : Starting a blocking GC Explicit
08-03 19:37:31.294 24974 27629 I art     : Explicit concurrent mark sweep GC freed 1657(64KB) AllocSpace objects, 0(0B) LOS objects, 29% free, 37MB/53MB, paused 1.452ms total 42.888ms
08-03 19:37:31.306 24974 27629 I art     : Starting a blocking GC Explicit
08-03 19:37:31.328 24974 28273 E baseline.com.newsblur.network.APIResponse: Error (unexpected end of stream on https://www.newsblur.com/...) calling https://www.newsblur.com/reader/mark_story_hashes_as_read/
08-03 19:37:31.328 24974 28273 E baseline.com.newsblur.network.APIResponse: java.io.IOException: unexpected end of stream on https://www.newsblur.com/...
08-03 19:37:31.328 24974 28273 E baseline.com.newsblur.network.APIResponse: 	at okhttp3.internal.http1.Http1ExchangeCodec.readResponseHeaders(Http1ExchangeCodec.java:236)
08-03 19:37:31.328 24974 28273 E baseline.com.newsblur.network.APIResponse: 	at okhttp3.internal.connection.Exchange.readResponseHeaders(Exchange.java:115)
08-03 19:37:31.328 24974 28273 E baseline.com.newsblur.network.APIResponse: 	at okhttp3.internal.http.CallServerInterceptor.intercept(CallServerInterceptor.java:94)
08-03 19:37:31.328 24974 28273 E baseline.com.newsblur.network.APIResponse: 	at okhttp3.internal.http.RealInterceptorChain.proceed(RealInterceptorChain.java:142)
08-03 19:37:31.328 24974 28273 E baseline.com.newsblur.network.APIResponse: 	at okhttp3.internal.connection.ConnectInterceptor.intercept(ConnectInterceptor.java:43)
08-03 19:37:31.328 24974 28273 E baseline.com.newsblur.network.APIResponse: 	at okhttp3.internal.http.RealInterceptorChain.proceed(RealInterceptorChain.java:142)
08-03 19:37:31.328 24974 28273 E baseline.com.newsblur.network.APIResponse: 	at okhttp3.internal.http.RealInterceptorChain.proceed(RealInterceptorChain.java:117)
08-03 19:37:31.328 24974 28273 E baseline.com.newsblur.network.APIResponse: 	at okhttp3.internal.cache.CacheInterceptor.intercept(CacheInterceptor.java:94)
08-03 19:37:31.328 24974 28273 E baseline.com.newsblur.network.APIResponse: 	at okhttp3.internal.http.RealInterceptorChain.proceed(RealInterceptorChain.java:142)
08-03 19:37:31.328 24974 28273 E baseline.com.newsblur.network.APIResponse: 	at okhttp3.internal.http.RealInterceptorChain.proceed(RealInterceptorChain.java:117)
08-03 19:37:31.328 24974 28273 E baseline.com.newsblur.network.APIResponse: 	at okhttp3.internal.http.BridgeInterceptor.intercept(BridgeInterceptor.java:93)
08-03 19:37:31.328 24974 28273 E baseline.com.newsblur.network.APIResponse: 	at okhttp3.internal.http.RealInterceptorChain.proceed(RealInterceptorChain.java:142)
08-03 19:37:31.328 24974 28273 E baseline.com.newsblur.network.APIResponse: 	at okhttp3.internal.http.RetryAndFollowUpInterceptor.intercept(RetryAndFollowUpInterceptor.java:88)
08-03 19:37:31.328 24974 28273 E baseline.com.newsblur.network.APIResponse: 	at okhttp3.internal.http.RealInterceptorChain.proceed(RealInterceptorChain.java:142)
08-03 19:37:31.328 24974 28273 E baseline.com.newsblur.network.APIResponse: 	at okhttp3.internal.http.RealInterceptorChain.proceed(RealInterceptorChain.java:117)
08-03 19:37:31.328 24974 28273 E baseline.com.newsblur.network.APIResponse: 	at okhttp3.RealCall.getResponseWithInterceptorChain(RealCall.java:229)
08-03 19:37:31.328 24974 28273 E baseline.com.newsblur.network.APIResponse: 	at okhttp3.RealCall.execute(RealCall.java:81)
08-03 19:37:31.328 24974 28273 E baseline.com.newsblur.network.APIResponse: 	at baseline.com.newsblur.network.APIResponse.<init>(APIResponse.java:57)
08-03 19:37:31.328 24974 28273 E baseline.com.newsblur.network.APIResponse: 	at baseline.com.newsblur.network.APIResponse.<init>(APIResponse.java:43)
08-03 19:37:31.328 24974 28273 E baseline.com.newsblur.network.APIResponse: 	at baseline.com.newsblur.network.APIManager.post_single(APIManager.java:702)
08-03 19:37:31.328 24974 28273 E baseline.com.newsblur.network.APIResponse: 	at baseline.com.newsblur.network.APIManager.post(APIManager.java:675)
08-03 19:37:31.328 24974 28273 E baseline.com.newsblur.network.APIResponse: 	at baseline.com.newsblur.network.APIManager.post(APIManager.java:714)
08-03 19:37:31.328 24974 28273 E baseline.com.newsblur.network.APIResponse: 	at baseline.com.newsblur.network.APIManager.markStoryAsRead(APIManager.java:205)
08-03 19:37:31.328 24974 28273 E baseline.com.newsblur.network.APIResponse: 	at baseline.com.newsblur.util.ReadingAction.doRemote(ReadingAction.java:281)
08-03 19:37:31.328 24974 28273 E baseline.com.newsblur.network.APIResponse: 	at baseline.com.newsblur.service.NBSyncService.syncActions(NBSyncService.java:400)
08-03 19:37:31.328 24974 28273 E baseline.com.newsblur.network.APIResponse: 	at baseline.com.newsblur.service.NBSyncService.doSync(NBSyncService.java:298)
08-03 19:37:31.328 24974 28273 E baseline.com.newsblur.network.APIResponse: 	at baseline.com.newsblur.service.NBSyncService.access$100(NBSyncService.java:67)
08-03 19:37:31.328 24974 28273 E baseline.com.newsblur.network.APIResponse: 	at baseline.com.newsblur.service.NBSyncService$1.run(NBSyncService.java:188)
08-03 19:37:31.328 24974 28273 E baseline.com.newsblur.network.APIResponse: 	at java.util.concurrent.ThreadPoolExecutor.runWorker(ThreadPoolExecutor.java:1113)
08-03 19:37:31.328 24974 28273 E baseline.com.newsblur.network.APIResponse: 	at java.util.concurrent.ThreadPoolExecutor$Worker.run(ThreadPoolExecutor.java:588)
08-03 19:37:31.328 24974 28273 E baseline.com.newsblur.network.APIResponse: 	at java.lang.Thread.run(Thread.java:818)
08-03 19:37:31.328 24974 28273 E baseline.com.newsblur.network.APIResponse: Caused by: java.io.EOFException: \n not found: limit=0 content=
08-03 19:37:31.328 24974 28273 E baseline.com.newsblur.network.APIResponse: 	at okio.RealBufferedSource.readUtf8LineStrict(RealBufferedSource.java:240)
08-03 19:37:31.328 24974 28273 E baseline.com.newsblur.network.APIResponse: 	at okhttp3.internal.http1.Http1ExchangeCodec.readHeaderLine(Http1ExchangeCodec.java:242)
08-03 19:37:31.328 24974 28273 E baseline.com.newsblur.network.APIResponse: 	at okhttp3.internal.http1.Http1ExchangeCodec.readResponseHeaders(Http1ExchangeCodec.java:213)
08-03 19:37:31.328 24974 28273 E baseline.com.newsblur.network.APIResponse: 	... 30 more
08-03 19:37:31.329 24974 28273 I baseline.com.newsblur.network.APIManager: API call failed, pausing before retry number 1
08-03 19:37:31.349 24974 27629 I art     : Explicit concurrent mark sweep GC freed 824(196KB) AllocSpace objects, 2(40KB) LOS objects, 29% free, 37MB/53MB, paused 1.405ms total 43.187ms
08-03 19:37:31.591 28621 28621 D AndroidRuntime: >>>>>> START com.android.internal.os.RuntimeInit uid 2000 <<<<<<
08-03 19:37:31.597 28621 28621 D AndroidRuntime: CheckJNI is OFF
08-03 19:37:31.639 28621 28621 D ICU     : No timezone override file found: /data/misc/zoneinfo/current/icu/icu_tzdata.dat
08-03 19:37:31.682 28621 28621 I Radio-JNI: register_android_hardware_Radio DONE
08-03 19:37:31.711 28621 28621 D AndroidRuntime: Calling main entry com.android.commands.input.Input
08-03 19:37:31.713 28621 28621 I Input   : injectMotionEvent: MotionEvent { action=ACTION_DOWN, actionButton=0, id[0]=0, x[0]=436.0, y[0]=453.0, toolType[0]=TOOL_TYPE_UNKNOWN, buttonState=0, metaState=0, flags=0x0, edgeFlags=0x0, pointerCount=1, historySize=0, eventTime=646668126, downTime=646668126, deviceId=0, source=0x1002 }
08-03 19:37:31.718 28621 28621 I Input   : injectMotionEvent: MotionEvent { action=ACTION_UP, actionButton=0, id[0]=0, x[0]=436.0, y[0]=453.0, toolType[0]=TOOL_TYPE_UNKNOWN, buttonState=0, metaState=0, flags=0x0, edgeFlags=0x0, pointerCount=1, historySize=0, eventTime=646668126, downTime=646668126, deviceId=0, source=0x1002 }
08-03 19:37:31.720 28621 28621 D AndroidRuntime: Shutting down VM
08-03 19:37:31.730 24974 24986 I art     : Starting a blocking GC Explicit
08-03 19:37:31.733   512  2967 D audio_hw_primary: out_set_parameters: enter: usecase(1: low-latency-playback) kvpairs: routing=2
08-03 19:37:31.734   918   928 I ActivityManager: START u0 {cmp=baseline.com.newsblur/.activity.GlobalSharedStoriesReading (has extras)} from uid 10625 on display 0
08-03 19:37:31.747   512  2967 D audio_hw_primary: select_devices: out_snd_device(2: speaker) in_snd_device(0: none)
08-03 19:37:31.747   512  2967 D msm8974_platform: platform_send_audio_calibration: sending audio calibration for snd_device(2) acdb_id(15)
08-03 19:37:31.747   512  2967 I soundtrigger: audio_extn_sound_trigger_update_device_status: device 0x2 of type 0 for Event 1
08-03 19:37:31.761   512  2967 D audio_hw_primary: enable_snd_device: snd_device(2: speaker)
08-03 19:37:31.763   512  2967 D audio_hw_primary: enable_audio_route: apply and update mixer path: low-latency-playback speaker
08-03 19:37:31.776 24974 24986 I art     : Explicit concurrent mark sweep GC freed 2126(182KB) AllocSpace objects, 3(60KB) LOS objects, 29% free, 38MB/54MB, paused 1.595ms total 45.450ms
08-03 19:37:31.788 24974 24986 I art     : Starting a blocking GC Explicit
08-03 19:37:31.830 24974 24986 I art     : Explicit concurrent mark sweep GC freed 1197(74KB) AllocSpace objects, 2(468KB) LOS objects, 29% free, 37MB/53MB, paused 1.307ms total 41.449ms
08-03 19:37:31.842 24974 24986 I art     : Starting a blocking GC Explicit
08-03 19:37:31.886 24974 24986 I art     : Explicit concurrent mark sweep GC freed 136(6KB) AllocSpace objects, 0(0B) LOS objects, 29% free, 37MB/53MB, paused 1.379ms total 43.184ms
08-03 19:37:31.898 24974 24986 I art     : Starting a blocking GC Explicit
08-03 19:37:31.941 24974 24986 I art     : Explicit concurrent mark sweep GC freed 152(26KB) AllocSpace objects, 1(20KB) LOS objects, 29% free, 37MB/53MB, paused 1.407ms total 42.385ms
08-03 19:37:31.954 24974 24986 I art     : Starting a blocking GC Explicit
08-03 19:37:31.988   918   936 I ActivityManager: Displayed baseline.com.newsblur/.activity.GlobalSharedStoriesReading: +244ms
08-03 19:37:31.988 13866 13866 I GoogleInputMethodServic: GoogleInputMethodService.onFinishInput():3138 
08-03 19:37:31.990 13866 13866 I GoogleInputMethodServic: GoogleInputMethodService.onStartInput():1808 
08-03 19:37:31.998 24974 24986 I art     : Explicit concurrent mark sweep GC freed 540(43KB) AllocSpace objects, 1(20KB) LOS objects, 29% free, 37MB/53MB, paused 1.686ms total 43.603ms
08-03 19:37:32.231 24974 27969 E chromium: [ERROR:tile_manager.cc(793)] WARNING: tile memory limits exceeded, some content may not draw
08-03 19:37:32.233 24974 27969 E chromium: [ERROR:tile_manager.cc(793)] WARNING: tile memory limits exceeded, some content may not draw
08-03 19:37:32.309   512  2967 D audio_hw_primary: disable_audio_route: reset and update mixer path: low-latency-playback speaker
08-03 19:37:32.310   512  2967 D audio_hw_primary: disable_snd_device: snd_device(2: speaker)
08-03 19:37:32.317   512  2967 I soundtrigger: audio_extn_sound_trigger_update_device_status: device 0x2 of type 0 for Event 0
08-03 19:37:32.334 24974 27925 I art     : Starting a blocking GC Explicit
08-03 19:37:32.382 24974 27925 I art     : Explicit concurrent mark sweep GC freed 4113(304KB) AllocSpace objects, 13(304KB) LOS objects, 29% free, 38MB/54MB, paused 1.434ms total 47.586ms
08-03 19:37:32.395 24974 27925 I art     : Starting a blocking GC Explicit
08-03 19:37:32.438 24974 27925 I art     : Explicit concurrent mark sweep GC freed 748(46KB) AllocSpace objects, 1(20KB) LOS objects, 29% free, 38MB/54MB, paused 1.372ms total 42.654ms
08-03 19:37:32.450 24974 27925 I art     : Starting a blocking GC Explicit
08-03 19:37:32.491 24974 27925 I art     : Explicit concurrent mark sweep GC freed 11(416B) AllocSpace objects, 0(0B) LOS objects, 29% free, 38MB/54MB, paused 1.281ms total 41.016ms
08-03 19:37:32.504 24974 27925 I art     : Starting a blocking GC Explicit
08-03 19:37:32.545 24974 27925 I art     : Explicit concurrent mark sweep GC freed 3(96B) AllocSpace objects, 0(0B) LOS objects, 29% free, 38MB/54MB, paused 1.259ms total 40.649ms
08-03 19:37:32.557 24974 27925 I art     : Starting a blocking GC Explicit
08-03 19:37:32.598 24974 27925 I art     : Explicit concurrent mark sweep GC freed 3(96B) AllocSpace objects, 0(0B) LOS objects, 29% free, 38MB/54MB, paused 1.287ms total 41.034ms
08-03 19:37:32.976 24974 24985 I art     : Starting a blocking GC Explicit
08-03 19:37:33.023 24974 24985 I art     : Explicit concurrent mark sweep GC freed 1605(91KB) AllocSpace objects, 1(20KB) LOS objects, 29% free, 38MB/54MB, paused 1.312ms total 46.903ms
08-03 19:37:33.035 24974 24985 I art     : Starting a blocking GC Explicit
08-03 19:37:33.081 24974 24985 I art     : Explicit concurrent mark sweep GC freed 28(1040B) AllocSpace objects, 0(0B) LOS objects, 29% free, 38MB/54MB, paused 1.464ms total 45.794ms
08-03 19:37:33.094 24974 24985 I art     : Starting a blocking GC Explicit
08-03 19:37:33.140 24974 24985 I art     : Explicit concurrent mark sweep GC freed 3(96B) AllocSpace objects, 0(0B) LOS objects, 29% free, 38MB/54MB, paused 1.379ms total 45.820ms
08-03 19:37:33.153 24974 24985 I art     : Starting a blocking GC Explicit
08-03 19:37:33.201 24974 24985 I art     : Explicit concurrent mark sweep GC freed 3(96B) AllocSpace objects, 0(0B) LOS objects, 29% free, 38MB/54MB, paused 1.452ms total 47.370ms
08-03 19:37:33.214 24974 24985 I art     : Starting a blocking GC Explicit
08-03 19:37:33.261 24974 24985 I art     : Explicit concurrent mark sweep GC freed 3(96B) AllocSpace objects, 0(0B) LOS objects, 29% free, 38MB/54MB, paused 1.416ms total 46.541ms
08-03 19:37:33.379 24974 28273 E baseline.com.newsblur.network.APIResponse: Error (unexpected end of stream on https://www.newsblur.com/...) calling https://www.newsblur.com/reader/mark_story_hashes_as_read/
08-03 19:37:33.379 24974 28273 E baseline.com.newsblur.network.APIResponse: java.io.IOException: unexpected end of stream on https://www.newsblur.com/...
08-03 19:37:33.379 24974 28273 E baseline.com.newsblur.network.APIResponse: 	at okhttp3.internal.http1.Http1ExchangeCodec.readResponseHeaders(Http1ExchangeCodec.java:236)
08-03 19:37:33.379 24974 28273 E baseline.com.newsblur.network.APIResponse: 	at okhttp3.internal.connection.Exchange.readResponseHeaders(Exchange.java:115)
08-03 19:37:33.379 24974 28273 E baseline.com.newsblur.network.APIResponse: 	at okhttp3.internal.http.CallServerInterceptor.intercept(CallServerInterceptor.java:94)
08-03 19:37:33.379 24974 28273 E baseline.com.newsblur.network.APIResponse: 	at okhttp3.internal.http.RealInterceptorChain.proceed(RealInterceptorChain.java:142)
08-03 19:37:33.379 24974 28273 E baseline.com.newsblur.network.APIResponse: 	at okhttp3.internal.connection.ConnectInterceptor.intercept(ConnectInterceptor.java:43)
08-03 19:37:33.379 24974 28273 E baseline.com.newsblur.network.APIResponse: 	at okhttp3.internal.http.RealInterceptorChain.proceed(RealInterceptorChain.java:142)
08-03 19:37:33.379 24974 28273 E baseline.com.newsblur.network.APIResponse: 	at okhttp3.internal.http.RealInterceptorChain.proceed(RealInterceptorChain.java:117)
08-03 19:37:33.379 24974 28273 E baseline.com.newsblur.network.APIResponse: 	at okhttp3.internal.cache.CacheInterceptor.intercept(CacheInterceptor.java:94)
08-03 19:37:33.379 24974 28273 E baseline.com.newsblur.network.APIResponse: 	at okhttp3.internal.http.RealInterceptorChain.proceed(RealInterceptorChain.java:142)
08-03 19:37:33.379 24974 28273 E baseline.com.newsblur.network.APIResponse: 	at okhttp3.internal.http.RealInterceptorChain.proceed(RealInterceptorChain.java:117)
08-03 19:37:33.379 24974 28273 E baseline.com.newsblur.network.APIResponse: 	at okhttp3.internal.http.BridgeInterceptor.intercept(BridgeInterceptor.java:93)
08-03 19:37:33.379 24974 28273 E baseline.com.newsblur.network.APIResponse: 	at okhttp3.internal.http.RealInterceptorChain.proceed(RealInterceptorChain.java:142)
08-03 19:37:33.379 24974 28273 E baseline.com.newsblur.network.APIResponse: 	at okhttp3.internal.http.RetryAndFollowUpInterceptor.intercept(RetryAndFollowUpInterceptor.java:88)
08-03 19:37:33.379 24974 28273 E baseline.com.newsblur.network.APIResponse: 	at okhttp3.internal.http.RealInterceptorChain.proceed(RealInterceptorChain.java:142)
08-03 19:37:33.379 24974 28273 E baseline.com.newsblur.network.APIResponse: 	at okhttp3.internal.http.RealInterceptorChain.proceed(RealInterceptorChain.java:117)
08-03 19:37:33.379 24974 28273 E baseline.com.newsblur.network.APIResponse: 	at okhttp3.RealCall.getResponseWithInterceptorChain(RealCall.java:229)
08-03 19:37:33.379 24974 28273 E baseline.com.newsblur.network.APIResponse: 	at okhttp3.RealCall.execute(RealCall.java:81)
08-03 19:37:33.379 24974 28273 E baseline.com.newsblur.network.APIResponse: 	at baseline.com.newsblur.network.APIResponse.<init>(APIResponse.java:57)
08-03 19:37:33.379 24974 28273 E baseline.com.newsblur.network.APIResponse: 	at baseline.com.newsblur.network.APIResponse.<init>(APIResponse.java:43)
08-03 19:37:33.379 24974 28273 E baseline.com.newsblur.network.APIResponse: 	at baseline.com.newsblur.network.APIManager.post_single(APIManager.java:702)
08-03 19:37:33.379 24974 28273 E baseline.com.newsblur.network.APIResponse: 	at baseline.com.newsblur.network.APIManager.post(APIManager.java:675)
08-03 19:37:33.379 24974 28273 E baseline.com.newsblur.network.APIResponse: 	at baseline.com.newsblur.network.APIManager.post(APIManager.java:714)
08-03 19:37:33.379 24974 28273 E baseline.com.newsblur.network.APIResponse: 	at baseline.com.newsblur.network.APIManager.markStoryAsRead(APIManager.java:205)
08-03 19:37:33.379 24974 28273 E baseline.com.newsblur.network.APIResponse: 	at baseline.com.newsblur.util.ReadingAction.doRemote(ReadingAction.java:281)
08-03 19:37:33.379 24974 28273 E baseline.com.newsblur.network.APIResponse: 	at baseline.com.newsblur.service.NBSyncService.syncActions(NBSyncService.java:400)
08-03 19:37:33.379 24974 28273 E baseline.com.newsblur.network.APIResponse: 	at baseline.com.newsblur.service.NBSyncService.doSync(NBSyncService.java:298)
08-03 19:37:33.379 24974 28273 E baseline.com.newsblur.network.APIResponse: 	at baseline.com.newsblur.service.NBSyncService.access$100(NBSyncService.java:67)
08-03 19:37:33.379 24974 28273 E baseline.com.newsblur.network.APIResponse: 	at baseline.com.newsblur.service.NBSyncService$1.run(NBSyncService.java:188)
08-03 19:37:33.379 24974 28273 E baseline.com.newsblur.network.APIResponse: 	at java.util.concurrent.ThreadPoolExecutor.runWorker(ThreadPoolExecutor.java:1113)
08-03 19:37:33.379 24974 28273 E baseline.com.newsblur.network.APIResponse: 	at java.util.concurrent.ThreadPoolExecutor$Worker.run(ThreadPoolExecutor.java:588)
08-03 19:37:33.379 24974 28273 E baseline.com.newsblur.network.APIResponse: 	at java.lang.Thread.run(Thread.java:818)
08-03 19:37:33.379 24974 28273 E baseline.com.newsblur.network.APIResponse: Caused by: java.io.EOFException: \n not found: limit=0 content=
08-03 19:37:33.379 24974 28273 E baseline.com.newsblur.network.APIResponse: 	at okio.RealBufferedSource.readUtf8LineStrict(RealBufferedSource.java:240)
08-03 19:37:33.379 24974 28273 E baseline.com.newsblur.network.APIResponse: 	at okhttp3.internal.http1.Http1ExchangeCodec.readHeaderLine(Http1ExchangeCodec.java:242)
08-03 19:37:33.379 24974 28273 E baseline.com.newsblur.network.APIResponse: 	at okhttp3.internal.http1.Http1ExchangeCodec.readResponseHeaders(Http1ExchangeCodec.java:213)
08-03 19:37:33.379 24974 28273 E baseline.com.newsblur.network.APIResponse: 	... 30 more
08-03 19:37:33.381 24974 28273 I baseline.com.newsblur.network.APIManager: API call failed, pausing before retry number 2
08-03 19:37:33.627 24974 24986 I art     : Starting a blocking GC Explicit
08-03 19:37:33.676 24974 24986 I art     : Explicit concurrent mark sweep GC freed 4012(359KB) AllocSpace objects, 3(60KB) LOS objects, 29% free, 38MB/54MB, paused 1.318ms total 49.167ms
08-03 19:37:33.692 24974 24986 I art     : Starting a blocking GC Explicit
08-03 19:37:33.743 24974 24986 I art     : Explicit concurrent mark sweep GC freed 119(4KB) AllocSpace objects, 0(0B) LOS objects, 29% free, 38MB/54MB, paused 1.463ms total 50.709ms
08-03 19:37:33.757 24974 24986 I art     : Starting a blocking GC Explicit
08-03 19:37:33.808 24974 24986 I art     : Explicit concurrent mark sweep GC freed 3(96B) AllocSpace objects, 0(0B) LOS objects, 29% free, 38MB/54MB, paused 1.361ms total 51.458ms
08-03 19:37:33.822 24974 24986 I art     : Starting a blocking GC Explicit
08-03 19:37:33.873 24974 24986 I art     : Explicit concurrent mark sweep GC freed 3(96B) AllocSpace objects, 0(0B) LOS objects, 29% free, 38MB/54MB, paused 1.439ms total 50.750ms
08-03 19:37:33.887 24974 24986 I art     : Starting a blocking GC Explicit
08-03 19:37:33.939 24974 24986 I art     : Explicit concurrent mark sweep GC freed 3(96B) AllocSpace objects, 0(0B) LOS objects, 29% free, 38MB/54MB, paused 1.504ms total 52.176ms
08-03 19:37:34.313 24974 24985 I art     : Starting a blocking GC Explicit
08-03 19:37:34.367 24974 24985 I art     : Explicit concurrent mark sweep GC freed 1440(83KB) AllocSpace objects, 1(20KB) LOS objects, 29% free, 38MB/54MB, paused 1.370ms total 53.153ms
08-03 19:37:34.381 24974 24985 I art     : Starting a blocking GC Explicit
08-03 19:37:34.432 24974 24985 I art     : Explicit concurrent mark sweep GC freed 22(784B) AllocSpace objects, 0(0B) LOS objects, 29% free, 38MB/54MB, paused 1.375ms total 50.996ms
08-03 19:37:34.446 24974 24985 I art     : Starting a blocking GC Explicit
08-03 19:37:34.498 24974 24985 I art     : Explicit concurrent mark sweep GC freed 3(96B) AllocSpace objects, 0(0B) LOS objects, 29% free, 38MB/54MB, paused 1.515ms total 51.322ms
08-03 19:37:34.512 24974 24985 I art     : Starting a blocking GC Explicit
08-03 19:37:34.565 24974 24985 I art     : Explicit concurrent mark sweep GC freed 3(96B) AllocSpace objects, 0(0B) LOS objects, 29% free, 38MB/54MB, paused 1.392ms total 52.952ms
08-03 19:37:34.579 24974 24985 I art     : Starting a blocking GC Explicit
08-03 19:37:34.630 24974 24985 I art     : Explicit concurrent mark sweep GC freed 3(96B) AllocSpace objects, 0(0B) LOS objects, 29% free, 38MB/54MB, paused 1.471ms total 50.920ms
08-03 19:37:35.032 24974 27629 I art     : Starting a blocking GC Explicit
08-03 19:37:35.085 24974 27629 I art     : Explicit concurrent mark sweep GC freed 1441(83KB) AllocSpace objects, 1(20KB) LOS objects, 29% free, 38MB/54MB, paused 1.450ms total 52.598ms
08-03 19:37:35.100 24974 27629 I art     : Starting a blocking GC Explicit
08-03 19:37:35.150 24974 27629 I art     : Explicit concurrent mark sweep GC freed 22(784B) AllocSpace objects, 0(0B) LOS objects, 29% free, 38MB/54MB, paused 1.468ms total 49.715ms
08-03 19:37:35.164 24974 27629 I art     : Starting a blocking GC Explicit
08-03 19:37:35.213 24974 27629 I art     : Explicit concurrent mark sweep GC freed 3(96B) AllocSpace objects, 0(0B) LOS objects, 29% free, 38MB/54MB, paused 1.357ms total 48.793ms
08-03 19:37:35.226 24974 27629 I art     : Starting a blocking GC Explicit
08-03 19:37:35.277 24974 27629 I art     : Explicit concurrent mark sweep GC freed 3(96B) AllocSpace objects, 0(0B) LOS objects, 29% free, 38MB/54MB, paused 1.387ms total 50.593ms
08-03 19:37:35.290 24974 27629 I art     : Starting a blocking GC Explicit
08-03 19:37:35.339 24974 27629 I art     : Explicit concurrent mark sweep GC freed 3(96B) AllocSpace objects, 0(0B) LOS objects, 29% free, 38MB/54MB, paused 1.350ms total 47.771ms
08-03 19:37:35.731 24974 27925 I art     : Starting a blocking GC Explicit
08-03 19:37:35.785 24974 27925 I art     : Explicit concurrent mark sweep GC freed 1440(83KB) AllocSpace objects, 1(20KB) LOS objects, 29% free, 38MB/54MB, paused 1.417ms total 53.874ms
08-03 19:37:35.801 24974 27925 I art     : Starting a blocking GC Explicit
08-03 19:37:35.851 24974 27925 I art     : Explicit concurrent mark sweep GC freed 22(784B) AllocSpace objects, 0(0B) LOS objects, 29% free, 38MB/54MB, paused 1.342ms total 50.031ms
08-03 19:37:35.865 24974 27925 I art     : Starting a blocking GC Explicit
08-03 19:37:35.917 24974 27925 I art     : Explicit concurrent mark sweep GC freed 3(96B) AllocSpace objects, 0(0B) LOS objects, 29% free, 38MB/54MB, paused 1.547ms total 52.139ms
08-03 19:37:35.931 24974 27925 I art     : Starting a blocking GC Explicit
08-03 19:37:35.980 24974 27925 I art     : Explicit concurrent mark sweep GC freed 3(96B) AllocSpace objects, 0(0B) LOS objects, 29% free, 38MB/54MB, paused 1.448ms total 48.802ms
08-03 19:37:35.994 24974 27925 I art     : Starting a blocking GC Explicit
08-03 19:37:36.035 24974 27925 I art     : Explicit concurrent mark sweep GC freed 3(96B) AllocSpace objects, 0(0B) LOS objects, 29% free, 38MB/54MB, paused 1.288ms total 41.291ms
08-03 19:37:36.378 24974 24986 I art     : Starting a blocking GC Explicit
08-03 19:37:36.426 24974 24986 I art     : Explicit concurrent mark sweep GC freed 1532(86KB) AllocSpace objects, 1(20KB) LOS objects, 29% free, 38MB/54MB, paused 1.498ms total 47.387ms
08-03 19:37:36.439 24974 24986 I art     : Starting a blocking GC Explicit
08-03 19:37:36.485 24974 24986 I art     : Explicit concurrent mark sweep GC freed 40(1600B) AllocSpace objects, 0(0B) LOS objects, 29% free, 38MB/54MB, paused 1.696ms total 45.892ms
08-03 19:37:36.498 24974 24986 I art     : Starting a blocking GC Explicit
08-03 19:37:36.547 24974 24986 I art     : Explicit concurrent mark sweep GC freed 65(4KB) AllocSpace objects, 0(0B) LOS objects, 29% free, 38MB/54MB, paused 1.412ms total 47.961ms
08-03 19:37:36.560 24974 24986 I art     : Starting a blocking GC Explicit
08-03 19:37:36.610 24974 24986 I art     : Explicit concurrent mark sweep GC freed 3(96B) AllocSpace objects, 0(0B) LOS objects, 29% free, 38MB/54MB, paused 1.491ms total 49.891ms
08-03 19:37:36.623 24974 24986 I art     : Starting a blocking GC Explicit
08-03 19:37:36.674 24974 24986 I art     : Explicit concurrent mark sweep GC freed 3(96B) AllocSpace objects, 0(0B) LOS objects, 29% free, 38MB/54MB, paused 1.488ms total 49.841ms
08-03 19:37:36.734 28708 28708 D AndroidRuntime: >>>>>> START com.android.internal.os.RuntimeInit uid 2000 <<<<<<
08-03 19:37:36.784 28708 28708 D AndroidRuntime: CheckJNI is OFF
08-03 19:37:36.842 28708 28708 D ICU     : No timezone override file found: /data/misc/zoneinfo/current/icu/icu_tzdata.dat
08-03 19:37:36.896 28708 28708 I Radio-JNI: register_android_hardware_Radio DONE
08-03 19:37:36.924 28708 28708 D AndroidRuntime: Calling main entry com.android.commands.input.Input
08-03 19:37:36.926 28708 28708 I Input   : injectKeyEvent: KeyEvent { action=ACTION_DOWN, keyCode=KEYCODE_BACK, scanCode=0, metaState=0, flags=0x0, repeatCount=0, eventTime=646673339, downTime=646673339, deviceId=-1, source=0x101 }
08-03 19:37:36.930 28708 28708 I Input   : injectKeyEvent: KeyEvent { action=ACTION_UP, keyCode=KEYCODE_BACK, scanCode=0, metaState=0, flags=0x0, repeatCount=0, eventTime=646673339, downTime=646673339, deviceId=-1, source=0x101 }
08-03 19:37:36.936 28708 28708 D AndroidRuntime: Shutting down VM
08-03 19:37:37.027 24974 24986 I art     : Starting a blocking GC Explicit
08-03 19:37:37.029 24974 28273 E baseline.com.newsblur.network.APIResponse: Error (unexpected end of stream on https://www.newsblur.com/...) calling https://www.newsblur.com/reader/mark_story_hashes_as_read/
08-03 19:37:37.029 24974 28273 E baseline.com.newsblur.network.APIResponse: java.io.IOException: unexpected end of stream on https://www.newsblur.com/...
08-03 19:37:37.029 24974 28273 E baseline.com.newsblur.network.APIResponse: 	at okhttp3.internal.http1.Http1ExchangeCodec.readResponseHeaders(Http1ExchangeCodec.java:236)
08-03 19:37:37.029 24974 28273 E baseline.com.newsblur.network.APIResponse: 	at okhttp3.internal.connection.Exchange.readResponseHeaders(Exchange.java:115)
08-03 19:37:37.029 24974 28273 E baseline.com.newsblur.network.APIResponse: 	at okhttp3.internal.http.CallServerInterceptor.intercept(CallServerInterceptor.java:94)
08-03 19:37:37.029 24974 28273 E baseline.com.newsblur.network.APIResponse: 	at okhttp3.internal.http.RealInterceptorChain.proceed(RealInterceptorChain.java:142)
08-03 19:37:37.029 24974 28273 E baseline.com.newsblur.network.APIResponse: 	at okhttp3.internal.connection.ConnectInterceptor.intercept(ConnectInterceptor.java:43)
08-03 19:37:37.029 24974 28273 E baseline.com.newsblur.network.APIResponse: 	at okhttp3.internal.http.RealInterceptorChain.proceed(RealInterceptorChain.java:142)
08-03 19:37:37.029 24974 28273 E baseline.com.newsblur.network.APIResponse: 	at okhttp3.internal.http.RealInterceptorChain.proceed(RealInterceptorChain.java:117)
08-03 19:37:37.029 24974 28273 E baseline.com.newsblur.network.APIResponse: 	at okhttp3.internal.cache.CacheInterceptor.intercept(CacheInterceptor.java:94)
08-03 19:37:37.029 24974 28273 E baseline.com.newsblur.network.APIResponse: 	at okhttp3.internal.http.RealInterceptorChain.proceed(RealInterceptorChain.java:142)
08-03 19:37:37.029 24974 28273 E baseline.com.newsblur.network.APIResponse: 	at okhttp3.internal.http.RealInterceptorChain.proceed(RealInterceptorChain.java:117)
08-03 19:37:37.029 24974 28273 E baseline.com.newsblur.network.APIResponse: 	at okhttp3.internal.http.BridgeInterceptor.intercept(BridgeInterceptor.java:93)
08-03 19:37:37.029 24974 28273 E baseline.com.newsblur.network.APIResponse: 	at okhttp3.internal.http.RealInterceptorChain.proceed(RealInterceptorChain.java:142)
08-03 19:37:37.029 24974 28273 E baseline.com.newsblur.network.APIResponse: 	at okhttp3.internal.http.RetryAndFollowUpInterceptor.intercept(RetryAndFollowUpInterceptor.java:88)
08-03 19:37:37.029 24974 28273 E baseline.com.newsblur.network.APIResponse: 	at okhttp3.internal.http.RealInterceptorChain.proceed(RealInterceptorChain.java:142)
08-03 19:37:37.029 24974 28273 E baseline.com.newsblur.network.APIResponse: 	at okhttp3.internal.http.RealInterceptorChain.proceed(RealInterceptorChain.java:117)
08-03 19:37:37.029 24974 28273 E baseline.com.newsblur.network.APIResponse: 	at okhttp3.RealCall.getResponseWithInterceptorChain(RealCall.java:229)
08-03 19:37:37.029 24974 28273 E baseline.com.newsblur.network.APIResponse: 	at okhttp3.RealCall.execute(RealCall.java:81)
08-03 19:37:37.029 24974 28273 E baseline.com.newsblur.network.APIResponse: 	at baseline.com.newsblur.network.APIResponse.<init>(APIResponse.java:57)
08-03 19:37:37.029 24974 28273 E baseline.com.newsblur.network.APIResponse: 	at baseline.com.newsblur.network.APIResponse.<init>(APIResponse.java:43)
08-03 19:37:37.029 24974 28273 E baseline.com.newsblur.network.APIResponse: 	at baseline.com.newsblur.network.APIManager.post_single(APIManager.java:702)
08-03 19:37:37.029 24974 28273 E baseline.com.newsblur.network.APIResponse: 	at baseline.com.newsblur.network.APIManager.post(APIManager.java:675)
08-03 19:37:37.029 24974 28273 E baseline.com.newsblur.network.APIResponse: 	at baseline.com.newsblur.network.APIManager.post(APIManager.java:714)
08-03 19:37:37.029 24974 28273 E baseline.com.newsblur.network.APIResponse: 	at baseline.com.newsblur.network.APIManager.markStoryAsRead(APIManager.java:205)
08-03 19:37:37.029 24974 28273 E baseline.com.newsblur.network.APIResponse: 	at baseline.com.newsblur.util.ReadingAction.doRemote(ReadingAction.java:281)
08-03 19:37:37.029 24974 28273 E baseline.com.newsblur.network.APIResponse: 	at baseline.com.newsblur.service.NBSyncService.syncActions(NBSyncService.java:400)
08-03 19:37:37.029 24974 28273 E baseline.com.newsblur.network.APIResponse: 	at baseline.com.newsblur.service.NBSyncService.doSync(NBSyncService.java:298)
08-03 19:37:37.029 24974 28273 E baseline.com.newsblur.network.APIResponse: 	at baseline.com.newsblur.service.NBSyncService.access$100(NBSyncService.java:67)
08-03 19:37:37.029 24974 28273 E baseline.com.newsblur.network.APIResponse: 	at baseline.com.newsblur.service.NBSyncService$1.run(NBSyncService.java:188)
08-03 19:37:37.029 24974 28273 E baseline.com.newsblur.network.APIResponse: 	at java.util.concurrent.ThreadPoolExecutor.runWorker(ThreadPoolExecutor.java:1113)
08-03 19:37:37.029 24974 28273 E baseline.com.newsblur.network.APIResponse: 	at java.util.concurrent.ThreadPoolExecutor$Worker.run(ThreadPoolExecutor.java:588)
08-03 19:37:37.029 24974 28273 E baseline.com.newsblur.network.APIResponse: 	at java.lang.Thread.run(Thread.java:818)
08-03 19:37:37.029 24974 28273 E baseline.com.newsblur.network.APIResponse: Caused by: java.io.EOFException: \n not found: limit=0 content=
08-03 19:37:37.029 24974 28273 E baseline.com.newsblur.network.APIResponse: 	at okio.RealBufferedSource.readUtf8LineStrict(RealBufferedSource.java:240)
08-03 19:37:37.029 24974 28273 E baseline.com.newsblur.network.APIResponse: 	at okhttp3.internal.http1.Http1ExchangeCodec.readHeaderLine(Http1ExchangeCodec.java:242)
08-03 19:37:37.029 24974 28273 E baseline.com.newsblur.network.APIResponse: 	at okhttp3.internal.http1.Http1ExchangeCodec.readResponseHeaders(Http1ExchangeCodec.java:213)
08-03 19:37:37.029 24974 28273 E baseline.com.newsblur.network.APIResponse: 	... 30 more
08-03 19:37:37.030 24974 28273 I baseline.com.newsblur.service.NBSyncService: Holding reading action with server-side or network error.
08-03 19:37:37.044 24974 28273 W baseline.com.newsblur.service.NBSyncService: hard API failure
08-03 19:37:37.046 24974 28273 I baseline.com.newsblur.service.NBSyncService: abandoning background sync due to recent API failures.
08-03 19:37:37.051 24974 28273 I baseline.com.newsblur.service.NBSyncService: abandoning background sync due to recent API failures.
08-03 19:37:37.052 24974 28273 I baseline.com.newsblur.service.NBSyncService: abandoning background sync due to recent API failures.
08-03 19:37:37.063 22816 22816 I ServiceManager: Waiting for service AtCmdFwd...
08-03 19:37:37.073 24974 24986 I art     : Explicit concurrent mark sweep GC freed 4600(518KB) AllocSpace objects, 14(280KB) LOS objects, 29% free, 38MB/54MB, paused 1.428ms total 46.148ms
08-03 19:37:37.086 24974 24986 I art     : Starting a blocking GC Explicit
08-03 19:37:37.132 24974 24986 I art     : Explicit concurrent mark sweep GC freed 2175(261KB) AllocSpace objects, 10(200KB) LOS objects, 29% free, 38MB/54MB, paused 1.421ms total 45.668ms
08-03 19:37:37.145 24974 24986 I art     : Starting a blocking GC Explicit
08-03 19:37:37.166 13866 13866 I GoogleInputMethodServic: GoogleInputMethodService.onFinishInput():3138 
08-03 19:37:37.167 13866 13866 I GoogleInputMethodServic: GoogleInputMethodService.onStartInput():1808 
08-03 19:37:37.191 24974 24986 I art     : Explicit concurrent mark sweep GC freed 418(45KB) AllocSpace objects, 2(40KB) LOS objects, 29% free, 38MB/54MB, paused 1.292ms total 45.340ms
08-03 19:37:37.204 24974 24986 I art     : Starting a blocking GC Explicit
08-03 19:37:37.247 24974 24986 I art     : Explicit concurrent mark sweep GC freed 701(44KB) AllocSpace objects, 1(28KB) LOS objects, 29% free, 38MB/54MB, paused 1.269ms total 42.653ms
08-03 19:37:37.260 24974 24986 I art     : Starting a blocking GC Explicit
08-03 19:37:37.306 24974 24986 I art     : Explicit concurrent mark sweep GC freed 3(96B) AllocSpace objects, 0(0B) LOS objects, 29% free, 38MB/54MB, paused 1.260ms total 45.403ms
08-03 19:37:37.661 24974 24985 I art     : Starting a blocking GC Explicit
08-03 19:37:37.705 24974 24985 I art     : Explicit concurrent mark sweep GC freed 2656(140KB) AllocSpace objects, 1(20KB) LOS objects, 29% free, 38MB/54MB, paused 1.177ms total 43.218ms
08-03 19:37:37.717 24974 24985 I art     : Starting a blocking GC Explicit
08-03 19:37:37.760 24974 24985 I art     : Explicit concurrent mark sweep GC freed 154(7KB) AllocSpace objects, 0(0B) LOS objects, 29% free, 38MB/54MB, paused 1.182ms total 42.011ms
08-03 19:37:37.772 24974 24985 I art     : Starting a blocking GC Explicit
08-03 19:37:37.816 24974 24985 I art     : Explicit concurrent mark sweep GC freed 8(256B) AllocSpace objects, 0(0B) LOS objects, 29% free, 38MB/54MB, paused 1.269ms total 43.227ms
08-03 19:37:37.829 24974 24985 I art     : Starting a blocking GC Explicit
08-03 19:37:37.873 24974 24985 I art     : Explicit concurrent mark sweep GC freed 11(352B) AllocSpace objects, 0(0B) LOS objects, 29% free, 38MB/54MB, paused 1.192ms total 43.301ms
08-03 19:37:37.886 24974 24985 I art     : Starting a blocking GC Explicit
08-03 19:37:37.930 24974 24985 I art     : Explicit concurrent mark sweep GC freed 9(288B) AllocSpace objects, 0(0B) LOS objects, 29% free, 38MB/54MB, paused 1.328ms total 43.598ms
08-03 19:37:37.976   918 13198 D NetlinkSocketObserver: NeighborEvent{elapsedMs=1630061851, 192.168.2.254, [7C3953A63323], RTM_NEWNEIGH, NUD_PROBE}
08-03 19:37:38.063 22816 22816 I ServiceManager: Waiting for service AtCmdFwd...
08-03 19:37:38.296 24974 24986 I art     : Starting a blocking GC Explicit
08-03 19:37:38.351 24974 24986 I art     : Explicit concurrent mark sweep GC freed 1451(82KB) AllocSpace objects, 1(20KB) LOS objects, 29% free, 38MB/54MB, paused 1.330ms total 54.758ms
08-03 19:37:38.366 24974 24986 I art     : Starting a blocking GC Explicit
08-03 19:37:38.415 24974 24986 I art     : Explicit concurrent mark sweep GC freed 28(960B) AllocSpace objects, 0(0B) LOS objects, 29% free, 38MB/54MB, paused 1.291ms total 49.151ms
08-03 19:37:38.430 24974 24986 I art     : Starting a blocking GC Explicit
08-03 19:37:38.479 24974 24986 I art     : Explicit concurrent mark sweep GC freed 11(352B) AllocSpace objects, 0(0B) LOS objects, 29% free, 38MB/54MB, paused 1.482ms total 48.278ms
08-03 19:37:38.491 24974 24986 I art     : Starting a blocking GC Explicit
08-03 19:37:38.540 24974 24986 I art     : Explicit concurrent mark sweep GC freed 10(320B) AllocSpace objects, 0(0B) LOS objects, 29% free, 38MB/54MB, paused 1.389ms total 48.246ms
08-03 19:37:38.555 24974 24986 I art     : Starting a blocking GC Explicit
08-03 19:37:38.604 24974 24986 I art     : Explicit concurrent mark sweep GC freed 5(160B) AllocSpace objects, 0(0B) LOS objects, 29% free, 38MB/54MB, paused 1.351ms total 48.872ms
08-03 19:37:38.726 28762 28762 D AndroidRuntime: >>>>>> START com.android.internal.os.RuntimeInit uid 2000 <<<<<<
08-03 19:37:38.732 28762 28762 D AndroidRuntime: CheckJNI is OFF
08-03 19:37:38.775 28762 28762 D ICU     : No timezone override file found: /data/misc/zoneinfo/current/icu/icu_tzdata.dat
08-03 19:37:38.816 28762 28762 I Radio-JNI: register_android_hardware_Radio DONE
08-03 19:37:38.844 28762 28762 D AndroidRuntime: Calling main entry com.android.commands.input.Input
08-03 19:37:38.846 28762 28762 I Input   : injectKeyEvent: KeyEvent { action=ACTION_DOWN, keyCode=KEYCODE_BACK, scanCode=0, metaState=0, flags=0x0, repeatCount=0, eventTime=646675259, downTime=646675259, deviceId=-1, source=0x101 }
08-03 19:37:38.852 28762 28762 I Input   : injectKeyEvent: KeyEvent { action=ACTION_UP, keyCode=KEYCODE_BACK, scanCode=0, metaState=0, flags=0x0, repeatCount=0, eventTime=646675259, downTime=646675259, deviceId=-1, source=0x101 }
08-03 19:37:38.859 28762 28762 D AndroidRuntime: Shutting down VM
08-03 19:37:38.977 24974 24985 I art     : Starting a blocking GC Explicit
08-03 19:37:39.027 24974 24985 I art     : Explicit concurrent mark sweep GC freed 3788(291KB) AllocSpace objects, 9(180KB) LOS objects, 29% free, 38MB/54MB, paused 1.249ms total 49.967ms
08-03 19:37:39.040 24974 24985 I art     : Starting a blocking GC Explicit
08-03 19:37:39.051 13866 13866 I GoogleInputMethodServic: GoogleInputMethodService.onFinishInput():3138 
08-03 19:37:39.052 13866 13866 I GoogleInputMethodServic: GoogleInputMethodService.onStartInput():1808 
08-03 19:37:39.064 22816 22816 I ServiceManager: Waiting for service AtCmdFwd...
08-03 19:37:39.087 24974 24985 I art     : Explicit concurrent mark sweep GC freed 7998(519KB) AllocSpace objects, 8(160KB) LOS objects, 29% free, 38MB/54MB, paused 1.537ms total 46.210ms
08-03 19:37:39.099 24974 24985 I art     : Starting a blocking GC Explicit
08-03 19:37:39.142 24974 24985 I art     : Explicit concurrent mark sweep GC freed 471(14KB) AllocSpace objects, 0(0B) LOS objects, 29% free, 38MB/54MB, paused 1.264ms total 42.325ms
08-03 19:37:39.154 24974 24985 I art     : Starting a blocking GC Explicit
08-03 19:37:39.198 24974 24985 I art     : Explicit concurrent mark sweep GC freed 71(5KB) AllocSpace objects, 0(0B) LOS objects, 29% free, 38MB/54MB, paused 1.414ms total 43.585ms
08-03 19:37:39.211 24974 24985 I art     : Starting a blocking GC Explicit
08-03 19:37:39.262 24974 24985 I art     : Explicit concurrent mark sweep GC freed 9(400B) AllocSpace objects, 0(0B) LOS objects, 29% free, 38MB/54MB, paused 1.265ms total 50.621ms
08-03 19:37:39.621 24974 27629 I art     : Starting a blocking GC Explicit
08-03 19:37:39.634 24974 28785 E baseline.com.newsblur.network.APIResponse: Error (unexpected end of stream on https://www.newsblur.com/...) calling https://www.newsblur.com/reader/mark_story_hashes_as_read/
08-03 19:37:39.634 24974 28785 E baseline.com.newsblur.network.APIResponse: java.io.IOException: unexpected end of stream on https://www.newsblur.com/...
08-03 19:37:39.634 24974 28785 E baseline.com.newsblur.network.APIResponse: 	at okhttp3.internal.http1.Http1ExchangeCodec.readResponseHeaders(Http1ExchangeCodec.java:236)
08-03 19:37:39.634 24974 28785 E baseline.com.newsblur.network.APIResponse: 	at okhttp3.internal.connection.Exchange.readResponseHeaders(Exchange.java:115)
08-03 19:37:39.634 24974 28785 E baseline.com.newsblur.network.APIResponse: 	at okhttp3.internal.http.CallServerInterceptor.intercept(CallServerInterceptor.java:94)
08-03 19:37:39.634 24974 28785 E baseline.com.newsblur.network.APIResponse: 	at okhttp3.internal.http.RealInterceptorChain.proceed(RealInterceptorChain.java:142)
08-03 19:37:39.634 24974 28785 E baseline.com.newsblur.network.APIResponse: 	at okhttp3.internal.connection.ConnectInterceptor.intercept(ConnectInterceptor.java:43)
08-03 19:37:39.634 24974 28785 E baseline.com.newsblur.network.APIResponse: 	at okhttp3.internal.http.RealInterceptorChain.proceed(RealInterceptorChain.java:142)
08-03 19:37:39.634 24974 28785 E baseline.com.newsblur.network.APIResponse: 	at okhttp3.internal.http.RealInterceptorChain.proceed(RealInterceptorChain.java:117)
08-03 19:37:39.634 24974 28785 E baseline.com.newsblur.network.APIResponse: 	at okhttp3.internal.cache.CacheInterceptor.intercept(CacheInterceptor.java:94)
08-03 19:37:39.634 24974 28785 E baseline.com.newsblur.network.APIResponse: 	at okhttp3.internal.http.RealInterceptorChain.proceed(RealInterceptorChain.java:142)
08-03 19:37:39.634 24974 28785 E baseline.com.newsblur.network.APIResponse: 	at okhttp3.internal.http.RealInterceptorChain.proceed(RealInterceptorChain.java:117)
08-03 19:37:39.634 24974 28785 E baseline.com.newsblur.network.APIResponse: 	at okhttp3.internal.http.BridgeInterceptor.intercept(BridgeInterceptor.java:93)
08-03 19:37:39.634 24974 28785 E baseline.com.newsblur.network.APIResponse: 	at okhttp3.internal.http.RealInterceptorChain.proceed(RealInterceptorChain.java:142)
08-03 19:37:39.634 24974 28785 E baseline.com.newsblur.network.APIResponse: 	at okhttp3.internal.http.RetryAndFollowUpInterceptor.intercept(RetryAndFollowUpInterceptor.java:88)
08-03 19:37:39.634 24974 28785 E baseline.com.newsblur.network.APIResponse: 	at okhttp3.internal.http.RealInterceptorChain.proceed(RealInterceptorChain.java:142)
08-03 19:37:39.634 24974 28785 E baseline.com.newsblur.network.APIResponse: 	at okhttp3.internal.http.RealInterceptorChain.proceed(RealInterceptorChain.java:117)
08-03 19:37:39.634 24974 28785 E baseline.com.newsblur.network.APIResponse: 	at okhttp3.RealCall.getResponseWithInterceptorChain(RealCall.java:229)
08-03 19:37:39.634 24974 28785 E baseline.com.newsblur.network.APIResponse: 	at okhttp3.RealCall.execute(RealCall.java:81)
08-03 19:37:39.634 24974 28785 E baseline.com.newsblur.network.APIResponse: 	at baseline.com.newsblur.network.APIResponse.<init>(APIResponse.java:57)
08-03 19:37:39.634 24974 28785 E baseline.com.newsblur.network.APIResponse: 	at baseline.com.newsblur.network.APIResponse.<init>(APIResponse.java:43)
08-03 19:37:39.634 24974 28785 E baseline.com.newsblur.network.APIResponse: 	at baseline.com.newsblur.network.APIManager.post_single(APIManager.java:702)
08-03 19:37:39.634 24974 28785 E baseline.com.newsblur.network.APIResponse: 	at baseline.com.newsblur.network.APIManager.post(APIManager.java:675)
08-03 19:37:39.634 24974 28785 E baseline.com.newsblur.network.APIResponse: 	at baseline.com.newsblur.network.APIManager.post(APIManager.java:714)
08-03 19:37:39.634 24974 28785 E baseline.com.newsblur.network.APIResponse: 	at baseline.com.newsblur.network.APIManager.markStoryAsRead(APIManager.java:205)
08-03 19:37:39.634 24974 28785 E baseline.com.newsblur.network.APIResponse: 	at baseline.com.newsblur.util.ReadingAction.doRemote(ReadingAction.java:281)
08-03 19:37:39.634 24974 28785 E baseline.com.newsblur.network.APIResponse: 	at baseline.com.newsblur.service.NBSyncService.syncActions(NBSyncService.java:400)
08-03 19:37:39.634 24974 28785 E baseline.com.newsblur.network.APIResponse: 	at baseline.com.newsblur.service.NBSyncService.doSync(NBSyncService.java:298)
08-03 19:37:39.634 24974 28785 E baseline.com.newsblur.network.APIResponse: 	at baseline.com.newsblur.service.NBSyncService.access$100(NBSyncService.java:67)
08-03 19:37:39.634 24974 28785 E baseline.com.newsblur.network.APIResponse: 	at baseline.com.newsblur.service.NBSyncService$1.run(NBSyncService.java:188)
08-03 19:37:39.634 24974 28785 E baseline.com.newsblur.network.APIResponse: 	at java.util.concurrent.ThreadPoolExecutor.runWorker(ThreadPoolExecutor.java:1113)
08-03 19:37:39.634 24974 28785 E baseline.com.newsblur.network.APIResponse: 	at java.util.concurrent.ThreadPoolExecutor$Worker.run(ThreadPoolExecutor.java:588)
08-03 19:37:39.634 24974 28785 E baseline.com.newsblur.network.APIResponse: 	at java.lang.Thread.run(Thread.java:818)
08-03 19:37:39.634 24974 28785 E baseline.com.newsblur.network.APIResponse: Caused by: java.io.EOFException: \n not found: limit=0 content=
08-03 19:37:39.634 24974 28785 E baseline.com.newsblur.network.APIResponse: 	at okio.RealBufferedSource.readUtf8LineStrict(RealBufferedSource.java:240)
08-03 19:37:39.634 24974 28785 E baseline.com.newsblur.network.APIResponse: 	at okhttp3.internal.http1.Http1ExchangeCodec.readHeaderLine(Http1ExchangeCodec.java:242)
08-03 19:37:39.634 24974 28785 E baseline.com.newsblur.network.APIResponse: 	at okhttp3.internal.http1.Http1ExchangeCodec.readResponseHeaders(Http1ExchangeCodec.java:213)
08-03 19:37:39.634 24974 28785 E baseline.com.newsblur.network.APIResponse: 	... 30 more
08-03 19:37:39.636 24974 28785 I baseline.com.newsblur.network.APIManager: API call failed, pausing before retry number 1
08-03 19:37:39.671 24974 27629 I art     : Explicit concurrent mark sweep GC freed 5808(452KB) AllocSpace objects, 6(260KB) LOS objects, 29% free, 38MB/54MB, paused 1.391ms total 49.925ms
08-03 19:37:39.685 24974 27629 I art     : Starting a blocking GC Explicit
08-03 19:37:39.733 24974 27629 I art     : Explicit concurrent mark sweep GC freed 1210(140KB) AllocSpace objects, 0(0B) LOS objects, 29% free, 38MB/54MB, paused 1.414ms total 48.264ms
08-03 19:37:39.747 24974 27629 I art     : Starting a blocking GC Explicit
08-03 19:37:39.795 24974 27629 I art     : Explicit concurrent mark sweep GC freed 33(1088B) AllocSpace objects, 0(0B) LOS objects, 29% free, 38MB/54MB, paused 1.437ms total 47.730ms
08-03 19:37:39.809 24974 27629 I art     : Starting a blocking GC Explicit
08-03 19:37:39.857 24974 27629 I art     : Explicit concurrent mark sweep GC freed 9(288B) AllocSpace objects, 0(0B) LOS objects, 29% free, 38MB/54MB, paused 1.813ms total 47.926ms
08-03 19:37:39.871 24974 27629 I art     : Starting a blocking GC Explicit
08-03 19:37:39.919 24974 27629 I art     : Explicit concurrent mark sweep GC freed 12(384B) AllocSpace objects, 0(0B) LOS objects, 29% free, 38MB/54MB, paused 1.386ms total 47.876ms
08-03 19:37:40.064 22816 22816 I ServiceManager: Waiting for service AtCmdFwd...
08-03 19:37:40.269 24974 24985 I art     : Starting a blocking GC Explicit
08-03 19:37:40.324 24974 24985 I art     : Explicit concurrent mark sweep GC freed 1487(84KB) AllocSpace objects, 1(20KB) LOS objects, 29% free, 38MB/54MB, paused 1.352ms total 54.412ms
08-03 19:37:40.338 24974 24985 I art     : Starting a blocking GC Explicit
08-03 19:37:40.386 24974 24985 I art     : Explicit concurrent mark sweep GC freed 30(1040B) AllocSpace objects, 0(0B) LOS objects, 29% free, 38MB/54MB, paused 1.398ms total 47.388ms
08-03 19:37:40.400 24974 24985 I art     : Starting a blocking GC Explicit
08-03 19:37:40.448 24974 24985 I art     : Explicit concurrent mark sweep GC freed 10(320B) AllocSpace objects, 0(0B) LOS objects, 29% free, 38MB/54MB, paused 1.499ms total 48.266ms
08-03 19:37:40.462 24974 24985 I art     : Starting a blocking GC Explicit
08-03 19:37:40.508 24974 24985 I art     : Explicit concurrent mark sweep GC freed 6(192B) AllocSpace objects, 0(0B) LOS objects, 29% free, 38MB/54MB, paused 1.387ms total 45.945ms
08-03 19:37:40.522 24974 24985 I art     : Starting a blocking GC Explicit
08-03 19:37:40.571 24974 24985 I art     : Explicit concurrent mark sweep GC freed 3(96B) AllocSpace objects, 0(0B) LOS objects, 29% free, 38MB/54MB, paused 1.432ms total 49.083ms
08-03 19:37:40.666 28802 28802 D AndroidRuntime: >>>>>> START com.android.internal.os.RuntimeInit uid 2000 <<<<<<
08-03 19:37:40.673 28802 28802 D AndroidRuntime: CheckJNI is OFF
08-03 19:37:40.717 28802 28802 D ICU     : No timezone override file found: /data/misc/zoneinfo/current/icu/icu_tzdata.dat
08-03 19:37:40.761 28802 28802 I Radio-JNI: register_android_hardware_Radio DONE
08-03 19:37:40.790 28802 28802 D AndroidRuntime: Calling main entry com.android.commands.input.Input
08-03 19:37:40.792 28802 28802 I Input   : injectMotionEvent: MotionEvent { action=ACTION_DOWN, actionButton=0, id[0]=0, x[0]=553.0, y[0]=442.0, toolType[0]=TOOL_TYPE_UNKNOWN, buttonState=0, metaState=0, flags=0x0, edgeFlags=0x0, pointerCount=1, historySize=0, eventTime=646677205, downTime=646677205, deviceId=0, source=0x1002 }
08-03 19:37:40.797 28802 28802 I Input   : injectMotionEvent: MotionEvent { action=ACTION_UP, actionButton=0, id[0]=0, x[0]=553.0, y[0]=442.0, toolType[0]=TOOL_TYPE_UNKNOWN, buttonState=0, metaState=0, flags=0x0, edgeFlags=0x0, pointerCount=1, historySize=0, eventTime=646677205, downTime=646677205, deviceId=0, source=0x1002 }
08-03 19:37:40.799 28802 28802 D AndroidRuntime: Shutting down VM
08-03 19:37:40.868   918  6110 I ActivityManager: START u0 {cmp=baseline.com.newsblur/.activity.AllSharedStoriesItemsList (has extras)} from uid 10625 on display 0
08-03 19:37:40.894 24974 27963 I baseline.com.newsblur.database.BlurDatabaseHelper: reading session reset
08-03 19:37:40.933 24974 27925 I art     : Starting a blocking GC Explicit
08-03 19:37:40.983 24974 27925 I art     : Explicit concurrent mark sweep GC freed 3579(296KB) AllocSpace objects, 6(212KB) LOS objects, 29% free, 38MB/54MB, paused 1.560ms total 49.909ms
08-03 19:37:40.996 24974 27925 I art     : Starting a blocking GC Explicit
08-03 19:37:41.041 24974 27925 I art     : Explicit concurrent mark sweep GC freed 203(10KB) AllocSpace objects, 0(0B) LOS objects, 29% free, 38MB/54MB, paused 1.304ms total 44.677ms
08-03 19:37:41.054 24974 27925 I art     : Starting a blocking GC Explicit
08-03 19:37:41.065 22816 22816 I ServiceManager: Waiting for service AtCmdFwd...
08-03 19:37:41.097 24974 27925 I art     : Explicit concurrent mark sweep GC freed 590(45KB) AllocSpace objects, 1(20KB) LOS objects, 29% free, 38MB/54MB, paused 1.678ms total 43.394ms
08-03 19:37:41.107 24974 24974 W View    : requestLayout() improperly called by android.widget.FrameLayout{a3dc38d V.E...... ......ID 0,0-1440,0 #7f07003f app:id/footer_view_inner} during layout: running second layout pass
08-03 19:37:41.107 24974 24974 W View    : requestLayout() improperly called by android.widget.FrameLayout{9ef6942 V.E...... ......ID 0,0-1440,2091 #7f07003f app:id/footer_view_inner} during layout: running second layout pass
08-03 19:37:41.111 24974 27925 I art     : Starting a blocking GC Explicit
08-03 19:37:41.125 13866 13866 I GoogleInputMethodServic: GoogleInputMethodService.onFinishInput():3138 
08-03 19:37:41.125 13866 13866 I GoogleInputMethodServic: GoogleInputMethodService.onStartInput():1808 
08-03 19:37:41.126   918   936 I ActivityManager: Displayed baseline.com.newsblur/.activity.AllSharedStoriesItemsList: +249ms
08-03 19:37:41.160 24974 27925 I art     : Explicit concurrent mark sweep GC freed 1138(98KB) AllocSpace objects, 6(120KB) LOS objects, 29% free, 38MB/54MB, paused 2.317ms total 48.017ms
08-03 19:37:41.174 24974 27925 I art     : Starting a blocking GC Explicit
08-03 19:37:41.220 24974 27925 I art     : Explicit concurrent mark sweep GC freed 952(54KB) AllocSpace objects, 2(40KB) LOS objects, 29% free, 38MB/54MB, paused 1.541ms total 46.124ms
08-03 19:37:41.235 24974 28832 I NAPPA_EXPERIMENTATION: MetricNetworkRequestExecutionTime: REQUEST_DURATION_SYSTEM='59',REQUEST_DURATION_OKHTTP='59',REQUEST_SYNCHRONOUS='TRUE',RESPONSE_CODE='200',RESPONSE_METHOD='GET',RESPONSE_LENGTH_OKHTTP='43',RESPONSE_LENGTH_HEADER='43',REQUEST_PROTOCOL='http/1.1',REQUEST_URL='http://feeds.feedburner.com/~r/retort/~4/UffaFMiJbNs',
08-03 19:37:41.376 24974 27661 I NAPPA_EXPERIMENTATION: MetricNetworkRequestExecutionTime: REQUEST_DURATION_SYSTEM='174',REQUEST_DURATION_OKHTTP='173',REQUEST_SYNCHRONOUS='TRUE',RESPONSE_CODE='200',RESPONSE_METHOD='GET',RESPONSE_LENGTH_OKHTTP='56376',RESPONSE_LENGTH_HEADER='56376',REQUEST_PROTOCOL='h2',REQUEST_URL='https://images.fastcompany.net/image/upload/w_1280,q_auto,f_auto,fl_lossy/wp-cms/uploads/2020/07/p-1-quit-after-covid.jpg',
08-03 19:37:41.560 24974 24985 I art     : Starting a blocking GC Explicit
08-03 19:37:41.615 24974 24985 I art     : Explicit concurrent mark sweep GC freed 4383(258KB) AllocSpace objects, 7(3MB) LOS objects, 28% free, 40MB/56MB, paused 1.394ms total 55.631ms
08-03 19:37:41.629 24974 24985 I art     : Starting a blocking GC Explicit
08-03 19:37:41.650 24974 28785 E baseline.com.newsblur.network.APIResponse: Error (unexpected end of stream on https://www.newsblur.com/...) calling https://www.newsblur.com/reader/mark_story_hashes_as_read/
08-03 19:37:41.650 24974 28785 E baseline.com.newsblur.network.APIResponse: java.io.IOException: unexpected end of stream on https://www.newsblur.com/...
08-03 19:37:41.650 24974 28785 E baseline.com.newsblur.network.APIResponse: 	at okhttp3.internal.http1.Http1ExchangeCodec.readResponseHeaders(Http1ExchangeCodec.java:236)
08-03 19:37:41.650 24974 28785 E baseline.com.newsblur.network.APIResponse: 	at okhttp3.internal.connection.Exchange.readResponseHeaders(Exchange.java:115)
08-03 19:37:41.650 24974 28785 E baseline.com.newsblur.network.APIResponse: 	at okhttp3.internal.http.CallServerInterceptor.intercept(CallServerInterceptor.java:94)
08-03 19:37:41.650 24974 28785 E baseline.com.newsblur.network.APIResponse: 	at okhttp3.internal.http.RealInterceptorChain.proceed(RealInterceptorChain.java:142)
08-03 19:37:41.650 24974 28785 E baseline.com.newsblur.network.APIResponse: 	at okhttp3.internal.connection.ConnectInterceptor.intercept(ConnectInterceptor.java:43)
08-03 19:37:41.650 24974 28785 E baseline.com.newsblur.network.APIResponse: 	at okhttp3.internal.http.RealInterceptorChain.proceed(RealInterceptorChain.java:142)
08-03 19:37:41.650 24974 28785 E baseline.com.newsblur.network.APIResponse: 	at okhttp3.internal.http.RealInterceptorChain.proceed(RealInterceptorChain.java:117)
08-03 19:37:41.650 24974 28785 E baseline.com.newsblur.network.APIResponse: 	at okhttp3.internal.cache.CacheInterceptor.intercept(CacheInterceptor.java:94)
08-03 19:37:41.650 24974 28785 E baseline.com.newsblur.network.APIResponse: 	at okhttp3.internal.http.RealInterceptorChain.proceed(RealInterceptorChain.java:142)
08-03 19:37:41.650 24974 28785 E baseline.com.newsblur.network.APIResponse: 	at okhttp3.internal.http.RealInterceptorChain.proceed(RealInterceptorChain.java:117)
08-03 19:37:41.650 24974 28785 E baseline.com.newsblur.network.APIResponse: 	at okhttp3.internal.http.BridgeInterceptor.intercept(BridgeInterceptor.java:93)
08-03 19:37:41.650 24974 28785 E baseline.com.newsblur.network.APIResponse: 	at okhttp3.internal.http.RealInterceptorChain.proceed(RealInterceptorChain.java:142)
08-03 19:37:41.650 24974 28785 E baseline.com.newsblur.network.APIResponse: 	at okhttp3.internal.http.RetryAndFollowUpInterceptor.intercept(RetryAndFollowUpInterceptor.java:88)
08-03 19:37:41.650 24974 28785 E baseline.com.newsblur.network.APIResponse: 	at okhttp3.internal.http.RealInterceptorChain.proceed(RealInterceptorChain.java:142)
08-03 19:37:41.650 24974 28785 E baseline.com.newsblur.network.APIResponse: 	at okhttp3.internal.http.RealInterceptorChain.proceed(RealInterceptorChain.java:117)
08-03 19:37:41.650 24974 28785 E baseline.com.newsblur.network.APIResponse: 	at okhttp3.RealCall.getResponseWithInterceptorChain(RealCall.java:229)
08-03 19:37:41.650 24974 28785 E baseline.com.newsblur.network.APIResponse: 	at okhttp3.RealCall.execute(RealCall.java:81)
08-03 19:37:41.650 24974 28785 E baseline.com.newsblur.network.APIResponse: 	at baseline.com.newsblur.network.APIResponse.<init>(APIResponse.java:57)
08-03 19:37:41.650 24974 28785 E baseline.com.newsblur.network.APIResponse: 	at baseline.com.newsblur.network.APIResponse.<init>(APIResponse.java:43)
08-03 19:37:41.650 24974 28785 E baseline.com.newsblur.network.APIResponse: 	at baseline.com.newsblur.network.APIManager.post_single(APIManager.java:702)
08-03 19:37:41.650 24974 28785 E baseline.com.newsblur.network.APIResponse: 	at baseline.com.newsblur.network.APIManager.post(APIManager.java:675)
08-03 19:37:41.650 24974 28785 E baseline.com.newsblur.network.APIResponse: 	at baseline.com.newsblur.network.APIManager.post(APIManager.java:714)
08-03 19:37:41.650 24974 28785 E baseline.com.newsblur.network.APIResponse: 	at baseline.com.newsblur.network.APIManager.markStoryAsRead(APIManager.java:205)
08-03 19:37:41.650 24974 28785 E baseline.com.newsblur.network.APIResponse: 	at baseline.com.newsblur.util.ReadingAction.doRemote(ReadingAction.java:281)
08-03 19:37:41.650 24974 28785 E baseline.com.newsblur.network.APIResponse: 	at baseline.com.newsblur.service.NBSyncService.syncActions(NBSyncService.java:400)
08-03 19:37:41.650 24974 28785 E baseline.com.newsblur.network.APIResponse: 	at baseline.com.newsblur.service.NBSyncService.doSync(NBSyncService.java:298)
08-03 19:37:41.650 24974 28785 E baseline.com.newsblur.network.APIResponse: 	at baseline.com.newsblur.service.NBSyncService.access$100(NBSyncService.java:67)
08-03 19:37:41.650 24974 28785 E baseline.com.newsblur.network.APIResponse: 	at baseline.com.newsblur.service.NBSyncService$1.run(NBSyncService.java:188)
08-03 19:37:41.650 24974 28785 E baseline.com.newsblur.network.APIResponse: 	at java.util.concurrent.ThreadPoolExecutor.runWorker(ThreadPoolExecutor.java:1113)
08-03 19:37:41.650 24974 28785 E baseline.com.newsblur.network.APIResponse: 	at java.util.concurrent.ThreadPoolExecutor$Worker.run(ThreadPoolExecutor.java:588)
08-03 19:37:41.650 24974 28785 E baseline.com.newsblur.network.APIResponse: 	at java.lang.Thread.run(Thread.java:818)
08-03 19:37:41.650 24974 28785 E baseline.com.newsblur.network.APIResponse: Caused by: java.io.EOFException: \n not found: limit=0 content=
08-03 19:37:41.650 24974 28785 E baseline.com.newsblur.network.APIResponse: 	at okio.RealBufferedSource.readUtf8LineStrict(RealBufferedSource.java:240)
08-03 19:37:41.650 24974 28785 E baseline.com.newsblur.network.APIResponse: 	at okhttp3.internal.http1.Http1ExchangeCodec.readHeaderLine(Http1ExchangeCodec.java:242)
08-03 19:37:41.650 24974 28785 E baseline.com.newsblur.network.APIResponse: 	at okhttp3.internal.http1.Http1ExchangeCodec.readResponseHeaders(Http1ExchangeCodec.java:213)
08-03 19:37:41.650 24974 28785 E baseline.com.newsblur.network.APIResponse: 	... 30 more
08-03 19:37:41.651 24974 28785 I baseline.com.newsblur.network.APIManager: API call failed, pausing before retry number 2
08-03 19:37:41.679 24974 24985 I art     : Explicit concurrent mark sweep GC freed 902(199KB) AllocSpace objects, 2(40KB) LOS objects, 28% free, 40MB/56MB, paused 1.570ms total 49.289ms
08-03 19:37:41.692 24974 24985 I art     : Starting a blocking GC Explicit
08-03 19:37:41.741 24974 24985 I art     : Explicit concurrent mark sweep GC freed 103(15KB) AllocSpace objects, 0(0B) LOS objects, 28% free, 40MB/56MB, paused 1.374ms total 48.636ms
08-03 19:37:41.755 24974 24985 I art     : Starting a blocking GC Explicit
08-03 19:37:41.805 24974 24985 I art     : Explicit concurrent mark sweep GC freed 28(928B) AllocSpace objects, 0(0B) LOS objects, 28% free, 40MB/56MB, paused 1.427ms total 49.841ms
08-03 19:37:41.818 24974 24985 I art     : Starting a blocking GC Explicit
08-03 19:37:41.867 24974 24985 I art     : Explicit concurrent mark sweep GC freed 7(224B) AllocSpace objects, 0(0B) LOS objects, 28% free, 40MB/56MB, paused 1.464ms total 48.787ms
08-03 19:37:42.065 22816 22816 W Atfwd_Sendcmd: AtCmdFwd service not published, waiting... retryCnt : 4
08-03 19:37:42.220 24974 24985 I art     : Starting a blocking GC Explicit
08-03 19:37:42.272 24974 24985 I art     : Explicit concurrent mark sweep GC freed 1467(83KB) AllocSpace objects, 1(20KB) LOS objects, 28% free, 40MB/56MB, paused 1.448ms total 51.941ms
08-03 19:37:42.287 24974 24985 I art     : Starting a blocking GC Explicit
08-03 19:37:42.338 24974 24985 I art     : Explicit concurrent mark sweep GC freed 51(1808B) AllocSpace objects, 0(0B) LOS objects, 28% free, 40MB/56MB, paused 1.602ms total 51.196ms
08-03 19:37:42.352 24974 24985 I art     : Starting a blocking GC Explicit
08-03 19:37:42.403 24974 24985 I art     : Explicit concurrent mark sweep GC freed 15(480B) AllocSpace objects, 0(0B) LOS objects, 28% free, 40MB/56MB, paused 1.528ms total 50.918ms
08-03 19:37:42.418 24974 24985 I art     : Starting a blocking GC Explicit
08-03 19:37:42.471 24974 24985 I art     : Explicit concurrent mark sweep GC freed 15(480B) AllocSpace objects, 0(0B) LOS objects, 28% free, 40MB/56MB, paused 1.534ms total 52.682ms
08-03 19:37:42.485 24974 24985 I art     : Starting a blocking GC Explicit
08-03 19:37:42.536 24974 24985 I art     : Explicit concurrent mark sweep GC freed 12(384B) AllocSpace objects, 0(0B) LOS objects, 28% free, 40MB/56MB, paused 1.499ms total 50.957ms
08-03 19:37:42.940 24974 27925 I art     : Starting a blocking GC Explicit
08-03 19:37:42.992 24974 27925 I art     : Explicit concurrent mark sweep GC freed 1468(83KB) AllocSpace objects, 1(20KB) LOS objects, 28% free, 40MB/56MB, paused 1.468ms total 52.224ms
08-03 19:37:43.007 24974 27925 I art     : Starting a blocking GC Explicit
08-03 19:37:43.044   518   646 I ThermalEngine: ACTION: GPU - Setting GPU[0] to 390000000
08-03 19:37:43.093 24974 27925 I art     : Explicit concurrent mark sweep GC freed 29(1008B) AllocSpace objects, 0(0B) LOS objects, 28% free, 40MB/56MB, paused 3.062ms total 85.727ms
08-03 19:37:43.118 24974 27925 I art     : Starting a blocking GC Explicit
08-03 19:37:43.183 24974 27925 I art     : Explicit concurrent mark sweep GC freed 9(288B) AllocSpace objects, 0(0B) LOS objects, 28% free, 40MB/56MB, paused 2.229ms total 64.125ms
08-03 19:37:43.203 24974 27925 I art     : Starting a blocking GC Explicit
08-03 19:37:43.266 24974 27925 I art     : Explicit concurrent mark sweep GC freed 7(224B) AllocSpace objects, 0(0B) LOS objects, 28% free, 40MB/56MB, paused 2.130ms total 62.849ms
08-03 19:37:43.286 24974 27925 I art     : Starting a blocking GC Explicit
08-03 19:37:43.349 24974 27925 I art     : Explicit concurrent mark sweep GC freed 9(288B) AllocSpace objects, 0(0B) LOS objects, 28% free, 40MB/56MB, paused 2.382ms total 62.497ms
08-03 19:37:43.770 24974 24986 I art     : Starting a blocking GC Explicit
08-03 19:37:43.833 24974 24986 I art     : Explicit concurrent mark sweep GC freed 1472(84KB) AllocSpace objects, 1(20KB) LOS objects, 28% free, 40MB/56MB, paused 2.219ms total 62.254ms
08-03 19:37:43.853 24974 24986 I art     : Starting a blocking GC Explicit
08-03 19:37:43.915 24974 24986 I art     : Explicit concurrent mark sweep GC freed 27(944B) AllocSpace objects, 0(0B) LOS objects, 28% free, 40MB/56MB, paused 2.195ms total 61.787ms
08-03 19:37:43.935 24974 24986 I art     : Starting a blocking GC Explicit
08-03 19:37:43.997 24974 24986 I art     : Explicit concurrent mark sweep GC freed 8(256B) AllocSpace objects, 0(0B) LOS objects, 28% free, 40MB/56MB, paused 2.189ms total 61.162ms
08-03 19:37:44.017 24974 24986 I art     : Starting a blocking GC Explicit
08-03 19:37:44.079 24974 24986 I art     : Explicit concurrent mark sweep GC freed 8(256B) AllocSpace objects, 0(0B) LOS objects, 28% free, 40MB/56MB, paused 2.476ms total 61.842ms
08-03 19:37:44.099 24974 24986 I art     : Starting a blocking GC Explicit
08-03 19:37:44.162 24974 24986 I art     : Explicit concurrent mark sweep GC freed 7(224B) AllocSpace objects, 0(0B) LOS objects, 28% free, 40MB/56MB, paused 2.391ms total 61.826ms
08-03 19:37:44.587 24974 24986 I art     : Starting a blocking GC Explicit
08-03 19:37:44.655 24974 24986 I art     : Explicit concurrent mark sweep GC freed 1473(84KB) AllocSpace objects, 1(20KB) LOS objects, 28% free, 40MB/56MB, paused 2.103ms total 67.231ms
08-03 19:37:44.674 24974 24986 I art     : Starting a blocking GC Explicit
08-03 19:37:44.736 24974 24986 I art     : Explicit concurrent mark sweep GC freed 182(8KB) AllocSpace objects, 0(0B) LOS objects, 28% free, 40MB/56MB, paused 2.194ms total 61.361ms
08-03 19:37:44.756 24974 24986 I art     : Starting a blocking GC Explicit
08-03 19:37:44.817 24974 24986 I art     : Explicit concurrent mark sweep GC freed 24(1856B) AllocSpace objects, 0(0B) LOS objects, 28% free, 40MB/56MB, paused 2.239ms total 60.970ms
08-03 19:37:44.822 18789 18839 I Finsky  : [5531] ktr.run(-1): Stats for Executor: BlockingExecutor kvs@4c6bd6a[Running, pool size = 0, active threads = 0, queued tasks = 0, completed tasks = 36]
08-03 19:37:44.837 24974 24986 I art     : Starting a blocking GC Explicit
08-03 19:37:44.877 18789 18839 I Finsky  : [5531] ktr.run(-1): Stats for Executor: LightweightExecutor kvs@51225b[Running, pool size = 4, active threads = 0, queued tasks = 0, completed tasks = 75]
08-03 19:37:44.899 24974 24986 I art     : Explicit concurrent mark sweep GC freed 8(256B) AllocSpace objects, 0(0B) LOS objects, 28% free, 40MB/56MB, paused 2.430ms total 62.046ms
08-03 19:37:44.919 24974 24986 I art     : Starting a blocking GC Explicit
08-03 19:37:44.982 24974 24986 I art     : Explicit concurrent mark sweep GC freed 8(256B) AllocSpace objects, 0(0B) LOS objects, 28% free, 40MB/56MB, paused 2.347ms total 62.379ms
08-03 19:37:45.045   518   646 I ThermalEngine: ACTION: GPU - Setting GPU[0] to 450000000
08-03 19:37:45.148 24974 28785 E baseline.com.newsblur.network.APIResponse: Error (unexpected end of stream on https://www.newsblur.com/...) calling https://www.newsblur.com/reader/mark_story_hashes_as_read/
08-03 19:37:45.148 24974 28785 E baseline.com.newsblur.network.APIResponse: java.io.IOException: unexpected end of stream on https://www.newsblur.com/...
08-03 19:37:45.148 24974 28785 E baseline.com.newsblur.network.APIResponse: 	at okhttp3.internal.http1.Http1ExchangeCodec.readResponseHeaders(Http1ExchangeCodec.java:236)
08-03 19:37:45.148 24974 28785 E baseline.com.newsblur.network.APIResponse: 	at okhttp3.internal.connection.Exchange.readResponseHeaders(Exchange.java:115)
08-03 19:37:45.148 24974 28785 E baseline.com.newsblur.network.APIResponse: 	at okhttp3.internal.http.CallServerInterceptor.intercept(CallServerInterceptor.java:94)
08-03 19:37:45.148 24974 28785 E baseline.com.newsblur.network.APIResponse: 	at okhttp3.internal.http.RealInterceptorChain.proceed(RealInterceptorChain.java:142)
08-03 19:37:45.148 24974 28785 E baseline.com.newsblur.network.APIResponse: 	at okhttp3.internal.connection.ConnectInterceptor.intercept(ConnectInterceptor.java:43)
08-03 19:37:45.148 24974 28785 E baseline.com.newsblur.network.APIResponse: 	at okhttp3.internal.http.RealInterceptorChain.proceed(RealInterceptorChain.java:142)
08-03 19:37:45.148 24974 28785 E baseline.com.newsblur.network.APIResponse: 	at okhttp3.internal.http.RealInterceptorChain.proceed(RealInterceptorChain.java:117)
08-03 19:37:45.148 24974 28785 E baseline.com.newsblur.network.APIResponse: 	at okhttp3.internal.cache.CacheInterceptor.intercept(CacheInterceptor.java:94)
08-03 19:37:45.148 24974 28785 E baseline.com.newsblur.network.APIResponse: 	at okhttp3.internal.http.RealInterceptorChain.proceed(RealInterceptorChain.java:142)
08-03 19:37:45.148 24974 28785 E baseline.com.newsblur.network.APIResponse: 	at okhttp3.internal.http.RealInterceptorChain.proceed(RealInterceptorChain.java:117)
08-03 19:37:45.148 24974 28785 E baseline.com.newsblur.network.APIResponse: 	at okhttp3.internal.http.BridgeInterceptor.intercept(BridgeInterceptor.java:93)
08-03 19:37:45.148 24974 28785 E baseline.com.newsblur.network.APIResponse: 	at okhttp3.internal.http.RealInterceptorChain.proceed(RealInterceptorChain.java:142)
08-03 19:37:45.148 24974 28785 E baseline.com.newsblur.network.APIResponse: 	at okhttp3.internal.http.RetryAndFollowUpInterceptor.intercept(RetryAndFollowUpInterceptor.java:88)
08-03 19:37:45.148 24974 28785 E baseline.com.newsblur.network.APIResponse: 	at okhttp3.internal.http.RealInterceptorChain.proceed(RealInterceptorChain.java:142)
08-03 19:37:45.148 24974 28785 E baseline.com.newsblur.network.APIResponse: 	at okhttp3.internal.http.RealInterceptorChain.proceed(RealInterceptorChain.java:117)
08-03 19:37:45.148 24974 28785 E baseline.com.newsblur.network.APIResponse: 	at okhttp3.RealCall.getResponseWithInterceptorChain(RealCall.java:229)
08-03 19:37:45.148 24974 28785 E baseline.com.newsblur.network.APIResponse: 	at okhttp3.RealCall.execute(RealCall.java:81)
08-03 19:37:45.148 24974 28785 E baseline.com.newsblur.network.APIResponse: 	at baseline.com.newsblur.network.APIResponse.<init>(APIResponse.java:57)
08-03 19:37:45.148 24974 28785 E baseline.com.newsblur.network.APIResponse: 	at baseline.com.newsblur.network.APIResponse.<init>(APIResponse.java:43)
08-03 19:37:45.148 24974 28785 E baseline.com.newsblur.network.APIResponse: 	at baseline.com.newsblur.network.APIManager.post_single(APIManager.java:702)
08-03 19:37:45.148 24974 28785 E baseline.com.newsblur.network.APIResponse: 	at baseline.com.newsblur.network.APIManager.post(APIManager.java:675)
08-03 19:37:45.148 24974 28785 E baseline.com.newsblur.network.APIResponse: 	at baseline.com.newsblur.network.APIManager.post(APIManager.java:714)
08-03 19:37:45.148 24974 28785 E baseline.com.newsblur.network.APIResponse: 	at baseline.com.newsblur.network.APIManager.markStoryAsRead(APIManager.java:205)
08-03 19:37:45.148 24974 28785 E baseline.com.newsblur.network.APIResponse: 	at baseline.com.newsblur.util.ReadingAction.doRemote(ReadingAction.java:281)
08-03 19:37:45.148 24974 28785 E baseline.com.newsblur.network.APIResponse: 	at baseline.com.newsblur.service.NBSyncService.syncActions(NBSyncService.java:400)
08-03 19:37:45.148 24974 28785 E baseline.com.newsblur.network.APIResponse: 	at baseline.com.newsblur.service.NBSyncService.doSync(NBSyncService.java:298)
08-03 19:37:45.148 24974 28785 E baseline.com.newsblur.network.APIResponse: 	at baseline.com.newsblur.service.NBSyncService.access$100(NBSyncService.java:67)
08-03 19:37:45.148 24974 28785 E baseline.com.newsblur.network.APIResponse: 	at baseline.com.newsblur.service.NBSyncService$1.run(NBSyncService.java:188)
08-03 19:37:45.148 24974 28785 E baseline.com.newsblur.network.APIResponse: 	at java.util.concurrent.ThreadPoolExecutor.runWorker(ThreadPoolExecutor.java:1113)
08-03 19:37:45.148 24974 28785 E baseline.com.newsblur.network.APIResponse: 	at java.util.concurrent.ThreadPoolExecutor$Worker.run(ThreadPoolExecutor.java:588)
08-03 19:37:45.148 24974 28785 E baseline.com.newsblur.network.APIResponse: 	at java.lang.Thread.run(Thread.java:818)
08-03 19:37:45.148 24974 28785 E baseline.com.newsblur.network.APIResponse: Caused by: java.io.EOFException: \n not found: limit=0 content=
08-03 19:37:45.148 24974 28785 E baseline.com.newsblur.network.APIResponse: 	at okio.RealBufferedSource.readUtf8LineStrict(RealBufferedSource.java:240)
08-03 19:37:45.148 24974 28785 E baseline.com.newsblur.network.APIResponse: 	at okhttp3.internal.http1.Http1ExchangeCodec.readHeaderLine(Http1ExchangeCodec.java:242)
08-03 19:37:45.148 24974 28785 E baseline.com.newsblur.network.APIResponse: 	at okhttp3.internal.http1.Http1ExchangeCodec.readResponseHeaders(Http1ExchangeCodec.java:213)
08-03 19:37:45.148 24974 28785 E baseline.com.newsblur.network.APIResponse: 	... 30 more
08-03 19:37:45.149 24974 28785 I baseline.com.newsblur.service.NBSyncService: Holding reading action with server-side or network error.
08-03 19:37:45.161 24974 28785 W baseline.com.newsblur.service.NBSyncService: hard API failure
08-03 19:37:45.170 24974 28785 I baseline.com.newsblur.service.NBSyncService: recounting dirty feed sets: 1
08-03 19:37:45.342 24974 27925 I art     : Starting a blocking GC Explicit
08-03 19:37:45.396 24974 27925 I art     : Explicit concurrent mark sweep GC freed 4849(439KB) AllocSpace objects, 5(100KB) LOS objects, 28% free, 40MB/56MB, paused 1.611ms total 52.979ms
08-03 19:37:45.410 24974 27925 I art     : Starting a blocking GC Explicit
08-03 19:37:45.463 24974 27925 I art     : Explicit concurrent mark sweep GC freed 287(10KB) AllocSpace objects, 0(0B) LOS objects, 28% free, 40MB/56MB, paused 1.498ms total 53.259ms
08-03 19:37:45.477 24974 27925 I art     : Starting a blocking GC Explicit
08-03 19:37:45.529 24974 27925 I art     : Explicit concurrent mark sweep GC freed 6(192B) AllocSpace objects, 0(0B) LOS objects, 28% free, 40MB/56MB, paused 1.568ms total 51.259ms
08-03 19:37:45.542 24974 27925 I art     : Starting a blocking GC Explicit
08-03 19:37:45.579 18789 18839 I Finsky  : [5531] ktr.run(-1): Stats for Executor: bgExecutor kvs@8658af8[Running, pool size = 4, active threads = 0, queued tasks = 0, completed tasks = 115]
08-03 19:37:45.595 24974 27925 I art     : Explicit concurrent mark sweep GC freed 7(224B) AllocSpace objects, 0(0B) LOS objects, 28% free, 40MB/56MB, paused 1.583ms total 52.649ms
08-03 19:37:45.609 24974 27925 I art     : Starting a blocking GC Explicit
08-03 19:37:45.657 24974 27925 I art     : Explicit concurrent mark sweep GC freed 1589(62KB) AllocSpace objects, 0(0B) LOS objects, 28% free, 40MB/56MB, paused 1.457ms total 47.582ms
08-03 19:37:45.670 24974 28785 E baseline.com.newsblur.network.APIResponse: Error (unexpected end of stream on https://www.newsblur.com/...) calling https://www.newsblur.com/reader/feed_unread_count?feed_id=0
08-03 19:37:45.670 24974 28785 E baseline.com.newsblur.network.APIResponse: java.io.IOException: unexpected end of stream on https://www.newsblur.com/...
08-03 19:37:45.670 24974 28785 E baseline.com.newsblur.network.APIResponse: 	at okhttp3.internal.http1.Http1ExchangeCodec.readResponseHeaders(Http1ExchangeCodec.java:236)
08-03 19:37:45.670 24974 28785 E baseline.com.newsblur.network.APIResponse: 	at okhttp3.internal.connection.Exchange.readResponseHeaders(Exchange.java:115)
08-03 19:37:45.670 24974 28785 E baseline.com.newsblur.network.APIResponse: 	at okhttp3.internal.http.CallServerInterceptor.intercept(CallServerInterceptor.java:94)
08-03 19:37:45.670 24974 28785 E baseline.com.newsblur.network.APIResponse: 	at okhttp3.internal.http.RealInterceptorChain.proceed(RealInterceptorChain.java:142)
08-03 19:37:45.670 24974 28785 E baseline.com.newsblur.network.APIResponse: 	at okhttp3.internal.connection.ConnectInterceptor.intercept(ConnectInterceptor.java:43)
08-03 19:37:45.670 24974 28785 E baseline.com.newsblur.network.APIResponse: 	at okhttp3.internal.http.RealInterceptorChain.proceed(RealInterceptorChain.java:142)
08-03 19:37:45.670 24974 28785 E baseline.com.newsblur.network.APIResponse: 	at okhttp3.internal.http.RealInterceptorChain.proceed(RealInterceptorChain.java:117)
08-03 19:37:45.670 24974 28785 E baseline.com.newsblur.network.APIResponse: 	at okhttp3.internal.cache.CacheInterceptor.intercept(CacheInterceptor.java:94)
08-03 19:37:45.670 24974 28785 E baseline.com.newsblur.network.APIResponse: 	at okhttp3.internal.http.RealInterceptorChain.proceed(RealInterceptorChain.java:142)
08-03 19:37:45.670 24974 28785 E baseline.com.newsblur.network.APIResponse: 	at okhttp3.internal.http.RealInterceptorChain.proceed(RealInterceptorChain.java:117)
08-03 19:37:45.670 24974 28785 E baseline.com.newsblur.network.APIResponse: 	at okhttp3.internal.http.BridgeInterceptor.intercept(BridgeInterceptor.java:93)
08-03 19:37:45.670 24974 28785 E baseline.com.newsblur.network.APIResponse: 	at okhttp3.internal.http.RealInterceptorChain.proceed(RealInterceptorChain.java:142)
08-03 19:37:45.670 24974 28785 E baseline.com.newsblur.network.APIResponse: 	at okhttp3.internal.http.RetryAndFollowUpInterceptor.intercept(RetryAndFollowUpInterceptor.java:88)
08-03 19:37:45.670 24974 28785 E baseline.com.newsblur.network.APIResponse: 	at okhttp3.internal.http.RealInterceptorChain.proceed(RealInterceptorChain.java:142)
08-03 19:37:45.670 24974 28785 E baseline.com.newsblur.network.APIResponse: 	at okhttp3.internal.http.RealInterceptorChain.proceed(RealInterceptorChain.java:117)
08-03 19:37:45.670 24974 28785 E baseline.com.newsblur.network.APIResponse: 	at okhttp3.RealCall.getResponseWithInterceptorChain(RealCall.java:229)
08-03 19:37:45.670 24974 28785 E baseline.com.newsblur.network.APIResponse: 	at okhttp3.RealCall.execute(RealCall.java:81)
08-03 19:37:45.670 24974 28785 E baseline.com.newsblur.network.APIResponse: 	at baseline.com.newsblur.network.APIResponse.<init>(APIResponse.java:57)
08-03 19:37:45.670 24974 28785 E baseline.com.newsblur.network.APIResponse: 	at baseline.com.newsblur.network.APIManager.get_single(APIManager.java:639)
08-03 19:37:45.670 24974 28785 E baseline.com.newsblur.network.APIResponse: 	at baseline.com.newsblur.network.APIManager.get(APIManager.java:625)
08-03 19:37:45.670 24974 28785 E baseline.com.newsblur.network.APIResponse: 	at baseline.com.newsblur.network.APIManager.get(APIManager.java:667)
08-03 19:37:45.670 24974 28785 E baseline.com.newsblur.network.APIResponse: 	at baseline.com.newsblur.network.APIManager.getFeedUnreadCounts(APIManager.java:274)
08-03 19:37:45.670 24974 28785 E baseline.com.newsblur.network.APIResponse: 	at baseline.com.newsblur.service.NBSyncService.checkRecounts(NBSyncService.java:660)
08-03 19:37:45.670 24974 28785 E baseline.com.newsblur.network.APIResponse: 	at baseline.com.newsblur.service.NBSyncService.doSync(NBSyncService.java:310)
08-03 19:37:45.670 24974 28785 E baseline.com.newsblur.network.APIResponse: 	at baseline.com.newsblur.service.NBSyncService.access$100(NBSyncService.java:67)
08-03 19:37:45.670 24974 28785 E baseline.com.newsblur.network.APIResponse: 	at baseline.com.newsblur.service.NBSyncService$1.run(NBSyncService.java:188)
08-03 19:37:45.670 24974 28785 E baseline.com.newsblur.network.APIResponse: 	at java.util.concurrent.ThreadPoolExecutor.runWorker(ThreadPoolExecutor.java:1113)
08-03 19:37:45.670 24974 28785 E baseline.com.newsblur.network.APIResponse: 	at java.util.concurrent.ThreadPoolExecutor$Worker.run(ThreadPoolExecutor.java:588)
08-03 19:37:45.670 24974 28785 E baseline.com.newsblur.network.APIResponse: 	at java.lang.Thread.run(Thread.java:818)
08-03 19:37:45.670 24974 28785 E baseline.com.newsblur.network.APIResponse: Caused by: java.io.EOFException: \n not found: limit=0 content=
08-03 19:37:45.670 24974 28785 E baseline.com.newsblur.network.APIResponse: 	at okio.RealBufferedSource.readUtf8LineStrict(RealBufferedSource.java:240)
08-03 19:37:45.670 24974 28785 E baseline.com.newsblur.network.APIResponse: 	at okhttp3.internal.http1.Http1ExchangeCodec.readHeaderLine(Http1ExchangeCodec.java:242)
08-03 19:37:45.670 24974 28785 E baseline.com.newsblur.network.APIResponse: 	at okhttp3.internal.http1.Http1ExchangeCodec.readResponseHeaders(Http1ExchangeCodec.java:213)
08-03 19:37:45.670 24974 28785 E baseline.com.newsblur.network.APIResponse: 	... 28 more
08-03 19:37:45.671 24974 28785 I baseline.com.newsblur.network.APIManager: API call failed, pausing before retry number 1
08-03 19:37:46.050 24974 27925 I art     : Starting a blocking GC Explicit
08-03 19:37:46.097 24974 27925 I art     : Explicit concurrent mark sweep GC freed 2415(295KB) AllocSpace objects, 3(60KB) LOS objects, 28% free, 40MB/56MB, paused 1.304ms total 46.294ms
08-03 19:37:46.109 24974 27925 I art     : Starting a blocking GC Explicit
08-03 19:37:46.156 24974 27925 I art     : Explicit concurrent mark sweep GC freed 73(2752B) AllocSpace objects, 0(0B) LOS objects, 28% free, 40MB/56MB, paused 1.392ms total 46.405ms
08-03 19:37:46.169 24974 27925 I art     : Starting a blocking GC Explicit
08-03 19:37:46.219 24974 27925 I art     : Explicit concurrent mark sweep GC freed 7(224B) AllocSpace objects, 0(0B) LOS objects, 28% free, 40MB/56MB, paused 1.300ms total 48.770ms
08-03 19:37:46.232 24974 27925 I art     : Starting a blocking GC Explicit
08-03 19:37:46.281 24974 27925 I art     : Explicit concurrent mark sweep GC freed 7(224B) AllocSpace objects, 0(0B) LOS objects, 28% free, 40MB/56MB, paused 1.326ms total 49.443ms
08-03 19:37:46.295 24974 27925 I art     : Starting a blocking GC Explicit
08-03 19:37:46.346 24974 27925 I art     : Explicit concurrent mark sweep GC freed 7(224B) AllocSpace objects, 0(0B) LOS objects, 28% free, 40MB/56MB, paused 1.365ms total 51.038ms
08-03 19:37:46.730 24974 24985 I art     : Starting a blocking GC Explicit
08-03 19:37:46.784 24974 24985 I art     : Explicit concurrent mark sweep GC freed 1466(83KB) AllocSpace objects, 1(20KB) LOS objects, 28% free, 40MB/56MB, paused 1.333ms total 53.442ms
08-03 19:37:46.798 24974 24985 I art     : Starting a blocking GC Explicit
08-03 19:37:46.848 24974 24985 I art     : Explicit concurrent mark sweep GC freed 26(912B) AllocSpace objects, 0(0B) LOS objects, 28% free, 40MB/56MB, paused 1.470ms total 49.217ms
08-03 19:37:46.862 24974 24985 I art     : Starting a blocking GC Explicit
08-03 19:37:46.914 24974 24985 I art     : Explicit concurrent mark sweep GC freed 7(224B) AllocSpace objects, 0(0B) LOS objects, 28% free, 40MB/56MB, paused 1.366ms total 52.359ms
08-03 19:37:46.928 24974 24985 I art     : Starting a blocking GC Explicit
08-03 19:37:46.979 24974 24985 I art     : Explicit concurrent mark sweep GC freed 6(192B) AllocSpace objects, 0(0B) LOS objects, 28% free, 40MB/56MB, paused 1.412ms total 50.540ms
08-03 19:37:46.993 24974 24985 I art     : Starting a blocking GC Explicit
08-03 19:37:47.044 24974 24985 I art     : Explicit concurrent mark sweep GC freed 7(224B) AllocSpace objects, 0(0B) LOS objects, 28% free, 40MB/56MB, paused 1.428ms total 50.920ms
08-03 19:37:47.445 24974 24985 I art     : Starting a blocking GC Explicit
08-03 19:37:47.499 24974 24985 I art     : Explicit concurrent mark sweep GC freed 1636(92KB) AllocSpace objects, 1(20KB) LOS objects, 28% free, 40MB/56MB, paused 1.568ms total 53.937ms
08-03 19:37:47.513 24974 24985 I art     : Starting a blocking GC Explicit
08-03 19:37:47.565 24974 24985 I art     : Explicit concurrent mark sweep GC freed 32(1168B) AllocSpace objects, 0(0B) LOS objects, 28% free, 40MB/56MB, paused 1.405ms total 51.135ms
08-03 19:37:47.578 24974 24985 I art     : Starting a blocking GC Explicit
08-03 19:37:47.631 24974 24985 I art     : Explicit concurrent mark sweep GC freed 7(224B) AllocSpace objects, 0(0B) LOS objects, 28% free, 40MB/56MB, paused 1.434ms total 52.439ms
08-03 19:37:47.645 24974 24985 I art     : Starting a blocking GC Explicit
08-03 19:37:47.697 24974 24985 I art     : Explicit concurrent mark sweep GC freed 1675(65KB) AllocSpace objects, 0(0B) LOS objects, 28% free, 40MB/56MB, paused 1.433ms total 51.815ms
08-03 19:37:47.711 24974 24985 I art     : Starting a blocking GC Explicit
08-03 19:37:47.717 24974 28785 E baseline.com.newsblur.network.APIResponse: Error (unexpected end of stream on https://www.newsblur.com/...) calling https://www.newsblur.com/reader/feed_unread_count?feed_id=0
08-03 19:37:47.717 24974 28785 E baseline.com.newsblur.network.APIResponse: java.io.IOException: unexpected end of stream on https://www.newsblur.com/...
08-03 19:37:47.717 24974 28785 E baseline.com.newsblur.network.APIResponse: 	at okhttp3.internal.http1.Http1ExchangeCodec.readResponseHeaders(Http1ExchangeCodec.java:236)
08-03 19:37:47.717 24974 28785 E baseline.com.newsblur.network.APIResponse: 	at okhttp3.internal.connection.Exchange.readResponseHeaders(Exchange.java:115)
08-03 19:37:47.717 24974 28785 E baseline.com.newsblur.network.APIResponse: 	at okhttp3.internal.http.CallServerInterceptor.intercept(CallServerInterceptor.java:94)
08-03 19:37:47.717 24974 28785 E baseline.com.newsblur.network.APIResponse: 	at okhttp3.internal.http.RealInterceptorChain.proceed(RealInterceptorChain.java:142)
08-03 19:37:47.717 24974 28785 E baseline.com.newsblur.network.APIResponse: 	at okhttp3.internal.connection.ConnectInterceptor.intercept(ConnectInterceptor.java:43)
08-03 19:37:47.717 24974 28785 E baseline.com.newsblur.network.APIResponse: 	at okhttp3.internal.http.RealInterceptorChain.proceed(RealInterceptorChain.java:142)
08-03 19:37:47.717 24974 28785 E baseline.com.newsblur.network.APIResponse: 	at okhttp3.internal.http.RealInterceptorChain.proceed(RealInterceptorChain.java:117)
08-03 19:37:47.717 24974 28785 E baseline.com.newsblur.network.APIResponse: 	at okhttp3.internal.cache.CacheInterceptor.intercept(CacheInterceptor.java:94)
08-03 19:37:47.717 24974 28785 E baseline.com.newsblur.network.APIResponse: 	at okhttp3.internal.http.RealInterceptorChain.proceed(RealInterceptorChain.java:142)
08-03 19:37:47.717 24974 28785 E baseline.com.newsblur.network.APIResponse: 	at okhttp3.internal.http.RealInterceptorChain.proceed(RealInterceptorChain.java:117)
08-03 19:37:47.717 24974 28785 E baseline.com.newsblur.network.APIResponse: 	at okhttp3.internal.http.BridgeInterceptor.intercept(BridgeInterceptor.java:93)
08-03 19:37:47.717 24974 28785 E baseline.com.newsblur.network.APIResponse: 	at okhttp3.internal.http.RealInterceptorChain.proceed(RealInterceptorChain.java:142)
08-03 19:37:47.717 24974 28785 E baseline.com.newsblur.network.APIResponse: 	at okhttp3.internal.http.RetryAndFollowUpInterceptor.intercept(RetryAndFollowUpInterceptor.java:88)
08-03 19:37:47.717 24974 28785 E baseline.com.newsblur.network.APIResponse: 	at okhttp3.internal.http.RealInterceptorChain.proceed(RealInterceptorChain.java:142)
08-03 19:37:47.717 24974 28785 E baseline.com.newsblur.network.APIResponse: 	at okhttp3.internal.http.RealInterceptorChain.proceed(RealInterceptorChain.java:117)
08-03 19:37:47.717 24974 28785 E baseline.com.newsblur.network.APIResponse: 	at okhttp3.RealCall.getResponseWithInterceptorChain(RealCall.java:229)
08-03 19:37:47.717 24974 28785 E baseline.com.newsblur.network.APIResponse: 	at okhttp3.RealCall.execute(RealCall.java:81)
08-03 19:37:47.717 24974 28785 E baseline.com.newsblur.network.APIResponse: 	at baseline.com.newsblur.network.APIResponse.<init>(APIResponse.java:57)
08-03 19:37:47.717 24974 28785 E baseline.com.newsblur.network.APIResponse: 	at baseline.com.newsblur.network.APIManager.get_single(APIManager.java:639)
08-03 19:37:47.717 24974 28785 E baseline.com.newsblur.network.APIResponse: 	at baseline.com.newsblur.network.APIManager.get(APIManager.java:625)
08-03 19:37:47.717 24974 28785 E baseline.com.newsblur.network.APIResponse: 	at baseline.com.newsblur.network.APIManager.get(APIManager.java:667)
08-03 19:37:47.717 24974 28785 E baseline.com.newsblur.network.APIResponse: 	at baseline.com.newsblur.network.APIManager.getFeedUnreadCounts(APIManager.java:274)
08-03 19:37:47.717 24974 28785 E baseline.com.newsblur.network.APIResponse: 	at baseline.com.newsblur.service.NBSyncService.checkRecounts(NBSyncService.java:660)
08-03 19:37:47.717 24974 28785 E baseline.com.newsblur.network.APIResponse: 	at baseline.com.newsblur.service.NBSyncService.doSync(NBSyncService.java:310)
08-03 19:37:47.717 24974 28785 E baseline.com.newsblur.network.APIResponse: 	at baseline.com.newsblur.service.NBSyncService.access$100(NBSyncService.java:67)
08-03 19:37:47.717 24974 28785 E baseline.com.newsblur.network.APIResponse: 	at baseline.com.newsblur.service.NBSyncService$1.run(NBSyncService.java:188)
08-03 19:37:47.717 24974 28785 E baseline.com.newsblur.network.APIResponse: 	at java.util.concurrent.ThreadPoolExecutor.runWorker(ThreadPoolExecutor.java:1113)
08-03 19:37:47.717 24974 28785 E baseline.com.newsblur.network.APIResponse: 	at java.util.concurrent.ThreadPoolExecutor$Worker.run(ThreadPoolExecutor.java:588)
08-03 19:37:47.717 24974 28785 E baseline.com.newsblur.network.APIResponse: 	at java.lang.Thread.run(Thread.java:818)
08-03 19:37:47.717 24974 28785 E baseline.com.newsblur.network.APIResponse: Caused by: java.io.EOFException: \n not found: limit=0 content=
08-03 19:37:47.717 24974 28785 E baseline.com.newsblur.network.APIResponse: 	at okio.RealBufferedSource.readUtf8LineStrict(RealBufferedSource.java:240)
08-03 19:37:47.717 24974 28785 E baseline.com.newsblur.network.APIResponse: 	at okhttp3.internal.http1.Http1ExchangeCodec.readHeaderLine(Http1ExchangeCodec.java:242)
08-03 19:37:47.717 24974 28785 E baseline.com.newsblur.network.APIResponse: 	at okhttp3.internal.http1.Http1ExchangeCodec.readResponseHeaders(Http1ExchangeCodec.java:213)
08-03 19:37:47.717 24974 28785 E baseline.com.newsblur.network.APIResponse: 	... 28 more
08-03 19:37:47.718 24974 28785 I baseline.com.newsblur.network.APIManager: API call failed, pausing before retry number 2
08-03 19:37:47.763 24974 24985 I art     : Explicit concurrent mark sweep GC freed 791(194KB) AllocSpace objects, 2(40KB) LOS objects, 28% free, 40MB/56MB, paused 1.317ms total 51.445ms
08-03 19:37:48.137 24974 27925 I art     : Starting a blocking GC Explicit
08-03 19:37:48.189 24974 27925 I art     : Explicit concurrent mark sweep GC freed 1567(99KB) AllocSpace objects, 1(20KB) LOS objects, 28% free, 40MB/56MB, paused 1.481ms total 51.281ms
08-03 19:37:48.202 24974 27925 I art     : Starting a blocking GC Explicit
08-03 19:37:48.254 24974 27925 I art     : Explicit concurrent mark sweep GC freed 48(1648B) AllocSpace objects, 0(0B) LOS objects, 28% free, 40MB/56MB, paused 1.396ms total 51.393ms
08-03 19:37:48.268 24974 27925 I art     : Starting a blocking GC Explicit
08-03 19:37:48.318 24974 27925 I art     : Explicit concurrent mark sweep GC freed 7(224B) AllocSpace objects, 0(0B) LOS objects, 28% free, 40MB/56MB, paused 1.444ms total 50.237ms
08-03 19:37:48.332 24974 27925 I art     : Starting a blocking GC Explicit
08-03 19:37:48.384 24974 27925 I art     : Explicit concurrent mark sweep GC freed 6(192B) AllocSpace objects, 0(0B) LOS objects, 28% free, 40MB/56MB, paused 1.393ms total 51.937ms
08-03 19:37:48.398 24974 27925 I art     : Starting a blocking GC Explicit
08-03 19:37:48.448 24974 27925 I art     : Explicit concurrent mark sweep GC freed 8(256B) AllocSpace objects, 0(0B) LOS objects, 28% free, 40MB/56MB, paused 1.518ms total 50.310ms
08-03 19:37:48.823 24974 24986 I art     : Starting a blocking GC Explicit
08-03 19:37:48.875 24974 24986 I art     : Explicit concurrent mark sweep GC freed 1465(83KB) AllocSpace objects, 1(20KB) LOS objects, 28% free, 40MB/56MB, paused 1.513ms total 52.027ms
08-03 19:37:48.889 24974 24986 I art     : Starting a blocking GC Explicit
08-03 19:37:48.940 24974 24986 I art     : Explicit concurrent mark sweep GC freed 26(912B) AllocSpace objects, 0(0B) LOS objects, 28% free, 40MB/56MB, paused 1.561ms total 50.773ms
08-03 19:37:48.953 24974 24986 I art     : Starting a blocking GC Explicit
08-03 19:37:49.004 24974 24986 I art     : Explicit concurrent mark sweep GC freed 7(224B) AllocSpace objects, 0(0B) LOS objects, 28% free, 40MB/56MB, paused 1.423ms total 50.583ms
08-03 19:37:49.018 24974 24986 I art     : Starting a blocking GC Explicit
08-03 19:37:49.067 24974 24986 I art     : Explicit concurrent mark sweep GC freed 7(224B) AllocSpace objects, 0(0B) LOS objects, 28% free, 40MB/56MB, paused 1.348ms total 48.871ms
08-03 19:37:49.081 24974 24986 I art     : Starting a blocking GC Explicit
08-03 19:37:49.133 24974 24986 I art     : Explicit concurrent mark sweep GC freed 7(224B) AllocSpace objects, 0(0B) LOS objects, 28% free, 40MB/56MB, paused 1.355ms total 51.479ms
08-03 19:37:49.527 24974 24986 I art     : Starting a blocking GC Explicit
08-03 19:37:49.578 24974 24986 I art     : Explicit concurrent mark sweep GC freed 1466(83KB) AllocSpace objects, 1(20KB) LOS objects, 28% free, 40MB/56MB, paused 1.525ms total 50.231ms
08-03 19:37:49.591 24974 24986 I art     : Starting a blocking GC Explicit
08-03 19:37:49.643 24974 24986 I art     : Explicit concurrent mark sweep GC freed 26(912B) AllocSpace objects, 0(0B) LOS objects, 28% free, 40MB/56MB, paused 1.462ms total 51.332ms
08-03 19:37:49.656 24974 24986 I art     : Starting a blocking GC Explicit
08-03 19:37:49.707 24974 24986 I art     : Explicit concurrent mark sweep GC freed 7(224B) AllocSpace objects, 0(0B) LOS objects, 28% free, 40MB/56MB, paused 1.559ms total 50.540ms
08-03 19:37:49.721 24974 24986 I art     : Starting a blocking GC Explicit
08-03 19:37:49.771 24974 24986 I art     : Explicit concurrent mark sweep GC freed 7(224B) AllocSpace objects, 0(0B) LOS objects, 28% free, 40MB/56MB, paused 1.357ms total 50.313ms
08-03 19:37:49.785 24974 24986 I art     : Starting a blocking GC Explicit
08-03 19:37:49.836 24974 24986 I art     : Explicit concurrent mark sweep GC freed 7(224B) AllocSpace objects, 0(0B) LOS objects, 28% free, 40MB/56MB, paused 1.416ms total 51.168ms
08-03 19:37:50.207 24974 24985 I art     : Starting a blocking GC Explicit
08-03 19:37:50.243   918  3261 D WifiStateMachine: starting scan for "H369AA63323"WPA_PSK with 2412,5180
08-03 19:37:50.259 24974 24985 I art     : Explicit concurrent mark sweep GC freed 1465(83KB) AllocSpace objects, 1(20KB) LOS objects, 28% free, 40MB/56MB, paused 1.446ms total 51.510ms
08-03 19:37:50.272 24974 24985 I art     : Starting a blocking GC Explicit
08-03 19:37:50.322 24974 24985 I art     : Explicit concurrent mark sweep GC freed 26(912B) AllocSpace objects, 0(0B) LOS objects, 28% free, 40MB/56MB, paused 1.335ms total 48.981ms
08-03 19:37:50.335 24974 24985 I art     : Starting a blocking GC Explicit
08-03 19:37:50.386 24974 24985 I art     : Explicit concurrent mark sweep GC freed 7(224B) AllocSpace objects, 0(0B) LOS objects, 28% free, 40MB/56MB, paused 1.316ms total 51.004ms
08-03 19:37:50.400 24974 24985 I art     : Starting a blocking GC Explicit
08-03 19:37:50.450 24974 24985 I art     : Explicit concurrent mark sweep GC freed 7(224B) AllocSpace objects, 0(0B) LOS objects, 28% free, 40MB/56MB, paused 1.392ms total 50.116ms
08-03 19:37:50.464 24974 24985 I art     : Starting a blocking GC Explicit
08-03 19:37:50.517 24974 24985 I art     : Explicit concurrent mark sweep GC freed 6(192B) AllocSpace objects, 0(0B) LOS objects, 28% free, 40MB/56MB, paused 1.397ms total 52.648ms
08-03 19:37:50.917 24974 24986 I art     : Starting a blocking GC Explicit
08-03 19:37:50.971 24974 24986 I art     : Explicit concurrent mark sweep GC freed 1634(92KB) AllocSpace objects, 1(20KB) LOS objects, 28% free, 40MB/56MB, paused 1.699ms total 53.738ms
08-03 19:37:50.985 24974 24986 I art     : Starting a blocking GC Explicit
08-03 19:37:51.036 24974 24986 I art     : Explicit concurrent mark sweep GC freed 32(1168B) AllocSpace objects, 0(0B) LOS objects, 28% free, 40MB/56MB, paused 1.480ms total 51.036ms
08-03 19:37:51.049 24974 24986 I art     : Starting a blocking GC Explicit
08-03 19:37:51.095 24974 24986 I art     : Explicit concurrent mark sweep GC freed 7(224B) AllocSpace objects, 0(0B) LOS objects, 28% free, 40MB/56MB, paused 1.375ms total 45.268ms
08-03 19:37:51.108 24974 24986 I art     : Starting a blocking GC Explicit
08-03 19:37:51.153 24974 24986 I art     : Explicit concurrent mark sweep GC freed 7(224B) AllocSpace objects, 0(0B) LOS objects, 28% free, 40MB/56MB, paused 1.391ms total 44.208ms
08-03 19:37:51.166 24974 24986 I art     : Starting a blocking GC Explicit
08-03 19:37:51.214 24974 24986 I art     : Explicit concurrent mark sweep GC freed 6(192B) AllocSpace objects, 0(0B) LOS objects, 28% free, 40MB/56MB, paused 1.477ms total 47.536ms
08-03 19:37:51.291 24974 28785 E baseline.com.newsblur.network.APIResponse: Error (unexpected end of stream on https://www.newsblur.com/...) calling https://www.newsblur.com/reader/feed_unread_count?feed_id=0
08-03 19:37:51.291 24974 28785 E baseline.com.newsblur.network.APIResponse: java.io.IOException: unexpected end of stream on https://www.newsblur.com/...
08-03 19:37:51.291 24974 28785 E baseline.com.newsblur.network.APIResponse: 	at okhttp3.internal.http1.Http1ExchangeCodec.readResponseHeaders(Http1ExchangeCodec.java:236)
08-03 19:37:51.291 24974 28785 E baseline.com.newsblur.network.APIResponse: 	at okhttp3.internal.connection.Exchange.readResponseHeaders(Exchange.java:115)
08-03 19:37:51.291 24974 28785 E baseline.com.newsblur.network.APIResponse: 	at okhttp3.internal.http.CallServerInterceptor.intercept(CallServerInterceptor.java:94)
08-03 19:37:51.291 24974 28785 E baseline.com.newsblur.network.APIResponse: 	at okhttp3.internal.http.RealInterceptorChain.proceed(RealInterceptorChain.java:142)
08-03 19:37:51.291 24974 28785 E baseline.com.newsblur.network.APIResponse: 	at okhttp3.internal.connection.ConnectInterceptor.intercept(ConnectInterceptor.java:43)
08-03 19:37:51.291 24974 28785 E baseline.com.newsblur.network.APIResponse: 	at okhttp3.internal.http.RealInterceptorChain.proceed(RealInterceptorChain.java:142)
08-03 19:37:51.291 24974 28785 E baseline.com.newsblur.network.APIResponse: 	at okhttp3.internal.http.RealInterceptorChain.proceed(RealInterceptorChain.java:117)
08-03 19:37:51.291 24974 28785 E baseline.com.newsblur.network.APIResponse: 	at okhttp3.internal.cache.CacheInterceptor.intercept(CacheInterceptor.java:94)
08-03 19:37:51.291 24974 28785 E baseline.com.newsblur.network.APIResponse: 	at okhttp3.internal.http.RealInterceptorChain.proceed(RealInterceptorChain.java:142)
08-03 19:37:51.291 24974 28785 E baseline.com.newsblur.network.APIResponse: 	at okhttp3.internal.http.RealInterceptorChain.proceed(RealInterceptorChain.java:117)
08-03 19:37:51.291 24974 28785 E baseline.com.newsblur.network.APIResponse: 	at okhttp3.internal.http.BridgeInterceptor.intercept(BridgeInterceptor.java:93)
08-03 19:37:51.291 24974 28785 E baseline.com.newsblur.network.APIResponse: 	at okhttp3.internal.http.RealInterceptorChain.proceed(RealInterceptorChain.java:142)
08-03 19:37:51.291 24974 28785 E baseline.com.newsblur.network.APIResponse: 	at okhttp3.internal.http.RetryAndFollowUpInterceptor.intercept(RetryAndFollowUpInterceptor.java:88)
08-03 19:37:51.291 24974 28785 E baseline.com.newsblur.network.APIResponse: 	at okhttp3.internal.http.RealInterceptorChain.proceed(RealInterceptorChain.java:142)
08-03 19:37:51.291 24974 28785 E baseline.com.newsblur.network.APIResponse: 	at okhttp3.internal.http.RealInterceptorChain.proceed(RealInterceptorChain.java:117)
08-03 19:37:51.291 24974 28785 E baseline.com.newsblur.network.APIResponse: 	at okhttp3.RealCall.getResponseWithInterceptorChain(RealCall.java:229)
08-03 19:37:51.291 24974 28785 E baseline.com.newsblur.network.APIResponse: 	at okhttp3.RealCall.execute(RealCall.java:81)
08-03 19:37:51.291 24974 28785 E baseline.com.newsblur.network.APIResponse: 	at baseline.com.newsblur.network.APIResponse.<init>(APIResponse.java:57)
08-03 19:37:51.291 24974 28785 E baseline.com.newsblur.network.APIResponse: 	at baseline.com.newsblur.network.APIManager.get_single(APIManager.java:639)
08-03 19:37:51.291 24974 28785 E baseline.com.newsblur.network.APIResponse: 	at baseline.com.newsblur.network.APIManager.get(APIManager.java:625)
08-03 19:37:51.291 24974 28785 E baseline.com.newsblur.network.APIResponse: 	at baseline.com.newsblur.network.APIManager.get(APIManager.java:667)
08-03 19:37:51.291 24974 28785 E baseline.com.newsblur.network.APIResponse: 	at baseline.com.newsblur.network.APIManager.getFeedUnreadCounts(APIManager.java:274)
08-03 19:37:51.291 24974 28785 E baseline.com.newsblur.network.APIResponse: 	at baseline.com.newsblur.service.NBSyncService.checkRecounts(NBSyncService.java:660)
08-03 19:37:51.291 24974 28785 E baseline.com.newsblur.network.APIResponse: 	at baseline.com.newsblur.service.NBSyncService.doSync(NBSyncService.java:310)
08-03 19:37:51.291 24974 28785 E baseline.com.newsblur.network.APIResponse: 	at baseline.com.newsblur.service.NBSyncService.access$100(NBSyncService.java:67)
08-03 19:37:51.291 24974 28785 E baseline.com.newsblur.network.APIResponse: 	at baseline.com.newsblur.service.NBSyncService$1.run(NBSyncService.java:188)
08-03 19:37:51.291 24974 28785 E baseline.com.newsblur.network.APIResponse: 	at java.util.concurrent.ThreadPoolExecutor.runWorker(ThreadPoolExecutor.java:1113)
08-03 19:37:51.291 24974 28785 E baseline.com.newsblur.network.APIResponse: 	at java.util.concurrent.ThreadPoolExecutor$Worker.run(ThreadPoolExecutor.java:588)
08-03 19:37:51.291 24974 28785 E baseline.com.newsblur.network.APIResponse: 	at java.lang.Thread.run(Thread.java:818)
08-03 19:37:51.291 24974 28785 E baseline.com.newsblur.network.APIResponse: Caused by: java.io.EOFException: \n not found: limit=0 content=
08-03 19:37:51.291 24974 28785 E baseline.com.newsblur.network.APIResponse: 	at okio.RealBufferedSource.readUtf8LineStrict(RealBufferedSource.java:240)
08-03 19:37:51.291 24974 28785 E baseline.com.newsblur.network.APIResponse: 	at okhttp3.internal.http1.Http1ExchangeCodec.readHeaderLine(Http1ExchangeCodec.java:242)
08-03 19:37:51.291 24974 28785 E baseline.com.newsblur.network.APIResponse: 	at okhttp3.internal.http1.Http1ExchangeCodec.readResponseHeaders(Http1ExchangeCodec.java:213)
08-03 19:37:51.291 24974 28785 E baseline.com.newsblur.network.APIResponse: 	... 28 more
08-03 19:37:51.293 24974 28785 W baseline.com.newsblur.service.NBSyncService: Bad response to feed_unread_count
08-03 19:37:51.570 28975 28975 D AndroidRuntime: >>>>>> START com.android.internal.os.RuntimeInit uid 2000 <<<<<<
08-03 19:37:51.576 28975 28975 D AndroidRuntime: CheckJNI is OFF
08-03 19:37:51.588 24974 27925 I art     : Starting a blocking GC Explicit
08-03 19:37:51.619 28975 28975 D ICU     : No timezone override file found: /data/misc/zoneinfo/current/icu/icu_tzdata.dat
08-03 19:37:51.641 24974 27925 I art     : Explicit concurrent mark sweep GC freed 4484(423KB) AllocSpace objects, 5(100KB) LOS objects, 28% free, 40MB/56MB, paused 1.564ms total 53.511ms
08-03 19:37:51.655 24974 27925 I art     : Starting a blocking GC Explicit
08-03 19:37:51.679 28975 28975 I Radio-JNI: register_android_hardware_Radio DONE
08-03 19:37:51.705 24974 27925 I art     : Explicit concurrent mark sweep GC freed 1874(72KB) AllocSpace objects, 0(0B) LOS objects, 28% free, 40MB/56MB, paused 1.399ms total 49.606ms
08-03 19:37:51.706 24974 28785 I NAPPA_EXPERIMENTATION: MetricNetworkRequestExecutionTime: REQUEST_DURATION_SYSTEM='402',REQUEST_DURATION_OKHTTP='38',REQUEST_SYNCHRONOUS='TRUE',RESPONSE_CODE='200',RESPONSE_METHOD='GET',RESPONSE_LENGTH_OKHTTP='-1',RESPONSE_LENGTH_HEADER='-2',REQUEST_PROTOCOL='http/1.1',REQUEST_URL='https://www.newsblur.com/social/river_stories?order=newest&page=1&read_filter=all',
08-03 19:37:51.706 24974 28785 D MY_TAG  : 0, 402
08-03 19:37:51.708 28975 28975 D AndroidRuntime: Calling main entry com.android.commands.input.Input
08-03 19:37:51.710 28975 28975 I Input   : injectMotionEvent: MotionEvent { action=ACTION_DOWN, actionButton=0, id[0]=0, x[0]=436.0, y[0]=453.0, toolType[0]=TOOL_TYPE_UNKNOWN, buttonState=0, metaState=0, flags=0x0, edgeFlags=0x0, pointerCount=1, historySize=0, eventTime=646688122, downTime=646688122, deviceId=0, source=0x1002 }
08-03 19:37:51.716 28975 28975 I Input   : injectMotionEvent: MotionEvent { action=ACTION_UP, actionButton=0, id[0]=0, x[0]=436.0, y[0]=453.0, toolType[0]=TOOL_TYPE_UNKNOWN, buttonState=0, metaState=0, flags=0x0, edgeFlags=0x0, pointerCount=1, historySize=0, eventTime=646688122, downTime=646688122, deviceId=0, source=0x1002 }
08-03 19:37:51.717 24974 27925 I art     : Starting a blocking GC Explicit
08-03 19:37:51.720 28975 28975 D AndroidRuntime: Shutting down VM
08-03 19:37:51.734   512  2967 D audio_hw_primary: out_set_parameters: enter: usecase(1: low-latency-playback) kvpairs: routing=2
08-03 19:37:51.736   918  6111 I ActivityManager: START u0 {cmp=baseline.com.newsblur/.activity.AllSharedStoriesReading (has extras)} from uid 10625 on display 0
08-03 19:37:51.747   512  2967 D audio_hw_primary: select_devices: out_snd_device(2: speaker) in_snd_device(0: none)
08-03 19:37:51.748   512  2967 D msm8974_platform: platform_send_audio_calibration: sending audio calibration for snd_device(2) acdb_id(15)
08-03 19:37:51.748   512  2967 I soundtrigger: audio_extn_sound_trigger_update_device_status: device 0x2 of type 0 for Event 1
08-03 19:37:51.761 24974 24974 D baseline.com.newsblur.service.NBSyncService: rejecting request for feedset that is exhaused
08-03 19:37:51.762   512  2967 D audio_hw_primary: enable_snd_device: snd_device(2: speaker)
08-03 19:37:51.764   512  2967 D audio_hw_primary: enable_audio_route: apply and update mixer path: low-latency-playback speaker
08-03 19:37:51.768 24974 27925 I art     : Explicit concurrent mark sweep GC freed 4895(477KB) AllocSpace objects, 16(320KB) LOS objects, 28% free, 40MB/56MB, paused 2.090ms total 50.188ms
08-03 19:37:51.781 24974 27925 I art     : Starting a blocking GC Explicit
08-03 19:37:51.828 24974 27925 I art     : Explicit concurrent mark sweep GC freed 1597(130KB) AllocSpace objects, 3(488KB) LOS objects, 28% free, 40MB/56MB, paused 1.412ms total 46.792ms
08-03 19:37:51.828 24974 24984 I art     : WaitForGcToComplete blocked for 43.102ms for cause HeapTrim
08-03 19:37:51.840 24974 27925 I art     : Starting a blocking GC Explicit
08-03 19:37:51.890 24974 27925 I art     : Explicit concurrent mark sweep GC freed 1750(137KB) AllocSpace objects, 0(0B) LOS objects, 28% free, 40MB/56MB, paused 1.451ms total 49.637ms
08-03 19:37:52.000   918   936 I ActivityManager: Displayed baseline.com.newsblur/.activity.AllSharedStoriesReading: +251ms
08-03 19:37:52.004 13866 13866 I GoogleInputMethodServic: GoogleInputMethodService.onFinishInput():3138 
08-03 19:37:52.005 13866 13866 I GoogleInputMethodServic: GoogleInputMethodService.onStartInput():1808 
08-03 19:37:52.254 24974 27629 I art     : Starting a blocking GC Explicit
08-03 19:37:52.270 24974 27969 E chromium: [ERROR:tile_manager.cc(793)] WARNING: tile memory limits exceeded, some content may not draw
08-03 19:37:52.271 24974 27969 E chromium: [ERROR:tile_manager.cc(793)] WARNING: tile memory limits exceeded, some content may not draw
08-03 19:37:52.298   512  2967 D audio_hw_primary: disable_audio_route: reset and update mixer path: low-latency-playback speaker
08-03 19:37:52.299   512  2967 D audio_hw_primary: disable_snd_device: snd_device(2: speaker)
08-03 19:37:52.304 24974 27629 I art     : Explicit concurrent mark sweep GC freed 4711(380KB) AllocSpace objects, 14(316KB) LOS objects, 28% free, 41MB/57MB, paused 1.255ms total 49.660ms
08-03 19:37:52.306   512  2967 I soundtrigger: audio_extn_sound_trigger_update_device_status: device 0x2 of type 0 for Event 0
08-03 19:37:52.317 24974 27629 I art     : Starting a blocking GC Explicit
08-03 19:37:52.361 24974 27629 I art     : Explicit concurrent mark sweep GC freed 1122(52KB) AllocSpace objects, 1(28KB) LOS objects, 28% free, 41MB/57MB, paused 1.253ms total 43.491ms
08-03 19:37:52.373 24974 27629 I art     : Starting a blocking GC Explicit
08-03 19:37:52.419 24974 27629 I art     : Explicit concurrent mark sweep GC freed 142(17KB) AllocSpace objects, 1(20KB) LOS objects, 28% free, 41MB/57MB, paused 1.547ms total 45.079ms
08-03 19:37:52.433 24974 27629 I art     : Starting a blocking GC Explicit
08-03 19:37:52.479 24974 27629 I art     : Explicit concurrent mark sweep GC freed 37(1312B) AllocSpace objects, 1(28KB) LOS objects, 28% free, 41MB/57MB, paused 1.316ms total 46.113ms
08-03 19:37:52.492 24974 27629 I art     : Starting a blocking GC Explicit
08-03 19:37:52.539 24974 27629 I art     : Explicit concurrent mark sweep GC freed 5(176B) AllocSpace objects, 0(0B) LOS objects, 28% free, 41MB/57MB, paused 1.383ms total 46.498ms
08-03 19:37:52.890 24974 24985 I art     : Starting a blocking GC Explicit
08-03 19:37:52.945 24974 24985 I art     : Explicit concurrent mark sweep GC freed 1405(81KB) AllocSpace objects, 1(20KB) LOS objects, 28% free, 41MB/57MB, paused 1.407ms total 55.337ms
08-03 19:37:52.960 24974 24985 I art     : Starting a blocking GC Explicit
08-03 19:37:53.014 24974 24985 I art     : Explicit concurrent mark sweep GC freed 20(704B) AllocSpace objects, 0(0B) LOS objects, 28% free, 41MB/57MB, paused 1.385ms total 53.720ms
08-03 19:37:53.028 24974 24985 I art     : Starting a blocking GC Explicit
08-03 19:37:53.083 24974 24985 I art     : Explicit concurrent mark sweep GC freed 3(96B) AllocSpace objects, 0(0B) LOS objects, 28% free, 41MB/57MB, paused 1.404ms total 54.539ms
08-03 19:37:53.099 24974 24985 I art     : Starting a blocking GC Explicit
08-03 19:37:53.151 24974 24985 I art     : Explicit concurrent mark sweep GC freed 3(96B) AllocSpace objects, 0(0B) LOS objects, 28% free, 41MB/57MB, paused 1.355ms total 51.139ms
08-03 19:37:53.164 24974 24985 I art     : Starting a blocking GC Explicit
08-03 19:37:53.217 24974 24985 I art     : Explicit concurrent mark sweep GC freed 3(96B) AllocSpace objects, 0(0B) LOS objects, 28% free, 41MB/57MB, paused 1.341ms total 52.137ms
08-03 19:37:53.594 24974 24985 I art     : Starting a blocking GC Explicit
08-03 19:37:53.652 24974 24985 I art     : Explicit concurrent mark sweep GC freed 1465(83KB) AllocSpace objects, 1(20KB) LOS objects, 28% free, 41MB/57MB, paused 1.429ms total 57.813ms
08-03 19:37:53.666 24974 24985 I art     : Starting a blocking GC Explicit
08-03 19:37:53.724 24974 24985 I art     : Explicit concurrent mark sweep GC freed 20(704B) AllocSpace objects, 0(0B) LOS objects, 28% free, 41MB/57MB, paused 1.427ms total 57.089ms
08-03 19:37:53.740 24974 24985 I art     : Starting a blocking GC Explicit
08-03 19:37:53.798 24974 24985 I art     : Explicit concurrent mark sweep GC freed 3(96B) AllocSpace objects, 0(0B) LOS objects, 28% free, 41MB/57MB, paused 1.508ms total 57.410ms
08-03 19:37:53.815 24974 24985 I art     : Starting a blocking GC Explicit
08-03 19:37:53.869 24974 24985 I art     : Explicit concurrent mark sweep GC freed 3(96B) AllocSpace objects, 0(0B) LOS objects, 28% free, 41MB/57MB, paused 1.336ms total 53.706ms
08-03 19:37:53.883 24974 24985 I art     : Starting a blocking GC Explicit
08-03 19:37:53.940 24974 24985 I art     : Explicit concurrent mark sweep GC freed 3(96B) AllocSpace objects, 0(0B) LOS objects, 28% free, 41MB/57MB, paused 1.454ms total 56.935ms
08-03 19:37:54.340 24974 27629 I art     : Starting a blocking GC Explicit
08-03 19:37:54.400 24974 27629 I art     : Explicit concurrent mark sweep GC freed 1405(81KB) AllocSpace objects, 1(20KB) LOS objects, 28% free, 41MB/57MB, paused 1.520ms total 59.574ms
08-03 19:37:54.417 24974 27629 I art     : Starting a blocking GC Explicit
08-03 19:37:54.471 24974 27629 I art     : Explicit concurrent mark sweep GC freed 20(704B) AllocSpace objects, 0(0B) LOS objects, 28% free, 41MB/57MB, paused 1.402ms total 54.466ms
08-03 19:37:54.485 24974 27629 I art     : Starting a blocking GC Explicit
08-03 19:37:54.543 24974 27629 I art     : Explicit concurrent mark sweep GC freed 3(96B) AllocSpace objects, 0(0B) LOS objects, 28% free, 41MB/57MB, paused 1.430ms total 57.079ms
08-03 19:37:54.557 24974 27629 I art     : Starting a blocking GC Explicit
08-03 19:37:54.613 24974 27629 I art     : Explicit concurrent mark sweep GC freed 3(96B) AllocSpace objects, 0(0B) LOS objects, 28% free, 41MB/57MB, paused 1.439ms total 55.359ms
08-03 19:37:54.627 24974 27629 I art     : Starting a blocking GC Explicit
08-03 19:37:54.685 24974 27629 I art     : Explicit concurrent mark sweep GC freed 3(96B) AllocSpace objects, 0(0B) LOS objects, 28% free, 41MB/57MB, paused 1.420ms total 57.273ms
08-03 19:37:55.089 24974 27925 I art     : Starting a blocking GC Explicit
08-03 19:37:55.148 24974 27925 I art     : Explicit concurrent mark sweep GC freed 1406(81KB) AllocSpace objects, 1(20KB) LOS objects, 28% free, 41MB/57MB, paused 1.550ms total 58.949ms
08-03 19:37:55.162 24974 27925 I art     : Starting a blocking GC Explicit
08-03 19:37:55.222 24974 27925 I art     : Explicit concurrent mark sweep GC freed 20(704B) AllocSpace objects, 0(0B) LOS objects, 28% free, 41MB/57MB, paused 1.413ms total 59.176ms
08-03 19:37:55.239 24974 27925 I art     : Starting a blocking GC Explicit
08-03 19:37:55.295 24974 27925 I art     : Explicit concurrent mark sweep GC freed 3(96B) AllocSpace objects, 0(0B) LOS objects, 28% free, 41MB/57MB, paused 1.413ms total 55.803ms
08-03 19:37:55.309 24974 27925 I art     : Starting a blocking GC Explicit
08-03 19:37:55.365 24974 27925 I art     : Explicit concurrent mark sweep GC freed 3(96B) AllocSpace objects, 0(0B) LOS objects, 28% free, 41MB/57MB, paused 1.347ms total 55.931ms
08-03 19:37:55.380 24974 27925 I art     : Starting a blocking GC Explicit
08-03 19:37:55.438 24974 27925 I art     : Explicit concurrent mark sweep GC freed 3(96B) AllocSpace objects, 0(0B) LOS objects, 28% free, 41MB/57MB, paused 1.460ms total 57.743ms
08-03 19:37:55.580  5179  5194 D QcrilMsgTunnelSocket: readRilMessage: Buffer = [B@671e81d HexData = [010000000404000011000000514f454d484f4f4bef0308000100000003]
08-03 19:37:55.580  5179  5194 D QcrilMsgTunnelSocket: Rcvd UNSOL response with 28 bytes data for SUB0
08-03 19:37:55.580  5179  5194 D QcrilMsgTunnelSocket: Response ID 525295 is not served in this process.
08-03 19:37:55.581  5179  5194 D QcrilMsgTunnelSocket: To broadcast an Intent via the notifier to external apps
08-03 19:37:55.581  5179  5179 D QcrilMsgTunnelIfaceManager: handleMessage what = 0
08-03 19:37:55.581  5179  5179 D QcrilMsgTunnelIfaceManager: Broadcasting intent ACTION_UNSOL_RESPONSE_OEM_HOOK_RAW
08-03 19:37:55.584  5164  5164 D QC_RIL_OEM_HOOK: Received Broadcast Intent ACTION_UNSOL_RESPONSE_OEM_HOOK_RAW
08-03 19:37:55.584  5164  5164 D QC_RIL_OEM_HOOK: Oem ID in QCRILHOOK UNSOL RESP is QOEMHOOK
08-03 19:37:55.849 24974 24986 I art     : Starting a blocking GC Explicit
08-03 19:37:55.909 24974 24986 I art     : Explicit concurrent mark sweep GC freed 1405(81KB) AllocSpace objects, 1(20KB) LOS objects, 28% free, 41MB/57MB, paused 1.513ms total 59.578ms
08-03 19:37:55.924 24974 24986 I art     : Starting a blocking GC Explicit
08-03 19:37:55.981 24974 24986 I art     : Explicit concurrent mark sweep GC freed 20(704B) AllocSpace objects, 0(0B) LOS objects, 28% free, 41MB/57MB, paused 1.420ms total 56.645ms
08-03 19:37:55.995 24974 24986 I art     : Starting a blocking GC Explicit
08-03 19:37:56.053 24974 24986 I art     : Explicit concurrent mark sweep GC freed 3(96B) AllocSpace objects, 0(0B) LOS objects, 28% free, 41MB/57MB, paused 1.458ms total 57.102ms
08-03 19:37:56.067 24974 24986 I art     : Starting a blocking GC Explicit
08-03 19:37:56.119 24974 24986 I art     : Explicit concurrent mark sweep GC freed 3(96B) AllocSpace objects, 0(0B) LOS objects, 28% free, 41MB/57MB, paused 1.305ms total 51.324ms
08-03 19:37:56.133 24974 24986 I art     : Starting a blocking GC Explicit
08-03 19:37:56.190 24974 24986 I art     : Explicit concurrent mark sweep GC freed 3(96B) AllocSpace objects, 0(0B) LOS objects, 28% free, 41MB/57MB, paused 1.509ms total 56.867ms
08-03 19:37:56.551 24974 24985 I art     : Starting a blocking GC Explicit
08-03 19:37:56.610 24974 24985 I art     : Explicit concurrent mark sweep GC freed 1406(81KB) AllocSpace objects, 1(20KB) LOS objects, 28% free, 41MB/57MB, paused 1.423ms total 58.467ms
08-03 19:37:56.624 24974 24985 I art     : Starting a blocking GC Explicit
08-03 19:37:56.681 24974 24985 I art     : Explicit concurrent mark sweep GC freed 20(704B) AllocSpace objects, 0(0B) LOS objects, 28% free, 41MB/57MB, paused 1.401ms total 57.137ms
08-03 19:37:56.696 24974 24985 I art     : Starting a blocking GC Explicit
08-03 19:37:56.752 24974 24985 I art     : Explicit concurrent mark sweep GC freed 3(96B) AllocSpace objects, 0(0B) LOS objects, 28% free, 41MB/57MB, paused 1.435ms total 56.483ms
08-03 19:37:56.767 24974 24985 I art     : Starting a blocking GC Explicit
08-03 19:37:56.825 24974 24985 I art     : Explicit concurrent mark sweep GC freed 3(96B) AllocSpace objects, 0(0B) LOS objects, 28% free, 41MB/57MB, paused 1.489ms total 58.010ms
08-03 19:37:56.840 24974 24985 I art     : Starting a blocking GC Explicit
08-03 19:37:56.895 24974 24985 I art     : Explicit concurrent mark sweep GC freed 3(96B) AllocSpace objects, 0(0B) LOS objects, 28% free, 41MB/57MB, paused 1.484ms total 54.530ms
08-03 19:37:57.283 24974 27629 I art     : Starting a blocking GC Explicit
08-03 19:37:57.343 24974 27629 I art     : Explicit concurrent mark sweep GC freed 1406(81KB) AllocSpace objects, 1(20KB) LOS objects, 28% free, 41MB/57MB, paused 1.360ms total 59.899ms
08-03 19:37:57.359 24974 27629 I art     : Starting a blocking GC Explicit
08-03 19:37:57.412 24974 27629 I art     : Explicit concurrent mark sweep GC freed 20(704B) AllocSpace objects, 0(0B) LOS objects, 28% free, 41MB/57MB, paused 1.415ms total 52.711ms
08-03 19:37:57.426 24974 27629 I art     : Starting a blocking GC Explicit
08-03 19:37:57.480 24974 27629 I art     : Explicit concurrent mark sweep GC freed 3(96B) AllocSpace objects, 0(0B) LOS objects, 28% free, 41MB/57MB, paused 1.360ms total 53.824ms
08-03 19:37:57.494 24974 27629 I art     : Starting a blocking GC Explicit
08-03 19:37:57.551 24974 27629 I art     : Explicit concurrent mark sweep GC freed 3(96B) AllocSpace objects, 0(0B) LOS objects, 28% free, 41MB/57MB, paused 1.462ms total 56.730ms
08-03 19:37:57.565 24974 27629 I art     : Starting a blocking GC Explicit
08-03 19:37:57.621 24974 27629 I art     : Explicit concurrent mark sweep GC freed 3(96B) AllocSpace objects, 0(0B) LOS objects, 28% free, 41MB/57MB, paused 1.361ms total 55.276ms
08-03 19:37:58.012 24974 27925 I art     : Starting a blocking GC Explicit
08-03 19:37:58.071 24974 27925 I art     : Explicit concurrent mark sweep GC freed 2944(159KB) AllocSpace objects, 1(20KB) LOS objects, 28% free, 41MB/57MB, paused 1.488ms total 58.409ms
08-03 19:37:58.085 24974 27925 I art     : Starting a blocking GC Explicit
08-03 19:37:58.143 24974 27925 I art     : Explicit concurrent mark sweep GC freed 900(62KB) AllocSpace objects, 0(0B) LOS objects, 28% free, 40MB/56MB, paused 1.491ms total 57.474ms
08-03 19:37:58.157 24974 27925 I art     : Starting a blocking GC Explicit
08-03 19:37:58.216 24974 27925 I art     : Explicit concurrent mark sweep GC freed 3170(124KB) AllocSpace objects, 0(0B) LOS objects, 28% free, 40MB/56MB, paused 1.582ms total 58.123ms
08-03 19:37:58.230 24974 27925 I art     : Starting a blocking GC Explicit
08-03 19:37:58.285 24974 27925 I art     : Explicit concurrent mark sweep GC freed 834(50KB) AllocSpace objects, 0(0B) LOS objects, 28% free, 41MB/57MB, paused 1.315ms total 54.504ms
08-03 19:37:58.300 24974 27925 I art     : Starting a blocking GC Explicit
08-03 19:37:58.359 24974 27925 I art     : Explicit concurrent mark sweep GC freed 173(18KB) AllocSpace objects, 0(0B) LOS objects, 28% free, 40MB/56MB, paused 1.415ms total 59.557ms
08-03 19:37:58.761 24974 24986 I art     : Starting a blocking GC Explicit
08-03 19:37:58.818 24974 24986 I art     : Explicit concurrent mark sweep GC freed 3403(173KB) AllocSpace objects, 1(20KB) LOS objects, 28% free, 40MB/56MB, paused 1.511ms total 56.399ms
08-03 19:37:58.835 24974 24986 I art     : Starting a blocking GC Explicit
08-03 19:37:58.889 24974 24986 I art     : Explicit concurrent mark sweep GC freed 111(4KB) AllocSpace objects, 0(0B) LOS objects, 28% free, 40MB/56MB, paused 1.301ms total 53.745ms
08-03 19:37:58.904 24974 24986 I art     : Starting a blocking GC Explicit
08-03 19:37:58.961 24974 24986 I art     : Explicit concurrent mark sweep GC freed 3(96B) AllocSpace objects, 0(0B) LOS objects, 28% free, 40MB/56MB, paused 1.470ms total 56.800ms
08-03 19:37:58.975 24974 24986 I art     : Starting a blocking GC Explicit
08-03 19:37:59.029 24974 24986 I art     : Explicit concurrent mark sweep GC freed 3(96B) AllocSpace objects, 0(0B) LOS objects, 28% free, 40MB/56MB, paused 1.470ms total 53.851ms
08-03 19:37:59.043 24974 24986 I art     : Starting a blocking GC Explicit
08-03 19:37:59.101 24974 24986 I art     : Explicit concurrent mark sweep GC freed 3(96B) AllocSpace objects, 0(0B) LOS objects, 28% free, 40MB/56MB, paused 1.474ms total 57.283ms
08-03 19:37:59.107   918 13198 D NetlinkSocketObserver: NeighborEvent{elapsedMs=1630082982, 192.168.2.254, [7C3953A63323], RTM_NEWNEIGH, NUD_STALE}
08-03 19:37:59.493 24974 24985 I art     : Starting a blocking GC Explicit
08-03 19:37:59.551 24974 24985 I art     : Explicit concurrent mark sweep GC freed 1404(80KB) AllocSpace objects, 1(20KB) LOS objects, 28% free, 40MB/56MB, paused 1.439ms total 57.920ms
08-03 19:37:59.566 24974 24985 I art     : Starting a blocking GC Explicit
08-03 19:37:59.624 24974 24985 I art     : Explicit concurrent mark sweep GC freed 20(704B) AllocSpace objects, 0(0B) LOS objects, 28% free, 40MB/56MB, paused 1.310ms total 57.607ms
08-03 19:37:59.641 24974 24985 I art     : Starting a blocking GC Explicit
08-03 19:37:59.697 24974 24985 I art     : Explicit concurrent mark sweep GC freed 3(96B) AllocSpace objects, 0(0B) LOS objects, 28% free, 40MB/56MB, paused 1.362ms total 55.070ms
08-03 19:37:59.711 24974 24985 I art     : Starting a blocking GC Explicit
08-03 19:37:59.766 24974 24985 I art     : Explicit concurrent mark sweep GC freed 3(96B) AllocSpace objects, 0(0B) LOS objects, 28% free, 40MB/56MB, paused 1.401ms total 54.832ms
08-03 19:37:59.780 24974 24985 I art     : Starting a blocking GC Explicit
08-03 19:37:59.836 24974 24985 I art     : Explicit concurrent mark sweep GC freed 3(96B) AllocSpace objects, 0(0B) LOS objects, 28% free, 40MB/56MB, paused 1.434ms total 56.312ms
08-03 19:38:00.231 24974 27629 I art     : Starting a blocking GC Explicit
08-03 19:38:00.291 24974 27629 I art     : Explicit concurrent mark sweep GC freed 1404(80KB) AllocSpace objects, 1(20KB) LOS objects, 28% free, 40MB/56MB, paused 1.345ms total 59.314ms
08-03 19:38:00.307 24974 27629 I art     : Starting a blocking GC Explicit
08-03 19:38:00.364 24974 27629 I art     : Explicit concurrent mark sweep GC freed 20(704B) AllocSpace objects, 0(0B) LOS objects, 28% free, 40MB/56MB, paused 1.358ms total 56.458ms
08-03 19:38:00.378 24974 27629 I art     : Starting a blocking GC Explicit
08-03 19:38:00.435 24974 27629 I art     : Explicit concurrent mark sweep GC freed 3(96B) AllocSpace objects, 0(0B) LOS objects, 28% free, 40MB/56MB, paused 1.440ms total 57.277ms
08-03 19:38:00.450 24974 27629 I art     : Starting a blocking GC Explicit
08-03 19:38:00.506 24974 27629 I art     : Explicit concurrent mark sweep GC freed 3(96B) AllocSpace objects, 0(0B) LOS objects, 28% free, 40MB/56MB, paused 1.333ms total 55.254ms
08-03 19:38:00.520 24974 27629 I art     : Starting a blocking GC Explicit
08-03 19:38:00.574 24974 27629 I art     : Explicit concurrent mark sweep GC freed 3(96B) AllocSpace objects, 0(0B) LOS objects, 28% free, 40MB/56MB, paused 1.347ms total 53.463ms
08-03 19:38:00.968 24974 27925 I art     : Starting a blocking GC Explicit
08-03 19:38:01.027 24974 27925 I art     : Explicit concurrent mark sweep GC freed 1404(80KB) AllocSpace objects, 1(20KB) LOS objects, 28% free, 40MB/56MB, paused 1.418ms total 58.295ms
08-03 19:38:01.041 24974 27925 I art     : Starting a blocking GC Explicit
08-03 19:38:01.099 24974 27925 I art     : Explicit concurrent mark sweep GC freed 20(704B) AllocSpace objects, 0(0B) LOS objects, 28% free, 40MB/56MB, paused 1.290ms total 57.201ms
08-03 19:38:01.113 24974 27925 I art     : Starting a blocking GC Explicit
08-03 19:38:01.162 24974 27925 I art     : Explicit concurrent mark sweep GC freed 3(96B) AllocSpace objects, 0(0B) LOS objects, 28% free, 40MB/56MB, paused 1.324ms total 49.247ms
08-03 19:38:01.175 24974 27925 I art     : Starting a blocking GC Explicit
08-03 19:38:01.227 24974 27925 I art     : Explicit concurrent mark sweep GC freed 3(96B) AllocSpace objects, 0(0B) LOS objects, 28% free, 40MB/56MB, paused 1.432ms total 51.642ms
08-03 19:38:01.241 24974 27925 I art     : Starting a blocking GC Explicit
08-03 19:38:01.297 24974 27925 I art     : Explicit concurrent mark sweep GC freed 3(96B) AllocSpace objects, 0(0B) LOS objects, 28% free, 40MB/56MB, paused 1.456ms total 55.283ms
08-03 19:38:01.712 24974 24986 I art     : Starting a blocking GC Explicit
08-03 19:38:01.771 24974 24986 I art     : Explicit concurrent mark sweep GC freed 1404(80KB) AllocSpace objects, 1(20KB) LOS objects, 28% free, 40MB/56MB, paused 1.500ms total 58.534ms
08-03 19:38:01.785 24974 24986 I art     : Starting a blocking GC Explicit
08-03 19:38:01.842 24974 24986 I art     : Explicit concurrent mark sweep GC freed 20(704B) AllocSpace objects, 0(0B) LOS objects, 28% free, 40MB/56MB, paused 1.402ms total 56.755ms
08-03 19:38:01.857 24974 24986 I art     : Starting a blocking GC Explicit
08-03 19:38:01.914 24974 24986 I art     : Explicit concurrent mark sweep GC freed 3(96B) AllocSpace objects, 0(0B) LOS objects, 28% free, 40MB/56MB, paused 1.303ms total 56.313ms
08-03 19:38:01.931 24974 24986 I art     : Starting a blocking GC Explicit
08-03 19:38:01.986 24974 24986 I art     : Explicit concurrent mark sweep GC freed 3(96B) AllocSpace objects, 0(0B) LOS objects, 28% free, 40MB/56MB, paused 1.390ms total 54.694ms
08-03 19:38:02.001 24974 24986 I art     : Starting a blocking GC Explicit
08-03 19:38:02.057 24974 24986 I art     : Explicit concurrent mark sweep GC freed 3(96B) AllocSpace objects, 0(0B) LOS objects, 28% free, 40MB/56MB, paused 1.583ms total 56.384ms
08-03 19:38:02.065 22816 22816 I ServiceManager: Waiting for service AtCmdFwd...
08-03 19:38:02.465 24974 24985 I art     : Starting a blocking GC Explicit
08-03 19:38:02.525 24974 24985 I art     : Explicit concurrent mark sweep GC freed 1404(80KB) AllocSpace objects, 1(20KB) LOS objects, 28% free, 40MB/56MB, paused 1.461ms total 59.704ms
08-03 19:38:02.540 24974 24985 I art     : Starting a blocking GC Explicit
08-03 19:38:02.598 24974 24985 I art     : Explicit concurrent mark sweep GC freed 20(704B) AllocSpace objects, 0(0B) LOS objects, 28% free, 40MB/56MB, paused 1.458ms total 57.217ms
08-03 19:38:02.612 24974 24985 I art     : Starting a blocking GC Explicit
08-03 19:38:02.670 24974 24985 I art     : Explicit concurrent mark sweep GC freed 3(96B) AllocSpace objects, 0(0B) LOS objects, 28% free, 40MB/56MB, paused 1.403ms total 57.487ms
08-03 19:38:02.687 24974 24985 I art     : Starting a blocking GC Explicit
08-03 19:38:02.742 24974 24985 I art     : Explicit concurrent mark sweep GC freed 3(96B) AllocSpace objects, 0(0B) LOS objects, 28% free, 40MB/56MB, paused 1.421ms total 55.033ms
08-03 19:38:02.756 24974 24985 I art     : Starting a blocking GC Explicit
08-03 19:38:02.814 24974 24985 I art     : Explicit concurrent mark sweep GC freed 3(96B) AllocSpace objects, 0(0B) LOS objects, 28% free, 40MB/56MB, paused 1.444ms total 57.474ms
08-03 19:38:03.066 22816 22816 I ServiceManager: Waiting for service AtCmdFwd...
08-03 19:38:03.201 24974 27629 I art     : Starting a blocking GC Explicit
08-03 19:38:03.262 24974 27629 I art     : Explicit concurrent mark sweep GC freed 1404(80KB) AllocSpace objects, 1(20KB) LOS objects, 28% free, 40MB/56MB, paused 1.459ms total 60.268ms
08-03 19:38:03.277 24974 27629 I art     : Starting a blocking GC Explicit
08-03 19:38:03.335 24974 27629 I art     : Explicit concurrent mark sweep GC freed 20(704B) AllocSpace objects, 0(0B) LOS objects, 28% free, 40MB/56MB, paused 1.322ms total 58.138ms
08-03 19:38:03.353 24974 27629 I art     : Starting a blocking GC Explicit
08-03 19:38:03.409 24974 27629 I art     : Explicit concurrent mark sweep GC freed 3(96B) AllocSpace objects, 0(0B) LOS objects, 28% free, 40MB/56MB, paused 1.439ms total 55.642ms
08-03 19:38:03.423 24974 27629 I art     : Starting a blocking GC Explicit
08-03 19:38:03.478 24974 27629 I art     : Explicit concurrent mark sweep GC freed 3(96B) AllocSpace objects, 0(0B) LOS objects, 28% free, 40MB/56MB, paused 1.499ms total 55.005ms
08-03 19:38:03.493 24974 27629 I art     : Starting a blocking GC Explicit
08-03 19:38:03.551 24974 27629 I art     : Explicit concurrent mark sweep GC freed 3(96B) AllocSpace objects, 0(0B) LOS objects, 28% free, 40MB/56MB, paused 1.470ms total 57.882ms
08-03 19:38:03.943 24974 27925 I art     : Starting a blocking GC Explicit
08-03 19:38:03.999 24974 27925 I art     : Explicit concurrent mark sweep GC freed 1404(80KB) AllocSpace objects, 1(20KB) LOS objects, 28% free, 40MB/56MB, paused 1.414ms total 55.193ms
08-03 19:38:04.013 24974 27925 I art     : Starting a blocking GC Explicit
08-03 19:38:04.064 24974 27925 I art     : Explicit concurrent mark sweep GC freed 20(704B) AllocSpace objects, 0(0B) LOS objects, 28% free, 40MB/56MB, paused 1.367ms total 50.530ms
08-03 19:38:04.067 22816 22816 I ServiceManager: Waiting for service AtCmdFwd...
08-03 19:38:04.078 24974 27925 I art     : Starting a blocking GC Explicit
08-03 19:38:04.129 24974 27925 I art     : Explicit concurrent mark sweep GC freed 3(96B) AllocSpace objects, 0(0B) LOS objects, 28% free, 40MB/56MB, paused 1.466ms total 51.648ms
08-03 19:38:04.144 24974 27925 I art     : Starting a blocking GC Explicit
08-03 19:38:04.200 24974 27925 I art     : Explicit concurrent mark sweep GC freed 3(96B) AllocSpace objects, 0(0B) LOS objects, 28% free, 40MB/56MB, paused 1.400ms total 55.952ms
08-03 19:38:04.214 24974 27925 I art     : Starting a blocking GC Explicit
08-03 19:38:04.271 24974 27925 I art     : Explicit concurrent mark sweep GC freed 3(96B) AllocSpace objects, 0(0B) LOS objects, 28% free, 40MB/56MB, paused 1.421ms total 56.701ms
08-03 19:38:04.521 29181 29181 D AndroidRuntime: >>>>>> START com.android.internal.os.RuntimeInit uid 2000 <<<<<<
08-03 19:38:04.527 29181 29181 D AndroidRuntime: CheckJNI is OFF
08-03 19:38:04.570 29181 29181 D ICU     : No timezone override file found: /data/misc/zoneinfo/current/icu/icu_tzdata.dat
08-03 19:38:04.621 29181 29181 I Radio-JNI: register_android_hardware_Radio DONE
08-03 19:38:04.651 29181 29181 D AndroidRuntime: Calling main entry com.android.commands.input.Input
08-03 19:38:04.654 29181 29181 I Input   : injectKeyEvent: KeyEvent { action=ACTION_DOWN, keyCode=KEYCODE_BACK, scanCode=0, metaState=0, flags=0x0, repeatCount=0, eventTime=646701066, downTime=646701066, deviceId=-1, source=0x101 }
08-03 19:38:04.654 24974 24986 I art     : Starting a blocking GC Explicit
08-03 19:38:04.662 29181 29181 I Input   : injectKeyEvent: KeyEvent { action=ACTION_UP, keyCode=KEYCODE_BACK, scanCode=0, metaState=0, flags=0x0, repeatCount=0, eventTime=646701066, downTime=646701066, deviceId=-1, source=0x101 }
08-03 19:38:04.672 29181 29181 D AndroidRuntime: Shutting down VM
08-03 19:38:04.682 24974 24974 D baseline.com.newsblur.service.NBSyncService: rejecting request for feedset that is exhaused
08-03 19:38:04.705 24974 24986 I art     : Explicit concurrent mark sweep GC freed 1617(119KB) AllocSpace objects, 3(60KB) LOS objects, 28% free, 41MB/57MB, paused 1.582ms total 51.299ms
08-03 19:38:04.719 24974 24986 I art     : Starting a blocking GC Explicit
08-03 19:38:04.769 24974 24986 I art     : Explicit concurrent mark sweep GC freed 63(2304B) AllocSpace objects, 0(0B) LOS objects, 28% free, 41MB/57MB, paused 1.442ms total 50.495ms
08-03 19:38:04.783 24974 24986 I art     : Starting a blocking GC Explicit
08-03 19:38:04.834 24974 24986 I art     : Explicit concurrent mark sweep GC freed 582(44KB) AllocSpace objects, 1(20KB) LOS objects, 28% free, 41MB/57MB, paused 1.410ms total 51.079ms
08-03 19:38:04.848 24974 24986 I art     : Starting a blocking GC Explicit
08-03 19:38:04.853 24974 24974 D baseline.com.newsblur.service.NBSyncService: rejecting request for feedset that is exhaused
08-03 19:38:04.899 24974 24986 I art     : Explicit concurrent mark sweep GC freed 588(59KB) AllocSpace objects, 1(20KB) LOS objects, 28% free, 41MB/57MB, paused 1.384ms total 51.071ms
08-03 19:38:04.914 24974 24986 I art     : Starting a blocking GC Explicit
08-03 19:38:04.915 13866 13866 I GoogleInputMethodServic: GoogleInputMethodService.onFinishInput():3138 
08-03 19:38:04.916 13866 13866 I GoogleInputMethodServic: GoogleInputMethodService.onStartInput():1808 
08-03 19:38:04.962 24974 24986 I art     : Explicit concurrent mark sweep GC freed 496(40KB) AllocSpace objects, 0(0B) LOS objects, 28% free, 40MB/56MB, paused 1.304ms total 47.445ms
08-03 19:38:05.067 22816 22816 I ServiceManager: Waiting for service AtCmdFwd...
08-03 19:38:05.336 24974 27925 I art     : Starting a blocking GC Explicit
08-03 19:38:05.391 24974 27925 I art     : Explicit concurrent mark sweep GC freed 2657(140KB) AllocSpace objects, 2(48KB) LOS objects, 28% free, 40MB/56MB, paused 1.381ms total 54.834ms
08-03 19:38:05.406 24974 27925 I art     : Starting a blocking GC Explicit
08-03 19:38:05.463 24974 27925 I art     : Explicit concurrent mark sweep GC freed 155(7KB) AllocSpace objects, 0(0B) LOS objects, 28% free, 40MB/56MB, paused 1.259ms total 56.312ms
08-03 19:38:05.478 24974 27925 I art     : Starting a blocking GC Explicit
08-03 19:38:05.534 24974 27925 I art     : Explicit concurrent mark sweep GC freed 13(416B) AllocSpace objects, 0(0B) LOS objects, 28% free, 40MB/56MB, paused 1.409ms total 55.935ms
08-03 19:38:05.550 24974 27925 I art     : Starting a blocking GC Explicit
08-03 19:38:05.605 24974 27925 I art     : Explicit concurrent mark sweep GC freed 11(352B) AllocSpace objects, 0(0B) LOS objects, 28% free, 40MB/56MB, paused 1.486ms total 55.089ms
08-03 19:38:05.619 24974 27925 I art     : Starting a blocking GC Explicit
08-03 19:38:05.676 24974 27925 I art     : Explicit concurrent mark sweep GC freed 11(352B) AllocSpace objects, 0(0B) LOS objects, 28% free, 40MB/56MB, paused 1.399ms total 56.367ms
08-03 19:38:06.068 22816 22816 I ServiceManager: Waiting for service AtCmdFwd...
08-03 19:38:06.071 24974 27629 I art     : Starting a blocking GC Explicit
08-03 19:38:06.132 24974 27629 I art     : Explicit concurrent mark sweep GC freed 1458(82KB) AllocSpace objects, 1(20KB) LOS objects, 28% free, 40MB/56MB, paused 1.391ms total 60.948ms
08-03 19:38:06.147 24974 27629 I art     : Starting a blocking GC Explicit
08-03 19:38:06.195 24974 27629 I art     : Explicit concurrent mark sweep GC freed 28(960B) AllocSpace objects, 0(0B) LOS objects, 28% free, 40MB/56MB, paused 1.322ms total 47.153ms
08-03 19:38:06.208 24974 27629 I art     : Starting a blocking GC Explicit
08-03 19:38:06.257 24974 27629 I art     : Explicit concurrent mark sweep GC freed 11(352B) AllocSpace objects, 0(0B) LOS objects, 28% free, 40MB/56MB, paused 1.470ms total 49.157ms
08-03 19:38:06.271 24974 27629 I art     : Starting a blocking GC Explicit
08-03 19:38:06.319 24974 27629 I art     : Explicit concurrent mark sweep GC freed 8(256B) AllocSpace objects, 0(0B) LOS objects, 28% free, 40MB/56MB, paused 1.252ms total 47.869ms
08-03 19:38:06.333 24974 27629 I art     : Starting a blocking GC Explicit
08-03 19:38:06.387 24974 27629 I art     : Explicit concurrent mark sweep GC freed 3(96B) AllocSpace objects, 0(0B) LOS objects, 28% free, 40MB/56MB, paused 1.460ms total 53.242ms
08-03 19:38:06.463 29222 29222 D AndroidRuntime: >>>>>> START com.android.internal.os.RuntimeInit uid 2000 <<<<<<
08-03 19:38:06.470 29222 29222 D AndroidRuntime: CheckJNI is OFF
08-03 19:38:06.516 29222 29222 D ICU     : No timezone override file found: /data/misc/zoneinfo/current/icu/icu_tzdata.dat
08-03 19:38:06.562 29222 29222 I Radio-JNI: register_android_hardware_Radio DONE
08-03 19:38:06.591 29222 29222 D AndroidRuntime: Calling main entry com.android.commands.input.Input
08-03 19:38:06.593 29222 29222 I Input   : injectMotionEvent: MotionEvent { action=ACTION_DOWN, actionButton=0, id[0]=0, x[0]=435.0, y[0]=858.0, toolType[0]=TOOL_TYPE_UNKNOWN, buttonState=0, metaState=0, flags=0x0, edgeFlags=0x0, pointerCount=1, historySize=0, eventTime=646703006, downTime=646703006, deviceId=0, source=0x1002 }
08-03 19:38:06.599 29222 29222 I Input   : injectMotionEvent: MotionEvent { action=ACTION_UP, actionButton=0, id[0]=0, x[0]=435.0, y[0]=858.0, toolType[0]=TOOL_TYPE_UNKNOWN, buttonState=0, metaState=0, flags=0x0, edgeFlags=0x0, pointerCount=1, historySize=0, eventTime=646703006, downTime=646703006, deviceId=0, source=0x1002 }
08-03 19:38:06.602 29222 29222 D AndroidRuntime: Shutting down VM
08-03 19:38:06.615   512  2967 D audio_hw_primary: out_set_parameters: enter: usecase(1: low-latency-playback) kvpairs: routing=2
08-03 19:38:06.617   918  4413 I ActivityManager: START u0 {cmp=baseline.com.newsblur/.activity.AllSharedStoriesReading (has extras)} from uid 10625 on display 0
08-03 19:38:06.629   512  2967 D audio_hw_primary: select_devices: out_snd_device(2: speaker) in_snd_device(0: none)
08-03 19:38:06.629   512  2967 D msm8974_platform: platform_send_audio_calibration: sending audio calibration for snd_device(2) acdb_id(15)
08-03 19:38:06.629   512  2967 I soundtrigger: audio_extn_sound_trigger_update_device_status: device 0x2 of type 0 for Event 1
08-03 19:38:06.638   512  2967 D audio_hw_primary: enable_snd_device: snd_device(2: speaker)
08-03 19:38:06.641   512  2967 D audio_hw_primary: enable_audio_route: apply and update mixer path: low-latency-playback speaker
08-03 19:38:06.806 24974 27629 I art     : Starting a blocking GC Explicit
08-03 19:38:06.860 24974 27629 I art     : Explicit concurrent mark sweep GC freed 3030(252KB) AllocSpace objects, 6(548KB) LOS objects, 28% free, 41MB/57MB, paused 1.452ms total 53.948ms
08-03 19:38:06.874 24974 27629 I art     : Starting a blocking GC Explicit
08-03 19:38:06.911   918   936 I ActivityManager: Displayed baseline.com.newsblur/.activity.AllSharedStoriesReading: +252ms
08-03 19:38:06.912 13866 13866 I GoogleInputMethodServic: GoogleInputMethodService.onFinishInput():3138 
08-03 19:38:06.912 13866 13866 I GoogleInputMethodServic: GoogleInputMethodService.onStartInput():1808 
08-03 19:38:06.924 24974 27629 I art     : Explicit concurrent mark sweep GC freed 847(58KB) AllocSpace objects, 1(20KB) LOS objects, 27% free, 41MB/57MB, paused 1.635ms total 50.632ms
08-03 19:38:06.938 24974 27629 I art     : Starting a blocking GC Explicit
08-03 19:38:06.994 24974 27629 I art     : Explicit concurrent mark sweep GC freed 1699(116KB) AllocSpace objects, 2(40KB) LOS objects, 27% free, 41MB/57MB, paused 2.036ms total 55.974ms
08-03 19:38:07.009 24974 27629 I art     : Starting a blocking GC Explicit
08-03 19:38:07.065 24974 27629 I art     : Explicit concurrent mark sweep GC freed 1294(105KB) AllocSpace objects, 7(160KB) LOS objects, 27% free, 41MB/57MB, paused 1.608ms total 56.169ms
08-03 19:38:07.068 22816 22816 W Atfwd_Sendcmd: AtCmdFwd service not published, waiting... retryCnt : 5
08-03 19:38:07.085 24974 27629 I art     : Starting a blocking GC Explicit
08-03 19:38:07.140 24974 27629 I art     : Explicit concurrent mark sweep GC freed 869(67KB) AllocSpace objects, 4(104KB) LOS objects, 27% free, 41MB/57MB, paused 2.161ms total 54.481ms
08-03 19:38:07.178   512  2967 D audio_hw_primary: disable_audio_route: reset and update mixer path: low-latency-playback speaker
08-03 19:38:07.179   512  2967 D audio_hw_primary: disable_snd_device: snd_device(2: speaker)
08-03 19:38:07.187   512  2967 I soundtrigger: audio_extn_sound_trigger_update_device_status: device 0x2 of type 0 for Event 0
08-03 19:38:07.238 24974 27969 E chromium: [ERROR:tile_manager.cc(793)] WARNING: tile memory limits exceeded, some content may not draw
08-03 19:38:07.238 24974 27969 E chromium: [ERROR:tile_manager.cc(793)] WARNING: tile memory limits exceeded, some content may not draw
08-03 19:38:07.509 24974 27925 I art     : Starting a blocking GC Explicit
08-03 19:38:07.570 24974 27925 I art     : Explicit concurrent mark sweep GC freed 2012(165KB) AllocSpace objects, 2(40KB) LOS objects, 27% free, 41MB/57MB, paused 1.501ms total 60.635ms
08-03 19:38:07.571 24974 24984 I art     : WaitForGcToComplete blocked for 45.154ms for cause HeapTrim
08-03 19:38:07.588 24974 27925 I art     : Starting a blocking GC Explicit
08-03 19:38:07.640 24974 27925 I art     : Explicit concurrent mark sweep GC freed 67(2960B) AllocSpace objects, 0(0B) LOS objects, 27% free, 41MB/57MB, paused 1.329ms total 51.675ms
08-03 19:38:07.653 24974 27925 I art     : Starting a blocking GC Explicit
08-03 19:38:07.704 24974 27925 I art     : Explicit concurrent mark sweep GC freed 3(96B) AllocSpace objects, 0(0B) LOS objects, 27% free, 41MB/57MB, paused 1.271ms total 50.229ms
08-03 19:38:07.717 24974 27925 I art     : Starting a blocking GC Explicit
08-03 19:38:07.768 24974 27925 I art     : Explicit concurrent mark sweep GC freed 3(96B) AllocSpace objects, 0(0B) LOS objects, 27% free, 41MB/57MB, paused 1.529ms total 50.696ms
08-03 19:38:07.782 24974 27925 I art     : Starting a blocking GC Explicit
08-03 19:38:07.833 24974 27925 I art     : Explicit concurrent mark sweep GC freed 3(96B) AllocSpace objects, 0(0B) LOS objects, 27% free, 41MB/57MB, paused 1.296ms total 50.850ms
08-03 19:38:08.199 24974 24986 I art     : Starting a blocking GC Explicit
08-03 19:38:08.242 24974 27969 E chromium: [ERROR:tile_manager.cc(793)] WARNING: tile memory limits exceeded, some content may not draw
08-03 19:38:08.243 24974 27969 E chromium: [ERROR:tile_manager.cc(793)] WARNING: tile memory limits exceeded, some content may not draw
08-03 19:38:08.261 24974 24986 I art     : Explicit concurrent mark sweep GC freed 1434(82KB) AllocSpace objects, 1(20KB) LOS objects, 27% free, 41MB/57MB, paused 1.860ms total 61.276ms
08-03 19:38:08.275 24974 24986 I art     : Starting a blocking GC Explicit
08-03 19:38:08.289 24974 27969 E chromium: [ERROR:tile_manager.cc(793)] WARNING: tile memory limits exceeded, some content may not draw
08-03 19:38:08.289 24974 27969 E chromium: [ERROR:tile_manager.cc(793)] WARNING: tile memory limits exceeded, some content may not draw
08-03 19:38:08.300 24974 27969 E chromium: [ERROR:tile_manager.cc(793)] WARNING: tile memory limits exceeded, some content may not draw
08-03 19:38:08.301 24974 27969 E chromium: [ERROR:tile_manager.cc(793)] WARNING: tile memory limits exceeded, some content may not draw
08-03 19:38:08.328 24974 24986 I art     : Explicit concurrent mark sweep GC freed 49(1632B) AllocSpace objects, 0(0B) LOS objects, 27% free, 41MB/57MB, paused 1.404ms total 52.495ms
08-03 19:38:08.341 24974 24986 I art     : Starting a blocking GC Explicit
08-03 19:38:08.392 24974 24986 I art     : Explicit concurrent mark sweep GC freed 26(832B) AllocSpace objects, 0(0B) LOS objects, 27% free, 41MB/57MB, paused 1.524ms total 50.804ms
08-03 19:38:08.407 24974 24986 I art     : Starting a blocking GC Explicit
08-03 19:38:08.464 24974 24986 I art     : Explicit concurrent mark sweep GC freed 27(864B) AllocSpace objects, 0(0B) LOS objects, 27% free, 41MB/57MB, paused 1.497ms total 56.467ms
08-03 19:38:08.478 24974 24986 I art     : Starting a blocking GC Explicit
08-03 19:38:08.538 24974 24986 I art     : Explicit concurrent mark sweep GC freed 10(320B) AllocSpace objects, 0(0B) LOS objects, 27% free, 41MB/57MB, paused 1.474ms total 59.184ms
08-03 19:38:08.950 24974 27925 I art     : Starting a blocking GC Explicit
08-03 19:38:09.012 24974 27925 I art     : Explicit concurrent mark sweep GC freed 1405(81KB) AllocSpace objects, 1(20KB) LOS objects, 27% free, 41MB/57MB, paused 1.465ms total 61.525ms
08-03 19:38:09.030 24974 27925 I art     : Starting a blocking GC Explicit
08-03 19:38:09.092 24974 27925 I art     : Explicit concurrent mark sweep GC freed 20(704B) AllocSpace objects, 0(0B) LOS objects, 27% free, 41MB/57MB, paused 1.400ms total 61.231ms
08-03 19:38:09.106 24974 27925 I art     : Starting a blocking GC Explicit
08-03 19:38:09.167 24974 27925 I art     : Explicit concurrent mark sweep GC freed 3(96B) AllocSpace objects, 0(0B) LOS objects, 27% free, 41MB/57MB, paused 1.459ms total 60.397ms
08-03 19:38:09.181 24974 27925 I art     : Starting a blocking GC Explicit
08-03 19:38:09.244 24974 27925 I art     : Explicit concurrent mark sweep GC freed 3(96B) AllocSpace objects, 0(0B) LOS objects, 27% free, 41MB/57MB, paused 1.498ms total 62.492ms
08-03 19:38:09.261 24974 27925 I art     : Starting a blocking GC Explicit
08-03 19:38:09.322 24974 27925 I art     : Explicit concurrent mark sweep GC freed 3(96B) AllocSpace objects, 0(0B) LOS objects, 27% free, 41MB/57MB, paused 1.461ms total 60.612ms
08-03 19:38:09.717 24974 27629 I art     : Starting a blocking GC Explicit
08-03 19:38:09.780 24974 27629 I art     : Explicit concurrent mark sweep GC freed 1406(81KB) AllocSpace objects, 1(20KB) LOS objects, 27% free, 41MB/57MB, paused 1.547ms total 62.723ms
08-03 19:38:09.796 24974 27629 I art     : Starting a blocking GC Explicit
08-03 19:38:09.859 24974 27629 I art     : Explicit concurrent mark sweep GC freed 20(704B) AllocSpace objects, 0(0B) LOS objects, 27% free, 41MB/57MB, paused 1.425ms total 62.972ms
08-03 19:38:09.876 24974 27629 I art     : Starting a blocking GC Explicit
08-03 19:38:09.936 24974 27629 I art     : Explicit concurrent mark sweep GC freed 3(96B) AllocSpace objects, 0(0B) LOS objects, 27% free, 41MB/57MB, paused 1.457ms total 59.735ms
08-03 19:38:09.950 24974 27629 I art     : Starting a blocking GC Explicit
08-03 19:38:10.011 24974 27629 I art     : Explicit concurrent mark sweep GC freed 3(96B) AllocSpace objects, 0(0B) LOS objects, 27% free, 41MB/57MB, paused 1.413ms total 60.612ms
08-03 19:38:10.026 24974 27629 I art     : Starting a blocking GC Explicit
08-03 19:38:10.088 24974 27629 I art     : Explicit concurrent mark sweep GC freed 3(96B) AllocSpace objects, 0(0B) LOS objects, 27% free, 41MB/57MB, paused 1.527ms total 62.241ms
08-03 19:38:10.245   918  3261 D WifiStateMachine: starting scan for "H369AA63323"WPA_PSK with 2412,5180
08-03 19:38:10.486 24974 24985 I art     : Starting a blocking GC Explicit
08-03 19:38:10.549 24974 24985 I art     : Explicit concurrent mark sweep GC freed 1405(81KB) AllocSpace objects, 1(20KB) LOS objects, 27% free, 41MB/57MB, paused 1.546ms total 62.624ms
08-03 19:38:10.563 24974 24985 I art     : Starting a blocking GC Explicit
08-03 19:38:10.625 24974 24985 I art     : Explicit concurrent mark sweep GC freed 20(704B) AllocSpace objects, 0(0B) LOS objects, 27% free, 41MB/57MB, paused 1.488ms total 61.791ms
08-03 19:38:10.640 24974 24985 I art     : Starting a blocking GC Explicit
08-03 19:38:10.701 24974 24985 I art     : Explicit concurrent mark sweep GC freed 3(96B) AllocSpace objects, 0(0B) LOS objects, 27% free, 41MB/57MB, paused 1.480ms total 61.066ms
08-03 19:38:10.716 24974 24985 I art     : Starting a blocking GC Explicit
08-03 19:38:10.778 24974 24985 I art     : Explicit concurrent mark sweep GC freed 3(96B) AllocSpace objects, 0(0B) LOS objects, 27% free, 41MB/57MB, paused 1.509ms total 61.242ms
08-03 19:38:10.795 24974 24985 I art     : Starting a blocking GC Explicit
08-03 19:38:10.855 24974 24985 I art     : Explicit concurrent mark sweep GC freed 3(96B) AllocSpace objects, 0(0B) LOS objects, 27% free, 41MB/57MB, paused 1.418ms total 60.031ms
08-03 19:38:11.256 24974 24986 I art     : Starting a blocking GC Explicit
08-03 19:38:11.314 24974 24986 I art     : Explicit concurrent mark sweep GC freed 1406(81KB) AllocSpace objects, 1(20KB) LOS objects, 27% free, 41MB/57MB, paused 1.454ms total 56.940ms
08-03 19:38:11.328 24974 24986 I art     : Starting a blocking GC Explicit
08-03 19:38:11.384 24974 24986 I art     : Explicit concurrent mark sweep GC freed 20(704B) AllocSpace objects, 0(0B) LOS objects, 27% free, 41MB/57MB, paused 1.420ms total 55.290ms
08-03 19:38:11.393 29310 29310 D AndroidRuntime: >>>>>> START com.android.internal.os.RuntimeInit uid 2000 <<<<<<
08-03 19:38:11.398 24974 24986 I art     : Starting a blocking GC Explicit
08-03 19:38:11.399 29310 29310 D AndroidRuntime: CheckJNI is OFF
08-03 19:38:11.443 29310 29310 D ICU     : No timezone override file found: /data/misc/zoneinfo/current/icu/icu_tzdata.dat
08-03 19:38:11.454 24974 24986 I art     : Explicit concurrent mark sweep GC freed 3(96B) AllocSpace objects, 0(0B) LOS objects, 27% free, 41MB/57MB, paused 1.422ms total 55.948ms
08-03 19:38:11.468 24974 24986 I art     : Starting a blocking GC Explicit
08-03 19:38:11.485 29310 29310 I Radio-JNI: register_android_hardware_Radio DONE
08-03 19:38:11.515 29310 29310 D AndroidRuntime: Calling main entry com.android.commands.input.Input
08-03 19:38:11.516 29310 29310 I Input   : injectKeyEvent: KeyEvent { action=ACTION_DOWN, keyCode=KEYCODE_BACK, scanCode=0, metaState=0, flags=0x0, repeatCount=0, eventTime=646707929, downTime=646707929, deviceId=-1, source=0x101 }
08-03 19:38:11.523 29310 29310 I Input   : injectKeyEvent: KeyEvent { action=ACTION_UP, keyCode=KEYCODE_BACK, scanCode=0, metaState=0, flags=0x0, repeatCount=0, eventTime=646707929, downTime=646707929, deviceId=-1, source=0x101 }
08-03 19:38:11.526 24974 24986 I art     : Explicit concurrent mark sweep GC freed 4(176B) AllocSpace objects, 0(0B) LOS objects, 27% free, 41MB/57MB, paused 1.377ms total 56.887ms
08-03 19:38:11.531 29310 29310 D AndroidRuntime: Shutting down VM
08-03 19:38:11.539 24974 24986 I art     : Starting a blocking GC Explicit
08-03 19:38:11.548 24974 24974 D baseline.com.newsblur.service.NBSyncService: rejecting request for feedset that is exhaused
08-03 19:38:11.592 24974 24986 I art     : Explicit concurrent mark sweep GC freed 233(39KB) AllocSpace objects, 2(40KB) LOS objects, 27% free, 41MB/57MB, paused 1.413ms total 52.183ms
08-03 19:38:11.731 24974 24974 D baseline.com.newsblur.service.NBSyncService: rejecting request for feedset that is exhaused
08-03 19:38:11.785 13866 13866 I GoogleInputMethodServic: GoogleInputMethodService.onFinishInput():3138 
08-03 19:38:11.789 13866 13866 I GoogleInputMethodServic: GoogleInputMethodService.onStartInput():1808 
08-03 19:38:11.944 24974 27629 I art     : Starting a blocking GC Explicit
08-03 19:38:11.996 24974 27629 I art     : Explicit concurrent mark sweep GC freed 2987(219KB) AllocSpace objects, 4(88KB) LOS objects, 27% free, 41MB/57MB, paused 1.217ms total 52.006ms
08-03 19:38:12.010 24974 27629 I art     : Starting a blocking GC Explicit
08-03 19:38:12.061 24974 27629 I art     : Explicit concurrent mark sweep GC freed 514(24KB) AllocSpace objects, 0(0B) LOS objects, 27% free, 41MB/57MB, paused 1.695ms total 51.110ms
08-03 19:38:12.076 24974 27629 I art     : Starting a blocking GC Explicit
08-03 19:38:12.129 24974 27629 I art     : Explicit concurrent mark sweep GC freed 1249(60KB) AllocSpace objects, 0(0B) LOS objects, 27% free, 41MB/57MB, paused 1.390ms total 52.812ms
08-03 19:38:12.143 24974 27629 I art     : Starting a blocking GC Explicit
08-03 19:38:12.196 24974 27629 I art     : Explicit concurrent mark sweep GC freed 122(6KB) AllocSpace objects, 0(0B) LOS objects, 27% free, 41MB/57MB, paused 1.372ms total 52.960ms
08-03 19:38:12.210 24974 27629 I art     : Starting a blocking GC Explicit
08-03 19:38:12.264 24974 27629 I art     : Explicit concurrent mark sweep GC freed 31(1120B) AllocSpace objects, 0(0B) LOS objects, 27% free, 41MB/57MB, paused 1.375ms total 53.904ms
08-03 19:38:12.651 24974 27629 I art     : Starting a blocking GC Explicit
08-03 19:38:12.716 24974 27629 I art     : Explicit concurrent mark sweep GC freed 1458(82KB) AllocSpace objects, 1(20KB) LOS objects, 27% free, 41MB/57MB, paused 1.471ms total 65.337ms
08-03 19:38:12.733 24974 27629 I art     : Starting a blocking GC Explicit
08-03 19:38:12.792 24974 27629 I art     : Explicit concurrent mark sweep GC freed 29(992B) AllocSpace objects, 0(0B) LOS objects, 27% free, 41MB/57MB, paused 1.378ms total 58.379ms
08-03 19:38:12.808 24974 27629 I art     : Starting a blocking GC Explicit
08-03 19:38:12.868 24974 27629 I art     : Explicit concurrent mark sweep GC freed 12(384B) AllocSpace objects, 0(0B) LOS objects, 27% free, 41MB/57MB, paused 1.432ms total 59.529ms
08-03 19:38:12.883 24974 27629 I art     : Starting a blocking GC Explicit
08-03 19:38:12.942 24974 27629 I art     : Explicit concurrent mark sweep GC freed 13(416B) AllocSpace objects, 0(0B) LOS objects, 27% free, 41MB/57MB, paused 1.420ms total 59.240ms
08-03 19:38:12.957 24974 27629 I art     : Starting a blocking GC Explicit
08-03 19:38:13.017 24974 27629 I art     : Explicit concurrent mark sweep GC freed 11(352B) AllocSpace objects, 0(0B) LOS objects, 27% free, 41MB/57MB, paused 1.424ms total 59.522ms
08-03 19:38:13.308 29354 29354 D AndroidRuntime: >>>>>> START com.android.internal.os.RuntimeInit uid 2000 <<<<<<
08-03 19:38:13.314 29354 29354 D AndroidRuntime: CheckJNI is OFF
08-03 19:38:13.358 29354 29354 D ICU     : No timezone override file found: /data/misc/zoneinfo/current/icu/icu_tzdata.dat
08-03 19:38:13.398 24974 24985 I art     : Starting a blocking GC Explicit
08-03 19:38:13.402 29354 29354 I Radio-JNI: register_android_hardware_Radio DONE
08-03 19:38:13.432 29354 29354 D AndroidRuntime: Calling main entry com.android.commands.input.Input
08-03 19:38:13.433 29354 29354 I Input   : injectKeyEvent: KeyEvent { action=ACTION_DOWN, keyCode=KEYCODE_BACK, scanCode=0, metaState=0, flags=0x0, repeatCount=0, eventTime=646709846, downTime=646709846, deviceId=-1, source=0x101 }
08-03 19:38:13.441 29354 29354 I Input   : injectKeyEvent: KeyEvent { action=ACTION_UP, keyCode=KEYCODE_BACK, scanCode=0, metaState=0, flags=0x0, repeatCount=0, eventTime=646709846, downTime=646709846, deviceId=-1, source=0x101 }
08-03 19:38:13.447 29354 29354 D AndroidRuntime: Shutting down VM
08-03 19:38:13.459 24974 24985 I art     : Explicit concurrent mark sweep GC freed 1529(98KB) AllocSpace objects, 2(40KB) LOS objects, 27% free, 41MB/57MB, paused 1.805ms total 60.088ms
08-03 19:38:13.473 24974 24985 I art     : Starting a blocking GC Explicit
08-03 19:38:13.531 24974 24985 I art     : Explicit concurrent mark sweep GC freed 264(50KB) AllocSpace objects, 3(60KB) LOS objects, 27% free, 41MB/57MB, paused 1.537ms total 57.117ms
08-03 19:38:13.545 24974 24985 I art     : Starting a blocking GC Explicit
08-03 19:38:13.603 24974 24985 I art     : Explicit concurrent mark sweep GC freed 49(3KB) AllocSpace objects, 0(0B) LOS objects, 27% free, 41MB/57MB, paused 1.670ms total 58.062ms
08-03 19:38:13.618 24974 24985 I art     : Starting a blocking GC Explicit
08-03 19:38:13.668 13866 13866 I GoogleInputMethodServic: GoogleInputMethodService.onFinishInput():3138 
08-03 19:38:13.669 13866 13866 I GoogleInputMethodServic: GoogleInputMethodService.onStartInput():1808 
08-03 19:38:13.687 24974 24985 I art     : Explicit concurrent mark sweep GC freed 8824(579KB) AllocSpace objects, 10(200KB) LOS objects, 27% free, 41MB/57MB, paused 12.452ms total 68.149ms
08-03 19:38:13.703 24974 24985 I art     : Starting a blocking GC Explicit
08-03 19:38:13.758 24974 24985 I art     : Explicit concurrent mark sweep GC freed 1562(93KB) AllocSpace objects, 2(40KB) LOS objects, 27% free, 41MB/57MB, paused 1.459ms total 54.322ms
08-03 19:38:14.094   518   646 I ThermalEngine: ACTION: GPU - Setting GPU[0] to 390000000
08-03 19:38:14.149 24974 24986 I art     : Starting a blocking GC Explicit
08-03 19:38:14.229 24974 24986 I art     : Explicit concurrent mark sweep GC freed 5154(264KB) AllocSpace objects, 4(220KB) LOS objects, 27% free, 41MB/57MB, paused 2.625ms total 79.886ms
08-03 19:38:14.252 24974 24986 I art     : Starting a blocking GC Explicit
08-03 19:38:14.252 24974 29377 E baseline.com.newsblur.network.APIResponse: Error (unexpected end of stream on https://www.newsblur.com/...) calling https://www.newsblur.com/reader/mark_story_hashes_as_read/
08-03 19:38:14.252 24974 29377 E baseline.com.newsblur.network.APIResponse: java.io.IOException: unexpected end of stream on https://www.newsblur.com/...
08-03 19:38:14.252 24974 29377 E baseline.com.newsblur.network.APIResponse: 	at okhttp3.internal.http1.Http1ExchangeCodec.readResponseHeaders(Http1ExchangeCodec.java:236)
08-03 19:38:14.252 24974 29377 E baseline.com.newsblur.network.APIResponse: 	at okhttp3.internal.connection.Exchange.readResponseHeaders(Exchange.java:115)
08-03 19:38:14.252 24974 29377 E baseline.com.newsblur.network.APIResponse: 	at okhttp3.internal.http.CallServerInterceptor.intercept(CallServerInterceptor.java:94)
08-03 19:38:14.252 24974 29377 E baseline.com.newsblur.network.APIResponse: 	at okhttp3.internal.http.RealInterceptorChain.proceed(RealInterceptorChain.java:142)
08-03 19:38:14.252 24974 29377 E baseline.com.newsblur.network.APIResponse: 	at okhttp3.internal.connection.ConnectInterceptor.intercept(ConnectInterceptor.java:43)
08-03 19:38:14.252 24974 29377 E baseline.com.newsblur.network.APIResponse: 	at okhttp3.internal.http.RealInterceptorChain.proceed(RealInterceptorChain.java:142)
08-03 19:38:14.252 24974 29377 E baseline.com.newsblur.network.APIResponse: 	at okhttp3.internal.http.RealInterceptorChain.proceed(RealInterceptorChain.java:117)
08-03 19:38:14.252 24974 29377 E baseline.com.newsblur.network.APIResponse: 	at okhttp3.internal.cache.CacheInterceptor.intercept(CacheInterceptor.java:94)
08-03 19:38:14.252 24974 29377 E baseline.com.newsblur.network.APIResponse: 	at okhttp3.internal.http.RealInterceptorChain.proceed(RealInterceptorChain.java:142)
08-03 19:38:14.252 24974 29377 E baseline.com.newsblur.network.APIResponse: 	at okhttp3.internal.http.RealInterceptorChain.proceed(RealInterceptorChain.java:117)
08-03 19:38:14.252 24974 29377 E baseline.com.newsblur.network.APIResponse: 	at okhttp3.internal.http.BridgeInterceptor.intercept(BridgeInterceptor.java:93)
08-03 19:38:14.252 24974 29377 E baseline.com.newsblur.network.APIResponse: 	at okhttp3.internal.http.RealInterceptorChain.proceed(RealInterceptorChain.java:142)
08-03 19:38:14.252 24974 29377 E baseline.com.newsblur.network.APIResponse: 	at okhttp3.internal.http.RetryAndFollowUpInterceptor.intercept(RetryAndFollowUpInterceptor.java:88)
08-03 19:38:14.252 24974 29377 E baseline.com.newsblur.network.APIResponse: 	at okhttp3.internal.http.RealInterceptorChain.proceed(RealInterceptorChain.java:142)
08-03 19:38:14.252 24974 29377 E baseline.com.newsblur.network.APIResponse: 	at okhttp3.internal.http.RealInterceptorChain.proceed(RealInterceptorChain.java:117)
08-03 19:38:14.252 24974 29377 E baseline.com.newsblur.network.APIResponse: 	at okhttp3.RealCall.getResponseWithInterceptorChain(RealCall.java:229)
08-03 19:38:14.252 24974 29377 E baseline.com.newsblur.network.APIResponse: 	at okhttp3.RealCall.execute(RealCall.java:81)
08-03 19:38:14.252 24974 29377 E baseline.com.newsblur.network.APIResponse: 	at baseline.com.newsblur.network.APIResponse.<init>(APIResponse.java:57)
08-03 19:38:14.252 24974 29377 E baseline.com.newsblur.network.APIResponse: 	at baseline.com.newsblur.network.APIResponse.<init>(APIResponse.java:43)
08-03 19:38:14.252 24974 29377 E baseline.com.newsblur.network.APIResponse: 	at baseline.com.newsblur.network.APIManager.post_single(APIManager.java:702)
08-03 19:38:14.252 24974 29377 E baseline.com.newsblur.network.APIResponse: 	at baseline.com.newsblur.network.APIManager.post(APIManager.java:675)
08-03 19:38:14.252 24974 29377 E baseline.com.newsblur.network.APIResponse: 	at baseline.com.newsblur.network.APIManager.post(APIManager.java:714)
08-03 19:38:14.252 24974 29377 E baseline.com.newsblur.network.APIResponse: 	at baseline.com.newsblur.network.APIManager.markStoryAsRead(APIManager.java:205)
08-03 19:38:14.252 24974 29377 E baseline.com.newsblur.network.APIResponse: 	at baseline.com.newsblur.util.ReadingAction.doRemote(ReadingAction.java:281)
08-03 19:38:14.252 24974 29377 E baseline.com.newsblur.network.APIResponse: 	at baseline.com.newsblur.service.NBSyncService.syncActions(NBSyncService.java:400)
08-03 19:38:14.252 24974 29377 E baseline.com.newsblur.network.APIResponse: 	at baseline.com.newsblur.service.NBSyncService.doSync(NBSyncService.java:298)
08-03 19:38:14.252 24974 29377 E baseline.com.newsblur.network.APIResponse: 	at baseline.com.newsblur.service.NBSyncService.access$100(NBSyncService.java:67)
08-03 19:38:14.252 24974 29377 E baseline.com.newsblur.network.APIResponse: 	at baseline.com.newsblur.service.NBSyncService$1.run(NBSyncService.java:188)
08-03 19:38:14.252 24974 29377 E baseline.com.newsblur.network.APIResponse: 	at java.util.concurrent.ThreadPoolExecutor.runWorker(ThreadPoolExecutor.java:1113)
08-03 19:38:14.252 24974 29377 E baseline.com.newsblur.network.APIResponse: 	at java.util.concurrent.ThreadPoolExecutor$Worker.run(ThreadPoolExecutor.java:588)
08-03 19:38:14.252 24974 29377 E baseline.com.newsblur.network.APIResponse: 	at java.lang.Thread.run(Thread.java:818)
08-03 19:38:14.252 24974 29377 E baseline.com.newsblur.network.APIResponse: Caused by: java.io.EOFException: \n not found: limit=0 content=
08-03 19:38:14.252 24974 29377 E baseline.com.newsblur.network.APIResponse: 	at okio.RealBufferedSource.readUtf8LineStrict(RealBufferedSource.java:240)
08-03 19:38:14.252 24974 29377 E baseline.com.newsblur.network.APIResponse: 	at okhttp3.internal.http1.Http1ExchangeCodec.readHeaderLine(Http1ExchangeCodec.java:242)
08-03 19:38:14.252 24974 29377 E baseline.com.newsblur.network.APIResponse: 	at okhttp3.internal.http1.Http1ExchangeCodec.readResponseHeaders(Http1ExchangeCodec.java:213)
08-03 19:38:14.252 24974 29377 E baseline.com.newsblur.network.APIResponse: 	... 30 more
08-03 19:38:14.253 24974 29377 I baseline.com.newsblur.network.APIManager: API call failed, pausing before retry number 1
08-03 19:38:14.326 24974 24986 I art     : Explicit concurrent mark sweep GC freed 1638(307KB) AllocSpace objects, 2(40KB) LOS objects, 27% free, 41MB/57MB, paused 2.449ms total 73.751ms
08-03 19:38:14.349 24974 24986 I art     : Starting a blocking GC Explicit
08-03 19:38:14.424 24974 24986 I art     : Explicit concurrent mark sweep GC freed 372(27KB) AllocSpace objects, 0(0B) LOS objects, 27% free, 41MB/57MB, paused 2.352ms total 75.285ms
08-03 19:38:14.450 24974 24986 I art     : Starting a blocking GC Explicit
08-03 19:38:14.527 24974 24986 I art     : Explicit concurrent mark sweep GC freed 16(512B) AllocSpace objects, 0(0B) LOS objects, 27% free, 41MB/57MB, paused 2.485ms total 76.182ms
08-03 19:38:14.552 24974 24986 I art     : Starting a blocking GC Explicit
08-03 19:38:14.632 24974 24986 I art     : Explicit concurrent mark sweep GC freed 15(480B) AllocSpace objects, 0(0B) LOS objects, 27% free, 41MB/57MB, paused 3.589ms total 79.680ms
08-03 19:38:15.057 24974 24985 I art     : Starting a blocking GC Explicit
08-03 19:38:15.129 24974 24985 I art     : Explicit concurrent mark sweep GC freed 1497(84KB) AllocSpace objects, 1(20KB) LOS objects, 27% free, 41MB/57MB, paused 2.210ms total 72.137ms
08-03 19:38:15.150 24974 24985 I art     : Starting a blocking GC Explicit
08-03 19:38:15.220 24974 24985 I art     : Explicit concurrent mark sweep GC freed 23(816B) AllocSpace objects, 0(0B) LOS objects, 27% free, 41MB/57MB, paused 2.318ms total 70.601ms
08-03 19:38:15.242 24974 24985 I art     : Starting a blocking GC Explicit
08-03 19:38:15.312 24974 24985 I art     : Explicit concurrent mark sweep GC freed 3(96B) AllocSpace objects, 0(0B) LOS objects, 27% free, 41MB/57MB, paused 2.296ms total 69.847ms
08-03 19:38:15.333 24974 24985 I art     : Starting a blocking GC Explicit
08-03 19:38:15.375 29391 29391 D AndroidRuntime: >>>>>> START com.android.internal.os.RuntimeInit uid 2000 <<<<<<
08-03 19:38:15.382 29391 29391 D AndroidRuntime: CheckJNI is OFF
08-03 19:38:15.403 24974 24985 I art     : Explicit concurrent mark sweep GC freed 3(96B) AllocSpace objects, 0(0B) LOS objects, 27% free, 41MB/57MB, paused 2.263ms total 69.980ms
08-03 19:38:15.424 24974 24985 I art     : Starting a blocking GC Explicit
08-03 19:38:15.442 29391 29391 D ICU     : No timezone override file found: /data/misc/zoneinfo/current/icu/icu_tzdata.dat
08-03 19:38:15.485 29391 29391 I Radio-JNI: register_android_hardware_Radio DONE
08-03 19:38:15.494 24974 24985 I art     : Explicit concurrent mark sweep GC freed 3(96B) AllocSpace objects, 0(0B) LOS objects, 27% free, 41MB/57MB, paused 2.229ms total 68.931ms
08-03 19:38:15.518 29391 29391 D AndroidRuntime: Calling main entry com.android.commands.input.Input
08-03 19:38:15.521 29391 29391 I Input   : injectMotionEvent: MotionEvent { action=ACTION_DOWN, actionButton=0, id[0]=0, x[0]=553.0, y[0]=442.0, toolType[0]=TOOL_TYPE_UNKNOWN, buttonState=0, metaState=0, flags=0x0, edgeFlags=0x0, pointerCount=1, historySize=0, eventTime=646711933, downTime=646711933, deviceId=0, source=0x1002 }
08-03 19:38:15.526 29391 29391 I Input   : injectMotionEvent: MotionEvent { action=ACTION_UP, actionButton=0, id[0]=0, x[0]=553.0, y[0]=442.0, toolType[0]=TOOL_TYPE_UNKNOWN, buttonState=0, metaState=0, flags=0x0, edgeFlags=0x0, pointerCount=1, historySize=0, eventTime=646711933, downTime=646711933, deviceId=0, source=0x1002 }
08-03 19:38:15.528 29391 29391 D AndroidRuntime: Shutting down VM
08-03 19:38:15.597   918  5952 I ActivityManager: START u0 {cmp=baseline.com.newsblur/.activity.AllSharedStoriesItemsList (has extras)} from uid 10625 on display 0
08-03 19:38:15.628 24974 27923 I baseline.com.newsblur.database.BlurDatabaseHelper: reading session reset
08-03 19:38:15.894 24974 24974 D baseline.com.newsblur.service.NBSyncService: rejecting request for feedset that is exhaused
08-03 19:38:15.903 24974 27629 I art     : Starting a blocking GC Explicit
08-03 19:38:15.906 24974 24974 W View    : requestLayout() improperly called by android.widget.FrameLayout{f4b0677 V.E...... ......ID 0,0-1440,18 #7f07003f app:id/footer_view_inner} during layout: running second layout pass
08-03 19:38:15.906 24974 24974 W View    : requestLayout() improperly called by android.widget.FrameLayout{5f432e4 V.E...... ......ID 0,0-1440,2091 #7f07003f app:id/footer_view_inner} during layout: running second layout pass
08-03 19:38:15.931   918   936 I ActivityManager: Displayed baseline.com.newsblur/.activity.AllSharedStoriesItemsList: +323ms
08-03 19:38:15.932 13866 13866 I GoogleInputMethodServic: GoogleInputMethodService.onFinishInput():3138 
08-03 19:38:15.933 13866 13866 I GoogleInputMethodServic: GoogleInputMethodService.onStartInput():1808 
08-03 19:38:15.984 24974 27629 I art     : Explicit concurrent mark sweep GC freed 5228(412KB) AllocSpace objects, 12(332KB) LOS objects, 27% free, 41MB/57MB, paused 3.996ms total 79.975ms
08-03 19:38:16.008 24974 27629 I art     : Starting a blocking GC Explicit
08-03 19:38:16.031 24974 27663 I NAPPA_EXPERIMENTATION: MetricNetworkRequestExecutionTime: REQUEST_DURATION_SYSTEM='36',REQUEST_DURATION_OKHTTP='34',REQUEST_SYNCHRONOUS='TRUE',RESPONSE_CODE='200',RESPONSE_METHOD='GET',RESPONSE_LENGTH_OKHTTP='43',RESPONSE_LENGTH_HEADER='43',REQUEST_PROTOCOL='http/1.1',REQUEST_URL='http://feeds.feedburner.com/~r/retort/~4/UffaFMiJbNs',
08-03 19:38:16.089 24974 27629 I art     : Explicit concurrent mark sweep GC freed 1223(83KB) AllocSpace objects, 3(60KB) LOS objects, 27% free, 41MB/57MB, paused 2.648ms total 80.634ms
08-03 19:38:16.109 24974 27629 I art     : Starting a blocking GC Explicit
08-03 19:38:16.192 24974 29377 E baseline.com.newsblur.network.APIResponse: Error (unexpected end of stream on https://www.newsblur.com/...) calling https://www.newsblur.com/reader/mark_story_hashes_as_read/
08-03 19:38:16.192 24974 29377 E baseline.com.newsblur.network.APIResponse: java.io.IOException: unexpected end of stream on https://www.newsblur.com/...
08-03 19:38:16.192 24974 29377 E baseline.com.newsblur.network.APIResponse: 	at okhttp3.internal.http1.Http1ExchangeCodec.readResponseHeaders(Http1ExchangeCodec.java:236)
08-03 19:38:16.192 24974 29377 E baseline.com.newsblur.network.APIResponse: 	at okhttp3.internal.connection.Exchange.readResponseHeaders(Exchange.java:115)
08-03 19:38:16.192 24974 29377 E baseline.com.newsblur.network.APIResponse: 	at okhttp3.internal.http.CallServerInterceptor.intercept(CallServerInterceptor.java:94)
08-03 19:38:16.192 24974 29377 E baseline.com.newsblur.network.APIResponse: 	at okhttp3.internal.http.RealInterceptorChain.proceed(RealInterceptorChain.java:142)
08-03 19:38:16.192 24974 29377 E baseline.com.newsblur.network.APIResponse: 	at okhttp3.internal.connection.ConnectInterceptor.intercept(ConnectInterceptor.java:43)
08-03 19:38:16.192 24974 29377 E baseline.com.newsblur.network.APIResponse: 	at okhttp3.internal.http.RealInterceptorChain.proceed(RealInterceptorChain.java:142)
08-03 19:38:16.192 24974 29377 E baseline.com.newsblur.network.APIResponse: 	at okhttp3.internal.http.RealInterceptorChain.proceed(RealInterceptorChain.java:117)
08-03 19:38:16.192 24974 29377 E baseline.com.newsblur.network.APIResponse: 	at okhttp3.internal.cache.CacheInterceptor.intercept(CacheInterceptor.java:94)
08-03 19:38:16.192 24974 29377 E baseline.com.newsblur.network.APIResponse: 	at okhttp3.internal.http.RealInterceptorChain.proceed(RealInterceptorChain.java:142)
08-03 19:38:16.192 24974 29377 E baseline.com.newsblur.network.APIResponse: 	at okhttp3.internal.http.RealInterceptorChain.proceed(RealInterceptorChain.java:117)
08-03 19:38:16.192 24974 29377 E baseline.com.newsblur.network.APIResponse: 	at okhttp3.internal.http.BridgeInterceptor.intercept(BridgeInterceptor.java:93)
08-03 19:38:16.192 24974 29377 E baseline.com.newsblur.network.APIResponse: 	at okhttp3.internal.http.RealInterceptorChain.proceed(RealInterceptorChain.java:142)
08-03 19:38:16.192 24974 29377 E baseline.com.newsblur.network.APIResponse: 	at okhttp3.internal.http.RetryAndFollowUpInterceptor.intercept(RetryAndFollowUpInterceptor.java:88)
08-03 19:38:16.192 24974 29377 E baseline.com.newsblur.network.APIResponse: 	at okhttp3.internal.http.RealInterceptorChain.proceed(RealInterceptorChain.java:142)
08-03 19:38:16.192 24974 29377 E baseline.com.newsblur.network.APIResponse: 	at okhttp3.internal.http.RealInterceptorChain.proceed(RealInterceptorChain.java:117)
08-03 19:38:16.192 24974 29377 E baseline.com.newsblur.network.APIResponse: 	at okhttp3.RealCall.getResponseWithInterceptorChain(RealCall.java:229)
08-03 19:38:16.192 24974 29377 E baseline.com.newsblur.network.APIResponse: 	at okhttp3.RealCall.execute(RealCall.java:81)
08-03 19:38:16.192 24974 29377 E baseline.com.newsblur.network.APIResponse: 	at baseline.com.newsblur.network.APIResponse.<init>(APIResponse.java:57)
08-03 19:38:16.192 24974 29377 E baseline.com.newsblur.network.APIResponse: 	at baseline.com.newsblur.network.APIResponse.<init>(APIResponse.java:43)
08-03 19:38:16.192 24974 29377 E baseline.com.newsblur.network.APIResponse: 	at baseline.com.newsblur.network.APIManager.post_single(APIManager.java:702)
08-03 19:38:16.192 24974 29377 E baseline.com.newsblur.network.APIResponse: 	at baseline.com.newsblur.network.APIManager.post(APIManager.java:675)
08-03 19:38:16.192 24974 29377 E baseline.com.newsblur.network.APIResponse: 	at baseline.com.newsblur.network.APIManager.post(APIManager.java:714)
08-03 19:38:16.192 24974 29377 E baseline.com.newsblur.network.APIResponse: 	at baseline.com.newsblur.network.APIManager.markStoryAsRead(APIManager.java:205)
08-03 19:38:16.192 24974 29377 E baseline.com.newsblur.network.APIResponse: 	at baseline.com.newsblur.util.ReadingAction.doRemote(ReadingAction.java:281)
08-03 19:38:16.192 24974 29377 E baseline.com.newsblur.network.APIResponse: 	at baseline.com.newsblur.service.NBSyncService.syncActions(NBSyncService.java:400)
08-03 19:38:16.192 24974 29377 E baseline.com.newsblur.network.APIResponse: 	at baseline.com.newsblur.service.NBSyncService.doSync(NBSyncService.java:298)
08-03 19:38:16.192 24974 29377 E baseline.com.newsblur.network.APIResponse: 	at baseline.com.newsblur.service.NBSyncService.access$100(NBSyncService.java:67)
08-03 19:38:16.192 24974 29377 E baseline.com.newsblur.network.APIResponse: 	at baseline.com.newsblur.service.NBSyncService$1.run(NBSyncService.java:188)
08-03 19:38:16.192 24974 29377 E baseline.com.newsblur.network.APIResponse: 	at java.util.concurrent.ThreadPoolExecutor.runWorker(ThreadPoolExecutor.java:1113)
08-03 19:38:16.192 24974 29377 E baseline.com.newsblur.network.APIResponse: 	at java.util.concurrent.ThreadPoolExecutor$Worker.run(ThreadPoolExecutor.java:588)
08-03 19:38:16.192 24974 29377 E baseline.com.newsblur.network.APIResponse: 	at java.lang.Thread.run(Thread.java:818)
08-03 19:38:16.192 24974 29377 E baseline.com.newsblur.network.APIResponse: Caused by: java.io.EOFException: \n not found: limit=0 content=
08-03 19:38:16.192 24974 29377 E baseline.com.newsblur.network.APIResponse: 	at okio.RealBufferedSource.readUtf8LineStrict(RealBufferedSource.java:240)
08-03 19:38:16.192 24974 29377 E baseline.com.newsblur.network.APIResponse: 	at okhttp3.internal.http1.Http1ExchangeCodec.readHeaderLine(Http1ExchangeCodec.java:242)
08-03 19:38:16.192 24974 29377 E baseline.com.newsblur.network.APIResponse: 	at okhttp3.internal.http1.Http1ExchangeCodec.readResponseHeaders(Http1ExchangeCodec.java:213)
08-03 19:38:16.192 24974 29377 E baseline.com.newsblur.network.APIResponse: 	... 30 more
08-03 19:38:16.193 24974 29377 I baseline.com.newsblur.network.APIManager: API call failed, pausing before retry number 2
08-03 19:38:16.198 24974 27629 I art     : Explicit concurrent mark sweep GC freed 1975(78KB) AllocSpace objects, 0(0B) LOS objects, 27% free, 42MB/58MB, paused 2.417ms total 88.857ms
08-03 19:38:16.218 24974 27629 I art     : Starting a blocking GC Explicit
08-03 19:38:16.283 24974 27629 I art     : Explicit concurrent mark sweep GC freed 974(226KB) AllocSpace objects, 3(60KB) LOS objects, 27% free, 41MB/57MB, paused 1.865ms total 64.190ms
08-03 19:38:16.303 24974 27629 I art     : Starting a blocking GC Explicit
08-03 19:38:16.384 24974 27629 I art     : Explicit concurrent mark sweep GC freed 120(4KB) AllocSpace objects, 0(0B) LOS objects, 27% free, 41MB/57MB, paused 2.269ms total 79.655ms
08-03 19:38:16.809 24974 29343 I art     : Starting a blocking GC Explicit
08-03 19:38:16.886 24974 29343 I art     : Explicit concurrent mark sweep GC freed 1574(88KB) AllocSpace objects, 1(20KB) LOS objects, 27% free, 41MB/57MB, paused 2.246ms total 76.644ms
08-03 19:38:16.909 24974 29343 I art     : Starting a blocking GC Explicit
08-03 19:38:16.986 24974 29343 I art     : Explicit concurrent mark sweep GC freed 22(784B) AllocSpace objects, 0(0B) LOS objects, 27% free, 41MB/57MB, paused 2.255ms total 76.468ms
08-03 19:38:17.009 24974 29343 I art     : Starting a blocking GC Explicit
08-03 19:38:17.090 24974 29343 I art     : Explicit concurrent mark sweep GC freed 6(192B) AllocSpace objects, 0(0B) LOS objects, 27% free, 41MB/57MB, paused 2.436ms total 81.473ms
08-03 19:38:17.121 24974 29343 I art     : Starting a blocking GC Explicit
08-03 19:38:17.207 24974 29343 I art     : Explicit concurrent mark sweep GC freed 17(544B) AllocSpace objects, 0(0B) LOS objects, 27% free, 41MB/57MB, paused 2.200ms total 84.583ms
08-03 19:38:17.232 24974 29343 I art     : Starting a blocking GC Explicit
08-03 19:38:17.320 24974 29343 I art     : Explicit concurrent mark sweep GC freed 15(480B) AllocSpace objects, 0(0B) LOS objects, 27% free, 41MB/57MB, paused 3.824ms total 87.268ms
08-03 19:38:17.777 24974 27629 I art     : Starting a blocking GC Explicit
08-03 19:38:17.855 24974 27629 I art     : Explicit concurrent mark sweep GC freed 1443(83KB) AllocSpace objects, 1(20KB) LOS objects, 27% free, 41MB/57MB, paused 2.375ms total 77.343ms
08-03 19:38:17.881 24974 27629 I art     : Starting a blocking GC Explicit
08-03 19:38:17.953 24974 27629 I art     : Explicit concurrent mark sweep GC freed 22(784B) AllocSpace objects, 0(0B) LOS objects, 27% free, 41MB/57MB, paused 2.073ms total 70.974ms
08-03 19:38:17.974 24974 27629 I art     : Starting a blocking GC Explicit
08-03 19:38:18.047 24974 27629 I art     : Explicit concurrent mark sweep GC freed 3(96B) AllocSpace objects, 0(0B) LOS objects, 27% free, 41MB/57MB, paused 2.197ms total 72.688ms
08-03 19:38:18.069 24974 27629 I art     : Starting a blocking GC Explicit
08-03 19:38:18.144 24974 27629 I art     : Explicit concurrent mark sweep GC freed 3(96B) AllocSpace objects, 0(0B) LOS objects, 27% free, 41MB/57MB, paused 2.338ms total 74.784ms
08-03 19:38:18.167 24974 27629 I art     : Starting a blocking GC Explicit
08-03 19:38:18.244 24974 27629 I art     : Explicit concurrent mark sweep GC freed 3(96B) AllocSpace objects, 0(0B) LOS objects, 27% free, 41MB/57MB, paused 2.343ms total 76.399ms
08-03 19:38:18.695 24974 24986 I art     : Starting a blocking GC Explicit
08-03 19:38:18.773 24974 24986 I art     : Explicit concurrent mark sweep GC freed 1442(83KB) AllocSpace objects, 1(20KB) LOS objects, 27% free, 41MB/57MB, paused 2.351ms total 77.980ms
08-03 19:38:18.796 24974 24986 I art     : Starting a blocking GC Explicit
08-03 19:38:18.872 24974 24986 I art     : Explicit concurrent mark sweep GC freed 22(784B) AllocSpace objects, 0(0B) LOS objects, 27% free, 41MB/57MB, paused 2.213ms total 76.029ms
08-03 19:38:18.895 24974 24986 I art     : Starting a blocking GC Explicit
08-03 19:38:18.972 24974 24986 I art     : Explicit concurrent mark sweep GC freed 3(96B) AllocSpace objects, 0(0B) LOS objects, 27% free, 41MB/57MB, paused 2.249ms total 76.368ms
08-03 19:38:18.994 24974 24986 I art     : Starting a blocking GC Explicit
08-03 19:38:19.071 24974 24986 I art     : Explicit concurrent mark sweep GC freed 3(96B) AllocSpace objects, 0(0B) LOS objects, 27% free, 41MB/57MB, paused 2.221ms total 76.476ms
08-03 19:38:19.093 24974 24986 I art     : Starting a blocking GC Explicit
08-03 19:38:19.106   518   646 I ThermalEngine: ACTION: GPU - Setting GPU[0] to 450000000
08-03 19:38:19.157 24974 24986 I art     : Explicit concurrent mark sweep GC freed 3(96B) AllocSpace objects, 0(0B) LOS objects, 27% free, 41MB/57MB, paused 1.553ms total 63.132ms
08-03 19:38:19.578 24974 27925 I art     : Starting a blocking GC Explicit
08-03 19:38:19.648 24974 27925 I art     : Explicit concurrent mark sweep GC freed 1608(92KB) AllocSpace objects, 1(20KB) LOS objects, 27% free, 41MB/57MB, paused 1.576ms total 69.379ms
08-03 19:38:19.666 24974 27925 I art     : Starting a blocking GC Explicit
08-03 19:38:19.729 24974 27925 I art     : Explicit concurrent mark sweep GC freed 1682(65KB) AllocSpace objects, 0(0B) LOS objects, 27% free, 41MB/57MB, paused 1.817ms total 63.355ms
08-03 19:38:19.744 24974 27925 I art     : Starting a blocking GC Explicit
08-03 19:38:19.773 24974 29377 E baseline.com.newsblur.network.APIResponse: Error (unexpected end of stream on https://www.newsblur.com/...) calling https://www.newsblur.com/reader/mark_story_hashes_as_read/
08-03 19:38:19.773 24974 29377 E baseline.com.newsblur.network.APIResponse: java.io.IOException: unexpected end of stream on https://www.newsblur.com/...
08-03 19:38:19.773 24974 29377 E baseline.com.newsblur.network.APIResponse: 	at okhttp3.internal.http1.Http1ExchangeCodec.readResponseHeaders(Http1ExchangeCodec.java:236)
08-03 19:38:19.773 24974 29377 E baseline.com.newsblur.network.APIResponse: 	at okhttp3.internal.connection.Exchange.readResponseHeaders(Exchange.java:115)
08-03 19:38:19.773 24974 29377 E baseline.com.newsblur.network.APIResponse: 	at okhttp3.internal.http.CallServerInterceptor.intercept(CallServerInterceptor.java:94)
08-03 19:38:19.773 24974 29377 E baseline.com.newsblur.network.APIResponse: 	at okhttp3.internal.http.RealInterceptorChain.proceed(RealInterceptorChain.java:142)
08-03 19:38:19.773 24974 29377 E baseline.com.newsblur.network.APIResponse: 	at okhttp3.internal.connection.ConnectInterceptor.intercept(ConnectInterceptor.java:43)
08-03 19:38:19.773 24974 29377 E baseline.com.newsblur.network.APIResponse: 	at okhttp3.internal.http.RealInterceptorChain.proceed(RealInterceptorChain.java:142)
08-03 19:38:19.773 24974 29377 E baseline.com.newsblur.network.APIResponse: 	at okhttp3.internal.http.RealInterceptorChain.proceed(RealInterceptorChain.java:117)
08-03 19:38:19.773 24974 29377 E baseline.com.newsblur.network.APIResponse: 	at okhttp3.internal.cache.CacheInterceptor.intercept(CacheInterceptor.java:94)
08-03 19:38:19.773 24974 29377 E baseline.com.newsblur.network.APIResponse: 	at okhttp3.internal.http.RealInterceptorChain.proceed(RealInterceptorChain.java:142)
08-03 19:38:19.773 24974 29377 E baseline.com.newsblur.network.APIResponse: 	at okhttp3.internal.http.RealInterceptorChain.proceed(RealInterceptorChain.java:117)
08-03 19:38:19.773 24974 29377 E baseline.com.newsblur.network.APIResponse: 	at okhttp3.internal.http.BridgeInterceptor.intercept(BridgeInterceptor.java:93)
08-03 19:38:19.773 24974 29377 E baseline.com.newsblur.network.APIResponse: 	at okhttp3.internal.http.RealInterceptorChain.proceed(RealInterceptorChain.java:142)
08-03 19:38:19.773 24974 29377 E baseline.com.newsblur.network.APIResponse: 	at okhttp3.internal.http.RetryAndFollowUpInterceptor.intercept(RetryAndFollowUpInterceptor.java:88)
08-03 19:38:19.773 24974 29377 E baseline.com.newsblur.network.APIResponse: 	at okhttp3.internal.http.RealInterceptorChain.proceed(RealInterceptorChain.java:142)
08-03 19:38:19.773 24974 29377 E baseline.com.newsblur.network.APIResponse: 	at okhttp3.internal.http.RealInterceptorChain.proceed(RealInterceptorChain.java:117)
08-03 19:38:19.773 24974 29377 E baseline.com.newsblur.network.APIResponse: 	at okhttp3.RealCall.getResponseWithInterceptorChain(RealCall.java:229)
08-03 19:38:19.773 24974 29377 E baseline.com.newsblur.network.APIResponse: 	at okhttp3.RealCall.execute(RealCall.java:81)
08-03 19:38:19.773 24974 29377 E baseline.com.newsblur.network.APIResponse: 	at baseline.com.newsblur.network.APIResponse.<init>(APIResponse.java:57)
08-03 19:38:19.773 24974 29377 E baseline.com.newsblur.network.APIResponse: 	at baseline.com.newsblur.network.APIResponse.<init>(APIResponse.java:43)
08-03 19:38:19.773 24974 29377 E baseline.com.newsblur.network.APIResponse: 	at baseline.com.newsblur.network.APIManager.post_single(APIManager.java:702)
08-03 19:38:19.773 24974 29377 E baseline.com.newsblur.network.APIResponse: 	at baseline.com.newsblur.network.APIManager.post(APIManager.java:675)
08-03 19:38:19.773 24974 29377 E baseline.com.newsblur.network.APIResponse: 	at baseline.com.newsblur.network.APIManager.post(APIManager.java:714)
08-03 19:38:19.773 24974 29377 E baseline.com.newsblur.network.APIResponse: 	at baseline.com.newsblur.network.APIManager.markStoryAsRead(APIManager.java:205)
08-03 19:38:19.773 24974 29377 E baseline.com.newsblur.network.APIResponse: 	at baseline.com.newsblur.util.ReadingAction.doRemote(ReadingAction.java:281)
08-03 19:38:19.773 24974 29377 E baseline.com.newsblur.network.APIResponse: 	at baseline.com.newsblur.service.NBSyncService.syncActions(NBSyncService.java:400)
08-03 19:38:19.773 24974 29377 E baseline.com.newsblur.network.APIResponse: 	at baseline.com.newsblur.service.NBSyncService.doSync(NBSyncService.java:298)
08-03 19:38:19.773 24974 29377 E baseline.com.newsblur.network.APIResponse: 	at baseline.com.newsblur.service.NBSyncService.access$100(NBSyncService.java:67)
08-03 19:38:19.773 24974 29377 E baseline.com.newsblur.network.APIResponse: 	at baseline.com.newsblur.service.NBSyncService$1.run(NBSyncService.java:188)
08-03 19:38:19.773 24974 29377 E baseline.com.newsblur.network.APIResponse: 	at java.util.concurrent.ThreadPoolExecutor.runWorker(ThreadPoolExecutor.java:1113)
08-03 19:38:19.773 24974 29377 E baseline.com.newsblur.network.APIResponse: 	at java.util.concurrent.ThreadPoolExecutor$Worker.run(ThreadPoolExecutor.java:588)
08-03 19:38:19.773 24974 29377 E baseline.com.newsblur.network.APIResponse: 	at java.lang.Thread.run(Thread.java:818)
08-03 19:38:19.773 24974 29377 E baseline.com.newsblur.network.APIResponse: Caused by: java.io.EOFException: \n not found: limit=0 content=
08-03 19:38:19.773 24974 29377 E baseline.com.newsblur.network.APIResponse: 	at okio.RealBufferedSource.readUtf8LineStrict(RealBufferedSource.java:240)
08-03 19:38:19.773 24974 29377 E baseline.com.newsblur.network.APIResponse: 	at okhttp3.internal.http1.Http1ExchangeCodec.readHeaderLine(Http1ExchangeCodec.java:242)
08-03 19:38:19.773 24974 29377 E baseline.com.newsblur.network.APIResponse: 	at okhttp3.internal.http1.Http1ExchangeCodec.readResponseHeaders(Http1ExchangeCodec.java:213)
08-03 19:38:19.773 24974 29377 E baseline.com.newsblur.network.APIResponse: 	... 30 more
08-03 19:38:19.775 24974 29377 I baseline.com.newsblur.service.NBSyncService: Holding reading action with server-side or network error.
08-03 19:38:19.785 24974 29377 W baseline.com.newsblur.service.NBSyncService: hard API failure
08-03 19:38:19.808 24974 27925 I art     : Explicit concurrent mark sweep GC freed 1190(244KB) AllocSpace objects, 4(80KB) LOS objects, 27% free, 42MB/58MB, paused 1.655ms total 63.418ms
08-03 19:38:19.823 24974 27925 I art     : Starting a blocking GC Explicit
08-03 19:38:19.890 24974 27925 I art     : Explicit concurrent mark sweep GC freed 154(18KB) AllocSpace objects, 0(0B) LOS objects, 27% free, 41MB/57MB, paused 1.694ms total 67.170ms
08-03 19:38:19.906 24974 27925 I art     : Starting a blocking GC Explicit
08-03 19:38:19.971 24974 27925 I art     : Explicit concurrent mark sweep GC freed 25(832B) AllocSpace objects, 0(0B) LOS objects, 27% free, 41MB/57MB, paused 1.611ms total 64.796ms
08-03 19:38:20.266 24974 29377 E baseline.com.newsblur.network.APIResponse: Error (unexpected end of stream on https://www.newsblur.com/...) calling https://www.newsblur.com/reader/mark_story_hashes_as_read/
08-03 19:38:20.266 24974 29377 E baseline.com.newsblur.network.APIResponse: java.io.IOException: unexpected end of stream on https://www.newsblur.com/...
08-03 19:38:20.266 24974 29377 E baseline.com.newsblur.network.APIResponse: 	at okhttp3.internal.http1.Http1ExchangeCodec.readResponseHeaders(Http1ExchangeCodec.java:236)
08-03 19:38:20.266 24974 29377 E baseline.com.newsblur.network.APIResponse: 	at okhttp3.internal.connection.Exchange.readResponseHeaders(Exchange.java:115)
08-03 19:38:20.266 24974 29377 E baseline.com.newsblur.network.APIResponse: 	at okhttp3.internal.http.CallServerInterceptor.intercept(CallServerInterceptor.java:94)
08-03 19:38:20.266 24974 29377 E baseline.com.newsblur.network.APIResponse: 	at okhttp3.internal.http.RealInterceptorChain.proceed(RealInterceptorChain.java:142)
08-03 19:38:20.266 24974 29377 E baseline.com.newsblur.network.APIResponse: 	at okhttp3.internal.connection.ConnectInterceptor.intercept(ConnectInterceptor.java:43)
08-03 19:38:20.266 24974 29377 E baseline.com.newsblur.network.APIResponse: 	at okhttp3.internal.http.RealInterceptorChain.proceed(RealInterceptorChain.java:142)
08-03 19:38:20.266 24974 29377 E baseline.com.newsblur.network.APIResponse: 	at okhttp3.internal.http.RealInterceptorChain.proceed(RealInterceptorChain.java:117)
08-03 19:38:20.266 24974 29377 E baseline.com.newsblur.network.APIResponse: 	at okhttp3.internal.cache.CacheInterceptor.intercept(CacheInterceptor.java:94)
08-03 19:38:20.266 24974 29377 E baseline.com.newsblur.network.APIResponse: 	at okhttp3.internal.http.RealInterceptorChain.proceed(RealInterceptorChain.java:142)
08-03 19:38:20.266 24974 29377 E baseline.com.newsblur.network.APIResponse: 	at okhttp3.internal.http.RealInterceptorChain.proceed(RealInterceptorChain.java:117)
08-03 19:38:20.266 24974 29377 E baseline.com.newsblur.network.APIResponse: 	at okhttp3.internal.http.BridgeInterceptor.intercept(BridgeInterceptor.java:93)
08-03 19:38:20.266 24974 29377 E baseline.com.newsblur.network.APIResponse: 	at okhttp3.internal.http.RealInterceptorChain.proceed(RealInterceptorChain.java:142)
08-03 19:38:20.266 24974 29377 E baseline.com.newsblur.network.APIResponse: 	at okhttp3.internal.http.RetryAndFollowUpInterceptor.intercept(RetryAndFollowUpInterceptor.java:88)
08-03 19:38:20.266 24974 29377 E baseline.com.newsblur.network.APIResponse: 	at okhttp3.internal.http.RealInterceptorChain.proceed(RealInterceptorChain.java:142)
08-03 19:38:20.266 24974 29377 E baseline.com.newsblur.network.APIResponse: 	at okhttp3.internal.http.RealInterceptorChain.proceed(RealInterceptorChain.java:117)
08-03 19:38:20.266 24974 29377 E baseline.com.newsblur.network.APIResponse: 	at okhttp3.RealCall.getResponseWithInterceptorChain(RealCall.java:229)
08-03 19:38:20.266 24974 29377 E baseline.com.newsblur.network.APIResponse: 	at okhttp3.RealCall.execute(RealCall.java:81)
08-03 19:38:20.266 24974 29377 E baseline.com.newsblur.network.APIResponse: 	at baseline.com.newsblur.network.APIResponse.<init>(APIResponse.java:57)
08-03 19:38:20.266 24974 29377 E baseline.com.newsblur.network.APIResponse: 	at baseline.com.newsblur.network.APIResponse.<init>(APIResponse.java:43)
08-03 19:38:20.266 24974 29377 E baseline.com.newsblur.network.APIResponse: 	at baseline.com.newsblur.network.APIManager.post_single(APIManager.java:702)
08-03 19:38:20.266 24974 29377 E baseline.com.newsblur.network.APIResponse: 	at baseline.com.newsblur.network.APIManager.post(APIManager.java:675)
08-03 19:38:20.266 24974 29377 E baseline.com.newsblur.network.APIResponse: 	at baseline.com.newsblur.network.APIManager.post(APIManager.java:714)
08-03 19:38:20.266 24974 29377 E baseline.com.newsblur.network.APIResponse: 	at baseline.com.newsblur.network.APIManager.markStoryAsRead(APIManager.java:205)
08-03 19:38:20.266 24974 29377 E baseline.com.newsblur.network.APIResponse: 	at baseline.com.newsblur.util.ReadingAction.doRemote(ReadingAction.java:281)
08-03 19:38:20.266 24974 29377 E baseline.com.newsblur.network.APIResponse: 	at baseline.com.newsblur.service.NBSyncService.syncActions(NBSyncService.java:400)
08-03 19:38:20.266 24974 29377 E baseline.com.newsblur.network.APIResponse: 	at baseline.com.newsblur.service.NBSyncService.doSync(NBSyncService.java:298)
08-03 19:38:20.266 24974 29377 E baseline.com.newsblur.network.APIResponse: 	at baseline.com.newsblur.service.NBSyncService.access$100(NBSyncService.java:67)
08-03 19:38:20.266 24974 29377 E baseline.com.newsblur.network.APIResponse: 	at baseline.com.newsblur.service.NBSyncService$1.run(NBSyncService.java:188)
08-03 19:38:20.266 24974 29377 E baseline.com.newsblur.network.APIResponse: 	at java.util.concurrent.ThreadPoolExecutor.runWorker(ThreadPoolExecutor.java:1113)
08-03 19:38:20.266 24974 29377 E baseline.com.newsblur.network.APIResponse: 	at java.util.concurrent.ThreadPoolExecutor$Worker.run(ThreadPoolExecutor.java:588)
08-03 19:38:20.266 24974 29377 E baseline.com.newsblur.network.APIResponse: 	at java.lang.Thread.run(Thread.java:818)
08-03 19:38:20.266 24974 29377 E baseline.com.newsblur.network.APIResponse: Caused by: java.io.EOFException: \n not found: limit=0 content=
08-03 19:38:20.266 24974 29377 E baseline.com.newsblur.network.APIResponse: 	at okio.RealBufferedSource.readUtf8LineStrict(RealBufferedSource.java:240)
08-03 19:38:20.266 24974 29377 E baseline.com.newsblur.network.APIResponse: 	at okhttp3.internal.http1.Http1ExchangeCodec.readHeaderLine(Http1ExchangeCodec.java:242)
08-03 19:38:20.266 24974 29377 E baseline.com.newsblur.network.APIResponse: 	at okhttp3.internal.http1.Http1ExchangeCodec.readResponseHeaders(Http1ExchangeCodec.java:213)
08-03 19:38:20.266 24974 29377 E baseline.com.newsblur.network.APIResponse: 	... 30 more
08-03 19:38:20.268 24974 29377 I baseline.com.newsblur.network.APIManager: API call failed, pausing before retry number 1
08-03 19:38:20.384 24974 24985 I art     : Starting a blocking GC Explicit
08-03 19:38:20.451 24974 24985 I art     : Explicit concurrent mark sweep GC freed 3950(357KB) AllocSpace objects, 3(60KB) LOS objects, 27% free, 41MB/57MB, paused 1.567ms total 66.920ms
08-03 19:38:20.466 24974 24985 I art     : Starting a blocking GC Explicit
08-03 19:38:20.537 24974 24985 I art     : Explicit concurrent mark sweep GC freed 109(3KB) AllocSpace objects, 0(0B) LOS objects, 27% free, 41MB/57MB, paused 1.644ms total 69.913ms
08-03 19:38:20.555 24974 24985 I art     : Starting a blocking GC Explicit
08-03 19:38:20.619 24974 24985 I art     : Explicit concurrent mark sweep GC freed 3(96B) AllocSpace objects, 0(0B) LOS objects, 27% free, 41MB/57MB, paused 1.664ms total 62.934ms
08-03 19:38:20.634 24974 24985 I art     : Starting a blocking GC Explicit
08-03 19:38:20.699 24974 24985 I art     : Explicit concurrent mark sweep GC freed 3(96B) AllocSpace objects, 0(0B) LOS objects, 27% free, 41MB/57MB, paused 1.520ms total 65.492ms
08-03 19:38:20.714 24974 24985 I art     : Starting a blocking GC Explicit
08-03 19:38:20.778 24974 24985 I art     : Explicit concurrent mark sweep GC freed 3(96B) AllocSpace objects, 0(0B) LOS objects, 27% free, 41MB/57MB, paused 1.620ms total 63.455ms
08-03 19:38:21.191 24974 29343 I art     : Starting a blocking GC Explicit
08-03 19:38:21.255 24974 29343 I art     : Explicit concurrent mark sweep GC freed 1439(84KB) AllocSpace objects, 1(20KB) LOS objects, 27% free, 41MB/57MB, paused 1.431ms total 63.041ms
08-03 19:38:21.270 24974 29343 I art     : Starting a blocking GC Explicit
08-03 19:38:21.335 24974 29343 I art     : Explicit concurrent mark sweep GC freed 22(784B) AllocSpace objects, 0(0B) LOS objects, 27% free, 41MB/57MB, paused 1.568ms total 64.710ms
08-03 19:38:21.350 24974 29343 I art     : Starting a blocking GC Explicit
08-03 19:38:21.417 24974 29343 I art     : Explicit concurrent mark sweep GC freed 3(96B) AllocSpace objects, 0(0B) LOS objects, 27% free, 41MB/57MB, paused 1.673ms total 66.790ms
08-03 19:38:21.432 24974 29343 I art     : Starting a blocking GC Explicit
08-03 19:38:21.499 24974 29343 I art     : Explicit concurrent mark sweep GC freed 3(96B) AllocSpace objects, 0(0B) LOS objects, 27% free, 41MB/57MB, paused 1.765ms total 66.539ms
08-03 19:38:21.517 24974 29343 I art     : Starting a blocking GC Explicit
08-03 19:38:21.582 24974 29343 I art     : Explicit concurrent mark sweep GC freed 3(96B) AllocSpace objects, 0(0B) LOS objects, 27% free, 41MB/57MB, paused 1.607ms total 64.455ms
08-03 19:38:22.012 24974 27629 I art     : Starting a blocking GC Explicit
08-03 19:38:22.077 24974 27629 I art     : Explicit concurrent mark sweep GC freed 1604(91KB) AllocSpace objects, 1(20KB) LOS objects, 27% free, 41MB/57MB, paused 1.606ms total 65.149ms
08-03 19:38:22.095 24974 27629 I art     : Starting a blocking GC Explicit
08-03 19:38:22.161 24974 27629 I art     : Explicit concurrent mark sweep GC freed 28(1040B) AllocSpace objects, 0(0B) LOS objects, 27% free, 41MB/57MB, paused 1.655ms total 64.877ms
08-03 19:38:22.176 24974 27629 I art     : Starting a blocking GC Explicit
08-03 19:38:22.239 24974 27629 I art     : Explicit concurrent mark sweep GC freed 3(96B) AllocSpace objects, 0(0B) LOS objects, 27% free, 41MB/57MB, paused 1.762ms total 63.105ms
08-03 19:38:22.254 24974 27629 I art     : Starting a blocking GC Explicit
08-03 19:38:22.320 24974 27629 I art     : Explicit concurrent mark sweep GC freed 1690(65KB) AllocSpace objects, 0(0B) LOS objects, 27% free, 41MB/57MB, paused 1.621ms total 66.014ms
08-03 19:38:22.323 24974 29377 E baseline.com.newsblur.network.APIResponse: Error (unexpected end of stream on https://www.newsblur.com/...) calling https://www.newsblur.com/reader/mark_story_hashes_as_read/
08-03 19:38:22.323 24974 29377 E baseline.com.newsblur.network.APIResponse: java.io.IOException: unexpected end of stream on https://www.newsblur.com/...
08-03 19:38:22.323 24974 29377 E baseline.com.newsblur.network.APIResponse: 	at okhttp3.internal.http1.Http1ExchangeCodec.readResponseHeaders(Http1ExchangeCodec.java:236)
08-03 19:38:22.323 24974 29377 E baseline.com.newsblur.network.APIResponse: 	at okhttp3.internal.connection.Exchange.readResponseHeaders(Exchange.java:115)
08-03 19:38:22.323 24974 29377 E baseline.com.newsblur.network.APIResponse: 	at okhttp3.internal.http.CallServerInterceptor.intercept(CallServerInterceptor.java:94)
08-03 19:38:22.323 24974 29377 E baseline.com.newsblur.network.APIResponse: 	at okhttp3.internal.http.RealInterceptorChain.proceed(RealInterceptorChain.java:142)
08-03 19:38:22.323 24974 29377 E baseline.com.newsblur.network.APIResponse: 	at okhttp3.internal.connection.ConnectInterceptor.intercept(ConnectInterceptor.java:43)
08-03 19:38:22.323 24974 29377 E baseline.com.newsblur.network.APIResponse: 	at okhttp3.internal.http.RealInterceptorChain.proceed(RealInterceptorChain.java:142)
08-03 19:38:22.323 24974 29377 E baseline.com.newsblur.network.APIResponse: 	at okhttp3.internal.http.RealInterceptorChain.proceed(RealInterceptorChain.java:117)
08-03 19:38:22.323 24974 29377 E baseline.com.newsblur.network.APIResponse: 	at okhttp3.internal.cache.CacheInterceptor.intercept(CacheInterceptor.java:94)
08-03 19:38:22.323 24974 29377 E baseline.com.newsblur.network.APIResponse: 	at okhttp3.internal.http.RealInterceptorChain.proceed(RealInterceptorChain.java:142)
08-03 19:38:22.323 24974 29377 E baseline.com.newsblur.network.APIResponse: 	at okhttp3.internal.http.RealInterceptorChain.proceed(RealInterceptorChain.java:117)
08-03 19:38:22.323 24974 29377 E baseline.com.newsblur.network.APIResponse: 	at okhttp3.internal.http.BridgeInterceptor.intercept(BridgeInterceptor.java:93)
08-03 19:38:22.323 24974 29377 E baseline.com.newsblur.network.APIResponse: 	at okhttp3.internal.http.RealInterceptorChain.proceed(RealInterceptorChain.java:142)
08-03 19:38:22.323 24974 29377 E baseline.com.newsblur.network.APIResponse: 	at okhttp3.internal.http.RetryAndFollowUpInterceptor.intercept(RetryAndFollowUpInterceptor.java:88)
08-03 19:38:22.323 24974 29377 E baseline.com.newsblur.network.APIResponse: 	at okhttp3.internal.http.RealInterceptorChain.proceed(RealInterceptorChain.java:142)
08-03 19:38:22.323 24974 29377 E baseline.com.newsblur.network.APIResponse: 	at okhttp3.internal.http.RealInterceptorChain.proceed(RealInterceptorChain.java:117)
08-03 19:38:22.323 24974 29377 E baseline.com.newsblur.network.APIResponse: 	at okhttp3.RealCall.getResponseWithInterceptorChain(RealCall.java:229)
08-03 19:38:22.323 24974 29377 E baseline.com.newsblur.network.APIResponse: 	at okhttp3.RealCall.execute(RealCall.java:81)
08-03 19:38:22.323 24974 29377 E baseline.com.newsblur.network.APIResponse: 	at baseline.com.newsblur.network.APIResponse.<init>(APIResponse.java:57)
08-03 19:38:22.323 24974 29377 E baseline.com.newsblur.network.APIResponse: 	at baseline.com.newsblur.network.APIResponse.<init>(APIResponse.java:43)
08-03 19:38:22.323 24974 29377 E baseline.com.newsblur.network.APIResponse: 	at baseline.com.newsblur.network.APIManager.post_single(APIManager.java:702)
08-03 19:38:22.323 24974 29377 E baseline.com.newsblur.network.APIResponse: 	at baseline.com.newsblur.network.APIManager.post(APIManager.java:675)
08-03 19:38:22.323 24974 29377 E baseline.com.newsblur.network.APIResponse: 	at baseline.com.newsblur.network.APIManager.post(APIManager.java:714)
08-03 19:38:22.323 24974 29377 E baseline.com.newsblur.network.APIResponse: 	at baseline.com.newsblur.network.APIManager.markStoryAsRead(APIManager.java:205)
08-03 19:38:22.323 24974 29377 E baseline.com.newsblur.network.APIResponse: 	at baseline.com.newsblur.util.ReadingAction.doRemote(ReadingAction.java:281)
08-03 19:38:22.323 24974 29377 E baseline.com.newsblur.network.APIResponse: 	at baseline.com.newsblur.service.NBSyncService.syncActions(NBSyncService.java:400)
08-03 19:38:22.323 24974 29377 E baseline.com.newsblur.network.APIResponse: 	at baseline.com.newsblur.service.NBSyncService.doSync(NBSyncService.java:298)
08-03 19:38:22.323 24974 29377 E baseline.com.newsblur.network.APIResponse: 	at baseline.com.newsblur.service.NBSyncService.access$100(NBSyncService.java:67)
08-03 19:38:22.323 24974 29377 E baseline.com.newsblur.network.APIResponse: 	at baseline.com.newsblur.service.NBSyncService$1.run(NBSyncService.java:188)
08-03 19:38:22.323 24974 29377 E baseline.com.newsblur.network.APIResponse: 	at java.util.concurrent.ThreadPoolExecutor.runWorker(ThreadPoolExecutor.java:1113)
08-03 19:38:22.323 24974 29377 E baseline.com.newsblur.network.APIResponse: 	at java.util.concurrent.ThreadPoolExecutor$Worker.run(ThreadPoolExecutor.java:588)
08-03 19:38:22.323 24974 29377 E baseline.com.newsblur.network.APIResponse: 	at java.lang.Thread.run(Thread.java:818)
08-03 19:38:22.323 24974 29377 E baseline.com.newsblur.network.APIResponse: Caused by: java.io.EOFException: \n not found: limit=0 content=
08-03 19:38:22.323 24974 29377 E baseline.com.newsblur.network.APIResponse: 	at okio.RealBufferedSource.readUtf8LineStrict(RealBufferedSource.java:240)
08-03 19:38:22.323 24974 29377 E baseline.com.newsblur.network.APIResponse: 	at okhttp3.internal.http1.Http1ExchangeCodec.readHeaderLine(Http1ExchangeCodec.java:242)
08-03 19:38:22.323 24974 29377 E baseline.com.newsblur.network.APIResponse: 	at okhttp3.internal.http1.Http1ExchangeCodec.readResponseHeaders(Http1ExchangeCodec.java:213)
08-03 19:38:22.323 24974 29377 E baseline.com.newsblur.network.APIResponse: 	... 30 more
08-03 19:38:22.325 24974 29377 I baseline.com.newsblur.network.APIManager: API call failed, pausing before retry number 2
08-03 19:38:22.336 24974 27629 I art     : Starting a blocking GC Explicit
08-03 19:38:22.403 24974 27629 I art     : Explicit concurrent mark sweep GC freed 867(210KB) AllocSpace objects, 2(40KB) LOS objects, 27% free, 41MB/57MB, paused 1.660ms total 66.656ms
08-03 19:38:22.805 24974 24986 I art     : Starting a blocking GC Explicit
08-03 19:38:22.872 24974 24986 I art     : Explicit concurrent mark sweep GC freed 1482(84KB) AllocSpace objects, 1(20KB) LOS objects, 27% free, 41MB/57MB, paused 1.680ms total 66.678ms
08-03 19:38:22.873 24974 24984 I art     : WaitForGcToComplete blocked for 17.298ms for cause HeapTrim
08-03 19:38:22.888 24974 24986 I art     : Starting a blocking GC Explicit
08-03 19:38:22.956 24974 24986 I art     : Explicit concurrent mark sweep GC freed 22(784B) AllocSpace objects, 0(0B) LOS objects, 27% free, 41MB/57MB, paused 1.519ms total 67.247ms
08-03 19:38:22.971 24974 24986 I art     : Starting a blocking GC Explicit
08-03 19:38:23.040 24974 24986 I art     : Explicit concurrent mark sweep GC freed 3(96B) AllocSpace objects, 0(0B) LOS objects, 27% free, 41MB/57MB, paused 1.670ms total 68.764ms
08-03 19:38:23.058 24974 24986 I art     : Starting a blocking GC Explicit
08-03 19:38:23.124 24974 24986 I art     : Explicit concurrent mark sweep GC freed 3(96B) AllocSpace objects, 0(0B) LOS objects, 27% free, 41MB/57MB, paused 1.628ms total 65.204ms
08-03 19:38:23.139 24974 24986 I art     : Starting a blocking GC Explicit
08-03 19:38:23.208 24974 24986 I art     : Explicit concurrent mark sweep GC freed 3(96B) AllocSpace objects, 0(0B) LOS objects, 27% free, 41MB/57MB, paused 1.690ms total 68.507ms
08-03 19:38:23.635 24974 27925 I art     : Starting a blocking GC Explicit
08-03 19:38:23.705 24974 27925 I art     : Explicit concurrent mark sweep GC freed 1438(82KB) AllocSpace objects, 1(20KB) LOS objects, 27% free, 41MB/57MB, paused 1.578ms total 70.364ms
08-03 19:38:23.723 24974 27925 I art     : Starting a blocking GC Explicit
08-03 19:38:23.789 24974 27925 I art     : Explicit concurrent mark sweep GC freed 22(784B) AllocSpace objects, 0(0B) LOS objects, 27% free, 41MB/57MB, paused 1.667ms total 65.490ms
08-03 19:38:23.804 24974 27925 I art     : Starting a blocking GC Explicit
08-03 19:38:23.868 24974 27925 I art     : Explicit concurrent mark sweep GC freed 3(96B) AllocSpace objects, 0(0B) LOS objects, 27% free, 41MB/57MB, paused 1.746ms total 64.372ms
08-03 19:38:23.883 24974 27925 I art     : Starting a blocking GC Explicit
08-03 19:38:23.950 24974 27925 I art     : Explicit concurrent mark sweep GC freed 3(96B) AllocSpace objects, 0(0B) LOS objects, 27% free, 41MB/57MB, paused 1.636ms total 66.265ms
08-03 19:38:23.967 24974 27925 I art     : Starting a blocking GC Explicit
08-03 19:38:24.032 24974 27925 I art     : Explicit concurrent mark sweep GC freed 3(96B) AllocSpace objects, 0(0B) LOS objects, 27% free, 41MB/57MB, paused 1.766ms total 65.473ms
08-03 19:38:24.445 24974 24985 I art     : Starting a blocking GC Explicit
08-03 19:38:24.513 24974 24985 I art     : Explicit concurrent mark sweep GC freed 1438(82KB) AllocSpace objects, 1(20KB) LOS objects, 27% free, 41MB/57MB, paused 1.638ms total 68.052ms
08-03 19:38:24.531 24974 24985 I art     : Starting a blocking GC Explicit
08-03 19:38:24.595 24974 24985 I art     : Explicit concurrent mark sweep GC freed 22(784B) AllocSpace objects, 0(0B) LOS objects, 27% free, 41MB/57MB, paused 1.501ms total 64.453ms
08-03 19:38:24.610 24974 24985 I art     : Starting a blocking GC Explicit
08-03 19:38:24.677 24974 24985 I art     : Explicit concurrent mark sweep GC freed 3(96B) AllocSpace objects, 0(0B) LOS objects, 27% free, 41MB/57MB, paused 1.453ms total 66.066ms
08-03 19:38:24.692 24974 24985 I art     : Starting a blocking GC Explicit
08-03 19:38:24.757 24974 24985 I art     : Explicit concurrent mark sweep GC freed 3(96B) AllocSpace objects, 0(0B) LOS objects, 27% free, 41MB/57MB, paused 1.608ms total 64.933ms
08-03 19:38:24.772 24974 24985 I art     : Starting a blocking GC Explicit
08-03 19:38:24.840 24974 24985 I art     : Explicit concurrent mark sweep GC freed 3(96B) AllocSpace objects, 0(0B) LOS objects, 27% free, 41MB/57MB, paused 1.493ms total 66.979ms
08-03 19:38:25.237 24974 29343 I art     : Starting a blocking GC Explicit
08-03 19:38:25.309 24974 29343 I art     : Explicit concurrent mark sweep GC freed 1439(82KB) AllocSpace objects, 1(20KB) LOS objects, 27% free, 41MB/57MB, paused 1.736ms total 70.830ms
08-03 19:38:25.326 24974 29343 I art     : Starting a blocking GC Explicit
08-03 19:38:25.390 24974 29343 I art     : Explicit concurrent mark sweep GC freed 113(4KB) AllocSpace objects, 0(0B) LOS objects, 27% free, 41MB/57MB, paused 1.709ms total 63.714ms
08-03 19:38:25.405 24974 29343 I art     : Starting a blocking GC Explicit
08-03 19:38:25.473 24974 29343 I art     : Explicit concurrent mark sweep GC freed 74(4KB) AllocSpace objects, 0(0B) LOS objects, 27% free, 41MB/57MB, paused 1.723ms total 67.882ms
08-03 19:38:25.489 24974 29343 I art     : Starting a blocking GC Explicit
08-03 19:38:25.556 24974 29343 I art     : Explicit concurrent mark sweep GC freed 12(1408B) AllocSpace objects, 0(0B) LOS objects, 27% free, 41MB/57MB, paused 1.711ms total 67.080ms
08-03 19:38:25.572 24974 29343 I art     : Starting a blocking GC Explicit
08-03 19:38:25.639 24974 29343 I art     : Explicit concurrent mark sweep GC freed 3(96B) AllocSpace objects, 0(0B) LOS objects, 27% free, 41MB/57MB, paused 1.767ms total 66.752ms
08-03 19:38:25.894 24974 29377 E baseline.com.newsblur.network.APIResponse: Error (unexpected end of stream on https://www.newsblur.com/...) calling https://www.newsblur.com/reader/mark_story_hashes_as_read/
08-03 19:38:25.894 24974 29377 E baseline.com.newsblur.network.APIResponse: java.io.IOException: unexpected end of stream on https://www.newsblur.com/...
08-03 19:38:25.894 24974 29377 E baseline.com.newsblur.network.APIResponse: 	at okhttp3.internal.http1.Http1ExchangeCodec.readResponseHeaders(Http1ExchangeCodec.java:236)
08-03 19:38:25.894 24974 29377 E baseline.com.newsblur.network.APIResponse: 	at okhttp3.internal.connection.Exchange.readResponseHeaders(Exchange.java:115)
08-03 19:38:25.894 24974 29377 E baseline.com.newsblur.network.APIResponse: 	at okhttp3.internal.http.CallServerInterceptor.intercept(CallServerInterceptor.java:94)
08-03 19:38:25.894 24974 29377 E baseline.com.newsblur.network.APIResponse: 	at okhttp3.internal.http.RealInterceptorChain.proceed(RealInterceptorChain.java:142)
08-03 19:38:25.894 24974 29377 E baseline.com.newsblur.network.APIResponse: 	at okhttp3.internal.connection.ConnectInterceptor.intercept(ConnectInterceptor.java:43)
08-03 19:38:25.894 24974 29377 E baseline.com.newsblur.network.APIResponse: 	at okhttp3.internal.http.RealInterceptorChain.proceed(RealInterceptorChain.java:142)
08-03 19:38:25.894 24974 29377 E baseline.com.newsblur.network.APIResponse: 	at okhttp3.internal.http.RealInterceptorChain.proceed(RealInterceptorChain.java:117)
08-03 19:38:25.894 24974 29377 E baseline.com.newsblur.network.APIResponse: 	at okhttp3.internal.cache.CacheInterceptor.intercept(CacheInterceptor.java:94)
08-03 19:38:25.894 24974 29377 E baseline.com.newsblur.network.APIResponse: 	at okhttp3.internal.http.RealInterceptorChain.proceed(RealInterceptorChain.java:142)
08-03 19:38:25.894 24974 29377 E baseline.com.newsblur.network.APIResponse: 	at okhttp3.internal.http.RealInterceptorChain.proceed(RealInterceptorChain.java:117)
08-03 19:38:25.894 24974 29377 E baseline.com.newsblur.network.APIResponse: 	at okhttp3.internal.http.BridgeInterceptor.intercept(BridgeInterceptor.java:93)
08-03 19:38:25.894 24974 29377 E baseline.com.newsblur.network.APIResponse: 	at okhttp3.internal.http.RealInterceptorChain.proceed(RealInterceptorChain.java:142)
08-03 19:38:25.894 24974 29377 E baseline.com.newsblur.network.APIResponse: 	at okhttp3.internal.http.RetryAndFollowUpInterceptor.intercept(RetryAndFollowUpInterceptor.java:88)
08-03 19:38:25.894 24974 29377 E baseline.com.newsblur.network.APIResponse: 	at okhttp3.internal.http.RealInterceptorChain.proceed(RealInterceptorChain.java:142)
08-03 19:38:25.894 24974 29377 E baseline.com.newsblur.network.APIResponse: 	at okhttp3.internal.http.RealInterceptorChain.proceed(RealInterceptorChain.java:117)
08-03 19:38:25.894 24974 29377 E baseline.com.newsblur.network.APIResponse: 	at okhttp3.RealCall.getResponseWithInterceptorChain(RealCall.java:229)
08-03 19:38:25.894 24974 29377 E baseline.com.newsblur.network.APIResponse: 	at okhttp3.RealCall.execute(RealCall.java:81)
08-03 19:38:25.894 24974 29377 E baseline.com.newsblur.network.APIResponse: 	at baseline.com.newsblur.network.APIResponse.<init>(APIResponse.java:57)
08-03 19:38:25.894 24974 29377 E baseline.com.newsblur.network.APIResponse: 	at baseline.com.newsblur.network.APIResponse.<init>(APIResponse.java:43)
08-03 19:38:25.894 24974 29377 E baseline.com.newsblur.network.APIResponse: 	at baseline.com.newsblur.network.APIManager.post_single(APIManager.java:702)
08-03 19:38:25.894 24974 29377 E baseline.com.newsblur.network.APIResponse: 	at baseline.com.newsblur.network.APIManager.post(APIManager.java:675)
08-03 19:38:25.894 24974 29377 E baseline.com.newsblur.network.APIResponse: 	at baseline.com.newsblur.network.APIManager.post(APIManager.java:714)
08-03 19:38:25.894 24974 29377 E baseline.com.newsblur.network.APIResponse: 	at baseline.com.newsblur.network.APIManager.markStoryAsRead(APIManager.java:205)
08-03 19:38:25.894 24974 29377 E baseline.com.newsblur.network.APIResponse: 	at baseline.com.newsblur.util.ReadingAction.doRemote(ReadingAction.java:281)
08-03 19:38:25.894 24974 29377 E baseline.com.newsblur.network.APIResponse: 	at baseline.com.newsblur.service.NBSyncService.syncActions(NBSyncService.java:400)
08-03 19:38:25.894 24974 29377 E baseline.com.newsblur.network.APIResponse: 	at baseline.com.newsblur.service.NBSyncService.doSync(NBSyncService.java:298)
08-03 19:38:25.894 24974 29377 E baseline.com.newsblur.network.APIResponse: 	at baseline.com.newsblur.service.NBSyncService.access$100(NBSyncService.java:67)
08-03 19:38:25.894 24974 29377 E baseline.com.newsblur.network.APIResponse: 	at baseline.com.newsblur.service.NBSyncService$1.run(NBSyncService.java:188)
08-03 19:38:25.894 24974 29377 E baseline.com.newsblur.network.APIResponse: 	at java.util.concurrent.ThreadPoolExecutor.runWorker(ThreadPoolExecutor.java:1113)
08-03 19:38:25.894 24974 29377 E baseline.com.newsblur.network.APIResponse: 	at java.util.concurrent.ThreadPoolExecutor$Worker.run(ThreadPoolExecutor.java:588)
08-03 19:38:25.894 24974 29377 E baseline.com.newsblur.network.APIResponse: 	at java.lang.Thread.run(Thread.java:818)
08-03 19:38:25.894 24974 29377 E baseline.com.newsblur.network.APIResponse: Caused by: java.io.EOFException: \n not found: limit=0 content=
08-03 19:38:25.894 24974 29377 E baseline.com.newsblur.network.APIResponse: 	at okio.RealBufferedSource.readUtf8LineStrict(RealBufferedSource.java:240)
08-03 19:38:25.894 24974 29377 E baseline.com.newsblur.network.APIResponse: 	at okhttp3.internal.http1.Http1ExchangeCodec.readHeaderLine(Http1ExchangeCodec.java:242)
08-03 19:38:25.894 24974 29377 E baseline.com.newsblur.network.APIResponse: 	at okhttp3.internal.http1.Http1ExchangeCodec.readResponseHeaders(Http1ExchangeCodec.java:213)
08-03 19:38:25.894 24974 29377 E baseline.com.newsblur.network.APIResponse: 	... 30 more
08-03 19:38:25.896 24974 29377 I baseline.com.newsblur.service.NBSyncService: Holding reading action with server-side or network error.
08-03 19:38:25.910 24974 29377 W baseline.com.newsblur.service.NBSyncService: hard API failure
08-03 19:38:26.015 24974 27629 I art     : Starting a blocking GC Explicit
08-03 19:38:26.080 24974 27629 I art     : Explicit concurrent mark sweep GC freed 4344(406KB) AllocSpace objects, 5(100KB) LOS objects, 27% free, 41MB/57MB, paused 1.782ms total 64.747ms
08-03 19:38:26.095 24974 27629 I art     : Starting a blocking GC Explicit
08-03 19:38:26.160 24974 27629 I art     : Explicit concurrent mark sweep GC freed 129(4KB) AllocSpace objects, 0(0B) LOS objects, 27% free, 41MB/57MB, paused 1.688ms total 64.293ms
08-03 19:38:26.175 24974 27629 I art     : Starting a blocking GC Explicit
08-03 19:38:26.237 24974 27629 I art     : Explicit concurrent mark sweep GC freed 3(96B) AllocSpace objects, 0(0B) LOS objects, 27% free, 41MB/57MB, paused 1.889ms total 61.790ms
08-03 19:38:26.252 24974 27629 I art     : Starting a blocking GC Explicit
08-03 19:38:26.306 24974 27629 I art     : Explicit concurrent mark sweep GC freed 1664(65KB) AllocSpace objects, 0(0B) LOS objects, 27% free, 41MB/57MB, paused 1.547ms total 53.998ms
08-03 19:38:26.308 24974 29377 E baseline.com.newsblur.network.APIResponse: Error (unexpected end of stream on https://www.newsblur.com/...) calling https://www.newsblur.com/reader/mark_story_hashes_as_read/
08-03 19:38:26.308 24974 29377 E baseline.com.newsblur.network.APIResponse: java.io.IOException: unexpected end of stream on https://www.newsblur.com/...
08-03 19:38:26.308 24974 29377 E baseline.com.newsblur.network.APIResponse: 	at okhttp3.internal.http1.Http1ExchangeCodec.readResponseHeaders(Http1ExchangeCodec.java:236)
08-03 19:38:26.308 24974 29377 E baseline.com.newsblur.network.APIResponse: 	at okhttp3.internal.connection.Exchange.readResponseHeaders(Exchange.java:115)
08-03 19:38:26.308 24974 29377 E baseline.com.newsblur.network.APIResponse: 	at okhttp3.internal.http.CallServerInterceptor.intercept(CallServerInterceptor.java:94)
08-03 19:38:26.308 24974 29377 E baseline.com.newsblur.network.APIResponse: 	at okhttp3.internal.http.RealInterceptorChain.proceed(RealInterceptorChain.java:142)
08-03 19:38:26.308 24974 29377 E baseline.com.newsblur.network.APIResponse: 	at okhttp3.internal.connection.ConnectInterceptor.intercept(ConnectInterceptor.java:43)
08-03 19:38:26.308 24974 29377 E baseline.com.newsblur.network.APIResponse: 	at okhttp3.internal.http.RealInterceptorChain.proceed(RealInterceptorChain.java:142)
08-03 19:38:26.308 24974 29377 E baseline.com.newsblur.network.APIResponse: 	at okhttp3.internal.http.RealInterceptorChain.proceed(RealInterceptorChain.java:117)
08-03 19:38:26.308 24974 29377 E baseline.com.newsblur.network.APIResponse: 	at okhttp3.internal.cache.CacheInterceptor.intercept(CacheInterceptor.java:94)
08-03 19:38:26.308 24974 29377 E baseline.com.newsblur.network.APIResponse: 	at okhttp3.internal.http.RealInterceptorChain.proceed(RealInterceptorChain.java:142)
08-03 19:38:26.308 24974 29377 E baseline.com.newsblur.network.APIResponse: 	at okhttp3.internal.http.RealInterceptorChain.proceed(RealInterceptorChain.java:117)
08-03 19:38:26.308 24974 29377 E baseline.com.newsblur.network.APIResponse: 	at okhttp3.internal.http.BridgeInterceptor.intercept(BridgeInterceptor.java:93)
08-03 19:38:26.308 24974 29377 E baseline.com.newsblur.network.APIResponse: 	at okhttp3.internal.http.RealInterceptorChain.proceed(RealInterceptorChain.java:142)
08-03 19:38:26.308 24974 29377 E baseline.com.newsblur.network.APIResponse: 	at okhttp3.internal.http.RetryAndFollowUpInterceptor.intercept(RetryAndFollowUpInterceptor.java:88)
08-03 19:38:26.308 24974 29377 E baseline.com.newsblur.network.APIResponse: 	at okhttp3.internal.http.RealInterceptorChain.proceed(RealInterceptorChain.java:142)
08-03 19:38:26.308 24974 29377 E baseline.com.newsblur.network.APIResponse: 	at okhttp3.internal.http.RealInterceptorChain.proceed(RealInterceptorChain.java:117)
08-03 19:38:26.308 24974 29377 E baseline.com.newsblur.network.APIResponse: 	at okhttp3.RealCall.getResponseWithInterceptorChain(RealCall.java:229)
08-03 19:38:26.308 24974 29377 E baseline.com.newsblur.network.APIResponse: 	at okhttp3.RealCall.execute(RealCall.java:81)
08-03 19:38:26.308 24974 29377 E baseline.com.newsblur.network.APIResponse: 	at baseline.com.newsblur.network.APIResponse.<init>(APIResponse.java:57)
08-03 19:38:26.308 24974 29377 E baseline.com.newsblur.network.APIResponse: 	at baseline.com.newsblur.network.APIResponse.<init>(APIResponse.java:43)
08-03 19:38:26.308 24974 29377 E baseline.com.newsblur.network.APIResponse: 	at baseline.com.newsblur.network.APIManager.post_single(APIManager.java:702)
08-03 19:38:26.308 24974 29377 E baseline.com.newsblur.network.APIResponse: 	at baseline.com.newsblur.network.APIManager.post(APIManager.java:675)
08-03 19:38:26.308 24974 29377 E baseline.com.newsblur.network.APIResponse: 	at baseline.com.newsblur.network.APIManager.post(APIManager.java:714)
08-03 19:38:26.308 24974 29377 E baseline.com.newsblur.network.APIResponse: 	at baseline.com.newsblur.network.APIManager.markStoryAsRead(APIManager.java:205)
08-03 19:38:26.308 24974 29377 E baseline.com.newsblur.network.APIResponse: 	at baseline.com.newsblur.util.ReadingAction.doRemote(ReadingAction.java:281)
08-03 19:38:26.308 24974 29377 E baseline.com.newsblur.network.APIResponse: 	at baseline.com.newsblur.service.NBSyncService.syncActions(NBSyncService.java:400)
08-03 19:38:26.308 24974 29377 E baseline.com.newsblur.network.APIResponse: 	at baseline.com.newsblur.service.NBSyncService.doSync(NBSyncService.java:298)
08-03 19:38:26.308 24974 29377 E baseline.com.newsblur.network.APIResponse: 	at baseline.com.newsblur.service.NBSyncService.access$100(NBSyncService.java:67)
08-03 19:38:26.308 24974 29377 E baseline.com.newsblur.network.APIResponse: 	at baseline.com.newsblur.service.NBSyncService$1.run(NBSyncService.java:188)
08-03 19:38:26.308 24974 29377 E baseline.com.newsblur.network.APIResponse: 	at java.util.concurrent.ThreadPoolExecutor.runWorker(ThreadPoolExecutor.java:1113)
08-03 19:38:26.308 24974 29377 E baseline.com.newsblur.network.APIResponse: 	at java.util.concurrent.ThreadPoolExecutor$Worker.run(ThreadPoolExecutor.java:588)
08-03 19:38:26.308 24974 29377 E baseline.com.newsblur.network.APIResponse: 	at java.lang.Thread.run(Thread.java:818)
08-03 19:38:26.308 24974 29377 E baseline.com.newsblur.network.APIResponse: Caused by: java.io.EOFException: \n not found: limit=0 content=
08-03 19:38:26.308 24974 29377 E baseline.com.newsblur.network.APIResponse: 	at okio.RealBufferedSource.readUtf8LineStrict(RealBufferedSource.java:240)
08-03 19:38:26.308 24974 29377 E baseline.com.newsblur.network.APIResponse: 	at okhttp3.internal.http1.Http1ExchangeCodec.readHeaderLine(Http1ExchangeCodec.java:242)
08-03 19:38:26.308 24974 29377 E baseline.com.newsblur.network.APIResponse: 	at okhttp3.internal.http1.Http1ExchangeCodec.readResponseHeaders(Http1ExchangeCodec.java:213)
08-03 19:38:26.308 24974 29377 E baseline.com.newsblur.network.APIResponse: 	... 30 more
08-03 19:38:26.309 24974 29377 I baseline.com.newsblur.network.APIManager: API call failed, pausing before retry number 1
08-03 19:38:26.320 24974 27629 I art     : Starting a blocking GC Explicit
08-03 19:38:26.340 29547 29547 D AndroidRuntime: >>>>>> START com.android.internal.os.RuntimeInit uid 2000 <<<<<<
08-03 19:38:26.345 29547 29547 D AndroidRuntime: CheckJNI is OFF
08-03 19:38:26.378 24974 27629 I art     : Explicit concurrent mark sweep GC freed 884(210KB) AllocSpace objects, 2(40KB) LOS objects, 27% free, 41MB/57MB, paused 1.553ms total 57.769ms
08-03 19:38:26.390 29547 29547 D ICU     : No timezone override file found: /data/misc/zoneinfo/current/icu/icu_tzdata.dat
08-03 19:38:26.432 29547 29547 I Radio-JNI: register_android_hardware_Radio DONE
08-03 19:38:26.461 29547 29547 D AndroidRuntime: Calling main entry com.android.commands.input.Input
08-03 19:38:26.464 29547 29547 I Input   : injectMotionEvent: MotionEvent { action=ACTION_DOWN, actionButton=0, id[0]=0, x[0]=436.0, y[0]=453.0, toolType[0]=TOOL_TYPE_UNKNOWN, buttonState=0, metaState=0, flags=0x0, edgeFlags=0x0, pointerCount=1, historySize=0, eventTime=646722876, downTime=646722876, deviceId=0, source=0x1002 }
08-03 19:38:26.470 29547 29547 I Input   : injectMotionEvent: MotionEvent { action=ACTION_UP, actionButton=0, id[0]=0, x[0]=436.0, y[0]=453.0, toolType[0]=TOOL_TYPE_UNKNOWN, buttonState=0, metaState=0, flags=0x0, edgeFlags=0x0, pointerCount=1, historySize=0, eventTime=646722876, downTime=646722876, deviceId=0, source=0x1002 }
08-03 19:38:26.472 29547 29547 D AndroidRuntime: Shutting down VM
08-03 19:38:26.486   512  2967 D audio_hw_primary: out_set_parameters: enter: usecase(1: low-latency-playback) kvpairs: routing=2
08-03 19:38:26.486   918  3714 I ActivityManager: START u0 {cmp=baseline.com.newsblur/.activity.AllSharedStoriesReading (has extras)} from uid 10625 on display 0
08-03 19:38:26.499   512  2967 D audio_hw_primary: select_devices: out_snd_device(2: speaker) in_snd_device(0: none)
08-03 19:38:26.499   512  2967 D msm8974_platform: platform_send_audio_calibration: sending audio calibration for snd_device(2) acdb_id(15)
08-03 19:38:26.500   512  2967 I soundtrigger: audio_extn_sound_trigger_update_device_status: device 0x2 of type 0 for Event 1
08-03 19:38:26.512   512  2967 D audio_hw_primary: enable_snd_device: snd_device(2: speaker)
08-03 19:38:26.514   512  2967 D audio_hw_primary: enable_audio_route: apply and update mixer path: low-latency-playback speaker
08-03 19:38:26.735 24974 29343 I art     : Starting a blocking GC Explicit
08-03 19:38:26.766   918   936 I ActivityManager: Displayed baseline.com.newsblur/.activity.AllSharedStoriesReading: +269ms
08-03 19:38:26.766 13866 13866 I GoogleInputMethodServic: GoogleInputMethodService.onFinishInput():3138 
08-03 19:38:26.767 13866 13866 I GoogleInputMethodServic: GoogleInputMethodService.onStartInput():1808 
08-03 19:38:26.798 24974 29343 I art     : Explicit concurrent mark sweep GC freed 3685(303KB) AllocSpace objects, 7(568KB) LOS objects, 27% free, 42MB/58MB, paused 1.982ms total 62.799ms
08-03 19:38:26.814 24974 29343 I art     : Starting a blocking GC Explicit
08-03 19:38:26.879 24974 29343 I art     : Explicit concurrent mark sweep GC freed 2053(125KB) AllocSpace objects, 3(68KB) LOS objects, 27% free, 42MB/58MB, paused 1.990ms total 64.624ms
08-03 19:38:26.895 24974 29343 I art     : Starting a blocking GC Explicit
08-03 19:38:26.954 24974 29343 I art     : Explicit concurrent mark sweep GC freed 1114(101KB) AllocSpace objects, 9(216KB) LOS objects, 27% free, 42MB/58MB, paused 2.054ms total 59.260ms
08-03 19:38:26.968 24974 29343 I art     : Starting a blocking GC Explicit
08-03 19:38:27.025 24974 29343 I art     : Explicit concurrent mark sweep GC freed 442(38KB) AllocSpace objects, 0(0B) LOS objects, 27% free, 42MB/58MB, paused 1.533ms total 55.993ms
08-03 19:38:27.039 24974 29343 I art     : Starting a blocking GC Explicit
08-03 19:38:27.050 24974 27969 E chromium: [ERROR:tile_manager.cc(793)] WARNING: tile memory limits exceeded, some content may not draw
08-03 19:38:27.051 24974 27969 E chromium: [ERROR:tile_manager.cc(793)] WARNING: tile memory limits exceeded, some content may not draw
08-03 19:38:27.058   512  2967 D audio_hw_primary: disable_audio_route: reset and update mixer path: low-latency-playback speaker
08-03 19:38:27.059   512  2967 D audio_hw_primary: disable_snd_device: snd_device(2: speaker)
08-03 19:38:27.069   512  2967 I soundtrigger: audio_extn_sound_trigger_update_device_status: device 0x2 of type 0 for Event 0
08-03 19:38:27.094 24974 29343 I art     : Explicit concurrent mark sweep GC freed 33(1440B) AllocSpace objects, 0(0B) LOS objects, 27% free, 42MB/58MB, paused 1.415ms total 54.890ms
08-03 19:38:27.511 24974 24986 I art     : Starting a blocking GC Explicit
08-03 19:38:27.579 24974 24986 I art     : Explicit concurrent mark sweep GC freed 1601(101KB) AllocSpace objects, 3(68KB) LOS objects, 27% free, 42MB/58MB, paused 1.630ms total 67.608ms
08-03 19:38:27.594 24974 24986 I art     : Starting a blocking GC Explicit
08-03 19:38:27.660 24974 24986 I art     : Explicit concurrent mark sweep GC freed 39(1520B) AllocSpace objects, 0(0B) LOS objects, 27% free, 42MB/58MB, paused 1.608ms total 65.445ms
08-03 19:38:27.675 24974 24986 I art     : Starting a blocking GC Explicit
08-03 19:38:27.745 24974 24986 I art     : Explicit concurrent mark sweep GC freed 283(15KB) AllocSpace objects, 0(0B) LOS objects, 27% free, 42MB/58MB, paused 1.655ms total 69.458ms
08-03 19:38:27.760 24974 24986 I art     : Starting a blocking GC Explicit
08-03 19:38:27.822 24974 24986 I art     : Explicit concurrent mark sweep GC freed 346(13KB) AllocSpace objects, 0(0B) LOS objects, 27% free, 42MB/58MB, paused 1.685ms total 62.415ms
08-03 19:38:27.842 24974 24986 I art     : Starting a blocking GC Explicit
08-03 19:38:27.900 24974 24986 I art     : Explicit concurrent mark sweep GC freed 4973(378KB) AllocSpace objects, 1(20KB) LOS objects, 27% free, 42MB/58MB, paused 1.613ms total 58.310ms
08-03 19:38:28.205 24974 29377 E baseline.com.newsblur.network.APIResponse: Error (unexpected end of stream on https://www.newsblur.com/...) calling https://www.newsblur.com/reader/mark_story_hashes_as_read/
08-03 19:38:28.205 24974 29377 E baseline.com.newsblur.network.APIResponse: java.io.IOException: unexpected end of stream on https://www.newsblur.com/...
08-03 19:38:28.205 24974 29377 E baseline.com.newsblur.network.APIResponse: 	at okhttp3.internal.http1.Http1ExchangeCodec.readResponseHeaders(Http1ExchangeCodec.java:236)
08-03 19:38:28.205 24974 29377 E baseline.com.newsblur.network.APIResponse: 	at okhttp3.internal.connection.Exchange.readResponseHeaders(Exchange.java:115)
08-03 19:38:28.205 24974 29377 E baseline.com.newsblur.network.APIResponse: 	at okhttp3.internal.http.CallServerInterceptor.intercept(CallServerInterceptor.java:94)
08-03 19:38:28.205 24974 29377 E baseline.com.newsblur.network.APIResponse: 	at okhttp3.internal.http.RealInterceptorChain.proceed(RealInterceptorChain.java:142)
08-03 19:38:28.205 24974 29377 E baseline.com.newsblur.network.APIResponse: 	at okhttp3.internal.connection.ConnectInterceptor.intercept(ConnectInterceptor.java:43)
08-03 19:38:28.205 24974 29377 E baseline.com.newsblur.network.APIResponse: 	at okhttp3.internal.http.RealInterceptorChain.proceed(RealInterceptorChain.java:142)
08-03 19:38:28.205 24974 29377 E baseline.com.newsblur.network.APIResponse: 	at okhttp3.internal.http.RealInterceptorChain.proceed(RealInterceptorChain.java:117)
08-03 19:38:28.205 24974 29377 E baseline.com.newsblur.network.APIResponse: 	at okhttp3.internal.cache.CacheInterceptor.intercept(CacheInterceptor.java:94)
08-03 19:38:28.205 24974 29377 E baseline.com.newsblur.network.APIResponse: 	at okhttp3.internal.http.RealInterceptorChain.proceed(RealInterceptorChain.java:142)
08-03 19:38:28.205 24974 29377 E baseline.com.newsblur.network.APIResponse: 	at okhttp3.internal.http.RealInterceptorChain.proceed(RealInterceptorChain.java:117)
08-03 19:38:28.205 24974 29377 E baseline.com.newsblur.network.APIResponse: 	at okhttp3.internal.http.BridgeInterceptor.intercept(BridgeInterceptor.java:93)
08-03 19:38:28.205 24974 29377 E baseline.com.newsblur.network.APIResponse: 	at okhttp3.internal.http.RealInterceptorChain.proceed(RealInterceptorChain.java:142)
08-03 19:38:28.205 24974 29377 E baseline.com.newsblur.network.APIResponse: 	at okhttp3.internal.http.RetryAndFollowUpInterceptor.intercept(RetryAndFollowUpInterceptor.java:88)
08-03 19:38:28.205 24974 29377 E baseline.com.newsblur.network.APIResponse: 	at okhttp3.internal.http.RealInterceptorChain.proceed(RealInterceptorChain.java:142)
08-03 19:38:28.205 24974 29377 E baseline.com.newsblur.network.APIResponse: 	at okhttp3.internal.http.RealInterceptorChain.proceed(RealInterceptorChain.java:117)
08-03 19:38:28.205 24974 29377 E baseline.com.newsblur.network.APIResponse: 	at okhttp3.RealCall.getResponseWithInterceptorChain(RealCall.java:229)
08-03 19:38:28.205 24974 29377 E baseline.com.newsblur.network.APIResponse: 	at okhttp3.RealCall.execute(RealCall.java:81)
08-03 19:38:28.205 24974 29377 E baseline.com.newsblur.network.APIResponse: 	at baseline.com.newsblur.network.APIResponse.<init>(APIResponse.java:57)
08-03 19:38:28.205 24974 29377 E baseline.com.newsblur.network.APIResponse: 	at baseline.com.newsblur.network.APIResponse.<init>(APIResponse.java:43)
08-03 19:38:28.205 24974 29377 E baseline.com.newsblur.network.APIResponse: 	at baseline.com.newsblur.network.APIManager.post_single(APIManager.java:702)
08-03 19:38:28.205 24974 29377 E baseline.com.newsblur.network.APIResponse: 	at baseline.com.newsblur.network.APIManager.post(APIManager.java:675)
08-03 19:38:28.205 24974 29377 E baseline.com.newsblur.network.APIResponse: 	at baseline.com.newsblur.network.APIManager.post(APIManager.java:714)
08-03 19:38:28.205 24974 29377 E baseline.com.newsblur.network.APIResponse: 	at baseline.com.newsblur.network.APIManager.markStoryAsRead(APIManager.java:205)
08-03 19:38:28.205 24974 29377 E baseline.com.newsblur.network.APIResponse: 	at baseline.com.newsblur.util.ReadingAction.doRemote(ReadingAction.java:281)
08-03 19:38:28.205 24974 29377 E baseline.com.newsblur.network.APIResponse: 	at baseline.com.newsblur.service.NBSyncService.syncActions(NBSyncService.java:400)
08-03 19:38:28.205 24974 29377 E baseline.com.newsblur.network.APIResponse: 	at baseline.com.newsblur.service.NBSyncService.doSync(NBSyncService.java:298)
08-03 19:38:28.205 24974 29377 E baseline.com.newsblur.network.APIResponse: 	at baseline.com.newsblur.service.NBSyncService.access$100(NBSyncService.java:67)
08-03 19:38:28.205 24974 29377 E baseline.com.newsblur.network.APIResponse: 	at baseline.com.newsblur.service.NBSyncService$1.run(NBSyncService.java:188)
08-03 19:38:28.205 24974 29377 E baseline.com.newsblur.network.APIResponse: 	at java.util.concurrent.ThreadPoolExecutor.runWorker(ThreadPoolExecutor.java:1113)
08-03 19:38:28.205 24974 29377 E baseline.com.newsblur.network.APIResponse: 	at java.util.concurrent.ThreadPoolExecutor$Worker.run(ThreadPoolExecutor.java:588)
08-03 19:38:28.205 24974 29377 E baseline.com.newsblur.network.APIResponse: 	at java.lang.Thread.run(Thread.java:818)
08-03 19:38:28.205 24974 29377 E baseline.com.newsblur.network.APIResponse: Caused by: java.io.EOFException: \n not found: limit=0 content=
08-03 19:38:28.205 24974 29377 E baseline.com.newsblur.network.APIResponse: 	at okio.RealBufferedSource.readUtf8LineStrict(RealBufferedSource.java:240)
08-03 19:38:28.205 24974 29377 E baseline.com.newsblur.network.APIResponse: 	at okhttp3.internal.http1.Http1ExchangeCodec.readHeaderLine(Http1ExchangeCodec.java:242)
08-03 19:38:28.205 24974 29377 E baseline.com.newsblur.network.APIResponse: 	at okhttp3.internal.http1.Http1ExchangeCodec.readResponseHeaders(Http1ExchangeCodec.java:213)
08-03 19:38:28.205 24974 29377 E baseline.com.newsblur.network.APIResponse: 	... 30 more
08-03 19:38:28.206 24974 29377 I baseline.com.newsblur.network.APIManager: API call failed, pausing before retry number 2
08-03 19:38:28.297 24974 29343 I art     : Starting a blocking GC Explicit
08-03 19:38:28.361 24974 29343 I art     : Explicit concurrent mark sweep GC freed 4850(402KB) AllocSpace objects, 3(60KB) LOS objects, 27% free, 42MB/58MB, paused 1.433ms total 63.689ms
08-03 19:38:28.376 24974 29343 I art     : Starting a blocking GC Explicit
08-03 19:38:28.442 24974 29343 I art     : Explicit concurrent mark sweep GC freed 538(47KB) AllocSpace objects, 0(0B) LOS objects, 27% free, 42MB/58MB, paused 1.983ms total 65.676ms
08-03 19:38:28.458 24974 29343 I art     : Starting a blocking GC Explicit
08-03 19:38:28.522 24974 29343 I art     : Explicit concurrent mark sweep GC freed 3(96B) AllocSpace objects, 0(0B) LOS objects, 27% free, 42MB/58MB, paused 1.646ms total 64.028ms
08-03 19:38:28.538 24974 29343 I art     : Starting a blocking GC Explicit
08-03 19:38:28.604 24974 29343 I art     : Explicit concurrent mark sweep GC freed 3(96B) AllocSpace objects, 0(0B) LOS objects, 27% free, 42MB/58MB, paused 1.628ms total 66.185ms
08-03 19:38:28.621 24974 29343 I art     : Starting a blocking GC Explicit
08-03 19:38:28.687 24974 29343 I art     : Explicit concurrent mark sweep GC freed 1824(75KB) AllocSpace objects, 0(0B) LOS objects, 27% free, 42MB/58MB, paused 1.823ms total 65.798ms
08-03 19:38:29.088 24974 24985 I art     : Starting a blocking GC Explicit
08-03 19:38:29.158 24974 24985 I art     : Explicit concurrent mark sweep GC freed 1903(113KB) AllocSpace objects, 1(20KB) LOS objects, 27% free, 42MB/58MB, paused 1.593ms total 69.219ms
08-03 19:38:29.175 24974 24985 I art     : Starting a blocking GC Explicit
08-03 19:38:29.240 24974 24985 I art     : Explicit concurrent mark sweep GC freed 78(3KB) AllocSpace objects, 0(0B) LOS objects, 27% free, 42MB/58MB, paused 1.659ms total 64.017ms
08-03 19:38:29.254 24974 24985 I art     : Starting a blocking GC Explicit
08-03 19:38:29.322 24974 24985 I art     : Explicit concurrent mark sweep GC freed 3(96B) AllocSpace objects, 0(0B) LOS objects, 27% free, 42MB/58MB, paused 1.520ms total 66.868ms
08-03 19:38:29.337 24974 24985 I art     : Starting a blocking GC Explicit
08-03 19:38:29.405 24974 24985 I art     : Explicit concurrent mark sweep GC freed 3(96B) AllocSpace objects, 0(0B) LOS objects, 27% free, 42MB/58MB, paused 1.662ms total 68.622ms
08-03 19:38:29.421 24974 24985 I art     : Starting a blocking GC Explicit
08-03 19:38:29.486 24974 24985 I art     : Explicit concurrent mark sweep GC freed 3(96B) AllocSpace objects, 0(0B) LOS objects, 27% free, 42MB/58MB, paused 1.621ms total 65.263ms
08-03 19:38:29.912 24974 27629 I art     : Starting a blocking GC Explicit
08-03 19:38:29.979 24974 27629 I art     : Explicit concurrent mark sweep GC freed 1443(83KB) AllocSpace objects, 1(20KB) LOS objects, 27% free, 42MB/58MB, paused 1.683ms total 67.274ms
08-03 19:38:29.994 24974 27629 I art     : Starting a blocking GC Explicit
08-03 19:38:30.061 24974 27629 I art     : Explicit concurrent mark sweep GC freed 22(784B) AllocSpace objects, 0(0B) LOS objects, 27% free, 42MB/58MB, paused 1.693ms total 66.520ms
08-03 19:38:30.076 24974 27629 I art     : Starting a blocking GC Explicit
08-03 19:38:30.142 24974 27629 I art     : Explicit concurrent mark sweep GC freed 3(96B) AllocSpace objects, 0(0B) LOS objects, 27% free, 42MB/58MB, paused 1.677ms total 66.009ms
08-03 19:38:30.157 24974 27629 I art     : Starting a blocking GC Explicit
08-03 19:38:30.223 24974 27629 I art     : Explicit concurrent mark sweep GC freed 3(96B) AllocSpace objects, 0(0B) LOS objects, 27% free, 42MB/58MB, paused 1.664ms total 65.718ms
08-03 19:38:30.239 24974 27629 I art     : Starting a blocking GC Explicit
08-03 19:38:30.246   918  3261 D WifiStateMachine: starting scan for "H369AA63323"WPA_PSK with 2412,5180
08-03 19:38:30.307 24974 27629 I art     : Explicit concurrent mark sweep GC freed 3(96B) AllocSpace objects, 0(0B) LOS objects, 27% free, 42MB/58MB, paused 1.580ms total 68.037ms
08-03 19:38:30.735 24974 24986 I art     : Starting a blocking GC Explicit
08-03 19:38:30.799 24974 24986 I art     : Explicit concurrent mark sweep GC freed 1443(83KB) AllocSpace objects, 1(20KB) LOS objects, 27% free, 42MB/58MB, paused 1.656ms total 64.070ms
08-03 19:38:30.814 24974 24986 I art     : Starting a blocking GC Explicit
08-03 19:38:30.874 24974 24986 I art     : Explicit concurrent mark sweep GC freed 22(784B) AllocSpace objects, 0(0B) LOS objects, 27% free, 42MB/58MB, paused 1.563ms total 59.605ms
08-03 19:38:30.889 24974 24986 I art     : Starting a blocking GC Explicit
08-03 19:38:30.951 24974 24986 I art     : Explicit concurrent mark sweep GC freed 3(96B) AllocSpace objects, 0(0B) LOS objects, 27% free, 42MB/58MB, paused 1.543ms total 61.991ms
08-03 19:38:30.967 24974 24986 I art     : Starting a blocking GC Explicit
08-03 19:38:31.032 24974 24986 I art     : Explicit concurrent mark sweep GC freed 3(96B) AllocSpace objects, 0(0B) LOS objects, 27% free, 42MB/58MB, paused 1.667ms total 64.490ms
08-03 19:38:31.047 24974 24986 I art     : Starting a blocking GC Explicit
08-03 19:38:31.111 24974 24986 I art     : Explicit concurrent mark sweep GC freed 3(96B) AllocSpace objects, 0(0B) LOS objects, 27% free, 42MB/58MB, paused 1.681ms total 63.588ms
08-03 19:38:31.290 29650 29650 D AndroidRuntime: >>>>>> START com.android.internal.os.RuntimeInit uid 2000 <<<<<<
08-03 19:38:31.295 29650 29650 D AndroidRuntime: CheckJNI is OFF
08-03 19:38:31.336 29650 29650 D ICU     : No timezone override file found: /data/misc/zoneinfo/current/icu/icu_tzdata.dat
08-03 19:38:31.376 29650 29650 I Radio-JNI: register_android_hardware_Radio DONE
08-03 19:38:31.404 29650 29650 D AndroidRuntime: Calling main entry com.android.commands.input.Input
08-03 19:38:31.406 29650 29650 I Input   : injectKeyEvent: KeyEvent { action=ACTION_DOWN, keyCode=KEYCODE_BACK, scanCode=0, metaState=0, flags=0x0, repeatCount=0, eventTime=646727819, downTime=646727819, deviceId=-1, source=0x101 }
08-03 19:38:31.411 29650 29650 I Input   : injectKeyEvent: KeyEvent { action=ACTION_UP, keyCode=KEYCODE_BACK, scanCode=0, metaState=0, flags=0x0, repeatCount=0, eventTime=646727819, downTime=646727819, deviceId=-1, source=0x101 }
08-03 19:38:31.416 29650 29650 D AndroidRuntime: Shutting down VM
08-03 19:38:31.426 24974 24974 D baseline.com.newsblur.service.NBSyncService: rejecting request for feedset that is exhaused
08-03 19:38:31.491 24974 24985 I art     : Starting a blocking GC Explicit
08-03 19:38:31.555 24974 24985 I art     : Explicit concurrent mark sweep GC freed 1838(131KB) AllocSpace objects, 3(60KB) LOS objects, 27% free, 42MB/58MB, paused 1.624ms total 63.385ms
08-03 19:38:31.570 24974 24985 I art     : Starting a blocking GC Explicit
08-03 19:38:31.602 24974 24974 D baseline.com.newsblur.service.NBSyncService: rejecting request for feedset that is exhaused
08-03 19:38:31.605 13866 13866 I GoogleInputMethodServic: GoogleInputMethodService.onFinishInput():3138 
08-03 19:38:31.605 13866 13866 I GoogleInputMethodServic: GoogleInputMethodService.onStartInput():1808 
08-03 19:38:31.628 24974 24985 I art     : Explicit concurrent mark sweep GC freed 836(71KB) AllocSpace objects, 2(40KB) LOS objects, 27% free, 42MB/58MB, paused 1.628ms total 56.990ms
08-03 19:38:31.643 24974 24985 I art     : Starting a blocking GC Explicit
08-03 19:38:31.703 24974 24985 I art     : Explicit concurrent mark sweep GC freed 2398(124KB) AllocSpace objects, 0(0B) LOS objects, 27% free, 42MB/58MB, paused 1.733ms total 60.235ms
08-03 19:38:31.717 24974 24985 I art     : Starting a blocking GC Explicit
08-03 19:38:31.732 24974 29377 E baseline.com.newsblur.network.APIResponse: Error (unexpected end of stream on https://www.newsblur.com/...) calling https://www.newsblur.com/reader/mark_story_hashes_as_read/
08-03 19:38:31.732 24974 29377 E baseline.com.newsblur.network.APIResponse: java.io.IOException: unexpected end of stream on https://www.newsblur.com/...
08-03 19:38:31.732 24974 29377 E baseline.com.newsblur.network.APIResponse: 	at okhttp3.internal.http1.Http1ExchangeCodec.readResponseHeaders(Http1ExchangeCodec.java:236)
08-03 19:38:31.732 24974 29377 E baseline.com.newsblur.network.APIResponse: 	at okhttp3.internal.connection.Exchange.readResponseHeaders(Exchange.java:115)
08-03 19:38:31.732 24974 29377 E baseline.com.newsblur.network.APIResponse: 	at okhttp3.internal.http.CallServerInterceptor.intercept(CallServerInterceptor.java:94)
08-03 19:38:31.732 24974 29377 E baseline.com.newsblur.network.APIResponse: 	at okhttp3.internal.http.RealInterceptorChain.proceed(RealInterceptorChain.java:142)
08-03 19:38:31.732 24974 29377 E baseline.com.newsblur.network.APIResponse: 	at okhttp3.internal.connection.ConnectInterceptor.intercept(ConnectInterceptor.java:43)
08-03 19:38:31.732 24974 29377 E baseline.com.newsblur.network.APIResponse: 	at okhttp3.internal.http.RealInterceptorChain.proceed(RealInterceptorChain.java:142)
08-03 19:38:31.732 24974 29377 E baseline.com.newsblur.network.APIResponse: 	at okhttp3.internal.http.RealInterceptorChain.proceed(RealInterceptorChain.java:117)
08-03 19:38:31.732 24974 29377 E baseline.com.newsblur.network.APIResponse: 	at okhttp3.internal.cache.CacheInterceptor.intercept(CacheInterceptor.java:94)
08-03 19:38:31.732 24974 29377 E baseline.com.newsblur.network.APIResponse: 	at okhttp3.internal.http.RealInterceptorChain.proceed(RealInterceptorChain.java:142)
08-03 19:38:31.732 24974 29377 E baseline.com.newsblur.network.APIResponse: 	at okhttp3.internal.http.RealInterceptorChain.proceed(RealInterceptorChain.java:117)
08-03 19:38:31.732 24974 29377 E baseline.com.newsblur.network.APIResponse: 	at okhttp3.internal.http.BridgeInterceptor.intercept(BridgeInterceptor.java:93)
08-03 19:38:31.732 24974 29377 E baseline.com.newsblur.network.APIResponse: 	at okhttp3.internal.http.RealInterceptorChain.proceed(RealInterceptorChain.java:142)
08-03 19:38:31.732 24974 29377 E baseline.com.newsblur.network.APIResponse: 	at okhttp3.internal.http.RetryAndFollowUpInterceptor.intercept(RetryAndFollowUpInterceptor.java:88)
08-03 19:38:31.732 24974 29377 E baseline.com.newsblur.network.APIResponse: 	at okhttp3.internal.http.RealInterceptorChain.proceed(RealInterceptorChain.java:142)
08-03 19:38:31.732 24974 29377 E baseline.com.newsblur.network.APIResponse: 	at okhttp3.internal.http.RealInterceptorChain.proceed(RealInterceptorChain.java:117)
08-03 19:38:31.732 24974 29377 E baseline.com.newsblur.network.APIResponse: 	at okhttp3.RealCall.getResponseWithInterceptorChain(RealCall.java:229)
08-03 19:38:31.732 24974 29377 E baseline.com.newsblur.network.APIResponse: 	at okhttp3.RealCall.execute(RealCall.java:81)
08-03 19:38:31.732 24974 29377 E baseline.com.newsblur.network.APIResponse: 	at baseline.com.newsblur.network.APIResponse.<init>(APIResponse.java:57)
08-03 19:38:31.732 24974 29377 E baseline.com.newsblur.network.APIResponse: 	at baseline.com.newsblur.network.APIResponse.<init>(APIResponse.java:43)
08-03 19:38:31.732 24974 29377 E baseline.com.newsblur.network.APIResponse: 	at baseline.com.newsblur.network.APIManager.post_single(APIManager.java:702)
08-03 19:38:31.732 24974 29377 E baseline.com.newsblur.network.APIResponse: 	at baseline.com.newsblur.network.APIManager.post(APIManager.java:675)
08-03 19:38:31.732 24974 29377 E baseline.com.newsblur.network.APIResponse: 	at baseline.com.newsblur.network.APIManager.post(APIManager.java:714)
08-03 19:38:31.732 24974 29377 E baseline.com.newsblur.network.APIResponse: 	at baseline.com.newsblur.network.APIManager.markStoryAsRead(APIManager.java:205)
08-03 19:38:31.732 24974 29377 E baseline.com.newsblur.network.APIResponse: 	at baseline.com.newsblur.util.ReadingAction.doRemote(ReadingAction.java:281)
08-03 19:38:31.732 24974 29377 E baseline.com.newsblur.network.APIResponse: 	at baseline.com.newsblur.service.NBSyncService.syncActions(NBSyncService.java:400)
08-03 19:38:31.732 24974 29377 E baseline.com.newsblur.network.APIResponse: 	at baseline.com.newsblur.service.NBSyncService.doSync(NBSyncService.java:298)
08-03 19:38:31.732 24974 29377 E baseline.com.newsblur.network.APIResponse: 	at baseline.com.newsblur.service.NBSyncService.access$100(NBSyncService.java:67)
08-03 19:38:31.732 24974 29377 E baseline.com.newsblur.network.APIResponse: 	at baseline.com.newsblur.service.NBSyncService$1.run(NBSyncService.java:188)
08-03 19:38:31.732 24974 29377 E baseline.com.newsblur.network.APIResponse: 	at java.util.concurrent.ThreadPoolExecutor.runWorker(ThreadPoolExecutor.java:1113)
08-03 19:38:31.732 24974 29377 E baseline.com.newsblur.network.APIResponse: 	at java.util.concurrent.ThreadPoolExecutor$Worker.run(ThreadPoolExecutor.java:588)
08-03 19:38:31.732 24974 29377 E baseline.com.newsblur.network.APIResponse: 	at java.lang.Thread.run(Thread.java:818)
08-03 19:38:31.732 24974 29377 E baseline.com.newsblur.network.APIResponse: Caused by: java.io.EOFException: \n not found: limit=0 content=
08-03 19:38:31.732 24974 29377 E baseline.com.newsblur.network.APIResponse: 	at okio.RealBufferedSource.readUtf8LineStrict(RealBufferedSource.java:240)
08-03 19:38:31.732 24974 29377 E baseline.com.newsblur.network.APIResponse: 	at okhttp3.internal.http1.Http1ExchangeCodec.readHeaderLine(Http1ExchangeCodec.java:242)
08-03 19:38:31.732 24974 29377 E baseline.com.newsblur.network.APIResponse: 	at okhttp3.internal.http1.Http1ExchangeCodec.readResponseHeaders(Http1ExchangeCodec.java:213)
08-03 19:38:31.732 24974 29377 E baseline.com.newsblur.network.APIResponse: 	... 30 more
08-03 19:38:31.733 24974 29377 I baseline.com.newsblur.service.NBSyncService: Holding reading action with server-side or network error.
08-03 19:38:31.746 24974 29377 W baseline.com.newsblur.service.NBSyncService: hard API failure
08-03 19:38:31.751 24974 29377 I baseline.com.newsblur.service.NBSyncService: recounting dirty feed sets: 1
08-03 19:38:31.774 24974 24985 I art     : Explicit concurrent mark sweep GC freed 1683(277KB) AllocSpace objects, 6(128KB) LOS objects, 27% free, 42MB/58MB, paused 1.513ms total 56.736ms
08-03 19:38:31.789 24974 24985 I art     : Starting a blocking GC Explicit
08-03 19:38:31.861 24974 24985 I art     : Explicit concurrent mark sweep GC freed 327(26KB) AllocSpace objects, 0(0B) LOS objects, 27% free, 42MB/58MB, paused 2.440ms total 71.672ms
08-03 19:38:32.069 22816 22816 I Atfwd_Sendcmd: AtCmdFwd service not ready - Exhausted retry attempts - :6
08-03 19:38:32.069 22816 22816 I Atfwd_Daemon: result : -1 	 ,Init step :2 	 ,qmiErrorCode: 0
08-03 19:38:32.140 24974 29377 E baseline.com.newsblur.network.APIResponse: Error (unexpected end of stream on https://www.newsblur.com/...) calling https://www.newsblur.com/reader/feed_unread_count?feed_id=0
08-03 19:38:32.140 24974 29377 E baseline.com.newsblur.network.APIResponse: java.io.IOException: unexpected end of stream on https://www.newsblur.com/...
08-03 19:38:32.140 24974 29377 E baseline.com.newsblur.network.APIResponse: 	at okhttp3.internal.http1.Http1ExchangeCodec.readResponseHeaders(Http1ExchangeCodec.java:236)
08-03 19:38:32.140 24974 29377 E baseline.com.newsblur.network.APIResponse: 	at okhttp3.internal.connection.Exchange.readResponseHeaders(Exchange.java:115)
08-03 19:38:32.140 24974 29377 E baseline.com.newsblur.network.APIResponse: 	at okhttp3.internal.http.CallServerInterceptor.intercept(CallServerInterceptor.java:94)
08-03 19:38:32.140 24974 29377 E baseline.com.newsblur.network.APIResponse: 	at okhttp3.internal.http.RealInterceptorChain.proceed(RealInterceptorChain.java:142)
08-03 19:38:32.140 24974 29377 E baseline.com.newsblur.network.APIResponse: 	at okhttp3.internal.connection.ConnectInterceptor.intercept(ConnectInterceptor.java:43)
08-03 19:38:32.140 24974 29377 E baseline.com.newsblur.network.APIResponse: 	at okhttp3.internal.http.RealInterceptorChain.proceed(RealInterceptorChain.java:142)
08-03 19:38:32.140 24974 29377 E baseline.com.newsblur.network.APIResponse: 	at okhttp3.internal.http.RealInterceptorChain.proceed(RealInterceptorChain.java:117)
08-03 19:38:32.140 24974 29377 E baseline.com.newsblur.network.APIResponse: 	at okhttp3.internal.cache.CacheInterceptor.intercept(CacheInterceptor.java:94)
08-03 19:38:32.140 24974 29377 E baseline.com.newsblur.network.APIResponse: 	at okhttp3.internal.http.RealInterceptorChain.proceed(RealInterceptorChain.java:142)
08-03 19:38:32.140 24974 29377 E baseline.com.newsblur.network.APIResponse: 	at okhttp3.internal.http.RealInterceptorChain.proceed(RealInterceptorChain.java:117)
08-03 19:38:32.140 24974 29377 E baseline.com.newsblur.network.APIResponse: 	at okhttp3.internal.http.BridgeInterceptor.intercept(BridgeInterceptor.java:93)
08-03 19:38:32.140 24974 29377 E baseline.com.newsblur.network.APIResponse: 	at okhttp3.internal.http.RealInterceptorChain.proceed(RealInterceptorChain.java:142)
08-03 19:38:32.140 24974 29377 E baseline.com.newsblur.network.APIResponse: 	at okhttp3.internal.http.RetryAndFollowUpInterceptor.intercept(RetryAndFollowUpInterceptor.java:88)
08-03 19:38:32.140 24974 29377 E baseline.com.newsblur.network.APIResponse: 	at okhttp3.internal.http.RealInterceptorChain.proceed(RealInterceptorChain.java:142)
08-03 19:38:32.140 24974 29377 E baseline.com.newsblur.network.APIResponse: 	at okhttp3.internal.http.RealInterceptorChain.proceed(RealInterceptorChain.java:117)
08-03 19:38:32.140 24974 29377 E baseline.com.newsblur.network.APIResponse: 	at okhttp3.RealCall.getResponseWithInterceptorChain(RealCall.java:229)
08-03 19:38:32.140 24974 29377 E baseline.com.newsblur.network.APIResponse: 	at okhttp3.RealCall.execute(RealCall.java:81)
08-03 19:38:32.140 24974 29377 E baseline.com.newsblur.network.APIResponse: 	at baseline.com.newsblur.network.APIResponse.<init>(APIResponse.java:57)
08-03 19:38:32.140 24974 29377 E baseline.com.newsblur.network.APIResponse: 	at baseline.com.newsblur.network.APIManager.get_single(APIManager.java:639)
08-03 19:38:32.140 24974 29377 E baseline.com.newsblur.network.APIResponse: 	at baseline.com.newsblur.network.APIManager.get(APIManager.java:625)
08-03 19:38:32.140 24974 29377 E baseline.com.newsblur.network.APIResponse: 	at baseline.com.newsblur.network.APIManager.get(APIManager.java:667)
08-03 19:38:32.140 24974 29377 E baseline.com.newsblur.network.APIResponse: 	at baseline.com.newsblur.network.APIManager.getFeedUnreadCounts(APIManager.java:274)
08-03 19:38:32.140 24974 29377 E baseline.com.newsblur.network.APIResponse: 	at baseline.com.newsblur.service.NBSyncService.checkRecounts(NBSyncService.java:660)
08-03 19:38:32.140 24974 29377 E baseline.com.newsblur.network.APIResponse: 	at baseline.com.newsblur.service.NBSyncService.doSync(NBSyncService.java:310)
08-03 19:38:32.140 24974 29377 E baseline.com.newsblur.network.APIResponse: 	at baseline.com.newsblur.service.NBSyncService.access$100(NBSyncService.java:67)
08-03 19:38:32.140 24974 29377 E baseline.com.newsblur.network.APIResponse: 	at baseline.com.newsblur.service.NBSyncService$1.run(NBSyncService.java:188)
08-03 19:38:32.140 24974 29377 E baseline.com.newsblur.network.APIResponse: 	at java.util.concurrent.ThreadPoolExecutor.runWorker(ThreadPoolExecutor.java:1113)
08-03 19:38:32.140 24974 29377 E baseline.com.newsblur.network.APIResponse: 	at java.util.concurrent.ThreadPoolExecutor$Worker.run(ThreadPoolExecutor.java:588)
08-03 19:38:32.140 24974 29377 E baseline.com.newsblur.network.APIResponse: 	at java.lang.Thread.run(Thread.java:818)
08-03 19:38:32.140 24974 29377 E baseline.com.newsblur.network.APIResponse: Caused by: java.io.EOFException: \n not found: limit=0 content=
08-03 19:38:32.140 24974 29377 E baseline.com.newsblur.network.APIResponse: 	at okio.RealBufferedSource.readUtf8LineStrict(RealBufferedSource.java:240)
08-03 19:38:32.140 24974 29377 E baseline.com.newsblur.network.APIResponse: 	at okhttp3.internal.http1.Http1ExchangeCodec.readHeaderLine(Http1ExchangeCodec.java:242)
08-03 19:38:32.140 24974 29377 E baseline.com.newsblur.network.APIResponse: 	at okhttp3.internal.http1.Http1ExchangeCodec.readResponseHeaders(Http1ExchangeCodec.java:213)
08-03 19:38:32.140 24974 29377 E baseline.com.newsblur.network.APIResponse: 	... 28 more
08-03 19:38:32.142 24974 29377 I baseline.com.newsblur.network.APIManager: API call failed, pausing before retry number 1
08-03 19:38:32.248 24974 27925 I art     : Starting a blocking GC Explicit
08-03 19:38:32.316 24974 27925 I art     : Explicit concurrent mark sweep GC freed 5240(417KB) AllocSpace objects, 3(60KB) LOS objects, 27% free, 41MB/57MB, paused 1.741ms total 67.054ms
08-03 19:38:32.332 24974 27925 I art     : Starting a blocking GC Explicit
08-03 19:38:32.396 24974 27925 I art     : Explicit concurrent mark sweep GC freed 246(10KB) AllocSpace objects, 0(0B) LOS objects, 27% free, 41MB/57MB, paused 1.723ms total 63.897ms
08-03 19:38:32.411 24974 27925 I art     : Starting a blocking GC Explicit
08-03 19:38:32.473 24974 27925 I art     : Explicit concurrent mark sweep GC freed 11(352B) AllocSpace objects, 0(0B) LOS objects, 27% free, 41MB/57MB, paused 1.482ms total 61.050ms
08-03 19:38:32.490 24974 27925 I art     : Starting a blocking GC Explicit
08-03 19:38:32.554 24974 27925 I art     : Explicit concurrent mark sweep GC freed 13(416B) AllocSpace objects, 0(0B) LOS objects, 27% free, 41MB/57MB, paused 1.494ms total 63.667ms
08-03 19:38:32.571 24974 27925 I art     : Starting a blocking GC Explicit
08-03 19:38:32.635 24974 27925 I art     : Explicit concurrent mark sweep GC freed 14(448B) AllocSpace objects, 0(0B) LOS objects, 27% free, 41MB/57MB, paused 1.581ms total 63.153ms
08-03 19:38:33.026 24974 29343 I art     : Starting a blocking GC Explicit
08-03 19:38:33.096 24974 29343 I art     : Explicit concurrent mark sweep GC freed 1490(84KB) AllocSpace objects, 1(20KB) LOS objects, 27% free, 41MB/57MB, paused 1.626ms total 69.405ms
08-03 19:38:33.111 24974 29343 I art     : Starting a blocking GC Explicit
08-03 19:38:33.175 24974 29343 I art     : Explicit concurrent mark sweep GC freed 22(784B) AllocSpace objects, 0(0B) LOS objects, 27% free, 41MB/57MB, paused 1.627ms total 63.547ms
08-03 19:38:33.190 24974 29343 I art     : Starting a blocking GC Explicit
08-03 19:38:33.211 29683 29683 D AndroidRuntime: >>>>>> START com.android.internal.os.RuntimeInit uid 2000 <<<<<<
08-03 19:38:33.217 29683 29683 D AndroidRuntime: CheckJNI is OFF
08-03 19:38:33.254 24974 29343 I art     : Explicit concurrent mark sweep GC freed 3(96B) AllocSpace objects, 0(0B) LOS objects, 27% free, 41MB/57MB, paused 1.641ms total 64.106ms
08-03 19:38:33.263 29683 29683 D ICU     : No timezone override file found: /data/misc/zoneinfo/current/icu/icu_tzdata.dat
08-03 19:38:33.269 24974 29343 I art     : Starting a blocking GC Explicit
08-03 19:38:33.311 29683 29683 I Radio-JNI: register_android_hardware_Radio DONE
08-03 19:38:33.334 24974 29343 I art     : Explicit concurrent mark sweep GC freed 3(96B) AllocSpace objects, 0(0B) LOS objects, 27% free, 41MB/57MB, paused 1.572ms total 64.068ms
08-03 19:38:33.341 29683 29683 D AndroidRuntime: Calling main entry com.android.commands.input.Input
08-03 19:38:33.343 29683 29683 I Input   : injectKeyEvent: KeyEvent { action=ACTION_DOWN, keyCode=KEYCODE_BACK, scanCode=0, metaState=0, flags=0x0, repeatCount=0, eventTime=646729755, downTime=646729755, deviceId=-1, source=0x101 }
08-03 19:38:33.349 24974 29343 I art     : Starting a blocking GC Explicit
08-03 19:38:33.352 29683 29683 I Input   : injectKeyEvent: KeyEvent { action=ACTION_UP, keyCode=KEYCODE_BACK, scanCode=0, metaState=0, flags=0x0, repeatCount=0, eventTime=646729755, downTime=646729755, deviceId=-1, source=0x101 }
08-03 19:38:33.359 29683 29683 D AndroidRuntime: Shutting down VM
08-03 19:38:33.406 24974 29343 I art     : Explicit concurrent mark sweep GC freed 326(65KB) AllocSpace objects, 4(80KB) LOS objects, 27% free, 41MB/57MB, paused 1.573ms total 56.560ms
08-03 19:38:33.406 24974 24984 I art     : WaitForGcToComplete blocked for 44.502ms for cause HeapTrim
08-03 19:38:33.570 13866 13866 I GoogleInputMethodServic: GoogleInputMethodService.onFinishInput():3138 
08-03 19:38:33.571 13866 13866 I GoogleInputMethodServic: GoogleInputMethodService.onStartInput():1808 
08-03 19:38:33.767 24974 27925 I art     : Starting a blocking GC Explicit
08-03 19:38:33.850 24974 27925 I art     : Explicit concurrent mark sweep GC freed 9626(610KB) AllocSpace objects, 9(180KB) LOS objects, 27% free, 42MB/58MB, paused 2.128ms total 82.325ms
08-03 19:38:33.868 24974 27925 I art     : Starting a blocking GC Explicit
08-03 19:38:33.938 24974 27925 I art     : Explicit concurrent mark sweep GC freed 213(8KB) AllocSpace objects, 0(0B) LOS objects, 27% free, 42MB/58MB, paused 1.711ms total 69.645ms
08-03 19:38:33.957 24974 27925 I art     : Starting a blocking GC Explicit
08-03 19:38:34.014 24974 27925 I art     : Explicit concurrent mark sweep GC freed 453(19KB) AllocSpace objects, 0(0B) LOS objects, 27% free, 42MB/58MB, paused 1.433ms total 57.193ms
08-03 19:38:34.031 24974 27925 I art     : Starting a blocking GC Explicit
08-03 19:38:34.088 24974 27925 I art     : Explicit concurrent mark sweep GC freed 131(6KB) AllocSpace objects, 0(0B) LOS objects, 27% free, 41MB/57MB, paused 1.550ms total 56.970ms
08-03 19:38:34.103 24974 27925 I art     : Starting a blocking GC Explicit
08-03 19:38:34.128   518   646 I ThermalEngine: ACTION: GPU - Setting GPU[0] to 390000000
08-03 19:38:34.186 24974 27925 I art     : Explicit concurrent mark sweep GC freed 1689(66KB) AllocSpace objects, 0(0B) LOS objects, 27% free, 42MB/58MB, paused 2.451ms total 83.099ms
08-03 19:38:34.191 24974 29377 E baseline.com.newsblur.network.APIResponse: Error (unexpected end of stream on https://www.newsblur.com/...) calling https://www.newsblur.com/reader/feed_unread_count?feed_id=0
08-03 19:38:34.191 24974 29377 E baseline.com.newsblur.network.APIResponse: java.io.IOException: unexpected end of stream on https://www.newsblur.com/...
08-03 19:38:34.191 24974 29377 E baseline.com.newsblur.network.APIResponse: 	at okhttp3.internal.http1.Http1ExchangeCodec.readResponseHeaders(Http1ExchangeCodec.java:236)
08-03 19:38:34.191 24974 29377 E baseline.com.newsblur.network.APIResponse: 	at okhttp3.internal.connection.Exchange.readResponseHeaders(Exchange.java:115)
08-03 19:38:34.191 24974 29377 E baseline.com.newsblur.network.APIResponse: 	at okhttp3.internal.http.CallServerInterceptor.intercept(CallServerInterceptor.java:94)
08-03 19:38:34.191 24974 29377 E baseline.com.newsblur.network.APIResponse: 	at okhttp3.internal.http.RealInterceptorChain.proceed(RealInterceptorChain.java:142)
08-03 19:38:34.191 24974 29377 E baseline.com.newsblur.network.APIResponse: 	at okhttp3.internal.connection.ConnectInterceptor.intercept(ConnectInterceptor.java:43)
08-03 19:38:34.191 24974 29377 E baseline.com.newsblur.network.APIResponse: 	at okhttp3.internal.http.RealInterceptorChain.proceed(RealInterceptorChain.java:142)
08-03 19:38:34.191 24974 29377 E baseline.com.newsblur.network.APIResponse: 	at okhttp3.internal.http.RealInterceptorChain.proceed(RealInterceptorChain.java:117)
08-03 19:38:34.191 24974 29377 E baseline.com.newsblur.network.APIResponse: 	at okhttp3.internal.cache.CacheInterceptor.intercept(CacheInterceptor.java:94)
08-03 19:38:34.191 24974 29377 E baseline.com.newsblur.network.APIResponse: 	at okhttp3.internal.http.RealInterceptorChain.proceed(RealInterceptorChain.java:142)
08-03 19:38:34.191 24974 29377 E baseline.com.newsblur.network.APIResponse: 	at okhttp3.internal.http.RealInterceptorChain.proceed(RealInterceptorChain.java:117)
08-03 19:38:34.191 24974 29377 E baseline.com.newsblur.network.APIResponse: 	at okhttp3.internal.http.BridgeInterceptor.intercept(BridgeInterceptor.java:93)
08-03 19:38:34.191 24974 29377 E baseline.com.newsblur.network.APIResponse: 	at okhttp3.internal.http.RealInterceptorChain.proceed(RealInterceptorChain.java:142)
08-03 19:38:34.191 24974 29377 E baseline.com.newsblur.network.APIResponse: 	at okhttp3.internal.http.RetryAndFollowUpInterceptor.intercept(RetryAndFollowUpInterceptor.java:88)
08-03 19:38:34.191 24974 29377 E baseline.com.newsblur.network.APIResponse: 	at okhttp3.internal.http.RealInterceptorChain.proceed(RealInterceptorChain.java:142)
08-03 19:38:34.191 24974 29377 E baseline.com.newsblur.network.APIResponse: 	at okhttp3.internal.http.RealInterceptorChain.proceed(RealInterceptorChain.java:117)
08-03 19:38:34.191 24974 29377 E baseline.com.newsblur.network.APIResponse: 	at okhttp3.RealCall.getResponseWithInterceptorChain(RealCall.java:229)
08-03 19:38:34.191 24974 29377 E baseline.com.newsblur.network.APIResponse: 	at okhttp3.RealCall.execute(RealCall.java:81)
08-03 19:38:34.191 24974 29377 E baseline.com.newsblur.network.APIResponse: 	at baseline.com.newsblur.network.APIResponse.<init>(APIResponse.java:57)
08-03 19:38:34.191 24974 29377 E baseline.com.newsblur.network.APIResponse: 	at baseline.com.newsblur.network.APIManager.get_single(APIManager.java:639)
08-03 19:38:34.191 24974 29377 E baseline.com.newsblur.network.APIResponse: 	at baseline.com.newsblur.network.APIManager.get(APIManager.java:625)
08-03 19:38:34.191 24974 29377 E baseline.com.newsblur.network.APIResponse: 	at baseline.com.newsblur.network.APIManager.get(APIManager.java:667)
08-03 19:38:34.191 24974 29377 E baseline.com.newsblur.network.APIResponse: 	at baseline.com.newsblur.network.APIManager.getFeedUnreadCounts(APIManager.java:274)
08-03 19:38:34.191 24974 29377 E baseline.com.newsblur.network.APIResponse: 	at baseline.com.newsblur.service.NBSyncService.checkRecounts(NBSyncService.java:660)
08-03 19:38:34.191 24974 29377 E baseline.com.newsblur.network.APIResponse: 	at baseline.com.newsblur.service.NBSyncService.doSync(NBSyncService.java:310)
08-03 19:38:34.191 24974 29377 E baseline.com.newsblur.network.APIResponse: 	at baseline.com.newsblur.service.NBSyncService.access$100(NBSyncService.java:67)
08-03 19:38:34.191 24974 29377 E baseline.com.newsblur.network.APIResponse: 	at baseline.com.newsblur.service.NBSyncService$1.run(NBSyncService.java:188)
08-03 19:38:34.191 24974 29377 E baseline.com.newsblur.network.APIResponse: 	at java.util.concurrent.ThreadPoolExecutor.runWorker(ThreadPoolExecutor.java:1113)
08-03 19:38:34.191 24974 29377 E baseline.com.newsblur.network.APIResponse: 	at java.util.concurrent.ThreadPoolExecutor$Worker.run(ThreadPoolExecutor.java:588)
08-03 19:38:34.191 24974 29377 E baseline.com.newsblur.network.APIResponse: 	at java.lang.Thread.run(Thread.java:818)
08-03 19:38:34.191 24974 29377 E baseline.com.newsblur.network.APIResponse: Caused by: java.io.EOFException: \n not found: limit=0 content=
08-03 19:38:34.191 24974 29377 E baseline.com.newsblur.network.APIResponse: 	at okio.RealBufferedSource.readUtf8LineStrict(RealBufferedSource.java:240)
08-03 19:38:34.191 24974 29377 E baseline.com.newsblur.network.APIResponse: 	at okhttp3.internal.http1.Http1ExchangeCodec.readHeaderLine(Http1ExchangeCodec.java:242)
08-03 19:38:34.191 24974 29377 E baseline.com.newsblur.network.APIResponse: 	at okhttp3.internal.http1.Http1ExchangeCodec.readResponseHeaders(Http1ExchangeCodec.java:213)
08-03 19:38:34.191 24974 29377 E baseline.com.newsblur.network.APIResponse: 	... 28 more
08-03 19:38:34.192 24974 29377 I baseline.com.newsblur.network.APIManager: API call failed, pausing before retry number 2
08-03 19:38:34.624 24974 29343 I art     : Starting a blocking GC Explicit
08-03 19:38:34.704 24974 29343 I art     : Explicit concurrent mark sweep GC freed 2386(294KB) AllocSpace objects, 3(60KB) LOS objects, 27% free, 41MB/57MB, paused 2.316ms total 79.866ms
08-03 19:38:34.727 24974 29343 I art     : Starting a blocking GC Explicit
08-03 19:38:34.803 24974 29343 I art     : Explicit concurrent mark sweep GC freed 88(3KB) AllocSpace objects, 0(0B) LOS objects, 27% free, 41MB/57MB, paused 2.503ms total 75.425ms
08-03 19:38:34.826 24974 29343 I art     : Starting a blocking GC Explicit
08-03 19:38:34.904 24974 29343 I art     : Explicit concurrent mark sweep GC freed 15(480B) AllocSpace objects, 0(0B) LOS objects, 27% free, 41MB/57MB, paused 2.353ms total 76.861ms
08-03 19:38:34.927 24974 29343 I art     : Starting a blocking GC Explicit
08-03 19:38:35.005 24974 29343 I art     : Explicit concurrent mark sweep GC freed 15(480B) AllocSpace objects, 0(0B) LOS objects, 27% free, 41MB/57MB, paused 2.178ms total 78.254ms
08-03 19:38:35.028 24974 29343 I art     : Starting a blocking GC Explicit
08-03 19:38:35.101 24974 29343 I art     : Explicit concurrent mark sweep GC freed 4(128B) AllocSpace objects, 0(0B) LOS objects, 27% free, 41MB/57MB, paused 2.591ms total 73.098ms
08-03 19:38:35.325 29739 29739 D AndroidRuntime: >>>>>> START com.android.internal.os.RuntimeInit uid 2000 <<<<<<
08-03 19:38:35.332 29739 29739 D AndroidRuntime: CheckJNI is OFF
08-03 19:38:35.384 29739 29739 D ICU     : No timezone override file found: /data/misc/zoneinfo/current/icu/icu_tzdata.dat
08-03 19:38:35.431 29739 29739 I Radio-JNI: register_android_hardware_Radio DONE
08-03 19:38:35.464 29739 29739 D AndroidRuntime: Calling main entry com.android.commands.am.Am
08-03 19:38:35.477 29687 29687 I Trepn   : Trepn 6.2s: Received intent: com.quicinc.trepn.stop_profiling
08-03 19:38:35.508 29687 29687 I Trepn   : Trepn 6.2s: Trepn has Stopped Profiling.
08-03 19:38:35.520 24974 24985 I art     : Starting a blocking GC Explicit
08-03 19:38:35.599 24974 24985 I art     : Explicit concurrent mark sweep GC freed 1438(82KB) AllocSpace objects, 1(20KB) LOS objects, 27% free, 41MB/57MB, paused 2.327ms total 78.528ms
08-03 19:38:35.621 24974 24985 I art     : Starting a blocking GC Explicit
08-03 19:38:35.640 29739 29739 D AndroidRuntime: Shutting down VM
08-03 19:38:35.644   918   929 W AppOps  : Finishing op nesting under-run: uid 10078 pkg com.quicinc.trepn code 24 time=0 duration=0 nesting=0
08-03 19:38:35.690 24974 24985 I art     : Explicit concurrent mark sweep GC freed 22(784B) AllocSpace objects, 0(0B) LOS objects, 27% free, 41MB/57MB, paused 2.027ms total 69.006ms
08-03 19:38:35.711 24974 24985 I art     : Starting a blocking GC Explicit
08-03 19:38:35.784 24974 24985 I art     : Explicit concurrent mark sweep GC freed 3(96B) AllocSpace objects, 0(0B) LOS objects, 27% free, 41MB/57MB, paused 2.343ms total 72.046ms
08-03 19:38:35.807 24974 24985 I art     : Starting a blocking GC Explicit
08-03 19:38:35.891 24974 24985 I art     : Explicit concurrent mark sweep GC freed 3(96B) AllocSpace objects, 0(0B) LOS objects, 27% free, 41MB/57MB, paused 2.598ms total 84.030ms
08-03 19:38:35.914 24974 24985 I art     : Starting a blocking GC Explicit
08-03 19:38:35.988 24974 24985 I art     : Explicit concurrent mark sweep GC freed 3(96B) AllocSpace objects, 0(0B) LOS objects, 27% free, 41MB/57MB, paused 2.243ms total 74.168ms
08-03 19:38:36.642   918  3188 I hubconnection: sensorhub said: 'set_bias 3: -6.0576, 0.0000, 0.0000'
08-03 19:38:37.771 24974 29377 E baseline.com.newsblur.network.APIResponse: Error (unexpected end of stream on https://www.newsblur.com/...) calling https://www.newsblur.com/reader/feed_unread_count?feed_id=0
08-03 19:38:37.771 24974 29377 E baseline.com.newsblur.network.APIResponse: java.io.IOException: unexpected end of stream on https://www.newsblur.com/...
08-03 19:38:37.771 24974 29377 E baseline.com.newsblur.network.APIResponse: 	at okhttp3.internal.http1.Http1ExchangeCodec.readResponseHeaders(Http1ExchangeCodec.java:236)
08-03 19:38:37.771 24974 29377 E baseline.com.newsblur.network.APIResponse: 	at okhttp3.internal.connection.Exchange.readResponseHeaders(Exchange.java:115)
08-03 19:38:37.771 24974 29377 E baseline.com.newsblur.network.APIResponse: 	at okhttp3.internal.http.CallServerInterceptor.intercept(CallServerInterceptor.java:94)
08-03 19:38:37.771 24974 29377 E baseline.com.newsblur.network.APIResponse: 	at okhttp3.internal.http.RealInterceptorChain.proceed(RealInterceptorChain.java:142)
08-03 19:38:37.771 24974 29377 E baseline.com.newsblur.network.APIResponse: 	at okhttp3.internal.connection.ConnectInterceptor.intercept(ConnectInterceptor.java:43)
08-03 19:38:37.771 24974 29377 E baseline.com.newsblur.network.APIResponse: 	at okhttp3.internal.http.RealInterceptorChain.proceed(RealInterceptorChain.java:142)
08-03 19:38:37.771 24974 29377 E baseline.com.newsblur.network.APIResponse: 	at okhttp3.internal.http.RealInterceptorChain.proceed(RealInterceptorChain.java:117)
08-03 19:38:37.771 24974 29377 E baseline.com.newsblur.network.APIResponse: 	at okhttp3.internal.cache.CacheInterceptor.intercept(CacheInterceptor.java:94)
08-03 19:38:37.771 24974 29377 E baseline.com.newsblur.network.APIResponse: 	at okhttp3.internal.http.RealInterceptorChain.proceed(RealInterceptorChain.java:142)
08-03 19:38:37.771 24974 29377 E baseline.com.newsblur.network.APIResponse: 	at okhttp3.internal.http.RealInterceptorChain.proceed(RealInterceptorChain.java:117)
08-03 19:38:37.771 24974 29377 E baseline.com.newsblur.network.APIResponse: 	at okhttp3.internal.http.BridgeInterceptor.intercept(BridgeInterceptor.java:93)
08-03 19:38:37.771 24974 29377 E baseline.com.newsblur.network.APIResponse: 	at okhttp3.internal.http.RealInterceptorChain.proceed(RealInterceptorChain.java:142)
08-03 19:38:37.771 24974 29377 E baseline.com.newsblur.network.APIResponse: 	at okhttp3.internal.http.RetryAndFollowUpInterceptor.intercept(RetryAndFollowUpInterceptor.java:88)
08-03 19:38:37.771 24974 29377 E baseline.com.newsblur.network.APIResponse: 	at okhttp3.internal.http.RealInterceptorChain.proceed(RealInterceptorChain.java:142)
08-03 19:38:37.771 24974 29377 E baseline.com.newsblur.network.APIResponse: 	at okhttp3.internal.http.RealInterceptorChain.proceed(RealInterceptorChain.java:117)
08-03 19:38:37.771 24974 29377 E baseline.com.newsblur.network.APIResponse: 	at okhttp3.RealCall.getResponseWithInterceptorChain(RealCall.java:229)
08-03 19:38:37.771 24974 29377 E baseline.com.newsblur.network.APIResponse: 	at okhttp3.RealCall.execute(RealCall.java:81)
08-03 19:38:37.771 24974 29377 E baseline.com.newsblur.network.APIResponse: 	at baseline.com.newsblur.network.APIResponse.<init>(APIResponse.java:57)
08-03 19:38:37.771 24974 29377 E baseline.com.newsblur.network.APIResponse: 	at baseline.com.newsblur.network.APIManager.get_single(APIManager.java:639)
08-03 19:38:37.771 24974 29377 E baseline.com.newsblur.network.APIResponse: 	at baseline.com.newsblur.network.APIManager.get(APIManager.java:625)
08-03 19:38:37.771 24974 29377 E baseline.com.newsblur.network.APIResponse: 	at baseline.com.newsblur.network.APIManager.get(APIManager.java:667)
08-03 19:38:37.771 24974 29377 E baseline.com.newsblur.network.APIResponse: 	at baseline.com.newsblur.network.APIManager.getFeedUnreadCounts(APIManager.java:274)
08-03 19:38:37.771 24974 29377 E baseline.com.newsblur.network.APIResponse: 	at baseline.com.newsblur.service.NBSyncService.checkRecounts(NBSyncService.java:660)
08-03 19:38:37.771 24974 29377 E baseline.com.newsblur.network.APIResponse: 	at baseline.com.newsblur.service.NBSyncService.doSync(NBSyncService.java:310)
08-03 19:38:37.771 24974 29377 E baseline.com.newsblur.network.APIResponse: 	at baseline.com.newsblur.service.NBSyncService.access$100(NBSyncService.java:67)
08-03 19:38:37.771 24974 29377 E baseline.com.newsblur.network.APIResponse: 	at baseline.com.newsblur.service.NBSyncService$1.run(NBSyncService.java:188)
08-03 19:38:37.771 24974 29377 E baseline.com.newsblur.network.APIResponse: 	at java.util.concurrent.ThreadPoolExecutor.runWorker(ThreadPoolExecutor.java:1113)
08-03 19:38:37.771 24974 29377 E baseline.com.newsblur.network.APIResponse: 	at java.util.concurrent.ThreadPoolExecutor$Worker.run(ThreadPoolExecutor.java:588)
08-03 19:38:37.771 24974 29377 E baseline.com.newsblur.network.APIResponse: 	at java.lang.Thread.run(Thread.java:818)
08-03 19:38:37.771 24974 29377 E baseline.com.newsblur.network.APIResponse: Caused by: java.io.EOFException: \n not found: limit=0 content=
08-03 19:38:37.771 24974 29377 E baseline.com.newsblur.network.APIResponse: 	at okio.RealBufferedSource.readUtf8LineStrict(RealBufferedSource.java:240)
08-03 19:38:37.771 24974 29377 E baseline.com.newsblur.network.APIResponse: 	at okhttp3.internal.http1.Http1ExchangeCodec.readHeaderLine(Http1ExchangeCodec.java:242)
08-03 19:38:37.771 24974 29377 E baseline.com.newsblur.network.APIResponse: 	at okhttp3.internal.http1.Http1ExchangeCodec.readResponseHeaders(Http1ExchangeCodec.java:213)
08-03 19:38:37.771 24974 29377 E baseline.com.newsblur.network.APIResponse: 	... 28 more
08-03 19:38:37.773 24974 29377 W baseline.com.newsblur.service.NBSyncService: Bad response to feed_unread_count
08-03 19:38:38.135   518   646 I ThermalEngine: ACTION: GPU - Setting GPU[0] to 450000000
