--------- beginning of main
08-03 17:29:40.716  1766  1766 I ServiceManager: Waiting for service AtCmdFwd...
08-03 17:29:41.427  3828  3828 D AndroidRuntime: >>>>>> START com.android.internal.os.RuntimeInit uid 2000 <<<<<<
08-03 17:29:41.434  3828  3828 D AndroidRuntime: CheckJNI is OFF
08-03 17:29:41.470  3828  3828 D ICU     : No timezone override file found: /data/misc/zoneinfo/current/icu/icu_tzdata.dat
08-03 17:29:41.606  3828  3828 I Radio-JNI: register_android_hardware_Radio DONE
08-03 17:29:41.625  3828  3828 D AndroidRuntime: Calling main entry com.android.commands.monkey.Monkey
--------- beginning of system
08-03 17:29:41.648   918   931 W BroadcastQueue: Skipping deliver [background] BroadcastRecord{65b0551 u-1 android.net.conn.CONNECTIVITY_CHANGE} to ReceiverList{e0621b6 3828 (unknown name)/2000/u-1 remote:39d3fdb}: process crashing
08-03 17:29:41.661   918  6110 I ActivityManager: START u0 {act=android.intent.action.MAIN cat=[android.intent.category.LAUNCHER] flg=0x10200000 cmp=baseline.com.newsblur/.activity.InitActivity} from uid 2000 on display 0
08-03 17:29:41.702  3828  3828 I art     : System.exit called, status: 0
08-03 17:29:41.703  3828  3828 I AndroidRuntime: VM exiting with result code 0.
08-03 17:29:41.718  1766  1766 I ServiceManager: Waiting for service AtCmdFwd...
08-03 17:29:41.763 26488 26488 I baseline.com.newsblur.activity.InitActivity: cold launching version 9.0b1
08-03 17:29:41.772  6202 24327 I PBSessionCacheImpl: Deleted sessionId[27278280657311515] from persistence.
08-03 17:29:41.775 26488  3839 D OpenGLRenderer: Use EGL_SWAP_BEHAVIOR_PRESERVED: true
08-03 17:29:41.781  6202  6241 W SearchServiceCore: Abort, client detached.
08-03 17:29:41.783  6202  6241 I MicroDetectionState: Should stop hotword detection immediately - true
08-03 17:29:41.819 26488  3839 I Adreno  : QUALCOMM build                   : fcf4852, I1af360237c
08-03 17:29:41.819 26488  3839 I Adreno  : Build Date                       : 09/23/15
08-03 17:29:41.819 26488  3839 I Adreno  : OpenGL ES Shader Compiler Version: XE031.05.13.02
08-03 17:29:41.819 26488  3839 I Adreno  : Local Branch                     : mybranch14465806
08-03 17:29:41.819 26488  3839 I Adreno  : Remote Branch                    : quic/LA.BF64.1.2.9_v2
08-03 17:29:41.819 26488  3839 I Adreno  : Remote Branch                    : NONE
08-03 17:29:41.819 26488  3839 I Adreno  : Reconstruct Branch               : NOTHING
08-03 17:29:41.825   918  3359 I ActivityManager: START u0 {cmp=baseline.com.newsblur/.activity.Main} from uid 10625 on display 0
08-03 17:29:41.830 26488  3839 I OpenGLRenderer: Initialized EGL, version 1.4
08-03 17:29:41.855   918  6112 W InputMethodManagerService: Focus gain on non-focused client com.android.internal.view.IInputMethodClient$Stub$Proxy@d726af9 (uid=10625 pid=26488)
08-03 17:29:42.052 26488 26488 I art     : Rejecting re-init on previously-failed class java.lang.Class<androidx.core.view.ViewCompat$OnUnhandledKeyEventListenerWrapper>
08-03 17:29:42.054 26488 26488 I art     : Rejecting re-init on previously-failed class java.lang.Class<androidx.core.view.ViewCompat$OnUnhandledKeyEventListenerWrapper>
08-03 17:29:42.090 26488 26488 E BitmapFactory: Unable to decode stream: java.io.FileNotFoundException: /data/user/0/baseline.com.newsblur/cache/userProfilePicture: open failed: ENOENT (No such file or directory)
08-03 17:29:42.371   918   936 I ActivityManager: Displayed baseline.com.newsblur/.activity.Main: +515ms (total +702ms)
08-03 17:29:42.390 13866 13866 I GoogleInputMethodServic: GoogleInputMethodService.onFinishInput():3138 
08-03 17:29:42.390 13866 13866 I GoogleInputMethodServic: GoogleInputMethodService.onStartInput():1808 
08-03 17:29:42.719  1766  1766 I ServiceManager: Waiting for service AtCmdFwd...
08-03 17:29:43.268  3867  3867 D AndroidRuntime: >>>>>> START com.android.internal.os.RuntimeInit uid 2000 <<<<<<
08-03 17:29:43.274  3867  3867 D AndroidRuntime: CheckJNI is OFF
08-03 17:29:43.300  3867  3867 D ICU     : No timezone override file found: /data/misc/zoneinfo/current/icu/icu_tzdata.dat
08-03 17:29:43.331  3867  3867 I Radio-JNI: register_android_hardware_Radio DONE
08-03 17:29:43.347  3867  3867 D AndroidRuntime: Calling main entry com.android.commands.am.Am
08-03 17:29:43.361 24512 24512 I Trepn   : Trepn 6.2s: Received intent: com.quicinc.trepn.start_profiling
08-03 17:29:43.509 24512 24512 W FileUtils: Failed to chmod(/storage/emulated/0/trepn/Trepn_2020.08.03_172943.db): android.system.ErrnoException: chmod failed: EPERM (Operation not permitted)
08-03 17:29:43.644 24512 24512 I Trepn   : Trepn 6.2s: Trepn has Started Profiling.
08-03 17:29:43.646  3867  3867 D AndroidRuntime: Shutting down VM
08-03 17:29:43.719  1766  1766 W Atfwd_Sendcmd: AtCmdFwd service not published, waiting... retryCnt : 5
08-03 17:29:44.152 26488 26501 I art     : Starting a blocking GC Explicit
08-03 17:29:44.173 26488 26501 I art     : Explicit concurrent mark sweep GC freed 13566(948KB) AllocSpace objects, 25(680KB) LOS objects, 38% free, 25MB/41MB, paused 203us total 20.684ms
08-03 17:29:44.183 26488 26501 I art     : Starting a blocking GC Explicit
08-03 17:29:44.194 26488 26501 I art     : Explicit concurrent mark sweep GC freed 1142(66KB) AllocSpace objects, 0(0B) LOS objects, 38% free, 25MB/41MB, paused 176us total 11.026ms
08-03 17:29:44.201 26488 26501 I art     : Starting a blocking GC Explicit
08-03 17:29:44.212 26488 26501 I art     : Explicit concurrent mark sweep GC freed 16(736B) AllocSpace objects, 0(0B) LOS objects, 38% free, 25MB/41MB, paused 172us total 10.779ms
08-03 17:29:44.218 26488 26501 I art     : Starting a blocking GC Explicit
08-03 17:29:44.228 26488 26501 I art     : Explicit concurrent mark sweep GC freed 3(96B) AllocSpace objects, 0(0B) LOS objects, 38% free, 25MB/41MB, paused 162us total 9.885ms
08-03 17:29:44.234 26488 26501 I art     : Starting a blocking GC Explicit
08-03 17:29:44.245 26488 26501 I art     : Explicit concurrent mark sweep GC freed 3(96B) AllocSpace objects, 0(0B) LOS objects, 38% free, 25MB/41MB, paused 172us total 10.396ms
08-03 17:29:44.530 26488  3854 I art     : Starting a blocking GC Explicit
08-03 17:29:44.546 26488  3854 I art     : Explicit concurrent mark sweep GC freed 1390(80KB) AllocSpace objects, 1(20KB) LOS objects, 38% free, 25MB/41MB, paused 234us total 15.412ms
08-03 17:29:44.556 26488  3854 I art     : Starting a blocking GC Explicit
08-03 17:29:44.567 26488  3854 I art     : Explicit concurrent mark sweep GC freed 20(704B) AllocSpace objects, 0(0B) LOS objects, 38% free, 25MB/41MB, paused 165us total 11.498ms
08-03 17:29:44.573 26488  3854 I art     : Starting a blocking GC Explicit
08-03 17:29:44.584 26488  3854 I art     : Explicit concurrent mark sweep GC freed 3(96B) AllocSpace objects, 0(0B) LOS objects, 38% free, 25MB/41MB, paused 173us total 10.565ms
08-03 17:29:44.590 26488  3854 I art     : Starting a blocking GC Explicit
08-03 17:29:44.601 26488  3854 I art     : Explicit concurrent mark sweep GC freed 3(96B) AllocSpace objects, 0(0B) LOS objects, 38% free, 25MB/41MB, paused 165us total 10.440ms
08-03 17:29:44.607 26488  3854 I art     : Starting a blocking GC Explicit
08-03 17:29:44.618 26488  3854 I art     : Explicit concurrent mark sweep GC freed 3(96B) AllocSpace objects, 0(0B) LOS objects, 38% free, 25MB/41MB, paused 168us total 10.633ms
08-03 17:29:44.889 26488 26500 I art     : Starting a blocking GC Explicit
08-03 17:29:44.904 26488 26500 I art     : Explicit concurrent mark sweep GC freed 1379(80KB) AllocSpace objects, 1(20KB) LOS objects, 38% free, 25MB/41MB, paused 214us total 14.529ms
08-03 17:29:44.914 26488 26500 I art     : Starting a blocking GC Explicit
08-03 17:29:44.926 26488 26500 I art     : Explicit concurrent mark sweep GC freed 20(704B) AllocSpace objects, 0(0B) LOS objects, 38% free, 25MB/41MB, paused 172us total 11.014ms
08-03 17:29:44.932 26488 26500 I art     : Starting a blocking GC Explicit
08-03 17:29:44.942 26488 26500 I art     : Explicit concurrent mark sweep GC freed 3(96B) AllocSpace objects, 0(0B) LOS objects, 38% free, 25MB/41MB, paused 154us total 10.236ms
08-03 17:29:44.948 26488 26500 I art     : Starting a blocking GC Explicit
08-03 17:29:44.959 26488 26500 I art     : Explicit concurrent mark sweep GC freed 3(96B) AllocSpace objects, 0(0B) LOS objects, 38% free, 25MB/41MB, paused 162us total 10.565ms
08-03 17:29:44.965 26488 26500 I art     : Starting a blocking GC Explicit
08-03 17:29:44.975 26488 26500 I art     : Explicit concurrent mark sweep GC freed 3(96B) AllocSpace objects, 0(0B) LOS objects, 38% free, 25MB/41MB, paused 158us total 10.002ms
08-03 17:29:45.278 26488 26501 I art     : Starting a blocking GC Explicit
08-03 17:29:45.291 26488 26501 I art     : Explicit concurrent mark sweep GC freed 1378(80KB) AllocSpace objects, 1(20KB) LOS objects, 38% free, 25MB/41MB, paused 184us total 13.089ms
08-03 17:29:45.298 26488 26501 I art     : Starting a blocking GC Explicit
08-03 17:29:45.309 26488 26501 I art     : Explicit concurrent mark sweep GC freed 20(704B) AllocSpace objects, 0(0B) LOS objects, 38% free, 25MB/41MB, paused 172us total 11.387ms
08-03 17:29:45.316 26488 26501 I art     : Starting a blocking GC Explicit
08-03 17:29:45.327 26488 26501 I art     : Explicit concurrent mark sweep GC freed 3(96B) AllocSpace objects, 0(0B) LOS objects, 38% free, 25MB/41MB, paused 193us total 10.960ms
08-03 17:29:45.333 26488 26501 I art     : Starting a blocking GC Explicit
08-03 17:29:45.344 26488 26501 I art     : Explicit concurrent mark sweep GC freed 3(96B) AllocSpace objects, 0(0B) LOS objects, 38% free, 25MB/41MB, paused 170us total 10.891ms
08-03 17:29:45.350 26488 26501 I art     : Starting a blocking GC Explicit
08-03 17:29:45.360 26488 26501 I art     : Explicit concurrent mark sweep GC freed 3(96B) AllocSpace objects, 0(0B) LOS objects, 38% free, 25MB/41MB, paused 162us total 10.467ms
08-03 17:29:45.650 26488  3854 I art     : Starting a blocking GC Explicit
08-03 17:29:45.666 26488  3854 I art     : Explicit concurrent mark sweep GC freed 1378(80KB) AllocSpace objects, 1(20KB) LOS objects, 38% free, 25MB/41MB, paused 190us total 15.278ms
08-03 17:29:45.675 26488  3854 I art     : Starting a blocking GC Explicit
08-03 17:29:45.686 26488  3854 I art     : Explicit concurrent mark sweep GC freed 20(704B) AllocSpace objects, 0(0B) LOS objects, 38% free, 25MB/41MB, paused 172us total 10.657ms
08-03 17:29:45.692 26488  3854 I art     : Starting a blocking GC Explicit
08-03 17:29:45.703 26488  3854 I art     : Explicit concurrent mark sweep GC freed 3(96B) AllocSpace objects, 0(0B) LOS objects, 38% free, 25MB/41MB, paused 174us total 11.039ms
08-03 17:29:45.710 26488  3854 I art     : Starting a blocking GC Explicit
08-03 17:29:45.720 26488  3854 I art     : Explicit concurrent mark sweep GC freed 3(96B) AllocSpace objects, 0(0B) LOS objects, 38% free, 25MB/41MB, paused 168us total 10.468ms
08-03 17:29:45.726 26488  3854 I art     : Starting a blocking GC Explicit
08-03 17:29:45.736 26488  3854 I art     : Explicit concurrent mark sweep GC freed 3(96B) AllocSpace objects, 0(0B) LOS objects, 38% free, 25MB/41MB, paused 169us total 10.136ms
08-03 17:29:46.039 26488 26500 I art     : Starting a blocking GC Explicit
08-03 17:29:46.054 26488 26500 I art     : Explicit concurrent mark sweep GC freed 1378(80KB) AllocSpace objects, 1(20KB) LOS objects, 38% free, 25MB/41MB, paused 207us total 14.178ms
08-03 17:29:46.064 26488 26500 I art     : Starting a blocking GC Explicit
08-03 17:29:46.078 26488 26500 I art     : Explicit concurrent mark sweep GC freed 20(704B) AllocSpace objects, 0(0B) LOS objects, 38% free, 25MB/41MB, paused 175us total 13.816ms
08-03 17:29:46.085 26488 26500 I art     : Starting a blocking GC Explicit
08-03 17:29:46.096 26488 26500 I art     : Explicit concurrent mark sweep GC freed 3(96B) AllocSpace objects, 0(0B) LOS objects, 38% free, 25MB/41MB, paused 167us total 10.882ms
08-03 17:29:46.102 26488 26500 I art     : Starting a blocking GC Explicit
08-03 17:29:46.113 26488 26500 I art     : Explicit concurrent mark sweep GC freed 3(96B) AllocSpace objects, 0(0B) LOS objects, 38% free, 25MB/41MB, paused 155us total 10.864ms
08-03 17:29:46.120 26488 26500 I art     : Starting a blocking GC Explicit
08-03 17:29:46.130 26488 26500 I art     : Explicit concurrent mark sweep GC freed 3(96B) AllocSpace objects, 0(0B) LOS objects, 38% free, 25MB/41MB, paused 160us total 10.480ms
08-03 17:29:46.436 26488 26501 I art     : Starting a blocking GC Explicit
08-03 17:29:46.450 26488 26501 I art     : Explicit concurrent mark sweep GC freed 1378(80KB) AllocSpace objects, 1(20KB) LOS objects, 38% free, 25MB/41MB, paused 211us total 13.103ms
08-03 17:29:46.457 26488 26501 I art     : Starting a blocking GC Explicit
08-03 17:29:46.469 26488 26501 I art     : Explicit concurrent mark sweep GC freed 20(704B) AllocSpace objects, 0(0B) LOS objects, 38% free, 25MB/41MB, paused 179us total 11.351ms
08-03 17:29:46.475 26488 26501 I art     : Starting a blocking GC Explicit
08-03 17:29:46.486 26488 26501 I art     : Explicit concurrent mark sweep GC freed 3(96B) AllocSpace objects, 0(0B) LOS objects, 38% free, 25MB/41MB, paused 175us total 11.078ms
08-03 17:29:46.492 26488 26501 I art     : Starting a blocking GC Explicit
08-03 17:29:46.503 26488 26501 I art     : Explicit concurrent mark sweep GC freed 3(96B) AllocSpace objects, 0(0B) LOS objects, 38% free, 25MB/41MB, paused 165us total 10.478ms
08-03 17:29:46.509 26488 26501 I art     : Starting a blocking GC Explicit
08-03 17:29:46.520 26488 26501 I art     : Explicit concurrent mark sweep GC freed 3(96B) AllocSpace objects, 0(0B) LOS objects, 38% free, 25MB/41MB, paused 173us total 10.680ms
08-03 17:29:46.841 26488  3854 I art     : Starting a blocking GC Explicit
08-03 17:29:46.860 26488  3854 I art     : Explicit concurrent mark sweep GC freed 1377(80KB) AllocSpace objects, 1(20KB) LOS objects, 38% free, 25MB/41MB, paused 206us total 18.621ms
08-03 17:29:46.869 26488  3854 I art     : Starting a blocking GC Explicit
08-03 17:29:46.883 26488  3854 I art     : Explicit concurrent mark sweep GC freed 20(704B) AllocSpace objects, 0(0B) LOS objects, 38% free, 25MB/41MB, paused 189us total 13.565ms
08-03 17:29:46.891 26488  3854 I art     : Starting a blocking GC Explicit
08-03 17:29:46.902 26488  3854 I art     : Explicit concurrent mark sweep GC freed 3(96B) AllocSpace objects, 0(0B) LOS objects, 38% free, 25MB/41MB, paused 169us total 10.647ms
08-03 17:29:46.908 26488  3854 I art     : Starting a blocking GC Explicit
08-03 17:29:46.919 26488  3854 I art     : Explicit concurrent mark sweep GC freed 3(96B) AllocSpace objects, 0(0B) LOS objects, 38% free, 25MB/41MB, paused 165us total 10.713ms
08-03 17:29:46.925 26488  3854 I art     : Starting a blocking GC Explicit
08-03 17:29:46.936 26488  3854 I art     : Explicit concurrent mark sweep GC freed 3(96B) AllocSpace objects, 0(0B) LOS objects, 38% free, 25MB/41MB, paused 168us total 10.401ms
08-03 17:29:47.207 26488 26500 I art     : Starting a blocking GC Explicit
08-03 17:29:47.221 26488 26500 I art     : Explicit concurrent mark sweep GC freed 1378(80KB) AllocSpace objects, 1(20KB) LOS objects, 38% free, 25MB/41MB, paused 169us total 13.011ms
08-03 17:29:47.227 26488 26500 I art     : Starting a blocking GC Explicit
08-03 17:29:47.239 26488 26500 I art     : Explicit concurrent mark sweep GC freed 20(704B) AllocSpace objects, 0(0B) LOS objects, 38% free, 25MB/41MB, paused 148us total 11.431ms
08-03 17:29:47.245 26488 26500 I art     : Starting a blocking GC Explicit
08-03 17:29:47.256 26488 26500 I art     : Explicit concurrent mark sweep GC freed 3(96B) AllocSpace objects, 0(0B) LOS objects, 38% free, 25MB/41MB, paused 160us total 10.880ms
08-03 17:29:47.262 26488 26500 I art     : Starting a blocking GC Explicit
08-03 17:29:47.273 26488 26500 I art     : Explicit concurrent mark sweep GC freed 3(96B) AllocSpace objects, 0(0B) LOS objects, 38% free, 25MB/41MB, paused 154us total 10.527ms
08-03 17:29:47.279 26488 26500 I art     : Starting a blocking GC Explicit
08-03 17:29:47.289 26488 26500 I art     : Explicit concurrent mark sweep GC freed 3(96B) AllocSpace objects, 0(0B) LOS objects, 38% free, 25MB/41MB, paused 155us total 10.336ms
08-03 17:29:47.598 26488 26501 I art     : Starting a blocking GC Explicit
08-03 17:29:47.609 26488 26501 I art     : Explicit concurrent mark sweep GC freed 1378(80KB) AllocSpace objects, 1(20KB) LOS objects, 38% free, 25MB/41MB, paused 191us total 11.114ms
08-03 17:29:47.615 26488 26501 I art     : Starting a blocking GC Explicit
08-03 17:29:47.625 26488 26501 I art     : Explicit concurrent mark sweep GC freed 20(704B) AllocSpace objects, 0(0B) LOS objects, 38% free, 25MB/41MB, paused 166us total 9.813ms
08-03 17:29:47.631 26488 26501 I art     : Starting a blocking GC Explicit
08-03 17:29:47.640 26488 26501 I art     : Explicit concurrent mark sweep GC freed 3(96B) AllocSpace objects, 0(0B) LOS objects, 38% free, 25MB/41MB, paused 154us total 9.259ms
08-03 17:29:47.646 26488 26501 I art     : Starting a blocking GC Explicit
08-03 17:29:47.655 26488 26501 I art     : Explicit concurrent mark sweep GC freed 3(96B) AllocSpace objects, 0(0B) LOS objects, 38% free, 25MB/41MB, paused 151us total 9.075ms
08-03 17:29:47.660 26488 26501 I art     : Starting a blocking GC Explicit
08-03 17:29:47.670 26488 26501 I art     : Explicit concurrent mark sweep GC freed 3(96B) AllocSpace objects, 0(0B) LOS objects, 38% free, 25MB/41MB, paused 161us total 9.396ms
08-03 17:29:47.944 26488  3854 I art     : Starting a blocking GC Explicit
08-03 17:29:47.959 26488  3854 I art     : Explicit concurrent mark sweep GC freed 1377(80KB) AllocSpace objects, 1(20KB) LOS objects, 38% free, 25MB/41MB, paused 226us total 14.066ms
08-03 17:29:47.969 26488  3854 I art     : Starting a blocking GC Explicit
08-03 17:29:47.980 26488  3854 I art     : Explicit concurrent mark sweep GC freed 20(704B) AllocSpace objects, 0(0B) LOS objects, 38% free, 25MB/41MB, paused 169us total 11.018ms
08-03 17:29:47.986 26488  3854 I art     : Starting a blocking GC Explicit
08-03 17:29:47.997 26488  3854 I art     : Explicit concurrent mark sweep GC freed 3(96B) AllocSpace objects, 0(0B) LOS objects, 38% free, 25MB/41MB, paused 214us total 10.612ms
08-03 17:29:48.002 26488  3854 I art     : Starting a blocking GC Explicit
08-03 17:29:48.013 26488  3854 I art     : Explicit concurrent mark sweep GC freed 3(96B) AllocSpace objects, 0(0B) LOS objects, 38% free, 25MB/41MB, paused 169us total 10.387ms
08-03 17:29:48.019 26488  3854 I art     : Starting a blocking GC Explicit
08-03 17:29:48.029 26488  3854 I art     : Explicit concurrent mark sweep GC freed 3(96B) AllocSpace objects, 0(0B) LOS objects, 38% free, 25MB/41MB, paused 171us total 10.339ms
08-03 17:29:48.320 26488 26500 I art     : Starting a blocking GC Explicit
08-03 17:29:48.338 26488 26500 I art     : Explicit concurrent mark sweep GC freed 1378(80KB) AllocSpace objects, 1(20KB) LOS objects, 38% free, 25MB/41MB, paused 163us total 17.712ms
08-03 17:29:48.345 26488 26500 I art     : Starting a blocking GC Explicit
08-03 17:29:48.355 26488 26500 I art     : Explicit concurrent mark sweep GC freed 20(704B) AllocSpace objects, 0(0B) LOS objects, 38% free, 25MB/41MB, paused 153us total 10.439ms
08-03 17:29:48.362 26488 26500 I art     : Starting a blocking GC Explicit
08-03 17:29:48.371 26488 26500 I art     : Explicit concurrent mark sweep GC freed 3(96B) AllocSpace objects, 0(0B) LOS objects, 38% free, 25MB/41MB, paused 140us total 9.036ms
08-03 17:29:48.376 26488 26500 I art     : Starting a blocking GC Explicit
08-03 17:29:48.386 26488 26500 I art     : Explicit concurrent mark sweep GC freed 3(96B) AllocSpace objects, 0(0B) LOS objects, 38% free, 25MB/41MB, paused 161us total 9.288ms
08-03 17:29:48.392 26488 26500 I art     : Starting a blocking GC Explicit
08-03 17:29:48.402 26488 26500 I art     : Explicit concurrent mark sweep GC freed 3(96B) AllocSpace objects, 0(0B) LOS objects, 38% free, 25MB/41MB, paused 137us total 9.174ms
08-03 17:29:48.626 26488 26501 I art     : Starting a blocking GC Explicit
08-03 17:29:48.637 26488 26501 I art     : Explicit concurrent mark sweep GC freed 1378(80KB) AllocSpace objects, 1(20KB) LOS objects, 38% free, 25MB/41MB, paused 184us total 11.260ms
08-03 17:29:48.643 26488 26501 I art     : Starting a blocking GC Explicit
08-03 17:29:48.654 26488 26501 I art     : Explicit concurrent mark sweep GC freed 20(704B) AllocSpace objects, 0(0B) LOS objects, 38% free, 25MB/41MB, paused 188us total 10.694ms
08-03 17:29:48.661 26488 26501 I art     : Starting a blocking GC Explicit
08-03 17:29:48.671 26488 26501 I art     : Explicit concurrent mark sweep GC freed 3(96B) AllocSpace objects, 0(0B) LOS objects, 38% free, 25MB/41MB, paused 171us total 10.288ms
08-03 17:29:48.677 26488 26501 I art     : Starting a blocking GC Explicit
08-03 17:29:48.687 26488 26501 I art     : Explicit concurrent mark sweep GC freed 3(96B) AllocSpace objects, 0(0B) LOS objects, 38% free, 25MB/41MB, paused 167us total 10.029ms
08-03 17:29:48.693 26488 26501 I art     : Starting a blocking GC Explicit
08-03 17:29:48.704 26488 26501 I art     : Explicit concurrent mark sweep GC freed 3(96B) AllocSpace objects, 0(0B) LOS objects, 38% free, 25MB/41MB, paused 177us total 10.836ms
08-03 17:29:48.813  4043  4043 D AndroidRuntime: >>>>>> START com.android.internal.os.RuntimeInit uid 2000 <<<<<<
08-03 17:29:48.820  4043  4043 D AndroidRuntime: CheckJNI is OFF
08-03 17:29:48.846  4043  4043 D ICU     : No timezone override file found: /data/misc/zoneinfo/current/icu/icu_tzdata.dat
08-03 17:29:48.871  4043  4043 I Radio-JNI: register_android_hardware_Radio DONE
08-03 17:29:48.887  4043  4043 D AndroidRuntime: Calling main entry com.android.commands.input.Input
08-03 17:29:48.888  4043  4043 I Input   : injectMotionEvent: MotionEvent { action=ACTION_DOWN, actionButton=0, id[0]=0, x[0]=594.0, y[0]=330.0, toolType[0]=TOOL_TYPE_UNKNOWN, buttonState=0, metaState=0, flags=0x0, edgeFlags=0x0, pointerCount=1, historySize=0, eventTime=639005301, downTime=639005301, deviceId=0, source=0x1002 }
08-03 17:29:48.911  4043  4043 I Input   : injectMotionEvent: MotionEvent { action=ACTION_UP, actionButton=0, id[0]=0, x[0]=594.0, y[0]=330.0, toolType[0]=TOOL_TYPE_UNKNOWN, buttonState=0, metaState=0, flags=0x0, edgeFlags=0x0, pointerCount=1, historySize=0, eventTime=639005301, downTime=639005301, deviceId=0, source=0x1002 }
08-03 17:29:48.914  4043  4043 D AndroidRuntime: Shutting down VM
08-03 17:29:48.957 26488 26501 I art     : Starting a blocking GC Explicit
08-03 17:29:48.961   918  3261 D WifiStateMachine: starting scan for "H369AA63323"WPA_PSK with 2412,5180
08-03 17:29:48.968 26488 26501 I art     : Explicit concurrent mark sweep GC freed 1418(81KB) AllocSpace objects, 1(20KB) LOS objects, 38% free, 25MB/41MB, paused 162us total 10.621ms
08-03 17:29:48.973 26488 26501 I art     : Starting a blocking GC Explicit
08-03 17:29:48.985 26488 26501 I art     : Explicit concurrent mark sweep GC freed 31(8KB) AllocSpace objects, 0(0B) LOS objects, 38% free, 25MB/41MB, paused 356us total 11.466ms
08-03 17:29:48.989   918  5132 I ActivityManager: START u0 {cmp=baseline.com.newsblur/.activity.GlobalSharedStoriesItemsList (has extras)} from uid 10625 on display 0
08-03 17:29:48.991 26488 26501 I art     : Starting a blocking GC Explicit
08-03 17:29:49.013 26488 26501 I art     : Explicit concurrent mark sweep GC freed 476(70KB) AllocSpace objects, 1(20KB) LOS objects, 38% free, 25MB/41MB, paused 300us total 22.124ms
08-03 17:29:49.018 26488  4077 I baseline.com.newsblur.database.BlurDatabaseHelper: reading session reset
08-03 17:29:49.020 26488 26501 I art     : Starting a blocking GC Explicit
08-03 17:29:49.039 26488 26501 I art     : Explicit concurrent mark sweep GC freed 756(98KB) AllocSpace objects, 4(172KB) LOS objects, 38% free, 25MB/41MB, paused 2.887ms total 19.635ms
08-03 17:29:49.045 26488 26501 I art     : Starting a blocking GC Explicit
08-03 17:29:49.069 26488 26501 W art     : Suspending all threads took: 8.735ms
08-03 17:29:49.070 26488 26501 I art     : Explicit concurrent mark sweep GC freed 349(50KB) AllocSpace objects, 1(52KB) LOS objects, 38% free, 25MB/41MB, paused 9.224ms total 24.840ms
08-03 17:29:49.209 26488 26488 W View    : requestLayout() improperly called by android.widget.FrameLayout{f1eae95 V.E...... ......ID 0,0-1440,0 #7f07003f app:id/footer_view_inner} during layout: running second layout pass
08-03 17:29:49.209 26488 26488 W View    : requestLayout() improperly called by android.widget.FrameLayout{57febaa V.E...... ......ID 0,0-1440,2091 #7f07003f app:id/footer_view_inner} during layout: running second layout pass
08-03 17:29:49.228   918   936 I ActivityManager: Displayed baseline.com.newsblur/.activity.GlobalSharedStoriesItemsList: +232ms
08-03 17:29:49.228 13866 13866 I GoogleInputMethodServic: GoogleInputMethodService.onFinishInput():3138 
08-03 17:29:49.229 13866 13866 I GoogleInputMethodServic: GoogleInputMethodService.onStartInput():1808 
08-03 17:29:49.290 26488  3854 I art     : Starting a blocking GC Explicit
08-03 17:29:49.304 26488  3854 I art     : Explicit concurrent mark sweep GC freed 8171(587KB) AllocSpace objects, 8(160KB) LOS objects, 37% free, 27MB/43MB, paused 219us total 13.490ms
08-03 17:29:49.311 26488  3854 I art     : Starting a blocking GC Explicit
08-03 17:29:49.323 26488  3854 I art     : Explicit concurrent mark sweep GC freed 342(14KB) AllocSpace objects, 0(0B) LOS objects, 37% free, 27MB/43MB, paused 258us total 12.398ms
08-03 17:29:49.330 26488  3854 I art     : Starting a blocking GC Explicit
08-03 17:29:49.342 26488  3854 I art     : Explicit concurrent mark sweep GC freed 3(96B) AllocSpace objects, 0(0B) LOS objects, 37% free, 27MB/43MB, paused 228us total 12.002ms
08-03 17:29:49.348 26488  3854 I art     : Starting a blocking GC Explicit
08-03 17:29:49.359 26488  3854 I art     : Explicit concurrent mark sweep GC freed 3(96B) AllocSpace objects, 0(0B) LOS objects, 37% free, 27MB/43MB, paused 230us total 10.992ms
08-03 17:29:49.365 26488  3854 I art     : Starting a blocking GC Explicit
08-03 17:29:49.376 26488  3854 I art     : Explicit concurrent mark sweep GC freed 3(96B) AllocSpace objects, 0(0B) LOS objects, 37% free, 27MB/43MB, paused 221us total 11.678ms
08-03 17:29:49.628 26488  4093 I art     : Starting a blocking GC Explicit
08-03 17:29:49.642 26488  4093 I art     : Explicit concurrent mark sweep GC freed 1701(108KB) AllocSpace objects, 2(40KB) LOS objects, 37% free, 27MB/43MB, paused 294us total 14.143ms
08-03 17:29:49.649 26488  4093 I art     : Starting a blocking GC Explicit
08-03 17:29:49.661 26488  4093 I art     : Explicit concurrent mark sweep GC freed 30(1104B) AllocSpace objects, 0(0B) LOS objects, 37% free, 27MB/43MB, paused 248us total 12.135ms
08-03 17:29:49.667 26488  4093 I art     : Starting a blocking GC Explicit
08-03 17:29:49.678 26488  4093 I art     : Explicit concurrent mark sweep GC freed 4(128B) AllocSpace objects, 0(0B) LOS objects, 37% free, 27MB/43MB, paused 233us total 11.005ms
08-03 17:29:49.684 26488  4093 I art     : Starting a blocking GC Explicit
08-03 17:29:49.695 26488  4093 I art     : Explicit concurrent mark sweep GC freed 540(50KB) AllocSpace objects, 2(120KB) LOS objects, 36% free, 27MB/43MB, paused 274us total 10.975ms
08-03 17:29:49.700 26488  4093 I art     : Starting a blocking GC Explicit
08-03 17:29:49.712 26488  4093 I art     : Explicit concurrent mark sweep GC freed 601(26KB) AllocSpace objects, 0(0B) LOS objects, 36% free, 27MB/43MB, paused 334us total 11.828ms
08-03 17:29:49.764 26488  4086 I NAPPA_EXPERIMENTATION: MetricNetworkRequestExecutionTime: REQUEST_DURATION_SYSTEM='522',REQUEST_DURATION_OKHTTP='39',REQUEST_SYNCHRONOUS='TRUE',RESPONSE_CODE='200',RESPONSE_METHOD='GET',RESPONSE_LENGTH_OKHTTP='-1',RESPONSE_LENGTH_HEADER='13047',REQUEST_PROTOCOL='http/1.1',REQUEST_URL='https://www.newsblur.com/social/river_stories?order=newest&page=1&read_filter=all&global_feed=true',
08-03 17:29:49.765 26488  4086 D MY_TAG  : 1, 522
08-03 17:29:49.951 26488  4093 I art     : Starting a blocking GC Explicit
08-03 17:29:49.969 26488  4093 I art     : Explicit concurrent mark sweep GC freed 38938(2MB) AllocSpace objects, 43(1136KB) LOS objects, 36% free, 28MB/44MB, paused 768us total 17.833ms
08-03 17:29:49.976 26488  4093 I art     : Starting a blocking GC Explicit
08-03 17:29:49.991 26488  4093 I art     : Explicit concurrent mark sweep GC freed 3330(250KB) AllocSpace objects, 2(40KB) LOS objects, 36% free, 27MB/43MB, paused 872us total 15.470ms
08-03 17:29:49.996 26488  4120 I NAPPA_EXPERIMENTATION: MetricNetworkRequestExecutionTime: REQUEST_DURATION_SYSTEM='49',REQUEST_DURATION_OKHTTP='46',REQUEST_SYNCHRONOUS='TRUE',RESPONSE_CODE='200',RESPONSE_METHOD='GET',RESPONSE_LENGTH_OKHTTP='43',RESPONSE_LENGTH_HEADER='43',REQUEST_PROTOCOL='http/1.1',REQUEST_URL='http://feeds.feedburner.com/~r/retort/~4/UffaFMiJbNs',
08-03 17:29:49.999 26488  4093 I art     : Starting a blocking GC Explicit
08-03 17:29:50.013 26488  4093 I art     : Explicit concurrent mark sweep GC freed 655(54KB) AllocSpace objects, 1(20KB) LOS objects, 36% free, 27MB/43MB, paused 553us total 14.242ms
08-03 17:29:50.019 26488  4093 I art     : Starting a blocking GC Explicit
08-03 17:29:50.032 26488  4093 I art     : Explicit concurrent mark sweep GC freed 107(5KB) AllocSpace objects, 0(0B) LOS objects, 36% free, 27MB/43MB, paused 541us total 12.957ms
08-03 17:29:50.038 26488  4093 I art     : Starting a blocking GC Explicit
08-03 17:29:50.052 26488  4093 I art     : Explicit concurrent mark sweep GC freed 267(16KB) AllocSpace objects, 0(0B) LOS objects, 36% free, 27MB/43MB, paused 551us total 13.445ms
08-03 17:29:50.309 26488 26500 I art     : Starting a blocking GC Explicit
08-03 17:29:50.329 26488 26500 I art     : Explicit concurrent mark sweep GC freed 19807(930KB) AllocSpace objects, 4(220KB) LOS objects, 36% free, 28MB/44MB, paused 818us total 19.708ms
08-03 17:29:50.335 26488 26500 I art     : Starting a blocking GC Explicit
08-03 17:29:50.351 26488 26500 I art     : Explicit concurrent mark sweep GC freed 1388(133KB) AllocSpace objects, 0(0B) LOS objects, 36% free, 28MB/44MB, paused 600us total 15.618ms
08-03 17:29:50.359 26488 26500 I art     : Starting a blocking GC Explicit
08-03 17:29:50.375 26488 26500 I art     : Explicit concurrent mark sweep GC freed 9(336B) AllocSpace objects, 0(0B) LOS objects, 36% free, 28MB/44MB, paused 599us total 16.040ms
08-03 17:29:50.381 26488 26500 I art     : Starting a blocking GC Explicit
08-03 17:29:50.398 26488 26500 I art     : Explicit concurrent mark sweep GC freed 6(192B) AllocSpace objects, 0(0B) LOS objects, 36% free, 28MB/44MB, paused 591us total 16.589ms
08-03 17:29:50.400 26488  4123 I NAPPA_EXPERIMENTATION: MetricNetworkRequestExecutionTime: REQUEST_DURATION_SYSTEM='464',REQUEST_DURATION_OKHTTP='93',REQUEST_SYNCHRONOUS='TRUE',RESPONSE_CODE='200',RESPONSE_METHOD='GET',RESPONSE_LENGTH_OKHTTP='477',RESPONSE_LENGTH_HEADER='477',REQUEST_PROTOCOL='http/1.1',REQUEST_URL='https://s3.amazonaws.com/icons.newsblur.com/5762506.png',
08-03 17:29:50.404 26488 26500 I art     : Starting a blocking GC Explicit
08-03 17:29:50.419 26488  4125 I NAPPA_EXPERIMENTATION: MetricNetworkRequestExecutionTime: REQUEST_DURATION_SYSTEM='445',REQUEST_DURATION_OKHTTP='238',REQUEST_SYNCHRONOUS='TRUE',RESPONSE_CODE='200',RESPONSE_METHOD='GET',RESPONSE_LENGTH_OKHTTP='56376',RESPONSE_LENGTH_HEADER='56376',REQUEST_PROTOCOL='h2',REQUEST_URL='https://images.fastcompany.net/image/upload/w_1280,q_auto,f_auto,fl_lossy/wp-cms/uploads/2020/07/p-1-quit-after-covid.jpg',
08-03 17:29:50.422 26488  4127 I NAPPA_EXPERIMENTATION: MetricNetworkRequestExecutionTime: REQUEST_DURATION_SYSTEM='438',REQUEST_DURATION_OKHTTP='240',REQUEST_SYNCHRONOUS='TRUE',RESPONSE_CODE='200',RESPONSE_METHOD='GET',RESPONSE_LENGTH_OKHTTP='24098',RESPONSE_LENGTH_HEADER='24098',REQUEST_PROTOCOL='h2',REQUEST_URL='https://i.cbc.ca/1.5665164.1595891792!/cpImage/httpImage/image.jpg_gen/derivatives/16x9_460/ont-windsor-hum-20200727.jpg',
08-03 17:29:50.423 26488 26500 I art     : Explicit concurrent mark sweep GC freed 610(68KB) AllocSpace objects, 2(40KB) LOS objects, 36% free, 28MB/44MB, paused 973us total 18.104ms
08-03 17:29:50.433 26488  4129 I NAPPA_EXPERIMENTATION: MetricNetworkRequestExecutionTime: REQUEST_DURATION_SYSTEM='440',REQUEST_DURATION_OKHTTP='252',REQUEST_SYNCHRONOUS='TRUE',RESPONSE_CODE='200',RESPONSE_METHOD='GET',RESPONSE_LENGTH_OKHTTP='1883',RESPONSE_LENGTH_HEADER='1883',REQUEST_PROTOCOL='h2',REQUEST_URL='https://pbs.twimg.com/profile_images/847818629840228354/VXyQHfn0_normal.jpg',
08-03 17:29:50.458 26488  4122 I NAPPA_EXPERIMENTATION: MetricNetworkRequestExecutionTime: REQUEST_DURATION_SYSTEM='503',REQUEST_DURATION_OKHTTP='277',REQUEST_SYNCHRONOUS='TRUE',RESPONSE_CODE='200',RESPONSE_METHOD='GET',RESPONSE_LENGTH_OKHTTP='79351',RESPONSE_LENGTH_HEADER='79351',REQUEST_PROTOCOL='h2',REQUEST_URL='https://images.fastcompany.net/image/upload/w_1280,q_auto,f_auto,fl_lossy/wp-cms/uploads/2020/07/p-1-90532920-this-chart-shows-how-effective-masks-can-be.png',
08-03 17:29:50.490 26488  4119 I NAPPA_EXPERIMENTATION: MetricNetworkRequestExecutionTime: REQUEST_DURATION_SYSTEM='574',REQUEST_DURATION_OKHTTP='158',REQUEST_SYNCHRONOUS='TRUE',RESPONSE_CODE='200',RESPONSE_METHOD='GET',RESPONSE_LENGTH_OKHTTP='145',RESPONSE_LENGTH_HEADER='145',REQUEST_PROTOCOL='http/1.1',REQUEST_URL='https://s3.amazonaws.com/icons.newsblur.com/6882243.png',
08-03 17:29:50.594 26488  4126 I NAPPA_EXPERIMENTATION: MetricNetworkRequestExecutionTime: REQUEST_DURATION_SYSTEM='639',REQUEST_DURATION_OKHTTP='58',REQUEST_SYNCHRONOUS='TRUE',RESPONSE_CODE='200',RESPONSE_METHOD='GET',RESPONSE_LENGTH_OKHTTP='477',RESPONSE_LENGTH_HEADER='477',REQUEST_PROTOCOL='http/1.1',REQUEST_URL='https://s3.amazonaws.com/icons.newsblur.com/5762506.png',
08-03 17:29:50.643 26488  4130 I NAPPA_EXPERIMENTATION: MetricNetworkRequestExecutionTime: REQUEST_DURATION_SYSTEM='669',REQUEST_DURATION_OKHTTP='102',REQUEST_SYNCHRONOUS='TRUE',RESPONSE_CODE='200',RESPONSE_METHOD='GET',RESPONSE_LENGTH_OKHTTP='796',RESPONSE_LENGTH_HEADER='796',REQUEST_PROTOCOL='http/1.1',REQUEST_URL='https://s3.amazonaws.com/icons.newsblur.com/6326827.png',
08-03 17:29:50.647 26488  4121 I NAPPA_EXPERIMENTATION: MetricNetworkRequestExecutionTime: REQUEST_DURATION_SYSTEM='721',REQUEST_DURATION_OKHTTP='107',REQUEST_SYNCHRONOUS='TRUE',RESPONSE_CODE='200',RESPONSE_METHOD='GET',RESPONSE_LENGTH_OKHTTP='243',RESPONSE_LENGTH_HEADER='243',REQUEST_PROTOCOL='http/1.1',REQUEST_URL='https://s3.amazonaws.com/icons.newsblur.com/18178.png',
08-03 17:29:50.670 26488 26501 I art     : Starting a blocking GC Explicit
08-03 17:29:50.687 26488 26501 I art     : Explicit concurrent mark sweep GC freed 12182(696KB) AllocSpace objects, 27(7MB) LOS objects, 33% free, 32MB/48MB, paused 431us total 17.260ms
08-03 17:29:50.693 26488 26501 I art     : Starting a blocking GC Explicit
08-03 17:29:50.709 26488 26501 I art     : Explicit concurrent mark sweep GC freed 810(55KB) AllocSpace objects, 2(40KB) LOS objects, 33% free, 32MB/48MB, paused 364us total 15.792ms
08-03 17:29:50.716 26488 26501 I art     : Starting a blocking GC Explicit
08-03 17:29:50.719 26488  4128 I NAPPA_EXPERIMENTATION: MetricNetworkRequestExecutionTime: REQUEST_DURATION_SYSTEM='756',REQUEST_DURATION_OKHTTP='46',REQUEST_SYNCHRONOUS='TRUE',RESPONSE_CODE='200',RESPONSE_METHOD='GET',RESPONSE_LENGTH_OKHTTP='2228',RESPONSE_LENGTH_HEADER='2228',REQUEST_PROTOCOL='http/1.1',REQUEST_URL='https://s3.amazonaws.com/icons.newsblur.com/7702341.png',
08-03 17:29:50.731 26488 26501 I art     : Explicit concurrent mark sweep GC freed 346(33KB) AllocSpace objects, 3(60KB) LOS objects, 33% free, 32MB/48MB, paused 336us total 15.172ms
08-03 17:29:50.737 26488 26501 I art     : Starting a blocking GC Explicit
08-03 17:29:50.752 26488 26501 I art     : Explicit concurrent mark sweep GC freed 329(37KB) AllocSpace objects, 0(0B) LOS objects, 33% free, 32MB/48MB, paused 307us total 14.469ms
08-03 17:29:50.759 26488 26501 I art     : Starting a blocking GC Explicit
08-03 17:29:50.772 26488 26501 I art     : Explicit concurrent mark sweep GC freed 68(2304B) AllocSpace objects, 0(0B) LOS objects, 33% free, 32MB/48MB, paused 295us total 12.766ms
08-03 17:29:51.069 26488  4093 I art     : Starting a blocking GC Explicit
08-03 17:29:51.083 26488  4093 I art     : Explicit concurrent mark sweep GC freed 1385(82KB) AllocSpace objects, 1(20KB) LOS objects, 33% free, 32MB/48MB, paused 328us total 14.605ms
08-03 17:29:51.090 26488  4093 I art     : Starting a blocking GC Explicit
08-03 17:29:51.103 26488  4093 I art     : Explicit concurrent mark sweep GC freed 20(704B) AllocSpace objects, 0(0B) LOS objects, 33% free, 32MB/48MB, paused 322us total 13.610ms
08-03 17:29:51.110 26488  4093 I art     : Starting a blocking GC Explicit
08-03 17:29:51.123 26488  4093 I art     : Explicit concurrent mark sweep GC freed 3(96B) AllocSpace objects, 0(0B) LOS objects, 33% free, 32MB/48MB, paused 318us total 12.634ms
08-03 17:29:51.128 26488  4093 I art     : Starting a blocking GC Explicit
08-03 17:29:51.141 26488  4093 I art     : Explicit concurrent mark sweep GC freed 3(96B) AllocSpace objects, 0(0B) LOS objects, 33% free, 32MB/48MB, paused 311us total 12.618ms
08-03 17:29:51.147 26488  4093 I art     : Starting a blocking GC Explicit
08-03 17:29:51.159 26488  4093 I art     : Explicit concurrent mark sweep GC freed 3(96B) AllocSpace objects, 0(0B) LOS objects, 33% free, 32MB/48MB, paused 321us total 12.551ms
08-03 17:29:51.468 26488  3854 I art     : Starting a blocking GC Explicit
08-03 17:29:51.484 26488  3854 I art     : Explicit concurrent mark sweep GC freed 1385(80KB) AllocSpace objects, 1(20KB) LOS objects, 33% free, 32MB/48MB, paused 350us total 16.347ms
08-03 17:29:51.491 26488  3854 I art     : Starting a blocking GC Explicit
08-03 17:29:51.506 26488  3854 I art     : Explicit concurrent mark sweep GC freed 20(704B) AllocSpace objects, 0(0B) LOS objects, 33% free, 32MB/48MB, paused 324us total 14.605ms
08-03 17:29:51.512 26488  3854 I art     : Starting a blocking GC Explicit
08-03 17:29:51.527 26488  3854 I art     : Explicit concurrent mark sweep GC freed 3(96B) AllocSpace objects, 0(0B) LOS objects, 33% free, 32MB/48MB, paused 388us total 14.419ms
08-03 17:29:51.533 26488  3854 I art     : Starting a blocking GC Explicit
08-03 17:29:51.548 26488  3854 I art     : Explicit concurrent mark sweep GC freed 3(96B) AllocSpace objects, 0(0B) LOS objects, 33% free, 32MB/48MB, paused 333us total 14.416ms
08-03 17:29:51.554 26488  3854 I art     : Starting a blocking GC Explicit
08-03 17:29:51.569 26488  3854 I art     : Explicit concurrent mark sweep GC freed 3(96B) AllocSpace objects, 0(0B) LOS objects, 33% free, 32MB/48MB, paused 328us total 14.667ms
08-03 17:29:51.878 26488 26500 I art     : Starting a blocking GC Explicit
08-03 17:29:51.896 26488 26500 I art     : Explicit concurrent mark sweep GC freed 1384(80KB) AllocSpace objects, 1(20KB) LOS objects, 33% free, 32MB/48MB, paused 358us total 17.776ms
08-03 17:29:51.905 26488 26500 I art     : Starting a blocking GC Explicit
08-03 17:29:51.920 26488 26500 I art     : Explicit concurrent mark sweep GC freed 20(704B) AllocSpace objects, 0(0B) LOS objects, 33% free, 32MB/48MB, paused 307us total 14.175ms
08-03 17:29:51.926 26488 26500 I art     : Starting a blocking GC Explicit
08-03 17:29:51.940 26488 26500 I art     : Explicit concurrent mark sweep GC freed 3(96B) AllocSpace objects, 0(0B) LOS objects, 33% free, 32MB/48MB, paused 330us total 14.191ms
08-03 17:29:51.946 26488 26500 I art     : Starting a blocking GC Explicit
08-03 17:29:51.961 26488 26500 I art     : Explicit concurrent mark sweep GC freed 3(96B) AllocSpace objects, 0(0B) LOS objects, 33% free, 32MB/48MB, paused 356us total 14.029ms
08-03 17:29:51.967 26488 26500 I art     : Starting a blocking GC Explicit
08-03 17:29:51.981 26488 26500 I art     : Explicit concurrent mark sweep GC freed 3(96B) AllocSpace objects, 0(0B) LOS objects, 33% free, 32MB/48MB, paused 323us total 14.071ms
08-03 17:29:52.291 26488 26501 I art     : Starting a blocking GC Explicit
08-03 17:29:52.309 26488 26501 I art     : Explicit concurrent mark sweep GC freed 1384(80KB) AllocSpace objects, 1(20KB) LOS objects, 33% free, 32MB/48MB, paused 358us total 17.551ms
08-03 17:29:52.317 26488 26501 I art     : Starting a blocking GC Explicit
08-03 17:29:52.332 26488 26501 I art     : Explicit concurrent mark sweep GC freed 20(704B) AllocSpace objects, 0(0B) LOS objects, 33% free, 32MB/48MB, paused 324us total 14.424ms
08-03 17:29:52.338 26488 26501 I art     : Starting a blocking GC Explicit
08-03 17:29:52.352 26488 26501 I art     : Explicit concurrent mark sweep GC freed 3(96B) AllocSpace objects, 0(0B) LOS objects, 33% free, 32MB/48MB, paused 320us total 14.310ms
08-03 17:29:52.359 26488 26501 I art     : Starting a blocking GC Explicit
08-03 17:29:52.374 26488 26501 I art     : Explicit concurrent mark sweep GC freed 3(96B) AllocSpace objects, 0(0B) LOS objects, 33% free, 32MB/48MB, paused 366us total 14.603ms
08-03 17:29:52.380 26488 26501 I art     : Starting a blocking GC Explicit
08-03 17:29:52.395 26488 26501 I art     : Explicit concurrent mark sweep GC freed 3(96B) AllocSpace objects, 0(0B) LOS objects, 33% free, 32MB/48MB, paused 323us total 14.453ms
08-03 17:29:52.710 26488  4093 I art     : Starting a blocking GC Explicit
08-03 17:29:52.728 26488  4093 I art     : Explicit concurrent mark sweep GC freed 1385(80KB) AllocSpace objects, 1(20KB) LOS objects, 33% free, 32MB/48MB, paused 354us total 18.484ms
08-03 17:29:52.735 26488  4093 I art     : Starting a blocking GC Explicit
08-03 17:29:52.750 26488  4093 I art     : Explicit concurrent mark sweep GC freed 20(704B) AllocSpace objects, 0(0B) LOS objects, 33% free, 32MB/48MB, paused 297us total 14.986ms
08-03 17:29:52.757 26488  4093 I art     : Starting a blocking GC Explicit
08-03 17:29:52.771 26488  4093 I art     : Explicit concurrent mark sweep GC freed 3(96B) AllocSpace objects, 0(0B) LOS objects, 33% free, 32MB/48MB, paused 318us total 14.481ms
08-03 17:29:52.778 26488  4093 I art     : Starting a blocking GC Explicit
08-03 17:29:52.792 26488  4093 I art     : Explicit concurrent mark sweep GC freed 3(96B) AllocSpace objects, 0(0B) LOS objects, 33% free, 32MB/48MB, paused 323us total 14.344ms
08-03 17:29:52.799 26488  4093 I art     : Starting a blocking GC Explicit
08-03 17:29:52.813 26488  4093 I art     : Explicit concurrent mark sweep GC freed 3(96B) AllocSpace objects, 0(0B) LOS objects, 33% free, 32MB/48MB, paused 329us total 14.385ms
08-03 17:29:53.128 26488  3854 I art     : Starting a blocking GC Explicit
08-03 17:29:53.146 26488  3854 I art     : Explicit concurrent mark sweep GC freed 1384(80KB) AllocSpace objects, 1(20KB) LOS objects, 33% free, 32MB/48MB, paused 358us total 17.939ms
08-03 17:29:53.157 26488  3854 I art     : Starting a blocking GC Explicit
08-03 17:29:53.172 26488  3854 I art     : Explicit concurrent mark sweep GC freed 20(704B) AllocSpace objects, 0(0B) LOS objects, 33% free, 32MB/48MB, paused 382us total 14.642ms
08-03 17:29:53.178 26488  3854 I art     : Starting a blocking GC Explicit
08-03 17:29:53.192 26488  3854 I art     : Explicit concurrent mark sweep GC freed 3(96B) AllocSpace objects, 0(0B) LOS objects, 33% free, 32MB/48MB, paused 315us total 13.904ms
08-03 17:29:53.198 26488  3854 I art     : Starting a blocking GC Explicit
08-03 17:29:53.213 26488  3854 I art     : Explicit concurrent mark sweep GC freed 3(96B) AllocSpace objects, 0(0B) LOS objects, 33% free, 32MB/48MB, paused 316us total 14.046ms
08-03 17:29:53.219 26488  3854 I art     : Starting a blocking GC Explicit
08-03 17:29:53.232 26488  3854 I art     : Explicit concurrent mark sweep GC freed 3(96B) AllocSpace objects, 0(0B) LOS objects, 33% free, 32MB/48MB, paused 311us total 13.220ms
08-03 17:29:53.540 26488 26500 I art     : Starting a blocking GC Explicit
08-03 17:29:53.557 26488 26500 I art     : Explicit concurrent mark sweep GC freed 1384(80KB) AllocSpace objects, 1(20KB) LOS objects, 33% free, 32MB/48MB, paused 336us total 16.298ms
08-03 17:29:53.563 26488 26500 I art     : Starting a blocking GC Explicit
08-03 17:29:53.579 26488 26500 I art     : Explicit concurrent mark sweep GC freed 20(704B) AllocSpace objects, 0(0B) LOS objects, 33% free, 32MB/48MB, paused 340us total 15.412ms
08-03 17:29:53.585 26488 26500 I art     : Starting a blocking GC Explicit
08-03 17:29:53.600 26488 26500 I art     : Explicit concurrent mark sweep GC freed 3(96B) AllocSpace objects, 0(0B) LOS objects, 33% free, 32MB/48MB, paused 334us total 14.542ms
08-03 17:29:53.606 26488 26500 I art     : Starting a blocking GC Explicit
08-03 17:29:53.621 26488 26500 I art     : Explicit concurrent mark sweep GC freed 3(96B) AllocSpace objects, 0(0B) LOS objects, 33% free, 32MB/48MB, paused 332us total 14.379ms
08-03 17:29:53.627 26488 26500 I art     : Starting a blocking GC Explicit
08-03 17:29:53.642 26488 26500 I art     : Explicit concurrent mark sweep GC freed 3(96B) AllocSpace objects, 0(0B) LOS objects, 33% free, 32MB/48MB, paused 315us total 14.321ms
08-03 17:29:53.957 26488 26501 I art     : Starting a blocking GC Explicit
08-03 17:29:53.977 26488 26501 I art     : Explicit concurrent mark sweep GC freed 1384(80KB) AllocSpace objects, 1(20KB) LOS objects, 33% free, 32MB/48MB, paused 507us total 18.927ms
08-03 17:29:53.987 26488 26501 I art     : Starting a blocking GC Explicit
08-03 17:29:54.001 26488 26501 I art     : Explicit concurrent mark sweep GC freed 20(704B) AllocSpace objects, 0(0B) LOS objects, 33% free, 32MB/48MB, paused 320us total 14.036ms
08-03 17:29:54.007 26488 26501 I art     : Starting a blocking GC Explicit
08-03 17:29:54.022 26488 26501 I art     : Explicit concurrent mark sweep GC freed 3(96B) AllocSpace objects, 0(0B) LOS objects, 33% free, 32MB/48MB, paused 315us total 14.199ms
08-03 17:29:54.028 26488 26501 I art     : Starting a blocking GC Explicit
08-03 17:29:54.042 26488 26501 I art     : Explicit concurrent mark sweep GC freed 3(96B) AllocSpace objects, 0(0B) LOS objects, 33% free, 32MB/48MB, paused 320us total 14.066ms
08-03 17:29:54.048 26488 26501 I art     : Starting a blocking GC Explicit
08-03 17:29:54.062 26488 26501 I art     : Explicit concurrent mark sweep GC freed 3(96B) AllocSpace objects, 0(0B) LOS objects, 33% free, 32MB/48MB, paused 312us total 13.935ms
08-03 17:29:54.387 26488  4093 I art     : Starting a blocking GC Explicit
08-03 17:29:54.406 26488  4093 I art     : Explicit concurrent mark sweep GC freed 1384(80KB) AllocSpace objects, 1(20KB) LOS objects, 33% free, 32MB/48MB, paused 351us total 18.408ms
08-03 17:29:54.416 26488  4093 I art     : Starting a blocking GC Explicit
08-03 17:29:54.430 26488  4093 I art     : Explicit concurrent mark sweep GC freed 20(704B) AllocSpace objects, 0(0B) LOS objects, 33% free, 32MB/48MB, paused 318us total 14.155ms
08-03 17:29:54.436 26488  4093 I art     : Starting a blocking GC Explicit
08-03 17:29:54.451 26488  4093 I art     : Explicit concurrent mark sweep GC freed 3(96B) AllocSpace objects, 0(0B) LOS objects, 33% free, 32MB/48MB, paused 315us total 13.994ms
08-03 17:29:54.457 26488  4093 I art     : Starting a blocking GC Explicit
08-03 17:29:54.471 26488  4093 I art     : Explicit concurrent mark sweep GC freed 3(96B) AllocSpace objects, 0(0B) LOS objects, 33% free, 32MB/48MB, paused 328us total 13.994ms
08-03 17:29:54.477 26488  4093 I art     : Starting a blocking GC Explicit
08-03 17:29:54.492 26488  4093 I art     : Explicit concurrent mark sweep GC freed 3(96B) AllocSpace objects, 0(0B) LOS objects, 33% free, 32MB/48MB, paused 323us total 14.198ms
08-03 17:29:54.840 26488  3854 I art     : Starting a blocking GC Explicit
08-03 17:29:54.859 26488  3854 I art     : Explicit concurrent mark sweep GC freed 1384(80KB) AllocSpace objects, 1(20KB) LOS objects, 33% free, 32MB/48MB, paused 350us total 18.655ms
08-03 17:29:54.870 26488  3854 I art     : Starting a blocking GC Explicit
08-03 17:29:54.884 26488  3854 I art     : Explicit concurrent mark sweep GC freed 20(704B) AllocSpace objects, 0(0B) LOS objects, 33% free, 32MB/48MB, paused 331us total 14.287ms
08-03 17:29:54.891 26488  3854 I art     : Starting a blocking GC Explicit
08-03 17:29:54.905 26488  3854 I art     : Explicit concurrent mark sweep GC freed 3(96B) AllocSpace objects, 0(0B) LOS objects, 33% free, 32MB/48MB, paused 323us total 14.173ms
08-03 17:29:54.911 26488  3854 I art     : Starting a blocking GC Explicit
08-03 17:29:54.925 26488  3854 I art     : Explicit concurrent mark sweep GC freed 3(96B) AllocSpace objects, 0(0B) LOS objects, 33% free, 32MB/48MB, paused 310us total 13.784ms
08-03 17:29:54.931 26488  3854 I art     : Starting a blocking GC Explicit
08-03 17:29:54.945 26488  3854 I art     : Explicit concurrent mark sweep GC freed 3(96B) AllocSpace objects, 0(0B) LOS objects, 33% free, 32MB/48MB, paused 320us total 13.855ms
08-03 17:29:55.240 26488 26500 I art     : Starting a blocking GC Explicit
08-03 17:29:55.258 26488 26500 I art     : Explicit concurrent mark sweep GC freed 1384(80KB) AllocSpace objects, 1(20KB) LOS objects, 33% free, 32MB/48MB, paused 485us total 17.342ms
08-03 17:29:55.267 26488 26500 I art     : Starting a blocking GC Explicit
08-03 17:29:55.282 26488 26500 I art     : Explicit concurrent mark sweep GC freed 20(704B) AllocSpace objects, 0(0B) LOS objects, 33% free, 32MB/48MB, paused 345us total 14.592ms
08-03 17:29:55.289 26488 26500 I art     : Starting a blocking GC Explicit
08-03 17:29:55.303 26488 26500 I art     : Explicit concurrent mark sweep GC freed 3(96B) AllocSpace objects, 0(0B) LOS objects, 33% free, 32MB/48MB, paused 330us total 14.053ms
08-03 17:29:55.309 26488 26500 I art     : Starting a blocking GC Explicit
08-03 17:29:55.323 26488 26500 I art     : Explicit concurrent mark sweep GC freed 3(96B) AllocSpace objects, 0(0B) LOS objects, 33% free, 32MB/48MB, paused 313us total 14.219ms
08-03 17:29:55.330 26488 26500 I art     : Starting a blocking GC Explicit
08-03 17:29:55.345 26488 26500 I art     : Explicit concurrent mark sweep GC freed 3(96B) AllocSpace objects, 0(0B) LOS objects, 33% free, 32MB/48MB, paused 326us total 14.452ms
08-03 17:29:55.658 26488 26501 I art     : Starting a blocking GC Explicit
08-03 17:29:55.676 26488 26501 I art     : Explicit concurrent mark sweep GC freed 1384(80KB) AllocSpace objects, 1(20KB) LOS objects, 33% free, 32MB/48MB, paused 350us total 18.202ms
08-03 17:29:55.686 26488 26501 I art     : Starting a blocking GC Explicit
08-03 17:29:55.700 26488 26501 I art     : Explicit concurrent mark sweep GC freed 20(704B) AllocSpace objects, 0(0B) LOS objects, 33% free, 32MB/48MB, paused 352us total 14.314ms
08-03 17:29:55.706 26488 26501 I art     : Starting a blocking GC Explicit
08-03 17:29:55.721 26488 26501 I art     : Explicit concurrent mark sweep GC freed 3(96B) AllocSpace objects, 0(0B) LOS objects, 33% free, 32MB/48MB, paused 321us total 14.080ms
08-03 17:29:55.727 26488 26501 I art     : Starting a blocking GC Explicit
08-03 17:29:55.741 26488 26501 I art     : Explicit concurrent mark sweep GC freed 3(96B) AllocSpace objects, 0(0B) LOS objects, 33% free, 32MB/48MB, paused 346us total 13.839ms
08-03 17:29:55.747 26488 26501 I art     : Starting a blocking GC Explicit
08-03 17:29:55.761 26488 26501 I art     : Explicit concurrent mark sweep GC freed 3(96B) AllocSpace objects, 0(0B) LOS objects, 33% free, 32MB/48MB, paused 321us total 14.107ms
08-03 17:29:56.048 26488  4093 I art     : Starting a blocking GC Explicit
08-03 17:29:56.065 26488  4093 I art     : Explicit concurrent mark sweep GC freed 1384(80KB) AllocSpace objects, 1(20KB) LOS objects, 33% free, 32MB/48MB, paused 352us total 16.752ms
08-03 17:29:56.074 26488  4093 I art     : Starting a blocking GC Explicit
08-03 17:29:56.089 26488  4093 I art     : Explicit concurrent mark sweep GC freed 20(704B) AllocSpace objects, 0(0B) LOS objects, 33% free, 32MB/48MB, paused 337us total 14.285ms
08-03 17:29:56.096 26488  4093 I art     : Starting a blocking GC Explicit
08-03 17:29:56.109 26488  4093 I art     : Explicit concurrent mark sweep GC freed 3(96B) AllocSpace objects, 0(0B) LOS objects, 33% free, 32MB/48MB, paused 303us total 12.667ms
08-03 17:29:56.115 26488  4093 I art     : Starting a blocking GC Explicit
08-03 17:29:56.129 26488  4093 I art     : Explicit concurrent mark sweep GC freed 3(96B) AllocSpace objects, 0(0B) LOS objects, 33% free, 32MB/48MB, paused 314us total 13.357ms
08-03 17:29:56.135 26488  4093 I art     : Starting a blocking GC Explicit
08-03 17:29:56.148 26488  4093 I art     : Explicit concurrent mark sweep GC freed 3(96B) AllocSpace objects, 0(0B) LOS objects, 33% free, 32MB/48MB, paused 313us total 13.133ms
08-03 17:29:56.480 26488  3854 I art     : Starting a blocking GC Explicit
08-03 17:29:56.500 26488  3854 I art     : Explicit concurrent mark sweep GC freed 1384(80KB) AllocSpace objects, 1(20KB) LOS objects, 33% free, 32MB/48MB, paused 358us total 20.049ms
08-03 17:29:56.510 26488  3854 I art     : Starting a blocking GC Explicit
08-03 17:29:56.524 26488  3854 I art     : Explicit concurrent mark sweep GC freed 20(704B) AllocSpace objects, 0(0B) LOS objects, 33% free, 32MB/48MB, paused 308us total 14.451ms
08-03 17:29:56.530 26488  3854 I art     : Starting a blocking GC Explicit
08-03 17:29:56.545 26488  3854 I art     : Explicit concurrent mark sweep GC freed 3(96B) AllocSpace objects, 0(0B) LOS objects, 33% free, 32MB/48MB, paused 328us total 13.942ms
08-03 17:29:56.551 26488  3854 I art     : Starting a blocking GC Explicit
08-03 17:29:56.565 26488  3854 I art     : Explicit concurrent mark sweep GC freed 3(96B) AllocSpace objects, 0(0B) LOS objects, 33% free, 32MB/48MB, paused 321us total 14.180ms
08-03 17:29:56.571 26488  3854 I art     : Starting a blocking GC Explicit
08-03 17:29:56.585 26488  3854 I art     : Explicit concurrent mark sweep GC freed 3(96B) AllocSpace objects, 0(0B) LOS objects, 33% free, 32MB/48MB, paused 331us total 13.967ms
08-03 17:29:56.910 26488 26500 I art     : Starting a blocking GC Explicit
08-03 17:29:56.927 26488 26500 I art     : Explicit concurrent mark sweep GC freed 1384(80KB) AllocSpace objects, 1(20KB) LOS objects, 33% free, 32MB/48MB, paused 354us total 16.905ms
08-03 17:29:56.933 26488 26500 I art     : Starting a blocking GC Explicit
08-03 17:29:56.949 26488 26500 I art     : Explicit concurrent mark sweep GC freed 20(704B) AllocSpace objects, 0(0B) LOS objects, 33% free, 32MB/48MB, paused 325us total 15.062ms
08-03 17:29:56.956 26488 26500 I art     : Starting a blocking GC Explicit
08-03 17:29:56.970 26488 26500 I art     : Explicit concurrent mark sweep GC freed 3(96B) AllocSpace objects, 0(0B) LOS objects, 33% free, 32MB/48MB, paused 333us total 14.414ms
08-03 17:29:56.977 26488 26500 I art     : Starting a blocking GC Explicit
08-03 17:29:56.991 26488 26500 I art     : Explicit concurrent mark sweep GC freed 3(96B) AllocSpace objects, 0(0B) LOS objects, 33% free, 32MB/48MB, paused 381us total 14.611ms
08-03 17:29:56.999 26488 26500 I art     : Starting a blocking GC Explicit
08-03 17:29:57.013 26488 26500 I art     : Explicit concurrent mark sweep GC freed 3(96B) AllocSpace objects, 0(0B) LOS objects, 33% free, 32MB/48MB, paused 326us total 14.111ms
08-03 17:29:57.324 26488 26501 I art     : Starting a blocking GC Explicit
08-03 17:29:57.343 26488 26501 I art     : Explicit concurrent mark sweep GC freed 1384(80KB) AllocSpace objects, 1(20KB) LOS objects, 33% free, 32MB/48MB, paused 385us total 18.343ms
08-03 17:29:57.352 26488 26501 I art     : Starting a blocking GC Explicit
08-03 17:29:57.367 26488 26501 I art     : Explicit concurrent mark sweep GC freed 20(704B) AllocSpace objects, 0(0B) LOS objects, 33% free, 32MB/48MB, paused 376us total 14.366ms
08-03 17:29:57.373 26488 26501 I art     : Starting a blocking GC Explicit
08-03 17:29:57.387 26488 26501 I art     : Explicit concurrent mark sweep GC freed 3(96B) AllocSpace objects, 0(0B) LOS objects, 33% free, 32MB/48MB, paused 341us total 13.046ms
08-03 17:29:57.392 26488 26501 I art     : Starting a blocking GC Explicit
08-03 17:29:57.406 26488 26501 I art     : Explicit concurrent mark sweep GC freed 3(96B) AllocSpace objects, 0(0B) LOS objects, 33% free, 32MB/48MB, paused 279us total 13.901ms
08-03 17:29:57.412 26488 26501 I art     : Starting a blocking GC Explicit
08-03 17:29:57.425 26488 26501 I art     : Explicit concurrent mark sweep GC freed 3(96B) AllocSpace objects, 0(0B) LOS objects, 33% free, 32MB/48MB, paused 309us total 12.775ms
08-03 17:29:57.737 26488  4093 I art     : Starting a blocking GC Explicit
08-03 17:29:57.752 26488  4093 I art     : Explicit concurrent mark sweep GC freed 1384(80KB) AllocSpace objects, 1(20KB) LOS objects, 33% free, 32MB/48MB, paused 339us total 15.280ms
08-03 17:29:57.759 26488  4093 I art     : Starting a blocking GC Explicit
08-03 17:29:57.773 26488  4093 I art     : Explicit concurrent mark sweep GC freed 20(704B) AllocSpace objects, 0(0B) LOS objects, 33% free, 32MB/48MB, paused 312us total 13.940ms
08-03 17:29:57.778 26488  4093 I art     : Starting a blocking GC Explicit
08-03 17:29:57.792 26488  4093 I art     : Explicit concurrent mark sweep GC freed 3(96B) AllocSpace objects, 0(0B) LOS objects, 33% free, 32MB/48MB, paused 316us total 13.275ms
08-03 17:29:57.798 26488  4093 I art     : Starting a blocking GC Explicit
08-03 17:29:57.812 26488  4093 I art     : Explicit concurrent mark sweep GC freed 3(96B) AllocSpace objects, 0(0B) LOS objects, 33% free, 32MB/48MB, paused 314us total 13.981ms
08-03 17:29:57.818 26488  4093 I art     : Starting a blocking GC Explicit
08-03 17:29:57.833 26488  4093 I art     : Explicit concurrent mark sweep GC freed 3(96B) AllocSpace objects, 0(0B) LOS objects, 33% free, 32MB/48MB, paused 320us total 14.155ms
08-03 17:29:58.148 26488  3854 I art     : Starting a blocking GC Explicit
08-03 17:29:58.166 26488  3854 I art     : Explicit concurrent mark sweep GC freed 1384(80KB) AllocSpace objects, 1(20KB) LOS objects, 33% free, 32MB/48MB, paused 344us total 18.255ms
08-03 17:29:58.175 26488  3854 I art     : Starting a blocking GC Explicit
08-03 17:29:58.189 26488  3854 I art     : Explicit concurrent mark sweep GC freed 20(704B) AllocSpace objects, 0(0B) LOS objects, 33% free, 32MB/48MB, paused 326us total 14.181ms
08-03 17:29:58.196 26488  3854 I art     : Starting a blocking GC Explicit
08-03 17:29:58.210 26488  3854 I art     : Explicit concurrent mark sweep GC freed 3(96B) AllocSpace objects, 0(0B) LOS objects, 33% free, 32MB/48MB, paused 340us total 14.353ms
08-03 17:29:58.216 26488  3854 I art     : Starting a blocking GC Explicit
08-03 17:29:58.231 26488  3854 I art     : Explicit concurrent mark sweep GC freed 3(96B) AllocSpace objects, 0(0B) LOS objects, 33% free, 32MB/48MB, paused 311us total 14.097ms
08-03 17:29:58.237 26488  3854 I art     : Starting a blocking GC Explicit
08-03 17:29:58.251 26488  3854 I art     : Explicit concurrent mark sweep GC freed 3(96B) AllocSpace objects, 0(0B) LOS objects, 33% free, 32MB/48MB, paused 315us total 13.919ms
08-03 17:29:58.550 26488 26500 I art     : Starting a blocking GC Explicit
08-03 17:29:58.568 26488 26500 I art     : Explicit concurrent mark sweep GC freed 1384(80KB) AllocSpace objects, 1(20KB) LOS objects, 33% free, 32MB/48MB, paused 366us total 18.049ms
08-03 17:29:58.579 26488 26500 I art     : Starting a blocking GC Explicit
08-03 17:29:58.593 26488 26500 I art     : Explicit concurrent mark sweep GC freed 20(704B) AllocSpace objects, 0(0B) LOS objects, 33% free, 32MB/48MB, paused 299us total 14.073ms
08-03 17:29:58.599 26488 26500 I art     : Starting a blocking GC Explicit
08-03 17:29:58.614 26488 26500 I art     : Explicit concurrent mark sweep GC freed 3(96B) AllocSpace objects, 0(0B) LOS objects, 33% free, 32MB/48MB, paused 318us total 14.108ms
08-03 17:29:58.620 26488 26500 I art     : Starting a blocking GC Explicit
08-03 17:29:58.634 26488 26500 I art     : Explicit concurrent mark sweep GC freed 3(96B) AllocSpace objects, 0(0B) LOS objects, 33% free, 32MB/48MB, paused 329us total 13.959ms
08-03 17:29:58.640 26488 26500 I art     : Starting a blocking GC Explicit
08-03 17:29:58.654 26488 26500 I art     : Explicit concurrent mark sweep GC freed 3(96B) AllocSpace objects, 0(0B) LOS objects, 33% free, 32MB/48MB, paused 324us total 14.129ms
08-03 17:29:58.952 26488 26501 I art     : Starting a blocking GC Explicit
08-03 17:29:58.970 26488 26501 I art     : Explicit concurrent mark sweep GC freed 1384(80KB) AllocSpace objects, 1(20KB) LOS objects, 33% free, 32MB/48MB, paused 346us total 18.286ms
08-03 17:29:58.979 26488 26501 I art     : Starting a blocking GC Explicit
08-03 17:29:58.993 26488 26501 I art     : Explicit concurrent mark sweep GC freed 20(704B) AllocSpace objects, 0(0B) LOS objects, 33% free, 32MB/48MB, paused 316us total 13.947ms
08-03 17:29:58.999 26488 26501 I art     : Starting a blocking GC Explicit
08-03 17:29:59.014 26488 26501 I art     : Explicit concurrent mark sweep GC freed 3(96B) AllocSpace objects, 0(0B) LOS objects, 33% free, 32MB/48MB, paused 325us total 14.233ms
08-03 17:29:59.020 26488 26501 I art     : Starting a blocking GC Explicit
08-03 17:29:59.034 26488 26501 I art     : Explicit concurrent mark sweep GC freed 3(96B) AllocSpace objects, 0(0B) LOS objects, 33% free, 32MB/48MB, paused 316us total 13.950ms
08-03 17:29:59.040 26488 26501 I art     : Starting a blocking GC Explicit
08-03 17:29:59.055 26488 26501 I art     : Explicit concurrent mark sweep GC freed 3(96B) AllocSpace objects, 0(0B) LOS objects, 33% free, 32MB/48MB, paused 327us total 14.089ms
08-03 17:29:59.307 26488  4093 I art     : Starting a blocking GC Explicit
08-03 17:29:59.323 26488  4093 I art     : Explicit concurrent mark sweep GC freed 1384(80KB) AllocSpace objects, 1(20KB) LOS objects, 33% free, 32MB/48MB, paused 334us total 15.012ms
08-03 17:29:59.329 26488  4093 I art     : Starting a blocking GC Explicit
08-03 17:29:59.344 26488  4093 I art     : Explicit concurrent mark sweep GC freed 20(704B) AllocSpace objects, 0(0B) LOS objects, 33% free, 32MB/48MB, paused 324us total 14.164ms
08-03 17:29:59.350 26488  4093 I art     : Starting a blocking GC Explicit
08-03 17:29:59.364 26488  4093 I art     : Explicit concurrent mark sweep GC freed 3(96B) AllocSpace objects, 0(0B) LOS objects, 33% free, 32MB/48MB, paused 331us total 14.209ms
08-03 17:29:59.370 26488  4093 I art     : Starting a blocking GC Explicit
08-03 17:29:59.385 26488  4093 I art     : Explicit concurrent mark sweep GC freed 3(96B) AllocSpace objects, 0(0B) LOS objects, 33% free, 32MB/48MB, paused 328us total 14.383ms
08-03 17:29:59.391 26488  4093 I art     : Starting a blocking GC Explicit
08-03 17:29:59.405 26488  4093 I art     : Explicit concurrent mark sweep GC freed 3(96B) AllocSpace objects, 0(0B) LOS objects, 33% free, 32MB/48MB, paused 342us total 13.816ms
08-03 17:29:59.519  4369  4369 D AndroidRuntime: >>>>>> START com.android.internal.os.RuntimeInit uid 2000 <<<<<<
08-03 17:29:59.524  4369  4369 D AndroidRuntime: CheckJNI is OFF
08-03 17:29:59.551  4369  4369 D ICU     : No timezone override file found: /data/misc/zoneinfo/current/icu/icu_tzdata.dat
08-03 17:29:59.575  4369  4369 I Radio-JNI: register_android_hardware_Radio DONE
08-03 17:29:59.591  4369  4369 D AndroidRuntime: Calling main entry com.android.commands.input.Input
08-03 17:29:59.592  4369  4369 I Input   : injectMotionEvent: MotionEvent { action=ACTION_DOWN, actionButton=0, id[0]=0, x[0]=436.0, y[0]=453.0, toolType[0]=TOOL_TYPE_UNKNOWN, buttonState=0, metaState=0, flags=0x0, edgeFlags=0x0, pointerCount=1, historySize=0, eventTime=639016005, downTime=639016005, deviceId=0, source=0x1002 }
08-03 17:29:59.597  4369  4369 I Input   : injectMotionEvent: MotionEvent { action=ACTION_UP, actionButton=0, id[0]=0, x[0]=436.0, y[0]=453.0, toolType[0]=TOOL_TYPE_UNKNOWN, buttonState=0, metaState=0, flags=0x0, edgeFlags=0x0, pointerCount=1, historySize=0, eventTime=639016005, downTime=639016005, deviceId=0, source=0x1002 }
08-03 17:29:59.599  4369  4369 D AndroidRuntime: Shutting down VM
08-03 17:29:59.617   512  2967 D audio_hw_primary: out_set_parameters: enter: usecase(1: low-latency-playback) kvpairs: routing=2
08-03 17:29:59.630   512  2967 D audio_hw_primary: select_devices: out_snd_device(2: speaker) in_snd_device(0: none)
08-03 17:29:59.630   512  2967 D msm8974_platform: platform_send_audio_calibration: sending audio calibration for snd_device(2) acdb_id(15)
08-03 17:29:59.631   512  2967 I soundtrigger: audio_extn_sound_trigger_update_device_status: device 0x2 of type 0 for Event 1
08-03 17:29:59.639   512  2967 D audio_hw_primary: enable_snd_device: snd_device(2: speaker)
08-03 17:29:59.641   512  2967 D audio_hw_primary: enable_audio_route: apply and update mixer path: low-latency-playback speaker
08-03 17:29:59.665 26488 26500 I art     : Starting a blocking GC Explicit
08-03 17:29:59.670   918  5952 I ActivityManager: START u0 {cmp=baseline.com.newsblur/.activity.GlobalSharedStoriesReading (has extras)} from uid 10625 on display 0
08-03 17:29:59.680 26488 26500 I art     : Explicit concurrent mark sweep GC freed 1735(127KB) AllocSpace objects, 1(20KB) LOS objects, 33% free, 32MB/48MB, paused 473us total 14.757ms
08-03 17:29:59.688 26488 26500 I art     : Starting a blocking GC Explicit
08-03 17:29:59.703 26488 26500 I art     : Explicit concurrent mark sweep GC freed 120(17KB) AllocSpace objects, 1(20KB) LOS objects, 33% free, 32MB/48MB, paused 495us total 14.143ms
08-03 17:29:59.709 26488 26500 I art     : Starting a blocking GC Explicit
08-03 17:29:59.724 26488 26500 I art     : Explicit concurrent mark sweep GC freed 209(28KB) AllocSpace objects, 1(20KB) LOS objects, 32% free, 33MB/49MB, paused 542us total 15.060ms
08-03 17:29:59.730 26488 26500 I art     : Starting a blocking GC Explicit
08-03 17:29:59.745 26488 26500 I art     : Explicit concurrent mark sweep GC freed 203(27KB) AllocSpace objects, 0(0B) LOS objects, 32% free, 33MB/49MB, paused 443us total 14.607ms
08-03 17:29:59.751 26488 26500 I art     : Starting a blocking GC Explicit
08-03 17:29:59.766 26488 26500 I art     : Explicit concurrent mark sweep GC freed 1037(83KB) AllocSpace objects, 2(468KB) LOS objects, 31% free, 34MB/50MB, paused 405us total 14.955ms
08-03 17:29:59.889   918   936 I ActivityManager: Displayed baseline.com.newsblur/.activity.GlobalSharedStoriesReading: +205ms
08-03 17:29:59.890 13866 13866 I GoogleInputMethodServic: GoogleInputMethodService.onFinishInput():3138 
08-03 17:29:59.891 13866 13866 I GoogleInputMethodServic: GoogleInputMethodService.onStartInput():1808 
08-03 17:29:59.904 26488 26488 I WebViewFactory: Loading com.google.android.webview version 84.0.4147.89 (code 414708953)
08-03 17:29:59.977 26488  4093 I art     : Starting a blocking GC Explicit
08-03 17:29:59.994 26488  4093 I art     : Explicit concurrent mark sweep GC freed 2224(241KB) AllocSpace objects, 4(112KB) LOS objects, 30% free, 36MB/52MB, paused 413us total 17.652ms
08-03 17:30:00.001 26488  4093 I art     : Starting a blocking GC Explicit
08-03 17:30:00.022 26488  4093 I art     : Explicit concurrent mark sweep GC freed 375(18KB) AllocSpace objects, 0(0B) LOS objects, 30% free, 35MB/51MB, paused 646us total 20.512ms
08-03 17:30:00.030 26488  4093 I art     : Starting a blocking GC Explicit
08-03 17:30:00.047 26488  4093 I art     : Explicit concurrent mark sweep GC freed 201(19KB) AllocSpace objects, 0(0B) LOS objects, 30% free, 36MB/52MB, paused 715us total 16.320ms
08-03 17:30:00.054 26488  4093 I art     : Starting a blocking GC Explicit
08-03 17:30:00.075 26488  4093 I art     : Explicit concurrent mark sweep GC freed 2976(230KB) AllocSpace objects, 0(0B) LOS objects, 30% free, 36MB/52MB, paused 789us total 20.743ms
08-03 17:30:00.085 26488  4093 I art     : Starting a blocking GC Explicit
08-03 17:30:00.094 26488 26488 I cr_LibraryLoader: Loaded native library version number "84.0.4147.89"
08-03 17:30:00.095 26488 26488 I cr_CachingUmaRecorder: Flushed 5 samples from 5 histograms.
08-03 17:30:00.103   918   929 I ActivityManager: Start proc 4424:com.google.android.webview:webview_service/u0a74 for service com.google.android.webview/org.chromium.android_webview.services.VariationsSeedServer
08-03 17:30:00.107 26488  4093 I art     : Explicit concurrent mark sweep GC freed 611(76KB) AllocSpace objects, 2(40KB) LOS objects, 30% free, 36MB/52MB, paused 931us total 22.275ms
08-03 17:30:00.128 26488 26488 E chromium: [ERROR:filesystem_posix.cc(62)] mkdir /data/user/0/baseline.com.newsblur/cache/WebView/Crashpad: No such file or directory (2)
08-03 17:30:00.137  4424  4424 I LoadedApk: No resource references to update in package com.google.android.webview_translations
08-03 17:30:00.180   512  2967 D audio_hw_primary: disable_audio_route: reset and update mixer path: low-latency-playback speaker
08-03 17:30:00.181   512  2967 D audio_hw_primary: disable_snd_device: snd_device(2: speaker)
08-03 17:30:00.187   918  6029 D ConnectivityService: listenForNetwork for Listen from uid/pid:10625/26488 for NetworkRequest [ id=2243, legacyType=-1, [ Capabilities: INTERNET&NOT_RESTRICTED&TRUSTED] ]
08-03 17:30:00.189   512  2967 I soundtrigger: audio_extn_sound_trigger_update_device_status: device 0x2 of type 0 for Event 0
08-03 17:30:00.268 26488  4119 I NAPPA_EXPERIMENTATION: MetricNetworkRequestExecutionTime: REQUEST_DURATION_SYSTEM='54',REQUEST_DURATION_OKHTTP='53',REQUEST_SYNCHRONOUS='TRUE',RESPONSE_CODE='200',RESPONSE_METHOD='GET',RESPONSE_LENGTH_OKHTTP='4737',RESPONSE_LENGTH_HEADER='4737',REQUEST_PROTOCOL='http/1.1',REQUEST_URL='https://s3.amazonaws.com/avatars.newsblur.com/avatars/33448/thumbnail_profile_1420383332.gif',
08-03 17:30:00.275 26488  4123 D skia    : --- SkImageDecoder::Factory returned null
08-03 17:30:00.275 26488  4123 D skia    : --- SkImageDecoder::Factory returned null
08-03 17:30:00.276 26488  4123 D skia    : --- SkImageDecoder::Factory returned null
08-03 17:30:00.277 26488  4123 D skia    : --- SkImageDecoder::Factory returned null
08-03 17:30:00.299 26488  4447 W cr_media: Requires BLUETOOTH permission
08-03 17:30:00.342 26488  4475 E libEGL  : validate_display:255 error 3008 (EGL_BAD_DISPLAY)
08-03 17:30:00.409 26488 26500 I art     : Starting a blocking GC Explicit
08-03 17:30:00.436 26488 26500 I art     : Explicit concurrent mark sweep GC freed 25241(1537KB) AllocSpace objects, 19(372KB) LOS objects, 28% free, 39MB/55MB, paused 981us total 26.373ms
08-03 17:30:00.449 26488 26500 I art     : Starting a blocking GC Explicit
08-03 17:30:00.471 26488 26500 I art     : Explicit concurrent mark sweep GC freed 2871(291KB) AllocSpace objects, 4(80KB) LOS objects, 29% free, 39MB/55MB, paused 1.148ms total 21.891ms
08-03 17:30:00.479 26488 26500 I art     : Starting a blocking GC Explicit
08-03 17:30:00.501 26488 26500 I art     : Explicit concurrent mark sweep GC freed 1033(86KB) AllocSpace objects, 3(76KB) LOS objects, 29% free, 39MB/55MB, paused 1.462ms total 22.054ms
08-03 17:30:00.508 26488 26500 I art     : Starting a blocking GC Explicit
08-03 17:30:00.527 26488 26500 I art     : Explicit concurrent mark sweep GC freed 255(13KB) AllocSpace objects, 1(52KB) LOS objects, 29% free, 38MB/54MB, paused 685us total 18.737ms
08-03 17:30:00.533 26488 26500 I art     : Starting a blocking GC Explicit
08-03 17:30:00.552 26488 26500 I art     : Explicit concurrent mark sweep GC freed 5(192B) AllocSpace objects, 0(0B) LOS objects, 29% free, 38MB/54MB, paused 628us total 18.463ms
08-03 17:30:00.579 26488  4121 I NAPPA_EXPERIMENTATION: MetricNetworkRequestExecutionTime: REQUEST_DURATION_SYSTEM='311',REQUEST_DURATION_OKHTTP='167',REQUEST_SYNCHRONOUS='TRUE',RESPONSE_CODE='200',RESPONSE_METHOD='GET',RESPONSE_LENGTH_OKHTTP='2111',RESPONSE_LENGTH_HEADER='2111',REQUEST_PROTOCOL='h2',REQUEST_URL='https://pbs.twimg.com/profile_images/1186729813748248576/D6FFru_U_normal.jpg',
08-03 17:30:00.611 26488  4485 E chromium: [ERROR:tile_manager.cc(793)] WARNING: tile memory limits exceeded, some content may not draw
08-03 17:30:00.614 26488  4485 E chromium: [ERROR:tile_manager.cc(793)] WARNING: tile memory limits exceeded, some content may not draw
08-03 17:30:00.632 26488  4123 I NAPPA_EXPERIMENTATION: MetricNetworkRequestExecutionTime: REQUEST_DURATION_SYSTEM='339',REQUEST_DURATION_OKHTTP='208',REQUEST_SYNCHRONOUS='TRUE',RESPONSE_CODE='200',RESPONSE_METHOD='GET',RESPONSE_LENGTH_OKHTTP='2111',RESPONSE_LENGTH_HEADER='2111',REQUEST_PROTOCOL='h2',REQUEST_URL='https://pbs.twimg.com/profile_images/1186729813748248576/D6FFru_U_normal.jpg',
08-03 17:30:00.637 26488  4485 E chromium: [ERROR:tile_manager.cc(793)] WARNING: tile memory limits exceeded, some content may not draw
08-03 17:30:00.640 26488  4485 E chromium: [ERROR:tile_manager.cc(793)] WARNING: tile memory limits exceeded, some content may not draw
08-03 17:30:00.661 26488  4119 I NAPPA_EXPERIMENTATION: MetricNetworkRequestExecutionTime: REQUEST_DURATION_SYSTEM='361',REQUEST_DURATION_OKHTTP='243',REQUEST_SYNCHRONOUS='TRUE',RESPONSE_CODE='200',RESPONSE_METHOD='GET',RESPONSE_LENGTH_OKHTTP='2111',RESPONSE_LENGTH_HEADER='2111',REQUEST_PROTOCOL='h2',REQUEST_URL='https://pbs.twimg.com/profile_images/1186729813748248576/D6FFru_U_normal.jpg',
08-03 17:30:00.667 26488  4128 I NAPPA_EXPERIMENTATION: MetricNetworkRequestExecutionTime: REQUEST_DURATION_SYSTEM='399',REQUEST_DURATION_OKHTTP='243',REQUEST_SYNCHRONOUS='TRUE',RESPONSE_CODE='200',RESPONSE_METHOD='GET',RESPONSE_LENGTH_OKHTTP='2111',RESPONSE_LENGTH_HEADER='2111',REQUEST_PROTOCOL='h2',REQUEST_URL='https://pbs.twimg.com/profile_images/1186729813748248576/D6FFru_U_normal.jpg',
08-03 17:30:00.699 26488  4485 E chromium: [ERROR:tile_manager.cc(793)] WARNING: tile memory limits exceeded, some content may not draw
08-03 17:30:00.700 26488  4485 E chromium: [ERROR:tile_manager.cc(793)] WARNING: tile memory limits exceeded, some content may not draw
08-03 17:30:00.757 26488  4126 I NAPPA_EXPERIMENTATION: MetricNetworkRequestExecutionTime: REQUEST_DURATION_SYSTEM='465',REQUEST_DURATION_OKHTTP='62',REQUEST_SYNCHRONOUS='TRUE',RESPONSE_CODE='200',RESPONSE_METHOD='GET',RESPONSE_LENGTH_OKHTTP='17022',RESPONSE_LENGTH_HEADER='17022',REQUEST_PROTOCOL='http/1.1',REQUEST_URL='https://www.newsblur.com/media/img/reader/default_profile_photo.png',
08-03 17:30:00.770 26488  4130 I NAPPA_EXPERIMENTATION: MetricNetworkRequestExecutionTime: REQUEST_DURATION_SYSTEM='503',REQUEST_DURATION_OKHTTP='73',REQUEST_SYNCHRONOUS='TRUE',RESPONSE_CODE='200',RESPONSE_METHOD='GET',RESPONSE_LENGTH_OKHTTP='17022',RESPONSE_LENGTH_HEADER='17022',REQUEST_PROTOCOL='http/1.1',REQUEST_URL='https://www.newsblur.com/media/img/reader/default_profile_photo.png',
08-03 17:30:00.802 26488 26500 I art     : Starting a blocking GC Explicit
08-03 17:30:00.823 26488 26500 I art     : Explicit concurrent mark sweep GC freed 7080(432KB) AllocSpace objects, 19(380KB) LOS objects, 28% free, 39MB/55MB, paused 564us total 20.617ms
08-03 17:30:00.831 26488 26500 I art     : Starting a blocking GC Explicit
08-03 17:30:00.850 26488 26500 I art     : Explicit concurrent mark sweep GC freed 1236(144KB) AllocSpace objects, 3(204KB) LOS objects, 29% free, 38MB/54MB, paused 508us total 18.840ms
08-03 17:30:00.856 26488 26500 I art     : Starting a blocking GC Explicit
08-03 17:30:00.878 26488 26500 I art     : Explicit concurrent mark sweep GC freed 937(68KB) AllocSpace objects, 2(120KB) LOS objects, 28% free, 39MB/55MB, paused 847us total 21.509ms
08-03 17:30:00.885 26488 26500 I art     : Starting a blocking GC Explicit
08-03 17:30:00.904 26488 26500 I art     : Explicit concurrent mark sweep GC freed 2179(147KB) AllocSpace objects, 1(80KB) LOS objects, 29% free, 39MB/55MB, paused 539us total 19.441ms
08-03 17:30:00.912 26488 26500 I art     : Starting a blocking GC Explicit
08-03 17:30:00.931 26488 26500 I art     : Explicit concurrent mark sweep GC freed 219(25KB) AllocSpace objects, 0(0B) LOS objects, 29% free, 39MB/55MB, paused 620us total 19.271ms
08-03 17:30:00.934 26488  4491 D MY_TAG  : 0, 497
08-03 17:30:01.033 26488  4121 I NAPPA_EXPERIMENTATION: MetricNetworkRequestExecutionTime: REQUEST_DURATION_SYSTEM='441',REQUEST_DURATION_OKHTTP='38',REQUEST_SYNCHRONOUS='TRUE',RESPONSE_CODE='200',RESPONSE_METHOD='GET',RESPONSE_LENGTH_OKHTTP='17022',RESPONSE_LENGTH_HEADER='17022',REQUEST_PROTOCOL='http/1.1',REQUEST_URL='https://www.newsblur.com/media/img/reader/default_profile_photo.png',
08-03 17:30:01.232 26488 26500 I art     : Starting a blocking GC Explicit
08-03 17:30:01.257 26488 26500 I art     : Explicit concurrent mark sweep GC freed 4391(248KB) AllocSpace objects, 6(168KB) LOS objects, 29% free, 39MB/55MB, paused 565us total 24.043ms
08-03 17:30:01.266 26488 26500 I art     : Starting a blocking GC Explicit
08-03 17:30:01.289 26488 26500 I art     : Explicit concurrent mark sweep GC freed 207(7KB) AllocSpace objects, 1(68KB) LOS objects, 29% free, 39MB/55MB, paused 509us total 22.534ms
08-03 17:30:01.297 26488 26500 I art     : Starting a blocking GC Explicit
08-03 17:30:01.316 26488 26500 I art     : Explicit concurrent mark sweep GC freed 3(96B) AllocSpace objects, 0(0B) LOS objects, 29% free, 39MB/55MB, paused 500us total 19.069ms
08-03 17:30:01.323 26488 26500 I art     : Starting a blocking GC Explicit
08-03 17:30:01.342 26488 26500 I art     : Explicit concurrent mark sweep GC freed 3(96B) AllocSpace objects, 0(0B) LOS objects, 29% free, 39MB/55MB, paused 548us total 18.571ms
08-03 17:30:01.349 26488 26500 I art     : Starting a blocking GC Explicit
08-03 17:30:01.368 26488 26500 I art     : Explicit concurrent mark sweep GC freed 622(25KB) AllocSpace objects, 0(0B) LOS objects, 29% free, 39MB/55MB, paused 535us total 19.432ms
08-03 17:30:01.424 26488  4491 I NAPPA_EXPERIMENTATION: MetricNetworkRequestExecutionTime: REQUEST_DURATION_SYSTEM='467',REQUEST_DURATION_OKHTTP='38',REQUEST_SYNCHRONOUS='TRUE',RESPONSE_CODE='200',RESPONSE_METHOD='GET',RESPONSE_LENGTH_OKHTTP='-1',RESPONSE_LENGTH_HEADER='12364',REQUEST_PROTOCOL='http/1.1',REQUEST_URL='https://www.newsblur.com/social/river_stories?order=newest&page=2&read_filter=all&global_feed=true',
08-03 17:30:01.424 26488  4491 D MY_TAG  : 0, 467
08-03 17:30:01.453 26488  4485 E chromium: [ERROR:tile_manager.cc(793)] WARNING: tile memory limits exceeded, some content may not draw
08-03 17:30:01.455 26488  4485 E chromium: [ERROR:tile_manager.cc(793)] WARNING: tile memory limits exceeded, some content may not draw
08-03 17:30:01.694 26488  3854 I art     : Starting a blocking GC Explicit
08-03 17:30:01.725 26488  3854 I art     : Explicit concurrent mark sweep GC freed 38016(2MB) AllocSpace objects, 39(988KB) LOS objects, 28% free, 39MB/55MB, paused 513us total 30.070ms
08-03 17:30:01.735 26488  3854 I art     : Starting a blocking GC Explicit
08-03 17:30:01.755 26488  3854 I art     : Explicit concurrent mark sweep GC freed 2903(200KB) AllocSpace objects, 1(28KB) LOS objects, 29% free, 39MB/55MB, paused 518us total 20.142ms
08-03 17:30:01.763 26488  3854 I art     : Starting a blocking GC Explicit
08-03 17:30:01.781 26488  3854 I art     : Explicit concurrent mark sweep GC freed 3(96B) AllocSpace objects, 0(0B) LOS objects, 29% free, 39MB/55MB, paused 460us total 17.932ms
08-03 17:30:01.787 26488  3854 I art     : Starting a blocking GC Explicit
08-03 17:30:01.806 26488  3854 I art     : Explicit concurrent mark sweep GC freed 3(96B) AllocSpace objects, 0(0B) LOS objects, 29% free, 39MB/55MB, paused 501us total 18.311ms
08-03 17:30:01.814 26488  3854 I art     : Starting a blocking GC Explicit
08-03 17:30:01.834 26488  3854 I art     : Explicit concurrent mark sweep GC freed 3(96B) AllocSpace objects, 0(0B) LOS objects, 29% free, 39MB/55MB, paused 512us total 20.747ms
08-03 17:30:02.154   518   646 I ThermalEngine: ACTION: GPU - Setting GPU[0] to 510000000
08-03 17:30:02.189 26488 26500 I art     : Starting a blocking GC Explicit
08-03 17:30:02.217 26488 26500 I art     : Explicit concurrent mark sweep GC freed 1403(80KB) AllocSpace objects, 1(20KB) LOS objects, 29% free, 39MB/55MB, paused 746us total 27.924ms
08-03 17:30:02.227 26488 26500 I art     : Starting a blocking GC Explicit
08-03 17:30:02.253 26488 26500 I art     : Explicit concurrent mark sweep GC freed 20(704B) AllocSpace objects, 0(0B) LOS objects, 29% free, 39MB/55MB, paused 700us total 26.069ms
08-03 17:30:02.262 26488 26500 I art     : Starting a blocking GC Explicit
08-03 17:30:02.289 26488 26500 I art     : Explicit concurrent mark sweep GC freed 3(96B) AllocSpace objects, 0(0B) LOS objects, 29% free, 39MB/55MB, paused 713us total 26.195ms
08-03 17:30:02.298 26488 26500 I art     : Starting a blocking GC Explicit
08-03 17:30:02.323 26488 26500 I art     : Explicit concurrent mark sweep GC freed 3(96B) AllocSpace objects, 0(0B) LOS objects, 29% free, 39MB/55MB, paused 683us total 25.197ms
08-03 17:30:02.332 26488 26500 I art     : Starting a blocking GC Explicit
08-03 17:30:02.358 26488 26500 I art     : Explicit concurrent mark sweep GC freed 3(96B) AllocSpace objects, 0(0B) LOS objects, 29% free, 39MB/55MB, paused 756us total 25.227ms
08-03 17:30:02.358 26488 26499 I art     : WaitForGcToComplete blocked for 14.557ms for cause HeapTrim
08-03 17:30:02.692 26488  4093 I art     : Starting a blocking GC Explicit
08-03 17:30:02.721 26488  4093 I art     : Explicit concurrent mark sweep GC freed 1403(81KB) AllocSpace objects, 1(20KB) LOS objects, 29% free, 39MB/55MB, paused 652us total 27.901ms
08-03 17:30:02.733 26488  4093 I art     : Starting a blocking GC Explicit
08-03 17:30:02.758 26488  4093 I art     : Explicit concurrent mark sweep GC freed 20(704B) AllocSpace objects, 0(0B) LOS objects, 29% free, 39MB/55MB, paused 717us total 24.601ms
08-03 17:30:02.767 26488  4093 I art     : Starting a blocking GC Explicit
08-03 17:30:02.792 26488  4093 I art     : Explicit concurrent mark sweep GC freed 3(96B) AllocSpace objects, 0(0B) LOS objects, 29% free, 39MB/55MB, paused 735us total 24.728ms
08-03 17:30:02.801 26488  4093 I art     : Starting a blocking GC Explicit
08-03 17:30:02.826 26488  4093 I art     : Explicit concurrent mark sweep GC freed 3(96B) AllocSpace objects, 0(0B) LOS objects, 29% free, 39MB/55MB, paused 680us total 24.668ms
08-03 17:30:02.835 26488  4093 I art     : Starting a blocking GC Explicit
08-03 17:30:02.860 26488  4093 I art     : Explicit concurrent mark sweep GC freed 3(96B) AllocSpace objects, 0(0B) LOS objects, 29% free, 39MB/55MB, paused 693us total 24.469ms
08-03 17:30:03.200 26488 26501 I art     : Starting a blocking GC Explicit
08-03 17:30:03.227 26488 26501 I art     : Explicit concurrent mark sweep GC freed 1402(80KB) AllocSpace objects, 1(20KB) LOS objects, 29% free, 39MB/55MB, paused 679us total 26.764ms
08-03 17:30:03.236 26488 26501 I art     : Starting a blocking GC Explicit
08-03 17:30:03.262 26488 26501 I art     : Explicit concurrent mark sweep GC freed 20(704B) AllocSpace objects, 0(0B) LOS objects, 29% free, 39MB/55MB, paused 688us total 26.049ms
08-03 17:30:03.271 26488 26501 I art     : Starting a blocking GC Explicit
08-03 17:30:03.297 26488 26501 I art     : Explicit concurrent mark sweep GC freed 3(96B) AllocSpace objects, 0(0B) LOS objects, 29% free, 39MB/55MB, paused 693us total 25.565ms
08-03 17:30:03.306 26488 26501 I art     : Starting a blocking GC Explicit
08-03 17:30:03.332 26488 26501 I art     : Explicit concurrent mark sweep GC freed 3(96B) AllocSpace objects, 0(0B) LOS objects, 29% free, 39MB/55MB, paused 680us total 25.583ms
08-03 17:30:03.341 26488 26501 I art     : Starting a blocking GC Explicit
08-03 17:30:03.366 26488 26501 I art     : Explicit concurrent mark sweep GC freed 3(96B) AllocSpace objects, 0(0B) LOS objects, 29% free, 39MB/55MB, paused 680us total 24.741ms
08-03 17:30:03.717 26488  3854 I art     : Starting a blocking GC Explicit
08-03 17:30:03.744 26488  3854 I art     : Explicit concurrent mark sweep GC freed 1403(81KB) AllocSpace objects, 1(20KB) LOS objects, 29% free, 39MB/55MB, paused 667us total 26.105ms
08-03 17:30:03.753 26488  3854 I art     : Starting a blocking GC Explicit
08-03 17:30:03.779 26488  3854 I art     : Explicit concurrent mark sweep GC freed 20(704B) AllocSpace objects, 0(0B) LOS objects, 29% free, 39MB/55MB, paused 680us total 25.637ms
08-03 17:30:03.788 26488  3854 I art     : Starting a blocking GC Explicit
08-03 17:30:03.814 26488  3854 I art     : Explicit concurrent mark sweep GC freed 3(96B) AllocSpace objects, 0(0B) LOS objects, 29% free, 39MB/55MB, paused 703us total 25.466ms
08-03 17:30:03.823 26488  3854 I art     : Starting a blocking GC Explicit
08-03 17:30:03.849 26488  3854 I art     : Explicit concurrent mark sweep GC freed 3(96B) AllocSpace objects, 0(0B) LOS objects, 29% free, 39MB/55MB, paused 645us total 26.380ms
08-03 17:30:03.859 26488  3854 I art     : Starting a blocking GC Explicit
08-03 17:30:03.885 26488  3854 I art     : Explicit concurrent mark sweep GC freed 3(96B) AllocSpace objects, 0(0B) LOS objects, 29% free, 39MB/55MB, paused 712us total 25.919ms
08-03 17:30:04.214 26488 26500 I art     : Starting a blocking GC Explicit
08-03 17:30:04.241 26488 26500 I art     : Explicit concurrent mark sweep GC freed 1402(80KB) AllocSpace objects, 1(20KB) LOS objects, 29% free, 39MB/55MB, paused 700us total 26.923ms
08-03 17:30:04.250 26488 26500 I art     : Starting a blocking GC Explicit
08-03 17:30:04.276 26488 26500 I art     : Explicit concurrent mark sweep GC freed 20(704B) AllocSpace objects, 0(0B) LOS objects, 29% free, 39MB/55MB, paused 773us total 26.130ms
08-03 17:30:04.285 26488 26500 I art     : Starting a blocking GC Explicit
08-03 17:30:04.311 26488 26500 I art     : Explicit concurrent mark sweep GC freed 3(96B) AllocSpace objects, 0(0B) LOS objects, 29% free, 39MB/55MB, paused 693us total 25.502ms
08-03 17:30:04.320 26488 26500 I art     : Starting a blocking GC Explicit
08-03 17:30:04.347 26488 26500 I art     : Explicit concurrent mark sweep GC freed 3(96B) AllocSpace objects, 0(0B) LOS objects, 29% free, 39MB/55MB, paused 683us total 25.978ms
08-03 17:30:04.356 26488 26500 I art     : Starting a blocking GC Explicit
08-03 17:30:04.382 26488 26500 I art     : Explicit concurrent mark sweep GC freed 3(96B) AllocSpace objects, 0(0B) LOS objects, 29% free, 39MB/55MB, paused 708us total 25.333ms
08-03 17:30:04.717 26488  4093 I art     : Starting a blocking GC Explicit
08-03 17:30:04.742 26488  4093 I art     : Explicit concurrent mark sweep GC freed 1403(81KB) AllocSpace objects, 1(20KB) LOS objects, 29% free, 39MB/55MB, paused 692us total 25.318ms
08-03 17:30:04.751 26488  4093 I art     : Starting a blocking GC Explicit
08-03 17:30:04.777 26488  4093 I art     : Explicit concurrent mark sweep GC freed 20(704B) AllocSpace objects, 0(0B) LOS objects, 29% free, 39MB/55MB, paused 778us total 25.552ms
08-03 17:30:04.786 26488  4093 I art     : Starting a blocking GC Explicit
08-03 17:30:04.812 26488  4093 I art     : Explicit concurrent mark sweep GC freed 3(96B) AllocSpace objects, 0(0B) LOS objects, 29% free, 39MB/55MB, paused 691us total 25.290ms
08-03 17:30:04.821 26488  4093 I art     : Starting a blocking GC Explicit
08-03 17:30:04.846 26488  4093 I art     : Explicit concurrent mark sweep GC freed 3(96B) AllocSpace objects, 0(0B) LOS objects, 29% free, 39MB/55MB, paused 660us total 24.573ms
08-03 17:30:04.855 26488  4093 I art     : Starting a blocking GC Explicit
08-03 17:30:04.881 26488  4093 I art     : Explicit concurrent mark sweep GC freed 3(96B) AllocSpace objects, 0(0B) LOS objects, 29% free, 39MB/55MB, paused 756us total 25.170ms
08-03 17:30:05.220 26488 26501 I art     : Starting a blocking GC Explicit
08-03 17:30:05.247 26488 26501 I art     : Explicit concurrent mark sweep GC freed 1403(81KB) AllocSpace objects, 1(20KB) LOS objects, 29% free, 39MB/55MB, paused 698us total 27.280ms
08-03 17:30:05.259 26488 26501 I art     : Starting a blocking GC Explicit
08-03 17:30:05.284 26488 26501 I art     : Explicit concurrent mark sweep GC freed 20(704B) AllocSpace objects, 0(0B) LOS objects, 29% free, 39MB/55MB, paused 662us total 24.374ms
08-03 17:30:05.292 26488 26501 I art     : Starting a blocking GC Explicit
08-03 17:30:05.316 26488 26501 I art     : Explicit concurrent mark sweep GC freed 3(96B) AllocSpace objects, 0(0B) LOS objects, 29% free, 39MB/55MB, paused 627us total 23.006ms
08-03 17:30:05.324 26488 26501 I art     : Starting a blocking GC Explicit
08-03 17:30:05.349 26488 26501 I art     : Explicit concurrent mark sweep GC freed 3(96B) AllocSpace objects, 0(0B) LOS objects, 29% free, 39MB/55MB, paused 682us total 24.440ms
08-03 17:30:05.358 26488 26501 I art     : Starting a blocking GC Explicit
08-03 17:30:05.383 26488 26501 I art     : Explicit concurrent mark sweep GC freed 3(96B) AllocSpace objects, 0(0B) LOS objects, 29% free, 39MB/55MB, paused 702us total 24.780ms
08-03 17:30:05.763 26488 26500 I art     : Starting a blocking GC Explicit
08-03 17:30:05.791 26488 26500 I art     : Explicit concurrent mark sweep GC freed 1403(80KB) AllocSpace objects, 1(20KB) LOS objects, 29% free, 39MB/55MB, paused 689us total 28.296ms
08-03 17:30:05.800 26488 26500 I art     : Starting a blocking GC Explicit
08-03 17:30:05.825 26488 26500 I art     : Explicit concurrent mark sweep GC freed 20(704B) AllocSpace objects, 0(0B) LOS objects, 29% free, 39MB/55MB, paused 671us total 24.385ms
08-03 17:30:05.834 26488 26500 I art     : Starting a blocking GC Explicit
08-03 17:30:05.859 26488 26500 I art     : Explicit concurrent mark sweep GC freed 3(96B) AllocSpace objects, 0(0B) LOS objects, 29% free, 39MB/55MB, paused 681us total 24.732ms
08-03 17:30:05.868 26488 26500 I art     : Starting a blocking GC Explicit
08-03 17:30:05.893 26488 26500 I art     : Explicit concurrent mark sweep GC freed 3(96B) AllocSpace objects, 0(0B) LOS objects, 29% free, 39MB/55MB, paused 691us total 25.182ms
08-03 17:30:05.902 26488 26500 I art     : Starting a blocking GC Explicit
08-03 17:30:05.927 26488 26500 I art     : Explicit concurrent mark sweep GC freed 3(96B) AllocSpace objects, 0(0B) LOS objects, 29% free, 39MB/55MB, paused 743us total 24.939ms
08-03 17:30:06.269 26488  4093 I art     : Starting a blocking GC Explicit
08-03 17:30:06.297 26488  4093 I art     : Explicit concurrent mark sweep GC freed 1401(80KB) AllocSpace objects, 1(20KB) LOS objects, 29% free, 39MB/55MB, paused 661us total 27.241ms
08-03 17:30:06.306 26488  4093 I art     : Starting a blocking GC Explicit
08-03 17:30:06.332 26488  4093 I art     : Explicit concurrent mark sweep GC freed 20(704B) AllocSpace objects, 0(0B) LOS objects, 29% free, 39MB/55MB, paused 680us total 25.373ms
08-03 17:30:06.341 26488  4093 I art     : Starting a blocking GC Explicit
08-03 17:30:06.366 26488  4093 I art     : Explicit concurrent mark sweep GC freed 3(96B) AllocSpace objects, 0(0B) LOS objects, 29% free, 39MB/55MB, paused 686us total 25.104ms
08-03 17:30:06.375 26488  4093 I art     : Starting a blocking GC Explicit
08-03 17:30:06.402 26488  4093 I art     : Explicit concurrent mark sweep GC freed 3(96B) AllocSpace objects, 0(0B) LOS objects, 29% free, 39MB/55MB, paused 673us total 26.406ms
08-03 17:30:06.411 26488  4093 I art     : Starting a blocking GC Explicit
08-03 17:30:06.437 26488  4093 I art     : Explicit concurrent mark sweep GC freed 3(96B) AllocSpace objects, 0(0B) LOS objects, 29% free, 39MB/55MB, paused 663us total 25.158ms
08-03 17:30:06.782 26488  3854 I art     : Starting a blocking GC Explicit
08-03 17:30:06.811 26488  3854 I art     : Explicit concurrent mark sweep GC freed 1401(80KB) AllocSpace objects, 1(20KB) LOS objects, 29% free, 39MB/55MB, paused 691us total 27.953ms
08-03 17:30:06.822 26488  3854 I art     : Starting a blocking GC Explicit
08-03 17:30:06.847 26488  3854 I art     : Explicit concurrent mark sweep GC freed 20(704B) AllocSpace objects, 0(0B) LOS objects, 29% free, 39MB/55MB, paused 766us total 25.067ms
08-03 17:30:06.856 26488  3854 I art     : Starting a blocking GC Explicit
08-03 17:30:06.881 26488  3854 I art     : Explicit concurrent mark sweep GC freed 3(96B) AllocSpace objects, 0(0B) LOS objects, 29% free, 39MB/55MB, paused 644us total 24.309ms
08-03 17:30:06.889 26488  3854 I art     : Starting a blocking GC Explicit
08-03 17:30:06.914 26488  3854 I art     : Explicit concurrent mark sweep GC freed 3(96B) AllocSpace objects, 0(0B) LOS objects, 29% free, 39MB/55MB, paused 666us total 24.329ms
08-03 17:30:06.923 26488  3854 I art     : Starting a blocking GC Explicit
08-03 17:30:06.948 26488  3854 I art     : Explicit concurrent mark sweep GC freed 3(96B) AllocSpace objects, 0(0B) LOS objects, 29% free, 39MB/55MB, paused 690us total 25.084ms
08-03 17:30:07.160   518   646 I ThermalEngine: ACTION: GPU - Setting GPU[0] to 600000000
08-03 17:30:07.295 26488 26501 I art     : Starting a blocking GC Explicit
08-03 17:30:07.318 26488 26501 I art     : Explicit concurrent mark sweep GC freed 1401(80KB) AllocSpace objects, 1(20KB) LOS objects, 29% free, 39MB/55MB, paused 537us total 23.571ms
08-03 17:30:07.329 26488 26501 I art     : Starting a blocking GC Explicit
08-03 17:30:07.350 26488 26501 I art     : Explicit concurrent mark sweep GC freed 20(704B) AllocSpace objects, 0(0B) LOS objects, 29% free, 39MB/55MB, paused 515us total 21.094ms
08-03 17:30:07.357 26488 26501 I art     : Starting a blocking GC Explicit
08-03 17:30:07.379 26488 26501 I art     : Explicit concurrent mark sweep GC freed 3(96B) AllocSpace objects, 0(0B) LOS objects, 29% free, 39MB/55MB, paused 502us total 21.053ms
08-03 17:30:07.386 26488 26501 I art     : Starting a blocking GC Explicit
08-03 17:30:07.407 26488 26501 I art     : Explicit concurrent mark sweep GC freed 3(96B) AllocSpace objects, 0(0B) LOS objects, 29% free, 39MB/55MB, paused 574us total 20.678ms
08-03 17:30:07.414 26488 26501 I art     : Starting a blocking GC Explicit
08-03 17:30:07.434 26488 26501 I art     : Explicit concurrent mark sweep GC freed 3(96B) AllocSpace objects, 0(0B) LOS objects, 29% free, 39MB/55MB, paused 514us total 19.990ms
08-03 17:30:07.783 26488 26500 I art     : Starting a blocking GC Explicit
08-03 17:30:07.807 26488 26500 I art     : Explicit concurrent mark sweep GC freed 1401(80KB) AllocSpace objects, 1(20KB) LOS objects, 29% free, 39MB/55MB, paused 570us total 23.247ms
08-03 17:30:07.814 26488 26500 I art     : Starting a blocking GC Explicit
08-03 17:30:07.834 26488 26500 I art     : Explicit concurrent mark sweep GC freed 20(704B) AllocSpace objects, 0(0B) LOS objects, 29% free, 39MB/55MB, paused 510us total 19.829ms
08-03 17:30:07.841 26488 26500 I art     : Starting a blocking GC Explicit
08-03 17:30:07.861 26488 26500 I art     : Explicit concurrent mark sweep GC freed 3(96B) AllocSpace objects, 0(0B) LOS objects, 29% free, 39MB/55MB, paused 507us total 19.636ms
08-03 17:30:07.868 26488 26500 I art     : Starting a blocking GC Explicit
08-03 17:30:07.888 26488 26500 I art     : Explicit concurrent mark sweep GC freed 3(96B) AllocSpace objects, 0(0B) LOS objects, 29% free, 39MB/55MB, paused 543us total 19.823ms
08-03 17:30:07.895 26488 26500 I art     : Starting a blocking GC Explicit
08-03 17:30:07.915 26488 26500 I art     : Explicit concurrent mark sweep GC freed 3(96B) AllocSpace objects, 0(0B) LOS objects, 29% free, 39MB/55MB, paused 496us total 20.144ms
08-03 17:30:08.279 26488  4093 I art     : Starting a blocking GC Explicit
08-03 17:30:08.303 26488  4093 I art     : Explicit concurrent mark sweep GC freed 1401(80KB) AllocSpace objects, 1(20KB) LOS objects, 29% free, 39MB/55MB, paused 502us total 23.606ms
08-03 17:30:08.310 26488  4093 I art     : Starting a blocking GC Explicit
08-03 17:30:08.330 26488  4093 I art     : Explicit concurrent mark sweep GC freed 20(704B) AllocSpace objects, 0(0B) LOS objects, 29% free, 39MB/55MB, paused 499us total 19.729ms
08-03 17:30:08.337 26488  4093 I art     : Starting a blocking GC Explicit
08-03 17:30:08.357 26488  4093 I art     : Explicit concurrent mark sweep GC freed 3(96B) AllocSpace objects, 0(0B) LOS objects, 29% free, 39MB/55MB, paused 606us total 19.861ms
08-03 17:30:08.364 26488  4093 I art     : Starting a blocking GC Explicit
08-03 17:30:08.384 26488  4093 I art     : Explicit concurrent mark sweep GC freed 3(96B) AllocSpace objects, 0(0B) LOS objects, 29% free, 39MB/55MB, paused 505us total 19.721ms
08-03 17:30:08.391 26488  4093 I art     : Starting a blocking GC Explicit
08-03 17:30:08.411 26488  4093 I art     : Explicit concurrent mark sweep GC freed 3(96B) AllocSpace objects, 0(0B) LOS objects, 29% free, 39MB/55MB, paused 485us total 19.832ms
08-03 17:30:08.720  1766  1766 I Atfwd_Sendcmd: AtCmdFwd service not ready - Exhausted retry attempts - :6
08-03 17:30:08.720  1766  1766 I Atfwd_Daemon: result : -1 	 ,Init step :2 	 ,qmiErrorCode: 0
08-03 17:30:08.750 26488  3854 I art     : Starting a blocking GC Explicit
08-03 17:30:08.774 26488  3854 I art     : Explicit concurrent mark sweep GC freed 1401(80KB) AllocSpace objects, 1(20KB) LOS objects, 29% free, 39MB/55MB, paused 487us total 23.088ms
08-03 17:30:08.781 26488  3854 I art     : Starting a blocking GC Explicit
08-03 17:30:08.803 26488  3854 I art     : Explicit concurrent mark sweep GC freed 20(704B) AllocSpace objects, 0(0B) LOS objects, 29% free, 39MB/55MB, paused 518us total 21.229ms
08-03 17:30:08.810 26488  3854 I art     : Starting a blocking GC Explicit
08-03 17:30:08.830 26488  3854 I art     : Explicit concurrent mark sweep GC freed 3(96B) AllocSpace objects, 0(0B) LOS objects, 29% free, 39MB/55MB, paused 514us total 20.226ms
08-03 17:30:08.837 26488  3854 I art     : Starting a blocking GC Explicit
08-03 17:30:08.858 26488  3854 I art     : Explicit concurrent mark sweep GC freed 3(96B) AllocSpace objects, 0(0B) LOS objects, 29% free, 39MB/55MB, paused 508us total 20.406ms
08-03 17:30:08.865 26488  3854 I art     : Starting a blocking GC Explicit
08-03 17:30:08.886 26488  3854 I art     : Explicit concurrent mark sweep GC freed 3(96B) AllocSpace objects, 0(0B) LOS objects, 29% free, 39MB/55MB, paused 508us total 20.301ms
08-03 17:30:08.964   918  3261 D WifiStateMachine: starting scan for "H369AA63323"WPA_PSK with 2412,5180
08-03 17:30:09.212 26488 26501 I art     : Starting a blocking GC Explicit
08-03 17:30:09.235 26488 26501 I art     : Explicit concurrent mark sweep GC freed 1401(80KB) AllocSpace objects, 1(20KB) LOS objects, 29% free, 39MB/55MB, paused 516us total 23.161ms
08-03 17:30:09.247 26488 26501 I art     : Starting a blocking GC Explicit
08-03 17:30:09.267 26488 26501 I art     : Explicit concurrent mark sweep GC freed 20(704B) AllocSpace objects, 0(0B) LOS objects, 29% free, 39MB/55MB, paused 532us total 19.476ms
08-03 17:30:09.273 26488 26501 I art     : Starting a blocking GC Explicit
08-03 17:30:09.293 26488 26501 I art     : Explicit concurrent mark sweep GC freed 3(96B) AllocSpace objects, 0(0B) LOS objects, 29% free, 39MB/55MB, paused 495us total 19.504ms
08-03 17:30:09.300 26488 26501 I art     : Starting a blocking GC Explicit
08-03 17:30:09.320 26488 26501 I art     : Explicit concurrent mark sweep GC freed 3(96B) AllocSpace objects, 0(0B) LOS objects, 29% free, 39MB/55MB, paused 497us total 20.017ms
08-03 17:30:09.327 26488 26501 I art     : Starting a blocking GC Explicit
08-03 17:30:09.348 26488 26501 I art     : Explicit concurrent mark sweep GC freed 3(96B) AllocSpace objects, 0(0B) LOS objects, 29% free, 39MB/55MB, paused 511us total 20.568ms
08-03 17:30:09.687 26488 26500 I art     : Starting a blocking GC Explicit
08-03 17:30:09.711 26488 26500 I art     : Explicit concurrent mark sweep GC freed 1401(80KB) AllocSpace objects, 1(20KB) LOS objects, 29% free, 39MB/55MB, paused 531us total 23.632ms
08-03 17:30:09.718 26488 26500 I art     : Starting a blocking GC Explicit
08-03 17:30:09.738 26488 26500 I art     : Explicit concurrent mark sweep GC freed 20(704B) AllocSpace objects, 0(0B) LOS objects, 29% free, 39MB/55MB, paused 495us total 20.295ms
08-03 17:30:09.745 26488 26500 I art     : Starting a blocking GC Explicit
08-03 17:30:09.765 26488 26500 I art     : Explicit concurrent mark sweep GC freed 3(96B) AllocSpace objects, 0(0B) LOS objects, 29% free, 39MB/55MB, paused 499us total 19.904ms
08-03 17:30:09.773 26488 26500 I art     : Starting a blocking GC Explicit
08-03 17:30:09.793 26488 26500 I art     : Explicit concurrent mark sweep GC freed 3(96B) AllocSpace objects, 0(0B) LOS objects, 29% free, 39MB/55MB, paused 493us total 20.094ms
08-03 17:30:09.800 26488 26500 I art     : Starting a blocking GC Explicit
08-03 17:30:09.821 26488 26500 I art     : Explicit concurrent mark sweep GC freed 3(96B) AllocSpace objects, 0(0B) LOS objects, 29% free, 39MB/55MB, paused 511us total 20.478ms
08-03 17:30:10.159 26488  4093 I art     : Starting a blocking GC Explicit
08-03 17:30:10.183 26488  4093 I art     : Explicit concurrent mark sweep GC freed 1401(80KB) AllocSpace objects, 1(20KB) LOS objects, 29% free, 39MB/55MB, paused 511us total 23.334ms
08-03 17:30:10.194 26488  4093 I art     : Starting a blocking GC Explicit
08-03 17:30:10.212 26488  4093 I art     : Explicit concurrent mark sweep GC freed 20(704B) AllocSpace objects, 0(0B) LOS objects, 29% free, 39MB/55MB, paused 463us total 18.392ms
08-03 17:30:10.220 26488  4093 I art     : Starting a blocking GC Explicit
08-03 17:30:10.239 26488  4093 I art     : Explicit concurrent mark sweep GC freed 3(96B) AllocSpace objects, 0(0B) LOS objects, 29% free, 39MB/55MB, paused 470us total 19.404ms
08-03 17:30:10.246 26488  4093 I art     : Starting a blocking GC Explicit
08-03 17:30:10.266 26488  4093 I art     : Explicit concurrent mark sweep GC freed 3(96B) AllocSpace objects, 0(0B) LOS objects, 29% free, 39MB/55MB, paused 507us total 19.690ms
08-03 17:30:10.273 26488  4093 I art     : Starting a blocking GC Explicit
08-03 17:30:10.296 26488  4093 I art     : Explicit concurrent mark sweep GC freed 8(496B) AllocSpace objects, 0(0B) LOS objects, 29% free, 39MB/55MB, paused 512us total 23.281ms
08-03 17:30:10.641 26488  3854 I art     : Starting a blocking GC Explicit
08-03 17:30:10.664 26488  3854 I art     : Explicit concurrent mark sweep GC freed 1415(81KB) AllocSpace objects, 1(20KB) LOS objects, 29% free, 39MB/55MB, paused 534us total 23.199ms
08-03 17:30:10.674 26488  3854 I art     : Starting a blocking GC Explicit
08-03 17:30:10.695 26488  3854 I art     : Explicit concurrent mark sweep GC freed 26(928B) AllocSpace objects, 0(0B) LOS objects, 29% free, 39MB/55MB, paused 484us total 20.267ms
08-03 17:30:10.702 26488  3854 I art     : Starting a blocking GC Explicit
08-03 17:30:10.722 26488  3854 I art     : Explicit concurrent mark sweep GC freed 3(96B) AllocSpace objects, 0(0B) LOS objects, 29% free, 39MB/55MB, paused 519us total 19.808ms
08-03 17:30:10.729 26488  3854 I art     : Starting a blocking GC Explicit
08-03 17:30:10.749 26488  3854 I art     : Explicit concurrent mark sweep GC freed 3(96B) AllocSpace objects, 0(0B) LOS objects, 29% free, 39MB/55MB, paused 510us total 19.667ms
08-03 17:30:10.756 26488  3854 I art     : Starting a blocking GC Explicit
08-03 17:30:10.777 26488  3854 I art     : Explicit concurrent mark sweep GC freed 3(96B) AllocSpace objects, 0(0B) LOS objects, 29% free, 39MB/55MB, paused 568us total 20.373ms
08-03 17:30:11.088 26488 26501 I art     : Starting a blocking GC Explicit
08-03 17:30:11.112 26488 26501 I art     : Explicit concurrent mark sweep GC freed 1401(80KB) AllocSpace objects, 1(20KB) LOS objects, 29% free, 39MB/55MB, paused 664us total 23.389ms
08-03 17:30:11.123 26488 26501 I art     : Starting a blocking GC Explicit
08-03 17:30:11.143 26488 26501 I art     : Explicit concurrent mark sweep GC freed 20(704B) AllocSpace objects, 0(0B) LOS objects, 29% free, 39MB/55MB, paused 501us total 19.875ms
08-03 17:30:11.150 26488 26501 I art     : Starting a blocking GC Explicit
08-03 17:30:11.170 26488 26501 I art     : Explicit concurrent mark sweep GC freed 3(96B) AllocSpace objects, 0(0B) LOS objects, 29% free, 39MB/55MB, paused 516us total 19.749ms
08-03 17:30:11.177 26488 26501 I art     : Starting a blocking GC Explicit
08-03 17:30:11.197 26488 26501 I art     : Explicit concurrent mark sweep GC freed 3(96B) AllocSpace objects, 0(0B) LOS objects, 29% free, 39MB/55MB, paused 619us total 19.802ms
08-03 17:30:11.204 26488 26501 I art     : Starting a blocking GC Explicit
08-03 17:30:11.224 26488 26501 I art     : Explicit concurrent mark sweep GC freed 3(96B) AllocSpace objects, 0(0B) LOS objects, 29% free, 39MB/55MB, paused 639us total 20.231ms
08-03 17:30:11.565 26488 26500 I art     : Starting a blocking GC Explicit
08-03 17:30:11.589 26488 26500 I art     : Explicit concurrent mark sweep GC freed 1401(80KB) AllocSpace objects, 1(20KB) LOS objects, 29% free, 39MB/55MB, paused 510us total 23.288ms
08-03 17:30:11.600 26488 26500 I art     : Starting a blocking GC Explicit
08-03 17:30:11.620 26488 26500 I art     : Explicit concurrent mark sweep GC freed 20(704B) AllocSpace objects, 0(0B) LOS objects, 29% free, 39MB/55MB, paused 514us total 19.764ms
08-03 17:30:11.627 26488 26500 I art     : Starting a blocking GC Explicit
08-03 17:30:11.646 26488 26500 I art     : Explicit concurrent mark sweep GC freed 3(96B) AllocSpace objects, 0(0B) LOS objects, 29% free, 39MB/55MB, paused 507us total 19.785ms
08-03 17:30:11.653 26488 26500 I art     : Starting a blocking GC Explicit
08-03 17:30:11.674 26488 26500 I art     : Explicit concurrent mark sweep GC freed 3(96B) AllocSpace objects, 0(0B) LOS objects, 29% free, 39MB/55MB, paused 483us total 19.925ms
08-03 17:30:11.681 26488 26500 I art     : Starting a blocking GC Explicit
08-03 17:30:11.701 26488 26500 I art     : Explicit concurrent mark sweep GC freed 3(96B) AllocSpace objects, 0(0B) LOS objects, 29% free, 39MB/55MB, paused 524us total 20.549ms
08-03 17:30:12.005 26488  4093 I art     : Starting a blocking GC Explicit
08-03 17:30:12.027 26488  4093 I art     : Explicit concurrent mark sweep GC freed 1401(80KB) AllocSpace objects, 1(20KB) LOS objects, 29% free, 39MB/55MB, paused 585us total 21.683ms
08-03 17:30:12.034 26488  4093 I art     : Starting a blocking GC Explicit
08-03 17:30:12.056 26488  4093 I art     : Explicit concurrent mark sweep GC freed 20(704B) AllocSpace objects, 0(0B) LOS objects, 29% free, 39MB/55MB, paused 533us total 21.198ms
08-03 17:30:12.063 26488  4093 I art     : Starting a blocking GC Explicit
08-03 17:30:12.083 26488  4093 I art     : Explicit concurrent mark sweep GC freed 3(96B) AllocSpace objects, 0(0B) LOS objects, 29% free, 39MB/55MB, paused 511us total 19.860ms
08-03 17:30:12.090 26488  4093 I art     : Starting a blocking GC Explicit
08-03 17:30:12.110 26488  4093 I art     : Explicit concurrent mark sweep GC freed 3(96B) AllocSpace objects, 0(0B) LOS objects, 29% free, 39MB/55MB, paused 579us total 19.832ms
08-03 17:30:12.117 26488  4093 I art     : Starting a blocking GC Explicit
08-03 17:30:12.137 26488  4093 I art     : Explicit concurrent mark sweep GC freed 3(96B) AllocSpace objects, 0(0B) LOS objects, 29% free, 39MB/55MB, paused 550us total 19.673ms
08-03 17:30:12.209  4737  4737 D AndroidRuntime: >>>>>> START com.android.internal.os.RuntimeInit uid 2000 <<<<<<
08-03 17:30:12.213  4737  4737 D AndroidRuntime: CheckJNI is OFF
08-03 17:30:12.239  4737  4737 D ICU     : No timezone override file found: /data/misc/zoneinfo/current/icu/icu_tzdata.dat
08-03 17:30:12.265  4737  4737 I Radio-JNI: register_android_hardware_Radio DONE
08-03 17:30:12.281  4737  4737 D AndroidRuntime: Calling main entry com.android.commands.input.Input
08-03 17:30:12.282  4737  4737 I Input   : injectKeyEvent: KeyEvent { action=ACTION_DOWN, keyCode=KEYCODE_BACK, scanCode=0, metaState=0, flags=0x0, repeatCount=0, eventTime=639028695, downTime=639028695, deviceId=-1, source=0x101 }
08-03 17:30:12.295  4737  4737 I Input   : injectKeyEvent: KeyEvent { action=ACTION_UP, keyCode=KEYCODE_BACK, scanCode=0, metaState=0, flags=0x0, repeatCount=0, eventTime=639028695, downTime=639028695, deviceId=-1, source=0x101 }
08-03 17:30:12.303  4737  4737 D AndroidRuntime: Shutting down VM
08-03 17:30:12.402 26488 26501 I art     : Starting a blocking GC Explicit
08-03 17:30:12.424 26488 26501 I art     : Explicit concurrent mark sweep GC freed 3981(317KB) AllocSpace objects, 9(180KB) LOS objects, 28% free, 39MB/55MB, paused 711us total 21.211ms
08-03 17:30:12.431 26488 26501 I art     : Starting a blocking GC Explicit
08-03 17:30:12.435 13866 13866 I GoogleInputMethodServic: GoogleInputMethodService.onFinishInput():3138 
08-03 17:30:12.436 13866 13866 I GoogleInputMethodServic: GoogleInputMethodService.onStartInput():1808 
08-03 17:30:12.451 26488 26501 I art     : Explicit concurrent mark sweep GC freed 710(43KB) AllocSpace objects, 1(20KB) LOS objects, 28% free, 39MB/55MB, paused 670us total 20.112ms
08-03 17:30:12.459 26488 26501 I art     : Starting a blocking GC Explicit
08-03 17:30:12.478 26488 26501 I art     : Explicit concurrent mark sweep GC freed 1028(105KB) AllocSpace objects, 1(28KB) LOS objects, 29% free, 39MB/55MB, paused 526us total 19.030ms
08-03 17:30:12.484 26488 26501 I art     : Starting a blocking GC Explicit
08-03 17:30:12.502 26488 26501 I art     : Explicit concurrent mark sweep GC freed 3(96B) AllocSpace objects, 0(0B) LOS objects, 29% free, 39MB/55MB, paused 515us total 17.810ms
08-03 17:30:12.509 26488 26501 I art     : Starting a blocking GC Explicit
08-03 17:30:12.528 26488 26501 I art     : Explicit concurrent mark sweep GC freed 3(96B) AllocSpace objects, 0(0B) LOS objects, 29% free, 39MB/55MB, paused 1.033ms total 19.087ms
08-03 17:30:12.815 26488 26500 I art     : Starting a blocking GC Explicit
08-03 17:30:12.840 26488 26500 I art     : Explicit concurrent mark sweep GC freed 3242(193KB) AllocSpace objects, 1(20KB) LOS objects, 28% free, 39MB/55MB, paused 667us total 23.969ms
08-03 17:30:12.847 26488 26500 I art     : Starting a blocking GC Explicit
08-03 17:30:12.848   918  3263 D ConnectivityService: releasing NetworkRequest NetworkRequest [ id=2243, legacyType=-1, [ Capabilities: INTERNET&NOT_RESTRICTED&TRUSTED] ]
08-03 17:30:12.870 26488 26500 I art     : Explicit concurrent mark sweep GC freed 7357(492KB) AllocSpace objects, 14(4MB) LOS objects, 31% free, 34MB/50MB, paused 672us total 22.625ms
08-03 17:30:12.876 26488 26500 I art     : Starting a blocking GC Explicit
08-03 17:30:12.893 26488 26500 I art     : Explicit concurrent mark sweep GC freed 1000(119KB) AllocSpace objects, 1(80KB) LOS objects, 31% free, 34MB/50MB, paused 593us total 16.831ms
08-03 17:30:12.900 26488 26500 I art     : Starting a blocking GC Explicit
08-03 17:30:12.907 26488  4771 I NAPPA_EXPERIMENTATION: MetricNetworkRequestExecutionTime: REQUEST_DURATION_SYSTEM='504',REQUEST_DURATION_OKHTTP='35',REQUEST_SYNCHRONOUS='TRUE',RESPONSE_CODE='200',RESPONSE_METHOD='GET',RESPONSE_LENGTH_OKHTTP='-1',RESPONSE_LENGTH_HEADER='22512',REQUEST_PROTOCOL='http/1.1',REQUEST_URL='https://www.newsblur.com/social/river_stories?order=newest&page=3&read_filter=all&global_feed=true',
08-03 17:30:12.907 26488  4771 D MY_TAG  : 0, 504
08-03 17:30:12.917 26488 26500 I art     : Explicit concurrent mark sweep GC freed 141(13KB) AllocSpace objects, 0(0B) LOS objects, 31% free, 34MB/50MB, paused 538us total 16.610ms
08-03 17:30:12.923 26488 26500 I art     : Starting a blocking GC Explicit
08-03 17:30:12.941 26488 26500 I art     : Explicit concurrent mark sweep GC freed 2218(172KB) AllocSpace objects, 3(296KB) LOS objects, 31% free, 34MB/50MB, paused 689us total 17.569ms
08-03 17:30:13.170   518   646 I ThermalEngine: ACTION: GPU - Setting GPU[0] to 510000000
08-03 17:30:13.243 26488  4093 I art     : Starting a blocking GC Explicit
08-03 17:30:13.275 26488  4093 I art     : Explicit concurrent mark sweep GC freed 34648(2MB) AllocSpace objects, 25(716KB) LOS objects, 31% free, 34MB/50MB, paused 811us total 31.817ms
08-03 17:30:13.286 26488  4093 I art     : Starting a blocking GC Explicit
08-03 17:30:13.315 26488  4093 I art     : Explicit concurrent mark sweep GC freed 359(39KB) AllocSpace objects, 3(80KB) LOS objects, 31% free, 34MB/50MB, paused 781us total 28.824ms
08-03 17:30:13.325 26488  4093 I art     : Starting a blocking GC Explicit
08-03 17:30:13.352 26488  4093 I art     : Explicit concurrent mark sweep GC freed 1455(58KB) AllocSpace objects, 0(0B) LOS objects, 31% free, 34MB/50MB, paused 1.031ms total 26.425ms
08-03 17:30:13.361 26488  4093 I art     : Starting a blocking GC Explicit
08-03 17:30:13.385 26488  4093 I art     : Explicit concurrent mark sweep GC freed 245(8KB) AllocSpace objects, 0(0B) LOS objects, 31% free, 34MB/50MB, paused 785us total 23.744ms
08-03 17:30:13.393 26488  4093 I art     : Starting a blocking GC Explicit
08-03 17:30:13.403 26488  4771 I NAPPA_EXPERIMENTATION: MetricNetworkRequestExecutionTime: REQUEST_DURATION_SYSTEM='382',REQUEST_DURATION_OKHTTP='41',REQUEST_SYNCHRONOUS='TRUE',RESPONSE_CODE='200',RESPONSE_METHOD='GET',RESPONSE_LENGTH_OKHTTP='-1',RESPONSE_LENGTH_HEADER='10672',REQUEST_PROTOCOL='http/1.1',REQUEST_URL='https://www.newsblur.com/social/river_stories?order=newest&page=4&read_filter=all&global_feed=true',
08-03 17:30:13.403 26488  4771 D MY_TAG  : 0, 382
08-03 17:30:13.416 26488  4093 I art     : Explicit concurrent mark sweep GC freed 422(39KB) AllocSpace objects, 4(180KB) LOS objects, 31% free, 34MB/50MB, paused 989us total 22.867ms
08-03 17:30:13.701 26488 26501 I art     : Starting a blocking GC Explicit
08-03 17:30:13.730 26488 26501 I art     : Explicit concurrent mark sweep GC freed 12821(1294KB) AllocSpace objects, 26(592KB) LOS objects, 31% free, 34MB/50MB, paused 890us total 27.983ms
08-03 17:30:13.740 26488 26501 I art     : Starting a blocking GC Explicit
08-03 17:30:13.765 26488 26501 I art     : Explicit concurrent mark sweep GC freed 1381(101KB) AllocSpace objects, 0(0B) LOS objects, 31% free, 34MB/50MB, paused 642us total 24.417ms
08-03 17:30:13.773 26488 26501 I art     : Starting a blocking GC Explicit
08-03 17:30:13.800 26488 26501 I art     : Explicit concurrent mark sweep GC freed 6(192B) AllocSpace objects, 0(0B) LOS objects, 31% free, 34MB/50MB, paused 5.685ms total 26.685ms
08-03 17:30:13.809 26488 26501 I art     : Starting a blocking GC Explicit
08-03 17:30:13.831 26488 26501 I art     : Explicit concurrent mark sweep GC freed 9(288B) AllocSpace objects, 0(0B) LOS objects, 31% free, 34MB/50MB, paused 659us total 21.733ms
08-03 17:30:13.840 26488 26501 I art     : Starting a blocking GC Explicit
08-03 17:30:13.862 26488 26501 I art     : Explicit concurrent mark sweep GC freed 3(96B) AllocSpace objects, 0(0B) LOS objects, 31% free, 34MB/50MB, paused 692us total 22.100ms
08-03 17:30:13.958  4799  4799 D AndroidRuntime: >>>>>> START com.android.internal.os.RuntimeInit uid 2000 <<<<<<
08-03 17:30:13.964  4799  4799 D AndroidRuntime: CheckJNI is OFF
08-03 17:30:13.998  4799  4799 D ICU     : No timezone override file found: /data/misc/zoneinfo/current/icu/icu_tzdata.dat
08-03 17:30:14.031  4799  4799 I Radio-JNI: register_android_hardware_Radio DONE
08-03 17:30:14.052  4799  4799 D AndroidRuntime: Calling main entry com.android.commands.input.Input
08-03 17:30:14.054  4799  4799 I Input   : injectMotionEvent: MotionEvent { action=ACTION_DOWN, actionButton=0, id[0]=0, x[0]=435.0, y[0]=858.0, toolType[0]=TOOL_TYPE_UNKNOWN, buttonState=0, metaState=0, flags=0x0, edgeFlags=0x0, pointerCount=1, historySize=0, eventTime=639030467, downTime=639030467, deviceId=0, source=0x1002 }
08-03 17:30:14.059  4799  4799 I Input   : injectMotionEvent: MotionEvent { action=ACTION_UP, actionButton=0, id[0]=0, x[0]=435.0, y[0]=858.0, toolType[0]=TOOL_TYPE_UNKNOWN, buttonState=0, metaState=0, flags=0x0, edgeFlags=0x0, pointerCount=1, historySize=0, eventTime=639030467, downTime=639030467, deviceId=0, source=0x1002 }
08-03 17:30:14.064  4799  4799 D AndroidRuntime: Shutting down VM
08-03 17:30:14.082   512  2967 D audio_hw_primary: out_set_parameters: enter: usecase(1: low-latency-playback) kvpairs: routing=2
08-03 17:30:14.084   918   929 I ActivityManager: START u0 {cmp=baseline.com.newsblur/.activity.GlobalSharedStoriesReading (has extras)} from uid 10625 on display 0
08-03 17:30:14.095   512  2967 D audio_hw_primary: select_devices: out_snd_device(2: speaker) in_snd_device(0: none)
08-03 17:30:14.095   512  2967 D msm8974_platform: platform_send_audio_calibration: sending audio calibration for snd_device(2) acdb_id(15)
08-03 17:30:14.095   512  2967 I soundtrigger: audio_extn_sound_trigger_update_device_status: device 0x2 of type 0 for Event 1
08-03 17:30:14.111   512  2967 D audio_hw_primary: enable_snd_device: snd_device(2: speaker)
08-03 17:30:14.113   512  2967 D audio_hw_primary: enable_audio_route: apply and update mixer path: low-latency-playback speaker
08-03 17:30:14.178 26488 26500 I art     : Starting a blocking GC Explicit
08-03 17:30:14.203 26488 26500 I art     : Explicit concurrent mark sweep GC freed 2848(213KB) AllocSpace objects, 6(580KB) LOS objects, 30% free, 35MB/51MB, paused 777us total 25.276ms
08-03 17:30:14.213 26488 26500 I art     : Starting a blocking GC Explicit
08-03 17:30:14.238 26488 26500 I art     : Explicit concurrent mark sweep GC freed 568(46KB) AllocSpace objects, 1(20KB) LOS objects, 30% free, 35MB/51MB, paused 726us total 25.293ms
08-03 17:30:14.247 26488 26500 I art     : Starting a blocking GC Explicit
08-03 17:30:14.274 26488 26500 I art     : Explicit concurrent mark sweep GC freed 233(26KB) AllocSpace objects, 1(20KB) LOS objects, 30% free, 35MB/51MB, paused 3.262ms total 27.383ms
08-03 17:30:14.284 26488 26500 I art     : Starting a blocking GC Explicit
08-03 17:30:14.308 26488 26500 I art     : Explicit concurrent mark sweep GC freed 293(16KB) AllocSpace objects, 0(0B) LOS objects, 29% free, 37MB/53MB, paused 831us total 23.213ms
08-03 17:30:14.317 26488 26500 I art     : Starting a blocking GC Explicit
08-03 17:30:14.322   918   936 I ActivityManager: Displayed baseline.com.newsblur/.activity.GlobalSharedStoriesReading: +230ms
08-03 17:30:14.322 13866 13866 I GoogleInputMethodServic: GoogleInputMethodService.onFinishInput():3138 
08-03 17:30:14.323 13866 13866 I GoogleInputMethodServic: GoogleInputMethodService.onStartInput():1808 
08-03 17:30:14.339 26488 26500 I art     : Explicit concurrent mark sweep GC freed 736(35KB) AllocSpace objects, 0(0B) LOS objects, 29% free, 37MB/53MB, paused 983us total 21.904ms
08-03 17:30:14.343   918   929 D ConnectivityService: listenForNetwork for Listen from uid/pid:10625/26488 for NetworkRequest [ id=2244, legacyType=-1, [ Capabilities: INTERNET&NOT_RESTRICTED&TRUSTED] ]
08-03 17:30:14.501 26488  4119 I NAPPA_EXPERIMENTATION: MetricNetworkRequestExecutionTime: REQUEST_DURATION_SYSTEM='75',REQUEST_DURATION_OKHTTP='74',REQUEST_SYNCHRONOUS='TRUE',RESPONSE_CODE='200',RESPONSE_METHOD='GET',RESPONSE_LENGTH_OKHTTP='3140',RESPONSE_LENGTH_HEADER='3140',REQUEST_PROTOCOL='http/1.1',REQUEST_URL='https://s3.amazonaws.com/avatars.newsblur.com/avatars/136960/thumbnail_profile_1364434554.jpg',
08-03 17:30:14.508 26488  3839 V RenderScript: 0x7f7ac0d000 Launching thread(s), CPUs 8
08-03 17:30:14.616 26488 26501 I art     : Starting a blocking GC Explicit
08-03 17:30:14.643 26488 26501 I art     : Explicit concurrent mark sweep GC freed 9034(784KB) AllocSpace objects, 20(392KB) LOS objects, 28% free, 39MB/55MB, paused 967us total 27.002ms
08-03 17:30:14.648   512  2967 D audio_hw_primary: disable_audio_route: reset and update mixer path: low-latency-playback speaker
08-03 17:30:14.649   512  2967 D audio_hw_primary: disable_snd_device: snd_device(2: speaker)
08-03 17:30:14.656   512  2967 I soundtrigger: audio_extn_sound_trigger_update_device_status: device 0x2 of type 0 for Event 0
08-03 17:30:14.657 26488 26501 I art     : Starting a blocking GC Explicit
08-03 17:30:14.681 26488 26501 I art     : Explicit concurrent mark sweep GC freed 4932(343KB) AllocSpace objects, 1(20KB) LOS objects, 28% free, 39MB/55MB, paused 924us total 24.309ms
08-03 17:30:14.691 26488 26501 I art     : Starting a blocking GC Explicit
08-03 17:30:14.716 26488 26501 I art     : Explicit concurrent mark sweep GC freed 1583(153KB) AllocSpace objects, 1(20KB) LOS objects, 28% free, 39MB/55MB, paused 864us total 24.887ms
08-03 17:30:14.725 26488 26501 I art     : Starting a blocking GC Explicit
08-03 17:30:14.743 26488  4485 E chromium: [ERROR:tile_manager.cc(793)] WARNING: tile memory limits exceeded, some content may not draw
08-03 17:30:14.744 26488  4485 E chromium: [ERROR:tile_manager.cc(793)] WARNING: tile memory limits exceeded, some content may not draw
08-03 17:30:14.749 26488 26501 I art     : Explicit concurrent mark sweep GC freed 70(3KB) AllocSpace objects, 1(28KB) LOS objects, 28% free, 39MB/55MB, paused 948us total 23.693ms
08-03 17:30:14.757 26488 26501 I art     : Starting a blocking GC Explicit
08-03 17:30:14.781 26488 26501 I art     : Explicit concurrent mark sweep GC freed 27(1040B) AllocSpace objects, 0(0B) LOS objects, 28% free, 39MB/55MB, paused 1.033ms total 23.244ms
08-03 17:30:14.787 26488  4485 E chromium: [ERROR:tile_manager.cc(793)] WARNING: tile memory limits exceeded, some content may not draw
08-03 17:30:14.789 26488  4485 E chromium: [ERROR:tile_manager.cc(793)] WARNING: tile memory limits exceeded, some content may not draw
08-03 17:30:14.815 26488  4485 E chromium: [ERROR:tile_manager.cc(793)] WARNING: tile memory limits exceeded, some content may not draw
08-03 17:30:14.816 26488  4485 E chromium: [ERROR:tile_manager.cc(793)] WARNING: tile memory limits exceeded, some content may not draw
08-03 17:30:14.816 26488  4485 E chromium: [ERROR:tile_manager.cc(793)] WARNING: tile memory limits exceeded, some content may not draw
08-03 17:30:14.816 26488  4485 E chromium: [ERROR:tile_manager.cc(793)] WARNING: tile memory limits exceeded, some content may not draw
08-03 17:30:14.843 26488  4485 E chromium: [ERROR:tile_manager.cc(793)] WARNING: tile memory limits exceeded, some content may not draw
08-03 17:30:14.844 26488  4485 E chromium: [ERROR:tile_manager.cc(793)] WARNING: tile memory limits exceeded, some content may not draw
08-03 17:30:14.844 26488  4485 E chromium: [ERROR:tile_manager.cc(793)] WARNING: tile memory limits exceeded, some content may not draw
08-03 17:30:14.846 26488  4485 E chromium: [ERROR:tile_manager.cc(793)] WARNING: tile memory limits exceeded, some content may not draw
08-03 17:30:14.847 26488  4485 E chromium: [ERROR:tile_manager.cc(793)] WARNING: tile memory limits exceeded, some content may not draw
08-03 17:30:14.877 26488  4485 E chromium: [ERROR:tile_manager.cc(793)] WARNING: tile memory limits exceeded, some content may not draw
08-03 17:30:14.880 26488  4485 E chromium: [ERROR:tile_manager.cc(793)] WARNING: tile memory limits exceeded, some content may not draw
08-03 17:30:15.050 26488  4853 D MY_TAG  : 0, 449
08-03 17:30:15.087 26488  4093 I art     : Starting a blocking GC Explicit
08-03 17:30:15.122 26488  4485 E chromium: [ERROR:tile_manager.cc(793)] WARNING: tile memory limits exceeded, some content may not draw
08-03 17:30:15.122 26488  4485 E chromium: [ERROR:tile_manager.cc(793)] WARNING: tile memory limits exceeded, some content may not draw
08-03 17:30:15.125 26488  4093 I art     : Explicit concurrent mark sweep GC freed 8206(466KB) AllocSpace objects, 9(460KB) LOS objects, 28% free, 39MB/55MB, paused 994us total 37.727ms
08-03 17:30:15.138 26488  4485 E chromium: [ERROR:tile_manager.cc(793)] WARNING: tile memory limits exceeded, some content may not draw
08-03 17:30:15.138 26488  4093 I art     : Starting a blocking GC Explicit
08-03 17:30:15.165 26488  4485 E chromium: [ERROR:tile_manager.cc(793)] WARNING: tile memory limits exceeded, some content may not draw
08-03 17:30:15.167 26488  4093 I art     : Explicit concurrent mark sweep GC freed 1938(234KB) AllocSpace objects, 0(0B) LOS objects, 28% free, 39MB/55MB, paused 912us total 29.177ms
08-03 17:30:15.176 26488  4093 I art     : Starting a blocking GC Explicit
08-03 17:30:15.199 26488  4093 I art     : Explicit concurrent mark sweep GC freed 5(160B) AllocSpace objects, 0(0B) LOS objects, 28% free, 39MB/55MB, paused 693us total 22.831ms
08-03 17:30:15.208 26488  4093 I art     : Starting a blocking GC Explicit
08-03 17:30:15.231 26488  4093 I art     : Explicit concurrent mark sweep GC freed 3(96B) AllocSpace objects, 0(0B) LOS objects, 28% free, 39MB/55MB, paused 812us total 23.085ms
08-03 17:30:15.239 26488  4093 I art     : Starting a blocking GC Explicit
08-03 17:30:15.263 26488  4093 I art     : Explicit concurrent mark sweep GC freed 3(96B) AllocSpace objects, 0(0B) LOS objects, 28% free, 39MB/55MB, paused 770us total 23.731ms
08-03 17:30:15.552 26488  4853 D MY_TAG  : 0, 484
08-03 17:30:15.600 26488  3854 I art     : Starting a blocking GC Explicit
08-03 17:30:15.605 26488  4485 E chromium: [ERROR:tile_manager.cc(793)] WARNING: tile memory limits exceeded, some content may not draw
08-03 17:30:15.606 26488  4485 E chromium: [ERROR:tile_manager.cc(793)] WARNING: tile memory limits exceeded, some content may not draw
08-03 17:30:15.607 26488  4485 E chromium: [ERROR:tile_manager.cc(793)] WARNING: tile memory limits exceeded, some content may not draw
08-03 17:30:15.608 26488  4485 E chromium: [ERROR:tile_manager.cc(793)] WARNING: tile memory limits exceeded, some content may not draw
08-03 17:30:15.612 26488  4485 E chromium: [ERROR:tile_manager.cc(793)] WARNING: tile memory limits exceeded, some content may not draw
08-03 17:30:15.612 26488  4485 E chromium: [ERROR:tile_manager.cc(793)] WARNING: tile memory limits exceeded, some content may not draw
08-03 17:30:15.627 26488  4485 E chromium: [ERROR:tile_manager.cc(793)] WARNING: tile memory limits exceeded, some content may not draw
08-03 17:30:15.628 26488  4485 E chromium: [ERROR:tile_manager.cc(793)] WARNING: tile memory limits exceeded, some content may not draw
08-03 17:30:15.637 26488  3854 I art     : Explicit concurrent mark sweep GC freed 5427(431KB) AllocSpace objects, 14(280KB) LOS objects, 28% free, 39MB/55MB, paused 1.120ms total 37.435ms
08-03 17:30:15.646 26488  3854 I art     : Starting a blocking GC Explicit
08-03 17:30:15.671 26488  3854 I art     : Explicit concurrent mark sweep GC freed 1949(171KB) AllocSpace objects, 6(128KB) LOS objects, 28% free, 39MB/55MB, paused 802us total 24.898ms
08-03 17:30:15.680 26488  3854 I art     : Starting a blocking GC Explicit
08-03 17:30:15.704 26488  3854 I art     : Explicit concurrent mark sweep GC freed 1751(92KB) AllocSpace objects, 1(28KB) LOS objects, 28% free, 39MB/55MB, paused 838us total 23.809ms
08-03 17:30:15.713 26488  3854 I art     : Starting a blocking GC Explicit
08-03 17:30:15.737 26488  3854 I art     : Explicit concurrent mark sweep GC freed 707(50KB) AllocSpace objects, 0(0B) LOS objects, 28% free, 39MB/55MB, paused 696us total 23.733ms
08-03 17:30:15.746 26488  3854 I art     : Starting a blocking GC Explicit
08-03 17:30:15.770 26488  3854 I art     : Explicit concurrent mark sweep GC freed 15(480B) AllocSpace objects, 0(0B) LOS objects, 28% free, 39MB/55MB, paused 638us total 24.076ms
08-03 17:30:16.105 26488  4093 I art     : Starting a blocking GC Explicit
08-03 17:30:16.134 26488  4093 I art     : Explicit concurrent mark sweep GC freed 1473(83KB) AllocSpace objects, 1(20KB) LOS objects, 28% free, 39MB/55MB, paused 723us total 29.113ms
08-03 17:30:16.144 26488  4093 I art     : Starting a blocking GC Explicit
08-03 17:30:16.171 26488  4093 I art     : Explicit concurrent mark sweep GC freed 20(704B) AllocSpace objects, 0(0B) LOS objects, 28% free, 39MB/55MB, paused 738us total 27.378ms
08-03 17:30:16.180   518   646 I ThermalEngine: ACTION: GPU - Setting GPU[0] to 450000000
08-03 17:30:16.182 26488  4093 I art     : Starting a blocking GC Explicit
08-03 17:30:16.219 26488  4093 I art     : Explicit concurrent mark sweep GC freed 3(96B) AllocSpace objects, 0(0B) LOS objects, 28% free, 39MB/55MB, paused 993us total 36.413ms
08-03 17:30:16.231 26488  4093 I art     : Starting a blocking GC Explicit
08-03 17:30:16.266 26488  4093 I art     : Explicit concurrent mark sweep GC freed 3(96B) AllocSpace objects, 0(0B) LOS objects, 28% free, 39MB/55MB, paused 1.010ms total 33.926ms
08-03 17:30:16.278 26488  4093 I art     : Starting a blocking GC Explicit
08-03 17:30:16.317 26488  4093 I art     : Explicit concurrent mark sweep GC freed 3(96B) AllocSpace objects, 0(0B) LOS objects, 28% free, 39MB/55MB, paused 968us total 38.466ms
08-03 17:30:16.675 26488 26500 I art     : Starting a blocking GC Explicit
08-03 17:30:16.714 26488 26500 I art     : Explicit concurrent mark sweep GC freed 1404(81KB) AllocSpace objects, 1(20KB) LOS objects, 28% free, 39MB/55MB, paused 984us total 39.225ms
08-03 17:30:16.729 26488 26500 I art     : Starting a blocking GC Explicit
08-03 17:30:16.767 26488 26500 I art     : Explicit concurrent mark sweep GC freed 20(704B) AllocSpace objects, 0(0B) LOS objects, 28% free, 39MB/55MB, paused 952us total 37.972ms
08-03 17:30:16.779 26488 26500 I art     : Starting a blocking GC Explicit
08-03 17:30:16.817 26488 26500 I art     : Explicit concurrent mark sweep GC freed 3(96B) AllocSpace objects, 0(0B) LOS objects, 28% free, 39MB/55MB, paused 974us total 37.062ms
08-03 17:30:16.829 26488 26500 I art     : Starting a blocking GC Explicit
08-03 17:30:16.864 26488 26500 I art     : Explicit concurrent mark sweep GC freed 3(96B) AllocSpace objects, 0(0B) LOS objects, 28% free, 39MB/55MB, paused 1.036ms total 34.576ms
08-03 17:30:16.877 26488 26500 I art     : Starting a blocking GC Explicit
08-03 17:30:16.914 26488 26500 I art     : Explicit concurrent mark sweep GC freed 3(96B) AllocSpace objects, 0(0B) LOS objects, 28% free, 39MB/55MB, paused 1.036ms total 37.053ms
08-03 17:30:17.286 26488  3854 I art     : Starting a blocking GC Explicit
08-03 17:30:17.326 26488  3854 I art     : Explicit concurrent mark sweep GC freed 1403(80KB) AllocSpace objects, 1(20KB) LOS objects, 28% free, 39MB/55MB, paused 1.005ms total 39.906ms
08-03 17:30:17.341 26488  3854 I art     : Starting a blocking GC Explicit
08-03 17:30:17.375 26488  3854 I art     : Explicit concurrent mark sweep GC freed 20(704B) AllocSpace objects, 0(0B) LOS objects, 28% free, 39MB/55MB, paused 941us total 33.322ms
08-03 17:30:17.387 26488  3854 I art     : Starting a blocking GC Explicit
08-03 17:30:17.423 26488  3854 I art     : Explicit concurrent mark sweep GC freed 3(96B) AllocSpace objects, 0(0B) LOS objects, 28% free, 39MB/55MB, paused 976us total 35.774ms
08-03 17:30:17.435 26488  3854 I art     : Starting a blocking GC Explicit
08-03 17:30:17.471 26488  3854 I art     : Explicit concurrent mark sweep GC freed 3(96B) AllocSpace objects, 0(0B) LOS objects, 28% free, 39MB/55MB, paused 987us total 35.447ms
08-03 17:30:17.483 26488  3854 I art     : Starting a blocking GC Explicit
08-03 17:30:17.519 26488  3854 I art     : Explicit concurrent mark sweep GC freed 3(96B) AllocSpace objects, 0(0B) LOS objects, 28% free, 39MB/55MB, paused 1.001ms total 35.681ms
08-03 17:30:17.881 26488 26501 I art     : Starting a blocking GC Explicit
08-03 17:30:17.921 26488 26501 I art     : Explicit concurrent mark sweep GC freed 1404(81KB) AllocSpace objects, 1(20KB) LOS objects, 28% free, 39MB/55MB, paused 1.015ms total 38.661ms
08-03 17:30:17.935 26488 26501 I art     : Starting a blocking GC Explicit
08-03 17:30:17.970 26488 26501 I art     : Explicit concurrent mark sweep GC freed 20(704B) AllocSpace objects, 0(0B) LOS objects, 28% free, 39MB/55MB, paused 936us total 34.462ms
08-03 17:30:17.982 26488 26501 I art     : Starting a blocking GC Explicit
08-03 17:30:18.012  5179  5194 D QcrilMsgTunnelSocket: readRilMessage: Buffer = [B@671e81d HexData = [010000000404000011000000514f454d484f4f4bef0308000100000003]
08-03 17:30:18.012  5179  5194 D QcrilMsgTunnelSocket: Rcvd UNSOL response with 28 bytes data for SUB0
08-03 17:30:18.012  5179  5194 D QcrilMsgTunnelSocket: Response ID 525295 is not served in this process.
08-03 17:30:18.012  5179  5194 D QcrilMsgTunnelSocket: To broadcast an Intent via the notifier to external apps
08-03 17:30:18.014  5179  5179 D QcrilMsgTunnelIfaceManager: handleMessage what = 0
08-03 17:30:18.015  5179  5179 D QcrilMsgTunnelIfaceManager: Broadcasting intent ACTION_UNSOL_RESPONSE_OEM_HOOK_RAW
08-03 17:30:18.017 26488 26501 I art     : Explicit concurrent mark sweep GC freed 3(96B) AllocSpace objects, 0(0B) LOS objects, 28% free, 39MB/55MB, paused 925us total 34.410ms
08-03 17:30:18.019  5164  5164 D QC_RIL_OEM_HOOK: Received Broadcast Intent ACTION_UNSOL_RESPONSE_OEM_HOOK_RAW
08-03 17:30:18.020  5164  5164 D QC_RIL_OEM_HOOK: Oem ID in QCRILHOOK UNSOL RESP is QOEMHOOK
08-03 17:30:18.028 26488 26501 I art     : Starting a blocking GC Explicit
08-03 17:30:18.064 26488 26501 I art     : Explicit concurrent mark sweep GC freed 3(96B) AllocSpace objects, 0(0B) LOS objects, 28% free, 39MB/55MB, paused 984us total 34.995ms
08-03 17:30:18.076 26488 26501 I art     : Starting a blocking GC Explicit
08-03 17:30:18.111 26488 26501 I art     : Explicit concurrent mark sweep GC freed 3(96B) AllocSpace objects, 0(0B) LOS objects, 28% free, 39MB/55MB, paused 930us total 34.567ms
08-03 17:30:18.472 26488  4093 I art     : Starting a blocking GC Explicit
08-03 17:30:18.503 26488  4093 I art     : Explicit concurrent mark sweep GC freed 1403(81KB) AllocSpace objects, 1(20KB) LOS objects, 28% free, 39MB/55MB, paused 935us total 30.662ms
08-03 17:30:18.514 26488  4093 I art     : Starting a blocking GC Explicit
08-03 17:30:18.546 26488  4093 I art     : Explicit concurrent mark sweep GC freed 20(704B) AllocSpace objects, 0(0B) LOS objects, 28% free, 39MB/55MB, paused 954us total 32.211ms
08-03 17:30:18.558 26488  4093 I art     : Starting a blocking GC Explicit
08-03 17:30:18.592 26488  4093 I art     : Explicit concurrent mark sweep GC freed 3(96B) AllocSpace objects, 0(0B) LOS objects, 28% free, 39MB/55MB, paused 994us total 34.004ms
08-03 17:30:18.604 26488  4093 I art     : Starting a blocking GC Explicit
08-03 17:30:18.640 26488  4093 I art     : Explicit concurrent mark sweep GC freed 3(96B) AllocSpace objects, 0(0B) LOS objects, 28% free, 39MB/55MB, paused 1.025ms total 35.592ms
08-03 17:30:18.652 26488  4093 I art     : Starting a blocking GC Explicit
08-03 17:30:18.688 26488  4093 I art     : Explicit concurrent mark sweep GC freed 3(96B) AllocSpace objects, 0(0B) LOS objects, 28% free, 39MB/55MB, paused 1.057ms total 35.563ms
08-03 17:30:18.721  1766  1766 I ServiceManager: Waiting for service AtCmdFwd...
08-03 17:30:18.851  4933  4933 D AndroidRuntime: >>>>>> START com.android.internal.os.RuntimeInit uid 2000 <<<<<<
08-03 17:30:18.858  4933  4933 D AndroidRuntime: CheckJNI is OFF
08-03 17:30:18.899  4933  4933 D ICU     : No timezone override file found: /data/misc/zoneinfo/current/icu/icu_tzdata.dat
08-03 17:30:18.940  4933  4933 I Radio-JNI: register_android_hardware_Radio DONE
08-03 17:30:18.970  4933  4933 D AndroidRuntime: Calling main entry com.android.commands.input.Input
08-03 17:30:18.971  4933  4933 I Input   : injectKeyEvent: KeyEvent { action=ACTION_DOWN, keyCode=KEYCODE_BACK, scanCode=0, metaState=0, flags=0x0, repeatCount=0, eventTime=639035384, downTime=639035384, deviceId=-1, source=0x101 }
08-03 17:30:18.977  4933  4933 I Input   : injectKeyEvent: KeyEvent { action=ACTION_UP, keyCode=KEYCODE_BACK, scanCode=0, metaState=0, flags=0x0, repeatCount=0, eventTime=639035384, downTime=639035384, deviceId=-1, source=0x101 }
08-03 17:30:18.984  4933  4933 D AndroidRuntime: Shutting down VM
08-03 17:30:19.067 26488  4093 I art     : Starting a blocking GC Explicit
08-03 17:30:19.102 26488  4093 I art     : Explicit concurrent mark sweep GC freed 1655(121KB) AllocSpace objects, 3(60KB) LOS objects, 28% free, 39MB/55MB, paused 1.018ms total 34.493ms
08-03 17:30:19.114 26488  4093 I art     : Starting a blocking GC Explicit
08-03 17:30:19.148 26488  4093 I art     : Explicit concurrent mark sweep GC freed 829(73KB) AllocSpace objects, 2(40KB) LOS objects, 28% free, 39MB/55MB, paused 1.439ms total 33.821ms
08-03 17:30:19.164 26488  4093 I art     : Starting a blocking GC Explicit
08-03 17:30:19.182   518   646 I ThermalEngine: ACTION: GPU - Setting GPU[0] to 510000000
08-03 17:30:19.196 26488  4093 I art     : Explicit concurrent mark sweep GC freed 794(59KB) AllocSpace objects, 0(0B) LOS objects, 28% free, 39MB/55MB, paused 1.012ms total 31.717ms
08-03 17:30:19.202 13866 13866 I GoogleInputMethodServic: GoogleInputMethodService.onFinishInput():3138 
08-03 17:30:19.203 13866 13866 I GoogleInputMethodServic: GoogleInputMethodService.onStartInput():1808 
08-03 17:30:19.208 26488  4093 I art     : Starting a blocking GC Explicit
08-03 17:30:19.238 26488  4093 I art     : Explicit concurrent mark sweep GC freed 1280(92KB) AllocSpace objects, 1(20KB) LOS objects, 28% free, 39MB/55MB, paused 852us total 29.309ms
08-03 17:30:19.248 26488  4093 I art     : Starting a blocking GC Explicit
08-03 17:30:19.272 26488  4093 I art     : Explicit concurrent mark sweep GC freed 40(2000B) AllocSpace objects, 1(28KB) LOS objects, 28% free, 39MB/55MB, paused 702us total 24.526ms
08-03 17:30:19.321 26488  4965 I NAPPA_EXPERIMENTATION: MetricNetworkRequestExecutionTime: REQUEST_DURATION_SYSTEM='94',REQUEST_DURATION_OKHTTP='42',REQUEST_SYNCHRONOUS='TRUE',RESPONSE_CODE='200',RESPONSE_METHOD='GET',RESPONSE_LENGTH_OKHTTP='43',RESPONSE_LENGTH_HEADER='43',REQUEST_PROTOCOL='http/1.1',REQUEST_URL='http://feeds.feedburner.com/~r/retort/~4/UffaFMiJbNs',
08-03 17:30:19.564 26488  3854 I art     : Starting a blocking GC Explicit
08-03 17:30:19.593 26488  3854 I art     : Explicit concurrent mark sweep GC freed 3484(198KB) AllocSpace objects, 2(40KB) LOS objects, 28% free, 39MB/55MB, paused 800us total 28.536ms
08-03 17:30:19.603 26488  3854 I art     : Starting a blocking GC Explicit
08-03 17:30:19.617   918  3263 D ConnectivityService: releasing NetworkRequest NetworkRequest [ id=2244, legacyType=-1, [ Capabilities: INTERNET&NOT_RESTRICTED&TRUSTED] ]
08-03 17:30:19.629 26488  3854 I art     : Explicit concurrent mark sweep GC freed 8302(662KB) AllocSpace objects, 12(4MB) LOS objects, 31% free, 34MB/50MB, paused 764us total 26.226ms
08-03 17:30:19.639 26488  3854 I art     : Starting a blocking GC Explicit
08-03 17:30:19.662 26488  3854 I art     : Explicit concurrent mark sweep GC freed 57(2528B) AllocSpace objects, 0(0B) LOS objects, 31% free, 34MB/50MB, paused 654us total 22.179ms
08-03 17:30:19.670 26488  3854 I art     : Starting a blocking GC Explicit
08-03 17:30:19.691 26488  3854 I art     : Explicit concurrent mark sweep GC freed 6(192B) AllocSpace objects, 0(0B) LOS objects, 31% free, 34MB/50MB, paused 645us total 21.018ms
08-03 17:30:19.699 26488  3854 I art     : Starting a blocking GC Explicit
08-03 17:30:19.721  1766  1766 I ServiceManager: Waiting for service AtCmdFwd...
08-03 17:30:19.722 26488  3854 I art     : Explicit concurrent mark sweep GC freed 7(224B) AllocSpace objects, 0(0B) LOS objects, 31% free, 34MB/50MB, paused 723us total 22.590ms
08-03 17:30:20.059 26488  3854 I art     : Starting a blocking GC Explicit
08-03 17:30:20.087 26488  3854 I art     : Explicit concurrent mark sweep GC freed 1446(82KB) AllocSpace objects, 1(20KB) LOS objects, 31% free, 34MB/50MB, paused 709us total 27.987ms
08-03 17:30:20.099 26488  3854 I art     : Starting a blocking GC Explicit
08-03 17:30:20.124 26488  3854 I art     : Explicit concurrent mark sweep GC freed 24(832B) AllocSpace objects, 0(0B) LOS objects, 31% free, 34MB/50MB, paused 757us total 24.899ms
08-03 17:30:20.133 26488  3854 I art     : Starting a blocking GC Explicit
08-03 17:30:20.161 26488  3854 I art     : Explicit concurrent mark sweep GC freed 8(256B) AllocSpace objects, 0(0B) LOS objects, 31% free, 34MB/50MB, paused 818us total 27.130ms
08-03 17:30:20.170 26488  3854 I art     : Starting a blocking GC Explicit
08-03 17:30:20.196 26488  3854 I art     : Explicit concurrent mark sweep GC freed 6(192B) AllocSpace objects, 0(0B) LOS objects, 31% free, 34MB/50MB, paused 690us total 26.004ms
08-03 17:30:20.205 26488  3854 I art     : Starting a blocking GC Explicit
08-03 17:30:20.231 26488  3854 I art     : Explicit concurrent mark sweep GC freed 8(256B) AllocSpace objects, 0(0B) LOS objects, 31% free, 34MB/50MB, paused 698us total 25.454ms
08-03 17:30:20.514 26488  3854 I art     : Starting a blocking GC Explicit
08-03 17:30:20.543 26488  3854 I art     : Explicit concurrent mark sweep GC freed 1438(82KB) AllocSpace objects, 1(20KB) LOS objects, 31% free, 34MB/50MB, paused 995us total 29.176ms
08-03 17:30:20.553 26488  3854 I art     : Starting a blocking GC Explicit
08-03 17:30:20.579 26488  3854 I art     : Explicit concurrent mark sweep GC freed 38(1280B) AllocSpace objects, 0(0B) LOS objects, 31% free, 34MB/50MB, paused 741us total 25.307ms
08-03 17:30:20.588 26488  3854 I art     : Starting a blocking GC Explicit
08-03 17:30:20.613 26488  3854 I art     : Explicit concurrent mark sweep GC freed 4(128B) AllocSpace objects, 0(0B) LOS objects, 31% free, 34MB/50MB, paused 745us total 25.019ms
08-03 17:30:20.621 26488  3854 I art     : Starting a blocking GC Explicit
08-03 17:30:20.632  4987  4987 D AndroidRuntime: >>>>>> START com.android.internal.os.RuntimeInit uid 2000 <<<<<<
08-03 17:30:20.636  4987  4987 D AndroidRuntime: CheckJNI is OFF
08-03 17:30:20.644 26488  3854 I art     : Explicit concurrent mark sweep GC freed 3(96B) AllocSpace objects, 0(0B) LOS objects, 31% free, 34MB/50MB, paused 703us total 22.754ms
08-03 17:30:20.653 26488  3854 I art     : Starting a blocking GC Explicit
08-03 17:30:20.670  4987  4987 D ICU     : No timezone override file found: /data/misc/zoneinfo/current/icu/icu_tzdata.dat
08-03 17:30:20.675 26488  3854 I art     : Explicit concurrent mark sweep GC freed 3(96B) AllocSpace objects, 0(0B) LOS objects, 31% free, 34MB/50MB, paused 712us total 22.268ms
08-03 17:30:20.705  4987  4987 I Radio-JNI: register_android_hardware_Radio DONE
08-03 17:30:20.722  1766  1766 I ServiceManager: Waiting for service AtCmdFwd...
08-03 17:30:20.725  4987  4987 D AndroidRuntime: Calling main entry com.android.commands.input.Input
08-03 17:30:20.727  4987  4987 I Input   : injectKeyEvent: KeyEvent { action=ACTION_DOWN, keyCode=KEYCODE_BACK, scanCode=0, metaState=0, flags=0x0, repeatCount=0, eventTime=639037140, downTime=639037140, deviceId=-1, source=0x101 }
08-03 17:30:20.732  4987  4987 I Input   : injectKeyEvent: KeyEvent { action=ACTION_UP, keyCode=KEYCODE_BACK, scanCode=0, metaState=0, flags=0x0, repeatCount=0, eventTime=639037140, downTime=639037140, deviceId=-1, source=0x101 }
08-03 17:30:20.738  4987  4987 D AndroidRuntime: Shutting down VM
08-03 17:30:20.905 26488  5020 I baseline.com.newsblur.service.NBSyncService: recounting dirty feed sets: 2
08-03 17:30:20.916 13866 13866 I GoogleInputMethodServic: GoogleInputMethodService.onFinishInput():3138 
08-03 17:30:20.918 13866 13866 I GoogleInputMethodServic: GoogleInputMethodService.onStartInput():1808 
08-03 17:30:20.956 26488  4093 I art     : Starting a blocking GC Explicit
08-03 17:30:20.981 26488  4093 I art     : Explicit concurrent mark sweep GC freed 15628(1022KB) AllocSpace objects, 18(360KB) LOS objects, 31% free, 34MB/50MB, paused 806us total 24.389ms
08-03 17:30:20.989 26488  4093 I art     : Starting a blocking GC Explicit
08-03 17:30:21.011 26488  4093 I art     : Explicit concurrent mark sweep GC freed 454(18KB) AllocSpace objects, 0(0B) LOS objects, 31% free, 34MB/50MB, paused 724us total 21.655ms
08-03 17:30:21.019 26488  4093 I art     : Starting a blocking GC Explicit
08-03 17:30:21.043 26488  4093 I art     : Explicit concurrent mark sweep GC freed 71(5KB) AllocSpace objects, 0(0B) LOS objects, 31% free, 34MB/50MB, paused 847us total 23.724ms
08-03 17:30:21.053 26488  4093 I art     : Starting a blocking GC Explicit
08-03 17:30:21.079 26488  4093 I art     : Explicit concurrent mark sweep GC freed 9(400B) AllocSpace objects, 0(0B) LOS objects, 31% free, 34MB/50MB, paused 799us total 26.440ms
08-03 17:30:21.088 26488  4093 I art     : Starting a blocking GC Explicit
08-03 17:30:21.113 26488  4093 I art     : Explicit concurrent mark sweep GC freed 3(96B) AllocSpace objects, 0(0B) LOS objects, 31% free, 34MB/50MB, paused 800us total 24.990ms
08-03 17:30:21.429 26488 26501 I art     : Starting a blocking GC Explicit
08-03 17:30:21.457 26488 26501 I art     : Explicit concurrent mark sweep GC freed 3651(204KB) AllocSpace objects, 3(140KB) LOS objects, 31% free, 34MB/50MB, paused 1.115ms total 27.875ms
08-03 17:30:21.467 26488 26501 I art     : Starting a blocking GC Explicit
08-03 17:30:21.490 26488 26501 I art     : Explicit concurrent mark sweep GC freed 8225(606KB) AllocSpace objects, 3(1268KB) LOS objects, 32% free, 32MB/48MB, paused 744us total 22.725ms
08-03 17:30:21.499 26488 26501 I art     : Starting a blocking GC Explicit
08-03 17:30:21.509 26488  5020 I NAPPA_EXPERIMENTATION: MetricNetworkRequestExecutionTime: REQUEST_DURATION_SYSTEM='601',REQUEST_DURATION_OKHTTP='37',REQUEST_SYNCHRONOUS='TRUE',RESPONSE_CODE='200',RESPONSE_METHOD='GET',RESPONSE_LENGTH_OKHTTP='-1',RESPONSE_LENGTH_HEADER='-2',REQUEST_PROTOCOL='http/1.1',REQUEST_URL='https://www.newsblur.com/reader/feed_unread_count?feed_id=6882243&feed_id=18178',
08-03 17:30:21.509 26488  5020 D MY_TAG  : 0, 601
08-03 17:30:21.521 26488 26501 I art     : Explicit concurrent mark sweep GC freed 318(33KB) AllocSpace objects, 0(0B) LOS objects, 32% free, 32MB/48MB, paused 771us total 21.747ms
08-03 17:30:21.530 26488 26501 I art     : Starting a blocking GC Explicit
08-03 17:30:21.553 26488 26501 I art     : Explicit concurrent mark sweep GC freed 4792(390KB) AllocSpace objects, 14(280KB) LOS objects, 32% free, 32MB/48MB, paused 979us total 22.644ms
08-03 17:30:21.562 26488 26501 I art     : Starting a blocking GC Explicit
08-03 17:30:21.583 26488 26501 I art     : Explicit concurrent mark sweep GC freed 8937(525KB) AllocSpace objects, 3(60KB) LOS objects, 32% free, 32MB/48MB, paused 820us total 20.678ms
08-03 17:30:21.722  1766  1766 I ServiceManager: Waiting for service AtCmdFwd...
08-03 17:30:21.896 26488  4093 I art     : Starting a blocking GC Explicit
08-03 17:30:21.916 26488  4093 I art     : Explicit concurrent mark sweep GC freed 2033(103KB) AllocSpace objects, 1(20KB) LOS objects, 32% free, 32MB/48MB, paused 727us total 20.218ms
08-03 17:30:21.924 26488  4093 I art     : Starting a blocking GC Explicit
08-03 17:30:21.944 26488  4093 I art     : Explicit concurrent mark sweep GC freed 23(800B) AllocSpace objects, 0(0B) LOS objects, 32% free, 32MB/48MB, paused 729us total 19.798ms
08-03 17:30:21.952 26488  4093 I art     : Starting a blocking GC Explicit
08-03 17:30:21.973 26488  4093 I art     : Explicit concurrent mark sweep GC freed 767(31KB) AllocSpace objects, 0(0B) LOS objects, 32% free, 32MB/48MB, paused 671us total 20.711ms
08-03 17:30:21.982 26488  4093 I art     : Starting a blocking GC Explicit
08-03 17:30:22.002 26488  4093 I art     : Explicit concurrent mark sweep GC freed 5(160B) AllocSpace objects, 0(0B) LOS objects, 32% free, 32MB/48MB, paused 697us total 19.786ms
08-03 17:30:22.010 26488  4093 I art     : Starting a blocking GC Explicit
08-03 17:30:22.031 26488  4093 I art     : Explicit concurrent mark sweep GC freed 7(224B) AllocSpace objects, 0(0B) LOS objects, 32% free, 32MB/48MB, paused 772us total 20.318ms
08-03 17:30:22.189   518   646 I ThermalEngine: ACTION: GPU - Setting GPU[0] to 450000000
08-03 17:30:22.350 26488  3854 I art     : Starting a blocking GC Explicit
08-03 17:30:22.378 26488  3854 I art     : Explicit concurrent mark sweep GC freed 1434(82KB) AllocSpace objects, 1(20KB) LOS objects, 32% free, 32MB/48MB, paused 1.104ms total 28.018ms
08-03 17:30:22.389 26488  3854 I art     : Starting a blocking GC Explicit
08-03 17:30:22.418 26488  3854 I art     : Explicit concurrent mark sweep GC freed 20(704B) AllocSpace objects, 0(0B) LOS objects, 32% free, 32MB/48MB, paused 1.099ms total 28.390ms
08-03 17:30:22.419  5045  5045 D AndroidRuntime: >>>>>> START com.android.internal.os.RuntimeInit uid 2000 <<<<<<
08-03 17:30:22.425  5045  5045 D AndroidRuntime: CheckJNI is OFF
08-03 17:30:22.429 26488  3854 I art     : Starting a blocking GC Explicit
08-03 17:30:22.457 26488  3854 I art     : Explicit concurrent mark sweep GC freed 3(96B) AllocSpace objects, 0(0B) LOS objects, 32% free, 32MB/48MB, paused 1.112ms total 28.450ms
08-03 17:30:22.468 26488  3854 I art     : Starting a blocking GC Explicit
08-03 17:30:22.472  5045  5045 D ICU     : No timezone override file found: /data/misc/zoneinfo/current/icu/icu_tzdata.dat
08-03 17:30:22.497 26488  3854 I art     : Explicit concurrent mark sweep GC freed 3(96B) AllocSpace objects, 0(0B) LOS objects, 32% free, 32MB/48MB, paused 1.031ms total 28.005ms
08-03 17:30:22.508 26488  3854 I art     : Starting a blocking GC Explicit
08-03 17:30:22.520  5045  5045 I Radio-JNI: register_android_hardware_Radio DONE
08-03 17:30:22.535 26488  3854 I art     : Explicit concurrent mark sweep GC freed 3(96B) AllocSpace objects, 0(0B) LOS objects, 32% free, 32MB/48MB, paused 1.026ms total 27.080ms
08-03 17:30:22.550  5045  5045 D AndroidRuntime: Calling main entry com.android.commands.input.Input
08-03 17:30:22.554  5045  5045 I Input   : injectMotionEvent: MotionEvent { action=ACTION_DOWN, actionButton=0, id[0]=0, x[0]=594.0, y[0]=330.0, toolType[0]=TOOL_TYPE_UNKNOWN, buttonState=0, metaState=0, flags=0x0, edgeFlags=0x0, pointerCount=1, historySize=0, eventTime=639038965, downTime=639038965, deviceId=0, source=0x1002 }
08-03 17:30:22.560  5045  5045 I Input   : injectMotionEvent: MotionEvent { action=ACTION_UP, actionButton=0, id[0]=0, x[0]=594.0, y[0]=330.0, toolType[0]=TOOL_TYPE_UNKNOWN, buttonState=0, metaState=0, flags=0x0, edgeFlags=0x0, pointerCount=1, historySize=0, eventTime=639038965, downTime=639038965, deviceId=0, source=0x1002 }
08-03 17:30:22.562  5045  5045 D AndroidRuntime: Shutting down VM
08-03 17:30:22.629   918  6112 I ActivityManager: START u0 {cmp=baseline.com.newsblur/.activity.GlobalSharedStoriesItemsList (has extras)} from uid 10625 on display 0
08-03 17:30:22.655 26488  4403 I baseline.com.newsblur.database.BlurDatabaseHelper: reading session reset
08-03 17:30:22.722  1766  1766 I ServiceManager: Waiting for service AtCmdFwd...
08-03 17:30:22.849 26488  4093 I art     : Starting a blocking GC Explicit
08-03 17:30:22.864 26488 26488 W View    : requestLayout() improperly called by android.widget.FrameLayout{d539d85 V.E...... ......ID 0,0-1440,18 #7f07003f app:id/footer_view_inner} during layout: running second layout pass
08-03 17:30:22.864 26488 26488 W View    : requestLayout() improperly called by android.widget.FrameLayout{76c7da V.E...... ......ID 0,0-1440,2091 #7f07003f app:id/footer_view_inner} during layout: running second layout pass
08-03 17:30:22.883   918   936 I ActivityManager: Displayed baseline.com.newsblur/.activity.GlobalSharedStoriesItemsList: +245ms
08-03 17:30:22.884 26488  4093 I art     : Explicit concurrent mark sweep GC freed 4271(336KB) AllocSpace objects, 9(304KB) LOS objects, 32% free, 33MB/49MB, paused 1.028ms total 34.784ms
08-03 17:30:22.886 13866 13866 I GoogleInputMethodServic: GoogleInputMethodService.onFinishInput():3138 
08-03 17:30:22.888 13866 13866 I GoogleInputMethodServic: GoogleInputMethodService.onStartInput():1808 
08-03 17:30:22.896 26488  4093 I art     : Starting a blocking GC Explicit
08-03 17:30:22.926 26488  4093 I art     : Explicit concurrent mark sweep GC freed 1112(68KB) AllocSpace objects, 4(80KB) LOS objects, 31% free, 34MB/50MB, paused 1.669ms total 30.217ms
08-03 17:30:22.927 26488 26499 I art     : WaitForGcToComplete blocked for 5.282ms for cause HeapTrim
08-03 17:30:22.937 26488  4093 I art     : Starting a blocking GC Explicit
08-03 17:30:22.967 26488  4093 I art     : Explicit concurrent mark sweep GC freed 731(41KB) AllocSpace objects, 2(40KB) LOS objects, 31% free, 34MB/50MB, paused 1.134ms total 29.916ms
08-03 17:30:22.980 26488  4093 I art     : Starting a blocking GC Explicit
08-03 17:30:23.008 26488  4120 I NAPPA_EXPERIMENTATION: MetricNetworkRequestExecutionTime: REQUEST_DURATION_SYSTEM='81',REQUEST_DURATION_OKHTTP='81',REQUEST_SYNCHRONOUS='TRUE',RESPONSE_CODE='200',RESPONSE_METHOD='GET',RESPONSE_LENGTH_OKHTTP='43',RESPONSE_LENGTH_HEADER='43',REQUEST_PROTOCOL='http/1.1',REQUEST_URL='http://feeds.feedburner.com/~r/retort/~4/UffaFMiJbNs',
08-03 17:30:23.013 26488  4093 I art     : Explicit concurrent mark sweep GC freed 1217(132KB) AllocSpace objects, 1(20KB) LOS objects, 31% free, 34MB/50MB, paused 1.467ms total 33.438ms
08-03 17:30:23.024 26488  4093 I art     : Starting a blocking GC Explicit
08-03 17:30:23.050 26488  4093 I art     : Explicit concurrent mark sweep GC freed 188(9KB) AllocSpace objects, 0(0B) LOS objects, 31% free, 34MB/50MB, paused 1.017ms total 26.303ms
08-03 17:30:23.382 26488  4093 I art     : Starting a blocking GC Explicit
08-03 17:30:23.414 26488  4093 I art     : Explicit concurrent mark sweep GC freed 1815(109KB) AllocSpace objects, 2(40KB) LOS objects, 31% free, 34MB/50MB, paused 954us total 31.856ms
08-03 17:30:23.430 26488  4093 I art     : Starting a blocking GC Explicit
08-03 17:30:23.459 26488  4093 I art     : Explicit concurrent mark sweep GC freed 27(992B) AllocSpace objects, 0(0B) LOS objects, 31% free, 34MB/50MB, paused 990us total 28.865ms
08-03 17:30:23.470 26488  4093 I art     : Starting a blocking GC Explicit
08-03 17:30:23.500 26488  4093 I art     : Explicit concurrent mark sweep GC freed 3(96B) AllocSpace objects, 0(0B) LOS objects, 31% free, 34MB/50MB, paused 982us total 29.061ms
08-03 17:30:23.511 26488  4093 I art     : Starting a blocking GC Explicit
08-03 17:30:23.540 26488  4093 I art     : Explicit concurrent mark sweep GC freed 3(96B) AllocSpace objects, 0(0B) LOS objects, 31% free, 34MB/50MB, paused 933us total 29.348ms
08-03 17:30:23.551 26488  4093 I art     : Starting a blocking GC Explicit
08-03 17:30:23.581 26488  4093 I art     : Explicit concurrent mark sweep GC freed 3(96B) AllocSpace objects, 0(0B) LOS objects, 31% free, 34MB/50MB, paused 1.001ms total 29.287ms
08-03 17:30:23.723  1766  1766 W Atfwd_Sendcmd: AtCmdFwd service not published, waiting... retryCnt : 1
08-03 17:30:23.923 26488 26501 I art     : Starting a blocking GC Explicit
08-03 17:30:23.957 26488 26501 I art     : Explicit concurrent mark sweep GC freed 1401(80KB) AllocSpace objects, 1(20KB) LOS objects, 31% free, 34MB/50MB, paused 1.054ms total 33.556ms
08-03 17:30:23.971 26488 26501 I art     : Starting a blocking GC Explicit
08-03 17:30:24.001 26488 26501 I art     : Explicit concurrent mark sweep GC freed 20(704B) AllocSpace objects, 0(0B) LOS objects, 31% free, 34MB/50MB, paused 1.032ms total 30.193ms
08-03 17:30:24.013 26488 26501 I art     : Starting a blocking GC Explicit
08-03 17:30:24.044 26488 26501 I art     : Explicit concurrent mark sweep GC freed 8(256B) AllocSpace objects, 0(0B) LOS objects, 31% free, 34MB/50MB, paused 974us total 30.515ms
08-03 17:30:24.056 26488 26501 I art     : Starting a blocking GC Explicit
08-03 17:30:24.090 26488 26501 I art     : Explicit concurrent mark sweep GC freed 9(288B) AllocSpace objects, 0(0B) LOS objects, 31% free, 34MB/50MB, paused 978us total 33.839ms
08-03 17:30:24.103 26488 26501 I art     : Starting a blocking GC Explicit
08-03 17:30:24.135 26488 26501 I art     : Explicit concurrent mark sweep GC freed 7(224B) AllocSpace objects, 0(0B) LOS objects, 31% free, 34MB/50MB, paused 987us total 31.922ms
08-03 17:30:24.503 26488  3854 I art     : Starting a blocking GC Explicit
08-03 17:30:24.538 26488  3854 I art     : Explicit concurrent mark sweep GC freed 1417(81KB) AllocSpace objects, 1(20KB) LOS objects, 31% free, 34MB/50MB, paused 1.200ms total 35.029ms
08-03 17:30:24.553 26488  3854 I art     : Starting a blocking GC Explicit
08-03 17:30:24.583 26488  3854 I art     : Explicit concurrent mark sweep GC freed 20(704B) AllocSpace objects, 0(0B) LOS objects, 31% free, 34MB/50MB, paused 990us total 29.713ms
08-03 17:30:24.594 26488  3854 I art     : Starting a blocking GC Explicit
08-03 17:30:24.625 26488  3854 I art     : Explicit concurrent mark sweep GC freed 3(96B) AllocSpace objects, 0(0B) LOS objects, 31% free, 34MB/50MB, paused 970us total 31.021ms
08-03 17:30:24.637 26488  3854 I art     : Starting a blocking GC Explicit
08-03 17:30:24.669 26488  3854 I art     : Explicit concurrent mark sweep GC freed 3(96B) AllocSpace objects, 0(0B) LOS objects, 31% free, 34MB/50MB, paused 1.026ms total 32.007ms
08-03 17:30:24.681 26488  3854 I art     : Starting a blocking GC Explicit
08-03 17:30:24.711 26488  3854 I art     : Explicit concurrent mark sweep GC freed 3(96B) AllocSpace objects, 0(0B) LOS objects, 31% free, 34MB/50MB, paused 1.028ms total 30.495ms
08-03 17:30:25.063 26488 26500 I art     : Starting a blocking GC Explicit
08-03 17:30:25.097 26488 26500 I art     : Explicit concurrent mark sweep GC freed 1403(81KB) AllocSpace objects, 1(20KB) LOS objects, 31% free, 34MB/50MB, paused 1.030ms total 33.234ms
08-03 17:30:25.109 26488 26500 I art     : Starting a blocking GC Explicit
08-03 17:30:25.141 26488 26500 I art     : Explicit concurrent mark sweep GC freed 20(704B) AllocSpace objects, 0(0B) LOS objects, 31% free, 34MB/50MB, paused 1.028ms total 31.725ms
08-03 17:30:25.152 26488 26500 I art     : Starting a blocking GC Explicit
08-03 17:30:25.184 26488 26500 I art     : Explicit concurrent mark sweep GC freed 3(96B) AllocSpace objects, 0(0B) LOS objects, 31% free, 34MB/50MB, paused 1.036ms total 31.580ms
08-03 17:30:25.196 26488 26500 I art     : Starting a blocking GC Explicit
08-03 17:30:25.229 26488 26500 I art     : Explicit concurrent mark sweep GC freed 3(96B) AllocSpace objects, 0(0B) LOS objects, 31% free, 34MB/50MB, paused 1.011ms total 32.852ms
08-03 17:30:25.241 26488 26500 I art     : Starting a blocking GC Explicit
08-03 17:30:25.275 26488 26500 I art     : Explicit concurrent mark sweep GC freed 3(96B) AllocSpace objects, 0(0B) LOS objects, 31% free, 34MB/50MB, paused 1.094ms total 33.381ms
08-03 17:30:25.637 26488 26501 I art     : Starting a blocking GC Explicit
08-03 17:30:25.672 26488 26501 I art     : Explicit concurrent mark sweep GC freed 1403(81KB) AllocSpace objects, 1(20KB) LOS objects, 31% free, 34MB/50MB, paused 1.028ms total 35.054ms
08-03 17:30:25.686 26488 26501 I art     : Starting a blocking GC Explicit
08-03 17:30:25.719 26488 26501 I art     : Explicit concurrent mark sweep GC freed 20(704B) AllocSpace objects, 0(0B) LOS objects, 31% free, 34MB/50MB, paused 1.061ms total 32.613ms
08-03 17:30:25.731 26488 26501 I art     : Starting a blocking GC Explicit
08-03 17:30:25.763 26488 26501 I art     : Explicit concurrent mark sweep GC freed 3(96B) AllocSpace objects, 0(0B) LOS objects, 31% free, 34MB/50MB, paused 1.036ms total 32.177ms
08-03 17:30:25.775 26488 26501 I art     : Starting a blocking GC Explicit
08-03 17:30:25.807 26488 26501 I art     : Explicit concurrent mark sweep GC freed 3(96B) AllocSpace objects, 0(0B) LOS objects, 31% free, 34MB/50MB, paused 1.172ms total 32.150ms
08-03 17:30:25.819 26488 26501 I art     : Starting a blocking GC Explicit
08-03 17:30:25.852 26488 26501 I art     : Explicit concurrent mark sweep GC freed 3(96B) AllocSpace objects, 0(0B) LOS objects, 31% free, 34MB/50MB, paused 1.034ms total 32.315ms
08-03 17:30:26.206 26488  4093 I art     : Starting a blocking GC Explicit
08-03 17:30:26.241 26488  4093 I art     : Explicit concurrent mark sweep GC freed 1402(82KB) AllocSpace objects, 1(20KB) LOS objects, 31% free, 34MB/50MB, paused 974us total 34.422ms
08-03 17:30:26.254 26488  4093 I art     : Starting a blocking GC Explicit
08-03 17:30:26.287 26488  4093 I art     : Explicit concurrent mark sweep GC freed 20(704B) AllocSpace objects, 0(0B) LOS objects, 31% free, 34MB/50MB, paused 982us total 31.890ms
08-03 17:30:26.298 26488  4093 I art     : Starting a blocking GC Explicit
08-03 17:30:26.330 26488  4093 I art     : Explicit concurrent mark sweep GC freed 3(96B) AllocSpace objects, 0(0B) LOS objects, 31% free, 34MB/50MB, paused 1.022ms total 32.217ms
08-03 17:30:26.342 26488  4093 I art     : Starting a blocking GC Explicit
08-03 17:30:26.375 26488  4093 I art     : Explicit concurrent mark sweep GC freed 3(96B) AllocSpace objects, 0(0B) LOS objects, 31% free, 34MB/50MB, paused 1.047ms total 33.117ms
08-03 17:30:26.387 26488  4093 I art     : Starting a blocking GC Explicit
08-03 17:30:26.420 26488  4093 I art     : Explicit concurrent mark sweep GC freed 3(96B) AllocSpace objects, 0(0B) LOS objects, 31% free, 34MB/50MB, paused 984us total 31.935ms
08-03 17:30:26.808 26488  3854 I art     : Starting a blocking GC Explicit
08-03 17:30:26.842 26488  3854 I art     : Explicit concurrent mark sweep GC freed 1402(81KB) AllocSpace objects, 1(20KB) LOS objects, 31% free, 34MB/50MB, paused 1.142ms total 33.589ms
08-03 17:30:26.855 26488  3854 I art     : Starting a blocking GC Explicit
08-03 17:30:26.888 26488  3854 I art     : Explicit concurrent mark sweep GC freed 20(704B) AllocSpace objects, 0(0B) LOS objects, 31% free, 34MB/50MB, paused 1.155ms total 31.924ms
08-03 17:30:26.899 26488  3854 I art     : Starting a blocking GC Explicit
08-03 17:30:26.930 26488  3854 I art     : Explicit concurrent mark sweep GC freed 3(96B) AllocSpace objects, 0(0B) LOS objects, 31% free, 34MB/50MB, paused 1.040ms total 30.449ms
08-03 17:30:26.941 26488  3854 I art     : Starting a blocking GC Explicit
08-03 17:30:26.974 26488  3854 I art     : Explicit concurrent mark sweep GC freed 3(96B) AllocSpace objects, 0(0B) LOS objects, 31% free, 34MB/50MB, paused 1.001ms total 32.042ms
08-03 17:30:26.985 26488  3854 I art     : Starting a blocking GC Explicit
08-03 17:30:27.018 26488  3854 I art     : Explicit concurrent mark sweep GC freed 3(96B) AllocSpace objects, 0(0B) LOS objects, 31% free, 34MB/50MB, paused 1.146ms total 32.237ms
08-03 17:30:27.197   518   646 I ThermalEngine: ACTION: GPU - Setting GPU[0] to 510000000
08-03 17:30:27.382 26488 26500 I art     : Starting a blocking GC Explicit
08-03 17:30:27.407 26488 26500 I art     : Explicit concurrent mark sweep GC freed 1401(80KB) AllocSpace objects, 1(20KB) LOS objects, 31% free, 34MB/50MB, paused 808us total 25.397ms
08-03 17:30:27.416 26488 26500 I art     : Starting a blocking GC Explicit
08-03 17:30:27.441 26488 26500 I art     : Explicit concurrent mark sweep GC freed 20(704B) AllocSpace objects, 0(0B) LOS objects, 31% free, 34MB/50MB, paused 686us total 24.315ms
08-03 17:30:27.450 26488 26500 I art     : Starting a blocking GC Explicit
08-03 17:30:27.473 26488 26500 I art     : Explicit concurrent mark sweep GC freed 3(96B) AllocSpace objects, 0(0B) LOS objects, 31% free, 34MB/50MB, paused 744us total 23.223ms
08-03 17:30:27.482 26488 26500 I art     : Starting a blocking GC Explicit
08-03 17:30:27.507 26488 26500 I art     : Explicit concurrent mark sweep GC freed 3(96B) AllocSpace objects, 0(0B) LOS objects, 31% free, 34MB/50MB, paused 741us total 24.420ms
08-03 17:30:27.516 26488 26500 I art     : Starting a blocking GC Explicit
08-03 17:30:27.539 26488 26500 I art     : Explicit concurrent mark sweep GC freed 3(96B) AllocSpace objects, 0(0B) LOS objects, 31% free, 34MB/50MB, paused 726us total 23.113ms
08-03 17:30:27.872 26488 26501 I art     : Starting a blocking GC Explicit
08-03 17:30:27.899 26488 26501 I art     : Explicit concurrent mark sweep GC freed 1401(80KB) AllocSpace objects, 1(20KB) LOS objects, 31% free, 34MB/50MB, paused 770us total 25.919ms
08-03 17:30:27.908 26488 26501 I art     : Starting a blocking GC Explicit
08-03 17:30:27.933 26488 26501 I art     : Explicit concurrent mark sweep GC freed 20(704B) AllocSpace objects, 0(0B) LOS objects, 31% free, 34MB/50MB, paused 768us total 24.938ms
08-03 17:30:27.942 26488 26501 I art     : Starting a blocking GC Explicit
08-03 17:30:27.966 26488 26501 I art     : Explicit concurrent mark sweep GC freed 3(96B) AllocSpace objects, 0(0B) LOS objects, 31% free, 34MB/50MB, paused 747us total 23.939ms
08-03 17:30:27.975 26488 26501 I art     : Starting a blocking GC Explicit
08-03 17:30:28.000 26488 26501 I art     : Explicit concurrent mark sweep GC freed 3(96B) AllocSpace objects, 0(0B) LOS objects, 31% free, 34MB/50MB, paused 777us total 24.673ms
08-03 17:30:28.001 26488 26499 I art     : WaitForGcToComplete blocked for 24.958ms for cause HeapTrim
08-03 17:30:28.009 26488 26501 I art     : Starting a blocking GC Explicit
08-03 17:30:28.034 26488 26501 I art     : Explicit concurrent mark sweep GC freed 3(96B) AllocSpace objects, 0(0B) LOS objects, 31% free, 34MB/50MB, paused 767us total 24.135ms
08-03 17:30:28.375 26488  4093 I art     : Starting a blocking GC Explicit
08-03 17:30:28.400 26488  4093 I art     : Explicit concurrent mark sweep GC freed 1401(80KB) AllocSpace objects, 1(20KB) LOS objects, 31% free, 34MB/50MB, paused 757us total 25.004ms
08-03 17:30:28.409 26488  4093 I art     : Starting a blocking GC Explicit
08-03 17:30:28.434 26488  4093 I art     : Explicit concurrent mark sweep GC freed 20(704B) AllocSpace objects, 0(0B) LOS objects, 31% free, 34MB/50MB, paused 754us total 24.274ms
08-03 17:30:28.443 26488  4093 I art     : Starting a blocking GC Explicit
08-03 17:30:28.467 26488  4093 I art     : Explicit concurrent mark sweep GC freed 3(96B) AllocSpace objects, 0(0B) LOS objects, 31% free, 34MB/50MB, paused 738us total 23.743ms
08-03 17:30:28.476 26488  4093 I art     : Starting a blocking GC Explicit
08-03 17:30:28.500 26488  4093 I art     : Explicit concurrent mark sweep GC freed 3(96B) AllocSpace objects, 0(0B) LOS objects, 31% free, 34MB/50MB, paused 745us total 24.221ms
08-03 17:30:28.510 26488  4093 I art     : Starting a blocking GC Explicit
08-03 17:30:28.534 26488  4093 I art     : Explicit concurrent mark sweep GC freed 3(96B) AllocSpace objects, 0(0B) LOS objects, 31% free, 34MB/50MB, paused 750us total 23.858ms
08-03 17:30:28.724  1766  1766 I ServiceManager: Waiting for service AtCmdFwd...
08-03 17:30:28.870 26488  3854 I art     : Starting a blocking GC Explicit
08-03 17:30:28.897 26488  3854 I art     : Explicit concurrent mark sweep GC freed 1401(80KB) AllocSpace objects, 1(20KB) LOS objects, 31% free, 34MB/50MB, paused 774us total 26.404ms
08-03 17:30:28.909 26488  3854 I art     : Starting a blocking GC Explicit
08-03 17:30:28.933 26488  3854 I art     : Explicit concurrent mark sweep GC freed 20(704B) AllocSpace objects, 0(0B) LOS objects, 31% free, 34MB/50MB, paused 754us total 23.393ms
08-03 17:30:28.942 26488  3854 I art     : Starting a blocking GC Explicit
08-03 17:30:28.965 26488  3854 I art     : Explicit concurrent mark sweep GC freed 3(96B) AllocSpace objects, 0(0B) LOS objects, 31% free, 34MB/50MB, paused 744us total 23.032ms
08-03 17:30:28.973 26488  3854 I art     : Starting a blocking GC Explicit
08-03 17:30:28.996 26488  3854 I art     : Explicit concurrent mark sweep GC freed 3(96B) AllocSpace objects, 0(0B) LOS objects, 31% free, 34MB/50MB, paused 754us total 22.780ms
08-03 17:30:29.006 26488  3854 I art     : Starting a blocking GC Explicit
08-03 17:30:29.030 26488  3854 I art     : Explicit concurrent mark sweep GC freed 3(96B) AllocSpace objects, 0(0B) LOS objects, 31% free, 34MB/50MB, paused 757us total 24.227ms
08-03 17:30:29.388 26488 26500 I art     : Starting a blocking GC Explicit
08-03 17:30:29.414 26488 26500 I art     : Explicit concurrent mark sweep GC freed 1401(80KB) AllocSpace objects, 1(20KB) LOS objects, 31% free, 34MB/50MB, paused 773us total 26.061ms
08-03 17:30:29.426 26488 26500 I art     : Starting a blocking GC Explicit
08-03 17:30:29.450 26488 26500 I art     : Explicit concurrent mark sweep GC freed 20(704B) AllocSpace objects, 0(0B) LOS objects, 31% free, 34MB/50MB, paused 700us total 24.041ms
08-03 17:30:29.459 26488 26500 I art     : Starting a blocking GC Explicit
08-03 17:30:29.482 26488 26500 I art     : Explicit concurrent mark sweep GC freed 3(96B) AllocSpace objects, 0(0B) LOS objects, 31% free, 34MB/50MB, paused 724us total 23.213ms
08-03 17:30:29.491 26488 26500 I art     : Starting a blocking GC Explicit
08-03 17:30:29.515 26488 26500 I art     : Explicit concurrent mark sweep GC freed 3(96B) AllocSpace objects, 0(0B) LOS objects, 31% free, 34MB/50MB, paused 741us total 23.805ms
08-03 17:30:29.524 26488 26500 I art     : Starting a blocking GC Explicit
08-03 17:30:29.548 26488 26500 I art     : Explicit concurrent mark sweep GC freed 3(96B) AllocSpace objects, 0(0B) LOS objects, 31% free, 34MB/50MB, paused 736us total 24.304ms
08-03 17:30:29.724  1766  1766 I ServiceManager: Waiting for service AtCmdFwd...
08-03 17:30:29.887 26488 26501 I art     : Starting a blocking GC Explicit
08-03 17:30:29.914 26488 26501 I art     : Explicit concurrent mark sweep GC freed 1401(80KB) AllocSpace objects, 1(20KB) LOS objects, 31% free, 34MB/50MB, paused 761us total 26.361ms
08-03 17:30:29.926 26488 26501 I art     : Starting a blocking GC Explicit
08-03 17:30:29.950 26488 26501 I art     : Explicit concurrent mark sweep GC freed 20(704B) AllocSpace objects, 0(0B) LOS objects, 31% free, 34MB/50MB, paused 687us total 23.486ms
08-03 17:30:29.958 26488 26501 I art     : Starting a blocking GC Explicit
08-03 17:30:29.981 26488 26501 I art     : Explicit concurrent mark sweep GC freed 3(96B) AllocSpace objects, 0(0B) LOS objects, 31% free, 34MB/50MB, paused 750us total 22.843ms
08-03 17:30:29.990 26488 26501 I art     : Starting a blocking GC Explicit
08-03 17:30:30.014 26488 26501 I art     : Explicit concurrent mark sweep GC freed 3(96B) AllocSpace objects, 0(0B) LOS objects, 31% free, 34MB/50MB, paused 742us total 23.260ms
08-03 17:30:30.022 26488 26501 I art     : Starting a blocking GC Explicit
08-03 17:30:30.046 26488 26501 I art     : Explicit concurrent mark sweep GC freed 3(96B) AllocSpace objects, 0(0B) LOS objects, 31% free, 34MB/50MB, paused 761us total 23.657ms
08-03 17:30:30.395 26488  4093 I art     : Starting a blocking GC Explicit
08-03 17:30:30.421 26488  4093 I art     : Explicit concurrent mark sweep GC freed 1425(81KB) AllocSpace objects, 1(20KB) LOS objects, 31% free, 34MB/50MB, paused 706us total 25.959ms
08-03 17:30:30.433 26488  4093 I art     : Starting a blocking GC Explicit
08-03 17:30:30.456 26488  4093 I art     : Explicit concurrent mark sweep GC freed 20(704B) AllocSpace objects, 0(0B) LOS objects, 31% free, 34MB/50MB, paused 664us total 22.318ms
08-03 17:30:30.464 26488  4093 I art     : Starting a blocking GC Explicit
08-03 17:30:30.488 26488  4093 I art     : Explicit concurrent mark sweep GC freed 3(96B) AllocSpace objects, 0(0B) LOS objects, 31% free, 34MB/50MB, paused 709us total 23.245ms
08-03 17:30:30.496 26488  4093 I art     : Starting a blocking GC Explicit
08-03 17:30:30.520 26488  4093 I art     : Explicit concurrent mark sweep GC freed 3(96B) AllocSpace objects, 0(0B) LOS objects, 31% free, 34MB/50MB, paused 708us total 23.196ms
08-03 17:30:30.528 26488  4093 I art     : Starting a blocking GC Explicit
08-03 17:30:30.552 26488  4093 I art     : Explicit concurrent mark sweep GC freed 3(96B) AllocSpace objects, 0(0B) LOS objects, 31% free, 34MB/50MB, paused 707us total 23.475ms
08-03 17:30:30.725  1766  1766 I ServiceManager: Waiting for service AtCmdFwd...
08-03 17:30:30.892 26488  3854 I art     : Starting a blocking GC Explicit
08-03 17:30:30.919 26488  3854 I art     : Explicit concurrent mark sweep GC freed 1401(80KB) AllocSpace objects, 1(20KB) LOS objects, 31% free, 34MB/50MB, paused 746us total 26.375ms
08-03 17:30:30.930 26488  3854 I art     : Starting a blocking GC Explicit
08-03 17:30:30.954 26488  3854 I art     : Explicit concurrent mark sweep GC freed 20(704B) AllocSpace objects, 0(0B) LOS objects, 31% free, 34MB/50MB, paused 720us total 23.470ms
08-03 17:30:30.963 26488  3854 I art     : Starting a blocking GC Explicit
08-03 17:30:30.987 26488  3854 I art     : Explicit concurrent mark sweep GC freed 3(96B) AllocSpace objects, 0(0B) LOS objects, 31% free, 34MB/50MB, paused 778us total 23.786ms
08-03 17:30:30.996 26488  3854 I art     : Starting a blocking GC Explicit
08-03 17:30:31.020 26488  3854 I art     : Explicit concurrent mark sweep GC freed 3(96B) AllocSpace objects, 0(0B) LOS objects, 31% free, 34MB/50MB, paused 723us total 24.034ms
08-03 17:30:31.029 26488  3854 I art     : Starting a blocking GC Explicit
08-03 17:30:31.054 26488  3854 I art     : Explicit concurrent mark sweep GC freed 3(96B) AllocSpace objects, 0(0B) LOS objects, 31% free, 34MB/50MB, paused 694us total 24.612ms
08-03 17:30:31.390 26488 26500 I art     : Starting a blocking GC Explicit
08-03 17:30:31.417 26488 26500 I art     : Explicit concurrent mark sweep GC freed 1401(80KB) AllocSpace objects, 1(20KB) LOS objects, 31% free, 34MB/50MB, paused 681us total 26.022ms
08-03 17:30:31.430 26488 26500 I art     : Starting a blocking GC Explicit
08-03 17:30:31.453 26488 26500 I art     : Explicit concurrent mark sweep GC freed 20(704B) AllocSpace objects, 0(0B) LOS objects, 31% free, 34MB/50MB, paused 682us total 22.852ms
08-03 17:30:31.462 26488 26500 I art     : Starting a blocking GC Explicit
08-03 17:30:31.485 26488 26500 I art     : Explicit concurrent mark sweep GC freed 3(96B) AllocSpace objects, 0(0B) LOS objects, 31% free, 34MB/50MB, paused 704us total 22.926ms
08-03 17:30:31.493 26488 26500 I art     : Starting a blocking GC Explicit
08-03 17:30:31.517 26488 26500 I art     : Explicit concurrent mark sweep GC freed 3(96B) AllocSpace objects, 0(0B) LOS objects, 31% free, 34MB/50MB, paused 747us total 23.179ms
08-03 17:30:31.525 26488 26500 I art     : Starting a blocking GC Explicit
08-03 17:30:31.549 26488 26500 I art     : Explicit concurrent mark sweep GC freed 3(96B) AllocSpace objects, 0(0B) LOS objects, 31% free, 34MB/50MB, paused 680us total 23.361ms
08-03 17:30:31.725  1766  1766 I ServiceManager: Waiting for service AtCmdFwd...
08-03 17:30:31.898 26488 26501 I art     : Starting a blocking GC Explicit
08-03 17:30:31.925 26488 26501 I art     : Explicit concurrent mark sweep GC freed 1401(80KB) AllocSpace objects, 1(20KB) LOS objects, 31% free, 34MB/50MB, paused 694us total 25.962ms
08-03 17:30:31.939 26488 26501 I art     : Starting a blocking GC Explicit
08-03 17:30:31.961 26488 26501 I art     : Explicit concurrent mark sweep GC freed 20(704B) AllocSpace objects, 0(0B) LOS objects, 31% free, 34MB/50MB, paused 654us total 22.429ms
08-03 17:30:31.971 26488 26501 I art     : Starting a blocking GC Explicit
08-03 17:30:31.994 26488 26501 I art     : Explicit concurrent mark sweep GC freed 3(96B) AllocSpace objects, 0(0B) LOS objects, 31% free, 34MB/50MB, paused 709us total 22.919ms
08-03 17:30:32.002 26488 26501 I art     : Starting a blocking GC Explicit
08-03 17:30:32.027 26488 26501 I art     : Explicit concurrent mark sweep GC freed 3(96B) AllocSpace objects, 0(0B) LOS objects, 31% free, 34MB/50MB, paused 686us total 23.853ms
08-03 17:30:32.036 26488 26501 I art     : Starting a blocking GC Explicit
08-03 17:30:32.059 26488 26501 I art     : Explicit concurrent mark sweep GC freed 3(96B) AllocSpace objects, 0(0B) LOS objects, 31% free, 34MB/50MB, paused 708us total 22.773ms
08-03 17:30:32.407 26488  4093 I art     : Starting a blocking GC Explicit
08-03 17:30:32.431 26488  4093 I art     : Explicit concurrent mark sweep GC freed 1401(80KB) AllocSpace objects, 1(20KB) LOS objects, 31% free, 34MB/50MB, paused 752us total 24.299ms
08-03 17:30:32.440 26488  4093 I art     : Starting a blocking GC Explicit
08-03 17:30:32.464 26488  4093 I art     : Explicit concurrent mark sweep GC freed 20(704B) AllocSpace objects, 0(0B) LOS objects, 31% free, 34MB/50MB, paused 712us total 23.699ms
08-03 17:30:32.473 26488  4093 I art     : Starting a blocking GC Explicit
08-03 17:30:32.497 26488  4093 I art     : Explicit concurrent mark sweep GC freed 3(96B) AllocSpace objects, 0(0B) LOS objects, 31% free, 34MB/50MB, paused 764us total 23.775ms
08-03 17:30:32.506 26488  4093 I art     : Starting a blocking GC Explicit
08-03 17:30:32.529 26488  4093 I art     : Explicit concurrent mark sweep GC freed 3(96B) AllocSpace objects, 0(0B) LOS objects, 31% free, 34MB/50MB, paused 675us total 23.377ms
08-03 17:30:32.538 26488  4093 I art     : Starting a blocking GC Explicit
08-03 17:30:32.561 26488  4093 I art     : Explicit concurrent mark sweep GC freed 3(96B) AllocSpace objects, 0(0B) LOS objects, 31% free, 34MB/50MB, paused 714us total 22.753ms
08-03 17:30:32.726  1766  1766 I ServiceManager: Waiting for service AtCmdFwd...
08-03 17:30:32.904 26488  3854 I art     : Starting a blocking GC Explicit
08-03 17:30:32.929 26488  3854 I art     : Explicit concurrent mark sweep GC freed 1401(80KB) AllocSpace objects, 1(20KB) LOS objects, 31% free, 34MB/50MB, paused 859us total 24.772ms
08-03 17:30:32.938 26488  3854 I art     : Starting a blocking GC Explicit
08-03 17:30:32.963 26488  3854 I art     : Explicit concurrent mark sweep GC freed 20(704B) AllocSpace objects, 0(0B) LOS objects, 31% free, 34MB/50MB, paused 728us total 24.538ms
08-03 17:30:32.972 26488  3854 I art     : Starting a blocking GC Explicit
08-03 17:30:32.995 26488  3854 I art     : Explicit concurrent mark sweep GC freed 3(96B) AllocSpace objects, 0(0B) LOS objects, 31% free, 34MB/50MB, paused 724us total 23.196ms
08-03 17:30:33.004 26488  3854 I art     : Starting a blocking GC Explicit
08-03 17:30:33.027 26488  3854 I art     : Explicit concurrent mark sweep GC freed 3(96B) AllocSpace objects, 0(0B) LOS objects, 31% free, 34MB/50MB, paused 803us total 22.959ms
08-03 17:30:33.036 26488  3854 I art     : Starting a blocking GC Explicit
08-03 17:30:33.060 26488  3854 I art     : Explicit concurrent mark sweep GC freed 3(96B) AllocSpace objects, 0(0B) LOS objects, 31% free, 34MB/50MB, paused 715us total 23.102ms
08-03 17:30:33.060 26488 26499 I art     : WaitForGcToComplete blocked for 23.682ms for cause HeapTrim
08-03 17:30:33.226  5317  5317 D AndroidRuntime: >>>>>> START com.android.internal.os.RuntimeInit uid 2000 <<<<<<
08-03 17:30:33.232  5317  5317 D AndroidRuntime: CheckJNI is OFF
08-03 17:30:33.263  5317  5317 D ICU     : No timezone override file found: /data/misc/zoneinfo/current/icu/icu_tzdata.dat
08-03 17:30:33.294  5317  5317 I Radio-JNI: register_android_hardware_Radio DONE
08-03 17:30:33.316  5317  5317 D AndroidRuntime: Calling main entry com.android.commands.input.Input
08-03 17:30:33.318  5317  5317 I Input   : injectMotionEvent: MotionEvent { action=ACTION_DOWN, actionButton=0, id[0]=0, x[0]=436.0, y[0]=453.0, toolType[0]=TOOL_TYPE_UNKNOWN, buttonState=0, metaState=0, flags=0x0, edgeFlags=0x0, pointerCount=1, historySize=0, eventTime=639049730, downTime=639049730, deviceId=0, source=0x1002 }
08-03 17:30:33.321  5317  5317 I Input   : injectMotionEvent: MotionEvent { action=ACTION_UP, actionButton=0, id[0]=0, x[0]=436.0, y[0]=453.0, toolType[0]=TOOL_TYPE_UNKNOWN, buttonState=0, metaState=0, flags=0x0, edgeFlags=0x0, pointerCount=1, historySize=0, eventTime=639049730, downTime=639049730, deviceId=0, source=0x1002 }
08-03 17:30:33.323  5317  5317 D AndroidRuntime: Shutting down VM
08-03 17:30:33.333   918  6029 I ActivityManager: START u0 {cmp=baseline.com.newsblur/.activity.GlobalSharedStoriesReading (has extras)} from uid 10625 on display 0
08-03 17:30:33.334   512  2967 D audio_hw_primary: out_set_parameters: enter: usecase(1: low-latency-playback) kvpairs: routing=2
08-03 17:30:33.347   512  2967 D audio_hw_primary: select_devices: out_snd_device(2: speaker) in_snd_device(0: none)
08-03 17:30:33.348   512  2967 D msm8974_platform: platform_send_audio_calibration: sending audio calibration for snd_device(2) acdb_id(15)
08-03 17:30:33.348   512  2967 I soundtrigger: audio_extn_sound_trigger_update_device_status: device 0x2 of type 0 for Event 1
08-03 17:30:33.358   512  2967 D audio_hw_primary: enable_snd_device: snd_device(2: speaker)
08-03 17:30:33.360   512  2967 D audio_hw_primary: enable_audio_route: apply and update mixer path: low-latency-playback speaker
08-03 17:30:33.398 26488 26500 I art     : Starting a blocking GC Explicit
08-03 17:30:33.421 26488 26500 I art     : Explicit concurrent mark sweep GC freed 2794(209KB) AllocSpace objects, 6(580KB) LOS objects, 30% free, 35MB/51MB, paused 728us total 23.153ms
08-03 17:30:33.430 26488 26500 I art     : Starting a blocking GC Explicit
08-03 17:30:33.454 26488 26500 I art     : Explicit concurrent mark sweep GC freed 441(21KB) AllocSpace objects, 0(0B) LOS objects, 30% free, 35MB/51MB, paused 765us total 23.804ms
08-03 17:30:33.462 26488 26500 I art     : Starting a blocking GC Explicit
08-03 17:30:33.488 26488 26500 I art     : Explicit concurrent mark sweep GC freed 127(25KB) AllocSpace objects, 1(20KB) LOS objects, 30% free, 35MB/51MB, paused 1.052ms total 24.984ms
08-03 17:30:33.497 26488 26500 I art     : Starting a blocking GC Explicit
08-03 17:30:33.521 26488 26500 I art     : Explicit concurrent mark sweep GC freed 68(2368B) AllocSpace objects, 0(0B) LOS objects, 30% free, 35MB/51MB, paused 720us total 23.005ms
08-03 17:30:33.529 26488 26500 I art     : Starting a blocking GC Explicit
08-03 17:30:33.552 26488 26500 I art     : Explicit concurrent mark sweep GC freed 418(37KB) AllocSpace objects, 1(20KB) LOS objects, 29% free, 37MB/53MB, paused 919us total 23.325ms
08-03 17:30:33.580   918   936 I ActivityManager: Displayed baseline.com.newsblur/.activity.GlobalSharedStoriesReading: +239ms
08-03 17:30:33.581 13866 13866 I GoogleInputMethodServic: GoogleInputMethodService.onFinishInput():3138 
08-03 17:30:33.582 13866 13866 I GoogleInputMethodServic: GoogleInputMethodService.onStartInput():1808 
08-03 17:30:33.598   918  6111 D ConnectivityService: listenForNetwork for Listen from uid/pid:10625/26488 for NetworkRequest [ id=2245, legacyType=-1, [ Capabilities: INTERNET&NOT_RESTRICTED&TRUSTED] ]
08-03 17:30:33.726  1766  1766 W Atfwd_Sendcmd: AtCmdFwd service not published, waiting... retryCnt : 2
08-03 17:30:33.843 26488 26500 I art     : Starting a blocking GC Explicit
08-03 17:30:33.856 26488  4485 E chromium: [ERROR:tile_manager.cc(793)] WARNING: tile memory limits exceeded, some content may not draw
08-03 17:30:33.856 26488  4485 E chromium: [ERROR:tile_manager.cc(793)] WARNING: tile memory limits exceeded, some content may not draw
08-03 17:30:33.866 26488  4485 E chromium: [ERROR:tile_manager.cc(793)] WARNING: tile memory limits exceeded, some content may not draw
08-03 17:30:33.867 26488  4485 E chromium: [ERROR:tile_manager.cc(793)] WARNING: tile memory limits exceeded, some content may not draw
08-03 17:30:33.868 26488 26500 I art     : Explicit concurrent mark sweep GC freed 4784(392KB) AllocSpace objects, 8(144KB) LOS objects, 28% free, 39MB/55MB, paused 741us total 24.645ms
08-03 17:30:33.877 26488 26500 I art     : Starting a blocking GC Explicit
08-03 17:30:33.898   512  2967 D audio_hw_primary: disable_audio_route: reset and update mixer path: low-latency-playback speaker
08-03 17:30:33.899 26488 26500 I art     : Explicit concurrent mark sweep GC freed 1272(79KB) AllocSpace objects, 1(28KB) LOS objects, 28% free, 39MB/55MB, paused 678us total 21.978ms
08-03 17:30:33.899   512  2967 D audio_hw_primary: disable_snd_device: snd_device(2: speaker)
08-03 17:30:33.907   512  2967 I soundtrigger: audio_extn_sound_trigger_update_device_status: device 0x2 of type 0 for Event 0
08-03 17:30:33.907 26488 26500 I art     : Starting a blocking GC Explicit
08-03 17:30:33.929 26488 26500 I art     : Explicit concurrent mark sweep GC freed 32(1264B) AllocSpace objects, 0(0B) LOS objects, 28% free, 39MB/55MB, paused 740us total 22.059ms
08-03 17:30:33.938 26488 26500 I art     : Starting a blocking GC Explicit
08-03 17:30:33.964 26488 26500 I art     : Explicit concurrent mark sweep GC freed 105(4KB) AllocSpace objects, 0(0B) LOS objects, 28% free, 39MB/55MB, paused 1.723ms total 25.557ms
08-03 17:30:33.978 26488 26500 I art     : Starting a blocking GC Explicit
08-03 17:30:33.999 26488  4485 E chromium: [ERROR:tile_manager.cc(793)] WARNING: tile memory limits exceeded, some content may not draw
08-03 17:30:34.004 26488 26500 I art     : Explicit concurrent mark sweep GC freed 38(13KB) AllocSpace objects, 1(20KB) LOS objects, 28% free, 39MB/55MB, paused 892us total 25.827ms
08-03 17:30:34.005 26488  4485 E chromium: [ERROR:tile_manager.cc(793)] WARNING: tile memory limits exceeded, some content may not draw
08-03 17:30:34.008 26488  4485 E chromium: [ERROR:tile_manager.cc(793)] WARNING: tile memory limits exceeded, some content may not draw
08-03 17:30:34.009 26488  4485 E chromium: [ERROR:tile_manager.cc(793)] WARNING: tile memory limits exceeded, some content may not draw
08-03 17:30:34.295 26488  3854 I art     : Starting a blocking GC Explicit
08-03 17:30:34.323 26488  3854 I art     : Explicit concurrent mark sweep GC freed 1416(81KB) AllocSpace objects, 1(20KB) LOS objects, 28% free, 39MB/55MB, paused 748us total 27.494ms
08-03 17:30:34.332 26488  3854 I art     : Starting a blocking GC Explicit
08-03 17:30:34.359 26488  3854 I art     : Explicit concurrent mark sweep GC freed 20(704B) AllocSpace objects, 0(0B) LOS objects, 28% free, 39MB/55MB, paused 775us total 26.543ms
08-03 17:30:34.369 26488  3854 I art     : Starting a blocking GC Explicit
08-03 17:30:34.395 26488  3854 I art     : Explicit concurrent mark sweep GC freed 3(96B) AllocSpace objects, 0(0B) LOS objects, 28% free, 39MB/55MB, paused 748us total 26.678ms
08-03 17:30:34.405 26488  3854 I art     : Starting a blocking GC Explicit
08-03 17:30:34.431 26488  3854 I art     : Explicit concurrent mark sweep GC freed 3(96B) AllocSpace objects, 0(0B) LOS objects, 28% free, 39MB/55MB, paused 694us total 25.759ms
08-03 17:30:34.440 26488  3854 I art     : Starting a blocking GC Explicit
08-03 17:30:34.466 26488  3854 I art     : Explicit concurrent mark sweep GC freed 3(96B) AllocSpace objects, 0(0B) LOS objects, 28% free, 39MB/55MB, paused 733us total 26.262ms
08-03 17:30:34.786 26488 26501 I art     : Starting a blocking GC Explicit
08-03 17:30:34.815 26488 26501 I art     : Explicit concurrent mark sweep GC freed 1403(81KB) AllocSpace objects, 1(20KB) LOS objects, 28% free, 39MB/55MB, paused 761us total 28.706ms
08-03 17:30:34.829 26488 26501 I art     : Starting a blocking GC Explicit
08-03 17:30:34.852 26488  4485 E chromium: [ERROR:tile_manager.cc(793)] WARNING: tile memory limits exceeded, some content may not draw
08-03 17:30:34.853 26488  4485 E chromium: [ERROR:tile_manager.cc(793)] WARNING: tile memory limits exceeded, some content may not draw
08-03 17:30:34.854 26488 26501 I art     : Explicit concurrent mark sweep GC freed 21(736B) AllocSpace objects, 0(0B) LOS objects, 28% free, 39MB/55MB, paused 932us total 25.284ms
08-03 17:30:34.864 26488 26501 I art     : Starting a blocking GC Explicit
08-03 17:30:34.888 26488 26501 I art     : Explicit concurrent mark sweep GC freed 13(416B) AllocSpace objects, 0(0B) LOS objects, 28% free, 39MB/55MB, paused 644us total 24.385ms
08-03 17:30:34.897 26488 26501 I art     : Starting a blocking GC Explicit
08-03 17:30:34.920 26488 26501 I art     : Explicit concurrent mark sweep GC freed 11(352B) AllocSpace objects, 0(0B) LOS objects, 28% free, 39MB/55MB, paused 645us total 22.296ms
08-03 17:30:34.928 26488 26501 I art     : Starting a blocking GC Explicit
08-03 17:30:34.951 26488 26501 I art     : Explicit concurrent mark sweep GC freed 8(256B) AllocSpace objects, 0(0B) LOS objects, 28% free, 39MB/55MB, paused 752us total 22.221ms
08-03 17:30:35.289 26488 26501 I art     : Starting a blocking GC Explicit
08-03 17:30:35.315 26488 26501 I art     : Explicit concurrent mark sweep GC freed 1436(82KB) AllocSpace objects, 1(20KB) LOS objects, 28% free, 39MB/55MB, paused 736us total 26.040ms
08-03 17:30:35.324 26488 26501 I art     : Starting a blocking GC Explicit
08-03 17:30:35.349 26488 26501 I art     : Explicit concurrent mark sweep GC freed 20(704B) AllocSpace objects, 0(0B) LOS objects, 28% free, 39MB/55MB, paused 708us total 24.668ms
08-03 17:30:35.358 26488 26501 I art     : Starting a blocking GC Explicit
08-03 17:30:35.384 26488 26501 I art     : Explicit concurrent mark sweep GC freed 3(96B) AllocSpace objects, 0(0B) LOS objects, 28% free, 39MB/55MB, paused 786us total 25.954ms
08-03 17:30:35.393 26488 26501 I art     : Starting a blocking GC Explicit
08-03 17:30:35.420 26488 26501 I art     : Explicit concurrent mark sweep GC freed 3(96B) AllocSpace objects, 0(0B) LOS objects, 28% free, 39MB/55MB, paused 743us total 26.014ms
08-03 17:30:35.429 26488 26501 I art     : Starting a blocking GC Explicit
08-03 17:30:35.455 26488 26501 I art     : Explicit concurrent mark sweep GC freed 3(96B) AllocSpace objects, 0(0B) LOS objects, 28% free, 39MB/55MB, paused 698us total 25.866ms
08-03 17:30:35.811 26488  4093 I art     : Starting a blocking GC Explicit
08-03 17:30:35.841 26488  4093 I art     : Explicit concurrent mark sweep GC freed 1403(81KB) AllocSpace objects, 1(20KB) LOS objects, 28% free, 39MB/55MB, paused 708us total 28.989ms
08-03 17:30:35.853 26488  4093 I art     : Starting a blocking GC Explicit
08-03 17:30:35.879 26488  4093 I art     : Explicit concurrent mark sweep GC freed 20(704B) AllocSpace objects, 0(0B) LOS objects, 28% free, 39MB/55MB, paused 819us total 25.427ms
08-03 17:30:35.888 26488  4093 I art     : Starting a blocking GC Explicit
08-03 17:30:35.914 26488  4093 I art     : Explicit concurrent mark sweep GC freed 3(96B) AllocSpace objects, 0(0B) LOS objects, 28% free, 39MB/55MB, paused 742us total 25.656ms
08-03 17:30:35.923 26488  4093 I art     : Starting a blocking GC Explicit
08-03 17:30:35.949 26488  4093 I art     : Explicit concurrent mark sweep GC freed 3(96B) AllocSpace objects, 0(0B) LOS objects, 28% free, 39MB/55MB, paused 826us total 25.628ms
08-03 17:30:35.958 26488  4093 I art     : Starting a blocking GC Explicit
08-03 17:30:35.984 26488  4093 I art     : Explicit concurrent mark sweep GC freed 3(96B) AllocSpace objects, 0(0B) LOS objects, 28% free, 39MB/55MB, paused 714us total 25.227ms
08-03 17:30:36.343 26488  3854 I art     : Starting a blocking GC Explicit
08-03 17:30:36.371 26488  3854 I art     : Explicit concurrent mark sweep GC freed 1402(80KB) AllocSpace objects, 1(20KB) LOS objects, 28% free, 39MB/55MB, paused 763us total 27.975ms
08-03 17:30:36.380 26488  3854 I art     : Starting a blocking GC Explicit
08-03 17:30:36.407 26488  3854 I art     : Explicit concurrent mark sweep GC freed 20(704B) AllocSpace objects, 0(0B) LOS objects, 28% free, 39MB/55MB, paused 901us total 26.881ms
08-03 17:30:36.417 26488  3854 I art     : Starting a blocking GC Explicit
08-03 17:30:36.443 26488  3854 I art     : Explicit concurrent mark sweep GC freed 3(96B) AllocSpace objects, 0(0B) LOS objects, 28% free, 39MB/55MB, paused 746us total 26.149ms
08-03 17:30:36.453 26488  3854 I art     : Starting a blocking GC Explicit
08-03 17:30:36.479 26488  3854 I art     : Explicit concurrent mark sweep GC freed 3(96B) AllocSpace objects, 0(0B) LOS objects, 28% free, 39MB/55MB, paused 753us total 26.438ms
08-03 17:30:36.489 26488  3854 I art     : Starting a blocking GC Explicit
08-03 17:30:36.515 26488  3854 I art     : Explicit concurrent mark sweep GC freed 3(96B) AllocSpace objects, 0(0B) LOS objects, 28% free, 39MB/55MB, paused 738us total 26.173ms
08-03 17:30:36.843 26488 26500 I art     : Starting a blocking GC Explicit
08-03 17:30:36.870 26488 26500 I art     : Explicit concurrent mark sweep GC freed 1404(81KB) AllocSpace objects, 1(20KB) LOS objects, 28% free, 39MB/55MB, paused 732us total 26.803ms
08-03 17:30:36.880 26488 26500 I art     : Starting a blocking GC Explicit
08-03 17:30:36.906 26488 26500 I art     : Explicit concurrent mark sweep GC freed 20(704B) AllocSpace objects, 0(0B) LOS objects, 28% free, 39MB/55MB, paused 733us total 25.997ms
08-03 17:30:36.915 26488 26500 I art     : Starting a blocking GC Explicit
08-03 17:30:36.942 26488 26500 I art     : Explicit concurrent mark sweep GC freed 3(96B) AllocSpace objects, 0(0B) LOS objects, 28% free, 39MB/55MB, paused 748us total 26.450ms
08-03 17:30:36.951 26488 26500 I art     : Starting a blocking GC Explicit
08-03 17:30:36.977 26488 26500 I art     : Explicit concurrent mark sweep GC freed 3(96B) AllocSpace objects, 0(0B) LOS objects, 28% free, 39MB/55MB, paused 859us total 25.937ms
08-03 17:30:36.986 26488 26500 I art     : Starting a blocking GC Explicit
08-03 17:30:37.014 26488 26500 I art     : Explicit concurrent mark sweep GC freed 3(96B) AllocSpace objects, 0(0B) LOS objects, 28% free, 39MB/55MB, paused 808us total 27.292ms
08-03 17:30:37.375 26488 26501 I art     : Starting a blocking GC Explicit
08-03 17:30:37.404 26488 26501 I art     : Explicit concurrent mark sweep GC freed 1403(81KB) AllocSpace objects, 1(20KB) LOS objects, 28% free, 39MB/55MB, paused 783us total 28.692ms
08-03 17:30:37.416 26488 26501 I art     : Starting a blocking GC Explicit
08-03 17:30:37.442 26488 26501 I art     : Explicit concurrent mark sweep GC freed 20(704B) AllocSpace objects, 0(0B) LOS objects, 28% free, 39MB/55MB, paused 689us total 25.540ms
08-03 17:30:37.450 26488 26501 I art     : Starting a blocking GC Explicit
08-03 17:30:37.476 26488 26501 I art     : Explicit concurrent mark sweep GC freed 3(96B) AllocSpace objects, 0(0B) LOS objects, 28% free, 39MB/55MB, paused 741us total 25.031ms
08-03 17:30:37.485 26488 26501 I art     : Starting a blocking GC Explicit
08-03 17:30:37.511 26488 26501 I art     : Explicit concurrent mark sweep GC freed 3(96B) AllocSpace objects, 0(0B) LOS objects, 28% free, 39MB/55MB, paused 731us total 26.038ms
08-03 17:30:37.520 26488 26501 I art     : Starting a blocking GC Explicit
08-03 17:30:37.547 26488 26501 I art     : Explicit concurrent mark sweep GC freed 3(96B) AllocSpace objects, 0(0B) LOS objects, 28% free, 39MB/55MB, paused 711us total 26.129ms
08-03 17:30:37.841 26488  4093 I art     : Starting a blocking GC Explicit
08-03 17:30:37.869 26488  4093 I art     : Explicit concurrent mark sweep GC freed 1401(80KB) AllocSpace objects, 1(20KB) LOS objects, 28% free, 39MB/55MB, paused 778us total 27.298ms
08-03 17:30:37.878 26488  4093 I art     : Starting a blocking GC Explicit
08-03 17:30:37.905 26488  4093 I art     : Explicit concurrent mark sweep GC freed 20(704B) AllocSpace objects, 0(0B) LOS objects, 28% free, 39MB/55MB, paused 779us total 26.832ms
08-03 17:30:37.915 26488  4093 I art     : Starting a blocking GC Explicit
08-03 17:30:37.940 26488  4093 I art     : Explicit concurrent mark sweep GC freed 3(96B) AllocSpace objects, 0(0B) LOS objects, 28% free, 39MB/55MB, paused 752us total 25.017ms
08-03 17:30:37.949 26488  4093 I art     : Starting a blocking GC Explicit
08-03 17:30:37.974 26488  4093 I art     : Explicit concurrent mark sweep GC freed 3(96B) AllocSpace objects, 0(0B) LOS objects, 28% free, 39MB/55MB, paused 735us total 25.273ms
08-03 17:30:37.983 26488  4093 I art     : Starting a blocking GC Explicit
08-03 17:30:37.995  5425  5425 D AndroidRuntime: >>>>>> START com.android.internal.os.RuntimeInit uid 2000 <<<<<<
08-03 17:30:38.000  5425  5425 D AndroidRuntime: CheckJNI is OFF
08-03 17:30:38.009 26488  4093 I art     : Explicit concurrent mark sweep GC freed 3(96B) AllocSpace objects, 0(0B) LOS objects, 28% free, 39MB/55MB, paused 775us total 25.511ms
08-03 17:30:38.035  5425  5425 D ICU     : No timezone override file found: /data/misc/zoneinfo/current/icu/icu_tzdata.dat
08-03 17:30:38.067  5425  5425 I Radio-JNI: register_android_hardware_Radio DONE
08-03 17:30:38.088  5425  5425 D AndroidRuntime: Calling main entry com.android.commands.input.Input
08-03 17:30:38.090  5425  5425 I Input   : injectKeyEvent: KeyEvent { action=ACTION_DOWN, keyCode=KEYCODE_BACK, scanCode=0, metaState=0, flags=0x0, repeatCount=0, eventTime=639054503, downTime=639054503, deviceId=-1, source=0x101 }
08-03 17:30:38.096  5425  5425 I Input   : injectKeyEvent: KeyEvent { action=ACTION_UP, keyCode=KEYCODE_BACK, scanCode=0, metaState=0, flags=0x0, repeatCount=0, eventTime=639054503, downTime=639054503, deviceId=-1, source=0x101 }
08-03 17:30:38.101  5425  5425 D AndroidRuntime: Shutting down VM
08-03 17:30:38.281 13866 13866 I GoogleInputMethodServic: GoogleInputMethodService.onFinishInput():3138 
08-03 17:30:38.283 13866 13866 I GoogleInputMethodServic: GoogleInputMethodService.onStartInput():1808 
08-03 17:30:38.285 26488  4093 I art     : Starting a blocking GC Explicit
08-03 17:30:38.312 26488  4093 I art     : Explicit concurrent mark sweep GC freed 3803(300KB) AllocSpace objects, 5(100KB) LOS objects, 28% free, 39MB/55MB, paused 768us total 26.751ms
08-03 17:30:38.321 26488  4093 I art     : Starting a blocking GC Explicit
08-03 17:30:38.344 26488  4093 I art     : Explicit concurrent mark sweep GC freed 172(8KB) AllocSpace objects, 1(28KB) LOS objects, 28% free, 39MB/55MB, paused 652us total 22.851ms
08-03 17:30:38.352 26488  4093 I art     : Starting a blocking GC Explicit
08-03 17:30:38.378 26488  4093 I art     : Explicit concurrent mark sweep GC freed 3(96B) AllocSpace objects, 0(0B) LOS objects, 28% free, 39MB/55MB, paused 1.035ms total 25.598ms
08-03 17:30:38.387 26488  4093 I art     : Starting a blocking GC Explicit
08-03 17:30:38.415 26488  4093 I art     : Explicit concurrent mark sweep GC freed 3(96B) AllocSpace objects, 0(0B) LOS objects, 28% free, 39MB/55MB, paused 730us total 28.082ms
08-03 17:30:38.426 26488  4093 I art     : Starting a blocking GC Explicit
08-03 17:30:38.457 26488  4093 I art     : Explicit concurrent mark sweep GC freed 3(96B) AllocSpace objects, 0(0B) LOS objects, 28% free, 39MB/55MB, paused 834us total 30.891ms
08-03 17:30:38.457 26488 26499 I art     : WaitForGcToComplete blocked for 31.355ms for cause HeapTrim
08-03 17:30:38.785 26488 26500 I art     : Starting a blocking GC Explicit
08-03 17:30:38.815 26488 26500 I art     : Explicit concurrent mark sweep GC freed 2663(141KB) AllocSpace objects, 1(20KB) LOS objects, 28% free, 39MB/55MB, paused 821us total 30.006ms
08-03 17:30:38.825 26488 26500 I art     : Starting a blocking GC Explicit
08-03 17:30:38.832   918  3263 D ConnectivityService: releasing NetworkRequest NetworkRequest [ id=2245, legacyType=-1, [ Capabilities: INTERNET&NOT_RESTRICTED&TRUSTED] ]
08-03 17:30:38.851 26488 26500 I art     : Explicit concurrent mark sweep GC freed 5967(452KB) AllocSpace objects, 12(4MB) LOS objects, 31% free, 34MB/50MB, paused 792us total 25.905ms
08-03 17:30:38.859 26488 26500 I art     : Starting a blocking GC Explicit
08-03 17:30:38.880 26488 26500 I art     : Explicit concurrent mark sweep GC freed 29(1200B) AllocSpace objects, 0(0B) LOS objects, 31% free, 34MB/50MB, paused 691us total 20.754ms
08-03 17:30:38.888 26488 26500 I art     : Starting a blocking GC Explicit
08-03 17:30:38.909 26488 26500 I art     : Explicit concurrent mark sweep GC freed 7(224B) AllocSpace objects, 0(0B) LOS objects, 31% free, 34MB/50MB, paused 660us total 20.659ms
08-03 17:30:38.917 26488 26500 I art     : Starting a blocking GC Explicit
08-03 17:30:38.939 26488 26500 I art     : Explicit concurrent mark sweep GC freed 7(224B) AllocSpace objects, 0(0B) LOS objects, 31% free, 34MB/50MB, paused 693us total 21.797ms
08-03 17:30:39.263 26488  3854 I art     : Starting a blocking GC Explicit
08-03 17:30:39.293 26488  3854 I art     : Explicit concurrent mark sweep GC freed 1443(82KB) AllocSpace objects, 1(20KB) LOS objects, 31% free, 34MB/50MB, paused 926us total 29.707ms
08-03 17:30:39.305 26488  3854 I art     : Starting a blocking GC Explicit
08-03 17:30:39.335 26488  3854 I art     : Explicit concurrent mark sweep GC freed 24(832B) AllocSpace objects, 0(0B) LOS objects, 31% free, 34MB/50MB, paused 701us total 29.001ms
08-03 17:30:39.345 26488  3854 I art     : Starting a blocking GC Explicit
08-03 17:30:39.371 26488  3854 I art     : Explicit concurrent mark sweep GC freed 8(256B) AllocSpace objects, 0(0B) LOS objects, 31% free, 34MB/50MB, paused 745us total 25.217ms
08-03 17:30:39.381 26488  3854 I art     : Starting a blocking GC Explicit
08-03 17:30:39.403 26488  3854 I art     : Explicit concurrent mark sweep GC freed 7(224B) AllocSpace objects, 0(0B) LOS objects, 31% free, 34MB/50MB, paused 697us total 22.556ms
08-03 17:30:39.413 26488  3854 I art     : Starting a blocking GC Explicit
08-03 17:30:39.435 26488  3854 I art     : Explicit concurrent mark sweep GC freed 7(224B) AllocSpace objects, 0(0B) LOS objects, 31% free, 34MB/50MB, paused 718us total 22.259ms
08-03 17:30:39.750  5478  5478 D AndroidRuntime: >>>>>> START com.android.internal.os.RuntimeInit uid 2000 <<<<<<
08-03 17:30:39.751 26488  3854 I art     : Starting a blocking GC Explicit
08-03 17:30:39.755  5478  5478 D AndroidRuntime: CheckJNI is OFF
08-03 17:30:39.776 26488  3854 I art     : Explicit concurrent mark sweep GC freed 1429(81KB) AllocSpace objects, 1(20KB) LOS objects, 31% free, 34MB/50MB, paused 771us total 24.196ms
08-03 17:30:39.785 26488  3854 I art     : Starting a blocking GC Explicit
08-03 17:30:39.793  5478  5478 D ICU     : No timezone override file found: /data/misc/zoneinfo/current/icu/icu_tzdata.dat
08-03 17:30:39.809 26488  3854 I art     : Explicit concurrent mark sweep GC freed 20(704B) AllocSpace objects, 0(0B) LOS objects, 31% free, 34MB/50MB, paused 840us total 23.814ms
08-03 17:30:39.818 26488  3854 I art     : Starting a blocking GC Explicit
08-03 17:30:39.828  5478  5478 I Radio-JNI: register_android_hardware_Radio DONE
08-03 17:30:39.840 26488  3854 I art     : Explicit concurrent mark sweep GC freed 3(96B) AllocSpace objects, 0(0B) LOS objects, 31% free, 34MB/50MB, paused 730us total 21.860ms
08-03 17:30:39.848 26488  3854 I art     : Starting a blocking GC Explicit
08-03 17:30:39.850  5478  5478 D AndroidRuntime: Calling main entry com.android.commands.input.Input
08-03 17:30:39.851  5478  5478 I Input   : injectKeyEvent: KeyEvent { action=ACTION_DOWN, keyCode=KEYCODE_BACK, scanCode=0, metaState=0, flags=0x0, repeatCount=0, eventTime=639056264, downTime=639056264, deviceId=-1, source=0x101 }
08-03 17:30:39.857  5478  5478 I Input   : injectKeyEvent: KeyEvent { action=ACTION_UP, keyCode=KEYCODE_BACK, scanCode=0, metaState=0, flags=0x0, repeatCount=0, eventTime=639056264, downTime=639056264, deviceId=-1, source=0x101 }
08-03 17:30:39.863  5478  5478 D AndroidRuntime: Shutting down VM
08-03 17:30:39.871 26488  3854 I art     : Explicit concurrent mark sweep GC freed 298(39KB) AllocSpace objects, 3(60KB) LOS objects, 31% free, 34MB/50MB, paused 1.045ms total 22.153ms
08-03 17:30:39.879 26488  3854 I art     : Starting a blocking GC Explicit
08-03 17:30:39.900 26488  3854 I art     : Explicit concurrent mark sweep GC freed 84(28KB) AllocSpace objects, 1(20KB) LOS objects, 31% free, 34MB/50MB, paused 818us total 21.368ms
08-03 17:30:40.003 13866 13866 I GoogleInputMethodServic: GoogleInputMethodService.onFinishInput():3138 
08-03 17:30:40.004 13866 13866 I GoogleInputMethodServic: GoogleInputMethodService.onStartInput():1808 
08-03 17:30:40.172 26488 26500 I art     : Starting a blocking GC Explicit
08-03 17:30:40.201 26488 26500 I art     : Explicit concurrent mark sweep GC freed 14798(1074KB) AllocSpace objects, 25(500KB) LOS objects, 31% free, 34MB/50MB, paused 768us total 28.653ms
08-03 17:30:40.211 26488 26500 I art     : Starting a blocking GC Explicit
08-03 17:30:40.223   518   646 I ThermalEngine: ACTION: GPU - Setting GPU[0] to 450000000
08-03 17:30:40.239 26488 26500 I art     : Explicit concurrent mark sweep GC freed 728(27KB) AllocSpace objects, 0(0B) LOS objects, 31% free, 34MB/50MB, paused 986us total 27.114ms
08-03 17:30:40.250 26488 26500 I art     : Starting a blocking GC Explicit
08-03 17:30:40.281 26488 26500 I art     : Explicit concurrent mark sweep GC freed 3(96B) AllocSpace objects, 0(0B) LOS objects, 31% free, 34MB/50MB, paused 1.026ms total 30.516ms
08-03 17:30:40.292 26488 26500 I art     : Starting a blocking GC Explicit
08-03 17:30:40.325 26488 26500 I art     : Explicit concurrent mark sweep GC freed 3(96B) AllocSpace objects, 0(0B) LOS objects, 31% free, 34MB/50MB, paused 1.016ms total 32.217ms
08-03 17:30:40.339 26488 26500 I art     : Starting a blocking GC Explicit
08-03 17:30:40.369 26488 26500 I art     : Explicit concurrent mark sweep GC freed 404(18KB) AllocSpace objects, 0(0B) LOS objects, 31% free, 34MB/50MB, paused 986us total 30.100ms
08-03 17:30:40.719 26488  4093 I art     : Starting a blocking GC Explicit
08-03 17:30:40.752 26488  4093 I art     : Explicit concurrent mark sweep GC freed 1489(84KB) AllocSpace objects, 1(20KB) LOS objects, 31% free, 34MB/50MB, paused 1.166ms total 33.270ms
08-03 17:30:40.765 26488  4093 I art     : Starting a blocking GC Explicit
08-03 17:30:40.794 26488  4093 I art     : Explicit concurrent mark sweep GC freed 5577(415KB) AllocSpace objects, 2(1188KB) LOS objects, 32% free, 32MB/48MB, paused 943us total 28.775ms
08-03 17:30:40.806 26488  4093 I art     : Starting a blocking GC Explicit
08-03 17:30:40.834 26488  4093 I art     : Explicit concurrent mark sweep GC freed 11(416B) AllocSpace objects, 0(0B) LOS objects, 32% free, 32MB/48MB, paused 961us total 27.621ms
08-03 17:30:40.845 26488  4093 I art     : Starting a blocking GC Explicit
08-03 17:30:40.872 26488  4093 I art     : Explicit concurrent mark sweep GC freed 7(224B) AllocSpace objects, 0(0B) LOS objects, 32% free, 32MB/48MB, paused 937us total 27.405ms
08-03 17:30:40.884 26488  4093 I art     : Starting a blocking GC Explicit
08-03 17:30:40.911 26488  4093 I art     : Explicit concurrent mark sweep GC freed 9(288B) AllocSpace objects, 0(0B) LOS objects, 32% free, 32MB/48MB, paused 886us total 27.105ms
08-03 17:30:41.237 26488  4093 I art     : Starting a blocking GC Explicit
08-03 17:30:41.267 26488  4093 I art     : Explicit concurrent mark sweep GC freed 1443(82KB) AllocSpace objects, 1(20KB) LOS objects, 32% free, 32MB/48MB, paused 1.128ms total 29.686ms
08-03 17:30:41.278 26488  4093 I art     : Starting a blocking GC Explicit
08-03 17:30:41.305 26488  4093 I art     : Explicit concurrent mark sweep GC freed 24(832B) AllocSpace objects, 0(0B) LOS objects, 32% free, 32MB/48MB, paused 942us total 27.211ms
08-03 17:30:41.317 26488  4093 I art     : Starting a blocking GC Explicit
08-03 17:30:41.345 26488  4093 I art     : Explicit concurrent mark sweep GC freed 9(288B) AllocSpace objects, 0(0B) LOS objects, 32% free, 32MB/48MB, paused 937us total 26.826ms
08-03 17:30:41.356 26488  4093 I art     : Starting a blocking GC Explicit
08-03 17:30:41.382 26488  4093 I art     : Explicit concurrent mark sweep GC freed 8(256B) AllocSpace objects, 0(0B) LOS objects, 32% free, 32MB/48MB, paused 950us total 25.561ms
08-03 17:30:41.393 26488  4093 I art     : Starting a blocking GC Explicit
08-03 17:30:41.419 26488  4093 I art     : Explicit concurrent mark sweep GC freed 6(192B) AllocSpace objects, 0(0B) LOS objects, 32% free, 32MB/48MB, paused 1.006ms total 26.665ms
08-03 17:30:41.636  5532  5532 D AndroidRuntime: >>>>>> START com.android.internal.os.RuntimeInit uid 2000 <<<<<<
08-03 17:30:41.642  5532  5532 D AndroidRuntime: CheckJNI is OFF
08-03 17:30:41.683  5532  5532 D ICU     : No timezone override file found: /data/misc/zoneinfo/current/icu/icu_tzdata.dat
08-03 17:30:41.725  5532  5532 I Radio-JNI: register_android_hardware_Radio DONE
08-03 17:30:41.754  5532  5532 D AndroidRuntime: Calling main entry com.android.commands.input.Input
08-03 17:30:41.756  5532  5532 I Input   : injectMotionEvent: MotionEvent { action=ACTION_DOWN, actionButton=0, id[0]=0, x[0]=553.0, y[0]=442.0, toolType[0]=TOOL_TYPE_UNKNOWN, buttonState=0, metaState=0, flags=0x0, edgeFlags=0x0, pointerCount=1, historySize=0, eventTime=639058168, downTime=639058168, deviceId=0, source=0x1002 }
08-03 17:30:41.760  5532  5532 I Input   : injectMotionEvent: MotionEvent { action=ACTION_UP, actionButton=0, id[0]=0, x[0]=553.0, y[0]=442.0, toolType[0]=TOOL_TYPE_UNKNOWN, buttonState=0, metaState=0, flags=0x0, edgeFlags=0x0, pointerCount=1, historySize=0, eventTime=639058168, downTime=639058168, deviceId=0, source=0x1002 }
08-03 17:30:41.763  5532  5532 D AndroidRuntime: Shutting down VM
08-03 17:30:41.775 26488  4093 I art     : Starting a blocking GC Explicit
08-03 17:30:41.806 26488  4093 I art     : Explicit concurrent mark sweep GC freed 1452(82KB) AllocSpace objects, 1(20KB) LOS objects, 32% free, 32MB/48MB, paused 1.017ms total 30.148ms
08-03 17:30:41.817 26488  4093 I art     : Starting a blocking GC Explicit
08-03 17:30:41.832   918  4400 I ActivityManager: START u0 {cmp=baseline.com.newsblur/.activity.AllSharedStoriesItemsList (has extras)} from uid 10625 on display 0
08-03 17:30:41.847 26488  4093 I art     : Explicit concurrent mark sweep GC freed 546(85KB) AllocSpace objects, 1(20KB) LOS objects, 32% free, 32MB/48MB, paused 1.311ms total 28.995ms
08-03 17:30:41.858 26488  4093 I art     : Starting a blocking GC Explicit
08-03 17:30:41.862 26488  4469 I baseline.com.newsblur.database.BlurDatabaseHelper: reading session reset
08-03 17:30:41.888 26488  4093 I art     : Explicit concurrent mark sweep GC freed 1168(133KB) AllocSpace objects, 5(224KB) LOS objects, 32% free, 33MB/49MB, paused 1.316ms total 28.867ms
08-03 17:30:41.898 26488  4093 I art     : Starting a blocking GC Explicit
08-03 17:30:41.925 26488  4093 I art     : Explicit concurrent mark sweep GC freed 803(40KB) AllocSpace objects, 0(0B) LOS objects, 32% free, 33MB/49MB, paused 978us total 26.360ms
08-03 17:30:41.935 26488  4093 I art     : Starting a blocking GC Explicit
08-03 17:30:41.962 26488  4093 I art     : Explicit concurrent mark sweep GC freed 23(832B) AllocSpace objects, 0(0B) LOS objects, 32% free, 33MB/49MB, paused 1.043ms total 26.856ms
08-03 17:30:42.063 26488 26488 W View    : requestLayout() improperly called by android.widget.FrameLayout{a50b26b V.E...... ......ID 0,0-1440,0 #7f07003f app:id/footer_view_inner} during layout: running second layout pass
08-03 17:30:42.063 26488 26488 W View    : requestLayout() improperly called by android.widget.FrameLayout{47ac1c8 V.E...... ......ID 0,0-1440,2091 #7f07003f app:id/footer_view_inner} during layout: running second layout pass
08-03 17:30:42.082 13866 13866 I GoogleInputMethodServic: GoogleInputMethodService.onFinishInput():3138 
08-03 17:30:42.082 13866 13866 I GoogleInputMethodServic: GoogleInputMethodService.onStartInput():1808 
08-03 17:30:42.083   918   936 I ActivityManager: Displayed baseline.com.newsblur/.activity.AllSharedStoriesItemsList: +239ms
08-03 17:30:42.282 26488  3854 I art     : Starting a blocking GC Explicit
08-03 17:30:42.286 26488  4119 I NAPPA_EXPERIMENTATION: MetricNetworkRequestExecutionTime: REQUEST_DURATION_SYSTEM='150',REQUEST_DURATION_OKHTTP='149',REQUEST_SYNCHRONOUS='TRUE',RESPONSE_CODE='200',RESPONSE_METHOD='GET',RESPONSE_LENGTH_OKHTTP='29813',RESPONSE_LENGTH_HEADER='29813',REQUEST_PROTOCOL='http/1.1',REQUEST_URL='https://s3.amazonaws.com/icons.newsblur.com/850543.png',
08-03 17:30:42.287 26488  4965 I NAPPA_EXPERIMENTATION: MetricNetworkRequestExecutionTime: REQUEST_DURATION_SYSTEM='170',REQUEST_DURATION_OKHTTP='168',REQUEST_SYNCHRONOUS='TRUE',RESPONSE_CODE='200',RESPONSE_METHOD='GET',RESPONSE_LENGTH_OKHTTP='43',RESPONSE_LENGTH_HEADER='43',REQUEST_PROTOCOL='http/1.1',REQUEST_URL='http://feeds.feedburner.com/~r/retort/~4/UffaFMiJbNs',
08-03 17:30:42.315 26488  3854 I art     : Explicit concurrent mark sweep GC freed 6005(449KB) AllocSpace objects, 15(300KB) LOS objects, 31% free, 34MB/50MB, paused 1.190ms total 33.059ms
08-03 17:30:42.327 26488  3854 I art     : Starting a blocking GC Explicit
08-03 17:30:42.358 26488  3854 I art     : Explicit concurrent mark sweep GC freed 746(46KB) AllocSpace objects, 3(60KB) LOS objects, 31% free, 34MB/50MB, paused 1.166ms total 30.675ms
08-03 17:30:42.368 26488  3854 I art     : Starting a blocking GC Explicit
08-03 17:30:42.397 26488  3854 I art     : Explicit concurrent mark sweep GC freed 261(11KB) AllocSpace objects, 0(0B) LOS objects, 31% free, 34MB/50MB, paused 1.112ms total 27.813ms
08-03 17:30:42.407 26488  3854 I art     : Starting a blocking GC Explicit
08-03 17:30:42.436 26488  3854 I art     : Explicit concurrent mark sweep GC freed 1745(69KB) AllocSpace objects, 0(0B) LOS objects, 31% free, 34MB/50MB, paused 1.127ms total 28.453ms
08-03 17:30:42.448 26488  3854 I art     : Starting a blocking GC Explicit
08-03 17:30:42.476 26488  3854 I art     : Explicit concurrent mark sweep GC freed 138(5KB) AllocSpace objects, 0(0B) LOS objects, 31% free, 34MB/50MB, paused 1.205ms total 28.251ms
08-03 17:30:42.563 26488  4125 I NAPPA_EXPERIMENTATION: MetricNetworkRequestExecutionTime: REQUEST_DURATION_SYSTEM='406',REQUEST_DURATION_OKHTTP='150',REQUEST_SYNCHRONOUS='TRUE',RESPONSE_CODE='200',RESPONSE_METHOD='GET',RESPONSE_LENGTH_OKHTTP='117046',RESPONSE_LENGTH_HEADER='117046',REQUEST_PROTOCOL='h2',REQUEST_URL='https://64.media.tumblr.com/58fdb3e3c1b2ba1306c2d1be0119460e/75c91623ddb4dfe2-55/s1280x1920/18a33520ca63b4c9f1d09ba5a5eb6fab3b9c104d.jpg',
08-03 17:30:42.723 26488  5560 I NAPPA_EXPERIMENTATION: MetricNetworkRequestExecutionTime: REQUEST_DURATION_SYSTEM='620',REQUEST_DURATION_OKHTTP='37',REQUEST_SYNCHRONOUS='TRUE',RESPONSE_CODE='200',RESPONSE_METHOD='GET',RESPONSE_LENGTH_OKHTTP='-1',RESPONSE_LENGTH_HEADER='-2',REQUEST_PROTOCOL='http/1.1',REQUEST_URL='https://www.newsblur.com/social/river_stories?order=newest&page=1&read_filter=all',
08-03 17:30:42.723 26488  5560 D MY_TAG  : 0, 620
08-03 17:30:42.741 26488 26488 D baseline.com.newsblur.service.NBSyncService: rejecting request for feedset that is exhaused
08-03 17:30:42.793 26488  4093 I art     : Starting a blocking GC Explicit
08-03 17:30:42.829 26488  4093 I art     : Explicit concurrent mark sweep GC freed 9515(706KB) AllocSpace objects, 23(2MB) LOS objects, 31% free, 35MB/51MB, paused 1.016ms total 34.975ms
08-03 17:30:42.840 26488  4093 I art     : Starting a blocking GC Explicit
08-03 17:30:42.872 26488  4093 I art     : Explicit concurrent mark sweep GC freed 1701(144KB) AllocSpace objects, 0(0B) LOS objects, 31% free, 35MB/51MB, paused 1.072ms total 31.691ms
08-03 17:30:42.884 26488  4093 I art     : Starting a blocking GC Explicit
08-03 17:30:42.915 26488  4093 I art     : Explicit concurrent mark sweep GC freed 3(96B) AllocSpace objects, 0(0B) LOS objects, 31% free, 35MB/51MB, paused 1.126ms total 30.897ms
08-03 17:30:42.927 26488  4093 I art     : Starting a blocking GC Explicit
08-03 17:30:42.957 26488  4093 I art     : Explicit concurrent mark sweep GC freed 3(96B) AllocSpace objects, 0(0B) LOS objects, 31% free, 35MB/51MB, paused 1.131ms total 30.443ms
08-03 17:30:42.969 26488  4093 I art     : Starting a blocking GC Explicit
08-03 17:30:43.001 26488  4093 I art     : Explicit concurrent mark sweep GC freed 3(96B) AllocSpace objects, 0(0B) LOS objects, 31% free, 35MB/51MB, paused 1.047ms total 31.877ms
08-03 17:30:43.354 26488  3854 I art     : Starting a blocking GC Explicit
08-03 17:30:43.388 26488  3854 I art     : Explicit concurrent mark sweep GC freed 1421(81KB) AllocSpace objects, 1(20KB) LOS objects, 31% free, 35MB/51MB, paused 1.186ms total 32.953ms
08-03 17:30:43.399 26488  3854 I art     : Starting a blocking GC Explicit
08-03 17:30:43.431 26488  3854 I art     : Explicit concurrent mark sweep GC freed 26(896B) AllocSpace objects, 0(0B) LOS objects, 31% free, 35MB/51MB, paused 973us total 31.136ms
08-03 17:30:43.443 26488  3854 I art     : Starting a blocking GC Explicit
08-03 17:30:43.475 26488  3854 I art     : Explicit concurrent mark sweep GC freed 8(256B) AllocSpace objects, 0(0B) LOS objects, 31% free, 35MB/51MB, paused 1.247ms total 31.312ms
08-03 17:30:43.486 26488  3854 I art     : Starting a blocking GC Explicit
08-03 17:30:43.518 26488  3854 I art     : Explicit concurrent mark sweep GC freed 3(96B) AllocSpace objects, 0(0B) LOS objects, 31% free, 35MB/51MB, paused 1.116ms total 31.645ms
08-03 17:30:43.530 26488  3854 I art     : Starting a blocking GC Explicit
08-03 17:30:43.561 26488  3854 I art     : Explicit concurrent mark sweep GC freed 3(96B) AllocSpace objects, 0(0B) LOS objects, 31% free, 35MB/51MB, paused 1.002ms total 30.856ms
08-03 17:30:43.728  1766  1766 I ServiceManager: Waiting for service AtCmdFwd...
08-03 17:30:43.949 26488 26501 I art     : Starting a blocking GC Explicit
08-03 17:30:43.988 26488 26501 I art     : Explicit concurrent mark sweep GC freed 1441(83KB) AllocSpace objects, 1(20KB) LOS objects, 31% free, 35MB/51MB, paused 1.319ms total 38.732ms
08-03 17:30:44.003 26488 26501 I art     : Starting a blocking GC Explicit
08-03 17:30:44.037 26488 26501 I art     : Explicit concurrent mark sweep GC freed 20(704B) AllocSpace objects, 0(0B) LOS objects, 31% free, 35MB/51MB, paused 1.102ms total 34.055ms
08-03 17:30:44.049 26488 26501 I art     : Starting a blocking GC Explicit
08-03 17:30:44.083 26488 26501 I art     : Explicit concurrent mark sweep GC freed 3(96B) AllocSpace objects, 0(0B) LOS objects, 31% free, 35MB/51MB, paused 1.086ms total 33.998ms
08-03 17:30:44.095 26488 26501 I art     : Starting a blocking GC Explicit
08-03 17:30:44.130 26488 26501 I art     : Explicit concurrent mark sweep GC freed 3(96B) AllocSpace objects, 0(0B) LOS objects, 31% free, 35MB/51MB, paused 1.104ms total 34.043ms
08-03 17:30:44.142 26488 26501 I art     : Starting a blocking GC Explicit
08-03 17:30:44.175 26488 26501 I art     : Explicit concurrent mark sweep GC freed 3(96B) AllocSpace objects, 0(0B) LOS objects, 31% free, 35MB/51MB, paused 1.047ms total 32.810ms
08-03 17:30:44.548 26488  4093 I art     : Starting a blocking GC Explicit
08-03 17:30:44.592 26488  4093 I art     : Explicit concurrent mark sweep GC freed 1401(80KB) AllocSpace objects, 1(20KB) LOS objects, 31% free, 35MB/51MB, paused 1.154ms total 43.125ms
08-03 17:30:44.606 26488  4093 I art     : Starting a blocking GC Explicit
08-03 17:30:44.642 26488  4093 I art     : Explicit concurrent mark sweep GC freed 20(704B) AllocSpace objects, 0(0B) LOS objects, 31% free, 35MB/51MB, paused 1.093ms total 35.704ms
08-03 17:30:44.654 26488  4093 I art     : Starting a blocking GC Explicit
08-03 17:30:44.688 26488  4093 I art     : Explicit concurrent mark sweep GC freed 3(96B) AllocSpace objects, 0(0B) LOS objects, 31% free, 35MB/51MB, paused 1.145ms total 33.240ms
08-03 17:30:44.700 26488  4093 I art     : Starting a blocking GC Explicit
08-03 17:30:44.729  1766  1766 I ServiceManager: Waiting for service AtCmdFwd...
08-03 17:30:44.734 26488  4093 I art     : Explicit concurrent mark sweep GC freed 3(96B) AllocSpace objects, 0(0B) LOS objects, 31% free, 35MB/51MB, paused 1.096ms total 33.997ms
08-03 17:30:44.746 26488  4093 I art     : Starting a blocking GC Explicit
08-03 17:30:44.780 26488  4093 I art     : Explicit concurrent mark sweep GC freed 3(96B) AllocSpace objects, 0(0B) LOS objects, 31% free, 35MB/51MB, paused 1.069ms total 33.893ms
08-03 17:30:45.161 26488 26500 I art     : Starting a blocking GC Explicit
08-03 17:30:45.204 26488 26500 I art     : Explicit concurrent mark sweep GC freed 1403(83KB) AllocSpace objects, 1(20KB) LOS objects, 31% free, 35MB/51MB, paused 1.181ms total 42.182ms
08-03 17:30:45.218 26488 26500 I art     : Starting a blocking GC Explicit
08-03 17:30:45.254 26488 26500 I art     : Explicit concurrent mark sweep GC freed 20(704B) AllocSpace objects, 0(0B) LOS objects, 31% free, 35MB/51MB, paused 1.102ms total 35.291ms
08-03 17:30:45.266 26488 26500 I art     : Starting a blocking GC Explicit
08-03 17:30:45.299 26488 26500 I art     : Explicit concurrent mark sweep GC freed 3(96B) AllocSpace objects, 0(0B) LOS objects, 31% free, 35MB/51MB, paused 1.020ms total 32.724ms
08-03 17:30:45.311 26488 26500 I art     : Starting a blocking GC Explicit
08-03 17:30:45.346 26488 26500 I art     : Explicit concurrent mark sweep GC freed 3(96B) AllocSpace objects, 0(0B) LOS objects, 31% free, 35MB/51MB, paused 1.085ms total 34.394ms
08-03 17:30:45.358 26488 26500 I art     : Starting a blocking GC Explicit
08-03 17:30:45.392 26488 26500 I art     : Explicit concurrent mark sweep GC freed 3(96B) AllocSpace objects, 0(0B) LOS objects, 31% free, 35MB/51MB, paused 1.084ms total 33.559ms
08-03 17:30:45.729  1766  1766 I ServiceManager: Waiting for service AtCmdFwd...
08-03 17:30:45.769 26488  3854 I art     : Starting a blocking GC Explicit
08-03 17:30:45.812 26488  3854 I art     : Explicit concurrent mark sweep GC freed 1402(81KB) AllocSpace objects, 1(20KB) LOS objects, 31% free, 35MB/51MB, paused 1.112ms total 42.565ms
08-03 17:30:45.827 26488  3854 I art     : Starting a blocking GC Explicit
08-03 17:30:45.861 26488  3854 I art     : Explicit concurrent mark sweep GC freed 20(704B) AllocSpace objects, 0(0B) LOS objects, 31% free, 35MB/51MB, paused 1.080ms total 34.241ms
08-03 17:30:45.873 26488  3854 I art     : Starting a blocking GC Explicit
08-03 17:30:45.908 26488  3854 I art     : Explicit concurrent mark sweep GC freed 3(96B) AllocSpace objects, 0(0B) LOS objects, 31% free, 35MB/51MB, paused 1.028ms total 34.668ms
08-03 17:30:45.920 26488  3854 I art     : Starting a blocking GC Explicit
08-03 17:30:45.954 26488  3854 I art     : Explicit concurrent mark sweep GC freed 3(96B) AllocSpace objects, 0(0B) LOS objects, 31% free, 35MB/51MB, paused 1.096ms total 33.216ms
08-03 17:30:45.966 26488  3854 I art     : Starting a blocking GC Explicit
08-03 17:30:46.001 26488  3854 I art     : Explicit concurrent mark sweep GC freed 3(96B) AllocSpace objects, 0(0B) LOS objects, 31% free, 35MB/51MB, paused 1.069ms total 34.141ms
08-03 17:30:46.230   518   646 I ThermalEngine: ACTION: GPU - Setting GPU[0] to 510000000
08-03 17:30:46.352 26488 26501 I art     : Starting a blocking GC Explicit
08-03 17:30:46.389 26488 26501 I art     : Explicit concurrent mark sweep GC freed 1401(80KB) AllocSpace objects, 1(20KB) LOS objects, 31% free, 35MB/51MB, paused 934us total 36.428ms
08-03 17:30:46.402 26488 26501 I art     : Starting a blocking GC Explicit
08-03 17:30:46.427 26488 26501 I art     : Explicit concurrent mark sweep GC freed 20(704B) AllocSpace objects, 0(0B) LOS objects, 31% free, 35MB/51MB, paused 797us total 24.670ms
08-03 17:30:46.436 26488 26501 I art     : Starting a blocking GC Explicit
08-03 17:30:46.461 26488 26501 I art     : Explicit concurrent mark sweep GC freed 3(96B) AllocSpace objects, 0(0B) LOS objects, 31% free, 35MB/51MB, paused 798us total 25.502ms
08-03 17:30:46.471 26488 26501 I art     : Starting a blocking GC Explicit
08-03 17:30:46.497 26488 26501 I art     : Explicit concurrent mark sweep GC freed 3(96B) AllocSpace objects, 0(0B) LOS objects, 31% free, 35MB/51MB, paused 780us total 25.648ms
08-03 17:30:46.506 26488 26501 I art     : Starting a blocking GC Explicit
08-03 17:30:46.531 26488 26501 I art     : Explicit concurrent mark sweep GC freed 3(96B) AllocSpace objects, 0(0B) LOS objects, 31% free, 35MB/51MB, paused 781us total 24.710ms
08-03 17:30:46.730  1766  1766 I ServiceManager: Waiting for service AtCmdFwd...
08-03 17:30:46.884 26488  4093 I art     : Starting a blocking GC Explicit
08-03 17:30:46.917 26488  4093 I art     : Explicit concurrent mark sweep GC freed 1402(81KB) AllocSpace objects, 1(20KB) LOS objects, 31% free, 35MB/51MB, paused 817us total 32.624ms
08-03 17:30:46.930 26488  4093 I art     : Starting a blocking GC Explicit
08-03 17:30:46.956 26488  4093 I art     : Explicit concurrent mark sweep GC freed 20(704B) AllocSpace objects, 0(0B) LOS objects, 31% free, 35MB/51MB, paused 790us total 26.070ms
08-03 17:30:46.966 26488  4093 I art     : Starting a blocking GC Explicit
08-03 17:30:46.992 26488  4093 I art     : Explicit concurrent mark sweep GC freed 3(96B) AllocSpace objects, 0(0B) LOS objects, 31% free, 35MB/51MB, paused 797us total 25.808ms
08-03 17:30:47.001 26488  4093 I art     : Starting a blocking GC Explicit
08-03 17:30:47.026 26488  4093 I art     : Explicit concurrent mark sweep GC freed 3(96B) AllocSpace objects, 0(0B) LOS objects, 31% free, 35MB/51MB, paused 747us total 25.187ms
08-03 17:30:47.036 26488  4093 I art     : Starting a blocking GC Explicit
08-03 17:30:47.061 26488  4093 I art     : Explicit concurrent mark sweep GC freed 3(96B) AllocSpace objects, 0(0B) LOS objects, 31% free, 35MB/51MB, paused 812us total 25.595ms
08-03 17:30:47.406 26488 26500 I art     : Starting a blocking GC Explicit
08-03 17:30:47.438 26488 26500 I art     : Explicit concurrent mark sweep GC freed 1401(80KB) AllocSpace objects, 1(20KB) LOS objects, 31% free, 35MB/51MB, paused 974us total 31.492ms
08-03 17:30:47.450 26488 26500 I art     : Starting a blocking GC Explicit
08-03 17:30:47.477 26488 26500 I art     : Explicit concurrent mark sweep GC freed 20(704B) AllocSpace objects, 0(0B) LOS objects, 31% free, 35MB/51MB, paused 889us total 26.710ms
08-03 17:30:47.487 26488 26500 I art     : Starting a blocking GC Explicit
08-03 17:30:47.512 26488 26500 I art     : Explicit concurrent mark sweep GC freed 3(96B) AllocSpace objects, 0(0B) LOS objects, 31% free, 35MB/51MB, paused 786us total 25.045ms
08-03 17:30:47.521 26488 26500 I art     : Starting a blocking GC Explicit
08-03 17:30:47.547 26488 26500 I art     : Explicit concurrent mark sweep GC freed 3(96B) AllocSpace objects, 0(0B) LOS objects, 31% free, 35MB/51MB, paused 908us total 25.736ms
08-03 17:30:47.557 26488 26500 I art     : Starting a blocking GC Explicit
08-03 17:30:47.582 26488 26500 I art     : Explicit concurrent mark sweep GC freed 3(96B) AllocSpace objects, 0(0B) LOS objects, 31% free, 35MB/51MB, paused 794us total 25.097ms
08-03 17:30:47.731  1766  1766 I ServiceManager: Waiting for service AtCmdFwd...
08-03 17:30:47.916 26488  3854 I art     : Starting a blocking GC Explicit
08-03 17:30:47.948 26488  3854 I art     : Explicit concurrent mark sweep GC freed 1401(80KB) AllocSpace objects, 1(20KB) LOS objects, 31% free, 35MB/51MB, paused 917us total 31.568ms
08-03 17:30:47.960 26488  3854 I art     : Starting a blocking GC Explicit
08-03 17:30:47.986 26488  3854 I art     : Explicit concurrent mark sweep GC freed 20(704B) AllocSpace objects, 0(0B) LOS objects, 31% free, 35MB/51MB, paused 797us total 25.161ms
08-03 17:30:47.995 26488  3854 I art     : Starting a blocking GC Explicit
08-03 17:30:48.019 26488  3854 I art     : Explicit concurrent mark sweep GC freed 3(96B) AllocSpace objects, 0(0B) LOS objects, 31% free, 35MB/51MB, paused 765us total 24.171ms
08-03 17:30:48.028 26488  3854 I art     : Starting a blocking GC Explicit
08-03 17:30:48.054 26488  3854 I art     : Explicit concurrent mark sweep GC freed 3(96B) AllocSpace objects, 0(0B) LOS objects, 31% free, 35MB/51MB, paused 780us total 24.934ms
08-03 17:30:48.063 26488  3854 I art     : Starting a blocking GC Explicit
08-03 17:30:48.088 26488  3854 I art     : Explicit concurrent mark sweep GC freed 3(96B) AllocSpace objects, 0(0B) LOS objects, 31% free, 35MB/51MB, paused 897us total 25.276ms
08-03 17:30:48.446 26488 26501 I art     : Starting a blocking GC Explicit
08-03 17:30:48.482 26488 26501 I art     : Explicit concurrent mark sweep GC freed 1401(80KB) AllocSpace objects, 1(20KB) LOS objects, 31% free, 35MB/51MB, paused 819us total 35.704ms
08-03 17:30:48.500 26488 26501 I art     : Starting a blocking GC Explicit
08-03 17:30:48.524 26488 26501 I art     : Explicit concurrent mark sweep GC freed 20(704B) AllocSpace objects, 0(0B) LOS objects, 31% free, 35MB/51MB, paused 817us total 23.507ms
08-03 17:30:48.533 26488 26501 I art     : Starting a blocking GC Explicit
08-03 17:30:48.555 26488 26501 I art     : Explicit concurrent mark sweep GC freed 3(96B) AllocSpace objects, 0(0B) LOS objects, 31% free, 35MB/51MB, paused 767us total 22.457ms
08-03 17:30:48.564 26488 26501 I art     : Starting a blocking GC Explicit
08-03 17:30:48.588 26488 26501 I art     : Explicit concurrent mark sweep GC freed 3(96B) AllocSpace objects, 0(0B) LOS objects, 31% free, 35MB/51MB, paused 812us total 23.730ms
08-03 17:30:48.597 26488 26501 I art     : Starting a blocking GC Explicit
08-03 17:30:48.621 26488 26501 I art     : Explicit concurrent mark sweep GC freed 3(96B) AllocSpace objects, 0(0B) LOS objects, 31% free, 35MB/51MB, paused 761us total 24.359ms
08-03 17:30:48.731  1766  1766 W Atfwd_Sendcmd: AtCmdFwd service not published, waiting... retryCnt : 3
08-03 17:30:48.964 26488  4093 I art     : Starting a blocking GC Explicit
08-03 17:30:48.970   918  3261 D WifiStateMachine: starting scan for "H369AA63323"WPA_PSK with 2412,5180
08-03 17:30:48.994 26488  4093 I art     : Explicit concurrent mark sweep GC freed 1401(80KB) AllocSpace objects, 1(20KB) LOS objects, 31% free, 35MB/51MB, paused 852us total 29.441ms
08-03 17:30:48.995 26488 26499 I art     : WaitForGcToComplete blocked for 5.357ms for cause HeapTrim
08-03 17:30:49.004 26488  4093 I art     : Starting a blocking GC Explicit
08-03 17:30:49.028 26488  4093 I art     : Explicit concurrent mark sweep GC freed 20(704B) AllocSpace objects, 0(0B) LOS objects, 31% free, 35MB/51MB, paused 825us total 23.533ms
08-03 17:30:49.036 26488  4093 I art     : Starting a blocking GC Explicit
08-03 17:30:49.061 26488  4093 I art     : Explicit concurrent mark sweep GC freed 3(96B) AllocSpace objects, 0(0B) LOS objects, 31% free, 35MB/51MB, paused 896us total 24.262ms
08-03 17:30:49.070 26488  4093 I art     : Starting a blocking GC Explicit
08-03 17:30:49.093 26488  4093 I art     : Explicit concurrent mark sweep GC freed 3(96B) AllocSpace objects, 0(0B) LOS objects, 31% free, 35MB/51MB, paused 898us total 23.179ms
08-03 17:30:49.102 26488  4093 I art     : Starting a blocking GC Explicit
08-03 17:30:49.124 26488  4093 I art     : Explicit concurrent mark sweep GC freed 3(96B) AllocSpace objects, 0(0B) LOS objects, 31% free, 35MB/51MB, paused 734us total 22.364ms
08-03 17:30:49.489 26488  3854 I art     : Starting a blocking GC Explicit
08-03 17:30:49.519 26488  3854 I art     : Explicit concurrent mark sweep GC freed 1457(83KB) AllocSpace objects, 1(20KB) LOS objects, 31% free, 35MB/51MB, paused 807us total 28.759ms
08-03 17:30:49.528 26488  3854 I art     : Starting a blocking GC Explicit
08-03 17:30:49.554 26488  3854 I art     : Explicit concurrent mark sweep GC freed 66(2592B) AllocSpace objects, 0(0B) LOS objects, 31% free, 35MB/51MB, paused 801us total 25.484ms
08-03 17:30:49.563 26488  3854 I art     : Starting a blocking GC Explicit
08-03 17:30:49.588 26488  3854 I art     : Explicit concurrent mark sweep GC freed 3(96B) AllocSpace objects, 0(0B) LOS objects, 31% free, 35MB/51MB, paused 825us total 25.278ms
08-03 17:30:49.598 26488  3854 I art     : Starting a blocking GC Explicit
08-03 17:30:49.623 26488  3854 I art     : Explicit concurrent mark sweep GC freed 3(96B) AllocSpace objects, 0(0B) LOS objects, 31% free, 35MB/51MB, paused 756us total 25.522ms
08-03 17:30:49.633 26488  3854 I art     : Starting a blocking GC Explicit
08-03 17:30:49.658 26488  3854 I art     : Explicit concurrent mark sweep GC freed 3(96B) AllocSpace objects, 0(0B) LOS objects, 31% free, 35MB/51MB, paused 778us total 24.602ms
08-03 17:30:49.985 26488 26501 I art     : Starting a blocking GC Explicit
08-03 17:30:50.018 26488 26501 I art     : Explicit concurrent mark sweep GC freed 1401(80KB) AllocSpace objects, 1(20KB) LOS objects, 31% free, 35MB/51MB, paused 944us total 32.667ms
08-03 17:30:50.029 26488 26501 I art     : Starting a blocking GC Explicit
08-03 17:30:50.055 26488 26501 I art     : Explicit concurrent mark sweep GC freed 20(704B) AllocSpace objects, 0(0B) LOS objects, 31% free, 35MB/51MB, paused 802us total 25.883ms
08-03 17:30:50.064 26488 26501 I art     : Starting a blocking GC Explicit
08-03 17:30:50.090 26488 26501 I art     : Explicit concurrent mark sweep GC freed 3(96B) AllocSpace objects, 0(0B) LOS objects, 31% free, 35MB/51MB, paused 789us total 25.704ms
08-03 17:30:50.100 26488 26501 I art     : Starting a blocking GC Explicit
08-03 17:30:50.124 26488 26501 I art     : Explicit concurrent mark sweep GC freed 3(96B) AllocSpace objects, 0(0B) LOS objects, 31% free, 35MB/51MB, paused 779us total 24.525ms
08-03 17:30:50.133 26488 26501 I art     : Starting a blocking GC Explicit
08-03 17:30:50.159 26488 26501 I art     : Explicit concurrent mark sweep GC freed 3(96B) AllocSpace objects, 0(0B) LOS objects, 31% free, 35MB/51MB, paused 818us total 25.219ms
08-03 17:30:50.505 26488 26500 I art     : Starting a blocking GC Explicit
08-03 17:30:50.538 26488 26500 I art     : Explicit concurrent mark sweep GC freed 1409(81KB) AllocSpace objects, 1(20KB) LOS objects, 31% free, 35MB/51MB, paused 932us total 31.881ms
08-03 17:30:50.549 26488 26500 I art     : Starting a blocking GC Explicit
08-03 17:30:50.574 26488 26500 I art     : Explicit concurrent mark sweep GC freed 20(704B) AllocSpace objects, 0(0B) LOS objects, 31% free, 35MB/51MB, paused 781us total 25.367ms
08-03 17:30:50.584 26488 26500 I art     : Starting a blocking GC Explicit
08-03 17:30:50.609 26488 26500 I art     : Explicit concurrent mark sweep GC freed 3(96B) AllocSpace objects, 0(0B) LOS objects, 31% free, 35MB/51MB, paused 774us total 24.930ms
08-03 17:30:50.618 26488 26500 I art     : Starting a blocking GC Explicit
08-03 17:30:50.643 26488 26500 I art     : Explicit concurrent mark sweep GC freed 3(96B) AllocSpace objects, 0(0B) LOS objects, 31% free, 35MB/51MB, paused 770us total 25.005ms
08-03 17:30:50.652 26488 26500 I art     : Starting a blocking GC Explicit
08-03 17:30:50.678 26488 26500 I art     : Explicit concurrent mark sweep GC freed 3(96B) AllocSpace objects, 0(0B) LOS objects, 31% free, 35MB/51MB, paused 777us total 24.958ms
08-03 17:30:51.035 26488  5698 I art     : Starting a blocking GC Explicit
08-03 17:30:51.070 26488  5698 I art     : Explicit concurrent mark sweep GC freed 1401(80KB) AllocSpace objects, 1(20KB) LOS objects, 31% free, 35MB/51MB, paused 946us total 34.268ms
08-03 17:30:51.086 26488  5698 I art     : Starting a blocking GC Explicit
08-03 17:30:51.112 26488  5698 I art     : Explicit concurrent mark sweep GC freed 20(704B) AllocSpace objects, 0(0B) LOS objects, 31% free, 35MB/51MB, paused 792us total 25.443ms
08-03 17:30:51.122 26488  5698 I art     : Starting a blocking GC Explicit
08-03 17:30:51.147 26488  5698 I art     : Explicit concurrent mark sweep GC freed 3(96B) AllocSpace objects, 0(0B) LOS objects, 31% free, 35MB/51MB, paused 736us total 24.818ms
08-03 17:30:51.156 26488  5698 I art     : Starting a blocking GC Explicit
08-03 17:30:51.181 26488  5698 I art     : Explicit concurrent mark sweep GC freed 3(96B) AllocSpace objects, 0(0B) LOS objects, 31% free, 35MB/51MB, paused 726us total 25.522ms
08-03 17:30:51.191 26488  5698 I art     : Starting a blocking GC Explicit
08-03 17:30:51.216 26488  5698 I art     : Explicit concurrent mark sweep GC freed 3(96B) AllocSpace objects, 0(0B) LOS objects, 31% free, 35MB/51MB, paused 749us total 24.921ms
08-03 17:30:51.585 26488  4093 I art     : Starting a blocking GC Explicit
08-03 17:30:51.618 26488  4093 I art     : Explicit concurrent mark sweep GC freed 1401(80KB) AllocSpace objects, 1(20KB) LOS objects, 31% free, 35MB/51MB, paused 1.012ms total 32.706ms
08-03 17:30:51.629 26488  4093 I art     : Starting a blocking GC Explicit
08-03 17:30:51.655 26488  4093 I art     : Explicit concurrent mark sweep GC freed 20(704B) AllocSpace objects, 0(0B) LOS objects, 31% free, 35MB/51MB, paused 787us total 25.659ms
08-03 17:30:51.665 26488  4093 I art     : Starting a blocking GC Explicit
08-03 17:30:51.691 26488  4093 I art     : Explicit concurrent mark sweep GC freed 3(96B) AllocSpace objects, 0(0B) LOS objects, 31% free, 35MB/51MB, paused 786us total 25.559ms
08-03 17:30:51.700 26488  4093 I art     : Starting a blocking GC Explicit
08-03 17:30:51.725 26488  4093 I art     : Explicit concurrent mark sweep GC freed 3(96B) AllocSpace objects, 0(0B) LOS objects, 31% free, 35MB/51MB, paused 759us total 24.953ms
08-03 17:30:51.734 26488  4093 I art     : Starting a blocking GC Explicit
08-03 17:30:51.760 26488  4093 I art     : Explicit concurrent mark sweep GC freed 3(96B) AllocSpace objects, 0(0B) LOS objects, 31% free, 35MB/51MB, paused 791us total 24.977ms
08-03 17:30:52.103 26488  3854 I art     : Starting a blocking GC Explicit
08-03 17:30:52.128 26488  3854 I art     : Explicit concurrent mark sweep GC freed 1401(80KB) AllocSpace objects, 1(20KB) LOS objects, 31% free, 35MB/51MB, paused 852us total 25.300ms
08-03 17:30:52.138 26488  3854 I art     : Starting a blocking GC Explicit
08-03 17:30:52.162 26488  3854 I art     : Explicit concurrent mark sweep GC freed 20(704B) AllocSpace objects, 0(0B) LOS objects, 31% free, 35MB/51MB, paused 784us total 23.988ms
08-03 17:30:52.171 26488  3854 I art     : Starting a blocking GC Explicit
08-03 17:30:52.195 26488  3854 I art     : Explicit concurrent mark sweep GC freed 3(96B) AllocSpace objects, 0(0B) LOS objects, 31% free, 35MB/51MB, paused 761us total 24.012ms
08-03 17:30:52.204 26488  3854 I art     : Starting a blocking GC Explicit
08-03 17:30:52.229 26488  3854 I art     : Explicit concurrent mark sweep GC freed 3(96B) AllocSpace objects, 0(0B) LOS objects, 31% free, 35MB/51MB, paused 781us total 24.269ms
08-03 17:30:52.238 26488  3854 I art     : Starting a blocking GC Explicit
08-03 17:30:52.262 26488  3854 I art     : Explicit concurrent mark sweep GC freed 3(96B) AllocSpace objects, 0(0B) LOS objects, 31% free, 35MB/51MB, paused 776us total 23.812ms
08-03 17:30:52.438  5757  5757 D AndroidRuntime: >>>>>> START com.android.internal.os.RuntimeInit uid 2000 <<<<<<
08-03 17:30:52.444  5757  5757 D AndroidRuntime: CheckJNI is OFF
08-03 17:30:52.476  5757  5757 D ICU     : No timezone override file found: /data/misc/zoneinfo/current/icu/icu_tzdata.dat
08-03 17:30:52.508  5757  5757 I Radio-JNI: register_android_hardware_Radio DONE
08-03 17:30:52.529  5757  5757 D AndroidRuntime: Calling main entry com.android.commands.input.Input
08-03 17:30:52.531  5757  5757 I Input   : injectMotionEvent: MotionEvent { action=ACTION_DOWN, actionButton=0, id[0]=0, x[0]=436.0, y[0]=453.0, toolType[0]=TOOL_TYPE_UNKNOWN, buttonState=0, metaState=0, flags=0x0, edgeFlags=0x0, pointerCount=1, historySize=0, eventTime=639068943, downTime=639068943, deviceId=0, source=0x1002 }
08-03 17:30:52.535  5757  5757 I Input   : injectMotionEvent: MotionEvent { action=ACTION_UP, actionButton=0, id[0]=0, x[0]=436.0, y[0]=453.0, toolType[0]=TOOL_TYPE_UNKNOWN, buttonState=0, metaState=0, flags=0x0, edgeFlags=0x0, pointerCount=1, historySize=0, eventTime=639068943, downTime=639068943, deviceId=0, source=0x1002 }
08-03 17:30:52.537  5757  5757 D AndroidRuntime: Shutting down VM
08-03 17:30:52.553   512  2967 D audio_hw_primary: out_set_parameters: enter: usecase(1: low-latency-playback) kvpairs: routing=2
08-03 17:30:52.556   918  3670 I ActivityManager: START u0 {cmp=baseline.com.newsblur/.activity.AllSharedStoriesReading (has extras)} from uid 10625 on display 0
08-03 17:30:52.566   512  2967 D audio_hw_primary: select_devices: out_snd_device(2: speaker) in_snd_device(0: none)
08-03 17:30:52.566   512  2967 D msm8974_platform: platform_send_audio_calibration: sending audio calibration for snd_device(2) acdb_id(15)
08-03 17:30:52.567   512  2967 I soundtrigger: audio_extn_sound_trigger_update_device_status: device 0x2 of type 0 for Event 1
08-03 17:30:52.579   512  2967 D audio_hw_primary: enable_snd_device: snd_device(2: speaker)
08-03 17:30:52.582   512  2967 D audio_hw_primary: enable_audio_route: apply and update mixer path: low-latency-playback speaker
08-03 17:30:52.611 26488  3854 I art     : Starting a blocking GC Explicit
08-03 17:30:52.635 26488  3854 I art     : Explicit concurrent mark sweep GC freed 2996(239KB) AllocSpace objects, 6(580KB) LOS objects, 30% free, 37MB/53MB, paused 773us total 23.184ms
08-03 17:30:52.643 26488  3854 I art     : Starting a blocking GC Explicit
08-03 17:30:52.667 26488  3854 I art     : Explicit concurrent mark sweep GC freed 407(19KB) AllocSpace objects, 0(0B) LOS objects, 30% free, 37MB/53MB, paused 802us total 23.440ms
08-03 17:30:52.675 26488  3854 I art     : Starting a blocking GC Explicit
08-03 17:30:52.699 26488  3854 I art     : Explicit concurrent mark sweep GC freed 29(1376B) AllocSpace objects, 0(0B) LOS objects, 30% free, 37MB/53MB, paused 1.141ms total 23.492ms
08-03 17:30:52.707 26488  3854 I art     : Starting a blocking GC Explicit
08-03 17:30:52.733 26488  3854 I art     : Explicit concurrent mark sweep GC freed 160(26KB) AllocSpace objects, 1(20KB) LOS objects, 30% free, 37MB/53MB, paused 835us total 25.822ms
08-03 17:30:52.743 26488  3854 I art     : Starting a blocking GC Explicit
08-03 17:30:52.767 26488  3854 I art     : Explicit concurrent mark sweep GC freed 244(27KB) AllocSpace objects, 1(20KB) LOS objects, 29% free, 39MB/55MB, paused 1.083ms total 23.738ms
08-03 17:30:52.778 13866 13866 I GoogleInputMethodServic: GoogleInputMethodService.onFinishInput():3138 
08-03 17:30:52.779 13866 13866 I GoogleInputMethodServic: GoogleInputMethodService.onStartInput():1808 
08-03 17:30:52.801   918   936 I ActivityManager: Displayed baseline.com.newsblur/.activity.AllSharedStoriesReading: +234ms
08-03 17:30:52.811   918   929 D ConnectivityService: listenForNetwork for Listen from uid/pid:10625/26488 for NetworkRequest [ id=2246, legacyType=-1, [ Capabilities: INTERNET&NOT_RESTRICTED&TRUSTED] ]
08-03 17:30:52.970 26488  4485 E chromium: [ERROR:tile_manager.cc(793)] WARNING: tile memory limits exceeded, some content may not draw
08-03 17:30:52.971 26488  4485 E chromium: [ERROR:tile_manager.cc(793)] WARNING: tile memory limits exceeded, some content may not draw
08-03 17:30:52.987 26488  4485 E chromium: [ERROR:tile_manager.cc(793)] WARNING: tile memory limits exceeded, some content may not draw
08-03 17:30:52.987 26488  4485 E chromium: [ERROR:tile_manager.cc(793)] WARNING: tile memory limits exceeded, some content may not draw
08-03 17:30:53.050 26488 26500 I art     : Starting a blocking GC Explicit
08-03 17:30:53.076 26488 26500 I art     : Explicit concurrent mark sweep GC freed 4905(412KB) AllocSpace objects, 3(60KB) LOS objects, 28% free, 40MB/56MB, paused 711us total 26.068ms
08-03 17:30:53.085 26488 26500 I art     : Starting a blocking GC Explicit
08-03 17:30:53.111 26488 26500 I art     : Explicit concurrent mark sweep GC freed 1948(106KB) AllocSpace objects, 0(0B) LOS objects, 28% free, 40MB/56MB, paused 871us total 25.725ms
08-03 17:30:53.120 26488 26500 I art     : Starting a blocking GC Explicit
08-03 17:30:53.128   512  2967 D audio_hw_primary: disable_audio_route: reset and update mixer path: low-latency-playback speaker
08-03 17:30:53.129   512  2967 D audio_hw_primary: disable_snd_device: snd_device(2: speaker)
08-03 17:30:53.139   512  2967 I soundtrigger: audio_extn_sound_trigger_update_device_status: device 0x2 of type 0 for Event 0
08-03 17:30:53.146 26488 26500 I art     : Explicit concurrent mark sweep GC freed 3(96B) AllocSpace objects, 0(0B) LOS objects, 28% free, 40MB/56MB, paused 730us total 25.433ms
08-03 17:30:53.155 26488 26500 I art     : Starting a blocking GC Explicit
08-03 17:30:53.182 26488 26500 I art     : Explicit concurrent mark sweep GC freed 27(896B) AllocSpace objects, 0(0B) LOS objects, 28% free, 40MB/56MB, paused 787us total 26.384ms
08-03 17:30:53.191 26488 26500 I art     : Starting a blocking GC Explicit
08-03 17:30:53.219 26488 26500 I art     : Explicit concurrent mark sweep GC freed 139(17KB) AllocSpace objects, 2(48KB) LOS objects, 28% free, 40MB/56MB, paused 984us total 27.242ms
08-03 17:30:53.220 26488  4485 E chromium: [ERROR:tile_manager.cc(793)] WARNING: tile memory limits exceeded, some content may not draw
08-03 17:30:53.223 26488  4485 E chromium: [ERROR:tile_manager.cc(793)] WARNING: tile memory limits exceeded, some content may not draw
08-03 17:30:53.225 26488  4485 E chromium: [ERROR:tile_manager.cc(793)] WARNING: tile memory limits exceeded, some content may not draw
08-03 17:30:53.226 26488  4485 E chromium: [ERROR:tile_manager.cc(793)] WARNING: tile memory limits exceeded, some content may not draw
08-03 17:30:53.543 26488  4093 I art     : Starting a blocking GC Explicit
08-03 17:30:53.573 26488  4093 I art     : Explicit concurrent mark sweep GC freed 1415(81KB) AllocSpace objects, 1(20KB) LOS objects, 28% free, 40MB/56MB, paused 891us total 29.037ms
08-03 17:30:53.586 26488  4093 I art     : Starting a blocking GC Explicit
08-03 17:30:53.612 26488  4093 I art     : Explicit concurrent mark sweep GC freed 22(784B) AllocSpace objects, 0(0B) LOS objects, 28% free, 40MB/56MB, paused 857us total 25.383ms
08-03 17:30:53.621 26488  4093 I art     : Starting a blocking GC Explicit
08-03 17:30:53.647 26488  4093 I art     : Explicit concurrent mark sweep GC freed 3(96B) AllocSpace objects, 0(0B) LOS objects, 28% free, 40MB/56MB, paused 900us total 25.930ms
08-03 17:30:53.656 26488  4093 I art     : Starting a blocking GC Explicit
08-03 17:30:53.682 26488  4093 I art     : Explicit concurrent mark sweep GC freed 3(96B) AllocSpace objects, 0(0B) LOS objects, 28% free, 40MB/56MB, paused 789us total 26.250ms
08-03 17:30:53.692 26488  4093 I art     : Starting a blocking GC Explicit
08-03 17:30:53.718 26488  4093 I art     : Explicit concurrent mark sweep GC freed 3(96B) AllocSpace objects, 0(0B) LOS objects, 28% free, 40MB/56MB, paused 795us total 25.798ms
08-03 17:30:54.040 26488  3854 I art     : Starting a blocking GC Explicit
08-03 17:30:54.058 26488  4485 E chromium: [ERROR:tile_manager.cc(793)] WARNING: tile memory limits exceeded, some content may not draw
08-03 17:30:54.066 26488  4485 E chromium: [ERROR:tile_manager.cc(793)] WARNING: tile memory limits exceeded, some content may not draw
08-03 17:30:54.072 26488  3854 I art     : Explicit concurrent mark sweep GC freed 1404(81KB) AllocSpace objects, 1(20KB) LOS objects, 28% free, 40MB/56MB, paused 957us total 31.532ms
08-03 17:30:54.082 26488  3854 I art     : Starting a blocking GC Explicit
08-03 17:30:54.106 26488  3854 I art     : Explicit concurrent mark sweep GC freed 32(1088B) AllocSpace objects, 0(0B) LOS objects, 28% free, 40MB/56MB, paused 702us total 23.498ms
08-03 17:30:54.114 26488  3854 I art     : Starting a blocking GC Explicit
08-03 17:30:54.138 26488  3854 I art     : Explicit concurrent mark sweep GC freed 8(256B) AllocSpace objects, 0(0B) LOS objects, 28% free, 40MB/56MB, paused 884us total 22.901ms
08-03 17:30:54.146 26488  3854 I art     : Starting a blocking GC Explicit
08-03 17:30:54.169 26488  3854 I art     : Explicit concurrent mark sweep GC freed 11(352B) AllocSpace objects, 0(0B) LOS objects, 28% free, 40MB/56MB, paused 766us total 22.737ms
08-03 17:30:54.177 26488  3854 I art     : Starting a blocking GC Explicit
08-03 17:30:54.199 26488  3854 I art     : Explicit concurrent mark sweep GC freed 10(320B) AllocSpace objects, 0(0B) LOS objects, 28% free, 40MB/56MB, paused 743us total 22.509ms
08-03 17:30:54.550 26488  3854 I art     : Starting a blocking GC Explicit
08-03 17:30:54.577 26488  3854 I art     : Explicit concurrent mark sweep GC freed 1430(81KB) AllocSpace objects, 1(20KB) LOS objects, 28% free, 40MB/56MB, paused 858us total 27.373ms
08-03 17:30:54.587 26488  3854 I art     : Starting a blocking GC Explicit
08-03 17:30:54.615 26488  3854 I art     : Explicit concurrent mark sweep GC freed 20(704B) AllocSpace objects, 0(0B) LOS objects, 28% free, 40MB/56MB, paused 796us total 27.345ms
08-03 17:30:54.624 26488  3854 I art     : Starting a blocking GC Explicit
08-03 17:30:54.651 26488  3854 I art     : Explicit concurrent mark sweep GC freed 3(96B) AllocSpace objects, 0(0B) LOS objects, 28% free, 40MB/56MB, paused 797us total 26.737ms
08-03 17:30:54.660 26488  3854 I art     : Starting a blocking GC Explicit
08-03 17:30:54.688 26488  3854 I art     : Explicit concurrent mark sweep GC freed 3(96B) AllocSpace objects, 0(0B) LOS objects, 28% free, 40MB/56MB, paused 831us total 27.753ms
08-03 17:30:54.698 26488  3854 I art     : Starting a blocking GC Explicit
08-03 17:30:54.726 26488  3854 I art     : Explicit concurrent mark sweep GC freed 3(96B) AllocSpace objects, 0(0B) LOS objects, 28% free, 40MB/56MB, paused 803us total 28.048ms
08-03 17:30:55.085 26488 26501 I art     : Starting a blocking GC Explicit
08-03 17:30:55.129 26488 26501 I art     : Explicit concurrent mark sweep GC freed 1404(81KB) AllocSpace objects, 1(20KB) LOS objects, 28% free, 40MB/56MB, paused 1.143ms total 42.506ms
08-03 17:30:55.140 26488 26501 I art     : Starting a blocking GC Explicit
08-03 17:30:55.168 26488 26501 I art     : Explicit concurrent mark sweep GC freed 20(704B) AllocSpace objects, 0(0B) LOS objects, 28% free, 40MB/56MB, paused 869us total 27.704ms
08-03 17:30:55.177 26488 26501 I art     : Starting a blocking GC Explicit
08-03 17:30:55.205 26488 26501 I art     : Explicit concurrent mark sweep GC freed 3(96B) AllocSpace objects, 0(0B) LOS objects, 28% free, 40MB/56MB, paused 798us total 27.416ms
08-03 17:30:55.214 26488 26501 I art     : Starting a blocking GC Explicit
08-03 17:30:55.242 26488 26501 I art     : Explicit concurrent mark sweep GC freed 3(96B) AllocSpace objects, 0(0B) LOS objects, 28% free, 40MB/56MB, paused 806us total 27.371ms
08-03 17:30:55.251 26488 26501 I art     : Starting a blocking GC Explicit
08-03 17:30:55.279 26488 26501 I art     : Explicit concurrent mark sweep GC freed 3(96B) AllocSpace objects, 0(0B) LOS objects, 28% free, 40MB/56MB, paused 823us total 27.252ms
08-03 17:30:55.636 26488 26500 I art     : Starting a blocking GC Explicit
08-03 17:30:55.671 26488 26500 I art     : Explicit concurrent mark sweep GC freed 1404(81KB) AllocSpace objects, 1(20KB) LOS objects, 28% free, 40MB/56MB, paused 877us total 34.701ms
08-03 17:30:55.683 26488 26500 I art     : Starting a blocking GC Explicit
08-03 17:30:55.712 26488 26500 I art     : Explicit concurrent mark sweep GC freed 20(704B) AllocSpace objects, 0(0B) LOS objects, 28% free, 40MB/56MB, paused 801us total 28.044ms
08-03 17:30:55.721 26488 26500 I art     : Starting a blocking GC Explicit
08-03 17:30:55.749 26488 26500 I art     : Explicit concurrent mark sweep GC freed 3(96B) AllocSpace objects, 0(0B) LOS objects, 28% free, 40MB/56MB, paused 753us total 27.129ms
08-03 17:30:55.758 26488 26500 I art     : Starting a blocking GC Explicit
08-03 17:30:55.786 26488 26500 I art     : Explicit concurrent mark sweep GC freed 3(96B) AllocSpace objects, 0(0B) LOS objects, 28% free, 40MB/56MB, paused 795us total 27.454ms
08-03 17:30:55.795 26488 26500 I art     : Starting a blocking GC Explicit
08-03 17:30:55.823 26488 26500 I art     : Explicit concurrent mark sweep GC freed 3(96B) AllocSpace objects, 0(0B) LOS objects, 28% free, 40MB/56MB, paused 911us total 27.767ms
08-03 17:30:56.201 26488  5698 I art     : Starting a blocking GC Explicit
08-03 17:30:56.241 26488  5698 I art     : Explicit concurrent mark sweep GC freed 1404(81KB) AllocSpace objects, 1(20KB) LOS objects, 28% free, 40MB/56MB, paused 779us total 40.051ms
08-03 17:30:56.251 26488  5698 I art     : Starting a blocking GC Explicit
08-03 17:30:56.278 26488  5698 I art     : Explicit concurrent mark sweep GC freed 20(704B) AllocSpace objects, 0(0B) LOS objects, 28% free, 40MB/56MB, paused 813us total 27.397ms
08-03 17:30:56.288 26488  5698 I art     : Starting a blocking GC Explicit
08-03 17:30:56.315 26488  5698 I art     : Explicit concurrent mark sweep GC freed 3(96B) AllocSpace objects, 0(0B) LOS objects, 28% free, 40MB/56MB, paused 790us total 27.408ms
08-03 17:30:56.325 26488  5698 I art     : Starting a blocking GC Explicit
08-03 17:30:56.353 26488  5698 I art     : Explicit concurrent mark sweep GC freed 3(96B) AllocSpace objects, 0(0B) LOS objects, 28% free, 40MB/56MB, paused 811us total 28.346ms
08-03 17:30:56.363 26488  5698 I art     : Starting a blocking GC Explicit
08-03 17:30:56.390 26488  5698 I art     : Explicit concurrent mark sweep GC freed 3(96B) AllocSpace objects, 0(0B) LOS objects, 28% free, 40MB/56MB, paused 797us total 26.916ms
08-03 17:30:56.743 26488  4093 I art     : Starting a blocking GC Explicit
08-03 17:30:56.781 26488  4093 I art     : Explicit concurrent mark sweep GC freed 1404(81KB) AllocSpace objects, 1(20KB) LOS objects, 28% free, 40MB/56MB, paused 826us total 36.977ms
08-03 17:30:56.794 26488  4093 I art     : Starting a blocking GC Explicit
08-03 17:30:56.822 26488  4093 I art     : Explicit concurrent mark sweep GC freed 20(704B) AllocSpace objects, 0(0B) LOS objects, 28% free, 40MB/56MB, paused 805us total 27.866ms
08-03 17:30:56.831 26488  4093 I art     : Starting a blocking GC Explicit
08-03 17:30:56.859 26488  4093 I art     : Explicit concurrent mark sweep GC freed 3(96B) AllocSpace objects, 0(0B) LOS objects, 28% free, 40MB/56MB, paused 812us total 27.847ms
08-03 17:30:56.869 26488  4093 I art     : Starting a blocking GC Explicit
08-03 17:30:56.897 26488  4093 I art     : Explicit concurrent mark sweep GC freed 3(96B) AllocSpace objects, 0(0B) LOS objects, 28% free, 40MB/56MB, paused 875us total 27.545ms
08-03 17:30:56.906 26488  4093 I art     : Starting a blocking GC Explicit
08-03 17:30:56.934 26488  4093 I art     : Explicit concurrent mark sweep GC freed 3(96B) AllocSpace objects, 0(0B) LOS objects, 28% free, 40MB/56MB, paused 817us total 27.846ms
08-03 17:30:57.287 26488  3854 I art     : Starting a blocking GC Explicit
08-03 17:30:57.318 26488  3854 I art     : Explicit concurrent mark sweep GC freed 1402(80KB) AllocSpace objects, 1(20KB) LOS objects, 28% free, 40MB/56MB, paused 966us total 30.332ms
08-03 17:30:57.328 26488  3854 I art     : Starting a blocking GC Explicit
08-03 17:30:57.355 26488  3854 I art     : Explicit concurrent mark sweep GC freed 20(704B) AllocSpace objects, 0(0B) LOS objects, 28% free, 40MB/56MB, paused 825us total 27.392ms
08-03 17:30:57.365 26488  3854 I art     : Starting a blocking GC Explicit
08-03 17:30:57.393 26488  3854 I art     : Explicit concurrent mark sweep GC freed 3(96B) AllocSpace objects, 0(0B) LOS objects, 28% free, 40MB/56MB, paused 803us total 27.777ms
08-03 17:30:57.402 26488  3854 I art     : Starting a blocking GC Explicit
08-03 17:30:57.430 26488  3854 I art     : Explicit concurrent mark sweep GC freed 3(96B) AllocSpace objects, 0(0B) LOS objects, 28% free, 40MB/56MB, paused 811us total 27.808ms
08-03 17:30:57.440 26488  3854 I art     : Starting a blocking GC Explicit
08-03 17:30:57.468 26488  3854 I art     : Explicit concurrent mark sweep GC freed 3(96B) AllocSpace objects, 0(0B) LOS objects, 28% free, 40MB/56MB, paused 869us total 27.985ms
08-03 17:30:57.827 26488 26501 I art     : Starting a blocking GC Explicit
08-03 17:30:57.862 26488 26501 I art     : Explicit concurrent mark sweep GC freed 1402(80KB) AllocSpace objects, 1(20KB) LOS objects, 28% free, 40MB/56MB, paused 817us total 34.742ms
08-03 17:30:57.875 26488 26501 I art     : Starting a blocking GC Explicit
08-03 17:30:57.902 26488 26501 I art     : Explicit concurrent mark sweep GC freed 20(704B) AllocSpace objects, 0(0B) LOS objects, 28% free, 40MB/56MB, paused 786us total 27.467ms
08-03 17:30:57.912 26488 26501 I art     : Starting a blocking GC Explicit
08-03 17:30:57.940 26488 26501 I art     : Explicit concurrent mark sweep GC freed 3(96B) AllocSpace objects, 0(0B) LOS objects, 28% free, 40MB/56MB, paused 836us total 28.199ms
08-03 17:30:57.950 26488 26501 I art     : Starting a blocking GC Explicit
08-03 17:30:57.978 26488 26501 I art     : Explicit concurrent mark sweep GC freed 3(96B) AllocSpace objects, 0(0B) LOS objects, 28% free, 40MB/56MB, paused 865us total 27.945ms
08-03 17:30:57.988 26488 26501 I art     : Starting a blocking GC Explicit
08-03 17:30:58.015 26488 26501 I art     : Explicit concurrent mark sweep GC freed 3(96B) AllocSpace objects, 0(0B) LOS objects, 28% free, 40MB/56MB, paused 786us total 27.637ms
08-03 17:30:58.370 26488 26500 I art     : Starting a blocking GC Explicit
08-03 17:30:58.411 26488 26500 I art     : Explicit concurrent mark sweep GC freed 1402(80KB) AllocSpace objects, 1(20KB) LOS objects, 28% free, 40MB/56MB, paused 907us total 40.321ms
08-03 17:30:58.425 26488 26500 I art     : Starting a blocking GC Explicit
08-03 17:30:58.455 26488 26500 I art     : Explicit concurrent mark sweep GC freed 20(704B) AllocSpace objects, 0(0B) LOS objects, 28% free, 40MB/56MB, paused 797us total 30.015ms
08-03 17:30:58.465 26488 26500 I art     : Starting a blocking GC Explicit
08-03 17:30:58.493 26488 26500 I art     : Explicit concurrent mark sweep GC freed 3(96B) AllocSpace objects, 0(0B) LOS objects, 28% free, 40MB/56MB, paused 800us total 27.571ms
08-03 17:30:58.502 26488 26500 I art     : Starting a blocking GC Explicit
08-03 17:30:58.530 26488 26500 I art     : Explicit concurrent mark sweep GC freed 3(96B) AllocSpace objects, 0(0B) LOS objects, 28% free, 40MB/56MB, paused 781us total 27.660ms
08-03 17:30:58.539 26488 26500 I art     : Starting a blocking GC Explicit
08-03 17:30:58.567 26488 26500 I art     : Explicit concurrent mark sweep GC freed 3(96B) AllocSpace objects, 0(0B) LOS objects, 28% free, 40MB/56MB, paused 801us total 27.038ms
08-03 17:30:58.940 26488  5698 I art     : Starting a blocking GC Explicit
08-03 17:30:58.975 26488  5698 I art     : Explicit concurrent mark sweep GC freed 1402(80KB) AllocSpace objects, 1(20KB) LOS objects, 28% free, 40MB/56MB, paused 866us total 34.810ms
08-03 17:30:58.987 26488  5698 I art     : Starting a blocking GC Explicit
08-03 17:30:59.015 26488  5698 I art     : Explicit concurrent mark sweep GC freed 20(704B) AllocSpace objects, 0(0B) LOS objects, 28% free, 40MB/56MB, paused 760us total 27.747ms
08-03 17:30:59.025 26488  5698 I art     : Starting a blocking GC Explicit
08-03 17:30:59.053 26488  5698 I art     : Explicit concurrent mark sweep GC freed 3(96B) AllocSpace objects, 0(0B) LOS objects, 28% free, 40MB/56MB, paused 793us total 27.355ms
08-03 17:30:59.062 26488  5698 I art     : Starting a blocking GC Explicit
08-03 17:30:59.090 26488  5698 I art     : Explicit concurrent mark sweep GC freed 3(96B) AllocSpace objects, 0(0B) LOS objects, 28% free, 40MB/56MB, paused 795us total 27.696ms
08-03 17:30:59.090 26488 26499 I art     : WaitForGcToComplete blocked for 17.941ms for cause HeapTrim
08-03 17:30:59.100 26488  5698 I art     : Starting a blocking GC Explicit
08-03 17:30:59.128 26488  5698 I art     : Explicit concurrent mark sweep GC freed 3(96B) AllocSpace objects, 0(0B) LOS objects, 28% free, 40MB/56MB, paused 848us total 28.111ms
08-03 17:30:59.502 26488  4093 I art     : Starting a blocking GC Explicit
08-03 17:30:59.542 26488  4093 I art     : Explicit concurrent mark sweep GC freed 1402(80KB) AllocSpace objects, 1(20KB) LOS objects, 28% free, 40MB/56MB, paused 968us total 38.754ms
08-03 17:30:59.556 26488  4093 I art     : Starting a blocking GC Explicit
08-03 17:30:59.584 26488  4093 I art     : Explicit concurrent mark sweep GC freed 20(704B) AllocSpace objects, 0(0B) LOS objects, 28% free, 40MB/56MB, paused 799us total 27.938ms
08-03 17:30:59.593 26488  4093 I art     : Starting a blocking GC Explicit
08-03 17:30:59.621 26488  4093 I art     : Explicit concurrent mark sweep GC freed 3(96B) AllocSpace objects, 0(0B) LOS objects, 28% free, 40MB/56MB, paused 818us total 27.842ms
08-03 17:30:59.631 26488  4093 I art     : Starting a blocking GC Explicit
08-03 17:30:59.659 26488  4093 I art     : Explicit concurrent mark sweep GC freed 3(96B) AllocSpace objects, 0(0B) LOS objects, 28% free, 40MB/56MB, paused 805us total 27.358ms
08-03 17:30:59.668 26488  4093 I art     : Starting a blocking GC Explicit
08-03 17:30:59.696 26488  4093 I art     : Explicit concurrent mark sweep GC freed 3(96B) AllocSpace objects, 0(0B) LOS objects, 28% free, 40MB/56MB, paused 803us total 27.739ms
08-03 17:31:00.070 26488  3854 I art     : Starting a blocking GC Explicit
08-03 17:31:00.098 26488  3854 I art     : Explicit concurrent mark sweep GC freed 1402(80KB) AllocSpace objects, 1(20KB) LOS objects, 28% free, 40MB/56MB, paused 858us total 27.095ms
08-03 17:31:00.107 26488  3854 I art     : Starting a blocking GC Explicit
08-03 17:31:00.134 26488  3854 I art     : Explicit concurrent mark sweep GC freed 20(704B) AllocSpace objects, 0(0B) LOS objects, 28% free, 40MB/56MB, paused 815us total 27.088ms
08-03 17:31:00.144 26488  3854 I art     : Starting a blocking GC Explicit
08-03 17:31:00.171 26488  3854 I art     : Explicit concurrent mark sweep GC freed 3(96B) AllocSpace objects, 0(0B) LOS objects, 28% free, 40MB/56MB, paused 820us total 26.847ms
08-03 17:31:00.180 26488  3854 I art     : Starting a blocking GC Explicit
08-03 17:31:00.207 26488  3854 I art     : Explicit concurrent mark sweep GC freed 3(96B) AllocSpace objects, 0(0B) LOS objects, 28% free, 40MB/56MB, paused 891us total 27.122ms
08-03 17:31:00.217 26488  3854 I art     : Starting a blocking GC Explicit
08-03 17:31:00.245 26488  3854 I art     : Explicit concurrent mark sweep GC freed 3(96B) AllocSpace objects, 0(0B) LOS objects, 28% free, 40MB/56MB, paused 844us total 27.591ms
08-03 17:31:00.639 26488 26501 I art     : Starting a blocking GC Explicit
08-03 17:31:00.674 26488 26501 I art     : Explicit concurrent mark sweep GC freed 1402(80KB) AllocSpace objects, 1(20KB) LOS objects, 28% free, 40MB/56MB, paused 873us total 35.249ms
08-03 17:31:00.686 26488 26501 I art     : Starting a blocking GC Explicit
08-03 17:31:00.714 26488 26501 I art     : Explicit concurrent mark sweep GC freed 20(704B) AllocSpace objects, 0(0B) LOS objects, 28% free, 40MB/56MB, paused 830us total 28.028ms
08-03 17:31:00.724 26488 26501 I art     : Starting a blocking GC Explicit
08-03 17:31:00.751 26488 26501 I art     : Explicit concurrent mark sweep GC freed 3(96B) AllocSpace objects, 0(0B) LOS objects, 28% free, 40MB/56MB, paused 791us total 27.354ms
08-03 17:31:00.761 26488 26501 I art     : Starting a blocking GC Explicit
08-03 17:31:00.788 26488 26501 I art     : Explicit concurrent mark sweep GC freed 3(96B) AllocSpace objects, 0(0B) LOS objects, 28% free, 40MB/56MB, paused 875us total 26.931ms
08-03 17:31:00.797 26488 26501 I art     : Starting a blocking GC Explicit
08-03 17:31:00.825 26488 26501 I art     : Explicit concurrent mark sweep GC freed 3(96B) AllocSpace objects, 0(0B) LOS objects, 28% free, 40MB/56MB, paused 809us total 27.474ms
08-03 17:31:01.193 26488 26500 I art     : Starting a blocking GC Explicit
08-03 17:31:01.233 26488 26500 I art     : Explicit concurrent mark sweep GC freed 1438(82KB) AllocSpace objects, 1(20KB) LOS objects, 28% free, 40MB/56MB, paused 830us total 40.428ms
08-03 17:31:01.247 26488 26500 I art     : Starting a blocking GC Explicit
08-03 17:31:01.274 26488 26500 I art     : Explicit concurrent mark sweep GC freed 20(704B) AllocSpace objects, 0(0B) LOS objects, 28% free, 40MB/56MB, paused 750us total 26.104ms
08-03 17:31:01.283 26488 26500 I art     : Starting a blocking GC Explicit
08-03 17:31:01.310 26488 26500 I art     : Explicit concurrent mark sweep GC freed 3(96B) AllocSpace objects, 0(0B) LOS objects, 28% free, 40MB/56MB, paused 718us total 27.007ms
08-03 17:31:01.319 26488 26500 I art     : Starting a blocking GC Explicit
08-03 17:31:01.347 26488 26500 I art     : Explicit concurrent mark sweep GC freed 3(96B) AllocSpace objects, 0(0B) LOS objects, 28% free, 40MB/56MB, paused 858us total 27.599ms
08-03 17:31:01.357 26488 26500 I art     : Starting a blocking GC Explicit
08-03 17:31:01.385 26488 26500 I art     : Explicit concurrent mark sweep GC freed 3(96B) AllocSpace objects, 0(0B) LOS objects, 28% free, 40MB/56MB, paused 747us total 27.461ms
08-03 17:31:01.751 26488  5698 I art     : Starting a blocking GC Explicit
08-03 17:31:01.784 26488  5698 I art     : Explicit concurrent mark sweep GC freed 1402(80KB) AllocSpace objects, 1(20KB) LOS objects, 28% free, 40MB/56MB, paused 792us total 33.065ms
08-03 17:31:01.794 26488  5698 I art     : Starting a blocking GC Explicit
08-03 17:31:01.822 26488  5698 I art     : Explicit concurrent mark sweep GC freed 20(704B) AllocSpace objects, 0(0B) LOS objects, 28% free, 40MB/56MB, paused 781us total 27.507ms
08-03 17:31:01.831 26488  5698 I art     : Starting a blocking GC Explicit
08-03 17:31:01.860 26488  5698 I art     : Explicit concurrent mark sweep GC freed 3(96B) AllocSpace objects, 0(0B) LOS objects, 28% free, 40MB/56MB, paused 784us total 28.140ms
08-03 17:31:01.869 26488  5698 I art     : Starting a blocking GC Explicit
08-03 17:31:01.896 26488  5698 I art     : Explicit concurrent mark sweep GC freed 3(96B) AllocSpace objects, 0(0B) LOS objects, 28% free, 40MB/56MB, paused 715us total 26.566ms
08-03 17:31:01.905 26488  5698 I art     : Starting a blocking GC Explicit
08-03 17:31:01.933 26488  5698 I art     : Explicit concurrent mark sweep GC freed 3(96B) AllocSpace objects, 0(0B) LOS objects, 28% free, 40MB/56MB, paused 774us total 27.484ms
08-03 17:31:02.309 26488  4093 I art     : Starting a blocking GC Explicit
08-03 17:31:02.350 26488  4093 I art     : Explicit concurrent mark sweep GC freed 1402(80KB) AllocSpace objects, 1(20KB) LOS objects, 28% free, 40MB/56MB, paused 1.002ms total 40.122ms
08-03 17:31:02.365 26488  4093 I art     : Starting a blocking GC Explicit
08-03 17:31:02.390 26488  4093 I art     : Explicit concurrent mark sweep GC freed 20(704B) AllocSpace objects, 0(0B) LOS objects, 28% free, 40MB/56MB, paused 714us total 25.129ms
08-03 17:31:02.399 26488  4093 I art     : Starting a blocking GC Explicit
08-03 17:31:02.427 26488  4093 I art     : Explicit concurrent mark sweep GC freed 3(96B) AllocSpace objects, 0(0B) LOS objects, 28% free, 40MB/56MB, paused 786us total 26.941ms
08-03 17:31:02.436 26488  4093 I art     : Starting a blocking GC Explicit
08-03 17:31:02.464 26488  4093 I art     : Explicit concurrent mark sweep GC freed 3(96B) AllocSpace objects, 0(0B) LOS objects, 28% free, 40MB/56MB, paused 796us total 27.646ms
08-03 17:31:02.474 26488  4093 I art     : Starting a blocking GC Explicit
08-03 17:31:02.501 26488  4093 I art     : Explicit concurrent mark sweep GC freed 3(96B) AllocSpace objects, 0(0B) LOS objects, 28% free, 40MB/56MB, paused 753us total 27.536ms
08-03 17:31:02.868 26488  3854 I art     : Starting a blocking GC Explicit
08-03 17:31:02.901 26488  3854 I art     : Explicit concurrent mark sweep GC freed 1402(80KB) AllocSpace objects, 1(20KB) LOS objects, 28% free, 40MB/56MB, paused 798us total 33.340ms
08-03 17:31:02.911 26488  3854 I art     : Starting a blocking GC Explicit
08-03 17:31:02.939 26488  3854 I art     : Explicit concurrent mark sweep GC freed 20(704B) AllocSpace objects, 0(0B) LOS objects, 28% free, 40MB/56MB, paused 794us total 27.958ms
08-03 17:31:02.949 26488  3854 I art     : Starting a blocking GC Explicit
08-03 17:31:02.977 26488  3854 I art     : Explicit concurrent mark sweep GC freed 3(96B) AllocSpace objects, 0(0B) LOS objects, 28% free, 40MB/56MB, paused 889us total 28.222ms
08-03 17:31:02.987 26488  3854 I art     : Starting a blocking GC Explicit
08-03 17:31:03.013 26488  3854 I art     : Explicit concurrent mark sweep GC freed 3(96B) AllocSpace objects, 0(0B) LOS objects, 28% free, 40MB/56MB, paused 796us total 26.504ms
08-03 17:31:03.023 26488  3854 I art     : Starting a blocking GC Explicit
08-03 17:31:03.050 26488  3854 I art     : Explicit concurrent mark sweep GC freed 3(96B) AllocSpace objects, 0(0B) LOS objects, 28% free, 40MB/56MB, paused 785us total 27.224ms
08-03 17:31:03.405 26488 26501 I art     : Starting a blocking GC Explicit
08-03 17:31:03.443 26488 26501 I art     : Explicit concurrent mark sweep GC freed 1402(80KB) AllocSpace objects, 1(20KB) LOS objects, 28% free, 40MB/56MB, paused 904us total 37.115ms
08-03 17:31:03.458 26488 26501 I art     : Starting a blocking GC Explicit
08-03 17:31:03.485 26488 26501 I art     : Explicit concurrent mark sweep GC freed 20(704B) AllocSpace objects, 0(0B) LOS objects, 28% free, 40MB/56MB, paused 766us total 27.303ms
08-03 17:31:03.495 26488 26501 I art     : Starting a blocking GC Explicit
08-03 17:31:03.523 26488 26501 I art     : Explicit concurrent mark sweep GC freed 3(96B) AllocSpace objects, 0(0B) LOS objects, 28% free, 40MB/56MB, paused 788us total 27.501ms
08-03 17:31:03.532 26488 26501 I art     : Starting a blocking GC Explicit
08-03 17:31:03.559 26488 26501 I art     : Explicit concurrent mark sweep GC freed 3(96B) AllocSpace objects, 0(0B) LOS objects, 28% free, 40MB/56MB, paused 772us total 27.090ms
08-03 17:31:03.569 26488 26501 I art     : Starting a blocking GC Explicit
08-03 17:31:03.596 26488 26501 I art     : Explicit concurrent mark sweep GC freed 3(96B) AllocSpace objects, 0(0B) LOS objects, 28% free, 40MB/56MB, paused 796us total 26.875ms
08-03 17:31:03.732  1766  1766 I ServiceManager: Waiting for service AtCmdFwd...
08-03 17:31:03.979 26488 26500 I art     : Starting a blocking GC Explicit
08-03 17:31:04.015 26488 26500 I art     : Explicit concurrent mark sweep GC freed 1402(80KB) AllocSpace objects, 1(20KB) LOS objects, 28% free, 40MB/56MB, paused 856us total 35.846ms
08-03 17:31:04.028 26488 26500 I art     : Starting a blocking GC Explicit
08-03 17:31:04.056 26488 26500 I art     : Explicit concurrent mark sweep GC freed 20(704B) AllocSpace objects, 0(0B) LOS objects, 28% free, 40MB/56MB, paused 772us total 27.798ms
08-03 17:31:04.066 26488 26500 I art     : Starting a blocking GC Explicit
08-03 17:31:04.094 26488 26500 I art     : Explicit concurrent mark sweep GC freed 3(96B) AllocSpace objects, 0(0B) LOS objects, 28% free, 40MB/56MB, paused 767us total 28.173ms
08-03 17:31:04.104 26488 26500 I art     : Starting a blocking GC Explicit
08-03 17:31:04.131 26488 26500 I art     : Explicit concurrent mark sweep GC freed 3(96B) AllocSpace objects, 0(0B) LOS objects, 28% free, 40MB/56MB, paused 770us total 27.399ms
08-03 17:31:04.141 26488 26500 I art     : Starting a blocking GC Explicit
08-03 17:31:04.169 26488 26500 I art     : Explicit concurrent mark sweep GC freed 3(96B) AllocSpace objects, 0(0B) LOS objects, 28% free, 40MB/56MB, paused 794us total 27.675ms
08-03 17:31:04.511 26488  5698 I art     : Starting a blocking GC Explicit
08-03 17:31:04.547 26488  5698 I art     : Explicit concurrent mark sweep GC freed 1402(80KB) AllocSpace objects, 1(20KB) LOS objects, 28% free, 40MB/56MB, paused 822us total 34.888ms
08-03 17:31:04.559 26488  5698 I art     : Starting a blocking GC Explicit
08-03 17:31:04.588 26488  5698 I art     : Explicit concurrent mark sweep GC freed 20(704B) AllocSpace objects, 0(0B) LOS objects, 28% free, 40MB/56MB, paused 840us total 28.068ms
08-03 17:31:04.597 26488  5698 I art     : Starting a blocking GC Explicit
08-03 17:31:04.624 26488  5698 I art     : Explicit concurrent mark sweep GC freed 3(96B) AllocSpace objects, 0(0B) LOS objects, 28% free, 40MB/56MB, paused 784us total 26.472ms
08-03 17:31:04.633 26488  5698 I art     : Starting a blocking GC Explicit
08-03 17:31:04.661 26488  5698 I art     : Explicit concurrent mark sweep GC freed 3(96B) AllocSpace objects, 0(0B) LOS objects, 28% free, 40MB/56MB, paused 771us total 27.617ms
08-03 17:31:04.671 26488  5698 I art     : Starting a blocking GC Explicit
08-03 17:31:04.699 26488  5698 I art     : Explicit concurrent mark sweep GC freed 3(96B) AllocSpace objects, 0(0B) LOS objects, 28% free, 40MB/56MB, paused 780us total 28.199ms
08-03 17:31:04.733  1766  1766 I ServiceManager: Waiting for service AtCmdFwd...
08-03 17:31:04.997 26488  4093 I art     : Starting a blocking GC Explicit
08-03 17:31:05.029 26488  4093 I art     : Explicit concurrent mark sweep GC freed 1402(80KB) AllocSpace objects, 1(20KB) LOS objects, 28% free, 40MB/56MB, paused 820us total 30.866ms
08-03 17:31:05.038 26488  4093 I art     : Starting a blocking GC Explicit
08-03 17:31:05.064 26488  4093 I art     : Explicit concurrent mark sweep GC freed 20(704B) AllocSpace objects, 0(0B) LOS objects, 28% free, 40MB/56MB, paused 803us total 26.158ms
08-03 17:31:05.073 26488  4093 I art     : Starting a blocking GC Explicit
08-03 17:31:05.100 26488  4093 I art     : Explicit concurrent mark sweep GC freed 3(96B) AllocSpace objects, 0(0B) LOS objects, 28% free, 40MB/56MB, paused 738us total 25.994ms
08-03 17:31:05.109 26488  4093 I art     : Starting a blocking GC Explicit
08-03 17:31:05.135 26488  4093 I art     : Explicit concurrent mark sweep GC freed 3(96B) AllocSpace objects, 0(0B) LOS objects, 28% free, 40MB/56MB, paused 787us total 26.276ms
08-03 17:31:05.144 26488  4093 I art     : Starting a blocking GC Explicit
08-03 17:31:05.171 26488  4093 I art     : Explicit concurrent mark sweep GC freed 3(96B) AllocSpace objects, 0(0B) LOS objects, 28% free, 40MB/56MB, paused 795us total 26.568ms
08-03 17:31:05.224  6007  6007 D AndroidRuntime: >>>>>> START com.android.internal.os.RuntimeInit uid 2000 <<<<<<
08-03 17:31:05.229  6007  6007 D AndroidRuntime: CheckJNI is OFF
08-03 17:31:05.263  6007  6007 D ICU     : No timezone override file found: /data/misc/zoneinfo/current/icu/icu_tzdata.dat
08-03 17:31:05.300  6007  6007 I Radio-JNI: register_android_hardware_Radio DONE
08-03 17:31:05.325  6007  6007 D AndroidRuntime: Calling main entry com.android.commands.input.Input
08-03 17:31:05.328  6007  6007 I Input   : injectKeyEvent: KeyEvent { action=ACTION_DOWN, keyCode=KEYCODE_BACK, scanCode=0, metaState=0, flags=0x0, repeatCount=0, eventTime=639081741, downTime=639081741, deviceId=-1, source=0x101 }
08-03 17:31:05.338  6007  6007 I Input   : injectKeyEvent: KeyEvent { action=ACTION_UP, keyCode=KEYCODE_BACK, scanCode=0, metaState=0, flags=0x0, repeatCount=0, eventTime=639081741, downTime=639081741, deviceId=-1, source=0x101 }
08-03 17:31:05.344  6007  6007 D AndroidRuntime: Shutting down VM
08-03 17:31:05.358 26488 26488 D baseline.com.newsblur.service.NBSyncService: rejecting request for feedset that is exhaused
08-03 17:31:05.479 26488  4093 I art     : Starting a blocking GC Explicit
08-03 17:31:05.482 26488 26488 D baseline.com.newsblur.service.NBSyncService: rejecting request for feedset that is exhaused
08-03 17:31:05.484 13866 13866 I GoogleInputMethodServic: GoogleInputMethodService.onFinishInput():3138 
08-03 17:31:05.485 13866 13866 I GoogleInputMethodServic: GoogleInputMethodService.onStartInput():1808 
08-03 17:31:05.508 26488  4093 I art     : Explicit concurrent mark sweep GC freed 3203(252KB) AllocSpace objects, 5(100KB) LOS objects, 28% free, 40MB/56MB, paused 966us total 28.764ms
08-03 17:31:05.518 26488  4093 I art     : Starting a blocking GC Explicit
08-03 17:31:05.545 26488  4093 I art     : Explicit concurrent mark sweep GC freed 891(67KB) AllocSpace objects, 0(0B) LOS objects, 28% free, 40MB/56MB, paused 736us total 26.685ms
08-03 17:31:05.554 26488  4093 I art     : Starting a blocking GC Explicit
08-03 17:31:05.578 26488  4093 I art     : Explicit concurrent mark sweep GC freed 39(1296B) AllocSpace objects, 1(28KB) LOS objects, 28% free, 40MB/56MB, paused 799us total 23.215ms
08-03 17:31:05.586 26488  4093 I art     : Starting a blocking GC Explicit
08-03 17:31:05.609 26488  4093 I art     : Explicit concurrent mark sweep GC freed 3(96B) AllocSpace objects, 0(0B) LOS objects, 28% free, 40MB/56MB, paused 685us total 22.890ms
08-03 17:31:05.617 26488  4093 I art     : Starting a blocking GC Explicit
08-03 17:31:05.642 26488  4093 I art     : Explicit concurrent mark sweep GC freed 3(96B) AllocSpace objects, 0(0B) LOS objects, 28% free, 40MB/56MB, paused 680us total 24.498ms
08-03 17:31:05.734  1766  1766 I ServiceManager: Waiting for service AtCmdFwd...
08-03 17:31:05.951 26488  4093 I art     : Starting a blocking GC Explicit
08-03 17:31:05.977 26488  4093 I art     : Explicit concurrent mark sweep GC freed 2650(140KB) AllocSpace objects, 1(20KB) LOS objects, 28% free, 40MB/56MB, paused 701us total 25.623ms
08-03 17:31:05.986 26488  4093 I art     : Starting a blocking GC Explicit
08-03 17:31:05.988   918  3263 D ConnectivityService: releasing NetworkRequest NetworkRequest [ id=2246, legacyType=-1, [ Capabilities: INTERNET&NOT_RESTRICTED&TRUSTED] ]
08-03 17:31:06.011 26488  4093 I art     : Explicit concurrent mark sweep GC freed 5869(438KB) AllocSpace objects, 12(4MB) LOS objects, 31% free, 35MB/51MB, paused 681us total 24.137ms
08-03 17:31:06.020 26488  4093 I art     : Starting a blocking GC Explicit
08-03 17:31:06.042 26488  4093 I art     : Explicit concurrent mark sweep GC freed 29(1200B) AllocSpace objects, 0(0B) LOS objects, 31% free, 35MB/51MB, paused 688us total 21.433ms
08-03 17:31:06.050 26488  4093 I art     : Starting a blocking GC Explicit
08-03 17:31:06.072 26488  4093 I art     : Explicit concurrent mark sweep GC freed 7(224B) AllocSpace objects, 0(0B) LOS objects, 31% free, 35MB/51MB, paused 700us total 21.937ms
08-03 17:31:06.080 26488  4093 I art     : Starting a blocking GC Explicit
08-03 17:31:06.103 26488  4093 I art     : Explicit concurrent mark sweep GC freed 7(224B) AllocSpace objects, 0(0B) LOS objects, 31% free, 35MB/51MB, paused 682us total 22.150ms
08-03 17:31:06.420 26488 26500 I art     : Starting a blocking GC Explicit
08-03 17:31:06.447 26488 26500 I art     : Explicit concurrent mark sweep GC freed 1442(82KB) AllocSpace objects, 1(20KB) LOS objects, 31% free, 35MB/51MB, paused 828us total 27.482ms
08-03 17:31:06.457 26488 26500 I art     : Starting a blocking GC Explicit
08-03 17:31:06.484 26488 26500 I art     : Explicit concurrent mark sweep GC freed 25(864B) AllocSpace objects, 0(0B) LOS objects, 31% free, 35MB/51MB, paused 726us total 26.508ms
08-03 17:31:06.495 26488 26500 I art     : Starting a blocking GC Explicit
08-03 17:31:06.521 26488 26500 I art     : Explicit concurrent mark sweep GC freed 8(256B) AllocSpace objects, 0(0B) LOS objects, 31% free, 35MB/51MB, paused 723us total 25.925ms
08-03 17:31:06.532 26488 26500 I art     : Starting a blocking GC Explicit
08-03 17:31:06.559 26488 26500 I art     : Explicit concurrent mark sweep GC freed 7(224B) AllocSpace objects, 0(0B) LOS objects, 31% free, 35MB/51MB, paused 823us total 26.815ms
08-03 17:31:06.569 26488 26500 I art     : Starting a blocking GC Explicit
08-03 17:31:06.595 26488 26500 I art     : Explicit concurrent mark sweep GC freed 8(256B) AllocSpace objects, 0(0B) LOS objects, 31% free, 35MB/51MB, paused 729us total 26.565ms
08-03 17:31:06.734  1766  1766 I ServiceManager: Waiting for service AtCmdFwd...
08-03 17:31:06.908 26488 26500 I art     : Starting a blocking GC Explicit
08-03 17:31:06.937 26488 26500 I art     : Explicit concurrent mark sweep GC freed 1439(82KB) AllocSpace objects, 1(20KB) LOS objects, 31% free, 35MB/51MB, paused 886us total 28.472ms
08-03 17:31:06.949 26488 26500 I art     : Starting a blocking GC Explicit
08-03 17:31:06.974 26488 26500 I art     : Explicit concurrent mark sweep GC freed 20(704B) AllocSpace objects, 0(0B) LOS objects, 31% free, 35MB/51MB, paused 766us total 24.594ms
08-03 17:31:06.984 26488 26500 I art     : Starting a blocking GC Explicit
08-03 17:31:07.008  6061  6061 D AndroidRuntime: >>>>>> START com.android.internal.os.RuntimeInit uid 2000 <<<<<<
08-03 17:31:07.008 26488 26500 I art     : Explicit concurrent mark sweep GC freed 3(96B) AllocSpace objects, 0(0B) LOS objects, 31% free, 35MB/51MB, paused 886us total 24.209ms
08-03 17:31:07.013  6061  6061 D AndroidRuntime: CheckJNI is OFF
08-03 17:31:07.017 26488 26500 I art     : Starting a blocking GC Explicit
08-03 17:31:07.041 26488 26500 I art     : Explicit concurrent mark sweep GC freed 3(96B) AllocSpace objects, 0(0B) LOS objects, 31% free, 35MB/51MB, paused 773us total 23.769ms
08-03 17:31:07.050 26488 26500 I art     : Starting a blocking GC Explicit
08-03 17:31:07.050  6061  6061 D ICU     : No timezone override file found: /data/misc/zoneinfo/current/icu/icu_tzdata.dat
08-03 17:31:07.073 26488 26500 I art     : Explicit concurrent mark sweep GC freed 3(96B) AllocSpace objects, 0(0B) LOS objects, 31% free, 35MB/51MB, paused 761us total 23.665ms
08-03 17:31:07.086  6061  6061 I Radio-JNI: register_android_hardware_Radio DONE
08-03 17:31:07.106  6061  6061 D AndroidRuntime: Calling main entry com.android.commands.input.Input
08-03 17:31:07.108  6061  6061 I Input   : injectMotionEvent: MotionEvent { action=ACTION_DOWN, actionButton=0, id[0]=0, x[0]=435.0, y[0]=858.0, toolType[0]=TOOL_TYPE_UNKNOWN, buttonState=0, metaState=0, flags=0x0, edgeFlags=0x0, pointerCount=1, historySize=0, eventTime=639083520, downTime=639083520, deviceId=0, source=0x1002 }
08-03 17:31:07.113  6061  6061 I Input   : injectMotionEvent: MotionEvent { action=ACTION_UP, actionButton=0, id[0]=0, x[0]=435.0, y[0]=858.0, toolType[0]=TOOL_TYPE_UNKNOWN, buttonState=0, metaState=0, flags=0x0, edgeFlags=0x0, pointerCount=1, historySize=0, eventTime=639083520, downTime=639083520, deviceId=0, source=0x1002 }
08-03 17:31:07.114  6061  6061 D AndroidRuntime: Shutting down VM
08-03 17:31:07.120   512  2967 D audio_hw_primary: out_set_parameters: enter: usecase(1: low-latency-playback) kvpairs: routing=2
08-03 17:31:07.123   918  4400 I ActivityManager: START u0 {cmp=baseline.com.newsblur/.activity.AllSharedStoriesReading (has extras)} from uid 10625 on display 0
08-03 17:31:07.132   512  2967 D audio_hw_primary: select_devices: out_snd_device(2: speaker) in_snd_device(0: none)
08-03 17:31:07.133   512  2967 D msm8974_platform: platform_send_audio_calibration: sending audio calibration for snd_device(2) acdb_id(15)
08-03 17:31:07.133   512  2967 I soundtrigger: audio_extn_sound_trigger_update_device_status: device 0x2 of type 0 for Event 1
08-03 17:31:07.153   512  2967 D audio_hw_primary: enable_snd_device: snd_device(2: speaker)
08-03 17:31:07.155   512  2967 D audio_hw_primary: enable_audio_route: apply and update mixer path: low-latency-playback speaker
08-03 17:31:07.348 13866 13866 I GoogleInputMethodServic: GoogleInputMethodService.onFinishInput():3138 
08-03 17:31:07.349 13866 13866 I GoogleInputMethodServic: GoogleInputMethodService.onStartInput():1808 
08-03 17:31:07.355 26488  5698 I art     : Starting a blocking GC Explicit
08-03 17:31:07.378   918   936 I ActivityManager: Displayed baseline.com.newsblur/.activity.AllSharedStoriesReading: +248ms
08-03 17:31:07.383 26488  5698 I art     : Explicit concurrent mark sweep GC freed 3811(309KB) AllocSpace objects, 8(620KB) LOS objects, 29% free, 39MB/55MB, paused 1.013ms total 27.631ms
08-03 17:31:07.393 26488  5698 I art     : Starting a blocking GC Explicit
08-03 17:31:07.397   918  6110 D ConnectivityService: listenForNetwork for Listen from uid/pid:10625/26488 for NetworkRequest [ id=2247, legacyType=-1, [ Capabilities: INTERNET&NOT_RESTRICTED&TRUSTED] ]
08-03 17:31:07.418 26488  5698 I art     : Explicit concurrent mark sweep GC freed 2064(109KB) AllocSpace objects, 1(20KB) LOS objects, 28% free, 39MB/55MB, paused 1.078ms total 25.072ms
08-03 17:31:07.427 26488  5698 I art     : Starting a blocking GC Explicit
08-03 17:31:07.460 26488  5698 I art     : Explicit concurrent mark sweep GC freed 973(61KB) AllocSpace objects, 1(20KB) LOS objects, 28% free, 40MB/56MB, paused 1.280ms total 32.283ms
08-03 17:31:07.469 26488  5698 I art     : Starting a blocking GC Explicit
08-03 17:31:07.498 26488  5698 I art     : Explicit concurrent mark sweep GC freed 1308(73KB) AllocSpace objects, 1(20KB) LOS objects, 28% free, 40MB/56MB, paused 1.464ms total 28.985ms
08-03 17:31:07.510 26488  5698 I art     : Starting a blocking GC Explicit
08-03 17:31:07.536 26488  5698 I art     : Explicit concurrent mark sweep GC freed 800(145KB) AllocSpace objects, 0(0B) LOS objects, 28% free, 40MB/56MB, paused 820us total 26.646ms
08-03 17:31:07.579 26488  3843 E SQLiteLog: (9) statement aborts at 27: [SELECT authors,short_content,timestamp,sharedDate,stories.feed_id,stories._id,intelligence_authors,intelligence_feed,intelligence_tags,intelligence_total,intelligence_title,permalink,r
08-03 17:31:07.602 26488  4485 E chromium: [ERROR:tile_manager.cc(793)] WARNING: tile memory limits exceeded, some content may not draw
08-03 17:31:07.605 26488  4485 E chromium: [ERROR:tile_manager.cc(793)] WARNING: tile memory limits exceeded, some content may not draw
08-03 17:31:07.652 26488  4485 E chromium: [ERROR:tile_manager.cc(793)] WARNING: tile memory limits exceeded, some content may not draw
08-03 17:31:07.652 26488  4485 E chromium: [ERROR:tile_manager.cc(793)] WARNING: tile memory limits exceeded, some content may not draw
08-03 17:31:07.669 26488  4485 E chromium: [ERROR:tile_manager.cc(793)] WARNING: tile memory limits exceeded, some content may not draw
08-03 17:31:07.669 26488  4485 E chromium: [ERROR:tile_manager.cc(793)] WARNING: tile memory limits exceeded, some content may not draw
08-03 17:31:07.686 26488  4485 E chromium: [ERROR:tile_manager.cc(793)] WARNING: tile memory limits exceeded, some content may not draw
08-03 17:31:07.686 26488  4485 E chromium: [ERROR:tile_manager.cc(793)] WARNING: tile memory limits exceeded, some content may not draw
08-03 17:31:07.688   512  2967 D audio_hw_primary: disable_audio_route: reset and update mixer path: low-latency-playback speaker
08-03 17:31:07.689   512  2967 D audio_hw_primary: disable_snd_device: snd_device(2: speaker)
08-03 17:31:07.696   512  2967 I soundtrigger: audio_extn_sound_trigger_update_device_status: device 0x2 of type 0 for Event 0
08-03 17:31:07.721 26488  4485 E chromium: [ERROR:tile_manager.cc(793)] WARNING: tile memory limits exceeded, some content may not draw
08-03 17:31:07.721 26488  4485 E chromium: [ERROR:tile_manager.cc(793)] WARNING: tile memory limits exceeded, some content may not draw
08-03 17:31:07.734  1766  1766 I ServiceManager: Waiting for service AtCmdFwd...
08-03 17:31:07.809 26488  4485 E chromium: [ERROR:tile_manager.cc(793)] WARNING: tile memory limits exceeded, some content may not draw
08-03 17:31:07.814 26488  4485 E chromium: [ERROR:tile_manager.cc(793)] WARNING: tile memory limits exceeded, some content may not draw
08-03 17:31:07.815 26488  4485 E chromium: [ERROR:tile_manager.cc(793)] WARNING: tile memory limits exceeded, some content may not draw
08-03 17:31:07.817 26488  4485 E chromium: [ERROR:tile_manager.cc(793)] WARNING: tile memory limits exceeded, some content may not draw
08-03 17:31:07.821 26488  4485 E chromium: [ERROR:tile_manager.cc(793)] WARNING: tile memory limits exceeded, some content may not draw
08-03 17:31:07.822 26488  4485 E chromium: [ERROR:tile_manager.cc(793)] WARNING: tile memory limits exceeded, some content may not draw
08-03 17:31:07.823 26488  4485 E chromium: [ERROR:tile_manager.cc(793)] WARNING: tile memory limits exceeded, some content may not draw
08-03 17:31:07.823 26488  4485 E chromium: [ERROR:tile_manager.cc(793)] WARNING: tile memory limits exceeded, some content may not draw
08-03 17:31:07.850 26488 26501 I art     : Starting a blocking GC Explicit
08-03 17:31:07.881 26488 26501 I art     : Explicit concurrent mark sweep GC freed 6838(586KB) AllocSpace objects, 10(208KB) LOS objects, 28% free, 40MB/56MB, paused 827us total 31.454ms
08-03 17:31:07.890 26488 26501 I art     : Starting a blocking GC Explicit
08-03 17:31:07.915 26488 26501 I art     : Explicit concurrent mark sweep GC freed 3080(239KB) AllocSpace objects, 0(0B) LOS objects, 28% free, 40MB/56MB, paused 820us total 24.509ms
08-03 17:31:07.923 26488 26501 I art     : Starting a blocking GC Explicit
08-03 17:31:07.949 26488 26501 I art     : Explicit concurrent mark sweep GC freed 3(96B) AllocSpace objects, 0(0B) LOS objects, 28% free, 40MB/56MB, paused 804us total 26.233ms
08-03 17:31:07.958 26488 26501 I art     : Starting a blocking GC Explicit
08-03 17:31:07.985 26488 26501 I art     : Explicit concurrent mark sweep GC freed 3(96B) AllocSpace objects, 0(0B) LOS objects, 28% free, 40MB/56MB, paused 905us total 26.848ms
08-03 17:31:07.995 26488 26501 I art     : Starting a blocking GC Explicit
08-03 17:31:08.022 26488 26501 I art     : Explicit concurrent mark sweep GC freed 3(96B) AllocSpace objects, 0(0B) LOS objects, 28% free, 40MB/56MB, paused 843us total 27.170ms
08-03 17:31:08.071 26488  4485 E chromium: [ERROR:tile_manager.cc(793)] WARNING: tile memory limits exceeded, some content may not draw
08-03 17:31:08.072 26488  4485 E chromium: [ERROR:tile_manager.cc(793)] WARNING: tile memory limits exceeded, some content may not draw
08-03 17:31:08.086 26488  4485 E chromium: [ERROR:tile_manager.cc(793)] WARNING: tile memory limits exceeded, some content may not draw
08-03 17:31:08.105 26488  4485 E chromium: [ERROR:tile_manager.cc(793)] WARNING: tile memory limits exceeded, some content may not draw
08-03 17:31:08.149 26488  6096 D MY_TAG  : 0, 554
08-03 17:31:08.266   518   646 I ThermalEngine: ACTION: GPU - Setting GPU[0] to 450000000
08-03 17:31:08.342 26488 26500 I art     : Starting a blocking GC Explicit
08-03 17:31:08.381 26488 26500 I art     : Explicit concurrent mark sweep GC freed 4756(285KB) AllocSpace objects, 6(260KB) LOS objects, 28% free, 40MB/56MB, paused 1.224ms total 38.453ms
08-03 17:31:08.395 26488 26500 I art     : Starting a blocking GC Explicit
08-03 17:31:08.429 26488 26500 I art     : Explicit concurrent mark sweep GC freed 1000(118KB) AllocSpace objects, 0(0B) LOS objects, 28% free, 40MB/56MB, paused 1.113ms total 33.322ms
08-03 17:31:08.441 26488 26500 I art     : Starting a blocking GC Explicit
08-03 17:31:08.476 26488 26500 I art     : Explicit concurrent mark sweep GC freed 3(96B) AllocSpace objects, 0(0B) LOS objects, 28% free, 40MB/56MB, paused 1.154ms total 34.761ms
08-03 17:31:08.488 26488 26500 I art     : Starting a blocking GC Explicit
08-03 17:31:08.523 26488 26500 I art     : Explicit concurrent mark sweep GC freed 3(96B) AllocSpace objects, 0(0B) LOS objects, 28% free, 40MB/56MB, paused 1.183ms total 34.487ms
08-03 17:31:08.536 26488 26500 I art     : Starting a blocking GC Explicit
08-03 17:31:08.571 26488 26500 I art     : Explicit concurrent mark sweep GC freed 1638(64KB) AllocSpace objects, 0(0B) LOS objects, 28% free, 40MB/56MB, paused 1.180ms total 35.170ms
08-03 17:31:08.594 26488  6096 D MY_TAG  : 0, 420
08-03 17:31:08.675 26488  4485 E chromium: [ERROR:tile_manager.cc(793)] WARNING: tile memory limits exceeded, some content may not draw
08-03 17:31:08.678 26488  4485 E chromium: [ERROR:tile_manager.cc(793)] WARNING: tile memory limits exceeded, some content may not draw
08-03 17:31:08.678 26488  4485 E chromium: [ERROR:tile_manager.cc(793)] WARNING: tile memory limits exceeded, some content may not draw
08-03 17:31:08.678 26488  4485 E chromium: [ERROR:tile_manager.cc(793)] WARNING: tile memory limits exceeded, some content may not draw
08-03 17:31:08.683 26488  4485 E chromium: [ERROR:tile_manager.cc(793)] WARNING: tile memory limits exceeded, some content may not draw
08-03 17:31:08.683 26488  4485 E chromium: [ERROR:tile_manager.cc(793)] WARNING: tile memory limits exceeded, some content may not draw
08-03 17:31:08.709 26488  4485 E chromium: [ERROR:tile_manager.cc(793)] WARNING: tile memory limits exceeded, some content may not draw
08-03 17:31:08.711 26488  4485 E chromium: [ERROR:tile_manager.cc(793)] WARNING: tile memory limits exceeded, some content may not draw
08-03 17:31:08.736  1766  1766 W Atfwd_Sendcmd: AtCmdFwd service not published, waiting... retryCnt : 4
08-03 17:31:08.920 26488 26500 I art     : Starting a blocking GC Explicit
08-03 17:31:08.964 26488 26500 I art     : Explicit concurrent mark sweep GC freed 5329(529KB) AllocSpace objects, 21(428KB) LOS objects, 28% free, 40MB/56MB, paused 977us total 43.945ms
08-03 17:31:08.972   918  3261 D WifiStateMachine: starting scan for "H369AA63323"WPA_PSK with 2412,5180
08-03 17:31:08.979 26488 26500 I art     : Starting a blocking GC Explicit
08-03 17:31:09.011 26488 26500 I art     : Explicit concurrent mark sweep GC freed 2153(111KB) AllocSpace objects, 1(28KB) LOS objects, 28% free, 40MB/56MB, paused 971us total 32.454ms
08-03 17:31:09.023 26488 26500 I art     : Starting a blocking GC Explicit
08-03 17:31:09.058 26488 26500 I art     : Explicit concurrent mark sweep GC freed 3(96B) AllocSpace objects, 0(0B) LOS objects, 28% free, 40MB/56MB, paused 1.129ms total 34.809ms
08-03 17:31:09.070 26488 26500 I art     : Starting a blocking GC Explicit
08-03 17:31:09.107 26488 26500 I art     : Explicit concurrent mark sweep GC freed 3(96B) AllocSpace objects, 0(0B) LOS objects, 28% free, 40MB/56MB, paused 1.214ms total 36.472ms
08-03 17:31:09.120 26488 26500 I art     : Starting a blocking GC Explicit
08-03 17:31:09.158 26488 26500 I art     : Explicit concurrent mark sweep GC freed 3(96B) AllocSpace objects, 0(0B) LOS objects, 28% free, 40MB/56MB, paused 1.279ms total 37.810ms
08-03 17:31:09.545 26488  4093 I art     : Starting a blocking GC Explicit
08-03 17:31:09.589 26488  4093 I art     : Explicit concurrent mark sweep GC freed 1407(81KB) AllocSpace objects, 1(20KB) LOS objects, 28% free, 40MB/56MB, paused 1.125ms total 43.263ms
08-03 17:31:09.601 26488  4093 I art     : Starting a blocking GC Explicit
08-03 17:31:09.640 26488  4093 I art     : Explicit concurrent mark sweep GC freed 20(704B) AllocSpace objects, 0(0B) LOS objects, 28% free, 40MB/56MB, paused 1.085ms total 38.189ms
08-03 17:31:09.652 26488  4093 I art     : Starting a blocking GC Explicit
08-03 17:31:09.690 26488  4093 I art     : Explicit concurrent mark sweep GC freed 3(96B) AllocSpace objects, 0(0B) LOS objects, 28% free, 40MB/56MB, paused 1.023ms total 37.689ms
08-03 17:31:09.702 26488  4093 I art     : Starting a blocking GC Explicit
08-03 17:31:09.740 26488  4093 I art     : Explicit concurrent mark sweep GC freed 3(96B) AllocSpace objects, 0(0B) LOS objects, 28% free, 40MB/56MB, paused 1.085ms total 38.042ms
08-03 17:31:09.753 26488  4093 I art     : Starting a blocking GC Explicit
08-03 17:31:09.793 26488  4093 I art     : Explicit concurrent mark sweep GC freed 3(96B) AllocSpace objects, 0(0B) LOS objects, 28% free, 40MB/56MB, paused 1.069ms total 40.001ms
08-03 17:31:10.186 26488  5698 I art     : Starting a blocking GC Explicit
08-03 17:31:10.230 26488  5698 I art     : Explicit concurrent mark sweep GC freed 1404(81KB) AllocSpace objects, 1(20KB) LOS objects, 28% free, 40MB/56MB, paused 1.209ms total 43.385ms
08-03 17:31:10.244 26488  5698 I art     : Starting a blocking GC Explicit
08-03 17:31:10.282 26488  5698 I art     : Explicit concurrent mark sweep GC freed 20(704B) AllocSpace objects, 0(0B) LOS objects, 28% free, 40MB/56MB, paused 1.087ms total 37.680ms
08-03 17:31:10.294 26488  5698 I art     : Starting a blocking GC Explicit
08-03 17:31:10.330 26488  5698 I art     : Explicit concurrent mark sweep GC freed 3(96B) AllocSpace objects, 0(0B) LOS objects, 28% free, 40MB/56MB, paused 1.091ms total 35.961ms
08-03 17:31:10.343 26488  5698 I art     : Starting a blocking GC Explicit
08-03 17:31:10.381 26488  5698 I art     : Explicit concurrent mark sweep GC freed 3(96B) AllocSpace objects, 0(0B) LOS objects, 28% free, 40MB/56MB, paused 1.081ms total 37.898ms
08-03 17:31:10.394 26488  5698 I art     : Starting a blocking GC Explicit
08-03 17:31:10.432 26488  5698 I art     : Explicit concurrent mark sweep GC freed 3(96B) AllocSpace objects, 0(0B) LOS objects, 28% free, 40MB/56MB, paused 1.036ms total 37.812ms
08-03 17:31:10.815 26488 26501 I art     : Starting a blocking GC Explicit
08-03 17:31:10.891 26488 26501 I art     : Explicit concurrent mark sweep GC freed 1403(80KB) AllocSpace objects, 1(20KB) LOS objects, 28% free, 40MB/56MB, paused 1.766ms total 74.873ms
08-03 17:31:10.911 26488 26501 I art     : Starting a blocking GC Explicit
08-03 17:31:10.947 26488 26501 I art     : Explicit concurrent mark sweep GC freed 20(704B) AllocSpace objects, 0(0B) LOS objects, 28% free, 40MB/56MB, paused 1.111ms total 36.094ms
08-03 17:31:10.959 26488 26501 I art     : Starting a blocking GC Explicit
08-03 17:31:10.994 26488 26501 I art     : Explicit concurrent mark sweep GC freed 3(96B) AllocSpace objects, 0(0B) LOS objects, 28% free, 40MB/56MB, paused 1.005ms total 34.451ms
08-03 17:31:11.006 26488 26501 I art     : Starting a blocking GC Explicit
08-03 17:31:11.042 26488 26501 I art     : Explicit concurrent mark sweep GC freed 3(96B) AllocSpace objects, 0(0B) LOS objects, 28% free, 40MB/56MB, paused 1.051ms total 35.431ms
08-03 17:31:11.054 26488 26501 I art     : Starting a blocking GC Explicit
08-03 17:31:11.090 26488 26501 I art     : Explicit concurrent mark sweep GC freed 3(96B) AllocSpace objects, 0(0B) LOS objects, 28% free, 40MB/56MB, paused 1.073ms total 35.559ms
08-03 17:31:11.481 26488  3854 I art     : Starting a blocking GC Explicit
08-03 17:31:11.523 26488  3854 I art     : Explicit concurrent mark sweep GC freed 1405(81KB) AllocSpace objects, 1(20KB) LOS objects, 28% free, 40MB/56MB, paused 1.145ms total 41.067ms
08-03 17:31:11.536 26488  3854 I art     : Starting a blocking GC Explicit
08-03 17:31:11.571 26488  3854 I art     : Explicit concurrent mark sweep GC freed 20(704B) AllocSpace objects, 0(0B) LOS objects, 28% free, 40MB/56MB, paused 1.081ms total 34.562ms
08-03 17:31:11.583 26488  3854 I art     : Starting a blocking GC Explicit
08-03 17:31:11.620 26488  3854 I art     : Explicit concurrent mark sweep GC freed 3(96B) AllocSpace objects, 0(0B) LOS objects, 28% free, 40MB/56MB, paused 1.066ms total 36.135ms
08-03 17:31:11.632 26488  3854 I art     : Starting a blocking GC Explicit
08-03 17:31:11.667 26488  3854 I art     : Explicit concurrent mark sweep GC freed 3(96B) AllocSpace objects, 0(0B) LOS objects, 28% free, 40MB/56MB, paused 1.024ms total 34.669ms
08-03 17:31:11.679 26488  3854 I art     : Starting a blocking GC Explicit
08-03 17:31:11.715 26488  3854 I art     : Explicit concurrent mark sweep GC freed 3(96B) AllocSpace objects, 0(0B) LOS objects, 28% free, 40MB/56MB, paused 1.080ms total 35.658ms
08-03 17:31:11.905  6174  6174 D AndroidRuntime: >>>>>> START com.android.internal.os.RuntimeInit uid 2000 <<<<<<
08-03 17:31:11.912  6174  6174 D AndroidRuntime: CheckJNI is OFF
08-03 17:31:11.953  6174  6174 D ICU     : No timezone override file found: /data/misc/zoneinfo/current/icu/icu_tzdata.dat
08-03 17:31:11.995  6174  6174 I Radio-JNI: register_android_hardware_Radio DONE
08-03 17:31:12.024  6174  6174 D AndroidRuntime: Calling main entry com.android.commands.input.Input
08-03 17:31:12.026  6174  6174 I Input   : injectKeyEvent: KeyEvent { action=ACTION_DOWN, keyCode=KEYCODE_BACK, scanCode=0, metaState=0, flags=0x0, repeatCount=0, eventTime=639088439, downTime=639088439, deviceId=-1, source=0x101 }
08-03 17:31:12.031  6174  6174 I Input   : injectKeyEvent: KeyEvent { action=ACTION_UP, keyCode=KEYCODE_BACK, scanCode=0, metaState=0, flags=0x0, repeatCount=0, eventTime=639088439, downTime=639088439, deviceId=-1, source=0x101 }
08-03 17:31:12.037  6174  6174 D AndroidRuntime: Shutting down VM
08-03 17:31:12.053 26488 26488 D baseline.com.newsblur.service.NBSyncService: rejecting request for feedset that is exhaused
08-03 17:31:12.111 26488 26501 I art     : Starting a blocking GC Explicit
08-03 17:31:12.145 26488 26501 I art     : Explicit concurrent mark sweep GC freed 1656(121KB) AllocSpace objects, 3(60KB) LOS objects, 28% free, 40MB/56MB, paused 1.082ms total 34.064ms
08-03 17:31:12.157 26488 26501 I art     : Starting a blocking GC Explicit
08-03 17:31:12.192 26488 26501 I art     : Explicit concurrent mark sweep GC freed 634(45KB) AllocSpace objects, 1(20KB) LOS objects, 28% free, 40MB/56MB, paused 1.055ms total 34.163ms
08-03 17:31:12.203 26488 26501 I art     : Starting a blocking GC Explicit
08-03 17:31:12.207 26488 26488 D baseline.com.newsblur.service.NBSyncService: rejecting request for feedset that is exhaused
08-03 17:31:12.209 13866 13866 I GoogleInputMethodServic: GoogleInputMethodService.onFinishInput():3138 
08-03 17:31:12.210 13866 13866 I GoogleInputMethodServic: GoogleInputMethodService.onStartInput():1808 
08-03 17:31:12.235 26488 26501 I art     : Explicit concurrent mark sweep GC freed 994(88KB) AllocSpace objects, 1(20KB) LOS objects, 28% free, 40MB/56MB, paused 1.099ms total 31.969ms
08-03 17:31:12.248 26488 26501 I art     : Starting a blocking GC Explicit
08-03 17:31:12.275   518   646 I ThermalEngine: ACTION: GPU - Setting GPU[0] to 510000000
08-03 17:31:12.281 26488 26501 I art     : Explicit concurrent mark sweep GC freed 1071(80KB) AllocSpace objects, 1(20KB) LOS objects, 28% free, 40MB/56MB, paused 1.159ms total 32.783ms
08-03 17:31:12.293 26488 26501 I art     : Starting a blocking GC Explicit
08-03 17:31:12.323 26488 26501 I art     : Explicit concurrent mark sweep GC freed 52(2032B) AllocSpace objects, 1(28KB) LOS objects, 28% free, 40MB/56MB, paused 846us total 29.914ms
08-03 17:31:12.622 26488 26501 I art     : Starting a blocking GC Explicit
08-03 17:31:12.651 26488 26501 I art     : Explicit concurrent mark sweep GC freed 3091(161KB) AllocSpace objects, 1(20KB) LOS objects, 28% free, 40MB/56MB, paused 772us total 28.797ms
08-03 17:31:12.661 26488 26501 I art     : Starting a blocking GC Explicit
08-03 17:31:12.667   918  3263 D ConnectivityService: releasing NetworkRequest NetworkRequest [ id=2247, legacyType=-1, [ Capabilities: INTERNET&NOT_RESTRICTED&TRUSTED] ]
08-03 17:31:12.689 26488 26501 I art     : Explicit concurrent mark sweep GC freed 7195(543KB) AllocSpace objects, 12(4MB) LOS objects, 31% free, 35MB/51MB, paused 779us total 27.345ms
08-03 17:31:12.699 26488 26501 I art     : Starting a blocking GC Explicit
08-03 17:31:12.720 26488 26501 I art     : Explicit concurrent mark sweep GC freed 40(1792B) AllocSpace objects, 0(0B) LOS objects, 31% free, 35MB/51MB, paused 714us total 21.011ms
08-03 17:31:12.729 26488 26501 I art     : Starting a blocking GC Explicit
08-03 17:31:12.751 26488 26501 I art     : Explicit concurrent mark sweep GC freed 6(192B) AllocSpace objects, 0(0B) LOS objects, 31% free, 35MB/51MB, paused 773us total 21.818ms
08-03 17:31:12.759 26488 26501 I art     : Starting a blocking GC Explicit
08-03 17:31:12.783 26488 26501 I art     : Explicit concurrent mark sweep GC freed 7(224B) AllocSpace objects, 0(0B) LOS objects, 31% free, 35MB/51MB, paused 763us total 23.723ms
08-03 17:31:13.113 26488  5698 I art     : Starting a blocking GC Explicit
08-03 17:31:13.143 26488  5698 I art     : Explicit concurrent mark sweep GC freed 1446(82KB) AllocSpace objects, 1(20KB) LOS objects, 31% free, 35MB/51MB, paused 806us total 29.059ms
08-03 17:31:13.155 26488  5698 I art     : Starting a blocking GC Explicit
08-03 17:31:13.183 26488  5698 I art     : Explicit concurrent mark sweep GC freed 24(832B) AllocSpace objects, 0(0B) LOS objects, 31% free, 35MB/51MB, paused 879us total 27.556ms
08-03 17:31:13.192 26488  5698 I art     : Starting a blocking GC Explicit
08-03 17:31:13.218 26488  5698 I art     : Explicit concurrent mark sweep GC freed 7(224B) AllocSpace objects, 0(0B) LOS objects, 31% free, 35MB/51MB, paused 805us total 25.630ms
08-03 17:31:13.227 26488  5698 I art     : Starting a blocking GC Explicit
08-03 17:31:13.254 26488  5698 I art     : Explicit concurrent mark sweep GC freed 7(224B) AllocSpace objects, 0(0B) LOS objects, 31% free, 35MB/51MB, paused 782us total 26.827ms
08-03 17:31:13.264 26488  5698 I art     : Starting a blocking GC Explicit
08-03 17:31:13.278   518   646 I ThermalEngine: ACTION: GPU - Setting GPU[0] to 450000000
08-03 17:31:13.294 26488  5698 I art     : Explicit concurrent mark sweep GC freed 9(288B) AllocSpace objects, 0(0B) LOS objects, 31% free, 35MB/51MB, paused 1.085ms total 30.060ms
08-03 17:31:13.638 26488  4093 I art     : Starting a blocking GC Explicit
08-03 17:31:13.673 26488  4093 I art     : Explicit concurrent mark sweep GC freed 1444(82KB) AllocSpace objects, 1(20KB) LOS objects, 31% free, 35MB/51MB, paused 1.081ms total 34.622ms
08-03 17:31:13.685 26488  4093 I art     : Starting a blocking GC Explicit
08-03 17:31:13.717 26488  4093 I art     : Explicit concurrent mark sweep GC freed 20(704B) AllocSpace objects, 0(0B) LOS objects, 31% free, 35MB/51MB, paused 1.044ms total 31.515ms
08-03 17:31:13.728 26488  4093 I art     : Starting a blocking GC Explicit
08-03 17:31:13.760 26488  4093 I art     : Explicit concurrent mark sweep GC freed 3(96B) AllocSpace objects, 0(0B) LOS objects, 31% free, 35MB/51MB, paused 1.100ms total 31.822ms
08-03 17:31:13.772 26488  4093 I art     : Starting a blocking GC Explicit
08-03 17:31:13.804 26488  4093 I art     : Explicit concurrent mark sweep GC freed 3(96B) AllocSpace objects, 0(0B) LOS objects, 31% free, 35MB/51MB, paused 1.110ms total 32.444ms
08-03 17:31:13.816 26488  4093 I art     : Starting a blocking GC Explicit
08-03 17:31:13.845  6225  6225 D AndroidRuntime: >>>>>> START com.android.internal.os.RuntimeInit uid 2000 <<<<<<
08-03 17:31:13.848 26488  4093 I art     : Explicit concurrent mark sweep GC freed 3(96B) AllocSpace objects, 0(0B) LOS objects, 31% free, 35MB/51MB, paused 1.151ms total 31.675ms
08-03 17:31:13.851  6225  6225 D AndroidRuntime: CheckJNI is OFF
08-03 17:31:13.896  6225  6225 D ICU     : No timezone override file found: /data/misc/zoneinfo/current/icu/icu_tzdata.dat
08-03 17:31:13.941  6225  6225 I Radio-JNI: register_android_hardware_Radio DONE
08-03 17:31:13.971  6225  6225 D AndroidRuntime: Calling main entry com.android.commands.input.Input
08-03 17:31:13.975  6225  6225 I Input   : injectKeyEvent: KeyEvent { action=ACTION_DOWN, keyCode=KEYCODE_BACK, scanCode=0, metaState=0, flags=0x0, repeatCount=0, eventTime=639090387, downTime=639090387, deviceId=-1, source=0x101 }
08-03 17:31:13.988  6225  6225 I Input   : injectKeyEvent: KeyEvent { action=ACTION_UP, keyCode=KEYCODE_BACK, scanCode=0, metaState=0, flags=0x0, repeatCount=0, eventTime=639090387, downTime=639090387, deviceId=-1, source=0x101 }
08-03 17:31:13.995  6225  6225 D AndroidRuntime: Shutting down VM
08-03 17:31:14.174 26488 26500 I art     : Starting a blocking GC Explicit
08-03 17:31:14.176 13866 13866 I GoogleInputMethodServic: GoogleInputMethodService.onFinishInput():3138 
08-03 17:31:14.177 13866 13866 I GoogleInputMethodServic: GoogleInputMethodService.onStartInput():1808 
08-03 17:31:14.193 26488  6285 I baseline.com.newsblur.service.NBSyncService: recounting dirty feed sets: 1
08-03 17:31:14.212 26488 26500 I art     : Explicit concurrent mark sweep GC freed 15037(1001KB) AllocSpace objects, 18(360KB) LOS objects, 31% free, 35MB/51MB, paused 2.098ms total 37.155ms
08-03 17:31:14.223 26488 26500 I art     : Starting a blocking GC Explicit
08-03 17:31:14.253 26488 26500 I art     : Explicit concurrent mark sweep GC freed 623(21KB) AllocSpace objects, 0(0B) LOS objects, 31% free, 35MB/51MB, paused 1.177ms total 29.508ms
08-03 17:31:14.264 26488 26500 I art     : Starting a blocking GC Explicit
08-03 17:31:14.293 26488 26500 I art     : Explicit concurrent mark sweep GC freed 71(4KB) AllocSpace objects, 0(0B) LOS objects, 31% free, 35MB/51MB, paused 1.006ms total 28.372ms
08-03 17:31:14.304 26488 26500 I art     : Starting a blocking GC Explicit
08-03 17:31:14.334 26488 26500 I art     : Explicit concurrent mark sweep GC freed 13(1456B) AllocSpace objects, 0(0B) LOS objects, 31% free, 35MB/51MB, paused 1.001ms total 29.398ms
08-03 17:31:14.346 26488 26500 I art     : Starting a blocking GC Explicit
08-03 17:31:14.380 26488 26500 I art     : Explicit concurrent mark sweep GC freed 976(103KB) AllocSpace objects, 0(0B) LOS objects, 31% free, 35MB/51MB, paused 1.016ms total 33.607ms
08-03 17:31:14.736 26488  5698 I art     : Starting a blocking GC Explicit
08-03 17:31:14.750 26488  6285 I NAPPA_EXPERIMENTATION: MetricNetworkRequestExecutionTime: REQUEST_DURATION_SYSTEM='555',REQUEST_DURATION_OKHTTP='37',REQUEST_SYNCHRONOUS='TRUE',RESPONSE_CODE='200',RESPONSE_METHOD='GET',RESPONSE_LENGTH_OKHTTP='-1',RESPONSE_LENGTH_HEADER='-2',REQUEST_PROTOCOL='http/1.1',REQUEST_URL='https://www.newsblur.com/reader/feed_unread_count?feed_id=5762506',
08-03 17:31:14.751 26488  6285 D MY_TAG  : 0, 555
08-03 17:31:14.774 26488  5698 I art     : Explicit concurrent mark sweep GC freed 7342(410KB) AllocSpace objects, 7(280KB) LOS objects, 30% free, 35MB/51MB, paused 1.382ms total 37.243ms
08-03 17:31:14.787 26488  5698 I art     : Starting a blocking GC Explicit
08-03 17:31:14.818 26488  5698 I art     : Explicit concurrent mark sweep GC freed 16484(1219KB) AllocSpace objects, 15(1448KB) LOS objects, 31% free, 34MB/50MB, paused 1.143ms total 30.293ms
08-03 17:31:14.829 26488  5698 I art     : Starting a blocking GC Explicit
08-03 17:31:14.857 26488  5698 I art     : Explicit concurrent mark sweep GC freed 2120(126KB) AllocSpace objects, 1(20KB) LOS objects, 32% free, 33MB/49MB, paused 1.019ms total 27.968ms
08-03 17:31:14.867 26488  5698 I art     : Starting a blocking GC Explicit
08-03 17:31:14.894 26488  5698 I art     : Explicit concurrent mark sweep GC freed 483(17KB) AllocSpace objects, 0(0B) LOS objects, 32% free, 33MB/49MB, paused 1.150ms total 26.107ms
08-03 17:31:14.905 26488  5698 I art     : Starting a blocking GC Explicit
08-03 17:31:14.933 26488  5698 I art     : Explicit concurrent mark sweep GC freed 8(256B) AllocSpace objects, 0(0B) LOS objects, 32% free, 33MB/49MB, paused 960us total 27.064ms
08-03 17:31:15.285 26488  3854 I art     : Starting a blocking GC Explicit
08-03 17:31:15.314 26488  3854 I art     : Explicit concurrent mark sweep GC freed 2229(114KB) AllocSpace objects, 1(20KB) LOS objects, 32% free, 33MB/49MB, paused 1.018ms total 28.615ms
08-03 17:31:15.326 26488  3854 I art     : Starting a blocking GC Explicit
08-03 17:31:15.354 26488  3854 I art     : Explicit concurrent mark sweep GC freed 25(864B) AllocSpace objects, 0(0B) LOS objects, 32% free, 33MB/49MB, paused 1.138ms total 28.297ms
08-03 17:31:15.365 26488  3854 I art     : Starting a blocking GC Explicit
08-03 17:31:15.392 26488  3854 I art     : Explicit concurrent mark sweep GC freed 6(192B) AllocSpace objects, 0(0B) LOS objects, 32% free, 33MB/49MB, paused 1.021ms total 26.928ms
08-03 17:31:15.404 26488  3854 I art     : Starting a blocking GC Explicit
08-03 17:31:15.431 26488  3854 I art     : Explicit concurrent mark sweep GC freed 9(288B) AllocSpace objects, 0(0B) LOS objects, 32% free, 33MB/49MB, paused 962us total 26.626ms
08-03 17:31:15.442 26488  3854 I art     : Starting a blocking GC Explicit
08-03 17:31:15.469 26488  3854 I art     : Explicit concurrent mark sweep GC freed 7(224B) AllocSpace objects, 0(0B) LOS objects, 32% free, 33MB/49MB, paused 1.027ms total 26.315ms
08-03 17:31:15.751  6310  6310 D AndroidRuntime: >>>>>> START com.android.internal.os.RuntimeInit uid 2000 <<<<<<
08-03 17:31:15.757  6310  6310 D AndroidRuntime: CheckJNI is OFF
08-03 17:31:15.798  6310  6310 D ICU     : No timezone override file found: /data/misc/zoneinfo/current/icu/icu_tzdata.dat
08-03 17:31:15.817 26488  3854 I art     : Starting a blocking GC Explicit
08-03 17:31:15.842  6310  6310 I Radio-JNI: register_android_hardware_Radio DONE
08-03 17:31:15.844 26488  3854 I art     : Explicit concurrent mark sweep GC freed 1415(81KB) AllocSpace objects, 1(20KB) LOS objects, 32% free, 33MB/49MB, paused 1.126ms total 27.103ms
08-03 17:31:15.855 26488  3854 I art     : Starting a blocking GC Explicit
08-03 17:31:15.871  6310  6310 D AndroidRuntime: Calling main entry com.android.commands.input.Input
08-03 17:31:15.873  6310  6310 I Input   : injectMotionEvent: MotionEvent { action=ACTION_DOWN, actionButton=0, id[0]=0, x[0]=553.0, y[0]=442.0, toolType[0]=TOOL_TYPE_UNKNOWN, buttonState=0, metaState=0, flags=0x0, edgeFlags=0x0, pointerCount=1, historySize=0, eventTime=639092286, downTime=639092286, deviceId=0, source=0x1002 }
08-03 17:31:15.882 26488  3854 I art     : Explicit concurrent mark sweep GC freed 20(704B) AllocSpace objects, 0(0B) LOS objects, 32% free, 33MB/49MB, paused 950us total 27.048ms
08-03 17:31:15.883  6310  6310 I Input   : injectMotionEvent: MotionEvent { action=ACTION_UP, actionButton=0, id[0]=0, x[0]=553.0, y[0]=442.0, toolType[0]=TOOL_TYPE_UNKNOWN, buttonState=0, metaState=0, flags=0x0, edgeFlags=0x0, pointerCount=1, historySize=0, eventTime=639092286, downTime=639092286, deviceId=0, source=0x1002 }
08-03 17:31:15.885  6310  6310 D AndroidRuntime: Shutting down VM
08-03 17:31:15.893 26488  3854 I art     : Starting a blocking GC Explicit
08-03 17:31:15.921 26488  3854 I art     : Explicit concurrent mark sweep GC freed 41(1680B) AllocSpace objects, 0(0B) LOS objects, 32% free, 33MB/49MB, paused 1.030ms total 28.137ms
08-03 17:31:15.931 26488  3854 I art     : Starting a blocking GC Explicit
08-03 17:31:15.954   918  3696 I ActivityManager: START u0 {cmp=baseline.com.newsblur/.activity.AllSharedStoriesItemsList (has extras)} from uid 10625 on display 0
08-03 17:31:15.958 26488  3854 I art     : Explicit concurrent mark sweep GC freed 460(66KB) AllocSpace objects, 0(0B) LOS objects, 32% free, 33MB/49MB, paused 1.130ms total 25.822ms
08-03 17:31:15.968 26488  3854 I art     : Starting a blocking GC Explicit
08-03 17:31:15.980 26488  4465 I baseline.com.newsblur.database.BlurDatabaseHelper: reading session reset
08-03 17:31:15.997 26488  3854 I art     : Explicit concurrent mark sweep GC freed 973(126KB) AllocSpace objects, 6(244KB) LOS objects, 32% free, 33MB/49MB, paused 1.336ms total 29.145ms
08-03 17:31:16.191 26488 26488 D baseline.com.newsblur.service.NBSyncService: rejecting request for feedset that is exhaused
08-03 17:31:16.198 26488 26488 W View    : requestLayout() improperly called by android.widget.FrameLayout{ff7d4f3 V.E...... ......ID 0,0-1440,18 #7f07003f app:id/footer_view_inner} during layout: running second layout pass
08-03 17:31:16.198 26488 26488 W View    : requestLayout() improperly called by android.widget.FrameLayout{659e5b0 V.E...... ......ID 0,0-1440,2091 #7f07003f app:id/footer_view_inner} during layout: running second layout pass
08-03 17:31:16.220 13866 13866 I GoogleInputMethodServic: GoogleInputMethodService.onFinishInput():3138 
08-03 17:31:16.220   918   936 I ActivityManager: Displayed baseline.com.newsblur/.activity.AllSharedStoriesItemsList: +257ms
08-03 17:31:16.221 13866 13866 I GoogleInputMethodServic: GoogleInputMethodService.onStartInput():1808 
08-03 17:31:16.330 26488  5698 I art     : Starting a blocking GC Explicit
08-03 17:31:16.351 26488  4129 I NAPPA_EXPERIMENTATION: MetricNetworkRequestExecutionTime: REQUEST_DURATION_SYSTEM='97',REQUEST_DURATION_OKHTTP='96',REQUEST_SYNCHRONOUS='TRUE',RESPONSE_CODE='200',RESPONSE_METHOD='GET',RESPONSE_LENGTH_OKHTTP='43',RESPONSE_LENGTH_HEADER='43',REQUEST_PROTOCOL='http/1.1',REQUEST_URL='http://feeds.feedburner.com/~r/retort/~4/UffaFMiJbNs',
08-03 17:31:16.366 26488  5698 I art     : Explicit concurrent mark sweep GC freed 5055(332KB) AllocSpace objects, 10(200KB) LOS objects, 31% free, 35MB/51MB, paused 1.518ms total 35.731ms
08-03 17:31:16.376 26488  5698 I art     : Starting a blocking GC Explicit
08-03 17:31:16.403 26488  5698 I art     : Explicit concurrent mark sweep GC freed 1373(122KB) AllocSpace objects, 0(0B) LOS objects, 31% free, 35MB/51MB, paused 950us total 26.792ms
08-03 17:31:16.414 26488  5698 I art     : Starting a blocking GC Explicit
08-03 17:31:16.440 26488  5698 I art     : Explicit concurrent mark sweep GC freed 3(96B) AllocSpace objects, 0(0B) LOS objects, 31% free, 35MB/51MB, paused 1.008ms total 26.400ms
08-03 17:31:16.451 26488  5698 I art     : Starting a blocking GC Explicit
08-03 17:31:16.477 26488  5698 I art     : Explicit concurrent mark sweep GC freed 158(18KB) AllocSpace objects, 1(20KB) LOS objects, 31% free, 35MB/51MB, paused 1.046ms total 26.180ms
08-03 17:31:16.488 26488  5698 I art     : Starting a blocking GC Explicit
08-03 17:31:16.515 26488  5698 I art     : Explicit concurrent mark sweep GC freed 67(2896B) AllocSpace objects, 0(0B) LOS objects, 31% free, 35MB/51MB, paused 981us total 26.580ms
08-03 17:31:16.848 26488  5698 I art     : Starting a blocking GC Explicit
08-03 17:31:16.879 26488  5698 I art     : Explicit concurrent mark sweep GC freed 1599(89KB) AllocSpace objects, 1(20KB) LOS objects, 31% free, 35MB/51MB, paused 1.076ms total 30.946ms
08-03 17:31:16.891 26488  5698 I art     : Starting a blocking GC Explicit
08-03 17:31:16.921 26488  5698 I art     : Explicit concurrent mark sweep GC freed 20(704B) AllocSpace objects, 0(0B) LOS objects, 31% free, 35MB/51MB, paused 1.038ms total 30.159ms
08-03 17:31:16.932 26488  5698 I art     : Starting a blocking GC Explicit
08-03 17:31:16.962 26488  5698 I art     : Explicit concurrent mark sweep GC freed 3(96B) AllocSpace objects, 0(0B) LOS objects, 31% free, 35MB/51MB, paused 1.020ms total 29.856ms
08-03 17:31:16.974 26488  5698 I art     : Starting a blocking GC Explicit
08-03 17:31:17.005 26488  5698 I art     : Explicit concurrent mark sweep GC freed 3(96B) AllocSpace objects, 0(0B) LOS objects, 31% free, 35MB/51MB, paused 1.047ms total 30.686ms
08-03 17:31:17.016 26488  5698 I art     : Starting a blocking GC Explicit
08-03 17:31:17.047 26488  5698 I art     : Explicit concurrent mark sweep GC freed 3(96B) AllocSpace objects, 0(0B) LOS objects, 31% free, 35MB/51MB, paused 1.099ms total 30.933ms
08-03 17:31:17.398 26488  4093 I art     : Starting a blocking GC Explicit
08-03 17:31:17.428 26488  4093 I art     : Explicit concurrent mark sweep GC freed 1410(81KB) AllocSpace objects, 1(20KB) LOS objects, 31% free, 35MB/51MB, paused 1.051ms total 29.196ms
08-03 17:31:17.439 26488  4093 I art     : Starting a blocking GC Explicit
08-03 17:31:17.469 26488  4093 I art     : Explicit concurrent mark sweep GC freed 25(864B) AllocSpace objects, 0(0B) LOS objects, 31% free, 35MB/51MB, paused 1.095ms total 29.543ms
08-03 17:31:17.480 26488  4093 I art     : Starting a blocking GC Explicit
08-03 17:31:17.512 26488  4093 I art     : Explicit concurrent mark sweep GC freed 8(256B) AllocSpace objects, 0(0B) LOS objects, 31% free, 35MB/51MB, paused 1.001ms total 31.523ms
08-03 17:31:17.524 26488  4093 I art     : Starting a blocking GC Explicit
08-03 17:31:17.554 26488  4093 I art     : Explicit concurrent mark sweep GC freed 8(256B) AllocSpace objects, 0(0B) LOS objects, 31% free, 35MB/51MB, paused 1.042ms total 30.012ms
08-03 17:31:17.566 26488  4093 I art     : Starting a blocking GC Explicit
08-03 17:31:17.599 26488  4093 I art     : Explicit concurrent mark sweep GC freed 8(256B) AllocSpace objects, 0(0B) LOS objects, 31% free, 35MB/51MB, paused 2.862ms total 33.010ms
08-03 17:31:17.972 26488 26501 I art     : Starting a blocking GC Explicit
08-03 17:31:18.018 26488 26501 I art     : Explicit concurrent mark sweep GC freed 1403(81KB) AllocSpace objects, 1(20KB) LOS objects, 31% free, 35MB/51MB, paused 1.252ms total 45.106ms
08-03 17:31:18.034 26488 26501 I art     : Starting a blocking GC Explicit
08-03 17:31:18.068 26488 26501 I art     : Explicit concurrent mark sweep GC freed 20(704B) AllocSpace objects, 0(0B) LOS objects, 31% free, 35MB/51MB, paused 1.195ms total 33.627ms
08-03 17:31:18.079 26488 26501 I art     : Starting a blocking GC Explicit
08-03 17:31:18.112 26488 26501 I art     : Explicit concurrent mark sweep GC freed 3(96B) AllocSpace objects, 0(0B) LOS objects, 31% free, 35MB/51MB, paused 1.089ms total 32.779ms
08-03 17:31:18.124 26488 26501 I art     : Starting a blocking GC Explicit
08-03 17:31:18.157 26488 26501 I art     : Explicit concurrent mark sweep GC freed 3(96B) AllocSpace objects, 0(0B) LOS objects, 31% free, 35MB/51MB, paused 1.137ms total 32.952ms
08-03 17:31:18.169 26488 26501 I art     : Starting a blocking GC Explicit
08-03 17:31:18.203 26488 26501 I art     : Explicit concurrent mark sweep GC freed 3(96B) AllocSpace objects, 0(0B) LOS objects, 31% free, 35MB/51MB, paused 1.120ms total 33.438ms
08-03 17:31:18.594 26488  3854 I art     : Starting a blocking GC Explicit
08-03 17:31:18.628 26488  3854 I art     : Explicit concurrent mark sweep GC freed 1403(81KB) AllocSpace objects, 1(20KB) LOS objects, 31% free, 35MB/51MB, paused 1.161ms total 33.862ms
08-03 17:31:18.640 26488  3854 I art     : Starting a blocking GC Explicit
08-03 17:31:18.673 26488  3854 I art     : Explicit concurrent mark sweep GC freed 20(704B) AllocSpace objects, 0(0B) LOS objects, 31% free, 35MB/51MB, paused 1.073ms total 32.830ms
08-03 17:31:18.685 26488  3854 I art     : Starting a blocking GC Explicit
08-03 17:31:18.718 26488  3854 I art     : Explicit concurrent mark sweep GC freed 3(96B) AllocSpace objects, 0(0B) LOS objects, 31% free, 35MB/51MB, paused 1.098ms total 33.125ms
08-03 17:31:18.730 26488  3854 I art     : Starting a blocking GC Explicit
08-03 17:31:18.763 26488  3854 I art     : Explicit concurrent mark sweep GC freed 3(96B) AllocSpace objects, 0(0B) LOS objects, 31% free, 35MB/51MB, paused 1.040ms total 32.676ms
08-03 17:31:18.775 26488  3854 I art     : Starting a blocking GC Explicit
08-03 17:31:18.809 26488  3854 I art     : Explicit concurrent mark sweep GC freed 3(96B) AllocSpace objects, 0(0B) LOS objects, 31% free, 35MB/51MB, paused 1.136ms total 33.590ms
08-03 17:31:19.186 26488  5698 I art     : Starting a blocking GC Explicit
08-03 17:31:19.231 26488  5698 I art     : Explicit concurrent mark sweep GC freed 1401(80KB) AllocSpace objects, 1(20KB) LOS objects, 31% free, 35MB/51MB, paused 1.244ms total 44.533ms
08-03 17:31:19.247 26488  5698 I art     : Starting a blocking GC Explicit
08-03 17:31:19.280 26488  5698 I art     : Explicit concurrent mark sweep GC freed 20(704B) AllocSpace objects, 0(0B) LOS objects, 31% free, 35MB/51MB, paused 1.055ms total 32.929ms
08-03 17:31:19.291 26488  5698 I art     : Starting a blocking GC Explicit
08-03 17:31:19.325 26488  5698 I art     : Explicit concurrent mark sweep GC freed 3(96B) AllocSpace objects, 0(0B) LOS objects, 31% free, 35MB/51MB, paused 1.007ms total 33.628ms
08-03 17:31:19.337 26488  5698 I art     : Starting a blocking GC Explicit
08-03 17:31:19.371 26488  5698 I art     : Explicit concurrent mark sweep GC freed 3(96B) AllocSpace objects, 0(0B) LOS objects, 31% free, 35MB/51MB, paused 1.035ms total 33.282ms
08-03 17:31:19.383 26488  5698 I art     : Starting a blocking GC Explicit
08-03 17:31:19.416 26488  5698 I art     : Explicit concurrent mark sweep GC freed 3(96B) AllocSpace objects, 0(0B) LOS objects, 31% free, 35MB/51MB, paused 1.090ms total 33.463ms
08-03 17:31:19.796 26488  4093 I art     : Starting a blocking GC Explicit
08-03 17:31:19.842 26488  4093 I art     : Explicit concurrent mark sweep GC freed 1402(82KB) AllocSpace objects, 1(20KB) LOS objects, 31% free, 35MB/51MB, paused 1.243ms total 45.946ms
08-03 17:31:19.859 26488  4093 I art     : Starting a blocking GC Explicit
08-03 17:31:19.897 26488  4093 I art     : Explicit concurrent mark sweep GC freed 20(704B) AllocSpace objects, 0(0B) LOS objects, 31% free, 35MB/51MB, paused 1.146ms total 37.107ms
08-03 17:31:19.909 26488  4093 I art     : Starting a blocking GC Explicit
08-03 17:31:19.944 26488  4093 I art     : Explicit concurrent mark sweep GC freed 3(96B) AllocSpace objects, 0(0B) LOS objects, 31% free, 35MB/51MB, paused 1.125ms total 33.782ms
08-03 17:31:19.955 26488  4093 I art     : Starting a blocking GC Explicit
08-03 17:31:19.990 26488  4093 I art     : Explicit concurrent mark sweep GC freed 3(96B) AllocSpace objects, 0(0B) LOS objects, 31% free, 35MB/51MB, paused 1.037ms total 34.168ms
08-03 17:31:20.001 26488  4093 I art     : Starting a blocking GC Explicit
08-03 17:31:20.034 26488  4093 I art     : Explicit concurrent mark sweep GC freed 3(96B) AllocSpace objects, 0(0B) LOS objects, 31% free, 35MB/51MB, paused 1.111ms total 32.181ms
08-03 17:31:20.428 26488 26500 I art     : Starting a blocking GC Explicit
08-03 17:31:20.474 26488 26500 I art     : Explicit concurrent mark sweep GC freed 1402(80KB) AllocSpace objects, 1(20KB) LOS objects, 31% free, 35MB/51MB, paused 1.236ms total 46.029ms
08-03 17:31:20.491 26488 26500 I art     : Starting a blocking GC Explicit
08-03 17:31:20.528 26488 26500 I art     : Explicit concurrent mark sweep GC freed 20(704B) AllocSpace objects, 0(0B) LOS objects, 31% free, 35MB/51MB, paused 1.140ms total 35.681ms
08-03 17:31:20.539 26488 26500 I art     : Starting a blocking GC Explicit
08-03 17:31:20.574 26488 26500 I art     : Explicit concurrent mark sweep GC freed 3(96B) AllocSpace objects, 0(0B) LOS objects, 31% free, 35MB/51MB, paused 1.105ms total 34.337ms
08-03 17:31:20.586 26488 26500 I art     : Starting a blocking GC Explicit
08-03 17:31:20.619 26488 26500 I art     : Explicit concurrent mark sweep GC freed 3(96B) AllocSpace objects, 0(0B) LOS objects, 31% free, 35MB/51MB, paused 1.132ms total 33.111ms
08-03 17:31:20.631 26488 26500 I art     : Starting a blocking GC Explicit
08-03 17:31:20.664 26488 26500 I art     : Explicit concurrent mark sweep GC freed 3(96B) AllocSpace objects, 0(0B) LOS objects, 31% free, 35MB/51MB, paused 1.078ms total 32.042ms
08-03 17:31:21.049 26488 26501 I art     : Starting a blocking GC Explicit
08-03 17:31:21.088 26488 26501 I art     : Explicit concurrent mark sweep GC freed 1401(80KB) AllocSpace objects, 1(20KB) LOS objects, 31% free, 35MB/51MB, paused 1.286ms total 38.973ms
08-03 17:31:21.102 26488 26501 I art     : Starting a blocking GC Explicit
08-03 17:31:21.136 26488 26501 I art     : Explicit concurrent mark sweep GC freed 20(704B) AllocSpace objects, 0(0B) LOS objects, 31% free, 35MB/51MB, paused 1.052ms total 33.438ms
08-03 17:31:21.148 26488 26501 I art     : Starting a blocking GC Explicit
08-03 17:31:21.182 26488 26501 I art     : Explicit concurrent mark sweep GC freed 3(96B) AllocSpace objects, 0(0B) LOS objects, 31% free, 35MB/51MB, paused 1.112ms total 33.908ms
08-03 17:31:21.194 26488 26501 I art     : Starting a blocking GC Explicit
08-03 17:31:21.227 26488 26501 I art     : Explicit concurrent mark sweep GC freed 3(96B) AllocSpace objects, 0(0B) LOS objects, 31% free, 35MB/51MB, paused 1.162ms total 32.980ms
08-03 17:31:21.239 26488 26501 I art     : Starting a blocking GC Explicit
08-03 17:31:21.272 26488 26501 I art     : Explicit concurrent mark sweep GC freed 3(96B) AllocSpace objects, 0(0B) LOS objects, 31% free, 35MB/51MB, paused 1.046ms total 32.090ms
08-03 17:31:21.664 26488  3854 I art     : Starting a blocking GC Explicit
08-03 17:31:21.705 26488  3854 I art     : Explicit concurrent mark sweep GC freed 1401(80KB) AllocSpace objects, 1(20KB) LOS objects, 31% free, 35MB/51MB, paused 1.169ms total 41.017ms
08-03 17:31:21.720 26488  3854 I art     : Starting a blocking GC Explicit
08-03 17:31:21.759 26488  3854 I art     : Explicit concurrent mark sweep GC freed 20(704B) AllocSpace objects, 0(0B) LOS objects, 31% free, 35MB/51MB, paused 1.139ms total 38.380ms
08-03 17:31:21.774 26488  3854 I art     : Starting a blocking GC Explicit
08-03 17:31:21.811 26488  3854 I art     : Explicit concurrent mark sweep GC freed 3(96B) AllocSpace objects, 0(0B) LOS objects, 31% free, 35MB/51MB, paused 1.017ms total 36.464ms
08-03 17:31:21.823 26488  3854 I art     : Starting a blocking GC Explicit
08-03 17:31:21.858 26488  3854 I art     : Explicit concurrent mark sweep GC freed 3(96B) AllocSpace objects, 0(0B) LOS objects, 31% free, 35MB/51MB, paused 1.213ms total 34.116ms
08-03 17:31:21.869 26488  3854 I art     : Starting a blocking GC Explicit
08-03 17:31:21.902 26488  3854 I art     : Explicit concurrent mark sweep GC freed 3(96B) AllocSpace objects, 0(0B) LOS objects, 31% free, 35MB/51MB, paused 1.116ms total 32.383ms
08-03 17:31:22.292   518   646 I ThermalEngine: ACTION: GPU - Setting GPU[0] to 510000000
08-03 17:31:22.298 26488  5698 I art     : Starting a blocking GC Explicit
08-03 17:31:22.335 26488  5698 I art     : Explicit concurrent mark sweep GC freed 1401(80KB) AllocSpace objects, 1(20KB) LOS objects, 31% free, 35MB/51MB, paused 934us total 37.049ms
08-03 17:31:22.348 26488  5698 I art     : Starting a blocking GC Explicit
08-03 17:31:22.379 26488  5698 I art     : Explicit concurrent mark sweep GC freed 20(704B) AllocSpace objects, 0(0B) LOS objects, 31% free, 35MB/51MB, paused 812us total 29.833ms
08-03 17:31:22.388 26488  5698 I art     : Starting a blocking GC Explicit
08-03 17:31:22.413 26488  5698 I art     : Explicit concurrent mark sweep GC freed 3(96B) AllocSpace objects, 0(0B) LOS objects, 31% free, 35MB/51MB, paused 770us total 24.548ms
08-03 17:31:22.422 26488  5698 I art     : Starting a blocking GC Explicit
08-03 17:31:22.446 26488  5698 I art     : Explicit concurrent mark sweep GC freed 3(96B) AllocSpace objects, 0(0B) LOS objects, 31% free, 35MB/51MB, paused 809us total 24.615ms
08-03 17:31:22.456 26488  5698 I art     : Starting a blocking GC Explicit
08-03 17:31:22.480 26488  5698 I art     : Explicit concurrent mark sweep GC freed 3(96B) AllocSpace objects, 0(0B) LOS objects, 31% free, 35MB/51MB, paused 794us total 24.554ms
08-03 17:31:22.846 26488  4093 I art     : Starting a blocking GC Explicit
08-03 17:31:22.882 26488  4093 I art     : Explicit concurrent mark sweep GC freed 1401(80KB) AllocSpace objects, 1(20KB) LOS objects, 31% free, 35MB/51MB, paused 853us total 34.892ms
08-03 17:31:22.895 26488  4093 I art     : Starting a blocking GC Explicit
08-03 17:31:22.919 26488  4093 I art     : Explicit concurrent mark sweep GC freed 20(704B) AllocSpace objects, 0(0B) LOS objects, 31% free, 35MB/51MB, paused 793us total 24.220ms
08-03 17:31:22.928 26488  4093 I art     : Starting a blocking GC Explicit
08-03 17:31:22.953 26488  4093 I art     : Explicit concurrent mark sweep GC freed 3(96B) AllocSpace objects, 0(0B) LOS objects, 31% free, 35MB/51MB, paused 799us total 24.875ms
08-03 17:31:22.962 26488  4093 I art     : Starting a blocking GC Explicit
08-03 17:31:22.987 26488  4093 I art     : Explicit concurrent mark sweep GC freed 3(96B) AllocSpace objects, 0(0B) LOS objects, 31% free, 35MB/51MB, paused 877us total 24.725ms
08-03 17:31:22.997 26488  4093 I art     : Starting a blocking GC Explicit
08-03 17:31:23.021 26488  4093 I art     : Explicit concurrent mark sweep GC freed 3(96B) AllocSpace objects, 0(0B) LOS objects, 31% free, 35MB/51MB, paused 758us total 24.487ms
08-03 17:31:23.366 26488 26500 I art     : Starting a blocking GC Explicit
08-03 17:31:23.402 26488 26500 I art     : Explicit concurrent mark sweep GC freed 1401(80KB) AllocSpace objects, 1(20KB) LOS objects, 31% free, 35MB/51MB, paused 919us total 35.554ms
08-03 17:31:23.413 26488 26500 I art     : Starting a blocking GC Explicit
08-03 17:31:23.439 26488 26500 I art     : Explicit concurrent mark sweep GC freed 20(704B) AllocSpace objects, 0(0B) LOS objects, 31% free, 35MB/51MB, paused 802us total 24.988ms
08-03 17:31:23.448 26488 26500 I art     : Starting a blocking GC Explicit
08-03 17:31:23.473 26488 26500 I art     : Explicit concurrent mark sweep GC freed 3(96B) AllocSpace objects, 0(0B) LOS objects, 31% free, 35MB/51MB, paused 808us total 25.201ms
08-03 17:31:23.482 26488 26500 I art     : Starting a blocking GC Explicit
08-03 17:31:23.508 26488 26500 I art     : Explicit concurrent mark sweep GC freed 3(96B) AllocSpace objects, 0(0B) LOS objects, 31% free, 35MB/51MB, paused 813us total 25.325ms
08-03 17:31:23.517 26488 26500 I art     : Starting a blocking GC Explicit
08-03 17:31:23.541 26488 26500 I art     : Explicit concurrent mark sweep GC freed 3(96B) AllocSpace objects, 0(0B) LOS objects, 31% free, 35MB/51MB, paused 789us total 24.033ms
08-03 17:31:23.900 26488 26501 I art     : Starting a blocking GC Explicit
08-03 17:31:23.932 26488 26501 I art     : Explicit concurrent mark sweep GC freed 1401(80KB) AllocSpace objects, 1(20KB) LOS objects, 31% free, 35MB/51MB, paused 873us total 31.783ms
08-03 17:31:23.944 26488 26501 I art     : Starting a blocking GC Explicit
08-03 17:31:23.970 26488 26501 I art     : Explicit concurrent mark sweep GC freed 20(704B) AllocSpace objects, 0(0B) LOS objects, 31% free, 35MB/51MB, paused 817us total 25.720ms
08-03 17:31:23.980 26488 26501 I art     : Starting a blocking GC Explicit
08-03 17:31:24.005 26488 26501 I art     : Explicit concurrent mark sweep GC freed 3(96B) AllocSpace objects, 0(0B) LOS objects, 31% free, 35MB/51MB, paused 827us total 25.455ms
08-03 17:31:24.015 26488 26501 I art     : Starting a blocking GC Explicit
08-03 17:31:24.039 26488 26501 I art     : Explicit concurrent mark sweep GC freed 3(96B) AllocSpace objects, 0(0B) LOS objects, 31% free, 35MB/51MB, paused 799us total 24.486ms
08-03 17:31:24.049 26488 26501 I art     : Starting a blocking GC Explicit
08-03 17:31:24.074 26488 26501 I art     : Explicit concurrent mark sweep GC freed 3(96B) AllocSpace objects, 0(0B) LOS objects, 31% free, 35MB/51MB, paused 799us total 25.289ms
08-03 17:31:24.431 26488  3854 I art     : Starting a blocking GC Explicit
08-03 17:31:24.462 26488  3854 I art     : Explicit concurrent mark sweep GC freed 1401(80KB) AllocSpace objects, 1(20KB) LOS objects, 31% free, 35MB/51MB, paused 884us total 31.394ms
08-03 17:31:24.475 26488  3854 I art     : Starting a blocking GC Explicit
08-03 17:31:24.506 26488  3854 I art     : Explicit concurrent mark sweep GC freed 20(704B) AllocSpace objects, 0(0B) LOS objects, 31% free, 35MB/51MB, paused 869us total 30.357ms
08-03 17:31:24.516 26488  3854 I art     : Starting a blocking GC Explicit
08-03 17:31:24.541 26488  3854 I art     : Explicit concurrent mark sweep GC freed 3(96B) AllocSpace objects, 0(0B) LOS objects, 31% free, 35MB/51MB, paused 791us total 24.070ms
08-03 17:31:24.550 26488  3854 I art     : Starting a blocking GC Explicit
08-03 17:31:24.575 26488  3854 I art     : Explicit concurrent mark sweep GC freed 3(96B) AllocSpace objects, 0(0B) LOS objects, 31% free, 35MB/51MB, paused 808us total 24.717ms
08-03 17:31:24.584 26488  3854 I art     : Starting a blocking GC Explicit
08-03 17:31:24.609 26488  3854 I art     : Explicit concurrent mark sweep GC freed 3(96B) AllocSpace objects, 0(0B) LOS objects, 31% free, 35MB/51MB, paused 819us total 24.856ms
08-03 17:31:24.978 26488  5698 I art     : Starting a blocking GC Explicit
08-03 17:31:25.014 26488  5698 I art     : Explicit concurrent mark sweep GC freed 1401(80KB) AllocSpace objects, 1(20KB) LOS objects, 31% free, 35MB/51MB, paused 902us total 34.744ms
08-03 17:31:25.028 26488  5698 I art     : Starting a blocking GC Explicit
08-03 17:31:25.053 26488  5698 I art     : Explicit concurrent mark sweep GC freed 20(704B) AllocSpace objects, 0(0B) LOS objects, 31% free, 35MB/51MB, paused 777us total 24.311ms
08-03 17:31:25.062 26488  5698 I art     : Starting a blocking GC Explicit
08-03 17:31:25.087 26488  5698 I art     : Explicit concurrent mark sweep GC freed 3(96B) AllocSpace objects, 0(0B) LOS objects, 31% free, 35MB/51MB, paused 894us total 24.622ms
08-03 17:31:25.096 26488  5698 I art     : Starting a blocking GC Explicit
08-03 17:31:25.122 26488  5698 I art     : Explicit concurrent mark sweep GC freed 3(96B) AllocSpace objects, 0(0B) LOS objects, 31% free, 35MB/51MB, paused 807us total 25.089ms
08-03 17:31:25.131 26488  5698 I art     : Starting a blocking GC Explicit
08-03 17:31:25.156 26488  5698 I art     : Explicit concurrent mark sweep GC freed 3(96B) AllocSpace objects, 0(0B) LOS objects, 31% free, 35MB/51MB, paused 760us total 25.269ms
08-03 17:31:25.536 26488  4093 I art     : Starting a blocking GC Explicit
08-03 17:31:25.567 26488  4093 I art     : Explicit concurrent mark sweep GC freed 1401(80KB) AllocSpace objects, 1(20KB) LOS objects, 31% free, 35MB/51MB, paused 810us total 30.430ms
08-03 17:31:25.576 26488  4093 I art     : Starting a blocking GC Explicit
08-03 17:31:25.602 26488  4093 I art     : Explicit concurrent mark sweep GC freed 20(704B) AllocSpace objects, 0(0B) LOS objects, 31% free, 35MB/51MB, paused 813us total 25.312ms
08-03 17:31:25.611 26488  4093 I art     : Starting a blocking GC Explicit
08-03 17:31:25.636 26488  4093 I art     : Explicit concurrent mark sweep GC freed 3(96B) AllocSpace objects, 0(0B) LOS objects, 31% free, 35MB/51MB, paused 815us total 24.991ms
08-03 17:31:25.645 26488  4093 I art     : Starting a blocking GC Explicit
08-03 17:31:25.670 26488  4093 I art     : Explicit concurrent mark sweep GC freed 3(96B) AllocSpace objects, 0(0B) LOS objects, 31% free, 35MB/51MB, paused 809us total 25.005ms
08-03 17:31:25.679 26488  4093 I art     : Starting a blocking GC Explicit
08-03 17:31:25.704 26488  4093 I art     : Explicit concurrent mark sweep GC freed 3(96B) AllocSpace objects, 0(0B) LOS objects, 31% free, 35MB/51MB, paused 776us total 23.926ms
08-03 17:31:26.080 26488 26500 I art     : Starting a blocking GC Explicit
08-03 17:31:26.113 26488 26500 I art     : Explicit concurrent mark sweep GC freed 1401(80KB) AllocSpace objects, 1(20KB) LOS objects, 31% free, 35MB/51MB, paused 863us total 32.151ms
08-03 17:31:26.125 26488 26500 I art     : Starting a blocking GC Explicit
08-03 17:31:26.150 26488 26500 I art     : Explicit concurrent mark sweep GC freed 20(704B) AllocSpace objects, 0(0B) LOS objects, 31% free, 35MB/51MB, paused 784us total 24.286ms
08-03 17:31:26.159 26488 26500 I art     : Starting a blocking GC Explicit
08-03 17:31:26.183 26488 26500 I art     : Explicit concurrent mark sweep GC freed 3(96B) AllocSpace objects, 0(0B) LOS objects, 31% free, 35MB/51MB, paused 722us total 23.039ms
08-03 17:31:26.191 26488 26500 I art     : Starting a blocking GC Explicit
08-03 17:31:26.215 26488 26500 I art     : Explicit concurrent mark sweep GC freed 3(96B) AllocSpace objects, 0(0B) LOS objects, 31% free, 35MB/51MB, paused 781us total 23.436ms
08-03 17:31:26.224 26488 26500 I art     : Starting a blocking GC Explicit
08-03 17:31:26.247 26488 26500 I art     : Explicit concurrent mark sweep GC freed 3(96B) AllocSpace objects, 0(0B) LOS objects, 31% free, 35MB/51MB, paused 853us total 23.389ms
08-03 17:31:26.561  6516  6516 D AndroidRuntime: >>>>>> START com.android.internal.os.RuntimeInit uid 2000 <<<<<<
08-03 17:31:26.567  6516  6516 D AndroidRuntime: CheckJNI is OFF
08-03 17:31:26.573 26488 26501 I art     : Starting a blocking GC Explicit
08-03 17:31:26.602 26488 26501 I art     : Explicit concurrent mark sweep GC freed 1401(80KB) AllocSpace objects, 1(20KB) LOS objects, 31% free, 35MB/51MB, paused 893us total 27.940ms
08-03 17:31:26.606  6516  6516 D ICU     : No timezone override file found: /data/misc/zoneinfo/current/icu/icu_tzdata.dat
08-03 17:31:26.611 26488 26501 I art     : Starting a blocking GC Explicit
08-03 17:31:26.636 26488 26501 I art     : Explicit concurrent mark sweep GC freed 20(704B) AllocSpace objects, 0(0B) LOS objects, 31% free, 35MB/51MB, paused 821us total 24.290ms
08-03 17:31:26.641  6516  6516 I Radio-JNI: register_android_hardware_Radio DONE
08-03 17:31:26.644 26488 26501 I art     : Starting a blocking GC Explicit
08-03 17:31:26.664  6516  6516 D AndroidRuntime: Calling main entry com.android.commands.input.Input
08-03 17:31:26.666  6516  6516 I Input   : injectMotionEvent: MotionEvent { action=ACTION_DOWN, actionButton=0, id[0]=0, x[0]=436.0, y[0]=453.0, toolType[0]=TOOL_TYPE_UNKNOWN, buttonState=0, metaState=0, flags=0x0, edgeFlags=0x0, pointerCount=1, historySize=0, eventTime=639103079, downTime=639103079, deviceId=0, source=0x1002 }
08-03 17:31:26.668 26488 26501 I art     : Explicit concurrent mark sweep GC freed 3(96B) AllocSpace objects, 0(0B) LOS objects, 31% free, 35MB/51MB, paused 909us total 23.924ms
08-03 17:31:26.672  6516  6516 I Input   : injectMotionEvent: MotionEvent { action=ACTION_UP, actionButton=0, id[0]=0, x[0]=436.0, y[0]=453.0, toolType[0]=TOOL_TYPE_UNKNOWN, buttonState=0, metaState=0, flags=0x0, edgeFlags=0x0, pointerCount=1, historySize=0, eventTime=639103079, downTime=639103079, deviceId=0, source=0x1002 }
08-03 17:31:26.674  6516  6516 D AndroidRuntime: Shutting down VM
08-03 17:31:26.677 26488 26501 I art     : Starting a blocking GC Explicit
08-03 17:31:26.691   512  2967 D audio_hw_primary: out_set_parameters: enter: usecase(1: low-latency-playback) kvpairs: routing=2
08-03 17:31:26.694   918  3670 I ActivityManager: START u0 {cmp=baseline.com.newsblur/.activity.AllSharedStoriesReading (has extras)} from uid 10625 on display 0
08-03 17:31:26.702 26488 26501 I art     : Explicit concurrent mark sweep GC freed 460(66KB) AllocSpace objects, 0(0B) LOS objects, 31% free, 35MB/51MB, paused 937us total 25.194ms
08-03 17:31:26.704   512  2967 D audio_hw_primary: select_devices: out_snd_device(2: speaker) in_snd_device(0: none)
08-03 17:31:26.704   512  2967 D msm8974_platform: platform_send_audio_calibration: sending audio calibration for snd_device(2) acdb_id(15)
08-03 17:31:26.705   512  2967 I soundtrigger: audio_extn_sound_trigger_update_device_status: device 0x2 of type 0 for Event 1
08-03 17:31:26.711 26488 26501 I art     : Starting a blocking GC Explicit
08-03 17:31:26.718   512  2967 D audio_hw_primary: enable_snd_device: snd_device(2: speaker)
08-03 17:31:26.720   512  2967 D audio_hw_primary: enable_audio_route: apply and update mixer path: low-latency-playback speaker
08-03 17:31:26.734 26488 26501 I art     : Explicit concurrent mark sweep GC freed 300(44KB) AllocSpace objects, 2(40KB) LOS objects, 30% free, 36MB/52MB, paused 996us total 22.597ms
08-03 17:31:26.938 13866 13866 I GoogleInputMethodServic: GoogleInputMethodService.onFinishInput():3138 
08-03 17:31:26.939 13866 13866 I GoogleInputMethodServic: GoogleInputMethodService.onStartInput():1808 
08-03 17:31:26.963   918   936 I ActivityManager: Displayed baseline.com.newsblur/.activity.AllSharedStoriesReading: +258ms
08-03 17:31:26.975   918  4413 D ConnectivityService: listenForNetwork for Listen from uid/pid:10625/26488 for NetworkRequest [ id=2248, legacyType=-1, [ Capabilities: INTERNET&NOT_RESTRICTED&TRUSTED] ]
08-03 17:31:27.014 26488 26501 I art     : Starting a blocking GC Explicit
08-03 17:31:27.051 26488 26501 I art     : Explicit concurrent mark sweep GC freed 5278(359KB) AllocSpace objects, 8(620KB) LOS objects, 28% free, 40MB/56MB, paused 1.228ms total 37.125ms
08-03 17:31:27.061 26488 26501 I art     : Starting a blocking GC Explicit
08-03 17:31:27.089 26488 26501 I art     : Explicit concurrent mark sweep GC freed 2004(173KB) AllocSpace objects, 0(0B) LOS objects, 28% free, 40MB/56MB, paused 916us total 27.583ms
08-03 17:31:27.099 26488 26501 I art     : Starting a blocking GC Explicit
08-03 17:31:27.125 26488 26501 I art     : Explicit concurrent mark sweep GC freed 713(80KB) AllocSpace objects, 0(0B) LOS objects, 28% free, 40MB/56MB, paused 954us total 25.580ms
08-03 17:31:27.134 26488 26501 I art     : Starting a blocking GC Explicit
08-03 17:31:27.154 26488  4485 E chromium: [ERROR:tile_manager.cc(793)] WARNING: tile memory limits exceeded, some content may not draw
08-03 17:31:27.155 26488  4485 E chromium: [ERROR:tile_manager.cc(793)] WARNING: tile memory limits exceeded, some content may not draw
08-03 17:31:27.155 26488  4485 E chromium: [ERROR:tile_manager.cc(793)] WARNING: tile memory limits exceeded, some content may not draw
08-03 17:31:27.155 26488  4485 E chromium: [ERROR:tile_manager.cc(793)] WARNING: tile memory limits exceeded, some content may not draw
08-03 17:31:27.158 26488 26501 I art     : Explicit concurrent mark sweep GC freed 465(48KB) AllocSpace objects, 0(0B) LOS objects, 28% free, 40MB/56MB, paused 815us total 23.997ms
08-03 17:31:27.167 26488 26501 I art     : Starting a blocking GC Explicit
08-03 17:31:27.190 26488 26501 I art     : Explicit concurrent mark sweep GC freed 18(752B) AllocSpace objects, 0(0B) LOS objects, 28% free, 40MB/56MB, paused 745us total 23.116ms
08-03 17:31:27.258   512  2967 D audio_hw_primary: disable_audio_route: reset and update mixer path: low-latency-playback speaker
08-03 17:31:27.259   512  2967 D audio_hw_primary: disable_snd_device: snd_device(2: speaker)
08-03 17:31:27.266   512  2967 I soundtrigger: audio_extn_sound_trigger_update_device_status: device 0x2 of type 0 for Event 0
08-03 17:31:27.392 26488  4485 E chromium: [ERROR:tile_manager.cc(793)] WARNING: tile memory limits exceeded, some content may not draw
08-03 17:31:27.395 26488  4485 E chromium: [ERROR:tile_manager.cc(793)] WARNING: tile memory limits exceeded, some content may not draw
08-03 17:31:27.397 26488  4485 E chromium: [ERROR:tile_manager.cc(793)] WARNING: tile memory limits exceeded, some content may not draw
08-03 17:31:27.398 26488  4485 E chromium: [ERROR:tile_manager.cc(793)] WARNING: tile memory limits exceeded, some content may not draw
08-03 17:31:27.491 26488  4093 I art     : Starting a blocking GC Explicit
08-03 17:31:27.516 26488  4093 I art     : Explicit concurrent mark sweep GC freed 1560(99KB) AllocSpace objects, 3(68KB) LOS objects, 28% free, 40MB/56MB, paused 799us total 24.469ms
08-03 17:31:27.524 26488  4093 I art     : Starting a blocking GC Explicit
08-03 17:31:27.548 26488  4093 I art     : Explicit concurrent mark sweep GC freed 37(1440B) AllocSpace objects, 0(0B) LOS objects, 28% free, 40MB/56MB, paused 776us total 23.606ms
08-03 17:31:27.556 26488  4093 I art     : Starting a blocking GC Explicit
08-03 17:31:27.581 26488  4093 I art     : Explicit concurrent mark sweep GC freed 3(96B) AllocSpace objects, 0(0B) LOS objects, 28% free, 40MB/56MB, paused 789us total 24.199ms
08-03 17:31:27.589 26488  4093 I art     : Starting a blocking GC Explicit
08-03 17:31:27.614 26488  4093 I art     : Explicit concurrent mark sweep GC freed 3(96B) AllocSpace objects, 0(0B) LOS objects, 28% free, 40MB/56MB, paused 798us total 24.331ms
08-03 17:31:27.622 26488  4093 I art     : Starting a blocking GC Explicit
08-03 17:31:27.647 26488  4093 I art     : Explicit concurrent mark sweep GC freed 3(96B) AllocSpace objects, 0(0B) LOS objects, 28% free, 40MB/56MB, paused 864us total 24.301ms
08-03 17:31:27.963 26488  3854 I art     : Starting a blocking GC Explicit
08-03 17:31:27.994 26488  3854 I art     : Explicit concurrent mark sweep GC freed 1402(80KB) AllocSpace objects, 1(20KB) LOS objects, 28% free, 40MB/56MB, paused 840us total 30.490ms
08-03 17:31:28.006 26488  3854 I art     : Starting a blocking GC Explicit
08-03 17:31:28.032 26488  3854 I art     : Explicit concurrent mark sweep GC freed 20(704B) AllocSpace objects, 0(0B) LOS objects, 28% free, 40MB/56MB, paused 814us total 26.069ms
08-03 17:31:28.041 26488  3854 I art     : Starting a blocking GC Explicit
08-03 17:31:28.067 26488  3854 I art     : Explicit concurrent mark sweep GC freed 3(96B) AllocSpace objects, 0(0B) LOS objects, 28% free, 40MB/56MB, paused 811us total 25.448ms
08-03 17:31:28.075 26488  3854 I art     : Starting a blocking GC Explicit
08-03 17:31:28.102 26488  3854 I art     : Explicit concurrent mark sweep GC freed 3(96B) AllocSpace objects, 0(0B) LOS objects, 28% free, 40MB/56MB, paused 809us total 26.641ms
08-03 17:31:28.111 26488  3854 I art     : Starting a blocking GC Explicit
08-03 17:31:28.138 26488  3854 I art     : Explicit concurrent mark sweep GC freed 3(96B) AllocSpace objects, 0(0B) LOS objects, 28% free, 40MB/56MB, paused 794us total 26.195ms
08-03 17:31:28.241 26488  4485 E chromium: [ERROR:tile_manager.cc(793)] WARNING: tile memory limits exceeded, some content may not draw
08-03 17:31:28.246 26488  4485 E chromium: [ERROR:tile_manager.cc(793)] WARNING: tile memory limits exceeded, some content may not draw
08-03 17:31:28.453 26488 26500 I art     : Starting a blocking GC Explicit
08-03 17:31:28.482 26488 26500 I art     : Explicit concurrent mark sweep GC freed 1459(82KB) AllocSpace objects, 1(20KB) LOS objects, 28% free, 40MB/56MB, paused 763us total 29.354ms
08-03 17:31:28.495 26488 26500 I art     : Starting a blocking GC Explicit
08-03 17:31:28.524 26488 26500 I art     : Explicit concurrent mark sweep GC freed 21(736B) AllocSpace objects, 0(0B) LOS objects, 28% free, 40MB/56MB, paused 800us total 28.781ms
08-03 17:31:28.533 26488 26500 I art     : Starting a blocking GC Explicit
08-03 17:31:28.558 26488 26500 I art     : Explicit concurrent mark sweep GC freed 3(96B) AllocSpace objects, 0(0B) LOS objects, 28% free, 40MB/56MB, paused 752us total 24.968ms
08-03 17:31:28.567 26488 26500 I art     : Starting a blocking GC Explicit
08-03 17:31:28.594 26488 26500 I art     : Explicit concurrent mark sweep GC freed 3(96B) AllocSpace objects, 0(0B) LOS objects, 28% free, 40MB/56MB, paused 844us total 26.559ms
08-03 17:31:28.603 26488 26500 I art     : Starting a blocking GC Explicit
08-03 17:31:28.631 26488 26500 I art     : Explicit concurrent mark sweep GC freed 3(96B) AllocSpace objects, 0(0B) LOS objects, 28% free, 40MB/56MB, paused 815us total 27.288ms
08-03 17:31:28.737  1766  1766 I ServiceManager: Waiting for service AtCmdFwd...
08-03 17:31:28.973   918  3261 D WifiStateMachine: starting scan for "H369AA63323"WPA_PSK with 2412,5180
08-03 17:31:29.019 26488  3854 I art     : Starting a blocking GC Explicit
08-03 17:31:29.054 26488  3854 I art     : Explicit concurrent mark sweep GC freed 1404(81KB) AllocSpace objects, 1(20KB) LOS objects, 28% free, 40MB/56MB, paused 837us total 34.324ms
08-03 17:31:29.066 26488  3854 I art     : Starting a blocking GC Explicit
08-03 17:31:29.094 26488  3854 I art     : Explicit concurrent mark sweep GC freed 20(704B) AllocSpace objects, 0(0B) LOS objects, 28% free, 40MB/56MB, paused 955us total 27.908ms
08-03 17:31:29.103 26488  3854 I art     : Starting a blocking GC Explicit
08-03 17:31:29.130 26488  3854 I art     : Explicit concurrent mark sweep GC freed 3(96B) AllocSpace objects, 0(0B) LOS objects, 28% free, 40MB/56MB, paused 841us total 26.888ms
08-03 17:31:29.140 26488  3854 I art     : Starting a blocking GC Explicit
08-03 17:31:29.167 26488  3854 I art     : Explicit concurrent mark sweep GC freed 3(96B) AllocSpace objects, 0(0B) LOS objects, 28% free, 40MB/56MB, paused 925us total 27.118ms
08-03 17:31:29.177 26488  3854 I art     : Starting a blocking GC Explicit
08-03 17:31:29.205 26488  3854 I art     : Explicit concurrent mark sweep GC freed 3(96B) AllocSpace objects, 0(0B) LOS objects, 28% free, 40MB/56MB, paused 833us total 27.849ms
08-03 17:31:29.304   518   646 I ThermalEngine: ACTION: GPU - Setting GPU[0] to 450000000
08-03 17:31:29.597 26488 26501 I art     : Starting a blocking GC Explicit
08-03 17:31:29.638 26488 26501 I art     : Explicit concurrent mark sweep GC freed 1404(81KB) AllocSpace objects, 1(20KB) LOS objects, 28% free, 40MB/56MB, paused 1.241ms total 40.618ms
08-03 17:31:29.650 26488 26501 I art     : Starting a blocking GC Explicit
08-03 17:31:29.688 26488 26501 I art     : Explicit concurrent mark sweep GC freed 20(704B) AllocSpace objects, 0(0B) LOS objects, 28% free, 40MB/56MB, paused 1.219ms total 37.526ms
08-03 17:31:29.700 26488 26501 I art     : Starting a blocking GC Explicit
08-03 17:31:29.737 26488 26501 I art     : Explicit concurrent mark sweep GC freed 3(96B) AllocSpace objects, 0(0B) LOS objects, 28% free, 40MB/56MB, paused 1.205ms total 37.061ms
08-03 17:31:29.738  1766  1766 I ServiceManager: Waiting for service AtCmdFwd...
08-03 17:31:29.749 26488 26501 I art     : Starting a blocking GC Explicit
08-03 17:31:29.787 26488 26501 I art     : Explicit concurrent mark sweep GC freed 3(96B) AllocSpace objects, 0(0B) LOS objects, 28% free, 40MB/56MB, paused 1.145ms total 36.981ms
08-03 17:31:29.799 26488 26501 I art     : Starting a blocking GC Explicit
08-03 17:31:29.837 26488 26501 I art     : Explicit concurrent mark sweep GC freed 3(96B) AllocSpace objects, 0(0B) LOS objects, 28% free, 40MB/56MB, paused 1.195ms total 37.849ms
08-03 17:31:30.221 26488  5698 I art     : Starting a blocking GC Explicit
08-03 17:31:30.267 26488  5698 I art     : Explicit concurrent mark sweep GC freed 1404(81KB) AllocSpace objects, 1(20KB) LOS objects, 28% free, 40MB/56MB, paused 1.211ms total 46.359ms
08-03 17:31:30.282 26488  5698 I art     : Starting a blocking GC Explicit
08-03 17:31:30.320 26488  5698 I art     : Explicit concurrent mark sweep GC freed 20(704B) AllocSpace objects, 0(0B) LOS objects, 28% free, 40MB/56MB, paused 1.141ms total 37.422ms
08-03 17:31:30.333 26488  5698 I art     : Starting a blocking GC Explicit
08-03 17:31:30.369 26488  5698 I art     : Explicit concurrent mark sweep GC freed 3(96B) AllocSpace objects, 0(0B) LOS objects, 28% free, 40MB/56MB, paused 1.104ms total 35.905ms
08-03 17:31:30.381 26488  5698 I art     : Starting a blocking GC Explicit
08-03 17:31:30.419 26488  5698 I art     : Explicit concurrent mark sweep GC freed 3(96B) AllocSpace objects, 0(0B) LOS objects, 28% free, 40MB/56MB, paused 1.178ms total 37.499ms
08-03 17:31:30.431 26488  5698 I art     : Starting a blocking GC Explicit
08-03 17:31:30.469 26488  5698 I art     : Explicit concurrent mark sweep GC freed 3(96B) AllocSpace objects, 0(0B) LOS objects, 28% free, 40MB/56MB, paused 1.194ms total 37.345ms
08-03 17:31:30.739  1766  1766 I ServiceManager: Waiting for service AtCmdFwd...
08-03 17:31:30.868 26488  4093 I art     : Starting a blocking GC Explicit
08-03 17:31:30.912 26488  4093 I art     : Explicit concurrent mark sweep GC freed 1404(81KB) AllocSpace objects, 1(20KB) LOS objects, 28% free, 40MB/56MB, paused 1.139ms total 43.478ms
08-03 17:31:30.925 26488  4093 I art     : Starting a blocking GC Explicit
08-03 17:31:30.958 26488  4093 I art     : Explicit concurrent mark sweep GC freed 20(704B) AllocSpace objects, 0(0B) LOS objects, 28% free, 40MB/56MB, paused 1.139ms total 32.677ms
08-03 17:31:30.970 26488  4093 I art     : Starting a blocking GC Explicit
08-03 17:31:31.002 26488  4093 I art     : Explicit concurrent mark sweep GC freed 3(96B) AllocSpace objects, 0(0B) LOS objects, 28% free, 40MB/56MB, paused 1.105ms total 32.117ms
08-03 17:31:31.014 26488  4093 I art     : Starting a blocking GC Explicit
08-03 17:31:31.048 26488  4093 I art     : Explicit concurrent mark sweep GC freed 3(96B) AllocSpace objects, 0(0B) LOS objects, 28% free, 40MB/56MB, paused 1.240ms total 33.797ms
08-03 17:31:31.060 26488  4093 I art     : Starting a blocking GC Explicit
08-03 17:31:31.094 26488  4093 I art     : Explicit concurrent mark sweep GC freed 3(96B) AllocSpace objects, 0(0B) LOS objects, 28% free, 40MB/56MB, paused 1.100ms total 34.597ms
08-03 17:31:31.309   518   646 I ThermalEngine: ACTION: GPU - Setting GPU[0] to 510000000
08-03 17:31:31.433  6621  6621 D AndroidRuntime: >>>>>> START com.android.internal.os.RuntimeInit uid 2000 <<<<<<
08-03 17:31:31.438  6621  6621 D AndroidRuntime: CheckJNI is OFF
08-03 17:31:31.449 26488 26500 I art     : Starting a blocking GC Explicit
08-03 17:31:31.473  6621  6621 D ICU     : No timezone override file found: /data/misc/zoneinfo/current/icu/icu_tzdata.dat
08-03 17:31:31.477 26488 26500 I art     : Explicit concurrent mark sweep GC freed 1402(80KB) AllocSpace objects, 1(20KB) LOS objects, 28% free, 40MB/56MB, paused 876us total 27.823ms
08-03 17:31:31.487 26488 26500 I art     : Starting a blocking GC Explicit
08-03 17:31:31.507  6621  6621 I Radio-JNI: register_android_hardware_Radio DONE
08-03 17:31:31.513 26488 26500 I art     : Explicit concurrent mark sweep GC freed 20(704B) AllocSpace objects, 0(0B) LOS objects, 28% free, 40MB/56MB, paused 890us total 26.140ms
08-03 17:31:31.522 26488 26500 I art     : Starting a blocking GC Explicit
08-03 17:31:31.530  6621  6621 D AndroidRuntime: Calling main entry com.android.commands.input.Input
08-03 17:31:31.532  6621  6621 I Input   : injectKeyEvent: KeyEvent { action=ACTION_DOWN, keyCode=KEYCODE_BACK, scanCode=0, metaState=0, flags=0x0, repeatCount=0, eventTime=639107945, downTime=639107945, deviceId=-1, source=0x101 }
08-03 17:31:31.537  6621  6621 I Input   : injectKeyEvent: KeyEvent { action=ACTION_UP, keyCode=KEYCODE_BACK, scanCode=0, metaState=0, flags=0x0, repeatCount=0, eventTime=639107945, downTime=639107945, deviceId=-1, source=0x101 }
08-03 17:31:31.542  6621  6621 D AndroidRuntime: Shutting down VM
08-03 17:31:31.546 26488 26500 I art     : Explicit concurrent mark sweep GC freed 64(2992B) AllocSpace objects, 1(20KB) LOS objects, 28% free, 40MB/56MB, paused 926us total 23.924ms
08-03 17:31:31.552 26488 26488 D baseline.com.newsblur.service.NBSyncService: rejecting request for feedset that is exhaused
08-03 17:31:31.556 26488 26500 I art     : Starting a blocking GC Explicit
08-03 17:31:31.580 26488 26500 I art     : Explicit concurrent mark sweep GC freed 194(38KB) AllocSpace objects, 1(20KB) LOS objects, 28% free, 40MB/56MB, paused 782us total 23.759ms
08-03 17:31:31.588 26488 26500 I art     : Starting a blocking GC Explicit
08-03 17:31:31.614 26488 26500 I art     : Explicit concurrent mark sweep GC freed 36(1344B) AllocSpace objects, 0(0B) LOS objects, 28% free, 40MB/56MB, paused 865us total 26.054ms
08-03 17:31:31.667 26488 26488 D baseline.com.newsblur.service.NBSyncService: rejecting request for feedset that is exhaused
08-03 17:31:31.669 13866 13866 I GoogleInputMethodServic: GoogleInputMethodService.onFinishInput():3138 
08-03 17:31:31.669 13866 13866 I GoogleInputMethodServic: GoogleInputMethodService.onStartInput():1808 
08-03 17:31:31.739  1766  1766 I ServiceManager: Waiting for service AtCmdFwd...
08-03 17:31:31.904 26488  5698 I art     : Starting a blocking GC Explicit
08-03 17:31:31.932 26488  5698 I art     : Explicit concurrent mark sweep GC freed 3584(261KB) AllocSpace objects, 4(88KB) LOS objects, 28% free, 40MB/56MB, paused 968us total 28.271ms
08-03 17:31:31.942 26488  5698 I art     : Starting a blocking GC Explicit
08-03 17:31:31.968 26488  5698 I art     : Explicit concurrent mark sweep GC freed 138(7KB) AllocSpace objects, 0(0B) LOS objects, 28% free, 40MB/56MB, paused 729us total 26.191ms
08-03 17:31:31.977 26488  5698 I art     : Starting a blocking GC Explicit
08-03 17:31:32.011 26488  5698 I art     : Explicit concurrent mark sweep GC freed 389(17KB) AllocSpace objects, 0(0B) LOS objects, 28% free, 40MB/56MB, paused 1.215ms total 33.526ms
08-03 17:31:32.019 26488  5698 I art     : Starting a blocking GC Explicit
08-03 17:31:32.045 26488  5698 I art     : Explicit concurrent mark sweep GC freed 851(42KB) AllocSpace objects, 0(0B) LOS objects, 28% free, 40MB/56MB, paused 857us total 25.807ms
08-03 17:31:32.054 26488  5698 I art     : Starting a blocking GC Explicit
08-03 17:31:32.064   918  3263 D ConnectivityService: releasing NetworkRequest NetworkRequest [ id=2248, legacyType=-1, [ Capabilities: INTERNET&NOT_RESTRICTED&TRUSTED] ]
08-03 17:31:32.077 26488  5698 I art     : Explicit concurrent mark sweep GC freed 5846(437KB) AllocSpace objects, 12(4MB) LOS objects, 31% free, 35MB/51MB, paused 824us total 22.993ms
08-03 17:31:32.397 26488  4093 I art     : Starting a blocking GC Explicit
08-03 17:31:32.421 26488  4093 I art     : Explicit concurrent mark sweep GC freed 1474(83KB) AllocSpace objects, 1(20KB) LOS objects, 31% free, 35MB/51MB, paused 799us total 23.861ms
08-03 17:31:32.430 26488  4093 I art     : Starting a blocking GC Explicit
08-03 17:31:32.453 26488  4093 I art     : Explicit concurrent mark sweep GC freed 24(832B) AllocSpace objects, 0(0B) LOS objects, 31% free, 35MB/51MB, paused 799us total 22.977ms
08-03 17:31:32.461 26488  4093 I art     : Starting a blocking GC Explicit
08-03 17:31:32.485 26488  4093 I art     : Explicit concurrent mark sweep GC freed 7(224B) AllocSpace objects, 0(0B) LOS objects, 31% free, 35MB/51MB, paused 758us total 23.430ms
08-03 17:31:32.493 26488  4093 I art     : Starting a blocking GC Explicit
08-03 17:31:32.517 26488  4093 I art     : Explicit concurrent mark sweep GC freed 7(224B) AllocSpace objects, 0(0B) LOS objects, 31% free, 35MB/51MB, paused 801us total 23.259ms
08-03 17:31:32.525 26488  4093 I art     : Starting a blocking GC Explicit
08-03 17:31:32.549 26488  4093 I art     : Explicit concurrent mark sweep GC freed 8(256B) AllocSpace objects, 0(0B) LOS objects, 31% free, 35MB/51MB, paused 838us total 23.210ms
08-03 17:31:32.740  1766  1766 I ServiceManager: Waiting for service AtCmdFwd...
08-03 17:31:32.874 26488  5698 I art     : Starting a blocking GC Explicit
08-03 17:31:32.900 26488  5698 I art     : Explicit concurrent mark sweep GC freed 1442(82KB) AllocSpace objects, 1(20KB) LOS objects, 31% free, 35MB/51MB, paused 963us total 26.158ms
08-03 17:31:32.910 26488  5698 I art     : Starting a blocking GC Explicit
08-03 17:31:32.937 26488  5698 I art     : Explicit concurrent mark sweep GC freed 25(864B) AllocSpace objects, 0(0B) LOS objects, 31% free, 35MB/51MB, paused 850us total 26.247ms
08-03 17:31:32.945 26488  5698 I art     : Starting a blocking GC Explicit
08-03 17:31:32.968 26488  5698 I art     : Explicit concurrent mark sweep GC freed 6(192B) AllocSpace objects, 0(0B) LOS objects, 31% free, 35MB/51MB, paused 879us total 22.970ms
08-03 17:31:32.976 26488  5698 I art     : Starting a blocking GC Explicit
08-03 17:31:33.000 26488  5698 I art     : Explicit concurrent mark sweep GC freed 8(256B) AllocSpace objects, 0(0B) LOS objects, 31% free, 35MB/51MB, paused 871us total 23.690ms
08-03 17:31:33.009 26488  5698 I art     : Starting a blocking GC Explicit
08-03 17:31:33.032 26488  5698 I art     : Explicit concurrent mark sweep GC freed 7(224B) AllocSpace objects, 0(0B) LOS objects, 31% free, 35MB/51MB, paused 906us total 23.498ms
08-03 17:31:33.190  6674  6674 D AndroidRuntime: >>>>>> START com.android.internal.os.RuntimeInit uid 2000 <<<<<<
08-03 17:31:33.195  6674  6674 D AndroidRuntime: CheckJNI is OFF
08-03 17:31:33.227  6674  6674 D ICU     : No timezone override file found: /data/misc/zoneinfo/current/icu/icu_tzdata.dat
08-03 17:31:33.259  6674  6674 I Radio-JNI: register_android_hardware_Radio DONE
08-03 17:31:33.282  6674  6674 D AndroidRuntime: Calling main entry com.android.commands.input.Input
08-03 17:31:33.283  6674  6674 I Input   : injectKeyEvent: KeyEvent { action=ACTION_DOWN, keyCode=KEYCODE_BACK, scanCode=0, metaState=0, flags=0x0, repeatCount=0, eventTime=639109696, downTime=639109696, deviceId=-1, source=0x101 }
08-03 17:31:33.288  6674  6674 I Input   : injectKeyEvent: KeyEvent { action=ACTION_UP, keyCode=KEYCODE_BACK, scanCode=0, metaState=0, flags=0x0, repeatCount=0, eventTime=639109696, downTime=639109696, deviceId=-1, source=0x101 }
08-03 17:31:33.293  6674  6674 D AndroidRuntime: Shutting down VM
08-03 17:31:33.315   518   646 I ThermalEngine: ACTION: GPU - Setting GPU[0] to 450000000
08-03 17:31:33.381 26488  5698 I art     : Starting a blocking GC Explicit
08-03 17:31:33.413 26488  5698 I art     : Explicit concurrent mark sweep GC freed 2020(159KB) AllocSpace objects, 5(100KB) LOS objects, 31% free, 35MB/51MB, paused 1.482ms total 31.536ms
08-03 17:31:33.425 26488  5698 I art     : Starting a blocking GC Explicit
08-03 17:31:33.454 26488  5698 I art     : Explicit concurrent mark sweep GC freed 1888(136KB) AllocSpace objects, 4(80KB) LOS objects, 31% free, 35MB/51MB, paused 1.052ms total 28.719ms
08-03 17:31:33.465 26488  5698 I art     : Starting a blocking GC Explicit
08-03 17:31:33.475 13866 13866 I GoogleInputMethodServic: GoogleInputMethodService.onFinishInput():3138 
08-03 17:31:33.475 13866 13866 I GoogleInputMethodServic: GoogleInputMethodService.onStartInput():1808 
08-03 17:31:33.497 26488  5698 I art     : Explicit concurrent mark sweep GC freed 9930(610KB) AllocSpace objects, 7(140KB) LOS objects, 31% free, 35MB/51MB, paused 1.564ms total 31.363ms
08-03 17:31:33.510 26488  5698 I art     : Starting a blocking GC Explicit
08-03 17:31:33.541 26488  5698 I art     : Explicit concurrent mark sweep GC freed 1495(241KB) AllocSpace objects, 13(260KB) LOS objects, 31% free, 35MB/51MB, paused 1.192ms total 30.328ms
08-03 17:31:33.554 26488  5698 I art     : Starting a blocking GC Explicit
08-03 17:31:33.582 26488  5698 I art     : Explicit concurrent mark sweep GC freed 203(8KB) AllocSpace objects, 0(0B) LOS objects, 31% free, 35MB/51MB, paused 970us total 27.097ms
08-03 17:31:33.740  1766  1766 W Atfwd_Sendcmd: AtCmdFwd service not published, waiting... retryCnt : 5
08-03 17:31:33.913 26488 26500 I art     : Starting a blocking GC Explicit
08-03 17:31:33.946 26488 26500 I art     : Explicit concurrent mark sweep GC freed 2210(113KB) AllocSpace objects, 1(20KB) LOS objects, 31% free, 35MB/51MB, paused 1.163ms total 32.659ms
08-03 17:31:33.958 26488 26500 I art     : Starting a blocking GC Explicit
08-03 17:31:33.988 26488 26500 I art     : Explicit concurrent mark sweep GC freed 5558(414KB) AllocSpace objects, 2(1188KB) LOS objects, 32% free, 33MB/49MB, paused 1.125ms total 29.379ms
08-03 17:31:33.999 26488 26500 I art     : Starting a blocking GC Explicit
08-03 17:31:34.027 26488 26500 I art     : Explicit concurrent mark sweep GC freed 8(256B) AllocSpace objects, 0(0B) LOS objects, 32% free, 33MB/49MB, paused 1.099ms total 27.642ms
08-03 17:31:34.039 26488 26500 I art     : Starting a blocking GC Explicit
08-03 17:31:34.067 26488 26500 I art     : Explicit concurrent mark sweep GC freed 8(256B) AllocSpace objects, 0(0B) LOS objects, 32% free, 33MB/49MB, paused 1.008ms total 27.694ms
08-03 17:31:34.079 26488 26500 I art     : Starting a blocking GC Explicit
08-03 17:31:34.107 26488 26500 I art     : Explicit concurrent mark sweep GC freed 7(224B) AllocSpace objects, 0(0B) LOS objects, 32% free, 33MB/49MB, paused 1.208ms total 28.260ms
08-03 17:31:34.455 26488  5698 I art     : Starting a blocking GC Explicit
08-03 17:31:34.486 26488  5698 I art     : Explicit concurrent mark sweep GC freed 1447(82KB) AllocSpace objects, 1(20KB) LOS objects, 32% free, 33MB/49MB, paused 1.131ms total 29.998ms
08-03 17:31:34.498 26488  5698 I art     : Starting a blocking GC Explicit
08-03 17:31:34.527 26488  5698 I art     : Explicit concurrent mark sweep GC freed 24(832B) AllocSpace objects, 0(0B) LOS objects, 32% free, 33MB/49MB, paused 1.142ms total 29.268ms
08-03 17:31:34.540 26488  5698 I art     : Starting a blocking GC Explicit
08-03 17:31:34.567 26488  5698 I art     : Explicit concurrent mark sweep GC freed 9(288B) AllocSpace objects, 0(0B) LOS objects, 32% free, 33MB/49MB, paused 1.020ms total 26.826ms
08-03 17:31:34.578 26488  5698 I art     : Starting a blocking GC Explicit
08-03 17:31:34.605 26488  5698 I art     : Explicit concurrent mark sweep GC freed 7(224B) AllocSpace objects, 0(0B) LOS objects, 32% free, 33MB/49MB, paused 1.100ms total 26.700ms
08-03 17:31:34.615 26488  5698 I art     : Starting a blocking GC Explicit
08-03 17:31:34.641 26488  5698 I art     : Explicit concurrent mark sweep GC freed 7(224B) AllocSpace objects, 0(0B) LOS objects, 32% free, 33MB/49MB, paused 1.053ms total 25.850ms
08-03 17:31:34.973 26488  5698 I art     : Starting a blocking GC Explicit
08-03 17:31:35.004 26488  5698 I art     : Explicit concurrent mark sweep GC freed 1431(81KB) AllocSpace objects, 1(20KB) LOS objects, 32% free, 33MB/49MB, paused 1.136ms total 30.428ms
08-03 17:31:35.015 26488  5698 I art     : Starting a blocking GC Explicit
08-03 17:31:35.044 26488  5698 I art     : Explicit concurrent mark sweep GC freed 20(704B) AllocSpace objects, 0(0B) LOS objects, 32% free, 33MB/49MB, paused 1.146ms total 29.043ms
08-03 17:31:35.055 26488  5698 I art     : Starting a blocking GC Explicit
08-03 17:31:35.084 26488  5698 I art     : Explicit concurrent mark sweep GC freed 3(96B) AllocSpace objects, 0(0B) LOS objects, 32% free, 33MB/49MB, paused 1.080ms total 28.640ms
08-03 17:31:35.095 26488  5698 I art     : Starting a blocking GC Explicit
08-03 17:31:35.125 26488  5698 I art     : Explicit concurrent mark sweep GC freed 3(96B) AllocSpace objects, 0(0B) LOS objects, 32% free, 33MB/49MB, paused 1.216ms total 29.277ms
08-03 17:31:35.133  6727  6727 D AndroidRuntime: >>>>>> START com.android.internal.os.RuntimeInit uid 2000 <<<<<<
08-03 17:31:35.136 26488  5698 I art     : Starting a blocking GC Explicit
08-03 17:31:35.140  6727  6727 D AndroidRuntime: CheckJNI is OFF
08-03 17:31:35.166 26488  5698 I art     : Explicit concurrent mark sweep GC freed 3(96B) AllocSpace objects, 0(0B) LOS objects, 32% free, 33MB/49MB, paused 1.119ms total 29.749ms
08-03 17:31:35.188  6727  6727 D ICU     : No timezone override file found: /data/misc/zoneinfo/current/icu/icu_tzdata.dat
08-03 17:31:35.235  6727  6727 I Radio-JNI: register_android_hardware_Radio DONE
08-03 17:31:35.263  6727  6727 D AndroidRuntime: Calling main entry com.android.commands.am.Am
08-03 17:31:35.275 24512 24512 I Trepn   : Trepn 6.2s: Received intent: com.quicinc.trepn.stop_profiling
08-03 17:31:35.349 24512 24512 I Trepn   : Trepn 6.2s: Trepn has Stopped Profiling.
08-03 17:31:35.513 26488 26501 I art     : Starting a blocking GC Explicit
08-03 17:31:35.535  6727  6727 D AndroidRuntime: Shutting down VM
08-03 17:31:35.540   918  5132 W AppOps  : Finishing op nesting under-run: uid 10078 pkg com.quicinc.trepn code 24 time=0 duration=0 nesting=0
08-03 17:31:35.543 26488 26501 I art     : Explicit concurrent mark sweep GC freed 1398(80KB) AllocSpace objects, 1(20KB) LOS objects, 32% free, 33MB/49MB, paused 1.005ms total 29.488ms
08-03 17:31:35.553 26488 26501 I art     : Starting a blocking GC Explicit
08-03 17:31:35.579 26488 26501 I art     : Explicit concurrent mark sweep GC freed 20(704B) AllocSpace objects, 0(0B) LOS objects, 32% free, 33MB/49MB, paused 1.035ms total 25.484ms
08-03 17:31:35.589 26488 26501 I art     : Starting a blocking GC Explicit
08-03 17:31:35.616 26488 26501 I art     : Explicit concurrent mark sweep GC freed 3(96B) AllocSpace objects, 0(0B) LOS objects, 32% free, 33MB/49MB, paused 1.033ms total 26.215ms
08-03 17:31:35.626 26488 26501 I art     : Starting a blocking GC Explicit
08-03 17:31:35.653 26488 26501 I art     : Explicit concurrent mark sweep GC freed 3(96B) AllocSpace objects, 0(0B) LOS objects, 32% free, 33MB/49MB, paused 1.061ms total 26.749ms
08-03 17:31:35.664 26488 26501 I art     : Starting a blocking GC Explicit
08-03 17:31:35.695 26488 26501 I art     : Explicit concurrent mark sweep GC freed 3(96B) AllocSpace objects, 0(0B) LOS objects, 32% free, 33MB/49MB, paused 1.096ms total 30.763ms
08-03 17:31:36.030 26488 26500 I art     : Starting a blocking GC Explicit
08-03 17:31:36.059 26488 26500 I art     : Explicit concurrent mark sweep GC freed 1398(80KB) AllocSpace objects, 1(20KB) LOS objects, 32% free, 33MB/49MB, paused 1.231ms total 28.553ms
08-03 17:31:36.070 26488 26500 I art     : Starting a blocking GC Explicit
08-03 17:31:36.098 26488 26500 I art     : Explicit concurrent mark sweep GC freed 20(704B) AllocSpace objects, 0(0B) LOS objects, 32% free, 33MB/49MB, paused 1.291ms total 27.585ms
08-03 17:31:36.109 26488 26500 I art     : Starting a blocking GC Explicit
08-03 17:31:36.136 26488 26500 I art     : Explicit concurrent mark sweep GC freed 3(96B) AllocSpace objects, 0(0B) LOS objects, 32% free, 33MB/49MB, paused 1.001ms total 26.563ms
08-03 17:31:36.147 26488 26500 I art     : Starting a blocking GC Explicit
08-03 17:31:36.174 26488 26500 I art     : Explicit concurrent mark sweep GC freed 3(96B) AllocSpace objects, 0(0B) LOS objects, 32% free, 33MB/49MB, paused 1.002ms total 26.701ms
08-03 17:31:36.185 26488 26500 I art     : Starting a blocking GC Explicit
08-03 17:31:36.213 26488 26500 I art     : Explicit concurrent mark sweep GC freed 3(96B) AllocSpace objects, 0(0B) LOS objects, 32% free, 33MB/49MB, paused 1.008ms total 27.277ms
