--------- beginning of main
08-03 20:32:13.571 12280 12280 D AndroidRuntime: >>>>>> START com.android.internal.os.RuntimeInit uid 2000 <<<<<<
08-03 20:32:13.577 12280 12280 D AndroidRuntime: CheckJNI is OFF
08-03 20:32:13.608 12280 12280 D ICU     : No timezone override file found: /data/misc/zoneinfo/current/icu/icu_tzdata.dat
08-03 20:32:13.644 12280 12280 I Radio-JNI: register_android_hardware_Radio DONE
08-03 20:32:13.663 12280 12280 D AndroidRuntime: Calling main entry com.android.commands.monkey.Monkey
--------- beginning of system
08-03 20:32:13.682   918   931 W BroadcastQueue: Skipping deliver [background] BroadcastRecord{7daa251 u-1 android.net.conn.CONNECTIVITY_CHANGE} to ReceiverList{131fab6 12280 (unknown name)/2000/u-1 remote:b2a54db}: process crashing
08-03 20:32:13.693   918  6110 I ActivityManager: START u0 {act=android.intent.action.MAIN cat=[android.intent.category.LAUNCHER] flg=0x10200000 cmp=baseline.com.newsblur/.activity.InitActivity} from uid 2000 on display 0
08-03 20:32:13.729   918  6029 I ActivityManager: Start proc 12289:baseline.com.newsblur/u0a625 for activity baseline.com.newsblur/.activity.InitActivity
08-03 20:32:13.730 12289 12289 I art     : Late-enabling -Xcheck:jni
08-03 20:32:13.735 12280 12280 I art     : System.exit called, status: 0
08-03 20:32:13.735 12280 12280 I AndroidRuntime: VM exiting with result code 0.
08-03 20:32:13.784 12289 12289 W System  : ClassLoader referenced unknown path: /data/app/baseline.com.newsblur-1/lib/arm64
08-03 20:32:13.801  6202 13515 I PBSessionCacheImpl: Deleted sessionId[27278280657311515] from persistence.
08-03 20:32:13.811  6202  6241 W SearchServiceCore: Abort, client detached.
08-03 20:32:13.812  6202  6241 I MicroDetectionState: Should stop hotword detection immediately - true
08-03 20:32:13.881 12289 12289 I baseline.com.newsblur.activity.InitActivity: cold launching version 9.0b1
08-03 20:32:13.890 12289 12305 D OpenGLRenderer: Use EGL_SWAP_BEHAVIOR_PRESERVED: true
08-03 20:32:13.931 12289 12305 I Adreno  : QUALCOMM build                   : fcf4852, I1af360237c
08-03 20:32:13.931 12289 12305 I Adreno  : Build Date                       : 09/23/15
08-03 20:32:13.931 12289 12305 I Adreno  : OpenGL ES Shader Compiler Version: XE031.05.13.02
08-03 20:32:13.931 12289 12305 I Adreno  : Local Branch                     : mybranch14465806
08-03 20:32:13.931 12289 12305 I Adreno  : Remote Branch                    : quic/LA.BF64.1.2.9_v2
08-03 20:32:13.931 12289 12305 I Adreno  : Remote Branch                    : NONE
08-03 20:32:13.931 12289 12305 I Adreno  : Reconstruct Branch               : NOTHING
08-03 20:32:13.938 12289 12305 I OpenGLRenderer: Initialized EGL, version 1.4
08-03 20:32:13.976 13866 13866 I GoogleInputMethodServic: GoogleInputMethodService.onFinishInput():3138 
08-03 20:32:13.977 13866 13866 I GoogleInputMethodServic: GoogleInputMethodService.onStartInput():1808 
08-03 20:32:13.981   918  3961 I ActivityManager: START u0 {cmp=baseline.com.newsblur/.activity.Main} from uid 10625 on display 0
08-03 20:32:14.214 12289 12289 I art     : Rejecting re-init on previously-failed class java.lang.Class<androidx.core.view.ViewCompat$OnUnhandledKeyEventListenerWrapper>
08-03 20:32:14.215 12289 12289 I art     : Rejecting re-init on previously-failed class java.lang.Class<androidx.core.view.ViewCompat$OnUnhandledKeyEventListenerWrapper>
08-03 20:32:14.255 12289 12289 E BitmapFactory: Unable to decode stream: java.io.FileNotFoundException: /data/user/0/baseline.com.newsblur/cache/userProfilePicture: open failed: ENOENT (No such file or directory)
08-03 20:32:14.360 12289 12316 I baseline.com.newsblur.service.NBSyncService: ready to sync feed list
08-03 20:32:14.525   918   936 I ActivityManager: Displayed baseline.com.newsblur/.activity.Main: +466ms (total +824ms)
08-03 20:32:14.529 13866 13866 I GoogleInputMethodServic: GoogleInputMethodService.onFinishInput():3138 
08-03 20:32:14.529 13866 13866 I GoogleInputMethodServic: GoogleInputMethodService.onStartInput():1808 
08-03 20:32:14.911 12289 12316 I NAPPA_EXPERIMENTATION: MetricNetworkRequestExecutionTime: REQUEST_DURATION_SYSTEM='548',REQUEST_DURATION_OKHTTP='46',REQUEST_SYNCHRONOUS='TRUE',RESPONSE_CODE='200',RESPONSE_METHOD='GET',RESPONSE_LENGTH_OKHTTP='-1',RESPONSE_LENGTH_HEADER='-2',REQUEST_PROTOCOL='http/1.1',REQUEST_URL='https://www.newsblur.com/reader/feeds/?update_counts=true',
08-03 20:32:14.911 12289 12316 D MY_TAG  : 0, 548
08-03 20:32:14.956 12289 12316 I baseline.com.newsblur.service.NBSyncService: got feed list: 1 feeds in  conn:548 read:3 parse:5 store:36
08-03 20:32:15.278 12332 12332 D AndroidRuntime: >>>>>> START com.android.internal.os.RuntimeInit uid 2000 <<<<<<
08-03 20:32:15.282 12332 12332 D AndroidRuntime: CheckJNI is OFF
08-03 20:32:15.312 12332 12332 D ICU     : No timezone override file found: /data/misc/zoneinfo/current/icu/icu_tzdata.dat
08-03 20:32:15.350 12332 12332 I Radio-JNI: register_android_hardware_Radio DONE
08-03 20:32:15.366 12332 12332 D AndroidRuntime: Calling main entry com.android.commands.am.Am
08-03 20:32:15.376 29687 29687 I Trepn   : Trepn 6.2s: Received intent: com.quicinc.trepn.start_profiling
08-03 20:32:15.395 12289 12334 I NAPPA_EXPERIMENTATION: MetricNetworkRequestExecutionTime: REQUEST_DURATION_SYSTEM='426',REQUEST_DURATION_OKHTTP='39',REQUEST_SYNCHRONOUS='TRUE',RESPONSE_CODE='200',RESPONSE_METHOD='GET',RESPONSE_LENGTH_OKHTTP='-1',RESPONSE_LENGTH_HEADER='-2',REQUEST_PROTOCOL='http/1.1',REQUEST_URL='https://www.newsblur.com/reader/unread_story_hashes?include_timestamps=1',
08-03 20:32:15.395 12289 12334 D MY_TAG  : 0, 426
08-03 20:32:15.413 12289 12334 I baseline.com.newsblur.service.UnreadsService: starting unread count: 0
08-03 20:32:15.415 12289 12334 I baseline.com.newsblur.service.UnreadsService: new unread count:      0
08-03 20:32:15.415 12289 12334 I baseline.com.newsblur.service.UnreadsService: new unreads found:     0
08-03 20:32:15.415 12289 12334 I baseline.com.newsblur.service.UnreadsService: unreads to retire:     0
08-03 20:32:15.539 29687 29687 W FileUtils: Failed to chmod(/storage/emulated/0/trepn/Trepn_2020.08.03_203215.db): android.system.ErrnoException: chmod failed: EPERM (Operation not permitted)
08-03 20:32:15.705 29687 29687 I Trepn   : Trepn 6.2s: Trepn has Started Profiling.
08-03 20:32:15.707 12332 12332 D AndroidRuntime: Shutting down VM
08-03 20:32:16.200 12289 12308 I art     : Starting a blocking GC Explicit
08-03 20:32:16.221 12289 12308 I art     : Explicit concurrent mark sweep GC freed 3611(297KB) AllocSpace objects, 1(20KB) LOS objects, 38% free, 26MB/42MB, paused 245us total 20.783ms
08-03 20:32:16.232 12289 12308 I art     : Starting a blocking GC Explicit
08-03 20:32:16.245 12289 12308 I art     : Explicit concurrent mark sweep GC freed 28(1024B) AllocSpace objects, 0(0B) LOS objects, 38% free, 26MB/42MB, paused 181us total 12.822ms
08-03 20:32:16.251 12289 12308 I art     : Starting a blocking GC Explicit
08-03 20:32:16.263 12289 12308 I art     : Explicit concurrent mark sweep GC freed 3(96B) AllocSpace objects, 0(0B) LOS objects, 38% free, 26MB/42MB, paused 180us total 11.367ms
08-03 20:32:16.269 12289 12308 I art     : Starting a blocking GC Explicit
08-03 20:32:16.280 12289 12308 I art     : Explicit concurrent mark sweep GC freed 3(96B) AllocSpace objects, 0(0B) LOS objects, 38% free, 26MB/42MB, paused 173us total 11.408ms
08-03 20:32:16.286 12289 12308 I art     : Starting a blocking GC Explicit
08-03 20:32:16.298 12289 12308 I art     : Explicit concurrent mark sweep GC freed 3(96B) AllocSpace objects, 0(0B) LOS objects, 38% free, 26MB/42MB, paused 180us total 11.244ms
08-03 20:32:16.580 12289 12301 I art     : Starting a blocking GC Explicit
08-03 20:32:16.598 12289 12301 I art     : Explicit concurrent mark sweep GC freed 1390(80KB) AllocSpace objects, 1(20KB) LOS objects, 38% free, 26MB/42MB, paused 213us total 17.751ms
08-03 20:32:16.608 12289 12301 I art     : Starting a blocking GC Explicit
08-03 20:32:16.624 12289 12301 I art     : Explicit concurrent mark sweep GC freed 20(704B) AllocSpace objects, 0(0B) LOS objects, 38% free, 26MB/42MB, paused 184us total 15.139ms
08-03 20:32:16.633 12289 12301 I art     : Starting a blocking GC Explicit
08-03 20:32:16.647 12289 12301 I art     : Explicit concurrent mark sweep GC freed 3(96B) AllocSpace objects, 0(0B) LOS objects, 38% free, 26MB/42MB, paused 171us total 13.922ms
08-03 20:32:16.654 12289 12301 I art     : Starting a blocking GC Explicit
08-03 20:32:16.666 12289 12301 I art     : Explicit concurrent mark sweep GC freed 3(96B) AllocSpace objects, 0(0B) LOS objects, 38% free, 26MB/42MB, paused 174us total 12.131ms
08-03 20:32:16.673 12289 12301 I art     : Starting a blocking GC Explicit
08-03 20:32:16.685 12289 12301 I art     : Explicit concurrent mark sweep GC freed 3(96B) AllocSpace objects, 0(0B) LOS objects, 38% free, 26MB/42MB, paused 170us total 11.920ms
08-03 20:32:16.960 12289 12302 I art     : Starting a blocking GC Explicit
08-03 20:32:16.977 12289 12302 I art     : Explicit concurrent mark sweep GC freed 1380(80KB) AllocSpace objects, 1(20KB) LOS objects, 38% free, 26MB/42MB, paused 285us total 17.044ms
08-03 20:32:16.986 12289 12302 I art     : Starting a blocking GC Explicit
08-03 20:32:16.998 12289 12302 I art     : Explicit concurrent mark sweep GC freed 20(704B) AllocSpace objects, 0(0B) LOS objects, 38% free, 26MB/42MB, paused 200us total 11.784ms
08-03 20:32:17.005 12289 12302 I art     : Starting a blocking GC Explicit
08-03 20:32:17.016 12289 12302 I art     : Explicit concurrent mark sweep GC freed 3(96B) AllocSpace objects, 0(0B) LOS objects, 38% free, 26MB/42MB, paused 179us total 11.144ms
08-03 20:32:17.022 12289 12302 I art     : Starting a blocking GC Explicit
08-03 20:32:17.033 12289 12302 I art     : Explicit concurrent mark sweep GC freed 3(96B) AllocSpace objects, 0(0B) LOS objects, 38% free, 26MB/42MB, paused 186us total 11.142ms
08-03 20:32:17.039 12289 12302 I art     : Starting a blocking GC Explicit
08-03 20:32:17.051 12289 12302 I art     : Explicit concurrent mark sweep GC freed 3(96B) AllocSpace objects, 0(0B) LOS objects, 38% free, 26MB/42MB, paused 179us total 11.640ms
08-03 20:32:17.363 12289 12308 I art     : Starting a blocking GC Explicit
08-03 20:32:17.384 12289 12308 I art     : Explicit concurrent mark sweep GC freed 1379(80KB) AllocSpace objects, 1(20KB) LOS objects, 38% free, 26MB/42MB, paused 247us total 21.262ms
08-03 20:32:17.395 12289 12308 I art     : Starting a blocking GC Explicit
08-03 20:32:17.410 12289 12308 I art     : Explicit concurrent mark sweep GC freed 20(704B) AllocSpace objects, 0(0B) LOS objects, 38% free, 26MB/42MB, paused 185us total 14.508ms
08-03 20:32:17.416 12289 12308 I art     : Starting a blocking GC Explicit
08-03 20:32:17.428 12289 12308 I art     : Explicit concurrent mark sweep GC freed 3(96B) AllocSpace objects, 0(0B) LOS objects, 38% free, 26MB/42MB, paused 185us total 11.444ms
08-03 20:32:17.434 12289 12308 I art     : Starting a blocking GC Explicit
08-03 20:32:17.446 12289 12308 I art     : Explicit concurrent mark sweep GC freed 3(96B) AllocSpace objects, 0(0B) LOS objects, 38% free, 26MB/42MB, paused 181us total 12.417ms
08-03 20:32:17.452 12289 12308 I art     : Starting a blocking GC Explicit
08-03 20:32:17.464 12289 12308 I art     : Explicit concurrent mark sweep GC freed 3(96B) AllocSpace objects, 0(0B) LOS objects, 38% free, 26MB/42MB, paused 182us total 11.708ms
08-03 20:32:17.761 12289 12301 I art     : Starting a blocking GC Explicit
08-03 20:32:17.776 12289 12301 I art     : Explicit concurrent mark sweep GC freed 1379(80KB) AllocSpace objects, 1(20KB) LOS objects, 38% free, 26MB/42MB, paused 193us total 14.023ms
08-03 20:32:17.782 12289 12301 I art     : Starting a blocking GC Explicit
08-03 20:32:17.795 12289 12301 I art     : Explicit concurrent mark sweep GC freed 20(704B) AllocSpace objects, 0(0B) LOS objects, 38% free, 26MB/42MB, paused 183us total 12.041ms
08-03 20:32:17.801 12289 12301 I art     : Starting a blocking GC Explicit
08-03 20:32:17.813 12289 12301 I art     : Explicit concurrent mark sweep GC freed 3(96B) AllocSpace objects, 0(0B) LOS objects, 38% free, 26MB/42MB, paused 185us total 12.002ms
08-03 20:32:17.820 12289 12301 I art     : Starting a blocking GC Explicit
08-03 20:32:17.831 12289 12301 I art     : Explicit concurrent mark sweep GC freed 3(96B) AllocSpace objects, 0(0B) LOS objects, 38% free, 26MB/42MB, paused 169us total 11.219ms
08-03 20:32:17.837 12289 12301 I art     : Starting a blocking GC Explicit
08-03 20:32:17.849 12289 12301 I art     : Explicit concurrent mark sweep GC freed 3(96B) AllocSpace objects, 0(0B) LOS objects, 38% free, 26MB/42MB, paused 170us total 11.373ms
08-03 20:32:18.150 12289 12302 I art     : Starting a blocking GC Explicit
08-03 20:32:18.164 12289 12302 I art     : Explicit concurrent mark sweep GC freed 1378(80KB) AllocSpace objects, 1(20KB) LOS objects, 38% free, 26MB/42MB, paused 202us total 13.923ms
08-03 20:32:18.172 12289 12302 I art     : Starting a blocking GC Explicit
08-03 20:32:18.188 12289 12302 I art     : Explicit concurrent mark sweep GC freed 20(704B) AllocSpace objects, 0(0B) LOS objects, 38% free, 26MB/42MB, paused 217us total 15.410ms
08-03 20:32:18.198 12289 12302 I art     : Starting a blocking GC Explicit
08-03 20:32:18.210 12289 12302 I art     : Explicit concurrent mark sweep GC freed 3(96B) AllocSpace objects, 0(0B) LOS objects, 38% free, 26MB/42MB, paused 186us total 11.895ms
08-03 20:32:18.214  9822  9822 I Atfwd_Sendcmd: AtCmdFwd service not ready - Exhausted retry attempts - :6
08-03 20:32:18.215  9822  9822 I Atfwd_Daemon: result : -1 	 ,Init step :2 	 ,qmiErrorCode: 0
08-03 20:32:18.217 12289 12302 I art     : Starting a blocking GC Explicit
08-03 20:32:18.229 12289 12302 I art     : Explicit concurrent mark sweep GC freed 3(96B) AllocSpace objects, 0(0B) LOS objects, 38% free, 26MB/42MB, paused 189us total 11.826ms
08-03 20:32:18.235 12289 12302 I art     : Starting a blocking GC Explicit
08-03 20:32:18.247 12289 12302 I art     : Explicit concurrent mark sweep GC freed 3(96B) AllocSpace objects, 0(0B) LOS objects, 38% free, 26MB/42MB, paused 194us total 11.982ms
08-03 20:32:18.567 12289 12308 I art     : Starting a blocking GC Explicit
08-03 20:32:18.589 12289 12308 I art     : Explicit concurrent mark sweep GC freed 1378(80KB) AllocSpace objects, 1(20KB) LOS objects, 38% free, 26MB/42MB, paused 243us total 21.618ms
08-03 20:32:18.600 12289 12308 I art     : Starting a blocking GC Explicit
08-03 20:32:18.613 12289 12308 I art     : Explicit concurrent mark sweep GC freed 20(704B) AllocSpace objects, 0(0B) LOS objects, 38% free, 26MB/42MB, paused 200us total 12.848ms
08-03 20:32:18.619 12289 12308 I art     : Starting a blocking GC Explicit
08-03 20:32:18.631 12289 12308 I art     : Explicit concurrent mark sweep GC freed 3(96B) AllocSpace objects, 0(0B) LOS objects, 38% free, 26MB/42MB, paused 180us total 11.535ms
08-03 20:32:18.637 12289 12308 I art     : Starting a blocking GC Explicit
08-03 20:32:18.648 12289 12308 I art     : Explicit concurrent mark sweep GC freed 3(96B) AllocSpace objects, 0(0B) LOS objects, 38% free, 26MB/42MB, paused 180us total 11.537ms
08-03 20:32:18.655 12289 12308 I art     : Starting a blocking GC Explicit
08-03 20:32:18.667 12289 12308 I art     : Explicit concurrent mark sweep GC freed 3(96B) AllocSpace objects, 0(0B) LOS objects, 38% free, 26MB/42MB, paused 290us total 11.842ms
08-03 20:32:18.963 12289 12301 I art     : Starting a blocking GC Explicit
08-03 20:32:18.976 12289 12301 I art     : Explicit concurrent mark sweep GC freed 1378(80KB) AllocSpace objects, 1(20KB) LOS objects, 38% free, 26MB/42MB, paused 199us total 12.906ms
08-03 20:32:18.983 12289 12301 I art     : Starting a blocking GC Explicit
08-03 20:32:18.995 12289 12301 I art     : Explicit concurrent mark sweep GC freed 20(704B) AllocSpace objects, 0(0B) LOS objects, 38% free, 26MB/42MB, paused 202us total 12.631ms
08-03 20:32:19.001 12289 12301 I art     : Starting a blocking GC Explicit
08-03 20:32:19.012 12289 12301 I art     : Explicit concurrent mark sweep GC freed 3(96B) AllocSpace objects, 0(0B) LOS objects, 38% free, 26MB/42MB, paused 169us total 10.722ms
08-03 20:32:19.018 12289 12301 I art     : Starting a blocking GC Explicit
08-03 20:32:19.029 12289 12301 I art     : Explicit concurrent mark sweep GC freed 6(208B) AllocSpace objects, 0(0B) LOS objects, 38% free, 26MB/42MB, paused 170us total 10.495ms
08-03 20:32:19.034 12289 12301 I art     : Starting a blocking GC Explicit
08-03 20:32:19.045 12289 12301 I art     : Explicit concurrent mark sweep GC freed 3(96B) AllocSpace objects, 0(0B) LOS objects, 38% free, 26MB/42MB, paused 167us total 10.639ms
08-03 20:32:19.359 12289 12302 I art     : Starting a blocking GC Explicit
08-03 20:32:19.374 12289 12302 I art     : Explicit concurrent mark sweep GC freed 1378(80KB) AllocSpace objects, 1(20KB) LOS objects, 38% free, 26MB/42MB, paused 222us total 15.150ms
08-03 20:32:19.381 12289 12302 I art     : Starting a blocking GC Explicit
08-03 20:32:19.394 12289 12302 I art     : Explicit concurrent mark sweep GC freed 20(704B) AllocSpace objects, 0(0B) LOS objects, 38% free, 26MB/42MB, paused 187us total 12.354ms
08-03 20:32:19.400 12289 12302 I art     : Starting a blocking GC Explicit
08-03 20:32:19.412 12289 12302 I art     : Explicit concurrent mark sweep GC freed 3(96B) AllocSpace objects, 0(0B) LOS objects, 38% free, 26MB/42MB, paused 184us total 11.716ms
08-03 20:32:19.418 12289 12302 I art     : Starting a blocking GC Explicit
08-03 20:32:19.429 12289 12302 I art     : Explicit concurrent mark sweep GC freed 3(96B) AllocSpace objects, 0(0B) LOS objects, 38% free, 26MB/42MB, paused 178us total 11.269ms
08-03 20:32:19.435 12289 12302 I art     : Starting a blocking GC Explicit
08-03 20:32:19.447 12289 12302 I art     : Explicit concurrent mark sweep GC freed 3(96B) AllocSpace objects, 0(0B) LOS objects, 38% free, 26MB/42MB, paused 175us total 11.694ms
08-03 20:32:19.760 12289 12308 I art     : Starting a blocking GC Explicit
08-03 20:32:19.781 12289 12308 I art     : Explicit concurrent mark sweep GC freed 1378(80KB) AllocSpace objects, 1(20KB) LOS objects, 38% free, 26MB/42MB, paused 217us total 20.612ms
08-03 20:32:19.791 12289 12308 I art     : Starting a blocking GC Explicit
08-03 20:32:19.806 12289 12308 I art     : Explicit concurrent mark sweep GC freed 20(704B) AllocSpace objects, 0(0B) LOS objects, 38% free, 26MB/42MB, paused 193us total 14.866ms
08-03 20:32:19.814 12289 12308 I art     : Starting a blocking GC Explicit
08-03 20:32:19.826 12289 12308 I art     : Explicit concurrent mark sweep GC freed 3(96B) AllocSpace objects, 0(0B) LOS objects, 38% free, 26MB/42MB, paused 182us total 11.963ms
08-03 20:32:19.833 12289 12308 I art     : Starting a blocking GC Explicit
08-03 20:32:19.845 12289 12308 I art     : Explicit concurrent mark sweep GC freed 3(96B) AllocSpace objects, 0(0B) LOS objects, 38% free, 26MB/42MB, paused 189us total 11.671ms
08-03 20:32:19.851 12289 12308 I art     : Starting a blocking GC Explicit
08-03 20:32:19.863 12289 12308 I art     : Explicit concurrent mark sweep GC freed 3(96B) AllocSpace objects, 0(0B) LOS objects, 38% free, 26MB/42MB, paused 175us total 11.542ms
08-03 20:32:20.141 12289 12301 I art     : Starting a blocking GC Explicit
08-03 20:32:20.154 12289 12301 I art     : Explicit concurrent mark sweep GC freed 1377(80KB) AllocSpace objects, 1(20KB) LOS objects, 38% free, 26MB/42MB, paused 201us total 13.013ms
08-03 20:32:20.161 12289 12301 I art     : Starting a blocking GC Explicit
08-03 20:32:20.172 12289 12301 I art     : Explicit concurrent mark sweep GC freed 20(704B) AllocSpace objects, 0(0B) LOS objects, 38% free, 26MB/42MB, paused 172us total 11.232ms
08-03 20:32:20.178 12289 12301 I art     : Starting a blocking GC Explicit
08-03 20:32:20.189 12289 12301 I art     : Explicit concurrent mark sweep GC freed 3(96B) AllocSpace objects, 0(0B) LOS objects, 38% free, 26MB/42MB, paused 163us total 10.790ms
08-03 20:32:20.195 12289 12301 I art     : Starting a blocking GC Explicit
08-03 20:32:20.205 12289 12301 I art     : Explicit concurrent mark sweep GC freed 3(96B) AllocSpace objects, 0(0B) LOS objects, 38% free, 26MB/42MB, paused 154us total 9.941ms
08-03 20:32:20.210 12289 12301 I art     : Starting a blocking GC Explicit
08-03 20:32:20.220 12289 12301 I art     : Explicit concurrent mark sweep GC freed 3(96B) AllocSpace objects, 0(0B) LOS objects, 38% free, 26MB/42MB, paused 159us total 10.048ms
08-03 20:32:20.463   918   937 W ProcessCpuTracker: Skipping unknown process pid 12473
08-03 20:32:20.508 12289 12302 I art     : Starting a blocking GC Explicit
08-03 20:32:20.521 12289 12302 I art     : Explicit concurrent mark sweep GC freed 1378(80KB) AllocSpace objects, 1(20KB) LOS objects, 38% free, 26MB/42MB, paused 183us total 12.879ms
08-03 20:32:20.527 12289 12302 I art     : Starting a blocking GC Explicit
08-03 20:32:20.539 12289 12302 I art     : Explicit concurrent mark sweep GC freed 20(704B) AllocSpace objects, 0(0B) LOS objects, 38% free, 26MB/42MB, paused 173us total 11.540ms
08-03 20:32:20.545 12289 12302 I art     : Starting a blocking GC Explicit
08-03 20:32:20.556 12289 12302 I art     : Explicit concurrent mark sweep GC freed 3(96B) AllocSpace objects, 0(0B) LOS objects, 38% free, 26MB/42MB, paused 165us total 10.744ms
08-03 20:32:20.562 12289 12302 I art     : Starting a blocking GC Explicit
08-03 20:32:20.573 12289 12302 I art     : Explicit concurrent mark sweep GC freed 3(96B) AllocSpace objects, 0(0B) LOS objects, 38% free, 26MB/42MB, paused 181us total 10.768ms
08-03 20:32:20.578 12289 12302 I art     : Starting a blocking GC Explicit
08-03 20:32:20.590 12289 12302 I art     : Explicit concurrent mark sweep GC freed 3(96B) AllocSpace objects, 0(0B) LOS objects, 38% free, 26MB/42MB, paused 177us total 11.314ms
08-03 20:32:20.848 12289 12308 I art     : Starting a blocking GC Explicit
08-03 20:32:20.860 12485 12485 D AndroidRuntime: >>>>>> START com.android.internal.os.RuntimeInit uid 2000 <<<<<<
08-03 20:32:20.861 12289 12308 I art     : Explicit concurrent mark sweep GC freed 1378(80KB) AllocSpace objects, 1(20KB) LOS objects, 38% free, 26MB/42MB, paused 222us total 12.528ms
08-03 20:32:20.864 12485 12485 D AndroidRuntime: CheckJNI is OFF
08-03 20:32:20.867 12289 12308 I art     : Starting a blocking GC Explicit
08-03 20:32:20.879 12289 12308 I art     : Explicit concurrent mark sweep GC freed 20(704B) AllocSpace objects, 0(0B) LOS objects, 38% free, 26MB/42MB, paused 188us total 11.983ms
08-03 20:32:20.886 12289 12308 I art     : Starting a blocking GC Explicit
08-03 20:32:20.894 12485 12485 D ICU     : No timezone override file found: /data/misc/zoneinfo/current/icu/icu_tzdata.dat
08-03 20:32:20.896 12289 12308 I art     : Explicit concurrent mark sweep GC freed 3(96B) AllocSpace objects, 0(0B) LOS objects, 38% free, 26MB/42MB, paused 175us total 10.527ms
08-03 20:32:20.902 12289 12308 I art     : Starting a blocking GC Explicit
08-03 20:32:20.912 12289 12308 I art     : Explicit concurrent mark sweep GC freed 3(96B) AllocSpace objects, 0(0B) LOS objects, 38% free, 26MB/42MB, paused 177us total 10.411ms
08-03 20:32:20.918 12289 12308 I art     : Starting a blocking GC Explicit
08-03 20:32:20.918 12485 12485 I Radio-JNI: register_android_hardware_Radio DONE
08-03 20:32:20.929 12289 12308 I art     : Explicit concurrent mark sweep GC freed 3(96B) AllocSpace objects, 0(0B) LOS objects, 38% free, 26MB/42MB, paused 181us total 10.824ms
08-03 20:32:20.934 12485 12485 D AndroidRuntime: Calling main entry com.android.commands.input.Input
08-03 20:32:20.936 12485 12485 I Input   : injectMotionEvent: MotionEvent { action=ACTION_DOWN, actionButton=0, id[0]=0, x[0]=594.0, y[0]=330.0, toolType[0]=TOOL_TYPE_UNKNOWN, buttonState=0, metaState=0, flags=0x0, edgeFlags=0x0, pointerCount=1, historySize=0, eventTime=649957349, downTime=649957349, deviceId=0, source=0x1002 }
08-03 20:32:20.942 12485 12485 I Input   : injectMotionEvent: MotionEvent { action=ACTION_UP, actionButton=0, id[0]=0, x[0]=594.0, y[0]=330.0, toolType[0]=TOOL_TYPE_UNKNOWN, buttonState=0, metaState=0, flags=0x0, edgeFlags=0x0, pointerCount=1, historySize=0, eventTime=649957349, downTime=649957349, deviceId=0, source=0x1002 }
08-03 20:32:20.944 12485 12485 D AndroidRuntime: Shutting down VM
08-03 20:32:21.012   918  5952 I ActivityManager: START u0 {cmp=baseline.com.newsblur/.activity.GlobalSharedStoriesItemsList (has extras)} from uid 10625 on display 0
08-03 20:32:21.039 12289 12508 I baseline.com.newsblur.database.BlurDatabaseHelper: reading session reset
08-03 20:32:21.151 12289 12302 I art     : Starting a blocking GC Explicit
08-03 20:32:21.167 12289 12302 I art     : Explicit concurrent mark sweep GC freed 6437(518KB) AllocSpace objects, 8(284KB) LOS objects, 36% free, 27MB/43MB, paused 210us total 14.952ms
08-03 20:32:21.173 12289 12302 I art     : Starting a blocking GC Explicit
08-03 20:32:21.187 12289 12302 I art     : Explicit concurrent mark sweep GC freed 598(47KB) AllocSpace objects, 1(20KB) LOS objects, 36% free, 27MB/43MB, paused 565us total 13.640ms
08-03 20:32:21.188 12289 12289 W View    : requestLayout() improperly called by android.widget.FrameLayout{9a9ae5e V.E...... ......ID 0,0-1440,0 #7f07003f app:id/footer_view_inner} during layout: running second layout pass
08-03 20:32:21.188 12289 12289 W View    : requestLayout() improperly called by android.widget.FrameLayout{b14123f V.E...... ......ID 0,0-1440,2091 #7f07003f app:id/footer_view_inner} during layout: running second layout pass
08-03 20:32:21.194 12289 12302 I art     : Starting a blocking GC Explicit
08-03 20:32:21.207 12289 12302 I art     : Explicit concurrent mark sweep GC freed 152(12KB) AllocSpace objects, 0(0B) LOS objects, 36% free, 27MB/43MB, paused 278us total 12.886ms
08-03 20:32:21.207   918   936 I ActivityManager: Displayed baseline.com.newsblur/.activity.GlobalSharedStoriesItemsList: +185ms
08-03 20:32:21.208 13866 13866 I GoogleInputMethodServic: GoogleInputMethodService.onFinishInput():3138 
08-03 20:32:21.208 13866 13866 I GoogleInputMethodServic: GoogleInputMethodService.onStartInput():1808 
08-03 20:32:21.215 12289 12302 I art     : Starting a blocking GC Explicit
08-03 20:32:21.229 12289 12302 I art     : Explicit concurrent mark sweep GC freed 1692(133KB) AllocSpace objects, 5(100KB) LOS objects, 36% free, 27MB/43MB, paused 526us total 14.013ms
08-03 20:32:21.236 12289 12302 I art     : Starting a blocking GC Explicit
08-03 20:32:21.248 12289 12302 I art     : Explicit concurrent mark sweep GC freed 109(16KB) AllocSpace objects, 0(0B) LOS objects, 36% free, 27MB/43MB, paused 252us total 11.710ms
08-03 20:32:21.478 12289 12521 I art     : Starting a blocking GC Explicit
08-03 20:32:21.491 12289 12521 I art     : Explicit concurrent mark sweep GC freed 1770(113KB) AllocSpace objects, 2(40KB) LOS objects, 36% free, 27MB/43MB, paused 307us total 13.189ms
08-03 20:32:21.497 12289 12521 I art     : Starting a blocking GC Explicit
08-03 20:32:21.508 12289 12521 I art     : Explicit concurrent mark sweep GC freed 54(1904B) AllocSpace objects, 0(0B) LOS objects, 36% free, 27MB/43MB, paused 260us total 11.191ms
08-03 20:32:21.514 12289 12521 I art     : Starting a blocking GC Explicit
08-03 20:32:21.525 12289 12521 I art     : Explicit concurrent mark sweep GC freed 4(128B) AllocSpace objects, 0(0B) LOS objects, 36% free, 27MB/43MB, paused 236us total 10.906ms
08-03 20:32:21.531 12289 12521 I art     : Starting a blocking GC Explicit
08-03 20:32:21.543 12289 12521 I art     : Explicit concurrent mark sweep GC freed 4(128B) AllocSpace objects, 0(0B) LOS objects, 36% free, 27MB/43MB, paused 239us total 11.720ms
08-03 20:32:21.548 12289 12521 I art     : Starting a blocking GC Explicit
08-03 20:32:21.560 12289 12521 I art     : Explicit concurrent mark sweep GC freed 4(128B) AllocSpace objects, 0(0B) LOS objects, 36% free, 27MB/43MB, paused 236us total 11.685ms
08-03 20:32:21.760 12289 12520 I NAPPA_EXPERIMENTATION: MetricNetworkRequestExecutionTime: REQUEST_DURATION_SYSTEM='538',REQUEST_DURATION_OKHTTP='41',REQUEST_SYNCHRONOUS='TRUE',RESPONSE_CODE='200',RESPONSE_METHOD='GET',RESPONSE_LENGTH_OKHTTP='-1',RESPONSE_LENGTH_HEADER='13047',REQUEST_PROTOCOL='http/1.1',REQUEST_URL='https://www.newsblur.com/social/river_stories?order=newest&page=1&read_filter=all&global_feed=true',
08-03 20:32:21.760 12289 12520 D MY_TAG  : 0, 538
08-03 20:32:21.814 12289 12308 I art     : Starting a blocking GC Explicit
08-03 20:32:21.841 12289 12308 I art     : Explicit concurrent mark sweep GC freed 17731(1004KB) AllocSpace objects, 13(528KB) LOS objects, 36% free, 27MB/43MB, paused 409us total 26.833ms
08-03 20:32:21.849 12289 12308 I art     : Starting a blocking GC Explicit
08-03 20:32:21.871 12289 12308 I art     : Explicit concurrent mark sweep GC freed 16095(1097KB) AllocSpace objects, 10(200KB) LOS objects, 36% free, 27MB/43MB, paused 476us total 22.409ms
08-03 20:32:21.877 12289 12308 I art     : Starting a blocking GC Explicit
08-03 20:32:21.892 12289 12308 I art     : Explicit concurrent mark sweep GC freed 2073(172KB) AllocSpace objects, 2(128KB) LOS objects, 36% free, 27MB/43MB, paused 456us total 14.338ms
08-03 20:32:21.898 12289 12308 I art     : Starting a blocking GC Explicit
08-03 20:32:21.911 12289 12308 I art     : Explicit concurrent mark sweep GC freed 1660(310KB) AllocSpace objects, 16(320KB) LOS objects, 36% free, 27MB/43MB, paused 234us total 13.002ms
08-03 20:32:21.917 12289 12308 I art     : Starting a blocking GC Explicit
08-03 20:32:21.930 12289 12308 I art     : Explicit concurrent mark sweep GC freed 450(26KB) AllocSpace objects, 1(20KB) LOS objects, 36% free, 27MB/43MB, paused 447us total 12.822ms
08-03 20:32:22.041 12289 12551 I NAPPA_EXPERIMENTATION: MetricNetworkRequestExecutionTime: REQUEST_DURATION_SYSTEM='53',REQUEST_DURATION_OKHTTP='49',REQUEST_SYNCHRONOUS='TRUE',RESPONSE_CODE='200',RESPONSE_METHOD='GET',RESPONSE_LENGTH_OKHTTP='43',RESPONSE_LENGTH_HEADER='43',REQUEST_PROTOCOL='http/1.1',REQUEST_URL='http://feeds.feedburner.com/~r/retort/~4/UffaFMiJbNs',
08-03 20:32:22.193 12289 12301 I art     : Starting a blocking GC Explicit
08-03 20:32:22.218 12289 12301 I art     : Explicit concurrent mark sweep GC freed 7519(440KB) AllocSpace objects, 10(340KB) LOS objects, 36% free, 28MB/44MB, paused 526us total 24.677ms
08-03 20:32:22.225 12289 12301 I art     : Starting a blocking GC Explicit
08-03 20:32:22.244 12289 12301 I art     : Explicit concurrent mark sweep GC freed 5993(384KB) AllocSpace objects, 0(0B) LOS objects, 36% free, 28MB/44MB, paused 541us total 18.782ms
08-03 20:32:22.251 12289 12301 I art     : Starting a blocking GC Explicit
08-03 20:32:22.267 12289 12301 I art     : Explicit concurrent mark sweep GC freed 621(26KB) AllocSpace objects, 0(0B) LOS objects, 36% free, 28MB/44MB, paused 559us total 15.036ms
08-03 20:32:22.273 12289 12301 I art     : Starting a blocking GC Explicit
08-03 20:32:22.287 12289 12301 I art     : Explicit concurrent mark sweep GC freed 2662(103KB) AllocSpace objects, 0(0B) LOS objects, 36% free, 28MB/44MB, paused 498us total 13.974ms
08-03 20:32:22.294 12289 12301 I art     : Starting a blocking GC Explicit
08-03 20:32:22.309 12289 12301 I art     : Explicit concurrent mark sweep GC freed 321(11KB) AllocSpace objects, 0(0B) LOS objects, 36% free, 28MB/44MB, paused 464us total 14.591ms
08-03 20:32:22.386 12289 12554 I NAPPA_EXPERIMENTATION: MetricNetworkRequestExecutionTime: REQUEST_DURATION_SYSTEM='390',REQUEST_DURATION_OKHTTP='159',REQUEST_SYNCHRONOUS='TRUE',RESPONSE_CODE='200',RESPONSE_METHOD='GET',RESPONSE_LENGTH_OKHTTP='79351',RESPONSE_LENGTH_HEADER='79351',REQUEST_PROTOCOL='h2',REQUEST_URL='https://images.fastcompany.net/image/upload/w_1280,q_auto,f_auto,fl_lossy/wp-cms/uploads/2020/07/p-1-90532920-this-chart-shows-how-effective-masks-can-be.png',
08-03 20:32:22.520 12289 12550 I NAPPA_EXPERIMENTATION: MetricNetworkRequestExecutionTime: REQUEST_DURATION_SYSTEM='559',REQUEST_DURATION_OKHTTP='85',REQUEST_SYNCHRONOUS='TRUE',RESPONSE_CODE='200',RESPONSE_METHOD='GET',RESPONSE_LENGTH_OKHTTP='145',RESPONSE_LENGTH_HEADER='145',REQUEST_PROTOCOL='http/1.1',REQUEST_URL='https://s3.amazonaws.com/icons.newsblur.com/6882243.png',
08-03 20:32:22.533 12289 12552 I NAPPA_EXPERIMENTATION: MetricNetworkRequestExecutionTime: REQUEST_DURATION_SYSTEM='565',REQUEST_DURATION_OKHTTP='97',REQUEST_SYNCHRONOUS='TRUE',RESPONSE_CODE='200',RESPONSE_METHOD='GET',RESPONSE_LENGTH_OKHTTP='243',RESPONSE_LENGTH_HEADER='243',REQUEST_PROTOCOL='http/1.1',REQUEST_URL='https://s3.amazonaws.com/icons.newsblur.com/18178.png',
08-03 20:32:22.583 12289 12301 I art     : Starting a blocking GC Explicit
08-03 20:32:22.584 12289 12555 I NAPPA_EXPERIMENTATION: MetricNetworkRequestExecutionTime: REQUEST_DURATION_SYSTEM='608',REQUEST_DURATION_OKHTTP='35',REQUEST_SYNCHRONOUS='TRUE',RESPONSE_CODE='200',RESPONSE_METHOD='GET',RESPONSE_LENGTH_OKHTTP='477',RESPONSE_LENGTH_HEADER='477',REQUEST_PROTOCOL='http/1.1',REQUEST_URL='https://s3.amazonaws.com/icons.newsblur.com/5762506.png',
08-03 20:32:22.614 12289 12301 I art     : Explicit concurrent mark sweep GC freed 11040(601KB) AllocSpace objects, 12(3MB) LOS objects, 34% free, 30MB/46MB, paused 573us total 31.069ms
08-03 20:32:22.624 12289 12301 I art     : Starting a blocking GC Explicit
08-03 20:32:22.643 12289 12301 I art     : Explicit concurrent mark sweep GC freed 481(18KB) AllocSpace objects, 1(20KB) LOS objects, 34% free, 30MB/46MB, paused 320us total 18.407ms
08-03 20:32:22.651 12289 12301 I art     : Starting a blocking GC Explicit
08-03 20:32:22.665 12289 12301 I art     : Explicit concurrent mark sweep GC freed 22(896B) AllocSpace objects, 1(20KB) LOS objects, 34% free, 30MB/46MB, paused 289us total 13.505ms
08-03 20:32:22.670 12289 12301 I art     : Starting a blocking GC Explicit
08-03 20:32:22.684 12289 12301 I art     : Explicit concurrent mark sweep GC freed 6(192B) AllocSpace objects, 0(0B) LOS objects, 34% free, 30MB/46MB, paused 289us total 13.342ms
08-03 20:32:22.690 12289 12301 I art     : Starting a blocking GC Explicit
08-03 20:32:22.705 12289 12301 I art     : Explicit concurrent mark sweep GC freed 3(96B) AllocSpace objects, 0(0B) LOS objects, 34% free, 30MB/46MB, paused 361us total 14.682ms
08-03 20:32:22.998 12289 12302 I art     : Starting a blocking GC Explicit
08-03 20:32:23.018 12289 12302 I art     : Explicit concurrent mark sweep GC freed 1388(82KB) AllocSpace objects, 1(20KB) LOS objects, 34% free, 30MB/46MB, paused 340us total 20.085ms
08-03 20:32:23.025 12289 12302 I art     : Starting a blocking GC Explicit
08-03 20:32:23.040 12289 12302 I art     : Explicit concurrent mark sweep GC freed 20(704B) AllocSpace objects, 0(0B) LOS objects, 34% free, 30MB/46MB, paused 328us total 14.814ms
08-03 20:32:23.046 12289 12302 I art     : Starting a blocking GC Explicit
08-03 20:32:23.062 12289 12302 I art     : Explicit concurrent mark sweep GC freed 3(96B) AllocSpace objects, 0(0B) LOS objects, 34% free, 30MB/46MB, paused 325us total 15.110ms
08-03 20:32:23.068 12289 12302 I art     : Starting a blocking GC Explicit
08-03 20:32:23.083 12289 12302 I art     : Explicit concurrent mark sweep GC freed 3(96B) AllocSpace objects, 0(0B) LOS objects, 34% free, 30MB/46MB, paused 319us total 14.666ms
08-03 20:32:23.089 12289 12302 I art     : Starting a blocking GC Explicit
08-03 20:32:23.104 12289 12302 I art     : Explicit concurrent mark sweep GC freed 3(96B) AllocSpace objects, 0(0B) LOS objects, 34% free, 30MB/46MB, paused 324us total 14.574ms
08-03 20:32:23.400 12289 12521 I art     : Starting a blocking GC Explicit
08-03 20:32:23.419 12289 12521 I art     : Explicit concurrent mark sweep GC freed 1388(80KB) AllocSpace objects, 1(20KB) LOS objects, 34% free, 30MB/46MB, paused 348us total 18.441ms
08-03 20:32:23.428 12289 12521 I art     : Starting a blocking GC Explicit
08-03 20:32:23.443 12289 12521 I art     : Explicit concurrent mark sweep GC freed 20(704B) AllocSpace objects, 0(0B) LOS objects, 34% free, 30MB/46MB, paused 324us total 14.751ms
08-03 20:32:23.449   518   646 I ThermalEngine: ACTION: GPU - Setting GPU[0] to 510000000
08-03 20:32:23.451 12289 12521 I art     : Starting a blocking GC Explicit
08-03 20:32:23.469 12289 12521 I art     : Explicit concurrent mark sweep GC freed 3(96B) AllocSpace objects, 0(0B) LOS objects, 34% free, 30MB/46MB, paused 432us total 18.248ms
08-03 20:32:23.477 12289 12521 I art     : Starting a blocking GC Explicit
08-03 20:32:23.496 12289 12521 I art     : Explicit concurrent mark sweep GC freed 3(96B) AllocSpace objects, 0(0B) LOS objects, 34% free, 30MB/46MB, paused 477us total 18.653ms
08-03 20:32:23.504 12289 12521 I art     : Starting a blocking GC Explicit
08-03 20:32:23.523 12289 12521 I art     : Explicit concurrent mark sweep GC freed 3(96B) AllocSpace objects, 0(0B) LOS objects, 34% free, 30MB/46MB, paused 445us total 18.913ms
08-03 20:32:23.819 12289 12308 I art     : Starting a blocking GC Explicit
08-03 20:32:23.840 12289 12308 I art     : Explicit concurrent mark sweep GC freed 1387(80KB) AllocSpace objects, 1(20KB) LOS objects, 34% free, 30MB/46MB, paused 533us total 20.956ms
08-03 20:32:23.849 12289 12308 I art     : Starting a blocking GC Explicit
08-03 20:32:23.869 12289 12308 I art     : Explicit concurrent mark sweep GC freed 20(704B) AllocSpace objects, 0(0B) LOS objects, 34% free, 30MB/46MB, paused 444us total 19.491ms
08-03 20:32:23.878 12289 12308 I art     : Starting a blocking GC Explicit
08-03 20:32:23.897 12289 12308 I art     : Explicit concurrent mark sweep GC freed 3(96B) AllocSpace objects, 0(0B) LOS objects, 34% free, 30MB/46MB, paused 574us total 19.160ms
08-03 20:32:23.905 12289 12308 I art     : Starting a blocking GC Explicit
08-03 20:32:23.924 12289 12308 I art     : Explicit concurrent mark sweep GC freed 3(96B) AllocSpace objects, 0(0B) LOS objects, 34% free, 30MB/46MB, paused 455us total 19.118ms
08-03 20:32:23.933 12289 12308 I art     : Starting a blocking GC Explicit
08-03 20:32:23.953 12289 12308 I art     : Explicit concurrent mark sweep GC freed 3(96B) AllocSpace objects, 0(0B) LOS objects, 34% free, 30MB/46MB, paused 457us total 19.745ms
08-03 20:32:24.275 12289 12301 I art     : Starting a blocking GC Explicit
08-03 20:32:24.297 12289 12301 I art     : Explicit concurrent mark sweep GC freed 1387(80KB) AllocSpace objects, 1(20KB) LOS objects, 34% free, 30MB/46MB, paused 582us total 22.235ms
08-03 20:32:24.306 12289 12301 I art     : Starting a blocking GC Explicit
08-03 20:32:24.326 12289 12301 I art     : Explicit concurrent mark sweep GC freed 20(704B) AllocSpace objects, 0(0B) LOS objects, 34% free, 30MB/46MB, paused 450us total 19.365ms
08-03 20:32:24.335 12289 12301 I art     : Starting a blocking GC Explicit
08-03 20:32:24.354 12289 12301 I art     : Explicit concurrent mark sweep GC freed 3(96B) AllocSpace objects, 0(0B) LOS objects, 34% free, 30MB/46MB, paused 436us total 18.974ms
08-03 20:32:24.362 12289 12301 I art     : Starting a blocking GC Explicit
08-03 20:32:24.381 12289 12301 I art     : Explicit concurrent mark sweep GC freed 3(96B) AllocSpace objects, 0(0B) LOS objects, 34% free, 30MB/46MB, paused 426us total 19.114ms
08-03 20:32:24.390 12289 12301 I art     : Starting a blocking GC Explicit
08-03 20:32:24.410 12289 12301 I art     : Explicit concurrent mark sweep GC freed 3(96B) AllocSpace objects, 0(0B) LOS objects, 34% free, 30MB/46MB, paused 478us total 19.618ms
08-03 20:32:24.739 12289 12302 I art     : Starting a blocking GC Explicit
08-03 20:32:24.760 12289 12302 I art     : Explicit concurrent mark sweep GC freed 1388(80KB) AllocSpace objects, 1(20KB) LOS objects, 34% free, 30MB/46MB, paused 452us total 20.684ms
08-03 20:32:24.774 12289 12302 I art     : Starting a blocking GC Explicit
08-03 20:32:24.792 12289 12302 I art     : Explicit concurrent mark sweep GC freed 20(704B) AllocSpace objects, 0(0B) LOS objects, 34% free, 30MB/46MB, paused 432us total 18.544ms
08-03 20:32:24.800 12289 12302 I art     : Starting a blocking GC Explicit
08-03 20:32:24.819 12289 12302 I art     : Explicit concurrent mark sweep GC freed 3(96B) AllocSpace objects, 0(0B) LOS objects, 34% free, 30MB/46MB, paused 433us total 18.644ms
08-03 20:32:24.827 12289 12302 I art     : Starting a blocking GC Explicit
08-03 20:32:24.846 12289 12302 I art     : Explicit concurrent mark sweep GC freed 3(96B) AllocSpace objects, 0(0B) LOS objects, 34% free, 30MB/46MB, paused 429us total 18.610ms
08-03 20:32:24.854 12289 12302 I art     : Starting a blocking GC Explicit
08-03 20:32:24.873 12289 12302 I art     : Explicit concurrent mark sweep GC freed 3(96B) AllocSpace objects, 0(0B) LOS objects, 34% free, 30MB/46MB, paused 443us total 18.823ms
08-03 20:32:25.206 12289 12521 I art     : Starting a blocking GC Explicit
08-03 20:32:25.229 12289 12521 I art     : Explicit concurrent mark sweep GC freed 1387(80KB) AllocSpace objects, 1(20KB) LOS objects, 34% free, 30MB/46MB, paused 463us total 21.825ms
08-03 20:32:25.241 12289 12521 I art     : Starting a blocking GC Explicit
08-03 20:32:25.259 12289 12521 I art     : Explicit concurrent mark sweep GC freed 20(704B) AllocSpace objects, 0(0B) LOS objects, 34% free, 30MB/46MB, paused 433us total 18.390ms
08-03 20:32:25.267 12289 12521 I art     : Starting a blocking GC Explicit
08-03 20:32:25.286 12289 12521 I art     : Explicit concurrent mark sweep GC freed 3(96B) AllocSpace objects, 0(0B) LOS objects, 34% free, 30MB/46MB, paused 432us total 18.381ms
08-03 20:32:25.294 12289 12521 I art     : Starting a blocking GC Explicit
08-03 20:32:25.313 12289 12521 I art     : Explicit concurrent mark sweep GC freed 3(96B) AllocSpace objects, 0(0B) LOS objects, 34% free, 30MB/46MB, paused 434us total 18.625ms
08-03 20:32:25.321 12289 12521 I art     : Starting a blocking GC Explicit
08-03 20:32:25.340 12289 12521 I art     : Explicit concurrent mark sweep GC freed 3(96B) AllocSpace objects, 0(0B) LOS objects, 34% free, 30MB/46MB, paused 438us total 19.295ms
08-03 20:32:25.637 12289 12308 I art     : Starting a blocking GC Explicit
08-03 20:32:25.658 12289 12308 I art     : Explicit concurrent mark sweep GC freed 1387(80KB) AllocSpace objects, 1(20KB) LOS objects, 34% free, 30MB/46MB, paused 477us total 20.553ms
08-03 20:32:25.668 12289 12308 I art     : Starting a blocking GC Explicit
08-03 20:32:25.687 12289 12308 I art     : Explicit concurrent mark sweep GC freed 20(704B) AllocSpace objects, 0(0B) LOS objects, 34% free, 30MB/46MB, paused 460us total 18.859ms
08-03 20:32:25.695 12289 12308 I art     : Starting a blocking GC Explicit
08-03 20:32:25.715 12289 12308 I art     : Explicit concurrent mark sweep GC freed 3(96B) AllocSpace objects, 0(0B) LOS objects, 34% free, 30MB/46MB, paused 454us total 18.987ms
08-03 20:32:25.723 12289 12308 I art     : Starting a blocking GC Explicit
08-03 20:32:25.742 12289 12308 I art     : Explicit concurrent mark sweep GC freed 3(96B) AllocSpace objects, 0(0B) LOS objects, 34% free, 30MB/46MB, paused 452us total 18.835ms
08-03 20:32:25.750 12289 12308 I art     : Starting a blocking GC Explicit
08-03 20:32:25.769 12289 12308 I art     : Explicit concurrent mark sweep GC freed 3(96B) AllocSpace objects, 0(0B) LOS objects, 34% free, 30MB/46MB, paused 441us total 18.871ms
08-03 20:32:26.085 12289 12301 I art     : Starting a blocking GC Explicit
08-03 20:32:26.105 12289 12301 I art     : Explicit concurrent mark sweep GC freed 1387(80KB) AllocSpace objects, 1(20KB) LOS objects, 34% free, 30MB/46MB, paused 444us total 19.661ms
08-03 20:32:26.113 12289 12301 I art     : Starting a blocking GC Explicit
08-03 20:32:26.133 12289 12301 I art     : Explicit concurrent mark sweep GC freed 20(704B) AllocSpace objects, 0(0B) LOS objects, 34% free, 30MB/46MB, paused 446us total 19.055ms
08-03 20:32:26.141 12289 12301 I art     : Starting a blocking GC Explicit
08-03 20:32:26.160 12289 12301 I art     : Explicit concurrent mark sweep GC freed 3(96B) AllocSpace objects, 0(0B) LOS objects, 34% free, 30MB/46MB, paused 445us total 18.890ms
08-03 20:32:26.168 12289 12301 I art     : Starting a blocking GC Explicit
08-03 20:32:26.187 12289 12301 I art     : Explicit concurrent mark sweep GC freed 3(96B) AllocSpace objects, 0(0B) LOS objects, 34% free, 30MB/46MB, paused 475us total 18.872ms
08-03 20:32:26.195 12289 12301 I art     : Starting a blocking GC Explicit
08-03 20:32:26.214 12289 12301 I art     : Explicit concurrent mark sweep GC freed 3(96B) AllocSpace objects, 0(0B) LOS objects, 34% free, 30MB/46MB, paused 444us total 18.827ms
08-03 20:32:26.521 12289 12302 I art     : Starting a blocking GC Explicit
08-03 20:32:26.542 12289 12302 I art     : Explicit concurrent mark sweep GC freed 1387(80KB) AllocSpace objects, 1(20KB) LOS objects, 34% free, 30MB/46MB, paused 450us total 20.936ms
08-03 20:32:26.550 12289 12302 I art     : Starting a blocking GC Explicit
08-03 20:32:26.570 12289 12302 I art     : Explicit concurrent mark sweep GC freed 20(704B) AllocSpace objects, 0(0B) LOS objects, 34% free, 30MB/46MB, paused 448us total 19.442ms
08-03 20:32:26.579 12289 12302 I art     : Starting a blocking GC Explicit
08-03 20:32:26.598 12289 12302 I art     : Explicit concurrent mark sweep GC freed 3(96B) AllocSpace objects, 0(0B) LOS objects, 34% free, 30MB/46MB, paused 451us total 19.001ms
08-03 20:32:26.606 12289 12302 I art     : Starting a blocking GC Explicit
08-03 20:32:26.625 12289 12302 I art     : Explicit concurrent mark sweep GC freed 3(96B) AllocSpace objects, 0(0B) LOS objects, 34% free, 30MB/46MB, paused 490us total 18.978ms
08-03 20:32:26.633 12289 12302 I art     : Starting a blocking GC Explicit
08-03 20:32:26.654 12289 12302 I art     : Explicit concurrent mark sweep GC freed 3(96B) AllocSpace objects, 0(0B) LOS objects, 34% free, 30MB/46MB, paused 449us total 20.029ms
08-03 20:32:26.976 12289 12521 I art     : Starting a blocking GC Explicit
08-03 20:32:26.997 12289 12521 I art     : Explicit concurrent mark sweep GC freed 1387(80KB) AllocSpace objects, 1(20KB) LOS objects, 34% free, 30MB/46MB, paused 487us total 20.666ms
08-03 20:32:27.006 12289 12521 I art     : Starting a blocking GC Explicit
08-03 20:32:27.025 12289 12521 I art     : Explicit concurrent mark sweep GC freed 20(704B) AllocSpace objects, 0(0B) LOS objects, 34% free, 30MB/46MB, paused 449us total 19.495ms
08-03 20:32:27.034 12289 12521 I art     : Starting a blocking GC Explicit
08-03 20:32:27.054 12289 12521 I art     : Explicit concurrent mark sweep GC freed 3(96B) AllocSpace objects, 0(0B) LOS objects, 34% free, 30MB/46MB, paused 441us total 19.699ms
08-03 20:32:27.062 12289 12521 I art     : Starting a blocking GC Explicit
08-03 20:32:27.082 12289 12521 I art     : Explicit concurrent mark sweep GC freed 3(96B) AllocSpace objects, 0(0B) LOS objects, 34% free, 30MB/46MB, paused 465us total 19.439ms
08-03 20:32:27.090 12289 12521 I art     : Starting a blocking GC Explicit
08-03 20:32:27.109 12289 12521 I art     : Explicit concurrent mark sweep GC freed 3(96B) AllocSpace objects, 0(0B) LOS objects, 34% free, 30MB/46MB, paused 427us total 19.051ms
08-03 20:32:27.432 12289 12308 I art     : Starting a blocking GC Explicit
08-03 20:32:27.454 12289 12308 I art     : Explicit concurrent mark sweep GC freed 1387(80KB) AllocSpace objects, 1(20KB) LOS objects, 34% free, 30MB/46MB, paused 442us total 21.003ms
08-03 20:32:27.465 12289 12308 I art     : Starting a blocking GC Explicit
08-03 20:32:27.483 12289 12308 I art     : Explicit concurrent mark sweep GC freed 20(704B) AllocSpace objects, 0(0B) LOS objects, 34% free, 30MB/46MB, paused 434us total 18.707ms
08-03 20:32:27.491 12289 12308 I art     : Starting a blocking GC Explicit
08-03 20:32:27.510 12289 12308 I art     : Explicit concurrent mark sweep GC freed 3(96B) AllocSpace objects, 0(0B) LOS objects, 34% free, 30MB/46MB, paused 428us total 18.591ms
08-03 20:32:27.518 12289 12308 I art     : Starting a blocking GC Explicit
08-03 20:32:27.537 12289 12308 I art     : Explicit concurrent mark sweep GC freed 3(96B) AllocSpace objects, 0(0B) LOS objects, 34% free, 30MB/46MB, paused 551us total 18.500ms
08-03 20:32:27.545 12289 12308 I art     : Starting a blocking GC Explicit
08-03 20:32:27.564 12289 12308 I art     : Explicit concurrent mark sweep GC freed 3(96B) AllocSpace objects, 0(0B) LOS objects, 34% free, 30MB/46MB, paused 441us total 18.618ms
08-03 20:32:27.888 12289 12301 I art     : Starting a blocking GC Explicit
08-03 20:32:27.910 12289 12301 I art     : Explicit concurrent mark sweep GC freed 1387(80KB) AllocSpace objects, 1(20KB) LOS objects, 34% free, 30MB/46MB, paused 465us total 21.805ms
08-03 20:32:27.921 12289 12301 I art     : Starting a blocking GC Explicit
08-03 20:32:27.940 12289 12301 I art     : Explicit concurrent mark sweep GC freed 20(704B) AllocSpace objects, 0(0B) LOS objects, 34% free, 30MB/46MB, paused 486us total 18.389ms
08-03 20:32:27.948 12289 12301 I art     : Starting a blocking GC Explicit
08-03 20:32:27.967 12289 12301 I art     : Explicit concurrent mark sweep GC freed 3(96B) AllocSpace objects, 0(0B) LOS objects, 34% free, 30MB/46MB, paused 437us total 18.354ms
08-03 20:32:27.975 12289 12301 I art     : Starting a blocking GC Explicit
08-03 20:32:27.994 12289 12301 I art     : Explicit concurrent mark sweep GC freed 3(96B) AllocSpace objects, 0(0B) LOS objects, 34% free, 30MB/46MB, paused 431us total 18.635ms
08-03 20:32:28.002 12289 12301 I art     : Starting a blocking GC Explicit
08-03 20:32:28.021 12289 12301 I art     : Explicit concurrent mark sweep GC freed 3(96B) AllocSpace objects, 0(0B) LOS objects, 34% free, 30MB/46MB, paused 442us total 19.020ms
08-03 20:32:28.215  9822  9822 I ServiceManager: Waiting for service AtCmdFwd...
08-03 20:32:28.335 12289 12302 I art     : Starting a blocking GC Explicit
08-03 20:32:28.356 12289 12302 I art     : Explicit concurrent mark sweep GC freed 1387(80KB) AllocSpace objects, 1(20KB) LOS objects, 34% free, 30MB/46MB, paused 448us total 20.942ms
08-03 20:32:28.367 12289 12302 I art     : Starting a blocking GC Explicit
08-03 20:32:28.385 12289 12302 I art     : Explicit concurrent mark sweep GC freed 20(704B) AllocSpace objects, 0(0B) LOS objects, 34% free, 30MB/46MB, paused 411us total 17.429ms
08-03 20:32:28.392 12289 12302 I art     : Starting a blocking GC Explicit
08-03 20:32:28.411 12289 12302 I art     : Explicit concurrent mark sweep GC freed 3(96B) AllocSpace objects, 0(0B) LOS objects, 34% free, 30MB/46MB, paused 435us total 18.595ms
08-03 20:32:28.419 12289 12302 I art     : Starting a blocking GC Explicit
08-03 20:32:28.438 12289 12302 I art     : Explicit concurrent mark sweep GC freed 3(96B) AllocSpace objects, 0(0B) LOS objects, 34% free, 30MB/46MB, paused 423us total 18.617ms
08-03 20:32:28.446 12289 12302 I art     : Starting a blocking GC Explicit
08-03 20:32:28.465 12289 12302 I art     : Explicit concurrent mark sweep GC freed 3(96B) AllocSpace objects, 0(0B) LOS objects, 34% free, 30MB/46MB, paused 442us total 18.771ms
08-03 20:32:28.780 12289 12521 I art     : Starting a blocking GC Explicit
08-03 20:32:28.801 12289 12521 I art     : Explicit concurrent mark sweep GC freed 1387(80KB) AllocSpace objects, 1(20KB) LOS objects, 34% free, 30MB/46MB, paused 452us total 20.849ms
08-03 20:32:28.813 12289 12521 I art     : Starting a blocking GC Explicit
08-03 20:32:28.832 12289 12521 I art     : Explicit concurrent mark sweep GC freed 20(704B) AllocSpace objects, 0(0B) LOS objects, 34% free, 30MB/46MB, paused 434us total 18.467ms
08-03 20:32:28.840 12289 12521 I art     : Starting a blocking GC Explicit
08-03 20:32:28.858 12289 12521 I art     : Explicit concurrent mark sweep GC freed 3(96B) AllocSpace objects, 0(0B) LOS objects, 34% free, 30MB/46MB, paused 436us total 18.169ms
08-03 20:32:28.866 12289 12521 I art     : Starting a blocking GC Explicit
08-03 20:32:28.885 12289 12521 I art     : Explicit concurrent mark sweep GC freed 3(96B) AllocSpace objects, 0(0B) LOS objects, 34% free, 30MB/46MB, paused 441us total 18.398ms
08-03 20:32:28.893 12289 12521 I art     : Starting a blocking GC Explicit
08-03 20:32:28.912 12289 12521 I art     : Explicit concurrent mark sweep GC freed 3(96B) AllocSpace objects, 0(0B) LOS objects, 34% free, 30MB/46MB, paused 450us total 18.895ms
08-03 20:32:29.215  9822  9822 I ServiceManager: Waiting for service AtCmdFwd...
08-03 20:32:29.228 12289 12308 I art     : Starting a blocking GC Explicit
08-03 20:32:29.249 12289 12308 I art     : Explicit concurrent mark sweep GC freed 1387(80KB) AllocSpace objects, 1(20KB) LOS objects, 34% free, 30MB/46MB, paused 449us total 21.582ms
08-03 20:32:29.258 12289 12308 I art     : Starting a blocking GC Explicit
08-03 20:32:29.277 12289 12308 I art     : Explicit concurrent mark sweep GC freed 20(704B) AllocSpace objects, 0(0B) LOS objects, 34% free, 30MB/46MB, paused 466us total 19.508ms
08-03 20:32:29.286 12289 12308 I art     : Starting a blocking GC Explicit
08-03 20:32:29.305 12289 12308 I art     : Explicit concurrent mark sweep GC freed 3(96B) AllocSpace objects, 0(0B) LOS objects, 34% free, 30MB/46MB, paused 444us total 19.415ms
08-03 20:32:29.306 12289 12300 I art     : WaitForGcToComplete blocked for 7.916ms for cause HeapTrim
08-03 20:32:29.314 12289 12308 I art     : Starting a blocking GC Explicit
08-03 20:32:29.333 12289 12308 I art     : Explicit concurrent mark sweep GC freed 3(96B) AllocSpace objects, 0(0B) LOS objects, 34% free, 30MB/46MB, paused 444us total 19.010ms
08-03 20:32:29.341 12289 12308 I art     : Starting a blocking GC Explicit
08-03 20:32:29.361 12289 12308 I art     : Explicit concurrent mark sweep GC freed 3(96B) AllocSpace objects, 0(0B) LOS objects, 34% free, 30MB/46MB, paused 484us total 19.767ms
08-03 20:32:29.667 12289 12301 I art     : Starting a blocking GC Explicit
08-03 20:32:29.689 12289 12301 I art     : Explicit concurrent mark sweep GC freed 1387(80KB) AllocSpace objects, 1(20KB) LOS objects, 34% free, 30MB/46MB, paused 474us total 21.241ms
08-03 20:32:29.700 12289 12301 I art     : Starting a blocking GC Explicit
08-03 20:32:29.719 12289 12301 I art     : Explicit concurrent mark sweep GC freed 20(704B) AllocSpace objects, 0(0B) LOS objects, 34% free, 30MB/46MB, paused 433us total 18.599ms
08-03 20:32:29.727 12289 12301 I art     : Starting a blocking GC Explicit
08-03 20:32:29.746 12289 12301 I art     : Explicit concurrent mark sweep GC freed 3(96B) AllocSpace objects, 0(0B) LOS objects, 34% free, 30MB/46MB, paused 429us total 18.670ms
08-03 20:32:29.754 12289 12301 I art     : Starting a blocking GC Explicit
08-03 20:32:29.772 12289 12301 I art     : Explicit concurrent mark sweep GC freed 3(96B) AllocSpace objects, 0(0B) LOS objects, 34% free, 30MB/46MB, paused 433us total 18.208ms
08-03 20:32:29.780 12289 12301 I art     : Starting a blocking GC Explicit
08-03 20:32:29.800 12289 12301 I art     : Explicit concurrent mark sweep GC freed 3(96B) AllocSpace objects, 0(0B) LOS objects, 34% free, 30MB/46MB, paused 427us total 19.127ms
08-03 20:32:30.117 12289 12302 I art     : Starting a blocking GC Explicit
08-03 20:32:30.138 12289 12302 I art     : Explicit concurrent mark sweep GC freed 1387(80KB) AllocSpace objects, 1(20KB) LOS objects, 34% free, 30MB/46MB, paused 469us total 20.971ms
08-03 20:32:30.149 12289 12302 I art     : Starting a blocking GC Explicit
08-03 20:32:30.169 12289 12302 I art     : Explicit concurrent mark sweep GC freed 20(704B) AllocSpace objects, 0(0B) LOS objects, 34% free, 30MB/46MB, paused 447us total 19.659ms
08-03 20:32:30.177 12289 12302 I art     : Starting a blocking GC Explicit
08-03 20:32:30.196 12289 12302 I art     : Explicit concurrent mark sweep GC freed 3(96B) AllocSpace objects, 0(0B) LOS objects, 34% free, 30MB/46MB, paused 435us total 18.315ms
08-03 20:32:30.204 12289 12302 I art     : Starting a blocking GC Explicit
08-03 20:32:30.217  9822  9822 I ServiceManager: Waiting for service AtCmdFwd...
08-03 20:32:30.223 12289 12302 I art     : Explicit concurrent mark sweep GC freed 3(96B) AllocSpace objects, 0(0B) LOS objects, 34% free, 30MB/46MB, paused 444us total 18.369ms
08-03 20:32:30.231 12289 12302 I art     : Starting a blocking GC Explicit
08-03 20:32:30.250 12289 12302 I art     : Explicit concurrent mark sweep GC freed 3(96B) AllocSpace objects, 0(0B) LOS objects, 34% free, 30MB/46MB, paused 448us total 19.076ms
08-03 20:32:30.547 12289 12521 I art     : Starting a blocking GC Explicit
08-03 20:32:30.567 12289 12521 I art     : Explicit concurrent mark sweep GC freed 1387(80KB) AllocSpace objects, 1(20KB) LOS objects, 34% free, 30MB/46MB, paused 501us total 20.073ms
08-03 20:32:30.576 12289 12521 I art     : Starting a blocking GC Explicit
08-03 20:32:30.595 12289 12521 I art     : Explicit concurrent mark sweep GC freed 20(704B) AllocSpace objects, 0(0B) LOS objects, 34% free, 30MB/46MB, paused 422us total 19.117ms
08-03 20:32:30.603 12289 12521 I art     : Starting a blocking GC Explicit
08-03 20:32:30.623 12289 12521 I art     : Explicit concurrent mark sweep GC freed 3(96B) AllocSpace objects, 0(0B) LOS objects, 34% free, 30MB/46MB, paused 444us total 19.237ms
08-03 20:32:30.631 12289 12521 I art     : Starting a blocking GC Explicit
08-03 20:32:30.651 12289 12521 I art     : Explicit concurrent mark sweep GC freed 3(96B) AllocSpace objects, 0(0B) LOS objects, 34% free, 30MB/46MB, paused 448us total 19.699ms
08-03 20:32:30.660 12289 12521 I art     : Starting a blocking GC Explicit
08-03 20:32:30.679 12289 12521 I art     : Explicit concurrent mark sweep GC freed 3(96B) AllocSpace objects, 0(0B) LOS objects, 34% free, 30MB/46MB, paused 440us total 19.332ms
08-03 20:32:30.748   918  3261 D WifiStateMachine: starting scan for "H369AA63323"WPA_PSK with 2412,5180
08-03 20:32:30.998 12289 12308 I art     : Starting a blocking GC Explicit
08-03 20:32:31.019 12289 12308 I art     : Explicit concurrent mark sweep GC freed 1387(80KB) AllocSpace objects, 1(20KB) LOS objects, 34% free, 30MB/46MB, paused 452us total 21.087ms
08-03 20:32:31.030 12289 12308 I art     : Starting a blocking GC Explicit
08-03 20:32:31.049 12289 12308 I art     : Explicit concurrent mark sweep GC freed 20(704B) AllocSpace objects, 0(0B) LOS objects, 34% free, 30MB/46MB, paused 444us total 19.220ms
08-03 20:32:31.058 12289 12308 I art     : Starting a blocking GC Explicit
08-03 20:32:31.078 12289 12308 I art     : Explicit concurrent mark sweep GC freed 3(96B) AllocSpace objects, 0(0B) LOS objects, 34% free, 30MB/46MB, paused 523us total 19.531ms
08-03 20:32:31.086 12289 12308 I art     : Starting a blocking GC Explicit
08-03 20:32:31.105 12289 12308 I art     : Explicit concurrent mark sweep GC freed 3(96B) AllocSpace objects, 0(0B) LOS objects, 34% free, 30MB/46MB, paused 429us total 18.997ms
08-03 20:32:31.113 12289 12308 I art     : Starting a blocking GC Explicit
08-03 20:32:31.133 12289 12308 I art     : Explicit concurrent mark sweep GC freed 3(96B) AllocSpace objects, 0(0B) LOS objects, 34% free, 30MB/46MB, paused 449us total 19.368ms
08-03 20:32:31.217  9822  9822 I ServiceManager: Waiting for service AtCmdFwd...
08-03 20:32:31.399 12289 12301 I art     : Starting a blocking GC Explicit
08-03 20:32:31.419 12289 12301 I art     : Explicit concurrent mark sweep GC freed 1387(80KB) AllocSpace objects, 1(20KB) LOS objects, 34% free, 30MB/46MB, paused 467us total 19.665ms
08-03 20:32:31.427 12289 12301 I art     : Starting a blocking GC Explicit
08-03 20:32:31.446 12289 12301 I art     : Explicit concurrent mark sweep GC freed 20(704B) AllocSpace objects, 0(0B) LOS objects, 34% free, 30MB/46MB, paused 439us total 18.274ms
08-03 20:32:31.454 12289 12301 I art     : Starting a blocking GC Explicit
08-03 20:32:31.473 12289 12301 I art     : Explicit concurrent mark sweep GC freed 3(96B) AllocSpace objects, 0(0B) LOS objects, 34% free, 30MB/46MB, paused 502us total 18.560ms
08-03 20:32:31.481 12289 12301 I art     : Starting a blocking GC Explicit
08-03 20:32:31.499 12289 12301 I art     : Explicit concurrent mark sweep GC freed 3(96B) AllocSpace objects, 0(0B) LOS objects, 34% free, 30MB/46MB, paused 541us total 18.478ms
08-03 20:32:31.508 12289 12301 I art     : Starting a blocking GC Explicit
08-03 20:32:31.526 12289 12301 I art     : Explicit concurrent mark sweep GC freed 3(96B) AllocSpace objects, 0(0B) LOS objects, 34% free, 30MB/46MB, paused 441us total 18.420ms
08-03 20:32:31.636 12772 12772 D AndroidRuntime: >>>>>> START com.android.internal.os.RuntimeInit uid 2000 <<<<<<
08-03 20:32:31.641 12772 12772 D AndroidRuntime: CheckJNI is OFF
08-03 20:32:31.677 12772 12772 D ICU     : No timezone override file found: /data/misc/zoneinfo/current/icu/icu_tzdata.dat
08-03 20:32:31.709 12772 12772 I Radio-JNI: register_android_hardware_Radio DONE
08-03 20:32:31.731 12772 12772 D AndroidRuntime: Calling main entry com.android.commands.input.Input
08-03 20:32:31.733 12772 12772 I Input   : injectMotionEvent: MotionEvent { action=ACTION_DOWN, actionButton=0, id[0]=0, x[0]=436.0, y[0]=453.0, toolType[0]=TOOL_TYPE_UNKNOWN, buttonState=0, metaState=0, flags=0x0, edgeFlags=0x0, pointerCount=1, historySize=0, eventTime=649968146, downTime=649968146, deviceId=0, source=0x1002 }
08-03 20:32:31.739 12772 12772 I Input   : injectMotionEvent: MotionEvent { action=ACTION_UP, actionButton=0, id[0]=0, x[0]=436.0, y[0]=453.0, toolType[0]=TOOL_TYPE_UNKNOWN, buttonState=0, metaState=0, flags=0x0, edgeFlags=0x0, pointerCount=1, historySize=0, eventTime=649968146, downTime=649968146, deviceId=0, source=0x1002 }
08-03 20:32:31.742 12772 12772 D AndroidRuntime: Shutting down VM
08-03 20:32:31.764   512  2967 D audio_hw_primary: out_set_parameters: enter: usecase(1: low-latency-playback) kvpairs: routing=2
08-03 20:32:31.767   918  3696 I ActivityManager: START u0 {cmp=baseline.com.newsblur/.activity.GlobalSharedStoriesReading (has extras)} from uid 10625 on display 0
08-03 20:32:31.776   512  2967 D audio_hw_primary: select_devices: out_snd_device(2: speaker) in_snd_device(0: none)
08-03 20:32:31.777   512  2967 D msm8974_platform: platform_send_audio_calibration: sending audio calibration for snd_device(2) acdb_id(15)
08-03 20:32:31.777   512  2967 I soundtrigger: audio_extn_sound_trigger_update_device_status: device 0x2 of type 0 for Event 1
08-03 20:32:31.786   512  2967 D audio_hw_primary: enable_snd_device: snd_device(2: speaker)
08-03 20:32:31.788   512  2967 D audio_hw_primary: enable_audio_route: apply and update mixer path: low-latency-playback speaker
08-03 20:32:31.827 12289 12302 I art     : Starting a blocking GC Explicit
08-03 20:32:31.847 12289 12302 I art     : Explicit concurrent mark sweep GC freed 2972(264KB) AllocSpace objects, 5(528KB) LOS objects, 33% free, 32MB/48MB, paused 489us total 18.940ms
08-03 20:32:31.856 12289 12302 I art     : Starting a blocking GC Explicit
08-03 20:32:31.874 12289 12302 I art     : Explicit concurrent mark sweep GC freed 423(19KB) AllocSpace objects, 0(0B) LOS objects, 33% free, 32MB/48MB, paused 471us total 17.832ms
08-03 20:32:31.882 12289 12302 I art     : Starting a blocking GC Explicit
08-03 20:32:31.900 12289 12302 I art     : Explicit concurrent mark sweep GC freed 160(26KB) AllocSpace objects, 1(20KB) LOS objects, 33% free, 32MB/48MB, paused 480us total 18.051ms
08-03 20:32:31.908 12289 12302 I art     : Starting a blocking GC Explicit
08-03 20:32:31.925 12289 12302 I art     : Explicit concurrent mark sweep GC freed 32(1184B) AllocSpace objects, 0(0B) LOS objects, 33% free, 32MB/48MB, paused 456us total 16.949ms
08-03 20:32:31.933 12289 12302 I art     : Starting a blocking GC Explicit
08-03 20:32:31.952 12289 12302 I art     : Explicit concurrent mark sweep GC freed 276(44KB) AllocSpace objects, 1(20KB) LOS objects, 32% free, 33MB/49MB, paused 610us total 18.435ms
08-03 20:32:31.979 13866 13866 I GoogleInputMethodServic: GoogleInputMethodService.onFinishInput():3138 
08-03 20:32:31.979   918   936 I ActivityManager: Displayed baseline.com.newsblur/.activity.GlobalSharedStoriesReading: +205ms
08-03 20:32:31.981 13866 13866 I GoogleInputMethodServic: GoogleInputMethodService.onStartInput():1808 
08-03 20:32:31.995 12289 12289 I WebViewFactory: Loading com.google.android.webview version 84.0.4147.89 (code 414708953)
08-03 20:32:32.063 12289 12289 I cr_LibraryLoader: Loaded native library version number "84.0.4147.89"
08-03 20:32:32.063 12289 12289 I cr_CachingUmaRecorder: Flushed 5 samples from 5 histograms.
08-03 20:32:32.094 12289 12289 E chromium: [ERROR:filesystem_posix.cc(62)] mkdir /data/user/0/baseline.com.newsblur/cache/WebView/Crashpad: No such file or directory (2)
08-03 20:32:32.191   918  4400 D ConnectivityService: listenForNetwork for Listen from uid/pid:10625/12289 for NetworkRequest [ id=2340, legacyType=-1, [ Capabilities: INTERNET&NOT_RESTRICTED&TRUSTED] ]
08-03 20:32:32.218  9822  9822 I ServiceManager: Waiting for service AtCmdFwd...
08-03 20:32:32.224 12289 12308 I art     : Starting a blocking GC Explicit
08-03 20:32:32.250 12289 12308 I art     : Explicit concurrent mark sweep GC freed 9458(928KB) AllocSpace objects, 5(100KB) LOS objects, 30% free, 36MB/52MB, paused 1.305ms total 25.851ms
08-03 20:32:32.260 12289 12308 I art     : Starting a blocking GC Explicit
08-03 20:32:32.287 12289 12308 I art     : Explicit concurrent mark sweep GC freed 1713(100KB) AllocSpace objects, 1(20KB) LOS objects, 30% free, 36MB/52MB, paused 1.348ms total 26.269ms
08-03 20:32:32.296 12289 12308 I art     : Starting a blocking GC Explicit
08-03 20:32:32.328   512  2967 D audio_hw_primary: disable_audio_route: reset and update mixer path: low-latency-playback speaker
08-03 20:32:32.329   512  2967 D audio_hw_primary: disable_snd_device: snd_device(2: speaker)
08-03 20:32:32.337   512  2967 I soundtrigger: audio_extn_sound_trigger_update_device_status: device 0x2 of type 0 for Event 0
08-03 20:32:32.340 12289 12827 W cr_media: Requires BLUETOOTH permission
08-03 20:32:32.346 12289 12308 I art     : Explicit concurrent mark sweep GC freed 4464(238KB) AllocSpace objects, 7(168KB) LOS objects, 30% free, 36MB/52MB, paused 15.789ms total 49.605ms
08-03 20:32:32.349 12289 12850 E libEGL  : validate_display:255 error 3008 (EGL_BAD_DISPLAY)
08-03 20:32:32.364 12289 12308 I art     : Starting a blocking GC Explicit
08-03 20:32:32.390 12289 12308 I art     : Explicit concurrent mark sweep GC freed 4619(236KB) AllocSpace objects, 3(76KB) LOS objects, 30% free, 36MB/52MB, paused 1.164ms total 24.976ms
08-03 20:32:32.398 12289 12308 I art     : Starting a blocking GC Explicit
08-03 20:32:32.424 12289 12308 I art     : Explicit concurrent mark sweep GC freed 303(16KB) AllocSpace objects, 0(0B) LOS objects, 30% free, 36MB/52MB, paused 944us total 26.188ms
08-03 20:32:32.713 12289 12521 I art     : Starting a blocking GC Explicit
08-03 20:32:32.741 12289 12521 I art     : Explicit concurrent mark sweep GC freed 11957(739KB) AllocSpace objects, 9(188KB) LOS objects, 30% free, 36MB/52MB, paused 846us total 27.122ms
08-03 20:32:32.750 12289 12521 I art     : Starting a blocking GC Explicit
08-03 20:32:32.775 12289 12521 I art     : Explicit concurrent mark sweep GC freed 4208(169KB) AllocSpace objects, 1(28KB) LOS objects, 30% free, 36MB/52MB, paused 879us total 25.452ms
08-03 20:32:32.784 12289 12521 I art     : Starting a blocking GC Explicit
08-03 20:32:32.812 12289 12521 I art     : Explicit concurrent mark sweep GC freed 987(68KB) AllocSpace objects, 0(0B) LOS objects, 30% free, 36MB/52MB, paused 1.431ms total 27.903ms
08-03 20:32:32.821 12289 12521 I art     : Starting a blocking GC Explicit
08-03 20:32:32.851 12289 12521 I art     : Explicit concurrent mark sweep GC freed 2233(103KB) AllocSpace objects, 2(120KB) LOS objects, 30% free, 36MB/52MB, paused 879us total 29.544ms
08-03 20:32:32.860 12289 12521 I art     : Starting a blocking GC Explicit
08-03 20:32:32.872 12289 12858 E baseline.com.newsblur.network.APIResponse: Error (unexpected end of stream on https://www.newsblur.com/...) calling https://www.newsblur.com/reader/mark_story_hashes_as_read/
08-03 20:32:32.872 12289 12858 E baseline.com.newsblur.network.APIResponse: java.io.IOException: unexpected end of stream on https://www.newsblur.com/...
08-03 20:32:32.872 12289 12858 E baseline.com.newsblur.network.APIResponse: 	at okhttp3.internal.http1.Http1ExchangeCodec.readResponseHeaders(Http1ExchangeCodec.java:236)
08-03 20:32:32.872 12289 12858 E baseline.com.newsblur.network.APIResponse: 	at okhttp3.internal.connection.Exchange.readResponseHeaders(Exchange.java:115)
08-03 20:32:32.872 12289 12858 E baseline.com.newsblur.network.APIResponse: 	at okhttp3.internal.http.CallServerInterceptor.intercept(CallServerInterceptor.java:94)
08-03 20:32:32.872 12289 12858 E baseline.com.newsblur.network.APIResponse: 	at okhttp3.internal.http.RealInterceptorChain.proceed(RealInterceptorChain.java:142)
08-03 20:32:32.872 12289 12858 E baseline.com.newsblur.network.APIResponse: 	at okhttp3.internal.connection.ConnectInterceptor.intercept(ConnectInterceptor.java:43)
08-03 20:32:32.872 12289 12858 E baseline.com.newsblur.network.APIResponse: 	at okhttp3.internal.http.RealInterceptorChain.proceed(RealInterceptorChain.java:142)
08-03 20:32:32.872 12289 12858 E baseline.com.newsblur.network.APIResponse: 	at okhttp3.internal.http.RealInterceptorChain.proceed(RealInterceptorChain.java:117)
08-03 20:32:32.872 12289 12858 E baseline.com.newsblur.network.APIResponse: 	at okhttp3.internal.cache.CacheInterceptor.intercept(CacheInterceptor.java:94)
08-03 20:32:32.872 12289 12858 E baseline.com.newsblur.network.APIResponse: 	at okhttp3.internal.http.RealInterceptorChain.proceed(RealInterceptorChain.java:142)
08-03 20:32:32.872 12289 12858 E baseline.com.newsblur.network.APIResponse: 	at okhttp3.internal.http.RealInterceptorChain.proceed(RealInterceptorChain.java:117)
08-03 20:32:32.872 12289 12858 E baseline.com.newsblur.network.APIResponse: 	at okhttp3.internal.http.BridgeInterceptor.intercept(BridgeInterceptor.java:93)
08-03 20:32:32.872 12289 12858 E baseline.com.newsblur.network.APIResponse: 	at okhttp3.internal.http.RealInterceptorChain.proceed(RealInterceptorChain.java:142)
08-03 20:32:32.872 12289 12858 E baseline.com.newsblur.network.APIResponse: 	at okhttp3.internal.http.RetryAndFollowUpInterceptor.intercept(RetryAndFollowUpInterceptor.java:88)
08-03 20:32:32.872 12289 12858 E baseline.com.newsblur.network.APIResponse: 	at okhttp3.internal.http.RealInterceptorChain.proceed(RealInterceptorChain.java:142)
08-03 20:32:32.872 12289 12858 E baseline.com.newsblur.network.APIResponse: 	at okhttp3.internal.http.RealInterceptorChain.proceed(RealInterceptorChain.java:117)
08-03 20:32:32.872 12289 12858 E baseline.com.newsblur.network.APIResponse: 	at okhttp3.RealCall.getResponseWithInterceptorChain(RealCall.java:229)
08-03 20:32:32.872 12289 12858 E baseline.com.newsblur.network.APIResponse: 	at okhttp3.RealCall.execute(RealCall.java:81)
08-03 20:32:32.872 12289 12858 E baseline.com.newsblur.network.APIResponse: 	at baseline.com.newsblur.network.APIResponse.<init>(APIResponse.java:57)
08-03 20:32:32.872 12289 12858 E baseline.com.newsblur.network.APIResponse: 	at baseline.com.newsblur.network.APIResponse.<init>(APIResponse.java:43)
08-03 20:32:32.872 12289 12858 E baseline.com.newsblur.network.APIResponse: 	at baseline.com.newsblur.network.APIManager.post_single(APIManager.java:702)
08-03 20:32:32.872 12289 12858 E baseline.com.newsblur.network.APIResponse: 	at baseline.com.newsblur.network.APIManager.post(APIManager.java:675)
08-03 20:32:32.872 12289 12858 E baseline.com.newsblur.network.APIResponse: 	at baseline.com.newsblur.network.APIManager.post(APIManager.java:714)
08-03 20:32:32.872 12289 12858 E baseline.com.newsblur.network.APIResponse: 	at baseline.com.newsblur.network.APIManager.markStoryAsRead(APIManager.java:205)
08-03 20:32:32.872 12289 12858 E baseline.com.newsblur.network.APIResponse: 	at baseline.com.newsblur.util.ReadingAction.doRemote(ReadingAction.java:281)
08-03 20:32:32.872 12289 12858 E baseline.com.newsblur.network.APIResponse: 	at baseline.com.newsblur.service.NBSyncService.syncActions(NBSyncService.java:400)
08-03 20:32:32.872 12289 12858 E baseline.com.newsblur.network.APIResponse: 	at baseline.com.newsblur.service.NBSyncService.doSync(NBSyncService.java:298)
08-03 20:32:32.872 12289 12858 E baseline.com.newsblur.network.APIResponse: 	at baseline.com.newsblur.service.NBSyncService.access$100(NBSyncService.java:67)
08-03 20:32:32.872 12289 12858 E baseline.com.newsblur.network.APIResponse: 	at baseline.com.newsblur.service.NBSyncService$1.run(NBSyncService.java:188)
08-03 20:32:32.872 12289 12858 E baseline.com.newsblur.network.APIResponse: 	at java.util.concurrent.ThreadPoolExecutor.runWorker(ThreadPoolExecutor.java:1113)
08-03 20:32:32.872 12289 12858 E baseline.com.newsblur.network.APIResponse: 	at java.util.concurrent.ThreadPoolExecutor$Worker.run(ThreadPoolExecutor.java:588)
08-03 20:32:32.872 12289 12858 E baseline.com.newsblur.network.APIResponse: 	at java.lang.Thread.run(Thread.java:818)
08-03 20:32:32.872 12289 12858 E baseline.com.newsblur.network.APIResponse: Caused by: java.io.EOFException: \n not found: limit=0 content=
08-03 20:32:32.872 12289 12858 E baseline.com.newsblur.network.APIResponse: 	at okio.RealBufferedSource.readUtf8LineStrict(RealBufferedSource.java:240)
08-03 20:32:32.872 12289 12858 E baseline.com.newsblur.network.APIResponse: 	at okhttp3.internal.http1.Http1ExchangeCodec.readHeaderLine(Http1ExchangeCodec.java:242)
08-03 20:32:32.872 12289 12858 E baseline.com.newsblur.network.APIResponse: 	at okhttp3.internal.http1.Http1ExchangeCodec.readResponseHeaders(Http1ExchangeCodec.java:213)
08-03 20:32:32.872 12289 12858 E baseline.com.newsblur.network.APIResponse: 	... 30 more
08-03 20:32:32.874 12289 12858 I baseline.com.newsblur.network.APIManager: API call failed, pausing before retry number 1
08-03 20:32:32.887 12289 12521 I art     : Explicit concurrent mark sweep GC freed 1793(326KB) AllocSpace objects, 3(120KB) LOS objects, 30% free, 36MB/52MB, paused 858us total 26.048ms
08-03 20:32:33.205 12289 12301 I art     : Starting a blocking GC Explicit
08-03 20:32:33.218  9822  9822 W Atfwd_Sendcmd: AtCmdFwd service not published, waiting... retryCnt : 1
08-03 20:32:33.238 12289 12301 I art     : Explicit concurrent mark sweep GC freed 1560(99KB) AllocSpace objects, 1(20KB) LOS objects, 30% free, 36MB/52MB, paused 952us total 32.410ms
08-03 20:32:33.250 12289 12301 I art     : Starting a blocking GC Explicit
08-03 20:32:33.280 12289 12301 I art     : Explicit concurrent mark sweep GC freed 44(1520B) AllocSpace objects, 0(0B) LOS objects, 30% free, 36MB/52MB, paused 768us total 29.834ms
08-03 20:32:33.289 12289 12301 I art     : Starting a blocking GC Explicit
08-03 20:32:33.316 12289 12301 I art     : Explicit concurrent mark sweep GC freed 3(96B) AllocSpace objects, 0(0B) LOS objects, 30% free, 36MB/52MB, paused 753us total 26.866ms
08-03 20:32:33.325 12289 12301 I art     : Starting a blocking GC Explicit
08-03 20:32:33.352 12289 12301 I art     : Explicit concurrent mark sweep GC freed 3(96B) AllocSpace objects, 0(0B) LOS objects, 30% free, 36MB/52MB, paused 792us total 26.543ms
08-03 20:32:33.362 12289 12301 I art     : Starting a blocking GC Explicit
08-03 20:32:33.388 12289 12301 I art     : Explicit concurrent mark sweep GC freed 3(96B) AllocSpace objects, 0(0B) LOS objects, 30% free, 36MB/52MB, paused 830us total 26.274ms
08-03 20:32:33.706 12289 12301 I art     : Starting a blocking GC Explicit
08-03 20:32:33.739 12289 12301 I art     : Explicit concurrent mark sweep GC freed 1497(84KB) AllocSpace objects, 1(20KB) LOS objects, 30% free, 36MB/52MB, paused 894us total 32.621ms
08-03 20:32:33.751 12289 12301 I art     : Starting a blocking GC Explicit
08-03 20:32:33.782 12289 12301 I art     : Explicit concurrent mark sweep GC freed 22(784B) AllocSpace objects, 0(0B) LOS objects, 30% free, 36MB/52MB, paused 764us total 30.365ms
08-03 20:32:33.791 12289 12301 I art     : Starting a blocking GC Explicit
08-03 20:32:33.818 12289 12301 I art     : Explicit concurrent mark sweep GC freed 3(96B) AllocSpace objects, 0(0B) LOS objects, 30% free, 36MB/52MB, paused 816us total 26.772ms
08-03 20:32:33.828 12289 12301 I art     : Starting a blocking GC Explicit
08-03 20:32:33.854 12289 12301 I art     : Explicit concurrent mark sweep GC freed 3(96B) AllocSpace objects, 0(0B) LOS objects, 30% free, 36MB/52MB, paused 816us total 26.022ms
08-03 20:32:33.864 12289 12301 I art     : Starting a blocking GC Explicit
08-03 20:32:33.891 12289 12301 I art     : Explicit concurrent mark sweep GC freed 3(96B) AllocSpace objects, 0(0B) LOS objects, 30% free, 36MB/52MB, paused 807us total 26.607ms
08-03 20:32:34.223 12289 12301 I art     : Starting a blocking GC Explicit
08-03 20:32:34.256 12289 12301 I art     : Explicit concurrent mark sweep GC freed 1437(82KB) AllocSpace objects, 1(20KB) LOS objects, 30% free, 36MB/52MB, paused 866us total 32.471ms
08-03 20:32:34.268 12289 12301 I art     : Starting a blocking GC Explicit
08-03 20:32:34.298 12289 12301 I art     : Explicit concurrent mark sweep GC freed 22(784B) AllocSpace objects, 0(0B) LOS objects, 30% free, 36MB/52MB, paused 762us total 30.381ms
08-03 20:32:34.308 12289 12301 I art     : Starting a blocking GC Explicit
08-03 20:32:34.335 12289 12301 I art     : Explicit concurrent mark sweep GC freed 3(96B) AllocSpace objects, 0(0B) LOS objects, 30% free, 36MB/52MB, paused 761us total 26.681ms
08-03 20:32:34.344 12289 12301 I art     : Starting a blocking GC Explicit
08-03 20:32:34.371 12289 12301 I art     : Explicit concurrent mark sweep GC freed 3(96B) AllocSpace objects, 0(0B) LOS objects, 30% free, 36MB/52MB, paused 787us total 26.339ms
08-03 20:32:34.381 12289 12301 I art     : Starting a blocking GC Explicit
08-03 20:32:34.408 12289 12301 I art     : Explicit concurrent mark sweep GC freed 94(3KB) AllocSpace objects, 0(0B) LOS objects, 30% free, 36MB/52MB, paused 876us total 26.793ms
08-03 20:32:34.469   518   646 I ThermalEngine: ACTION: GPU - Setting GPU[0] to 450000000
08-03 20:32:34.753 12289 12308 I art     : Starting a blocking GC Explicit
08-03 20:32:34.790 12289 12308 I art     : Explicit concurrent mark sweep GC freed 1518(88KB) AllocSpace objects, 1(20KB) LOS objects, 30% free, 36MB/52MB, paused 1.231ms total 36.573ms
08-03 20:32:34.805 12289 12308 I art     : Starting a blocking GC Explicit
08-03 20:32:34.838 12289 12308 I art     : Explicit concurrent mark sweep GC freed 22(784B) AllocSpace objects, 0(0B) LOS objects, 30% free, 36MB/52MB, paused 1.181ms total 33.088ms
08-03 20:32:34.851 12289 12308 I art     : Starting a blocking GC Explicit
08-03 20:32:34.885 12289 12308 I art     : Explicit concurrent mark sweep GC freed 3(96B) AllocSpace objects, 0(0B) LOS objects, 30% free, 36MB/52MB, paused 1.083ms total 33.918ms
08-03 20:32:34.897 12289 12308 I art     : Starting a blocking GC Explicit
08-03 20:32:34.932 12289 12308 I art     : Explicit concurrent mark sweep GC freed 3(96B) AllocSpace objects, 0(0B) LOS objects, 30% free, 36MB/52MB, paused 1.084ms total 35.054ms
08-03 20:32:34.944 12289 12308 I art     : Starting a blocking GC Explicit
08-03 20:32:34.979 12289 12308 I art     : Explicit concurrent mark sweep GC freed 3(96B) AllocSpace objects, 0(0B) LOS objects, 30% free, 36MB/52MB, paused 1.251ms total 34.434ms
08-03 20:32:35.061 12289 12858 E baseline.com.newsblur.network.APIResponse: Error (unexpected end of stream on https://www.newsblur.com/...) calling https://www.newsblur.com/reader/mark_story_hashes_as_read/
08-03 20:32:35.061 12289 12858 E baseline.com.newsblur.network.APIResponse: java.io.IOException: unexpected end of stream on https://www.newsblur.com/...
08-03 20:32:35.061 12289 12858 E baseline.com.newsblur.network.APIResponse: 	at okhttp3.internal.http1.Http1ExchangeCodec.readResponseHeaders(Http1ExchangeCodec.java:236)
08-03 20:32:35.061 12289 12858 E baseline.com.newsblur.network.APIResponse: 	at okhttp3.internal.connection.Exchange.readResponseHeaders(Exchange.java:115)
08-03 20:32:35.061 12289 12858 E baseline.com.newsblur.network.APIResponse: 	at okhttp3.internal.http.CallServerInterceptor.intercept(CallServerInterceptor.java:94)
08-03 20:32:35.061 12289 12858 E baseline.com.newsblur.network.APIResponse: 	at okhttp3.internal.http.RealInterceptorChain.proceed(RealInterceptorChain.java:142)
08-03 20:32:35.061 12289 12858 E baseline.com.newsblur.network.APIResponse: 	at okhttp3.internal.connection.ConnectInterceptor.intercept(ConnectInterceptor.java:43)
08-03 20:32:35.061 12289 12858 E baseline.com.newsblur.network.APIResponse: 	at okhttp3.internal.http.RealInterceptorChain.proceed(RealInterceptorChain.java:142)
08-03 20:32:35.061 12289 12858 E baseline.com.newsblur.network.APIResponse: 	at okhttp3.internal.http.RealInterceptorChain.proceed(RealInterceptorChain.java:117)
08-03 20:32:35.061 12289 12858 E baseline.com.newsblur.network.APIResponse: 	at okhttp3.internal.cache.CacheInterceptor.intercept(CacheInterceptor.java:94)
08-03 20:32:35.061 12289 12858 E baseline.com.newsblur.network.APIResponse: 	at okhttp3.internal.http.RealInterceptorChain.proceed(RealInterceptorChain.java:142)
08-03 20:32:35.061 12289 12858 E baseline.com.newsblur.network.APIResponse: 	at okhttp3.internal.http.RealInterceptorChain.proceed(RealInterceptorChain.java:117)
08-03 20:32:35.061 12289 12858 E baseline.com.newsblur.network.APIResponse: 	at okhttp3.internal.http.BridgeInterceptor.intercept(BridgeInterceptor.java:93)
08-03 20:32:35.061 12289 12858 E baseline.com.newsblur.network.APIResponse: 	at okhttp3.internal.http.RealInterceptorChain.proceed(RealInterceptorChain.java:142)
08-03 20:32:35.061 12289 12858 E baseline.com.newsblur.network.APIResponse: 	at okhttp3.internal.http.RetryAndFollowUpInterceptor.intercept(RetryAndFollowUpInterceptor.java:88)
08-03 20:32:35.061 12289 12858 E baseline.com.newsblur.network.APIResponse: 	at okhttp3.internal.http.RealInterceptorChain.proceed(RealInterceptorChain.java:142)
08-03 20:32:35.061 12289 12858 E baseline.com.newsblur.network.APIResponse: 	at okhttp3.internal.http.RealInterceptorChain.proceed(RealInterceptorChain.java:117)
08-03 20:32:35.061 12289 12858 E baseline.com.newsblur.network.APIResponse: 	at okhttp3.RealCall.getResponseWithInterceptorChain(RealCall.java:229)
08-03 20:32:35.061 12289 12858 E baseline.com.newsblur.network.APIResponse: 	at okhttp3.RealCall.execute(RealCall.java:81)
08-03 20:32:35.061 12289 12858 E baseline.com.newsblur.network.APIResponse: 	at baseline.com.newsblur.network.APIResponse.<init>(APIResponse.java:57)
08-03 20:32:35.061 12289 12858 E baseline.com.newsblur.network.APIResponse: 	at baseline.com.newsblur.network.APIResponse.<init>(APIResponse.java:43)
08-03 20:32:35.061 12289 12858 E baseline.com.newsblur.network.APIResponse: 	at baseline.com.newsblur.network.APIManager.post_single(APIManager.java:702)
08-03 20:32:35.061 12289 12858 E baseline.com.newsblur.network.APIResponse: 	at baseline.com.newsblur.network.APIManager.post(APIManager.java:675)
08-03 20:32:35.061 12289 12858 E baseline.com.newsblur.network.APIResponse: 	at baseline.com.newsblur.network.APIManager.post(APIManager.java:714)
08-03 20:32:35.061 12289 12858 E baseline.com.newsblur.network.APIResponse: 	at baseline.com.newsblur.network.APIManager.markStoryAsRead(APIManager.java:205)
08-03 20:32:35.061 12289 12858 E baseline.com.newsblur.network.APIResponse: 	at baseline.com.newsblur.util.ReadingAction.doRemote(ReadingAction.java:281)
08-03 20:32:35.061 12289 12858 E baseline.com.newsblur.network.APIResponse: 	at baseline.com.newsblur.service.NBSyncService.syncActions(NBSyncService.java:400)
08-03 20:32:35.061 12289 12858 E baseline.com.newsblur.network.APIResponse: 	at baseline.com.newsblur.service.NBSyncService.doSync(NBSyncService.java:298)
08-03 20:32:35.061 12289 12858 E baseline.com.newsblur.network.APIResponse: 	at baseline.com.newsblur.service.NBSyncService.access$100(NBSyncService.java:67)
08-03 20:32:35.061 12289 12858 E baseline.com.newsblur.network.APIResponse: 	at baseline.com.newsblur.service.NBSyncService$1.run(NBSyncService.java:188)
08-03 20:32:35.061 12289 12858 E baseline.com.newsblur.network.APIResponse: 	at java.util.concurrent.ThreadPoolExecutor.runWorker(ThreadPoolExecutor.java:1113)
08-03 20:32:35.061 12289 12858 E baseline.com.newsblur.network.APIResponse: 	at java.util.concurrent.ThreadPoolExecutor$Worker.run(ThreadPoolExecutor.java:588)
08-03 20:32:35.061 12289 12858 E baseline.com.newsblur.network.APIResponse: 	at java.lang.Thread.run(Thread.java:818)
08-03 20:32:35.061 12289 12858 E baseline.com.newsblur.network.APIResponse: Caused by: java.io.EOFException: \n not found: limit=0 content=
08-03 20:32:35.061 12289 12858 E baseline.com.newsblur.network.APIResponse: 	at okio.RealBufferedSource.readUtf8LineStrict(RealBufferedSource.java:240)
08-03 20:32:35.061 12289 12858 E baseline.com.newsblur.network.APIResponse: 	at okhttp3.internal.http1.Http1ExchangeCodec.readHeaderLine(Http1ExchangeCodec.java:242)
08-03 20:32:35.061 12289 12858 E baseline.com.newsblur.network.APIResponse: 	at okhttp3.internal.http1.Http1ExchangeCodec.readResponseHeaders(Http1ExchangeCodec.java:213)
08-03 20:32:35.061 12289 12858 E baseline.com.newsblur.network.APIResponse: 	... 30 more
08-03 20:32:35.064 12289 12858 I baseline.com.newsblur.network.APIManager: API call failed, pausing before retry number 2
08-03 20:32:35.320 12289 12302 I art     : Starting a blocking GC Explicit
08-03 20:32:35.361 12289 12302 I art     : Explicit concurrent mark sweep GC freed 3944(357KB) AllocSpace objects, 3(60KB) LOS objects, 30% free, 36MB/52MB, paused 1.134ms total 40.046ms
08-03 20:32:35.374 12289 12302 I art     : Starting a blocking GC Explicit
08-03 20:32:35.407 12289 12302 I art     : Explicit concurrent mark sweep GC freed 109(3KB) AllocSpace objects, 0(0B) LOS objects, 30% free, 36MB/52MB, paused 1.085ms total 32.385ms
08-03 20:32:35.419 12289 12302 I art     : Starting a blocking GC Explicit
08-03 20:32:35.453 12289 12302 I art     : Explicit concurrent mark sweep GC freed 3(96B) AllocSpace objects, 0(0B) LOS objects, 30% free, 36MB/52MB, paused 1.062ms total 33.695ms
08-03 20:32:35.465 12289 12302 I art     : Starting a blocking GC Explicit
08-03 20:32:35.499 12289 12302 I art     : Explicit concurrent mark sweep GC freed 3(96B) AllocSpace objects, 0(0B) LOS objects, 30% free, 36MB/52MB, paused 1.137ms total 33.626ms
08-03 20:32:35.513 12289 12302 I art     : Starting a blocking GC Explicit
08-03 20:32:35.548 12289 12302 I art     : Explicit concurrent mark sweep GC freed 3(96B) AllocSpace objects, 0(0B) LOS objects, 30% free, 36MB/52MB, paused 1.433ms total 34.732ms
08-03 20:32:35.887 12289 12301 I art     : Starting a blocking GC Explicit
08-03 20:32:35.927 12289 12301 I art     : Explicit concurrent mark sweep GC freed 1437(82KB) AllocSpace objects, 1(20KB) LOS objects, 30% free, 36MB/52MB, paused 1.126ms total 39.345ms
08-03 20:32:35.941 12289 12301 I art     : Starting a blocking GC Explicit
08-03 20:32:35.975 12289 12301 I art     : Explicit concurrent mark sweep GC freed 22(784B) AllocSpace objects, 0(0B) LOS objects, 30% free, 36MB/52MB, paused 1.091ms total 33.655ms
08-03 20:32:35.988 12289 12301 I art     : Starting a blocking GC Explicit
08-03 20:32:36.022 12289 12301 I art     : Explicit concurrent mark sweep GC freed 3(96B) AllocSpace objects, 0(0B) LOS objects, 30% free, 36MB/52MB, paused 1.059ms total 34.102ms
08-03 20:32:36.035 12289 12301 I art     : Starting a blocking GC Explicit
08-03 20:32:36.071 12289 12301 I art     : Explicit concurrent mark sweep GC freed 3(96B) AllocSpace objects, 0(0B) LOS objects, 30% free, 36MB/52MB, paused 1.060ms total 35.279ms
08-03 20:32:36.084 12289 12301 I art     : Starting a blocking GC Explicit
08-03 20:32:36.118 12289 12301 I art     : Explicit concurrent mark sweep GC freed 3(96B) AllocSpace objects, 0(0B) LOS objects, 30% free, 36MB/52MB, paused 1.070ms total 34.517ms
08-03 20:32:36.465 12289 12302 I art     : Starting a blocking GC Explicit
08-03 20:32:36.505 12289 12302 I art     : Explicit concurrent mark sweep GC freed 1436(82KB) AllocSpace objects, 1(20KB) LOS objects, 30% free, 36MB/52MB, paused 1.068ms total 40.074ms
08-03 20:32:36.519 12289 12302 I art     : Starting a blocking GC Explicit
08-03 20:32:36.552 12289 12302 I art     : Explicit concurrent mark sweep GC freed 22(784B) AllocSpace objects, 0(0B) LOS objects, 30% free, 36MB/52MB, paused 1.030ms total 33.189ms
08-03 20:32:36.564 12289 12302 I art     : Starting a blocking GC Explicit
08-03 20:32:36.599 12289 12302 I art     : Explicit concurrent mark sweep GC freed 3(96B) AllocSpace objects, 0(0B) LOS objects, 30% free, 36MB/52MB, paused 1.424ms total 34.412ms
08-03 20:32:36.610 12289 12302 I art     : Starting a blocking GC Explicit
08-03 20:32:36.645 12289 12302 I art     : Explicit concurrent mark sweep GC freed 3(96B) AllocSpace objects, 0(0B) LOS objects, 30% free, 36MB/52MB, paused 1.121ms total 33.969ms
08-03 20:32:36.657 12289 12302 I art     : Starting a blocking GC Explicit
08-03 20:32:36.691 12289 12302 I art     : Explicit concurrent mark sweep GC freed 3(96B) AllocSpace objects, 0(0B) LOS objects, 30% free, 36MB/52MB, paused 1.118ms total 33.396ms
08-03 20:32:37.038 12289 12302 I art     : Starting a blocking GC Explicit
08-03 20:32:37.078 12289 12302 I art     : Explicit concurrent mark sweep GC freed 1435(82KB) AllocSpace objects, 1(20KB) LOS objects, 30% free, 36MB/52MB, paused 1.274ms total 39.398ms
08-03 20:32:37.092 12289 12302 I art     : Starting a blocking GC Explicit
08-03 20:32:37.129 12289 12302 I art     : Explicit concurrent mark sweep GC freed 22(784B) AllocSpace objects, 0(0B) LOS objects, 30% free, 36MB/52MB, paused 1.108ms total 36.834ms
08-03 20:32:37.141 12289 12302 I art     : Starting a blocking GC Explicit
08-03 20:32:37.174 12289 12302 I art     : Explicit concurrent mark sweep GC freed 3(96B) AllocSpace objects, 0(0B) LOS objects, 30% free, 36MB/52MB, paused 1.088ms total 32.366ms
08-03 20:32:37.187 12289 12302 I art     : Starting a blocking GC Explicit
08-03 20:32:37.220 12289 12302 I art     : Explicit concurrent mark sweep GC freed 3(96B) AllocSpace objects, 0(0B) LOS objects, 30% free, 36MB/52MB, paused 1.020ms total 33.085ms
08-03 20:32:37.232 12289 12302 I art     : Starting a blocking GC Explicit
08-03 20:32:37.266 12289 12302 I art     : Explicit concurrent mark sweep GC freed 3(96B) AllocSpace objects, 0(0B) LOS objects, 30% free, 36MB/52MB, paused 1.223ms total 33.445ms
08-03 20:32:37.479   518   646 I ThermalEngine: ACTION: GPU - Setting GPU[0] to 390000000
08-03 20:32:37.662 12289 12521 I art     : Starting a blocking GC Explicit
08-03 20:32:37.719 12289 12521 I art     : Explicit concurrent mark sweep GC freed 1435(82KB) AllocSpace objects, 1(20KB) LOS objects, 30% free, 36MB/52MB, paused 3.176ms total 56.208ms
08-03 20:32:37.741 12289 12521 I art     : Starting a blocking GC Explicit
08-03 20:32:37.786 12289 12521 I art     : Explicit concurrent mark sweep GC freed 22(784B) AllocSpace objects, 0(0B) LOS objects, 30% free, 36MB/52MB, paused 1.702ms total 44.716ms
08-03 20:32:37.804 12289 12521 I art     : Starting a blocking GC Explicit
08-03 20:32:37.847 12289 12521 I art     : Explicit concurrent mark sweep GC freed 3(96B) AllocSpace objects, 0(0B) LOS objects, 30% free, 36MB/52MB, paused 1.927ms total 42.760ms
08-03 20:32:37.865 12289 12521 I art     : Starting a blocking GC Explicit
08-03 20:32:37.909 12289 12521 I art     : Explicit concurrent mark sweep GC freed 3(96B) AllocSpace objects, 0(0B) LOS objects, 30% free, 36MB/52MB, paused 1.892ms total 43.453ms
08-03 20:32:37.927 12289 12521 I art     : Starting a blocking GC Explicit
08-03 20:32:37.970 12289 12521 I art     : Explicit concurrent mark sweep GC freed 3(96B) AllocSpace objects, 0(0B) LOS objects, 30% free, 36MB/52MB, paused 1.678ms total 43.278ms
08-03 20:32:38.219  9822  9822 I ServiceManager: Waiting for service AtCmdFwd...
08-03 20:32:38.357 12289 12301 I art     : Starting a blocking GC Explicit
08-03 20:32:38.409 12289 12301 I art     : Explicit concurrent mark sweep GC freed 1600(91KB) AllocSpace objects, 1(20KB) LOS objects, 30% free, 36MB/52MB, paused 2.334ms total 51.871ms
08-03 20:32:38.432 12289 12301 I art     : Starting a blocking GC Explicit
08-03 20:32:38.481 12289 12301 I art     : Explicit concurrent mark sweep GC freed 28(1040B) AllocSpace objects, 0(0B) LOS objects, 30% free, 36MB/52MB, paused 2.263ms total 49.254ms
08-03 20:32:38.499 12289 12301 I art     : Starting a blocking GC Explicit
08-03 20:32:38.543 12289 12301 I art     : Explicit concurrent mark sweep GC freed 3(96B) AllocSpace objects, 0(0B) LOS objects, 30% free, 36MB/52MB, paused 1.934ms total 43.677ms
08-03 20:32:38.561 12289 12301 I art     : Starting a blocking GC Explicit
08-03 20:32:38.607 12289 12301 I art     : Explicit concurrent mark sweep GC freed 1689(65KB) AllocSpace objects, 0(0B) LOS objects, 30% free, 36MB/52MB, paused 1.860ms total 45.189ms
08-03 20:32:38.625 12289 12301 I art     : Starting a blocking GC Explicit
08-03 20:32:38.636 12289 12858 E baseline.com.newsblur.network.APIResponse: Error (unexpected end of stream on https://www.newsblur.com/...) calling https://www.newsblur.com/reader/mark_story_hashes_as_read/
08-03 20:32:38.636 12289 12858 E baseline.com.newsblur.network.APIResponse: java.io.IOException: unexpected end of stream on https://www.newsblur.com/...
08-03 20:32:38.636 12289 12858 E baseline.com.newsblur.network.APIResponse: 	at okhttp3.internal.http1.Http1ExchangeCodec.readResponseHeaders(Http1ExchangeCodec.java:236)
08-03 20:32:38.636 12289 12858 E baseline.com.newsblur.network.APIResponse: 	at okhttp3.internal.connection.Exchange.readResponseHeaders(Exchange.java:115)
08-03 20:32:38.636 12289 12858 E baseline.com.newsblur.network.APIResponse: 	at okhttp3.internal.http.CallServerInterceptor.intercept(CallServerInterceptor.java:94)
08-03 20:32:38.636 12289 12858 E baseline.com.newsblur.network.APIResponse: 	at okhttp3.internal.http.RealInterceptorChain.proceed(RealInterceptorChain.java:142)
08-03 20:32:38.636 12289 12858 E baseline.com.newsblur.network.APIResponse: 	at okhttp3.internal.connection.ConnectInterceptor.intercept(ConnectInterceptor.java:43)
08-03 20:32:38.636 12289 12858 E baseline.com.newsblur.network.APIResponse: 	at okhttp3.internal.http.RealInterceptorChain.proceed(RealInterceptorChain.java:142)
08-03 20:32:38.636 12289 12858 E baseline.com.newsblur.network.APIResponse: 	at okhttp3.internal.http.RealInterceptorChain.proceed(RealInterceptorChain.java:117)
08-03 20:32:38.636 12289 12858 E baseline.com.newsblur.network.APIResponse: 	at okhttp3.internal.cache.CacheInterceptor.intercept(CacheInterceptor.java:94)
08-03 20:32:38.636 12289 12858 E baseline.com.newsblur.network.APIResponse: 	at okhttp3.internal.http.RealInterceptorChain.proceed(RealInterceptorChain.java:142)
08-03 20:32:38.636 12289 12858 E baseline.com.newsblur.network.APIResponse: 	at okhttp3.internal.http.RealInterceptorChain.proceed(RealInterceptorChain.java:117)
08-03 20:32:38.636 12289 12858 E baseline.com.newsblur.network.APIResponse: 	at okhttp3.internal.http.BridgeInterceptor.intercept(BridgeInterceptor.java:93)
08-03 20:32:38.636 12289 12858 E baseline.com.newsblur.network.APIResponse: 	at okhttp3.internal.http.RealInterceptorChain.proceed(RealInterceptorChain.java:142)
08-03 20:32:38.636 12289 12858 E baseline.com.newsblur.network.APIResponse: 	at okhttp3.internal.http.RetryAndFollowUpInterceptor.intercept(RetryAndFollowUpInterceptor.java:88)
08-03 20:32:38.636 12289 12858 E baseline.com.newsblur.network.APIResponse: 	at okhttp3.internal.http.RealInterceptorChain.proceed(RealInterceptorChain.java:142)
08-03 20:32:38.636 12289 12858 E baseline.com.newsblur.network.APIResponse: 	at okhttp3.internal.http.RealInterceptorChain.proceed(RealInterceptorChain.java:117)
08-03 20:32:38.636 12289 12858 E baseline.com.newsblur.network.APIResponse: 	at okhttp3.RealCall.getResponseWithInterceptorChain(RealCall.java:229)
08-03 20:32:38.636 12289 12858 E baseline.com.newsblur.network.APIResponse: 	at okhttp3.RealCall.execute(RealCall.java:81)
08-03 20:32:38.636 12289 12858 E baseline.com.newsblur.network.APIResponse: 	at baseline.com.newsblur.network.APIResponse.<init>(APIResponse.java:57)
08-03 20:32:38.636 12289 12858 E baseline.com.newsblur.network.APIResponse: 	at baseline.com.newsblur.network.APIResponse.<init>(APIResponse.java:43)
08-03 20:32:38.636 12289 12858 E baseline.com.newsblur.network.APIResponse: 	at baseline.com.newsblur.network.APIManager.post_single(APIManager.java:702)
08-03 20:32:38.636 12289 12858 E baseline.com.newsblur.network.APIResponse: 	at baseline.com.newsblur.network.APIManager.post(APIManager.java:675)
08-03 20:32:38.636 12289 12858 E baseline.com.newsblur.network.APIResponse: 	at baseline.com.newsblur.network.APIManager.post(APIManager.java:714)
08-03 20:32:38.636 12289 12858 E baseline.com.newsblur.network.APIResponse: 	at baseline.com.newsblur.network.APIManager.markStoryAsRead(APIManager.java:205)
08-03 20:32:38.636 12289 12858 E baseline.com.newsblur.network.APIResponse: 	at baseline.com.newsblur.util.ReadingAction.doRemote(ReadingAction.java:281)
08-03 20:32:38.636 12289 12858 E baseline.com.newsblur.network.APIResponse: 	at baseline.com.newsblur.service.NBSyncService.syncActions(NBSyncService.java:400)
08-03 20:32:38.636 12289 12858 E baseline.com.newsblur.network.APIResponse: 	at baseline.com.newsblur.service.NBSyncService.doSync(NBSyncService.java:298)
08-03 20:32:38.636 12289 12858 E baseline.com.newsblur.network.APIResponse: 	at baseline.com.newsblur.service.NBSyncService.access$100(NBSyncService.java:67)
08-03 20:32:38.636 12289 12858 E baseline.com.newsblur.network.APIResponse: 	at baseline.com.newsblur.service.NBSyncService$1.run(NBSyncService.java:188)
08-03 20:32:38.636 12289 12858 E baseline.com.newsblur.network.APIResponse: 	at java.util.concurrent.ThreadPoolExecutor.runWorker(ThreadPoolExecutor.java:1113)
08-03 20:32:38.636 12289 12858 E baseline.com.newsblur.network.APIResponse: 	at java.util.concurrent.ThreadPoolExecutor$Worker.run(ThreadPoolExecutor.java:588)
08-03 20:32:38.636 12289 12858 E baseline.com.newsblur.network.APIResponse: 	at java.lang.Thread.run(Thread.java:818)
08-03 20:32:38.636 12289 12858 E baseline.com.newsblur.network.APIResponse: Caused by: java.io.EOFException: \n not found: limit=0 content=
08-03 20:32:38.636 12289 12858 E baseline.com.newsblur.network.APIResponse: 	at okio.RealBufferedSource.readUtf8LineStrict(RealBufferedSource.java:240)
08-03 20:32:38.636 12289 12858 E baseline.com.newsblur.network.APIResponse: 	at okhttp3.internal.http1.Http1ExchangeCodec.readHeaderLine(Http1ExchangeCodec.java:242)
08-03 20:32:38.636 12289 12858 E baseline.com.newsblur.network.APIResponse: 	at okhttp3.internal.http1.Http1ExchangeCodec.readResponseHeaders(Http1ExchangeCodec.java:213)
08-03 20:32:38.636 12289 12858 E baseline.com.newsblur.network.APIResponse: 	... 30 more
08-03 20:32:38.638 12289 12858 I baseline.com.newsblur.service.NBSyncService: Holding reading action with server-side or network error.
08-03 20:32:38.662 12289 12858 W baseline.com.newsblur.service.NBSyncService: hard API failure
08-03 20:32:38.670 12289 12301 I art     : Explicit concurrent mark sweep GC freed 860(198KB) AllocSpace objects, 2(40KB) LOS objects, 30% free, 36MB/52MB, paused 1.856ms total 45.029ms
08-03 20:32:39.034 12289 12301 I art     : Starting a blocking GC Explicit
08-03 20:32:39.081 12289 12301 I art     : Explicit concurrent mark sweep GC freed 2398(301KB) AllocSpace objects, 14(280KB) LOS objects, 30% free, 36MB/52MB, paused 1.894ms total 46.138ms
08-03 20:32:39.098 12289 12301 I art     : Starting a blocking GC Explicit
08-03 20:32:39.142 12289 12301 I art     : Explicit concurrent mark sweep GC freed 540(19KB) AllocSpace objects, 0(0B) LOS objects, 30% free, 36MB/52MB, paused 1.585ms total 43.101ms
08-03 20:32:39.159 12289 12301 I art     : Starting a blocking GC Explicit
08-03 20:32:39.203 12289 12301 I art     : Explicit concurrent mark sweep GC freed 3(96B) AllocSpace objects, 0(0B) LOS objects, 30% free, 36MB/52MB, paused 1.537ms total 43.823ms
08-03 20:32:39.219  9822  9822 I ServiceManager: Waiting for service AtCmdFwd...
08-03 20:32:39.221 12289 12301 I art     : Starting a blocking GC Explicit
08-03 20:32:39.265 12289 12301 I art     : Explicit concurrent mark sweep GC freed 3(96B) AllocSpace objects, 0(0B) LOS objects, 30% free, 36MB/52MB, paused 1.655ms total 43.156ms
08-03 20:32:39.283 12289 12301 I art     : Starting a blocking GC Explicit
08-03 20:32:39.328 12289 12301 I art     : Explicit concurrent mark sweep GC freed 3(96B) AllocSpace objects, 0(0B) LOS objects, 30% free, 36MB/52MB, paused 1.861ms total 44.494ms
08-03 20:32:39.722 12289 12521 I art     : Starting a blocking GC Explicit
08-03 20:32:39.768 12289 12521 I art     : Explicit concurrent mark sweep GC freed 1396(80KB) AllocSpace objects, 1(20KB) LOS objects, 30% free, 36MB/52MB, paused 1.907ms total 45.349ms
08-03 20:32:39.786 12289 12521 I art     : Starting a blocking GC Explicit
08-03 20:32:39.831 12289 12521 I art     : Explicit concurrent mark sweep GC freed 20(720B) AllocSpace objects, 0(0B) LOS objects, 30% free, 36MB/52MB, paused 1.663ms total 44.603ms
08-03 20:32:39.849 12289 12521 I art     : Starting a blocking GC Explicit
08-03 20:32:39.893 12289 12521 I art     : Explicit concurrent mark sweep GC freed 3(96B) AllocSpace objects, 0(0B) LOS objects, 30% free, 36MB/52MB, paused 1.551ms total 43.816ms
08-03 20:32:39.910 12289 12521 I art     : Starting a blocking GC Explicit
08-03 20:32:39.954 12289 12521 I art     : Explicit concurrent mark sweep GC freed 3(96B) AllocSpace objects, 0(0B) LOS objects, 30% free, 36MB/52MB, paused 1.654ms total 43.881ms
08-03 20:32:39.972 12289 12521 I art     : Starting a blocking GC Explicit
08-03 20:32:40.018 12289 12521 I art     : Explicit concurrent mark sweep GC freed 3(96B) AllocSpace objects, 0(0B) LOS objects, 30% free, 36MB/52MB, paused 1.976ms total 44.858ms
08-03 20:32:40.220  9822  9822 I ServiceManager: Waiting for service AtCmdFwd...
08-03 20:32:40.431 12289 12308 I art     : Starting a blocking GC Explicit
08-03 20:32:40.476 12289 12308 I art     : Explicit concurrent mark sweep GC freed 1395(80KB) AllocSpace objects, 1(20KB) LOS objects, 30% free, 36MB/52MB, paused 1.917ms total 45.012ms
08-03 20:32:40.482   518   646 I ThermalEngine: ACTION: GPU - Setting GPU[0] to 450000000
08-03 20:32:40.496 12289 12308 I art     : Starting a blocking GC Explicit
08-03 20:32:40.532 12289 12308 I art     : Explicit concurrent mark sweep GC freed 20(704B) AllocSpace objects, 0(0B) LOS objects, 30% free, 36MB/52MB, paused 1.170ms total 36.468ms
08-03 20:32:40.544 12289 12308 I art     : Starting a blocking GC Explicit
08-03 20:32:40.576 12289 12308 I art     : Explicit concurrent mark sweep GC freed 3(96B) AllocSpace objects, 0(0B) LOS objects, 30% free, 36MB/52MB, paused 1.063ms total 32.053ms
08-03 20:32:40.589 12289 12308 I art     : Starting a blocking GC Explicit
08-03 20:32:40.622 12289 12308 I art     : Explicit concurrent mark sweep GC freed 3(96B) AllocSpace objects, 0(0B) LOS objects, 30% free, 36MB/52MB, paused 1.049ms total 33.134ms
08-03 20:32:40.634 12289 12308 I art     : Starting a blocking GC Explicit
08-03 20:32:40.667 12289 12308 I art     : Explicit concurrent mark sweep GC freed 3(96B) AllocSpace objects, 0(0B) LOS objects, 30% free, 36MB/52MB, paused 1.082ms total 32.757ms
08-03 20:32:41.019 12289 12302 I art     : Starting a blocking GC Explicit
08-03 20:32:41.059 12289 12302 I art     : Explicit concurrent mark sweep GC freed 1395(80KB) AllocSpace objects, 1(20KB) LOS objects, 30% free, 36MB/52MB, paused 1.240ms total 38.940ms
08-03 20:32:41.073 12289 12302 I art     : Starting a blocking GC Explicit
08-03 20:32:41.111 12289 12302 I art     : Explicit concurrent mark sweep GC freed 20(704B) AllocSpace objects, 0(0B) LOS objects, 30% free, 36MB/52MB, paused 1.076ms total 37.988ms
08-03 20:32:41.123 12289 12302 I art     : Starting a blocking GC Explicit
08-03 20:32:41.159 12289 12302 I art     : Explicit concurrent mark sweep GC freed 3(96B) AllocSpace objects, 0(0B) LOS objects, 30% free, 36MB/52MB, paused 1.080ms total 36.192ms
08-03 20:32:41.172 12289 12302 I art     : Starting a blocking GC Explicit
08-03 20:32:41.210 12289 12302 I art     : Explicit concurrent mark sweep GC freed 3(96B) AllocSpace objects, 0(0B) LOS objects, 30% free, 36MB/52MB, paused 1.128ms total 38.077ms
08-03 20:32:41.220  9822  9822 I ServiceManager: Waiting for service AtCmdFwd...
08-03 20:32:41.222 12289 12302 I art     : Starting a blocking GC Explicit
08-03 20:32:41.258 12289 12302 I art     : Explicit concurrent mark sweep GC freed 3(96B) AllocSpace objects, 0(0B) LOS objects, 30% free, 36MB/52MB, paused 1.057ms total 36.073ms
08-03 20:32:41.620 12289 12301 I art     : Starting a blocking GC Explicit
08-03 20:32:41.658 12289 12301 I art     : Explicit concurrent mark sweep GC freed 1395(80KB) AllocSpace objects, 1(20KB) LOS objects, 30% free, 36MB/52MB, paused 1.151ms total 37.181ms
08-03 20:32:41.670 12289 12301 I art     : Starting a blocking GC Explicit
08-03 20:32:41.708 12289 12301 I art     : Explicit concurrent mark sweep GC freed 20(704B) AllocSpace objects, 0(0B) LOS objects, 30% free, 36MB/52MB, paused 1.173ms total 38.392ms
08-03 20:32:41.721 12289 12301 I art     : Starting a blocking GC Explicit
08-03 20:32:41.759 12289 12301 I art     : Explicit concurrent mark sweep GC freed 3(96B) AllocSpace objects, 0(0B) LOS objects, 30% free, 36MB/52MB, paused 1.081ms total 37.910ms
08-03 20:32:41.771 12289 12301 I art     : Starting a blocking GC Explicit
08-03 20:32:41.808 12289 12301 I art     : Explicit concurrent mark sweep GC freed 3(96B) AllocSpace objects, 0(0B) LOS objects, 30% free, 36MB/52MB, paused 1.194ms total 36.575ms
08-03 20:32:41.820 12289 12301 I art     : Starting a blocking GC Explicit
08-03 20:32:41.859 12289 12301 I art     : Explicit concurrent mark sweep GC freed 3(96B) AllocSpace objects, 0(0B) LOS objects, 30% free, 36MB/52MB, paused 1.099ms total 38.407ms
08-03 20:32:42.221  9822  9822 I ServiceManager: Waiting for service AtCmdFwd...
08-03 20:32:42.234 12289 12521 I art     : Starting a blocking GC Explicit
08-03 20:32:42.271 12289 12521 I art     : Explicit concurrent mark sweep GC freed 1395(80KB) AllocSpace objects, 1(20KB) LOS objects, 30% free, 36MB/52MB, paused 1.242ms total 36.935ms
08-03 20:32:42.286 12289 12521 I art     : Starting a blocking GC Explicit
08-03 20:32:42.323 12289 12521 I art     : Explicit concurrent mark sweep GC freed 20(704B) AllocSpace objects, 0(0B) LOS objects, 30% free, 36MB/52MB, paused 1.114ms total 36.701ms
08-03 20:32:42.334 12289 12521 I art     : Starting a blocking GC Explicit
08-03 20:32:42.371 12289 12521 I art     : Explicit concurrent mark sweep GC freed 14(944B) AllocSpace objects, 0(0B) LOS objects, 30% free, 36MB/52MB, paused 1.210ms total 35.903ms
08-03 20:32:42.383 12289 12521 I art     : Starting a blocking GC Explicit
08-03 20:32:42.418 12289 12521 I art     : Explicit concurrent mark sweep GC freed 11(256B) AllocSpace objects, 0(0B) LOS objects, 30% free, 36MB/52MB, paused 1.146ms total 35.128ms
08-03 20:32:42.430 12289 12521 I art     : Starting a blocking GC Explicit
08-03 20:32:42.467 12289 12521 I art     : Explicit concurrent mark sweep GC freed 9(320B) AllocSpace objects, 0(0B) LOS objects, 30% free, 36MB/52MB, paused 1.132ms total 36.402ms
08-03 20:32:42.833 12289 12308 I art     : Starting a blocking GC Explicit
08-03 20:32:42.871 12289 12308 I art     : Explicit concurrent mark sweep GC freed 1395(80KB) AllocSpace objects, 1(20KB) LOS objects, 30% free, 36MB/52MB, paused 1.176ms total 38.335ms
08-03 20:32:42.886 12289 12308 I art     : Starting a blocking GC Explicit
08-03 20:32:42.922 12289 12308 I art     : Explicit concurrent mark sweep GC freed 20(704B) AllocSpace objects, 0(0B) LOS objects, 30% free, 36MB/52MB, paused 1.123ms total 36.639ms
08-03 20:32:42.934 12289 12308 I art     : Starting a blocking GC Explicit
08-03 20:32:42.971 12289 12308 I art     : Explicit concurrent mark sweep GC freed 3(96B) AllocSpace objects, 0(0B) LOS objects, 30% free, 36MB/52MB, paused 1.100ms total 36.214ms
08-03 20:32:42.983 12289 12308 I art     : Starting a blocking GC Explicit
08-03 20:32:43.019 12289 12308 I art     : Explicit concurrent mark sweep GC freed 3(96B) AllocSpace objects, 0(0B) LOS objects, 30% free, 36MB/52MB, paused 1.167ms total 35.533ms
08-03 20:32:43.031 12289 12308 I art     : Starting a blocking GC Explicit
08-03 20:32:43.068 12289 12308 I art     : Explicit concurrent mark sweep GC freed 3(96B) AllocSpace objects, 0(0B) LOS objects, 30% free, 36MB/52MB, paused 1.110ms total 36.938ms
08-03 20:32:43.222  9822  9822 W Atfwd_Sendcmd: AtCmdFwd service not published, waiting... retryCnt : 2
08-03 20:32:43.439 12289 12302 I art     : Starting a blocking GC Explicit
08-03 20:32:43.477 12289 12302 I art     : Explicit concurrent mark sweep GC freed 1395(80KB) AllocSpace objects, 1(20KB) LOS objects, 30% free, 36MB/52MB, paused 1.106ms total 37.840ms
08-03 20:32:43.491 12289 12302 I art     : Starting a blocking GC Explicit
08-03 20:32:43.528 12289 12302 I art     : Explicit concurrent mark sweep GC freed 20(704B) AllocSpace objects, 0(0B) LOS objects, 30% free, 36MB/52MB, paused 1.248ms total 36.440ms
08-03 20:32:43.540 12289 12302 I art     : Starting a blocking GC Explicit
08-03 20:32:43.575 12289 12302 I art     : Explicit concurrent mark sweep GC freed 3(96B) AllocSpace objects, 0(0B) LOS objects, 30% free, 36MB/52MB, paused 1.067ms total 34.938ms
08-03 20:32:43.588 12289 12302 I art     : Starting a blocking GC Explicit
08-03 20:32:43.623 12289 12302 I art     : Explicit concurrent mark sweep GC freed 3(96B) AllocSpace objects, 0(0B) LOS objects, 30% free, 36MB/52MB, paused 1.081ms total 35.505ms
08-03 20:32:43.635 12289 12302 I art     : Starting a blocking GC Explicit
08-03 20:32:43.672 12289 12302 I art     : Explicit concurrent mark sweep GC freed 3(96B) AllocSpace objects, 0(0B) LOS objects, 30% free, 36MB/52MB, paused 1.128ms total 36.755ms
08-03 20:32:44.026 12289 12301 I art     : Starting a blocking GC Explicit
08-03 20:32:44.061 12289 12301 I art     : Explicit concurrent mark sweep GC freed 1395(80KB) AllocSpace objects, 1(20KB) LOS objects, 30% free, 36MB/52MB, paused 1.116ms total 33.965ms
08-03 20:32:44.073 12289 12301 I art     : Starting a blocking GC Explicit
08-03 20:32:44.107 12289 12301 I art     : Explicit concurrent mark sweep GC freed 20(704B) AllocSpace objects, 0(0B) LOS objects, 30% free, 36MB/52MB, paused 1.161ms total 33.497ms
08-03 20:32:44.119 12289 12301 I art     : Starting a blocking GC Explicit
08-03 20:32:44.156 12289 12301 I art     : Explicit concurrent mark sweep GC freed 3(96B) AllocSpace objects, 0(0B) LOS objects, 30% free, 36MB/52MB, paused 1.143ms total 36.290ms
08-03 20:32:44.168 12289 12301 I art     : Starting a blocking GC Explicit
08-03 20:32:44.205 12289 12301 I art     : Explicit concurrent mark sweep GC freed 3(96B) AllocSpace objects, 0(0B) LOS objects, 30% free, 36MB/52MB, paused 1.124ms total 37.142ms
08-03 20:32:44.217 12289 12301 I art     : Starting a blocking GC Explicit
08-03 20:32:44.253 12289 12301 I art     : Explicit concurrent mark sweep GC freed 3(96B) AllocSpace objects, 0(0B) LOS objects, 30% free, 36MB/52MB, paused 1.177ms total 35.946ms
08-03 20:32:44.521 13076 13076 D AndroidRuntime: >>>>>> START com.android.internal.os.RuntimeInit uid 2000 <<<<<<
08-03 20:32:44.527 13076 13076 D AndroidRuntime: CheckJNI is OFF
08-03 20:32:44.571 13076 13076 D ICU     : No timezone override file found: /data/misc/zoneinfo/current/icu/icu_tzdata.dat
08-03 20:32:44.607 12289 12521 I art     : Starting a blocking GC Explicit
08-03 20:32:44.614 13076 13076 I Radio-JNI: register_android_hardware_Radio DONE
08-03 20:32:44.644 13076 13076 D AndroidRuntime: Calling main entry com.android.commands.input.Input
08-03 20:32:44.645 12289 12521 I art     : Explicit concurrent mark sweep GC freed 1395(80KB) AllocSpace objects, 1(20KB) LOS objects, 30% free, 36MB/52MB, paused 1.237ms total 37.674ms
08-03 20:32:44.646 13076 13076 I Input   : injectKeyEvent: KeyEvent { action=ACTION_DOWN, keyCode=KEYCODE_BACK, scanCode=0, metaState=0, flags=0x0, repeatCount=0, eventTime=649981058, downTime=649981058, deviceId=-1, source=0x101 }
08-03 20:32:44.656 13076 13076 I Input   : injectKeyEvent: KeyEvent { action=ACTION_UP, keyCode=KEYCODE_BACK, scanCode=0, metaState=0, flags=0x0, repeatCount=0, eventTime=649981058, downTime=649981058, deviceId=-1, source=0x101 }
08-03 20:32:44.657 12289 12521 I art     : Starting a blocking GC Explicit
08-03 20:32:44.664 13076 13076 D AndroidRuntime: Shutting down VM
08-03 20:32:44.691 12289 12521 I art     : Explicit concurrent mark sweep GC freed 224(38KB) AllocSpace objects, 2(40KB) LOS objects, 30% free, 36MB/52MB, paused 1.313ms total 33.637ms
08-03 20:32:44.702 12289 12521 I art     : Starting a blocking GC Explicit
08-03 20:32:44.732 12289 12521 I art     : Explicit concurrent mark sweep GC freed 44(1648B) AllocSpace objects, 0(0B) LOS objects, 30% free, 36MB/52MB, paused 1.049ms total 29.820ms
08-03 20:32:44.743 12289 12521 I art     : Starting a blocking GC Explicit
08-03 20:32:44.774 12289 12521 I art     : Explicit concurrent mark sweep GC freed 4(1120B) AllocSpace objects, 0(0B) LOS objects, 30% free, 36MB/52MB, paused 1.151ms total 30.642ms
08-03 20:32:44.774 12289 12300 I art     : WaitForGcToComplete blocked for 6.526ms for cause HeapTrim
08-03 20:32:44.787 12289 12521 I art     : Starting a blocking GC Explicit
08-03 20:32:44.808 13866 13866 I GoogleInputMethodServic: GoogleInputMethodService.onFinishInput():3138 
08-03 20:32:44.809 13866 13866 I GoogleInputMethodServic: GoogleInputMethodService.onStartInput():1808 
08-03 20:32:44.825 12289 12521 I art     : Explicit concurrent mark sweep GC freed 2236(192KB) AllocSpace objects, 6(120KB) LOS objects, 30% free, 36MB/52MB, paused 1.664ms total 36.695ms
08-03 20:32:45.153 12289 12301 I art     : Starting a blocking GC Explicit
08-03 20:32:45.191 12289 12301 I art     : Explicit concurrent mark sweep GC freed 3565(198KB) AllocSpace objects, 3(68KB) LOS objects, 30% free, 36MB/52MB, paused 1.378ms total 37.872ms
08-03 20:32:45.203 12289 12301 I art     : Starting a blocking GC Explicit
08-03 20:32:45.237 12289 12301 I art     : Explicit concurrent mark sweep GC freed 138(9KB) AllocSpace objects, 0(0B) LOS objects, 30% free, 36MB/52MB, paused 1.190ms total 33.520ms
08-03 20:32:45.248 12289 12301 I art     : Starting a blocking GC Explicit
08-03 20:32:45.283 12289 12301 I art     : Explicit concurrent mark sweep GC freed 132(6KB) AllocSpace objects, 0(0B) LOS objects, 30% free, 36MB/52MB, paused 1.287ms total 33.914ms
08-03 20:32:45.294 12289 12301 I art     : Starting a blocking GC Explicit
08-03 20:32:45.329 12289 12301 I art     : Explicit concurrent mark sweep GC freed 12(448B) AllocSpace objects, 0(0B) LOS objects, 30% free, 36MB/52MB, paused 1.169ms total 34.792ms
08-03 20:32:45.342 12289 12301 I art     : Starting a blocking GC Explicit
08-03 20:32:45.381 12289 12301 I art     : Explicit concurrent mark sweep GC freed 2365(123KB) AllocSpace objects, 2(120KB) LOS objects, 30% free, 36MB/52MB, paused 1.457ms total 37.870ms
08-03 20:32:45.417 12289 13099 I NAPPA_EXPERIMENTATION: MetricNetworkRequestExecutionTime: REQUEST_DURATION_SYSTEM='592',REQUEST_DURATION_OKHTTP='38',REQUEST_SYNCHRONOUS='TRUE',RESPONSE_CODE='200',RESPONSE_METHOD='GET',RESPONSE_LENGTH_OKHTTP='-1',RESPONSE_LENGTH_HEADER='12364',REQUEST_PROTOCOL='http/1.1',REQUEST_URL='https://www.newsblur.com/social/river_stories?order=newest&page=2&read_filter=all&global_feed=true',
08-03 20:32:45.417 12289 13099 D MY_TAG  : 0, 592
08-03 20:32:45.544   918   937 W ProcessCpuTracker: Skipping unknown process pid 13113
08-03 20:32:45.711 12289 12308 I art     : Starting a blocking GC Explicit
08-03 20:32:45.749 12289 12308 I art     : Explicit concurrent mark sweep GC freed 36060(2MB) AllocSpace objects, 34(940KB) LOS objects, 30% free, 36MB/52MB, paused 1.062ms total 37.197ms
08-03 20:32:45.760 12289 12308 I art     : Starting a blocking GC Explicit
08-03 20:32:45.792 12289 12308 I art     : Explicit concurrent mark sweep GC freed 2378(202KB) AllocSpace objects, 0(0B) LOS objects, 30% free, 36MB/52MB, paused 1.055ms total 32.040ms
08-03 20:32:45.804 12289 12308 I art     : Starting a blocking GC Explicit
08-03 20:32:45.836 12289 12308 I art     : Explicit concurrent mark sweep GC freed 8(256B) AllocSpace objects, 0(0B) LOS objects, 30% free, 36MB/52MB, paused 1.160ms total 32.059ms
08-03 20:32:45.847 12289 12308 I art     : Starting a blocking GC Explicit
08-03 20:32:45.880 12289 12308 I art     : Explicit concurrent mark sweep GC freed 8(256B) AllocSpace objects, 0(0B) LOS objects, 30% free, 36MB/52MB, paused 1.094ms total 32.706ms
08-03 20:32:45.893 12289 12308 I art     : Starting a blocking GC Explicit
08-03 20:32:45.928 12289 12308 I art     : Explicit concurrent mark sweep GC freed 9(288B) AllocSpace objects, 0(0B) LOS objects, 30% free, 36MB/52MB, paused 1.261ms total 34.717ms
08-03 20:32:46.266 12289 12308 I art     : Starting a blocking GC Explicit
08-03 20:32:46.303 12289 12308 I art     : Explicit concurrent mark sweep GC freed 1436(81KB) AllocSpace objects, 1(20KB) LOS objects, 30% free, 36MB/52MB, paused 1.199ms total 36.827ms
08-03 20:32:46.315 12289 12308 I art     : Starting a blocking GC Explicit
08-03 20:32:46.351 12289 12308 I art     : Explicit concurrent mark sweep GC freed 20(704B) AllocSpace objects, 0(0B) LOS objects, 30% free, 36MB/52MB, paused 1.234ms total 36.148ms
08-03 20:32:46.363 12289 12308 I art     : Starting a blocking GC Explicit
08-03 20:32:46.399 12289 12308 I art     : Explicit concurrent mark sweep GC freed 3(96B) AllocSpace objects, 0(0B) LOS objects, 30% free, 36MB/52MB, paused 1.244ms total 35.748ms
08-03 20:32:46.411 12289 12308 I art     : Starting a blocking GC Explicit
08-03 20:32:46.427 13125 13125 D AndroidRuntime: >>>>>> START com.android.internal.os.RuntimeInit uid 2000 <<<<<<
08-03 20:32:46.432 13125 13125 D AndroidRuntime: CheckJNI is OFF
08-03 20:32:46.447 12289 12308 I art     : Explicit concurrent mark sweep GC freed 3(96B) AllocSpace objects, 0(0B) LOS objects, 30% free, 36MB/52MB, paused 1.185ms total 35.572ms
08-03 20:32:46.459 12289 12308 I art     : Starting a blocking GC Explicit
08-03 20:32:46.478 13125 13125 D ICU     : No timezone override file found: /data/misc/zoneinfo/current/icu/icu_tzdata.dat
08-03 20:32:46.494 12289 12308 I art     : Explicit concurrent mark sweep GC freed 3(96B) AllocSpace objects, 0(0B) LOS objects, 30% free, 36MB/52MB, paused 1.258ms total 35.002ms
08-03 20:32:46.523 13125 13125 I Radio-JNI: register_android_hardware_Radio DONE
08-03 20:32:46.552 13125 13125 D AndroidRuntime: Calling main entry com.android.commands.input.Input
08-03 20:32:46.555 13125 13125 I Input   : injectMotionEvent: MotionEvent { action=ACTION_DOWN, actionButton=0, id[0]=0, x[0]=435.0, y[0]=858.0, toolType[0]=TOOL_TYPE_UNKNOWN, buttonState=0, metaState=0, flags=0x0, edgeFlags=0x0, pointerCount=1, historySize=0, eventTime=649982967, downTime=649982967, deviceId=0, source=0x1002 }
08-03 20:32:46.561 13125 13125 I Input   : injectMotionEvent: MotionEvent { action=ACTION_UP, actionButton=0, id[0]=0, x[0]=435.0, y[0]=858.0, toolType[0]=TOOL_TYPE_UNKNOWN, buttonState=0, metaState=0, flags=0x0, edgeFlags=0x0, pointerCount=1, historySize=0, eventTime=649982967, downTime=649982967, deviceId=0, source=0x1002 }
08-03 20:32:46.564 13125 13125 D AndroidRuntime: Shutting down VM
08-03 20:32:46.576   512  2967 D audio_hw_primary: out_set_parameters: enter: usecase(1: low-latency-playback) kvpairs: routing=2
08-03 20:32:46.577   918  3696 I ActivityManager: START u0 {cmp=baseline.com.newsblur/.activity.GlobalSharedStoriesReading (has extras)} from uid 10625 on display 0
08-03 20:32:46.589   512  2967 D audio_hw_primary: select_devices: out_snd_device(2: speaker) in_snd_device(0: none)
08-03 20:32:46.589   512  2967 D msm8974_platform: platform_send_audio_calibration: sending audio calibration for snd_device(2) acdb_id(15)
08-03 20:32:46.589   512  2967 I soundtrigger: audio_extn_sound_trigger_update_device_status: device 0x2 of type 0 for Event 1
08-03 20:32:46.603   512  2967 D audio_hw_primary: enable_snd_device: snd_device(2: speaker)
08-03 20:32:46.606   512  2967 D audio_hw_primary: enable_audio_route: apply and update mixer path: low-latency-playback speaker
08-03 20:32:46.821   918   936 I ActivityManager: Displayed baseline.com.newsblur/.activity.GlobalSharedStoriesReading: +232ms
08-03 20:32:46.821 13866 13866 I GoogleInputMethodServic: GoogleInputMethodService.onFinishInput():3138 
08-03 20:32:46.822 13866 13866 I GoogleInputMethodServic: GoogleInputMethodService.onStartInput():1808 
08-03 20:32:46.822 12289 12521 I art     : Starting a blocking GC Explicit
08-03 20:32:46.862 12289 12521 I art     : Explicit concurrent mark sweep GC freed 3838(309KB) AllocSpace objects, 8(588KB) LOS objects, 30% free, 37MB/53MB, paused 1.824ms total 39.136ms
08-03 20:32:46.874 12289 12521 I art     : Starting a blocking GC Explicit
08-03 20:32:46.914 12289 12521 I art     : Explicit concurrent mark sweep GC freed 1696(105KB) AllocSpace objects, 1(20KB) LOS objects, 30% free, 37MB/53MB, paused 1.876ms total 39.375ms
08-03 20:32:46.927 12289 12521 I art     : Starting a blocking GC Explicit
08-03 20:32:46.965 12289 12521 I art     : Explicit concurrent mark sweep GC freed 1341(74KB) AllocSpace objects, 1(20KB) LOS objects, 29% free, 37MB/53MB, paused 1.478ms total 37.947ms
08-03 20:32:46.977 12289 12521 I art     : Starting a blocking GC Explicit
08-03 20:32:47.017 12289 12521 I art     : Explicit concurrent mark sweep GC freed 840(77KB) AllocSpace objects, 10(244KB) LOS objects, 30% free, 37MB/53MB, paused 1.190ms total 39.668ms
08-03 20:32:47.040 12289 12521 I art     : Starting a blocking GC Explicit
08-03 20:32:47.079 12289 12521 I art     : Explicit concurrent mark sweep GC freed 1453(144KB) AllocSpace objects, 2(40KB) LOS objects, 29% free, 37MB/53MB, paused 1.738ms total 38.137ms
08-03 20:32:47.140   512  2967 D audio_hw_primary: disable_audio_route: reset and update mixer path: low-latency-playback speaker
08-03 20:32:47.140   512  2967 D audio_hw_primary: disable_snd_device: snd_device(2: speaker)
08-03 20:32:47.147 12289 12854 E chromium: [ERROR:tile_manager.cc(793)] WARNING: tile memory limits exceeded, some content may not draw
08-03 20:32:47.148 12289 12854 E chromium: [ERROR:tile_manager.cc(793)] WARNING: tile memory limits exceeded, some content may not draw
08-03 20:32:47.149   512  2967 I soundtrigger: audio_extn_sound_trigger_update_device_status: device 0x2 of type 0 for Event 0
08-03 20:32:47.413 12289 12521 I art     : Starting a blocking GC Explicit
08-03 20:32:47.457 12289 12521 I art     : Explicit concurrent mark sweep GC freed 4663(346KB) AllocSpace objects, 8(168KB) LOS objects, 29% free, 37MB/53MB, paused 1.277ms total 44.020ms
08-03 20:32:47.471 12289 12521 I art     : Starting a blocking GC Explicit
08-03 20:32:47.511 12289 12521 I art     : Explicit concurrent mark sweep GC freed 989(47KB) AllocSpace objects, 0(0B) LOS objects, 29% free, 37MB/53MB, paused 1.231ms total 39.461ms
08-03 20:32:47.524 12289 12521 I art     : Starting a blocking GC Explicit
08-03 20:32:47.563 12289 12521 I art     : Explicit concurrent mark sweep GC freed 3(96B) AllocSpace objects, 0(0B) LOS objects, 29% free, 37MB/53MB, paused 1.168ms total 38.929ms
08-03 20:32:47.577 12289 12521 I art     : Starting a blocking GC Explicit
08-03 20:32:47.617 12289 12521 I art     : Explicit concurrent mark sweep GC freed 1556(92KB) AllocSpace objects, 2(120KB) LOS objects, 29% free, 37MB/53MB, paused 1.814ms total 39.854ms
08-03 20:32:47.629 12289 12521 I art     : Starting a blocking GC Explicit
08-03 20:32:47.666 12289 12521 I art     : Explicit concurrent mark sweep GC freed 1744(144KB) AllocSpace objects, 1(80KB) LOS objects, 29% free, 37MB/53MB, paused 1.177ms total 36.044ms
08-03 20:32:47.668 12289 13159 E baseline.com.newsblur.network.APIResponse: Error (unexpected end of stream on https://www.newsblur.com/...) calling https://www.newsblur.com/reader/mark_story_hashes_as_read/
08-03 20:32:47.668 12289 13159 E baseline.com.newsblur.network.APIResponse: java.io.IOException: unexpected end of stream on https://www.newsblur.com/...
08-03 20:32:47.668 12289 13159 E baseline.com.newsblur.network.APIResponse: 	at okhttp3.internal.http1.Http1ExchangeCodec.readResponseHeaders(Http1ExchangeCodec.java:236)
08-03 20:32:47.668 12289 13159 E baseline.com.newsblur.network.APIResponse: 	at okhttp3.internal.connection.Exchange.readResponseHeaders(Exchange.java:115)
08-03 20:32:47.668 12289 13159 E baseline.com.newsblur.network.APIResponse: 	at okhttp3.internal.http.CallServerInterceptor.intercept(CallServerInterceptor.java:94)
08-03 20:32:47.668 12289 13159 E baseline.com.newsblur.network.APIResponse: 	at okhttp3.internal.http.RealInterceptorChain.proceed(RealInterceptorChain.java:142)
08-03 20:32:47.668 12289 13159 E baseline.com.newsblur.network.APIResponse: 	at okhttp3.internal.connection.ConnectInterceptor.intercept(ConnectInterceptor.java:43)
08-03 20:32:47.668 12289 13159 E baseline.com.newsblur.network.APIResponse: 	at okhttp3.internal.http.RealInterceptorChain.proceed(RealInterceptorChain.java:142)
08-03 20:32:47.668 12289 13159 E baseline.com.newsblur.network.APIResponse: 	at okhttp3.internal.http.RealInterceptorChain.proceed(RealInterceptorChain.java:117)
08-03 20:32:47.668 12289 13159 E baseline.com.newsblur.network.APIResponse: 	at okhttp3.internal.cache.CacheInterceptor.intercept(CacheInterceptor.java:94)
08-03 20:32:47.668 12289 13159 E baseline.com.newsblur.network.APIResponse: 	at okhttp3.internal.http.RealInterceptorChain.proceed(RealInterceptorChain.java:142)
08-03 20:32:47.668 12289 13159 E baseline.com.newsblur.network.APIResponse: 	at okhttp3.internal.http.RealInterceptorChain.proceed(RealInterceptorChain.java:117)
08-03 20:32:47.668 12289 13159 E baseline.com.newsblur.network.APIResponse: 	at okhttp3.internal.http.BridgeInterceptor.intercept(BridgeInterceptor.java:93)
08-03 20:32:47.668 12289 13159 E baseline.com.newsblur.network.APIResponse: 	at okhttp3.internal.http.RealInterceptorChain.proceed(RealInterceptorChain.java:142)
08-03 20:32:47.668 12289 13159 E baseline.com.newsblur.network.APIResponse: 	at okhttp3.internal.http.RetryAndFollowUpInterceptor.intercept(RetryAndFollowUpInterceptor.java:88)
08-03 20:32:47.668 12289 13159 E baseline.com.newsblur.network.APIResponse: 	at okhttp3.internal.http.RealInterceptorChain.proceed(RealInterceptorChain.java:142)
08-03 20:32:47.668 12289 13159 E baseline.com.newsblur.network.APIResponse: 	at okhttp3.internal.http.RealInterceptorChain.proceed(RealInterceptorChain.java:117)
08-03 20:32:47.668 12289 13159 E baseline.com.newsblur.network.APIResponse: 	at okhttp3.RealCall.getResponseWithInterceptorChain(RealCall.java:229)
08-03 20:32:47.668 12289 13159 E baseline.com.newsblur.network.APIResponse: 	at okhttp3.RealCall.execute(RealCall.java:81)
08-03 20:32:47.668 12289 13159 E baseline.com.newsblur.network.APIResponse: 	at baseline.com.newsblur.network.APIResponse.<init>(APIResponse.java:57)
08-03 20:32:47.668 12289 13159 E baseline.com.newsblur.network.APIResponse: 	at baseline.com.newsblur.network.APIResponse.<init>(APIResponse.java:43)
08-03 20:32:47.668 12289 13159 E baseline.com.newsblur.network.APIResponse: 	at baseline.com.newsblur.network.APIManager.post_single(APIManager.java:702)
08-03 20:32:47.668 12289 13159 E baseline.com.newsblur.network.APIResponse: 	at baseline.com.newsblur.network.APIManager.post(APIManager.java:675)
08-03 20:32:47.668 12289 13159 E baseline.com.newsblur.network.APIResponse: 	at baseline.com.newsblur.network.APIManager.post(APIManager.java:714)
08-03 20:32:47.668 12289 13159 E baseline.com.newsblur.network.APIResponse: 	at baseline.com.newsblur.network.APIManager.markStoryAsRead(APIManager.java:205)
08-03 20:32:47.668 12289 13159 E baseline.com.newsblur.network.APIResponse: 	at baseline.com.newsblur.util.ReadingAction.doRemote(ReadingAction.java:281)
08-03 20:32:47.668 12289 13159 E baseline.com.newsblur.network.APIResponse: 	at baseline.com.newsblur.service.NBSyncService.syncActions(NBSyncService.java:400)
08-03 20:32:47.668 12289 13159 E baseline.com.newsblur.network.APIResponse: 	at baseline.com.newsblur.service.NBSyncService.doSync(NBSyncService.java:298)
08-03 20:32:47.668 12289 13159 E baseline.com.newsblur.network.APIResponse: 	at baseline.com.newsblur.service.NBSyncService.access$100(NBSyncService.java:67)
08-03 20:32:47.668 12289 13159 E baseline.com.newsblur.network.APIResponse: 	at baseline.com.newsblur.service.NBSyncService$1.run(NBSyncService.java:188)
08-03 20:32:47.668 12289 13159 E baseline.com.newsblur.network.APIResponse: 	at java.util.concurrent.ThreadPoolExecutor.runWorker(ThreadPoolExecutor.java:1113)
08-03 20:32:47.668 12289 13159 E baseline.com.newsblur.network.APIResponse: 	at java.util.concurrent.ThreadPoolExecutor$Worker.run(ThreadPoolExecutor.java:588)
08-03 20:32:47.668 12289 13159 E baseline.com.newsblur.network.APIResponse: 	at java.lang.Thread.run(Thread.java:818)
08-03 20:32:47.668 12289 13159 E baseline.com.newsblur.network.APIResponse: Caused by: java.io.EOFException: \n not found: limit=0 content=
08-03 20:32:47.668 12289 13159 E baseline.com.newsblur.network.APIResponse: 	at okio.RealBufferedSource.readUtf8LineStrict(RealBufferedSource.java:240)
08-03 20:32:47.668 12289 13159 E baseline.com.newsblur.network.APIResponse: 	at okhttp3.internal.http1.Http1ExchangeCodec.readHeaderLine(Http1ExchangeCodec.java:242)
08-03 20:32:47.668 12289 13159 E baseline.com.newsblur.network.APIResponse: 	at okhttp3.internal.http1.Http1ExchangeCodec.readResponseHeaders(Http1ExchangeCodec.java:213)
08-03 20:32:47.668 12289 13159 E baseline.com.newsblur.network.APIResponse: 	... 30 more
08-03 20:32:47.669 12289 13159 I baseline.com.newsblur.network.APIManager: API call failed, pausing before retry number 1
08-03 20:32:48.020 12289 12301 I art     : Starting a blocking GC Explicit
08-03 20:32:48.064 12289 12301 I art     : Explicit concurrent mark sweep GC freed 2280(294KB) AllocSpace objects, 3(60KB) LOS objects, 29% free, 37MB/53MB, paused 1.223ms total 43.824ms
08-03 20:32:48.078 12289 12301 I art     : Starting a blocking GC Explicit
08-03 20:32:48.115 12289 12301 I art     : Explicit concurrent mark sweep GC freed 66(2480B) AllocSpace objects, 0(0B) LOS objects, 29% free, 37MB/53MB, paused 1.109ms total 36.767ms
08-03 20:32:48.127 12289 12301 I art     : Starting a blocking GC Explicit
08-03 20:32:48.145 12289 12854 E chromium: [ERROR:tile_manager.cc(793)] WARNING: tile memory limits exceeded, some content may not draw
08-03 20:32:48.145 12289 12854 E chromium: [ERROR:tile_manager.cc(793)] WARNING: tile memory limits exceeded, some content may not draw
08-03 20:32:48.158 12289 12854 E chromium: [ERROR:tile_manager.cc(793)] WARNING: tile memory limits exceeded, some content may not draw
08-03 20:32:48.159 12289 12854 E chromium: [ERROR:tile_manager.cc(793)] WARNING: tile memory limits exceeded, some content may not draw
08-03 20:32:48.166 12289 12301 I art     : Explicit concurrent mark sweep GC freed 44(1360B) AllocSpace objects, 0(0B) LOS objects, 29% free, 37MB/53MB, paused 1.352ms total 38.372ms
08-03 20:32:48.175 12289 12854 E chromium: [ERROR:tile_manager.cc(793)] WARNING: tile memory limits exceeded, some content may not draw
08-03 20:32:48.177 12289 12854 E chromium: [ERROR:tile_manager.cc(793)] WARNING: tile memory limits exceeded, some content may not draw
08-03 20:32:48.179 12289 12301 I art     : Starting a blocking GC Explicit
08-03 20:32:48.215 12289 12301 I art     : Explicit concurrent mark sweep GC freed 22(688B) AllocSpace objects, 0(0B) LOS objects, 29% free, 37MB/53MB, paused 1.095ms total 35.269ms
08-03 20:32:48.227 12289 12301 I art     : Starting a blocking GC Explicit
08-03 20:32:48.263 12289 12301 I art     : Explicit concurrent mark sweep GC freed 21(672B) AllocSpace objects, 0(0B) LOS objects, 29% free, 37MB/53MB, paused 1.097ms total 35.792ms
08-03 20:32:48.622 12289 12302 I art     : Starting a blocking GC Explicit
08-03 20:32:48.667 12289 12302 I art     : Explicit concurrent mark sweep GC freed 1481(84KB) AllocSpace objects, 1(20KB) LOS objects, 29% free, 37MB/53MB, paused 1.204ms total 44.511ms
08-03 20:32:48.681 12289 12302 I art     : Starting a blocking GC Explicit
08-03 20:32:48.721 12289 12302 I art     : Explicit concurrent mark sweep GC freed 22(784B) AllocSpace objects, 0(0B) LOS objects, 29% free, 37MB/53MB, paused 1.310ms total 40.367ms
08-03 20:32:48.734 12289 12302 I art     : Starting a blocking GC Explicit
08-03 20:32:48.775 12289 12302 I art     : Explicit concurrent mark sweep GC freed 3(96B) AllocSpace objects, 0(0B) LOS objects, 29% free, 37MB/53MB, paused 1.318ms total 41.391ms
08-03 20:32:48.789 12289 12302 I art     : Starting a blocking GC Explicit
08-03 20:32:48.831 12289 12302 I art     : Explicit concurrent mark sweep GC freed 3(96B) AllocSpace objects, 0(0B) LOS objects, 29% free, 37MB/53MB, paused 1.194ms total 41.715ms
08-03 20:32:48.845 12289 12302 I art     : Starting a blocking GC Explicit
08-03 20:32:48.886 12289 12302 I art     : Explicit concurrent mark sweep GC freed 3(96B) AllocSpace objects, 0(0B) LOS objects, 29% free, 37MB/53MB, paused 1.254ms total 40.812ms
08-03 20:32:49.257 12289 12301 I art     : Starting a blocking GC Explicit
08-03 20:32:49.327 12289 12301 I art     : Explicit concurrent mark sweep GC freed 1602(91KB) AllocSpace objects, 1(20KB) LOS objects, 29% free, 37MB/53MB, paused 1.944ms total 69.749ms
08-03 20:32:49.347 12289 12301 I art     : Starting a blocking GC Explicit
08-03 20:32:49.390 12289 12301 I art     : Explicit concurrent mark sweep GC freed 28(1040B) AllocSpace objects, 0(0B) LOS objects, 29% free, 37MB/53MB, paused 1.291ms total 42.778ms
08-03 20:32:49.404 12289 12301 I art     : Starting a blocking GC Explicit
08-03 20:32:49.441 12289 12301 I art     : Explicit concurrent mark sweep GC freed 3(96B) AllocSpace objects, 0(0B) LOS objects, 29% free, 37MB/53MB, paused 1.187ms total 37.119ms
08-03 20:32:49.453 12289 12301 I art     : Starting a blocking GC Explicit
08-03 20:32:49.493 12289 12301 I art     : Explicit concurrent mark sweep GC freed 3(96B) AllocSpace objects, 0(0B) LOS objects, 29% free, 37MB/53MB, paused 1.284ms total 40.383ms
08-03 20:32:49.506 12289 12301 I art     : Starting a blocking GC Explicit
08-03 20:32:49.548 12289 12301 I art     : Explicit concurrent mark sweep GC freed 3(96B) AllocSpace objects, 0(0B) LOS objects, 29% free, 37MB/53MB, paused 1.279ms total 41.132ms
08-03 20:32:49.709 12289 13159 E baseline.com.newsblur.network.APIResponse: Error (unexpected end of stream on https://www.newsblur.com/...) calling https://www.newsblur.com/reader/mark_story_hashes_as_read/
08-03 20:32:49.709 12289 13159 E baseline.com.newsblur.network.APIResponse: java.io.IOException: unexpected end of stream on https://www.newsblur.com/...
08-03 20:32:49.709 12289 13159 E baseline.com.newsblur.network.APIResponse: 	at okhttp3.internal.http1.Http1ExchangeCodec.readResponseHeaders(Http1ExchangeCodec.java:236)
08-03 20:32:49.709 12289 13159 E baseline.com.newsblur.network.APIResponse: 	at okhttp3.internal.connection.Exchange.readResponseHeaders(Exchange.java:115)
08-03 20:32:49.709 12289 13159 E baseline.com.newsblur.network.APIResponse: 	at okhttp3.internal.http.CallServerInterceptor.intercept(CallServerInterceptor.java:94)
08-03 20:32:49.709 12289 13159 E baseline.com.newsblur.network.APIResponse: 	at okhttp3.internal.http.RealInterceptorChain.proceed(RealInterceptorChain.java:142)
08-03 20:32:49.709 12289 13159 E baseline.com.newsblur.network.APIResponse: 	at okhttp3.internal.connection.ConnectInterceptor.intercept(ConnectInterceptor.java:43)
08-03 20:32:49.709 12289 13159 E baseline.com.newsblur.network.APIResponse: 	at okhttp3.internal.http.RealInterceptorChain.proceed(RealInterceptorChain.java:142)
08-03 20:32:49.709 12289 13159 E baseline.com.newsblur.network.APIResponse: 	at okhttp3.internal.http.RealInterceptorChain.proceed(RealInterceptorChain.java:117)
08-03 20:32:49.709 12289 13159 E baseline.com.newsblur.network.APIResponse: 	at okhttp3.internal.cache.CacheInterceptor.intercept(CacheInterceptor.java:94)
08-03 20:32:49.709 12289 13159 E baseline.com.newsblur.network.APIResponse: 	at okhttp3.internal.http.RealInterceptorChain.proceed(RealInterceptorChain.java:142)
08-03 20:32:49.709 12289 13159 E baseline.com.newsblur.network.APIResponse: 	at okhttp3.internal.http.RealInterceptorChain.proceed(RealInterceptorChain.java:117)
08-03 20:32:49.709 12289 13159 E baseline.com.newsblur.network.APIResponse: 	at okhttp3.internal.http.BridgeInterceptor.intercept(BridgeInterceptor.java:93)
08-03 20:32:49.709 12289 13159 E baseline.com.newsblur.network.APIResponse: 	at okhttp3.internal.http.RealInterceptorChain.proceed(RealInterceptorChain.java:142)
08-03 20:32:49.709 12289 13159 E baseline.com.newsblur.network.APIResponse: 	at okhttp3.internal.http.RetryAndFollowUpInterceptor.intercept(RetryAndFollowUpInterceptor.java:88)
08-03 20:32:49.709 12289 13159 E baseline.com.newsblur.network.APIResponse: 	at okhttp3.internal.http.RealInterceptorChain.proceed(RealInterceptorChain.java:142)
08-03 20:32:49.709 12289 13159 E baseline.com.newsblur.network.APIResponse: 	at okhttp3.internal.http.RealInterceptorChain.proceed(RealInterceptorChain.java:117)
08-03 20:32:49.709 12289 13159 E baseline.com.newsblur.network.APIResponse: 	at okhttp3.RealCall.getResponseWithInterceptorChain(RealCall.java:229)
08-03 20:32:49.709 12289 13159 E baseline.com.newsblur.network.APIResponse: 	at okhttp3.RealCall.execute(RealCall.java:81)
08-03 20:32:49.709 12289 13159 E baseline.com.newsblur.network.APIResponse: 	at baseline.com.newsblur.network.APIResponse.<init>(APIResponse.java:57)
08-03 20:32:49.709 12289 13159 E baseline.com.newsblur.network.APIResponse: 	at baseline.com.newsblur.network.APIResponse.<init>(APIResponse.java:43)
08-03 20:32:49.709 12289 13159 E baseline.com.newsblur.network.APIResponse: 	at baseline.com.newsblur.network.APIManager.post_single(APIManager.java:702)
08-03 20:32:49.709 12289 13159 E baseline.com.newsblur.network.APIResponse: 	at baseline.com.newsblur.network.APIManager.post(APIManager.java:675)
08-03 20:32:49.709 12289 13159 E baseline.com.newsblur.network.APIResponse: 	at baseline.com.newsblur.network.APIManager.post(APIManager.java:714)
08-03 20:32:49.709 12289 13159 E baseline.com.newsblur.network.APIResponse: 	at baseline.com.newsblur.network.APIManager.markStoryAsRead(APIManager.java:205)
08-03 20:32:49.709 12289 13159 E baseline.com.newsblur.network.APIResponse: 	at baseline.com.newsblur.util.ReadingAction.doRemote(ReadingAction.java:281)
08-03 20:32:49.709 12289 13159 E baseline.com.newsblur.network.APIResponse: 	at baseline.com.newsblur.service.NBSyncService.syncActions(NBSyncService.java:400)
08-03 20:32:49.709 12289 13159 E baseline.com.newsblur.network.APIResponse: 	at baseline.com.newsblur.service.NBSyncService.doSync(NBSyncService.java:298)
08-03 20:32:49.709 12289 13159 E baseline.com.newsblur.network.APIResponse: 	at baseline.com.newsblur.service.NBSyncService.access$100(NBSyncService.java:67)
08-03 20:32:49.709 12289 13159 E baseline.com.newsblur.network.APIResponse: 	at baseline.com.newsblur.service.NBSyncService$1.run(NBSyncService.java:188)
08-03 20:32:49.709 12289 13159 E baseline.com.newsblur.network.APIResponse: 	at java.util.concurrent.ThreadPoolExecutor.runWorker(ThreadPoolExecutor.java:1113)
08-03 20:32:49.709 12289 13159 E baseline.com.newsblur.network.APIResponse: 	at java.util.concurrent.ThreadPoolExecutor$Worker.run(ThreadPoolExecutor.java:588)
08-03 20:32:49.709 12289 13159 E baseline.com.newsblur.network.APIResponse: 	at java.lang.Thread.run(Thread.java:818)
08-03 20:32:49.709 12289 13159 E baseline.com.newsblur.network.APIResponse: Caused by: java.io.EOFException: \n not found: limit=0 content=
08-03 20:32:49.709 12289 13159 E baseline.com.newsblur.network.APIResponse: 	at okio.RealBufferedSource.readUtf8LineStrict(RealBufferedSource.java:240)
08-03 20:32:49.709 12289 13159 E baseline.com.newsblur.network.APIResponse: 	at okhttp3.internal.http1.Http1ExchangeCodec.readHeaderLine(Http1ExchangeCodec.java:242)
08-03 20:32:49.709 12289 13159 E baseline.com.newsblur.network.APIResponse: 	at okhttp3.internal.http1.Http1ExchangeCodec.readResponseHeaders(Http1ExchangeCodec.java:213)
08-03 20:32:49.709 12289 13159 E baseline.com.newsblur.network.APIResponse: 	... 30 more
08-03 20:32:49.711 12289 13159 I baseline.com.newsblur.network.APIManager: API call failed, pausing before retry number 2
08-03 20:32:49.893 12289 12301 I art     : Starting a blocking GC Explicit
08-03 20:32:49.938 12289 12301 I art     : Explicit concurrent mark sweep GC freed 3945(357KB) AllocSpace objects, 3(60KB) LOS objects, 29% free, 37MB/53MB, paused 1.220ms total 44.456ms
08-03 20:32:49.952 12289 12301 I art     : Starting a blocking GC Explicit
08-03 20:32:49.996 12289 12301 I art     : Explicit concurrent mark sweep GC freed 109(3KB) AllocSpace objects, 0(0B) LOS objects, 29% free, 37MB/53MB, paused 1.361ms total 43.830ms
08-03 20:32:50.009 12289 12301 I art     : Starting a blocking GC Explicit
08-03 20:32:50.049 12289 12301 I art     : Explicit concurrent mark sweep GC freed 3(96B) AllocSpace objects, 0(0B) LOS objects, 29% free, 37MB/53MB, paused 1.174ms total 40.293ms
08-03 20:32:50.062 12289 12301 I art     : Starting a blocking GC Explicit
08-03 20:32:50.104 12289 12301 I art     : Explicit concurrent mark sweep GC freed 3(96B) AllocSpace objects, 0(0B) LOS objects, 29% free, 37MB/53MB, paused 1.250ms total 41.254ms
08-03 20:32:50.117 12289 12301 I art     : Starting a blocking GC Explicit
08-03 20:32:50.157 12289 12301 I art     : Explicit concurrent mark sweep GC freed 3(96B) AllocSpace objects, 0(0B) LOS objects, 29% free, 37MB/53MB, paused 1.298ms total 40.471ms
08-03 20:32:50.538 12289 12521 I art     : Starting a blocking GC Explicit
08-03 20:32:50.578 24365 25567 I NetworkScheduler.Stats: Task com.google.android.apps.gcs/ started execution. cause:4 exec_start_elapsed_seconds: 1633374 [CONTEXT service_id=218 ]
08-03 20:32:50.579 12224 13229 W Gcs.WfaEliRefreshTask: [22282] afk.b: NULL eligibility response.
08-03 20:32:50.581 12289 12521 I art     : Explicit concurrent mark sweep GC freed 1436(82KB) AllocSpace objects, 1(20KB) LOS objects, 29% free, 37MB/53MB, paused 1.209ms total 41.972ms
08-03 20:32:50.583 24365 25567 I NetworkScheduler.Stats: Task com.google.android.apps.gcs/ finished executing. cause:4 result: 3 elapsed_millis: 12 uptime_millis: 11 exec_start_elapsed_seconds: 1633374 [CONTEXT service_id=218 ]
08-03 20:32:50.592 12289 12521 I art     : Starting a blocking GC Explicit
08-03 20:32:50.628 12289 12521 I art     : Explicit concurrent mark sweep GC freed 22(784B) AllocSpace objects, 0(0B) LOS objects, 29% free, 37MB/53MB, paused 1.335ms total 35.580ms
08-03 20:32:50.639 12289 12521 I art     : Starting a blocking GC Explicit
08-03 20:32:50.674 12289 12521 I art     : Explicit concurrent mark sweep GC freed 3(96B) AllocSpace objects, 0(0B) LOS objects, 29% free, 37MB/53MB, paused 1.223ms total 34.512ms
08-03 20:32:50.686 12289 12521 I art     : Starting a blocking GC Explicit
08-03 20:32:50.722 12289 12521 I art     : Explicit concurrent mark sweep GC freed 3(96B) AllocSpace objects, 0(0B) LOS objects, 29% free, 37MB/53MB, paused 1.441ms total 36.450ms
08-03 20:32:50.734 12289 12521 I art     : Starting a blocking GC Explicit
08-03 20:32:50.750   918  3261 D WifiStateMachine: starting scan for "H369AA63323"WPA_PSK with 2412,5180
08-03 20:32:50.769 12289 12521 I art     : Explicit concurrent mark sweep GC freed 16(560B) AllocSpace objects, 0(0B) LOS objects, 29% free, 37MB/53MB, paused 1.178ms total 34.741ms
08-03 20:32:51.117 12289 12308 I art     : Starting a blocking GC Explicit
08-03 20:32:51.161 12289 12308 I art     : Explicit concurrent mark sweep GC freed 1437(82KB) AllocSpace objects, 1(20KB) LOS objects, 29% free, 37MB/53MB, paused 1.189ms total 43.151ms
08-03 20:32:51.173 12289 12308 I art     : Starting a blocking GC Explicit
08-03 20:32:51.215 12289 12308 I art     : Explicit concurrent mark sweep GC freed 22(784B) AllocSpace objects, 0(0B) LOS objects, 29% free, 37MB/53MB, paused 1.216ms total 41.356ms
08-03 20:32:51.228 12289 12308 I art     : Starting a blocking GC Explicit
08-03 20:32:51.270 12289 12308 I art     : Explicit concurrent mark sweep GC freed 3(96B) AllocSpace objects, 0(0B) LOS objects, 29% free, 37MB/53MB, paused 1.260ms total 41.100ms
08-03 20:32:51.283 12289 12308 I art     : Starting a blocking GC Explicit
08-03 20:32:51.324 12289 12308 I art     : Explicit concurrent mark sweep GC freed 3(96B) AllocSpace objects, 0(0B) LOS objects, 29% free, 37MB/53MB, paused 1.342ms total 40.515ms
08-03 20:32:51.334 13231 13231 D AndroidRuntime: >>>>>> START com.android.internal.os.RuntimeInit uid 2000 <<<<<<
08-03 20:32:51.337 12289 12308 I art     : Starting a blocking GC Explicit
08-03 20:32:51.340 13231 13231 D AndroidRuntime: CheckJNI is OFF
08-03 20:32:51.376 12289 12308 I art     : Explicit concurrent mark sweep GC freed 3(96B) AllocSpace objects, 0(0B) LOS objects, 29% free, 37MB/53MB, paused 1.227ms total 39.107ms
08-03 20:32:51.382 13231 13231 D ICU     : No timezone override file found: /data/misc/zoneinfo/current/icu/icu_tzdata.dat
08-03 20:32:51.423 13231 13231 I Radio-JNI: register_android_hardware_Radio DONE
08-03 20:32:51.451 13231 13231 D AndroidRuntime: Calling main entry com.android.commands.input.Input
08-03 20:32:51.452 13231 13231 I Input   : injectKeyEvent: KeyEvent { action=ACTION_DOWN, keyCode=KEYCODE_BACK, scanCode=0, metaState=0, flags=0x0, repeatCount=0, eventTime=649987865, downTime=649987865, deviceId=-1, source=0x101 }
08-03 20:32:51.459 13231 13231 I Input   : injectKeyEvent: KeyEvent { action=ACTION_UP, keyCode=KEYCODE_BACK, scanCode=0, metaState=0, flags=0x0, repeatCount=0, eventTime=649987865, downTime=649987865, deviceId=-1, source=0x101 }
08-03 20:32:51.466 13231 13231 D AndroidRuntime: Shutting down VM
08-03 20:32:51.684 13866 13866 I GoogleInputMethodServic: GoogleInputMethodService.onFinishInput():3138 
08-03 20:32:51.685 13866 13866 I GoogleInputMethodServic: GoogleInputMethodService.onStartInput():1808 
08-03 20:32:51.714 12289 12521 I art     : Starting a blocking GC Explicit
08-03 20:32:51.754 12289 12521 I art     : Explicit concurrent mark sweep GC freed 3465(274KB) AllocSpace objects, 6(120KB) LOS objects, 29% free, 37MB/53MB, paused 1.158ms total 40.160ms
08-03 20:32:51.767 12289 12521 I art     : Starting a blocking GC Explicit
08-03 20:32:51.803 12289 12521 I art     : Explicit concurrent mark sweep GC freed 175(8KB) AllocSpace objects, 1(28KB) LOS objects, 29% free, 37MB/53MB, paused 1.082ms total 35.724ms
08-03 20:32:51.815 12289 12521 I art     : Starting a blocking GC Explicit
08-03 20:32:51.859 12289 12521 I art     : Explicit concurrent mark sweep GC freed 3(96B) AllocSpace objects, 0(0B) LOS objects, 29% free, 37MB/53MB, paused 1.241ms total 44.160ms
08-03 20:32:51.875 12289 12521 I art     : Starting a blocking GC Explicit
08-03 20:32:51.923 12289 12521 I art     : Explicit concurrent mark sweep GC freed 3(96B) AllocSpace objects, 0(0B) LOS objects, 29% free, 37MB/53MB, paused 1.245ms total 48.063ms
08-03 20:32:51.938 12289 12521 I art     : Starting a blocking GC Explicit
08-03 20:32:51.981 12289 12521 I art     : Explicit concurrent mark sweep GC freed 1478(66KB) AllocSpace objects, 0(0B) LOS objects, 29% free, 37MB/53MB, paused 1.309ms total 42.980ms
08-03 20:32:52.323 12289 12302 I art     : Starting a blocking GC Explicit
08-03 20:32:52.362 12289 12302 I art     : Explicit concurrent mark sweep GC freed 1679(97KB) AllocSpace objects, 1(20KB) LOS objects, 29% free, 37MB/53MB, paused 1.122ms total 37.945ms
08-03 20:32:52.374 12289 12302 I art     : Starting a blocking GC Explicit
08-03 20:32:52.410 12289 12302 I art     : Explicit concurrent mark sweep GC freed 155(7KB) AllocSpace objects, 0(0B) LOS objects, 29% free, 37MB/53MB, paused 1.140ms total 36.463ms
08-03 20:32:52.423 12289 12302 I art     : Starting a blocking GC Explicit
08-03 20:32:52.458 12289 12302 I art     : Explicit concurrent mark sweep GC freed 9(288B) AllocSpace objects, 0(0B) LOS objects, 29% free, 37MB/53MB, paused 1.706ms total 34.924ms
08-03 20:32:52.469 12289 12302 I art     : Starting a blocking GC Explicit
08-03 20:32:52.505 12289 12302 I art     : Explicit concurrent mark sweep GC freed 9(288B) AllocSpace objects, 0(0B) LOS objects, 29% free, 37MB/53MB, paused 1.139ms total 34.952ms
08-03 20:32:52.517 12289 12302 I art     : Starting a blocking GC Explicit
08-03 20:32:52.554 12289 12302 I art     : Explicit concurrent mark sweep GC freed 9(288B) AllocSpace objects, 0(0B) LOS objects, 29% free, 37MB/53MB, paused 1.201ms total 36.448ms
08-03 20:32:52.898 12289 12308 I art     : Starting a blocking GC Explicit
08-03 20:32:52.946 12289 12308 I art     : Explicit concurrent mark sweep GC freed 1646(92KB) AllocSpace objects, 1(20KB) LOS objects, 29% free, 37MB/53MB, paused 1.315ms total 47.296ms
08-03 20:32:52.961 12289 12308 I art     : Starting a blocking GC Explicit
08-03 20:32:53.006 12289 12308 I art     : Explicit concurrent mark sweep GC freed 93(3KB) AllocSpace objects, 0(0B) LOS objects, 29% free, 37MB/53MB, paused 1.474ms total 44.805ms
08-03 20:32:53.019 12289 12308 I art     : Starting a blocking GC Explicit
08-03 20:32:53.063 12289 12308 I art     : Explicit concurrent mark sweep GC freed 9(288B) AllocSpace objects, 0(0B) LOS objects, 29% free, 37MB/53MB, paused 1.414ms total 43.731ms
08-03 20:32:53.077 12289 12308 I art     : Starting a blocking GC Explicit
08-03 20:32:53.119 12289 12308 I art     : Explicit concurrent mark sweep GC freed 4(128B) AllocSpace objects, 0(0B) LOS objects, 29% free, 37MB/53MB, paused 1.280ms total 41.330ms
08-03 20:32:53.131 12289 12308 I art     : Starting a blocking GC Explicit
08-03 20:32:53.172 12289 12308 I art     : Explicit concurrent mark sweep GC freed 3(96B) AllocSpace objects, 0(0B) LOS objects, 29% free, 37MB/53MB, paused 1.376ms total 40.757ms
08-03 20:32:53.223  9822  9822 I ServiceManager: Waiting for service AtCmdFwd...
08-03 20:32:53.260 13276 13276 D AndroidRuntime: >>>>>> START com.android.internal.os.RuntimeInit uid 2000 <<<<<<
08-03 20:32:53.266 13276 13276 D AndroidRuntime: CheckJNI is OFF
08-03 20:32:53.276 12289 13159 E baseline.com.newsblur.network.APIResponse: Error (unexpected end of stream on https://www.newsblur.com/...) calling https://www.newsblur.com/reader/mark_story_hashes_as_read/
08-03 20:32:53.276 12289 13159 E baseline.com.newsblur.network.APIResponse: java.io.IOException: unexpected end of stream on https://www.newsblur.com/...
08-03 20:32:53.276 12289 13159 E baseline.com.newsblur.network.APIResponse: 	at okhttp3.internal.http1.Http1ExchangeCodec.readResponseHeaders(Http1ExchangeCodec.java:236)
08-03 20:32:53.276 12289 13159 E baseline.com.newsblur.network.APIResponse: 	at okhttp3.internal.connection.Exchange.readResponseHeaders(Exchange.java:115)
08-03 20:32:53.276 12289 13159 E baseline.com.newsblur.network.APIResponse: 	at okhttp3.internal.http.CallServerInterceptor.intercept(CallServerInterceptor.java:94)
08-03 20:32:53.276 12289 13159 E baseline.com.newsblur.network.APIResponse: 	at okhttp3.internal.http.RealInterceptorChain.proceed(RealInterceptorChain.java:142)
08-03 20:32:53.276 12289 13159 E baseline.com.newsblur.network.APIResponse: 	at okhttp3.internal.connection.ConnectInterceptor.intercept(ConnectInterceptor.java:43)
08-03 20:32:53.276 12289 13159 E baseline.com.newsblur.network.APIResponse: 	at okhttp3.internal.http.RealInterceptorChain.proceed(RealInterceptorChain.java:142)
08-03 20:32:53.276 12289 13159 E baseline.com.newsblur.network.APIResponse: 	at okhttp3.internal.http.RealInterceptorChain.proceed(RealInterceptorChain.java:117)
08-03 20:32:53.276 12289 13159 E baseline.com.newsblur.network.APIResponse: 	at okhttp3.internal.cache.CacheInterceptor.intercept(CacheInterceptor.java:94)
08-03 20:32:53.276 12289 13159 E baseline.com.newsblur.network.APIResponse: 	at okhttp3.internal.http.RealInterceptorChain.proceed(RealInterceptorChain.java:142)
08-03 20:32:53.276 12289 13159 E baseline.com.newsblur.network.APIResponse: 	at okhttp3.internal.http.RealInterceptorChain.proceed(RealInterceptorChain.java:117)
08-03 20:32:53.276 12289 13159 E baseline.com.newsblur.network.APIResponse: 	at okhttp3.internal.http.BridgeInterceptor.intercept(BridgeInterceptor.java:93)
08-03 20:32:53.276 12289 13159 E baseline.com.newsblur.network.APIResponse: 	at okhttp3.internal.http.RealInterceptorChain.proceed(RealInterceptorChain.java:142)
08-03 20:32:53.276 12289 13159 E baseline.com.newsblur.network.APIResponse: 	at okhttp3.internal.http.RetryAndFollowUpInterceptor.intercept(RetryAndFollowUpInterceptor.java:88)
08-03 20:32:53.276 12289 13159 E baseline.com.newsblur.network.APIResponse: 	at okhttp3.internal.http.RealInterceptorChain.proceed(RealInterceptorChain.java:142)
08-03 20:32:53.276 12289 13159 E baseline.com.newsblur.network.APIResponse: 	at okhttp3.internal.http.RealInterceptorChain.proceed(RealInterceptorChain.java:117)
08-03 20:32:53.276 12289 13159 E baseline.com.newsblur.network.APIResponse: 	at okhttp3.RealCall.getResponseWithInterceptorChain(RealCall.java:229)
08-03 20:32:53.276 12289 13159 E baseline.com.newsblur.network.APIResponse: 	at okhttp3.RealCall.execute(RealCall.java:81)
08-03 20:32:53.276 12289 13159 E baseline.com.newsblur.network.APIResponse: 	at baseline.com.newsblur.network.APIResponse.<init>(APIResponse.java:57)
08-03 20:32:53.276 12289 13159 E baseline.com.newsblur.network.APIResponse: 	at baseline.com.newsblur.network.APIResponse.<init>(APIResponse.java:43)
08-03 20:32:53.276 12289 13159 E baseline.com.newsblur.network.APIResponse: 	at baseline.com.newsblur.network.APIManager.post_single(APIManager.java:702)
08-03 20:32:53.276 12289 13159 E baseline.com.newsblur.network.APIResponse: 	at baseline.com.newsblur.network.APIManager.post(APIManager.java:675)
08-03 20:32:53.276 12289 13159 E baseline.com.newsblur.network.APIResponse: 	at baseline.com.newsblur.network.APIManager.post(APIManager.java:714)
08-03 20:32:53.276 12289 13159 E baseline.com.newsblur.network.APIResponse: 	at baseline.com.newsblur.network.APIManager.markStoryAsRead(APIManager.java:205)
08-03 20:32:53.276 12289 13159 E baseline.com.newsblur.network.APIResponse: 	at baseline.com.newsblur.util.ReadingAction.doRemote(ReadingAction.java:281)
08-03 20:32:53.276 12289 13159 E baseline.com.newsblur.network.APIResponse: 	at baseline.com.newsblur.service.NBSyncService.syncActions(NBSyncService.java:400)
08-03 20:32:53.276 12289 13159 E baseline.com.newsblur.network.APIResponse: 	at baseline.com.newsblur.service.NBSyncService.doSync(NBSyncService.java:298)
08-03 20:32:53.276 12289 13159 E baseline.com.newsblur.network.APIResponse: 	at baseline.com.newsblur.service.NBSyncService.access$100(NBSyncService.java:67)
08-03 20:32:53.276 12289 13159 E baseline.com.newsblur.network.APIResponse: 	at baseline.com.newsblur.service.NBSyncService$1.run(NBSyncService.java:188)
08-03 20:32:53.276 12289 13159 E baseline.com.newsblur.network.APIResponse: 	at java.util.concurrent.ThreadPoolExecutor.runWorker(ThreadPoolExecutor.java:1113)
08-03 20:32:53.276 12289 13159 E baseline.com.newsblur.network.APIResponse: 	at java.util.concurrent.ThreadPoolExecutor$Worker.run(ThreadPoolExecutor.java:588)
08-03 20:32:53.276 12289 13159 E baseline.com.newsblur.network.APIResponse: 	at java.lang.Thread.run(Thread.java:818)
08-03 20:32:53.276 12289 13159 E baseline.com.newsblur.network.APIResponse: Caused by: java.io.EOFException: \n not found: limit=0 content=
08-03 20:32:53.276 12289 13159 E baseline.com.newsblur.network.APIResponse: 	at okio.RealBufferedSource.readUtf8LineStrict(RealBufferedSource.java:240)
08-03 20:32:53.276 12289 13159 E baseline.com.newsblur.network.APIResponse: 	at okhttp3.internal.http1.Http1ExchangeCodec.readHeaderLine(Http1ExchangeCodec.java:242)
08-03 20:32:53.276 12289 13159 E baseline.com.newsblur.network.APIResponse: 	at okhttp3.internal.http1.Http1ExchangeCodec.readResponseHeaders(Http1ExchangeCodec.java:213)
08-03 20:32:53.276 12289 13159 E baseline.com.newsblur.network.APIResponse: 	... 30 more
08-03 20:32:53.277 12289 13159 I baseline.com.newsblur.service.NBSyncService: Holding reading action with server-side or network error.
08-03 20:32:53.308 13276 13276 D ICU     : No timezone override file found: /data/misc/zoneinfo/current/icu/icu_tzdata.dat
08-03 20:32:53.348 13276 13276 I Radio-JNI: register_android_hardware_Radio DONE
08-03 20:32:53.376 13276 13276 D AndroidRuntime: Calling main entry com.android.commands.input.Input
08-03 20:32:53.379 13276 13276 I Input   : injectKeyEvent: KeyEvent { action=ACTION_DOWN, keyCode=KEYCODE_BACK, scanCode=0, metaState=0, flags=0x0, repeatCount=0, eventTime=649989791, downTime=649989791, deviceId=-1, source=0x101 }
08-03 20:32:53.384 13276 13276 I Input   : injectKeyEvent: KeyEvent { action=ACTION_UP, keyCode=KEYCODE_BACK, scanCode=0, metaState=0, flags=0x0, repeatCount=0, eventTime=649989791, downTime=649989791, deviceId=-1, source=0x101 }
08-03 20:32:53.391 13276 13276 D AndroidRuntime: Shutting down VM
08-03 20:32:53.400 12289 13159 W baseline.com.newsblur.service.NBSyncService: hard API failure
08-03 20:32:53.494 12289 12308 I art     : Starting a blocking GC Explicit
08-03 20:32:53.506   518   646 I ThermalEngine: ACTION: GPU - Setting GPU[0] to 390000000
08-03 20:32:53.554 12289 12308 I art     : Explicit concurrent mark sweep GC freed 6743(617KB) AllocSpace objects, 13(260KB) LOS objects, 29% free, 37MB/53MB, paused 1.884ms total 59.234ms
08-03 20:32:53.570 12289 12308 I art     : Starting a blocking GC Explicit
08-03 20:32:53.607 13866 13866 I GoogleInputMethodServic: GoogleInputMethodService.onFinishInput():3138 
08-03 20:32:53.608 13866 13866 I GoogleInputMethodServic: GoogleInputMethodService.onStartInput():1808 
08-03 20:32:53.619 12289 12308 I art     : Explicit concurrent mark sweep GC freed 5919(370KB) AllocSpace objects, 4(80KB) LOS objects, 29% free, 37MB/53MB, paused 2.090ms total 48.634ms
08-03 20:32:53.637 12289 12308 I art     : Starting a blocking GC Explicit
08-03 20:32:53.688 12289 12308 I art     : Explicit concurrent mark sweep GC freed 236(9KB) AllocSpace objects, 0(0B) LOS objects, 29% free, 37MB/53MB, paused 1.756ms total 50.734ms
08-03 20:32:53.705 12289 12308 I art     : Starting a blocking GC Explicit
08-03 20:32:53.761 12289 12308 I art     : Explicit concurrent mark sweep GC freed 1659(64KB) AllocSpace objects, 0(0B) LOS objects, 29% free, 37MB/53MB, paused 2.197ms total 55.731ms
08-03 20:32:53.782 12289 12308 I art     : Starting a blocking GC Explicit
08-03 20:32:53.802 12289 13159 E baseline.com.newsblur.network.APIResponse: Error (unexpected end of stream on https://www.newsblur.com/...) calling https://www.newsblur.com/reader/mark_story_hashes_as_read/
08-03 20:32:53.802 12289 13159 E baseline.com.newsblur.network.APIResponse: java.io.IOException: unexpected end of stream on https://www.newsblur.com/...
08-03 20:32:53.802 12289 13159 E baseline.com.newsblur.network.APIResponse: 	at okhttp3.internal.http1.Http1ExchangeCodec.readResponseHeaders(Http1ExchangeCodec.java:236)
08-03 20:32:53.802 12289 13159 E baseline.com.newsblur.network.APIResponse: 	at okhttp3.internal.connection.Exchange.readResponseHeaders(Exchange.java:115)
08-03 20:32:53.802 12289 13159 E baseline.com.newsblur.network.APIResponse: 	at okhttp3.internal.http.CallServerInterceptor.intercept(CallServerInterceptor.java:94)
08-03 20:32:53.802 12289 13159 E baseline.com.newsblur.network.APIResponse: 	at okhttp3.internal.http.RealInterceptorChain.proceed(RealInterceptorChain.java:142)
08-03 20:32:53.802 12289 13159 E baseline.com.newsblur.network.APIResponse: 	at okhttp3.internal.connection.ConnectInterceptor.intercept(ConnectInterceptor.java:43)
08-03 20:32:53.802 12289 13159 E baseline.com.newsblur.network.APIResponse: 	at okhttp3.internal.http.RealInterceptorChain.proceed(RealInterceptorChain.java:142)
08-03 20:32:53.802 12289 13159 E baseline.com.newsblur.network.APIResponse: 	at okhttp3.internal.http.RealInterceptorChain.proceed(RealInterceptorChain.java:117)
08-03 20:32:53.802 12289 13159 E baseline.com.newsblur.network.APIResponse: 	at okhttp3.internal.cache.CacheInterceptor.intercept(CacheInterceptor.java:94)
08-03 20:32:53.802 12289 13159 E baseline.com.newsblur.network.APIResponse: 	at okhttp3.internal.http.RealInterceptorChain.proceed(RealInterceptorChain.java:142)
08-03 20:32:53.802 12289 13159 E baseline.com.newsblur.network.APIResponse: 	at okhttp3.internal.http.RealInterceptorChain.proceed(RealInterceptorChain.java:117)
08-03 20:32:53.802 12289 13159 E baseline.com.newsblur.network.APIResponse: 	at okhttp3.internal.http.BridgeInterceptor.intercept(BridgeInterceptor.java:93)
08-03 20:32:53.802 12289 13159 E baseline.com.newsblur.network.APIResponse: 	at okhttp3.internal.http.RealInterceptorChain.proceed(RealInterceptorChain.java:142)
08-03 20:32:53.802 12289 13159 E baseline.com.newsblur.network.APIResponse: 	at okhttp3.internal.http.RetryAndFollowUpInterceptor.intercept(RetryAndFollowUpInterceptor.java:88)
08-03 20:32:53.802 12289 13159 E baseline.com.newsblur.network.APIResponse: 	at okhttp3.internal.http.RealInterceptorChain.proceed(RealInterceptorChain.java:142)
08-03 20:32:53.802 12289 13159 E baseline.com.newsblur.network.APIResponse: 	at okhttp3.internal.http.RealInterceptorChain.proceed(RealInterceptorChain.java:117)
08-03 20:32:53.802 12289 13159 E baseline.com.newsblur.network.APIResponse: 	at okhttp3.RealCall.getResponseWithInterceptorChain(RealCall.java:229)
08-03 20:32:53.802 12289 13159 E baseline.com.newsblur.network.APIResponse: 	at okhttp3.RealCall.execute(RealCall.java:81)
08-03 20:32:53.802 12289 13159 E baseline.com.newsblur.network.APIResponse: 	at baseline.com.newsblur.network.APIResponse.<init>(APIResponse.java:57)
08-03 20:32:53.802 12289 13159 E baseline.com.newsblur.network.APIResponse: 	at baseline.com.newsblur.network.APIResponse.<init>(APIResponse.java:43)
08-03 20:32:53.802 12289 13159 E baseline.com.newsblur.network.APIResponse: 	at baseline.com.newsblur.network.APIManager.post_single(APIManager.java:702)
08-03 20:32:53.802 12289 13159 E baseline.com.newsblur.network.APIResponse: 	at baseline.com.newsblur.network.APIManager.post(APIManager.java:675)
08-03 20:32:53.802 12289 13159 E baseline.com.newsblur.network.APIResponse: 	at baseline.com.newsblur.network.APIManager.post(APIManager.java:714)
08-03 20:32:53.802 12289 13159 E baseline.com.newsblur.network.APIResponse: 	at baseline.com.newsblur.network.APIManager.markStoryAsRead(APIManager.java:205)
08-03 20:32:53.802 12289 13159 E baseline.com.newsblur.network.APIResponse: 	at baseline.com.newsblur.util.ReadingAction.doRemote(ReadingAction.java:281)
08-03 20:32:53.802 12289 13159 E baseline.com.newsblur.network.APIResponse: 	at baseline.com.newsblur.service.NBSyncService.syncActions(NBSyncService.java:400)
08-03 20:32:53.802 12289 13159 E baseline.com.newsblur.network.APIResponse: 	at baseline.com.newsblur.service.NBSyncService.doSync(NBSyncService.java:298)
08-03 20:32:53.802 12289 13159 E baseline.com.newsblur.network.APIResponse: 	at baseline.com.newsblur.service.NBSyncService.access$100(NBSyncService.java:67)
08-03 20:32:53.802 12289 13159 E baseline.com.newsblur.network.APIResponse: 	at baseline.com.newsblur.service.NBSyncService$1.run(NBSyncService.java:188)
08-03 20:32:53.802 12289 13159 E baseline.com.newsblur.network.APIResponse: 	at java.util.concurrent.ThreadPoolExecutor.runWorker(ThreadPoolExecutor.java:1113)
08-03 20:32:53.802 12289 13159 E baseline.com.newsblur.network.APIResponse: 	at java.util.concurrent.ThreadPoolExecutor$Worker.run(ThreadPoolExecutor.java:588)
08-03 20:32:53.802 12289 13159 E baseline.com.newsblur.network.APIResponse: 	at java.lang.Thread.run(Thread.java:818)
08-03 20:32:53.802 12289 13159 E baseline.com.newsblur.network.APIResponse: Caused by: java.io.EOFException: \n not found: limit=0 content=
08-03 20:32:53.802 12289 13159 E baseline.com.newsblur.network.APIResponse: 	at okio.RealBufferedSource.readUtf8LineStrict(RealBufferedSource.java:240)
08-03 20:32:53.802 12289 13159 E baseline.com.newsblur.network.APIResponse: 	at okhttp3.internal.http1.Http1ExchangeCodec.readHeaderLine(Http1ExchangeCodec.java:242)
08-03 20:32:53.802 12289 13159 E baseline.com.newsblur.network.APIResponse: 	at okhttp3.internal.http1.Http1ExchangeCodec.readResponseHeaders(Http1ExchangeCodec.java:213)
08-03 20:32:53.802 12289 13159 E baseline.com.newsblur.network.APIResponse: 	... 30 more
08-03 20:32:53.803 12289 13159 I baseline.com.newsblur.network.APIManager: API call failed, pausing before retry number 1
08-03 20:32:53.853 12289 12308 I art     : Explicit concurrent mark sweep GC freed 819(196KB) AllocSpace objects, 2(40KB) LOS objects, 29% free, 37MB/53MB, paused 2.461ms total 70.700ms
08-03 20:32:54.223  9822  9822 I ServiceManager: Waiting for service AtCmdFwd...
08-03 20:32:54.258 12289 12302 I art     : Starting a blocking GC Explicit
08-03 20:32:54.315 12289 12302 I art     : Explicit concurrent mark sweep GC freed 2025(119KB) AllocSpace objects, 1(20KB) LOS objects, 29% free, 37MB/53MB, paused 1.929ms total 56.149ms
08-03 20:32:54.336 12289 12302 I art     : Starting a blocking GC Explicit
08-03 20:32:54.391 12289 12302 I art     : Explicit concurrent mark sweep GC freed 191(8KB) AllocSpace objects, 0(0B) LOS objects, 29% free, 37MB/53MB, paused 2.319ms total 54.137ms
08-03 20:32:54.410 12289 12302 I art     : Starting a blocking GC Explicit
08-03 20:32:54.464 12289 12302 I art     : Explicit concurrent mark sweep GC freed 11(352B) AllocSpace objects, 0(0B) LOS objects, 29% free, 37MB/53MB, paused 2.004ms total 53.769ms
08-03 20:32:54.483 12289 12302 I art     : Starting a blocking GC Explicit
08-03 20:32:54.538 12289 12302 I art     : Explicit concurrent mark sweep GC freed 12(384B) AllocSpace objects, 0(0B) LOS objects, 29% free, 37MB/53MB, paused 2.127ms total 53.785ms
08-03 20:32:54.558 12289 12302 I art     : Starting a blocking GC Explicit
08-03 20:32:54.613 12289 12302 I art     : Explicit concurrent mark sweep GC freed 12(384B) AllocSpace objects, 0(0B) LOS objects, 29% free, 37MB/53MB, paused 1.864ms total 54.554ms
08-03 20:32:54.996 12289 12308 I art     : Starting a blocking GC Explicit
08-03 20:32:55.050 12289 12308 I art     : Explicit concurrent mark sweep GC freed 1481(84KB) AllocSpace objects, 1(20KB) LOS objects, 29% free, 37MB/53MB, paused 2.090ms total 53.763ms
08-03 20:32:55.068 12289 12308 I art     : Starting a blocking GC Explicit
08-03 20:32:55.119 12289 12308 I art     : Explicit concurrent mark sweep GC freed 22(784B) AllocSpace objects, 0(0B) LOS objects, 29% free, 37MB/53MB, paused 2.016ms total 49.907ms
08-03 20:32:55.137 12289 12308 I art     : Starting a blocking GC Explicit
08-03 20:32:55.189 12289 12308 I art     : Explicit concurrent mark sweep GC freed 3(96B) AllocSpace objects, 0(0B) LOS objects, 29% free, 37MB/53MB, paused 2.106ms total 51.540ms
08-03 20:32:55.207 12289 12308 I art     : Starting a blocking GC Explicit
08-03 20:32:55.224  9822  9822 I ServiceManager: Waiting for service AtCmdFwd...
08-03 20:32:55.259 12289 12308 I art     : Explicit concurrent mark sweep GC freed 3(96B) AllocSpace objects, 0(0B) LOS objects, 29% free, 37MB/53MB, paused 2.135ms total 51.732ms
08-03 20:32:55.278 12289 12308 I art     : Starting a blocking GC Explicit
08-03 20:32:55.330 12289 12308 I art     : Explicit concurrent mark sweep GC freed 94(3KB) AllocSpace objects, 0(0B) LOS objects, 29% free, 37MB/53MB, paused 2.193ms total 52.249ms
08-03 20:32:55.336 13321 13321 D AndroidRuntime: >>>>>> START com.android.internal.os.RuntimeInit uid 2000 <<<<<<
08-03 20:32:55.342 13321 13321 D AndroidRuntime: CheckJNI is OFF
08-03 20:32:55.394 13321 13321 D ICU     : No timezone override file found: /data/misc/zoneinfo/current/icu/icu_tzdata.dat
08-03 20:32:55.440 13321 13321 I Radio-JNI: register_android_hardware_Radio DONE
08-03 20:32:55.473 13321 13321 D AndroidRuntime: Calling main entry com.android.commands.input.Input
08-03 20:32:55.476 13321 13321 I Input   : injectMotionEvent: MotionEvent { action=ACTION_DOWN, actionButton=0, id[0]=0, x[0]=594.0, y[0]=330.0, toolType[0]=TOOL_TYPE_UNKNOWN, buttonState=0, metaState=0, flags=0x0, edgeFlags=0x0, pointerCount=1, historySize=0, eventTime=649991888, downTime=649991888, deviceId=0, source=0x1002 }
08-03 20:32:55.482 13321 13321 I Input   : injectMotionEvent: MotionEvent { action=ACTION_UP, actionButton=0, id[0]=0, x[0]=594.0, y[0]=330.0, toolType[0]=TOOL_TYPE_UNKNOWN, buttonState=0, metaState=0, flags=0x0, edgeFlags=0x0, pointerCount=1, historySize=0, eventTime=649991888, downTime=649991888, deviceId=0, source=0x1002 }
08-03 20:32:55.487 13321 13321 D AndroidRuntime: Shutting down VM
08-03 20:32:55.555   918  4413 I ActivityManager: START u0 {cmp=baseline.com.newsblur/.activity.GlobalSharedStoriesItemsList (has extras)} from uid 10625 on display 0
08-03 20:32:55.587 12289 12846 I baseline.com.newsblur.database.BlurDatabaseHelper: reading session reset
08-03 20:32:55.706 12289 12302 I art     : Starting a blocking GC Explicit
08-03 20:32:55.762 12289 12302 I art     : Explicit concurrent mark sweep GC freed 3427(262KB) AllocSpace objects, 6(212KB) LOS objects, 29% free, 37MB/53MB, paused 2.233ms total 55.370ms
08-03 20:32:55.781 12289 12302 I art     : Starting a blocking GC Explicit
08-03 20:32:55.821 12289 12289 W View    : requestLayout() improperly called by android.widget.FrameLayout{d51790d V.E...... ......ID 0,0-1440,18 #7f07003f app:id/footer_view_inner} during layout: running second layout pass
08-03 20:32:55.822 12289 12289 W View    : requestLayout() improperly called by android.widget.FrameLayout{ba0b0c2 V.E...... ......ID 0,0-1440,2091 #7f07003f app:id/footer_view_inner} during layout: running second layout pass
08-03 20:32:55.832 12289 12302 I art     : Explicit concurrent mark sweep GC freed 2727(151KB) AllocSpace objects, 2(40KB) LOS objects, 29% free, 37MB/53MB, paused 2.188ms total 51.301ms
08-03 20:32:55.841   918   936 I ActivityManager: Displayed baseline.com.newsblur/.activity.GlobalSharedStoriesItemsList: +274ms
08-03 20:32:55.842 13866 13866 I GoogleInputMethodServic: GoogleInputMethodService.onFinishInput():3138 
08-03 20:32:55.842 13866 13866 I GoogleInputMethodServic: GoogleInputMethodService.onStartInput():1808 
08-03 20:32:55.849 12289 13159 E baseline.com.newsblur.network.APIResponse: Error (unexpected end of stream on https://www.newsblur.com/...) calling https://www.newsblur.com/reader/mark_story_hashes_as_read/
08-03 20:32:55.849 12289 13159 E baseline.com.newsblur.network.APIResponse: java.io.IOException: unexpected end of stream on https://www.newsblur.com/...
08-03 20:32:55.849 12289 13159 E baseline.com.newsblur.network.APIResponse: 	at okhttp3.internal.http1.Http1ExchangeCodec.readResponseHeaders(Http1ExchangeCodec.java:236)
08-03 20:32:55.849 12289 13159 E baseline.com.newsblur.network.APIResponse: 	at okhttp3.internal.connection.Exchange.readResponseHeaders(Exchange.java:115)
08-03 20:32:55.849 12289 13159 E baseline.com.newsblur.network.APIResponse: 	at okhttp3.internal.http.CallServerInterceptor.intercept(CallServerInterceptor.java:94)
08-03 20:32:55.849 12289 13159 E baseline.com.newsblur.network.APIResponse: 	at okhttp3.internal.http.RealInterceptorChain.proceed(RealInterceptorChain.java:142)
08-03 20:32:55.849 12289 13159 E baseline.com.newsblur.network.APIResponse: 	at okhttp3.internal.connection.ConnectInterceptor.intercept(ConnectInterceptor.java:43)
08-03 20:32:55.849 12289 13159 E baseline.com.newsblur.network.APIResponse: 	at okhttp3.internal.http.RealInterceptorChain.proceed(RealInterceptorChain.java:142)
08-03 20:32:55.849 12289 13159 E baseline.com.newsblur.network.APIResponse: 	at okhttp3.internal.http.RealInterceptorChain.proceed(RealInterceptorChain.java:117)
08-03 20:32:55.849 12289 13159 E baseline.com.newsblur.network.APIResponse: 	at okhttp3.internal.cache.CacheInterceptor.intercept(CacheInterceptor.java:94)
08-03 20:32:55.849 12289 13159 E baseline.com.newsblur.network.APIResponse: 	at okhttp3.internal.http.RealInterceptorChain.proceed(RealInterceptorChain.java:142)
08-03 20:32:55.849 12289 13159 E baseline.com.newsblur.network.APIResponse: 	at okhttp3.internal.http.RealInterceptorChain.proceed(RealInterceptorChain.java:117)
08-03 20:32:55.849 12289 13159 E baseline.com.newsblur.network.APIResponse: 	at okhttp3.internal.http.BridgeInterceptor.intercept(BridgeInterceptor.java:93)
08-03 20:32:55.849 12289 13159 E baseline.com.newsblur.network.APIResponse: 	at okhttp3.internal.http.RealInterceptorChain.proceed(RealInterceptorChain.java:142)
08-03 20:32:55.849 12289 13159 E baseline.com.newsblur.network.APIResponse: 	at okhttp3.internal.http.RetryAndFollowUpInterceptor.intercept(RetryAndFollowUpInterceptor.java:88)
08-03 20:32:55.849 12289 13159 E baseline.com.newsblur.network.APIResponse: 	at okhttp3.internal.http.RealInterceptorChain.proceed(RealInterceptorChain.java:142)
08-03 20:32:55.849 12289 13159 E baseline.com.newsblur.network.APIResponse: 	at okhttp3.internal.http.RealInterceptorChain.proceed(RealInterceptorChain.java:117)
08-03 20:32:55.849 12289 13159 E baseline.com.newsblur.network.APIResponse: 	at okhttp3.RealCall.getResponseWithInterceptorChain(RealCall.java:229)
08-03 20:32:55.849 12289 13159 E baseline.com.newsblur.network.APIResponse: 	at okhttp3.RealCall.execute(RealCall.java:81)
08-03 20:32:55.849 12289 13159 E baseline.com.newsblur.network.APIResponse: 	at baseline.com.newsblur.network.APIResponse.<init>(APIResponse.java:57)
08-03 20:32:55.849 12289 13159 E baseline.com.newsblur.network.APIResponse: 	at baseline.com.newsblur.network.APIResponse.<init>(APIResponse.java:43)
08-03 20:32:55.849 12289 13159 E baseline.com.newsblur.network.APIResponse: 	at baseline.com.newsblur.network.APIManager.post_single(APIManager.java:702)
08-03 20:32:55.849 12289 13159 E baseline.com.newsblur.network.APIResponse: 	at baseline.com.newsblur.network.APIManager.post(APIManager.java:675)
08-03 20:32:55.849 12289 13159 E baseline.com.newsblur.network.APIResponse: 	at baseline.com.newsblur.network.APIManager.post(APIManager.java:714)
08-03 20:32:55.849 12289 13159 E baseline.com.newsblur.network.APIResponse: 	at baseline.com.newsblur.network.APIManager.markStoryAsRead(APIManager.java:205)
08-03 20:32:55.849 12289 13159 E baseline.com.newsblur.network.APIResponse: 	at baseline.com.newsblur.util.ReadingAction.doRemote(ReadingAction.java:281)
08-03 20:32:55.849 12289 13159 E baseline.com.newsblur.network.APIResponse: 	at baseline.com.newsblur.service.NBSyncService.syncActions(NBSyncService.java:400)
08-03 20:32:55.849 12289 13159 E baseline.com.newsblur.network.APIResponse: 	at baseline.com.newsblur.service.NBSyncService.doSync(NBSyncService.java:298)
08-03 20:32:55.849 12289 13159 E baseline.com.newsblur.network.APIResponse: 	at baseline.com.newsblur.service.NBSyncService.access$100(NBSyncService.java:67)
08-03 20:32:55.849 12289 13159 E baseline.com.newsblur.network.APIResponse: 	at baseline.com.newsblur.service.NBSyncService$1.run(NBSyncService.java:188)
08-03 20:32:55.849 12289 13159 E baseline.com.newsblur.network.APIResponse: 	at java.util.concurrent.ThreadPoolExecutor.runWorker(ThreadPoolExecutor.java:1113)
08-03 20:32:55.849 12289 13159 E baseline.com.newsblur.network.APIResponse: 	at java.util.concurrent.ThreadPoolExecutor$Worker.run(ThreadPoolExecutor.java:588)
08-03 20:32:55.849 12289 13159 E baseline.com.newsblur.network.APIResponse: 	at java.lang.Thread.run(Thread.java:818)
08-03 20:32:55.849 12289 13159 E baseline.com.newsblur.network.APIResponse: Caused by: java.io.EOFException: \n not found: limit=0 content=
08-03 20:32:55.849 12289 13159 E baseline.com.newsblur.network.APIResponse: 	at okio.RealBufferedSource.readUtf8LineStrict(RealBufferedSource.java:240)
08-03 20:32:55.849 12289 13159 E baseline.com.newsblur.network.APIResponse: 	at okhttp3.internal.http1.Http1ExchangeCodec.readHeaderLine(Http1ExchangeCodec.java:242)
08-03 20:32:55.849 12289 13159 E baseline.com.newsblur.network.APIResponse: 	at okhttp3.internal.http1.Http1ExchangeCodec.readResponseHeaders(Http1ExchangeCodec.java:213)
08-03 20:32:55.849 12289 13159 E baseline.com.newsblur.network.APIResponse: 	... 30 more
08-03 20:32:55.850 12289 13159 I baseline.com.newsblur.network.APIManager: API call failed, pausing before retry number 2
08-03 20:32:55.855 12289 12302 I art     : Starting a blocking GC Explicit
08-03 20:32:55.911 12289 12302 I art     : Explicit concurrent mark sweep GC freed 1847(273KB) AllocSpace objects, 7(140KB) LOS objects, 29% free, 37MB/53MB, paused 2.634ms total 55.749ms
08-03 20:32:55.932 12289 12302 I art     : Starting a blocking GC Explicit
08-03 20:32:55.963 12289 13366 I NAPPA_EXPERIMENTATION: MetricNetworkRequestExecutionTime: REQUEST_DURATION_SYSTEM='41',REQUEST_DURATION_OKHTTP='39',REQUEST_SYNCHRONOUS='TRUE',RESPONSE_CODE='200',RESPONSE_METHOD='GET',RESPONSE_LENGTH_OKHTTP='43',RESPONSE_LENGTH_HEADER='43',REQUEST_PROTOCOL='http/1.1',REQUEST_URL='http://feeds.feedburner.com/~r/retort/~4/UffaFMiJbNs',
08-03 20:32:55.991 12289 12302 I art     : Explicit concurrent mark sweep GC freed 822(59KB) AllocSpace objects, 2(40KB) LOS objects, 29% free, 37MB/53MB, paused 4.629ms total 58.836ms
08-03 20:32:56.010 12289 12302 I art     : Starting a blocking GC Explicit
08-03 20:32:56.058 12289 12302 I art     : Explicit concurrent mark sweep GC freed 176(7KB) AllocSpace objects, 0(0B) LOS objects, 29% free, 37MB/53MB, paused 1.773ms total 47.787ms
08-03 20:32:56.224  9822  9822 I ServiceManager: Waiting for service AtCmdFwd...
08-03 20:32:56.438 12289 12308 I art     : Starting a blocking GC Explicit
08-03 20:32:56.496 12289 12308 I art     : Explicit concurrent mark sweep GC freed 1851(111KB) AllocSpace objects, 2(40KB) LOS objects, 29% free, 37MB/53MB, paused 1.942ms total 57.740ms
08-03 20:32:56.515 12289 12308 I art     : Starting a blocking GC Explicit
08-03 20:32:56.572 12289 12308 I art     : Explicit concurrent mark sweep GC freed 29(1072B) AllocSpace objects, 0(0B) LOS objects, 29% free, 37MB/53MB, paused 2.176ms total 56.675ms
08-03 20:32:56.592 12289 12308 I art     : Starting a blocking GC Explicit
08-03 20:32:56.649 12289 12308 I art     : Explicit concurrent mark sweep GC freed 3(96B) AllocSpace objects, 0(0B) LOS objects, 29% free, 37MB/53MB, paused 2.248ms total 56.859ms
08-03 20:32:56.669 12289 12308 I art     : Starting a blocking GC Explicit
08-03 20:32:56.727 12289 12308 I art     : Explicit concurrent mark sweep GC freed 3(96B) AllocSpace objects, 0(0B) LOS objects, 29% free, 37MB/53MB, paused 1.956ms total 57.126ms
08-03 20:32:56.746 12289 12308 I art     : Starting a blocking GC Explicit
08-03 20:32:56.804 12289 12308 I art     : Explicit concurrent mark sweep GC freed 3(96B) AllocSpace objects, 0(0B) LOS objects, 29% free, 37MB/53MB, paused 2.135ms total 57.212ms
08-03 20:32:57.214 12289 12521 I art     : Starting a blocking GC Explicit
08-03 20:32:57.225  9822  9822 I ServiceManager: Waiting for service AtCmdFwd...
08-03 20:32:57.279 12289 12521 I art     : Explicit concurrent mark sweep GC freed 1466(83KB) AllocSpace objects, 1(20KB) LOS objects, 29% free, 37MB/53MB, paused 2.027ms total 64.439ms
08-03 20:32:57.297 12289 12521 I art     : Starting a blocking GC Explicit
08-03 20:32:57.353 12289 12521 I art     : Explicit concurrent mark sweep GC freed 22(784B) AllocSpace objects, 0(0B) LOS objects, 29% free, 37MB/53MB, paused 2.146ms total 55.484ms
08-03 20:32:57.372 12289 12521 I art     : Starting a blocking GC Explicit
08-03 20:32:57.430 12289 12521 I art     : Explicit concurrent mark sweep GC freed 3(96B) AllocSpace objects, 0(0B) LOS objects, 29% free, 37MB/53MB, paused 2.180ms total 57.209ms
08-03 20:32:57.449 12289 12521 I art     : Starting a blocking GC Explicit
08-03 20:32:57.507 12289 12521 I art     : Explicit concurrent mark sweep GC freed 3(96B) AllocSpace objects, 0(0B) LOS objects, 29% free, 37MB/53MB, paused 2.025ms total 56.939ms
08-03 20:32:57.510   518   646 I ThermalEngine: ACTION: GPU - Setting GPU[0] to 450000000
08-03 20:32:57.524 12289 12521 I art     : Starting a blocking GC Explicit
08-03 20:32:57.570 12289 12521 I art     : Explicit concurrent mark sweep GC freed 3(96B) AllocSpace objects, 0(0B) LOS objects, 29% free, 37MB/53MB, paused 1.427ms total 45.632ms
08-03 20:32:57.974 12289 12301 I art     : Starting a blocking GC Explicit
08-03 20:32:58.021 12289 12301 I art     : Explicit concurrent mark sweep GC freed 1436(82KB) AllocSpace objects, 1(20KB) LOS objects, 29% free, 37MB/53MB, paused 1.506ms total 46.570ms
08-03 20:32:58.036 12289 12301 I art     : Starting a blocking GC Explicit
08-03 20:32:58.082 12289 12301 I art     : Explicit concurrent mark sweep GC freed 22(784B) AllocSpace objects, 0(0B) LOS objects, 29% free, 37MB/53MB, paused 1.324ms total 45.613ms
08-03 20:32:58.095 12289 12301 I art     : Starting a blocking GC Explicit
08-03 20:32:58.144 12289 12301 I art     : Explicit concurrent mark sweep GC freed 3(96B) AllocSpace objects, 0(0B) LOS objects, 29% free, 37MB/53MB, paused 1.380ms total 48.195ms
08-03 20:32:58.157 12289 12301 I art     : Starting a blocking GC Explicit
08-03 20:32:58.203 12289 12301 I art     : Explicit concurrent mark sweep GC freed 3(96B) AllocSpace objects, 0(0B) LOS objects, 29% free, 37MB/53MB, paused 1.319ms total 46.362ms
08-03 20:32:58.216 12289 12301 I art     : Starting a blocking GC Explicit
08-03 20:32:58.225  9822  9822 W Atfwd_Sendcmd: AtCmdFwd service not published, waiting... retryCnt : 3
08-03 20:32:58.265 12289 12301 I art     : Explicit concurrent mark sweep GC freed 3(96B) AllocSpace objects, 0(0B) LOS objects, 29% free, 37MB/53MB, paused 1.398ms total 48.151ms
08-03 20:32:58.646 12289 12302 I art     : Starting a blocking GC Explicit
08-03 20:32:58.692 12289 12302 I art     : Explicit concurrent mark sweep GC freed 1438(83KB) AllocSpace objects, 1(20KB) LOS objects, 29% free, 37MB/53MB, paused 1.381ms total 46.321ms
08-03 20:32:58.707 12289 12302 I art     : Starting a blocking GC Explicit
08-03 20:32:58.753 12289 12302 I art     : Explicit concurrent mark sweep GC freed 22(784B) AllocSpace objects, 0(0B) LOS objects, 29% free, 37MB/53MB, paused 1.388ms total 46.010ms
08-03 20:32:58.767 12289 12302 I art     : Starting a blocking GC Explicit
08-03 20:32:58.812 12289 12302 I art     : Explicit concurrent mark sweep GC freed 3(96B) AllocSpace objects, 0(0B) LOS objects, 29% free, 37MB/53MB, paused 1.320ms total 45.451ms
08-03 20:32:58.825 12289 12302 I art     : Starting a blocking GC Explicit
08-03 20:32:58.872 12289 12302 I art     : Explicit concurrent mark sweep GC freed 94(3KB) AllocSpace objects, 0(0B) LOS objects, 29% free, 37MB/53MB, paused 1.513ms total 46.649ms
08-03 20:32:58.885 12289 12302 I art     : Starting a blocking GC Explicit
08-03 20:32:58.934 12289 12302 I art     : Explicit concurrent mark sweep GC freed 9(352B) AllocSpace objects, 0(0B) LOS objects, 29% free, 37MB/53MB, paused 1.485ms total 47.996ms
08-03 20:32:59.323 12289 12308 I art     : Starting a blocking GC Explicit
08-03 20:32:59.373 12289 12308 I art     : Explicit concurrent mark sweep GC freed 1764(100KB) AllocSpace objects, 1(20KB) LOS objects, 29% free, 37MB/53MB, paused 1.624ms total 49.685ms
08-03 20:32:59.386 12289 12308 I art     : Starting a blocking GC Explicit
08-03 20:32:59.435 12289 12308 I art     : Explicit concurrent mark sweep GC freed 1462(54KB) AllocSpace objects, 0(0B) LOS objects, 29% free, 37MB/53MB, paused 1.453ms total 49.085ms
08-03 20:32:59.443 12289 13159 E baseline.com.newsblur.network.APIResponse: Error (unexpected end of stream on https://www.newsblur.com/...) calling https://www.newsblur.com/reader/mark_story_hashes_as_read/
08-03 20:32:59.443 12289 13159 E baseline.com.newsblur.network.APIResponse: java.io.IOException: unexpected end of stream on https://www.newsblur.com/...
08-03 20:32:59.443 12289 13159 E baseline.com.newsblur.network.APIResponse: 	at okhttp3.internal.http1.Http1ExchangeCodec.readResponseHeaders(Http1ExchangeCodec.java:236)
08-03 20:32:59.443 12289 13159 E baseline.com.newsblur.network.APIResponse: 	at okhttp3.internal.connection.Exchange.readResponseHeaders(Exchange.java:115)
08-03 20:32:59.443 12289 13159 E baseline.com.newsblur.network.APIResponse: 	at okhttp3.internal.http.CallServerInterceptor.intercept(CallServerInterceptor.java:94)
08-03 20:32:59.443 12289 13159 E baseline.com.newsblur.network.APIResponse: 	at okhttp3.internal.http.RealInterceptorChain.proceed(RealInterceptorChain.java:142)
08-03 20:32:59.443 12289 13159 E baseline.com.newsblur.network.APIResponse: 	at okhttp3.internal.connection.ConnectInterceptor.intercept(ConnectInterceptor.java:43)
08-03 20:32:59.443 12289 13159 E baseline.com.newsblur.network.APIResponse: 	at okhttp3.internal.http.RealInterceptorChain.proceed(RealInterceptorChain.java:142)
08-03 20:32:59.443 12289 13159 E baseline.com.newsblur.network.APIResponse: 	at okhttp3.internal.http.RealInterceptorChain.proceed(RealInterceptorChain.java:117)
08-03 20:32:59.443 12289 13159 E baseline.com.newsblur.network.APIResponse: 	at okhttp3.internal.cache.CacheInterceptor.intercept(CacheInterceptor.java:94)
08-03 20:32:59.443 12289 13159 E baseline.com.newsblur.network.APIResponse: 	at okhttp3.internal.http.RealInterceptorChain.proceed(RealInterceptorChain.java:142)
08-03 20:32:59.443 12289 13159 E baseline.com.newsblur.network.APIResponse: 	at okhttp3.internal.http.RealInterceptorChain.proceed(RealInterceptorChain.java:117)
08-03 20:32:59.443 12289 13159 E baseline.com.newsblur.network.APIResponse: 	at okhttp3.internal.http.BridgeInterceptor.intercept(BridgeInterceptor.java:93)
08-03 20:32:59.443 12289 13159 E baseline.com.newsblur.network.APIResponse: 	at okhttp3.internal.http.RealInterceptorChain.proceed(RealInterceptorChain.java:142)
08-03 20:32:59.443 12289 13159 E baseline.com.newsblur.network.APIResponse: 	at okhttp3.internal.http.RetryAndFollowUpInterceptor.intercept(RetryAndFollowUpInterceptor.java:88)
08-03 20:32:59.443 12289 13159 E baseline.com.newsblur.network.APIResponse: 	at okhttp3.internal.http.RealInterceptorChain.proceed(RealInterceptorChain.java:142)
08-03 20:32:59.443 12289 13159 E baseline.com.newsblur.network.APIResponse: 	at okhttp3.internal.http.RealInterceptorChain.proceed(RealInterceptorChain.java:117)
08-03 20:32:59.443 12289 13159 E baseline.com.newsblur.network.APIResponse: 	at okhttp3.RealCall.getResponseWithInterceptorChain(RealCall.java:229)
08-03 20:32:59.443 12289 13159 E baseline.com.newsblur.network.APIResponse: 	at okhttp3.RealCall.execute(RealCall.java:81)
08-03 20:32:59.443 12289 13159 E baseline.com.newsblur.network.APIResponse: 	at baseline.com.newsblur.network.APIResponse.<init>(APIResponse.java:57)
08-03 20:32:59.443 12289 13159 E baseline.com.newsblur.network.APIResponse: 	at baseline.com.newsblur.network.APIResponse.<init>(APIResponse.java:43)
08-03 20:32:59.443 12289 13159 E baseline.com.newsblur.network.APIResponse: 	at baseline.com.newsblur.network.APIManager.post_single(APIManager.java:702)
08-03 20:32:59.443 12289 13159 E baseline.com.newsblur.network.APIResponse: 	at baseline.com.newsblur.network.APIManager.post(APIManager.java:675)
08-03 20:32:59.443 12289 13159 E baseline.com.newsblur.network.APIResponse: 	at baseline.com.newsblur.network.APIManager.post(APIManager.java:714)
08-03 20:32:59.443 12289 13159 E baseline.com.newsblur.network.APIResponse: 	at baseline.com.newsblur.network.APIManager.markStoryAsRead(APIManager.java:205)
08-03 20:32:59.443 12289 13159 E baseline.com.newsblur.network.APIResponse: 	at baseline.com.newsblur.util.ReadingAction.doRemote(ReadingAction.java:281)
08-03 20:32:59.443 12289 13159 E baseline.com.newsblur.network.APIResponse: 	at baseline.com.newsblur.service.NBSyncService.syncActions(NBSyncService.java:400)
08-03 20:32:59.443 12289 13159 E baseline.com.newsblur.network.APIResponse: 	at baseline.com.newsblur.service.NBSyncService.doSync(NBSyncService.java:298)
08-03 20:32:59.443 12289 13159 E baseline.com.newsblur.network.APIResponse: 	at baseline.com.newsblur.service.NBSyncService.access$100(NBSyncService.java:67)
08-03 20:32:59.443 12289 13159 E baseline.com.newsblur.network.APIResponse: 	at baseline.com.newsblur.service.NBSyncService$1.run(NBSyncService.java:188)
08-03 20:32:59.443 12289 13159 E baseline.com.newsblur.network.APIResponse: 	at java.util.concurrent.ThreadPoolExecutor.runWorker(ThreadPoolExecutor.java:1113)
08-03 20:32:59.443 12289 13159 E baseline.com.newsblur.network.APIResponse: 	at java.util.concurrent.ThreadPoolExecutor$Worker.run(ThreadPoolExecutor.java:588)
08-03 20:32:59.443 12289 13159 E baseline.com.newsblur.network.APIResponse: 	at java.lang.Thread.run(Thread.java:818)
08-03 20:32:59.443 12289 13159 E baseline.com.newsblur.network.APIResponse: Caused by: java.io.EOFException: \n not found: limit=0 content=
08-03 20:32:59.443 12289 13159 E baseline.com.newsblur.network.APIResponse: 	at okio.RealBufferedSource.readUtf8LineStrict(RealBufferedSource.java:240)
08-03 20:32:59.443 12289 13159 E baseline.com.newsblur.network.APIResponse: 	at okhttp3.internal.http1.Http1ExchangeCodec.readHeaderLine(Http1ExchangeCodec.java:242)
08-03 20:32:59.443 12289 13159 E baseline.com.newsblur.network.APIResponse: 	at okhttp3.internal.http1.Http1ExchangeCodec.readResponseHeaders(Http1ExchangeCodec.java:213)
08-03 20:32:59.443 12289 13159 E baseline.com.newsblur.network.APIResponse: 	... 30 more
08-03 20:32:59.447 12289 13159 I baseline.com.newsblur.service.NBSyncService: Holding reading action with server-side or network error.
08-03 20:32:59.448 12289 12308 I art     : Starting a blocking GC Explicit
08-03 20:32:59.468 12289 13159 W baseline.com.newsblur.service.NBSyncService: hard API failure
08-03 20:32:59.482 12289 13159 I baseline.com.newsblur.service.NBSyncService: recounting dirty feed sets: 1
08-03 20:32:59.494 12289 12308 I art     : Explicit concurrent mark sweep GC freed 1591(266KB) AllocSpace objects, 4(80KB) LOS objects, 29% free, 37MB/53MB, paused 1.609ms total 45.624ms
08-03 20:32:59.508 12289 12308 I art     : Starting a blocking GC Explicit
08-03 20:32:59.557 12289 12308 I art     : Explicit concurrent mark sweep GC freed 282(21KB) AllocSpace objects, 0(0B) LOS objects, 29% free, 37MB/53MB, paused 1.463ms total 48.841ms
08-03 20:32:59.570 12289 12308 I art     : Starting a blocking GC Explicit
08-03 20:32:59.618 12289 12308 I art     : Explicit concurrent mark sweep GC freed 32(1216B) AllocSpace objects, 0(0B) LOS objects, 29% free, 37MB/53MB, paused 1.600ms total 47.572ms
08-03 20:32:59.927 12289 13159 E baseline.com.newsblur.network.APIResponse: Error (unexpected end of stream on https://www.newsblur.com/...) calling https://www.newsblur.com/reader/feed_unread_count?feed_id=0
08-03 20:32:59.927 12289 13159 E baseline.com.newsblur.network.APIResponse: java.io.IOException: unexpected end of stream on https://www.newsblur.com/...
08-03 20:32:59.927 12289 13159 E baseline.com.newsblur.network.APIResponse: 	at okhttp3.internal.http1.Http1ExchangeCodec.readResponseHeaders(Http1ExchangeCodec.java:236)
08-03 20:32:59.927 12289 13159 E baseline.com.newsblur.network.APIResponse: 	at okhttp3.internal.connection.Exchange.readResponseHeaders(Exchange.java:115)
08-03 20:32:59.927 12289 13159 E baseline.com.newsblur.network.APIResponse: 	at okhttp3.internal.http.CallServerInterceptor.intercept(CallServerInterceptor.java:94)
08-03 20:32:59.927 12289 13159 E baseline.com.newsblur.network.APIResponse: 	at okhttp3.internal.http.RealInterceptorChain.proceed(RealInterceptorChain.java:142)
08-03 20:32:59.927 12289 13159 E baseline.com.newsblur.network.APIResponse: 	at okhttp3.internal.connection.ConnectInterceptor.intercept(ConnectInterceptor.java:43)
08-03 20:32:59.927 12289 13159 E baseline.com.newsblur.network.APIResponse: 	at okhttp3.internal.http.RealInterceptorChain.proceed(RealInterceptorChain.java:142)
08-03 20:32:59.927 12289 13159 E baseline.com.newsblur.network.APIResponse: 	at okhttp3.internal.http.RealInterceptorChain.proceed(RealInterceptorChain.java:117)
08-03 20:32:59.927 12289 13159 E baseline.com.newsblur.network.APIResponse: 	at okhttp3.internal.cache.CacheInterceptor.intercept(CacheInterceptor.java:94)
08-03 20:32:59.927 12289 13159 E baseline.com.newsblur.network.APIResponse: 	at okhttp3.internal.http.RealInterceptorChain.proceed(RealInterceptorChain.java:142)
08-03 20:32:59.927 12289 13159 E baseline.com.newsblur.network.APIResponse: 	at okhttp3.internal.http.RealInterceptorChain.proceed(RealInterceptorChain.java:117)
08-03 20:32:59.927 12289 13159 E baseline.com.newsblur.network.APIResponse: 	at okhttp3.internal.http.BridgeInterceptor.intercept(BridgeInterceptor.java:93)
08-03 20:32:59.927 12289 13159 E baseline.com.newsblur.network.APIResponse: 	at okhttp3.internal.http.RealInterceptorChain.proceed(RealInterceptorChain.java:142)
08-03 20:32:59.927 12289 13159 E baseline.com.newsblur.network.APIResponse: 	at okhttp3.internal.http.RetryAndFollowUpInterceptor.intercept(RetryAndFollowUpInterceptor.java:88)
08-03 20:32:59.927 12289 13159 E baseline.com.newsblur.network.APIResponse: 	at okhttp3.internal.http.RealInterceptorChain.proceed(RealInterceptorChain.java:142)
08-03 20:32:59.927 12289 13159 E baseline.com.newsblur.network.APIResponse: 	at okhttp3.internal.http.RealInterceptorChain.proceed(RealInterceptorChain.java:117)
08-03 20:32:59.927 12289 13159 E baseline.com.newsblur.network.APIResponse: 	at okhttp3.RealCall.getResponseWithInterceptorChain(RealCall.java:229)
08-03 20:32:59.927 12289 13159 E baseline.com.newsblur.network.APIResponse: 	at okhttp3.RealCall.execute(RealCall.java:81)
08-03 20:32:59.927 12289 13159 E baseline.com.newsblur.network.APIResponse: 	at baseline.com.newsblur.network.APIResponse.<init>(APIResponse.java:57)
08-03 20:32:59.927 12289 13159 E baseline.com.newsblur.network.APIResponse: 	at baseline.com.newsblur.network.APIManager.get_single(APIManager.java:639)
08-03 20:32:59.927 12289 13159 E baseline.com.newsblur.network.APIResponse: 	at baseline.com.newsblur.network.APIManager.get(APIManager.java:625)
08-03 20:32:59.927 12289 13159 E baseline.com.newsblur.network.APIResponse: 	at baseline.com.newsblur.network.APIManager.get(APIManager.java:667)
08-03 20:32:59.927 12289 13159 E baseline.com.newsblur.network.APIResponse: 	at baseline.com.newsblur.network.APIManager.getFeedUnreadCounts(APIManager.java:274)
08-03 20:32:59.927 12289 13159 E baseline.com.newsblur.network.APIResponse: 	at baseline.com.newsblur.service.NBSyncService.checkRecounts(NBSyncService.java:660)
08-03 20:32:59.927 12289 13159 E baseline.com.newsblur.network.APIResponse: 	at baseline.com.newsblur.service.NBSyncService.doSync(NBSyncService.java:310)
08-03 20:32:59.927 12289 13159 E baseline.com.newsblur.network.APIResponse: 	at baseline.com.newsblur.service.NBSyncService.access$100(NBSyncService.java:67)
08-03 20:32:59.927 12289 13159 E baseline.com.newsblur.network.APIResponse: 	at baseline.com.newsblur.service.NBSyncService$1.run(NBSyncService.java:188)
08-03 20:32:59.927 12289 13159 E baseline.com.newsblur.network.APIResponse: 	at java.util.concurrent.ThreadPoolExecutor.runWorker(ThreadPoolExecutor.java:1113)
08-03 20:32:59.927 12289 13159 E baseline.com.newsblur.network.APIResponse: 	at java.util.concurrent.ThreadPoolExecutor$Worker.run(ThreadPoolExecutor.java:588)
08-03 20:32:59.927 12289 13159 E baseline.com.newsblur.network.APIResponse: 	at java.lang.Thread.run(Thread.java:818)
08-03 20:32:59.927 12289 13159 E baseline.com.newsblur.network.APIResponse: Caused by: java.io.EOFException: \n not found: limit=0 content=
08-03 20:32:59.927 12289 13159 E baseline.com.newsblur.network.APIResponse: 	at okio.RealBufferedSource.readUtf8LineStrict(RealBufferedSource.java:240)
08-03 20:32:59.927 12289 13159 E baseline.com.newsblur.network.APIResponse: 	at okhttp3.internal.http1.Http1ExchangeCodec.readHeaderLine(Http1ExchangeCodec.java:242)
08-03 20:32:59.927 12289 13159 E baseline.com.newsblur.network.APIResponse: 	at okhttp3.internal.http1.Http1ExchangeCodec.readResponseHeaders(Http1ExchangeCodec.java:213)
08-03 20:32:59.927 12289 13159 E baseline.com.newsblur.network.APIResponse: 	... 28 more
08-03 20:32:59.929 12289 13159 I baseline.com.newsblur.network.APIManager: API call failed, pausing before retry number 1
08-03 20:32:59.991 12289 12521 I art     : Starting a blocking GC Explicit
08-03 20:33:00.040 12289 12521 I art     : Explicit concurrent mark sweep GC freed 3924(357KB) AllocSpace objects, 3(60KB) LOS objects, 29% free, 37MB/53MB, paused 1.412ms total 48.909ms
08-03 20:33:00.053 12289 12521 I art     : Starting a blocking GC Explicit
08-03 20:33:00.097 12289 12521 I art     : Explicit concurrent mark sweep GC freed 109(3KB) AllocSpace objects, 0(0B) LOS objects, 29% free, 37MB/53MB, paused 1.485ms total 44.200ms
08-03 20:33:00.098 12289 12300 I art     : WaitForGcToComplete blocked for 44.196ms for cause HeapTrim
08-03 20:33:00.110 12289 12521 I art     : Starting a blocking GC Explicit
08-03 20:33:00.158 12289 12521 I art     : Explicit concurrent mark sweep GC freed 3(96B) AllocSpace objects, 0(0B) LOS objects, 29% free, 37MB/53MB, paused 1.583ms total 47.866ms
08-03 20:33:00.172 12289 12521 I art     : Starting a blocking GC Explicit
08-03 20:33:00.218 12289 12521 I art     : Explicit concurrent mark sweep GC freed 3(96B) AllocSpace objects, 0(0B) LOS objects, 29% free, 37MB/53MB, paused 1.499ms total 46.198ms
08-03 20:33:00.232 12289 12521 I art     : Starting a blocking GC Explicit
08-03 20:33:00.282 12289 12521 I art     : Explicit concurrent mark sweep GC freed 3(96B) AllocSpace objects, 0(0B) LOS objects, 29% free, 37MB/53MB, paused 1.452ms total 50.313ms
08-03 20:33:00.666 12289 12301 I art     : Starting a blocking GC Explicit
08-03 20:33:00.712 12289 12301 I art     : Explicit concurrent mark sweep GC freed 1435(82KB) AllocSpace objects, 1(20KB) LOS objects, 29% free, 37MB/53MB, paused 1.372ms total 45.586ms
08-03 20:33:00.725 12289 12301 I art     : Starting a blocking GC Explicit
08-03 20:33:00.772 12289 12301 I art     : Explicit concurrent mark sweep GC freed 22(784B) AllocSpace objects, 0(0B) LOS objects, 29% free, 37MB/53MB, paused 1.437ms total 46.239ms
08-03 20:33:00.785 12289 12301 I art     : Starting a blocking GC Explicit
08-03 20:33:00.834 12289 12301 I art     : Explicit concurrent mark sweep GC freed 3(96B) AllocSpace objects, 0(0B) LOS objects, 29% free, 37MB/53MB, paused 1.447ms total 48.122ms
08-03 20:33:00.847 12289 12301 I art     : Starting a blocking GC Explicit
08-03 20:33:00.899 12289 12301 I art     : Explicit concurrent mark sweep GC freed 3(96B) AllocSpace objects, 0(0B) LOS objects, 29% free, 37MB/53MB, paused 1.391ms total 51.058ms
08-03 20:33:00.915 12289 12301 I art     : Starting a blocking GC Explicit
08-03 20:33:00.960 12289 12301 I art     : Explicit concurrent mark sweep GC freed 3(96B) AllocSpace objects, 0(0B) LOS objects, 29% free, 37MB/53MB, paused 1.405ms total 45.043ms
08-03 20:33:01.352 12289 12302 I art     : Starting a blocking GC Explicit
08-03 20:33:01.401 12289 12302 I art     : Explicit concurrent mark sweep GC freed 1435(82KB) AllocSpace objects, 1(20KB) LOS objects, 29% free, 37MB/53MB, paused 1.361ms total 48.743ms
08-03 20:33:01.418 12289 12302 I art     : Starting a blocking GC Explicit
08-03 20:33:01.463 12289 12302 I art     : Explicit concurrent mark sweep GC freed 115(4KB) AllocSpace objects, 0(0B) LOS objects, 29% free, 37MB/53MB, paused 1.514ms total 44.966ms
08-03 20:33:01.476 12289 12302 I art     : Starting a blocking GC Explicit
08-03 20:33:01.525 12289 12302 I art     : Explicit concurrent mark sweep GC freed 21(912B) AllocSpace objects, 0(0B) LOS objects, 29% free, 37MB/53MB, paused 1.530ms total 48.055ms
08-03 20:33:01.538 12289 12302 I art     : Starting a blocking GC Explicit
08-03 20:33:01.586 12289 12302 I art     : Explicit concurrent mark sweep GC freed 65(4KB) AllocSpace objects, 0(0B) LOS objects, 29% free, 37MB/53MB, paused 1.488ms total 47.535ms
08-03 20:33:01.599 12289 12302 I art     : Starting a blocking GC Explicit
08-03 20:33:01.649 12289 12302 I art     : Explicit concurrent mark sweep GC freed 3(96B) AllocSpace objects, 0(0B) LOS objects, 29% free, 37MB/53MB, paused 1.405ms total 49.591ms
08-03 20:33:01.985 12289 13159 E baseline.com.newsblur.network.APIResponse: Error (unexpected end of stream on https://www.newsblur.com/...) calling https://www.newsblur.com/reader/feed_unread_count?feed_id=0
08-03 20:33:01.985 12289 13159 E baseline.com.newsblur.network.APIResponse: java.io.IOException: unexpected end of stream on https://www.newsblur.com/...
08-03 20:33:01.985 12289 13159 E baseline.com.newsblur.network.APIResponse: 	at okhttp3.internal.http1.Http1ExchangeCodec.readResponseHeaders(Http1ExchangeCodec.java:236)
08-03 20:33:01.985 12289 13159 E baseline.com.newsblur.network.APIResponse: 	at okhttp3.internal.connection.Exchange.readResponseHeaders(Exchange.java:115)
08-03 20:33:01.985 12289 13159 E baseline.com.newsblur.network.APIResponse: 	at okhttp3.internal.http.CallServerInterceptor.intercept(CallServerInterceptor.java:94)
08-03 20:33:01.985 12289 13159 E baseline.com.newsblur.network.APIResponse: 	at okhttp3.internal.http.RealInterceptorChain.proceed(RealInterceptorChain.java:142)
08-03 20:33:01.985 12289 13159 E baseline.com.newsblur.network.APIResponse: 	at okhttp3.internal.connection.ConnectInterceptor.intercept(ConnectInterceptor.java:43)
08-03 20:33:01.985 12289 13159 E baseline.com.newsblur.network.APIResponse: 	at okhttp3.internal.http.RealInterceptorChain.proceed(RealInterceptorChain.java:142)
08-03 20:33:01.985 12289 13159 E baseline.com.newsblur.network.APIResponse: 	at okhttp3.internal.http.RealInterceptorChain.proceed(RealInterceptorChain.java:117)
08-03 20:33:01.985 12289 13159 E baseline.com.newsblur.network.APIResponse: 	at okhttp3.internal.cache.CacheInterceptor.intercept(CacheInterceptor.java:94)
08-03 20:33:01.985 12289 13159 E baseline.com.newsblur.network.APIResponse: 	at okhttp3.internal.http.RealInterceptorChain.proceed(RealInterceptorChain.java:142)
08-03 20:33:01.985 12289 13159 E baseline.com.newsblur.network.APIResponse: 	at okhttp3.internal.http.RealInterceptorChain.proceed(RealInterceptorChain.java:117)
08-03 20:33:01.985 12289 13159 E baseline.com.newsblur.network.APIResponse: 	at okhttp3.internal.http.BridgeInterceptor.intercept(BridgeInterceptor.java:93)
08-03 20:33:01.985 12289 13159 E baseline.com.newsblur.network.APIResponse: 	at okhttp3.internal.http.RealInterceptorChain.proceed(RealInterceptorChain.java:142)
08-03 20:33:01.985 12289 13159 E baseline.com.newsblur.network.APIResponse: 	at okhttp3.internal.http.RetryAndFollowUpInterceptor.intercept(RetryAndFollowUpInterceptor.java:88)
08-03 20:33:01.985 12289 13159 E baseline.com.newsblur.network.APIResponse: 	at okhttp3.internal.http.RealInterceptorChain.proceed(RealInterceptorChain.java:142)
08-03 20:33:01.985 12289 13159 E baseline.com.newsblur.network.APIResponse: 	at okhttp3.internal.http.RealInterceptorChain.proceed(RealInterceptorChain.java:117)
08-03 20:33:01.985 12289 13159 E baseline.com.newsblur.network.APIResponse: 	at okhttp3.RealCall.getResponseWithInterceptorChain(RealCall.java:229)
08-03 20:33:01.985 12289 13159 E baseline.com.newsblur.network.APIResponse: 	at okhttp3.RealCall.execute(RealCall.java:81)
08-03 20:33:01.985 12289 13159 E baseline.com.newsblur.network.APIResponse: 	at baseline.com.newsblur.network.APIResponse.<init>(APIResponse.java:57)
08-03 20:33:01.985 12289 13159 E baseline.com.newsblur.network.APIResponse: 	at baseline.com.newsblur.network.APIManager.get_single(APIManager.java:639)
08-03 20:33:01.985 12289 13159 E baseline.com.newsblur.network.APIResponse: 	at baseline.com.newsblur.network.APIManager.get(APIManager.java:625)
08-03 20:33:01.985 12289 13159 E baseline.com.newsblur.network.APIResponse: 	at baseline.com.newsblur.network.APIManager.get(APIManager.java:667)
08-03 20:33:01.985 12289 13159 E baseline.com.newsblur.network.APIResponse: 	at baseline.com.newsblur.network.APIManager.getFeedUnreadCounts(APIManager.java:274)
08-03 20:33:01.985 12289 13159 E baseline.com.newsblur.network.APIResponse: 	at baseline.com.newsblur.service.NBSyncService.checkRecounts(NBSyncService.java:660)
08-03 20:33:01.985 12289 13159 E baseline.com.newsblur.network.APIResponse: 	at baseline.com.newsblur.service.NBSyncService.doSync(NBSyncService.java:310)
08-03 20:33:01.985 12289 13159 E baseline.com.newsblur.network.APIResponse: 	at baseline.com.newsblur.service.NBSyncService.access$100(NBSyncService.java:67)
08-03 20:33:01.985 12289 13159 E baseline.com.newsblur.network.APIResponse: 	at baseline.com.newsblur.service.NBSyncService$1.run(NBSyncService.java:188)
08-03 20:33:01.985 12289 13159 E baseline.com.newsblur.network.APIResponse: 	at java.util.concurrent.ThreadPoolExecutor.runWorker(ThreadPoolExecutor.java:1113)
08-03 20:33:01.985 12289 13159 E baseline.com.newsblur.network.APIResponse: 	at java.util.concurrent.ThreadPoolExecutor$Worker.run(ThreadPoolExecutor.java:588)
08-03 20:33:01.985 12289 13159 E baseline.com.newsblur.network.APIResponse: 	at java.lang.Thread.run(Thread.java:818)
08-03 20:33:01.985 12289 13159 E baseline.com.newsblur.network.APIResponse: Caused by: java.io.EOFException: \n not found: limit=0 content=
08-03 20:33:01.985 12289 13159 E baseline.com.newsblur.network.APIResponse: 	at okio.RealBufferedSource.readUtf8LineStrict(RealBufferedSource.java:240)
08-03 20:33:01.985 12289 13159 E baseline.com.newsblur.network.APIResponse: 	at okhttp3.internal.http1.Http1ExchangeCodec.readHeaderLine(Http1ExchangeCodec.java:242)
08-03 20:33:01.985 12289 13159 E baseline.com.newsblur.network.APIResponse: 	at okhttp3.internal.http1.Http1ExchangeCodec.readResponseHeaders(Http1ExchangeCodec.java:213)
08-03 20:33:01.985 12289 13159 E baseline.com.newsblur.network.APIResponse: 	... 28 more
08-03 20:33:01.987 12289 13159 I baseline.com.newsblur.network.APIManager: API call failed, pausing before retry number 2
08-03 20:33:02.032 12289 12308 I art     : Starting a blocking GC Explicit
08-03 20:33:02.084 12289 12308 I art     : Explicit concurrent mark sweep GC freed 3928(355KB) AllocSpace objects, 3(60KB) LOS objects, 29% free, 37MB/53MB, paused 1.417ms total 51.872ms
08-03 20:33:02.101 12289 12308 I art     : Starting a blocking GC Explicit
08-03 20:33:02.150 12289 12308 I art     : Explicit concurrent mark sweep GC freed 128(4KB) AllocSpace objects, 0(0B) LOS objects, 29% free, 37MB/53MB, paused 1.430ms total 49.324ms
08-03 20:33:02.164 12289 12308 I art     : Starting a blocking GC Explicit
08-03 20:33:02.214 12289 12308 I art     : Explicit concurrent mark sweep GC freed 3(96B) AllocSpace objects, 0(0B) LOS objects, 29% free, 37MB/53MB, paused 1.393ms total 49.764ms
08-03 20:33:02.227 12289 12308 I art     : Starting a blocking GC Explicit
08-03 20:33:02.277 12289 12308 I art     : Explicit concurrent mark sweep GC freed 3(96B) AllocSpace objects, 0(0B) LOS objects, 29% free, 37MB/53MB, paused 1.385ms total 49.755ms
08-03 20:33:02.290 12289 12308 I art     : Starting a blocking GC Explicit
08-03 20:33:02.339 12289 12308 I art     : Explicit concurrent mark sweep GC freed 3(96B) AllocSpace objects, 0(0B) LOS objects, 29% free, 37MB/53MB, paused 1.465ms total 48.601ms
08-03 20:33:02.732 12289 12521 I art     : Starting a blocking GC Explicit
08-03 20:33:02.785 12289 12521 I art     : Explicit concurrent mark sweep GC freed 2422(131KB) AllocSpace objects, 1(20KB) LOS objects, 29% free, 37MB/53MB, paused 1.385ms total 52.114ms
08-03 20:33:02.802 12289 12521 I art     : Starting a blocking GC Explicit
08-03 20:33:02.848 12289 12521 I art     : Explicit concurrent mark sweep GC freed 1177(78KB) AllocSpace objects, 0(0B) LOS objects, 29% free, 37MB/53MB, paused 1.404ms total 46.502ms
08-03 20:33:02.861 12289 12521 I art     : Starting a blocking GC Explicit
08-03 20:33:02.910 12289 12521 I art     : Explicit concurrent mark sweep GC freed 462(31KB) AllocSpace objects, 0(0B) LOS objects, 29% free, 37MB/53MB, paused 1.421ms total 48.331ms
08-03 20:33:02.923 12289 12521 I art     : Starting a blocking GC Explicit
08-03 20:33:02.971 12289 12521 I art     : Explicit concurrent mark sweep GC freed 21(1232B) AllocSpace objects, 0(0B) LOS objects, 29% free, 37MB/53MB, paused 1.282ms total 47.410ms
08-03 20:33:02.984 12289 12521 I art     : Starting a blocking GC Explicit
08-03 20:33:03.033 12289 12521 I art     : Explicit concurrent mark sweep GC freed 3(96B) AllocSpace objects, 0(0B) LOS objects, 29% free, 37MB/53MB, paused 1.361ms total 48.387ms
08-03 20:33:03.405 12289 12301 I art     : Starting a blocking GC Explicit
08-03 20:33:03.455 12289 12301 I art     : Explicit concurrent mark sweep GC freed 1434(82KB) AllocSpace objects, 1(20KB) LOS objects, 29% free, 37MB/53MB, paused 1.384ms total 49.060ms
08-03 20:33:03.468 12289 12301 I art     : Starting a blocking GC Explicit
08-03 20:33:03.519 12289 12301 I art     : Explicit concurrent mark sweep GC freed 22(784B) AllocSpace objects, 0(0B) LOS objects, 29% free, 37MB/53MB, paused 1.468ms total 49.803ms
08-03 20:33:03.532 12289 12301 I art     : Starting a blocking GC Explicit
08-03 20:33:03.580 12289 12301 I art     : Explicit concurrent mark sweep GC freed 3(96B) AllocSpace objects, 0(0B) LOS objects, 29% free, 37MB/53MB, paused 1.294ms total 48.402ms
08-03 20:33:03.594 12289 12301 I art     : Starting a blocking GC Explicit
08-03 20:33:03.643 12289 12301 I art     : Explicit concurrent mark sweep GC freed 3(96B) AllocSpace objects, 0(0B) LOS objects, 29% free, 37MB/53MB, paused 1.357ms total 48.680ms
08-03 20:33:03.658 12289 12301 I art     : Starting a blocking GC Explicit
08-03 20:33:03.707 12289 12301 I art     : Explicit concurrent mark sweep GC freed 3(96B) AllocSpace objects, 0(0B) LOS objects, 29% free, 37MB/53MB, paused 1.398ms total 48.634ms
08-03 20:33:04.088 12289 12302 I art     : Starting a blocking GC Explicit
08-03 20:33:04.139 12289 12302 I art     : Explicit concurrent mark sweep GC freed 1434(82KB) AllocSpace objects, 1(20KB) LOS objects, 29% free, 37MB/53MB, paused 1.461ms total 50.411ms
08-03 20:33:04.155 12289 12302 I art     : Starting a blocking GC Explicit
08-03 20:33:04.203 12289 12302 I art     : Explicit concurrent mark sweep GC freed 22(784B) AllocSpace objects, 0(0B) LOS objects, 29% free, 37MB/53MB, paused 1.359ms total 48.391ms
08-03 20:33:04.217 12289 12302 I art     : Starting a blocking GC Explicit
08-03 20:33:04.265 12289 12302 I art     : Explicit concurrent mark sweep GC freed 3(96B) AllocSpace objects, 0(0B) LOS objects, 29% free, 37MB/53MB, paused 1.378ms total 48.296ms
08-03 20:33:04.279 12289 12302 I art     : Starting a blocking GC Explicit
08-03 20:33:04.327 12289 12302 I art     : Explicit concurrent mark sweep GC freed 3(96B) AllocSpace objects, 0(0B) LOS objects, 29% free, 37MB/53MB, paused 1.299ms total 47.739ms
08-03 20:33:04.340 12289 12302 I art     : Starting a blocking GC Explicit
08-03 20:33:04.390 12289 12302 I art     : Explicit concurrent mark sweep GC freed 3(96B) AllocSpace objects, 0(0B) LOS objects, 29% free, 37MB/53MB, paused 1.256ms total 49.880ms
08-03 20:33:04.769 12289 12308 I art     : Starting a blocking GC Explicit
08-03 20:33:04.820 12289 12308 I art     : Explicit concurrent mark sweep GC freed 1434(82KB) AllocSpace objects, 1(20KB) LOS objects, 29% free, 37MB/53MB, paused 1.423ms total 50.296ms
08-03 20:33:04.835 12289 12308 I art     : Starting a blocking GC Explicit
08-03 20:33:04.883 12289 12308 I art     : Explicit concurrent mark sweep GC freed 22(784B) AllocSpace objects, 0(0B) LOS objects, 29% free, 37MB/53MB, paused 1.332ms total 47.581ms
08-03 20:33:04.896 12289 12308 I art     : Starting a blocking GC Explicit
08-03 20:33:04.942 12289 12308 I art     : Explicit concurrent mark sweep GC freed 3(96B) AllocSpace objects, 0(0B) LOS objects, 29% free, 37MB/53MB, paused 1.357ms total 45.580ms
08-03 20:33:04.955 12289 12308 I art     : Starting a blocking GC Explicit
08-03 20:33:05.003 12289 12308 I art     : Explicit concurrent mark sweep GC freed 96(3KB) AllocSpace objects, 0(0B) LOS objects, 29% free, 37MB/53MB, paused 1.456ms total 47.544ms
08-03 20:33:05.016 12289 12308 I art     : Starting a blocking GC Explicit
08-03 20:33:05.062 12289 12308 I art     : Explicit concurrent mark sweep GC freed 9(352B) AllocSpace objects, 0(0B) LOS objects, 29% free, 37MB/53MB, paused 1.413ms total 45.139ms
08-03 20:33:05.426 12289 12521 I art     : Starting a blocking GC Explicit
08-03 20:33:05.474 12289 12521 I art     : Explicit concurrent mark sweep GC freed 1508(87KB) AllocSpace objects, 1(20KB) LOS objects, 29% free, 37MB/53MB, paused 1.430ms total 48.112ms
08-03 20:33:05.488 12289 12521 I art     : Starting a blocking GC Explicit
08-03 20:33:05.536 12289 12521 I art     : Explicit concurrent mark sweep GC freed 1616(63KB) AllocSpace objects, 0(0B) LOS objects, 29% free, 37MB/53MB, paused 1.315ms total 47.920ms
08-03 20:33:05.549 12289 12521 I art     : Starting a blocking GC Explicit
08-03 20:33:05.573 12289 13159 E baseline.com.newsblur.network.APIResponse: Error (unexpected end of stream on https://www.newsblur.com/...) calling https://www.newsblur.com/reader/feed_unread_count?feed_id=0
08-03 20:33:05.573 12289 13159 E baseline.com.newsblur.network.APIResponse: java.io.IOException: unexpected end of stream on https://www.newsblur.com/...
08-03 20:33:05.573 12289 13159 E baseline.com.newsblur.network.APIResponse: 	at okhttp3.internal.http1.Http1ExchangeCodec.readResponseHeaders(Http1ExchangeCodec.java:236)
08-03 20:33:05.573 12289 13159 E baseline.com.newsblur.network.APIResponse: 	at okhttp3.internal.connection.Exchange.readResponseHeaders(Exchange.java:115)
08-03 20:33:05.573 12289 13159 E baseline.com.newsblur.network.APIResponse: 	at okhttp3.internal.http.CallServerInterceptor.intercept(CallServerInterceptor.java:94)
08-03 20:33:05.573 12289 13159 E baseline.com.newsblur.network.APIResponse: 	at okhttp3.internal.http.RealInterceptorChain.proceed(RealInterceptorChain.java:142)
08-03 20:33:05.573 12289 13159 E baseline.com.newsblur.network.APIResponse: 	at okhttp3.internal.connection.ConnectInterceptor.intercept(ConnectInterceptor.java:43)
08-03 20:33:05.573 12289 13159 E baseline.com.newsblur.network.APIResponse: 	at okhttp3.internal.http.RealInterceptorChain.proceed(RealInterceptorChain.java:142)
08-03 20:33:05.573 12289 13159 E baseline.com.newsblur.network.APIResponse: 	at okhttp3.internal.http.RealInterceptorChain.proceed(RealInterceptorChain.java:117)
08-03 20:33:05.573 12289 13159 E baseline.com.newsblur.network.APIResponse: 	at okhttp3.internal.cache.CacheInterceptor.intercept(CacheInterceptor.java:94)
08-03 20:33:05.573 12289 13159 E baseline.com.newsblur.network.APIResponse: 	at okhttp3.internal.http.RealInterceptorChain.proceed(RealInterceptorChain.java:142)
08-03 20:33:05.573 12289 13159 E baseline.com.newsblur.network.APIResponse: 	at okhttp3.internal.http.RealInterceptorChain.proceed(RealInterceptorChain.java:117)
08-03 20:33:05.573 12289 13159 E baseline.com.newsblur.network.APIResponse: 	at okhttp3.internal.http.BridgeInterceptor.intercept(BridgeInterceptor.java:93)
08-03 20:33:05.573 12289 13159 E baseline.com.newsblur.network.APIResponse: 	at okhttp3.internal.http.RealInterceptorChain.proceed(RealInterceptorChain.java:142)
08-03 20:33:05.573 12289 13159 E baseline.com.newsblur.network.APIResponse: 	at okhttp3.internal.http.RetryAndFollowUpInterceptor.intercept(RetryAndFollowUpInterceptor.java:88)
08-03 20:33:05.573 12289 13159 E baseline.com.newsblur.network.APIResponse: 	at okhttp3.internal.http.RealInterceptorChain.proceed(RealInterceptorChain.java:142)
08-03 20:33:05.573 12289 13159 E baseline.com.newsblur.network.APIResponse: 	at okhttp3.internal.http.RealInterceptorChain.proceed(RealInterceptorChain.java:117)
08-03 20:33:05.573 12289 13159 E baseline.com.newsblur.network.APIResponse: 	at okhttp3.RealCall.getResponseWithInterceptorChain(RealCall.java:229)
08-03 20:33:05.573 12289 13159 E baseline.com.newsblur.network.APIResponse: 	at okhttp3.RealCall.execute(RealCall.java:81)
08-03 20:33:05.573 12289 13159 E baseline.com.newsblur.network.APIResponse: 	at baseline.com.newsblur.network.APIResponse.<init>(APIResponse.java:57)
08-03 20:33:05.573 12289 13159 E baseline.com.newsblur.network.APIResponse: 	at baseline.com.newsblur.network.APIManager.get_single(APIManager.java:639)
08-03 20:33:05.573 12289 13159 E baseline.com.newsblur.network.APIResponse: 	at baseline.com.newsblur.network.APIManager.get(APIManager.java:625)
08-03 20:33:05.573 12289 13159 E baseline.com.newsblur.network.APIResponse: 	at baseline.com.newsblur.network.APIManager.get(APIManager.java:667)
08-03 20:33:05.573 12289 13159 E baseline.com.newsblur.network.APIResponse: 	at baseline.com.newsblur.network.APIManager.getFeedUnreadCounts(APIManager.java:274)
08-03 20:33:05.573 12289 13159 E baseline.com.newsblur.network.APIResponse: 	at baseline.com.newsblur.service.NBSyncService.checkRecounts(NBSyncService.java:660)
08-03 20:33:05.573 12289 13159 E baseline.com.newsblur.network.APIResponse: 	at baseline.com.newsblur.service.NBSyncService.doSync(NBSyncService.java:310)
08-03 20:33:05.573 12289 13159 E baseline.com.newsblur.network.APIResponse: 	at baseline.com.newsblur.service.NBSyncService.access$100(NBSyncService.java:67)
08-03 20:33:05.573 12289 13159 E baseline.com.newsblur.network.APIResponse: 	at baseline.com.newsblur.service.NBSyncService$1.run(NBSyncService.java:188)
08-03 20:33:05.573 12289 13159 E baseline.com.newsblur.network.APIResponse: 	at java.util.concurrent.ThreadPoolExecutor.runWorker(ThreadPoolExecutor.java:1113)
08-03 20:33:05.573 12289 13159 E baseline.com.newsblur.network.APIResponse: 	at java.util.concurrent.ThreadPoolExecutor$Worker.run(ThreadPoolExecutor.java:588)
08-03 20:33:05.573 12289 13159 E baseline.com.newsblur.network.APIResponse: 	at java.lang.Thread.run(Thread.java:818)
08-03 20:33:05.573 12289 13159 E baseline.com.newsblur.network.APIResponse: Caused by: java.io.EOFException: \n not found: limit=0 content=
08-03 20:33:05.573 12289 13159 E baseline.com.newsblur.network.APIResponse: 	at okio.RealBufferedSource.readUtf8LineStrict(RealBufferedSource.java:240)
08-03 20:33:05.573 12289 13159 E baseline.com.newsblur.network.APIResponse: 	at okhttp3.internal.http1.Http1ExchangeCodec.readHeaderLine(Http1ExchangeCodec.java:242)
08-03 20:33:05.573 12289 13159 E baseline.com.newsblur.network.APIResponse: 	at okhttp3.internal.http1.Http1ExchangeCodec.readResponseHeaders(Http1ExchangeCodec.java:213)
08-03 20:33:05.573 12289 13159 E baseline.com.newsblur.network.APIResponse: 	... 28 more
08-03 20:33:05.575 12289 13159 W baseline.com.newsblur.service.NBSyncService: Bad response to feed_unread_count
08-03 20:33:05.595 12289 12521 I art     : Explicit concurrent mark sweep GC freed 1265(257KB) AllocSpace objects, 5(100KB) LOS objects, 29% free, 37MB/53MB, paused 1.568ms total 45.475ms
08-03 20:33:05.608 12289 12521 I art     : Starting a blocking GC Explicit
08-03 20:33:05.652 12289 12521 I art     : Explicit concurrent mark sweep GC freed 249(24KB) AllocSpace objects, 0(0B) LOS objects, 29% free, 37MB/53MB, paused 1.440ms total 43.374ms
08-03 20:33:05.665 12289 12521 I art     : Starting a blocking GC Explicit
08-03 20:33:05.711 12289 12521 I art     : Explicit concurrent mark sweep GC freed 25(832B) AllocSpace objects, 0(0B) LOS objects, 29% free, 37MB/53MB, paused 1.526ms total 45.875ms
08-03 20:33:05.975 12289 13159 E baseline.com.newsblur.network.APIResponse: Error (unexpected end of stream on https://www.newsblur.com/...) calling https://www.newsblur.com/reader/mark_story_hashes_as_read/
08-03 20:33:05.975 12289 13159 E baseline.com.newsblur.network.APIResponse: java.io.IOException: unexpected end of stream on https://www.newsblur.com/...
08-03 20:33:05.975 12289 13159 E baseline.com.newsblur.network.APIResponse: 	at okhttp3.internal.http1.Http1ExchangeCodec.readResponseHeaders(Http1ExchangeCodec.java:236)
08-03 20:33:05.975 12289 13159 E baseline.com.newsblur.network.APIResponse: 	at okhttp3.internal.connection.Exchange.readResponseHeaders(Exchange.java:115)
08-03 20:33:05.975 12289 13159 E baseline.com.newsblur.network.APIResponse: 	at okhttp3.internal.http.CallServerInterceptor.intercept(CallServerInterceptor.java:94)
08-03 20:33:05.975 12289 13159 E baseline.com.newsblur.network.APIResponse: 	at okhttp3.internal.http.RealInterceptorChain.proceed(RealInterceptorChain.java:142)
08-03 20:33:05.975 12289 13159 E baseline.com.newsblur.network.APIResponse: 	at okhttp3.internal.connection.ConnectInterceptor.intercept(ConnectInterceptor.java:43)
08-03 20:33:05.975 12289 13159 E baseline.com.newsblur.network.APIResponse: 	at okhttp3.internal.http.RealInterceptorChain.proceed(RealInterceptorChain.java:142)
08-03 20:33:05.975 12289 13159 E baseline.com.newsblur.network.APIResponse: 	at okhttp3.internal.http.RealInterceptorChain.proceed(RealInterceptorChain.java:117)
08-03 20:33:05.975 12289 13159 E baseline.com.newsblur.network.APIResponse: 	at okhttp3.internal.cache.CacheInterceptor.intercept(CacheInterceptor.java:94)
08-03 20:33:05.975 12289 13159 E baseline.com.newsblur.network.APIResponse: 	at okhttp3.internal.http.RealInterceptorChain.proceed(RealInterceptorChain.java:142)
08-03 20:33:05.975 12289 13159 E baseline.com.newsblur.network.APIResponse: 	at okhttp3.internal.http.RealInterceptorChain.proceed(RealInterceptorChain.java:117)
08-03 20:33:05.975 12289 13159 E baseline.com.newsblur.network.APIResponse: 	at okhttp3.internal.http.BridgeInterceptor.intercept(BridgeInterceptor.java:93)
08-03 20:33:05.975 12289 13159 E baseline.com.newsblur.network.APIResponse: 	at okhttp3.internal.http.RealInterceptorChain.proceed(RealInterceptorChain.java:142)
08-03 20:33:05.975 12289 13159 E baseline.com.newsblur.network.APIResponse: 	at okhttp3.internal.http.RetryAndFollowUpInterceptor.intercept(RetryAndFollowUpInterceptor.java:88)
08-03 20:33:05.975 12289 13159 E baseline.com.newsblur.network.APIResponse: 	at okhttp3.internal.http.RealInterceptorChain.proceed(RealInterceptorChain.java:142)
08-03 20:33:05.975 12289 13159 E baseline.com.newsblur.network.APIResponse: 	at okhttp3.internal.http.RealInterceptorChain.proceed(RealInterceptorChain.java:117)
08-03 20:33:05.975 12289 13159 E baseline.com.newsblur.network.APIResponse: 	at okhttp3.RealCall.getResponseWithInterceptorChain(RealCall.java:229)
08-03 20:33:05.975 12289 13159 E baseline.com.newsblur.network.APIResponse: 	at okhttp3.RealCall.execute(RealCall.java:81)
08-03 20:33:05.975 12289 13159 E baseline.com.newsblur.network.APIResponse: 	at baseline.com.newsblur.network.APIResponse.<init>(APIResponse.java:57)
08-03 20:33:05.975 12289 13159 E baseline.com.newsblur.network.APIResponse: 	at baseline.com.newsblur.network.APIResponse.<init>(APIResponse.java:43)
08-03 20:33:05.975 12289 13159 E baseline.com.newsblur.network.APIResponse: 	at baseline.com.newsblur.network.APIManager.post_single(APIManager.java:702)
08-03 20:33:05.975 12289 13159 E baseline.com.newsblur.network.APIResponse: 	at baseline.com.newsblur.network.APIManager.post(APIManager.java:675)
08-03 20:33:05.975 12289 13159 E baseline.com.newsblur.network.APIResponse: 	at baseline.com.newsblur.network.APIManager.post(APIManager.java:714)
08-03 20:33:05.975 12289 13159 E baseline.com.newsblur.network.APIResponse: 	at baseline.com.newsblur.network.APIManager.markStoryAsRead(APIManager.java:205)
08-03 20:33:05.975 12289 13159 E baseline.com.newsblur.network.APIResponse: 	at baseline.com.newsblur.util.ReadingAction.doRemote(ReadingAction.java:281)
08-03 20:33:05.975 12289 13159 E baseline.com.newsblur.network.APIResponse: 	at baseline.com.newsblur.service.NBSyncService.syncActions(NBSyncService.java:400)
08-03 20:33:05.975 12289 13159 E baseline.com.newsblur.network.APIResponse: 	at baseline.com.newsblur.service.NBSyncService.doSync(NBSyncService.java:298)
08-03 20:33:05.975 12289 13159 E baseline.com.newsblur.network.APIResponse: 	at baseline.com.newsblur.service.NBSyncService.access$100(NBSyncService.java:67)
08-03 20:33:05.975 12289 13159 E baseline.com.newsblur.network.APIResponse: 	at baseline.com.newsblur.service.NBSyncService$1.run(NBSyncService.java:188)
08-03 20:33:05.975 12289 13159 E baseline.com.newsblur.network.APIResponse: 	at java.util.concurrent.ThreadPoolExecutor.runWorker(ThreadPoolExecutor.java:1113)
08-03 20:33:05.975 12289 13159 E baseline.com.newsblur.network.APIResponse: 	at java.util.concurrent.ThreadPoolExecutor$Worker.run(ThreadPoolExecutor.java:588)
08-03 20:33:05.975 12289 13159 E baseline.com.newsblur.network.APIResponse: 	at java.lang.Thread.run(Thread.java:818)
08-03 20:33:05.975 12289 13159 E baseline.com.newsblur.network.APIResponse: Caused by: java.io.EOFException: \n not found: limit=0 content=
08-03 20:33:05.975 12289 13159 E baseline.com.newsblur.network.APIResponse: 	at okio.RealBufferedSource.readUtf8LineStrict(RealBufferedSource.java:240)
08-03 20:33:05.975 12289 13159 E baseline.com.newsblur.network.APIResponse: 	at okhttp3.internal.http1.Http1ExchangeCodec.readHeaderLine(Http1ExchangeCodec.java:242)
08-03 20:33:05.975 12289 13159 E baseline.com.newsblur.network.APIResponse: 	at okhttp3.internal.http1.Http1ExchangeCodec.readResponseHeaders(Http1ExchangeCodec.java:213)
08-03 20:33:05.975 12289 13159 E baseline.com.newsblur.network.APIResponse: 	... 30 more
08-03 20:33:05.976 12289 13159 I baseline.com.newsblur.network.APIManager: API call failed, pausing before retry number 1
08-03 20:33:06.050 12289 12301 I art     : Starting a blocking GC Explicit
08-03 20:33:06.092 12289 12301 I art     : Explicit concurrent mark sweep GC freed 3941(357KB) AllocSpace objects, 3(60KB) LOS objects, 29% free, 37MB/53MB, paused 1.310ms total 41.835ms
08-03 20:33:06.104 12289 12301 I art     : Starting a blocking GC Explicit
08-03 20:33:06.146 12289 12301 I art     : Explicit concurrent mark sweep GC freed 109(3KB) AllocSpace objects, 0(0B) LOS objects, 29% free, 37MB/53MB, paused 1.305ms total 41.941ms
08-03 20:33:06.159 12289 12301 I art     : Starting a blocking GC Explicit
08-03 20:33:06.202 12289 12301 I art     : Explicit concurrent mark sweep GC freed 3(96B) AllocSpace objects, 0(0B) LOS objects, 29% free, 37MB/53MB, paused 1.315ms total 43.030ms
08-03 20:33:06.215 12289 12301 I art     : Starting a blocking GC Explicit
08-03 20:33:06.259 12289 12301 I art     : Explicit concurrent mark sweep GC freed 3(96B) AllocSpace objects, 0(0B) LOS objects, 29% free, 37MB/53MB, paused 1.422ms total 43.953ms
08-03 20:33:06.264 13516 13516 D AndroidRuntime: >>>>>> START com.android.internal.os.RuntimeInit uid 2000 <<<<<<
08-03 20:33:06.270 13516 13516 D AndroidRuntime: CheckJNI is OFF
08-03 20:33:06.272 12289 12301 I art     : Starting a blocking GC Explicit
08-03 20:33:06.314 13516 13516 D ICU     : No timezone override file found: /data/misc/zoneinfo/current/icu/icu_tzdata.dat
08-03 20:33:06.316 12289 12301 I art     : Explicit concurrent mark sweep GC freed 3(96B) AllocSpace objects, 0(0B) LOS objects, 29% free, 37MB/53MB, paused 1.396ms total 43.740ms
08-03 20:33:06.359 13516 13516 I Radio-JNI: register_android_hardware_Radio DONE
08-03 20:33:06.389 13516 13516 D AndroidRuntime: Calling main entry com.android.commands.input.Input
08-03 20:33:06.392 13516 13516 I Input   : injectMotionEvent: MotionEvent { action=ACTION_DOWN, actionButton=0, id[0]=0, x[0]=436.0, y[0]=453.0, toolType[0]=TOOL_TYPE_UNKNOWN, buttonState=0, metaState=0, flags=0x0, edgeFlags=0x0, pointerCount=1, historySize=0, eventTime=650002804, downTime=650002804, deviceId=0, source=0x1002 }
08-03 20:33:06.399 13516 13516 I Input   : injectMotionEvent: MotionEvent { action=ACTION_UP, actionButton=0, id[0]=0, x[0]=436.0, y[0]=453.0, toolType[0]=TOOL_TYPE_UNKNOWN, buttonState=0, metaState=0, flags=0x0, edgeFlags=0x0, pointerCount=1, historySize=0, eventTime=650002804, downTime=650002804, deviceId=0, source=0x1002 }
08-03 20:33:06.401 13516 13516 D AndroidRuntime: Shutting down VM
08-03 20:33:06.411   512  2967 D audio_hw_primary: out_set_parameters: enter: usecase(1: low-latency-playback) kvpairs: routing=2
08-03 20:33:06.416   918   928 I ActivityManager: START u0 {cmp=baseline.com.newsblur/.activity.GlobalSharedStoriesReading (has extras)} from uid 10625 on display 0
08-03 20:33:06.424   512  2967 D audio_hw_primary: select_devices: out_snd_device(2: speaker) in_snd_device(0: none)
08-03 20:33:06.424   512  2967 D msm8974_platform: platform_send_audio_calibration: sending audio calibration for snd_device(2) acdb_id(15)
08-03 20:33:06.425   512  2967 I soundtrigger: audio_extn_sound_trigger_update_device_status: device 0x2 of type 0 for Event 1
08-03 20:33:06.436   512  2967 D audio_hw_primary: enable_snd_device: snd_device(2: speaker)
08-03 20:33:06.443   512  2967 D audio_hw_primary: enable_audio_route: apply and update mixer path: low-latency-playback speaker
08-03 20:33:06.650 12289 12301 I art     : Starting a blocking GC Explicit
08-03 20:33:06.673   918   936 I ActivityManager: Displayed baseline.com.newsblur/.activity.GlobalSharedStoriesReading: +246ms
08-03 20:33:06.673 13866 13866 I GoogleInputMethodServic: GoogleInputMethodService.onFinishInput():3138 
08-03 20:33:06.674 13866 13866 I GoogleInputMethodServic: GoogleInputMethodService.onStartInput():1808 
08-03 20:33:06.700 12289 12301 I art     : Explicit concurrent mark sweep GC freed 3476(280KB) AllocSpace objects, 7(568KB) LOS objects, 29% free, 38MB/54MB, paused 2.535ms total 49.766ms
08-03 20:33:06.714 12289 12301 I art     : Starting a blocking GC Explicit
08-03 20:33:06.759 12289 12301 I art     : Explicit concurrent mark sweep GC freed 1936(121KB) AllocSpace objects, 2(40KB) LOS objects, 29% free, 38MB/54MB, paused 1.594ms total 44.764ms
08-03 20:33:06.775 12289 12301 I art     : Starting a blocking GC Explicit
08-03 20:33:06.819 12289 12301 I art     : Explicit concurrent mark sweep GC freed 1027(71KB) AllocSpace objects, 10(244KB) LOS objects, 29% free, 38MB/54MB, paused 1.307ms total 44.063ms
08-03 20:33:06.832 12289 12301 I art     : Starting a blocking GC Explicit
08-03 20:33:06.877 12289 12301 I art     : Explicit concurrent mark sweep GC freed 559(52KB) AllocSpace objects, 0(0B) LOS objects, 29% free, 38MB/54MB, paused 1.430ms total 44.909ms
08-03 20:33:06.889 12289 12301 I art     : Starting a blocking GC Explicit
08-03 20:33:06.934 12289 12301 I art     : Explicit concurrent mark sweep GC freed 98(20KB) AllocSpace objects, 0(0B) LOS objects, 29% free, 38MB/54MB, paused 1.432ms total 43.873ms
08-03 20:33:06.959 12289 12854 E chromium: [ERROR:tile_manager.cc(793)] WARNING: tile memory limits exceeded, some content may not draw
08-03 20:33:06.960 12289 12854 E chromium: [ERROR:tile_manager.cc(793)] WARNING: tile memory limits exceeded, some content may not draw
08-03 20:33:06.978   512  2967 D audio_hw_primary: disable_audio_route: reset and update mixer path: low-latency-playback speaker
08-03 20:33:06.979   512  2967 D audio_hw_primary: disable_snd_device: snd_device(2: speaker)
08-03 20:33:06.987   512  2967 I soundtrigger: audio_extn_sound_trigger_update_device_status: device 0x2 of type 0 for Event 0
08-03 20:33:07.269 12289 12302 I art     : Starting a blocking GC Explicit
08-03 20:33:07.319 12289 12302 I art     : Explicit concurrent mark sweep GC freed 1611(101KB) AllocSpace objects, 2(40KB) LOS objects, 29% free, 38MB/54MB, paused 1.481ms total 49.725ms
08-03 20:33:07.333 12289 12302 I art     : Starting a blocking GC Explicit
08-03 20:33:07.382 12289 12302 I art     : Explicit concurrent mark sweep GC freed 31(1168B) AllocSpace objects, 0(0B) LOS objects, 29% free, 38MB/54MB, paused 1.367ms total 48.991ms
08-03 20:33:07.395 12289 12302 I art     : Starting a blocking GC Explicit
08-03 20:33:07.442 12289 12302 I art     : Explicit concurrent mark sweep GC freed 3(96B) AllocSpace objects, 0(0B) LOS objects, 29% free, 38MB/54MB, paused 1.346ms total 46.674ms
08-03 20:33:07.456 12289 12302 I art     : Starting a blocking GC Explicit
08-03 20:33:07.504 12289 12302 I art     : Explicit concurrent mark sweep GC freed 94(3KB) AllocSpace objects, 0(0B) LOS objects, 29% free, 38MB/54MB, paused 1.465ms total 47.901ms
08-03 20:33:07.518 12289 12302 I art     : Starting a blocking GC Explicit
08-03 20:33:07.565 12289 12302 I art     : Explicit concurrent mark sweep GC freed 21(912B) AllocSpace objects, 0(0B) LOS objects, 29% free, 38MB/54MB, paused 1.489ms total 47.542ms
08-03 20:33:07.921 12289 12301 I art     : Starting a blocking GC Explicit
08-03 20:33:07.974 12289 12301 I art     : Explicit concurrent mark sweep GC freed 1675(94KB) AllocSpace objects, 1(20KB) LOS objects, 29% free, 38MB/54MB, paused 1.958ms total 52.045ms
08-03 20:33:07.989 12289 12301 I art     : Starting a blocking GC Explicit
08-03 20:33:08.037 12289 12301 I art     : Explicit concurrent mark sweep GC freed 1560(60KB) AllocSpace objects, 0(0B) LOS objects, 29% free, 38MB/54MB, paused 1.261ms total 47.351ms
08-03 20:33:08.051 12289 12301 I art     : Starting a blocking GC Explicit
08-03 20:33:08.054 12289 13159 E baseline.com.newsblur.network.APIResponse: Error (unexpected end of stream on https://www.newsblur.com/...) calling https://www.newsblur.com/reader/mark_story_hashes_as_read/
08-03 20:33:08.054 12289 13159 E baseline.com.newsblur.network.APIResponse: java.io.IOException: unexpected end of stream on https://www.newsblur.com/...
08-03 20:33:08.054 12289 13159 E baseline.com.newsblur.network.APIResponse: 	at okhttp3.internal.http1.Http1ExchangeCodec.readResponseHeaders(Http1ExchangeCodec.java:236)
08-03 20:33:08.054 12289 13159 E baseline.com.newsblur.network.APIResponse: 	at okhttp3.internal.connection.Exchange.readResponseHeaders(Exchange.java:115)
08-03 20:33:08.054 12289 13159 E baseline.com.newsblur.network.APIResponse: 	at okhttp3.internal.http.CallServerInterceptor.intercept(CallServerInterceptor.java:94)
08-03 20:33:08.054 12289 13159 E baseline.com.newsblur.network.APIResponse: 	at okhttp3.internal.http.RealInterceptorChain.proceed(RealInterceptorChain.java:142)
08-03 20:33:08.054 12289 13159 E baseline.com.newsblur.network.APIResponse: 	at okhttp3.internal.connection.ConnectInterceptor.intercept(ConnectInterceptor.java:43)
08-03 20:33:08.054 12289 13159 E baseline.com.newsblur.network.APIResponse: 	at okhttp3.internal.http.RealInterceptorChain.proceed(RealInterceptorChain.java:142)
08-03 20:33:08.054 12289 13159 E baseline.com.newsblur.network.APIResponse: 	at okhttp3.internal.http.RealInterceptorChain.proceed(RealInterceptorChain.java:117)
08-03 20:33:08.054 12289 13159 E baseline.com.newsblur.network.APIResponse: 	at okhttp3.internal.cache.CacheInterceptor.intercept(CacheInterceptor.java:94)
08-03 20:33:08.054 12289 13159 E baseline.com.newsblur.network.APIResponse: 	at okhttp3.internal.http.RealInterceptorChain.proceed(RealInterceptorChain.java:142)
08-03 20:33:08.054 12289 13159 E baseline.com.newsblur.network.APIResponse: 	at okhttp3.internal.http.RealInterceptorChain.proceed(RealInterceptorChain.java:117)
08-03 20:33:08.054 12289 13159 E baseline.com.newsblur.network.APIResponse: 	at okhttp3.internal.http.BridgeInterceptor.intercept(BridgeInterceptor.java:93)
08-03 20:33:08.054 12289 13159 E baseline.com.newsblur.network.APIResponse: 	at okhttp3.internal.http.RealInterceptorChain.proceed(RealInterceptorChain.java:142)
08-03 20:33:08.054 12289 13159 E baseline.com.newsblur.network.APIResponse: 	at okhttp3.internal.http.RetryAndFollowUpInterceptor.intercept(RetryAndFollowUpInterceptor.java:88)
08-03 20:33:08.054 12289 13159 E baseline.com.newsblur.network.APIResponse: 	at okhttp3.internal.http.RealInterceptorChain.proceed(RealInterceptorChain.java:142)
08-03 20:33:08.054 12289 13159 E baseline.com.newsblur.network.APIResponse: 	at okhttp3.internal.http.RealInterceptorChain.proceed(RealInterceptorChain.java:117)
08-03 20:33:08.054 12289 13159 E baseline.com.newsblur.network.APIResponse: 	at okhttp3.RealCall.getResponseWithInterceptorChain(RealCall.java:229)
08-03 20:33:08.054 12289 13159 E baseline.com.newsblur.network.APIResponse: 	at okhttp3.RealCall.execute(RealCall.java:81)
08-03 20:33:08.054 12289 13159 E baseline.com.newsblur.network.APIResponse: 	at baseline.com.newsblur.network.APIResponse.<init>(APIResponse.java:57)
08-03 20:33:08.054 12289 13159 E baseline.com.newsblur.network.APIResponse: 	at baseline.com.newsblur.network.APIResponse.<init>(APIResponse.java:43)
08-03 20:33:08.054 12289 13159 E baseline.com.newsblur.network.APIResponse: 	at baseline.com.newsblur.network.APIManager.post_single(APIManager.java:702)
08-03 20:33:08.054 12289 13159 E baseline.com.newsblur.network.APIResponse: 	at baseline.com.newsblur.network.APIManager.post(APIManager.java:675)
08-03 20:33:08.054 12289 13159 E baseline.com.newsblur.network.APIResponse: 	at baseline.com.newsblur.network.APIManager.post(APIManager.java:714)
08-03 20:33:08.054 12289 13159 E baseline.com.newsblur.network.APIResponse: 	at baseline.com.newsblur.network.APIManager.markStoryAsRead(APIManager.java:205)
08-03 20:33:08.054 12289 13159 E baseline.com.newsblur.network.APIResponse: 	at baseline.com.newsblur.util.ReadingAction.doRemote(ReadingAction.java:281)
08-03 20:33:08.054 12289 13159 E baseline.com.newsblur.network.APIResponse: 	at baseline.com.newsblur.service.NBSyncService.syncActions(NBSyncService.java:400)
08-03 20:33:08.054 12289 13159 E baseline.com.newsblur.network.APIResponse: 	at baseline.com.newsblur.service.NBSyncService.doSync(NBSyncService.java:298)
08-03 20:33:08.054 12289 13159 E baseline.com.newsblur.network.APIResponse: 	at baseline.com.newsblur.service.NBSyncService.access$100(NBSyncService.java:67)
08-03 20:33:08.054 12289 13159 E baseline.com.newsblur.network.APIResponse: 	at baseline.com.newsblur.service.NBSyncService$1.run(NBSyncService.java:188)
08-03 20:33:08.054 12289 13159 E baseline.com.newsblur.network.APIResponse: 	at java.util.concurrent.ThreadPoolExecutor.runWorker(ThreadPoolExecutor.java:1113)
08-03 20:33:08.054 12289 13159 E baseline.com.newsblur.network.APIResponse: 	at java.util.concurrent.ThreadPoolExecutor$Worker.run(ThreadPoolExecutor.java:588)
08-03 20:33:08.054 12289 13159 E baseline.com.newsblur.network.APIResponse: 	at java.lang.Thread.run(Thread.java:818)
08-03 20:33:08.054 12289 13159 E baseline.com.newsblur.network.APIResponse: Caused by: java.io.EOFException: \n not found: limit=0 content=
08-03 20:33:08.054 12289 13159 E baseline.com.newsblur.network.APIResponse: 	at okio.RealBufferedSource.readUtf8LineStrict(RealBufferedSource.java:240)
08-03 20:33:08.054 12289 13159 E baseline.com.newsblur.network.APIResponse: 	at okhttp3.internal.http1.Http1ExchangeCodec.readHeaderLine(Http1ExchangeCodec.java:242)
08-03 20:33:08.054 12289 13159 E baseline.com.newsblur.network.APIResponse: 	at okhttp3.internal.http1.Http1ExchangeCodec.readResponseHeaders(Http1ExchangeCodec.java:213)
08-03 20:33:08.054 12289 13159 E baseline.com.newsblur.network.APIResponse: 	... 30 more
08-03 20:33:08.055 12289 13159 I baseline.com.newsblur.network.APIManager: API call failed, pausing before retry number 2
08-03 20:33:08.099 12289 12301 I art     : Explicit concurrent mark sweep GC freed 569(181KB) AllocSpace objects, 2(40KB) LOS objects, 29% free, 38MB/54MB, paused 1.656ms total 47.489ms
08-03 20:33:08.113 12289 12301 I art     : Starting a blocking GC Explicit
08-03 20:33:08.167 12289 12301 I art     : Explicit concurrent mark sweep GC freed 363(31KB) AllocSpace objects, 0(0B) LOS objects, 29% free, 38MB/54MB, paused 1.307ms total 52.873ms
08-03 20:33:08.181 12289 12301 I art     : Starting a blocking GC Explicit
08-03 20:33:08.230 12289 12301 I art     : Explicit concurrent mark sweep GC freed 34(1120B) AllocSpace objects, 0(0B) LOS objects, 29% free, 38MB/54MB, paused 1.251ms total 48.218ms
08-03 20:33:08.632 12289 12308 I art     : Starting a blocking GC Explicit
08-03 20:33:08.686 12289 12308 I art     : Explicit concurrent mark sweep GC freed 1440(83KB) AllocSpace objects, 1(20KB) LOS objects, 29% free, 38MB/54MB, paused 1.406ms total 54.370ms
08-03 20:33:08.702 12289 12308 I art     : Starting a blocking GC Explicit
08-03 20:33:08.751 12289 12308 I art     : Explicit concurrent mark sweep GC freed 22(784B) AllocSpace objects, 0(0B) LOS objects, 29% free, 38MB/54MB, paused 1.368ms total 48.588ms
08-03 20:33:08.764 12289 12308 I art     : Starting a blocking GC Explicit
08-03 20:33:08.816 12289 12308 I art     : Explicit concurrent mark sweep GC freed 3(96B) AllocSpace objects, 0(0B) LOS objects, 29% free, 38MB/54MB, paused 1.400ms total 51.073ms
08-03 20:33:08.829 12289 12308 I art     : Starting a blocking GC Explicit
08-03 20:33:08.878 12289 12308 I art     : Explicit concurrent mark sweep GC freed 3(96B) AllocSpace objects, 0(0B) LOS objects, 29% free, 38MB/54MB, paused 1.383ms total 48.483ms
08-03 20:33:08.891 12289 12308 I art     : Starting a blocking GC Explicit
08-03 20:33:08.944 12289 12308 I art     : Explicit concurrent mark sweep GC freed 3(96B) AllocSpace objects, 0(0B) LOS objects, 29% free, 38MB/54MB, paused 1.397ms total 52.372ms
08-03 20:33:09.332 12289 12521 I art     : Starting a blocking GC Explicit
08-03 20:33:09.384 12289 12521 I art     : Explicit concurrent mark sweep GC freed 1441(83KB) AllocSpace objects, 1(20KB) LOS objects, 29% free, 38MB/54MB, paused 1.386ms total 51.485ms
08-03 20:33:09.398 12289 12521 I art     : Starting a blocking GC Explicit
08-03 20:33:09.450 12289 12521 I art     : Explicit concurrent mark sweep GC freed 22(784B) AllocSpace objects, 0(0B) LOS objects, 29% free, 38MB/54MB, paused 1.386ms total 51.632ms
08-03 20:33:09.467 12289 12521 I art     : Starting a blocking GC Explicit
08-03 20:33:09.516 12289 12521 I art     : Explicit concurrent mark sweep GC freed 3(96B) AllocSpace objects, 0(0B) LOS objects, 29% free, 38MB/54MB, paused 1.405ms total 48.894ms
08-03 20:33:09.529 12289 12521 I art     : Starting a blocking GC Explicit
08-03 20:33:09.581 12289 12521 I art     : Explicit concurrent mark sweep GC freed 3(96B) AllocSpace objects, 0(0B) LOS objects, 29% free, 38MB/54MB, paused 1.423ms total 50.986ms
08-03 20:33:09.594 12289 12521 I art     : Starting a blocking GC Explicit
08-03 20:33:09.644 12289 12521 I art     : Explicit concurrent mark sweep GC freed 3(96B) AllocSpace objects, 0(0B) LOS objects, 29% free, 38MB/54MB, paused 1.429ms total 49.523ms
08-03 20:33:10.029 12289 12301 I art     : Starting a blocking GC Explicit
08-03 20:33:10.083 12289 12301 I art     : Explicit concurrent mark sweep GC freed 1440(83KB) AllocSpace objects, 1(20KB) LOS objects, 29% free, 38MB/54MB, paused 1.461ms total 53.675ms
08-03 20:33:10.099 12289 12301 I art     : Starting a blocking GC Explicit
08-03 20:33:10.150 12289 12301 I art     : Explicit concurrent mark sweep GC freed 22(784B) AllocSpace objects, 0(0B) LOS objects, 29% free, 38MB/54MB, paused 1.472ms total 50.661ms
08-03 20:33:10.163 12289 12301 I art     : Starting a blocking GC Explicit
08-03 20:33:10.216 12289 12301 I art     : Explicit concurrent mark sweep GC freed 3(96B) AllocSpace objects, 0(0B) LOS objects, 29% free, 38MB/54MB, paused 1.452ms total 52.229ms
08-03 20:33:10.229 12289 12301 I art     : Starting a blocking GC Explicit
08-03 20:33:10.281 12289 12301 I art     : Explicit concurrent mark sweep GC freed 3(96B) AllocSpace objects, 0(0B) LOS objects, 29% free, 38MB/54MB, paused 1.415ms total 51.750ms
08-03 20:33:10.295 12289 12301 I art     : Starting a blocking GC Explicit
08-03 20:33:10.348 12289 12301 I art     : Explicit concurrent mark sweep GC freed 3(96B) AllocSpace objects, 0(0B) LOS objects, 29% free, 38MB/54MB, paused 1.537ms total 52.380ms
08-03 20:33:10.754   918  3261 D WifiStateMachine: starting scan for "H369AA63323"WPA_PSK with 2412,5180
08-03 20:33:10.761 12289 12302 I art     : Starting a blocking GC Explicit
08-03 20:33:10.810 12289 12302 I art     : Explicit concurrent mark sweep GC freed 1441(83KB) AllocSpace objects, 1(20KB) LOS objects, 29% free, 38MB/54MB, paused 1.399ms total 48.539ms
08-03 20:33:10.823 12289 12302 I art     : Starting a blocking GC Explicit
08-03 20:33:10.870 12289 12302 I art     : Explicit concurrent mark sweep GC freed 22(784B) AllocSpace objects, 0(0B) LOS objects, 29% free, 38MB/54MB, paused 1.370ms total 46.882ms
08-03 20:33:10.883 12289 12302 I art     : Starting a blocking GC Explicit
08-03 20:33:10.934 12289 12302 I art     : Explicit concurrent mark sweep GC freed 3(96B) AllocSpace objects, 0(0B) LOS objects, 29% free, 38MB/54MB, paused 1.478ms total 50.360ms
08-03 20:33:10.947 12289 12302 I art     : Starting a blocking GC Explicit
08-03 20:33:10.995 12289 12302 I art     : Explicit concurrent mark sweep GC freed 3(96B) AllocSpace objects, 0(0B) LOS objects, 29% free, 38MB/54MB, paused 1.431ms total 47.279ms
08-03 20:33:11.008 12289 12302 I art     : Starting a blocking GC Explicit
08-03 20:33:11.059 12289 12302 I art     : Explicit concurrent mark sweep GC freed 9(336B) AllocSpace objects, 0(0B) LOS objects, 29% free, 38MB/54MB, paused 1.441ms total 51.165ms
08-03 20:33:11.196 13611 13611 D AndroidRuntime: >>>>>> START com.android.internal.os.RuntimeInit uid 2000 <<<<<<
08-03 20:33:11.203 13611 13611 D AndroidRuntime: CheckJNI is OFF
08-03 20:33:11.244 13611 13611 D ICU     : No timezone override file found: /data/misc/zoneinfo/current/icu/icu_tzdata.dat
08-03 20:33:11.287 13611 13611 I Radio-JNI: register_android_hardware_Radio DONE
08-03 20:33:11.315 13611 13611 D AndroidRuntime: Calling main entry com.android.commands.input.Input
08-03 20:33:11.317 13611 13611 I Input   : injectKeyEvent: KeyEvent { action=ACTION_DOWN, keyCode=KEYCODE_BACK, scanCode=0, metaState=0, flags=0x0, repeatCount=0, eventTime=650007730, downTime=650007730, deviceId=-1, source=0x101 }
08-03 20:33:11.323 13611 13611 I Input   : injectKeyEvent: KeyEvent { action=ACTION_UP, keyCode=KEYCODE_BACK, scanCode=0, metaState=0, flags=0x0, repeatCount=0, eventTime=650007730, downTime=650007730, deviceId=-1, source=0x101 }
08-03 20:33:11.331 13611 13611 D AndroidRuntime: Shutting down VM
08-03 20:33:11.449 12289 12302 I art     : Starting a blocking GC Explicit
08-03 20:33:11.500 12289 12302 I art     : Explicit concurrent mark sweep GC freed 2430(175KB) AllocSpace objects, 4(80KB) LOS objects, 29% free, 38MB/54MB, paused 1.589ms total 50.272ms
08-03 20:33:11.502 13866 13866 I GoogleInputMethodServic: GoogleInputMethodService.onFinishInput():3138 
08-03 20:33:11.503 13866 13866 I GoogleInputMethodServic: GoogleInputMethodService.onStartInput():1808 
08-03 20:33:11.514 12289 12302 I art     : Starting a blocking GC Explicit
08-03 20:33:11.563 12289 12302 I art     : Explicit concurrent mark sweep GC freed 926(68KB) AllocSpace objects, 1(20KB) LOS objects, 29% free, 38MB/54MB, paused 2.953ms total 48.489ms
08-03 20:33:11.577 12289 12302 I art     : Starting a blocking GC Explicit
08-03 20:33:11.618 12289 13159 E baseline.com.newsblur.network.APIResponse: Error (unexpected end of stream on https://www.newsblur.com/...) calling https://www.newsblur.com/reader/mark_story_hashes_as_read/
08-03 20:33:11.618 12289 13159 E baseline.com.newsblur.network.APIResponse: java.io.IOException: unexpected end of stream on https://www.newsblur.com/...
08-03 20:33:11.618 12289 13159 E baseline.com.newsblur.network.APIResponse: 	at okhttp3.internal.http1.Http1ExchangeCodec.readResponseHeaders(Http1ExchangeCodec.java:236)
08-03 20:33:11.618 12289 13159 E baseline.com.newsblur.network.APIResponse: 	at okhttp3.internal.connection.Exchange.readResponseHeaders(Exchange.java:115)
08-03 20:33:11.618 12289 13159 E baseline.com.newsblur.network.APIResponse: 	at okhttp3.internal.http.CallServerInterceptor.intercept(CallServerInterceptor.java:94)
08-03 20:33:11.618 12289 13159 E baseline.com.newsblur.network.APIResponse: 	at okhttp3.internal.http.RealInterceptorChain.proceed(RealInterceptorChain.java:142)
08-03 20:33:11.618 12289 13159 E baseline.com.newsblur.network.APIResponse: 	at okhttp3.internal.connection.ConnectInterceptor.intercept(ConnectInterceptor.java:43)
08-03 20:33:11.618 12289 13159 E baseline.com.newsblur.network.APIResponse: 	at okhttp3.internal.http.RealInterceptorChain.proceed(RealInterceptorChain.java:142)
08-03 20:33:11.618 12289 13159 E baseline.com.newsblur.network.APIResponse: 	at okhttp3.internal.http.RealInterceptorChain.proceed(RealInterceptorChain.java:117)
08-03 20:33:11.618 12289 13159 E baseline.com.newsblur.network.APIResponse: 	at okhttp3.internal.cache.CacheInterceptor.intercept(CacheInterceptor.java:94)
08-03 20:33:11.618 12289 13159 E baseline.com.newsblur.network.APIResponse: 	at okhttp3.internal.http.RealInterceptorChain.proceed(RealInterceptorChain.java:142)
08-03 20:33:11.618 12289 13159 E baseline.com.newsblur.network.APIResponse: 	at okhttp3.internal.http.RealInterceptorChain.proceed(RealInterceptorChain.java:117)
08-03 20:33:11.618 12289 13159 E baseline.com.newsblur.network.APIResponse: 	at okhttp3.internal.http.BridgeInterceptor.intercept(BridgeInterceptor.java:93)
08-03 20:33:11.618 12289 13159 E baseline.com.newsblur.network.APIResponse: 	at okhttp3.internal.http.RealInterceptorChain.proceed(RealInterceptorChain.java:142)
08-03 20:33:11.618 12289 13159 E baseline.com.newsblur.network.APIResponse: 	at okhttp3.internal.http.RetryAndFollowUpInterceptor.intercept(RetryAndFollowUpInterceptor.java:88)
08-03 20:33:11.618 12289 13159 E baseline.com.newsblur.network.APIResponse: 	at okhttp3.internal.http.RealInterceptorChain.proceed(RealInterceptorChain.java:142)
08-03 20:33:11.618 12289 13159 E baseline.com.newsblur.network.APIResponse: 	at okhttp3.internal.http.RealInterceptorChain.proceed(RealInterceptorChain.java:117)
08-03 20:33:11.618 12289 13159 E baseline.com.newsblur.network.APIResponse: 	at okhttp3.RealCall.getResponseWithInterceptorChain(RealCall.java:229)
08-03 20:33:11.618 12289 13159 E baseline.com.newsblur.network.APIResponse: 	at okhttp3.RealCall.execute(RealCall.java:81)
08-03 20:33:11.618 12289 13159 E baseline.com.newsblur.network.APIResponse: 	at baseline.com.newsblur.network.APIResponse.<init>(APIResponse.java:57)
08-03 20:33:11.618 12289 13159 E baseline.com.newsblur.network.APIResponse: 	at baseline.com.newsblur.network.APIResponse.<init>(APIResponse.java:43)
08-03 20:33:11.618 12289 13159 E baseline.com.newsblur.network.APIResponse: 	at baseline.com.newsblur.network.APIManager.post_single(APIManager.java:702)
08-03 20:33:11.618 12289 13159 E baseline.com.newsblur.network.APIResponse: 	at baseline.com.newsblur.network.APIManager.post(APIManager.java:675)
08-03 20:33:11.618 12289 13159 E baseline.com.newsblur.network.APIResponse: 	at baseline.com.newsblur.network.APIManager.post(APIManager.java:714)
08-03 20:33:11.618 12289 13159 E baseline.com.newsblur.network.APIResponse: 	at baseline.com.newsblur.network.APIManager.markStoryAsRead(APIManager.java:205)
08-03 20:33:11.618 12289 13159 E baseline.com.newsblur.network.APIResponse: 	at baseline.com.newsblur.util.ReadingAction.doRemote(ReadingAction.java:281)
08-03 20:33:11.618 12289 13159 E baseline.com.newsblur.network.APIResponse: 	at baseline.com.newsblur.service.NBSyncService.syncActions(NBSyncService.java:400)
08-03 20:33:11.618 12289 13159 E baseline.com.newsblur.network.APIResponse: 	at baseline.com.newsblur.service.NBSyncService.doSync(NBSyncService.java:298)
08-03 20:33:11.618 12289 13159 E baseline.com.newsblur.network.APIResponse: 	at baseline.com.newsblur.service.NBSyncService.access$100(NBSyncService.java:67)
08-03 20:33:11.618 12289 13159 E baseline.com.newsblur.network.APIResponse: 	at baseline.com.newsblur.service.NBSyncService$1.run(NBSyncService.java:188)
08-03 20:33:11.618 12289 13159 E baseline.com.newsblur.network.APIResponse: 	at java.util.concurrent.ThreadPoolExecutor.runWorker(ThreadPoolExecutor.java:1113)
08-03 20:33:11.618 12289 13159 E baseline.com.newsblur.network.APIResponse: 	at java.util.concurrent.ThreadPoolExecutor$Worker.run(ThreadPoolExecutor.java:588)
08-03 20:33:11.618 12289 13159 E baseline.com.newsblur.network.APIResponse: 	at java.lang.Thread.run(Thread.java:818)
08-03 20:33:11.618 12289 13159 E baseline.com.newsblur.network.APIResponse: Caused by: java.io.EOFException: \n not found: limit=0 content=
08-03 20:33:11.618 12289 13159 E baseline.com.newsblur.network.APIResponse: 	at okio.RealBufferedSource.readUtf8LineStrict(RealBufferedSource.java:240)
08-03 20:33:11.618 12289 13159 E baseline.com.newsblur.network.APIResponse: 	at okhttp3.internal.http1.Http1ExchangeCodec.readHeaderLine(Http1ExchangeCodec.java:242)
08-03 20:33:11.618 12289 13159 E baseline.com.newsblur.network.APIResponse: 	at okhttp3.internal.http1.Http1ExchangeCodec.readResponseHeaders(Http1ExchangeCodec.java:213)
08-03 20:33:11.618 12289 13159 E baseline.com.newsblur.network.APIResponse: 	... 30 more
08-03 20:33:11.618 12289 12302 I art     : Explicit concurrent mark sweep GC freed 1901(92KB) AllocSpace objects, 0(0B) LOS objects, 29% free, 38MB/54MB, paused 1.323ms total 41.380ms
08-03 20:33:11.619 12289 13159 I baseline.com.newsblur.service.NBSyncService: Holding reading action with server-side or network error.
08-03 20:33:11.630 12289 12302 I art     : Starting a blocking GC Explicit
08-03 20:33:11.633 12289 13159 W baseline.com.newsblur.service.NBSyncService: hard API failure
08-03 20:33:11.673 12289 12302 I art     : Explicit concurrent mark sweep GC freed 1468(306KB) AllocSpace objects, 7(148KB) LOS objects, 29% free, 38MB/54MB, paused 1.269ms total 42.023ms
08-03 20:33:11.685 12289 12302 I art     : Starting a blocking GC Explicit
08-03 20:33:11.726 12289 12302 I art     : Explicit concurrent mark sweep GC freed 126(4KB) AllocSpace objects, 0(0B) LOS objects, 29% free, 38MB/54MB, paused 1.323ms total 40.604ms
08-03 20:33:12.079 12289 12302 I art     : Starting a blocking GC Explicit
08-03 20:33:12.117 12289 13159 E baseline.com.newsblur.network.APIResponse: Error (unexpected end of stream on https://www.newsblur.com/...) calling https://www.newsblur.com/reader/mark_story_hashes_as_read/
08-03 20:33:12.117 12289 13159 E baseline.com.newsblur.network.APIResponse: java.io.IOException: unexpected end of stream on https://www.newsblur.com/...
08-03 20:33:12.117 12289 13159 E baseline.com.newsblur.network.APIResponse: 	at okhttp3.internal.http1.Http1ExchangeCodec.readResponseHeaders(Http1ExchangeCodec.java:236)
08-03 20:33:12.117 12289 13159 E baseline.com.newsblur.network.APIResponse: 	at okhttp3.internal.connection.Exchange.readResponseHeaders(Exchange.java:115)
08-03 20:33:12.117 12289 13159 E baseline.com.newsblur.network.APIResponse: 	at okhttp3.internal.http.CallServerInterceptor.intercept(CallServerInterceptor.java:94)
08-03 20:33:12.117 12289 13159 E baseline.com.newsblur.network.APIResponse: 	at okhttp3.internal.http.RealInterceptorChain.proceed(RealInterceptorChain.java:142)
08-03 20:33:12.117 12289 13159 E baseline.com.newsblur.network.APIResponse: 	at okhttp3.internal.connection.ConnectInterceptor.intercept(ConnectInterceptor.java:43)
08-03 20:33:12.117 12289 13159 E baseline.com.newsblur.network.APIResponse: 	at okhttp3.internal.http.RealInterceptorChain.proceed(RealInterceptorChain.java:142)
08-03 20:33:12.117 12289 13159 E baseline.com.newsblur.network.APIResponse: 	at okhttp3.internal.http.RealInterceptorChain.proceed(RealInterceptorChain.java:117)
08-03 20:33:12.117 12289 13159 E baseline.com.newsblur.network.APIResponse: 	at okhttp3.internal.cache.CacheInterceptor.intercept(CacheInterceptor.java:94)
08-03 20:33:12.117 12289 13159 E baseline.com.newsblur.network.APIResponse: 	at okhttp3.internal.http.RealInterceptorChain.proceed(RealInterceptorChain.java:142)
08-03 20:33:12.117 12289 13159 E baseline.com.newsblur.network.APIResponse: 	at okhttp3.internal.http.RealInterceptorChain.proceed(RealInterceptorChain.java:117)
08-03 20:33:12.117 12289 13159 E baseline.com.newsblur.network.APIResponse: 	at okhttp3.internal.http.BridgeInterceptor.intercept(BridgeInterceptor.java:93)
08-03 20:33:12.117 12289 13159 E baseline.com.newsblur.network.APIResponse: 	at okhttp3.internal.http.RealInterceptorChain.proceed(RealInterceptorChain.java:142)
08-03 20:33:12.117 12289 13159 E baseline.com.newsblur.network.APIResponse: 	at okhttp3.internal.http.RetryAndFollowUpInterceptor.intercept(RetryAndFollowUpInterceptor.java:88)
08-03 20:33:12.117 12289 13159 E baseline.com.newsblur.network.APIResponse: 	at okhttp3.internal.http.RealInterceptorChain.proceed(RealInterceptorChain.java:142)
08-03 20:33:12.117 12289 13159 E baseline.com.newsblur.network.APIResponse: 	at okhttp3.internal.http.RealInterceptorChain.proceed(RealInterceptorChain.java:117)
08-03 20:33:12.117 12289 13159 E baseline.com.newsblur.network.APIResponse: 	at okhttp3.RealCall.getResponseWithInterceptorChain(RealCall.java:229)
08-03 20:33:12.117 12289 13159 E baseline.com.newsblur.network.APIResponse: 	at okhttp3.RealCall.execute(RealCall.java:81)
08-03 20:33:12.117 12289 13159 E baseline.com.newsblur.network.APIResponse: 	at baseline.com.newsblur.network.APIResponse.<init>(APIResponse.java:57)
08-03 20:33:12.117 12289 13159 E baseline.com.newsblur.network.APIResponse: 	at baseline.com.newsblur.network.APIResponse.<init>(APIResponse.java:43)
08-03 20:33:12.117 12289 13159 E baseline.com.newsblur.network.APIResponse: 	at baseline.com.newsblur.network.APIManager.post_single(APIManager.java:702)
08-03 20:33:12.117 12289 13159 E baseline.com.newsblur.network.APIResponse: 	at baseline.com.newsblur.network.APIManager.post(APIManager.java:675)
08-03 20:33:12.117 12289 13159 E baseline.com.newsblur.network.APIResponse: 	at baseline.com.newsblur.network.APIManager.post(APIManager.java:714)
08-03 20:33:12.117 12289 13159 E baseline.com.newsblur.network.APIResponse: 	at baseline.com.newsblur.network.APIManager.markStoryAsRead(APIManager.java:205)
08-03 20:33:12.117 12289 13159 E baseline.com.newsblur.network.APIResponse: 	at baseline.com.newsblur.util.ReadingAction.doRemote(ReadingAction.java:281)
08-03 20:33:12.117 12289 13159 E baseline.com.newsblur.network.APIResponse: 	at baseline.com.newsblur.service.NBSyncService.syncActions(NBSyncService.java:400)
08-03 20:33:12.117 12289 13159 E baseline.com.newsblur.network.APIResponse: 	at baseline.com.newsblur.service.NBSyncService.doSync(NBSyncService.java:298)
08-03 20:33:12.117 12289 13159 E baseline.com.newsblur.network.APIResponse: 	at baseline.com.newsblur.service.NBSyncService.access$100(NBSyncService.java:67)
08-03 20:33:12.117 12289 13159 E baseline.com.newsblur.network.APIResponse: 	at baseline.com.newsblur.service.NBSyncService$1.run(NBSyncService.java:188)
08-03 20:33:12.117 12289 13159 E baseline.com.newsblur.network.APIResponse: 	at java.util.concurrent.ThreadPoolExecutor.runWorker(ThreadPoolExecutor.java:1113)
08-03 20:33:12.117 12289 13159 E baseline.com.newsblur.network.APIResponse: 	at java.util.concurrent.ThreadPoolExecutor$Worker.run(ThreadPoolExecutor.java:588)
08-03 20:33:12.117 12289 13159 E baseline.com.newsblur.network.APIResponse: 	at java.lang.Thread.run(Thread.java:818)
08-03 20:33:12.117 12289 13159 E baseline.com.newsblur.network.APIResponse: Caused by: java.io.EOFException: \n not found: limit=0 content=
08-03 20:33:12.117 12289 13159 E baseline.com.newsblur.network.APIResponse: 	at okio.RealBufferedSource.readUtf8LineStrict(RealBufferedSource.java:240)
08-03 20:33:12.117 12289 13159 E baseline.com.newsblur.network.APIResponse: 	at okhttp3.internal.http1.Http1ExchangeCodec.readHeaderLine(Http1ExchangeCodec.java:242)
08-03 20:33:12.117 12289 13159 E baseline.com.newsblur.network.APIResponse: 	at okhttp3.internal.http1.Http1ExchangeCodec.readResponseHeaders(Http1ExchangeCodec.java:213)
08-03 20:33:12.117 12289 13159 E baseline.com.newsblur.network.APIResponse: 	... 30 more
08-03 20:33:12.119 12289 13159 I baseline.com.newsblur.network.APIManager: API call failed, pausing before retry number 1
08-03 20:33:12.127 12289 12302 I art     : Explicit concurrent mark sweep GC freed 5139(390KB) AllocSpace objects, 3(60KB) LOS objects, 29% free, 38MB/54MB, paused 1.434ms total 47.980ms
08-03 20:33:12.140 12289 12302 I art     : Starting a blocking GC Explicit
08-03 20:33:12.186 12289 12302 I art     : Explicit concurrent mark sweep GC freed 318(37KB) AllocSpace objects, 0(0B) LOS objects, 29% free, 38MB/54MB, paused 1.262ms total 44.925ms
08-03 20:33:12.200 12289 12302 I art     : Starting a blocking GC Explicit
08-03 20:33:12.248 12289 12302 I art     : Explicit concurrent mark sweep GC freed 34(1120B) AllocSpace objects, 0(0B) LOS objects, 29% free, 38MB/54MB, paused 1.391ms total 47.393ms
08-03 20:33:12.261 12289 12302 I art     : Starting a blocking GC Explicit
08-03 20:33:12.309 12289 12302 I art     : Explicit concurrent mark sweep GC freed 11(352B) AllocSpace objects, 0(0B) LOS objects, 29% free, 38MB/54MB, paused 1.465ms total 47.452ms
08-03 20:33:12.323 12289 12302 I art     : Starting a blocking GC Explicit
08-03 20:33:12.370 12289 12302 I art     : Explicit concurrent mark sweep GC freed 11(352B) AllocSpace objects, 0(0B) LOS objects, 29% free, 38MB/54MB, paused 1.292ms total 46.738ms
08-03 20:33:12.731 12289 12302 I art     : Starting a blocking GC Explicit
08-03 20:33:12.788 12289 12302 I art     : Explicit concurrent mark sweep GC freed 1488(84KB) AllocSpace objects, 1(20KB) LOS objects, 29% free, 38MB/54MB, paused 1.427ms total 56.344ms
08-03 20:33:12.802 12289 12302 I art     : Starting a blocking GC Explicit
08-03 20:33:12.850 12289 12302 I art     : Explicit concurrent mark sweep GC freed 28(976B) AllocSpace objects, 0(0B) LOS objects, 29% free, 38MB/54MB, paused 1.374ms total 47.523ms
08-03 20:33:12.863 12289 12302 I art     : Starting a blocking GC Explicit
08-03 20:33:12.912 12289 12302 I art     : Explicit concurrent mark sweep GC freed 11(352B) AllocSpace objects, 0(0B) LOS objects, 29% free, 38MB/54MB, paused 1.610ms total 47.921ms
08-03 20:33:12.925 12289 12302 I art     : Starting a blocking GC Explicit
08-03 20:33:12.975 12289 12302 I art     : Explicit concurrent mark sweep GC freed 6(192B) AllocSpace objects, 0(0B) LOS objects, 29% free, 38MB/54MB, paused 1.351ms total 49.256ms
08-03 20:33:12.988 12289 12302 I art     : Starting a blocking GC Explicit
08-03 20:33:13.038 12289 12302 I art     : Explicit concurrent mark sweep GC freed 3(96B) AllocSpace objects, 0(0B) LOS objects, 29% free, 38MB/54MB, paused 1.452ms total 48.987ms
08-03 20:33:13.132 13650 13650 D AndroidRuntime: >>>>>> START com.android.internal.os.RuntimeInit uid 2000 <<<<<<
08-03 20:33:13.139 13650 13650 D AndroidRuntime: CheckJNI is OFF
08-03 20:33:13.183 13650 13650 D ICU     : No timezone override file found: /data/misc/zoneinfo/current/icu/icu_tzdata.dat
08-03 20:33:13.225 13650 13650 I Radio-JNI: register_android_hardware_Radio DONE
08-03 20:33:13.226  9822  9822 I ServiceManager: Waiting for service AtCmdFwd...
08-03 20:33:13.253 13650 13650 D AndroidRuntime: Calling main entry com.android.commands.input.Input
08-03 20:33:13.255 13650 13650 I Input   : injectKeyEvent: KeyEvent { action=ACTION_DOWN, keyCode=KEYCODE_BACK, scanCode=0, metaState=0, flags=0x0, repeatCount=0, eventTime=650009668, downTime=650009668, deviceId=-1, source=0x101 }
08-03 20:33:13.266 13650 13650 I Input   : injectKeyEvent: KeyEvent { action=ACTION_UP, keyCode=KEYCODE_BACK, scanCode=0, metaState=0, flags=0x0, repeatCount=0, eventTime=650009668, downTime=650009668, deviceId=-1, source=0x101 }
08-03 20:33:13.272 13650 13650 D AndroidRuntime: Shutting down VM
08-03 20:33:13.402 12289 12302 I art     : Starting a blocking GC Explicit
08-03 20:33:13.452 12289 12302 I art     : Explicit concurrent mark sweep GC freed 3895(296KB) AllocSpace objects, 9(180KB) LOS objects, 29% free, 38MB/54MB, paused 1.328ms total 49.543ms
08-03 20:33:13.465 12289 12302 I art     : Starting a blocking GC Explicit
08-03 20:33:13.494 13866 13866 I GoogleInputMethodServic: GoogleInputMethodService.onFinishInput():3138 
08-03 20:33:13.494 13866 13866 I GoogleInputMethodServic: GoogleInputMethodService.onStartInput():1808 
08-03 20:33:13.515 12289 12302 I art     : Explicit concurrent mark sweep GC freed 5941(373KB) AllocSpace objects, 4(80KB) LOS objects, 29% free, 38MB/54MB, paused 1.356ms total 49.808ms
08-03 20:33:13.528 12289 12302 I art     : Starting a blocking GC Explicit
08-03 20:33:13.570 12289 12302 I art     : Explicit concurrent mark sweep GC freed 171(6KB) AllocSpace objects, 0(0B) LOS objects, 29% free, 38MB/54MB, paused 1.218ms total 41.645ms
08-03 20:33:13.583 12289 12302 I art     : Starting a blocking GC Explicit
08-03 20:33:13.627 12289 12302 I art     : Explicit concurrent mark sweep GC freed 98(3KB) AllocSpace objects, 0(0B) LOS objects, 29% free, 38MB/54MB, paused 1.438ms total 43.891ms
08-03 20:33:13.641 12289 12302 I art     : Starting a blocking GC Explicit
08-03 20:33:13.689 12289 12302 I art     : Explicit concurrent mark sweep GC freed 9(352B) AllocSpace objects, 0(0B) LOS objects, 29% free, 38MB/54MB, paused 1.719ms total 47.488ms
08-03 20:33:14.044 12289 12308 I art     : Starting a blocking GC Explicit
08-03 20:33:14.093 12289 12308 I art     : Explicit concurrent mark sweep GC freed 1989(109KB) AllocSpace objects, 1(20KB) LOS objects, 29% free, 38MB/54MB, paused 1.494ms total 48.637ms
08-03 20:33:14.106 12289 12308 I art     : Starting a blocking GC Explicit
08-03 20:33:14.154 12289 12308 I art     : Explicit concurrent mark sweep GC freed 1856(73KB) AllocSpace objects, 0(0B) LOS objects, 29% free, 38MB/54MB, paused 1.371ms total 46.963ms
08-03 20:33:14.165 12289 13159 E baseline.com.newsblur.network.APIResponse: Error (unexpected end of stream on https://www.newsblur.com/...) calling https://www.newsblur.com/reader/mark_story_hashes_as_read/
08-03 20:33:14.165 12289 13159 E baseline.com.newsblur.network.APIResponse: java.io.IOException: unexpected end of stream on https://www.newsblur.com/...
08-03 20:33:14.165 12289 13159 E baseline.com.newsblur.network.APIResponse: 	at okhttp3.internal.http1.Http1ExchangeCodec.readResponseHeaders(Http1ExchangeCodec.java:236)
08-03 20:33:14.165 12289 13159 E baseline.com.newsblur.network.APIResponse: 	at okhttp3.internal.connection.Exchange.readResponseHeaders(Exchange.java:115)
08-03 20:33:14.165 12289 13159 E baseline.com.newsblur.network.APIResponse: 	at okhttp3.internal.http.CallServerInterceptor.intercept(CallServerInterceptor.java:94)
08-03 20:33:14.165 12289 13159 E baseline.com.newsblur.network.APIResponse: 	at okhttp3.internal.http.RealInterceptorChain.proceed(RealInterceptorChain.java:142)
08-03 20:33:14.165 12289 13159 E baseline.com.newsblur.network.APIResponse: 	at okhttp3.internal.connection.ConnectInterceptor.intercept(ConnectInterceptor.java:43)
08-03 20:33:14.165 12289 13159 E baseline.com.newsblur.network.APIResponse: 	at okhttp3.internal.http.RealInterceptorChain.proceed(RealInterceptorChain.java:142)
08-03 20:33:14.165 12289 13159 E baseline.com.newsblur.network.APIResponse: 	at okhttp3.internal.http.RealInterceptorChain.proceed(RealInterceptorChain.java:117)
08-03 20:33:14.165 12289 13159 E baseline.com.newsblur.network.APIResponse: 	at okhttp3.internal.cache.CacheInterceptor.intercept(CacheInterceptor.java:94)
08-03 20:33:14.165 12289 13159 E baseline.com.newsblur.network.APIResponse: 	at okhttp3.internal.http.RealInterceptorChain.proceed(RealInterceptorChain.java:142)
08-03 20:33:14.165 12289 13159 E baseline.com.newsblur.network.APIResponse: 	at okhttp3.internal.http.RealInterceptorChain.proceed(RealInterceptorChain.java:117)
08-03 20:33:14.165 12289 13159 E baseline.com.newsblur.network.APIResponse: 	at okhttp3.internal.http.BridgeInterceptor.intercept(BridgeInterceptor.java:93)
08-03 20:33:14.165 12289 13159 E baseline.com.newsblur.network.APIResponse: 	at okhttp3.internal.http.RealInterceptorChain.proceed(RealInterceptorChain.java:142)
08-03 20:33:14.165 12289 13159 E baseline.com.newsblur.network.APIResponse: 	at okhttp3.internal.http.RetryAndFollowUpInterceptor.intercept(RetryAndFollowUpInterceptor.java:88)
08-03 20:33:14.165 12289 13159 E baseline.com.newsblur.network.APIResponse: 	at okhttp3.internal.http.RealInterceptorChain.proceed(RealInterceptorChain.java:142)
08-03 20:33:14.165 12289 13159 E baseline.com.newsblur.network.APIResponse: 	at okhttp3.internal.http.RealInterceptorChain.proceed(RealInterceptorChain.java:117)
08-03 20:33:14.165 12289 13159 E baseline.com.newsblur.network.APIResponse: 	at okhttp3.RealCall.getResponseWithInterceptorChain(RealCall.java:229)
08-03 20:33:14.165 12289 13159 E baseline.com.newsblur.network.APIResponse: 	at okhttp3.RealCall.execute(RealCall.java:81)
08-03 20:33:14.165 12289 13159 E baseline.com.newsblur.network.APIResponse: 	at baseline.com.newsblur.network.APIResponse.<init>(APIResponse.java:57)
08-03 20:33:14.165 12289 13159 E baseline.com.newsblur.network.APIResponse: 	at baseline.com.newsblur.network.APIResponse.<init>(APIResponse.java:43)
08-03 20:33:14.165 12289 13159 E baseline.com.newsblur.network.APIResponse: 	at baseline.com.newsblur.network.APIManager.post_single(APIManager.java:702)
08-03 20:33:14.165 12289 13159 E baseline.com.newsblur.network.APIResponse: 	at baseline.com.newsblur.network.APIManager.post(APIManager.java:675)
08-03 20:33:14.165 12289 13159 E baseline.com.newsblur.network.APIResponse: 	at baseline.com.newsblur.network.APIManager.post(APIManager.java:714)
08-03 20:33:14.165 12289 13159 E baseline.com.newsblur.network.APIResponse: 	at baseline.com.newsblur.network.APIManager.markStoryAsRead(APIManager.java:205)
08-03 20:33:14.165 12289 13159 E baseline.com.newsblur.network.APIResponse: 	at baseline.com.newsblur.util.ReadingAction.doRemote(ReadingAction.java:281)
08-03 20:33:14.165 12289 13159 E baseline.com.newsblur.network.APIResponse: 	at baseline.com.newsblur.service.NBSyncService.syncActions(NBSyncService.java:400)
08-03 20:33:14.165 12289 13159 E baseline.com.newsblur.network.APIResponse: 	at baseline.com.newsblur.service.NBSyncService.doSync(NBSyncService.java:298)
08-03 20:33:14.165 12289 13159 E baseline.com.newsblur.network.APIResponse: 	at baseline.com.newsblur.service.NBSyncService.access$100(NBSyncService.java:67)
08-03 20:33:14.165 12289 13159 E baseline.com.newsblur.network.APIResponse: 	at baseline.com.newsblur.service.NBSyncService$1.run(NBSyncService.java:188)
08-03 20:33:14.165 12289 13159 E baseline.com.newsblur.network.APIResponse: 	at java.util.concurrent.ThreadPoolExecutor.runWorker(ThreadPoolExecutor.java:1113)
08-03 20:33:14.165 12289 13159 E baseline.com.newsblur.network.APIResponse: 	at java.util.concurrent.ThreadPoolExecutor$Worker.run(ThreadPoolExecutor.java:588)
08-03 20:33:14.165 12289 13159 E baseline.com.newsblur.network.APIResponse: 	at java.lang.Thread.run(Thread.java:818)
08-03 20:33:14.165 12289 13159 E baseline.com.newsblur.network.APIResponse: Caused by: java.io.EOFException: \n not found: limit=0 content=
08-03 20:33:14.165 12289 13159 E baseline.com.newsblur.network.APIResponse: 	at okio.RealBufferedSource.readUtf8LineStrict(RealBufferedSource.java:240)
08-03 20:33:14.165 12289 13159 E baseline.com.newsblur.network.APIResponse: 	at okhttp3.internal.http1.Http1ExchangeCodec.readHeaderLine(Http1ExchangeCodec.java:242)
08-03 20:33:14.165 12289 13159 E baseline.com.newsblur.network.APIResponse: 	at okhttp3.internal.http1.Http1ExchangeCodec.readResponseHeaders(Http1ExchangeCodec.java:213)
08-03 20:33:14.165 12289 13159 E baseline.com.newsblur.network.APIResponse: 	... 30 more
08-03 20:33:14.166 12289 13159 I baseline.com.newsblur.network.APIManager: API call failed, pausing before retry number 2
08-03 20:33:14.168 12289 12308 I art     : Starting a blocking GC Explicit
08-03 20:33:14.215 12289 12308 I art     : Explicit concurrent mark sweep GC freed 880(202KB) AllocSpace objects, 2(40KB) LOS objects, 29% free, 38MB/54MB, paused 1.403ms total 47.639ms
08-03 20:33:14.226  9822  9822 I ServiceManager: Waiting for service AtCmdFwd...
08-03 20:33:14.229 12289 12308 I art     : Starting a blocking GC Explicit
08-03 20:33:14.277 12289 12308 I art     : Explicit concurrent mark sweep GC freed 57(10KB) AllocSpace objects, 0(0B) LOS objects, 29% free, 38MB/54MB, paused 1.451ms total 47.651ms
08-03 20:33:14.291 12289 12308 I art     : Starting a blocking GC Explicit
08-03 20:33:14.339 12289 12308 I art     : Explicit concurrent mark sweep GC freed 13(416B) AllocSpace objects, 0(0B) LOS objects, 29% free, 38MB/54MB, paused 1.307ms total 47.582ms
08-03 20:33:14.688 12289 12301 I art     : Starting a blocking GC Explicit
08-03 20:33:14.748 12289 12301 I art     : Explicit concurrent mark sweep GC freed 1486(84KB) AllocSpace objects, 1(20KB) LOS objects, 29% free, 38MB/54MB, paused 1.521ms total 59.408ms
08-03 20:33:14.762 12289 12301 I art     : Starting a blocking GC Explicit
08-03 20:33:14.809 12289 12301 I art     : Explicit concurrent mark sweep GC freed 30(1040B) AllocSpace objects, 0(0B) LOS objects, 29% free, 38MB/54MB, paused 1.557ms total 47.362ms
08-03 20:33:14.822 12289 12301 I art     : Starting a blocking GC Explicit
08-03 20:33:14.870 12289 12301 I art     : Explicit concurrent mark sweep GC freed 10(320B) AllocSpace objects, 0(0B) LOS objects, 29% free, 38MB/54MB, paused 1.449ms total 48.100ms
08-03 20:33:14.884 12289 12301 I art     : Starting a blocking GC Explicit
08-03 20:33:14.933 12289 12301 I art     : Explicit concurrent mark sweep GC freed 7(224B) AllocSpace objects, 0(0B) LOS objects, 29% free, 38MB/54MB, paused 1.396ms total 48.530ms
08-03 20:33:14.946 12289 12301 I art     : Starting a blocking GC Explicit
08-03 20:33:14.997 12289 12301 I art     : Explicit concurrent mark sweep GC freed 3(96B) AllocSpace objects, 0(0B) LOS objects, 29% free, 38MB/54MB, paused 1.483ms total 49.958ms
08-03 20:33:15.080 13689 13689 D AndroidRuntime: >>>>>> START com.android.internal.os.RuntimeInit uid 2000 <<<<<<
08-03 20:33:15.087 13689 13689 D AndroidRuntime: CheckJNI is OFF
08-03 20:33:15.131 13689 13689 D ICU     : No timezone override file found: /data/misc/zoneinfo/current/icu/icu_tzdata.dat
08-03 20:33:15.174 13689 13689 I Radio-JNI: register_android_hardware_Radio DONE
08-03 20:33:15.202 13689 13689 D AndroidRuntime: Calling main entry com.android.commands.input.Input
08-03 20:33:15.205 13689 13689 I Input   : injectMotionEvent: MotionEvent { action=ACTION_DOWN, actionButton=0, id[0]=0, x[0]=553.0, y[0]=442.0, toolType[0]=TOOL_TYPE_UNKNOWN, buttonState=0, metaState=0, flags=0x0, edgeFlags=0x0, pointerCount=1, historySize=0, eventTime=650011617, downTime=650011617, deviceId=0, source=0x1002 }
08-03 20:33:15.209 13689 13689 I Input   : injectMotionEvent: MotionEvent { action=ACTION_UP, actionButton=0, id[0]=0, x[0]=553.0, y[0]=442.0, toolType[0]=TOOL_TYPE_UNKNOWN, buttonState=0, metaState=0, flags=0x0, edgeFlags=0x0, pointerCount=1, historySize=0, eventTime=650011617, downTime=650011617, deviceId=0, source=0x1002 }
08-03 20:33:15.211 13689 13689 D AndroidRuntime: Shutting down VM
08-03 20:33:15.227  9822  9822 I ServiceManager: Waiting for service AtCmdFwd...
08-03 20:33:15.280   918  6110 I ActivityManager: START u0 {cmp=baseline.com.newsblur/.activity.AllSharedStoriesItemsList (has extras)} from uid 10625 on display 0
08-03 20:33:15.304 12289 12805 I baseline.com.newsblur.database.BlurDatabaseHelper: reading session reset
08-03 20:33:15.355 12289 12308 I art     : Starting a blocking GC Explicit
08-03 20:33:15.406 12289 12308 I art     : Explicit concurrent mark sweep GC freed 3553(294KB) AllocSpace objects, 6(212KB) LOS objects, 29% free, 38MB/54MB, paused 1.514ms total 49.915ms
08-03 20:33:15.419 12289 12308 I art     : Starting a blocking GC Explicit
08-03 20:33:15.468 12289 12308 I art     : Explicit concurrent mark sweep GC freed 747(53KB) AllocSpace objects, 1(20KB) LOS objects, 29% free, 38MB/54MB, paused 1.523ms total 48.407ms
08-03 20:33:15.481 12289 12308 I art     : Starting a blocking GC Explicit
08-03 20:33:15.506 12289 12289 W View    : requestLayout() improperly called by android.widget.FrameLayout{6fffade V.E...... ......ID 0,0-1440,0 #7f07003f app:id/footer_view_inner} during layout: running second layout pass
08-03 20:33:15.506 12289 12289 W View    : requestLayout() improperly called by android.widget.FrameLayout{f21a4bf V.E...... ......ID 0,0-1440,2091 #7f07003f app:id/footer_view_inner} during layout: running second layout pass
08-03 20:33:15.524 13866 13866 I GoogleInputMethodServic: GoogleInputMethodService.onFinishInput():3138 
08-03 20:33:15.524   918   936 I ActivityManager: Displayed baseline.com.newsblur/.activity.AllSharedStoriesItemsList: +236ms
08-03 20:33:15.525 13866 13866 I GoogleInputMethodServic: GoogleInputMethodService.onStartInput():1808 
08-03 20:33:15.528 12289 12308 I art     : Explicit concurrent mark sweep GC freed 416(37KB) AllocSpace objects, 1(20KB) LOS objects, 29% free, 38MB/54MB, paused 1.596ms total 47.179ms
08-03 20:33:15.541 12289 12308 I art     : Starting a blocking GC Explicit
08-03 20:33:15.589 12289 12308 I art     : Explicit concurrent mark sweep GC freed 1351(98KB) AllocSpace objects, 7(140KB) LOS objects, 29% free, 38MB/54MB, paused 2.218ms total 48.386ms
08-03 20:33:15.605 12289 12308 I art     : Starting a blocking GC Explicit
08-03 20:33:15.656 12289 12308 I art     : Explicit concurrent mark sweep GC freed 330(16KB) AllocSpace objects, 0(0B) LOS objects, 29% free, 38MB/54MB, paused 1.585ms total 50.017ms
08-03 20:33:15.684   918   937 W ProcessCpuTracker: Skipping unknown process pid 13716
08-03 20:33:15.685   918   937 W ProcessCpuTracker: Skipping unknown process pid 13718
08-03 20:33:15.685   918   937 W ProcessCpuTracker: Skipping unknown process pid 13719
08-03 20:33:15.687 12289 13721 I NAPPA_EXPERIMENTATION: MetricNetworkRequestExecutionTime: REQUEST_DURATION_SYSTEM='109',REQUEST_DURATION_OKHTTP='108',REQUEST_SYNCHRONOUS='TRUE',RESPONSE_CODE='200',RESPONSE_METHOD='GET',RESPONSE_LENGTH_OKHTTP='43',RESPONSE_LENGTH_HEADER='43',REQUEST_PROTOCOL='http/1.1',REQUEST_URL='http://feeds.feedburner.com/~r/retort/~4/UffaFMiJbNs',
08-03 20:33:15.788 12289 12551 I NAPPA_EXPERIMENTATION: MetricNetworkRequestExecutionTime: REQUEST_DURATION_SYSTEM='195',REQUEST_DURATION_OKHTTP='194',REQUEST_SYNCHRONOUS='TRUE',RESPONSE_CODE='200',RESPONSE_METHOD='GET',RESPONSE_LENGTH_OKHTTP='56376',RESPONSE_LENGTH_HEADER='56376',REQUEST_PROTOCOL='h2',REQUEST_URL='https://images.fastcompany.net/image/upload/w_1280,q_auto,f_auto,fl_lossy/wp-cms/uploads/2020/07/p-1-quit-after-covid.jpg',
08-03 20:33:15.994 12289 12301 I art     : Starting a blocking GC Explicit
08-03 20:33:16.045 12289 12301 I art     : Explicit concurrent mark sweep GC freed 2628(187KB) AllocSpace objects, 7(3MB) LOS objects, 28% free, 40MB/56MB, paused 1.425ms total 50.018ms
08-03 20:33:16.058 12289 12301 I art     : Starting a blocking GC Explicit
08-03 20:33:16.107 12289 12301 I art     : Explicit concurrent mark sweep GC freed 75(2816B) AllocSpace objects, 0(0B) LOS objects, 28% free, 40MB/56MB, paused 1.310ms total 48.789ms
08-03 20:33:16.120 12289 12301 I art     : Starting a blocking GC Explicit
08-03 20:33:16.170 12289 12301 I art     : Explicit concurrent mark sweep GC freed 6(192B) AllocSpace objects, 0(0B) LOS objects, 28% free, 40MB/56MB, paused 1.464ms total 49.486ms
08-03 20:33:16.184 12289 12301 I art     : Starting a blocking GC Explicit
08-03 20:33:16.228  9822  9822 I ServiceManager: Waiting for service AtCmdFwd...
08-03 20:33:16.232 12289 12301 I art     : Explicit concurrent mark sweep GC freed 7(224B) AllocSpace objects, 0(0B) LOS objects, 28% free, 40MB/56MB, paused 1.435ms total 48.548ms
08-03 20:33:16.246 12289 12301 I art     : Starting a blocking GC Explicit
08-03 20:33:16.295 12289 12301 I art     : Explicit concurrent mark sweep GC freed 7(224B) AllocSpace objects, 0(0B) LOS objects, 28% free, 40MB/56MB, paused 1.392ms total 48.983ms
08-03 20:33:16.698 12289 12308 I art     : Starting a blocking GC Explicit
08-03 20:33:16.775 12289 12308 I art     : Explicit concurrent mark sweep GC freed 1484(84KB) AllocSpace objects, 1(20KB) LOS objects, 28% free, 40MB/56MB, paused 2.642ms total 76.789ms
08-03 20:33:16.802 12289 12308 I art     : Starting a blocking GC Explicit
08-03 20:33:16.867 12289 12308 I art     : Explicit concurrent mark sweep GC freed 39(1328B) AllocSpace objects, 0(0B) LOS objects, 28% free, 40MB/56MB, paused 2.503ms total 64.559ms
08-03 20:33:16.887 12289 12308 I art     : Starting a blocking GC Explicit
08-03 20:33:16.954 12289 12308 I art     : Explicit concurrent mark sweep GC freed 12(384B) AllocSpace objects, 0(0B) LOS objects, 28% free, 40MB/56MB, paused 2.213ms total 65.824ms
08-03 20:33:16.976 12289 12308 I art     : Starting a blocking GC Explicit
08-03 20:33:17.038 12289 12308 I art     : Explicit concurrent mark sweep GC freed 8(256B) AllocSpace objects, 0(0B) LOS objects, 28% free, 40MB/56MB, paused 1.988ms total 61.938ms
08-03 20:33:17.058 12289 12308 I art     : Starting a blocking GC Explicit
08-03 20:33:17.122 12289 12308 I art     : Explicit concurrent mark sweep GC freed 8(256B) AllocSpace objects, 0(0B) LOS objects, 28% free, 40MB/56MB, paused 2.219ms total 63.684ms
08-03 20:33:17.228  9822  9822 I ServiceManager: Waiting for service AtCmdFwd...
08-03 20:33:17.512 12289 12301 I art     : Starting a blocking GC Explicit
08-03 20:33:17.539   518   646 I ThermalEngine: ACTION: GPU - Setting GPU[0] to 390000000
08-03 20:33:17.578 12289 12301 I art     : Explicit concurrent mark sweep GC freed 1635(92KB) AllocSpace objects, 1(20KB) LOS objects, 28% free, 40MB/56MB, paused 2.324ms total 66.130ms
08-03 20:33:17.599 12289 12301 I art     : Starting a blocking GC Explicit
08-03 20:33:17.648 12289 13159 E baseline.com.newsblur.network.APIResponse: Error (unexpected end of stream on https://www.newsblur.com/...) calling https://www.newsblur.com/reader/mark_story_hashes_as_read/
08-03 20:33:17.648 12289 13159 E baseline.com.newsblur.network.APIResponse: java.io.IOException: unexpected end of stream on https://www.newsblur.com/...
08-03 20:33:17.648 12289 13159 E baseline.com.newsblur.network.APIResponse: 	at okhttp3.internal.http1.Http1ExchangeCodec.readResponseHeaders(Http1ExchangeCodec.java:236)
08-03 20:33:17.648 12289 13159 E baseline.com.newsblur.network.APIResponse: 	at okhttp3.internal.connection.Exchange.readResponseHeaders(Exchange.java:115)
08-03 20:33:17.648 12289 13159 E baseline.com.newsblur.network.APIResponse: 	at okhttp3.internal.http.CallServerInterceptor.intercept(CallServerInterceptor.java:94)
08-03 20:33:17.648 12289 13159 E baseline.com.newsblur.network.APIResponse: 	at okhttp3.internal.http.RealInterceptorChain.proceed(RealInterceptorChain.java:142)
08-03 20:33:17.648 12289 13159 E baseline.com.newsblur.network.APIResponse: 	at okhttp3.internal.connection.ConnectInterceptor.intercept(ConnectInterceptor.java:43)
08-03 20:33:17.648 12289 13159 E baseline.com.newsblur.network.APIResponse: 	at okhttp3.internal.http.RealInterceptorChain.proceed(RealInterceptorChain.java:142)
08-03 20:33:17.648 12289 13159 E baseline.com.newsblur.network.APIResponse: 	at okhttp3.internal.http.RealInterceptorChain.proceed(RealInterceptorChain.java:117)
08-03 20:33:17.648 12289 13159 E baseline.com.newsblur.network.APIResponse: 	at okhttp3.internal.cache.CacheInterceptor.intercept(CacheInterceptor.java:94)
08-03 20:33:17.648 12289 13159 E baseline.com.newsblur.network.APIResponse: 	at okhttp3.internal.http.RealInterceptorChain.proceed(RealInterceptorChain.java:142)
08-03 20:33:17.648 12289 13159 E baseline.com.newsblur.network.APIResponse: 	at okhttp3.internal.http.RealInterceptorChain.proceed(RealInterceptorChain.java:117)
08-03 20:33:17.648 12289 13159 E baseline.com.newsblur.network.APIResponse: 	at okhttp3.internal.http.BridgeInterceptor.intercept(BridgeInterceptor.java:93)
08-03 20:33:17.648 12289 13159 E baseline.com.newsblur.network.APIResponse: 	at okhttp3.internal.http.RealInterceptorChain.proceed(RealInterceptorChain.java:142)
08-03 20:33:17.648 12289 13159 E baseline.com.newsblur.network.APIResponse: 	at okhttp3.internal.http.RetryAndFollowUpInterceptor.intercept(RetryAndFollowUpInterceptor.java:88)
08-03 20:33:17.648 12289 13159 E baseline.com.newsblur.network.APIResponse: 	at okhttp3.internal.http.RealInterceptorChain.proceed(RealInterceptorChain.java:142)
08-03 20:33:17.648 12289 13159 E baseline.com.newsblur.network.APIResponse: 	at okhttp3.internal.http.RealInterceptorChain.proceed(RealInterceptorChain.java:117)
08-03 20:33:17.648 12289 13159 E baseline.com.newsblur.network.APIResponse: 	at okhttp3.RealCall.getResponseWithInterceptorChain(RealCall.java:229)
08-03 20:33:17.648 12289 13159 E baseline.com.newsblur.network.APIResponse: 	at okhttp3.RealCall.execute(RealCall.java:81)
08-03 20:33:17.648 12289 13159 E baseline.com.newsblur.network.APIResponse: 	at baseline.com.newsblur.network.APIResponse.<init>(APIResponse.java:57)
08-03 20:33:17.648 12289 13159 E baseline.com.newsblur.network.APIResponse: 	at baseline.com.newsblur.network.APIResponse.<init>(APIResponse.java:43)
08-03 20:33:17.648 12289 13159 E baseline.com.newsblur.network.APIResponse: 	at baseline.com.newsblur.network.APIManager.post_single(APIManager.java:702)
08-03 20:33:17.648 12289 13159 E baseline.com.newsblur.network.APIResponse: 	at baseline.com.newsblur.network.APIManager.post(APIManager.java:675)
08-03 20:33:17.648 12289 13159 E baseline.com.newsblur.network.APIResponse: 	at baseline.com.newsblur.network.APIManager.post(APIManager.java:714)
08-03 20:33:17.648 12289 13159 E baseline.com.newsblur.network.APIResponse: 	at baseline.com.newsblur.network.APIManager.markStoryAsRead(APIManager.java:205)
08-03 20:33:17.648 12289 13159 E baseline.com.newsblur.network.APIResponse: 	at baseline.com.newsblur.util.ReadingAction.doRemote(ReadingAction.java:281)
08-03 20:33:17.648 12289 13159 E baseline.com.newsblur.network.APIResponse: 	at baseline.com.newsblur.service.NBSyncService.syncActions(NBSyncService.java:400)
08-03 20:33:17.648 12289 13159 E baseline.com.newsblur.network.APIResponse: 	at baseline.com.newsblur.service.NBSyncService.doSync(NBSyncService.java:298)
08-03 20:33:17.648 12289 13159 E baseline.com.newsblur.network.APIResponse: 	at baseline.com.newsblur.service.NBSyncService.access$100(NBSyncService.java:67)
08-03 20:33:17.648 12289 13159 E baseline.com.newsblur.network.APIResponse: 	at baseline.com.newsblur.service.NBSyncService$1.run(NBSyncService.java:188)
08-03 20:33:17.648 12289 13159 E baseline.com.newsblur.network.APIResponse: 	at java.util.concurrent.ThreadPoolExecutor.runWorker(ThreadPoolExecutor.java:1113)
08-03 20:33:17.648 12289 13159 E baseline.com.newsblur.network.APIResponse: 	at java.util.concurrent.ThreadPoolExecutor$Worker.run(ThreadPoolExecutor.java:588)
08-03 20:33:17.648 12289 13159 E baseline.com.newsblur.network.APIResponse: 	at java.lang.Thread.run(Thread.java:818)
08-03 20:33:17.648 12289 13159 E baseline.com.newsblur.network.APIResponse: Caused by: java.io.EOFException: \n not found: limit=0 content=
08-03 20:33:17.648 12289 13159 E baseline.com.newsblur.network.APIResponse: 	at okio.RealBufferedSource.readUtf8LineStrict(RealBufferedSource.java:240)
08-03 20:33:17.648 12289 13159 E baseline.com.newsblur.network.APIResponse: 	at okhttp3.internal.http1.Http1ExchangeCodec.readHeaderLine(Http1ExchangeCodec.java:242)
08-03 20:33:17.648 12289 13159 E baseline.com.newsblur.network.APIResponse: 	at okhttp3.internal.http1.Http1ExchangeCodec.readResponseHeaders(Http1ExchangeCodec.java:213)
08-03 20:33:17.648 12289 13159 E baseline.com.newsblur.network.APIResponse: 	... 30 more
08-03 20:33:17.650 12289 13159 I baseline.com.newsblur.service.NBSyncService: Holding reading action with server-side or network error.
08-03 20:33:17.662 12289 13159 W baseline.com.newsblur.service.NBSyncService: hard API failure
08-03 20:33:17.667 12289 12301 I art     : Explicit concurrent mark sweep GC freed 2373(257KB) AllocSpace objects, 2(40KB) LOS objects, 28% free, 40MB/56MB, paused 2.174ms total 67.875ms
08-03 20:33:17.674 12289 13159 I baseline.com.newsblur.service.NBSyncService: recounting dirty feed sets: 1
08-03 20:33:17.689 12289 12301 I art     : Starting a blocking GC Explicit
08-03 20:33:17.755 12289 12301 I art     : Explicit concurrent mark sweep GC freed 1112(102KB) AllocSpace objects, 2(40KB) LOS objects, 28% free, 40MB/56MB, paused 2.146ms total 64.430ms
08-03 20:33:17.776 12289 12301 I art     : Starting a blocking GC Explicit
08-03 20:33:17.845 12289 12301 I art     : Explicit concurrent mark sweep GC freed 216(8KB) AllocSpace objects, 0(0B) LOS objects, 28% free, 40MB/56MB, paused 2.343ms total 68.952ms
08-03 20:33:17.867 12289 12301 I art     : Starting a blocking GC Explicit
08-03 20:33:17.939 12289 12301 I art     : Explicit concurrent mark sweep GC freed 8(256B) AllocSpace objects, 0(0B) LOS objects, 28% free, 40MB/56MB, paused 2.559ms total 71.833ms
08-03 20:33:18.061 12289 13159 E baseline.com.newsblur.network.APIResponse: Error (unexpected end of stream on https://www.newsblur.com/...) calling https://www.newsblur.com/reader/feed_unread_count?feed_id=0
08-03 20:33:18.061 12289 13159 E baseline.com.newsblur.network.APIResponse: java.io.IOException: unexpected end of stream on https://www.newsblur.com/...
08-03 20:33:18.061 12289 13159 E baseline.com.newsblur.network.APIResponse: 	at okhttp3.internal.http1.Http1ExchangeCodec.readResponseHeaders(Http1ExchangeCodec.java:236)
08-03 20:33:18.061 12289 13159 E baseline.com.newsblur.network.APIResponse: 	at okhttp3.internal.connection.Exchange.readResponseHeaders(Exchange.java:115)
08-03 20:33:18.061 12289 13159 E baseline.com.newsblur.network.APIResponse: 	at okhttp3.internal.http.CallServerInterceptor.intercept(CallServerInterceptor.java:94)
08-03 20:33:18.061 12289 13159 E baseline.com.newsblur.network.APIResponse: 	at okhttp3.internal.http.RealInterceptorChain.proceed(RealInterceptorChain.java:142)
08-03 20:33:18.061 12289 13159 E baseline.com.newsblur.network.APIResponse: 	at okhttp3.internal.connection.ConnectInterceptor.intercept(ConnectInterceptor.java:43)
08-03 20:33:18.061 12289 13159 E baseline.com.newsblur.network.APIResponse: 	at okhttp3.internal.http.RealInterceptorChain.proceed(RealInterceptorChain.java:142)
08-03 20:33:18.061 12289 13159 E baseline.com.newsblur.network.APIResponse: 	at okhttp3.internal.http.RealInterceptorChain.proceed(RealInterceptorChain.java:117)
08-03 20:33:18.061 12289 13159 E baseline.com.newsblur.network.APIResponse: 	at okhttp3.internal.cache.CacheInterceptor.intercept(CacheInterceptor.java:94)
08-03 20:33:18.061 12289 13159 E baseline.com.newsblur.network.APIResponse: 	at okhttp3.internal.http.RealInterceptorChain.proceed(RealInterceptorChain.java:142)
08-03 20:33:18.061 12289 13159 E baseline.com.newsblur.network.APIResponse: 	at okhttp3.internal.http.RealInterceptorChain.proceed(RealInterceptorChain.java:117)
08-03 20:33:18.061 12289 13159 E baseline.com.newsblur.network.APIResponse: 	at okhttp3.internal.http.BridgeInterceptor.intercept(BridgeInterceptor.java:93)
08-03 20:33:18.061 12289 13159 E baseline.com.newsblur.network.APIResponse: 	at okhttp3.internal.http.RealInterceptorChain.proceed(RealInterceptorChain.java:142)
08-03 20:33:18.061 12289 13159 E baseline.com.newsblur.network.APIResponse: 	at okhttp3.internal.http.RetryAndFollowUpInterceptor.intercept(RetryAndFollowUpInterceptor.java:88)
08-03 20:33:18.061 12289 13159 E baseline.com.newsblur.network.APIResponse: 	at okhttp3.internal.http.RealInterceptorChain.proceed(RealInterceptorChain.java:142)
08-03 20:33:18.061 12289 13159 E baseline.com.newsblur.network.APIResponse: 	at okhttp3.internal.http.RealInterceptorChain.proceed(RealInterceptorChain.java:117)
08-03 20:33:18.061 12289 13159 E baseline.com.newsblur.network.APIResponse: 	at okhttp3.RealCall.getResponseWithInterceptorChain(RealCall.java:229)
08-03 20:33:18.061 12289 13159 E baseline.com.newsblur.network.APIResponse: 	at okhttp3.RealCall.execute(RealCall.java:81)
08-03 20:33:18.061 12289 13159 E baseline.com.newsblur.network.APIResponse: 	at baseline.com.newsblur.network.APIResponse.<init>(APIResponse.java:57)
08-03 20:33:18.061 12289 13159 E baseline.com.newsblur.network.APIResponse: 	at baseline.com.newsblur.network.APIManager.get_single(APIManager.java:639)
08-03 20:33:18.061 12289 13159 E baseline.com.newsblur.network.APIResponse: 	at baseline.com.newsblur.network.APIManager.get(APIManager.java:625)
08-03 20:33:18.061 12289 13159 E baseline.com.newsblur.network.APIResponse: 	at baseline.com.newsblur.network.APIManager.get(APIManager.java:667)
08-03 20:33:18.061 12289 13159 E baseline.com.newsblur.network.APIResponse: 	at baseline.com.newsblur.network.APIManager.getFeedUnreadCounts(APIManager.java:274)
08-03 20:33:18.061 12289 13159 E baseline.com.newsblur.network.APIResponse: 	at baseline.com.newsblur.service.NBSyncService.checkRecounts(NBSyncService.java:660)
08-03 20:33:18.061 12289 13159 E baseline.com.newsblur.network.APIResponse: 	at baseline.com.newsblur.service.NBSyncService.doSync(NBSyncService.java:310)
08-03 20:33:18.061 12289 13159 E baseline.com.newsblur.network.APIResponse: 	at baseline.com.newsblur.service.NBSyncService.access$100(NBSyncService.java:67)
08-03 20:33:18.061 12289 13159 E baseline.com.newsblur.network.APIResponse: 	at baseline.com.newsblur.service.NBSyncService$1.run(NBSyncService.java:188)
08-03 20:33:18.061 12289 13159 E baseline.com.newsblur.network.APIResponse: 	at java.util.concurrent.ThreadPoolExecutor.runWorker(ThreadPoolExecutor.java:1113)
08-03 20:33:18.061 12289 13159 E baseline.com.newsblur.network.APIResponse: 	at java.util.concurrent.ThreadPoolExecutor$Worker.run(ThreadPoolExecutor.java:588)
08-03 20:33:18.061 12289 13159 E baseline.com.newsblur.network.APIResponse: 	at java.lang.Thread.run(Thread.java:818)
08-03 20:33:18.061 12289 13159 E baseline.com.newsblur.network.APIResponse: Caused by: java.io.EOFException: \n not found: limit=0 content=
08-03 20:33:18.061 12289 13159 E baseline.com.newsblur.network.APIResponse: 	at okio.RealBufferedSource.readUtf8LineStrict(RealBufferedSource.java:240)
08-03 20:33:18.061 12289 13159 E baseline.com.newsblur.network.APIResponse: 	at okhttp3.internal.http1.Http1ExchangeCodec.readHeaderLine(Http1ExchangeCodec.java:242)
08-03 20:33:18.061 12289 13159 E baseline.com.newsblur.network.APIResponse: 	at okhttp3.internal.http1.Http1ExchangeCodec.readResponseHeaders(Http1ExchangeCodec.java:213)
08-03 20:33:18.061 12289 13159 E baseline.com.newsblur.network.APIResponse: 	... 28 more
08-03 20:33:18.062 12289 13159 I baseline.com.newsblur.network.APIManager: API call failed, pausing before retry number 1
08-03 20:33:18.228  9822  9822 W Atfwd_Sendcmd: AtCmdFwd service not published, waiting... retryCnt : 4
08-03 20:33:18.341 12289 12521 I art     : Starting a blocking GC Explicit
08-03 20:33:18.406 12289 12521 I art     : Explicit concurrent mark sweep GC freed 3963(357KB) AllocSpace objects, 3(60KB) LOS objects, 28% free, 40MB/56MB, paused 2.177ms total 64.450ms
08-03 20:33:18.426 12289 12521 I art     : Starting a blocking GC Explicit
08-03 20:33:18.488 12289 12521 I art     : Explicit concurrent mark sweep GC freed 125(4KB) AllocSpace objects, 0(0B) LOS objects, 28% free, 40MB/56MB, paused 1.981ms total 61.809ms
08-03 20:33:18.508 12289 12521 I art     : Starting a blocking GC Explicit
08-03 20:33:18.545   518   646 I ThermalEngine: ACTION: GPU - Setting GPU[0] to 450000000
08-03 20:33:18.568 12289 12521 I art     : Explicit concurrent mark sweep GC freed 8(256B) AllocSpace objects, 0(0B) LOS objects, 28% free, 40MB/56MB, paused 1.590ms total 59.665ms
08-03 20:33:18.582 12289 12521 I art     : Starting a blocking GC Explicit
08-03 20:33:18.630 12289 12521 I art     : Explicit concurrent mark sweep GC freed 7(224B) AllocSpace objects, 0(0B) LOS objects, 28% free, 40MB/56MB, paused 1.446ms total 48.420ms
08-03 20:33:18.644 12289 12521 I art     : Starting a blocking GC Explicit
08-03 20:33:18.695 12289 12521 I art     : Explicit concurrent mark sweep GC freed 7(224B) AllocSpace objects, 0(0B) LOS objects, 28% free, 40MB/56MB, paused 1.479ms total 51.194ms
08-03 20:33:19.091 12289 12302 I art     : Starting a blocking GC Explicit
08-03 20:33:19.145 12289 12302 I art     : Explicit concurrent mark sweep GC freed 1469(84KB) AllocSpace objects, 1(20KB) LOS objects, 28% free, 40MB/56MB, paused 1.389ms total 53.513ms
08-03 20:33:19.159 12289 12302 I art     : Starting a blocking GC Explicit
08-03 20:33:19.211 12289 12302 I art     : Explicit concurrent mark sweep GC freed 26(912B) AllocSpace objects, 0(0B) LOS objects, 28% free, 40MB/56MB, paused 1.360ms total 51.465ms
08-03 20:33:19.225 12289 12302 I art     : Starting a blocking GC Explicit
08-03 20:33:19.276 12289 12302 I art     : Explicit concurrent mark sweep GC freed 7(224B) AllocSpace objects, 0(0B) LOS objects, 28% free, 40MB/56MB, paused 1.382ms total 50.762ms
08-03 20:33:19.290 12289 12302 I art     : Starting a blocking GC Explicit
08-03 20:33:19.342 12289 12302 I art     : Explicit concurrent mark sweep GC freed 7(224B) AllocSpace objects, 0(0B) LOS objects, 28% free, 40MB/56MB, paused 1.382ms total 51.934ms
08-03 20:33:19.356 12289 12302 I art     : Starting a blocking GC Explicit
08-03 20:33:19.405 12289 12302 I art     : Explicit concurrent mark sweep GC freed 6(192B) AllocSpace objects, 0(0B) LOS objects, 28% free, 40MB/56MB, paused 1.416ms total 48.857ms
08-03 20:33:19.801 12289 12521 I art     : Starting a blocking GC Explicit
08-03 20:33:19.854 12289 12521 I art     : Explicit concurrent mark sweep GC freed 1635(92KB) AllocSpace objects, 1(20KB) LOS objects, 28% free, 40MB/56MB, paused 1.581ms total 52.253ms
08-03 20:33:19.868 12289 12521 I art     : Starting a blocking GC Explicit
08-03 20:33:19.920 12289 12521 I art     : Explicit concurrent mark sweep GC freed 32(1168B) AllocSpace objects, 0(0B) LOS objects, 28% free, 40MB/56MB, paused 1.641ms total 52.599ms
08-03 20:33:19.934 12289 12521 I art     : Starting a blocking GC Explicit
08-03 20:33:19.984 12289 12521 I art     : Explicit concurrent mark sweep GC freed 7(224B) AllocSpace objects, 0(0B) LOS objects, 28% free, 40MB/56MB, paused 1.475ms total 49.752ms
08-03 20:33:19.998 12289 12521 I art     : Starting a blocking GC Explicit
08-03 20:33:20.050 12289 12521 I art     : Explicit concurrent mark sweep GC freed 7(224B) AllocSpace objects, 0(0B) LOS objects, 28% free, 40MB/56MB, paused 1.569ms total 51.641ms
08-03 20:33:20.063 12289 12521 I art     : Starting a blocking GC Explicit
08-03 20:33:20.112 12289 12521 I art     : Explicit concurrent mark sweep GC freed 1557(61KB) AllocSpace objects, 0(0B) LOS objects, 28% free, 40MB/56MB, paused 1.443ms total 48.174ms
08-03 20:33:20.126 12289 13159 E baseline.com.newsblur.network.APIResponse: Error (unexpected end of stream on https://www.newsblur.com/...) calling https://www.newsblur.com/reader/feed_unread_count?feed_id=0
08-03 20:33:20.126 12289 13159 E baseline.com.newsblur.network.APIResponse: java.io.IOException: unexpected end of stream on https://www.newsblur.com/...
08-03 20:33:20.126 12289 13159 E baseline.com.newsblur.network.APIResponse: 	at okhttp3.internal.http1.Http1ExchangeCodec.readResponseHeaders(Http1ExchangeCodec.java:236)
08-03 20:33:20.126 12289 13159 E baseline.com.newsblur.network.APIResponse: 	at okhttp3.internal.connection.Exchange.readResponseHeaders(Exchange.java:115)
08-03 20:33:20.126 12289 13159 E baseline.com.newsblur.network.APIResponse: 	at okhttp3.internal.http.CallServerInterceptor.intercept(CallServerInterceptor.java:94)
08-03 20:33:20.126 12289 13159 E baseline.com.newsblur.network.APIResponse: 	at okhttp3.internal.http.RealInterceptorChain.proceed(RealInterceptorChain.java:142)
08-03 20:33:20.126 12289 13159 E baseline.com.newsblur.network.APIResponse: 	at okhttp3.internal.connection.ConnectInterceptor.intercept(ConnectInterceptor.java:43)
08-03 20:33:20.126 12289 13159 E baseline.com.newsblur.network.APIResponse: 	at okhttp3.internal.http.RealInterceptorChain.proceed(RealInterceptorChain.java:142)
08-03 20:33:20.126 12289 13159 E baseline.com.newsblur.network.APIResponse: 	at okhttp3.internal.http.RealInterceptorChain.proceed(RealInterceptorChain.java:117)
08-03 20:33:20.126 12289 13159 E baseline.com.newsblur.network.APIResponse: 	at okhttp3.internal.cache.CacheInterceptor.intercept(CacheInterceptor.java:94)
08-03 20:33:20.126 12289 13159 E baseline.com.newsblur.network.APIResponse: 	at okhttp3.internal.http.RealInterceptorChain.proceed(RealInterceptorChain.java:142)
08-03 20:33:20.126 12289 13159 E baseline.com.newsblur.network.APIResponse: 	at okhttp3.internal.http.RealInterceptorChain.proceed(RealInterceptorChain.java:117)
08-03 20:33:20.126 12289 13159 E baseline.com.newsblur.network.APIResponse: 	at okhttp3.internal.http.BridgeInterceptor.intercept(BridgeInterceptor.java:93)
08-03 20:33:20.126 12289 13159 E baseline.com.newsblur.network.APIResponse: 	at okhttp3.internal.http.RealInterceptorChain.proceed(RealInterceptorChain.java:142)
08-03 20:33:20.126 12289 13159 E baseline.com.newsblur.network.APIResponse: 	at okhttp3.internal.http.RetryAndFollowUpInterceptor.intercept(RetryAndFollowUpInterceptor.java:88)
08-03 20:33:20.126 12289 13159 E baseline.com.newsblur.network.APIResponse: 	at okhttp3.internal.http.RealInterceptorChain.proceed(RealInterceptorChain.java:142)
08-03 20:33:20.126 12289 13159 E baseline.com.newsblur.network.APIResponse: 	at okhttp3.internal.http.RealInterceptorChain.proceed(RealInterceptorChain.java:117)
08-03 20:33:20.126 12289 13159 E baseline.com.newsblur.network.APIResponse: 	at okhttp3.RealCall.getResponseWithInterceptorChain(RealCall.java:229)
08-03 20:33:20.126 12289 13159 E baseline.com.newsblur.network.APIResponse: 	at okhttp3.RealCall.execute(RealCall.java:81)
08-03 20:33:20.126 12289 13159 E baseline.com.newsblur.network.APIResponse: 	at baseline.com.newsblur.network.APIResponse.<init>(APIResponse.java:57)
08-03 20:33:20.126 12289 13159 E baseline.com.newsblur.network.APIResponse: 	at baseline.com.newsblur.network.APIManager.get_single(APIManager.java:639)
08-03 20:33:20.126 12289 13159 E baseline.com.newsblur.network.APIResponse: 	at baseline.com.newsblur.network.APIManager.get(APIManager.java:625)
08-03 20:33:20.126 12289 13159 E baseline.com.newsblur.network.APIResponse: 	at baseline.com.newsblur.network.APIManager.get(APIManager.java:667)
08-03 20:33:20.126 12289 13159 E baseline.com.newsblur.network.APIResponse: 	at baseline.com.newsblur.network.APIManager.getFeedUnreadCounts(APIManager.java:274)
08-03 20:33:20.126 12289 13159 E baseline.com.newsblur.network.APIResponse: 	at baseline.com.newsblur.service.NBSyncService.checkRecounts(NBSyncService.java:660)
08-03 20:33:20.126 12289 13159 E baseline.com.newsblur.network.APIResponse: 	at baseline.com.newsblur.service.NBSyncService.doSync(NBSyncService.java:310)
08-03 20:33:20.126 12289 13159 E baseline.com.newsblur.network.APIResponse: 	at baseline.com.newsblur.service.NBSyncService.access$100(NBSyncService.java:67)
08-03 20:33:20.126 12289 13159 E baseline.com.newsblur.network.APIResponse: 	at baseline.com.newsblur.service.NBSyncService$1.run(NBSyncService.java:188)
08-03 20:33:20.126 12289 13159 E baseline.com.newsblur.network.APIResponse: 	at java.util.concurrent.ThreadPoolExecutor.runWorker(ThreadPoolExecutor.java:1113)
08-03 20:33:20.126 12289 13159 E baseline.com.newsblur.network.APIResponse: 	at java.util.concurrent.ThreadPoolExecutor$Worker.run(ThreadPoolExecutor.java:588)
08-03 20:33:20.126 12289 13159 E baseline.com.newsblur.network.APIResponse: 	at java.lang.Thread.run(Thread.java:818)
08-03 20:33:20.126 12289 13159 E baseline.com.newsblur.network.APIResponse: Caused by: java.io.EOFException: \n not found: limit=0 content=
08-03 20:33:20.126 12289 13159 E baseline.com.newsblur.network.APIResponse: 	at okio.RealBufferedSource.readUtf8LineStrict(RealBufferedSource.java:240)
08-03 20:33:20.126 12289 13159 E baseline.com.newsblur.network.APIResponse: 	at okhttp3.internal.http1.Http1ExchangeCodec.readHeaderLine(Http1ExchangeCodec.java:242)
08-03 20:33:20.126 12289 13159 E baseline.com.newsblur.network.APIResponse: 	at okhttp3.internal.http1.Http1ExchangeCodec.readResponseHeaders(Http1ExchangeCodec.java:213)
08-03 20:33:20.126 12289 13159 E baseline.com.newsblur.network.APIResponse: 	... 28 more
08-03 20:33:20.128 12289 13159 I baseline.com.newsblur.network.APIManager: API call failed, pausing before retry number 2
08-03 20:33:20.516 12289 12301 I art     : Starting a blocking GC Explicit
08-03 20:33:20.570 12289 12301 I art     : Explicit concurrent mark sweep GC freed 2459(297KB) AllocSpace objects, 3(60KB) LOS objects, 28% free, 40MB/56MB, paused 1.406ms total 53.685ms
08-03 20:33:20.584 12289 12301 I art     : Starting a blocking GC Explicit
08-03 20:33:20.635 12289 12301 I art     : Explicit concurrent mark sweep GC freed 76(2832B) AllocSpace objects, 0(0B) LOS objects, 28% free, 40MB/56MB, paused 1.518ms total 50.892ms
08-03 20:33:20.649 12289 12301 I art     : Starting a blocking GC Explicit
08-03 20:33:20.678   507   904 D MDnsDS  : MDnsSdListener::Monitor poll timed out
08-03 20:33:20.678   507   904 D MDnsDS  : Going to poll with pollCount 1
08-03 20:33:20.704 12289 12301 I art     : Explicit concurrent mark sweep GC freed 7(224B) AllocSpace objects, 0(0B) LOS objects, 28% free, 40MB/56MB, paused 1.356ms total 55.335ms
08-03 20:33:20.717 12289 12301 I art     : Starting a blocking GC Explicit
08-03 20:33:20.760 12289 12301 I art     : Explicit concurrent mark sweep GC freed 7(224B) AllocSpace objects, 0(0B) LOS objects, 28% free, 40MB/56MB, paused 1.327ms total 42.913ms
08-03 20:33:20.772 12289 12301 I art     : Starting a blocking GC Explicit
08-03 20:33:20.818 12289 12301 I art     : Explicit concurrent mark sweep GC freed 6(192B) AllocSpace objects, 0(0B) LOS objects, 28% free, 40MB/56MB, paused 1.384ms total 45.322ms
08-03 20:33:21.213 12289 12302 I art     : Starting a blocking GC Explicit
08-03 20:33:21.267 12289 12302 I art     : Explicit concurrent mark sweep GC freed 1468(83KB) AllocSpace objects, 1(20KB) LOS objects, 28% free, 40MB/56MB, paused 1.440ms total 54.557ms
08-03 20:33:21.281 12289 12302 I art     : Starting a blocking GC Explicit
08-03 20:33:21.331 12289 12302 I art     : Explicit concurrent mark sweep GC freed 26(912B) AllocSpace objects, 0(0B) LOS objects, 28% free, 40MB/56MB, paused 1.441ms total 49.526ms
08-03 20:33:21.345 12289 12302 I art     : Starting a blocking GC Explicit
08-03 20:33:21.396 12289 12302 I art     : Explicit concurrent mark sweep GC freed 7(224B) AllocSpace objects, 0(0B) LOS objects, 28% free, 40MB/56MB, paused 1.456ms total 50.565ms
08-03 20:33:21.410 12289 12302 I art     : Starting a blocking GC Explicit
08-03 20:33:21.461 12289 12302 I art     : Explicit concurrent mark sweep GC freed 6(192B) AllocSpace objects, 0(0B) LOS objects, 28% free, 40MB/56MB, paused 1.437ms total 51.462ms
08-03 20:33:21.475 12289 12302 I art     : Starting a blocking GC Explicit
08-03 20:33:21.527 12289 12302 I art     : Explicit concurrent mark sweep GC freed 8(256B) AllocSpace objects, 0(0B) LOS objects, 28% free, 40MB/56MB, paused 1.379ms total 51.705ms
08-03 20:33:21.925 12289 12308 I art     : Starting a blocking GC Explicit
08-03 20:33:21.980 12289 12308 I art     : Explicit concurrent mark sweep GC freed 1469(84KB) AllocSpace objects, 1(20KB) LOS objects, 28% free, 40MB/56MB, paused 1.433ms total 55.120ms
08-03 20:33:21.994 12289 12308 I art     : Starting a blocking GC Explicit
08-03 20:33:22.046 12289 12308 I art     : Explicit concurrent mark sweep GC freed 26(912B) AllocSpace objects, 0(0B) LOS objects, 28% free, 40MB/56MB, paused 1.410ms total 51.431ms
08-03 20:33:22.060 12289 12308 I art     : Starting a blocking GC Explicit
08-03 20:33:22.111 12289 12308 I art     : Explicit concurrent mark sweep GC freed 7(224B) AllocSpace objects, 0(0B) LOS objects, 28% free, 40MB/56MB, paused 1.418ms total 51.368ms
08-03 20:33:22.125 12289 12308 I art     : Starting a blocking GC Explicit
08-03 20:33:22.177 12289 12308 I art     : Explicit concurrent mark sweep GC freed 6(192B) AllocSpace objects, 0(0B) LOS objects, 28% free, 40MB/56MB, paused 1.394ms total 50.964ms
08-03 20:33:22.190 12289 12308 I art     : Starting a blocking GC Explicit
08-03 20:33:22.243 12289 12308 I art     : Explicit concurrent mark sweep GC freed 7(224B) AllocSpace objects, 0(0B) LOS objects, 28% free, 40MB/56MB, paused 1.398ms total 51.987ms
08-03 20:33:22.638 12289 12521 I art     : Starting a blocking GC Explicit
08-03 20:33:22.690 12289 12521 I art     : Explicit concurrent mark sweep GC freed 1467(83KB) AllocSpace objects, 1(20KB) LOS objects, 28% free, 40MB/56MB, paused 1.688ms total 52.303ms
08-03 20:33:22.705 12289 12521 I art     : Starting a blocking GC Explicit
08-03 20:33:22.758 12289 12521 I art     : Explicit concurrent mark sweep GC freed 26(912B) AllocSpace objects, 0(0B) LOS objects, 28% free, 40MB/56MB, paused 1.655ms total 52.893ms
08-03 20:33:22.771 12289 12521 I art     : Starting a blocking GC Explicit
08-03 20:33:22.821 12289 12521 I art     : Explicit concurrent mark sweep GC freed 7(224B) AllocSpace objects, 0(0B) LOS objects, 28% free, 40MB/56MB, paused 1.509ms total 49.676ms
08-03 20:33:22.835 12289 12521 I art     : Starting a blocking GC Explicit
08-03 20:33:22.887 12289 12521 I art     : Explicit concurrent mark sweep GC freed 7(224B) AllocSpace objects, 0(0B) LOS objects, 28% free, 40MB/56MB, paused 1.501ms total 51.585ms
08-03 20:33:22.900 12289 12521 I art     : Starting a blocking GC Explicit
08-03 20:33:22.951 12289 12521 I art     : Explicit concurrent mark sweep GC freed 7(224B) AllocSpace objects, 0(0B) LOS objects, 28% free, 40MB/56MB, paused 1.510ms total 50.568ms
08-03 20:33:23.329 12289 12521 I art     : Starting a blocking GC Explicit
08-03 20:33:23.384 12289 12521 I art     : Explicit concurrent mark sweep GC freed 1633(92KB) AllocSpace objects, 1(20KB) LOS objects, 28% free, 40MB/56MB, paused 1.398ms total 54.419ms
08-03 20:33:23.398 12289 12521 I art     : Starting a blocking GC Explicit
08-03 20:33:23.448 12289 12521 I art     : Explicit concurrent mark sweep GC freed 32(1168B) AllocSpace objects, 0(0B) LOS objects, 28% free, 40MB/56MB, paused 1.435ms total 49.478ms
08-03 20:33:23.461 12289 12521 I art     : Starting a blocking GC Explicit
08-03 20:33:23.513 12289 12521 I art     : Explicit concurrent mark sweep GC freed 7(224B) AllocSpace objects, 0(0B) LOS objects, 28% free, 40MB/56MB, paused 1.381ms total 51.724ms
08-03 20:33:23.527 12289 12521 I art     : Starting a blocking GC Explicit
08-03 20:33:23.579 12289 12521 I art     : Explicit concurrent mark sweep GC freed 7(224B) AllocSpace objects, 0(0B) LOS objects, 28% free, 40MB/56MB, paused 1.470ms total 52.151ms
08-03 20:33:23.593 12289 12521 I art     : Starting a blocking GC Explicit
08-03 20:33:23.645 12289 12521 I art     : Explicit concurrent mark sweep GC freed 539(22KB) AllocSpace objects, 0(0B) LOS objects, 28% free, 40MB/56MB, paused 1.754ms total 51.289ms
08-03 20:33:23.704 12289 13159 E baseline.com.newsblur.network.APIResponse: Error (unexpected end of stream on https://www.newsblur.com/...) calling https://www.newsblur.com/reader/feed_unread_count?feed_id=0
08-03 20:33:23.704 12289 13159 E baseline.com.newsblur.network.APIResponse: java.io.IOException: unexpected end of stream on https://www.newsblur.com/...
08-03 20:33:23.704 12289 13159 E baseline.com.newsblur.network.APIResponse: 	at okhttp3.internal.http1.Http1ExchangeCodec.readResponseHeaders(Http1ExchangeCodec.java:236)
08-03 20:33:23.704 12289 13159 E baseline.com.newsblur.network.APIResponse: 	at okhttp3.internal.connection.Exchange.readResponseHeaders(Exchange.java:115)
08-03 20:33:23.704 12289 13159 E baseline.com.newsblur.network.APIResponse: 	at okhttp3.internal.http.CallServerInterceptor.intercept(CallServerInterceptor.java:94)
08-03 20:33:23.704 12289 13159 E baseline.com.newsblur.network.APIResponse: 	at okhttp3.internal.http.RealInterceptorChain.proceed(RealInterceptorChain.java:142)
08-03 20:33:23.704 12289 13159 E baseline.com.newsblur.network.APIResponse: 	at okhttp3.internal.connection.ConnectInterceptor.intercept(ConnectInterceptor.java:43)
08-03 20:33:23.704 12289 13159 E baseline.com.newsblur.network.APIResponse: 	at okhttp3.internal.http.RealInterceptorChain.proceed(RealInterceptorChain.java:142)
08-03 20:33:23.704 12289 13159 E baseline.com.newsblur.network.APIResponse: 	at okhttp3.internal.http.RealInterceptorChain.proceed(RealInterceptorChain.java:117)
08-03 20:33:23.704 12289 13159 E baseline.com.newsblur.network.APIResponse: 	at okhttp3.internal.cache.CacheInterceptor.intercept(CacheInterceptor.java:94)
08-03 20:33:23.704 12289 13159 E baseline.com.newsblur.network.APIResponse: 	at okhttp3.internal.http.RealInterceptorChain.proceed(RealInterceptorChain.java:142)
08-03 20:33:23.704 12289 13159 E baseline.com.newsblur.network.APIResponse: 	at okhttp3.internal.http.RealInterceptorChain.proceed(RealInterceptorChain.java:117)
08-03 20:33:23.704 12289 13159 E baseline.com.newsblur.network.APIResponse: 	at okhttp3.internal.http.BridgeInterceptor.intercept(BridgeInterceptor.java:93)
08-03 20:33:23.704 12289 13159 E baseline.com.newsblur.network.APIResponse: 	at okhttp3.internal.http.RealInterceptorChain.proceed(RealInterceptorChain.java:142)
08-03 20:33:23.704 12289 13159 E baseline.com.newsblur.network.APIResponse: 	at okhttp3.internal.http.RetryAndFollowUpInterceptor.intercept(RetryAndFollowUpInterceptor.java:88)
08-03 20:33:23.704 12289 13159 E baseline.com.newsblur.network.APIResponse: 	at okhttp3.internal.http.RealInterceptorChain.proceed(RealInterceptorChain.java:142)
08-03 20:33:23.704 12289 13159 E baseline.com.newsblur.network.APIResponse: 	at okhttp3.internal.http.RealInterceptorChain.proceed(RealInterceptorChain.java:117)
08-03 20:33:23.704 12289 13159 E baseline.com.newsblur.network.APIResponse: 	at okhttp3.RealCall.getResponseWithInterceptorChain(RealCall.java:229)
08-03 20:33:23.704 12289 13159 E baseline.com.newsblur.network.APIResponse: 	at okhttp3.RealCall.execute(RealCall.java:81)
08-03 20:33:23.704 12289 13159 E baseline.com.newsblur.network.APIResponse: 	at baseline.com.newsblur.network.APIResponse.<init>(APIResponse.java:57)
08-03 20:33:23.704 12289 13159 E baseline.com.newsblur.network.APIResponse: 	at baseline.com.newsblur.network.APIManager.get_single(APIManager.java:639)
08-03 20:33:23.704 12289 13159 E baseline.com.newsblur.network.APIResponse: 	at baseline.com.newsblur.network.APIManager.get(APIManager.java:625)
08-03 20:33:23.704 12289 13159 E baseline.com.newsblur.network.APIResponse: 	at baseline.com.newsblur.network.APIManager.get(APIManager.java:667)
08-03 20:33:23.704 12289 13159 E baseline.com.newsblur.network.APIResponse: 	at baseline.com.newsblur.network.APIManager.getFeedUnreadCounts(APIManager.java:274)
08-03 20:33:23.704 12289 13159 E baseline.com.newsblur.network.APIResponse: 	at baseline.com.newsblur.service.NBSyncService.checkRecounts(NBSyncService.java:660)
08-03 20:33:23.704 12289 13159 E baseline.com.newsblur.network.APIResponse: 	at baseline.com.newsblur.service.NBSyncService.doSync(NBSyncService.java:310)
08-03 20:33:23.704 12289 13159 E baseline.com.newsblur.network.APIResponse: 	at baseline.com.newsblur.service.NBSyncService.access$100(NBSyncService.java:67)
08-03 20:33:23.704 12289 13159 E baseline.com.newsblur.network.APIResponse: 	at baseline.com.newsblur.service.NBSyncService$1.run(NBSyncService.java:188)
08-03 20:33:23.704 12289 13159 E baseline.com.newsblur.network.APIResponse: 	at java.util.concurrent.ThreadPoolExecutor.runWorker(ThreadPoolExecutor.java:1113)
08-03 20:33:23.704 12289 13159 E baseline.com.newsblur.network.APIResponse: 	at java.util.concurrent.ThreadPoolExecutor$Worker.run(ThreadPoolExecutor.java:588)
08-03 20:33:23.704 12289 13159 E baseline.com.newsblur.network.APIResponse: 	at java.lang.Thread.run(Thread.java:818)
08-03 20:33:23.704 12289 13159 E baseline.com.newsblur.network.APIResponse: Caused by: java.io.EOFException: \n not found: limit=0 content=
08-03 20:33:23.704 12289 13159 E baseline.com.newsblur.network.APIResponse: 	at okio.RealBufferedSource.readUtf8LineStrict(RealBufferedSource.java:240)
08-03 20:33:23.704 12289 13159 E baseline.com.newsblur.network.APIResponse: 	at okhttp3.internal.http1.Http1ExchangeCodec.readHeaderLine(Http1ExchangeCodec.java:242)
08-03 20:33:23.704 12289 13159 E baseline.com.newsblur.network.APIResponse: 	at okhttp3.internal.http1.Http1ExchangeCodec.readResponseHeaders(Http1ExchangeCodec.java:213)
08-03 20:33:23.704 12289 13159 E baseline.com.newsblur.network.APIResponse: 	... 28 more
08-03 20:33:23.706 12289 13159 W baseline.com.newsblur.service.NBSyncService: Bad response to feed_unread_count
08-03 20:33:24.018 12289 12302 I art     : Starting a blocking GC Explicit
08-03 20:33:24.072 12289 12302 I art     : Explicit concurrent mark sweep GC freed 5606(465KB) AllocSpace objects, 5(100KB) LOS objects, 28% free, 40MB/56MB, paused 1.538ms total 53.330ms
08-03 20:33:24.086 12289 12302 I art     : Starting a blocking GC Explicit
08-03 20:33:24.112 12289 13159 I NAPPA_EXPERIMENTATION: MetricNetworkRequestExecutionTime: REQUEST_DURATION_SYSTEM='397',REQUEST_DURATION_OKHTTP='41',REQUEST_SYNCHRONOUS='TRUE',RESPONSE_CODE='200',RESPONSE_METHOD='GET',RESPONSE_LENGTH_OKHTTP='-1',RESPONSE_LENGTH_HEADER='-2',REQUEST_PROTOCOL='http/1.1',REQUEST_URL='https://www.newsblur.com/social/river_stories?order=newest&page=1&read_filter=all',
08-03 20:33:24.112 12289 13159 D MY_TAG  : 0, 397
08-03 20:33:24.137 12289 12302 I art     : Explicit concurrent mark sweep GC freed 2520(131KB) AllocSpace objects, 1(20KB) LOS objects, 28% free, 40MB/56MB, paused 1.719ms total 51.256ms
08-03 20:33:24.151 12289 12302 I art     : Starting a blocking GC Explicit
08-03 20:33:24.157 12289 12289 D baseline.com.newsblur.service.NBSyncService: rejecting request for feedset that is exhaused
08-03 20:33:24.200 12289 12302 I art     : Explicit concurrent mark sweep GC freed 2139(186KB) AllocSpace objects, 5(100KB) LOS objects, 28% free, 40MB/56MB, paused 1.656ms total 48.445ms
08-03 20:33:24.213 12289 12302 I art     : Starting a blocking GC Explicit
08-03 20:33:24.269 12289 12302 I art     : Explicit concurrent mark sweep GC freed 179(9KB) AllocSpace objects, 0(0B) LOS objects, 28% free, 40MB/56MB, paused 1.454ms total 55.464ms
08-03 20:33:24.283 12289 12302 I art     : Starting a blocking GC Explicit
08-03 20:33:24.341 12289 12302 I art     : Explicit concurrent mark sweep GC freed 25(864B) AllocSpace objects, 0(0B) LOS objects, 28% free, 40MB/56MB, paused 1.633ms total 57.450ms
08-03 20:33:24.612 12289 13159 E baseline.com.newsblur.network.APIResponse: Error (unexpected end of stream on https://www.newsblur.com/...) calling https://www.newsblur.com/reader/mark_story_hashes_as_read/
08-03 20:33:24.612 12289 13159 E baseline.com.newsblur.network.APIResponse: java.io.IOException: unexpected end of stream on https://www.newsblur.com/...
08-03 20:33:24.612 12289 13159 E baseline.com.newsblur.network.APIResponse: 	at okhttp3.internal.http1.Http1ExchangeCodec.readResponseHeaders(Http1ExchangeCodec.java:236)
08-03 20:33:24.612 12289 13159 E baseline.com.newsblur.network.APIResponse: 	at okhttp3.internal.connection.Exchange.readResponseHeaders(Exchange.java:115)
08-03 20:33:24.612 12289 13159 E baseline.com.newsblur.network.APIResponse: 	at okhttp3.internal.http.CallServerInterceptor.intercept(CallServerInterceptor.java:94)
08-03 20:33:24.612 12289 13159 E baseline.com.newsblur.network.APIResponse: 	at okhttp3.internal.http.RealInterceptorChain.proceed(RealInterceptorChain.java:142)
08-03 20:33:24.612 12289 13159 E baseline.com.newsblur.network.APIResponse: 	at okhttp3.internal.connection.ConnectInterceptor.intercept(ConnectInterceptor.java:43)
08-03 20:33:24.612 12289 13159 E baseline.com.newsblur.network.APIResponse: 	at okhttp3.internal.http.RealInterceptorChain.proceed(RealInterceptorChain.java:142)
08-03 20:33:24.612 12289 13159 E baseline.com.newsblur.network.APIResponse: 	at okhttp3.internal.http.RealInterceptorChain.proceed(RealInterceptorChain.java:117)
08-03 20:33:24.612 12289 13159 E baseline.com.newsblur.network.APIResponse: 	at okhttp3.internal.cache.CacheInterceptor.intercept(CacheInterceptor.java:94)
08-03 20:33:24.612 12289 13159 E baseline.com.newsblur.network.APIResponse: 	at okhttp3.internal.http.RealInterceptorChain.proceed(RealInterceptorChain.java:142)
08-03 20:33:24.612 12289 13159 E baseline.com.newsblur.network.APIResponse: 	at okhttp3.internal.http.RealInterceptorChain.proceed(RealInterceptorChain.java:117)
08-03 20:33:24.612 12289 13159 E baseline.com.newsblur.network.APIResponse: 	at okhttp3.internal.http.BridgeInterceptor.intercept(BridgeInterceptor.java:93)
08-03 20:33:24.612 12289 13159 E baseline.com.newsblur.network.APIResponse: 	at okhttp3.internal.http.RealInterceptorChain.proceed(RealInterceptorChain.java:142)
08-03 20:33:24.612 12289 13159 E baseline.com.newsblur.network.APIResponse: 	at okhttp3.internal.http.RetryAndFollowUpInterceptor.intercept(RetryAndFollowUpInterceptor.java:88)
08-03 20:33:24.612 12289 13159 E baseline.com.newsblur.network.APIResponse: 	at okhttp3.internal.http.RealInterceptorChain.proceed(RealInterceptorChain.java:142)
08-03 20:33:24.612 12289 13159 E baseline.com.newsblur.network.APIResponse: 	at okhttp3.internal.http.RealInterceptorChain.proceed(RealInterceptorChain.java:117)
08-03 20:33:24.612 12289 13159 E baseline.com.newsblur.network.APIResponse: 	at okhttp3.RealCall.getResponseWithInterceptorChain(RealCall.java:229)
08-03 20:33:24.612 12289 13159 E baseline.com.newsblur.network.APIResponse: 	at okhttp3.RealCall.execute(RealCall.java:81)
08-03 20:33:24.612 12289 13159 E baseline.com.newsblur.network.APIResponse: 	at baseline.com.newsblur.network.APIResponse.<init>(APIResponse.java:57)
08-03 20:33:24.612 12289 13159 E baseline.com.newsblur.network.APIResponse: 	at baseline.com.newsblur.network.APIResponse.<init>(APIResponse.java:43)
08-03 20:33:24.612 12289 13159 E baseline.com.newsblur.network.APIResponse: 	at baseline.com.newsblur.network.APIManager.post_single(APIManager.java:702)
08-03 20:33:24.612 12289 13159 E baseline.com.newsblur.network.APIResponse: 	at baseline.com.newsblur.network.APIManager.post(APIManager.java:675)
08-03 20:33:24.612 12289 13159 E baseline.com.newsblur.network.APIResponse: 	at baseline.com.newsblur.network.APIManager.post(APIManager.java:714)
08-03 20:33:24.612 12289 13159 E baseline.com.newsblur.network.APIResponse: 	at baseline.com.newsblur.network.APIManager.markStoryAsRead(APIManager.java:205)
08-03 20:33:24.612 12289 13159 E baseline.com.newsblur.network.APIResponse: 	at baseline.com.newsblur.util.ReadingAction.doRemote(ReadingAction.java:281)
08-03 20:33:24.612 12289 13159 E baseline.com.newsblur.network.APIResponse: 	at baseline.com.newsblur.service.NBSyncService.syncActions(NBSyncService.java:400)
08-03 20:33:24.612 12289 13159 E baseline.com.newsblur.network.APIResponse: 	at baseline.com.newsblur.service.NBSyncService.doSync(NBSyncService.java:298)
08-03 20:33:24.612 12289 13159 E baseline.com.newsblur.network.APIResponse: 	at baseline.com.newsblur.service.NBSyncService.access$100(NBSyncService.java:67)
08-03 20:33:24.612 12289 13159 E baseline.com.newsblur.network.APIResponse: 	at baseline.com.newsblur.service.NBSyncService$1.run(NBSyncService.java:188)
08-03 20:33:24.612 12289 13159 E baseline.com.newsblur.network.APIResponse: 	at java.util.concurrent.ThreadPoolExecutor.runWorker(ThreadPoolExecutor.java:1113)
08-03 20:33:24.612 12289 13159 E baseline.com.newsblur.network.APIResponse: 	at java.util.concurrent.ThreadPoolExecutor$Worker.run(ThreadPoolExecutor.java:588)
08-03 20:33:24.612 12289 13159 E baseline.com.newsblur.network.APIResponse: 	at java.lang.Thread.run(Thread.java:818)
08-03 20:33:24.612 12289 13159 E baseline.com.newsblur.network.APIResponse: Caused by: java.io.EOFException: \n not found: limit=0 content=
08-03 20:33:24.612 12289 13159 E baseline.com.newsblur.network.APIResponse: 	at okio.RealBufferedSource.readUtf8LineStrict(RealBufferedSource.java:240)
08-03 20:33:24.612 12289 13159 E baseline.com.newsblur.network.APIResponse: 	at okhttp3.internal.http1.Http1ExchangeCodec.readHeaderLine(Http1ExchangeCodec.java:242)
08-03 20:33:24.612 12289 13159 E baseline.com.newsblur.network.APIResponse: 	at okhttp3.internal.http1.Http1ExchangeCodec.readResponseHeaders(Http1ExchangeCodec.java:213)
08-03 20:33:24.612 12289 13159 E baseline.com.newsblur.network.APIResponse: 	... 30 more
08-03 20:33:24.614 12289 13159 I baseline.com.newsblur.network.APIManager: API call failed, pausing before retry number 1
08-03 20:33:24.718 12289 12521 I art     : Starting a blocking GC Explicit
08-03 20:33:24.775 12289 12521 I art     : Explicit concurrent mark sweep GC freed 3932(356KB) AllocSpace objects, 3(60KB) LOS objects, 28% free, 40MB/56MB, paused 1.505ms total 56.922ms
08-03 20:33:24.792 12289 12521 I art     : Starting a blocking GC Explicit
08-03 20:33:24.847 12289 12521 I art     : Explicit concurrent mark sweep GC freed 120(4KB) AllocSpace objects, 0(0B) LOS objects, 28% free, 40MB/56MB, paused 1.478ms total 54.689ms
08-03 20:33:24.861 12289 12521 I art     : Starting a blocking GC Explicit
08-03 20:33:24.914 12289 12521 I art     : Explicit concurrent mark sweep GC freed 3(96B) AllocSpace objects, 0(0B) LOS objects, 28% free, 40MB/56MB, paused 1.448ms total 52.725ms
08-03 20:33:24.928 12289 12521 I art     : Starting a blocking GC Explicit
08-03 20:33:24.984 12289 12521 I art     : Explicit concurrent mark sweep GC freed 3(96B) AllocSpace objects, 0(0B) LOS objects, 28% free, 40MB/56MB, paused 1.515ms total 55.790ms
08-03 20:33:25.000 12289 12521 I art     : Starting a blocking GC Explicit
08-03 20:33:25.049 12289 12521 I art     : Explicit concurrent mark sweep GC freed 3(96B) AllocSpace objects, 0(0B) LOS objects, 28% free, 40MB/56MB, paused 1.458ms total 49.277ms
08-03 20:33:25.420 12289 12301 I art     : Starting a blocking GC Explicit
08-03 20:33:25.477 12289 12301 I art     : Explicit concurrent mark sweep GC freed 1441(82KB) AllocSpace objects, 1(20KB) LOS objects, 28% free, 40MB/56MB, paused 1.512ms total 56.881ms
08-03 20:33:25.491 12289 12301 I art     : Starting a blocking GC Explicit
08-03 20:33:25.539 12289 12301 I art     : Explicit concurrent mark sweep GC freed 22(784B) AllocSpace objects, 0(0B) LOS objects, 28% free, 40MB/56MB, paused 1.514ms total 47.875ms
08-03 20:33:25.553 12289 12301 I art     : Starting a blocking GC Explicit
08-03 20:33:25.602 12289 12301 I art     : Explicit concurrent mark sweep GC freed 3(96B) AllocSpace objects, 0(0B) LOS objects, 28% free, 40MB/56MB, paused 1.477ms total 49.040ms
08-03 20:33:25.616 12289 12301 I art     : Starting a blocking GC Explicit
08-03 20:33:25.668 12289 12301 I art     : Explicit concurrent mark sweep GC freed 3(96B) AllocSpace objects, 0(0B) LOS objects, 28% free, 40MB/56MB, paused 1.597ms total 52.637ms
08-03 20:33:25.682 12289 12301 I art     : Starting a blocking GC Explicit
08-03 20:33:25.732 12289 12301 I art     : Explicit concurrent mark sweep GC freed 3(96B) AllocSpace objects, 0(0B) LOS objects, 28% free, 40MB/56MB, paused 1.420ms total 49.257ms
08-03 20:33:25.999 13864 13864 D AndroidRuntime: >>>>>> START com.android.internal.os.RuntimeInit uid 2000 <<<<<<
08-03 20:33:26.005 13864 13864 D AndroidRuntime: CheckJNI is OFF
08-03 20:33:26.049 13864 13864 D ICU     : No timezone override file found: /data/misc/zoneinfo/current/icu/icu_tzdata.dat
08-03 20:33:26.092 13864 13864 I Radio-JNI: register_android_hardware_Radio DONE
08-03 20:33:26.101 12289 12308 I art     : Starting a blocking GC Explicit
08-03 20:33:26.121 13864 13864 D AndroidRuntime: Calling main entry com.android.commands.input.Input
08-03 20:33:26.124 13864 13864 I Input   : injectMotionEvent: MotionEvent { action=ACTION_DOWN, actionButton=0, id[0]=0, x[0]=436.0, y[0]=453.0, toolType[0]=TOOL_TYPE_UNKNOWN, buttonState=0, metaState=0, flags=0x0, edgeFlags=0x0, pointerCount=1, historySize=0, eventTime=650022536, downTime=650022536, deviceId=0, source=0x1002 }
08-03 20:33:26.132 13864 13864 I Input   : injectMotionEvent: MotionEvent { action=ACTION_UP, actionButton=0, id[0]=0, x[0]=436.0, y[0]=453.0, toolType[0]=TOOL_TYPE_UNKNOWN, buttonState=0, metaState=0, flags=0x0, edgeFlags=0x0, pointerCount=1, historySize=0, eventTime=650022536, downTime=650022536, deviceId=0, source=0x1002 }
08-03 20:33:26.134 13864 13864 D AndroidRuntime: Shutting down VM
08-03 20:33:26.147   512  2967 D audio_hw_primary: out_set_parameters: enter: usecase(1: low-latency-playback) kvpairs: routing=2
08-03 20:33:26.150   918  3714 I ActivityManager: START u0 {cmp=baseline.com.newsblur/.activity.AllSharedStoriesReading (has extras)} from uid 10625 on display 0
08-03 20:33:26.154 12289 12308 I art     : Explicit concurrent mark sweep GC freed 1978(151KB) AllocSpace objects, 1(20KB) LOS objects, 28% free, 40MB/56MB, paused 1.789ms total 52.666ms
08-03 20:33:26.161   512  2967 D audio_hw_primary: select_devices: out_snd_device(2: speaker) in_snd_device(0: none)
08-03 20:33:26.161   512  2967 D msm8974_platform: platform_send_audio_calibration: sending audio calibration for snd_device(2) acdb_id(15)
08-03 20:33:26.161   512  2967 I soundtrigger: audio_extn_sound_trigger_update_device_status: device 0x2 of type 0 for Event 1
08-03 20:33:26.169 12289 12308 I art     : Starting a blocking GC Explicit
08-03 20:33:26.173   512  2967 D audio_hw_primary: enable_snd_device: snd_device(2: speaker)
08-03 20:33:26.175   512  2967 D audio_hw_primary: enable_audio_route: apply and update mixer path: low-latency-playback speaker
08-03 20:33:26.220 12289 12308 I art     : Explicit concurrent mark sweep GC freed 1418(133KB) AllocSpace objects, 4(508KB) LOS objects, 28% free, 40MB/56MB, paused 1.782ms total 50.497ms
08-03 20:33:26.233 12289 12308 I art     : Starting a blocking GC Explicit
08-03 20:33:26.282 12289 12308 I art     : Explicit concurrent mark sweep GC freed 224(11KB) AllocSpace objects, 0(0B) LOS objects, 28% free, 40MB/56MB, paused 1.525ms total 48.437ms
08-03 20:33:26.282 12289 12300 I art     : WaitForGcToComplete blocked for 13.921ms for cause HeapTrim
08-03 20:33:26.295 12289 12308 I art     : Starting a blocking GC Explicit
08-03 20:33:26.347 12289 12308 I art     : Explicit concurrent mark sweep GC freed 173(27KB) AllocSpace objects, 1(20KB) LOS objects, 28% free, 40MB/56MB, paused 1.585ms total 52.076ms
08-03 20:33:26.361 12289 12308 I art     : Starting a blocking GC Explicit
08-03 20:33:26.398 13866 13866 I GoogleInputMethodServic: GoogleInputMethodService.onFinishInput():3138 
08-03 20:33:26.399 13866 13866 I GoogleInputMethodServic: GoogleInputMethodService.onStartInput():1808 
08-03 20:33:26.404   918   936 I ActivityManager: Displayed baseline.com.newsblur/.activity.AllSharedStoriesReading: +243ms
08-03 20:33:26.411 12289 12308 I art     : Explicit concurrent mark sweep GC freed 597(47KB) AllocSpace objects, 1(20KB) LOS objects, 28% free, 40MB/56MB, paused 1.916ms total 49.155ms
08-03 20:33:26.648 12289 12854 E chromium: [ERROR:tile_manager.cc(793)] WARNING: tile memory limits exceeded, some content may not draw
08-03 20:33:26.648 12289 12854 E chromium: [ERROR:tile_manager.cc(793)] WARNING: tile memory limits exceeded, some content may not draw
08-03 20:33:26.666 12289 13159 E baseline.com.newsblur.network.APIResponse: Error (unexpected end of stream on https://www.newsblur.com/...) calling https://www.newsblur.com/reader/mark_story_hashes_as_read/
08-03 20:33:26.666 12289 13159 E baseline.com.newsblur.network.APIResponse: java.io.IOException: unexpected end of stream on https://www.newsblur.com/...
08-03 20:33:26.666 12289 13159 E baseline.com.newsblur.network.APIResponse: 	at okhttp3.internal.http1.Http1ExchangeCodec.readResponseHeaders(Http1ExchangeCodec.java:236)
08-03 20:33:26.666 12289 13159 E baseline.com.newsblur.network.APIResponse: 	at okhttp3.internal.connection.Exchange.readResponseHeaders(Exchange.java:115)
08-03 20:33:26.666 12289 13159 E baseline.com.newsblur.network.APIResponse: 	at okhttp3.internal.http.CallServerInterceptor.intercept(CallServerInterceptor.java:94)
08-03 20:33:26.666 12289 13159 E baseline.com.newsblur.network.APIResponse: 	at okhttp3.internal.http.RealInterceptorChain.proceed(RealInterceptorChain.java:142)
08-03 20:33:26.666 12289 13159 E baseline.com.newsblur.network.APIResponse: 	at okhttp3.internal.connection.ConnectInterceptor.intercept(ConnectInterceptor.java:43)
08-03 20:33:26.666 12289 13159 E baseline.com.newsblur.network.APIResponse: 	at okhttp3.internal.http.RealInterceptorChain.proceed(RealInterceptorChain.java:142)
08-03 20:33:26.666 12289 13159 E baseline.com.newsblur.network.APIResponse: 	at okhttp3.internal.http.RealInterceptorChain.proceed(RealInterceptorChain.java:117)
08-03 20:33:26.666 12289 13159 E baseline.com.newsblur.network.APIResponse: 	at okhttp3.internal.cache.CacheInterceptor.intercept(CacheInterceptor.java:94)
08-03 20:33:26.666 12289 13159 E baseline.com.newsblur.network.APIResponse: 	at okhttp3.internal.http.RealInterceptorChain.proceed(RealInterceptorChain.java:142)
08-03 20:33:26.666 12289 13159 E baseline.com.newsblur.network.APIResponse: 	at okhttp3.internal.http.RealInterceptorChain.proceed(RealInterceptorChain.java:117)
08-03 20:33:26.666 12289 13159 E baseline.com.newsblur.network.APIResponse: 	at okhttp3.internal.http.BridgeInterceptor.intercept(BridgeInterceptor.java:93)
08-03 20:33:26.666 12289 13159 E baseline.com.newsblur.network.APIResponse: 	at okhttp3.internal.http.RealInterceptorChain.proceed(RealInterceptorChain.java:142)
08-03 20:33:26.666 12289 13159 E baseline.com.newsblur.network.APIResponse: 	at okhttp3.internal.http.RetryAndFollowUpInterceptor.intercept(RetryAndFollowUpInterceptor.java:88)
08-03 20:33:26.666 12289 13159 E baseline.com.newsblur.network.APIResponse: 	at okhttp3.internal.http.RealInterceptorChain.proceed(RealInterceptorChain.java:142)
08-03 20:33:26.666 12289 13159 E baseline.com.newsblur.network.APIResponse: 	at okhttp3.internal.http.RealInterceptorChain.proceed(RealInterceptorChain.java:117)
08-03 20:33:26.666 12289 13159 E baseline.com.newsblur.network.APIResponse: 	at okhttp3.RealCall.getResponseWithInterceptorChain(RealCall.java:229)
08-03 20:33:26.666 12289 13159 E baseline.com.newsblur.network.APIResponse: 	at okhttp3.RealCall.execute(RealCall.java:81)
08-03 20:33:26.666 12289 13159 E baseline.com.newsblur.network.APIResponse: 	at baseline.com.newsblur.network.APIResponse.<init>(APIResponse.java:57)
08-03 20:33:26.666 12289 13159 E baseline.com.newsblur.network.APIResponse: 	at baseline.com.newsblur.network.APIResponse.<init>(APIResponse.java:43)
08-03 20:33:26.666 12289 13159 E baseline.com.newsblur.network.APIResponse: 	at baseline.com.newsblur.network.APIManager.post_single(APIManager.java:702)
08-03 20:33:26.666 12289 13159 E baseline.com.newsblur.network.APIResponse: 	at baseline.com.newsblur.network.APIManager.post(APIManager.java:675)
08-03 20:33:26.666 12289 13159 E baseline.com.newsblur.network.APIResponse: 	at baseline.com.newsblur.network.APIManager.post(APIManager.java:714)
08-03 20:33:26.666 12289 13159 E baseline.com.newsblur.network.APIResponse: 	at baseline.com.newsblur.network.APIManager.markStoryAsRead(APIManager.java:205)
08-03 20:33:26.666 12289 13159 E baseline.com.newsblur.network.APIResponse: 	at baseline.com.newsblur.util.ReadingAction.doRemote(ReadingAction.java:281)
08-03 20:33:26.666 12289 13159 E baseline.com.newsblur.network.APIResponse: 	at baseline.com.newsblur.service.NBSyncService.syncActions(NBSyncService.java:400)
08-03 20:33:26.666 12289 13159 E baseline.com.newsblur.network.APIResponse: 	at baseline.com.newsblur.service.NBSyncService.doSync(NBSyncService.java:298)
08-03 20:33:26.666 12289 13159 E baseline.com.newsblur.network.APIResponse: 	at baseline.com.newsblur.service.NBSyncService.access$100(NBSyncService.java:67)
08-03 20:33:26.666 12289 13159 E baseline.com.newsblur.network.APIResponse: 	at baseline.com.newsblur.service.NBSyncService$1.run(NBSyncService.java:188)
08-03 20:33:26.666 12289 13159 E baseline.com.newsblur.network.APIResponse: 	at java.util.concurrent.ThreadPoolExecutor.runWorker(ThreadPoolExecutor.java:1113)
08-03 20:33:26.666 12289 13159 E baseline.com.newsblur.network.APIResponse: 	at java.util.concurrent.ThreadPoolExecutor$Worker.run(ThreadPoolExecutor.java:588)
08-03 20:33:26.666 12289 13159 E baseline.com.newsblur.network.APIResponse: 	at java.lang.Thread.run(Thread.java:818)
08-03 20:33:26.666 12289 13159 E baseline.com.newsblur.network.APIResponse: Caused by: java.io.EOFException: \n not found: limit=0 content=
08-03 20:33:26.666 12289 13159 E baseline.com.newsblur.network.APIResponse: 	at okio.RealBufferedSource.readUtf8LineStrict(RealBufferedSource.java:240)
08-03 20:33:26.666 12289 13159 E baseline.com.newsblur.network.APIResponse: 	at okhttp3.internal.http1.Http1ExchangeCodec.readHeaderLine(Http1ExchangeCodec.java:242)
08-03 20:33:26.666 12289 13159 E baseline.com.newsblur.network.APIResponse: 	at okhttp3.internal.http1.Http1ExchangeCodec.readResponseHeaders(Http1ExchangeCodec.java:213)
08-03 20:33:26.666 12289 13159 E baseline.com.newsblur.network.APIResponse: 	... 30 more
08-03 20:33:26.667 12289 13159 I baseline.com.newsblur.network.APIManager: API call failed, pausing before retry number 2
08-03 20:33:26.720   512  2967 D audio_hw_primary: disable_audio_route: reset and update mixer path: low-latency-playback speaker
08-03 20:33:26.722   512  2967 D audio_hw_primary: disable_snd_device: snd_device(2: speaker)
08-03 20:33:26.730   512  2967 I soundtrigger: audio_extn_sound_trigger_update_device_status: device 0x2 of type 0 for Event 0
08-03 20:33:26.761 12289 12302 I art     : Starting a blocking GC Explicit
08-03 20:33:26.820 12289 12302 I art     : Explicit concurrent mark sweep GC freed 6757(595KB) AllocSpace objects, 16(364KB) LOS objects, 28% free, 41MB/57MB, paused 1.600ms total 59.195ms
08-03 20:33:26.834 12289 12302 I art     : Starting a blocking GC Explicit
08-03 20:33:26.882 12289 12302 I art     : Explicit concurrent mark sweep GC freed 870(38KB) AllocSpace objects, 0(0B) LOS objects, 28% free, 41MB/57MB, paused 1.487ms total 47.218ms
08-03 20:33:26.895 12289 12302 I art     : Starting a blocking GC Explicit
08-03 20:33:26.942 12289 12302 I art     : Explicit concurrent mark sweep GC freed 4(128B) AllocSpace objects, 0(0B) LOS objects, 28% free, 41MB/57MB, paused 1.478ms total 47.399ms
08-03 20:33:26.955 12289 12302 I art     : Starting a blocking GC Explicit
08-03 20:33:27.003 12289 12302 I art     : Explicit concurrent mark sweep GC freed 3(96B) AllocSpace objects, 0(0B) LOS objects, 28% free, 41MB/57MB, paused 1.389ms total 48.184ms
08-03 20:33:27.018 12289 12302 I art     : Starting a blocking GC Explicit
08-03 20:33:27.073 12289 12302 I art     : Explicit concurrent mark sweep GC freed 3(96B) AllocSpace objects, 0(0B) LOS objects, 28% free, 41MB/57MB, paused 1.507ms total 55.218ms
08-03 20:33:27.458 12289 12301 I art     : Starting a blocking GC Explicit
08-03 20:33:27.514 12289 12301 I art     : Explicit concurrent mark sweep GC freed 1443(83KB) AllocSpace objects, 1(20KB) LOS objects, 28% free, 41MB/57MB, paused 1.458ms total 55.410ms
08-03 20:33:27.528 12289 12301 I art     : Starting a blocking GC Explicit
08-03 20:33:27.583 12289 12301 I art     : Explicit concurrent mark sweep GC freed 22(784B) AllocSpace objects, 0(0B) LOS objects, 28% free, 41MB/57MB, paused 1.541ms total 55.052ms
08-03 20:33:27.597 12289 12301 I art     : Starting a blocking GC Explicit
08-03 20:33:27.652 12289 12301 I art     : Explicit concurrent mark sweep GC freed 3(96B) AllocSpace objects, 0(0B) LOS objects, 28% free, 41MB/57MB, paused 1.535ms total 54.662ms
08-03 20:33:27.666 12289 12301 I art     : Starting a blocking GC Explicit
08-03 20:33:27.727 12289 12301 I art     : Explicit concurrent mark sweep GC freed 18(576B) AllocSpace objects, 0(0B) LOS objects, 28% free, 41MB/57MB, paused 1.558ms total 60.698ms
08-03 20:33:27.747 12289 12301 I art     : Starting a blocking GC Explicit
08-03 20:33:27.800 12289 12301 I art     : Explicit concurrent mark sweep GC freed 23(736B) AllocSpace objects, 0(0B) LOS objects, 28% free, 41MB/57MB, paused 1.407ms total 53.225ms
08-03 20:33:28.187 12289 12308 I art     : Starting a blocking GC Explicit
08-03 20:33:28.249 12289 12308 I art     : Explicit concurrent mark sweep GC freed 1468(83KB) AllocSpace objects, 1(20KB) LOS objects, 28% free, 41MB/57MB, paused 1.702ms total 61.578ms
08-03 20:33:28.266 12289 12308 I art     : Starting a blocking GC Explicit
08-03 20:33:28.321 12289 12308 I art     : Explicit concurrent mark sweep GC freed 22(784B) AllocSpace objects, 0(0B) LOS objects, 28% free, 41MB/57MB, paused 1.452ms total 55.036ms
08-03 20:33:28.335 12289 12308 I art     : Starting a blocking GC Explicit
08-03 20:33:28.393 12289 12308 I art     : Explicit concurrent mark sweep GC freed 3(96B) AllocSpace objects, 0(0B) LOS objects, 28% free, 41MB/57MB, paused 1.527ms total 58.126ms
08-03 20:33:28.408 12289 12308 I art     : Starting a blocking GC Explicit
08-03 20:33:28.465 12289 12308 I art     : Explicit concurrent mark sweep GC freed 3(96B) AllocSpace objects, 0(0B) LOS objects, 28% free, 41MB/57MB, paused 1.441ms total 56.923ms
08-03 20:33:28.480 12289 12308 I art     : Starting a blocking GC Explicit
08-03 20:33:28.538 12289 12308 I art     : Explicit concurrent mark sweep GC freed 3(96B) AllocSpace objects, 0(0B) LOS objects, 28% free, 41MB/57MB, paused 1.555ms total 58.419ms
08-03 20:33:28.941 12289 12521 I art     : Starting a blocking GC Explicit
08-03 20:33:29.003 12289 12521 I art     : Explicit concurrent mark sweep GC freed 1442(83KB) AllocSpace objects, 1(20KB) LOS objects, 28% free, 41MB/57MB, paused 1.578ms total 61.466ms
08-03 20:33:29.019 12289 12521 I art     : Starting a blocking GC Explicit
08-03 20:33:29.076 12289 12521 I art     : Explicit concurrent mark sweep GC freed 22(784B) AllocSpace objects, 0(0B) LOS objects, 28% free, 41MB/57MB, paused 1.446ms total 56.267ms
08-03 20:33:29.090 12289 12521 I art     : Starting a blocking GC Explicit
08-03 20:33:29.148 12289 12521 I art     : Explicit concurrent mark sweep GC freed 3(96B) AllocSpace objects, 0(0B) LOS objects, 28% free, 41MB/57MB, paused 1.533ms total 57.990ms
08-03 20:33:29.163 12289 12521 I art     : Starting a blocking GC Explicit
08-03 20:33:29.219 12289 12521 I art     : Explicit concurrent mark sweep GC freed 3(96B) AllocSpace objects, 0(0B) LOS objects, 28% free, 41MB/57MB, paused 1.594ms total 56.010ms
08-03 20:33:29.233 12289 12521 I art     : Starting a blocking GC Explicit
08-03 20:33:29.293 12289 12521 I art     : Explicit concurrent mark sweep GC freed 3(96B) AllocSpace objects, 0(0B) LOS objects, 28% free, 41MB/57MB, paused 1.548ms total 59.247ms
08-03 20:33:29.693 12289 12302 I art     : Starting a blocking GC Explicit
08-03 20:33:29.754 12289 12302 I art     : Explicit concurrent mark sweep GC freed 1534(86KB) AllocSpace objects, 1(20KB) LOS objects, 28% free, 41MB/57MB, paused 1.654ms total 61.120ms
08-03 20:33:29.771 12289 12302 I art     : Starting a blocking GC Explicit
08-03 20:33:29.826 12289 12302 I art     : Explicit concurrent mark sweep GC freed 93(4KB) AllocSpace objects, 0(0B) LOS objects, 28% free, 41MB/57MB, paused 1.451ms total 54.424ms
08-03 20:33:29.840 12289 12302 I art     : Starting a blocking GC Explicit
08-03 20:33:29.895 12289 12302 I art     : Explicit concurrent mark sweep GC freed 12(1408B) AllocSpace objects, 0(0B) LOS objects, 28% free, 41MB/57MB, paused 1.546ms total 54.353ms
08-03 20:33:29.909 12289 12302 I art     : Starting a blocking GC Explicit
08-03 20:33:29.962 12289 12302 I art     : Explicit concurrent mark sweep GC freed 3(96B) AllocSpace objects, 0(0B) LOS objects, 28% free, 41MB/57MB, paused 1.473ms total 52.680ms
08-03 20:33:29.975 12289 12302 I art     : Starting a blocking GC Explicit
08-03 20:33:30.029 12289 12302 I art     : Explicit concurrent mark sweep GC freed 3(96B) AllocSpace objects, 0(0B) LOS objects, 28% free, 41MB/57MB, paused 1.522ms total 54.099ms
08-03 20:33:30.243 12289 13159 E baseline.com.newsblur.network.APIResponse: Error (unexpected end of stream on https://www.newsblur.com/...) calling https://www.newsblur.com/reader/mark_story_hashes_as_read/
08-03 20:33:30.243 12289 13159 E baseline.com.newsblur.network.APIResponse: java.io.IOException: unexpected end of stream on https://www.newsblur.com/...
08-03 20:33:30.243 12289 13159 E baseline.com.newsblur.network.APIResponse: 	at okhttp3.internal.http1.Http1ExchangeCodec.readResponseHeaders(Http1ExchangeCodec.java:236)
08-03 20:33:30.243 12289 13159 E baseline.com.newsblur.network.APIResponse: 	at okhttp3.internal.connection.Exchange.readResponseHeaders(Exchange.java:115)
08-03 20:33:30.243 12289 13159 E baseline.com.newsblur.network.APIResponse: 	at okhttp3.internal.http.CallServerInterceptor.intercept(CallServerInterceptor.java:94)
08-03 20:33:30.243 12289 13159 E baseline.com.newsblur.network.APIResponse: 	at okhttp3.internal.http.RealInterceptorChain.proceed(RealInterceptorChain.java:142)
08-03 20:33:30.243 12289 13159 E baseline.com.newsblur.network.APIResponse: 	at okhttp3.internal.connection.ConnectInterceptor.intercept(ConnectInterceptor.java:43)
08-03 20:33:30.243 12289 13159 E baseline.com.newsblur.network.APIResponse: 	at okhttp3.internal.http.RealInterceptorChain.proceed(RealInterceptorChain.java:142)
08-03 20:33:30.243 12289 13159 E baseline.com.newsblur.network.APIResponse: 	at okhttp3.internal.http.RealInterceptorChain.proceed(RealInterceptorChain.java:117)
08-03 20:33:30.243 12289 13159 E baseline.com.newsblur.network.APIResponse: 	at okhttp3.internal.cache.CacheInterceptor.intercept(CacheInterceptor.java:94)
08-03 20:33:30.243 12289 13159 E baseline.com.newsblur.network.APIResponse: 	at okhttp3.internal.http.RealInterceptorChain.proceed(RealInterceptorChain.java:142)
08-03 20:33:30.243 12289 13159 E baseline.com.newsblur.network.APIResponse: 	at okhttp3.internal.http.RealInterceptorChain.proceed(RealInterceptorChain.java:117)
08-03 20:33:30.243 12289 13159 E baseline.com.newsblur.network.APIResponse: 	at okhttp3.internal.http.BridgeInterceptor.intercept(BridgeInterceptor.java:93)
08-03 20:33:30.243 12289 13159 E baseline.com.newsblur.network.APIResponse: 	at okhttp3.internal.http.RealInterceptorChain.proceed(RealInterceptorChain.java:142)
08-03 20:33:30.243 12289 13159 E baseline.com.newsblur.network.APIResponse: 	at okhttp3.internal.http.RetryAndFollowUpInterceptor.intercept(RetryAndFollowUpInterceptor.java:88)
08-03 20:33:30.243 12289 13159 E baseline.com.newsblur.network.APIResponse: 	at okhttp3.internal.http.RealInterceptorChain.proceed(RealInterceptorChain.java:142)
08-03 20:33:30.243 12289 13159 E baseline.com.newsblur.network.APIResponse: 	at okhttp3.internal.http.RealInterceptorChain.proceed(RealInterceptorChain.java:117)
08-03 20:33:30.243 12289 13159 E baseline.com.newsblur.network.APIResponse: 	at okhttp3.RealCall.getResponseWithInterceptorChain(RealCall.java:229)
08-03 20:33:30.243 12289 13159 E baseline.com.newsblur.network.APIResponse: 	at okhttp3.RealCall.execute(RealCall.java:81)
08-03 20:33:30.243 12289 13159 E baseline.com.newsblur.network.APIResponse: 	at baseline.com.newsblur.network.APIResponse.<init>(APIResponse.java:57)
08-03 20:33:30.243 12289 13159 E baseline.com.newsblur.network.APIResponse: 	at baseline.com.newsblur.network.APIResponse.<init>(APIResponse.java:43)
08-03 20:33:30.243 12289 13159 E baseline.com.newsblur.network.APIResponse: 	at baseline.com.newsblur.network.APIManager.post_single(APIManager.java:702)
08-03 20:33:30.243 12289 13159 E baseline.com.newsblur.network.APIResponse: 	at baseline.com.newsblur.network.APIManager.post(APIManager.java:675)
08-03 20:33:30.243 12289 13159 E baseline.com.newsblur.network.APIResponse: 	at baseline.com.newsblur.network.APIManager.post(APIManager.java:714)
08-03 20:33:30.243 12289 13159 E baseline.com.newsblur.network.APIResponse: 	at baseline.com.newsblur.network.APIManager.markStoryAsRead(APIManager.java:205)
08-03 20:33:30.243 12289 13159 E baseline.com.newsblur.network.APIResponse: 	at baseline.com.newsblur.util.ReadingAction.doRemote(ReadingAction.java:281)
08-03 20:33:30.243 12289 13159 E baseline.com.newsblur.network.APIResponse: 	at baseline.com.newsblur.service.NBSyncService.syncActions(NBSyncService.java:400)
08-03 20:33:30.243 12289 13159 E baseline.com.newsblur.network.APIResponse: 	at baseline.com.newsblur.service.NBSyncService.doSync(NBSyncService.java:298)
08-03 20:33:30.243 12289 13159 E baseline.com.newsblur.network.APIResponse: 	at baseline.com.newsblur.service.NBSyncService.access$100(NBSyncService.java:67)
08-03 20:33:30.243 12289 13159 E baseline.com.newsblur.network.APIResponse: 	at baseline.com.newsblur.service.NBSyncService$1.run(NBSyncService.java:188)
08-03 20:33:30.243 12289 13159 E baseline.com.newsblur.network.APIResponse: 	at java.util.concurrent.ThreadPoolExecutor.runWorker(ThreadPoolExecutor.java:1113)
08-03 20:33:30.243 12289 13159 E baseline.com.newsblur.network.APIResponse: 	at java.util.concurrent.ThreadPoolExecutor$Worker.run(ThreadPoolExecutor.java:588)
08-03 20:33:30.243 12289 13159 E baseline.com.newsblur.network.APIResponse: 	at java.lang.Thread.run(Thread.java:818)
08-03 20:33:30.243 12289 13159 E baseline.com.newsblur.network.APIResponse: Caused by: java.io.EOFException: \n not found: limit=0 content=
08-03 20:33:30.243 12289 13159 E baseline.com.newsblur.network.APIResponse: 	at okio.RealBufferedSource.readUtf8LineStrict(RealBufferedSource.java:240)
08-03 20:33:30.243 12289 13159 E baseline.com.newsblur.network.APIResponse: 	at okhttp3.internal.http1.Http1ExchangeCodec.readHeaderLine(Http1ExchangeCodec.java:242)
08-03 20:33:30.243 12289 13159 E baseline.com.newsblur.network.APIResponse: 	at okhttp3.internal.http1.Http1ExchangeCodec.readResponseHeaders(Http1ExchangeCodec.java:213)
08-03 20:33:30.243 12289 13159 E baseline.com.newsblur.network.APIResponse: 	... 30 more
08-03 20:33:30.245 12289 13159 I baseline.com.newsblur.service.NBSyncService: Holding reading action with server-side or network error.
08-03 20:33:30.254 12289 13159 W baseline.com.newsblur.service.NBSyncService: hard API failure
08-03 20:33:30.409 12289 12301 I art     : Starting a blocking GC Explicit
08-03 20:33:30.468 12289 12301 I art     : Explicit concurrent mark sweep GC freed 4353(406KB) AllocSpace objects, 5(100KB) LOS objects, 28% free, 41MB/57MB, paused 1.539ms total 59.072ms
08-03 20:33:30.483 12289 12301 I art     : Starting a blocking GC Explicit
08-03 20:33:30.542 12289 12301 I art     : Explicit concurrent mark sweep GC freed 140(5KB) AllocSpace objects, 0(0B) LOS objects, 28% free, 41MB/57MB, paused 1.617ms total 58.586ms
08-03 20:33:30.557 12289 12301 I art     : Starting a blocking GC Explicit
08-03 20:33:30.615 12289 12301 I art     : Explicit concurrent mark sweep GC freed 1508(59KB) AllocSpace objects, 0(0B) LOS objects, 28% free, 41MB/57MB, paused 1.719ms total 58.423ms
08-03 20:33:30.629 12289 12301 I art     : Starting a blocking GC Explicit
08-03 20:33:30.670 12289 13159 E baseline.com.newsblur.network.APIResponse: Error (unexpected end of stream on https://www.newsblur.com/...) calling https://www.newsblur.com/reader/mark_story_hashes_as_read/
08-03 20:33:30.670 12289 13159 E baseline.com.newsblur.network.APIResponse: java.io.IOException: unexpected end of stream on https://www.newsblur.com/...
08-03 20:33:30.670 12289 13159 E baseline.com.newsblur.network.APIResponse: 	at okhttp3.internal.http1.Http1ExchangeCodec.readResponseHeaders(Http1ExchangeCodec.java:236)
08-03 20:33:30.670 12289 13159 E baseline.com.newsblur.network.APIResponse: 	at okhttp3.internal.connection.Exchange.readResponseHeaders(Exchange.java:115)
08-03 20:33:30.670 12289 13159 E baseline.com.newsblur.network.APIResponse: 	at okhttp3.internal.http.CallServerInterceptor.intercept(CallServerInterceptor.java:94)
08-03 20:33:30.670 12289 13159 E baseline.com.newsblur.network.APIResponse: 	at okhttp3.internal.http.RealInterceptorChain.proceed(RealInterceptorChain.java:142)
08-03 20:33:30.670 12289 13159 E baseline.com.newsblur.network.APIResponse: 	at okhttp3.internal.connection.ConnectInterceptor.intercept(ConnectInterceptor.java:43)
08-03 20:33:30.670 12289 13159 E baseline.com.newsblur.network.APIResponse: 	at okhttp3.internal.http.RealInterceptorChain.proceed(RealInterceptorChain.java:142)
08-03 20:33:30.670 12289 13159 E baseline.com.newsblur.network.APIResponse: 	at okhttp3.internal.http.RealInterceptorChain.proceed(RealInterceptorChain.java:117)
08-03 20:33:30.670 12289 13159 E baseline.com.newsblur.network.APIResponse: 	at okhttp3.internal.cache.CacheInterceptor.intercept(CacheInterceptor.java:94)
08-03 20:33:30.670 12289 13159 E baseline.com.newsblur.network.APIResponse: 	at okhttp3.internal.http.RealInterceptorChain.proceed(RealInterceptorChain.java:142)
08-03 20:33:30.670 12289 13159 E baseline.com.newsblur.network.APIResponse: 	at okhttp3.internal.http.RealInterceptorChain.proceed(RealInterceptorChain.java:117)
08-03 20:33:30.670 12289 13159 E baseline.com.newsblur.network.APIResponse: 	at okhttp3.internal.http.BridgeInterceptor.intercept(BridgeInterceptor.java:93)
08-03 20:33:30.670 12289 13159 E baseline.com.newsblur.network.APIResponse: 	at okhttp3.internal.http.RealInterceptorChain.proceed(RealInterceptorChain.java:142)
08-03 20:33:30.670 12289 13159 E baseline.com.newsblur.network.APIResponse: 	at okhttp3.internal.http.RetryAndFollowUpInterceptor.intercept(RetryAndFollowUpInterceptor.java:88)
08-03 20:33:30.670 12289 13159 E baseline.com.newsblur.network.APIResponse: 	at okhttp3.internal.http.RealInterceptorChain.proceed(RealInterceptorChain.java:142)
08-03 20:33:30.670 12289 13159 E baseline.com.newsblur.network.APIResponse: 	at okhttp3.internal.http.RealInterceptorChain.proceed(RealInterceptorChain.java:117)
08-03 20:33:30.670 12289 13159 E baseline.com.newsblur.network.APIResponse: 	at okhttp3.RealCall.getResponseWithInterceptorChain(RealCall.java:229)
08-03 20:33:30.670 12289 13159 E baseline.com.newsblur.network.APIResponse: 	at okhttp3.RealCall.execute(RealCall.java:81)
08-03 20:33:30.670 12289 13159 E baseline.com.newsblur.network.APIResponse: 	at baseline.com.newsblur.network.APIResponse.<init>(APIResponse.java:57)
08-03 20:33:30.670 12289 13159 E baseline.com.newsblur.network.APIResponse: 	at baseline.com.newsblur.network.APIResponse.<init>(APIResponse.java:43)
08-03 20:33:30.670 12289 13159 E baseline.com.newsblur.network.APIResponse: 	at baseline.com.newsblur.network.APIManager.post_single(APIManager.java:702)
08-03 20:33:30.670 12289 13159 E baseline.com.newsblur.network.APIResponse: 	at baseline.com.newsblur.network.APIManager.post(APIManager.java:675)
08-03 20:33:30.670 12289 13159 E baseline.com.newsblur.network.APIResponse: 	at baseline.com.newsblur.network.APIManager.post(APIManager.java:714)
08-03 20:33:30.670 12289 13159 E baseline.com.newsblur.network.APIResponse: 	at baseline.com.newsblur.network.APIManager.markStoryAsRead(APIManager.java:205)
08-03 20:33:30.670 12289 13159 E baseline.com.newsblur.network.APIResponse: 	at baseline.com.newsblur.util.ReadingAction.doRemote(ReadingAction.java:281)
08-03 20:33:30.670 12289 13159 E baseline.com.newsblur.network.APIResponse: 	at baseline.com.newsblur.service.NBSyncService.syncActions(NBSyncService.java:400)
08-03 20:33:30.670 12289 13159 E baseline.com.newsblur.network.APIResponse: 	at baseline.com.newsblur.service.NBSyncService.doSync(NBSyncService.java:298)
08-03 20:33:30.670 12289 13159 E baseline.com.newsblur.network.APIResponse: 	at baseline.com.newsblur.service.NBSyncService.access$100(NBSyncService.java:67)
08-03 20:33:30.670 12289 13159 E baseline.com.newsblur.network.APIResponse: 	at baseline.com.newsblur.service.NBSyncService$1.run(NBSyncService.java:188)
08-03 20:33:30.670 12289 13159 E baseline.com.newsblur.network.APIResponse: 	at java.util.concurrent.ThreadPoolExecutor.runWorker(ThreadPoolExecutor.java:1113)
08-03 20:33:30.670 12289 13159 E baseline.com.newsblur.network.APIResponse: 	at java.util.concurrent.ThreadPoolExecutor$Worker.run(ThreadPoolExecutor.java:588)
08-03 20:33:30.670 12289 13159 E baseline.com.newsblur.network.APIResponse: 	at java.lang.Thread.run(Thread.java:818)
08-03 20:33:30.670 12289 13159 E baseline.com.newsblur.network.APIResponse: Caused by: java.io.EOFException: \n not found: limit=0 content=
08-03 20:33:30.670 12289 13159 E baseline.com.newsblur.network.APIResponse: 	at okio.RealBufferedSource.readUtf8LineStrict(RealBufferedSource.java:240)
08-03 20:33:30.670 12289 13159 E baseline.com.newsblur.network.APIResponse: 	at okhttp3.internal.http1.Http1ExchangeCodec.readHeaderLine(Http1ExchangeCodec.java:242)
08-03 20:33:30.670 12289 13159 E baseline.com.newsblur.network.APIResponse: 	at okhttp3.internal.http1.Http1ExchangeCodec.readResponseHeaders(Http1ExchangeCodec.java:213)
08-03 20:33:30.670 12289 13159 E baseline.com.newsblur.network.APIResponse: 	... 30 more
08-03 20:33:30.672 12289 13159 I baseline.com.newsblur.network.APIManager: API call failed, pausing before retry number 1
08-03 20:33:30.686 12289 12301 I art     : Explicit concurrent mark sweep GC freed 961(200KB) AllocSpace objects, 2(40KB) LOS objects, 28% free, 41MB/57MB, paused 1.519ms total 56.334ms
08-03 20:33:30.701 12289 12301 I art     : Starting a blocking GC Explicit
08-03 20:33:30.754 12289 12301 I art     : Explicit concurrent mark sweep GC freed 127(16KB) AllocSpace objects, 0(0B) LOS objects, 28% free, 41MB/57MB, paused 1.404ms total 52.690ms
08-03 20:33:30.757   918  3261 D WifiStateMachine: starting scan for "H369AA63323"WPA_PSK with 2412,5180
08-03 20:33:31.129 12289 12308 I art     : Starting a blocking GC Explicit
08-03 20:33:31.191 12289 12308 I art     : Explicit concurrent mark sweep GC freed 1466(83KB) AllocSpace objects, 1(20KB) LOS objects, 28% free, 41MB/57MB, paused 1.599ms total 61.391ms
08-03 20:33:31.207 12289 12308 I art     : Starting a blocking GC Explicit
08-03 20:33:31.267 12289 12308 I art     : Explicit concurrent mark sweep GC freed 22(784B) AllocSpace objects, 0(0B) LOS objects, 28% free, 41MB/57MB, paused 1.557ms total 59.368ms
08-03 20:33:31.281 12289 12308 I art     : Starting a blocking GC Explicit
08-03 20:33:31.340 12289 12308 I art     : Explicit concurrent mark sweep GC freed 3(96B) AllocSpace objects, 0(0B) LOS objects, 28% free, 41MB/57MB, paused 1.560ms total 58.772ms
08-03 20:33:31.358 12289 12308 I art     : Starting a blocking GC Explicit
08-03 20:33:31.415 12289 12308 I art     : Explicit concurrent mark sweep GC freed 3(96B) AllocSpace objects, 0(0B) LOS objects, 28% free, 41MB/57MB, paused 1.447ms total 57.321ms
08-03 20:33:31.416 12289 12300 I art     : WaitForGcToComplete blocked for 57.632ms for cause HeapTrim
08-03 20:33:31.429 12289 12308 I art     : Starting a blocking GC Explicit
08-03 20:33:31.486 12289 12308 I art     : Explicit concurrent mark sweep GC freed 3(96B) AllocSpace objects, 0(0B) LOS objects, 28% free, 41MB/57MB, paused 1.542ms total 56.950ms
08-03 20:33:31.890 12289 12521 I art     : Starting a blocking GC Explicit
08-03 20:33:31.949 12289 12521 I art     : Explicit concurrent mark sweep GC freed 1442(83KB) AllocSpace objects, 1(20KB) LOS objects, 28% free, 41MB/57MB, paused 1.633ms total 59.093ms
08-03 20:33:31.964 12289 12521 I art     : Starting a blocking GC Explicit
08-03 20:33:32.026 12289 12521 I art     : Explicit concurrent mark sweep GC freed 22(784B) AllocSpace objects, 0(0B) LOS objects, 28% free, 41MB/57MB, paused 1.422ms total 61.201ms
08-03 20:33:32.040 12289 12521 I art     : Starting a blocking GC Explicit
08-03 20:33:32.099 12289 12521 I art     : Explicit concurrent mark sweep GC freed 3(96B) AllocSpace objects, 0(0B) LOS objects, 28% free, 41MB/57MB, paused 1.606ms total 58.607ms
08-03 20:33:32.114 12289 12521 I art     : Starting a blocking GC Explicit
08-03 20:33:32.174 12289 12521 I art     : Explicit concurrent mark sweep GC freed 3(96B) AllocSpace objects, 0(0B) LOS objects, 28% free, 41MB/57MB, paused 1.554ms total 60.600ms
08-03 20:33:32.189 12289 12521 I art     : Starting a blocking GC Explicit
08-03 20:33:32.248 12289 12521 I art     : Explicit concurrent mark sweep GC freed 106(4KB) AllocSpace objects, 0(0B) LOS objects, 28% free, 41MB/57MB, paused 1.701ms total 58.631ms
08-03 20:33:32.615 12289 13159 E baseline.com.newsblur.network.APIResponse: Error (unexpected end of stream on https://www.newsblur.com/...) calling https://www.newsblur.com/reader/mark_story_hashes_as_read/
08-03 20:33:32.615 12289 13159 E baseline.com.newsblur.network.APIResponse: java.io.IOException: unexpected end of stream on https://www.newsblur.com/...
08-03 20:33:32.615 12289 13159 E baseline.com.newsblur.network.APIResponse: 	at okhttp3.internal.http1.Http1ExchangeCodec.readResponseHeaders(Http1ExchangeCodec.java:236)
08-03 20:33:32.615 12289 13159 E baseline.com.newsblur.network.APIResponse: 	at okhttp3.internal.connection.Exchange.readResponseHeaders(Exchange.java:115)
08-03 20:33:32.615 12289 13159 E baseline.com.newsblur.network.APIResponse: 	at okhttp3.internal.http.CallServerInterceptor.intercept(CallServerInterceptor.java:94)
08-03 20:33:32.615 12289 13159 E baseline.com.newsblur.network.APIResponse: 	at okhttp3.internal.http.RealInterceptorChain.proceed(RealInterceptorChain.java:142)
08-03 20:33:32.615 12289 13159 E baseline.com.newsblur.network.APIResponse: 	at okhttp3.internal.connection.ConnectInterceptor.intercept(ConnectInterceptor.java:43)
08-03 20:33:32.615 12289 13159 E baseline.com.newsblur.network.APIResponse: 	at okhttp3.internal.http.RealInterceptorChain.proceed(RealInterceptorChain.java:142)
08-03 20:33:32.615 12289 13159 E baseline.com.newsblur.network.APIResponse: 	at okhttp3.internal.http.RealInterceptorChain.proceed(RealInterceptorChain.java:117)
08-03 20:33:32.615 12289 13159 E baseline.com.newsblur.network.APIResponse: 	at okhttp3.internal.cache.CacheInterceptor.intercept(CacheInterceptor.java:94)
08-03 20:33:32.615 12289 13159 E baseline.com.newsblur.network.APIResponse: 	at okhttp3.internal.http.RealInterceptorChain.proceed(RealInterceptorChain.java:142)
08-03 20:33:32.615 12289 13159 E baseline.com.newsblur.network.APIResponse: 	at okhttp3.internal.http.RealInterceptorChain.proceed(RealInterceptorChain.java:117)
08-03 20:33:32.615 12289 13159 E baseline.com.newsblur.network.APIResponse: 	at okhttp3.internal.http.BridgeInterceptor.intercept(BridgeInterceptor.java:93)
08-03 20:33:32.615 12289 13159 E baseline.com.newsblur.network.APIResponse: 	at okhttp3.internal.http.RealInterceptorChain.proceed(RealInterceptorChain.java:142)
08-03 20:33:32.615 12289 13159 E baseline.com.newsblur.network.APIResponse: 	at okhttp3.internal.http.RetryAndFollowUpInterceptor.intercept(RetryAndFollowUpInterceptor.java:88)
08-03 20:33:32.615 12289 13159 E baseline.com.newsblur.network.APIResponse: 	at okhttp3.internal.http.RealInterceptorChain.proceed(RealInterceptorChain.java:142)
08-03 20:33:32.615 12289 13159 E baseline.com.newsblur.network.APIResponse: 	at okhttp3.internal.http.RealInterceptorChain.proceed(RealInterceptorChain.java:117)
08-03 20:33:32.615 12289 13159 E baseline.com.newsblur.network.APIResponse: 	at okhttp3.RealCall.getResponseWithInterceptorChain(RealCall.java:229)
08-03 20:33:32.615 12289 13159 E baseline.com.newsblur.network.APIResponse: 	at okhttp3.RealCall.execute(RealCall.java:81)
08-03 20:33:32.615 12289 13159 E baseline.com.newsblur.network.APIResponse: 	at baseline.com.newsblur.network.APIResponse.<init>(APIResponse.java:57)
08-03 20:33:32.615 12289 13159 E baseline.com.newsblur.network.APIResponse: 	at baseline.com.newsblur.network.APIResponse.<init>(APIResponse.java:43)
08-03 20:33:32.615 12289 13159 E baseline.com.newsblur.network.APIResponse: 	at baseline.com.newsblur.network.APIManager.post_single(APIManager.java:702)
08-03 20:33:32.615 12289 13159 E baseline.com.newsblur.network.APIResponse: 	at baseline.com.newsblur.network.APIManager.post(APIManager.java:675)
08-03 20:33:32.615 12289 13159 E baseline.com.newsblur.network.APIResponse: 	at baseline.com.newsblur.network.APIManager.post(APIManager.java:714)
08-03 20:33:32.615 12289 13159 E baseline.com.newsblur.network.APIResponse: 	at baseline.com.newsblur.network.APIManager.markStoryAsRead(APIManager.java:205)
08-03 20:33:32.615 12289 13159 E baseline.com.newsblur.network.APIResponse: 	at baseline.com.newsblur.util.ReadingAction.doRemote(ReadingAction.java:281)
08-03 20:33:32.615 12289 13159 E baseline.com.newsblur.network.APIResponse: 	at baseline.com.newsblur.service.NBSyncService.syncActions(NBSyncService.java:400)
08-03 20:33:32.615 12289 13159 E baseline.com.newsblur.network.APIResponse: 	at baseline.com.newsblur.service.NBSyncService.doSync(NBSyncService.java:298)
08-03 20:33:32.615 12289 13159 E baseline.com.newsblur.network.APIResponse: 	at baseline.com.newsblur.service.NBSyncService.access$100(NBSyncService.java:67)
08-03 20:33:32.615 12289 13159 E baseline.com.newsblur.network.APIResponse: 	at baseline.com.newsblur.service.NBSyncService$1.run(NBSyncService.java:188)
08-03 20:33:32.615 12289 13159 E baseline.com.newsblur.network.APIResponse: 	at java.util.concurrent.ThreadPoolExecutor.runWorker(ThreadPoolExecutor.java:1113)
08-03 20:33:32.615 12289 13159 E baseline.com.newsblur.network.APIResponse: 	at java.util.concurrent.ThreadPoolExecutor$Worker.run(ThreadPoolExecutor.java:588)
08-03 20:33:32.615 12289 13159 E baseline.com.newsblur.network.APIResponse: 	at java.lang.Thread.run(Thread.java:818)
08-03 20:33:32.615 12289 13159 E baseline.com.newsblur.network.APIResponse: Caused by: java.io.EOFException: \n not found: limit=0 content=
08-03 20:33:32.615 12289 13159 E baseline.com.newsblur.network.APIResponse: 	at okio.RealBufferedSource.readUtf8LineStrict(RealBufferedSource.java:240)
08-03 20:33:32.615 12289 13159 E baseline.com.newsblur.network.APIResponse: 	at okhttp3.internal.http1.Http1ExchangeCodec.readHeaderLine(Http1ExchangeCodec.java:242)
08-03 20:33:32.615 12289 13159 E baseline.com.newsblur.network.APIResponse: 	at okhttp3.internal.http1.Http1ExchangeCodec.readResponseHeaders(Http1ExchangeCodec.java:213)
08-03 20:33:32.615 12289 13159 E baseline.com.newsblur.network.APIResponse: 	... 30 more
08-03 20:33:32.618 12289 13159 I baseline.com.newsblur.network.APIManager: API call failed, pausing before retry number 2
08-03 20:33:32.641 12289 12302 I art     : Starting a blocking GC Explicit
08-03 20:33:32.702 12289 12302 I art     : Explicit concurrent mark sweep GC freed 5149(420KB) AllocSpace objects, 3(60KB) LOS objects, 28% free, 41MB/57MB, paused 1.628ms total 60.681ms
08-03 20:33:32.720 12289 12302 I art     : Starting a blocking GC Explicit
08-03 20:33:32.778 12289 12302 I art     : Explicit concurrent mark sweep GC freed 878(61KB) AllocSpace objects, 0(0B) LOS objects, 28% free, 40MB/56MB, paused 1.634ms total 57.735ms
08-03 20:33:32.793 12289 12302 I art     : Starting a blocking GC Explicit
08-03 20:33:32.849 12289 12302 I art     : Explicit concurrent mark sweep GC freed 280(15KB) AllocSpace objects, 0(0B) LOS objects, 28% free, 41MB/57MB, paused 2.330ms total 56.173ms
08-03 20:33:32.863 12289 12302 I art     : Starting a blocking GC Explicit
08-03 20:33:32.920 12289 12302 I art     : Explicit concurrent mark sweep GC freed 3466(138KB) AllocSpace objects, 0(0B) LOS objects, 28% free, 41MB/57MB, paused 1.459ms total 56.836ms
08-03 20:33:32.935 12289 12302 I art     : Starting a blocking GC Explicit
08-03 20:33:32.992 12289 12302 I art     : Explicit concurrent mark sweep GC freed 807(47KB) AllocSpace objects, 0(0B) LOS objects, 28% free, 41MB/57MB, paused 1.608ms total 57.351ms
08-03 20:33:33.381 12289 12301 I art     : Starting a blocking GC Explicit
08-03 20:33:33.441 12289 12301 I art     : Explicit concurrent mark sweep GC freed 3305(167KB) AllocSpace objects, 1(20KB) LOS objects, 28% free, 41MB/57MB, paused 1.662ms total 59.013ms
08-03 20:33:33.455 12289 12301 I art     : Starting a blocking GC Explicit
08-03 20:33:33.516 12289 12301 I art     : Explicit concurrent mark sweep GC freed 367(28KB) AllocSpace objects, 0(0B) LOS objects, 28% free, 40MB/56MB, paused 1.475ms total 60.274ms
08-03 20:33:33.534 12289 12301 I art     : Starting a blocking GC Explicit
08-03 20:33:33.592 12289 12301 I art     : Explicit concurrent mark sweep GC freed 40(1472B) AllocSpace objects, 0(0B) LOS objects, 28% free, 40MB/56MB, paused 1.512ms total 57.765ms
08-03 20:33:33.606 12289 12301 I art     : Starting a blocking GC Explicit
08-03 20:33:33.662 12289 12301 I art     : Explicit concurrent mark sweep GC freed 3(96B) AllocSpace objects, 0(0B) LOS objects, 28% free, 40MB/56MB, paused 1.419ms total 55.051ms
08-03 20:33:33.676 12289 12301 I art     : Starting a blocking GC Explicit
08-03 20:33:33.735 12289 12301 I art     : Explicit concurrent mark sweep GC freed 3(96B) AllocSpace objects, 0(0B) LOS objects, 28% free, 40MB/56MB, paused 1.403ms total 58.721ms
08-03 20:33:34.147 12289 12308 I art     : Starting a blocking GC Explicit
08-03 20:33:34.206 12289 12308 I art     : Explicit concurrent mark sweep GC freed 1440(82KB) AllocSpace objects, 1(20KB) LOS objects, 28% free, 40MB/56MB, paused 1.518ms total 59.012ms
08-03 20:33:34.221 12289 12308 I art     : Starting a blocking GC Explicit
08-03 20:33:34.281 12289 12308 I art     : Explicit concurrent mark sweep GC freed 22(784B) AllocSpace objects, 0(0B) LOS objects, 28% free, 40MB/56MB, paused 1.571ms total 59.942ms
08-03 20:33:34.299 12289 12308 I art     : Starting a blocking GC Explicit
08-03 20:33:34.355 12289 12308 I art     : Explicit concurrent mark sweep GC freed 3(96B) AllocSpace objects, 0(0B) LOS objects, 28% free, 40MB/56MB, paused 1.414ms total 56.287ms
08-03 20:33:34.370 12289 12308 I art     : Starting a blocking GC Explicit
08-03 20:33:34.427 12289 12308 I art     : Explicit concurrent mark sweep GC freed 3(96B) AllocSpace objects, 0(0B) LOS objects, 28% free, 40MB/56MB, paused 1.471ms total 56.962ms
08-03 20:33:34.441 12289 12308 I art     : Starting a blocking GC Explicit
08-03 20:33:34.500 12289 12308 I art     : Explicit concurrent mark sweep GC freed 3(96B) AllocSpace objects, 0(0B) LOS objects, 28% free, 40MB/56MB, paused 1.560ms total 58.703ms
08-03 20:33:34.907 12289 12521 I art     : Starting a blocking GC Explicit
08-03 20:33:34.967 12289 12521 I art     : Explicit concurrent mark sweep GC freed 1440(82KB) AllocSpace objects, 1(20KB) LOS objects, 28% free, 40MB/56MB, paused 1.538ms total 59.825ms
08-03 20:33:34.982 12289 12521 I art     : Starting a blocking GC Explicit
08-03 20:33:35.039 12289 12521 I art     : Explicit concurrent mark sweep GC freed 22(784B) AllocSpace objects, 0(0B) LOS objects, 28% free, 40MB/56MB, paused 1.422ms total 57.451ms
08-03 20:33:35.054 12289 12521 I art     : Starting a blocking GC Explicit
08-03 20:33:35.113 12289 12521 I art     : Explicit concurrent mark sweep GC freed 3(96B) AllocSpace objects, 0(0B) LOS objects, 28% free, 40MB/56MB, paused 1.527ms total 58.812ms
08-03 20:33:35.128 12289 12521 I art     : Starting a blocking GC Explicit
08-03 20:33:35.187 12289 12521 I art     : Explicit concurrent mark sweep GC freed 3(96B) AllocSpace objects, 0(0B) LOS objects, 28% free, 40MB/56MB, paused 1.540ms total 58.751ms
08-03 20:33:35.201 12289 12521 I art     : Starting a blocking GC Explicit
08-03 20:33:35.262 12289 12521 I art     : Explicit concurrent mark sweep GC freed 3(96B) AllocSpace objects, 0(0B) LOS objects, 28% free, 40MB/56MB, paused 1.544ms total 60.630ms
08-03 20:33:35.613   918  3188 I hubconnection: sensorhub said: 'set_bias 3: -6.9120, 0.0000, 0.0000'
08-03 20:33:35.673 12289 12302 I art     : Starting a blocking GC Explicit
08-03 20:33:35.735 12289 12302 I art     : Explicit concurrent mark sweep GC freed 1594(90KB) AllocSpace objects, 1(20KB) LOS objects, 28% free, 41MB/57MB, paused 1.557ms total 62.070ms
08-03 20:33:35.749 12289 12302 I art     : Starting a blocking GC Explicit
08-03 20:33:35.797 12289 12302 I art     : Explicit concurrent mark sweep GC freed 40(2544B) AllocSpace objects, 0(0B) LOS objects, 28% free, 40MB/56MB, paused 1.448ms total 47.569ms
08-03 20:33:35.810 12289 12302 I art     : Starting a blocking GC Explicit
08-03 20:33:35.858 12289 12302 I art     : Explicit concurrent mark sweep GC freed 3(96B) AllocSpace objects, 0(0B) LOS objects, 28% free, 40MB/56MB, paused 1.496ms total 47.309ms
08-03 20:33:35.872 12289 12302 I art     : Starting a blocking GC Explicit
08-03 20:33:35.923 12289 12302 I art     : Explicit concurrent mark sweep GC freed 3(96B) AllocSpace objects, 0(0B) LOS objects, 28% free, 40MB/56MB, paused 1.563ms total 51.609ms
08-03 20:33:35.937 12289 12302 I art     : Starting a blocking GC Explicit
08-03 20:33:35.991 12289 12302 I art     : Explicit concurrent mark sweep GC freed 23(848B) AllocSpace objects, 0(0B) LOS objects, 28% free, 40MB/56MB, paused 1.511ms total 54.325ms
08-03 20:33:36.200 12289 13159 E baseline.com.newsblur.network.APIResponse: Error (unexpected end of stream on https://www.newsblur.com/...) calling https://www.newsblur.com/reader/mark_story_hashes_as_read/
08-03 20:33:36.200 12289 13159 E baseline.com.newsblur.network.APIResponse: java.io.IOException: unexpected end of stream on https://www.newsblur.com/...
08-03 20:33:36.200 12289 13159 E baseline.com.newsblur.network.APIResponse: 	at okhttp3.internal.http1.Http1ExchangeCodec.readResponseHeaders(Http1ExchangeCodec.java:236)
08-03 20:33:36.200 12289 13159 E baseline.com.newsblur.network.APIResponse: 	at okhttp3.internal.connection.Exchange.readResponseHeaders(Exchange.java:115)
08-03 20:33:36.200 12289 13159 E baseline.com.newsblur.network.APIResponse: 	at okhttp3.internal.http.CallServerInterceptor.intercept(CallServerInterceptor.java:94)
08-03 20:33:36.200 12289 13159 E baseline.com.newsblur.network.APIResponse: 	at okhttp3.internal.http.RealInterceptorChain.proceed(RealInterceptorChain.java:142)
08-03 20:33:36.200 12289 13159 E baseline.com.newsblur.network.APIResponse: 	at okhttp3.internal.connection.ConnectInterceptor.intercept(ConnectInterceptor.java:43)
08-03 20:33:36.200 12289 13159 E baseline.com.newsblur.network.APIResponse: 	at okhttp3.internal.http.RealInterceptorChain.proceed(RealInterceptorChain.java:142)
08-03 20:33:36.200 12289 13159 E baseline.com.newsblur.network.APIResponse: 	at okhttp3.internal.http.RealInterceptorChain.proceed(RealInterceptorChain.java:117)
08-03 20:33:36.200 12289 13159 E baseline.com.newsblur.network.APIResponse: 	at okhttp3.internal.cache.CacheInterceptor.intercept(CacheInterceptor.java:94)
08-03 20:33:36.200 12289 13159 E baseline.com.newsblur.network.APIResponse: 	at okhttp3.internal.http.RealInterceptorChain.proceed(RealInterceptorChain.java:142)
08-03 20:33:36.200 12289 13159 E baseline.com.newsblur.network.APIResponse: 	at okhttp3.internal.http.RealInterceptorChain.proceed(RealInterceptorChain.java:117)
08-03 20:33:36.200 12289 13159 E baseline.com.newsblur.network.APIResponse: 	at okhttp3.internal.http.BridgeInterceptor.intercept(BridgeInterceptor.java:93)
08-03 20:33:36.200 12289 13159 E baseline.com.newsblur.network.APIResponse: 	at okhttp3.internal.http.RealInterceptorChain.proceed(RealInterceptorChain.java:142)
08-03 20:33:36.200 12289 13159 E baseline.com.newsblur.network.APIResponse: 	at okhttp3.internal.http.RetryAndFollowUpInterceptor.intercept(RetryAndFollowUpInterceptor.java:88)
08-03 20:33:36.200 12289 13159 E baseline.com.newsblur.network.APIResponse: 	at okhttp3.internal.http.RealInterceptorChain.proceed(RealInterceptorChain.java:142)
08-03 20:33:36.200 12289 13159 E baseline.com.newsblur.network.APIResponse: 	at okhttp3.internal.http.RealInterceptorChain.proceed(RealInterceptorChain.java:117)
08-03 20:33:36.200 12289 13159 E baseline.com.newsblur.network.APIResponse: 	at okhttp3.RealCall.getResponseWithInterceptorChain(RealCall.java:229)
08-03 20:33:36.200 12289 13159 E baseline.com.newsblur.network.APIResponse: 	at okhttp3.RealCall.execute(RealCall.java:81)
08-03 20:33:36.200 12289 13159 E baseline.com.newsblur.network.APIResponse: 	at baseline.com.newsblur.network.APIResponse.<init>(APIResponse.java:57)
08-03 20:33:36.200 12289 13159 E baseline.com.newsblur.network.APIResponse: 	at baseline.com.newsblur.network.APIResponse.<init>(APIResponse.java:43)
08-03 20:33:36.200 12289 13159 E baseline.com.newsblur.network.APIResponse: 	at baseline.com.newsblur.network.APIManager.post_single(APIManager.java:702)
08-03 20:33:36.200 12289 13159 E baseline.com.newsblur.network.APIResponse: 	at baseline.com.newsblur.network.APIManager.post(APIManager.java:675)
08-03 20:33:36.200 12289 13159 E baseline.com.newsblur.network.APIResponse: 	at baseline.com.newsblur.network.APIManager.post(APIManager.java:714)
08-03 20:33:36.200 12289 13159 E baseline.com.newsblur.network.APIResponse: 	at baseline.com.newsblur.network.APIManager.markStoryAsRead(APIManager.java:205)
08-03 20:33:36.200 12289 13159 E baseline.com.newsblur.network.APIResponse: 	at baseline.com.newsblur.util.ReadingAction.doRemote(ReadingAction.java:281)
08-03 20:33:36.200 12289 13159 E baseline.com.newsblur.network.APIResponse: 	at baseline.com.newsblur.service.NBSyncService.syncActions(NBSyncService.java:400)
08-03 20:33:36.200 12289 13159 E baseline.com.newsblur.network.APIResponse: 	at baseline.com.newsblur.service.NBSyncService.doSync(NBSyncService.java:298)
08-03 20:33:36.200 12289 13159 E baseline.com.newsblur.network.APIResponse: 	at baseline.com.newsblur.service.NBSyncService.access$100(NBSyncService.java:67)
08-03 20:33:36.200 12289 13159 E baseline.com.newsblur.network.APIResponse: 	at baseline.com.newsblur.service.NBSyncService$1.run(NBSyncService.java:188)
08-03 20:33:36.200 12289 13159 E baseline.com.newsblur.network.APIResponse: 	at java.util.concurrent.ThreadPoolExecutor.runWorker(ThreadPoolExecutor.java:1113)
08-03 20:33:36.200 12289 13159 E baseline.com.newsblur.network.APIResponse: 	at java.util.concurrent.ThreadPoolExecutor$Worker.run(ThreadPoolExecutor.java:588)
08-03 20:33:36.200 12289 13159 E baseline.com.newsblur.network.APIResponse: 	at java.lang.Thread.run(Thread.java:818)
08-03 20:33:36.200 12289 13159 E baseline.com.newsblur.network.APIResponse: Caused by: java.io.EOFException: \n not found: limit=0 content=
08-03 20:33:36.200 12289 13159 E baseline.com.newsblur.network.APIResponse: 	at okio.RealBufferedSource.readUtf8LineStrict(RealBufferedSource.java:240)
08-03 20:33:36.200 12289 13159 E baseline.com.newsblur.network.APIResponse: 	at okhttp3.internal.http1.Http1ExchangeCodec.readHeaderLine(Http1ExchangeCodec.java:242)
08-03 20:33:36.200 12289 13159 E baseline.com.newsblur.network.APIResponse: 	at okhttp3.internal.http1.Http1ExchangeCodec.readResponseHeaders(Http1ExchangeCodec.java:213)
08-03 20:33:36.200 12289 13159 E baseline.com.newsblur.network.APIResponse: 	... 30 more
08-03 20:33:36.202 12289 13159 I baseline.com.newsblur.service.NBSyncService: Holding reading action with server-side or network error.
08-03 20:33:36.214 12289 13159 W baseline.com.newsblur.service.NBSyncService: hard API failure
08-03 20:33:36.388 12289 12308 I art     : Starting a blocking GC Explicit
08-03 20:33:36.446 12289 12308 I art     : Explicit concurrent mark sweep GC freed 4351(406KB) AllocSpace objects, 5(100KB) LOS objects, 28% free, 41MB/57MB, paused 1.597ms total 57.639ms
08-03 20:33:36.460 12289 12308 I art     : Starting a blocking GC Explicit
08-03 20:33:36.519 12289 12308 I art     : Explicit concurrent mark sweep GC freed 140(5KB) AllocSpace objects, 0(0B) LOS objects, 28% free, 40MB/56MB, paused 1.586ms total 58.660ms
08-03 20:33:36.520 12289 12300 I art     : WaitForGcToComplete blocked for 32.499ms for cause HeapTrim
08-03 20:33:36.534 12289 12308 I art     : Starting a blocking GC Explicit
08-03 20:33:36.594 12289 12308 I art     : Explicit concurrent mark sweep GC freed 3(96B) AllocSpace objects, 0(0B) LOS objects, 28% free, 40MB/56MB, paused 1.631ms total 59.768ms
08-03 20:33:36.612 12289 12308 I art     : Starting a blocking GC Explicit
08-03 20:33:36.668 12289 12308 I art     : Explicit concurrent mark sweep GC freed 1657(64KB) AllocSpace objects, 0(0B) LOS objects, 28% free, 41MB/57MB, paused 1.687ms total 56.221ms
08-03 20:33:36.683 12289 12308 I art     : Starting a blocking GC Explicit
08-03 20:33:36.693 12289 13159 E baseline.com.newsblur.network.APIResponse: Error (unexpected end of stream on https://www.newsblur.com/...) calling https://www.newsblur.com/reader/mark_story_hashes_as_read/
08-03 20:33:36.693 12289 13159 E baseline.com.newsblur.network.APIResponse: java.io.IOException: unexpected end of stream on https://www.newsblur.com/...
08-03 20:33:36.693 12289 13159 E baseline.com.newsblur.network.APIResponse: 	at okhttp3.internal.http1.Http1ExchangeCodec.readResponseHeaders(Http1ExchangeCodec.java:236)
08-03 20:33:36.693 12289 13159 E baseline.com.newsblur.network.APIResponse: 	at okhttp3.internal.connection.Exchange.readResponseHeaders(Exchange.java:115)
08-03 20:33:36.693 12289 13159 E baseline.com.newsblur.network.APIResponse: 	at okhttp3.internal.http.CallServerInterceptor.intercept(CallServerInterceptor.java:94)
08-03 20:33:36.693 12289 13159 E baseline.com.newsblur.network.APIResponse: 	at okhttp3.internal.http.RealInterceptorChain.proceed(RealInterceptorChain.java:142)
08-03 20:33:36.693 12289 13159 E baseline.com.newsblur.network.APIResponse: 	at okhttp3.internal.connection.ConnectInterceptor.intercept(ConnectInterceptor.java:43)
08-03 20:33:36.693 12289 13159 E baseline.com.newsblur.network.APIResponse: 	at okhttp3.internal.http.RealInterceptorChain.proceed(RealInterceptorChain.java:142)
08-03 20:33:36.693 12289 13159 E baseline.com.newsblur.network.APIResponse: 	at okhttp3.internal.http.RealInterceptorChain.proceed(RealInterceptorChain.java:117)
08-03 20:33:36.693 12289 13159 E baseline.com.newsblur.network.APIResponse: 	at okhttp3.internal.cache.CacheInterceptor.intercept(CacheInterceptor.java:94)
08-03 20:33:36.693 12289 13159 E baseline.com.newsblur.network.APIResponse: 	at okhttp3.internal.http.RealInterceptorChain.proceed(RealInterceptorChain.java:142)
08-03 20:33:36.693 12289 13159 E baseline.com.newsblur.network.APIResponse: 	at okhttp3.internal.http.RealInterceptorChain.proceed(RealInterceptorChain.java:117)
08-03 20:33:36.693 12289 13159 E baseline.com.newsblur.network.APIResponse: 	at okhttp3.internal.http.BridgeInterceptor.intercept(BridgeInterceptor.java:93)
08-03 20:33:36.693 12289 13159 E baseline.com.newsblur.network.APIResponse: 	at okhttp3.internal.http.RealInterceptorChain.proceed(RealInterceptorChain.java:142)
08-03 20:33:36.693 12289 13159 E baseline.com.newsblur.network.APIResponse: 	at okhttp3.internal.http.RetryAndFollowUpInterceptor.intercept(RetryAndFollowUpInterceptor.java:88)
08-03 20:33:36.693 12289 13159 E baseline.com.newsblur.network.APIResponse: 	at okhttp3.internal.http.RealInterceptorChain.proceed(RealInterceptorChain.java:142)
08-03 20:33:36.693 12289 13159 E baseline.com.newsblur.network.APIResponse: 	at okhttp3.internal.http.RealInterceptorChain.proceed(RealInterceptorChain.java:117)
08-03 20:33:36.693 12289 13159 E baseline.com.newsblur.network.APIResponse: 	at okhttp3.RealCall.getResponseWithInterceptorChain(RealCall.java:229)
08-03 20:33:36.693 12289 13159 E baseline.com.newsblur.network.APIResponse: 	at okhttp3.RealCall.execute(RealCall.java:81)
08-03 20:33:36.693 12289 13159 E baseline.com.newsblur.network.APIResponse: 	at baseline.com.newsblur.network.APIResponse.<init>(APIResponse.java:57)
08-03 20:33:36.693 12289 13159 E baseline.com.newsblur.network.APIResponse: 	at baseline.com.newsblur.network.APIResponse.<init>(APIResponse.java:43)
08-03 20:33:36.693 12289 13159 E baseline.com.newsblur.network.APIResponse: 	at baseline.com.newsblur.network.APIManager.post_single(APIManager.java:702)
08-03 20:33:36.693 12289 13159 E baseline.com.newsblur.network.APIResponse: 	at baseline.com.newsblur.network.APIManager.post(APIManager.java:675)
08-03 20:33:36.693 12289 13159 E baseline.com.newsblur.network.APIResponse: 	at baseline.com.newsblur.network.APIManager.post(APIManager.java:714)
08-03 20:33:36.693 12289 13159 E baseline.com.newsblur.network.APIResponse: 	at baseline.com.newsblur.network.APIManager.markStoryAsRead(APIManager.java:205)
08-03 20:33:36.693 12289 13159 E baseline.com.newsblur.network.APIResponse: 	at baseline.com.newsblur.util.ReadingAction.doRemote(ReadingAction.java:281)
08-03 20:33:36.693 12289 13159 E baseline.com.newsblur.network.APIResponse: 	at baseline.com.newsblur.service.NBSyncService.syncActions(NBSyncService.java:400)
08-03 20:33:36.693 12289 13159 E baseline.com.newsblur.network.APIResponse: 	at baseline.com.newsblur.service.NBSyncService.doSync(NBSyncService.java:298)
08-03 20:33:36.693 12289 13159 E baseline.com.newsblur.network.APIResponse: 	at baseline.com.newsblur.service.NBSyncService.access$100(NBSyncService.java:67)
08-03 20:33:36.693 12289 13159 E baseline.com.newsblur.network.APIResponse: 	at baseline.com.newsblur.service.NBSyncService$1.run(NBSyncService.java:188)
08-03 20:33:36.693 12289 13159 E baseline.com.newsblur.network.APIResponse: 	at java.util.concurrent.ThreadPoolExecutor.runWorker(ThreadPoolExecutor.java:1113)
08-03 20:33:36.693 12289 13159 E baseline.com.newsblur.network.APIResponse: 	at java.util.concurrent.ThreadPoolExecutor$Worker.run(ThreadPoolExecutor.java:588)
08-03 20:33:36.693 12289 13159 E baseline.com.newsblur.network.APIResponse: 	at java.lang.Thread.run(Thread.java:818)
08-03 20:33:36.693 12289 13159 E baseline.com.newsblur.network.APIResponse: Caused by: java.io.EOFException: \n not found: limit=0 content=
08-03 20:33:36.693 12289 13159 E baseline.com.newsblur.network.APIResponse: 	at okio.RealBufferedSource.readUtf8LineStrict(RealBufferedSource.java:240)
08-03 20:33:36.693 12289 13159 E baseline.com.newsblur.network.APIResponse: 	at okhttp3.internal.http1.Http1ExchangeCodec.readHeaderLine(Http1ExchangeCodec.java:242)
08-03 20:33:36.693 12289 13159 E baseline.com.newsblur.network.APIResponse: 	at okhttp3.internal.http1.Http1ExchangeCodec.readResponseHeaders(Http1ExchangeCodec.java:213)
08-03 20:33:36.693 12289 13159 E baseline.com.newsblur.network.APIResponse: 	... 30 more
08-03 20:33:36.695 12289 13159 I baseline.com.newsblur.network.APIManager: API call failed, pausing before retry number 1
08-03 20:33:36.740 12289 12308 I art     : Explicit concurrent mark sweep GC freed 829(196KB) AllocSpace objects, 2(40KB) LOS objects, 28% free, 41MB/57MB, paused 1.499ms total 56.866ms
08-03 20:33:37.142 12289 12521 I art     : Starting a blocking GC Explicit
08-03 20:33:37.204 12289 12521 I art     : Explicit concurrent mark sweep GC freed 1548(99KB) AllocSpace objects, 1(20KB) LOS objects, 28% free, 40MB/56MB, paused 1.390ms total 60.674ms
08-03 20:33:37.218 12289 12521 I art     : Starting a blocking GC Explicit
08-03 20:33:37.277 12289 12521 I art     : Explicit concurrent mark sweep GC freed 44(1520B) AllocSpace objects, 0(0B) LOS objects, 28% free, 40MB/56MB, paused 1.512ms total 58.568ms
08-03 20:33:37.292 12289 12521 I art     : Starting a blocking GC Explicit
08-03 20:33:37.351 12289 12521 I art     : Explicit concurrent mark sweep GC freed 3(96B) AllocSpace objects, 0(0B) LOS objects, 28% free, 40MB/56MB, paused 1.544ms total 59.276ms
08-03 20:33:37.368 12289 12521 I art     : Starting a blocking GC Explicit
08-03 20:33:37.425 12289 12521 I art     : Explicit concurrent mark sweep GC freed 3(96B) AllocSpace objects, 0(0B) LOS objects, 28% free, 40MB/56MB, paused 1.646ms total 57.097ms
08-03 20:33:37.440 12289 12521 I art     : Starting a blocking GC Explicit
08-03 20:33:37.500 12289 12521 I art     : Explicit concurrent mark sweep GC freed 3(96B) AllocSpace objects, 0(0B) LOS objects, 28% free, 40MB/56MB, paused 1.399ms total 59.628ms
08-03 20:33:37.904 12289 12301 I art     : Starting a blocking GC Explicit
08-03 20:33:37.967 12289 12301 I art     : Explicit concurrent mark sweep GC freed 1440(82KB) AllocSpace objects, 1(20KB) LOS objects, 28% free, 40MB/56MB, paused 1.571ms total 62.292ms
08-03 20:33:37.983 12289 12301 I art     : Starting a blocking GC Explicit
08-03 20:33:38.039 12289 12301 I art     : Explicit concurrent mark sweep GC freed 22(784B) AllocSpace objects, 0(0B) LOS objects, 28% free, 40MB/56MB, paused 1.568ms total 55.372ms
08-03 20:33:38.053 12289 12301 I art     : Starting a blocking GC Explicit
08-03 20:33:38.114 12289 12301 I art     : Explicit concurrent mark sweep GC freed 3(96B) AllocSpace objects, 0(0B) LOS objects, 28% free, 40MB/56MB, paused 1.441ms total 60.018ms
08-03 20:33:38.132 12289 12301 I art     : Starting a blocking GC Explicit
08-03 20:33:38.188 12289 12301 I art     : Explicit concurrent mark sweep GC freed 3(96B) AllocSpace objects, 0(0B) LOS objects, 28% free, 40MB/56MB, paused 1.532ms total 55.888ms
08-03 20:33:38.202 12289 12301 I art     : Starting a blocking GC Explicit
08-03 20:33:38.229  9822  9822 I ServiceManager: Waiting for service AtCmdFwd...
08-03 20:33:38.259 12289 12301 I art     : Explicit concurrent mark sweep GC freed 94(3KB) AllocSpace objects, 0(0B) LOS objects, 28% free, 40MB/56MB, paused 1.646ms total 57.549ms
08-03 20:33:38.620 12289 12302 I art     : Starting a blocking GC Explicit
08-03 20:33:38.678 12289 12302 I art     : Explicit concurrent mark sweep GC freed 1520(88KB) AllocSpace objects, 1(20KB) LOS objects, 28% free, 40MB/56MB, paused 1.605ms total 57.090ms
08-03 20:33:38.692 12289 12302 I art     : Starting a blocking GC Explicit
08-03 20:33:38.748 12289 12302 I art     : Explicit concurrent mark sweep GC freed 1679(65KB) AllocSpace objects, 0(0B) LOS objects, 28% free, 41MB/57MB, paused 1.654ms total 56.166ms
08-03 20:33:38.762 12289 12302 I art     : Starting a blocking GC Explicit
08-03 20:33:38.764 12289 13159 E baseline.com.newsblur.network.APIResponse: Error (unexpected end of stream on https://www.newsblur.com/...) calling https://www.newsblur.com/reader/mark_story_hashes_as_read/
08-03 20:33:38.764 12289 13159 E baseline.com.newsblur.network.APIResponse: java.io.IOException: unexpected end of stream on https://www.newsblur.com/...
08-03 20:33:38.764 12289 13159 E baseline.com.newsblur.network.APIResponse: 	at okhttp3.internal.http1.Http1ExchangeCodec.readResponseHeaders(Http1ExchangeCodec.java:236)
08-03 20:33:38.764 12289 13159 E baseline.com.newsblur.network.APIResponse: 	at okhttp3.internal.connection.Exchange.readResponseHeaders(Exchange.java:115)
08-03 20:33:38.764 12289 13159 E baseline.com.newsblur.network.APIResponse: 	at okhttp3.internal.http.CallServerInterceptor.intercept(CallServerInterceptor.java:94)
08-03 20:33:38.764 12289 13159 E baseline.com.newsblur.network.APIResponse: 	at okhttp3.internal.http.RealInterceptorChain.proceed(RealInterceptorChain.java:142)
08-03 20:33:38.764 12289 13159 E baseline.com.newsblur.network.APIResponse: 	at okhttp3.internal.connection.ConnectInterceptor.intercept(ConnectInterceptor.java:43)
08-03 20:33:38.764 12289 13159 E baseline.com.newsblur.network.APIResponse: 	at okhttp3.internal.http.RealInterceptorChain.proceed(RealInterceptorChain.java:142)
08-03 20:33:38.764 12289 13159 E baseline.com.newsblur.network.APIResponse: 	at okhttp3.internal.http.RealInterceptorChain.proceed(RealInterceptorChain.java:117)
08-03 20:33:38.764 12289 13159 E baseline.com.newsblur.network.APIResponse: 	at okhttp3.internal.cache.CacheInterceptor.intercept(CacheInterceptor.java:94)
08-03 20:33:38.764 12289 13159 E baseline.com.newsblur.network.APIResponse: 	at okhttp3.internal.http.RealInterceptorChain.proceed(RealInterceptorChain.java:142)
08-03 20:33:38.764 12289 13159 E baseline.com.newsblur.network.APIResponse: 	at okhttp3.internal.http.RealInterceptorChain.proceed(RealInterceptorChain.java:117)
08-03 20:33:38.764 12289 13159 E baseline.com.newsblur.network.APIResponse: 	at okhttp3.internal.http.BridgeInterceptor.intercept(BridgeInterceptor.java:93)
08-03 20:33:38.764 12289 13159 E baseline.com.newsblur.network.APIResponse: 	at okhttp3.internal.http.RealInterceptorChain.proceed(RealInterceptorChain.java:142)
08-03 20:33:38.764 12289 13159 E baseline.com.newsblur.network.APIResponse: 	at okhttp3.internal.http.RetryAndFollowUpInterceptor.intercept(RetryAndFollowUpInterceptor.java:88)
08-03 20:33:38.764 12289 13159 E baseline.com.newsblur.network.APIResponse: 	at okhttp3.internal.http.RealInterceptorChain.proceed(RealInterceptorChain.java:142)
08-03 20:33:38.764 12289 13159 E baseline.com.newsblur.network.APIResponse: 	at okhttp3.internal.http.RealInterceptorChain.proceed(RealInterceptorChain.java:117)
08-03 20:33:38.764 12289 13159 E baseline.com.newsblur.network.APIResponse: 	at okhttp3.RealCall.getResponseWithInterceptorChain(RealCall.java:229)
08-03 20:33:38.764 12289 13159 E baseline.com.newsblur.network.APIResponse: 	at okhttp3.RealCall.execute(RealCall.java:81)
08-03 20:33:38.764 12289 13159 E baseline.com.newsblur.network.APIResponse: 	at baseline.com.newsblur.network.APIResponse.<init>(APIResponse.java:57)
08-03 20:33:38.764 12289 13159 E baseline.com.newsblur.network.APIResponse: 	at baseline.com.newsblur.network.APIResponse.<init>(APIResponse.java:43)
08-03 20:33:38.764 12289 13159 E baseline.com.newsblur.network.APIResponse: 	at baseline.com.newsblur.network.APIManager.post_single(APIManager.java:702)
08-03 20:33:38.764 12289 13159 E baseline.com.newsblur.network.APIResponse: 	at baseline.com.newsblur.network.APIManager.post(APIManager.java:675)
08-03 20:33:38.764 12289 13159 E baseline.com.newsblur.network.APIResponse: 	at baseline.com.newsblur.network.APIManager.post(APIManager.java:714)
08-03 20:33:38.764 12289 13159 E baseline.com.newsblur.network.APIResponse: 	at baseline.com.newsblur.network.APIManager.markStoryAsRead(APIManager.java:205)
08-03 20:33:38.764 12289 13159 E baseline.com.newsblur.network.APIResponse: 	at baseline.com.newsblur.util.ReadingAction.doRemote(ReadingAction.java:281)
08-03 20:33:38.764 12289 13159 E baseline.com.newsblur.network.APIResponse: 	at baseline.com.newsblur.service.NBSyncService.syncActions(NBSyncService.java:400)
08-03 20:33:38.764 12289 13159 E baseline.com.newsblur.network.APIResponse: 	at baseline.com.newsblur.service.NBSyncService.doSync(NBSyncService.java:298)
08-03 20:33:38.764 12289 13159 E baseline.com.newsblur.network.APIResponse: 	at baseline.com.newsblur.service.NBSyncService.access$100(NBSyncService.java:67)
08-03 20:33:38.764 12289 13159 E baseline.com.newsblur.network.APIResponse: 	at baseline.com.newsblur.service.NBSyncService$1.run(NBSyncService.java:188)
08-03 20:33:38.764 12289 13159 E baseline.com.newsblur.network.APIResponse: 	at java.util.concurrent.ThreadPoolExecutor.runWorker(ThreadPoolExecutor.java:1113)
08-03 20:33:38.764 12289 13159 E baseline.com.newsblur.network.APIResponse: 	at java.util.concurrent.ThreadPoolExecutor$Worker.run(ThreadPoolExecutor.java:588)
08-03 20:33:38.764 12289 13159 E baseline.com.newsblur.network.APIResponse: 	at java.lang.Thread.run(Thread.java:818)
08-03 20:33:38.764 12289 13159 E baseline.com.newsblur.network.APIResponse: Caused by: java.io.EOFException: \n not found: limit=0 content=
08-03 20:33:38.764 12289 13159 E baseline.com.newsblur.network.APIResponse: 	at okio.RealBufferedSource.readUtf8LineStrict(RealBufferedSource.java:240)
08-03 20:33:38.764 12289 13159 E baseline.com.newsblur.network.APIResponse: 	at okhttp3.internal.http1.Http1ExchangeCodec.readHeaderLine(Http1ExchangeCodec.java:242)
08-03 20:33:38.764 12289 13159 E baseline.com.newsblur.network.APIResponse: 	at okhttp3.internal.http1.Http1ExchangeCodec.readResponseHeaders(Http1ExchangeCodec.java:213)
08-03 20:33:38.764 12289 13159 E baseline.com.newsblur.network.APIResponse: 	... 30 more
08-03 20:33:38.765 12289 13159 I baseline.com.newsblur.network.APIManager: API call failed, pausing before retry number 2
08-03 20:33:38.815 12289 12302 I art     : Explicit concurrent mark sweep GC freed 616(177KB) AllocSpace objects, 2(40KB) LOS objects, 28% free, 41MB/57MB, paused 1.485ms total 53.078ms
08-03 20:33:38.830 12289 12302 I art     : Starting a blocking GC Explicit
08-03 20:33:38.886 12289 12302 I art     : Explicit concurrent mark sweep GC freed 338(35KB) AllocSpace objects, 0(0B) LOS objects, 28% free, 40MB/56MB, paused 1.501ms total 56.171ms
08-03 20:33:38.900 12289 12302 I art     : Starting a blocking GC Explicit
08-03 20:33:38.948 14073 14073 D AndroidRuntime: >>>>>> START com.android.internal.os.RuntimeInit uid 2000 <<<<<<
08-03 20:33:38.954 14073 14073 D AndroidRuntime: CheckJNI is OFF
08-03 20:33:38.956 12289 12302 I art     : Explicit concurrent mark sweep GC freed 7(288B) AllocSpace objects, 0(0B) LOS objects, 28% free, 40MB/56MB, paused 1.510ms total 55.646ms
08-03 20:33:38.999 14073 14073 D ICU     : No timezone override file found: /data/misc/zoneinfo/current/icu/icu_tzdata.dat
08-03 20:33:39.043 14073 14073 I Radio-JNI: register_android_hardware_Radio DONE
08-03 20:33:39.072 14073 14073 D AndroidRuntime: Calling main entry com.android.commands.input.Input
08-03 20:33:39.075 14073 14073 I Input   : injectKeyEvent: KeyEvent { action=ACTION_DOWN, keyCode=KEYCODE_BACK, scanCode=0, metaState=0, flags=0x0, repeatCount=0, eventTime=650035487, downTime=650035487, deviceId=-1, source=0x101 }
08-03 20:33:39.081 14073 14073 I Input   : injectKeyEvent: KeyEvent { action=ACTION_UP, keyCode=KEYCODE_BACK, scanCode=0, metaState=0, flags=0x0, repeatCount=0, eventTime=650035487, downTime=650035487, deviceId=-1, source=0x101 }
08-03 20:33:39.087 14073 14073 D AndroidRuntime: Shutting down VM
08-03 20:33:39.098 12289 12289 D baseline.com.newsblur.service.NBSyncService: rejecting request for feedset that is exhaused
08-03 20:33:39.229  9822  9822 I ServiceManager: Waiting for service AtCmdFwd...
08-03 20:33:39.314 12289 12308 I art     : Starting a blocking GC Explicit
08-03 20:33:39.330 12289 12289 D baseline.com.newsblur.service.NBSyncService: rejecting request for feedset that is exhaused
08-03 20:33:39.335 13866 13866 I GoogleInputMethodServic: GoogleInputMethodService.onFinishInput():3138 
08-03 20:33:39.336 13866 13866 I GoogleInputMethodServic: GoogleInputMethodService.onStartInput():1808 
08-03 20:33:39.369 12289 12308 I art     : Explicit concurrent mark sweep GC freed 3208(258KB) AllocSpace objects, 5(100KB) LOS objects, 28% free, 41MB/57MB, paused 1.585ms total 54.589ms
08-03 20:33:39.382 12289 12308 I art     : Starting a blocking GC Explicit
08-03 20:33:39.430 12289 12308 I art     : Explicit concurrent mark sweep GC freed 187(9KB) AllocSpace objects, 1(28KB) LOS objects, 28% free, 40MB/56MB, paused 1.566ms total 47.822ms
08-03 20:33:39.443 12289 12308 I art     : Starting a blocking GC Explicit
08-03 20:33:39.495 12289 12308 I art     : Explicit concurrent mark sweep GC freed 7(256B) AllocSpace objects, 0(0B) LOS objects, 28% free, 40MB/56MB, paused 1.314ms total 50.955ms
08-03 20:33:39.509 12289 12308 I art     : Starting a blocking GC Explicit
08-03 20:33:39.560 12289 12308 I art     : Explicit concurrent mark sweep GC freed 3(96B) AllocSpace objects, 0(0B) LOS objects, 28% free, 40MB/56MB, paused 1.270ms total 50.191ms
08-03 20:33:39.575 12289 12308 I art     : Starting a blocking GC Explicit
08-03 20:33:39.631 12289 12308 I art     : Explicit concurrent mark sweep GC freed 4(128B) AllocSpace objects, 0(0B) LOS objects, 28% free, 40MB/56MB, paused 1.968ms total 55.388ms
08-03 20:33:40.019 12289 12301 I art     : Starting a blocking GC Explicit
08-03 20:33:40.080 12289 12301 I art     : Explicit concurrent mark sweep GC freed 2762(145KB) AllocSpace objects, 1(20KB) LOS objects, 28% free, 40MB/56MB, paused 1.560ms total 60.111ms
08-03 20:33:40.095 12289 12301 I art     : Starting a blocking GC Explicit
08-03 20:33:40.153 12289 12301 I art     : Explicit concurrent mark sweep GC freed 158(7KB) AllocSpace objects, 0(0B) LOS objects, 28% free, 40MB/56MB, paused 1.768ms total 57.421ms
08-03 20:33:40.168 12289 12301 I art     : Starting a blocking GC Explicit
08-03 20:33:40.227 12289 12301 I art     : Explicit concurrent mark sweep GC freed 11(352B) AllocSpace objects, 0(0B) LOS objects, 28% free, 40MB/56MB, paused 1.352ms total 58.539ms
08-03 20:33:40.230  9822  9822 I ServiceManager: Waiting for service AtCmdFwd...
08-03 20:33:40.242 12289 12301 I art     : Starting a blocking GC Explicit
08-03 20:33:40.299 12289 12301 I art     : Explicit concurrent mark sweep GC freed 13(416B) AllocSpace objects, 0(0B) LOS objects, 28% free, 40MB/56MB, paused 1.576ms total 56.783ms
08-03 20:33:40.316 12289 12301 I art     : Starting a blocking GC Explicit
08-03 20:33:40.372 12289 12301 I art     : Explicit concurrent mark sweep GC freed 11(352B) AllocSpace objects, 0(0B) LOS objects, 28% free, 40MB/56MB, paused 1.458ms total 55.377ms
08-03 20:33:40.746 12289 12302 I art     : Starting a blocking GC Explicit
08-03 20:33:40.801 12289 12302 I art     : Explicit concurrent mark sweep GC freed 1482(84KB) AllocSpace objects, 1(20KB) LOS objects, 28% free, 40MB/56MB, paused 1.450ms total 54.509ms
08-03 20:33:40.814 12289 12302 I art     : Starting a blocking GC Explicit
08-03 20:33:40.857 14119 14119 D AndroidRuntime: >>>>>> START com.android.internal.os.RuntimeInit uid 2000 <<<<<<
08-03 20:33:40.862 14119 14119 D AndroidRuntime: CheckJNI is OFF
08-03 20:33:40.864 12289 12302 I art     : Explicit concurrent mark sweep GC freed 22(784B) AllocSpace objects, 0(0B) LOS objects, 28% free, 40MB/56MB, paused 1.417ms total 49.336ms
08-03 20:33:40.878 12289 12302 I art     : Starting a blocking GC Explicit
08-03 20:33:40.906 14119 14119 D ICU     : No timezone override file found: /data/misc/zoneinfo/current/icu/icu_tzdata.dat
08-03 20:33:40.930 12289 12302 I art     : Explicit concurrent mark sweep GC freed 3(96B) AllocSpace objects, 0(0B) LOS objects, 28% free, 40MB/56MB, paused 1.557ms total 51.649ms
08-03 20:33:40.944 12289 12302 I art     : Starting a blocking GC Explicit
08-03 20:33:40.948 14119 14119 I Radio-JNI: register_android_hardware_Radio DONE
08-03 20:33:40.977 14119 14119 D AndroidRuntime: Calling main entry com.android.commands.input.Input
08-03 20:33:40.979 14119 14119 I Input   : injectMotionEvent: MotionEvent { action=ACTION_DOWN, actionButton=0, id[0]=0, x[0]=435.0, y[0]=858.0, toolType[0]=TOOL_TYPE_UNKNOWN, buttonState=0, metaState=0, flags=0x0, edgeFlags=0x0, pointerCount=1, historySize=0, eventTime=650037392, downTime=650037392, deviceId=0, source=0x1002 }
08-03 20:33:40.986 14119 14119 I Input   : injectMotionEvent: MotionEvent { action=ACTION_UP, actionButton=0, id[0]=0, x[0]=435.0, y[0]=858.0, toolType[0]=TOOL_TYPE_UNKNOWN, buttonState=0, metaState=0, flags=0x0, edgeFlags=0x0, pointerCount=1, historySize=0, eventTime=650037392, downTime=650037392, deviceId=0, source=0x1002 }
08-03 20:33:40.988 14119 14119 D AndroidRuntime: Shutting down VM
08-03 20:33:40.996 12289 12302 I art     : Explicit concurrent mark sweep GC freed 5(160B) AllocSpace objects, 0(0B) LOS objects, 28% free, 40MB/56MB, paused 1.536ms total 51.772ms
08-03 20:33:40.998   512  2967 D audio_hw_primary: out_set_parameters: enter: usecase(1: low-latency-playback) kvpairs: routing=2
08-03 20:33:41.000   918   928 I ActivityManager: START u0 {cmp=baseline.com.newsblur/.activity.AllSharedStoriesReading (has extras)} from uid 10625 on display 0
08-03 20:33:41.011   512  2967 D audio_hw_primary: select_devices: out_snd_device(2: speaker) in_snd_device(0: none)
08-03 20:33:41.012   512  2967 D msm8974_platform: platform_send_audio_calibration: sending audio calibration for snd_device(2) acdb_id(15)
08-03 20:33:41.012   512  2967 I soundtrigger: audio_extn_sound_trigger_update_device_status: device 0x2 of type 0 for Event 1
08-03 20:33:41.017 12289 12302 I art     : Starting a blocking GC Explicit
08-03 20:33:41.023   512  2967 D audio_hw_primary: enable_snd_device: snd_device(2: speaker)
08-03 20:33:41.025   512  2967 D audio_hw_primary: enable_audio_route: apply and update mixer path: low-latency-playback speaker
08-03 20:33:41.071 12289 12302 I art     : Explicit concurrent mark sweep GC freed 1484(146KB) AllocSpace objects, 4(508KB) LOS objects, 28% free, 41MB/57MB, paused 1.589ms total 53.425ms
08-03 20:33:41.230  9822  9822 I ServiceManager: Waiting for service AtCmdFwd...
08-03 20:33:41.261   918   936 I ActivityManager: Displayed baseline.com.newsblur/.activity.AllSharedStoriesReading: +251ms
08-03 20:33:41.262 13866 13866 I GoogleInputMethodServic: GoogleInputMethodService.onFinishInput():3138 
08-03 20:33:41.264 13866 13866 I GoogleInputMethodServic: GoogleInputMethodService.onStartInput():1808 
08-03 20:33:41.439 12289 12308 I art     : Starting a blocking GC Explicit
08-03 20:33:41.496 12289 12308 I art     : Explicit concurrent mark sweep GC freed 5329(430KB) AllocSpace objects, 15(336KB) LOS objects, 27% free, 41MB/57MB, paused 1.500ms total 56.404ms
08-03 20:33:41.513 12289 12308 I art     : Starting a blocking GC Explicit
08-03 20:33:41.561   512  2967 D audio_hw_primary: disable_audio_route: reset and update mixer path: low-latency-playback speaker
08-03 20:33:41.562   512  2967 D audio_hw_primary: disable_snd_device: snd_device(2: speaker)
08-03 20:33:41.563 12289 12308 I art     : Explicit concurrent mark sweep GC freed 1325(61KB) AllocSpace objects, 1(28KB) LOS objects, 27% free, 41MB/57MB, paused 1.423ms total 50.337ms
08-03 20:33:41.570   512  2967 I soundtrigger: audio_extn_sound_trigger_update_device_status: device 0x2 of type 0 for Event 0
08-03 20:33:41.577 12289 12308 I art     : Starting a blocking GC Explicit
08-03 20:33:41.599 12289 12854 E chromium: [ERROR:tile_manager.cc(793)] WARNING: tile memory limits exceeded, some content may not draw
08-03 20:33:41.599 12289 12854 E chromium: [ERROR:tile_manager.cc(793)] WARNING: tile memory limits exceeded, some content may not draw
08-03 20:33:41.626 12289 12308 I art     : Explicit concurrent mark sweep GC freed 65(18KB) AllocSpace objects, 0(0B) LOS objects, 27% free, 41MB/57MB, paused 1.322ms total 49.371ms
08-03 20:33:41.627 12289 12300 I art     : WaitForGcToComplete blocked for 31.775ms for cause HeapTrim
08-03 20:33:41.641 12289 12308 I art     : Starting a blocking GC Explicit
08-03 20:33:41.690 12289 12308 I art     : Explicit concurrent mark sweep GC freed 163(18KB) AllocSpace objects, 2(48KB) LOS objects, 27% free, 41MB/57MB, paused 1.430ms total 49.202ms
08-03 20:33:41.704 12289 12308 I art     : Starting a blocking GC Explicit
08-03 20:33:41.755 12289 12308 I art     : Explicit concurrent mark sweep GC freed 22(944B) AllocSpace objects, 0(0B) LOS objects, 27% free, 41MB/57MB, paused 1.389ms total 50.918ms
08-03 20:33:42.119 12289 12302 I art     : Starting a blocking GC Explicit
08-03 20:33:42.177 12289 12302 I art     : Explicit concurrent mark sweep GC freed 1608(91KB) AllocSpace objects, 1(20KB) LOS objects, 27% free, 41MB/57MB, paused 1.540ms total 57.882ms
08-03 20:33:42.191 12289 12302 I art     : Starting a blocking GC Explicit
08-03 20:33:42.231  9822  9822 I ServiceManager: Waiting for service AtCmdFwd...
08-03 20:33:42.249 12289 12302 I art     : Explicit concurrent mark sweep GC freed 28(1040B) AllocSpace objects, 0(0B) LOS objects, 27% free, 41MB/57MB, paused 1.516ms total 57.623ms
08-03 20:33:42.264 12289 12302 I art     : Starting a blocking GC Explicit
08-03 20:33:42.324 12289 12302 I art     : Explicit concurrent mark sweep GC freed 1693(65KB) AllocSpace objects, 0(0B) LOS objects, 27% free, 41MB/57MB, paused 1.582ms total 59.660ms
08-03 20:33:42.325 12289 13159 E baseline.com.newsblur.network.APIResponse: Error (unexpected end of stream on https://www.newsblur.com/...) calling https://www.newsblur.com/reader/mark_story_hashes_as_read/
08-03 20:33:42.325 12289 13159 E baseline.com.newsblur.network.APIResponse: java.io.IOException: unexpected end of stream on https://www.newsblur.com/...
08-03 20:33:42.325 12289 13159 E baseline.com.newsblur.network.APIResponse: 	at okhttp3.internal.http1.Http1ExchangeCodec.readResponseHeaders(Http1ExchangeCodec.java:236)
08-03 20:33:42.325 12289 13159 E baseline.com.newsblur.network.APIResponse: 	at okhttp3.internal.connection.Exchange.readResponseHeaders(Exchange.java:115)
08-03 20:33:42.325 12289 13159 E baseline.com.newsblur.network.APIResponse: 	at okhttp3.internal.http.CallServerInterceptor.intercept(CallServerInterceptor.java:94)
08-03 20:33:42.325 12289 13159 E baseline.com.newsblur.network.APIResponse: 	at okhttp3.internal.http.RealInterceptorChain.proceed(RealInterceptorChain.java:142)
08-03 20:33:42.325 12289 13159 E baseline.com.newsblur.network.APIResponse: 	at okhttp3.internal.connection.ConnectInterceptor.intercept(ConnectInterceptor.java:43)
08-03 20:33:42.325 12289 13159 E baseline.com.newsblur.network.APIResponse: 	at okhttp3.internal.http.RealInterceptorChain.proceed(RealInterceptorChain.java:142)
08-03 20:33:42.325 12289 13159 E baseline.com.newsblur.network.APIResponse: 	at okhttp3.internal.http.RealInterceptorChain.proceed(RealInterceptorChain.java:117)
08-03 20:33:42.325 12289 13159 E baseline.com.newsblur.network.APIResponse: 	at okhttp3.internal.cache.CacheInterceptor.intercept(CacheInterceptor.java:94)
08-03 20:33:42.325 12289 13159 E baseline.com.newsblur.network.APIResponse: 	at okhttp3.internal.http.RealInterceptorChain.proceed(RealInterceptorChain.java:142)
08-03 20:33:42.325 12289 13159 E baseline.com.newsblur.network.APIResponse: 	at okhttp3.internal.http.RealInterceptorChain.proceed(RealInterceptorChain.java:117)
08-03 20:33:42.325 12289 13159 E baseline.com.newsblur.network.APIResponse: 	at okhttp3.internal.http.BridgeInterceptor.intercept(BridgeInterceptor.java:93)
08-03 20:33:42.325 12289 13159 E baseline.com.newsblur.network.APIResponse: 	at okhttp3.internal.http.RealInterceptorChain.proceed(RealInterceptorChain.java:142)
08-03 20:33:42.325 12289 13159 E baseline.com.newsblur.network.APIResponse: 	at okhttp3.internal.http.RetryAndFollowUpInterceptor.intercept(RetryAndFollowUpInterceptor.java:88)
08-03 20:33:42.325 12289 13159 E baseline.com.newsblur.network.APIResponse: 	at okhttp3.internal.http.RealInterceptorChain.proceed(RealInterceptorChain.java:142)
08-03 20:33:42.325 12289 13159 E baseline.com.newsblur.network.APIResponse: 	at okhttp3.internal.http.RealInterceptorChain.proceed(RealInterceptorChain.java:117)
08-03 20:33:42.325 12289 13159 E baseline.com.newsblur.network.APIResponse: 	at okhttp3.RealCall.getResponseWithInterceptorChain(RealCall.java:229)
08-03 20:33:42.325 12289 13159 E baseline.com.newsblur.network.APIResponse: 	at okhttp3.RealCall.execute(RealCall.java:81)
08-03 20:33:42.325 12289 13159 E baseline.com.newsblur.network.APIResponse: 	at baseline.com.newsblur.network.APIResponse.<init>(APIResponse.java:57)
08-03 20:33:42.325 12289 13159 E baseline.com.newsblur.network.APIResponse: 	at baseline.com.newsblur.network.APIResponse.<init>(APIResponse.java:43)
08-03 20:33:42.325 12289 13159 E baseline.com.newsblur.network.APIResponse: 	at baseline.com.newsblur.network.APIManager.post_single(APIManager.java:702)
08-03 20:33:42.325 12289 13159 E baseline.com.newsblur.network.APIResponse: 	at baseline.com.newsblur.network.APIManager.post(APIManager.java:675)
08-03 20:33:42.325 12289 13159 E baseline.com.newsblur.network.APIResponse: 	at baseline.com.newsblur.network.APIManager.post(APIManager.java:714)
08-03 20:33:42.325 12289 13159 E baseline.com.newsblur.network.APIResponse: 	at baseline.com.newsblur.network.APIManager.markStoryAsRead(APIManager.java:205)
08-03 20:33:42.325 12289 13159 E baseline.com.newsblur.network.APIResponse: 	at baseline.com.newsblur.util.ReadingAction.doRemote(ReadingAction.java:281)
08-03 20:33:42.325 12289 13159 E baseline.com.newsblur.network.APIResponse: 	at baseline.com.newsblur.service.NBSyncService.syncActions(NBSyncService.java:400)
08-03 20:33:42.325 12289 13159 E baseline.com.newsblur.network.APIResponse: 	at baseline.com.newsblur.service.NBSyncService.doSync(NBSyncService.java:298)
08-03 20:33:42.325 12289 13159 E baseline.com.newsblur.network.APIResponse: 	at baseline.com.newsblur.service.NBSyncService.access$100(NBSyncService.java:67)
08-03 20:33:42.325 12289 13159 E baseline.com.newsblur.network.APIResponse: 	at baseline.com.newsblur.service.NBSyncService$1.run(NBSyncService.java:188)
08-03 20:33:42.325 12289 13159 E baseline.com.newsblur.network.APIResponse: 	at java.util.concurrent.ThreadPoolExecutor.runWorker(ThreadPoolExecutor.java:1113)
08-03 20:33:42.325 12289 13159 E baseline.com.newsblur.network.APIResponse: 	at java.util.concurrent.ThreadPoolExecutor$Worker.run(ThreadPoolExecutor.java:588)
08-03 20:33:42.325 12289 13159 E baseline.com.newsblur.network.APIResponse: 	at java.lang.Thread.run(Thread.java:818)
08-03 20:33:42.325 12289 13159 E baseline.com.newsblur.network.APIResponse: Caused by: java.io.EOFException: \n not found: limit=0 content=
08-03 20:33:42.325 12289 13159 E baseline.com.newsblur.network.APIResponse: 	at okio.RealBufferedSource.readUtf8LineStrict(RealBufferedSource.java:240)
08-03 20:33:42.325 12289 13159 E baseline.com.newsblur.network.APIResponse: 	at okhttp3.internal.http1.Http1ExchangeCodec.readHeaderLine(Http1ExchangeCodec.java:242)
08-03 20:33:42.325 12289 13159 E baseline.com.newsblur.network.APIResponse: 	at okhttp3.internal.http1.Http1ExchangeCodec.readResponseHeaders(Http1ExchangeCodec.java:213)
08-03 20:33:42.325 12289 13159 E baseline.com.newsblur.network.APIResponse: 	... 30 more
08-03 20:33:42.328 12289 13159 I baseline.com.newsblur.service.NBSyncService: Holding reading action with server-side or network error.
08-03 20:33:42.339 12289 12302 I art     : Starting a blocking GC Explicit
08-03 20:33:42.342 12289 13159 W baseline.com.newsblur.service.NBSyncService: hard API failure
08-03 20:33:42.395 12289 12302 I art     : Explicit concurrent mark sweep GC freed 1845(425KB) AllocSpace objects, 16(320KB) LOS objects, 27% free, 41MB/57MB, paused 1.442ms total 56.216ms
08-03 20:33:42.410 12289 12302 I art     : Starting a blocking GC Explicit
08-03 20:33:42.468 12289 12302 I art     : Explicit concurrent mark sweep GC freed 198(7KB) AllocSpace objects, 0(0B) LOS objects, 27% free, 41MB/57MB, paused 1.475ms total 58.222ms
08-03 20:33:42.588   518   646 I ThermalEngine: ACTION: GPU - Setting GPU[0] to 390000000
08-03 20:33:42.592 12289 12854 E chromium: [ERROR:tile_manager.cc(793)] WARNING: tile memory limits exceeded, some content may not draw
08-03 20:33:42.593 12289 12854 E chromium: [ERROR:tile_manager.cc(793)] WARNING: tile memory limits exceeded, some content may not draw
08-03 20:33:42.623 12289 12854 E chromium: [ERROR:tile_manager.cc(793)] WARNING: tile memory limits exceeded, some content may not draw
08-03 20:33:42.624 12289 12854 E chromium: [ERROR:tile_manager.cc(793)] WARNING: tile memory limits exceeded, some content may not draw
08-03 20:33:42.635 12289 12854 E chromium: [ERROR:tile_manager.cc(793)] WARNING: tile memory limits exceeded, some content may not draw
08-03 20:33:42.637 12289 12854 E chromium: [ERROR:tile_manager.cc(793)] WARNING: tile memory limits exceeded, some content may not draw
08-03 20:33:42.873 12289 12302 I art     : Starting a blocking GC Explicit
08-03 20:33:42.942 12289 12302 I art     : Explicit concurrent mark sweep GC freed 2046(103KB) AllocSpace objects, 1(20KB) LOS objects, 27% free, 41MB/57MB, paused 2.122ms total 68.448ms
08-03 20:33:42.964 12289 12302 I art     : Starting a blocking GC Explicit
08-03 20:33:43.038 12289 12302 I art     : Explicit concurrent mark sweep GC freed 22(784B) AllocSpace objects, 0(0B) LOS objects, 27% free, 41MB/57MB, paused 2.861ms total 73.321ms
08-03 20:33:43.060 12289 12302 I art     : Starting a blocking GC Explicit
08-03 20:33:43.131 12289 12302 I art     : Explicit concurrent mark sweep GC freed 3(96B) AllocSpace objects, 0(0B) LOS objects, 27% free, 41MB/57MB, paused 1.990ms total 70.608ms
08-03 20:33:43.153 12289 12302 I art     : Starting a blocking GC Explicit
08-03 20:33:43.225 12289 12302 I art     : Explicit concurrent mark sweep GC freed 3(96B) AllocSpace objects, 0(0B) LOS objects, 27% free, 41MB/57MB, paused 2.036ms total 71.743ms
08-03 20:33:43.231  9822  9822 W Atfwd_Sendcmd: AtCmdFwd service not published, waiting... retryCnt : 5
08-03 20:33:43.247 12289 12302 I art     : Starting a blocking GC Explicit
08-03 20:33:43.320 12289 12302 I art     : Explicit concurrent mark sweep GC freed 3(96B) AllocSpace objects, 0(0B) LOS objects, 27% free, 41MB/57MB, paused 2.311ms total 71.980ms
08-03 20:33:43.760 12289 12521 I art     : Starting a blocking GC Explicit
08-03 20:33:43.835 12289 12521 I art     : Explicit concurrent mark sweep GC freed 1402(81KB) AllocSpace objects, 1(20KB) LOS objects, 27% free, 41MB/57MB, paused 2.528ms total 74.904ms
08-03 20:33:43.860 12289 12521 I art     : Starting a blocking GC Explicit
08-03 20:33:43.926 12289 12521 I art     : Explicit concurrent mark sweep GC freed 20(704B) AllocSpace objects, 0(0B) LOS objects, 27% free, 41MB/57MB, paused 1.898ms total 65.465ms
08-03 20:33:43.947 12289 12521 I art     : Starting a blocking GC Explicit
08-03 20:33:44.017 12289 12521 I art     : Explicit concurrent mark sweep GC freed 3(96B) AllocSpace objects, 0(0B) LOS objects, 27% free, 41MB/57MB, paused 2.099ms total 69.658ms
08-03 20:33:44.039 12289 12521 I art     : Starting a blocking GC Explicit
08-03 20:33:44.111 12289 12521 I art     : Explicit concurrent mark sweep GC freed 3(96B) AllocSpace objects, 0(0B) LOS objects, 27% free, 41MB/57MB, paused 2.079ms total 71.451ms
08-03 20:33:44.132 12289 12521 I art     : Starting a blocking GC Explicit
08-03 20:33:44.206 12289 12521 I art     : Explicit concurrent mark sweep GC freed 3(96B) AllocSpace objects, 0(0B) LOS objects, 27% free, 41MB/57MB, paused 2.022ms total 73.227ms
08-03 20:33:44.587   518   646 I ThermalEngine: ACTION: GPU - Setting GPU[0] to 450000000
08-03 20:33:44.642 12289 14107 I art     : Starting a blocking GC Explicit
08-03 20:33:44.704 12289 14107 I art     : Explicit concurrent mark sweep GC freed 1403(81KB) AllocSpace objects, 1(20KB) LOS objects, 27% free, 41MB/57MB, paused 1.507ms total 62.213ms
08-03 20:33:44.721 12289 14107 I art     : Starting a blocking GC Explicit
08-03 20:33:44.779 12289 14107 I art     : Explicit concurrent mark sweep GC freed 20(704B) AllocSpace objects, 0(0B) LOS objects, 27% free, 41MB/57MB, paused 1.498ms total 57.705ms
08-03 20:33:44.794 12289 14107 I art     : Starting a blocking GC Explicit
08-03 20:33:44.856 12289 14107 I art     : Explicit concurrent mark sweep GC freed 3(96B) AllocSpace objects, 0(0B) LOS objects, 27% free, 41MB/57MB, paused 1.470ms total 61.623ms
08-03 20:33:44.871 12289 14107 I art     : Starting a blocking GC Explicit
08-03 20:33:44.931 12289 14107 I art     : Explicit concurrent mark sweep GC freed 3(96B) AllocSpace objects, 0(0B) LOS objects, 27% free, 41MB/57MB, paused 1.473ms total 60.308ms
08-03 20:33:44.946 12289 14107 I art     : Starting a blocking GC Explicit
08-03 20:33:45.009 12289 14107 I art     : Explicit concurrent mark sweep GC freed 3(96B) AllocSpace objects, 0(0B) LOS objects, 27% free, 41MB/57MB, paused 1.415ms total 62.804ms
08-03 20:33:45.392 12289 12308 I art     : Starting a blocking GC Explicit
08-03 20:33:45.456 12289 12308 I art     : Explicit concurrent mark sweep GC freed 1402(81KB) AllocSpace objects, 1(20KB) LOS objects, 27% free, 41MB/57MB, paused 1.510ms total 62.849ms
08-03 20:33:45.471 12289 12308 I art     : Starting a blocking GC Explicit
08-03 20:33:45.530 12289 12308 I art     : Explicit concurrent mark sweep GC freed 20(704B) AllocSpace objects, 0(0B) LOS objects, 27% free, 41MB/57MB, paused 1.492ms total 58.796ms
08-03 20:33:45.545 12289 12308 I art     : Starting a blocking GC Explicit
08-03 20:33:45.605 12289 12308 I art     : Explicit concurrent mark sweep GC freed 3(96B) AllocSpace objects, 0(0B) LOS objects, 27% free, 41MB/57MB, paused 1.602ms total 59.768ms
08-03 20:33:45.620 12289 12308 I art     : Starting a blocking GC Explicit
08-03 20:33:45.678 12289 12308 I art     : Explicit concurrent mark sweep GC freed 3(96B) AllocSpace objects, 0(0B) LOS objects, 27% free, 41MB/57MB, paused 1.547ms total 57.847ms
08-03 20:33:45.692 12289 12308 I art     : Starting a blocking GC Explicit
08-03 20:33:45.753 12289 12308 I art     : Explicit concurrent mark sweep GC freed 3(96B) AllocSpace objects, 0(0B) LOS objects, 27% free, 41MB/57MB, paused 1.505ms total 60.500ms
08-03 20:33:45.783 14200 14200 D AndroidRuntime: >>>>>> START com.android.internal.os.RuntimeInit uid 2000 <<<<<<
08-03 20:33:45.789 14200 14200 D AndroidRuntime: CheckJNI is OFF
08-03 20:33:45.828 14200 14200 D ICU     : No timezone override file found: /data/misc/zoneinfo/current/icu/icu_tzdata.dat
08-03 20:33:45.871 14200 14200 I Radio-JNI: register_android_hardware_Radio DONE
08-03 20:33:45.902 14200 14200 D AndroidRuntime: Calling main entry com.android.commands.input.Input
08-03 20:33:45.904 14200 14200 I Input   : injectKeyEvent: KeyEvent { action=ACTION_DOWN, keyCode=KEYCODE_BACK, scanCode=0, metaState=0, flags=0x0, repeatCount=0, eventTime=650042317, downTime=650042317, deviceId=-1, source=0x101 }
08-03 20:33:45.915 14200 14200 I Input   : injectKeyEvent: KeyEvent { action=ACTION_UP, keyCode=KEYCODE_BACK, scanCode=0, metaState=0, flags=0x0, repeatCount=0, eventTime=650042317, downTime=650042317, deviceId=-1, source=0x101 }
08-03 20:33:45.923 14200 14200 D AndroidRuntime: Shutting down VM
08-03 20:33:45.935 12289 12289 D baseline.com.newsblur.service.NBSyncService: rejecting request for feedset that is exhaused
08-03 20:33:46.118 12289 12289 D baseline.com.newsblur.service.NBSyncService: rejecting request for feedset that is exhaused
08-03 20:33:46.118 12289 12308 I art     : Starting a blocking GC Explicit
08-03 20:33:46.121 13866 13866 I GoogleInputMethodServic: GoogleInputMethodService.onFinishInput():3138 
08-03 20:33:46.122 13866 13866 I GoogleInputMethodServic: GoogleInputMethodService.onStartInput():1808 
08-03 20:33:46.175 12289 12308 I art     : Explicit concurrent mark sweep GC freed 2823(223KB) AllocSpace objects, 5(100KB) LOS objects, 27% free, 41MB/57MB, paused 1.694ms total 56.172ms
08-03 20:33:46.190 12289 12308 I art     : Starting a blocking GC Explicit
08-03 20:33:46.240 12289 12308 I art     : Explicit concurrent mark sweep GC freed 557(42KB) AllocSpace objects, 1(28KB) LOS objects, 27% free, 41MB/57MB, paused 1.258ms total 48.957ms
08-03 20:33:46.253 12289 12308 I art     : Starting a blocking GC Explicit
08-03 20:33:46.302 12289 12308 I art     : Explicit concurrent mark sweep GC freed 12(384B) AllocSpace objects, 0(0B) LOS objects, 27% free, 41MB/57MB, paused 1.370ms total 48.936ms
08-03 20:33:46.315 12289 12308 I art     : Starting a blocking GC Explicit
08-03 20:33:46.364 12289 12308 I art     : Explicit concurrent mark sweep GC freed 3(96B) AllocSpace objects, 0(0B) LOS objects, 27% free, 41MB/57MB, paused 1.345ms total 48.895ms
08-03 20:33:46.379 12289 12308 I art     : Starting a blocking GC Explicit
08-03 20:33:46.430 12289 12308 I art     : Explicit concurrent mark sweep GC freed 3(96B) AllocSpace objects, 0(0B) LOS objects, 27% free, 41MB/57MB, paused 1.337ms total 50.844ms
08-03 20:33:46.801 12289 12302 I art     : Starting a blocking GC Explicit
08-03 20:33:46.862 12289 12302 I art     : Explicit concurrent mark sweep GC freed 3115(162KB) AllocSpace objects, 1(20KB) LOS objects, 27% free, 41MB/57MB, paused 1.536ms total 60.565ms
08-03 20:33:46.877 12289 12302 I art     : Starting a blocking GC Explicit
08-03 20:33:46.939 12289 12302 I art     : Explicit concurrent mark sweep GC freed 157(7KB) AllocSpace objects, 0(0B) LOS objects, 27% free, 41MB/57MB, paused 1.529ms total 61.768ms
08-03 20:33:46.957 12289 12302 I art     : Starting a blocking GC Explicit
08-03 20:33:47.015 12289 12302 I art     : Explicit concurrent mark sweep GC freed 11(352B) AllocSpace objects, 0(0B) LOS objects, 27% free, 41MB/57MB, paused 1.351ms total 58.008ms
08-03 20:33:47.031 12289 12302 I art     : Starting a blocking GC Explicit
08-03 20:33:47.091 12289 12302 I art     : Explicit concurrent mark sweep GC freed 13(416B) AllocSpace objects, 0(0B) LOS objects, 27% free, 41MB/57MB, paused 1.555ms total 59.427ms
08-03 20:33:47.107 12289 12302 I art     : Starting a blocking GC Explicit
08-03 20:33:47.169 12289 12302 I art     : Explicit concurrent mark sweep GC freed 12(384B) AllocSpace objects, 0(0B) LOS objects, 27% free, 41MB/57MB, paused 1.556ms total 62.457ms
08-03 20:33:47.559 12289 12521 I art     : Starting a blocking GC Explicit
08-03 20:33:47.626 12289 12521 I art     : Explicit concurrent mark sweep GC freed 1451(82KB) AllocSpace objects, 1(20KB) LOS objects, 27% free, 41MB/57MB, paused 1.435ms total 66.022ms
08-03 20:33:47.640 12289 12521 I art     : Starting a blocking GC Explicit
08-03 20:33:47.700 12289 12521 I art     : Explicit concurrent mark sweep GC freed 20(704B) AllocSpace objects, 0(0B) LOS objects, 27% free, 41MB/57MB, paused 1.599ms total 59.742ms
08-03 20:33:47.704 14237 14237 D AndroidRuntime: >>>>>> START com.android.internal.os.RuntimeInit uid 2000 <<<<<<
08-03 20:33:47.710 14237 14237 D AndroidRuntime: CheckJNI is OFF
08-03 20:33:47.715 12289 12521 I art     : Starting a blocking GC Explicit
08-03 20:33:47.754 14237 14237 D ICU     : No timezone override file found: /data/misc/zoneinfo/current/icu/icu_tzdata.dat
08-03 20:33:47.772 12289 12521 I art     : Explicit concurrent mark sweep GC freed 3(96B) AllocSpace objects, 0(0B) LOS objects, 27% free, 41MB/57MB, paused 1.449ms total 56.838ms
08-03 20:33:47.787 12289 12521 I art     : Starting a blocking GC Explicit
08-03 20:33:47.799 14237 14237 I Radio-JNI: register_android_hardware_Radio DONE
08-03 20:33:47.828 14237 14237 D AndroidRuntime: Calling main entry com.android.commands.input.Input
08-03 20:33:47.830 14237 14237 I Input   : injectKeyEvent: KeyEvent { action=ACTION_DOWN, keyCode=KEYCODE_BACK, scanCode=0, metaState=0, flags=0x0, repeatCount=0, eventTime=650044243, downTime=650044243, deviceId=-1, source=0x101 }
08-03 20:33:47.836 14237 14237 I Input   : injectKeyEvent: KeyEvent { action=ACTION_UP, keyCode=KEYCODE_BACK, scanCode=0, metaState=0, flags=0x0, repeatCount=0, eventTime=650044243, downTime=650044243, deviceId=-1, source=0x101 }
08-03 20:33:47.842 14237 14237 D AndroidRuntime: Shutting down VM
08-03 20:33:47.845 12289 12521 I art     : Explicit concurrent mark sweep GC freed 53(2528B) AllocSpace objects, 0(0B) LOS objects, 27% free, 41MB/57MB, paused 1.469ms total 58.578ms
08-03 20:33:47.860 12289 12521 I art     : Starting a blocking GC Explicit
08-03 20:33:47.916 12289 12521 I art     : Explicit concurrent mark sweep GC freed 297(63KB) AllocSpace objects, 4(80KB) LOS objects, 27% free, 41MB/57MB, paused 1.482ms total 55.710ms
08-03 20:33:48.059 13866 13866 I GoogleInputMethodServic: GoogleInputMethodService.onFinishInput():3138 
08-03 20:33:48.059 13866 13866 I GoogleInputMethodServic: GoogleInputMethodService.onStartInput():1808 
08-03 20:33:48.275 12289 12308 I art     : Starting a blocking GC Explicit
08-03 20:33:48.329 12289 12308 I art     : Explicit concurrent mark sweep GC freed 11718(755KB) AllocSpace objects, 13(260KB) LOS objects, 27% free, 41MB/57MB, paused 1.413ms total 54.292ms
08-03 20:33:48.343 12289 12308 I art     : Starting a blocking GC Explicit
08-03 20:33:48.396 12289 12308 I art     : Explicit concurrent mark sweep GC freed 242(9KB) AllocSpace objects, 0(0B) LOS objects, 27% free, 41MB/57MB, paused 1.352ms total 52.513ms
08-03 20:33:48.409 12289 12308 I art     : Starting a blocking GC Explicit
08-03 20:33:48.463 12289 12308 I art     : Explicit concurrent mark sweep GC freed 451(20KB) AllocSpace objects, 0(0B) LOS objects, 27% free, 41MB/57MB, paused 1.535ms total 53.495ms
08-03 20:33:48.477 12289 12308 I art     : Starting a blocking GC Explicit
08-03 20:33:48.531 12289 12308 I art     : Explicit concurrent mark sweep GC freed 1447(87KB) AllocSpace objects, 2(120KB) LOS objects, 27% free, 41MB/57MB, paused 1.894ms total 54.243ms
08-03 20:33:48.545 12289 12308 I art     : Starting a blocking GC Explicit
08-03 20:33:48.596   518   646 I ThermalEngine: ACTION: GPU - Setting GPU[0] to 390000000
08-03 20:33:48.600 12289 14263 E baseline.com.newsblur.network.APIResponse: Error (unexpected end of stream on https://www.newsblur.com/...) calling https://www.newsblur.com/reader/mark_story_hashes_as_read/
08-03 20:33:48.600 12289 14263 E baseline.com.newsblur.network.APIResponse: java.io.IOException: unexpected end of stream on https://www.newsblur.com/...
08-03 20:33:48.600 12289 14263 E baseline.com.newsblur.network.APIResponse: 	at okhttp3.internal.http1.Http1ExchangeCodec.readResponseHeaders(Http1ExchangeCodec.java:236)
08-03 20:33:48.600 12289 14263 E baseline.com.newsblur.network.APIResponse: 	at okhttp3.internal.connection.Exchange.readResponseHeaders(Exchange.java:115)
08-03 20:33:48.600 12289 14263 E baseline.com.newsblur.network.APIResponse: 	at okhttp3.internal.http.CallServerInterceptor.intercept(CallServerInterceptor.java:94)
08-03 20:33:48.600 12289 14263 E baseline.com.newsblur.network.APIResponse: 	at okhttp3.internal.http.RealInterceptorChain.proceed(RealInterceptorChain.java:142)
08-03 20:33:48.600 12289 14263 E baseline.com.newsblur.network.APIResponse: 	at okhttp3.internal.connection.ConnectInterceptor.intercept(ConnectInterceptor.java:43)
08-03 20:33:48.600 12289 14263 E baseline.com.newsblur.network.APIResponse: 	at okhttp3.internal.http.RealInterceptorChain.proceed(RealInterceptorChain.java:142)
08-03 20:33:48.600 12289 14263 E baseline.com.newsblur.network.APIResponse: 	at okhttp3.internal.http.RealInterceptorChain.proceed(RealInterceptorChain.java:117)
08-03 20:33:48.600 12289 14263 E baseline.com.newsblur.network.APIResponse: 	at okhttp3.internal.cache.CacheInterceptor.intercept(CacheInterceptor.java:94)
08-03 20:33:48.600 12289 14263 E baseline.com.newsblur.network.APIResponse: 	at okhttp3.internal.http.RealInterceptorChain.proceed(RealInterceptorChain.java:142)
08-03 20:33:48.600 12289 14263 E baseline.com.newsblur.network.APIResponse: 	at okhttp3.internal.http.RealInterceptorChain.proceed(RealInterceptorChain.java:117)
08-03 20:33:48.600 12289 14263 E baseline.com.newsblur.network.APIResponse: 	at okhttp3.internal.http.BridgeInterceptor.intercept(BridgeInterceptor.java:93)
08-03 20:33:48.600 12289 14263 E baseline.com.newsblur.network.APIResponse: 	at okhttp3.internal.http.RealInterceptorChain.proceed(RealInterceptorChain.java:142)
08-03 20:33:48.600 12289 14263 E baseline.com.newsblur.network.APIResponse: 	at okhttp3.internal.http.RetryAndFollowUpInterceptor.intercept(RetryAndFollowUpInterceptor.java:88)
08-03 20:33:48.600 12289 14263 E baseline.com.newsblur.network.APIResponse: 	at okhttp3.internal.http.RealInterceptorChain.proceed(RealInterceptorChain.java:142)
08-03 20:33:48.600 12289 14263 E baseline.com.newsblur.network.APIResponse: 	at okhttp3.internal.http.RealInterceptorChain.proceed(RealInterceptorChain.java:117)
08-03 20:33:48.600 12289 14263 E baseline.com.newsblur.network.APIResponse: 	at okhttp3.RealCall.getResponseWithInterceptorChain(RealCall.java:229)
08-03 20:33:48.600 12289 14263 E baseline.com.newsblur.network.APIResponse: 	at okhttp3.RealCall.execute(RealCall.java:81)
08-03 20:33:48.600 12289 14263 E baseline.com.newsblur.network.APIResponse: 	at baseline.com.newsblur.network.APIResponse.<init>(APIResponse.java:57)
08-03 20:33:48.600 12289 14263 E baseline.com.newsblur.network.APIResponse: 	at baseline.com.newsblur.network.APIResponse.<init>(APIResponse.java:43)
08-03 20:33:48.600 12289 14263 E baseline.com.newsblur.network.APIResponse: 	at baseline.com.newsblur.network.APIManager.post_single(APIManager.java:702)
08-03 20:33:48.600 12289 14263 E baseline.com.newsblur.network.APIResponse: 	at baseline.com.newsblur.network.APIManager.post(APIManager.java:675)
08-03 20:33:48.600 12289 14263 E baseline.com.newsblur.network.APIResponse: 	at baseline.com.newsblur.network.APIManager.post(APIManager.java:714)
08-03 20:33:48.600 12289 14263 E baseline.com.newsblur.network.APIResponse: 	at baseline.com.newsblur.network.APIManager.markStoryAsRead(APIManager.java:205)
08-03 20:33:48.600 12289 14263 E baseline.com.newsblur.network.APIResponse: 	at baseline.com.newsblur.util.ReadingAction.doRemote(ReadingAction.java:281)
08-03 20:33:48.600 12289 14263 E baseline.com.newsblur.network.APIResponse: 	at baseline.com.newsblur.service.NBSyncService.syncActions(NBSyncService.java:400)
08-03 20:33:48.600 12289 14263 E baseline.com.newsblur.network.APIResponse: 	at baseline.com.newsblur.service.NBSyncService.doSync(NBSyncService.java:298)
08-03 20:33:48.600 12289 14263 E baseline.com.newsblur.network.APIResponse: 	at baseline.com.newsblur.service.NBSyncService.access$100(NBSyncService.java:67)
08-03 20:33:48.600 12289 14263 E baseline.com.newsblur.network.APIResponse: 	at baseline.com.newsblur.service.NBSyncService$1.run(NBSyncService.java:188)
08-03 20:33:48.600 12289 14263 E baseline.com.newsblur.network.APIResponse: 	at java.util.concurrent.ThreadPoolExecutor.runWorker(ThreadPoolExecutor.java:1113)
08-03 20:33:48.600 12289 14263 E baseline.com.newsblur.network.APIResponse: 	at java.util.concurrent.ThreadPoolExecutor$Worker.run(ThreadPoolExecutor.java:588)
08-03 20:33:48.600 12289 14263 E baseline.com.newsblur.network.APIResponse: 	at java.lang.Thread.run(Thread.java:818)
08-03 20:33:48.600 12289 14263 E baseline.com.newsblur.network.APIResponse: Caused by: java.io.EOFException: \n not found: limit=0 content=
08-03 20:33:48.600 12289 14263 E baseline.com.newsblur.network.APIResponse: 	at okio.RealBufferedSource.readUtf8LineStrict(RealBufferedSource.java:240)
08-03 20:33:48.600 12289 14263 E baseline.com.newsblur.network.APIResponse: 	at okhttp3.internal.http1.Http1ExchangeCodec.readHeaderLine(Http1ExchangeCodec.java:242)
08-03 20:33:48.600 12289 14263 E baseline.com.newsblur.network.APIResponse: 	at okhttp3.internal.http1.Http1ExchangeCodec.readResponseHeaders(Http1ExchangeCodec.java:213)
08-03 20:33:48.600 12289 14263 E baseline.com.newsblur.network.APIResponse: 	... 30 more
08-03 20:33:48.601 12289 14263 I baseline.com.newsblur.network.APIManager: API call failed, pausing before retry number 1
08-03 20:33:48.606 12289 12308 I art     : Explicit concurrent mark sweep GC freed 2703(261KB) AllocSpace objects, 1(80KB) LOS objects, 27% free, 41MB/57MB, paused 2.318ms total 61.276ms
08-03 20:33:49.038 12289 14107 I art     : Starting a blocking GC Explicit
08-03 20:33:49.120 12289 14107 I art     : Explicit concurrent mark sweep GC freed 2433(223KB) AllocSpace objects, 3(60KB) LOS objects, 27% free, 41MB/57MB, paused 2.163ms total 80.466ms
08-03 20:33:49.139 12289 14107 I art     : Starting a blocking GC Explicit
08-03 20:33:49.209 12289 14107 I art     : Explicit concurrent mark sweep GC freed 75(2672B) AllocSpace objects, 0(0B) LOS objects, 27% free, 41MB/57MB, paused 2.331ms total 69.424ms
08-03 20:33:49.232 12289 14107 I art     : Starting a blocking GC Explicit
08-03 20:33:49.305 12289 14107 I art     : Explicit concurrent mark sweep GC freed 14(448B) AllocSpace objects, 0(0B) LOS objects, 27% free, 41MB/57MB, paused 2.251ms total 72.809ms
08-03 20:33:49.328 12289 14107 I art     : Starting a blocking GC Explicit
08-03 20:33:49.403 12289 14107 I art     : Explicit concurrent mark sweep GC freed 15(480B) AllocSpace objects, 0(0B) LOS objects, 27% free, 41MB/57MB, paused 2.167ms total 74.819ms
08-03 20:33:49.424 12289 14107 I art     : Starting a blocking GC Explicit
08-03 20:33:49.496 12289 14107 I art     : Explicit concurrent mark sweep GC freed 13(416B) AllocSpace objects, 0(0B) LOS objects, 27% free, 41MB/57MB, paused 2.507ms total 71.727ms
08-03 20:33:49.751 14284 14284 D AndroidRuntime: >>>>>> START com.android.internal.os.RuntimeInit uid 2000 <<<<<<
08-03 20:33:49.757 14284 14284 D AndroidRuntime: CheckJNI is OFF
08-03 20:33:49.808 14284 14284 D ICU     : No timezone override file found: /data/misc/zoneinfo/current/icu/icu_tzdata.dat
08-03 20:33:49.856 14284 14284 I Radio-JNI: register_android_hardware_Radio DONE
08-03 20:33:49.888 14284 14284 D AndroidRuntime: Calling main entry com.android.commands.input.Input
08-03 20:33:49.890 14284 14284 I Input   : injectMotionEvent: MotionEvent { action=ACTION_DOWN, actionButton=0, id[0]=0, x[0]=553.0, y[0]=442.0, toolType[0]=TOOL_TYPE_UNKNOWN, buttonState=0, metaState=0, flags=0x0, edgeFlags=0x0, pointerCount=1, historySize=0, eventTime=650046303, downTime=650046303, deviceId=0, source=0x1002 }
08-03 20:33:49.896 14284 14284 I Input   : injectMotionEvent: MotionEvent { action=ACTION_UP, actionButton=0, id[0]=0, x[0]=553.0, y[0]=442.0, toolType[0]=TOOL_TYPE_UNKNOWN, buttonState=0, metaState=0, flags=0x0, edgeFlags=0x0, pointerCount=1, historySize=0, eventTime=650046303, downTime=650046303, deviceId=0, source=0x1002 }
08-03 20:33:49.899 14284 14284 D AndroidRuntime: Shutting down VM
08-03 20:33:49.907 12289 12521 I art     : Starting a blocking GC Explicit
08-03 20:33:49.969   918   928 I ActivityManager: START u0 {cmp=baseline.com.newsblur/.activity.AllSharedStoriesItemsList (has extras)} from uid 10625 on display 0
08-03 20:33:49.981 12289 12521 I art     : Explicit concurrent mark sweep GC freed 1937(150KB) AllocSpace objects, 1(20KB) LOS objects, 27% free, 41MB/57MB, paused 2.451ms total 73.611ms
08-03 20:33:50.004 12289 12521 I art     : Starting a blocking GC Explicit
08-03 20:33:50.005 12289 12846 I baseline.com.newsblur.database.BlurDatabaseHelper: reading session reset
08-03 20:33:50.066 12289 12521 I art     : Explicit concurrent mark sweep GC freed 1676(161KB) AllocSpace objects, 5(192KB) LOS objects, 27% free, 41MB/57MB, paused 2.104ms total 61.581ms
08-03 20:33:50.088 12289 12521 I art     : Starting a blocking GC Explicit
08-03 20:33:50.158 12289 12521 I art     : Explicit concurrent mark sweep GC freed 383(17KB) AllocSpace objects, 0(0B) LOS objects, 27% free, 41MB/57MB, paused 2.368ms total 70.423ms
08-03 20:33:50.180 12289 12521 I art     : Starting a blocking GC Explicit
08-03 20:33:50.254 12289 12521 I art     : Explicit concurrent mark sweep GC freed 661(51KB) AllocSpace objects, 1(20KB) LOS objects, 27% free, 41MB/57MB, paused 2.235ms total 73.903ms
08-03 20:33:50.270 12289 12289 D baseline.com.newsblur.service.NBSyncService: rejecting request for feedset that is exhaused
08-03 20:33:50.277 12289 12521 I art     : Starting a blocking GC Explicit
08-03 20:33:50.281 12289 12289 W View    : requestLayout() improperly called by android.widget.FrameLayout{a1143a1 V.E...... ......ID 0,0-1440,18 #7f07003f app:id/footer_view_inner} during layout: running second layout pass
08-03 20:33:50.282 12289 12289 W View    : requestLayout() improperly called by android.widget.FrameLayout{b7b09c6 V.E...... ......ID 0,0-1440,2091 #7f07003f app:id/footer_view_inner} during layout: running second layout pass
08-03 20:33:50.306   918   936 I ActivityManager: Displayed baseline.com.newsblur/.activity.AllSharedStoriesItemsList: +324ms
08-03 20:33:50.308 13866 13866 I GoogleInputMethodServic: GoogleInputMethodService.onFinishInput():3138 
08-03 20:33:50.308 13866 13866 I GoogleInputMethodServic: GoogleInputMethodService.onStartInput():1808 
08-03 20:33:50.348 12289 12521 I art     : Explicit concurrent mark sweep GC freed 913(71KB) AllocSpace objects, 4(80KB) LOS objects, 27% free, 41MB/57MB, paused 2.689ms total 70.643ms
08-03 20:33:50.408 12289 12554 I NAPPA_EXPERIMENTATION: MetricNetworkRequestExecutionTime: REQUEST_DURATION_SYSTEM='41',REQUEST_DURATION_OKHTTP='40',REQUEST_SYNCHRONOUS='TRUE',RESPONSE_CODE='200',RESPONSE_METHOD='GET',RESPONSE_LENGTH_OKHTTP='43',RESPONSE_LENGTH_HEADER='43',REQUEST_PROTOCOL='http/1.1',REQUEST_URL='http://feeds.feedburner.com/~r/retort/~4/UffaFMiJbNs',
08-03 20:33:50.516 12289 14263 E baseline.com.newsblur.network.APIResponse: Error (unexpected end of stream on https://www.newsblur.com/...) calling https://www.newsblur.com/reader/mark_story_hashes_as_read/
08-03 20:33:50.516 12289 14263 E baseline.com.newsblur.network.APIResponse: java.io.IOException: unexpected end of stream on https://www.newsblur.com/...
08-03 20:33:50.516 12289 14263 E baseline.com.newsblur.network.APIResponse: 	at okhttp3.internal.http1.Http1ExchangeCodec.readResponseHeaders(Http1ExchangeCodec.java:236)
08-03 20:33:50.516 12289 14263 E baseline.com.newsblur.network.APIResponse: 	at okhttp3.internal.connection.Exchange.readResponseHeaders(Exchange.java:115)
08-03 20:33:50.516 12289 14263 E baseline.com.newsblur.network.APIResponse: 	at okhttp3.internal.http.CallServerInterceptor.intercept(CallServerInterceptor.java:94)
08-03 20:33:50.516 12289 14263 E baseline.com.newsblur.network.APIResponse: 	at okhttp3.internal.http.RealInterceptorChain.proceed(RealInterceptorChain.java:142)
08-03 20:33:50.516 12289 14263 E baseline.com.newsblur.network.APIResponse: 	at okhttp3.internal.connection.ConnectInterceptor.intercept(ConnectInterceptor.java:43)
08-03 20:33:50.516 12289 14263 E baseline.com.newsblur.network.APIResponse: 	at okhttp3.internal.http.RealInterceptorChain.proceed(RealInterceptorChain.java:142)
08-03 20:33:50.516 12289 14263 E baseline.com.newsblur.network.APIResponse: 	at okhttp3.internal.http.RealInterceptorChain.proceed(RealInterceptorChain.java:117)
08-03 20:33:50.516 12289 14263 E baseline.com.newsblur.network.APIResponse: 	at okhttp3.internal.cache.CacheInterceptor.intercept(CacheInterceptor.java:94)
08-03 20:33:50.516 12289 14263 E baseline.com.newsblur.network.APIResponse: 	at okhttp3.internal.http.RealInterceptorChain.proceed(RealInterceptorChain.java:142)
08-03 20:33:50.516 12289 14263 E baseline.com.newsblur.network.APIResponse: 	at okhttp3.internal.http.RealInterceptorChain.proceed(RealInterceptorChain.java:117)
08-03 20:33:50.516 12289 14263 E baseline.com.newsblur.network.APIResponse: 	at okhttp3.internal.http.BridgeInterceptor.intercept(BridgeInterceptor.java:93)
08-03 20:33:50.516 12289 14263 E baseline.com.newsblur.network.APIResponse: 	at okhttp3.internal.http.RealInterceptorChain.proceed(RealInterceptorChain.java:142)
08-03 20:33:50.516 12289 14263 E baseline.com.newsblur.network.APIResponse: 	at okhttp3.internal.http.RetryAndFollowUpInterceptor.intercept(RetryAndFollowUpInterceptor.java:88)
08-03 20:33:50.516 12289 14263 E baseline.com.newsblur.network.APIResponse: 	at okhttp3.internal.http.RealInterceptorChain.proceed(RealInterceptorChain.java:142)
08-03 20:33:50.516 12289 14263 E baseline.com.newsblur.network.APIResponse: 	at okhttp3.internal.http.RealInterceptorChain.proceed(RealInterceptorChain.java:117)
08-03 20:33:50.516 12289 14263 E baseline.com.newsblur.network.APIResponse: 	at okhttp3.RealCall.getResponseWithInterceptorChain(RealCall.java:229)
08-03 20:33:50.516 12289 14263 E baseline.com.newsblur.network.APIResponse: 	at okhttp3.RealCall.execute(RealCall.java:81)
08-03 20:33:50.516 12289 14263 E baseline.com.newsblur.network.APIResponse: 	at baseline.com.newsblur.network.APIResponse.<init>(APIResponse.java:57)
08-03 20:33:50.516 12289 14263 E baseline.com.newsblur.network.APIResponse: 	at baseline.com.newsblur.network.APIResponse.<init>(APIResponse.java:43)
08-03 20:33:50.516 12289 14263 E baseline.com.newsblur.network.APIResponse: 	at baseline.com.newsblur.network.APIManager.post_single(APIManager.java:702)
08-03 20:33:50.516 12289 14263 E baseline.com.newsblur.network.APIResponse: 	at baseline.com.newsblur.network.APIManager.post(APIManager.java:675)
08-03 20:33:50.516 12289 14263 E baseline.com.newsblur.network.APIResponse: 	at baseline.com.newsblur.network.APIManager.post(APIManager.java:714)
08-03 20:33:50.516 12289 14263 E baseline.com.newsblur.network.APIResponse: 	at baseline.com.newsblur.network.APIManager.markStoryAsRead(APIManager.java:205)
08-03 20:33:50.516 12289 14263 E baseline.com.newsblur.network.APIResponse: 	at baseline.com.newsblur.util.ReadingAction.doRemote(ReadingAction.java:281)
08-03 20:33:50.516 12289 14263 E baseline.com.newsblur.network.APIResponse: 	at baseline.com.newsblur.service.NBSyncService.syncActions(NBSyncService.java:400)
08-03 20:33:50.516 12289 14263 E baseline.com.newsblur.network.APIResponse: 	at baseline.com.newsblur.service.NBSyncService.doSync(NBSyncService.java:298)
08-03 20:33:50.516 12289 14263 E baseline.com.newsblur.network.APIResponse: 	at baseline.com.newsblur.service.NBSyncService.access$100(NBSyncService.java:67)
08-03 20:33:50.516 12289 14263 E baseline.com.newsblur.network.APIResponse: 	at baseline.com.newsblur.service.NBSyncService$1.run(NBSyncService.java:188)
08-03 20:33:50.516 12289 14263 E baseline.com.newsblur.network.APIResponse: 	at java.util.concurrent.ThreadPoolExecutor.runWorker(ThreadPoolExecutor.java:1113)
08-03 20:33:50.516 12289 14263 E baseline.com.newsblur.network.APIResponse: 	at java.util.concurrent.ThreadPoolExecutor$Worker.run(ThreadPoolExecutor.java:588)
08-03 20:33:50.516 12289 14263 E baseline.com.newsblur.network.APIResponse: 	at java.lang.Thread.run(Thread.java:818)
08-03 20:33:50.516 12289 14263 E baseline.com.newsblur.network.APIResponse: Caused by: java.io.EOFException: \n not found: limit=0 content=
08-03 20:33:50.516 12289 14263 E baseline.com.newsblur.network.APIResponse: 	at okio.RealBufferedSource.readUtf8LineStrict(RealBufferedSource.java:240)
08-03 20:33:50.516 12289 14263 E baseline.com.newsblur.network.APIResponse: 	at okhttp3.internal.http1.Http1ExchangeCodec.readHeaderLine(Http1ExchangeCodec.java:242)
08-03 20:33:50.516 12289 14263 E baseline.com.newsblur.network.APIResponse: 	at okhttp3.internal.http1.Http1ExchangeCodec.readResponseHeaders(Http1ExchangeCodec.java:213)
08-03 20:33:50.516 12289 14263 E baseline.com.newsblur.network.APIResponse: 	... 30 more
08-03 20:33:50.517 12289 14263 I baseline.com.newsblur.network.APIManager: API call failed, pausing before retry number 2
08-03 20:33:50.758   918  3261 D WifiStateMachine: starting scan for "H369AA63323"WPA_PSK with 2412,5180
08-03 20:33:50.786 12289 14107 I art     : Starting a blocking GC Explicit
08-03 20:33:50.866 12289 14107 I art     : Explicit concurrent mark sweep GC freed 5663(475KB) AllocSpace objects, 8(160KB) LOS objects, 27% free, 41MB/57MB, paused 2.145ms total 80.267ms
08-03 20:33:50.887 12289 14107 I art     : Starting a blocking GC Explicit
08-03 20:33:50.963 12289 14107 I art     : Explicit concurrent mark sweep GC freed 165(6KB) AllocSpace objects, 0(0B) LOS objects, 27% free, 41MB/57MB, paused 2.339ms total 75.067ms
08-03 20:33:50.986 12289 14107 I art     : Starting a blocking GC Explicit
08-03 20:33:51.064 12289 14107 I art     : Explicit concurrent mark sweep GC freed 3(96B) AllocSpace objects, 0(0B) LOS objects, 27% free, 41MB/57MB, paused 2.240ms total 77.822ms
08-03 20:33:51.087 12289 14107 I art     : Starting a blocking GC Explicit
08-03 20:33:51.165 12289 14107 I art     : Explicit concurrent mark sweep GC freed 3(96B) AllocSpace objects, 0(0B) LOS objects, 27% free, 41MB/57MB, paused 2.235ms total 77.650ms
08-03 20:33:51.188 12289 14107 I art     : Starting a blocking GC Explicit
08-03 20:33:51.266 12289 14107 I art     : Explicit concurrent mark sweep GC freed 3(96B) AllocSpace objects, 0(0B) LOS objects, 27% free, 41MB/57MB, paused 2.244ms total 77.680ms
08-03 20:33:51.724 12289 14107 I art     : Starting a blocking GC Explicit
08-03 20:33:51.799 12289 14107 I art     : Explicit concurrent mark sweep GC freed 1472(83KB) AllocSpace objects, 1(20KB) LOS objects, 27% free, 41MB/57MB, paused 2.241ms total 74.437ms
08-03 20:33:51.821 12289 14107 I art     : Starting a blocking GC Explicit
08-03 20:33:51.897 12289 14107 I art     : Explicit concurrent mark sweep GC freed 22(784B) AllocSpace objects, 0(0B) LOS objects, 27% free, 41MB/57MB, paused 2.247ms total 75.650ms
08-03 20:33:51.897 12289 12300 I art     : WaitForGcToComplete blocked for 34.856ms for cause HeapTrim
08-03 20:33:51.919 12289 14107 I art     : Starting a blocking GC Explicit
08-03 20:33:51.998 12289 14107 I art     : Explicit concurrent mark sweep GC freed 3(96B) AllocSpace objects, 0(0B) LOS objects, 27% free, 41MB/57MB, paused 2.275ms total 78.069ms
08-03 20:33:52.021 12289 14107 I art     : Starting a blocking GC Explicit
08-03 20:33:52.099 12289 14107 I art     : Explicit concurrent mark sweep GC freed 3(96B) AllocSpace objects, 0(0B) LOS objects, 27% free, 41MB/57MB, paused 2.282ms total 77.485ms
08-03 20:33:52.121 12289 14107 I art     : Starting a blocking GC Explicit
08-03 20:33:52.199 12289 14107 I art     : Explicit concurrent mark sweep GC freed 3(96B) AllocSpace objects, 0(0B) LOS objects, 27% free, 41MB/57MB, paused 2.328ms total 77.134ms
08-03 20:33:52.644 12289 12308 I art     : Starting a blocking GC Explicit
08-03 20:33:52.723 12289 12308 I art     : Explicit concurrent mark sweep GC freed 1443(83KB) AllocSpace objects, 1(20KB) LOS objects, 27% free, 41MB/57MB, paused 2.269ms total 78.815ms
08-03 20:33:52.746 12289 12308 I art     : Starting a blocking GC Explicit
08-03 20:33:52.822 12289 12308 I art     : Explicit concurrent mark sweep GC freed 22(784B) AllocSpace objects, 0(0B) LOS objects, 27% free, 41MB/57MB, paused 2.188ms total 76.317ms
08-03 20:33:52.844 12289 12308 I art     : Starting a blocking GC Explicit
08-03 20:33:52.921 12289 12308 I art     : Explicit concurrent mark sweep GC freed 3(96B) AllocSpace objects, 0(0B) LOS objects, 27% free, 41MB/57MB, paused 2.398ms total 76.053ms
08-03 20:33:52.945 12289 12308 I art     : Starting a blocking GC Explicit
08-03 20:33:53.023 12289 12308 I art     : Explicit concurrent mark sweep GC freed 3(96B) AllocSpace objects, 0(0B) LOS objects, 27% free, 41MB/57MB, paused 2.346ms total 77.680ms
08-03 20:33:53.047 12289 12308 I art     : Starting a blocking GC Explicit
08-03 20:33:53.127 12289 12308 I art     : Explicit concurrent mark sweep GC freed 3(96B) AllocSpace objects, 0(0B) LOS objects, 27% free, 41MB/57MB, paused 2.380ms total 79.436ms
08-03 20:33:53.558 12289 12301 I art     : Starting a blocking GC Explicit
08-03 20:33:53.603   518   646 I ThermalEngine: ACTION: GPU - Setting GPU[0] to 450000000
08-03 20:33:53.632 12289 12301 I art     : Explicit concurrent mark sweep GC freed 1534(86KB) AllocSpace objects, 1(20KB) LOS objects, 27% free, 41MB/57MB, paused 1.642ms total 73.629ms
08-03 20:33:53.647 12289 12301 I art     : Starting a blocking GC Explicit
08-03 20:33:53.707 12289 12301 I art     : Explicit concurrent mark sweep GC freed 96(5KB) AllocSpace objects, 0(0B) LOS objects, 27% free, 41MB/57MB, paused 1.511ms total 60.105ms
08-03 20:33:53.722 12289 12301 I art     : Starting a blocking GC Explicit
08-03 20:33:53.787 12289 12301 I art     : Explicit concurrent mark sweep GC freed 9(400B) AllocSpace objects, 0(0B) LOS objects, 27% free, 41MB/57MB, paused 1.483ms total 64.268ms
08-03 20:33:53.802 12289 12301 I art     : Starting a blocking GC Explicit
08-03 20:33:53.872 12289 12301 I art     : Explicit concurrent mark sweep GC freed 3(96B) AllocSpace objects, 0(0B) LOS objects, 27% free, 41MB/57MB, paused 1.744ms total 69.675ms
08-03 20:33:53.891 12289 12301 I art     : Starting a blocking GC Explicit
08-03 20:33:53.958 12289 12301 I art     : Explicit concurrent mark sweep GC freed 3(96B) AllocSpace objects, 0(0B) LOS objects, 27% free, 41MB/57MB, paused 1.684ms total 66.697ms
08-03 20:33:54.113 12289 14263 E baseline.com.newsblur.network.APIResponse: Error (unexpected end of stream on https://www.newsblur.com/...) calling https://www.newsblur.com/reader/mark_story_hashes_as_read/
08-03 20:33:54.113 12289 14263 E baseline.com.newsblur.network.APIResponse: java.io.IOException: unexpected end of stream on https://www.newsblur.com/...
08-03 20:33:54.113 12289 14263 E baseline.com.newsblur.network.APIResponse: 	at okhttp3.internal.http1.Http1ExchangeCodec.readResponseHeaders(Http1ExchangeCodec.java:236)
08-03 20:33:54.113 12289 14263 E baseline.com.newsblur.network.APIResponse: 	at okhttp3.internal.connection.Exchange.readResponseHeaders(Exchange.java:115)
08-03 20:33:54.113 12289 14263 E baseline.com.newsblur.network.APIResponse: 	at okhttp3.internal.http.CallServerInterceptor.intercept(CallServerInterceptor.java:94)
08-03 20:33:54.113 12289 14263 E baseline.com.newsblur.network.APIResponse: 	at okhttp3.internal.http.RealInterceptorChain.proceed(RealInterceptorChain.java:142)
08-03 20:33:54.113 12289 14263 E baseline.com.newsblur.network.APIResponse: 	at okhttp3.internal.connection.ConnectInterceptor.intercept(ConnectInterceptor.java:43)
08-03 20:33:54.113 12289 14263 E baseline.com.newsblur.network.APIResponse: 	at okhttp3.internal.http.RealInterceptorChain.proceed(RealInterceptorChain.java:142)
08-03 20:33:54.113 12289 14263 E baseline.com.newsblur.network.APIResponse: 	at okhttp3.internal.http.RealInterceptorChain.proceed(RealInterceptorChain.java:117)
08-03 20:33:54.113 12289 14263 E baseline.com.newsblur.network.APIResponse: 	at okhttp3.internal.cache.CacheInterceptor.intercept(CacheInterceptor.java:94)
08-03 20:33:54.113 12289 14263 E baseline.com.newsblur.network.APIResponse: 	at okhttp3.internal.http.RealInterceptorChain.proceed(RealInterceptorChain.java:142)
08-03 20:33:54.113 12289 14263 E baseline.com.newsblur.network.APIResponse: 	at okhttp3.internal.http.RealInterceptorChain.proceed(RealInterceptorChain.java:117)
08-03 20:33:54.113 12289 14263 E baseline.com.newsblur.network.APIResponse: 	at okhttp3.internal.http.BridgeInterceptor.intercept(BridgeInterceptor.java:93)
08-03 20:33:54.113 12289 14263 E baseline.com.newsblur.network.APIResponse: 	at okhttp3.internal.http.RealInterceptorChain.proceed(RealInterceptorChain.java:142)
08-03 20:33:54.113 12289 14263 E baseline.com.newsblur.network.APIResponse: 	at okhttp3.internal.http.RetryAndFollowUpInterceptor.intercept(RetryAndFollowUpInterceptor.java:88)
08-03 20:33:54.113 12289 14263 E baseline.com.newsblur.network.APIResponse: 	at okhttp3.internal.http.RealInterceptorChain.proceed(RealInterceptorChain.java:142)
08-03 20:33:54.113 12289 14263 E baseline.com.newsblur.network.APIResponse: 	at okhttp3.internal.http.RealInterceptorChain.proceed(RealInterceptorChain.java:117)
08-03 20:33:54.113 12289 14263 E baseline.com.newsblur.network.APIResponse: 	at okhttp3.RealCall.getResponseWithInterceptorChain(RealCall.java:229)
08-03 20:33:54.113 12289 14263 E baseline.com.newsblur.network.APIResponse: 	at okhttp3.RealCall.execute(RealCall.java:81)
08-03 20:33:54.113 12289 14263 E baseline.com.newsblur.network.APIResponse: 	at baseline.com.newsblur.network.APIResponse.<init>(APIResponse.java:57)
08-03 20:33:54.113 12289 14263 E baseline.com.newsblur.network.APIResponse: 	at baseline.com.newsblur.network.APIResponse.<init>(APIResponse.java:43)
08-03 20:33:54.113 12289 14263 E baseline.com.newsblur.network.APIResponse: 	at baseline.com.newsblur.network.APIManager.post_single(APIManager.java:702)
08-03 20:33:54.113 12289 14263 E baseline.com.newsblur.network.APIResponse: 	at baseline.com.newsblur.network.APIManager.post(APIManager.java:675)
08-03 20:33:54.113 12289 14263 E baseline.com.newsblur.network.APIResponse: 	at baseline.com.newsblur.network.APIManager.post(APIManager.java:714)
08-03 20:33:54.113 12289 14263 E baseline.com.newsblur.network.APIResponse: 	at baseline.com.newsblur.network.APIManager.markStoryAsRead(APIManager.java:205)
08-03 20:33:54.113 12289 14263 E baseline.com.newsblur.network.APIResponse: 	at baseline.com.newsblur.util.ReadingAction.doRemote(ReadingAction.java:281)
08-03 20:33:54.113 12289 14263 E baseline.com.newsblur.network.APIResponse: 	at baseline.com.newsblur.service.NBSyncService.syncActions(NBSyncService.java:400)
08-03 20:33:54.113 12289 14263 E baseline.com.newsblur.network.APIResponse: 	at baseline.com.newsblur.service.NBSyncService.doSync(NBSyncService.java:298)
08-03 20:33:54.113 12289 14263 E baseline.com.newsblur.network.APIResponse: 	at baseline.com.newsblur.service.NBSyncService.access$100(NBSyncService.java:67)
08-03 20:33:54.113 12289 14263 E baseline.com.newsblur.network.APIResponse: 	at baseline.com.newsblur.service.NBSyncService$1.run(NBSyncService.java:188)
08-03 20:33:54.113 12289 14263 E baseline.com.newsblur.network.APIResponse: 	at java.util.concurrent.ThreadPoolExecutor.runWorker(ThreadPoolExecutor.java:1113)
08-03 20:33:54.113 12289 14263 E baseline.com.newsblur.network.APIResponse: 	at java.util.concurrent.ThreadPoolExecutor$Worker.run(ThreadPoolExecutor.java:588)
08-03 20:33:54.113 12289 14263 E baseline.com.newsblur.network.APIResponse: 	at java.lang.Thread.run(Thread.java:818)
08-03 20:33:54.113 12289 14263 E baseline.com.newsblur.network.APIResponse: Caused by: java.io.EOFException: \n not found: limit=0 content=
08-03 20:33:54.113 12289 14263 E baseline.com.newsblur.network.APIResponse: 	at okio.RealBufferedSource.readUtf8LineStrict(RealBufferedSource.java:240)
08-03 20:33:54.113 12289 14263 E baseline.com.newsblur.network.APIResponse: 	at okhttp3.internal.http1.Http1ExchangeCodec.readHeaderLine(Http1ExchangeCodec.java:242)
08-03 20:33:54.113 12289 14263 E baseline.com.newsblur.network.APIResponse: 	at okhttp3.internal.http1.Http1ExchangeCodec.readResponseHeaders(Http1ExchangeCodec.java:213)
08-03 20:33:54.113 12289 14263 E baseline.com.newsblur.network.APIResponse: 	... 30 more
08-03 20:33:54.115 12289 14263 I baseline.com.newsblur.service.NBSyncService: Holding reading action with server-side or network error.
08-03 20:33:54.134 12289 14263 W baseline.com.newsblur.service.NBSyncService: hard API failure
08-03 20:33:54.346 12289 12302 I art     : Starting a blocking GC Explicit
08-03 20:33:54.417 12289 12302 I art     : Explicit concurrent mark sweep GC freed 4350(407KB) AllocSpace objects, 5(100KB) LOS objects, 27% free, 41MB/57MB, paused 1.581ms total 69.708ms
08-03 20:33:54.433 12289 12302 I art     : Starting a blocking GC Explicit
08-03 20:33:54.500 12289 12302 I art     : Explicit concurrent mark sweep GC freed 129(4KB) AllocSpace objects, 0(0B) LOS objects, 27% free, 41MB/57MB, paused 1.682ms total 66.811ms
08-03 20:33:54.515 12289 12302 I art     : Starting a blocking GC Explicit
08-03 20:33:54.582 12289 12302 I art     : Explicit concurrent mark sweep GC freed 1597(62KB) AllocSpace objects, 0(0B) LOS objects, 27% free, 41MB/57MB, paused 1.734ms total 66.102ms
08-03 20:33:54.597 12289 12302 I art     : Starting a blocking GC Explicit
08-03 20:33:54.625 12289 14263 E baseline.com.newsblur.network.APIResponse: Error (unexpected end of stream on https://www.newsblur.com/...) calling https://www.newsblur.com/reader/mark_story_hashes_as_read/
08-03 20:33:54.625 12289 14263 E baseline.com.newsblur.network.APIResponse: java.io.IOException: unexpected end of stream on https://www.newsblur.com/...
08-03 20:33:54.625 12289 14263 E baseline.com.newsblur.network.APIResponse: 	at okhttp3.internal.http1.Http1ExchangeCodec.readResponseHeaders(Http1ExchangeCodec.java:236)
08-03 20:33:54.625 12289 14263 E baseline.com.newsblur.network.APIResponse: 	at okhttp3.internal.connection.Exchange.readResponseHeaders(Exchange.java:115)
08-03 20:33:54.625 12289 14263 E baseline.com.newsblur.network.APIResponse: 	at okhttp3.internal.http.CallServerInterceptor.intercept(CallServerInterceptor.java:94)
08-03 20:33:54.625 12289 14263 E baseline.com.newsblur.network.APIResponse: 	at okhttp3.internal.http.RealInterceptorChain.proceed(RealInterceptorChain.java:142)
08-03 20:33:54.625 12289 14263 E baseline.com.newsblur.network.APIResponse: 	at okhttp3.internal.connection.ConnectInterceptor.intercept(ConnectInterceptor.java:43)
08-03 20:33:54.625 12289 14263 E baseline.com.newsblur.network.APIResponse: 	at okhttp3.internal.http.RealInterceptorChain.proceed(RealInterceptorChain.java:142)
08-03 20:33:54.625 12289 14263 E baseline.com.newsblur.network.APIResponse: 	at okhttp3.internal.http.RealInterceptorChain.proceed(RealInterceptorChain.java:117)
08-03 20:33:54.625 12289 14263 E baseline.com.newsblur.network.APIResponse: 	at okhttp3.internal.cache.CacheInterceptor.intercept(CacheInterceptor.java:94)
08-03 20:33:54.625 12289 14263 E baseline.com.newsblur.network.APIResponse: 	at okhttp3.internal.http.RealInterceptorChain.proceed(RealInterceptorChain.java:142)
08-03 20:33:54.625 12289 14263 E baseline.com.newsblur.network.APIResponse: 	at okhttp3.internal.http.RealInterceptorChain.proceed(RealInterceptorChain.java:117)
08-03 20:33:54.625 12289 14263 E baseline.com.newsblur.network.APIResponse: 	at okhttp3.internal.http.BridgeInterceptor.intercept(BridgeInterceptor.java:93)
08-03 20:33:54.625 12289 14263 E baseline.com.newsblur.network.APIResponse: 	at okhttp3.internal.http.RealInterceptorChain.proceed(RealInterceptorChain.java:142)
08-03 20:33:54.625 12289 14263 E baseline.com.newsblur.network.APIResponse: 	at okhttp3.internal.http.RetryAndFollowUpInterceptor.intercept(RetryAndFollowUpInterceptor.java:88)
08-03 20:33:54.625 12289 14263 E baseline.com.newsblur.network.APIResponse: 	at okhttp3.internal.http.RealInterceptorChain.proceed(RealInterceptorChain.java:142)
08-03 20:33:54.625 12289 14263 E baseline.com.newsblur.network.APIResponse: 	at okhttp3.internal.http.RealInterceptorChain.proceed(RealInterceptorChain.java:117)
08-03 20:33:54.625 12289 14263 E baseline.com.newsblur.network.APIResponse: 	at okhttp3.RealCall.getResponseWithInterceptorChain(RealCall.java:229)
08-03 20:33:54.625 12289 14263 E baseline.com.newsblur.network.APIResponse: 	at okhttp3.RealCall.execute(RealCall.java:81)
08-03 20:33:54.625 12289 14263 E baseline.com.newsblur.network.APIResponse: 	at baseline.com.newsblur.network.APIResponse.<init>(APIResponse.java:57)
08-03 20:33:54.625 12289 14263 E baseline.com.newsblur.network.APIResponse: 	at baseline.com.newsblur.network.APIResponse.<init>(APIResponse.java:43)
08-03 20:33:54.625 12289 14263 E baseline.com.newsblur.network.APIResponse: 	at baseline.com.newsblur.network.APIManager.post_single(APIManager.java:702)
08-03 20:33:54.625 12289 14263 E baseline.com.newsblur.network.APIResponse: 	at baseline.com.newsblur.network.APIManager.post(APIManager.java:675)
08-03 20:33:54.625 12289 14263 E baseline.com.newsblur.network.APIResponse: 	at baseline.com.newsblur.network.APIManager.post(APIManager.java:714)
08-03 20:33:54.625 12289 14263 E baseline.com.newsblur.network.APIResponse: 	at baseline.com.newsblur.network.APIManager.markStoryAsRead(APIManager.java:205)
08-03 20:33:54.625 12289 14263 E baseline.com.newsblur.network.APIResponse: 	at baseline.com.newsblur.util.ReadingAction.doRemote(ReadingAction.java:281)
08-03 20:33:54.625 12289 14263 E baseline.com.newsblur.network.APIResponse: 	at baseline.com.newsblur.service.NBSyncService.syncActions(NBSyncService.java:400)
08-03 20:33:54.625 12289 14263 E baseline.com.newsblur.network.APIResponse: 	at baseline.com.newsblur.service.NBSyncService.doSync(NBSyncService.java:298)
08-03 20:33:54.625 12289 14263 E baseline.com.newsblur.network.APIResponse: 	at baseline.com.newsblur.service.NBSyncService.access$100(NBSyncService.java:67)
08-03 20:33:54.625 12289 14263 E baseline.com.newsblur.network.APIResponse: 	at baseline.com.newsblur.service.NBSyncService$1.run(NBSyncService.java:188)
08-03 20:33:54.625 12289 14263 E baseline.com.newsblur.network.APIResponse: 	at java.util.concurrent.ThreadPoolExecutor.runWorker(ThreadPoolExecutor.java:1113)
08-03 20:33:54.625 12289 14263 E baseline.com.newsblur.network.APIResponse: 	at java.util.concurrent.ThreadPoolExecutor$Worker.run(ThreadPoolExecutor.java:588)
08-03 20:33:54.625 12289 14263 E baseline.com.newsblur.network.APIResponse: 	at java.lang.Thread.run(Thread.java:818)
08-03 20:33:54.625 12289 14263 E baseline.com.newsblur.network.APIResponse: Caused by: java.io.EOFException: \n not found: limit=0 content=
08-03 20:33:54.625 12289 14263 E baseline.com.newsblur.network.APIResponse: 	at okio.RealBufferedSource.readUtf8LineStrict(RealBufferedSource.java:240)
08-03 20:33:54.625 12289 14263 E baseline.com.newsblur.network.APIResponse: 	at okhttp3.internal.http1.Http1ExchangeCodec.readHeaderLine(Http1ExchangeCodec.java:242)
08-03 20:33:54.625 12289 14263 E baseline.com.newsblur.network.APIResponse: 	at okhttp3.internal.http1.Http1ExchangeCodec.readResponseHeaders(Http1ExchangeCodec.java:213)
08-03 20:33:54.625 12289 14263 E baseline.com.newsblur.network.APIResponse: 	... 30 more
08-03 20:33:54.627 12289 14263 I baseline.com.newsblur.network.APIManager: API call failed, pausing before retry number 1
08-03 20:33:54.665 12289 12302 I art     : Explicit concurrent mark sweep GC freed 880(198KB) AllocSpace objects, 2(40KB) LOS objects, 27% free, 41MB/57MB, paused 1.550ms total 67.308ms
08-03 20:33:54.680 12289 12302 I art     : Starting a blocking GC Explicit
08-03 20:33:54.749 12289 12302 I art     : Explicit concurrent mark sweep GC freed 104(15KB) AllocSpace objects, 0(0B) LOS objects, 27% free, 41MB/57MB, paused 1.703ms total 68.624ms
08-03 20:33:55.155 12289 12521 I art     : Starting a blocking GC Explicit
08-03 20:33:55.224 12289 12521 I art     : Explicit concurrent mark sweep GC freed 1464(85KB) AllocSpace objects, 1(20KB) LOS objects, 27% free, 41MB/57MB, paused 1.630ms total 69.488ms
08-03 20:33:55.240 12289 12521 I art     : Starting a blocking GC Explicit
08-03 20:33:55.307 12289 12521 I art     : Explicit concurrent mark sweep GC freed 22(784B) AllocSpace objects, 0(0B) LOS objects, 27% free, 41MB/57MB, paused 1.653ms total 67.022ms
08-03 20:33:55.323 12289 12521 I art     : Starting a blocking GC Explicit
08-03 20:33:55.392 12289 12521 I art     : Explicit concurrent mark sweep GC freed 3(96B) AllocSpace objects, 0(0B) LOS objects, 27% free, 41MB/57MB, paused 1.616ms total 68.615ms
08-03 20:33:55.407 12289 12521 I art     : Starting a blocking GC Explicit
08-03 20:33:55.474 12289 12521 I art     : Explicit concurrent mark sweep GC freed 3(96B) AllocSpace objects, 0(0B) LOS objects, 27% free, 41MB/57MB, paused 1.621ms total 66.405ms
08-03 20:33:55.489 12289 12521 I art     : Starting a blocking GC Explicit
08-03 20:33:55.558 12289 12521 I art     : Explicit concurrent mark sweep GC freed 3(96B) AllocSpace objects, 0(0B) LOS objects, 27% free, 41MB/57MB, paused 1.539ms total 67.919ms
08-03 20:33:55.962 12289 14107 I art     : Starting a blocking GC Explicit
08-03 20:33:56.028 12289 14107 I art     : Explicit concurrent mark sweep GC freed 1439(82KB) AllocSpace objects, 1(20KB) LOS objects, 27% free, 41MB/57MB, paused 1.534ms total 65.723ms
08-03 20:33:56.048 12289 14107 I art     : Starting a blocking GC Explicit
08-03 20:33:56.114 12289 14107 I art     : Explicit concurrent mark sweep GC freed 22(784B) AllocSpace objects, 0(0B) LOS objects, 27% free, 41MB/57MB, paused 1.623ms total 65.631ms
08-03 20:33:56.129 12289 14107 I art     : Starting a blocking GC Explicit
08-03 20:33:56.192 12289 14107 I art     : Explicit concurrent mark sweep GC freed 91(3KB) AllocSpace objects, 0(0B) LOS objects, 27% free, 41MB/57MB, paused 1.626ms total 62.971ms
08-03 20:33:56.207 12289 14107 I art     : Starting a blocking GC Explicit
08-03 20:33:56.274 12289 14107 I art     : Explicit concurrent mark sweep GC freed 85(5KB) AllocSpace objects, 0(0B) LOS objects, 27% free, 41MB/57MB, paused 1.662ms total 66.865ms
08-03 20:33:56.290 12289 14107 I art     : Starting a blocking GC Explicit
08-03 20:33:56.357 12289 14107 I art     : Explicit concurrent mark sweep GC freed 4(192B) AllocSpace objects, 0(0B) LOS objects, 27% free, 41MB/57MB, paused 1.713ms total 66.697ms
08-03 20:33:56.660 12289 14263 E baseline.com.newsblur.network.APIResponse: Error (unexpected end of stream on https://www.newsblur.com/...) calling https://www.newsblur.com/reader/mark_story_hashes_as_read/
08-03 20:33:56.660 12289 14263 E baseline.com.newsblur.network.APIResponse: java.io.IOException: unexpected end of stream on https://www.newsblur.com/...
08-03 20:33:56.660 12289 14263 E baseline.com.newsblur.network.APIResponse: 	at okhttp3.internal.http1.Http1ExchangeCodec.readResponseHeaders(Http1ExchangeCodec.java:236)
08-03 20:33:56.660 12289 14263 E baseline.com.newsblur.network.APIResponse: 	at okhttp3.internal.connection.Exchange.readResponseHeaders(Exchange.java:115)
08-03 20:33:56.660 12289 14263 E baseline.com.newsblur.network.APIResponse: 	at okhttp3.internal.http.CallServerInterceptor.intercept(CallServerInterceptor.java:94)
08-03 20:33:56.660 12289 14263 E baseline.com.newsblur.network.APIResponse: 	at okhttp3.internal.http.RealInterceptorChain.proceed(RealInterceptorChain.java:142)
08-03 20:33:56.660 12289 14263 E baseline.com.newsblur.network.APIResponse: 	at okhttp3.internal.connection.ConnectInterceptor.intercept(ConnectInterceptor.java:43)
08-03 20:33:56.660 12289 14263 E baseline.com.newsblur.network.APIResponse: 	at okhttp3.internal.http.RealInterceptorChain.proceed(RealInterceptorChain.java:142)
08-03 20:33:56.660 12289 14263 E baseline.com.newsblur.network.APIResponse: 	at okhttp3.internal.http.RealInterceptorChain.proceed(RealInterceptorChain.java:117)
08-03 20:33:56.660 12289 14263 E baseline.com.newsblur.network.APIResponse: 	at okhttp3.internal.cache.CacheInterceptor.intercept(CacheInterceptor.java:94)
08-03 20:33:56.660 12289 14263 E baseline.com.newsblur.network.APIResponse: 	at okhttp3.internal.http.RealInterceptorChain.proceed(RealInterceptorChain.java:142)
08-03 20:33:56.660 12289 14263 E baseline.com.newsblur.network.APIResponse: 	at okhttp3.internal.http.RealInterceptorChain.proceed(RealInterceptorChain.java:117)
08-03 20:33:56.660 12289 14263 E baseline.com.newsblur.network.APIResponse: 	at okhttp3.internal.http.BridgeInterceptor.intercept(BridgeInterceptor.java:93)
08-03 20:33:56.660 12289 14263 E baseline.com.newsblur.network.APIResponse: 	at okhttp3.internal.http.RealInterceptorChain.proceed(RealInterceptorChain.java:142)
08-03 20:33:56.660 12289 14263 E baseline.com.newsblur.network.APIResponse: 	at okhttp3.internal.http.RetryAndFollowUpInterceptor.intercept(RetryAndFollowUpInterceptor.java:88)
08-03 20:33:56.660 12289 14263 E baseline.com.newsblur.network.APIResponse: 	at okhttp3.internal.http.RealInterceptorChain.proceed(RealInterceptorChain.java:142)
08-03 20:33:56.660 12289 14263 E baseline.com.newsblur.network.APIResponse: 	at okhttp3.internal.http.RealInterceptorChain.proceed(RealInterceptorChain.java:117)
08-03 20:33:56.660 12289 14263 E baseline.com.newsblur.network.APIResponse: 	at okhttp3.RealCall.getResponseWithInterceptorChain(RealCall.java:229)
08-03 20:33:56.660 12289 14263 E baseline.com.newsblur.network.APIResponse: 	at okhttp3.RealCall.execute(RealCall.java:81)
08-03 20:33:56.660 12289 14263 E baseline.com.newsblur.network.APIResponse: 	at baseline.com.newsblur.network.APIResponse.<init>(APIResponse.java:57)
08-03 20:33:56.660 12289 14263 E baseline.com.newsblur.network.APIResponse: 	at baseline.com.newsblur.network.APIResponse.<init>(APIResponse.java:43)
08-03 20:33:56.660 12289 14263 E baseline.com.newsblur.network.APIResponse: 	at baseline.com.newsblur.network.APIManager.post_single(APIManager.java:702)
08-03 20:33:56.660 12289 14263 E baseline.com.newsblur.network.APIResponse: 	at baseline.com.newsblur.network.APIManager.post(APIManager.java:675)
08-03 20:33:56.660 12289 14263 E baseline.com.newsblur.network.APIResponse: 	at baseline.com.newsblur.network.APIManager.post(APIManager.java:714)
08-03 20:33:56.660 12289 14263 E baseline.com.newsblur.network.APIResponse: 	at baseline.com.newsblur.network.APIManager.markStoryAsRead(APIManager.java:205)
08-03 20:33:56.660 12289 14263 E baseline.com.newsblur.network.APIResponse: 	at baseline.com.newsblur.util.ReadingAction.doRemote(ReadingAction.java:281)
08-03 20:33:56.660 12289 14263 E baseline.com.newsblur.network.APIResponse: 	at baseline.com.newsblur.service.NBSyncService.syncActions(NBSyncService.java:400)
08-03 20:33:56.660 12289 14263 E baseline.com.newsblur.network.APIResponse: 	at baseline.com.newsblur.service.NBSyncService.doSync(NBSyncService.java:298)
08-03 20:33:56.660 12289 14263 E baseline.com.newsblur.network.APIResponse: 	at baseline.com.newsblur.service.NBSyncService.access$100(NBSyncService.java:67)
08-03 20:33:56.660 12289 14263 E baseline.com.newsblur.network.APIResponse: 	at baseline.com.newsblur.service.NBSyncService$1.run(NBSyncService.java:188)
08-03 20:33:56.660 12289 14263 E baseline.com.newsblur.network.APIResponse: 	at java.util.concurrent.ThreadPoolExecutor.runWorker(ThreadPoolExecutor.java:1113)
08-03 20:33:56.660 12289 14263 E baseline.com.newsblur.network.APIResponse: 	at java.util.concurrent.ThreadPoolExecutor$Worker.run(ThreadPoolExecutor.java:588)
08-03 20:33:56.660 12289 14263 E baseline.com.newsblur.network.APIResponse: 	at java.lang.Thread.run(Thread.java:818)
08-03 20:33:56.660 12289 14263 E baseline.com.newsblur.network.APIResponse: Caused by: java.io.EOFException: \n not found: limit=0 content=
08-03 20:33:56.660 12289 14263 E baseline.com.newsblur.network.APIResponse: 	at okio.RealBufferedSource.readUtf8LineStrict(RealBufferedSource.java:240)
08-03 20:33:56.660 12289 14263 E baseline.com.newsblur.network.APIResponse: 	at okhttp3.internal.http1.Http1ExchangeCodec.readHeaderLine(Http1ExchangeCodec.java:242)
08-03 20:33:56.660 12289 14263 E baseline.com.newsblur.network.APIResponse: 	at okhttp3.internal.http1.Http1ExchangeCodec.readResponseHeaders(Http1ExchangeCodec.java:213)
08-03 20:33:56.660 12289 14263 E baseline.com.newsblur.network.APIResponse: 	... 30 more
08-03 20:33:56.661 12289 14263 I baseline.com.newsblur.network.APIManager: API call failed, pausing before retry number 2
08-03 20:33:56.756 12289 12308 I art     : Starting a blocking GC Explicit
08-03 20:33:56.825 12289 12308 I art     : Explicit concurrent mark sweep GC freed 3946(357KB) AllocSpace objects, 3(60KB) LOS objects, 27% free, 41MB/57MB, paused 1.633ms total 68.804ms
08-03 20:33:56.841 12289 12308 I art     : Starting a blocking GC Explicit
08-03 20:33:56.909 12289 12308 I art     : Explicit concurrent mark sweep GC freed 109(3KB) AllocSpace objects, 0(0B) LOS objects, 27% free, 41MB/57MB, paused 1.624ms total 67.680ms
08-03 20:33:56.927 12289 12308 I art     : Starting a blocking GC Explicit
08-03 20:33:56.995 12289 12308 I art     : Explicit concurrent mark sweep GC freed 3(96B) AllocSpace objects, 0(0B) LOS objects, 27% free, 41MB/57MB, paused 1.634ms total 68.147ms
08-03 20:33:57.011 12289 12308 I art     : Starting a blocking GC Explicit
08-03 20:33:57.079 12289 12308 I art     : Explicit concurrent mark sweep GC freed 3(96B) AllocSpace objects, 0(0B) LOS objects, 27% free, 41MB/57MB, paused 1.688ms total 67.517ms
08-03 20:33:57.079 12289 12300 I art     : WaitForGcToComplete blocked for 67.806ms for cause HeapTrim
08-03 20:33:57.094 12289 12308 I art     : Starting a blocking GC Explicit
08-03 20:33:57.163 12289 12308 I art     : Explicit concurrent mark sweep GC freed 3(96B) AllocSpace objects, 0(0B) LOS objects, 27% free, 41MB/57MB, paused 1.652ms total 68.199ms
08-03 20:33:57.584 12289 12301 I art     : Starting a blocking GC Explicit
08-03 20:33:57.655 12289 12301 I art     : Explicit concurrent mark sweep GC freed 1438(82KB) AllocSpace objects, 1(20KB) LOS objects, 27% free, 41MB/57MB, paused 1.690ms total 70.165ms
08-03 20:33:57.672 12289 12301 I art     : Starting a blocking GC Explicit
08-03 20:33:57.737 12289 12301 I art     : Explicit concurrent mark sweep GC freed 22(784B) AllocSpace objects, 0(0B) LOS objects, 27% free, 41MB/57MB, paused 1.591ms total 64.560ms
08-03 20:33:57.752 12289 12301 I art     : Starting a blocking GC Explicit
08-03 20:33:57.819 12289 12301 I art     : Explicit concurrent mark sweep GC freed 3(96B) AllocSpace objects, 0(0B) LOS objects, 27% free, 41MB/57MB, paused 1.483ms total 66.661ms
08-03 20:33:57.834 12289 12301 I art     : Starting a blocking GC Explicit
08-03 20:33:57.902 12289 12301 I art     : Explicit concurrent mark sweep GC freed 3(96B) AllocSpace objects, 0(0B) LOS objects, 27% free, 41MB/57MB, paused 1.668ms total 67.432ms
08-03 20:33:57.917 12289 12301 I art     : Starting a blocking GC Explicit
08-03 20:33:57.983 12289 12301 I art     : Explicit concurrent mark sweep GC freed 3(96B) AllocSpace objects, 0(0B) LOS objects, 27% free, 41MB/57MB, paused 1.551ms total 66.029ms
08-03 20:33:58.408 12289 12302 I art     : Starting a blocking GC Explicit
08-03 20:33:58.476 12289 12302 I art     : Explicit concurrent mark sweep GC freed 1438(82KB) AllocSpace objects, 1(20KB) LOS objects, 27% free, 41MB/57MB, paused 1.636ms total 67.470ms
08-03 20:33:58.494 12289 12302 I art     : Starting a blocking GC Explicit
08-03 20:33:58.559 12289 12302 I art     : Explicit concurrent mark sweep GC freed 22(784B) AllocSpace objects, 0(0B) LOS objects, 27% free, 41MB/57MB, paused 1.671ms total 64.914ms
08-03 20:33:58.573 12289 12302 I art     : Starting a blocking GC Explicit
08-03 20:33:58.640 12289 12302 I art     : Explicit concurrent mark sweep GC freed 3(96B) AllocSpace objects, 0(0B) LOS objects, 27% free, 41MB/57MB, paused 1.635ms total 66.685ms
08-03 20:33:58.656 12289 12302 I art     : Starting a blocking GC Explicit
08-03 20:33:58.721 12289 12302 I art     : Explicit concurrent mark sweep GC freed 3(96B) AllocSpace objects, 0(0B) LOS objects, 27% free, 41MB/57MB, paused 1.532ms total 64.779ms
08-03 20:33:58.736 12289 12302 I art     : Starting a blocking GC Explicit
08-03 20:33:58.804 12289 12302 I art     : Explicit concurrent mark sweep GC freed 3(96B) AllocSpace objects, 0(0B) LOS objects, 27% free, 41MB/57MB, paused 1.646ms total 67.367ms
08-03 20:33:59.244 12289 12521 I art     : Starting a blocking GC Explicit
08-03 20:33:59.315 12289 12521 I art     : Explicit concurrent mark sweep GC freed 1438(82KB) AllocSpace objects, 1(20KB) LOS objects, 27% free, 41MB/57MB, paused 1.628ms total 71.402ms
08-03 20:33:59.335 12289 12521 I art     : Starting a blocking GC Explicit
08-03 20:33:59.401 12289 12521 I art     : Explicit concurrent mark sweep GC freed 22(784B) AllocSpace objects, 0(0B) LOS objects, 27% free, 41MB/57MB, paused 1.637ms total 65.844ms
08-03 20:33:59.416 12289 12521 I art     : Starting a blocking GC Explicit
08-03 20:33:59.480 12289 12521 I art     : Explicit concurrent mark sweep GC freed 3(96B) AllocSpace objects, 0(0B) LOS objects, 27% free, 41MB/57MB, paused 1.571ms total 63.869ms
08-03 20:33:59.496 12289 12521 I art     : Starting a blocking GC Explicit
08-03 20:33:59.564 12289 12521 I art     : Explicit concurrent mark sweep GC freed 3(96B) AllocSpace objects, 0(0B) LOS objects, 27% free, 41MB/57MB, paused 1.506ms total 67.819ms
08-03 20:33:59.581 12289 12521 I art     : Starting a blocking GC Explicit
08-03 20:33:59.647 12289 12521 I art     : Explicit concurrent mark sweep GC freed 3(96B) AllocSpace objects, 0(0B) LOS objects, 27% free, 41MB/57MB, paused 1.541ms total 65.154ms
08-03 20:34:00.056 12289 14107 I art     : Starting a blocking GC Explicit
08-03 20:34:00.119 12289 14107 I art     : Explicit concurrent mark sweep GC freed 1604(91KB) AllocSpace objects, 1(20KB) LOS objects, 27% free, 41MB/57MB, paused 1.769ms total 62.719ms
08-03 20:34:00.134 12289 14107 I art     : Starting a blocking GC Explicit
08-03 20:34:00.194 12289 14107 I art     : Explicit concurrent mark sweep GC freed 327(14KB) AllocSpace objects, 0(0B) LOS objects, 27% free, 41MB/57MB, paused 1.673ms total 59.956ms
08-03 20:34:00.209 12289 14107 I art     : Starting a blocking GC Explicit
08-03 20:34:00.247 12289 14263 E baseline.com.newsblur.network.APIResponse: Error (unexpected end of stream on https://www.newsblur.com/...) calling https://www.newsblur.com/reader/mark_story_hashes_as_read/
08-03 20:34:00.247 12289 14263 E baseline.com.newsblur.network.APIResponse: java.io.IOException: unexpected end of stream on https://www.newsblur.com/...
08-03 20:34:00.247 12289 14263 E baseline.com.newsblur.network.APIResponse: 	at okhttp3.internal.http1.Http1ExchangeCodec.readResponseHeaders(Http1ExchangeCodec.java:236)
08-03 20:34:00.247 12289 14263 E baseline.com.newsblur.network.APIResponse: 	at okhttp3.internal.connection.Exchange.readResponseHeaders(Exchange.java:115)
08-03 20:34:00.247 12289 14263 E baseline.com.newsblur.network.APIResponse: 	at okhttp3.internal.http.CallServerInterceptor.intercept(CallServerInterceptor.java:94)
08-03 20:34:00.247 12289 14263 E baseline.com.newsblur.network.APIResponse: 	at okhttp3.internal.http.RealInterceptorChain.proceed(RealInterceptorChain.java:142)
08-03 20:34:00.247 12289 14263 E baseline.com.newsblur.network.APIResponse: 	at okhttp3.internal.connection.ConnectInterceptor.intercept(ConnectInterceptor.java:43)
08-03 20:34:00.247 12289 14263 E baseline.com.newsblur.network.APIResponse: 	at okhttp3.internal.http.RealInterceptorChain.proceed(RealInterceptorChain.java:142)
08-03 20:34:00.247 12289 14263 E baseline.com.newsblur.network.APIResponse: 	at okhttp3.internal.http.RealInterceptorChain.proceed(RealInterceptorChain.java:117)
08-03 20:34:00.247 12289 14263 E baseline.com.newsblur.network.APIResponse: 	at okhttp3.internal.cache.CacheInterceptor.intercept(CacheInterceptor.java:94)
08-03 20:34:00.247 12289 14263 E baseline.com.newsblur.network.APIResponse: 	at okhttp3.internal.http.RealInterceptorChain.proceed(RealInterceptorChain.java:142)
08-03 20:34:00.247 12289 14263 E baseline.com.newsblur.network.APIResponse: 	at okhttp3.internal.http.RealInterceptorChain.proceed(RealInterceptorChain.java:117)
08-03 20:34:00.247 12289 14263 E baseline.com.newsblur.network.APIResponse: 	at okhttp3.internal.http.BridgeInterceptor.intercept(BridgeInterceptor.java:93)
08-03 20:34:00.247 12289 14263 E baseline.com.newsblur.network.APIResponse: 	at okhttp3.internal.http.RealInterceptorChain.proceed(RealInterceptorChain.java:142)
08-03 20:34:00.247 12289 14263 E baseline.com.newsblur.network.APIResponse: 	at okhttp3.internal.http.RetryAndFollowUpInterceptor.intercept(RetryAndFollowUpInterceptor.java:88)
08-03 20:34:00.247 12289 14263 E baseline.com.newsblur.network.APIResponse: 	at okhttp3.internal.http.RealInterceptorChain.proceed(RealInterceptorChain.java:142)
08-03 20:34:00.247 12289 14263 E baseline.com.newsblur.network.APIResponse: 	at okhttp3.internal.http.RealInterceptorChain.proceed(RealInterceptorChain.java:117)
08-03 20:34:00.247 12289 14263 E baseline.com.newsblur.network.APIResponse: 	at okhttp3.RealCall.getResponseWithInterceptorChain(RealCall.java:229)
08-03 20:34:00.247 12289 14263 E baseline.com.newsblur.network.APIResponse: 	at okhttp3.RealCall.execute(RealCall.java:81)
08-03 20:34:00.247 12289 14263 E baseline.com.newsblur.network.APIResponse: 	at baseline.com.newsblur.network.APIResponse.<init>(APIResponse.java:57)
08-03 20:34:00.247 12289 14263 E baseline.com.newsblur.network.APIResponse: 	at baseline.com.newsblur.network.APIResponse.<init>(APIResponse.java:43)
08-03 20:34:00.247 12289 14263 E baseline.com.newsblur.network.APIResponse: 	at baseline.com.newsblur.network.APIManager.post_single(APIManager.java:702)
08-03 20:34:00.247 12289 14263 E baseline.com.newsblur.network.APIResponse: 	at baseline.com.newsblur.network.APIManager.post(APIManager.java:675)
08-03 20:34:00.247 12289 14263 E baseline.com.newsblur.network.APIResponse: 	at baseline.com.newsblur.network.APIManager.post(APIManager.java:714)
08-03 20:34:00.247 12289 14263 E baseline.com.newsblur.network.APIResponse: 	at baseline.com.newsblur.network.APIManager.markStoryAsRead(APIManager.java:205)
08-03 20:34:00.247 12289 14263 E baseline.com.newsblur.network.APIResponse: 	at baseline.com.newsblur.util.ReadingAction.doRemote(ReadingAction.java:281)
08-03 20:34:00.247 12289 14263 E baseline.com.newsblur.network.APIResponse: 	at baseline.com.newsblur.service.NBSyncService.syncActions(NBSyncService.java:400)
08-03 20:34:00.247 12289 14263 E baseline.com.newsblur.network.APIResponse: 	at baseline.com.newsblur.service.NBSyncService.doSync(NBSyncService.java:298)
08-03 20:34:00.247 12289 14263 E baseline.com.newsblur.network.APIResponse: 	at baseline.com.newsblur.service.NBSyncService.access$100(NBSyncService.java:67)
08-03 20:34:00.247 12289 14263 E baseline.com.newsblur.network.APIResponse: 	at baseline.com.newsblur.service.NBSyncService$1.run(NBSyncService.java:188)
08-03 20:34:00.247 12289 14263 E baseline.com.newsblur.network.APIResponse: 	at java.util.concurrent.ThreadPoolExecutor.runWorker(ThreadPoolExecutor.java:1113)
08-03 20:34:00.247 12289 14263 E baseline.com.newsblur.network.APIResponse: 	at java.util.concurrent.ThreadPoolExecutor$Worker.run(ThreadPoolExecutor.java:588)
08-03 20:34:00.247 12289 14263 E baseline.com.newsblur.network.APIResponse: 	at java.lang.Thread.run(Thread.java:818)
08-03 20:34:00.247 12289 14263 E baseline.com.newsblur.network.APIResponse: Caused by: java.io.EOFException: \n not found: limit=0 content=
08-03 20:34:00.247 12289 14263 E baseline.com.newsblur.network.APIResponse: 	at okio.RealBufferedSource.readUtf8LineStrict(RealBufferedSource.java:240)
08-03 20:34:00.247 12289 14263 E baseline.com.newsblur.network.APIResponse: 	at okhttp3.internal.http1.Http1ExchangeCodec.readHeaderLine(Http1ExchangeCodec.java:242)
08-03 20:34:00.247 12289 14263 E baseline.com.newsblur.network.APIResponse: 	at okhttp3.internal.http1.Http1ExchangeCodec.readResponseHeaders(Http1ExchangeCodec.java:213)
08-03 20:34:00.247 12289 14263 E baseline.com.newsblur.network.APIResponse: 	... 30 more
08-03 20:34:00.248 12289 14263 I baseline.com.newsblur.service.NBSyncService: Holding reading action with server-side or network error.
08-03 20:34:00.256 12289 14263 W baseline.com.newsblur.service.NBSyncService: hard API failure
08-03 20:34:00.270 12289 14107 I art     : Explicit concurrent mark sweep GC freed 2467(291KB) AllocSpace objects, 4(80KB) LOS objects, 27% free, 42MB/58MB, paused 1.811ms total 60.748ms
08-03 20:34:00.284 12289 14107 I art     : Starting a blocking GC Explicit
08-03 20:34:00.347 12289 14107 I art     : Explicit concurrent mark sweep GC freed 231(22KB) AllocSpace objects, 0(0B) LOS objects, 27% free, 41MB/57MB, paused 1.673ms total 62.549ms
08-03 20:34:00.363 12289 14107 I art     : Starting a blocking GC Explicit
08-03 20:34:00.428 12289 14107 I art     : Explicit concurrent mark sweep GC freed 25(832B) AllocSpace objects, 0(0B) LOS objects, 27% free, 41MB/57MB, paused 1.740ms total 65.100ms
08-03 20:34:00.660 12289 14263 E baseline.com.newsblur.network.APIResponse: Error (unexpected end of stream on https://www.newsblur.com/...) calling https://www.newsblur.com/reader/mark_story_hashes_as_read/
08-03 20:34:00.660 12289 14263 E baseline.com.newsblur.network.APIResponse: java.io.IOException: unexpected end of stream on https://www.newsblur.com/...
08-03 20:34:00.660 12289 14263 E baseline.com.newsblur.network.APIResponse: 	at okhttp3.internal.http1.Http1ExchangeCodec.readResponseHeaders(Http1ExchangeCodec.java:236)
08-03 20:34:00.660 12289 14263 E baseline.com.newsblur.network.APIResponse: 	at okhttp3.internal.connection.Exchange.readResponseHeaders(Exchange.java:115)
08-03 20:34:00.660 12289 14263 E baseline.com.newsblur.network.APIResponse: 	at okhttp3.internal.http.CallServerInterceptor.intercept(CallServerInterceptor.java:94)
08-03 20:34:00.660 12289 14263 E baseline.com.newsblur.network.APIResponse: 	at okhttp3.internal.http.RealInterceptorChain.proceed(RealInterceptorChain.java:142)
08-03 20:34:00.660 12289 14263 E baseline.com.newsblur.network.APIResponse: 	at okhttp3.internal.connection.ConnectInterceptor.intercept(ConnectInterceptor.java:43)
08-03 20:34:00.660 12289 14263 E baseline.com.newsblur.network.APIResponse: 	at okhttp3.internal.http.RealInterceptorChain.proceed(RealInterceptorChain.java:142)
08-03 20:34:00.660 12289 14263 E baseline.com.newsblur.network.APIResponse: 	at okhttp3.internal.http.RealInterceptorChain.proceed(RealInterceptorChain.java:117)
08-03 20:34:00.660 12289 14263 E baseline.com.newsblur.network.APIResponse: 	at okhttp3.internal.cache.CacheInterceptor.intercept(CacheInterceptor.java:94)
08-03 20:34:00.660 12289 14263 E baseline.com.newsblur.network.APIResponse: 	at okhttp3.internal.http.RealInterceptorChain.proceed(RealInterceptorChain.java:142)
08-03 20:34:00.660 12289 14263 E baseline.com.newsblur.network.APIResponse: 	at okhttp3.internal.http.RealInterceptorChain.proceed(RealInterceptorChain.java:117)
08-03 20:34:00.660 12289 14263 E baseline.com.newsblur.network.APIResponse: 	at okhttp3.internal.http.BridgeInterceptor.intercept(BridgeInterceptor.java:93)
08-03 20:34:00.660 12289 14263 E baseline.com.newsblur.network.APIResponse: 	at okhttp3.internal.http.RealInterceptorChain.proceed(RealInterceptorChain.java:142)
08-03 20:34:00.660 12289 14263 E baseline.com.newsblur.network.APIResponse: 	at okhttp3.internal.http.RetryAndFollowUpInterceptor.intercept(RetryAndFollowUpInterceptor.java:88)
08-03 20:34:00.660 12289 14263 E baseline.com.newsblur.network.APIResponse: 	at okhttp3.internal.http.RealInterceptorChain.proceed(RealInterceptorChain.java:142)
08-03 20:34:00.660 12289 14263 E baseline.com.newsblur.network.APIResponse: 	at okhttp3.internal.http.RealInterceptorChain.proceed(RealInterceptorChain.java:117)
08-03 20:34:00.660 12289 14263 E baseline.com.newsblur.network.APIResponse: 	at okhttp3.RealCall.getResponseWithInterceptorChain(RealCall.java:229)
08-03 20:34:00.660 12289 14263 E baseline.com.newsblur.network.APIResponse: 	at okhttp3.RealCall.execute(RealCall.java:81)
08-03 20:34:00.660 12289 14263 E baseline.com.newsblur.network.APIResponse: 	at baseline.com.newsblur.network.APIResponse.<init>(APIResponse.java:57)
08-03 20:34:00.660 12289 14263 E baseline.com.newsblur.network.APIResponse: 	at baseline.com.newsblur.network.APIResponse.<init>(APIResponse.java:43)
08-03 20:34:00.660 12289 14263 E baseline.com.newsblur.network.APIResponse: 	at baseline.com.newsblur.network.APIManager.post_single(APIManager.java:702)
08-03 20:34:00.660 12289 14263 E baseline.com.newsblur.network.APIResponse: 	at baseline.com.newsblur.network.APIManager.post(APIManager.java:675)
08-03 20:34:00.660 12289 14263 E baseline.com.newsblur.network.APIResponse: 	at baseline.com.newsblur.network.APIManager.post(APIManager.java:714)
08-03 20:34:00.660 12289 14263 E baseline.com.newsblur.network.APIResponse: 	at baseline.com.newsblur.network.APIManager.markStoryAsRead(APIManager.java:205)
08-03 20:34:00.660 12289 14263 E baseline.com.newsblur.network.APIResponse: 	at baseline.com.newsblur.util.ReadingAction.doRemote(ReadingAction.java:281)
08-03 20:34:00.660 12289 14263 E baseline.com.newsblur.network.APIResponse: 	at baseline.com.newsblur.service.NBSyncService.syncActions(NBSyncService.java:400)
08-03 20:34:00.660 12289 14263 E baseline.com.newsblur.network.APIResponse: 	at baseline.com.newsblur.service.NBSyncService.doSync(NBSyncService.java:298)
08-03 20:34:00.660 12289 14263 E baseline.com.newsblur.network.APIResponse: 	at baseline.com.newsblur.service.NBSyncService.access$100(NBSyncService.java:67)
08-03 20:34:00.660 12289 14263 E baseline.com.newsblur.network.APIResponse: 	at baseline.com.newsblur.service.NBSyncService$1.run(NBSyncService.java:188)
08-03 20:34:00.660 12289 14263 E baseline.com.newsblur.network.APIResponse: 	at java.util.concurrent.ThreadPoolExecutor.runWorker(ThreadPoolExecutor.java:1113)
08-03 20:34:00.660 12289 14263 E baseline.com.newsblur.network.APIResponse: 	at java.util.concurrent.ThreadPoolExecutor$Worker.run(ThreadPoolExecutor.java:588)
08-03 20:34:00.660 12289 14263 E baseline.com.newsblur.network.APIResponse: 	at java.lang.Thread.run(Thread.java:818)
08-03 20:34:00.660 12289 14263 E baseline.com.newsblur.network.APIResponse: Caused by: java.io.EOFException: \n not found: limit=0 content=
08-03 20:34:00.660 12289 14263 E baseline.com.newsblur.network.APIResponse: 	at okio.RealBufferedSource.readUtf8LineStrict(RealBufferedSource.java:240)
08-03 20:34:00.660 12289 14263 E baseline.com.newsblur.network.APIResponse: 	at okhttp3.internal.http1.Http1ExchangeCodec.readHeaderLine(Http1ExchangeCodec.java:242)
08-03 20:34:00.660 12289 14263 E baseline.com.newsblur.network.APIResponse: 	at okhttp3.internal.http1.Http1ExchangeCodec.readResponseHeaders(Http1ExchangeCodec.java:213)
08-03 20:34:00.660 12289 14263 E baseline.com.newsblur.network.APIResponse: 	... 30 more
08-03 20:34:00.662 12289 14263 I baseline.com.newsblur.network.APIManager: API call failed, pausing before retry number 1
08-03 20:34:00.696 14431 14431 D AndroidRuntime: >>>>>> START com.android.internal.os.RuntimeInit uid 2000 <<<<<<
08-03 20:34:00.702 14431 14431 D AndroidRuntime: CheckJNI is OFF
08-03 20:34:00.744 14431 14431 D ICU     : No timezone override file found: /data/misc/zoneinfo/current/icu/icu_tzdata.dat
08-03 20:34:00.787 14431 14431 I Radio-JNI: register_android_hardware_Radio DONE
08-03 20:34:00.816 14431 14431 D AndroidRuntime: Calling main entry com.android.commands.input.Input
08-03 20:34:00.819 14431 14431 I Input   : injectMotionEvent: MotionEvent { action=ACTION_DOWN, actionButton=0, id[0]=0, x[0]=436.0, y[0]=453.0, toolType[0]=TOOL_TYPE_UNKNOWN, buttonState=0, metaState=0, flags=0x0, edgeFlags=0x0, pointerCount=1, historySize=0, eventTime=650057230, downTime=650057230, deviceId=0, source=0x1002 }
08-03 20:34:00.824 14431 14431 I Input   : injectMotionEvent: MotionEvent { action=ACTION_UP, actionButton=0, id[0]=0, x[0]=436.0, y[0]=453.0, toolType[0]=TOOL_TYPE_UNKNOWN, buttonState=0, metaState=0, flags=0x0, edgeFlags=0x0, pointerCount=1, historySize=0, eventTime=650057230, downTime=650057230, deviceId=0, source=0x1002 }
08-03 20:34:00.827 14431 14431 D AndroidRuntime: Shutting down VM
08-03 20:34:00.831 12289 12308 I art     : Starting a blocking GC Explicit
08-03 20:34:00.834   512  2967 D audio_hw_primary: out_set_parameters: enter: usecase(1: low-latency-playback) kvpairs: routing=2
08-03 20:34:00.842   918   929 I ActivityManager: START u0 {cmp=baseline.com.newsblur/.activity.AllSharedStoriesReading (has extras)} from uid 10625 on display 0
08-03 20:34:00.847   512  2967 D audio_hw_primary: select_devices: out_snd_device(2: speaker) in_snd_device(0: none)
08-03 20:34:00.847   512  2967 D msm8974_platform: platform_send_audio_calibration: sending audio calibration for snd_device(2) acdb_id(15)
08-03 20:34:00.847   512  2967 I soundtrigger: audio_extn_sound_trigger_update_device_status: device 0x2 of type 0 for Event 1
08-03 20:34:00.861   512  2967 D audio_hw_primary: enable_snd_device: snd_device(2: speaker)
08-03 20:34:00.864   512  2967 D audio_hw_primary: enable_audio_route: apply and update mixer path: low-latency-playback speaker
08-03 20:34:00.889 12289 12308 I art     : Explicit concurrent mark sweep GC freed 4673(461KB) AllocSpace objects, 5(100KB) LOS objects, 27% free, 42MB/58MB, paused 1.768ms total 57.980ms
08-03 20:34:00.903 12289 12308 I art     : Starting a blocking GC Explicit
08-03 20:34:00.962 12289 12308 I art     : Explicit concurrent mark sweep GC freed 1186(89KB) AllocSpace objects, 2(468KB) LOS objects, 27% free, 42MB/58MB, paused 1.580ms total 58.710ms
08-03 20:34:00.977 12289 12308 I art     : Starting a blocking GC Explicit
08-03 20:34:01.039 12289 12308 I art     : Explicit concurrent mark sweep GC freed 163(8KB) AllocSpace objects, 0(0B) LOS objects, 27% free, 42MB/58MB, paused 1.562ms total 62.483ms
08-03 20:34:01.055 12289 12308 I art     : Starting a blocking GC Explicit
08-03 20:34:01.116 12289 12308 I art     : Explicit concurrent mark sweep GC freed 330(46KB) AllocSpace objects, 2(40KB) LOS objects, 27% free, 42MB/58MB, paused 2.186ms total 60.930ms
08-03 20:34:01.132 12289 12308 I art     : Starting a blocking GC Explicit
08-03 20:34:01.139 13866 13866 I GoogleInputMethodServic: GoogleInputMethodService.onFinishInput():3138 
08-03 20:34:01.139 13866 13866 I GoogleInputMethodServic: GoogleInputMethodService.onStartInput():1808 
08-03 20:34:01.142   918   936 I ActivityManager: Displayed baseline.com.newsblur/.activity.AllSharedStoriesReading: +291ms
08-03 20:34:01.194 12289 12308 I art     : Explicit concurrent mark sweep GC freed 1265(78KB) AllocSpace objects, 1(20KB) LOS objects, 27% free, 42MB/58MB, paused 2.080ms total 61.223ms
08-03 20:34:01.399 12289 12854 E chromium: [ERROR:tile_manager.cc(793)] WARNING: tile memory limits exceeded, some content may not draw
08-03 20:34:01.400 12289 12854 E chromium: [ERROR:tile_manager.cc(793)] WARNING: tile memory limits exceeded, some content may not draw
08-03 20:34:01.408   512  2967 D audio_hw_primary: disable_audio_route: reset and update mixer path: low-latency-playback speaker
08-03 20:34:01.409   512  2967 D audio_hw_primary: disable_snd_device: snd_device(2: speaker)
08-03 20:34:01.418   512  2967 I soundtrigger: audio_extn_sound_trigger_update_device_status: device 0x2 of type 0 for Event 0
08-03 20:34:01.575 12289 12521 I art     : Starting a blocking GC Explicit
08-03 20:34:01.637 12289 12521 I art     : Explicit concurrent mark sweep GC freed 3674(282KB) AllocSpace objects, 13(304KB) LOS objects, 27% free, 42MB/58MB, paused 1.457ms total 61.460ms
08-03 20:34:01.652 12289 12521 I art     : Starting a blocking GC Explicit
08-03 20:34:01.709 12289 12521 I art     : Explicit concurrent mark sweep GC freed 577(27KB) AllocSpace objects, 0(0B) LOS objects, 27% free, 42MB/58MB, paused 1.466ms total 56.699ms
08-03 20:34:01.724 12289 12521 I art     : Starting a blocking GC Explicit
08-03 20:34:01.788 12289 12521 I art     : Explicit concurrent mark sweep GC freed 3(96B) AllocSpace objects, 0(0B) LOS objects, 27% free, 42MB/58MB, paused 1.650ms total 63.383ms
08-03 20:34:01.803 12289 12521 I art     : Starting a blocking GC Explicit
08-03 20:34:01.869 12289 12521 I art     : Explicit concurrent mark sweep GC freed 3(96B) AllocSpace objects, 0(0B) LOS objects, 27% free, 42MB/58MB, paused 1.744ms total 65.158ms
08-03 20:34:01.884 12289 12521 I art     : Starting a blocking GC Explicit
08-03 20:34:01.950 12289 12521 I art     : Explicit concurrent mark sweep GC freed 3(96B) AllocSpace objects, 0(0B) LOS objects, 27% free, 42MB/58MB, paused 1.546ms total 65.517ms
08-03 20:34:02.354 12289 14107 I art     : Starting a blocking GC Explicit
08-03 20:34:02.425 12289 14107 I art     : Explicit concurrent mark sweep GC freed 1607(91KB) AllocSpace objects, 1(20KB) LOS objects, 27% free, 42MB/58MB, paused 1.558ms total 70.463ms
08-03 20:34:02.442 12289 14107 I art     : Starting a blocking GC Explicit
08-03 20:34:02.504 12289 14107 I art     : Explicit concurrent mark sweep GC freed 328(17KB) AllocSpace objects, 0(0B) LOS objects, 27% free, 42MB/58MB, paused 1.499ms total 61.820ms
08-03 20:34:02.519 12289 14107 I art     : Starting a blocking GC Explicit
08-03 20:34:02.578 12289 14107 I art     : Explicit concurrent mark sweep GC freed 1914(74KB) AllocSpace objects, 0(0B) LOS objects, 27% free, 42MB/58MB, paused 1.397ms total 58.299ms
08-03 20:34:02.592 12289 14107 I art     : Starting a blocking GC Explicit
08-03 20:34:02.611 12289 14263 E baseline.com.newsblur.network.APIResponse: Error (unexpected end of stream on https://www.newsblur.com/...) calling https://www.newsblur.com/reader/mark_story_hashes_as_read/
08-03 20:34:02.611 12289 14263 E baseline.com.newsblur.network.APIResponse: java.io.IOException: unexpected end of stream on https://www.newsblur.com/...
08-03 20:34:02.611 12289 14263 E baseline.com.newsblur.network.APIResponse: 	at okhttp3.internal.http1.Http1ExchangeCodec.readResponseHeaders(Http1ExchangeCodec.java:236)
08-03 20:34:02.611 12289 14263 E baseline.com.newsblur.network.APIResponse: 	at okhttp3.internal.connection.Exchange.readResponseHeaders(Exchange.java:115)
08-03 20:34:02.611 12289 14263 E baseline.com.newsblur.network.APIResponse: 	at okhttp3.internal.http.CallServerInterceptor.intercept(CallServerInterceptor.java:94)
08-03 20:34:02.611 12289 14263 E baseline.com.newsblur.network.APIResponse: 	at okhttp3.internal.http.RealInterceptorChain.proceed(RealInterceptorChain.java:142)
08-03 20:34:02.611 12289 14263 E baseline.com.newsblur.network.APIResponse: 	at okhttp3.internal.connection.ConnectInterceptor.intercept(ConnectInterceptor.java:43)
08-03 20:34:02.611 12289 14263 E baseline.com.newsblur.network.APIResponse: 	at okhttp3.internal.http.RealInterceptorChain.proceed(RealInterceptorChain.java:142)
08-03 20:34:02.611 12289 14263 E baseline.com.newsblur.network.APIResponse: 	at okhttp3.internal.http.RealInterceptorChain.proceed(RealInterceptorChain.java:117)
08-03 20:34:02.611 12289 14263 E baseline.com.newsblur.network.APIResponse: 	at okhttp3.internal.cache.CacheInterceptor.intercept(CacheInterceptor.java:94)
08-03 20:34:02.611 12289 14263 E baseline.com.newsblur.network.APIResponse: 	at okhttp3.internal.http.RealInterceptorChain.proceed(RealInterceptorChain.java:142)
08-03 20:34:02.611 12289 14263 E baseline.com.newsblur.network.APIResponse: 	at okhttp3.internal.http.RealInterceptorChain.proceed(RealInterceptorChain.java:117)
08-03 20:34:02.611 12289 14263 E baseline.com.newsblur.network.APIResponse: 	at okhttp3.internal.http.BridgeInterceptor.intercept(BridgeInterceptor.java:93)
08-03 20:34:02.611 12289 14263 E baseline.com.newsblur.network.APIResponse: 	at okhttp3.internal.http.RealInterceptorChain.proceed(RealInterceptorChain.java:142)
08-03 20:34:02.611 12289 14263 E baseline.com.newsblur.network.APIResponse: 	at okhttp3.internal.http.RetryAndFollowUpInterceptor.intercept(RetryAndFollowUpInterceptor.java:88)
08-03 20:34:02.611 12289 14263 E baseline.com.newsblur.network.APIResponse: 	at okhttp3.internal.http.RealInterceptorChain.proceed(RealInterceptorChain.java:142)
08-03 20:34:02.611 12289 14263 E baseline.com.newsblur.network.APIResponse: 	at okhttp3.internal.http.RealInterceptorChain.proceed(RealInterceptorChain.java:117)
08-03 20:34:02.611 12289 14263 E baseline.com.newsblur.network.APIResponse: 	at okhttp3.RealCall.getResponseWithInterceptorChain(RealCall.java:229)
08-03 20:34:02.611 12289 14263 E baseline.com.newsblur.network.APIResponse: 	at okhttp3.RealCall.execute(RealCall.java:81)
08-03 20:34:02.611 12289 14263 E baseline.com.newsblur.network.APIResponse: 	at baseline.com.newsblur.network.APIResponse.<init>(APIResponse.java:57)
08-03 20:34:02.611 12289 14263 E baseline.com.newsblur.network.APIResponse: 	at baseline.com.newsblur.network.APIResponse.<init>(APIResponse.java:43)
08-03 20:34:02.611 12289 14263 E baseline.com.newsblur.network.APIResponse: 	at baseline.com.newsblur.network.APIManager.post_single(APIManager.java:702)
08-03 20:34:02.611 12289 14263 E baseline.com.newsblur.network.APIResponse: 	at baseline.com.newsblur.network.APIManager.post(APIManager.java:675)
08-03 20:34:02.611 12289 14263 E baseline.com.newsblur.network.APIResponse: 	at baseline.com.newsblur.network.APIManager.post(APIManager.java:714)
08-03 20:34:02.611 12289 14263 E baseline.com.newsblur.network.APIResponse: 	at baseline.com.newsblur.network.APIManager.markStoryAsRead(APIManager.java:205)
08-03 20:34:02.611 12289 14263 E baseline.com.newsblur.network.APIResponse: 	at baseline.com.newsblur.util.ReadingAction.doRemote(ReadingAction.java:281)
08-03 20:34:02.611 12289 14263 E baseline.com.newsblur.network.APIResponse: 	at baseline.com.newsblur.service.NBSyncService.syncActions(NBSyncService.java:400)
08-03 20:34:02.611 12289 14263 E baseline.com.newsblur.network.APIResponse: 	at baseline.com.newsblur.service.NBSyncService.doSync(NBSyncService.java:298)
08-03 20:34:02.611 12289 14263 E baseline.com.newsblur.network.APIResponse: 	at baseline.com.newsblur.service.NBSyncService.access$100(NBSyncService.java:67)
08-03 20:34:02.611 12289 14263 E baseline.com.newsblur.network.APIResponse: 	at baseline.com.newsblur.service.NBSyncService$1.run(NBSyncService.java:188)
08-03 20:34:02.611 12289 14263 E baseline.com.newsblur.network.APIResponse: 	at java.util.concurrent.ThreadPoolExecutor.runWorker(ThreadPoolExecutor.java:1113)
08-03 20:34:02.611 12289 14263 E baseline.com.newsblur.network.APIResponse: 	at java.util.concurrent.ThreadPoolExecutor$Worker.run(ThreadPoolExecutor.java:588)
08-03 20:34:02.611 12289 14263 E baseline.com.newsblur.network.APIResponse: 	at java.lang.Thread.run(Thread.java:818)
08-03 20:34:02.611 12289 14263 E baseline.com.newsblur.network.APIResponse: Caused by: java.io.EOFException: \n not found: limit=0 content=
08-03 20:34:02.611 12289 14263 E baseline.com.newsblur.network.APIResponse: 	at okio.RealBufferedSource.readUtf8LineStrict(RealBufferedSource.java:240)
08-03 20:34:02.611 12289 14263 E baseline.com.newsblur.network.APIResponse: 	at okhttp3.internal.http1.Http1ExchangeCodec.readHeaderLine(Http1ExchangeCodec.java:242)
08-03 20:34:02.611 12289 14263 E baseline.com.newsblur.network.APIResponse: 	at okhttp3.internal.http1.Http1ExchangeCodec.readResponseHeaders(Http1ExchangeCodec.java:213)
08-03 20:34:02.611 12289 14263 E baseline.com.newsblur.network.APIResponse: 	... 30 more
08-03 20:34:02.612 12289 14263 I baseline.com.newsblur.network.APIManager: API call failed, pausing before retry number 2
08-03 20:34:02.647 12289 14107 I art     : Explicit concurrent mark sweep GC freed 5735(569KB) AllocSpace objects, 3(60KB) LOS objects, 27% free, 42MB/58MB, paused 1.403ms total 54.774ms
08-03 20:34:02.661 12289 14107 I art     : Starting a blocking GC Explicit
08-03 20:34:02.718 12289 14107 I art     : Explicit concurrent mark sweep GC freed 116(16KB) AllocSpace objects, 0(0B) LOS objects, 27% free, 42MB/58MB, paused 1.634ms total 56.893ms
08-03 20:34:03.116 12289 12308 I art     : Starting a blocking GC Explicit
08-03 20:34:03.185 12289 12308 I art     : Explicit concurrent mark sweep GC freed 2292(126KB) AllocSpace objects, 1(20KB) LOS objects, 27% free, 42MB/58MB, paused 1.574ms total 68.760ms
08-03 20:34:03.200 12289 12308 I art     : Starting a blocking GC Explicit
08-03 20:34:03.266 12289 12308 I art     : Explicit concurrent mark sweep GC freed 451(44KB) AllocSpace objects, 0(0B) LOS objects, 27% free, 42MB/58MB, paused 1.624ms total 65.948ms
08-03 20:34:03.282 12289 12308 I art     : Starting a blocking GC Explicit
08-03 20:34:03.351 12289 12308 I art     : Explicit concurrent mark sweep GC freed 3(96B) AllocSpace objects, 0(0B) LOS objects, 27% free, 42MB/58MB, paused 1.639ms total 68.950ms
08-03 20:34:03.367 12289 12308 I art     : Starting a blocking GC Explicit
08-03 20:34:03.435 12289 12308 I art     : Explicit concurrent mark sweep GC freed 1841(74KB) AllocSpace objects, 0(0B) LOS objects, 27% free, 42MB/58MB, paused 1.833ms total 67.937ms
08-03 20:34:03.450 12289 12308 I art     : Starting a blocking GC Explicit
08-03 20:34:03.515 12289 12308 I art     : Explicit concurrent mark sweep GC freed 425(31KB) AllocSpace objects, 0(0B) LOS objects, 27% free, 42MB/58MB, paused 1.662ms total 64.533ms
08-03 20:34:03.913 12289 12302 I art     : Starting a blocking GC Explicit
08-03 20:34:03.983 12289 12302 I art     : Explicit concurrent mark sweep GC freed 1520(86KB) AllocSpace objects, 1(20KB) LOS objects, 27% free, 42MB/58MB, paused 1.517ms total 70.018ms
08-03 20:34:04.001 12289 12302 I art     : Starting a blocking GC Explicit
08-03 20:34:04.068 12289 12302 I art     : Explicit concurrent mark sweep GC freed 22(784B) AllocSpace objects, 0(0B) LOS objects, 27% free, 42MB/58MB, paused 1.607ms total 66.911ms
08-03 20:34:04.083 12289 12302 I art     : Starting a blocking GC Explicit
08-03 20:34:04.148 12289 12302 I art     : Explicit concurrent mark sweep GC freed 3(96B) AllocSpace objects, 0(0B) LOS objects, 27% free, 42MB/58MB, paused 1.765ms total 64.962ms
08-03 20:34:04.164 12289 12302 I art     : Starting a blocking GC Explicit
08-03 20:34:04.233 12289 12302 I art     : Explicit concurrent mark sweep GC freed 3(96B) AllocSpace objects, 0(0B) LOS objects, 27% free, 42MB/58MB, paused 1.590ms total 68.905ms
08-03 20:34:04.252 12289 12302 I art     : Starting a blocking GC Explicit
08-03 20:34:04.318 12289 12302 I art     : Explicit concurrent mark sweep GC freed 3(96B) AllocSpace objects, 0(0B) LOS objects, 27% free, 42MB/58MB, paused 1.658ms total 65.438ms
08-03 20:34:04.715 12289 12521 I art     : Starting a blocking GC Explicit
08-03 20:34:04.786 12289 12521 I art     : Explicit concurrent mark sweep GC freed 1443(83KB) AllocSpace objects, 1(20KB) LOS objects, 27% free, 42MB/58MB, paused 1.578ms total 69.763ms
08-03 20:34:04.803 12289 12521 I art     : Starting a blocking GC Explicit
08-03 20:34:04.868 12289 12521 I art     : Explicit concurrent mark sweep GC freed 22(784B) AllocSpace objects, 0(0B) LOS objects, 27% free, 42MB/58MB, paused 1.614ms total 64.763ms
08-03 20:34:04.883 12289 12521 I art     : Starting a blocking GC Explicit
08-03 20:34:04.950 12289 12521 I art     : Explicit concurrent mark sweep GC freed 3(96B) AllocSpace objects, 0(0B) LOS objects, 27% free, 42MB/58MB, paused 1.672ms total 66.941ms
08-03 20:34:04.965 12289 12521 I art     : Starting a blocking GC Explicit
08-03 20:34:05.031 12289 12521 I art     : Explicit concurrent mark sweep GC freed 3(96B) AllocSpace objects, 0(0B) LOS objects, 27% free, 42MB/58MB, paused 1.627ms total 65.712ms
08-03 20:34:05.047 12289 12521 I art     : Starting a blocking GC Explicit
08-03 20:34:05.109 12289 12521 I art     : Explicit concurrent mark sweep GC freed 3(96B) AllocSpace objects, 0(0B) LOS objects, 27% free, 42MB/58MB, paused 1.486ms total 62.123ms
08-03 20:34:05.511 12289 12301 I art     : Starting a blocking GC Explicit
08-03 20:34:05.578 12289 12301 I art     : Explicit concurrent mark sweep GC freed 1444(83KB) AllocSpace objects, 1(20KB) LOS objects, 27% free, 42MB/58MB, paused 1.743ms total 65.878ms
08-03 20:34:05.593 12289 12301 I art     : Starting a blocking GC Explicit
08-03 20:34:05.623 14506 14506 D AndroidRuntime: >>>>>> START com.android.internal.os.RuntimeInit uid 2000 <<<<<<
08-03 20:34:05.629 14506 14506 D AndroidRuntime: CheckJNI is OFF
08-03 20:34:05.653 12289 12301 I art     : Explicit concurrent mark sweep GC freed 113(4KB) AllocSpace objects, 0(0B) LOS objects, 27% free, 42MB/58MB, paused 1.584ms total 59.167ms
08-03 20:34:05.667 12289 12301 I art     : Starting a blocking GC Explicit
08-03 20:34:05.674 14506 14506 D ICU     : No timezone override file found: /data/misc/zoneinfo/current/icu/icu_tzdata.dat
08-03 20:34:05.717 14506 14506 I Radio-JNI: register_android_hardware_Radio DONE
08-03 20:34:05.728 12289 12301 I art     : Explicit concurrent mark sweep GC freed 21(912B) AllocSpace objects, 0(0B) LOS objects, 27% free, 42MB/58MB, paused 1.775ms total 61.159ms
08-03 20:34:05.743 12289 12301 I art     : Starting a blocking GC Explicit
08-03 20:34:05.748 14506 14506 D AndroidRuntime: Calling main entry com.android.commands.input.Input
08-03 20:34:05.750 14506 14506 I Input   : injectKeyEvent: KeyEvent { action=ACTION_DOWN, keyCode=KEYCODE_BACK, scanCode=0, metaState=0, flags=0x0, repeatCount=0, eventTime=650062163, downTime=650062163, deviceId=-1, source=0x101 }
08-03 20:34:05.756 14506 14506 I Input   : injectKeyEvent: KeyEvent { action=ACTION_UP, keyCode=KEYCODE_BACK, scanCode=0, metaState=0, flags=0x0, repeatCount=0, eventTime=650062163, downTime=650062163, deviceId=-1, source=0x101 }
08-03 20:34:05.761 14506 14506 D AndroidRuntime: Shutting down VM
08-03 20:34:05.770 12289 12289 D baseline.com.newsblur.service.NBSyncService: rejecting request for feedset that is exhaused
08-03 20:34:05.801 12289 12301 I art     : Explicit concurrent mark sweep GC freed 278(43KB) AllocSpace objects, 2(40KB) LOS objects, 27% free, 42MB/58MB, paused 1.514ms total 57.626ms
08-03 20:34:05.816 12289 12301 I art     : Starting a blocking GC Explicit
08-03 20:34:05.877 12289 12301 I art     : Explicit concurrent mark sweep GC freed 48(1824B) AllocSpace objects, 0(0B) LOS objects, 27% free, 42MB/58MB, paused 1.614ms total 61.432ms
08-03 20:34:05.942 12289 12289 D baseline.com.newsblur.service.NBSyncService: rejecting request for feedset that is exhaused
08-03 20:34:05.944 13866 13866 I GoogleInputMethodServic: GoogleInputMethodService.onFinishInput():3138 
08-03 20:34:05.944 13866 13866 I GoogleInputMethodServic: GoogleInputMethodService.onStartInput():1808 
08-03 20:34:06.183 12289 14263 E baseline.com.newsblur.network.APIResponse: Error (unexpected end of stream on https://www.newsblur.com/...) calling https://www.newsblur.com/reader/mark_story_hashes_as_read/
08-03 20:34:06.183 12289 14263 E baseline.com.newsblur.network.APIResponse: java.io.IOException: unexpected end of stream on https://www.newsblur.com/...
08-03 20:34:06.183 12289 14263 E baseline.com.newsblur.network.APIResponse: 	at okhttp3.internal.http1.Http1ExchangeCodec.readResponseHeaders(Http1ExchangeCodec.java:236)
08-03 20:34:06.183 12289 14263 E baseline.com.newsblur.network.APIResponse: 	at okhttp3.internal.connection.Exchange.readResponseHeaders(Exchange.java:115)
08-03 20:34:06.183 12289 14263 E baseline.com.newsblur.network.APIResponse: 	at okhttp3.internal.http.CallServerInterceptor.intercept(CallServerInterceptor.java:94)
08-03 20:34:06.183 12289 14263 E baseline.com.newsblur.network.APIResponse: 	at okhttp3.internal.http.RealInterceptorChain.proceed(RealInterceptorChain.java:142)
08-03 20:34:06.183 12289 14263 E baseline.com.newsblur.network.APIResponse: 	at okhttp3.internal.connection.ConnectInterceptor.intercept(ConnectInterceptor.java:43)
08-03 20:34:06.183 12289 14263 E baseline.com.newsblur.network.APIResponse: 	at okhttp3.internal.http.RealInterceptorChain.proceed(RealInterceptorChain.java:142)
08-03 20:34:06.183 12289 14263 E baseline.com.newsblur.network.APIResponse: 	at okhttp3.internal.http.RealInterceptorChain.proceed(RealInterceptorChain.java:117)
08-03 20:34:06.183 12289 14263 E baseline.com.newsblur.network.APIResponse: 	at okhttp3.internal.cache.CacheInterceptor.intercept(CacheInterceptor.java:94)
08-03 20:34:06.183 12289 14263 E baseline.com.newsblur.network.APIResponse: 	at okhttp3.internal.http.RealInterceptorChain.proceed(RealInterceptorChain.java:142)
08-03 20:34:06.183 12289 14263 E baseline.com.newsblur.network.APIResponse: 	at okhttp3.internal.http.RealInterceptorChain.proceed(RealInterceptorChain.java:117)
08-03 20:34:06.183 12289 14263 E baseline.com.newsblur.network.APIResponse: 	at okhttp3.internal.http.BridgeInterceptor.intercept(BridgeInterceptor.java:93)
08-03 20:34:06.183 12289 14263 E baseline.com.newsblur.network.APIResponse: 	at okhttp3.internal.http.RealInterceptorChain.proceed(RealInterceptorChain.java:142)
08-03 20:34:06.183 12289 14263 E baseline.com.newsblur.network.APIResponse: 	at okhttp3.internal.http.RetryAndFollowUpInterceptor.intercept(RetryAndFollowUpInterceptor.java:88)
08-03 20:34:06.183 12289 14263 E baseline.com.newsblur.network.APIResponse: 	at okhttp3.internal.http.RealInterceptorChain.proceed(RealInterceptorChain.java:142)
08-03 20:34:06.183 12289 14263 E baseline.com.newsblur.network.APIResponse: 	at okhttp3.internal.http.RealInterceptorChain.proceed(RealInterceptorChain.java:117)
08-03 20:34:06.183 12289 14263 E baseline.com.newsblur.network.APIResponse: 	at okhttp3.RealCall.getResponseWithInterceptorChain(RealCall.java:229)
08-03 20:34:06.183 12289 14263 E baseline.com.newsblur.network.APIResponse: 	at okhttp3.RealCall.execute(RealCall.java:81)
08-03 20:34:06.183 12289 14263 E baseline.com.newsblur.network.APIResponse: 	at baseline.com.newsblur.network.APIResponse.<init>(APIResponse.java:57)
08-03 20:34:06.183 12289 14263 E baseline.com.newsblur.network.APIResponse: 	at baseline.com.newsblur.network.APIResponse.<init>(APIResponse.java:43)
08-03 20:34:06.183 12289 14263 E baseline.com.newsblur.network.APIResponse: 	at baseline.com.newsblur.network.APIManager.post_single(APIManager.java:702)
08-03 20:34:06.183 12289 14263 E baseline.com.newsblur.network.APIResponse: 	at baseline.com.newsblur.network.APIManager.post(APIManager.java:675)
08-03 20:34:06.183 12289 14263 E baseline.com.newsblur.network.APIResponse: 	at baseline.com.newsblur.network.APIManager.post(APIManager.java:714)
08-03 20:34:06.183 12289 14263 E baseline.com.newsblur.network.APIResponse: 	at baseline.com.newsblur.network.APIManager.markStoryAsRead(APIManager.java:205)
08-03 20:34:06.183 12289 14263 E baseline.com.newsblur.network.APIResponse: 	at baseline.com.newsblur.util.ReadingAction.doRemote(ReadingAction.java:281)
08-03 20:34:06.183 12289 14263 E baseline.com.newsblur.network.APIResponse: 	at baseline.com.newsblur.service.NBSyncService.syncActions(NBSyncService.java:400)
08-03 20:34:06.183 12289 14263 E baseline.com.newsblur.network.APIResponse: 	at baseline.com.newsblur.service.NBSyncService.doSync(NBSyncService.java:298)
08-03 20:34:06.183 12289 14263 E baseline.com.newsblur.network.APIResponse: 	at baseline.com.newsblur.service.NBSyncService.access$100(NBSyncService.java:67)
08-03 20:34:06.183 12289 14263 E baseline.com.newsblur.network.APIResponse: 	at baseline.com.newsblur.service.NBSyncService$1.run(NBSyncService.java:188)
08-03 20:34:06.183 12289 14263 E baseline.com.newsblur.network.APIResponse: 	at java.util.concurrent.ThreadPoolExecutor.runWorker(ThreadPoolExecutor.java:1113)
08-03 20:34:06.183 12289 14263 E baseline.com.newsblur.network.APIResponse: 	at java.util.concurrent.ThreadPoolExecutor$Worker.run(ThreadPoolExecutor.java:588)
08-03 20:34:06.183 12289 14263 E baseline.com.newsblur.network.APIResponse: 	at java.lang.Thread.run(Thread.java:818)
08-03 20:34:06.183 12289 14263 E baseline.com.newsblur.network.APIResponse: Caused by: java.io.EOFException: \n not found: limit=0 content=
08-03 20:34:06.183 12289 14263 E baseline.com.newsblur.network.APIResponse: 	at okio.RealBufferedSource.readUtf8LineStrict(RealBufferedSource.java:240)
08-03 20:34:06.183 12289 14263 E baseline.com.newsblur.network.APIResponse: 	at okhttp3.internal.http1.Http1ExchangeCodec.readHeaderLine(Http1ExchangeCodec.java:242)
08-03 20:34:06.183 12289 14263 E baseline.com.newsblur.network.APIResponse: 	at okhttp3.internal.http1.Http1ExchangeCodec.readResponseHeaders(Http1ExchangeCodec.java:213)
08-03 20:34:06.183 12289 14263 E baseline.com.newsblur.network.APIResponse: 	... 30 more
08-03 20:34:06.185 12289 14263 I baseline.com.newsblur.service.NBSyncService: Holding reading action with server-side or network error.
08-03 20:34:06.200 12289 14263 W baseline.com.newsblur.service.NBSyncService: hard API failure
08-03 20:34:06.208 12289 14263 I baseline.com.newsblur.service.NBSyncService: recounting dirty feed sets: 1
08-03 20:34:06.251 12289 12308 I art     : Starting a blocking GC Explicit
08-03 20:34:06.311 12289 12308 I art     : Explicit concurrent mark sweep GC freed 7439(617KB) AllocSpace objects, 9(188KB) LOS objects, 27% free, 42MB/58MB, paused 1.569ms total 60.105ms
08-03 20:34:06.325 12289 12308 I art     : Starting a blocking GC Explicit
08-03 20:34:06.381 12289 12308 I art     : Explicit concurrent mark sweep GC freed 471(24KB) AllocSpace objects, 0(0B) LOS objects, 27% free, 42MB/58MB, paused 1.996ms total 55.685ms
08-03 20:34:06.396 12289 12308 I art     : Starting a blocking GC Explicit
08-03 20:34:06.460 12289 12308 I art     : Explicit concurrent mark sweep GC freed 140(6KB) AllocSpace objects, 0(0B) LOS objects, 27% free, 41MB/57MB, paused 1.674ms total 64.064ms
08-03 20:34:06.476 12289 12308 I art     : Starting a blocking GC Explicit
08-03 20:34:06.543 12289 12308 I art     : Explicit concurrent mark sweep GC freed 183(7KB) AllocSpace objects, 0(0B) LOS objects, 27% free, 42MB/58MB, paused 1.990ms total 67.080ms
08-03 20:34:06.560 12289 12308 I art     : Starting a blocking GC Explicit
08-03 20:34:06.599 12289 14263 E baseline.com.newsblur.network.APIResponse: Error (unexpected end of stream on https://www.newsblur.com/...) calling https://www.newsblur.com/reader/feed_unread_count?feed_id=0
08-03 20:34:06.599 12289 14263 E baseline.com.newsblur.network.APIResponse: java.io.IOException: unexpected end of stream on https://www.newsblur.com/...
08-03 20:34:06.599 12289 14263 E baseline.com.newsblur.network.APIResponse: 	at okhttp3.internal.http1.Http1ExchangeCodec.readResponseHeaders(Http1ExchangeCodec.java:236)
08-03 20:34:06.599 12289 14263 E baseline.com.newsblur.network.APIResponse: 	at okhttp3.internal.connection.Exchange.readResponseHeaders(Exchange.java:115)
08-03 20:34:06.599 12289 14263 E baseline.com.newsblur.network.APIResponse: 	at okhttp3.internal.http.CallServerInterceptor.intercept(CallServerInterceptor.java:94)
08-03 20:34:06.599 12289 14263 E baseline.com.newsblur.network.APIResponse: 	at okhttp3.internal.http.RealInterceptorChain.proceed(RealInterceptorChain.java:142)
08-03 20:34:06.599 12289 14263 E baseline.com.newsblur.network.APIResponse: 	at okhttp3.internal.connection.ConnectInterceptor.intercept(ConnectInterceptor.java:43)
08-03 20:34:06.599 12289 14263 E baseline.com.newsblur.network.APIResponse: 	at okhttp3.internal.http.RealInterceptorChain.proceed(RealInterceptorChain.java:142)
08-03 20:34:06.599 12289 14263 E baseline.com.newsblur.network.APIResponse: 	at okhttp3.internal.http.RealInterceptorChain.proceed(RealInterceptorChain.java:117)
08-03 20:34:06.599 12289 14263 E baseline.com.newsblur.network.APIResponse: 	at okhttp3.internal.cache.CacheInterceptor.intercept(CacheInterceptor.java:94)
08-03 20:34:06.599 12289 14263 E baseline.com.newsblur.network.APIResponse: 	at okhttp3.internal.http.RealInterceptorChain.proceed(RealInterceptorChain.java:142)
08-03 20:34:06.599 12289 14263 E baseline.com.newsblur.network.APIResponse: 	at okhttp3.internal.http.RealInterceptorChain.proceed(RealInterceptorChain.java:117)
08-03 20:34:06.599 12289 14263 E baseline.com.newsblur.network.APIResponse: 	at okhttp3.internal.http.BridgeInterceptor.intercept(BridgeInterceptor.java:93)
08-03 20:34:06.599 12289 14263 E baseline.com.newsblur.network.APIResponse: 	at okhttp3.internal.http.RealInterceptorChain.proceed(RealInterceptorChain.java:142)
08-03 20:34:06.599 12289 14263 E baseline.com.newsblur.network.APIResponse: 	at okhttp3.internal.http.RetryAndFollowUpInterceptor.intercept(RetryAndFollowUpInterceptor.java:88)
08-03 20:34:06.599 12289 14263 E baseline.com.newsblur.network.APIResponse: 	at okhttp3.internal.http.RealInterceptorChain.proceed(RealInterceptorChain.java:142)
08-03 20:34:06.599 12289 14263 E baseline.com.newsblur.network.APIResponse: 	at okhttp3.internal.http.RealInterceptorChain.proceed(RealInterceptorChain.java:117)
08-03 20:34:06.599 12289 14263 E baseline.com.newsblur.network.APIResponse: 	at okhttp3.RealCall.getResponseWithInterceptorChain(RealCall.java:229)
08-03 20:34:06.599 12289 14263 E baseline.com.newsblur.network.APIResponse: 	at okhttp3.RealCall.execute(RealCall.java:81)
08-03 20:34:06.599 12289 14263 E baseline.com.newsblur.network.APIResponse: 	at baseline.com.newsblur.network.APIResponse.<init>(APIResponse.java:57)
08-03 20:34:06.599 12289 14263 E baseline.com.newsblur.network.APIResponse: 	at baseline.com.newsblur.network.APIManager.get_single(APIManager.java:639)
08-03 20:34:06.599 12289 14263 E baseline.com.newsblur.network.APIResponse: 	at baseline.com.newsblur.network.APIManager.get(APIManager.java:625)
08-03 20:34:06.599 12289 14263 E baseline.com.newsblur.network.APIResponse: 	at baseline.com.newsblur.network.APIManager.get(APIManager.java:667)
08-03 20:34:06.599 12289 14263 E baseline.com.newsblur.network.APIResponse: 	at baseline.com.newsblur.network.APIManager.getFeedUnreadCounts(APIManager.java:274)
08-03 20:34:06.599 12289 14263 E baseline.com.newsblur.network.APIResponse: 	at baseline.com.newsblur.service.NBSyncService.checkRecounts(NBSyncService.java:660)
08-03 20:34:06.599 12289 14263 E baseline.com.newsblur.network.APIResponse: 	at baseline.com.newsblur.service.NBSyncService.doSync(NBSyncService.java:310)
08-03 20:34:06.599 12289 14263 E baseline.com.newsblur.network.APIResponse: 	at baseline.com.newsblur.service.NBSyncService.access$100(NBSyncService.java:67)
08-03 20:34:06.599 12289 14263 E baseline.com.newsblur.network.APIResponse: 	at baseline.com.newsblur.service.NBSyncService$1.run(NBSyncService.java:188)
08-03 20:34:06.599 12289 14263 E baseline.com.newsblur.network.APIResponse: 	at java.util.concurrent.ThreadPoolExecutor.runWorker(ThreadPoolExecutor.java:1113)
08-03 20:34:06.599 12289 14263 E baseline.com.newsblur.network.APIResponse: 	at java.util.concurrent.ThreadPoolExecutor$Worker.run(ThreadPoolExecutor.java:588)
08-03 20:34:06.599 12289 14263 E baseline.com.newsblur.network.APIResponse: 	at java.lang.Thread.run(Thread.java:818)
08-03 20:34:06.599 12289 14263 E baseline.com.newsblur.network.APIResponse: Caused by: java.io.EOFException: \n not found: limit=0 content=
08-03 20:34:06.599 12289 14263 E baseline.com.newsblur.network.APIResponse: 	at okio.RealBufferedSource.readUtf8LineStrict(RealBufferedSource.java:240)
08-03 20:34:06.599 12289 14263 E baseline.com.newsblur.network.APIResponse: 	at okhttp3.internal.http1.Http1ExchangeCodec.readHeaderLine(Http1ExchangeCodec.java:242)
08-03 20:34:06.599 12289 14263 E baseline.com.newsblur.network.APIResponse: 	at okhttp3.internal.http1.Http1ExchangeCodec.readResponseHeaders(Http1ExchangeCodec.java:213)
08-03 20:34:06.599 12289 14263 E baseline.com.newsblur.network.APIResponse: 	... 28 more
08-03 20:34:06.600 12289 14263 I baseline.com.newsblur.network.APIManager: API call failed, pausing before retry number 1
08-03 20:34:06.621 12289 12308 I art     : Explicit concurrent mark sweep GC freed 2249(251KB) AllocSpace objects, 2(40KB) LOS objects, 27% free, 42MB/58MB, paused 1.504ms total 61.268ms
08-03 20:34:06.751   918  3188 I hubconnection: sensorhub said: 'set_bias 3: -6.2400, 0.0000, 0.0000'
08-03 20:34:07.027 12289 12308 I art     : Starting a blocking GC Explicit
08-03 20:34:07.096 12289 12308 I art     : Explicit concurrent mark sweep GC freed 1644(102KB) AllocSpace objects, 1(20KB) LOS objects, 27% free, 41MB/57MB, paused 1.885ms total 68.330ms
08-03 20:34:07.111 12289 12308 I art     : Starting a blocking GC Explicit
08-03 20:34:07.174 12289 12308 I art     : Explicit concurrent mark sweep GC freed 53(1808B) AllocSpace objects, 0(0B) LOS objects, 27% free, 41MB/57MB, paused 1.520ms total 62.816ms
08-03 20:34:07.192 12289 12308 I art     : Starting a blocking GC Explicit
08-03 20:34:07.258 12289 12308 I art     : Explicit concurrent mark sweep GC freed 14(448B) AllocSpace objects, 0(0B) LOS objects, 27% free, 41MB/57MB, paused 1.578ms total 65.660ms
08-03 20:34:07.274 12289 12308 I art     : Starting a blocking GC Explicit
08-03 20:34:07.341 12289 12308 I art     : Explicit concurrent mark sweep GC freed 11(352B) AllocSpace objects, 0(0B) LOS objects, 27% free, 41MB/57MB, paused 1.817ms total 66.396ms
08-03 20:34:07.358 12289 12308 I art     : Starting a blocking GC Explicit
08-03 20:34:07.423 12289 12308 I art     : Explicit concurrent mark sweep GC freed 10(320B) AllocSpace objects, 0(0B) LOS objects, 27% free, 41MB/57MB, paused 1.466ms total 65.116ms
08-03 20:34:07.583 14551 14551 D AndroidRuntime: >>>>>> START com.android.internal.os.RuntimeInit uid 2000 <<<<<<
08-03 20:34:07.590 14551 14551 D AndroidRuntime: CheckJNI is OFF
08-03 20:34:07.631   518   646 I ThermalEngine: ACTION: GPU - Setting GPU[0] to 390000000
08-03 20:34:07.637 14551 14551 D ICU     : No timezone override file found: /data/misc/zoneinfo/current/icu/icu_tzdata.dat
08-03 20:34:07.685 14551 14551 I Radio-JNI: register_android_hardware_Radio DONE
08-03 20:34:07.718 14551 14551 D AndroidRuntime: Calling main entry com.android.commands.input.Input
08-03 20:34:07.720 14551 14551 I Input   : injectKeyEvent: KeyEvent { action=ACTION_DOWN, keyCode=KEYCODE_BACK, scanCode=0, metaState=0, flags=0x0, repeatCount=0, eventTime=650064132, downTime=650064132, deviceId=-1, source=0x101 }
08-03 20:34:07.727 14551 14551 I Input   : injectKeyEvent: KeyEvent { action=ACTION_UP, keyCode=KEYCODE_BACK, scanCode=0, metaState=0, flags=0x0, repeatCount=0, eventTime=650064132, downTime=650064132, deviceId=-1, source=0x101 }
08-03 20:34:07.742 14551 14551 D AndroidRuntime: Shutting down VM
08-03 20:34:07.860 12289 14107 I art     : Starting a blocking GC Explicit
08-03 20:34:07.939 12289 14107 I art     : Explicit concurrent mark sweep GC freed 1781(149KB) AllocSpace objects, 5(100KB) LOS objects, 27% free, 42MB/58MB, paused 2.444ms total 78.569ms
08-03 20:34:07.962 12289 14107 I art     : Starting a blocking GC Explicit
08-03 20:34:07.998 13866 13866 I GoogleInputMethodServic: GoogleInputMethodService.onFinishInput():3138 
08-03 20:34:07.999 13866 13866 I GoogleInputMethodServic: GoogleInputMethodService.onStartInput():1808 
08-03 20:34:08.036 12289 14107 I art     : Explicit concurrent mark sweep GC freed 7930(514KB) AllocSpace objects, 8(160KB) LOS objects, 27% free, 42MB/58MB, paused 2.655ms total 73.024ms
08-03 20:34:08.057 12289 14107 I art     : Starting a blocking GC Explicit
08-03 20:34:08.128 12289 14107 I art     : Explicit concurrent mark sweep GC freed 300(11KB) AllocSpace objects, 0(0B) LOS objects, 27% free, 41MB/57MB, paused 2.304ms total 70.960ms
08-03 20:34:08.150 12289 14107 I art     : Starting a blocking GC Explicit
08-03 20:34:08.232  9822  9822 I Atfwd_Sendcmd: AtCmdFwd service not ready - Exhausted retry attempts - :6
08-03 20:34:08.232  9822  9822 I Atfwd_Daemon: result : -1 	 ,Init step :2 	 ,qmiErrorCode: 0
08-03 20:34:08.233 12289 14107 I art     : Explicit concurrent mark sweep GC freed 154(7KB) AllocSpace objects, 0(0B) LOS objects, 27% free, 41MB/57MB, paused 3.861ms total 83.008ms
08-03 20:34:08.263 12289 14107 I art     : Starting a blocking GC Explicit
08-03 20:34:08.364 12289 14107 I art     : Explicit concurrent mark sweep GC freed 12(1408B) AllocSpace objects, 0(0B) LOS objects, 27% free, 41MB/57MB, paused 2.518ms total 99.609ms
08-03 20:34:08.647 12289 14263 E baseline.com.newsblur.network.APIResponse: Error (unexpected end of stream on https://www.newsblur.com/...) calling https://www.newsblur.com/reader/feed_unread_count?feed_id=0
08-03 20:34:08.647 12289 14263 E baseline.com.newsblur.network.APIResponse: java.io.IOException: unexpected end of stream on https://www.newsblur.com/...
08-03 20:34:08.647 12289 14263 E baseline.com.newsblur.network.APIResponse: 	at okhttp3.internal.http1.Http1ExchangeCodec.readResponseHeaders(Http1ExchangeCodec.java:236)
08-03 20:34:08.647 12289 14263 E baseline.com.newsblur.network.APIResponse: 	at okhttp3.internal.connection.Exchange.readResponseHeaders(Exchange.java:115)
08-03 20:34:08.647 12289 14263 E baseline.com.newsblur.network.APIResponse: 	at okhttp3.internal.http.CallServerInterceptor.intercept(CallServerInterceptor.java:94)
08-03 20:34:08.647 12289 14263 E baseline.com.newsblur.network.APIResponse: 	at okhttp3.internal.http.RealInterceptorChain.proceed(RealInterceptorChain.java:142)
08-03 20:34:08.647 12289 14263 E baseline.com.newsblur.network.APIResponse: 	at okhttp3.internal.connection.ConnectInterceptor.intercept(ConnectInterceptor.java:43)
08-03 20:34:08.647 12289 14263 E baseline.com.newsblur.network.APIResponse: 	at okhttp3.internal.http.RealInterceptorChain.proceed(RealInterceptorChain.java:142)
08-03 20:34:08.647 12289 14263 E baseline.com.newsblur.network.APIResponse: 	at okhttp3.internal.http.RealInterceptorChain.proceed(RealInterceptorChain.java:117)
08-03 20:34:08.647 12289 14263 E baseline.com.newsblur.network.APIResponse: 	at okhttp3.internal.cache.CacheInterceptor.intercept(CacheInterceptor.java:94)
08-03 20:34:08.647 12289 14263 E baseline.com.newsblur.network.APIResponse: 	at okhttp3.internal.http.RealInterceptorChain.proceed(RealInterceptorChain.java:142)
08-03 20:34:08.647 12289 14263 E baseline.com.newsblur.network.APIResponse: 	at okhttp3.internal.http.RealInterceptorChain.proceed(RealInterceptorChain.java:117)
08-03 20:34:08.647 12289 14263 E baseline.com.newsblur.network.APIResponse: 	at okhttp3.internal.http.BridgeInterceptor.intercept(BridgeInterceptor.java:93)
08-03 20:34:08.647 12289 14263 E baseline.com.newsblur.network.APIResponse: 	at okhttp3.internal.http.RealInterceptorChain.proceed(RealInterceptorChain.java:142)
08-03 20:34:08.647 12289 14263 E baseline.com.newsblur.network.APIResponse: 	at okhttp3.internal.http.RetryAndFollowUpInterceptor.intercept(RetryAndFollowUpInterceptor.java:88)
08-03 20:34:08.647 12289 14263 E baseline.com.newsblur.network.APIResponse: 	at okhttp3.internal.http.RealInterceptorChain.proceed(RealInterceptorChain.java:142)
08-03 20:34:08.647 12289 14263 E baseline.com.newsblur.network.APIResponse: 	at okhttp3.internal.http.RealInterceptorChain.proceed(RealInterceptorChain.java:117)
08-03 20:34:08.647 12289 14263 E baseline.com.newsblur.network.APIResponse: 	at okhttp3.RealCall.getResponseWithInterceptorChain(RealCall.java:229)
08-03 20:34:08.647 12289 14263 E baseline.com.newsblur.network.APIResponse: 	at okhttp3.RealCall.execute(RealCall.java:81)
08-03 20:34:08.647 12289 14263 E baseline.com.newsblur.network.APIResponse: 	at baseline.com.newsblur.network.APIResponse.<init>(APIResponse.java:57)
08-03 20:34:08.647 12289 14263 E baseline.com.newsblur.network.APIResponse: 	at baseline.com.newsblur.network.APIManager.get_single(APIManager.java:639)
08-03 20:34:08.647 12289 14263 E baseline.com.newsblur.network.APIResponse: 	at baseline.com.newsblur.network.APIManager.get(APIManager.java:625)
08-03 20:34:08.647 12289 14263 E baseline.com.newsblur.network.APIResponse: 	at baseline.com.newsblur.network.APIManager.get(APIManager.java:667)
08-03 20:34:08.647 12289 14263 E baseline.com.newsblur.network.APIResponse: 	at baseline.com.newsblur.network.APIManager.getFeedUnreadCounts(APIManager.java:274)
08-03 20:34:08.647 12289 14263 E baseline.com.newsblur.network.APIResponse: 	at baseline.com.newsblur.service.NBSyncService.checkRecounts(NBSyncService.java:660)
08-03 20:34:08.647 12289 14263 E baseline.com.newsblur.network.APIResponse: 	at baseline.com.newsblur.service.NBSyncService.doSync(NBSyncService.java:310)
08-03 20:34:08.647 12289 14263 E baseline.com.newsblur.network.APIResponse: 	at baseline.com.newsblur.service.NBSyncService.access$100(NBSyncService.java:67)
08-03 20:34:08.647 12289 14263 E baseline.com.newsblur.network.APIResponse: 	at baseline.com.newsblur.service.NBSyncService$1.run(NBSyncService.java:188)
08-03 20:34:08.647 12289 14263 E baseline.com.newsblur.network.APIResponse: 	at java.util.concurrent.ThreadPoolExecutor.runWorker(ThreadPoolExecutor.java:1113)
08-03 20:34:08.647 12289 14263 E baseline.com.newsblur.network.APIResponse: 	at java.util.concurrent.ThreadPoolExecutor$Worker.run(ThreadPoolExecutor.java:588)
08-03 20:34:08.647 12289 14263 E baseline.com.newsblur.network.APIResponse: 	at java.lang.Thread.run(Thread.java:818)
08-03 20:34:08.647 12289 14263 E baseline.com.newsblur.network.APIResponse: Caused by: java.io.EOFException: \n not found: limit=0 content=
08-03 20:34:08.647 12289 14263 E baseline.com.newsblur.network.APIResponse: 	at okio.RealBufferedSource.readUtf8LineStrict(RealBufferedSource.java:240)
08-03 20:34:08.647 12289 14263 E baseline.com.newsblur.network.APIResponse: 	at okhttp3.internal.http1.Http1ExchangeCodec.readHeaderLine(Http1ExchangeCodec.java:242)
08-03 20:34:08.647 12289 14263 E baseline.com.newsblur.network.APIResponse: 	at okhttp3.internal.http1.Http1ExchangeCodec.readResponseHeaders(Http1ExchangeCodec.java:213)
08-03 20:34:08.647 12289 14263 E baseline.com.newsblur.network.APIResponse: 	... 28 more
08-03 20:34:08.648 12289 14263 I baseline.com.newsblur.network.APIManager: API call failed, pausing before retry number 2
08-03 20:34:08.804 12289 12302 I art     : Starting a blocking GC Explicit
08-03 20:34:08.891 12289 12302 I art     : Explicit concurrent mark sweep GC freed 4439(377KB) AllocSpace objects, 3(60KB) LOS objects, 27% free, 41MB/57MB, paused 2.371ms total 85.731ms
08-03 20:34:08.916 12289 12302 I art     : Starting a blocking GC Explicit
08-03 20:34:08.996 12289 12302 I art     : Explicit concurrent mark sweep GC freed 268(11KB) AllocSpace objects, 0(0B) LOS objects, 27% free, 41MB/57MB, paused 2.347ms total 79.930ms
08-03 20:34:09.020 12289 12302 I art     : Starting a blocking GC Explicit
08-03 20:34:09.092 12289 12302 I art     : Explicit concurrent mark sweep GC freed 14(448B) AllocSpace objects, 0(0B) LOS objects, 27% free, 41MB/57MB, paused 2.093ms total 71.451ms
08-03 20:34:09.113 12289 12302 I art     : Starting a blocking GC Explicit
08-03 20:34:09.187 12289 12302 I art     : Explicit concurrent mark sweep GC freed 15(480B) AllocSpace objects, 0(0B) LOS objects, 27% free, 41MB/57MB, paused 2.163ms total 73.430ms
08-03 20:34:09.211 12289 12302 I art     : Starting a blocking GC Explicit
08-03 20:34:09.289 12289 12302 I art     : Explicit concurrent mark sweep GC freed 15(480B) AllocSpace objects, 0(0B) LOS objects, 27% free, 41MB/57MB, paused 2.245ms total 77.290ms
08-03 20:34:09.705 12289 12302 I art     : Starting a blocking GC Explicit
08-03 20:34:09.712 14588 14588 D AndroidRuntime: >>>>>> START com.android.internal.os.RuntimeInit uid 2000 <<<<<<
08-03 20:34:09.718 14588 14588 D AndroidRuntime: CheckJNI is OFF
08-03 20:34:09.772 14588 14588 D ICU     : No timezone override file found: /data/misc/zoneinfo/current/icu/icu_tzdata.dat
08-03 20:34:09.782 12289 12302 I art     : Explicit concurrent mark sweep GC freed 1457(83KB) AllocSpace objects, 1(20KB) LOS objects, 27% free, 41MB/57MB, paused 2.551ms total 76.527ms
08-03 20:34:09.805 12289 12302 I art     : Starting a blocking GC Explicit
08-03 20:34:09.819 14588 14588 I Radio-JNI: register_android_hardware_Radio DONE
08-03 20:34:09.850 14588 14588 D AndroidRuntime: Calling main entry com.android.commands.am.Am
08-03 20:34:09.877 29687 29687 I Trepn   : Trepn 6.2s: Received intent: com.quicinc.trepn.stop_profiling
08-03 20:34:09.882 12289 12302 I art     : Explicit concurrent mark sweep GC freed 22(784B) AllocSpace objects, 0(0B) LOS objects, 27% free, 41MB/57MB, paused 2.303ms total 76.385ms
08-03 20:34:09.905 12289 12302 I art     : Starting a blocking GC Explicit
08-03 20:34:09.916 29687 29687 I Trepn   : Trepn 6.2s: Trepn has Stopped Profiling.
08-03 20:34:09.980 12289 12302 I art     : Explicit concurrent mark sweep GC freed 3(96B) AllocSpace objects, 0(0B) LOS objects, 27% free, 41MB/57MB, paused 2.367ms total 74.505ms
08-03 20:34:10.002 12289 12302 I art     : Starting a blocking GC Explicit
08-03 20:34:10.080 12289 12302 I art     : Explicit concurrent mark sweep GC freed 3(96B) AllocSpace objects, 0(0B) LOS objects, 27% free, 41MB/57MB, paused 2.465ms total 77.195ms
08-03 20:34:10.088 14588 14588 D AndroidRuntime: Shutting down VM
08-03 20:34:10.093   918  5481 W AppOps  : Finishing op nesting under-run: uid 10078 pkg com.quicinc.trepn code 24 time=0 duration=0 nesting=0
08-03 20:34:10.104 12289 12302 I art     : Starting a blocking GC Explicit
08-03 20:34:10.169 12289 12302 I art     : Explicit concurrent mark sweep GC freed 3(96B) AllocSpace objects, 0(0B) LOS objects, 27% free, 41MB/57MB, paused 2.076ms total 65.027ms
08-03 20:34:10.587 12289 12521 I art     : Starting a blocking GC Explicit
08-03 20:34:10.667 12289 12521 I art     : Explicit concurrent mark sweep GC freed 1439(82KB) AllocSpace objects, 1(20KB) LOS objects, 27% free, 41MB/57MB, paused 2.870ms total 80.432ms
08-03 20:34:10.690 12289 12521 I art     : Starting a blocking GC Explicit
08-03 20:34:10.761   918  3261 D WifiStateMachine: starting scan for "H369AA63323"WPA_PSK with 2412,5180
08-03 20:34:10.768 12289 12521 I art     : Explicit concurrent mark sweep GC freed 22(784B) AllocSpace objects, 0(0B) LOS objects, 27% free, 41MB/57MB, paused 2.342ms total 77.466ms
08-03 20:34:10.791 12289 12521 I art     : Starting a blocking GC Explicit
08-03 20:34:10.867 12289 12521 I art     : Explicit concurrent mark sweep GC freed 3(96B) AllocSpace objects, 0(0B) LOS objects, 27% free, 41MB/57MB, paused 2.231ms total 76.288ms
08-03 20:34:10.889 12289 12521 I art     : Starting a blocking GC Explicit
08-03 20:34:10.961 12289 12521 I art     : Explicit concurrent mark sweep GC freed 3(96B) AllocSpace objects, 0(0B) LOS objects, 27% free, 41MB/57MB, paused 2.792ms total 71.517ms
08-03 20:34:10.983 12289 12521 I art     : Starting a blocking GC Explicit
08-03 20:34:11.058 12289 12521 I art     : Explicit concurrent mark sweep GC freed 3(96B) AllocSpace objects, 0(0B) LOS objects, 27% free, 41MB/57MB, paused 2.175ms total 75.006ms
08-03 20:34:12.227 12289 14263 E baseline.com.newsblur.network.APIResponse: Error (unexpected end of stream on https://www.newsblur.com/...) calling https://www.newsblur.com/reader/feed_unread_count?feed_id=0
08-03 20:34:12.227 12289 14263 E baseline.com.newsblur.network.APIResponse: java.io.IOException: unexpected end of stream on https://www.newsblur.com/...
08-03 20:34:12.227 12289 14263 E baseline.com.newsblur.network.APIResponse: 	at okhttp3.internal.http1.Http1ExchangeCodec.readResponseHeaders(Http1ExchangeCodec.java:236)
08-03 20:34:12.227 12289 14263 E baseline.com.newsblur.network.APIResponse: 	at okhttp3.internal.connection.Exchange.readResponseHeaders(Exchange.java:115)
08-03 20:34:12.227 12289 14263 E baseline.com.newsblur.network.APIResponse: 	at okhttp3.internal.http.CallServerInterceptor.intercept(CallServerInterceptor.java:94)
08-03 20:34:12.227 12289 14263 E baseline.com.newsblur.network.APIResponse: 	at okhttp3.internal.http.RealInterceptorChain.proceed(RealInterceptorChain.java:142)
08-03 20:34:12.227 12289 14263 E baseline.com.newsblur.network.APIResponse: 	at okhttp3.internal.connection.ConnectInterceptor.intercept(ConnectInterceptor.java:43)
08-03 20:34:12.227 12289 14263 E baseline.com.newsblur.network.APIResponse: 	at okhttp3.internal.http.RealInterceptorChain.proceed(RealInterceptorChain.java:142)
08-03 20:34:12.227 12289 14263 E baseline.com.newsblur.network.APIResponse: 	at okhttp3.internal.http.RealInterceptorChain.proceed(RealInterceptorChain.java:117)
08-03 20:34:12.227 12289 14263 E baseline.com.newsblur.network.APIResponse: 	at okhttp3.internal.cache.CacheInterceptor.intercept(CacheInterceptor.java:94)
08-03 20:34:12.227 12289 14263 E baseline.com.newsblur.network.APIResponse: 	at okhttp3.internal.http.RealInterceptorChain.proceed(RealInterceptorChain.java:142)
08-03 20:34:12.227 12289 14263 E baseline.com.newsblur.network.APIResponse: 	at okhttp3.internal.http.RealInterceptorChain.proceed(RealInterceptorChain.java:117)
08-03 20:34:12.227 12289 14263 E baseline.com.newsblur.network.APIResponse: 	at okhttp3.internal.http.BridgeInterceptor.intercept(BridgeInterceptor.java:93)
08-03 20:34:12.227 12289 14263 E baseline.com.newsblur.network.APIResponse: 	at okhttp3.internal.http.RealInterceptorChain.proceed(RealInterceptorChain.java:142)
08-03 20:34:12.227 12289 14263 E baseline.com.newsblur.network.APIResponse: 	at okhttp3.internal.http.RetryAndFollowUpInterceptor.intercept(RetryAndFollowUpInterceptor.java:88)
08-03 20:34:12.227 12289 14263 E baseline.com.newsblur.network.APIResponse: 	at okhttp3.internal.http.RealInterceptorChain.proceed(RealInterceptorChain.java:142)
08-03 20:34:12.227 12289 14263 E baseline.com.newsblur.network.APIResponse: 	at okhttp3.internal.http.RealInterceptorChain.proceed(RealInterceptorChain.java:117)
08-03 20:34:12.227 12289 14263 E baseline.com.newsblur.network.APIResponse: 	at okhttp3.RealCall.getResponseWithInterceptorChain(RealCall.java:229)
08-03 20:34:12.227 12289 14263 E baseline.com.newsblur.network.APIResponse: 	at okhttp3.RealCall.execute(RealCall.java:81)
08-03 20:34:12.227 12289 14263 E baseline.com.newsblur.network.APIResponse: 	at baseline.com.newsblur.network.APIResponse.<init>(APIResponse.java:57)
08-03 20:34:12.227 12289 14263 E baseline.com.newsblur.network.APIResponse: 	at baseline.com.newsblur.network.APIManager.get_single(APIManager.java:639)
08-03 20:34:12.227 12289 14263 E baseline.com.newsblur.network.APIResponse: 	at baseline.com.newsblur.network.APIManager.get(APIManager.java:625)
08-03 20:34:12.227 12289 14263 E baseline.com.newsblur.network.APIResponse: 	at baseline.com.newsblur.network.APIManager.get(APIManager.java:667)
08-03 20:34:12.227 12289 14263 E baseline.com.newsblur.network.APIResponse: 	at baseline.com.newsblur.network.APIManager.getFeedUnreadCounts(APIManager.java:274)
08-03 20:34:12.227 12289 14263 E baseline.com.newsblur.network.APIResponse: 	at baseline.com.newsblur.service.NBSyncService.checkRecounts(NBSyncService.java:660)
08-03 20:34:12.227 12289 14263 E baseline.com.newsblur.network.APIResponse: 	at baseline.com.newsblur.service.NBSyncService.doSync(NBSyncService.java:310)
08-03 20:34:12.227 12289 14263 E baseline.com.newsblur.network.APIResponse: 	at baseline.com.newsblur.service.NBSyncService.access$100(NBSyncService.java:67)
08-03 20:34:12.227 12289 14263 E baseline.com.newsblur.network.APIResponse: 	at baseline.com.newsblur.service.NBSyncService$1.run(NBSyncService.java:188)
08-03 20:34:12.227 12289 14263 E baseline.com.newsblur.network.APIResponse: 	at java.util.concurrent.ThreadPoolExecutor.runWorker(ThreadPoolExecutor.java:1113)
08-03 20:34:12.227 12289 14263 E baseline.com.newsblur.network.APIResponse: 	at java.util.concurrent.ThreadPoolExecutor$Worker.run(ThreadPoolExecutor.java:588)
08-03 20:34:12.227 12289 14263 E baseline.com.newsblur.network.APIResponse: 	at java.lang.Thread.run(Thread.java:818)
08-03 20:34:12.227 12289 14263 E baseline.com.newsblur.network.APIResponse: Caused by: java.io.EOFException: \n not found: limit=0 content=
08-03 20:34:12.227 12289 14263 E baseline.com.newsblur.network.APIResponse: 	at okio.RealBufferedSource.readUtf8LineStrict(RealBufferedSource.java:240)
08-03 20:34:12.227 12289 14263 E baseline.com.newsblur.network.APIResponse: 	at okhttp3.internal.http1.Http1ExchangeCodec.readHeaderLine(Http1ExchangeCodec.java:242)
08-03 20:34:12.227 12289 14263 E baseline.com.newsblur.network.APIResponse: 	at okhttp3.internal.http1.Http1ExchangeCodec.readResponseHeaders(Http1ExchangeCodec.java:213)
08-03 20:34:12.227 12289 14263 E baseline.com.newsblur.network.APIResponse: 	... 28 more
08-03 20:34:12.229 12289 14263 W baseline.com.newsblur.service.NBSyncService: Bad response to feed_unread_count
08-03 20:34:12.636   518   646 I ThermalEngine: ACTION: GPU - Setting GPU[0] to 450000000
08-03 20:34:12.646 12289 14263 E baseline.com.newsblur.network.APIResponse: Error (unexpected end of stream on https://www.newsblur.com/...) calling https://www.newsblur.com/reader/mark_story_hashes_as_read/
08-03 20:34:12.646 12289 14263 E baseline.com.newsblur.network.APIResponse: java.io.IOException: unexpected end of stream on https://www.newsblur.com/...
08-03 20:34:12.646 12289 14263 E baseline.com.newsblur.network.APIResponse: 	at okhttp3.internal.http1.Http1ExchangeCodec.readResponseHeaders(Http1ExchangeCodec.java:236)
08-03 20:34:12.646 12289 14263 E baseline.com.newsblur.network.APIResponse: 	at okhttp3.internal.connection.Exchange.readResponseHeaders(Exchange.java:115)
08-03 20:34:12.646 12289 14263 E baseline.com.newsblur.network.APIResponse: 	at okhttp3.internal.http.CallServerInterceptor.intercept(CallServerInterceptor.java:94)
08-03 20:34:12.646 12289 14263 E baseline.com.newsblur.network.APIResponse: 	at okhttp3.internal.http.RealInterceptorChain.proceed(RealInterceptorChain.java:142)
08-03 20:34:12.646 12289 14263 E baseline.com.newsblur.network.APIResponse: 	at okhttp3.internal.connection.ConnectInterceptor.intercept(ConnectInterceptor.java:43)
08-03 20:34:12.646 12289 14263 E baseline.com.newsblur.network.APIResponse: 	at okhttp3.internal.http.RealInterceptorChain.proceed(RealInterceptorChain.java:142)
08-03 20:34:12.646 12289 14263 E baseline.com.newsblur.network.APIResponse: 	at okhttp3.internal.http.RealInterceptorChain.proceed(RealInterceptorChain.java:117)
08-03 20:34:12.646 12289 14263 E baseline.com.newsblur.network.APIResponse: 	at okhttp3.internal.cache.CacheInterceptor.intercept(CacheInterceptor.java:94)
08-03 20:34:12.646 12289 14263 E baseline.com.newsblur.network.APIResponse: 	at okhttp3.internal.http.RealInterceptorChain.proceed(RealInterceptorChain.java:142)
08-03 20:34:12.646 12289 14263 E baseline.com.newsblur.network.APIResponse: 	at okhttp3.internal.http.RealInterceptorChain.proceed(RealInterceptorChain.java:117)
08-03 20:34:12.646 12289 14263 E baseline.com.newsblur.network.APIResponse: 	at okhttp3.internal.http.BridgeInterceptor.intercept(BridgeInterceptor.java:93)
08-03 20:34:12.646 12289 14263 E baseline.com.newsblur.network.APIResponse: 	at okhttp3.internal.http.RealInterceptorChain.proceed(RealInterceptorChain.java:142)
08-03 20:34:12.646 12289 14263 E baseline.com.newsblur.network.APIResponse: 	at okhttp3.internal.http.RetryAndFollowUpInterceptor.intercept(RetryAndFollowUpInterceptor.java:88)
08-03 20:34:12.646 12289 14263 E baseline.com.newsblur.network.APIResponse: 	at okhttp3.internal.http.RealInterceptorChain.proceed(RealInterceptorChain.java:142)
08-03 20:34:12.646 12289 14263 E baseline.com.newsblur.network.APIResponse: 	at okhttp3.internal.http.RealInterceptorChain.proceed(RealInterceptorChain.java:117)
08-03 20:34:12.646 12289 14263 E baseline.com.newsblur.network.APIResponse: 	at okhttp3.RealCall.getResponseWithInterceptorChain(RealCall.java:229)
08-03 20:34:12.646 12289 14263 E baseline.com.newsblur.network.APIResponse: 	at okhttp3.RealCall.execute(RealCall.java:81)
08-03 20:34:12.646 12289 14263 E baseline.com.newsblur.network.APIResponse: 	at baseline.com.newsblur.network.APIResponse.<init>(APIResponse.java:57)
08-03 20:34:12.646 12289 14263 E baseline.com.newsblur.network.APIResponse: 	at baseline.com.newsblur.network.APIResponse.<init>(APIResponse.java:43)
08-03 20:34:12.646 12289 14263 E baseline.com.newsblur.network.APIResponse: 	at baseline.com.newsblur.network.APIManager.post_single(APIManager.java:702)
08-03 20:34:12.646 12289 14263 E baseline.com.newsblur.network.APIResponse: 	at baseline.com.newsblur.network.APIManager.post(APIManager.java:675)
08-03 20:34:12.646 12289 14263 E baseline.com.newsblur.network.APIResponse: 	at baseline.com.newsblur.network.APIManager.post(APIManager.java:714)
08-03 20:34:12.646 12289 14263 E baseline.com.newsblur.network.APIResponse: 	at baseline.com.newsblur.network.APIManager.markStoryAsRead(APIManager.java:205)
08-03 20:34:12.646 12289 14263 E baseline.com.newsblur.network.APIResponse: 	at baseline.com.newsblur.util.ReadingAction.doRemote(ReadingAction.java:281)
08-03 20:34:12.646 12289 14263 E baseline.com.newsblur.network.APIResponse: 	at baseline.com.newsblur.service.NBSyncService.syncActions(NBSyncService.java:400)
08-03 20:34:12.646 12289 14263 E baseline.com.newsblur.network.APIResponse: 	at baseline.com.newsblur.service.NBSyncService.doSync(NBSyncService.java:298)
08-03 20:34:12.646 12289 14263 E baseline.com.newsblur.network.APIResponse: 	at baseline.com.newsblur.service.NBSyncService.access$100(NBSyncService.java:67)
08-03 20:34:12.646 12289 14263 E baseline.com.newsblur.network.APIResponse: 	at baseline.com.newsblur.service.NBSyncService$1.run(NBSyncService.java:188)
08-03 20:34:12.646 12289 14263 E baseline.com.newsblur.network.APIResponse: 	at java.util.concurrent.ThreadPoolExecutor.runWorker(ThreadPoolExecutor.java:1113)
08-03 20:34:12.646 12289 14263 E baseline.com.newsblur.network.APIResponse: 	at java.util.concurrent.ThreadPoolExecutor$Worker.run(ThreadPoolExecutor.java:588)
08-03 20:34:12.646 12289 14263 E baseline.com.newsblur.network.APIResponse: 	at java.lang.Thread.run(Thread.java:818)
08-03 20:34:12.646 12289 14263 E baseline.com.newsblur.network.APIResponse: Caused by: java.io.EOFException: \n not found: limit=0 content=
08-03 20:34:12.646 12289 14263 E baseline.com.newsblur.network.APIResponse: 	at okio.RealBufferedSource.readUtf8LineStrict(RealBufferedSource.java:240)
08-03 20:34:12.646 12289 14263 E baseline.com.newsblur.network.APIResponse: 	at okhttp3.internal.http1.Http1ExchangeCodec.readHeaderLine(Http1ExchangeCodec.java:242)
08-03 20:34:12.646 12289 14263 E baseline.com.newsblur.network.APIResponse: 	at okhttp3.internal.http1.Http1ExchangeCodec.readResponseHeaders(Http1ExchangeCodec.java:213)
08-03 20:34:12.646 12289 14263 E baseline.com.newsblur.network.APIResponse: 	... 30 more
08-03 20:34:12.648 12289 14263 I baseline.com.newsblur.network.APIManager: API call failed, pausing before retry number 1
