--------- beginning of main
08-03 18:51:39.544   918   930 W ResourceType: ResTable_typeSpec entry count inconsistent: given 37, previously 42
08-03 18:51:39.544   918   930 W ResourceType: ResTable_typeSpec entry count inconsistent: given 2527, previously 2530
08-03 18:51:39.545   918   930 W ResourceType: ResTable_typeSpec entry count inconsistent: given 2542, previously 2545
08-03 18:51:39.545   918   930 W ResourceType: ResTable_typeSpec entry count inconsistent: given 303, previously 1691
08-03 18:51:39.564   918  3714 I AccountManagerService: getTypesVisibleToCaller: isPermitted? true
08-03 18:51:39.582 22336 22336 W System  : ClassLoader referenced unknown path: /system/app/KeyChain/lib/arm64
08-03 18:51:39.608  3784  3784 D CarrierServiceBindHelper: Receive action: android.intent.action.PACKAGE_ADDED
08-03 18:51:39.608  3784  3784 D CarrierServiceBindHelper: Receive action: android.intent.action.PACKAGE_REPLACED
08-03 18:51:39.609  3784  3784 D CarrierServiceBindHelper: mHandler: 3
08-03 18:51:39.609  3784  3784 D CarrierServiceBindHelper: mHandler: 3
08-03 18:51:39.609  3784  3784 D CarrierServiceBindHelper: mHandler: 3
08-03 18:51:39.609  3784  3784 D CarrierConfigLoader: mHandler: 9 phoneId: 0
08-03 18:51:39.623 18789 18789 I Finsky  : [1] uah.a(18): PackageMonitorReceiverImpl - Received: android.intent.action.PACKAGE_REMOVED, [CFjXe5fo2ooiLur0Ju3smv2h5qnGgIsGl5_C_SkJu8g]
08-03 18:51:39.623 18789 18789 I Finsky  : [1] ubi.d(9): Invalidating cached PackageState for baseline.de.danoeh.antennapod.debug
08-03 18:51:39.626 24365 22355 I Fitness : FitCleanupIntentOperation received Intent android.intent.action.PACKAGE_REMOVED [CONTEXT service_id=17 ]
08-03 18:51:39.627 18789 18789 I Finsky  : [1] lzi.c(2): Frosting ID looked up on UI thread. Caller should move to a background thread.
08-03 18:51:39.641 18789 18789 I Finsky  : [1] nqb.c(3): Installer: package baseline.de.danoeh.antennapod.debug was removed. replacing: true
08-03 18:51:39.682   918  5132 I AccountManagerService: getTypesVisibleToCaller: isPermitted? true
08-03 18:51:39.688 18789 18789 I Finsky  : [1] nra.a(188): Installer: Notifying status update. package=baseline.de.danoeh.antennapod.debug, status=UNINSTALLED
08-03 18:51:39.710 18789 18789 I Finsky  : [1] lzi.c(2): Frosting ID looked up on UI thread. Caller should move to a background thread.
08-03 18:51:39.730 18789 18789 I Finsky  : [1] nra.a(220): Installer: found apps to install. isMultiUserMode=false, apps=[]
08-03 18:51:39.733 18789 22372 I Finsky  : [5609] ejf.a(-1): Cancelled 0 ongoing asset module downloads for package baseline.de.danoeh.antennapod.debug due to a concurrent app update.
08-03 18:51:39.768 18789 22358 I Finsky  : [5607] lyv.run(-1): Wrote row to frosting DB: 2008
08-03 18:51:39.780 24577 22354 I Auth    : [SupervisedAccountIntentOperation] onHandleIntent(): android.intent.action.PACKAGE_ADDED
08-03 18:51:39.785 18789 18789 I Finsky  : [1] uah.a(18): PackageMonitorReceiverImpl - Received: android.intent.action.PACKAGE_ADDED, [CFjXe5fo2ooiLur0Ju3smv2h5qnGgIsGl5_C_SkJu8g]
08-03 18:51:39.786 18789 18789 I Finsky  : [1] ubi.d(9): Invalidating cached PackageState for baseline.de.danoeh.antennapod.debug
08-03 18:51:39.789 18789 18789 I Finsky  : [1] lzi.c(2): Frosting ID looked up on UI thread. Caller should move to a background thread.
08-03 18:51:39.791 24577 22354 I ChromeSync: [Sync,SyncIntentOperation] Handling the intent: Intent { act=android.intent.action.PACKAGE_ADDED dat=package:baseline.de.danoeh.antennapod.debug flg=0x4000010 cmp=com.google.android.gms/.chimera.GmsIntentOperationService (has extras) }.
--------- beginning of system
08-03 18:51:39.831   918  5132 W ActivityManager: Unable to start service Intent { act=com.google.android.gms.auth.key.retrieval.service.START pkg=com.google.android.gms } U=0: not found
08-03 18:51:39.867 18789 18789 I Finsky  : [1] agsx.a(4): Do not start WearSupportService due to Wear service optimization
08-03 18:51:39.879 18789 22372 I Finsky  : [5609] ejc.a(-1): Asset module broadcast after update successful for package baseline.de.danoeh.antennapod.debug. 0 sessions broadcast.
08-03 18:51:39.892 18789 18789 I Finsky  : [1] lzi.c(2): Frosting ID looked up on UI thread. Caller should move to a background thread.
08-03 18:51:39.900   918   928 I AccountManagerService: getTypesVisibleToCaller: isPermitted? true
08-03 18:51:39.902 24577 22354 I ChromeSync: [Persistence,AffiliationManager] One of affiliation or grouping data for android://bz0hZa4nAJEtd0n5sRlXG7KAqctUMWVefv7Ki4mh1p6slZ9YO-n9gS9j8m9YCrsIyI2wIxrDHraumF9Y6pBLTA==@baseline.de.danoeh.antennapod.debug/ was not found. Marking affiliation data as stale...
08-03 18:51:39.903   918  4413 W ActivityManager: Unbind failed: could not find connection for android.os.BinderProxy@36c62f8
08-03 18:51:39.915 24577 24621 E GmsClient: unable to connect to service: com.google.android.gms.auth.key.retrieval.service.START on com.google.android.gms
08-03 18:51:40.005   918  3670 I AccountManagerService: getTypesVisibleToCaller: isPermitted? true
08-03 18:51:40.082 18789 18981 I Finsky  : [5590] odj.b(52): IQ: Notifying installation update. package=baseline.de.danoeh.antennapod.debug, status=UNINSTALLED
08-03 18:51:40.087 18789 22358 I Finsky  : [5607] lyv.run(-1): Wrote row to frosting DB: 2009
08-03 18:51:40.122 18789 22371 I Finsky  : [5608] gzn.a(-1): [ContentSync] finished, scheduled=false
08-03 18:51:40.123 22382 22382 D AndroidRuntime: >>>>>> START com.android.internal.os.RuntimeInit uid 2000 <<<<<<
08-03 18:51:40.126 22382 22382 D AndroidRuntime: CheckJNI is OFF
08-03 18:51:40.149 18789 22358 I Finsky  : [5607] lyv.run(-1): Wrote row to frosting DB: 2010
08-03 18:51:40.151 22382 22382 D ICU     : No timezone override file found: /data/misc/zoneinfo/current/icu/icu_tzdata.dat
08-03 18:51:40.181 22382 22382 I Radio-JNI: register_android_hardware_Radio DONE
08-03 18:51:40.198 22382 22382 D AndroidRuntime: Calling main entry com.android.commands.monkey.Monkey
08-03 18:51:40.212   918   931 W BroadcastQueue: Skipping deliver [background] BroadcastRecord{3bf8fc5 u-1 android.net.conn.CONNECTIVITY_CHANGE} to ReceiverList{dbc6d1a 22382 (unknown name)/2000/u-1 remote:b5c202f}: process crashing
08-03 18:51:40.224   918  3714 I ActivityManager: START u0 {act=android.intent.action.MAIN cat=[android.intent.category.LAUNCHER] flg=0x10200000 cmp=baseline.de.danoeh.antennapod.debug/baseline.de.danoeh.antennapod.activity.SplashActivity} from uid 2000 on display 0
08-03 18:51:40.229 18789 18789 I Finsky  : [1] xmu.a(8): SCH: Jobs in database: 1-1337 3-181 3-182 12-1 24-77777777 26-1414141414 
08-03 18:51:40.236 18789 18789 I Finsky  : [1] xio.a(57): SCH: ConstraintMapping: 24-77777777,  -> L: 0ms, D: 8068871ms, C: false, I: true, N: 0
08-03 18:51:40.237 18789 18789 I Finsky  : [1] xio.a(57): SCH: ConstraintMapping: 1-1337, 12-1,  -> L: 14520ms, D: 54852676ms, C: false, I: false, N: 1
08-03 18:51:40.238 18789 18789 I Finsky  : [1] xio.a(57): SCH: ConstraintMapping: 3-181,  -> L: 0ms, D: 86108983ms, C: false, I: true, N: 2
08-03 18:51:40.238 18789 18789 I Finsky  : [1] xio.a(57): SCH: ConstraintMapping: 3-182,  -> L: 0ms, D: 86109056ms, C: true, I: true, N: 2
08-03 18:51:40.239 18789 18789 I Finsky  : [1] xio.a(57): SCH: ConstraintMapping: 26-1414141414,  -> L: 15724923ms, D: 16624923ms, C: false, I: false, N: 0
08-03 18:51:40.246 22395 22395 I art     : Late-enabling -Xcheck:jni
08-03 18:51:40.246   918  3359 I ActivityManager: Start proc 22395:baseline.de.danoeh.antennapod.debug/u0a633 for activity baseline.de.danoeh.antennapod.debug/baseline.de.danoeh.antennapod.activity.SplashActivity
08-03 18:51:40.253 22382 22382 I art     : System.exit called, status: 0
08-03 18:51:40.253 22382 22382 I AndroidRuntime: VM exiting with result code 0.
08-03 18:51:40.272 18789 22358 I Finsky  : [5607] lyv.run(-1): Wrote row to frosting DB: 2011
08-03 18:51:40.286 18789 18981 I Finsky  : [5590] odj.b(40): IQ: No matching installs to run for jobs: []
08-03 18:51:40.288 18789 22371 I Finsky  : [5608] gzn.a(-1): [ContentSync] finished, scheduled=true
08-03 18:51:40.289 22395 22395 W System  : ClassLoader referenced unknown path: /data/app/baseline.de.danoeh.antennapod.debug-2/lib/arm64
08-03 18:51:40.300 18789 18789 I Finsky  : [1] xle.a(34): Cancelling existing jobscheduler jobs: 9014 9017 9015 9004 9005 9016 9006 9018 9000 9003 
08-03 18:51:40.301 18789 18789 I Finsky  : [1] xle.a(27): Scheduling job Id: 9001, L: 0, D: 8068871, C: false, I: true, N: 0
08-03 18:51:40.307 18789 18789 I Finsky  : [1] xle.a(27): Scheduling job Id: 9002, L: 14520, D: 54852676, C: false, I: false, N: 1
08-03 18:51:40.309 22395 22395 D UserPreferences: Creating new instance of UserPreferences
08-03 18:51:40.310 22395 22395 D UserPreferences: Using default data folder
08-03 18:51:40.311 18789 18789 I Finsky  : [1] xle.a(27): Scheduling job Id: 9007, L: 0, D: 86108983, C: false, I: true, N: 2
08-03 18:51:40.314 18789 18789 I Finsky  : [1] xle.a(27): Scheduling job Id: 9008, L: 0, D: 86109056, C: true, I: true, N: 2
08-03 18:51:40.314 22395 22395 D UserPreferences: Import directory already exists
08-03 18:51:40.316 22395 22395 D UpdateManager: old: -1, current: 1070296
08-03 18:51:40.318 22395 22395 D SleepTimerPreferences: Creating new instance of SleepTimerPreferences
08-03 18:51:40.320 18789 18789 I Finsky  : [1] xle.a(27): Scheduling job Id: 9009, L: 15724923, D: 16624923, C: false, I: false, N: 0
08-03 18:51:40.321 18789 18789 I Finsky  : [1] xle.a(27): Scheduling job Id: 9010, L: 0, D: 8068871, C: false, I: true, N: 0
08-03 18:51:40.325 18789 18789 I Finsky  : [1] xle.a(27): Scheduling job Id: 9011, L: 14520, D: 54852676, C: false, I: false, N: 1
08-03 18:51:40.328 18789 18789 I Finsky  : [1] xle.a(27): Scheduling job Id: 9012, L: 0, D: 86108983, C: false, I: true, N: 2
08-03 18:51:40.331 18789 18789 I Finsky  : [1] xle.a(27): Scheduling job Id: 9013, L: 0, D: 86109056, C: true, I: true, N: 2
08-03 18:51:40.331 22395 22395 D SPAUtil : Sending SP_APPS_QUERY_FEEDS intent
08-03 18:51:40.334 18789 18789 I Finsky  : [1] xle.a(27): Scheduling job Id: 9019, L: 15724923, D: 16624923, C: false, I: false, N: 0
08-03 18:51:40.335  6202 13515 I PBSessionCacheImpl: Deleted sessionId[27278280657311515] from persistence.
08-03 18:51:40.345  6202  6241 W SearchServiceCore: Abort, client detached.
08-03 18:51:40.346   918   929 I AccountManagerService: getTypesVisibleToCaller: isPermitted? true
08-03 18:51:40.347  6202  6241 I MicroDetectionState: Should stop hotword detection immediately - true
08-03 18:51:40.365 24577 13316 I Icing   : IndexChimeraService.getServiceInterface callingPackage=com.google.android.gms componentName=AppsCorpus serviceId=36
08-03 18:51:40.380 22395 22395 W art     : Before Android 4.1, method android.graphics.PorterDuffColorFilter androidx.vectordrawable.graphics.drawable.VectorDrawableCompat.updateTintFilter(android.graphics.PorterDuffColorFilter, android.content.res.ColorStateList, android.graphics.PorterDuff$Mode) would have incorrectly overridden the package-private method in android.graphics.drawable.Drawable
08-03 18:51:40.396 24577  7980 W Icing   : No valid account for uploading user actions
08-03 18:51:40.407 22395 22395 I art     : Rejecting re-init on previously-failed class java.lang.Class<androidx.core.view.ViewCompat$2>
08-03 18:51:40.407 22395 22395 I art     : Rejecting re-init on previously-failed class java.lang.Class<androidx.core.view.ViewCompat$2>
08-03 18:51:40.421 18789 18789 I Finsky  : [1] nly.a(-1): previousAllInstallsDone is Optional.empty, allInstallationsDone is Optional[true]
08-03 18:51:40.421 24577 13316 I Icing   : IndexChimeraService.getServiceInterface callingPackage=com.google.android.gms componentName=null serviceId=30
08-03 18:51:40.421 18789 18789 I Finsky  : [1] nly.a(-1): Updating installations status false cross profiles
08-03 18:51:40.431 22395 22420 D OpenGLRenderer: Use EGL_SWAP_BEHAVIOR_PRESERVED: true
08-03 18:51:40.443 18789 18789 I Finsky  : [1] hcq.b(1): Binding for 130916904
08-03 18:51:40.450 18789 18789 I Finsky  : [1] ProfileStateService.onCreate(-1): creating profileStateService
08-03 18:51:40.453 18789 18789 I Finsky  : [1] hci.a(3): Registering listener 201666087 for user UserHandle{0}.
08-03 18:51:40.460 18789 18789 I Finsky  : [1] hci.c(8): User UserHandle{0} finished enterprise setup, removing profile.
08-03 18:51:40.460 18789 18789 I Finsky  : [1] hci.b(14): User UserHandle{0} is not in installation anymore, removing profile.
08-03 18:51:40.461 18789 18789 I Finsky  : [1] hci.b(22): Notifying user UserHandle{0} that all installs are finished
08-03 18:51:40.462 18789 18789 I Finsky  : [1] hcq.d(1): unbinding for 130916904
08-03 18:51:40.463 18789 22422 I Finsky  : [5618] hci.b(5): Removing listener for user UserHandle{0} and listener 201666087
08-03 18:51:40.465 22395 22420 I Adreno  : QUALCOMM build                   : fcf4852, I1af360237c
08-03 18:51:40.465 22395 22420 I Adreno  : Build Date                       : 09/23/15
08-03 18:51:40.465 22395 22420 I Adreno  : OpenGL ES Shader Compiler Version: XE031.05.13.02
08-03 18:51:40.465 22395 22420 I Adreno  : Local Branch                     : mybranch14465806
08-03 18:51:40.465 22395 22420 I Adreno  : Remote Branch                    : quic/LA.BF64.1.2.9_v2
08-03 18:51:40.465 22395 22420 I Adreno  : Remote Branch                    : NONE
08-03 18:51:40.465 22395 22420 I Adreno  : Reconstruct Branch               : NOTHING
08-03 18:51:40.470 22395 22420 I OpenGLRenderer: Initialized EGL, version 1.4
08-03 18:51:40.496 13866 13866 I GoogleInputMethodServic: GoogleInputMethodService.onFinishInput():3138 
08-03 18:51:40.498 24577  7980 I Icing   : Usage reports ok 2, Failed Usage reports 0, indexed 0, rejected 0
08-03 18:51:40.499 13866 13866 I GoogleInputMethodServic: GoogleInputMethodService.onStartInput():1808 
08-03 18:51:40.501 24577  7980 W Icing   : No valid account for uploading user actions
08-03 18:51:40.519 24577  7980 I Icing   : Usage reports ok 0, Failed Usage reports 0, indexed 0, rejected 0
08-03 18:51:40.520 24577  7980 I Icing   : Indexing com.google.android.gms-internal.3p:MobileApplication from com.google.android.gms using seqno 763
08-03 18:51:40.527 24577  7980 I Icing   : Indexing com.google.android.gms-internal.3p:MobileApplication from com.google.android.gms using seqno 763
08-03 18:51:40.555  5179  5194 D QcrilMsgTunnelSocket: readRilMessage: Buffer = [B@671e81d HexData = [010000000404000011000000514f454d484f4f4bef0308000100000003]
08-03 18:51:40.555  5179  5194 D QcrilMsgTunnelSocket: Rcvd UNSOL response with 28 bytes data for SUB0
08-03 18:51:40.555  5179  5194 D QcrilMsgTunnelSocket: Response ID 525295 is not served in this process.
08-03 18:51:40.555  5179  5194 D QcrilMsgTunnelSocket: To broadcast an Intent via the notifier to external apps
08-03 18:51:40.555  5179  5179 D QcrilMsgTunnelIfaceManager: handleMessage what = 0
08-03 18:51:40.555  5179  5179 D QcrilMsgTunnelIfaceManager: Broadcasting intent ACTION_UNSOL_RESPONSE_OEM_HOOK_RAW
08-03 18:51:40.556  5164  5164 D QC_RIL_OEM_HOOK: Received Broadcast Intent ACTION_UNSOL_RESPONSE_OEM_HOOK_RAW
08-03 18:51:40.557  5164  5164 D QC_RIL_OEM_HOOK: Oem ID in QCRILHOOK UNSOL RESP is QOEMHOOK
08-03 18:51:40.558 24577 13316 I Icing   : IndexChimeraService.getServiceInterface callingPackage=com.google.android.gms componentName=null serviceId=36
08-03 18:51:40.563 24577 29796 W Icing   : No valid account for uploading user actions
08-03 18:51:40.573 24577 29796 I Icing   : Usage reports ok 0, Failed Usage reports 0, indexed 0, rejected 0
08-03 18:51:40.573   918  6111 I ActivityManager: START u0 {cmp=baseline.de.danoeh.antennapod.debug/baseline.de.danoeh.antennapod.activity.MainActivity} from uid 10633 on display 0
08-03 18:51:40.625 22395 22395 D UserPreferences: Using default data folder
08-03 18:51:40.656 22395 22395 D MainActivity: getLastNavFragment() -> QueueFragment
08-03 18:51:40.657 22395 22395 D MainActivity: loadFragment(tag: QueueFragment, args: null)
08-03 18:51:40.659 22395 22395 D MainActivity: saveLastNavFragment(tag: QueueFragment)
08-03 18:51:40.660 22395 22395 D MainActivity: getLastNavFragment() -> QueueFragment
08-03 18:51:40.660 22395 22395 D UserPreferences: timeOfDay: []
08-03 18:51:40.662 22395 22395 D AutoUpdateManager: Restarting update alarm.
08-03 18:51:40.664 22395 22395 D AutoUpdateManager: Changed alarm to new interval 12 h
08-03 18:51:40.674 22395 22395 D UserPreferences: timeOfDay: []
08-03 18:51:40.674 22395 22395 D AutoUpdateManager: Restarting update alarm.
08-03 18:51:40.675 22395 22395 D AutoUpdateManager: Changed alarm to new interval 12 h
08-03 18:51:40.708 22395 22395 D ExternalPlayerFragment: Loading media info
08-03 18:51:40.709 22395 22395 D QueueFragment: loadItems()
08-03 18:51:40.712 22395 22419 D DBReader: getQueue() called
08-03 18:51:40.712 22395 22419 D DBReader: getQueue()
08-03 18:51:40.714 22395 22419 D DBReader: getFavoriteIDList() called
08-03 18:51:40.714 22395 22419 D DBReader: getQueueIDList() called
08-03 18:51:40.715 22395 22419 D DBReader: Extracting Feedlist
08-03 18:51:40.717 22395 22395 V PlaybackController: initServiceNotRunning()
08-03 18:51:40.717 22395 22395 D ExternalPlayerFragment: Loading media info
08-03 18:51:40.720 22395 22395 D UserPreferences: Using default data folder
08-03 18:51:40.721 22395 22395 D AutoUpdateManager: last refresh: 443464 hours 51 minutes ago
08-03 18:51:40.722 22395 22419 D DBReader: getNavDrawerData() called with: 
08-03 18:51:40.726 22395 22419 D DBReader: getDownloadedItems() called
08-03 18:51:40.726 22395 22419 D DBReader: getFavoriteIDList() called
08-03 18:51:40.727 22395 22419 D DBReader: getQueueIDList() called
08-03 18:51:40.727 22395 22419 D DBReader: Extracting Feedlist
08-03 18:51:40.741   380   380 W SurfaceFlinger: couldn't log to binary event log: overflow.
08-03 18:51:40.819 22395 22395 D MainActivity: getLastNavFragment() -> QueueFragment
08-03 18:51:40.819 22395 22395 D MainActivity: handleNavIntent()
08-03 18:51:40.910   918   936 I ActivityManager: Displayed baseline.de.danoeh.antennapod.debug/baseline.de.danoeh.antennapod.activity.MainActivity: +314ms (total +679ms)
08-03 18:51:40.918 13866 13866 I GoogleInputMethodServic: GoogleInputMethodService.onFinishInput():3138 
08-03 18:51:40.920 13866 13866 I GoogleInputMethodServic: GoogleInputMethodService.onStartInput():1808 
08-03 18:51:40.945 29532 29532 W PathParser: Points are too far apart 4.030360828967057
08-03 18:51:40.945 29532 29532 W PathParser: Points are too far apart 4.030360538880159
08-03 18:51:40.960 29532 29532 W PathParser: Points are too far apart 4.030360828967057
08-03 18:51:40.960 29532 29532 W PathParser: Points are too far apart 4.030360538880159
08-03 18:51:40.978 29532 29532 W PathParser: Points are too far apart 4.030360828967057
08-03 18:51:40.979 29532 29532 W PathParser: Points are too far apart 4.030360538880159
08-03 18:51:40.993 29532 29532 W PathParser: Points are too far apart 4.030360828967057
08-03 18:51:40.994 29532 29532 W PathParser: Points are too far apart 4.030360538880159
08-03 18:51:41.010 15887 15887 I ServiceManager: Waiting for service AtCmdFwd...
08-03 18:51:41.011 29532 29532 W PathParser: Points are too far apart 4.030360828967057
08-03 18:51:41.011 29532 29532 W PathParser: Points are too far apart 4.030360538880159
08-03 18:51:41.028 29532 29532 W PathParser: Points are too far apart 4.030360828967057
08-03 18:51:41.028 29532 29532 W PathParser: Points are too far apart 4.030360538880159
08-03 18:51:41.045 29532 29532 W PathParser: Points are too far apart 4.030360828967057
08-03 18:51:41.045 29532 29532 W PathParser: Points are too far apart 4.030360538880159
08-03 18:51:41.060 29532 29532 W PathParser: Points are too far apart 4.030360828967057
08-03 18:51:41.061 29532 29532 W PathParser: Points are too far apart 4.030360538880159
08-03 18:51:41.503 24577 29796 I Icing   : Indexing com.google.android.gms-apps from com.google.android.gms
08-03 18:51:41.584 24577 29796 I Icing   : Indexing done com.google.android.gms-apps
08-03 18:51:41.736 22395 22457 D DBReader: Extracting Feedlist
08-03 18:51:41.739 22395 22457 D FlattrUtils: Retrieving access token
08-03 18:51:41.739 22395 22457 D FlattrUtils: No access token found
08-03 18:51:41.743 22395 22457 I art     : Rejecting re-init on previously-failed class java.lang.Class<androidx.core.app.JobIntentService$JobServiceEngineImpl>
08-03 18:51:41.743 22395 22457 I art     : Rejecting re-init on previously-failed class java.lang.Class<androidx.core.app.JobIntentService$JobServiceEngineImpl>
08-03 18:51:41.744 22395 22457 I art     : Rejecting re-init on previously-failed class java.lang.Class<androidx.core.app.SafeJobIntentService$SafeJobServiceEngineImpl>
08-03 18:51:41.745 22395 22457 I art     : Rejecting re-init on previously-failed class java.lang.Class<androidx.core.app.SafeJobIntentService$SafeJobServiceEngineImpl>
08-03 18:51:41.745   518   646 I ThermalEngine: ACTION: GPU - Setting GPU[0] to 510000000
08-03 18:51:41.889 22454 22454 D AndroidRuntime: >>>>>> START com.android.internal.os.RuntimeInit uid 2000 <<<<<<
08-03 18:51:41.894 22454 22454 D AndroidRuntime: CheckJNI is OFF
08-03 18:51:41.927 22454 22454 D ICU     : No timezone override file found: /data/misc/zoneinfo/current/icu/icu_tzdata.dat
08-03 18:51:41.966 22454 22454 I Radio-JNI: register_android_hardware_Radio DONE
08-03 18:51:41.988 22454 22454 D AndroidRuntime: Calling main entry com.android.commands.am.Am
08-03 18:51:42.000 29687 29687 I Trepn   : Trepn 6.2s: Received intent: com.quicinc.trepn.start_profiling
08-03 18:51:42.011 15887 15887 I ServiceManager: Waiting for service AtCmdFwd...
08-03 18:51:42.142 29687 29687 W FileUtils: Failed to chmod(/storage/emulated/0/trepn/Trepn_2020.08.03_185142.db): android.system.ErrnoException: chmod failed: EPERM (Operation not permitted)
08-03 18:51:42.219 13866 13866 I GoogleInputMethodServic: GoogleInputMethodService.onFinishInput():3138 
08-03 18:51:42.220 13866 13866 I GoogleInputMethodServic: GoogleInputMethodService.onStartInput():1808 
08-03 18:51:42.316 29687 29687 I Trepn   : Trepn 6.2s: Trepn has Started Profiling.
08-03 18:51:42.318 22454 22454 D AndroidRuntime: Shutting down VM
08-03 18:51:42.791 22395 22407 I art     : Starting a blocking GC Explicit
08-03 18:51:42.824 22395 22407 I art     : Explicit concurrent mark sweep GC freed 10502(1341KB) AllocSpace objects, 5(100KB) LOS objects, 40% free, 23MB/38MB, paused 222us total 32.608ms
08-03 18:51:42.838 22395 22407 I art     : Starting a blocking GC Explicit
08-03 18:51:42.855 22395 22407 I art     : Explicit concurrent mark sweep GC freed 3328(192KB) AllocSpace objects, 2(588KB) LOS objects, 40% free, 22MB/37MB, paused 195us total 16.100ms
08-03 18:51:42.862 22395 22407 I art     : Starting a blocking GC Explicit
08-03 18:51:42.878 22395 22407 I art     : Explicit concurrent mark sweep GC freed 3(96B) AllocSpace objects, 0(0B) LOS objects, 40% free, 22MB/37MB, paused 201us total 15.634ms
08-03 18:51:42.886 22395 22407 I art     : Starting a blocking GC Explicit
08-03 18:51:42.903 22395 22407 I art     : Explicit concurrent mark sweep GC freed 3(96B) AllocSpace objects, 0(0B) LOS objects, 40% free, 22MB/37MB, paused 198us total 16.033ms
08-03 18:51:42.911 22395 22407 I art     : Starting a blocking GC Explicit
08-03 18:51:42.927 22395 22407 I art     : Explicit concurrent mark sweep GC freed 3(96B) AllocSpace objects, 0(0B) LOS objects, 40% free, 22MB/37MB, paused 217us total 16.146ms
08-03 18:51:43.012 15887 15887 I ServiceManager: Waiting for service AtCmdFwd...
08-03 18:51:43.217 22395 22408 I art     : Starting a blocking GC Explicit
08-03 18:51:43.240 22395 22408 I art     : Explicit concurrent mark sweep GC freed 1372(82KB) AllocSpace objects, 1(20KB) LOS objects, 40% free, 22MB/37MB, paused 230us total 22.121ms
08-03 18:51:43.253 22395 22408 I art     : Starting a blocking GC Explicit
08-03 18:51:43.268 22395 22408 I art     : Explicit concurrent mark sweep GC freed 23(752B) AllocSpace objects, 0(0B) LOS objects, 40% free, 22MB/37MB, paused 185us total 14.513ms
08-03 18:51:43.276 22395 22408 I art     : Starting a blocking GC Explicit
08-03 18:51:43.291 22395 22408 I art     : Explicit concurrent mark sweep GC freed 3(96B) AllocSpace objects, 0(0B) LOS objects, 40% free, 22MB/37MB, paused 215us total 15.298ms
08-03 18:51:43.298 22395 22408 I art     : Starting a blocking GC Explicit
08-03 18:51:43.313 22395 22408 I art     : Explicit concurrent mark sweep GC freed 3(96B) AllocSpace objects, 0(0B) LOS objects, 40% free, 22MB/37MB, paused 190us total 14.390ms
08-03 18:51:43.320 22395 22408 I art     : Starting a blocking GC Explicit
08-03 18:51:43.335 22395 22408 I art     : Explicit concurrent mark sweep GC freed 3(96B) AllocSpace objects, 0(0B) LOS objects, 40% free, 22MB/37MB, paused 180us total 14.135ms
08-03 18:51:43.613 22395 22423 I art     : Starting a blocking GC Explicit
08-03 18:51:43.633 22395 22423 I art     : Explicit concurrent mark sweep GC freed 1386(80KB) AllocSpace objects, 1(20KB) LOS objects, 40% free, 22MB/37MB, paused 227us total 20.262ms
08-03 18:51:43.642 22395 22423 I art     : Starting a blocking GC Explicit
08-03 18:51:43.658 22395 22423 I art     : Explicit concurrent mark sweep GC freed 23(752B) AllocSpace objects, 0(0B) LOS objects, 40% free, 22MB/37MB, paused 242us total 16.115ms
08-03 18:51:43.667 22395 22423 I art     : Starting a blocking GC Explicit
08-03 18:51:43.682 22395 22423 I art     : Explicit concurrent mark sweep GC freed 3(96B) AllocSpace objects, 0(0B) LOS objects, 40% free, 22MB/37MB, paused 236us total 15.267ms
08-03 18:51:43.690 22395 22423 I art     : Starting a blocking GC Explicit
08-03 18:51:43.705 22395 22423 I art     : Explicit concurrent mark sweep GC freed 3(96B) AllocSpace objects, 0(0B) LOS objects, 40% free, 22MB/37MB, paused 198us total 15.055ms
08-03 18:51:43.713 22395 22423 I art     : Starting a blocking GC Explicit
08-03 18:51:43.728 22395 22423 I art     : Explicit concurrent mark sweep GC freed 3(96B) AllocSpace objects, 0(0B) LOS objects, 40% free, 22MB/37MB, paused 186us total 15.371ms
08-03 18:51:44.012 15887 15887 I ServiceManager: Waiting for service AtCmdFwd...
08-03 18:51:44.032 22395 22408 I art     : Starting a blocking GC Explicit
08-03 18:51:44.048 22395 22408 I art     : Explicit concurrent mark sweep GC freed 1388(80KB) AllocSpace objects, 1(20KB) LOS objects, 40% free, 22MB/37MB, paused 187us total 16.138ms
08-03 18:51:44.056 22395 22408 I art     : Starting a blocking GC Explicit
08-03 18:51:44.071 22395 22408 I art     : Explicit concurrent mark sweep GC freed 23(752B) AllocSpace objects, 0(0B) LOS objects, 40% free, 22MB/37MB, paused 223us total 14.820ms
08-03 18:51:44.080 22395 22408 I art     : Starting a blocking GC Explicit
08-03 18:51:44.095 22395 22408 I art     : Explicit concurrent mark sweep GC freed 3(96B) AllocSpace objects, 0(0B) LOS objects, 40% free, 22MB/37MB, paused 190us total 15.437ms
08-03 18:51:44.104 22395 22408 I art     : Starting a blocking GC Explicit
08-03 18:51:44.119 22395 22408 I art     : Explicit concurrent mark sweep GC freed 3(96B) AllocSpace objects, 0(0B) LOS objects, 40% free, 22MB/37MB, paused 185us total 14.897ms
08-03 18:51:44.126 22395 22408 I art     : Starting a blocking GC Explicit
08-03 18:51:44.141 22395 22408 I art     : Explicit concurrent mark sweep GC freed 3(96B) AllocSpace objects, 0(0B) LOS objects, 40% free, 22MB/37MB, paused 197us total 14.704ms
08-03 18:51:44.440 22395 22407 I art     : Starting a blocking GC Explicit
08-03 18:51:44.461 22395 22407 I art     : Explicit concurrent mark sweep GC freed 1385(80KB) AllocSpace objects, 1(20KB) LOS objects, 40% free, 22MB/37MB, paused 213us total 20.095ms
08-03 18:51:44.471 22395 22407 I art     : Starting a blocking GC Explicit
08-03 18:51:44.488 22395 22407 I art     : Explicit concurrent mark sweep GC freed 23(752B) AllocSpace objects, 0(0B) LOS objects, 40% free, 22MB/37MB, paused 245us total 16.298ms
08-03 18:51:44.496 22395 22407 I art     : Starting a blocking GC Explicit
08-03 18:51:44.512 22395 22407 I art     : Explicit concurrent mark sweep GC freed 3(96B) AllocSpace objects, 0(0B) LOS objects, 40% free, 22MB/37MB, paused 189us total 15.233ms
08-03 18:51:44.519 22395 22407 I art     : Starting a blocking GC Explicit
08-03 18:51:44.535 22395 22407 I art     : Explicit concurrent mark sweep GC freed 3(96B) AllocSpace objects, 0(0B) LOS objects, 40% free, 22MB/37MB, paused 221us total 15.448ms
08-03 18:51:44.543 22395 22407 I art     : Starting a blocking GC Explicit
08-03 18:51:44.558 22395 22407 I art     : Explicit concurrent mark sweep GC freed 3(96B) AllocSpace objects, 0(0B) LOS objects, 40% free, 22MB/37MB, paused 197us total 15.221ms
08-03 18:51:44.893 22395 22423 I art     : Starting a blocking GC Explicit
08-03 18:51:44.914 22395 22423 I art     : Explicit concurrent mark sweep GC freed 1358(80KB) AllocSpace objects, 1(20KB) LOS objects, 40% free, 22MB/37MB, paused 220us total 19.972ms
08-03 18:51:44.925 22395 22423 I art     : Starting a blocking GC Explicit
08-03 18:51:44.942 22395 22423 I art     : Explicit concurrent mark sweep GC freed 23(752B) AllocSpace objects, 0(0B) LOS objects, 40% free, 22MB/37MB, paused 205us total 16.598ms
08-03 18:51:44.950 22395 22423 I art     : Starting a blocking GC Explicit
08-03 18:51:44.967 22395 22423 I art     : Explicit concurrent mark sweep GC freed 3(96B) AllocSpace objects, 0(0B) LOS objects, 40% free, 22MB/37MB, paused 204us total 16.141ms
08-03 18:51:44.975 22395 22423 I art     : Starting a blocking GC Explicit
08-03 18:51:44.991 22395 22423 I art     : Explicit concurrent mark sweep GC freed 3(96B) AllocSpace objects, 0(0B) LOS objects, 40% free, 22MB/37MB, paused 198us total 16.055ms
08-03 18:51:44.999 22395 22423 I art     : Starting a blocking GC Explicit
08-03 18:51:45.013 15887 15887 I ServiceManager: Waiting for service AtCmdFwd...
08-03 18:51:45.015 22395 22423 I art     : Explicit concurrent mark sweep GC freed 3(96B) AllocSpace objects, 0(0B) LOS objects, 40% free, 22MB/37MB, paused 227us total 15.564ms
08-03 18:51:45.321 22395 22408 I art     : Starting a blocking GC Explicit
08-03 18:51:45.338 22395 22408 I art     : Explicit concurrent mark sweep GC freed 1360(81KB) AllocSpace objects, 1(20KB) LOS objects, 40% free, 22MB/37MB, paused 223us total 17.370ms
08-03 18:51:45.349 22395 22408 I art     : Starting a blocking GC Explicit
08-03 18:51:45.368 22395 22408 I art     : Explicit concurrent mark sweep GC freed 23(752B) AllocSpace objects, 0(0B) LOS objects, 40% free, 22MB/37MB, paused 207us total 18.310ms
08-03 18:51:45.376 22395 22408 I art     : Starting a blocking GC Explicit
08-03 18:51:45.393 22395 22408 I art     : Explicit concurrent mark sweep GC freed 3(96B) AllocSpace objects, 0(0B) LOS objects, 40% free, 22MB/37MB, paused 205us total 16.438ms
08-03 18:51:45.393 22395 22406 I art     : WaitForGcToComplete blocked for 12.209ms for cause HeapTrim
08-03 18:51:45.401 22395 22408 I art     : Starting a blocking GC Explicit
08-03 18:51:45.417 22395 22408 I art     : Explicit concurrent mark sweep GC freed 3(96B) AllocSpace objects, 0(0B) LOS objects, 40% free, 22MB/37MB, paused 274us total 15.600ms
08-03 18:51:45.425 22395 22408 I art     : Starting a blocking GC Explicit
08-03 18:51:45.441 22395 22408 I art     : Explicit concurrent mark sweep GC freed 30(832B) AllocSpace objects, 0(0B) LOS objects, 40% free, 22MB/37MB, paused 199us total 15.815ms
08-03 18:51:45.743 22395 22407 I art     : Starting a blocking GC Explicit
08-03 18:51:45.760 22395 22407 I art     : Explicit concurrent mark sweep GC freed 1359(81KB) AllocSpace objects, 1(20KB) LOS objects, 40% free, 22MB/37MB, paused 193us total 17.406ms
08-03 18:51:45.768 22395 22407 I art     : Starting a blocking GC Explicit
08-03 18:51:45.785 22395 22407 I art     : Explicit concurrent mark sweep GC freed 23(752B) AllocSpace objects, 0(0B) LOS objects, 40% free, 22MB/37MB, paused 200us total 16.055ms
08-03 18:51:45.793 22395 22407 I art     : Starting a blocking GC Explicit
08-03 18:51:45.809 22395 22407 I art     : Explicit concurrent mark sweep GC freed 3(96B) AllocSpace objects, 0(0B) LOS objects, 40% free, 22MB/37MB, paused 182us total 16.278ms
08-03 18:51:45.817 22395 22407 I art     : Starting a blocking GC Explicit
08-03 18:51:45.834 22395 22407 I art     : Explicit concurrent mark sweep GC freed 3(96B) AllocSpace objects, 0(0B) LOS objects, 40% free, 22MB/37MB, paused 187us total 16.125ms
08-03 18:51:45.842 22395 22407 I art     : Starting a blocking GC Explicit
08-03 18:51:45.858 22395 22407 I art     : Explicit concurrent mark sweep GC freed 3(96B) AllocSpace objects, 0(0B) LOS objects, 40% free, 22MB/37MB, paused 188us total 16.226ms
08-03 18:51:46.014 15887 15887 W Atfwd_Sendcmd: AtCmdFwd service not published, waiting... retryCnt : 4
08-03 18:51:46.169 22395 22423 I art     : Starting a blocking GC Explicit
08-03 18:51:46.184 22395 22423 I art     : Explicit concurrent mark sweep GC freed 1358(79KB) AllocSpace objects, 1(20KB) LOS objects, 40% free, 22MB/37MB, paused 180us total 14.664ms
08-03 18:51:46.191 22395 22423 I art     : Starting a blocking GC Explicit
08-03 18:51:46.205 22395 22423 I art     : Explicit concurrent mark sweep GC freed 23(752B) AllocSpace objects, 0(0B) LOS objects, 40% free, 22MB/37MB, paused 185us total 13.988ms
08-03 18:51:46.212 22395 22423 I art     : Starting a blocking GC Explicit
08-03 18:51:46.226 22395 22423 I art     : Explicit concurrent mark sweep GC freed 3(96B) AllocSpace objects, 0(0B) LOS objects, 40% free, 22MB/37MB, paused 179us total 13.875ms
08-03 18:51:46.234 22395 22423 I art     : Starting a blocking GC Explicit
08-03 18:51:46.247 22395 22423 I art     : Explicit concurrent mark sweep GC freed 3(96B) AllocSpace objects, 0(0B) LOS objects, 40% free, 22MB/37MB, paused 181us total 13.806ms
08-03 18:51:46.255 22395 22423 I art     : Starting a blocking GC Explicit
08-03 18:51:46.269 22395 22423 I art     : Explicit concurrent mark sweep GC freed 3(96B) AllocSpace objects, 0(0B) LOS objects, 40% free, 22MB/37MB, paused 182us total 14.010ms
08-03 18:51:46.535 22395 22408 I art     : Starting a blocking GC Explicit
08-03 18:51:46.556 22395 22408 I art     : Explicit concurrent mark sweep GC freed 1385(80KB) AllocSpace objects, 1(20KB) LOS objects, 40% free, 22MB/37MB, paused 219us total 20.200ms
08-03 18:51:46.567 22395 22408 I art     : Starting a blocking GC Explicit
08-03 18:51:46.586 22395 22408 I art     : Explicit concurrent mark sweep GC freed 23(752B) AllocSpace objects, 0(0B) LOS objects, 40% free, 22MB/37MB, paused 216us total 18.580ms
08-03 18:51:46.598 22395 22408 I art     : Starting a blocking GC Explicit
08-03 18:51:46.614 22395 22408 I art     : Explicit concurrent mark sweep GC freed 3(96B) AllocSpace objects, 0(0B) LOS objects, 40% free, 22MB/37MB, paused 188us total 16.049ms
08-03 18:51:46.622 22395 22408 I art     : Starting a blocking GC Explicit
08-03 18:51:46.638 22395 22408 I art     : Explicit concurrent mark sweep GC freed 3(96B) AllocSpace objects, 0(0B) LOS objects, 40% free, 22MB/37MB, paused 204us total 16.226ms
08-03 18:51:46.646 22395 22408 I art     : Starting a blocking GC Explicit
08-03 18:51:46.663 22395 22408 I art     : Explicit concurrent mark sweep GC freed 3(96B) AllocSpace objects, 0(0B) LOS objects, 40% free, 22MB/37MB, paused 202us total 16.940ms
08-03 18:51:46.961 22395 22407 I art     : Starting a blocking GC Explicit
08-03 18:51:46.981 22395 22407 I art     : Explicit concurrent mark sweep GC freed 1357(79KB) AllocSpace objects, 1(20KB) LOS objects, 40% free, 22MB/37MB, paused 215us total 19.992ms
08-03 18:51:46.992 22395 22407 I art     : Starting a blocking GC Explicit
08-03 18:51:47.012 22395 22407 I art     : Explicit concurrent mark sweep GC freed 23(752B) AllocSpace objects, 0(0B) LOS objects, 40% free, 22MB/37MB, paused 202us total 19.287ms
08-03 18:51:47.023 22395 22407 I art     : Starting a blocking GC Explicit
08-03 18:51:47.040 22395 22407 I art     : Explicit concurrent mark sweep GC freed 3(96B) AllocSpace objects, 0(0B) LOS objects, 40% free, 22MB/37MB, paused 190us total 16.542ms
08-03 18:51:47.048 22395 22407 I art     : Starting a blocking GC Explicit
08-03 18:51:47.065 22395 22407 I art     : Explicit concurrent mark sweep GC freed 3(96B) AllocSpace objects, 0(0B) LOS objects, 40% free, 22MB/37MB, paused 186us total 16.079ms
08-03 18:51:47.072 22395 22407 I art     : Starting a blocking GC Explicit
08-03 18:51:47.088 22395 22407 I art     : Explicit concurrent mark sweep GC freed 3(96B) AllocSpace objects, 0(0B) LOS objects, 40% free, 22MB/37MB, paused 185us total 15.517ms
08-03 18:51:47.339 22395 22423 I art     : Starting a blocking GC Explicit
08-03 18:51:47.355 22395 22423 I art     : Explicit concurrent mark sweep GC freed 1358(79KB) AllocSpace objects, 1(20KB) LOS objects, 40% free, 22MB/37MB, paused 206us total 15.918ms
08-03 18:51:47.362 22395 22423 I art     : Starting a blocking GC Explicit
08-03 18:51:47.378 22395 22423 I art     : Explicit concurrent mark sweep GC freed 23(752B) AllocSpace objects, 0(0B) LOS objects, 40% free, 22MB/37MB, paused 208us total 15.295ms
08-03 18:51:47.386 22395 22423 I art     : Starting a blocking GC Explicit
08-03 18:51:47.402 22395 22423 I art     : Explicit concurrent mark sweep GC freed 3(96B) AllocSpace objects, 0(0B) LOS objects, 40% free, 22MB/37MB, paused 203us total 15.853ms
08-03 18:51:47.410 22395 22423 I art     : Starting a blocking GC Explicit
08-03 18:51:47.425 22395 22423 I art     : Explicit concurrent mark sweep GC freed 30(832B) AllocSpace objects, 0(0B) LOS objects, 40% free, 22MB/37MB, paused 198us total 15.495ms
08-03 18:51:47.433 22395 22423 I art     : Starting a blocking GC Explicit
08-03 18:51:47.448 22395 22423 I art     : Explicit concurrent mark sweep GC freed 3(96B) AllocSpace objects, 0(0B) LOS objects, 40% free, 22MB/37MB, paused 197us total 15.208ms
08-03 18:51:47.690 22605 22605 D AndroidRuntime: >>>>>> START com.android.internal.os.RuntimeInit uid 2000 <<<<<<
08-03 18:51:47.695 22605 22605 D AndroidRuntime: CheckJNI is OFF
08-03 18:51:47.730 22605 22605 D ICU     : No timezone override file found: /data/misc/zoneinfo/current/icu/icu_tzdata.dat
08-03 18:51:47.733 22395 22408 I art     : Starting a blocking GC Explicit
08-03 18:51:47.749 22395 22408 I art     : Explicit concurrent mark sweep GC freed 1357(79KB) AllocSpace objects, 1(20KB) LOS objects, 40% free, 22MB/37MB, paused 218us total 16.481ms
08-03 18:51:47.758 22395 22408 I art     : Starting a blocking GC Explicit
08-03 18:51:47.765 22605 22605 I Radio-JNI: register_android_hardware_Radio DONE
08-03 18:51:47.774 22395 22408 I art     : Explicit concurrent mark sweep GC freed 23(752B) AllocSpace objects, 0(0B) LOS objects, 40% free, 22MB/37MB, paused 216us total 15.953ms
08-03 18:51:47.781 22395 22408 I art     : Starting a blocking GC Explicit
08-03 18:51:47.788 22605 22605 D AndroidRuntime: Calling main entry com.android.commands.input.Input
08-03 18:51:47.789 22605 22605 I Input   : injectMotionEvent: MotionEvent { action=ACTION_DOWN, actionButton=0, id[0]=0, x[0]=1233.0, y[0]=1274.0, toolType[0]=TOOL_TYPE_UNKNOWN, buttonState=0, metaState=0, flags=0x0, edgeFlags=0x0, pointerCount=1, historySize=0, eventTime=643924202, downTime=643924202, deviceId=0, source=0x1002 }
08-03 18:51:47.794 22605 22605 I Input   : injectMotionEvent: MotionEvent { action=ACTION_UP, actionButton=0, id[0]=0, x[0]=1233.0, y[0]=1274.0, toolType[0]=TOOL_TYPE_UNKNOWN, buttonState=0, metaState=0, flags=0x0, edgeFlags=0x0, pointerCount=1, historySize=0, eventTime=643924202, downTime=643924202, deviceId=0, source=0x1002 }
08-03 18:51:47.797 22605 22605 D AndroidRuntime: Shutting down VM
08-03 18:51:47.798 22395 22408 I art     : Explicit concurrent mark sweep GC freed 6(192B) AllocSpace objects, 0(0B) LOS objects, 40% free, 22MB/37MB, paused 369us total 16.286ms
08-03 18:51:47.805 22395 22408 I art     : Starting a blocking GC Explicit
08-03 18:51:47.820 22395 22408 I art     : Explicit concurrent mark sweep GC freed 3(96B) AllocSpace objects, 0(0B) LOS objects, 40% free, 22MB/37MB, paused 194us total 14.781ms
08-03 18:51:47.828 22395 22408 I art     : Starting a blocking GC Explicit
08-03 18:51:47.842 22395 22408 I art     : Explicit concurrent mark sweep GC freed 3(96B) AllocSpace objects, 0(0B) LOS objects, 40% free, 22MB/37MB, paused 183us total 14.507ms
08-03 18:51:48.090 22395 22423 I art     : Starting a blocking GC Explicit
08-03 18:51:48.106 22395 22423 I art     : Explicit concurrent mark sweep GC freed 1358(79KB) AllocSpace objects, 1(20KB) LOS objects, 40% free, 22MB/37MB, paused 193us total 16.468ms
08-03 18:51:48.115 22395 22423 I art     : Starting a blocking GC Explicit
08-03 18:51:48.134 22395 22423 I art     : Explicit concurrent mark sweep GC freed 23(752B) AllocSpace objects, 0(0B) LOS objects, 40% free, 22MB/37MB, paused 266us total 19.115ms
08-03 18:51:48.143 22395 22423 I art     : Starting a blocking GC Explicit
08-03 18:51:48.158 22395 22423 I art     : Explicit concurrent mark sweep GC freed 3(96B) AllocSpace objects, 0(0B) LOS objects, 40% free, 22MB/37MB, paused 183us total 14.802ms
08-03 18:51:48.165 22395 22423 I art     : Starting a blocking GC Explicit
08-03 18:51:48.181 22395 22423 I art     : Explicit concurrent mark sweep GC freed 3(96B) AllocSpace objects, 0(0B) LOS objects, 40% free, 22MB/37MB, paused 203us total 15.975ms
08-03 18:51:48.189 22395 22423 I art     : Starting a blocking GC Explicit
08-03 18:51:48.206 22395 22423 I art     : Explicit concurrent mark sweep GC freed 32(1024B) AllocSpace objects, 0(0B) LOS objects, 40% free, 22MB/37MB, paused 196us total 15.869ms
08-03 18:51:48.223 13866 13866 I GoogleInputMethodServic: GoogleInputMethodService.onFinishInput():3138 
08-03 18:51:48.223 13866 13866 I GoogleInputMethodServic: GoogleInputMethodService.onStartInput():1808 
08-03 18:51:48.480 22395 22423 I art     : Starting a blocking GC Explicit
08-03 18:51:48.500 22395 22423 I art     : Explicit concurrent mark sweep GC freed 1452(83KB) AllocSpace objects, 1(20KB) LOS objects, 40% free, 22MB/37MB, paused 228us total 20.077ms
08-03 18:51:48.512 22395 22423 I art     : Starting a blocking GC Explicit
08-03 18:51:48.531 22395 22423 I art     : Explicit concurrent mark sweep GC freed 31(1200B) AllocSpace objects, 0(0B) LOS objects, 40% free, 22MB/37MB, paused 221us total 19.549ms
08-03 18:51:48.542 22395 22423 I art     : Starting a blocking GC Explicit
08-03 18:51:48.558 22395 22423 I art     : Explicit concurrent mark sweep GC freed 3(96B) AllocSpace objects, 0(0B) LOS objects, 40% free, 22MB/37MB, paused 193us total 16.303ms
08-03 18:51:48.567 22395 22423 I art     : Starting a blocking GC Explicit
08-03 18:51:48.583 22395 22423 I art     : Explicit concurrent mark sweep GC freed 3(96B) AllocSpace objects, 0(0B) LOS objects, 40% free, 22MB/37MB, paused 203us total 16.560ms
08-03 18:51:48.591 22395 22423 I art     : Starting a blocking GC Explicit
08-03 18:51:48.608 22395 22423 I art     : Explicit concurrent mark sweep GC freed 3(96B) AllocSpace objects, 0(0B) LOS objects, 40% free, 22MB/37MB, paused 196us total 15.958ms
08-03 18:51:48.890 22395 22408 I art     : Starting a blocking GC Explicit
08-03 18:51:48.907 22395 22408 I art     : Explicit concurrent mark sweep GC freed 1358(79KB) AllocSpace objects, 1(20KB) LOS objects, 40% free, 22MB/37MB, paused 286us total 17.143ms
08-03 18:51:48.918 22395 22408 I art     : Starting a blocking GC Explicit
08-03 18:51:48.936 22395 22408 I art     : Explicit concurrent mark sweep GC freed 23(752B) AllocSpace objects, 0(0B) LOS objects, 40% free, 22MB/37MB, paused 199us total 17.546ms
08-03 18:51:48.944 22395 22408 I art     : Starting a blocking GC Explicit
08-03 18:51:48.960 22395 22408 I art     : Explicit concurrent mark sweep GC freed 3(96B) AllocSpace objects, 0(0B) LOS objects, 40% free, 22MB/37MB, paused 193us total 16.068ms
08-03 18:51:48.968 22395 22408 I art     : Starting a blocking GC Explicit
08-03 18:51:48.985 22395 22408 I art     : Explicit concurrent mark sweep GC freed 3(96B) AllocSpace objects, 0(0B) LOS objects, 40% free, 22MB/37MB, paused 196us total 16.169ms
08-03 18:51:48.993 22395 22408 I art     : Starting a blocking GC Explicit
08-03 18:51:49.010 22395 22408 I art     : Explicit concurrent mark sweep GC freed 3(96B) AllocSpace objects, 0(0B) LOS objects, 40% free, 22MB/37MB, paused 211us total 16.301ms
08-03 18:51:49.267 22395 22407 I art     : Starting a blocking GC Explicit
08-03 18:51:49.283 22395 22407 I art     : Explicit concurrent mark sweep GC freed 1357(79KB) AllocSpace objects, 1(20KB) LOS objects, 40% free, 22MB/37MB, paused 200us total 16.090ms
08-03 18:51:49.291 22395 22407 I art     : Starting a blocking GC Explicit
08-03 18:51:49.307 22395 22407 I art     : Explicit concurrent mark sweep GC freed 23(752B) AllocSpace objects, 0(0B) LOS objects, 40% free, 22MB/37MB, paused 241us total 16.117ms
08-03 18:51:49.315 22395 22407 I art     : Starting a blocking GC Explicit
08-03 18:51:49.331 22395 22407 I art     : Explicit concurrent mark sweep GC freed 3(96B) AllocSpace objects, 0(0B) LOS objects, 40% free, 22MB/37MB, paused 200us total 15.682ms
08-03 18:51:49.339 22395 22407 I art     : Starting a blocking GC Explicit
08-03 18:51:49.355 22395 22407 I art     : Explicit concurrent mark sweep GC freed 3(96B) AllocSpace objects, 0(0B) LOS objects, 40% free, 22MB/37MB, paused 198us total 15.713ms
08-03 18:51:49.362 22395 22407 I art     : Starting a blocking GC Explicit
08-03 18:51:49.378 22395 22407 I art     : Explicit concurrent mark sweep GC freed 3(96B) AllocSpace objects, 0(0B) LOS objects, 40% free, 22MB/37MB, paused 197us total 15.423ms
08-03 18:51:49.449 22662 22662 D AndroidRuntime: >>>>>> START com.android.internal.os.RuntimeInit uid 2000 <<<<<<
08-03 18:51:49.454 22662 22662 D AndroidRuntime: CheckJNI is OFF
08-03 18:51:49.493 22662 22662 D ICU     : No timezone override file found: /data/misc/zoneinfo/current/icu/icu_tzdata.dat
08-03 18:51:49.532 22662 22662 I Radio-JNI: register_android_hardware_Radio DONE
08-03 18:51:49.555 22662 22662 D AndroidRuntime: Calling main entry com.android.commands.input.Input
08-03 18:51:49.557 22662 22662 I Input   : injectMotionEvent: MotionEvent { action=ACTION_DOWN, actionButton=0, id[0]=0, x[0]=103.0, y[0]=192.0, toolType[0]=TOOL_TYPE_UNKNOWN, buttonState=0, metaState=0, flags=0x0, edgeFlags=0x0, pointerCount=1, historySize=0, eventTime=643925969, downTime=643925969, deviceId=0, source=0x1002 }
08-03 18:51:49.562 22662 22662 I Input   : injectMotionEvent: MotionEvent { action=ACTION_UP, actionButton=0, id[0]=0, x[0]=103.0, y[0]=192.0, toolType[0]=TOOL_TYPE_UNKNOWN, buttonState=0, metaState=0, flags=0x0, edgeFlags=0x0, pointerCount=1, historySize=0, eventTime=643925969, downTime=643925969, deviceId=0, source=0x1002 }
08-03 18:51:49.564 22662 22662 D AndroidRuntime: Shutting down VM
08-03 18:51:49.572   512  2967 D audio_hw_primary: out_set_parameters: enter: usecase(1: low-latency-playback) kvpairs: routing=2
08-03 18:51:49.585   512  2967 D audio_hw_primary: select_devices: out_snd_device(2: speaker) in_snd_device(0: none)
08-03 18:51:49.585   512  2967 D msm8974_platform: platform_send_audio_calibration: sending audio calibration for snd_device(2) acdb_id(15)
08-03 18:51:49.586   512  2967 I soundtrigger: audio_extn_sound_trigger_update_device_status: device 0x2 of type 0 for Event 1
08-03 18:51:49.595   512  2967 D audio_hw_primary: enable_snd_device: snd_device(2: speaker)
08-03 18:51:49.598   512  2967 D audio_hw_primary: enable_audio_route: apply and update mixer path: low-latency-playback speaker
08-03 18:51:49.608 13866 13866 I GoogleInputMethodServic: GoogleInputMethodService.onFinishInput():3138 
08-03 18:51:49.608 13866 13866 I GoogleInputMethodServic: GoogleInputMethodService.onStartInput():1808 
08-03 18:51:49.647 22395 22408 I art     : Starting a blocking GC Explicit
08-03 18:51:49.663 22395 22408 I art     : Explicit concurrent mark sweep GC freed 1893(104KB) AllocSpace objects, 1(20KB) LOS objects, 40% free, 22MB/37MB, paused 208us total 15.971ms
08-03 18:51:49.671 22395 22408 I art     : Starting a blocking GC Explicit
08-03 18:51:49.689 22395 22408 I art     : Explicit concurrent mark sweep GC freed 35(1488B) AllocSpace objects, 0(0B) LOS objects, 40% free, 22MB/37MB, paused 317us total 17.153ms
08-03 18:51:49.698 22395 22408 I art     : Starting a blocking GC Explicit
08-03 18:51:49.713 22395 22408 I art     : Explicit concurrent mark sweep GC freed 3(96B) AllocSpace objects, 0(0B) LOS objects, 40% free, 22MB/37MB, paused 192us total 14.732ms
08-03 18:51:49.720 22395 22408 I art     : Starting a blocking GC Explicit
08-03 18:51:49.735 22395 22408 I art     : Explicit concurrent mark sweep GC freed 3(96B) AllocSpace objects, 0(0B) LOS objects, 40% free, 22MB/37MB, paused 182us total 14.757ms
08-03 18:51:49.743 22395 22408 I art     : Starting a blocking GC Explicit
08-03 18:51:49.758 22395 22408 I art     : Explicit concurrent mark sweep GC freed 3(96B) AllocSpace objects, 0(0B) LOS objects, 40% free, 22MB/37MB, paused 203us total 14.876ms
08-03 18:51:49.828   918  3261 D WifiStateMachine: starting scan for "H369AA63323"WPA_PSK with 2412,5180
08-03 18:51:49.995 22395 22423 I art     : Starting a blocking GC Explicit
08-03 18:51:50.012 22395 22423 I art     : Explicit concurrent mark sweep GC freed 1361(80KB) AllocSpace objects, 1(20KB) LOS objects, 40% free, 22MB/37MB, paused 206us total 16.836ms
08-03 18:51:50.020 22395 22423 I art     : Starting a blocking GC Explicit
08-03 18:51:50.035 22395 22423 I art     : Explicit concurrent mark sweep GC freed 33(1072B) AllocSpace objects, 0(0B) LOS objects, 40% free, 22MB/37MB, paused 186us total 15.006ms
08-03 18:51:50.043 22395 22423 I art     : Starting a blocking GC Explicit
08-03 18:51:50.060 22395 22423 I art     : Explicit concurrent mark sweep GC freed 3(96B) AllocSpace objects, 0(0B) LOS objects, 40% free, 22MB/37MB, paused 229us total 16.120ms
08-03 18:51:50.067 22395 22423 I art     : Starting a blocking GC Explicit
08-03 18:51:50.082 22395 22423 I art     : Explicit concurrent mark sweep GC freed 3(96B) AllocSpace objects, 0(0B) LOS objects, 40% free, 22MB/37MB, paused 187us total 14.711ms
08-03 18:51:50.089 22395 22423 I art     : Starting a blocking GC Explicit
08-03 18:51:50.104 22395 22423 I art     : Explicit concurrent mark sweep GC freed 3(96B) AllocSpace objects, 0(0B) LOS objects, 40% free, 22MB/37MB, paused 179us total 14.701ms
08-03 18:51:50.138   512  2967 D audio_hw_primary: disable_audio_route: reset and update mixer path: low-latency-playback speaker
08-03 18:51:50.139   512  2967 D audio_hw_primary: disable_snd_device: snd_device(2: speaker)
08-03 18:51:50.147   512  2967 I soundtrigger: audio_extn_sound_trigger_update_device_status: device 0x2 of type 0 for Event 0
08-03 18:51:50.201 22695 22695 D AndroidRuntime: >>>>>> START com.android.internal.os.RuntimeInit uid 2000 <<<<<<
08-03 18:51:50.206 22695 22695 D AndroidRuntime: CheckJNI is OFF
08-03 18:51:50.239 22695 22695 D ICU     : No timezone override file found: /data/misc/zoneinfo/current/icu/icu_tzdata.dat
08-03 18:51:50.270 22695 22695 I Radio-JNI: register_android_hardware_Radio DONE
08-03 18:51:50.291 22695 22695 D AndroidRuntime: Calling main entry com.android.commands.input.Input
08-03 18:51:50.293 22695 22695 I Input   : injectMotionEvent: MotionEvent { action=ACTION_DOWN, actionButton=0, id[0]=0, x[0]=324.0, y[0]=2298.0, toolType[0]=TOOL_TYPE_UNKNOWN, buttonState=0, metaState=0, flags=0x0, edgeFlags=0x0, pointerCount=1, historySize=0, eventTime=643926706, downTime=643926706, deviceId=0, source=0x1002 }
08-03 18:51:50.301 22695 22695 I Input   : injectMotionEvent: MotionEvent { action=ACTION_UP, actionButton=0, id[0]=0, x[0]=324.0, y[0]=2298.0, toolType[0]=TOOL_TYPE_UNKNOWN, buttonState=0, metaState=0, flags=0x0, edgeFlags=0x0, pointerCount=1, historySize=0, eventTime=643926706, downTime=643926706, deviceId=0, source=0x1002 }
08-03 18:51:50.302 22695 22695 D AndroidRuntime: Shutting down VM
08-03 18:51:50.319   918  3714 I ActivityManager: START u0 {cmp=baseline.de.danoeh.antennapod.debug/baseline.de.danoeh.antennapod.activity.PreferenceActivity} from uid 10633 on display 0
08-03 18:51:50.322   512  2967 D audio_hw_primary: out_set_parameters: enter: usecase(1: low-latency-playback) kvpairs: routing=2
08-03 18:51:50.336   512  2967 D audio_hw_primary: select_devices: out_snd_device(2: speaker) in_snd_device(0: none)
08-03 18:51:50.336   512  2967 D msm8974_platform: platform_send_audio_calibration: sending audio calibration for snd_device(2) acdb_id(15)
08-03 18:51:50.336   512  2967 I soundtrigger: audio_extn_sound_trigger_update_device_status: device 0x2 of type 0 for Event 1
08-03 18:51:50.346   512  2967 D audio_hw_primary: enable_snd_device: snd_device(2: speaker)
08-03 18:51:50.348   512  2967 D audio_hw_primary: enable_audio_route: apply and update mixer path: low-latency-playback speaker
08-03 18:51:50.371 22395 22408 I art     : Starting a blocking GC Explicit
08-03 18:51:50.389 22395 22408 I art     : Explicit concurrent mark sweep GC freed 2393(253KB) AllocSpace objects, 2(40KB) LOS objects, 40% free, 22MB/37MB, paused 883us total 18.208ms
08-03 18:51:50.390   512  2967 D AudioFlinger: mixer(0xf4740000) throttle end: throttle time(12)
08-03 18:51:50.397 22395 22408 I art     : Starting a blocking GC Explicit
08-03 18:51:50.413 22395 22408 I art     : Explicit concurrent mark sweep GC freed 449(45KB) AllocSpace objects, 0(0B) LOS objects, 40% free, 22MB/37MB, paused 229us total 15.441ms
08-03 18:51:50.421 22395 22408 I art     : Starting a blocking GC Explicit
08-03 18:51:50.435 22395 22408 I art     : Explicit concurrent mark sweep GC freed 87(3KB) AllocSpace objects, 0(0B) LOS objects, 40% free, 22MB/37MB, paused 189us total 14.303ms
08-03 18:51:50.436 22395 22406 I art     : WaitForGcToComplete blocked for 14.510ms for cause HeapTrim
08-03 18:51:50.443 22395 22408 I art     : Starting a blocking GC Explicit
08-03 18:51:50.460 22395 22408 I art     : Explicit concurrent mark sweep GC freed 1183(114KB) AllocSpace objects, 0(0B) LOS objects, 40% free, 22MB/38MB, paused 479us total 16.469ms
08-03 18:51:50.467 22395 22408 I art     : Starting a blocking GC Explicit
08-03 18:51:50.484 22395 22408 I art     : Explicit concurrent mark sweep GC freed 341(30KB) AllocSpace objects, 0(0B) LOS objects, 40% free, 23MB/38MB, paused 467us total 17.086ms
08-03 18:51:50.612 13866 13866 I GoogleInputMethodServic: GoogleInputMethodService.onFinishInput():3138 
08-03 18:51:50.613   918   936 I ActivityManager: Displayed baseline.de.danoeh.antennapod.debug/baseline.de.danoeh.antennapod.activity.PreferenceActivity: +268ms
08-03 18:51:50.616 13866 13866 I GoogleInputMethodServic: GoogleInputMethodService.onStartInput():1808 
08-03 18:51:50.640 22395 22420 D OpenGLRenderer: endAllStagingAnimators on 0x7f7f043000 (RippleDrawable) with handle 0x7f7e1dca20
08-03 18:51:50.719 22395 22407 I art     : Starting a blocking GC Explicit
08-03 18:51:50.736 22395 22407 I art     : Explicit concurrent mark sweep GC freed 1985(105KB) AllocSpace objects, 1(20KB) LOS objects, 40% free, 23MB/38MB, paused 176us total 17.665ms
08-03 18:51:50.744 22395 22407 I art     : Starting a blocking GC Explicit
08-03 18:51:50.762 22395 22407 I art     : Explicit concurrent mark sweep GC freed 92(4KB) AllocSpace objects, 0(0B) LOS objects, 40% free, 23MB/38MB, paused 179us total 17.651ms
08-03 18:51:50.771 22395 22407 I art     : Starting a blocking GC Explicit
08-03 18:51:50.788 22395 22407 I art     : Explicit concurrent mark sweep GC freed 3(96B) AllocSpace objects, 0(0B) LOS objects, 40% free, 23MB/38MB, paused 189us total 17.385ms
08-03 18:51:50.796 22395 22407 I art     : Starting a blocking GC Explicit
08-03 18:51:50.819 22395 22407 I art     : Explicit concurrent mark sweep GC freed 3(96B) AllocSpace objects, 0(0B) LOS objects, 40% free, 23MB/38MB, paused 199us total 22.115ms
08-03 18:51:50.829 22395 22407 I art     : Starting a blocking GC Explicit
08-03 18:51:50.851 22395 22407 I art     : Explicit concurrent mark sweep GC freed 3(96B) AllocSpace objects, 0(0B) LOS objects, 40% free, 23MB/38MB, paused 229us total 21.643ms
08-03 18:51:50.868   380   380 W SurfaceFlinger: couldn't log to binary event log: overflow.
08-03 18:51:50.880   512  2967 D audio_hw_primary: disable_audio_route: reset and update mixer path: low-latency-playback speaker
08-03 18:51:50.881   512  2967 D audio_hw_primary: disable_snd_device: snd_device(2: speaker)
08-03 18:51:50.889   512  2967 I soundtrigger: audio_extn_sound_trigger_update_device_status: device 0x2 of type 0 for Event 0
08-03 18:51:50.993 22395 22395 D PlaybackController: Releasing PlaybackController
08-03 18:51:51.143 22395 22408 I art     : Starting a blocking GC Explicit
08-03 18:51:51.163 22395 22408 I art     : Explicit concurrent mark sweep GC freed 1620(97KB) AllocSpace objects, 1(20KB) LOS objects, 40% free, 23MB/39MB, paused 206us total 20.240ms
08-03 18:51:51.172 22395 22408 I art     : Starting a blocking GC Explicit
08-03 18:51:51.191 22395 22408 I art     : Explicit concurrent mark sweep GC freed 63(2064B) AllocSpace objects, 0(0B) LOS objects, 40% free, 23MB/39MB, paused 203us total 18.809ms
08-03 18:51:51.199 22395 22408 I art     : Starting a blocking GC Explicit
08-03 18:51:51.219 22395 22408 I art     : Explicit concurrent mark sweep GC freed 3(96B) AllocSpace objects, 0(0B) LOS objects, 40% free, 23MB/39MB, paused 200us total 19.393ms
08-03 18:51:51.227 22395 22408 I art     : Starting a blocking GC Explicit
08-03 18:51:51.247 22395 22408 I art     : Explicit concurrent mark sweep GC freed 3(96B) AllocSpace objects, 0(0B) LOS objects, 40% free, 23MB/39MB, paused 224us total 18.964ms
08-03 18:51:51.255 22395 22408 I art     : Starting a blocking GC Explicit
08-03 18:51:51.274 22395 22408 I art     : Explicit concurrent mark sweep GC freed 3(96B) AllocSpace objects, 0(0B) LOS objects, 40% free, 23MB/39MB, paused 205us total 18.389ms
08-03 18:51:51.551 22395 22423 I art     : Starting a blocking GC Explicit
08-03 18:51:51.571 22395 22423 I art     : Explicit concurrent mark sweep GC freed 1387(80KB) AllocSpace objects, 1(20KB) LOS objects, 40% free, 23MB/39MB, paused 219us total 19.392ms
08-03 18:51:51.579 22395 22423 I art     : Starting a blocking GC Explicit
08-03 18:51:51.597 22395 22423 I art     : Explicit concurrent mark sweep GC freed 23(752B) AllocSpace objects, 0(0B) LOS objects, 40% free, 23MB/39MB, paused 201us total 18.060ms
08-03 18:51:51.605 22395 22423 I art     : Starting a blocking GC Explicit
08-03 18:51:51.623 22395 22423 I art     : Explicit concurrent mark sweep GC freed 3(96B) AllocSpace objects, 0(0B) LOS objects, 40% free, 23MB/39MB, paused 200us total 17.593ms
08-03 18:51:51.631 22395 22423 I art     : Starting a blocking GC Explicit
08-03 18:51:51.650 22395 22423 I art     : Explicit concurrent mark sweep GC freed 3(96B) AllocSpace objects, 0(0B) LOS objects, 40% free, 23MB/39MB, paused 203us total 18.150ms
08-03 18:51:51.658 22395 22423 I art     : Starting a blocking GC Explicit
08-03 18:51:51.676 22395 22423 I art     : Explicit concurrent mark sweep GC freed 3(96B) AllocSpace objects, 0(0B) LOS objects, 40% free, 23MB/39MB, paused 196us total 17.828ms
08-03 18:51:51.761   518   646 I ThermalEngine: ACTION: GPU - Setting GPU[0] to 450000000
08-03 18:51:51.949 22395 22407 I art     : Starting a blocking GC Explicit
08-03 18:51:51.977 22395 22407 I art     : Explicit concurrent mark sweep GC freed 1360(80KB) AllocSpace objects, 1(20KB) LOS objects, 40% free, 23MB/39MB, paused 289us total 27.673ms
08-03 18:51:51.989 22395 22407 I art     : Starting a blocking GC Explicit
08-03 18:51:52.005 22759 22759 D AndroidRuntime: >>>>>> START com.android.internal.os.RuntimeInit uid 2000 <<<<<<
08-03 18:51:52.011 22759 22759 D AndroidRuntime: CheckJNI is OFF
08-03 18:51:52.014 22395 22407 I art     : Explicit concurrent mark sweep GC freed 23(752B) AllocSpace objects, 0(0B) LOS objects, 40% free, 23MB/39MB, paused 282us total 24.598ms
08-03 18:51:52.024 22395 22407 I art     : Starting a blocking GC Explicit
08-03 18:51:52.053 22395 22407 I art     : Explicit concurrent mark sweep GC freed 8(256B) AllocSpace objects, 0(0B) LOS objects, 40% free, 23MB/39MB, paused 265us total 28.413ms
08-03 18:51:52.057 22759 22759 D ICU     : No timezone override file found: /data/misc/zoneinfo/current/icu/icu_tzdata.dat
08-03 18:51:52.065 22395 22407 I art     : Starting a blocking GC Explicit
08-03 18:51:52.087 22395 22407 I art     : Explicit concurrent mark sweep GC freed 21(928B) AllocSpace objects, 0(0B) LOS objects, 40% free, 23MB/39MB, paused 625us total 22.089ms
08-03 18:51:52.098 22395 22407 I art     : Starting a blocking GC Explicit
08-03 18:51:52.102 22759 22759 I Radio-JNI: register_android_hardware_Radio DONE
08-03 18:51:52.119 22395 22407 I art     : Explicit concurrent mark sweep GC freed 95(4KB) AllocSpace objects, 0(0B) LOS objects, 40% free, 23MB/39MB, paused 239us total 21.126ms
08-03 18:51:52.130 22759 22759 D AndroidRuntime: Calling main entry com.android.commands.input.Input
08-03 18:51:52.132 22759 22759 I Input   : injectMotionEvent: MotionEvent { action=ACTION_DOWN, actionButton=0, id[0]=0, x[0]=400.0, y[0]=997.0, toolType[0]=TOOL_TYPE_UNKNOWN, buttonState=0, metaState=0, flags=0x0, edgeFlags=0x0, pointerCount=1, historySize=0, eventTime=643928544, downTime=643928544, deviceId=0, source=0x1002 }
08-03 18:51:52.139 22759 22759 I Input   : injectMotionEvent: MotionEvent { action=ACTION_UP, actionButton=0, id[0]=0, x[0]=400.0, y[0]=997.0, toolType[0]=TOOL_TYPE_UNKNOWN, buttonState=0, metaState=0, flags=0x0, edgeFlags=0x0, pointerCount=1, historySize=0, eventTime=643928544, downTime=643928544, deviceId=0, source=0x1002 }
08-03 18:51:52.145 22759 22759 D AndroidRuntime: Shutting down VM
08-03 18:51:52.160   512  2967 D audio_hw_primary: out_set_parameters: enter: usecase(1: low-latency-playback) kvpairs: routing=2
08-03 18:51:52.172   512  2967 D audio_hw_primary: select_devices: out_snd_device(2: speaker) in_snd_device(0: none)
08-03 18:51:52.173   512  2967 D msm8974_platform: platform_send_audio_calibration: sending audio calibration for snd_device(2) acdb_id(15)
08-03 18:51:52.173   512  2967 I soundtrigger: audio_extn_sound_trigger_update_device_status: device 0x2 of type 0 for Event 1
08-03 18:51:52.182   512  2967 D audio_hw_primary: enable_snd_device: snd_device(2: speaker)
08-03 18:51:52.184   512  2967 D audio_hw_primary: enable_audio_route: apply and update mixer path: low-latency-playback speaker
08-03 18:51:52.306 13866 13866 I GoogleInputMethodServic: GoogleInputMethodService.onFinishInput():3138 
08-03 18:51:52.307 13866 13866 I GoogleInputMethodServic: GoogleInputMethodService.onStartInput():1808 
08-03 18:51:52.379 22395 22408 I art     : Starting a blocking GC Explicit
08-03 18:51:52.404 22395 22408 I art     : Explicit concurrent mark sweep GC freed 3023(188KB) AllocSpace objects, 2(40KB) LOS objects, 40% free, 23MB/39MB, paused 273us total 24.788ms
08-03 18:51:52.414 22395 22408 I art     : Starting a blocking GC Explicit
08-03 18:51:52.437 22395 22408 I art     : Explicit concurrent mark sweep GC freed 205(9KB) AllocSpace objects, 0(0B) LOS objects, 40% free, 23MB/39MB, paused 271us total 22.737ms
08-03 18:51:52.447 22395 22408 I art     : Starting a blocking GC Explicit
08-03 18:51:52.470 22395 22408 I art     : Explicit concurrent mark sweep GC freed 3(96B) AllocSpace objects, 0(0B) LOS objects, 40% free, 23MB/39MB, paused 263us total 23.064ms
08-03 18:51:52.480 22395 22408 I art     : Starting a blocking GC Explicit
08-03 18:51:52.505 22395 22408 I art     : Explicit concurrent mark sweep GC freed 3(96B) AllocSpace objects, 0(0B) LOS objects, 40% free, 23MB/39MB, paused 269us total 24.186ms
08-03 18:51:52.515 22395 22408 I art     : Starting a blocking GC Explicit
08-03 18:51:52.539 22395 22408 I art     : Explicit concurrent mark sweep GC freed 3(96B) AllocSpace objects, 0(0B) LOS objects, 40% free, 23MB/39MB, paused 262us total 23.726ms
08-03 18:51:52.718   512  2967 D audio_hw_primary: disable_audio_route: reset and update mixer path: low-latency-playback speaker
08-03 18:51:52.719   512  2967 D audio_hw_primary: disable_snd_device: snd_device(2: speaker)
08-03 18:51:52.728   512  2967 I soundtrigger: audio_extn_sound_trigger_update_device_status: device 0x2 of type 0 for Event 0
08-03 18:51:52.823 22395 22407 I art     : Starting a blocking GC Explicit
08-03 18:51:52.849 22395 22407 I art     : Explicit concurrent mark sweep GC freed 1362(80KB) AllocSpace objects, 1(20KB) LOS objects, 40% free, 23MB/39MB, paused 277us total 25.833ms
08-03 18:51:52.864 22395 22407 I art     : Starting a blocking GC Explicit
08-03 18:51:52.889 22395 22407 I art     : Explicit concurrent mark sweep GC freed 23(752B) AllocSpace objects, 0(0B) LOS objects, 40% free, 23MB/39MB, paused 261us total 25.424ms
08-03 18:51:52.900 22395 22407 I art     : Starting a blocking GC Explicit
08-03 18:51:52.909 22792 22792 D AndroidRuntime: >>>>>> START com.android.internal.os.RuntimeInit uid 2000 <<<<<<
08-03 18:51:52.915 22792 22792 D AndroidRuntime: CheckJNI is OFF
08-03 18:51:52.925 22395 22407 I art     : Explicit concurrent mark sweep GC freed 3(96B) AllocSpace objects, 0(0B) LOS objects, 40% free, 23MB/39MB, paused 258us total 24.596ms
08-03 18:51:52.935 22395 22407 I art     : Starting a blocking GC Explicit
08-03 18:51:52.959 22792 22792 D ICU     : No timezone override file found: /data/misc/zoneinfo/current/icu/icu_tzdata.dat
08-03 18:51:52.960 22395 22407 I art     : Explicit concurrent mark sweep GC freed 3(96B) AllocSpace objects, 0(0B) LOS objects, 40% free, 23MB/39MB, paused 274us total 24.424ms
08-03 18:51:52.971 22395 22407 I art     : Starting a blocking GC Explicit
08-03 18:51:52.996 22395 22407 I art     : Explicit concurrent mark sweep GC freed 3(96B) AllocSpace objects, 0(0B) LOS objects, 40% free, 23MB/39MB, paused 272us total 24.206ms
08-03 18:51:53.002 22792 22792 I Radio-JNI: register_android_hardware_Radio DONE
08-03 18:51:53.031 22792 22792 D AndroidRuntime: Calling main entry com.android.commands.input.Input
08-03 18:51:53.033 22792 22792 I Input   : injectMotionEvent: MotionEvent { action=ACTION_DOWN, actionButton=0, id[0]=0, x[0]=697.0, y[0]=656.0, toolType[0]=TOOL_TYPE_UNKNOWN, buttonState=0, metaState=0, flags=0x0, edgeFlags=0x0, pointerCount=1, historySize=0, eventTime=643929446, downTime=643929446, deviceId=0, source=0x1002 }
08-03 18:51:53.037 22792 22792 I Input   : injectMotionEvent: MotionEvent { action=ACTION_UP, actionButton=0, id[0]=0, x[0]=697.0, y[0]=656.0, toolType[0]=TOOL_TYPE_UNKNOWN, buttonState=0, metaState=0, flags=0x0, edgeFlags=0x0, pointerCount=1, historySize=0, eventTime=643929446, downTime=643929446, deviceId=0, source=0x1002 }
08-03 18:51:53.039 22792 22792 D AndroidRuntime: Shutting down VM
08-03 18:51:53.059   512  2967 D audio_hw_primary: out_set_parameters: enter: usecase(1: low-latency-playback) kvpairs: routing=2
08-03 18:51:53.073   512  2967 D audio_hw_primary: select_devices: out_snd_device(2: speaker) in_snd_device(0: none)
08-03 18:51:53.073   512  2967 D msm8974_platform: platform_send_audio_calibration: sending audio calibration for snd_device(2) acdb_id(15)
08-03 18:51:53.073   512  2967 I soundtrigger: audio_extn_sound_trigger_update_device_status: device 0x2 of type 0 for Event 1
08-03 18:51:53.084   512  2967 D audio_hw_primary: enable_snd_device: snd_device(2: speaker)
08-03 18:51:53.087   512  2967 D audio_hw_primary: enable_audio_route: apply and update mixer path: low-latency-playback speaker
08-03 18:51:53.124 13866 13866 I GoogleInputMethodServic: GoogleInputMethodService.onFinishInput():3138 
08-03 18:51:53.125 13866 13866 I GoogleInputMethodServic: GoogleInputMethodService.onStartInput():1808 
08-03 18:51:53.129   512  2967 D AudioFlinger: mixer(0xf4740000) throttle end: throttle time(12)
08-03 18:51:53.267 22395 22408 I art     : Starting a blocking GC Explicit
08-03 18:51:53.297 22395 22408 I art     : Explicit concurrent mark sweep GC freed 2409(194KB) AllocSpace objects, 1(20KB) LOS objects, 40% free, 23MB/39MB, paused 312us total 30.515ms
08-03 18:51:53.309 22395 22408 I art     : Starting a blocking GC Explicit
08-03 18:51:53.335 22395 22408 I art     : Explicit concurrent mark sweep GC freed 165(7KB) AllocSpace objects, 0(0B) LOS objects, 40% free, 23MB/39MB, paused 273us total 25.298ms
08-03 18:51:53.346 22395 22408 I art     : Starting a blocking GC Explicit
08-03 18:51:53.355 29532 29532 W PathParser: Points are too far apart 4.030360828967057
08-03 18:51:53.356 29532 29532 W PathParser: Points are too far apart 4.030360538880159
08-03 18:51:53.370 22395 22408 I art     : Explicit concurrent mark sweep GC freed 3(96B) AllocSpace objects, 0(0B) LOS objects, 40% free, 23MB/39MB, paused 273us total 23.875ms
08-03 18:51:53.372 29532 29532 W PathParser: Points are too far apart 4.030360828967057
08-03 18:51:53.372 29532 29532 W PathParser: Points are too far apart 4.030360538880159
08-03 18:51:53.381 22395 22408 I art     : Starting a blocking GC Explicit
08-03 18:51:53.389 29532 29532 W PathParser: Points are too far apart 4.030360828967057
08-03 18:51:53.389 29532 29532 W PathParser: Points are too far apart 4.030360538880159
08-03 18:51:53.405 29532 29532 W PathParser: Points are too far apart 4.030360828967057
08-03 18:51:53.406 29532 29532 W PathParser: Points are too far apart 4.030360538880159
08-03 18:51:53.406 22395 22408 I art     : Explicit concurrent mark sweep GC freed 3(96B) AllocSpace objects, 0(0B) LOS objects, 40% free, 23MB/39MB, paused 271us total 24.308ms
08-03 18:51:53.416 22395 22408 I art     : Starting a blocking GC Explicit
08-03 18:51:53.422 29532 29532 W PathParser: Points are too far apart 4.030360828967057
08-03 18:51:53.422 29532 29532 W PathParser: Points are too far apart 4.030360538880159
08-03 18:51:53.438 29532 29532 W PathParser: Points are too far apart 4.030360828967057
08-03 18:51:53.439 29532 29532 W PathParser: Points are too far apart 4.030360538880159
08-03 18:51:53.441 22395 22408 I art     : Explicit concurrent mark sweep GC freed 30(832B) AllocSpace objects, 0(0B) LOS objects, 40% free, 23MB/39MB, paused 257us total 24.662ms
08-03 18:51:53.455 29532 29532 W PathParser: Points are too far apart 4.030360828967057
08-03 18:51:53.455 29532 29532 W PathParser: Points are too far apart 4.030360538880159
08-03 18:51:53.619   512  2967 D audio_hw_primary: disable_audio_route: reset and update mixer path: low-latency-playback speaker
08-03 18:51:53.622   512  2967 D audio_hw_primary: disable_snd_device: snd_device(2: speaker)
08-03 18:51:53.632   512  2967 I soundtrigger: audio_extn_sound_trigger_update_device_status: device 0x2 of type 0 for Event 0
08-03 18:51:53.737 22395 22407 I art     : Starting a blocking GC Explicit
08-03 18:51:53.765 22395 22407 I art     : Explicit concurrent mark sweep GC freed 1364(80KB) AllocSpace objects, 1(20KB) LOS objects, 40% free, 23MB/39MB, paused 264us total 27.975ms
08-03 18:51:53.778 22395 22407 I art     : Starting a blocking GC Explicit
08-03 18:51:53.809 22395 22407 I art     : Explicit concurrent mark sweep GC freed 33(1072B) AllocSpace objects, 0(0B) LOS objects, 40% free, 23MB/39MB, paused 400us total 30.383ms
08-03 18:51:53.821 22395 22407 I art     : Starting a blocking GC Explicit
08-03 18:51:53.824 22825 22825 D AndroidRuntime: >>>>>> START com.android.internal.os.RuntimeInit uid 2000 <<<<<<
08-03 18:51:53.830 22825 22825 D AndroidRuntime: CheckJNI is OFF
08-03 18:51:53.849 22395 22407 I art     : Explicit concurrent mark sweep GC freed 79(3KB) AllocSpace objects, 0(0B) LOS objects, 40% free, 23MB/39MB, paused 300us total 27.753ms
08-03 18:51:53.862 22395 22407 I art     : Starting a blocking GC Explicit
08-03 18:51:53.879 22825 22825 D ICU     : No timezone override file found: /data/misc/zoneinfo/current/icu/icu_tzdata.dat
08-03 18:51:53.890 22395 22407 I art     : Explicit concurrent mark sweep GC freed 75(2400B) AllocSpace objects, 0(0B) LOS objects, 40% free, 23MB/39MB, paused 597us total 27.431ms
08-03 18:51:53.900 22395 22407 I art     : Starting a blocking GC Explicit
08-03 18:51:53.922 22825 22825 I Radio-JNI: register_android_hardware_Radio DONE
08-03 18:51:53.926 22395 22407 I art     : Explicit concurrent mark sweep GC freed 76(2432B) AllocSpace objects, 0(0B) LOS objects, 40% free, 23MB/39MB, paused 376us total 25.608ms
08-03 18:51:53.952 22825 22825 D AndroidRuntime: Calling main entry com.android.commands.input.Input
08-03 18:51:53.954 22825 22825 I Input   : injectMotionEvent: MotionEvent { action=ACTION_DOWN, actionButton=0, id[0]=0, x[0]=256.0, y[0]=1589.0, toolType[0]=TOOL_TYPE_UNKNOWN, buttonState=0, metaState=0, flags=0x0, edgeFlags=0x0, pointerCount=1, historySize=0, eventTime=643930366, downTime=643930366, deviceId=0, source=0x1002 }
08-03 18:51:53.963 22825 22825 I Input   : injectMotionEvent: MotionEvent { action=ACTION_UP, actionButton=0, id[0]=0, x[0]=256.0, y[0]=1589.0, toolType[0]=TOOL_TYPE_UNKNOWN, buttonState=0, metaState=0, flags=0x0, edgeFlags=0x0, pointerCount=1, historySize=0, eventTime=643930366, downTime=643930366, deviceId=0, source=0x1002 }
08-03 18:51:53.965 22825 22825 D AndroidRuntime: Shutting down VM
08-03 18:51:53.981 22395 22395 D UserPreferences: timeOfDay: []
08-03 18:51:53.981 22395 22395 D AutoUpdateManager: Restarting update alarm.
08-03 18:51:53.983   512  2967 D audio_hw_primary: out_set_parameters: enter: usecase(1: low-latency-playback) kvpairs: routing=2
08-03 18:51:53.983 22395 22395 D AutoUpdateManager: Automatic update was deactivated
08-03 18:51:53.996   512  2967 D audio_hw_primary: select_devices: out_snd_device(2: speaker) in_snd_device(0: none)
08-03 18:51:53.997   512  2967 D msm8974_platform: platform_send_audio_calibration: sending audio calibration for snd_device(2) acdb_id(15)
08-03 18:51:53.997   512  2967 I soundtrigger: audio_extn_sound_trigger_update_device_status: device 0x2 of type 0 for Event 1
08-03 18:51:54.010   512  2967 D audio_hw_primary: enable_snd_device: snd_device(2: speaker)
08-03 18:51:54.013   512  2967 D audio_hw_primary: enable_audio_route: apply and update mixer path: low-latency-playback speaker
08-03 18:51:54.017 13866 13866 I GoogleInputMethodServic: GoogleInputMethodService.onFinishInput():3138 
08-03 18:51:54.018 13866 13866 I GoogleInputMethodServic: GoogleInputMethodService.onStartInput():1808 
08-03 18:51:54.038 29532 29532 W PathParser: Points are too far apart 4.030360828967057
08-03 18:51:54.038 29532 29532 W PathParser: Points are too far apart 4.030360538880159
08-03 18:51:54.055 29532 29532 W PathParser: Points are too far apart 4.030360828967057
08-03 18:51:54.055 29532 29532 W PathParser: Points are too far apart 4.030360538880159
08-03 18:51:54.056   512  2967 D AudioFlinger: mixer(0xf4740000) throttle end: throttle time(12)
08-03 18:51:54.071 29532 29532 W PathParser: Points are too far apart 4.030360828967057
08-03 18:51:54.071 29532 29532 W PathParser: Points are too far apart 4.030360538880159
08-03 18:51:54.088 29532 29532 W PathParser: Points are too far apart 4.030360828967057
08-03 18:51:54.088 29532 29532 W PathParser: Points are too far apart 4.030360538880159
08-03 18:51:54.105 29532 29532 W PathParser: Points are too far apart 4.030360828967057
08-03 18:51:54.106 29532 29532 W PathParser: Points are too far apart 4.030360538880159
08-03 18:51:54.122 29532 29532 W PathParser: Points are too far apart 4.030360828967057
08-03 18:51:54.122 29532 29532 W PathParser: Points are too far apart 4.030360538880159
08-03 18:51:54.138 29532 29532 W PathParser: Points are too far apart 4.030360828967057
08-03 18:51:54.139 29532 29532 W PathParser: Points are too far apart 4.030360538880159
08-03 18:51:54.155 29532 29532 W PathParser: Points are too far apart 4.030360828967057
08-03 18:51:54.155 29532 29532 W PathParser: Points are too far apart 4.030360538880159
08-03 18:51:54.187   380   380 W SurfaceFlinger: couldn't log to binary event log: overflow.
08-03 18:51:54.196 22395 22423 I art     : Starting a blocking GC Explicit
08-03 18:51:54.224 22395 22423 I art     : Explicit concurrent mark sweep GC freed 1982(116KB) AllocSpace objects, 2(40KB) LOS objects, 40% free, 23MB/39MB, paused 313us total 28.461ms
08-03 18:51:54.235 22395 22423 I art     : Starting a blocking GC Explicit
08-03 18:51:54.259 22395 22423 I art     : Explicit concurrent mark sweep GC freed 52(1920B) AllocSpace objects, 0(0B) LOS objects, 40% free, 23MB/39MB, paused 262us total 23.643ms
08-03 18:51:54.269 22395 22423 I art     : Starting a blocking GC Explicit
08-03 18:51:54.294 22395 22423 I art     : Explicit concurrent mark sweep GC freed 3(96B) AllocSpace objects, 0(0B) LOS objects, 40% free, 23MB/39MB, paused 279us total 24.675ms
08-03 18:51:54.305 22395 22423 I art     : Starting a blocking GC Explicit
08-03 18:51:54.330 22395 22423 I art     : Explicit concurrent mark sweep GC freed 3(96B) AllocSpace objects, 0(0B) LOS objects, 40% free, 23MB/39MB, paused 276us total 24.876ms
08-03 18:51:54.341 22395 22423 I art     : Starting a blocking GC Explicit
08-03 18:51:54.366 22395 22423 I art     : Explicit concurrent mark sweep GC freed 3(96B) AllocSpace objects, 0(0B) LOS objects, 40% free, 23MB/39MB, paused 274us total 24.935ms
08-03 18:51:54.550   512  2967 D audio_hw_primary: disable_audio_route: reset and update mixer path: low-latency-playback speaker
08-03 18:51:54.553   512  2967 D audio_hw_primary: disable_snd_device: snd_device(2: speaker)
08-03 18:51:54.561   512  2967 I soundtrigger: audio_extn_sound_trigger_update_device_status: device 0x2 of type 0 for Event 0
08-03 18:51:54.650 22395 22407 I art     : Starting a blocking GC Explicit
08-03 18:51:54.680 22395 22407 I art     : Explicit concurrent mark sweep GC freed 1388(80KB) AllocSpace objects, 1(20KB) LOS objects, 40% free, 23MB/39MB, paused 270us total 28.989ms
08-03 18:51:54.690 22395 22407 I art     : Starting a blocking GC Explicit
08-03 18:51:54.716 22395 22407 I art     : Explicit concurrent mark sweep GC freed 125(6KB) AllocSpace objects, 0(0B) LOS objects, 40% free, 23MB/39MB, paused 271us total 25.456ms
08-03 18:51:54.727 22395 22407 I art     : Starting a blocking GC Explicit
08-03 18:51:54.741 22857 22857 D AndroidRuntime: >>>>>> START com.android.internal.os.RuntimeInit uid 2000 <<<<<<
08-03 18:51:54.747 22857 22857 D AndroidRuntime: CheckJNI is OFF
08-03 18:51:54.752 22395 22407 I art     : Explicit concurrent mark sweep GC freed 869(55KB) AllocSpace objects, 1(48KB) LOS objects, 40% free, 23MB/39MB, paused 266us total 24.833ms
08-03 18:51:54.763 22395 22407 I art     : Starting a blocking GC Explicit
08-03 18:51:54.787 22395 22407 I art     : Explicit concurrent mark sweep GC freed 3(96B) AllocSpace objects, 0(0B) LOS objects, 40% free, 23MB/39MB, paused 267us total 23.979ms
08-03 18:51:54.790 22857 22857 D ICU     : No timezone override file found: /data/misc/zoneinfo/current/icu/icu_tzdata.dat
08-03 18:51:54.797 22395 22407 I art     : Starting a blocking GC Explicit
08-03 18:51:54.820 22395 22407 I art     : Explicit concurrent mark sweep GC freed 3(96B) AllocSpace objects, 0(0B) LOS objects, 40% free, 23MB/39MB, paused 268us total 22.651ms
08-03 18:51:54.831 22857 22857 I Radio-JNI: register_android_hardware_Radio DONE
08-03 18:51:54.859 22857 22857 D AndroidRuntime: Calling main entry com.android.commands.input.Input
08-03 18:51:54.861 22857 22857 I Input   : injectKeyEvent: KeyEvent { action=ACTION_DOWN, keyCode=KEYCODE_BACK, scanCode=0, metaState=0, flags=0x0, repeatCount=0, eventTime=643931274, downTime=643931274, deviceId=-1, source=0x101 }
08-03 18:51:54.868 22857 22857 I Input   : injectKeyEvent: KeyEvent { action=ACTION_UP, keyCode=KEYCODE_BACK, scanCode=0, metaState=0, flags=0x0, repeatCount=0, eventTime=643931274, downTime=643931274, deviceId=-1, source=0x101 }
08-03 18:51:54.876 22857 22857 D AndroidRuntime: Shutting down VM
08-03 18:51:54.951 13866 13866 I GoogleInputMethodServic: GoogleInputMethodService.onFinishInput():3138 
08-03 18:51:54.952 13866 13866 I GoogleInputMethodServic: GoogleInputMethodService.onStartInput():1808 
08-03 18:51:55.084 22395 22408 I art     : Starting a blocking GC Explicit
08-03 18:51:55.119 22395 22408 I art     : Explicit concurrent mark sweep GC freed 2640(138KB) AllocSpace objects, 1(20KB) LOS objects, 39% free, 24MB/40MB, paused 313us total 34.526ms
08-03 18:51:55.134 22395 22408 I art     : Starting a blocking GC Explicit
08-03 18:51:55.148   918  3188 I hubconnection: sensorhub said: 'set_bias 3: -6.2400, 0.0000, 0.0000'
08-03 18:51:55.161 22395 22408 I art     : Explicit concurrent mark sweep GC freed 4938(290KB) AllocSpace objects, 0(0B) LOS objects, 40% free, 23MB/39MB, paused 290us total 26.880ms
08-03 18:51:55.172 22395 22408 I art     : Starting a blocking GC Explicit
08-03 18:51:55.196 22395 22408 I art     : Explicit concurrent mark sweep GC freed 3523(243KB) AllocSpace objects, 0(0B) LOS objects, 40% free, 23MB/39MB, paused 275us total 24.238ms
08-03 18:51:55.207 22395 22408 I art     : Starting a blocking GC Explicit
08-03 18:51:55.232 22395 22408 I art     : Explicit concurrent mark sweep GC freed 3(96B) AllocSpace objects, 0(0B) LOS objects, 40% free, 23MB/39MB, paused 265us total 24.302ms
08-03 18:51:55.243 22395 22408 I art     : Starting a blocking GC Explicit
08-03 18:51:55.267 22395 22408 I art     : Explicit concurrent mark sweep GC freed 3(96B) AllocSpace objects, 0(0B) LOS objects, 40% free, 23MB/39MB, paused 338us total 23.786ms
08-03 18:51:55.458   918  3670 I ActivityManager: Killing 19327:com.google.android.webview:webview_service/u0a74 (adj 15): empty #17
08-03 18:51:55.558 22395 22423 I art     : Starting a blocking GC Explicit
08-03 18:51:55.586 22395 22423 I art     : Explicit concurrent mark sweep GC freed 1388(80KB) AllocSpace objects, 1(20KB) LOS objects, 40% free, 23MB/39MB, paused 290us total 27.282ms
08-03 18:51:55.601 22395 22423 I art     : Starting a blocking GC Explicit
08-03 18:51:55.625 22395 22423 I art     : Explicit concurrent mark sweep GC freed 23(752B) AllocSpace objects, 0(0B) LOS objects, 40% free, 23MB/39MB, paused 273us total 24.456ms
08-03 18:51:55.636 22395 22423 I art     : Starting a blocking GC Explicit
08-03 18:51:55.660 22395 22423 I art     : Explicit concurrent mark sweep GC freed 3(96B) AllocSpace objects, 0(0B) LOS objects, 40% free, 23MB/39MB, paused 271us total 23.973ms
08-03 18:51:55.671 22395 22423 I art     : Starting a blocking GC Explicit
08-03 18:51:55.696 22395 22423 I art     : Explicit concurrent mark sweep GC freed 3(96B) AllocSpace objects, 0(0B) LOS objects, 40% free, 23MB/39MB, paused 271us total 24.018ms
08-03 18:51:55.706 22395 22423 I art     : Starting a blocking GC Explicit
08-03 18:51:55.731 22395 22423 I art     : Explicit concurrent mark sweep GC freed 3(96B) AllocSpace objects, 0(0B) LOS objects, 40% free, 23MB/39MB, paused 265us total 23.970ms
08-03 18:51:56.017 22395 22407 I art     : Starting a blocking GC Explicit
08-03 18:51:56.047 22395 22407 I art     : Explicit concurrent mark sweep GC freed 1362(80KB) AllocSpace objects, 1(20KB) LOS objects, 40% free, 23MB/39MB, paused 387us total 29.763ms
08-03 18:51:56.062 22395 22407 I art     : Starting a blocking GC Explicit
08-03 18:51:56.087 22395 22407 I art     : Explicit concurrent mark sweep GC freed 23(752B) AllocSpace objects, 0(0B) LOS objects, 40% free, 23MB/39MB, paused 347us total 24.380ms
08-03 18:51:56.098 22395 22407 I art     : Starting a blocking GC Explicit
08-03 18:51:56.121 22395 22407 I art     : Explicit concurrent mark sweep GC freed 3(96B) AllocSpace objects, 0(0B) LOS objects, 40% free, 23MB/39MB, paused 254us total 22.986ms
08-03 18:51:56.132 22395 22407 I art     : Starting a blocking GC Explicit
08-03 18:51:56.155 22395 22407 I art     : Explicit concurrent mark sweep GC freed 3(96B) AllocSpace objects, 0(0B) LOS objects, 40% free, 23MB/39MB, paused 263us total 22.730ms
08-03 18:51:56.165 22395 22407 I art     : Starting a blocking GC Explicit
08-03 18:51:56.189 22395 22407 I art     : Explicit concurrent mark sweep GC freed 3(96B) AllocSpace objects, 0(0B) LOS objects, 40% free, 23MB/39MB, paused 264us total 23.091ms
08-03 18:51:56.471 22395 22408 I art     : Starting a blocking GC Explicit
08-03 18:51:56.499 22395 22408 I art     : Explicit concurrent mark sweep GC freed 1390(80KB) AllocSpace objects, 1(20KB) LOS objects, 40% free, 23MB/39MB, paused 291us total 27.840ms
08-03 18:51:56.512 22395 22408 I art     : Starting a blocking GC Explicit
08-03 18:51:56.536 22395 22408 I art     : Explicit concurrent mark sweep GC freed 94(4KB) AllocSpace objects, 0(0B) LOS objects, 40% free, 23MB/39MB, paused 275us total 23.438ms
08-03 18:51:56.547 22395 22408 I art     : Starting a blocking GC Explicit
08-03 18:51:56.569 22395 22408 I art     : Explicit concurrent mark sweep GC freed 105(3KB) AllocSpace objects, 0(0B) LOS objects, 40% free, 23MB/39MB, paused 315us total 22.190ms
08-03 18:51:56.579 22395 22408 I art     : Starting a blocking GC Explicit
08-03 18:51:56.602 22395 22408 I art     : Explicit concurrent mark sweep GC freed 100(3KB) AllocSpace objects, 0(0B) LOS objects, 40% free, 23MB/39MB, paused 264us total 22.181ms
08-03 18:51:56.613 22395 22408 I art     : Starting a blocking GC Explicit
08-03 18:51:56.634 22395 22408 I art     : Explicit concurrent mark sweep GC freed 99(3KB) AllocSpace objects, 0(0B) LOS objects, 40% free, 23MB/39MB, paused 257us total 20.981ms
08-03 18:51:56.646 22908 22908 D AndroidRuntime: >>>>>> START com.android.internal.os.RuntimeInit uid 2000 <<<<<<
08-03 18:51:56.651 22908 22908 D AndroidRuntime: CheckJNI is OFF
08-03 18:51:56.690 22908 22908 D ICU     : No timezone override file found: /data/misc/zoneinfo/current/icu/icu_tzdata.dat
08-03 18:51:56.733 22908 22908 I Radio-JNI: register_android_hardware_Radio DONE
08-03 18:51:56.761 22908 22908 D AndroidRuntime: Calling main entry com.android.commands.input.Input
08-03 18:51:56.763 22908 22908 I Input   : injectKeyEvent: KeyEvent { action=ACTION_DOWN, keyCode=KEYCODE_BACK, scanCode=0, metaState=0, flags=0x0, repeatCount=0, eventTime=643933177, downTime=643933177, deviceId=-1, source=0x101 }
08-03 18:51:56.771 22908 22908 I Input   : injectKeyEvent: KeyEvent { action=ACTION_UP, keyCode=KEYCODE_BACK, scanCode=0, metaState=0, flags=0x0, repeatCount=0, eventTime=643933177, downTime=643933177, deviceId=-1, source=0x101 }
08-03 18:51:56.779 22908 22908 D AndroidRuntime: Shutting down VM
08-03 18:51:56.793 22395 22395 D QueueFragment: loadItems()
08-03 18:51:56.794 22395 22435 D DBReader: getQueue() called
08-03 18:51:56.794 22395 22435 D DBReader: getQueue()
08-03 18:51:56.794 22395 22395 V PlaybackController: initServiceNotRunning()
08-03 18:51:56.794 22395 22395 D ExternalPlayerFragment: Loading media info
08-03 18:51:56.795 22395 22435 D DBReader: getFavoriteIDList() called
08-03 18:51:56.795 22395 22395 D UserPreferences: Using default data folder
08-03 18:51:56.796 22395 22435 D DBReader: getQueueIDList() called
08-03 18:51:56.796 22395 22419 D DBReader: getNavDrawerData() called with: 
08-03 18:51:56.797 22395 22435 D DBReader: Extracting Feedlist
08-03 18:51:56.800 22395 22419 D DBReader: getDownloadedItems() called
08-03 18:51:56.800 22395 22419 D DBReader: getFavoriteIDList() called
08-03 18:51:56.801 22395 22419 D DBReader: getQueueIDList() called
08-03 18:51:56.802 22395 22419 D DBReader: Extracting Feedlist
08-03 18:51:56.850 22395 22395 D MainActivity: getLastNavFragment() -> QueueFragment
08-03 18:51:56.885 13866 13866 I GoogleInputMethodServic: GoogleInputMethodService.onFinishInput():3138 
08-03 18:51:56.886 13866 13866 I GoogleInputMethodServic: GoogleInputMethodService.onStartInput():1808 
08-03 18:51:56.913 22395 22407 I art     : Starting a blocking GC Explicit
08-03 18:51:56.936 22395 22407 I art     : Explicit concurrent mark sweep GC freed 3460(198KB) AllocSpace objects, 1(20KB) LOS objects, 40% free, 23MB/39MB, paused 264us total 22.884ms
08-03 18:51:56.946 22395 22407 I art     : Starting a blocking GC Explicit
08-03 18:51:56.969 22395 22407 I art     : Explicit concurrent mark sweep GC freed 1478(93KB) AllocSpace objects, 0(0B) LOS objects, 40% free, 23MB/39MB, paused 266us total 22.416ms
08-03 18:51:56.979 22395 22407 I art     : Starting a blocking GC Explicit
08-03 18:51:57.003 22395 22407 I art     : Explicit concurrent mark sweep GC freed 3(96B) AllocSpace objects, 0(0B) LOS objects, 40% free, 23MB/39MB, paused 285us total 23.866ms
08-03 18:51:57.014 22395 22407 I art     : Starting a blocking GC Explicit
08-03 18:51:57.038 22395 22407 I art     : Explicit concurrent mark sweep GC freed 3(96B) AllocSpace objects, 0(0B) LOS objects, 40% free, 23MB/39MB, paused 340us total 24.680ms
08-03 18:51:57.049 22395 22407 I art     : Starting a blocking GC Explicit
08-03 18:51:57.076 22395 22407 I art     : Explicit concurrent mark sweep GC freed 3(96B) AllocSpace objects, 0(0B) LOS objects, 40% free, 23MB/39MB, paused 349us total 26.536ms
08-03 18:51:57.175   380   380 W SurfaceFlinger: couldn't log to binary event log: overflow.
08-03 18:51:57.345 22395 22407 I art     : Starting a blocking GC Explicit
08-03 18:51:57.372 22395 22407 I art     : Explicit concurrent mark sweep GC freed 1904(105KB) AllocSpace objects, 1(20KB) LOS objects, 40% free, 23MB/39MB, paused 303us total 26.930ms
08-03 18:51:57.383 22395 22407 I art     : Starting a blocking GC Explicit
08-03 18:51:57.408 22395 22407 I art     : Explicit concurrent mark sweep GC freed 6247(390KB) AllocSpace objects, 11(308KB) LOS objects, 40% free, 22MB/38MB, paused 432us total 25.267ms
08-03 18:51:57.418 22395 22407 I art     : Starting a blocking GC Explicit
08-03 18:51:57.440 22395 22407 I art     : Explicit concurrent mark sweep GC freed 32(880B) AllocSpace objects, 0(0B) LOS objects, 40% free, 22MB/38MB, paused 286us total 21.436ms
08-03 18:51:57.450 22395 22407 I art     : Starting a blocking GC Explicit
08-03 18:51:57.472 22395 22407 I art     : Explicit concurrent mark sweep GC freed 3(96B) AllocSpace objects, 0(0B) LOS objects, 40% free, 22MB/38MB, paused 276us total 21.269ms
08-03 18:51:57.482 22395 22407 I art     : Starting a blocking GC Explicit
08-03 18:51:57.504 22395 22407 I art     : Explicit concurrent mark sweep GC freed 3(96B) AllocSpace objects, 0(0B) LOS objects, 40% free, 22MB/38MB, paused 272us total 21.546ms
08-03 18:51:57.792 22395 22423 I art     : Starting a blocking GC Explicit
08-03 18:51:57.818 22395 22423 I art     : Explicit concurrent mark sweep GC freed 1364(82KB) AllocSpace objects, 1(20KB) LOS objects, 40% free, 22MB/38MB, paused 328us total 25.485ms
08-03 18:51:57.831 22395 22423 I art     : Starting a blocking GC Explicit
08-03 18:51:57.853 22395 22423 I art     : Explicit concurrent mark sweep GC freed 23(752B) AllocSpace objects, 0(0B) LOS objects, 40% free, 22MB/38MB, paused 292us total 21.823ms
08-03 18:51:57.864 22395 22423 I art     : Starting a blocking GC Explicit
08-03 18:51:57.885 22395 22423 I art     : Explicit concurrent mark sweep GC freed 3(96B) AllocSpace objects, 0(0B) LOS objects, 40% free, 22MB/38MB, paused 288us total 21.416ms
08-03 18:51:57.896 22395 22423 I art     : Starting a blocking GC Explicit
08-03 18:51:57.917 22395 22423 I art     : Explicit concurrent mark sweep GC freed 3(96B) AllocSpace objects, 0(0B) LOS objects, 40% free, 22MB/38MB, paused 314us total 21.405ms
08-03 18:51:57.928 22395 22423 I art     : Starting a blocking GC Explicit
08-03 18:51:57.950 22395 22423 I art     : Explicit concurrent mark sweep GC freed 3(96B) AllocSpace objects, 0(0B) LOS objects, 40% free, 22MB/38MB, paused 298us total 21.652ms
08-03 18:51:58.224 22395 22408 I art     : Starting a blocking GC Explicit
08-03 18:51:58.249 22395 22408 I art     : Explicit concurrent mark sweep GC freed 1361(80KB) AllocSpace objects, 1(20KB) LOS objects, 40% free, 22MB/38MB, paused 329us total 24.791ms
08-03 18:51:58.259 22395 22408 I art     : Starting a blocking GC Explicit
08-03 18:51:58.280 22395 22408 I art     : Explicit concurrent mark sweep GC freed 23(752B) AllocSpace objects, 0(0B) LOS objects, 40% free, 22MB/38MB, paused 289us total 20.802ms
08-03 18:51:58.291 22395 22408 I art     : Starting a blocking GC Explicit
08-03 18:51:58.311 22395 22408 I art     : Explicit concurrent mark sweep GC freed 3(96B) AllocSpace objects, 0(0B) LOS objects, 40% free, 22MB/38MB, paused 288us total 20.264ms
08-03 18:51:58.321 22395 22408 I art     : Starting a blocking GC Explicit
08-03 18:51:58.342 22395 22408 I art     : Explicit concurrent mark sweep GC freed 3(96B) AllocSpace objects, 0(0B) LOS objects, 40% free, 22MB/38MB, paused 293us total 20.562ms
08-03 18:51:58.352 22395 22408 I art     : Starting a blocking GC Explicit
08-03 18:51:58.372 22395 22408 I art     : Explicit concurrent mark sweep GC freed 3(96B) AllocSpace objects, 0(0B) LOS objects, 40% free, 22MB/38MB, paused 318us total 20.333ms
08-03 18:51:58.571 22963 22963 D AndroidRuntime: >>>>>> START com.android.internal.os.RuntimeInit uid 2000 <<<<<<
08-03 18:51:58.577 22963 22963 D AndroidRuntime: CheckJNI is OFF
08-03 18:51:58.619 22963 22963 D ICU     : No timezone override file found: /data/misc/zoneinfo/current/icu/icu_tzdata.dat
08-03 18:51:58.662 22963 22963 I Radio-JNI: register_android_hardware_Radio DONE
08-03 18:51:58.691 22963 22963 D AndroidRuntime: Calling main entry com.android.commands.input.Input
08-03 18:51:58.693 22963 22963 I Input   : injectMotionEvent: MotionEvent { action=ACTION_DOWN, actionButton=0, id[0]=0, x[0]=103.0, y[0]=192.0, toolType[0]=TOOL_TYPE_UNKNOWN, buttonState=0, metaState=0, flags=0x0, edgeFlags=0x0, pointerCount=1, historySize=0, eventTime=643935106, downTime=643935106, deviceId=0, source=0x1002 }
08-03 18:51:58.697 22963 22963 I Input   : injectMotionEvent: MotionEvent { action=ACTION_UP, actionButton=0, id[0]=0, x[0]=103.0, y[0]=192.0, toolType[0]=TOOL_TYPE_UNKNOWN, buttonState=0, metaState=0, flags=0x0, edgeFlags=0x0, pointerCount=1, historySize=0, eventTime=643935106, downTime=643935106, deviceId=0, source=0x1002 }
08-03 18:51:58.699 22963 22963 D AndroidRuntime: Shutting down VM
08-03 18:51:58.700 22395 22407 I art     : Starting a blocking GC Explicit
08-03 18:51:58.711   512  2967 D audio_hw_primary: out_set_parameters: enter: usecase(1: low-latency-playback) kvpairs: routing=2
08-03 18:51:58.724   512  2967 D audio_hw_primary: select_devices: out_snd_device(2: speaker) in_snd_device(0: none)
08-03 18:51:58.725   512  2967 D msm8974_platform: platform_send_audio_calibration: sending audio calibration for snd_device(2) acdb_id(15)
08-03 18:51:58.725   512  2967 I soundtrigger: audio_extn_sound_trigger_update_device_status: device 0x2 of type 0 for Event 1
08-03 18:51:58.729 22395 22407 I art     : Explicit concurrent mark sweep GC freed 1414(81KB) AllocSpace objects, 1(20KB) LOS objects, 40% free, 22MB/38MB, paused 627us total 28.659ms
08-03 18:51:58.736   512  2967 D audio_hw_primary: enable_snd_device: snd_device(2: speaker)
08-03 18:51:58.739   512  2967 D audio_hw_primary: enable_audio_route: apply and update mixer path: low-latency-playback speaker
08-03 18:51:58.742 22395 22407 I art     : Starting a blocking GC Explicit
08-03 18:51:58.753 13866 13866 I GoogleInputMethodServic: GoogleInputMethodService.onFinishInput():3138 
08-03 18:51:58.754 13866 13866 I GoogleInputMethodServic: GoogleInputMethodService.onStartInput():1808 
08-03 18:51:58.762 22395 22407 I art     : Explicit concurrent mark sweep GC freed 116(4KB) AllocSpace objects, 0(0B) LOS objects, 40% free, 22MB/38MB, paused 274us total 19.707ms
08-03 18:51:58.772 22395 22407 I art     : Starting a blocking GC Explicit
08-03 18:51:58.792 22395 22407 I art     : Explicit concurrent mark sweep GC freed 159(8KB) AllocSpace objects, 0(0B) LOS objects, 40% free, 22MB/38MB, paused 262us total 19.418ms
08-03 18:51:58.802 22395 22407 I art     : Starting a blocking GC Explicit
08-03 18:51:58.822 22395 22407 I art     : Explicit concurrent mark sweep GC freed 280(15KB) AllocSpace objects, 0(0B) LOS objects, 40% free, 22MB/38MB, paused 272us total 19.379ms
08-03 18:51:58.832 22395 22407 I art     : Starting a blocking GC Explicit
08-03 18:51:58.852 22395 22407 I art     : Explicit concurrent mark sweep GC freed 7(384B) AllocSpace objects, 0(0B) LOS objects, 40% free, 22MB/38MB, paused 273us total 19.694ms
08-03 18:51:59.019 18789 18789 I Finsky  : [1] xow.onStartJob(3): SCH: onJobSchedulerWakeup with jobId 9002
08-03 18:51:59.029 18789 18789 I Finsky  : [1] xjw.a(9): Scheduling fallback in 43199997 (absolute: 1670522900)
08-03 18:51:59.032 18789 18789 I Finsky  : [1] xjw.a(9): Scheduling fallback in 64799997 (absolute: 1692122904)
08-03 18:51:59.039 18789 18789 I Finsky  : [1] xow.onStartJob(3): SCH: onJobSchedulerWakeup with jobId 9011
08-03 18:51:59.042 18789 18789 I Finsky  : [1] xjw.a(9): Scheduling fallback in 43199998 (absolute: 1670522915)
08-03 18:51:59.053 18789 18789 I Finsky  : [1] xjw.a(9): Scheduling fallback in 64799989 (absolute: 1692122917)
08-03 18:51:59.058 18789 18789 W Finsky  : [1] xow.onStartJob(9): SCH: onJobSchedulerWakeup while already running
08-03 18:51:59.123 22395 22408 I art     : Starting a blocking GC Explicit
08-03 18:51:59.143 22395 22408 I art     : Explicit concurrent mark sweep GC freed 1362(81KB) AllocSpace objects, 1(20KB) LOS objects, 40% free, 22MB/38MB, paused 405us total 19.719ms
08-03 18:51:59.153 22395 22408 I art     : Starting a blocking GC Explicit
08-03 18:51:59.167 18789 18789 I Finsky  : [1] xkf.handleMessage(8): SCH: DeviceState: DeviceState{currentTime=1596473519162, isCharging=false, isIdle=false, netAny=true, netNotRoaming=true, netUnmetered=true, batteryPercent=100.0}
08-03 18:51:59.171 18789 22371 I Finsky  : [5608] xmu.a(8): SCH: Jobs in database: 1-1337 3-181 3-182 12-1 24-77777777 26-1414141414 
08-03 18:51:59.173 22395 22408 I art     : Explicit concurrent mark sweep GC freed 34(1104B) AllocSpace objects, 0(0B) LOS objects, 40% free, 22MB/38MB, paused 270us total 19.254ms
08-03 18:51:59.174 18789 18789 I Finsky  : [1] xkg.a(16): SCH: Running job: 12-1
08-03 18:51:59.175 18789 18789 I Finsky  : [1] ContentSyncJob.a(16): [ContentSync] job started
08-03 18:51:59.176 18789 18789 I Finsky  : [1] xkf.handleMessage(61): SCH: RunningQueue size: 1, PendingQueue size: 0
08-03 18:51:59.177 18789 18789 I Finsky  : [1] xkf.handleMessage(64): SCH: Running queue: 12-1 
08-03 18:51:59.183 22395 22408 I art     : Starting a blocking GC Explicit
08-03 18:51:59.203 22395 22408 I art     : Explicit concurrent mark sweep GC freed 3(96B) AllocSpace objects, 0(0B) LOS objects, 40% free, 22MB/38MB, paused 261us total 20.248ms
08-03 18:51:59.213 22395 22408 I art     : Starting a blocking GC Explicit
08-03 18:51:59.231 22395 22408 I art     : Explicit concurrent mark sweep GC freed 3(96B) AllocSpace objects, 0(0B) LOS objects, 40% free, 22MB/38MB, paused 256us total 18.466ms
08-03 18:51:59.241 22395 22408 I art     : Starting a blocking GC Explicit
08-03 18:51:59.257 18789 22413 I Finsky  : [5613] dzn.a(22): Completed 0 account content syncs with 0 successful.
08-03 18:51:59.258 18789 18789 I Finsky  : [1] ContentSyncJob.a(1): [ContentSync] Installation state replication succeeded.
08-03 18:51:59.259 18789 18789 I Finsky  : [1] xlr.a(13): SCH: jobFinished: 12-1. TimeElapsed: 84ms.
08-03 18:51:59.259 22395 22408 I art     : Explicit concurrent mark sweep GC freed 3(96B) AllocSpace objects, 0(0B) LOS objects, 40% free, 22MB/38MB, paused 264us total 18.393ms
08-03 18:51:59.260 18789 18789 I Finsky  : [1] xkg.a(36): SCH: Job 12-1 finished. Not rescheduling.
08-03 18:51:59.261 18789 18789 I Finsky  : [1] xkf.handleMessage(61): SCH: RunningQueue size: 0, PendingQueue size: 0
08-03 18:51:59.261 18789 18789 I Finsky  : [1] xkf.handleMessage(25): Executor finished
08-03 18:51:59.279   512  2967 D audio_hw_primary: disable_audio_route: reset and update mixer path: low-latency-playback speaker
08-03 18:51:59.280   512  2967 D audio_hw_primary: disable_snd_device: snd_device(2: speaker)
08-03 18:51:59.283 18789 18789 I Finsky  : [1] xmu.a(8): SCH: Jobs in database: 1-1337 3-181 3-182 24-77777777 26-1414141414 
08-03 18:51:59.286 18789 18789 I Finsky  : [1] xio.a(57): SCH: ConstraintMapping: 24-77777777,  -> L: 0ms, D: 8049816ms, C: false, I: true, N: 0
08-03 18:51:59.287 18789 18789 I Finsky  : [1] xio.a(57): SCH: ConstraintMapping: 1-1337,  -> L: 11633621ms, D: 54833621ms, C: false, I: false, N: 1
08-03 18:51:59.287 18789 18789 I Finsky  : [1] xio.a(57): SCH: ConstraintMapping: 3-181,  -> L: 0ms, D: 86089929ms, C: false, I: true, N: 2
08-03 18:51:59.288   512  2967 I soundtrigger: audio_extn_sound_trigger_update_device_status: device 0x2 of type 0 for Event 0
08-03 18:51:59.288 18789 18789 I Finsky  : [1] xio.a(57): SCH: ConstraintMapping: 3-182,  -> L: 0ms, D: 86090002ms, C: true, I: true, N: 2
08-03 18:51:59.289 18789 18789 I Finsky  : [1] xio.a(57): SCH: ConstraintMapping: 26-1414141414,  -> L: 15705869ms, D: 16605869ms, C: false, I: false, N: 0
08-03 18:51:59.314 18789 18789 I Finsky  : [1] xle.a(34): Cancelling existing jobscheduler jobs: 9013 9009 9010 9012 9007 9001 9008 9019 
08-03 18:51:59.314 18789 18789 I Finsky  : [1] xle.a(10): Throttling wakeup for job 9000 (expected to run in 0 ms) due to recent wakeup
08-03 18:51:59.315 18789 18789 I Finsky  : [1] xle.a(27): Scheduling job Id: 9000, L: 30000, D: 8049816, C: false, I: true, N: 0
08-03 18:51:59.317 18789 18789 I Finsky  : [1] xle.a(27): Scheduling job Id: 9003, L: 11633621, D: 54833621, C: false, I: false, N: 1
08-03 18:51:59.320 18789 18789 I Finsky  : [1] xle.a(10): Throttling wakeup for job 9004 (expected to run in 0 ms) due to recent wakeup
08-03 18:51:59.321 18789 18789 I Finsky  : [1] xle.a(27): Scheduling job Id: 9004, L: 30000, D: 86089929, C: false, I: true, N: 2
08-03 18:51:59.322 18789 18789 I Finsky  : [1] xle.a(10): Throttling wakeup for job 9005 (expected to run in 0 ms) due to recent wakeup
08-03 18:51:59.322 18789 18789 I Finsky  : [1] xle.a(27): Scheduling job Id: 9005, L: 30000, D: 86090002, C: true, I: true, N: 2
08-03 18:51:59.324 18789 18789 I Finsky  : [1] xle.a(27): Scheduling job Id: 9006, L: 15705869, D: 16605869, C: false, I: false, N: 0
08-03 18:51:59.325 18789 18789 I Finsky  : [1] xle.a(10): Throttling wakeup for job 9011 (expected to run in 0 ms) due to recent wakeup
08-03 18:51:59.326 18789 18789 I Finsky  : [1] xle.a(27): Scheduling job Id: 9011, L: 30000, D: 8049816, C: false, I: true, N: 0
08-03 18:51:59.328 18789 18789 I Finsky  : [1] xle.a(27): Scheduling job Id: 9014, L: 11633621, D: 54833621, C: false, I: false, N: 1
08-03 18:51:59.329 18789 18789 I Finsky  : [1] xle.a(10): Throttling wakeup for job 9015 (expected to run in 0 ms) due to recent wakeup
08-03 18:51:59.330 18789 18789 I Finsky  : [1] xle.a(27): Scheduling job Id: 9015, L: 30000, D: 86089929, C: false, I: true, N: 2
08-03 18:51:59.331 18789 18789 I Finsky  : [1] xle.a(10): Throttling wakeup for job 9016 (expected to run in 0 ms) due to recent wakeup
08-03 18:51:59.331 18789 18789 I Finsky  : [1] xle.a(27): Scheduling job Id: 9016, L: 30000, D: 86090002, C: true, I: true, N: 2
08-03 18:51:59.333 18789 18789 I Finsky  : [1] xle.a(27): Scheduling job Id: 9017, L: 15705869, D: 16605869, C: false, I: false, N: 0
08-03 18:51:59.532 22395 22423 I art     : Starting a blocking GC Explicit
08-03 18:51:59.559 22395 22423 I art     : Explicit concurrent mark sweep GC freed 1390(81KB) AllocSpace objects, 1(20KB) LOS objects, 40% free, 22MB/38MB, paused 368us total 25.647ms
08-03 18:51:59.573 22395 22423 I art     : Starting a blocking GC Explicit
08-03 18:51:59.594 22395 22423 I art     : Explicit concurrent mark sweep GC freed 25(816B) AllocSpace objects, 0(0B) LOS objects, 40% free, 22MB/38MB, paused 297us total 21.253ms
08-03 18:51:59.605 22395 22423 I art     : Starting a blocking GC Explicit
08-03 18:51:59.627 22395 22423 I art     : Explicit concurrent mark sweep GC freed 3(96B) AllocSpace objects, 0(0B) LOS objects, 40% free, 22MB/38MB, paused 290us total 21.635ms
08-03 18:51:59.637 22395 22423 I art     : Starting a blocking GC Explicit
08-03 18:51:59.659 22395 22423 I art     : Explicit concurrent mark sweep GC freed 3(96B) AllocSpace objects, 0(0B) LOS objects, 40% free, 22MB/38MB, paused 292us total 21.413ms
08-03 18:51:59.669 22395 22423 I art     : Starting a blocking GC Explicit
08-03 18:51:59.691 22395 22423 I art     : Explicit concurrent mark sweep GC freed 3(96B) AllocSpace objects, 0(0B) LOS objects, 40% free, 22MB/38MB, paused 277us total 21.643ms
08-03 18:51:59.981 22395 22407 I art     : Starting a blocking GC Explicit
08-03 18:52:00.003 22395 22407 I art     : Explicit concurrent mark sweep GC freed 1360(81KB) AllocSpace objects, 1(20KB) LOS objects, 40% free, 22MB/38MB, paused 295us total 21.256ms
08-03 18:52:00.013 22395 22407 I art     : Starting a blocking GC Explicit
08-03 18:52:00.034 22395 22407 I art     : Explicit concurrent mark sweep GC freed 23(752B) AllocSpace objects, 0(0B) LOS objects, 40% free, 22MB/38MB, paused 264us total 20.823ms
08-03 18:52:00.043 22395 22407 I art     : Starting a blocking GC Explicit
08-03 18:52:00.063 22395 22407 I art     : Explicit concurrent mark sweep GC freed 3(96B) AllocSpace objects, 0(0B) LOS objects, 40% free, 22MB/38MB, paused 269us total 18.910ms
08-03 18:52:00.072 22395 22407 I art     : Starting a blocking GC Explicit
08-03 18:52:00.092 22395 22407 I art     : Explicit concurrent mark sweep GC freed 3(96B) AllocSpace objects, 0(0B) LOS objects, 40% free, 22MB/38MB, paused 279us total 19.340ms
08-03 18:52:00.101 22395 22407 I art     : Starting a blocking GC Explicit
08-03 18:52:00.121 22395 22407 I art     : Explicit concurrent mark sweep GC freed 3(96B) AllocSpace objects, 0(0B) LOS objects, 40% free, 22MB/38MB, paused 272us total 19.264ms
08-03 18:52:00.400 22395 22408 I art     : Starting a blocking GC Explicit
08-03 18:52:00.423 22395 22408 I art     : Explicit concurrent mark sweep GC freed 1397(80KB) AllocSpace objects, 1(20KB) LOS objects, 40% free, 22MB/38MB, paused 297us total 22.847ms
08-03 18:52:00.435 22395 22408 I art     : Starting a blocking GC Explicit
08-03 18:52:00.456 22395 22408 I art     : Explicit concurrent mark sweep GC freed 27(880B) AllocSpace objects, 0(0B) LOS objects, 40% free, 22MB/38MB, paused 311us total 21.083ms
08-03 18:52:00.466 22395 22408 I art     : Starting a blocking GC Explicit
08-03 18:52:00.479 23038 23038 D AndroidRuntime: >>>>>> START com.android.internal.os.RuntimeInit uid 2000 <<<<<<
08-03 18:52:00.486 23038 23038 D AndroidRuntime: CheckJNI is OFF
08-03 18:52:00.488 22395 22408 I art     : Explicit concurrent mark sweep GC freed 6(192B) AllocSpace objects, 0(0B) LOS objects, 40% free, 22MB/38MB, paused 289us total 20.994ms
08-03 18:52:00.498 22395 22408 I art     : Starting a blocking GC Explicit
08-03 18:52:00.517 22395 22408 I art     : Explicit concurrent mark sweep GC freed 7(224B) AllocSpace objects, 0(0B) LOS objects, 40% free, 22MB/38MB, paused 284us total 19.036ms
08-03 18:52:00.527 22395 22408 I art     : Starting a blocking GC Explicit
08-03 18:52:00.528 23038 23038 D ICU     : No timezone override file found: /data/misc/zoneinfo/current/icu/icu_tzdata.dat
08-03 18:52:00.547 22395 22408 I art     : Explicit concurrent mark sweep GC freed 7(224B) AllocSpace objects, 0(0B) LOS objects, 40% free, 22MB/38MB, paused 284us total 19.537ms
08-03 18:52:00.568 23038 23038 I Radio-JNI: register_android_hardware_Radio DONE
08-03 18:52:00.595 23038 23038 D AndroidRuntime: Calling main entry com.android.commands.input.Input
08-03 18:52:00.597 23038 23038 I Input   : injectMotionEvent: MotionEvent { action=ACTION_DOWN, actionButton=0, id[0]=0, x[0]=409.0, y[0]=1034.0, toolType[0]=TOOL_TYPE_UNKNOWN, buttonState=0, metaState=0, flags=0x0, edgeFlags=0x0, pointerCount=1, historySize=0, eventTime=643937009, downTime=643937009, deviceId=0, source=0x1002 }
08-03 18:52:00.601 23038 23038 I Input   : injectMotionEvent: MotionEvent { action=ACTION_UP, actionButton=0, id[0]=0, x[0]=409.0, y[0]=1034.0, toolType[0]=TOOL_TYPE_UNKNOWN, buttonState=0, metaState=0, flags=0x0, edgeFlags=0x0, pointerCount=1, historySize=0, eventTime=643937009, downTime=643937009, deviceId=0, source=0x1002 }
08-03 18:52:00.602 23038 23038 D AndroidRuntime: Shutting down VM
08-03 18:52:00.666 22395 22395 D MainActivity: loadFragment(index: 5, args: null)
08-03 18:52:00.666 22395 22395 D MainActivity: loadFragment(tag: AddFeedFragment, args: null)
08-03 18:52:00.667 22395 22395 D MainActivity: saveLastNavFragment(tag: AddFeedFragment)
08-03 18:52:00.667   512  2967 D audio_hw_primary: out_set_parameters: enter: usecase(1: low-latency-playback) kvpairs: routing=2
08-03 18:52:00.668 22395 22395 D MainActivity: getLastNavFragment() -> AddFeedFragment
08-03 18:52:00.680   512  2967 D audio_hw_primary: select_devices: out_snd_device(2: speaker) in_snd_device(0: none)
08-03 18:52:00.681   512  2967 D msm8974_platform: platform_send_audio_calibration: sending audio calibration for snd_device(2) acdb_id(15)
08-03 18:52:00.681   512  2967 I soundtrigger: audio_extn_sound_trigger_update_device_status: device 0x2 of type 0 for Event 1
08-03 18:52:00.690   512  2967 D audio_hw_primary: enable_snd_device: snd_device(2: speaker)
08-03 18:52:00.692   512  2967 D audio_hw_primary: enable_audio_route: apply and update mixer path: low-latency-playback speaker
08-03 18:52:00.812 22395 22423 I art     : Starting a blocking GC Explicit
08-03 18:52:00.834 22395 22423 I art     : Explicit concurrent mark sweep GC freed 3481(208KB) AllocSpace objects, 2(40KB) LOS objects, 40% free, 23MB/38MB, paused 265us total 21.902ms
08-03 18:52:00.844 22395 22423 I art     : Starting a blocking GC Explicit
08-03 18:52:00.864 22395 22423 I art     : Explicit concurrent mark sweep GC freed 1370(83KB) AllocSpace objects, 2(56KB) LOS objects, 40% free, 22MB/38MB, paused 273us total 20.124ms
08-03 18:52:00.874 22395 22423 I art     : Starting a blocking GC Explicit
08-03 18:52:00.893 22395 22423 I art     : Explicit concurrent mark sweep GC freed 3(96B) AllocSpace objects, 0(0B) LOS objects, 40% free, 22MB/38MB, paused 273us total 18.944ms
08-03 18:52:00.903 22395 22423 I art     : Starting a blocking GC Explicit
08-03 18:52:00.922 22395 22423 I art     : Explicit concurrent mark sweep GC freed 3(96B) AllocSpace objects, 0(0B) LOS objects, 40% free, 22MB/38MB, paused 282us total 18.720ms
08-03 18:52:00.932 22395 22423 I art     : Starting a blocking GC Explicit
08-03 18:52:00.951 22395 22423 I art     : Explicit concurrent mark sweep GC freed 3(96B) AllocSpace objects, 0(0B) LOS objects, 40% free, 22MB/38MB, paused 273us total 18.944ms
08-03 18:52:01.103 13866 13866 I GoogleInputMethodServic: GoogleInputMethodService.onFinishInput():3138 
08-03 18:52:01.104 13866 13866 I GoogleInputMethodServic: GoogleInputMethodService.onStartInput():1808 
08-03 18:52:01.221 22395 22407 I art     : Starting a blocking GC Explicit
08-03 18:52:01.238   512  2967 D audio_hw_primary: disable_audio_route: reset and update mixer path: low-latency-playback speaker
08-03 18:52:01.239   512  2967 D audio_hw_primary: disable_snd_device: snd_device(2: speaker)
08-03 18:52:01.243 22395 22407 I art     : Explicit concurrent mark sweep GC freed 1490(85KB) AllocSpace objects, 1(20KB) LOS objects, 40% free, 22MB/38MB, paused 283us total 21.445ms
08-03 18:52:01.249   512  2967 I soundtrigger: audio_extn_sound_trigger_update_device_status: device 0x2 of type 0 for Event 0
08-03 18:52:01.254 22395 22407 I art     : Starting a blocking GC Explicit
08-03 18:52:01.273 22395 22407 I art     : Explicit concurrent mark sweep GC freed 125(6KB) AllocSpace objects, 0(0B) LOS objects, 40% free, 22MB/38MB, paused 276us total 18.885ms
08-03 18:52:01.283 22395 22407 I art     : Starting a blocking GC Explicit
08-03 18:52:01.302 22395 22407 I art     : Explicit concurrent mark sweep GC freed 3(96B) AllocSpace objects, 0(0B) LOS objects, 40% free, 22MB/38MB, paused 249us total 18.952ms
08-03 18:52:01.311 22395 22407 I art     : Starting a blocking GC Explicit
08-03 18:52:01.330 22395 22407 I art     : Explicit concurrent mark sweep GC freed 3(96B) AllocSpace objects, 0(0B) LOS objects, 40% free, 22MB/38MB, paused 251us total 18.693ms
08-03 18:52:01.340 22395 22407 I art     : Starting a blocking GC Explicit
08-03 18:52:01.360 22395 22407 I art     : Explicit concurrent mark sweep GC freed 3(96B) AllocSpace objects, 0(0B) LOS objects, 40% free, 22MB/38MB, paused 284us total 20.366ms
08-03 18:52:01.638 22395 22408 I art     : Starting a blocking GC Explicit
08-03 18:52:01.661 22395 22408 I art     : Explicit concurrent mark sweep GC freed 1389(80KB) AllocSpace objects, 1(20KB) LOS objects, 40% free, 22MB/38MB, paused 293us total 21.989ms
08-03 18:52:01.671 22395 22408 I art     : Starting a blocking GC Explicit
08-03 18:52:01.693 22395 22408 I art     : Explicit concurrent mark sweep GC freed 25(816B) AllocSpace objects, 0(0B) LOS objects, 40% free, 22MB/38MB, paused 303us total 21.606ms
08-03 18:52:01.703 22395 22408 I art     : Starting a blocking GC Explicit
08-03 18:52:01.725 22395 22408 I art     : Explicit concurrent mark sweep GC freed 3(96B) AllocSpace objects, 0(0B) LOS objects, 40% free, 22MB/38MB, paused 280us total 21.610ms
08-03 18:52:01.736 22395 22408 I art     : Starting a blocking GC Explicit
08-03 18:52:01.758 22395 22408 I art     : Explicit concurrent mark sweep GC freed 3(96B) AllocSpace objects, 0(0B) LOS objects, 40% free, 22MB/38MB, paused 297us total 22.231ms
08-03 18:52:01.769 22395 22408 I art     : Starting a blocking GC Explicit
08-03 18:52:01.791 22395 22408 I art     : Explicit concurrent mark sweep GC freed 3(96B) AllocSpace objects, 0(0B) LOS objects, 40% free, 22MB/38MB, paused 301us total 21.804ms
08-03 18:52:02.063 22395 22407 I art     : Starting a blocking GC Explicit
08-03 18:52:02.088 22395 22407 I art     : Explicit concurrent mark sweep GC freed 1359(79KB) AllocSpace objects, 1(20KB) LOS objects, 40% free, 22MB/38MB, paused 295us total 24.353ms
08-03 18:52:02.097 22395 22407 I art     : Starting a blocking GC Explicit
08-03 18:52:02.119 22395 22407 I art     : Explicit concurrent mark sweep GC freed 23(752B) AllocSpace objects, 0(0B) LOS objects, 40% free, 22MB/38MB, paused 279us total 21.192ms
08-03 18:52:02.129 22395 22407 I art     : Starting a blocking GC Explicit
08-03 18:52:02.149 22395 22407 I art     : Explicit concurrent mark sweep GC freed 3(96B) AllocSpace objects, 0(0B) LOS objects, 40% free, 22MB/38MB, paused 276us total 20.297ms
08-03 18:52:02.159 22395 22407 I art     : Starting a blocking GC Explicit
08-03 18:52:02.180 22395 22407 I art     : Explicit concurrent mark sweep GC freed 3(96B) AllocSpace objects, 0(0B) LOS objects, 40% free, 22MB/38MB, paused 279us total 20.529ms
08-03 18:52:02.190 22395 22407 I art     : Starting a blocking GC Explicit
08-03 18:52:02.212 22395 22407 I art     : Explicit concurrent mark sweep GC freed 3(96B) AllocSpace objects, 0(0B) LOS objects, 40% free, 22MB/38MB, paused 281us total 22.266ms
08-03 18:52:02.370 23091 23091 D AndroidRuntime: >>>>>> START com.android.internal.os.RuntimeInit uid 2000 <<<<<<
08-03 18:52:02.375 23091 23091 D AndroidRuntime: CheckJNI is OFF
08-03 18:52:02.416 23091 23091 D ICU     : No timezone override file found: /data/misc/zoneinfo/current/icu/icu_tzdata.dat
08-03 18:52:02.457 23091 23091 I Radio-JNI: register_android_hardware_Radio DONE
08-03 18:52:02.485 23091 23091 D AndroidRuntime: Calling main entry com.android.commands.input.Input
08-03 18:52:02.488 23091 23091 I Input   : injectMotionEvent: MotionEvent { action=ACTION_DOWN, actionButton=0, id[0]=0, x[0]=567.0, y[0]=714.0, toolType[0]=TOOL_TYPE_UNKNOWN, buttonState=0, metaState=0, flags=0x0, edgeFlags=0x0, pointerCount=1, historySize=0, eventTime=643938900, downTime=643938900, deviceId=0, source=0x1002 }
08-03 18:52:02.492 23091 23091 I Input   : injectMotionEvent: MotionEvent { action=ACTION_UP, actionButton=0, id[0]=0, x[0]=567.0, y[0]=714.0, toolType[0]=TOOL_TYPE_UNKNOWN, buttonState=0, metaState=0, flags=0x0, edgeFlags=0x0, pointerCount=1, historySize=0, eventTime=643938900, downTime=643938900, deviceId=0, source=0x1002 }
08-03 18:52:02.494 23091 23091 D AndroidRuntime: Shutting down VM
08-03 18:52:02.500   512  2967 D audio_hw_primary: out_set_parameters: enter: usecase(1: low-latency-playback) kvpairs: routing=2
08-03 18:52:02.514   512  2967 D audio_hw_primary: select_devices: out_snd_device(2: speaker) in_snd_device(0: none)
08-03 18:52:02.514   512  2967 D msm8974_platform: platform_send_audio_calibration: sending audio calibration for snd_device(2) acdb_id(15)
08-03 18:52:02.514 22395 22408 I art     : Starting a blocking GC Explicit
08-03 18:52:02.514   512  2967 I soundtrigger: audio_extn_sound_trigger_update_device_status: device 0x2 of type 0 for Event 1
08-03 18:52:02.524   512  2967 D audio_hw_primary: enable_snd_device: snd_device(2: speaker)
08-03 18:52:02.527   512  2967 D audio_hw_primary: enable_audio_route: apply and update mixer path: low-latency-playback speaker
08-03 18:52:02.528 22395 22935 D AntennapodHttpClient: Creating new instance of HTTP client
08-03 18:52:02.534 13866 13866 I GoogleInputMethodServic: GoogleInputMethodService.onFinishInput():3138 
08-03 18:52:02.535 13866 13866 I GoogleInputMethodServic: GoogleInputMethodService.onStartInput():1808 
08-03 18:52:02.539 22395 22408 I art     : Explicit concurrent mark sweep GC freed 2324(155KB) AllocSpace objects, 1(20KB) LOS objects, 40% free, 23MB/38MB, paused 968us total 24.963ms
08-03 18:52:02.550 22395 22408 I art     : Starting a blocking GC Explicit
08-03 18:52:02.575 22395 22408 I art     : Explicit concurrent mark sweep GC freed 2206(125KB) AllocSpace objects, 0(0B) LOS objects, 40% free, 23MB/39MB, paused 387us total 25.291ms
08-03 18:52:02.585 22395 22408 I art     : Starting a blocking GC Explicit
08-03 18:52:02.605 22395 22408 I art     : Explicit concurrent mark sweep GC freed 1637(89KB) AllocSpace objects, 1(220KB) LOS objects, 40% free, 23MB/38MB, paused 332us total 20.054ms
08-03 18:52:02.617 22395 22408 I art     : Starting a blocking GC Explicit
08-03 18:52:02.638 22395 22408 I art     : Explicit concurrent mark sweep GC freed 195(17KB) AllocSpace objects, 0(0B) LOS objects, 40% free, 23MB/38MB, paused 375us total 21.424ms
08-03 18:52:02.648 22395 22408 I art     : Starting a blocking GC Explicit
08-03 18:52:02.669 22395 22408 I art     : Explicit concurrent mark sweep GC freed 25(1200B) AllocSpace objects, 0(0B) LOS objects, 40% free, 23MB/38MB, paused 365us total 21.093ms
08-03 18:52:02.927 22395 22935 I NAPPA_EXPERIMENTATION: MetricNetworkRequestExecutionTime: REQUEST_DURATION_SYSTEM='372',REQUEST_DURATION_OKHTTP='156',REQUEST_SYNCHRONOUS='TRUE',RESPONSE_CODE='400',RESPONSE_METHOD='GET',RESPONSE_LENGTH_OKHTTP='0',RESPONSE_LENGTH_HEADER='0',REQUEST_PROTOCOL='h2',REQUEST_URL='https://itunes.apple.com/en/rss/toppodcasts/limit=25/explicit=true/json',
08-03 18:52:02.934 22395 22423 I art     : Starting a blocking GC Explicit
08-03 18:52:02.960 22395 22423 I art     : Explicit concurrent mark sweep GC freed 9221(492KB) AllocSpace objects, 4(220KB) LOS objects, 40% free, 23MB/39MB, paused 552us total 26.328ms
08-03 18:52:02.971 22395 22423 I art     : Starting a blocking GC Explicit
08-03 18:52:02.995 22395 22423 I art     : Explicit concurrent mark sweep GC freed 1048(119KB) AllocSpace objects, 0(0B) LOS objects, 40% free, 23MB/39MB, paused 424us total 23.505ms
08-03 18:52:03.005 22395 22423 I art     : Starting a blocking GC Explicit
08-03 18:52:03.027 22395 22423 I art     : Explicit concurrent mark sweep GC freed 13(480B) AllocSpace objects, 0(0B) LOS objects, 40% free, 23MB/39MB, paused 509us total 22.308ms
08-03 18:52:03.037 22395 22423 I art     : Starting a blocking GC Explicit
08-03 18:52:03.060 22395 22423 I art     : Explicit concurrent mark sweep GC freed 13(480B) AllocSpace objects, 0(0B) LOS objects, 40% free, 23MB/39MB, paused 416us total 22.507ms
08-03 18:52:03.069   512  2967 D audio_hw_primary: disable_audio_route: reset and update mixer path: low-latency-playback speaker
08-03 18:52:03.070   512  2967 D audio_hw_primary: disable_snd_device: snd_device(2: speaker)
08-03 18:52:03.070 22395 22423 I art     : Starting a blocking GC Explicit
08-03 18:52:03.076 22395 22935 I NAPPA_EXPERIMENTATION: MetricNetworkRequestExecutionTime: REQUEST_DURATION_SYSTEM='147',REQUEST_DURATION_OKHTTP='143',REQUEST_SYNCHRONOUS='TRUE',RESPONSE_CODE='200',RESPONSE_METHOD='GET',RESPONSE_LENGTH_OKHTTP='-1',RESPONSE_LENGTH_HEADER='10075',REQUEST_PROTOCOL='h2',REQUEST_URL='https://itunes.apple.com/us/rss/toppodcasts/limit=25/explicit=true/json',
08-03 18:52:03.077   512  2967 I soundtrigger: audio_extn_sound_trigger_update_device_status: device 0x2 of type 0 for Event 0
08-03 18:52:03.095 22395 22423 I art     : Explicit concurrent mark sweep GC freed 1622(116KB) AllocSpace objects, 3(252KB) LOS objects, 40% free, 23MB/39MB, paused 952us total 24.945ms
08-03 18:52:03.164 22395 22395 D AntennapodHttpClient: Creating new instance of HTTP client
08-03 18:52:03.179 22395 23139 D ApOkHttpUrlLoader: buildLoadData() called with: model = [https://is4-ssl.mzstatic.com/image/thumb/Podcasts114/v4/3f/16/74/3f167426-bf50-ce3a-d709-e4301620fc5b/mza_5832671293059882550.jpeg/170x170bb.png], width = [224], height = [224]
08-03 18:52:03.184 22395 23140 D ApOkHttpUrlLoader: buildLoadData() called with: model = [https://is4-ssl.mzstatic.com/image/thumb/Podcasts113/v4/e5/8a/10/e58a108f-f5d0-f622-c94a-13f66edd570c/mza_3025981348644196724.jpg/170x170bb.png], width = [224], height = [224]
08-03 18:52:03.188 22395 23141 D ApOkHttpUrlLoader: buildLoadData() called with: model = [https://is2-ssl.mzstatic.com/image/thumb/Podcasts113/v4/a9/39/cc/a939ccc5-6d60-0c11-0a4c-16d71cdef89b/mza_8787577209688278658.jpg/170x170bb.png], width = [224], height = [224]
08-03 18:52:03.193 22395 23142 D ApOkHttpUrlLoader: buildLoadData() called with: model = [https://is5-ssl.mzstatic.com/image/thumb/Podcasts114/v4/93/cf/99/93cf9960-fff3-205e-6655-72c03ddeccb2/mza_10545582232493904175.jpeg/170x170bb.png], width = [224], height = [224]
08-03 18:52:03.196 22395 23143 D DBReader: getImageAuthentication() called with: imageUrl = [https://is4-ssl.mzstatic.com/image/thumb/Podcasts113/v4/e5/8a/10/e58a108f-f5d0-f622-c94a-13f66edd570c/mza_3025981348644196724.jpg/170x170bb.png]
08-03 18:52:03.196 22395 23140 D ApOkHttpUrlLoader: buildLoadData() called with: model = [https://is4-ssl.mzstatic.com/image/thumb/Podcasts124/v4/49/a4/91/49a491b7-3daf-c5dc-d7c6-6c4f1486955c/mza_5930014091766152297.png/170x170bb.png], width = [224], height = [224]
08-03 18:52:03.197 22395 23144 D DBReader: getImageAuthentication() called with: imageUrl = [https://is2-ssl.mzstatic.com/image/thumb/Podcasts113/v4/a9/39/cc/a939ccc5-6d60-0c11-0a4c-16d71cdef89b/mza_8787577209688278658.jpg/170x170bb.png]
08-03 18:52:03.198 22395 23145 D DBReader: getImageAuthentication() called with: imageUrl = [https://is4-ssl.mzstatic.com/image/thumb/Podcasts114/v4/3f/16/74/3f167426-bf50-ce3a-d709-e4301620fc5b/mza_5832671293059882550.jpeg/170x170bb.png]
08-03 18:52:03.198 22395 23146 D DBReader: getImageAuthentication() called with: imageUrl = [https://is5-ssl.mzstatic.com/image/thumb/Podcasts114/v4/93/cf/99/93cf9960-fff3-205e-6655-72c03ddeccb2/mza_10545582232493904175.jpeg/170x170bb.png]
08-03 18:52:03.198 22395 23147 D DBReader: getImageAuthentication() called with: imageUrl = [https://is4-ssl.mzstatic.com/image/thumb/Podcasts124/v4/49/a4/91/49a491b7-3daf-c5dc-d7c6-6c4f1486955c/mza_5930014091766152297.png/170x170bb.png]
08-03 18:52:03.199 22395 23143 D ApOkHttpUrlLoader: no credentials for 'https://is4-ssl.mzstatic.com/image/thumb/Podcasts113/v4/e5/8a/10/e58a108f-f5d0-f622-c94a-13f66edd570c/mza_3025981348644196724.jpg/170x170bb.png'
08-03 18:52:03.200 22395 23142 D ApOkHttpUrlLoader: buildLoadData() called with: model = [https://is5-ssl.mzstatic.com/image/thumb/Podcasts113/v4/fd/54/6e/fd546ea0-7ab2-e3f0-6049-884d82917af9/mza_4855349695799758348.jpeg/170x170bb.png], width = [224], height = [224]
08-03 18:52:03.201 22395 23144 D ApOkHttpUrlLoader: no credentials for 'https://is2-ssl.mzstatic.com/image/thumb/Podcasts113/v4/a9/39/cc/a939ccc5-6d60-0c11-0a4c-16d71cdef89b/mza_8787577209688278658.jpg/170x170bb.png'
08-03 18:52:03.203 22395 23146 D ApOkHttpUrlLoader: no credentials for 'https://is5-ssl.mzstatic.com/image/thumb/Podcasts114/v4/93/cf/99/93cf9960-fff3-205e-6655-72c03ddeccb2/mza_10545582232493904175.jpeg/170x170bb.png'
08-03 18:52:03.203 22395 23148 D DBReader: getImageAuthentication() called with: imageUrl = [https://is5-ssl.mzstatic.com/image/thumb/Podcasts113/v4/fd/54/6e/fd546ea0-7ab2-e3f0-6049-884d82917af9/mza_4855349695799758348.jpeg/170x170bb.png]
08-03 18:52:03.203 22395 23147 D ApOkHttpUrlLoader: no credentials for 'https://is4-ssl.mzstatic.com/image/thumb/Podcasts124/v4/49/a4/91/49a491b7-3daf-c5dc-d7c6-6c4f1486955c/mza_5930014091766152297.png/170x170bb.png'
08-03 18:52:03.203 22395 23145 D ApOkHttpUrlLoader: no credentials for 'https://is4-ssl.mzstatic.com/image/thumb/Podcasts114/v4/3f/16/74/3f167426-bf50-ce3a-d709-e4301620fc5b/mza_5832671293059882550.jpeg/170x170bb.png'
08-03 18:52:03.204 22395 23139 D ApOkHttpUrlLoader: buildLoadData() called with: model = [https://is2-ssl.mzstatic.com/image/thumb/Podcasts114/v4/b3/4c/cf/b34ccfc2-cea4-1ca1-0fad-7793af301cc5/mza_2466085192629456364.jpg/170x170bb.png], width = [224], height = [224]
08-03 18:52:03.206 22395 23148 D ApOkHttpUrlLoader: no credentials for 'https://is5-ssl.mzstatic.com/image/thumb/Podcasts113/v4/fd/54/6e/fd546ea0-7ab2-e3f0-6049-884d82917af9/mza_4855349695799758348.jpeg/170x170bb.png'
08-03 18:52:03.208 22395 23149 D DBReader: getImageAuthentication() called with: imageUrl = [https://is2-ssl.mzstatic.com/image/thumb/Podcasts114/v4/b3/4c/cf/b34ccfc2-cea4-1ca1-0fad-7793af301cc5/mza_2466085192629456364.jpg/170x170bb.png]
08-03 18:52:03.210 22395 23149 D ApOkHttpUrlLoader: no credentials for 'https://is2-ssl.mzstatic.com/image/thumb/Podcasts114/v4/b3/4c/cf/b34ccfc2-cea4-1ca1-0fad-7793af301cc5/mza_2466085192629456364.jpg/170x170bb.png'
08-03 18:52:03.362 22395 22423 I art     : Starting a blocking GC Explicit
08-03 18:52:03.404 22395 22423 I art     : Explicit concurrent mark sweep GC freed 15298(920KB) AllocSpace objects, 4(240KB) LOS objects, 39% free, 24MB/40MB, paused 1.496ms total 41.803ms
08-03 18:52:03.415 22395 22423 I art     : Starting a blocking GC Explicit
08-03 18:52:03.454 22395 22423 I art     : Explicit concurrent mark sweep GC freed 20273(914KB) AllocSpace objects, 1(80KB) LOS objects, 39% free, 24MB/40MB, paused 1.153ms total 39.007ms
08-03 18:52:03.464 22395 22423 I art     : Starting a blocking GC Explicit
08-03 18:52:03.491 22395 22423 I art     : Explicit concurrent mark sweep GC freed 6093(396KB) AllocSpace objects, 0(0B) LOS objects, 39% free, 24MB/40MB, paused 969us total 26.343ms
08-03 18:52:03.501 22395 22423 I art     : Starting a blocking GC Explicit
08-03 18:52:03.527 22395 22423 I art     : Explicit concurrent mark sweep GC freed 354(12KB) AllocSpace objects, 0(0B) LOS objects, 39% free, 24MB/40MB, paused 987us total 25.811ms
08-03 18:52:03.537 22395 22423 I art     : Starting a blocking GC Explicit
08-03 18:52:03.563 22395 22423 I art     : Explicit concurrent mark sweep GC freed 7(272B) AllocSpace objects, 0(0B) LOS objects, 39% free, 24MB/40MB, paused 925us total 25.423ms
08-03 18:52:03.635 22395 23143 D MYTAG   : interceptor 2a
08-03 18:52:03.635 22395 23143 I NAPPA_EXPERIMENTATION: MetricNetworkRequestExecutionTime: REQUEST_DURATION_SYSTEM='436',REQUEST_DURATION_OKHTTP='206',REQUEST_SYNCHRONOUS='TRUE',RESPONSE_CODE='200',RESPONSE_METHOD='GET',RESPONSE_LENGTH_OKHTTP='45995',RESPONSE_LENGTH_HEADER='45995',REQUEST_PROTOCOL='h2',REQUEST_URL='https://is4-ssl.mzstatic.com/image/thumb/Podcasts113/v4/e5/8a/10/e58a108f-f5d0-f622-c94a-13f66edd570c/mza_3025981348644196724.jpg/170x170bb.png',
08-03 18:52:03.688 22395 23145 D MYTAG   : interceptor 2a
08-03 18:52:03.688 22395 23145 I NAPPA_EXPERIMENTATION: MetricNetworkRequestExecutionTime: REQUEST_DURATION_SYSTEM='485',REQUEST_DURATION_OKHTTP='247',REQUEST_SYNCHRONOUS='TRUE',RESPONSE_CODE='200',RESPONSE_METHOD='GET',RESPONSE_LENGTH_OKHTTP='26177',RESPONSE_LENGTH_HEADER='26177',REQUEST_PROTOCOL='h2',REQUEST_URL='https://is4-ssl.mzstatic.com/image/thumb/Podcasts114/v4/3f/16/74/3f167426-bf50-ce3a-d709-e4301620fc5b/mza_5832671293059882550.jpeg/170x170bb.png',
08-03 18:52:03.720 22395 23146 D MYTAG   : interceptor 2a
08-03 18:52:03.720 22395 23146 I NAPPA_EXPERIMENTATION: MetricNetworkRequestExecutionTime: REQUEST_DURATION_SYSTEM='517',REQUEST_DURATION_OKHTTP='278',REQUEST_SYNCHRONOUS='TRUE',RESPONSE_CODE='200',RESPONSE_METHOD='GET',RESPONSE_LENGTH_OKHTTP='22351',RESPONSE_LENGTH_HEADER='22351',REQUEST_PROTOCOL='h2',REQUEST_URL='https://is5-ssl.mzstatic.com/image/thumb/Podcasts114/v4/93/cf/99/93cf9960-fff3-205e-6655-72c03ddeccb2/mza_10545582232493904175.jpeg/170x170bb.png',
08-03 18:52:03.727 22395 23149 D MYTAG   : interceptor 2a
08-03 18:52:03.727 22395 23149 I NAPPA_EXPERIMENTATION: MetricNetworkRequestExecutionTime: REQUEST_DURATION_SYSTEM='517',REQUEST_DURATION_OKHTTP='276',REQUEST_SYNCHRONOUS='TRUE',RESPONSE_CODE='200',RESPONSE_METHOD='GET',RESPONSE_LENGTH_OKHTTP='42299',RESPONSE_LENGTH_HEADER='42299',REQUEST_PROTOCOL='h2',REQUEST_URL='https://is2-ssl.mzstatic.com/image/thumb/Podcasts114/v4/b3/4c/cf/b34ccfc2-cea4-1ca1-0fad-7793af301cc5/mza_2466085192629456364.jpg/170x170bb.png',
08-03 18:52:03.736 22395 23148 D MYTAG   : interceptor 2a
08-03 18:52:03.737 22395 23148 I NAPPA_EXPERIMENTATION: MetricNetworkRequestExecutionTime: REQUEST_DURATION_SYSTEM='530',REQUEST_DURATION_OKHTTP='281',REQUEST_SYNCHRONOUS='TRUE',RESPONSE_CODE='200',RESPONSE_METHOD='GET',RESPONSE_LENGTH_OKHTTP='54835',RESPONSE_LENGTH_HEADER='54835',REQUEST_PROTOCOL='h2',REQUEST_URL='https://is5-ssl.mzstatic.com/image/thumb/Podcasts113/v4/fd/54/6e/fd546ea0-7ab2-e3f0-6049-884d82917af9/mza_4855349695799758348.jpeg/170x170bb.png',
08-03 18:52:03.755 22395 23147 D MYTAG   : interceptor 2a
08-03 18:52:03.755 22395 23147 I NAPPA_EXPERIMENTATION: MetricNetworkRequestExecutionTime: REQUEST_DURATION_SYSTEM='552',REQUEST_DURATION_OKHTTP='298',REQUEST_SYNCHRONOUS='TRUE',RESPONSE_CODE='200',RESPONSE_METHOD='GET',RESPONSE_LENGTH_OKHTTP='12000',RESPONSE_LENGTH_HEADER='12000',REQUEST_PROTOCOL='h2',REQUEST_URL='https://is4-ssl.mzstatic.com/image/thumb/Podcasts124/v4/49/a4/91/49a491b7-3daf-c5dc-d7c6-6c4f1486955c/mza_5930014091766152297.png/170x170bb.png',
08-03 18:52:03.766 22395 23144 D MYTAG   : interceptor 2a
08-03 18:52:03.766 22395 23144 I NAPPA_EXPERIMENTATION: MetricNetworkRequestExecutionTime: REQUEST_DURATION_SYSTEM='565',REQUEST_DURATION_OKHTTP='313',REQUEST_SYNCHRONOUS='TRUE',RESPONSE_CODE='200',RESPONSE_METHOD='GET',RESPONSE_LENGTH_OKHTTP='48239',RESPONSE_LENGTH_HEADER='48239',REQUEST_PROTOCOL='h2',REQUEST_URL='https://is2-ssl.mzstatic.com/image/thumb/Podcasts113/v4/a9/39/cc/a939ccc5-6d60-0c11-0a4c-16d71cdef89b/mza_8787577209688278658.jpg/170x170bb.png',
08-03 18:52:03.837 22395 22408 I art     : Starting a blocking GC Explicit
08-03 18:52:03.864 22395 22408 I art     : Explicit concurrent mark sweep GC freed 5211(313KB) AllocSpace objects, 1(20KB) LOS objects, 38% free, 25MB/41MB, paused 700us total 26.996ms
08-03 18:52:03.875 22395 22408 I art     : Starting a blocking GC Explicit
08-03 18:52:03.900 22395 22408 I art     : Explicit concurrent mark sweep GC freed 67(3KB) AllocSpace objects, 0(0B) LOS objects, 38% free, 25MB/41MB, paused 662us total 25.171ms
08-03 18:52:03.910 22395 22408 I art     : Starting a blocking GC Explicit
08-03 18:52:03.936 22395 22408 I art     : Explicit concurrent mark sweep GC freed 3(96B) AllocSpace objects, 0(0B) LOS objects, 38% free, 25MB/41MB, paused 688us total 25.384ms
08-03 18:52:03.946 22395 22408 I art     : Starting a blocking GC Explicit
08-03 18:52:03.974 22395 22408 I art     : Explicit concurrent mark sweep GC freed 3(96B) AllocSpace objects, 0(0B) LOS objects, 38% free, 25MB/41MB, paused 695us total 26.914ms
08-03 18:52:03.984 22395 22408 I art     : Starting a blocking GC Explicit
08-03 18:52:04.011 22395 22408 I art     : Explicit concurrent mark sweep GC freed 3(96B) AllocSpace objects, 0(0B) LOS objects, 38% free, 25MB/41MB, paused 714us total 26.827ms
08-03 18:52:04.327 22395 22407 I art     : Starting a blocking GC Explicit
08-03 18:52:04.360 22395 22407 I art     : Explicit concurrent mark sweep GC freed 1360(79KB) AllocSpace objects, 1(20KB) LOS objects, 38% free, 25MB/41MB, paused 694us total 32.001ms
08-03 18:52:04.371 22395 22407 I art     : Starting a blocking GC Explicit
08-03 18:52:04.398 22395 22407 I art     : Explicit concurrent mark sweep GC freed 23(752B) AllocSpace objects, 0(0B) LOS objects, 38% free, 25MB/41MB, paused 697us total 26.701ms
08-03 18:52:04.409 22395 22407 I art     : Starting a blocking GC Explicit
08-03 18:52:04.436 22395 22407 I art     : Explicit concurrent mark sweep GC freed 32(880B) AllocSpace objects, 0(0B) LOS objects, 38% free, 25MB/41MB, paused 691us total 27.434ms
08-03 18:52:04.447 22395 22407 I art     : Starting a blocking GC Explicit
08-03 18:52:04.475 22395 22407 I art     : Explicit concurrent mark sweep GC freed 3(96B) AllocSpace objects, 0(0B) LOS objects, 38% free, 25MB/41MB, paused 696us total 27.209ms
08-03 18:52:04.486 22395 22407 I art     : Starting a blocking GC Explicit
08-03 18:52:04.515 22395 22407 I art     : Explicit concurrent mark sweep GC freed 3(96B) AllocSpace objects, 0(0B) LOS objects, 38% free, 25MB/41MB, paused 708us total 28.238ms
08-03 18:52:04.842 22395 22423 I art     : Starting a blocking GC Explicit
08-03 18:52:04.874 22395 22423 I art     : Explicit concurrent mark sweep GC freed 1377(80KB) AllocSpace objects, 1(20KB) LOS objects, 38% free, 25MB/41MB, paused 761us total 31.621ms
08-03 18:52:04.886 22395 22423 I art     : Starting a blocking GC Explicit
08-03 18:52:04.914 22395 22423 I art     : Explicit concurrent mark sweep GC freed 28(912B) AllocSpace objects, 0(0B) LOS objects, 38% free, 25MB/41MB, paused 730us total 28.268ms
08-03 18:52:04.926 22395 22423 I art     : Starting a blocking GC Explicit
08-03 18:52:04.954 22395 22423 I art     : Explicit concurrent mark sweep GC freed 8(256B) AllocSpace objects, 0(0B) LOS objects, 38% free, 25MB/41MB, paused 655us total 27.800ms
08-03 18:52:04.966 22395 22423 I art     : Starting a blocking GC Explicit
08-03 18:52:04.994 22395 22423 I art     : Explicit concurrent mark sweep GC freed 4(128B) AllocSpace objects, 0(0B) LOS objects, 38% free, 25MB/41MB, paused 666us total 28.441ms
08-03 18:52:05.005 22395 22423 I art     : Starting a blocking GC Explicit
08-03 18:52:05.034 22395 22423 I art     : Explicit concurrent mark sweep GC freed 3(96B) AllocSpace objects, 0(0B) LOS objects, 38% free, 25MB/41MB, paused 735us total 28.375ms
08-03 18:52:05.374 22395 22408 I art     : Starting a blocking GC Explicit
08-03 18:52:05.413 22395 22408 I art     : Explicit concurrent mark sweep GC freed 1360(79KB) AllocSpace objects, 1(20KB) LOS objects, 38% free, 25MB/41MB, paused 777us total 38.137ms
08-03 18:52:05.429 22395 22408 I art     : Starting a blocking GC Explicit
08-03 18:52:05.459 22395 22408 I art     : Explicit concurrent mark sweep GC freed 52(1536B) AllocSpace objects, 0(0B) LOS objects, 38% free, 25MB/41MB, paused 729us total 29.665ms
08-03 18:52:05.470 22395 22408 I art     : Starting a blocking GC Explicit
08-03 18:52:05.500 22395 22408 I art     : Explicit concurrent mark sweep GC freed 3(96B) AllocSpace objects, 0(0B) LOS objects, 38% free, 25MB/41MB, paused 670us total 29.575ms
08-03 18:52:05.512 22395 22408 I art     : Starting a blocking GC Explicit
08-03 18:52:05.542 22395 22408 I art     : Explicit concurrent mark sweep GC freed 3(96B) AllocSpace objects, 0(0B) LOS objects, 38% free, 25MB/41MB, paused 707us total 30.104ms
08-03 18:52:05.554 22395 22408 I art     : Starting a blocking GC Explicit
08-03 18:52:05.584 22395 22408 I art     : Explicit concurrent mark sweep GC freed 3(96B) AllocSpace objects, 0(0B) LOS objects, 38% free, 25MB/41MB, paused 739us total 30.014ms
08-03 18:52:05.906 22395 22407 I art     : Starting a blocking GC Explicit
08-03 18:52:05.945 22395 22407 I art     : Explicit concurrent mark sweep GC freed 1360(79KB) AllocSpace objects, 1(20KB) LOS objects, 38% free, 25MB/41MB, paused 776us total 37.623ms
08-03 18:52:05.959 22395 22407 I art     : Starting a blocking GC Explicit
08-03 18:52:05.993 22395 22407 I art     : Explicit concurrent mark sweep GC freed 23(752B) AllocSpace objects, 0(0B) LOS objects, 38% free, 25MB/41MB, paused 723us total 33.509ms
08-03 18:52:06.004 22395 22407 I art     : Starting a blocking GC Explicit
08-03 18:52:06.014 15887 15887 I ServiceManager: Waiting for service AtCmdFwd...
08-03 18:52:06.035 22395 22407 I art     : Explicit concurrent mark sweep GC freed 3(96B) AllocSpace objects, 0(0B) LOS objects, 38% free, 25MB/41MB, paused 723us total 30.221ms
08-03 18:52:06.046 22395 22407 I art     : Starting a blocking GC Explicit
08-03 18:52:06.076 22395 22407 I art     : Explicit concurrent mark sweep GC freed 3(96B) AllocSpace objects, 0(0B) LOS objects, 38% free, 25MB/41MB, paused 705us total 29.729ms
08-03 18:52:06.088 22395 22407 I art     : Starting a blocking GC Explicit
08-03 18:52:06.117 22395 22407 I art     : Explicit concurrent mark sweep GC freed 3(96B) AllocSpace objects, 0(0B) LOS objects, 38% free, 25MB/41MB, paused 813us total 29.129ms
08-03 18:52:06.464 22395 22423 I art     : Starting a blocking GC Explicit
08-03 18:52:06.503 22395 22423 I art     : Explicit concurrent mark sweep GC freed 1389(80KB) AllocSpace objects, 1(20KB) LOS objects, 38% free, 25MB/41MB, paused 742us total 38.304ms
08-03 18:52:06.518 22395 22423 I art     : Starting a blocking GC Explicit
08-03 18:52:06.549 22395 22423 I art     : Explicit concurrent mark sweep GC freed 23(752B) AllocSpace objects, 0(0B) LOS objects, 38% free, 25MB/41MB, paused 736us total 30.717ms
08-03 18:52:06.561 22395 22423 I art     : Starting a blocking GC Explicit
08-03 18:52:06.591 22395 22423 I art     : Explicit concurrent mark sweep GC freed 3(96B) AllocSpace objects, 0(0B) LOS objects, 38% free, 25MB/41MB, paused 730us total 30.283ms
08-03 18:52:06.602 22395 22423 I art     : Starting a blocking GC Explicit
08-03 18:52:06.633 22395 22423 I art     : Explicit concurrent mark sweep GC freed 3(96B) AllocSpace objects, 0(0B) LOS objects, 38% free, 25MB/41MB, paused 718us total 30.016ms
08-03 18:52:06.644 22395 22423 I art     : Starting a blocking GC Explicit
08-03 18:52:06.674 22395 22423 I art     : Explicit concurrent mark sweep GC freed 3(96B) AllocSpace objects, 0(0B) LOS objects, 38% free, 25MB/41MB, paused 743us total 29.012ms
08-03 18:52:07.000 22395 22408 I art     : Starting a blocking GC Explicit
08-03 18:52:07.015 15887 15887 I ServiceManager: Waiting for service AtCmdFwd...
08-03 18:52:07.040 22395 22408 I art     : Explicit concurrent mark sweep GC freed 1360(79KB) AllocSpace objects, 1(20KB) LOS objects, 38% free, 25MB/41MB, paused 791us total 38.920ms
08-03 18:52:07.056 22395 22408 I art     : Starting a blocking GC Explicit
08-03 18:52:07.086 22395 22408 I art     : Explicit concurrent mark sweep GC freed 23(752B) AllocSpace objects, 0(0B) LOS objects, 38% free, 25MB/41MB, paused 732us total 29.966ms
08-03 18:52:07.097 22395 22408 I art     : Starting a blocking GC Explicit
08-03 18:52:07.128 22395 22408 I art     : Explicit concurrent mark sweep GC freed 3(96B) AllocSpace objects, 0(0B) LOS objects, 38% free, 25MB/41MB, paused 777us total 30.052ms
08-03 18:52:07.139 22395 22408 I art     : Starting a blocking GC Explicit
08-03 18:52:07.170 22395 22408 I art     : Explicit concurrent mark sweep GC freed 3(96B) AllocSpace objects, 0(0B) LOS objects, 38% free, 25MB/41MB, paused 673us total 30.152ms
08-03 18:52:07.181 22395 22408 I art     : Starting a blocking GC Explicit
08-03 18:52:07.211 22395 22408 I art     : Explicit concurrent mark sweep GC freed 3(96B) AllocSpace objects, 0(0B) LOS objects, 38% free, 25MB/41MB, paused 734us total 29.402ms
08-03 18:52:07.523 22395 22407 I art     : Starting a blocking GC Explicit
08-03 18:52:07.560 22395 22407 I art     : Explicit concurrent mark sweep GC freed 1389(80KB) AllocSpace objects, 1(20KB) LOS objects, 38% free, 25MB/41MB, paused 791us total 36.224ms
08-03 18:52:07.574 22395 22407 I art     : Starting a blocking GC Explicit
08-03 18:52:07.604 22395 22407 I art     : Explicit concurrent mark sweep GC freed 23(752B) AllocSpace objects, 0(0B) LOS objects, 38% free, 25MB/41MB, paused 645us total 30.116ms
08-03 18:52:07.615 22395 22407 I art     : Starting a blocking GC Explicit
08-03 18:52:07.645 22395 22407 I art     : Explicit concurrent mark sweep GC freed 3(96B) AllocSpace objects, 0(0B) LOS objects, 38% free, 25MB/41MB, paused 714us total 28.972ms
08-03 18:52:07.656 22395 22407 I art     : Starting a blocking GC Explicit
08-03 18:52:07.686 22395 22407 I art     : Explicit concurrent mark sweep GC freed 3(96B) AllocSpace objects, 0(0B) LOS objects, 38% free, 25MB/41MB, paused 704us total 29.596ms
08-03 18:52:07.698 22395 22407 I art     : Starting a blocking GC Explicit
08-03 18:52:07.728 22395 22407 I art     : Explicit concurrent mark sweep GC freed 3(96B) AllocSpace objects, 0(0B) LOS objects, 38% free, 25MB/41MB, paused 815us total 29.775ms
08-03 18:52:08.016 15887 15887 I ServiceManager: Waiting for service AtCmdFwd...
08-03 18:52:08.046 22395 22423 I art     : Starting a blocking GC Explicit
08-03 18:52:08.047   918 13198 D NetlinkSocketObserver: NeighborEvent{elapsedMs=1627331922, 192.168.2.254, [7C3953A63323], RTM_NEWNEIGH, NUD_PROBE}
08-03 18:52:08.080 22395 22423 I art     : Explicit concurrent mark sweep GC freed 1360(79KB) AllocSpace objects, 1(20KB) LOS objects, 38% free, 25MB/41MB, paused 755us total 33.984ms
08-03 18:52:08.093 22395 22423 I art     : Starting a blocking GC Explicit
08-03 18:52:08.124 22395 22423 I art     : Explicit concurrent mark sweep GC freed 23(752B) AllocSpace objects, 0(0B) LOS objects, 38% free, 25MB/41MB, paused 736us total 30.399ms
08-03 18:52:08.135 22395 22423 I art     : Starting a blocking GC Explicit
08-03 18:52:08.165 22395 22423 I art     : Explicit concurrent mark sweep GC freed 3(96B) AllocSpace objects, 0(0B) LOS objects, 38% free, 25MB/41MB, paused 702us total 29.367ms
08-03 18:52:08.176 22395 22423 I art     : Starting a blocking GC Explicit
08-03 18:52:08.206 22395 22423 I art     : Explicit concurrent mark sweep GC freed 3(96B) AllocSpace objects, 0(0B) LOS objects, 38% free, 25MB/41MB, paused 771us total 29.178ms
08-03 18:52:08.217 22395 22423 I art     : Starting a blocking GC Explicit
08-03 18:52:08.248 22395 22423 I art     : Explicit concurrent mark sweep GC freed 3(96B) AllocSpace objects, 0(0B) LOS objects, 38% free, 25MB/41MB, paused 766us total 30.446ms
08-03 18:52:08.557 22395 22408 I art     : Starting a blocking GC Explicit
08-03 18:52:08.592 22395 22408 I art     : Explicit concurrent mark sweep GC freed 1389(80KB) AllocSpace objects, 1(20KB) LOS objects, 38% free, 25MB/41MB, paused 762us total 35.441ms
08-03 18:52:08.606 22395 22408 I art     : Starting a blocking GC Explicit
08-03 18:52:08.636 22395 22408 I art     : Explicit concurrent mark sweep GC freed 23(752B) AllocSpace objects, 0(0B) LOS objects, 38% free, 25MB/41MB, paused 719us total 30.656ms
08-03 18:52:08.648 22395 22408 I art     : Starting a blocking GC Explicit
08-03 18:52:08.677 22395 22408 I art     : Explicit concurrent mark sweep GC freed 3(96B) AllocSpace objects, 0(0B) LOS objects, 38% free, 25MB/41MB, paused 826us total 29.036ms
08-03 18:52:08.689 22395 22408 I art     : Starting a blocking GC Explicit
08-03 18:52:08.719 22395 22408 I art     : Explicit concurrent mark sweep GC freed 3(96B) AllocSpace objects, 0(0B) LOS objects, 38% free, 25MB/41MB, paused 713us total 30.684ms
08-03 18:52:08.731 22395 22408 I art     : Starting a blocking GC Explicit
08-03 18:52:08.759 22395 22408 I art     : Explicit concurrent mark sweep GC freed 3(96B) AllocSpace objects, 0(0B) LOS objects, 38% free, 25MB/41MB, paused 668us total 28.305ms
08-03 18:52:09.017 15887 15887 I ServiceManager: Waiting for service AtCmdFwd...
08-03 18:52:09.091 22395 22407 I art     : Starting a blocking GC Explicit
08-03 18:52:09.123 22395 22407 I art     : Explicit concurrent mark sweep GC freed 1360(79KB) AllocSpace objects, 1(20KB) LOS objects, 38% free, 25MB/41MB, paused 723us total 31.490ms
08-03 18:52:09.134 22395 22407 I art     : Starting a blocking GC Explicit
08-03 18:52:09.163 22395 22407 I art     : Explicit concurrent mark sweep GC freed 23(752B) AllocSpace objects, 0(0B) LOS objects, 38% free, 25MB/41MB, paused 677us total 28.216ms
08-03 18:52:09.174 22395 22407 I art     : Starting a blocking GC Explicit
08-03 18:52:09.203 22395 22407 I art     : Explicit concurrent mark sweep GC freed 3(96B) AllocSpace objects, 0(0B) LOS objects, 38% free, 25MB/41MB, paused 700us total 28.781ms
08-03 18:52:09.214 22395 22407 I art     : Starting a blocking GC Explicit
08-03 18:52:09.244 22395 22407 I art     : Explicit concurrent mark sweep GC freed 3(96B) AllocSpace objects, 0(0B) LOS objects, 38% free, 25MB/41MB, paused 738us total 29.220ms
08-03 18:52:09.255 22395 22407 I art     : Starting a blocking GC Explicit
08-03 18:52:09.283 22395 22407 I art     : Explicit concurrent mark sweep GC freed 3(96B) AllocSpace objects, 0(0B) LOS objects, 38% free, 25MB/41MB, paused 700us total 27.517ms
08-03 18:52:09.315 23273 23273 D AndroidRuntime: >>>>>> START com.android.internal.os.RuntimeInit uid 2000 <<<<<<
08-03 18:52:09.322 23273 23273 D AndroidRuntime: CheckJNI is OFF
08-03 18:52:09.363 23273 23273 D ICU     : No timezone override file found: /data/misc/zoneinfo/current/icu/icu_tzdata.dat
08-03 18:52:09.407 23273 23273 I Radio-JNI: register_android_hardware_Radio DONE
08-03 18:52:09.435 23273 23273 D AndroidRuntime: Calling main entry com.android.commands.input.Input
08-03 18:52:09.438 23273 23273 I Input   : injectMotionEvent: MotionEvent { action=ACTION_DOWN, actionButton=0, id[0]=0, x[0]=616.0, y[0]=469.0, toolType[0]=TOOL_TYPE_UNKNOWN, buttonState=0, metaState=0, flags=0x0, edgeFlags=0x0, pointerCount=1, historySize=0, eventTime=643945850, downTime=643945850, deviceId=0, source=0x1002 }
08-03 18:52:09.443 23273 23273 I Input   : injectMotionEvent: MotionEvent { action=ACTION_UP, actionButton=0, id[0]=0, x[0]=616.0, y[0]=469.0, toolType[0]=TOOL_TYPE_UNKNOWN, buttonState=0, metaState=0, flags=0x0, edgeFlags=0x0, pointerCount=1, historySize=0, eventTime=643945850, downTime=643945850, deviceId=0, source=0x1002 }
08-03 18:52:09.445 23273 23273 D AndroidRuntime: Shutting down VM
08-03 18:52:09.512   512  2967 D audio_hw_primary: out_set_parameters: enter: usecase(1: low-latency-playback) kvpairs: routing=2
08-03 18:52:09.526   512  2967 D audio_hw_primary: select_devices: out_snd_device(2: speaker) in_snd_device(0: none)
08-03 18:52:09.526   512  2967 D msm8974_platform: platform_send_audio_calibration: sending audio calibration for snd_device(2) acdb_id(15)
08-03 18:52:09.526   512  2967 I soundtrigger: audio_extn_sound_trigger_update_device_status: device 0x2 of type 0 for Event 1
08-03 18:52:09.538   512  2967 D audio_hw_primary: enable_snd_device: snd_device(2: speaker)
08-03 18:52:09.541   512  2967 D audio_hw_primary: enable_audio_route: apply and update mixer path: low-latency-playback speaker
08-03 18:52:09.575 22395 22408 I art     : Starting a blocking GC Explicit
08-03 18:52:09.602 22395 22408 I art     : Explicit concurrent mark sweep GC freed 1625(90KB) AllocSpace objects, 1(20KB) LOS objects, 38% free, 25MB/41MB, paused 770us total 27.500ms
08-03 18:52:09.613 22395 22408 I art     : Starting a blocking GC Explicit
08-03 18:52:09.641 22395 22408 I art     : Explicit concurrent mark sweep GC freed 47(1664B) AllocSpace objects, 0(0B) LOS objects, 38% free, 25MB/41MB, paused 869us total 27.199ms
08-03 18:52:09.652 22395 22408 I art     : Starting a blocking GC Explicit
08-03 18:52:09.678 22395 22408 I art     : Explicit concurrent mark sweep GC freed 14(528B) AllocSpace objects, 0(0B) LOS objects, 38% free, 25MB/41MB, paused 789us total 26.378ms
08-03 18:52:09.689 22395 22408 I art     : Starting a blocking GC Explicit
08-03 18:52:09.716 22395 22408 I art     : Explicit concurrent mark sweep GC freed 15(544B) AllocSpace objects, 0(0B) LOS objects, 38% free, 25MB/41MB, paused 749us total 26.809ms
08-03 18:52:09.719 22395 22435 I NAPPA_EXPERIMENTATION: MetricNetworkRequestExecutionTime: REQUEST_DURATION_SYSTEM='208',REQUEST_DURATION_OKHTTP='207',REQUEST_SYNCHRONOUS='TRUE',RESPONSE_CODE='200',RESPONSE_METHOD='GET',RESPONSE_LENGTH_OKHTTP='-1',RESPONSE_LENGTH_HEADER='628',REQUEST_PROTOCOL='h2',REQUEST_URL='https://itunes.apple.com/lookup?id=1524080195',
08-03 18:52:09.727 22395 22408 I art     : Starting a blocking GC Explicit
08-03 18:52:09.743   918   929 I ActivityManager: START u0 {cmp=baseline.de.danoeh.antennapod.debug/baseline.de.danoeh.antennapod.activity.OnlineFeedViewActivity (has extras)} from uid 10633 on display 0
08-03 18:52:09.755 22395 22408 I art     : Explicit concurrent mark sweep GC freed 538(45KB) AllocSpace objects, 0(0B) LOS objects, 38% free, 25MB/41MB, paused 1.065ms total 27.366ms
08-03 18:52:09.762 13866 13866 I GoogleInputMethodServic: GoogleInputMethodService.onFinishInput():3138 
08-03 18:52:09.765 13866 13866 I GoogleInputMethodServic: GoogleInputMethodService.onStartInput():1808 
08-03 18:52:09.785 22395 22395 D UserPreferences: Using default data folder
08-03 18:52:09.786 22395 22395 D OnlineFeedViewActivity: Activity was started with url https://rss.art19.com/nice-white-parents
08-03 18:52:09.788 22395 22395 D OnlineFeedViewActivity: Starting feed download
08-03 18:52:09.793 22395 22419 D DBReader: Extracting Feedlist
08-03 18:52:09.800   918  3696 D WifiService: acquireWifiLockLocked: WifiLock{Downloader type=1 binder=android.os.BinderProxy@6428926}
08-03 18:52:09.800 22395 22419 D AntennapodHttpClient: Creating new instance of HTTP client
08-03 18:52:09.844 13866 13866 I GoogleInputMethodServic: GoogleInputMethodService.onFinishInput():3138 
08-03 18:52:09.845 13866 13866 I GoogleInputMethodServic: GoogleInputMethodService.onStartInput():1808 
08-03 18:52:09.881   918   936 I ActivityManager: Displayed baseline.de.danoeh.antennapod.debug/baseline.de.danoeh.antennapod.activity.OnlineFeedViewActivity: +118ms
08-03 18:52:10.018 15887 15887 I ServiceManager: Waiting for service AtCmdFwd...
08-03 18:52:10.032 22395 22408 I art     : Starting a blocking GC Explicit
08-03 18:52:10.061 22395 22408 I art     : Explicit concurrent mark sweep GC freed 8113(426KB) AllocSpace objects, 4(220KB) LOS objects, 37% free, 26MB/42MB, paused 751us total 28.634ms
08-03 18:52:10.072 22395 22408 I art     : Starting a blocking GC Explicit
08-03 18:52:10.078   512  2967 D audio_hw_primary: disable_audio_route: reset and update mixer path: low-latency-playback speaker
08-03 18:52:10.079   512  2967 D audio_hw_primary: disable_snd_device: snd_device(2: speaker)
08-03 18:52:10.088   512  2967 I soundtrigger: audio_extn_sound_trigger_update_device_status: device 0x2 of type 0 for Event 0
08-03 18:52:10.098 22395 22408 I art     : Explicit concurrent mark sweep GC freed 1256(131KB) AllocSpace objects, 0(0B) LOS objects, 37% free, 26MB/42MB, paused 801us total 25.815ms
08-03 18:52:10.109 22395 22408 I art     : Starting a blocking GC Explicit
08-03 18:52:10.114 22395 22419 D MYTAG   : interceptor 3a https://rss.art19.com/nice-white-parents
08-03 18:52:10.115 22395 22419 I NAPPA_EXPERIMENTATION: MetricNetworkRequestExecutionTime: REQUEST_DURATION_SYSTEM='312',REQUEST_DURATION_OKHTTP='153',REQUEST_SYNCHRONOUS='TRUE',RESPONSE_CODE='200',RESPONSE_METHOD='GET',RESPONSE_LENGTH_OKHTTP='-1',RESPONSE_LENGTH_HEADER='1803',REQUEST_PROTOCOL='h2',REQUEST_URL='https://rss.art19.com/nice-white-parents',
08-03 18:52:10.115 22395 22419 D HttpDownloader: Response code is 200
08-03 18:52:10.115 22395 22419 D UserPreferences: Using default data folder
08-03 18:52:10.117 22395 22419 D HttpDownloader: Getting size of download
08-03 18:52:10.117 22395 22419 D HttpDownloader: Size is -1
08-03 18:52:10.118 22395 22419 D UserPreferences: Using default data folder
08-03 18:52:10.118 22395 22419 D HttpDownloader: Free space is 20620447744
08-03 18:52:10.118 22395 22419 D HttpDownloader: Starting download
08-03 18:52:10.129 22395 22419 D HttpDownloader: Download was successful
08-03 18:52:10.131   918  5952 D WifiService: releaseWifiLockLocked: WifiLock{Downloader type=1 binder=android.os.BinderProxy@6428926}
08-03 18:52:10.131 22395 22395 D OnlineFeedViewActivity: Parsing feed
08-03 18:52:10.137   380   380 W SurfaceFlinger: couldn't log to binary event log: overflow.
08-03 18:52:10.138 22395 22408 I art     : Explicit concurrent mark sweep GC freed 326(47KB) AllocSpace objects, 0(0B) LOS objects, 37% free, 26MB/42MB, paused 1.385ms total 28.919ms
08-03 18:52:10.143 22395 23322 D TypeGetter: Recognized type RSS 2.0
08-03 18:52:10.149 22395 23322 D SyndHandler: Recognized ITunes namespace
08-03 18:52:10.149 22395 23322 D SyndHandler: Recognized Atom namespace
08-03 18:52:10.150 22395 22408 I art     : Starting a blocking GC Explicit
08-03 18:52:10.151 22395 23322 D SyndHandler: Recognized Content namespace
08-03 18:52:10.162 22395 23322 D OnlineFeedViewActivity: Deleted feed source file. Result: true
08-03 18:52:10.162 22395 22395 D OnlineFeedViewActivity: Removing HTML from shownotes
08-03 18:52:10.177 22395 22408 I art     : Explicit concurrent mark sweep GC freed 1224(199KB) AllocSpace objects, 3(60KB) LOS objects, 37% free, 26MB/42MB, paused 971us total 27.504ms
08-03 18:52:10.188 22395 22408 I art     : Starting a blocking GC Explicit
08-03 18:52:10.216 22395 22408 I art     : Explicit concurrent mark sweep GC freed 3759(158KB) AllocSpace objects, 0(0B) LOS objects, 37% free, 26MB/42MB, paused 1.256ms total 28.023ms
08-03 18:52:10.233 22395 22395 W art     : Before Android 4.1, method int androidx.appcompat.widget.DropDownListView.lookForSelectablePosition(int, boolean) would have incorrectly overridden the package-private method in android.widget.ListView
08-03 18:52:10.240 22395 22395 I ListPopupWindow: Could not find method setEpicenterBounds(Rect) on PopupWindow. Oh well.
08-03 18:52:10.248 22395 23326 D ApOkHttpUrlLoader: buildLoadData() called with: model = [https://content.production.cdn.art19.com/images/89/e0/88/44/89e08844-ac28-4fc0-96fa-15a41fec2014/262c12ed699a8d9720dea0bd66449d998e4a08cf18095bed170ccaa76722045fa5dbf7a366918b2db7e3acf29ad22f6b99fd659a9409cb807bf2781d968932f8.jpeg], width = [350], height = [350]
08-03 18:52:10.255 22395 23144 D DBReader: getImageAuthentication() called with: imageUrl = [https://content.production.cdn.art19.com/images/89/e0/88/44/89e08844-ac28-4fc0-96fa-15a41fec2014/262c12ed699a8d9720dea0bd66449d998e4a08cf18095bed170ccaa76722045fa5dbf7a366918b2db7e3acf29ad22f6b99fd659a9409cb807bf2781d968932f8.jpeg]
08-03 18:52:10.256 22395 23144 D ApOkHttpUrlLoader: no credentials for 'https://content.production.cdn.art19.com/images/89/e0/88/44/89e08844-ac28-4fc0-96fa-15a41fec2014/262c12ed699a8d9720dea0bd66449d998e4a08cf18095bed170ccaa76722045fa5dbf7a366918b2db7e3acf29ad22f6b99fd659a9409cb807bf2781d968932f8.jpeg'
08-03 18:52:10.304 22395 22395 D PlaybackController: Releasing PlaybackController
08-03 18:52:10.497 22395 22423 I art     : Starting a blocking GC Explicit
08-03 18:52:10.534 22395 22423 I art     : Explicit concurrent mark sweep GC freed 14999(864KB) AllocSpace objects, 4(172KB) LOS objects, 37% free, 26MB/42MB, paused 932us total 36.085ms
08-03 18:52:10.535 22395 23144 D MYTAG   : interceptor 2a
08-03 18:52:10.535 22395 23144 I NAPPA_EXPERIMENTATION: MetricNetworkRequestExecutionTime: REQUEST_DURATION_SYSTEM='279',REQUEST_DURATION_OKHTTP='159',REQUEST_SYNCHRONOUS='TRUE',RESPONSE_CODE='200',RESPONSE_METHOD='GET',RESPONSE_LENGTH_OKHTTP='2466122',RESPONSE_LENGTH_HEADER='2466122',REQUEST_PROTOCOL='h2',REQUEST_URL='https://content.production.cdn.art19.com/images/89/e0/88/44/89e08844-ac28-4fc0-96fa-15a41fec2014/262c12ed699a8d9720dea0bd66449d998e4a08cf18095bed170ccaa76722045fa5dbf7a366918b2db7e3acf29ad22f6b99fd659a9409cb807bf2781d968932f8.jpeg',
08-03 18:52:10.547 22395 22423 I art     : Starting a blocking GC Explicit
08-03 18:52:10.579 22395 22423 I art     : Explicit concurrent mark sweep GC freed 916(52KB) AllocSpace objects, 1(112KB) LOS objects, 37% free, 26MB/42MB, paused 946us total 31.728ms
08-03 18:52:10.590 22395 22423 I art     : Starting a blocking GC Explicit
08-03 18:52:10.620 22395 22423 I art     : Explicit concurrent mark sweep GC freed 86(2752B) AllocSpace objects, 0(0B) LOS objects, 37% free, 26MB/42MB, paused 843us total 29.803ms
08-03 18:52:10.631 22395 22423 I art     : Starting a blocking GC Explicit
08-03 18:52:10.661 22395 22423 I art     : Explicit concurrent mark sweep GC freed 98(3KB) AllocSpace objects, 0(0B) LOS objects, 37% free, 26MB/42MB, paused 887us total 29.322ms
08-03 18:52:10.672 22395 22423 I art     : Starting a blocking GC Explicit
08-03 18:52:10.701 22395 22423 I art     : Explicit concurrent mark sweep GC freed 98(15KB) AllocSpace objects, 0(0B) LOS objects, 37% free, 26MB/42MB, paused 879us total 29.049ms
08-03 18:52:10.993 22395 22408 I art     : Starting a blocking GC Explicit
08-03 18:52:11.018 15887 15887 W Atfwd_Sendcmd: AtCmdFwd service not published, waiting... retryCnt : 5
08-03 18:52:11.026 22395 22408 I art     : Explicit concurrent mark sweep GC freed 2740(212KB) AllocSpace objects, 1(20KB) LOS objects, 36% free, 27MB/43MB, paused 855us total 33.375ms
08-03 18:52:11.038 22395 22408 I art     : Starting a blocking GC Explicit
08-03 18:52:11.073 22395 22408 I art     : Explicit concurrent mark sweep GC freed 42(1312B) AllocSpace objects, 0(0B) LOS objects, 36% free, 27MB/43MB, paused 984us total 34.309ms
08-03 18:52:11.085 22395 22408 I art     : Starting a blocking GC Explicit
08-03 18:52:11.119 22395 22408 I art     : Explicit concurrent mark sweep GC freed 3(96B) AllocSpace objects, 0(0B) LOS objects, 36% free, 27MB/43MB, paused 867us total 33.450ms
08-03 18:52:11.131 22395 22408 I art     : Starting a blocking GC Explicit
08-03 18:52:11.166 22395 22408 I art     : Explicit concurrent mark sweep GC freed 3(96B) AllocSpace objects, 0(0B) LOS objects, 36% free, 27MB/43MB, paused 889us total 35.439ms
08-03 18:52:11.178 22395 22408 I art     : Starting a blocking GC Explicit
08-03 18:52:11.214 22395 22408 I art     : Explicit concurrent mark sweep GC freed 3(96B) AllocSpace objects, 0(0B) LOS objects, 36% free, 27MB/43MB, paused 800us total 35.419ms
08-03 18:52:11.564 22395 22423 I art     : Starting a blocking GC Explicit
08-03 18:52:11.602 22395 22423 I art     : Explicit concurrent mark sweep GC freed 1395(80KB) AllocSpace objects, 1(20KB) LOS objects, 36% free, 27MB/43MB, paused 829us total 36.640ms
08-03 18:52:11.614 22395 22423 I art     : Starting a blocking GC Explicit
08-03 18:52:11.649 22395 22423 I art     : Explicit concurrent mark sweep GC freed 23(752B) AllocSpace objects, 0(0B) LOS objects, 36% free, 27MB/43MB, paused 884us total 34.716ms
08-03 18:52:11.661 22395 22423 I art     : Starting a blocking GC Explicit
08-03 18:52:11.695 22395 22423 I art     : Explicit concurrent mark sweep GC freed 3(96B) AllocSpace objects, 0(0B) LOS objects, 36% free, 27MB/43MB, paused 852us total 34.506ms
08-03 18:52:11.708 22395 22423 I art     : Starting a blocking GC Explicit
08-03 18:52:11.742 22395 22423 I art     : Explicit concurrent mark sweep GC freed 3(96B) AllocSpace objects, 0(0B) LOS objects, 36% free, 27MB/43MB, paused 854us total 33.980ms
08-03 18:52:11.754 22395 22423 I art     : Starting a blocking GC Explicit
08-03 18:52:11.788 22395 22423 I art     : Explicit concurrent mark sweep GC freed 3(96B) AllocSpace objects, 0(0B) LOS objects, 36% free, 27MB/43MB, paused 899us total 34.268ms
08-03 18:52:12.115 22395 22408 I art     : Starting a blocking GC Explicit
08-03 18:52:12.148 22395 22408 I art     : Explicit concurrent mark sweep GC freed 1393(80KB) AllocSpace objects, 1(20KB) LOS objects, 36% free, 27MB/43MB, paused 852us total 32.131ms
08-03 18:52:12.159 22395 22408 I art     : Starting a blocking GC Explicit
08-03 18:52:12.192 22395 22408 I art     : Explicit concurrent mark sweep GC freed 23(752B) AllocSpace objects, 0(0B) LOS objects, 36% free, 27MB/43MB, paused 831us total 32.533ms
08-03 18:52:12.204 22395 22408 I art     : Starting a blocking GC Explicit
08-03 18:52:12.239 22395 22408 I art     : Explicit concurrent mark sweep GC freed 3(96B) AllocSpace objects, 0(0B) LOS objects, 36% free, 27MB/43MB, paused 862us total 35.249ms
08-03 18:52:12.251 22395 22408 I art     : Starting a blocking GC Explicit
08-03 18:52:12.286 22395 22408 I art     : Explicit concurrent mark sweep GC freed 3(96B) AllocSpace objects, 0(0B) LOS objects, 36% free, 27MB/43MB, paused 840us total 34.853ms
08-03 18:52:12.299 22395 22408 I art     : Starting a blocking GC Explicit
08-03 18:52:12.332 22395 22408 I art     : Explicit concurrent mark sweep GC freed 3(96B) AllocSpace objects, 0(0B) LOS objects, 36% free, 27MB/43MB, paused 864us total 33.283ms
08-03 18:52:12.673 22395 22407 I art     : Starting a blocking GC Explicit
08-03 18:52:12.711 22395 22407 I art     : Explicit concurrent mark sweep GC freed 1392(80KB) AllocSpace objects, 1(20KB) LOS objects, 36% free, 27MB/43MB, paused 855us total 37.871ms
08-03 18:52:12.723 22395 22407 I art     : Starting a blocking GC Explicit
08-03 18:52:12.757 22395 22407 I art     : Explicit concurrent mark sweep GC freed 23(752B) AllocSpace objects, 0(0B) LOS objects, 36% free, 27MB/43MB, paused 872us total 33.455ms
08-03 18:52:12.769 22395 22407 I art     : Starting a blocking GC Explicit
08-03 18:52:12.803 22395 22407 I art     : Explicit concurrent mark sweep GC freed 3(96B) AllocSpace objects, 0(0B) LOS objects, 36% free, 27MB/43MB, paused 857us total 34.042ms
08-03 18:52:12.815 22395 22407 I art     : Starting a blocking GC Explicit
08-03 18:52:12.851 22395 22407 I art     : Explicit concurrent mark sweep GC freed 3(96B) AllocSpace objects, 0(0B) LOS objects, 36% free, 27MB/43MB, paused 884us total 35.518ms
08-03 18:52:12.863 22395 22407 I art     : Starting a blocking GC Explicit
08-03 18:52:12.898 22395 22407 I art     : Explicit concurrent mark sweep GC freed 3(96B) AllocSpace objects, 0(0B) LOS objects, 36% free, 27MB/43MB, paused 927us total 35.002ms
08-03 18:52:13.249 22395 22423 I art     : Starting a blocking GC Explicit
08-03 18:52:13.295 22395 22423 I art     : Explicit concurrent mark sweep GC freed 1364(82KB) AllocSpace objects, 1(20KB) LOS objects, 36% free, 27MB/43MB, paused 900us total 45.760ms
08-03 18:52:13.309 22395 22423 I art     : Starting a blocking GC Explicit
08-03 18:52:13.344 22395 22423 I art     : Explicit concurrent mark sweep GC freed 23(752B) AllocSpace objects, 0(0B) LOS objects, 36% free, 27MB/43MB, paused 850us total 34.548ms
08-03 18:52:13.356 22395 22423 I art     : Starting a blocking GC Explicit
08-03 18:52:13.391 22395 22423 I art     : Explicit concurrent mark sweep GC freed 3(96B) AllocSpace objects, 0(0B) LOS objects, 36% free, 27MB/43MB, paused 850us total 35.025ms
08-03 18:52:13.403 22395 22423 I art     : Starting a blocking GC Explicit
08-03 18:52:13.438 22395 22423 I art     : Explicit concurrent mark sweep GC freed 32(880B) AllocSpace objects, 0(0B) LOS objects, 36% free, 27MB/43MB, paused 880us total 34.300ms
08-03 18:52:13.450 22395 22423 I art     : Starting a blocking GC Explicit
08-03 18:52:13.485 22395 22423 I art     : Explicit concurrent mark sweep GC freed 3(96B) AllocSpace objects, 0(0B) LOS objects, 36% free, 27MB/43MB, paused 923us total 34.824ms
08-03 18:52:13.814 22395 22408 I art     : Starting a blocking GC Explicit
08-03 18:52:13.849 22395 22408 I art     : Explicit concurrent mark sweep GC freed 1363(80KB) AllocSpace objects, 1(20KB) LOS objects, 36% free, 27MB/43MB, paused 873us total 33.682ms
08-03 18:52:13.860 22395 22408 I art     : Starting a blocking GC Explicit
08-03 18:52:13.891 22395 22408 I art     : Explicit concurrent mark sweep GC freed 23(752B) AllocSpace objects, 0(0B) LOS objects, 36% free, 27MB/43MB, paused 842us total 30.755ms
08-03 18:52:13.903 22395 22408 I art     : Starting a blocking GC Explicit
08-03 18:52:13.935 22395 22408 I art     : Explicit concurrent mark sweep GC freed 3(96B) AllocSpace objects, 0(0B) LOS objects, 36% free, 27MB/43MB, paused 854us total 32.123ms
08-03 18:52:13.947 22395 22408 I art     : Starting a blocking GC Explicit
08-03 18:52:13.980 22395 22408 I art     : Explicit concurrent mark sweep GC freed 3(96B) AllocSpace objects, 0(0B) LOS objects, 36% free, 27MB/43MB, paused 866us total 33.162ms
08-03 18:52:13.992 22395 22408 I art     : Starting a blocking GC Explicit
08-03 18:52:14.025 22395 22408 I art     : Explicit concurrent mark sweep GC freed 3(96B) AllocSpace objects, 0(0B) LOS objects, 36% free, 27MB/43MB, paused 872us total 33.248ms
08-03 18:52:14.247 23395 23395 D AndroidRuntime: >>>>>> START com.android.internal.os.RuntimeInit uid 2000 <<<<<<
08-03 18:52:14.254 23395 23395 D AndroidRuntime: CheckJNI is OFF
08-03 18:52:14.294 23395 23395 D ICU     : No timezone override file found: /data/misc/zoneinfo/current/icu/icu_tzdata.dat
08-03 18:52:14.336 23395 23395 I Radio-JNI: register_android_hardware_Radio DONE
08-03 18:52:14.353 22395 22407 I art     : Starting a blocking GC Explicit
08-03 18:52:14.366 23395 23395 D AndroidRuntime: Calling main entry com.android.commands.input.Input
08-03 18:52:14.368 23395 23395 I Input   : injectMotionEvent: MotionEvent { action=ACTION_DOWN, actionButton=0, id[0]=0, x[0]=625.0, y[0]=832.0, toolType[0]=TOOL_TYPE_UNKNOWN, buttonState=0, metaState=0, flags=0x0, edgeFlags=0x0, pointerCount=1, historySize=0, eventTime=643950781, downTime=643950781, deviceId=0, source=0x1002 }
08-03 18:52:14.374 23395 23395 I Input   : injectMotionEvent: MotionEvent { action=ACTION_UP, actionButton=0, id[0]=0, x[0]=625.0, y[0]=832.0, toolType[0]=TOOL_TYPE_UNKNOWN, buttonState=0, metaState=0, flags=0x0, edgeFlags=0x0, pointerCount=1, historySize=0, eventTime=643950781, downTime=643950781, deviceId=0, source=0x1002 }
08-03 18:52:14.379 23395 23395 D AndroidRuntime: Shutting down VM
08-03 18:52:14.386 22395 22407 I art     : Explicit concurrent mark sweep GC freed 1388(80KB) AllocSpace objects, 1(20KB) LOS objects, 36% free, 27MB/43MB, paused 856us total 32.248ms
08-03 18:52:14.397 22395 22407 I art     : Starting a blocking GC Explicit
08-03 18:52:14.397 22395 22395 D UserPreferences: Using default data folder
08-03 18:52:14.397   512  2967 D audio_hw_primary: out_set_parameters: enter: usecase(1: low-latency-playback) kvpairs: routing=2
08-03 18:52:14.402 22395 22395 D DownloadRequester: partiallyDownloadedFileExists: false
08-03 18:52:14.402 22395 22395 D DownloadRequester: /storage/emulated/0/Android/data/baseline.de.danoeh.antennapod.debug/files/cache/feed-Nice White Parents is available as a download destination
08-03 18:52:14.403 22395 22395 D DownloadRequester: Requesting download of url https://rss.art19.com/nice-white-parents
08-03 18:52:14.407 22395 22395 D DownloadService: Service started
08-03 18:52:14.408 22395 22395 D DownloadService: parallel downloads: 4
08-03 18:52:14.410 22395 23425 D downloadCompletionThd: downloadCompletionThread was started
08-03 18:52:14.410   512  2967 D audio_hw_primary: select_devices: out_snd_device(2: speaker) in_snd_device(0: none)
08-03 18:52:14.410   512  2967 D msm8974_platform: platform_send_audio_calibration: sending audio calibration for snd_device(2) acdb_id(15)
08-03 18:52:14.410   512  2967 I soundtrigger: audio_extn_sound_trigger_update_device_status: device 0x2 of type 0 for Event 1
08-03 18:52:14.416 22395 22395 D DownloadService: Notification set up
08-03 18:52:14.419 24365 25567 I NetworkScheduler.Stats: Task com.google.android.gms/com.google.android.gms.icing.service.IcingGcmTaskService started execution. cause:4 exec_start_elapsed_seconds: 1627338 [CONTEXT service_id=218 ]
08-03 18:52:14.421   512  2967 D audio_hw_primary: enable_snd_device: snd_device(2: speaker)
08-03 18:52:14.424   512  2967 D audio_hw_primary: enable_audio_route: apply and update mixer path: low-latency-playback speaker
08-03 18:52:14.426 22395 22407 I art     : Explicit concurrent mark sweep GC freed 264(15KB) AllocSpace objects, 0(0B) LOS objects, 36% free, 27MB/43MB, paused 1.369ms total 29.325ms
08-03 18:52:14.435 22395 22395 D DownloadService: Received enqueue request
08-03 18:52:14.437 22395 22395 D OnlineFeedViewActivity: onEventMainThread() called with: event = [DownloadEvent{update=DownloaderUpdate{downloaders=[baseline.de.danoeh.antennapod.core.service.download.HttpDownloader@7b0b3ff], feedIds=[0], mediaIds=[]}}]
08-03 18:52:14.437 22395 22395 D DownloadService: 1 downloads left
08-03 18:52:14.437 22395 22395 D DownloadService: Setting up notification updater
08-03 18:52:14.437 22395 22407 I art     : Starting a blocking GC Explicit
08-03 18:52:14.439 24365 30222 I NetworkScheduler.Stats: Task com.google.android.gms/com.google.android.gms.icing.service.IcingGcmTaskService finished executing. cause:4 result: 1 elapsed_millis: 34 uptime_millis: 35 exec_start_elapsed_seconds: 1627338 [CONTEXT service_id=218 ]
08-03 18:52:14.441   918  4400 D WifiService: acquireWifiLockLocked: WifiLock{Downloader type=1 binder=android.os.BinderProxy@25624f3}
08-03 18:52:14.443 22395 23427 D AntennapodHttpClient: Creating new instance of HTTP client
08-03 18:52:14.469 22395 22407 I art     : Explicit concurrent mark sweep GC freed 946(55KB) AllocSpace objects, 0(0B) LOS objects, 36% free, 27MB/43MB, paused 1.063ms total 31.163ms
08-03 18:52:14.479 22395 22407 I art     : Starting a blocking GC Explicit
08-03 18:52:14.507 22395 22407 I art     : Explicit concurrent mark sweep GC freed 94(5KB) AllocSpace objects, 0(0B) LOS objects, 36% free, 27MB/43MB, paused 1.033ms total 27.916ms
08-03 18:52:14.512 24365 25567 I NetworkScheduler.Stats: Task com.google.android.gms/com.google.android.gms.gcm.HeartbeatAlarm$ConnectionInfoPersistService started execution. cause:5 exec_start_elapsed_seconds: 1627338 [CONTEXT service_id=218 ]
08-03 18:52:14.518 22395 22407 I art     : Starting a blocking GC Explicit
08-03 18:52:14.520 24365 25567 I NetworkScheduler.Stats: Task com.google.android.apps.gcs/ started execution. cause:5 exec_start_elapsed_seconds: 1627338 [CONTEXT service_id=218 ]
08-03 18:52:14.532 24365 25567 I NetworkScheduler.Stats: Task com.google.android.gms/com.google.android.gms.gcm.HeartbeatAlarm$ConnectionInfoPersistService finished executing. cause:5 result: 1 elapsed_millis: 38 uptime_millis: 39 exec_start_elapsed_seconds: 1627338 [CONTEXT service_id=218 ]
08-03 18:52:14.545 22395 22407 I art     : Explicit concurrent mark sweep GC freed 14(1472B) AllocSpace objects, 0(0B) LOS objects, 36% free, 27MB/43MB, paused 886us total 27.513ms
08-03 18:52:14.602 19815 23431 W Gcs.WfaEliRefreshTask: [22069] afk.b: NULL eligibility response.
08-03 18:52:14.604 24365 25567 I NetworkScheduler.Stats: Task com.google.android.apps.gcs/ started execution. cause:5 exec_start_elapsed_seconds: 1627338 [CONTEXT service_id=218 ]
08-03 18:52:14.605 24365 25567 I NetworkScheduler.Stats: Task com.google.android.apps.gcs/ finished executing. cause:5 result: 3 elapsed_millis: 8 uptime_millis: 8 exec_start_elapsed_seconds: 1627338 [CONTEXT service_id=218 ]
08-03 18:52:14.651  3784 31551 D PhoneInterfaceManager: [PhoneIntfMgr] getDataEnabled: subId=-1 phoneId=-1
08-03 18:52:14.651  3784 31551 E PhoneInterfaceManager: [PhoneIntfMgr] getDataEnabled: no phone subId=-1 retVal=false
08-03 18:52:14.652 19815 23430 D TelephonyManager: getDataEnabled: retVal=false
08-03 18:52:14.659   918  3262 D WifiService: New client listening to asynchronous messages
08-03 18:52:14.677 24365 30222 I NetworkScheduler.Stats: Task com.google.android.apps.gcs/ finished executing. cause:5 result: 1 elapsed_millis: 156 uptime_millis: 156 exec_start_elapsed_seconds: 1627338 [CONTEXT service_id=218 ]
08-03 18:52:14.755 22395 23427 D MYTAG   : interceptor 3a https://rss.art19.com/nice-white-parents
08-03 18:52:14.755 22395 23427 I NAPPA_EXPERIMENTATION: MetricNetworkRequestExecutionTime: REQUEST_DURATION_SYSTEM='311',REQUEST_DURATION_OKHTTP='151',REQUEST_SYNCHRONOUS='TRUE',RESPONSE_CODE='200',RESPONSE_METHOD='GET',RESPONSE_LENGTH_OKHTTP='-1',RESPONSE_LENGTH_HEADER='1803',REQUEST_PROTOCOL='h2',REQUEST_URL='https://rss.art19.com/nice-white-parents',
08-03 18:52:14.755 22395 23427 D HttpDownloader: Response code is 200
08-03 18:52:14.755 22395 23427 D UserPreferences: Using default data folder
08-03 18:52:14.758 22395 23427 D HttpDownloader: Getting size of download
08-03 18:52:14.758 22395 23427 D HttpDownloader: Size is -1
08-03 18:52:14.758 22395 23427 D UserPreferences: Using default data folder
08-03 18:52:14.758 22395 23427 D HttpDownloader: Free space is 20617904128
08-03 18:52:14.758 22395 23427 D HttpDownloader: Starting download
08-03 18:52:14.772 22395 23427 D HttpDownloader: Download was successful
08-03 18:52:14.773   918  3359 D WifiService: releaseWifiLockLocked: WifiLock{Downloader type=1 binder=android.os.BinderProxy@25624f3}
08-03 18:52:14.773 22395 23425 D downloadCompletionThd: Received 'Download Complete' - message.
08-03 18:52:14.774 22395 23425 D DownloadService: Handling completed Feed Download
08-03 18:52:14.774 22395 22395 D DownloadService: Removing downloader: https://rss.art19.com/nice-white-parents
08-03 18:52:14.774 22395 22395 D DownloadService: Result of downloads.remove: true
08-03 18:52:14.774 22395 22395 D OnlineFeedViewActivity: onEventMainThread() called with: event = [DownloadEvent{update=DownloaderUpdate{downloaders=[], feedIds=[], mediaIds=[]}}]
08-03 18:52:14.780 22395 23446 D TypeGetter: Recognized type RSS 2.0
08-03 18:52:14.782 22395 23446 D SyndHandler: Recognized ITunes namespace
08-03 18:52:14.782 22395 23446 D SyndHandler: Recognized Atom namespace
08-03 18:52:14.782 22395 23446 D SyndHandler: Recognized Content namespace
08-03 18:52:14.787 22395 23446 D FeedSyncThread: Nice White Parents parsed
08-03 18:52:14.789 22395 23446 D FeedSyncThread: Deletion of file '/storage/emulated/0/Android/data/baseline.de.danoeh.antennapod.debug/files/cache/feed-Nice White Parents' successful
08-03 18:52:14.789 22395 23446 D DBReader: getFeedDownloadLog() called with: feed = [baseline.de.danoeh.antennapod.core.feed.Feed@0]
08-03 18:52:14.791 22395 23426 D FeedSyncThread: Bundling 1 feeds
08-03 18:52:14.796 22395 23447 D DBReader: Extracting Feedlist
08-03 18:52:14.798 22395 23447 D DBTasks : Found no existing Feed with title Nice White Parents. Adding as new one.
08-03 18:52:14.800 22395 23448 D PodDBAdapter: Setting feed with flattr status Nice White Parents: 0
08-03 18:52:14.800 22395 23448 D baseline.de.danoeh.antennapod.core.storage.PodDBAdapter@5e5c264: Inserting new Feed into db
08-03 18:52:14.819 22395 22395 D EventDistributor: Processing event queue. Number of events: 1
08-03 18:52:14.819 22395 22395 D EventDistributor: Notifying observers. Data: 1
08-03 18:52:14.820 22395 22395 D DownloadService: 0 downloads left
08-03 18:52:14.820 22395 22935 D DBReader: Extracting Feedlist
08-03 18:52:14.820 22395 22395 D DownloadService: Number of downloads is 0, attempting shutdown
08-03 18:52:14.821 22395 22395 D DownloadService: Service shutting down
08-03 18:52:14.822 22395 22395 D DownloadService: No report is created
08-03 18:52:14.822 22395 22395 D OnlineFeedViewActivity: onEventMainThread() called with: event = [DownloadEvent{update=DownloaderUpdate{downloaders=[], feedIds=[], mediaIds=[]}}]
08-03 18:52:14.824 22395 23425 E downloadCompletionThd: DownloadCompletionThread was interrupted
08-03 18:52:14.824 22395 22395 D DownloadService: NotificationUpdater cancelled. Result: false
08-03 18:52:14.825 22395 22395 D DBTasks : autodownloadUndownloadedItems
08-03 18:52:14.827 22395 22423 I art     : Starting a blocking GC Explicit
08-03 18:52:14.827 22395 23449 D NetworkUtils: Device is connected to Wi-Fi
08-03 18:52:14.828 22395 23449 D NetworkUtils: Auto-dl filter is disabled
08-03 18:52:14.863 22395 22423 I art     : Explicit concurrent mark sweep GC freed 7614(581KB) AllocSpace objects, 8(300KB) LOS objects, 36% free, 27MB/43MB, paused 1.041ms total 35.793ms
08-03 18:52:14.874 22395 22423 I art     : Starting a blocking GC Explicit
08-03 18:52:14.906 22395 22423 I art     : Explicit concurrent mark sweep GC freed 1282(133KB) AllocSpace objects, 0(0B) LOS objects, 36% free, 27MB/43MB, paused 1.183ms total 31.563ms
08-03 18:52:14.918 22395 22423 I art     : Starting a blocking GC Explicit
08-03 18:52:14.950 22395 22423 I art     : Explicit concurrent mark sweep GC freed 13(416B) AllocSpace objects, 0(0B) LOS objects, 36% free, 27MB/43MB, paused 1.001ms total 31.894ms
08-03 18:52:14.960   512  2967 D audio_hw_primary: disable_audio_route: reset and update mixer path: low-latency-playback speaker
08-03 18:52:14.961   512  2967 D audio_hw_primary: disable_snd_device: snd_device(2: speaker)
08-03 18:52:14.962 22395 22423 I art     : Starting a blocking GC Explicit
08-03 18:52:14.968   512  2967 I soundtrigger: audio_extn_sound_trigger_update_device_status: device 0x2 of type 0 for Event 0
08-03 18:52:14.994 22395 22423 I art     : Explicit concurrent mark sweep GC freed 6(192B) AllocSpace objects, 0(0B) LOS objects, 36% free, 27MB/43MB, paused 1.085ms total 32.096ms
08-03 18:52:15.006 22395 22423 I art     : Starting a blocking GC Explicit
08-03 18:52:15.038 22395 22423 I art     : Explicit concurrent mark sweep GC freed 5(160B) AllocSpace objects, 0(0B) LOS objects, 36% free, 27MB/43MB, paused 1.019ms total 32.064ms
08-03 18:52:15.341 22395 22408 I art     : Starting a blocking GC Explicit
08-03 18:52:15.378 22395 22408 I art     : Explicit concurrent mark sweep GC freed 1373(80KB) AllocSpace objects, 1(20KB) LOS objects, 36% free, 27MB/43MB, paused 1.214ms total 37.439ms
08-03 18:52:15.392 22395 22408 I art     : Starting a blocking GC Explicit
08-03 18:52:15.425 22395 22408 I art     : Explicit concurrent mark sweep GC freed 54(1600B) AllocSpace objects, 0(0B) LOS objects, 36% free, 27MB/43MB, paused 960us total 32.773ms
08-03 18:52:15.437 22395 22408 I art     : Starting a blocking GC Explicit
08-03 18:52:15.470 22395 22408 I art     : Explicit concurrent mark sweep GC freed 3(96B) AllocSpace objects, 0(0B) LOS objects, 36% free, 27MB/43MB, paused 1.039ms total 33.129ms
08-03 18:52:15.482 22395 22408 I art     : Starting a blocking GC Explicit
08-03 18:52:15.516 22395 22408 I art     : Explicit concurrent mark sweep GC freed 3(96B) AllocSpace objects, 0(0B) LOS objects, 36% free, 27MB/43MB, paused 999us total 33.628ms
08-03 18:52:15.528 22395 22408 I art     : Starting a blocking GC Explicit
08-03 18:52:15.561 22395 22408 I art     : Explicit concurrent mark sweep GC freed 3(96B) AllocSpace objects, 0(0B) LOS objects, 36% free, 27MB/43MB, paused 996us total 33.392ms
08-03 18:52:15.869 22395 22423 I art     : Starting a blocking GC Explicit
08-03 18:52:15.913 22395 22423 I art     : Explicit concurrent mark sweep GC freed 1364(82KB) AllocSpace objects, 1(20KB) LOS objects, 36% free, 27MB/43MB, paused 1.043ms total 43.803ms
08-03 18:52:15.927 22395 22423 I art     : Starting a blocking GC Explicit
08-03 18:52:15.963 22395 22423 I art     : Explicit concurrent mark sweep GC freed 23(752B) AllocSpace objects, 0(0B) LOS objects, 36% free, 27MB/43MB, paused 1.031ms total 35.674ms
08-03 18:52:15.976 22395 22423 I art     : Starting a blocking GC Explicit
08-03 18:52:16.013 22395 22423 I art     : Explicit concurrent mark sweep GC freed 3(96B) AllocSpace objects, 0(0B) LOS objects, 36% free, 27MB/43MB, paused 1.020ms total 36.946ms
08-03 18:52:16.025 22395 22423 I art     : Starting a blocking GC Explicit
08-03 18:52:16.061 22395 22423 I art     : Explicit concurrent mark sweep GC freed 3(96B) AllocSpace objects, 0(0B) LOS objects, 36% free, 27MB/43MB, paused 988us total 35.838ms
08-03 18:52:16.062 22395 22406 I art     : WaitForGcToComplete blocked for 34.331ms for cause HeapTrim
08-03 18:52:16.073 22395 22423 I art     : Starting a blocking GC Explicit
08-03 18:52:16.111 22395 22423 I art     : Explicit concurrent mark sweep GC freed 3(96B) AllocSpace objects, 0(0B) LOS objects, 36% free, 27MB/43MB, paused 1.049ms total 37.033ms
08-03 18:52:16.439 22395 22407 I art     : Starting a blocking GC Explicit
08-03 18:52:16.483 22395 22407 I art     : Explicit concurrent mark sweep GC freed 1399(82KB) AllocSpace objects, 1(20KB) LOS objects, 36% free, 27MB/43MB, paused 1.089ms total 43.999ms
08-03 18:52:16.499 22395 22407 I art     : Starting a blocking GC Explicit
08-03 18:52:16.541 22395 22407 I art     : Explicit concurrent mark sweep GC freed 23(752B) AllocSpace objects, 0(0B) LOS objects, 36% free, 27MB/43MB, paused 961us total 42.107ms
08-03 18:52:16.553 22395 22407 I art     : Starting a blocking GC Explicit
08-03 18:52:16.589 22395 22407 I art     : Explicit concurrent mark sweep GC freed 3(96B) AllocSpace objects, 0(0B) LOS objects, 36% free, 27MB/43MB, paused 1.061ms total 35.492ms
08-03 18:52:16.601 22395 22407 I art     : Starting a blocking GC Explicit
08-03 18:52:16.638 22395 22407 I art     : Explicit concurrent mark sweep GC freed 3(96B) AllocSpace objects, 0(0B) LOS objects, 36% free, 27MB/43MB, paused 1.085ms total 36.813ms
08-03 18:52:16.650 22395 22407 I art     : Starting a blocking GC Explicit
08-03 18:52:16.686 22395 22407 I art     : Explicit concurrent mark sweep GC freed 3(96B) AllocSpace objects, 0(0B) LOS objects, 36% free, 27MB/43MB, paused 1ms total 35.743ms
08-03 18:52:17.047 22395 22408 I art     : Starting a blocking GC Explicit
08-03 18:52:17.091 22395 22408 I art     : Explicit concurrent mark sweep GC freed 1369(82KB) AllocSpace objects, 1(20KB) LOS objects, 36% free, 27MB/43MB, paused 1.017ms total 44.115ms
08-03 18:52:17.103 22395 22408 I art     : Starting a blocking GC Explicit
08-03 18:52:17.136 22395 22408 I art     : Explicit concurrent mark sweep GC freed 23(752B) AllocSpace objects, 0(0B) LOS objects, 36% free, 27MB/43MB, paused 972us total 32.568ms
08-03 18:52:17.148 22395 22408 I art     : Starting a blocking GC Explicit
08-03 18:52:17.181 22395 22408 I art     : Explicit concurrent mark sweep GC freed 3(96B) AllocSpace objects, 0(0B) LOS objects, 36% free, 27MB/43MB, paused 1.007ms total 32.541ms
08-03 18:52:17.193 22395 22408 I art     : Starting a blocking GC Explicit
08-03 18:52:17.227 22395 22408 I art     : Explicit concurrent mark sweep GC freed 3(96B) AllocSpace objects, 0(0B) LOS objects, 36% free, 27MB/43MB, paused 1.108ms total 34.043ms
08-03 18:52:17.239 22395 22408 I art     : Starting a blocking GC Explicit
08-03 18:52:17.273 22395 22408 I art     : Explicit concurrent mark sweep GC freed 3(96B) AllocSpace objects, 0(0B) LOS objects, 36% free, 27MB/43MB, paused 986us total 33.612ms
08-03 18:52:17.629 22395 22423 I art     : Starting a blocking GC Explicit
08-03 18:52:17.677 22395 22423 I art     : Explicit concurrent mark sweep GC freed 1396(81KB) AllocSpace objects, 1(20KB) LOS objects, 36% free, 27MB/43MB, paused 1.142ms total 47.497ms
08-03 18:52:17.693 22395 22423 I art     : Starting a blocking GC Explicit
08-03 18:52:17.734 22395 22423 I art     : Explicit concurrent mark sweep GC freed 23(752B) AllocSpace objects, 0(0B) LOS objects, 36% free, 27MB/43MB, paused 1.043ms total 40.734ms
08-03 18:52:17.746 22395 22423 I art     : Starting a blocking GC Explicit
08-03 18:52:17.782 22395 22423 I art     : Explicit concurrent mark sweep GC freed 3(96B) AllocSpace objects, 0(0B) LOS objects, 36% free, 27MB/43MB, paused 1.042ms total 35.722ms
08-03 18:52:17.794 22395 22423 I art     : Starting a blocking GC Explicit
08-03 18:52:17.831 22395 22423 I art     : Explicit concurrent mark sweep GC freed 3(96B) AllocSpace objects, 0(0B) LOS objects, 36% free, 27MB/43MB, paused 1.029ms total 37.102ms
08-03 18:52:17.844 22395 22423 I art     : Starting a blocking GC Explicit
08-03 18:52:17.881 22395 22423 I art     : Explicit concurrent mark sweep GC freed 3(96B) AllocSpace objects, 0(0B) LOS objects, 36% free, 27MB/43MB, paused 1.025ms total 36.436ms
08-03 18:52:18.214 22395 22407 I art     : Starting a blocking GC Explicit
08-03 18:52:18.260 22395 22407 I art     : Explicit concurrent mark sweep GC freed 1363(80KB) AllocSpace objects, 1(20KB) LOS objects, 36% free, 27MB/43MB, paused 1.163ms total 45.506ms
08-03 18:52:18.277 22395 22407 I art     : Starting a blocking GC Explicit
08-03 18:52:18.314 22395 22407 I art     : Explicit concurrent mark sweep GC freed 23(752B) AllocSpace objects, 0(0B) LOS objects, 36% free, 27MB/43MB, paused 1.047ms total 36.619ms
08-03 18:52:18.326 22395 22407 I art     : Starting a blocking GC Explicit
08-03 18:52:18.363 22395 22407 I art     : Explicit concurrent mark sweep GC freed 3(96B) AllocSpace objects, 0(0B) LOS objects, 36% free, 27MB/43MB, paused 998us total 36.894ms
08-03 18:52:18.375 22395 22407 I art     : Starting a blocking GC Explicit
08-03 18:52:18.411 22395 22407 I art     : Explicit concurrent mark sweep GC freed 3(96B) AllocSpace objects, 0(0B) LOS objects, 36% free, 27MB/43MB, paused 1.020ms total 35.938ms
08-03 18:52:18.423 22395 22407 I art     : Starting a blocking GC Explicit
08-03 18:52:18.459 22395 22407 I art     : Explicit concurrent mark sweep GC freed 32(880B) AllocSpace objects, 0(0B) LOS objects, 36% free, 27MB/43MB, paused 1.049ms total 35.055ms
08-03 18:52:18.775 22395 22408 I art     : Starting a blocking GC Explicit
08-03 18:52:18.813 22395 22408 I art     : Explicit concurrent mark sweep GC freed 1364(82KB) AllocSpace objects, 1(20KB) LOS objects, 36% free, 27MB/43MB, paused 981us total 38.062ms
08-03 18:52:18.825 22395 22408 I art     : Starting a blocking GC Explicit
08-03 18:52:18.861 22395 22408 I art     : Explicit concurrent mark sweep GC freed 23(752B) AllocSpace objects, 0(0B) LOS objects, 36% free, 27MB/43MB, paused 1.048ms total 35.371ms
08-03 18:52:18.873 22395 22408 I art     : Starting a blocking GC Explicit
08-03 18:52:18.906 22395 22408 I art     : Explicit concurrent mark sweep GC freed 3(96B) AllocSpace objects, 0(0B) LOS objects, 36% free, 27MB/43MB, paused 989us total 33.535ms
08-03 18:52:18.918 22395 22408 I art     : Starting a blocking GC Explicit
08-03 18:52:18.953 22395 22408 I art     : Explicit concurrent mark sweep GC freed 3(96B) AllocSpace objects, 0(0B) LOS objects, 36% free, 27MB/43MB, paused 1.036ms total 34.418ms
08-03 18:52:18.965 22395 22408 I art     : Starting a blocking GC Explicit
08-03 18:52:18.999 22395 22408 I art     : Explicit concurrent mark sweep GC freed 3(96B) AllocSpace objects, 0(0B) LOS objects, 36% free, 27MB/43MB, paused 1.057ms total 34.557ms
08-03 18:52:19.188 23513 23513 D AndroidRuntime: >>>>>> START com.android.internal.os.RuntimeInit uid 2000 <<<<<<
08-03 18:52:19.194 23513 23513 D AndroidRuntime: CheckJNI is OFF
08-03 18:52:19.235 23513 23513 D ICU     : No timezone override file found: /data/misc/zoneinfo/current/icu/icu_tzdata.dat
08-03 18:52:19.277 23513 23513 I Radio-JNI: register_android_hardware_Radio DONE
08-03 18:52:19.306 23513 23513 D AndroidRuntime: Calling main entry com.android.commands.input.Input
08-03 18:52:19.308 23513 23513 I Input   : injectKeyEvent: KeyEvent { action=ACTION_DOWN, keyCode=KEYCODE_BACK, scanCode=0, metaState=0, flags=0x0, repeatCount=0, eventTime=643955721, downTime=643955721, deviceId=-1, source=0x101 }
08-03 18:52:19.313 23513 23513 I Input   : injectKeyEvent: KeyEvent { action=ACTION_UP, keyCode=KEYCODE_BACK, scanCode=0, metaState=0, flags=0x0, repeatCount=0, eventTime=643955721, downTime=643955721, deviceId=-1, source=0x101 }
08-03 18:52:19.318 23513 23513 D AndroidRuntime: Shutting down VM
08-03 18:52:19.322 22395 22395 V PlaybackController: initServiceNotRunning()
08-03 18:52:19.322 22395 22395 D ExternalPlayerFragment: Loading media info
08-03 18:52:19.324 22395 22395 D UserPreferences: Using default data folder
08-03 18:52:19.325 22395 22935 D DBReader: getNavDrawerData() called with: 
08-03 18:52:19.329 22395 22935 D DBReader: getDownloadedItems() called
08-03 18:52:19.329 22395 22407 I art     : Starting a blocking GC Explicit
08-03 18:52:19.329 22395 22935 D DBReader: getFavoriteIDList() called
08-03 18:52:19.332 22395 22935 D DBReader: getQueueIDList() called
08-03 18:52:19.333 22395 22935 D DBReader: Extracting Feedlist
08-03 18:52:19.356 22395 22395 D MainActivity: getLastNavFragment() -> AddFeedFragment
08-03 18:52:19.358 13866 13866 I GoogleInputMethodServic: GoogleInputMethodService.onFinishInput():3138 
08-03 18:52:19.358 13866 13866 I GoogleInputMethodServic: GoogleInputMethodService.onStartInput():1808 
08-03 18:52:19.363 22395 22407 I art     : Explicit concurrent mark sweep GC freed 1940(126KB) AllocSpace objects, 1(20KB) LOS objects, 36% free, 27MB/43MB, paused 1.439ms total 33.125ms
08-03 18:52:19.376 22395 22407 I art     : Starting a blocking GC Explicit
08-03 18:52:19.384 22395 23326 D ApOkHttpUrlLoader: buildLoadData() called with: model = [https://content.production.cdn.art19.com/images/89/e0/88/44/89e08844-ac28-4fc0-96fa-15a41fec2014/262c12ed699a8d9720dea0bd66449d998e4a08cf18095bed170ccaa76722045fa5dbf7a366918b2db7e3acf29ad22f6b99fd659a9409cb807bf2781d968932f8.jpeg], width = [140], height = [140]
08-03 18:52:19.408 22395 22407 I art     : Explicit concurrent mark sweep GC freed 733(55KB) AllocSpace objects, 0(0B) LOS objects, 36% free, 27MB/43MB, paused 1.249ms total 32.108ms
08-03 18:52:19.420 22395 22407 I art     : Starting a blocking GC Explicit
08-03 18:52:19.450 22395 22407 I art     : Explicit concurrent mark sweep GC freed 285(16KB) AllocSpace objects, 0(0B) LOS objects, 36% free, 27MB/43MB, paused 1.004ms total 30.207ms
08-03 18:52:19.462 22395 22407 I art     : Starting a blocking GC Explicit
08-03 18:52:19.491 22395 22407 I art     : Explicit concurrent mark sweep GC freed 13(496B) AllocSpace objects, 0(0B) LOS objects, 36% free, 27MB/43MB, paused 1.025ms total 29.480ms
08-03 18:52:19.503 22395 22407 I art     : Starting a blocking GC Explicit
08-03 18:52:19.539 22395 22407 I art     : Explicit concurrent mark sweep GC freed 3(96B) AllocSpace objects, 0(0B) LOS objects, 36% free, 27MB/43MB, paused 1.107ms total 36.480ms
08-03 18:52:19.695   380   380 W SurfaceFlinger: couldn't log to binary event log: overflow.
08-03 18:52:19.827 22395 22423 I art     : Starting a blocking GC Explicit
08-03 18:52:19.865 22395 22423 I art     : Explicit concurrent mark sweep GC freed 2215(126KB) AllocSpace objects, 1(20KB) LOS objects, 36% free, 27MB/43MB, paused 1.056ms total 38.294ms
08-03 18:52:19.878 22395 22423 I art     : Starting a blocking GC Explicit
08-03 18:52:19.911 22395 22423 I art     : Explicit concurrent mark sweep GC freed 2499(153KB) AllocSpace objects, 2(248KB) LOS objects, 36% free, 27MB/43MB, paused 994us total 33.273ms
08-03 18:52:19.923 22395 22423 I art     : Starting a blocking GC Explicit
08-03 18:52:19.956 22395 22423 I art     : Explicit concurrent mark sweep GC freed 3(96B) AllocSpace objects, 0(0B) LOS objects, 36% free, 27MB/43MB, paused 997us total 33.152ms
08-03 18:52:19.968 22395 22423 I art     : Starting a blocking GC Explicit
08-03 18:52:20.002 22395 22423 I art     : Explicit concurrent mark sweep GC freed 3(96B) AllocSpace objects, 0(0B) LOS objects, 36% free, 27MB/43MB, paused 1.031ms total 33.146ms
08-03 18:52:20.013 22395 22423 I art     : Starting a blocking GC Explicit
08-03 18:52:20.047 22395 22423 I art     : Explicit concurrent mark sweep GC freed 3(96B) AllocSpace objects, 0(0B) LOS objects, 36% free, 27MB/43MB, paused 1.075ms total 33.433ms
08-03 18:52:20.356 22395 22407 I art     : Starting a blocking GC Explicit
08-03 18:52:20.395 22395 22407 I art     : Explicit concurrent mark sweep GC freed 1369(82KB) AllocSpace objects, 1(20KB) LOS objects, 36% free, 27MB/43MB, paused 1.053ms total 38.928ms
08-03 18:52:20.410 22395 22407 I art     : Starting a blocking GC Explicit
08-03 18:52:20.443 22395 22407 I art     : Explicit concurrent mark sweep GC freed 52(1536B) AllocSpace objects, 0(0B) LOS objects, 36% free, 27MB/43MB, paused 1.006ms total 32.313ms
08-03 18:52:20.455 22395 22407 I art     : Starting a blocking GC Explicit
08-03 18:52:20.488 22395 22407 I art     : Explicit concurrent mark sweep GC freed 3(96B) AllocSpace objects, 0(0B) LOS objects, 36% free, 27MB/43MB, paused 1.050ms total 33.089ms
08-03 18:52:20.500 22395 22407 I art     : Starting a blocking GC Explicit
08-03 18:52:20.533 22395 22407 I art     : Explicit concurrent mark sweep GC freed 3(96B) AllocSpace objects, 0(0B) LOS objects, 36% free, 27MB/43MB, paused 992us total 32.998ms
08-03 18:52:20.545 22395 22407 I art     : Starting a blocking GC Explicit
08-03 18:52:20.576 22395 22407 I art     : Explicit concurrent mark sweep GC freed 3(96B) AllocSpace objects, 0(0B) LOS objects, 36% free, 27MB/43MB, paused 956us total 30.548ms
08-03 18:52:20.877 22395 22408 I art     : Starting a blocking GC Explicit
08-03 18:52:20.917 22395 22408 I art     : Explicit concurrent mark sweep GC freed 1365(80KB) AllocSpace objects, 1(20KB) LOS objects, 36% free, 27MB/43MB, paused 1.338ms total 39.625ms
08-03 18:52:20.931 22395 22408 I art     : Starting a blocking GC Explicit
08-03 18:52:20.965 22395 22408 I art     : Explicit concurrent mark sweep GC freed 24(784B) AllocSpace objects, 0(0B) LOS objects, 36% free, 27MB/43MB, paused 1.110ms total 33.487ms
08-03 18:52:20.978 22395 22408 I art     : Starting a blocking GC Explicit
08-03 18:52:21.011 22395 22408 I art     : Explicit concurrent mark sweep GC freed 8(256B) AllocSpace objects, 0(0B) LOS objects, 36% free, 27MB/43MB, paused 983us total 33.169ms
08-03 18:52:21.022 22395 22408 I art     : Starting a blocking GC Explicit
08-03 18:52:21.053 22395 22408 I art     : Explicit concurrent mark sweep GC freed 9(288B) AllocSpace objects, 0(0B) LOS objects, 36% free, 27MB/43MB, paused 1.005ms total 30.368ms
08-03 18:52:21.065 22395 22408 I art     : Starting a blocking GC Explicit
08-03 18:52:21.097 22395 22408 I art     : Explicit concurrent mark sweep GC freed 8(256B) AllocSpace objects, 0(0B) LOS objects, 36% free, 27MB/43MB, paused 1.060ms total 32.395ms
08-03 18:52:21.110 23564 23564 D AndroidRuntime: >>>>>> START com.android.internal.os.RuntimeInit uid 2000 <<<<<<
08-03 18:52:21.116 23564 23564 D AndroidRuntime: CheckJNI is OFF
08-03 18:52:21.157 23564 23564 D ICU     : No timezone override file found: /data/misc/zoneinfo/current/icu/icu_tzdata.dat
08-03 18:52:21.200 23564 23564 I Radio-JNI: register_android_hardware_Radio DONE
08-03 18:52:21.230 23564 23564 D AndroidRuntime: Calling main entry com.android.commands.input.Input
08-03 18:52:21.233 23564 23564 I Input   : injectMotionEvent: MotionEvent { action=ACTION_DOWN, actionButton=0, id[0]=0, x[0]=639.0, y[0]=762.0, toolType[0]=TOOL_TYPE_UNKNOWN, buttonState=0, metaState=0, flags=0x0, edgeFlags=0x0, pointerCount=1, historySize=0, eventTime=643957645, downTime=643957645, deviceId=0, source=0x1002 }
08-03 18:52:21.240 23564 23564 I Input   : injectMotionEvent: MotionEvent { action=ACTION_UP, actionButton=0, id[0]=0, x[0]=639.0, y[0]=762.0, toolType[0]=TOOL_TYPE_UNKNOWN, buttonState=0, metaState=0, flags=0x0, edgeFlags=0x0, pointerCount=1, historySize=0, eventTime=643957645, downTime=643957645, deviceId=0, source=0x1002 }
08-03 18:52:21.242 23564 23564 D AndroidRuntime: Shutting down VM
08-03 18:52:21.309   512  2967 D audio_hw_primary: out_set_parameters: enter: usecase(1: low-latency-playback) kvpairs: routing=2
08-03 18:52:21.322 13866 13866 I GoogleInputMethodServic: GoogleInputMethodService.onFinishInput():3138 
08-03 18:52:21.322   512  2967 D audio_hw_primary: select_devices: out_snd_device(2: speaker) in_snd_device(0: none)
08-03 18:52:21.323   512  2967 D msm8974_platform: platform_send_audio_calibration: sending audio calibration for snd_device(2) acdb_id(15)
08-03 18:52:21.323   512  2967 I soundtrigger: audio_extn_sound_trigger_update_device_status: device 0x2 of type 0 for Event 1
08-03 18:52:21.324 13866 13866 I GoogleInputMethodServic: GoogleInputMethodService.onStartInput():1808 
08-03 18:52:21.335   512  2967 D audio_hw_primary: enable_snd_device: snd_device(2: speaker)
08-03 18:52:21.338   512  2967 D audio_hw_primary: enable_audio_route: apply and update mixer path: low-latency-playback speaker
08-03 18:52:21.393 22395 22423 I art     : Starting a blocking GC Explicit
08-03 18:52:21.427 22395 22423 I art     : Explicit concurrent mark sweep GC freed 1650(91KB) AllocSpace objects, 1(20KB) LOS objects, 36% free, 27MB/43MB, paused 1.086ms total 33.334ms
08-03 18:52:21.439 22395 22423 I art     : Starting a blocking GC Explicit
08-03 18:52:21.470 22395 22423 I art     : Explicit concurrent mark sweep GC freed 54(1904B) AllocSpace objects, 0(0B) LOS objects, 36% free, 27MB/43MB, paused 1.047ms total 31.138ms
08-03 18:52:21.482 22395 22423 I art     : Starting a blocking GC Explicit
08-03 18:52:21.502 22395 22435 I NAPPA_EXPERIMENTATION: MetricNetworkRequestExecutionTime: REQUEST_DURATION_SYSTEM='194',REQUEST_DURATION_OKHTTP='193',REQUEST_SYNCHRONOUS='TRUE',RESPONSE_CODE='200',RESPONSE_METHOD='GET',RESPONSE_LENGTH_OKHTTP='-1',RESPONSE_LENGTH_HEADER='622',REQUEST_PROTOCOL='h2',REQUEST_URL='https://itunes.apple.com/lookup?id=360084272',
08-03 18:52:21.512 22395 22423 I art     : Explicit concurrent mark sweep GC freed 522(45KB) AllocSpace objects, 0(0B) LOS objects, 36% free, 27MB/43MB, paused 985us total 30.046ms
08-03 18:52:21.516   918  3961 I ActivityManager: START u0 {cmp=baseline.de.danoeh.antennapod.debug/baseline.de.danoeh.antennapod.activity.OnlineFeedViewActivity (has extras)} from uid 10633 on display 0
08-03 18:52:21.523 22395 22423 I art     : Starting a blocking GC Explicit
08-03 18:52:21.538 13866 13866 I GoogleInputMethodServic: GoogleInputMethodService.onFinishInput():3138 
08-03 18:52:21.539 13866 13866 I GoogleInputMethodServic: GoogleInputMethodService.onStartInput():1808 
08-03 18:52:21.553 22395 22423 I art     : Explicit concurrent mark sweep GC freed 376(15KB) AllocSpace objects, 0(0B) LOS objects, 36% free, 27MB/43MB, paused 1.388ms total 30.486ms
08-03 18:52:21.565 22395 22423 I art     : Starting a blocking GC Explicit
08-03 18:52:21.567 22395 22395 D UserPreferences: Using default data folder
08-03 18:52:21.569 22395 22395 D OnlineFeedViewActivity: Activity was started with url http://joeroganexp.joerogan.libsynpro.com/rss
08-03 18:52:21.571 22395 22395 D OnlineFeedViewActivity: Starting feed download
08-03 18:52:21.574 22395 22419 D DBReader: Extracting Feedlist
08-03 18:52:21.576   918  3714 D WifiService: acquireWifiLockLocked: WifiLock{Downloader type=1 binder=android.os.BinderProxy@98b4d28}
08-03 18:52:21.576 22395 22419 D AntennapodHttpClient: Creating new instance of HTTP client
08-03 18:52:21.597 22395 22423 I art     : Explicit concurrent mark sweep GC freed 890(70KB) AllocSpace objects, 0(0B) LOS objects, 36% free, 27MB/43MB, paused 1.351ms total 31.740ms
08-03 18:52:21.621 13866 13866 I GoogleInputMethodServic: GoogleInputMethodService.onFinishInput():3138 
08-03 18:52:21.622 13866 13866 I GoogleInputMethodServic: GoogleInputMethodService.onStartInput():1808 
08-03 18:52:21.623 22395 22419 D MYTAG   : interceptor 3a http://joeroganexp.joerogan.libsynpro.com/rss
08-03 18:52:21.624 22395 22419 I NAPPA_EXPERIMENTATION: MetricNetworkRequestExecutionTime: REQUEST_DURATION_SYSTEM='45',REQUEST_DURATION_OKHTTP='38',REQUEST_SYNCHRONOUS='TRUE',RESPONSE_CODE='200',RESPONSE_METHOD='GET',RESPONSE_LENGTH_OKHTTP='-1',RESPONSE_LENGTH_HEADER='307892',REQUEST_PROTOCOL='http/1.1',REQUEST_URL='http://joeroganexp.joerogan.libsynpro.com/rss',
08-03 18:52:21.624 22395 22419 D HttpDownloader: Response code is 200
08-03 18:52:21.624 22395 22419 D UserPreferences: Using default data folder
08-03 18:52:21.625 22395 22419 D HttpDownloader: Getting size of download
08-03 18:52:21.625 22395 22419 D HttpDownloader: Size is -1
08-03 18:52:21.625 22395 22419 D UserPreferences: Using default data folder
08-03 18:52:21.626 22395 22419 D HttpDownloader: Free space is 20617854976
08-03 18:52:21.626 22395 22419 D HttpDownloader: Starting download
08-03 18:52:21.650   918   936 I ActivityManager: Displayed baseline.de.danoeh.antennapod.debug/baseline.de.danoeh.antennapod.activity.OnlineFeedViewActivity: +112ms
08-03 18:52:21.793 22395 22419 D HttpDownloader: Download was successful
08-03 18:52:21.794   918  3696 D WifiService: releaseWifiLockLocked: WifiLock{Downloader type=1 binder=android.os.BinderProxy@98b4d28}
08-03 18:52:21.794 22395 22395 D OnlineFeedViewActivity: Parsing feed
08-03 18:52:21.801 22395 23606 D TypeGetter: Recognized type RSS 2.0
08-03 18:52:21.804 22395 23606 D SyndHandler: Recognized Atom namespace
08-03 18:52:21.804 22395 23606 D SyndHandler: Recognized ITunes namespace
08-03 18:52:21.805 22395 23606 D SyndHandler: Recognized media namespace
08-03 18:52:21.805 22395 23606 D SyndHandler: Recognized Content namespace
08-03 18:52:21.879   512  2967 D audio_hw_primary: disable_audio_route: reset and update mixer path: low-latency-playback speaker
08-03 18:52:21.880   512  2967 D audio_hw_primary: disable_snd_device: snd_device(2: speaker)
08-03 18:52:21.888   512  2967 I soundtrigger: audio_extn_sound_trigger_update_device_status: device 0x2 of type 0 for Event 0
08-03 18:52:21.898   380   380 W SurfaceFlinger: couldn't log to binary event log: overflow.
08-03 18:52:21.906 22395 22408 I art     : Starting a blocking GC Explicit
08-03 18:52:21.940 22395 22408 I art     : Explicit concurrent mark sweep GC freed 8648(611KB) AllocSpace objects, 4(80KB) LOS objects, 36% free, 27MB/43MB, paused 1.188ms total 33.887ms
08-03 18:52:21.951 22395 22408 I art     : Starting a blocking GC Explicit
08-03 18:52:21.983 22395 22408 I art     : Explicit concurrent mark sweep GC freed 4181(213KB) AllocSpace objects, 0(0B) LOS objects, 36% free, 27MB/43MB, paused 1.214ms total 32.039ms
08-03 18:52:21.994 22395 22408 I art     : Starting a blocking GC Explicit
08-03 18:52:22.028 22395 22408 I art     : Explicit concurrent mark sweep GC freed 2628(134KB) AllocSpace objects, 0(0B) LOS objects, 36% free, 27MB/43MB, paused 1.389ms total 33.101ms
08-03 18:52:22.036 22395 22395 D PlaybackController: Releasing PlaybackController
08-03 18:52:22.040 22395 22408 I art     : Starting a blocking GC Explicit
08-03 18:52:22.073 22395 22408 I art     : Explicit concurrent mark sweep GC freed 2746(136KB) AllocSpace objects, 0(0B) LOS objects, 36% free, 27MB/43MB, paused 1.381ms total 33.425ms
08-03 18:52:22.084 22395 22408 I art     : Starting a blocking GC Explicit
08-03 18:52:22.117 22395 22408 I art     : Explicit concurrent mark sweep GC freed 2506(130KB) AllocSpace objects, 0(0B) LOS objects, 36% free, 28MB/44MB, paused 1.345ms total 32.424ms
08-03 18:52:22.410 22395 22423 I art     : Starting a blocking GC Explicit
08-03 18:52:22.451 22395 22423 I art     : Explicit concurrent mark sweep GC freed 19113(1030KB) AllocSpace objects, 1(20KB) LOS objects, 35% free, 28MB/44MB, paused 1.419ms total 40.577ms
08-03 18:52:22.464 22395 22423 I art     : Starting a blocking GC Explicit
08-03 18:52:22.498 22395 22423 I art     : Explicit concurrent mark sweep GC freed 7305(346KB) AllocSpace objects, 0(0B) LOS objects, 36% free, 28MB/44MB, paused 1.300ms total 33.582ms
08-03 18:52:22.509 22395 22423 I art     : Starting a blocking GC Explicit
08-03 18:52:22.543 22395 22423 I art     : Explicit concurrent mark sweep GC freed 3031(152KB) AllocSpace objects, 0(0B) LOS objects, 35% free, 28MB/44MB, paused 1.298ms total 33.558ms
08-03 18:52:22.555 22395 22423 I art     : Starting a blocking GC Explicit
08-03 18:52:22.588 22395 22423 I art     : Explicit concurrent mark sweep GC freed 2764(146KB) AllocSpace objects, 0(0B) LOS objects, 35% free, 28MB/44MB, paused 1.518ms total 33.632ms
08-03 18:52:22.600 22395 22423 I art     : Starting a blocking GC Explicit
08-03 18:52:22.634 22395 22423 I art     : Explicit concurrent mark sweep GC freed 2808(140KB) AllocSpace objects, 0(0B) LOS objects, 35% free, 28MB/44MB, paused 1.352ms total 33.830ms
08-03 18:52:22.925 22395 22407 I art     : Starting a blocking GC Explicit
08-03 18:52:22.969 22395 22407 I art     : Explicit concurrent mark sweep GC freed 19404(1025KB) AllocSpace objects, 1(20KB) LOS objects, 35% free, 29MB/45MB, paused 1.437ms total 43.452ms
08-03 18:52:22.982 22395 22407 I art     : Starting a blocking GC Explicit
08-03 18:52:23.019 22395 22407 I art     : Explicit concurrent mark sweep GC freed 6778(328KB) AllocSpace objects, 0(0B) LOS objects, 35% free, 28MB/44MB, paused 1.363ms total 36.894ms
08-03 18:52:23.026   918 13198 D NetlinkSocketObserver: NeighborEvent{elapsedMs=1627346901, 192.168.2.254, [7C3953A63323], RTM_NEWNEIGH, NUD_STALE}
08-03 18:52:23.031 22395 22407 I art     : Starting a blocking GC Explicit
08-03 18:52:23.068 22395 22407 I art     : Explicit concurrent mark sweep GC freed 4234(216KB) AllocSpace objects, 0(0B) LOS objects, 35% free, 28MB/44MB, paused 1.508ms total 36.678ms
08-03 18:52:23.081 22395 22407 I art     : Starting a blocking GC Explicit
08-03 18:52:23.117 22395 22407 I art     : Explicit concurrent mark sweep GC freed 2861(145KB) AllocSpace objects, 0(0B) LOS objects, 35% free, 29MB/45MB, paused 1.230ms total 35.942ms
08-03 18:52:23.129 22395 22407 I art     : Starting a blocking GC Explicit
08-03 18:52:23.166 22395 22407 I art     : Explicit concurrent mark sweep GC freed 2956(160KB) AllocSpace objects, 0(0B) LOS objects, 35% free, 29MB/45MB, paused 1.396ms total 36.403ms
08-03 18:52:23.471 22395 22407 I art     : Starting a blocking GC Explicit
08-03 18:52:23.519 22395 22407 I art     : Explicit concurrent mark sweep GC freed 19818(1068KB) AllocSpace objects, 1(20KB) LOS objects, 35% free, 29MB/45MB, paused 1.579ms total 47.848ms
08-03 18:52:23.533 22395 22407 I art     : Starting a blocking GC Explicit
08-03 18:52:23.573 22395 22407 I art     : Explicit concurrent mark sweep GC freed 3431(180KB) AllocSpace objects, 0(0B) LOS objects, 35% free, 29MB/45MB, paused 1.548ms total 40.006ms
08-03 18:52:23.586 22395 22407 I art     : Starting a blocking GC Explicit
08-03 18:52:23.623 22395 22407 I art     : Explicit concurrent mark sweep GC freed 8296(404KB) AllocSpace objects, 0(0B) LOS objects, 35% free, 29MB/45MB, paused 1.359ms total 36.986ms
08-03 18:52:23.635 22395 22407 I art     : Starting a blocking GC Explicit
08-03 18:52:23.672 22395 22407 I art     : Explicit concurrent mark sweep GC freed 3059(160KB) AllocSpace objects, 0(0B) LOS objects, 35% free, 29MB/45MB, paused 1.250ms total 37.020ms
08-03 18:52:23.685 22395 22407 I art     : Starting a blocking GC Explicit
08-03 18:52:23.725 22395 22407 I art     : Explicit concurrent mark sweep GC freed 3036(163KB) AllocSpace objects, 0(0B) LOS objects, 35% free, 29MB/45MB, paused 1.373ms total 39.617ms
08-03 18:52:24.050 22395 22407 I art     : Starting a blocking GC Explicit
08-03 18:52:24.100 22395 22407 I art     : Explicit concurrent mark sweep GC freed 21045(1156KB) AllocSpace objects, 1(20KB) LOS objects, 34% free, 30MB/46MB, paused 1.579ms total 49.864ms
08-03 18:52:24.114 22395 22407 I art     : Starting a blocking GC Explicit
08-03 18:52:24.156 22395 22407 I art     : Explicit concurrent mark sweep GC freed 4671(243KB) AllocSpace objects, 0(0B) LOS objects, 34% free, 30MB/46MB, paused 1.415ms total 41.182ms
08-03 18:52:24.169 22395 22407 I art     : Starting a blocking GC Explicit
08-03 18:52:24.209 22395 22407 I art     : Explicit concurrent mark sweep GC freed 7664(357KB) AllocSpace objects, 0(0B) LOS objects, 34% free, 30MB/46MB, paused 1.483ms total 40.177ms
08-03 18:52:24.222 22395 22407 I art     : Starting a blocking GC Explicit
08-03 18:52:24.263 22395 22407 I art     : Explicit concurrent mark sweep GC freed 3073(156KB) AllocSpace objects, 0(0B) LOS objects, 34% free, 30MB/46MB, paused 1.296ms total 40.636ms
08-03 18:52:24.277 22395 22407 I art     : Starting a blocking GC Explicit
08-03 18:52:24.318 22395 22407 I art     : Explicit concurrent mark sweep GC freed 3220(168KB) AllocSpace objects, 0(0B) LOS objects, 34% free, 30MB/46MB, paused 1.402ms total 40.925ms
08-03 18:52:24.629 22395 22423 I art     : Starting a blocking GC Explicit
08-03 18:52:24.677 22395 22423 I art     : Explicit concurrent mark sweep GC freed 20739(1042KB) AllocSpace objects, 1(20KB) LOS objects, 34% free, 30MB/46MB, paused 1.385ms total 47.474ms
08-03 18:52:24.691 22395 22423 I art     : Starting a blocking GC Explicit
08-03 18:52:24.732 22395 22423 I art     : Explicit concurrent mark sweep GC freed 8543(378KB) AllocSpace objects, 0(0B) LOS objects, 34% free, 30MB/46MB, paused 1.600ms total 40.651ms
08-03 18:52:24.746 22395 22423 I art     : Starting a blocking GC Explicit
08-03 18:52:24.788 22395 22423 I art     : Explicit concurrent mark sweep GC freed 3794(170KB) AllocSpace objects, 0(0B) LOS objects, 34% free, 30MB/46MB, paused 1.654ms total 42.229ms
08-03 18:52:24.802 22395 22423 I art     : Starting a blocking GC Explicit
08-03 18:52:24.845 22395 22423 I art     : Explicit concurrent mark sweep GC freed 3401(147KB) AllocSpace objects, 0(0B) LOS objects, 34% free, 30MB/46MB, paused 1.425ms total 42.885ms
08-03 18:52:24.859 22395 22423 I art     : Starting a blocking GC Explicit
08-03 18:52:24.900 22395 22423 I art     : Explicit concurrent mark sweep GC freed 2761(125KB) AllocSpace objects, 0(0B) LOS objects, 34% free, 30MB/46MB, paused 1.520ms total 41.589ms
08-03 18:52:25.043 22395 23606 D OnlineFeedViewActivity: Deleted feed source file. Result: true
08-03 18:52:25.054 22395 22395 D OnlineFeedViewActivity: Removing HTML from shownotes
08-03 18:52:25.218 22395 22407 I art     : Waiting for a blocking GC Explicit
08-03 18:52:25.252 22395 22407 I art     : WaitForGcToComplete blocked for 33.683ms for cause Explicit
08-03 18:52:25.252 22395 22407 I art     : Starting a blocking GC Explicit
08-03 18:52:25.304 22395 22407 I art     : Explicit concurrent mark sweep GC freed 38448(3MB) AllocSpace objects, 168(11MB) LOS objects, 33% free, 32MB/48MB, paused 1.290ms total 51.447ms
08-03 18:52:25.318 22395 22407 I art     : Starting a blocking GC Explicit
08-03 18:52:25.368 22395 22407 I art     : Explicit concurrent mark sweep GC freed 43194(3MB) AllocSpace objects, 194(12MB) LOS objects, 32% free, 32MB/48MB, paused 1.371ms total 49.138ms
08-03 18:52:25.383 22395 22407 I art     : Starting a blocking GC Explicit
08-03 18:52:25.433 22395 22407 I art     : Explicit concurrent mark sweep GC freed 44905(3MB) AllocSpace objects, 195(12MB) LOS objects, 32% free, 32MB/48MB, paused 1.357ms total 50.499ms
08-03 18:52:25.448 22395 22407 I art     : Starting a blocking GC Explicit
08-03 18:52:25.497 22395 22407 I art     : Explicit concurrent mark sweep GC freed 43713(3MB) AllocSpace objects, 202(13MB) LOS objects, 32% free, 32MB/48MB, paused 1.310ms total 49.151ms
08-03 18:52:25.512 22395 22407 I art     : Starting a blocking GC Explicit
08-03 18:52:25.563 22395 22407 I art     : Explicit concurrent mark sweep GC freed 47319(4MB) AllocSpace objects, 295(19MB) LOS objects, 31% free, 34MB/50MB, paused 1.347ms total 50.433ms
08-03 18:52:25.593 22395 23326 D ApOkHttpUrlLoader: buildLoadData() called with: model = [http://static.libsyn.com/p/assets/7/1/f/3/71f3014e14ef2722/JREiTunesImage2.jpg], width = [350], height = [350]
08-03 18:52:25.594 22395 22395 I Choreographer: Skipped 31 frames!  The application may be doing too much work on its main thread.
08-03 18:52:25.595 22395 23144 D DBReader: getImageAuthentication() called with: imageUrl = [http://static.libsyn.com/p/assets/7/1/f/3/71f3014e14ef2722/JREiTunesImage2.jpg]
08-03 18:52:25.596 22395 23144 D ApOkHttpUrlLoader: no credentials for 'http://static.libsyn.com/p/assets/7/1/f/3/71f3014e14ef2722/JREiTunesImage2.jpg'
08-03 18:52:25.687 22395 23144 D MYTAG   : interceptor 2a
08-03 18:52:25.687 22395 23144 I NAPPA_EXPERIMENTATION: MetricNetworkRequestExecutionTime: REQUEST_DURATION_SYSTEM='91',REQUEST_DURATION_OKHTTP='40',REQUEST_SYNCHRONOUS='TRUE',RESPONSE_CODE='200',RESPONSE_METHOD='GET',RESPONSE_LENGTH_OKHTTP='402832',RESPONSE_LENGTH_HEADER='402832',REQUEST_PROTOCOL='http/1.1',REQUEST_URL='http://static.libsyn.com/p/assets/7/1/f/3/71f3014e14ef2722/JREiTunesImage2.jpg',
08-03 18:52:25.818   518   646 I ThermalEngine: ACTION: GPU - Setting GPU[0] to 390000000
08-03 18:52:25.853 22395 22408 I art     : Starting a blocking GC Explicit
08-03 18:52:25.915 22395 22408 I art     : Explicit concurrent mark sweep GC freed 22338(2MB) AllocSpace objects, 121(7MB) LOS objects, 33% free, 31MB/47MB, paused 1.724ms total 61.310ms
08-03 18:52:25.937 22395 22408 I art     : Starting a blocking GC Explicit
08-03 18:52:25.989 22395 22408 I art     : Explicit concurrent mark sweep GC freed 615(29KB) AllocSpace objects, 1(112KB) LOS objects, 33% free, 31MB/47MB, paused 1.735ms total 51.714ms
08-03 18:52:26.011 22395 22408 I art     : Starting a blocking GC Explicit
08-03 18:52:26.043 23673 23673 D AndroidRuntime: >>>>>> START com.android.internal.os.RuntimeInit uid 2000 <<<<<<
08-03 18:52:26.049 23673 23673 D AndroidRuntime: CheckJNI is OFF
08-03 18:52:26.068 22395 22408 I art     : Explicit concurrent mark sweep GC freed 3(96B) AllocSpace objects, 0(0B) LOS objects, 33% free, 31MB/47MB, paused 1.720ms total 56.496ms
08-03 18:52:26.089 22395 22408 I art     : Starting a blocking GC Explicit
08-03 18:52:26.103 23673 23673 D ICU     : No timezone override file found: /data/misc/zoneinfo/current/icu/icu_tzdata.dat
08-03 18:52:26.146 22395 22408 I art     : Explicit concurrent mark sweep GC freed 3(96B) AllocSpace objects, 0(0B) LOS objects, 33% free, 31MB/47MB, paused 1.655ms total 55.987ms
08-03 18:52:26.149 23673 23673 I Radio-JNI: register_android_hardware_Radio DONE
08-03 18:52:26.167 22395 22408 I art     : Starting a blocking GC Explicit
08-03 18:52:26.181 23673 23673 D AndroidRuntime: Calling main entry com.android.commands.input.Input
08-03 18:52:26.183 23673 23673 I Input   : injectMotionEvent: MotionEvent { action=ACTION_DOWN, actionButton=0, id[0]=0, x[0]=693.0, y[0]=821.0, toolType[0]=TOOL_TYPE_UNKNOWN, buttonState=0, metaState=0, flags=0x0, edgeFlags=0x0, pointerCount=1, historySize=0, eventTime=643962595, downTime=643962595, deviceId=0, source=0x1002 }
08-03 18:52:26.188 23673 23673 I Input   : injectMotionEvent: MotionEvent { action=ACTION_UP, actionButton=0, id[0]=0, x[0]=693.0, y[0]=821.0, toolType[0]=TOOL_TYPE_UNKNOWN, buttonState=0, metaState=0, flags=0x0, edgeFlags=0x0, pointerCount=1, historySize=0, eventTime=643962595, downTime=643962595, deviceId=0, source=0x1002 }
08-03 18:52:26.191 23673 23673 D AndroidRuntime: Shutting down VM
08-03 18:52:26.205 22395 22395 D UserPreferences: Using default data folder
08-03 18:52:26.206 22395 22395 D DownloadRequester: partiallyDownloadedFileExists: false
08-03 18:52:26.207 22395 22395 D DownloadRequester: /storage/emulated/0/Android/data/baseline.de.danoeh.antennapod.debug/files/cache/feed-The Joe Rogan Experience is available as a download destination
08-03 18:52:26.207   512  2967 D audio_hw_primary: out_set_parameters: enter: usecase(1: low-latency-playback) kvpairs: routing=2
08-03 18:52:26.207 22395 22395 D DownloadRequester: Requesting download of url http://joeroganexp.joerogan.libsynpro.com/rss
08-03 18:52:26.211 22395 22395 D DownloadService: Service started
08-03 18:52:26.215 22395 22395 D DownloadService: parallel downloads: 4
08-03 18:52:26.216 22395 23697 D downloadCompletionThd: downloadCompletionThread was started
08-03 18:52:26.219 22395 22395 D DownloadService: Notification set up
08-03 18:52:26.221   512  2967 D audio_hw_primary: select_devices: out_snd_device(2: speaker) in_snd_device(0: none)
08-03 18:52:26.221   512  2967 D msm8974_platform: platform_send_audio_calibration: sending audio calibration for snd_device(2) acdb_id(15)
08-03 18:52:26.222   512  2967 I soundtrigger: audio_extn_sound_trigger_update_device_status: device 0x2 of type 0 for Event 1
08-03 18:52:26.228 22395 22408 I art     : Explicit concurrent mark sweep GC freed 231(12KB) AllocSpace objects, 0(0B) LOS objects, 33% free, 31MB/47MB, paused 2.091ms total 59.712ms
08-03 18:52:26.231 22395 22395 D DownloadService: Received enqueue request
08-03 18:52:26.232 22395 22395 D OnlineFeedViewActivity: onEventMainThread() called with: event = [DownloadEvent{update=DownloaderUpdate{downloaders=[baseline.de.danoeh.antennapod.core.service.download.HttpDownloader@b35a412], feedIds=[0], mediaIds=[]}}]
08-03 18:52:26.233 22395 22395 D DownloadService: 1 downloads left
08-03 18:52:26.233 22395 22395 D DownloadService: Setting up notification updater
08-03 18:52:26.242   512  2967 D audio_hw_primary: enable_snd_device: snd_device(2: speaker)
08-03 18:52:26.246   512  2967 D audio_hw_primary: enable_audio_route: apply and update mixer path: low-latency-playback speaker
08-03 18:52:26.267   918   929 D WifiService: acquireWifiLockLocked: WifiLock{Downloader type=1 binder=android.os.BinderProxy@f59617}
08-03 18:52:26.276 22395 23699 D AntennapodHttpClient: Creating new instance of HTTP client
08-03 18:52:26.408 22395 23699 D MYTAG   : interceptor 3a http://joeroganexp.joerogan.libsynpro.com/rss
08-03 18:52:26.408 22395 23699 I NAPPA_EXPERIMENTATION: MetricNetworkRequestExecutionTime: REQUEST_DURATION_SYSTEM='131',REQUEST_DURATION_OKHTTP='44',REQUEST_SYNCHRONOUS='TRUE',RESPONSE_CODE='200',RESPONSE_METHOD='GET',RESPONSE_LENGTH_OKHTTP='-1',RESPONSE_LENGTH_HEADER='307892',REQUEST_PROTOCOL='http/1.1',REQUEST_URL='http://joeroganexp.joerogan.libsynpro.com/rss',
08-03 18:52:26.408 22395 23699 D HttpDownloader: Response code is 200
08-03 18:52:26.408 22395 23699 D UserPreferences: Using default data folder
08-03 18:52:26.412 22395 23699 D HttpDownloader: Getting size of download
08-03 18:52:26.413 22395 23699 D HttpDownloader: Size is -1
08-03 18:52:26.413 22395 23699 D UserPreferences: Using default data folder
08-03 18:52:26.416 22395 23699 D HttpDownloader: Free space is 20617396224
08-03 18:52:26.416 22395 23699 D HttpDownloader: Starting download
08-03 18:52:26.561 22395 23699 D HttpDownloader: Download was successful
08-03 18:52:26.563   918  3670 D WifiService: releaseWifiLockLocked: WifiLock{Downloader type=1 binder=android.os.BinderProxy@f59617}
08-03 18:52:26.563 22395 23697 D downloadCompletionThd: Received 'Download Complete' - message.
08-03 18:52:26.563 22395 23697 D DownloadService: Handling completed Feed Download
08-03 18:52:26.563 22395 22395 D DownloadService: Removing downloader: http://joeroganexp.joerogan.libsynpro.com/rss
08-03 18:52:26.564 22395 22395 D DownloadService: Result of downloads.remove: true
08-03 18:52:26.564 22395 22395 D OnlineFeedViewActivity: onEventMainThread() called with: event = [DownloadEvent{update=DownloaderUpdate{downloaders=[], feedIds=[], mediaIds=[]}}]
08-03 18:52:26.574 22395 23712 D TypeGetter: Recognized type RSS 2.0
08-03 18:52:26.576 22395 23712 D SyndHandler: Recognized Atom namespace
08-03 18:52:26.577 22395 23712 D SyndHandler: Recognized ITunes namespace
08-03 18:52:26.577 22395 23712 D SyndHandler: Recognized media namespace
08-03 18:52:26.577 22395 23712 D SyndHandler: Recognized Content namespace
08-03 18:52:26.577 22395 22407 I art     : Starting a blocking GC Explicit
08-03 18:52:26.638 22395 22407 I art     : Explicit concurrent mark sweep GC freed 4538(398KB) AllocSpace objects, 4(80KB) LOS objects, 33% free, 31MB/47MB, paused 1.967ms total 59.977ms
08-03 18:52:26.658 22395 22407 I art     : Starting a blocking GC Explicit
08-03 18:52:26.712 22395 22407 I art     : Explicit concurrent mark sweep GC freed 2949(152KB) AllocSpace objects, 0(0B) LOS objects, 33% free, 31MB/47MB, paused 2.192ms total 53.540ms
08-03 18:52:26.732 22395 22407 I art     : Starting a blocking GC Explicit
08-03 18:52:26.787 22395 22407 I art     : Explicit concurrent mark sweep GC freed 3516(178KB) AllocSpace objects, 0(0B) LOS objects, 33% free, 31MB/47MB, paused 1.956ms total 54.529ms
08-03 18:52:26.799   512  2967 D audio_hw_primary: disable_audio_route: reset and update mixer path: low-latency-playback speaker
08-03 18:52:26.800   512  2967 D audio_hw_primary: disable_snd_device: snd_device(2: speaker)
08-03 18:52:26.807 22395 22407 I art     : Starting a blocking GC Explicit
08-03 18:52:26.811   512  2967 I soundtrigger: audio_extn_sound_trigger_update_device_status: device 0x2 of type 0 for Event 0
08-03 18:52:26.863 22395 22407 I art     : Explicit concurrent mark sweep GC freed 3590(188KB) AllocSpace objects, 0(0B) LOS objects, 33% free, 31MB/47MB, paused 1.983ms total 55.806ms
08-03 18:52:26.883 22395 22407 I art     : Starting a blocking GC Explicit
08-03 18:52:26.939 22395 22407 I art     : Explicit concurrent mark sweep GC freed 3547(173KB) AllocSpace objects, 0(0B) LOS objects, 33% free, 31MB/47MB, paused 2.076ms total 55.153ms
08-03 18:52:27.261 22395 22423 I art     : Starting a blocking GC Explicit
08-03 18:52:27.331 22395 22423 I art     : Explicit concurrent mark sweep GC freed 15793(852KB) AllocSpace objects, 1(20KB) LOS objects, 33% free, 32MB/48MB, paused 2.081ms total 69.390ms
08-03 18:52:27.354 22395 22423 I art     : Starting a blocking GC Explicit
08-03 18:52:27.413 22395 22423 I art     : Explicit concurrent mark sweep GC freed 7310(351KB) AllocSpace objects, 0(0B) LOS objects, 33% free, 32MB/48MB, paused 2.265ms total 58.144ms
08-03 18:52:27.434 22395 22423 I art     : Starting a blocking GC Explicit
08-03 18:52:27.490 22395 22423 I art     : Explicit concurrent mark sweep GC freed 3753(195KB) AllocSpace objects, 0(0B) LOS objects, 33% free, 32MB/48MB, paused 2.020ms total 55.741ms
08-03 18:52:27.510 22395 22423 I art     : Starting a blocking GC Explicit
08-03 18:52:27.570 22395 22423 I art     : Explicit concurrent mark sweep GC freed 3962(203KB) AllocSpace objects, 0(0B) LOS objects, 33% free, 32MB/48MB, paused 2.366ms total 59.636ms
08-03 18:52:27.593 22395 22423 I art     : Starting a blocking GC Explicit
08-03 18:52:27.655 22395 22423 I art     : Explicit concurrent mark sweep GC freed 4040(210KB) AllocSpace objects, 0(0B) LOS objects, 33% free, 32MB/48MB, paused 2.188ms total 61.904ms
08-03 18:52:27.987 22395 22408 I art     : Starting a blocking GC Explicit
08-03 18:52:28.059 22395 22408 I art     : Explicit concurrent mark sweep GC freed 16965(893KB) AllocSpace objects, 1(20KB) LOS objects, 32% free, 32MB/48MB, paused 2.216ms total 71.361ms
08-03 18:52:28.066 22395 22395 D OnlineFeedViewActivity: onEventMainThread() called with: event = [DownloadEvent{update=DownloaderUpdate{downloaders=[], feedIds=[], mediaIds=[]}}]
08-03 18:52:28.083 22395 22408 I art     : Starting a blocking GC Explicit
08-03 18:52:28.144 22395 22408 I art     : Explicit concurrent mark sweep GC freed 7859(381KB) AllocSpace objects, 0(0B) LOS objects, 32% free, 32MB/48MB, paused 2.138ms total 60.892ms
08-03 18:52:28.166 22395 22408 I art     : Starting a blocking GC Explicit
08-03 18:52:28.230 22395 22408 I art     : Explicit concurrent mark sweep GC freed 4188(209KB) AllocSpace objects, 0(0B) LOS objects, 32% free, 32MB/48MB, paused 2.298ms total 63.610ms
08-03 18:52:28.253 22395 22408 I art     : Starting a blocking GC Explicit
08-03 18:52:28.318 22395 22408 I art     : Explicit concurrent mark sweep GC freed 4182(226KB) AllocSpace objects, 0(0B) LOS objects, 32% free, 32MB/48MB, paused 2.133ms total 64.655ms
08-03 18:52:28.341 22395 22408 I art     : Starting a blocking GC Explicit
08-03 18:52:28.408 22395 22408 I art     : Explicit concurrent mark sweep GC freed 4122(214KB) AllocSpace objects, 0(0B) LOS objects, 32% free, 32MB/48MB, paused 2.134ms total 66.169ms
08-03 18:52:28.734 22395 22423 I art     : Starting a blocking GC Explicit
08-03 18:52:28.806 22395 22423 I art     : Explicit concurrent mark sweep GC freed 16803(905KB) AllocSpace objects, 1(20KB) LOS objects, 32% free, 33MB/49MB, paused 2.224ms total 71.854ms
08-03 18:52:28.831 22395 22423 I art     : Starting a blocking GC Explicit
08-03 18:52:28.899 22395 22423 I art     : Explicit concurrent mark sweep GC freed 8269(404KB) AllocSpace objects, 0(0B) LOS objects, 32% free, 33MB/49MB, paused 2.247ms total 67.586ms
08-03 18:52:28.922 22395 22423 I art     : Starting a blocking GC Explicit
08-03 18:52:28.991 22395 22423 I art     : Explicit concurrent mark sweep GC freed 4306(227KB) AllocSpace objects, 0(0B) LOS objects, 32% free, 33MB/49MB, paused 2.362ms total 67.988ms
08-03 18:52:29.015 22395 22423 I art     : Starting a blocking GC Explicit
08-03 18:52:29.086 22395 22423 I art     : Explicit concurrent mark sweep GC freed 4290(233KB) AllocSpace objects, 0(0B) LOS objects, 32% free, 33MB/49MB, paused 2.356ms total 70.173ms
08-03 18:52:29.111 22395 22423 I art     : Starting a blocking GC Explicit
08-03 18:52:29.180 22395 22423 I art     : Explicit concurrent mark sweep GC freed 4442(239KB) AllocSpace objects, 0(0B) LOS objects, 32% free, 33MB/49MB, paused 2.456ms total 68.335ms
08-03 18:52:29.502 22395 22407 I art     : Starting a blocking GC Explicit
08-03 18:52:29.569 22395 22395 D OnlineFeedViewActivity: onEventMainThread() called with: event = [DownloadEvent{update=DownloaderUpdate{downloaders=[], feedIds=[], mediaIds=[]}}]
08-03 18:52:29.579 22395 22407 I art     : Explicit concurrent mark sweep GC freed 16856(939KB) AllocSpace objects, 1(20KB) LOS objects, 32% free, 33MB/49MB, paused 2.318ms total 76.532ms
08-03 18:52:29.606 22395 22407 I art     : Starting a blocking GC Explicit
08-03 18:52:29.673 22395 22407 I art     : Explicit concurrent mark sweep GC freed 8151(384KB) AllocSpace objects, 0(0B) LOS objects, 32% free, 33MB/49MB, paused 2ms total 66.648ms
08-03 18:52:29.697 22395 22407 I art     : Starting a blocking GC Explicit
08-03 18:52:29.760 22395 22407 I art     : Explicit concurrent mark sweep GC freed 3958(207KB) AllocSpace objects, 0(0B) LOS objects, 32% free, 33MB/49MB, paused 2.213ms total 62.742ms
08-03 18:52:29.783 22395 22407 I art     : Starting a blocking GC Explicit
08-03 18:52:29.853 22395 22407 I art     : Explicit concurrent mark sweep GC freed 4369(226KB) AllocSpace objects, 0(0B) LOS objects, 32% free, 33MB/49MB, paused 2.266ms total 69.584ms
08-03 18:52:29.878 22395 22407 I art     : Starting a blocking GC Explicit
08-03 18:52:29.955 22395 22407 I art     : Explicit concurrent mark sweep GC freed 4824(245KB) AllocSpace objects, 0(0B) LOS objects, 32% free, 33MB/49MB, paused 2.306ms total 77.348ms
08-03 18:52:30.286 22395 22423 I art     : Starting a blocking GC Explicit
08-03 18:52:30.367 22395 22423 I art     : Explicit concurrent mark sweep GC freed 17513(935KB) AllocSpace objects, 1(20KB) LOS objects, 31% free, 34MB/50MB, paused 2.156ms total 80.478ms
08-03 18:52:30.391 22395 22423 I art     : Starting a blocking GC Explicit
08-03 18:52:30.458 22395 22423 I art     : Explicit concurrent mark sweep GC freed 8571(373KB) AllocSpace objects, 0(0B) LOS objects, 31% free, 34MB/50MB, paused 2.056ms total 66.533ms
08-03 18:52:30.481 22395 22423 I art     : Starting a blocking GC Explicit
08-03 18:52:30.548 22395 22423 I art     : Explicit concurrent mark sweep GC freed 4444(189KB) AllocSpace objects, 0(0B) LOS objects, 31% free, 34MB/50MB, paused 2.147ms total 66.277ms
08-03 18:52:30.572 22395 22423 I art     : Starting a blocking GC Explicit
08-03 18:52:30.639 22395 22423 I art     : Explicit concurrent mark sweep GC freed 4325(192KB) AllocSpace objects, 0(0B) LOS objects, 31% free, 34MB/50MB, paused 2.189ms total 66.446ms
08-03 18:52:30.663 22395 22423 I art     : Starting a blocking GC Explicit
08-03 18:52:30.733 22395 22423 I art     : Explicit concurrent mark sweep GC freed 4440(193KB) AllocSpace objects, 0(0B) LOS objects, 31% free, 34MB/50MB, paused 2.130ms total 69.517ms
08-03 18:52:30.825   518   646 I ThermalEngine: ACTION: GPU - Setting GPU[0] to 450000000
08-03 18:52:30.923 22395 23712 D FeedSyncThread: The Joe Rogan Experience parsed
08-03 18:52:30.931 22395 23712 D FeedSyncThread: Deletion of file '/storage/emulated/0/Android/data/baseline.de.danoeh.antennapod.debug/files/cache/feed-The Joe Rogan Experience' successful
08-03 18:52:30.931 22395 23712 D DBReader: getFeedDownloadLog() called with: feed = [baseline.de.danoeh.antennapod.core.feed.Feed@0]
08-03 18:52:30.932 22395 23698 D FeedSyncThread: Bundling 1 feeds
08-03 18:52:30.933 22395 23772 D DBReader: Extracting Feedlist
08-03 18:52:30.935 22395 23772 D DBTasks : Found no existing Feed with title The Joe Rogan Experience. Adding as new one.
08-03 18:52:30.939 22395 23448 D PodDBAdapter: Setting feed with flattr status The Joe Rogan Experience: 0
08-03 18:52:30.939 22395 23448 D baseline.de.danoeh.antennapod.core.storage.PodDBAdapter@5e5c264: Inserting new Feed into db
08-03 18:52:31.022 23764 23764 D AndroidRuntime: >>>>>> START com.android.internal.os.RuntimeInit uid 2000 <<<<<<
08-03 18:52:31.028 23764 23764 D AndroidRuntime: CheckJNI is OFF
08-03 18:52:31.037 22395 22408 I art     : Starting a blocking GC Explicit
08-03 18:52:31.071 23764 23764 D ICU     : No timezone override file found: /data/misc/zoneinfo/current/icu/icu_tzdata.dat
08-03 18:52:31.072 22395 22395 D OnlineFeedViewActivity: onEventMainThread() called with: event = [DownloadEvent{update=DownloaderUpdate{downloaders=[], feedIds=[], mediaIds=[]}}]
08-03 18:52:31.102 22395 22408 I art     : Explicit concurrent mark sweep GC freed 52394(3MB) AllocSpace objects, 1(20KB) LOS objects, 31% free, 34MB/50MB, paused 1.478ms total 64.656ms
08-03 18:52:31.114 23764 23764 I Radio-JNI: register_android_hardware_Radio DONE
08-03 18:52:31.119 22395 22408 I art     : Starting a blocking GC Explicit
08-03 18:52:31.142 23764 23764 D AndroidRuntime: Calling main entry com.android.commands.input.Input
08-03 18:52:31.144 23764 23764 I Input   : injectKeyEvent: KeyEvent { action=ACTION_DOWN, keyCode=KEYCODE_BACK, scanCode=0, metaState=0, flags=0x0, repeatCount=0, eventTime=643967557, downTime=643967557, deviceId=-1, source=0x101 }
08-03 18:52:31.149 23764 23764 I Input   : injectKeyEvent: KeyEvent { action=ACTION_UP, keyCode=KEYCODE_BACK, scanCode=0, metaState=0, flags=0x0, repeatCount=0, eventTime=643967557, downTime=643967557, deviceId=-1, source=0x101 }
08-03 18:52:31.156 23764 23764 D AndroidRuntime: Shutting down VM
08-03 18:52:31.160 22395 22395 V PlaybackController: initServiceNotRunning()
08-03 18:52:31.160 22395 22395 D ExternalPlayerFragment: Loading media info
08-03 18:52:31.168 22395 22395 D UserPreferences: Using default data folder
08-03 18:52:31.168 22395 22419 D DBReader: getNavDrawerData() called with: 
08-03 18:52:31.174 22395 22408 I art     : Explicit concurrent mark sweep GC freed 18609(1304KB) AllocSpace objects, 0(0B) LOS objects, 31% free, 34MB/50MB, paused 1.908ms total 54.635ms
08-03 18:52:31.189 22395 22408 I art     : Starting a blocking GC Explicit
08-03 18:52:31.201 13866 13866 I GoogleInputMethodServic: GoogleInputMethodService.onFinishInput():3138 
08-03 18:52:31.201 13866 13866 I GoogleInputMethodServic: GoogleInputMethodService.onStartInput():1808 
08-03 18:52:31.243 22395 22408 I art     : Explicit concurrent mark sweep GC freed 14057(1043KB) AllocSpace objects, 0(0B) LOS objects, 31% free, 34MB/50MB, paused 1.500ms total 53.399ms
08-03 18:52:31.259 22395 22408 I art     : Starting a blocking GC Explicit
08-03 18:52:31.312 22395 22408 I art     : Explicit concurrent mark sweep GC freed 15912(1181KB) AllocSpace objects, 0(0B) LOS objects, 31% free, 34MB/50MB, paused 1.395ms total 52.845ms
08-03 18:52:31.328 22395 22408 I art     : Starting a blocking GC Explicit
08-03 18:52:31.385 22395 22408 I art     : Explicit concurrent mark sweep GC freed 15115(1129KB) AllocSpace objects, 0(0B) LOS objects, 31% free, 34MB/50MB, paused 1.372ms total 57.433ms
08-03 18:52:31.489   380   380 W SurfaceFlinger: couldn't log to binary event log: overflow.
08-03 18:52:31.545 22395 22395 D EventDistributor: Processing event queue. Number of events: 1
08-03 18:52:31.545 22395 22395 D EventDistributor: Notifying observers. Data: 1
08-03 18:52:31.545 22395 22395 D MainActivity: Received contentUpdate Intent.
08-03 18:52:31.545 22395 22395 D DownloadService: 0 downloads left
08-03 18:52:31.545 22395 22935 D DBReader: getNavDrawerData() called with: 
08-03 18:52:31.545 22395 22395 D DownloadService: Number of downloads is 0, attempting shutdown
08-03 18:52:31.546 22395 22395 D DownloadService: Service shutting down
08-03 18:52:31.546 22395 22395 D DownloadService: No report is created
08-03 18:52:31.546 22395 22395 D EventBus: No subscribers registered for event class baseline.de.danoeh.antennapod.core.event.DownloadEvent
08-03 18:52:31.547 22395 22395 D EventBus: No subscribers registered for event class org.greenrobot.eventbus.NoSubscriberEvent
08-03 18:52:31.548 22395 23697 E downloadCompletionThd: DownloadCompletionThread was interrupted
08-03 18:52:31.548 22395 22395 D DownloadService: NotificationUpdater cancelled. Result: false
08-03 18:52:31.550 22395 22395 D DBTasks : autodownloadUndownloadedItems
08-03 18:52:31.550 22395 23449 D NetworkUtils: Device is connected to Wi-Fi
08-03 18:52:31.550 22395 23449 D NetworkUtils: Auto-dl filter is disabled
08-03 18:52:31.564 22395 22419 D DBReader: getDownloadedItems() called
08-03 18:52:31.567 22395 22935 D DBReader: getDownloadedItems() called
08-03 18:52:31.568 22395 22419 D DBReader: getFavoriteIDList() called
08-03 18:52:31.569 22395 22935 D DBReader: getFavoriteIDList() called
08-03 18:52:31.570 22395 22419 D DBReader: getQueueIDList() called
08-03 18:52:31.570 22395 22935 D DBReader: getQueueIDList() called
08-03 18:52:31.570 22395 22419 D DBReader: Extracting Feedlist
08-03 18:52:31.571 22395 22935 D DBReader: Extracting Feedlist
08-03 18:52:31.572 22395 22395 D MainActivity: getLastNavFragment() -> AddFeedFragment
08-03 18:52:31.599 22395 23326 D ApOkHttpUrlLoader: buildLoadData() called with: model = [http://static.libsyn.com/p/assets/7/1/f/3/71f3014e14ef2722/JREiTunesImage2.jpg], width = [140], height = [140]
08-03 18:52:31.601 22395 22395 D MainActivity: getLastNavFragment() -> AddFeedFragment
08-03 18:52:31.676 22395 23788 I art     : Starting a blocking GC Explicit
08-03 18:52:31.735 22395 23788 I art     : Explicit concurrent mark sweep GC freed 56331(4MB) AllocSpace objects, 2(40KB) LOS objects, 33% free, 31MB/47MB, paused 1.133ms total 59.444ms
08-03 18:52:31.750 22395 23788 I art     : Starting a blocking GC Explicit
08-03 18:52:31.788 22395 23788 I art     : Explicit concurrent mark sweep GC freed 34189(3MB) AllocSpace objects, 2(248KB) LOS objects, 36% free, 28MB/44MB, paused 1.085ms total 38.285ms
08-03 18:52:31.800 22395 23788 I art     : Starting a blocking GC Explicit
08-03 18:52:31.833 22395 23788 I art     : Explicit concurrent mark sweep GC freed 3(96B) AllocSpace objects, 0(0B) LOS objects, 36% free, 28MB/44MB, paused 1.052ms total 32.505ms
08-03 18:52:31.844 22395 23788 I art     : Starting a blocking GC Explicit
08-03 18:52:31.878 22395 23788 I art     : Explicit concurrent mark sweep GC freed 3(96B) AllocSpace objects, 0(0B) LOS objects, 36% free, 28MB/44MB, paused 1.203ms total 33.781ms
08-03 18:52:31.890 22395 23788 I art     : Starting a blocking GC Explicit
08-03 18:52:31.923 22395 23788 I art     : Explicit concurrent mark sweep GC freed 3(96B) AllocSpace objects, 0(0B) LOS objects, 36% free, 28MB/44MB, paused 1.074ms total 33.354ms
08-03 18:52:32.248 22395 22407 I art     : Starting a blocking GC Explicit
08-03 18:52:32.292 22395 22407 I art     : Explicit concurrent mark sweep GC freed 1373(80KB) AllocSpace objects, 1(20KB) LOS objects, 36% free, 28MB/44MB, paused 1.097ms total 43.611ms
08-03 18:52:32.306 22395 22407 I art     : Starting a blocking GC Explicit
08-03 18:52:32.340 22395 22407 I art     : Explicit concurrent mark sweep GC freed 23(752B) AllocSpace objects, 0(0B) LOS objects, 36% free, 28MB/44MB, paused 1.102ms total 33.832ms
08-03 18:52:32.352 22395 22407 I art     : Starting a blocking GC Explicit
08-03 18:52:32.385 22395 22407 I art     : Explicit concurrent mark sweep GC freed 3(96B) AllocSpace objects, 0(0B) LOS objects, 36% free, 28MB/44MB, paused 1.038ms total 32.407ms
08-03 18:52:32.397 22395 22407 I art     : Starting a blocking GC Explicit
08-03 18:52:32.430 22395 22407 I art     : Explicit concurrent mark sweep GC freed 32(880B) AllocSpace objects, 0(0B) LOS objects, 36% free, 28MB/44MB, paused 1.113ms total 32.706ms
08-03 18:52:32.442 22395 22407 I art     : Starting a blocking GC Explicit
08-03 18:52:32.475 22395 22407 I art     : Explicit concurrent mark sweep GC freed 3(96B) AllocSpace objects, 0(0B) LOS objects, 36% free, 28MB/44MB, paused 1.123ms total 32.545ms
08-03 18:52:32.776 22395 22423 I art     : Starting a blocking GC Explicit
08-03 18:52:32.814 22395 22423 I art     : Explicit concurrent mark sweep GC freed 1372(81KB) AllocSpace objects, 1(20KB) LOS objects, 36% free, 28MB/44MB, paused 1.126ms total 38.404ms
08-03 18:52:32.828 22395 22423 I art     : Starting a blocking GC Explicit
08-03 18:52:32.863 22395 22423 I art     : Explicit concurrent mark sweep GC freed 29(944B) AllocSpace objects, 0(0B) LOS objects, 36% free, 28MB/44MB, paused 1.140ms total 35.068ms
08-03 18:52:32.875 22395 22423 I art     : Starting a blocking GC Explicit
08-03 18:52:32.909 22395 22423 I art     : Explicit concurrent mark sweep GC freed 7(224B) AllocSpace objects, 0(0B) LOS objects, 36% free, 28MB/44MB, paused 1.291ms total 33.633ms
08-03 18:52:32.921 22395 22423 I art     : Starting a blocking GC Explicit
08-03 18:52:32.941 23809 23809 D AndroidRuntime: >>>>>> START com.android.internal.os.RuntimeInit uid 2000 <<<<<<
08-03 18:52:32.946 23809 23809 D AndroidRuntime: CheckJNI is OFF
08-03 18:52:32.955 22395 22423 I art     : Explicit concurrent mark sweep GC freed 9(288B) AllocSpace objects, 0(0B) LOS objects, 36% free, 28MB/44MB, paused 1.320ms total 33.387ms
08-03 18:52:32.966 22395 22423 I art     : Starting a blocking GC Explicit
08-03 18:52:32.989 23809 23809 D ICU     : No timezone override file found: /data/misc/zoneinfo/current/icu/icu_tzdata.dat
08-03 18:52:32.997 22395 22423 I art     : Explicit concurrent mark sweep GC freed 8(256B) AllocSpace objects, 0(0B) LOS objects, 36% free, 28MB/44MB, paused 1.167ms total 30.756ms
08-03 18:52:33.035 23809 23809 I Radio-JNI: register_android_hardware_Radio DONE
08-03 18:52:33.062 23809 23809 D AndroidRuntime: Calling main entry com.android.commands.input.Input
08-03 18:52:33.064 23809 23809 I Input   : injectMotionEvent: MotionEvent { action=ACTION_DOWN, actionButton=0, id[0]=0, x[0]=639.0, y[0]=762.0, toolType[0]=TOOL_TYPE_UNKNOWN, buttonState=0, metaState=0, flags=0x0, edgeFlags=0x0, pointerCount=1, historySize=0, eventTime=643969477, downTime=643969477, deviceId=0, source=0x1002 }
08-03 18:52:33.072 23809 23809 I Input   : injectMotionEvent: MotionEvent { action=ACTION_UP, actionButton=0, id[0]=0, x[0]=639.0, y[0]=762.0, toolType[0]=TOOL_TYPE_UNKNOWN, buttonState=0, metaState=0, flags=0x0, edgeFlags=0x0, pointerCount=1, historySize=0, eventTime=643969477, downTime=643969477, deviceId=0, source=0x1002 }
08-03 18:52:33.075 23809 23809 D AndroidRuntime: Shutting down VM
08-03 18:52:33.140   512  2967 D audio_hw_primary: out_set_parameters: enter: usecase(1: low-latency-playback) kvpairs: routing=2
08-03 18:52:33.150 13866 13866 I GoogleInputMethodServic: GoogleInputMethodService.onFinishInput():3138 
08-03 18:52:33.151 13866 13866 I GoogleInputMethodServic: GoogleInputMethodService.onStartInput():1808 
08-03 18:52:33.153   512  2967 D audio_hw_primary: select_devices: out_snd_device(2: speaker) in_snd_device(0: none)
08-03 18:52:33.154   512  2967 D msm8974_platform: platform_send_audio_calibration: sending audio calibration for snd_device(2) acdb_id(15)
08-03 18:52:33.154   512  2967 I soundtrigger: audio_extn_sound_trigger_update_device_status: device 0x2 of type 0 for Event 1
08-03 18:52:33.169   512  2967 D audio_hw_primary: enable_snd_device: snd_device(2: speaker)
08-03 18:52:33.171   512  2967 D audio_hw_primary: enable_audio_route: apply and update mixer path: low-latency-playback speaker
08-03 18:52:33.293 22395 23788 I art     : Starting a blocking GC Explicit
08-03 18:52:33.332 22395 23788 I art     : Explicit concurrent mark sweep GC freed 1933(110KB) AllocSpace objects, 1(20KB) LOS objects, 36% free, 28MB/44MB, paused 1.201ms total 39.380ms
08-03 18:52:33.344 22395 23788 I art     : Starting a blocking GC Explicit
08-03 18:52:33.376 22395 23788 I art     : Explicit concurrent mark sweep GC freed 2842(120KB) AllocSpace objects, 0(0B) LOS objects, 36% free, 28MB/44MB, paused 1.093ms total 32.144ms
08-03 18:52:33.387 22395 23788 I art     : Starting a blocking GC Explicit
08-03 18:52:33.420 22395 23788 I art     : Explicit concurrent mark sweep GC freed 1354(71KB) AllocSpace objects, 0(0B) LOS objects, 36% free, 28MB/44MB, paused 1.216ms total 32.925ms
08-03 18:52:33.432 22395 23788 I art     : Starting a blocking GC Explicit
08-03 18:52:33.465 22395 23788 I art     : Explicit concurrent mark sweep GC freed 148(5KB) AllocSpace objects, 0(0B) LOS objects, 36% free, 28MB/44MB, paused 1.287ms total 32.542ms
08-03 18:52:33.476 22395 23788 I art     : Starting a blocking GC Explicit
08-03 18:52:33.509 22395 23788 I art     : Explicit concurrent mark sweep GC freed 17(640B) AllocSpace objects, 0(0B) LOS objects, 36% free, 28MB/44MB, paused 1.165ms total 32.700ms
08-03 18:52:33.538 22395 22435 I NAPPA_EXPERIMENTATION: MetricNetworkRequestExecutionTime: REQUEST_DURATION_SYSTEM='398',REQUEST_DURATION_OKHTTP='157',REQUEST_SYNCHRONOUS='TRUE',RESPONSE_CODE='200',RESPONSE_METHOD='GET',RESPONSE_LENGTH_OKHTTP='-1',RESPONSE_LENGTH_HEADER='622',REQUEST_PROTOCOL='h2',REQUEST_URL='https://itunes.apple.com/lookup?id=360084272',
08-03 18:52:33.577   918  5132 I ActivityManager: START u0 {cmp=baseline.de.danoeh.antennapod.debug/baseline.de.danoeh.antennapod.activity.OnlineFeedViewActivity (has extras)} from uid 10633 on display 0
08-03 18:52:33.604 13866 13866 I GoogleInputMethodServic: GoogleInputMethodService.onFinishInput():3138 
08-03 18:52:33.605 13866 13866 I GoogleInputMethodServic: GoogleInputMethodService.onStartInput():1808 
08-03 18:52:33.639 22395 22395 D UserPreferences: Using default data folder
08-03 18:52:33.640 22395 22395 D OnlineFeedViewActivity: Activity was started with url http://joeroganexp.joerogan.libsynpro.com/rss
08-03 18:52:33.645 22395 22395 D OnlineFeedViewActivity: Starting feed download
08-03 18:52:33.649 22395 22419 D DBReader: Extracting Feedlist
08-03 18:52:33.652   918  4413 D WifiService: acquireWifiLockLocked: WifiLock{Downloader type=1 binder=android.os.BinderProxy@f2e1f59}
08-03 18:52:33.653 22395 22419 D AntennapodHttpClient: Creating new instance of HTTP client
08-03 18:52:33.700 22395 22419 D MYTAG   : interceptor 3a http://joeroganexp.joerogan.libsynpro.com/rss
08-03 18:52:33.700 22395 22419 I NAPPA_EXPERIMENTATION: MetricNetworkRequestExecutionTime: REQUEST_DURATION_SYSTEM='46',REQUEST_DURATION_OKHTTP='39',REQUEST_SYNCHRONOUS='TRUE',RESPONSE_CODE='200',RESPONSE_METHOD='GET',RESPONSE_LENGTH_OKHTTP='-1',RESPONSE_LENGTH_HEADER='307892',REQUEST_PROTOCOL='http/1.1',REQUEST_URL='http://joeroganexp.joerogan.libsynpro.com/rss',
08-03 18:52:33.700 22395 22419 D HttpDownloader: Response code is 200
08-03 18:52:33.700 22395 22419 D UserPreferences: Using default data folder
08-03 18:52:33.703 22395 22419 D HttpDownloader: Getting size of download
08-03 18:52:33.703 22395 22419 D HttpDownloader: Size is -1
08-03 18:52:33.703 22395 22419 D UserPreferences: Using default data folder
08-03 18:52:33.704 22395 22419 D HttpDownloader: Free space is 20616159232
08-03 18:52:33.704 22395 22419 D HttpDownloader: Starting download
08-03 18:52:33.707 13866 13866 I GoogleInputMethodServic: GoogleInputMethodService.onFinishInput():3138 
08-03 18:52:33.708 13866 13866 I GoogleInputMethodServic: GoogleInputMethodService.onStartInput():1808 
08-03 18:52:33.709   512  2967 D audio_hw_primary: disable_audio_route: reset and update mixer path: low-latency-playback speaker
08-03 18:52:33.711   512  2967 D audio_hw_primary: disable_snd_device: snd_device(2: speaker)
08-03 18:52:33.719   512  2967 I soundtrigger: audio_extn_sound_trigger_update_device_status: device 0x2 of type 0 for Event 0
08-03 18:52:33.733   918   936 I ActivityManager: Displayed baseline.de.danoeh.antennapod.debug/baseline.de.danoeh.antennapod.activity.OnlineFeedViewActivity: +129ms
08-03 18:52:33.769 22395 22420 D OpenGLRenderer: endAllStagingAnimators on 0x7f7ef38c00 (GridView) with handle 0x7f7d076440
08-03 18:52:33.822 22395 22423 I art     : Starting a blocking GC Explicit
08-03 18:52:33.834   518   646 I ThermalEngine: ACTION: GPU - Setting GPU[0] to 390000000
08-03 18:52:33.852 22395 22419 D HttpDownloader: Download was successful
08-03 18:52:33.853   918   929 D WifiService: releaseWifiLockLocked: WifiLock{Downloader type=1 binder=android.os.BinderProxy@f2e1f59}
08-03 18:52:33.854 22395 22395 D OnlineFeedViewActivity: Parsing feed
08-03 18:52:33.860 22395 23855 D TypeGetter: Recognized type RSS 2.0
08-03 18:52:33.863 22395 23855 D SyndHandler: Recognized Atom namespace
08-03 18:52:33.863 22395 23855 D SyndHandler: Recognized ITunes namespace
08-03 18:52:33.863 22395 23855 D SyndHandler: Recognized media namespace
08-03 18:52:33.863 22395 23855 D SyndHandler: Recognized Content namespace
08-03 18:52:33.876 22395 22423 I art     : Explicit concurrent mark sweep GC freed 3986(369KB) AllocSpace objects, 4(80KB) LOS objects, 36% free, 28MB/44MB, paused 2.104ms total 53.226ms
08-03 18:52:33.900 22395 22423 I art     : Starting a blocking GC Explicit
08-03 18:52:33.956 22395 22423 I art     : Explicit concurrent mark sweep GC freed 2763(176KB) AllocSpace objects, 0(0B) LOS objects, 36% free, 28MB/44MB, paused 2.153ms total 55.516ms
08-03 18:52:33.962   380   380 W SurfaceFlinger: couldn't log to binary event log: overflow.
08-03 18:52:33.978 22395 22423 I art     : Starting a blocking GC Explicit
08-03 18:52:34.022 22395 22423 I art     : Explicit concurrent mark sweep GC freed 2940(150KB) AllocSpace objects, 0(0B) LOS objects, 36% free, 28MB/44MB, paused 1.967ms total 43.809ms
08-03 18:52:34.040 22395 22423 I art     : Starting a blocking GC Explicit
08-03 18:52:34.084 22395 22423 I art     : Explicit concurrent mark sweep GC freed 2818(144KB) AllocSpace objects, 0(0B) LOS objects, 35% free, 28MB/44MB, paused 1.987ms total 43.624ms
08-03 18:52:34.097 22395 22395 D PlaybackController: Releasing PlaybackController
08-03 18:52:34.101 22395 22423 I art     : Starting a blocking GC Explicit
08-03 18:52:34.152 22395 22423 I art     : Explicit concurrent mark sweep GC freed 3160(165KB) AllocSpace objects, 0(0B) LOS objects, 35% free, 28MB/44MB, paused 2.264ms total 50.736ms
08-03 18:52:34.484 22395 22423 I art     : Starting a blocking GC Explicit
08-03 18:52:34.542 22395 22423 I art     : Explicit concurrent mark sweep GC freed 16185(868KB) AllocSpace objects, 1(20KB) LOS objects, 35% free, 28MB/44MB, paused 2.215ms total 57.815ms
08-03 18:52:34.560 22395 22423 I art     : Starting a blocking GC Explicit
08-03 18:52:34.608 22395 22423 I art     : Explicit concurrent mark sweep GC freed 6985(333KB) AllocSpace objects, 0(0B) LOS objects, 35% free, 28MB/44MB, paused 2.013ms total 47.532ms
08-03 18:52:34.626 22395 22423 I art     : Starting a blocking GC Explicit
08-03 18:52:34.673 22395 22423 I art     : Explicit concurrent mark sweep GC freed 2975(148KB) AllocSpace objects, 0(0B) LOS objects, 35% free, 28MB/44MB, paused 2.032ms total 47.195ms
08-03 18:52:34.690 22395 22423 I art     : Starting a blocking GC Explicit
08-03 18:52:34.733 22395 22423 I art     : Explicit concurrent mark sweep GC freed 2549(133KB) AllocSpace objects, 0(0B) LOS objects, 35% free, 28MB/44MB, paused 2.049ms total 43.022ms
08-03 18:52:34.749 22395 22423 I art     : Starting a blocking GC Explicit
08-03 18:52:34.794 22395 22423 I art     : Explicit concurrent mark sweep GC freed 2653(137KB) AllocSpace objects, 0(0B) LOS objects, 35% free, 28MB/44MB, paused 2.109ms total 44.969ms
08-03 18:52:35.131 22395 23788 I art     : Starting a blocking GC Explicit
08-03 18:52:35.187 22395 23788 I art     : Explicit concurrent mark sweep GC freed 16237(860KB) AllocSpace objects, 1(20KB) LOS objects, 35% free, 29MB/45MB, paused 3.236ms total 55.618ms
08-03 18:52:35.204 22395 23788 I art     : Starting a blocking GC Explicit
08-03 18:52:35.252 22395 23788 I art     : Explicit concurrent mark sweep GC freed 5790(277KB) AllocSpace objects, 0(0B) LOS objects, 35% free, 29MB/45MB, paused 2.094ms total 47.567ms
08-03 18:52:35.270 22395 23788 I art     : Starting a blocking GC Explicit
08-03 18:52:35.315 22395 23788 I art     : Explicit concurrent mark sweep GC freed 4169(205KB) AllocSpace objects, 0(0B) LOS objects, 35% free, 29MB/45MB, paused 2.136ms total 45.559ms
08-03 18:52:35.332 22395 23788 I art     : Starting a blocking GC Explicit
08-03 18:52:35.378 22395 23788 I art     : Explicit concurrent mark sweep GC freed 2891(156KB) AllocSpace objects, 0(0B) LOS objects, 35% free, 29MB/45MB, paused 2.187ms total 45.620ms
08-03 18:52:35.395 22395 23788 I art     : Starting a blocking GC Explicit
08-03 18:52:35.441 22395 23788 I art     : Explicit concurrent mark sweep GC freed 2989(148KB) AllocSpace objects, 0(0B) LOS objects, 35% free, 29MB/45MB, paused 2.068ms total 45.251ms
08-03 18:52:35.774 22395 22423 I art     : Starting a blocking GC Explicit
08-03 18:52:35.835 22395 22423 I art     : Explicit concurrent mark sweep GC freed 16046(880KB) AllocSpace objects, 1(20KB) LOS objects, 34% free, 29MB/45MB, paused 2.328ms total 60.844ms
08-03 18:52:35.853 22395 22423 I art     : Starting a blocking GC Explicit
08-03 18:52:35.900 22395 22423 I art     : Explicit concurrent mark sweep GC freed 6820(321KB) AllocSpace objects, 0(0B) LOS objects, 34% free, 29MB/45MB, paused 2.384ms total 47.157ms
08-03 18:52:35.917 22395 22423 I art     : Starting a blocking GC Explicit
08-03 18:52:35.964 22395 22423 I art     : Explicit concurrent mark sweep GC freed 3001(151KB) AllocSpace objects, 0(0B) LOS objects, 34% free, 29MB/45MB, paused 2.160ms total 46.409ms
08-03 18:52:35.982 22395 22423 I art     : Starting a blocking GC Explicit
08-03 18:52:36.019 15887 15887 I Atfwd_Sendcmd: AtCmdFwd service not ready - Exhausted retry attempts - :6
08-03 18:52:36.019 15887 15887 I Atfwd_Daemon: result : -1 	 ,Init step :2 	 ,qmiErrorCode: 0
08-03 18:52:36.029 22395 22423 I art     : Explicit concurrent mark sweep GC freed 3041(159KB) AllocSpace objects, 0(0B) LOS objects, 34% free, 29MB/45MB, paused 2.225ms total 46.735ms
08-03 18:52:36.046 22395 22423 I art     : Starting a blocking GC Explicit
08-03 18:52:36.094 22395 22423 I art     : Explicit concurrent mark sweep GC freed 2968(155KB) AllocSpace objects, 0(0B) LOS objects, 34% free, 29MB/45MB, paused 2.181ms total 46.937ms
08-03 18:52:36.415 22395 22407 I art     : Starting a blocking GC Explicit
08-03 18:52:36.471 22395 22407 I art     : Explicit concurrent mark sweep GC freed 15822(867KB) AllocSpace objects, 1(20KB) LOS objects, 34% free, 30MB/46MB, paused 2.295ms total 55.512ms
08-03 18:52:36.491 22395 22407 I art     : Starting a blocking GC Explicit
08-03 18:52:36.542 22395 22407 I art     : Explicit concurrent mark sweep GC freed 6898(335KB) AllocSpace objects, 0(0B) LOS objects, 34% free, 30MB/46MB, paused 2.205ms total 50.876ms
08-03 18:52:36.560 22395 22407 I art     : Starting a blocking GC Explicit
08-03 18:52:36.609 22395 22407 I art     : Explicit concurrent mark sweep GC freed 3080(165KB) AllocSpace objects, 0(0B) LOS objects, 34% free, 30MB/46MB, paused 2.251ms total 48.768ms
08-03 18:52:36.627 22395 22407 I art     : Starting a blocking GC Explicit
08-03 18:52:36.677 22395 22407 I art     : Explicit concurrent mark sweep GC freed 3085(166KB) AllocSpace objects, 0(0B) LOS objects, 34% free, 30MB/46MB, paused 2.209ms total 49.167ms
08-03 18:52:36.695 22395 22407 I art     : Starting a blocking GC Explicit
08-03 18:52:36.745 22395 22407 I art     : Explicit concurrent mark sweep GC freed 3209(178KB) AllocSpace objects, 0(0B) LOS objects, 34% free, 30MB/46MB, paused 2.107ms total 49.080ms
08-03 18:52:36.745 22395 22406 I art     : WaitForGcToComplete blocked for 9.816ms for cause HeapTrim
08-03 18:52:37.074 22395 22408 I art     : Starting a blocking GC Explicit
08-03 18:52:37.131 22395 22408 I art     : Explicit concurrent mark sweep GC freed 15859(851KB) AllocSpace objects, 1(20KB) LOS objects, 34% free, 30MB/46MB, paused 2.182ms total 56.892ms
08-03 18:52:37.150 22395 22408 I art     : Starting a blocking GC Explicit
08-03 18:52:37.210 22395 22408 I art     : Explicit concurrent mark sweep GC freed 7665(371KB) AllocSpace objects, 0(0B) LOS objects, 34% free, 30MB/46MB, paused 2.359ms total 58.085ms
08-03 18:52:37.231 22395 22408 I art     : Starting a blocking GC Explicit
08-03 18:52:37.286 22395 22408 I art     : Explicit concurrent mark sweep GC freed 3727(187KB) AllocSpace objects, 0(0B) LOS objects, 34% free, 30MB/46MB, paused 2.070ms total 54.413ms
08-03 18:52:37.305 22395 22408 I art     : Starting a blocking GC Explicit
08-03 18:52:37.356 22395 22408 I art     : Explicit concurrent mark sweep GC freed 3259(171KB) AllocSpace objects, 0(0B) LOS objects, 34% free, 30MB/46MB, paused 2.093ms total 50.243ms
08-03 18:52:37.374 22395 22408 I art     : Starting a blocking GC Explicit
08-03 18:52:37.425 22395 22408 I art     : Explicit concurrent mark sweep GC freed 3011(154KB) AllocSpace objects, 0(0B) LOS objects, 34% free, 30MB/46MB, paused 2.225ms total 50.119ms
08-03 18:52:37.786 22395 22423 I art     : Starting a blocking GC Explicit
08-03 18:52:37.851 22395 22423 I art     : Explicit concurrent mark sweep GC freed 17235(863KB) AllocSpace objects, 1(20KB) LOS objects, 33% free, 31MB/47MB, paused 2.153ms total 64.668ms
08-03 18:52:37.882 22395 22423 I art     : Starting a blocking GC Explicit
08-03 18:52:37.939 22395 22423 I art     : Explicit concurrent mark sweep GC freed 8134(357KB) AllocSpace objects, 0(0B) LOS objects, 33% free, 31MB/47MB, paused 2.215ms total 56.778ms
08-03 18:52:37.959 22395 22423 I art     : Starting a blocking GC Explicit
08-03 18:52:37.987 23907 23907 D AndroidRuntime: >>>>>> START com.android.internal.os.RuntimeInit uid 2000 <<<<<<
08-03 18:52:37.992 23907 23907 D AndroidRuntime: CheckJNI is OFF
08-03 18:52:38.019 22395 22423 I art     : Explicit concurrent mark sweep GC freed 3486(156KB) AllocSpace objects, 0(0B) LOS objects, 33% free, 31MB/47MB, paused 2.323ms total 59.545ms
08-03 18:52:38.038 22395 22423 I art     : Starting a blocking GC Explicit
08-03 18:52:38.048 23907 23907 D ICU     : No timezone override file found: /data/misc/zoneinfo/current/icu/icu_tzdata.dat
08-03 18:52:38.090 22395 22423 I art     : Explicit concurrent mark sweep GC freed 3262(140KB) AllocSpace objects, 0(0B) LOS objects, 33% free, 31MB/47MB, paused 2.146ms total 51.681ms
08-03 18:52:38.108 23907 23907 I Radio-JNI: register_android_hardware_Radio DONE
08-03 18:52:38.108 22395 22423 I art     : Starting a blocking GC Explicit
08-03 18:52:38.143 23907 23907 D AndroidRuntime: Calling main entry com.android.commands.input.Input
08-03 18:52:38.145 23907 23907 I Input   : injectKeyEvent: KeyEvent { action=ACTION_DOWN, keyCode=KEYCODE_BACK, scanCode=0, metaState=0, flags=0x0, repeatCount=0, eventTime=643974558, downTime=643974558, deviceId=-1, source=0x101 }
08-03 18:52:38.154 23907 23907 I Input   : injectKeyEvent: KeyEvent { action=ACTION_UP, keyCode=KEYCODE_BACK, scanCode=0, metaState=0, flags=0x0, repeatCount=0, eventTime=643974558, downTime=643974558, deviceId=-1, source=0x101 }
08-03 18:52:38.160 23907 23907 D AndroidRuntime: Shutting down VM
08-03 18:52:38.160 22395 22423 I art     : Explicit concurrent mark sweep GC freed 3360(151KB) AllocSpace objects, 0(0B) LOS objects, 33% free, 31MB/47MB, paused 2.416ms total 51.343ms
08-03 18:52:38.186 22395 22395 V PlaybackController: initServiceNotRunning()
08-03 18:52:38.187 22395 22395 D ExternalPlayerFragment: Loading media info
08-03 18:52:38.192 22395 22395 D UserPreferences: Using default data folder
08-03 18:52:38.192 22395 22419 D DBReader: getNavDrawerData() called with: 
08-03 18:52:38.207 22395 22419 D DBReader: getDownloadedItems() called
08-03 18:52:38.209 22395 22419 D DBReader: getFavoriteIDList() called
08-03 18:52:38.210 22395 22419 D DBReader: getQueueIDList() called
08-03 18:52:38.211 22395 22419 D DBReader: Extracting Feedlist
08-03 18:52:38.249 13866 13866 I GoogleInputMethodServic: GoogleInputMethodService.onFinishInput():3138 
08-03 18:52:38.249 22395 22395 D MainActivity: getLastNavFragment() -> AddFeedFragment
08-03 18:52:38.250 13866 13866 I GoogleInputMethodServic: GoogleInputMethodService.onStartInput():1808 
08-03 18:52:38.364 22395 23855 D OnlineFeedViewActivity: Deleted feed source file. Result: true
08-03 18:52:38.364 22395 22395 D OnlineFeedViewActivity: Removing HTML from shownotes
08-03 18:52:38.500 22395 22408 I art     : Starting a blocking GC Explicit
08-03 18:52:38.513   380   380 W SurfaceFlinger: couldn't log to binary event log: overflow.
08-03 18:52:38.561 22395 22408 I art     : Explicit concurrent mark sweep GC freed 48836(4MB) AllocSpace objects, 203(13MB) LOS objects, 32% free, 33MB/49MB, paused 1.977ms total 60.821ms
08-03 18:52:38.581 22395 22408 I art     : Starting a blocking GC Explicit
08-03 18:52:38.648 22395 22408 I art     : Explicit concurrent mark sweep GC freed 55438(4MB) AllocSpace objects, 245(16MB) LOS objects, 32% free, 32MB/48MB, paused 2.272ms total 66.340ms
08-03 18:52:38.670 22395 22408 I art     : Starting a blocking GC Explicit
08-03 18:52:38.738 22395 22408 I art     : Explicit concurrent mark sweep GC freed 53330(4MB) AllocSpace objects, 239(15MB) LOS objects, 32% free, 33MB/49MB, paused 2.387ms total 67.559ms
08-03 18:52:38.760 22395 22408 I art     : Starting a blocking GC Explicit
08-03 18:52:38.830 22395 22408 I art     : Explicit concurrent mark sweep GC freed 57250(4MB) AllocSpace objects, 255(16MB) LOS objects, 32% free, 33MB/49MB, paused 2.292ms total 69.563ms
08-03 18:52:38.853 22395 22408 I art     : Starting a blocking GC Explicit
08-03 18:52:38.926 22395 22408 I art     : Explicit concurrent mark sweep GC freed 59588(5MB) AllocSpace objects, 313(20MB) LOS objects, 30% free, 35MB/51MB, paused 2.364ms total 72.128ms
08-03 18:52:38.978 22395 22395 I Choreographer: Skipped 35 frames!  The application may be doing too much work on its main thread.
08-03 18:52:39.266 22395 23788 I art     : Starting a blocking GC Explicit
08-03 18:52:39.351 22395 23788 I art     : Explicit concurrent mark sweep GC freed 32781(3MB) AllocSpace objects, 207(13MB) LOS objects, 33% free, 31MB/47MB, paused 2.265ms total 83.837ms
08-03 18:52:39.375 22395 23788 I art     : Starting a blocking GC Explicit
08-03 18:52:39.435 22395 23788 I art     : Explicit concurrent mark sweep GC freed 601(28KB) AllocSpace objects, 1(112KB) LOS objects, 33% free, 31MB/47MB, paused 1.976ms total 59.952ms
08-03 18:52:39.457 22395 23788 I art     : Starting a blocking GC Explicit
08-03 18:52:39.516 22395 23788 I art     : Explicit concurrent mark sweep GC freed 4(128B) AllocSpace objects, 0(0B) LOS objects, 33% free, 31MB/47MB, paused 1.803ms total 58.308ms
08-03 18:52:39.538 22395 23788 I art     : Starting a blocking GC Explicit
08-03 18:52:39.598 22395 23788 I art     : Explicit concurrent mark sweep GC freed 3(96B) AllocSpace objects, 0(0B) LOS objects, 33% free, 31MB/47MB, paused 2.093ms total 59.525ms
08-03 18:52:39.621 22395 23788 I art     : Starting a blocking GC Explicit
08-03 18:52:39.681 22395 23788 I art     : Explicit concurrent mark sweep GC freed 3(96B) AllocSpace objects, 0(0B) LOS objects, 33% free, 31MB/47MB, paused 1.990ms total 59.684ms
08-03 18:52:40.044 22395 22423 I art     : Starting a blocking GC Explicit
08-03 18:52:40.068 23952 23952 D AndroidRuntime: >>>>>> START com.android.internal.os.RuntimeInit uid 2000 <<<<<<
08-03 18:52:40.076 23952 23952 D AndroidRuntime: CheckJNI is OFF
08-03 18:52:40.105 22395 22423 I art     : Explicit concurrent mark sweep GC freed 1400(83KB) AllocSpace objects, 1(20KB) LOS objects, 33% free, 31MB/47MB, paused 1.868ms total 60.901ms
08-03 18:52:40.126 22395 22423 I art     : Starting a blocking GC Explicit
08-03 18:52:40.131 23952 23952 D ICU     : No timezone override file found: /data/misc/zoneinfo/current/icu/icu_tzdata.dat
08-03 18:52:40.174 23952 23952 I Radio-JNI: register_android_hardware_Radio DONE
08-03 18:52:40.184 22395 22423 I art     : Explicit concurrent mark sweep GC freed 23(752B) AllocSpace objects, 0(0B) LOS objects, 33% free, 31MB/47MB, paused 1.960ms total 57.022ms
08-03 18:52:40.206 22395 22423 I art     : Starting a blocking GC Explicit
08-03 18:52:40.207 23952 23952 D AndroidRuntime: Calling main entry com.android.commands.input.Input
08-03 18:52:40.209 23952 23952 I Input   : injectMotionEvent: MotionEvent { action=ACTION_DOWN, actionButton=0, id[0]=0, x[0]=616.0, y[0]=469.0, toolType[0]=TOOL_TYPE_UNKNOWN, buttonState=0, metaState=0, flags=0x0, edgeFlags=0x0, pointerCount=1, historySize=0, eventTime=643976621, downTime=643976621, deviceId=0, source=0x1002 }
08-03 18:52:40.214 23952 23952 I Input   : injectMotionEvent: MotionEvent { action=ACTION_UP, actionButton=0, id[0]=0, x[0]=616.0, y[0]=469.0, toolType[0]=TOOL_TYPE_UNKNOWN, buttonState=0, metaState=0, flags=0x0, edgeFlags=0x0, pointerCount=1, historySize=0, eventTime=643976621, downTime=643976621, deviceId=0, source=0x1002 }
08-03 18:52:40.219 23952 23952 D AndroidRuntime: Shutting down VM
08-03 18:52:40.265 22395 22423 I art     : Explicit concurrent mark sweep GC freed 43(1776B) AllocSpace objects, 0(0B) LOS objects, 33% free, 31MB/47MB, paused 1.672ms total 58.739ms
08-03 18:52:40.286   512  2967 D audio_hw_primary: out_set_parameters: enter: usecase(1: low-latency-playback) kvpairs: routing=2
08-03 18:52:40.290 22395 22423 I art     : Starting a blocking GC Explicit
08-03 18:52:40.300   512  2967 D audio_hw_primary: select_devices: out_snd_device(2: speaker) in_snd_device(0: none)
08-03 18:52:40.300   512  2967 D msm8974_platform: platform_send_audio_calibration: sending audio calibration for snd_device(2) acdb_id(15)
08-03 18:52:40.300   512  2967 I soundtrigger: audio_extn_sound_trigger_update_device_status: device 0x2 of type 0 for Event 1
08-03 18:52:40.307 13866 13866 I GoogleInputMethodServic: GoogleInputMethodService.onFinishInput():3138 
08-03 18:52:40.308 13866 13866 I GoogleInputMethodServic: GoogleInputMethodService.onStartInput():1808 
08-03 18:52:40.313   512  2967 D audio_hw_primary: enable_snd_device: snd_device(2: speaker)
08-03 18:52:40.317   512  2967 D audio_hw_primary: enable_audio_route: apply and update mixer path: low-latency-playback speaker
08-03 18:52:40.356 22395 22423 I art     : Explicit concurrent mark sweep GC freed 224(9KB) AllocSpace objects, 0(0B) LOS objects, 33% free, 31MB/47MB, paused 2.784ms total 65.542ms
08-03 18:52:40.378 22395 22423 I art     : Starting a blocking GC Explicit
08-03 18:52:40.438 22395 22423 I art     : Explicit concurrent mark sweep GC freed 64(2128B) AllocSpace objects, 0(0B) LOS objects, 33% free, 31MB/47MB, paused 2.291ms total 59.367ms
08-03 18:52:40.539 22395 22935 I NAPPA_EXPERIMENTATION: MetricNetworkRequestExecutionTime: REQUEST_DURATION_SYSTEM='251',REQUEST_DURATION_OKHTTP='250',REQUEST_SYNCHRONOUS='TRUE',RESPONSE_CODE='200',RESPONSE_METHOD='GET',RESPONSE_LENGTH_OKHTTP='-1',RESPONSE_LENGTH_HEADER='628',REQUEST_PROTOCOL='h2',REQUEST_URL='https://itunes.apple.com/lookup?id=1524080195',
08-03 18:52:40.569   918  3696 I ActivityManager: START u0 {cmp=baseline.de.danoeh.antennapod.debug/baseline.de.danoeh.antennapod.activity.OnlineFeedViewActivity (has extras)} from uid 10633 on display 0
08-03 18:52:40.597 13866 13866 I GoogleInputMethodServic: GoogleInputMethodService.onFinishInput():3138 
08-03 18:52:40.598 13866 13866 I GoogleInputMethodServic: GoogleInputMethodService.onStartInput():1808 
08-03 18:52:40.633 22395 22395 D UserPreferences: Using default data folder
08-03 18:52:40.633 22395 22395 D OnlineFeedViewActivity: Activity was started with url https://rss.art19.com/nice-white-parents
08-03 18:52:40.636 22395 22395 D OnlineFeedViewActivity: Starting feed download
08-03 18:52:40.639 22395 22435 D DBReader: Extracting Feedlist
08-03 18:52:40.642   918  3696 D WifiService: acquireWifiLockLocked: WifiLock{Downloader type=1 binder=android.os.BinderProxy@8738483}
08-03 18:52:40.643 22395 22435 D AntennapodHttpClient: Creating new instance of HTTP client
08-03 18:52:40.691 13866 13866 I GoogleInputMethodServic: GoogleInputMethodService.onFinishInput():3138 
08-03 18:52:40.693 13866 13866 I GoogleInputMethodServic: GoogleInputMethodService.onStartInput():1808 
08-03 18:52:40.727   918   936 I ActivityManager: Displayed baseline.de.danoeh.antennapod.debug/baseline.de.danoeh.antennapod.activity.OnlineFeedViewActivity: +128ms
08-03 18:52:40.782 22395 22407 I art     : Starting a blocking GC Explicit
08-03 18:52:40.847 22395 22407 I art     : Explicit concurrent mark sweep GC freed 3753(237KB) AllocSpace objects, 1(20KB) LOS objects, 33% free, 31MB/47MB, paused 2.268ms total 64.979ms
08-03 18:52:40.861   512  2967 D audio_hw_primary: disable_audio_route: reset and update mixer path: low-latency-playback speaker
08-03 18:52:40.864   512  2967 D audio_hw_primary: disable_snd_device: snd_device(2: speaker)
08-03 18:52:40.873   512  2967 I soundtrigger: audio_extn_sound_trigger_update_device_status: device 0x2 of type 0 for Event 0
08-03 18:52:40.879 22395 22407 I art     : Starting a blocking GC Explicit
08-03 18:52:40.940 22395 22407 I art     : Explicit concurrent mark sweep GC freed 37751(3MB) AllocSpace objects, 4(228KB) LOS objects, 35% free, 28MB/44MB, paused 2.595ms total 60.628ms
08-03 18:52:40.960 22395 22407 I art     : Starting a blocking GC Explicit
08-03 18:52:40.982   380   380 W SurfaceFlinger: couldn't log to binary event log: overflow.
08-03 18:52:41.010 22395 22407 I art     : Explicit concurrent mark sweep GC freed 950(116KB) AllocSpace objects, 0(0B) LOS objects, 36% free, 28MB/44MB, paused 1.841ms total 49.509ms
08-03 18:52:41.026 22395 22407 I art     : Starting a blocking GC Explicit
08-03 18:52:41.031 22395 22435 D MYTAG   : interceptor 3a https://rss.art19.com/nice-white-parents
08-03 18:52:41.031 22395 22435 I NAPPA_EXPERIMENTATION: MetricNetworkRequestExecutionTime: REQUEST_DURATION_SYSTEM='386',REQUEST_DURATION_OKHTTP='152',REQUEST_SYNCHRONOUS='TRUE',RESPONSE_CODE='200',RESPONSE_METHOD='GET',RESPONSE_LENGTH_OKHTTP='-1',RESPONSE_LENGTH_HEADER='1803',REQUEST_PROTOCOL='h2',REQUEST_URL='https://rss.art19.com/nice-white-parents',
08-03 18:52:41.031 22395 22435 D HttpDownloader: Response code is 200
08-03 18:52:41.031 22395 22435 D UserPreferences: Using default data folder
08-03 18:52:41.033 22395 22435 D HttpDownloader: Getting size of download
08-03 18:52:41.033 22395 22435 D HttpDownloader: Size is -1
08-03 18:52:41.034 22395 22435 D UserPreferences: Using default data folder
08-03 18:52:41.034 22395 22435 D HttpDownloader: Free space is 20616159232
08-03 18:52:41.034 22395 22435 D HttpDownloader: Starting download
08-03 18:52:41.067 22395 22407 I art     : Explicit concurrent mark sweep GC freed 280(20KB) AllocSpace objects, 0(0B) LOS objects, 36% free, 28MB/44MB, paused 1.784ms total 40.119ms
08-03 18:52:41.069 22395 22435 D HttpDownloader: Download was successful
08-03 18:52:41.070   918  3359 D WifiService: releaseWifiLockLocked: WifiLock{Downloader type=1 binder=android.os.BinderProxy@8738483}
08-03 18:52:41.071 22395 22395 D OnlineFeedViewActivity: Parsing feed
08-03 18:52:41.074 22395 23989 D TypeGetter: Recognized type RSS 2.0
08-03 18:52:41.079 22395 23989 D SyndHandler: Recognized ITunes namespace
08-03 18:52:41.079 22395 23989 D SyndHandler: Recognized Atom namespace
08-03 18:52:41.079 22395 23989 D SyndHandler: Recognized Content namespace
08-03 18:52:41.085 22395 22407 I art     : Starting a blocking GC Explicit
08-03 18:52:41.091 22395 23989 D OnlineFeedViewActivity: Deleted feed source file. Result: true
08-03 18:52:41.091 22395 22395 D OnlineFeedViewActivity: Removing HTML from shownotes
08-03 18:52:41.127 22395 22395 D PlaybackController: Releasing PlaybackController
08-03 18:52:41.129 22395 22407 I art     : Explicit concurrent mark sweep GC freed 1686(233KB) AllocSpace objects, 4(128KB) LOS objects, 35% free, 28MB/44MB, paused 2.311ms total 43.395ms
08-03 18:52:41.459 22395 23788 I art     : Starting a blocking GC Explicit
08-03 18:52:41.522 22395 23788 I art     : Explicit concurrent mark sweep GC freed 2313(150KB) AllocSpace objects, 2(132KB) LOS objects, 36% free, 28MB/44MB, paused 2.125ms total 63.075ms
08-03 18:52:41.543 22395 23788 I art     : Starting a blocking GC Explicit
08-03 18:52:41.591 22395 23788 I art     : Explicit concurrent mark sweep GC freed 130(7KB) AllocSpace objects, 0(0B) LOS objects, 36% free, 28MB/44MB, paused 1.910ms total 47.627ms
08-03 18:52:41.609 22395 23788 I art     : Starting a blocking GC Explicit
08-03 18:52:41.656 22395 23788 I art     : Explicit concurrent mark sweep GC freed 3(96B) AllocSpace objects, 0(0B) LOS objects, 36% free, 28MB/44MB, paused 1.776ms total 46.094ms
08-03 18:52:41.674 22395 23788 I art     : Starting a blocking GC Explicit
08-03 18:52:41.722 22395 23788 I art     : Explicit concurrent mark sweep GC freed 3(96B) AllocSpace objects, 0(0B) LOS objects, 36% free, 28MB/44MB, paused 1.816ms total 47.283ms
08-03 18:52:41.740 22395 23788 I art     : Starting a blocking GC Explicit
08-03 18:52:41.787 22395 23788 I art     : Explicit concurrent mark sweep GC freed 3(96B) AllocSpace objects, 0(0B) LOS objects, 36% free, 28MB/44MB, paused 1.753ms total 46.727ms
08-03 18:52:42.149 22395 22423 I art     : Starting a blocking GC Explicit
08-03 18:52:42.208 22395 22423 I art     : Explicit concurrent mark sweep GC freed 1370(81KB) AllocSpace objects, 1(20KB) LOS objects, 36% free, 28MB/44MB, paused 2.223ms total 58.335ms
08-03 18:52:42.227 22395 22423 I art     : Starting a blocking GC Explicit
08-03 18:52:42.274 22395 22423 I art     : Explicit concurrent mark sweep GC freed 23(752B) AllocSpace objects, 0(0B) LOS objects, 36% free, 28MB/44MB, paused 1.756ms total 46.265ms
08-03 18:52:42.292 22395 22423 I art     : Starting a blocking GC Explicit
08-03 18:52:42.339 22395 22423 I art     : Explicit concurrent mark sweep GC freed 3(96B) AllocSpace objects, 0(0B) LOS objects, 36% free, 28MB/44MB, paused 2ms total 46.762ms
08-03 18:52:42.357 22395 22423 I art     : Starting a blocking GC Explicit
08-03 18:52:42.403 22395 22423 I art     : Explicit concurrent mark sweep GC freed 3(96B) AllocSpace objects, 0(0B) LOS objects, 36% free, 28MB/44MB, paused 1.820ms total 45.790ms
08-03 18:52:42.422 22395 22423 I art     : Starting a blocking GC Explicit
08-03 18:52:42.468 22395 22423 I art     : Explicit concurrent mark sweep GC freed 32(880B) AllocSpace objects, 0(0B) LOS objects, 36% free, 28MB/44MB, paused 1.914ms total 46.303ms
08-03 18:52:42.829 22395 22423 I art     : Starting a blocking GC Explicit
08-03 18:52:42.880 22395 22423 I art     : Explicit concurrent mark sweep GC freed 1392(83KB) AllocSpace objects, 1(20KB) LOS objects, 36% free, 28MB/44MB, paused 2.697ms total 51.186ms
08-03 18:52:42.899 22395 22423 I art     : Starting a blocking GC Explicit
08-03 18:52:42.947 22395 22423 I art     : Explicit concurrent mark sweep GC freed 32(1040B) AllocSpace objects, 0(0B) LOS objects, 36% free, 28MB/44MB, paused 1.941ms total 47.066ms
08-03 18:52:42.965 22395 22423 I art     : Starting a blocking GC Explicit
08-03 18:52:43.010 22395 22423 I art     : Explicit concurrent mark sweep GC freed 3(96B) AllocSpace objects, 0(0B) LOS objects, 36% free, 28MB/44MB, paused 1.742ms total 43.937ms
08-03 18:52:43.027 22395 22423 I art     : Starting a blocking GC Explicit
08-03 18:52:43.073 22395 22423 I art     : Explicit concurrent mark sweep GC freed 3(96B) AllocSpace objects, 0(0B) LOS objects, 36% free, 28MB/44MB, paused 1.794ms total 45.853ms
08-03 18:52:43.092 22395 22423 I art     : Starting a blocking GC Explicit
08-03 18:52:43.138 22395 22423 I art     : Explicit concurrent mark sweep GC freed 3(96B) AllocSpace objects, 0(0B) LOS objects, 36% free, 28MB/44MB, paused 1.823ms total 45.624ms
08-03 18:52:43.509 22395 22408 I art     : Starting a blocking GC Explicit
08-03 18:52:43.568 22395 22408 I art     : Explicit concurrent mark sweep GC freed 1398(81KB) AllocSpace objects, 1(20KB) LOS objects, 36% free, 28MB/44MB, paused 2.075ms total 58.194ms
08-03 18:52:43.586 22395 22408 I art     : Starting a blocking GC Explicit
08-03 18:52:43.633 22395 22408 I art     : Explicit concurrent mark sweep GC freed 23(752B) AllocSpace objects, 0(0B) LOS objects, 36% free, 28MB/44MB, paused 1.786ms total 46.533ms
08-03 18:52:43.652 22395 22408 I art     : Starting a blocking GC Explicit
08-03 18:52:43.701 22395 22408 I art     : Explicit concurrent mark sweep GC freed 81(6KB) AllocSpace objects, 0(0B) LOS objects, 36% free, 28MB/44MB, paused 1.758ms total 49.312ms
08-03 18:52:43.720 22395 22408 I art     : Starting a blocking GC Explicit
08-03 18:52:43.771 22395 22408 I art     : Explicit concurrent mark sweep GC freed 42(2352B) AllocSpace objects, 0(0B) LOS objects, 36% free, 28MB/44MB, paused 1.916ms total 50.510ms
08-03 18:52:43.793 22395 22408 I art     : Starting a blocking GC Explicit
08-03 18:52:43.840 22395 22408 I art     : Explicit concurrent mark sweep GC freed 3(96B) AllocSpace objects, 0(0B) LOS objects, 36% free, 28MB/44MB, paused 2.075ms total 46.937ms
08-03 18:52:44.211 22395 23788 I art     : Starting a blocking GC Explicit
08-03 18:52:44.271 22395 23788 I art     : Explicit concurrent mark sweep GC freed 1369(80KB) AllocSpace objects, 1(20KB) LOS objects, 36% free, 28MB/44MB, paused 1.744ms total 59.122ms
08-03 18:52:44.289 22395 23788 I art     : Starting a blocking GC Explicit
08-03 18:52:44.335 22395 23788 I art     : Explicit concurrent mark sweep GC freed 23(752B) AllocSpace objects, 0(0B) LOS objects, 36% free, 28MB/44MB, paused 1.620ms total 45.577ms
08-03 18:52:44.354 22395 23788 I art     : Starting a blocking GC Explicit
08-03 18:52:44.400 22395 23788 I art     : Explicit concurrent mark sweep GC freed 3(96B) AllocSpace objects, 0(0B) LOS objects, 36% free, 28MB/44MB, paused 1.653ms total 45.658ms
08-03 18:52:44.418 22395 23788 I art     : Starting a blocking GC Explicit
08-03 18:52:44.466 22395 23788 I art     : Explicit concurrent mark sweep GC freed 32(880B) AllocSpace objects, 0(0B) LOS objects, 36% free, 28MB/44MB, paused 2.125ms total 47.345ms
08-03 18:52:44.488 22395 23788 I art     : Starting a blocking GC Explicit
08-03 18:52:44.535 22395 23788 I art     : Explicit concurrent mark sweep GC freed 3(96B) AllocSpace objects, 0(0B) LOS objects, 36% free, 28MB/44MB, paused 1.627ms total 45.817ms
08-03 18:52:44.852   518   646 I ThermalEngine: ACTION: GPU - Setting GPU[0] to 450000000
08-03 18:52:44.884 22395 22407 I art     : Starting a blocking GC Explicit
08-03 18:52:44.924 22395 22407 I art     : Explicit concurrent mark sweep GC freed 1369(80KB) AllocSpace objects, 1(20KB) LOS objects, 36% free, 28MB/44MB, paused 1.243ms total 40.054ms
08-03 18:52:44.939 22395 22407 I art     : Starting a blocking GC Explicit
08-03 18:52:44.975 22395 22407 I art     : Explicit concurrent mark sweep GC freed 23(752B) AllocSpace objects, 0(0B) LOS objects, 36% free, 28MB/44MB, paused 1.145ms total 35.966ms
08-03 18:52:44.988 22395 22407 I art     : Starting a blocking GC Explicit
08-03 18:52:45.024 22395 22407 I art     : Explicit concurrent mark sweep GC freed 3(96B) AllocSpace objects, 0(0B) LOS objects, 36% free, 28MB/44MB, paused 1.155ms total 36.318ms
08-03 18:52:45.037 22395 22407 I art     : Starting a blocking GC Explicit
08-03 18:52:45.074 22395 22407 I art     : Explicit concurrent mark sweep GC freed 3(96B) AllocSpace objects, 0(0B) LOS objects, 36% free, 28MB/44MB, paused 1.199ms total 36.978ms
08-03 18:52:45.087 22395 22407 I art     : Starting a blocking GC Explicit
08-03 18:52:45.127 22395 22407 I art     : Explicit concurrent mark sweep GC freed 3(96B) AllocSpace objects, 0(0B) LOS objects, 36% free, 28MB/44MB, paused 1.274ms total 39.966ms
08-03 18:52:45.477 22395 22423 I art     : Starting a blocking GC Explicit
08-03 18:52:45.525 22395 22423 I art     : Explicit concurrent mark sweep GC freed 1399(83KB) AllocSpace objects, 1(20KB) LOS objects, 36% free, 28MB/44MB, paused 1.254ms total 48.295ms
08-03 18:52:45.540 22395 22423 I art     : Starting a blocking GC Explicit
08-03 18:52:45.578 22395 22423 I art     : Explicit concurrent mark sweep GC freed 23(752B) AllocSpace objects, 0(0B) LOS objects, 36% free, 28MB/44MB, paused 1.146ms total 38.093ms
08-03 18:52:45.591 22395 22423 I art     : Starting a blocking GC Explicit
08-03 18:52:45.631 22395 22423 I art     : Explicit concurrent mark sweep GC freed 3(96B) AllocSpace objects, 0(0B) LOS objects, 36% free, 28MB/44MB, paused 1.192ms total 39.766ms
08-03 18:52:45.644 22395 22423 I art     : Starting a blocking GC Explicit
08-03 18:52:45.680 22395 22423 I art     : Explicit concurrent mark sweep GC freed 3(96B) AllocSpace objects, 0(0B) LOS objects, 36% free, 28MB/44MB, paused 1.090ms total 36.418ms
08-03 18:52:45.693 22395 22423 I art     : Starting a blocking GC Explicit
08-03 18:52:45.733 22395 22423 I art     : Explicit concurrent mark sweep GC freed 3(96B) AllocSpace objects, 0(0B) LOS objects, 36% free, 28MB/44MB, paused 1.197ms total 39.794ms
08-03 18:52:46.085 22395 22408 I art     : Starting a blocking GC Explicit
08-03 18:52:46.136 22395 22408 I art     : Explicit concurrent mark sweep GC freed 1369(80KB) AllocSpace objects, 1(20KB) LOS objects, 36% free, 28MB/44MB, paused 1.249ms total 50.933ms
08-03 18:52:46.154 22395 22408 I art     : Starting a blocking GC Explicit
08-03 18:52:46.190 22395 22408 I art     : Explicit concurrent mark sweep GC freed 23(752B) AllocSpace objects, 0(0B) LOS objects, 36% free, 28MB/44MB, paused 1.209ms total 36.545ms
08-03 18:52:46.203 22395 22408 I art     : Starting a blocking GC Explicit
08-03 18:52:46.243 22395 22408 I art     : Explicit concurrent mark sweep GC freed 3(96B) AllocSpace objects, 0(0B) LOS objects, 36% free, 28MB/44MB, paused 1.157ms total 39.582ms
08-03 18:52:46.256 22395 22408 I art     : Starting a blocking GC Explicit
08-03 18:52:46.294 22395 22408 I art     : Explicit concurrent mark sweep GC freed 3(96B) AllocSpace objects, 0(0B) LOS objects, 36% free, 28MB/44MB, paused 1.141ms total 38.034ms
08-03 18:52:46.306 22395 22408 I art     : Starting a blocking GC Explicit
08-03 18:52:46.346 22395 22408 I art     : Explicit concurrent mark sweep GC freed 3(96B) AllocSpace objects, 0(0B) LOS objects, 36% free, 28MB/44MB, paused 1.170ms total 39.375ms
08-03 18:52:46.695 22395 23788 I art     : Starting a blocking GC Explicit
08-03 18:52:46.745 22395 23788 I art     : Explicit concurrent mark sweep GC freed 1398(81KB) AllocSpace objects, 1(20KB) LOS objects, 36% free, 28MB/44MB, paused 1.233ms total 49.550ms
08-03 18:52:46.760 22395 23788 I art     : Starting a blocking GC Explicit
08-03 18:52:46.797 22395 23788 I art     : Explicit concurrent mark sweep GC freed 23(752B) AllocSpace objects, 0(0B) LOS objects, 36% free, 28MB/44MB, paused 1.285ms total 37.159ms
08-03 18:52:46.810 22395 23788 I art     : Starting a blocking GC Explicit
08-03 18:52:46.850 22395 23788 I art     : Explicit concurrent mark sweep GC freed 3(96B) AllocSpace objects, 0(0B) LOS objects, 36% free, 28MB/44MB, paused 1.201ms total 39.512ms
08-03 18:52:46.863 22395 23788 I art     : Starting a blocking GC Explicit
08-03 18:52:46.901 22395 23788 I art     : Explicit concurrent mark sweep GC freed 3(96B) AllocSpace objects, 0(0B) LOS objects, 36% free, 28MB/44MB, paused 1.149ms total 38.382ms
08-03 18:52:46.914 22395 23788 I art     : Starting a blocking GC Explicit
08-03 18:52:46.954 22395 23788 I art     : Explicit concurrent mark sweep GC freed 3(96B) AllocSpace objects, 0(0B) LOS objects, 36% free, 28MB/44MB, paused 1.200ms total 39.927ms
08-03 18:52:47.295 22395 22407 I art     : Starting a blocking GC Explicit
08-03 18:52:47.348 22395 22407 I art     : Explicit concurrent mark sweep GC freed 1369(80KB) AllocSpace objects, 1(20KB) LOS objects, 36% free, 28MB/44MB, paused 1.334ms total 52.616ms
08-03 18:52:47.365 22395 22407 I art     : Starting a blocking GC Explicit
08-03 18:52:47.403 22395 22407 I art     : Explicit concurrent mark sweep GC freed 23(752B) AllocSpace objects, 0(0B) LOS objects, 36% free, 28MB/44MB, paused 1.119ms total 37.869ms
08-03 18:52:47.416 22395 22407 I art     : Starting a blocking GC Explicit
08-03 18:52:47.456 22395 22407 I art     : Explicit concurrent mark sweep GC freed 32(880B) AllocSpace objects, 0(0B) LOS objects, 36% free, 28MB/44MB, paused 1.190ms total 39.485ms
08-03 18:52:47.469 22395 22407 I art     : Starting a blocking GC Explicit
08-03 18:52:47.508 22395 22407 I art     : Explicit concurrent mark sweep GC freed 3(96B) AllocSpace objects, 0(0B) LOS objects, 36% free, 28MB/44MB, paused 1.185ms total 39.512ms
08-03 18:52:47.521 22395 22407 I art     : Starting a blocking GC Explicit
08-03 18:52:47.561 22395 22407 I art     : Explicit concurrent mark sweep GC freed 3(96B) AllocSpace objects, 0(0B) LOS objects, 36% free, 28MB/44MB, paused 1.182ms total 39.673ms
08-03 18:52:47.905 22395 22423 I art     : Starting a blocking GC Explicit
08-03 18:52:47.952 22395 22423 I art     : Explicit concurrent mark sweep GC freed 1369(80KB) AllocSpace objects, 1(20KB) LOS objects, 36% free, 28MB/44MB, paused 1.241ms total 47.013ms
08-03 18:52:47.967 22395 22423 I art     : Starting a blocking GC Explicit
08-03 18:52:48.010 22395 22423 I art     : Explicit concurrent mark sweep GC freed 23(752B) AllocSpace objects, 0(0B) LOS objects, 36% free, 28MB/44MB, paused 1.150ms total 42.212ms
08-03 18:52:48.022 22395 22423 I art     : Starting a blocking GC Explicit
08-03 18:52:48.062 22395 22423 I art     : Explicit concurrent mark sweep GC freed 3(96B) AllocSpace objects, 0(0B) LOS objects, 36% free, 28MB/44MB, paused 1.184ms total 39.297ms
08-03 18:52:48.074 22395 22423 I art     : Starting a blocking GC Explicit
08-03 18:52:48.114 22395 22423 I art     : Explicit concurrent mark sweep GC freed 3(96B) AllocSpace objects, 0(0B) LOS objects, 36% free, 28MB/44MB, paused 1.137ms total 39.267ms
08-03 18:52:48.127 22395 22423 I art     : Starting a blocking GC Explicit
08-03 18:52:48.166 22395 22423 I art     : Explicit concurrent mark sweep GC freed 3(96B) AllocSpace objects, 0(0B) LOS objects, 36% free, 28MB/44MB, paused 1.179ms total 38.803ms
08-03 18:52:48.502 22395 22408 I art     : Starting a blocking GC Explicit
08-03 18:52:48.541 22395 22408 I art     : Explicit concurrent mark sweep GC freed 1398(81KB) AllocSpace objects, 1(20KB) LOS objects, 36% free, 28MB/44MB, paused 1.154ms total 38.721ms
08-03 18:52:48.553 22395 22408 I art     : Starting a blocking GC Explicit
08-03 18:52:48.590 22395 22408 I art     : Explicit concurrent mark sweep GC freed 23(752B) AllocSpace objects, 0(0B) LOS objects, 36% free, 28MB/44MB, paused 1.212ms total 36.589ms
08-03 18:52:48.602 22395 22408 I art     : Starting a blocking GC Explicit
08-03 18:52:48.639 22395 22408 I art     : Explicit concurrent mark sweep GC freed 3(96B) AllocSpace objects, 0(0B) LOS objects, 36% free, 28MB/44MB, paused 1.218ms total 36.491ms
08-03 18:52:48.651 22395 22408 I art     : Starting a blocking GC Explicit
08-03 18:52:48.689 22395 22408 I art     : Explicit concurrent mark sweep GC freed 3(96B) AllocSpace objects, 0(0B) LOS objects, 36% free, 28MB/44MB, paused 1.233ms total 37.803ms
08-03 18:52:48.702 22395 22408 I art     : Starting a blocking GC Explicit
08-03 18:52:48.739 22395 22408 I art     : Explicit concurrent mark sweep GC freed 3(96B) AllocSpace objects, 0(0B) LOS objects, 36% free, 28MB/44MB, paused 1.238ms total 36.822ms
08-03 18:52:49.013 24112 24112 D AndroidRuntime: >>>>>> START com.android.internal.os.RuntimeInit uid 2000 <<<<<<
08-03 18:52:49.019 24112 24112 D AndroidRuntime: CheckJNI is OFF
08-03 18:52:49.062 24112 24112 D ICU     : No timezone override file found: /data/misc/zoneinfo/current/icu/icu_tzdata.dat
08-03 18:52:49.080 22395 23788 I art     : Starting a blocking GC Explicit
08-03 18:52:49.105 24112 24112 I Radio-JNI: register_android_hardware_Radio DONE
08-03 18:52:49.116 22395 23788 I art     : Explicit concurrent mark sweep GC freed 1369(80KB) AllocSpace objects, 1(20KB) LOS objects, 36% free, 28MB/44MB, paused 1.292ms total 36.108ms
08-03 18:52:49.129 22395 23788 I art     : Starting a blocking GC Explicit
08-03 18:52:49.135 24112 24112 D AndroidRuntime: Calling main entry com.android.commands.input.Input
08-03 18:52:49.137 24112 24112 I Input   : injectKeyEvent: KeyEvent { action=ACTION_DOWN, keyCode=KEYCODE_BACK, scanCode=0, metaState=0, flags=0x0, repeatCount=0, eventTime=643985550, downTime=643985550, deviceId=-1, source=0x101 }
08-03 18:52:49.142 24112 24112 I Input   : injectKeyEvent: KeyEvent { action=ACTION_UP, keyCode=KEYCODE_BACK, scanCode=0, metaState=0, flags=0x0, repeatCount=0, eventTime=643985550, downTime=643985550, deviceId=-1, source=0x101 }
08-03 18:52:49.147 24112 24112 D AndroidRuntime: Shutting down VM
08-03 18:52:49.152 22395 22395 V PlaybackController: initServiceNotRunning()
08-03 18:52:49.152 22395 22395 D ExternalPlayerFragment: Loading media info
08-03 18:52:49.157 22395 22395 D UserPreferences: Using default data folder
08-03 18:52:49.158 22395 22435 D DBReader: getNavDrawerData() called with: 
08-03 18:52:49.162 22395 23788 I art     : Explicit concurrent mark sweep GC freed 262(15KB) AllocSpace objects, 0(0B) LOS objects, 36% free, 28MB/44MB, paused 1.644ms total 33.558ms
08-03 18:52:49.173 22395 22435 D DBReader: getDownloadedItems() called
08-03 18:52:49.175 22395 22435 D DBReader: getFavoriteIDList() called
08-03 18:52:49.175 22395 22435 D DBReader: getQueueIDList() called
08-03 18:52:49.176 22395 22435 D DBReader: Extracting Feedlist
08-03 18:52:49.176 22395 23788 I art     : Starting a blocking GC Explicit
08-03 18:52:49.188 13866 13866 I GoogleInputMethodServic: GoogleInputMethodService.onFinishInput():3138 
08-03 18:52:49.189 13866 13866 I GoogleInputMethodServic: GoogleInputMethodService.onStartInput():1808 
08-03 18:52:49.202 22395 22395 D MainActivity: getLastNavFragment() -> AddFeedFragment
08-03 18:52:49.209 22395 23788 I art     : Explicit concurrent mark sweep GC freed 428(35KB) AllocSpace objects, 0(0B) LOS objects, 36% free, 28MB/44MB, paused 1.373ms total 32.211ms
08-03 18:52:49.220 22395 23788 I art     : Starting a blocking GC Explicit
08-03 18:52:49.252 22395 23788 I art     : Explicit concurrent mark sweep GC freed 646(32KB) AllocSpace objects, 0(0B) LOS objects, 36% free, 28MB/44MB, paused 1.048ms total 31.207ms
08-03 18:52:49.264 22395 23788 I art     : Starting a blocking GC Explicit
08-03 18:52:49.297 22395 23788 I art     : Explicit concurrent mark sweep GC freed 236(14KB) AllocSpace objects, 0(0B) LOS objects, 36% free, 28MB/44MB, paused 1.085ms total 32.675ms
08-03 18:52:49.491   380   380 W SurfaceFlinger: couldn't log to binary event log: overflow.
08-03 18:52:49.598 22395 22423 I art     : Starting a blocking GC Explicit
08-03 18:52:49.635 22395 22423 I art     : Explicit concurrent mark sweep GC freed 1995(106KB) AllocSpace objects, 1(20KB) LOS objects, 36% free, 28MB/44MB, paused 1.136ms total 36.580ms
08-03 18:52:49.647 22395 22423 I art     : Starting a blocking GC Explicit
08-03 18:52:49.683 22395 22423 I art     : Explicit concurrent mark sweep GC freed 2449(152KB) AllocSpace objects, 1(28KB) LOS objects, 36% free, 28MB/44MB, paused 1.293ms total 35.356ms
08-03 18:52:49.695 22395 22423 I art     : Starting a blocking GC Explicit
08-03 18:52:49.729 22395 22423 I art     : Explicit concurrent mark sweep GC freed 3(96B) AllocSpace objects, 0(0B) LOS objects, 36% free, 28MB/44MB, paused 1.173ms total 34.559ms
08-03 18:52:49.741 22395 22423 I art     : Starting a blocking GC Explicit
08-03 18:52:49.775 22395 22423 I art     : Explicit concurrent mark sweep GC freed 3(96B) AllocSpace objects, 0(0B) LOS objects, 36% free, 28MB/44MB, paused 1.141ms total 33.998ms
08-03 18:52:49.787 22395 22423 I art     : Starting a blocking GC Explicit
08-03 18:52:49.822 22395 22423 I art     : Explicit concurrent mark sweep GC freed 3(96B) AllocSpace objects, 0(0B) LOS objects, 36% free, 28MB/44MB, paused 1.150ms total 34.344ms
08-03 18:52:49.836   918  3261 D WifiStateMachine: starting scan for "H369AA63323"WPA_PSK with 2412,5180
08-03 18:52:50.145 22395 22407 I art     : Starting a blocking GC Explicit
08-03 18:52:50.189 22395 22407 I art     : Explicit concurrent mark sweep GC freed 1371(82KB) AllocSpace objects, 1(20KB) LOS objects, 36% free, 28MB/44MB, paused 1.378ms total 43.641ms
08-03 18:52:50.202 22395 22407 I art     : Starting a blocking GC Explicit
08-03 18:52:50.237 22395 22407 I art     : Explicit concurrent mark sweep GC freed 23(752B) AllocSpace objects, 0(0B) LOS objects, 36% free, 28MB/44MB, paused 1.251ms total 35.139ms
08-03 18:52:50.249 22395 22407 I art     : Starting a blocking GC Explicit
08-03 18:52:50.285 22395 22407 I art     : Explicit concurrent mark sweep GC freed 3(96B) AllocSpace objects, 0(0B) LOS objects, 36% free, 28MB/44MB, paused 1.330ms total 34.986ms
08-03 18:52:50.297 22395 22407 I art     : Starting a blocking GC Explicit
08-03 18:52:50.332 22395 22407 I art     : Explicit concurrent mark sweep GC freed 3(96B) AllocSpace objects, 0(0B) LOS objects, 36% free, 28MB/44MB, paused 1.165ms total 34.859ms
08-03 18:52:50.344 22395 22407 I art     : Starting a blocking GC Explicit
08-03 18:52:50.379 22395 22407 I art     : Explicit concurrent mark sweep GC freed 3(96B) AllocSpace objects, 0(0B) LOS objects, 36% free, 28MB/44MB, paused 1.119ms total 34.630ms
08-03 18:52:50.685 22395 22408 I art     : Starting a blocking GC Explicit
08-03 18:52:50.722 22395 22408 I art     : Explicit concurrent mark sweep GC freed 1399(81KB) AllocSpace objects, 1(20KB) LOS objects, 36% free, 28MB/44MB, paused 1.200ms total 36.297ms
08-03 18:52:50.734 22395 22408 I art     : Starting a blocking GC Explicit
08-03 18:52:50.770 22395 22408 I art     : Explicit concurrent mark sweep GC freed 23(752B) AllocSpace objects, 0(0B) LOS objects, 36% free, 28MB/44MB, paused 1.180ms total 36.381ms
08-03 18:52:50.786 22395 22408 I art     : Starting a blocking GC Explicit
08-03 18:52:50.821 22395 22408 I art     : Explicit concurrent mark sweep GC freed 7(224B) AllocSpace objects, 0(0B) LOS objects, 36% free, 28MB/44MB, paused 1.102ms total 34.930ms
08-03 18:52:50.834 22395 22408 I art     : Starting a blocking GC Explicit
08-03 18:52:50.867 22395 22408 I art     : Explicit concurrent mark sweep GC freed 9(288B) AllocSpace objects, 0(0B) LOS objects, 36% free, 28MB/44MB, paused 1.213ms total 33.226ms
08-03 18:52:50.879 22395 22408 I art     : Starting a blocking GC Explicit
08-03 18:52:50.914 22395 22408 I art     : Explicit concurrent mark sweep GC freed 8(256B) AllocSpace objects, 0(0B) LOS objects, 36% free, 28MB/44MB, paused 2.265ms total 34.246ms
08-03 18:52:50.943 24156 24156 D AndroidRuntime: >>>>>> START com.android.internal.os.RuntimeInit uid 2000 <<<<<<
08-03 18:52:50.949 24156 24156 D AndroidRuntime: CheckJNI is OFF
08-03 18:52:50.990 24156 24156 D ICU     : No timezone override file found: /data/misc/zoneinfo/current/icu/icu_tzdata.dat
08-03 18:52:51.034 24156 24156 I Radio-JNI: register_android_hardware_Radio DONE
08-03 18:52:51.065 24156 24156 D AndroidRuntime: Calling main entry com.android.commands.input.Input
08-03 18:52:51.067 24156 24156 I Input   : injectKeyEvent: KeyEvent { action=ACTION_DOWN, keyCode=KEYCODE_BACK, scanCode=0, metaState=0, flags=0x0, repeatCount=0, eventTime=643987480, downTime=643987480, deviceId=-1, source=0x101 }
08-03 18:52:51.072 24156 24156 I Input   : injectKeyEvent: KeyEvent { action=ACTION_UP, keyCode=KEYCODE_BACK, scanCode=0, metaState=0, flags=0x0, repeatCount=0, eventTime=643987480, downTime=643987480, deviceId=-1, source=0x101 }
08-03 18:52:51.086 13866 13866 I GoogleInputMethodServic: GoogleInputMethodService.onFinishInput():3138 
08-03 18:52:51.087 13866 13866 I GoogleInputMethodServic: GoogleInputMethodService.onStartInput():1808 
08-03 18:52:51.093 24156 24156 D AndroidRuntime: Shutting down VM
08-03 18:52:51.219 22395 23788 I art     : Starting a blocking GC Explicit
08-03 18:52:51.257 22395 23788 I art     : Explicit concurrent mark sweep GC freed 2582(129KB) AllocSpace objects, 1(20KB) LOS objects, 36% free, 28MB/44MB, paused 1.098ms total 37.910ms
08-03 18:52:51.272 22395 23788 I art     : Starting a blocking GC Explicit
08-03 18:52:51.306 22395 23788 I art     : Explicit concurrent mark sweep GC freed 2658(177KB) AllocSpace objects, 9(1540KB) LOS objects, 37% free, 26MB/42MB, paused 1.212ms total 33.650ms
08-03 18:52:51.317 22395 23788 I art     : Starting a blocking GC Explicit
08-03 18:52:51.351 22395 23788 I art     : Explicit concurrent mark sweep GC freed 3(96B) AllocSpace objects, 0(0B) LOS objects, 37% free, 26MB/42MB, paused 1.141ms total 33.492ms
08-03 18:52:51.363 22395 23788 I art     : Starting a blocking GC Explicit
08-03 18:52:51.397 22395 23788 I art     : Explicit concurrent mark sweep GC freed 3(96B) AllocSpace objects, 0(0B) LOS objects, 37% free, 26MB/42MB, paused 1.275ms total 33.990ms
08-03 18:52:51.409 22395 23788 I art     : Starting a blocking GC Explicit
08-03 18:52:51.444 22395 23788 I art     : Explicit concurrent mark sweep GC freed 32(880B) AllocSpace objects, 0(0B) LOS objects, 37% free, 26MB/42MB, paused 1.164ms total 34.507ms
08-03 18:52:51.765 22395 22407 I art     : Starting a blocking GC Explicit
08-03 18:52:51.807 22395 22407 I art     : Explicit concurrent mark sweep GC freed 1370(81KB) AllocSpace objects, 1(20KB) LOS objects, 37% free, 26MB/42MB, paused 1.226ms total 41.198ms
08-03 18:52:51.821 22395 22407 I art     : Starting a blocking GC Explicit
08-03 18:52:51.860 22395 22407 I art     : Explicit concurrent mark sweep GC freed 23(752B) AllocSpace objects, 0(0B) LOS objects, 37% free, 26MB/42MB, paused 1.150ms total 38.334ms
08-03 18:52:51.872 22395 22407 I art     : Starting a blocking GC Explicit
08-03 18:52:51.906 22395 22407 I art     : Explicit concurrent mark sweep GC freed 3(96B) AllocSpace objects, 0(0B) LOS objects, 37% free, 26MB/42MB, paused 1.156ms total 34.096ms
08-03 18:52:51.919 22395 22407 I art     : Starting a blocking GC Explicit
08-03 18:52:51.953 22395 22407 I art     : Explicit concurrent mark sweep GC freed 3(96B) AllocSpace objects, 0(0B) LOS objects, 37% free, 26MB/42MB, paused 1.157ms total 34.144ms
08-03 18:52:51.965 22395 22407 I art     : Starting a blocking GC Explicit
08-03 18:52:51.999 22395 22407 I art     : Explicit concurrent mark sweep GC freed 3(96B) AllocSpace objects, 0(0B) LOS objects, 37% free, 26MB/42MB, paused 1.168ms total 34.147ms
08-03 18:52:52.314 22395 22423 I art     : Starting a blocking GC Explicit
08-03 18:52:52.353 22395 22423 I art     : Explicit concurrent mark sweep GC freed 1370(81KB) AllocSpace objects, 1(20KB) LOS objects, 37% free, 26MB/42MB, paused 1.189ms total 39.231ms
08-03 18:52:52.353 22395 22406 I art     : WaitForGcToComplete blocked for 5.482ms for cause HeapTrim
08-03 18:52:52.365 22395 22423 I art     : Starting a blocking GC Explicit
08-03 18:52:52.398 22395 22423 I art     : Explicit concurrent mark sweep GC freed 23(752B) AllocSpace objects, 0(0B) LOS objects, 37% free, 26MB/42MB, paused 1.268ms total 32.615ms
08-03 18:52:52.410 22395 22423 I art     : Starting a blocking GC Explicit
08-03 18:52:52.443 22395 22423 I art     : Explicit concurrent mark sweep GC freed 32(880B) AllocSpace objects, 0(0B) LOS objects, 37% free, 26MB/42MB, paused 1.159ms total 32.657ms
08-03 18:52:52.454 22395 22423 I art     : Starting a blocking GC Explicit
08-03 18:52:52.487 22395 22423 I art     : Explicit concurrent mark sweep GC freed 3(96B) AllocSpace objects, 0(0B) LOS objects, 37% free, 26MB/42MB, paused 1.353ms total 32.951ms
08-03 18:52:52.499 22395 22423 I art     : Starting a blocking GC Explicit
08-03 18:52:52.532 22395 22423 I art     : Explicit concurrent mark sweep GC freed 3(96B) AllocSpace objects, 0(0B) LOS objects, 37% free, 26MB/42MB, paused 1.145ms total 32.811ms
08-03 18:52:52.846 22395 22408 I art     : Starting a blocking GC Explicit
08-03 18:52:52.874 24210 24210 D AndroidRuntime: >>>>>> START com.android.internal.os.RuntimeInit uid 2000 <<<<<<
08-03 18:52:52.880 24210 24210 D AndroidRuntime: CheckJNI is OFF
08-03 18:52:52.883 22395 22408 I art     : Explicit concurrent mark sweep GC freed 1390(83KB) AllocSpace objects, 1(20KB) LOS objects, 37% free, 26MB/42MB, paused 1.298ms total 36.034ms
08-03 18:52:52.895 22395 22408 I art     : Starting a blocking GC Explicit
08-03 18:52:52.923 24210 24210 D ICU     : No timezone override file found: /data/misc/zoneinfo/current/icu/icu_tzdata.dat
08-03 18:52:52.926 22395 22408 I art     : Explicit concurrent mark sweep GC freed 27(880B) AllocSpace objects, 0(0B) LOS objects, 37% free, 26MB/42MB, paused 1.207ms total 30.541ms
08-03 18:52:52.937 22395 22408 I art     : Starting a blocking GC Explicit
08-03 18:52:52.964 24210 24210 I Radio-JNI: register_android_hardware_Radio DONE
08-03 18:52:52.968 22395 22408 I art     : Explicit concurrent mark sweep GC freed 6(192B) AllocSpace objects, 0(0B) LOS objects, 37% free, 26MB/42MB, paused 1.268ms total 30.814ms
08-03 18:52:52.979 22395 22408 I art     : Starting a blocking GC Explicit
08-03 18:52:52.994 24210 24210 D AndroidRuntime: Calling main entry com.android.commands.input.Input
08-03 18:52:52.996 24210 24210 I Input   : injectMotionEvent: MotionEvent { action=ACTION_DOWN, actionButton=0, id[0]=0, x[0]=567.0, y[0]=714.0, toolType[0]=TOOL_TYPE_UNKNOWN, buttonState=0, metaState=0, flags=0x0, edgeFlags=0x0, pointerCount=1, historySize=0, eventTime=643989408, downTime=643989408, deviceId=0, source=0x1002 }
08-03 18:52:53.002 24210 24210 I Input   : injectMotionEvent: MotionEvent { action=ACTION_UP, actionButton=0, id[0]=0, x[0]=567.0, y[0]=714.0, toolType[0]=TOOL_TYPE_UNKNOWN, buttonState=0, metaState=0, flags=0x0, edgeFlags=0x0, pointerCount=1, historySize=0, eventTime=643989408, downTime=643989408, deviceId=0, source=0x1002 }
08-03 18:52:53.004 24210 24210 D AndroidRuntime: Shutting down VM
08-03 18:52:53.010 22395 22408 I art     : Explicit concurrent mark sweep GC freed 30(1024B) AllocSpace objects, 0(0B) LOS objects, 37% free, 26MB/42MB, paused 1.103ms total 30.509ms
08-03 18:52:53.015   512  2967 D audio_hw_primary: out_set_parameters: enter: usecase(1: low-latency-playback) kvpairs: routing=2
08-03 18:52:53.022 22395 22408 I art     : Starting a blocking GC Explicit
08-03 18:52:53.028   512  2967 D audio_hw_primary: select_devices: out_snd_device(2: speaker) in_snd_device(0: none)
08-03 18:52:53.029   512  2967 D msm8974_platform: platform_send_audio_calibration: sending audio calibration for snd_device(2) acdb_id(15)
08-03 18:52:53.029   512  2967 I soundtrigger: audio_extn_sound_trigger_update_device_status: device 0x2 of type 0 for Event 1
08-03 18:52:53.038   512  2967 D audio_hw_primary: enable_snd_device: snd_device(2: speaker)
08-03 18:52:53.040   512  2967 D audio_hw_primary: enable_audio_route: apply and update mixer path: low-latency-playback speaker
08-03 18:52:53.055 22395 22408 I art     : Explicit concurrent mark sweep GC freed 2176(87KB) AllocSpace objects, 0(0B) LOS objects, 37% free, 26MB/42MB, paused 1.626ms total 33.077ms
08-03 18:52:53.230 22395 22419 I NAPPA_EXPERIMENTATION: MetricNetworkRequestExecutionTime: REQUEST_DURATION_SYSTEM='208',REQUEST_DURATION_OKHTTP='206',REQUEST_SYNCHRONOUS='TRUE',RESPONSE_CODE='400',RESPONSE_METHOD='GET',RESPONSE_LENGTH_OKHTTP='0',RESPONSE_LENGTH_HEADER='0',REQUEST_PROTOCOL='h2',REQUEST_URL='https://itunes.apple.com/en/rss/toppodcasts/limit=25/explicit=true/json',
08-03 18:52:53.336 22395 22423 I art     : Starting a blocking GC Explicit
08-03 18:52:53.372 22395 22423 I art     : Explicit concurrent mark sweep GC freed 3430(190KB) AllocSpace objects, 2(240KB) LOS objects, 37% free, 26MB/42MB, paused 1.231ms total 35.563ms
08-03 18:52:53.377 22395 22419 I NAPPA_EXPERIMENTATION: MetricNetworkRequestExecutionTime: REQUEST_DURATION_SYSTEM='146',REQUEST_DURATION_OKHTTP='144',REQUEST_SYNCHRONOUS='TRUE',RESPONSE_CODE='200',RESPONSE_METHOD='GET',RESPONSE_LENGTH_OKHTTP='-1',RESPONSE_LENGTH_HEADER='10075',REQUEST_PROTOCOL='h2',REQUEST_URL='https://itunes.apple.com/us/rss/toppodcasts/limit=25/explicit=true/json',
08-03 18:52:53.384 22395 22423 I art     : Starting a blocking GC Explicit
08-03 18:52:53.418 22395 22423 I art     : Explicit concurrent mark sweep GC freed 8409(438KB) AllocSpace objects, 4(352KB) LOS objects, 37% free, 26MB/42MB, paused 1.278ms total 34.026ms
08-03 18:52:53.429 22395 22423 I art     : Starting a blocking GC Explicit
08-03 18:52:53.432 22395 23139 D ApOkHttpUrlLoader: buildLoadData() called with: model = [https://is4-ssl.mzstatic.com/image/thumb/Podcasts114/v4/3f/16/74/3f167426-bf50-ce3a-d709-e4301620fc5b/mza_5832671293059882550.jpeg/170x170bb.png], width = [224], height = [224]
08-03 18:52:53.433 22395 23144 D DBReader: getImageAuthentication() called with: imageUrl = [https://is4-ssl.mzstatic.com/image/thumb/Podcasts114/v4/3f/16/74/3f167426-bf50-ce3a-d709-e4301620fc5b/mza_5832671293059882550.jpeg/170x170bb.png]
08-03 18:52:53.437 22395 23144 D ApOkHttpUrlLoader: no credentials for 'https://is4-ssl.mzstatic.com/image/thumb/Podcasts114/v4/3f/16/74/3f167426-bf50-ce3a-d709-e4301620fc5b/mza_5832671293059882550.jpeg/170x170bb.png'
08-03 18:52:53.437 22395 23140 D ApOkHttpUrlLoader: buildLoadData() called with: model = [https://is4-ssl.mzstatic.com/image/thumb/Podcasts113/v4/e5/8a/10/e58a108f-f5d0-f622-c94a-13f66edd570c/mza_3025981348644196724.jpg/170x170bb.png], width = [224], height = [224]
08-03 18:52:53.438 22395 23147 D DBReader: getImageAuthentication() called with: imageUrl = [https://is4-ssl.mzstatic.com/image/thumb/Podcasts113/v4/e5/8a/10/e58a108f-f5d0-f622-c94a-13f66edd570c/mza_3025981348644196724.jpg/170x170bb.png]
08-03 18:52:53.440 22395 23142 D ApOkHttpUrlLoader: buildLoadData() called with: model = [https://is2-ssl.mzstatic.com/image/thumb/Podcasts113/v4/a9/39/cc/a939ccc5-6d60-0c11-0a4c-16d71cdef89b/mza_8787577209688278658.jpg/170x170bb.png], width = [224], height = [224]
08-03 18:52:53.441 22395 23148 D DBReader: getImageAuthentication() called with: imageUrl = [https://is2-ssl.mzstatic.com/image/thumb/Podcasts113/v4/a9/39/cc/a939ccc5-6d60-0c11-0a4c-16d71cdef89b/mza_8787577209688278658.jpg/170x170bb.png]
08-03 18:52:53.442 22395 23147 D ApOkHttpUrlLoader: no credentials for 'https://is4-ssl.mzstatic.com/image/thumb/Podcasts113/v4/e5/8a/10/e58a108f-f5d0-f622-c94a-13f66edd570c/mza_3025981348644196724.jpg/170x170bb.png'
08-03 18:52:53.445 22395 23141 D ApOkHttpUrlLoader: buildLoadData() called with: model = [https://is5-ssl.mzstatic.com/image/thumb/Podcasts114/v4/93/cf/99/93cf9960-fff3-205e-6655-72c03ddeccb2/mza_10545582232493904175.jpeg/170x170bb.png], width = [224], height = [224]
08-03 18:52:53.446 22395 23148 D ApOkHttpUrlLoader: no credentials for 'https://is2-ssl.mzstatic.com/image/thumb/Podcasts113/v4/a9/39/cc/a939ccc5-6d60-0c11-0a4c-16d71cdef89b/mza_8787577209688278658.jpg/170x170bb.png'
08-03 18:52:53.446 22395 23149 D DBReader: getImageAuthentication() called with: imageUrl = [https://is5-ssl.mzstatic.com/image/thumb/Podcasts114/v4/93/cf/99/93cf9960-fff3-205e-6655-72c03ddeccb2/mza_10545582232493904175.jpeg/170x170bb.png]
08-03 18:52:53.448 22395 23139 D ApOkHttpUrlLoader: buildLoadData() called with: model = [https://is4-ssl.mzstatic.com/image/thumb/Podcasts124/v4/49/a4/91/49a491b7-3daf-c5dc-d7c6-6c4f1486955c/mza_5930014091766152297.png/170x170bb.png], width = [224], height = [224]
08-03 18:52:53.449 22395 23146 D DBReader: getImageAuthentication() called with: imageUrl = [https://is4-ssl.mzstatic.com/image/thumb/Podcasts124/v4/49/a4/91/49a491b7-3daf-c5dc-d7c6-6c4f1486955c/mza_5930014091766152297.png/170x170bb.png]
08-03 18:52:53.450 22395 23149 D ApOkHttpUrlLoader: no credentials for 'https://is5-ssl.mzstatic.com/image/thumb/Podcasts114/v4/93/cf/99/93cf9960-fff3-205e-6655-72c03ddeccb2/mza_10545582232493904175.jpeg/170x170bb.png'
08-03 18:52:53.451 22395 23140 D ApOkHttpUrlLoader: buildLoadData() called with: model = [https://is5-ssl.mzstatic.com/image/thumb/Podcasts113/v4/fd/54/6e/fd546ea0-7ab2-e3f0-6049-884d82917af9/mza_4855349695799758348.jpeg/170x170bb.png], width = [224], height = [224]
08-03 18:52:53.453 22395 23145 D DBReader: getImageAuthentication() called with: imageUrl = [https://is5-ssl.mzstatic.com/image/thumb/Podcasts113/v4/fd/54/6e/fd546ea0-7ab2-e3f0-6049-884d82917af9/mza_4855349695799758348.jpeg/170x170bb.png]
08-03 18:52:53.453 22395 23146 D ApOkHttpUrlLoader: no credentials for 'https://is4-ssl.mzstatic.com/image/thumb/Podcasts124/v4/49/a4/91/49a491b7-3daf-c5dc-d7c6-6c4f1486955c/mza_5930014091766152297.png/170x170bb.png'
08-03 18:52:53.454 22395 23142 D ApOkHttpUrlLoader: buildLoadData() called with: model = [https://is2-ssl.mzstatic.com/image/thumb/Podcasts114/v4/b3/4c/cf/b34ccfc2-cea4-1ca1-0fad-7793af301cc5/mza_2466085192629456364.jpg/170x170bb.png], width = [224], height = [224]
08-03 18:52:53.457 22395 23145 D ApOkHttpUrlLoader: no credentials for 'https://is5-ssl.mzstatic.com/image/thumb/Podcasts113/v4/fd/54/6e/fd546ea0-7ab2-e3f0-6049-884d82917af9/mza_4855349695799758348.jpeg/170x170bb.png'
08-03 18:52:53.457 22395 23143 D DBReader: getImageAuthentication() called with: imageUrl = [https://is2-ssl.mzstatic.com/image/thumb/Podcasts114/v4/b3/4c/cf/b34ccfc2-cea4-1ca1-0fad-7793af301cc5/mza_2466085192629456364.jpg/170x170bb.png]
08-03 18:52:53.463 22395 23143 D ApOkHttpUrlLoader: no credentials for 'https://is2-ssl.mzstatic.com/image/thumb/Podcasts114/v4/b3/4c/cf/b34ccfc2-cea4-1ca1-0fad-7793af301cc5/mza_2466085192629456364.jpg/170x170bb.png'
08-03 18:52:53.463 22395 22423 I art     : Explicit concurrent mark sweep GC freed 2225(181KB) AllocSpace objects, 0(0B) LOS objects, 37% free, 26MB/42MB, paused 2.199ms total 33.756ms
08-03 18:52:53.475 22395 22423 I art     : Starting a blocking GC Explicit
08-03 18:52:53.507 22395 22423 I art     : Explicit concurrent mark sweep GC freed 698(41KB) AllocSpace objects, 0(0B) LOS objects, 37% free, 26MB/42MB, paused 1.502ms total 32.178ms
08-03 18:52:53.518 22395 22423 I art     : Starting a blocking GC Explicit
08-03 18:52:53.552 22395 22423 I art     : Explicit concurrent mark sweep GC freed 203(12KB) AllocSpace objects, 0(0B) LOS objects, 37% free, 26MB/42MB, paused 1.413ms total 33.993ms
08-03 18:52:53.588   512  2967 D audio_hw_primary: disable_audio_route: reset and update mixer path: low-latency-playback speaker
08-03 18:52:53.590   512  2967 D audio_hw_primary: disable_snd_device: snd_device(2: speaker)
08-03 18:52:53.599   512  2967 I soundtrigger: audio_extn_sound_trigger_update_device_status: device 0x2 of type 0 for Event 0
08-03 18:52:53.811 22395 23144 D MYTAG   : interceptor 2a
08-03 18:52:53.811 22395 23144 I NAPPA_EXPERIMENTATION: MetricNetworkRequestExecutionTime: REQUEST_DURATION_SYSTEM='374',REQUEST_DURATION_OKHTTP='166',REQUEST_SYNCHRONOUS='TRUE',RESPONSE_CODE='200',RESPONSE_METHOD='GET',RESPONSE_LENGTH_OKHTTP='26177',RESPONSE_LENGTH_HEADER='26177',REQUEST_PROTOCOL='h2',REQUEST_URL='https://is4-ssl.mzstatic.com/image/thumb/Podcasts114/v4/3f/16/74/3f167426-bf50-ce3a-d709-e4301620fc5b/mza_5832671293059882550.jpeg/170x170bb.png',
08-03 18:52:53.846 22395 23788 I art     : Starting a blocking GC Explicit
08-03 18:52:53.886 22395 23788 I art     : Explicit concurrent mark sweep GC freed 28616(1400KB) AllocSpace objects, 1(20KB) LOS objects, 37% free, 26MB/42MB, paused 2.051ms total 39.229ms
08-03 18:52:53.898 22395 23788 I art     : Starting a blocking GC Explicit
08-03 18:52:53.916 22395 23147 D MYTAG   : interceptor 2a
08-03 18:52:53.916 22395 23147 I NAPPA_EXPERIMENTATION: MetricNetworkRequestExecutionTime: REQUEST_DURATION_SYSTEM='474',REQUEST_DURATION_OKHTTP='257',REQUEST_SYNCHRONOUS='TRUE',RESPONSE_CODE='200',RESPONSE_METHOD='GET',RESPONSE_LENGTH_OKHTTP='45995',RESPONSE_LENGTH_HEADER='45995',REQUEST_PROTOCOL='h2',REQUEST_URL='https://is4-ssl.mzstatic.com/image/thumb/Podcasts113/v4/e5/8a/10/e58a108f-f5d0-f622-c94a-13f66edd570c/mza_3025981348644196724.jpg/170x170bb.png',
08-03 18:52:53.920 22395 23145 D MYTAG   : interceptor 2a
08-03 18:52:53.920 22395 23145 I NAPPA_EXPERIMENTATION: MetricNetworkRequestExecutionTime: REQUEST_DURATION_SYSTEM='463',REQUEST_DURATION_OKHTTP='265',REQUEST_SYNCHRONOUS='TRUE',RESPONSE_CODE='200',RESPONSE_METHOD='GET',RESPONSE_LENGTH_OKHTTP='54835',RESPONSE_LENGTH_HEADER='54835',REQUEST_PROTOCOL='h2',REQUEST_URL='https://is5-ssl.mzstatic.com/image/thumb/Podcasts113/v4/fd/54/6e/fd546ea0-7ab2-e3f0-6049-884d82917af9/mza_4855349695799758348.jpeg/170x170bb.png',
08-03 18:52:53.932 22395 23788 I art     : Explicit concurrent mark sweep GC freed 1550(76KB) AllocSpace objects, 0(0B) LOS objects, 36% free, 27MB/43MB, paused 1.565ms total 34.124ms
08-03 18:52:53.934 22395 23148 D MYTAG   : interceptor 2a
08-03 18:52:53.934 22395 23148 I NAPPA_EXPERIMENTATION: MetricNetworkRequestExecutionTime: REQUEST_DURATION_SYSTEM='488',REQUEST_DURATION_OKHTTP='251',REQUEST_SYNCHRONOUS='TRUE',RESPONSE_CODE='200',RESPONSE_METHOD='GET',RESPONSE_LENGTH_OKHTTP='48239',RESPONSE_LENGTH_HEADER='48239',REQUEST_PROTOCOL='h2',REQUEST_URL='https://is2-ssl.mzstatic.com/image/thumb/Podcasts113/v4/a9/39/cc/a939ccc5-6d60-0c11-0a4c-16d71cdef89b/mza_8787577209688278658.jpg/170x170bb.png',
08-03 18:52:53.937 22395 23146 D MYTAG   : interceptor 2a
08-03 18:52:53.937 22395 23146 I NAPPA_EXPERIMENTATION: MetricNetworkRequestExecutionTime: REQUEST_DURATION_SYSTEM='484',REQUEST_DURATION_OKHTTP='275',REQUEST_SYNCHRONOUS='TRUE',RESPONSE_CODE='200',RESPONSE_METHOD='GET',RESPONSE_LENGTH_OKHTTP='12000',RESPONSE_LENGTH_HEADER='12000',REQUEST_PROTOCOL='h2',REQUEST_URL='https://is4-ssl.mzstatic.com/image/thumb/Podcasts124/v4/49/a4/91/49a491b7-3daf-c5dc-d7c6-6c4f1486955c/mza_5930014091766152297.png/170x170bb.png',
08-03 18:52:53.944 22395 23788 I art     : Starting a blocking GC Explicit
08-03 18:52:53.953 22395 23149 D MYTAG   : interceptor 2a
08-03 18:52:53.954 22395 23149 I NAPPA_EXPERIMENTATION: MetricNetworkRequestExecutionTime: REQUEST_DURATION_SYSTEM='503',REQUEST_DURATION_OKHTTP='277',REQUEST_SYNCHRONOUS='TRUE',RESPONSE_CODE='200',RESPONSE_METHOD='GET',RESPONSE_LENGTH_OKHTTP='22351',RESPONSE_LENGTH_HEADER='22351',REQUEST_PROTOCOL='h2',REQUEST_URL='https://is5-ssl.mzstatic.com/image/thumb/Podcasts114/v4/93/cf/99/93cf9960-fff3-205e-6655-72c03ddeccb2/mza_10545582232493904175.jpeg/170x170bb.png',
08-03 18:52:53.971 22395 23143 D MYTAG   : interceptor 2a
08-03 18:52:53.971 22395 23143 I NAPPA_EXPERIMENTATION: MetricNetworkRequestExecutionTime: REQUEST_DURATION_SYSTEM='508',REQUEST_DURATION_OKHTTP='311',REQUEST_SYNCHRONOUS='TRUE',RESPONSE_CODE='200',RESPONSE_METHOD='GET',RESPONSE_LENGTH_OKHTTP='42299',RESPONSE_LENGTH_HEADER='42299',REQUEST_PROTOCOL='h2',REQUEST_URL='https://is2-ssl.mzstatic.com/image/thumb/Podcasts114/v4/b3/4c/cf/b34ccfc2-cea4-1ca1-0fad-7793af301cc5/mza_2466085192629456364.jpg/170x170bb.png',
08-03 18:52:53.977 22395 23788 I art     : Explicit concurrent mark sweep GC freed 1389(96KB) AllocSpace objects, 0(0B) LOS objects, 35% free, 28MB/44MB, paused 1.435ms total 33.278ms
08-03 18:52:53.989 22395 23788 I art     : Starting a blocking GC Explicit
08-03 18:52:54.019 22395 23788 I art     : Explicit concurrent mark sweep GC freed 855(35KB) AllocSpace objects, 0(0B) LOS objects, 36% free, 28MB/44MB, paused 1.133ms total 29.739ms
08-03 18:52:54.030 22395 23788 I art     : Starting a blocking GC Explicit
08-03 18:52:54.062 22395 23788 I art     : Explicit concurrent mark sweep GC freed 21(1392B) AllocSpace objects, 0(0B) LOS objects, 36% free, 28MB/44MB, paused 1.194ms total 31.365ms
08-03 18:52:54.379 22395 22407 I art     : Starting a blocking GC Explicit
08-03 18:52:54.427 22395 22407 I art     : Explicit concurrent mark sweep GC freed 1398(81KB) AllocSpace objects, 1(20KB) LOS objects, 36% free, 28MB/44MB, paused 1.284ms total 47.095ms
08-03 18:52:54.442 22395 22407 I art     : Starting a blocking GC Explicit
08-03 18:52:54.478 22395 22407 I art     : Explicit concurrent mark sweep GC freed 23(752B) AllocSpace objects, 0(0B) LOS objects, 36% free, 28MB/44MB, paused 1.266ms total 36.263ms
08-03 18:52:54.490 22395 22407 I art     : Starting a blocking GC Explicit
08-03 18:52:54.526 22395 22407 I art     : Explicit concurrent mark sweep GC freed 3(96B) AllocSpace objects, 0(0B) LOS objects, 36% free, 28MB/44MB, paused 1.210ms total 35.285ms
08-03 18:52:54.538 22395 22407 I art     : Starting a blocking GC Explicit
08-03 18:52:54.574 22395 22407 I art     : Explicit concurrent mark sweep GC freed 3(96B) AllocSpace objects, 0(0B) LOS objects, 36% free, 28MB/44MB, paused 1.218ms total 35.416ms
08-03 18:52:54.586 22395 22407 I art     : Starting a blocking GC Explicit
08-03 18:52:54.621 22395 22407 I art     : Explicit concurrent mark sweep GC freed 3(96B) AllocSpace objects, 0(0B) LOS objects, 36% free, 28MB/44MB, paused 1.226ms total 34.751ms
08-03 18:52:54.956 22395 22408 I art     : Starting a blocking GC Explicit
08-03 18:52:54.998 22395 22408 I art     : Explicit concurrent mark sweep GC freed 1370(81KB) AllocSpace objects, 1(20KB) LOS objects, 36% free, 28MB/44MB, paused 1.251ms total 41.713ms
08-03 18:52:55.013 22395 22408 I art     : Starting a blocking GC Explicit
08-03 18:52:55.051 22395 22408 I art     : Explicit concurrent mark sweep GC freed 26(848B) AllocSpace objects, 0(0B) LOS objects, 36% free, 28MB/44MB, paused 1.159ms total 38.258ms
08-03 18:52:55.065 22395 22408 I art     : Starting a blocking GC Explicit
08-03 18:52:55.103 22395 22408 I art     : Explicit concurrent mark sweep GC freed 10(320B) AllocSpace objects, 0(0B) LOS objects, 36% free, 28MB/44MB, paused 1.133ms total 37.557ms
08-03 18:52:55.116 22395 22408 I art     : Starting a blocking GC Explicit
08-03 18:52:55.151 22395 22408 I art     : Explicit concurrent mark sweep GC freed 8(256B) AllocSpace objects, 0(0B) LOS objects, 36% free, 28MB/44MB, paused 1.123ms total 35.325ms
08-03 18:52:55.164 22395 22408 I art     : Starting a blocking GC Explicit
08-03 18:52:55.200 22395 22408 I art     : Explicit concurrent mark sweep GC freed 8(256B) AllocSpace objects, 0(0B) LOS objects, 36% free, 28MB/44MB, paused 1.293ms total 35.912ms
08-03 18:52:55.551 22395 22407 I art     : Starting a blocking GC Explicit
08-03 18:52:55.602 22395 22407 I art     : Explicit concurrent mark sweep GC freed 1410(83KB) AllocSpace objects, 1(20KB) LOS objects, 36% free, 28MB/44MB, paused 1.402ms total 49.889ms
08-03 18:52:55.619 22395 22407 I art     : Starting a blocking GC Explicit
08-03 18:52:55.658 22395 22407 I art     : Explicit concurrent mark sweep GC freed 23(752B) AllocSpace objects, 0(0B) LOS objects, 36% free, 28MB/44MB, paused 1.372ms total 37.868ms
08-03 18:52:55.670 22395 22407 I art     : Starting a blocking GC Explicit
08-03 18:52:55.709 22395 22407 I art     : Explicit concurrent mark sweep GC freed 3(96B) AllocSpace objects, 0(0B) LOS objects, 36% free, 28MB/44MB, paused 1.219ms total 38.291ms
08-03 18:52:55.721 22395 22407 I art     : Starting a blocking GC Explicit
08-03 18:52:55.758 22395 22407 I art     : Explicit concurrent mark sweep GC freed 3(96B) AllocSpace objects, 0(0B) LOS objects, 36% free, 28MB/44MB, paused 1.377ms total 37.111ms
08-03 18:52:55.771 22395 22407 I art     : Starting a blocking GC Explicit
08-03 18:52:55.810 22395 22407 I art     : Explicit concurrent mark sweep GC freed 3(96B) AllocSpace objects, 0(0B) LOS objects, 36% free, 28MB/44MB, paused 1.285ms total 38.724ms
08-03 18:52:56.165 22395 22408 I art     : Starting a blocking GC Explicit
08-03 18:52:56.213 22395 22408 I art     : Explicit concurrent mark sweep GC freed 1370(81KB) AllocSpace objects, 1(20KB) LOS objects, 36% free, 28MB/44MB, paused 1.312ms total 47.845ms
08-03 18:52:56.230 22395 22408 I art     : Starting a blocking GC Explicit
08-03 18:52:56.266 22395 22408 I art     : Explicit concurrent mark sweep GC freed 23(752B) AllocSpace objects, 0(0B) LOS objects, 36% free, 28MB/44MB, paused 1.241ms total 35.223ms
08-03 18:52:56.278 22395 22408 I art     : Starting a blocking GC Explicit
08-03 18:52:56.317 22395 22408 I art     : Explicit concurrent mark sweep GC freed 3(96B) AllocSpace objects, 0(0B) LOS objects, 36% free, 28MB/44MB, paused 1.195ms total 38.234ms
08-03 18:52:56.329 22395 22408 I art     : Starting a blocking GC Explicit
08-03 18:52:56.367 22395 22408 I art     : Explicit concurrent mark sweep GC freed 3(96B) AllocSpace objects, 0(0B) LOS objects, 36% free, 28MB/44MB, paused 1.183ms total 37.427ms
08-03 18:52:56.379 22395 22408 I art     : Starting a blocking GC Explicit
08-03 18:52:56.418 22395 22408 I art     : Explicit concurrent mark sweep GC freed 3(96B) AllocSpace objects, 0(0B) LOS objects, 36% free, 28MB/44MB, paused 1.367ms total 38.403ms
08-03 18:52:56.763 22395 23788 I art     : Starting a blocking GC Explicit
08-03 18:52:56.813 22395 23788 I art     : Explicit concurrent mark sweep GC freed 1400(83KB) AllocSpace objects, 1(20KB) LOS objects, 36% free, 28MB/44MB, paused 1.425ms total 49.800ms
08-03 18:52:56.830 22395 23788 I art     : Starting a blocking GC Explicit
08-03 18:52:56.868 22395 23788 I art     : Explicit concurrent mark sweep GC freed 23(752B) AllocSpace objects, 0(0B) LOS objects, 36% free, 28MB/44MB, paused 1.419ms total 37.260ms
08-03 18:52:56.880 22395 23788 I art     : Starting a blocking GC Explicit
08-03 18:52:56.919 22395 23788 I art     : Explicit concurrent mark sweep GC freed 3(96B) AllocSpace objects, 0(0B) LOS objects, 36% free, 28MB/44MB, paused 1.244ms total 38.381ms
08-03 18:52:56.931 22395 23788 I art     : Starting a blocking GC Explicit
08-03 18:52:56.969 22395 23788 I art     : Explicit concurrent mark sweep GC freed 3(96B) AllocSpace objects, 0(0B) LOS objects, 36% free, 28MB/44MB, paused 1.347ms total 37.428ms
08-03 18:52:56.981 22395 23788 I art     : Starting a blocking GC Explicit
08-03 18:52:57.020 22395 23788 I art     : Explicit concurrent mark sweep GC freed 3(96B) AllocSpace objects, 0(0B) LOS objects, 36% free, 28MB/44MB, paused 1.221ms total 38.298ms
08-03 18:52:57.348 22395 22423 I art     : Starting a blocking GC Explicit
08-03 18:52:57.396 22395 22423 I art     : Explicit concurrent mark sweep GC freed 1370(81KB) AllocSpace objects, 1(20KB) LOS objects, 36% free, 28MB/44MB, paused 1.327ms total 46.832ms
08-03 18:52:57.411 22395 22423 I art     : Starting a blocking GC Explicit
08-03 18:52:57.449 22395 22423 I art     : Explicit concurrent mark sweep GC freed 52(1536B) AllocSpace objects, 0(0B) LOS objects, 36% free, 28MB/44MB, paused 1.245ms total 37.795ms
08-03 18:52:57.449 22395 22406 I art     : WaitForGcToComplete blocked for 37.988ms for cause HeapTrim
08-03 18:52:57.461 22395 22423 I art     : Starting a blocking GC Explicit
08-03 18:52:57.500 22395 22423 I art     : Explicit concurrent mark sweep GC freed 3(96B) AllocSpace objects, 0(0B) LOS objects, 36% free, 28MB/44MB, paused 1.279ms total 38.590ms
08-03 18:52:57.513 22395 22423 I art     : Starting a blocking GC Explicit
08-03 18:52:57.551 22395 22423 I art     : Explicit concurrent mark sweep GC freed 3(96B) AllocSpace objects, 0(0B) LOS objects, 36% free, 28MB/44MB, paused 1.275ms total 37.354ms
08-03 18:52:57.563 22395 22423 I art     : Starting a blocking GC Explicit
08-03 18:52:57.601 22395 22423 I art     : Explicit concurrent mark sweep GC freed 3(96B) AllocSpace objects, 0(0B) LOS objects, 36% free, 28MB/44MB, paused 1.279ms total 38.054ms
08-03 18:52:57.948 22395 22407 I art     : Starting a blocking GC Explicit
08-03 18:52:57.993 22395 22407 I art     : Explicit concurrent mark sweep GC freed 1369(80KB) AllocSpace objects, 1(20KB) LOS objects, 36% free, 28MB/44MB, paused 1.323ms total 44.705ms
08-03 18:52:58.008 22395 22407 I art     : Starting a blocking GC Explicit
08-03 18:52:58.046 22395 22407 I art     : Explicit concurrent mark sweep GC freed 23(752B) AllocSpace objects, 0(0B) LOS objects, 36% free, 28MB/44MB, paused 1.220ms total 37.316ms
08-03 18:52:58.058 22395 22407 I art     : Starting a blocking GC Explicit
08-03 18:52:58.097 22395 22407 I art     : Explicit concurrent mark sweep GC freed 3(96B) AllocSpace objects, 0(0B) LOS objects, 36% free, 28MB/44MB, paused 1.263ms total 38.599ms
08-03 18:52:58.109 22395 22407 I art     : Starting a blocking GC Explicit
08-03 18:52:58.147 22395 22407 I art     : Explicit concurrent mark sweep GC freed 3(96B) AllocSpace objects, 0(0B) LOS objects, 36% free, 28MB/44MB, paused 1.332ms total 37.540ms
08-03 18:52:58.160 22395 22407 I art     : Starting a blocking GC Explicit
08-03 18:52:58.197 22395 22407 I art     : Explicit concurrent mark sweep GC freed 3(96B) AllocSpace objects, 0(0B) LOS objects, 36% free, 28MB/44MB, paused 1.363ms total 37.572ms
08-03 18:52:58.562 22395 22408 I art     : Starting a blocking GC Explicit
08-03 18:52:58.611 22395 22408 I art     : Explicit concurrent mark sweep GC freed 1398(81KB) AllocSpace objects, 1(20KB) LOS objects, 36% free, 28MB/44MB, paused 1.335ms total 48.655ms
08-03 18:52:58.626 22395 22408 I art     : Starting a blocking GC Explicit
08-03 18:52:58.662 22395 22408 I art     : Explicit concurrent mark sweep GC freed 23(752B) AllocSpace objects, 0(0B) LOS objects, 36% free, 28MB/44MB, paused 1.223ms total 35.815ms
08-03 18:52:58.674 22395 22408 I art     : Starting a blocking GC Explicit
08-03 18:52:58.713 22395 22408 I art     : Explicit concurrent mark sweep GC freed 3(96B) AllocSpace objects, 0(0B) LOS objects, 36% free, 28MB/44MB, paused 1.235ms total 38.603ms
08-03 18:52:58.726 22395 22408 I art     : Starting a blocking GC Explicit
08-03 18:52:58.764 22395 22408 I art     : Explicit concurrent mark sweep GC freed 3(96B) AllocSpace objects, 0(0B) LOS objects, 36% free, 28MB/44MB, paused 1.237ms total 38.058ms
08-03 18:52:58.776 22395 22408 I art     : Starting a blocking GC Explicit
08-03 18:52:58.815 22395 22408 I art     : Explicit concurrent mark sweep GC freed 3(96B) AllocSpace objects, 0(0B) LOS objects, 36% free, 28MB/44MB, paused 1.279ms total 38.400ms
08-03 18:52:59.139 22395 23788 I art     : Starting a blocking GC Explicit
08-03 18:52:59.184 22395 23788 I art     : Explicit concurrent mark sweep GC freed 1369(80KB) AllocSpace objects, 1(20KB) LOS objects, 36% free, 28MB/44MB, paused 1.315ms total 44.379ms
08-03 18:52:59.198 22395 23788 I art     : Starting a blocking GC Explicit
08-03 18:52:59.234 22395 23788 I art     : Explicit concurrent mark sweep GC freed 23(752B) AllocSpace objects, 0(0B) LOS objects, 36% free, 28MB/44MB, paused 1.129ms total 34.785ms
08-03 18:52:59.246 22395 23788 I art     : Starting a blocking GC Explicit
08-03 18:52:59.280 22395 23788 I art     : Explicit concurrent mark sweep GC freed 3(96B) AllocSpace objects, 0(0B) LOS objects, 36% free, 28MB/44MB, paused 1.290ms total 33.901ms
08-03 18:52:59.292 22395 23788 I art     : Starting a blocking GC Explicit
08-03 18:52:59.326 22395 23788 I art     : Explicit concurrent mark sweep GC freed 3(96B) AllocSpace objects, 0(0B) LOS objects, 36% free, 28MB/44MB, paused 1.260ms total 32.803ms
08-03 18:52:59.337 22395 23788 I art     : Starting a blocking GC Explicit
08-03 18:52:59.371 22395 23788 I art     : Explicit concurrent mark sweep GC freed 3(96B) AllocSpace objects, 0(0B) LOS objects, 36% free, 28MB/44MB, paused 1.245ms total 33.557ms
08-03 18:52:59.675 22395 22423 I art     : Starting a blocking GC Explicit
08-03 18:52:59.714 22395 22423 I art     : Explicit concurrent mark sweep GC freed 1398(81KB) AllocSpace objects, 1(20KB) LOS objects, 36% free, 28MB/44MB, paused 1.372ms total 39.192ms
08-03 18:52:59.729 22395 22423 I art     : Starting a blocking GC Explicit
08-03 18:52:59.764 22395 22423 I art     : Explicit concurrent mark sweep GC freed 23(752B) AllocSpace objects, 0(0B) LOS objects, 36% free, 28MB/44MB, paused 1.210ms total 35.463ms
08-03 18:52:59.776 22395 22423 I art     : Starting a blocking GC Explicit
08-03 18:52:59.806 24354 24354 D AndroidRuntime: >>>>>> START com.android.internal.os.RuntimeInit uid 2000 <<<<<<
08-03 18:52:59.810 22395 22423 I art     : Explicit concurrent mark sweep GC freed 3(96B) AllocSpace objects, 0(0B) LOS objects, 36% free, 28MB/44MB, paused 1.267ms total 33.395ms
08-03 18:52:59.812 24354 24354 D AndroidRuntime: CheckJNI is OFF
08-03 18:52:59.821 22395 22423 I art     : Starting a blocking GC Explicit
08-03 18:52:59.855 22395 22423 I art     : Explicit concurrent mark sweep GC freed 3(96B) AllocSpace objects, 0(0B) LOS objects, 36% free, 28MB/44MB, paused 1.315ms total 33.066ms
08-03 18:52:59.855 24354 24354 D ICU     : No timezone override file found: /data/misc/zoneinfo/current/icu/icu_tzdata.dat
08-03 18:52:59.867 22395 22423 I art     : Starting a blocking GC Explicit
08-03 18:52:59.901 22395 22423 I art     : Explicit concurrent mark sweep GC freed 3(96B) AllocSpace objects, 0(0B) LOS objects, 36% free, 28MB/44MB, paused 1.385ms total 34.379ms
08-03 18:52:59.902 24354 24354 I Radio-JNI: register_android_hardware_Radio DONE
08-03 18:52:59.932 24354 24354 D AndroidRuntime: Calling main entry com.android.commands.input.Input
08-03 18:52:59.934 24354 24354 I Input   : injectMotionEvent: MotionEvent { action=ACTION_DOWN, actionButton=0, id[0]=0, x[0]=616.0, y[0]=469.0, toolType[0]=TOOL_TYPE_UNKNOWN, buttonState=0, metaState=0, flags=0x0, edgeFlags=0x0, pointerCount=1, historySize=0, eventTime=643996347, downTime=643996347, deviceId=0, source=0x1002 }
08-03 18:52:59.940 24354 24354 I Input   : injectMotionEvent: MotionEvent { action=ACTION_UP, actionButton=0, id[0]=0, x[0]=616.0, y[0]=469.0, toolType[0]=TOOL_TYPE_UNKNOWN, buttonState=0, metaState=0, flags=0x0, edgeFlags=0x0, pointerCount=1, historySize=0, eventTime=643996347, downTime=643996347, deviceId=0, source=0x1002 }
08-03 18:52:59.942 24354 24354 D AndroidRuntime: Shutting down VM
08-03 18:53:00.011   512  2967 D audio_hw_primary: out_set_parameters: enter: usecase(1: low-latency-playback) kvpairs: routing=2
08-03 18:53:00.024   512  2967 D audio_hw_primary: select_devices: out_snd_device(2: speaker) in_snd_device(0: none)
08-03 18:53:00.024   512  2967 D msm8974_platform: platform_send_audio_calibration: sending audio calibration for snd_device(2) acdb_id(15)
08-03 18:53:00.024   512  2967 I soundtrigger: audio_extn_sound_trigger_update_device_status: device 0x2 of type 0 for Event 1
08-03 18:53:00.040   512  2967 D audio_hw_primary: enable_snd_device: snd_device(2: speaker)
08-03 18:53:00.043   512  2967 D audio_hw_primary: enable_audio_route: apply and update mixer path: low-latency-playback speaker
08-03 18:53:00.193 22395 22423 I art     : Starting a blocking GC Explicit
08-03 18:53:00.228 22395 22423 I art     : Explicit concurrent mark sweep GC freed 5417(256KB) AllocSpace objects, 1(20KB) LOS objects, 35% free, 28MB/44MB, paused 1.477ms total 35.545ms
08-03 18:53:00.240 22395 22423 I art     : Starting a blocking GC Explicit
08-03 18:53:00.273 22395 22423 I art     : Explicit concurrent mark sweep GC freed 446(31KB) AllocSpace objects, 0(0B) LOS objects, 36% free, 28MB/44MB, paused 1.375ms total 32.672ms
08-03 18:53:00.284 22395 22423 I art     : Starting a blocking GC Explicit
08-03 18:53:00.319 22395 22423 I art     : Explicit concurrent mark sweep GC freed 93(3KB) AllocSpace objects, 0(0B) LOS objects, 36% free, 28MB/44MB, paused 1.279ms total 34.773ms
08-03 18:53:00.331 22395 22423 I art     : Starting a blocking GC Explicit
08-03 18:53:00.364 22395 22423 I art     : Explicit concurrent mark sweep GC freed 16(608B) AllocSpace objects, 0(0B) LOS objects, 36% free, 28MB/44MB, paused 1.306ms total 32.862ms
08-03 18:53:00.368 22395 22935 I NAPPA_EXPERIMENTATION: MetricNetworkRequestExecutionTime: REQUEST_DURATION_SYSTEM='360',REQUEST_DURATION_OKHTTP='169',REQUEST_SYNCHRONOUS='TRUE',RESPONSE_CODE='200',RESPONSE_METHOD='GET',RESPONSE_LENGTH_OKHTTP='-1',RESPONSE_LENGTH_HEADER='628',REQUEST_PROTOCOL='h2',REQUEST_URL='https://itunes.apple.com/lookup?id=1524080195',
08-03 18:53:00.375 22395 22423 I art     : Starting a blocking GC Explicit
08-03 18:53:00.403   918  5481 I ActivityManager: START u0 {cmp=baseline.de.danoeh.antennapod.debug/baseline.de.danoeh.antennapod.activity.OnlineFeedViewActivity (has extras)} from uid 10633 on display 0
08-03 18:53:00.409 22395 22423 I art     : Explicit concurrent mark sweep GC freed 636(48KB) AllocSpace objects, 0(0B) LOS objects, 36% free, 28MB/44MB, paused 1.377ms total 33.825ms
08-03 18:53:00.428 13866 13866 I GoogleInputMethodServic: GoogleInputMethodService.onFinishInput():3138 
08-03 18:53:00.428 13866 13866 I GoogleInputMethodServic: GoogleInputMethodService.onStartInput():1808 
08-03 18:53:00.450 22395 22395 D UserPreferences: Using default data folder
08-03 18:53:00.451 22395 22395 D OnlineFeedViewActivity: Activity was started with url https://rss.art19.com/nice-white-parents
08-03 18:53:00.453 22395 22395 D OnlineFeedViewActivity: Starting feed download
08-03 18:53:00.457 22395 22435 D DBReader: Extracting Feedlist
08-03 18:53:00.459   918  5481 D WifiService: acquireWifiLockLocked: WifiLock{Downloader type=1 binder=android.os.BinderProxy@8048651}
08-03 18:53:00.460 22395 22435 D AntennapodHttpClient: Creating new instance of HTTP client
08-03 18:53:00.511 13866 13866 I GoogleInputMethodServic: GoogleInputMethodService.onFinishInput():3138 
08-03 18:53:00.513 13866 13866 I GoogleInputMethodServic: GoogleInputMethodService.onStartInput():1808 
08-03 18:53:00.544   918   936 I ActivityManager: Displayed baseline.de.danoeh.antennapod.debug/baseline.de.danoeh.antennapod.activity.OnlineFeedViewActivity: +115ms
08-03 18:53:00.579   512  2967 D audio_hw_primary: disable_audio_route: reset and update mixer path: low-latency-playback speaker
08-03 18:53:00.582   512  2967 D audio_hw_primary: disable_snd_device: snd_device(2: speaker)
08-03 18:53:00.596   512  2967 I soundtrigger: audio_extn_sound_trigger_update_device_status: device 0x2 of type 0 for Event 0
08-03 18:53:00.718 22395 22407 I art     : Starting a blocking GC Explicit
08-03 18:53:00.755 22395 22435 D MYTAG   : interceptor 3a https://rss.art19.com/nice-white-parents
08-03 18:53:00.755 22395 22435 I NAPPA_EXPERIMENTATION: MetricNetworkRequestExecutionTime: REQUEST_DURATION_SYSTEM='294',REQUEST_DURATION_OKHTTP='146',REQUEST_SYNCHRONOUS='TRUE',RESPONSE_CODE='200',RESPONSE_METHOD='GET',RESPONSE_LENGTH_OKHTTP='-1',RESPONSE_LENGTH_HEADER='1803',REQUEST_PROTOCOL='h2',REQUEST_URL='https://rss.art19.com/nice-white-parents',
08-03 18:53:00.756 22395 22435 D HttpDownloader: Response code is 200
08-03 18:53:00.756 22395 22435 D UserPreferences: Using default data folder
08-03 18:53:00.759 22395 22435 D HttpDownloader: Getting size of download
08-03 18:53:00.760 22395 22435 D HttpDownloader: Size is -1
08-03 18:53:00.760 22395 22435 D UserPreferences: Using default data folder
08-03 18:53:00.760 22395 22435 D HttpDownloader: Free space is 20616142848
08-03 18:53:00.760 22395 22435 D HttpDownloader: Starting download
08-03 18:53:00.770 22395 22407 I art     : Explicit concurrent mark sweep GC freed 7835(420KB) AllocSpace objects, 4(220KB) LOS objects, 35% free, 28MB/44MB, paused 1.604ms total 51.005ms
08-03 18:53:00.786 22395 22407 I art     : Starting a blocking GC Explicit
08-03 18:53:00.786   380   380 W SurfaceFlinger: couldn't log to binary event log: overflow.
08-03 18:53:00.799 22395 22435 D HttpDownloader: Download was successful
08-03 18:53:00.803   918  3714 D WifiService: releaseWifiLockLocked: WifiLock{Downloader type=1 binder=android.os.BinderProxy@8048651}
08-03 18:53:00.804 22395 22395 D OnlineFeedViewActivity: Parsing feed
08-03 18:53:00.807 22395 24421 D TypeGetter: Recognized type RSS 2.0
08-03 18:53:00.809 22395 24421 D SyndHandler: Recognized ITunes namespace
08-03 18:53:00.809 22395 24421 D SyndHandler: Recognized Atom namespace
08-03 18:53:00.809 22395 24421 D SyndHandler: Recognized Content namespace
08-03 18:53:00.816 22395 24421 D OnlineFeedViewActivity: Deleted feed source file. Result: true
08-03 18:53:00.816 22395 22395 D OnlineFeedViewActivity: Removing HTML from shownotes
08-03 18:53:00.824 22395 22407 I art     : Explicit concurrent mark sweep GC freed 2168(323KB) AllocSpace objects, 4(128KB) LOS objects, 35% free, 28MB/44MB, paused 1.448ms total 37.555ms
08-03 18:53:00.835 22395 22407 I art     : Starting a blocking GC Explicit
08-03 18:53:00.868 22395 22407 I art     : Explicit concurrent mark sweep GC freed 1004(77KB) AllocSpace objects, 0(0B) LOS objects, 35% free, 28MB/44MB, paused 1.422ms total 32.930ms
08-03 18:53:00.879 22395 22407 I art     : Starting a blocking GC Explicit
08-03 18:53:00.907 22395 22395 D PlaybackController: Releasing PlaybackController
08-03 18:53:00.913 22395 22407 I art     : Explicit concurrent mark sweep GC freed 730(36KB) AllocSpace objects, 0(0B) LOS objects, 35% free, 28MB/44MB, paused 1.289ms total 33.883ms
08-03 18:53:00.927 22395 22407 I art     : Starting a blocking GC Explicit
08-03 18:53:00.962 22395 22407 I art     : Explicit concurrent mark sweep GC freed 69(2832B) AllocSpace objects, 1(112KB) LOS objects, 35% free, 28MB/44MB, paused 1.221ms total 34.814ms
08-03 18:53:01.022 15887 15889 E QC-QMI  : qmi_client [15887] 47a: failed to locate client data
08-03 18:53:01.024 15887 15887 I Atfwd_Daemon: Stop the daemon....
08-03 18:53:01.025   519   519 E QC-QMI  : qmuxd: RX on fd=18 returned error=0 errno[2:No such file or directory]
08-03 18:53:01.025   519   519 E QC-QMI  : QMUX qmux_client_id=47a not found in qmux client list, unable to remove
08-03 18:53:01.039 24424 24424 W ATFWD-daemon: type=1400 audit(0.0:738343): avc: denied { read write } for name="diag" dev="tmpfs" ino=1296 scontext=u:r:atfwd:s0 tcontext=u:object_r:diag_device:s0 tclass=chr_file permissive=0
08-03 18:53:01.051 24424 24424 I libmdmdetect: ESOC framework not supported
08-03 18:53:01.051 24424 24424 I libmdmdetect: Found internal modem: modem
08-03 18:53:01.052 24424 24424 E Diag_Lib:  Diag_LSM_Init: Failed to open handle to diag driver, error = 13
08-03 18:53:01.060 24424 24424 I Atfwd_Daemon: result : 255 	 ,Init step :0 	 ,qmiErrorCode: 0
08-03 18:53:01.060 24424 24424 I Atfwd_Daemon: result : 0 	 ,Init step :1 	 ,qmiErrorCode: 0
08-03 18:53:01.061 24424 24424 I ServiceManager: Waiting for service AtCmdFwd...
08-03 18:53:01.288 22395 22408 I art     : Starting a blocking GC Explicit
08-03 18:53:01.328 22395 22408 I art     : Explicit concurrent mark sweep GC freed 1389(81KB) AllocSpace objects, 1(20KB) LOS objects, 35% free, 28MB/44MB, paused 1.427ms total 39.348ms
08-03 18:53:01.340 22395 22408 I art     : Starting a blocking GC Explicit
08-03 18:53:01.379 22395 22408 I art     : Explicit concurrent mark sweep GC freed 23(768B) AllocSpace objects, 0(0B) LOS objects, 35% free, 28MB/44MB, paused 1.379ms total 37.810ms
08-03 18:53:01.391 22395 22408 I art     : Starting a blocking GC Explicit
08-03 18:53:01.428 22395 22408 I art     : Explicit concurrent mark sweep GC freed 32(880B) AllocSpace objects, 0(0B) LOS objects, 35% free, 28MB/44MB, paused 1.430ms total 36.954ms
08-03 18:53:01.440 22395 22408 I art     : Starting a blocking GC Explicit
08-03 18:53:01.478 22395 22408 I art     : Explicit concurrent mark sweep GC freed 3(96B) AllocSpace objects, 0(0B) LOS objects, 35% free, 28MB/44MB, paused 1.415ms total 37.692ms
08-03 18:53:01.491 22395 22408 I art     : Starting a blocking GC Explicit
08-03 18:53:01.527 22395 22408 I art     : Explicit concurrent mark sweep GC freed 3(96B) AllocSpace objects, 0(0B) LOS objects, 35% free, 28MB/44MB, paused 1.417ms total 36.579ms
08-03 18:53:01.871 22395 23788 I art     : Starting a blocking GC Explicit
08-03 18:53:01.913 22395 23788 I art     : Explicit concurrent mark sweep GC freed 1369(80KB) AllocSpace objects, 1(20KB) LOS objects, 35% free, 28MB/44MB, paused 1.391ms total 41.537ms
08-03 18:53:01.926 22395 23788 I art     : Starting a blocking GC Explicit
08-03 18:53:01.968 22395 23788 I art     : Explicit concurrent mark sweep GC freed 23(752B) AllocSpace objects, 0(0B) LOS objects, 35% free, 28MB/44MB, paused 1.537ms total 41.012ms
08-03 18:53:01.980 22395 23788 I art     : Starting a blocking GC Explicit
08-03 18:53:02.018 22395 23788 I art     : Explicit concurrent mark sweep GC freed 3(96B) AllocSpace objects, 0(0B) LOS objects, 35% free, 28MB/44MB, paused 1.478ms total 37.228ms
08-03 18:53:02.030 22395 23788 I art     : Starting a blocking GC Explicit
08-03 18:53:02.061 24424 24424 I ServiceManager: Waiting for service AtCmdFwd...
08-03 18:53:02.071 22395 23788 I art     : Explicit concurrent mark sweep GC freed 3(96B) AllocSpace objects, 0(0B) LOS objects, 35% free, 28MB/44MB, paused 1.347ms total 40.685ms
08-03 18:53:02.084 22395 23788 I art     : Starting a blocking GC Explicit
08-03 18:53:02.124 22395 23788 I art     : Explicit concurrent mark sweep GC freed 3(96B) AllocSpace objects, 0(0B) LOS objects, 35% free, 28MB/44MB, paused 1.374ms total 40.011ms
08-03 18:53:02.484 22395 23788 I art     : Starting a blocking GC Explicit
08-03 18:53:02.524 22395 23788 I art     : Explicit concurrent mark sweep GC freed 1409(81KB) AllocSpace objects, 1(20KB) LOS objects, 35% free, 28MB/44MB, paused 1.273ms total 39.295ms
08-03 18:53:02.524 22395 22406 I art     : WaitForGcToComplete blocked for 23.532ms for cause HeapTrim
08-03 18:53:02.538 22395 23788 I art     : Starting a blocking GC Explicit
08-03 18:53:02.576 22395 23788 I art     : Explicit concurrent mark sweep GC freed 30(976B) AllocSpace objects, 0(0B) LOS objects, 35% free, 28MB/44MB, paused 1.266ms total 38.243ms
08-03 18:53:02.590 22395 23788 I art     : Starting a blocking GC Explicit
08-03 18:53:02.627 22395 23788 I art     : Explicit concurrent mark sweep GC freed 7(224B) AllocSpace objects, 0(0B) LOS objects, 35% free, 28MB/44MB, paused 1.269ms total 36.644ms
08-03 18:53:02.639 22395 23788 I art     : Starting a blocking GC Explicit
08-03 18:53:02.677 22395 23788 I art     : Explicit concurrent mark sweep GC freed 9(288B) AllocSpace objects, 0(0B) LOS objects, 35% free, 28MB/44MB, paused 1.517ms total 37.294ms
08-03 18:53:02.689 22395 23788 I art     : Starting a blocking GC Explicit
08-03 18:53:02.727 22395 23788 I art     : Explicit concurrent mark sweep GC freed 5(160B) AllocSpace objects, 0(0B) LOS objects, 35% free, 28MB/44MB, paused 1.276ms total 37.293ms
08-03 18:53:03.060 22395 22407 I art     : Starting a blocking GC Explicit
08-03 18:53:03.062 24424 24424 I ServiceManager: Waiting for service AtCmdFwd...
08-03 18:53:03.105 22395 22407 I art     : Explicit concurrent mark sweep GC freed 1369(80KB) AllocSpace objects, 1(20KB) LOS objects, 35% free, 28MB/44MB, paused 1.374ms total 44.606ms
08-03 18:53:03.120 22395 22407 I art     : Starting a blocking GC Explicit
08-03 18:53:03.161 22395 22407 I art     : Explicit concurrent mark sweep GC freed 23(752B) AllocSpace objects, 0(0B) LOS objects, 35% free, 28MB/44MB, paused 1.375ms total 40.029ms
08-03 18:53:03.173 22395 22407 I art     : Starting a blocking GC Explicit
08-03 18:53:03.214 22395 22407 I art     : Explicit concurrent mark sweep GC freed 3(96B) AllocSpace objects, 0(0B) LOS objects, 35% free, 28MB/44MB, paused 1.382ms total 39.861ms
08-03 18:53:03.226 22395 22407 I art     : Starting a blocking GC Explicit
08-03 18:53:03.267 22395 22407 I art     : Explicit concurrent mark sweep GC freed 3(96B) AllocSpace objects, 0(0B) LOS objects, 35% free, 28MB/44MB, paused 1.401ms total 40.191ms
08-03 18:53:03.280 22395 22407 I art     : Starting a blocking GC Explicit
08-03 18:53:03.320 22395 22407 I art     : Explicit concurrent mark sweep GC freed 3(96B) AllocSpace objects, 0(0B) LOS objects, 35% free, 28MB/44MB, paused 1.410ms total 40.032ms
08-03 18:53:03.674 22395 22423 I art     : Starting a blocking GC Explicit
08-03 18:53:03.725 22395 22423 I art     : Explicit concurrent mark sweep GC freed 1398(81KB) AllocSpace objects, 1(20KB) LOS objects, 35% free, 28MB/44MB, paused 1.320ms total 51.137ms
08-03 18:53:03.738 22395 22423 I art     : Starting a blocking GC Explicit
08-03 18:53:03.779 22395 22423 I art     : Explicit concurrent mark sweep GC freed 23(752B) AllocSpace objects, 0(0B) LOS objects, 35% free, 28MB/44MB, paused 1.383ms total 41.124ms
08-03 18:53:03.792 22395 22423 I art     : Starting a blocking GC Explicit
08-03 18:53:03.832 22395 22423 I art     : Explicit concurrent mark sweep GC freed 3(96B) AllocSpace objects, 0(0B) LOS objects, 35% free, 28MB/44MB, paused 1.353ms total 39.997ms
08-03 18:53:03.845 22395 22423 I art     : Starting a blocking GC Explicit
08-03 18:53:03.886 22395 22423 I art     : Explicit concurrent mark sweep GC freed 3(96B) AllocSpace objects, 0(0B) LOS objects, 35% free, 28MB/44MB, paused 1.390ms total 40.702ms
08-03 18:53:03.899 22395 22423 I art     : Starting a blocking GC Explicit
08-03 18:53:03.939 22395 22423 I art     : Explicit concurrent mark sweep GC freed 3(96B) AllocSpace objects, 0(0B) LOS objects, 35% free, 28MB/44MB, paused 1.415ms total 40.473ms
08-03 18:53:04.062 24424 24424 I ServiceManager: Waiting for service AtCmdFwd...
08-03 18:53:04.281 22395 22408 I art     : Starting a blocking GC Explicit
08-03 18:53:04.323 22395 22408 I art     : Explicit concurrent mark sweep GC freed 1369(80KB) AllocSpace objects, 1(20KB) LOS objects, 35% free, 28MB/44MB, paused 1.408ms total 41.541ms
08-03 18:53:04.335 22395 22408 I art     : Starting a blocking GC Explicit
08-03 18:53:04.373 22395 22408 I art     : Explicit concurrent mark sweep GC freed 23(752B) AllocSpace objects, 0(0B) LOS objects, 35% free, 28MB/44MB, paused 1.505ms total 37.562ms
08-03 18:53:04.385 22395 22408 I art     : Starting a blocking GC Explicit
08-03 18:53:04.423 22395 22408 I art     : Explicit concurrent mark sweep GC freed 31(848B) AllocSpace objects, 0(0B) LOS objects, 35% free, 28MB/44MB, paused 1.478ms total 38.129ms
08-03 18:53:04.436 22395 22408 I art     : Starting a blocking GC Explicit
08-03 18:53:04.474 22395 22408 I art     : Explicit concurrent mark sweep GC freed 4(128B) AllocSpace objects, 0(0B) LOS objects, 35% free, 28MB/44MB, paused 1.406ms total 37.677ms
08-03 18:53:04.486 22395 22408 I art     : Starting a blocking GC Explicit
08-03 18:53:04.524 22395 22408 I art     : Explicit concurrent mark sweep GC freed 3(96B) AllocSpace objects, 0(0B) LOS objects, 35% free, 28MB/44MB, paused 1.408ms total 37.682ms
08-03 18:53:04.743 24495 24495 D AndroidRuntime: >>>>>> START com.android.internal.os.RuntimeInit uid 2000 <<<<<<
08-03 18:53:04.749 24495 24495 D AndroidRuntime: CheckJNI is OFF
08-03 18:53:04.793 24495 24495 D ICU     : No timezone override file found: /data/misc/zoneinfo/current/icu/icu_tzdata.dat
08-03 18:53:04.834 24495 24495 I Radio-JNI: register_android_hardware_Radio DONE
08-03 18:53:04.848 22395 23788 I art     : Starting a blocking GC Explicit
08-03 18:53:04.863 24495 24495 D AndroidRuntime: Calling main entry com.android.commands.input.Input
08-03 18:53:04.865 24495 24495 I Input   : injectKeyEvent: KeyEvent { action=ACTION_DOWN, keyCode=KEYCODE_BACK, scanCode=0, metaState=0, flags=0x0, repeatCount=0, eventTime=644001278, downTime=644001278, deviceId=-1, source=0x101 }
08-03 18:53:04.870 24495 24495 I Input   : injectKeyEvent: KeyEvent { action=ACTION_UP, keyCode=KEYCODE_BACK, scanCode=0, metaState=0, flags=0x0, repeatCount=0, eventTime=644001278, downTime=644001278, deviceId=-1, source=0x101 }
08-03 18:53:04.876 24495 24495 D AndroidRuntime: Shutting down VM
08-03 18:53:04.881 22395 22395 V PlaybackController: initServiceNotRunning()
08-03 18:53:04.881 22395 22395 D ExternalPlayerFragment: Loading media info
08-03 18:53:04.886 22395 23788 I art     : Explicit concurrent mark sweep GC freed 1448(84KB) AllocSpace objects, 1(20KB) LOS objects, 35% free, 28MB/44MB, paused 2.309ms total 37.389ms
08-03 18:53:04.888 22395 22395 D UserPreferences: Using default data folder
08-03 18:53:04.888 22395 22435 D DBReader: getNavDrawerData() called with: 
08-03 18:53:04.897 22395 23788 I art     : Starting a blocking GC Explicit
08-03 18:53:04.902 22395 22435 D DBReader: getDownloadedItems() called
08-03 18:53:04.903 22395 22435 D DBReader: getFavoriteIDList() called
08-03 18:53:04.904 22395 22435 D DBReader: getQueueIDList() called
08-03 18:53:04.905 22395 22435 D DBReader: Extracting Feedlist
08-03 18:53:04.922 22395 22395 D MainActivity: getLastNavFragment() -> AddFeedFragment
08-03 18:53:04.922 13866 13866 I GoogleInputMethodServic: GoogleInputMethodService.onFinishInput():3138 
08-03 18:53:04.924 13866 13866 I GoogleInputMethodServic: GoogleInputMethodService.onStartInput():1808 
08-03 18:53:04.936 22395 23788 I art     : Explicit concurrent mark sweep GC freed 748(54KB) AllocSpace objects, 0(0B) LOS objects, 35% free, 28MB/44MB, paused 1.879ms total 38.153ms
08-03 18:53:04.948 22395 23788 I art     : Starting a blocking GC Explicit
08-03 18:53:04.982 22395 23788 I art     : Explicit concurrent mark sweep GC freed 596(30KB) AllocSpace objects, 0(0B) LOS objects, 35% free, 28MB/44MB, paused 1.207ms total 33.954ms
08-03 18:53:04.993 22395 23788 I art     : Starting a blocking GC Explicit
08-03 18:53:05.028 22395 23788 I art     : Explicit concurrent mark sweep GC freed 150(9KB) AllocSpace objects, 0(0B) LOS objects, 35% free, 28MB/44MB, paused 1.576ms total 34.691ms
08-03 18:53:05.042 22395 23788 I art     : Starting a blocking GC Explicit
08-03 18:53:05.063 24424 24424 I ServiceManager: Waiting for service AtCmdFwd...
08-03 18:53:05.082 22395 23788 I art     : Explicit concurrent mark sweep GC freed 3(96B) AllocSpace objects, 0(0B) LOS objects, 35% free, 28MB/44MB, paused 1.421ms total 40.051ms
08-03 18:53:05.240   380   380 W SurfaceFlinger: couldn't log to binary event log: overflow.
08-03 18:53:05.381 22395 22408 I art     : Starting a blocking GC Explicit
08-03 18:53:05.420 22395 22408 I art     : Explicit concurrent mark sweep GC freed 1966(105KB) AllocSpace objects, 1(20KB) LOS objects, 35% free, 28MB/44MB, paused 1.486ms total 38.939ms
08-03 18:53:05.432 22395 22408 I art     : Starting a blocking GC Explicit
08-03 18:53:05.469 22395 22408 I art     : Explicit concurrent mark sweep GC freed 2486(153KB) AllocSpace objects, 1(28KB) LOS objects, 35% free, 28MB/44MB, paused 1.386ms total 36.782ms
08-03 18:53:05.481 22395 22408 I art     : Starting a blocking GC Explicit
08-03 18:53:05.518 22395 22408 I art     : Explicit concurrent mark sweep GC freed 3(96B) AllocSpace objects, 0(0B) LOS objects, 35% free, 28MB/44MB, paused 1.438ms total 36.333ms
08-03 18:53:05.530 22395 22408 I art     : Starting a blocking GC Explicit
08-03 18:53:05.567 22395 22408 I art     : Explicit concurrent mark sweep GC freed 3(96B) AllocSpace objects, 0(0B) LOS objects, 35% free, 28MB/44MB, paused 1.322ms total 36.306ms
08-03 18:53:05.579 22395 22408 I art     : Starting a blocking GC Explicit
08-03 18:53:05.615 22395 22408 I art     : Explicit concurrent mark sweep GC freed 3(96B) AllocSpace objects, 0(0B) LOS objects, 35% free, 28MB/44MB, paused 1.356ms total 35.757ms
08-03 18:53:05.938 22395 22423 I art     : Starting a blocking GC Explicit
08-03 18:53:05.985 22395 22423 I art     : Explicit concurrent mark sweep GC freed 1371(82KB) AllocSpace objects, 1(20KB) LOS objects, 35% free, 28MB/44MB, paused 1.421ms total 46.441ms
08-03 18:53:06.000 22395 22423 I art     : Starting a blocking GC Explicit
08-03 18:53:06.037 22395 22423 I art     : Explicit concurrent mark sweep GC freed 23(752B) AllocSpace objects, 0(0B) LOS objects, 35% free, 28MB/44MB, paused 1.355ms total 36.466ms
08-03 18:53:06.049 22395 22423 I art     : Starting a blocking GC Explicit
08-03 18:53:06.063 24424 24424 W Atfwd_Sendcmd: AtCmdFwd service not published, waiting... retryCnt : 1
08-03 18:53:06.085 22395 22423 I art     : Explicit concurrent mark sweep GC freed 3(96B) AllocSpace objects, 0(0B) LOS objects, 35% free, 28MB/44MB, paused 1.349ms total 36.256ms
08-03 18:53:06.097 22395 22423 I art     : Starting a blocking GC Explicit
08-03 18:53:06.133 22395 22423 I art     : Explicit concurrent mark sweep GC freed 3(96B) AllocSpace objects, 0(0B) LOS objects, 35% free, 28MB/44MB, paused 1.391ms total 34.970ms
08-03 18:53:06.145 22395 22423 I art     : Starting a blocking GC Explicit
08-03 18:53:06.179 22395 22423 I art     : Explicit concurrent mark sweep GC freed 3(96B) AllocSpace objects, 0(0B) LOS objects, 35% free, 28MB/44MB, paused 1.412ms total 33.459ms
08-03 18:53:06.493 22395 22407 I art     : Starting a blocking GC Explicit
08-03 18:53:06.540 22395 22407 I art     : Explicit concurrent mark sweep GC freed 1401(81KB) AllocSpace objects, 1(20KB) LOS objects, 35% free, 28MB/44MB, paused 1.721ms total 46.429ms
08-03 18:53:06.554 22395 22407 I art     : Starting a blocking GC Explicit
08-03 18:53:06.588 22395 22407 I art     : Explicit concurrent mark sweep GC freed 29(944B) AllocSpace objects, 0(0B) LOS objects, 35% free, 28MB/44MB, paused 1.401ms total 34.342ms
08-03 18:53:06.601 22395 22407 I art     : Starting a blocking GC Explicit
08-03 18:53:06.635 22395 22407 I art     : Explicit concurrent mark sweep GC freed 9(288B) AllocSpace objects, 0(0B) LOS objects, 35% free, 28MB/44MB, paused 1.338ms total 33.704ms
08-03 18:53:06.647 22395 22407 I art     : Starting a blocking GC Explicit
08-03 18:53:06.653 24542 24542 D AndroidRuntime: >>>>>> START com.android.internal.os.RuntimeInit uid 2000 <<<<<<
08-03 18:53:06.659 24542 24542 D AndroidRuntime: CheckJNI is OFF
08-03 18:53:06.680 22395 22407 I art     : Explicit concurrent mark sweep GC freed 9(288B) AllocSpace objects, 0(0B) LOS objects, 35% free, 28MB/44MB, paused 1.292ms total 32.712ms
08-03 18:53:06.691 22395 22407 I art     : Starting a blocking GC Explicit
08-03 18:53:06.702 24542 24542 D ICU     : No timezone override file found: /data/misc/zoneinfo/current/icu/icu_tzdata.dat
08-03 18:53:06.725 22395 22407 I art     : Explicit concurrent mark sweep GC freed 7(224B) AllocSpace objects, 0(0B) LOS objects, 35% free, 28MB/44MB, paused 1.420ms total 32.937ms
08-03 18:53:06.747 24542 24542 I Radio-JNI: register_android_hardware_Radio DONE
08-03 18:53:06.774 24542 24542 D AndroidRuntime: Calling main entry com.android.commands.input.Input
08-03 18:53:06.776 24542 24542 I Input   : injectKeyEvent: KeyEvent { action=ACTION_DOWN, keyCode=KEYCODE_BACK, scanCode=0, metaState=0, flags=0x0, repeatCount=0, eventTime=644003189, downTime=644003189, deviceId=-1, source=0x101 }
08-03 18:53:06.782 24542 24542 I Input   : injectKeyEvent: KeyEvent { action=ACTION_UP, keyCode=KEYCODE_BACK, scanCode=0, metaState=0, flags=0x0, repeatCount=0, eventTime=644003189, downTime=644003189, deviceId=-1, source=0x101 }
08-03 18:53:06.796 13866 13866 I GoogleInputMethodServic: GoogleInputMethodService.onFinishInput():3138 
08-03 18:53:06.796 13866 13866 I GoogleInputMethodServic: GoogleInputMethodService.onStartInput():1808 
08-03 18:53:06.802 24542 24542 D AndroidRuntime: Shutting down VM
08-03 18:53:07.022 22395 22407 I art     : Starting a blocking GC Explicit
08-03 18:53:07.064 22395 22407 I art     : Explicit concurrent mark sweep GC freed 2573(129KB) AllocSpace objects, 1(20KB) LOS objects, 35% free, 28MB/44MB, paused 1.397ms total 41.668ms
08-03 18:53:07.081 22395 22407 I art     : Starting a blocking GC Explicit
08-03 18:53:07.120 22395 22407 I art     : Explicit concurrent mark sweep GC freed 2649(177KB) AllocSpace objects, 9(1540KB) LOS objects, 37% free, 26MB/42MB, paused 1.368ms total 39.462ms
08-03 18:53:07.133 22395 22407 I art     : Starting a blocking GC Explicit
08-03 18:53:07.169 22395 22407 I art     : Explicit concurrent mark sweep GC freed 3(96B) AllocSpace objects, 0(0B) LOS objects, 37% free, 26MB/42MB, paused 1.378ms total 35.786ms
08-03 18:53:07.181 22395 22407 I art     : Starting a blocking GC Explicit
08-03 18:53:07.216 22395 22407 I art     : Explicit concurrent mark sweep GC freed 3(96B) AllocSpace objects, 0(0B) LOS objects, 37% free, 26MB/42MB, paused 1.463ms total 35.195ms
08-03 18:53:07.228 22395 22407 I art     : Starting a blocking GC Explicit
08-03 18:53:07.264 22395 22407 I art     : Explicit concurrent mark sweep GC freed 3(96B) AllocSpace objects, 0(0B) LOS objects, 37% free, 26MB/42MB, paused 1.337ms total 35.878ms
08-03 18:53:07.587 22395 23788 I art     : Starting a blocking GC Explicit
08-03 18:53:07.634 22395 23788 I art     : Explicit concurrent mark sweep GC freed 1399(82KB) AllocSpace objects, 1(20KB) LOS objects, 37% free, 26MB/42MB, paused 1.424ms total 46.797ms
08-03 18:53:07.648 22395 23788 I art     : Starting a blocking GC Explicit
08-03 18:53:07.683 22395 23788 I art     : Explicit concurrent mark sweep GC freed 23(752B) AllocSpace objects, 0(0B) LOS objects, 37% free, 26MB/42MB, paused 1.339ms total 35.031ms
08-03 18:53:07.695 22395 23788 I art     : Starting a blocking GC Explicit
08-03 18:53:07.731 22395 23788 I art     : Explicit concurrent mark sweep GC freed 3(96B) AllocSpace objects, 0(0B) LOS objects, 37% free, 26MB/42MB, paused 1.333ms total 35.547ms
08-03 18:53:07.743 22395 23788 I art     : Starting a blocking GC Explicit
08-03 18:53:07.778 22395 23788 I art     : Explicit concurrent mark sweep GC freed 3(96B) AllocSpace objects, 0(0B) LOS objects, 37% free, 26MB/42MB, paused 1.438ms total 34.812ms
08-03 18:53:07.790 22395 23788 I art     : Starting a blocking GC Explicit
08-03 18:53:07.826 22395 23788 I art     : Explicit concurrent mark sweep GC freed 3(96B) AllocSpace objects, 0(0B) LOS objects, 37% free, 26MB/42MB, paused 1.340ms total 35.392ms
08-03 18:53:08.142 22395 22408 I art     : Starting a blocking GC Explicit
08-03 18:53:08.184 22395 22408 I art     : Explicit concurrent mark sweep GC freed 1370(81KB) AllocSpace objects, 1(20KB) LOS objects, 37% free, 26MB/42MB, paused 1.501ms total 41.495ms
08-03 18:53:08.196 22395 22408 I art     : Starting a blocking GC Explicit
08-03 18:53:08.230 22395 22408 I art     : Explicit concurrent mark sweep GC freed 23(752B) AllocSpace objects, 0(0B) LOS objects, 37% free, 26MB/42MB, paused 1.327ms total 33.357ms
08-03 18:53:08.242 22395 22408 I art     : Starting a blocking GC Explicit
08-03 18:53:08.275 22395 22408 I art     : Explicit concurrent mark sweep GC freed 3(96B) AllocSpace objects, 0(0B) LOS objects, 37% free, 26MB/42MB, paused 1.346ms total 33.601ms
08-03 18:53:08.287 22395 22408 I art     : Starting a blocking GC Explicit
08-03 18:53:08.321 22395 22408 I art     : Explicit concurrent mark sweep GC freed 3(96B) AllocSpace objects, 0(0B) LOS objects, 37% free, 26MB/42MB, paused 1.288ms total 33.485ms
08-03 18:53:08.333 22395 22408 I art     : Starting a blocking GC Explicit
08-03 18:53:08.366 22395 22408 I art     : Explicit concurrent mark sweep GC freed 3(96B) AllocSpace objects, 0(0B) LOS objects, 37% free, 26MB/42MB, paused 1.299ms total 33.580ms
08-03 18:53:08.599 24600 24600 D AndroidRuntime: >>>>>> START com.android.internal.os.RuntimeInit uid 2000 <<<<<<
08-03 18:53:08.606 24600 24600 D AndroidRuntime: CheckJNI is OFF
08-03 18:53:08.647 24600 24600 D ICU     : No timezone override file found: /data/misc/zoneinfo/current/icu/icu_tzdata.dat
08-03 18:53:08.688 22395 22423 I art     : Starting a blocking GC Explicit
08-03 18:53:08.690 24600 24600 I Radio-JNI: register_android_hardware_Radio DONE
08-03 18:53:08.719 24600 24600 D AndroidRuntime: Calling main entry com.android.commands.input.Input
08-03 18:53:08.722 22395 22423 I art     : Explicit concurrent mark sweep GC freed 1428(84KB) AllocSpace objects, 1(20KB) LOS objects, 37% free, 26MB/42MB, paused 1.431ms total 33.544ms
08-03 18:53:08.722 24600 24600 I Input   : injectMotionEvent: MotionEvent { action=ACTION_DOWN, actionButton=0, id[0]=0, x[0]=103.0, y[0]=192.0, toolType[0]=TOOL_TYPE_UNKNOWN, buttonState=0, metaState=0, flags=0x0, edgeFlags=0x0, pointerCount=1, historySize=0, eventTime=644005134, downTime=644005134, deviceId=0, source=0x1002 }
08-03 18:53:08.729 24600 24600 I Input   : injectMotionEvent: MotionEvent { action=ACTION_UP, actionButton=0, id[0]=0, x[0]=103.0, y[0]=192.0, toolType[0]=TOOL_TYPE_UNKNOWN, buttonState=0, metaState=0, flags=0x0, edgeFlags=0x0, pointerCount=1, historySize=0, eventTime=644005134, downTime=644005134, deviceId=0, source=0x1002 }
08-03 18:53:08.731 24600 24600 D AndroidRuntime: Shutting down VM
08-03 18:53:08.734 22395 22423 I art     : Starting a blocking GC Explicit
08-03 18:53:08.746   512  2967 D audio_hw_primary: out_set_parameters: enter: usecase(1: low-latency-playback) kvpairs: routing=2
08-03 18:53:08.759   512  2967 D audio_hw_primary: select_devices: out_snd_device(2: speaker) in_snd_device(0: none)
08-03 18:53:08.759   512  2967 D msm8974_platform: platform_send_audio_calibration: sending audio calibration for snd_device(2) acdb_id(15)
08-03 18:53:08.760   512  2967 I soundtrigger: audio_extn_sound_trigger_update_device_status: device 0x2 of type 0 for Event 1
08-03 18:53:08.769   512  2967 D audio_hw_primary: enable_snd_device: snd_device(2: speaker)
08-03 18:53:08.770 22395 22423 I art     : Explicit concurrent mark sweep GC freed 57(1840B) AllocSpace objects, 0(0B) LOS objects, 37% free, 26MB/42MB, paused 1.409ms total 36.051ms
08-03 18:53:08.772   512  2967 D audio_hw_primary: enable_audio_route: apply and update mixer path: low-latency-playback speaker
08-03 18:53:08.782 22395 22423 I art     : Starting a blocking GC Explicit
08-03 18:53:08.793 13866 13866 I GoogleInputMethodServic: GoogleInputMethodService.onFinishInput():3138 
08-03 18:53:08.793 13866 13866 I GoogleInputMethodServic: GoogleInputMethodService.onStartInput():1808 
08-03 18:53:08.815 22395 22423 I art     : Explicit concurrent mark sweep GC freed 206(8KB) AllocSpace objects, 0(0B) LOS objects, 37% free, 26MB/42MB, paused 1.522ms total 32.919ms
08-03 18:53:08.827 22395 22423 I art     : Starting a blocking GC Explicit
08-03 18:53:08.858 22395 22423 I art     : Explicit concurrent mark sweep GC freed 433(23KB) AllocSpace objects, 0(0B) LOS objects, 37% free, 26MB/42MB, paused 1.316ms total 31.386ms
08-03 18:53:08.869 22395 22423 I art     : Starting a blocking GC Explicit
08-03 18:53:08.900 22395 22423 I art     : Explicit concurrent mark sweep GC freed 15(736B) AllocSpace objects, 0(0B) LOS objects, 37% free, 26MB/42MB, paused 1.325ms total 30.586ms
08-03 18:53:09.193 22395 22407 I art     : Starting a blocking GC Explicit
08-03 18:53:09.231 22395 22407 I art     : Explicit concurrent mark sweep GC freed 1371(80KB) AllocSpace objects, 1(20KB) LOS objects, 37% free, 26MB/42MB, paused 1.263ms total 37.931ms
08-03 18:53:09.244 22395 22407 I art     : Starting a blocking GC Explicit
08-03 18:53:09.278 22395 22407 I art     : Explicit concurrent mark sweep GC freed 33(1072B) AllocSpace objects, 0(0B) LOS objects, 37% free, 26MB/42MB, paused 1.251ms total 34.174ms
08-03 18:53:09.290 22395 22407 I art     : Starting a blocking GC Explicit
08-03 18:53:09.319   512  2967 D audio_hw_primary: disable_audio_route: reset and update mixer path: low-latency-playback speaker
08-03 18:53:09.321   512  2967 D audio_hw_primary: disable_snd_device: snd_device(2: speaker)
08-03 18:53:09.323 22395 22407 I art     : Explicit concurrent mark sweep GC freed 3(96B) AllocSpace objects, 0(0B) LOS objects, 37% free, 26MB/42MB, paused 1.413ms total 33.036ms
08-03 18:53:09.331   512  2967 I soundtrigger: audio_extn_sound_trigger_update_device_status: device 0x2 of type 0 for Event 0
08-03 18:53:09.335 22395 22407 I art     : Starting a blocking GC Explicit
08-03 18:53:09.368 22395 22407 I art     : Explicit concurrent mark sweep GC freed 3(96B) AllocSpace objects, 0(0B) LOS objects, 37% free, 26MB/42MB, paused 1.314ms total 33.536ms
08-03 18:53:09.380 22395 22407 I art     : Starting a blocking GC Explicit
08-03 18:53:09.414 22395 22407 I art     : Explicit concurrent mark sweep GC freed 3(96B) AllocSpace objects, 0(0B) LOS objects, 37% free, 26MB/42MB, paused 1.314ms total 33.367ms
08-03 18:53:09.732 22395 22408 I art     : Starting a blocking GC Explicit
08-03 18:53:09.778 22395 22408 I art     : Explicit concurrent mark sweep GC freed 1397(81KB) AllocSpace objects, 1(20KB) LOS objects, 37% free, 26MB/42MB, paused 1.495ms total 46.227ms
08-03 18:53:09.793 22395 22408 I art     : Starting a blocking GC Explicit
08-03 18:53:09.826 22395 22408 I art     : Explicit concurrent mark sweep GC freed 25(816B) AllocSpace objects, 0(0B) LOS objects, 37% free, 26MB/42MB, paused 1.331ms total 33.090ms
08-03 18:53:09.837   918  3261 D WifiStateMachine: starting scan for "H369AA63323"WPA_PSK with 2412,5180
08-03 18:53:09.838 22395 22408 I art     : Starting a blocking GC Explicit
08-03 18:53:09.870 22395 22408 I art     : Explicit concurrent mark sweep GC freed 3(96B) AllocSpace objects, 0(0B) LOS objects, 37% free, 26MB/42MB, paused 1.257ms total 31.885ms
08-03 18:53:09.881 22395 22408 I art     : Starting a blocking GC Explicit
08-03 18:53:09.913 22395 22408 I art     : Explicit concurrent mark sweep GC freed 3(96B) AllocSpace objects, 0(0B) LOS objects, 37% free, 26MB/42MB, paused 1.305ms total 31.975ms
08-03 18:53:09.925 22395 22408 I art     : Starting a blocking GC Explicit
08-03 18:53:09.960 22395 22408 I art     : Explicit concurrent mark sweep GC freed 3(96B) AllocSpace objects, 0(0B) LOS objects, 37% free, 26MB/42MB, paused 1.270ms total 34.657ms
08-03 18:53:10.271 22395 22407 I art     : Starting a blocking GC Explicit
08-03 18:53:10.315 22395 22407 I art     : Explicit concurrent mark sweep GC freed 1368(80KB) AllocSpace objects, 1(20KB) LOS objects, 37% free, 26MB/42MB, paused 1.546ms total 43.188ms
08-03 18:53:10.328 22395 22407 I art     : Starting a blocking GC Explicit
08-03 18:53:10.365 22395 22407 I art     : Explicit concurrent mark sweep GC freed 23(752B) AllocSpace objects, 0(0B) LOS objects, 37% free, 26MB/42MB, paused 1.341ms total 37.379ms
08-03 18:53:10.377 22395 22407 I art     : Starting a blocking GC Explicit
08-03 18:53:10.413 22395 22407 I art     : Explicit concurrent mark sweep GC freed 5(160B) AllocSpace objects, 0(0B) LOS objects, 37% free, 26MB/42MB, paused 1.322ms total 35.204ms
08-03 18:53:10.425 22395 22407 I art     : Starting a blocking GC Explicit
08-03 18:53:10.460 22395 22407 I art     : Explicit concurrent mark sweep GC freed 38(1072B) AllocSpace objects, 0(0B) LOS objects, 37% free, 26MB/42MB, paused 1.389ms total 34.441ms
08-03 18:53:10.471 22395 22407 I art     : Starting a blocking GC Explicit
08-03 18:53:10.506 22395 22407 I art     : Explicit concurrent mark sweep GC freed 9(288B) AllocSpace objects, 0(0B) LOS objects, 37% free, 26MB/42MB, paused 1.301ms total 33.899ms
08-03 18:53:10.520 24650 24650 D AndroidRuntime: >>>>>> START com.android.internal.os.RuntimeInit uid 2000 <<<<<<
08-03 18:53:10.526 24650 24650 D AndroidRuntime: CheckJNI is OFF
08-03 18:53:10.566 24650 24650 D ICU     : No timezone override file found: /data/misc/zoneinfo/current/icu/icu_tzdata.dat
08-03 18:53:10.609 24650 24650 I Radio-JNI: register_android_hardware_Radio DONE
08-03 18:53:10.638 24650 24650 D AndroidRuntime: Calling main entry com.android.commands.input.Input
08-03 18:53:10.640 24650 24650 I Input   : injectMotionEvent: MotionEvent { action=ACTION_DOWN, actionButton=0, id[0]=0, x[0]=625.0, y[0]=1248.0, toolType[0]=TOOL_TYPE_UNKNOWN, buttonState=0, metaState=0, flags=0x0, edgeFlags=0x0, pointerCount=1, historySize=0, eventTime=644007052, downTime=644007052, deviceId=0, source=0x1002 }
08-03 18:53:10.645 24650 24650 I Input   : injectMotionEvent: MotionEvent { action=ACTION_UP, actionButton=0, id[0]=0, x[0]=625.0, y[0]=1248.0, toolType[0]=TOOL_TYPE_UNKNOWN, buttonState=0, metaState=0, flags=0x0, edgeFlags=0x0, pointerCount=1, historySize=0, eventTime=644007052, downTime=644007052, deviceId=0, source=0x1002 }
08-03 18:53:10.649 24650 24650 D AndroidRuntime: Shutting down VM
08-03 18:53:10.715 22395 22395 D MainActivity: loadFragment(index: 7, args: null)
08-03 18:53:10.717   512  2967 D audio_hw_primary: out_set_parameters: enter: usecase(1: low-latency-playback) kvpairs: routing=2
08-03 18:53:10.718 22395 22395 D MainActivity: saveLastNavFragment(tag: 2)
08-03 18:53:10.719 22395 22395 D MainActivity: getLastNavFragment() -> 2
08-03 18:53:10.730   512  2967 D audio_hw_primary: select_devices: out_snd_device(2: speaker) in_snd_device(0: none)
08-03 18:53:10.731   512  2967 D msm8974_platform: platform_send_audio_calibration: sending audio calibration for snd_device(2) acdb_id(15)
08-03 18:53:10.731   512  2967 I soundtrigger: audio_extn_sound_trigger_update_device_status: device 0x2 of type 0 for Event 1
08-03 18:53:10.741   512  2967 D audio_hw_primary: enable_snd_device: snd_device(2: speaker)
08-03 18:53:10.743   512  2967 D audio_hw_primary: enable_audio_route: apply and update mixer path: low-latency-playback speaker
08-03 18:53:10.753 22395 22395 D ItemlistFragment: onEventMainThread() called with: event = [DownloadEvent{update=DownloaderUpdate{downloaders=[], feedIds=[], mediaIds=[]}}]
08-03 18:53:10.754 22395 22419 D DBReader: getFeed() called with: feedId = [2]
08-03 18:53:10.757 22395 22419 D DBReader: getFeedItemList() called with: feed = [baseline.de.danoeh.antennapod.core.feed.Feed@2]
08-03 18:53:10.810 22395 23788 I art     : Starting a blocking GC Explicit
08-03 18:53:10.852 22395 23788 I art     : Explicit concurrent mark sweep GC freed 5513(239KB) AllocSpace objects, 2(40KB) LOS objects, 35% free, 28MB/44MB, paused 1.948ms total 41.544ms
08-03 18:53:10.857 22395 22419 W PodDBAdapter: Length of id array is larger than 800. Creating multiple cursors
08-03 18:53:10.867 22395 23788 I art     : Starting a blocking GC Explicit
08-03 18:53:10.889   518   646 I ThermalEngine: ACTION: GPU - Setting GPU[0] to 390000000
08-03 18:53:10.906 22395 23788 I art     : Explicit concurrent mark sweep GC freed 3585(283KB) AllocSpace objects, 1(16KB) LOS objects, 35% free, 28MB/44MB, paused 1.446ms total 38.557ms
08-03 18:53:10.920 22395 23788 I art     : Starting a blocking GC Explicit
08-03 18:53:10.961 22395 23788 I art     : Explicit concurrent mark sweep GC freed 3673(67KB) AllocSpace objects, 0(0B) LOS objects, 35% free, 29MB/45MB, paused 2.399ms total 40.505ms
08-03 18:53:10.962 22395 22419 D DBReader: getFavoriteIDList() called
08-03 18:53:10.963 22395 22419 D DBReader: getQueueIDList() called
08-03 18:53:10.964 22395 22419 D DBReader: Extracting Feedlist
08-03 18:53:10.974 22395 23788 I art     : Starting a blocking GC Explicit
08-03 18:53:11.009 22395 22395 D FeedMenuHandler: Preparing options menu
08-03 18:53:11.017 22395 23788 I art     : Explicit concurrent mark sweep GC freed 4466(153KB) AllocSpace objects, 1(16KB) LOS objects, 35% free, 29MB/45MB, paused 1.826ms total 42.423ms
08-03 18:53:11.030 22395 23788 I art     : Starting a blocking GC Explicit
08-03 18:53:11.064 24424 24424 I ServiceManager: Waiting for service AtCmdFwd...
08-03 18:53:11.073 22395 23788 I art     : Explicit concurrent mark sweep GC freed 2549(161KB) AllocSpace objects, 0(0B) LOS objects, 35% free, 29MB/45MB, paused 1.827ms total 42.256ms
08-03 18:53:11.089 22395 23326 D ApOkHttpUrlLoader: buildLoadData() called with: model = [http://static.libsyn.com/p/assets/7/1/f/3/71f3014e14ef2722/JREiTunesImage2.jpg], width = [1440], height = [462]
08-03 18:53:11.215 22395 22420 V RenderScript: 0x7f7c5b0000 Launching thread(s), CPUs 8
08-03 18:53:11.266 13866 13866 I GoogleInputMethodServic: GoogleInputMethodService.onFinishInput():3138 
08-03 18:53:11.267 13866 13866 I GoogleInputMethodServic: GoogleInputMethodService.onStartInput():1808 
08-03 18:53:11.288   512  2967 D audio_hw_primary: disable_audio_route: reset and update mixer path: low-latency-playback speaker
08-03 18:53:11.289   512  2967 D audio_hw_primary: disable_snd_device: snd_device(2: speaker)
08-03 18:53:11.298   512  2967 I soundtrigger: audio_extn_sound_trigger_update_device_status: device 0x2 of type 0 for Event 0
08-03 18:53:11.376 22395 22408 I art     : Starting a blocking GC Explicit
08-03 18:53:11.418 22395 22408 I art     : Explicit concurrent mark sweep GC freed 2723(196KB) AllocSpace objects, 6(236KB) LOS objects, 29% free, 37MB/53MB, paused 1.279ms total 42.139ms
08-03 18:53:11.432 22395 22408 I art     : Starting a blocking GC Explicit
08-03 18:53:11.473 22395 22408 I art     : Explicit concurrent mark sweep GC freed 250(11KB) AllocSpace objects, 0(0B) LOS objects, 29% free, 37MB/53MB, paused 1.242ms total 40.515ms
08-03 18:53:11.487 22395 22408 I art     : Starting a blocking GC Explicit
08-03 18:53:11.530 22395 22408 I art     : Explicit concurrent mark sweep GC freed 20(688B) AllocSpace objects, 0(0B) LOS objects, 29% free, 37MB/53MB, paused 1.242ms total 43.090ms
08-03 18:53:11.544 22395 22408 I art     : Starting a blocking GC Explicit
08-03 18:53:11.587 22395 22408 I art     : Explicit concurrent mark sweep GC freed 3(96B) AllocSpace objects, 0(0B) LOS objects, 29% free, 37MB/53MB, paused 1.236ms total 42.863ms
08-03 18:53:11.601 22395 22408 I art     : Starting a blocking GC Explicit
08-03 18:53:11.645 22395 22408 I art     : Explicit concurrent mark sweep GC freed 22(736B) AllocSpace objects, 0(0B) LOS objects, 29% free, 37MB/53MB, paused 1.326ms total 44.564ms
08-03 18:53:12.004 22395 22423 I art     : Starting a blocking GC Explicit
08-03 18:53:12.064 24424 24424 I ServiceManager: Waiting for service AtCmdFwd...
08-03 18:53:12.079 22395 22423 I art     : Explicit concurrent mark sweep GC freed 1372(80KB) AllocSpace objects, 1(20KB) LOS objects, 29% free, 37MB/53MB, paused 2.367ms total 74.363ms
08-03 18:53:12.105 22395 22423 I art     : Starting a blocking GC Explicit
08-03 18:53:12.164 22395 22423 I art     : Explicit concurrent mark sweep GC freed 23(752B) AllocSpace objects, 0(0B) LOS objects, 29% free, 37MB/53MB, paused 1.909ms total 59.026ms
08-03 18:53:12.186 22395 22423 I art     : Starting a blocking GC Explicit
08-03 18:53:12.247 22395 22423 I art     : Explicit concurrent mark sweep GC freed 3(96B) AllocSpace objects, 0(0B) LOS objects, 29% free, 37MB/53MB, paused 2.387ms total 60.063ms
08-03 18:53:12.268 22395 22423 I art     : Starting a blocking GC Explicit
08-03 18:53:12.329 22395 22423 I art     : Explicit concurrent mark sweep GC freed 3(96B) AllocSpace objects, 0(0B) LOS objects, 29% free, 37MB/53MB, paused 2.151ms total 59.931ms
08-03 18:53:12.351 22395 22423 I art     : Starting a blocking GC Explicit
08-03 18:53:12.415 22395 22423 I art     : Explicit concurrent mark sweep GC freed 3(96B) AllocSpace objects, 0(0B) LOS objects, 29% free, 37MB/53MB, paused 2.376ms total 64.022ms
08-03 18:53:12.803 22395 22423 I art     : Starting a blocking GC Explicit
08-03 18:53:12.866 22395 22423 I art     : Explicit concurrent mark sweep GC freed 1428(82KB) AllocSpace objects, 1(20KB) LOS objects, 29% free, 37MB/53MB, paused 1.996ms total 62.425ms
08-03 18:53:12.888 22395 22423 I art     : Starting a blocking GC Explicit
08-03 18:53:12.945 22395 22423 I art     : Explicit concurrent mark sweep GC freed 23(752B) AllocSpace objects, 0(0B) LOS objects, 29% free, 37MB/53MB, paused 2.162ms total 55.938ms
08-03 18:53:12.966 22395 22423 I art     : Starting a blocking GC Explicit
08-03 18:53:13.027 22395 22423 I art     : Explicit concurrent mark sweep GC freed 3(96B) AllocSpace objects, 0(0B) LOS objects, 29% free, 37MB/53MB, paused 2.116ms total 60.520ms
08-03 18:53:13.051 22395 22423 I art     : Starting a blocking GC Explicit
08-03 18:53:13.065 24424 24424 I ServiceManager: Waiting for service AtCmdFwd...
08-03 18:53:13.111 22395 22423 I art     : Explicit concurrent mark sweep GC freed 3(96B) AllocSpace objects, 0(0B) LOS objects, 29% free, 37MB/53MB, paused 1.939ms total 59.637ms
08-03 18:53:13.133 22395 22423 I art     : Starting a blocking GC Explicit
08-03 18:53:13.194 22395 22423 I art     : Explicit concurrent mark sweep GC freed 3(96B) AllocSpace objects, 0(0B) LOS objects, 29% free, 37MB/53MB, paused 2.378ms total 60.686ms
08-03 18:53:13.576 22395 22408 I art     : Starting a blocking GC Explicit
08-03 18:53:13.655 22395 22408 I art     : Explicit concurrent mark sweep GC freed 2100(103KB) AllocSpace objects, 1(20KB) LOS objects, 29% free, 37MB/53MB, paused 2.443ms total 78.450ms
08-03 18:53:13.678 22395 22408 I art     : Starting a blocking GC Explicit
08-03 18:53:13.745 22395 22408 I art     : Explicit concurrent mark sweep GC freed 23(752B) AllocSpace objects, 0(0B) LOS objects, 29% free, 37MB/53MB, paused 2.586ms total 65.909ms
08-03 18:53:13.768 22395 22408 I art     : Starting a blocking GC Explicit
08-03 18:53:13.834 22395 22408 I art     : Explicit concurrent mark sweep GC freed 3(96B) AllocSpace objects, 0(0B) LOS objects, 29% free, 37MB/53MB, paused 2.206ms total 65.635ms
08-03 18:53:13.859 22395 22408 I art     : Starting a blocking GC Explicit
08-03 18:53:13.919 22395 22408 I art     : Explicit concurrent mark sweep GC freed 3(96B) AllocSpace objects, 0(0B) LOS objects, 29% free, 37MB/53MB, paused 2.037ms total 59.414ms
08-03 18:53:13.940 22395 22408 I art     : Starting a blocking GC Explicit
08-03 18:53:14.000 22395 22408 I art     : Explicit concurrent mark sweep GC freed 3(96B) AllocSpace objects, 0(0B) LOS objects, 29% free, 37MB/53MB, paused 2.092ms total 59.129ms
08-03 18:53:14.065 24424 24424 I ServiceManager: Waiting for service AtCmdFwd...
08-03 18:53:14.354 22395 22407 I art     : Starting a blocking GC Explicit
08-03 18:53:14.427 22395 22407 I art     : Explicit concurrent mark sweep GC freed 2285(112KB) AllocSpace objects, 1(20KB) LOS objects, 29% free, 37MB/53MB, paused 2.723ms total 72.603ms
08-03 18:53:14.450 22395 22407 I art     : Starting a blocking GC Explicit
08-03 18:53:14.509 22395 22407 I art     : Explicit concurrent mark sweep GC freed 24(784B) AllocSpace objects, 0(0B) LOS objects, 29% free, 37MB/53MB, paused 2.131ms total 58.055ms
08-03 18:53:14.530 22395 22407 I art     : Starting a blocking GC Explicit
08-03 18:53:14.589 22395 22407 I art     : Explicit concurrent mark sweep GC freed 3(96B) AllocSpace objects, 0(0B) LOS objects, 29% free, 37MB/53MB, paused 2.120ms total 58.732ms
08-03 18:53:14.611 22395 22407 I art     : Starting a blocking GC Explicit
08-03 18:53:14.670 22395 22407 I art     : Explicit concurrent mark sweep GC freed 3(96B) AllocSpace objects, 0(0B) LOS objects, 29% free, 37MB/53MB, paused 1.954ms total 58.590ms
08-03 18:53:14.692 22395 22407 I art     : Starting a blocking GC Explicit
08-03 18:53:14.758 22395 22407 I art     : Explicit concurrent mark sweep GC freed 3(96B) AllocSpace objects, 0(0B) LOS objects, 29% free, 37MB/53MB, paused 2.670ms total 65.341ms
08-03 18:53:15.066 24424 24424 I ServiceManager: Waiting for service AtCmdFwd...
08-03 18:53:15.106 22395 23788 I art     : Starting a blocking GC Explicit
08-03 18:53:15.169 22395 23788 I art     : Explicit concurrent mark sweep GC freed 1371(81KB) AllocSpace objects, 1(20KB) LOS objects, 29% free, 37MB/53MB, paused 2.167ms total 62.355ms
08-03 18:53:15.189 22395 23788 I art     : Starting a blocking GC Explicit
08-03 18:53:15.245 22395 23788 I art     : Explicit concurrent mark sweep GC freed 23(752B) AllocSpace objects, 0(0B) LOS objects, 29% free, 37MB/53MB, paused 2.062ms total 55.189ms
08-03 18:53:15.266 22395 23788 I art     : Starting a blocking GC Explicit
08-03 18:53:15.322 22395 23788 I art     : Explicit concurrent mark sweep GC freed 3(96B) AllocSpace objects, 0(0B) LOS objects, 29% free, 37MB/53MB, paused 2.076ms total 56.069ms
08-03 18:53:15.343 22395 23788 I art     : Starting a blocking GC Explicit
08-03 18:53:15.400 22395 23788 I art     : Explicit concurrent mark sweep GC freed 3(96B) AllocSpace objects, 0(0B) LOS objects, 29% free, 37MB/53MB, paused 2.154ms total 56.762ms
08-03 18:53:15.421 22395 23788 I art     : Starting a blocking GC Explicit
08-03 18:53:15.476 22395 23788 I art     : Explicit concurrent mark sweep GC freed 32(880B) AllocSpace objects, 0(0B) LOS objects, 29% free, 37MB/53MB, paused 1.980ms total 54.428ms
08-03 18:53:15.533 24752 24752 D AndroidRuntime: >>>>>> START com.android.internal.os.RuntimeInit uid 2000 <<<<<<
08-03 18:53:15.540 24752 24752 D AndroidRuntime: CheckJNI is OFF
08-03 18:53:15.596 24752 24752 D ICU     : No timezone override file found: /data/misc/zoneinfo/current/icu/icu_tzdata.dat
08-03 18:53:15.642 24752 24752 I Radio-JNI: register_android_hardware_Radio DONE
08-03 18:53:15.676 24752 24752 D AndroidRuntime: Calling main entry com.android.commands.input.Input
08-03 18:53:15.679 24752 24752 I Input   : injectMotionEvent: MotionEvent { action=ACTION_DOWN, actionButton=0, id[0]=0, x[0]=1363.0, y[0]=517.0, toolType[0]=TOOL_TYPE_UNKNOWN, buttonState=0, metaState=0, flags=0x0, edgeFlags=0x0, pointerCount=1, historySize=0, eventTime=644012091, downTime=644012091, deviceId=0, source=0x1002 }
08-03 18:53:15.684 24752 24752 I Input   : injectMotionEvent: MotionEvent { action=ACTION_UP, actionButton=0, id[0]=0, x[0]=1363.0, y[0]=517.0, toolType[0]=TOOL_TYPE_UNKNOWN, buttonState=0, metaState=0, flags=0x0, edgeFlags=0x0, pointerCount=1, historySize=0, eventTime=644012091, downTime=644012091, deviceId=0, source=0x1002 }
08-03 18:53:15.686 24752 24752 D AndroidRuntime: Shutting down VM
08-03 18:53:15.703   918  3714 I ActivityManager: START u0 {cmp=baseline.de.danoeh.antennapod.debug/baseline.de.danoeh.antennapod.activity.FeedSettingsActivity (has extras)} from uid 10633 on display 0
08-03 18:53:15.706   512  2967 D audio_hw_primary: out_set_parameters: enter: usecase(1: low-latency-playback) kvpairs: routing=2
08-03 18:53:15.721   512  2967 D audio_hw_primary: select_devices: out_snd_device(2: speaker) in_snd_device(0: none)
08-03 18:53:15.721   512  2967 D msm8974_platform: platform_send_audio_calibration: sending audio calibration for snd_device(2) acdb_id(15)
08-03 18:53:15.721   512  2967 I soundtrigger: audio_extn_sound_trigger_update_device_status: device 0x2 of type 0 for Event 1
08-03 18:53:15.736   512  2967 D audio_hw_primary: enable_snd_device: snd_device(2: speaker)
08-03 18:53:15.739   512  2967 D audio_hw_primary: enable_audio_route: apply and update mixer path: low-latency-playback speaker
08-03 18:53:15.852 22395 23788 I art     : Starting a blocking GC Explicit
08-03 18:53:15.903   518   646 I ThermalEngine: ACTION: GPU - Setting GPU[0] to 450000000
08-03 18:53:15.922 22395 23788 I art     : Explicit concurrent mark sweep GC freed 34065(1470KB) AllocSpace objects, 1(20KB) LOS objects, 29% free, 37MB/53MB, paused 2.140ms total 69.884ms
08-03 18:53:15.936 22395 23788 I art     : Starting a blocking GC Explicit
08-03 18:53:15.984 22395 23788 I art     : Explicit concurrent mark sweep GC freed 22411(934KB) AllocSpace objects, 0(0B) LOS objects, 29% free, 37MB/53MB, paused 1.763ms total 47.918ms
08-03 18:53:15.998 22395 23788 I art     : Starting a blocking GC Explicit
08-03 18:53:16.043 22395 23788 I art     : Explicit concurrent mark sweep GC freed 5098(273KB) AllocSpace objects, 0(0B) LOS objects, 28% free, 39MB/55MB, paused 1.658ms total 45.282ms
08-03 18:53:16.055 22395 22935 D DBReader: getFeed() called with: feedId = [2]
08-03 18:53:16.056 22395 22935 D DBReader: getFeedItemList() called with: feed = [baseline.de.danoeh.antennapod.core.feed.Feed@2]
08-03 18:53:16.057 22395 23788 I art     : Starting a blocking GC Explicit
08-03 18:53:16.067 24424 24424 W Atfwd_Sendcmd: AtCmdFwd service not published, waiting... retryCnt : 2
08-03 18:53:16.109 22395 23788 I art     : Explicit concurrent mark sweep GC freed 3140(127KB) AllocSpace objects, 0(0B) LOS objects, 28% free, 40MB/56MB, paused 2.025ms total 52.011ms
08-03 18:53:16.124 22395 23788 I art     : Starting a blocking GC Explicit
08-03 18:53:16.162 22395 22935 W PodDBAdapter: Length of id array is larger than 800. Creating multiple cursors
08-03 18:53:16.178 22395 23788 I art     : Explicit concurrent mark sweep GC freed 3277(219KB) AllocSpace objects, 1(16KB) LOS objects, 27% free, 41MB/57MB, paused 1.636ms total 54.250ms
08-03 18:53:16.190   918   936 I ActivityManager: Displayed baseline.de.danoeh.antennapod.debug/baseline.de.danoeh.antennapod.activity.FeedSettingsActivity: +473ms
08-03 18:53:16.194 13866 13866 I GoogleInputMethodServic: GoogleInputMethodService.onFinishInput():3138 
08-03 18:53:16.194 13866 13866 I GoogleInputMethodServic: GoogleInputMethodService.onStartInput():1808 
08-03 18:53:16.229 22395 22420 D OpenGLRenderer: endAllStagingAnimators on 0x7f94ae1c00 (RippleDrawable) with handle 0x7f7a5c3020
08-03 18:53:16.261 22395 23326 D ApOkHttpUrlLoader: buildLoadData() called with: model = [http://static.libsyn.com/p/assets/7/1/f/3/71f3014e14ef2722/JREiTunesImage2.jpg], width = [1440], height = [462]
08-03 18:53:16.265 13866 13866 I GoogleInputMethodServic: GoogleInputMethodService.onStartInput():1808 
08-03 18:53:16.265 13866 13866 W SessionManager: SessionManager.beginSession():53 Try to begin an already begun session [INPUT_SESSION], end it first
08-03 18:53:16.274 13866 13866 I ShortcutsDataManager: ShortcutsDataManager.onContentChanged():89 onContentChanged()
08-03 18:53:16.277 22395 22395 D FeedSettingsActivity: No filter set
08-03 18:53:16.279   512  2967 D audio_hw_primary: disable_audio_route: reset and update mixer path: low-latency-playback speaker
08-03 18:53:16.281   512  2967 D audio_hw_primary: disable_snd_device: snd_device(2: speaker)
08-03 18:53:16.286   918  3696 W IntentResolver: resolveIntent: multiple matches, only some with CATEGORY_DEFAULT
08-03 18:53:16.289   512  2967 I soundtrigger: audio_extn_sound_trigger_update_device_status: device 0x2 of type 0 for Event 0
08-03 18:53:16.442   380   380 W SurfaceFlinger: couldn't log to binary event log: overflow.
08-03 18:53:16.507 22395 23788 I art     : Starting a blocking GC Explicit
08-03 18:53:16.568 22395 23788 I art     : Explicit concurrent mark sweep GC freed 9713(339KB) AllocSpace objects, 2(36KB) LOS objects, 27% free, 42MB/58MB, paused 1.395ms total 60.801ms
08-03 18:53:16.573 22395 22395 D PlaybackController: Releasing PlaybackController
08-03 18:53:16.585 22395 23788 I art     : Starting a blocking GC Explicit
08-03 18:53:16.638 22395 23788 I art     : Explicit concurrent mark sweep GC freed 935(63KB) AllocSpace objects, 0(0B) LOS objects, 27% free, 42MB/58MB, paused 1.621ms total 52.418ms
08-03 18:53:16.654 22395 23788 I art     : Starting a blocking GC Explicit
08-03 18:53:16.708 22395 23788 I art     : Explicit concurrent mark sweep GC freed 53(1920B) AllocSpace objects, 0(0B) LOS objects, 27% free, 42MB/58MB, paused 1.481ms total 54.111ms
08-03 18:53:16.724 22395 23788 I art     : Starting a blocking GC Explicit
08-03 18:53:16.780 22395 23788 I art     : Explicit concurrent mark sweep GC freed 31(1184B) AllocSpace objects, 0(0B) LOS objects, 27% free, 42MB/58MB, paused 1.460ms total 55.146ms
08-03 18:53:16.796 22395 23788 I art     : Starting a blocking GC Explicit
08-03 18:53:16.853 22395 23788 I art     : Explicit concurrent mark sweep GC freed 53(2304B) AllocSpace objects, 0(0B) LOS objects, 27% free, 42MB/58MB, paused 1.436ms total 56.949ms
08-03 18:53:17.193 22395 22408 I art     : Starting a blocking GC Explicit
08-03 18:53:17.266 22395 22408 I art     : Explicit concurrent mark sweep GC freed 1373(80KB) AllocSpace objects, 1(20KB) LOS objects, 27% free, 42MB/58MB, paused 1.436ms total 73.153ms
08-03 18:53:17.285 22395 22408 I art     : Starting a blocking GC Explicit
08-03 18:53:17.349 22395 22408 I art     : Explicit concurrent mark sweep GC freed 23(752B) AllocSpace objects, 0(0B) LOS objects, 27% free, 42MB/58MB, paused 1.510ms total 63.533ms
08-03 18:53:17.367 22395 22408 I art     : Starting a blocking GC Explicit
08-03 18:53:17.434 22395 22408 I art     : Explicit concurrent mark sweep GC freed 32(880B) AllocSpace objects, 0(0B) LOS objects, 27% free, 42MB/58MB, paused 1.436ms total 66.569ms
08-03 18:53:17.451 22395 22408 I art     : Starting a blocking GC Explicit
08-03 18:53:17.519 22395 22408 I art     : Explicit concurrent mark sweep GC freed 3(96B) AllocSpace objects, 0(0B) LOS objects, 27% free, 42MB/58MB, paused 1.576ms total 67.296ms
08-03 18:53:17.536 22395 22408 I art     : Starting a blocking GC Explicit
08-03 18:53:17.602 22395 22408 I art     : Explicit concurrent mark sweep GC freed 3(96B) AllocSpace objects, 0(0B) LOS objects, 27% free, 42MB/58MB, paused 1.506ms total 65.563ms
08-03 18:53:17.938 22395 22408 I art     : Starting a blocking GC Explicit
08-03 18:53:18.002 22395 22408 I art     : Explicit concurrent mark sweep GC freed 1426(82KB) AllocSpace objects, 1(20KB) LOS objects, 27% free, 42MB/58MB, paused 1.518ms total 63.611ms
08-03 18:53:18.019 22395 22408 I art     : Starting a blocking GC Explicit
08-03 18:53:18.083 22395 22408 I art     : Explicit concurrent mark sweep GC freed 23(752B) AllocSpace objects, 0(0B) LOS objects, 27% free, 42MB/58MB, paused 1.404ms total 63.737ms
08-03 18:53:18.100 22395 22408 I art     : Starting a blocking GC Explicit
08-03 18:53:18.168 22395 22408 I art     : Explicit concurrent mark sweep GC freed 3(96B) AllocSpace objects, 0(0B) LOS objects, 27% free, 42MB/58MB, paused 1.541ms total 67.271ms
08-03 18:53:18.185 22395 22408 I art     : Starting a blocking GC Explicit
08-03 18:53:18.251 22395 22408 I art     : Explicit concurrent mark sweep GC freed 3(96B) AllocSpace objects, 0(0B) LOS objects, 27% free, 42MB/58MB, paused 1.352ms total 65.625ms
08-03 18:53:18.268 22395 22408 I art     : Starting a blocking GC Explicit
08-03 18:53:18.332 22395 22408 I art     : Explicit concurrent mark sweep GC freed 3(96B) AllocSpace objects, 0(0B) LOS objects, 27% free, 42MB/58MB, paused 1.364ms total 63.472ms
08-03 18:53:18.704 22395 22423 I art     : Starting a blocking GC Explicit
08-03 18:53:18.774 22395 22423 I art     : Explicit concurrent mark sweep GC freed 1398(81KB) AllocSpace objects, 1(20KB) LOS objects, 27% free, 42MB/58MB, paused 1.498ms total 69.714ms
08-03 18:53:18.796 22395 22423 I art     : Starting a blocking GC Explicit
08-03 18:53:18.857 22395 22423 I art     : Explicit concurrent mark sweep GC freed 23(752B) AllocSpace objects, 0(0B) LOS objects, 27% free, 42MB/58MB, paused 1.588ms total 61.091ms
08-03 18:53:18.875 22395 22423 I art     : Starting a blocking GC Explicit
08-03 18:53:18.944 22395 22423 I art     : Explicit concurrent mark sweep GC freed 3(96B) AllocSpace objects, 0(0B) LOS objects, 27% free, 42MB/58MB, paused 1.565ms total 69.028ms
08-03 18:53:18.964 22395 22423 I art     : Starting a blocking GC Explicit
08-03 18:53:19.029 22395 22423 I art     : Explicit concurrent mark sweep GC freed 3(96B) AllocSpace objects, 0(0B) LOS objects, 27% free, 42MB/58MB, paused 1.575ms total 64.823ms
08-03 18:53:19.047 22395 22423 I art     : Starting a blocking GC Explicit
08-03 18:53:19.113 22395 22423 I art     : Explicit concurrent mark sweep GC freed 3(96B) AllocSpace objects, 0(0B) LOS objects, 27% free, 42MB/58MB, paused 1.519ms total 66.218ms
08-03 18:53:19.482 22395 22408 I art     : Starting a blocking GC Explicit
08-03 18:53:19.561 22395 22408 I art     : Explicit concurrent mark sweep GC freed 1399(83KB) AllocSpace objects, 1(20KB) LOS objects, 27% free, 42MB/58MB, paused 1.621ms total 78.584ms
08-03 18:53:19.581 22395 22408 I art     : Starting a blocking GC Explicit
08-03 18:53:19.647 22395 22408 I art     : Explicit concurrent mark sweep GC freed 23(752B) AllocSpace objects, 0(0B) LOS objects, 27% free, 42MB/58MB, paused 1.522ms total 65.175ms
08-03 18:53:19.664 22395 22408 I art     : Starting a blocking GC Explicit
08-03 18:53:19.732 22395 22408 I art     : Explicit concurrent mark sweep GC freed 3(96B) AllocSpace objects, 0(0B) LOS objects, 27% free, 42MB/58MB, paused 1.536ms total 67.293ms
08-03 18:53:19.752 22395 22408 I art     : Starting a blocking GC Explicit
08-03 18:53:19.816 22395 22408 I art     : Explicit concurrent mark sweep GC freed 3(96B) AllocSpace objects, 0(0B) LOS objects, 27% free, 42MB/58MB, paused 1.390ms total 64.009ms
08-03 18:53:19.833 22395 22408 I art     : Starting a blocking GC Explicit
08-03 18:53:19.892 22395 22408 I art     : Explicit concurrent mark sweep GC freed 3(96B) AllocSpace objects, 0(0B) LOS objects, 27% free, 42MB/58MB, paused 1.482ms total 58.153ms
08-03 18:53:20.211 22395 22423 I art     : Starting a blocking GC Explicit
08-03 18:53:20.279 22395 22423 I art     : Explicit concurrent mark sweep GC freed 1370(81KB) AllocSpace objects, 1(20KB) LOS objects, 27% free, 42MB/58MB, paused 1.570ms total 68.262ms
08-03 18:53:20.296 22395 22423 I art     : Starting a blocking GC Explicit
08-03 18:53:20.357 22395 22423 I art     : Explicit concurrent mark sweep GC freed 23(752B) AllocSpace objects, 0(0B) LOS objects, 27% free, 42MB/58MB, paused 1.570ms total 60.481ms
08-03 18:53:20.374 22395 22423 I art     : Starting a blocking GC Explicit
08-03 18:53:20.437 22395 22423 I art     : Explicit concurrent mark sweep GC freed 46(1632B) AllocSpace objects, 0(0B) LOS objects, 27% free, 42MB/58MB, paused 1.626ms total 63.084ms
08-03 18:53:20.454 22395 22423 I art     : Starting a blocking GC Explicit
08-03 18:53:20.508 24846 24846 D AndroidRuntime: >>>>>> START com.android.internal.os.RuntimeInit uid 2000 <<<<<<
08-03 18:53:20.512 22395 22423 I art     : Explicit concurrent mark sweep GC freed 28(2272B) AllocSpace objects, 0(0B) LOS objects, 27% free, 42MB/58MB, paused 1.530ms total 58.142ms
08-03 18:53:20.514 24846 24846 D AndroidRuntime: CheckJNI is OFF
08-03 18:53:20.530 22395 22423 I art     : Starting a blocking GC Explicit
08-03 18:53:20.559 24846 24846 D ICU     : No timezone override file found: /data/misc/zoneinfo/current/icu/icu_tzdata.dat
08-03 18:53:20.587 22395 22423 I art     : Explicit concurrent mark sweep GC freed 3(96B) AllocSpace objects, 0(0B) LOS objects, 27% free, 42MB/58MB, paused 1.581ms total 57.438ms
08-03 18:53:20.608 24846 24846 I Radio-JNI: register_android_hardware_Radio DONE
08-03 18:53:20.636 24846 24846 D AndroidRuntime: Calling main entry com.android.commands.input.Input
08-03 18:53:20.638 24846 24846 I Input   : injectKeyEvent: KeyEvent { action=ACTION_DOWN, keyCode=KEYCODE_BACK, scanCode=0, metaState=0, flags=0x0, repeatCount=0, eventTime=644017051, downTime=644017051, deviceId=-1, source=0x101 }
08-03 18:53:20.648 24846 24846 I Input   : injectKeyEvent: KeyEvent { action=ACTION_UP, keyCode=KEYCODE_BACK, scanCode=0, metaState=0, flags=0x0, repeatCount=0, eventTime=644017051, downTime=644017051, deviceId=-1, source=0x101 }
08-03 18:53:20.654 24846 24846 D AndroidRuntime: Shutting down VM
08-03 18:53:20.660 22395 22395 V PlaybackController: initServiceNotRunning()
08-03 18:53:20.660 22395 22395 D ExternalPlayerFragment: Loading media info
08-03 18:53:20.663 22395 22395 D ItemlistFragment: onEventMainThread() called with: event = [DownloadEvent{update=DownloaderUpdate{downloaders=[], feedIds=[], mediaIds=[]}}]
08-03 18:53:20.664 22395 23326 D ApOkHttpUrlLoader: buildLoadData() called with: model = [http://static.libsyn.com/p/assets/7/1/f/3/71f3014e14ef2722/JREiTunesImage2.jpg], width = [1440], height = [462]
08-03 18:53:20.668 22395 22395 D UserPreferences: Using default data folder
08-03 18:53:20.669 22395 22935 D DBReader: getNavDrawerData() called with: 
08-03 18:53:20.669 22395 22435 D DBReader: getFeed() called with: feedId = [2]
08-03 18:53:20.671 22395 22435 D DBReader: getFeedItemList() called with: feed = [baseline.de.danoeh.antennapod.core.feed.Feed@2]
08-03 18:53:20.682 22395 22395 D FeedMenuHandler: Preparing options menu
08-03 18:53:20.701 22395 22935 D DBReader: getDownloadedItems() called
08-03 18:53:20.702 22395 22935 D DBReader: getFavoriteIDList() called
08-03 18:53:20.703 22395 22935 D DBReader: getQueueIDList() called
08-03 18:53:20.704 22395 22935 D DBReader: Extracting Feedlist
08-03 18:53:20.724 13866 13866 I GoogleInputMethodServic: GoogleInputMethodService.onFinishInput():3138 
08-03 18:53:20.724 13866 13866 I GoogleInputMethodServic: GoogleInputMethodService.onStartInput():1808 
08-03 18:53:20.725 13866 13866 I ShortcutsDataManager: AbstractContentDataManager.startImportContentTask():208 startImportContentTask()
08-03 18:53:20.726 13866 13938 I ShortcutsDataManager: AbstractContentDataManager$ImportContentTask.doInBackground():222 doInBackground()
08-03 18:53:20.726 13866 13938 I PersonalDictionaryDataH: PersonalDictionaryDataHandler.beginProcess():111 LanguageTags = [en-US]
08-03 18:53:20.740 13866 13938 I ShortcutsDataManager: AbstractContentDataManager.importRecords():312 importRecords() : Success : Count = 0
08-03 18:53:20.745 13866 13938 I ShortcutsDataManager: AbstractContentDataManager.importContentData():262 importContentData() : Ending import process
08-03 18:53:20.763 22395 22395 D MainActivity: getLastNavFragment() -> 2
08-03 18:53:20.777 22395 22435 W PodDBAdapter: Length of id array is larger than 800. Creating multiple cursors
08-03 18:53:20.780 13866 13938 I PersonalLanguageModelUp: PersonalLanguageModelUpdater$UpdateOperation.performInternal():160 run() : Added 0 words and 0 shortcuts
08-03 18:53:20.780 13866 13938 I DynamicLanguageModelOpe: DynamicLanguageModelOperation.perform():37 perform() : 4 : coc : Completed
08-03 18:53:20.780 13866 13950 I Delight5Decoder: Delight5DecoderWrapper.loadLanguageModel():578 loadLanguageModel() : 4, version [n/a]
08-03 18:53:20.780 13866 13866 I ShortcutsDataManager: AbstractContentDataManager$ImportContentTask.onPostExecute():233 onPostExecute() : Result = [2,0]
08-03 18:53:20.780 13866 13866 I ShortcutsDataManager: ShortcutsDataManager.onImportFinished():99 onImportFinished() : Result = 2 : Count = 0
08-03 18:53:20.782 13866 13950 I Delight5Decoder: Delight5DecoderWrapper.loadLanguageModel():616 Loaded dynamic LM 4.en
08-03 18:53:20.877 22395 22435 D DBReader: getFavoriteIDList() called
08-03 18:53:20.879 22395 22435 D DBReader: getQueueIDList() called
08-03 18:53:20.882 22395 22435 D DBReader: Extracting Feedlist
08-03 18:53:20.886 22395 23326 D ApOkHttpUrlLoader: buildLoadData() called with: model = [http://static.libsyn.com/p/assets/7/1/f/3/71f3014e14ef2722/JREiTunesImage2.jpg], width = [1440], height = [462]
08-03 18:53:20.899 22395 22395 D FeedMenuHandler: Preparing options menu
08-03 18:53:20.908 22395 22408 I art     : Starting a blocking GC Explicit
08-03 18:53:20.971 22395 22408 I art     : Explicit concurrent mark sweep GC freed 43317(2MB) AllocSpace objects, 3(52KB) LOS objects, 25% free, 47MB/63MB, paused 1.303ms total 62.861ms
08-03 18:53:20.988 22395 22408 I art     : Starting a blocking GC Explicit
08-03 18:53:21.039   380   380 W SurfaceFlinger: couldn't log to binary event log: overflow.
08-03 18:53:21.042 22395 22408 I art     : Explicit concurrent mark sweep GC freed 2454(159KB) AllocSpace objects, 0(0B) LOS objects, 25% free, 47MB/63MB, paused 1.389ms total 53.254ms
08-03 18:53:21.062 22395 22408 I art     : Starting a blocking GC Explicit
08-03 18:53:21.113 22395 22408 I art     : Explicit concurrent mark sweep GC freed 618(25KB) AllocSpace objects, 0(0B) LOS objects, 25% free, 47MB/63MB, paused 1.528ms total 51.178ms
08-03 18:53:21.129 22395 22408 I art     : Starting a blocking GC Explicit
08-03 18:53:21.187 22395 22408 I art     : Explicit concurrent mark sweep GC freed 540(44KB) AllocSpace objects, 1(24KB) LOS objects, 25% free, 47MB/63MB, paused 1.458ms total 57.798ms
08-03 18:53:21.204 22395 22408 I art     : Starting a blocking GC Explicit
08-03 18:53:21.255 22395 22408 I art     : Explicit concurrent mark sweep GC freed 34242(2MB) AllocSpace objects, 43(2MB) LOS objects, 27% free, 42MB/58MB, paused 1.490ms total 51.521ms
08-03 18:53:21.590 22395 22407 I art     : Starting a blocking GC Explicit
08-03 18:53:21.639 22395 22407 I art     : Explicit concurrent mark sweep GC freed 1443(84KB) AllocSpace objects, 1(20KB) LOS objects, 27% free, 42MB/58MB, paused 1.557ms total 48.866ms
08-03 18:53:21.653 22395 22407 I art     : Starting a blocking GC Explicit
08-03 18:53:21.701 22395 22407 I art     : Explicit concurrent mark sweep GC freed 23(752B) AllocSpace objects, 0(0B) LOS objects, 27% free, 42MB/58MB, paused 1.502ms total 47.439ms
08-03 18:53:21.715 22395 22407 I art     : Starting a blocking GC Explicit
08-03 18:53:21.763 22395 22407 I art     : Explicit concurrent mark sweep GC freed 3(96B) AllocSpace objects, 0(0B) LOS objects, 27% free, 42MB/58MB, paused 1.410ms total 47.481ms
08-03 18:53:21.778 22395 22407 I art     : Starting a blocking GC Explicit
08-03 18:53:21.826 22395 22407 I art     : Explicit concurrent mark sweep GC freed 3(96B) AllocSpace objects, 0(0B) LOS objects, 27% free, 42MB/58MB, paused 1.419ms total 48.216ms
08-03 18:53:21.841 22395 22407 I art     : Starting a blocking GC Explicit
08-03 18:53:21.889 22395 22407 I art     : Explicit concurrent mark sweep GC freed 3(96B) AllocSpace objects, 0(0B) LOS objects, 27% free, 42MB/58MB, paused 1.326ms total 47.988ms
08-03 18:53:22.216 22395 23788 I art     : Starting a blocking GC Explicit
08-03 18:53:22.265 22395 23788 I art     : Explicit concurrent mark sweep GC freed 1371(81KB) AllocSpace objects, 1(20KB) LOS objects, 27% free, 42MB/58MB, paused 1.436ms total 49.485ms
08-03 18:53:22.280 22395 23788 I art     : Starting a blocking GC Explicit
08-03 18:53:22.331 22395 23788 I art     : Explicit concurrent mark sweep GC freed 24(784B) AllocSpace objects, 0(0B) LOS objects, 27% free, 42MB/58MB, paused 2.108ms total 50.550ms
08-03 18:53:22.347 22395 23788 I art     : Starting a blocking GC Explicit
08-03 18:53:22.392 22395 23788 I art     : Explicit concurrent mark sweep GC freed 11(352B) AllocSpace objects, 0(0B) LOS objects, 27% free, 42MB/58MB, paused 1.469ms total 44.711ms
08-03 18:53:22.407 22395 23788 I art     : Starting a blocking GC Explicit
08-03 18:53:22.436 24889 24889 D AndroidRuntime: >>>>>> START com.android.internal.os.RuntimeInit uid 2000 <<<<<<
08-03 18:53:22.441 24889 24889 D AndroidRuntime: CheckJNI is OFF
08-03 18:53:22.450 22395 23788 I art     : Explicit concurrent mark sweep GC freed 41(1168B) AllocSpace objects, 0(0B) LOS objects, 27% free, 42MB/58MB, paused 1.916ms total 43.419ms
08-03 18:53:22.465 22395 23788 I art     : Starting a blocking GC Explicit
08-03 18:53:22.486 24889 24889 D ICU     : No timezone override file found: /data/misc/zoneinfo/current/icu/icu_tzdata.dat
08-03 18:53:22.509 22395 23788 I art     : Explicit concurrent mark sweep GC freed 8(256B) AllocSpace objects, 0(0B) LOS objects, 27% free, 42MB/58MB, paused 1.613ms total 44.166ms
08-03 18:53:22.532 24889 24889 I Radio-JNI: register_android_hardware_Radio DONE
08-03 18:53:22.560 24889 24889 D AndroidRuntime: Calling main entry com.android.commands.input.Input
08-03 18:53:22.562 24889 24889 I Input   : injectMotionEvent: MotionEvent { action=ACTION_DOWN, actionButton=0, id[0]=0, x[0]=1372.0, y[0]=384.0, toolType[0]=TOOL_TYPE_UNKNOWN, buttonState=0, metaState=0, flags=0x0, edgeFlags=0x0, pointerCount=1, historySize=0, eventTime=644018974, downTime=644018974, deviceId=0, source=0x1002 }
08-03 18:53:22.569 24889 24889 I Input   : injectMotionEvent: MotionEvent { action=ACTION_UP, actionButton=0, id[0]=0, x[0]=1372.0, y[0]=384.0, toolType[0]=TOOL_TYPE_UNKNOWN, buttonState=0, metaState=0, flags=0x0, edgeFlags=0x0, pointerCount=1, historySize=0, eventTime=644018974, downTime=644018974, deviceId=0, source=0x1002 }
08-03 18:53:22.570 24889 24889 D AndroidRuntime: Shutting down VM
08-03 18:53:22.576   918  3359 I ActivityManager: START u0 {cmp=baseline.de.danoeh.antennapod.debug/baseline.de.danoeh.antennapod.activity.FeedInfoActivity (has extras)} from uid 10633 on display 0
08-03 18:53:22.576   512  2967 D audio_hw_primary: out_set_parameters: enter: usecase(1: low-latency-playback) kvpairs: routing=2
08-03 18:53:22.590   512  2967 D audio_hw_primary: select_devices: out_snd_device(2: speaker) in_snd_device(0: none)
08-03 18:53:22.590   512  2967 D msm8974_platform: platform_send_audio_calibration: sending audio calibration for snd_device(2) acdb_id(15)
08-03 18:53:22.590   512  2967 I soundtrigger: audio_extn_sound_trigger_update_device_status: device 0x2 of type 0 for Event 1
08-03 18:53:22.601   512  2967 D audio_hw_primary: enable_snd_device: snd_device(2: speaker)
08-03 18:53:22.604   512  2967 D audio_hw_primary: enable_audio_route: apply and update mixer path: low-latency-playback speaker
08-03 18:53:22.618 22395 22419 D DBReader: getFeed() called with: feedId = [2]
08-03 18:53:22.619 22395 22419 D DBReader: getFeedItemList() called with: feed = [baseline.de.danoeh.antennapod.core.feed.Feed@2]
08-03 18:53:22.629 22395 22395 D androidx.gridlayout.widget.GridLayout: horizontal constraints: x2-x0>=1328, x2-x1<=0, x1-x0<=242 are inconsistent; permanently removing: x2-x1<=0. 
08-03 18:53:22.629 22395 22395 D androidx.gridlayout.widget.GridLayout: vertical constraints: y3-y2>=80, y3-y2<=66, y2-y1<=94, y1-y0<=94 are inconsistent; permanently removing: y3-y2<=66. 
08-03 18:53:22.707   918   936 I ActivityManager: Displayed baseline.de.danoeh.antennapod.debug/baseline.de.danoeh.antennapod.activity.FeedInfoActivity: +121ms
08-03 18:53:22.709 13866 13866 I GoogleInputMethodServic: GoogleInputMethodService.onFinishInput():3138 
08-03 18:53:22.710 13866 13866 I GoogleInputMethodServic: GoogleInputMethodService.onStartInput():1808 
08-03 18:53:22.717 22395 22419 W PodDBAdapter: Length of id array is larger than 800. Creating multiple cursors
08-03 18:53:22.753 22395 22420 D OpenGLRenderer: endAllStagingAnimators on 0x7f94ae1800 (RippleDrawable) with handle 0x7f7a58f600
08-03 18:53:22.807 22395 22395 D FeedInfoActivity: Language is en
08-03 18:53:22.807 22395 22395 D FeedInfoActivity: Author is Joe Rogan
08-03 18:53:22.808 22395 22395 D FeedInfoActivity: URL is http://joeroganexp.joerogan.libsynpro.com/rss
08-03 18:53:22.816 22395 23326 D ApOkHttpUrlLoader: buildLoadData() called with: model = [http://static.libsyn.com/p/assets/7/1/f/3/71f3014e14ef2722/JREiTunesImage2.jpg], width = [1440], height = [462]
08-03 18:53:22.825 22395 23788 I art     : Starting a blocking GC Explicit
08-03 18:53:22.833   918  5132 W IntentResolver: resolveIntent: multiple matches, only some with CATEGORY_DEFAULT
08-03 18:53:22.847 22395 22395 D androidx.gridlayout.widget.GridLayout: horizontal constraints: x2-x0>=1328, x2-x1<=232, x1-x0<=242 are inconsistent; permanently removing: x2-x1<=232. 
08-03 18:53:22.847 22395 22395 D androidx.gridlayout.widget.GridLayout: vertical constraints: y3-y2>=80, y3-y2<=66, y2-y1<=94, y1-y0<=94 are inconsistent; permanently removing: y3-y2<=66. 
08-03 18:53:22.891 22395 23788 I art     : Explicit concurrent mark sweep GC freed 15467(670KB) AllocSpace objects, 3(52KB) LOS objects, 25% free, 47MB/63MB, paused 1.578ms total 65.814ms
08-03 18:53:22.911 22395 23788 I art     : Starting a blocking GC Explicit
08-03 18:53:22.941   380   380 W SurfaceFlinger: couldn't log to binary event log: overflow.
08-03 18:53:22.972 22395 23788 I art     : Explicit concurrent mark sweep GC freed 570(34KB) AllocSpace objects, 0(0B) LOS objects, 25% free, 47MB/63MB, paused 1.399ms total 60.149ms
08-03 18:53:22.987 22395 23788 I art     : Starting a blocking GC Explicit
08-03 18:53:23.038 22395 23788 I art     : Explicit concurrent mark sweep GC freed 7(256B) AllocSpace objects, 0(0B) LOS objects, 25% free, 47MB/63MB, paused 1.449ms total 50.733ms
08-03 18:53:23.038 22395 22406 I art     : WaitForGcToComplete blocked for 35.513ms for cause HeapTrim
08-03 18:53:23.054 22395 23788 I art     : Starting a blocking GC Explicit
08-03 18:53:23.091 22395 22395 D PlaybackController: Releasing PlaybackController
08-03 18:53:23.110 22395 23788 I art     : Explicit concurrent mark sweep GC freed 258(13KB) AllocSpace objects, 0(0B) LOS objects, 25% free, 47MB/63MB, paused 1.774ms total 55.210ms
08-03 18:53:23.126 22395 23788 I art     : Starting a blocking GC Explicit
08-03 18:53:23.148   512  2967 D audio_hw_primary: disable_audio_route: reset and update mixer path: low-latency-playback speaker
08-03 18:53:23.149   512  2967 D audio_hw_primary: disable_snd_device: snd_device(2: speaker)
08-03 18:53:23.156   512  2967 I soundtrigger: audio_extn_sound_trigger_update_device_status: device 0x2 of type 0 for Event 0
08-03 18:53:23.180 22395 23788 I art     : Explicit concurrent mark sweep GC freed 99(4KB) AllocSpace objects, 0(0B) LOS objects, 25% free, 47MB/63MB, paused 1.460ms total 53.218ms
08-03 18:53:23.504 22395 22407 I art     : Starting a blocking GC Explicit
08-03 18:53:23.577 22395 22407 I art     : Explicit concurrent mark sweep GC freed 1467(86KB) AllocSpace objects, 1(20KB) LOS objects, 25% free, 47MB/63MB, paused 1.495ms total 72.977ms
08-03 18:53:23.598 22395 22407 I art     : Starting a blocking GC Explicit
08-03 18:53:23.656 22395 22407 I art     : Explicit concurrent mark sweep GC freed 23(752B) AllocSpace objects, 0(0B) LOS objects, 25% free, 47MB/63MB, paused 1.409ms total 58.341ms
08-03 18:53:23.673 22395 22407 I art     : Starting a blocking GC Explicit
08-03 18:53:23.733 22395 22407 I art     : Explicit concurrent mark sweep GC freed 3(96B) AllocSpace objects, 0(0B) LOS objects, 25% free, 47MB/63MB, paused 1.476ms total 60.022ms
08-03 18:53:23.756 22395 22407 I art     : Starting a blocking GC Explicit
08-03 18:53:23.815 22395 22407 I art     : Explicit concurrent mark sweep GC freed 3(96B) AllocSpace objects, 0(0B) LOS objects, 25% free, 47MB/63MB, paused 1.416ms total 57.966ms
08-03 18:53:23.832 22395 22407 I art     : Starting a blocking GC Explicit
08-03 18:53:23.890 22395 22407 I art     : Explicit concurrent mark sweep GC freed 3(96B) AllocSpace objects, 0(0B) LOS objects, 25% free, 47MB/63MB, paused 1.433ms total 58.179ms
08-03 18:53:23.917   518   646 I ThermalEngine: ACTION: GPU - Setting GPU[0] to 390000000
08-03 18:53:24.259 22395 22408 I art     : Starting a blocking GC Explicit
08-03 18:53:24.340 22395 22408 I art     : Explicit concurrent mark sweep GC freed 1380(80KB) AllocSpace objects, 1(20KB) LOS objects, 25% free, 47MB/63MB, paused 2.220ms total 80.720ms
08-03 18:53:24.368 22395 22408 I art     : Starting a blocking GC Explicit
08-03 18:53:24.440 22395 22408 I art     : Explicit concurrent mark sweep GC freed 63(1888B) AllocSpace objects, 0(0B) LOS objects, 25% free, 47MB/63MB, paused 2.321ms total 72.396ms
08-03 18:53:24.467 22395 22408 I art     : Starting a blocking GC Explicit
08-03 18:53:24.539 22395 22408 I art     : Explicit concurrent mark sweep GC freed 10(320B) AllocSpace objects, 0(0B) LOS objects, 25% free, 47MB/63MB, paused 2.333ms total 72.378ms
08-03 18:53:24.565 22395 22408 I art     : Starting a blocking GC Explicit
08-03 18:53:24.639 22395 22408 I art     : Explicit concurrent mark sweep GC freed 3(96B) AllocSpace objects, 0(0B) LOS objects, 25% free, 47MB/63MB, paused 2.174ms total 72.979ms
08-03 18:53:24.664 22395 22408 I art     : Starting a blocking GC Explicit
08-03 18:53:24.736 22395 22408 I art     : Explicit concurrent mark sweep GC freed 3(96B) AllocSpace objects, 0(0B) LOS objects, 25% free, 47MB/63MB, paused 1.958ms total 71.352ms
08-03 18:53:25.085 22395 23788 I art     : Starting a blocking GC Explicit
08-03 18:53:25.181 22395 23788 I art     : Explicit concurrent mark sweep GC freed 1369(80KB) AllocSpace objects, 1(20KB) LOS objects, 25% free, 47MB/63MB, paused 2.430ms total 95.670ms
08-03 18:53:25.210 22395 23788 I art     : Starting a blocking GC Explicit
08-03 18:53:25.284 22395 23788 I art     : Explicit concurrent mark sweep GC freed 23(752B) AllocSpace objects, 0(0B) LOS objects, 25% free, 47MB/63MB, paused 2.029ms total 73.171ms
08-03 18:53:25.315 22395 23788 I art     : Starting a blocking GC Explicit
08-03 18:53:25.393 22395 23788 I art     : Explicit concurrent mark sweep GC freed 3(96B) AllocSpace objects, 0(0B) LOS objects, 25% free, 47MB/63MB, paused 2.546ms total 77.244ms
08-03 18:53:25.424 22395 23788 I art     : Starting a blocking GC Explicit
08-03 18:53:25.498 22395 23788 I art     : Explicit concurrent mark sweep GC freed 32(880B) AllocSpace objects, 0(0B) LOS objects, 25% free, 47MB/63MB, paused 2.303ms total 73.866ms
08-03 18:53:25.524 22395 23788 I art     : Starting a blocking GC Explicit
08-03 18:53:25.606 22395 23788 I art     : Explicit concurrent mark sweep GC freed 3(96B) AllocSpace objects, 0(0B) LOS objects, 25% free, 47MB/63MB, paused 2.403ms total 80.771ms
08-03 18:53:25.965 22395 22407 I art     : Starting a blocking GC Explicit
08-03 18:53:26.057 22395 22407 I art     : Explicit concurrent mark sweep GC freed 1370(82KB) AllocSpace objects, 1(20KB) LOS objects, 25% free, 47MB/63MB, paused 2.567ms total 90.883ms
08-03 18:53:26.067 24424 24424 I ServiceManager: Waiting for service AtCmdFwd...
08-03 18:53:26.085 22395 22407 I art     : Starting a blocking GC Explicit
08-03 18:53:26.146 22395 22407 I art     : Explicit concurrent mark sweep GC freed 23(752B) AllocSpace objects, 0(0B) LOS objects, 25% free, 47MB/63MB, paused 1.979ms total 60.336ms
08-03 18:53:26.168 22395 22407 I art     : Starting a blocking GC Explicit
08-03 18:53:26.229 22395 22407 I art     : Explicit concurrent mark sweep GC freed 3(96B) AllocSpace objects, 0(0B) LOS objects, 25% free, 47MB/63MB, paused 2.549ms total 60.195ms
08-03 18:53:26.254 22395 22407 I art     : Starting a blocking GC Explicit
08-03 18:53:26.315 22395 22407 I art     : Explicit concurrent mark sweep GC freed 3(96B) AllocSpace objects, 0(0B) LOS objects, 25% free, 47MB/63MB, paused 1.907ms total 61.163ms
08-03 18:53:26.339 22395 22407 I art     : Starting a blocking GC Explicit
08-03 18:53:26.409 22395 22407 I art     : Explicit concurrent mark sweep GC freed 3(96B) AllocSpace objects, 0(0B) LOS objects, 25% free, 47MB/63MB, paused 2.183ms total 69.212ms
08-03 18:53:26.807 22395 22408 I art     : Starting a blocking GC Explicit
08-03 18:53:26.882 22395 22408 I art     : Explicit concurrent mark sweep GC freed 1399(82KB) AllocSpace objects, 1(20KB) LOS objects, 25% free, 47MB/63MB, paused 2.211ms total 74.727ms
08-03 18:53:26.907 22395 22408 I art     : Starting a blocking GC Explicit
08-03 18:53:26.920   518   646 I ThermalEngine: ACTION: GPU - Setting GPU[0] to 450000000
08-03 18:53:26.976 22395 22408 I art     : Explicit concurrent mark sweep GC freed 27(912B) AllocSpace objects, 0(0B) LOS objects, 25% free, 47MB/63MB, paused 1.435ms total 68.128ms
08-03 18:53:26.993 22395 22408 I art     : Starting a blocking GC Explicit
08-03 18:53:27.049 22395 22408 I art     : Explicit concurrent mark sweep GC freed 3(96B) AllocSpace objects, 0(0B) LOS objects, 25% free, 47MB/63MB, paused 1.435ms total 55.950ms
08-03 18:53:27.065 22395 22408 I art     : Starting a blocking GC Explicit
08-03 18:53:27.068 24424 24424 I ServiceManager: Waiting for service AtCmdFwd...
08-03 18:53:27.122 22395 22408 I art     : Explicit concurrent mark sweep GC freed 3(96B) AllocSpace objects, 0(0B) LOS objects, 25% free, 47MB/63MB, paused 1.507ms total 55.936ms
08-03 18:53:27.138 22395 22408 I art     : Starting a blocking GC Explicit
08-03 18:53:27.196 22395 22408 I art     : Explicit concurrent mark sweep GC freed 3(96B) AllocSpace objects, 0(0B) LOS objects, 25% free, 47MB/63MB, paused 1.455ms total 57.630ms
08-03 18:53:27.363 24972 24972 D AndroidRuntime: >>>>>> START com.android.internal.os.RuntimeInit uid 2000 <<<<<<
08-03 18:53:27.371 24972 24972 D AndroidRuntime: CheckJNI is OFF
08-03 18:53:27.415 24972 24972 D ICU     : No timezone override file found: /data/misc/zoneinfo/current/icu/icu_tzdata.dat
08-03 18:53:27.458 24972 24972 I Radio-JNI: register_android_hardware_Radio DONE
08-03 18:53:27.486 24972 24972 D AndroidRuntime: Calling main entry com.android.commands.input.Input
08-03 18:53:27.488 24972 24972 I Input   : injectKeyEvent: KeyEvent { action=ACTION_DOWN, keyCode=KEYCODE_BACK, scanCode=0, metaState=0, flags=0x0, repeatCount=0, eventTime=644023901, downTime=644023901, deviceId=-1, source=0x101 }
08-03 18:53:27.493 24972 24972 I Input   : injectKeyEvent: KeyEvent { action=ACTION_UP, keyCode=KEYCODE_BACK, scanCode=0, metaState=0, flags=0x0, repeatCount=0, eventTime=644023901, downTime=644023901, deviceId=-1, source=0x101 }
08-03 18:53:27.499 24972 24972 D AndroidRuntime: Shutting down VM
08-03 18:53:27.505 22395 22395 V PlaybackController: initServiceNotRunning()
08-03 18:53:27.505 22395 22395 D ExternalPlayerFragment: Loading media info
08-03 18:53:27.508 22395 22395 D ItemlistFragment: onEventMainThread() called with: event = [DownloadEvent{update=DownloaderUpdate{downloaders=[], feedIds=[], mediaIds=[]}}]
08-03 18:53:27.509 22395 23326 D ApOkHttpUrlLoader: buildLoadData() called with: model = [http://static.libsyn.com/p/assets/7/1/f/3/71f3014e14ef2722/JREiTunesImage2.jpg], width = [1440], height = [462]
08-03 18:53:27.511 22395 22395 D UserPreferences: Using default data folder
08-03 18:53:27.512 22395 22419 D DBReader: getNavDrawerData() called with: 
08-03 18:53:27.513 22395 22935 D DBReader: getFeed() called with: feedId = [2]
08-03 18:53:27.514 22395 22935 D DBReader: getFeedItemList() called with: feed = [baseline.de.danoeh.antennapod.core.feed.Feed@2]
08-03 18:53:27.528 22395 22395 D FeedMenuHandler: Preparing options menu
08-03 18:53:27.546 22395 22419 D DBReader: getDownloadedItems() called
08-03 18:53:27.547 22395 22419 D DBReader: getFavoriteIDList() called
08-03 18:53:27.548 22395 22419 D DBReader: getQueueIDList() called
08-03 18:53:27.549 22395 22419 D DBReader: Extracting Feedlist
08-03 18:53:27.556 22395 22408 I art     : Starting a blocking GC Explicit
08-03 18:53:27.574 13866 13866 I GoogleInputMethodServic: GoogleInputMethodService.onFinishInput():3138 
08-03 18:53:27.575 13866 13866 I GoogleInputMethodServic: GoogleInputMethodService.onStartInput():1808 
08-03 18:53:27.602 22395 22395 D MainActivity: getLastNavFragment() -> 2
08-03 18:53:27.621 22395 22408 I art     : Explicit concurrent mark sweep GC freed 6656(287KB) AllocSpace objects, 1(20KB) LOS objects, 23% free, 51MB/67MB, paused 3.013ms total 65.017ms
08-03 18:53:27.626 22395 22935 W PodDBAdapter: Length of id array is larger than 800. Creating multiple cursors
08-03 18:53:27.639 22395 22408 I art     : Starting a blocking GC Explicit
08-03 18:53:27.696 22395 22408 I art     : Explicit concurrent mark sweep GC freed 3238(276KB) AllocSpace objects, 1(16KB) LOS objects, 23% free, 51MB/67MB, paused 1.704ms total 56.390ms
08-03 18:53:27.722 22395 22408 I art     : Starting a blocking GC Explicit
08-03 18:53:27.725 22395 22935 D DBReader: getFavoriteIDList() called
08-03 18:53:27.726 22395 22935 D DBReader: getQueueIDList() called
08-03 18:53:27.728 22395 22935 D DBReader: Extracting Feedlist
08-03 18:53:27.733 22395 23326 D ApOkHttpUrlLoader: buildLoadData() called with: model = [http://static.libsyn.com/p/assets/7/1/f/3/71f3014e14ef2722/JREiTunesImage2.jpg], width = [1440], height = [462]
08-03 18:53:27.762 22395 22395 D FeedMenuHandler: Preparing options menu
08-03 18:53:27.788 22395 22408 I art     : Explicit concurrent mark sweep GC freed 34591(2MB) AllocSpace objects, 1(16KB) LOS objects, 23% free, 52MB/68MB, paused 2.178ms total 65.226ms
08-03 18:53:27.804 22395 22408 I art     : Starting a blocking GC Explicit
08-03 18:53:27.861 22395 22408 I art     : Explicit concurrent mark sweep GC freed 736(49KB) AllocSpace objects, 0(0B) LOS objects, 23% free, 52MB/68MB, paused 1.404ms total 57.527ms
08-03 18:53:27.882 22395 22408 I art     : Starting a blocking GC Explicit
08-03 18:53:27.896   380   380 W SurfaceFlinger: couldn't log to binary event log: overflow.
08-03 18:53:27.935 22395 22408 I art     : Explicit concurrent mark sweep GC freed 1258(72KB) AllocSpace objects, 0(0B) LOS objects, 23% free, 52MB/68MB, paused 1.414ms total 52.724ms
08-03 18:53:28.069 24424 24424 I ServiceManager: Waiting for service AtCmdFwd...
08-03 18:53:28.269 22395 24996 I art     : Starting a blocking GC Explicit
08-03 18:53:28.333 22395 24996 I art     : Explicit concurrent mark sweep GC freed 1481(85KB) AllocSpace objects, 1(20KB) LOS objects, 23% free, 52MB/68MB, paused 1.431ms total 63.603ms
08-03 18:53:28.355 22395 24996 I art     : Starting a blocking GC Explicit
08-03 18:53:28.405 22395 24996 I art     : Explicit concurrent mark sweep GC freed 29261(2MB) AllocSpace objects, 3(84KB) LOS objects, 24% free, 50MB/66MB, paused 1.441ms total 49.840ms
08-03 18:53:28.420 22395 24996 I art     : Starting a blocking GC Explicit
08-03 18:53:28.466 22395 24996 I art     : Explicit concurrent mark sweep GC freed 32(880B) AllocSpace objects, 0(0B) LOS objects, 24% free, 50MB/66MB, paused 1.373ms total 45.563ms
08-03 18:53:28.480 22395 24996 I art     : Starting a blocking GC Explicit
08-03 18:53:28.529 22395 24996 I art     : Explicit concurrent mark sweep GC freed 3(96B) AllocSpace objects, 0(0B) LOS objects, 24% free, 50MB/66MB, paused 1.480ms total 48.266ms
08-03 18:53:28.544 22395 24996 I art     : Starting a blocking GC Explicit
08-03 18:53:28.591 22395 24996 I art     : Explicit concurrent mark sweep GC freed 3(96B) AllocSpace objects, 0(0B) LOS objects, 24% free, 50MB/66MB, paused 1.356ms total 47.072ms
08-03 18:53:28.908 22395 23788 I art     : Starting a blocking GC Explicit
08-03 18:53:28.965 22395 23788 I art     : Explicit concurrent mark sweep GC freed 1371(81KB) AllocSpace objects, 1(20KB) LOS objects, 24% free, 50MB/66MB, paused 1.497ms total 56.721ms
08-03 18:53:28.983 22395 23788 I art     : Starting a blocking GC Explicit
08-03 18:53:29.029 22395 23788 I art     : Explicit concurrent mark sweep GC freed 23(752B) AllocSpace objects, 0(0B) LOS objects, 24% free, 50MB/66MB, paused 1.465ms total 46.244ms
08-03 18:53:29.043 22395 23788 I art     : Starting a blocking GC Explicit
08-03 18:53:29.069 24424 24424 I ServiceManager: Waiting for service AtCmdFwd...
08-03 18:53:29.090 22395 23788 I art     : Explicit concurrent mark sweep GC freed 3(96B) AllocSpace objects, 0(0B) LOS objects, 24% free, 50MB/66MB, paused 1.503ms total 46.042ms
08-03 18:53:29.104 22395 23788 I art     : Starting a blocking GC Explicit
08-03 18:53:29.153 22395 23788 I art     : Explicit concurrent mark sweep GC freed 4(128B) AllocSpace objects, 0(0B) LOS objects, 24% free, 50MB/66MB, paused 1.388ms total 48.790ms
08-03 18:53:29.169 22395 23788 I art     : Starting a blocking GC Explicit
08-03 18:53:29.216 22395 23788 I art     : Explicit concurrent mark sweep GC freed 10(320B) AllocSpace objects, 0(0B) LOS objects, 24% free, 50MB/66MB, paused 1.400ms total 46.510ms
08-03 18:53:29.309 25009 25009 D AndroidRuntime: >>>>>> START com.android.internal.os.RuntimeInit uid 2000 <<<<<<
08-03 18:53:29.316 25009 25009 D AndroidRuntime: CheckJNI is OFF
08-03 18:53:29.357 25009 25009 D ICU     : No timezone override file found: /data/misc/zoneinfo/current/icu/icu_tzdata.dat
08-03 18:53:29.399 25009 25009 I Radio-JNI: register_android_hardware_Radio DONE
08-03 18:53:29.427 25009 25009 D AndroidRuntime: Calling main entry com.android.commands.input.Input
08-03 18:53:29.429 25009 25009 I Input   : injectMotionEvent: MotionEvent { action=ACTION_DOWN, actionButton=0, id[0]=0, x[0]=733.0, y[0]=896.0, toolType[0]=TOOL_TYPE_UNKNOWN, buttonState=0, metaState=0, flags=0x0, edgeFlags=0x0, pointerCount=1, historySize=0, eventTime=644025841, downTime=644025841, deviceId=0, source=0x1002 }
08-03 18:53:29.433 25009 25009 I Input   : injectMotionEvent: MotionEvent { action=ACTION_UP, actionButton=0, id[0]=0, x[0]=733.0, y[0]=896.0, toolType[0]=TOOL_TYPE_UNKNOWN, buttonState=0, metaState=0, flags=0x0, edgeFlags=0x0, pointerCount=1, historySize=0, eventTime=644025841, downTime=644025841, deviceId=0, source=0x1002 }
08-03 18:53:29.436 25009 25009 D AndroidRuntime: Shutting down VM
08-03 18:53:29.502   512  2967 D audio_hw_primary: out_set_parameters: enter: usecase(1: low-latency-playback) kvpairs: routing=2
08-03 18:53:29.515   512  2967 D audio_hw_primary: select_devices: out_snd_device(2: speaker) in_snd_device(0: none)
08-03 18:53:29.515   512  2967 D msm8974_platform: platform_send_audio_calibration: sending audio calibration for snd_device(2) acdb_id(15)
08-03 18:53:29.516   512  2967 I soundtrigger: audio_extn_sound_trigger_update_device_status: device 0x2 of type 0 for Event 1
08-03 18:53:29.526   512  2967 D audio_hw_primary: enable_snd_device: snd_device(2: speaker)
08-03 18:53:29.528   512  2967 D audio_hw_primary: enable_audio_route: apply and update mixer path: low-latency-playback speaker
08-03 18:53:29.537 22395 22395 I WebViewFactory: Loading com.google.android.webview version 84.0.4147.89 (code 414708953)
08-03 18:53:29.545 22395 22408 I art     : Starting a blocking GC Explicit
08-03 18:53:29.593 22395 22408 I art     : Explicit concurrent mark sweep GC freed 2634(169KB) AllocSpace objects, 1(20KB) LOS objects, 23% free, 50MB/66MB, paused 2.033ms total 48.047ms
08-03 18:53:29.607 22395 22408 I art     : Starting a blocking GC Explicit
08-03 18:53:29.632 22395 22395 I cr_LibraryLoader: Loaded native library version number "84.0.4147.89"
08-03 18:53:29.633 22395 22395 I cr_CachingUmaRecorder: Flushed 5 samples from 5 histograms.
08-03 18:53:29.642   918  6111 I ActivityManager: Start proc 25046:com.google.android.webview:webview_service/u0a74 for service com.google.android.webview/org.chromium.android_webview.services.VariationsSeedServer
08-03 18:53:29.654 22395 22408 I art     : Explicit concurrent mark sweep GC freed 4007(325KB) AllocSpace objects, 2(40KB) LOS objects, 23% free, 51MB/67MB, paused 1.925ms total 47.388ms
08-03 18:53:29.670 22395 22408 I art     : Starting a blocking GC Explicit
08-03 18:53:29.690 22395 22395 E chromium: [ERROR:filesystem_posix.cc(62)] mkdir /data/user/0/baseline.de.danoeh.antennapod.debug/cache/WebView/Crashpad: No such file or directory (2)
08-03 18:53:29.696 25046 25046 I LoadedApk: No resource references to update in package com.google.android.webview_translations
08-03 18:53:29.721 22395 22408 I art     : Explicit concurrent mark sweep GC freed 1100(176KB) AllocSpace objects, 0(0B) LOS objects, 23% free, 51MB/67MB, paused 1.954ms total 51.608ms
08-03 18:53:29.736 22395 22408 I art     : Starting a blocking GC Explicit
08-03 18:53:29.790 22395 22408 I art     : Explicit concurrent mark sweep GC freed 676(54KB) AllocSpace objects, 0(0B) LOS objects, 23% free, 51MB/67MB, paused 3.413ms total 54.491ms
08-03 18:53:29.805 22395 22408 I art     : Starting a blocking GC Explicit
08-03 18:53:29.811   918  4400 D ConnectivityService: listenForNetwork for Listen from uid/pid:10633/22395 for NetworkRequest [ id=2287, legacyType=-1, [ Capabilities: INTERNET&NOT_RESTRICTED&TRUSTED] ]
08-03 18:53:29.838   918  3261 D WifiStateMachine: starting scan for "H369AA63323"WPA_PSK with 2412,5180
08-03 18:53:29.854 22395 22408 I art     : Explicit concurrent mark sweep GC freed 965(93KB) AllocSpace objects, 0(0B) LOS objects, 23% free, 51MB/67MB, paused 2.212ms total 49.028ms
08-03 18:53:29.856 22395 22435 D DBReader: getFeedItem() called with: itemId = [2]
08-03 18:53:29.856 22395 22435 D DBReader: Loading feeditem with id 2
08-03 18:53:29.857 22395 22395 D ItemFragment: onEventMainThread() called with: event = [DownloadEvent{update=DownloaderUpdate{downloaders=[], feedIds=[], mediaIds=[]}}]
08-03 18:53:29.860 22395 22435 D DBReader: getFavoriteIDList() called
08-03 18:53:29.861 22395 22435 D DBReader: getQueueIDList() called
08-03 18:53:29.863 13866 13866 I GoogleInputMethodServic: GoogleInputMethodService.onFinishInput():3138 
08-03 18:53:29.864 13866 13866 I GoogleInputMethodServic: GoogleInputMethodService.onStartInput():1808 
08-03 18:53:29.864 22395 22435 D DBReader: Extracting Feedlist
08-03 18:53:29.887 22395 22435 D DBReader: loadExtraInformationOfFeedItem() called with: item = [FeedItem[autoDownload=1,chapters=<null>,contentEncoded=<null>,description=<null>,feed=baseline.de.danoeh.antennapod.core.feed.Feed@d4d4704,feedId=2,flattrStatus=baseline.de.danoeh.antennapod.core.util.flattr.FlattrStatus@6a2a4ed,hasChapters=false,imageUrl=http://static.libsyn.com/p/assets/2/7/8/6/278615fe73b1f0ca/JRE1514.jpg,itemIdentifier=a0870b6b-c887-4883-930c-a06d5e1a8f7e,link=http://traffic.libsyn.com/joeroganexp/p1514.mp3,media=baseline.de.danoeh.antennapod.core.feed.FeedMedia@dce9f22,paymentLink=<null>,pubDate=Fri Jul 24 21:00:00 GMT+02:00 2020,state=-1,tags=[],title=#1514 - Joe De Sena,id=2]]
08-03 18:53:29.889 22395 22395 E libEGL  : validate_display:255 error 3008 (EGL_BAD_DISPLAY)
08-03 18:53:29.952   918   935 D BluetoothManagerService: Added callback: android.bluetooth.IBluetoothManagerCallback$Stub$Proxy@e93d75e:true
08-03 18:53:29.962 22395 23326 D ApOkHttpUrlLoader: buildLoadData() called with: model = [http://static.libsyn.com/p/assets/2/7/8/6/278615fe73b1f0ca/JRE1514.jpg], width = [175], height = [175]
08-03 18:53:29.966 22395 23143 D DBReader: getImageAuthentication() called with: imageUrl = [http://static.libsyn.com/p/assets/2/7/8/6/278615fe73b1f0ca/JRE1514.jpg]
08-03 18:53:29.971 22395 23143 D ApOkHttpUrlLoader: no credentials for 'http://static.libsyn.com/p/assets/2/7/8/6/278615fe73b1f0ca/JRE1514.jpg'
08-03 18:53:30.058   512  2967 D audio_hw_primary: disable_audio_route: reset and update mixer path: low-latency-playback speaker
08-03 18:53:30.060   512  2967 D audio_hw_primary: disable_snd_device: snd_device(2: speaker)
08-03 18:53:30.069   512  2967 I soundtrigger: audio_extn_sound_trigger_update_device_status: device 0x2 of type 0 for Event 0
08-03 18:53:30.070 24424 24424 I ServiceManager: Waiting for service AtCmdFwd...
08-03 18:53:30.096 22395 23143 D MYTAG   : interceptor 2a
08-03 18:53:30.096 22395 23143 I NAPPA_EXPERIMENTATION: MetricNetworkRequestExecutionTime: REQUEST_DURATION_SYSTEM='125',REQUEST_DURATION_OKHTTP='123',REQUEST_SYNCHRONOUS='TRUE',RESPONSE_CODE='200',RESPONSE_METHOD='GET',RESPONSE_LENGTH_OKHTTP='364960',RESPONSE_LENGTH_HEADER='364960',REQUEST_PROTOCOL='http/1.1',REQUEST_URL='http://static.libsyn.com/p/assets/2/7/8/6/278615fe73b1f0ca/JRE1514.jpg',
08-03 18:53:30.210 22395 22407 I art     : Starting a blocking GC Explicit
08-03 18:53:30.265 22395 22407 I art     : Explicit concurrent mark sweep GC freed 6320(433KB) AllocSpace objects, 2(88KB) LOS objects, 23% free, 52MB/68MB, paused 1.563ms total 54.643ms
08-03 18:53:30.281 22395 22407 I art     : Starting a blocking GC Explicit
08-03 18:53:30.328 22395 22407 I art     : Explicit concurrent mark sweep GC freed 1439(89KB) AllocSpace objects, 4(112KB) LOS objects, 23% free, 51MB/67MB, paused 1.620ms total 46.827ms
08-03 18:53:30.342 22395 22407 I art     : Starting a blocking GC Explicit
08-03 18:53:30.390 22395 22407 I art     : Explicit concurrent mark sweep GC freed 107(3KB) AllocSpace objects, 0(0B) LOS objects, 23% free, 51MB/67MB, paused 1.414ms total 47.219ms
08-03 18:53:30.407 22395 22407 I art     : Starting a blocking GC Explicit
08-03 18:53:30.459 22395 22407 I art     : Explicit concurrent mark sweep GC freed 42(1216B) AllocSpace objects, 0(0B) LOS objects, 23% free, 51MB/67MB, paused 1.721ms total 51.969ms
08-03 18:53:30.474 22395 22407 I art     : Starting a blocking GC Explicit
08-03 18:53:30.527 22395 22407 I art     : Explicit concurrent mark sweep GC freed 11(352B) AllocSpace objects, 0(0B) LOS objects, 23% free, 51MB/67MB, paused 1.552ms total 52.759ms
08-03 18:53:30.904 22395 22408 I art     : Starting a blocking GC Explicit
08-03 18:53:30.935   518   646 I ThermalEngine: ACTION: GPU - Setting GPU[0] to 390000000
08-03 18:53:30.994 22395 22408 I art     : Explicit concurrent mark sweep GC freed 1434(82KB) AllocSpace objects, 1(20KB) LOS objects, 23% free, 51MB/67MB, paused 3.846ms total 89.465ms
08-03 18:53:31.022 22395 22408 I art     : Starting a blocking GC Explicit
08-03 18:53:31.070 24424 24424 W Atfwd_Sendcmd: AtCmdFwd service not published, waiting... retryCnt : 3
08-03 18:53:31.101 22395 22408 I art     : Explicit concurrent mark sweep GC freed 35(1136B) AllocSpace objects, 0(0B) LOS objects, 23% free, 51MB/67MB, paused 2.948ms total 78.276ms
08-03 18:53:31.127 22395 22408 I art     : Starting a blocking GC Explicit
08-03 18:53:31.196 22395 22408 I art     : Explicit concurrent mark sweep GC freed 15(480B) AllocSpace objects, 0(0B) LOS objects, 23% free, 51MB/67MB, paused 2.722ms total 68.303ms
08-03 18:53:31.220 22395 22408 I art     : Starting a blocking GC Explicit
08-03 18:53:31.288 22395 22408 I art     : Explicit concurrent mark sweep GC freed 14(448B) AllocSpace objects, 0(0B) LOS objects, 23% free, 51MB/67MB, paused 2.479ms total 67.241ms
08-03 18:53:31.313 22395 22408 I art     : Starting a blocking GC Explicit
08-03 18:53:31.384 22395 22408 I art     : Explicit concurrent mark sweep GC freed 14(448B) AllocSpace objects, 0(0B) LOS objects, 23% free, 51MB/67MB, paused 3.298ms total 70.598ms
08-03 18:53:31.821 22395 22407 I art     : Starting a blocking GC Explicit
08-03 18:53:31.890 22395 22407 I art     : Explicit concurrent mark sweep GC freed 1482(84KB) AllocSpace objects, 1(20KB) LOS objects, 23% free, 51MB/67MB, paused 2.404ms total 68.182ms
08-03 18:53:31.916 22395 22407 I art     : Starting a blocking GC Explicit
08-03 18:53:31.979 22395 22407 I art     : Explicit concurrent mark sweep GC freed 23(752B) AllocSpace objects, 0(0B) LOS objects, 23% free, 51MB/67MB, paused 2.442ms total 63.195ms
08-03 18:53:32.002 22395 22407 I art     : Starting a blocking GC Explicit
08-03 18:53:32.067 22395 22407 I art     : Explicit concurrent mark sweep GC freed 3(96B) AllocSpace objects, 0(0B) LOS objects, 23% free, 51MB/67MB, paused 2.147ms total 65.073ms
08-03 18:53:32.090 22395 22407 I art     : Starting a blocking GC Explicit
08-03 18:53:32.164 22395 22407 I art     : Explicit concurrent mark sweep GC freed 3(96B) AllocSpace objects, 0(0B) LOS objects, 23% free, 51MB/67MB, paused 2.587ms total 73.412ms
08-03 18:53:32.191 22395 22407 I art     : Starting a blocking GC Explicit
08-03 18:53:32.258 22395 22407 I art     : Explicit concurrent mark sweep GC freed 3(96B) AllocSpace objects, 0(0B) LOS objects, 23% free, 51MB/67MB, paused 2.322ms total 66.662ms
08-03 18:53:32.703 22395 22408 I art     : Starting a blocking GC Explicit
08-03 18:53:32.777 22395 22408 I art     : Explicit concurrent mark sweep GC freed 1408(82KB) AllocSpace objects, 1(20KB) LOS objects, 23% free, 51MB/67MB, paused 2.489ms total 73.860ms
08-03 18:53:32.804 22395 22408 I art     : Starting a blocking GC Explicit
08-03 18:53:32.872 22395 22408 I art     : Explicit concurrent mark sweep GC freed 23(752B) AllocSpace objects, 0(0B) LOS objects, 23% free, 51MB/67MB, paused 2.384ms total 66.667ms
08-03 18:53:32.895 22395 22408 I art     : Starting a blocking GC Explicit
08-03 18:53:32.963 22395 22408 I art     : Explicit concurrent mark sweep GC freed 3(96B) AllocSpace objects, 0(0B) LOS objects, 23% free, 51MB/67MB, paused 2.303ms total 66.776ms
08-03 18:53:32.987 22395 22408 I art     : Starting a blocking GC Explicit
08-03 18:53:33.061 22395 22408 I art     : Explicit concurrent mark sweep GC freed 3(96B) AllocSpace objects, 0(0B) LOS objects, 23% free, 51MB/67MB, paused 2.968ms total 73.315ms
08-03 18:53:33.087 22395 22408 I art     : Starting a blocking GC Explicit
08-03 18:53:33.154 22395 22408 I art     : Explicit concurrent mark sweep GC freed 3(96B) AllocSpace objects, 0(0B) LOS objects, 23% free, 51MB/67MB, paused 2.393ms total 66.946ms
08-03 18:53:33.582 22395 24996 I art     : Starting a blocking GC Explicit
08-03 18:53:33.672 22395 24996 I art     : Explicit concurrent mark sweep GC freed 1408(81KB) AllocSpace objects, 1(20KB) LOS objects, 23% free, 51MB/67MB, paused 3.413ms total 88.605ms
08-03 18:53:33.695 22395 24996 I art     : Starting a blocking GC Explicit
08-03 18:53:33.757 22395 24996 I art     : Explicit concurrent mark sweep GC freed 23(752B) AllocSpace objects, 0(0B) LOS objects, 23% free, 51MB/67MB, paused 2.242ms total 60.751ms
08-03 18:53:33.779 22395 24996 I art     : Starting a blocking GC Explicit
08-03 18:53:33.843 22395 24996 I art     : Explicit concurrent mark sweep GC freed 3(96B) AllocSpace objects, 0(0B) LOS objects, 23% free, 51MB/67MB, paused 2.353ms total 63.846ms
08-03 18:53:33.866 22395 24996 I art     : Starting a blocking GC Explicit
08-03 18:53:33.930 22395 24996 I art     : Explicit concurrent mark sweep GC freed 122(8KB) AllocSpace objects, 0(0B) LOS objects, 23% free, 51MB/67MB, paused 2.277ms total 63.979ms
08-03 18:53:33.952 22395 24996 I art     : Starting a blocking GC Explicit
08-03 18:53:34.016 22395 24996 I art     : Explicit concurrent mark sweep GC freed 3(96B) AllocSpace objects, 0(0B) LOS objects, 23% free, 51MB/67MB, paused 2.188ms total 63.343ms
08-03 18:53:34.337 25143 25143 D AndroidRuntime: >>>>>> START com.android.internal.os.RuntimeInit uid 2000 <<<<<<
08-03 18:53:34.344 25143 25143 D AndroidRuntime: CheckJNI is OFF
08-03 18:53:34.395 25143 25143 D ICU     : No timezone override file found: /data/misc/zoneinfo/current/icu/icu_tzdata.dat
08-03 18:53:34.425 22395 22423 I art     : Starting a blocking GC Explicit
08-03 18:53:34.441 25143 25143 I Radio-JNI: register_android_hardware_Radio DONE
08-03 18:53:34.473 25143 25143 D AndroidRuntime: Calling main entry com.android.commands.input.Input
08-03 18:53:34.476 25143 25143 I Input   : injectKeyEvent: KeyEvent { action=ACTION_DOWN, keyCode=KEYCODE_BACK, scanCode=0, metaState=0, flags=0x0, repeatCount=0, eventTime=644030889, downTime=644030889, deviceId=-1, source=0x101 }
08-03 18:53:34.482 25143 25143 I Input   : injectKeyEvent: KeyEvent { action=ACTION_UP, keyCode=KEYCODE_BACK, scanCode=0, metaState=0, flags=0x0, repeatCount=0, eventTime=644030889, downTime=644030889, deviceId=-1, source=0x101 }
08-03 18:53:34.490 22395 22423 I art     : Explicit concurrent mark sweep GC freed 1444(85KB) AllocSpace objects, 1(20KB) LOS objects, 23% free, 51MB/67MB, paused 2.971ms total 65.164ms
08-03 18:53:34.513 22395 22423 I art     : Starting a blocking GC Explicit
08-03 18:53:34.513 22395 22395 D ItemlistFragment: onEventMainThread() called with: event = [DownloadEvent{update=DownloaderUpdate{downloaders=[], feedIds=[], mediaIds=[]}}]
08-03 18:53:34.516 22395 22419 D DBReader: getFeed() called with: feedId = [2]
08-03 18:53:34.517 25143 25143 D AndroidRuntime: Shutting down VM
08-03 18:53:34.518   918  3263 D ConnectivityService: releasing NetworkRequest NetworkRequest [ id=2287, legacyType=-1, [ Capabilities: INTERNET&NOT_RESTRICTED&TRUSTED] ]
08-03 18:53:34.521 22395 22419 D DBReader: getFeedItemList() called with: feed = [baseline.de.danoeh.antennapod.core.feed.Feed@2]
08-03 18:53:34.556 22395 22395 D FeedMenuHandler: Preparing options menu
08-03 18:53:34.586 22395 22423 I art     : Explicit concurrent mark sweep GC freed 3175(119KB) AllocSpace objects, 0(0B) LOS objects, 23% free, 52MB/68MB, paused 3.677ms total 72.682ms
08-03 18:53:34.607 22395 22423 I art     : Starting a blocking GC Explicit
08-03 18:53:34.627 22395 22419 W PodDBAdapter: Length of id array is larger than 800. Creating multiple cursors
08-03 18:53:34.645 22395 23326 D ApOkHttpUrlLoader: buildLoadData() called with: model = [http://static.libsyn.com/p/assets/7/1/f/3/71f3014e14ef2722/JREiTunesImage2.jpg], width = [1440], height = [462]
08-03 18:53:34.676 13866 13866 I GoogleInputMethodServic: GoogleInputMethodService.onFinishInput():3138 
08-03 18:53:34.680 22395 22423 I art     : Explicit concurrent mark sweep GC freed 7274(528KB) AllocSpace objects, 4(2MB) LOS objects, 23% free, 53MB/69MB, paused 2.535ms total 72.007ms
08-03 18:53:34.682 13866 13866 I GoogleInputMethodServic: GoogleInputMethodService.onStartInput():1808 
08-03 18:53:34.703 22395 22423 I art     : Starting a blocking GC Explicit
08-03 18:53:34.736 22395 22419 D DBReader: getFavoriteIDList() called
08-03 18:53:34.737 22395 22419 D DBReader: getQueueIDList() called
08-03 18:53:34.739 22395 22419 D DBReader: Extracting Feedlist
08-03 18:53:34.743 22395 23326 D ApOkHttpUrlLoader: buildLoadData() called with: model = [http://static.libsyn.com/p/assets/7/1/f/3/71f3014e14ef2722/JREiTunesImage2.jpg], width = [1440], height = [462]
08-03 18:53:34.767 22395 22395 D FeedMenuHandler: Preparing options menu
08-03 18:53:34.767 22395 22423 I art     : Explicit concurrent mark sweep GC freed 34068(2MB) AllocSpace objects, 4(236KB) LOS objects, 22% free, 54MB/70MB, paused 2.698ms total 64.485ms
08-03 18:53:34.788 22395 22423 I art     : Starting a blocking GC Explicit
08-03 18:53:34.845 22395 22423 I art     : Explicit concurrent mark sweep GC freed 2756(113KB) AllocSpace objects, 1(16KB) LOS objects, 22% free, 54MB/70MB, paused 1.821ms total 57.535ms
08-03 18:53:35.253 22395 23788 I art     : Starting a blocking GC Explicit
08-03 18:53:35.335 22395 23788 I art     : Explicit concurrent mark sweep GC freed 2415(153KB) AllocSpace objects, 1(20KB) LOS objects, 22% free, 54MB/70MB, paused 2.337ms total 81.644ms
08-03 18:53:35.363 22395 23788 I art     : Starting a blocking GC Explicit
08-03 18:53:35.429 22395 23788 I art     : Explicit concurrent mark sweep GC freed 54(1616B) AllocSpace objects, 0(0B) LOS objects, 22% free, 54MB/70MB, paused 2.329ms total 65.820ms
08-03 18:53:35.453 22395 23788 I art     : Starting a blocking GC Explicit
08-03 18:53:35.525 22395 23788 I art     : Explicit concurrent mark sweep GC freed 3(96B) AllocSpace objects, 0(0B) LOS objects, 22% free, 54MB/70MB, paused 2.369ms total 70.853ms
08-03 18:53:35.553 22395 23788 I art     : Starting a blocking GC Explicit
08-03 18:53:35.627 22395 23788 I art     : Explicit concurrent mark sweep GC freed 3(96B) AllocSpace objects, 0(0B) LOS objects, 22% free, 54MB/70MB, paused 3.566ms total 73.773ms
08-03 18:53:35.650 22395 23788 I art     : Starting a blocking GC Explicit
08-03 18:53:35.717 22395 23788 I art     : Explicit concurrent mark sweep GC freed 3(96B) AllocSpace objects, 0(0B) LOS objects, 22% free, 54MB/70MB, paused 2.283ms total 66.563ms
08-03 18:53:36.113 22395 22407 I art     : Starting a blocking GC Explicit
08-03 18:53:36.186 22395 22407 I art     : Explicit concurrent mark sweep GC freed 1386(83KB) AllocSpace objects, 1(20KB) LOS objects, 22% free, 54MB/70MB, paused 2.417ms total 72.977ms
08-03 18:53:36.210 22395 22407 I art     : Starting a blocking GC Explicit
08-03 18:53:36.270 22395 22407 I art     : Explicit concurrent mark sweep GC freed 33(1072B) AllocSpace objects, 0(0B) LOS objects, 22% free, 54MB/70MB, paused 2.197ms total 59.437ms
08-03 18:53:36.293 22395 22407 I art     : Starting a blocking GC Explicit
08-03 18:53:36.356 22395 22407 I art     : Explicit concurrent mark sweep GC freed 13(416B) AllocSpace objects, 0(0B) LOS objects, 22% free, 54MB/70MB, paused 2.135ms total 62.479ms
08-03 18:53:36.378 22395 22407 I art     : Starting a blocking GC Explicit
08-03 18:53:36.431 25179 25179 D AndroidRuntime: >>>>>> START com.android.internal.os.RuntimeInit uid 2000 <<<<<<
08-03 18:53:36.437 25179 25179 D AndroidRuntime: CheckJNI is OFF
08-03 18:53:36.439 22395 22407 I art     : Explicit concurrent mark sweep GC freed 33(912B) AllocSpace objects, 0(0B) LOS objects, 22% free, 54MB/70MB, paused 2.311ms total 60.514ms
08-03 18:53:36.461 22395 22407 I art     : Starting a blocking GC Explicit
08-03 18:53:36.489 25179 25179 D ICU     : No timezone override file found: /data/misc/zoneinfo/current/icu/icu_tzdata.dat
08-03 18:53:36.522 22395 22407 I art     : Explicit concurrent mark sweep GC freed 3(96B) AllocSpace objects, 0(0B) LOS objects, 22% free, 54MB/70MB, paused 2.247ms total 61.047ms
08-03 18:53:36.535 25179 25179 I Radio-JNI: register_android_hardware_Radio DONE
08-03 18:53:36.569 25179 25179 D AndroidRuntime: Calling main entry com.android.commands.input.Input
08-03 18:53:36.571 25179 25179 I Input   : injectMotionEvent: MotionEvent { action=ACTION_DOWN, actionButton=0, id[0]=0, x[0]=103.0, y[0]=192.0, toolType[0]=TOOL_TYPE_UNKNOWN, buttonState=0, metaState=0, flags=0x0, edgeFlags=0x0, pointerCount=1, historySize=0, eventTime=644032984, downTime=644032984, deviceId=0, source=0x1002 }
08-03 18:53:36.576 25179 25179 I Input   : injectMotionEvent: MotionEvent { action=ACTION_UP, actionButton=0, id[0]=0, x[0]=103.0, y[0]=192.0, toolType[0]=TOOL_TYPE_UNKNOWN, buttonState=0, metaState=0, flags=0x0, edgeFlags=0x0, pointerCount=1, historySize=0, eventTime=644032984, downTime=644032984, deviceId=0, source=0x1002 }
08-03 18:53:36.578 25179 25179 D AndroidRuntime: Shutting down VM
08-03 18:53:36.591   512  2967 D audio_hw_primary: out_set_parameters: enter: usecase(1: low-latency-playback) kvpairs: routing=2
08-03 18:53:36.604   512  2967 D audio_hw_primary: select_devices: out_snd_device(2: speaker) in_snd_device(0: none)
08-03 18:53:36.604   512  2967 D msm8974_platform: platform_send_audio_calibration: sending audio calibration for snd_device(2) acdb_id(15)
08-03 18:53:36.604   512  2967 I soundtrigger: audio_extn_sound_trigger_update_device_status: device 0x2 of type 0 for Event 1
08-03 18:53:36.615   512  2967 D audio_hw_primary: enable_snd_device: snd_device(2: speaker)
08-03 18:53:36.618   512  2967 D audio_hw_primary: enable_audio_route: apply and update mixer path: low-latency-playback speaker
08-03 18:53:36.927 22395 22423 I art     : Starting a blocking GC Explicit
08-03 18:53:36.946   518   646 I ThermalEngine: ACTION: GPU - Setting GPU[0] to 450000000
08-03 18:53:36.985 22395 22423 I art     : Explicit concurrent mark sweep GC freed 1801(103KB) AllocSpace objects, 1(20KB) LOS objects, 22% free, 54MB/70MB, paused 1.445ms total 57.479ms
08-03 18:53:37.000 22395 22423 I art     : Starting a blocking GC Explicit
08-03 18:53:37.051 22395 22423 I art     : Explicit concurrent mark sweep GC freed 46(1680B) AllocSpace objects, 0(0B) LOS objects, 22% free, 54MB/70MB, paused 1.500ms total 50.469ms
08-03 18:53:37.067 22395 22423 I art     : Starting a blocking GC Explicit
08-03 18:53:37.118 22395 22423 I art     : Explicit concurrent mark sweep GC freed 5(160B) AllocSpace objects, 0(0B) LOS objects, 22% free, 54MB/70MB, paused 1.561ms total 50.847ms
08-03 18:53:37.133 22395 22423 I art     : Starting a blocking GC Explicit
08-03 18:53:37.170   512  2967 D audio_hw_primary: disable_audio_route: reset and update mixer path: low-latency-playback speaker
08-03 18:53:37.171   512  2967 D audio_hw_primary: disable_snd_device: snd_device(2: speaker)
08-03 18:53:37.179   512  2967 I soundtrigger: audio_extn_sound_trigger_update_device_status: device 0x2 of type 0 for Event 0
08-03 18:53:37.181 22395 22423 I art     : Explicit concurrent mark sweep GC freed 3(96B) AllocSpace objects, 0(0B) LOS objects, 22% free, 54MB/70MB, paused 1.326ms total 47.780ms
08-03 18:53:37.196 22395 22423 I art     : Starting a blocking GC Explicit
08-03 18:53:37.246 22395 22423 I art     : Explicit concurrent mark sweep GC freed 3(96B) AllocSpace objects, 0(0B) LOS objects, 22% free, 54MB/70MB, paused 1.357ms total 49.138ms
08-03 18:53:37.611 22395 23788 I art     : Starting a blocking GC Explicit
08-03 18:53:37.678 22395 23788 I art     : Explicit concurrent mark sweep GC freed 2110(107KB) AllocSpace objects, 1(20KB) LOS objects, 22% free, 54MB/70MB, paused 1.693ms total 67.358ms
08-03 18:53:37.697 22395 23788 I art     : Starting a blocking GC Explicit
08-03 18:53:37.750 22395 23788 I art     : Explicit concurrent mark sweep GC freed 25(816B) AllocSpace objects, 0(0B) LOS objects, 22% free, 54MB/70MB, paused 1.446ms total 52.502ms
08-03 18:53:37.765 22395 23788 I art     : Starting a blocking GC Explicit
08-03 18:53:37.817 22395 23788 I art     : Explicit concurrent mark sweep GC freed 3(96B) AllocSpace objects, 0(0B) LOS objects, 22% free, 54MB/70MB, paused 1.450ms total 52.100ms
08-03 18:53:37.833 22395 23788 I art     : Starting a blocking GC Explicit
08-03 18:53:37.879 22395 23788 I art     : Explicit concurrent mark sweep GC freed 3(96B) AllocSpace objects, 0(0B) LOS objects, 22% free, 54MB/70MB, paused 1.424ms total 46.432ms
08-03 18:53:37.893 22395 23788 I art     : Starting a blocking GC Explicit
08-03 18:53:37.944   518   646 I ThermalEngine: ACTION: GPU - Setting GPU[0] to 390000000
08-03 18:53:37.950 22395 23788 I art     : Explicit concurrent mark sweep GC freed 3(96B) AllocSpace objects, 0(0B) LOS objects, 22% free, 54MB/70MB, paused 2.348ms total 56.372ms
08-03 18:53:38.354 22395 22407 I art     : Starting a blocking GC Explicit
08-03 18:53:38.420 22395 22407 I art     : Explicit concurrent mark sweep GC freed 2289(113KB) AllocSpace objects, 1(20KB) LOS objects, 22% free, 54MB/70MB, paused 2.187ms total 65.965ms
08-03 18:53:38.443 22395 22407 I art     : Starting a blocking GC Explicit
08-03 18:53:38.467 25223 25223 D AndroidRuntime: >>>>>> START com.android.internal.os.RuntimeInit uid 2000 <<<<<<
08-03 18:53:38.472 25223 25223 D AndroidRuntime: CheckJNI is OFF
08-03 18:53:38.501 22395 22407 I art     : Explicit concurrent mark sweep GC freed 57(1696B) AllocSpace objects, 0(0B) LOS objects, 22% free, 54MB/70MB, paused 2.256ms total 57.957ms
08-03 18:53:38.522 22395 22407 I art     : Starting a blocking GC Explicit
08-03 18:53:38.526 25223 25223 D ICU     : No timezone override file found: /data/misc/zoneinfo/current/icu/icu_tzdata.dat
08-03 18:53:38.570 25223 25223 I Radio-JNI: register_android_hardware_Radio DONE
08-03 18:53:38.583 22395 22407 I art     : Explicit concurrent mark sweep GC freed 3(96B) AllocSpace objects, 0(0B) LOS objects, 22% free, 54MB/70MB, paused 2.235ms total 60.695ms
08-03 18:53:38.602 25223 25223 D AndroidRuntime: Calling main entry com.android.commands.input.Input
08-03 18:53:38.605 25223 25223 I Input   : injectMotionEvent: MotionEvent { action=ACTION_DOWN, actionButton=0, id[0]=0, x[0]=409.0, y[0]=1034.0, toolType[0]=TOOL_TYPE_UNKNOWN, buttonState=0, metaState=0, flags=0x0, edgeFlags=0x0, pointerCount=1, historySize=0, eventTime=644035017, downTime=644035017, deviceId=0, source=0x1002 }
08-03 18:53:38.605 22395 22407 I art     : Starting a blocking GC Explicit
08-03 18:53:38.612 25223 25223 I Input   : injectMotionEvent: MotionEvent { action=ACTION_UP, actionButton=0, id[0]=0, x[0]=409.0, y[0]=1034.0, toolType[0]=TOOL_TYPE_UNKNOWN, buttonState=0, metaState=0, flags=0x0, edgeFlags=0x0, pointerCount=1, historySize=0, eventTime=644035017, downTime=644035017, deviceId=0, source=0x1002 }
08-03 18:53:38.615 25223 25223 D AndroidRuntime: Shutting down VM
08-03 18:53:38.668 22395 22407 I art     : Explicit concurrent mark sweep GC freed 40(1360B) AllocSpace objects, 0(0B) LOS objects, 22% free, 54MB/70MB, paused 2.199ms total 63.185ms
08-03 18:53:38.679 22395 22395 D MainActivity: loadFragment(index: 5, args: null)
08-03 18:53:38.679 22395 22395 D MainActivity: loadFragment(tag: AddFeedFragment, args: null)
08-03 18:53:38.681 22395 22395 D MainActivity: saveLastNavFragment(tag: AddFeedFragment)
08-03 18:53:38.681 22395 22395 D MainActivity: getLastNavFragment() -> AddFeedFragment
08-03 18:53:38.682   512  2967 D audio_hw_primary: out_set_parameters: enter: usecase(1: low-latency-playback) kvpairs: routing=2
08-03 18:53:38.692 22395 22407 I art     : Starting a blocking GC Explicit
08-03 18:53:38.696   512  2967 D audio_hw_primary: select_devices: out_snd_device(2: speaker) in_snd_device(0: none)
08-03 18:53:38.696   512  2967 D msm8974_platform: platform_send_audio_calibration: sending audio calibration for snd_device(2) acdb_id(15)
08-03 18:53:38.696   512  2967 I soundtrigger: audio_extn_sound_trigger_update_device_status: device 0x2 of type 0 for Event 1
08-03 18:53:38.707   512  2967 D audio_hw_primary: enable_snd_device: snd_device(2: speaker)
08-03 18:53:38.710   512  2967 D audio_hw_primary: enable_audio_route: apply and update mixer path: low-latency-playback speaker
08-03 18:53:38.748 13866 13866 I GoogleInputMethodServic: GoogleInputMethodService.onFinishInput():3138 
08-03 18:53:38.749 13866 13866 I GoogleInputMethodServic: GoogleInputMethodService.onStartInput():1808 
08-03 18:53:38.755 22395 22407 I art     : Explicit concurrent mark sweep GC freed 1670(88KB) AllocSpace objects, 1(20KB) LOS objects, 22% free, 54MB/70MB, paused 2.508ms total 63.568ms
08-03 18:53:38.756 22395 22406 I art     : WaitForGcToComplete blocked for 63.863ms for cause HeapTrim
08-03 18:53:39.122 13866 13866 I GoogleInputMethodServic: GoogleInputMethodService.onFinishInput():3138 
08-03 18:53:39.125 13866 13866 I GoogleInputMethodServic: GoogleInputMethodService.onStartInput():1808 
08-03 18:53:39.174 22395 23788 I art     : Starting a blocking GC Explicit
08-03 18:53:39.245 22395 23788 I art     : Explicit concurrent mark sweep GC freed 2563(133KB) AllocSpace objects, 1(20KB) LOS objects, 22% free, 54MB/70MB, paused 2.395ms total 70.445ms
08-03 18:53:39.259   512  2967 D audio_hw_primary: disable_audio_route: reset and update mixer path: low-latency-playback speaker
08-03 18:53:39.261   512  2967 D audio_hw_primary: disable_snd_device: snd_device(2: speaker)
08-03 18:53:39.268 22395 23788 I art     : Starting a blocking GC Explicit
08-03 18:53:39.269   512  2967 I soundtrigger: audio_extn_sound_trigger_update_device_status: device 0x2 of type 0 for Event 0
08-03 18:53:39.324 22395 23788 I art     : Explicit concurrent mark sweep GC freed 31327(2MB) AllocSpace objects, 9(3MB) LOS objects, 24% free, 48MB/64MB, paused 2.233ms total 55.799ms
08-03 18:53:39.344 22395 23788 I art     : Starting a blocking GC Explicit
08-03 18:53:39.394 22395 23788 I art     : Explicit concurrent mark sweep GC freed 3(96B) AllocSpace objects, 0(0B) LOS objects, 24% free, 48MB/64MB, paused 2.258ms total 49.875ms
08-03 18:53:39.413 22395 23788 I art     : Starting a blocking GC Explicit
08-03 18:53:39.463 22395 23788 I art     : Explicit concurrent mark sweep GC freed 34(944B) AllocSpace objects, 0(0B) LOS objects, 24% free, 48MB/64MB, paused 2.196ms total 50.204ms
08-03 18:53:39.483 22395 23788 I art     : Starting a blocking GC Explicit
08-03 18:53:39.533 22395 23788 I art     : Explicit concurrent mark sweep GC freed 3(96B) AllocSpace objects, 0(0B) LOS objects, 24% free, 48MB/64MB, paused 2.261ms total 49.773ms
08-03 18:53:39.921 22395 22423 I art     : Starting a blocking GC Explicit
08-03 18:53:39.970 22395 22423 I art     : Explicit concurrent mark sweep GC freed 1381(83KB) AllocSpace objects, 1(20KB) LOS objects, 24% free, 48MB/64MB, paused 2.128ms total 48.432ms
08-03 18:53:39.989 22395 22423 I art     : Starting a blocking GC Explicit
08-03 18:53:40.038 22395 22423 I art     : Explicit concurrent mark sweep GC freed 42(1760B) AllocSpace objects, 0(0B) LOS objects, 24% free, 48MB/64MB, paused 2.312ms total 49.398ms
08-03 18:53:40.057 22395 22423 I art     : Starting a blocking GC Explicit
08-03 18:53:40.108 22395 22423 I art     : Explicit concurrent mark sweep GC freed 9(320B) AllocSpace objects, 0(0B) LOS objects, 24% free, 48MB/64MB, paused 2.299ms total 50.333ms
08-03 18:53:40.130 22395 22423 I art     : Starting a blocking GC Explicit
08-03 18:53:40.179 22395 22423 I art     : Explicit concurrent mark sweep GC freed 3(96B) AllocSpace objects, 0(0B) LOS objects, 24% free, 48MB/64MB, paused 2.373ms total 48.508ms
08-03 18:53:40.197 22395 22423 I art     : Starting a blocking GC Explicit
08-03 18:53:40.247 22395 22423 I art     : Explicit concurrent mark sweep GC freed 3(96B) AllocSpace objects, 0(0B) LOS objects, 24% free, 48MB/64MB, paused 2.092ms total 49.106ms
08-03 18:53:40.524 25266 25266 D AndroidRuntime: >>>>>> START com.android.internal.os.RuntimeInit uid 2000 <<<<<<
08-03 18:53:40.531 25266 25266 D AndroidRuntime: CheckJNI is OFF
08-03 18:53:40.592 25266 25266 D ICU     : No timezone override file found: /data/misc/zoneinfo/current/icu/icu_tzdata.dat
08-03 18:53:40.646 25266 25266 I Radio-JNI: register_android_hardware_Radio DONE
08-03 18:53:40.667 22395 22407 I art     : Starting a blocking GC Explicit
08-03 18:53:40.680 25266 25266 D AndroidRuntime: Calling main entry com.android.commands.input.Input
08-03 18:53:40.683 25266 25266 I Input   : injectMotionEvent: MotionEvent { action=ACTION_DOWN, actionButton=0, id[0]=0, x[0]=603.0, y[0]=1061.0, toolType[0]=TOOL_TYPE_UNKNOWN, buttonState=0, metaState=0, flags=0x0, edgeFlags=0x0, pointerCount=1, historySize=0, eventTime=644037094, downTime=644037094, deviceId=0, source=0x1002 }
08-03 18:53:40.689 25266 25266 I Input   : injectMotionEvent: MotionEvent { action=ACTION_UP, actionButton=0, id[0]=0, x[0]=603.0, y[0]=1061.0, toolType[0]=TOOL_TYPE_UNKNOWN, buttonState=0, metaState=0, flags=0x0, edgeFlags=0x0, pointerCount=1, historySize=0, eventTime=644037094, downTime=644037094, deviceId=0, source=0x1002 }
08-03 18:53:40.692 25266 25266 D AndroidRuntime: Shutting down VM
08-03 18:53:40.701   512  2967 D audio_hw_primary: out_set_parameters: enter: usecase(1: low-latency-playback) kvpairs: routing=2
08-03 18:53:40.714   512  2967 D audio_hw_primary: select_devices: out_snd_device(2: speaker) in_snd_device(0: none)
08-03 18:53:40.714   512  2967 D msm8974_platform: platform_send_audio_calibration: sending audio calibration for snd_device(2) acdb_id(15)
08-03 18:53:40.714   512  2967 I soundtrigger: audio_extn_sound_trigger_update_device_status: device 0x2 of type 0 for Event 1
08-03 18:53:40.725   512  2967 D audio_hw_primary: enable_snd_device: snd_device(2: speaker)
08-03 18:53:40.726 22395 22407 I art     : Explicit concurrent mark sweep GC freed 2062(134KB) AllocSpace objects, 1(20KB) LOS objects, 24% free, 49MB/65MB, paused 3.458ms total 57.570ms
08-03 18:53:40.728   512  2967 D audio_hw_primary: enable_audio_route: apply and update mixer path: low-latency-playback speaker
08-03 18:53:40.744 22395 22407 I art     : Starting a blocking GC Explicit
08-03 18:53:40.790 13866 13866 I GoogleInputMethodServic: GoogleInputMethodService.onFinishInput():3138 
08-03 18:53:40.791 13866 13866 I GoogleInputMethodServic: GoogleInputMethodService.onStartInput():1808 
08-03 18:53:40.799 22395 22407 I art     : Explicit concurrent mark sweep GC freed 1351(141KB) AllocSpace objects, 0(0B) LOS objects, 24% free, 49MB/65MB, paused 3.347ms total 55.345ms
08-03 18:53:40.817 22395 22407 I art     : Starting a blocking GC Explicit
08-03 18:53:40.868 22395 22407 I art     : Explicit concurrent mark sweep GC freed 1666(76KB) AllocSpace objects, 0(0B) LOS objects, 24% free, 49MB/65MB, paused 2.268ms total 50.962ms
08-03 18:53:40.886 22395 22407 I art     : Starting a blocking GC Explicit
08-03 18:53:40.936 22395 22407 I art     : Explicit concurrent mark sweep GC freed 1612(80KB) AllocSpace objects, 1(220KB) LOS objects, 24% free, 49MB/65MB, paused 2.495ms total 50.163ms
08-03 18:53:40.954 22395 22407 I art     : Starting a blocking GC Explicit
08-03 18:53:41.003 22395 22407 I art     : Explicit concurrent mark sweep GC freed 86(4KB) AllocSpace objects, 0(0B) LOS objects, 24% free, 49MB/65MB, paused 2.259ms total 49.139ms
08-03 18:53:41.270   512  2967 D audio_hw_primary: disable_audio_route: reset and update mixer path: low-latency-playback speaker
08-03 18:53:41.271   512  2967 D audio_hw_primary: disable_snd_device: snd_device(2: speaker)
08-03 18:53:41.281   512  2967 I soundtrigger: audio_extn_sound_trigger_update_device_status: device 0x2 of type 0 for Event 0
08-03 18:53:41.385 22395 24996 I art     : Starting a blocking GC Explicit
08-03 18:53:41.439 22395 24996 I art     : Explicit concurrent mark sweep GC freed 1578(88KB) AllocSpace objects, 1(20KB) LOS objects, 24% free, 49MB/65MB, paused 2.480ms total 53.357ms
08-03 18:53:41.458 22395 24996 I art     : Starting a blocking GC Explicit
08-03 18:53:41.508 22395 24996 I art     : Explicit concurrent mark sweep GC freed 151(4KB) AllocSpace objects, 0(0B) LOS objects, 24% free, 49MB/65MB, paused 2.571ms total 50.264ms
08-03 18:53:41.527 22395 24996 I art     : Starting a blocking GC Explicit
08-03 18:53:41.579 22395 24996 I art     : Explicit concurrent mark sweep GC freed 3313(129KB) AllocSpace objects, 0(0B) LOS objects, 24% free, 49MB/65MB, paused 2.630ms total 52.493ms
08-03 18:53:41.588 22395 25291 I NAPPA_EXPERIMENTATION: MetricNetworkRequestExecutionTime: REQUEST_DURATION_SYSTEM='815',REQUEST_DURATION_OKHTTP='39',REQUEST_SYNCHRONOUS='TRUE',RESPONSE_CODE='200',RESPONSE_METHOD='GET',RESPONSE_LENGTH_OKHTTP='37507',RESPONSE_LENGTH_HEADER='37507',REQUEST_PROTOCOL='http/1.1',REQUEST_URL='https://gpodder.net/toplist/50.json',
08-03 18:53:41.597 22395 24996 I art     : Starting a blocking GC Explicit
08-03 18:53:41.624 22395 25292 I NAPPA_EXPERIMENTATION: MetricNetworkRequestExecutionTime: REQUEST_DURATION_SYSTEM='846',REQUEST_DURATION_OKHTTP='72',REQUEST_SYNCHRONOUS='TRUE',RESPONSE_CODE='200',RESPONSE_METHOD='GET',RESPONSE_LENGTH_OKHTTP='2923',RESPONSE_LENGTH_HEADER='2923',REQUEST_PROTOCOL='http/1.1',REQUEST_URL='https://gpodder.net/api/2/tags/50.json',
08-03 18:53:41.633 22395 23326 D ApOkHttpUrlLoader: buildLoadData() called with: model = [http://sixgun.org/files/linuxoutlaws.jpg], width = [224], height = [224]
08-03 18:53:41.635 22395 23143 D DBReader: getImageAuthentication() called with: imageUrl = [http://sixgun.org/files/linuxoutlaws.jpg]
08-03 18:53:41.640 22395 23143 D ApOkHttpUrlLoader: no credentials for 'http://sixgun.org/files/linuxoutlaws.jpg'
08-03 18:53:41.650 22395 24996 I art     : Explicit concurrent mark sweep GC freed 3274(299KB) AllocSpace objects, 2(116KB) LOS objects, 24% free, 49MB/65MB, paused 2.885ms total 52.251ms
08-03 18:53:41.653 22395 23326 D ApOkHttpUrlLoader: buildLoadData() called with: model = [https://files.thisamericanlife.org/sites/all/themes/thislife/img/tal-name-1400x1400.png], width = [224], height = [224]
08-03 18:53:41.655 22395 23149 D DBReader: getImageAuthentication() called with: imageUrl = [https://files.thisamericanlife.org/sites/all/themes/thislife/img/tal-name-1400x1400.png]
08-03 18:53:41.659 22395 23149 D ApOkHttpUrlLoader: no credentials for 'https://files.thisamericanlife.org/sites/all/themes/thislife/img/tal-name-1400x1400.png'
08-03 18:53:41.661 22395 23326 D ApOkHttpUrlLoader: buildLoadData() called with: model = [https://elroy.twit.tv/sites/default/files/styles/twit_album_art_2048x2048/public/images/shows/floss_weekly/album_art/audio/floss_albumart_mask.jpg?itok=IUjxKpwt], width = [224], height = [224]
08-03 18:53:41.664 22395 23146 D DBReader: getImageAuthentication() called with: imageUrl = [https://elroy.twit.tv/sites/default/files/styles/twit_album_art_2048x2048/public/images/shows/floss_weekly/album_art/audio/floss_albumart_mask.jpg?itok=IUjxKpwt]
08-03 18:53:41.667 22395 24996 I art     : Starting a blocking GC Explicit
08-03 18:53:41.670 22395 23146 D ApOkHttpUrlLoader: no credentials for 'https://elroy.twit.tv/sites/default/files/styles/twit_album_art_2048x2048/public/images/shows/floss_weekly/album_art/audio/floss_albumart_mask.jpg?itok=IUjxKpwt'
08-03 18:53:41.670 22395 23326 D ApOkHttpUrlLoader: buildLoadData() called with: model = [http://ichef.bbci.co.uk/images/ic/3000x3000/p07kfvzb.jpg], width = [224], height = [224]
08-03 18:53:41.673 22395 23148 D DBReader: getImageAuthentication() called with: imageUrl = [http://ichef.bbci.co.uk/images/ic/3000x3000/p07kfvzb.jpg]
08-03 18:53:41.677 22395 23148 D ApOkHttpUrlLoader: no credentials for 'http://ichef.bbci.co.uk/images/ic/3000x3000/p07kfvzb.jpg'
08-03 18:53:41.682 22395 23326 D ApOkHttpUrlLoader: buildLoadData() called with: model = [https://pl.tedcdn.com/rss_feed_images/ted_talks_main_podcast/video.png], width = [224], height = [224]
08-03 18:53:41.684 22395 23145 D DBReader: getImageAuthentication() called with: imageUrl = [https://pl.tedcdn.com/rss_feed_images/ted_talks_main_podcast/video.png]
08-03 18:53:41.688 22395 23145 D ApOkHttpUrlLoader: no credentials for 'https://pl.tedcdn.com/rss_feed_images/ted_talks_main_podcast/video.png'
08-03 18:53:41.690 22395 23326 D ApOkHttpUrlLoader: buildLoadData() called with: model = [https://elroy.twit.tv/sites/default/files/styles/twit_album_art_2048x2048/public/images/shows/this_week_in_tech/album_art/audio/twit1400audio.jpg?itok=J0vhatZb], width = [224], height = [224]
08-03 18:53:41.693 22395 23147 D DBReader: getImageAuthentication() called with: imageUrl = [https://elroy.twit.tv/sites/default/files/styles/twit_album_art_2048x2048/public/images/shows/this_week_in_tech/album_art/audio/twit1400audio.jpg?itok=J0vhatZb]
08-03 18:53:41.697 22395 23147 D ApOkHttpUrlLoader: no credentials for 'https://elroy.twit.tv/sites/default/files/styles/twit_album_art_2048x2048/public/images/shows/this_week_in_tech/album_art/audio/twit1400audio.jpg?itok=J0vhatZb'
08-03 18:53:41.698 22395 23326 D ApOkHttpUrlLoader: buildLoadData() called with: model = [http://ichef.bbci.co.uk/images/ic/3000x3000/p03gtk3j.jpg], width = [224], height = [224]
08-03 18:53:41.700 22395 23144 D DBReader: getImageAuthentication() called with: imageUrl = [http://ichef.bbci.co.uk/images/ic/3000x3000/p03gtk3j.jpg]
08-03 18:53:41.701 22395 23143 D DBWriter: updateFeedDownloadURL(original: http://sixgun.org/files/linuxoutlaws.jpg, updated: https://fab.industries/sixgun/files/linuxoutlaws.jpg)
08-03 18:53:41.704 22395 23144 D ApOkHttpUrlLoader: no credentials for 'http://ichef.bbci.co.uk/images/ic/3000x3000/p03gtk3j.jpg'
08-03 18:53:41.719 22395 24996 I art     : Explicit concurrent mark sweep GC freed 3891(235KB) AllocSpace objects, 1(76KB) LOS objects, 24% free, 49MB/65MB, paused 3.290ms total 52.492ms
08-03 18:53:41.763 22395 23148 D MYTAG   : interceptor 2a
08-03 18:53:41.763 22395 23148 I NAPPA_EXPERIMENTATION: MetricNetworkRequestExecutionTime: REQUEST_DURATION_SYSTEM='86',REQUEST_DURATION_OKHTTP='82',REQUEST_SYNCHRONOUS='TRUE',RESPONSE_CODE='200',RESPONSE_METHOD='GET',RESPONSE_LENGTH_OKHTTP='589826',RESPONSE_LENGTH_HEADER='589826',REQUEST_PROTOCOL='http/1.1',REQUEST_URL='http://ichef.bbci.co.uk/images/ic/3000x3000/p07kfvzb.jpg',
08-03 18:53:41.821 22395 23144 D MYTAG   : interceptor 2a
08-03 18:53:41.821 22395 23144 I NAPPA_EXPERIMENTATION: MetricNetworkRequestExecutionTime: REQUEST_DURATION_SYSTEM='117',REQUEST_DURATION_OKHTTP='103',REQUEST_SYNCHRONOUS='TRUE',RESPONSE_CODE='200',RESPONSE_METHOD='GET',RESPONSE_LENGTH_OKHTTP='814284',RESPONSE_LENGTH_HEADER='814284',REQUEST_PROTOCOL='http/1.1',REQUEST_URL='http://ichef.bbci.co.uk/images/ic/3000x3000/p03gtk3j.jpg',
08-03 18:53:41.989 22395 23149 D MYTAG   : interceptor 2a
08-03 18:53:41.990 22395 23149 I NAPPA_EXPERIMENTATION: MetricNetworkRequestExecutionTime: REQUEST_DURATION_SYSTEM='329',REQUEST_DURATION_OKHTTP='56',REQUEST_SYNCHRONOUS='TRUE',RESPONSE_CODE='200',RESPONSE_METHOD='GET',RESPONSE_LENGTH_OKHTTP='52553',RESPONSE_LENGTH_HEADER='52553',REQUEST_PROTOCOL='http/1.1',REQUEST_URL='https://files.thisamericanlife.org/sites/all/themes/thislife/img/tal-name-1400x1400.png',
08-03 18:53:42.097 22395 23147 D MYTAG   : interceptor 2a
08-03 18:53:42.097 22395 23147 I NAPPA_EXPERIMENTATION: MetricNetworkRequestExecutionTime: REQUEST_DURATION_SYSTEM='400',REQUEST_DURATION_OKHTTP='185',REQUEST_SYNCHRONOUS='TRUE',RESPONSE_CODE='200',RESPONSE_METHOD='GET',RESPONSE_LENGTH_OKHTTP='465707',RESPONSE_LENGTH_HEADER='465707',REQUEST_PROTOCOL='h2',REQUEST_URL='https://elroy.twit.tv/sites/default/files/styles/twit_album_art_2048x2048/public/images/shows/this_week_in_tech/album_art/audio/twit1400audio.jpg?itok=J0vhatZb',
08-03 18:53:42.111 22395 22407 I art     : Starting a blocking GC Explicit
08-03 18:53:42.119 22395 23145 D MYTAG   : interceptor 2a
08-03 18:53:42.119 22395 23145 I NAPPA_EXPERIMENTATION: MetricNetworkRequestExecutionTime: REQUEST_DURATION_SYSTEM='431',REQUEST_DURATION_OKHTTP='200',REQUEST_SYNCHRONOUS='TRUE',RESPONSE_CODE='200',RESPONSE_METHOD='GET',RESPONSE_LENGTH_OKHTTP='89986',RESPONSE_LENGTH_HEADER='89986',REQUEST_PROTOCOL='h2',REQUEST_URL='https://pl.tedcdn.com/rss_feed_images/ted_talks_main_podcast/video.png',
08-03 18:53:42.165 22395 23143 D MYTAG   : interceptor 2a
08-03 18:53:42.165 22395 23143 I NAPPA_EXPERIMENTATION: MetricNetworkRequestExecutionTime: REQUEST_DURATION_SYSTEM='525',REQUEST_DURATION_OKHTTP='219',REQUEST_SYNCHRONOUS='TRUE',RESPONSE_CODE='404',RESPONSE_METHOD='GET',RESPONSE_LENGTH_OKHTTP='-1',RESPONSE_LENGTH_HEADER='1503',REQUEST_PROTOCOL='h2',REQUEST_URL='https://fab.industries/sixgun/files/linuxoutlaws.jpg',
08-03 18:53:42.168 22395 22407 I art     : Explicit concurrent mark sweep GC freed 13930(767KB) AllocSpace objects, 1(20KB) LOS objects, 24% free, 50MB/66MB, paused 2.780ms total 57.002ms
08-03 18:53:42.169 22395 22395 W Glide   : Load failed for http://sixgun.org/files/linuxoutlaws.jpg with size [224x224]
08-03 18:53:42.169 22395 22395 W Glide   : class com.bumptech.glide.load.engine.GlideException: Failed to load resource
08-03 18:53:42.169 22395 22395 W Glide   : There was 1 cause:
08-03 18:53:42.169 22395 22395 W Glide   : com.bumptech.glide.load.HttpException()
08-03 18:53:42.169 22395 22395 W Glide   :  call GlideException#logRootCauses(String) for more detail
08-03 18:53:42.169 22395 22395 W Glide   :   Cause (1 of 1): class com.bumptech.glide.load.engine.GlideException: Fetching data failed, class java.io.InputStream, REMOTE
08-03 18:53:42.169 22395 22395 W Glide   : There was 1 cause:
08-03 18:53:42.169 22395 22395 W Glide   : com.bumptech.glide.load.HttpException()
08-03 18:53:42.169 22395 22395 W Glide   :  call GlideException#logRootCauses(String) for more detail
08-03 18:53:42.169 22395 22395 W Glide   :     Cause (1 of 1): class com.bumptech.glide.load.HttpException: 
08-03 18:53:42.170 22395 22395 I Glide   : Root cause (1 of 1)
08-03 18:53:42.170 22395 22395 I Glide   : com.bumptech.glide.load.HttpException: 
08-03 18:53:42.170 22395 22395 I Glide   : 	at com.bumptech.glide.integration.okhttp3.OkHttpStreamFetcher.onResponse(OkHttpStreamFetcher.java:73)
08-03 18:53:42.170 22395 22395 I Glide   : 	at okhttp3.RealCall$AsyncCall.execute(RealCall.java:174)
08-03 18:53:42.170 22395 22395 I Glide   : 	at okhttp3.internal.NamedRunnable.run(NamedRunnable.java:32)
08-03 18:53:42.170 22395 22395 I Glide   : 	at java.util.concurrent.ThreadPoolExecutor.runWorker(ThreadPoolExecutor.java:1113)
08-03 18:53:42.170 22395 22395 I Glide   : 	at java.util.concurrent.ThreadPoolExecutor$Worker.run(ThreadPoolExecutor.java:588)
08-03 18:53:42.170 22395 22395 I Glide   : 	at java.lang.Thread.run(Thread.java:818)
08-03 18:53:42.172 22395 22395 W Glide   : Load failed for http://sixgun.org/files/linuxoutlaws.jpg with size [224x224]
08-03 18:53:42.172 22395 22395 W Glide   : class com.bumptech.glide.load.engine.GlideException: Failed to load resource
08-03 18:53:42.172 22395 22395 W Glide   : There was 1 cause:
08-03 18:53:42.172 22395 22395 W Glide   : com.bumptech.glide.load.HttpException()
08-03 18:53:42.172 22395 22395 W Glide   :  call GlideException#logRootCauses(String) for more detail
08-03 18:53:42.172 22395 22395 W Glide   :   Cause (1 of 1): class com.bumptech.glide.load.engine.GlideException: Fetching data failed, class java.io.InputStream, REMOTE
08-03 18:53:42.172 22395 22395 W Glide   : There was 1 cause:
08-03 18:53:42.172 22395 22395 W Glide   : com.bumptech.glide.load.HttpException()
08-03 18:53:42.172 22395 22395 W Glide   :  call GlideException#logRootCauses(String) for more detail
08-03 18:53:42.172 22395 22395 W Glide   :     Cause (1 of 1): class com.bumptech.glide.load.HttpException: 
08-03 18:53:42.172 22395 22395 I Glide   : Root cause (1 of 1)
08-03 18:53:42.172 22395 22395 I Glide   : com.bumptech.glide.load.HttpException: 
08-03 18:53:42.172 22395 22395 I Glide   : 	at com.bumptech.glide.integration.okhttp3.OkHttpStreamFetcher.onResponse(OkHttpStreamFetcher.java:73)
08-03 18:53:42.172 22395 22395 I Glide   : 	at okhttp3.RealCall$AsyncCall.execute(RealCall.java:174)
08-03 18:53:42.172 22395 22395 I Glide   : 	at okhttp3.internal.NamedRunnable.run(NamedRunnable.java:32)
08-03 18:53:42.172 22395 22395 I Glide   : 	at java.util.concurrent.ThreadPoolExecutor.runWorker(ThreadPoolExecutor.java:1113)
08-03 18:53:42.172 22395 22395 I Glide   : 	at java.util.concurrent.ThreadPoolExecutor$Worker.run(ThreadPoolExecutor.java:588)
08-03 18:53:42.172 22395 22395 I Glide   : 	at java.lang.Thread.run(Thread.java:818)
08-03 18:53:42.187 22395 22407 I art     : Starting a blocking GC Explicit
08-03 18:53:42.238 22395 22407 I art     : Explicit concurrent mark sweep GC freed 1561(147KB) AllocSpace objects, 0(0B) LOS objects, 24% free, 50MB/66MB, paused 2.653ms total 50.628ms
08-03 18:53:42.241 22395 23146 D MYTAG   : interceptor 2a
08-03 18:53:42.243 22395 23146 I NAPPA_EXPERIMENTATION: MetricNetworkRequestExecutionTime: REQUEST_DURATION_SYSTEM='571',REQUEST_DURATION_OKHTTP='323',REQUEST_SYNCHRONOUS='TRUE',RESPONSE_CODE='200',RESPONSE_METHOD='GET',RESPONSE_LENGTH_OKHTTP='297964',RESPONSE_LENGTH_HEADER='297964',REQUEST_PROTOCOL='h2',REQUEST_URL='https://elroy.twit.tv/sites/default/files/styles/twit_album_art_2048x2048/public/images/shows/floss_weekly/album_art/audio/floss_albumart_mask.jpg?itok=IUjxKpwt',
08-03 18:53:42.256 22395 22407 I art     : Starting a blocking GC Explicit
08-03 18:53:42.315 22395 22407 I art     : Explicit concurrent mark sweep GC freed 467(175KB) AllocSpace objects, 0(0B) LOS objects, 23% free, 50MB/66MB, paused 2.504ms total 58.221ms
08-03 18:53:42.333 22395 22407 I art     : Starting a blocking GC Explicit
08-03 18:53:42.344 22395 23326 D ApOkHttpUrlLoader: buildLoadData() called with: model = [http://sixgun.org/files/linuxoutlaws.jpg], width = [224], height = [224]
08-03 18:53:42.346 22395 23146 D DBReader: getImageAuthentication() called with: imageUrl = [http://sixgun.org/files/linuxoutlaws.jpg]
08-03 18:53:42.350 22395 23146 D ApOkHttpUrlLoader: no credentials for 'http://sixgun.org/files/linuxoutlaws.jpg'
08-03 18:53:42.387 22395 22407 I art     : Explicit concurrent mark sweep GC freed 636(65KB) AllocSpace objects, 0(0B) LOS objects, 23% free, 50MB/66MB, paused 2.498ms total 52.985ms
08-03 18:53:42.404 22395 22407 I art     : Starting a blocking GC Explicit
08-03 18:53:42.408 22395 23146 D DBWriter: updateFeedDownloadURL(original: http://sixgun.org/files/linuxoutlaws.jpg, updated: https://fab.industries/sixgun/files/linuxoutlaws.jpg)
08-03 18:53:42.455 22395 22407 I art     : Explicit concurrent mark sweep GC freed 591(25KB) AllocSpace objects, 0(0B) LOS objects, 23% free, 50MB/66MB, paused 2.434ms total 50.831ms
08-03 18:53:42.558 22395 23146 D MYTAG   : interceptor 2a
08-03 18:53:42.559 22395 23146 I NAPPA_EXPERIMENTATION: MetricNetworkRequestExecutionTime: REQUEST_DURATION_SYSTEM='208',REQUEST_DURATION_OKHTTP='145',REQUEST_SYNCHRONOUS='TRUE',RESPONSE_CODE='404',RESPONSE_METHOD='GET',RESPONSE_LENGTH_OKHTTP='-1',RESPONSE_LENGTH_HEADER='1503',REQUEST_PROTOCOL='h2',REQUEST_URL='https://fab.industries/sixgun/files/linuxoutlaws.jpg',
08-03 18:53:42.563 22395 22395 W Glide   : Load failed for http://sixgun.org/files/linuxoutlaws.jpg with size [224x224]
08-03 18:53:42.563 22395 22395 W Glide   : class com.bumptech.glide.load.engine.GlideException: Failed to load resource
08-03 18:53:42.563 22395 22395 W Glide   : There was 1 cause:
08-03 18:53:42.563 22395 22395 W Glide   : com.bumptech.glide.load.HttpException()
08-03 18:53:42.563 22395 22395 W Glide   :  call GlideException#logRootCauses(String) for more detail
08-03 18:53:42.563 22395 22395 W Glide   :   Cause (1 of 1): class com.bumptech.glide.load.engine.GlideException: Fetching data failed, class java.io.InputStream, REMOTE
08-03 18:53:42.563 22395 22395 W Glide   : There was 1 cause:
08-03 18:53:42.563 22395 22395 W Glide   : com.bumptech.glide.load.HttpException()
08-03 18:53:42.563 22395 22395 W Glide   :  call GlideException#logRootCauses(String) for more detail
08-03 18:53:42.563 22395 22395 W Glide   :     Cause (1 of 1): class com.bumptech.glide.load.HttpException: 
08-03 18:53:42.564 22395 22395 I Glide   : Root cause (1 of 1)
08-03 18:53:42.564 22395 22395 I Glide   : com.bumptech.glide.load.HttpException: 
08-03 18:53:42.564 22395 22395 I Glide   : 	at com.bumptech.glide.integration.okhttp3.OkHttpStreamFetcher.onResponse(OkHttpStreamFetcher.java:73)
08-03 18:53:42.564 22395 22395 I Glide   : 	at okhttp3.RealCall$AsyncCall.execute(RealCall.java:174)
08-03 18:53:42.564 22395 22395 I Glide   : 	at okhttp3.internal.NamedRunnable.run(NamedRunnable.java:32)
08-03 18:53:42.564 22395 22395 I Glide   : 	at java.util.concurrent.ThreadPoolExecutor.runWorker(ThreadPoolExecutor.java:1113)
08-03 18:53:42.564 22395 22395 I Glide   : 	at java.util.concurrent.ThreadPoolExecutor$Worker.run(ThreadPoolExecutor.java:588)
08-03 18:53:42.564 22395 22395 I Glide   : 	at java.lang.Thread.run(Thread.java:818)
08-03 18:53:42.850 22395 23788 I art     : Starting a blocking GC Explicit
08-03 18:53:42.919 22395 23788 I art     : Explicit concurrent mark sweep GC freed 2143(163KB) AllocSpace objects, 1(20KB) LOS objects, 23% free, 50MB/66MB, paused 3.052ms total 68.364ms
08-03 18:53:42.942 22395 23788 I art     : Starting a blocking GC Explicit
08-03 18:53:42.998 22395 23788 I art     : Explicit concurrent mark sweep GC freed 57(2032B) AllocSpace objects, 0(0B) LOS objects, 23% free, 50MB/66MB, paused 2.429ms total 55.515ms
08-03 18:53:43.018 22395 23788 I art     : Starting a blocking GC Explicit
08-03 18:53:43.076 22395 23788 I art     : Explicit concurrent mark sweep GC freed 3(96B) AllocSpace objects, 0(0B) LOS objects, 23% free, 50MB/66MB, paused 2.665ms total 56.867ms
08-03 18:53:43.100 22395 23788 I art     : Starting a blocking GC Explicit
08-03 18:53:43.158 22395 23788 I art     : Explicit concurrent mark sweep GC freed 3(96B) AllocSpace objects, 0(0B) LOS objects, 23% free, 50MB/66MB, paused 2.212ms total 57.167ms
08-03 18:53:43.177 22395 23788 I art     : Starting a blocking GC Explicit
08-03 18:53:43.241 22395 23788 I art     : Explicit concurrent mark sweep GC freed 4(128B) AllocSpace objects, 0(0B) LOS objects, 23% free, 50MB/66MB, paused 3.282ms total 62.441ms
08-03 18:53:43.649 22395 22408 I art     : Starting a blocking GC Explicit
08-03 18:53:43.716 22395 22408 I art     : Explicit concurrent mark sweep GC freed 1458(83KB) AllocSpace objects, 1(20KB) LOS objects, 23% free, 50MB/66MB, paused 2.529ms total 66.506ms
08-03 18:53:43.738 22395 22408 I art     : Starting a blocking GC Explicit
08-03 18:53:43.794 22395 22408 I art     : Explicit concurrent mark sweep GC freed 40(1328B) AllocSpace objects, 0(0B) LOS objects, 23% free, 50MB/66MB, paused 2.249ms total 55.570ms
08-03 18:53:43.813 22395 22408 I art     : Starting a blocking GC Explicit
08-03 18:53:43.870 22395 22408 I art     : Explicit concurrent mark sweep GC freed 3(96B) AllocSpace objects, 0(0B) LOS objects, 23% free, 50MB/66MB, paused 2.723ms total 56.270ms
08-03 18:53:43.894 22395 22408 I art     : Starting a blocking GC Explicit
08-03 18:53:43.954 22395 22408 I art     : Explicit concurrent mark sweep GC freed 3(96B) AllocSpace objects, 0(0B) LOS objects, 23% free, 50MB/66MB, paused 2.290ms total 59.139ms
08-03 18:53:43.974 22395 22408 I art     : Starting a blocking GC Explicit
08-03 18:53:44.029 22395 22408 I art     : Explicit concurrent mark sweep GC freed 3(96B) AllocSpace objects, 0(0B) LOS objects, 23% free, 50MB/66MB, paused 2.373ms total 55.369ms
08-03 18:53:44.465 22395 23788 I art     : Starting a blocking GC Explicit
08-03 18:53:44.534 22395 23788 I art     : Explicit concurrent mark sweep GC freed 1407(81KB) AllocSpace objects, 1(20KB) LOS objects, 23% free, 50MB/66MB, paused 2.819ms total 67.665ms
08-03 18:53:44.558 22395 23788 I art     : Starting a blocking GC Explicit
08-03 18:53:44.616 22395 23788 I art     : Explicit concurrent mark sweep GC freed 23(752B) AllocSpace objects, 0(0B) LOS objects, 23% free, 50MB/66MB, paused 2.186ms total 57.438ms
08-03 18:53:44.640 22395 23788 I art     : Starting a blocking GC Explicit
08-03 18:53:44.700 22395 23788 I art     : Explicit concurrent mark sweep GC freed 3(96B) AllocSpace objects, 0(0B) LOS objects, 23% free, 50MB/66MB, paused 2.455ms total 59.102ms
08-03 18:53:44.719 22395 23788 I art     : Starting a blocking GC Explicit
08-03 18:53:44.780 22395 23788 I art     : Explicit concurrent mark sweep GC freed 3(96B) AllocSpace objects, 0(0B) LOS objects, 23% free, 50MB/66MB, paused 2.965ms total 59.814ms
08-03 18:53:44.802 22395 23788 I art     : Starting a blocking GC Explicit
08-03 18:53:44.859 22395 23788 I art     : Explicit concurrent mark sweep GC freed 3(96B) AllocSpace objects, 0(0B) LOS objects, 23% free, 50MB/66MB, paused 2.478ms total 55.863ms
08-03 18:53:45.006   918  6110 I ActivityManager: Killing 18959:com.android.vending:download_service/u0a22 (adj 15): empty #17
08-03 18:53:45.271 22395 22408 I art     : Starting a blocking GC Explicit
08-03 18:53:45.338 22395 22408 I art     : Explicit concurrent mark sweep GC freed 1419(82KB) AllocSpace objects, 1(20KB) LOS objects, 23% free, 50MB/66MB, paused 2.589ms total 66.961ms
08-03 18:53:45.362 22395 22408 I art     : Starting a blocking GC Explicit
08-03 18:53:45.423 22395 22408 I art     : Explicit concurrent mark sweep GC freed 29(976B) AllocSpace objects, 0(0B) LOS objects, 23% free, 50MB/66MB, paused 2.563ms total 60.388ms
08-03 18:53:45.447 22395 22408 I art     : Starting a blocking GC Explicit
08-03 18:53:45.507 22395 22408 I art     : Explicit concurrent mark sweep GC freed 32(880B) AllocSpace objects, 0(0B) LOS objects, 23% free, 50MB/66MB, paused 2.632ms total 59.716ms
08-03 18:53:45.531 22395 22408 I art     : Starting a blocking GC Explicit
08-03 18:53:45.591 22395 22408 I art     : Explicit concurrent mark sweep GC freed 3(96B) AllocSpace objects, 0(0B) LOS objects, 23% free, 50MB/66MB, paused 2.601ms total 59.369ms
08-03 18:53:45.616 22395 22408 I art     : Starting a blocking GC Explicit
08-03 18:53:45.675 22395 22408 I art     : Explicit concurrent mark sweep GC freed 3(96B) AllocSpace objects, 0(0B) LOS objects, 23% free, 50MB/66MB, paused 2.882ms total 58.512ms
08-03 18:53:45.956   518   646 I ThermalEngine: ACTION: GPU - Setting GPU[0] to 450000000
08-03 18:53:46.057 22395 23788 I art     : Starting a blocking GC Explicit
08-03 18:53:46.071 24424 24424 I ServiceManager: Waiting for service AtCmdFwd...
08-03 18:53:46.113 22395 23788 I art     : Explicit concurrent mark sweep GC freed 1380(81KB) AllocSpace objects, 1(20KB) LOS objects, 23% free, 50MB/66MB, paused 1.590ms total 55.609ms
08-03 18:53:46.129 22395 23788 I art     : Starting a blocking GC Explicit
08-03 18:53:46.176 22395 23788 I art     : Explicit concurrent mark sweep GC freed 23(752B) AllocSpace objects, 0(0B) LOS objects, 23% free, 50MB/66MB, paused 1.563ms total 47.198ms
08-03 18:53:46.190 22395 23788 I art     : Starting a blocking GC Explicit
08-03 18:53:46.237 22395 23788 I art     : Explicit concurrent mark sweep GC freed 3(96B) AllocSpace objects, 0(0B) LOS objects, 23% free, 50MB/66MB, paused 1.653ms total 46.846ms
08-03 18:53:46.251 22395 23788 I art     : Starting a blocking GC Explicit
08-03 18:53:46.298 22395 23788 I art     : Explicit concurrent mark sweep GC freed 3(96B) AllocSpace objects, 0(0B) LOS objects, 23% free, 50MB/66MB, paused 1.695ms total 47.241ms
08-03 18:53:46.312 22395 23788 I art     : Starting a blocking GC Explicit
08-03 18:53:46.360 22395 23788 I art     : Explicit concurrent mark sweep GC freed 3(96B) AllocSpace objects, 0(0B) LOS objects, 23% free, 50MB/66MB, paused 1.644ms total 47.893ms
08-03 18:53:46.763 22395 22407 I art     : Starting a blocking GC Explicit
08-03 18:53:46.821 22395 22407 I art     : Explicit concurrent mark sweep GC freed 1408(82KB) AllocSpace objects, 1(20KB) LOS objects, 23% free, 50MB/66MB, paused 1.578ms total 56.666ms
08-03 18:53:46.837 22395 22407 I art     : Starting a blocking GC Explicit
08-03 18:53:46.888 22395 22407 I art     : Explicit concurrent mark sweep GC freed 23(752B) AllocSpace objects, 0(0B) LOS objects, 23% free, 50MB/66MB, paused 1.616ms total 50.635ms
08-03 18:53:46.902 22395 22407 I art     : Starting a blocking GC Explicit
08-03 18:53:46.948 22395 22407 I art     : Explicit concurrent mark sweep GC freed 3(96B) AllocSpace objects, 0(0B) LOS objects, 23% free, 50MB/66MB, paused 1.682ms total 45.965ms
08-03 18:53:46.961 22395 22407 I art     : Starting a blocking GC Explicit
08-03 18:53:47.003 22395 22407 I art     : Explicit concurrent mark sweep GC freed 3(96B) AllocSpace objects, 0(0B) LOS objects, 23% free, 50MB/66MB, paused 1.387ms total 41.122ms
08-03 18:53:47.015 22395 22407 I art     : Starting a blocking GC Explicit
08-03 18:53:47.057 22395 22407 I art     : Explicit concurrent mark sweep GC freed 3(96B) AllocSpace objects, 0(0B) LOS objects, 23% free, 50MB/66MB, paused 1.545ms total 41.282ms
08-03 18:53:47.072 24424 24424 I ServiceManager: Waiting for service AtCmdFwd...
08-03 18:53:47.422 22395 24996 I art     : Starting a blocking GC Explicit
08-03 18:53:47.476 22395 24996 I art     : Explicit concurrent mark sweep GC freed 1410(82KB) AllocSpace objects, 1(20KB) LOS objects, 23% free, 50MB/66MB, paused 1.779ms total 53.348ms
08-03 18:53:47.490 22395 24996 I art     : Starting a blocking GC Explicit
08-03 18:53:47.513 25383 25383 D AndroidRuntime: >>>>>> START com.android.internal.os.RuntimeInit uid 2000 <<<<<<
08-03 18:53:47.519 25383 25383 D AndroidRuntime: CheckJNI is OFF
08-03 18:53:47.534 22395 24996 I art     : Explicit concurrent mark sweep GC freed 23(752B) AllocSpace objects, 0(0B) LOS objects, 23% free, 50MB/66MB, paused 1.565ms total 43.509ms
08-03 18:53:47.547 22395 24996 I art     : Starting a blocking GC Explicit
08-03 18:53:47.566 25383 25383 D ICU     : No timezone override file found: /data/misc/zoneinfo/current/icu/icu_tzdata.dat
08-03 18:53:47.590 22395 24996 I art     : Explicit concurrent mark sweep GC freed 3(96B) AllocSpace objects, 0(0B) LOS objects, 23% free, 50MB/66MB, paused 1.652ms total 43.090ms
08-03 18:53:47.603 22395 24996 I art     : Starting a blocking GC Explicit
08-03 18:53:47.614 25383 25383 I Radio-JNI: register_android_hardware_Radio DONE
08-03 18:53:47.643 25383 25383 D AndroidRuntime: Calling main entry com.android.commands.input.Input
08-03 18:53:47.645 25383 25383 I Input   : injectMotionEvent: MotionEvent { action=ACTION_DOWN, actionButton=0, id[0]=0, x[0]=526.0, y[0]=597.0, toolType[0]=TOOL_TYPE_UNKNOWN, buttonState=0, metaState=0, flags=0x0, edgeFlags=0x0, pointerCount=1, historySize=0, eventTime=644044058, downTime=644044058, deviceId=0, source=0x1002 }
08-03 18:53:47.646 22395 24996 I art     : Explicit concurrent mark sweep GC freed 3(96B) AllocSpace objects, 0(0B) LOS objects, 23% free, 50MB/66MB, paused 1.662ms total 42.164ms
08-03 18:53:47.651 25383 25383 I Input   : injectMotionEvent: MotionEvent { action=ACTION_UP, actionButton=0, id[0]=0, x[0]=526.0, y[0]=597.0, toolType[0]=TOOL_TYPE_UNKNOWN, buttonState=0, metaState=0, flags=0x0, edgeFlags=0x0, pointerCount=1, historySize=0, eventTime=644044058, downTime=644044058, deviceId=0, source=0x1002 }
08-03 18:53:47.654 25383 25383 D AndroidRuntime: Shutting down VM
08-03 18:53:47.658 22395 24996 I art     : Starting a blocking GC Explicit
08-03 18:53:47.701 22395 24996 I art     : Explicit concurrent mark sweep GC freed 23(736B) AllocSpace objects, 0(0B) LOS objects, 23% free, 50MB/66MB, paused 1.593ms total 42.688ms
08-03 18:53:47.719 22395 22395 D PodcastListFragment: Selected podcast: GpodnetPodcast [url=http://feeds.feedburner.com/linuxoutlaws, title=Linux Outlaws, description=Two pragmatic geeks talk about the latest news concerning Linux, free and open
08-03 18:53:47.719 22395 22395 D PodcastListFragment: technology or anything else they deem noteworthy which may include such absurd
08-03 18:53:47.719 22395 22395 D PodcastListFragment: things as hockey or bands you never heard of. This means there's many a joke
08-03 18:53:47.719 22395 22395 D PodcastListFragment: and derailed conversation along the way, so don't come here expecting only
08-03 18:53:47.719 22395 22395 D PodcastListFragment: Linux or software freedom talk  just sit back and relax, partner., subscribers=3321, logoUrl=http://sixgun.org/files/linuxoutlaws.jpg, website=http://sixgun.org, mygpoLink=http://gpodder.net/podcast/linux-outlaws-mp3]
08-03 18:53:47.720   512  2967 D audio_hw_primary: out_set_parameters: enter: usecase(1: low-latency-playback) kvpairs: routing=2
08-03 18:53:47.720   918  5481 I ActivityManager: START u0 {cmp=baseline.de.danoeh.antennapod.debug/baseline.de.danoeh.antennapod.activity.OnlineFeedViewActivity (has extras)} from uid 10633 on display 0
08-03 18:53:47.733   512  2967 D audio_hw_primary: select_devices: out_snd_device(2: speaker) in_snd_device(0: none)
08-03 18:53:47.733   512  2967 D msm8974_platform: platform_send_audio_calibration: sending audio calibration for snd_device(2) acdb_id(15)
08-03 18:53:47.734   512  2967 I soundtrigger: audio_extn_sound_trigger_update_device_status: device 0x2 of type 0 for Event 1
08-03 18:53:47.746   512  2967 D audio_hw_primary: enable_snd_device: snd_device(2: speaker)
08-03 18:53:47.749   512  2967 D audio_hw_primary: enable_audio_route: apply and update mixer path: low-latency-playback speaker
08-03 18:53:47.753 22395 22395 D UserPreferences: Using default data folder
08-03 18:53:47.754 22395 22395 D OnlineFeedViewActivity: Activity was started with url http://feeds.feedburner.com/linuxoutlaws
08-03 18:53:47.757 22395 22395 D OnlineFeedViewActivity: Starting feed download
08-03 18:53:47.760 22395 22935 D DBReader: Extracting Feedlist
08-03 18:53:47.762   918  3670 D WifiService: acquireWifiLockLocked: WifiLock{Downloader type=1 binder=android.os.BinderProxy@5b6a779}
08-03 18:53:47.763 22395 22935 D AntennapodHttpClient: Creating new instance of HTTP client
08-03 18:53:47.813 13866 13866 I GoogleInputMethodServic: GoogleInputMethodService.onFinishInput():3138 
08-03 18:53:47.814 13866 13866 I GoogleInputMethodServic: GoogleInputMethodService.onStartInput():1808 
08-03 18:53:47.832   918   936 I ActivityManager: Displayed baseline.de.danoeh.antennapod.debug/baseline.de.danoeh.antennapod.activity.OnlineFeedViewActivity: +99ms
08-03 18:53:47.871 22395 22420 D OpenGLRenderer: endAllStagingAnimators on 0x7f7c07b400 (GridView) with handle 0x7f75b56840
08-03 18:53:47.909 22395 22935 D MYTAG   : interceptor 3a http://feeds.feedburner.com/linuxoutlaws
08-03 18:53:47.910 22395 22935 I NAPPA_EXPERIMENTATION: MetricNetworkRequestExecutionTime: REQUEST_DURATION_SYSTEM='146',REQUEST_DURATION_OKHTTP='34',REQUEST_SYNCHRONOUS='TRUE',RESPONSE_CODE='200',RESPONSE_METHOD='GET',RESPONSE_LENGTH_OKHTTP='-1',RESPONSE_LENGTH_HEADER='-2',REQUEST_PROTOCOL='http/1.1',REQUEST_URL='http://feeds.feedburner.com/linuxoutlaws',
08-03 18:53:47.910 22395 22935 D HttpDownloader: Response code is 200
08-03 18:53:47.910 22395 22935 D UserPreferences: Using default data folder
08-03 18:53:47.912 22395 22935 D HttpDownloader: Getting size of download
08-03 18:53:47.913 22395 22935 D HttpDownloader: Size is -1
08-03 18:53:47.913 22395 22935 D UserPreferences: Using default data folder
08-03 18:53:47.913 22395 22935 D HttpDownloader: Free space is 20612964352
08-03 18:53:47.913 22395 22935 D HttpDownloader: Starting download
08-03 18:53:47.917 22395 22935 D HttpDownloader: Download was successful
08-03 18:53:47.921   918  6112 D WifiService: releaseWifiLockLocked: WifiLock{Downloader type=1 binder=android.os.BinderProxy@5b6a779}
08-03 18:53:47.921 22395 22395 D OnlineFeedViewActivity: Parsing feed
08-03 18:53:47.925 22395 25418 D TypeGetter: Recognized type RSS 2.0
08-03 18:53:47.927 22395 25418 D SyndHandler: Recognized Content namespace
08-03 18:53:47.928 22395 25418 D SyndHandler: Recognized DublinCore namespace
08-03 18:53:47.928 22395 25418 D SyndHandler: Recognized Atom namespace
08-03 18:53:47.928 22395 25418 D SyndHandler: Recognized ITunes namespace
08-03 18:53:47.928 22395 25418 D SyndHandler: Recognized media namespace
08-03 18:53:47.965 22395 25418 D OnlineFeedViewActivity: Deleted feed source file. Result: true
08-03 18:53:47.966 22395 22395 D OnlineFeedViewActivity: Removing HTML from shownotes
08-03 18:53:47.990 22395 23326 D ApOkHttpUrlLoader: buildLoadData() called with: model = [http://sixgun.org/files/linuxoutlaws.jpg], width = [350], height = [350]
08-03 18:53:47.993 22395 23146 D DBReader: getImageAuthentication() called with: imageUrl = [http://sixgun.org/files/linuxoutlaws.jpg]
08-03 18:53:47.999 22395 23146 D ApOkHttpUrlLoader: no credentials for 'http://sixgun.org/files/linuxoutlaws.jpg'
08-03 18:53:48.036 22395 22423 I art     : Starting a blocking GC Explicit
08-03 18:53:48.040 22395 23146 D DBWriter: updateFeedDownloadURL(original: http://sixgun.org/files/linuxoutlaws.jpg, updated: https://fab.industries/sixgun/files/linuxoutlaws.jpg)
08-03 18:53:48.072 24424 24424 I ServiceManager: Waiting for service AtCmdFwd...
08-03 18:53:48.083   380   380 W SurfaceFlinger: couldn't log to binary event log: overflow.
08-03 18:53:48.092 22395 22423 I art     : Explicit concurrent mark sweep GC freed 15230(1303KB) AllocSpace objects, 16(848KB) LOS objects, 23% free, 51MB/67MB, paused 1.945ms total 55.796ms
08-03 18:53:48.107 22395 22423 I art     : Starting a blocking GC Explicit
08-03 18:53:48.146 22395 22423 I art     : Explicit concurrent mark sweep GC freed 1495(68KB) AllocSpace objects, 0(0B) LOS objects, 23% free, 51MB/67MB, paused 1.572ms total 39.406ms
08-03 18:53:48.159 22395 22423 I art     : Starting a blocking GC Explicit
08-03 18:53:48.187 22395 23146 D MYTAG   : interceptor 2a
08-03 18:53:48.188 22395 23146 I NAPPA_EXPERIMENTATION: MetricNetworkRequestExecutionTime: REQUEST_DURATION_SYSTEM='187',REQUEST_DURATION_OKHTTP='144',REQUEST_SYNCHRONOUS='TRUE',RESPONSE_CODE='404',RESPONSE_METHOD='GET',RESPONSE_LENGTH_OKHTTP='-1',RESPONSE_LENGTH_HEADER='1503',REQUEST_PROTOCOL='h2',REQUEST_URL='https://fab.industries/sixgun/files/linuxoutlaws.jpg',
08-03 18:53:48.200 22395 22423 I art     : Explicit concurrent mark sweep GC freed 141(12KB) AllocSpace objects, 0(0B) LOS objects, 23% free, 51MB/67MB, paused 1.630ms total 40.892ms
08-03 18:53:48.207 22395 22395 D PlaybackController: Releasing PlaybackController
08-03 18:53:48.210 22395 22395 W Glide   : Load failed for http://sixgun.org/files/linuxoutlaws.jpg with size [350x350]
08-03 18:53:48.210 22395 22395 W Glide   : class com.bumptech.glide.load.engine.GlideException: Failed to load resource
08-03 18:53:48.210 22395 22395 W Glide   : There was 1 cause:
08-03 18:53:48.210 22395 22395 W Glide   : com.bumptech.glide.load.HttpException()
08-03 18:53:48.210 22395 22395 W Glide   :  call GlideException#logRootCauses(String) for more detail
08-03 18:53:48.210 22395 22395 W Glide   :   Cause (1 of 1): class com.bumptech.glide.load.engine.GlideException: Fetching data failed, class java.io.InputStream, REMOTE
08-03 18:53:48.210 22395 22395 W Glide   : There was 1 cause:
08-03 18:53:48.210 22395 22395 W Glide   : com.bumptech.glide.load.HttpException()
08-03 18:53:48.210 22395 22395 W Glide   :  call GlideException#logRootCauses(String) for more detail
08-03 18:53:48.210 22395 22395 W Glide   :     Cause (1 of 1): class com.bumptech.glide.load.HttpException: 
08-03 18:53:48.210 22395 22395 I Glide   : Root cause (1 of 1)
08-03 18:53:48.210 22395 22395 I Glide   : com.bumptech.glide.load.HttpException: 
08-03 18:53:48.210 22395 22395 I Glide   : 	at com.bumptech.glide.integration.okhttp3.OkHttpStreamFetcher.onResponse(OkHttpStreamFetcher.java:73)
08-03 18:53:48.210 22395 22395 I Glide   : 	at okhttp3.RealCall$AsyncCall.execute(RealCall.java:174)
08-03 18:53:48.210 22395 22395 I Glide   : 	at okhttp3.internal.NamedRunnable.run(NamedRunnable.java:32)
08-03 18:53:48.210 22395 22395 I Glide   : 	at java.util.concurrent.ThreadPoolExecutor.runWorker(ThreadPoolExecutor.java:1113)
08-03 18:53:48.210 22395 22395 I Glide   : 	at java.util.concurrent.ThreadPoolExecutor$Worker.run(ThreadPoolExecutor.java:588)
08-03 18:53:48.210 22395 22395 I Glide   : 	at java.lang.Thread.run(Thread.java:818)
08-03 18:53:48.214 22395 22423 I art     : Starting a blocking GC Explicit
08-03 18:53:48.254 22395 22423 I art     : Explicit concurrent mark sweep GC freed 610(51KB) AllocSpace objects, 1(112KB) LOS objects, 23% free, 51MB/67MB, paused 1.381ms total 39.840ms
08-03 18:53:48.266 22395 22423 I art     : Starting a blocking GC Explicit
08-03 18:53:48.289   512  2967 D audio_hw_primary: disable_audio_route: reset and update mixer path: low-latency-playback speaker
08-03 18:53:48.290   512  2967 D audio_hw_primary: disable_snd_device: snd_device(2: speaker)
08-03 18:53:48.298   512  2967 I soundtrigger: audio_extn_sound_trigger_update_device_status: device 0x2 of type 0 for Event 0
08-03 18:53:48.306 22395 22423 I art     : Explicit concurrent mark sweep GC freed 38(1376B) AllocSpace objects, 0(0B) LOS objects, 23% free, 51MB/67MB, paused 1.521ms total 40.229ms
08-03 18:53:48.672 22395 23788 I art     : Starting a blocking GC Explicit
08-03 18:53:48.729 22395 23788 I art     : Explicit concurrent mark sweep GC freed 1407(81KB) AllocSpace objects, 1(20KB) LOS objects, 23% free, 51MB/67MB, paused 1.866ms total 57.253ms
08-03 18:53:48.745 22395 23788 I art     : Starting a blocking GC Explicit
08-03 18:53:48.792 22395 23788 I art     : Explicit concurrent mark sweep GC freed 23(768B) AllocSpace objects, 0(0B) LOS objects, 23% free, 51MB/67MB, paused 1.509ms total 45.796ms
08-03 18:53:48.805 22395 23788 I art     : Starting a blocking GC Explicit
08-03 18:53:48.850 22395 23788 I art     : Explicit concurrent mark sweep GC freed 3(96B) AllocSpace objects, 0(0B) LOS objects, 23% free, 51MB/67MB, paused 1.586ms total 44.867ms
08-03 18:53:48.864 22395 23788 I art     : Starting a blocking GC Explicit
08-03 18:53:48.909 22395 23788 I art     : Explicit concurrent mark sweep GC freed 3(96B) AllocSpace objects, 0(0B) LOS objects, 23% free, 51MB/67MB, paused 1.598ms total 45.192ms
08-03 18:53:48.923 22395 23788 I art     : Starting a blocking GC Explicit
08-03 18:53:48.969 22395 23788 I art     : Explicit concurrent mark sweep GC freed 3(96B) AllocSpace objects, 0(0B) LOS objects, 23% free, 51MB/67MB, paused 1.623ms total 45.851ms
08-03 18:53:49.073 24424 24424 I ServiceManager: Waiting for service AtCmdFwd...
08-03 18:53:49.346 22395 22408 I art     : Starting a blocking GC Explicit
08-03 18:53:49.404 22395 22408 I art     : Explicit concurrent mark sweep GC freed 1378(80KB) AllocSpace objects, 1(20KB) LOS objects, 23% free, 51MB/67MB, paused 1.685ms total 57.739ms
08-03 18:53:49.420 22395 22408 I art     : Starting a blocking GC Explicit
08-03 18:53:49.466 22395 22408 I art     : Explicit concurrent mark sweep GC freed 52(1536B) AllocSpace objects, 0(0B) LOS objects, 23% free, 51MB/67MB, paused 1.595ms total 45.829ms
08-03 18:53:49.480 22395 22408 I art     : Starting a blocking GC Explicit
08-03 18:53:49.529 22395 22408 I art     : Explicit concurrent mark sweep GC freed 3(96B) AllocSpace objects, 0(0B) LOS objects, 23% free, 51MB/67MB, paused 1.621ms total 49.008ms
08-03 18:53:49.543 22395 22408 I art     : Starting a blocking GC Explicit
08-03 18:53:49.592 22395 22408 I art     : Explicit concurrent mark sweep GC freed 4(128B) AllocSpace objects, 0(0B) LOS objects, 23% free, 51MB/67MB, paused 1.535ms total 48.717ms
08-03 18:53:49.592 22395 22406 I art     : WaitForGcToComplete blocked for 48.837ms for cause HeapTrim
08-03 18:53:49.609 22395 22408 I art     : Starting a blocking GC Explicit
08-03 18:53:49.653 22395 22408 I art     : Explicit concurrent mark sweep GC freed 9(288B) AllocSpace objects, 0(0B) LOS objects, 23% free, 51MB/67MB, paused 1.745ms total 43.584ms
08-03 18:53:50.025 22395 22408 I art     : Starting a blocking GC Explicit
08-03 18:53:50.066 22395 22408 I art     : Explicit concurrent mark sweep GC freed 1401(81KB) AllocSpace objects, 1(20KB) LOS objects, 23% free, 51MB/67MB, paused 1.406ms total 41.178ms
08-03 18:53:50.073 24424 24424 I ServiceManager: Waiting for service AtCmdFwd...
08-03 18:53:50.078 22395 22408 I art     : Starting a blocking GC Explicit
08-03 18:53:50.117 22395 22408 I art     : Explicit concurrent mark sweep GC freed 23(752B) AllocSpace objects, 0(0B) LOS objects, 23% free, 51MB/67MB, paused 1.489ms total 38.662ms
08-03 18:53:50.129 22395 22408 I art     : Starting a blocking GC Explicit
08-03 18:53:50.168 22395 22408 I art     : Explicit concurrent mark sweep GC freed 3(96B) AllocSpace objects, 0(0B) LOS objects, 23% free, 51MB/67MB, paused 1.502ms total 38.275ms
08-03 18:53:50.180 22395 22408 I art     : Starting a blocking GC Explicit
08-03 18:53:50.223 22395 22408 I art     : Explicit concurrent mark sweep GC freed 3(96B) AllocSpace objects, 0(0B) LOS objects, 23% free, 51MB/67MB, paused 1.543ms total 42.234ms
08-03 18:53:50.236 22395 22408 I art     : Starting a blocking GC Explicit
08-03 18:53:50.282 22395 22408 I art     : Explicit concurrent mark sweep GC freed 17(544B) AllocSpace objects, 0(0B) LOS objects, 23% free, 51MB/67MB, paused 1.608ms total 46.310ms
08-03 18:53:50.705 22395 22407 I art     : Starting a blocking GC Explicit
08-03 18:53:50.761 22395 22407 I art     : Explicit concurrent mark sweep GC freed 1407(81KB) AllocSpace objects, 1(20KB) LOS objects, 23% free, 51MB/67MB, paused 1.672ms total 55.490ms
08-03 18:53:50.775 22395 22407 I art     : Starting a blocking GC Explicit
08-03 18:53:50.823 22395 22407 I art     : Explicit concurrent mark sweep GC freed 23(752B) AllocSpace objects, 0(0B) LOS objects, 23% free, 51MB/67MB, paused 1.650ms total 48.305ms
08-03 18:53:50.837 22395 22407 I art     : Starting a blocking GC Explicit
08-03 18:53:50.888 22395 22407 I art     : Explicit concurrent mark sweep GC freed 3(96B) AllocSpace objects, 0(0B) LOS objects, 23% free, 51MB/67MB, paused 1.752ms total 50.571ms
08-03 18:53:50.905 22395 22407 I art     : Starting a blocking GC Explicit
08-03 18:53:50.953 22395 22407 I art     : Explicit concurrent mark sweep GC freed 3(96B) AllocSpace objects, 0(0B) LOS objects, 23% free, 51MB/67MB, paused 1.632ms total 47.545ms
08-03 18:53:50.966 22395 22407 I art     : Starting a blocking GC Explicit
08-03 18:53:51.017 22395 22407 I art     : Explicit concurrent mark sweep GC freed 3(96B) AllocSpace objects, 0(0B) LOS objects, 23% free, 51MB/67MB, paused 1.644ms total 50.128ms
08-03 18:53:51.073 24424 24424 W Atfwd_Sendcmd: AtCmdFwd service not published, waiting... retryCnt : 4
08-03 18:53:51.400 22395 24996 I art     : Starting a blocking GC Explicit
08-03 18:53:51.456 22395 24996 I art     : Explicit concurrent mark sweep GC freed 1407(81KB) AllocSpace objects, 1(20KB) LOS objects, 23% free, 51MB/67MB, paused 1.611ms total 55.765ms
08-03 18:53:51.471 22395 24996 I art     : Starting a blocking GC Explicit
08-03 18:53:51.522 22395 24996 I art     : Explicit concurrent mark sweep GC freed 23(752B) AllocSpace objects, 0(0B) LOS objects, 23% free, 51MB/67MB, paused 1.654ms total 50.451ms
08-03 18:53:51.536 22395 24996 I art     : Starting a blocking GC Explicit
08-03 18:53:51.584 22395 24996 I art     : Explicit concurrent mark sweep GC freed 3(96B) AllocSpace objects, 0(0B) LOS objects, 23% free, 51MB/67MB, paused 1.606ms total 47.719ms
08-03 18:53:51.598 22395 24996 I art     : Starting a blocking GC Explicit
08-03 18:53:51.648 22395 24996 I art     : Explicit concurrent mark sweep GC freed 3(96B) AllocSpace objects, 0(0B) LOS objects, 23% free, 51MB/67MB, paused 1.753ms total 48.931ms
08-03 18:53:51.662 22395 24996 I art     : Starting a blocking GC Explicit
08-03 18:53:51.710 22395 24996 I art     : Explicit concurrent mark sweep GC freed 3(96B) AllocSpace objects, 0(0B) LOS objects, 23% free, 51MB/67MB, paused 1.674ms total 48.506ms
08-03 18:53:52.079 22395 22423 I art     : Starting a blocking GC Explicit
08-03 18:53:52.129 22395 22423 I art     : Explicit concurrent mark sweep GC freed 1380(83KB) AllocSpace objects, 1(20KB) LOS objects, 23% free, 51MB/67MB, paused 1.768ms total 49.435ms
08-03 18:53:52.143 22395 22423 I art     : Starting a blocking GC Explicit
08-03 18:53:52.188 22395 22423 I art     : Explicit concurrent mark sweep GC freed 23(752B) AllocSpace objects, 0(0B) LOS objects, 23% free, 51MB/67MB, paused 1.647ms total 45.252ms
08-03 18:53:52.202 22395 22423 I art     : Starting a blocking GC Explicit
08-03 18:53:52.248 22395 22423 I art     : Explicit concurrent mark sweep GC freed 3(96B) AllocSpace objects, 0(0B) LOS objects, 23% free, 51MB/67MB, paused 1.716ms total 46.382ms
08-03 18:53:52.262 22395 22423 I art     : Starting a blocking GC Explicit
08-03 18:53:52.309 22395 22423 I art     : Explicit concurrent mark sweep GC freed 3(96B) AllocSpace objects, 0(0B) LOS objects, 23% free, 51MB/67MB, paused 1.612ms total 46.721ms
08-03 18:53:52.322 22395 22423 I art     : Starting a blocking GC Explicit
08-03 18:53:52.370 22395 22423 I art     : Explicit concurrent mark sweep GC freed 3(96B) AllocSpace objects, 0(0B) LOS objects, 23% free, 51MB/67MB, paused 1.695ms total 47.457ms
08-03 18:53:52.464 25471 25471 D AndroidRuntime: >>>>>> START com.android.internal.os.RuntimeInit uid 2000 <<<<<<
08-03 18:53:52.472 25471 25471 D AndroidRuntime: CheckJNI is OFF
08-03 18:53:52.521 25471 25471 D ICU     : No timezone override file found: /data/misc/zoneinfo/current/icu/icu_tzdata.dat
08-03 18:53:52.566 25471 25471 I Radio-JNI: register_android_hardware_Radio DONE
08-03 18:53:52.594 25471 25471 D AndroidRuntime: Calling main entry com.android.commands.input.Input
08-03 18:53:52.596 25471 25471 I Input   : injectKeyEvent: KeyEvent { action=ACTION_DOWN, keyCode=KEYCODE_BACK, scanCode=0, metaState=0, flags=0x0, repeatCount=0, eventTime=644049009, downTime=644049009, deviceId=-1, source=0x101 }
08-03 18:53:52.602 25471 25471 I Input   : injectKeyEvent: KeyEvent { action=ACTION_UP, keyCode=KEYCODE_BACK, scanCode=0, metaState=0, flags=0x0, repeatCount=0, eventTime=644049009, downTime=644049009, deviceId=-1, source=0x101 }
08-03 18:53:52.607 25471 25471 D AndroidRuntime: Shutting down VM
08-03 18:53:52.612 22395 22395 V PlaybackController: initServiceNotRunning()
08-03 18:53:52.612 22395 22395 D ExternalPlayerFragment: Loading media info
08-03 18:53:52.615 22395 23326 D ApOkHttpUrlLoader: buildLoadData() called with: model = [http://sixgun.org/files/linuxoutlaws.jpg], width = [224], height = [224]
08-03 18:53:52.616 22395 23146 D DBReader: getImageAuthentication() called with: imageUrl = [http://sixgun.org/files/linuxoutlaws.jpg]
08-03 18:53:52.618 22395 22395 D UserPreferences: Using default data folder
08-03 18:53:52.618 22395 22935 D DBReader: getNavDrawerData() called with: 
08-03 18:53:52.620 22395 23146 D ApOkHttpUrlLoader: no credentials for 'http://sixgun.org/files/linuxoutlaws.jpg'
08-03 18:53:52.635 22395 22935 D DBReader: getDownloadedItems() called
08-03 18:53:52.636 22395 22935 D DBReader: getFavoriteIDList() called
08-03 18:53:52.637 22395 22935 D DBReader: getQueueIDList() called
08-03 18:53:52.638 22395 22935 D DBReader: Extracting Feedlist
08-03 18:53:52.654 13866 13866 I GoogleInputMethodServic: GoogleInputMethodService.onFinishInput():3138 
08-03 18:53:52.655 13866 13866 I GoogleInputMethodServic: GoogleInputMethodService.onStartInput():1808 
08-03 18:53:52.677 22395 22395 D MainActivity: getLastNavFragment() -> AddFeedFragment
08-03 18:53:52.718 22395 23146 D DBWriter: updateFeedDownloadURL(original: http://sixgun.org/files/linuxoutlaws.jpg, updated: https://fab.industries/sixgun/files/linuxoutlaws.jpg)
08-03 18:53:52.740 22395 22408 I art     : Starting a blocking GC Explicit
08-03 18:53:52.786 22395 22408 I art     : Explicit concurrent mark sweep GC freed 3134(186KB) AllocSpace objects, 1(20KB) LOS objects, 23% free, 51MB/67MB, paused 1.647ms total 46.131ms
08-03 18:53:52.802 22395 22408 I art     : Starting a blocking GC Explicit
08-03 18:53:52.854 22395 22408 I art     : Explicit concurrent mark sweep GC freed 494(26KB) AllocSpace objects, 0(0B) LOS objects, 23% free, 51MB/67MB, paused 1.515ms total 52.067ms
08-03 18:53:52.868 22395 23146 D MYTAG   : interceptor 2a
08-03 18:53:52.868 22395 23146 I NAPPA_EXPERIMENTATION: MetricNetworkRequestExecutionTime: REQUEST_DURATION_SYSTEM='247',REQUEST_DURATION_OKHTTP='146',REQUEST_SYNCHRONOUS='TRUE',RESPONSE_CODE='404',RESPONSE_METHOD='GET',RESPONSE_LENGTH_OKHTTP='-1',RESPONSE_LENGTH_HEADER='1503',REQUEST_PROTOCOL='h2',REQUEST_URL='https://fab.industries/sixgun/files/linuxoutlaws.jpg',
08-03 18:53:52.869 22395 22395 W Glide   : Load failed for http://sixgun.org/files/linuxoutlaws.jpg with size [224x224]
08-03 18:53:52.869 22395 22395 W Glide   : class com.bumptech.glide.load.engine.GlideException: Failed to load resource
08-03 18:53:52.869 22395 22395 W Glide   : There was 1 cause:
08-03 18:53:52.869 22395 22395 W Glide   : com.bumptech.glide.load.HttpException()
08-03 18:53:52.869 22395 22395 W Glide   :  call GlideException#logRootCauses(String) for more detail
08-03 18:53:52.869 22395 22395 W Glide   :   Cause (1 of 1): class com.bumptech.glide.load.engine.GlideException: Fetching data failed, class java.io.InputStream, REMOTE
08-03 18:53:52.869 22395 22395 W Glide   : There was 1 cause:
08-03 18:53:52.869 22395 22395 W Glide   : com.bumptech.glide.load.HttpException()
08-03 18:53:52.869 22395 22395 W Glide   :  call GlideException#logRootCauses(String) for more detail
08-03 18:53:52.869 22395 22395 W Glide   :     Cause (1 of 1): class com.bumptech.glide.load.HttpException: 
08-03 18:53:52.870 22395 22395 I Glide   : Root cause (1 of 1)
08-03 18:53:52.870 22395 22395 I Glide   : com.bumptech.glide.load.HttpException: 
08-03 18:53:52.870 22395 22395 I Glide   : 	at com.bumptech.glide.integration.okhttp3.OkHttpStreamFetcher.onResponse(OkHttpStreamFetcher.java:73)
08-03 18:53:52.870 22395 22395 I Glide   : 	at okhttp3.RealCall$AsyncCall.execute(RealCall.java:174)
08-03 18:53:52.870 22395 22395 I Glide   : 	at okhttp3.internal.NamedRunnable.run(NamedRunnable.java:32)
08-03 18:53:52.870 22395 22395 I Glide   : 	at java.util.concurrent.ThreadPoolExecutor.runWorker(ThreadPoolExecutor.java:1113)
08-03 18:53:52.870 22395 22395 I Glide   : 	at java.util.concurrent.ThreadPoolExecutor$Worker.run(ThreadPoolExecutor.java:588)
08-03 18:53:52.870 22395 22395 I Glide   : 	at java.lang.Thread.run(Thread.java:818)
08-03 18:53:52.870 22395 22395 W Glide   : Load failed for http://sixgun.org/files/linuxoutlaws.jpg with size [224x224]
08-03 18:53:52.870 22395 22395 W Glide   : class com.bumptech.glide.load.engine.GlideException: Failed to load resource
08-03 18:53:52.870 22395 22395 W Glide   : There was 1 cause:
08-03 18:53:52.870 22395 22395 W Glide   : com.bumptech.glide.load.HttpException()
08-03 18:53:52.870 22395 22395 W Glide   :  call GlideException#logRootCauses(String) for more detail
08-03 18:53:52.870 22395 22395 W Glide   :   Cause (1 of 1): class com.bumptech.glide.load.engine.GlideException: Fetching data failed, class java.io.InputStream, REMOTE
08-03 18:53:52.870 22395 22395 W Glide   : There was 1 cause:
08-03 18:53:52.870 22395 22395 W Glide   : com.bumptech.glide.load.HttpException()
08-03 18:53:52.870 22395 22395 W Glide   :  call GlideException#logRootCauses(String) for more detail
08-03 18:53:52.870 22395 22395 W Glide   :     Cause (1 of 1): class com.bumptech.glide.load.HttpException: 
08-03 18:53:52.871 22395 22395 I Glide   : Root cause (1 of 1)
08-03 18:53:52.871 22395 22395 I Glide   : com.bumptech.glide.load.HttpException: 
08-03 18:53:52.871 22395 22395 I Glide   : 	at com.bumptech.glide.integration.okhttp3.OkHttpStreamFetcher.onResponse(OkHttpStreamFetcher.java:73)
08-03 18:53:52.871 22395 22395 I Glide   : 	at okhttp3.RealCall$AsyncCall.execute(RealCall.java:174)
08-03 18:53:52.871 22395 22395 I Glide   : 	at okhttp3.internal.NamedRunnable.run(NamedRunnable.java:32)
08-03 18:53:52.871 22395 22395 I Glide   : 	at java.util.concurrent.ThreadPoolExecutor.runWorker(ThreadPoolExecutor.java:1113)
08-03 18:53:52.871 22395 22395 I Glide   : 	at java.util.concurrent.ThreadPoolExecutor$Worker.run(ThreadPoolExecutor.java:588)
08-03 18:53:52.871 22395 22395 I Glide   : 	at java.lang.Thread.run(Thread.java:818)
08-03 18:53:52.872 22395 22408 I art     : Starting a blocking GC Explicit
08-03 18:53:52.925 22395 22408 I art     : Explicit concurrent mark sweep GC freed 572(75KB) AllocSpace objects, 0(0B) LOS objects, 23% free, 51MB/67MB, paused 1.762ms total 53.238ms
08-03 18:53:52.942 22395 22408 I art     : Starting a blocking GC Explicit
08-03 18:53:52.970   380   380 W SurfaceFlinger: couldn't log to binary event log: overflow.
08-03 18:53:52.988 22395 22408 I art     : Explicit concurrent mark sweep GC freed 510(21KB) AllocSpace objects, 0(0B) LOS objects, 23% free, 51MB/67MB, paused 1.642ms total 45.331ms
08-03 18:53:53.002 22395 22408 I art     : Starting a blocking GC Explicit
08-03 18:53:53.042 22395 22408 I art     : Explicit concurrent mark sweep GC freed 104(4KB) AllocSpace objects, 0(0B) LOS objects, 23% free, 51MB/67MB, paused 1.501ms total 40.439ms
08-03 18:53:53.411 22395 22423 I art     : Starting a blocking GC Explicit
08-03 18:53:53.470 22395 22423 I art     : Explicit concurrent mark sweep GC freed 4261(319KB) AllocSpace objects, 2(48KB) LOS objects, 23% free, 50MB/66MB, paused 1.820ms total 59.341ms
08-03 18:53:53.487 22395 22423 I art     : Starting a blocking GC Explicit
08-03 18:53:53.531 22395 22423 I art     : Explicit concurrent mark sweep GC freed 23(752B) AllocSpace objects, 0(0B) LOS objects, 23% free, 50MB/66MB, paused 1.565ms total 44.155ms
08-03 18:53:53.544 22395 22423 I art     : Starting a blocking GC Explicit
08-03 18:53:53.589 22395 22423 I art     : Explicit concurrent mark sweep GC freed 3(96B) AllocSpace objects, 0(0B) LOS objects, 23% free, 50MB/66MB, paused 1.579ms total 44.392ms
08-03 18:53:53.602 22395 22423 I art     : Starting a blocking GC Explicit
08-03 18:53:53.645 22395 22423 I art     : Explicit concurrent mark sweep GC freed 3(96B) AllocSpace objects, 0(0B) LOS objects, 23% free, 50MB/66MB, paused 1.563ms total 42.910ms
08-03 18:53:53.659 22395 22423 I art     : Starting a blocking GC Explicit
08-03 18:53:53.703 22395 22423 I art     : Explicit concurrent mark sweep GC freed 3(96B) AllocSpace objects, 0(0B) LOS objects, 23% free, 50MB/66MB, paused 1.636ms total 43.909ms
08-03 18:53:54.053 22395 23788 I art     : Starting a blocking GC Explicit
08-03 18:53:54.099 22395 23788 I art     : Explicit concurrent mark sweep GC freed 1380(81KB) AllocSpace objects, 1(20KB) LOS objects, 23% free, 50MB/66MB, paused 1.731ms total 45.663ms
08-03 18:53:54.112 22395 23788 I art     : Starting a blocking GC Explicit
08-03 18:53:54.154 22395 23788 I art     : Explicit concurrent mark sweep GC freed 23(752B) AllocSpace objects, 0(0B) LOS objects, 23% free, 50MB/66MB, paused 1.512ms total 41.960ms
08-03 18:53:54.167 22395 23788 I art     : Starting a blocking GC Explicit
08-03 18:53:54.209 22395 23788 I art     : Explicit concurrent mark sweep GC freed 3(96B) AllocSpace objects, 0(0B) LOS objects, 23% free, 50MB/66MB, paused 1.661ms total 42.163ms
08-03 18:53:54.222 22395 23788 I art     : Starting a blocking GC Explicit
08-03 18:53:54.268 22395 23788 I art     : Explicit concurrent mark sweep GC freed 10(320B) AllocSpace objects, 0(0B) LOS objects, 23% free, 50MB/66MB, paused 1.613ms total 45.332ms
08-03 18:53:54.282 22395 23788 I art     : Starting a blocking GC Explicit
08-03 18:53:54.324 22395 23788 I art     : Explicit concurrent mark sweep GC freed 15(480B) AllocSpace objects, 0(0B) LOS objects, 23% free, 50MB/66MB, paused 1.790ms total 42.005ms
08-03 18:53:54.413 25516 25516 D AndroidRuntime: >>>>>> START com.android.internal.os.RuntimeInit uid 2000 <<<<<<
08-03 18:53:54.420 25516 25516 D AndroidRuntime: CheckJNI is OFF
08-03 18:53:54.461 25516 25516 D ICU     : No timezone override file found: /data/misc/zoneinfo/current/icu/icu_tzdata.dat
08-03 18:53:54.502 25516 25516 I Radio-JNI: register_android_hardware_Radio DONE
08-03 18:53:54.531 25516 25516 D AndroidRuntime: Calling main entry com.android.commands.input.Input
08-03 18:53:54.533 25516 25516 I Input   : injectMotionEvent: MotionEvent { action=ACTION_DOWN, actionButton=0, id[0]=0, x[0]=526.0, y[0]=597.0, toolType[0]=TOOL_TYPE_UNKNOWN, buttonState=0, metaState=0, flags=0x0, edgeFlags=0x0, pointerCount=1, historySize=0, eventTime=644050946, downTime=644050946, deviceId=0, source=0x1002 }
08-03 18:53:54.541 25516 25516 I Input   : injectMotionEvent: MotionEvent { action=ACTION_UP, actionButton=0, id[0]=0, x[0]=526.0, y[0]=597.0, toolType[0]=TOOL_TYPE_UNKNOWN, buttonState=0, metaState=0, flags=0x0, edgeFlags=0x0, pointerCount=1, historySize=0, eventTime=644050946, downTime=644050946, deviceId=0, source=0x1002 }
08-03 18:53:54.543 25516 25516 D AndroidRuntime: Shutting down VM
08-03 18:53:54.608 22395 22395 D PodcastListFragment: Selected podcast: GpodnetPodcast [url=http://feeds.feedburner.com/linuxoutlaws, title=Linux Outlaws, description=Two pragmatic geeks talk about the latest news concerning Linux, free and open
08-03 18:53:54.608 22395 22395 D PodcastListFragment: technology or anything else they deem noteworthy which may include such absurd
08-03 18:53:54.608 22395 22395 D PodcastListFragment: things as hockey or bands you never heard of. This means there's many a joke
08-03 18:53:54.608 22395 22395 D PodcastListFragment: and derailed conversation along the way, so don't come here expecting only
08-03 18:53:54.608 22395 22395 D PodcastListFragment: Linux or software freedom talk  just sit back and relax, partner., subscribers=3321, logoUrl=http://sixgun.org/files/linuxoutlaws.jpg, website=http://sixgun.org, mygpoLink=http://gpodder.net/podcast/linux-outlaws-mp3]
08-03 18:53:54.609   918  6110 I ActivityManager: START u0 {cmp=baseline.de.danoeh.antennapod.debug/baseline.de.danoeh.antennapod.activity.OnlineFeedViewActivity (has extras)} from uid 10633 on display 0
08-03 18:53:54.610   512  2967 D audio_hw_primary: out_set_parameters: enter: usecase(1: low-latency-playback) kvpairs: routing=2
08-03 18:53:54.623   512  2967 D audio_hw_primary: select_devices: out_snd_device(2: speaker) in_snd_device(0: none)
08-03 18:53:54.623   512  2967 D msm8974_platform: platform_send_audio_calibration: sending audio calibration for snd_device(2) acdb_id(15)
08-03 18:53:54.623   512  2967 I soundtrigger: audio_extn_sound_trigger_update_device_status: device 0x2 of type 0 for Event 1
08-03 18:53:54.636   512  2967 D audio_hw_primary: enable_snd_device: snd_device(2: speaker)
08-03 18:53:54.642   512  2967 D audio_hw_primary: enable_audio_route: apply and update mixer path: low-latency-playback speaker
08-03 18:53:54.665 22395 22395 D UserPreferences: Using default data folder
08-03 18:53:54.665 22395 22395 D OnlineFeedViewActivity: Activity was started with url http://feeds.feedburner.com/linuxoutlaws
08-03 18:53:54.668 22395 22395 D OnlineFeedViewActivity: Starting feed download
08-03 18:53:54.670 22395 22435 D DBReader: Extracting Feedlist
08-03 18:53:54.673   918  6110 D WifiService: acquireWifiLockLocked: WifiLock{Downloader type=1 binder=android.os.BinderProxy@29e1ad2}
08-03 18:53:54.674 22395 22435 D AntennapodHttpClient: Creating new instance of HTTP client
08-03 18:53:54.691 22395 22408 I art     : Starting a blocking GC Explicit
08-03 18:53:54.717 13866 13866 I GoogleInputMethodServic: GoogleInputMethodService.onFinishInput():3138 
08-03 18:53:54.718 13866 13866 I GoogleInputMethodServic: GoogleInputMethodService.onStartInput():1808 
08-03 18:53:54.731 22395 22408 I art     : Explicit concurrent mark sweep GC freed 2837(184KB) AllocSpace objects, 1(20KB) LOS objects, 23% free, 51MB/67MB, paused 1.575ms total 39.984ms
08-03 18:53:54.739   918   936 I ActivityManager: Displayed baseline.de.danoeh.antennapod.debug/baseline.de.danoeh.antennapod.activity.OnlineFeedViewActivity: +113ms
08-03 18:53:54.746 22395 22408 I art     : Starting a blocking GC Explicit
08-03 18:53:54.774 22395 22435 D MYTAG   : interceptor 3a http://feeds.feedburner.com/linuxoutlaws
08-03 18:53:54.774 22395 22435 I NAPPA_EXPERIMENTATION: MetricNetworkRequestExecutionTime: REQUEST_DURATION_SYSTEM='99',REQUEST_DURATION_OKHTTP='39',REQUEST_SYNCHRONOUS='TRUE',RESPONSE_CODE='200',RESPONSE_METHOD='GET',RESPONSE_LENGTH_OKHTTP='-1',RESPONSE_LENGTH_HEADER='-2',REQUEST_PROTOCOL='http/1.1',REQUEST_URL='http://feeds.feedburner.com/linuxoutlaws',
08-03 18:53:54.774 22395 22435 D HttpDownloader: Response code is 200
08-03 18:53:54.774 22395 22435 D UserPreferences: Using default data folder
08-03 18:53:54.777 22395 22420 D OpenGLRenderer: endAllStagingAnimators on 0x7f7c07b400 (GridView) with handle 0x7f7e30b6e0
08-03 18:53:54.777 22395 22435 D HttpDownloader: Getting size of download
08-03 18:53:54.778 22395 22435 D HttpDownloader: Size is -1
08-03 18:53:54.778 22395 22435 D UserPreferences: Using default data folder
08-03 18:53:54.779 22395 22435 D HttpDownloader: Free space is 20612964352
08-03 18:53:54.779 22395 22435 D HttpDownloader: Starting download
08-03 18:53:54.783 22395 22435 D HttpDownloader: Download was successful
08-03 18:53:54.783   918  3696 D WifiService: releaseWifiLockLocked: WifiLock{Downloader type=1 binder=android.os.BinderProxy@29e1ad2}
08-03 18:53:54.784 22395 22395 D OnlineFeedViewActivity: Parsing feed
08-03 18:53:54.790 22395 25548 D TypeGetter: Recognized type RSS 2.0
08-03 18:53:54.791 22395 22408 I art     : Explicit concurrent mark sweep GC freed 657(107KB) AllocSpace objects, 1(20KB) LOS objects, 23% free, 51MB/67MB, paused 1.832ms total 44.261ms
08-03 18:53:54.793 22395 25548 D SyndHandler: Recognized Content namespace
08-03 18:53:54.793 22395 25548 D SyndHandler: Recognized DublinCore namespace
08-03 18:53:54.793 22395 25548 D SyndHandler: Recognized Atom namespace
08-03 18:53:54.793 22395 25548 D SyndHandler: Recognized ITunes namespace
08-03 18:53:54.793 22395 25548 D SyndHandler: Recognized media namespace
08-03 18:53:54.803 22395 22408 I art     : Starting a blocking GC Explicit
08-03 18:53:54.845 22395 25548 D OnlineFeedViewActivity: Deleted feed source file. Result: true
08-03 18:53:54.845 22395 22408 I art     : Explicit concurrent mark sweep GC freed 1917(359KB) AllocSpace objects, 2(40KB) LOS objects, 23% free, 51MB/67MB, paused 1.845ms total 41.503ms
08-03 18:53:54.845 22395 22395 D OnlineFeedViewActivity: Removing HTML from shownotes
08-03 18:53:54.857 22395 22408 I art     : Starting a blocking GC Explicit
08-03 18:53:54.867 22395 23326 D ApOkHttpUrlLoader: buildLoadData() called with: model = [http://sixgun.org/files/linuxoutlaws.jpg], width = [350], height = [350]
08-03 18:53:54.869 22395 23146 D DBReader: getImageAuthentication() called with: imageUrl = [http://sixgun.org/files/linuxoutlaws.jpg]
08-03 18:53:54.873 22395 23146 D ApOkHttpUrlLoader: no credentials for 'http://sixgun.org/files/linuxoutlaws.jpg'
08-03 18:53:54.902 22395 22408 I art     : Explicit concurrent mark sweep GC freed 3783(323KB) AllocSpace objects, 11(748KB) LOS objects, 23% free, 51MB/67MB, paused 1.691ms total 43.997ms
08-03 18:53:54.909 22395 23146 D DBWriter: updateFeedDownloadURL(original: http://sixgun.org/files/linuxoutlaws.jpg, updated: https://fab.industries/sixgun/files/linuxoutlaws.jpg)
08-03 18:53:54.915 22395 22408 I art     : Starting a blocking GC Explicit
08-03 18:53:54.964 22395 22408 I art     : Explicit concurrent mark sweep GC freed 884(44KB) AllocSpace objects, 0(0B) LOS objects, 23% free, 51MB/67MB, paused 2.103ms total 48.239ms
08-03 18:53:54.976   518   646 I ThermalEngine: ACTION: GPU - Setting GPU[0] to 390000000
08-03 18:53:54.989   380   380 W SurfaceFlinger: couldn't log to binary event log: overflow.
08-03 18:53:55.055 22395 23146 D MYTAG   : interceptor 2a
08-03 18:53:55.055 22395 23146 I NAPPA_EXPERIMENTATION: MetricNetworkRequestExecutionTime: REQUEST_DURATION_SYSTEM='182',REQUEST_DURATION_OKHTTP='143',REQUEST_SYNCHRONOUS='TRUE',RESPONSE_CODE='404',RESPONSE_METHOD='GET',RESPONSE_LENGTH_OKHTTP='-1',RESPONSE_LENGTH_HEADER='1503',REQUEST_PROTOCOL='h2',REQUEST_URL='https://fab.industries/sixgun/files/linuxoutlaws.jpg',
08-03 18:53:55.057 22395 22395 W Glide   : Load failed for http://sixgun.org/files/linuxoutlaws.jpg with size [350x350]
08-03 18:53:55.057 22395 22395 W Glide   : class com.bumptech.glide.load.engine.GlideException: Failed to load resource
08-03 18:53:55.057 22395 22395 W Glide   : There was 1 cause:
08-03 18:53:55.057 22395 22395 W Glide   : com.bumptech.glide.load.HttpException()
08-03 18:53:55.057 22395 22395 W Glide   :  call GlideException#logRootCauses(String) for more detail
08-03 18:53:55.057 22395 22395 W Glide   :   Cause (1 of 1): class com.bumptech.glide.load.engine.GlideException: Fetching data failed, class java.io.InputStream, REMOTE
08-03 18:53:55.057 22395 22395 W Glide   : There was 1 cause:
08-03 18:53:55.057 22395 22395 W Glide   : com.bumptech.glide.load.HttpException()
08-03 18:53:55.057 22395 22395 W Glide   :  call GlideException#logRootCauses(String) for more detail
08-03 18:53:55.057 22395 22395 W Glide   :     Cause (1 of 1): class com.bumptech.glide.load.HttpException: 
08-03 18:53:55.057 22395 22395 I Glide   : Root cause (1 of 1)
08-03 18:53:55.057 22395 22395 I Glide   : com.bumptech.glide.load.HttpException: 
08-03 18:53:55.057 22395 22395 I Glide   : 	at com.bumptech.glide.integration.okhttp3.OkHttpStreamFetcher.onResponse(OkHttpStreamFetcher.java:73)
08-03 18:53:55.057 22395 22395 I Glide   : 	at okhttp3.RealCall$AsyncCall.execute(RealCall.java:174)
08-03 18:53:55.057 22395 22395 I Glide   : 	at okhttp3.internal.NamedRunnable.run(NamedRunnable.java:32)
08-03 18:53:55.057 22395 22395 I Glide   : 	at java.util.concurrent.ThreadPoolExecutor.runWorker(ThreadPoolExecutor.java:1113)
08-03 18:53:55.057 22395 22395 I Glide   : 	at java.util.concurrent.ThreadPoolExecutor$Worker.run(ThreadPoolExecutor.java:588)
08-03 18:53:55.057 22395 22395 I Glide   : 	at java.lang.Thread.run(Thread.java:818)
08-03 18:53:55.136 22395 22395 D PlaybackController: Releasing PlaybackController
08-03 18:53:55.188   512  2967 D audio_hw_primary: disable_audio_route: reset and update mixer path: low-latency-playback speaker
08-03 18:53:55.189   512  2967 D audio_hw_primary: disable_snd_device: snd_device(2: speaker)
08-03 18:53:55.197   512  2967 I soundtrigger: audio_extn_sound_trigger_update_device_status: device 0x2 of type 0 for Event 0
08-03 18:53:55.381 22395 22423 I art     : Starting a blocking GC Explicit
08-03 18:53:55.445 22395 22423 I art     : Explicit concurrent mark sweep GC freed 2198(148KB) AllocSpace objects, 2(132KB) LOS objects, 23% free, 51MB/67MB, paused 2.647ms total 64.315ms
08-03 18:53:55.469 22395 22423 I art     : Starting a blocking GC Explicit
08-03 18:53:55.528 22395 22423 I art     : Explicit concurrent mark sweep GC freed 50(1792B) AllocSpace objects, 0(0B) LOS objects, 23% free, 51MB/67MB, paused 2.483ms total 58.061ms
08-03 18:53:55.548 22395 22423 I art     : Starting a blocking GC Explicit
08-03 18:53:55.606 22395 22423 I art     : Explicit concurrent mark sweep GC freed 3(96B) AllocSpace objects, 0(0B) LOS objects, 23% free, 51MB/67MB, paused 2.367ms total 57.571ms
08-03 18:53:55.626 22395 22423 I art     : Starting a blocking GC Explicit
08-03 18:53:55.685 22395 22423 I art     : Explicit concurrent mark sweep GC freed 3(96B) AllocSpace objects, 0(0B) LOS objects, 23% free, 51MB/67MB, paused 2.301ms total 58.353ms
08-03 18:53:55.705 22395 22423 I art     : Starting a blocking GC Explicit
08-03 18:53:55.764 22395 22423 I art     : Explicit concurrent mark sweep GC freed 3(96B) AllocSpace objects, 0(0B) LOS objects, 23% free, 51MB/67MB, paused 2.642ms total 58.357ms
08-03 18:53:56.184 22395 24996 I art     : Starting a blocking GC Explicit
08-03 18:53:56.256 22395 24996 I art     : Explicit concurrent mark sweep GC freed 1381(81KB) AllocSpace objects, 1(20KB) LOS objects, 23% free, 51MB/67MB, paused 2.766ms total 70.824ms
08-03 18:53:56.281 22395 24996 I art     : Starting a blocking GC Explicit
08-03 18:53:56.338 22395 24996 I art     : Explicit concurrent mark sweep GC freed 23(752B) AllocSpace objects, 0(0B) LOS objects, 23% free, 51MB/67MB, paused 2.499ms total 56.480ms
08-03 18:53:56.358 22395 24996 I art     : Starting a blocking GC Explicit
08-03 18:53:56.417 22395 24996 I art     : Explicit concurrent mark sweep GC freed 3(96B) AllocSpace objects, 0(0B) LOS objects, 23% free, 51MB/67MB, paused 2.303ms total 57.794ms
08-03 18:53:56.437 22395 24996 I art     : Starting a blocking GC Explicit
08-03 18:53:56.503 22395 24996 I art     : Explicit concurrent mark sweep GC freed 35(976B) AllocSpace objects, 0(0B) LOS objects, 23% free, 51MB/67MB, paused 3.210ms total 65.516ms
08-03 18:53:56.525 22395 24996 I art     : Starting a blocking GC Explicit
08-03 18:53:56.581 22395 24996 I art     : Explicit concurrent mark sweep GC freed 13(416B) AllocSpace objects, 0(0B) LOS objects, 23% free, 51MB/67MB, paused 3.344ms total 55.573ms
08-03 18:53:56.997 22395 24996 I art     : Starting a blocking GC Explicit
08-03 18:53:57.076 22395 24996 I art     : Explicit concurrent mark sweep GC freed 1393(81KB) AllocSpace objects, 1(20KB) LOS objects, 23% free, 51MB/67MB, paused 3.190ms total 78.404ms
08-03 18:53:57.099 22395 24996 I art     : Starting a blocking GC Explicit
08-03 18:53:57.155 22395 24996 I art     : Explicit concurrent mark sweep GC freed 23(752B) AllocSpace objects, 0(0B) LOS objects, 23% free, 51MB/67MB, paused 2.310ms total 55.912ms
08-03 18:53:57.175 22395 24996 I art     : Starting a blocking GC Explicit
08-03 18:53:57.235 22395 24996 I art     : Explicit concurrent mark sweep GC freed 3(96B) AllocSpace objects, 0(0B) LOS objects, 23% free, 51MB/67MB, paused 3.081ms total 59.618ms
08-03 18:53:57.260 22395 24996 I art     : Starting a blocking GC Explicit
08-03 18:53:57.322 22395 24996 I art     : Explicit concurrent mark sweep GC freed 3(96B) AllocSpace objects, 0(0B) LOS objects, 23% free, 51MB/67MB, paused 2.979ms total 61.316ms
08-03 18:53:57.346 22395 24996 I art     : Starting a blocking GC Explicit
08-03 18:53:57.408 22395 24996 I art     : Explicit concurrent mark sweep GC freed 3(96B) AllocSpace objects, 0(0B) LOS objects, 23% free, 51MB/67MB, paused 2.676ms total 61.784ms
08-03 18:53:57.834 22395 22423 I art     : Starting a blocking GC Explicit
08-03 18:53:57.904 22395 22423 I art     : Explicit concurrent mark sweep GC freed 1407(81KB) AllocSpace objects, 1(20KB) LOS objects, 23% free, 51MB/67MB, paused 2.648ms total 68.836ms
08-03 18:53:57.923 22395 22423 I art     : Starting a blocking GC Explicit
08-03 18:53:57.981 22395 22423 I art     : Explicit concurrent mark sweep GC freed 23(752B) AllocSpace objects, 0(0B) LOS objects, 23% free, 51MB/67MB, paused 2.434ms total 57.521ms
08-03 18:53:58.002 22395 22423 I art     : Starting a blocking GC Explicit
08-03 18:53:58.060 22395 22423 I art     : Explicit concurrent mark sweep GC freed 3(96B) AllocSpace objects, 0(0B) LOS objects, 23% free, 51MB/67MB, paused 2.551ms total 57.899ms
08-03 18:53:58.080 22395 22423 I art     : Starting a blocking GC Explicit
08-03 18:53:58.141 22395 22423 I art     : Explicit concurrent mark sweep GC freed 3(96B) AllocSpace objects, 0(0B) LOS objects, 23% free, 51MB/67MB, paused 3.082ms total 60.550ms
08-03 18:53:58.166 22395 22423 I art     : Starting a blocking GC Explicit
08-03 18:53:58.227 22395 22423 I art     : Explicit concurrent mark sweep GC freed 3(96B) AllocSpace objects, 0(0B) LOS objects, 23% free, 51MB/67MB, paused 3.133ms total 60.765ms
08-03 18:53:58.657 22395 23788 I art     : Starting a blocking GC Explicit
08-03 18:53:58.722 22395 23788 I art     : Explicit concurrent mark sweep GC freed 1407(81KB) AllocSpace objects, 1(20KB) LOS objects, 23% free, 51MB/67MB, paused 2.365ms total 64.478ms
08-03 18:53:58.742 22395 23788 I art     : Starting a blocking GC Explicit
08-03 18:53:58.800 22395 23788 I art     : Explicit concurrent mark sweep GC freed 23(752B) AllocSpace objects, 0(0B) LOS objects, 23% free, 51MB/67MB, paused 2.721ms total 57.135ms
08-03 18:53:58.820 22395 23788 I art     : Starting a blocking GC Explicit
08-03 18:53:58.875 22395 23788 I art     : Explicit concurrent mark sweep GC freed 3(96B) AllocSpace objects, 0(0B) LOS objects, 23% free, 51MB/67MB, paused 2.607ms total 54.111ms
08-03 18:53:58.894 22395 23788 I art     : Starting a blocking GC Explicit
08-03 18:53:58.952 22395 23788 I art     : Explicit concurrent mark sweep GC freed 3(96B) AllocSpace objects, 0(0B) LOS objects, 23% free, 51MB/67MB, paused 2.410ms total 57.495ms
08-03 18:53:58.972 22395 23788 I art     : Starting a blocking GC Explicit
08-03 18:53:58.980   518   646 I ThermalEngine: ACTION: GPU - Setting GPU[0] to 450000000
08-03 18:53:59.020 22395 23788 I art     : Explicit concurrent mark sweep GC freed 3(96B) AllocSpace objects, 0(0B) LOS objects, 23% free, 51MB/67MB, paused 1.631ms total 47.821ms
08-03 18:53:59.337 25600 25600 D AndroidRuntime: >>>>>> START com.android.internal.os.RuntimeInit uid 2000 <<<<<<
08-03 18:53:59.344 25600 25600 D AndroidRuntime: CheckJNI is OFF
08-03 18:53:59.374 22395 22407 I art     : Starting a blocking GC Explicit
08-03 18:53:59.396 25600 25600 D ICU     : No timezone override file found: /data/misc/zoneinfo/current/icu/icu_tzdata.dat
08-03 18:53:59.423 22395 22407 I art     : Explicit concurrent mark sweep GC freed 1380(83KB) AllocSpace objects, 1(20KB) LOS objects, 23% free, 51MB/67MB, paused 1.798ms total 48.512ms
08-03 18:53:59.437 22395 22407 I art     : Starting a blocking GC Explicit
08-03 18:53:59.443 25600 25600 I Radio-JNI: register_android_hardware_Radio DONE
08-03 18:53:59.472 25600 25600 D AndroidRuntime: Calling main entry com.android.commands.input.Input
08-03 18:53:59.474 25600 25600 I Input   : injectKeyEvent: KeyEvent { action=ACTION_DOWN, keyCode=KEYCODE_BACK, scanCode=0, metaState=0, flags=0x0, repeatCount=0, eventTime=644055887, downTime=644055887, deviceId=-1, source=0x101 }
08-03 18:53:59.483 22395 22407 I art     : Explicit concurrent mark sweep GC freed 52(1536B) AllocSpace objects, 0(0B) LOS objects, 23% free, 51MB/67MB, paused 1.584ms total 44.892ms
08-03 18:53:59.483 25600 25600 I Input   : injectKeyEvent: KeyEvent { action=ACTION_UP, keyCode=KEYCODE_BACK, scanCode=0, metaState=0, flags=0x0, repeatCount=0, eventTime=644055887, downTime=644055887, deviceId=-1, source=0x101 }
08-03 18:53:59.489 25600 25600 D AndroidRuntime: Shutting down VM
08-03 18:53:59.496 22395 22407 I art     : Starting a blocking GC Explicit
08-03 18:53:59.497 22395 22395 V PlaybackController: initServiceNotRunning()
08-03 18:53:59.500 22395 22395 D ExternalPlayerFragment: Loading media info
08-03 18:53:59.505 22395 23326 D ApOkHttpUrlLoader: buildLoadData() called with: model = [http://sixgun.org/files/linuxoutlaws.jpg], width = [224], height = [224]
08-03 18:53:59.507 22395 23146 D DBReader: getImageAuthentication() called with: imageUrl = [http://sixgun.org/files/linuxoutlaws.jpg]
08-03 18:53:59.508 22395 22395 D UserPreferences: Using default data folder
08-03 18:53:59.510 22395 23146 D ApOkHttpUrlLoader: no credentials for 'http://sixgun.org/files/linuxoutlaws.jpg'
08-03 18:53:59.510 22395 22435 D DBReader: getNavDrawerData() called with: 
08-03 18:53:59.522 22395 22435 D DBReader: getDownloadedItems() called
08-03 18:53:59.523 22395 22435 D DBReader: getFavoriteIDList() called
08-03 18:53:59.524 22395 22435 D DBReader: getQueueIDList() called
08-03 18:53:59.525 22395 22435 D DBReader: Extracting Feedlist
08-03 18:53:59.539 13866 13866 I GoogleInputMethodServic: GoogleInputMethodService.onFinishInput():3138 
08-03 18:53:59.539 13866 13866 I GoogleInputMethodServic: GoogleInputMethodService.onStartInput():1808 
08-03 18:53:59.544 22395 22407 I art     : Explicit concurrent mark sweep GC freed 913(65KB) AllocSpace objects, 0(0B) LOS objects, 23% free, 51MB/67MB, paused 2.655ms total 47.831ms
08-03 18:53:59.556 22395 22407 I art     : Starting a blocking GC Explicit
08-03 18:53:59.561 22395 22395 D MainActivity: getLastNavFragment() -> AddFeedFragment
08-03 18:53:59.581 22395 23146 D DBWriter: updateFeedDownloadURL(original: http://sixgun.org/files/linuxoutlaws.jpg, updated: https://fab.industries/sixgun/files/linuxoutlaws.jpg)
08-03 18:53:59.601 22395 22407 I art     : Explicit concurrent mark sweep GC freed 1088(53KB) AllocSpace objects, 0(0B) LOS objects, 23% free, 51MB/67MB, paused 1.668ms total 43.935ms
08-03 18:53:59.613 22395 22407 I art     : Starting a blocking GC Explicit
08-03 18:53:59.652 22395 22407 I art     : Explicit concurrent mark sweep GC freed 211(12KB) AllocSpace objects, 0(0B) LOS objects, 23% free, 51MB/67MB, paused 1.454ms total 38.876ms
08-03 18:53:59.733 22395 23146 D MYTAG   : interceptor 2a
08-03 18:53:59.734 22395 23146 I NAPPA_EXPERIMENTATION: MetricNetworkRequestExecutionTime: REQUEST_DURATION_SYSTEM='223',REQUEST_DURATION_OKHTTP='149',REQUEST_SYNCHRONOUS='TRUE',RESPONSE_CODE='404',RESPONSE_METHOD='GET',RESPONSE_LENGTH_OKHTTP='-1',RESPONSE_LENGTH_HEADER='1503',REQUEST_PROTOCOL='h2',REQUEST_URL='https://fab.industries/sixgun/files/linuxoutlaws.jpg',
08-03 18:53:59.737 22395 22395 W Glide   : Load failed for http://sixgun.org/files/linuxoutlaws.jpg with size [224x224]
08-03 18:53:59.737 22395 22395 W Glide   : class com.bumptech.glide.load.engine.GlideException: Failed to load resource
08-03 18:53:59.737 22395 22395 W Glide   : There was 1 cause:
08-03 18:53:59.737 22395 22395 W Glide   : com.bumptech.glide.load.HttpException()
08-03 18:53:59.737 22395 22395 W Glide   :  call GlideException#logRootCauses(String) for more detail
08-03 18:53:59.737 22395 22395 W Glide   :   Cause (1 of 1): class com.bumptech.glide.load.engine.GlideException: Fetching data failed, class java.io.InputStream, REMOTE
08-03 18:53:59.737 22395 22395 W Glide   : There was 1 cause:
08-03 18:53:59.737 22395 22395 W Glide   : com.bumptech.glide.load.HttpException()
08-03 18:53:59.737 22395 22395 W Glide   :  call GlideException#logRootCauses(String) for more detail
08-03 18:53:59.737 22395 22395 W Glide   :     Cause (1 of 1): class com.bumptech.glide.load.HttpException: 
08-03 18:53:59.738 22395 22395 I Glide   : Root cause (1 of 1)
08-03 18:53:59.738 22395 22395 I Glide   : com.bumptech.glide.load.HttpException: 
08-03 18:53:59.738 22395 22395 I Glide   : 	at com.bumptech.glide.integration.okhttp3.OkHttpStreamFetcher.onResponse(OkHttpStreamFetcher.java:73)
08-03 18:53:59.738 22395 22395 I Glide   : 	at okhttp3.RealCall$AsyncCall.execute(RealCall.java:174)
08-03 18:53:59.738 22395 22395 I Glide   : 	at okhttp3.internal.NamedRunnable.run(NamedRunnable.java:32)
08-03 18:53:59.738 22395 22395 I Glide   : 	at java.util.concurrent.ThreadPoolExecutor.runWorker(ThreadPoolExecutor.java:1113)
08-03 18:53:59.738 22395 22395 I Glide   : 	at java.util.concurrent.ThreadPoolExecutor$Worker.run(ThreadPoolExecutor.java:588)
08-03 18:53:59.738 22395 22395 I Glide   : 	at java.lang.Thread.run(Thread.java:818)
08-03 18:53:59.738 22395 22395 W Glide   : Load failed for http://sixgun.org/files/linuxoutlaws.jpg with size [224x224]
08-03 18:53:59.738 22395 22395 W Glide   : class com.bumptech.glide.load.engine.GlideException: Failed to load resource
08-03 18:53:59.738 22395 22395 W Glide   : There was 1 cause:
08-03 18:53:59.738 22395 22395 W Glide   : com.bumptech.glide.load.HttpException()
08-03 18:53:59.738 22395 22395 W Glide   :  call GlideException#logRootCauses(String) for more detail
08-03 18:53:59.738 22395 22395 W Glide   :   Cause (1 of 1): class com.bumptech.glide.load.engine.GlideException: Fetching data failed, class java.io.InputStream, REMOTE
08-03 18:53:59.738 22395 22395 W Glide   : There was 1 cause:
08-03 18:53:59.738 22395 22395 W Glide   : com.bumptech.glide.load.HttpException()
08-03 18:53:59.738 22395 22395 W Glide   :  call GlideException#logRootCauses(String) for more detail
08-03 18:53:59.738 22395 22395 W Glide   :     Cause (1 of 1): class com.bumptech.glide.load.HttpException: 
08-03 18:53:59.738 22395 22395 I Glide   : Root cause (1 of 1)
08-03 18:53:59.738 22395 22395 I Glide   : com.bumptech.glide.load.HttpException: 
08-03 18:53:59.738 22395 22395 I Glide   : 	at com.bumptech.glide.integration.okhttp3.OkHttpStreamFetcher.onResponse(OkHttpStreamFetcher.java:73)
08-03 18:53:59.738 22395 22395 I Glide   : 	at okhttp3.RealCall$AsyncCall.execute(RealCall.java:174)
08-03 18:53:59.738 22395 22395 I Glide   : 	at okhttp3.internal.NamedRunnable.run(NamedRunnable.java:32)
08-03 18:53:59.738 22395 22395 I Glide   : 	at java.util.concurrent.ThreadPoolExecutor.runWorker(ThreadPoolExecutor.java:1113)
08-03 18:53:59.738 22395 22395 I Glide   : 	at java.util.concurrent.ThreadPoolExecutor$Worker.run(ThreadPoolExecutor.java:588)
08-03 18:53:59.738 22395 22395 I Glide   : 	at java.lang.Thread.run(Thread.java:818)
08-03 18:53:59.860   380   380 W SurfaceFlinger: couldn't log to binary event log: overflow.
08-03 18:53:59.995 22395 22423 I art     : Starting a blocking GC Explicit
08-03 18:54:00.038 22395 22423 I art     : Explicit concurrent mark sweep GC freed 2543(182KB) AllocSpace objects, 1(20KB) LOS objects, 23% free, 51MB/67MB, paused 1.455ms total 43ms
08-03 18:54:00.051 22395 22423 I art     : Starting a blocking GC Explicit
08-03 18:54:00.092 22395 22423 I art     : Explicit concurrent mark sweep GC freed 2896(237KB) AllocSpace objects, 1(28KB) LOS objects, 23% free, 50MB/66MB, paused 1.454ms total 40.737ms
08-03 18:54:00.104 22395 22423 I art     : Starting a blocking GC Explicit
08-03 18:54:00.148 22395 22423 I art     : Explicit concurrent mark sweep GC freed 3(96B) AllocSpace objects, 0(0B) LOS objects, 23% free, 50MB/66MB, paused 1.642ms total 43.007ms
08-03 18:54:00.161 22395 22423 I art     : Starting a blocking GC Explicit
08-03 18:54:00.204 22395 22423 I art     : Explicit concurrent mark sweep GC freed 3(96B) AllocSpace objects, 0(0B) LOS objects, 23% free, 50MB/66MB, paused 1.494ms total 43.375ms
08-03 18:54:00.218 22395 22423 I art     : Starting a blocking GC Explicit
08-03 18:54:00.262 22395 22423 I art     : Explicit concurrent mark sweep GC freed 3(96B) AllocSpace objects, 0(0B) LOS objects, 23% free, 50MB/66MB, paused 1.562ms total 44.201ms
08-03 18:54:00.630 22395 23788 I art     : Starting a blocking GC Explicit
08-03 18:54:00.690 22395 23788 I art     : Explicit concurrent mark sweep GC freed 1409(82KB) AllocSpace objects, 1(20KB) LOS objects, 23% free, 50MB/66MB, paused 1.749ms total 59.663ms
08-03 18:54:00.707 22395 23788 I art     : Starting a blocking GC Explicit
08-03 18:54:00.749 22395 23788 I art     : Explicit concurrent mark sweep GC freed 23(752B) AllocSpace objects, 0(0B) LOS objects, 23% free, 50MB/66MB, paused 1.551ms total 41.809ms
08-03 18:54:00.762 22395 23788 I art     : Starting a blocking GC Explicit
08-03 18:54:00.804 22395 23788 I art     : Explicit concurrent mark sweep GC freed 3(96B) AllocSpace objects, 0(0B) LOS objects, 23% free, 50MB/66MB, paused 1.590ms total 41.315ms
08-03 18:54:00.816 22395 23788 I art     : Starting a blocking GC Explicit
08-03 18:54:00.859 22395 23788 I art     : Explicit concurrent mark sweep GC freed 3(96B) AllocSpace objects, 0(0B) LOS objects, 23% free, 50MB/66MB, paused 1.616ms total 42.091ms
08-03 18:54:00.872 22395 23788 I art     : Starting a blocking GC Explicit
08-03 18:54:00.914 22395 23788 I art     : Explicit concurrent mark sweep GC freed 3(96B) AllocSpace objects, 0(0B) LOS objects, 23% free, 50MB/66MB, paused 1.556ms total 42.412ms
08-03 18:54:01.247 25644 25644 D AndroidRuntime: >>>>>> START com.android.internal.os.RuntimeInit uid 2000 <<<<<<
08-03 18:54:01.254 25644 25644 D AndroidRuntime: CheckJNI is OFF
08-03 18:54:01.280 22395 23788 I art     : Starting a blocking GC Explicit
08-03 18:54:01.300 25644 25644 D ICU     : No timezone override file found: /data/misc/zoneinfo/current/icu/icu_tzdata.dat
08-03 18:54:01.326 22395 23788 I art     : Explicit concurrent mark sweep GC freed 1426(82KB) AllocSpace objects, 1(20KB) LOS objects, 23% free, 50MB/66MB, paused 1.620ms total 45.507ms
08-03 18:54:01.340 22395 23788 I art     : Starting a blocking GC Explicit
08-03 18:54:01.345 25644 25644 I Radio-JNI: register_android_hardware_Radio DONE
08-03 18:54:01.374 25644 25644 D AndroidRuntime: Calling main entry com.android.commands.input.Input
08-03 18:54:01.375 25644 25644 I Input   : injectKeyEvent: KeyEvent { action=ACTION_DOWN, keyCode=KEYCODE_BACK, scanCode=0, metaState=0, flags=0x0, repeatCount=0, eventTime=644057788, downTime=644057788, deviceId=-1, source=0x101 }
08-03 18:54:01.381 22395 23788 I art     : Explicit concurrent mark sweep GC freed 35(1136B) AllocSpace objects, 0(0B) LOS objects, 23% free, 50MB/66MB, paused 1.613ms total 40.664ms
08-03 18:54:01.382 25644 25644 I Input   : injectKeyEvent: KeyEvent { action=ACTION_UP, keyCode=KEYCODE_BACK, scanCode=0, metaState=0, flags=0x0, repeatCount=0, eventTime=644057788, downTime=644057788, deviceId=-1, source=0x101 }
08-03 18:54:01.394 22395 23788 I art     : Starting a blocking GC Explicit
08-03 18:54:01.405 25644 25644 D AndroidRuntime: Shutting down VM
08-03 18:54:01.436 22395 23788 I art     : Explicit concurrent mark sweep GC freed 2145(88KB) AllocSpace objects, 0(0B) LOS objects, 23% free, 50MB/66MB, paused 1.624ms total 41.706ms
08-03 18:54:01.448 22395 23788 I art     : Starting a blocking GC Explicit
08-03 18:54:01.490 22395 23788 I art     : Explicit concurrent mark sweep GC freed 926(59KB) AllocSpace objects, 1(28KB) LOS objects, 23% free, 50MB/66MB, paused 1.649ms total 41.274ms
08-03 18:54:01.502 22395 23788 I art     : Starting a blocking GC Explicit
08-03 18:54:01.544 22395 23788 I art     : Explicit concurrent mark sweep GC freed 4469(337KB) AllocSpace objects, 8(1592KB) LOS objects, 24% free, 48MB/64MB, paused 1.548ms total 41.875ms
08-03 18:54:01.903 22395 22408 I art     : Starting a blocking GC Explicit
08-03 18:54:01.954 22395 22408 I art     : Explicit concurrent mark sweep GC freed 1379(81KB) AllocSpace objects, 1(20KB) LOS objects, 24% free, 48MB/64MB, paused 1.663ms total 50.905ms
08-03 18:54:01.970 22395 22408 I art     : Starting a blocking GC Explicit
08-03 18:54:02.014 22395 22408 I art     : Explicit concurrent mark sweep GC freed 23(752B) AllocSpace objects, 0(0B) LOS objects, 24% free, 48MB/64MB, paused 1.875ms total 42.785ms
08-03 18:54:02.027 22395 22408 I art     : Starting a blocking GC Explicit
08-03 18:54:02.070 22395 22408 I art     : Explicit concurrent mark sweep GC freed 3(96B) AllocSpace objects, 0(0B) LOS objects, 24% free, 48MB/64MB, paused 1.581ms total 42.331ms
08-03 18:54:02.083 22395 22408 I art     : Starting a blocking GC Explicit
08-03 18:54:02.125 22395 22408 I art     : Explicit concurrent mark sweep GC freed 3(96B) AllocSpace objects, 0(0B) LOS objects, 24% free, 48MB/64MB, paused 1.848ms total 42.329ms
08-03 18:54:02.139 22395 22408 I art     : Starting a blocking GC Explicit
08-03 18:54:02.181 22395 22408 I art     : Explicit concurrent mark sweep GC freed 3(96B) AllocSpace objects, 0(0B) LOS objects, 24% free, 48MB/64MB, paused 1.566ms total 42.313ms
08-03 18:54:02.556 22395 22407 I art     : Starting a blocking GC Explicit
08-03 18:54:02.611 22395 22407 I art     : Explicit concurrent mark sweep GC freed 1407(82KB) AllocSpace objects, 1(20KB) LOS objects, 24% free, 48MB/64MB, paused 1.711ms total 54.694ms
08-03 18:54:02.625 22395 22407 I art     : Starting a blocking GC Explicit
08-03 18:54:02.665 22395 22407 I art     : Explicit concurrent mark sweep GC freed 23(752B) AllocSpace objects, 0(0B) LOS objects, 24% free, 48MB/64MB, paused 1.491ms total 39.721ms
08-03 18:54:02.678 22395 22407 I art     : Starting a blocking GC Explicit
08-03 18:54:02.718 22395 22407 I art     : Explicit concurrent mark sweep GC freed 3(96B) AllocSpace objects, 0(0B) LOS objects, 24% free, 48MB/64MB, paused 1.663ms total 39.951ms
08-03 18:54:02.731 22395 22407 I art     : Starting a blocking GC Explicit
08-03 18:54:02.771 22395 22407 I art     : Explicit concurrent mark sweep GC freed 3(96B) AllocSpace objects, 0(0B) LOS objects, 24% free, 48MB/64MB, paused 1.588ms total 40.040ms
08-03 18:54:02.784 22395 22407 I art     : Starting a blocking GC Explicit
08-03 18:54:02.824 22395 22407 I art     : Explicit concurrent mark sweep GC freed 3(96B) AllocSpace objects, 0(0B) LOS objects, 24% free, 48MB/64MB, paused 1.581ms total 39.876ms
08-03 18:54:02.993   518   646 I ThermalEngine: ACTION: GPU - Setting GPU[0] to 390000000
08-03 18:54:03.240 22395 22408 I art     : Starting a blocking GC Explicit
08-03 18:54:03.261 25687 25687 D AndroidRuntime: >>>>>> START com.android.internal.os.RuntimeInit uid 2000 <<<<<<
08-03 18:54:03.268 25687 25687 D AndroidRuntime: CheckJNI is OFF
08-03 18:54:03.292 22395 22408 I art     : Explicit concurrent mark sweep GC freed 1409(84KB) AllocSpace objects, 1(20KB) LOS objects, 24% free, 48MB/64MB, paused 2.227ms total 52.144ms
08-03 18:54:03.309 22395 22408 I art     : Starting a blocking GC Explicit
08-03 18:54:03.319 25687 25687 D ICU     : No timezone override file found: /data/misc/zoneinfo/current/icu/icu_tzdata.dat
08-03 18:54:03.357 22395 22408 I art     : Explicit concurrent mark sweep GC freed 23(752B) AllocSpace objects, 0(0B) LOS objects, 24% free, 48MB/64MB, paused 2.329ms total 47.685ms
08-03 18:54:03.362 25687 25687 I Radio-JNI: register_android_hardware_Radio DONE
08-03 18:54:03.374 22395 22408 I art     : Starting a blocking GC Explicit
08-03 18:54:03.395 25687 25687 D AndroidRuntime: Calling main entry com.android.commands.input.Input
08-03 18:54:03.397 25687 25687 I Input   : injectMotionEvent: MotionEvent { action=ACTION_DOWN, actionButton=0, id[0]=0, x[0]=603.0, y[0]=1061.0, toolType[0]=TOOL_TYPE_UNKNOWN, buttonState=0, metaState=0, flags=0x0, edgeFlags=0x0, pointerCount=1, historySize=0, eventTime=644059809, downTime=644059809, deviceId=0, source=0x1002 }
08-03 18:54:03.402 25687 25687 I Input   : injectMotionEvent: MotionEvent { action=ACTION_UP, actionButton=0, id[0]=0, x[0]=603.0, y[0]=1061.0, toolType[0]=TOOL_TYPE_UNKNOWN, buttonState=0, metaState=0, flags=0x0, edgeFlags=0x0, pointerCount=1, historySize=0, eventTime=644059809, downTime=644059809, deviceId=0, source=0x1002 }
08-03 18:54:03.405 25687 25687 D AndroidRuntime: Shutting down VM
08-03 18:54:03.417   512  2967 D audio_hw_primary: out_set_parameters: enter: usecase(1: low-latency-playback) kvpairs: routing=2
08-03 18:54:03.428 22395 22408 I art     : Explicit concurrent mark sweep GC freed 627(26KB) AllocSpace objects, 0(0B) LOS objects, 24% free, 49MB/65MB, paused 4.256ms total 53.457ms
08-03 18:54:03.431   512  2967 D audio_hw_primary: select_devices: out_snd_device(2: speaker) in_snd_device(0: none)
08-03 18:54:03.431   512  2967 D msm8974_platform: platform_send_audio_calibration: sending audio calibration for snd_device(2) acdb_id(15)
08-03 18:54:03.431   512  2967 I soundtrigger: audio_extn_sound_trigger_update_device_status: device 0x2 of type 0 for Event 1
08-03 18:54:03.444   512  2967 D audio_hw_primary: enable_snd_device: snd_device(2: speaker)
08-03 18:54:03.447   512  2967 D audio_hw_primary: enable_audio_route: apply and update mixer path: low-latency-playback speaker
08-03 18:54:03.447 22395 22408 I art     : Starting a blocking GC Explicit
08-03 18:54:03.499 22395 22408 I art     : Explicit concurrent mark sweep GC freed 1909(78KB) AllocSpace objects, 0(0B) LOS objects, 24% free, 49MB/65MB, paused 2.996ms total 51.666ms
08-03 18:54:03.516 22395 22408 I art     : Starting a blocking GC Explicit
08-03 18:54:03.567 22395 22408 I art     : Explicit concurrent mark sweep GC freed 2133(100KB) AllocSpace objects, 1(220KB) LOS objects, 24% free, 49MB/65MB, paused 2.613ms total 50.848ms
08-03 18:54:03.590 22395 25710 I NAPPA_EXPERIMENTATION: MetricNetworkRequestExecutionTime: REQUEST_DURATION_SYSTEM='135',REQUEST_DURATION_OKHTTP='134',REQUEST_SYNCHRONOUS='TRUE',RESPONSE_CODE='200',RESPONSE_METHOD='GET',RESPONSE_LENGTH_OKHTTP='37507',RESPONSE_LENGTH_HEADER='37507',REQUEST_PROTOCOL='http/1.1',REQUEST_URL='https://gpodder.net/toplist/50.json',
08-03 18:54:03.604 22395 24786 I NAPPA_EXPERIMENTATION: MetricNetworkRequestExecutionTime: REQUEST_DURATION_SYSTEM='144',REQUEST_DURATION_OKHTTP='142',REQUEST_SYNCHRONOUS='TRUE',RESPONSE_CODE='200',RESPONSE_METHOD='GET',RESPONSE_LENGTH_OKHTTP='2923',RESPONSE_LENGTH_HEADER='2923',REQUEST_PROTOCOL='http/1.1',REQUEST_URL='https://gpodder.net/api/2/tags/50.json',
08-03 18:54:03.636 22395 23326 D ApOkHttpUrlLoader: buildLoadData() called with: model = [http://sixgun.org/files/linuxoutlaws.jpg], width = [224], height = [224]
08-03 18:54:03.638 22395 23146 D DBReader: getImageAuthentication() called with: imageUrl = [http://sixgun.org/files/linuxoutlaws.jpg]
08-03 18:54:03.642 22395 23146 D ApOkHttpUrlLoader: no credentials for 'http://sixgun.org/files/linuxoutlaws.jpg'
08-03 18:54:03.651 22395 23326 D ApOkHttpUrlLoader: buildLoadData() called with: model = [https://files.thisamericanlife.org/sites/all/themes/thislife/img/tal-name-1400x1400.png], width = [224], height = [224]
08-03 18:54:03.658 22395 23326 D ApOkHttpUrlLoader: buildLoadData() called with: model = [https://elroy.twit.tv/sites/default/files/styles/twit_album_art_2048x2048/public/images/shows/floss_weekly/album_art/audio/floss_albumart_mask.jpg?itok=IUjxKpwt], width = [224], height = [224]
08-03 18:54:03.665 22395 23326 D ApOkHttpUrlLoader: buildLoadData() called with: model = [http://ichef.bbci.co.uk/images/ic/3000x3000/p07kfvzb.jpg], width = [224], height = [224]
08-03 18:54:03.672 22395 23326 D ApOkHttpUrlLoader: buildLoadData() called with: model = [https://pl.tedcdn.com/rss_feed_images/ted_talks_main_podcast/video.png], width = [224], height = [224]
08-03 18:54:03.678 22395 23326 D ApOkHttpUrlLoader: buildLoadData() called with: model = [https://elroy.twit.tv/sites/default/files/styles/twit_album_art_2048x2048/public/images/shows/this_week_in_tech/album_art/audio/twit1400audio.jpg?itok=J0vhatZb], width = [224], height = [224]
08-03 18:54:03.682 22395 23146 D DBWriter: updateFeedDownloadURL(original: http://sixgun.org/files/linuxoutlaws.jpg, updated: https://fab.industries/sixgun/files/linuxoutlaws.jpg)
08-03 18:54:03.686 22395 23326 D ApOkHttpUrlLoader: buildLoadData() called with: model = [http://ichef.bbci.co.uk/images/ic/3000x3000/p03gtk3j.jpg], width = [224], height = [224]
08-03 18:54:03.832 22395 23146 D MYTAG   : interceptor 2a
08-03 18:54:03.832 22395 23146 I NAPPA_EXPERIMENTATION: MetricNetworkRequestExecutionTime: REQUEST_DURATION_SYSTEM='189',REQUEST_DURATION_OKHTTP='146',REQUEST_SYNCHRONOUS='TRUE',RESPONSE_CODE='404',RESPONSE_METHOD='GET',RESPONSE_LENGTH_OKHTTP='-1',RESPONSE_LENGTH_HEADER='1503',REQUEST_PROTOCOL='h2',REQUEST_URL='https://fab.industries/sixgun/files/linuxoutlaws.jpg',
08-03 18:54:03.834 22395 22395 W Glide   : Load failed for http://sixgun.org/files/linuxoutlaws.jpg with size [224x224]
08-03 18:54:03.834 22395 22395 W Glide   : class com.bumptech.glide.load.engine.GlideException: Failed to load resource
08-03 18:54:03.834 22395 22395 W Glide   : There was 1 cause:
08-03 18:54:03.834 22395 22395 W Glide   : com.bumptech.glide.load.HttpException()
08-03 18:54:03.834 22395 22395 W Glide   :  call GlideException#logRootCauses(String) for more detail
08-03 18:54:03.834 22395 22395 W Glide   :   Cause (1 of 1): class com.bumptech.glide.load.engine.GlideException: Fetching data failed, class java.io.InputStream, REMOTE
08-03 18:54:03.834 22395 22395 W Glide   : There was 1 cause:
08-03 18:54:03.834 22395 22395 W Glide   : com.bumptech.glide.load.HttpException()
08-03 18:54:03.834 22395 22395 W Glide   :  call GlideException#logRootCauses(String) for more detail
08-03 18:54:03.834 22395 22395 W Glide   :     Cause (1 of 1): class com.bumptech.glide.load.HttpException: 
08-03 18:54:03.834 22395 22395 I Glide   : Root cause (1 of 1)
08-03 18:54:03.834 22395 22395 I Glide   : com.bumptech.glide.load.HttpException: 
08-03 18:54:03.834 22395 22395 I Glide   : 	at com.bumptech.glide.integration.okhttp3.OkHttpStreamFetcher.onResponse(OkHttpStreamFetcher.java:73)
08-03 18:54:03.834 22395 22395 I Glide   : 	at okhttp3.RealCall$AsyncCall.execute(RealCall.java:174)
08-03 18:54:03.834 22395 22395 I Glide   : 	at okhttp3.internal.NamedRunnable.run(NamedRunnable.java:32)
08-03 18:54:03.834 22395 22395 I Glide   : 	at java.util.concurrent.ThreadPoolExecutor.runWorker(ThreadPoolExecutor.java:1113)
08-03 18:54:03.834 22395 22395 I Glide   : 	at java.util.concurrent.ThreadPoolExecutor$Worker.run(ThreadPoolExecutor.java:588)
08-03 18:54:03.834 22395 22395 I Glide   : 	at java.lang.Thread.run(Thread.java:818)
08-03 18:54:03.835 22395 22395 W Glide   : Load failed for http://sixgun.org/files/linuxoutlaws.jpg with size [224x224]
08-03 18:54:03.835 22395 22395 W Glide   : class com.bumptech.glide.load.engine.GlideException: Failed to load resource
08-03 18:54:03.835 22395 22395 W Glide   : There was 1 cause:
08-03 18:54:03.835 22395 22395 W Glide   : com.bumptech.glide.load.HttpException()
08-03 18:54:03.835 22395 22395 W Glide   :  call GlideException#logRootCauses(String) for more detail
08-03 18:54:03.835 22395 22395 W Glide   :   Cause (1 of 1): class com.bumptech.glide.load.engine.GlideException: Fetching data failed, class java.io.InputStream, REMOTE
08-03 18:54:03.835 22395 22395 W Glide   : There was 1 cause:
08-03 18:54:03.835 22395 22395 W Glide   : com.bumptech.glide.load.HttpException()
08-03 18:54:03.835 22395 22395 W Glide   :  call GlideException#logRootCauses(String) for more detail
08-03 18:54:03.835 22395 22395 W Glide   :     Cause (1 of 1): class com.bumptech.glide.load.HttpException: 
08-03 18:54:03.836 22395 22395 I Glide   : Root cause (1 of 1)
08-03 18:54:03.836 22395 22395 I Glide   : com.bumptech.glide.load.HttpException: 
08-03 18:54:03.836 22395 22395 I Glide   : 	at com.bumptech.glide.integration.okhttp3.OkHttpStreamFetcher.onResponse(OkHttpStreamFetcher.java:73)
08-03 18:54:03.836 22395 22395 I Glide   : 	at okhttp3.RealCall$AsyncCall.execute(RealCall.java:174)
08-03 18:54:03.836 22395 22395 I Glide   : 	at okhttp3.internal.NamedRunnable.run(NamedRunnable.java:32)
08-03 18:54:03.836 22395 22395 I Glide   : 	at java.util.concurrent.ThreadPoolExecutor.runWorker(ThreadPoolExecutor.java:1113)
08-03 18:54:03.836 22395 22395 I Glide   : 	at java.util.concurrent.ThreadPoolExecutor$Worker.run(ThreadPoolExecutor.java:588)
08-03 18:54:03.836 22395 22395 I Glide   : 	at java.lang.Thread.run(Thread.java:818)
08-03 18:54:03.974 22395 22408 I art     : Starting a blocking GC Explicit
08-03 18:54:03.979   512  2967 D audio_hw_primary: disable_audio_route: reset and update mixer path: low-latency-playback speaker
08-03 18:54:03.981   512  2967 D audio_hw_primary: disable_snd_device: snd_device(2: speaker)
08-03 18:54:03.990   512  2967 I soundtrigger: audio_extn_sound_trigger_update_device_status: device 0x2 of type 0 for Event 0
08-03 18:54:04.040 22395 22408 I art     : Explicit concurrent mark sweep GC freed 8286(586KB) AllocSpace objects, 4(212KB) LOS objects, 23% free, 50MB/66MB, paused 2.454ms total 65.486ms
08-03 18:54:04.061 22395 22408 I art     : Starting a blocking GC Explicit
08-03 18:54:04.117 22395 22408 I art     : Explicit concurrent mark sweep GC freed 248(10KB) AllocSpace objects, 0(0B) LOS objects, 23% free, 50MB/66MB, paused 2.601ms total 56.167ms
08-03 18:54:04.138 22395 22408 I art     : Starting a blocking GC Explicit
08-03 18:54:04.196 22395 22408 I art     : Explicit concurrent mark sweep GC freed 3(96B) AllocSpace objects, 0(0B) LOS objects, 23% free, 50MB/66MB, paused 2.440ms total 57.949ms
08-03 18:54:04.218 22395 22408 I art     : Starting a blocking GC Explicit
08-03 18:54:04.275 22395 22408 I art     : Explicit concurrent mark sweep GC freed 3(96B) AllocSpace objects, 0(0B) LOS objects, 23% free, 50MB/66MB, paused 3.095ms total 56.050ms
08-03 18:54:04.294 22395 22408 I art     : Starting a blocking GC Explicit
08-03 18:54:04.348 22395 22408 I art     : Explicit concurrent mark sweep GC freed 3(96B) AllocSpace objects, 0(0B) LOS objects, 23% free, 50MB/66MB, paused 2.387ms total 53.662ms
08-03 18:54:04.763 22395 22423 I art     : Starting a blocking GC Explicit
08-03 18:54:04.832 22395 22423 I art     : Explicit concurrent mark sweep GC freed 1424(82KB) AllocSpace objects, 1(20KB) LOS objects, 23% free, 50MB/66MB, paused 3.016ms total 67.919ms
08-03 18:54:04.856 22395 22423 I art     : Starting a blocking GC Explicit
08-03 18:54:04.913 22395 22423 I art     : Explicit concurrent mark sweep GC freed 23(752B) AllocSpace objects, 0(0B) LOS objects, 23% free, 50MB/66MB, paused 2.331ms total 56.171ms
08-03 18:54:04.933 22395 22423 I art     : Starting a blocking GC Explicit
08-03 18:54:04.989 22395 22423 I art     : Explicit concurrent mark sweep GC freed 3(96B) AllocSpace objects, 0(0B) LOS objects, 23% free, 50MB/66MB, paused 2.805ms total 55.781ms
08-03 18:54:05.009 22395 22423 I art     : Starting a blocking GC Explicit
08-03 18:54:05.063 22395 22423 I art     : Explicit concurrent mark sweep GC freed 3(96B) AllocSpace objects, 0(0B) LOS objects, 23% free, 50MB/66MB, paused 2.290ms total 53.385ms
08-03 18:54:05.063 22395 22406 I art     : WaitForGcToComplete blocked for 24.404ms for cause HeapTrim
08-03 18:54:05.082 22395 22423 I art     : Starting a blocking GC Explicit
08-03 18:54:05.139 22395 22423 I art     : Explicit concurrent mark sweep GC freed 3(96B) AllocSpace objects, 0(0B) LOS objects, 23% free, 50MB/66MB, paused 2.525ms total 55.664ms
08-03 18:54:05.543 22395 23788 I art     : Starting a blocking GC Explicit
08-03 18:54:05.599 22395 23788 I art     : Explicit concurrent mark sweep GC freed 1469(83KB) AllocSpace objects, 1(20KB) LOS objects, 23% free, 50MB/66MB, paused 2.734ms total 55.645ms
08-03 18:54:05.619 22395 23788 I art     : Starting a blocking GC Explicit
08-03 18:54:05.675 22395 23788 I art     : Explicit concurrent mark sweep GC freed 40(1328B) AllocSpace objects, 0(0B) LOS objects, 23% free, 50MB/66MB, paused 2.251ms total 55.408ms
08-03 18:54:05.695 22395 23788 I art     : Starting a blocking GC Explicit
08-03 18:54:05.752 22395 23788 I art     : Explicit concurrent mark sweep GC freed 3(96B) AllocSpace objects, 0(0B) LOS objects, 23% free, 50MB/66MB, paused 2.753ms total 56.639ms
08-03 18:54:05.776 22395 23788 I art     : Starting a blocking GC Explicit
08-03 18:54:05.832 22395 23788 I art     : Explicit concurrent mark sweep GC freed 3(96B) AllocSpace objects, 0(0B) LOS objects, 23% free, 50MB/66MB, paused 2.293ms total 55.486ms
08-03 18:54:05.852 22395 23788 I art     : Starting a blocking GC Explicit
08-03 18:54:05.909 22395 23788 I art     : Explicit concurrent mark sweep GC freed 3(96B) AllocSpace objects, 0(0B) LOS objects, 23% free, 50MB/66MB, paused 2.561ms total 56.418ms
08-03 18:54:06.322 22395 24996 I art     : Starting a blocking GC Explicit
08-03 18:54:06.391 22395 24996 I art     : Explicit concurrent mark sweep GC freed 1378(80KB) AllocSpace objects, 1(20KB) LOS objects, 23% free, 50MB/66MB, paused 3.031ms total 68.036ms
08-03 18:54:06.413 22395 24996 I art     : Starting a blocking GC Explicit
08-03 18:54:06.475 22395 24996 I art     : Explicit concurrent mark sweep GC freed 52(1536B) AllocSpace objects, 0(0B) LOS objects, 23% free, 50MB/66MB, paused 2.597ms total 61.186ms
08-03 18:54:06.499 22395 24996 I art     : Starting a blocking GC Explicit
08-03 18:54:06.558 22395 24996 I art     : Explicit concurrent mark sweep GC freed 3(96B) AllocSpace objects, 0(0B) LOS objects, 23% free, 50MB/66MB, paused 2.867ms total 58.556ms
08-03 18:54:06.583 22395 24996 I art     : Starting a blocking GC Explicit
08-03 18:54:06.643 22395 24996 I art     : Explicit concurrent mark sweep GC freed 3(96B) AllocSpace objects, 0(0B) LOS objects, 23% free, 50MB/66MB, paused 2.870ms total 59.485ms
08-03 18:54:06.668 22395 24996 I art     : Starting a blocking GC Explicit
08-03 18:54:06.728 22395 24996 I art     : Explicit concurrent mark sweep GC freed 3(96B) AllocSpace objects, 0(0B) LOS objects, 23% free, 50MB/66MB, paused 3.146ms total 59.391ms
08-03 18:54:06.995   518   646 I ThermalEngine: ACTION: GPU - Setting GPU[0] to 450000000
08-03 18:54:07.118 22395 22408 I art     : Starting a blocking GC Explicit
08-03 18:54:07.175 22395 22408 I art     : Explicit concurrent mark sweep GC freed 1378(80KB) AllocSpace objects, 1(20KB) LOS objects, 23% free, 50MB/66MB, paused 1.678ms total 56.299ms
08-03 18:54:07.190 22395 22408 I art     : Starting a blocking GC Explicit
08-03 18:54:07.238 22395 22408 I art     : Explicit concurrent mark sweep GC freed 23(752B) AllocSpace objects, 0(0B) LOS objects, 23% free, 50MB/66MB, paused 1.790ms total 47.100ms
08-03 18:54:07.251 22395 22408 I art     : Starting a blocking GC Explicit
08-03 18:54:07.299 22395 22408 I art     : Explicit concurrent mark sweep GC freed 3(96B) AllocSpace objects, 0(0B) LOS objects, 23% free, 50MB/66MB, paused 1.709ms total 47.736ms
08-03 18:54:07.313 22395 22408 I art     : Starting a blocking GC Explicit
08-03 18:54:07.360 22395 22408 I art     : Explicit concurrent mark sweep GC freed 3(96B) AllocSpace objects, 0(0B) LOS objects, 23% free, 50MB/66MB, paused 1.617ms total 47.037ms
08-03 18:54:07.374 22395 22408 I art     : Starting a blocking GC Explicit
08-03 18:54:07.423 22395 22408 I art     : Explicit concurrent mark sweep GC freed 4(144B) AllocSpace objects, 0(0B) LOS objects, 23% free, 50MB/66MB, paused 1.766ms total 48.799ms
08-03 18:54:07.823 22395 22423 I art     : Starting a blocking GC Explicit
08-03 18:54:07.883 22395 22423 I art     : Explicit concurrent mark sweep GC freed 1406(81KB) AllocSpace objects, 1(20KB) LOS objects, 23% free, 50MB/66MB, paused 1.761ms total 59.766ms
08-03 18:54:07.898 22395 22423 I art     : Starting a blocking GC Explicit
08-03 18:54:07.947 22395 22423 I art     : Explicit concurrent mark sweep GC freed 23(752B) AllocSpace objects, 0(0B) LOS objects, 23% free, 50MB/66MB, paused 1.570ms total 47.861ms
08-03 18:54:07.960 22395 22423 I art     : Starting a blocking GC Explicit
08-03 18:54:08.006 22395 22423 I art     : Explicit concurrent mark sweep GC freed 3(96B) AllocSpace objects, 0(0B) LOS objects, 23% free, 50MB/66MB, paused 1.634ms total 46.126ms
08-03 18:54:08.020 22395 22423 I art     : Starting a blocking GC Explicit
08-03 18:54:08.068 22395 22423 I art     : Explicit concurrent mark sweep GC freed 3(96B) AllocSpace objects, 0(0B) LOS objects, 23% free, 50MB/66MB, paused 1.561ms total 47.906ms
08-03 18:54:08.082 22395 22423 I art     : Starting a blocking GC Explicit
08-03 18:54:08.129 22395 22423 I art     : Explicit concurrent mark sweep GC freed 3(96B) AllocSpace objects, 0(0B) LOS objects, 23% free, 50MB/66MB, paused 1.660ms total 46.565ms
08-03 18:54:08.516 22395 22407 I art     : Starting a blocking GC Explicit
08-03 18:54:08.574 22395 22407 I art     : Explicit concurrent mark sweep GC freed 1408(82KB) AllocSpace objects, 1(20KB) LOS objects, 23% free, 50MB/66MB, paused 1.562ms total 57.819ms
08-03 18:54:08.590 22395 22407 I art     : Starting a blocking GC Explicit
08-03 18:54:08.639 22395 22407 I art     : Explicit concurrent mark sweep GC freed 23(752B) AllocSpace objects, 0(0B) LOS objects, 23% free, 50MB/66MB, paused 1.751ms total 48.594ms
08-03 18:54:08.652 22395 22407 I art     : Starting a blocking GC Explicit
08-03 18:54:08.700 22395 22407 I art     : Explicit concurrent mark sweep GC freed 3(96B) AllocSpace objects, 0(0B) LOS objects, 23% free, 50MB/66MB, paused 1.621ms total 47.185ms
08-03 18:54:08.713 22395 22407 I art     : Starting a blocking GC Explicit
08-03 18:54:08.762 22395 22407 I art     : Explicit concurrent mark sweep GC freed 3(96B) AllocSpace objects, 0(0B) LOS objects, 23% free, 50MB/66MB, paused 1.633ms total 48.611ms
08-03 18:54:08.776 22395 22407 I art     : Starting a blocking GC Explicit
08-03 18:54:08.824 22395 22407 I art     : Explicit concurrent mark sweep GC freed 3(96B) AllocSpace objects, 0(0B) LOS objects, 23% free, 50MB/66MB, paused 1.571ms total 47.772ms
08-03 18:54:09.198 22395 23788 I art     : Starting a blocking GC Explicit
08-03 18:54:09.250 22395 23788 I art     : Explicit concurrent mark sweep GC freed 1381(81KB) AllocSpace objects, 1(20KB) LOS objects, 23% free, 50MB/66MB, paused 1.803ms total 51.552ms
08-03 18:54:09.267 22395 23788 I art     : Starting a blocking GC Explicit
08-03 18:54:09.314 22395 23788 I art     : Explicit concurrent mark sweep GC freed 23(752B) AllocSpace objects, 0(0B) LOS objects, 23% free, 50MB/66MB, paused 1.576ms total 46.629ms
08-03 18:54:09.328 22395 23788 I art     : Starting a blocking GC Explicit
08-03 18:54:09.376 22395 23788 I art     : Explicit concurrent mark sweep GC freed 3(96B) AllocSpace objects, 0(0B) LOS objects, 23% free, 50MB/66MB, paused 1.491ms total 47.646ms
08-03 18:54:09.389 22395 23788 I art     : Starting a blocking GC Explicit
08-03 18:54:09.437 22395 23788 I art     : Explicit concurrent mark sweep GC freed 32(880B) AllocSpace objects, 0(0B) LOS objects, 23% free, 50MB/66MB, paused 1.603ms total 46.737ms
08-03 18:54:09.450 22395 23788 I art     : Starting a blocking GC Explicit
08-03 18:54:09.499 22395 23788 I art     : Explicit concurrent mark sweep GC freed 3(96B) AllocSpace objects, 0(0B) LOS objects, 23% free, 50MB/66MB, paused 1.769ms total 48.178ms
08-03 18:54:09.843   918  3261 D WifiStateMachine: starting scan for "H369AA63323"WPA_PSK with 2412,5180
08-03 18:54:09.861 22395 24996 I art     : Starting a blocking GC Explicit
08-03 18:54:09.905 22395 24996 I art     : Explicit concurrent mark sweep GC freed 1378(80KB) AllocSpace objects, 1(20KB) LOS objects, 23% free, 50MB/66MB, paused 1.570ms total 44.011ms
08-03 18:54:09.918 22395 24996 I art     : Starting a blocking GC Explicit
08-03 18:54:09.963 22395 24996 I art     : Explicit concurrent mark sweep GC freed 23(752B) AllocSpace objects, 0(0B) LOS objects, 23% free, 50MB/66MB, paused 1.670ms total 43.982ms
08-03 18:54:09.976 22395 24996 I art     : Starting a blocking GC Explicit
08-03 18:54:10.018 22395 24996 I art     : Explicit concurrent mark sweep GC freed 3(96B) AllocSpace objects, 0(0B) LOS objects, 23% free, 50MB/66MB, paused 1.618ms total 42.091ms
08-03 18:54:10.031 22395 24996 I art     : Starting a blocking GC Explicit
08-03 18:54:10.071 22395 24996 I art     : Explicit concurrent mark sweep GC freed 3(96B) AllocSpace objects, 0(0B) LOS objects, 23% free, 50MB/66MB, paused 1.507ms total 39.931ms
08-03 18:54:10.083 22395 24996 I art     : Starting a blocking GC Explicit
08-03 18:54:10.125 22395 24996 I art     : Explicit concurrent mark sweep GC freed 3(96B) AllocSpace objects, 0(0B) LOS objects, 23% free, 50MB/66MB, paused 1.630ms total 41.625ms
08-03 18:54:10.211 25795 25795 D AndroidRuntime: >>>>>> START com.android.internal.os.RuntimeInit uid 2000 <<<<<<
08-03 18:54:10.219 25795 25795 D AndroidRuntime: CheckJNI is OFF
08-03 18:54:10.268 25795 25795 D ICU     : No timezone override file found: /data/misc/zoneinfo/current/icu/icu_tzdata.dat
08-03 18:54:10.313 25795 25795 I Radio-JNI: register_android_hardware_Radio DONE
08-03 18:54:10.341 25795 25795 D AndroidRuntime: Calling main entry com.android.commands.input.Input
08-03 18:54:10.343 25795 25795 I Input   : injectMotionEvent: MotionEvent { action=ACTION_DOWN, actionButton=0, id[0]=0, x[0]=526.0, y[0]=597.0, toolType[0]=TOOL_TYPE_UNKNOWN, buttonState=0, metaState=0, flags=0x0, edgeFlags=0x0, pointerCount=1, historySize=0, eventTime=644066755, downTime=644066755, deviceId=0, source=0x1002 }
08-03 18:54:10.348 25795 25795 I Input   : injectMotionEvent: MotionEvent { action=ACTION_UP, actionButton=0, id[0]=0, x[0]=526.0, y[0]=597.0, toolType[0]=TOOL_TYPE_UNKNOWN, buttonState=0, metaState=0, flags=0x0, edgeFlags=0x0, pointerCount=1, historySize=0, eventTime=644066755, downTime=644066755, deviceId=0, source=0x1002 }
08-03 18:54:10.350 25795 25795 D AndroidRuntime: Shutting down VM
08-03 18:54:10.414 22395 22395 D PodcastListFragment: Selected podcast: GpodnetPodcast [url=http://feeds.feedburner.com/linuxoutlaws, title=Linux Outlaws, description=Two pragmatic geeks talk about the latest news concerning Linux, free and open
08-03 18:54:10.414 22395 22395 D PodcastListFragment: technology or anything else they deem noteworthy which may include such absurd
08-03 18:54:10.414 22395 22395 D PodcastListFragment: things as hockey or bands you never heard of. This means there's many a joke
08-03 18:54:10.414 22395 22395 D PodcastListFragment: and derailed conversation along the way, so don't come here expecting only
08-03 18:54:10.414 22395 22395 D PodcastListFragment: Linux or software freedom talk  just sit back and relax, partner., subscribers=3321, logoUrl=http://sixgun.org/files/linuxoutlaws.jpg, website=http://sixgun.org, mygpoLink=http://gpodder.net/podcast/linux-outlaws-mp3]
08-03 18:54:10.415   918  3961 I ActivityManager: START u0 {cmp=baseline.de.danoeh.antennapod.debug/baseline.de.danoeh.antennapod.activity.OnlineFeedViewActivity (has extras)} from uid 10633 on display 0
08-03 18:54:10.417   512  2967 D audio_hw_primary: out_set_parameters: enter: usecase(1: low-latency-playback) kvpairs: routing=2
08-03 18:54:10.430   512  2967 D audio_hw_primary: select_devices: out_snd_device(2: speaker) in_snd_device(0: none)
08-03 18:54:10.430   512  2967 D msm8974_platform: platform_send_audio_calibration: sending audio calibration for snd_device(2) acdb_id(15)
08-03 18:54:10.430   512  2967 I soundtrigger: audio_extn_sound_trigger_update_device_status: device 0x2 of type 0 for Event 1
08-03 18:54:10.439   512  2967 D audio_hw_primary: enable_snd_device: snd_device(2: speaker)
08-03 18:54:10.442   512  2967 D audio_hw_primary: enable_audio_route: apply and update mixer path: low-latency-playback speaker
08-03 18:54:10.446 22395 22395 D UserPreferences: Using default data folder
08-03 18:54:10.447 22395 22395 D OnlineFeedViewActivity: Activity was started with url http://feeds.feedburner.com/linuxoutlaws
08-03 18:54:10.451 22395 22395 D OnlineFeedViewActivity: Starting feed download
08-03 18:54:10.454 22395 22419 D DBReader: Extracting Feedlist
08-03 18:54:10.456   918  3670 D WifiService: acquireWifiLockLocked: WifiLock{Downloader type=1 binder=android.os.BinderProxy@11bfffb}
08-03 18:54:10.457 22395 22419 D AntennapodHttpClient: Creating new instance of HTTP client
08-03 18:54:10.486 22395 23788 I art     : Starting a blocking GC Explicit
08-03 18:54:10.513 13866 13866 I GoogleInputMethodServic: GoogleInputMethodService.onFinishInput():3138 
08-03 18:54:10.513 13866 13866 I GoogleInputMethodServic: GoogleInputMethodService.onStartInput():1808 
08-03 18:54:10.527 22395 23788 I art     : Explicit concurrent mark sweep GC freed 2786(186KB) AllocSpace objects, 1(20KB) LOS objects, 23% free, 51MB/67MB, paused 1.963ms total 40.816ms
08-03 18:54:10.541 22395 23788 I art     : Starting a blocking GC Explicit
08-03 18:54:10.546 22395 22419 D MYTAG   : interceptor 3a http://feeds.feedburner.com/linuxoutlaws
08-03 18:54:10.546   918   936 I ActivityManager: Displayed baseline.de.danoeh.antennapod.debug/baseline.de.danoeh.antennapod.activity.OnlineFeedViewActivity: +121ms
08-03 18:54:10.546 22395 22419 I NAPPA_EXPERIMENTATION: MetricNetworkRequestExecutionTime: REQUEST_DURATION_SYSTEM='88',REQUEST_DURATION_OKHTTP='42',REQUEST_SYNCHRONOUS='TRUE',RESPONSE_CODE='200',RESPONSE_METHOD='GET',RESPONSE_LENGTH_OKHTTP='-1',RESPONSE_LENGTH_HEADER='-2',REQUEST_PROTOCOL='http/1.1',REQUEST_URL='http://feeds.feedburner.com/linuxoutlaws',
08-03 18:54:10.547 22395 22419 D HttpDownloader: Response code is 200
08-03 18:54:10.547 22395 22419 D UserPreferences: Using default data folder
08-03 18:54:10.549 22395 22419 D HttpDownloader: Getting size of download
08-03 18:54:10.549 22395 22419 D HttpDownloader: Size is -1
08-03 18:54:10.549 22395 22419 D UserPreferences: Using default data folder
08-03 18:54:10.549 22395 22419 D HttpDownloader: Free space is 20612947968
08-03 18:54:10.549 22395 22419 D HttpDownloader: Starting download
08-03 18:54:10.569 22395 22419 D HttpDownloader: Download was successful
08-03 18:54:10.570   918  4400 D WifiService: releaseWifiLockLocked: WifiLock{Downloader type=1 binder=android.os.BinderProxy@11bfffb}
08-03 18:54:10.575 22395 22420 D OpenGLRenderer: endAllStagingAnimators on 0x7f7c127800 (GridView) with handle 0x7f79aff400
08-03 18:54:10.580 22395 22395 D OnlineFeedViewActivity: Parsing feed
08-03 18:54:10.584 22395 23788 I art     : Explicit concurrent mark sweep GC freed 616(61KB) AllocSpace objects, 0(0B) LOS objects, 23% free, 51MB/67MB, paused 1.558ms total 42.852ms
08-03 18:54:10.585 22395 25829 D TypeGetter: Recognized type RSS 2.0
08-03 18:54:10.588 22395 25829 D SyndHandler: Recognized Content namespace
08-03 18:54:10.588 22395 25829 D SyndHandler: Recognized DublinCore namespace
08-03 18:54:10.588 22395 25829 D SyndHandler: Recognized Atom namespace
08-03 18:54:10.588 22395 25829 D SyndHandler: Recognized ITunes namespace
08-03 18:54:10.588 22395 25829 D SyndHandler: Recognized media namespace
08-03 18:54:10.596 22395 23788 I art     : Starting a blocking GC Explicit
08-03 18:54:10.637 22395 23788 I art     : Explicit concurrent mark sweep GC freed 1913(383KB) AllocSpace objects, 3(60KB) LOS objects, 23% free, 51MB/67MB, paused 1.823ms total 40.767ms
08-03 18:54:10.638 22395 25829 D OnlineFeedViewActivity: Deleted feed source file. Result: true
08-03 18:54:10.639 22395 22395 D OnlineFeedViewActivity: Removing HTML from shownotes
08-03 18:54:10.650 22395 23788 I art     : Starting a blocking GC Explicit
08-03 18:54:10.662 22395 23326 D ApOkHttpUrlLoader: buildLoadData() called with: model = [http://sixgun.org/files/linuxoutlaws.jpg], width = [350], height = [350]
08-03 18:54:10.663 22395 23146 D DBReader: getImageAuthentication() called with: imageUrl = [http://sixgun.org/files/linuxoutlaws.jpg]
08-03 18:54:10.667 22395 23146 D ApOkHttpUrlLoader: no credentials for 'http://sixgun.org/files/linuxoutlaws.jpg'
08-03 18:54:10.695 22395 23788 I art     : Explicit concurrent mark sweep GC freed 3813(327KB) AllocSpace objects, 11(748KB) LOS objects, 23% free, 51MB/67MB, paused 1.643ms total 44.973ms
08-03 18:54:10.709 22395 23788 I art     : Starting a blocking GC Explicit
08-03 18:54:10.744 22395 23146 D DBWriter: updateFeedDownloadURL(original: http://sixgun.org/files/linuxoutlaws.jpg, updated: https://fab.industries/sixgun/files/linuxoutlaws.jpg)
08-03 18:54:10.752 22395 23788 I art     : Explicit concurrent mark sweep GC freed 881(47KB) AllocSpace objects, 0(0B) LOS objects, 23% free, 51MB/67MB, paused 1.858ms total 42.798ms
08-03 18:54:10.787   380   380 W SurfaceFlinger: couldn't log to binary event log: overflow.
08-03 18:54:10.890 22395 23146 D MYTAG   : interceptor 2a
08-03 18:54:10.890 22395 23146 I NAPPA_EXPERIMENTATION: MetricNetworkRequestExecutionTime: REQUEST_DURATION_SYSTEM='223',REQUEST_DURATION_OKHTTP='143',REQUEST_SYNCHRONOUS='TRUE',RESPONSE_CODE='404',RESPONSE_METHOD='GET',RESPONSE_LENGTH_OKHTTP='-1',RESPONSE_LENGTH_HEADER='1503',REQUEST_PROTOCOL='h2',REQUEST_URL='https://fab.industries/sixgun/files/linuxoutlaws.jpg',
08-03 18:54:10.892 22395 22395 W Glide   : Load failed for http://sixgun.org/files/linuxoutlaws.jpg with size [350x350]
08-03 18:54:10.892 22395 22395 W Glide   : class com.bumptech.glide.load.engine.GlideException: Failed to load resource
08-03 18:54:10.892 22395 22395 W Glide   : There was 1 cause:
08-03 18:54:10.892 22395 22395 W Glide   : com.bumptech.glide.load.HttpException()
08-03 18:54:10.892 22395 22395 W Glide   :  call GlideException#logRootCauses(String) for more detail
08-03 18:54:10.892 22395 22395 W Glide   :   Cause (1 of 1): class com.bumptech.glide.load.engine.GlideException: Fetching data failed, class java.io.InputStream, REMOTE
08-03 18:54:10.892 22395 22395 W Glide   : There was 1 cause:
08-03 18:54:10.892 22395 22395 W Glide   : com.bumptech.glide.load.HttpException()
08-03 18:54:10.892 22395 22395 W Glide   :  call GlideException#logRootCauses(String) for more detail
08-03 18:54:10.892 22395 22395 W Glide   :     Cause (1 of 1): class com.bumptech.glide.load.HttpException: 
08-03 18:54:10.892 22395 22395 I Glide   : Root cause (1 of 1)
08-03 18:54:10.892 22395 22395 I Glide   : com.bumptech.glide.load.HttpException: 
08-03 18:54:10.892 22395 22395 I Glide   : 	at com.bumptech.glide.integration.okhttp3.OkHttpStreamFetcher.onResponse(OkHttpStreamFetcher.java:73)
08-03 18:54:10.892 22395 22395 I Glide   : 	at okhttp3.RealCall$AsyncCall.execute(RealCall.java:174)
08-03 18:54:10.892 22395 22395 I Glide   : 	at okhttp3.internal.NamedRunnable.run(NamedRunnable.java:32)
08-03 18:54:10.892 22395 22395 I Glide   : 	at java.util.concurrent.ThreadPoolExecutor.runWorker(ThreadPoolExecutor.java:1113)
08-03 18:54:10.892 22395 22395 I Glide   : 	at java.util.concurrent.ThreadPoolExecutor$Worker.run(ThreadPoolExecutor.java:588)
08-03 18:54:10.892 22395 22395 I Glide   : 	at java.lang.Thread.run(Thread.java:818)
08-03 18:54:10.926 22395 22395 D PlaybackController: Releasing PlaybackController
08-03 18:54:10.989   512  2967 D audio_hw_primary: disable_audio_route: reset and update mixer path: low-latency-playback speaker
08-03 18:54:10.989   512  2967 D audio_hw_primary: disable_snd_device: snd_device(2: speaker)
08-03 18:54:10.997   512  2967 I soundtrigger: audio_extn_sound_trigger_update_device_status: device 0x2 of type 0 for Event 0
08-03 18:54:11.074 24424 24424 I ServiceManager: Waiting for service AtCmdFwd...
08-03 18:54:11.107 22395 22423 I art     : Starting a blocking GC Explicit
08-03 18:54:11.159 22395 22423 I art     : Explicit concurrent mark sweep GC freed 2169(145KB) AllocSpace objects, 2(132KB) LOS objects, 23% free, 51MB/67MB, paused 1.841ms total 51.428ms
08-03 18:54:11.175 22395 22423 I art     : Starting a blocking GC Explicit
08-03 18:54:11.221 22395 22423 I art     : Explicit concurrent mark sweep GC freed 50(1776B) AllocSpace objects, 0(0B) LOS objects, 23% free, 51MB/67MB, paused 1.635ms total 45.914ms
08-03 18:54:11.235 22395 22423 I art     : Starting a blocking GC Explicit
08-03 18:54:11.281 22395 22423 I art     : Explicit concurrent mark sweep GC freed 3(96B) AllocSpace objects, 0(0B) LOS objects, 23% free, 51MB/67MB, paused 1.513ms total 45.868ms
08-03 18:54:11.294 22395 22423 I art     : Starting a blocking GC Explicit
08-03 18:54:11.340 22395 22423 I art     : Explicit concurrent mark sweep GC freed 3(96B) AllocSpace objects, 0(0B) LOS objects, 23% free, 51MB/67MB, paused 1.649ms total 45.713ms
08-03 18:54:11.354 22395 22423 I art     : Starting a blocking GC Explicit
08-03 18:54:11.400 22395 22423 I art     : Explicit concurrent mark sweep GC freed 3(96B) AllocSpace objects, 0(0B) LOS objects, 23% free, 51MB/67MB, paused 1.637ms total 45.982ms
08-03 18:54:11.772 22395 22408 I art     : Starting a blocking GC Explicit
08-03 18:54:11.829 22395 22408 I art     : Explicit concurrent mark sweep GC freed 1407(81KB) AllocSpace objects, 1(20KB) LOS objects, 23% free, 51MB/67MB, paused 1.830ms total 56.903ms
08-03 18:54:11.845 22395 22408 I art     : Starting a blocking GC Explicit
08-03 18:54:11.891 22395 22408 I art     : Explicit concurrent mark sweep GC freed 23(752B) AllocSpace objects, 0(0B) LOS objects, 23% free, 51MB/67MB, paused 1.634ms total 45.371ms
08-03 18:54:11.904 22395 22408 I art     : Starting a blocking GC Explicit
08-03 18:54:11.950 22395 22408 I art     : Explicit concurrent mark sweep GC freed 3(96B) AllocSpace objects, 0(0B) LOS objects, 23% free, 51MB/67MB, paused 1.637ms total 45.861ms
08-03 18:54:11.964 22395 22408 I art     : Starting a blocking GC Explicit
08-03 18:54:12.013   518   646 I ThermalEngine: ACTION: GPU - Setting GPU[0] to 390000000
08-03 18:54:12.035 22395 22408 I art     : Explicit concurrent mark sweep GC freed 3(96B) AllocSpace objects, 0(0B) LOS objects, 23% free, 51MB/67MB, paused 5.438ms total 70.526ms
08-03 18:54:12.067 22395 22408 I art     : Starting a blocking GC Explicit
08-03 18:54:12.075 24424 24424 I ServiceManager: Waiting for service AtCmdFwd...
08-03 18:54:12.137 22395 22408 I art     : Explicit concurrent mark sweep GC freed 3(96B) AllocSpace objects, 0(0B) LOS objects, 23% free, 51MB/67MB, paused 2.378ms total 70.301ms
08-03 18:54:12.587 22395 22423 I art     : Starting a blocking GC Explicit
08-03 18:54:12.647 22395 22423 I art     : Explicit concurrent mark sweep GC freed 1437(82KB) AllocSpace objects, 1(20KB) LOS objects, 23% free, 51MB/67MB, paused 2.401ms total 58.743ms
08-03 18:54:12.668 22395 22423 I art     : Starting a blocking GC Explicit
08-03 18:54:12.729 22395 22423 I art     : Explicit concurrent mark sweep GC freed 23(752B) AllocSpace objects, 0(0B) LOS objects, 23% free, 51MB/67MB, paused 2.650ms total 60.420ms
08-03 18:54:12.749 22395 22423 I art     : Starting a blocking GC Explicit
08-03 18:54:12.808 22395 22423 I art     : Explicit concurrent mark sweep GC freed 3(96B) AllocSpace objects, 0(0B) LOS objects, 23% free, 51MB/67MB, paused 2.291ms total 58.137ms
08-03 18:54:12.828 22395 22423 I art     : Starting a blocking GC Explicit
08-03 18:54:12.887 22395 22423 I art     : Explicit concurrent mark sweep GC freed 3(96B) AllocSpace objects, 0(0B) LOS objects, 23% free, 51MB/67MB, paused 2.795ms total 58.799ms
08-03 18:54:12.908 22395 22423 I art     : Starting a blocking GC Explicit
08-03 18:54:12.973 22395 22423 I art     : Explicit concurrent mark sweep GC freed 3(96B) AllocSpace objects, 0(0B) LOS objects, 23% free, 51MB/67MB, paused 2.668ms total 64.659ms
08-03 18:54:13.075 24424 24424 I ServiceManager: Waiting for service AtCmdFwd...
08-03 18:54:13.411 22395 22407 I art     : Starting a blocking GC Explicit
08-03 18:54:13.482 22395 22407 I art     : Explicit concurrent mark sweep GC freed 1407(81KB) AllocSpace objects, 1(20KB) LOS objects, 23% free, 51MB/67MB, paused 2.875ms total 70.443ms
08-03 18:54:13.507 22395 22407 I art     : Starting a blocking GC Explicit
08-03 18:54:13.568 22395 22407 I art     : Explicit concurrent mark sweep GC freed 44(1552B) AllocSpace objects, 0(0B) LOS objects, 23% free, 51MB/67MB, paused 2.296ms total 60.313ms
08-03 18:54:13.593 22395 22407 I art     : Starting a blocking GC Explicit
08-03 18:54:13.653 22395 22407 I art     : Explicit concurrent mark sweep GC freed 3(96B) AllocSpace objects, 0(0B) LOS objects, 23% free, 51MB/67MB, paused 2.747ms total 59.999ms
08-03 18:54:13.678 22395 22407 I art     : Starting a blocking GC Explicit
08-03 18:54:13.737 22395 22407 I art     : Explicit concurrent mark sweep GC freed 3(96B) AllocSpace objects, 0(0B) LOS objects, 23% free, 51MB/67MB, paused 2.293ms total 57.915ms
08-03 18:54:13.757 22395 22407 I art     : Starting a blocking GC Explicit
08-03 18:54:13.816 22395 22407 I art     : Explicit concurrent mark sweep GC freed 3(96B) AllocSpace objects, 0(0B) LOS objects, 23% free, 51MB/67MB, paused 2.595ms total 58.146ms
08-03 18:54:14.010   518   646 I ThermalEngine: ACTION: GPU - Setting GPU[0] to 450000000
08-03 18:54:14.076 24424 24424 I ServiceManager: Waiting for service AtCmdFwd...
08-03 18:54:14.199 22395 22408 I art     : Starting a blocking GC Explicit
08-03 18:54:14.260 22395 22408 I art     : Explicit concurrent mark sweep GC freed 1378(80KB) AllocSpace objects, 1(20KB) LOS objects, 23% free, 51MB/67MB, paused 1.976ms total 60.642ms
08-03 18:54:14.277 22395 22408 I art     : Starting a blocking GC Explicit
08-03 18:54:14.325 22395 22408 I art     : Explicit concurrent mark sweep GC freed 23(752B) AllocSpace objects, 0(0B) LOS objects, 23% free, 51MB/67MB, paused 1.656ms total 47.125ms
08-03 18:54:14.339 22395 22408 I art     : Starting a blocking GC Explicit
08-03 18:54:14.389 22395 22408 I art     : Explicit concurrent mark sweep GC freed 3(96B) AllocSpace objects, 0(0B) LOS objects, 23% free, 51MB/67MB, paused 1.753ms total 50.297ms
08-03 18:54:14.403 22395 22408 I art     : Starting a blocking GC Explicit
08-03 18:54:14.450 22395 22408 I art     : Explicit concurrent mark sweep GC freed 32(880B) AllocSpace objects, 0(0B) LOS objects, 23% free, 51MB/67MB, paused 1.675ms total 47.054ms
08-03 18:54:14.464 22395 22408 I art     : Starting a blocking GC Explicit
08-03 18:54:14.514 22395 22408 I art     : Explicit concurrent mark sweep GC freed 3(96B) AllocSpace objects, 0(0B) LOS objects, 23% free, 51MB/67MB, paused 1.678ms total 49.433ms
08-03 18:54:14.852 22395 24996 I art     : Starting a blocking GC Explicit
08-03 18:54:14.908 22395 24996 I art     : Explicit concurrent mark sweep GC freed 1381(84KB) AllocSpace objects, 1(20KB) LOS objects, 23% free, 51MB/67MB, paused 1.754ms total 55.689ms
08-03 18:54:14.923 22395 24996 I art     : Starting a blocking GC Explicit
08-03 18:54:14.971 22395 24996 I art     : Explicit concurrent mark sweep GC freed 23(752B) AllocSpace objects, 0(0B) LOS objects, 23% free, 51MB/67MB, paused 1.814ms total 47.325ms
08-03 18:54:14.985 22395 24996 I art     : Starting a blocking GC Explicit
08-03 18:54:15.031 22395 24996 I art     : Explicit concurrent mark sweep GC freed 3(96B) AllocSpace objects, 0(0B) LOS objects, 23% free, 51MB/67MB, paused 1.571ms total 45.277ms
08-03 18:54:15.044 22395 24996 I art     : Starting a blocking GC Explicit
08-03 18:54:15.076 24424 24424 I ServiceManager: Waiting for service AtCmdFwd...
08-03 18:54:15.085 22395 24996 I art     : Explicit concurrent mark sweep GC freed 3(96B) AllocSpace objects, 0(0B) LOS objects, 23% free, 51MB/67MB, paused 1.541ms total 40.271ms
08-03 18:54:15.097 22395 24996 I art     : Starting a blocking GC Explicit
08-03 18:54:15.138 22395 24996 I art     : Explicit concurrent mark sweep GC freed 3(96B) AllocSpace objects, 0(0B) LOS objects, 23% free, 51MB/67MB, paused 1.610ms total 40.565ms
08-03 18:54:15.153 25881 25881 D AndroidRuntime: >>>>>> START com.android.internal.os.RuntimeInit uid 2000 <<<<<<
08-03 18:54:15.159 25881 25881 D AndroidRuntime: CheckJNI is OFF
08-03 18:54:15.202 25881 25881 D ICU     : No timezone override file found: /data/misc/zoneinfo/current/icu/icu_tzdata.dat
08-03 18:54:15.248 25881 25881 I Radio-JNI: register_android_hardware_Radio DONE
08-03 18:54:15.281 25881 25881 D AndroidRuntime: Calling main entry com.android.commands.input.Input
08-03 18:54:15.283 25881 25881 I Input   : injectKeyEvent: KeyEvent { action=ACTION_DOWN, keyCode=KEYCODE_BACK, scanCode=0, metaState=0, flags=0x0, repeatCount=0, eventTime=644071696, downTime=644071696, deviceId=-1, source=0x101 }
08-03 18:54:15.291 25881 25881 I Input   : injectKeyEvent: KeyEvent { action=ACTION_UP, keyCode=KEYCODE_BACK, scanCode=0, metaState=0, flags=0x0, repeatCount=0, eventTime=644071696, downTime=644071696, deviceId=-1, source=0x101 }
08-03 18:54:15.300 25881 25881 D AndroidRuntime: Shutting down VM
08-03 18:54:15.306 22395 22395 V PlaybackController: initServiceNotRunning()
08-03 18:54:15.306 22395 22395 D ExternalPlayerFragment: Loading media info
08-03 18:54:15.308 22395 23326 D ApOkHttpUrlLoader: buildLoadData() called with: model = [http://sixgun.org/files/linuxoutlaws.jpg], width = [224], height = [224]
08-03 18:54:15.309 22395 23146 D DBReader: getImageAuthentication() called with: imageUrl = [http://sixgun.org/files/linuxoutlaws.jpg]
08-03 18:54:15.310 22395 22395 D UserPreferences: Using default data folder
08-03 18:54:15.310 22395 22419 D DBReader: getNavDrawerData() called with: 
08-03 18:54:15.312 22395 23146 D ApOkHttpUrlLoader: no credentials for 'http://sixgun.org/files/linuxoutlaws.jpg'
08-03 18:54:15.325 22395 22419 D DBReader: getDownloadedItems() called
08-03 18:54:15.326 22395 22419 D DBReader: getFavoriteIDList() called
08-03 18:54:15.327 22395 22419 D DBReader: getQueueIDList() called
08-03 18:54:15.328 22395 22419 D DBReader: Extracting Feedlist
08-03 18:54:15.343 13866 13866 I GoogleInputMethodServic: GoogleInputMethodService.onFinishInput():3138 
08-03 18:54:15.344 13866 13866 I GoogleInputMethodServic: GoogleInputMethodService.onStartInput():1808 
08-03 18:54:15.360 22395 22395 D MainActivity: getLastNavFragment() -> AddFeedFragment
08-03 18:54:15.456 22395 23146 D DBWriter: updateFeedDownloadURL(original: http://sixgun.org/files/linuxoutlaws.jpg, updated: https://fab.industries/sixgun/files/linuxoutlaws.jpg)
08-03 18:54:15.498 22395 24996 I art     : Starting a blocking GC Explicit
08-03 18:54:15.554 22395 24996 I art     : Explicit concurrent mark sweep GC freed 3132(186KB) AllocSpace objects, 1(20KB) LOS objects, 23% free, 51MB/67MB, paused 1.740ms total 55.388ms
08-03 18:54:15.554 22395 22406 I art     : WaitForGcToComplete blocked for 23.344ms for cause HeapTrim
08-03 18:54:15.570 22395 24996 I art     : Starting a blocking GC Explicit
08-03 18:54:15.603 22395 23146 D MYTAG   : interceptor 2a
08-03 18:54:15.603 22395 23146 I NAPPA_EXPERIMENTATION: MetricNetworkRequestExecutionTime: REQUEST_DURATION_SYSTEM='291',REQUEST_DURATION_OKHTTP='143',REQUEST_SYNCHRONOUS='TRUE',RESPONSE_CODE='404',RESPONSE_METHOD='GET',RESPONSE_LENGTH_OKHTTP='-1',RESPONSE_LENGTH_HEADER='1503',REQUEST_PROTOCOL='h2',REQUEST_URL='https://fab.industries/sixgun/files/linuxoutlaws.jpg',
08-03 18:54:15.605 22395 22395 W Glide   : Load failed for http://sixgun.org/files/linuxoutlaws.jpg with size [224x224]
08-03 18:54:15.605 22395 22395 W Glide   : class com.bumptech.glide.load.engine.GlideException: Failed to load resource
08-03 18:54:15.605 22395 22395 W Glide   : There was 1 cause:
08-03 18:54:15.605 22395 22395 W Glide   : com.bumptech.glide.load.HttpException()
08-03 18:54:15.605 22395 22395 W Glide   :  call GlideException#logRootCauses(String) for more detail
08-03 18:54:15.605 22395 22395 W Glide   :   Cause (1 of 1): class com.bumptech.glide.load.engine.GlideException: Fetching data failed, class java.io.InputStream, REMOTE
08-03 18:54:15.605 22395 22395 W Glide   : There was 1 cause:
08-03 18:54:15.605 22395 22395 W Glide   : com.bumptech.glide.load.HttpException()
08-03 18:54:15.605 22395 22395 W Glide   :  call GlideException#logRootCauses(String) for more detail
08-03 18:54:15.605 22395 22395 W Glide   :     Cause (1 of 1): class com.bumptech.glide.load.HttpException: 
08-03 18:54:15.605 22395 22395 I Glide   : Root cause (1 of 1)
08-03 18:54:15.605 22395 22395 I Glide   : com.bumptech.glide.load.HttpException: 
08-03 18:54:15.605 22395 22395 I Glide   : 	at com.bumptech.glide.integration.okhttp3.OkHttpStreamFetcher.onResponse(OkHttpStreamFetcher.java:73)
08-03 18:54:15.605 22395 22395 I Glide   : 	at okhttp3.RealCall$AsyncCall.execute(RealCall.java:174)
08-03 18:54:15.605 22395 22395 I Glide   : 	at okhttp3.internal.NamedRunnable.run(NamedRunnable.java:32)
08-03 18:54:15.605 22395 22395 I Glide   : 	at java.util.concurrent.ThreadPoolExecutor.runWorker(ThreadPoolExecutor.java:1113)
08-03 18:54:15.605 22395 22395 I Glide   : 	at java.util.concurrent.ThreadPoolExecutor$Worker.run(ThreadPoolExecutor.java:588)
08-03 18:54:15.605 22395 22395 I Glide   : 	at java.lang.Thread.run(Thread.java:818)
08-03 18:54:15.605 22395 22395 W Glide   : Load failed for http://sixgun.org/files/linuxoutlaws.jpg with size [224x224]
08-03 18:54:15.605 22395 22395 W Glide   : class com.bumptech.glide.load.engine.GlideException: Failed to load resource
08-03 18:54:15.605 22395 22395 W Glide   : There was 1 cause:
08-03 18:54:15.605 22395 22395 W Glide   : com.bumptech.glide.load.HttpException()
08-03 18:54:15.605 22395 22395 W Glide   :  call GlideException#logRootCauses(String) for more detail
08-03 18:54:15.605 22395 22395 W Glide   :   Cause (1 of 1): class com.bumptech.glide.load.engine.GlideException: Fetching data failed, class java.io.InputStream, REMOTE
08-03 18:54:15.605 22395 22395 W Glide   : There was 1 cause:
08-03 18:54:15.605 22395 22395 W Glide   : com.bumptech.glide.load.HttpException()
08-03 18:54:15.605 22395 22395 W Glide   :  call GlideException#logRootCauses(String) for more detail
08-03 18:54:15.605 22395 22395 W Glide   :     Cause (1 of 1): class com.bumptech.glide.load.HttpException: 
08-03 18:54:15.606 22395 22395 I Glide   : Root cause (1 of 1)
08-03 18:54:15.606 22395 22395 I Glide   : com.bumptech.glide.load.HttpException: 
08-03 18:54:15.606 22395 22395 I Glide   : 	at com.bumptech.glide.integration.okhttp3.OkHttpStreamFetcher.onResponse(OkHttpStreamFetcher.java:73)
08-03 18:54:15.606 22395 22395 I Glide   : 	at okhttp3.RealCall$AsyncCall.execute(RealCall.java:174)
08-03 18:54:15.606 22395 22395 I Glide   : 	at okhttp3.internal.NamedRunnable.run(NamedRunnable.java:32)
08-03 18:54:15.606 22395 22395 I Glide   : 	at java.util.concurrent.ThreadPoolExecutor.runWorker(ThreadPoolExecutor.java:1113)
08-03 18:54:15.606 22395 22395 I Glide   : 	at java.util.concurrent.ThreadPoolExecutor$Worker.run(ThreadPoolExecutor.java:588)
08-03 18:54:15.606 22395 22395 I Glide   : 	at java.lang.Thread.run(Thread.java:818)
08-03 18:54:15.623 22395 24996 I art     : Explicit concurrent mark sweep GC freed 893(95KB) AllocSpace objects, 0(0B) LOS objects, 23% free, 51MB/67MB, paused 1.630ms total 52.907ms
08-03 18:54:15.637 22395 24996 I art     : Starting a blocking GC Explicit
08-03 18:54:15.641   380   380 W SurfaceFlinger: couldn't log to binary event log: overflow.
08-03 18:54:15.681 22395 24996 I art     : Explicit concurrent mark sweep GC freed 771(31KB) AllocSpace objects, 0(0B) LOS objects, 23% free, 51MB/67MB, paused 1.643ms total 44.444ms
08-03 18:54:15.694 22395 24996 I art     : Starting a blocking GC Explicit
08-03 18:54:15.736 22395 24996 I art     : Explicit concurrent mark sweep GC freed 147(7KB) AllocSpace objects, 0(0B) LOS objects, 23% free, 51MB/67MB, paused 1.585ms total 41.975ms
08-03 18:54:15.749 22395 24996 I art     : Starting a blocking GC Explicit
08-03 18:54:15.794 22395 24996 I art     : Explicit concurrent mark sweep GC freed 2719(229KB) AllocSpace objects, 1(28KB) LOS objects, 23% free, 50MB/66MB, paused 1.577ms total 44.314ms
08-03 18:54:16.077 24424 24424 W Atfwd_Sendcmd: AtCmdFwd service not published, waiting... retryCnt : 5
08-03 18:54:16.161 22395 22423 I art     : Starting a blocking GC Explicit
08-03 18:54:16.221 22395 22423 I art     : Explicit concurrent mark sweep GC freed 1379(82KB) AllocSpace objects, 1(20KB) LOS objects, 23% free, 50MB/66MB, paused 1.767ms total 60.417ms
08-03 18:54:16.238 22395 22423 I art     : Starting a blocking GC Explicit
08-03 18:54:16.283 22395 22423 I art     : Explicit concurrent mark sweep GC freed 23(752B) AllocSpace objects, 0(0B) LOS objects, 23% free, 50MB/66MB, paused 1.612ms total 45.080ms
08-03 18:54:16.296 22395 22423 I art     : Starting a blocking GC Explicit
08-03 18:54:16.341 22395 22423 I art     : Explicit concurrent mark sweep GC freed 3(96B) AllocSpace objects, 0(0B) LOS objects, 23% free, 50MB/66MB, paused 1.611ms total 44.344ms
08-03 18:54:16.354 22395 22423 I art     : Starting a blocking GC Explicit
08-03 18:54:16.399 22395 22423 I art     : Explicit concurrent mark sweep GC freed 3(96B) AllocSpace objects, 0(0B) LOS objects, 23% free, 50MB/66MB, paused 1.654ms total 44.796ms
08-03 18:54:16.413 22395 22423 I art     : Starting a blocking GC Explicit
08-03 18:54:16.457 22395 22423 I art     : Explicit concurrent mark sweep GC freed 32(880B) AllocSpace objects, 0(0B) LOS objects, 23% free, 50MB/66MB, paused 1.683ms total 44.291ms
08-03 18:54:16.810 22395 22407 I art     : Starting a blocking GC Explicit
08-03 18:54:16.863 22395 22407 I art     : Explicit concurrent mark sweep GC freed 1380(81KB) AllocSpace objects, 1(20KB) LOS objects, 23% free, 50MB/66MB, paused 1.798ms total 52.426ms
08-03 18:54:16.879 22395 22407 I art     : Starting a blocking GC Explicit
08-03 18:54:16.923 22395 22407 I art     : Explicit concurrent mark sweep GC freed 23(752B) AllocSpace objects, 0(0B) LOS objects, 23% free, 50MB/66MB, paused 1.618ms total 43.427ms
08-03 18:54:16.936 22395 22407 I art     : Starting a blocking GC Explicit
08-03 18:54:16.982 22395 22407 I art     : Explicit concurrent mark sweep GC freed 18(576B) AllocSpace objects, 0(0B) LOS objects, 23% free, 50MB/66MB, paused 1.520ms total 45.536ms
08-03 18:54:16.996 22395 22407 I art     : Starting a blocking GC Explicit
08-03 18:54:17.039 22395 22407 I art     : Explicit concurrent mark sweep GC freed 15(480B) AllocSpace objects, 0(0B) LOS objects, 23% free, 50MB/66MB, paused 1.627ms total 42.581ms
08-03 18:54:17.051 22395 22407 I art     : Starting a blocking GC Explicit
08-03 18:54:17.094 22395 22407 I art     : Explicit concurrent mark sweep GC freed 15(480B) AllocSpace objects, 0(0B) LOS objects, 23% free, 50MB/66MB, paused 1.630ms total 42.825ms
08-03 18:54:17.111 25924 25924 D AndroidRuntime: >>>>>> START com.android.internal.os.RuntimeInit uid 2000 <<<<<<
08-03 18:54:17.117 25924 25924 D AndroidRuntime: CheckJNI is OFF
08-03 18:54:17.158 25924 25924 D ICU     : No timezone override file found: /data/misc/zoneinfo/current/icu/icu_tzdata.dat
08-03 18:54:17.201 25924 25924 I Radio-JNI: register_android_hardware_Radio DONE
08-03 18:54:17.230 25924 25924 D AndroidRuntime: Calling main entry com.android.commands.input.Input
08-03 18:54:17.232 25924 25924 I Input   : injectKeyEvent: KeyEvent { action=ACTION_DOWN, keyCode=KEYCODE_BACK, scanCode=0, metaState=0, flags=0x0, repeatCount=0, eventTime=644073645, downTime=644073645, deviceId=-1, source=0x101 }
08-03 18:54:17.239 25924 25924 I Input   : injectKeyEvent: KeyEvent { action=ACTION_UP, keyCode=KEYCODE_BACK, scanCode=0, metaState=0, flags=0x0, repeatCount=0, eventTime=644073645, downTime=644073645, deviceId=-1, source=0x101 }
08-03 18:54:17.263 25924 25924 D AndroidRuntime: Shutting down VM
08-03 18:54:17.444 22395 22407 I art     : Starting a blocking GC Explicit
08-03 18:54:17.492 22395 22407 I art     : Explicit concurrent mark sweep GC freed 3610(172KB) AllocSpace objects, 1(20KB) LOS objects, 23% free, 50MB/66MB, paused 1.662ms total 47.490ms
08-03 18:54:17.505 22395 22407 I art     : Starting a blocking GC Explicit
08-03 18:54:17.550 22395 22407 I art     : Explicit concurrent mark sweep GC freed 5335(394KB) AllocSpace objects, 9(1620KB) LOS objects, 24% free, 48MB/64MB, paused 1.737ms total 44.041ms
08-03 18:54:17.563 22395 22407 I art     : Starting a blocking GC Explicit
08-03 18:54:17.605 22395 22407 I art     : Explicit concurrent mark sweep GC freed 3(96B) AllocSpace objects, 0(0B) LOS objects, 24% free, 48MB/64MB, paused 1.629ms total 41.843ms
08-03 18:54:17.618 22395 22407 I art     : Starting a blocking GC Explicit
08-03 18:54:17.661 22395 22407 I art     : Explicit concurrent mark sweep GC freed 3(96B) AllocSpace objects, 0(0B) LOS objects, 24% free, 48MB/64MB, paused 1.596ms total 42.960ms
08-03 18:54:17.674 22395 22407 I art     : Starting a blocking GC Explicit
08-03 18:54:17.717 22395 22407 I art     : Explicit concurrent mark sweep GC freed 3(96B) AllocSpace objects, 0(0B) LOS objects, 24% free, 48MB/64MB, paused 1.643ms total 42.141ms
08-03 18:54:18.091 22395 23788 I art     : Starting a blocking GC Explicit
08-03 18:54:18.146 22395 23788 I art     : Explicit concurrent mark sweep GC freed 1379(81KB) AllocSpace objects, 1(20KB) LOS objects, 24% free, 48MB/64MB, paused 1.698ms total 53.924ms
08-03 18:54:18.161 22395 23788 I art     : Starting a blocking GC Explicit
08-03 18:54:18.204 22395 23788 I art     : Explicit concurrent mark sweep GC freed 23(752B) AllocSpace objects, 0(0B) LOS objects, 24% free, 48MB/64MB, paused 1.591ms total 42.305ms
08-03 18:54:18.217 22395 23788 I art     : Starting a blocking GC Explicit
08-03 18:54:18.260 22395 23788 I art     : Explicit concurrent mark sweep GC freed 3(96B) AllocSpace objects, 0(0B) LOS objects, 24% free, 48MB/64MB, paused 1.670ms total 42.566ms
08-03 18:54:18.273 22395 23788 I art     : Starting a blocking GC Explicit
08-03 18:54:18.315 22395 23788 I art     : Explicit concurrent mark sweep GC freed 3(96B) AllocSpace objects, 0(0B) LOS objects, 24% free, 48MB/64MB, paused 1.810ms total 42.462ms
08-03 18:54:18.329 22395 23788 I art     : Starting a blocking GC Explicit
08-03 18:54:18.371 22395 23788 I art     : Explicit concurrent mark sweep GC freed 3(96B) AllocSpace objects, 0(0B) LOS objects, 24% free, 48MB/64MB, paused 1.688ms total 42.569ms
08-03 18:54:18.716 22395 24996 I art     : Starting a blocking GC Explicit
08-03 18:54:18.766 22395 24996 I art     : Explicit concurrent mark sweep GC freed 1407(82KB) AllocSpace objects, 1(20KB) LOS objects, 24% free, 48MB/64MB, paused 1.736ms total 49.749ms
08-03 18:54:18.779 22395 24996 I art     : Starting a blocking GC Explicit
08-03 18:54:18.820 22395 24996 I art     : Explicit concurrent mark sweep GC freed 23(752B) AllocSpace objects, 0(0B) LOS objects, 24% free, 48MB/64MB, paused 1.560ms total 40.471ms
08-03 18:54:18.833 22395 24996 I art     : Starting a blocking GC Explicit
08-03 18:54:18.875 22395 24996 I art     : Explicit concurrent mark sweep GC freed 3(96B) AllocSpace objects, 0(0B) LOS objects, 24% free, 48MB/64MB, paused 1.667ms total 41.950ms
08-03 18:54:18.888 22395 24996 I art     : Starting a blocking GC Explicit
08-03 18:54:18.933 22395 24996 I art     : Explicit concurrent mark sweep GC freed 10(320B) AllocSpace objects, 0(0B) LOS objects, 24% free, 48MB/64MB, paused 2.222ms total 45.304ms
08-03 18:54:18.947 22395 24996 I art     : Starting a blocking GC Explicit
08-03 18:54:18.989 22395 24996 I art     : Explicit concurrent mark sweep GC freed 9(288B) AllocSpace objects, 0(0B) LOS objects, 24% free, 48MB/64MB, paused 1.759ms total 41.700ms
08-03 18:54:19.112 25978 25978 D AndroidRuntime: >>>>>> START com.android.internal.os.RuntimeInit uid 2000 <<<<<<
08-03 18:54:19.119 25978 25978 D AndroidRuntime: CheckJNI is OFF
08-03 18:54:19.161 25978 25978 D ICU     : No timezone override file found: /data/misc/zoneinfo/current/icu/icu_tzdata.dat
08-03 18:54:19.205 25978 25978 I Radio-JNI: register_android_hardware_Radio DONE
08-03 18:54:19.232 25978 25978 D AndroidRuntime: Calling main entry com.android.commands.am.Am
08-03 18:54:19.238 29687 29687 I Trepn   : Trepn 6.2s: Received intent: com.quicinc.trepn.stop_profiling
08-03 18:54:19.276 29687 29687 I Trepn   : Trepn 6.2s: Trepn has Stopped Profiling.
08-03 18:54:19.362 25978 25978 D AndroidRuntime: Shutting down VM
08-03 18:54:19.365 22395 23788 I art     : Starting a blocking GC Explicit
08-03 18:54:19.366   918   929 W AppOps  : Finishing op nesting under-run: uid 10078 pkg com.quicinc.trepn code 24 time=0 duration=0 nesting=0
08-03 18:54:19.403 22395 23788 I art     : Explicit concurrent mark sweep GC freed 1396(83KB) AllocSpace objects, 1(20KB) LOS objects, 24% free, 48MB/64MB, paused 1.417ms total 37.976ms
08-03 18:54:19.415 22395 23788 I art     : Starting a blocking GC Explicit
08-03 18:54:19.454 22395 23788 I art     : Explicit concurrent mark sweep GC freed 52(1536B) AllocSpace objects, 0(0B) LOS objects, 24% free, 48MB/64MB, paused 1.553ms total 38.401ms
08-03 18:54:19.466 22395 23788 I art     : Starting a blocking GC Explicit
08-03 18:54:19.512 22395 23788 I art     : Explicit concurrent mark sweep GC freed 3(96B) AllocSpace objects, 0(0B) LOS objects, 24% free, 48MB/64MB, paused 1.655ms total 45.724ms
08-03 18:54:19.525 22395 23788 I art     : Starting a blocking GC Explicit
08-03 18:54:19.572 22395 23788 I art     : Explicit concurrent mark sweep GC freed 3(96B) AllocSpace objects, 0(0B) LOS objects, 24% free, 48MB/64MB, paused 1.663ms total 46.277ms
08-03 18:54:19.585 22395 23788 I art     : Starting a blocking GC Explicit
08-03 18:54:19.628 22395 23788 I art     : Explicit concurrent mark sweep GC freed 3(96B) AllocSpace objects, 0(0B) LOS objects, 24% free, 48MB/64MB, paused 1.703ms total 42.996ms
08-03 18:54:19.980 22395 22408 I art     : Starting a blocking GC Explicit
08-03 18:54:20.024   518   646 I ThermalEngine: ACTION: GPU - Setting GPU[0] to 390000000
08-03 18:54:20.030 22395 22408 I art     : Explicit concurrent mark sweep GC freed 1380(81KB) AllocSpace objects, 1(20KB) LOS objects, 24% free, 48MB/64MB, paused 3.912ms total 49.818ms
08-03 18:54:20.055 22395 22408 I art     : Starting a blocking GC Explicit
08-03 18:54:20.111 22395 22408 I art     : Explicit concurrent mark sweep GC freed 23(752B) AllocSpace objects, 0(0B) LOS objects, 24% free, 48MB/64MB, paused 2.489ms total 56.012ms
08-03 18:54:20.130 22395 22408 I art     : Starting a blocking GC Explicit
08-03 18:54:20.180 22395 22408 I art     : Explicit concurrent mark sweep GC freed 3(96B) AllocSpace objects, 0(0B) LOS objects, 24% free, 48MB/64MB, paused 2.520ms total 49.611ms
08-03 18:54:20.199 22395 22408 I art     : Starting a blocking GC Explicit
08-03 18:54:20.250 22395 22408 I art     : Explicit concurrent mark sweep GC freed 3(96B) AllocSpace objects, 0(0B) LOS objects, 24% free, 48MB/64MB, paused 2.496ms total 50.300ms
08-03 18:54:20.268 22395 22408 I art     : Starting a blocking GC Explicit
08-03 18:54:20.320 22395 22408 I art     : Explicit concurrent mark sweep GC freed 3(96B) AllocSpace objects, 0(0B) LOS objects, 24% free, 48MB/64MB, paused 2.520ms total 51.014ms
08-03 18:54:22.025   518   646 I ThermalEngine: ACTION: GPU - Setting GPU[0] to 450000000
