08-03 18:51:50.060 22395 22423 I art     : Explicit concurrent mark sweep GC freed 3(96B) AllocSpace objects, 0(0B) LOS objects, 40% free, 22MB/37MB, paused 229us total 16.120ms
08-03 18:51:50.067 22395 22423 I art     : Starting a blocking GC Explicit
08-03 18:51:50.082 22395 22423 I art     : Explicit concurrent mark sweep GC freed 3(96B) AllocSpace objects, 0(0B) LOS objects, 40% free, 22MB/37MB, paused 187us total 14.711ms
08-03 18:51:50.089 22395 22423 I art     : Starting a blocking GC Explicit
08-03 18:51:50.104 22395 22423 I art     : Explicit concurrent mark sweep GC freed 3(96B) AllocSpace objects, 0(0B) LOS objects, 40% free, 22MB/37MB, paused 179us total 14.701ms
08-03 18:51:50.138   512  2967 D audio_hw_primary: disable_audio_route: reset and update mixer path: low-latency-playback speaker
08-03 18:51:50.139   512  2967 D audio_hw_primary: disable_snd_device: snd_device(2: speaker)
08-03 18:51:50.147   512  2967 I soundtrigger: audio_extn_sound_trigger_update_device_status: device 0x2 of type 0 for Event 0
08-03 18:51:50.201 22695 22695 D AndroidRuntime: >>>>>> START com.android.internal.os.RuntimeInit uid 2000 <<<<<<
08-03 18:51:50.206 22695 22695 D AndroidRuntime: CheckJNI is OFF
08-03 18:51:50.239 22695 22695 D ICU     : No timezone override file found: /data/misc/zoneinfo/current/icu/icu_tzdata.dat
08-03 18:51:50.270 22695 22695 I Radio-JNI: register_android_hardware_Radio DONE
08-03 18:51:50.291 22695 22695 D AndroidRuntime: Calling main entry com.android.commands.input.Input
08-03 18:51:50.293 22695 22695 I Input   : injectMotionEvent: MotionEvent { action=ACTION_DOWN, actionButton=0, id[0]=0, x[0]=324.0, y[0]=2298.0, toolType[0]=TOOL_TYPE_UNKNOWN, buttonState=0, metaState=0, flags=0x0, edgeFlags=0x0, pointerCount=1, historySize=0, eventTime=643926706, downTime=643926706, deviceId=0, source=0x1002 }
08-03 18:51:50.301 22695 22695 I Input   : injectMotionEvent: MotionEvent { action=ACTION_UP, actionButton=0, id[0]=0, x[0]=324.0, y[0]=2298.0, toolType[0]=TOOL_TYPE_UNKNOWN, buttonState=0, metaState=0, flags=0x0, edgeFlags=0x0, pointerCount=1, historySize=0, eventTime=643926706, downTime=643926706, deviceId=0, source=0x1002 }
08-03 18:51:50.302 22695 22695 D AndroidRuntime: Shutting down VM
08-03 18:51:50.319   918  3714 I ActivityManager: START u0 {cmp=baseline.de.danoeh.antennapod.debug/baseline.de.danoeh.antennapod.activity.PreferenceActivity} from uid 10633 on display 0
08-03 18:51:50.322   512  2967 D audio_hw_primary: out_set_parameters: enter: usecase(1: low-latency-playback) kvpairs: routing=2
08-03 18:51:50.336   512  2967 D audio_hw_primary: select_devices: out_snd_device(2: speaker) in_snd_device(0: none)
08-03 18:51:50.336   512  2967 D msm8974_platform: platform_send_audio_calibration: sending audio calibration for snd_device(2) acdb_id(15)
08-03 18:51:50.336   512  2967 I soundtrigger: audio_extn_sound_trigger_update_device_status: device 0x2 of type 0 for Event 1
08-03 18:51:50.346   512  2967 D audio_hw_primary: enable_snd_device: snd_device(2: speaker)
08-03 18:51:50.348   512  2967 D audio_hw_primary: enable_audio_route: apply and update mixer path: low-latency-playback speaker
08-03 18:51:50.371 22395 22408 I art     : Starting a blocking GC Explicit
08-03 18:51:50.389 22395 22408 I art     : Explicit concurrent mark sweep GC freed 2393(253KB) AllocSpace objects, 2(40KB) LOS objects, 40% free, 22MB/37MB, paused 883us total 18.208ms
08-03 18:51:50.390   512  2967 D AudioFlinger: mixer(0xf4740000) throttle end: throttle time(12)
08-03 18:51:50.397 22395 22408 I art     : Starting a blocking GC Explicit
08-03 18:51:50.413 22395 22408 I art     : Explicit concurrent mark sweep GC freed 449(45KB) AllocSpace objects, 0(0B) LOS objects, 40% free, 22MB/37MB, paused 229us total 15.441ms
08-03 18:51:50.421 22395 22408 I art     : Starting a blocking GC Explicit
08-03 18:51:50.435 22395 22408 I art     : Explicit concurrent mark sweep GC freed 87(3KB) AllocSpace objects, 0(0B) LOS objects, 40% free, 22MB/37MB, paused 189us total 14.303ms
08-03 18:51:50.436 22395 22406 I art     : WaitForGcToComplete blocked for 14.510ms for cause HeapTrim
08-03 18:51:50.443 22395 22408 I art     : Starting a blocking GC Explicit
08-03 18:51:50.460 22395 22408 I art     : Explicit concurrent mark sweep GC freed 1183(114KB) AllocSpace objects, 0(0B) LOS objects, 40% free, 22MB/38MB, paused 479us total 16.469ms
08-03 18:51:50.467 22395 22408 I art     : Starting a blocking GC Explicit
08-03 18:51:50.484 22395 22408 I art     : Explicit concurrent mark sweep GC freed 341(30KB) AllocSpace objects, 0(0B) LOS objects, 40% free, 23MB/38MB, paused 467us total 17.086ms
08-03 18:51:50.612 13866 13866 I GoogleInputMethodServic: GoogleInputMethodService.onFinishInput():3138 
08-03 18:51:50.613   918   936 I ActivityManager: Displayed baseline.de.danoeh.antennapod.debug/baseline.de.danoeh.antennapod.activity.PreferenceActivity: +268ms
08-03 18:51:50.616 13866 13866 I GoogleInputMethodServic: GoogleInputMethodService.onStartInput():1808 
08-03 18:51:50.640 22395 22420 D OpenGLRenderer: endAllStagingAnimators on 0x7f7f043000 (RippleDrawable) with handle 0x7f7e1dca20
08-03 18:51:50.719 22395 22407 I art     : Starting a blocking GC Explicit
08-03 18:51:50.736 22395 22407 I art     : Explicit concurrent mark sweep GC freed 1985(105KB) AllocSpace objects, 1(20KB) LOS objects, 40% free, 23MB/38MB, paused 176us total 17.665ms
08-03 18:51:50.744 22395 22407 I art     : Starting a blocking GC Explicit
08-03 18:51:50.762 22395 22407 I art     : Explicit concurrent mark sweep GC freed 92(4KB) AllocSpace objects, 0(0B) LOS objects, 40% free, 23MB/38MB, paused 179us total 17.651ms
08-03 18:51:50.771 22395 22407 I art     : Starting a blocking GC Explicit
08-03 18:51:50.788 22395 22407 I art     : Explicit concurrent mark sweep GC freed 3(96B) AllocSpace objects, 0(0B) LOS objects, 40% free, 23MB/38MB, paused 189us total 17.385ms
08-03 18:51:50.796 22395 22407 I art     : Starting a blocking GC Explicit
08-03 18:51:50.819 22395 22407 I art     : Explicit concurrent mark sweep GC freed 3(96B) AllocSpace objects, 0(0B) LOS objects, 40% free, 23MB/38MB, paused 199us total 22.115ms
08-03 18:51:50.829 22395 22407 I art     : Starting a blocking GC Explicit
08-03 18:51:50.851 22395 22407 I art     : Explicit concurrent mark sweep GC freed 3(96B) AllocSpace objects, 0(0B) LOS objects, 40% free, 23MB/38MB, paused 229us total 21.643ms
08-03 18:51:50.868   380   380 W SurfaceFlinger: couldn't log to binary event log: overflow.
08-03 18:51:50.880   512  2967 D audio_hw_primary: disable_audio_route: reset and update mixer path: low-latency-playback speaker
08-03 18:51:50.881   512  2967 D audio_hw_primary: disable_snd_device: snd_device(2: speaker)
08-03 18:51:50.889   512  2967 I soundtrigger: audio_extn_sound_trigger_update_device_status: device 0x2 of type 0 for Event 0
08-03 18:51:50.993 22395 22395 D PlaybackController: Releasing PlaybackController
08-03 18:51:51.143 22395 22408 I art     : Starting a blocking GC Explicit
08-03 18:51:51.163 22395 22408 I art     : Explicit concurrent mark sweep GC freed 1620(97KB) AllocSpace objects, 1(20KB) LOS objects, 40% free, 23MB/39MB, paused 206us total 20.240ms
08-03 18:51:51.172 22395 22408 I art     : Starting a blocking GC Explicit
08-03 18:51:51.191 22395 22408 I art     : Explicit concurrent mark sweep GC freed 63(2064B) AllocSpace objects, 0(0B) LOS objects, 40% free, 23MB/39MB, paused 203us total 18.809ms
08-03 18:51:51.199 22395 22408 I art     : Starting a blocking GC Explicit
08-03 18:51:51.219 22395 22408 I art     : Explicit concurrent mark sweep GC freed 3(96B) AllocSpace objects, 0(0B) LOS objects, 40% free, 23MB/39MB, paused 200us total 19.393ms
08-03 18:51:51.227 22395 22408 I art     : Starting a blocking GC Explicit
08-03 18:51:51.247 22395 22408 I art     : Explicit concurrent mark sweep GC freed 3(96B) AllocSpace objects, 0(0B) LOS objects, 40% free, 23MB/39MB, paused 224us total 18.964ms
08-03 18:51:51.255 22395 22408 I art     : Starting a blocking GC Explicit
08-03 18:51:51.274 22395 22408 I art     : Explicit concurrent mark sweep GC freed 3(96B) AllocSpace objects, 0(0B) LOS objects, 40% free, 23MB/39MB, paused 205us total 18.389ms
08-03 18:51:51.551 22395 22423 I art     : Starting a blocking GC Explicit
08-03 18:51:51.571 22395 22423 I art     : Explicit concurrent mark sweep GC freed 1387(80KB) AllocSpace objects, 1(20KB) LOS objects, 40% free, 23MB/39MB, paused 219us total 19.392ms
08-03 18:51:51.579 22395 22423 I art     : Starting a blocking GC Explicit
08-03 18:51:51.597 22395 22423 I art     : Explicit concurrent mark sweep GC freed 23(752B) AllocSpace objects, 0(0B) LOS objects, 40% free, 23MB/39MB, paused 201us total 18.060ms
08-03 18:51:51.605 22395 22423 I art     : Starting a blocking GC Explicit
08-03 18:51:51.623 22395 22423 I art     : Explicit concurrent mark sweep GC freed 3(96B) AllocSpace objects, 0(0B) LOS objects, 40% free, 23MB/39MB, paused 200us total 17.593ms
08-03 18:51:51.631 22395 22423 I art     : Starting a blocking GC Explicit
08-03 18:51:51.650 22395 22423 I art     : Explicit concurrent mark sweep GC freed 3(96B) AllocSpace objects, 0(0B) LOS objects, 40% free, 23MB/39MB, paused 203us total 18.150ms
08-03 18:51:51.658 22395 22423 I art     : Starting a blocking GC Explicit
08-03 18:51:51.676 22395 22423 I art     : Explicit concurrent mark sweep GC freed 3(96B) AllocSpace objects, 0(0B) LOS objects, 40% free, 23MB/39MB, paused 196us total 17.828ms
08-03 18:51:51.761   518   646 I ThermalEngine: ACTION: GPU - Setting GPU[0] to 450000000
08-03 18:51:51.949 22395 22407 I art     : Starting a blocking GC Explicit
08-03 18:51:51.977 22395 22407 I art     : Explicit concurrent mark sweep GC freed 1360(80KB) AllocSpace objects, 1(20KB) LOS objects, 40% free, 23MB/39MB, paused 289us total 27.673ms
08-03 18:51:51.989 22395 22407 I art     : Starting a blocking GC Explicit
08-03 18:51:52.005 22759 22759 D AndroidRuntime: >>>>>> START com.android.internal.os.RuntimeInit uid 2000 <<<<<<
08-03 18:51:52.011 22759 22759 D AndroidRuntime: CheckJNI is OFF
08-03 18:51:52.014 22395 22407 I art     : Explicit concurrent mark sweep GC freed 23(752B) AllocSpace objects, 0(0B) LOS objects, 40% free, 23MB/39MB, paused 282us total 24.598ms
08-03 18:51:52.024 22395 22407 I art     : Starting a blocking GC Explicit
08-03 18:51:52.053 22395 22407 I art     : Explicit concurrent mark sweep GC freed 8(256B) AllocSpace objects, 0(0B) LOS objects, 40% free, 23MB/39MB, paused 265us total 28.413ms
08-03 18:51:52.057 22759 22759 D ICU     : No timezone override file found: /data/misc/zoneinfo/current/icu/icu_tzdata.dat
08-03 18:51:52.065 22395 22407 I art     : Starting a blocking GC Explicit
08-03 18:51:52.087 22395 22407 I art     : Explicit concurrent mark sweep GC freed 21(928B) AllocSpace objects, 0(0B) LOS objects, 40% free, 23MB/39MB, paused 625us total 22.089ms
08-03 18:51:52.098 22395 22407 I art     : Starting a blocking GC Explicit
08-03 18:51:52.102 22759 22759 I Radio-JNI: register_android_hardware_Radio DONE
08-03 18:51:52.119 22395 22407 I art     : Explicit concurrent mark sweep GC freed 95(4KB) AllocSpace objects, 0(0B) LOS objects, 40% free, 23MB/39MB, paused 239us total 21.126ms
08-03 18:51:52.130 22759 22759 D AndroidRuntime: Calling main entry com.android.commands.input.Input
08-03 18:51:52.132 22759 22759 I Input   : injectMotionEvent: MotionEvent { action=ACTION_DOWN, actionButton=0, id[0]=0, x[0]=400.0, y[0]=997.0, toolType[0]=TOOL_TYPE_UNKNOWN, buttonState=0, metaState=0, flags=0x0, edgeFlags=0x0, pointerCount=1, historySize=0, eventTime=643928544, downTime=643928544, deviceId=0, source=0x1002 }
08-03 18:51:52.139 22759 22759 I Input   : injectMotionEvent: MotionEvent { action=ACTION_UP, actionButton=0, id[0]=0, x[0]=400.0, y[0]=997.0, toolType[0]=TOOL_TYPE_UNKNOWN, buttonState=0, metaState=0, flags=0x0, edgeFlags=0x0, pointerCount=1, historySize=0, eventTime=643928544, downTime=643928544, deviceId=0, source=0x1002 }
08-03 18:51:52.145 22759 22759 D AndroidRuntime: Shutting down VM
08-03 18:51:52.160   512  2967 D audio_hw_primary: out_set_parameters: enter: usecase(1: low-latency-playback) kvpairs: routing=2
08-03 18:51:52.172   512  2967 D audio_hw_primary: select_devices: out_snd_device(2: speaker) in_snd_device(0: none)
08-03 18:51:52.173   512  2967 D msm8974_platform: platform_send_audio_calibration: sending audio calibration for snd_device(2) acdb_id(15)
08-03 18:51:52.173   512  2967 I soundtrigger: audio_extn_sound_trigger_update_device_status: device 0x2 of type 0 for Event 1
08-03 18:51:52.182   512  2967 D audio_hw_primary: enable_snd_device: snd_device(2: speaker)
08-03 18:51:52.184   512  2967 D audio_hw_primary: enable_audio_route: apply and update mixer path: low-latency-playback speaker
08-03 18:51:52.306 13866 13866 I GoogleInputMethodServic: GoogleInputMethodService.onFinishInput():3138 
08-03 18:51:52.307 13866 13866 I GoogleInputMethodServic: GoogleInputMethodService.onStartInput():1808 
08-03 18:51:52.379 22395 22408 I art     : Starting a blocking GC Explicit
08-03 18:51:52.404 22395 22408 I art     : Explicit concurrent mark sweep GC freed 3023(188KB) AllocSpace objects, 2(40KB) LOS objects, 40% free, 23MB/39MB, paused 273us total 24.788ms
08-03 18:51:52.414 22395 22408 I art     : Starting a blocking GC Explicit
08-03 18:51:52.437 22395 22408 I art     : Explicit concurrent mark sweep GC freed 205(9KB) AllocSpace objects, 0(0B) LOS objects, 40% free, 23MB/39MB, paused 271us total 22.737ms
08-03 18:51:52.447 22395 22408 I art     : Starting a blocking GC Explicit
08-03 18:51:52.470 22395 22408 I art     : Explicit concurrent mark sweep GC freed 3(96B) AllocSpace objects, 0(0B) LOS objects, 40% free, 23MB/39MB, paused 263us total 23.064ms
08-03 18:51:52.480 22395 22408 I art     : Starting a blocking GC Explicit
08-03 18:51:52.505 22395 22408 I art     : Explicit concurrent mark sweep GC freed 3(96B) AllocSpace objects, 0(0B) LOS objects, 40% free, 23MB/39MB, paused 269us total 24.186ms
08-03 18:51:52.515 22395 22408 I art     : Starting a blocking GC Explicit
08-03 18:51:52.539 22395 22408 I art     : Explicit concurrent mark sweep GC freed 3(96B) AllocSpace objects, 0(0B) LOS objects, 40% free, 23MB/39MB, paused 262us total 23.726ms
08-03 18:51:52.718   512  2967 D audio_hw_primary: disable_audio_route: reset and update mixer path: low-latency-playback speaker
08-03 18:51:52.719   512  2967 D audio_hw_primary: disable_snd_device: snd_device(2: speaker)
08-03 18:51:52.728   512  2967 I soundtrigger: audio_extn_sound_trigger_update_device_status: device 0x2 of type 0 for Event 0
08-03 18:51:52.823 22395 22407 I art     : Starting a blocking GC Explicit
08-03 18:51:52.849 22395 22407 I art     : Explicit concurrent mark sweep GC freed 1362(80KB) AllocSpace objects, 1(20KB) LOS objects, 40% free, 23MB/39MB, paused 277us total 25.833ms
08-03 18:51:52.864 22395 22407 I art     : Starting a blocking GC Explicit
08-03 18:51:52.889 22395 22407 I art     : Explicit concurrent mark sweep GC freed 23(752B) AllocSpace objects, 0(0B) LOS objects, 40% free, 23MB/39MB, paused 261us total 25.424ms
08-03 18:51:52.900 22395 22407 I art     : Starting a blocking GC Explicit
08-03 18:51:52.909 22792 22792 D AndroidRuntime: >>>>>> START com.android.internal.os.RuntimeInit uid 2000 <<<<<<
08-03 18:51:52.915 22792 22792 D AndroidRuntime: CheckJNI is OFF
08-03 18:51:52.925 22395 22407 I art     : Explicit concurrent mark sweep GC freed 3(96B) AllocSpace objects, 0(0B) LOS objects, 40% free, 23MB/39MB, paused 258us total 24.596ms
08-03 18:51:52.935 22395 22407 I art     : Starting a blocking GC Explicit
08-03 18:51:52.959 22792 22792 D ICU     : No timezone override file found: /data/misc/zoneinfo/current/icu/icu_tzdata.dat
08-03 18:51:52.960 22395 22407 I art     : Explicit concurrent mark sweep GC freed 3(96B) AllocSpace objects, 0(0B) LOS objects, 40% free, 23MB/39MB, paused 274us total 24.424ms
08-03 18:51:52.971 22395 22407 I art     : Starting a blocking GC Explicit
08-03 18:51:52.996 22395 22407 I art     : Explicit concurrent mark sweep GC freed 3(96B) AllocSpace objects, 0(0B) LOS objects, 40% free, 23MB/39MB, paused 272us total 24.206ms
08-03 18:51:53.002 22792 22792 I Radio-JNI: register_android_hardware_Radio DONE
08-03 18:51:53.031 22792 22792 D AndroidRuntime: Calling main entry com.android.commands.input.Input
08-03 18:51:53.033 22792 22792 I Input   : injectMotionEvent: MotionEvent { action=ACTION_DOWN, actionButton=0, id[0]=0, x[0]=697.0, y[0]=656.0, toolType[0]=TOOL_TYPE_UNKNOWN, buttonState=0, metaState=0, flags=0x0, edgeFlags=0x0, pointerCount=1, historySize=0, eventTime=643929446, downTime=643929446, deviceId=0, source=0x1002 }
08-03 18:51:53.037 22792 22792 I Input   : injectMotionEvent: MotionEvent { action=ACTION_UP, actionButton=0, id[0]=0, x[0]=697.0, y[0]=656.0, toolType[0]=TOOL_TYPE_UNKNOWN, buttonState=0, metaState=0, flags=0x0, edgeFlags=0x0, pointerCount=1, historySize=0, eventTime=643929446, downTime=643929446, deviceId=0, source=0x1002 }
08-03 18:51:53.039 22792 22792 D AndroidRuntime: Shutting down VM
08-03 18:51:53.059   512  2967 D audio_hw_primary: out_set_parameters: enter: usecase(1: low-latency-playback) kvpairs: routing=2
08-03 18:51:53.073   512  2967 D audio_hw_primary: select_devices: out_snd_device(2: speaker) in_snd_device(0: none)
08-03 18:51:53.073   512  2967 D msm8974_platform: platform_send_audio_calibration: sending audio calibration for snd_device(2) acdb_id(15)
08-03 18:51:53.073   512  2967 I soundtrigger: audio_extn_sound_trigger_update_device_status: device 0x2 of type 0 for Event 1
08-03 18:51:53.084   512  2967 D audio_hw_primary: enable_snd_device: snd_device(2: speaker)
08-03 18:51:53.087   512  2967 D audio_hw_primary: enable_audio_route: apply and update mixer path: low-latency-playback speaker
08-03 18:51:53.124 13866 13866 I GoogleInputMethodServic: GoogleInputMethodService.onFinishInput():3138 
08-03 18:51:53.125 13866 13866 I GoogleInputMethodServic: GoogleInputMethodService.onStartInput():1808 
08-03 18:51:53.129   512  2967 D AudioFlinger: mixer(0xf4740000) throttle end: throttle time(12)
08-03 18:51:53.267 22395 22408 I art     : Starting a blocking GC Explicit
08-03 18:51:53.297 22395 22408 I art     : Explicit concurrent mark sweep GC freed 2409(194KB) AllocSpace objects, 1(20KB) LOS objects, 40% free, 23MB/39MB, paused 312us total 30.515ms
08-03 18:51:53.309 22395 22408 I art     : Starting a blocking GC Explicit
08-03 18:51:53.335 22395 22408 I art     : Explicit concurrent mark sweep GC freed 165(7KB) AllocSpace objects, 0(0B) LOS objects, 40% free, 23MB/39MB, paused 273us total 25.298ms
08-03 18:51:53.346 22395 22408 I art     : Starting a blocking GC Explicit
08-03 18:51:53.355 29532 29532 W PathParser: Points are too far apart 4.030360828967057
08-03 18:51:53.356 29532 29532 W PathParser: Points are too far apart 4.030360538880159
08-03 18:51:53.370 22395 22408 I art     : Explicit concurrent mark sweep GC freed 3(96B) AllocSpace objects, 0(0B) LOS objects, 40% free, 23MB/39MB, paused 273us total 23.875ms
08-03 18:51:53.372 29532 29532 W PathParser: Points are too far apart 4.030360828967057
08-03 18:51:53.372 29532 29532 W PathParser: Points are too far apart 4.030360538880159
08-03 18:51:53.381 22395 22408 I art     : Starting a blocking GC Explicit
08-03 18:51:53.389 29532 29532 W PathParser: Points are too far apart 4.030360828967057
08-03 18:51:53.389 29532 29532 W PathParser: Points are too far apart 4.030360538880159
08-03 18:51:53.405 29532 29532 W PathParser: Points are too far apart 4.030360828967057
08-03 18:51:53.406 29532 29532 W PathParser: Points are too far apart 4.030360538880159
08-03 18:51:53.406 22395 22408 I art     : Explicit concurrent mark sweep GC freed 3(96B) AllocSpace objects, 0(0B) LOS objects, 40% free, 23MB/39MB, paused 271us total 24.308ms
08-03 18:51:53.416 22395 22408 I art     : Starting a blocking GC Explicit
08-03 18:51:53.422 29532 29532 W PathParser: Points are too far apart 4.030360828967057
08-03 18:51:53.422 29532 29532 W PathParser: Points are too far apart 4.030360538880159
08-03 18:51:53.438 29532 29532 W PathParser: Points are too far apart 4.030360828967057
08-03 18:51:53.439 29532 29532 W PathParser: Points are too far apart 4.030360538880159
08-03 18:51:53.441 22395 22408 I art     : Explicit concurrent mark sweep GC freed 30(832B) AllocSpace objects, 0(0B) LOS objects, 40% free, 23MB/39MB, paused 257us total 24.662ms
08-03 18:51:53.455 29532 29532 W PathParser: Points are too far apart 4.030360828967057
08-03 18:51:53.455 29532 29532 W PathParser: Points are too far apart 4.030360538880159
08-03 18:51:53.619   512  2967 D audio_hw_primary: disable_audio_route: reset and update mixer path: low-latency-playback speaker
08-03 18:51:53.622   512  2967 D audio_hw_primary: disable_snd_device: snd_device(2: speaker)
08-03 18:51:53.632   512  2967 I soundtrigger: audio_extn_sound_trigger_update_device_status: device 0x2 of type 0 for Event 0
08-03 18:51:53.737 22395 22407 I art     : Starting a blocking GC Explicit
08-03 18:51:53.765 22395 22407 I art     : Explicit concurrent mark sweep GC freed 1364(80KB) AllocSpace objects, 1(20KB) LOS objects, 40% free, 23MB/39MB, paused 264us total 27.975ms
08-03 18:51:53.778 22395 22407 I art     : Starting a blocking GC Explicit
08-03 18:51:53.809 22395 22407 I art     : Explicit concurrent mark sweep GC freed 33(1072B) AllocSpace objects, 0(0B) LOS objects, 40% free, 23MB/39MB, paused 400us total 30.383ms
08-03 18:51:53.821 22395 22407 I art     : Starting a blocking GC Explicit
08-03 18:51:53.824 22825 22825 D AndroidRuntime: >>>>>> START com.android.internal.os.RuntimeInit uid 2000 <<<<<<
08-03 18:51:53.830 22825 22825 D AndroidRuntime: CheckJNI is OFF
08-03 18:51:53.849 22395 22407 I art     : Explicit concurrent mark sweep GC freed 79(3KB) AllocSpace objects, 0(0B) LOS objects, 40% free, 23MB/39MB, paused 300us total 27.753ms
08-03 18:51:53.862 22395 22407 I art     : Starting a blocking GC Explicit
08-03 18:51:53.879 22825 22825 D ICU     : No timezone override file found: /data/misc/zoneinfo/current/icu/icu_tzdata.dat
08-03 18:51:53.890 22395 22407 I art     : Explicit concurrent mark sweep GC freed 75(2400B) AllocSpace objects, 0(0B) LOS objects, 40% free, 23MB/39MB, paused 597us total 27.431ms
08-03 18:51:53.900 22395 22407 I art     : Starting a blocking GC Explicit
08-03 18:51:53.922 22825 22825 I Radio-JNI: register_android_hardware_Radio DONE
08-03 18:51:53.926 22395 22407 I art     : Explicit concurrent mark sweep GC freed 76(2432B) AllocSpace objects, 0(0B) LOS objects, 40% free, 23MB/39MB, paused 376us total 25.608ms
08-03 18:51:53.952 22825 22825 D AndroidRuntime: Calling main entry com.android.commands.input.Input
08-03 18:51:53.954 22825 22825 I Input   : injectMotionEvent: MotionEvent { action=ACTION_DOWN, actionButton=0, id[0]=0, x[0]=256.0, y[0]=1589.0, toolType[0]=TOOL_TYPE_UNKNOWN, buttonState=0, metaState=0, flags=0x0, edgeFlags=0x0, pointerCount=1, historySize=0, eventTime=643930366, downTime=643930366, deviceId=0, source=0x1002 }
08-03 18:51:53.963 22825 22825 I Input   : injectMotionEvent: MotionEvent { action=ACTION_UP, actionButton=0, id[0]=0, x[0]=256.0, y[0]=1589.0, toolType[0]=TOOL_TYPE_UNKNOWN, buttonState=0, metaState=0, flags=0x0, edgeFlags=0x0, pointerCount=1, historySize=0, eventTime=643930366, downTime=643930366, deviceId=0, source=0x1002 }
08-03 18:51:53.965 22825 22825 D AndroidRuntime: Shutting down VM
08-03 18:51:53.981 22395 22395 D UserPreferences: timeOfDay: []
08-03 18:51:53.981 22395 22395 D AutoUpdateManager: Restarting update alarm.
08-03 18:51:53.983   512  2967 D audio_hw_primary: out_set_parameters: enter: usecase(1: low-latency-playback) kvpairs: routing=2
08-03 18:51:53.983 22395 22395 D AutoUpdateManager: Automatic update was deactivated
08-03 18:51:53.996   512  2967 D audio_hw_primary: select_devices: out_snd_device(2: speaker) in_snd_device(0: none)
08-03 18:51:53.997   512  2967 D msm8974_platform: platform_send_audio_calibration: sending audio calibration for snd_device(2) acdb_id(15)
08-03 18:51:53.997   512  2967 I soundtrigger: audio_extn_sound_trigger_update_device_status: device 0x2 of type 0 for Event 1
08-03 18:51:54.010   512  2967 D audio_hw_primary: enable_snd_device: snd_device(2: speaker)
08-03 18:51:54.013   512  2967 D audio_hw_primary: enable_audio_route: apply and update mixer path: low-latency-playback speaker
08-03 18:51:54.017 13866 13866 I GoogleInputMethodServic: GoogleInputMethodService.onFinishInput():3138 
08-03 18:51:54.018 13866 13866 I GoogleInputMethodServic: GoogleInputMethodService.onStartInput():1808 
08-03 18:51:54.038 29532 29532 W PathParser: Points are too far apart 4.030360828967057
08-03 18:51:54.038 29532 29532 W PathParser: Points are too far apart 4.030360538880159
08-03 18:51:54.055 29532 29532 W PathParser: Points are too far apart 4.030360828967057
08-03 18:51:54.055 29532 29532 W PathParser: Points are too far apart 4.030360538880159
08-03 18:51:54.056   512  2967 D AudioFlinger: mixer(0xf4740000) throttle end: throttle time(12)
08-03 18:51:54.071 29532 29532 W PathParser: Points are too far apart 4.030360828967057
08-03 18:51:54.071 29532 29532 W PathParser: Points are too far apart 4.030360538880159
08-03 18:51:54.088 29532 29532 W PathParser: Points are too far apart 4.030360828967057
08-03 18:51:54.088 29532 29532 W PathParser: Points are too far apart 4.030360538880159
08-03 18:51:54.105 29532 29532 W PathParser: Points are too far apart 4.030360828967057
08-03 18:51:54.106 29532 29532 W PathParser: Points are too far apart 4.030360538880159
08-03 18:51:54.122 29532 29532 W PathParser: Points are too far apart 4.030360828967057
08-03 18:51:54.122 29532 29532 W PathParser: Points are too far apart 4.030360538880159
08-03 18:51:54.138 29532 29532 W PathParser: Points are too far apart 4.030360828967057
08-03 18:51:54.139 29532 29532 W PathParser: Points are too far apart 4.030360538880159
08-03 18:51:54.155 29532 29532 W PathParser: Points are too far apart 4.030360828967057
08-03 18:51:54.155 29532 29532 W PathParser: Points are too far apart 4.030360538880159
08-03 18:51:54.187   380   380 W SurfaceFlinger: couldn't log to binary event log: overflow.
08-03 18:51:54.196 22395 22423 I art     : Starting a blocking GC Explicit
08-03 18:51:54.224 22395 22423 I art     : Explicit concurrent mark sweep GC freed 1982(116KB) AllocSpace objects, 2(40KB) LOS objects, 40% free, 23MB/39MB, paused 313us total 28.461ms
08-03 18:51:54.235 22395 22423 I art     : Starting a blocking GC Explicit
08-03 18:51:54.259 22395 22423 I art     : Explicit concurrent mark sweep GC freed 52(1920B) AllocSpace objects, 0(0B) LOS objects, 40% free, 23MB/39MB, paused 262us total 23.643ms
08-03 18:51:54.269 22395 22423 I art     : Starting a blocking GC Explicit
08-03 18:51:54.294 22395 22423 I art     : Explicit concurrent mark sweep GC freed 3(96B) AllocSpace objects, 0(0B) LOS objects, 40% free, 23MB/39MB, paused 279us total 24.675ms
08-03 18:51:54.305 22395 22423 I art     : Starting a blocking GC Explicit
08-03 18:51:54.330 22395 22423 I art     : Explicit concurrent mark sweep GC freed 3(96B) AllocSpace objects, 0(0B) LOS objects, 40% free, 23MB/39MB, paused 276us total 24.876ms
08-03 18:51:54.341 22395 22423 I art     : Starting a blocking GC Explicit
08-03 18:51:54.366 22395 22423 I art     : Explicit concurrent mark sweep GC freed 3(96B) AllocSpace objects, 0(0B) LOS objects, 40% free, 23MB/39MB, paused 274us total 24.935ms
08-03 18:51:54.550   512  2967 D audio_hw_primary: disable_audio_route: reset and update mixer path: low-latency-playback speaker
08-03 18:51:54.553   512  2967 D audio_hw_primary: disable_snd_device: snd_device(2: speaker)
08-03 18:51:54.561   512  2967 I soundtrigger: audio_extn_sound_trigger_update_device_status: device 0x2 of type 0 for Event 0
08-03 18:51:54.650 22395 22407 I art     : Starting a blocking GC Explicit
08-03 18:51:54.680 22395 22407 I art     : Explicit concurrent mark sweep GC freed 1388(80KB) AllocSpace objects, 1(20KB) LOS objects, 40% free, 23MB/39MB, paused 270us total 28.989ms
08-03 18:51:54.690 22395 22407 I art     : Starting a blocking GC Explicit
08-03 18:51:54.716 22395 22407 I art     : Explicit concurrent mark sweep GC freed 125(6KB) AllocSpace objects, 0(0B) LOS objects, 40% free, 23MB/39MB, paused 271us total 25.456ms
08-03 18:51:54.727 22395 22407 I art     : Starting a blocking GC Explicit
08-03 18:51:54.741 22857 22857 D AndroidRuntime: >>>>>> START com.android.internal.os.RuntimeInit uid 2000 <<<<<<
08-03 18:51:54.747 22857 22857 D AndroidRuntime: CheckJNI is OFF
08-03 18:51:54.752 22395 22407 I art     : Explicit concurrent mark sweep GC freed 869(55KB) AllocSpace objects, 1(48KB) LOS objects, 40% free, 23MB/39MB, paused 266us total 24.833ms
08-03 18:51:54.763 22395 22407 I art     : Starting a blocking GC Explicit
08-03 18:51:54.787 22395 22407 I art     : Explicit concurrent mark sweep GC freed 3(96B) AllocSpace objects, 0(0B) LOS objects, 40% free, 23MB/39MB, paused 267us total 23.979ms
08-03 18:51:54.790 22857 22857 D ICU     : No timezone override file found: /data/misc/zoneinfo/current/icu/icu_tzdata.dat
08-03 18:51:54.797 22395 22407 I art     : Starting a blocking GC Explicit
08-03 18:51:54.820 22395 22407 I art     : Explicit concurrent mark sweep GC freed 3(96B) AllocSpace objects, 0(0B) LOS objects, 40% free, 23MB/39MB, paused 268us total 22.651ms
08-03 18:51:54.831 22857 22857 I Radio-JNI: register_android_hardware_Radio DONE
08-03 18:51:54.859 22857 22857 D AndroidRuntime: Calling main entry com.android.commands.input.Input
08-03 18:51:54.861 22857 22857 I Input   : injectKeyEvent: KeyEvent { action=ACTION_DOWN, keyCode=KEYCODE_BACK, scanCode=0, metaState=0, flags=0x0, repeatCount=0, eventTime=643931274, downTime=643931274, deviceId=-1, source=0x101 }
08-03 18:51:54.868 22857 22857 I Input   : injectKeyEvent: KeyEvent { action=ACTION_UP, keyCode=KEYCODE_BACK, scanCode=0, metaState=0, flags=0x0, repeatCount=0, eventTime=643931274, downTime=643931274, deviceId=-1, source=0x101 }
08-03 18:51:54.876 22857 22857 D AndroidRuntime: Shutting down VM
08-03 18:51:54.951 13866 13866 I GoogleInputMethodServic: GoogleInputMethodService.onFinishInput():3138 
08-03 18:51:54.952 13866 13866 I GoogleInputMethodServic: GoogleInputMethodService.onStartInput():1808 
08-03 18:51:55.084 22395 22408 I art     : Starting a blocking GC Explicit
08-03 18:51:55.119 22395 22408 I art     : Explicit concurrent mark sweep GC freed 2640(138KB) AllocSpace objects, 1(20KB) LOS objects, 39% free, 24MB/40MB, paused 313us total 34.526ms
08-03 18:51:55.134 22395 22408 I art     : Starting a blocking GC Explicit
08-03 18:51:55.148   918  3188 I hubconnection: sensorhub said: 'set_bias 3: -6.2400, 0.0000, 0.0000'
08-03 18:51:55.161 22395 22408 I art     : Explicit concurrent mark sweep GC freed 4938(290KB) AllocSpace objects, 0(0B) LOS objects, 40% free, 23MB/39MB, paused 290us total 26.880ms
08-03 18:51:55.172 22395 22408 I art     : Starting a blocking GC Explicit
08-03 18:51:55.196 22395 22408 I art     : Explicit concurrent mark sweep GC freed 3523(243KB) AllocSpace objects, 0(0B) LOS objects, 40% free, 23MB/39MB, paused 275us total 24.238ms
08-03 18:51:55.207 22395 22408 I art     : Starting a blocking GC Explicit
08-03 18:51:55.232 22395 22408 I art     : Explicit concurrent mark sweep GC freed 3(96B) AllocSpace objects, 0(0B) LOS objects, 40% free, 23MB/39MB, paused 265us total 24.302ms
08-03 18:51:55.243 22395 22408 I art     : Starting a blocking GC Explicit
08-03 18:51:55.267 22395 22408 I art     : Explicit concurrent mark sweep GC freed 3(96B) AllocSpace objects, 0(0B) LOS objects, 40% free, 23MB/39MB, paused 338us total 23.786ms
08-03 18:51:55.458   918  3670 I ActivityManager: Killing 19327:com.google.android.webview:webview_service/u0a74 (adj 15): empty #17
08-03 18:51:55.558 22395 22423 I art     : Starting a blocking GC Explicit
08-03 18:51:55.586 22395 22423 I art     : Explicit concurrent mark sweep GC freed 1388(80KB) AllocSpace objects, 1(20KB) LOS objects, 40% free, 23MB/39MB, paused 290us total 27.282ms
08-03 18:51:55.601 22395 22423 I art     : Starting a blocking GC Explicit
08-03 18:51:55.625 22395 22423 I art     : Explicit concurrent mark sweep GC freed 23(752B) AllocSpace objects, 0(0B) LOS objects, 40% free, 23MB/39MB, paused 273us total 24.456ms
08-03 18:51:55.636 22395 22423 I art     : Starting a blocking GC Explicit
08-03 18:51:55.660 22395 22423 I art     : Explicit concurrent mark sweep GC freed 3(96B) AllocSpace objects, 0(0B) LOS objects, 40% free, 23MB/39MB, paused 271us total 23.973ms
08-03 18:51:55.671 22395 22423 I art     : Starting a blocking GC Explicit
08-03 18:51:55.696 22395 22423 I art     : Explicit concurrent mark sweep GC freed 3(96B) AllocSpace objects, 0(0B) LOS objects, 40% free, 23MB/39MB, paused 271us total 24.018ms
08-03 18:51:55.706 22395 22423 I art     : Starting a blocking GC Explicit
08-03 18:51:55.731 22395 22423 I art     : Explicit concurrent mark sweep GC freed 3(96B) AllocSpace objects, 0(0B) LOS objects, 40% free, 23MB/39MB, paused 265us total 23.970ms
08-03 18:51:56.017 22395 22407 I art     : Starting a blocking GC Explicit
08-03 18:51:56.047 22395 22407 I art     : Explicit concurrent mark sweep GC freed 1362(80KB) AllocSpace objects, 1(20KB) LOS objects, 40% free, 23MB/39MB, paused 387us total 29.763ms
08-03 18:51:56.062 22395 22407 I art     : Starting a blocking GC Explicit
08-03 18:51:56.087 22395 22407 I art     : Explicit concurrent mark sweep GC freed 23(752B) AllocSpace objects, 0(0B) LOS objects, 40% free, 23MB/39MB, paused 347us total 24.380ms
08-03 18:51:56.098 22395 22407 I art     : Starting a blocking GC Explicit
08-03 18:51:56.121 22395 22407 I art     : Explicit concurrent mark sweep GC freed 3(96B) AllocSpace objects, 0(0B) LOS objects, 40% free, 23MB/39MB, paused 254us total 22.986ms
08-03 18:51:56.132 22395 22407 I art     : Starting a blocking GC Explicit
08-03 18:51:56.155 22395 22407 I art     : Explicit concurrent mark sweep GC freed 3(96B) AllocSpace objects, 0(0B) LOS objects, 40% free, 23MB/39MB, paused 263us total 22.730ms
08-03 18:51:56.165 22395 22407 I art     : Starting a blocking GC Explicit
08-03 18:51:56.189 22395 22407 I art     : Explicit concurrent mark sweep GC freed 3(96B) AllocSpace objects, 0(0B) LOS objects, 40% free, 23MB/39MB, paused 264us total 23.091ms
08-03 18:51:56.471 22395 22408 I art     : Starting a blocking GC Explicit
08-03 18:51:56.499 22395 22408 I art     : Explicit concurrent mark sweep GC freed 1390(80KB) AllocSpace objects, 1(20KB) LOS objects, 40% free, 23MB/39MB, paused 291us total 27.840ms
08-03 18:51:56.512 22395 22408 I art     : Starting a blocking GC Explicit
08-03 18:51:56.536 22395 22408 I art     : Explicit concurrent mark sweep GC freed 94(4KB) AllocSpace objects, 0(0B) LOS objects, 40% free, 23MB/39MB, paused 275us total 23.438ms
08-03 18:51:56.547 22395 22408 I art     : Starting a blocking GC Explicit
08-03 18:51:56.569 22395 22408 I art     : Explicit concurrent mark sweep GC freed 105(3KB) AllocSpace objects, 0(0B) LOS objects, 40% free, 23MB/39MB, paused 315us total 22.190ms
08-03 18:51:56.579 22395 22408 I art     : Starting a blocking GC Explicit
08-03 18:51:56.602 22395 22408 I art     : Explicit concurrent mark sweep GC freed 100(3KB) AllocSpace objects, 0(0B) LOS objects, 40% free, 23MB/39MB, paused 264us total 22.181ms
08-03 18:51:56.613 22395 22408 I art     : Starting a blocking GC Explicit
08-03 18:51:56.634 22395 22408 I art     : Explicit concurrent mark sweep GC freed 99(3KB) AllocSpace objects, 0(0B) LOS objects, 40% free, 23MB/39MB, paused 257us total 20.981ms
08-03 18:51:56.646 22908 22908 D AndroidRuntime: >>>>>> START com.android.internal.os.RuntimeInit uid 2000 <<<<<<
08-03 18:51:56.651 22908 22908 D AndroidRuntime: CheckJNI is OFF
08-03 18:51:56.690 22908 22908 D ICU     : No timezone override file found: /data/misc/zoneinfo/current/icu/icu_tzdata.dat
08-03 18:51:56.733 22908 22908 I Radio-JNI: register_android_hardware_Radio DONE
08-03 18:51:56.761 22908 22908 D AndroidRuntime: Calling main entry com.android.commands.input.Input
08-03 18:51:56.763 22908 22908 I Input   : injectKeyEvent: KeyEvent { action=ACTION_DOWN, keyCode=KEYCODE_BACK, scanCode=0, metaState=0, flags=0x0, repeatCount=0, eventTime=643933177, downTime=643933177, deviceId=-1, source=0x101 }
08-03 18:51:56.771 22908 22908 I Input   : injectKeyEvent: KeyEvent { action=ACTION_UP, keyCode=KEYCODE_BACK, scanCode=0, metaState=0, flags=0x0, repeatCount=0, eventTime=643933177, downTime=643933177, deviceId=-1, source=0x101 }
08-03 18:51:56.779 22908 22908 D AndroidRuntime: Shutting down VM
08-03 18:51:56.793 22395 22395 D QueueFragment: loadItems()
08-03 18:51:56.794 22395 22435 D DBReader: getQueue() called
08-03 18:51:56.794 22395 22435 D DBReader: getQueue()
08-03 18:51:56.794 22395 22395 V PlaybackController: initServiceNotRunning()
08-03 18:51:56.794 22395 22395 D ExternalPlayerFragment: Loading media info
08-03 18:51:56.795 22395 22435 D DBReader: getFavoriteIDList() called
08-03 18:51:56.795 22395 22395 D UserPreferences: Using default data folder
08-03 18:51:56.796 22395 22435 D DBReader: getQueueIDList() called
08-03 18:51:56.796 22395 22419 D DBReader: getNavDrawerData() called with: 
08-03 18:51:56.797 22395 22435 D DBReader: Extracting Feedlist
08-03 18:51:56.800 22395 22419 D DBReader: getDownloadedItems() called
08-03 18:51:56.800 22395 22419 D DBReader: getFavoriteIDList() called
08-03 18:51:56.801 22395 22419 D DBReader: getQueueIDList() called
08-03 18:51:56.802 22395 22419 D DBReader: Extracting Feedlist
08-03 18:51:56.850 22395 22395 D MainActivity: getLastNavFragment() -> QueueFragment
08-03 18:51:56.885 13866 13866 I GoogleInputMethodServic: GoogleInputMethodService.onFinishInput():3138 
08-03 18:51:56.886 13866 13866 I GoogleInputMethodServic: GoogleInputMethodService.onStartInput():1808 
08-03 18:51:56.913 22395 22407 I art     : Starting a blocking GC Explicit
08-03 18:51:56.936 22395 22407 I art     : Explicit concurrent mark sweep GC freed 3460(198KB) AllocSpace objects, 1(20KB) LOS objects, 40% free, 23MB/39MB, paused 264us total 22.884ms
08-03 18:51:56.946 22395 22407 I art     : Starting a blocking GC Explicit
08-03 18:51:56.969 22395 22407 I art     : Explicit concurrent mark sweep GC freed 1478(93KB) AllocSpace objects, 0(0B) LOS objects, 40% free, 23MB/39MB, paused 266us total 22.416ms
08-03 18:51:56.979 22395 22407 I art     : Starting a blocking GC Explicit
08-03 18:51:57.003 22395 22407 I art     : Explicit concurrent mark sweep GC freed 3(96B) AllocSpace objects, 0(0B) LOS objects, 40% free, 23MB/39MB, paused 285us total 23.866ms
08-03 18:51:57.014 22395 22407 I art     : Starting a blocking GC Explicit
08-03 18:51:57.038 22395 22407 I art     : Explicit concurrent mark sweep GC freed 3(96B) AllocSpace objects, 0(0B) LOS objects, 40% free, 23MB/39MB, paused 340us total 24.680ms
08-03 18:51:57.049 22395 22407 I art     : Starting a blocking GC Explicit
08-03 18:51:57.076 22395 22407 I art     : Explicit concurrent mark sweep GC freed 3(96B) AllocSpace objects, 0(0B) LOS objects, 40% free, 23MB/39MB, paused 349us total 26.536ms
08-03 18:51:57.175   380   380 W SurfaceFlinger: couldn't log to binary event log: overflow.
08-03 18:51:57.345 22395 22407 I art     : Starting a blocking GC Explicit
08-03 18:51:57.372 22395 22407 I art     : Explicit concurrent mark sweep GC freed 1904(105KB) AllocSpace objects, 1(20KB) LOS objects, 40% free, 23MB/39MB, paused 303us total 26.930ms
08-03 18:51:57.383 22395 22407 I art     : Starting a blocking GC Explicit
08-03 18:51:57.408 22395 22407 I art     : Explicit concurrent mark sweep GC freed 6247(390KB) AllocSpace objects, 11(308KB) LOS objects, 40% free, 22MB/38MB, paused 432us total 25.267ms
08-03 18:51:57.418 22395 22407 I art     : Starting a blocking GC Explicit
08-03 18:51:57.440 22395 22407 I art     : Explicit concurrent mark sweep GC freed 32(880B) AllocSpace objects, 0(0B) LOS objects, 40% free, 22MB/38MB, paused 286us total 21.436ms
08-03 18:51:57.450 22395 22407 I art     : Starting a blocking GC Explicit
08-03 18:51:57.472 22395 22407 I art     : Explicit concurrent mark sweep GC freed 3(96B) AllocSpace objects, 0(0B) LOS objects, 40% free, 22MB/38MB, paused 276us total 21.269ms
08-03 18:51:57.482 22395 22407 I art     : Starting a blocking GC Explicit
08-03 18:51:57.504 22395 22407 I art     : Explicit concurrent mark sweep GC freed 3(96B) AllocSpace objects, 0(0B) LOS objects, 40% free, 22MB/38MB, paused 272us total 21.546ms
08-03 18:51:57.792 22395 22423 I art     : Starting a blocking GC Explicit
08-03 18:51:57.818 22395 22423 I art     : Explicit concurrent mark sweep GC freed 1364(82KB) AllocSpace objects, 1(20KB) LOS objects, 40% free, 22MB/38MB, paused 328us total 25.485ms
08-03 18:51:57.831 22395 22423 I art     : Starting a blocking GC Explicit
08-03 18:51:57.853 22395 22423 I art     : Explicit concurrent mark sweep GC freed 23(752B) AllocSpace objects, 0(0B) LOS objects, 40% free, 22MB/38MB, paused 292us total 21.823ms
08-03 18:51:57.864 22395 22423 I art     : Starting a blocking GC Explicit
08-03 18:51:57.885 22395 22423 I art     : Explicit concurrent mark sweep GC freed 3(96B) AllocSpace objects, 0(0B) LOS objects, 40% free, 22MB/38MB, paused 288us total 21.416ms
08-03 18:51:57.896 22395 22423 I art     : Starting a blocking GC Explicit
08-03 18:51:57.917 22395 22423 I art     : Explicit concurrent mark sweep GC freed 3(96B) AllocSpace objects, 0(0B) LOS objects, 40% free, 22MB/38MB, paused 314us total 21.405ms
08-03 18:51:57.928 22395 22423 I art     : Starting a blocking GC Explicit
08-03 18:51:57.950 22395 22423 I art     : Explicit concurrent mark sweep GC freed 3(96B) AllocSpace objects, 0(0B) LOS objects, 40% free, 22MB/38MB, paused 298us total 21.652ms
08-03 18:51:58.224 22395 22408 I art     : Starting a blocking GC Explicit
08-03 18:51:58.249 22395 22408 I art     : Explicit concurrent mark sweep GC freed 1361(80KB) AllocSpace objects, 1(20KB) LOS objects, 40% free, 22MB/38MB, paused 329us total 24.791ms
08-03 18:51:58.259 22395 22408 I art     : Starting a blocking GC Explicit
08-03 18:51:58.280 22395 22408 I art     : Explicit concurrent mark sweep GC freed 23(752B) AllocSpace objects, 0(0B) LOS objects, 40% free, 22MB/38MB, paused 289us total 20.802ms
08-03 18:51:58.291 22395 22408 I art     : Starting a blocking GC Explicit
08-03 18:51:58.311 22395 22408 I art     : Explicit concurrent mark sweep GC freed 3(96B) AllocSpace objects, 0(0B) LOS objects, 40% free, 22MB/38MB, paused 288us total 20.264ms
08-03 18:51:58.321 22395 22408 I art     : Starting a blocking GC Explicit
08-03 18:51:58.342 22395 22408 I art     : Explicit concurrent mark sweep GC freed 3(96B) AllocSpace objects, 0(0B) LOS objects, 40% free, 22MB/38MB, paused 293us total 20.562ms
08-03 18:51:58.352 22395 22408 I art     : Starting a blocking GC Explicit
08-03 18:51:58.372 22395 22408 I art     : Explicit concurrent mark sweep GC freed 3(96B) AllocSpace objects, 0(0B) LOS objects, 40% free, 22MB/38MB, paused 318us total 20.333ms
08-03 18:51:58.571 22963 22963 D AndroidRuntime: >>>>>> START com.android.internal.os.RuntimeInit uid 2000 <<<<<<
08-03 18:51:58.577 22963 22963 D AndroidRuntime: CheckJNI is OFF
08-03 18:51:58.619 22963 22963 D ICU     : No timezone override file found: /data/misc/zoneinfo/current/icu/icu_tzdata.dat
08-03 18:51:58.662 22963 22963 I Radio-JNI: register_android_hardware_Radio DONE
08-03 18:51:58.691 22963 22963 D AndroidRuntime: Calling main entry com.android.commands.input.Input
08-03 18:51:58.693 22963 22963 I Input   : injectMotionEvent: MotionEvent { action=ACTION_DOWN, actionButton=0, id[0]=0, x[0]=103.0, y[0]=192.0, toolType[0]=TOOL_TYPE_UNKNOWN, buttonState=0, metaState=0, flags=0x0, edgeFlags=0x0, pointerCount=1, historySize=0, eventTime=643935106, downTime=643935106, deviceId=0, source=0x1002 }
08-03 18:51:58.697 22963 22963 I Input   : injectMotionEvent: MotionEvent { action=ACTION_UP, actionButton=0, id[0]=0, x[0]=103.0, y[0]=192.0, toolType[0]=TOOL_TYPE_UNKNOWN, buttonState=0, metaState=0, flags=0x0, edgeFlags=0x0, pointerCount=1, historySize=0, eventTime=643935106, downTime=643935106, deviceId=0, source=0x1002 }
08-03 18:51:58.699 22963 22963 D AndroidRuntime: Shutting down VM
08-03 18:51:58.700 22395 22407 I art     : Starting a blocking GC Explicit
08-03 18:51:58.711   512  2967 D audio_hw_primary: out_set_parameters: enter: usecase(1: low-latency-playback) kvpairs: routing=2
08-03 18:51:58.724   512  2967 D audio_hw_primary: select_devices: out_snd_device(2: speaker) in_snd_device(0: none)
08-03 18:51:58.725   512  2967 D msm8974_platform: platform_send_audio_calibration: sending audio calibration for snd_device(2) acdb_id(15)
08-03 18:51:58.725   512  2967 I soundtrigger: audio_extn_sound_trigger_update_device_status: device 0x2 of type 0 for Event 1
08-03 18:51:58.729 22395 22407 I art     : Explicit concurrent mark sweep GC freed 1414(81KB) AllocSpace objects, 1(20KB) LOS objects, 40% free, 22MB/38MB, paused 627us total 28.659ms
08-03 18:51:58.736   512  2967 D audio_hw_primary: enable_snd_device: snd_device(2: speaker)
08-03 18:51:58.739   512  2967 D audio_hw_primary: enable_audio_route: apply and update mixer path: low-latency-playback speaker
08-03 18:51:58.742 22395 22407 I art     : Starting a blocking GC Explicit
08-03 18:51:58.753 13866 13866 I GoogleInputMethodServic: GoogleInputMethodService.onFinishInput():3138 
08-03 18:51:58.754 13866 13866 I GoogleInputMethodServic: GoogleInputMethodService.onStartInput():1808 
08-03 18:51:58.762 22395 22407 I art     : Explicit concurrent mark sweep GC freed 116(4KB) AllocSpace objects, 0(0B) LOS objects, 40% free, 22MB/38MB, paused 274us total 19.707ms
08-03 18:51:58.772 22395 22407 I art     : Starting a blocking GC Explicit
08-03 18:51:58.792 22395 22407 I art     : Explicit concurrent mark sweep GC freed 159(8KB) AllocSpace objects, 0(0B) LOS objects, 40% free, 22MB/38MB, paused 262us total 19.418ms
08-03 18:51:58.802 22395 22407 I art     : Starting a blocking GC Explicit
08-03 18:51:58.822 22395 22407 I art     : Explicit concurrent mark sweep GC freed 280(15KB) AllocSpace objects, 0(0B) LOS objects, 40% free, 22MB/38MB, paused 272us total 19.379ms
08-03 18:51:58.832 22395 22407 I art     : Starting a blocking GC Explicit
08-03 18:51:58.852 22395 22407 I art     : Explicit concurrent mark sweep GC freed 7(384B) AllocSpace objects, 0(0B) LOS objects, 40% free, 22MB/38MB, paused 273us total 19.694ms
08-03 18:51:59.019 18789 18789 I Finsky  : [1] xow.onStartJob(3): SCH: onJobSchedulerWakeup with jobId 9002
08-03 18:51:59.029 18789 18789 I Finsky  : [1] xjw.a(9): Scheduling fallback in 43199997 (absolute: 1670522900)
08-03 18:51:59.032 18789 18789 I Finsky  : [1] xjw.a(9): Scheduling fallback in 64799997 (absolute: 1692122904)
08-03 18:51:59.039 18789 18789 I Finsky  : [1] xow.onStartJob(3): SCH: onJobSchedulerWakeup with jobId 9011
08-03 18:51:59.042 18789 18789 I Finsky  : [1] xjw.a(9): Scheduling fallback in 43199998 (absolute: 1670522915)
08-03 18:51:59.053 18789 18789 I Finsky  : [1] xjw.a(9): Scheduling fallback in 64799989 (absolute: 1692122917)
08-03 18:51:59.058 18789 18789 W Finsky  : [1] xow.onStartJob(9): SCH: onJobSchedulerWakeup while already running
08-03 18:51:59.123 22395 22408 I art     : Starting a blocking GC Explicit
08-03 18:51:59.143 22395 22408 I art     : Explicit concurrent mark sweep GC freed 1362(81KB) AllocSpace objects, 1(20KB) LOS objects, 40% free, 22MB/38MB, paused 405us total 19.719ms
08-03 18:51:59.153 22395 22408 I art     : Starting a blocking GC Explicit
08-03 18:51:59.167 18789 18789 I Finsky  : [1] xkf.handleMessage(8): SCH: DeviceState: DeviceState{currentTime=1596473519162, isCharging=false, isIdle=false, netAny=true, netNotRoaming=true, netUnmetered=true, batteryPercent=100.0}
08-03 18:51:59.171 18789 22371 I Finsky  : [5608] xmu.a(8): SCH: Jobs in database: 1-1337 3-181 3-182 12-1 24-77777777 26-1414141414 
08-03 18:51:59.173 22395 22408 I art     : Explicit concurrent mark sweep GC freed 34(1104B) AllocSpace objects, 0(0B) LOS objects, 40% free, 22MB/38MB, paused 270us total 19.254ms
08-03 18:51:59.174 18789 18789 I Finsky  : [1] xkg.a(16): SCH: Running job: 12-1
08-03 18:51:59.175 18789 18789 I Finsky  : [1] ContentSyncJob.a(16): [ContentSync] job started
08-03 18:51:59.176 18789 18789 I Finsky  : [1] xkf.handleMessage(61): SCH: RunningQueue size: 1, PendingQueue size: 0
08-03 18:51:59.177 18789 18789 I Finsky  : [1] xkf.handleMessage(64): SCH: Running queue: 12-1 
08-03 18:51:59.183 22395 22408 I art     : Starting a blocking GC Explicit
08-03 18:51:59.203 22395 22408 I art     : Explicit concurrent mark sweep GC freed 3(96B) AllocSpace objects, 0(0B) LOS objects, 40% free, 22MB/38MB, paused 261us total 20.248ms
08-03 18:51:59.213 22395 22408 I art     : Starting a blocking GC Explicit
08-03 18:51:59.231 22395 22408 I art     : Explicit concurrent mark sweep GC freed 3(96B) AllocSpace objects, 0(0B) LOS objects, 40% free, 22MB/38MB, paused 256us total 18.466ms
08-03 18:51:59.241 22395 22408 I art     : Starting a blocking GC Explicit
08-03 18:51:59.257 18789 22413 I Finsky  : [5613] dzn.a(22): Completed 0 account content syncs with 0 successful.
08-03 18:51:59.258 18789 18789 I Finsky  : [1] ContentSyncJob.a(1): [ContentSync] Installation state replication succeeded.
08-03 18:51:59.259 18789 18789 I Finsky  : [1] xlr.a(13): SCH: jobFinished: 12-1. TimeElapsed: 84ms.
08-03 18:51:59.259 22395 22408 I art     : Explicit concurrent mark sweep GC freed 3(96B) AllocSpace objects, 0(0B) LOS objects, 40% free, 22MB/38MB, paused 264us total 18.393ms
08-03 18:51:59.260 18789 18789 I Finsky  : [1] xkg.a(36): SCH: Job 12-1 finished. Not rescheduling.
