--------- beginning of main
08-03 22:03:21.131   918   930 W ResourceType: ResTable_typeSpec entry count inconsistent: given 37, previously 42
08-03 22:03:21.131   918   930 W ResourceType: ResTable_typeSpec entry count inconsistent: given 2527, previously 2530
08-03 22:03:21.136   918   930 W ResourceType: ResTable_typeSpec entry count inconsistent: given 2542, previously 2545
08-03 22:03:21.136   918   930 W ResourceType: ResTable_typeSpec entry count inconsistent: given 303, previously 1691
08-03 22:03:21.144   918   929 I AccountManagerService: getTypesVisibleToCaller: isPermitted? true
08-03 22:03:21.160 24365 21424 I Fitness : FitCleanupIntentOperation received Intent android.intent.action.PACKAGE_REMOVED [CONTEXT service_id=17 ]
08-03 22:03:21.170   918  6029 I AccountManagerService: getTypesVisibleToCaller: isPermitted? true
08-03 22:03:21.190  3784  3784 D CarrierServiceBindHelper: Receive action: android.intent.action.PACKAGE_ADDED
08-03 22:03:21.190  3784  3784 D CarrierServiceBindHelper: Receive action: android.intent.action.PACKAGE_REPLACED
08-03 22:03:21.191  3784  3784 D CarrierServiceBindHelper: mHandler: 3
08-03 22:03:21.191  3784  3784 D CarrierServiceBindHelper: mHandler: 3
08-03 22:03:21.191  3784  3784 D CarrierServiceBindHelper: mHandler: 3
08-03 22:03:21.191  3784  3784 D CarrierConfigLoader: mHandler: 9 phoneId: 0
08-03 22:03:21.207 18789 18789 I Finsky  : [1] uah.a(18): PackageMonitorReceiverImpl - Received: android.intent.action.PACKAGE_REMOVED, [CFjXe5fo2ooiLur0Ju3smv2h5qnGgIsGl5_C_SkJu8g]
08-03 22:03:21.207 18789 18789 I Finsky  : [1] ubi.d(9): Invalidating cached PackageState for baseline.de.danoeh.antennapod.debug
08-03 22:03:21.210 18789 18789 I Finsky  : [1] lzi.c(2): Frosting ID looked up on UI thread. Caller should move to a background thread.
08-03 22:03:21.218 18789 18789 I Finsky  : [1] nqb.c(3): Installer: package baseline.de.danoeh.antennapod.debug was removed. replacing: true
08-03 22:03:21.218 18789 18789 I Finsky  : [1] nra.a(188): Installer: Notifying status update. package=baseline.de.danoeh.antennapod.debug, status=UNINSTALLED
08-03 22:03:21.247 18789 18789 I Finsky  : [1] lzi.c(2): Frosting ID looked up on UI thread. Caller should move to a background thread.
08-03 22:03:21.267 18789 18789 I Finsky  : [1] nra.a(220): Installer: found apps to install. isMultiUserMode=false, apps=[]
08-03 22:03:21.270 18789 21438 I Finsky  : [6010] ejf.a(-1): Cancelled 0 ongoing asset module downloads for package baseline.de.danoeh.antennapod.debug due to a concurrent app update.
08-03 22:03:21.321 18789 18981 I Finsky  : [5590] odj.b(52): IQ: Notifying installation update. package=baseline.de.danoeh.antennapod.debug, status=UNINSTALLED
08-03 22:03:21.327 18789 21436 I Finsky  : [6008] lyv.run(-1): Wrote row to frosting DB: 2060
08-03 22:03:21.347 24577 21433 I Auth    : [SupervisedAccountIntentOperation] onHandleIntent(): android.intent.action.PACKAGE_ADDED
08-03 22:03:21.349 24577 21433 I ChromeSync: [Sync,SyncIntentOperation] Handling the intent: Intent { act=android.intent.action.PACKAGE_ADDED dat=package:baseline.de.danoeh.antennapod.debug flg=0x4000010 cmp=com.google.android.gms/.chimera.GmsIntentOperationService (has extras) }.
--------- beginning of system
08-03 22:03:21.387   918  3961 W ActivityManager: Unable to start service Intent { act=com.google.android.gms.auth.key.retrieval.service.START pkg=com.google.android.gms } U=0: not found
08-03 22:03:21.426 18789 18789 I Finsky  : [1] uah.a(18): PackageMonitorReceiverImpl - Received: android.intent.action.PACKAGE_ADDED, [CFjXe5fo2ooiLur0Ju3smv2h5qnGgIsGl5_C_SkJu8g]
08-03 22:03:21.427 18789 18789 I Finsky  : [1] ubi.d(9): Invalidating cached PackageState for baseline.de.danoeh.antennapod.debug
08-03 22:03:21.429   918  6112 W ActivityManager: Unbind failed: could not find connection for android.os.BinderProxy@a76c853
08-03 22:03:21.437 24577 24621 E GmsClient: unable to connect to service: com.google.android.gms.auth.key.retrieval.service.START on com.google.android.gms
08-03 22:03:21.438 18789 18789 I Finsky  : [1] lzi.c(2): Frosting ID looked up on UI thread. Caller should move to a background thread.
08-03 22:03:21.478   918  6111 I AccountManagerService: getTypesVisibleToCaller: isPermitted? true
08-03 22:03:21.481 18789 18981 I Finsky  : [5590] odj.b(40): IQ: No matching installs to run for jobs: []
08-03 22:03:21.483 24577 21433 I ChromeSync: [Persistence,AffiliationManager] One of affiliation or grouping data for android://bz0hZa4nAJEtd0n5sRlXG7KAqctUMWVefv7Ki4mh1p6slZ9YO-n9gS9j8m9YCrsIyI2wIxrDHraumF9Y6pBLTA==@baseline.de.danoeh.antennapod.debug/ was not found. Marking affiliation data as stale...
08-03 22:03:21.498 18789 18789 I Finsky  : [1] agsx.a(4): Do not start WearSupportService due to Wear service optimization
08-03 22:03:21.501 18789 21437 I Finsky  : [6009] gzn.a(-1): [ContentSync] finished, scheduled=false
08-03 22:03:21.507 18789 21436 I Finsky  : [6008] lyv.run(-1): Wrote row to frosting DB: 2061
08-03 22:03:21.510 18789 21438 I Finsky  : [6010] ejc.a(-1): Asset module broadcast after update successful for package baseline.de.danoeh.antennapod.debug. 0 sessions broadcast.
08-03 22:03:21.519 18789 18789 I Finsky  : [1] lzi.c(2): Frosting ID looked up on UI thread. Caller should move to a background thread.
08-03 22:03:21.585   918  6029 I AccountManagerService: getTypesVisibleToCaller: isPermitted? true
08-03 22:03:21.671 18789 18789 I Finsky  : [1] xmu.a(8): SCH: Jobs in database: 1-1337 3-181 3-182 12-1 26-1414141414 
08-03 22:03:21.672 18789 18789 I Finsky  : [1] xio.a(57): SCH: ConstraintMapping: 1-1337, 12-1,  -> L: 14597ms, D: 43351234ms, C: false, I: false, N: 1
08-03 22:03:21.673 18789 18789 I Finsky  : [1] xio.a(57): SCH: ConstraintMapping: 3-181,  -> L: 0ms, D: 74607542ms, C: false, I: true, N: 2
08-03 22:03:21.673 18789 18789 I Finsky  : [1] xio.a(57): SCH: ConstraintMapping: 3-182,  -> L: 0ms, D: 74607615ms, C: true, I: true, N: 2
08-03 22:03:21.674 18789 18789 I Finsky  : [1] xio.a(57): SCH: ConstraintMapping: 26-1414141414,  -> L: 4223482ms, D: 5123482ms, C: false, I: false, N: 0
08-03 22:03:21.675 18789 21437 I Finsky  : [6009] gzn.a(-1): [ContentSync] finished, scheduled=true
08-03 22:03:21.680 21448 21448 D AndroidRuntime: >>>>>> START com.android.internal.os.RuntimeInit uid 2000 <<<<<<
08-03 22:03:21.684 21448 21448 D AndroidRuntime: CheckJNI is OFF
08-03 22:03:21.687 18789 18789 I Finsky  : [1] xle.a(34): Cancelling existing jobscheduler jobs: 9011 9010 9001 9003 9008 9006 9002 9000 
08-03 22:03:21.687 18789 18789 I Finsky  : [1] xle.a(27): Scheduling job Id: 9004, L: 14597, D: 43351234, C: false, I: false, N: 1
08-03 22:03:21.689 18789 21436 I Finsky  : [6008] lyv.run(-1): Wrote row to frosting DB: 2062
08-03 22:03:21.692 18789 18789 I Finsky  : [1] xle.a(27): Scheduling job Id: 9005, L: 0, D: 74607542, C: false, I: true, N: 2
08-03 22:03:21.695 18789 18789 I Finsky  : [1] xle.a(27): Scheduling job Id: 9007, L: 0, D: 74607615, C: true, I: true, N: 2
08-03 22:03:21.699 18789 18789 I Finsky  : [1] xle.a(27): Scheduling job Id: 9009, L: 4223482, D: 5123482, C: false, I: false, N: 0
08-03 22:03:21.707 21448 21448 D ICU     : No timezone override file found: /data/misc/zoneinfo/current/icu/icu_tzdata.dat
08-03 22:03:21.717 18789 18789 I Finsky  : [1] xle.a(27): Scheduling job Id: 9012, L: 14597, D: 43351234, C: false, I: false, N: 1
08-03 22:03:21.719 18789 18789 I Finsky  : [1] xle.a(27): Scheduling job Id: 9013, L: 0, D: 74607542, C: false, I: true, N: 2
08-03 22:03:21.720 18789 18789 I Finsky  : [1] xle.a(27): Scheduling job Id: 9014, L: 0, D: 74607615, C: true, I: true, N: 2
08-03 22:03:21.721 18789 18789 I Finsky  : [1] xle.a(27): Scheduling job Id: 9015, L: 4223482, D: 5123482, C: false, I: false, N: 0
08-03 22:03:21.734 21448 21448 I Radio-JNI: register_android_hardware_Radio DONE
08-03 22:03:21.749 21448 21448 D AndroidRuntime: Calling main entry com.android.commands.monkey.Monkey
08-03 22:03:21.762 18789 21436 I Finsky  : [6008] lyv.run(-1): Wrote row to frosting DB: 2063
08-03 22:03:21.779   918   931 W BroadcastQueue: Skipping deliver [background] BroadcastRecord{865899f u-1 android.net.conn.CONNECTIVITY_CHANGE} to ReceiverList{3243aec 21448 (unknown name)/2000/u-1 remote:670cbf9}: process crashing
08-03 22:03:21.791   918  4413 I ActivityManager: START u0 {act=android.intent.action.MAIN cat=[android.intent.category.LAUNCHER] flg=0x10200000 cmp=baseline.de.danoeh.antennapod.debug/baseline.de.danoeh.antennapod.activity.SplashActivity} from uid 2000 on display 0
08-03 22:03:21.809   918   928 I ActivityManager: Start proc 21465:baseline.de.danoeh.antennapod.debug/u0a633 for activity baseline.de.danoeh.antennapod.debug/baseline.de.danoeh.antennapod.activity.SplashActivity
08-03 22:03:21.811 21465 21465 I art     : Late-enabling -Xcheck:jni
08-03 22:03:21.813 21448 21448 I art     : System.exit called, status: 0
08-03 22:03:21.813 21448 21448 I AndroidRuntime: VM exiting with result code 0.
08-03 22:03:21.818   918  3714 I AccountManagerService: getTypesVisibleToCaller: isPermitted? true
08-03 22:03:21.822 24577 13294 I Icing   : IndexChimeraService.getServiceInterface callingPackage=com.google.android.gms componentName=AppsCorpus serviceId=36
08-03 22:03:21.862 21465 21465 W System  : ClassLoader referenced unknown path: /data/app/baseline.de.danoeh.antennapod.debug-1/lib/arm64
08-03 22:03:21.876 24577 11008 W Icing   : No valid account for uploading user actions
08-03 22:03:21.880 21465 21465 D UserPreferences: Creating new instance of UserPreferences
08-03 22:03:21.882 21465 21465 D UserPreferences: Using default data folder
08-03 22:03:21.889 21465 21465 D UserPreferences: Import directory already exists
08-03 22:03:21.892 21465 21465 D UpdateManager: old: -1, current: 1070296
08-03 22:03:21.897 21465 21465 D SleepTimerPreferences: Creating new instance of SleepTimerPreferences
08-03 22:03:21.899  6202  6095 I PBSessionCacheImpl: Deleted sessionId[27278280657311515] from persistence.
08-03 22:03:21.903 24577 13293 I Icing   : IndexChimeraService.getServiceInterface callingPackage=com.google.android.gms componentName=null serviceId=30
08-03 22:03:21.908  6202  6241 W SearchServiceCore: Abort, client detached.
08-03 22:03:21.908  6202  6241 I MicroDetectionState: Should stop hotword detection immediately - true
08-03 22:03:21.919 21465 21465 D SPAUtil : Sending SP_APPS_QUERY_FEEDS intent
08-03 22:03:21.953 21465 21465 W art     : Before Android 4.1, method android.graphics.PorterDuffColorFilter androidx.vectordrawable.graphics.drawable.VectorDrawableCompat.updateTintFilter(android.graphics.PorterDuffColorFilter, android.content.res.ColorStateList, android.graphics.PorterDuff$Mode) would have incorrectly overridden the package-private method in android.graphics.drawable.Drawable
08-03 22:03:21.958 24577 11008 I Icing   : Usage reports ok 2, Failed Usage reports 0, indexed 0, rejected 0
08-03 22:03:21.961 24577 11008 W Icing   : No valid account for uploading user actions
08-03 22:03:21.978 24577 11008 I Icing   : Usage reports ok 0, Failed Usage reports 0, indexed 0, rejected 0
08-03 22:03:21.978 24577 11008 I Icing   : Indexing com.google.android.gms-internal.3p:MobileApplication from com.google.android.gms using seqno 763
08-03 22:03:21.981 24577 11008 I Icing   : Indexing com.google.android.gms-internal.3p:MobileApplication from com.google.android.gms using seqno 763
08-03 22:03:21.991 21465 21465 I art     : Rejecting re-init on previously-failed class java.lang.Class<androidx.core.view.ViewCompat$2>
08-03 22:03:21.991 21465 21465 I art     : Rejecting re-init on previously-failed class java.lang.Class<androidx.core.view.ViewCompat$2>
08-03 22:03:22.012 24577 13293 I Icing   : IndexChimeraService.getServiceInterface callingPackage=com.google.android.gms componentName=null serviceId=36
08-03 22:03:22.017 21465 21486 D OpenGLRenderer: Use EGL_SWAP_BEHAVIOR_PRESERVED: true
08-03 22:03:22.021 24577 11008 W Icing   : No valid account for uploading user actions
08-03 22:03:22.032 24577 11008 I Icing   : Usage reports ok 0, Failed Usage reports 0, indexed 0, rejected 0
08-03 22:03:22.065 21465 21486 I Adreno  : QUALCOMM build                   : fcf4852, I1af360237c
08-03 22:03:22.065 21465 21486 I Adreno  : Build Date                       : 09/23/15
08-03 22:03:22.065 21465 21486 I Adreno  : OpenGL ES Shader Compiler Version: XE031.05.13.02
08-03 22:03:22.065 21465 21486 I Adreno  : Local Branch                     : mybranch14465806
08-03 22:03:22.065 21465 21486 I Adreno  : Remote Branch                    : quic/LA.BF64.1.2.9_v2
08-03 22:03:22.065 21465 21486 I Adreno  : Remote Branch                    : NONE
08-03 22:03:22.065 21465 21486 I Adreno  : Reconstruct Branch               : NOTHING
08-03 22:03:22.071 21465 21486 I OpenGLRenderer: Initialized EGL, version 1.4
08-03 22:03:22.101   918  5481 I ActivityManager: START u0 {cmp=baseline.de.danoeh.antennapod.debug/baseline.de.danoeh.antennapod.activity.MainActivity} from uid 10633 on display 0
08-03 22:03:22.102 13866 13866 I GoogleInputMethodServic: GoogleInputMethodService.onFinishInput():3138 
08-03 22:03:22.103 13866 13866 I GoogleInputMethodServic: GoogleInputMethodService.onStartInput():1808 
08-03 22:03:22.219 21465 21465 D UserPreferences: Using default data folder
08-03 22:03:22.254 21465 21465 D MainActivity: getLastNavFragment() -> QueueFragment
08-03 22:03:22.255 21465 21465 D MainActivity: loadFragment(tag: QueueFragment, args: null)
08-03 22:03:22.257 21465 21465 D MainActivity: saveLastNavFragment(tag: QueueFragment)
08-03 22:03:22.259 21465 21465 D MainActivity: getLastNavFragment() -> QueueFragment
08-03 22:03:22.260 21465 21465 D UserPreferences: timeOfDay: []
08-03 22:03:22.263 21465 21465 D AutoUpdateManager: Restarting update alarm.
08-03 22:03:22.266 21465 21465 D AutoUpdateManager: Changed alarm to new interval 12 h
08-03 22:03:22.276 21465 21465 D UserPreferences: timeOfDay: []
08-03 22:03:22.276 21465 21465 D AutoUpdateManager: Restarting update alarm.
08-03 22:03:22.278 21465 21465 D AutoUpdateManager: Changed alarm to new interval 12 h
08-03 22:03:22.316 21465 21465 D ExternalPlayerFragment: Loading media info
08-03 22:03:22.318 21465 21465 D QueueFragment: loadItems()
08-03 22:03:22.322 21465 21485 D DBReader: getQueue() called
08-03 22:03:22.322 21465 21485 D DBReader: getQueue()
08-03 22:03:22.323 21465 21485 D DBReader: getFavoriteIDList() called
08-03 22:03:22.324 21465 21485 D DBReader: getQueueIDList() called
08-03 22:03:22.324 21465 21485 D DBReader: Extracting Feedlist
08-03 22:03:22.326 21465 21465 V PlaybackController: initServiceNotRunning()
08-03 22:03:22.327 21465 21465 D ExternalPlayerFragment: Loading media info
08-03 22:03:22.330 21465 21465 D UserPreferences: Using default data folder
08-03 22:03:22.332 21465 21465 D AutoUpdateManager: last refresh: 443468 hours 3 minutes ago
08-03 22:03:22.333 21465 21485 D DBReader: getNavDrawerData() called with: 
08-03 22:03:22.337 21465 21485 D DBReader: getDownloadedItems() called
08-03 22:03:22.338 21465 21485 D DBReader: getFavoriteIDList() called
08-03 22:03:22.339 21465 21485 D DBReader: getQueueIDList() called
08-03 22:03:22.341 21465 21485 D DBReader: Extracting Feedlist
08-03 22:03:22.357   380   380 W SurfaceFlinger: couldn't log to binary event log: overflow.
08-03 22:03:22.586 21465 21465 D MainActivity: getLastNavFragment() -> QueueFragment
08-03 22:03:22.586 21465 21465 D MainActivity: handleNavIntent()
08-03 22:03:22.589   918   936 I ActivityManager: Displayed baseline.de.danoeh.antennapod.debug/baseline.de.danoeh.antennapod.activity.MainActivity: +398ms (total +791ms)
08-03 22:03:22.593 13866 13866 I GoogleInputMethodServic: GoogleInputMethodService.onFinishInput():3138 
08-03 22:03:22.594 13866 13866 I GoogleInputMethodServic: GoogleInputMethodService.onStartInput():1808 
08-03 22:03:22.624 29532 29532 W PathParser: Points are too far apart 4.030360828967057
08-03 22:03:22.624 29532 29532 W PathParser: Points are too far apart 4.030360538880159
08-03 22:03:22.640 29532 29532 W PathParser: Points are too far apart 4.030360828967057
08-03 22:03:22.640 29532 29532 W PathParser: Points are too far apart 4.030360538880159
08-03 22:03:22.657 29532 29532 W PathParser: Points are too far apart 4.030360828967057
08-03 22:03:22.657 29532 29532 W PathParser: Points are too far apart 4.030360538880159
08-03 22:03:22.673 29532 29532 W PathParser: Points are too far apart 4.030360828967057
08-03 22:03:22.673 29532 29532 W PathParser: Points are too far apart 4.030360538880159
08-03 22:03:22.691 29532 29532 W PathParser: Points are too far apart 4.030360828967057
08-03 22:03:22.691 29532 29532 W PathParser: Points are too far apart 4.030360538880159
08-03 22:03:22.710 29532 29532 W PathParser: Points are too far apart 4.030360828967057
08-03 22:03:22.710 29532 29532 W PathParser: Points are too far apart 4.030360538880159
08-03 22:03:22.724 29532 29532 W PathParser: Points are too far apart 4.030360828967057
08-03 22:03:22.726 29532 29532 W PathParser: Points are too far apart 4.030360538880159
08-03 22:03:22.741 29532 29532 W PathParser: Points are too far apart 4.030360828967057
08-03 22:03:22.741 29532 29532 W PathParser: Points are too far apart 4.030360538880159
08-03 22:03:22.961 24577 11008 I Icing   : Indexing com.google.android.gms-apps from com.google.android.gms
08-03 22:03:23.045 24577 11008 I Icing   : Indexing done com.google.android.gms-apps
08-03 22:03:23.348 21465 21512 D DBReader: Extracting Feedlist
08-03 22:03:23.350 21465 21512 D FlattrUtils: Retrieving access token
08-03 22:03:23.351 21465 21512 D FlattrUtils: No access token found
08-03 22:03:23.353 21465 21512 I art     : Rejecting re-init on previously-failed class java.lang.Class<androidx.core.app.JobIntentService$JobServiceEngineImpl>
08-03 22:03:23.353 21465 21512 I art     : Rejecting re-init on previously-failed class java.lang.Class<androidx.core.app.JobIntentService$JobServiceEngineImpl>
08-03 22:03:23.354 21465 21512 I art     : Rejecting re-init on previously-failed class java.lang.Class<androidx.core.app.SafeJobIntentService$SafeJobServiceEngineImpl>
08-03 22:03:23.354 21465 21512 I art     : Rejecting re-init on previously-failed class java.lang.Class<androidx.core.app.SafeJobIntentService$SafeJobServiceEngineImpl>
08-03 22:03:23.395 21509 21509 D AndroidRuntime: >>>>>> START com.android.internal.os.RuntimeInit uid 2000 <<<<<<
08-03 22:03:23.399 21509 21509 D AndroidRuntime: CheckJNI is OFF
08-03 22:03:23.428 21509 21509 D ICU     : No timezone override file found: /data/misc/zoneinfo/current/icu/icu_tzdata.dat
08-03 22:03:23.464 21509 21509 I Radio-JNI: register_android_hardware_Radio DONE
08-03 22:03:23.481 21509 21509 D AndroidRuntime: Calling main entry com.android.commands.am.Am
08-03 22:03:23.490 29687 29687 I Trepn   : Trepn 6.2s: Received intent: com.quicinc.trepn.start_profiling
08-03 22:03:23.636 29687 29687 W FileUtils: Failed to chmod(/storage/emulated/0/trepn/Trepn_2020.08.03_220323.db): android.system.ErrnoException: chmod failed: EPERM (Operation not permitted)
08-03 22:03:23.831 13866 13866 I GoogleInputMethodServic: GoogleInputMethodService.onFinishInput():3138 
08-03 22:03:23.833 13866 13866 I GoogleInputMethodServic: GoogleInputMethodService.onStartInput():1808 
08-03 22:03:23.877 29687 29687 I Trepn   : Trepn 6.2s: Trepn has Started Profiling.
08-03 22:03:23.880 21509 21509 D AndroidRuntime: Shutting down VM
08-03 22:03:24.355 21465 21477 I art     : Starting a blocking GC Explicit
08-03 22:03:24.384 21465 21477 I art     : Explicit concurrent mark sweep GC freed 12743(1667KB) AllocSpace objects, 7(140KB) LOS objects, 40% free, 23MB/38MB, paused 368us total 28.048ms
08-03 22:03:24.391 21465 21477 I art     : Starting a blocking GC Explicit
08-03 22:03:24.406 21465 21477 I art     : Explicit concurrent mark sweep GC freed 3350(193KB) AllocSpace objects, 2(588KB) LOS objects, 40% free, 22MB/37MB, paused 170us total 13.881ms
08-03 22:03:24.412 21465 21477 I art     : Starting a blocking GC Explicit
08-03 22:03:24.424 21465 21477 I art     : Explicit concurrent mark sweep GC freed 3(96B) AllocSpace objects, 0(0B) LOS objects, 40% free, 22MB/37MB, paused 174us total 11.863ms
08-03 22:03:24.430 21465 21477 I art     : Starting a blocking GC Explicit
08-03 22:03:24.442 21465 21477 I art     : Explicit concurrent mark sweep GC freed 3(96B) AllocSpace objects, 0(0B) LOS objects, 40% free, 22MB/37MB, paused 163us total 12.080ms
08-03 22:03:24.448 21465 21477 I art     : Starting a blocking GC Explicit
08-03 22:03:24.461 21465 21477 I art     : Explicit concurrent mark sweep GC freed 3(96B) AllocSpace objects, 0(0B) LOS objects, 40% free, 22MB/37MB, paused 138us total 11.998ms
08-03 22:03:24.718 21465 21478 I art     : Starting a blocking GC Explicit
08-03 22:03:24.736 21465 21478 I art     : Explicit concurrent mark sweep GC freed 1370(82KB) AllocSpace objects, 1(20KB) LOS objects, 40% free, 22MB/37MB, paused 188us total 17.325ms
08-03 22:03:24.745 21465 21478 I art     : Starting a blocking GC Explicit
08-03 22:03:24.758 21465 21478 I art     : Explicit concurrent mark sweep GC freed 23(752B) AllocSpace objects, 0(0B) LOS objects, 40% free, 22MB/37MB, paused 136us total 12.285ms
08-03 22:03:24.764 21465 21478 I art     : Starting a blocking GC Explicit
08-03 22:03:24.776 21465 21478 I art     : Explicit concurrent mark sweep GC freed 3(96B) AllocSpace objects, 0(0B) LOS objects, 40% free, 22MB/37MB, paused 151us total 12.235ms
08-03 22:03:24.782 21465 21478 I art     : Starting a blocking GC Explicit
08-03 22:03:24.795 21465 21478 I art     : Explicit concurrent mark sweep GC freed 3(96B) AllocSpace objects, 0(0B) LOS objects, 40% free, 22MB/37MB, paused 140us total 12.052ms
08-03 22:03:24.801 21465 21478 I art     : Starting a blocking GC Explicit
08-03 22:03:24.813 21465 21478 I art     : Explicit concurrent mark sweep GC freed 3(96B) AllocSpace objects, 0(0B) LOS objects, 40% free, 22MB/37MB, paused 151us total 11.920ms
08-03 22:03:25.077 21465 21477 I art     : Starting a blocking GC Explicit
08-03 22:03:25.092 21465 21477 I art     : Explicit concurrent mark sweep GC freed 1386(80KB) AllocSpace objects, 1(20KB) LOS objects, 40% free, 22MB/37MB, paused 184us total 14.829ms
08-03 22:03:25.099 21465 21477 I art     : Starting a blocking GC Explicit
08-03 22:03:25.112 21465 21477 I art     : Explicit concurrent mark sweep GC freed 23(752B) AllocSpace objects, 0(0B) LOS objects, 40% free, 22MB/37MB, paused 148us total 12.327ms
08-03 22:03:25.118 21465 21477 I art     : Starting a blocking GC Explicit
08-03 22:03:25.130 21465 21477 I art     : Explicit concurrent mark sweep GC freed 3(96B) AllocSpace objects, 0(0B) LOS objects, 40% free, 22MB/37MB, paused 151us total 11.878ms
08-03 22:03:25.137 21465 21477 I art     : Starting a blocking GC Explicit
08-03 22:03:25.148 21465 21477 I art     : Explicit concurrent mark sweep GC freed 3(96B) AllocSpace objects, 0(0B) LOS objects, 40% free, 22MB/37MB, paused 130us total 11.141ms
08-03 22:03:25.154 21465 21477 I art     : Starting a blocking GC Explicit
08-03 22:03:25.165 21465 21477 I art     : Explicit concurrent mark sweep GC freed 3(96B) AllocSpace objects, 0(0B) LOS objects, 40% free, 22MB/37MB, paused 140us total 10.980ms
08-03 22:03:25.185 14862 14862 I ServiceManager: Waiting for service AtCmdFwd...
08-03 22:03:25.447 21465 21477 I art     : Starting a blocking GC Explicit
08-03 22:03:25.464 21465 21477 I art     : Explicit concurrent mark sweep GC freed 1366(80KB) AllocSpace objects, 1(20KB) LOS objects, 40% free, 22MB/37MB, paused 194us total 16.639ms
08-03 22:03:25.472 21465 21477 I art     : Starting a blocking GC Explicit
08-03 22:03:25.485 21465 21477 I art     : Explicit concurrent mark sweep GC freed 27(880B) AllocSpace objects, 0(0B) LOS objects, 40% free, 22MB/37MB, paused 149us total 12.627ms
08-03 22:03:25.491 21465 21477 I art     : Starting a blocking GC Explicit
08-03 22:03:25.503 21465 21477 I art     : Explicit concurrent mark sweep GC freed 5(160B) AllocSpace objects, 0(0B) LOS objects, 40% free, 22MB/37MB, paused 142us total 12.304ms
08-03 22:03:25.510 21465 21477 I art     : Starting a blocking GC Explicit
08-03 22:03:25.521 21465 21477 I art     : Explicit concurrent mark sweep GC freed 5(160B) AllocSpace objects, 0(0B) LOS objects, 40% free, 22MB/37MB, paused 144us total 11.283ms
08-03 22:03:25.527 21465 21477 I art     : Starting a blocking GC Explicit
08-03 22:03:25.538 21465 21477 I art     : Explicit concurrent mark sweep GC freed 5(160B) AllocSpace objects, 0(0B) LOS objects, 40% free, 22MB/37MB, paused 142us total 11.277ms
08-03 22:03:25.820 21465 21477 I art     : Starting a blocking GC Explicit
08-03 22:03:25.835 21465 21477 I art     : Explicit concurrent mark sweep GC freed 1371(80KB) AllocSpace objects, 1(20KB) LOS objects, 40% free, 22MB/37MB, paused 174us total 15.644ms
08-03 22:03:25.846 21465 21477 I art     : Starting a blocking GC Explicit
08-03 22:03:25.862 21465 21477 I art     : Explicit concurrent mark sweep GC freed 23(752B) AllocSpace objects, 0(0B) LOS objects, 40% free, 22MB/37MB, paused 138us total 15.688ms
08-03 22:03:25.868 21465 21477 I art     : Starting a blocking GC Explicit
08-03 22:03:25.881 21465 21477 I art     : Explicit concurrent mark sweep GC freed 3(96B) AllocSpace objects, 0(0B) LOS objects, 40% free, 22MB/37MB, paused 154us total 12.319ms
08-03 22:03:25.887 21465 21477 I art     : Starting a blocking GC Explicit
08-03 22:03:25.900 21465 21477 I art     : Explicit concurrent mark sweep GC freed 3(96B) AllocSpace objects, 0(0B) LOS objects, 40% free, 22MB/37MB, paused 143us total 12.602ms
08-03 22:03:25.907 21465 21477 I art     : Starting a blocking GC Explicit
08-03 22:03:25.919 21465 21477 I art     : Explicit concurrent mark sweep GC freed 3(96B) AllocSpace objects, 0(0B) LOS objects, 40% free, 22MB/37MB, paused 143us total 12.100ms
08-03 22:03:26.185 14862 14862 I ServiceManager: Waiting for service AtCmdFwd...
08-03 22:03:26.244 21465 21575 I art     : Starting a blocking GC Explicit
08-03 22:03:26.264 21465 21575 I art     : Explicit concurrent mark sweep GC freed 1385(81KB) AllocSpace objects, 1(20KB) LOS objects, 40% free, 22MB/37MB, paused 209us total 19.190ms
08-03 22:03:26.275 21465 21575 I art     : Starting a blocking GC Explicit
08-03 22:03:26.292 21465 21575 I art     : Explicit concurrent mark sweep GC freed 23(752B) AllocSpace objects, 0(0B) LOS objects, 40% free, 22MB/37MB, paused 170us total 16.472ms
08-03 22:03:26.301 21465 21575 I art     : Starting a blocking GC Explicit
08-03 22:03:26.314 21465 21575 I art     : Explicit concurrent mark sweep GC freed 3(96B) AllocSpace objects, 0(0B) LOS objects, 40% free, 22MB/37MB, paused 148us total 12.916ms
08-03 22:03:26.321 21465 21575 I art     : Starting a blocking GC Explicit
08-03 22:03:26.334 21465 21575 I art     : Explicit concurrent mark sweep GC freed 3(96B) AllocSpace objects, 0(0B) LOS objects, 40% free, 22MB/37MB, paused 154us total 12.770ms
08-03 22:03:26.341 21465 21575 I art     : Starting a blocking GC Explicit
08-03 22:03:26.353 21465 21575 I art     : Explicit concurrent mark sweep GC freed 3(96B) AllocSpace objects, 0(0B) LOS objects, 40% free, 22MB/37MB, paused 147us total 12.424ms
08-03 22:03:26.670 21465 21478 I art     : Starting a blocking GC Explicit
08-03 22:03:26.686 21465 21478 I art     : Explicit concurrent mark sweep GC freed 1360(81KB) AllocSpace objects, 1(20KB) LOS objects, 40% free, 22MB/37MB, paused 189us total 15.616ms
08-03 22:03:26.695 21465 21478 I art     : Starting a blocking GC Explicit
08-03 22:03:26.712 21465 21478 I art     : Explicit concurrent mark sweep GC freed 23(752B) AllocSpace objects, 0(0B) LOS objects, 40% free, 22MB/37MB, paused 174us total 16.308ms
08-03 22:03:26.720 21465 21478 I art     : Starting a blocking GC Explicit
08-03 22:03:26.733 21465 21478 I art     : Explicit concurrent mark sweep GC freed 3(96B) AllocSpace objects, 0(0B) LOS objects, 40% free, 22MB/37MB, paused 148us total 12.778ms
08-03 22:03:26.739 21465 21478 I art     : Starting a blocking GC Explicit
08-03 22:03:26.752 21465 21478 I art     : Explicit concurrent mark sweep GC freed 3(96B) AllocSpace objects, 0(0B) LOS objects, 40% free, 22MB/37MB, paused 149us total 12.514ms
08-03 22:03:26.758 21465 21478 I art     : Starting a blocking GC Explicit
08-03 22:03:26.771 21465 21478 I art     : Explicit concurrent mark sweep GC freed 3(96B) AllocSpace objects, 0(0B) LOS objects, 40% free, 22MB/37MB, paused 140us total 12.058ms
08-03 22:03:27.074 21465 21477 I art     : Starting a blocking GC Explicit
08-03 22:03:27.094 21465 21477 I art     : Explicit concurrent mark sweep GC freed 1386(82KB) AllocSpace objects, 1(20KB) LOS objects, 40% free, 22MB/37MB, paused 198us total 19.157ms
08-03 22:03:27.104 21465 21477 I art     : Starting a blocking GC Explicit
08-03 22:03:27.121 21465 21477 I art     : Explicit concurrent mark sweep GC freed 23(752B) AllocSpace objects, 0(0B) LOS objects, 40% free, 22MB/37MB, paused 151us total 16.466ms
08-03 22:03:27.129 21465 21477 I art     : Starting a blocking GC Explicit
08-03 22:03:27.142 21465 21477 I art     : Explicit concurrent mark sweep GC freed 3(96B) AllocSpace objects, 0(0B) LOS objects, 40% free, 22MB/37MB, paused 141us total 13.045ms
08-03 22:03:27.149 21465 21477 I art     : Starting a blocking GC Explicit
08-03 22:03:27.162 21465 21477 I art     : Explicit concurrent mark sweep GC freed 3(96B) AllocSpace objects, 0(0B) LOS objects, 40% free, 22MB/37MB, paused 153us total 12.755ms
08-03 22:03:27.169 21465 21477 I art     : Starting a blocking GC Explicit
08-03 22:03:27.181 21465 21477 I art     : Explicit concurrent mark sweep GC freed 3(96B) AllocSpace objects, 0(0B) LOS objects, 40% free, 22MB/37MB, paused 148us total 11.979ms
08-03 22:03:27.186 14862 14862 I ServiceManager: Waiting for service AtCmdFwd...
08-03 22:03:27.487 21465 21575 I art     : Starting a blocking GC Explicit
08-03 22:03:27.506 21465 21575 I art     : Explicit concurrent mark sweep GC freed 1358(79KB) AllocSpace objects, 1(20KB) LOS objects, 40% free, 22MB/37MB, paused 221us total 18.756ms
08-03 22:03:27.518 21465 21575 I art     : Starting a blocking GC Explicit
08-03 22:03:27.532 21465 21575 I art     : Explicit concurrent mark sweep GC freed 23(752B) AllocSpace objects, 0(0B) LOS objects, 40% free, 22MB/37MB, paused 151us total 13.328ms
08-03 22:03:27.538 21465 21575 I art     : Starting a blocking GC Explicit
08-03 22:03:27.551 21465 21575 I art     : Explicit concurrent mark sweep GC freed 3(96B) AllocSpace objects, 0(0B) LOS objects, 40% free, 22MB/37MB, paused 150us total 12.829ms
08-03 22:03:27.558 21465 21575 I art     : Starting a blocking GC Explicit
08-03 22:03:27.571 21465 21575 I art     : Explicit concurrent mark sweep GC freed 3(96B) AllocSpace objects, 0(0B) LOS objects, 40% free, 22MB/37MB, paused 137us total 12.404ms
08-03 22:03:27.577 21465 21575 I art     : Starting a blocking GC Explicit
08-03 22:03:27.590 21465 21575 I art     : Explicit concurrent mark sweep GC freed 3(96B) AllocSpace objects, 0(0B) LOS objects, 40% free, 22MB/37MB, paused 147us total 12.310ms
08-03 22:03:27.842 21465 21478 I art     : Starting a blocking GC Explicit
08-03 22:03:27.856 21465 21478 I art     : Explicit concurrent mark sweep GC freed 1358(79KB) AllocSpace objects, 1(20KB) LOS objects, 40% free, 22MB/37MB, paused 174us total 14.130ms
08-03 22:03:27.862 21465 21478 I art     : Starting a blocking GC Explicit
08-03 22:03:27.875 21465 21478 I art     : Explicit concurrent mark sweep GC freed 23(752B) AllocSpace objects, 0(0B) LOS objects, 40% free, 22MB/37MB, paused 149us total 12.189ms
08-03 22:03:27.881 21465 21478 I art     : Starting a blocking GC Explicit
08-03 22:03:27.892 21465 21478 I art     : Explicit concurrent mark sweep GC freed 3(96B) AllocSpace objects, 0(0B) LOS objects, 40% free, 22MB/37MB, paused 138us total 10.974ms
08-03 22:03:27.898 21465 21478 I art     : Starting a blocking GC Explicit
08-03 22:03:27.909 21465 21478 I art     : Explicit concurrent mark sweep GC freed 3(96B) AllocSpace objects, 0(0B) LOS objects, 40% free, 22MB/37MB, paused 141us total 10.802ms
08-03 22:03:27.915 21465 21478 I art     : Starting a blocking GC Explicit
08-03 22:03:27.926 21465 21478 I art     : Explicit concurrent mark sweep GC freed 3(96B) AllocSpace objects, 0(0B) LOS objects, 40% free, 22MB/37MB, paused 143us total 11.567ms
08-03 22:03:28.187 14862 14862 I ServiceManager: Waiting for service AtCmdFwd...
08-03 22:03:28.228 21465 21477 I art     : Starting a blocking GC Explicit
08-03 22:03:28.244 21465 21477 I art     : Explicit concurrent mark sweep GC freed 1385(80KB) AllocSpace objects, 1(20KB) LOS objects, 40% free, 22MB/37MB, paused 187us total 15.147ms
08-03 22:03:28.251 21465 21477 I art     : Starting a blocking GC Explicit
08-03 22:03:28.264 21465 21477 I art     : Explicit concurrent mark sweep GC freed 23(752B) AllocSpace objects, 0(0B) LOS objects, 40% free, 22MB/37MB, paused 160us total 13.550ms
08-03 22:03:28.271 21465 21477 I art     : Starting a blocking GC Explicit
08-03 22:03:28.284 21465 21477 I art     : Explicit concurrent mark sweep GC freed 3(96B) AllocSpace objects, 0(0B) LOS objects, 40% free, 22MB/37MB, paused 146us total 12.239ms
08-03 22:03:28.290 21465 21477 I art     : Starting a blocking GC Explicit
08-03 22:03:28.302 21465 21477 I art     : Explicit concurrent mark sweep GC freed 3(96B) AllocSpace objects, 0(0B) LOS objects, 40% free, 22MB/37MB, paused 139us total 12.330ms
08-03 22:03:28.308 21465 21477 I art     : Starting a blocking GC Explicit
08-03 22:03:28.321 21465 21477 I art     : Explicit concurrent mark sweep GC freed 3(96B) AllocSpace objects, 0(0B) LOS objects, 40% free, 22MB/37MB, paused 144us total 12.493ms
08-03 22:03:28.629 21465 21575 I art     : Starting a blocking GC Explicit
08-03 22:03:28.647 21465 21575 I art     : Explicit concurrent mark sweep GC freed 1358(79KB) AllocSpace objects, 1(20KB) LOS objects, 40% free, 22MB/37MB, paused 204us total 17.305ms
08-03 22:03:28.654 21465 21575 I art     : Starting a blocking GC Explicit
08-03 22:03:28.668 21465 21575 I art     : Explicit concurrent mark sweep GC freed 23(752B) AllocSpace objects, 0(0B) LOS objects, 40% free, 22MB/37MB, paused 150us total 13.785ms
08-03 22:03:28.674 21465 21575 I art     : Starting a blocking GC Explicit
08-03 22:03:28.686 21465 21575 I art     : Explicit concurrent mark sweep GC freed 3(96B) AllocSpace objects, 0(0B) LOS objects, 40% free, 22MB/37MB, paused 151us total 11.374ms
08-03 22:03:28.692 21465 21575 I art     : Starting a blocking GC Explicit
08-03 22:03:28.703 21465 21575 I art     : Explicit concurrent mark sweep GC freed 3(96B) AllocSpace objects, 0(0B) LOS objects, 40% free, 22MB/37MB, paused 142us total 11.413ms
08-03 22:03:28.709 21465 21575 I art     : Starting a blocking GC Explicit
08-03 22:03:28.720 21465 21575 I art     : Explicit concurrent mark sweep GC freed 3(96B) AllocSpace objects, 0(0B) LOS objects, 40% free, 22MB/37MB, paused 130us total 10.759ms
08-03 22:03:28.958 21465 21478 I art     : Starting a blocking GC Explicit
08-03 22:03:28.972 21465 21478 I art     : Explicit concurrent mark sweep GC freed 1357(79KB) AllocSpace objects, 1(20KB) LOS objects, 40% free, 22MB/37MB, paused 158us total 13.233ms
08-03 22:03:28.978 21465 21478 I art     : Starting a blocking GC Explicit
08-03 22:03:28.991 21465 21478 I art     : Explicit concurrent mark sweep GC freed 23(752B) AllocSpace objects, 0(0B) LOS objects, 40% free, 22MB/37MB, paused 430us total 13.097ms
08-03 22:03:28.997 21465 21478 I art     : Starting a blocking GC Explicit
08-03 22:03:29.010 21465 21478 I art     : Explicit concurrent mark sweep GC freed 30(832B) AllocSpace objects, 0(0B) LOS objects, 40% free, 22MB/37MB, paused 150us total 12.060ms
08-03 22:03:29.016 21465 21478 I art     : Starting a blocking GC Explicit
08-03 22:03:29.028 21465 21478 I art     : Explicit concurrent mark sweep GC freed 3(96B) AllocSpace objects, 0(0B) LOS objects, 40% free, 22MB/37MB, paused 151us total 11.951ms
08-03 22:03:29.034 21465 21478 I art     : Starting a blocking GC Explicit
08-03 22:03:29.046 21465 21478 I art     : Explicit concurrent mark sweep GC freed 3(96B) AllocSpace objects, 0(0B) LOS objects, 40% free, 22MB/37MB, paused 163us total 11.714ms
08-03 22:03:29.080 21664 21664 D AndroidRuntime: >>>>>> START com.android.internal.os.RuntimeInit uid 2000 <<<<<<
08-03 22:03:29.084 21664 21664 D AndroidRuntime: CheckJNI is OFF
08-03 22:03:29.109 21664 21664 D ICU     : No timezone override file found: /data/misc/zoneinfo/current/icu/icu_tzdata.dat
08-03 22:03:29.134 21664 21664 I Radio-JNI: register_android_hardware_Radio DONE
08-03 22:03:29.151 21664 21664 D AndroidRuntime: Calling main entry com.android.commands.input.Input
08-03 22:03:29.153 21664 21664 I Input   : injectMotionEvent: MotionEvent { action=ACTION_DOWN, actionButton=0, id[0]=0, x[0]=1233.0, y[0]=1274.0, toolType[0]=TOOL_TYPE_UNKNOWN, buttonState=0, metaState=0, flags=0x0, edgeFlags=0x0, pointerCount=1, historySize=0, eventTime=655425566, downTime=655425566, deviceId=0, source=0x1002 }
08-03 22:03:29.162 21664 21664 I Input   : injectMotionEvent: MotionEvent { action=ACTION_UP, actionButton=0, id[0]=0, x[0]=1233.0, y[0]=1274.0, toolType[0]=TOOL_TYPE_UNKNOWN, buttonState=0, metaState=0, flags=0x0, edgeFlags=0x0, pointerCount=1, historySize=0, eventTime=655425566, downTime=655425566, deviceId=0, source=0x1002 }
08-03 22:03:29.164 21664 21664 D AndroidRuntime: Shutting down VM
08-03 22:03:29.188 14862 14862 I ServiceManager: Waiting for service AtCmdFwd...
08-03 22:03:29.261 21465 21575 I art     : Starting a blocking GC Explicit
08-03 22:03:29.277 21465 21575 I art     : Explicit concurrent mark sweep GC freed 1360(79KB) AllocSpace objects, 1(20KB) LOS objects, 40% free, 22MB/37MB, paused 159us total 14.956ms
08-03 22:03:29.284 21465 21575 I art     : Starting a blocking GC Explicit
08-03 22:03:29.299 21465 21575 I art     : Explicit concurrent mark sweep GC freed 23(752B) AllocSpace objects, 0(0B) LOS objects, 40% free, 22MB/37MB, paused 147us total 14.926ms
08-03 22:03:29.305 21465 21575 I art     : Starting a blocking GC Explicit
08-03 22:03:29.317 21465 21575 I art     : Explicit concurrent mark sweep GC freed 3(96B) AllocSpace objects, 0(0B) LOS objects, 40% free, 22MB/37MB, paused 161us total 12.063ms
08-03 22:03:29.324 21465 21575 I art     : Starting a blocking GC Explicit
08-03 22:03:29.336 21465 21575 I art     : Explicit concurrent mark sweep GC freed 3(96B) AllocSpace objects, 0(0B) LOS objects, 40% free, 22MB/37MB, paused 143us total 12.087ms
08-03 22:03:29.342 21465 21575 I art     : Starting a blocking GC Explicit
08-03 22:03:29.355 21465 21575 I art     : Explicit concurrent mark sweep GC freed 3(96B) AllocSpace objects, 0(0B) LOS objects, 40% free, 22MB/37MB, paused 134us total 12.274ms
08-03 22:03:29.588 21465 21477 I art     : Starting a blocking GC Explicit
08-03 22:03:29.601 21465 21477 I art     : Explicit concurrent mark sweep GC freed 1441(82KB) AllocSpace objects, 1(20KB) LOS objects, 40% free, 22MB/37MB, paused 173us total 12.650ms
08-03 22:03:29.603 13866 13866 I GoogleInputMethodServic: GoogleInputMethodService.onFinishInput():3138 
08-03 22:03:29.604 13866 13866 I GoogleInputMethodServic: GoogleInputMethodService.onStartInput():1808 
08-03 22:03:29.607 21465 21477 I art     : Starting a blocking GC Explicit
08-03 22:03:29.621 21465 21477 I art     : Explicit concurrent mark sweep GC freed 40(1632B) AllocSpace objects, 0(0B) LOS objects, 40% free, 22MB/37MB, paused 152us total 13.340ms
08-03 22:03:29.627 21465 21477 I art     : Starting a blocking GC Explicit
08-03 22:03:29.638 21465 21477 I art     : Explicit concurrent mark sweep GC freed 7(304B) AllocSpace objects, 0(0B) LOS objects, 40% free, 22MB/37MB, paused 133us total 11.110ms
08-03 22:03:29.644 21465 21477 I art     : Starting a blocking GC Explicit
08-03 22:03:29.655 21465 21477 I art     : Explicit concurrent mark sweep GC freed 3(96B) AllocSpace objects, 0(0B) LOS objects, 40% free, 22MB/37MB, paused 133us total 11.035ms
08-03 22:03:29.661 21465 21477 I art     : Starting a blocking GC Explicit
08-03 22:03:29.673 21465 21477 I art     : Explicit concurrent mark sweep GC freed 3(96B) AllocSpace objects, 0(0B) LOS objects, 40% free, 22MB/37MB, paused 144us total 12.040ms
08-03 22:03:29.950 21465 21478 I art     : Starting a blocking GC Explicit
08-03 22:03:29.969 21465 21478 I art     : Explicit concurrent mark sweep GC freed 1357(79KB) AllocSpace objects, 1(20KB) LOS objects, 40% free, 22MB/37MB, paused 176us total 18.692ms
08-03 22:03:29.978 21465 21478 I art     : Starting a blocking GC Explicit
08-03 22:03:29.992 21465 21478 I art     : Explicit concurrent mark sweep GC freed 23(752B) AllocSpace objects, 0(0B) LOS objects, 40% free, 22MB/37MB, paused 154us total 13.799ms
08-03 22:03:29.998 21465 21478 I art     : Starting a blocking GC Explicit
08-03 22:03:30.010 21465 21478 I art     : Explicit concurrent mark sweep GC freed 30(832B) AllocSpace objects, 0(0B) LOS objects, 40% free, 22MB/37MB, paused 144us total 12.303ms
08-03 22:03:30.016 21465 21478 I art     : Starting a blocking GC Explicit
08-03 22:03:30.029 21465 21478 I art     : Explicit concurrent mark sweep GC freed 3(96B) AllocSpace objects, 0(0B) LOS objects, 40% free, 22MB/37MB, paused 147us total 12.312ms
08-03 22:03:30.035 21465 21478 I art     : Starting a blocking GC Explicit
08-03 22:03:30.047 21465 21478 I art     : Explicit concurrent mark sweep GC freed 3(96B) AllocSpace objects, 0(0B) LOS objects, 40% free, 22MB/37MB, paused 160us total 12.298ms
08-03 22:03:30.188 14862 14862 W Atfwd_Sendcmd: AtCmdFwd service not published, waiting... retryCnt : 4
08-03 22:03:30.330 21465 21575 I art     : Starting a blocking GC Explicit
08-03 22:03:30.349 21465 21575 I art     : Explicit concurrent mark sweep GC freed 1357(79KB) AllocSpace objects, 1(20KB) LOS objects, 40% free, 22MB/37MB, paused 174us total 18.940ms
08-03 22:03:30.361 21465 21575 I art     : Starting a blocking GC Explicit
08-03 22:03:30.378 21465 21575 I art     : Explicit concurrent mark sweep GC freed 23(752B) AllocSpace objects, 0(0B) LOS objects, 40% free, 22MB/37MB, paused 174us total 16.627ms
08-03 22:03:30.389 21465 21575 I art     : Starting a blocking GC Explicit
08-03 22:03:30.401 21465 21575 I art     : Explicit concurrent mark sweep GC freed 3(96B) AllocSpace objects, 0(0B) LOS objects, 40% free, 22MB/37MB, paused 170us total 12.388ms
08-03 22:03:30.408 21465 21575 I art     : Starting a blocking GC Explicit
08-03 22:03:30.420 21465 21575 I art     : Explicit concurrent mark sweep GC freed 3(96B) AllocSpace objects, 0(0B) LOS objects, 40% free, 22MB/37MB, paused 137us total 12.536ms
08-03 22:03:30.426 21465 21575 I art     : Starting a blocking GC Explicit
08-03 22:03:30.437 21465 21575 I art     : Explicit concurrent mark sweep GC freed 3(96B) AllocSpace objects, 0(0B) LOS objects, 40% free, 22MB/37MB, paused 140us total 11.270ms
08-03 22:03:30.676 21465 21477 I art     : Starting a blocking GC Explicit
08-03 22:03:30.689 21465 21477 I art     : Explicit concurrent mark sweep GC freed 1357(79KB) AllocSpace objects, 1(20KB) LOS objects, 40% free, 22MB/37MB, paused 158us total 12.804ms
08-03 22:03:30.696 21465 21477 I art     : Starting a blocking GC Explicit
08-03 22:03:30.707 21727 21727 D AndroidRuntime: >>>>>> START com.android.internal.os.RuntimeInit uid 2000 <<<<<<
08-03 22:03:30.709 21465 21477 I art     : Explicit concurrent mark sweep GC freed 23(752B) AllocSpace objects, 0(0B) LOS objects, 40% free, 22MB/37MB, paused 157us total 13.106ms
08-03 22:03:30.712 21727 21727 D AndroidRuntime: CheckJNI is OFF
08-03 22:03:30.716 21465 21477 I art     : Starting a blocking GC Explicit
08-03 22:03:30.727 21465 21477 I art     : Explicit concurrent mark sweep GC freed 3(96B) AllocSpace objects, 0(0B) LOS objects, 40% free, 22MB/37MB, paused 143us total 11.223ms
08-03 22:03:30.732 21465 21477 I art     : Starting a blocking GC Explicit
08-03 22:03:30.739 21727 21727 D ICU     : No timezone override file found: /data/misc/zoneinfo/current/icu/icu_tzdata.dat
08-03 22:03:30.744 21465 21477 I art     : Explicit concurrent mark sweep GC freed 3(96B) AllocSpace objects, 0(0B) LOS objects, 40% free, 22MB/37MB, paused 142us total 11.306ms
08-03 22:03:30.750 21465 21477 I art     : Starting a blocking GC Explicit
08-03 22:03:30.761 21465 21477 I art     : Explicit concurrent mark sweep GC freed 3(96B) AllocSpace objects, 0(0B) LOS objects, 40% free, 22MB/37MB, paused 151us total 11.200ms
08-03 22:03:30.763 21727 21727 I Radio-JNI: register_android_hardware_Radio DONE
08-03 22:03:30.779 21727 21727 D AndroidRuntime: Calling main entry com.android.commands.input.Input
08-03 22:03:30.780 21727 21727 I Input   : injectMotionEvent: MotionEvent { action=ACTION_DOWN, actionButton=0, id[0]=0, x[0]=103.0, y[0]=192.0, toolType[0]=TOOL_TYPE_UNKNOWN, buttonState=0, metaState=0, flags=0x0, edgeFlags=0x0, pointerCount=1, historySize=0, eventTime=655427193, downTime=655427193, deviceId=0, source=0x1002 }
08-03 22:03:30.786 21727 21727 I Input   : injectMotionEvent: MotionEvent { action=ACTION_UP, actionButton=0, id[0]=0, x[0]=103.0, y[0]=192.0, toolType[0]=TOOL_TYPE_UNKNOWN, buttonState=0, metaState=0, flags=0x0, edgeFlags=0x0, pointerCount=1, historySize=0, eventTime=655427193, downTime=655427193, deviceId=0, source=0x1002 }
08-03 22:03:30.787 21727 21727 D AndroidRuntime: Shutting down VM
08-03 22:03:30.801   512  2967 D audio_hw_primary: out_set_parameters: enter: usecase(1: low-latency-playback) kvpairs: routing=2
08-03 22:03:30.813   512  2967 D audio_hw_primary: select_devices: out_snd_device(2: speaker) in_snd_device(0: none)
08-03 22:03:30.813   512  2967 D msm8974_platform: platform_send_audio_calibration: sending audio calibration for snd_device(2) acdb_id(15)
08-03 22:03:30.814   512  2967 I soundtrigger: audio_extn_sound_trigger_update_device_status: device 0x2 of type 0 for Event 1
08-03 22:03:30.823   512  2967 D audio_hw_primary: enable_snd_device: snd_device(2: speaker)
08-03 22:03:30.825   512  2967 D audio_hw_primary: enable_audio_route: apply and update mixer path: low-latency-playback speaker
08-03 22:03:30.838 13866 13866 I GoogleInputMethodServic: GoogleInputMethodService.onFinishInput():3138 
08-03 22:03:30.839 13866 13866 I GoogleInputMethodServic: GoogleInputMethodService.onStartInput():1808 
08-03 22:03:30.985 21465 21575 I art     : Starting a blocking GC Explicit
08-03 22:03:31.000 21465 21575 I art     : Explicit concurrent mark sweep GC freed 1866(104KB) AllocSpace objects, 1(20KB) LOS objects, 40% free, 22MB/37MB, paused 174us total 14.606ms
08-03 22:03:31.008 21465 21575 I art     : Starting a blocking GC Explicit
08-03 22:03:31.022 21465 21575 I art     : Explicit concurrent mark sweep GC freed 64(2288B) AllocSpace objects, 0(0B) LOS objects, 40% free, 22MB/37MB, paused 146us total 13.384ms
08-03 22:03:31.028 21465 21575 I art     : Starting a blocking GC Explicit
08-03 22:03:31.040 21465 21575 I art     : Explicit concurrent mark sweep GC freed 3(96B) AllocSpace objects, 0(0B) LOS objects, 40% free, 22MB/37MB, paused 170us total 11.883ms
08-03 22:03:31.046 21465 21575 I art     : Starting a blocking GC Explicit
08-03 22:03:31.058 21465 21575 I art     : Explicit concurrent mark sweep GC freed 3(96B) AllocSpace objects, 0(0B) LOS objects, 40% free, 22MB/37MB, paused 153us total 11.894ms
08-03 22:03:31.063 21465 21575 I art     : Starting a blocking GC Explicit
08-03 22:03:31.075 21465 21575 I art     : Explicit concurrent mark sweep GC freed 3(96B) AllocSpace objects, 0(0B) LOS objects, 40% free, 22MB/37MB, paused 148us total 11.958ms
08-03 22:03:31.293 21465 21477 I art     : Starting a blocking GC Explicit
08-03 22:03:31.306 21465 21477 I art     : Explicit concurrent mark sweep GC freed 1361(80KB) AllocSpace objects, 1(20KB) LOS objects, 40% free, 22MB/37MB, paused 148us total 12.810ms
08-03 22:03:31.312 21465 21477 I art     : Starting a blocking GC Explicit
08-03 22:03:31.325 21465 21477 I art     : Explicit concurrent mark sweep GC freed 31(1008B) AllocSpace objects, 0(0B) LOS objects, 40% free, 22MB/37MB, paused 144us total 12.016ms
08-03 22:03:31.331 21465 21477 I art     : Starting a blocking GC Explicit
08-03 22:03:31.342 21465 21477 I art     : Explicit concurrent mark sweep GC freed 3(96B) AllocSpace objects, 0(0B) LOS objects, 40% free, 22MB/37MB, paused 141us total 11.404ms
08-03 22:03:31.345 21760 21760 D AndroidRuntime: >>>>>> START com.android.internal.os.RuntimeInit uid 2000 <<<<<<
08-03 22:03:31.348 21465 21477 I art     : Starting a blocking GC Explicit
08-03 22:03:31.349 21760 21760 D AndroidRuntime: CheckJNI is OFF
08-03 22:03:31.360 21465 21477 I art     : Explicit concurrent mark sweep GC freed 3(96B) AllocSpace objects, 0(0B) LOS objects, 40% free, 22MB/37MB, paused 145us total 11.366ms
08-03 22:03:31.365 21465 21477 I art     : Starting a blocking GC Explicit
08-03 22:03:31.368   512  2967 D audio_hw_primary: disable_audio_route: reset and update mixer path: low-latency-playback speaker
08-03 22:03:31.370   512  2967 D audio_hw_primary: disable_snd_device: snd_device(2: speaker)
08-03 22:03:31.376 21760 21760 D ICU     : No timezone override file found: /data/misc/zoneinfo/current/icu/icu_tzdata.dat
08-03 22:03:31.377 21465 21477 I art     : Explicit concurrent mark sweep GC freed 3(96B) AllocSpace objects, 0(0B) LOS objects, 40% free, 22MB/37MB, paused 161us total 11.387ms
08-03 22:03:31.377   512  2967 I soundtrigger: audio_extn_sound_trigger_update_device_status: device 0x2 of type 0 for Event 0
08-03 22:03:31.400 21760 21760 I Radio-JNI: register_android_hardware_Radio DONE
08-03 22:03:31.415 21760 21760 D AndroidRuntime: Calling main entry com.android.commands.input.Input
08-03 22:03:31.416 21760 21760 I Input   : injectMotionEvent: MotionEvent { action=ACTION_DOWN, actionButton=0, id[0]=0, x[0]=324.0, y[0]=2298.0, toolType[0]=TOOL_TYPE_UNKNOWN, buttonState=0, metaState=0, flags=0x0, edgeFlags=0x0, pointerCount=1, historySize=0, eventTime=655427829, downTime=655427829, deviceId=0, source=0x1002 }
08-03 22:03:31.421 21760 21760 I Input   : injectMotionEvent: MotionEvent { action=ACTION_UP, actionButton=0, id[0]=0, x[0]=324.0, y[0]=2298.0, toolType[0]=TOOL_TYPE_UNKNOWN, buttonState=0, metaState=0, flags=0x0, edgeFlags=0x0, pointerCount=1, historySize=0, eventTime=655427829, downTime=655427829, deviceId=0, source=0x1002 }
08-03 22:03:31.422 21760 21760 D AndroidRuntime: Shutting down VM
08-03 22:03:31.434   918  6112 I ActivityManager: START u0 {cmp=baseline.de.danoeh.antennapod.debug/baseline.de.danoeh.antennapod.activity.PreferenceActivity} from uid 10633 on display 0
08-03 22:03:31.435   512  2967 D audio_hw_primary: out_set_parameters: enter: usecase(1: low-latency-playback) kvpairs: routing=2
08-03 22:03:31.448   512  2967 D audio_hw_primary: select_devices: out_snd_device(2: speaker) in_snd_device(0: none)
08-03 22:03:31.448   512  2967 D msm8974_platform: platform_send_audio_calibration: sending audio calibration for snd_device(2) acdb_id(15)
08-03 22:03:31.448   512  2967 I soundtrigger: audio_extn_sound_trigger_update_device_status: device 0x2 of type 0 for Event 1
08-03 22:03:31.459   512  2967 D audio_hw_primary: enable_snd_device: snd_device(2: speaker)
08-03 22:03:31.461   512  2967 D audio_hw_primary: enable_audio_route: apply and update mixer path: low-latency-playback speaker
08-03 22:03:31.504   512  2967 D AudioFlinger: mixer(0xf4740000) throttle end: throttle time(12)
08-03 22:03:31.555   918  3261 D WifiStateMachine: starting scan for "H369AA63323"WPA_PSK with 2412,5180
08-03 22:03:31.607 21465 21477 I art     : Starting a blocking GC Explicit
08-03 22:03:31.632 21465 21477 I art     : Explicit concurrent mark sweep GC freed 4309(439KB) AllocSpace objects, 2(40KB) LOS objects, 40% free, 23MB/39MB, paused 237us total 24.758ms
08-03 22:03:31.638 21465 21477 I art     : Starting a blocking GC Explicit
08-03 22:03:31.653 21465 21477 I art     : Explicit concurrent mark sweep GC freed 441(21KB) AllocSpace objects, 0(0B) LOS objects, 40% free, 23MB/38MB, paused 163us total 14.405ms
08-03 22:03:31.659 21465 21477 I art     : Starting a blocking GC Explicit
08-03 22:03:31.673 21465 21477 I art     : Explicit concurrent mark sweep GC freed 7(336B) AllocSpace objects, 0(0B) LOS objects, 40% free, 23MB/38MB, paused 183us total 13.451ms
08-03 22:03:31.679 21465 21477 I art     : Starting a blocking GC Explicit
08-03 22:03:31.693 21465 21477 I art     : Explicit concurrent mark sweep GC freed 3(96B) AllocSpace objects, 0(0B) LOS objects, 40% free, 23MB/38MB, paused 174us total 13.552ms
08-03 22:03:31.700 21465 21477 I art     : Starting a blocking GC Explicit
08-03 22:03:31.706   918   936 I ActivityManager: Displayed baseline.de.danoeh.antennapod.debug/baseline.de.danoeh.antennapod.activity.PreferenceActivity: +247ms
08-03 22:03:31.707 13866 13866 I GoogleInputMethodServic: GoogleInputMethodService.onFinishInput():3138 
08-03 22:03:31.707 13866 13866 I GoogleInputMethodServic: GoogleInputMethodService.onStartInput():1808 
08-03 22:03:31.715 21465 21477 I art     : Explicit concurrent mark sweep GC freed 263(8KB) AllocSpace objects, 0(0B) LOS objects, 40% free, 23MB/39MB, paused 241us total 15.017ms
08-03 22:03:31.731 21465 21486 D OpenGLRenderer: endAllStagingAnimators on 0x7f7f46c800 (RippleDrawable) with handle 0x7f7e4591c0
08-03 22:03:31.956   380   380 W SurfaceFlinger: couldn't log to binary event log: overflow.
08-03 22:03:31.976   518   646 I ThermalEngine: ACTION: GPU - Setting GPU[0] to 510000000
08-03 22:03:31.984 21465 21477 I art     : Starting a blocking GC Explicit
08-03 22:03:31.988   512  2967 D audio_hw_primary: disable_audio_route: reset and update mixer path: low-latency-playback speaker
08-03 22:03:31.989   512  2967 D audio_hw_primary: disable_snd_device: snd_device(2: speaker)
08-03 22:03:31.996   512  2967 I soundtrigger: audio_extn_sound_trigger_update_device_status: device 0x2 of type 0 for Event 0
08-03 22:03:32.001 21465 21477 I art     : Explicit concurrent mark sweep GC freed 1393(81KB) AllocSpace objects, 1(20KB) LOS objects, 40% free, 23MB/38MB, paused 172us total 16.769ms
08-03 22:03:32.008 21465 21477 I art     : Starting a blocking GC Explicit
08-03 22:03:32.024 21465 21477 I art     : Explicit concurrent mark sweep GC freed 62(1888B) AllocSpace objects, 0(0B) LOS objects, 40% free, 23MB/38MB, paused 180us total 15.625ms
08-03 22:03:32.032 21465 21477 I art     : Starting a blocking GC Explicit
08-03 22:03:32.048 21465 21477 I art     : Explicit concurrent mark sweep GC freed 3(96B) AllocSpace objects, 0(0B) LOS objects, 40% free, 23MB/38MB, paused 184us total 16.655ms
08-03 22:03:32.056 21465 21477 I art     : Starting a blocking GC Explicit
08-03 22:03:32.075 21465 21465 D PlaybackController: Releasing PlaybackController
08-03 22:03:32.075 21465 21477 I art     : Explicit concurrent mark sweep GC freed 42(1808B) AllocSpace objects, 0(0B) LOS objects, 40% free, 23MB/39MB, paused 765us total 18.143ms
08-03 22:03:32.083 21465 21477 I art     : Starting a blocking GC Explicit
08-03 22:03:32.101 21465 21477 I art     : Explicit concurrent mark sweep GC freed 223(16KB) AllocSpace objects, 0(0B) LOS objects, 40% free, 23MB/39MB, paused 182us total 17.665ms
08-03 22:03:32.388 21465 21575 I art     : Starting a blocking GC Explicit
08-03 22:03:32.412 21465 21575 I art     : Explicit concurrent mark sweep GC freed 1400(81KB) AllocSpace objects, 1(20KB) LOS objects, 40% free, 23MB/39MB, paused 225us total 23.749ms
08-03 22:03:32.424 21465 21575 I art     : Starting a blocking GC Explicit
08-03 22:03:32.446 21465 21575 I art     : Explicit concurrent mark sweep GC freed 23(752B) AllocSpace objects, 0(0B) LOS objects, 40% free, 23MB/39MB, paused 209us total 22.212ms
08-03 22:03:32.458 21465 21575 I art     : Starting a blocking GC Explicit
08-03 22:03:32.477 21465 21575 I art     : Explicit concurrent mark sweep GC freed 3(96B) AllocSpace objects, 0(0B) LOS objects, 40% free, 23MB/39MB, paused 256us total 18.690ms
08-03 22:03:32.485 21465 21575 I art     : Starting a blocking GC Explicit
08-03 22:03:32.504 21465 21575 I art     : Explicit concurrent mark sweep GC freed 3(96B) AllocSpace objects, 0(0B) LOS objects, 40% free, 23MB/39MB, paused 203us total 18.830ms
08-03 22:03:32.513 21465 21575 I art     : Starting a blocking GC Explicit
08-03 22:03:32.531 21465 21575 I art     : Explicit concurrent mark sweep GC freed 3(96B) AllocSpace objects, 0(0B) LOS objects, 40% free, 23MB/39MB, paused 193us total 18.605ms
08-03 22:03:32.796 21465 21803 I art     : Starting a blocking GC Explicit
08-03 22:03:32.815 21465 21803 I art     : Explicit concurrent mark sweep GC freed 1360(80KB) AllocSpace objects, 1(20KB) LOS objects, 40% free, 23MB/39MB, paused 213us total 18.954ms
08-03 22:03:32.823 21465 21803 I art     : Starting a blocking GC Explicit
08-03 22:03:32.842 21465 21803 I art     : Explicit concurrent mark sweep GC freed 23(752B) AllocSpace objects, 0(0B) LOS objects, 40% free, 23MB/39MB, paused 214us total 18.514ms
08-03 22:03:32.850 21465 21803 I art     : Starting a blocking GC Explicit
08-03 22:03:32.869 21465 21803 I art     : Explicit concurrent mark sweep GC freed 3(96B) AllocSpace objects, 0(0B) LOS objects, 40% free, 23MB/39MB, paused 213us total 18.113ms
08-03 22:03:32.877 21465 21803 I art     : Starting a blocking GC Explicit
08-03 22:03:32.895 21465 21803 I art     : Explicit concurrent mark sweep GC freed 3(96B) AllocSpace objects, 0(0B) LOS objects, 40% free, 23MB/39MB, paused 223us total 18.196ms
08-03 22:03:32.903 21465 21803 I art     : Starting a blocking GC Explicit
08-03 22:03:32.921 21465 21803 I art     : Explicit concurrent mark sweep GC freed 3(96B) AllocSpace objects, 0(0B) LOS objects, 40% free, 23MB/39MB, paused 203us total 17.750ms
08-03 22:03:33.090 21814 21814 D AndroidRuntime: >>>>>> START com.android.internal.os.RuntimeInit uid 2000 <<<<<<
08-03 22:03:33.098 21814 21814 D AndroidRuntime: CheckJNI is OFF
08-03 22:03:33.131 21814 21814 D ICU     : No timezone override file found: /data/misc/zoneinfo/current/icu/icu_tzdata.dat
08-03 22:03:33.165 21814 21814 I Radio-JNI: register_android_hardware_Radio DONE
08-03 22:03:33.187 21814 21814 D AndroidRuntime: Calling main entry com.android.commands.input.Input
08-03 22:03:33.189 21814 21814 I Input   : injectMotionEvent: MotionEvent { action=ACTION_DOWN, actionButton=0, id[0]=0, x[0]=400.0, y[0]=997.0, toolType[0]=TOOL_TYPE_UNKNOWN, buttonState=0, metaState=0, flags=0x0, edgeFlags=0x0, pointerCount=1, historySize=0, eventTime=655429602, downTime=655429602, deviceId=0, source=0x1002 }
08-03 22:03:33.191 21465 21803 I art     : Starting a blocking GC Explicit
08-03 22:03:33.193 21814 21814 I Input   : injectMotionEvent: MotionEvent { action=ACTION_UP, actionButton=0, id[0]=0, x[0]=400.0, y[0]=997.0, toolType[0]=TOOL_TYPE_UNKNOWN, buttonState=0, metaState=0, flags=0x0, edgeFlags=0x0, pointerCount=1, historySize=0, eventTime=655429602, downTime=655429602, deviceId=0, source=0x1002 }
08-03 22:03:33.195 21814 21814 D AndroidRuntime: Shutting down VM
08-03 22:03:33.206   512  2967 D audio_hw_primary: out_set_parameters: enter: usecase(1: low-latency-playback) kvpairs: routing=2
08-03 22:03:33.210 21465 21803 I art     : Explicit concurrent mark sweep GC freed 1589(89KB) AllocSpace objects, 1(20KB) LOS objects, 40% free, 23MB/39MB, paused 222us total 18.702ms
08-03 22:03:33.218 21465 21803 I art     : Starting a blocking GC Explicit
08-03 22:03:33.219   512  2967 D audio_hw_primary: select_devices: out_snd_device(2: speaker) in_snd_device(0: none)
08-03 22:03:33.219   512  2967 D msm8974_platform: platform_send_audio_calibration: sending audio calibration for snd_device(2) acdb_id(15)
08-03 22:03:33.219   512  2967 I soundtrigger: audio_extn_sound_trigger_update_device_status: device 0x2 of type 0 for Event 1
08-03 22:03:33.228   512  2967 D audio_hw_primary: enable_snd_device: snd_device(2: speaker)
08-03 22:03:33.230   512  2967 D audio_hw_primary: enable_audio_route: apply and update mixer path: low-latency-playback speaker
08-03 22:03:33.238 21465 21803 I art     : Explicit concurrent mark sweep GC freed 731(50KB) AllocSpace objects, 1(20KB) LOS objects, 40% free, 23MB/39MB, paused 564us total 20.443ms
08-03 22:03:33.246 21465 21803 I art     : Starting a blocking GC Explicit
08-03 22:03:33.265 21465 21803 I art     : Explicit concurrent mark sweep GC freed 278(17KB) AllocSpace objects, 0(0B) LOS objects, 40% free, 23MB/39MB, paused 462us total 18.727ms
08-03 22:03:33.273 21465 21803 I art     : Starting a blocking GC Explicit
08-03 22:03:33.293 21465 21803 I art     : Explicit concurrent mark sweep GC freed 463(36KB) AllocSpace objects, 0(0B) LOS objects, 40% free, 23MB/39MB, paused 283us total 19.712ms
08-03 22:03:33.300 21465 21803 I art     : Starting a blocking GC Explicit
08-03 22:03:33.318 21465 21803 I art     : Explicit concurrent mark sweep GC freed 76(3KB) AllocSpace objects, 0(0B) LOS objects, 40% free, 23MB/39MB, paused 219us total 17.902ms
08-03 22:03:33.332 13866 13866 I GoogleInputMethodServic: GoogleInputMethodService.onFinishInput():3138 
08-03 22:03:33.333 13866 13866 I GoogleInputMethodServic: GoogleInputMethodService.onStartInput():1808 
08-03 22:03:33.550 21465 21575 I art     : Starting a blocking GC Explicit
08-03 22:03:33.571 21465 21575 I art     : Explicit concurrent mark sweep GC freed 1403(81KB) AllocSpace objects, 1(20KB) LOS objects, 40% free, 23MB/39MB, paused 202us total 20.499ms
08-03 22:03:33.579 21465 21575 I art     : Starting a blocking GC Explicit
08-03 22:03:33.599 21465 21575 I art     : Explicit concurrent mark sweep GC freed 25(816B) AllocSpace objects, 0(0B) LOS objects, 40% free, 23MB/39MB, paused 205us total 19.722ms
08-03 22:03:33.607 21465 21575 I art     : Starting a blocking GC Explicit
08-03 22:03:33.627 21465 21575 I art     : Explicit concurrent mark sweep GC freed 3(96B) AllocSpace objects, 0(0B) LOS objects, 40% free, 23MB/39MB, paused 207us total 19.299ms
08-03 22:03:33.635 21465 21575 I art     : Starting a blocking GC Explicit
08-03 22:03:33.654 21465 21575 I art     : Explicit concurrent mark sweep GC freed 3(96B) AllocSpace objects, 0(0B) LOS objects, 40% free, 23MB/39MB, paused 188us total 19.037ms
08-03 22:03:33.662 21465 21575 I art     : Starting a blocking GC Explicit
08-03 22:03:33.682 21465 21575 I art     : Explicit concurrent mark sweep GC freed 3(96B) AllocSpace objects, 0(0B) LOS objects, 40% free, 23MB/39MB, paused 189us total 19.315ms
08-03 22:03:33.768   512  2967 D audio_hw_primary: disable_audio_route: reset and update mixer path: low-latency-playback speaker
08-03 22:03:33.769   512  2967 D audio_hw_primary: disable_snd_device: snd_device(2: speaker)
08-03 22:03:33.777   512  2967 I soundtrigger: audio_extn_sound_trigger_update_device_status: device 0x2 of type 0 for Event 0
08-03 22:03:33.851 21847 21847 D AndroidRuntime: >>>>>> START com.android.internal.os.RuntimeInit uid 2000 <<<<<<
08-03 22:03:33.856 21847 21847 D AndroidRuntime: CheckJNI is OFF
08-03 22:03:33.888 21847 21847 D ICU     : No timezone override file found: /data/misc/zoneinfo/current/icu/icu_tzdata.dat
08-03 22:03:33.920 21847 21847 I Radio-JNI: register_android_hardware_Radio DONE
08-03 22:03:33.942 21847 21847 D AndroidRuntime: Calling main entry com.android.commands.input.Input
08-03 22:03:33.944 21847 21847 I Input   : injectMotionEvent: MotionEvent { action=ACTION_DOWN, actionButton=0, id[0]=0, x[0]=697.0, y[0]=656.0, toolType[0]=TOOL_TYPE_UNKNOWN, buttonState=0, metaState=0, flags=0x0, edgeFlags=0x0, pointerCount=1, historySize=0, eventTime=655430356, downTime=655430356, deviceId=0, source=0x1002 }
08-03 22:03:33.945 21465 21803 I art     : Starting a blocking GC Explicit
08-03 22:03:33.947 21847 21847 I Input   : injectMotionEvent: MotionEvent { action=ACTION_UP, actionButton=0, id[0]=0, x[0]=697.0, y[0]=656.0, toolType[0]=TOOL_TYPE_UNKNOWN, buttonState=0, metaState=0, flags=0x0, edgeFlags=0x0, pointerCount=1, historySize=0, eventTime=655430356, downTime=655430356, deviceId=0, source=0x1002 }
08-03 22:03:33.949 21847 21847 D AndroidRuntime: Shutting down VM
08-03 22:03:33.953   512  2967 D audio_hw_primary: out_set_parameters: enter: usecase(1: low-latency-playback) kvpairs: routing=2
08-03 22:03:33.966   512  2967 D audio_hw_primary: select_devices: out_snd_device(2: speaker) in_snd_device(0: none)
08-03 22:03:33.966   512  2967 D msm8974_platform: platform_send_audio_calibration: sending audio calibration for snd_device(2) acdb_id(15)
08-03 22:03:33.966   512  2967 I soundtrigger: audio_extn_sound_trigger_update_device_status: device 0x2 of type 0 for Event 1
08-03 22:03:33.970 21465 21803 I art     : Explicit concurrent mark sweep GC freed 1512(103KB) AllocSpace objects, 1(20KB) LOS objects, 40% free, 23MB/39MB, paused 1.075ms total 24.377ms
08-03 22:03:33.977   512  2967 D audio_hw_primary: enable_snd_device: snd_device(2: speaker)
08-03 22:03:33.978 21465 21803 I art     : Starting a blocking GC Explicit
08-03 22:03:33.979   512  2967 D audio_hw_primary: enable_audio_route: apply and update mixer path: low-latency-playback speaker
08-03 22:03:33.998 21465 21803 I art     : Explicit concurrent mark sweep GC freed 340(64KB) AllocSpace objects, 0(0B) LOS objects, 40% free, 23MB/39MB, paused 255us total 19.864ms
08-03 22:03:34.006 21465 21803 I art     : Starting a blocking GC Explicit
08-03 22:03:34.020   512  2967 D AudioFlinger: mixer(0xf4740000) throttle end: throttle time(12)
08-03 22:03:34.021 13866 13866 I GoogleInputMethodServic: GoogleInputMethodService.onFinishInput():3138 
08-03 22:03:34.022 13866 13866 I GoogleInputMethodServic: GoogleInputMethodService.onStartInput():1808 
08-03 22:03:34.024 21465 21803 I art     : Explicit concurrent mark sweep GC freed 195(8KB) AllocSpace objects, 0(0B) LOS objects, 40% free, 23MB/39MB, paused 229us total 18.369ms
08-03 22:03:34.033 21465 21803 I art     : Starting a blocking GC Explicit
08-03 22:03:34.053 21465 21803 I art     : Explicit concurrent mark sweep GC freed 534(25KB) AllocSpace objects, 0(0B) LOS objects, 40% free, 23MB/39MB, paused 420us total 19.968ms
08-03 22:03:34.061 21465 21803 I art     : Starting a blocking GC Explicit
08-03 22:03:34.079 21465 21803 I art     : Explicit concurrent mark sweep GC freed 27(1024B) AllocSpace objects, 0(0B) LOS objects, 40% free, 23MB/39MB, paused 202us total 17.604ms
08-03 22:03:34.255 29532 29532 W PathParser: Points are too far apart 4.030360828967057
08-03 22:03:34.255 29532 29532 W PathParser: Points are too far apart 4.030360538880159
08-03 22:03:34.269 29532 29532 W PathParser: Points are too far apart 4.030360828967057
08-03 22:03:34.269 29532 29532 W PathParser: Points are too far apart 4.030360538880159
08-03 22:03:34.285 29532 29532 W PathParser: Points are too far apart 4.030360828967057
08-03 22:03:34.285 29532 29532 W PathParser: Points are too far apart 4.030360538880159
08-03 22:03:34.302 29532 29532 W PathParser: Points are too far apart 4.030360828967057
08-03 22:03:34.302 29532 29532 W PathParser: Points are too far apart 4.030360538880159
08-03 22:03:34.318 29532 29532 W PathParser: Points are too far apart 4.030360828967057
08-03 22:03:34.319 29532 29532 W PathParser: Points are too far apart 4.030360538880159
08-03 22:03:34.328 21465 21575 I art     : Starting a blocking GC Explicit
08-03 22:03:34.335 29532 29532 W PathParser: Points are too far apart 4.030360828967057
08-03 22:03:34.335 29532 29532 W PathParser: Points are too far apart 4.030360538880159
08-03 22:03:34.350 21465 21575 I art     : Explicit concurrent mark sweep GC freed 1363(80KB) AllocSpace objects, 1(20KB) LOS objects, 40% free, 23MB/39MB, paused 204us total 20.884ms
08-03 22:03:34.352 29532 29532 W PathParser: Points are too far apart 4.030360828967057
08-03 22:03:34.352 29532 29532 W PathParser: Points are too far apart 4.030360538880159
08-03 22:03:34.359 21465 21575 I art     : Starting a blocking GC Explicit
08-03 22:03:34.379 21465 21575 I art     : Explicit concurrent mark sweep GC freed 29(944B) AllocSpace objects, 0(0B) LOS objects, 40% free, 23MB/39MB, paused 206us total 20.122ms
08-03 22:03:34.388 21465 21575 I art     : Starting a blocking GC Explicit
08-03 22:03:34.409 21465 21575 I art     : Explicit concurrent mark sweep GC freed 3(96B) AllocSpace objects, 0(0B) LOS objects, 40% free, 23MB/39MB, paused 186us total 20.030ms
08-03 22:03:34.417 21465 21575 I art     : Starting a blocking GC Explicit
08-03 22:03:34.437 21465 21575 I art     : Explicit concurrent mark sweep GC freed 3(96B) AllocSpace objects, 0(0B) LOS objects, 40% free, 23MB/39MB, paused 242us total 19.885ms
08-03 22:03:34.445 21465 21575 I art     : Starting a blocking GC Explicit
08-03 22:03:34.464 21465 21575 I art     : Explicit concurrent mark sweep GC freed 5(192B) AllocSpace objects, 0(0B) LOS objects, 40% free, 23MB/39MB, paused 235us total 19.209ms
08-03 22:03:34.510   512  2967 D audio_hw_primary: disable_audio_route: reset and update mixer path: low-latency-playback speaker
08-03 22:03:34.513   512  2967 D audio_hw_primary: disable_snd_device: snd_device(2: speaker)
08-03 22:03:34.523   512  2967 I soundtrigger: audio_extn_sound_trigger_update_device_status: device 0x2 of type 0 for Event 0
08-03 22:03:34.612 21878 21878 D AndroidRuntime: >>>>>> START com.android.internal.os.RuntimeInit uid 2000 <<<<<<
08-03 22:03:34.618 21878 21878 D AndroidRuntime: CheckJNI is OFF
08-03 22:03:34.657 21878 21878 D ICU     : No timezone override file found: /data/misc/zoneinfo/current/icu/icu_tzdata.dat
08-03 22:03:34.694 21878 21878 I Radio-JNI: register_android_hardware_Radio DONE
08-03 22:03:34.719 21878 21878 D AndroidRuntime: Calling main entry com.android.commands.input.Input
08-03 22:03:34.722 21878 21878 I Input   : injectMotionEvent: MotionEvent { action=ACTION_DOWN, actionButton=0, id[0]=0, x[0]=256.0, y[0]=1589.0, toolType[0]=TOOL_TYPE_UNKNOWN, buttonState=0, metaState=0, flags=0x0, edgeFlags=0x0, pointerCount=1, historySize=0, eventTime=655431135, downTime=655431135, deviceId=0, source=0x1002 }
08-03 22:03:34.726 21878 21878 I Input   : injectMotionEvent: MotionEvent { action=ACTION_UP, actionButton=0, id[0]=0, x[0]=256.0, y[0]=1589.0, toolType[0]=TOOL_TYPE_UNKNOWN, buttonState=0, metaState=0, flags=0x0, edgeFlags=0x0, pointerCount=1, historySize=0, eventTime=655431135, downTime=655431135, deviceId=0, source=0x1002 }
08-03 22:03:34.727 21878 21878 D AndroidRuntime: Shutting down VM
08-03 22:03:34.738 21465 21465 D UserPreferences: timeOfDay: []
08-03 22:03:34.738 21465 21465 D AutoUpdateManager: Restarting update alarm.
08-03 22:03:34.740 21465 21465 D AutoUpdateManager: Automatic update was deactivated
08-03 22:03:34.741   512  2967 D audio_hw_primary: out_set_parameters: enter: usecase(1: low-latency-playback) kvpairs: routing=2
08-03 22:03:34.747 21465 21803 I art     : Starting a blocking GC Explicit
08-03 22:03:34.754   512  2967 D audio_hw_primary: select_devices: out_snd_device(2: speaker) in_snd_device(0: none)
08-03 22:03:34.754   512  2967 D msm8974_platform: platform_send_audio_calibration: sending audio calibration for snd_device(2) acdb_id(15)
08-03 22:03:34.754   512  2967 I soundtrigger: audio_extn_sound_trigger_update_device_status: device 0x2 of type 0 for Event 1
08-03 22:03:34.764 13866 13866 I GoogleInputMethodServic: GoogleInputMethodService.onFinishInput():3138 
08-03 22:03:34.765 13866 13866 I GoogleInputMethodServic: GoogleInputMethodService.onStartInput():1808 
08-03 22:03:34.768 29532 29532 W PathParser: Points are too far apart 4.030360828967057
08-03 22:03:34.769 29532 29532 W PathParser: Points are too far apart 4.030360538880159
08-03 22:03:34.771   512  2967 D audio_hw_primary: enable_snd_device: snd_device(2: speaker)
08-03 22:03:34.774   512  2967 D audio_hw_primary: enable_audio_route: apply and update mixer path: low-latency-playback speaker
08-03 22:03:34.776 21465 21803 I art     : Explicit concurrent mark sweep GC freed 1676(106KB) AllocSpace objects, 2(40KB) LOS objects, 40% free, 23MB/39MB, paused 251us total 28.116ms
08-03 22:03:34.784 21465 21803 I art     : Starting a blocking GC Explicit
08-03 22:03:34.785 29532 29532 W PathParser: Points are too far apart 4.030360828967057
08-03 22:03:34.785 29532 29532 W PathParser: Points are too far apart 4.030360538880159
08-03 22:03:34.802 29532 29532 W PathParser: Points are too far apart 4.030360828967057
08-03 22:03:34.802 29532 29532 W PathParser: Points are too far apart 4.030360538880159
08-03 22:03:34.803 21465 21803 I art     : Explicit concurrent mark sweep GC freed 72(2544B) AllocSpace objects, 0(0B) LOS objects, 40% free, 23MB/39MB, paused 214us total 18.809ms
08-03 22:03:34.811 21465 21803 I art     : Starting a blocking GC Explicit
08-03 22:03:34.817   512  2967 D AudioFlinger: mixer(0xf4740000) throttle end: throttle time(12)
08-03 22:03:34.819 29532 29532 W PathParser: Points are too far apart 4.030360828967057
08-03 22:03:34.819 29532 29532 W PathParser: Points are too far apart 4.030360538880159
08-03 22:03:34.829 21465 21803 I art     : Explicit concurrent mark sweep GC freed 5(176B) AllocSpace objects, 0(0B) LOS objects, 40% free, 23MB/39MB, paused 190us total 18.116ms
08-03 22:03:34.835 29532 29532 W PathParser: Points are too far apart 4.030360828967057
08-03 22:03:34.835 29532 29532 W PathParser: Points are too far apart 4.030360538880159
08-03 22:03:34.838 21465 21803 I art     : Starting a blocking GC Explicit
08-03 22:03:34.852 29532 29532 W PathParser: Points are too far apart 4.030360828967057
08-03 22:03:34.852 29532 29532 W PathParser: Points are too far apart 4.030360538880159
08-03 22:03:34.857 21465 21803 I art     : Explicit concurrent mark sweep GC freed 6(256B) AllocSpace objects, 0(0B) LOS objects, 40% free, 23MB/39MB, paused 210us total 18.845ms
08-03 22:03:34.865 21465 21803 I art     : Starting a blocking GC Explicit
08-03 22:03:34.869 29532 29532 W PathParser: Points are too far apart 4.030360828967057
08-03 22:03:34.869 29532 29532 W PathParser: Points are too far apart 4.030360538880159
08-03 22:03:34.883 21465 21803 I art     : Explicit concurrent mark sweep GC freed 30(1344B) AllocSpace objects, 0(0B) LOS objects, 40% free, 23MB/39MB, paused 201us total 18.622ms
08-03 22:03:34.885 29532 29532 W PathParser: Points are too far apart 4.030360828967057
08-03 22:03:34.885 29532 29532 W PathParser: Points are too far apart 4.030360538880159
08-03 22:03:34.935   380   380 W SurfaceFlinger: couldn't log to binary event log: overflow.
08-03 22:03:35.115 21465 21477 I art     : Starting a blocking GC Explicit
08-03 22:03:35.134 21465 21477 I art     : Explicit concurrent mark sweep GC freed 1858(95KB) AllocSpace objects, 1(20KB) LOS objects, 40% free, 23MB/39MB, paused 198us total 18.827ms
08-03 22:03:35.143 21465 21477 I art     : Starting a blocking GC Explicit
08-03 22:03:35.162 21465 21477 I art     : Explicit concurrent mark sweep GC freed 33(1072B) AllocSpace objects, 0(0B) LOS objects, 40% free, 23MB/39MB, paused 245us total 18.977ms
08-03 22:03:35.170 21465 21477 I art     : Starting a blocking GC Explicit
08-03 22:03:35.189 21465 21477 I art     : Explicit concurrent mark sweep GC freed 4(160B) AllocSpace objects, 0(0B) LOS objects, 40% free, 23MB/39MB, paused 180us total 18.752ms
08-03 22:03:35.197 21465 21477 I art     : Starting a blocking GC Explicit
08-03 22:03:35.215 21465 21477 I art     : Explicit concurrent mark sweep GC freed 3(96B) AllocSpace objects, 0(0B) LOS objects, 40% free, 23MB/39MB, paused 182us total 17.815ms
08-03 22:03:35.223 21465 21477 I art     : Starting a blocking GC Explicit
08-03 22:03:35.241 21465 21477 I art     : Explicit concurrent mark sweep GC freed 3(96B) AllocSpace objects, 0(0B) LOS objects, 40% free, 23MB/39MB, paused 187us total 18.207ms
08-03 22:03:35.308   512  2967 D audio_hw_primary: disable_audio_route: reset and update mixer path: low-latency-playback speaker
08-03 22:03:35.309   512  2967 D audio_hw_primary: disable_snd_device: snd_device(2: speaker)
08-03 22:03:35.317   512  2967 I soundtrigger: audio_extn_sound_trigger_update_device_status: device 0x2 of type 0 for Event 0
08-03 22:03:35.356 21909 21909 D AndroidRuntime: >>>>>> START com.android.internal.os.RuntimeInit uid 2000 <<<<<<
08-03 22:03:35.361 21909 21909 D AndroidRuntime: CheckJNI is OFF
08-03 22:03:35.394 21909 21909 D ICU     : No timezone override file found: /data/misc/zoneinfo/current/icu/icu_tzdata.dat
08-03 22:03:35.426 21909 21909 I Radio-JNI: register_android_hardware_Radio DONE
08-03 22:03:35.447 21909 21909 D AndroidRuntime: Calling main entry com.android.commands.input.Input
08-03 22:03:35.449 21909 21909 I Input   : injectKeyEvent: KeyEvent { action=ACTION_DOWN, keyCode=KEYCODE_BACK, scanCode=0, metaState=0, flags=0x0, repeatCount=0, eventTime=655431862, downTime=655431862, deviceId=-1, source=0x101 }
08-03 22:03:35.454 21909 21909 I Input   : injectKeyEvent: KeyEvent { action=ACTION_UP, keyCode=KEYCODE_BACK, scanCode=0, metaState=0, flags=0x0, repeatCount=0, eventTime=655431862, downTime=655431862, deviceId=-1, source=0x101 }
08-03 22:03:35.461 21909 21909 D AndroidRuntime: Shutting down VM
08-03 22:03:35.501 21465 21575 I art     : Starting a blocking GC Explicit
08-03 22:03:35.528 21465 21575 I art     : Explicit concurrent mark sweep GC freed 2524(134KB) AllocSpace objects, 1(20KB) LOS objects, 39% free, 24MB/40MB, paused 332us total 26.064ms
08-03 22:03:35.531 13866 13866 I GoogleInputMethodServic: GoogleInputMethodService.onFinishInput():3138 
08-03 22:03:35.532 13866 13866 I GoogleInputMethodServic: GoogleInputMethodService.onStartInput():1808 
08-03 22:03:35.538 21465 21575 I art     : Starting a blocking GC Explicit
08-03 22:03:35.558 21465 21575 I art     : Explicit concurrent mark sweep GC freed 8544(536KB) AllocSpace objects, 0(0B) LOS objects, 40% free, 23MB/39MB, paused 209us total 19.087ms
08-03 22:03:35.566 21465 21575 I art     : Starting a blocking GC Explicit
08-03 22:03:35.584 21465 21575 I art     : Explicit concurrent mark sweep GC freed 116(6KB) AllocSpace objects, 0(0B) LOS objects, 40% free, 23MB/39MB, paused 201us total 18.006ms
08-03 22:03:35.592 21465 21575 I art     : Starting a blocking GC Explicit
08-03 22:03:35.611 21465 21575 I art     : Explicit concurrent mark sweep GC freed 869(55KB) AllocSpace objects, 1(48KB) LOS objects, 40% free, 23MB/39MB, paused 201us total 18.130ms
08-03 22:03:35.619 21465 21575 I art     : Starting a blocking GC Explicit
08-03 22:03:35.638 21465 21575 I art     : Explicit concurrent mark sweep GC freed 3(96B) AllocSpace objects, 0(0B) LOS objects, 40% free, 23MB/39MB, paused 205us total 18.492ms
08-03 22:03:35.898 21465 21477 I art     : Starting a blocking GC Explicit
08-03 22:03:35.918 21465 21477 I art     : Explicit concurrent mark sweep GC freed 1361(79KB) AllocSpace objects, 1(20KB) LOS objects, 40% free, 23MB/39MB, paused 213us total 20.062ms
08-03 22:03:35.927 21465 21477 I art     : Starting a blocking GC Explicit
08-03 22:03:35.946 21465 21477 I art     : Explicit concurrent mark sweep GC freed 23(752B) AllocSpace objects, 0(0B) LOS objects, 40% free, 23MB/39MB, paused 205us total 19.446ms
08-03 22:03:35.955 21465 21477 I art     : Starting a blocking GC Explicit
08-03 22:03:35.974 21465 21477 I art     : Explicit concurrent mark sweep GC freed 3(96B) AllocSpace objects, 0(0B) LOS objects, 40% free, 23MB/39MB, paused 203us total 19.070ms
08-03 22:03:35.983   518   646 I ThermalEngine: ACTION: GPU - Setting GPU[0] to 450000000
08-03 22:03:35.988 21465 21477 I art     : Starting a blocking GC Explicit
08-03 22:03:36.012 21465 21477 I art     : Explicit concurrent mark sweep GC freed 30(832B) AllocSpace objects, 0(0B) LOS objects, 40% free, 23MB/39MB, paused 289us total 24.508ms
08-03 22:03:36.024 21465 21477 I art     : Starting a blocking GC Explicit
08-03 22:03:36.047 21465 21477 I art     : Explicit concurrent mark sweep GC freed 3(96B) AllocSpace objects, 0(0B) LOS objects, 40% free, 23MB/39MB, paused 276us total 23.604ms
08-03 22:03:36.306 21961 21961 I art     : Late-enabling -Xcheck:jni
08-03 22:03:36.307   918   918 I ActivityManager: Start proc 21961:nappatfpr.com.newsblur/u0a631 for service nappatfpr.com.newsblur/.service.NBSyncService
08-03 22:03:36.311 18789 18789 I Finsky  : [1] xow.onStartJob(3): SCH: onJobSchedulerWakeup with jobId 9004
08-03 22:03:36.319 18789 18789 I Finsky  : [1] xjw.a(9): Scheduling fallback in 43199994 (absolute: 1682020187)
08-03 22:03:36.321 18789 18789 I Finsky  : [1] xjw.a(9): Scheduling fallback in 64799998 (absolute: 1703620194)
08-03 22:03:36.340 21961 21961 W System  : ClassLoader referenced unknown path: /data/app/nappatfpr.com.newsblur-1/lib/arm64
08-03 22:03:36.348 21465 21478 I art     : Starting a blocking GC Explicit
08-03 22:03:36.370 21465 21478 I art     : Explicit concurrent mark sweep GC freed 1361(79KB) AllocSpace objects, 1(20KB) LOS objects, 40% free, 23MB/39MB, paused 271us total 22.510ms
08-03 22:03:36.381 21465 21478 I art     : Starting a blocking GC Explicit
08-03 22:03:36.403 21465 21478 I art     : Explicit concurrent mark sweep GC freed 23(752B) AllocSpace objects, 0(0B) LOS objects, 40% free, 23MB/39MB, paused 272us total 21.850ms
08-03 22:03:36.413 21465 21478 I art     : Starting a blocking GC Explicit
08-03 22:03:36.436 21465 21478 I art     : Explicit concurrent mark sweep GC freed 3(96B) AllocSpace objects, 0(0B) LOS objects, 40% free, 23MB/39MB, paused 280us total 22.682ms
08-03 22:03:36.441 18789 18789 I Finsky  : [1] xkf.handleMessage(8): SCH: DeviceState: DeviceState{currentTime=1596485016437, isCharging=false, isIdle=false, netAny=true, netNotRoaming=true, netUnmetered=true, batteryPercent=100.0}
08-03 22:03:36.446 21465 21478 I art     : Starting a blocking GC Explicit
08-03 22:03:36.447 18789 21437 I Finsky  : [6009] xmu.a(8): SCH: Jobs in database: 1-1337 3-181 3-182 12-1 26-1414141414 
08-03 22:03:36.450 18789 18789 I Finsky  : [1] xkg.a(16): SCH: Running job: 12-1
08-03 22:03:36.451 18789 18789 I Finsky  : [1] ContentSyncJob.a(16): [ContentSync] job started
08-03 22:03:36.451 18789 18789 I Finsky  : [1] xkf.handleMessage(61): SCH: RunningQueue size: 1, PendingQueue size: 0
08-03 22:03:36.452 18789 18789 I Finsky  : [1] xkf.handleMessage(64): SCH: Running queue: 12-1 
08-03 22:03:36.469 21465 21478 I art     : Explicit concurrent mark sweep GC freed 3(96B) AllocSpace objects, 0(0B) LOS objects, 40% free, 23MB/39MB, paused 291us total 22.322ms
08-03 22:03:36.479 21465 21478 I art     : Starting a blocking GC Explicit
08-03 22:03:36.501 21465 21478 I art     : Explicit concurrent mark sweep GC freed 3(96B) AllocSpace objects, 0(0B) LOS objects, 40% free, 23MB/39MB, paused 264us total 22.074ms
08-03 22:03:36.517 18789 21454 I Finsky  : [6014] dzn.a(22): Completed 0 account content syncs with 0 successful.
08-03 22:03:36.518 18789 18789 I Finsky  : [1] ContentSyncJob.a(1): [ContentSync] Installation state replication succeeded.
08-03 22:03:36.518 18789 18789 I Finsky  : [1] xlr.a(13): SCH: jobFinished: 12-1. TimeElapsed: 68ms.
08-03 22:03:36.519 18789 18789 I Finsky  : [1] xkg.a(36): SCH: Job 12-1 finished. Not rescheduling.
08-03 22:03:36.520 18789 18789 I Finsky  : [1] xkf.handleMessage(61): SCH: RunningQueue size: 0, PendingQueue size: 0
08-03 22:03:36.520 18789 18789 I Finsky  : [1] xkf.handleMessage(25): Executor finished
08-03 22:03:36.535 18789 18789 I Finsky  : [1] xmu.a(8): SCH: Jobs in database: 1-1337 3-181 3-182 26-1414141414 
08-03 22:03:36.538 18789 18789 I Finsky  : [1] xio.a(57): SCH: ConstraintMapping: 1-1337,  -> L: 136370ms, D: 43336370ms, C: false, I: false, N: 1
08-03 22:03:36.538 18789 18789 I Finsky  : [1] xio.a(57): SCH: ConstraintMapping: 3-181,  -> L: 0ms, D: 74592678ms, C: false, I: true, N: 2
08-03 22:03:36.539 18789 18789 I Finsky  : [1] xio.a(57): SCH: ConstraintMapping: 3-182,  -> L: 0ms, D: 74592750ms, C: true, I: true, N: 2
08-03 22:03:36.539 18789 18789 I Finsky  : [1] xio.a(57): SCH: ConstraintMapping: 26-1414141414,  -> L: 4208618ms, D: 5108618ms, C: false, I: false, N: 0
08-03 22:03:36.549 18789 18789 I Finsky  : [1] xle.a(34): Cancelling existing jobscheduler jobs: 9009 9005 9013 9012 9014 9007 9015 
08-03 22:03:36.549 18789 18789 I Finsky  : [1] xle.a(27): Scheduling job Id: 9000, L: 136370, D: 43336370, C: false, I: false, N: 1
08-03 22:03:36.550 18789 18789 I Finsky  : [1] xle.a(10): Throttling wakeup for job 9001 (expected to run in 0 ms) due to recent wakeup
08-03 22:03:36.551 18789 18789 I Finsky  : [1] xle.a(27): Scheduling job Id: 9001, L: 30000, D: 74592678, C: false, I: true, N: 2
08-03 22:03:36.552 18789 18789 I Finsky  : [1] xle.a(10): Throttling wakeup for job 9002 (expected to run in 0 ms) due to recent wakeup
08-03 22:03:36.553 18789 18789 I Finsky  : [1] xle.a(27): Scheduling job Id: 9002, L: 30000, D: 74592750, C: true, I: true, N: 2
08-03 22:03:36.554 18789 18789 I Finsky  : [1] xle.a(27): Scheduling job Id: 9003, L: 4208618, D: 5108618, C: false, I: false, N: 0
08-03 22:03:36.555 18789 18789 I Finsky  : [1] xle.a(27): Scheduling job Id: 9006, L: 136370, D: 43336370, C: false, I: false, N: 1
08-03 22:03:36.556 18789 18789 I Finsky  : [1] xle.a(10): Throttling wakeup for job 9008 (expected to run in 0 ms) due to recent wakeup
08-03 22:03:36.557 18789 18789 I Finsky  : [1] xle.a(27): Scheduling job Id: 9008, L: 30000, D: 74592678, C: false, I: true, N: 2
08-03 22:03:36.558 18789 18789 I Finsky  : [1] xle.a(10): Throttling wakeup for job 9010 (expected to run in 0 ms) due to recent wakeup
08-03 22:03:36.559 18789 18789 I Finsky  : [1] xle.a(27): Scheduling job Id: 9010, L: 30000, D: 74592750, C: true, I: true, N: 2
08-03 22:03:36.560 18789 18789 I Finsky  : [1] xle.a(27): Scheduling job Id: 9011, L: 4208618, D: 5108618, C: false, I: false, N: 0
08-03 22:03:36.777 21465 21803 I art     : Starting a blocking GC Explicit
08-03 22:03:36.806 21465 21803 I art     : Explicit concurrent mark sweep GC freed 1361(79KB) AllocSpace objects, 1(20KB) LOS objects, 40% free, 23MB/39MB, paused 302us total 28.264ms
08-03 22:03:36.818 21465 21803 I art     : Starting a blocking GC Explicit
08-03 22:03:36.841 21465 21803 I art     : Explicit concurrent mark sweep GC freed 23(752B) AllocSpace objects, 0(0B) LOS objects, 40% free, 23MB/39MB, paused 271us total 23.162ms
08-03 22:03:36.851 21465 21803 I art     : Starting a blocking GC Explicit
08-03 22:03:36.874 21465 21803 I art     : Explicit concurrent mark sweep GC freed 3(96B) AllocSpace objects, 0(0B) LOS objects, 40% free, 23MB/39MB, paused 274us total 22.290ms
08-03 22:03:36.885 21465 21803 I art     : Starting a blocking GC Explicit
08-03 22:03:36.908 21465 21803 I art     : Explicit concurrent mark sweep GC freed 3(96B) AllocSpace objects, 0(0B) LOS objects, 40% free, 23MB/39MB, paused 259us total 22.991ms
08-03 22:03:36.918 21465 21803 I art     : Starting a blocking GC Explicit
08-03 22:03:36.928   918  3696 I ActivityManager: Killing 15030:nappagreedy.com.newsblur/u0a628 (adj 15): empty #17
08-03 22:03:36.940 21465 21803 I art     : Explicit concurrent mark sweep GC freed 3(96B) AllocSpace objects, 0(0B) LOS objects, 40% free, 23MB/39MB, paused 263us total 21.943ms
08-03 22:03:37.242 21984 21984 D AndroidRuntime: >>>>>> START com.android.internal.os.RuntimeInit uid 2000 <<<<<<
08-03 22:03:37.247 21984 21984 D AndroidRuntime: CheckJNI is OFF
08-03 22:03:37.287 21984 21984 D ICU     : No timezone override file found: /data/misc/zoneinfo/current/icu/icu_tzdata.dat
08-03 22:03:37.297 21465 21803 I art     : Starting a blocking GC Explicit
08-03 22:03:37.321 21465 21803 I art     : Explicit concurrent mark sweep GC freed 2030(102KB) AllocSpace objects, 1(20KB) LOS objects, 40% free, 23MB/39MB, paused 284us total 23.945ms
08-03 22:03:37.331 21984 21984 I Radio-JNI: register_android_hardware_Radio DONE
08-03 22:03:37.332 21465 21803 I art     : Starting a blocking GC Explicit
08-03 22:03:37.354 21465 21803 I art     : Explicit concurrent mark sweep GC freed 116(3KB) AllocSpace objects, 0(0B) LOS objects, 40% free, 23MB/39MB, paused 275us total 21.368ms
08-03 22:03:37.360 21984 21984 D AndroidRuntime: Calling main entry com.android.commands.input.Input
08-03 22:03:37.362 21984 21984 I Input   : injectKeyEvent: KeyEvent { action=ACTION_DOWN, keyCode=KEYCODE_BACK, scanCode=0, metaState=0, flags=0x0, repeatCount=0, eventTime=655433775, downTime=655433775, deviceId=-1, source=0x101 }
08-03 22:03:37.364 21465 21803 I art     : Starting a blocking GC Explicit
08-03 22:03:37.367 21984 21984 I Input   : injectKeyEvent: KeyEvent { action=ACTION_UP, keyCode=KEYCODE_BACK, scanCode=0, metaState=0, flags=0x0, repeatCount=0, eventTime=655433775, downTime=655433775, deviceId=-1, source=0x101 }
08-03 22:03:37.372 21984 21984 D AndroidRuntime: Shutting down VM
08-03 22:03:37.385 21465 21803 I art     : Explicit concurrent mark sweep GC freed 67(2432B) AllocSpace objects, 0(0B) LOS objects, 40% free, 23MB/39MB, paused 285us total 21.606ms
08-03 22:03:37.391 21465 21465 D QueueFragment: loadItems()
08-03 22:03:37.391 21465 21491 D DBReader: getQueue() called
08-03 22:03:37.391 21465 21465 V PlaybackController: initServiceNotRunning()
08-03 22:03:37.391 21465 21491 D DBReader: getQueue()
08-03 22:03:37.391 21465 21465 D ExternalPlayerFragment: Loading media info
08-03 22:03:37.392 21465 21465 D UserPreferences: Using default data folder
08-03 22:03:37.392 21465 21491 D DBReader: getFavoriteIDList() called
08-03 22:03:37.393 21465 21491 D DBReader: getQueueIDList() called
08-03 22:03:37.394 21465 21491 D DBReader: Extracting Feedlist
08-03 22:03:37.395 21465 21485 D DBReader: getNavDrawerData() called with: 
08-03 22:03:37.399 21465 21803 I art     : Starting a blocking GC Explicit
08-03 22:03:37.400 21465 21485 D DBReader: getDownloadedItems() called
08-03 22:03:37.401 21465 21485 D DBReader: getFavoriteIDList() called
08-03 22:03:37.402 21465 21485 D DBReader: getQueueIDList() called
08-03 22:03:37.402 21465 21485 D DBReader: Extracting Feedlist
08-03 22:03:37.423 21465 21803 I art     : Explicit concurrent mark sweep GC freed 821(66KB) AllocSpace objects, 0(0B) LOS objects, 40% free, 23MB/39MB, paused 500us total 23.481ms
08-03 22:03:37.435 21465 21803 I art     : Starting a blocking GC Explicit
08-03 22:03:37.447 21465 21465 D MainActivity: getLastNavFragment() -> QueueFragment
08-03 22:03:37.457 21465 21803 I art     : Explicit concurrent mark sweep GC freed 743(39KB) AllocSpace objects, 0(0B) LOS objects, 40% free, 23MB/39MB, paused 649us total 22.089ms
08-03 22:03:37.482 13866 13866 I GoogleInputMethodServic: GoogleInputMethodService.onFinishInput():3138 
08-03 22:03:37.483 13866 13866 I GoogleInputMethodServic: GoogleInputMethodService.onStartInput():1808 
08-03 22:03:37.742 21465 21477 I art     : Starting a blocking GC Explicit
08-03 22:03:37.755   380   380 W SurfaceFlinger: couldn't log to binary event log: overflow.
08-03 22:03:37.769 21465 21477 I art     : Explicit concurrent mark sweep GC freed 2909(161KB) AllocSpace objects, 1(20KB) LOS objects, 40% free, 23MB/39MB, paused 325us total 26.873ms
08-03 22:03:37.781 21465 21477 I art     : Starting a blocking GC Explicit
08-03 22:03:37.803 21465 21477 I art     : Explicit concurrent mark sweep GC freed 692(42KB) AllocSpace objects, 0(0B) LOS objects, 40% free, 23MB/39MB, paused 291us total 22.143ms
08-03 22:03:37.813 21465 21477 I art     : Starting a blocking GC Explicit
08-03 22:03:37.836 21465 21477 I art     : Explicit concurrent mark sweep GC freed 1355(66KB) AllocSpace objects, 0(0B) LOS objects, 40% free, 23MB/39MB, paused 285us total 22.622ms
08-03 22:03:37.846 21465 21477 I art     : Starting a blocking GC Explicit
08-03 22:03:37.867 21465 21477 I art     : Explicit concurrent mark sweep GC freed 4875(323KB) AllocSpace objects, 11(308KB) LOS objects, 40% free, 22MB/38MB, paused 262us total 20.110ms
08-03 22:03:37.878 21465 21477 I art     : Starting a blocking GC Explicit
08-03 22:03:37.899 21465 21477 I art     : Explicit concurrent mark sweep GC freed 3(96B) AllocSpace objects, 0(0B) LOS objects, 40% free, 22MB/38MB, paused 279us total 20.396ms
08-03 22:03:38.194 21465 21575 I art     : Starting a blocking GC Explicit
08-03 22:03:38.221 21465 21575 I art     : Explicit concurrent mark sweep GC freed 1392(83KB) AllocSpace objects, 1(20KB) LOS objects, 40% free, 22MB/38MB, paused 320us total 27.099ms
08-03 22:03:38.233 21465 21575 I art     : Starting a blocking GC Explicit
08-03 22:03:38.255 21465 21575 I art     : Explicit concurrent mark sweep GC freed 23(752B) AllocSpace objects, 0(0B) LOS objects, 40% free, 22MB/38MB, paused 290us total 21.390ms
08-03 22:03:38.265 21465 21575 I art     : Starting a blocking GC Explicit
08-03 22:03:38.287 21465 21575 I art     : Explicit concurrent mark sweep GC freed 3(96B) AllocSpace objects, 0(0B) LOS objects, 40% free, 22MB/38MB, paused 315us total 21.681ms
08-03 22:03:38.298 21465 21575 I art     : Starting a blocking GC Explicit
08-03 22:03:38.319 21465 21575 I art     : Explicit concurrent mark sweep GC freed 3(96B) AllocSpace objects, 0(0B) LOS objects, 40% free, 22MB/38MB, paused 301us total 21.406ms
08-03 22:03:38.330 21465 21575 I art     : Starting a blocking GC Explicit
08-03 22:03:38.351 21465 21575 I art     : Explicit concurrent mark sweep GC freed 3(96B) AllocSpace objects, 0(0B) LOS objects, 40% free, 22MB/38MB, paused 297us total 21.457ms
08-03 22:03:38.642 21465 21478 I art     : Starting a blocking GC Explicit
08-03 22:03:38.663 21465 21478 I art     : Explicit concurrent mark sweep GC freed 1360(79KB) AllocSpace objects, 1(20KB) LOS objects, 40% free, 22MB/38MB, paused 310us total 21.248ms
08-03 22:03:38.673 21465 21478 I art     : Starting a blocking GC Explicit
08-03 22:03:38.695 21465 21478 I art     : Explicit concurrent mark sweep GC freed 23(752B) AllocSpace objects, 0(0B) LOS objects, 40% free, 22MB/38MB, paused 332us total 21.416ms
08-03 22:03:38.705 21465 21478 I art     : Starting a blocking GC Explicit
08-03 22:03:38.726 21465 21478 I art     : Explicit concurrent mark sweep GC freed 3(96B) AllocSpace objects, 0(0B) LOS objects, 40% free, 22MB/38MB, paused 297us total 19.855ms
08-03 22:03:38.735 21465 21478 I art     : Starting a blocking GC Explicit
08-03 22:03:38.756 21465 21478 I art     : Explicit concurrent mark sweep GC freed 3(96B) AllocSpace objects, 0(0B) LOS objects, 40% free, 22MB/38MB, paused 293us total 20.358ms
08-03 22:03:38.766 21465 21478 I art     : Starting a blocking GC Explicit
08-03 22:03:38.787 21465 21478 I art     : Explicit concurrent mark sweep GC freed 3(96B) AllocSpace objects, 0(0B) LOS objects, 40% free, 22MB/38MB, paused 310us total 20.640ms
08-03 22:03:39.073 21465 21803 I art     : Starting a blocking GC Explicit
08-03 22:03:39.094 21465 21803 I art     : Explicit concurrent mark sweep GC freed 1389(81KB) AllocSpace objects, 1(20KB) LOS objects, 40% free, 22MB/38MB, paused 310us total 21.150ms
08-03 22:03:39.105 21465 21803 I art     : Starting a blocking GC Explicit
08-03 22:03:39.126 21465 21803 I art     : Explicit concurrent mark sweep GC freed 23(752B) AllocSpace objects, 0(0B) LOS objects, 40% free, 22MB/38MB, paused 302us total 20.671ms
08-03 22:03:39.136 21465 21803 I art     : Starting a blocking GC Explicit
08-03 22:03:39.157 21465 21803 I art     : Explicit concurrent mark sweep GC freed 3(96B) AllocSpace objects, 0(0B) LOS objects, 40% free, 22MB/38MB, paused 321us total 20.680ms
08-03 22:03:39.158 22042 22042 D AndroidRuntime: >>>>>> START com.android.internal.os.RuntimeInit uid 2000 <<<<<<
08-03 22:03:39.164 22042 22042 D AndroidRuntime: CheckJNI is OFF
08-03 22:03:39.167 21465 21803 I art     : Starting a blocking GC Explicit
08-03 22:03:39.188 21465 21803 I art     : Explicit concurrent mark sweep GC freed 3(96B) AllocSpace objects, 0(0B) LOS objects, 40% free, 22MB/38MB, paused 297us total 20.807ms
08-03 22:03:39.198 21465 21803 I art     : Starting a blocking GC Explicit
08-03 22:03:39.211 22042 22042 D ICU     : No timezone override file found: /data/misc/zoneinfo/current/icu/icu_tzdata.dat
08-03 22:03:39.219 21465 21803 I art     : Explicit concurrent mark sweep GC freed 3(96B) AllocSpace objects, 0(0B) LOS objects, 40% free, 22MB/38MB, paused 314us total 21.044ms
08-03 22:03:39.258 22042 22042 I Radio-JNI: register_android_hardware_Radio DONE
08-03 22:03:39.288 22042 22042 D AndroidRuntime: Calling main entry com.android.commands.input.Input
08-03 22:03:39.290 22042 22042 I Input   : injectMotionEvent: MotionEvent { action=ACTION_DOWN, actionButton=0, id[0]=0, x[0]=103.0, y[0]=192.0, toolType[0]=TOOL_TYPE_UNKNOWN, buttonState=0, metaState=0, flags=0x0, edgeFlags=0x0, pointerCount=1, historySize=0, eventTime=655435703, downTime=655435703, deviceId=0, source=0x1002 }
08-03 22:03:39.298 22042 22042 I Input   : injectMotionEvent: MotionEvent { action=ACTION_UP, actionButton=0, id[0]=0, x[0]=103.0, y[0]=192.0, toolType[0]=TOOL_TYPE_UNKNOWN, buttonState=0, metaState=0, flags=0x0, edgeFlags=0x0, pointerCount=1, historySize=0, eventTime=655435703, downTime=655435703, deviceId=0, source=0x1002 }
08-03 22:03:39.299 22042 22042 D AndroidRuntime: Shutting down VM
08-03 22:03:39.303   512  2967 D audio_hw_primary: out_set_parameters: enter: usecase(1: low-latency-playback) kvpairs: routing=2
08-03 22:03:39.317   512  2967 D audio_hw_primary: select_devices: out_snd_device(2: speaker) in_snd_device(0: none)
08-03 22:03:39.317   512  2967 D msm8974_platform: platform_send_audio_calibration: sending audio calibration for snd_device(2) acdb_id(15)
08-03 22:03:39.317   512  2967 I soundtrigger: audio_extn_sound_trigger_update_device_status: device 0x2 of type 0 for Event 1
08-03 22:03:39.332   512  2967 D audio_hw_primary: enable_snd_device: snd_device(2: speaker)
08-03 22:03:39.334   512  2967 D audio_hw_primary: enable_audio_route: apply and update mixer path: low-latency-playback speaker
08-03 22:03:39.343 13866 13866 I GoogleInputMethodServic: GoogleInputMethodService.onFinishInput():3138 
08-03 22:03:39.344 13866 13866 I GoogleInputMethodServic: GoogleInputMethodService.onStartInput():1808 
08-03 22:03:39.491 21465 21803 I art     : Starting a blocking GC Explicit
08-03 22:03:39.515 21465 21803 I art     : Explicit concurrent mark sweep GC freed 1852(104KB) AllocSpace objects, 1(20KB) LOS objects, 40% free, 22MB/38MB, paused 314us total 24.254ms
08-03 22:03:39.527 21465 21803 I art     : Starting a blocking GC Explicit
08-03 22:03:39.548 21465 21803 I art     : Explicit concurrent mark sweep GC freed 37(1552B) AllocSpace objects, 0(0B) LOS objects, 40% free, 22MB/38MB, paused 294us total 21.066ms
08-03 22:03:39.558 21465 21803 I art     : Starting a blocking GC Explicit
08-03 22:03:39.579 21465 21803 I art     : Explicit concurrent mark sweep GC freed 3(96B) AllocSpace objects, 0(0B) LOS objects, 40% free, 22MB/38MB, paused 289us total 20.901ms
08-03 22:03:39.589 21465 21803 I art     : Starting a blocking GC Explicit
08-03 22:03:39.610 21465 21803 I art     : Explicit concurrent mark sweep GC freed 3(96B) AllocSpace objects, 0(0B) LOS objects, 40% free, 22MB/38MB, paused 299us total 20.419ms
08-03 22:03:39.620 21465 21803 I art     : Starting a blocking GC Explicit
08-03 22:03:39.641 21465 21803 I art     : Explicit concurrent mark sweep GC freed 3(96B) AllocSpace objects, 0(0B) LOS objects, 40% free, 22MB/38MB, paused 377us total 20.838ms
08-03 22:03:39.878   512  2967 D audio_hw_primary: disable_audio_route: reset and update mixer path: low-latency-playback speaker
08-03 22:03:39.879   512  2967 D audio_hw_primary: disable_snd_device: snd_device(2: speaker)
08-03 22:03:39.888   512  2967 I soundtrigger: audio_extn_sound_trigger_update_device_status: device 0x2 of type 0 for Event 0
08-03 22:03:39.927 21465 21478 I art     : Starting a blocking GC Explicit
08-03 22:03:39.949 21465 21478 I art     : Explicit concurrent mark sweep GC freed 1364(81KB) AllocSpace objects, 1(20KB) LOS objects, 40% free, 22MB/38MB, paused 286us total 21.431ms
08-03 22:03:39.960 21465 21478 I art     : Starting a blocking GC Explicit
08-03 22:03:39.981 21465 21478 I art     : Explicit concurrent mark sweep GC freed 31(1008B) AllocSpace objects, 0(0B) LOS objects, 40% free, 22MB/38MB, paused 290us total 20.714ms
08-03 22:03:39.991 21465 21478 I art     : Starting a blocking GC Explicit
08-03 22:03:40.012 21465 21478 I art     : Explicit concurrent mark sweep GC freed 32(880B) AllocSpace objects, 0(0B) LOS objects, 40% free, 22MB/38MB, paused 346us total 20.739ms
08-03 22:03:40.022 21465 21478 I art     : Starting a blocking GC Explicit
08-03 22:03:40.043 21465 21478 I art     : Explicit concurrent mark sweep GC freed 5(160B) AllocSpace objects, 0(0B) LOS objects, 40% free, 22MB/38MB, paused 283us total 20.908ms
08-03 22:03:40.053 21465 21478 I art     : Starting a blocking GC Explicit
08-03 22:03:40.075 21465 21478 I art     : Explicit concurrent mark sweep GC freed 3(96B) AllocSpace objects, 0(0B) LOS objects, 40% free, 22MB/38MB, paused 287us total 21.020ms
08-03 22:03:40.374 21465 21575 I art     : Starting a blocking GC Explicit
08-03 22:03:40.400 21465 21575 I art     : Explicit concurrent mark sweep GC freed 1359(81KB) AllocSpace objects, 1(20KB) LOS objects, 40% free, 22MB/38MB, paused 307us total 25.403ms
08-03 22:03:40.413 21465 21575 I art     : Starting a blocking GC Explicit
08-03 22:03:40.436 21465 21575 I art     : Explicit concurrent mark sweep GC freed 23(752B) AllocSpace objects, 0(0B) LOS objects, 40% free, 22MB/38MB, paused 289us total 23.194ms
08-03 22:03:40.447 21465 21575 I art     : Starting a blocking GC Explicit
08-03 22:03:40.469 21465 21575 I art     : Explicit concurrent mark sweep GC freed 3(96B) AllocSpace objects, 0(0B) LOS objects, 40% free, 22MB/38MB, paused 291us total 21.833ms
08-03 22:03:40.479 21465 21575 I art     : Starting a blocking GC Explicit
08-03 22:03:40.500 21465 21575 I art     : Explicit concurrent mark sweep GC freed 3(96B) AllocSpace objects, 0(0B) LOS objects, 40% free, 22MB/38MB, paused 279us total 21.064ms
08-03 22:03:40.511 21465 21575 I art     : Starting a blocking GC Explicit
08-03 22:03:40.532 21465 21575 I art     : Explicit concurrent mark sweep GC freed 3(96B) AllocSpace objects, 0(0B) LOS objects, 40% free, 22MB/38MB, paused 280us total 20.770ms
08-03 22:03:40.813 21465 21477 I art     : Starting a blocking GC Explicit
08-03 22:03:40.835 21465 21477 I art     : Explicit concurrent mark sweep GC freed 1358(79KB) AllocSpace objects, 1(20KB) LOS objects, 40% free, 22MB/38MB, paused 310us total 21.513ms
08-03 22:03:40.845 21465 21477 I art     : Starting a blocking GC Explicit
08-03 22:03:40.866 21465 21477 I art     : Explicit concurrent mark sweep GC freed 23(752B) AllocSpace objects, 0(0B) LOS objects, 40% free, 22MB/38MB, paused 302us total 20.587ms
08-03 22:03:40.876 21465 21477 I art     : Starting a blocking GC Explicit
08-03 22:03:40.897 21465 21477 I art     : Explicit concurrent mark sweep GC freed 3(96B) AllocSpace objects, 0(0B) LOS objects, 40% free, 22MB/38MB, paused 313us total 20.902ms
08-03 22:03:40.908 21465 21477 I art     : Starting a blocking GC Explicit
08-03 22:03:40.929 21465 21477 I art     : Explicit concurrent mark sweep GC freed 4(128B) AllocSpace objects, 0(0B) LOS objects, 40% free, 22MB/38MB, paused 278us total 20.867ms
08-03 22:03:40.940 21465 21477 I art     : Starting a blocking GC Explicit
08-03 22:03:40.961 21465 21477 I art     : Explicit concurrent mark sweep GC freed 6(192B) AllocSpace objects, 0(0B) LOS objects, 40% free, 22MB/38MB, paused 312us total 21.123ms
08-03 22:03:40.990   518   646 I ThermalEngine: ACTION: GPU - Setting GPU[0] to 510000000
08-03 22:03:41.072 22095 22095 D AndroidRuntime: >>>>>> START com.android.internal.os.RuntimeInit uid 2000 <<<<<<
08-03 22:03:41.077 22095 22095 D AndroidRuntime: CheckJNI is OFF
08-03 22:03:41.110 22095 22095 D ICU     : No timezone override file found: /data/misc/zoneinfo/current/icu/icu_tzdata.dat
08-03 22:03:41.142 22095 22095 I Radio-JNI: register_android_hardware_Radio DONE
08-03 22:03:41.165 22095 22095 D AndroidRuntime: Calling main entry com.android.commands.input.Input
08-03 22:03:41.167 22095 22095 I Input   : injectMotionEvent: MotionEvent { action=ACTION_DOWN, actionButton=0, id[0]=0, x[0]=409.0, y[0]=1034.0, toolType[0]=TOOL_TYPE_UNKNOWN, buttonState=0, metaState=0, flags=0x0, edgeFlags=0x0, pointerCount=1, historySize=0, eventTime=655437580, downTime=655437580, deviceId=0, source=0x1002 }
08-03 22:03:41.171 22095 22095 I Input   : injectMotionEvent: MotionEvent { action=ACTION_UP, actionButton=0, id[0]=0, x[0]=409.0, y[0]=1034.0, toolType[0]=TOOL_TYPE_UNKNOWN, buttonState=0, metaState=0, flags=0x0, edgeFlags=0x0, pointerCount=1, historySize=0, eventTime=655437580, downTime=655437580, deviceId=0, source=0x1002 }
08-03 22:03:41.173 22095 22095 D AndroidRuntime: Shutting down VM
08-03 22:03:41.231 21465 21477 I art     : Starting a blocking GC Explicit
08-03 22:03:41.238 21465 21465 D MainActivity: loadFragment(index: 5, args: null)
08-03 22:03:41.239 21465 21465 D MainActivity: loadFragment(tag: AddFeedFragment, args: null)
08-03 22:03:41.239 21465 21465 D MainActivity: saveLastNavFragment(tag: AddFeedFragment)
08-03 22:03:41.239   512  2967 D audio_hw_primary: out_set_parameters: enter: usecase(1: low-latency-playback) kvpairs: routing=2
08-03 22:03:41.240 21465 21465 D MainActivity: getLastNavFragment() -> AddFeedFragment
08-03 22:03:41.247 21465 21477 I art     : Explicit concurrent mark sweep GC freed 1582(103KB) AllocSpace objects, 2(40KB) LOS objects, 40% free, 22MB/38MB, paused 466us total 16.186ms
08-03 22:03:41.253   512  2967 D audio_hw_primary: select_devices: out_snd_device(2: speaker) in_snd_device(0: none)
08-03 22:03:41.253   512  2967 D msm8974_platform: platform_send_audio_calibration: sending audio calibration for snd_device(2) acdb_id(15)
08-03 22:03:41.253   512  2967 I soundtrigger: audio_extn_sound_trigger_update_device_status: device 0x2 of type 0 for Event 1
08-03 22:03:41.256 21465 21477 I art     : Starting a blocking GC Explicit
08-03 22:03:41.263   512  2967 D audio_hw_primary: enable_snd_device: snd_device(2: speaker)
08-03 22:03:41.266   512  2967 D audio_hw_primary: enable_audio_route: apply and update mixer path: low-latency-playback speaker
08-03 22:03:41.279 21465 21477 I art     : Explicit concurrent mark sweep GC freed 1515(78KB) AllocSpace objects, 0(0B) LOS objects, 40% free, 23MB/38MB, paused 1.767ms total 23.475ms
08-03 22:03:41.287 21465 21477 I art     : Starting a blocking GC Explicit
08-03 22:03:41.305 21465 21477 I art     : Explicit concurrent mark sweep GC freed 583(37KB) AllocSpace objects, 0(0B) LOS objects, 40% free, 23MB/38MB, paused 228us total 18.141ms
08-03 22:03:41.313 21465 21477 I art     : Starting a blocking GC Explicit
08-03 22:03:41.329 21465 21477 I art     : Explicit concurrent mark sweep GC freed 1170(71KB) AllocSpace objects, 2(56KB) LOS objects, 40% free, 22MB/38MB, paused 211us total 16.084ms
08-03 22:03:41.339 21465 21477 I art     : Starting a blocking GC Explicit
08-03 22:03:41.355 21465 21477 I art     : Explicit concurrent mark sweep GC freed 5(160B) AllocSpace objects, 0(0B) LOS objects, 40% free, 22MB/38MB, paused 195us total 15.302ms
08-03 22:03:41.594 21465 21803 I art     : Starting a blocking GC Explicit
08-03 22:03:41.612 21465 21803 I art     : Explicit concurrent mark sweep GC freed 1403(81KB) AllocSpace objects, 1(20KB) LOS objects, 40% free, 22MB/38MB, paused 205us total 17.610ms
08-03 22:03:41.620 21465 21803 I art     : Starting a blocking GC Explicit
08-03 22:03:41.635 21465 21803 I art     : Explicit concurrent mark sweep GC freed 33(1072B) AllocSpace objects, 0(0B) LOS objects, 40% free, 22MB/38MB, paused 200us total 14.872ms
08-03 22:03:41.643 21465 21803 I art     : Starting a blocking GC Explicit
08-03 22:03:41.659 21465 21803 I art     : Explicit concurrent mark sweep GC freed 57(2048B) AllocSpace objects, 0(0B) LOS objects, 40% free, 22MB/38MB, paused 295us total 15.763ms
08-03 22:03:41.664 13866 13866 I GoogleInputMethodServic: GoogleInputMethodService.onFinishInput():3138 
08-03 22:03:41.665 13866 13866 I GoogleInputMethodServic: GoogleInputMethodService.onStartInput():1808 
08-03 22:03:41.666 21465 21803 I art     : Starting a blocking GC Explicit
08-03 22:03:41.682 21465 21803 I art     : Explicit concurrent mark sweep GC freed 100(3KB) AllocSpace objects, 0(0B) LOS objects, 40% free, 22MB/38MB, paused 202us total 15.353ms
08-03 22:03:41.690 21465 21803 I art     : Starting a blocking GC Explicit
08-03 22:03:41.705 21465 21803 I art     : Explicit concurrent mark sweep GC freed 79(4KB) AllocSpace objects, 0(0B) LOS objects, 40% free, 22MB/38MB, paused 239us total 15.038ms
08-03 22:03:41.811   512  2967 D audio_hw_primary: disable_audio_route: reset and update mixer path: low-latency-playback speaker
08-03 22:03:41.815   512  2967 D audio_hw_primary: disable_snd_device: snd_device(2: speaker)
08-03 22:03:41.823   512  2967 I soundtrigger: audio_extn_sound_trigger_update_device_status: device 0x2 of type 0 for Event 0
08-03 22:03:41.977 21465 21478 I art     : Starting a blocking GC Explicit
08-03 22:03:41.992 21465 21478 I art     : Explicit concurrent mark sweep GC freed 1359(79KB) AllocSpace objects, 1(20KB) LOS objects, 40% free, 22MB/38MB, paused 199us total 14.957ms
08-03 22:03:42.000 21465 21478 I art     : Starting a blocking GC Explicit
08-03 22:03:42.014 21465 21478 I art     : Explicit concurrent mark sweep GC freed 54(1600B) AllocSpace objects, 0(0B) LOS objects, 40% free, 22MB/38MB, paused 198us total 14.346ms
08-03 22:03:42.022 21465 21478 I art     : Starting a blocking GC Explicit
08-03 22:03:42.036 21465 21478 I art     : Explicit concurrent mark sweep GC freed 3(96B) AllocSpace objects, 0(0B) LOS objects, 40% free, 22MB/38MB, paused 196us total 13.907ms
08-03 22:03:42.043 21465 21478 I art     : Starting a blocking GC Explicit
08-03 22:03:42.057 21465 21478 I art     : Explicit concurrent mark sweep GC freed 3(96B) AllocSpace objects, 0(0B) LOS objects, 40% free, 22MB/38MB, paused 194us total 14.001ms
08-03 22:03:42.064 21465 21478 I art     : Starting a blocking GC Explicit
08-03 22:03:42.079 21465 21478 I art     : Explicit concurrent mark sweep GC freed 5(160B) AllocSpace objects, 0(0B) LOS objects, 40% free, 22MB/38MB, paused 196us total 14.580ms
08-03 22:03:42.355 21465 21575 I art     : Starting a blocking GC Explicit
08-03 22:03:42.381 21465 21575 I art     : Explicit concurrent mark sweep GC freed 1358(79KB) AllocSpace objects, 1(20KB) LOS objects, 40% free, 22MB/38MB, paused 221us total 25.310ms
08-03 22:03:42.394 21465 21575 I art     : Starting a blocking GC Explicit
08-03 22:03:42.411 21465 21575 I art     : Explicit concurrent mark sweep GC freed 23(752B) AllocSpace objects, 0(0B) LOS objects, 40% free, 22MB/38MB, paused 201us total 16.962ms
08-03 22:03:42.419 21465 21575 I art     : Starting a blocking GC Explicit
08-03 22:03:42.435 21465 21575 I art     : Explicit concurrent mark sweep GC freed 3(96B) AllocSpace objects, 0(0B) LOS objects, 40% free, 22MB/38MB, paused 236us total 16.121ms
08-03 22:03:42.443 21465 21575 I art     : Starting a blocking GC Explicit
08-03 22:03:42.460 21465 21575 I art     : Explicit concurrent mark sweep GC freed 3(96B) AllocSpace objects, 0(0B) LOS objects, 40% free, 22MB/38MB, paused 208us total 16.136ms
08-03 22:03:42.467 21465 21575 I art     : Starting a blocking GC Explicit
08-03 22:03:42.483 21465 21575 I art     : Explicit concurrent mark sweep GC freed 3(96B) AllocSpace objects, 0(0B) LOS objects, 40% free, 22MB/38MB, paused 207us total 15.843ms
08-03 22:03:42.749 21465 21478 I art     : Starting a blocking GC Explicit
08-03 22:03:42.767 21465 21478 I art     : Explicit concurrent mark sweep GC freed 1358(79KB) AllocSpace objects, 1(20KB) LOS objects, 40% free, 22MB/38MB, paused 253us total 17.439ms
08-03 22:03:42.775 21465 21478 I art     : Starting a blocking GC Explicit
08-03 22:03:42.792 21465 21478 I art     : Explicit concurrent mark sweep GC freed 23(752B) AllocSpace objects, 0(0B) LOS objects, 40% free, 22MB/38MB, paused 233us total 16.856ms
08-03 22:03:42.800 21465 21478 I art     : Starting a blocking GC Explicit
08-03 22:03:42.818 21465 21478 I art     : Explicit concurrent mark sweep GC freed 3(96B) AllocSpace objects, 0(0B) LOS objects, 40% free, 22MB/38MB, paused 318us total 17.207ms
08-03 22:03:42.822 22158 22158 D AndroidRuntime: >>>>>> START com.android.internal.os.RuntimeInit uid 2000 <<<<<<
08-03 22:03:42.826 21465 21478 I art     : Starting a blocking GC Explicit
08-03 22:03:42.827 22158 22158 D AndroidRuntime: CheckJNI is OFF
08-03 22:03:42.842 21465 21478 I art     : Explicit concurrent mark sweep GC freed 3(96B) AllocSpace objects, 0(0B) LOS objects, 40% free, 22MB/38MB, paused 231us total 16.481ms
08-03 22:03:42.850 21465 21478 I art     : Starting a blocking GC Explicit
08-03 22:03:42.864 22158 22158 D ICU     : No timezone override file found: /data/misc/zoneinfo/current/icu/icu_tzdata.dat
08-03 22:03:42.867 21465 21478 I art     : Explicit concurrent mark sweep GC freed 3(96B) AllocSpace objects, 0(0B) LOS objects, 40% free, 22MB/38MB, paused 279us total 16.531ms
08-03 22:03:42.897 22158 22158 I Radio-JNI: register_android_hardware_Radio DONE
08-03 22:03:42.917 22158 22158 D AndroidRuntime: Calling main entry com.android.commands.input.Input
08-03 22:03:42.919 22158 22158 I Input   : injectMotionEvent: MotionEvent { action=ACTION_DOWN, actionButton=0, id[0]=0, x[0]=567.0, y[0]=714.0, toolType[0]=TOOL_TYPE_UNKNOWN, buttonState=0, metaState=0, flags=0x0, edgeFlags=0x0, pointerCount=1, historySize=0, eventTime=655439332, downTime=655439332, deviceId=0, source=0x1002 }
08-03 22:03:42.925 22158 22158 I Input   : injectMotionEvent: MotionEvent { action=ACTION_UP, actionButton=0, id[0]=0, x[0]=567.0, y[0]=714.0, toolType[0]=TOOL_TYPE_UNKNOWN, buttonState=0, metaState=0, flags=0x0, edgeFlags=0x0, pointerCount=1, historySize=0, eventTime=655439332, downTime=655439332, deviceId=0, source=0x1002 }
08-03 22:03:42.930 22158 22158 D AndroidRuntime: Shutting down VM
08-03 22:03:42.934   512  2967 D audio_hw_primary: out_set_parameters: enter: usecase(1: low-latency-playback) kvpairs: routing=2
08-03 22:03:42.949   512  2967 D audio_hw_primary: select_devices: out_snd_device(2: speaker) in_snd_device(0: none)
08-03 22:03:42.949   512  2967 D msm8974_platform: platform_send_audio_calibration: sending audio calibration for snd_device(2) acdb_id(15)
08-03 22:03:42.949   512  2967 I soundtrigger: audio_extn_sound_trigger_update_device_status: device 0x2 of type 0 for Event 1
08-03 22:03:42.953 21465 22011 D AntennapodHttpClient: Creating new instance of HTTP client
08-03 22:03:42.963 13866 13866 I GoogleInputMethodServic: GoogleInputMethodService.onFinishInput():3138 
08-03 22:03:42.964 13866 13866 I GoogleInputMethodServic: GoogleInputMethodService.onStartInput():1808 
08-03 22:03:42.966   512  2967 D audio_hw_primary: enable_snd_device: snd_device(2: speaker)
08-03 22:03:42.968   512  2967 D audio_hw_primary: enable_audio_route: apply and update mixer path: low-latency-playback speaker
08-03 22:03:42.997   518   646 I ThermalEngine: ACTION: GPU - Setting GPU[0] to 450000000
08-03 22:03:43.130 21465 21803 I art     : Starting a blocking GC Explicit
08-03 22:03:43.155 21465 21803 I art     : Explicit concurrent mark sweep GC freed 4694(302KB) AllocSpace objects, 1(20KB) LOS objects, 40% free, 23MB/39MB, paused 349us total 25.200ms
08-03 22:03:43.166 21465 21803 I art     : Starting a blocking GC Explicit
08-03 22:03:43.190 21465 21803 I art     : Explicit concurrent mark sweep GC freed 5308(302KB) AllocSpace objects, 3(340KB) LOS objects, 40% free, 23MB/39MB, paused 432us total 23.461ms
08-03 22:03:43.200 21465 21803 I art     : Starting a blocking GC Explicit
08-03 22:03:43.223 21465 21803 I art     : Explicit concurrent mark sweep GC freed 4637(271KB) AllocSpace objects, 1(80KB) LOS objects, 40% free, 23MB/39MB, paused 471us total 23.180ms
08-03 22:03:43.233 21465 21803 I art     : Starting a blocking GC Explicit
08-03 22:03:43.255 21465 21803 I art     : Explicit concurrent mark sweep GC freed 85(8KB) AllocSpace objects, 0(0B) LOS objects, 40% free, 23MB/39MB, paused 425us total 21.806ms
08-03 22:03:43.265 21465 21803 I art     : Starting a blocking GC Explicit
08-03 22:03:43.287 21465 21803 I art     : Explicit concurrent mark sweep GC freed 13(480B) AllocSpace objects, 0(0B) LOS objects, 40% free, 23MB/39MB, paused 470us total 21.943ms
08-03 22:03:43.378 21465 22011 I NAPPA_EXPERIMENTATION: MetricNetworkRequestExecutionTime: REQUEST_DURATION_SYSTEM='408',REQUEST_DURATION_OKHTTP='164',REQUEST_SYNCHRONOUS='TRUE',RESPONSE_CODE='400',RESPONSE_METHOD='GET',RESPONSE_LENGTH_OKHTTP='0',RESPONSE_LENGTH_HEADER='0',REQUEST_PROTOCOL='h2',REQUEST_URL='https://itunes.apple.com/en/rss/toppodcasts/limit=25/explicit=true/json',
08-03 22:03:43.499   512  2967 D audio_hw_primary: disable_audio_route: reset and update mixer path: low-latency-playback speaker
08-03 22:03:43.500   512  2967 D audio_hw_primary: disable_snd_device: snd_device(2: speaker)
08-03 22:03:43.507   512  2967 I soundtrigger: audio_extn_sound_trigger_update_device_status: device 0x2 of type 0 for Event 0
08-03 22:03:43.529 21465 22011 I NAPPA_EXPERIMENTATION: MetricNetworkRequestExecutionTime: REQUEST_DURATION_SYSTEM='149',REQUEST_DURATION_OKHTTP='148',REQUEST_SYNCHRONOUS='TRUE',RESPONSE_CODE='200',RESPONSE_METHOD='GET',RESPONSE_LENGTH_OKHTTP='-1',RESPONSE_LENGTH_HEADER='10075',REQUEST_PROTOCOL='h2',REQUEST_URL='https://itunes.apple.com/us/rss/toppodcasts/limit=25/explicit=true/json',
08-03 22:03:43.559 21465 21477 I art     : Starting a blocking GC Explicit
08-03 22:03:43.584 21465 21477 I art     : Explicit concurrent mark sweep GC freed 10345(555KB) AllocSpace objects, 5(372KB) LOS objects, 40% free, 23MB/39MB, paused 594us total 24.994ms
08-03 22:03:43.595 21465 21477 I art     : Starting a blocking GC Explicit
08-03 22:03:43.613 21465 21465 D AntennapodHttpClient: Creating new instance of HTTP client
08-03 22:03:43.626 21465 21477 W art     : Suspending all threads took: 5.199ms
08-03 22:03:43.629 21465 21477 I art     : Explicit concurrent mark sweep GC freed 626(63KB) AllocSpace objects, 0(0B) LOS objects, 40% free, 23MB/39MB, paused 6.982ms total 33.698ms
08-03 22:03:43.638 21465 22206 D ApOkHttpUrlLoader: buildLoadData() called with: model = [https://is4-ssl.mzstatic.com/image/thumb/Podcasts114/v4/3f/16/74/3f167426-bf50-ce3a-d709-e4301620fc5b/mza_5832671293059882550.jpeg/170x170bb.png], width = [224], height = [224]
08-03 22:03:43.641 21465 21477 I art     : Starting a blocking GC Explicit
08-03 22:03:43.644 21465 22207 D ApOkHttpUrlLoader: buildLoadData() called with: model = [https://is4-ssl.mzstatic.com/image/thumb/Podcasts113/v4/e5/8a/10/e58a108f-f5d0-f622-c94a-13f66edd570c/mza_3025981348644196724.jpg/170x170bb.png], width = [224], height = [224]
08-03 22:03:43.647 21465 22209 D DBReader: getImageAuthentication() called with: imageUrl = [https://is4-ssl.mzstatic.com/image/thumb/Podcasts113/v4/e5/8a/10/e58a108f-f5d0-f622-c94a-13f66edd570c/mza_3025981348644196724.jpg/170x170bb.png]
08-03 22:03:43.647 21465 22208 D DBReader: getImageAuthentication() called with: imageUrl = [https://is4-ssl.mzstatic.com/image/thumb/Podcasts114/v4/3f/16/74/3f167426-bf50-ce3a-d709-e4301620fc5b/mza_5832671293059882550.jpeg/170x170bb.png]
08-03 22:03:43.649 21465 22209 D ApOkHttpUrlLoader: no credentials for 'https://is4-ssl.mzstatic.com/image/thumb/Podcasts113/v4/e5/8a/10/e58a108f-f5d0-f622-c94a-13f66edd570c/mza_3025981348644196724.jpg/170x170bb.png'
08-03 22:03:43.649 21465 22208 D ApOkHttpUrlLoader: no credentials for 'https://is4-ssl.mzstatic.com/image/thumb/Podcasts114/v4/3f/16/74/3f167426-bf50-ce3a-d709-e4301620fc5b/mza_5832671293059882550.jpeg/170x170bb.png'
08-03 22:03:43.652 21465 22210 D ApOkHttpUrlLoader: buildLoadData() called with: model = [https://is2-ssl.mzstatic.com/image/thumb/Podcasts113/v4/a9/39/cc/a939ccc5-6d60-0c11-0a4c-16d71cdef89b/mza_8787577209688278658.jpg/170x170bb.png], width = [224], height = [224]
08-03 22:03:43.653 21465 22211 D DBReader: getImageAuthentication() called with: imageUrl = [https://is2-ssl.mzstatic.com/image/thumb/Podcasts113/v4/a9/39/cc/a939ccc5-6d60-0c11-0a4c-16d71cdef89b/mza_8787577209688278658.jpg/170x170bb.png]
08-03 22:03:43.655 21465 22211 D ApOkHttpUrlLoader: no credentials for 'https://is2-ssl.mzstatic.com/image/thumb/Podcasts113/v4/a9/39/cc/a939ccc5-6d60-0c11-0a4c-16d71cdef89b/mza_8787577209688278658.jpg/170x170bb.png'
08-03 22:03:43.657 21465 22212 D ApOkHttpUrlLoader: buildLoadData() called with: model = [https://is5-ssl.mzstatic.com/image/thumb/Podcasts114/v4/93/cf/99/93cf9960-fff3-205e-6655-72c03ddeccb2/mza_10545582232493904175.jpeg/170x170bb.png], width = [224], height = [224]
08-03 22:03:43.659 21465 22213 D DBReader: getImageAuthentication() called with: imageUrl = [https://is5-ssl.mzstatic.com/image/thumb/Podcasts114/v4/93/cf/99/93cf9960-fff3-205e-6655-72c03ddeccb2/mza_10545582232493904175.jpeg/170x170bb.png]
08-03 22:03:43.660 21465 22213 D ApOkHttpUrlLoader: no credentials for 'https://is5-ssl.mzstatic.com/image/thumb/Podcasts114/v4/93/cf/99/93cf9960-fff3-205e-6655-72c03ddeccb2/mza_10545582232493904175.jpeg/170x170bb.png'
08-03 22:03:43.660 21465 22207 D ApOkHttpUrlLoader: buildLoadData() called with: model = [https://is4-ssl.mzstatic.com/image/thumb/Podcasts124/v4/49/a4/91/49a491b7-3daf-c5dc-d7c6-6c4f1486955c/mza_5930014091766152297.png/170x170bb.png], width = [224], height = [224]
08-03 22:03:43.662 21465 22214 D DBReader: getImageAuthentication() called with: imageUrl = [https://is4-ssl.mzstatic.com/image/thumb/Podcasts124/v4/49/a4/91/49a491b7-3daf-c5dc-d7c6-6c4f1486955c/mza_5930014091766152297.png/170x170bb.png]
08-03 22:03:43.664 21465 22214 D ApOkHttpUrlLoader: no credentials for 'https://is4-ssl.mzstatic.com/image/thumb/Podcasts124/v4/49/a4/91/49a491b7-3daf-c5dc-d7c6-6c4f1486955c/mza_5930014091766152297.png/170x170bb.png'
08-03 22:03:43.664 21465 22206 D ApOkHttpUrlLoader: buildLoadData() called with: model = [https://is5-ssl.mzstatic.com/image/thumb/Podcasts113/v4/fd/54/6e/fd546ea0-7ab2-e3f0-6049-884d82917af9/mza_4855349695799758348.jpeg/170x170bb.png], width = [224], height = [224]
08-03 22:03:43.667 21465 22215 D DBReader: getImageAuthentication() called with: imageUrl = [https://is5-ssl.mzstatic.com/image/thumb/Podcasts113/v4/fd/54/6e/fd546ea0-7ab2-e3f0-6049-884d82917af9/mza_4855349695799758348.jpeg/170x170bb.png]
08-03 22:03:43.669 21465 21477 I art     : Explicit concurrent mark sweep GC freed 2642(221KB) AllocSpace objects, 0(0B) LOS objects, 39% free, 24MB/40MB, paused 1.554ms total 27.913ms
08-03 22:03:43.669 21465 22215 D ApOkHttpUrlLoader: no credentials for 'https://is5-ssl.mzstatic.com/image/thumb/Podcasts113/v4/fd/54/6e/fd546ea0-7ab2-e3f0-6049-884d82917af9/mza_4855349695799758348.jpeg/170x170bb.png'
08-03 22:03:43.670 21465 22210 D ApOkHttpUrlLoader: buildLoadData() called with: model = [https://is2-ssl.mzstatic.com/image/thumb/Podcasts114/v4/b3/4c/cf/b34ccfc2-cea4-1ca1-0fad-7793af301cc5/mza_2466085192629456364.jpg/170x170bb.png], width = [224], height = [224]
08-03 22:03:43.672 21465 22216 D DBReader: getImageAuthentication() called with: imageUrl = [https://is2-ssl.mzstatic.com/image/thumb/Podcasts114/v4/b3/4c/cf/b34ccfc2-cea4-1ca1-0fad-7793af301cc5/mza_2466085192629456364.jpg/170x170bb.png]
08-03 22:03:43.674 21465 22216 D ApOkHttpUrlLoader: no credentials for 'https://is2-ssl.mzstatic.com/image/thumb/Podcasts114/v4/b3/4c/cf/b34ccfc2-cea4-1ca1-0fad-7793af301cc5/mza_2466085192629456364.jpg/170x170bb.png'
08-03 22:03:43.679 21465 21477 I art     : Starting a blocking GC Explicit
08-03 22:03:43.705 21465 21477 I art     : Explicit concurrent mark sweep GC freed 861(63KB) AllocSpace objects, 0(0B) LOS objects, 39% free, 24MB/40MB, paused 1.030ms total 25.528ms
08-03 22:03:43.715 21465 21477 I art     : Starting a blocking GC Explicit
08-03 22:03:43.740 21465 21477 I art     : Explicit concurrent mark sweep GC freed 403(25KB) AllocSpace objects, 0(0B) LOS objects, 39% free, 24MB/40MB, paused 862us total 24.654ms
08-03 22:03:44.021 21465 21803 I art     : Starting a blocking GC Explicit
08-03 22:03:44.060 21465 21803 I art     : Explicit concurrent mark sweep GC freed 28791(1447KB) AllocSpace objects, 4(220KB) LOS objects, 39% free, 24MB/40MB, paused 1.073ms total 38.683ms
08-03 22:03:44.072 21465 21803 I art     : Starting a blocking GC Explicit
08-03 22:03:44.101 21465 21803 I art     : Explicit concurrent mark sweep GC freed 1522(135KB) AllocSpace objects, 0(0B) LOS objects, 39% free, 24MB/40MB, paused 954us total 28.965ms
08-03 22:03:44.112 21465 21803 I art     : Starting a blocking GC Explicit
08-03 22:03:44.141 21465 21803 I art     : Explicit concurrent mark sweep GC freed 3(96B) AllocSpace objects, 0(0B) LOS objects, 39% free, 24MB/40MB, paused 958us total 28.781ms
08-03 22:03:44.152 21465 21803 I art     : Starting a blocking GC Explicit
08-03 22:03:44.181 21465 21803 I art     : Explicit concurrent mark sweep GC freed 3(96B) AllocSpace objects, 0(0B) LOS objects, 39% free, 24MB/40MB, paused 990us total 28.173ms
08-03 22:03:44.192 21465 21803 I art     : Starting a blocking GC Explicit
08-03 22:03:44.220 21465 21803 I art     : Explicit concurrent mark sweep GC freed 3(96B) AllocSpace objects, 0(0B) LOS objects, 39% free, 24MB/40MB, paused 995us total 27.977ms
08-03 22:03:44.509 21465 21575 I art     : Starting a blocking GC Explicit
08-03 22:03:44.547 21465 21575 I art     : Explicit concurrent mark sweep GC freed 1360(79KB) AllocSpace objects, 1(20KB) LOS objects, 39% free, 24MB/40MB, paused 1.016ms total 37.004ms
08-03 22:03:44.562 21465 21575 I art     : Starting a blocking GC Explicit
08-03 22:03:44.593 21465 21575 I art     : Explicit concurrent mark sweep GC freed 23(752B) AllocSpace objects, 0(0B) LOS objects, 39% free, 24MB/40MB, paused 1.047ms total 31.058ms
08-03 22:03:44.604 21465 21575 I art     : Starting a blocking GC Explicit
08-03 22:03:44.636 21465 21575 I art     : Explicit concurrent mark sweep GC freed 3(96B) AllocSpace objects, 0(0B) LOS objects, 39% free, 24MB/40MB, paused 1.009ms total 30.989ms
08-03 22:03:44.647 21465 21575 I art     : Starting a blocking GC Explicit
08-03 22:03:44.676 21465 21575 I art     : Explicit concurrent mark sweep GC freed 3(96B) AllocSpace objects, 0(0B) LOS objects, 39% free, 24MB/40MB, paused 1.004ms total 28.770ms
08-03 22:03:44.687 21465 21575 I art     : Starting a blocking GC Explicit
08-03 22:03:44.715 21465 21575 I art     : Explicit concurrent mark sweep GC freed 3(96B) AllocSpace objects, 0(0B) LOS objects, 39% free, 24MB/40MB, paused 1ms total 27.889ms
08-03 22:03:45.036 21465 21478 I art     : Starting a blocking GC Explicit
08-03 22:03:45.069 21465 21478 I art     : Explicit concurrent mark sweep GC freed 1389(80KB) AllocSpace objects, 1(20KB) LOS objects, 39% free, 24MB/40MB, paused 1.030ms total 32.178ms
08-03 22:03:45.080 21465 21478 I art     : Starting a blocking GC Explicit
08-03 22:03:45.109 21465 21478 I art     : Explicit concurrent mark sweep GC freed 23(752B) AllocSpace objects, 0(0B) LOS objects, 39% free, 24MB/40MB, paused 1.023ms total 28.523ms
08-03 22:03:45.120 21465 21478 I art     : Starting a blocking GC Explicit
08-03 22:03:45.149 21465 21478 I art     : Explicit concurrent mark sweep GC freed 3(96B) AllocSpace objects, 0(0B) LOS objects, 39% free, 24MB/40MB, paused 983us total 28.548ms
08-03 22:03:45.161 21465 21478 I art     : Starting a blocking GC Explicit
08-03 22:03:45.190 21465 21478 I art     : Explicit concurrent mark sweep GC freed 4(128B) AllocSpace objects, 0(0B) LOS objects, 39% free, 24MB/40MB, paused 1.016ms total 28.903ms
08-03 22:03:45.203 21465 21478 I art     : Starting a blocking GC Explicit
08-03 22:03:45.234 21465 21478 I art     : Explicit concurrent mark sweep GC freed 9(288B) AllocSpace objects, 0(0B) LOS objects, 39% free, 24MB/40MB, paused 1.100ms total 29.882ms
08-03 22:03:45.559 21465 21575 I art     : Starting a blocking GC Explicit
08-03 22:03:45.591 21465 21575 I art     : Explicit concurrent mark sweep GC freed 1383(80KB) AllocSpace objects, 1(20KB) LOS objects, 39% free, 24MB/40MB, paused 1.021ms total 31.871ms
08-03 22:03:45.604 21465 21575 I art     : Starting a blocking GC Explicit
08-03 22:03:45.637 21465 21575 I art     : Explicit concurrent mark sweep GC freed 23(752B) AllocSpace objects, 0(0B) LOS objects, 39% free, 24MB/40MB, paused 1.049ms total 32.776ms
08-03 22:03:45.643 21465 22209 D MYTAG   : interceptor 2a
08-03 22:03:45.644 21465 22209 I NAPPA_EXPERIMENTATION: MetricNetworkRequestExecutionTime: REQUEST_DURATION_SYSTEM='1994',REQUEST_DURATION_OKHTTP='1765',REQUEST_SYNCHRONOUS='TRUE',RESPONSE_CODE='200',RESPONSE_METHOD='GET',RESPONSE_LENGTH_OKHTTP='45995',RESPONSE_LENGTH_HEADER='45995',REQUEST_PROTOCOL='h2',REQUEST_URL='https://is4-ssl.mzstatic.com/image/thumb/Podcasts113/v4/e5/8a/10/e58a108f-f5d0-f622-c94a-13f66edd570c/mza_3025981348644196724.jpg/170x170bb.png',
08-03 22:03:45.648 21465 21575 I art     : Starting a blocking GC Explicit
08-03 22:03:45.678 21465 21575 I art     : Explicit concurrent mark sweep GC freed 745(45KB) AllocSpace objects, 0(0B) LOS objects, 39% free, 24MB/40MB, paused 1.146ms total 29.766ms
08-03 22:03:45.689 21465 21575 I art     : Starting a blocking GC Explicit
08-03 22:03:45.719 21465 21575 I art     : Explicit concurrent mark sweep GC freed 263(13KB) AllocSpace objects, 0(0B) LOS objects, 39% free, 24MB/40MB, paused 988us total 29.414ms
08-03 22:03:45.721 21465 22208 D MYTAG   : interceptor 2a
08-03 22:03:45.722 21465 22208 I NAPPA_EXPERIMENTATION: MetricNetworkRequestExecutionTime: REQUEST_DURATION_SYSTEM='2072',REQUEST_DURATION_OKHTTP='1816',REQUEST_SYNCHRONOUS='TRUE',RESPONSE_CODE='200',RESPONSE_METHOD='GET',RESPONSE_LENGTH_OKHTTP='26177',RESPONSE_LENGTH_HEADER='26177',REQUEST_PROTOCOL='h2',REQUEST_URL='https://is4-ssl.mzstatic.com/image/thumb/Podcasts114/v4/3f/16/74/3f167426-bf50-ce3a-d709-e4301620fc5b/mza_5832671293059882550.jpeg/170x170bb.png',
08-03 22:03:45.730 21465 21575 I art     : Starting a blocking GC Explicit
08-03 22:03:45.758 21465 21575 I art     : Explicit concurrent mark sweep GC freed 233(19KB) AllocSpace objects, 0(0B) LOS objects, 39% free, 24MB/40MB, paused 1.026ms total 28.173ms
08-03 22:03:45.801 21465 22215 D MYTAG   : interceptor 2a
08-03 22:03:45.801 21465 22215 I NAPPA_EXPERIMENTATION: MetricNetworkRequestExecutionTime: REQUEST_DURATION_SYSTEM='2132',REQUEST_DURATION_OKHTTP='1891',REQUEST_SYNCHRONOUS='TRUE',RESPONSE_CODE='200',RESPONSE_METHOD='GET',RESPONSE_LENGTH_OKHTTP='54835',RESPONSE_LENGTH_HEADER='54835',REQUEST_PROTOCOL='h2',REQUEST_URL='https://is5-ssl.mzstatic.com/image/thumb/Podcasts113/v4/fd/54/6e/fd546ea0-7ab2-e3f0-6049-884d82917af9/mza_4855349695799758348.jpeg/170x170bb.png',
08-03 22:03:45.819 21465 22214 D MYTAG   : interceptor 2a
08-03 22:03:45.819 21465 22214 I NAPPA_EXPERIMENTATION: MetricNetworkRequestExecutionTime: REQUEST_DURATION_SYSTEM='2155',REQUEST_DURATION_OKHTTP='1914',REQUEST_SYNCHRONOUS='TRUE',RESPONSE_CODE='200',RESPONSE_METHOD='GET',RESPONSE_LENGTH_OKHTTP='12000',RESPONSE_LENGTH_HEADER='12000',REQUEST_PROTOCOL='h2',REQUEST_URL='https://is4-ssl.mzstatic.com/image/thumb/Podcasts124/v4/49/a4/91/49a491b7-3daf-c5dc-d7c6-6c4f1486955c/mza_5930014091766152297.png/170x170bb.png',
08-03 22:03:45.857 21465 22213 D MYTAG   : interceptor 2a
08-03 22:03:45.858 21465 22213 I NAPPA_EXPERIMENTATION: MetricNetworkRequestExecutionTime: REQUEST_DURATION_SYSTEM='2197',REQUEST_DURATION_OKHTTP='1946',REQUEST_SYNCHRONOUS='TRUE',RESPONSE_CODE='200',RESPONSE_METHOD='GET',RESPONSE_LENGTH_OKHTTP='22351',RESPONSE_LENGTH_HEADER='22351',REQUEST_PROTOCOL='h2',REQUEST_URL='https://is5-ssl.mzstatic.com/image/thumb/Podcasts114/v4/93/cf/99/93cf9960-fff3-205e-6655-72c03ddeccb2/mza_10545582232493904175.jpeg/170x170bb.png',
08-03 22:03:45.866 21465 22216 D MYTAG   : interceptor 2a
08-03 22:03:45.866 21465 22216 I NAPPA_EXPERIMENTATION: MetricNetworkRequestExecutionTime: REQUEST_DURATION_SYSTEM='2192',REQUEST_DURATION_OKHTTP='1970',REQUEST_SYNCHRONOUS='TRUE',RESPONSE_CODE='200',RESPONSE_METHOD='GET',RESPONSE_LENGTH_OKHTTP='42299',RESPONSE_LENGTH_HEADER='42299',REQUEST_PROTOCOL='h2',REQUEST_URL='https://is2-ssl.mzstatic.com/image/thumb/Podcasts114/v4/b3/4c/cf/b34ccfc2-cea4-1ca1-0fad-7793af301cc5/mza_2466085192629456364.jpg/170x170bb.png',
08-03 22:03:45.924 21465 22211 D MYTAG   : interceptor 2a
08-03 22:03:45.924 21465 22211 I NAPPA_EXPERIMENTATION: MetricNetworkRequestExecutionTime: REQUEST_DURATION_SYSTEM='2269',REQUEST_DURATION_OKHTTP='2021',REQUEST_SYNCHRONOUS='TRUE',RESPONSE_CODE='200',RESPONSE_METHOD='GET',RESPONSE_LENGTH_OKHTTP='48239',RESPONSE_LENGTH_HEADER='48239',REQUEST_PROTOCOL='h2',REQUEST_URL='https://is2-ssl.mzstatic.com/image/thumb/Podcasts113/v4/a9/39/cc/a939ccc5-6d60-0c11-0a4c-16d71cdef89b/mza_8787577209688278658.jpg/170x170bb.png',
08-03 22:03:46.060 21465 21477 I art     : Starting a blocking GC Explicit
08-03 22:03:46.090 21465 21477 I art     : Explicit concurrent mark sweep GC freed 4143(241KB) AllocSpace objects, 1(20KB) LOS objects, 38% free, 25MB/41MB, paused 737us total 29.582ms
08-03 22:03:46.103 21465 21477 I art     : Starting a blocking GC Explicit
08-03 22:03:46.132 21465 21477 I art     : Explicit concurrent mark sweep GC freed 71(4KB) AllocSpace objects, 0(0B) LOS objects, 38% free, 25MB/41MB, paused 734us total 28.504ms
08-03 22:03:46.143 21465 21477 I art     : Starting a blocking GC Explicit
08-03 22:03:46.173 21465 21477 I art     : Explicit concurrent mark sweep GC freed 3(96B) AllocSpace objects, 0(0B) LOS objects, 38% free, 25MB/41MB, paused 719us total 29.309ms
08-03 22:03:46.184 21465 21477 I art     : Starting a blocking GC Explicit
08-03 22:03:46.215 21465 21477 I art     : Explicit concurrent mark sweep GC freed 3(96B) AllocSpace objects, 0(0B) LOS objects, 38% free, 25MB/41MB, paused 680us total 29.918ms
08-03 22:03:46.226 21465 21477 I art     : Starting a blocking GC Explicit
08-03 22:03:46.255 21465 21477 I art     : Explicit concurrent mark sweep GC freed 3(96B) AllocSpace objects, 0(0B) LOS objects, 38% free, 25MB/41MB, paused 701us total 28.844ms
08-03 22:03:46.605 21465 21575 I art     : Starting a blocking GC Explicit
08-03 22:03:46.644 21465 21575 I art     : Explicit concurrent mark sweep GC freed 1360(79KB) AllocSpace objects, 1(20KB) LOS objects, 38% free, 25MB/41MB, paused 813us total 38.641ms
08-03 22:03:46.657 21465 21575 I art     : Starting a blocking GC Explicit
08-03 22:03:46.688 21465 21575 I art     : Explicit concurrent mark sweep GC freed 23(752B) AllocSpace objects, 0(0B) LOS objects, 38% free, 25MB/41MB, paused 745us total 30.332ms
08-03 22:03:46.699 21465 21575 I art     : Starting a blocking GC Explicit
08-03 22:03:46.730 21465 21575 I art     : Explicit concurrent mark sweep GC freed 3(96B) AllocSpace objects, 0(0B) LOS objects, 38% free, 25MB/41MB, paused 728us total 30.145ms
08-03 22:03:46.741 21465 21575 I art     : Starting a blocking GC Explicit
08-03 22:03:46.769 21465 21575 I art     : Explicit concurrent mark sweep GC freed 3(96B) AllocSpace objects, 0(0B) LOS objects, 38% free, 25MB/41MB, paused 721us total 27.867ms
08-03 22:03:46.781 21465 21575 I art     : Starting a blocking GC Explicit
08-03 22:03:46.811 21465 21575 I art     : Explicit concurrent mark sweep GC freed 3(96B) AllocSpace objects, 0(0B) LOS objects, 38% free, 25MB/41MB, paused 749us total 29.722ms
08-03 22:03:47.003   518   646 I ThermalEngine: ACTION: GPU - Setting GPU[0] to 510000000
08-03 22:03:47.132 21465 21478 I art     : Starting a blocking GC Explicit
08-03 22:03:47.160 21465 21478 I art     : Explicit concurrent mark sweep GC freed 1389(80KB) AllocSpace objects, 1(20KB) LOS objects, 38% free, 25MB/41MB, paused 547us total 27.853ms
08-03 22:03:47.172 21465 21478 I art     : Starting a blocking GC Explicit
08-03 22:03:47.194 21465 21478 I art     : Explicit concurrent mark sweep GC freed 23(752B) AllocSpace objects, 0(0B) LOS objects, 38% free, 25MB/41MB, paused 540us total 22.034ms
08-03 22:03:47.203 21465 21478 I art     : Starting a blocking GC Explicit
08-03 22:03:47.226 21465 21478 I art     : Explicit concurrent mark sweep GC freed 3(96B) AllocSpace objects, 0(0B) LOS objects, 38% free, 25MB/41MB, paused 558us total 22.286ms
08-03 22:03:47.235 21465 21478 I art     : Starting a blocking GC Explicit
08-03 22:03:47.257 21465 21478 I art     : Explicit concurrent mark sweep GC freed 3(96B) AllocSpace objects, 0(0B) LOS objects, 38% free, 25MB/41MB, paused 617us total 22.111ms
08-03 22:03:47.266 21465 21478 I art     : Starting a blocking GC Explicit
08-03 22:03:47.288 21465 21478 I art     : Explicit concurrent mark sweep GC freed 3(96B) AllocSpace objects, 0(0B) LOS objects, 38% free, 25MB/41MB, paused 566us total 22.092ms
08-03 22:03:47.620 21465 21803 I art     : Starting a blocking GC Explicit
08-03 22:03:47.648 21465 21803 I art     : Explicit concurrent mark sweep GC freed 1360(79KB) AllocSpace objects, 1(20KB) LOS objects, 38% free, 25MB/41MB, paused 750us total 27.580ms
08-03 22:03:47.660 21465 21803 I art     : Starting a blocking GC Explicit
08-03 22:03:47.682 21465 21803 I art     : Explicit concurrent mark sweep GC freed 23(752B) AllocSpace objects, 0(0B) LOS objects, 38% free, 25MB/41MB, paused 545us total 22.282ms
08-03 22:03:47.691 21465 21803 I art     : Starting a blocking GC Explicit
08-03 22:03:47.714 21465 21803 I art     : Explicit concurrent mark sweep GC freed 3(96B) AllocSpace objects, 0(0B) LOS objects, 38% free, 25MB/41MB, paused 543us total 22.690ms
08-03 22:03:47.723 21465 21803 I art     : Starting a blocking GC Explicit
08-03 22:03:47.745 21465 21803 I art     : Explicit concurrent mark sweep GC freed 3(96B) AllocSpace objects, 0(0B) LOS objects, 38% free, 25MB/41MB, paused 552us total 22.195ms
08-03 22:03:47.754 21465 21803 I art     : Starting a blocking GC Explicit
08-03 22:03:47.776 21465 21803 I art     : Explicit concurrent mark sweep GC freed 3(96B) AllocSpace objects, 0(0B) LOS objects, 38% free, 25MB/41MB, paused 542us total 21.920ms
08-03 22:03:48.101 21465 21477 I art     : Starting a blocking GC Explicit
08-03 22:03:48.130 21465 21477 I art     : Explicit concurrent mark sweep GC freed 1389(80KB) AllocSpace objects, 1(20KB) LOS objects, 38% free, 25MB/41MB, paused 582us total 28.302ms
08-03 22:03:48.142 21465 21477 I art     : Starting a blocking GC Explicit
08-03 22:03:48.165 21465 21477 I art     : Explicit concurrent mark sweep GC freed 23(752B) AllocSpace objects, 0(0B) LOS objects, 38% free, 25MB/41MB, paused 498us total 23.060ms
08-03 22:03:48.174 21465 21477 I art     : Starting a blocking GC Explicit
08-03 22:03:48.197 21465 21477 I art     : Explicit concurrent mark sweep GC freed 3(96B) AllocSpace objects, 0(0B) LOS objects, 38% free, 25MB/41MB, paused 536us total 22.755ms
08-03 22:03:48.206 21465 21477 I art     : Starting a blocking GC Explicit
08-03 22:03:48.228 21465 21477 I art     : Explicit concurrent mark sweep GC freed 3(96B) AllocSpace objects, 0(0B) LOS objects, 38% free, 25MB/41MB, paused 551us total 22.095ms
08-03 22:03:48.237 21465 21477 I art     : Starting a blocking GC Explicit
08-03 22:03:48.259 21465 21477 I art     : Explicit concurrent mark sweep GC freed 3(96B) AllocSpace objects, 0(0B) LOS objects, 38% free, 25MB/41MB, paused 523us total 21.475ms
08-03 22:03:48.570 21465 21575 I art     : Starting a blocking GC Explicit
08-03 22:03:48.597 21465 21575 I art     : Explicit concurrent mark sweep GC freed 1360(79KB) AllocSpace objects, 1(20KB) LOS objects, 38% free, 25MB/41MB, paused 587us total 27.322ms
08-03 22:03:48.609 21465 21575 I art     : Starting a blocking GC Explicit
08-03 22:03:48.632 21465 21575 I art     : Explicit concurrent mark sweep GC freed 23(752B) AllocSpace objects, 0(0B) LOS objects, 38% free, 25MB/41MB, paused 528us total 22.744ms
08-03 22:03:48.641 21465 21575 I art     : Starting a blocking GC Explicit
08-03 22:03:48.664 21465 21575 I art     : Explicit concurrent mark sweep GC freed 3(96B) AllocSpace objects, 0(0B) LOS objects, 38% free, 25MB/41MB, paused 538us total 22.444ms
08-03 22:03:48.673 21465 21575 I art     : Starting a blocking GC Explicit
08-03 22:03:48.695 21465 21575 I art     : Explicit concurrent mark sweep GC freed 3(96B) AllocSpace objects, 0(0B) LOS objects, 38% free, 25MB/41MB, paused 545us total 22.225ms
08-03 22:03:48.704 21465 21575 I art     : Starting a blocking GC Explicit
08-03 22:03:48.726 21465 21575 I art     : Explicit concurrent mark sweep GC freed 3(96B) AllocSpace objects, 0(0B) LOS objects, 38% free, 25MB/41MB, paused 533us total 22.154ms
08-03 22:03:49.057 21465 21478 I art     : Starting a blocking GC Explicit
08-03 22:03:49.086 21465 21478 I art     : Explicit concurrent mark sweep GC freed 1389(80KB) AllocSpace objects, 1(20KB) LOS objects, 38% free, 25MB/41MB, paused 544us total 29.192ms
08-03 22:03:49.095 21465 21478 I art     : Starting a blocking GC Explicit
08-03 22:03:49.118 21465 21478 I art     : Explicit concurrent mark sweep GC freed 23(752B) AllocSpace objects, 0(0B) LOS objects, 38% free, 25MB/41MB, paused 522us total 22.560ms
08-03 22:03:49.127 21465 21478 I art     : Starting a blocking GC Explicit
08-03 22:03:49.149 21465 21478 I art     : Explicit concurrent mark sweep GC freed 3(96B) AllocSpace objects, 0(0B) LOS objects, 38% free, 25MB/41MB, paused 550us total 22.533ms
08-03 22:03:49.158 21465 21478 I art     : Starting a blocking GC Explicit
08-03 22:03:49.180 21465 21478 I art     : Explicit concurrent mark sweep GC freed 3(96B) AllocSpace objects, 0(0B) LOS objects, 38% free, 25MB/41MB, paused 527us total 21.280ms
08-03 22:03:49.188 21465 21478 I art     : Starting a blocking GC Explicit
08-03 22:03:49.210 21465 21478 I art     : Explicit concurrent mark sweep GC freed 3(96B) AllocSpace objects, 0(0B) LOS objects, 38% free, 25MB/41MB, paused 510us total 21.733ms
08-03 22:03:49.517 21465 21803 I art     : Starting a blocking GC Explicit
08-03 22:03:49.542 21465 21803 I art     : Explicit concurrent mark sweep GC freed 1360(79KB) AllocSpace objects, 1(20KB) LOS objects, 38% free, 25MB/41MB, paused 556us total 24.241ms
08-03 22:03:49.550 21465 21803 I art     : Starting a blocking GC Explicit
08-03 22:03:49.571 21465 21803 I art     : Explicit concurrent mark sweep GC freed 23(752B) AllocSpace objects, 0(0B) LOS objects, 38% free, 25MB/41MB, paused 544us total 20.837ms
08-03 22:03:49.580 21465 21803 I art     : Starting a blocking GC Explicit
08-03 22:03:49.601 21465 21803 I art     : Explicit concurrent mark sweep GC freed 3(96B) AllocSpace objects, 0(0B) LOS objects, 38% free, 25MB/41MB, paused 590us total 21.130ms
08-03 22:03:49.608 22350 22350 D AndroidRuntime: >>>>>> START com.android.internal.os.RuntimeInit uid 2000 <<<<<<
08-03 22:03:49.609 21465 21803 I art     : Starting a blocking GC Explicit
08-03 22:03:49.613 22350 22350 D AndroidRuntime: CheckJNI is OFF
08-03 22:03:49.631 21465 21803 I art     : Explicit concurrent mark sweep GC freed 3(96B) AllocSpace objects, 0(0B) LOS objects, 38% free, 25MB/41MB, paused 554us total 21.250ms
08-03 22:03:49.639 21465 21803 I art     : Starting a blocking GC Explicit
08-03 22:03:49.650 22350 22350 D ICU     : No timezone override file found: /data/misc/zoneinfo/current/icu/icu_tzdata.dat
08-03 22:03:49.661 21465 21803 I art     : Explicit concurrent mark sweep GC freed 3(96B) AllocSpace objects, 0(0B) LOS objects, 38% free, 25MB/41MB, paused 604us total 21.254ms
08-03 22:03:49.684 22350 22350 I Radio-JNI: register_android_hardware_Radio DONE
08-03 22:03:49.705 22350 22350 D AndroidRuntime: Calling main entry com.android.commands.input.Input
08-03 22:03:49.707 22350 22350 I Input   : injectMotionEvent: MotionEvent { action=ACTION_DOWN, actionButton=0, id[0]=0, x[0]=616.0, y[0]=469.0, toolType[0]=TOOL_TYPE_UNKNOWN, buttonState=0, metaState=0, flags=0x0, edgeFlags=0x0, pointerCount=1, historySize=0, eventTime=655446120, downTime=655446120, deviceId=0, source=0x1002 }
08-03 22:03:49.713 22350 22350 I Input   : injectMotionEvent: MotionEvent { action=ACTION_UP, actionButton=0, id[0]=0, x[0]=616.0, y[0]=469.0, toolType[0]=TOOL_TYPE_UNKNOWN, buttonState=0, metaState=0, flags=0x0, edgeFlags=0x0, pointerCount=1, historySize=0, eventTime=655446120, downTime=655446120, deviceId=0, source=0x1002 }
08-03 22:03:49.715 22350 22350 D AndroidRuntime: Shutting down VM
08-03 22:03:49.782   512  2967 D audio_hw_primary: out_set_parameters: enter: usecase(1: low-latency-playback) kvpairs: routing=2
08-03 22:03:49.795   512  2967 D audio_hw_primary: select_devices: out_snd_device(2: speaker) in_snd_device(0: none)
08-03 22:03:49.796   512  2967 D msm8974_platform: platform_send_audio_calibration: sending audio calibration for snd_device(2) acdb_id(15)
08-03 22:03:49.796   512  2967 I soundtrigger: audio_extn_sound_trigger_update_device_status: device 0x2 of type 0 for Event 1
08-03 22:03:49.810   512  2967 D audio_hw_primary: enable_snd_device: snd_device(2: speaker)
08-03 22:03:49.812   512  2967 D audio_hw_primary: enable_audio_route: apply and update mixer path: low-latency-playback speaker
08-03 22:03:49.913 21465 21803 I art     : Starting a blocking GC Explicit
08-03 22:03:49.935 21465 21803 I art     : Explicit concurrent mark sweep GC freed 1618(91KB) AllocSpace objects, 1(20KB) LOS objects, 38% free, 25MB/41MB, paused 667us total 21.509ms
08-03 22:03:49.944 21465 21803 I art     : Starting a blocking GC Explicit
08-03 22:03:49.955 21465 21491 I NAPPA_EXPERIMENTATION: MetricNetworkRequestExecutionTime: REQUEST_DURATION_SYSTEM='175',REQUEST_DURATION_OKHTTP='174',REQUEST_SYNCHRONOUS='TRUE',RESPONSE_CODE='200',RESPONSE_METHOD='GET',RESPONSE_LENGTH_OKHTTP='-1',RESPONSE_LENGTH_HEADER='628',REQUEST_PROTOCOL='h2',REQUEST_URL='https://itunes.apple.com/lookup?id=1524080195',
08-03 22:03:49.966 21465 21803 I art     : Explicit concurrent mark sweep GC freed 297(23KB) AllocSpace objects, 0(0B) LOS objects, 38% free, 25MB/41MB, paused 560us total 21.336ms
08-03 22:03:49.974 21465 21803 I art     : Starting a blocking GC Explicit
08-03 22:03:49.988   918  5952 I ActivityManager: START u0 {cmp=baseline.de.danoeh.antennapod.debug/baseline.de.danoeh.antennapod.activity.OnlineFeedViewActivity (has extras)} from uid 10633 on display 0
08-03 22:03:49.996 21465 21803 I art     : Explicit concurrent mark sweep GC freed 387(27KB) AllocSpace objects, 0(0B) LOS objects, 38% free, 25MB/41MB, paused 597us total 21.985ms
08-03 22:03:50.005 21465 21803 I art     : Starting a blocking GC Explicit
08-03 22:03:50.009 13866 13866 I GoogleInputMethodServic: GoogleInputMethodService.onFinishInput():3138 
08-03 22:03:50.009 13866 13866 I GoogleInputMethodServic: GoogleInputMethodService.onStartInput():1808 
08-03 22:03:50.027 21465 21803 I art     : Explicit concurrent mark sweep GC freed 405(20KB) AllocSpace objects, 0(0B) LOS objects, 38% free, 25MB/41MB, paused 850us total 22.562ms
08-03 22:03:50.030 21465 21465 D UserPreferences: Using default data folder
08-03 22:03:50.031 21465 21465 D OnlineFeedViewActivity: Activity was started with url https://rss.art19.com/nice-white-parents
08-03 22:03:50.033 21465 21465 D OnlineFeedViewActivity: Starting feed download
08-03 22:03:50.036 21465 21803 I art     : Starting a blocking GC Explicit
08-03 22:03:50.040 21465 21485 D DBReader: Extracting Feedlist
08-03 22:03:50.043   918  3670 D WifiService: acquireWifiLockLocked: WifiLock{Downloader type=1 binder=android.os.BinderProxy@bd21dc2}
08-03 22:03:50.044 21465 21485 D AntennapodHttpClient: Creating new instance of HTTP client
08-03 22:03:50.056 21465 21803 I art     : Explicit concurrent mark sweep GC freed 1376(88KB) AllocSpace objects, 0(0B) LOS objects, 38% free, 25MB/41MB, paused 614us total 20.595ms
08-03 22:03:50.094 13866 13866 I GoogleInputMethodServic: GoogleInputMethodService.onFinishInput():3138 
08-03 22:03:50.095 13866 13866 I GoogleInputMethodServic: GoogleInputMethodService.onStartInput():1808 
08-03 22:03:50.118   918   936 I ActivityManager: Displayed baseline.de.danoeh.antennapod.debug/baseline.de.danoeh.antennapod.activity.OnlineFeedViewActivity: +110ms
08-03 22:03:50.189 14862 14862 I ServiceManager: Waiting for service AtCmdFwd...
08-03 22:03:50.320 21465 21803 I art     : Starting a blocking GC Explicit
08-03 22:03:50.336 21465 21485 D MYTAG   : interceptor 3a https://rss.art19.com/nice-white-parents
08-03 22:03:50.337 21465 21485 I NAPPA_EXPERIMENTATION: MetricNetworkRequestExecutionTime: REQUEST_DURATION_SYSTEM='291',REQUEST_DURATION_OKHTTP='146',REQUEST_SYNCHRONOUS='TRUE',RESPONSE_CODE='200',RESPONSE_METHOD='GET',RESPONSE_LENGTH_OKHTTP='-1',RESPONSE_LENGTH_HEADER='1803',REQUEST_PROTOCOL='h2',REQUEST_URL='https://rss.art19.com/nice-white-parents',
08-03 22:03:50.337 21465 21485 D HttpDownloader: Response code is 200
08-03 22:03:50.337 21465 21485 D UserPreferences: Using default data folder
08-03 22:03:50.339 21465 21485 D HttpDownloader: Getting size of download
08-03 22:03:50.340 21465 21485 D HttpDownloader: Size is -1
08-03 22:03:50.340 21465 21485 D UserPreferences: Using default data folder
08-03 22:03:50.340 21465 21485 D HttpDownloader: Free space is 20799447040
08-03 22:03:50.340 21465 21485 D HttpDownloader: Starting download
08-03 22:03:50.350   512  2967 D audio_hw_primary: disable_audio_route: reset and update mixer path: low-latency-playback speaker
08-03 22:03:50.353   512  2967 D audio_hw_primary: disable_snd_device: snd_device(2: speaker)
08-03 22:03:50.357 21465 21803 I art     : Explicit concurrent mark sweep GC freed 6826(347KB) AllocSpace objects, 4(220KB) LOS objects, 37% free, 26MB/42MB, paused 1.217ms total 36.863ms
08-03 22:03:50.363   512  2967 I soundtrigger: audio_extn_sound_trigger_update_device_status: device 0x2 of type 0 for Event 0
08-03 22:03:50.369   380   380 W SurfaceFlinger: couldn't log to binary event log: overflow.
08-03 22:03:50.370 21465 21803 I art     : Starting a blocking GC Explicit
08-03 22:03:50.379 21465 21485 D HttpDownloader: Download was successful
08-03 22:03:50.381   918  3961 D WifiService: releaseWifiLockLocked: WifiLock{Downloader type=1 binder=android.os.BinderProxy@bd21dc2}
08-03 22:03:50.381 21465 21465 D OnlineFeedViewActivity: Parsing feed
08-03 22:03:50.391 21465 22397 D TypeGetter: Recognized type RSS 2.0
08-03 22:03:50.393 21465 21803 I art     : Explicit concurrent mark sweep GC freed 1082(160KB) AllocSpace objects, 1(20KB) LOS objects, 37% free, 26MB/42MB, paused 933us total 22.913ms
08-03 22:03:50.396 21465 22397 D SyndHandler: Recognized ITunes namespace
08-03 22:03:50.396 21465 22397 D SyndHandler: Recognized Atom namespace
08-03 22:03:50.397 21465 22397 D SyndHandler: Recognized Content namespace
08-03 22:03:50.402 21465 21803 I art     : Starting a blocking GC Explicit
08-03 22:03:50.409 21465 22397 D OnlineFeedViewActivity: Deleted feed source file. Result: true
08-03 22:03:50.409 21465 21465 D OnlineFeedViewActivity: Removing HTML from shownotes
08-03 22:03:50.423 21465 21803 I art     : Explicit concurrent mark sweep GC freed 1291(188KB) AllocSpace objects, 2(40KB) LOS objects, 37% free, 26MB/42MB, paused 763us total 21.182ms
08-03 22:03:50.431 21465 21803 I art     : Starting a blocking GC Explicit
08-03 22:03:50.453 21465 21803 I art     : Explicit concurrent mark sweep GC freed 3531(143KB) AllocSpace objects, 0(0B) LOS objects, 37% free, 26MB/42MB, paused 1.132ms total 21.735ms
08-03 22:03:50.462 21465 21803 I art     : Starting a blocking GC Explicit
08-03 22:03:50.471 21465 21465 W art     : Before Android 4.1, method int androidx.appcompat.widget.DropDownListView.lookForSelectablePosition(int, boolean) would have incorrectly overridden the package-private method in android.widget.ListView
08-03 22:03:50.476 21465 21465 I ListPopupWindow: Could not find method setEpicenterBounds(Rect) on PopupWindow. Oh well.
08-03 22:03:50.484 21465 22398 D ApOkHttpUrlLoader: buildLoadData() called with: model = [https://content.production.cdn.art19.com/images/89/e0/88/44/89e08844-ac28-4fc0-96fa-15a41fec2014/262c12ed699a8d9720dea0bd66449d998e4a08cf18095bed170ccaa76722045fa5dbf7a366918b2db7e3acf29ad22f6b99fd659a9409cb807bf2781d968932f8.jpeg], width = [350], height = [350]
08-03 22:03:50.494 21465 21803 I art     : Explicit concurrent mark sweep GC freed 1689(153KB) AllocSpace objects, 2(132KB) LOS objects, 37% free, 26MB/42MB, paused 8.224ms total 31.950ms
08-03 22:03:50.498 21465 22211 D DBReader: getImageAuthentication() called with: imageUrl = [https://content.production.cdn.art19.com/images/89/e0/88/44/89e08844-ac28-4fc0-96fa-15a41fec2014/262c12ed699a8d9720dea0bd66449d998e4a08cf18095bed170ccaa76722045fa5dbf7a366918b2db7e3acf29ad22f6b99fd659a9409cb807bf2781d968932f8.jpeg]
08-03 22:03:50.499 21465 22211 D ApOkHttpUrlLoader: no credentials for 'https://content.production.cdn.art19.com/images/89/e0/88/44/89e08844-ac28-4fc0-96fa-15a41fec2014/262c12ed699a8d9720dea0bd66449d998e4a08cf18095bed170ccaa76722045fa5dbf7a366918b2db7e3acf29ad22f6b99fd659a9409cb807bf2781d968932f8.jpeg'
08-03 22:03:50.517 21465 21465 D PlaybackController: Releasing PlaybackController
08-03 22:03:50.758 21465 21575 I art     : Starting a blocking GC Explicit
08-03 22:03:50.786 21465 21575 I art     : Explicit concurrent mark sweep GC freed 13847(742KB) AllocSpace objects, 3(152KB) LOS objects, 37% free, 26MB/42MB, paused 663us total 28.038ms
08-03 22:03:50.795 21465 21575 I art     : Starting a blocking GC Explicit
08-03 22:03:50.814 21465 22211 D MYTAG   : interceptor 2a
08-03 22:03:50.814 21465 22211 I NAPPA_EXPERIMENTATION: MetricNetworkRequestExecutionTime: REQUEST_DURATION_SYSTEM='315',REQUEST_DURATION_OKHTTP='160',REQUEST_SYNCHRONOUS='TRUE',RESPONSE_CODE='200',RESPONSE_METHOD='GET',RESPONSE_LENGTH_OKHTTP='2466122',RESPONSE_LENGTH_HEADER='2466122',REQUEST_PROTOCOL='h2',REQUEST_URL='https://content.production.cdn.art19.com/images/89/e0/88/44/89e08844-ac28-4fc0-96fa-15a41fec2014/262c12ed699a8d9720dea0bd66449d998e4a08cf18095bed170ccaa76722045fa5dbf7a366918b2db7e3acf29ad22f6b99fd659a9409cb807bf2781d968932f8.jpeg',
08-03 22:03:50.822 21465 21575 I art     : Explicit concurrent mark sweep GC freed 424(28KB) AllocSpace objects, 0(0B) LOS objects, 37% free, 26MB/42MB, paused 748us total 26.261ms
08-03 22:03:50.831 21465 21575 I art     : Starting a blocking GC Explicit
08-03 22:03:50.856 21465 21575 I art     : Explicit concurrent mark sweep GC freed 47(3KB) AllocSpace objects, 0(0B) LOS objects, 37% free, 26MB/42MB, paused 655us total 24.715ms
08-03 22:03:50.866 21465 21575 I art     : Starting a blocking GC Explicit
08-03 22:03:50.890 21465 21575 I art     : Explicit concurrent mark sweep GC freed 33(1056B) AllocSpace objects, 0(0B) LOS objects, 37% free, 26MB/42MB, paused 624us total 24.307ms
08-03 22:03:50.900 21465 21575 I art     : Starting a blocking GC Explicit
08-03 22:03:50.923 21465 21575 I art     : Explicit concurrent mark sweep GC freed 38(1216B) AllocSpace objects, 0(0B) LOS objects, 37% free, 26MB/42MB, paused 680us total 22.628ms
08-03 22:03:51.190 14862 14862 I ServiceManager: Waiting for service AtCmdFwd...
08-03 22:03:51.196 21465 21803 I art     : Starting a blocking GC Explicit
08-03 22:03:51.226 21465 21803 I art     : Explicit concurrent mark sweep GC freed 2832(142KB) AllocSpace objects, 1(20KB) LOS objects, 37% free, 27MB/43MB, paused 796us total 29.730ms
08-03 22:03:51.242 21465 21803 I art     : Starting a blocking GC Explicit
08-03 22:03:51.269 21465 21803 I art     : Explicit concurrent mark sweep GC freed 36(1120B) AllocSpace objects, 0(0B) LOS objects, 37% free, 27MB/43MB, paused 721us total 25.916ms
08-03 22:03:51.278 21465 21803 I art     : Starting a blocking GC Explicit
08-03 22:03:51.303 21465 21803 I art     : Explicit concurrent mark sweep GC freed 58(13KB) AllocSpace objects, 0(0B) LOS objects, 36% free, 27MB/43MB, paused 759us total 24.808ms
08-03 22:03:51.313 21465 21803 I art     : Starting a blocking GC Explicit
08-03 22:03:51.337 21465 21803 I art     : Explicit concurrent mark sweep GC freed 98(4KB) AllocSpace objects, 0(0B) LOS objects, 37% free, 27MB/43MB, paused 686us total 24.480ms
08-03 22:03:51.346 21465 21803 I art     : Starting a blocking GC Explicit
08-03 22:03:51.372 21465 21803 I art     : Explicit concurrent mark sweep GC freed 5(176B) AllocSpace objects, 0(0B) LOS objects, 37% free, 27MB/43MB, paused 634us total 25.092ms
08-03 22:03:51.692 21465 21477 I art     : Starting a blocking GC Explicit
08-03 22:03:51.729 21465 21477 I art     : Explicit concurrent mark sweep GC freed 1366(80KB) AllocSpace objects, 1(20KB) LOS objects, 36% free, 27MB/43MB, paused 706us total 36.321ms
08-03 22:03:51.743 21465 21477 I art     : Starting a blocking GC Explicit
08-03 22:03:51.768 21465 21477 I art     : Explicit concurrent mark sweep GC freed 23(752B) AllocSpace objects, 0(0B) LOS objects, 37% free, 27MB/43MB, paused 707us total 25.357ms
08-03 22:03:51.778 21465 21477 I art     : Starting a blocking GC Explicit
08-03 22:03:51.803 21465 21477 I art     : Explicit concurrent mark sweep GC freed 3(96B) AllocSpace objects, 0(0B) LOS objects, 37% free, 27MB/43MB, paused 644us total 25.462ms
08-03 22:03:51.813 21465 21477 I art     : Starting a blocking GC Explicit
08-03 22:03:51.839 21465 21477 I art     : Explicit concurrent mark sweep GC freed 3(96B) AllocSpace objects, 0(0B) LOS objects, 37% free, 27MB/43MB, paused 631us total 25.776ms
08-03 22:03:51.848 21465 21477 I art     : Starting a blocking GC Explicit
08-03 22:03:51.874 21465 21477 I art     : Explicit concurrent mark sweep GC freed 3(96B) AllocSpace objects, 0(0B) LOS objects, 37% free, 27MB/43MB, paused 709us total 26.092ms
08-03 22:03:52.011   518   646 I ThermalEngine: ACTION: GPU - Setting GPU[0] to 450000000
08-03 22:03:52.190 14862 14862 I ServiceManager: Waiting for service AtCmdFwd...
08-03 22:03:52.225 21465 21478 I art     : Starting a blocking GC Explicit
08-03 22:03:52.260 21465 21478 I art     : Explicit concurrent mark sweep GC freed 1415(81KB) AllocSpace objects, 1(20KB) LOS objects, 36% free, 27MB/43MB, paused 801us total 34.522ms
08-03 22:03:52.273 21465 21478 I art     : Starting a blocking GC Explicit
08-03 22:03:52.307 21465 21478 I art     : Explicit concurrent mark sweep GC freed 29(944B) AllocSpace objects, 0(0B) LOS objects, 36% free, 27MB/43MB, paused 902us total 33.632ms
08-03 22:03:52.321 21465 21478 I art     : Starting a blocking GC Explicit
08-03 22:03:52.354 21465 21478 I art     : Explicit concurrent mark sweep GC freed 4(128B) AllocSpace objects, 0(0B) LOS objects, 37% free, 27MB/43MB, paused 794us total 33.105ms
08-03 22:03:52.366 21465 21478 I art     : Starting a blocking GC Explicit
08-03 22:03:52.398 21465 21478 I art     : Explicit concurrent mark sweep GC freed 3(96B) AllocSpace objects, 0(0B) LOS objects, 37% free, 27MB/43MB, paused 851us total 32.591ms
08-03 22:03:52.410 21465 21478 I art     : Starting a blocking GC Explicit
08-03 22:03:52.445 21465 21478 I art     : Explicit concurrent mark sweep GC freed 3(96B) AllocSpace objects, 0(0B) LOS objects, 37% free, 27MB/43MB, paused 889us total 34.246ms
08-03 22:03:52.784 21465 21803 I art     : Starting a blocking GC Explicit
08-03 22:03:52.829 21465 21803 I art     : Explicit concurrent mark sweep GC freed 1364(82KB) AllocSpace objects, 1(20KB) LOS objects, 37% free, 27MB/43MB, paused 1.141ms total 44.737ms
08-03 22:03:52.844 21465 21803 I art     : Starting a blocking GC Explicit
08-03 22:03:52.879 21465 21803 I art     : Explicit concurrent mark sweep GC freed 23(752B) AllocSpace objects, 0(0B) LOS objects, 37% free, 27MB/43MB, paused 903us total 34.095ms
08-03 22:03:52.891 21465 21803 I art     : Starting a blocking GC Explicit
08-03 22:03:52.926 21465 21803 I art     : Explicit concurrent mark sweep GC freed 3(96B) AllocSpace objects, 0(0B) LOS objects, 37% free, 27MB/43MB, paused 895us total 35.122ms
08-03 22:03:52.938 21465 21803 I art     : Starting a blocking GC Explicit
08-03 22:03:52.973 21465 21803 I art     : Explicit concurrent mark sweep GC freed 3(96B) AllocSpace objects, 0(0B) LOS objects, 37% free, 27MB/43MB, paused 839us total 34.281ms
08-03 22:03:52.985 21465 21803 I art     : Starting a blocking GC Explicit
08-03 22:03:53.019 21465 21803 I art     : Explicit concurrent mark sweep GC freed 32(880B) AllocSpace objects, 0(0B) LOS objects, 37% free, 27MB/43MB, paused 921us total 33.573ms
08-03 22:03:53.191 14862 14862 I ServiceManager: Waiting for service AtCmdFwd...
08-03 22:03:53.352 21465 21477 I art     : Starting a blocking GC Explicit
08-03 22:03:53.397 21465 21477 I art     : Explicit concurrent mark sweep GC freed 1363(80KB) AllocSpace objects, 1(20KB) LOS objects, 37% free, 27MB/43MB, paused 915us total 44.366ms
08-03 22:03:53.414 21465 21477 I art     : Starting a blocking GC Explicit
08-03 22:03:53.451 21465 21477 I art     : Explicit concurrent mark sweep GC freed 23(752B) AllocSpace objects, 0(0B) LOS objects, 37% free, 27MB/43MB, paused 867us total 37.206ms
08-03 22:03:53.463 21465 21477 I art     : Starting a blocking GC Explicit
08-03 22:03:53.498 21465 21477 I art     : Explicit concurrent mark sweep GC freed 3(96B) AllocSpace objects, 0(0B) LOS objects, 37% free, 27MB/43MB, paused 899us total 34.684ms
08-03 22:03:53.510 21465 21477 I art     : Starting a blocking GC Explicit
08-03 22:03:53.545 21465 21477 I art     : Explicit concurrent mark sweep GC freed 3(96B) AllocSpace objects, 0(0B) LOS objects, 37% free, 27MB/43MB, paused 886us total 34.804ms
08-03 22:03:53.558 21465 21477 I art     : Starting a blocking GC Explicit
08-03 22:03:53.591 21465 21477 I art     : Explicit concurrent mark sweep GC freed 3(96B) AllocSpace objects, 0(0B) LOS objects, 37% free, 27MB/43MB, paused 829us total 33.513ms
08-03 22:03:53.931 21465 21575 I art     : Starting a blocking GC Explicit
08-03 22:03:53.969 21465 21575 I art     : Explicit concurrent mark sweep GC freed 1363(80KB) AllocSpace objects, 1(20KB) LOS objects, 37% free, 27MB/43MB, paused 928us total 37.205ms
08-03 22:03:53.981 21465 21575 I art     : Starting a blocking GC Explicit
08-03 22:03:54.011 21465 21575 I art     : Explicit concurrent mark sweep GC freed 52(1536B) AllocSpace objects, 0(0B) LOS objects, 37% free, 27MB/43MB, paused 827us total 29.691ms
08-03 22:03:54.022 21465 21575 I art     : Starting a blocking GC Explicit
08-03 22:03:54.053 21465 21575 I art     : Explicit concurrent mark sweep GC freed 3(96B) AllocSpace objects, 0(0B) LOS objects, 37% free, 27MB/43MB, paused 904us total 30.899ms
08-03 22:03:54.065 21465 21575 I art     : Starting a blocking GC Explicit
08-03 22:03:54.098 21465 21575 I art     : Explicit concurrent mark sweep GC freed 3(96B) AllocSpace objects, 0(0B) LOS objects, 37% free, 27MB/43MB, paused 1.040ms total 32.642ms
08-03 22:03:54.109 21465 21575 I art     : Starting a blocking GC Explicit
08-03 22:03:54.142 21465 21575 I art     : Explicit concurrent mark sweep GC freed 3(96B) AllocSpace objects, 0(0B) LOS objects, 37% free, 27MB/43MB, paused 951us total 31.916ms
08-03 22:03:54.192 14862 14862 I ServiceManager: Waiting for service AtCmdFwd...
08-03 22:03:54.468 21465 21478 I art     : Starting a blocking GC Explicit
08-03 22:03:54.505 21465 21478 I art     : Explicit concurrent mark sweep GC freed 1363(80KB) AllocSpace objects, 1(20KB) LOS objects, 37% free, 27MB/43MB, paused 957us total 37.275ms
08-03 22:03:54.511 22488 22488 D AndroidRuntime: >>>>>> START com.android.internal.os.RuntimeInit uid 2000 <<<<<<
08-03 22:03:54.517 21465 21478 I art     : Starting a blocking GC Explicit
08-03 22:03:54.518 22488 22488 D AndroidRuntime: CheckJNI is OFF
08-03 22:03:54.550 21465 21478 I art     : Explicit concurrent mark sweep GC freed 23(752B) AllocSpace objects, 0(0B) LOS objects, 37% free, 27MB/43MB, paused 880us total 32.936ms
08-03 22:03:54.562 21465 21478 I art     : Starting a blocking GC Explicit
08-03 22:03:54.565 22488 22488 D ICU     : No timezone override file found: /data/misc/zoneinfo/current/icu/icu_tzdata.dat
08-03 22:03:54.594 21465 21478 I art     : Explicit concurrent mark sweep GC freed 3(96B) AllocSpace objects, 0(0B) LOS objects, 37% free, 27MB/43MB, paused 882us total 32.383ms
08-03 22:03:54.606 21465 21478 I art     : Starting a blocking GC Explicit
08-03 22:03:54.609 22488 22488 I Radio-JNI: register_android_hardware_Radio DONE
08-03 22:03:54.638 22488 22488 D AndroidRuntime: Calling main entry com.android.commands.input.Input
08-03 22:03:54.639 21465 21478 I art     : Explicit concurrent mark sweep GC freed 3(96B) AllocSpace objects, 0(0B) LOS objects, 37% free, 27MB/43MB, paused 880us total 32.830ms
08-03 22:03:54.641 22488 22488 I Input   : injectMotionEvent: MotionEvent { action=ACTION_DOWN, actionButton=0, id[0]=0, x[0]=625.0, y[0]=832.0, toolType[0]=TOOL_TYPE_UNKNOWN, buttonState=0, metaState=0, flags=0x0, edgeFlags=0x0, pointerCount=1, historySize=0, eventTime=655451053, downTime=655451053, deviceId=0, source=0x1002 }
08-03 22:03:54.648 22488 22488 I Input   : injectMotionEvent: MotionEvent { action=ACTION_UP, actionButton=0, id[0]=0, x[0]=625.0, y[0]=832.0, toolType[0]=TOOL_TYPE_UNKNOWN, buttonState=0, metaState=0, flags=0x0, edgeFlags=0x0, pointerCount=1, historySize=0, eventTime=655451053, downTime=655451053, deviceId=0, source=0x1002 }
08-03 22:03:54.650 21465 21478 I art     : Starting a blocking GC Explicit
08-03 22:03:54.651 22488 22488 D AndroidRuntime: Shutting down VM
08-03 22:03:54.659 21465 21465 D UserPreferences: Using default data folder
08-03 22:03:54.661 21465 21465 D DownloadRequester: partiallyDownloadedFileExists: false
08-03 22:03:54.661   512  2967 D audio_hw_primary: out_set_parameters: enter: usecase(1: low-latency-playback) kvpairs: routing=2
08-03 22:03:54.661 21465 21465 D DownloadRequester: /storage/emulated/0/Android/data/baseline.de.danoeh.antennapod.debug/files/cache/feed-Nice White Parents is available as a download destination
08-03 22:03:54.663 21465 21465 D DownloadRequester: Requesting download of url https://rss.art19.com/nice-white-parents
08-03 22:03:54.674   512  2967 D audio_hw_primary: select_devices: out_snd_device(2: speaker) in_snd_device(0: none)
08-03 22:03:54.674   512  2967 D msm8974_platform: platform_send_audio_calibration: sending audio calibration for snd_device(2) acdb_id(15)
08-03 22:03:54.674   512  2967 I soundtrigger: audio_extn_sound_trigger_update_device_status: device 0x2 of type 0 for Event 1
08-03 22:03:54.675 21465 21465 D DownloadService: Service started
08-03 22:03:54.677 21465 21465 D DownloadService: parallel downloads: 4
08-03 22:03:54.679 21465 22513 D downloadCompletionThd: downloadCompletionThread was started
08-03 22:03:54.683 21465 21465 D DownloadService: Notification set up
08-03 22:03:54.683 21465 21478 I art     : Explicit concurrent mark sweep GC freed 423(24KB) AllocSpace objects, 0(0B) LOS objects, 36% free, 27MB/43MB, paused 1.460ms total 32.686ms
08-03 22:03:54.685   512  2967 D audio_hw_primary: enable_snd_device: snd_device(2: speaker)
08-03 22:03:54.687   512  2967 D audio_hw_primary: enable_audio_route: apply and update mixer path: low-latency-playback speaker
08-03 22:03:54.695 21465 21465 D DownloadService: Received enqueue request
08-03 22:03:54.698 21465 21465 D OnlineFeedViewActivity: onEventMainThread() called with: event = [DownloadEvent{update=DownloaderUpdate{downloaders=[baseline.de.danoeh.antennapod.core.service.download.HttpDownloader@dc432b8], feedIds=[0], mediaIds=[]}}]
08-03 22:03:54.699 21465 21465 D DownloadService: 1 downloads left
08-03 22:03:54.699 21465 21465 D DownloadService: Setting up notification updater
08-03 22:03:54.700   918  4413 D WifiService: acquireWifiLockLocked: WifiLock{Downloader type=1 binder=android.os.BinderProxy@f1007d}
08-03 22:03:54.701 21465 22515 D AntennapodHttpClient: Creating new instance of HTTP client
08-03 22:03:54.736   918 13198 D NetlinkSocketObserver: NeighborEvent{elapsedMs=1638838611, 192.168.2.254, [7C3953A63323], RTM_NEWNEIGH, NUD_PROBE}
08-03 22:03:54.962 21465 21477 I art     : Starting a blocking GC Explicit
08-03 22:03:54.996 21465 21477 I art     : Explicit concurrent mark sweep GC freed 7003(357KB) AllocSpace objects, 4(220KB) LOS objects, 36% free, 27MB/43MB, paused 1.011ms total 34.621ms
08-03 22:03:55.008 21465 21477 I art     : Starting a blocking GC Explicit
08-03 22:03:55.012 21465 22515 D MYTAG   : interceptor 3a https://rss.art19.com/nice-white-parents
08-03 22:03:55.012 21465 22515 I NAPPA_EXPERIMENTATION: MetricNetworkRequestExecutionTime: REQUEST_DURATION_SYSTEM='310',REQUEST_DURATION_OKHTTP='153',REQUEST_SYNCHRONOUS='TRUE',RESPONSE_CODE='200',RESPONSE_METHOD='GET',RESPONSE_LENGTH_OKHTTP='-1',RESPONSE_LENGTH_HEADER='1803',REQUEST_PROTOCOL='h2',REQUEST_URL='https://rss.art19.com/nice-white-parents',
08-03 22:03:55.013 21465 22515 D HttpDownloader: Response code is 200
08-03 22:03:55.013 21465 22515 D UserPreferences: Using default data folder
08-03 22:03:55.014 21465 22515 D HttpDownloader: Getting size of download
08-03 22:03:55.014 21465 22515 D HttpDownloader: Size is -1
08-03 22:03:55.015 21465 22515 D UserPreferences: Using default data folder
08-03 22:03:55.015 21465 22515 D HttpDownloader: Free space is 20796944384
08-03 22:03:55.015 21465 22515 D HttpDownloader: Starting download
08-03 22:03:55.041 21465 21477 I art     : Explicit concurrent mark sweep GC freed 1271(137KB) AllocSpace objects, 0(0B) LOS objects, 36% free, 27MB/43MB, paused 956us total 31.974ms
08-03 22:03:55.049 21465 22515 D HttpDownloader: Download was successful
08-03 22:03:55.050   918  4413 D WifiService: releaseWifiLockLocked: WifiLock{Downloader type=1 binder=android.os.BinderProxy@f1007d}
08-03 22:03:55.051 21465 22513 D downloadCompletionThd: Received 'Download Complete' - message.
08-03 22:03:55.051 21465 22513 D DownloadService: Handling completed Feed Download
08-03 22:03:55.051 21465 21465 D DownloadService: Removing downloader: https://rss.art19.com/nice-white-parents
08-03 22:03:55.051 21465 21465 D DownloadService: Result of downloads.remove: true
08-03 22:03:55.052 21465 21465 D OnlineFeedViewActivity: onEventMainThread() called with: event = [DownloadEvent{update=DownloaderUpdate{downloaders=[], feedIds=[], mediaIds=[]}}]
08-03 22:03:55.053 21465 21477 I art     : Starting a blocking GC Explicit
08-03 22:03:55.058 21465 22531 D TypeGetter: Recognized type RSS 2.0
08-03 22:03:55.062 21465 22531 D SyndHandler: Recognized ITunes namespace
08-03 22:03:55.062 21465 22531 D SyndHandler: Recognized Atom namespace
08-03 22:03:55.062 21465 22531 D SyndHandler: Recognized Content namespace
08-03 22:03:55.070 21465 22531 D FeedSyncThread: Nice White Parents parsed
08-03 22:03:55.071 21465 22531 D FeedSyncThread: Deletion of file '/storage/emulated/0/Android/data/baseline.de.danoeh.antennapod.debug/files/cache/feed-Nice White Parents' successful
08-03 22:03:55.071 21465 22531 D DBReader: getFeedDownloadLog() called with: feed = [baseline.de.danoeh.antennapod.core.feed.Feed@0]
08-03 22:03:55.073 21465 22514 D FeedSyncThread: Bundling 1 feeds
08-03 22:03:55.074 21465 22532 D DBReader: Extracting Feedlist
08-03 22:03:55.076 21465 22532 D DBTasks : Found no existing Feed with title Nice White Parents. Adding as new one.
08-03 22:03:55.078 21465 22533 D PodDBAdapter: Setting feed with flattr status Nice White Parents: 0
08-03 22:03:55.078 21465 22533 D baseline.de.danoeh.antennapod.core.storage.PodDBAdapter@fa08c9: Inserting new Feed into db
08-03 22:03:55.086 21465 21477 I art     : Explicit concurrent mark sweep GC freed 873(219KB) AllocSpace objects, 3(60KB) LOS objects, 36% free, 27MB/43MB, paused 1.067ms total 32.497ms
08-03 22:03:55.094 21465 21465 D EventDistributor: Processing event queue. Number of events: 1
08-03 22:03:55.094 21465 21465 D EventDistributor: Notifying observers. Data: 1
08-03 22:03:55.095 21465 21465 D DownloadService: 0 downloads left
08-03 22:03:55.095 21465 21465 D DownloadService: Number of downloads is 0, attempting shutdown
08-03 22:03:55.095 21465 22011 D DBReader: Extracting Feedlist
08-03 22:03:55.097 21465 21477 I art     : Starting a blocking GC Explicit
08-03 22:03:55.107 21465 21465 D DownloadService: Service shutting down
08-03 22:03:55.107 21465 21465 D DownloadService: No report is created
08-03 22:03:55.107 21465 21465 D OnlineFeedViewActivity: onEventMainThread() called with: event = [DownloadEvent{update=DownloaderUpdate{downloaders=[], feedIds=[], mediaIds=[]}}]
08-03 22:03:55.109 21465 21465 D DownloadService: NotificationUpdater cancelled. Result: false
08-03 22:03:55.109 21465 22513 E downloadCompletionThd: DownloadCompletionThread was interrupted
08-03 22:03:55.110 21465 21465 D DBTasks : autodownloadUndownloadedItems
08-03 22:03:55.111 21465 22534 D NetworkUtils: Device is connected to Wi-Fi
08-03 22:03:55.112 21465 22534 D NetworkUtils: Auto-dl filter is disabled
08-03 22:03:55.128 21465 21477 I art     : Explicit concurrent mark sweep GC freed 533(47KB) AllocSpace objects, 1(20KB) LOS objects, 36% free, 27MB/43MB, paused 1.131ms total 31.179ms
08-03 22:03:55.139 21465 21477 I art     : Starting a blocking GC Explicit
08-03 22:03:55.170 21465 21477 I art     : Explicit concurrent mark sweep GC freed 121(5KB) AllocSpace objects, 0(0B) LOS objects, 36% free, 27MB/43MB, paused 1.005ms total 30.043ms
08-03 22:03:55.193 14862 14862 W Atfwd_Sendcmd: AtCmdFwd service not published, waiting... retryCnt : 5
08-03 22:03:55.228   512  2967 D audio_hw_primary: disable_audio_route: reset and update mixer path: low-latency-playback speaker
08-03 22:03:55.229   512  2967 D audio_hw_primary: disable_snd_device: snd_device(2: speaker)
08-03 22:03:55.237   512  2967 I soundtrigger: audio_extn_sound_trigger_update_device_status: device 0x2 of type 0 for Event 0
08-03 22:03:55.478 21465 21477 I art     : Starting a blocking GC Explicit
08-03 22:03:55.512 21465 21477 I art     : Explicit concurrent mark sweep GC freed 1380(80KB) AllocSpace objects, 1(20KB) LOS objects, 36% free, 27MB/43MB, paused 1ms total 33.841ms
08-03 22:03:55.524 21465 21477 I art     : Starting a blocking GC Explicit
08-03 22:03:55.557 21465 21477 I art     : Explicit concurrent mark sweep GC freed 25(816B) AllocSpace objects, 0(0B) LOS objects, 36% free, 27MB/43MB, paused 1.093ms total 32.982ms
08-03 22:03:55.569 21465 21477 I art     : Starting a blocking GC Explicit
08-03 22:03:55.603 21465 21477 I art     : Explicit concurrent mark sweep GC freed 3(96B) AllocSpace objects, 0(0B) LOS objects, 36% free, 27MB/43MB, paused 995us total 33.224ms
08-03 22:03:55.615 21465 21477 I art     : Starting a blocking GC Explicit
08-03 22:03:55.648 21465 21477 I art     : Explicit concurrent mark sweep GC freed 3(96B) AllocSpace objects, 0(0B) LOS objects, 36% free, 27MB/43MB, paused 1.087ms total 33.305ms
08-03 22:03:55.660 21465 21477 I art     : Starting a blocking GC Explicit
08-03 22:03:55.693 21465 21477 I art     : Explicit concurrent mark sweep GC freed 3(96B) AllocSpace objects, 0(0B) LOS objects, 36% free, 27MB/43MB, paused 995us total 32.975ms
08-03 22:03:56.011 21465 21478 I art     : Starting a blocking GC Explicit
08-03 22:03:56.058 21465 21478 I art     : Explicit concurrent mark sweep GC freed 1393(82KB) AllocSpace objects, 1(20KB) LOS objects, 36% free, 27MB/43MB, paused 1.236ms total 46.427ms
08-03 22:03:56.073 21465 21478 I art     : Starting a blocking GC Explicit
08-03 22:03:56.106 21465 21478 I art     : Explicit concurrent mark sweep GC freed 23(752B) AllocSpace objects, 0(0B) LOS objects, 36% free, 27MB/43MB, paused 997us total 32.222ms
08-03 22:03:56.118 21465 21478 I art     : Starting a blocking GC Explicit
08-03 22:03:56.151 21465 21478 I art     : Explicit concurrent mark sweep GC freed 3(96B) AllocSpace objects, 0(0B) LOS objects, 36% free, 27MB/43MB, paused 990us total 33.313ms
08-03 22:03:56.163 21465 21478 I art     : Starting a blocking GC Explicit
08-03 22:03:56.197 21465 21478 I art     : Explicit concurrent mark sweep GC freed 3(96B) AllocSpace objects, 0(0B) LOS objects, 36% free, 27MB/43MB, paused 1.087ms total 33.609ms
08-03 22:03:56.209 21465 21478 I art     : Starting a blocking GC Explicit
08-03 22:03:56.243 21465 21478 I art     : Explicit concurrent mark sweep GC freed 3(96B) AllocSpace objects, 0(0B) LOS objects, 36% free, 27MB/43MB, paused 1.001ms total 33.639ms
08-03 22:03:56.583 21465 21575 I art     : Starting a blocking GC Explicit
08-03 22:03:56.631 21465 21575 I art     : Explicit concurrent mark sweep GC freed 1370(81KB) AllocSpace objects, 1(20KB) LOS objects, 36% free, 27MB/43MB, paused 1.179ms total 47.672ms
08-03 22:03:56.646 21465 21575 I art     : Starting a blocking GC Explicit
08-03 22:03:56.680 21465 21575 I art     : Explicit concurrent mark sweep GC freed 23(752B) AllocSpace objects, 0(0B) LOS objects, 36% free, 27MB/43MB, paused 992us total 33.928ms
08-03 22:03:56.692 21465 21575 I art     : Starting a blocking GC Explicit
08-03 22:03:56.729 21465 21575 I art     : Explicit concurrent mark sweep GC freed 3(96B) AllocSpace objects, 0(0B) LOS objects, 36% free, 27MB/43MB, paused 1.066ms total 36.715ms
08-03 22:03:56.741 21465 21575 I art     : Starting a blocking GC Explicit
08-03 22:03:56.778 21465 21575 I art     : Explicit concurrent mark sweep GC freed 3(96B) AllocSpace objects, 0(0B) LOS objects, 36% free, 27MB/43MB, paused 1.096ms total 36.709ms
08-03 22:03:56.790 21465 21575 I art     : Starting a blocking GC Explicit
08-03 22:03:56.827 21465 21575 I art     : Explicit concurrent mark sweep GC freed 3(96B) AllocSpace objects, 0(0B) LOS objects, 36% free, 27MB/43MB, paused 1.036ms total 36.019ms
08-03 22:03:57.021   518   646 I ThermalEngine: ACTION: GPU - Setting GPU[0] to 510000000
08-03 22:03:57.140 21465 21803 I art     : Starting a blocking GC Explicit
08-03 22:03:57.164 21465 21803 I art     : Explicit concurrent mark sweep GC freed 1398(83KB) AllocSpace objects, 1(20KB) LOS objects, 36% free, 27MB/43MB, paused 701us total 24.340ms
08-03 22:03:57.173 21465 21803 I art     : Starting a blocking GC Explicit
08-03 22:03:57.197 21465 21803 I art     : Explicit concurrent mark sweep GC freed 28(944B) AllocSpace objects, 0(0B) LOS objects, 36% free, 27MB/43MB, paused 722us total 23.691ms
08-03 22:03:57.206 21465 21803 I art     : Starting a blocking GC Explicit
08-03 22:03:57.232 21465 21803 I art     : Explicit concurrent mark sweep GC freed 8(288B) AllocSpace objects, 0(0B) LOS objects, 36% free, 27MB/43MB, paused 747us total 25.482ms
08-03 22:03:57.241 21465 21803 I art     : Starting a blocking GC Explicit
08-03 22:03:57.268 21465 21803 I art     : Explicit concurrent mark sweep GC freed 3(96B) AllocSpace objects, 0(0B) LOS objects, 36% free, 27MB/43MB, paused 793us total 26.747ms
08-03 22:03:57.277 21465 21803 I art     : Starting a blocking GC Explicit
08-03 22:03:57.304 21465 21803 I art     : Explicit concurrent mark sweep GC freed 3(96B) AllocSpace objects, 0(0B) LOS objects, 36% free, 27MB/43MB, paused 753us total 26.978ms
08-03 22:03:57.624 21465 21575 I art     : Starting a blocking GC Explicit
08-03 22:03:57.658 21465 21575 I art     : Explicit concurrent mark sweep GC freed 1367(80KB) AllocSpace objects, 1(20KB) LOS objects, 36% free, 27MB/43MB, paused 859us total 34.069ms
08-03 22:03:57.671 21465 21575 I art     : Starting a blocking GC Explicit
08-03 22:03:57.698 21465 21575 I art     : Explicit concurrent mark sweep GC freed 23(752B) AllocSpace objects, 0(0B) LOS objects, 36% free, 27MB/43MB, paused 774us total 27.301ms
08-03 22:03:57.708 21465 21575 I art     : Starting a blocking GC Explicit
08-03 22:03:57.735 21465 21575 I art     : Explicit concurrent mark sweep GC freed 3(96B) AllocSpace objects, 0(0B) LOS objects, 36% free, 27MB/43MB, paused 706us total 27.035ms
08-03 22:03:57.745 21465 21575 I art     : Starting a blocking GC Explicit
08-03 22:03:57.771 21465 21575 I art     : Explicit concurrent mark sweep GC freed 3(96B) AllocSpace objects, 0(0B) LOS objects, 36% free, 27MB/43MB, paused 763us total 26.448ms
08-03 22:03:57.781 21465 21575 I art     : Starting a blocking GC Explicit
08-03 22:03:57.808 21465 21575 I art     : Explicit concurrent mark sweep GC freed 3(96B) AllocSpace objects, 0(0B) LOS objects, 36% free, 27MB/43MB, paused 829us total 26.991ms
08-03 22:03:58.136 21465 21477 I art     : Starting a blocking GC Explicit
08-03 22:03:58.171 21465 21477 I art     : Explicit concurrent mark sweep GC freed 1392(80KB) AllocSpace objects, 1(20KB) LOS objects, 36% free, 27MB/43MB, paused 835us total 34.039ms
08-03 22:03:58.182 21465 21477 I art     : Starting a blocking GC Explicit
08-03 22:03:58.210 21465 21477 I art     : Explicit concurrent mark sweep GC freed 23(752B) AllocSpace objects, 0(0B) LOS objects, 36% free, 27MB/43MB, paused 748us total 26.922ms
08-03 22:03:58.219 21465 21477 I art     : Starting a blocking GC Explicit
08-03 22:03:58.245 21465 21477 I art     : Explicit concurrent mark sweep GC freed 3(96B) AllocSpace objects, 0(0B) LOS objects, 36% free, 27MB/43MB, paused 762us total 26.078ms
08-03 22:03:58.255 21465 21477 I art     : Starting a blocking GC Explicit
08-03 22:03:58.282 21465 21477 I art     : Explicit concurrent mark sweep GC freed 3(96B) AllocSpace objects, 0(0B) LOS objects, 36% free, 27MB/43MB, paused 826us total 26.994ms
08-03 22:03:58.291 21465 21477 I art     : Starting a blocking GC Explicit
08-03 22:03:58.319 21465 21477 I art     : Explicit concurrent mark sweep GC freed 3(96B) AllocSpace objects, 0(0B) LOS objects, 36% free, 27MB/43MB, paused 760us total 27.493ms
08-03 22:03:58.643 21465 21478 I art     : Starting a blocking GC Explicit
08-03 22:03:58.678 21465 21478 I art     : Explicit concurrent mark sweep GC freed 1364(82KB) AllocSpace objects, 1(20KB) LOS objects, 36% free, 27MB/43MB, paused 912us total 34.093ms
08-03 22:03:58.690 21465 21478 I art     : Starting a blocking GC Explicit
08-03 22:03:58.717 21465 21478 I art     : Explicit concurrent mark sweep GC freed 23(752B) AllocSpace objects, 0(0B) LOS objects, 36% free, 27MB/43MB, paused 719us total 26.256ms
08-03 22:03:58.726 21465 21478 I art     : Starting a blocking GC Explicit
08-03 22:03:58.753 21465 21478 I art     : Explicit concurrent mark sweep GC freed 3(96B) AllocSpace objects, 0(0B) LOS objects, 36% free, 27MB/43MB, paused 756us total 26.937ms
08-03 22:03:58.762 21465 21478 I art     : Starting a blocking GC Explicit
08-03 22:03:58.790 21465 21478 I art     : Explicit concurrent mark sweep GC freed 3(96B) AllocSpace objects, 0(0B) LOS objects, 36% free, 27MB/43MB, paused 777us total 27.562ms
08-03 22:03:58.800 21465 21478 I art     : Starting a blocking GC Explicit
08-03 22:03:58.827 21465 21478 I art     : Explicit concurrent mark sweep GC freed 3(96B) AllocSpace objects, 0(0B) LOS objects, 36% free, 27MB/43MB, paused 817us total 27.331ms
08-03 22:03:59.100 21465 21803 I art     : Starting a blocking GC Explicit
08-03 22:03:59.128 21465 21803 I art     : Explicit concurrent mark sweep GC freed 1392(80KB) AllocSpace objects, 1(20KB) LOS objects, 36% free, 27MB/43MB, paused 897us total 26.963ms
08-03 22:03:59.137 21465 21803 I art     : Starting a blocking GC Explicit
08-03 22:03:59.163 21465 21803 I art     : Explicit concurrent mark sweep GC freed 23(752B) AllocSpace objects, 0(0B) LOS objects, 36% free, 27MB/43MB, paused 788us total 25.714ms
08-03 22:03:59.172 21465 21803 I art     : Starting a blocking GC Explicit
08-03 22:03:59.198 21465 21803 I art     : Explicit concurrent mark sweep GC freed 3(96B) AllocSpace objects, 0(0B) LOS objects, 36% free, 27MB/43MB, paused 781us total 26.019ms
08-03 22:03:59.207 21465 21803 I art     : Starting a blocking GC Explicit
08-03 22:03:59.234 21465 21803 I art     : Explicit concurrent mark sweep GC freed 3(96B) AllocSpace objects, 0(0B) LOS objects, 36% free, 27MB/43MB, paused 759us total 26.180ms
08-03 22:03:59.243 21465 21803 I art     : Starting a blocking GC Explicit
08-03 22:03:59.269 21465 21803 I art     : Explicit concurrent mark sweep GC freed 3(96B) AllocSpace objects, 0(0B) LOS objects, 36% free, 27MB/43MB, paused 849us total 25.693ms
08-03 22:03:59.355 22606 22606 D AndroidRuntime: >>>>>> START com.android.internal.os.RuntimeInit uid 2000 <<<<<<
08-03 22:03:59.361 22606 22606 D AndroidRuntime: CheckJNI is OFF
08-03 22:03:59.400 22606 22606 D ICU     : No timezone override file found: /data/misc/zoneinfo/current/icu/icu_tzdata.dat
08-03 22:03:59.435 22606 22606 I Radio-JNI: register_android_hardware_Radio DONE
08-03 22:03:59.457 22606 22606 D AndroidRuntime: Calling main entry com.android.commands.input.Input
08-03 22:03:59.459 22606 22606 I Input   : injectKeyEvent: KeyEvent { action=ACTION_DOWN, keyCode=KEYCODE_BACK, scanCode=0, metaState=0, flags=0x0, repeatCount=0, eventTime=655455872, downTime=655455872, deviceId=-1, source=0x101 }
08-03 22:03:59.465 22606 22606 I Input   : injectKeyEvent: KeyEvent { action=ACTION_UP, keyCode=KEYCODE_BACK, scanCode=0, metaState=0, flags=0x0, repeatCount=0, eventTime=655455872, downTime=655455872, deviceId=-1, source=0x101 }
08-03 22:03:59.472 22606 22606 D AndroidRuntime: Shutting down VM
08-03 22:03:59.477 21465 21465 V PlaybackController: initServiceNotRunning()
08-03 22:03:59.478 21465 21465 D ExternalPlayerFragment: Loading media info
08-03 22:03:59.479 21465 21465 D UserPreferences: Using default data folder
08-03 22:03:59.480 21465 22011 D DBReader: getNavDrawerData() called with: 
08-03 22:03:59.482 21465 22011 D DBReader: getDownloadedItems() called
08-03 22:03:59.483 21465 22011 D DBReader: getFavoriteIDList() called
08-03 22:03:59.483 21465 22011 D DBReader: getQueueIDList() called
08-03 22:03:59.484 21465 22011 D DBReader: Extracting Feedlist
08-03 22:03:59.505 21465 21465 D MainActivity: getLastNavFragment() -> AddFeedFragment
08-03 22:03:59.507 13866 13866 I GoogleInputMethodServic: GoogleInputMethodService.onFinishInput():3138 
08-03 22:03:59.507 13866 13866 I GoogleInputMethodServic: GoogleInputMethodService.onStartInput():1808 
08-03 22:03:59.520 21465 22398 D ApOkHttpUrlLoader: buildLoadData() called with: model = [https://content.production.cdn.art19.com/images/89/e0/88/44/89e08844-ac28-4fc0-96fa-15a41fec2014/262c12ed699a8d9720dea0bd66449d998e4a08cf18095bed170ccaa76722045fa5dbf7a366918b2db7e3acf29ad22f6b99fd659a9409cb807bf2781d968932f8.jpeg], width = [140], height = [140]
08-03 22:03:59.577 21465 21803 I art     : Starting a blocking GC Explicit
08-03 22:03:59.601 21465 21803 I art     : Explicit concurrent mark sweep GC freed 2438(171KB) AllocSpace objects, 1(20KB) LOS objects, 36% free, 27MB/43MB, paused 714us total 23.968ms
08-03 22:03:59.610 21465 21803 I art     : Starting a blocking GC Explicit
08-03 22:03:59.638 21465 21803 I art     : Explicit concurrent mark sweep GC freed 489(25KB) AllocSpace objects, 0(0B) LOS objects, 36% free, 27MB/43MB, paused 937us total 27.792ms
08-03 22:03:59.647 21465 21803 I art     : Starting a blocking GC Explicit
08-03 22:03:59.677 21465 21803 I art     : Explicit concurrent mark sweep GC freed 59(12KB) AllocSpace objects, 0(0B) LOS objects, 36% free, 27MB/43MB, paused 1.059ms total 30.338ms
08-03 22:03:59.695 21465 21803 I art     : Starting a blocking GC Explicit
08-03 22:03:59.719 21465 21803 I art     : Explicit concurrent mark sweep GC freed 164(6KB) AllocSpace objects, 0(0B) LOS objects, 36% free, 27MB/43MB, paused 670us total 23.883ms
08-03 22:03:59.728 21465 21803 I art     : Starting a blocking GC Explicit
08-03 22:03:59.750 21465 21803 I art     : Explicit concurrent mark sweep GC freed 14(688B) AllocSpace objects, 0(0B) LOS objects, 36% free, 27MB/43MB, paused 675us total 22.683ms
08-03 22:03:59.811   380   380 W SurfaceFlinger: couldn't log to binary event log: overflow.
08-03 22:03:59.993 21465 21478 I art     : Starting a blocking GC Explicit
08-03 22:04:00.017 21465 21478 I art     : Explicit concurrent mark sweep GC freed 2035(108KB) AllocSpace objects, 1(20KB) LOS objects, 36% free, 27MB/43MB, paused 772us total 24.255ms
08-03 22:04:00.026 21465 21478 I art     : Starting a blocking GC Explicit
08-03 22:04:00.049 21465 21478 I art     : Explicit concurrent mark sweep GC freed 2483(152KB) AllocSpace objects, 2(248KB) LOS objects, 36% free, 27MB/43MB, paused 666us total 22.764ms
08-03 22:04:00.057 21465 21478 I art     : Starting a blocking GC Explicit
08-03 22:04:00.080 21465 21478 I art     : Explicit concurrent mark sweep GC freed 3(96B) AllocSpace objects, 0(0B) LOS objects, 36% free, 27MB/43MB, paused 703us total 22.636ms
08-03 22:04:00.088 21465 21478 I art     : Starting a blocking GC Explicit
08-03 22:04:00.112 21465 21478 I art     : Explicit concurrent mark sweep GC freed 3(96B) AllocSpace objects, 0(0B) LOS objects, 36% free, 27MB/43MB, paused 727us total 23.334ms
08-03 22:04:00.120 21465 21478 I art     : Starting a blocking GC Explicit
08-03 22:04:00.145 21465 21478 I art     : Explicit concurrent mark sweep GC freed 3(96B) AllocSpace objects, 0(0B) LOS objects, 36% free, 27MB/43MB, paused 726us total 24.310ms
08-03 22:04:00.424 21465 21575 I art     : Starting a blocking GC Explicit
08-03 22:04:00.458 21465 21575 I art     : Explicit concurrent mark sweep GC freed 1366(82KB) AllocSpace objects, 1(20KB) LOS objects, 36% free, 27MB/43MB, paused 945us total 33.160ms
08-03 22:04:00.471 21465 21575 I art     : Starting a blocking GC Explicit
08-03 22:04:00.497 21465 21575 I art     : Explicit concurrent mark sweep GC freed 23(752B) AllocSpace objects, 0(0B) LOS objects, 36% free, 27MB/43MB, paused 831us total 25.802ms
08-03 22:04:00.506 21465 21575 I art     : Starting a blocking GC Explicit
08-03 22:04:00.532 21465 21575 I art     : Explicit concurrent mark sweep GC freed 3(96B) AllocSpace objects, 0(0B) LOS objects, 36% free, 27MB/43MB, paused 750us total 25.859ms
08-03 22:04:00.532 21465 21476 I art     : WaitForGcToComplete blocked for 19.712ms for cause HeapTrim
08-03 22:04:00.541 21465 21575 I art     : Starting a blocking GC Explicit
08-03 22:04:00.568 21465 21575 I art     : Explicit concurrent mark sweep GC freed 3(96B) AllocSpace objects, 0(0B) LOS objects, 36% free, 27MB/43MB, paused 874us total 26.193ms
08-03 22:04:00.578 21465 21575 I art     : Starting a blocking GC Explicit
08-03 22:04:00.604 21465 21575 I art     : Explicit concurrent mark sweep GC freed 3(96B) AllocSpace objects, 0(0B) LOS objects, 36% free, 27MB/43MB, paused 780us total 26.154ms
08-03 22:04:00.871 21465 21477 I art     : Starting a blocking GC Explicit
08-03 22:04:00.902 21465 21477 I art     : Explicit concurrent mark sweep GC freed 1365(80KB) AllocSpace objects, 1(20KB) LOS objects, 36% free, 27MB/43MB, paused 774us total 30.680ms
08-03 22:04:00.911 21465 21477 I art     : Starting a blocking GC Explicit
08-03 22:04:00.936 21465 21477 I art     : Explicit concurrent mark sweep GC freed 23(752B) AllocSpace objects, 0(0B) LOS objects, 36% free, 27MB/43MB, paused 741us total 24.683ms
08-03 22:04:00.945 21465 21477 I art     : Starting a blocking GC Explicit
08-03 22:04:00.970 21465 21477 I art     : Explicit concurrent mark sweep GC freed 3(96B) AllocSpace objects, 0(0B) LOS objects, 36% free, 27MB/43MB, paused 760us total 24.438ms
08-03 22:04:00.978 21465 21477 I art     : Starting a blocking GC Explicit
08-03 22:04:01.003 21465 21477 I art     : Explicit concurrent mark sweep GC freed 3(96B) AllocSpace objects, 0(0B) LOS objects, 36% free, 27MB/43MB, paused 767us total 24.837ms
08-03 22:04:01.013 21465 21477 I art     : Starting a blocking GC Explicit
08-03 22:04:01.038 21465 21477 I art     : Explicit concurrent mark sweep GC freed 32(880B) AllocSpace objects, 0(0B) LOS objects, 36% free, 27MB/43MB, paused 790us total 24.585ms
08-03 22:04:01.143 22660 22660 D AndroidRuntime: >>>>>> START com.android.internal.os.RuntimeInit uid 2000 <<<<<<
08-03 22:04:01.148 22660 22660 D AndroidRuntime: CheckJNI is OFF
08-03 22:04:01.181 22660 22660 D ICU     : No timezone override file found: /data/misc/zoneinfo/current/icu/icu_tzdata.dat
08-03 22:04:01.215 22660 22660 I Radio-JNI: register_android_hardware_Radio DONE
08-03 22:04:01.235 22660 22660 D AndroidRuntime: Calling main entry com.android.commands.input.Input
08-03 22:04:01.237 22660 22660 I Input   : injectMotionEvent: MotionEvent { action=ACTION_DOWN, actionButton=0, id[0]=0, x[0]=639.0, y[0]=762.0, toolType[0]=TOOL_TYPE_UNKNOWN, buttonState=0, metaState=0, flags=0x0, edgeFlags=0x0, pointerCount=1, historySize=0, eventTime=655457650, downTime=655457650, deviceId=0, source=0x1002 }
08-03 22:04:01.242 22660 22660 I Input   : injectMotionEvent: MotionEvent { action=ACTION_UP, actionButton=0, id[0]=0, x[0]=639.0, y[0]=762.0, toolType[0]=TOOL_TYPE_UNKNOWN, buttonState=0, metaState=0, flags=0x0, edgeFlags=0x0, pointerCount=1, historySize=0, eventTime=655457650, downTime=655457650, deviceId=0, source=0x1002 }
08-03 22:04:01.244 22660 22660 D AndroidRuntime: Shutting down VM
08-03 22:04:01.301 21465 21575 I art     : Starting a blocking GC Explicit
08-03 22:04:01.315   512  2967 D audio_hw_primary: out_set_parameters: enter: usecase(1: low-latency-playback) kvpairs: routing=2
08-03 22:04:01.328   512  2967 D audio_hw_primary: select_devices: out_snd_device(2: speaker) in_snd_device(0: none)
08-03 22:04:01.328   512  2967 D msm8974_platform: platform_send_audio_calibration: sending audio calibration for snd_device(2) acdb_id(15)
08-03 22:04:01.328   512  2967 I soundtrigger: audio_extn_sound_trigger_update_device_status: device 0x2 of type 0 for Event 1
08-03 22:04:01.329 21465 21575 I art     : Explicit concurrent mark sweep GC freed 1565(88KB) AllocSpace objects, 1(20KB) LOS objects, 36% free, 27MB/43MB, paused 812us total 27.598ms
08-03 22:04:01.336 13866 13866 I GoogleInputMethodServic: GoogleInputMethodService.onFinishInput():3138 
08-03 22:04:01.337 13866 13866 I GoogleInputMethodServic: GoogleInputMethodService.onStartInput():1808 
08-03 22:04:01.338 21465 21575 I art     : Starting a blocking GC Explicit
08-03 22:04:01.339   512  2967 D audio_hw_primary: enable_snd_device: snd_device(2: speaker)
08-03 22:04:01.341   512  2967 D audio_hw_primary: enable_audio_route: apply and update mixer path: low-latency-playback speaker
08-03 22:04:01.363 21465 21575 I art     : Explicit concurrent mark sweep GC freed 88(3KB) AllocSpace objects, 0(0B) LOS objects, 36% free, 27MB/43MB, paused 757us total 24.549ms
08-03 22:04:01.372 21465 21575 I art     : Starting a blocking GC Explicit
08-03 22:04:01.395 21465 21575 I art     : Explicit concurrent mark sweep GC freed 15(544B) AllocSpace objects, 0(0B) LOS objects, 36% free, 27MB/43MB, paused 726us total 23.469ms
08-03 22:04:01.404 21465 21575 I art     : Starting a blocking GC Explicit
08-03 22:04:01.428 21465 21575 I art     : Explicit concurrent mark sweep GC freed 13(480B) AllocSpace objects, 0(0B) LOS objects, 36% free, 27MB/43MB, paused 897us total 23.800ms
08-03 22:04:01.437 21465 21575 I art     : Starting a blocking GC Explicit
08-03 22:04:01.461 21465 21575 I art     : Explicit concurrent mark sweep GC freed 13(480B) AllocSpace objects, 0(0B) LOS objects, 36% free, 27MB/43MB, paused 843us total 24.463ms
08-03 22:04:01.531 21465 21485 I NAPPA_EXPERIMENTATION: MetricNetworkRequestExecutionTime: REQUEST_DURATION_SYSTEM='216',REQUEST_DURATION_OKHTTP='215',REQUEST_SYNCHRONOUS='TRUE',RESPONSE_CODE='200',RESPONSE_METHOD='GET',RESPONSE_LENGTH_OKHTTP='-1',RESPONSE_LENGTH_HEADER='622',REQUEST_PROTOCOL='h2',REQUEST_URL='https://itunes.apple.com/lookup?id=360084272',
08-03 22:04:01.548   918  3714 I ActivityManager: START u0 {cmp=baseline.de.danoeh.antennapod.debug/baseline.de.danoeh.antennapod.activity.OnlineFeedViewActivity (has extras)} from uid 10633 on display 0
08-03 22:04:01.572 13866 13866 I GoogleInputMethodServic: GoogleInputMethodService.onFinishInput():3138 
08-03 22:04:01.573 13866 13866 I GoogleInputMethodServic: GoogleInputMethodService.onStartInput():1808 
08-03 22:04:01.596 21465 21465 D UserPreferences: Using default data folder
08-03 22:04:01.597 21465 21465 D OnlineFeedViewActivity: Activity was started with url http://joeroganexp.joerogan.libsynpro.com/rss
08-03 22:04:01.599 21465 21465 D OnlineFeedViewActivity: Starting feed download
08-03 22:04:01.602 21465 21491 D DBReader: Extracting Feedlist
08-03 22:04:01.604   918  3714 D WifiService: acquireWifiLockLocked: WifiLock{Downloader type=1 binder=android.os.BinderProxy@a355d04}
08-03 22:04:01.604 21465 21491 D AntennapodHttpClient: Creating new instance of HTTP client
08-03 22:04:01.649 21465 21491 D MYTAG   : interceptor 3a http://joeroganexp.joerogan.libsynpro.com/rss
08-03 22:04:01.650 21465 21491 I NAPPA_EXPERIMENTATION: MetricNetworkRequestExecutionTime: REQUEST_DURATION_SYSTEM='45',REQUEST_DURATION_OKHTTP='38',REQUEST_SYNCHRONOUS='TRUE',RESPONSE_CODE='200',RESPONSE_METHOD='GET',RESPONSE_LENGTH_OKHTTP='-1',RESPONSE_LENGTH_HEADER='307892',REQUEST_PROTOCOL='http/1.1',REQUEST_URL='http://joeroganexp.joerogan.libsynpro.com/rss',
08-03 22:04:01.650 21465 21491 D HttpDownloader: Response code is 200
08-03 22:04:01.650 21465 21491 D UserPreferences: Using default data folder
08-03 22:04:01.652 21465 21491 D HttpDownloader: Getting size of download
08-03 22:04:01.652 21465 21491 D HttpDownloader: Size is -1
08-03 22:04:01.652 21465 21491 D UserPreferences: Using default data folder
08-03 22:04:01.652 21465 21491 D HttpDownloader: Free space is 20796870656
08-03 22:04:01.652 21465 21491 D HttpDownloader: Starting download
08-03 22:04:01.667 13866 13866 I GoogleInputMethodServic: GoogleInputMethodService.onFinishInput():3138 
08-03 22:04:01.668 13866 13866 I GoogleInputMethodServic: GoogleInputMethodService.onStartInput():1808 
08-03 22:04:01.693   918   936 I ActivityManager: Displayed baseline.de.danoeh.antennapod.debug/baseline.de.danoeh.antennapod.activity.OnlineFeedViewActivity: +120ms
08-03 22:04:01.716 21465 21575 I art     : Starting a blocking GC Explicit
08-03 22:04:01.747 21465 21575 I art     : Explicit concurrent mark sweep GC freed 3462(234KB) AllocSpace objects, 1(20KB) LOS objects, 36% free, 27MB/43MB, paused 831us total 29.928ms
08-03 22:04:01.755 21465 21575 I art     : Starting a blocking GC Explicit
08-03 22:04:01.772 21465 21491 D HttpDownloader: Download was successful
08-03 22:04:01.772   918  3961 D WifiService: releaseWifiLockLocked: WifiLock{Downloader type=1 binder=android.os.BinderProxy@a355d04}
08-03 22:04:01.773 21465 21465 D OnlineFeedViewActivity: Parsing feed
08-03 22:04:01.777 21465 22704 D TypeGetter: Recognized type RSS 2.0
08-03 22:04:01.779 21465 21575 I art     : Explicit concurrent mark sweep GC freed 432(64KB) AllocSpace objects, 1(20KB) LOS objects, 36% free, 27MB/43MB, paused 841us total 23.539ms
08-03 22:04:01.781 21465 22704 D SyndHandler: Recognized Atom namespace
08-03 22:04:01.781 21465 22704 D SyndHandler: Recognized ITunes namespace
08-03 22:04:01.781 21465 22704 D SyndHandler: Recognized media namespace
08-03 22:04:01.781 21465 22704 D SyndHandler: Recognized Content namespace
08-03 22:04:01.788 21465 21575 I art     : Starting a blocking GC Explicit
08-03 22:04:01.814 21465 21575 I art     : Explicit concurrent mark sweep GC freed 1794(193KB) AllocSpace objects, 2(40KB) LOS objects, 36% free, 27MB/43MB, paused 1.032ms total 25.532ms
08-03 22:04:01.823 21465 21575 I art     : Starting a blocking GC Explicit
08-03 22:04:01.850 21465 21575 I art     : Explicit concurrent mark sweep GC freed 2583(135KB) AllocSpace objects, 0(0B) LOS objects, 36% free, 27MB/43MB, paused 1.643ms total 26.423ms
08-03 22:04:01.859 21465 21575 I art     : Starting a blocking GC Explicit
08-03 22:04:01.878   512  2967 D audio_hw_primary: disable_audio_route: reset and update mixer path: low-latency-playback speaker
08-03 22:04:01.880   512  2967 D audio_hw_primary: disable_snd_device: snd_device(2: speaker)
08-03 22:04:01.887 21465 21575 I art     : Explicit concurrent mark sweep GC freed 2629(129KB) AllocSpace objects, 0(0B) LOS objects, 36% free, 27MB/43MB, paused 998us total 28.139ms
08-03 22:04:01.888   512  2967 I soundtrigger: audio_extn_sound_trigger_update_device_status: device 0x2 of type 0 for Event 0
08-03 22:04:01.947   380   380 W SurfaceFlinger: couldn't log to binary event log: overflow.
08-03 22:04:02.031   518   646 I ThermalEngine: ACTION: GPU - Setting GPU[0] to 450000000
08-03 22:04:02.067 21465 21465 D PlaybackController: Releasing PlaybackController
08-03 22:04:02.187 21465 21477 I art     : Starting a blocking GC Explicit
08-03 22:04:02.229 21465 21477 I art     : Explicit concurrent mark sweep GC freed 21789(1177KB) AllocSpace objects, 1(20KB) LOS objects, 35% free, 28MB/44MB, paused 1.415ms total 41.483ms
08-03 22:04:02.242 21465 21477 I art     : Starting a blocking GC Explicit
08-03 22:04:02.277 21465 21477 I art     : Explicit concurrent mark sweep GC freed 5402(255KB) AllocSpace objects, 0(0B) LOS objects, 36% free, 28MB/44MB, paused 1.335ms total 34.806ms
08-03 22:04:02.289 21465 21477 I art     : Starting a blocking GC Explicit
08-03 22:04:02.321 21465 21477 I art     : Explicit concurrent mark sweep GC freed 6046(298KB) AllocSpace objects, 0(0B) LOS objects, 36% free, 28MB/44MB, paused 1.311ms total 32.574ms
08-03 22:04:02.333 21465 21477 I art     : Starting a blocking GC Explicit
08-03 22:04:02.367 21465 21477 I art     : Explicit concurrent mark sweep GC freed 2671(135KB) AllocSpace objects, 0(0B) LOS objects, 36% free, 28MB/44MB, paused 1.477ms total 33.972ms
08-03 22:04:02.379 21465 21477 I art     : Starting a blocking GC Explicit
08-03 22:04:02.413 21465 21477 I art     : Explicit concurrent mark sweep GC freed 2671(136KB) AllocSpace objects, 0(0B) LOS objects, 36% free, 28MB/44MB, paused 1.360ms total 33.620ms
08-03 22:04:02.718 21465 21803 I art     : Starting a blocking GC Explicit
08-03 22:04:02.762 21465 21803 I art     : Explicit concurrent mark sweep GC freed 20180(1065KB) AllocSpace objects, 1(20KB) LOS objects, 35% free, 29MB/45MB, paused 1.491ms total 43.232ms
08-03 22:04:02.775 21465 21803 I art     : Starting a blocking GC Explicit
08-03 22:04:02.811 21465 21803 I art     : Explicit concurrent mark sweep GC freed 7728(371KB) AllocSpace objects, 0(0B) LOS objects, 35% free, 28MB/44MB, paused 1.394ms total 36.348ms
08-03 22:04:02.823 21465 21803 I art     : Starting a blocking GC Explicit
08-03 22:04:02.858 21465 21803 I art     : Explicit concurrent mark sweep GC freed 3253(159KB) AllocSpace objects, 0(0B) LOS objects, 35% free, 28MB/44MB, paused 1.361ms total 34.827ms
08-03 22:04:02.871 21465 21803 I art     : Starting a blocking GC Explicit
08-03 22:04:02.907 21465 21803 I art     : Explicit concurrent mark sweep GC freed 2977(149KB) AllocSpace objects, 0(0B) LOS objects, 35% free, 28MB/44MB, paused 1.531ms total 36.015ms
08-03 22:04:02.919 21465 21803 I art     : Starting a blocking GC Explicit
08-03 22:04:02.956 21465 21803 I art     : Explicit concurrent mark sweep GC freed 2896(157KB) AllocSpace objects, 0(0B) LOS objects, 35% free, 28MB/44MB, paused 1.281ms total 36.527ms
08-03 22:04:03.298 21465 21477 I art     : Starting a blocking GC Explicit
08-03 22:04:03.345 21465 21477 I art     : Explicit concurrent mark sweep GC freed 21876(1184KB) AllocSpace objects, 1(20KB) LOS objects, 35% free, 29MB/45MB, paused 1.462ms total 45.987ms
08-03 22:04:03.359 21465 21477 I art     : Starting a blocking GC Explicit
08-03 22:04:03.396 21465 21477 I art     : Explicit concurrent mark sweep GC freed 8614(410KB) AllocSpace objects, 0(0B) LOS objects, 35% free, 29MB/45MB, paused 1.420ms total 36.199ms
08-03 22:04:03.409 21465 21477 I art     : Starting a blocking GC Explicit
08-03 22:04:03.446 21465 21477 I art     : Explicit concurrent mark sweep GC freed 3347(172KB) AllocSpace objects, 0(0B) LOS objects, 35% free, 29MB/45MB, paused 1.381ms total 37.550ms
08-03 22:04:03.459 21465 21477 I art     : Starting a blocking GC Explicit
08-03 22:04:03.497 21465 21477 I art     : Explicit concurrent mark sweep GC freed 2922(161KB) AllocSpace objects, 0(0B) LOS objects, 35% free, 29MB/45MB, paused 1.407ms total 37.544ms
08-03 22:04:03.511 21465 21477 I art     : Starting a blocking GC Explicit
08-03 22:04:03.550 21465 21477 I art     : Explicit concurrent mark sweep GC freed 3094(163KB) AllocSpace objects, 0(0B) LOS objects, 35% free, 29MB/45MB, paused 1.385ms total 39.248ms
08-03 22:04:03.903 21465 21477 I art     : Starting a blocking GC Explicit
08-03 22:04:03.951 21465 21477 I art     : Explicit concurrent mark sweep GC freed 22601(1248KB) AllocSpace objects, 1(20KB) LOS objects, 34% free, 30MB/46MB, paused 1.450ms total 47.909ms
08-03 22:04:03.965 21465 21477 I art     : Starting a blocking GC Explicit
08-03 22:04:04.006 21465 21477 I art     : Explicit concurrent mark sweep GC freed 6829(331KB) AllocSpace objects, 0(0B) LOS objects, 34% free, 30MB/46MB, paused 1.367ms total 39.893ms
08-03 22:04:04.019 21465 21477 I art     : Starting a blocking GC Explicit
08-03 22:04:04.058 21465 21477 I art     : Explicit concurrent mark sweep GC freed 5961(298KB) AllocSpace objects, 0(0B) LOS objects, 34% free, 30MB/46MB, paused 1.447ms total 38.792ms
08-03 22:04:04.071 21465 21477 I art     : Starting a blocking GC Explicit
08-03 22:04:04.111 21465 21477 I art     : Explicit concurrent mark sweep GC freed 3232(160KB) AllocSpace objects, 0(0B) LOS objects, 34% free, 30MB/46MB, paused 1.460ms total 39.436ms
08-03 22:04:04.124 21465 21477 I art     : Starting a blocking GC Explicit
08-03 22:04:04.166 21465 21477 I art     : Explicit concurrent mark sweep GC freed 3150(159KB) AllocSpace objects, 0(0B) LOS objects, 34% free, 30MB/46MB, paused 1.331ms total 41.255ms
08-03 22:04:04.485 21465 21803 I art     : Starting a blocking GC Explicit
08-03 22:04:04.536 21465 21803 I art     : Explicit concurrent mark sweep GC freed 21307(1095KB) AllocSpace objects, 1(20KB) LOS objects, 34% free, 30MB/46MB, paused 1.632ms total 50.192ms
08-03 22:04:04.551 21465 21803 I art     : Starting a blocking GC Explicit
08-03 22:04:04.594 21465 21803 I art     : Explicit concurrent mark sweep GC freed 7447(327KB) AllocSpace objects, 0(0B) LOS objects, 34% free, 30MB/46MB, paused 1.588ms total 42.749ms
08-03 22:04:04.608 21465 21803 I art     : Starting a blocking GC Explicit
08-03 22:04:04.649 21465 21803 I art     : Explicit concurrent mark sweep GC freed 5121(231KB) AllocSpace objects, 0(0B) LOS objects, 34% free, 30MB/46MB, paused 1.410ms total 40.727ms
08-03 22:04:04.662 21465 21803 I art     : Starting a blocking GC Explicit
08-03 22:04:04.704 21465 21803 I art     : Explicit concurrent mark sweep GC freed 3392(145KB) AllocSpace objects, 0(0B) LOS objects, 34% free, 30MB/46MB, paused 1.623ms total 41.953ms
08-03 22:04:04.718 21465 21803 I art     : Starting a blocking GC Explicit
08-03 22:04:04.761 21465 21803 I art     : Explicit concurrent mark sweep GC freed 3447(151KB) AllocSpace objects, 0(0B) LOS objects, 34% free, 30MB/46MB, paused 1.535ms total 43.108ms
08-03 22:04:04.918 21465 22704 D OnlineFeedViewActivity: Deleted feed source file. Result: true
08-03 22:04:04.936 21465 21465 D OnlineFeedViewActivity: Removing HTML from shownotes
08-03 22:04:05.082 21465 21477 I art     : Waiting for a blocking GC Explicit
08-03 22:04:05.125 21465 21477 I art     : WaitForGcToComplete blocked for 43.513ms for cause Explicit
08-03 22:04:05.126 21465 21477 I art     : Starting a blocking GC Explicit
08-03 22:04:05.199 21465 21477 I art     : Explicit concurrent mark sweep GC freed 51382(4MB) AllocSpace objects, 223(14MB) LOS objects, 32% free, 32MB/48MB, paused 1.483ms total 72.894ms
08-03 22:04:05.214 21465 21477 I art     : Starting a blocking GC Explicit
08-03 22:04:05.264 21465 21477 I art     : Explicit concurrent mark sweep GC freed 42973(3MB) AllocSpace objects, 194(12MB) LOS objects, 33% free, 32MB/48MB, paused 1.368ms total 50.551ms
08-03 22:04:05.280 21465 21477 I art     : Starting a blocking GC Explicit
08-03 22:04:05.330 21465 21477 I art     : Explicit concurrent mark sweep GC freed 42550(3MB) AllocSpace objects, 187(12MB) LOS objects, 33% free, 32MB/48MB, paused 1.384ms total 49.757ms
08-03 22:04:05.345 21465 21477 I art     : Starting a blocking GC Explicit
08-03 22:04:05.400 21465 21477 I art     : Explicit concurrent mark sweep GC freed 43773(3MB) AllocSpace objects, 204(13MB) LOS objects, 33% free, 32MB/48MB, paused 1.550ms total 53.976ms
08-03 22:04:05.415 21465 21477 I art     : Starting a blocking GC Explicit
08-03 22:04:05.471 21465 21477 I art     : Explicit concurrent mark sweep GC freed 43708(4MB) AllocSpace objects, 291(19MB) LOS objects, 32% free, 33MB/49MB, paused 1.503ms total 55.939ms
08-03 22:04:05.499 21465 22398 D ApOkHttpUrlLoader: buildLoadData() called with: model = [http://static.libsyn.com/p/assets/7/1/f/3/71f3014e14ef2722/JREiTunesImage2.jpg], width = [350], height = [350]
08-03 22:04:05.500 21465 21465 I Choreographer: Skipped 33 frames!  The application may be doing too much work on its main thread.
08-03 22:04:05.502 21465 22211 D DBReader: getImageAuthentication() called with: imageUrl = [http://static.libsyn.com/p/assets/7/1/f/3/71f3014e14ef2722/JREiTunesImage2.jpg]
08-03 22:04:05.503 21465 22211 D ApOkHttpUrlLoader: no credentials for 'http://static.libsyn.com/p/assets/7/1/f/3/71f3014e14ef2722/JREiTunesImage2.jpg'
08-03 22:04:05.644 21465 22211 D MYTAG   : interceptor 2a
08-03 22:04:05.644 21465 22211 I NAPPA_EXPERIMENTATION: MetricNetworkRequestExecutionTime: REQUEST_DURATION_SYSTEM='140',REQUEST_DURATION_OKHTTP='63',REQUEST_SYNCHRONOUS='TRUE',RESPONSE_CODE='200',RESPONSE_METHOD='GET',RESPONSE_LENGTH_OKHTTP='402832',RESPONSE_LENGTH_HEADER='402832',REQUEST_PROTOCOL='http/1.1',REQUEST_URL='http://static.libsyn.com/p/assets/7/1/f/3/71f3014e14ef2722/JREiTunesImage2.jpg',
08-03 22:04:05.756 21465 21477 I art     : Starting a blocking GC Explicit
08-03 22:04:05.806 21465 21477 I art     : Explicit concurrent mark sweep GC freed 16646(1578KB) AllocSpace objects, 81(5MB) LOS objects, 33% free, 31MB/47MB, paused 1.136ms total 49.774ms
08-03 22:04:05.821 21465 21477 I art     : Starting a blocking GC Explicit
08-03 22:04:05.864 21465 21477 I art     : Explicit concurrent mark sweep GC freed 696(40KB) AllocSpace objects, 1(112KB) LOS objects, 33% free, 31MB/47MB, paused 1.045ms total 42.914ms
08-03 22:04:05.879 21465 21477 I art     : Starting a blocking GC Explicit
08-03 22:04:05.923 21465 21477 I art     : Explicit concurrent mark sweep GC freed 9(288B) AllocSpace objects, 0(0B) LOS objects, 33% free, 31MB/47MB, paused 1.075ms total 43.543ms
08-03 22:04:05.937 21465 21477 I art     : Starting a blocking GC Explicit
08-03 22:04:05.984 21465 21477 I art     : Explicit concurrent mark sweep GC freed 3(96B) AllocSpace objects, 0(0B) LOS objects, 33% free, 31MB/47MB, paused 1.112ms total 46.026ms
08-03 22:04:05.999 21465 21477 I art     : Starting a blocking GC Explicit
08-03 22:04:06.037 22766 22766 D AndroidRuntime: >>>>>> START com.android.internal.os.RuntimeInit uid 2000 <<<<<<
08-03 22:04:06.043 22766 22766 D AndroidRuntime: CheckJNI is OFF
08-03 22:04:06.046 21465 21477 I art     : Explicit concurrent mark sweep GC freed 32(880B) AllocSpace objects, 0(0B) LOS objects, 33% free, 31MB/47MB, paused 1.208ms total 47.144ms
08-03 22:04:06.088 22766 22766 D ICU     : No timezone override file found: /data/misc/zoneinfo/current/icu/icu_tzdata.dat
08-03 22:04:06.134 22766 22766 I Radio-JNI: register_android_hardware_Radio DONE
08-03 22:04:06.164 22766 22766 D AndroidRuntime: Calling main entry com.android.commands.input.Input
08-03 22:04:06.167 22766 22766 I Input   : injectMotionEvent: MotionEvent { action=ACTION_DOWN, actionButton=0, id[0]=0, x[0]=693.0, y[0]=821.0, toolType[0]=TOOL_TYPE_UNKNOWN, buttonState=0, metaState=0, flags=0x0, edgeFlags=0x0, pointerCount=1, historySize=0, eventTime=655462579, downTime=655462579, deviceId=0, source=0x1002 }
08-03 22:04:06.172 22766 22766 I Input   : injectMotionEvent: MotionEvent { action=ACTION_UP, actionButton=0, id[0]=0, x[0]=693.0, y[0]=821.0, toolType[0]=TOOL_TYPE_UNKNOWN, buttonState=0, metaState=0, flags=0x0, edgeFlags=0x0, pointerCount=1, historySize=0, eventTime=655462579, downTime=655462579, deviceId=0, source=0x1002 }
08-03 22:04:06.175 22766 22766 D AndroidRuntime: Shutting down VM
08-03 22:04:06.188 21465 21465 D UserPreferences: Using default data folder
08-03 22:04:06.189 21465 21465 D DownloadRequester: partiallyDownloadedFileExists: false
08-03 22:04:06.189 21465 21465 D DownloadRequester: /storage/emulated/0/Android/data/baseline.de.danoeh.antennapod.debug/files/cache/feed-The Joe Rogan Experience is available as a download destination
08-03 22:04:06.189 21465 21465 D DownloadRequester: Requesting download of url http://joeroganexp.joerogan.libsynpro.com/rss
08-03 22:04:06.190   512  2967 D audio_hw_primary: out_set_parameters: enter: usecase(1: low-latency-playback) kvpairs: routing=2
08-03 22:04:06.197 21465 21465 D DownloadService: Service started
08-03 22:04:06.199 21465 21465 D DownloadService: parallel downloads: 4
08-03 22:04:06.201 21465 22791 D downloadCompletionThd: downloadCompletionThread was started
08-03 22:04:06.203 21465 21465 D DownloadService: Notification set up
08-03 22:04:06.205   512  2967 D audio_hw_primary: select_devices: out_snd_device(2: speaker) in_snd_device(0: none)
08-03 22:04:06.205   512  2967 D msm8974_platform: platform_send_audio_calibration: sending audio calibration for snd_device(2) acdb_id(15)
08-03 22:04:06.206   512  2967 I soundtrigger: audio_extn_sound_trigger_update_device_status: device 0x2 of type 0 for Event 1
08-03 22:04:06.208 21465 21465 D DownloadService: Received enqueue request
08-03 22:04:06.209 21465 21465 D OnlineFeedViewActivity: onEventMainThread() called with: event = [DownloadEvent{update=DownloaderUpdate{downloaders=[baseline.de.danoeh.antennapod.core.service.download.HttpDownloader@5386099], feedIds=[0], mediaIds=[]}}]
08-03 22:04:06.209 21465 21465 D DownloadService: 1 downloads left
08-03 22:04:06.209 21465 21465 D DownloadService: Setting up notification updater
08-03 22:04:06.210   918  4400 D WifiService: acquireWifiLockLocked: WifiLock{Downloader type=1 binder=android.os.BinderProxy@9e26207}
08-03 22:04:06.212 21465 22793 D AntennapodHttpClient: Creating new instance of HTTP client
08-03 22:04:06.224   512  2967 D audio_hw_primary: enable_snd_device: snd_device(2: speaker)
08-03 22:04:06.228   512  2967 D audio_hw_primary: enable_audio_route: apply and update mixer path: low-latency-playback speaker
08-03 22:04:06.266   918 13198 D NetlinkSocketObserver: NeighborEvent{elapsedMs=1638850141, 192.168.2.254, [7C3953A63323], RTM_NEWNEIGH, NUD_STALE}
08-03 22:04:06.350 21465 21575 I art     : Starting a blocking GC Explicit
08-03 22:04:06.395 21465 21575 I art     : Explicit concurrent mark sweep GC freed 2472(138KB) AllocSpace objects, 1(20KB) LOS objects, 33% free, 31MB/47MB, paused 1.294ms total 44.883ms
08-03 22:04:06.410 21465 21575 I art     : Starting a blocking GC Explicit
08-03 22:04:06.442 21465 22793 D MYTAG   : interceptor 3a http://joeroganexp.joerogan.libsynpro.com/rss
08-03 22:04:06.443 21465 22793 I NAPPA_EXPERIMENTATION: MetricNetworkRequestExecutionTime: REQUEST_DURATION_SYSTEM='230',REQUEST_DURATION_OKHTTP='41',REQUEST_SYNCHRONOUS='TRUE',RESPONSE_CODE='200',RESPONSE_METHOD='GET',RESPONSE_LENGTH_OKHTTP='-1',RESPONSE_LENGTH_HEADER='307892',REQUEST_PROTOCOL='http/1.1',REQUEST_URL='http://joeroganexp.joerogan.libsynpro.com/rss',
08-03 22:04:06.443 21465 22793 D HttpDownloader: Response code is 200
08-03 22:04:06.443 21465 22793 D UserPreferences: Using default data folder
08-03 22:04:06.445 21465 22793 D HttpDownloader: Getting size of download
08-03 22:04:06.445 21465 22793 D HttpDownloader: Size is -1
08-03 22:04:06.445 21465 22793 D UserPreferences: Using default data folder
08-03 22:04:06.445 21465 22793 D HttpDownloader: Free space is 20796411904
08-03 22:04:06.446 21465 22793 D HttpDownloader: Starting download
08-03 22:04:06.451 21465 21575 I art     : Explicit concurrent mark sweep GC freed 222(18KB) AllocSpace objects, 0(0B) LOS objects, 33% free, 31MB/47MB, paused 1.137ms total 40.981ms
08-03 22:04:06.465 21465 21575 I art     : Starting a blocking GC Explicit
08-03 22:04:06.506 21465 21575 I art     : Explicit concurrent mark sweep GC freed 27(976B) AllocSpace objects, 0(0B) LOS objects, 33% free, 31MB/47MB, paused 1.244ms total 40.432ms
08-03 22:04:06.520 21465 21575 I art     : Starting a blocking GC Explicit
08-03 22:04:06.560 21465 21575 I art     : Explicit concurrent mark sweep GC freed 6(192B) AllocSpace objects, 0(0B) LOS objects, 33% free, 31MB/47MB, paused 1.085ms total 40.331ms
08-03 22:04:06.574 21465 21575 I art     : Starting a blocking GC Explicit
08-03 22:04:06.596 21465 22793 D HttpDownloader: Download was successful
08-03 22:04:06.596   918  3714 D WifiService: releaseWifiLockLocked: WifiLock{Downloader type=1 binder=android.os.BinderProxy@9e26207}
08-03 22:04:06.597 21465 22791 D downloadCompletionThd: Received 'Download Complete' - message.
08-03 22:04:06.597 21465 22791 D DownloadService: Handling completed Feed Download
08-03 22:04:06.597 21465 21465 D DownloadService: Removing downloader: http://joeroganexp.joerogan.libsynpro.com/rss
08-03 22:04:06.597 21465 21465 D DownloadService: Result of downloads.remove: true
08-03 22:04:06.597 21465 21465 D OnlineFeedViewActivity: onEventMainThread() called with: event = [DownloadEvent{update=DownloaderUpdate{downloaders=[], feedIds=[], mediaIds=[]}}]
08-03 22:04:06.607 21465 22804 D TypeGetter: Recognized type RSS 2.0
08-03 22:04:06.608 24365 25567 I NetworkScheduler.Stats: Task com.google.android.gms/com.google.android.gms.icing.service.IcingGcmTaskService started execution. cause:4 exec_start_elapsed_seconds: 1638850 [CONTEXT service_id=218 ]
08-03 22:04:06.610 21465 22804 D SyndHandler: Recognized Atom namespace
08-03 22:04:06.610 21465 22804 D SyndHandler: Recognized ITunes namespace
08-03 22:04:06.610 21465 22804 D SyndHandler: Recognized media namespace
08-03 22:04:06.610 21465 22804 D SyndHandler: Recognized Content namespace
08-03 22:04:06.615 21465 21575 I art     : Explicit concurrent mark sweep GC freed 285(127KB) AllocSpace objects, 3(60KB) LOS objects, 33% free, 31MB/47MB, paused 1.190ms total 40.408ms
08-03 22:04:06.616 24365 31829 I NetworkScheduler.Stats: Task com.google.android.gms/com.google.android.gms.icing.service.IcingGcmTaskService finished executing. cause:4 result: 1 elapsed_millis: 33 uptime_millis: 33 exec_start_elapsed_seconds: 1638850 [CONTEXT service_id=218 ]
08-03 22:04:06.770   512  2967 D audio_hw_primary: disable_audio_route: reset and update mixer path: low-latency-playback speaker
08-03 22:04:06.771   512  2967 D audio_hw_primary: disable_snd_device: snd_device(2: speaker)
08-03 22:04:06.778   512  2967 I soundtrigger: audio_extn_sound_trigger_update_device_status: device 0x2 of type 0 for Event 0
08-03 22:04:06.913 21465 21575 I art     : Starting a blocking GC Explicit
08-03 22:04:06.967 21465 21575 I art     : Explicit concurrent mark sweep GC freed 19041(1057KB) AllocSpace objects, 1(20KB) LOS objects, 33% free, 32MB/48MB, paused 1.574ms total 53.394ms
08-03 22:04:06.982 21465 21575 I art     : Starting a blocking GC Explicit
08-03 22:04:07.027 21465 21575 I art     : Explicit concurrent mark sweep GC freed 8382(403KB) AllocSpace objects, 0(0B) LOS objects, 33% free, 31MB/47MB, paused 1.470ms total 44.819ms
08-03 22:04:07.041 21465 21575 I art     : Starting a blocking GC Explicit
08-03 22:04:07.086 21465 21575 I art     : Explicit concurrent mark sweep GC freed 3621(185KB) AllocSpace objects, 0(0B) LOS objects, 33% free, 31MB/47MB, paused 1.503ms total 44.571ms
08-03 22:04:07.101 21465 21575 I art     : Starting a blocking GC Explicit
08-03 22:04:07.148 21465 21575 I art     : Explicit concurrent mark sweep GC freed 3567(181KB) AllocSpace objects, 0(0B) LOS objects, 33% free, 32MB/48MB, paused 1.494ms total 47.232ms
08-03 22:04:07.163 21465 21575 I art     : Starting a blocking GC Explicit
08-03 22:04:07.208 21465 21575 I art     : Explicit concurrent mark sweep GC freed 3545(180KB) AllocSpace objects, 0(0B) LOS objects, 33% free, 32MB/48MB, paused 1.411ms total 45.239ms
08-03 22:04:07.525 21465 21477 I art     : Starting a blocking GC Explicit
08-03 22:04:07.587 21465 21477 I art     : Explicit concurrent mark sweep GC freed 21206(1122KB) AllocSpace objects, 1(20KB) LOS objects, 32% free, 32MB/48MB, paused 1.537ms total 61.561ms
08-03 22:04:07.603 21465 21477 I art     : Starting a blocking GC Explicit
08-03 22:04:07.650 21465 21477 I art     : Explicit concurrent mark sweep GC freed 8994(427KB) AllocSpace objects, 0(0B) LOS objects, 32% free, 32MB/48MB, paused 1.696ms total 47.039ms
08-03 22:04:07.665 21465 21477 I art     : Starting a blocking GC Explicit
08-03 22:04:07.712 21465 21477 I art     : Explicit concurrent mark sweep GC freed 3711(197KB) AllocSpace objects, 0(0B) LOS objects, 32% free, 32MB/48MB, paused 1.414ms total 46.934ms
08-03 22:04:07.727 21465 21477 I art     : Starting a blocking GC Explicit
08-03 22:04:07.778 21465 21477 I art     : Explicit concurrent mark sweep GC freed 3787(189KB) AllocSpace objects, 0(0B) LOS objects, 32% free, 32MB/48MB, paused 1.646ms total 50.683ms
08-03 22:04:07.794 21465 21477 I art     : Starting a blocking GC Explicit
08-03 22:04:07.846 21465 21477 I art     : Explicit concurrent mark sweep GC freed 3920(202KB) AllocSpace objects, 0(0B) LOS objects, 32% free, 32MB/48MB, paused 1.698ms total 51.415ms
08-03 22:04:08.100 21465 21465 D OnlineFeedViewActivity: onEventMainThread() called with: event = [DownloadEvent{update=DownloaderUpdate{downloaders=[], feedIds=[], mediaIds=[]}}]
08-03 22:04:08.163 21465 21575 I art     : Starting a blocking GC Explicit
08-03 22:04:08.223 21465 21575 I art     : Explicit concurrent mark sweep GC freed 20958(1144KB) AllocSpace objects, 1(20KB) LOS objects, 32% free, 33MB/49MB, paused 1.765ms total 60.373ms
08-03 22:04:08.240 21465 21575 I art     : Starting a blocking GC Explicit
08-03 22:04:08.292 21465 21575 I art     : Explicit concurrent mark sweep GC freed 9341(442KB) AllocSpace objects, 0(0B) LOS objects, 32% free, 33MB/49MB, paused 1.624ms total 51.722ms
08-03 22:04:08.308 21465 21575 I art     : Starting a blocking GC Explicit
08-03 22:04:08.360 21465 21575 I art     : Explicit concurrent mark sweep GC freed 3943(208KB) AllocSpace objects, 0(0B) LOS objects, 32% free, 33MB/49MB, paused 1.645ms total 51.906ms
08-03 22:04:08.376 21465 21575 I art     : Starting a blocking GC Explicit
08-03 22:04:08.431 21465 21575 I art     : Explicit concurrent mark sweep GC freed 3952(210KB) AllocSpace objects, 0(0B) LOS objects, 32% free, 33MB/49MB, paused 1.666ms total 55.076ms
08-03 22:04:08.448 21465 21575 I art     : Starting a blocking GC Explicit
08-03 22:04:08.505 21465 21575 I art     : Explicit concurrent mark sweep GC freed 4125(220KB) AllocSpace objects, 0(0B) LOS objects, 32% free, 33MB/49MB, paused 1.774ms total 57.479ms
08-03 22:04:08.854 21465 21803 I art     : Starting a blocking GC Explicit
08-03 22:04:08.921 21465 21803 I art     : Explicit concurrent mark sweep GC freed 22364(1234KB) AllocSpace objects, 1(20KB) LOS objects, 32% free, 33MB/49MB, paused 1.777ms total 65.866ms
08-03 22:04:08.938 21465 21803 I art     : Starting a blocking GC Explicit
08-03 22:04:08.989 21465 21803 I art     : Explicit concurrent mark sweep GC freed 9998(484KB) AllocSpace objects, 0(0B) LOS objects, 32% free, 33MB/49MB, paused 1.754ms total 50.980ms
08-03 22:04:09.004 21465 21803 I art     : Starting a blocking GC Explicit
08-03 22:04:09.058 21465 21803 I art     : Explicit concurrent mark sweep GC freed 4200(216KB) AllocSpace objects, 0(0B) LOS objects, 32% free, 33MB/49MB, paused 1.806ms total 53.459ms
08-03 22:04:09.074 21465 21803 I art     : Starting a blocking GC Explicit
08-03 22:04:09.133 21465 21803 I art     : Explicit concurrent mark sweep GC freed 4304(220KB) AllocSpace objects, 0(0B) LOS objects, 32% free, 33MB/49MB, paused 1.894ms total 58.844ms
08-03 22:04:09.151 21465 21803 I art     : Starting a blocking GC Explicit
08-03 22:04:09.208 21465 21803 I art     : Explicit concurrent mark sweep GC freed 4177(215KB) AllocSpace objects, 0(0B) LOS objects, 32% free, 33MB/49MB, paused 1.904ms total 57.414ms
08-03 22:04:09.537 21465 21477 I art     : Starting a blocking GC Explicit
08-03 22:04:09.604 21465 21465 D OnlineFeedViewActivity: onEventMainThread() called with: event = [DownloadEvent{update=DownloaderUpdate{downloaders=[], feedIds=[], mediaIds=[]}}]
08-03 22:04:09.614 21465 21477 I art     : Explicit concurrent mark sweep GC freed 22067(1092KB) AllocSpace objects, 1(20KB) LOS objects, 31% free, 34MB/50MB, paused 1.892ms total 75.904ms
08-03 22:04:09.633 21465 21477 I art     : Starting a blocking GC Explicit
08-03 22:04:09.692 21465 21477 I art     : Explicit concurrent mark sweep GC freed 4964(221KB) AllocSpace objects, 0(0B) LOS objects, 31% free, 34MB/50MB, paused 1.863ms total 58.779ms
08-03 22:04:09.709 21465 21477 I art     : Starting a blocking GC Explicit
08-03 22:04:09.769 21465 21477 I art     : Explicit concurrent mark sweep GC freed 9439(421KB) AllocSpace objects, 0(0B) LOS objects, 31% free, 34MB/50MB, paused 1.843ms total 59.250ms
08-03 22:04:09.785 21465 21477 I art     : Starting a blocking GC Explicit
08-03 22:04:09.847 21465 21477 I art     : Explicit concurrent mark sweep GC freed 4433(205KB) AllocSpace objects, 0(0B) LOS objects, 31% free, 34MB/50MB, paused 1.887ms total 61.350ms
08-03 22:04:09.865 21465 21477 I art     : Starting a blocking GC Explicit
08-03 22:04:09.924 21465 21477 I art     : Explicit concurrent mark sweep GC freed 4421(209KB) AllocSpace objects, 0(0B) LOS objects, 31% free, 34MB/50MB, paused 1.775ms total 58.554ms
08-03 22:04:09.954 21465 22804 D FeedSyncThread: The Joe Rogan Experience parsed
08-03 22:04:09.961 21465 22804 D FeedSyncThread: Deletion of file '/storage/emulated/0/Android/data/baseline.de.danoeh.antennapod.debug/files/cache/feed-The Joe Rogan Experience' successful
08-03 22:04:09.961 21465 22804 D DBReader: getFeedDownloadLog() called with: feed = [baseline.de.danoeh.antennapod.core.feed.Feed@0]
08-03 22:04:09.962 21465 22792 D FeedSyncThread: Bundling 1 feeds
08-03 22:04:09.963 21465 22857 D DBReader: Extracting Feedlist
08-03 22:04:09.965 21465 22857 D DBTasks : Found no existing Feed with title The Joe Rogan Experience. Adding as new one.
08-03 22:04:09.970 21465 22533 D PodDBAdapter: Setting feed with flattr status The Joe Rogan Experience: 0
08-03 22:04:09.970 21465 22533 D baseline.de.danoeh.antennapod.core.storage.PodDBAdapter@fa08c9: Inserting new Feed into db
08-03 22:04:10.244 21465 21575 I art     : Starting a blocking GC Explicit
08-03 22:04:10.317 21465 21575 I art     : Explicit concurrent mark sweep GC freed 91650(6MB) AllocSpace objects, 1(20KB) LOS objects, 31% free, 34MB/50MB, paused 1.425ms total 72.955ms
08-03 22:04:10.335 21465 21575 I art     : Starting a blocking GC Explicit
08-03 22:04:10.394 21465 21575 I art     : Explicit concurrent mark sweep GC freed 23742(1761KB) AllocSpace objects, 0(0B) LOS objects, 31% free, 34MB/50MB, paused 1.471ms total 58.583ms
08-03 22:04:10.412 21465 21575 I art     : Starting a blocking GC Explicit
08-03 22:04:10.466 21465 21575 I art     : Explicit concurrent mark sweep GC freed 12303(924KB) AllocSpace objects, 0(0B) LOS objects, 31% free, 34MB/50MB, paused 1.292ms total 54.122ms
08-03 22:04:10.483 21465 21575 I art     : Starting a blocking GC Explicit
08-03 22:04:10.500 21465 21465 D EventDistributor: Processing event queue. Number of events: 1
08-03 22:04:10.501 21465 21465 D EventDistributor: Notifying observers. Data: 1
08-03 22:04:10.501 21465 21465 D DownloadService: 0 downloads left
08-03 22:04:10.501 21465 22011 D DBReader: Extracting Feedlist
08-03 22:04:10.501 21465 21465 D DownloadService: Number of downloads is 0, attempting shutdown
08-03 22:04:10.502 21465 21465 D DownloadService: Service shutting down
08-03 22:04:10.502 21465 21465 D DownloadService: No report is created
08-03 22:04:10.502 21465 21465 D OnlineFeedViewActivity: onEventMainThread() called with: event = [DownloadEvent{update=DownloaderUpdate{downloaders=[], feedIds=[], mediaIds=[]}}]
08-03 22:04:10.504 21465 21465 D DownloadService: NotificationUpdater cancelled. Result: false
08-03 22:04:10.504 21465 22791 E downloadCompletionThd: DownloadCompletionThread was interrupted
08-03 22:04:10.504 21465 21465 D DBTasks : autodownloadUndownloadedItems
08-03 22:04:10.508 21465 22534 D NetworkUtils: Device is connected to Wi-Fi
08-03 22:04:10.508 21465 22534 D NetworkUtils: Auto-dl filter is disabled
08-03 22:04:10.535 21465 21575 I art     : Explicit concurrent mark sweep GC freed 302(36KB) AllocSpace objects, 1(20KB) LOS objects, 31% free, 34MB/50MB, paused 1.207ms total 51.463ms
08-03 22:04:10.551 21465 21575 I art     : Starting a blocking GC Explicit
08-03 22:04:10.596 21465 21575 I art     : Explicit concurrent mark sweep GC freed 30470(3MB) AllocSpace objects, 0(0B) LOS objects, 33% free, 31MB/47MB, paused 1.143ms total 45.298ms
08-03 22:04:10.927 22868 22868 D AndroidRuntime: >>>>>> START com.android.internal.os.RuntimeInit uid 2000 <<<<<<
08-03 22:04:10.934 22868 22868 D AndroidRuntime: CheckJNI is OFF
08-03 22:04:10.936 21465 21477 I art     : Starting a blocking GC Explicit
08-03 22:04:10.981 22868 22868 D ICU     : No timezone override file found: /data/misc/zoneinfo/current/icu/icu_tzdata.dat
08-03 22:04:10.985 21465 21477 I art     : Explicit concurrent mark sweep GC freed 1384(82KB) AllocSpace objects, 1(20KB) LOS objects, 33% free, 31MB/47MB, paused 1.251ms total 49.210ms
08-03 22:04:11.001 21465 21477 I art     : Starting a blocking GC Explicit
08-03 22:04:11.025 22868 22868 I Radio-JNI: register_android_hardware_Radio DONE
08-03 22:04:11.049 21465 21477 I art     : Explicit concurrent mark sweep GC freed 52(1536B) AllocSpace objects, 0(0B) LOS objects, 33% free, 31MB/47MB, paused 1.264ms total 47.591ms
08-03 22:04:11.056 22868 22868 D AndroidRuntime: Calling main entry com.android.commands.input.Input
08-03 22:04:11.058 22868 22868 I Input   : injectKeyEvent: KeyEvent { action=ACTION_DOWN, keyCode=KEYCODE_BACK, scanCode=0, metaState=0, flags=0x0, repeatCount=0, eventTime=655467471, downTime=655467471, deviceId=-1, source=0x101 }
08-03 22:04:11.063 21465 21477 I art     : Starting a blocking GC Explicit
08-03 22:04:11.063 22868 22868 I Input   : injectKeyEvent: KeyEvent { action=ACTION_UP, keyCode=KEYCODE_BACK, scanCode=0, metaState=0, flags=0x0, repeatCount=0, eventTime=655467471, downTime=655467471, deviceId=-1, source=0x101 }
08-03 22:04:11.069 22868 22868 D AndroidRuntime: Shutting down VM
08-03 22:04:11.075 21465 21465 V PlaybackController: initServiceNotRunning()
08-03 22:04:11.076 21465 21465 D ExternalPlayerFragment: Loading media info
08-03 22:04:11.082 21465 21465 D UserPreferences: Using default data folder
08-03 22:04:11.082 21465 22011 D DBReader: getNavDrawerData() called with: 
08-03 22:04:11.098 21465 22011 D DBReader: getDownloadedItems() called
08-03 22:04:11.099 21465 22011 D DBReader: getFavoriteIDList() called
08-03 22:04:11.100 21465 22011 D DBReader: getQueueIDList() called
08-03 22:04:11.100 21465 22011 D DBReader: Extracting Feedlist
08-03 22:04:11.105 21465 21477 I art     : Explicit concurrent mark sweep GC freed 647(53KB) AllocSpace objects, 0(0B) LOS objects, 33% free, 31MB/47MB, paused 1.255ms total 41.953ms
08-03 22:04:11.111 13866 13866 I GoogleInputMethodServic: GoogleInputMethodService.onFinishInput():3138 
08-03 22:04:11.111 21465 21465 D MainActivity: getLastNavFragment() -> AddFeedFragment
08-03 22:04:11.112 13866 13866 I GoogleInputMethodServic: GoogleInputMethodService.onStartInput():1808 
08-03 22:04:11.117 21465 22398 D ApOkHttpUrlLoader: buildLoadData() called with: model = [http://static.libsyn.com/p/assets/7/1/f/3/71f3014e14ef2722/JREiTunesImage2.jpg], width = [140], height = [140]
08-03 22:04:11.120 21465 21477 I art     : Starting a blocking GC Explicit
08-03 22:04:11.158 21465 22398 D ApOkHttpUrlLoader: buildLoadData() called with: model = [http://static.libsyn.com/p/assets/7/1/f/3/71f3014e14ef2722/JREiTunesImage2.jpg], width = [140], height = [140]
08-03 22:04:11.164 21465 21477 I art     : Explicit concurrent mark sweep GC freed 785(51KB) AllocSpace objects, 0(0B) LOS objects, 33% free, 31MB/47MB, paused 1.420ms total 43.579ms
08-03 22:04:11.179 21465 21477 I art     : Starting a blocking GC Explicit
08-03 22:04:11.220 21465 21477 I art     : Explicit concurrent mark sweep GC freed 534(25KB) AllocSpace objects, 0(0B) LOS objects, 33% free, 31MB/47MB, paused 1.157ms total 40.420ms
08-03 22:04:11.424   380   380 W SurfaceFlinger: couldn't log to binary event log: overflow.
08-03 22:04:11.519 21465 21478 I art     : Starting a blocking GC Explicit
08-03 22:04:11.569 21465 21478 I art     : Explicit concurrent mark sweep GC freed 2046(109KB) AllocSpace objects, 1(20KB) LOS objects, 33% free, 31MB/47MB, paused 1.236ms total 49.334ms
08-03 22:04:11.584 21465 21478 I art     : Starting a blocking GC Explicit
08-03 22:04:11.623 21465 21478 I art     : Explicit concurrent mark sweep GC freed 33337(3MB) AllocSpace objects, 2(248KB) LOS objects, 36% free, 28MB/44MB, paused 1.240ms total 39.005ms
08-03 22:04:11.634 21465 21478 I art     : Starting a blocking GC Explicit
08-03 22:04:11.668 21465 21478 I art     : Explicit concurrent mark sweep GC freed 3(96B) AllocSpace objects, 0(0B) LOS objects, 36% free, 28MB/44MB, paused 1.218ms total 33.679ms
08-03 22:04:11.680 21465 21478 I art     : Starting a blocking GC Explicit
08-03 22:04:11.714 21465 21478 I art     : Explicit concurrent mark sweep GC freed 3(96B) AllocSpace objects, 0(0B) LOS objects, 36% free, 28MB/44MB, paused 1.138ms total 33.854ms
08-03 22:04:11.726 21465 21478 I art     : Starting a blocking GC Explicit
08-03 22:04:11.761 21465 21478 I art     : Explicit concurrent mark sweep GC freed 3(96B) AllocSpace objects, 0(0B) LOS objects, 36% free, 28MB/44MB, paused 1.144ms total 34.703ms
08-03 22:04:12.073 21465 21575 I art     : Starting a blocking GC Explicit
08-03 22:04:12.114 21465 21575 I art     : Explicit concurrent mark sweep GC freed 1399(83KB) AllocSpace objects, 1(20KB) LOS objects, 36% free, 28MB/44MB, paused 1.161ms total 40.661ms
08-03 22:04:12.126 21465 21575 I art     : Starting a blocking GC Explicit
08-03 22:04:12.161 21465 21575 I art     : Explicit concurrent mark sweep GC freed 23(752B) AllocSpace objects, 0(0B) LOS objects, 36% free, 28MB/44MB, paused 1.177ms total 34.282ms
08-03 22:04:12.173 21465 21575 I art     : Starting a blocking GC Explicit
08-03 22:04:12.207 21465 21575 I art     : Explicit concurrent mark sweep GC freed 3(96B) AllocSpace objects, 0(0B) LOS objects, 36% free, 28MB/44MB, paused 1.096ms total 33.685ms
08-03 22:04:12.218 21465 21575 I art     : Starting a blocking GC Explicit
08-03 22:04:12.253 21465 21575 I art     : Explicit concurrent mark sweep GC freed 3(96B) AllocSpace objects, 0(0B) LOS objects, 36% free, 28MB/44MB, paused 1.174ms total 34.216ms
08-03 22:04:12.265 21465 21575 I art     : Starting a blocking GC Explicit
08-03 22:04:12.299 21465 21575 I art     : Explicit concurrent mark sweep GC freed 3(96B) AllocSpace objects, 0(0B) LOS objects, 36% free, 28MB/44MB, paused 1.121ms total 34.273ms
08-03 22:04:12.600 21465 21803 I art     : Starting a blocking GC Explicit
08-03 22:04:12.640 21465 21803 I art     : Explicit concurrent mark sweep GC freed 1370(80KB) AllocSpace objects, 1(20KB) LOS objects, 36% free, 28MB/44MB, paused 1.286ms total 39.756ms
08-03 22:04:12.656 21465 21803 I art     : Starting a blocking GC Explicit
08-03 22:04:12.691 21465 21803 I art     : Explicit concurrent mark sweep GC freed 23(752B) AllocSpace objects, 0(0B) LOS objects, 36% free, 28MB/44MB, paused 1.172ms total 34.854ms
08-03 22:04:12.703 21465 21803 I art     : Starting a blocking GC Explicit
08-03 22:04:12.745 21465 21803 I art     : Explicit concurrent mark sweep GC freed 5(160B) AllocSpace objects, 0(0B) LOS objects, 36% free, 28MB/44MB, paused 1.418ms total 41.370ms
08-03 22:04:12.759 21465 21803 I art     : Starting a blocking GC Explicit
08-03 22:04:12.794 21465 21803 I art     : Explicit concurrent mark sweep GC freed 9(288B) AllocSpace objects, 0(0B) LOS objects, 36% free, 28MB/44MB, paused 1.178ms total 35.353ms
08-03 22:04:12.806 21465 21803 I art     : Starting a blocking GC Explicit
08-03 22:04:12.839 21465 21803 I art     : Explicit concurrent mark sweep GC freed 9(288B) AllocSpace objects, 0(0B) LOS objects, 36% free, 28MB/44MB, paused 1.221ms total 32.821ms
08-03 22:04:12.864 22911 22911 D AndroidRuntime: >>>>>> START com.android.internal.os.RuntimeInit uid 2000 <<<<<<
08-03 22:04:12.870 22911 22911 D AndroidRuntime: CheckJNI is OFF
08-03 22:04:12.911 22911 22911 D ICU     : No timezone override file found: /data/misc/zoneinfo/current/icu/icu_tzdata.dat
08-03 22:04:12.956 22911 22911 I Radio-JNI: register_android_hardware_Radio DONE
08-03 22:04:12.985 22911 22911 D AndroidRuntime: Calling main entry com.android.commands.input.Input
08-03 22:04:12.988 22911 22911 I Input   : injectMotionEvent: MotionEvent { action=ACTION_DOWN, actionButton=0, id[0]=0, x[0]=639.0, y[0]=762.0, toolType[0]=TOOL_TYPE_UNKNOWN, buttonState=0, metaState=0, flags=0x0, edgeFlags=0x0, pointerCount=1, historySize=0, eventTime=655469400, downTime=655469400, deviceId=0, source=0x1002 }
08-03 22:04:12.996 22911 22911 I Input   : injectMotionEvent: MotionEvent { action=ACTION_UP, actionButton=0, id[0]=0, x[0]=639.0, y[0]=762.0, toolType[0]=TOOL_TYPE_UNKNOWN, buttonState=0, metaState=0, flags=0x0, edgeFlags=0x0, pointerCount=1, historySize=0, eventTime=655469400, downTime=655469400, deviceId=0, source=0x1002 }
08-03 22:04:13.000 22911 22911 D AndroidRuntime: Shutting down VM
08-03 22:04:13.066   512  2967 D audio_hw_primary: out_set_parameters: enter: usecase(1: low-latency-playback) kvpairs: routing=2
08-03 22:04:13.079   512  2967 D audio_hw_primary: select_devices: out_snd_device(2: speaker) in_snd_device(0: none)
08-03 22:04:13.080   512  2967 D msm8974_platform: platform_send_audio_calibration: sending audio calibration for snd_device(2) acdb_id(15)
08-03 22:04:13.080   512  2967 I soundtrigger: audio_extn_sound_trigger_update_device_status: device 0x2 of type 0 for Event 1
08-03 22:04:13.083 13866 13866 I GoogleInputMethodServic: GoogleInputMethodService.onFinishInput():3138 
08-03 22:04:13.084 13866 13866 I GoogleInputMethodServic: GoogleInputMethodService.onStartInput():1808 
08-03 22:04:13.089   512  2967 D audio_hw_primary: enable_snd_device: snd_device(2: speaker)
08-03 22:04:13.092   512  2967 D audio_hw_primary: enable_audio_route: apply and update mixer path: low-latency-playback speaker
08-03 22:04:13.155 21465 21477 I art     : Starting a blocking GC Explicit
08-03 22:04:13.190 21465 21477 I art     : Explicit concurrent mark sweep GC freed 1877(104KB) AllocSpace objects, 1(20KB) LOS objects, 36% free, 28MB/44MB, paused 1.267ms total 34.403ms
08-03 22:04:13.202 21465 21477 I art     : Starting a blocking GC Explicit
08-03 22:04:13.234 21465 21477 I art     : Explicit concurrent mark sweep GC freed 56(2048B) AllocSpace objects, 0(0B) LOS objects, 36% free, 28MB/44MB, paused 1.196ms total 32.027ms
08-03 22:04:13.245 21465 21477 I art     : Starting a blocking GC Explicit
08-03 22:04:13.278 21465 21477 I art     : Explicit concurrent mark sweep GC freed 15(544B) AllocSpace objects, 0(0B) LOS objects, 36% free, 28MB/44MB, paused 1.241ms total 32.184ms
08-03 22:04:13.289 21465 21477 I art     : Starting a blocking GC Explicit
08-03 22:04:13.300 21465 21491 I NAPPA_EXPERIMENTATION: MetricNetworkRequestExecutionTime: REQUEST_DURATION_SYSTEM='234',REQUEST_DURATION_OKHTTP='233',REQUEST_SYNCHRONOUS='TRUE',RESPONSE_CODE='200',RESPONSE_METHOD='GET',RESPONSE_LENGTH_OKHTTP='-1',RESPONSE_LENGTH_HEADER='622',REQUEST_PROTOCOL='h2',REQUEST_URL='https://itunes.apple.com/lookup?id=360084272',
08-03 22:04:13.322 21465 21477 I art     : Explicit concurrent mark sweep GC freed 401(38KB) AllocSpace objects, 0(0B) LOS objects, 36% free, 28MB/44MB, paused 1.181ms total 32.551ms
08-03 22:04:13.328   918   928 I ActivityManager: START u0 {cmp=baseline.de.danoeh.antennapod.debug/baseline.de.danoeh.antennapod.activity.OnlineFeedViewActivity (has extras)} from uid 10633 on display 0
08-03 22:04:13.333 21465 21477 I art     : Starting a blocking GC Explicit
08-03 22:04:13.355 13866 13866 I GoogleInputMethodServic: GoogleInputMethodService.onFinishInput():3138 
08-03 22:04:13.356 13866 13866 I GoogleInputMethodServic: GoogleInputMethodService.onStartInput():1808 
08-03 22:04:13.368 21465 21477 I art     : Explicit concurrent mark sweep GC freed 385(16KB) AllocSpace objects, 0(0B) LOS objects, 36% free, 28MB/44MB, paused 1.814ms total 34.581ms
08-03 22:04:13.379 21465 21465 D UserPreferences: Using default data folder
08-03 22:04:13.380 21465 21465 D OnlineFeedViewActivity: Activity was started with url http://joeroganexp.joerogan.libsynpro.com/rss
08-03 22:04:13.384 21465 21465 D OnlineFeedViewActivity: Starting feed download
08-03 22:04:13.388 21465 21485 D DBReader: Extracting Feedlist
08-03 22:04:13.391   918   928 D WifiService: acquireWifiLockLocked: WifiLock{Downloader type=1 binder=android.os.BinderProxy@1883bd0}
08-03 22:04:13.392 21465 21485 D AntennapodHttpClient: Creating new instance of HTTP client
08-03 22:04:13.438 21465 21485 D MYTAG   : interceptor 3a http://joeroganexp.joerogan.libsynpro.com/rss
08-03 22:04:13.439 21465 21485 I NAPPA_EXPERIMENTATION: MetricNetworkRequestExecutionTime: REQUEST_DURATION_SYSTEM='46',REQUEST_DURATION_OKHTTP='40',REQUEST_SYNCHRONOUS='TRUE',RESPONSE_CODE='200',RESPONSE_METHOD='GET',RESPONSE_LENGTH_OKHTTP='-1',RESPONSE_LENGTH_HEADER='307892',REQUEST_PROTOCOL='http/1.1',REQUEST_URL='http://joeroganexp.joerogan.libsynpro.com/rss',
08-03 22:04:13.439 21465 21485 D HttpDownloader: Response code is 200
08-03 22:04:13.439 21465 21485 D UserPreferences: Using default data folder
08-03 22:04:13.440 13866 13866 I GoogleInputMethodServic: GoogleInputMethodService.onFinishInput():3138 
08-03 22:04:13.441 13866 13866 I GoogleInputMethodServic: GoogleInputMethodService.onStartInput():1808 
08-03 22:04:13.441 21465 21485 D HttpDownloader: Getting size of download
08-03 22:04:13.441 21465 21485 D HttpDownloader: Size is -1
08-03 22:04:13.441 21465 21485 D UserPreferences: Using default data folder
08-03 22:04:13.441 21465 21485 D HttpDownloader: Free space is 20795183104
08-03 22:04:13.441 21465 21485 D HttpDownloader: Starting download
08-03 22:04:13.463   918   936 I ActivityManager: Displayed baseline.de.danoeh.antennapod.debug/baseline.de.danoeh.antennapod.activity.OnlineFeedViewActivity: +111ms
08-03 22:04:13.501 21465 21486 D OpenGLRenderer: endAllStagingAnimators on 0x7f7ef55800 (GridView) with handle 0x7f7c7632e0
08-03 22:04:13.574 21465 21485 D HttpDownloader: Download was successful
08-03 22:04:13.575   918  3961 D WifiService: releaseWifiLockLocked: WifiLock{Downloader type=1 binder=android.os.BinderProxy@1883bd0}
08-03 22:04:13.575 21465 21465 D OnlineFeedViewActivity: Parsing feed
08-03 22:04:13.580 21465 22955 D TypeGetter: Recognized type RSS 2.0
08-03 22:04:13.583 21465 22955 D SyndHandler: Recognized Atom namespace
08-03 22:04:13.583 21465 22955 D SyndHandler: Recognized ITunes namespace
08-03 22:04:13.583 21465 22955 D SyndHandler: Recognized media namespace
08-03 22:04:13.583 21465 22955 D SyndHandler: Recognized Content namespace
08-03 22:04:13.640   512  2967 D audio_hw_primary: disable_audio_route: reset and update mixer path: low-latency-playback speaker
08-03 22:04:13.641   512  2967 D audio_hw_primary: disable_snd_device: snd_device(2: speaker)
08-03 22:04:13.650   512  2967 I soundtrigger: audio_extn_sound_trigger_update_device_status: device 0x2 of type 0 for Event 0
08-03 22:04:13.664 21465 21478 I art     : Starting a blocking GC Explicit
08-03 22:04:13.710   380   380 W SurfaceFlinger: couldn't log to binary event log: overflow.
08-03 22:04:13.716 21465 21478 I art     : Explicit concurrent mark sweep GC freed 8563(630KB) AllocSpace objects, 4(80KB) LOS objects, 35% free, 28MB/44MB, paused 1.766ms total 50.925ms
08-03 22:04:13.730 21465 21478 I art     : Starting a blocking GC Explicit
08-03 22:04:13.763 21465 21478 I art     : Explicit concurrent mark sweep GC freed 4256(212KB) AllocSpace objects, 0(0B) LOS objects, 35% free, 28MB/44MB, paused 1.366ms total 32.093ms
08-03 22:04:13.774 21465 21478 I art     : Starting a blocking GC Explicit
08-03 22:04:13.806 21465 21478 I art     : Explicit concurrent mark sweep GC freed 2632(137KB) AllocSpace objects, 0(0B) LOS objects, 35% free, 28MB/44MB, paused 1.354ms total 32.608ms
08-03 22:04:13.818 21465 21478 I art     : Starting a blocking GC Explicit
08-03 22:04:13.830 21465 21465 D PlaybackController: Releasing PlaybackController
08-03 22:04:13.852 21465 21478 I art     : Explicit concurrent mark sweep GC freed 2891(144KB) AllocSpace objects, 0(0B) LOS objects, 35% free, 28MB/44MB, paused 1.375ms total 33.872ms
08-03 22:04:13.863 21465 21478 I art     : Starting a blocking GC Explicit
08-03 22:04:13.897 21465 21478 I art     : Explicit concurrent mark sweep GC freed 2688(139KB) AllocSpace objects, 0(0B) LOS objects, 35% free, 28MB/44MB, paused 1.561ms total 33.580ms
08-03 22:04:14.201 21465 21575 I art     : Starting a blocking GC Explicit
08-03 22:04:14.244 21465 21575 I art     : Explicit concurrent mark sweep GC freed 19867(1070KB) AllocSpace objects, 1(20KB) LOS objects, 35% free, 29MB/45MB, paused 1.614ms total 42.226ms
08-03 22:04:14.257 21465 21575 I art     : Starting a blocking GC Explicit
08-03 22:04:14.292 21465 21575 I art     : Explicit concurrent mark sweep GC freed 7334(345KB) AllocSpace objects, 0(0B) LOS objects, 35% free, 29MB/45MB, paused 1.490ms total 35.604ms
08-03 22:04:14.304 21465 21575 I art     : Starting a blocking GC Explicit
08-03 22:04:14.339 21465 21575 I art     : Explicit concurrent mark sweep GC freed 2853(143KB) AllocSpace objects, 0(0B) LOS objects, 35% free, 29MB/45MB, paused 1.470ms total 34.743ms
08-03 22:04:14.351 21465 21575 I art     : Starting a blocking GC Explicit
08-03 22:04:14.386 21465 21575 I art     : Explicit concurrent mark sweep GC freed 2746(145KB) AllocSpace objects, 0(0B) LOS objects, 35% free, 29MB/45MB, paused 1.538ms total 34.813ms
08-03 22:04:14.397 21465 21575 I art     : Starting a blocking GC Explicit
08-03 22:04:14.433 21465 21575 I art     : Explicit concurrent mark sweep GC freed 2705(134KB) AllocSpace objects, 0(0B) LOS objects, 35% free, 29MB/45MB, paused 1.416ms total 35.384ms
08-03 22:04:14.748 21465 21477 I art     : Starting a blocking GC Explicit
08-03 22:04:14.795 21465 21477 I art     : Explicit concurrent mark sweep GC freed 20540(1081KB) AllocSpace objects, 1(20KB) LOS objects, 34% free, 29MB/45MB, paused 1.761ms total 46.692ms
08-03 22:04:14.809 21465 21477 I art     : Starting a blocking GC Explicit
08-03 22:04:14.847 21465 21477 I art     : Explicit concurrent mark sweep GC freed 5201(254KB) AllocSpace objects, 0(0B) LOS objects, 35% free, 29MB/45MB, paused 2.600ms total 37.877ms
08-03 22:04:14.860 21465 21477 I art     : Starting a blocking GC Explicit
08-03 22:04:14.896 21465 21477 I art     : Explicit concurrent mark sweep GC freed 5151(255KB) AllocSpace objects, 0(0B) LOS objects, 35% free, 29MB/45MB, paused 1.438ms total 35.740ms
08-03 22:04:14.909 21465 21477 I art     : Starting a blocking GC Explicit
08-03 22:04:14.946 21465 21477 I art     : Explicit concurrent mark sweep GC freed 2839(147KB) AllocSpace objects, 0(0B) LOS objects, 35% free, 29MB/45MB, paused 1.524ms total 36.670ms
08-03 22:04:14.958 21465 21477 I art     : Starting a blocking GC Explicit
08-03 22:04:14.996 21465 21477 I art     : Explicit concurrent mark sweep GC freed 3030(169KB) AllocSpace objects, 0(0B) LOS objects, 34% free, 29MB/45MB, paused 1.527ms total 37.116ms
08-03 22:04:15.341 21465 21477 I art     : Starting a blocking GC Explicit
08-03 22:04:15.390 21465 21477 I art     : Explicit concurrent mark sweep GC freed 21946(1181KB) AllocSpace objects, 1(20KB) LOS objects, 34% free, 30MB/46MB, paused 1.551ms total 49.228ms
08-03 22:04:15.404 21465 21477 I art     : Starting a blocking GC Explicit
08-03 22:04:15.444 21465 21477 I art     : Explicit concurrent mark sweep GC freed 8587(418KB) AllocSpace objects, 0(0B) LOS objects, 34% free, 30MB/46MB, paused 1.618ms total 38.932ms
08-03 22:04:15.456 21465 21477 I art     : Starting a blocking GC Explicit
08-03 22:04:15.495 21465 21477 I art     : Explicit concurrent mark sweep GC freed 3732(193KB) AllocSpace objects, 0(0B) LOS objects, 34% free, 30MB/46MB, paused 1.543ms total 38.393ms
08-03 22:04:15.508 21465 21477 I art     : Starting a blocking GC Explicit
08-03 22:04:15.547 21465 21477 I art     : Explicit concurrent mark sweep GC freed 3166(167KB) AllocSpace objects, 0(0B) LOS objects, 34% free, 30MB/46MB, paused 1.534ms total 39.306ms
08-03 22:04:15.560 21465 21477 I art     : Starting a blocking GC Explicit
08-03 22:04:15.601 21465 21477 I art     : Explicit concurrent mark sweep GC freed 3134(166KB) AllocSpace objects, 0(0B) LOS objects, 34% free, 30MB/46MB, paused 1.658ms total 40.327ms
08-03 22:04:15.944 21465 21575 I art     : Starting a blocking GC Explicit
08-03 22:04:15.997 21465 21575 I art     : Explicit concurrent mark sweep GC freed 21982(1207KB) AllocSpace objects, 1(20KB) LOS objects, 34% free, 31MB/47MB, paused 1.594ms total 52.497ms
08-03 22:04:15.997 21465 21476 I art     : WaitForGcToComplete blocked for 9.433ms for cause HeapTrim
08-03 22:04:16.012 21465 21575 I art     : Starting a blocking GC Explicit
08-03 22:04:16.056 21465 21575 I art     : Explicit concurrent mark sweep GC freed 3986(196KB) AllocSpace objects, 0(0B) LOS objects, 34% free, 31MB/47MB, paused 1.802ms total 43.885ms
08-03 22:04:16.070 21465 21575 I art     : Starting a blocking GC Explicit
08-03 22:04:16.111 21465 21575 I art     : Explicit concurrent mark sweep GC freed 8855(420KB) AllocSpace objects, 0(0B) LOS objects, 34% free, 30MB/46MB, paused 1.516ms total 40.441ms
08-03 22:04:16.124 21465 21575 I art     : Starting a blocking GC Explicit
08-03 22:04:16.167 21465 21575 I art     : Explicit concurrent mark sweep GC freed 3217(168KB) AllocSpace objects, 0(0B) LOS objects, 34% free, 30MB/46MB, paused 1.802ms total 42.550ms
08-03 22:04:16.180 21465 21575 I art     : Starting a blocking GC Explicit
08-03 22:04:16.223 21465 21575 I art     : Explicit concurrent mark sweep GC freed 3196(163KB) AllocSpace objects, 0(0B) LOS objects, 34% free, 30MB/46MB, paused 1.585ms total 42.965ms
08-03 22:04:16.537 21465 21575 I art     : Starting a blocking GC Explicit
08-03 22:04:16.591 21465 21575 I art     : Explicit concurrent mark sweep GC freed 20815(1012KB) AllocSpace objects, 1(20KB) LOS objects, 33% free, 31MB/47MB, paused 1.680ms total 53.562ms
08-03 22:04:16.606 21465 21575 I art     : Starting a blocking GC Explicit
08-03 22:04:16.652 21465 21575 I art     : Explicit concurrent mark sweep GC freed 5478(239KB) AllocSpace objects, 0(0B) LOS objects, 33% free, 31MB/47MB, paused 1.730ms total 45.207ms
08-03 22:04:16.666 21465 21575 I art     : Starting a blocking GC Explicit
08-03 22:04:16.708 21465 21575 I art     : Explicit concurrent mark sweep GC freed 7069(316KB) AllocSpace objects, 0(0B) LOS objects, 33% free, 31MB/47MB, paused 1.550ms total 42.721ms
08-03 22:04:16.722 21465 21575 I art     : Starting a blocking GC Explicit
08-03 22:04:16.766 21465 21575 I art     : Explicit concurrent mark sweep GC freed 3518(163KB) AllocSpace objects, 0(0B) LOS objects, 33% free, 31MB/47MB, paused 1.560ms total 44.194ms
08-03 22:04:16.780 21465 21575 I art     : Starting a blocking GC Explicit
08-03 22:04:16.824 21465 21575 I art     : Explicit concurrent mark sweep GC freed 3386(162KB) AllocSpace objects, 0(0B) LOS objects, 33% free, 31MB/47MB, paused 1.624ms total 43.961ms
08-03 22:04:16.882 21465 22955 D OnlineFeedViewActivity: Deleted feed source file. Result: true
08-03 22:04:16.900 21465 21465 D OnlineFeedViewActivity: Removing HTML from shownotes
08-03 22:04:17.126 21465 21478 I art     : Starting a blocking GC Explicit
08-03 22:04:17.178 21465 21478 I art     : Explicit concurrent mark sweep GC freed 40257(3MB) AllocSpace objects, 173(11MB) LOS objects, 32% free, 33MB/49MB, paused 1.589ms total 52.325ms
08-03 22:04:17.193 21465 21478 I art     : Starting a blocking GC Explicit
08-03 22:04:17.245 21465 21478 I art     : Explicit concurrent mark sweep GC freed 42869(3MB) AllocSpace objects, 197(13MB) LOS objects, 32% free, 33MB/49MB, paused 1.570ms total 51.774ms
08-03 22:04:17.260 21465 21478 I art     : Starting a blocking GC Explicit
08-03 22:04:17.317 21465 21478 I art     : Explicit concurrent mark sweep GC freed 41479(3MB) AllocSpace objects, 179(11MB) LOS objects, 33% free, 32MB/48MB, paused 1.622ms total 56.709ms
08-03 22:04:17.332 21465 21478 I art     : Starting a blocking GC Explicit
08-03 22:04:17.383 21465 21478 I art     : Explicit concurrent mark sweep GC freed 47441(3MB) AllocSpace objects, 219(14MB) LOS objects, 32% free, 33MB/49MB, paused 1.474ms total 51.397ms
08-03 22:04:17.398 21465 21478 I art     : Starting a blocking GC Explicit
08-03 22:04:17.449 21465 21478 I art     : Explicit concurrent mark sweep GC freed 48296(5MB) AllocSpace objects, 313(20MB) LOS objects, 31% free, 34MB/50MB, paused 1.442ms total 50.849ms
08-03 22:04:17.473 21465 21465 I Choreographer: Skipped 33 frames!  The application may be doing too much work on its main thread.
08-03 22:04:17.764 23027 23027 D AndroidRuntime: >>>>>> START com.android.internal.os.RuntimeInit uid 2000 <<<<<<
08-03 22:04:17.771 23027 23027 D AndroidRuntime: CheckJNI is OFF
08-03 22:04:17.774 21465 21478 I art     : Starting a blocking GC Explicit
08-03 22:04:17.818 23027 23027 D ICU     : No timezone override file found: /data/misc/zoneinfo/current/icu/icu_tzdata.dat
08-03 22:04:17.827 21465 21478 I art     : Explicit concurrent mark sweep GC freed 16120(1548KB) AllocSpace objects, 82(5MB) LOS objects, 33% free, 31MB/47MB, paused 1.308ms total 53.316ms
08-03 22:04:17.842 21465 21478 I art     : Starting a blocking GC Explicit
08-03 22:04:17.866 23027 23027 I Radio-JNI: register_android_hardware_Radio DONE
08-03 22:04:17.891 21465 21478 I art     : Explicit concurrent mark sweep GC freed 565(27KB) AllocSpace objects, 1(112KB) LOS objects, 33% free, 31MB/47MB, paused 1.277ms total 47.778ms
08-03 22:04:17.895 23027 23027 D AndroidRuntime: Calling main entry com.android.commands.input.Input
08-03 22:04:17.897 23027 23027 I Input   : injectKeyEvent: KeyEvent { action=ACTION_DOWN, keyCode=KEYCODE_BACK, scanCode=0, metaState=0, flags=0x0, repeatCount=0, eventTime=655474310, downTime=655474310, deviceId=-1, source=0x101 }
08-03 22:04:17.903 23027 23027 I Input   : injectKeyEvent: KeyEvent { action=ACTION_UP, keyCode=KEYCODE_BACK, scanCode=0, metaState=0, flags=0x0, repeatCount=0, eventTime=655474310, downTime=655474310, deviceId=-1, source=0x101 }
08-03 22:04:17.905 21465 21478 I art     : Starting a blocking GC Explicit
08-03 22:04:17.911 23027 23027 D AndroidRuntime: Shutting down VM
08-03 22:04:17.916 21465 21465 V PlaybackController: initServiceNotRunning()
08-03 22:04:17.917 21465 21465 D ExternalPlayerFragment: Loading media info
08-03 22:04:17.922 21465 21465 D UserPreferences: Using default data folder
08-03 22:04:17.923 21465 21485 D DBReader: getNavDrawerData() called with: 
08-03 22:04:17.935 21465 21485 D DBReader: getDownloadedItems() called
08-03 22:04:17.937 21465 21485 D DBReader: getFavoriteIDList() called
08-03 22:04:17.938 21465 21485 D DBReader: getQueueIDList() called
08-03 22:04:17.938 21465 21485 D DBReader: Extracting Feedlist
08-03 22:04:17.951 21465 21478 I art     : Explicit concurrent mark sweep GC freed 613(48KB) AllocSpace objects, 0(0B) LOS objects, 33% free, 31MB/47MB, paused 1.702ms total 45.564ms
08-03 22:04:17.958 21465 21465 D MainActivity: getLastNavFragment() -> AddFeedFragment
08-03 22:04:17.959 13866 13866 I GoogleInputMethodServic: GoogleInputMethodService.onFinishInput():3138 
08-03 22:04:17.960 13866 13866 I GoogleInputMethodServic: GoogleInputMethodService.onStartInput():1808 
08-03 22:04:17.965 21465 21478 I art     : Starting a blocking GC Explicit
08-03 22:04:18.008 21465 21478 I art     : Explicit concurrent mark sweep GC freed 806(37KB) AllocSpace objects, 0(0B) LOS objects, 33% free, 31MB/47MB, paused 1.375ms total 42.887ms
08-03 22:04:18.022 21465 21478 I art     : Starting a blocking GC Explicit
08-03 22:04:18.063 21465 21478 I art     : Explicit concurrent mark sweep GC freed 157(10KB) AllocSpace objects, 0(0B) LOS objects, 33% free, 31MB/47MB, paused 1.154ms total 40.781ms
08-03 22:04:18.265   380   380 W SurfaceFlinger: couldn't log to binary event log: overflow.
08-03 22:04:18.365 21465 21478 I art     : Starting a blocking GC Explicit
08-03 22:04:18.412 21465 21478 I art     : Explicit concurrent mark sweep GC freed 1967(105KB) AllocSpace objects, 1(20KB) LOS objects, 33% free, 31MB/47MB, paused 1.245ms total 46.253ms
08-03 22:04:18.427 21465 21478 I art     : Starting a blocking GC Explicit
08-03 22:04:18.475 21465 21478 I art     : Explicit concurrent mark sweep GC freed 37(1440B) AllocSpace objects, 0(0B) LOS objects, 33% free, 31MB/47MB, paused 1.224ms total 47.662ms
08-03 22:04:18.490 21465 21478 I art     : Starting a blocking GC Explicit
08-03 22:04:18.538 21465 21478 I art     : Explicit concurrent mark sweep GC freed 3(96B) AllocSpace objects, 0(0B) LOS objects, 33% free, 31MB/47MB, paused 1.312ms total 47.704ms
08-03 22:04:18.553 21465 21478 I art     : Starting a blocking GC Explicit
08-03 22:04:18.602 21465 21478 I art     : Explicit concurrent mark sweep GC freed 3(96B) AllocSpace objects, 0(0B) LOS objects, 33% free, 31MB/47MB, paused 1.292ms total 49.104ms
08-03 22:04:18.621 21465 21478 I art     : Starting a blocking GC Explicit
08-03 22:04:18.667 21465 21478 I art     : Explicit concurrent mark sweep GC freed 3(96B) AllocSpace objects, 0(0B) LOS objects, 33% free, 31MB/47MB, paused 1.277ms total 45.773ms
08-03 22:04:18.997 21465 21477 I art     : Starting a blocking GC Explicit
08-03 22:04:19.063 21465 21477 I art     : Explicit concurrent mark sweep GC freed 1400(83KB) AllocSpace objects, 1(20KB) LOS objects, 33% free, 31MB/47MB, paused 1.297ms total 64.836ms
08-03 22:04:19.082 21465 21477 I art     : Starting a blocking GC Explicit
08-03 22:04:19.129 21465 21477 I art     : Explicit concurrent mark sweep GC freed 126(6KB) AllocSpace objects, 0(0B) LOS objects, 33% free, 31MB/47MB, paused 1.142ms total 47.061ms
08-03 22:04:19.144 21465 21477 I art     : Starting a blocking GC Explicit
08-03 22:04:19.182 21465 21477 I art     : Explicit concurrent mark sweep GC freed 33148(3MB) AllocSpace objects, 1(28KB) LOS objects, 36% free, 28MB/44MB, paused 1.124ms total 37.588ms
08-03 22:04:19.193 21465 21477 I art     : Starting a blocking GC Explicit
08-03 22:04:19.224 21465 21477 I art     : Explicit concurrent mark sweep GC freed 3(96B) AllocSpace objects, 0(0B) LOS objects, 36% free, 28MB/44MB, paused 1.198ms total 30.460ms
08-03 22:04:19.235 21465 21477 I art     : Starting a blocking GC Explicit
08-03 22:04:19.268 21465 21477 I art     : Explicit concurrent mark sweep GC freed 3(96B) AllocSpace objects, 0(0B) LOS objects, 36% free, 28MB/44MB, paused 1.274ms total 32.569ms
08-03 22:04:19.573 21465 21575 I art     : Starting a blocking GC Explicit
08-03 22:04:19.630 21465 21575 I art     : Explicit concurrent mark sweep GC freed 1378(80KB) AllocSpace objects, 1(20KB) LOS objects, 36% free, 28MB/44MB, paused 1.917ms total 56.569ms
08-03 22:04:19.644 21465 21575 I art     : Starting a blocking GC Explicit
08-03 22:04:19.670 23071 23071 D AndroidRuntime: >>>>>> START com.android.internal.os.RuntimeInit uid 2000 <<<<<<
08-03 22:04:19.675 23071 23071 D AndroidRuntime: CheckJNI is OFF
08-03 22:04:19.678 21465 21575 I art     : Explicit concurrent mark sweep GC freed 29(944B) AllocSpace objects, 0(0B) LOS objects, 36% free, 28MB/44MB, paused 1.532ms total 33.348ms
08-03 22:04:19.690 21465 21575 I art     : Starting a blocking GC Explicit
08-03 22:04:19.717 23071 23071 D ICU     : No timezone override file found: /data/misc/zoneinfo/current/icu/icu_tzdata.dat
08-03 22:04:19.720 21465 21575 I art     : Explicit concurrent mark sweep GC freed 9(288B) AllocSpace objects, 0(0B) LOS objects, 36% free, 28MB/44MB, paused 1.159ms total 30.428ms
08-03 22:04:19.731 21465 21575 I art     : Starting a blocking GC Explicit
08-03 22:04:19.761 23071 23071 I Radio-JNI: register_android_hardware_Radio DONE
08-03 22:04:19.763 21465 21575 I art     : Explicit concurrent mark sweep GC freed 7(224B) AllocSpace objects, 0(0B) LOS objects, 36% free, 28MB/44MB, paused 1.246ms total 32.019ms
08-03 22:04:19.775 21465 21575 I art     : Starting a blocking GC Explicit
08-03 22:04:19.790 23071 23071 D AndroidRuntime: Calling main entry com.android.commands.input.Input
08-03 22:04:19.793 23071 23071 I Input   : injectMotionEvent: MotionEvent { action=ACTION_DOWN, actionButton=0, id[0]=0, x[0]=616.0, y[0]=469.0, toolType[0]=TOOL_TYPE_UNKNOWN, buttonState=0, metaState=0, flags=0x0, edgeFlags=0x0, pointerCount=1, historySize=0, eventTime=655476205, downTime=655476205, deviceId=0, source=0x1002 }
08-03 22:04:19.798 23071 23071 I Input   : injectMotionEvent: MotionEvent { action=ACTION_UP, actionButton=0, id[0]=0, x[0]=616.0, y[0]=469.0, toolType[0]=TOOL_TYPE_UNKNOWN, buttonState=0, metaState=0, flags=0x0, edgeFlags=0x0, pointerCount=1, historySize=0, eventTime=655476205, downTime=655476205, deviceId=0, source=0x1002 }
08-03 22:04:19.801 23071 23071 D AndroidRuntime: Shutting down VM
08-03 22:04:19.806 21465 21575 I art     : Explicit concurrent mark sweep GC freed 25(800B) AllocSpace objects, 0(0B) LOS objects, 36% free, 28MB/44MB, paused 1.250ms total 30.977ms
08-03 22:04:19.866   512  2967 D audio_hw_primary: out_set_parameters: enter: usecase(1: low-latency-playback) kvpairs: routing=2
08-03 22:04:19.875 13866 13866 I GoogleInputMethodServic: GoogleInputMethodService.onFinishInput():3138 
08-03 22:04:19.876 13866 13866 I GoogleInputMethodServic: GoogleInputMethodService.onStartInput():1808 
08-03 22:04:19.879   512  2967 D audio_hw_primary: select_devices: out_snd_device(2: speaker) in_snd_device(0: none)
08-03 22:04:19.880   512  2967 D msm8974_platform: platform_send_audio_calibration: sending audio calibration for snd_device(2) acdb_id(15)
08-03 22:04:19.881   512  2967 I soundtrigger: audio_extn_sound_trigger_update_device_status: device 0x2 of type 0 for Event 1
08-03 22:04:19.891   512  2967 D audio_hw_primary: enable_snd_device: snd_device(2: speaker)
08-03 22:04:19.893   512  2967 D audio_hw_primary: enable_audio_route: apply and update mixer path: low-latency-playback speaker
08-03 22:04:20.065 21465 21491 I NAPPA_EXPERIMENTATION: MetricNetworkRequestExecutionTime: REQUEST_DURATION_SYSTEM='196',REQUEST_DURATION_OKHTTP='195',REQUEST_SYNCHRONOUS='TRUE',RESPONSE_CODE='200',RESPONSE_METHOD='GET',RESPONSE_LENGTH_OKHTTP='-1',RESPONSE_LENGTH_HEADER='628',REQUEST_PROTOCOL='h2',REQUEST_URL='https://itunes.apple.com/lookup?id=1524080195',
08-03 22:04:20.085   918  3714 I ActivityManager: START u0 {cmp=baseline.de.danoeh.antennapod.debug/baseline.de.danoeh.antennapod.activity.OnlineFeedViewActivity (has extras)} from uid 10633 on display 0
08-03 22:04:20.095 21465 21477 I art     : Starting a blocking GC Explicit
08-03 22:04:20.109 13866 13866 I GoogleInputMethodServic: GoogleInputMethodService.onFinishInput():3138 
08-03 22:04:20.110 13866 13866 I GoogleInputMethodServic: GoogleInputMethodService.onStartInput():1808 
08-03 22:04:20.133 21465 21477 I art     : Explicit concurrent mark sweep GC freed 2621(156KB) AllocSpace objects, 1(20KB) LOS objects, 36% free, 28MB/44MB, paused 1.920ms total 38.079ms
08-03 22:04:20.136 21465 21465 D UserPreferences: Using default data folder
08-03 22:04:20.137 21465 21465 D OnlineFeedViewActivity: Activity was started with url https://rss.art19.com/nice-white-parents
08-03 22:04:20.140 21465 21465 D OnlineFeedViewActivity: Starting feed download
08-03 22:04:20.143 21465 22011 D DBReader: Extracting Feedlist
08-03 22:04:20.145 21465 21477 I art     : Starting a blocking GC Explicit
08-03 22:04:20.145   918  3714 D WifiService: acquireWifiLockLocked: WifiLock{Downloader type=1 binder=android.os.BinderProxy@29b7ffb}
08-03 22:04:20.152 21465 22011 D AntennapodHttpClient: Creating new instance of HTTP client
08-03 22:04:20.180 21465 21477 I art     : Explicit concurrent mark sweep GC freed 859(66KB) AllocSpace objects, 0(0B) LOS objects, 36% free, 28MB/44MB, paused 1.197ms total 35.047ms
08-03 22:04:20.192 21465 21477 I art     : Starting a blocking GC Explicit
08-03 22:04:20.193 14862 14862 I Atfwd_Sendcmd: AtCmdFwd service not ready - Exhausted retry attempts - :6
08-03 22:04:20.193 14862 14862 I Atfwd_Daemon: result : -1 	 ,Init step :2 	 ,qmiErrorCode: 0
08-03 22:04:20.196 13866 13866 I GoogleInputMethodServic: GoogleInputMethodService.onFinishInput():3138 
08-03 22:04:20.197 13866 13866 I GoogleInputMethodServic: GoogleInputMethodService.onStartInput():1808 
08-03 22:04:20.221   918   936 I ActivityManager: Displayed baseline.de.danoeh.antennapod.debug/baseline.de.danoeh.antennapod.activity.OnlineFeedViewActivity: +111ms
08-03 22:04:20.226 21465 21477 I art     : Explicit concurrent mark sweep GC freed 358(15KB) AllocSpace objects, 0(0B) LOS objects, 36% free, 28MB/44MB, paused 1.810ms total 34.429ms
08-03 22:04:20.238 21465 21477 I art     : Starting a blocking GC Explicit
08-03 22:04:20.271 21465 21477 I art     : Explicit concurrent mark sweep GC freed 39(1872B) AllocSpace objects, 0(0B) LOS objects, 36% free, 28MB/44MB, paused 1.162ms total 33.085ms
08-03 22:04:20.283 21465 21477 I art     : Starting a blocking GC Explicit
08-03 22:04:20.316 21465 21477 I art     : Explicit concurrent mark sweep GC freed 4654(220KB) AllocSpace objects, 2(120KB) LOS objects, 35% free, 28MB/44MB, paused 1.528ms total 33.393ms
08-03 22:04:20.429   512  2967 D audio_hw_primary: disable_audio_route: reset and update mixer path: low-latency-playback speaker
08-03 22:04:20.430   512  2967 D audio_hw_primary: disable_snd_device: snd_device(2: speaker)
08-03 22:04:20.441   512  2967 I soundtrigger: audio_extn_sound_trigger_update_device_status: device 0x2 of type 0 for Event 0
08-03 22:04:20.459 21465 22011 D MYTAG   : interceptor 3a https://rss.art19.com/nice-white-parents
08-03 22:04:20.460 21465 22011 I NAPPA_EXPERIMENTATION: MetricNetworkRequestExecutionTime: REQUEST_DURATION_SYSTEM='307',REQUEST_DURATION_OKHTTP='146',REQUEST_SYNCHRONOUS='TRUE',RESPONSE_CODE='200',RESPONSE_METHOD='GET',RESPONSE_LENGTH_OKHTTP='-1',RESPONSE_LENGTH_HEADER='1803',REQUEST_PROTOCOL='h2',REQUEST_URL='https://rss.art19.com/nice-white-parents',
08-03 22:04:20.460 21465 22011 D HttpDownloader: Response code is 200
08-03 22:04:20.460 21465 22011 D UserPreferences: Using default data folder
08-03 22:04:20.465 21465 22011 D HttpDownloader: Getting size of download
08-03 22:04:20.465 21465 22011 D HttpDownloader: Size is -1
08-03 22:04:20.465 21465 22011 D UserPreferences: Using default data folder
08-03 22:04:20.466 21465 22011 D HttpDownloader: Free space is 20795179008
08-03 22:04:20.466 21465 22011 D HttpDownloader: Starting download
08-03 22:04:20.469   380   380 W SurfaceFlinger: couldn't log to binary event log: overflow.
08-03 22:04:20.499 21465 22011 D HttpDownloader: Download was successful
08-03 22:04:20.500   918  3714 D WifiService: releaseWifiLockLocked: WifiLock{Downloader type=1 binder=android.os.BinderProxy@29b7ffb}
08-03 22:04:20.500 21465 21465 D OnlineFeedViewActivity: Parsing feed
08-03 22:04:20.503 21465 23113 D TypeGetter: Recognized type RSS 2.0
08-03 22:04:20.505 21465 23113 D SyndHandler: Recognized ITunes namespace
08-03 22:04:20.505 21465 23113 D SyndHandler: Recognized Atom namespace
08-03 22:04:20.505 21465 23113 D SyndHandler: Recognized Content namespace
08-03 22:04:20.510 21465 23113 D OnlineFeedViewActivity: Deleted feed source file. Result: true
08-03 22:04:20.511 21465 21465 D OnlineFeedViewActivity: Removing HTML from shownotes
08-03 22:04:20.588 21465 21465 D PlaybackController: Releasing PlaybackController
08-03 22:04:20.629 21465 21477 I art     : Starting a blocking GC Explicit
08-03 22:04:20.662 21465 21477 I art     : Explicit concurrent mark sweep GC freed 4748(498KB) AllocSpace objects, 6(228KB) LOS objects, 35% free, 28MB/44MB, paused 1.232ms total 32.970ms
08-03 22:04:20.673 21465 21477 I art     : Starting a blocking GC Explicit
08-03 22:04:20.707 21465 21477 I art     : Explicit concurrent mark sweep GC freed 663(32KB) AllocSpace objects, 1(112KB) LOS objects, 36% free, 28MB/44MB, paused 1.353ms total 33.995ms
08-03 22:04:20.719 21465 21477 I art     : Starting a blocking GC Explicit
08-03 22:04:20.754 21465 21477 I art     : Explicit concurrent mark sweep GC freed 3(96B) AllocSpace objects, 0(0B) LOS objects, 36% free, 28MB/44MB, paused 1.230ms total 34.530ms
08-03 22:04:20.766 21465 21477 I art     : Starting a blocking GC Explicit
08-03 22:04:20.801 21465 21477 I art     : Explicit concurrent mark sweep GC freed 3(96B) AllocSpace objects, 0(0B) LOS objects, 36% free, 28MB/44MB, paused 1.243ms total 34.777ms
08-03 22:04:20.813 21465 21477 I art     : Starting a blocking GC Explicit
08-03 22:04:20.849 21465 21477 I art     : Explicit concurrent mark sweep GC freed 3(96B) AllocSpace objects, 0(0B) LOS objects, 36% free, 28MB/44MB, paused 1.286ms total 35.641ms
08-03 22:04:21.156 21465 21478 I art     : Starting a blocking GC Explicit
08-03 22:04:21.200 21465 21478 I art     : Explicit concurrent mark sweep GC freed 1401(83KB) AllocSpace objects, 1(20KB) LOS objects, 36% free, 28MB/44MB, paused 1.383ms total 43.432ms
08-03 22:04:21.214 21465 21478 I art     : Starting a blocking GC Explicit
08-03 22:04:21.250 21465 21478 I art     : Explicit concurrent mark sweep GC freed 23(752B) AllocSpace objects, 0(0B) LOS objects, 36% free, 28MB/44MB, paused 1.264ms total 35.955ms
08-03 22:04:21.263 21465 21478 I art     : Starting a blocking GC Explicit
08-03 22:04:21.299 21465 21478 I art     : Explicit concurrent mark sweep GC freed 3(96B) AllocSpace objects, 0(0B) LOS objects, 36% free, 28MB/44MB, paused 1.267ms total 36.084ms
08-03 22:04:21.311 21465 21478 I art     : Starting a blocking GC Explicit
08-03 22:04:21.347 21465 21478 I art     : Explicit concurrent mark sweep GC freed 3(96B) AllocSpace objects, 0(0B) LOS objects, 36% free, 28MB/44MB, paused 1.352ms total 36.049ms
08-03 22:04:21.359 21465 21478 I art     : Starting a blocking GC Explicit
08-03 22:04:21.396 21465 21478 I art     : Explicit concurrent mark sweep GC freed 3(96B) AllocSpace objects, 0(0B) LOS objects, 36% free, 28MB/44MB, paused 1.241ms total 36.631ms
08-03 22:04:21.739 21465 21575 I art     : Starting a blocking GC Explicit
08-03 22:04:21.751   918  3188 I hubconnection: sensorhub said: 'set_bias 3: -5.2416, 0.0000, 0.0000'
08-03 22:04:21.789 21465 21575 I art     : Explicit concurrent mark sweep GC freed 1369(80KB) AllocSpace objects, 1(20KB) LOS objects, 36% free, 28MB/44MB, paused 1.639ms total 50.175ms
08-03 22:04:21.805 21465 21575 I art     : Starting a blocking GC Explicit
08-03 22:04:21.845 21465 21575 I art     : Explicit concurrent mark sweep GC freed 23(752B) AllocSpace objects, 0(0B) LOS objects, 36% free, 28MB/44MB, paused 1.320ms total 39.386ms
08-03 22:04:21.857 21465 21575 I art     : Starting a blocking GC Explicit
08-03 22:04:21.897 21465 21575 I art     : Explicit concurrent mark sweep GC freed 3(96B) AllocSpace objects, 0(0B) LOS objects, 36% free, 28MB/44MB, paused 1.367ms total 39.828ms
08-03 22:04:21.910 21465 21575 I art     : Starting a blocking GC Explicit
08-03 22:04:21.948 21465 21575 I art     : Explicit concurrent mark sweep GC freed 3(96B) AllocSpace objects, 0(0B) LOS objects, 36% free, 28MB/44MB, paused 1.409ms total 38.295ms
08-03 22:04:21.961 21465 21575 I art     : Starting a blocking GC Explicit
08-03 22:04:22.000 21465 21575 I art     : Explicit concurrent mark sweep GC freed 3(96B) AllocSpace objects, 0(0B) LOS objects, 36% free, 28MB/44MB, paused 1.305ms total 39.232ms
08-03 22:04:22.370 21465 21478 I art     : Starting a blocking GC Explicit
08-03 22:04:22.409 21465 21478 I art     : Explicit concurrent mark sweep GC freed 1433(82KB) AllocSpace objects, 1(20KB) LOS objects, 36% free, 28MB/44MB, paused 1.284ms total 38.759ms
08-03 22:04:22.423 21465 21478 I art     : Starting a blocking GC Explicit
08-03 22:04:22.459 21465 21478 I art     : Explicit concurrent mark sweep GC freed 23(752B) AllocSpace objects, 0(0B) LOS objects, 36% free, 28MB/44MB, paused 1.230ms total 35.975ms
08-03 22:04:22.472 21465 21478 I art     : Starting a blocking GC Explicit
08-03 22:04:22.510 21465 21478 I art     : Explicit concurrent mark sweep GC freed 3(96B) AllocSpace objects, 0(0B) LOS objects, 36% free, 28MB/44MB, paused 1.303ms total 38.518ms
08-03 22:04:22.523 21465 21478 I art     : Starting a blocking GC Explicit
08-03 22:04:22.561 21465 21478 I art     : Explicit concurrent mark sweep GC freed 3(96B) AllocSpace objects, 0(0B) LOS objects, 36% free, 28MB/44MB, paused 1.297ms total 38.394ms
08-03 22:04:22.574 21465 21478 I art     : Starting a blocking GC Explicit
08-03 22:04:22.613 21465 21478 I art     : Explicit concurrent mark sweep GC freed 3(96B) AllocSpace objects, 0(0B) LOS objects, 36% free, 28MB/44MB, paused 1.310ms total 39.159ms
08-03 22:04:22.945 21465 21575 I art     : Starting a blocking GC Explicit
08-03 22:04:22.998 21465 21575 I art     : Explicit concurrent mark sweep GC freed 1369(80KB) AllocSpace objects, 1(20KB) LOS objects, 36% free, 28MB/44MB, paused 1.523ms total 53.248ms
08-03 22:04:23.014 21465 21575 I art     : Starting a blocking GC Explicit
08-03 22:04:23.053 21465 21575 I art     : Explicit concurrent mark sweep GC freed 52(1536B) AllocSpace objects, 0(0B) LOS objects, 36% free, 28MB/44MB, paused 1.320ms total 39.175ms
08-03 22:04:23.066 21465 21575 I art     : Starting a blocking GC Explicit
08-03 22:04:23.105 21465 21575 I art     : Explicit concurrent mark sweep GC freed 3(96B) AllocSpace objects, 0(0B) LOS objects, 36% free, 28MB/44MB, paused 1.380ms total 38.922ms
08-03 22:04:23.117 21465 21575 I art     : Starting a blocking GC Explicit
08-03 22:04:23.156 21465 21575 I art     : Explicit concurrent mark sweep GC freed 3(96B) AllocSpace objects, 0(0B) LOS objects, 36% free, 28MB/44MB, paused 1.289ms total 38.402ms
08-03 22:04:23.169 21465 21575 I art     : Starting a blocking GC Explicit
08-03 22:04:23.208 21465 21575 I art     : Explicit concurrent mark sweep GC freed 3(96B) AllocSpace objects, 0(0B) LOS objects, 36% free, 28MB/44MB, paused 1.301ms total 39.435ms
08-03 22:04:23.536 21465 21803 I art     : Starting a blocking GC Explicit
08-03 22:04:23.583 21465 21803 I art     : Explicit concurrent mark sweep GC freed 1408(83KB) AllocSpace objects, 1(20KB) LOS objects, 36% free, 28MB/44MB, paused 1.320ms total 46.516ms
08-03 22:04:23.598 21465 21803 I art     : Starting a blocking GC Explicit
08-03 22:04:23.637 21465 21803 I art     : Explicit concurrent mark sweep GC freed 23(752B) AllocSpace objects, 0(0B) LOS objects, 36% free, 28MB/44MB, paused 1.315ms total 39.449ms
08-03 22:04:23.650 21465 21803 I art     : Starting a blocking GC Explicit
08-03 22:04:23.690 21465 21803 I art     : Explicit concurrent mark sweep GC freed 3(96B) AllocSpace objects, 0(0B) LOS objects, 36% free, 28MB/44MB, paused 1.264ms total 39.766ms
08-03 22:04:23.702 21465 21803 I art     : Starting a blocking GC Explicit
08-03 22:04:23.742 21465 21803 I art     : Explicit concurrent mark sweep GC freed 3(96B) AllocSpace objects, 0(0B) LOS objects, 36% free, 28MB/44MB, paused 1.178ms total 39.034ms
08-03 22:04:23.754 21465 21803 I art     : Starting a blocking GC Explicit
08-03 22:04:23.794 21465 21803 I art     : Explicit concurrent mark sweep GC freed 3(96B) AllocSpace objects, 0(0B) LOS objects, 36% free, 28MB/44MB, paused 1.278ms total 39.747ms
08-03 22:04:24.158 21465 21477 I art     : Starting a blocking GC Explicit
08-03 22:04:24.203 21465 21477 I art     : Explicit concurrent mark sweep GC freed 1516(91KB) AllocSpace objects, 1(20KB) LOS objects, 36% free, 28MB/44MB, paused 1.229ms total 44.453ms
08-03 22:04:24.218 21465 21477 I art     : Starting a blocking GC Explicit
08-03 22:04:24.258 21465 21477 I art     : Explicit concurrent mark sweep GC freed 23(752B) AllocSpace objects, 0(0B) LOS objects, 36% free, 28MB/44MB, paused 1.246ms total 39.492ms
08-03 22:04:24.271 21465 21477 I art     : Starting a blocking GC Explicit
08-03 22:04:24.309 21465 21477 I art     : Explicit concurrent mark sweep GC freed 3(96B) AllocSpace objects, 0(0B) LOS objects, 36% free, 28MB/44MB, paused 1.193ms total 38.365ms
08-03 22:04:24.322 21465 21477 I art     : Starting a blocking GC Explicit
08-03 22:04:24.360 21465 21477 I art     : Explicit concurrent mark sweep GC freed 3(96B) AllocSpace objects, 0(0B) LOS objects, 36% free, 28MB/44MB, paused 1.177ms total 38.002ms
08-03 22:04:24.373 21465 21477 I art     : Starting a blocking GC Explicit
08-03 22:04:24.411 21465 21477 I art     : Explicit concurrent mark sweep GC freed 3(96B) AllocSpace objects, 0(0B) LOS objects, 36% free, 28MB/44MB, paused 1.223ms total 38.151ms
08-03 22:04:24.764 21465 21478 I art     : Starting a blocking GC Explicit
08-03 22:04:24.814 21465 21478 I art     : Explicit concurrent mark sweep GC freed 1369(80KB) AllocSpace objects, 1(20KB) LOS objects, 36% free, 28MB/44MB, paused 1.215ms total 49.216ms
08-03 22:04:24.829 21465 21478 I art     : Starting a blocking GC Explicit
08-03 22:04:24.867 21465 21478 I art     : Explicit concurrent mark sweep GC freed 23(752B) AllocSpace objects, 0(0B) LOS objects, 36% free, 28MB/44MB, paused 1.225ms total 37.963ms
08-03 22:04:24.880 21465 21478 I art     : Starting a blocking GC Explicit
08-03 22:04:24.919 21465 21478 I art     : Explicit concurrent mark sweep GC freed 3(96B) AllocSpace objects, 0(0B) LOS objects, 36% free, 28MB/44MB, paused 1.171ms total 39.056ms
08-03 22:04:24.931 21465 21478 I art     : Starting a blocking GC Explicit
08-03 22:04:24.970 21465 21478 I art     : Explicit concurrent mark sweep GC freed 3(96B) AllocSpace objects, 0(0B) LOS objects, 36% free, 28MB/44MB, paused 1.170ms total 37.782ms
08-03 22:04:24.982 21465 21478 I art     : Starting a blocking GC Explicit
08-03 22:04:25.022 21465 21478 I art     : Explicit concurrent mark sweep GC freed 32(880B) AllocSpace objects, 0(0B) LOS objects, 36% free, 28MB/44MB, paused 1.154ms total 38.963ms
08-03 22:04:25.357 21465 21575 I art     : Starting a blocking GC Explicit
08-03 22:04:25.403 21465 21575 I art     : Explicit concurrent mark sweep GC freed 1369(80KB) AllocSpace objects, 1(20KB) LOS objects, 36% free, 28MB/44MB, paused 1.197ms total 46.041ms
08-03 22:04:25.419 21465 21575 I art     : Starting a blocking GC Explicit
08-03 22:04:25.458 21465 21575 I art     : Explicit concurrent mark sweep GC freed 23(752B) AllocSpace objects, 0(0B) LOS objects, 36% free, 28MB/44MB, paused 1.280ms total 39.262ms
08-03 22:04:25.471 21465 21575 I art     : Starting a blocking GC Explicit
08-03 22:04:25.510 21465 21575 I art     : Explicit concurrent mark sweep GC freed 3(96B) AllocSpace objects, 0(0B) LOS objects, 36% free, 28MB/44MB, paused 1.137ms total 39.423ms
08-03 22:04:25.523 21465 21575 I art     : Starting a blocking GC Explicit
08-03 22:04:25.561 21465 21575 I art     : Explicit concurrent mark sweep GC freed 3(96B) AllocSpace objects, 0(0B) LOS objects, 36% free, 28MB/44MB, paused 1.181ms total 37.759ms
08-03 22:04:25.573 21465 21575 I art     : Starting a blocking GC Explicit
08-03 22:04:25.612 21465 21575 I art     : Explicit concurrent mark sweep GC freed 3(96B) AllocSpace objects, 0(0B) LOS objects, 36% free, 28MB/44MB, paused 1.142ms total 38.110ms
08-03 22:04:25.946 21465 21803 I art     : Starting a blocking GC Explicit
08-03 22:04:25.997 21465 21803 I art     : Explicit concurrent mark sweep GC freed 1369(80KB) AllocSpace objects, 1(20KB) LOS objects, 36% free, 28MB/44MB, paused 1.227ms total 50.245ms
08-03 22:04:26.012 21465 21803 I art     : Starting a blocking GC Explicit
08-03 22:04:26.051 21465 21803 I art     : Explicit concurrent mark sweep GC freed 52(1536B) AllocSpace objects, 0(0B) LOS objects, 36% free, 28MB/44MB, paused 1.176ms total 38.634ms
08-03 22:04:26.063 21465 21803 I art     : Starting a blocking GC Explicit
08-03 22:04:26.102 21465 21803 I art     : Explicit concurrent mark sweep GC freed 3(96B) AllocSpace objects, 0(0B) LOS objects, 36% free, 28MB/44MB, paused 1.130ms total 38.681ms
08-03 22:04:26.115 21465 21803 I art     : Starting a blocking GC Explicit
08-03 22:04:26.153 21465 21803 I art     : Explicit concurrent mark sweep GC freed 3(96B) AllocSpace objects, 0(0B) LOS objects, 36% free, 28MB/44MB, paused 1.077ms total 38.587ms
08-03 22:04:26.166 21465 21803 I art     : Starting a blocking GC Explicit
08-03 22:04:26.204 21465 21803 I art     : Explicit concurrent mark sweep GC freed 3(96B) AllocSpace objects, 0(0B) LOS objects, 36% free, 28MB/44MB, paused 1.163ms total 38.276ms
08-03 22:04:26.551 21465 21477 I art     : Starting a blocking GC Explicit
08-03 22:04:26.602 21465 21477 I art     : Explicit concurrent mark sweep GC freed 1369(80KB) AllocSpace objects, 1(20KB) LOS objects, 36% free, 28MB/44MB, paused 1.274ms total 49.966ms
08-03 22:04:26.619 21465 21477 I art     : Starting a blocking GC Explicit
08-03 22:04:26.658 21465 21477 I art     : Explicit concurrent mark sweep GC freed 23(752B) AllocSpace objects, 0(0B) LOS objects, 36% free, 28MB/44MB, paused 1.288ms total 38.818ms
08-03 22:04:26.670 21465 21477 I art     : Starting a blocking GC Explicit
08-03 22:04:26.709 21465 21477 I art     : Explicit concurrent mark sweep GC freed 3(96B) AllocSpace objects, 0(0B) LOS objects, 36% free, 28MB/44MB, paused 1.205ms total 38.882ms
08-03 22:04:26.722 21465 21477 I art     : Starting a blocking GC Explicit
08-03 22:04:26.760 21465 21477 I art     : Explicit concurrent mark sweep GC freed 3(96B) AllocSpace objects, 0(0B) LOS objects, 36% free, 28MB/44MB, paused 1.125ms total 37.907ms
08-03 22:04:26.772 21465 21477 I art     : Starting a blocking GC Explicit
08-03 22:04:26.811 21465 21477 I art     : Explicit concurrent mark sweep GC freed 3(96B) AllocSpace objects, 0(0B) LOS objects, 36% free, 28MB/44MB, paused 1.177ms total 38.871ms
08-03 22:04:27.145 21465 21478 I art     : Starting a blocking GC Explicit
08-03 22:04:27.190 21465 21478 I art     : Explicit concurrent mark sweep GC freed 1398(81KB) AllocSpace objects, 1(20KB) LOS objects, 36% free, 28MB/44MB, paused 1.178ms total 44.362ms
08-03 22:04:27.204 21465 21478 I art     : Starting a blocking GC Explicit
08-03 22:04:27.243 21465 21478 I art     : Explicit concurrent mark sweep GC freed 23(752B) AllocSpace objects, 0(0B) LOS objects, 36% free, 28MB/44MB, paused 1.168ms total 39.203ms
08-03 22:04:27.256 21465 21478 I art     : Starting a blocking GC Explicit
08-03 22:04:27.295 21465 21478 I art     : Explicit concurrent mark sweep GC freed 3(96B) AllocSpace objects, 0(0B) LOS objects, 36% free, 28MB/44MB, paused 1.157ms total 38.554ms
08-03 22:04:27.308 21465 21478 I art     : Starting a blocking GC Explicit
08-03 22:04:27.346 21465 21478 I art     : Explicit concurrent mark sweep GC freed 3(96B) AllocSpace objects, 0(0B) LOS objects, 36% free, 28MB/44MB, paused 1.148ms total 38.513ms
08-03 22:04:27.359 21465 21478 I art     : Starting a blocking GC Explicit
08-03 22:04:27.398 21465 21478 I art     : Explicit concurrent mark sweep GC freed 3(96B) AllocSpace objects, 0(0B) LOS objects, 36% free, 28MB/44MB, paused 1.238ms total 38.664ms
08-03 22:04:27.737 21465 21575 I art     : Starting a blocking GC Explicit
08-03 22:04:27.786 21465 21575 I art     : Explicit concurrent mark sweep GC freed 1369(80KB) AllocSpace objects, 1(20KB) LOS objects, 36% free, 28MB/44MB, paused 1.349ms total 48.083ms
08-03 22:04:27.803 21465 21575 I art     : Starting a blocking GC Explicit
08-03 22:04:27.845 21465 21575 I art     : Explicit concurrent mark sweep GC freed 23(752B) AllocSpace objects, 0(0B) LOS objects, 36% free, 28MB/44MB, paused 1.174ms total 41.557ms
08-03 22:04:27.857 21465 21575 I art     : Starting a blocking GC Explicit
08-03 22:04:27.896 21465 21575 I art     : Explicit concurrent mark sweep GC freed 3(96B) AllocSpace objects, 0(0B) LOS objects, 36% free, 28MB/44MB, paused 1.149ms total 38.309ms
08-03 22:04:27.908 21465 21575 I art     : Starting a blocking GC Explicit
08-03 22:04:27.947 21465 21575 I art     : Explicit concurrent mark sweep GC freed 3(96B) AllocSpace objects, 0(0B) LOS objects, 36% free, 28MB/44MB, paused 1.243ms total 38.593ms
08-03 22:04:27.960 21465 21575 I art     : Starting a blocking GC Explicit
08-03 22:04:27.999 21465 21575 I art     : Explicit concurrent mark sweep GC freed 3(96B) AllocSpace objects, 0(0B) LOS objects, 36% free, 28MB/44MB, paused 1.090ms total 38.691ms
08-03 22:04:28.295 21465 21803 I art     : Starting a blocking GC Explicit
08-03 22:04:28.339 21465 21803 I art     : Explicit concurrent mark sweep GC freed 1398(81KB) AllocSpace objects, 1(20KB) LOS objects, 36% free, 28MB/44MB, paused 1.479ms total 43.458ms
08-03 22:04:28.354 21465 21803 I art     : Starting a blocking GC Explicit
08-03 22:04:28.391 21465 21803 I art     : Explicit concurrent mark sweep GC freed 23(752B) AllocSpace objects, 0(0B) LOS objects, 36% free, 28MB/44MB, paused 1.203ms total 36.244ms
08-03 22:04:28.403 21465 21803 I art     : Starting a blocking GC Explicit
08-03 22:04:28.440 21465 21803 I art     : Explicit concurrent mark sweep GC freed 3(96B) AllocSpace objects, 0(0B) LOS objects, 36% free, 28MB/44MB, paused 1.156ms total 36.685ms
08-03 22:04:28.452 21465 21803 I art     : Starting a blocking GC Explicit
08-03 22:04:28.490 21465 21803 I art     : Explicit concurrent mark sweep GC freed 3(96B) AllocSpace objects, 0(0B) LOS objects, 36% free, 28MB/44MB, paused 1.125ms total 37.135ms
08-03 22:04:28.502 21465 21803 I art     : Starting a blocking GC Explicit
08-03 22:04:28.539 21465 21803 I art     : Explicit concurrent mark sweep GC freed 3(96B) AllocSpace objects, 0(0B) LOS objects, 36% free, 28MB/44MB, paused 1.213ms total 36.921ms
08-03 22:04:28.618 23239 23239 D AndroidRuntime: >>>>>> START com.android.internal.os.RuntimeInit uid 2000 <<<<<<
08-03 22:04:28.625 23239 23239 D AndroidRuntime: CheckJNI is OFF
08-03 22:04:28.670 23239 23239 D ICU     : No timezone override file found: /data/misc/zoneinfo/current/icu/icu_tzdata.dat
08-03 22:04:28.718 23239 23239 I Radio-JNI: register_android_hardware_Radio DONE
08-03 22:04:28.747 23239 23239 D AndroidRuntime: Calling main entry com.android.commands.input.Input
08-03 22:04:28.749 23239 23239 I Input   : injectKeyEvent: KeyEvent { action=ACTION_DOWN, keyCode=KEYCODE_BACK, scanCode=0, metaState=0, flags=0x0, repeatCount=0, eventTime=655485162, downTime=655485162, deviceId=-1, source=0x101 }
08-03 22:04:28.760 23239 23239 I Input   : injectKeyEvent: KeyEvent { action=ACTION_UP, keyCode=KEYCODE_BACK, scanCode=0, metaState=0, flags=0x0, repeatCount=0, eventTime=655485162, downTime=655485162, deviceId=-1, source=0x101 }
08-03 22:04:28.766 23239 23239 D AndroidRuntime: Shutting down VM
08-03 22:04:28.771 21465 21465 V PlaybackController: initServiceNotRunning()
08-03 22:04:28.771 21465 21465 D ExternalPlayerFragment: Loading media info
08-03 22:04:28.777 21465 21465 D UserPreferences: Using default data folder
08-03 22:04:28.779 21465 22011 D DBReader: getNavDrawerData() called with: 
08-03 22:04:28.798 21465 22011 D DBReader: getDownloadedItems() called
08-03 22:04:28.799 21465 22011 D DBReader: getFavoriteIDList() called
08-03 22:04:28.800 21465 22011 D DBReader: getQueueIDList() called
08-03 22:04:28.801 21465 22011 D DBReader: Extracting Feedlist
08-03 22:04:28.807 13866 13866 I GoogleInputMethodServic: GoogleInputMethodService.onFinishInput():3138 
08-03 22:04:28.807 13866 13866 I GoogleInputMethodServic: GoogleInputMethodService.onStartInput():1808 
08-03 22:04:28.822 21465 21465 D MainActivity: getLastNavFragment() -> AddFeedFragment
08-03 22:04:28.869 21465 21477 I art     : Starting a blocking GC Explicit
08-03 22:04:28.904 21465 21477 I art     : Explicit concurrent mark sweep GC freed 2478(153KB) AllocSpace objects, 1(20KB) LOS objects, 36% free, 28MB/44MB, paused 1.029ms total 35.085ms
08-03 22:04:28.916 21465 21477 I art     : Starting a blocking GC Explicit
08-03 22:04:28.956 21465 21477 I art     : Explicit concurrent mark sweep GC freed 452(24KB) AllocSpace objects, 0(0B) LOS objects, 36% free, 28MB/44MB, paused 1.117ms total 39.155ms
08-03 22:04:28.970 21465 21477 I art     : Starting a blocking GC Explicit
08-03 22:04:29.011 21465 21477 I art     : Explicit concurrent mark sweep GC freed 32(880B) AllocSpace objects, 0(0B) LOS objects, 36% free, 28MB/44MB, paused 1.034ms total 41.204ms
08-03 22:04:29.027 21465 21477 I art     : Starting a blocking GC Explicit
08-03 22:04:29.067 21465 21477 I art     : Explicit concurrent mark sweep GC freed 3(96B) AllocSpace objects, 0(0B) LOS objects, 36% free, 28MB/44MB, paused 1.215ms total 39.119ms
08-03 22:04:29.080 21465 21477 I art     : Starting a blocking GC Explicit
08-03 22:04:29.093   380   380 W SurfaceFlinger: couldn't log to binary event log: overflow.
08-03 22:04:29.116 21465 21477 I art     : Explicit concurrent mark sweep GC freed 504(21KB) AllocSpace objects, 0(0B) LOS objects, 36% free, 28MB/44MB, paused 1.117ms total 35.614ms
08-03 22:04:29.420 21465 21478 I art     : Starting a blocking GC Explicit
08-03 22:04:29.458 21465 21478 I art     : Explicit concurrent mark sweep GC freed 1469(84KB) AllocSpace objects, 1(20KB) LOS objects, 36% free, 28MB/44MB, paused 1.121ms total 37.172ms
08-03 22:04:29.469 21465 21478 I art     : Starting a blocking GC Explicit
08-03 22:04:29.504 21465 21478 I art     : Explicit concurrent mark sweep GC freed 2453(152KB) AllocSpace objects, 1(28KB) LOS objects, 36% free, 28MB/44MB, paused 1.095ms total 34.165ms
08-03 22:04:29.516 21465 21478 I art     : Starting a blocking GC Explicit
08-03 22:04:29.550 21465 21478 I art     : Explicit concurrent mark sweep GC freed 3(96B) AllocSpace objects, 0(0B) LOS objects, 36% free, 28MB/44MB, paused 1.112ms total 34.423ms
08-03 22:04:29.562 21465 21478 I art     : Starting a blocking GC Explicit
08-03 22:04:29.597 21465 21478 I art     : Explicit concurrent mark sweep GC freed 3(96B) AllocSpace objects, 0(0B) LOS objects, 36% free, 28MB/44MB, paused 1.243ms total 34.693ms
08-03 22:04:29.610 21465 21478 I art     : Starting a blocking GC Explicit
08-03 22:04:29.643 21465 21478 I art     : Explicit concurrent mark sweep GC freed 3(96B) AllocSpace objects, 0(0B) LOS objects, 36% free, 28MB/44MB, paused 1.104ms total 33.542ms
08-03 22:04:29.937 21465 21575 I art     : Starting a blocking GC Explicit
08-03 22:04:29.979 21465 21575 I art     : Explicit concurrent mark sweep GC freed 1371(82KB) AllocSpace objects, 1(20KB) LOS objects, 36% free, 28MB/44MB, paused 1.408ms total 41.727ms
08-03 22:04:29.993 21465 21575 I art     : Starting a blocking GC Explicit
08-03 22:04:30.026 21465 21575 I art     : Explicit concurrent mark sweep GC freed 52(1536B) AllocSpace objects, 0(0B) LOS objects, 36% free, 28MB/44MB, paused 1.070ms total 32.634ms
08-03 22:04:30.038 21465 21575 I art     : Starting a blocking GC Explicit
08-03 22:04:30.071 21465 21575 I art     : Explicit concurrent mark sweep GC freed 3(96B) AllocSpace objects, 0(0B) LOS objects, 36% free, 28MB/44MB, paused 1.182ms total 33.150ms
08-03 22:04:30.083 21465 21575 I art     : Starting a blocking GC Explicit
08-03 22:04:30.115 21465 21575 I art     : Explicit concurrent mark sweep GC freed 3(96B) AllocSpace objects, 0(0B) LOS objects, 36% free, 28MB/44MB, paused 1.114ms total 32.062ms
08-03 22:04:30.127 21465 21575 I art     : Starting a blocking GC Explicit
08-03 22:04:30.160 21465 21575 I art     : Explicit concurrent mark sweep GC freed 3(96B) AllocSpace objects, 0(0B) LOS objects, 36% free, 28MB/44MB, paused 1.121ms total 33.155ms
08-03 22:04:30.464 21465 21803 I art     : Starting a blocking GC Explicit
08-03 22:04:30.499 21465 21803 I art     : Explicit concurrent mark sweep GC freed 1382(80KB) AllocSpace objects, 1(20KB) LOS objects, 36% free, 28MB/44MB, paused 1.082ms total 34.784ms
08-03 22:04:30.512 21465 21803 I art     : Starting a blocking GC Explicit
08-03 22:04:30.547 21465 21803 I art     : Explicit concurrent mark sweep GC freed 28(912B) AllocSpace objects, 0(0B) LOS objects, 36% free, 28MB/44MB, paused 1.280ms total 34.361ms
08-03 22:04:30.560 21465 21803 I art     : Starting a blocking GC Explicit
08-03 22:04:30.564 23292 23292 D AndroidRuntime: >>>>>> START com.android.internal.os.RuntimeInit uid 2000 <<<<<<
08-03 22:04:30.570 23292 23292 D AndroidRuntime: CheckJNI is OFF
08-03 22:04:30.594 21465 21803 I art     : Explicit concurrent mark sweep GC freed 8(256B) AllocSpace objects, 0(0B) LOS objects, 36% free, 28MB/44MB, paused 1.093ms total 33.258ms
08-03 22:04:30.605 21465 21803 I art     : Starting a blocking GC Explicit
08-03 22:04:30.617 23292 23292 D ICU     : No timezone override file found: /data/misc/zoneinfo/current/icu/icu_tzdata.dat
08-03 22:04:30.638 21465 21803 I art     : Explicit concurrent mark sweep GC freed 9(288B) AllocSpace objects, 0(0B) LOS objects, 36% free, 28MB/44MB, paused 1.186ms total 32.409ms
08-03 22:04:30.650 21465 21803 I art     : Starting a blocking GC Explicit
08-03 22:04:30.661 23292 23292 I Radio-JNI: register_android_hardware_Radio DONE
08-03 22:04:30.682 21465 21803 I art     : Explicit concurrent mark sweep GC freed 4(128B) AllocSpace objects, 0(0B) LOS objects, 36% free, 28MB/44MB, paused 1.030ms total 31.822ms
08-03 22:04:30.690 23292 23292 D AndroidRuntime: Calling main entry com.android.commands.input.Input
08-03 22:04:30.691 23292 23292 I Input   : injectKeyEvent: KeyEvent { action=ACTION_DOWN, keyCode=KEYCODE_BACK, scanCode=0, metaState=0, flags=0x0, repeatCount=0, eventTime=655487104, downTime=655487104, deviceId=-1, source=0x101 }
08-03 22:04:30.697 23292 23292 I Input   : injectKeyEvent: KeyEvent { action=ACTION_UP, keyCode=KEYCODE_BACK, scanCode=0, metaState=0, flags=0x0, repeatCount=0, eventTime=655487104, downTime=655487104, deviceId=-1, source=0x101 }
08-03 22:04:30.712 13866 13866 I GoogleInputMethodServic: GoogleInputMethodService.onFinishInput():3138 
08-03 22:04:30.712 13866 13866 I GoogleInputMethodServic: GoogleInputMethodService.onStartInput():1808 
08-03 22:04:30.718 23292 23292 D AndroidRuntime: Shutting down VM
08-03 22:04:30.973 21465 21477 I art     : Starting a blocking GC Explicit
08-03 22:04:31.017 21465 21477 I art     : Explicit concurrent mark sweep GC freed 2596(130KB) AllocSpace objects, 1(20KB) LOS objects, 36% free, 28MB/44MB, paused 1.357ms total 43.154ms
08-03 22:04:31.034 21465 21477 I art     : Starting a blocking GC Explicit
08-03 22:04:31.068 21465 21477 I art     : Explicit concurrent mark sweep GC freed 2658(177KB) AllocSpace objects, 9(1540KB) LOS objects, 37% free, 26MB/42MB, paused 1.096ms total 33.738ms
08-03 22:04:31.079 21465 21477 I art     : Starting a blocking GC Explicit
08-03 22:04:31.113 21465 21477 I art     : Explicit concurrent mark sweep GC freed 3(96B) AllocSpace objects, 0(0B) LOS objects, 37% free, 26MB/42MB, paused 1.106ms total 33.146ms
08-03 22:04:31.125 21465 21477 I art     : Starting a blocking GC Explicit
08-03 22:04:31.159 21465 21477 I art     : Explicit concurrent mark sweep GC freed 3(96B) AllocSpace objects, 0(0B) LOS objects, 37% free, 26MB/42MB, paused 1.174ms total 33.683ms
08-03 22:04:31.170 21465 21477 I art     : Starting a blocking GC Explicit
08-03 22:04:31.205 21465 21477 I art     : Explicit concurrent mark sweep GC freed 3(96B) AllocSpace objects, 0(0B) LOS objects, 37% free, 26MB/42MB, paused 1.113ms total 33.878ms
08-03 22:04:31.510 21465 21803 I art     : Starting a blocking GC Explicit
08-03 22:04:31.557 21465 21803 I art     : Explicit concurrent mark sweep GC freed 1370(81KB) AllocSpace objects, 1(20KB) LOS objects, 37% free, 26MB/42MB, paused 1.131ms total 47.261ms
08-03 22:04:31.562   918  3261 D WifiStateMachine: starting scan for "H369AA63323"WPA_PSK with 2412,5180
08-03 22:04:31.573 21465 21803 I art     : Starting a blocking GC Explicit
08-03 22:04:31.608 21465 21803 I art     : Explicit concurrent mark sweep GC freed 23(752B) AllocSpace objects, 0(0B) LOS objects, 37% free, 26MB/42MB, paused 1.141ms total 34.340ms
08-03 22:04:31.608 21465 21476 I art     : WaitForGcToComplete blocked for 6.387ms for cause HeapTrim
08-03 22:04:31.620 21465 21803 I art     : Starting a blocking GC Explicit
08-03 22:04:31.654 21465 21803 I art     : Explicit concurrent mark sweep GC freed 3(96B) AllocSpace objects, 0(0B) LOS objects, 37% free, 26MB/42MB, paused 1.104ms total 33.265ms
08-03 22:04:31.665 21465 21803 I art     : Starting a blocking GC Explicit
08-03 22:04:31.699 21465 21803 I art     : Explicit concurrent mark sweep GC freed 3(96B) AllocSpace objects, 0(0B) LOS objects, 37% free, 26MB/42MB, paused 1.121ms total 33.581ms
08-03 22:04:31.711 21465 21803 I art     : Starting a blocking GC Explicit
08-03 22:04:31.745 21465 21803 I art     : Explicit concurrent mark sweep GC freed 3(96B) AllocSpace objects, 0(0B) LOS objects, 37% free, 26MB/42MB, paused 1.120ms total 33.806ms
08-03 22:04:32.050 21465 21478 I art     : Starting a blocking GC Explicit
08-03 22:04:32.084 21465 21478 I art     : Explicit concurrent mark sweep GC freed 1399(82KB) AllocSpace objects, 1(20KB) LOS objects, 37% free, 26MB/42MB, paused 1.127ms total 33.291ms
08-03 22:04:32.096 21465 21478 I art     : Starting a blocking GC Explicit
08-03 22:04:32.128 21465 21478 I art     : Explicit concurrent mark sweep GC freed 23(752B) AllocSpace objects, 0(0B) LOS objects, 37% free, 26MB/42MB, paused 1.164ms total 32.316ms
08-03 22:04:32.140 21465 21478 I art     : Starting a blocking GC Explicit
08-03 22:04:32.172 21465 21478 I art     : Explicit concurrent mark sweep GC freed 3(96B) AllocSpace objects, 0(0B) LOS objects, 37% free, 26MB/42MB, paused 1.113ms total 32.173ms
08-03 22:04:32.184 21465 21478 I art     : Starting a blocking GC Explicit
08-03 22:04:32.216 21465 21478 I art     : Explicit concurrent mark sweep GC freed 3(96B) AllocSpace objects, 0(0B) LOS objects, 37% free, 26MB/42MB, paused 1.144ms total 32.152ms
08-03 22:04:32.228 21465 21478 I art     : Starting a blocking GC Explicit
08-03 22:04:32.260 21465 21478 I art     : Explicit concurrent mark sweep GC freed 3(96B) AllocSpace objects, 0(0B) LOS objects, 37% free, 26MB/42MB, paused 1.076ms total 31.910ms
08-03 22:04:32.484 23344 23344 D AndroidRuntime: >>>>>> START com.android.internal.os.RuntimeInit uid 2000 <<<<<<
08-03 22:04:32.490 23344 23344 D AndroidRuntime: CheckJNI is OFF
08-03 22:04:32.531 23344 23344 D ICU     : No timezone override file found: /data/misc/zoneinfo/current/icu/icu_tzdata.dat
08-03 22:04:32.569 21465 21478 I art     : Starting a blocking GC Explicit
08-03 22:04:32.572 23344 23344 I Radio-JNI: register_android_hardware_Radio DONE
08-03 22:04:32.602 21465 21478 I art     : Explicit concurrent mark sweep GC freed 1399(83KB) AllocSpace objects, 1(20KB) LOS objects, 37% free, 26MB/42MB, paused 1.142ms total 32.873ms
08-03 22:04:32.602 23344 23344 D AndroidRuntime: Calling main entry com.android.commands.input.Input
08-03 22:04:32.604 23344 23344 I Input   : injectMotionEvent: MotionEvent { action=ACTION_DOWN, actionButton=0, id[0]=0, x[0]=567.0, y[0]=714.0, toolType[0]=TOOL_TYPE_UNKNOWN, buttonState=0, metaState=0, flags=0x0, edgeFlags=0x0, pointerCount=1, historySize=0, eventTime=655489017, downTime=655489017, deviceId=0, source=0x1002 }
08-03 22:04:32.612 23344 23344 I Input   : injectMotionEvent: MotionEvent { action=ACTION_UP, actionButton=0, id[0]=0, x[0]=567.0, y[0]=714.0, toolType[0]=TOOL_TYPE_UNKNOWN, buttonState=0, metaState=0, flags=0x0, edgeFlags=0x0, pointerCount=1, historySize=0, eventTime=655489017, downTime=655489017, deviceId=0, source=0x1002 }
08-03 22:04:32.615 21465 21478 I art     : Starting a blocking GC Explicit
08-03 22:04:32.618 23344 23344 D AndroidRuntime: Shutting down VM
08-03 22:04:32.635   512  2967 D audio_hw_primary: out_set_parameters: enter: usecase(1: low-latency-playback) kvpairs: routing=2
08-03 22:04:32.648   512  2967 D audio_hw_primary: select_devices: out_snd_device(2: speaker) in_snd_device(0: none)
08-03 22:04:32.648   512  2967 D msm8974_platform: platform_send_audio_calibration: sending audio calibration for snd_device(2) acdb_id(15)
08-03 22:04:32.648   512  2967 I soundtrigger: audio_extn_sound_trigger_update_device_status: device 0x2 of type 0 for Event 1
08-03 22:04:32.649 21465 21478 I art     : Explicit concurrent mark sweep GC freed 851(35KB) AllocSpace objects, 0(0B) LOS objects, 37% free, 26MB/42MB, paused 1.395ms total 34.270ms
08-03 22:04:32.659   512  2967 D audio_hw_primary: enable_snd_device: snd_device(2: speaker)
08-03 22:04:32.660   512  2967 D audio_hw_primary: enable_audio_route: apply and update mixer path: low-latency-playback speaker
08-03 22:04:32.661 21465 21478 I art     : Starting a blocking GC Explicit
08-03 22:04:32.695 21465 21478 I art     : Explicit concurrent mark sweep GC freed 1448(55KB) AllocSpace objects, 0(0B) LOS objects, 37% free, 27MB/43MB, paused 1.256ms total 34.150ms
08-03 22:04:32.707 21465 21478 I art     : Starting a blocking GC Explicit
08-03 22:04:32.737 21465 21478 I art     : Explicit concurrent mark sweep GC freed 1658(85KB) AllocSpace objects, 1(220KB) LOS objects, 37% free, 26MB/42MB, paused 1.315ms total 30.557ms
08-03 22:04:32.748 21465 21478 I art     : Starting a blocking GC Explicit
08-03 22:04:32.779 21465 21478 I art     : Explicit concurrent mark sweep GC freed 43(2720B) AllocSpace objects, 0(0B) LOS objects, 37% free, 26MB/42MB, paused 1.177ms total 30.844ms
08-03 22:04:33.036 21465 21485 I NAPPA_EXPERIMENTATION: MetricNetworkRequestExecutionTime: REQUEST_DURATION_SYSTEM='395',REQUEST_DURATION_OKHTTP='165',REQUEST_SYNCHRONOUS='TRUE',RESPONSE_CODE='400',RESPONSE_METHOD='GET',RESPONSE_LENGTH_OKHTTP='0',RESPONSE_LENGTH_HEADER='0',REQUEST_PROTOCOL='h2',REQUEST_URL='https://itunes.apple.com/en/rss/toppodcasts/limit=25/explicit=true/json',
08-03 22:04:33.061 21465 21477 I art     : Starting a blocking GC Explicit
08-03 22:04:33.096 21465 21477 I art     : Explicit concurrent mark sweep GC freed 5975(299KB) AllocSpace objects, 1(20KB) LOS objects, 37% free, 26MB/42MB, paused 1.210ms total 34.968ms
08-03 22:04:33.108 21465 21477 I art     : Starting a blocking GC Explicit
08-03 22:04:33.141 21465 21477 I art     : Explicit concurrent mark sweep GC freed 187(6KB) AllocSpace objects, 0(0B) LOS objects, 37% free, 26MB/42MB, paused 1.337ms total 32.516ms
08-03 22:04:33.152 21465 21477 I art     : Starting a blocking GC Explicit
08-03 22:04:33.185 21465 21477 I art     : Explicit concurrent mark sweep GC freed 16(592B) AllocSpace objects, 0(0B) LOS objects, 37% free, 26MB/42MB, paused 1.179ms total 32.124ms
08-03 22:04:33.186 21465 21485 I NAPPA_EXPERIMENTATION: MetricNetworkRequestExecutionTime: REQUEST_DURATION_SYSTEM='148',REQUEST_DURATION_OKHTTP='147',REQUEST_SYNCHRONOUS='TRUE',RESPONSE_CODE='200',RESPONSE_METHOD='GET',RESPONSE_LENGTH_OKHTTP='-1',RESPONSE_LENGTH_HEADER='10075',REQUEST_PROTOCOL='h2',REQUEST_URL='https://itunes.apple.com/us/rss/toppodcasts/limit=25/explicit=true/json',
08-03 22:04:33.196 21465 21477 I art     : Starting a blocking GC Explicit
08-03 22:04:33.200   512  2967 D audio_hw_primary: disable_audio_route: reset and update mixer path: low-latency-playback speaker
08-03 22:04:33.201   512  2967 D audio_hw_primary: disable_snd_device: snd_device(2: speaker)
08-03 22:04:33.209   512  2967 I soundtrigger: audio_extn_sound_trigger_update_device_status: device 0x2 of type 0 for Event 0
08-03 22:04:33.230 21465 21477 I art     : Explicit concurrent mark sweep GC freed 8340(435KB) AllocSpace objects, 4(352KB) LOS objects, 37% free, 26MB/42MB, paused 1.243ms total 33.720ms
08-03 22:04:33.236 21465 22206 D ApOkHttpUrlLoader: buildLoadData() called with: model = [https://is4-ssl.mzstatic.com/image/thumb/Podcasts114/v4/3f/16/74/3f167426-bf50-ce3a-d709-e4301620fc5b/mza_5832671293059882550.jpeg/170x170bb.png], width = [224], height = [224]
08-03 22:04:33.238 21465 22211 D DBReader: getImageAuthentication() called with: imageUrl = [https://is4-ssl.mzstatic.com/image/thumb/Podcasts114/v4/3f/16/74/3f167426-bf50-ce3a-d709-e4301620fc5b/mza_5832671293059882550.jpeg/170x170bb.png]
08-03 22:04:33.241 21465 21477 I art     : Starting a blocking GC Explicit
08-03 22:04:33.243 21465 22211 D ApOkHttpUrlLoader: no credentials for 'https://is4-ssl.mzstatic.com/image/thumb/Podcasts114/v4/3f/16/74/3f167426-bf50-ce3a-d709-e4301620fc5b/mza_5832671293059882550.jpeg/170x170bb.png'
08-03 22:04:33.245 21465 22212 D ApOkHttpUrlLoader: buildLoadData() called with: model = [https://is4-ssl.mzstatic.com/image/thumb/Podcasts113/v4/e5/8a/10/e58a108f-f5d0-f622-c94a-13f66edd570c/mza_3025981348644196724.jpg/170x170bb.png], width = [224], height = [224]
08-03 22:04:33.246 21465 22216 D DBReader: getImageAuthentication() called with: imageUrl = [https://is4-ssl.mzstatic.com/image/thumb/Podcasts113/v4/e5/8a/10/e58a108f-f5d0-f622-c94a-13f66edd570c/mza_3025981348644196724.jpg/170x170bb.png]
08-03 22:04:33.250 21465 22207 D ApOkHttpUrlLoader: buildLoadData() called with: model = [https://is2-ssl.mzstatic.com/image/thumb/Podcasts113/v4/a9/39/cc/a939ccc5-6d60-0c11-0a4c-16d71cdef89b/mza_8787577209688278658.jpg/170x170bb.png], width = [224], height = [224]
08-03 22:04:33.251 21465 22216 D ApOkHttpUrlLoader: no credentials for 'https://is4-ssl.mzstatic.com/image/thumb/Podcasts113/v4/e5/8a/10/e58a108f-f5d0-f622-c94a-13f66edd570c/mza_3025981348644196724.jpg/170x170bb.png'
08-03 22:04:33.251 21465 22213 D DBReader: getImageAuthentication() called with: imageUrl = [https://is2-ssl.mzstatic.com/image/thumb/Podcasts113/v4/a9/39/cc/a939ccc5-6d60-0c11-0a4c-16d71cdef89b/mza_8787577209688278658.jpg/170x170bb.png]
08-03 22:04:33.255 21465 22213 D ApOkHttpUrlLoader: no credentials for 'https://is2-ssl.mzstatic.com/image/thumb/Podcasts113/v4/a9/39/cc/a939ccc5-6d60-0c11-0a4c-16d71cdef89b/mza_8787577209688278658.jpg/170x170bb.png'
08-03 22:04:33.255 21465 22210 D ApOkHttpUrlLoader: buildLoadData() called with: model = [https://is5-ssl.mzstatic.com/image/thumb/Podcasts114/v4/93/cf/99/93cf9960-fff3-205e-6655-72c03ddeccb2/mza_10545582232493904175.jpeg/170x170bb.png], width = [224], height = [224]
08-03 22:04:33.257 21465 22214 D DBReader: getImageAuthentication() called with: imageUrl = [https://is5-ssl.mzstatic.com/image/thumb/Podcasts114/v4/93/cf/99/93cf9960-fff3-205e-6655-72c03ddeccb2/mza_10545582232493904175.jpeg/170x170bb.png]
08-03 22:04:33.260 21465 22206 D ApOkHttpUrlLoader: buildLoadData() called with: model = [https://is4-ssl.mzstatic.com/image/thumb/Podcasts124/v4/49/a4/91/49a491b7-3daf-c5dc-d7c6-6c4f1486955c/mza_5930014091766152297.png/170x170bb.png], width = [224], height = [224]
08-03 22:04:33.260 21465 22214 D ApOkHttpUrlLoader: no credentials for 'https://is5-ssl.mzstatic.com/image/thumb/Podcasts114/v4/93/cf/99/93cf9960-fff3-205e-6655-72c03ddeccb2/mza_10545582232493904175.jpeg/170x170bb.png'
08-03 22:04:33.261 21465 22215 D DBReader: getImageAuthentication() called with: imageUrl = [https://is4-ssl.mzstatic.com/image/thumb/Podcasts124/v4/49/a4/91/49a491b7-3daf-c5dc-d7c6-6c4f1486955c/mza_5930014091766152297.png/170x170bb.png]
08-03 22:04:33.264 21465 22212 D ApOkHttpUrlLoader: buildLoadData() called with: model = [https://is5-ssl.mzstatic.com/image/thumb/Podcasts113/v4/fd/54/6e/fd546ea0-7ab2-e3f0-6049-884d82917af9/mza_4855349695799758348.jpeg/170x170bb.png], width = [224], height = [224]
08-03 22:04:33.265 21465 22215 D ApOkHttpUrlLoader: no credentials for 'https://is4-ssl.mzstatic.com/image/thumb/Podcasts124/v4/49/a4/91/49a491b7-3daf-c5dc-d7c6-6c4f1486955c/mza_5930014091766152297.png/170x170bb.png'
08-03 22:04:33.265 21465 22208 D DBReader: getImageAuthentication() called with: imageUrl = [https://is5-ssl.mzstatic.com/image/thumb/Podcasts113/v4/fd/54/6e/fd546ea0-7ab2-e3f0-6049-884d82917af9/mza_4855349695799758348.jpeg/170x170bb.png]
08-03 22:04:33.268 21465 22208 D ApOkHttpUrlLoader: no credentials for 'https://is5-ssl.mzstatic.com/image/thumb/Podcasts113/v4/fd/54/6e/fd546ea0-7ab2-e3f0-6049-884d82917af9/mza_4855349695799758348.jpeg/170x170bb.png'
08-03 22:04:33.269 21465 22207 D ApOkHttpUrlLoader: buildLoadData() called with: model = [https://is2-ssl.mzstatic.com/image/thumb/Podcasts114/v4/b3/4c/cf/b34ccfc2-cea4-1ca1-0fad-7793af301cc5/mza_2466085192629456364.jpg/170x170bb.png], width = [224], height = [224]
08-03 22:04:33.271 21465 22209 D DBReader: getImageAuthentication() called with: imageUrl = [https://is2-ssl.mzstatic.com/image/thumb/Podcasts114/v4/b3/4c/cf/b34ccfc2-cea4-1ca1-0fad-7793af301cc5/mza_2466085192629456364.jpg/170x170bb.png]
08-03 22:04:33.275 21465 21477 I art     : Explicit concurrent mark sweep GC freed 2225(183KB) AllocSpace objects, 0(0B) LOS objects, 37% free, 27MB/43MB, paused 2.267ms total 33.442ms
08-03 22:04:33.277 21465 22209 D ApOkHttpUrlLoader: no credentials for 'https://is2-ssl.mzstatic.com/image/thumb/Podcasts114/v4/b3/4c/cf/b34ccfc2-cea4-1ca1-0fad-7793af301cc5/mza_2466085192629456364.jpg/170x170bb.png'
08-03 22:04:33.578 21465 21478 I art     : Starting a blocking GC Explicit
08-03 22:04:33.614 21465 21478 I art     : Explicit concurrent mark sweep GC freed 29024(1420KB) AllocSpace objects, 1(20KB) LOS objects, 37% free, 26MB/42MB, paused 1.547ms total 36.385ms
08-03 22:04:33.627 21465 21478 I art     : Starting a blocking GC Explicit
08-03 22:04:33.659 21465 21478 I art     : Explicit concurrent mark sweep GC freed 898(31KB) AllocSpace objects, 0(0B) LOS objects, 37% free, 26MB/42MB, paused 1.595ms total 31.855ms
08-03 22:04:33.670 21465 21478 I art     : Starting a blocking GC Explicit
08-03 22:04:33.702 21465 21478 I art     : Explicit concurrent mark sweep GC freed 3(96B) AllocSpace objects, 0(0B) LOS objects, 37% free, 26MB/42MB, paused 1.504ms total 32.328ms
08-03 22:04:33.713 21465 21478 I art     : Starting a blocking GC Explicit
08-03 22:04:33.746 21465 21478 I art     : Explicit concurrent mark sweep GC freed 3(96B) AllocSpace objects, 0(0B) LOS objects, 37% free, 26MB/42MB, paused 1.518ms total 32.842ms
08-03 22:04:33.758 21465 21478 I art     : Starting a blocking GC Explicit
08-03 22:04:33.791 21465 21478 I art     : Explicit concurrent mark sweep GC freed 3(96B) AllocSpace objects, 0(0B) LOS objects, 37% free, 26MB/42MB, paused 1.518ms total 32.910ms
08-03 22:04:33.846 21465 22214 D MYTAG   : interceptor 2a
08-03 22:04:33.846 21465 22214 I NAPPA_EXPERIMENTATION: MetricNetworkRequestExecutionTime: REQUEST_DURATION_SYSTEM='586',REQUEST_DURATION_OKHTTP='409',REQUEST_SYNCHRONOUS='TRUE',RESPONSE_CODE='200',RESPONSE_METHOD='GET',RESPONSE_LENGTH_OKHTTP='22351',RESPONSE_LENGTH_HEADER='22351',REQUEST_PROTOCOL='h2',REQUEST_URL='https://is5-ssl.mzstatic.com/image/thumb/Podcasts114/v4/93/cf/99/93cf9960-fff3-205e-6655-72c03ddeccb2/mza_10545582232493904175.jpeg/170x170bb.png',
08-03 22:04:33.848 21465 22215 D MYTAG   : interceptor 2a
08-03 22:04:33.848 21465 22215 I NAPPA_EXPERIMENTATION: MetricNetworkRequestExecutionTime: REQUEST_DURATION_SYSTEM='583',REQUEST_DURATION_OKHTTP='427',REQUEST_SYNCHRONOUS='TRUE',RESPONSE_CODE='200',RESPONSE_METHOD='GET',RESPONSE_LENGTH_OKHTTP='12000',RESPONSE_LENGTH_HEADER='12000',REQUEST_PROTOCOL='h2',REQUEST_URL='https://is4-ssl.mzstatic.com/image/thumb/Podcasts124/v4/49/a4/91/49a491b7-3daf-c5dc-d7c6-6c4f1486955c/mza_5930014091766152297.png/170x170bb.png',
08-03 22:04:33.850 21465 22211 D MYTAG   : interceptor 2a
08-03 22:04:33.850 21465 22211 I NAPPA_EXPERIMENTATION: MetricNetworkRequestExecutionTime: REQUEST_DURATION_SYSTEM='606',REQUEST_DURATION_OKHTTP='447',REQUEST_SYNCHRONOUS='TRUE',RESPONSE_CODE='200',RESPONSE_METHOD='GET',RESPONSE_LENGTH_OKHTTP='26177',RESPONSE_LENGTH_HEADER='26177',REQUEST_PROTOCOL='h2',REQUEST_URL='https://is4-ssl.mzstatic.com/image/thumb/Podcasts114/v4/3f/16/74/3f167426-bf50-ce3a-d709-e4301620fc5b/mza_5832671293059882550.jpeg/170x170bb.png',
08-03 22:04:33.850 21465 22208 D MYTAG   : interceptor 2a
08-03 22:04:33.850 21465 22208 I NAPPA_EXPERIMENTATION: MetricNetworkRequestExecutionTime: REQUEST_DURATION_SYSTEM='581',REQUEST_DURATION_OKHTTP='387',REQUEST_SYNCHRONOUS='TRUE',RESPONSE_CODE='200',RESPONSE_METHOD='GET',RESPONSE_LENGTH_OKHTTP='54835',RESPONSE_LENGTH_HEADER='54835',REQUEST_PROTOCOL='h2',REQUEST_URL='https://is5-ssl.mzstatic.com/image/thumb/Podcasts113/v4/fd/54/6e/fd546ea0-7ab2-e3f0-6049-884d82917af9/mza_4855349695799758348.jpeg/170x170bb.png',
08-03 22:04:33.850 21465 22213 D MYTAG   : interceptor 2a
08-03 22:04:33.851 21465 22213 I NAPPA_EXPERIMENTATION: MetricNetworkRequestExecutionTime: REQUEST_DURATION_SYSTEM='595',REQUEST_DURATION_OKHTTP='386',REQUEST_SYNCHRONOUS='TRUE',RESPONSE_CODE='200',RESPONSE_METHOD='GET',RESPONSE_LENGTH_OKHTTP='48239',RESPONSE_LENGTH_HEADER='48239',REQUEST_PROTOCOL='h2',REQUEST_URL='https://is2-ssl.mzstatic.com/image/thumb/Podcasts113/v4/a9/39/cc/a939ccc5-6d60-0c11-0a4c-16d71cdef89b/mza_8787577209688278658.jpg/170x170bb.png',
08-03 22:04:33.866 21465 22209 D MYTAG   : interceptor 2a
08-03 22:04:33.866 21465 22209 I NAPPA_EXPERIMENTATION: MetricNetworkRequestExecutionTime: REQUEST_DURATION_SYSTEM='589',REQUEST_DURATION_OKHTTP='392',REQUEST_SYNCHRONOUS='TRUE',RESPONSE_CODE='200',RESPONSE_METHOD='GET',RESPONSE_LENGTH_OKHTTP='42299',RESPONSE_LENGTH_HEADER='42299',REQUEST_PROTOCOL='h2',REQUEST_URL='https://is2-ssl.mzstatic.com/image/thumb/Podcasts114/v4/b3/4c/cf/b34ccfc2-cea4-1ca1-0fad-7793af301cc5/mza_2466085192629456364.jpg/170x170bb.png',
08-03 22:04:33.876 21465 22216 D MYTAG   : interceptor 2a
08-03 22:04:33.877 21465 22216 I NAPPA_EXPERIMENTATION: MetricNetworkRequestExecutionTime: REQUEST_DURATION_SYSTEM='625',REQUEST_DURATION_OKHTTP='421',REQUEST_SYNCHRONOUS='TRUE',RESPONSE_CODE='200',RESPONSE_METHOD='GET',RESPONSE_LENGTH_OKHTTP='45995',RESPONSE_LENGTH_HEADER='45995',REQUEST_PROTOCOL='h2',REQUEST_URL='https://is4-ssl.mzstatic.com/image/thumb/Podcasts113/v4/e5/8a/10/e58a108f-f5d0-f622-c94a-13f66edd570c/mza_3025981348644196724.jpg/170x170bb.png',
08-03 22:04:34.092 21465 21478 I art     : Starting a blocking GC Explicit
08-03 22:04:34.130 21465 21478 I art     : Explicit concurrent mark sweep GC freed 4263(268KB) AllocSpace objects, 1(20KB) LOS objects, 35% free, 28MB/44MB, paused 1.365ms total 37.582ms
08-03 22:04:34.142 21465 21478 I art     : Starting a blocking GC Explicit
08-03 22:04:34.181 21465 21478 I art     : Explicit concurrent mark sweep GC freed 43(2096B) AllocSpace objects, 0(0B) LOS objects, 35% free, 28MB/44MB, paused 1.308ms total 38.383ms
08-03 22:04:34.193 21465 21478 I art     : Starting a blocking GC Explicit
08-03 22:04:34.231 21465 21478 I art     : Explicit concurrent mark sweep GC freed 3(96B) AllocSpace objects, 0(0B) LOS objects, 35% free, 28MB/44MB, paused 1.321ms total 37.069ms
08-03 22:04:34.243 21465 21478 I art     : Starting a blocking GC Explicit
08-03 22:04:34.282 21465 21478 I art     : Explicit concurrent mark sweep GC freed 3(96B) AllocSpace objects, 0(0B) LOS objects, 35% free, 28MB/44MB, paused 1.291ms total 38.182ms
08-03 22:04:34.294 21465 21478 I art     : Starting a blocking GC Explicit
08-03 22:04:34.332 21465 21478 I art     : Explicit concurrent mark sweep GC freed 3(96B) AllocSpace objects, 0(0B) LOS objects, 35% free, 28MB/44MB, paused 1.263ms total 37.502ms
08-03 22:04:34.661 21465 21803 I art     : Starting a blocking GC Explicit
08-03 22:04:34.710 21465 21803 I art     : Explicit concurrent mark sweep GC freed 1370(81KB) AllocSpace objects, 1(20KB) LOS objects, 35% free, 28MB/44MB, paused 1.580ms total 48.622ms
08-03 22:04:34.727 21465 21803 I art     : Starting a blocking GC Explicit
08-03 22:04:34.768 21465 21803 I art     : Explicit concurrent mark sweep GC freed 23(752B) AllocSpace objects, 0(0B) LOS objects, 35% free, 28MB/44MB, paused 1.443ms total 40.219ms
08-03 22:04:34.780 21465 21803 I art     : Starting a blocking GC Explicit
08-03 22:04:34.818 21465 21803 I art     : Explicit concurrent mark sweep GC freed 3(96B) AllocSpace objects, 0(0B) LOS objects, 35% free, 28MB/44MB, paused 1.358ms total 38.362ms
08-03 22:04:34.831 21465 21803 I art     : Starting a blocking GC Explicit
08-03 22:04:34.872 21465 21803 I art     : Explicit concurrent mark sweep GC freed 6(192B) AllocSpace objects, 0(0B) LOS objects, 35% free, 28MB/44MB, paused 2.701ms total 40.534ms
08-03 22:04:34.884 21465 21803 I art     : Starting a blocking GC Explicit
08-03 22:04:34.920 21465 21803 I art     : Explicit concurrent mark sweep GC freed 11(352B) AllocSpace objects, 0(0B) LOS objects, 35% free, 28MB/44MB, paused 1.246ms total 35.869ms
08-03 22:04:35.250 21465 21478 I art     : Starting a blocking GC Explicit
08-03 22:04:35.299 21465 21478 I art     : Explicit concurrent mark sweep GC freed 1419(83KB) AllocSpace objects, 1(20KB) LOS objects, 35% free, 28MB/44MB, paused 1.670ms total 48.064ms
08-03 22:04:35.315 21465 21478 I art     : Starting a blocking GC Explicit
08-03 22:04:35.351 21465 21478 I art     : Explicit concurrent mark sweep GC freed 23(752B) AllocSpace objects, 0(0B) LOS objects, 35% free, 28MB/44MB, paused 1.328ms total 36.054ms
08-03 22:04:35.363 21465 21478 I art     : Starting a blocking GC Explicit
08-03 22:04:35.401 21465 21478 I art     : Explicit concurrent mark sweep GC freed 3(96B) AllocSpace objects, 0(0B) LOS objects, 35% free, 28MB/44MB, paused 1.280ms total 37.493ms
08-03 22:04:35.413 21465 21478 I art     : Starting a blocking GC Explicit
08-03 22:04:35.451 21465 21478 I art     : Explicit concurrent mark sweep GC freed 3(96B) AllocSpace objects, 0(0B) LOS objects, 35% free, 28MB/44MB, paused 1.360ms total 37.403ms
08-03 22:04:35.463 21465 21478 I art     : Starting a blocking GC Explicit
08-03 22:04:35.501 21465 21478 I art     : Explicit concurrent mark sweep GC freed 3(96B) AllocSpace objects, 0(0B) LOS objects, 35% free, 28MB/44MB, paused 1.296ms total 37.102ms
08-03 22:04:35.843 21465 21575 I art     : Starting a blocking GC Explicit
08-03 22:04:35.888 21465 21575 I art     : Explicit concurrent mark sweep GC freed 1370(81KB) AllocSpace objects, 1(20KB) LOS objects, 35% free, 28MB/44MB, paused 1.463ms total 45.040ms
08-03 22:04:35.903 21465 21575 I art     : Starting a blocking GC Explicit
08-03 22:04:35.938 21465 21575 I art     : Explicit concurrent mark sweep GC freed 23(752B) AllocSpace objects, 0(0B) LOS objects, 35% free, 28MB/44MB, paused 1.304ms total 34.536ms
08-03 22:04:35.950 21465 21575 I art     : Starting a blocking GC Explicit
08-03 22:04:35.989 21465 21575 I art     : Explicit concurrent mark sweep GC freed 3(96B) AllocSpace objects, 0(0B) LOS objects, 35% free, 28MB/44MB, paused 1.332ms total 38.237ms
08-03 22:04:36.001 21465 21575 I art     : Starting a blocking GC Explicit
08-03 22:04:36.039 21465 21575 I art     : Explicit concurrent mark sweep GC freed 32(880B) AllocSpace objects, 0(0B) LOS objects, 35% free, 28MB/44MB, paused 1.215ms total 37.899ms
08-03 22:04:36.051 21465 21575 I art     : Starting a blocking GC Explicit
08-03 22:04:36.088 21465 21575 I art     : Explicit concurrent mark sweep GC freed 3(96B) AllocSpace objects, 0(0B) LOS objects, 35% free, 28MB/44MB, paused 1.257ms total 36.447ms
08-03 22:04:36.459 21465 21477 I art     : Starting a blocking GC Explicit
08-03 22:04:36.504 21465 21477 I art     : Explicit concurrent mark sweep GC freed 1371(82KB) AllocSpace objects, 1(20KB) LOS objects, 35% free, 28MB/44MB, paused 1.331ms total 44.258ms
08-03 22:04:36.518 21465 21477 I art     : Starting a blocking GC Explicit
08-03 22:04:36.555 21465 21477 I art     : Explicit concurrent mark sweep GC freed 23(752B) AllocSpace objects, 0(0B) LOS objects, 35% free, 28MB/44MB, paused 1.391ms total 36.629ms
08-03 22:04:36.567 21465 21477 I art     : Starting a blocking GC Explicit
08-03 22:04:36.605 21465 21477 I art     : Explicit concurrent mark sweep GC freed 3(96B) AllocSpace objects, 0(0B) LOS objects, 35% free, 28MB/44MB, paused 1.291ms total 37.974ms
08-03 22:04:36.618 21465 21477 I art     : Starting a blocking GC Explicit
08-03 22:04:36.656 21465 21477 I art     : Explicit concurrent mark sweep GC freed 3(96B) AllocSpace objects, 0(0B) LOS objects, 35% free, 28MB/44MB, paused 1.398ms total 37.494ms
08-03 22:04:36.668 21465 21477 I art     : Starting a blocking GC Explicit
08-03 22:04:36.704 21465 21477 I art     : Explicit concurrent mark sweep GC freed 3(96B) AllocSpace objects, 0(0B) LOS objects, 35% free, 28MB/44MB, paused 1.287ms total 36.309ms
08-03 22:04:37.019 10802 10945 E GoogleConversionReporter: Error sending ping
08-03 22:04:37.019 10802 10945 E GoogleConversionReporter: bljc: Exception in CronetUrlRequest: net::ERR_CONNECTION_CLOSED, ErrorCode=5, InternalErrorCode=-100, Retryable=true
08-03 22:04:37.019 10802 10945 E GoogleConversionReporter: 	at org.chromium.net.impl.CronetUrlRequest.onError(PG:55)
08-03 22:04:37.046 21465 21803 I art     : Starting a blocking GC Explicit
08-03 22:04:37.084 21465 21803 I art     : Explicit concurrent mark sweep GC freed 1399(82KB) AllocSpace objects, 1(20KB) LOS objects, 35% free, 28MB/44MB, paused 1.261ms total 37.557ms
08-03 22:04:37.096 21465 21803 I art     : Starting a blocking GC Explicit
08-03 22:04:37.131 21465 21803 I art     : Explicit concurrent mark sweep GC freed 23(752B) AllocSpace objects, 0(0B) LOS objects, 35% free, 28MB/44MB, paused 1.246ms total 35.199ms
08-03 22:04:37.143 21465 21803 I art     : Starting a blocking GC Explicit
08-03 22:04:37.180 21465 21803 I art     : Explicit concurrent mark sweep GC freed 3(96B) AllocSpace objects, 0(0B) LOS objects, 35% free, 28MB/44MB, paused 1.269ms total 36.160ms
08-03 22:04:37.192 21465 21803 I art     : Starting a blocking GC Explicit
08-03 22:04:37.231 21465 21803 I art     : Explicit concurrent mark sweep GC freed 3(96B) AllocSpace objects, 0(0B) LOS objects, 35% free, 28MB/44MB, paused 1.327ms total 38.130ms
08-03 22:04:37.243 21465 21803 I art     : Starting a blocking GC Explicit
08-03 22:04:37.282 21465 21803 I art     : Explicit concurrent mark sweep GC freed 3(96B) AllocSpace objects, 0(0B) LOS objects, 35% free, 28MB/44MB, paused 1.298ms total 38.147ms
08-03 22:04:37.627 21465 21478 I art     : Starting a blocking GC Explicit
08-03 22:04:37.672 21465 21478 I art     : Explicit concurrent mark sweep GC freed 1369(80KB) AllocSpace objects, 1(20KB) LOS objects, 35% free, 28MB/44MB, paused 1.404ms total 44.552ms
08-03 22:04:37.685 21465 21478 I art     : Starting a blocking GC Explicit
08-03 22:04:37.723 21465 21478 I art     : Explicit concurrent mark sweep GC freed 23(752B) AllocSpace objects, 0(0B) LOS objects, 35% free, 28MB/44MB, paused 1.277ms total 37.764ms
08-03 22:04:37.735 21465 21478 I art     : Starting a blocking GC Explicit
08-03 22:04:37.773 21465 21478 I art     : Explicit concurrent mark sweep GC freed 3(96B) AllocSpace objects, 0(0B) LOS objects, 35% free, 28MB/44MB, paused 1.286ms total 37.131ms
08-03 22:04:37.785 21465 21478 I art     : Starting a blocking GC Explicit
08-03 22:04:37.823 21465 21478 I art     : Explicit concurrent mark sweep GC freed 3(96B) AllocSpace objects, 0(0B) LOS objects, 35% free, 28MB/44MB, paused 1.306ms total 37.446ms
08-03 22:04:37.835 21465 21478 I art     : Starting a blocking GC Explicit
08-03 22:04:37.873 21465 21478 I art     : Explicit concurrent mark sweep GC freed 3(96B) AllocSpace objects, 0(0B) LOS objects, 35% free, 28MB/44MB, paused 1.309ms total 37.972ms
08-03 22:04:38.216 21465 21575 I art     : Starting a blocking GC Explicit
08-03 22:04:38.266 21465 21575 I art     : Explicit concurrent mark sweep GC freed 1398(81KB) AllocSpace objects, 1(20KB) LOS objects, 35% free, 28MB/44MB, paused 1.542ms total 49.773ms
08-03 22:04:38.281 21465 21575 I art     : Starting a blocking GC Explicit
08-03 22:04:38.317 21465 21575 I art     : Explicit concurrent mark sweep GC freed 23(752B) AllocSpace objects, 0(0B) LOS objects, 35% free, 28MB/44MB, paused 1.343ms total 35.998ms
08-03 22:04:38.329 21465 21575 I art     : Starting a blocking GC Explicit
08-03 22:04:38.367 21465 21575 I art     : Explicit concurrent mark sweep GC freed 3(96B) AllocSpace objects, 0(0B) LOS objects, 35% free, 28MB/44MB, paused 1.387ms total 37.624ms
08-03 22:04:38.379 21465 21575 I art     : Starting a blocking GC Explicit
08-03 22:04:38.417 21465 21575 I art     : Explicit concurrent mark sweep GC freed 3(96B) AllocSpace objects, 0(0B) LOS objects, 35% free, 28MB/44MB, paused 1.252ms total 36.923ms
08-03 22:04:38.429 21465 21575 I art     : Starting a blocking GC Explicit
08-03 22:04:38.467 21465 21575 I art     : Explicit concurrent mark sweep GC freed 3(96B) AllocSpace objects, 0(0B) LOS objects, 35% free, 28MB/44MB, paused 1.519ms total 38.003ms
08-03 22:04:38.807 21465 21477 I art     : Starting a blocking GC Explicit
08-03 22:04:38.854 21465 21477 I art     : Explicit concurrent mark sweep GC freed 1369(80KB) AllocSpace objects, 1(20KB) LOS objects, 35% free, 28MB/44MB, paused 1.441ms total 46.531ms
08-03 22:04:38.868 21465 21477 I art     : Starting a blocking GC Explicit
08-03 22:04:38.901 21465 21477 I art     : Explicit concurrent mark sweep GC freed 23(752B) AllocSpace objects, 0(0B) LOS objects, 35% free, 28MB/44MB, paused 1.276ms total 32.875ms
08-03 22:04:38.913 21465 21477 I art     : Starting a blocking GC Explicit
08-03 22:04:38.946 21465 21477 I art     : Explicit concurrent mark sweep GC freed 3(96B) AllocSpace objects, 0(0B) LOS objects, 35% free, 28MB/44MB, paused 1.231ms total 33.097ms
08-03 22:04:38.957 21465 21477 I art     : Starting a blocking GC Explicit
08-03 22:04:38.992 21465 21477 I art     : Explicit concurrent mark sweep GC freed 3(96B) AllocSpace objects, 0(0B) LOS objects, 35% free, 28MB/44MB, paused 1.306ms total 34.459ms
08-03 22:04:39.004 21465 21477 I art     : Starting a blocking GC Explicit
08-03 22:04:39.040 21465 21477 I art     : Explicit concurrent mark sweep GC freed 32(880B) AllocSpace objects, 0(0B) LOS objects, 35% free, 28MB/44MB, paused 1.313ms total 36.108ms
08-03 22:04:39.370 21465 21803 I art     : Starting a blocking GC Explicit
08-03 22:04:39.405 23496 23496 D AndroidRuntime: >>>>>> START com.android.internal.os.RuntimeInit uid 2000 <<<<<<
08-03 22:04:39.413 23496 23496 D AndroidRuntime: CheckJNI is OFF
08-03 22:04:39.413 21465 21803 I art     : Explicit concurrent mark sweep GC freed 1369(80KB) AllocSpace objects, 1(20KB) LOS objects, 35% free, 28MB/44MB, paused 1.457ms total 42.481ms
08-03 22:04:39.425 21465 21803 I art     : Starting a blocking GC Explicit
08-03 22:04:39.460 23496 23496 D ICU     : No timezone override file found: /data/misc/zoneinfo/current/icu/icu_tzdata.dat
08-03 22:04:39.461 21465 21803 I art     : Explicit concurrent mark sweep GC freed 23(752B) AllocSpace objects, 0(0B) LOS objects, 35% free, 28MB/44MB, paused 1.319ms total 35.304ms
08-03 22:04:39.473 21465 21803 I art     : Starting a blocking GC Explicit
08-03 22:04:39.506 23496 23496 I Radio-JNI: register_android_hardware_Radio DONE
08-03 22:04:39.507 21465 21803 I art     : Explicit concurrent mark sweep GC freed 3(96B) AllocSpace objects, 0(0B) LOS objects, 35% free, 28MB/44MB, paused 1.514ms total 34.314ms
08-03 22:04:39.519 21465 21803 I art     : Starting a blocking GC Explicit
08-03 22:04:39.536 23496 23496 D AndroidRuntime: Calling main entry com.android.commands.input.Input
08-03 22:04:39.539 23496 23496 I Input   : injectMotionEvent: MotionEvent { action=ACTION_DOWN, actionButton=0, id[0]=0, x[0]=616.0, y[0]=469.0, toolType[0]=TOOL_TYPE_UNKNOWN, buttonState=0, metaState=0, flags=0x0, edgeFlags=0x0, pointerCount=1, historySize=0, eventTime=655495952, downTime=655495952, deviceId=0, source=0x1002 }
08-03 22:04:39.546 23496 23496 I Input   : injectMotionEvent: MotionEvent { action=ACTION_UP, actionButton=0, id[0]=0, x[0]=616.0, y[0]=469.0, toolType[0]=TOOL_TYPE_UNKNOWN, buttonState=0, metaState=0, flags=0x0, edgeFlags=0x0, pointerCount=1, historySize=0, eventTime=655495952, downTime=655495952, deviceId=0, source=0x1002 }
08-03 22:04:39.548 23496 23496 D AndroidRuntime: Shutting down VM
08-03 22:04:39.554 21465 21803 I art     : Explicit concurrent mark sweep GC freed 18(544B) AllocSpace objects, 0(0B) LOS objects, 35% free, 28MB/44MB, paused 1.280ms total 34.689ms
08-03 22:04:39.566 21465 21803 I art     : Starting a blocking GC Explicit
08-03 22:04:39.598 21465 21803 I art     : Explicit concurrent mark sweep GC freed 9(320B) AllocSpace objects, 0(0B) LOS objects, 35% free, 28MB/44MB, paused 1.223ms total 32.095ms
08-03 22:04:39.616   512  2967 D audio_hw_primary: out_set_parameters: enter: usecase(1: low-latency-playback) kvpairs: routing=2
08-03 22:04:39.629   512  2967 D audio_hw_primary: select_devices: out_snd_device(2: speaker) in_snd_device(0: none)
08-03 22:04:39.630   512  2967 D msm8974_platform: platform_send_audio_calibration: sending audio calibration for snd_device(2) acdb_id(15)
08-03 22:04:39.630   512  2967 I soundtrigger: audio_extn_sound_trigger_update_device_status: device 0x2 of type 0 for Event 1
08-03 22:04:39.640   512  2967 D audio_hw_primary: enable_snd_device: snd_device(2: speaker)
08-03 22:04:39.643   512  2967 D audio_hw_primary: enable_audio_route: apply and update mixer path: low-latency-playback speaker
08-03 22:04:39.830 21465 21491 I NAPPA_EXPERIMENTATION: MetricNetworkRequestExecutionTime: REQUEST_DURATION_SYSTEM='216',REQUEST_DURATION_OKHTTP='214',REQUEST_SYNCHRONOUS='TRUE',RESPONSE_CODE='200',RESPONSE_METHOD='GET',RESPONSE_LENGTH_OKHTTP='-1',RESPONSE_LENGTH_HEADER='628',REQUEST_PROTOCOL='h2',REQUEST_URL='https://itunes.apple.com/lookup?id=1524080195',
08-03 22:04:39.858   918  6110 I ActivityManager: START u0 {cmp=baseline.de.danoeh.antennapod.debug/baseline.de.danoeh.antennapod.activity.OnlineFeedViewActivity (has extras)} from uid 10633 on display 0
08-03 22:04:39.882 13866 13866 I GoogleInputMethodServic: GoogleInputMethodService.onFinishInput():3138 
08-03 22:04:39.883 13866 13866 I GoogleInputMethodServic: GoogleInputMethodService.onStartInput():1808 
08-03 22:04:39.893 21465 21575 I art     : Starting a blocking GC Explicit
08-03 22:04:39.910 21465 21465 D UserPreferences: Using default data folder
08-03 22:04:39.912 21465 21465 D OnlineFeedViewActivity: Activity was started with url https://rss.art19.com/nice-white-parents
08-03 22:04:39.915 21465 21465 D OnlineFeedViewActivity: Starting feed download
08-03 22:04:39.918 21465 22011 D DBReader: Extracting Feedlist
08-03 22:04:39.921   918  6111 D WifiService: acquireWifiLockLocked: WifiLock{Downloader type=1 binder=android.os.BinderProxy@b788cde}
08-03 22:04:39.922 21465 22011 D AntennapodHttpClient: Creating new instance of HTTP client
08-03 22:04:39.930 21465 21575 I art     : Explicit concurrent mark sweep GC freed 3250(211KB) AllocSpace objects, 1(20KB) LOS objects, 35% free, 28MB/44MB, paused 1.520ms total 36.918ms
08-03 22:04:39.941 21465 21575 I art     : Starting a blocking GC Explicit
08-03 22:04:39.973 21465 21575 I art     : Explicit concurrent mark sweep GC freed 456(25KB) AllocSpace objects, 0(0B) LOS objects, 35% free, 28MB/44MB, paused 1.277ms total 31.401ms
08-03 22:04:39.982 13866 13866 I GoogleInputMethodServic: GoogleInputMethodService.onFinishInput():3138 
08-03 22:04:39.983 13866 13866 I GoogleInputMethodServic: GoogleInputMethodService.onStartInput():1808 
08-03 22:04:39.984 21465 21575 I art     : Starting a blocking GC Explicit
08-03 22:04:40.008   918   936 I ActivityManager: Displayed baseline.de.danoeh.antennapod.debug/baseline.de.danoeh.antennapod.activity.OnlineFeedViewActivity: +125ms
08-03 22:04:40.018 21465 21575 I art     : Explicit concurrent mark sweep GC freed 752(62KB) AllocSpace objects, 2(120KB) LOS objects, 35% free, 28MB/44MB, paused 1.690ms total 34.361ms
08-03 22:04:40.030 21465 21575 I art     : Starting a blocking GC Explicit
08-03 22:04:40.066 21465 21575 I art     : Explicit concurrent mark sweep GC freed 4218(171KB) AllocSpace objects, 0(0B) LOS objects, 35% free, 29MB/45MB, paused 1.413ms total 36.608ms
08-03 22:04:40.077 21465 21575 I art     : Starting a blocking GC Explicit
08-03 22:04:40.088   518   646 I ThermalEngine: ACTION: GPU - Setting GPU[0] to 510000000
08-03 22:04:40.110 21465 21575 I art     : Explicit concurrent mark sweep GC freed 944(116KB) AllocSpace objects, 1(80KB) LOS objects, 35% free, 28MB/44MB, paused 1.310ms total 32.658ms
08-03 22:04:40.192   512  2967 D audio_hw_primary: disable_audio_route: reset and update mixer path: low-latency-playback speaker
08-03 22:04:40.194   512  2967 D audio_hw_primary: disable_snd_device: snd_device(2: speaker)
08-03 22:04:40.202 21465 22011 D MYTAG   : interceptor 3a https://rss.art19.com/nice-white-parents
08-03 22:04:40.202 21465 22011 I NAPPA_EXPERIMENTATION: MetricNetworkRequestExecutionTime: REQUEST_DURATION_SYSTEM='279',REQUEST_DURATION_OKHTTP='148',REQUEST_SYNCHRONOUS='TRUE',RESPONSE_CODE='200',RESPONSE_METHOD='GET',RESPONSE_LENGTH_OKHTTP='-1',RESPONSE_LENGTH_HEADER='1803',REQUEST_PROTOCOL='h2',REQUEST_URL='https://rss.art19.com/nice-white-parents',
08-03 22:04:40.203 21465 22011 D HttpDownloader: Response code is 200
08-03 22:04:40.203 21465 22011 D UserPreferences: Using default data folder
08-03 22:04:40.204   512  2967 I soundtrigger: audio_extn_sound_trigger_update_device_status: device 0x2 of type 0 for Event 0
08-03 22:04:40.208 21465 22011 D HttpDownloader: Getting size of download
08-03 22:04:40.208 21465 22011 D HttpDownloader: Size is -1
08-03 22:04:40.208 21465 22011 D UserPreferences: Using default data folder
08-03 22:04:40.208 21465 22011 D HttpDownloader: Free space is 20795166720
08-03 22:04:40.208 21465 22011 D HttpDownloader: Starting download
08-03 22:04:40.216 21465 22011 D HttpDownloader: Download was successful
08-03 22:04:40.217   918  6110 D WifiService: releaseWifiLockLocked: WifiLock{Downloader type=1 binder=android.os.BinderProxy@b788cde}
08-03 22:04:40.218 21465 21465 D OnlineFeedViewActivity: Parsing feed
08-03 22:04:40.223 21465 23532 D TypeGetter: Recognized type RSS 2.0
08-03 22:04:40.226 21465 23532 D SyndHandler: Recognized ITunes namespace
08-03 22:04:40.227 21465 23532 D SyndHandler: Recognized Atom namespace
08-03 22:04:40.227 21465 23532 D SyndHandler: Recognized Content namespace
08-03 22:04:40.235 21465 23532 D OnlineFeedViewActivity: Deleted feed source file. Result: true
08-03 22:04:40.235 21465 21465 D OnlineFeedViewActivity: Removing HTML from shownotes
08-03 22:04:40.257   380   380 W SurfaceFlinger: couldn't log to binary event log: overflow.
08-03 22:04:40.379 21465 21465 D PlaybackController: Releasing PlaybackController
08-03 22:04:40.397 21465 21575 I art     : Starting a blocking GC Explicit
08-03 22:04:40.429 21465 21575 I art     : Explicit concurrent mark sweep GC freed 3718(377KB) AllocSpace objects, 5(148KB) LOS objects, 35% free, 28MB/44MB, paused 976us total 31.334ms
08-03 22:04:40.439 21465 21575 I art     : Starting a blocking GC Explicit
08-03 22:04:40.468 21465 21575 I art     : Explicit concurrent mark sweep GC freed 657(31KB) AllocSpace objects, 1(112KB) LOS objects, 35% free, 28MB/44MB, paused 1.089ms total 29.202ms
08-03 22:04:40.477 21465 21575 I art     : Starting a blocking GC Explicit
08-03 22:04:40.507 21465 21575 I art     : Explicit concurrent mark sweep GC freed 3(96B) AllocSpace objects, 0(0B) LOS objects, 35% free, 28MB/44MB, paused 1.141ms total 29.762ms
08-03 22:04:40.517 21465 21575 I art     : Starting a blocking GC Explicit
08-03 22:04:40.547 21465 21575 I art     : Explicit concurrent mark sweep GC freed 3(96B) AllocSpace objects, 0(0B) LOS objects, 35% free, 28MB/44MB, paused 945us total 29.745ms
08-03 22:04:40.557 21465 21575 I art     : Starting a blocking GC Explicit
08-03 22:04:40.586 21465 21575 I art     : Explicit concurrent mark sweep GC freed 3(96B) AllocSpace objects, 0(0B) LOS objects, 35% free, 28MB/44MB, paused 975us total 29.738ms
08-03 22:04:40.889 21465 21477 I art     : Starting a blocking GC Explicit
08-03 22:04:40.927 21465 21477 I art     : Explicit concurrent mark sweep GC freed 1370(80KB) AllocSpace objects, 1(20KB) LOS objects, 35% free, 28MB/44MB, paused 1.089ms total 37.478ms
08-03 22:04:40.940 21465 21477 I art     : Starting a blocking GC Explicit
08-03 22:04:40.971 21465 21477 I art     : Explicit concurrent mark sweep GC freed 23(752B) AllocSpace objects, 0(0B) LOS objects, 35% free, 28MB/44MB, paused 985us total 30.025ms
08-03 22:04:40.980 21465 21477 I art     : Starting a blocking GC Explicit
08-03 22:04:41.010 21465 21477 I art     : Explicit concurrent mark sweep GC freed 32(880B) AllocSpace objects, 0(0B) LOS objects, 35% free, 28MB/44MB, paused 996us total 29.538ms
08-03 22:04:41.020 21465 21477 I art     : Starting a blocking GC Explicit
08-03 22:04:41.050 21465 21477 I art     : Explicit concurrent mark sweep GC freed 3(96B) AllocSpace objects, 0(0B) LOS objects, 35% free, 28MB/44MB, paused 998us total 29.804ms
08-03 22:04:41.060 21465 21477 I art     : Starting a blocking GC Explicit
08-03 22:04:41.092   518   646 I ThermalEngine: ACTION: GPU - Setting GPU[0] to 450000000
08-03 22:04:41.092 21465 21477 I art     : Explicit concurrent mark sweep GC freed 3(96B) AllocSpace objects, 0(0B) LOS objects, 35% free, 28MB/44MB, paused 1.002ms total 31.783ms
08-03 22:04:41.405 21465 21478 I art     : Starting a blocking GC Explicit
08-03 22:04:41.458 21465 21478 I art     : Explicit concurrent mark sweep GC freed 1369(80KB) AllocSpace objects, 1(20KB) LOS objects, 35% free, 28MB/44MB, paused 1.560ms total 53.330ms
08-03 22:04:41.477 21465 21478 I art     : Starting a blocking GC Explicit
08-03 22:04:41.522 21465 21478 I art     : Explicit concurrent mark sweep GC freed 23(752B) AllocSpace objects, 0(0B) LOS objects, 35% free, 28MB/44MB, paused 1.395ms total 44.504ms
08-03 22:04:41.535 21465 21478 I art     : Starting a blocking GC Explicit
08-03 22:04:41.574 21465 21478 I art     : Explicit concurrent mark sweep GC freed 3(96B) AllocSpace objects, 0(0B) LOS objects, 35% free, 28MB/44MB, paused 1.383ms total 38.630ms
08-03 22:04:41.586 21465 21478 I art     : Starting a blocking GC Explicit
08-03 22:04:41.627 21465 21478 I art     : Explicit concurrent mark sweep GC freed 3(96B) AllocSpace objects, 0(0B) LOS objects, 35% free, 28MB/44MB, paused 1.381ms total 40.611ms
08-03 22:04:41.640 21465 21478 I art     : Starting a blocking GC Explicit
08-03 22:04:41.679 21465 21478 I art     : Explicit concurrent mark sweep GC freed 3(96B) AllocSpace objects, 0(0B) LOS objects, 35% free, 28MB/44MB, paused 1.566ms total 39.523ms
08-03 22:04:42.033 21465 21575 I art     : Starting a blocking GC Explicit
08-03 22:04:42.071 21465 21575 I art     : Explicit concurrent mark sweep GC freed 1423(81KB) AllocSpace objects, 1(20KB) LOS objects, 35% free, 28MB/44MB, paused 1.401ms total 38.452ms
08-03 22:04:42.084 21465 21575 I art     : Starting a blocking GC Explicit
08-03 22:04:42.119 21465 21575 I art     : Explicit concurrent mark sweep GC freed 28(912B) AllocSpace objects, 0(0B) LOS objects, 35% free, 28MB/44MB, paused 1.301ms total 34.657ms
08-03 22:04:42.131 21465 21575 I art     : Starting a blocking GC Explicit
08-03 22:04:42.168 21465 21575 I art     : Explicit concurrent mark sweep GC freed 3(96B) AllocSpace objects, 0(0B) LOS objects, 35% free, 28MB/44MB, paused 1.422ms total 37.036ms
08-03 22:04:42.180 21465 21575 I art     : Starting a blocking GC Explicit
08-03 22:04:42.219 21465 21575 I art     : Explicit concurrent mark sweep GC freed 3(96B) AllocSpace objects, 0(0B) LOS objects, 35% free, 28MB/44MB, paused 1.316ms total 38.479ms
08-03 22:04:42.232 21465 21575 I art     : Starting a blocking GC Explicit
08-03 22:04:42.272 21465 21575 I art     : Explicit concurrent mark sweep GC freed 3(96B) AllocSpace objects, 0(0B) LOS objects, 35% free, 28MB/44MB, paused 1.385ms total 40.353ms
08-03 22:04:42.622 21465 21803 I art     : Starting a blocking GC Explicit
08-03 22:04:42.676 21465 21803 I art     : Explicit concurrent mark sweep GC freed 1369(80KB) AllocSpace objects, 1(20KB) LOS objects, 35% free, 28MB/44MB, paused 1.559ms total 53.159ms
08-03 22:04:42.693 21465 21803 I art     : Starting a blocking GC Explicit
08-03 22:04:42.731 21465 21803 I art     : Explicit concurrent mark sweep GC freed 23(752B) AllocSpace objects, 0(0B) LOS objects, 35% free, 28MB/44MB, paused 1.379ms total 36.962ms
08-03 22:04:42.743 21465 21803 I art     : Starting a blocking GC Explicit
08-03 22:04:42.784 21465 21803 I art     : Explicit concurrent mark sweep GC freed 3(96B) AllocSpace objects, 0(0B) LOS objects, 35% free, 28MB/44MB, paused 1.495ms total 40.866ms
08-03 22:04:42.797 21465 21803 I art     : Starting a blocking GC Explicit
08-03 22:04:42.837 21465 21803 I art     : Explicit concurrent mark sweep GC freed 3(96B) AllocSpace objects, 0(0B) LOS objects, 35% free, 28MB/44MB, paused 1.336ms total 39.722ms
08-03 22:04:42.849 21465 21803 I art     : Starting a blocking GC Explicit
08-03 22:04:42.889 21465 21803 I art     : Explicit concurrent mark sweep GC freed 3(96B) AllocSpace objects, 0(0B) LOS objects, 35% free, 28MB/44MB, paused 1.420ms total 39.080ms
08-03 22:04:43.234 21465 21477 I art     : Starting a blocking GC Explicit
08-03 22:04:43.284 21465 21477 I art     : Explicit concurrent mark sweep GC freed 1398(81KB) AllocSpace objects, 1(20KB) LOS objects, 35% free, 28MB/44MB, paused 1.432ms total 49.313ms
08-03 22:04:43.301 21465 21477 I art     : Starting a blocking GC Explicit
08-03 22:04:43.340 21465 21477 I art     : Explicit concurrent mark sweep GC freed 23(752B) AllocSpace objects, 0(0B) LOS objects, 35% free, 28MB/44MB, paused 1.398ms total 38.365ms
08-03 22:04:43.352 21465 21477 I art     : Starting a blocking GC Explicit
08-03 22:04:43.393 21465 21477 I art     : Explicit concurrent mark sweep GC freed 3(96B) AllocSpace objects, 0(0B) LOS objects, 35% free, 28MB/44MB, paused 1.371ms total 40.066ms
08-03 22:04:43.405 21465 21477 I art     : Starting a blocking GC Explicit
08-03 22:04:43.445 21465 21477 I art     : Explicit concurrent mark sweep GC freed 3(96B) AllocSpace objects, 0(0B) LOS objects, 35% free, 28MB/44MB, paused 1.315ms total 39.700ms
08-03 22:04:43.458 21465 21477 I art     : Starting a blocking GC Explicit
08-03 22:04:43.498 21465 21477 I art     : Explicit concurrent mark sweep GC freed 3(96B) AllocSpace objects, 0(0B) LOS objects, 35% free, 28MB/44MB, paused 1.413ms total 40.407ms
08-03 22:04:43.817 21465 21478 I art     : Starting a blocking GC Explicit
08-03 22:04:43.854 21465 21478 I art     : Explicit concurrent mark sweep GC freed 1370(82KB) AllocSpace objects, 1(20KB) LOS objects, 35% free, 28MB/44MB, paused 1.433ms total 36.743ms
08-03 22:04:43.866 21465 21478 I art     : Starting a blocking GC Explicit
08-03 22:04:43.903 21465 21478 I art     : Explicit concurrent mark sweep GC freed 23(752B) AllocSpace objects, 0(0B) LOS objects, 35% free, 28MB/44MB, paused 1.431ms total 36.923ms
08-03 22:04:43.916 21465 21478 I art     : Starting a blocking GC Explicit
08-03 22:04:43.954 21465 21478 I art     : Explicit concurrent mark sweep GC freed 3(96B) AllocSpace objects, 0(0B) LOS objects, 35% free, 28MB/44MB, paused 1.379ms total 37.617ms
08-03 22:04:43.966 21465 21478 I art     : Starting a blocking GC Explicit
08-03 22:04:44.004 21465 21478 I art     : Explicit concurrent mark sweep GC freed 3(96B) AllocSpace objects, 0(0B) LOS objects, 35% free, 28MB/44MB, paused 1.387ms total 38.374ms
08-03 22:04:44.017 21465 21478 I art     : Starting a blocking GC Explicit
08-03 22:04:44.055 21465 21478 I art     : Explicit concurrent mark sweep GC freed 32(880B) AllocSpace objects, 0(0B) LOS objects, 35% free, 28MB/44MB, paused 1.405ms total 38.593ms
08-03 22:04:44.320 23606 23606 D AndroidRuntime: >>>>>> START com.android.internal.os.RuntimeInit uid 2000 <<<<<<
08-03 22:04:44.327 23606 23606 D AndroidRuntime: CheckJNI is OFF
08-03 22:04:44.369 23606 23606 D ICU     : No timezone override file found: /data/misc/zoneinfo/current/icu/icu_tzdata.dat
08-03 22:04:44.390 21465 21575 I art     : Starting a blocking GC Explicit
08-03 22:04:44.412 23606 23606 I Radio-JNI: register_android_hardware_Radio DONE
08-03 22:04:44.428 21465 21575 I art     : Explicit concurrent mark sweep GC freed 1369(80KB) AllocSpace objects, 1(20KB) LOS objects, 35% free, 28MB/44MB, paused 1.425ms total 37.138ms
08-03 22:04:44.440 21465 21575 I art     : Starting a blocking GC Explicit
08-03 22:04:44.442 23606 23606 D AndroidRuntime: Calling main entry com.android.commands.input.Input
08-03 22:04:44.444 23606 23606 I Input   : injectKeyEvent: KeyEvent { action=ACTION_DOWN, keyCode=KEYCODE_BACK, scanCode=0, metaState=0, flags=0x0, repeatCount=0, eventTime=655500857, downTime=655500857, deviceId=-1, source=0x101 }
08-03 22:04:44.452 23606 23606 I Input   : injectKeyEvent: KeyEvent { action=ACTION_UP, keyCode=KEYCODE_BACK, scanCode=0, metaState=0, flags=0x0, repeatCount=0, eventTime=655500857, downTime=655500857, deviceId=-1, source=0x101 }
08-03 22:04:44.462 23606 23606 D AndroidRuntime: Shutting down VM
08-03 22:04:44.467 21465 21465 V PlaybackController: initServiceNotRunning()
08-03 22:04:44.467 21465 21465 D ExternalPlayerFragment: Loading media info
08-03 22:04:44.474 21465 21465 D UserPreferences: Using default data folder
08-03 22:04:44.475 21465 21575 I art     : Explicit concurrent mark sweep GC freed 154(6KB) AllocSpace objects, 0(0B) LOS objects, 35% free, 28MB/44MB, paused 1.542ms total 34.854ms
08-03 22:04:44.475 21465 22011 D DBReader: getNavDrawerData() called with: 
08-03 22:04:44.488 21465 21575 I art     : Starting a blocking GC Explicit
08-03 22:04:44.492 21465 22011 D DBReader: getDownloadedItems() called
08-03 22:04:44.495 21465 22011 D DBReader: getFavoriteIDList() called
08-03 22:04:44.496 21465 22011 D DBReader: getQueueIDList() called
08-03 22:04:44.497 21465 22011 D DBReader: Extracting Feedlist
08-03 22:04:44.514 13866 13866 I GoogleInputMethodServic: GoogleInputMethodService.onFinishInput():3138 
08-03 22:04:44.515 13866 13866 I GoogleInputMethodServic: GoogleInputMethodService.onStartInput():1808 
08-03 22:04:44.523 21465 21575 I art     : Explicit concurrent mark sweep GC freed 511(43KB) AllocSpace objects, 0(0B) LOS objects, 35% free, 28MB/44MB, paused 1.376ms total 35.049ms
08-03 22:04:44.526 21465 21465 D MainActivity: getLastNavFragment() -> AddFeedFragment
08-03 22:04:44.535 21465 21575 I art     : Starting a blocking GC Explicit
08-03 22:04:44.569 21465 21575 I art     : Explicit concurrent mark sweep GC freed 752(36KB) AllocSpace objects, 0(0B) LOS objects, 35% free, 28MB/44MB, paused 1.358ms total 33.609ms
08-03 22:04:44.581 21465 21575 I art     : Starting a blocking GC Explicit
08-03 22:04:44.614 21465 21575 I art     : Explicit concurrent mark sweep GC freed 161(10KB) AllocSpace objects, 0(0B) LOS objects, 35% free, 28MB/44MB, paused 1.193ms total 32.099ms
08-03 22:04:44.810   380   380 W SurfaceFlinger: couldn't log to binary event log: overflow.
08-03 22:04:44.917 21465 21803 I art     : Starting a blocking GC Explicit
08-03 22:04:44.955 21465 21803 I art     : Explicit concurrent mark sweep GC freed 1967(105KB) AllocSpace objects, 1(20KB) LOS objects, 35% free, 28MB/44MB, paused 1.377ms total 37.573ms
08-03 22:04:44.967 21465 21803 I art     : Starting a blocking GC Explicit
08-03 22:04:45.003 21465 21803 I art     : Explicit concurrent mark sweep GC freed 2457(152KB) AllocSpace objects, 1(28KB) LOS objects, 35% free, 28MB/44MB, paused 1.340ms total 35.690ms
08-03 22:04:45.015 21465 21803 I art     : Starting a blocking GC Explicit
08-03 22:04:45.051 21465 21803 I art     : Explicit concurrent mark sweep GC freed 32(880B) AllocSpace objects, 0(0B) LOS objects, 35% free, 28MB/44MB, paused 1.337ms total 35.598ms
08-03 22:04:45.063 21465 21803 I art     : Starting a blocking GC Explicit
08-03 22:04:45.099 21465 21803 I art     : Explicit concurrent mark sweep GC freed 3(96B) AllocSpace objects, 0(0B) LOS objects, 35% free, 28MB/44MB, paused 1.355ms total 35.915ms
08-03 22:04:45.112 21465 21803 I art     : Starting a blocking GC Explicit
08-03 22:04:45.148 21465 21803 I art     : Explicit concurrent mark sweep GC freed 3(96B) AllocSpace objects, 0(0B) LOS objects, 35% free, 28MB/44MB, paused 1.346ms total 35.840ms
08-03 22:04:45.196 14862 14864 E QC-QMI  : qmi_client [14862] 48e: failed to locate client data
08-03 22:04:45.198 14862 14862 I Atfwd_Daemon: Stop the daemon....
08-03 22:04:45.199   519   519 E QC-QMI  : qmuxd: RX on fd=18 returned error=0 errno[2:No such file or directory]
08-03 22:04:45.200   519   519 E QC-QMI  : QMUX qmux_client_id=48e not found in qmux client list, unable to remove
08-03 22:04:45.209 23641 23641 W ATFWD-daemon: type=1400 audit(0.0:738459): avc: denied { read write } for name="diag" dev="tmpfs" ino=1296 scontext=u:r:atfwd:s0 tcontext=u:object_r:diag_device:s0 tclass=chr_file permissive=0
08-03 22:04:45.222 23641 23641 I libmdmdetect: ESOC framework not supported
08-03 22:04:45.223 23641 23641 I libmdmdetect: Found internal modem: modem
08-03 22:04:45.223 23641 23641 E Diag_Lib:  Diag_LSM_Init: Failed to open handle to diag driver, error = 13
08-03 22:04:45.227 23641 23641 I Atfwd_Daemon: result : 255 	 ,Init step :0 	 ,qmiErrorCode: 0
08-03 22:04:45.228 23641 23641 I Atfwd_Daemon: result : 0 	 ,Init step :1 	 ,qmiErrorCode: 0
08-03 22:04:45.228 23641 23641 I ServiceManager: Waiting for service AtCmdFwd...
08-03 22:04:45.467 21465 21575 I art     : Starting a blocking GC Explicit
08-03 22:04:45.508 21465 21575 I art     : Explicit concurrent mark sweep GC freed 1371(82KB) AllocSpace objects, 1(20KB) LOS objects, 35% free, 28MB/44MB, paused 1.485ms total 40.953ms
08-03 22:04:45.520 21465 21575 I art     : Starting a blocking GC Explicit
08-03 22:04:45.556 21465 21575 I art     : Explicit concurrent mark sweep GC freed 23(752B) AllocSpace objects, 0(0B) LOS objects, 35% free, 28MB/44MB, paused 1.295ms total 35.907ms
08-03 22:04:45.569 21465 21575 I art     : Starting a blocking GC Explicit
08-03 22:04:45.604 21465 21575 I art     : Explicit concurrent mark sweep GC freed 3(96B) AllocSpace objects, 0(0B) LOS objects, 35% free, 28MB/44MB, paused 1.298ms total 35.443ms
08-03 22:04:45.616 21465 21575 I art     : Starting a blocking GC Explicit
08-03 22:04:45.652 21465 21575 I art     : Explicit concurrent mark sweep GC freed 3(96B) AllocSpace objects, 0(0B) LOS objects, 35% free, 28MB/44MB, paused 1.320ms total 35.428ms
08-03 22:04:45.664 21465 21575 I art     : Starting a blocking GC Explicit
08-03 22:04:45.700 21465 21575 I art     : Explicit concurrent mark sweep GC freed 3(96B) AllocSpace objects, 0(0B) LOS objects, 35% free, 28MB/44MB, paused 1.354ms total 35.625ms
08-03 22:04:46.014 21465 21477 I art     : Starting a blocking GC Explicit
08-03 22:04:46.056 21465 21477 I art     : Explicit concurrent mark sweep GC freed 1399(81KB) AllocSpace objects, 1(20KB) LOS objects, 35% free, 28MB/44MB, paused 1.514ms total 41.325ms
08-03 22:04:46.068 21465 21477 I art     : Starting a blocking GC Explicit
08-03 22:04:46.104 21465 21477 I art     : Explicit concurrent mark sweep GC freed 24(784B) AllocSpace objects, 0(0B) LOS objects, 35% free, 28MB/44MB, paused 1.233ms total 35.391ms
08-03 22:04:46.115 21465 21477 I art     : Starting a blocking GC Explicit
08-03 22:04:46.155 21465 21477 I art     : Explicit concurrent mark sweep GC freed 9(288B) AllocSpace objects, 0(0B) LOS objects, 35% free, 28MB/44MB, paused 1.305ms total 39.926ms
08-03 22:04:46.169 21465 21477 I art     : Starting a blocking GC Explicit
08-03 22:04:46.204 21465 21477 I art     : Explicit concurrent mark sweep GC freed 8(256B) AllocSpace objects, 0(0B) LOS objects, 35% free, 28MB/44MB, paused 1.283ms total 34.209ms
08-03 22:04:46.217 21465 21477 I art     : Starting a blocking GC Explicit
08-03 22:04:46.229 23641 23641 I ServiceManager: Waiting for service AtCmdFwd...
08-03 22:04:46.248 23656 23656 D AndroidRuntime: >>>>>> START com.android.internal.os.RuntimeInit uid 2000 <<<<<<
08-03 22:04:46.251 21465 21477 I art     : Explicit concurrent mark sweep GC freed 9(288B) AllocSpace objects, 0(0B) LOS objects, 35% free, 28MB/44MB, paused 1.359ms total 34.176ms
08-03 22:04:46.254 23656 23656 D AndroidRuntime: CheckJNI is OFF
08-03 22:04:46.296 23656 23656 D ICU     : No timezone override file found: /data/misc/zoneinfo/current/icu/icu_tzdata.dat
08-03 22:04:46.339 23656 23656 I Radio-JNI: register_android_hardware_Radio DONE
08-03 22:04:46.367 23656 23656 D AndroidRuntime: Calling main entry com.android.commands.input.Input
08-03 22:04:46.369 23656 23656 I Input   : injectKeyEvent: KeyEvent { action=ACTION_DOWN, keyCode=KEYCODE_BACK, scanCode=0, metaState=0, flags=0x0, repeatCount=0, eventTime=655502782, downTime=655502782, deviceId=-1, source=0x101 }
08-03 22:04:46.375 23656 23656 I Input   : injectKeyEvent: KeyEvent { action=ACTION_UP, keyCode=KEYCODE_BACK, scanCode=0, metaState=0, flags=0x0, repeatCount=0, eventTime=655502782, downTime=655502782, deviceId=-1, source=0x101 }
08-03 22:04:46.392 13866 13866 I GoogleInputMethodServic: GoogleInputMethodService.onFinishInput():3138 
08-03 22:04:46.392 13866 13866 I GoogleInputMethodServic: GoogleInputMethodService.onStartInput():1808 
08-03 22:04:46.398 23656 23656 D AndroidRuntime: Shutting down VM
08-03 22:04:46.537 21465 21477 I art     : Starting a blocking GC Explicit
08-03 22:04:46.577 21465 21477 I art     : Explicit concurrent mark sweep GC freed 2576(129KB) AllocSpace objects, 1(20KB) LOS objects, 35% free, 28MB/44MB, paused 1.345ms total 39.386ms
08-03 22:04:46.591 21465 21477 I art     : Starting a blocking GC Explicit
08-03 22:04:46.627 21465 21477 I art     : Explicit concurrent mark sweep GC freed 2654(177KB) AllocSpace objects, 9(1540KB) LOS objects, 37% free, 27MB/43MB, paused 1.303ms total 35.388ms
08-03 22:04:46.639 21465 21477 I art     : Starting a blocking GC Explicit
08-03 22:04:46.673 21465 21477 I art     : Explicit concurrent mark sweep GC freed 3(96B) AllocSpace objects, 0(0B) LOS objects, 37% free, 27MB/43MB, paused 1.337ms total 34.386ms
08-03 22:04:46.685 21465 21477 I art     : Starting a blocking GC Explicit
08-03 22:04:46.721 21465 21477 I art     : Explicit concurrent mark sweep GC freed 3(96B) AllocSpace objects, 0(0B) LOS objects, 37% free, 27MB/43MB, paused 1.321ms total 35.351ms
08-03 22:04:46.733 21465 21477 I art     : Starting a blocking GC Explicit
08-03 22:04:46.768 21465 21477 I art     : Explicit concurrent mark sweep GC freed 3(96B) AllocSpace objects, 0(0B) LOS objects, 37% free, 27MB/43MB, paused 1.427ms total 35.055ms
08-03 22:04:47.089 21465 21478 I art     : Starting a blocking GC Explicit
08-03 22:04:47.132 21465 21478 I art     : Explicit concurrent mark sweep GC freed 1399(82KB) AllocSpace objects, 1(20KB) LOS objects, 37% free, 27MB/43MB, paused 1.355ms total 42.726ms
08-03 22:04:47.144 21465 21478 I art     : Starting a blocking GC Explicit
08-03 22:04:47.180 21465 21478 I art     : Explicit concurrent mark sweep GC freed 23(752B) AllocSpace objects, 0(0B) LOS objects, 37% free, 27MB/43MB, paused 1.369ms total 35.260ms
08-03 22:04:47.192 21465 21478 I art     : Starting a blocking GC Explicit
08-03 22:04:47.227 21465 21478 I art     : Explicit concurrent mark sweep GC freed 3(96B) AllocSpace objects, 0(0B) LOS objects, 37% free, 27MB/43MB, paused 1.273ms total 34.757ms
08-03 22:04:47.229 23641 23641 I ServiceManager: Waiting for service AtCmdFwd...
08-03 22:04:47.239 21465 21478 I art     : Starting a blocking GC Explicit
08-03 22:04:47.274 21465 21478 I art     : Explicit concurrent mark sweep GC freed 3(96B) AllocSpace objects, 0(0B) LOS objects, 37% free, 27MB/43MB, paused 1.330ms total 35.217ms
08-03 22:04:47.287 21465 21478 I art     : Starting a blocking GC Explicit
08-03 22:04:47.322 21465 21478 I art     : Explicit concurrent mark sweep GC freed 3(96B) AllocSpace objects, 0(0B) LOS objects, 37% free, 27MB/43MB, paused 1.343ms total 35.354ms
08-03 22:04:47.647 21465 21575 I art     : Starting a blocking GC Explicit
08-03 22:04:47.683 21465 21575 I art     : Explicit concurrent mark sweep GC freed 1370(81KB) AllocSpace objects, 1(20KB) LOS objects, 37% free, 27MB/43MB, paused 1.329ms total 35.091ms
08-03 22:04:47.695 21465 21575 I art     : Starting a blocking GC Explicit
08-03 22:04:47.729 21465 21575 I art     : Explicit concurrent mark sweep GC freed 23(752B) AllocSpace objects, 0(0B) LOS objects, 37% free, 27MB/43MB, paused 1.388ms total 33.819ms
08-03 22:04:47.740 21465 21575 I art     : Starting a blocking GC Explicit
08-03 22:04:47.774 21465 21575 I art     : Explicit concurrent mark sweep GC freed 3(96B) AllocSpace objects, 0(0B) LOS objects, 37% free, 27MB/43MB, paused 1.382ms total 33.452ms
08-03 22:04:47.786 21465 21575 I art     : Starting a blocking GC Explicit
08-03 22:04:47.820 21465 21575 I art     : Explicit concurrent mark sweep GC freed 3(96B) AllocSpace objects, 0(0B) LOS objects, 37% free, 27MB/43MB, paused 1.349ms total 33.560ms
08-03 22:04:47.831 21465 21575 I art     : Starting a blocking GC Explicit
08-03 22:04:47.864 21465 21575 I art     : Explicit concurrent mark sweep GC freed 3(96B) AllocSpace objects, 0(0B) LOS objects, 37% free, 27MB/43MB, paused 1.350ms total 32.974ms
08-03 22:04:48.172 23711 23711 D AndroidRuntime: >>>>>> START com.android.internal.os.RuntimeInit uid 2000 <<<<<<
08-03 22:04:48.178 23711 23711 D AndroidRuntime: CheckJNI is OFF
08-03 22:04:48.199 21465 21478 I art     : Starting a blocking GC Explicit
08-03 22:04:48.221 23711 23711 D ICU     : No timezone override file found: /data/misc/zoneinfo/current/icu/icu_tzdata.dat
08-03 22:04:48.230 23641 23641 I ServiceManager: Waiting for service AtCmdFwd...
08-03 22:04:48.235 21465 21478 I art     : Explicit concurrent mark sweep GC freed 1425(84KB) AllocSpace objects, 1(20KB) LOS objects, 37% free, 27MB/43MB, paused 1.526ms total 35.555ms
08-03 22:04:48.247 21465 21478 I art     : Starting a blocking GC Explicit
08-03 22:04:48.265 23711 23711 I Radio-JNI: register_android_hardware_Radio DONE
08-03 22:04:48.280 21465 21478 I art     : Explicit concurrent mark sweep GC freed 26(848B) AllocSpace objects, 0(0B) LOS objects, 37% free, 27MB/43MB, paused 1.327ms total 32.424ms
08-03 22:04:48.291 21465 21478 I art     : Starting a blocking GC Explicit
08-03 22:04:48.295 23711 23711 D AndroidRuntime: Calling main entry com.android.commands.input.Input
08-03 22:04:48.297 23711 23711 I Input   : injectMotionEvent: MotionEvent { action=ACTION_DOWN, actionButton=0, id[0]=0, x[0]=103.0, y[0]=192.0, toolType[0]=TOOL_TYPE_UNKNOWN, buttonState=0, metaState=0, flags=0x0, edgeFlags=0x0, pointerCount=1, historySize=0, eventTime=655504709, downTime=655504709, deviceId=0, source=0x1002 }
08-03 22:04:48.302 23711 23711 I Input   : injectMotionEvent: MotionEvent { action=ACTION_UP, actionButton=0, id[0]=0, x[0]=103.0, y[0]=192.0, toolType[0]=TOOL_TYPE_UNKNOWN, buttonState=0, metaState=0, flags=0x0, edgeFlags=0x0, pointerCount=1, historySize=0, eventTime=655504709, downTime=655504709, deviceId=0, source=0x1002 }
08-03 22:04:48.304 23711 23711 D AndroidRuntime: Shutting down VM
08-03 22:04:48.316   512  2967 D audio_hw_primary: out_set_parameters: enter: usecase(1: low-latency-playback) kvpairs: routing=2
08-03 22:04:48.324 21465 21478 I art     : Explicit concurrent mark sweep GC freed 27(864B) AllocSpace objects, 0(0B) LOS objects, 37% free, 27MB/43MB, paused 1.327ms total 32.588ms
08-03 22:04:48.330   512  2967 D audio_hw_primary: select_devices: out_snd_device(2: speaker) in_snd_device(0: none)
08-03 22:04:48.330   512  2967 D msm8974_platform: platform_send_audio_calibration: sending audio calibration for snd_device(2) acdb_id(15)
08-03 22:04:48.330   512  2967 I soundtrigger: audio_extn_sound_trigger_update_device_status: device 0x2 of type 0 for Event 1
08-03 22:04:48.336 21465 21478 I art     : Starting a blocking GC Explicit
08-03 22:04:48.340   512  2967 D audio_hw_primary: enable_snd_device: snd_device(2: speaker)
08-03 22:04:48.343   512  2967 D audio_hw_primary: enable_audio_route: apply and update mixer path: low-latency-playback speaker
08-03 22:04:48.358 13866 13866 I GoogleInputMethodServic: GoogleInputMethodService.onFinishInput():3138 
08-03 22:04:48.358 13866 13866 I GoogleInputMethodServic: GoogleInputMethodService.onStartInput():1808 
08-03 22:04:48.368 21465 21478 I art     : Explicit concurrent mark sweep GC freed 175(6KB) AllocSpace objects, 0(0B) LOS objects, 37% free, 27MB/43MB, paused 1.446ms total 32.242ms
08-03 22:04:48.380 21465 21478 I art     : Starting a blocking GC Explicit
08-03 22:04:48.414 21465 21478 I art     : Explicit concurrent mark sweep GC freed 478(25KB) AllocSpace objects, 0(0B) LOS objects, 37% free, 27MB/43MB, paused 1.292ms total 32.910ms
08-03 22:04:48.715 21465 21803 I art     : Starting a blocking GC Explicit
08-03 22:04:48.754 21465 21803 I art     : Explicit concurrent mark sweep GC freed 1379(81KB) AllocSpace objects, 1(20KB) LOS objects, 37% free, 27MB/43MB, paused 1.263ms total 37.809ms
08-03 22:04:48.766 21465 21803 I art     : Starting a blocking GC Explicit
08-03 22:04:48.802 21465 21803 I art     : Explicit concurrent mark sweep GC freed 33(1072B) AllocSpace objects, 0(0B) LOS objects, 37% free, 27MB/43MB, paused 1.311ms total 35.624ms
08-03 22:04:48.817 21465 21803 I art     : Starting a blocking GC Explicit
08-03 22:04:48.850 21465 21803 I art     : Explicit concurrent mark sweep GC freed 3(96B) AllocSpace objects, 0(0B) LOS objects, 37% free, 27MB/43MB, paused 1.262ms total 32.773ms
08-03 22:04:48.861 21465 21803 I art     : Starting a blocking GC Explicit
08-03 22:04:48.879   512  2967 D audio_hw_primary: disable_audio_route: reset and update mixer path: low-latency-playback speaker
08-03 22:04:48.880   512  2967 D audio_hw_primary: disable_snd_device: snd_device(2: speaker)
08-03 22:04:48.888   512  2967 I soundtrigger: audio_extn_sound_trigger_update_device_status: device 0x2 of type 0 for Event 0
08-03 22:04:48.894 21465 21803 I art     : Explicit concurrent mark sweep GC freed 3(96B) AllocSpace objects, 0(0B) LOS objects, 37% free, 27MB/43MB, paused 1.302ms total 33.036ms
08-03 22:04:48.906 21465 21803 I art     : Starting a blocking GC Explicit
08-03 22:04:48.939 21465 21803 I art     : Explicit concurrent mark sweep GC freed 3(96B) AllocSpace objects, 0(0B) LOS objects, 37% free, 27MB/43MB, paused 1.294ms total 32.864ms
08-03 22:04:49.230 23641 23641 I ServiceManager: Waiting for service AtCmdFwd...
08-03 22:04:49.258 21465 21575 I art     : Starting a blocking GC Explicit
08-03 22:04:49.295 21465 21575 I art     : Explicit concurrent mark sweep GC freed 1397(81KB) AllocSpace objects, 1(20KB) LOS objects, 37% free, 27MB/43MB, paused 1.277ms total 37.420ms
08-03 22:04:49.307 21465 21575 I art     : Starting a blocking GC Explicit
08-03 22:04:49.343 21465 21575 I art     : Explicit concurrent mark sweep GC freed 25(816B) AllocSpace objects, 0(0B) LOS objects, 37% free, 27MB/43MB, paused 1.318ms total 35.269ms
08-03 22:04:49.355 21465 21575 I art     : Starting a blocking GC Explicit
08-03 22:04:49.391 21465 21575 I art     : Explicit concurrent mark sweep GC freed 3(96B) AllocSpace objects, 0(0B) LOS objects, 37% free, 27MB/43MB, paused 1.340ms total 35.602ms
08-03 22:04:49.403 21465 21575 I art     : Starting a blocking GC Explicit
08-03 22:04:49.438 21465 21575 I art     : Explicit concurrent mark sweep GC freed 3(96B) AllocSpace objects, 0(0B) LOS objects, 37% free, 27MB/43MB, paused 1.508ms total 34.592ms
08-03 22:04:49.450 21465 21575 I art     : Starting a blocking GC Explicit
08-03 22:04:49.485 21465 21575 I art     : Explicit concurrent mark sweep GC freed 3(96B) AllocSpace objects, 0(0B) LOS objects, 37% free, 27MB/43MB, paused 1.319ms total 34.799ms
08-03 22:04:49.791 21465 21477 I art     : Starting a blocking GC Explicit
08-03 22:04:49.831 21465 21477 I art     : Explicit concurrent mark sweep GC freed 1368(80KB) AllocSpace objects, 1(20KB) LOS objects, 37% free, 27MB/43MB, paused 1.396ms total 40.005ms
08-03 22:04:49.843 21465 21477 I art     : Starting a blocking GC Explicit
08-03 22:04:49.877 21465 21477 I art     : Explicit concurrent mark sweep GC freed 23(752B) AllocSpace objects, 0(0B) LOS objects, 37% free, 27MB/43MB, paused 1.387ms total 34.157ms
08-03 22:04:49.889 21465 21477 I art     : Starting a blocking GC Explicit
08-03 22:04:49.925 21465 21477 I art     : Explicit concurrent mark sweep GC freed 3(96B) AllocSpace objects, 0(0B) LOS objects, 37% free, 27MB/43MB, paused 1.330ms total 36.194ms
08-03 22:04:49.937 21465 21477 I art     : Starting a blocking GC Explicit
08-03 22:04:49.972 21465 21477 I art     : Explicit concurrent mark sweep GC freed 5(160B) AllocSpace objects, 0(0B) LOS objects, 37% free, 27MB/43MB, paused 1.270ms total 35.161ms
08-03 22:04:49.986 21465 21477 I art     : Starting a blocking GC Explicit
08-03 22:04:50.018 21465 21477 I art     : Explicit concurrent mark sweep GC freed 37(1040B) AllocSpace objects, 0(0B) LOS objects, 37% free, 27MB/43MB, paused 1.595ms total 32.156ms
08-03 22:04:50.079 23754 23754 D AndroidRuntime: >>>>>> START com.android.internal.os.RuntimeInit uid 2000 <<<<<<
08-03 22:04:50.085 23754 23754 D AndroidRuntime: CheckJNI is OFF
08-03 22:04:50.126 23754 23754 D ICU     : No timezone override file found: /data/misc/zoneinfo/current/icu/icu_tzdata.dat
08-03 22:04:50.172 23754 23754 I Radio-JNI: register_android_hardware_Radio DONE
08-03 22:04:50.201 23754 23754 D AndroidRuntime: Calling main entry com.android.commands.input.Input
08-03 22:04:50.204 23754 23754 I Input   : injectMotionEvent: MotionEvent { action=ACTION_DOWN, actionButton=0, id[0]=0, x[0]=625.0, y[0]=1248.0, toolType[0]=TOOL_TYPE_UNKNOWN, buttonState=0, metaState=0, flags=0x0, edgeFlags=0x0, pointerCount=1, historySize=0, eventTime=655506616, downTime=655506616, deviceId=0, source=0x1002 }
08-03 22:04:50.209 23754 23754 I Input   : injectMotionEvent: MotionEvent { action=ACTION_UP, actionButton=0, id[0]=0, x[0]=625.0, y[0]=1248.0, toolType[0]=TOOL_TYPE_UNKNOWN, buttonState=0, metaState=0, flags=0x0, edgeFlags=0x0, pointerCount=1, historySize=0, eventTime=655506616, downTime=655506616, deviceId=0, source=0x1002 }
08-03 22:04:50.211 23754 23754 D AndroidRuntime: Shutting down VM
08-03 22:04:50.231 23641 23641 W Atfwd_Sendcmd: AtCmdFwd service not published, waiting... retryCnt : 1
08-03 22:04:50.275 21465 21465 D MainActivity: loadFragment(index: 7, args: null)
08-03 22:04:50.277 21465 21465 D MainActivity: saveLastNavFragment(tag: 2)
08-03 22:04:50.277 21465 21465 D MainActivity: getLastNavFragment() -> 2
08-03 22:04:50.278   512  2967 D audio_hw_primary: out_set_parameters: enter: usecase(1: low-latency-playback) kvpairs: routing=2
08-03 22:04:50.291   512  2967 D audio_hw_primary: select_devices: out_snd_device(2: speaker) in_snd_device(0: none)
08-03 22:04:50.291   512  2967 D msm8974_platform: platform_send_audio_calibration: sending audio calibration for snd_device(2) acdb_id(15)
08-03 22:04:50.291   512  2967 I soundtrigger: audio_extn_sound_trigger_update_device_status: device 0x2 of type 0 for Event 1
08-03 22:04:50.301   512  2967 D audio_hw_primary: enable_snd_device: snd_device(2: speaker)
08-03 22:04:50.303   512  2967 D audio_hw_primary: enable_audio_route: apply and update mixer path: low-latency-playback speaker
08-03 22:04:50.307 21465 21465 D ItemlistFragment: onEventMainThread() called with: event = [DownloadEvent{update=DownloaderUpdate{downloaders=[], feedIds=[], mediaIds=[]}}]
08-03 22:04:50.308 21465 21485 D DBReader: getFeed() called with: feedId = [2]
08-03 22:04:50.310 21465 21485 D DBReader: getFeedItemList() called with: feed = [baseline.de.danoeh.antennapod.core.feed.Feed@2]
08-03 22:04:50.345 21465 21477 I art     : Starting a blocking GC Explicit
08-03 22:04:50.383 21465 21477 I art     : Explicit concurrent mark sweep GC freed 4912(229KB) AllocSpace objects, 2(40KB) LOS objects, 36% free, 28MB/44MB, paused 1.750ms total 37.780ms
08-03 22:04:50.396 21465 21477 I art     : Starting a blocking GC Explicit
08-03 22:04:50.419 21465 21485 W PodDBAdapter: Length of id array is larger than 800. Creating multiple cursors
08-03 22:04:50.435 21465 21477 I art     : Explicit concurrent mark sweep GC freed 4143(276KB) AllocSpace objects, 1(16KB) LOS objects, 35% free, 28MB/44MB, paused 1.482ms total 39.222ms
08-03 22:04:50.448 21465 21477 I art     : Starting a blocking GC Explicit
08-03 22:04:50.486 21465 21477 I art     : Explicit concurrent mark sweep GC freed 64(17KB) AllocSpace objects, 0(0B) LOS objects, 35% free, 29MB/45MB, paused 1.584ms total 38.282ms
08-03 22:04:50.499 21465 21477 I art     : Starting a blocking GC Explicit
08-03 22:04:50.516 21465 21485 D DBReader: getFavoriteIDList() called
08-03 22:04:50.517 21465 21485 D DBReader: getQueueIDList() called
08-03 22:04:50.518 21465 21485 D DBReader: Extracting Feedlist
08-03 22:04:50.542 21465 21477 I art     : Explicit concurrent mark sweep GC freed 5088(106KB) AllocSpace objects, 0(0B) LOS objects, 35% free, 29MB/45MB, paused 1.784ms total 42.743ms
08-03 22:04:50.556 21465 21477 I art     : Starting a blocking GC Explicit
08-03 22:04:50.571 21465 21465 D FeedMenuHandler: Preparing options menu
08-03 22:04:50.599 21465 21477 I art     : Explicit concurrent mark sweep GC freed 4105(161KB) AllocSpace objects, 1(16KB) LOS objects, 35% free, 29MB/45MB, paused 1.928ms total 43.137ms
08-03 22:04:50.643 21465 22398 D ApOkHttpUrlLoader: buildLoadData() called with: model = [http://static.libsyn.com/p/assets/7/1/f/3/71f3014e14ef2722/JREiTunesImage2.jpg], width = [1440], height = [462]
08-03 22:04:50.728 21465 21486 V RenderScript: 0x7f7d23c000 Launching thread(s), CPUs 8
08-03 22:04:50.781 13866 13866 I GoogleInputMethodServic: GoogleInputMethodService.onFinishInput():3138 
08-03 22:04:50.792 13866 13866 I GoogleInputMethodServic: GoogleInputMethodService.onStartInput():1808 
08-03 22:04:50.848   512  2967 D audio_hw_primary: disable_audio_route: reset and update mixer path: low-latency-playback speaker
08-03 22:04:50.849   512  2967 D audio_hw_primary: disable_snd_device: snd_device(2: speaker)
08-03 22:04:50.856   512  2967 I soundtrigger: audio_extn_sound_trigger_update_device_status: device 0x2 of type 0 for Event 0
08-03 22:04:50.910 21465 21803 I art     : Starting a blocking GC Explicit
08-03 22:04:50.950 21465 21803 I art     : Explicit concurrent mark sweep GC freed 3936(294KB) AllocSpace objects, 6(236KB) LOS objects, 29% free, 37MB/53MB, paused 1.286ms total 39.980ms
08-03 22:04:50.963 21465 21803 I art     : Starting a blocking GC Explicit
08-03 22:04:51.003 21465 21803 I art     : Explicit concurrent mark sweep GC freed 350(18KB) AllocSpace objects, 0(0B) LOS objects, 29% free, 37MB/53MB, paused 1.966ms total 39.568ms
08-03 22:04:51.015 21465 21803 I art     : Starting a blocking GC Explicit
08-03 22:04:51.054 21465 21803 I art     : Explicit concurrent mark sweep GC freed 49(1472B) AllocSpace objects, 0(0B) LOS objects, 29% free, 37MB/53MB, paused 1.202ms total 37.852ms
08-03 22:04:51.066 21465 21803 I art     : Starting a blocking GC Explicit
08-03 22:04:51.106 21465 21803 I art     : Explicit concurrent mark sweep GC freed 3(96B) AllocSpace objects, 0(0B) LOS objects, 29% free, 37MB/53MB, paused 1.204ms total 39.363ms
08-03 22:04:51.119 21465 21803 I art     : Starting a blocking GC Explicit
08-03 22:04:51.158 21465 21803 I art     : Explicit concurrent mark sweep GC freed 3(96B) AllocSpace objects, 0(0B) LOS objects, 29% free, 37MB/53MB, paused 1.317ms total 38.880ms
08-03 22:04:51.475 21465 21477 I art     : Starting a blocking GC Explicit
08-03 22:04:51.531 21465 21477 I art     : Explicit concurrent mark sweep GC freed 1391(81KB) AllocSpace objects, 1(20KB) LOS objects, 29% free, 37MB/53MB, paused 1.410ms total 55.697ms
08-03 22:04:51.549 21465 21477 I art     : Starting a blocking GC Explicit
08-03 22:04:51.564   918  3261 D WifiStateMachine: starting scan for "H369AA63323"WPA_PSK with 2412,5180
08-03 22:04:51.595 21465 21477 I art     : Explicit concurrent mark sweep GC freed 23(752B) AllocSpace objects, 0(0B) LOS objects, 29% free, 37MB/53MB, paused 1.290ms total 45.577ms
08-03 22:04:51.610 21465 21477 I art     : Starting a blocking GC Explicit
08-03 22:04:51.656 21465 21477 I art     : Explicit concurrent mark sweep GC freed 3(96B) AllocSpace objects, 0(0B) LOS objects, 29% free, 37MB/53MB, paused 1.333ms total 45.798ms
08-03 22:04:51.670 21465 21477 I art     : Starting a blocking GC Explicit
08-03 22:04:51.717 21465 21477 I art     : Explicit concurrent mark sweep GC freed 3(96B) AllocSpace objects, 0(0B) LOS objects, 29% free, 37MB/53MB, paused 1.348ms total 45.874ms
08-03 22:04:51.731 21465 21477 I art     : Starting a blocking GC Explicit
08-03 22:04:51.777 21465 21477 I art     : Explicit concurrent mark sweep GC freed 3(96B) AllocSpace objects, 0(0B) LOS objects, 29% free, 37MB/53MB, paused 1.411ms total 46.318ms
08-03 22:04:52.134 21465 21575 I art     : Starting a blocking GC Explicit
08-03 22:04:52.214 21465 21575 I art     : Explicit concurrent mark sweep GC freed 1405(81KB) AllocSpace objects, 1(20KB) LOS objects, 29% free, 37MB/53MB, paused 1.634ms total 79.173ms
08-03 22:04:52.231 21465 21575 I art     : Starting a blocking GC Explicit
08-03 22:04:52.275 21465 21575 I art     : Explicit concurrent mark sweep GC freed 31(1008B) AllocSpace objects, 0(0B) LOS objects, 29% free, 37MB/53MB, paused 1.221ms total 43.818ms
08-03 22:04:52.289 21465 21575 I art     : Starting a blocking GC Explicit
08-03 22:04:52.331 21465 21575 I art     : Explicit concurrent mark sweep GC freed 9(288B) AllocSpace objects, 0(0B) LOS objects, 29% free, 37MB/53MB, paused 1.248ms total 41.379ms
08-03 22:04:52.344 21465 21575 I art     : Starting a blocking GC Explicit
08-03 22:04:52.388 21465 21575 I art     : Explicit concurrent mark sweep GC freed 9(288B) AllocSpace objects, 0(0B) LOS objects, 29% free, 37MB/53MB, paused 2.491ms total 44.071ms
08-03 22:04:52.402 21465 21575 I art     : Starting a blocking GC Explicit
08-03 22:04:52.449 21465 21575 I art     : Explicit concurrent mark sweep GC freed 6(192B) AllocSpace objects, 0(0B) LOS objects, 29% free, 37MB/53MB, paused 1.439ms total 46.554ms
08-03 22:04:52.794 21465 21477 I art     : Starting a blocking GC Explicit
08-03 22:04:52.854 21465 21477 I art     : Explicit concurrent mark sweep GC freed 2071(102KB) AllocSpace objects, 1(20KB) LOS objects, 29% free, 37MB/53MB, paused 1.423ms total 58.969ms
08-03 22:04:52.872 21465 21477 I art     : Starting a blocking GC Explicit
08-03 22:04:52.895   918  3188 I hubconnection: sensorhub said: 'set_bias 3: -6.2400, 0.0000, 0.0000'
08-03 22:04:52.921 21465 21477 I art     : Explicit concurrent mark sweep GC freed 23(752B) AllocSpace objects, 0(0B) LOS objects, 29% free, 37MB/53MB, paused 1.338ms total 47.930ms
08-03 22:04:52.935 21465 21477 I art     : Starting a blocking GC Explicit
08-03 22:04:52.985 21465 21477 I art     : Explicit concurrent mark sweep GC freed 3(96B) AllocSpace objects, 0(0B) LOS objects, 29% free, 37MB/53MB, paused 1.299ms total 49.828ms
08-03 22:04:53.000 21465 21477 I art     : Starting a blocking GC Explicit
08-03 22:04:53.051 21465 21477 I art     : Explicit concurrent mark sweep GC freed 32(880B) AllocSpace objects, 0(0B) LOS objects, 29% free, 37MB/53MB, paused 1.408ms total 50.729ms
08-03 22:04:53.069 21465 21477 I art     : Starting a blocking GC Explicit
08-03 22:04:53.119 21465 21477 I art     : Explicit concurrent mark sweep GC freed 3(96B) AllocSpace objects, 0(0B) LOS objects, 29% free, 37MB/53MB, paused 1.363ms total 49.771ms
08-03 22:04:53.469 21465 21478 I art     : Starting a blocking GC Explicit
08-03 22:04:53.524 21465 21478 I art     : Explicit concurrent mark sweep GC freed 2257(112KB) AllocSpace objects, 1(20KB) LOS objects, 29% free, 37MB/53MB, paused 1.385ms total 54.287ms
08-03 22:04:53.539 21465 21478 I art     : Starting a blocking GC Explicit
08-03 22:04:53.589 21465 21478 I art     : Explicit concurrent mark sweep GC freed 23(752B) AllocSpace objects, 0(0B) LOS objects, 29% free, 37MB/53MB, paused 1.412ms total 50.210ms
08-03 22:04:53.604 21465 21478 I art     : Starting a blocking GC Explicit
08-03 22:04:53.654 21465 21478 I art     : Explicit concurrent mark sweep GC freed 3(96B) AllocSpace objects, 0(0B) LOS objects, 29% free, 37MB/53MB, paused 1.402ms total 50.144ms
08-03 22:04:53.669 21465 21478 I art     : Starting a blocking GC Explicit
08-03 22:04:53.719 21465 21478 I art     : Explicit concurrent mark sweep GC freed 3(96B) AllocSpace objects, 0(0B) LOS objects, 29% free, 37MB/53MB, paused 1.441ms total 50.056ms
08-03 22:04:53.734 21465 21478 I art     : Starting a blocking GC Explicit
08-03 22:04:53.785 21465 21478 I art     : Explicit concurrent mark sweep GC freed 3(96B) AllocSpace objects, 0(0B) LOS objects, 29% free, 37MB/53MB, paused 1.331ms total 50.608ms
08-03 22:04:54.140 21465 21803 I art     : Starting a blocking GC Explicit
08-03 22:04:54.206 21465 21803 I art     : Explicit concurrent mark sweep GC freed 1400(82KB) AllocSpace objects, 1(20KB) LOS objects, 29% free, 37MB/53MB, paused 1.479ms total 65.262ms
08-03 22:04:54.222 21465 21803 I art     : Starting a blocking GC Explicit
08-03 22:04:54.274 21465 21803 I art     : Explicit concurrent mark sweep GC freed 23(752B) AllocSpace objects, 0(0B) LOS objects, 29% free, 37MB/53MB, paused 1.412ms total 51.189ms
08-03 22:04:54.288 21465 21803 I art     : Starting a blocking GC Explicit
08-03 22:04:54.339 21465 21803 I art     : Explicit concurrent mark sweep GC freed 3(96B) AllocSpace objects, 0(0B) LOS objects, 29% free, 37MB/53MB, paused 1.392ms total 49.731ms
08-03 22:04:54.353 21465 21803 I art     : Starting a blocking GC Explicit
08-03 22:04:54.403 21465 21803 I art     : Explicit concurrent mark sweep GC freed 3(96B) AllocSpace objects, 0(0B) LOS objects, 29% free, 37MB/53MB, paused 1.389ms total 50.166ms
08-03 22:04:54.418 21465 21803 I art     : Starting a blocking GC Explicit
08-03 22:04:54.468 21465 21803 I art     : Explicit concurrent mark sweep GC freed 3(96B) AllocSpace objects, 0(0B) LOS objects, 29% free, 37MB/53MB, paused 1.385ms total 49.135ms
08-03 22:04:54.773 21465 21575 I art     : Starting a blocking GC Explicit
08-03 22:04:54.825 21465 21575 I art     : Explicit concurrent mark sweep GC freed 1370(82KB) AllocSpace objects, 1(20KB) LOS objects, 29% free, 37MB/53MB, paused 1.518ms total 51.917ms
08-03 22:04:54.840 21465 21575 I art     : Starting a blocking GC Explicit
08-03 22:04:54.888 21465 21575 I art     : Explicit concurrent mark sweep GC freed 23(752B) AllocSpace objects, 0(0B) LOS objects, 29% free, 37MB/53MB, paused 1.346ms total 48.265ms
08-03 22:04:54.903 21465 21575 I art     : Starting a blocking GC Explicit
08-03 22:04:54.950 21465 21575 I art     : Explicit concurrent mark sweep GC freed 3(96B) AllocSpace objects, 0(0B) LOS objects, 29% free, 37MB/53MB, paused 1.357ms total 46.825ms
08-03 22:04:54.964 21465 21575 I art     : Starting a blocking GC Explicit
08-03 22:04:55.011 21465 21575 I art     : Explicit concurrent mark sweep GC freed 32(880B) AllocSpace objects, 0(0B) LOS objects, 29% free, 37MB/53MB, paused 1.543ms total 47.254ms
08-03 22:04:55.019 23856 23856 D AndroidRuntime: >>>>>> START com.android.internal.os.RuntimeInit uid 2000 <<<<<<
08-03 22:04:55.025 23856 23856 D AndroidRuntime: CheckJNI is OFF
08-03 22:04:55.026 21465 21575 I art     : Starting a blocking GC Explicit
08-03 22:04:55.070 23856 23856 D ICU     : No timezone override file found: /data/misc/zoneinfo/current/icu/icu_tzdata.dat
08-03 22:04:55.072 21465 21575 I art     : Explicit concurrent mark sweep GC freed 3(96B) AllocSpace objects, 0(0B) LOS objects, 29% free, 37MB/53MB, paused 1.433ms total 45.524ms
08-03 22:04:55.113 23856 23856 I Radio-JNI: register_android_hardware_Radio DONE
08-03 22:04:55.142 23856 23856 D AndroidRuntime: Calling main entry com.android.commands.input.Input
08-03 22:04:55.144 23856 23856 I Input   : injectMotionEvent: MotionEvent { action=ACTION_DOWN, actionButton=0, id[0]=0, x[0]=1363.0, y[0]=517.0, toolType[0]=TOOL_TYPE_UNKNOWN, buttonState=0, metaState=0, flags=0x0, edgeFlags=0x0, pointerCount=1, historySize=0, eventTime=655511557, downTime=655511557, deviceId=0, source=0x1002 }
08-03 22:04:55.150 23856 23856 I Input   : injectMotionEvent: MotionEvent { action=ACTION_UP, actionButton=0, id[0]=0, x[0]=1363.0, y[0]=517.0, toolType[0]=TOOL_TYPE_UNKNOWN, buttonState=0, metaState=0, flags=0x0, edgeFlags=0x0, pointerCount=1, historySize=0, eventTime=655511557, downTime=655511557, deviceId=0, source=0x1002 }
08-03 22:04:55.153 23856 23856 D AndroidRuntime: Shutting down VM
08-03 22:04:55.158   918  6029 I ActivityManager: START u0 {cmp=baseline.de.danoeh.antennapod.debug/baseline.de.danoeh.antennapod.activity.FeedSettingsActivity (has extras)} from uid 10633 on display 0
08-03 22:04:55.159   512  2967 D audio_hw_primary: out_set_parameters: enter: usecase(1: low-latency-playback) kvpairs: routing=2
08-03 22:04:55.173   512  2967 D audio_hw_primary: select_devices: out_snd_device(2: speaker) in_snd_device(0: none)
08-03 22:04:55.173   512  2967 D msm8974_platform: platform_send_audio_calibration: sending audio calibration for snd_device(2) acdb_id(15)
08-03 22:04:55.173   512  2967 I soundtrigger: audio_extn_sound_trigger_update_device_status: device 0x2 of type 0 for Event 1
08-03 22:04:55.185   512  2967 D audio_hw_primary: enable_snd_device: snd_device(2: speaker)
08-03 22:04:55.188   512  2967 D audio_hw_primary: enable_audio_route: apply and update mixer path: low-latency-playback speaker
08-03 22:04:55.232 23641 23641 I ServiceManager: Waiting for service AtCmdFwd...
08-03 22:04:55.375 21465 21477 I art     : Starting a blocking GC Explicit
08-03 22:04:55.400 21465 21491 D DBReader: getFeed() called with: feedId = [2]
08-03 22:04:55.401 21465 21491 D DBReader: getFeedItemList() called with: feed = [baseline.de.danoeh.antennapod.core.feed.Feed@2]
08-03 22:04:55.437 21465 21477 I art     : Explicit concurrent mark sweep GC freed 50012(2MB) AllocSpace objects, 1(20KB) LOS objects, 28% free, 40MB/56MB, paused 2.753ms total 60.982ms
08-03 22:04:55.451 21465 21477 I art     : Starting a blocking GC Explicit
08-03 22:04:55.503 21465 21477 I art     : Explicit concurrent mark sweep GC freed 3408(165KB) AllocSpace objects, 0(0B) LOS objects, 27% free, 41MB/57MB, paused 2.274ms total 51.633ms
08-03 22:04:55.510 21465 21491 W PodDBAdapter: Length of id array is larger than 800. Creating multiple cursors
08-03 22:04:55.518 21465 21477 I art     : Starting a blocking GC Explicit
08-03 22:04:55.566 21465 21477 I art     : Explicit concurrent mark sweep GC freed 3255(221KB) AllocSpace objects, 1(16KB) LOS objects, 27% free, 41MB/57MB, paused 1.592ms total 47.616ms
08-03 22:04:55.579   918   936 I ActivityManager: Displayed baseline.de.danoeh.antennapod.debug/baseline.de.danoeh.antennapod.activity.FeedSettingsActivity: +408ms
08-03 22:04:55.585 13866 13866 I GoogleInputMethodServic: GoogleInputMethodService.onFinishInput():3138 
08-03 22:04:55.585 13866 13866 I GoogleInputMethodServic: GoogleInputMethodService.onStartInput():1808 
08-03 22:04:55.586 21465 21477 I art     : Starting a blocking GC Explicit
08-03 22:04:55.636 21465 21486 D OpenGLRenderer: endAllStagingAnimators on 0x7f7e3dc400 (RippleDrawable) with handle 0x7f7a0c3be0
08-03 22:04:55.647 21465 21477 I art     : Explicit concurrent mark sweep GC freed 5277(106KB) AllocSpace objects, 0(0B) LOS objects, 27% free, 42MB/58MB, paused 2.212ms total 60.343ms
08-03 22:04:55.647 21465 22398 D ApOkHttpUrlLoader: buildLoadData() called with: model = [http://static.libsyn.com/p/assets/7/1/f/3/71f3014e14ef2722/JREiTunesImage2.jpg], width = [1440], height = [462]
08-03 22:04:55.655 13866 13866 I GoogleInputMethodServic: GoogleInputMethodService.onStartInput():1808 
08-03 22:04:55.656 13866 13866 W SessionManager: SessionManager.beginSession():53 Try to begin an already begun session [INPUT_SESSION], end it first
08-03 22:04:55.670 21465 21477 I art     : Starting a blocking GC Explicit
08-03 22:04:55.672 13866 13866 I ShortcutsDataManager: ShortcutsDataManager.onContentChanged():89 onContentChanged()
08-03 22:04:55.676 21465 21465 D FeedSettingsActivity: No filter set
08-03 22:04:55.683   918  5132 W IntentResolver: resolveIntent: multiple matches, only some with CATEGORY_DEFAULT
08-03 22:04:55.723 21465 21477 I art     : Explicit concurrent mark sweep GC freed 3030(146KB) AllocSpace objects, 1(16KB) LOS objects, 27% free, 42MB/58MB, paused 1.430ms total 52.424ms
08-03 22:04:55.739   512  2967 D audio_hw_primary: disable_audio_route: reset and update mixer path: low-latency-playback speaker
08-03 22:04:55.740   512  2967 D audio_hw_primary: disable_snd_device: snd_device(2: speaker)
08-03 22:04:55.747   512  2967 I soundtrigger: audio_extn_sound_trigger_update_device_status: device 0x2 of type 0 for Event 0
08-03 22:04:55.822   380   380 W SurfaceFlinger: couldn't log to binary event log: overflow.
08-03 22:04:55.971 21465 21465 D PlaybackController: Releasing PlaybackController
08-03 22:04:56.055 21465 21477 I art     : Starting a blocking GC Explicit
08-03 22:04:56.113 21465 21477 I art     : Explicit concurrent mark sweep GC freed 2276(138KB) AllocSpace objects, 1(20KB) LOS objects, 27% free, 42MB/58MB, paused 1.385ms total 57.140ms
08-03 22:04:56.129 21465 21477 I art     : Starting a blocking GC Explicit
08-03 22:04:56.186 21465 21477 I art     : Explicit concurrent mark sweep GC freed 128(5KB) AllocSpace objects, 0(0B) LOS objects, 27% free, 42MB/58MB, paused 1.439ms total 56.424ms
08-03 22:04:56.202 21465 21477 I art     : Starting a blocking GC Explicit
08-03 22:04:56.232 23641 23641 I ServiceManager: Waiting for service AtCmdFwd...
08-03 22:04:56.259 21465 21477 I art     : Explicit concurrent mark sweep GC freed 50(2160B) AllocSpace objects, 0(0B) LOS objects, 27% free, 42MB/58MB, paused 1.450ms total 56.279ms
08-03 22:04:56.276 21465 21477 I art     : Starting a blocking GC Explicit
08-03 22:04:56.336 21465 21477 I art     : Explicit concurrent mark sweep GC freed 5(160B) AllocSpace objects, 0(0B) LOS objects, 27% free, 42MB/58MB, paused 1.359ms total 59.595ms
08-03 22:04:56.353 21465 21477 I art     : Starting a blocking GC Explicit
08-03 22:04:56.417 21465 21477 I art     : Explicit concurrent mark sweep GC freed 3(96B) AllocSpace objects, 0(0B) LOS objects, 27% free, 42MB/58MB, paused 1.512ms total 64.460ms
08-03 22:04:56.740 21465 21575 I art     : Starting a blocking GC Explicit
08-03 22:04:56.813 21465 21575 I art     : Explicit concurrent mark sweep GC freed 1369(80KB) AllocSpace objects, 1(20KB) LOS objects, 27% free, 42MB/58MB, paused 1.578ms total 72.885ms
08-03 22:04:56.833 21465 21575 I art     : Starting a blocking GC Explicit
08-03 22:04:56.900 21465 21575 I art     : Explicit concurrent mark sweep GC freed 23(752B) AllocSpace objects, 0(0B) LOS objects, 27% free, 42MB/58MB, paused 1.400ms total 67.472ms
08-03 22:04:56.918 21465 21575 I art     : Starting a blocking GC Explicit
08-03 22:04:56.985 21465 21575 I art     : Explicit concurrent mark sweep GC freed 3(96B) AllocSpace objects, 0(0B) LOS objects, 27% free, 42MB/58MB, paused 1.515ms total 66.594ms
08-03 22:04:57.002 21465 21575 I art     : Starting a blocking GC Explicit
08-03 22:04:57.065 21465 21575 I art     : Explicit concurrent mark sweep GC freed 40(1136B) AllocSpace objects, 0(0B) LOS objects, 27% free, 42MB/58MB, paused 1.421ms total 62.724ms
08-03 22:04:57.083 21465 21575 I art     : Starting a blocking GC Explicit
08-03 22:04:57.143 21465 21575 I art     : Explicit concurrent mark sweep GC freed 19(608B) AllocSpace objects, 0(0B) LOS objects, 27% free, 42MB/58MB, paused 1.613ms total 59.471ms
08-03 22:04:57.232 23641 23641 I ServiceManager: Waiting for service AtCmdFwd...
08-03 22:04:57.510 21465 21803 I art     : Starting a blocking GC Explicit
08-03 22:04:57.593 21465 21803 I art     : Explicit concurrent mark sweep GC freed 1402(81KB) AllocSpace objects, 1(20KB) LOS objects, 27% free, 42MB/58MB, paused 1.586ms total 82.632ms
08-03 22:04:57.612 21465 21803 I art     : Starting a blocking GC Explicit
08-03 22:04:57.679 21465 21803 I art     : Explicit concurrent mark sweep GC freed 23(752B) AllocSpace objects, 0(0B) LOS objects, 27% free, 42MB/58MB, paused 1.474ms total 66.648ms
08-03 22:04:57.696 21465 21803 I art     : Starting a blocking GC Explicit
08-03 22:04:57.762 21465 21803 I art     : Explicit concurrent mark sweep GC freed 3(96B) AllocSpace objects, 0(0B) LOS objects, 27% free, 42MB/58MB, paused 1.513ms total 65.639ms
08-03 22:04:57.780 21465 21803 I art     : Starting a blocking GC Explicit
08-03 22:04:57.847 21465 21803 I art     : Explicit concurrent mark sweep GC freed 3(96B) AllocSpace objects, 0(0B) LOS objects, 27% free, 42MB/58MB, paused 1.570ms total 66.444ms
08-03 22:04:57.868 21465 21803 I art     : Starting a blocking GC Explicit
08-03 22:04:57.931 21465 21803 I art     : Explicit concurrent mark sweep GC freed 3(96B) AllocSpace objects, 0(0B) LOS objects, 27% free, 42MB/58MB, paused 1.478ms total 62.925ms
08-03 22:04:58.233 23641 23641 I ServiceManager: Waiting for service AtCmdFwd...
08-03 22:04:58.287 21465 21477 I art     : Starting a blocking GC Explicit
08-03 22:04:58.358 21465 21477 I art     : Explicit concurrent mark sweep GC freed 1399(83KB) AllocSpace objects, 1(20KB) LOS objects, 27% free, 42MB/58MB, paused 1.634ms total 71.199ms
08-03 22:04:58.379 21465 21477 I art     : Starting a blocking GC Explicit
08-03 22:04:58.442 21465 21477 I art     : Explicit concurrent mark sweep GC freed 23(752B) AllocSpace objects, 0(0B) LOS objects, 27% free, 42MB/58MB, paused 1.460ms total 63.202ms
08-03 22:04:58.460 21465 21477 I art     : Starting a blocking GC Explicit
08-03 22:04:58.530 21465 21477 I art     : Explicit concurrent mark sweep GC freed 3(96B) AllocSpace objects, 0(0B) LOS objects, 27% free, 42MB/58MB, paused 1.583ms total 69.407ms
08-03 22:04:58.550 21465 21477 I art     : Starting a blocking GC Explicit
08-03 22:04:58.616 21465 21477 I art     : Explicit concurrent mark sweep GC freed 3(96B) AllocSpace objects, 0(0B) LOS objects, 27% free, 42MB/58MB, paused 1.491ms total 65.965ms
08-03 22:04:58.634 21465 21477 I art     : Starting a blocking GC Explicit
08-03 22:04:58.698 21465 21477 I art     : Explicit concurrent mark sweep GC freed 3(96B) AllocSpace objects, 0(0B) LOS objects, 27% free, 42MB/58MB, paused 1.539ms total 64.304ms
08-03 22:04:59.064 21465 21803 I art     : Starting a blocking GC Explicit
08-03 22:04:59.144 21465 21803 I art     : Explicit concurrent mark sweep GC freed 1399(82KB) AllocSpace objects, 1(20KB) LOS objects, 27% free, 42MB/58MB, paused 1.462ms total 79.929ms
08-03 22:04:59.163 21465 21803 I art     : Starting a blocking GC Explicit
08-03 22:04:59.225 21465 21803 I art     : Explicit concurrent mark sweep GC freed 23(752B) AllocSpace objects, 0(0B) LOS objects, 27% free, 42MB/58MB, paused 1.434ms total 62.397ms
08-03 22:04:59.234 23641 23641 I ServiceManager: Waiting for service AtCmdFwd...
08-03 22:04:59.243 21465 21803 I art     : Starting a blocking GC Explicit
08-03 22:04:59.308 21465 21803 I art     : Explicit concurrent mark sweep GC freed 3(96B) AllocSpace objects, 0(0B) LOS objects, 27% free, 42MB/58MB, paused 1.603ms total 64.933ms
08-03 22:04:59.326 21465 21803 I art     : Starting a blocking GC Explicit
08-03 22:04:59.396 21465 21803 I art     : Explicit concurrent mark sweep GC freed 3(96B) AllocSpace objects, 0(0B) LOS objects, 27% free, 42MB/58MB, paused 1.483ms total 69.563ms
08-03 22:04:59.416 21465 21803 I art     : Starting a blocking GC Explicit
08-03 22:04:59.472 21465 21803 I art     : Explicit concurrent mark sweep GC freed 3(96B) AllocSpace objects, 0(0B) LOS objects, 27% free, 42MB/58MB, paused 1.491ms total 56.038ms
08-03 22:04:59.822 21465 21477 I art     : Starting a blocking GC Explicit
08-03 22:04:59.882 21465 21477 I art     : Explicit concurrent mark sweep GC freed 2072(106KB) AllocSpace objects, 1(20KB) LOS objects, 27% free, 42MB/58MB, paused 1.439ms total 60.240ms
08-03 22:04:59.899 21465 21477 I art     : Starting a blocking GC Explicit
08-03 22:04:59.948 23950 23950 D AndroidRuntime: >>>>>> START com.android.internal.os.RuntimeInit uid 2000 <<<<<<
08-03 22:04:59.954 23950 23950 D AndroidRuntime: CheckJNI is OFF
08-03 22:04:59.958 21465 21477 I art     : Explicit concurrent mark sweep GC freed 23(752B) AllocSpace objects, 0(0B) LOS objects, 27% free, 42MB/58MB, paused 1.662ms total 59.033ms
08-03 22:04:59.975 21465 21477 I art     : Starting a blocking GC Explicit
08-03 22:05:00.000 23950 23950 D ICU     : No timezone override file found: /data/misc/zoneinfo/current/icu/icu_tzdata.dat
08-03 22:05:00.033 21465 21477 I art     : Explicit concurrent mark sweep GC freed 32(880B) AllocSpace objects, 0(0B) LOS objects, 27% free, 42MB/58MB, paused 1.394ms total 57.290ms
08-03 22:05:00.044 23950 23950 I Radio-JNI: register_android_hardware_Radio DONE
08-03 22:05:00.049 21465 21477 I art     : Starting a blocking GC Explicit
08-03 22:05:00.073 23950 23950 D AndroidRuntime: Calling main entry com.android.commands.input.Input
08-03 22:05:00.075 23950 23950 I Input   : injectKeyEvent: KeyEvent { action=ACTION_DOWN, keyCode=KEYCODE_BACK, scanCode=0, metaState=0, flags=0x0, repeatCount=0, eventTime=655516488, downTime=655516488, deviceId=-1, source=0x101 }
08-03 22:05:00.088 23950 23950 I Input   : injectKeyEvent: KeyEvent { action=ACTION_UP, keyCode=KEYCODE_BACK, scanCode=0, metaState=0, flags=0x0, repeatCount=0, eventTime=655516488, downTime=655516488, deviceId=-1, source=0x101 }
08-03 22:05:00.096 23950 23950 D AndroidRuntime: Shutting down VM
08-03 22:05:00.101 21465 21465 V PlaybackController: initServiceNotRunning()
08-03 22:05:00.101 21465 21465 D ExternalPlayerFragment: Loading media info
08-03 22:05:00.106 21465 21465 D ItemlistFragment: onEventMainThread() called with: event = [DownloadEvent{update=DownloaderUpdate{downloaders=[], feedIds=[], mediaIds=[]}}]
08-03 22:05:00.106 21465 21477 I art     : Explicit concurrent mark sweep GC freed 122(5KB) AllocSpace objects, 0(0B) LOS objects, 27% free, 42MB/58MB, paused 1.780ms total 56.513ms
08-03 22:05:00.107 21465 22398 D ApOkHttpUrlLoader: buildLoadData() called with: model = [http://static.libsyn.com/p/assets/7/1/f/3/71f3014e14ef2722/JREiTunesImage2.jpg], width = [1440], height = [462]
08-03 22:05:00.110 21465 21465 D UserPreferences: Using default data folder
08-03 22:05:00.111 21465 21491 D DBReader: getNavDrawerData() called with: 
08-03 22:05:00.112 21465 22011 D DBReader: getFeed() called with: feedId = [2]
08-03 22:05:00.114 21465 22011 D DBReader: getFeedItemList() called with: feed = [baseline.de.danoeh.antennapod.core.feed.Feed@2]
08-03 22:05:00.123 21465 21477 I art     : Starting a blocking GC Explicit
08-03 22:05:00.130 21465 21465 D FeedMenuHandler: Preparing options menu
08-03 22:05:00.146 21465 21491 D DBReader: getDownloadedItems() called
08-03 22:05:00.157 21465 21491 D DBReader: getFavoriteIDList() called
08-03 22:05:00.158 21465 21491 D DBReader: getQueueIDList() called
08-03 22:05:00.159 21465 21491 D DBReader: Extracting Feedlist
08-03 22:05:00.179 21465 21477 I art     : Explicit concurrent mark sweep GC freed 3002(143KB) AllocSpace objects, 0(0B) LOS objects, 26% free, 45MB/61MB, paused 2.493ms total 56.662ms
08-03 22:05:00.212 21465 21465 D MainActivity: getLastNavFragment() -> 2
08-03 22:05:00.213 13866 13866 I GoogleInputMethodServic: GoogleInputMethodService.onFinishInput():3138 
08-03 22:05:00.213 13866 13866 I GoogleInputMethodServic: GoogleInputMethodService.onStartInput():1808 
08-03 22:05:00.214 13866 13866 I ShortcutsDataManager: AbstractContentDataManager.startImportContentTask():208 startImportContentTask()
08-03 22:05:00.216 13866 13938 I ShortcutsDataManager: AbstractContentDataManager$ImportContentTask.doInBackground():222 doInBackground()
08-03 22:05:00.216 13866 13938 I PersonalDictionaryDataH: PersonalDictionaryDataHandler.beginProcess():111 LanguageTags = [en-US]
08-03 22:05:00.227 13866 13938 I ShortcutsDataManager: AbstractContentDataManager.importRecords():312 importRecords() : Success : Count = 0
08-03 22:05:00.231 13866 13938 I ShortcutsDataManager: AbstractContentDataManager.importContentData():262 importContentData() : Ending import process
08-03 22:05:00.234 23641 23641 W Atfwd_Sendcmd: AtCmdFwd service not published, waiting... retryCnt : 2
08-03 22:05:00.235 21465 22011 W PodDBAdapter: Length of id array is larger than 800. Creating multiple cursors
08-03 22:05:00.257 13866 13938 I PersonalLanguageModelUp: PersonalLanguageModelUpdater$UpdateOperation.performInternal():160 run() : Added 0 words and 0 shortcuts
08-03 22:05:00.257 13866 13938 I DynamicLanguageModelOpe: DynamicLanguageModelOperation.perform():37 perform() : 4 : coc : Completed
08-03 22:05:00.258 13866 13950 I Delight5Decoder: Delight5DecoderWrapper.loadLanguageModel():578 loadLanguageModel() : 4, version [n/a]
08-03 22:05:00.258 13866 13866 I ShortcutsDataManager: AbstractContentDataManager$ImportContentTask.onPostExecute():233 onPostExecute() : Result = [2,0]
08-03 22:05:00.258 13866 13866 I ShortcutsDataManager: ShortcutsDataManager.onImportFinished():99 onImportFinished() : Result = 2 : Count = 0
08-03 22:05:00.260 13866 13950 I Delight5Decoder: Delight5DecoderWrapper.loadLanguageModel():616 Loaded dynamic LM 4.en
08-03 22:05:00.324 21465 22011 D DBReader: getFavoriteIDList() called
08-03 22:05:00.326 21465 22011 D DBReader: getQueueIDList() called
08-03 22:05:00.327 21465 22011 D DBReader: Extracting Feedlist
08-03 22:05:00.334 21465 22398 D ApOkHttpUrlLoader: buildLoadData() called with: model = [http://static.libsyn.com/p/assets/7/1/f/3/71f3014e14ef2722/JREiTunesImage2.jpg], width = [1440], height = [462]
08-03 22:05:00.353 21465 21465 D FeedMenuHandler: Preparing options menu
08-03 22:05:00.493   380   380 W SurfaceFlinger: couldn't log to binary event log: overflow.
08-03 22:05:00.498 21465 21478 I art     : Starting a blocking GC Explicit
08-03 22:05:00.558 21465 21478 I art     : Explicit concurrent mark sweep GC freed 40895(2MB) AllocSpace objects, 3(52KB) LOS objects, 25% free, 47MB/63MB, paused 1.460ms total 60.096ms
08-03 22:05:00.574 21465 21478 I art     : Starting a blocking GC Explicit
08-03 22:05:00.630 21465 21478 I art     : Explicit concurrent mark sweep GC freed 2409(170KB) AllocSpace objects, 1(24KB) LOS objects, 25% free, 47MB/63MB, paused 1.593ms total 55.456ms
08-03 22:05:00.645 21465 21478 I art     : Starting a blocking GC Explicit
08-03 22:05:00.693 21465 21478 I art     : Explicit concurrent mark sweep GC freed 34216(2MB) AllocSpace objects, 43(2MB) LOS objects, 27% free, 42MB/58MB, paused 1.421ms total 47.323ms
08-03 22:05:00.706 21465 21478 I art     : Starting a blocking GC Explicit
08-03 22:05:00.753 21465 21478 I art     : Explicit concurrent mark sweep GC freed 3(96B) AllocSpace objects, 0(0B) LOS objects, 27% free, 42MB/58MB, paused 1.466ms total 46.287ms
08-03 22:05:00.767 21465 21478 I art     : Starting a blocking GC Explicit
08-03 22:05:00.813 21465 21478 I art     : Explicit concurrent mark sweep GC freed 3(96B) AllocSpace objects, 0(0B) LOS objects, 27% free, 42MB/58MB, paused 1.456ms total 45.920ms
08-03 22:05:01.145 21465 21477 I art     : Starting a blocking GC Explicit
08-03 22:05:01.204 21465 21477 I art     : Explicit concurrent mark sweep GC freed 1400(82KB) AllocSpace objects, 1(20KB) LOS objects, 27% free, 42MB/58MB, paused 1.509ms total 58.320ms
08-03 22:05:01.222 21465 21477 I art     : Starting a blocking GC Explicit
08-03 22:05:01.270 21465 21477 I art     : Explicit concurrent mark sweep GC freed 23(752B) AllocSpace objects, 0(0B) LOS objects, 27% free, 42MB/58MB, paused 1.459ms total 47.164ms
08-03 22:05:01.284 21465 21477 I art     : Starting a blocking GC Explicit
08-03 22:05:01.332 21465 21477 I art     : Explicit concurrent mark sweep GC freed 3(96B) AllocSpace objects, 0(0B) LOS objects, 27% free, 42MB/58MB, paused 1.388ms total 47.706ms
08-03 22:05:01.347 21465 21477 I art     : Starting a blocking GC Explicit
08-03 22:05:01.391 21465 21477 I art     : Explicit concurrent mark sweep GC freed 3(96B) AllocSpace objects, 0(0B) LOS objects, 27% free, 42MB/58MB, paused 1.507ms total 44.584ms
08-03 22:05:01.406 21465 21477 I art     : Starting a blocking GC Explicit
08-03 22:05:01.452 21465 21477 I art     : Explicit concurrent mark sweep GC freed 3(96B) AllocSpace objects, 0(0B) LOS objects, 27% free, 42MB/58MB, paused 1.466ms total 45.697ms
08-03 22:05:01.779 21465 21478 I art     : Starting a blocking GC Explicit
08-03 22:05:01.829 21465 21478 I art     : Explicit concurrent mark sweep GC freed 1380(82KB) AllocSpace objects, 1(20KB) LOS objects, 27% free, 42MB/58MB, paused 1.451ms total 50.525ms
08-03 22:05:01.845 21465 21478 I art     : Starting a blocking GC Explicit
08-03 22:05:01.875 23994 23994 D AndroidRuntime: >>>>>> START com.android.internal.os.RuntimeInit uid 2000 <<<<<<
08-03 22:05:01.880 23994 23994 D AndroidRuntime: CheckJNI is OFF
08-03 22:05:01.889 21465 21478 I art     : Explicit concurrent mark sweep GC freed 31(1008B) AllocSpace objects, 0(0B) LOS objects, 27% free, 42MB/58MB, paused 1.546ms total 43.666ms
08-03 22:05:01.902 21465 21478 I art     : Starting a blocking GC Explicit
08-03 22:05:01.923 23994 23994 D ICU     : No timezone override file found: /data/misc/zoneinfo/current/icu/icu_tzdata.dat
08-03 22:05:01.945 21465 21478 I art     : Explicit concurrent mark sweep GC freed 8(256B) AllocSpace objects, 0(0B) LOS objects, 27% free, 42MB/58MB, paused 1.466ms total 42.846ms
08-03 22:05:01.959 21465 21478 I art     : Starting a blocking GC Explicit
08-03 22:05:01.966 23994 23994 I Radio-JNI: register_android_hardware_Radio DONE
08-03 22:05:01.995 23994 23994 D AndroidRuntime: Calling main entry com.android.commands.input.Input
08-03 22:05:01.997 23994 23994 I Input   : injectMotionEvent: MotionEvent { action=ACTION_DOWN, actionButton=0, id[0]=0, x[0]=1372.0, y[0]=384.0, toolType[0]=TOOL_TYPE_UNKNOWN, buttonState=0, metaState=0, flags=0x0, edgeFlags=0x0, pointerCount=1, historySize=0, eventTime=655518410, downTime=655518410, deviceId=0, source=0x1002 }
08-03 22:05:02.003 23994 23994 I Input   : injectMotionEvent: MotionEvent { action=ACTION_UP, actionButton=0, id[0]=0, x[0]=1372.0, y[0]=384.0, toolType[0]=TOOL_TYPE_UNKNOWN, buttonState=0, metaState=0, flags=0x0, edgeFlags=0x0, pointerCount=1, historySize=0, eventTime=655518410, downTime=655518410, deviceId=0, source=0x1002 }
08-03 22:05:02.004 21465 21478 I art     : Explicit concurrent mark sweep GC freed 10(320B) AllocSpace objects, 0(0B) LOS objects, 27% free, 42MB/58MB, paused 1.522ms total 44.500ms
08-03 22:05:02.005 23994 23994 D AndroidRuntime: Shutting down VM
08-03 22:05:02.016   512  2967 D audio_hw_primary: out_set_parameters: enter: usecase(1: low-latency-playback) kvpairs: routing=2
08-03 22:05:02.016   918  3696 I ActivityManager: START u0 {cmp=baseline.de.danoeh.antennapod.debug/baseline.de.danoeh.antennapod.activity.FeedInfoActivity (has extras)} from uid 10633 on display 0
08-03 22:05:02.018 21465 21478 I art     : Starting a blocking GC Explicit
08-03 22:05:02.029   512  2967 D audio_hw_primary: select_devices: out_snd_device(2: speaker) in_snd_device(0: none)
08-03 22:05:02.030   512  2967 D msm8974_platform: platform_send_audio_calibration: sending audio calibration for snd_device(2) acdb_id(15)
08-03 22:05:02.031   512  2967 I soundtrigger: audio_extn_sound_trigger_update_device_status: device 0x2 of type 0 for Event 1
08-03 22:05:02.040   512  2967 D audio_hw_primary: enable_snd_device: snd_device(2: speaker)
08-03 22:05:02.042   512  2967 D audio_hw_primary: enable_audio_route: apply and update mixer path: low-latency-playback speaker
08-03 22:05:02.062 21465 21478 I art     : Explicit concurrent mark sweep GC freed 615(40KB) AllocSpace objects, 0(0B) LOS objects, 27% free, 43MB/59MB, paused 1.849ms total 43.430ms
08-03 22:05:02.063 21465 21485 D DBReader: getFeed() called with: feedId = [2]
08-03 22:05:02.064 21465 21485 D DBReader: getFeedItemList() called with: feed = [baseline.de.danoeh.antennapod.core.feed.Feed@2]
08-03 22:05:02.074 21465 21465 D androidx.gridlayout.widget.GridLayout: horizontal constraints: x2-x0>=1328, x2-x1<=0, x1-x0<=242 are inconsistent; permanently removing: x2-x1<=0. 
08-03 22:05:02.075 21465 21465 D androidx.gridlayout.widget.GridLayout: vertical constraints: y3-y2>=80, y3-y2<=66, y2-y1<=94, y1-y0<=94 are inconsistent; permanently removing: y3-y2<=66. 
08-03 22:05:02.148   918   936 I ActivityManager: Displayed baseline.de.danoeh.antennapod.debug/baseline.de.danoeh.antennapod.activity.FeedInfoActivity: +123ms
08-03 22:05:02.152 13866 13866 I GoogleInputMethodServic: GoogleInputMethodService.onFinishInput():3138 
08-03 22:05:02.153 13866 13866 I GoogleInputMethodServic: GoogleInputMethodService.onStartInput():1808 
08-03 22:05:02.162 21465 21485 W PodDBAdapter: Length of id array is larger than 800. Creating multiple cursors
08-03 22:05:02.183 21465 21486 D OpenGLRenderer: endAllStagingAnimators on 0x7f7e3dc000 (RippleDrawable) with handle 0x7f7a0c3b60
08-03 22:05:02.252 21465 21465 D FeedInfoActivity: Language is en
08-03 22:05:02.252 21465 21465 D FeedInfoActivity: Author is Joe Rogan
08-03 22:05:02.252 21465 21465 D FeedInfoActivity: URL is http://joeroganexp.joerogan.libsynpro.com/rss
08-03 22:05:02.257 21465 22398 D ApOkHttpUrlLoader: buildLoadData() called with: model = [http://static.libsyn.com/p/assets/7/1/f/3/71f3014e14ef2722/JREiTunesImage2.jpg], width = [1440], height = [462]
08-03 22:05:02.266   918  3961 W IntentResolver: resolveIntent: multiple matches, only some with CATEGORY_DEFAULT
08-03 22:05:02.276 21465 21465 D androidx.gridlayout.widget.GridLayout: horizontal constraints: x2-x0>=1328, x2-x1<=232, x1-x0<=242 are inconsistent; permanently removing: x2-x1<=232. 
08-03 22:05:02.277 21465 21465 D androidx.gridlayout.widget.GridLayout: vertical constraints: y3-y2>=80, y3-y2<=66, y2-y1<=94, y1-y0<=94 are inconsistent; permanently removing: y3-y2<=66. 
08-03 22:05:02.367 21465 21803 I art     : Starting a blocking GC Explicit
08-03 22:05:02.395   380   380 W SurfaceFlinger: couldn't log to binary event log: overflow.
08-03 22:05:02.419 21465 21803 I art     : Explicit concurrent mark sweep GC freed 15074(635KB) AllocSpace objects, 3(52KB) LOS objects, 25% free, 47MB/63MB, paused 1.500ms total 51.380ms
08-03 22:05:02.434 21465 21803 I art     : Starting a blocking GC Explicit
08-03 22:05:02.482 21465 21803 I art     : Explicit concurrent mark sweep GC freed 408(27KB) AllocSpace objects, 0(0B) LOS objects, 25% free, 47MB/63MB, paused 1.379ms total 47.819ms
08-03 22:05:02.497 21465 21803 I art     : Starting a blocking GC Explicit
08-03 22:05:02.522 21465 21465 D PlaybackController: Releasing PlaybackController
08-03 22:05:02.546 21465 21803 I art     : Explicit concurrent mark sweep GC freed 282(14KB) AllocSpace objects, 0(0B) LOS objects, 25% free, 47MB/63MB, paused 1.347ms total 49.548ms
08-03 22:05:02.561 21465 21803 I art     : Starting a blocking GC Explicit
08-03 22:05:02.580   512  2967 D audio_hw_primary: disable_audio_route: reset and update mixer path: low-latency-playback speaker
08-03 22:05:02.582   512  2967 D audio_hw_primary: disable_snd_device: snd_device(2: speaker)
08-03 22:05:02.589   512  2967 I soundtrigger: audio_extn_sound_trigger_update_device_status: device 0x2 of type 0 for Event 0
08-03 22:05:02.611 21465 21803 I art     : Explicit concurrent mark sweep GC freed 154(6KB) AllocSpace objects, 0(0B) LOS objects, 25% free, 47MB/63MB, paused 1.410ms total 48.973ms
08-03 22:05:02.611 21465 21476 I art     : WaitForGcToComplete blocked for 17.458ms for cause HeapTrim
08-03 22:05:02.626 21465 21803 I art     : Starting a blocking GC Explicit
08-03 22:05:02.678 21465 21803 I art     : Explicit concurrent mark sweep GC freed 27(896B) AllocSpace objects, 0(0B) LOS objects, 25% free, 47MB/63MB, paused 1.462ms total 51.678ms
08-03 22:05:02.993 21465 21477 I art     : Starting a blocking GC Explicit
08-03 22:05:03.051 21465 21477 I art     : Explicit concurrent mark sweep GC freed 1399(81KB) AllocSpace objects, 1(20KB) LOS objects, 25% free, 47MB/63MB, paused 1.413ms total 58.626ms
08-03 22:05:03.068 21465 21477 I art     : Starting a blocking GC Explicit
08-03 22:05:03.127 21465 21477 I art     : Explicit concurrent mark sweep GC freed 23(752B) AllocSpace objects, 0(0B) LOS objects, 25% free, 47MB/63MB, paused 1.350ms total 58.343ms
08-03 22:05:03.143 21465 21477 I art     : Starting a blocking GC Explicit
08-03 22:05:03.204 21465 21477 I art     : Explicit concurrent mark sweep GC freed 3(96B) AllocSpace objects, 0(0B) LOS objects, 25% free, 47MB/63MB, paused 1.521ms total 60.102ms
08-03 22:05:03.224 21465 21477 I art     : Starting a blocking GC Explicit
08-03 22:05:03.286 21465 21477 I art     : Explicit concurrent mark sweep GC freed 3(96B) AllocSpace objects, 0(0B) LOS objects, 25% free, 47MB/63MB, paused 1.598ms total 61.387ms
08-03 22:05:03.305 21465 21477 I art     : Starting a blocking GC Explicit
08-03 22:05:03.365 21465 21477 I art     : Explicit concurrent mark sweep GC freed 3(96B) AllocSpace objects, 0(0B) LOS objects, 25% free, 47MB/63MB, paused 1.435ms total 59.105ms
08-03 22:05:03.688 21465 21575 I art     : Starting a blocking GC Explicit
08-03 22:05:03.751 21465 21575 I art     : Explicit concurrent mark sweep GC freed 1377(82KB) AllocSpace objects, 1(20KB) LOS objects, 25% free, 47MB/63MB, paused 1.477ms total 62.396ms
08-03 22:05:03.767 21465 21575 I art     : Starting a blocking GC Explicit
08-03 22:05:03.821 21465 21575 I art     : Explicit concurrent mark sweep GC freed 32(1040B) AllocSpace objects, 0(0B) LOS objects, 25% free, 47MB/63MB, paused 1.373ms total 54.009ms
08-03 22:05:03.838 21465 21575 I art     : Starting a blocking GC Explicit
08-03 22:05:03.895 21465 21575 I art     : Explicit concurrent mark sweep GC freed 11(352B) AllocSpace objects, 0(0B) LOS objects, 25% free, 47MB/63MB, paused 1.475ms total 57.362ms
08-03 22:05:03.912 21465 21575 I art     : Starting a blocking GC Explicit
08-03 22:05:03.970 21465 21575 I art     : Explicit concurrent mark sweep GC freed 8(256B) AllocSpace objects, 0(0B) LOS objects, 25% free, 47MB/63MB, paused 1.397ms total 57.949ms
08-03 22:05:03.987 21465 21575 I art     : Starting a blocking GC Explicit
08-03 22:05:04.048 21465 21575 I art     : Explicit concurrent mark sweep GC freed 32(880B) AllocSpace objects, 0(0B) LOS objects, 25% free, 47MB/63MB, paused 1.676ms total 60.667ms
08-03 22:05:04.421 21465 21477 I art     : Starting a blocking GC Explicit
08-03 22:05:04.491 21465 21477 I art     : Explicit concurrent mark sweep GC freed 1369(80KB) AllocSpace objects, 1(20KB) LOS objects, 25% free, 47MB/63MB, paused 1.494ms total 69.925ms
08-03 22:05:04.508 21465 21477 I art     : Starting a blocking GC Explicit
08-03 22:05:04.576 21465 21477 I art     : Explicit concurrent mark sweep GC freed 23(752B) AllocSpace objects, 0(0B) LOS objects, 25% free, 47MB/63MB, paused 1.566ms total 67.952ms
08-03 22:05:04.595 21465 21477 I art     : Starting a blocking GC Explicit
08-03 22:05:04.660 21465 21477 I art     : Explicit concurrent mark sweep GC freed 3(96B) AllocSpace objects, 0(0B) LOS objects, 25% free, 47MB/63MB, paused 1.521ms total 64.585ms
08-03 22:05:04.677 21465 21477 I art     : Starting a blocking GC Explicit
08-03 22:05:04.743 21465 21477 I art     : Explicit concurrent mark sweep GC freed 3(96B) AllocSpace objects, 0(0B) LOS objects, 25% free, 47MB/63MB, paused 1.444ms total 65.060ms
08-03 22:05:04.760 21465 21477 I art     : Starting a blocking GC Explicit
08-03 22:05:04.825 21465 21477 I art     : Explicit concurrent mark sweep GC freed 3(96B) AllocSpace objects, 0(0B) LOS objects, 25% free, 47MB/63MB, paused 1.480ms total 64.822ms
08-03 22:05:05.201 21465 21803 I art     : Starting a blocking GC Explicit
08-03 22:05:05.268 21465 21803 I art     : Explicit concurrent mark sweep GC freed 1399(83KB) AllocSpace objects, 1(20KB) LOS objects, 25% free, 47MB/63MB, paused 1.551ms total 66.675ms
08-03 22:05:05.285 21465 21803 I art     : Starting a blocking GC Explicit
08-03 22:05:05.342 21465 21803 I art     : Explicit concurrent mark sweep GC freed 23(752B) AllocSpace objects, 0(0B) LOS objects, 25% free, 47MB/63MB, paused 1.418ms total 56.904ms
08-03 22:05:05.359 21465 21803 I art     : Starting a blocking GC Explicit
08-03 22:05:05.424 21465 21803 I art     : Explicit concurrent mark sweep GC freed 3(96B) AllocSpace objects, 0(0B) LOS objects, 25% free, 47MB/63MB, paused 1.511ms total 64.723ms
08-03 22:05:05.442 21465 21803 I art     : Starting a blocking GC Explicit
08-03 22:05:05.505 21465 21803 I art     : Explicit concurrent mark sweep GC freed 3(96B) AllocSpace objects, 0(0B) LOS objects, 25% free, 47MB/63MB, paused 1.429ms total 62.818ms
08-03 22:05:05.522 21465 21803 I art     : Starting a blocking GC Explicit
08-03 22:05:05.574 21465 21803 I art     : Explicit concurrent mark sweep GC freed 3(96B) AllocSpace objects, 0(0B) LOS objects, 25% free, 47MB/63MB, paused 1.306ms total 51.282ms
08-03 22:05:05.882 21465 21478 I art     : Starting a blocking GC Explicit
08-03 22:05:05.959 21465 21478 I art     : Explicit concurrent mark sweep GC freed 1370(81KB) AllocSpace objects, 1(20KB) LOS objects, 25% free, 47MB/63MB, paused 1.564ms total 76.750ms
08-03 22:05:05.977 21465 21478 I art     : Starting a blocking GC Explicit
08-03 22:05:06.045 21465 21478 I art     : Explicit concurrent mark sweep GC freed 72(2336B) AllocSpace objects, 0(0B) LOS objects, 25% free, 47MB/63MB, paused 1.557ms total 68.275ms
08-03 22:05:06.066 21465 21478 I art     : Starting a blocking GC Explicit
08-03 22:05:06.132 21465 21478 I art     : Explicit concurrent mark sweep GC freed 3(96B) AllocSpace objects, 0(0B) LOS objects, 25% free, 47MB/63MB, paused 1.515ms total 65.707ms
08-03 22:05:06.149 21465 21478 I art     : Starting a blocking GC Explicit
08-03 22:05:06.217 21465 21478 I art     : Explicit concurrent mark sweep GC freed 3(96B) AllocSpace objects, 0(0B) LOS objects, 25% free, 47MB/63MB, paused 1.602ms total 68.032ms
08-03 22:05:06.237 21465 21478 I art     : Starting a blocking GC Explicit
08-03 22:05:06.295 21465 21478 I art     : Explicit concurrent mark sweep GC freed 3(96B) AllocSpace objects, 0(0B) LOS objects, 25% free, 47MB/63MB, paused 1.403ms total 57.194ms
08-03 22:05:06.639 21465 21803 I art     : Starting a blocking GC Explicit
08-03 22:05:06.713 21465 21803 I art     : Explicit concurrent mark sweep GC freed 2072(106KB) AllocSpace objects, 1(20KB) LOS objects, 25% free, 47MB/63MB, paused 1.634ms total 73.679ms
08-03 22:05:06.733 21465 21803 I art     : Starting a blocking GC Explicit
08-03 22:05:06.791 21465 21803 I art     : Explicit concurrent mark sweep GC freed 23(752B) AllocSpace objects, 0(0B) LOS objects, 25% free, 47MB/63MB, paused 1.546ms total 57.976ms
08-03 22:05:06.808 21465 21803 I art     : Starting a blocking GC Explicit
08-03 22:05:06.810 24077 24077 D AndroidRuntime: >>>>>> START com.android.internal.os.RuntimeInit uid 2000 <<<<<<
08-03 22:05:06.816 24077 24077 D AndroidRuntime: CheckJNI is OFF
08-03 22:05:06.860 24077 24077 D ICU     : No timezone override file found: /data/misc/zoneinfo/current/icu/icu_tzdata.dat
08-03 22:05:06.867 21465 21803 I art     : Explicit concurrent mark sweep GC freed 3(96B) AllocSpace objects, 0(0B) LOS objects, 25% free, 47MB/63MB, paused 1.614ms total 58.811ms
08-03 22:05:06.884 21465 21803 I art     : Starting a blocking GC Explicit
08-03 22:05:06.907 24077 24077 I Radio-JNI: register_android_hardware_Radio DONE
08-03 22:05:06.937 24077 24077 D AndroidRuntime: Calling main entry com.android.commands.input.Input
08-03 22:05:06.939 24077 24077 I Input   : injectKeyEvent: KeyEvent { action=ACTION_DOWN, keyCode=KEYCODE_BACK, scanCode=0, metaState=0, flags=0x0, repeatCount=0, eventTime=655523352, downTime=655523352, deviceId=-1, source=0x101 }
08-03 22:05:06.942 21465 21803 I art     : Explicit concurrent mark sweep GC freed 3(96B) AllocSpace objects, 0(0B) LOS objects, 25% free, 47MB/63MB, paused 1.586ms total 57.430ms
08-03 22:05:06.948 24077 24077 I Input   : injectKeyEvent: KeyEvent { action=ACTION_UP, keyCode=KEYCODE_BACK, scanCode=0, metaState=0, flags=0x0, repeatCount=0, eventTime=655523352, downTime=655523352, deviceId=-1, source=0x101 }
08-03 22:05:06.954 24077 24077 D AndroidRuntime: Shutting down VM
08-03 22:05:06.958 21465 21803 I art     : Starting a blocking GC Explicit
08-03 22:05:06.960 21465 21465 V PlaybackController: initServiceNotRunning()
08-03 22:05:06.960 21465 21465 D ExternalPlayerFragment: Loading media info
08-03 22:05:06.965 21465 21465 D ItemlistFragment: onEventMainThread() called with: event = [DownloadEvent{update=DownloaderUpdate{downloaders=[], feedIds=[], mediaIds=[]}}]
08-03 22:05:06.966 21465 22398 D ApOkHttpUrlLoader: buildLoadData() called with: model = [http://static.libsyn.com/p/assets/7/1/f/3/71f3014e14ef2722/JREiTunesImage2.jpg], width = [1440], height = [462]
08-03 22:05:06.969 21465 21465 D UserPreferences: Using default data folder
08-03 22:05:06.970 21465 21485 D DBReader: getNavDrawerData() called with: 
08-03 22:05:06.970 21465 21491 D DBReader: getFeed() called with: feedId = [2]
08-03 22:05:06.971 21465 21491 D DBReader: getFeedItemList() called with: feed = [baseline.de.danoeh.antennapod.core.feed.Feed@2]
08-03 22:05:06.986 21465 21465 D FeedMenuHandler: Preparing options menu
08-03 22:05:07.001 21465 21485 D DBReader: getDownloadedItems() called
08-03 22:05:07.004 21465 21485 D DBReader: getFavoriteIDList() called
08-03 22:05:07.005 21465 21485 D DBReader: getQueueIDList() called
08-03 22:05:07.006 21465 21485 D DBReader: Extracting Feedlist
08-03 22:05:07.011 21465 21803 I art     : Explicit concurrent mark sweep GC freed 2216(112KB) AllocSpace objects, 0(0B) LOS objects, 24% free, 50MB/66MB, paused 2.088ms total 52.722ms
08-03 22:05:07.061 21465 21465 D MainActivity: getLastNavFragment() -> 2
08-03 22:05:07.061 13866 13866 I GoogleInputMethodServic: GoogleInputMethodService.onFinishInput():3138 
08-03 22:05:07.062 13866 13866 I GoogleInputMethodServic: GoogleInputMethodService.onStartInput():1808 
08-03 22:05:07.083 21465 21491 W PodDBAdapter: Length of id array is larger than 800. Creating multiple cursors
08-03 22:05:07.173 21465 21491 D DBReader: getFavoriteIDList() called
08-03 22:05:07.176 21465 21491 D DBReader: getQueueIDList() called
08-03 22:05:07.177 21465 21491 D DBReader: Extracting Feedlist
08-03 22:05:07.181 21465 22398 D ApOkHttpUrlLoader: buildLoadData() called with: model = [http://static.libsyn.com/p/assets/7/1/f/3/71f3014e14ef2722/JREiTunesImage2.jpg], width = [1440], height = [462]
08-03 22:05:07.196 21465 21465 D FeedMenuHandler: Preparing options menu
08-03 22:05:07.339 21465 21477 I art     : Starting a blocking GC Explicit
08-03 22:05:07.350   380   380 W SurfaceFlinger: couldn't log to binary event log: overflow.
08-03 22:05:07.400 21465 21477 I art     : Explicit concurrent mark sweep GC freed 41269(2MB) AllocSpace objects, 3(52KB) LOS objects, 23% free, 52MB/68MB, paused 1.427ms total 60.767ms
08-03 22:05:07.415 21465 21477 I art     : Starting a blocking GC Explicit
08-03 22:05:07.466 21465 21477 I art     : Explicit concurrent mark sweep GC freed 2233(145KB) AllocSpace objects, 0(0B) LOS objects, 23% free, 52MB/68MB, paused 1.478ms total 51.137ms
08-03 22:05:07.482 21465 21477 I art     : Starting a blocking GC Explicit
08-03 22:05:07.528 21465 21477 I art     : Explicit concurrent mark sweep GC freed 29243(2MB) AllocSpace objects, 3(84KB) LOS objects, 24% free, 50MB/66MB, paused 1.390ms total 46.003ms
08-03 22:05:07.541 21465 21477 I art     : Starting a blocking GC Explicit
08-03 22:05:07.584 21465 21477 I art     : Explicit concurrent mark sweep GC freed 3(96B) AllocSpace objects, 0(0B) LOS objects, 24% free, 50MB/66MB, paused 1.325ms total 42.478ms
08-03 22:05:07.597 21465 21477 I art     : Starting a blocking GC Explicit
08-03 22:05:07.640 21465 21477 I art     : Explicit concurrent mark sweep GC freed 3(96B) AllocSpace objects, 0(0B) LOS objects, 24% free, 50MB/66MB, paused 1.390ms total 42.689ms
08-03 22:05:07.965 21465 21478 I art     : Starting a blocking GC Explicit
08-03 22:05:08.023 21465 21478 I art     : Explicit concurrent mark sweep GC freed 1400(82KB) AllocSpace objects, 1(20KB) LOS objects, 24% free, 50MB/66MB, paused 1.557ms total 57.718ms
08-03 22:05:08.041 21465 21478 I art     : Starting a blocking GC Explicit
08-03 22:05:08.089 21465 21478 I art     : Explicit concurrent mark sweep GC freed 23(752B) AllocSpace objects, 0(0B) LOS objects, 24% free, 50MB/66MB, paused 1.505ms total 48.194ms
08-03 22:05:08.104 21465 21478 I art     : Starting a blocking GC Explicit
08-03 22:05:08.152 21465 21478 I art     : Explicit concurrent mark sweep GC freed 3(96B) AllocSpace objects, 0(0B) LOS objects, 24% free, 50MB/66MB, paused 1.373ms total 47.570ms
08-03 22:05:08.166 21465 21478 I art     : Starting a blocking GC Explicit
08-03 22:05:08.212 21465 21478 I art     : Explicit concurrent mark sweep GC freed 3(96B) AllocSpace objects, 0(0B) LOS objects, 24% free, 50MB/66MB, paused 1.403ms total 45.779ms
08-03 22:05:08.227 21465 21478 I art     : Starting a blocking GC Explicit
08-03 22:05:08.272 21465 21478 I art     : Explicit concurrent mark sweep GC freed 3(96B) AllocSpace objects, 0(0B) LOS objects, 24% free, 50MB/66MB, paused 1.460ms total 45.407ms
08-03 22:05:08.600 21465 21803 I art     : Starting a blocking GC Explicit
08-03 22:05:08.662 21465 21803 I art     : Explicit concurrent mark sweep GC freed 1377(82KB) AllocSpace objects, 1(20KB) LOS objects, 24% free, 50MB/66MB, paused 1.622ms total 61.299ms
08-03 22:05:08.677 21465 21803 I art     : Starting a blocking GC Explicit
08-03 22:05:08.722 21465 21803 I art     : Explicit concurrent mark sweep GC freed 29(944B) AllocSpace objects, 0(0B) LOS objects, 24% free, 50MB/66MB, paused 1.593ms total 44.312ms
08-03 22:05:08.735 21465 21803 I art     : Starting a blocking GC Explicit
08-03 22:05:08.749 24121 24121 D AndroidRuntime: >>>>>> START com.android.internal.os.RuntimeInit uid 2000 <<<<<<
08-03 22:05:08.754 24121 24121 D AndroidRuntime: CheckJNI is OFF
08-03 22:05:08.779 21465 21803 I art     : Explicit concurrent mark sweep GC freed 12(384B) AllocSpace objects, 0(0B) LOS objects, 24% free, 50MB/66MB, paused 1.446ms total 42.825ms
08-03 22:05:08.792 21465 21803 I art     : Starting a blocking GC Explicit
08-03 22:05:08.799 24121 24121 D ICU     : No timezone override file found: /data/misc/zoneinfo/current/icu/icu_tzdata.dat
08-03 22:05:08.837 21465 21803 I art     : Explicit concurrent mark sweep GC freed 8(256B) AllocSpace objects, 0(0B) LOS objects, 24% free, 50MB/66MB, paused 1.586ms total 44.114ms
08-03 22:05:08.841 24121 24121 I Radio-JNI: register_android_hardware_Radio DONE
08-03 22:05:08.851 21465 21803 I art     : Starting a blocking GC Explicit
08-03 22:05:08.871 24121 24121 D AndroidRuntime: Calling main entry com.android.commands.input.Input
08-03 22:05:08.874 24121 24121 I Input   : injectMotionEvent: MotionEvent { action=ACTION_DOWN, actionButton=0, id[0]=0, x[0]=733.0, y[0]=896.0, toolType[0]=TOOL_TYPE_UNKNOWN, buttonState=0, metaState=0, flags=0x0, edgeFlags=0x0, pointerCount=1, historySize=0, eventTime=655525286, downTime=655525286, deviceId=0, source=0x1002 }
08-03 22:05:08.880 24121 24121 I Input   : injectMotionEvent: MotionEvent { action=ACTION_UP, actionButton=0, id[0]=0, x[0]=733.0, y[0]=896.0, toolType[0]=TOOL_TYPE_UNKNOWN, buttonState=0, metaState=0, flags=0x0, edgeFlags=0x0, pointerCount=1, historySize=0, eventTime=655525286, downTime=655525286, deviceId=0, source=0x1002 }
08-03 22:05:08.882 24121 24121 D AndroidRuntime: Shutting down VM
08-03 22:05:08.894 21465 21803 I art     : Explicit concurrent mark sweep GC freed 24(768B) AllocSpace objects, 0(0B) LOS objects, 24% free, 50MB/66MB, paused 1.489ms total 42.719ms
08-03 22:05:08.949   512  2967 D audio_hw_primary: out_set_parameters: enter: usecase(1: low-latency-playback) kvpairs: routing=2
08-03 22:05:08.962   512  2967 D audio_hw_primary: select_devices: out_snd_device(2: speaker) in_snd_device(0: none)
08-03 22:05:08.963   512  2967 D msm8974_platform: platform_send_audio_calibration: sending audio calibration for snd_device(2) acdb_id(15)
08-03 22:05:08.963   512  2967 I soundtrigger: audio_extn_sound_trigger_update_device_status: device 0x2 of type 0 for Event 1
08-03 22:05:08.971 21465 21465 I WebViewFactory: Loading com.google.android.webview version 84.0.4147.89 (code 414708953)
08-03 22:05:08.974   512  2967 D audio_hw_primary: enable_snd_device: snd_device(2: speaker)
08-03 22:05:08.976   512  2967 D audio_hw_primary: enable_audio_route: apply and update mixer path: low-latency-playback speaker
08-03 22:05:09.060 21465 21465 I cr_LibraryLoader: Loaded native library version number "84.0.4147.89"
08-03 22:05:09.062 21465 21465 I cr_CachingUmaRecorder: Flushed 5 samples from 5 histograms.
08-03 22:05:09.104 21465 21465 E chromium: [ERROR:filesystem_posix.cc(62)] mkdir /data/user/0/baseline.de.danoeh.antennapod.debug/cache/WebView/Crashpad: No such file or directory (2)
08-03 22:05:09.232   918  6111 D ConnectivityService: listenForNetwork for Listen from uid/pid:10633/21465 for NetworkRequest [ id=2412, legacyType=-1, [ Capabilities: INTERNET&NOT_RESTRICTED&TRUSTED] ]
08-03 22:05:09.263 21465 21803 I art     : Starting a blocking GC Explicit
08-03 22:05:09.282 21465 22011 D DBReader: getFeedItem() called with: itemId = [2]
08-03 22:05:09.282 21465 22011 D DBReader: Loading feeditem with id 2
08-03 22:05:09.283 21465 21465 D ItemFragment: onEventMainThread() called with: event = [DownloadEvent{update=DownloaderUpdate{downloaders=[], feedIds=[], mediaIds=[]}}]
08-03 22:05:09.285 21465 22011 D DBReader: getFavoriteIDList() called
08-03 22:05:09.287 21465 22011 D DBReader: getQueueIDList() called
08-03 22:05:09.287 21465 22011 D DBReader: Extracting Feedlist
08-03 22:05:09.294 21465 22011 D DBReader: loadExtraInformationOfFeedItem() called with: item = [FeedItem[autoDownload=1,chapters=<null>,contentEncoded=<null>,description=<null>,feed=baseline.de.danoeh.antennapod.core.feed.Feed@9b0c062,feedId=2,flattrStatus=baseline.de.danoeh.antennapod.core.util.flattr.FlattrStatus@8abf5f3,hasChapters=false,imageUrl=http://static.libsyn.com/p/assets/2/7/8/6/278615fe73b1f0ca/JRE1514.jpg,itemIdentifier=a0870b6b-c887-4883-930c-a06d5e1a8f7e,link=http://traffic.libsyn.com/joeroganexp/p1514.mp3,media=baseline.de.danoeh.antennapod.core.feed.FeedMedia@319f2b0,paymentLink=<null>,pubDate=Fri Jul 24 21:00:00 GMT+02:00 2020,state=-1,tags=[],title=#1514 - Joe De Sena,id=2]]
08-03 22:05:09.300 13866 13866 I GoogleInputMethodServic: GoogleInputMethodService.onFinishInput():3138 
08-03 22:05:09.301 13866 13866 I GoogleInputMethodServic: GoogleInputMethodService.onStartInput():1808 
08-03 22:05:09.309 21465 21465 E libEGL  : validate_display:255 error 3008 (EGL_BAD_DISPLAY)
08-03 22:05:09.316 21465 21803 I art     : Explicit concurrent mark sweep GC freed 12300(998KB) AllocSpace objects, 4(128KB) LOS objects, 23% free, 51MB/67MB, paused 2.453ms total 53.013ms
08-03 22:05:09.333 21465 21803 I art     : Starting a blocking GC Explicit
08-03 22:05:09.364   918   935 D BluetoothManagerService: Added callback: android.bluetooth.IBluetoothManagerCallback$Stub$Proxy@4ca16ac:true
08-03 22:05:09.367 21465 22398 D ApOkHttpUrlLoader: buildLoadData() called with: model = [http://static.libsyn.com/p/assets/2/7/8/6/278615fe73b1f0ca/JRE1514.jpg], width = [175], height = [175]
08-03 22:05:09.371 21465 22216 D DBReader: getImageAuthentication() called with: imageUrl = [http://static.libsyn.com/p/assets/2/7/8/6/278615fe73b1f0ca/JRE1514.jpg]
08-03 22:05:09.375 21465 22216 D ApOkHttpUrlLoader: no credentials for 'http://static.libsyn.com/p/assets/2/7/8/6/278615fe73b1f0ca/JRE1514.jpg'
08-03 22:05:09.394 21465 21803 I art     : Explicit concurrent mark sweep GC freed 1375(101KB) AllocSpace objects, 0(0B) LOS objects, 23% free, 52MB/68MB, paused 2.270ms total 60.410ms
08-03 22:05:09.411 21465 21803 I art     : Starting a blocking GC Explicit
08-03 22:05:09.457 21465 21803 I art     : Explicit concurrent mark sweep GC freed 705(48KB) AllocSpace objects, 3(84KB) LOS objects, 23% free, 51MB/67MB, paused 1.801ms total 46.071ms
08-03 22:05:09.474 21465 21803 I art     : Starting a blocking GC Explicit
08-03 22:05:09.519 21465 21803 I art     : Explicit concurrent mark sweep GC freed 860(65KB) AllocSpace objects, 1(28KB) LOS objects, 23% free, 51MB/67MB, paused 1.745ms total 45.643ms
08-03 22:05:09.520   512  2967 D audio_hw_primary: disable_audio_route: reset and update mixer path: low-latency-playback speaker
08-03 22:05:09.521   512  2967 D audio_hw_primary: disable_snd_device: snd_device(2: speaker)
08-03 22:05:09.522 21465 22216 D MYTAG   : interceptor 2a
08-03 22:05:09.523 21465 22216 I NAPPA_EXPERIMENTATION: MetricNetworkRequestExecutionTime: REQUEST_DURATION_SYSTEM='147',REQUEST_DURATION_OKHTTP='146',REQUEST_SYNCHRONOUS='TRUE',RESPONSE_CODE='200',RESPONSE_METHOD='GET',RESPONSE_LENGTH_OKHTTP='364960',RESPONSE_LENGTH_HEADER='364960',REQUEST_PROTOCOL='http/1.1',REQUEST_URL='http://static.libsyn.com/p/assets/2/7/8/6/278615fe73b1f0ca/JRE1514.jpg',
08-03 22:05:09.532   512  2967 I soundtrigger: audio_extn_sound_trigger_update_device_status: device 0x2 of type 0 for Event 0
08-03 22:05:09.536 21465 21803 I art     : Starting a blocking GC Explicit
08-03 22:05:09.582 21465 21803 I art     : Explicit concurrent mark sweep GC freed 275(22KB) AllocSpace objects, 0(0B) LOS objects, 23% free, 51MB/67MB, paused 1.724ms total 46.341ms
08-03 22:05:09.941 21465 21478 I art     : Starting a blocking GC Explicit
08-03 22:05:09.998 21465 21478 I art     : Explicit concurrent mark sweep GC freed 1628(102KB) AllocSpace objects, 1(20KB) LOS objects, 23% free, 52MB/68MB, paused 1.752ms total 56.199ms
08-03 22:05:10.014 21465 21478 I art     : Starting a blocking GC Explicit
08-03 22:05:10.062 21465 21478 I art     : Explicit concurrent mark sweep GC freed 83(2512B) AllocSpace objects, 0(0B) LOS objects, 23% free, 52MB/68MB, paused 1.477ms total 47.152ms
08-03 22:05:10.077 21465 21478 I art     : Starting a blocking GC Explicit
08-03 22:05:10.130 21465 21478 I art     : Explicit concurrent mark sweep GC freed 11(352B) AllocSpace objects, 0(0B) LOS objects, 23% free, 52MB/68MB, paused 1.723ms total 52.216ms
08-03 22:05:10.145 21465 21478 I art     : Starting a blocking GC Explicit
08-03 22:05:10.193 21465 21478 I art     : Explicit concurrent mark sweep GC freed 11(352B) AllocSpace objects, 0(0B) LOS objects, 23% free, 52MB/68MB, paused 1.418ms total 47.182ms
08-03 22:05:10.207 21465 21478 I art     : Starting a blocking GC Explicit
08-03 22:05:10.234 23641 23641 I ServiceManager: Waiting for service AtCmdFwd...
08-03 22:05:10.258 21465 21478 I art     : Explicit concurrent mark sweep GC freed 10(320B) AllocSpace objects, 0(0B) LOS objects, 23% free, 52MB/68MB, paused 2.122ms total 50.749ms
08-03 22:05:10.630 21465 21575 I art     : Starting a blocking GC Explicit
08-03 22:05:10.690 21465 21575 I art     : Explicit concurrent mark sweep GC freed 1435(82KB) AllocSpace objects, 1(20KB) LOS objects, 23% free, 52MB/68MB, paused 1.715ms total 59.589ms
08-03 22:05:10.708 21465 21575 I art     : Starting a blocking GC Explicit
08-03 22:05:10.760 21465 21575 I art     : Explicit concurrent mark sweep GC freed 33(1072B) AllocSpace objects, 0(0B) LOS objects, 23% free, 52MB/68MB, paused 1.463ms total 51.487ms
08-03 22:05:10.776 21465 21575 I art     : Starting a blocking GC Explicit
08-03 22:05:10.830 21465 21575 I art     : Explicit concurrent mark sweep GC freed 11(352B) AllocSpace objects, 0(0B) LOS objects, 23% free, 52MB/68MB, paused 1.491ms total 53.619ms
08-03 22:05:10.846 21465 21575 I art     : Starting a blocking GC Explicit
08-03 22:05:10.900 21465 21575 I art     : Explicit concurrent mark sweep GC freed 11(352B) AllocSpace objects, 0(0B) LOS objects, 23% free, 52MB/68MB, paused 1.648ms total 53.813ms
08-03 22:05:10.916 21465 21575 I art     : Starting a blocking GC Explicit
08-03 22:05:10.971 21465 21575 I art     : Explicit concurrent mark sweep GC freed 19(608B) AllocSpace objects, 0(0B) LOS objects, 23% free, 52MB/68MB, paused 1.652ms total 54.889ms
08-03 22:05:11.235 23641 23641 I ServiceManager: Waiting for service AtCmdFwd...
08-03 22:05:11.366 21465 21575 I art     : Starting a blocking GC Explicit
08-03 22:05:11.442 21465 21575 I art     : Explicit concurrent mark sweep GC freed 1457(83KB) AllocSpace objects, 1(20KB) LOS objects, 23% free, 52MB/68MB, paused 1.800ms total 75.246ms
08-03 22:05:11.459 21465 21575 I art     : Starting a blocking GC Explicit
08-03 22:05:11.518 21465 21575 I art     : Explicit concurrent mark sweep GC freed 23(752B) AllocSpace objects, 0(0B) LOS objects, 23% free, 52MB/68MB, paused 1.650ms total 58.151ms
08-03 22:05:11.533 21465 21575 I art     : Starting a blocking GC Explicit
08-03 22:05:11.591 21465 21575 I art     : Explicit concurrent mark sweep GC freed 3(96B) AllocSpace objects, 0(0B) LOS objects, 23% free, 52MB/68MB, paused 1.674ms total 57.232ms
08-03 22:05:11.606 21465 21575 I art     : Starting a blocking GC Explicit
08-03 22:05:11.664 21465 21575 I art     : Explicit concurrent mark sweep GC freed 3(96B) AllocSpace objects, 0(0B) LOS objects, 23% free, 52MB/68MB, paused 1.649ms total 57.128ms
08-03 22:05:11.680 21465 21575 I art     : Starting a blocking GC Explicit
08-03 22:05:11.736 21465 21575 I art     : Explicit concurrent mark sweep GC freed 3(96B) AllocSpace objects, 0(0B) LOS objects, 23% free, 52MB/68MB, paused 1.638ms total 56.395ms
08-03 22:05:12.140 21465 21803 I art     : Starting a blocking GC Explicit
08-03 22:05:12.209 21465 21803 I art     : Explicit concurrent mark sweep GC freed 1411(82KB) AllocSpace objects, 1(20KB) LOS objects, 23% free, 52MB/68MB, paused 1.926ms total 68.648ms
08-03 22:05:12.229 21465 21803 I art     : Starting a blocking GC Explicit
08-03 22:05:12.235 23641 23641 I ServiceManager: Waiting for service AtCmdFwd...
08-03 22:05:12.284 21465 21803 I art     : Explicit concurrent mark sweep GC freed 23(752B) AllocSpace objects, 0(0B) LOS objects, 23% free, 52MB/68MB, paused 1.696ms total 55.556ms
08-03 22:05:12.300 21465 21803 I art     : Starting a blocking GC Explicit
08-03 22:05:12.358 21465 21803 I art     : Explicit concurrent mark sweep GC freed 3(96B) AllocSpace objects, 0(0B) LOS objects, 23% free, 52MB/68MB, paused 1.777ms total 57.154ms
08-03 22:05:12.373 21465 21803 I art     : Starting a blocking GC Explicit
08-03 22:05:12.435 21465 21803 I art     : Explicit concurrent mark sweep GC freed 3(96B) AllocSpace objects, 0(0B) LOS objects, 23% free, 52MB/68MB, paused 1.770ms total 61.101ms
08-03 22:05:12.453 21465 21803 I art     : Starting a blocking GC Explicit
08-03 22:05:12.511 21465 21803 I art     : Explicit concurrent mark sweep GC freed 3(96B) AllocSpace objects, 0(0B) LOS objects, 23% free, 52MB/68MB, paused 1.706ms total 57.662ms
08-03 22:05:12.919 21465 21477 I art     : Starting a blocking GC Explicit
08-03 22:05:12.992 21465 21477 I art     : Explicit concurrent mark sweep GC freed 1382(81KB) AllocSpace objects, 1(20KB) LOS objects, 23% free, 52MB/68MB, paused 1.764ms total 72.584ms
08-03 22:05:13.010 21465 21477 I art     : Starting a blocking GC Explicit
08-03 22:05:13.067 21465 21477 I art     : Explicit concurrent mark sweep GC freed 54(1664B) AllocSpace objects, 0(0B) LOS objects, 23% free, 52MB/68MB, paused 1.687ms total 57.110ms
08-03 22:05:13.067 21465 21476 I art     : WaitForGcToComplete blocked for 43.437ms for cause HeapTrim
08-03 22:05:13.082 21465 21477 I art     : Starting a blocking GC Explicit
08-03 22:05:13.136 21465 21477 I art     : Explicit concurrent mark sweep GC freed 40(2896B) AllocSpace objects, 0(0B) LOS objects, 23% free, 52MB/68MB, paused 1.502ms total 53.440ms
08-03 22:05:13.151 21465 21477 I art     : Starting a blocking GC Explicit
08-03 22:05:13.197 21465 21477 I art     : Explicit concurrent mark sweep GC freed 3(96B) AllocSpace objects, 0(0B) LOS objects, 23% free, 52MB/68MB, paused 1.587ms total 45.970ms
08-03 22:05:13.212 21465 21477 I art     : Starting a blocking GC Explicit
08-03 22:05:13.236 23641 23641 I ServiceManager: Waiting for service AtCmdFwd...
08-03 22:05:13.262 21465 21477 I art     : Explicit concurrent mark sweep GC freed 3(96B) AllocSpace objects, 0(0B) LOS objects, 23% free, 52MB/68MB, paused 1.551ms total 49.851ms
08-03 22:05:13.656 21465 21478 I art     : Starting a blocking GC Explicit
08-03 22:05:13.675 24238 24238 D AndroidRuntime: >>>>>> START com.android.internal.os.RuntimeInit uid 2000 <<<<<<
08-03 22:05:13.681 24238 24238 D AndroidRuntime: CheckJNI is OFF
08-03 22:05:13.711 21465 21478 I art     : Explicit concurrent mark sweep GC freed 1460(89KB) AllocSpace objects, 1(20KB) LOS objects, 23% free, 52MB/68MB, paused 1.537ms total 55.141ms
08-03 22:05:13.726 21465 21478 I art     : Starting a blocking GC Explicit
08-03 22:05:13.729 24238 24238 D ICU     : No timezone override file found: /data/misc/zoneinfo/current/icu/icu_tzdata.dat
08-03 22:05:13.774 24238 24238 I Radio-JNI: register_android_hardware_Radio DONE
08-03 22:05:13.778 21465 21478 I art     : Explicit concurrent mark sweep GC freed 62(3008B) AllocSpace objects, 0(0B) LOS objects, 23% free, 52MB/68MB, paused 1.661ms total 52.154ms
08-03 22:05:13.793 21465 21478 I art     : Starting a blocking GC Explicit
08-03 22:05:13.805 24238 24238 D AndroidRuntime: Calling main entry com.android.commands.input.Input
08-03 22:05:13.807 24238 24238 I Input   : injectKeyEvent: KeyEvent { action=ACTION_DOWN, keyCode=KEYCODE_BACK, scanCode=0, metaState=0, flags=0x0, repeatCount=0, eventTime=655530220, downTime=655530220, deviceId=-1, source=0x101 }
08-03 22:05:13.815 24238 24238 I Input   : injectKeyEvent: KeyEvent { action=ACTION_UP, keyCode=KEYCODE_BACK, scanCode=0, metaState=0, flags=0x0, repeatCount=0, eventTime=655530220, downTime=655530220, deviceId=-1, source=0x101 }
08-03 22:05:13.836 21465 21465 D ItemlistFragment: onEventMainThread() called with: event = [DownloadEvent{update=DownloaderUpdate{downloaders=[], feedIds=[], mediaIds=[]}}]
08-03 22:05:13.837 21465 21485 D DBReader: getFeed() called with: feedId = [2]
08-03 22:05:13.838 24238 24238 D AndroidRuntime: Shutting down VM
08-03 22:05:13.840   918  3263 D ConnectivityService: releasing NetworkRequest NetworkRequest [ id=2412, legacyType=-1, [ Capabilities: INTERNET&NOT_RESTRICTED&TRUSTED] ]
08-03 22:05:13.844 21465 21485 D DBReader: getFeedItemList() called with: feed = [baseline.de.danoeh.antennapod.core.feed.Feed@2]
08-03 22:05:13.851 21465 21478 I art     : Explicit concurrent mark sweep GC freed 932(51KB) AllocSpace objects, 0(0B) LOS objects, 23% free, 52MB/68MB, paused 2.225ms total 57.166ms
08-03 22:05:13.869 21465 21478 I art     : Starting a blocking GC Explicit
08-03 22:05:13.871 21465 21465 D FeedMenuHandler: Preparing options menu
08-03 22:05:13.922 21465 21478 I art     : Explicit concurrent mark sweep GC freed 3369(135KB) AllocSpace objects, 0(0B) LOS objects, 23% free, 53MB/69MB, paused 3.071ms total 53.077ms
08-03 22:05:13.938 21465 21478 I art     : Starting a blocking GC Explicit
08-03 22:05:13.940 21465 22398 D ApOkHttpUrlLoader: buildLoadData() called with: model = [http://static.libsyn.com/p/assets/7/1/f/3/71f3014e14ef2722/JREiTunesImage2.jpg], width = [1440], height = [462]
08-03 22:05:13.954 21465 21485 W PodDBAdapter: Length of id array is larger than 800. Creating multiple cursors
08-03 22:05:13.961 13866 13866 I GoogleInputMethodServic: GoogleInputMethodService.onFinishInput():3138 
08-03 22:05:13.962 13866 13866 I GoogleInputMethodServic: GoogleInputMethodService.onStartInput():1808 
08-03 22:05:13.999 21465 21478 I art     : Explicit concurrent mark sweep GC freed 7965(568KB) AllocSpace objects, 5(2MB) LOS objects, 23% free, 53MB/69MB, paused 1.586ms total 61.121ms
08-03 22:05:14.046 21465 21485 D DBReader: getFavoriteIDList() called
08-03 22:05:14.047 21465 21485 D DBReader: getQueueIDList() called
08-03 22:05:14.048 21465 21485 D DBReader: Extracting Feedlist
08-03 22:05:14.051 21465 22398 D ApOkHttpUrlLoader: buildLoadData() called with: model = [http://static.libsyn.com/p/assets/7/1/f/3/71f3014e14ef2722/JREiTunesImage2.jpg], width = [1440], height = [462]
08-03 22:05:14.065 21465 21465 D FeedMenuHandler: Preparing options menu
08-03 22:05:14.237 23641 23641 I ServiceManager: Waiting for service AtCmdFwd...
08-03 22:05:14.322 21465 21575 I art     : Starting a blocking GC Explicit
08-03 22:05:14.375 21465 21575 I art     : Explicit concurrent mark sweep GC freed 36325(2MB) AllocSpace objects, 4(144KB) LOS objects, 22% free, 54MB/70MB, paused 1.474ms total 52.848ms
08-03 22:05:14.390 21465 21575 I art     : Starting a blocking GC Explicit
08-03 22:05:14.439 21465 21575 I art     : Explicit concurrent mark sweep GC freed 1190(78KB) AllocSpace objects, 0(0B) LOS objects, 22% free, 54MB/70MB, paused 1.409ms total 49.349ms
08-03 22:05:14.454 21465 21575 I art     : Starting a blocking GC Explicit
08-03 22:05:14.506 21465 21575 I art     : Explicit concurrent mark sweep GC freed 5(176B) AllocSpace objects, 0(0B) LOS objects, 22% free, 54MB/70MB, paused 1.470ms total 51.199ms
08-03 22:05:14.521 21465 21575 I art     : Starting a blocking GC Explicit
08-03 22:05:14.573 21465 21575 I art     : Explicit concurrent mark sweep GC freed 3(96B) AllocSpace objects, 0(0B) LOS objects, 22% free, 54MB/70MB, paused 1.412ms total 51.948ms
08-03 22:05:14.588 21465 21575 I art     : Starting a blocking GC Explicit
08-03 22:05:14.641 21465 21575 I art     : Explicit concurrent mark sweep GC freed 3(96B) AllocSpace objects, 0(0B) LOS objects, 22% free, 54MB/70MB, paused 1.460ms total 52.514ms
08-03 22:05:15.001 21465 21803 I art     : Starting a blocking GC Explicit
08-03 22:05:15.067 21465 21803 I art     : Explicit concurrent mark sweep GC freed 1411(83KB) AllocSpace objects, 1(20KB) LOS objects, 22% free, 54MB/70MB, paused 1.475ms total 65.274ms
08-03 22:05:15.083 21465 21803 I art     : Starting a blocking GC Explicit
08-03 22:05:15.128 21465 21803 I art     : Explicit concurrent mark sweep GC freed 23(768B) AllocSpace objects, 0(0B) LOS objects, 22% free, 54MB/70MB, paused 1.787ms total 45.523ms
08-03 22:05:15.143 21465 21803 I art     : Starting a blocking GC Explicit
08-03 22:05:15.191 21465 21803 I art     : Explicit concurrent mark sweep GC freed 3(96B) AllocSpace objects, 0(0B) LOS objects, 22% free, 54MB/70MB, paused 1.455ms total 48.298ms
08-03 22:05:15.206 21465 21803 I art     : Starting a blocking GC Explicit
08-03 22:05:15.237 23641 23641 W Atfwd_Sendcmd: AtCmdFwd service not published, waiting... retryCnt : 3
08-03 22:05:15.255 21465 21803 I art     : Explicit concurrent mark sweep GC freed 3(96B) AllocSpace objects, 0(0B) LOS objects, 22% free, 54MB/70MB, paused 1.421ms total 48.708ms
08-03 22:05:15.269 21465 21803 I art     : Starting a blocking GC Explicit
08-03 22:05:15.319 21465 21803 I art     : Explicit concurrent mark sweep GC freed 3(96B) AllocSpace objects, 0(0B) LOS objects, 22% free, 54MB/70MB, paused 1.549ms total 49.414ms
08-03 22:05:15.590 24282 24282 D AndroidRuntime: >>>>>> START com.android.internal.os.RuntimeInit uid 2000 <<<<<<
08-03 22:05:15.596 24282 24282 D AndroidRuntime: CheckJNI is OFF
08-03 22:05:15.637 24282 24282 D ICU     : No timezone override file found: /data/misc/zoneinfo/current/icu/icu_tzdata.dat
08-03 22:05:15.679 24282 24282 I Radio-JNI: register_android_hardware_Radio DONE
08-03 22:05:15.693 21465 21477 I art     : Starting a blocking GC Explicit
08-03 22:05:15.707 24282 24282 D AndroidRuntime: Calling main entry com.android.commands.input.Input
08-03 22:05:15.710 24282 24282 I Input   : injectMotionEvent: MotionEvent { action=ACTION_DOWN, actionButton=0, id[0]=0, x[0]=103.0, y[0]=192.0, toolType[0]=TOOL_TYPE_UNKNOWN, buttonState=0, metaState=0, flags=0x0, edgeFlags=0x0, pointerCount=1, historySize=0, eventTime=655532122, downTime=655532122, deviceId=0, source=0x1002 }
08-03 22:05:15.714 24282 24282 I Input   : injectMotionEvent: MotionEvent { action=ACTION_UP, actionButton=0, id[0]=0, x[0]=103.0, y[0]=192.0, toolType[0]=TOOL_TYPE_UNKNOWN, buttonState=0, metaState=0, flags=0x0, edgeFlags=0x0, pointerCount=1, historySize=0, eventTime=655532122, downTime=655532122, deviceId=0, source=0x1002 }
08-03 22:05:15.716 24282 24282 D AndroidRuntime: Shutting down VM
08-03 22:05:15.731   512  2967 D audio_hw_primary: out_set_parameters: enter: usecase(1: low-latency-playback) kvpairs: routing=2
08-03 22:05:15.744   512  2967 D audio_hw_primary: select_devices: out_snd_device(2: speaker) in_snd_device(0: none)
08-03 22:05:15.744   512  2967 D msm8974_platform: platform_send_audio_calibration: sending audio calibration for snd_device(2) acdb_id(15)
08-03 22:05:15.744   512  2967 I soundtrigger: audio_extn_sound_trigger_update_device_status: device 0x2 of type 0 for Event 1
08-03 22:05:15.745 21465 21477 I art     : Explicit concurrent mark sweep GC freed 1436(83KB) AllocSpace objects, 1(20KB) LOS objects, 22% free, 54MB/70MB, paused 1.708ms total 51.369ms
08-03 22:05:15.755   512  2967 D audio_hw_primary: enable_snd_device: snd_device(2: speaker)
08-03 22:05:15.758   512  2967 D audio_hw_primary: enable_audio_route: apply and update mixer path: low-latency-playback speaker
08-03 22:05:15.761 21465 21477 I art     : Starting a blocking GC Explicit
08-03 22:05:15.806 21465 21477 I art     : Explicit concurrent mark sweep GC freed 56(2208B) AllocSpace objects, 0(0B) LOS objects, 22% free, 54MB/70MB, paused 1.370ms total 44.947ms
08-03 22:05:15.821 21465 21477 I art     : Starting a blocking GC Explicit
08-03 22:05:15.870 21465 21477 I art     : Explicit concurrent mark sweep GC freed 376(19KB) AllocSpace objects, 0(0B) LOS objects, 22% free, 54MB/70MB, paused 1.386ms total 49.033ms
08-03 22:05:15.885 21465 21477 I art     : Starting a blocking GC Explicit
08-03 22:05:15.932 21465 21477 I art     : Explicit concurrent mark sweep GC freed 7(384B) AllocSpace objects, 0(0B) LOS objects, 22% free, 54MB/70MB, paused 1.411ms total 46.880ms
08-03 22:05:15.947 21465 21477 I art     : Starting a blocking GC Explicit
08-03 22:05:15.991 21465 21477 I art     : Explicit concurrent mark sweep GC freed 3(96B) AllocSpace objects, 0(0B) LOS objects, 22% free, 54MB/70MB, paused 1.332ms total 44.149ms
08-03 22:05:16.299   512  2967 D audio_hw_primary: disable_audio_route: reset and update mixer path: low-latency-playback speaker
08-03 22:05:16.300   512  2967 D audio_hw_primary: disable_snd_device: snd_device(2: speaker)
08-03 22:05:16.308   512  2967 I soundtrigger: audio_extn_sound_trigger_update_device_status: device 0x2 of type 0 for Event 0
08-03 22:05:16.322 21465 21477 I art     : Starting a blocking GC Explicit
08-03 22:05:16.373 21465 21477 I art     : Explicit concurrent mark sweep GC freed 2118(107KB) AllocSpace objects, 1(20KB) LOS objects, 22% free, 54MB/70MB, paused 1.412ms total 51.372ms
08-03 22:05:16.388 21465 21477 I art     : Starting a blocking GC Explicit
08-03 22:05:16.439 21465 21477 I art     : Explicit concurrent mark sweep GC freed 31(1008B) AllocSpace objects, 0(0B) LOS objects, 22% free, 54MB/70MB, paused 1.526ms total 49.788ms
08-03 22:05:16.453 21465 21477 I art     : Starting a blocking GC Explicit
08-03 22:05:16.504 21465 21477 I art     : Explicit concurrent mark sweep GC freed 5(160B) AllocSpace objects, 0(0B) LOS objects, 22% free, 54MB/70MB, paused 1.394ms total 50.395ms
08-03 22:05:16.519 21465 21477 I art     : Starting a blocking GC Explicit
08-03 22:05:16.571 21465 21477 I art     : Explicit concurrent mark sweep GC freed 3(96B) AllocSpace objects, 0(0B) LOS objects, 22% free, 54MB/70MB, paused 1.409ms total 52.044ms
08-03 22:05:16.586 21465 21477 I art     : Starting a blocking GC Explicit
08-03 22:05:16.639 21465 21477 I art     : Explicit concurrent mark sweep GC freed 3(96B) AllocSpace objects, 0(0B) LOS objects, 22% free, 54MB/70MB, paused 1.527ms total 53.084ms
08-03 22:05:16.990 21465 21575 I art     : Starting a blocking GC Explicit
08-03 22:05:17.042 21465 21575 I art     : Explicit concurrent mark sweep GC freed 2299(114KB) AllocSpace objects, 1(20KB) LOS objects, 22% free, 54MB/70MB, paused 1.405ms total 51.871ms
08-03 22:05:17.057 21465 21575 I art     : Starting a blocking GC Explicit
08-03 22:05:17.106 21465 21575 I art     : Explicit concurrent mark sweep GC freed 23(752B) AllocSpace objects, 0(0B) LOS objects, 22% free, 54MB/70MB, paused 1.376ms total 48.792ms
08-03 22:05:17.120 21465 21575 I art     : Starting a blocking GC Explicit
08-03 22:05:17.169 21465 21575 I art     : Explicit concurrent mark sweep GC freed 3(96B) AllocSpace objects, 0(0B) LOS objects, 22% free, 54MB/70MB, paused 1.475ms total 48.494ms
08-03 22:05:17.184 21465 21575 I art     : Starting a blocking GC Explicit
08-03 22:05:17.234 21465 21575 I art     : Explicit concurrent mark sweep GC freed 3(96B) AllocSpace objects, 0(0B) LOS objects, 22% free, 54MB/70MB, paused 1.429ms total 49.992ms
08-03 22:05:17.249 21465 21575 I art     : Starting a blocking GC Explicit
08-03 22:05:17.298 21465 21575 I art     : Explicit concurrent mark sweep GC freed 3(96B) AllocSpace objects, 0(0B) LOS objects, 22% free, 54MB/70MB, paused 1.543ms total 48.876ms
08-03 22:05:17.498 24325 24325 D AndroidRuntime: >>>>>> START com.android.internal.os.RuntimeInit uid 2000 <<<<<<
08-03 22:05:17.505 24325 24325 D AndroidRuntime: CheckJNI is OFF
08-03 22:05:17.545 24325 24325 D ICU     : No timezone override file found: /data/misc/zoneinfo/current/icu/icu_tzdata.dat
08-03 22:05:17.588 24325 24325 I Radio-JNI: register_android_hardware_Radio DONE
08-03 22:05:17.618 24325 24325 D AndroidRuntime: Calling main entry com.android.commands.input.Input
08-03 22:05:17.620 24325 24325 I Input   : injectMotionEvent: MotionEvent { action=ACTION_DOWN, actionButton=0, id[0]=0, x[0]=409.0, y[0]=1034.0, toolType[0]=TOOL_TYPE_UNKNOWN, buttonState=0, metaState=0, flags=0x0, edgeFlags=0x0, pointerCount=1, historySize=0, eventTime=655534033, downTime=655534033, deviceId=0, source=0x1002 }
08-03 22:05:17.625 24325 24325 I Input   : injectMotionEvent: MotionEvent { action=ACTION_UP, actionButton=0, id[0]=0, x[0]=409.0, y[0]=1034.0, toolType[0]=TOOL_TYPE_UNKNOWN, buttonState=0, metaState=0, flags=0x0, edgeFlags=0x0, pointerCount=1, historySize=0, eventTime=655534033, downTime=655534033, deviceId=0, source=0x1002 }
08-03 22:05:17.628 24325 24325 D AndroidRuntime: Shutting down VM
08-03 22:05:17.664 21465 21803 I art     : Starting a blocking GC Explicit
08-03 22:05:17.692 21465 21465 D MainActivity: loadFragment(index: 5, args: null)
08-03 22:05:17.693 21465 21465 D MainActivity: loadFragment(tag: AddFeedFragment, args: null)
08-03 22:05:17.693 21465 21465 D MainActivity: saveLastNavFragment(tag: AddFeedFragment)
08-03 22:05:17.693 21465 21465 D MainActivity: getLastNavFragment() -> AddFeedFragment
08-03 22:05:17.695   512  2967 D audio_hw_primary: out_set_parameters: enter: usecase(1: low-latency-playback) kvpairs: routing=2
08-03 22:05:17.708   512  2967 D audio_hw_primary: select_devices: out_snd_device(2: speaker) in_snd_device(0: none)
08-03 22:05:17.708   512  2967 D msm8974_platform: platform_send_audio_calibration: sending audio calibration for snd_device(2) acdb_id(15)
08-03 22:05:17.708   512  2967 I soundtrigger: audio_extn_sound_trigger_update_device_status: device 0x2 of type 0 for Event 1
08-03 22:05:17.719 21465 21803 I art     : Explicit concurrent mark sweep GC freed 2301(138KB) AllocSpace objects, 2(40KB) LOS objects, 22% free, 54MB/70MB, paused 2.023ms total 54.796ms
08-03 22:05:17.720   512  2967 D audio_hw_primary: enable_snd_device: snd_device(2: speaker)
08-03 22:05:17.722   512  2967 D audio_hw_primary: enable_audio_route: apply and update mixer path: low-latency-playback speaker
08-03 22:05:17.732 13866 13866 I GoogleInputMethodServic: GoogleInputMethodService.onFinishInput():3138 
08-03 22:05:17.734 21465 21803 I art     : Starting a blocking GC Explicit
08-03 22:05:17.734 13866 13866 I GoogleInputMethodServic: GoogleInputMethodService.onStartInput():1808 
08-03 22:05:17.782 21465 21803 I art     : Explicit concurrent mark sweep GC freed 1530(61KB) AllocSpace objects, 0(0B) LOS objects, 22% free, 54MB/70MB, paused 1.533ms total 47.925ms
08-03 22:05:17.796 21465 21803 I art     : Starting a blocking GC Explicit
08-03 22:05:17.843 21465 21803 I art     : Explicit concurrent mark sweep GC freed 1085(65KB) AllocSpace objects, 4(112KB) LOS objects, 22% free, 54MB/70MB, paused 1.336ms total 46.281ms
08-03 22:05:17.857 21465 21803 I art     : Starting a blocking GC Explicit
08-03 22:05:17.897 21465 21803 I art     : Explicit concurrent mark sweep GC freed 30425(2MB) AllocSpace objects, 5(3MB) LOS objects, 24% free, 48MB/64MB, paused 1.346ms total 39.814ms
08-03 22:05:17.909 21465 21803 I art     : Starting a blocking GC Explicit
08-03 22:05:17.944 21465 21803 I art     : Explicit concurrent mark sweep GC freed 7(224B) AllocSpace objects, 0(0B) LOS objects, 24% free, 48MB/64MB, paused 1.484ms total 35.221ms
08-03 22:05:18.125 13866 13866 I GoogleInputMethodServic: GoogleInputMethodService.onFinishInput():3138 
08-03 22:05:18.126 13866 13866 I GoogleInputMethodServic: GoogleInputMethodService.onStartInput():1808 
08-03 22:05:18.260   512  2967 D audio_hw_primary: disable_audio_route: reset and update mixer path: low-latency-playback speaker
08-03 22:05:18.263   512  2967 D audio_hw_primary: disable_snd_device: snd_device(2: speaker)
08-03 22:05:18.271   512  2967 I soundtrigger: audio_extn_sound_trigger_update_device_status: device 0x2 of type 0 for Event 0
08-03 22:05:18.293 21465 21803 I art     : Starting a blocking GC Explicit
08-03 22:05:18.336 21465 21803 I art     : Explicit concurrent mark sweep GC freed 1665(92KB) AllocSpace objects, 1(20KB) LOS objects, 24% free, 48MB/64MB, paused 1.322ms total 42.231ms
08-03 22:05:18.351 21465 21803 I art     : Starting a blocking GC Explicit
08-03 22:05:18.389 21465 21803 I art     : Explicit concurrent mark sweep GC freed 122(6KB) AllocSpace objects, 0(0B) LOS objects, 24% free, 48MB/64MB, paused 1.380ms total 38.443ms
08-03 22:05:18.403 21465 21803 I art     : Starting a blocking GC Explicit
08-03 22:05:18.441 21465 21803 I art     : Explicit concurrent mark sweep GC freed 3(96B) AllocSpace objects, 0(0B) LOS objects, 24% free, 48MB/64MB, paused 1.414ms total 37.915ms
08-03 22:05:18.454 21465 21803 I art     : Starting a blocking GC Explicit
08-03 22:05:18.493 21465 21803 I art     : Explicit concurrent mark sweep GC freed 3(96B) AllocSpace objects, 0(0B) LOS objects, 24% free, 48MB/64MB, paused 1.566ms total 38.339ms
08-03 22:05:18.505 21465 21803 I art     : Starting a blocking GC Explicit
08-03 22:05:18.544 21465 21803 I art     : Explicit concurrent mark sweep GC freed 3(96B) AllocSpace objects, 0(0B) LOS objects, 24% free, 48MB/64MB, paused 1.417ms total 38.112ms
08-03 22:05:18.891 21465 21478 I art     : Starting a blocking GC Explicit
08-03 22:05:18.931 21465 21478 I art     : Explicit concurrent mark sweep GC freed 1383(83KB) AllocSpace objects, 1(20KB) LOS objects, 24% free, 48MB/64MB, paused 1.476ms total 39.588ms
08-03 22:05:18.944 21465 21478 I art     : Starting a blocking GC Explicit
08-03 22:05:18.982 21465 21478 I art     : Explicit concurrent mark sweep GC freed 23(752B) AllocSpace objects, 0(0B) LOS objects, 24% free, 48MB/64MB, paused 1.427ms total 38.589ms
08-03 22:05:18.995 21465 21478 I art     : Starting a blocking GC Explicit
08-03 22:05:19.034 21465 21478 I art     : Explicit concurrent mark sweep GC freed 32(880B) AllocSpace objects, 0(0B) LOS objects, 24% free, 48MB/64MB, paused 1.442ms total 39.048ms
08-03 22:05:19.047 21465 21478 I art     : Starting a blocking GC Explicit
08-03 22:05:19.085 21465 21478 I art     : Explicit concurrent mark sweep GC freed 3(96B) AllocSpace objects, 0(0B) LOS objects, 24% free, 48MB/64MB, paused 1.477ms total 38.643ms
08-03 22:05:19.098 21465 21478 I art     : Starting a blocking GC Explicit
08-03 22:05:19.139 21465 21478 I art     : Explicit concurrent mark sweep GC freed 3(96B) AllocSpace objects, 0(0B) LOS objects, 24% free, 48MB/64MB, paused 1.497ms total 40.717ms
08-03 22:05:19.395 24374 24374 D AndroidRuntime: >>>>>> START com.android.internal.os.RuntimeInit uid 2000 <<<<<<
08-03 22:05:19.401 24374 24374 D AndroidRuntime: CheckJNI is OFF
08-03 22:05:19.445 24374 24374 D ICU     : No timezone override file found: /data/misc/zoneinfo/current/icu/icu_tzdata.dat
08-03 22:05:19.487 24374 24374 I Radio-JNI: register_android_hardware_Radio DONE
08-03 22:05:19.487 21465 21477 I art     : Starting a blocking GC Explicit
08-03 22:05:19.516 24374 24374 D AndroidRuntime: Calling main entry com.android.commands.input.Input
08-03 22:05:19.519 24374 24374 I Input   : injectMotionEvent: MotionEvent { action=ACTION_DOWN, actionButton=0, id[0]=0, x[0]=603.0, y[0]=1061.0, toolType[0]=TOOL_TYPE_UNKNOWN, buttonState=0, metaState=0, flags=0x0, edgeFlags=0x0, pointerCount=1, historySize=0, eventTime=655535932, downTime=655535932, deviceId=0, source=0x1002 }
08-03 22:05:19.525 24374 24374 I Input   : injectMotionEvent: MotionEvent { action=ACTION_UP, actionButton=0, id[0]=0, x[0]=603.0, y[0]=1061.0, toolType[0]=TOOL_TYPE_UNKNOWN, buttonState=0, metaState=0, flags=0x0, edgeFlags=0x0, pointerCount=1, historySize=0, eventTime=655535932, downTime=655535932, deviceId=0, source=0x1002 }
08-03 22:05:19.529 24374 24374 D AndroidRuntime: Shutting down VM
08-03 22:05:19.530 21465 21477 I art     : Explicit concurrent mark sweep GC freed 1447(83KB) AllocSpace objects, 1(20KB) LOS objects, 24% free, 48MB/64MB, paused 1.620ms total 41.875ms
08-03 22:05:19.537   512  2967 D audio_hw_primary: out_set_parameters: enter: usecase(1: low-latency-playback) kvpairs: routing=2
08-03 22:05:19.543 21465 21477 I art     : Starting a blocking GC Explicit
08-03 22:05:19.551   512  2967 D audio_hw_primary: select_devices: out_snd_device(2: speaker) in_snd_device(0: none)
08-03 22:05:19.551   512  2967 D msm8974_platform: platform_send_audio_calibration: sending audio calibration for snd_device(2) acdb_id(15)
08-03 22:05:19.552   512  2967 I soundtrigger: audio_extn_sound_trigger_update_device_status: device 0x2 of type 0 for Event 1
08-03 22:05:19.561   512  2967 D audio_hw_primary: enable_snd_device: snd_device(2: speaker)
08-03 22:05:19.565   512  2967 D audio_hw_primary: enable_audio_route: apply and update mixer path: low-latency-playback speaker
08-03 22:05:19.582 21465 21477 I art     : Explicit concurrent mark sweep GC freed 745(81KB) AllocSpace objects, 0(0B) LOS objects, 24% free, 49MB/65MB, paused 1.779ms total 39.141ms
08-03 22:05:19.594 21465 21477 I art     : Starting a blocking GC Explicit
08-03 22:05:19.617 13866 13866 I GoogleInputMethodServic: GoogleInputMethodService.onFinishInput():3138 
08-03 22:05:19.617 13866 13866 I GoogleInputMethodServic: GoogleInputMethodService.onStartInput():1808 
08-03 22:05:19.637 21465 21477 I art     : Explicit concurrent mark sweep GC freed 2423(162KB) AllocSpace objects, 0(0B) LOS objects, 24% free, 49MB/65MB, paused 2.367ms total 42.496ms
08-03 22:05:19.650 21465 21477 I art     : Starting a blocking GC Explicit
08-03 22:05:19.689 21465 21477 I art     : Explicit concurrent mark sweep GC freed 397(16KB) AllocSpace objects, 0(0B) LOS objects, 24% free, 49MB/65MB, paused 1.524ms total 39.069ms
08-03 22:05:19.702 21465 21477 I art     : Starting a blocking GC Explicit
08-03 22:05:19.740 21465 21477 I art     : Explicit concurrent mark sweep GC freed 1522(78KB) AllocSpace objects, 1(220KB) LOS objects, 24% free, 49MB/65MB, paused 1.662ms total 37.624ms
08-03 22:05:20.066 21465 21477 I art     : Starting a blocking GC Explicit
08-03 22:05:20.108 21465 21477 I art     : Explicit concurrent mark sweep GC freed 1687(97KB) AllocSpace objects, 1(20KB) LOS objects, 24% free, 49MB/65MB, paused 1.629ms total 41.185ms
08-03 22:05:20.110   512  2967 D audio_hw_primary: disable_audio_route: reset and update mixer path: low-latency-playback speaker
08-03 22:05:20.111   512  2967 D audio_hw_primary: disable_snd_device: snd_device(2: speaker)
08-03 22:05:20.119   512  2967 I soundtrigger: audio_extn_sound_trigger_update_device_status: device 0x2 of type 0 for Event 0
08-03 22:05:20.121 21465 21477 I art     : Starting a blocking GC Explicit
08-03 22:05:20.161 21465 21477 I art     : Explicit concurrent mark sweep GC freed 129(4KB) AllocSpace objects, 0(0B) LOS objects, 24% free, 49MB/65MB, paused 1.543ms total 40.030ms
08-03 22:05:20.173 21465 21477 I art     : Starting a blocking GC Explicit
08-03 22:05:20.212 21465 21477 I art     : Explicit concurrent mark sweep GC freed 33(1248B) AllocSpace objects, 0(0B) LOS objects, 24% free, 49MB/65MB, paused 1.515ms total 38.838ms
08-03 22:05:20.225 21465 21477 I art     : Starting a blocking GC Explicit
08-03 22:05:20.265 21465 21477 I art     : Explicit concurrent mark sweep GC freed 33(1248B) AllocSpace objects, 0(0B) LOS objects, 24% free, 49MB/65MB, paused 1.657ms total 40.581ms
08-03 22:05:20.278 21465 21477 I art     : Starting a blocking GC Explicit
08-03 22:05:20.319 21465 21477 I art     : Explicit concurrent mark sweep GC freed 35(1328B) AllocSpace objects, 0(0B) LOS objects, 24% free, 49MB/65MB, paused 1.998ms total 40.372ms
08-03 22:05:20.525 21465 24411 I NAPPA_EXPERIMENTATION: MetricNetworkRequestExecutionTime: REQUEST_DURATION_SYSTEM='920',REQUEST_DURATION_OKHTTP='70',REQUEST_SYNCHRONOUS='TRUE',RESPONSE_CODE='200',RESPONSE_METHOD='GET',RESPONSE_LENGTH_OKHTTP='37507',RESPONSE_LENGTH_HEADER='37507',REQUEST_PROTOCOL='http/1.1',REQUEST_URL='https://gpodder.net/toplist/50.json',
08-03 22:05:20.536 21465 24412 I NAPPA_EXPERIMENTATION: MetricNetworkRequestExecutionTime: REQUEST_DURATION_SYSTEM='931',REQUEST_DURATION_OKHTTP='82',REQUEST_SYNCHRONOUS='TRUE',RESPONSE_CODE='200',RESPONSE_METHOD='GET',RESPONSE_LENGTH_OKHTTP='2923',RESPONSE_LENGTH_HEADER='2923',REQUEST_PROTOCOL='http/1.1',REQUEST_URL='https://gpodder.net/api/2/tags/50.json',
08-03 22:05:20.573 21465 22398 D ApOkHttpUrlLoader: buildLoadData() called with: model = [http://sixgun.org/files/linuxoutlaws.jpg], width = [224], height = [224]
08-03 22:05:20.575 21465 22216 D DBReader: getImageAuthentication() called with: imageUrl = [http://sixgun.org/files/linuxoutlaws.jpg]
08-03 22:05:20.578 21465 22216 D ApOkHttpUrlLoader: no credentials for 'http://sixgun.org/files/linuxoutlaws.jpg'
08-03 22:05:20.581 21465 22398 D ApOkHttpUrlLoader: buildLoadData() called with: model = [https://files.thisamericanlife.org/sites/all/themes/thislife/img/tal-name-1400x1400.png], width = [224], height = [224]
08-03 22:05:20.583 21465 22209 D DBReader: getImageAuthentication() called with: imageUrl = [https://files.thisamericanlife.org/sites/all/themes/thislife/img/tal-name-1400x1400.png]
08-03 22:05:20.586 21465 22398 D ApOkHttpUrlLoader: buildLoadData() called with: model = [https://elroy.twit.tv/sites/default/files/styles/twit_album_art_2048x2048/public/images/shows/floss_weekly/album_art/audio/floss_albumart_mask.jpg?itok=IUjxKpwt], width = [224], height = [224]
08-03 22:05:20.587 21465 22209 D ApOkHttpUrlLoader: no credentials for 'https://files.thisamericanlife.org/sites/all/themes/thislife/img/tal-name-1400x1400.png'
08-03 22:05:20.588 21465 22213 D DBReader: getImageAuthentication() called with: imageUrl = [https://elroy.twit.tv/sites/default/files/styles/twit_album_art_2048x2048/public/images/shows/floss_weekly/album_art/audio/floss_albumart_mask.jpg?itok=IUjxKpwt]
08-03 22:05:20.591 21465 22398 D ApOkHttpUrlLoader: buildLoadData() called with: model = [http://ichef.bbci.co.uk/images/ic/3000x3000/p07kfvzb.jpg], width = [224], height = [224]
08-03 22:05:20.592 21465 22213 D ApOkHttpUrlLoader: no credentials for 'https://elroy.twit.tv/sites/default/files/styles/twit_album_art_2048x2048/public/images/shows/floss_weekly/album_art/audio/floss_albumart_mask.jpg?itok=IUjxKpwt'
08-03 22:05:20.593 21465 22208 D DBReader: getImageAuthentication() called with: imageUrl = [http://ichef.bbci.co.uk/images/ic/3000x3000/p07kfvzb.jpg]
08-03 22:05:20.596 21465 22398 D ApOkHttpUrlLoader: buildLoadData() called with: model = [https://pl.tedcdn.com/rss_feed_images/ted_talks_main_podcast/video.png], width = [224], height = [224]
08-03 22:05:20.597 21465 22208 D ApOkHttpUrlLoader: no credentials for 'http://ichef.bbci.co.uk/images/ic/3000x3000/p07kfvzb.jpg'
08-03 22:05:20.598 21465 22211 D DBReader: getImageAuthentication() called with: imageUrl = [https://pl.tedcdn.com/rss_feed_images/ted_talks_main_podcast/video.png]
08-03 22:05:20.601 21465 22398 D ApOkHttpUrlLoader: buildLoadData() called with: model = [https://elroy.twit.tv/sites/default/files/styles/twit_album_art_2048x2048/public/images/shows/this_week_in_tech/album_art/audio/twit1400audio.jpg?itok=J0vhatZb], width = [224], height = [224]
08-03 22:05:20.602 21465 22211 D ApOkHttpUrlLoader: no credentials for 'https://pl.tedcdn.com/rss_feed_images/ted_talks_main_podcast/video.png'
08-03 22:05:20.604 21465 22215 D DBReader: getImageAuthentication() called with: imageUrl = [https://elroy.twit.tv/sites/default/files/styles/twit_album_art_2048x2048/public/images/shows/this_week_in_tech/album_art/audio/twit1400audio.jpg?itok=J0vhatZb]
08-03 22:05:20.608 21465 22398 D ApOkHttpUrlLoader: buildLoadData() called with: model = [http://ichef.bbci.co.uk/images/ic/3000x3000/p03gtk3j.jpg], width = [224], height = [224]
08-03 22:05:20.613 21465 22215 D ApOkHttpUrlLoader: no credentials for 'https://elroy.twit.tv/sites/default/files/styles/twit_album_art_2048x2048/public/images/shows/this_week_in_tech/album_art/audio/twit1400audio.jpg?itok=J0vhatZb'
08-03 22:05:20.613 21465 22214 D DBReader: getImageAuthentication() called with: imageUrl = [http://ichef.bbci.co.uk/images/ic/3000x3000/p03gtk3j.jpg]
08-03 22:05:20.617 21465 22214 D ApOkHttpUrlLoader: no credentials for 'http://ichef.bbci.co.uk/images/ic/3000x3000/p03gtk3j.jpg'
08-03 22:05:20.643 21465 22216 D DBWriter: updateFeedDownloadURL(original: http://sixgun.org/files/linuxoutlaws.jpg, updated: https://fab.industries/sixgun/files/linuxoutlaws.jpg)
08-03 22:05:20.666 21465 21575 I art     : Starting a blocking GC Explicit
08-03 22:05:20.713 21465 21575 I art     : Explicit concurrent mark sweep GC freed 12543(802KB) AllocSpace objects, 4(212KB) LOS objects, 24% free, 49MB/65MB, paused 1.840ms total 46.087ms
08-03 22:05:20.726 21465 21575 I art     : Starting a blocking GC Explicit
08-03 22:05:20.764 21465 22208 D MYTAG   : interceptor 2a
08-03 22:05:20.766 21465 22208 I NAPPA_EXPERIMENTATION: MetricNetworkRequestExecutionTime: REQUEST_DURATION_SYSTEM='167',REQUEST_DURATION_OKHTTP='163',REQUEST_SYNCHRONOUS='TRUE',RESPONSE_CODE='200',RESPONSE_METHOD='GET',RESPONSE_LENGTH_OKHTTP='589826',RESPONSE_LENGTH_HEADER='589826',REQUEST_PROTOCOL='http/1.1',REQUEST_URL='http://ichef.bbci.co.uk/images/ic/3000x3000/p07kfvzb.jpg',
08-03 22:05:20.766 21465 22214 D MYTAG   : interceptor 2a
08-03 22:05:20.767 21465 22214 I NAPPA_EXPERIMENTATION: MetricNetworkRequestExecutionTime: REQUEST_DURATION_SYSTEM='149',REQUEST_DURATION_OKHTTP='144',REQUEST_SYNCHRONOUS='TRUE',RESPONSE_CODE='200',RESPONSE_METHOD='GET',RESPONSE_LENGTH_OKHTTP='814284',RESPONSE_LENGTH_HEADER='814284',REQUEST_PROTOCOL='http/1.1',REQUEST_URL='http://ichef.bbci.co.uk/images/ic/3000x3000/p03gtk3j.jpg',
08-03 22:05:20.770 21465 21575 I art     : Explicit concurrent mark sweep GC freed 958(62KB) AllocSpace objects, 0(0B) LOS objects, 24% free, 49MB/65MB, paused 2.233ms total 43.980ms
08-03 22:05:20.783 21465 21575 I art     : Starting a blocking GC Explicit
08-03 22:05:20.826 21465 21575 I art     : Explicit concurrent mark sweep GC freed 146(9KB) AllocSpace objects, 0(0B) LOS objects, 24% free, 49MB/65MB, paused 1.784ms total 42.029ms
08-03 22:05:20.839 21465 21575 I art     : Starting a blocking GC Explicit
08-03 22:05:20.882 21465 21575 I art     : Explicit concurrent mark sweep GC freed 5003(198KB) AllocSpace objects, 0(0B) LOS objects, 24% free, 49MB/65MB, paused 2.010ms total 42.722ms
08-03 22:05:20.894 21465 21575 I art     : Starting a blocking GC Explicit
08-03 22:05:20.935 21465 21575 I art     : Explicit concurrent mark sweep GC freed 2269(127KB) AllocSpace objects, 0(0B) LOS objects, 24% free, 49MB/65MB, paused 1.961ms total 40.443ms
08-03 22:05:21.096 21465 22215 D MYTAG   : interceptor 2a
08-03 22:05:21.096 21465 22215 I NAPPA_EXPERIMENTATION: MetricNetworkRequestExecutionTime: REQUEST_DURATION_SYSTEM='483',REQUEST_DURATION_OKHTTP='227',REQUEST_SYNCHRONOUS='TRUE',RESPONSE_CODE='200',RESPONSE_METHOD='GET',RESPONSE_LENGTH_OKHTTP='465707',RESPONSE_LENGTH_HEADER='465707',REQUEST_PROTOCOL='h2',REQUEST_URL='https://elroy.twit.tv/sites/default/files/styles/twit_album_art_2048x2048/public/images/shows/this_week_in_tech/album_art/audio/twit1400audio.jpg?itok=J0vhatZb',
08-03 22:05:21.102 21465 22211 D MYTAG   : interceptor 2a
08-03 22:05:21.103 21465 22211 I NAPPA_EXPERIMENTATION: MetricNetworkRequestExecutionTime: REQUEST_DURATION_SYSTEM='500',REQUEST_DURATION_OKHTTP='222',REQUEST_SYNCHRONOUS='TRUE',RESPONSE_CODE='200',RESPONSE_METHOD='GET',RESPONSE_LENGTH_OKHTTP='89986',RESPONSE_LENGTH_HEADER='89986',REQUEST_PROTOCOL='h2',REQUEST_URL='https://pl.tedcdn.com/rss_feed_images/ted_talks_main_podcast/video.png',
08-03 22:05:21.133 21465 22216 D MYTAG   : interceptor 2a
08-03 22:05:21.133 21465 22216 I NAPPA_EXPERIMENTATION: MetricNetworkRequestExecutionTime: REQUEST_DURATION_SYSTEM='554',REQUEST_DURATION_OKHTTP='216',REQUEST_SYNCHRONOUS='TRUE',RESPONSE_CODE='404',RESPONSE_METHOD='GET',RESPONSE_LENGTH_OKHTTP='-1',RESPONSE_LENGTH_HEADER='1503',REQUEST_PROTOCOL='h2',REQUEST_URL='https://fab.industries/sixgun/files/linuxoutlaws.jpg',
08-03 22:05:21.136 21465 21465 W Glide   : Load failed for http://sixgun.org/files/linuxoutlaws.jpg with size [224x224]
08-03 22:05:21.136 21465 21465 W Glide   : class com.bumptech.glide.load.engine.GlideException: Failed to load resource
08-03 22:05:21.136 21465 21465 W Glide   : There was 1 cause:
08-03 22:05:21.136 21465 21465 W Glide   : com.bumptech.glide.load.HttpException()
08-03 22:05:21.136 21465 21465 W Glide   :  call GlideException#logRootCauses(String) for more detail
08-03 22:05:21.136 21465 21465 W Glide   :   Cause (1 of 1): class com.bumptech.glide.load.engine.GlideException: Fetching data failed, class java.io.InputStream, REMOTE
08-03 22:05:21.136 21465 21465 W Glide   : There was 1 cause:
08-03 22:05:21.136 21465 21465 W Glide   : com.bumptech.glide.load.HttpException()
08-03 22:05:21.136 21465 21465 W Glide   :  call GlideException#logRootCauses(String) for more detail
08-03 22:05:21.136 21465 21465 W Glide   :     Cause (1 of 1): class com.bumptech.glide.load.HttpException: 
08-03 22:05:21.136 21465 21465 I Glide   : Root cause (1 of 1)
08-03 22:05:21.136 21465 21465 I Glide   : com.bumptech.glide.load.HttpException: 
08-03 22:05:21.136 21465 21465 I Glide   : 	at com.bumptech.glide.integration.okhttp3.OkHttpStreamFetcher.onResponse(OkHttpStreamFetcher.java:73)
08-03 22:05:21.136 21465 21465 I Glide   : 	at okhttp3.RealCall$AsyncCall.execute(RealCall.java:174)
08-03 22:05:21.136 21465 21465 I Glide   : 	at okhttp3.internal.NamedRunnable.run(NamedRunnable.java:32)
08-03 22:05:21.136 21465 21465 I Glide   : 	at java.util.concurrent.ThreadPoolExecutor.runWorker(ThreadPoolExecutor.java:1113)
08-03 22:05:21.136 21465 21465 I Glide   : 	at java.util.concurrent.ThreadPoolExecutor$Worker.run(ThreadPoolExecutor.java:588)
08-03 22:05:21.136 21465 21465 I Glide   : 	at java.lang.Thread.run(Thread.java:818)
08-03 22:05:21.137 21465 21465 W Glide   : Load failed for http://sixgun.org/files/linuxoutlaws.jpg with size [224x224]
08-03 22:05:21.137 21465 21465 W Glide   : class com.bumptech.glide.load.engine.GlideException: Failed to load resource
08-03 22:05:21.137 21465 21465 W Glide   : There was 1 cause:
08-03 22:05:21.137 21465 21465 W Glide   : com.bumptech.glide.load.HttpException()
08-03 22:05:21.137 21465 21465 W Glide   :  call GlideException#logRootCauses(String) for more detail
08-03 22:05:21.137 21465 21465 W Glide   :   Cause (1 of 1): class com.bumptech.glide.load.engine.GlideException: Fetching data failed, class java.io.InputStream, REMOTE
08-03 22:05:21.137 21465 21465 W Glide   : There was 1 cause:
08-03 22:05:21.137 21465 21465 W Glide   : com.bumptech.glide.load.HttpException()
08-03 22:05:21.137 21465 21465 W Glide   :  call GlideException#logRootCauses(String) for more detail
08-03 22:05:21.137 21465 21465 W Glide   :     Cause (1 of 1): class com.bumptech.glide.load.HttpException: 
08-03 22:05:21.137 21465 21465 I Glide   : Root cause (1 of 1)
08-03 22:05:21.137 21465 21465 I Glide   : com.bumptech.glide.load.HttpException: 
08-03 22:05:21.137 21465 21465 I Glide   : 	at com.bumptech.glide.integration.okhttp3.OkHttpStreamFetcher.onResponse(OkHttpStreamFetcher.java:73)
08-03 22:05:21.137 21465 21465 I Glide   : 	at okhttp3.RealCall$AsyncCall.execute(RealCall.java:174)
08-03 22:05:21.137 21465 21465 I Glide   : 	at okhttp3.internal.NamedRunnable.run(NamedRunnable.java:32)
08-03 22:05:21.137 21465 21465 I Glide   : 	at java.util.concurrent.ThreadPoolExecutor.runWorker(ThreadPoolExecutor.java:1113)
08-03 22:05:21.137 21465 21465 I Glide   : 	at java.util.concurrent.ThreadPoolExecutor$Worker.run(ThreadPoolExecutor.java:588)
08-03 22:05:21.137 21465 21465 I Glide   : 	at java.lang.Thread.run(Thread.java:818)
08-03 22:05:21.192 21465 22213 D MYTAG   : interceptor 2a
08-03 22:05:21.193 21465 22213 I NAPPA_EXPERIMENTATION: MetricNetworkRequestExecutionTime: REQUEST_DURATION_SYSTEM='600',REQUEST_DURATION_OKHTTP='319',REQUEST_SYNCHRONOUS='TRUE',RESPONSE_CODE='200',RESPONSE_METHOD='GET',RESPONSE_LENGTH_OKHTTP='297964',RESPONSE_LENGTH_HEADER='297964',REQUEST_PROTOCOL='h2',REQUEST_URL='https://elroy.twit.tv/sites/default/files/styles/twit_album_art_2048x2048/public/images/shows/floss_weekly/album_art/audio/floss_albumart_mask.jpg?itok=IUjxKpwt',
08-03 22:05:21.265 21465 22398 D ApOkHttpUrlLoader: buildLoadData() called with: model = [http://sixgun.org/files/linuxoutlaws.jpg], width = [224], height = [224]
08-03 22:05:21.266 21465 21478 I art     : Starting a blocking GC Explicit
08-03 22:05:21.266 21465 22213 D DBReader: getImageAuthentication() called with: imageUrl = [http://sixgun.org/files/linuxoutlaws.jpg]
08-03 22:05:21.270 21465 22213 D ApOkHttpUrlLoader: no credentials for 'http://sixgun.org/files/linuxoutlaws.jpg'
08-03 22:05:21.306 21465 21478 I art     : Explicit concurrent mark sweep GC freed 5476(454KB) AllocSpace objects, 1(20KB) LOS objects, 23% free, 50MB/66MB, paused 1.660ms total 39.911ms
08-03 22:05:21.310 21465 22213 D DBWriter: updateFeedDownloadURL(original: http://sixgun.org/files/linuxoutlaws.jpg, updated: https://fab.industries/sixgun/files/linuxoutlaws.jpg)
08-03 22:05:21.319 21465 21478 I art     : Starting a blocking GC Explicit
08-03 22:05:21.357 21465 21478 I art     : Explicit concurrent mark sweep GC freed 590(25KB) AllocSpace objects, 0(0B) LOS objects, 23% free, 50MB/66MB, paused 1.588ms total 38.136ms
08-03 22:05:21.369 21465 21478 I art     : Starting a blocking GC Explicit
08-03 22:05:21.409 21465 21478 I art     : Explicit concurrent mark sweep GC freed 15(528B) AllocSpace objects, 0(0B) LOS objects, 23% free, 50MB/66MB, paused 1.614ms total 39.448ms
08-03 22:05:21.422 21465 21478 I art     : Starting a blocking GC Explicit
08-03 22:05:21.463 21465 21478 I art     : Explicit concurrent mark sweep GC freed 3(96B) AllocSpace objects, 0(0B) LOS objects, 23% free, 50MB/66MB, paused 1.727ms total 40.221ms
08-03 22:05:21.464 21465 22213 D MYTAG   : interceptor 2a
08-03 22:05:21.464 21465 22213 I NAPPA_EXPERIMENTATION: MetricNetworkRequestExecutionTime: REQUEST_DURATION_SYSTEM='194',REQUEST_DURATION_OKHTTP='151',REQUEST_SYNCHRONOUS='TRUE',RESPONSE_CODE='404',RESPONSE_METHOD='GET',RESPONSE_LENGTH_OKHTTP='-1',RESPONSE_LENGTH_HEADER='1503',REQUEST_PROTOCOL='h2',REQUEST_URL='https://fab.industries/sixgun/files/linuxoutlaws.jpg',
08-03 22:05:21.476 21465 21478 I art     : Starting a blocking GC Explicit
08-03 22:05:21.485 21465 21465 W Glide   : Load failed for http://sixgun.org/files/linuxoutlaws.jpg with size [224x224]
08-03 22:05:21.485 21465 21465 W Glide   : class com.bumptech.glide.load.engine.GlideException: Failed to load resource
08-03 22:05:21.485 21465 21465 W Glide   : There was 1 cause:
08-03 22:05:21.485 21465 21465 W Glide   : com.bumptech.glide.load.HttpException()
08-03 22:05:21.485 21465 21465 W Glide   :  call GlideException#logRootCauses(String) for more detail
08-03 22:05:21.485 21465 21465 W Glide   :   Cause (1 of 1): class com.bumptech.glide.load.engine.GlideException: Fetching data failed, class java.io.InputStream, REMOTE
08-03 22:05:21.485 21465 21465 W Glide   : There was 1 cause:
08-03 22:05:21.485 21465 21465 W Glide   : com.bumptech.glide.load.HttpException()
08-03 22:05:21.485 21465 21465 W Glide   :  call GlideException#logRootCauses(String) for more detail
08-03 22:05:21.485 21465 21465 W Glide   :     Cause (1 of 1): class com.bumptech.glide.load.HttpException: 
08-03 22:05:21.485 21465 21465 I Glide   : Root cause (1 of 1)
08-03 22:05:21.485 21465 21465 I Glide   : com.bumptech.glide.load.HttpException: 
08-03 22:05:21.485 21465 21465 I Glide   : 	at com.bumptech.glide.integration.okhttp3.OkHttpStreamFetcher.onResponse(OkHttpStreamFetcher.java:73)
08-03 22:05:21.485 21465 21465 I Glide   : 	at okhttp3.RealCall$AsyncCall.execute(RealCall.java:174)
08-03 22:05:21.485 21465 21465 I Glide   : 	at okhttp3.internal.NamedRunnable.run(NamedRunnable.java:32)
08-03 22:05:21.485 21465 21465 I Glide   : 	at java.util.concurrent.ThreadPoolExecutor.runWorker(ThreadPoolExecutor.java:1113)
08-03 22:05:21.485 21465 21465 I Glide   : 	at java.util.concurrent.ThreadPoolExecutor$Worker.run(ThreadPoolExecutor.java:588)
08-03 22:05:21.485 21465 21465 I Glide   : 	at java.lang.Thread.run(Thread.java:818)
08-03 22:05:21.499 21465 22398 D ApOkHttpUrlLoader: buildLoadData() called with: model = [http://sixgun.org/files/linuxoutlaws.jpg], width = [224], height = [224]
08-03 22:05:21.501 21465 22213 D DBReader: getImageAuthentication() called with: imageUrl = [http://sixgun.org/files/linuxoutlaws.jpg]
08-03 22:05:21.506 21465 22213 D ApOkHttpUrlLoader: no credentials for 'http://sixgun.org/files/linuxoutlaws.jpg'
08-03 22:05:21.519 21465 21478 I art     : Explicit concurrent mark sweep GC freed 831(70KB) AllocSpace objects, 0(0B) LOS objects, 23% free, 50MB/66MB, paused 1.773ms total 42.913ms
08-03 22:05:21.545 21465 22213 D DBWriter: updateFeedDownloadURL(original: http://sixgun.org/files/linuxoutlaws.jpg, updated: https://fab.industries/sixgun/files/linuxoutlaws.jpg)
08-03 22:05:21.708 21465 22213 D MYTAG   : interceptor 2a
08-03 22:05:21.709 21465 22213 I NAPPA_EXPERIMENTATION: MetricNetworkRequestExecutionTime: REQUEST_DURATION_SYSTEM='202',REQUEST_DURATION_OKHTTP='157',REQUEST_SYNCHRONOUS='TRUE',RESPONSE_CODE='404',RESPONSE_METHOD='GET',RESPONSE_LENGTH_OKHTTP='-1',RESPONSE_LENGTH_HEADER='1503',REQUEST_PROTOCOL='h2',REQUEST_URL='https://fab.industries/sixgun/files/linuxoutlaws.jpg',
08-03 22:05:21.710 21465 21465 W Glide   : Load failed for http://sixgun.org/files/linuxoutlaws.jpg with size [224x224]
08-03 22:05:21.710 21465 21465 W Glide   : class com.bumptech.glide.load.engine.GlideException: Failed to load resource
08-03 22:05:21.710 21465 21465 W Glide   : There was 1 cause:
08-03 22:05:21.710 21465 21465 W Glide   : com.bumptech.glide.load.HttpException()
08-03 22:05:21.710 21465 21465 W Glide   :  call GlideException#logRootCauses(String) for more detail
08-03 22:05:21.710 21465 21465 W Glide   :   Cause (1 of 1): class com.bumptech.glide.load.engine.GlideException: Fetching data failed, class java.io.InputStream, REMOTE
08-03 22:05:21.710 21465 21465 W Glide   : There was 1 cause:
08-03 22:05:21.710 21465 21465 W Glide   : com.bumptech.glide.load.HttpException()
08-03 22:05:21.710 21465 21465 W Glide   :  call GlideException#logRootCauses(String) for more detail
08-03 22:05:21.710 21465 21465 W Glide   :     Cause (1 of 1): class com.bumptech.glide.load.HttpException: 
08-03 22:05:21.711 21465 21465 I Glide   : Root cause (1 of 1)
08-03 22:05:21.711 21465 21465 I Glide   : com.bumptech.glide.load.HttpException: 
08-03 22:05:21.711 21465 21465 I Glide   : 	at com.bumptech.glide.integration.okhttp3.OkHttpStreamFetcher.onResponse(OkHttpStreamFetcher.java:73)
08-03 22:05:21.711 21465 21465 I Glide   : 	at okhttp3.RealCall$AsyncCall.execute(RealCall.java:174)
08-03 22:05:21.711 21465 21465 I Glide   : 	at okhttp3.internal.NamedRunnable.run(NamedRunnable.java:32)
08-03 22:05:21.711 21465 21465 I Glide   : 	at java.util.concurrent.ThreadPoolExecutor.runWorker(ThreadPoolExecutor.java:1113)
08-03 22:05:21.711 21465 21465 I Glide   : 	at java.util.concurrent.ThreadPoolExecutor$Worker.run(ThreadPoolExecutor.java:588)
08-03 22:05:21.711 21465 21465 I Glide   : 	at java.lang.Thread.run(Thread.java:818)
08-03 22:05:21.741 21465 22209 D MYTAG   : interceptor 2a
08-03 22:05:21.741 21465 22209 I NAPPA_EXPERIMENTATION: MetricNetworkRequestExecutionTime: REQUEST_DURATION_SYSTEM='1153',REQUEST_DURATION_OKHTTP='73',REQUEST_SYNCHRONOUS='TRUE',RESPONSE_CODE='200',RESPONSE_METHOD='GET',RESPONSE_LENGTH_OKHTTP='52553',RESPONSE_LENGTH_HEADER='52553',REQUEST_PROTOCOL='http/1.1',REQUEST_URL='https://files.thisamericanlife.org/sites/all/themes/thislife/img/tal-name-1400x1400.png',
08-03 22:05:21.868 21465 22398 D ApOkHttpUrlLoader: buildLoadData() called with: model = [http://sixgun.org/files/linuxoutlaws.jpg], width = [224], height = [224]
08-03 22:05:21.870 21465 22209 D DBReader: getImageAuthentication() called with: imageUrl = [http://sixgun.org/files/linuxoutlaws.jpg]
08-03 22:05:21.879 21465 21477 I art     : Starting a blocking GC Explicit
08-03 22:05:21.880 21465 22209 D ApOkHttpUrlLoader: no credentials for 'http://sixgun.org/files/linuxoutlaws.jpg'
08-03 22:05:21.954 21465 21477 I art     : Explicit concurrent mark sweep GC freed 4608(277KB) AllocSpace objects, 1(20KB) LOS objects, 23% free, 50MB/66MB, paused 2.164ms total 75.544ms
08-03 22:05:21.969 21465 21477 I art     : Starting a blocking GC Explicit
08-03 22:05:22.009 21465 22209 D DBWriter: updateFeedDownloadURL(original: http://sixgun.org/files/linuxoutlaws.jpg, updated: https://fab.industries/sixgun/files/linuxoutlaws.jpg)
08-03 22:05:22.013 21465 21477 I art     : Explicit concurrent mark sweep GC freed 233(9KB) AllocSpace objects, 0(0B) LOS objects, 23% free, 50MB/66MB, paused 1.799ms total 43.832ms
08-03 22:05:22.026 21465 21477 I art     : Starting a blocking GC Explicit
08-03 22:05:22.070 21465 21477 I art     : Explicit concurrent mark sweep GC freed 188(8KB) AllocSpace objects, 0(0B) LOS objects, 23% free, 50MB/66MB, paused 1.690ms total 43.176ms
08-03 22:05:22.084 21465 21477 I art     : Starting a blocking GC Explicit
08-03 22:05:22.131 21465 21477 I art     : Explicit concurrent mark sweep GC freed 9(352B) AllocSpace objects, 0(0B) LOS objects, 23% free, 50MB/66MB, paused 1.631ms total 46.766ms
08-03 22:05:22.144 21465 21477 I art     : Starting a blocking GC Explicit
08-03 22:05:22.154 21465 22209 D MYTAG   : interceptor 2a
08-03 22:05:22.154 21465 22209 I NAPPA_EXPERIMENTATION: MetricNetworkRequestExecutionTime: REQUEST_DURATION_SYSTEM='273',REQUEST_DURATION_OKHTTP='140',REQUEST_SYNCHRONOUS='TRUE',RESPONSE_CODE='404',RESPONSE_METHOD='GET',RESPONSE_LENGTH_OKHTTP='-1',RESPONSE_LENGTH_HEADER='1503',REQUEST_PROTOCOL='h2',REQUEST_URL='https://fab.industries/sixgun/files/linuxoutlaws.jpg',
08-03 22:05:22.172 21465 21465 W Glide   : Load failed for http://sixgun.org/files/linuxoutlaws.jpg with size [224x224]
08-03 22:05:22.172 21465 21465 W Glide   : class com.bumptech.glide.load.engine.GlideException: Failed to load resource
08-03 22:05:22.172 21465 21465 W Glide   : There was 1 cause:
08-03 22:05:22.172 21465 21465 W Glide   : com.bumptech.glide.load.HttpException()
08-03 22:05:22.172 21465 21465 W Glide   :  call GlideException#logRootCauses(String) for more detail
08-03 22:05:22.172 21465 21465 W Glide   :   Cause (1 of 1): class com.bumptech.glide.load.engine.GlideException: Fetching data failed, class java.io.InputStream, REMOTE
08-03 22:05:22.172 21465 21465 W Glide   : There was 1 cause:
08-03 22:05:22.172 21465 21465 W Glide   : com.bumptech.glide.load.HttpException()
08-03 22:05:22.172 21465 21465 W Glide   :  call GlideException#logRootCauses(String) for more detail
08-03 22:05:22.172 21465 21465 W Glide   :     Cause (1 of 1): class com.bumptech.glide.load.HttpException: 
08-03 22:05:22.173 21465 21465 I Glide   : Root cause (1 of 1)
08-03 22:05:22.173 21465 21465 I Glide   : com.bumptech.glide.load.HttpException: 
08-03 22:05:22.173 21465 21465 I Glide   : 	at com.bumptech.glide.integration.okhttp3.OkHttpStreamFetcher.onResponse(OkHttpStreamFetcher.java:73)
08-03 22:05:22.173 21465 21465 I Glide   : 	at okhttp3.RealCall$AsyncCall.execute(RealCall.java:174)
08-03 22:05:22.173 21465 21465 I Glide   : 	at okhttp3.internal.NamedRunnable.run(NamedRunnable.java:32)
08-03 22:05:22.173 21465 21465 I Glide   : 	at java.util.concurrent.ThreadPoolExecutor.runWorker(ThreadPoolExecutor.java:1113)
08-03 22:05:22.173 21465 21465 I Glide   : 	at java.util.concurrent.ThreadPoolExecutor$Worker.run(ThreadPoolExecutor.java:588)
08-03 22:05:22.173 21465 21465 I Glide   : 	at java.lang.Thread.run(Thread.java:818)
08-03 22:05:22.190 21465 21477 I art     : Explicit concurrent mark sweep GC freed 269(40KB) AllocSpace objects, 0(0B) LOS objects, 23% free, 50MB/66MB, paused 2.217ms total 45.830ms
08-03 22:05:22.553 21465 21477 I art     : Starting a blocking GC Explicit
08-03 22:05:22.603 21465 21477 I art     : Explicit concurrent mark sweep GC freed 1634(91KB) AllocSpace objects, 1(20KB) LOS objects, 23% free, 50MB/66MB, paused 1.644ms total 49.191ms
08-03 22:05:22.619 21465 21477 I art     : Starting a blocking GC Explicit
08-03 22:05:22.666 21465 21477 I art     : Explicit concurrent mark sweep GC freed 43(1424B) AllocSpace objects, 0(0B) LOS objects, 23% free, 50MB/66MB, paused 1.524ms total 46.671ms
08-03 22:05:22.681 21465 21477 I art     : Starting a blocking GC Explicit
08-03 22:05:22.730 21465 21477 I art     : Explicit concurrent mark sweep GC freed 3(96B) AllocSpace objects, 0(0B) LOS objects, 23% free, 50MB/66MB, paused 1.697ms total 48.656ms
08-03 22:05:22.747 21465 21477 I art     : Starting a blocking GC Explicit
08-03 22:05:22.790 21465 21477 I art     : Explicit concurrent mark sweep GC freed 3(96B) AllocSpace objects, 0(0B) LOS objects, 23% free, 50MB/66MB, paused 1.633ms total 43.373ms
08-03 22:05:22.804 21465 21477 I art     : Starting a blocking GC Explicit
08-03 22:05:22.852 21465 21477 I art     : Explicit concurrent mark sweep GC freed 3(96B) AllocSpace objects, 0(0B) LOS objects, 23% free, 50MB/66MB, paused 1.622ms total 47.737ms
08-03 22:05:23.167   518   646 I ThermalEngine: ACTION: GPU - Setting GPU[0] to 390000000
08-03 22:05:23.283 21465 21575 I art     : Starting a blocking GC Explicit
08-03 22:05:23.351 21465 21575 I art     : Explicit concurrent mark sweep GC freed 1410(81KB) AllocSpace objects, 1(20KB) LOS objects, 23% free, 50MB/66MB, paused 2.908ms total 66.404ms
08-03 22:05:23.351 21465 21476 I art     : WaitForGcToComplete blocked for 13.707ms for cause HeapTrim
08-03 22:05:23.375 21465 21575 I art     : Starting a blocking GC Explicit
08-03 22:05:23.431 21465 21575 I art     : Explicit concurrent mark sweep GC freed 23(752B) AllocSpace objects, 0(0B) LOS objects, 23% free, 50MB/66MB, paused 2.693ms total 55.126ms
08-03 22:05:23.455 21465 21575 I art     : Starting a blocking GC Explicit
08-03 22:05:23.511 21465 21575 I art     : Explicit concurrent mark sweep GC freed 3(96B) AllocSpace objects, 0(0B) LOS objects, 23% free, 50MB/66MB, paused 2.343ms total 55.390ms
08-03 22:05:23.531 21465 21575 I art     : Starting a blocking GC Explicit
08-03 22:05:23.586 21465 21575 I art     : Explicit concurrent mark sweep GC freed 3(96B) AllocSpace objects, 0(0B) LOS objects, 23% free, 50MB/66MB, paused 2.478ms total 55.396ms
08-03 22:05:23.606 21465 21575 I art     : Starting a blocking GC Explicit
08-03 22:05:23.667 21465 21575 I art     : Explicit concurrent mark sweep GC freed 3(96B) AllocSpace objects, 0(0B) LOS objects, 23% free, 50MB/66MB, paused 2.519ms total 60.861ms
08-03 22:05:24.032   918  3188 I hubconnection: sensorhub said: 'set_bias 3: -4.8000, 0.0000, 0.0000'
08-03 22:05:24.086 21465 21803 I art     : Starting a blocking GC Explicit
08-03 22:05:24.154 21465 21803 I art     : Explicit concurrent mark sweep GC freed 1414(83KB) AllocSpace objects, 1(20KB) LOS objects, 23% free, 50MB/66MB, paused 2.976ms total 67.613ms
08-03 22:05:24.165   518   646 I ThermalEngine: ACTION: GPU - Setting GPU[0] to 450000000
08-03 22:05:24.178 21465 21803 I art     : Starting a blocking GC Explicit
08-03 22:05:24.220 21465 21803 I art     : Explicit concurrent mark sweep GC freed 23(752B) AllocSpace objects, 0(0B) LOS objects, 23% free, 50MB/66MB, paused 1.572ms total 42.050ms
08-03 22:05:24.233 21465 21803 I art     : Starting a blocking GC Explicit
08-03 22:05:24.276 21465 21803 I art     : Explicit concurrent mark sweep GC freed 3(96B) AllocSpace objects, 0(0B) LOS objects, 23% free, 50MB/66MB, paused 1.381ms total 42.886ms
08-03 22:05:24.290 21465 21803 I art     : Starting a blocking GC Explicit
08-03 22:05:24.330 21465 21803 I art     : Explicit concurrent mark sweep GC freed 3(96B) AllocSpace objects, 0(0B) LOS objects, 23% free, 50MB/66MB, paused 1.529ms total 40.521ms
08-03 22:05:24.343 21465 21803 I art     : Starting a blocking GC Explicit
08-03 22:05:24.386 21465 21803 I art     : Explicit concurrent mark sweep GC freed 3(96B) AllocSpace objects, 0(0B) LOS objects, 23% free, 50MB/66MB, paused 1.524ms total 42.032ms
08-03 22:05:24.766 21465 21803 I art     : Starting a blocking GC Explicit
08-03 22:05:24.823 21465 21803 I art     : Explicit concurrent mark sweep GC freed 1423(84KB) AllocSpace objects, 1(20KB) LOS objects, 23% free, 50MB/66MB, paused 1.575ms total 57.073ms
08-03 22:05:24.838 21465 21803 I art     : Starting a blocking GC Explicit
08-03 22:05:24.885 21465 21803 I art     : Explicit concurrent mark sweep GC freed 29(976B) AllocSpace objects, 0(0B) LOS objects, 23% free, 50MB/66MB, paused 1.548ms total 46.422ms
08-03 22:05:24.899 21465 21803 I art     : Starting a blocking GC Explicit
08-03 22:05:24.946 21465 21803 I art     : Explicit concurrent mark sweep GC freed 3(96B) AllocSpace objects, 0(0B) LOS objects, 23% free, 50MB/66MB, paused 1.508ms total 47.022ms
08-03 22:05:24.960 21465 21803 I art     : Starting a blocking GC Explicit
08-03 22:05:25.007 21465 21803 I art     : Explicit concurrent mark sweep GC freed 3(96B) AllocSpace objects, 0(0B) LOS objects, 23% free, 50MB/66MB, paused 1.612ms total 46.787ms
08-03 22:05:25.020 21465 21803 I art     : Starting a blocking GC Explicit
08-03 22:05:25.068 21465 21803 I art     : Explicit concurrent mark sweep GC freed 32(880B) AllocSpace objects, 0(0B) LOS objects, 23% free, 50MB/66MB, paused 1.591ms total 47.230ms
08-03 22:05:25.458 21465 21477 I art     : Starting a blocking GC Explicit
08-03 22:05:25.516 21465 21477 I art     : Explicit concurrent mark sweep GC freed 1381(81KB) AllocSpace objects, 1(20KB) LOS objects, 23% free, 50MB/66MB, paused 1.680ms total 56.031ms
08-03 22:05:25.532 21465 21477 I art     : Starting a blocking GC Explicit
08-03 22:05:25.580 21465 21477 I art     : Explicit concurrent mark sweep GC freed 23(752B) AllocSpace objects, 0(0B) LOS objects, 23% free, 50MB/66MB, paused 1.521ms total 47.620ms
08-03 22:05:25.593 21465 21477 I art     : Starting a blocking GC Explicit
08-03 22:05:25.639 21465 21477 I art     : Explicit concurrent mark sweep GC freed 3(96B) AllocSpace objects, 0(0B) LOS objects, 23% free, 50MB/66MB, paused 1.617ms total 45.873ms
08-03 22:05:25.653 21465 21477 I art     : Starting a blocking GC Explicit
08-03 22:05:25.700 21465 21477 I art     : Explicit concurrent mark sweep GC freed 3(96B) AllocSpace objects, 0(0B) LOS objects, 23% free, 50MB/66MB, paused 1.645ms total 46.346ms
08-03 22:05:25.713 21465 21477 I art     : Starting a blocking GC Explicit
08-03 22:05:25.760 21465 21477 I art     : Explicit concurrent mark sweep GC freed 3(96B) AllocSpace objects, 0(0B) LOS objects, 23% free, 50MB/66MB, paused 1.560ms total 46.468ms
08-03 22:05:26.124 21465 21478 I art     : Starting a blocking GC Explicit
08-03 22:05:26.179 21465 21478 I art     : Explicit concurrent mark sweep GC freed 1414(83KB) AllocSpace objects, 1(20KB) LOS objects, 23% free, 50MB/66MB, paused 1.793ms total 54.293ms
08-03 22:05:26.195 21465 21478 I art     : Starting a blocking GC Explicit
08-03 22:05:26.240 21465 21478 I art     : Explicit concurrent mark sweep GC freed 23(752B) AllocSpace objects, 0(0B) LOS objects, 23% free, 50MB/66MB, paused 1.629ms total 44.719ms
08-03 22:05:26.253 21465 21478 I art     : Starting a blocking GC Explicit
08-03 22:05:26.298 21465 21478 I art     : Explicit concurrent mark sweep GC freed 3(96B) AllocSpace objects, 0(0B) LOS objects, 23% free, 50MB/66MB, paused 1.685ms total 44.233ms
08-03 22:05:26.311 21465 21478 I art     : Starting a blocking GC Explicit
08-03 22:05:26.330 24524 24524 D AndroidRuntime: >>>>>> START com.android.internal.os.RuntimeInit uid 2000 <<<<<<
08-03 22:05:26.336 24524 24524 D AndroidRuntime: CheckJNI is OFF
08-03 22:05:26.355 21465 21478 I art     : Explicit concurrent mark sweep GC freed 3(96B) AllocSpace objects, 0(0B) LOS objects, 23% free, 50MB/66MB, paused 1.633ms total 44.022ms
08-03 22:05:26.369 21465 21478 I art     : Starting a blocking GC Explicit
08-03 22:05:26.384 24524 24524 D ICU     : No timezone override file found: /data/misc/zoneinfo/current/icu/icu_tzdata.dat
08-03 22:05:26.412 21465 21478 I art     : Explicit concurrent mark sweep GC freed 3(96B) AllocSpace objects, 0(0B) LOS objects, 23% free, 50MB/66MB, paused 1.674ms total 42.687ms
08-03 22:05:26.431 24524 24524 I Radio-JNI: register_android_hardware_Radio DONE
08-03 22:05:26.460 24524 24524 D AndroidRuntime: Calling main entry com.android.commands.input.Input
08-03 22:05:26.463 24524 24524 I Input   : injectMotionEvent: MotionEvent { action=ACTION_DOWN, actionButton=0, id[0]=0, x[0]=526.0, y[0]=597.0, toolType[0]=TOOL_TYPE_UNKNOWN, buttonState=0, metaState=0, flags=0x0, edgeFlags=0x0, pointerCount=1, historySize=0, eventTime=655542876, downTime=655542876, deviceId=0, source=0x1002 }
08-03 22:05:26.469 24524 24524 I Input   : injectMotionEvent: MotionEvent { action=ACTION_UP, actionButton=0, id[0]=0, x[0]=526.0, y[0]=597.0, toolType[0]=TOOL_TYPE_UNKNOWN, buttonState=0, metaState=0, flags=0x0, edgeFlags=0x0, pointerCount=1, historySize=0, eventTime=655542876, downTime=655542876, deviceId=0, source=0x1002 }
08-03 22:05:26.472 24524 24524 D AndroidRuntime: Shutting down VM
08-03 22:05:26.537 21465 21465 D PodcastListFragment: Selected podcast: GpodnetPodcast [url=http://feeds.feedburner.com/linuxoutlaws, title=Linux Outlaws, description=Two pragmatic geeks talk about the latest news concerning Linux, free and open
08-03 22:05:26.537 21465 21465 D PodcastListFragment: technology or anything else they deem noteworthy which may include such absurd
08-03 22:05:26.537 21465 21465 D PodcastListFragment: things as hockey or bands you never heard of. This means there's many a joke
08-03 22:05:26.537 21465 21465 D PodcastListFragment: and derailed conversation along the way, so don't come here expecting only
08-03 22:05:26.537 21465 21465 D PodcastListFragment: Linux or software freedom talk  just sit back and relax, partner., subscribers=3321, logoUrl=http://sixgun.org/files/linuxoutlaws.jpg, website=http://sixgun.org, mygpoLink=http://gpodder.net/podcast/linux-outlaws-mp3]
08-03 22:05:26.538   918  3359 I ActivityManager: START u0 {cmp=baseline.de.danoeh.antennapod.debug/baseline.de.danoeh.antennapod.activity.OnlineFeedViewActivity (has extras)} from uid 10633 on display 0
08-03 22:05:26.539   512  2967 D audio_hw_primary: out_set_parameters: enter: usecase(1: low-latency-playback) kvpairs: routing=2
08-03 22:05:26.553   512  2967 D audio_hw_primary: select_devices: out_snd_device(2: speaker) in_snd_device(0: none)
08-03 22:05:26.553   512  2967 D msm8974_platform: platform_send_audio_calibration: sending audio calibration for snd_device(2) acdb_id(15)
08-03 22:05:26.553   512  2967 I soundtrigger: audio_extn_sound_trigger_update_device_status: device 0x2 of type 0 for Event 1
08-03 22:05:26.567   918   937 W ProcessCpuTracker: Skipping unknown process pid 24547
08-03 22:05:26.573   512  2967 D audio_hw_primary: enable_snd_device: snd_device(2: speaker)
08-03 22:05:26.576   512  2967 D audio_hw_primary: enable_audio_route: apply and update mixer path: low-latency-playback speaker
08-03 22:05:26.583 21465 21465 D UserPreferences: Using default data folder
08-03 22:05:26.584 21465 21465 D OnlineFeedViewActivity: Activity was started with url http://feeds.feedburner.com/linuxoutlaws
08-03 22:05:26.587 21465 21465 D OnlineFeedViewActivity: Starting feed download
08-03 22:05:26.591 21465 21491 D DBReader: Extracting Feedlist
08-03 22:05:26.593   918  5481 D WifiService: acquireWifiLockLocked: WifiLock{Downloader type=1 binder=android.os.BinderProxy@5343d6b}
08-03 22:05:26.594 21465 21491 D AntennapodHttpClient: Creating new instance of HTTP client
08-03 22:05:26.649 13866 13866 I GoogleInputMethodServic: GoogleInputMethodService.onFinishInput():3138 
08-03 22:05:26.650 13866 13866 I GoogleInputMethodServic: GoogleInputMethodService.onStartInput():1808 
08-03 22:05:26.670   918   936 I ActivityManager: Displayed baseline.de.danoeh.antennapod.debug/baseline.de.danoeh.antennapod.activity.OnlineFeedViewActivity: +120ms
08-03 22:05:26.709 21465 21486 D OpenGLRenderer: endAllStagingAnimators on 0x7f7f197000 (GridView) with handle 0x7f7e41f4c0
08-03 22:05:26.724 21465 21491 D MYTAG   : interceptor 3a http://feeds.feedburner.com/linuxoutlaws
08-03 22:05:26.724 21465 21491 I NAPPA_EXPERIMENTATION: MetricNetworkRequestExecutionTime: REQUEST_DURATION_SYSTEM='129',REQUEST_DURATION_OKHTTP='41',REQUEST_SYNCHRONOUS='TRUE',RESPONSE_CODE='200',RESPONSE_METHOD='GET',RESPONSE_LENGTH_OKHTTP='-1',RESPONSE_LENGTH_HEADER='-2',REQUEST_PROTOCOL='http/1.1',REQUEST_URL='http://feeds.feedburner.com/linuxoutlaws',
08-03 22:05:26.724 21465 21491 D HttpDownloader: Response code is 200
08-03 22:05:26.724 21465 21491 D UserPreferences: Using default data folder
08-03 22:05:26.726 21465 21491 D HttpDownloader: Getting size of download
08-03 22:05:26.726 21465 21491 D HttpDownloader: Size is -1
08-03 22:05:26.726 21465 21491 D UserPreferences: Using default data folder
08-03 22:05:26.727 21465 21491 D HttpDownloader: Free space is 20791988224
08-03 22:05:26.727 21465 21491 D HttpDownloader: Starting download
08-03 22:05:26.730 21465 21491 D HttpDownloader: Download was successful
08-03 22:05:26.731   918  5132 D WifiService: releaseWifiLockLocked: WifiLock{Downloader type=1 binder=android.os.BinderProxy@5343d6b}
08-03 22:05:26.731 21465 21465 D OnlineFeedViewActivity: Parsing feed
08-03 22:05:26.735 21465 24558 D TypeGetter: Recognized type RSS 2.0
08-03 22:05:26.738 21465 24558 D SyndHandler: Recognized Content namespace
08-03 22:05:26.738 21465 24558 D SyndHandler: Recognized DublinCore namespace
08-03 22:05:26.738 21465 24558 D SyndHandler: Recognized Atom namespace
08-03 22:05:26.738 21465 24558 D SyndHandler: Recognized ITunes namespace
08-03 22:05:26.738 21465 24558 D SyndHandler: Recognized media namespace
08-03 22:05:26.757 21465 21575 I art     : Starting a blocking GC Explicit
08-03 22:05:26.780 21465 24558 D OnlineFeedViewActivity: Deleted feed source file. Result: true
08-03 22:05:26.781 21465 21465 D OnlineFeedViewActivity: Removing HTML from shownotes
08-03 22:05:26.804 21465 21575 I art     : Explicit concurrent mark sweep GC freed 7281(875KB) AllocSpace objects, 16(848KB) LOS objects, 23% free, 51MB/67MB, paused 2.252ms total 46.042ms
08-03 22:05:26.807 21465 22398 D ApOkHttpUrlLoader: buildLoadData() called with: model = [http://sixgun.org/files/linuxoutlaws.jpg], width = [350], height = [350]
08-03 22:05:26.810 21465 22209 D DBReader: getImageAuthentication() called with: imageUrl = [http://sixgun.org/files/linuxoutlaws.jpg]
08-03 22:05:26.813 21465 22209 D ApOkHttpUrlLoader: no credentials for 'http://sixgun.org/files/linuxoutlaws.jpg'
08-03 22:05:26.818 21465 21575 I art     : Starting a blocking GC Explicit
08-03 22:05:26.852 21465 22209 D DBWriter: updateFeedDownloadURL(original: http://sixgun.org/files/linuxoutlaws.jpg, updated: https://fab.industries/sixgun/files/linuxoutlaws.jpg)
08-03 22:05:26.863 21465 21575 I art     : Explicit concurrent mark sweep GC freed 8866(468KB) AllocSpace objects, 0(0B) LOS objects, 23% free, 51MB/67MB, paused 1.814ms total 44.486ms
08-03 22:05:26.877 21465 21575 I art     : Starting a blocking GC Explicit
08-03 22:05:26.921   380   380 W SurfaceFlinger: couldn't log to binary event log: overflow.
08-03 22:05:26.926 21465 21575 I art     : Explicit concurrent mark sweep GC freed 614(29KB) AllocSpace objects, 0(0B) LOS objects, 23% free, 51MB/67MB, paused 1.921ms total 48.456ms
08-03 22:05:26.941 21465 21575 I art     : Starting a blocking GC Explicit
08-03 22:05:26.979 21465 21575 I art     : Explicit concurrent mark sweep GC freed 20(832B) AllocSpace objects, 0(0B) LOS objects, 23% free, 51MB/67MB, paused 1.518ms total 37.833ms
08-03 22:05:26.992 21465 21575 I art     : Starting a blocking GC Explicit
08-03 22:05:27.000 21465 22209 D MYTAG   : interceptor 2a
08-03 22:05:27.000 21465 22209 I NAPPA_EXPERIMENTATION: MetricNetworkRequestExecutionTime: REQUEST_DURATION_SYSTEM='186',REQUEST_DURATION_OKHTTP='143',REQUEST_SYNCHRONOUS='TRUE',RESPONSE_CODE='404',RESPONSE_METHOD='GET',RESPONSE_LENGTH_OKHTTP='-1',RESPONSE_LENGTH_HEADER='1503',REQUEST_PROTOCOL='h2',REQUEST_URL='https://fab.industries/sixgun/files/linuxoutlaws.jpg',
08-03 22:05:27.001 21465 21465 W Glide   : Load failed for http://sixgun.org/files/linuxoutlaws.jpg with size [350x350]
08-03 22:05:27.001 21465 21465 W Glide   : class com.bumptech.glide.load.engine.GlideException: Failed to load resource
08-03 22:05:27.001 21465 21465 W Glide   : There was 1 cause:
08-03 22:05:27.001 21465 21465 W Glide   : com.bumptech.glide.load.HttpException()
08-03 22:05:27.001 21465 21465 W Glide   :  call GlideException#logRootCauses(String) for more detail
08-03 22:05:27.001 21465 21465 W Glide   :   Cause (1 of 1): class com.bumptech.glide.load.engine.GlideException: Fetching data failed, class java.io.InputStream, REMOTE
08-03 22:05:27.001 21465 21465 W Glide   : There was 1 cause:
08-03 22:05:27.001 21465 21465 W Glide   : com.bumptech.glide.load.HttpException()
08-03 22:05:27.001 21465 21465 W Glide   :  call GlideException#logRootCauses(String) for more detail
08-03 22:05:27.001 21465 21465 W Glide   :     Cause (1 of 1): class com.bumptech.glide.load.HttpException: 
08-03 22:05:27.002 21465 21465 I Glide   : Root cause (1 of 1)
08-03 22:05:27.002 21465 21465 I Glide   : com.bumptech.glide.load.HttpException: 
08-03 22:05:27.002 21465 21465 I Glide   : 	at com.bumptech.glide.integration.okhttp3.OkHttpStreamFetcher.onResponse(OkHttpStreamFetcher.java:73)
08-03 22:05:27.002 21465 21465 I Glide   : 	at okhttp3.RealCall$AsyncCall.execute(RealCall.java:174)
08-03 22:05:27.002 21465 21465 I Glide   : 	at okhttp3.internal.NamedRunnable.run(NamedRunnable.java:32)
08-03 22:05:27.002 21465 21465 I Glide   : 	at java.util.concurrent.ThreadPoolExecutor.runWorker(ThreadPoolExecutor.java:1113)
08-03 22:05:27.002 21465 21465 I Glide   : 	at java.util.concurrent.ThreadPoolExecutor$Worker.run(ThreadPoolExecutor.java:588)
08-03 22:05:27.002 21465 21465 I Glide   : 	at java.lang.Thread.run(Thread.java:818)
08-03 22:05:27.034 21465 21575 I art     : Explicit concurrent mark sweep GC freed 340(42KB) AllocSpace objects, 0(0B) LOS objects, 23% free, 51MB/67MB, paused 1.571ms total 41.806ms
08-03 22:05:27.045 21465 21465 D PlaybackController: Releasing PlaybackController
08-03 22:05:27.119   512  2967 D audio_hw_primary: disable_audio_route: reset and update mixer path: low-latency-playback speaker
08-03 22:05:27.120   512  2967 D audio_hw_primary: disable_snd_device: snd_device(2: speaker)
08-03 22:05:27.128   512  2967 I soundtrigger: audio_extn_sound_trigger_update_device_status: device 0x2 of type 0 for Event 0
08-03 22:05:27.390 21465 21478 I art     : Starting a blocking GC Explicit
08-03 22:05:27.449 21465 21478 I art     : Explicit concurrent mark sweep GC freed 1820(102KB) AllocSpace objects, 2(132KB) LOS objects, 23% free, 51MB/67MB, paused 1.762ms total 58.605ms
08-03 22:05:27.465 21465 21478 I art     : Starting a blocking GC Explicit
08-03 22:05:27.511 21465 21478 I art     : Explicit concurrent mark sweep GC freed 50(1648B) AllocSpace objects, 0(0B) LOS objects, 23% free, 51MB/67MB, paused 1.602ms total 45.818ms
08-03 22:05:27.525 21465 21478 I art     : Starting a blocking GC Explicit
08-03 22:05:27.570 21465 21478 I art     : Explicit concurrent mark sweep GC freed 3(96B) AllocSpace objects, 0(0B) LOS objects, 23% free, 51MB/67MB, paused 1.580ms total 45.336ms
08-03 22:05:27.584 21465 21478 I art     : Starting a blocking GC Explicit
08-03 22:05:27.629 21465 21478 I art     : Explicit concurrent mark sweep GC freed 3(96B) AllocSpace objects, 0(0B) LOS objects, 23% free, 51MB/67MB, paused 1.650ms total 44.942ms
08-03 22:05:27.642 21465 21478 I art     : Starting a blocking GC Explicit
08-03 22:05:27.689 21465 21478 I art     : Explicit concurrent mark sweep GC freed 3(96B) AllocSpace objects, 0(0B) LOS objects, 23% free, 51MB/67MB, paused 1.788ms total 46.544ms
08-03 22:05:28.066 21465 21575 I art     : Starting a blocking GC Explicit
08-03 22:05:28.125 21465 21575 I art     : Explicit concurrent mark sweep GC freed 1410(81KB) AllocSpace objects, 1(20KB) LOS objects, 23% free, 51MB/67MB, paused 1.731ms total 58.465ms
08-03 22:05:28.142 21465 21575 I art     : Starting a blocking GC Explicit
08-03 22:05:28.190 21465 21575 I art     : Explicit concurrent mark sweep GC freed 23(752B) AllocSpace objects, 0(0B) LOS objects, 23% free, 51MB/67MB, paused 1.665ms total 48.592ms
08-03 22:05:28.204 21465 21575 I art     : Starting a blocking GC Explicit
08-03 22:05:28.256 21465 21575 I art     : Explicit concurrent mark sweep GC freed 3(96B) AllocSpace objects, 0(0B) LOS objects, 23% free, 51MB/67MB, paused 1.741ms total 51.170ms
08-03 22:05:28.273 21465 21575 I art     : Starting a blocking GC Explicit
08-03 22:05:28.320 21465 21575 I art     : Explicit concurrent mark sweep GC freed 3(96B) AllocSpace objects, 0(0B) LOS objects, 23% free, 51MB/67MB, paused 1.592ms total 47.076ms
08-03 22:05:28.334 21465 21575 I art     : Starting a blocking GC Explicit
08-03 22:05:28.384 21465 21575 I art     : Explicit concurrent mark sweep GC freed 3(96B) AllocSpace objects, 0(0B) LOS objects, 23% free, 51MB/67MB, paused 1.823ms total 49.933ms
08-03 22:05:28.769 21465 21575 I art     : Starting a blocking GC Explicit
08-03 22:05:28.819 21465 21575 I art     : Explicit concurrent mark sweep GC freed 1411(82KB) AllocSpace objects, 1(20KB) LOS objects, 23% free, 51MB/67MB, paused 1.684ms total 49.889ms
08-03 22:05:28.833 21465 21575 I art     : Starting a blocking GC Explicit
08-03 22:05:28.883 21465 21575 I art     : Explicit concurrent mark sweep GC freed 23(752B) AllocSpace objects, 0(0B) LOS objects, 23% free, 51MB/67MB, paused 1.721ms total 49.395ms
08-03 22:05:28.900 21465 21575 I art     : Starting a blocking GC Explicit
08-03 22:05:28.948 21465 21575 I art     : Explicit concurrent mark sweep GC freed 3(96B) AllocSpace objects, 0(0B) LOS objects, 23% free, 51MB/67MB, paused 1.691ms total 47.547ms
08-03 22:05:28.962 21465 21575 I art     : Starting a blocking GC Explicit
08-03 22:05:29.012 21465 21575 I art     : Explicit concurrent mark sweep GC freed 32(880B) AllocSpace objects, 0(0B) LOS objects, 23% free, 51MB/67MB, paused 1.677ms total 49.611ms
08-03 22:05:29.026 21465 21575 I art     : Starting a blocking GC Explicit
08-03 22:05:29.074 21465 21575 I art     : Explicit concurrent mark sweep GC freed 3(96B) AllocSpace objects, 0(0B) LOS objects, 23% free, 51MB/67MB, paused 1.610ms total 48.393ms
08-03 22:05:29.464 21465 21477 I art     : Starting a blocking GC Explicit
08-03 22:05:29.503 21465 21477 I art     : Explicit concurrent mark sweep GC freed 1381(81KB) AllocSpace objects, 1(20KB) LOS objects, 23% free, 51MB/67MB, paused 1.465ms total 39.331ms
08-03 22:05:29.515 21465 21477 I art     : Starting a blocking GC Explicit
08-03 22:05:29.553 21465 21477 I art     : Explicit concurrent mark sweep GC freed 23(752B) AllocSpace objects, 0(0B) LOS objects, 23% free, 51MB/67MB, paused 1.395ms total 37.452ms
08-03 22:05:29.565 21465 21477 I art     : Starting a blocking GC Explicit
08-03 22:05:29.605 21465 21477 I art     : Explicit concurrent mark sweep GC freed 3(96B) AllocSpace objects, 0(0B) LOS objects, 23% free, 51MB/67MB, paused 1.548ms total 39.265ms
08-03 22:05:29.618 21465 21477 I art     : Starting a blocking GC Explicit
08-03 22:05:29.662 21465 21477 I art     : Explicit concurrent mark sweep GC freed 3(96B) AllocSpace objects, 0(0B) LOS objects, 23% free, 51MB/67MB, paused 1.589ms total 43.328ms
08-03 22:05:29.675 21465 21477 I art     : Starting a blocking GC Explicit
08-03 22:05:29.723 21465 21477 I art     : Explicit concurrent mark sweep GC freed 17(544B) AllocSpace objects, 0(0B) LOS objects, 23% free, 51MB/67MB, paused 1.510ms total 47.263ms
08-03 22:05:30.129 21465 21575 I art     : Starting a blocking GC Explicit
08-03 22:05:30.187 21465 21575 I art     : Explicit concurrent mark sweep GC freed 1410(81KB) AllocSpace objects, 1(20KB) LOS objects, 23% free, 51MB/67MB, paused 1.742ms total 57.820ms
08-03 22:05:30.203 21465 21575 I art     : Starting a blocking GC Explicit
08-03 22:05:30.238 23641 23641 I ServiceManager: Waiting for service AtCmdFwd...
08-03 22:05:30.252 21465 21575 I art     : Explicit concurrent mark sweep GC freed 23(752B) AllocSpace objects, 0(0B) LOS objects, 23% free, 51MB/67MB, paused 1.554ms total 48.797ms
08-03 22:05:30.266 21465 21575 I art     : Starting a blocking GC Explicit
08-03 22:05:30.316 21465 21575 I art     : Explicit concurrent mark sweep GC freed 3(96B) AllocSpace objects, 0(0B) LOS objects, 23% free, 51MB/67MB, paused 1.639ms total 49.636ms
08-03 22:05:30.330 21465 21575 I art     : Starting a blocking GC Explicit
08-03 22:05:30.379 21465 21575 I art     : Explicit concurrent mark sweep GC freed 3(96B) AllocSpace objects, 0(0B) LOS objects, 23% free, 51MB/67MB, paused 1.689ms total 48.746ms
08-03 22:05:30.396 21465 21575 I art     : Starting a blocking GC Explicit
08-03 22:05:30.446 21465 21575 I art     : Explicit concurrent mark sweep GC freed 3(96B) AllocSpace objects, 0(0B) LOS objects, 23% free, 51MB/67MB, paused 1.633ms total 49.469ms
08-03 22:05:30.830 21465 21803 I art     : Starting a blocking GC Explicit
08-03 22:05:30.882 21465 21803 I art     : Explicit concurrent mark sweep GC freed 1383(84KB) AllocSpace objects, 1(20KB) LOS objects, 23% free, 51MB/67MB, paused 1.712ms total 51.069ms
08-03 22:05:30.899 21465 21803 I art     : Starting a blocking GC Explicit
08-03 22:05:30.946 21465 21803 I art     : Explicit concurrent mark sweep GC freed 23(752B) AllocSpace objects, 0(0B) LOS objects, 23% free, 51MB/67MB, paused 1.709ms total 47.313ms
08-03 22:05:30.960 21465 21803 I art     : Starting a blocking GC Explicit
08-03 22:05:31.007 21465 21803 I art     : Explicit concurrent mark sweep GC freed 3(96B) AllocSpace objects, 0(0B) LOS objects, 23% free, 51MB/67MB, paused 1.645ms total 46.841ms
08-03 22:05:31.020 21465 21803 I art     : Starting a blocking GC Explicit
08-03 22:05:31.067 21465 21803 I art     : Explicit concurrent mark sweep GC freed 32(880B) AllocSpace objects, 0(0B) LOS objects, 23% free, 51MB/67MB, paused 1.649ms total 45.974ms
08-03 22:05:31.080 21465 21803 I art     : Starting a blocking GC Explicit
08-03 22:05:31.127 21465 21803 I art     : Explicit concurrent mark sweep GC freed 3(96B) AllocSpace objects, 0(0B) LOS objects, 23% free, 51MB/67MB, paused 1.630ms total 47.152ms
08-03 22:05:31.239 23641 23641 I ServiceManager: Waiting for service AtCmdFwd...
08-03 22:05:31.278 24630 24630 D AndroidRuntime: >>>>>> START com.android.internal.os.RuntimeInit uid 2000 <<<<<<
08-03 22:05:31.284 24630 24630 D AndroidRuntime: CheckJNI is OFF
08-03 22:05:31.324 24630 24630 D ICU     : No timezone override file found: /data/misc/zoneinfo/current/icu/icu_tzdata.dat
08-03 22:05:31.365 24630 24630 I Radio-JNI: register_android_hardware_Radio DONE
08-03 22:05:31.394 24630 24630 D AndroidRuntime: Calling main entry com.android.commands.input.Input
08-03 22:05:31.396 24630 24630 I Input   : injectKeyEvent: KeyEvent { action=ACTION_DOWN, keyCode=KEYCODE_BACK, scanCode=0, metaState=0, flags=0x0, repeatCount=0, eventTime=655547809, downTime=655547809, deviceId=-1, source=0x101 }
08-03 22:05:31.401 24630 24630 I Input   : injectKeyEvent: KeyEvent { action=ACTION_UP, keyCode=KEYCODE_BACK, scanCode=0, metaState=0, flags=0x0, repeatCount=0, eventTime=655547809, downTime=655547809, deviceId=-1, source=0x101 }
08-03 22:05:31.406 24630 24630 D AndroidRuntime: Shutting down VM
08-03 22:05:31.412 21465 21465 V PlaybackController: initServiceNotRunning()
08-03 22:05:31.412 21465 21465 D ExternalPlayerFragment: Loading media info
08-03 22:05:31.415 21465 22398 D ApOkHttpUrlLoader: buildLoadData() called with: model = [http://sixgun.org/files/linuxoutlaws.jpg], width = [224], height = [224]
08-03 22:05:31.416 21465 22209 D DBReader: getImageAuthentication() called with: imageUrl = [http://sixgun.org/files/linuxoutlaws.jpg]
08-03 22:05:31.417 21465 21465 D UserPreferences: Using default data folder
08-03 22:05:31.417 21465 21491 D DBReader: getNavDrawerData() called with: 
08-03 22:05:31.421 21465 22209 D ApOkHttpUrlLoader: no credentials for 'http://sixgun.org/files/linuxoutlaws.jpg'
08-03 22:05:31.437 21465 21491 D DBReader: getDownloadedItems() called
08-03 22:05:31.438 21465 21491 D DBReader: getFavoriteIDList() called
08-03 22:05:31.439 21465 21491 D DBReader: getQueueIDList() called
08-03 22:05:31.440 21465 21491 D DBReader: Extracting Feedlist
08-03 22:05:31.453 13866 13866 I GoogleInputMethodServic: GoogleInputMethodService.onFinishInput():3138 
08-03 22:05:31.454 13866 13866 I GoogleInputMethodServic: GoogleInputMethodService.onStartInput():1808 
08-03 22:05:31.472 21465 21465 D MainActivity: getLastNavFragment() -> AddFeedFragment
08-03 22:05:31.492 21465 21575 I art     : Starting a blocking GC Explicit
08-03 22:05:31.533 21465 21575 I art     : Explicit concurrent mark sweep GC freed 2888(174KB) AllocSpace objects, 1(20KB) LOS objects, 23% free, 51MB/67MB, paused 1.468ms total 41.014ms
08-03 22:05:31.534 21465 22209 D DBWriter: updateFeedDownloadURL(original: http://sixgun.org/files/linuxoutlaws.jpg, updated: https://fab.industries/sixgun/files/linuxoutlaws.jpg)
08-03 22:05:31.546 21465 21575 I art     : Starting a blocking GC Explicit
08-03 22:05:31.588 21465 21575 I art     : Explicit concurrent mark sweep GC freed 705(37KB) AllocSpace objects, 0(0B) LOS objects, 23% free, 51MB/67MB, paused 1.682ms total 41.379ms
08-03 22:05:31.601 21465 21575 I art     : Starting a blocking GC Explicit
08-03 22:05:31.654 21465 21575 I art     : Explicit concurrent mark sweep GC freed 9(352B) AllocSpace objects, 0(0B) LOS objects, 23% free, 51MB/67MB, paused 1.582ms total 52.861ms
08-03 22:05:31.670 21465 21575 I art     : Starting a blocking GC Explicit
08-03 22:05:31.686 21465 22209 D MYTAG   : interceptor 2a
08-03 22:05:31.686 21465 22209 I NAPPA_EXPERIMENTATION: MetricNetworkRequestExecutionTime: REQUEST_DURATION_SYSTEM='265',REQUEST_DURATION_OKHTTP='149',REQUEST_SYNCHRONOUS='TRUE',RESPONSE_CODE='404',RESPONSE_METHOD='GET',RESPONSE_LENGTH_OKHTTP='-1',RESPONSE_LENGTH_HEADER='1503',REQUEST_PROTOCOL='h2',REQUEST_URL='https://fab.industries/sixgun/files/linuxoutlaws.jpg',
08-03 22:05:31.688 21465 21465 W Glide   : Load failed for http://sixgun.org/files/linuxoutlaws.jpg with size [224x224]
08-03 22:05:31.688 21465 21465 W Glide   : class com.bumptech.glide.load.engine.GlideException: Failed to load resource
08-03 22:05:31.688 21465 21465 W Glide   : There was 1 cause:
08-03 22:05:31.688 21465 21465 W Glide   : com.bumptech.glide.load.HttpException()
08-03 22:05:31.688 21465 21465 W Glide   :  call GlideException#logRootCauses(String) for more detail
08-03 22:05:31.688 21465 21465 W Glide   :   Cause (1 of 1): class com.bumptech.glide.load.engine.GlideException: Fetching data failed, class java.io.InputStream, REMOTE
08-03 22:05:31.688 21465 21465 W Glide   : There was 1 cause:
08-03 22:05:31.688 21465 21465 W Glide   : com.bumptech.glide.load.HttpException()
08-03 22:05:31.688 21465 21465 W Glide   :  call GlideException#logRootCauses(String) for more detail
08-03 22:05:31.688 21465 21465 W Glide   :     Cause (1 of 1): class com.bumptech.glide.load.HttpException: 
08-03 22:05:31.688 21465 21465 I Glide   : Root cause (1 of 1)
08-03 22:05:31.688 21465 21465 I Glide   : com.bumptech.glide.load.HttpException: 
08-03 22:05:31.688 21465 21465 I Glide   : 	at com.bumptech.glide.integration.okhttp3.OkHttpStreamFetcher.onResponse(OkHttpStreamFetcher.java:73)
08-03 22:05:31.688 21465 21465 I Glide   : 	at okhttp3.RealCall$AsyncCall.execute(RealCall.java:174)
08-03 22:05:31.688 21465 21465 I Glide   : 	at okhttp3.internal.NamedRunnable.run(NamedRunnable.java:32)
08-03 22:05:31.688 21465 21465 I Glide   : 	at java.util.concurrent.ThreadPoolExecutor.runWorker(ThreadPoolExecutor.java:1113)
08-03 22:05:31.688 21465 21465 I Glide   : 	at java.util.concurrent.ThreadPoolExecutor$Worker.run(ThreadPoolExecutor.java:588)
08-03 22:05:31.688 21465 21465 I Glide   : 	at java.lang.Thread.run(Thread.java:818)
08-03 22:05:31.688 21465 21465 W Glide   : Load failed for http://sixgun.org/files/linuxoutlaws.jpg with size [224x224]
08-03 22:05:31.688 21465 21465 W Glide   : class com.bumptech.glide.load.engine.GlideException: Failed to load resource
08-03 22:05:31.688 21465 21465 W Glide   : There was 1 cause:
08-03 22:05:31.688 21465 21465 W Glide   : com.bumptech.glide.load.HttpException()
08-03 22:05:31.688 21465 21465 W Glide   :  call GlideException#logRootCauses(String) for more detail
08-03 22:05:31.688 21465 21465 W Glide   :   Cause (1 of 1): class com.bumptech.glide.load.engine.GlideException: Fetching data failed, class java.io.InputStream, REMOTE
08-03 22:05:31.688 21465 21465 W Glide   : There was 1 cause:
08-03 22:05:31.688 21465 21465 W Glide   : com.bumptech.glide.load.HttpException()
08-03 22:05:31.688 21465 21465 W Glide   :  call GlideException#logRootCauses(String) for more detail
08-03 22:05:31.688 21465 21465 W Glide   :     Cause (1 of 1): class com.bumptech.glide.load.HttpException: 
08-03 22:05:31.688 21465 21465 I Glide   : Root cause (1 of 1)
08-03 22:05:31.688 21465 21465 I Glide   : com.bumptech.glide.load.HttpException: 
08-03 22:05:31.688 21465 21465 I Glide   : 	at com.bumptech.glide.integration.okhttp3.OkHttpStreamFetcher.onResponse(OkHttpStreamFetcher.java:73)
08-03 22:05:31.688 21465 21465 I Glide   : 	at okhttp3.RealCall$AsyncCall.execute(RealCall.java:174)
08-03 22:05:31.688 21465 21465 I Glide   : 	at okhttp3.internal.NamedRunnable.run(NamedRunnable.java:32)
08-03 22:05:31.688 21465 21465 I Glide   : 	at java.util.concurrent.ThreadPoolExecutor.runWorker(ThreadPoolExecutor.java:1113)
08-03 22:05:31.688 21465 21465 I Glide   : 	at java.util.concurrent.ThreadPoolExecutor$Worker.run(ThreadPoolExecutor.java:588)
08-03 22:05:31.688 21465 21465 I Glide   : 	at java.lang.Thread.run(Thread.java:818)
08-03 22:05:31.723 21465 21575 I art     : Explicit concurrent mark sweep GC freed 388(67KB) AllocSpace objects, 0(0B) LOS objects, 23% free, 51MB/67MB, paused 1.623ms total 53.038ms
08-03 22:05:31.740 21465 21575 I art     : Starting a blocking GC Explicit
08-03 22:05:31.758   380   380 W SurfaceFlinger: couldn't log to binary event log: overflow.
08-03 22:05:31.785 21465 21575 I art     : Explicit concurrent mark sweep GC freed 698(29KB) AllocSpace objects, 0(0B) LOS objects, 23% free, 51MB/67MB, paused 1.589ms total 44.087ms
08-03 22:05:32.152 21465 21803 I art     : Starting a blocking GC Explicit
08-03 22:05:32.206 21465 21803 I art     : Explicit concurrent mark sweep GC freed 1507(87KB) AllocSpace objects, 1(20KB) LOS objects, 23% free, 51MB/67MB, paused 1.596ms total 53.799ms
08-03 22:05:32.220 21465 21803 I art     : Starting a blocking GC Explicit
08-03 22:05:32.240 23641 23641 I ServiceManager: Waiting for service AtCmdFwd...
08-03 22:05:32.264 21465 21803 I art     : Explicit concurrent mark sweep GC freed 2876(236KB) AllocSpace objects, 1(28KB) LOS objects, 23% free, 50MB/66MB, paused 1.481ms total 44.370ms
08-03 22:05:32.278 21465 21803 I art     : Starting a blocking GC Explicit
08-03 22:05:32.321 21465 21803 I art     : Explicit concurrent mark sweep GC freed 3(96B) AllocSpace objects, 0(0B) LOS objects, 23% free, 50MB/66MB, paused 1.595ms total 43.178ms
08-03 22:05:32.334 21465 21803 I art     : Starting a blocking GC Explicit
08-03 22:05:32.378 21465 21803 I art     : Explicit concurrent mark sweep GC freed 3(96B) AllocSpace objects, 0(0B) LOS objects, 23% free, 50MB/66MB, paused 1.679ms total 43.276ms
08-03 22:05:32.391 21465 21803 I art     : Starting a blocking GC Explicit
08-03 22:05:32.435 21465 21803 I art     : Explicit concurrent mark sweep GC freed 3(96B) AllocSpace objects, 0(0B) LOS objects, 23% free, 50MB/66MB, paused 1.576ms total 43.611ms
08-03 22:05:32.790 21465 24653 I art     : Starting a blocking GC Explicit
08-03 22:05:32.842 21465 24653 I art     : Explicit concurrent mark sweep GC freed 1383(81KB) AllocSpace objects, 1(20KB) LOS objects, 23% free, 50MB/66MB, paused 1.987ms total 51.627ms
08-03 22:05:32.857 21465 24653 I art     : Starting a blocking GC Explicit
08-03 22:05:32.900 21465 24653 I art     : Explicit concurrent mark sweep GC freed 23(752B) AllocSpace objects, 0(0B) LOS objects, 23% free, 50MB/66MB, paused 1.576ms total 42.519ms
08-03 22:05:32.913 21465 24653 I art     : Starting a blocking GC Explicit
08-03 22:05:32.956 21465 24653 I art     : Explicit concurrent mark sweep GC freed 3(96B) AllocSpace objects, 0(0B) LOS objects, 23% free, 50MB/66MB, paused 1.559ms total 42.157ms
08-03 22:05:32.968 21465 24653 I art     : Starting a blocking GC Explicit
08-03 22:05:33.011 21465 24653 I art     : Explicit concurrent mark sweep GC freed 32(880B) AllocSpace objects, 0(0B) LOS objects, 23% free, 50MB/66MB, paused 1.615ms total 42.137ms
08-03 22:05:33.024 21465 24653 I art     : Starting a blocking GC Explicit
08-03 22:05:33.069 21465 24653 I art     : Explicit concurrent mark sweep GC freed 10(320B) AllocSpace objects, 0(0B) LOS objects, 23% free, 50MB/66MB, paused 1.584ms total 44.786ms
08-03 22:05:33.198 24670 24670 D AndroidRuntime: >>>>>> START com.android.internal.os.RuntimeInit uid 2000 <<<<<<
08-03 22:05:33.205 24670 24670 D AndroidRuntime: CheckJNI is OFF
08-03 22:05:33.240 23641 23641 I ServiceManager: Waiting for service AtCmdFwd...
08-03 22:05:33.246 24670 24670 D ICU     : No timezone override file found: /data/misc/zoneinfo/current/icu/icu_tzdata.dat
08-03 22:05:33.289 24670 24670 I Radio-JNI: register_android_hardware_Radio DONE
08-03 22:05:33.318 24670 24670 D AndroidRuntime: Calling main entry com.android.commands.input.Input
08-03 22:05:33.320 24670 24670 I Input   : injectMotionEvent: MotionEvent { action=ACTION_DOWN, actionButton=0, id[0]=0, x[0]=526.0, y[0]=597.0, toolType[0]=TOOL_TYPE_UNKNOWN, buttonState=0, metaState=0, flags=0x0, edgeFlags=0x0, pointerCount=1, historySize=0, eventTime=655549733, downTime=655549733, deviceId=0, source=0x1002 }
08-03 22:05:33.324 24670 24670 I Input   : injectMotionEvent: MotionEvent { action=ACTION_UP, actionButton=0, id[0]=0, x[0]=526.0, y[0]=597.0, toolType[0]=TOOL_TYPE_UNKNOWN, buttonState=0, metaState=0, flags=0x0, edgeFlags=0x0, pointerCount=1, historySize=0, eventTime=655549733, downTime=655549733, deviceId=0, source=0x1002 }
08-03 22:05:33.326 24670 24670 D AndroidRuntime: Shutting down VM
08-03 22:05:33.391 21465 21465 D PodcastListFragment: Selected podcast: GpodnetPodcast [url=http://feeds.feedburner.com/linuxoutlaws, title=Linux Outlaws, description=Two pragmatic geeks talk about the latest news concerning Linux, free and open
08-03 22:05:33.391 21465 21465 D PodcastListFragment: technology or anything else they deem noteworthy which may include such absurd
08-03 22:05:33.391 21465 21465 D PodcastListFragment: things as hockey or bands you never heard of. This means there's many a joke
08-03 22:05:33.391 21465 21465 D PodcastListFragment: and derailed conversation along the way, so don't come here expecting only
08-03 22:05:33.391 21465 21465 D PodcastListFragment: Linux or software freedom talk  just sit back and relax, partner., subscribers=3321, logoUrl=http://sixgun.org/files/linuxoutlaws.jpg, website=http://sixgun.org, mygpoLink=http://gpodder.net/podcast/linux-outlaws-mp3]
08-03 22:05:33.392   918  5132 I ActivityManager: START u0 {cmp=baseline.de.danoeh.antennapod.debug/baseline.de.danoeh.antennapod.activity.OnlineFeedViewActivity (has extras)} from uid 10633 on display 0
08-03 22:05:33.393   512  2967 D audio_hw_primary: out_set_parameters: enter: usecase(1: low-latency-playback) kvpairs: routing=2
08-03 22:05:33.406   512  2967 D audio_hw_primary: select_devices: out_snd_device(2: speaker) in_snd_device(0: none)
08-03 22:05:33.406   512  2967 D msm8974_platform: platform_send_audio_calibration: sending audio calibration for snd_device(2) acdb_id(15)
08-03 22:05:33.406   512  2967 I soundtrigger: audio_extn_sound_trigger_update_device_status: device 0x2 of type 0 for Event 1
08-03 22:05:33.421   512  2967 D audio_hw_primary: enable_snd_device: snd_device(2: speaker)
08-03 22:05:33.424   512  2967 D audio_hw_primary: enable_audio_route: apply and update mixer path: low-latency-playback speaker
08-03 22:05:33.438 21465 21465 D UserPreferences: Using default data folder
08-03 22:05:33.438 21465 21465 D OnlineFeedViewActivity: Activity was started with url http://feeds.feedburner.com/linuxoutlaws
08-03 22:05:33.439 21465 21803 I art     : Starting a blocking GC Explicit
08-03 22:05:33.446 21465 21465 D OnlineFeedViewActivity: Starting feed download
08-03 22:05:33.448 21465 22011 D DBReader: Extracting Feedlist
08-03 22:05:33.452   918  4413 D WifiService: acquireWifiLockLocked: WifiLock{Downloader type=1 binder=android.os.BinderProxy@7aba109}
08-03 22:05:33.455 21465 22011 D AntennapodHttpClient: Creating new instance of HTTP client
08-03 22:05:33.482 21465 21803 I art     : Explicit concurrent mark sweep GC freed 2714(179KB) AllocSpace objects, 1(20KB) LOS objects, 23% free, 51MB/67MB, paused 1.677ms total 42.333ms
08-03 22:05:33.496 21465 21803 I art     : Starting a blocking GC Explicit
08-03 22:05:33.513 13866 13866 I GoogleInputMethodServic: GoogleInputMethodService.onFinishInput():3138 
08-03 22:05:33.514 13866 13866 I GoogleInputMethodServic: GoogleInputMethodService.onStartInput():1808 
08-03 22:05:33.535 21465 21803 I art     : Explicit concurrent mark sweep GC freed 458(20KB) AllocSpace objects, 0(0B) LOS objects, 23% free, 51MB/67MB, paused 1.680ms total 38.919ms
08-03 22:05:33.546   918   936 I ActivityManager: Displayed baseline.de.danoeh.antennapod.debug/baseline.de.danoeh.antennapod.activity.OnlineFeedViewActivity: +142ms
08-03 22:05:33.549 21465 21803 I art     : Starting a blocking GC Explicit
08-03 22:05:33.572 21465 21486 D OpenGLRenderer: endAllStagingAnimators on 0x7f7f197000 (GridView) with handle 0x7f79d79b60
08-03 22:05:33.586 21465 22011 D MYTAG   : interceptor 3a http://feeds.feedburner.com/linuxoutlaws
08-03 22:05:33.586 21465 22011 I NAPPA_EXPERIMENTATION: MetricNetworkRequestExecutionTime: REQUEST_DURATION_SYSTEM='130',REQUEST_DURATION_OKHTTP='44',REQUEST_SYNCHRONOUS='TRUE',RESPONSE_CODE='200',RESPONSE_METHOD='GET',RESPONSE_LENGTH_OKHTTP='-1',RESPONSE_LENGTH_HEADER='-2',REQUEST_PROTOCOL='http/1.1',REQUEST_URL='http://feeds.feedburner.com/linuxoutlaws',
08-03 22:05:33.587 21465 22011 D HttpDownloader: Response code is 200
08-03 22:05:33.587 21465 22011 D UserPreferences: Using default data folder
08-03 22:05:33.589 21465 22011 D HttpDownloader: Getting size of download
08-03 22:05:33.589 21465 22011 D HttpDownloader: Size is -1
08-03 22:05:33.589 21465 22011 D UserPreferences: Using default data folder
08-03 22:05:33.590 21465 22011 D HttpDownloader: Free space is 20791988224
08-03 22:05:33.590 21465 22011 D HttpDownloader: Starting download
08-03 22:05:33.593 21465 21803 I art     : Explicit concurrent mark sweep GC freed 223(18KB) AllocSpace objects, 0(0B) LOS objects, 23% free, 51MB/67MB, paused 2.073ms total 44.005ms
08-03 22:05:33.596 21465 22011 D HttpDownloader: Download was successful
08-03 22:05:33.597   918  5132 D WifiService: releaseWifiLockLocked: WifiLock{Downloader type=1 binder=android.os.BinderProxy@7aba109}
08-03 22:05:33.598 21465 21465 D OnlineFeedViewActivity: Parsing feed
08-03 22:05:33.601 21465 24701 D TypeGetter: Recognized type RSS 2.0
08-03 22:05:33.604 21465 24701 D SyndHandler: Recognized Content namespace
08-03 22:05:33.604 21465 24701 D SyndHandler: Recognized DublinCore namespace
08-03 22:05:33.604 21465 24701 D SyndHandler: Recognized Atom namespace
08-03 22:05:33.604 21465 24701 D SyndHandler: Recognized ITunes namespace
08-03 22:05:33.604 21465 24701 D SyndHandler: Recognized media namespace
08-03 22:05:33.607 21465 21803 I art     : Starting a blocking GC Explicit
08-03 22:05:33.648 21465 21803 I art     : Explicit concurrent mark sweep GC freed 1770(392KB) AllocSpace objects, 3(60KB) LOS objects, 23% free, 51MB/67MB, paused 1.876ms total 41.401ms
08-03 22:05:33.655 21465 24701 D OnlineFeedViewActivity: Deleted feed source file. Result: true
08-03 22:05:33.655 21465 21465 D OnlineFeedViewActivity: Removing HTML from shownotes
08-03 22:05:33.661 21465 21803 I art     : Starting a blocking GC Explicit
08-03 22:05:33.680 21465 22398 D ApOkHttpUrlLoader: buildLoadData() called with: model = [http://sixgun.org/files/linuxoutlaws.jpg], width = [350], height = [350]
08-03 22:05:33.682 21465 22209 D DBReader: getImageAuthentication() called with: imageUrl = [http://sixgun.org/files/linuxoutlaws.jpg]
08-03 22:05:33.686 21465 22209 D ApOkHttpUrlLoader: no credentials for 'http://sixgun.org/files/linuxoutlaws.jpg'
08-03 22:05:33.707 21465 21803 I art     : Explicit concurrent mark sweep GC freed 3950(359KB) AllocSpace objects, 11(748KB) LOS objects, 23% free, 51MB/67MB, paused 1.732ms total 46.200ms
08-03 22:05:33.722 21465 22209 D DBWriter: updateFeedDownloadURL(original: http://sixgun.org/files/linuxoutlaws.jpg, updated: https://fab.industries/sixgun/files/linuxoutlaws.jpg)
08-03 22:05:33.794   380   380 W SurfaceFlinger: couldn't log to binary event log: overflow.
08-03 22:05:33.876 21465 22209 D MYTAG   : interceptor 2a
08-03 22:05:33.877 21465 22209 I NAPPA_EXPERIMENTATION: MetricNetworkRequestExecutionTime: REQUEST_DURATION_SYSTEM='190',REQUEST_DURATION_OKHTTP='151',REQUEST_SYNCHRONOUS='TRUE',RESPONSE_CODE='404',RESPONSE_METHOD='GET',RESPONSE_LENGTH_OKHTTP='-1',RESPONSE_LENGTH_HEADER='1503',REQUEST_PROTOCOL='h2',REQUEST_URL='https://fab.industries/sixgun/files/linuxoutlaws.jpg',
08-03 22:05:33.879 21465 21465 W Glide   : Load failed for http://sixgun.org/files/linuxoutlaws.jpg with size [350x350]
08-03 22:05:33.879 21465 21465 W Glide   : class com.bumptech.glide.load.engine.GlideException: Failed to load resource
08-03 22:05:33.879 21465 21465 W Glide   : There was 1 cause:
08-03 22:05:33.879 21465 21465 W Glide   : com.bumptech.glide.load.HttpException()
08-03 22:05:33.879 21465 21465 W Glide   :  call GlideException#logRootCauses(String) for more detail
08-03 22:05:33.879 21465 21465 W Glide   :   Cause (1 of 1): class com.bumptech.glide.load.engine.GlideException: Fetching data failed, class java.io.InputStream, REMOTE
08-03 22:05:33.879 21465 21465 W Glide   : There was 1 cause:
08-03 22:05:33.879 21465 21465 W Glide   : com.bumptech.glide.load.HttpException()
08-03 22:05:33.879 21465 21465 W Glide   :  call GlideException#logRootCauses(String) for more detail
08-03 22:05:33.879 21465 21465 W Glide   :     Cause (1 of 1): class com.bumptech.glide.load.HttpException: 
08-03 22:05:33.879 21465 21465 I Glide   : Root cause (1 of 1)
08-03 22:05:33.879 21465 21465 I Glide   : com.bumptech.glide.load.HttpException: 
08-03 22:05:33.879 21465 21465 I Glide   : 	at com.bumptech.glide.integration.okhttp3.OkHttpStreamFetcher.onResponse(OkHttpStreamFetcher.java:73)
08-03 22:05:33.879 21465 21465 I Glide   : 	at okhttp3.RealCall$AsyncCall.execute(RealCall.java:174)
08-03 22:05:33.879 21465 21465 I Glide   : 	at okhttp3.internal.NamedRunnable.run(NamedRunnable.java:32)
08-03 22:05:33.879 21465 21465 I Glide   : 	at java.util.concurrent.ThreadPoolExecutor.runWorker(ThreadPoolExecutor.java:1113)
08-03 22:05:33.879 21465 21465 I Glide   : 	at java.util.concurrent.ThreadPoolExecutor$Worker.run(ThreadPoolExecutor.java:588)
08-03 22:05:33.879 21465 21465 I Glide   : 	at java.lang.Thread.run(Thread.java:818)
08-03 22:05:33.935 21465 21465 D PlaybackController: Releasing PlaybackController
08-03 22:05:33.959   512  2967 D audio_hw_primary: disable_audio_route: reset and update mixer path: low-latency-playback speaker
08-03 22:05:33.961   512  2967 D audio_hw_primary: disable_snd_device: snd_device(2: speaker)
08-03 22:05:33.968   512  2967 I soundtrigger: audio_extn_sound_trigger_update_device_status: device 0x2 of type 0 for Event 0
08-03 22:05:34.062 21465 21575 I art     : Starting a blocking GC Explicit
08-03 22:05:34.113 21465 21575 I art     : Explicit concurrent mark sweep GC freed 3127(194KB) AllocSpace objects, 2(132KB) LOS objects, 23% free, 51MB/67MB, paused 1.735ms total 50.895ms
08-03 22:05:34.129 21465 21575 I art     : Starting a blocking GC Explicit
08-03 22:05:34.175 21465 21575 I art     : Explicit concurrent mark sweep GC freed 76(2832B) AllocSpace objects, 0(0B) LOS objects, 23% free, 51MB/67MB, paused 1.630ms total 45.747ms
08-03 22:05:34.188 21465 21575 I art     : Starting a blocking GC Explicit
08-03 22:05:34.234 21465 21575 I art     : Explicit concurrent mark sweep GC freed 3(96B) AllocSpace objects, 0(0B) LOS objects, 23% free, 51MB/67MB, paused 1.593ms total 45.828ms
08-03 22:05:34.241 23641 23641 I ServiceManager: Waiting for service AtCmdFwd...
08-03 22:05:34.248 21465 21575 I art     : Starting a blocking GC Explicit
08-03 22:05:34.293 21465 21575 I art     : Explicit concurrent mark sweep GC freed 3(96B) AllocSpace objects, 0(0B) LOS objects, 23% free, 51MB/67MB, paused 1.600ms total 45.247ms
08-03 22:05:34.307 21465 21575 I art     : Starting a blocking GC Explicit
08-03 22:05:34.353 21465 21575 I art     : Explicit concurrent mark sweep GC freed 3(96B) AllocSpace objects, 0(0B) LOS objects, 23% free, 51MB/67MB, paused 1.591ms total 45.948ms
08-03 22:05:34.725 21465 21478 I art     : Starting a blocking GC Explicit
08-03 22:05:34.781 21465 21478 I art     : Explicit concurrent mark sweep GC freed 1384(81KB) AllocSpace objects, 1(20KB) LOS objects, 23% free, 51MB/67MB, paused 1.640ms total 55.193ms
08-03 22:05:34.794 21465 21478 I art     : Starting a blocking GC Explicit
08-03 22:05:34.840 21465 21478 I art     : Explicit concurrent mark sweep GC freed 23(752B) AllocSpace objects, 0(0B) LOS objects, 23% free, 51MB/67MB, paused 1.676ms total 45.325ms
08-03 22:05:34.853 21465 21478 I art     : Starting a blocking GC Explicit
08-03 22:05:34.900 21465 21478 I art     : Explicit concurrent mark sweep GC freed 3(96B) AllocSpace objects, 0(0B) LOS objects, 23% free, 51MB/67MB, paused 1.663ms total 46.390ms
08-03 22:05:34.914 21465 21478 I art     : Starting a blocking GC Explicit
08-03 22:05:34.959 21465 21478 I art     : Explicit concurrent mark sweep GC freed 3(96B) AllocSpace objects, 0(0B) LOS objects, 23% free, 51MB/67MB, paused 1.702ms total 45.307ms
08-03 22:05:34.973 21465 21478 I art     : Starting a blocking GC Explicit
08-03 22:05:35.024 21465 21478 I art     : Explicit concurrent mark sweep GC freed 32(880B) AllocSpace objects, 0(0B) LOS objects, 23% free, 51MB/67MB, paused 1.687ms total 50.259ms
08-03 22:05:35.241 23641 23641 W Atfwd_Sendcmd: AtCmdFwd service not published, waiting... retryCnt : 4
08-03 22:05:35.411 21465 24653 I art     : Starting a blocking GC Explicit
08-03 22:05:35.460 21465 24653 I art     : Explicit concurrent mark sweep GC freed 1402(81KB) AllocSpace objects, 1(20KB) LOS objects, 23% free, 51MB/67MB, paused 1.737ms total 48.887ms
08-03 22:05:35.474 21465 24653 I art     : Starting a blocking GC Explicit
08-03 22:05:35.522 21465 24653 I art     : Explicit concurrent mark sweep GC freed 31(1008B) AllocSpace objects, 0(0B) LOS objects, 23% free, 51MB/67MB, paused 1.498ms total 47.348ms
08-03 22:05:35.535 21465 24653 I art     : Starting a blocking GC Explicit
08-03 22:05:35.580 21465 24653 I art     : Explicit concurrent mark sweep GC freed 4(128B) AllocSpace objects, 0(0B) LOS objects, 23% free, 51MB/67MB, paused 1.653ms total 44.812ms
08-03 22:05:35.594 21465 24653 I art     : Starting a blocking GC Explicit
08-03 22:05:35.642 21465 24653 I art     : Explicit concurrent mark sweep GC freed 3(96B) AllocSpace objects, 0(0B) LOS objects, 23% free, 51MB/67MB, paused 1.594ms total 47.791ms
08-03 22:05:35.655 21465 24653 I art     : Starting a blocking GC Explicit
08-03 22:05:35.703 21465 24653 I art     : Explicit concurrent mark sweep GC freed 3(96B) AllocSpace objects, 0(0B) LOS objects, 23% free, 51MB/67MB, paused 1.581ms total 47.705ms
08-03 22:05:36.094 21465 21803 I art     : Starting a blocking GC Explicit
08-03 22:05:36.152 21465 21803 I art     : Explicit concurrent mark sweep GC freed 1410(81KB) AllocSpace objects, 1(20KB) LOS objects, 23% free, 51MB/67MB, paused 1.801ms total 58.163ms
08-03 22:05:36.169 21465 21803 I art     : Starting a blocking GC Explicit
08-03 22:05:36.218 21465 21803 I art     : Explicit concurrent mark sweep GC freed 23(752B) AllocSpace objects, 0(0B) LOS objects, 23% free, 51MB/67MB, paused 1.841ms total 48.531ms
08-03 22:05:36.231 21465 21803 I art     : Starting a blocking GC Explicit
08-03 22:05:36.281 21465 21803 I art     : Explicit concurrent mark sweep GC freed 3(96B) AllocSpace objects, 0(0B) LOS objects, 23% free, 51MB/67MB, paused 1.809ms total 49.317ms
08-03 22:05:36.299 21465 21803 I art     : Starting a blocking GC Explicit
08-03 22:05:36.346 21465 21803 I art     : Explicit concurrent mark sweep GC freed 3(96B) AllocSpace objects, 0(0B) LOS objects, 23% free, 51MB/67MB, paused 1.600ms total 46.931ms
08-03 22:05:36.360 21465 21803 I art     : Starting a blocking GC Explicit
08-03 22:05:36.410 21465 21803 I art     : Explicit concurrent mark sweep GC freed 3(96B) AllocSpace objects, 0(0B) LOS objects, 23% free, 51MB/67MB, paused 1.716ms total 49.853ms
08-03 22:05:36.804 21465 21478 I art     : Starting a blocking GC Explicit
08-03 22:05:36.862 21465 21478 I art     : Explicit concurrent mark sweep GC freed 1381(81KB) AllocSpace objects, 1(20KB) LOS objects, 23% free, 51MB/67MB, paused 1.808ms total 57.265ms
08-03 22:05:36.879 21465 21478 I art     : Starting a blocking GC Explicit
08-03 22:05:36.930 21465 21478 I art     : Explicit concurrent mark sweep GC freed 23(752B) AllocSpace objects, 0(0B) LOS objects, 23% free, 51MB/67MB, paused 1.723ms total 50.562ms
08-03 22:05:36.944 21465 21478 I art     : Starting a blocking GC Explicit
08-03 22:05:36.992 21465 21478 I art     : Explicit concurrent mark sweep GC freed 3(96B) AllocSpace objects, 0(0B) LOS objects, 23% free, 51MB/67MB, paused 1.708ms total 48.083ms
08-03 22:05:37.006 21465 21478 I art     : Starting a blocking GC Explicit
08-03 22:05:37.057 21465 21478 I art     : Explicit concurrent mark sweep GC freed 32(880B) AllocSpace objects, 0(0B) LOS objects, 23% free, 51MB/67MB, paused 1.681ms total 50.176ms
08-03 22:05:37.071 21465 21478 I art     : Starting a blocking GC Explicit
08-03 22:05:37.118 21465 21478 I art     : Explicit concurrent mark sweep GC freed 3(96B) AllocSpace objects, 0(0B) LOS objects, 23% free, 51MB/67MB, paused 1.801ms total 47.242ms
08-03 22:05:37.508 21465 21477 I art     : Starting a blocking GC Explicit
08-03 22:05:37.566 21465 21477 I art     : Explicit concurrent mark sweep GC freed 1383(84KB) AllocSpace objects, 1(20KB) LOS objects, 23% free, 51MB/67MB, paused 1.648ms total 57.897ms
08-03 22:05:37.586 21465 21477 I art     : Starting a blocking GC Explicit
08-03 22:05:37.628 21465 21477 I art     : Explicit concurrent mark sweep GC freed 23(752B) AllocSpace objects, 0(0B) LOS objects, 23% free, 51MB/67MB, paused 1.662ms total 41.873ms
08-03 22:05:37.641 21465 21477 I art     : Starting a blocking GC Explicit
08-03 22:05:37.686 21465 21477 I art     : Explicit concurrent mark sweep GC freed 3(96B) AllocSpace objects, 0(0B) LOS objects, 23% free, 51MB/67MB, paused 1.577ms total 43.903ms
08-03 22:05:37.698 21465 21477 I art     : Starting a blocking GC Explicit
08-03 22:05:37.742 21465 21477 I art     : Explicit concurrent mark sweep GC freed 3(96B) AllocSpace objects, 0(0B) LOS objects, 23% free, 51MB/67MB, paused 1.650ms total 43.180ms
08-03 22:05:37.755 21465 21477 I art     : Starting a blocking GC Explicit
08-03 22:05:37.799 21465 21477 I art     : Explicit concurrent mark sweep GC freed 3(96B) AllocSpace objects, 0(0B) LOS objects, 23% free, 51MB/67MB, paused 1.694ms total 44.112ms
08-03 22:05:38.126 24769 24769 D AndroidRuntime: >>>>>> START com.android.internal.os.RuntimeInit uid 2000 <<<<<<
08-03 22:05:38.133 24769 24769 D AndroidRuntime: CheckJNI is OFF
08-03 22:05:38.170 21465 21575 I art     : Starting a blocking GC Explicit
08-03 22:05:38.186 24769 24769 D ICU     : No timezone override file found: /data/misc/zoneinfo/current/icu/icu_tzdata.dat
08-03 22:05:38.223 21465 21575 I art     : Explicit concurrent mark sweep GC freed 1410(81KB) AllocSpace objects, 1(20KB) LOS objects, 23% free, 51MB/67MB, paused 1.697ms total 52.583ms
08-03 22:05:38.236 24769 24769 I Radio-JNI: register_android_hardware_Radio DONE
08-03 22:05:38.237 21465 21575 I art     : Starting a blocking GC Explicit
08-03 22:05:38.266 24769 24769 D AndroidRuntime: Calling main entry com.android.commands.input.Input
08-03 22:05:38.268 24769 24769 I Input   : injectKeyEvent: KeyEvent { action=ACTION_DOWN, keyCode=KEYCODE_BACK, scanCode=0, metaState=0, flags=0x0, repeatCount=0, eventTime=655554681, downTime=655554681, deviceId=-1, source=0x101 }
08-03 22:05:38.275 24769 24769 I Input   : injectKeyEvent: KeyEvent { action=ACTION_UP, keyCode=KEYCODE_BACK, scanCode=0, metaState=0, flags=0x0, repeatCount=0, eventTime=655554681, downTime=655554681, deviceId=-1, source=0x101 }
08-03 22:05:38.283 21465 21575 I art     : Explicit concurrent mark sweep GC freed 30(1296B) AllocSpace objects, 0(0B) LOS objects, 23% free, 51MB/67MB, paused 1.725ms total 45.437ms
08-03 22:05:38.286 24769 24769 D AndroidRuntime: Shutting down VM
08-03 22:05:38.290 21465 21465 V PlaybackController: initServiceNotRunning()
08-03 22:05:38.290 21465 21465 D ExternalPlayerFragment: Loading media info
08-03 22:05:38.291 21465 22398 D ApOkHttpUrlLoader: buildLoadData() called with: model = [http://sixgun.org/files/linuxoutlaws.jpg], width = [224], height = [224]
08-03 22:05:38.293 21465 22209 D DBReader: getImageAuthentication() called with: imageUrl = [http://sixgun.org/files/linuxoutlaws.jpg]
08-03 22:05:38.297 21465 21575 I art     : Starting a blocking GC Explicit
08-03 22:05:38.298 21465 21465 D UserPreferences: Using default data folder
08-03 22:05:38.299 21465 22011 D DBReader: getNavDrawerData() called with: 
08-03 22:05:38.300 21465 22209 D ApOkHttpUrlLoader: no credentials for 'http://sixgun.org/files/linuxoutlaws.jpg'
08-03 22:05:38.312 21465 22011 D DBReader: getDownloadedItems() called
08-03 22:05:38.314 21465 22011 D DBReader: getFavoriteIDList() called
08-03 22:05:38.314 21465 22011 D DBReader: getQueueIDList() called
08-03 22:05:38.315 21465 22011 D DBReader: Extracting Feedlist
08-03 22:05:38.332 13866 13866 I GoogleInputMethodServic: GoogleInputMethodService.onFinishInput():3138 
08-03 22:05:38.333 13866 13866 I GoogleInputMethodServic: GoogleInputMethodService.onStartInput():1808 
08-03 22:05:38.339 21465 21575 I art     : Explicit concurrent mark sweep GC freed 923(66KB) AllocSpace objects, 0(0B) LOS objects, 23% free, 51MB/67MB, paused 2.029ms total 41.564ms
08-03 22:05:38.351 21465 21575 I art     : Starting a blocking GC Explicit
08-03 22:05:38.354 21465 21465 D MainActivity: getLastNavFragment() -> AddFeedFragment
08-03 22:05:38.393 21465 22209 D DBWriter: updateFeedDownloadURL(original: http://sixgun.org/files/linuxoutlaws.jpg, updated: https://fab.industries/sixgun/files/linuxoutlaws.jpg)
08-03 22:05:38.393 21465 21575 I art     : Explicit concurrent mark sweep GC freed 853(39KB) AllocSpace objects, 0(0B) LOS objects, 23% free, 51MB/67MB, paused 1.632ms total 41.747ms
08-03 22:05:38.405 21465 21575 I art     : Starting a blocking GC Explicit
08-03 22:05:38.446 21465 21575 I art     : Explicit concurrent mark sweep GC freed 412(24KB) AllocSpace objects, 0(0B) LOS objects, 23% free, 51MB/67MB, paused 1.595ms total 40.803ms
08-03 22:05:38.542 21465 22209 D MYTAG   : interceptor 2a
08-03 22:05:38.542 21465 22209 I NAPPA_EXPERIMENTATION: MetricNetworkRequestExecutionTime: REQUEST_DURATION_SYSTEM='242',REQUEST_DURATION_OKHTTP='144',REQUEST_SYNCHRONOUS='TRUE',RESPONSE_CODE='404',RESPONSE_METHOD='GET',RESPONSE_LENGTH_OKHTTP='-1',RESPONSE_LENGTH_HEADER='1503',REQUEST_PROTOCOL='h2',REQUEST_URL='https://fab.industries/sixgun/files/linuxoutlaws.jpg',
08-03 22:05:38.543 21465 21465 W Glide   : Load failed for http://sixgun.org/files/linuxoutlaws.jpg with size [224x224]
08-03 22:05:38.543 21465 21465 W Glide   : class com.bumptech.glide.load.engine.GlideException: Failed to load resource
08-03 22:05:38.543 21465 21465 W Glide   : There was 1 cause:
08-03 22:05:38.543 21465 21465 W Glide   : com.bumptech.glide.load.HttpException()
08-03 22:05:38.543 21465 21465 W Glide   :  call GlideException#logRootCauses(String) for more detail
08-03 22:05:38.543 21465 21465 W Glide   :   Cause (1 of 1): class com.bumptech.glide.load.engine.GlideException: Fetching data failed, class java.io.InputStream, REMOTE
08-03 22:05:38.543 21465 21465 W Glide   : There was 1 cause:
08-03 22:05:38.543 21465 21465 W Glide   : com.bumptech.glide.load.HttpException()
08-03 22:05:38.543 21465 21465 W Glide   :  call GlideException#logRootCauses(String) for more detail
08-03 22:05:38.543 21465 21465 W Glide   :     Cause (1 of 1): class com.bumptech.glide.load.HttpException: 
08-03 22:05:38.544 21465 21465 I Glide   : Root cause (1 of 1)
08-03 22:05:38.544 21465 21465 I Glide   : com.bumptech.glide.load.HttpException: 
08-03 22:05:38.544 21465 21465 I Glide   : 	at com.bumptech.glide.integration.okhttp3.OkHttpStreamFetcher.onResponse(OkHttpStreamFetcher.java:73)
08-03 22:05:38.544 21465 21465 I Glide   : 	at okhttp3.RealCall$AsyncCall.execute(RealCall.java:174)
08-03 22:05:38.544 21465 21465 I Glide   : 	at okhttp3.internal.NamedRunnable.run(NamedRunnable.java:32)
08-03 22:05:38.544 21465 21465 I Glide   : 	at java.util.concurrent.ThreadPoolExecutor.runWorker(ThreadPoolExecutor.java:1113)
08-03 22:05:38.544 21465 21465 I Glide   : 	at java.util.concurrent.ThreadPoolExecutor$Worker.run(ThreadPoolExecutor.java:588)
08-03 22:05:38.544 21465 21465 I Glide   : 	at java.lang.Thread.run(Thread.java:818)
08-03 22:05:38.544 21465 21465 W Glide   : Load failed for http://sixgun.org/files/linuxoutlaws.jpg with size [224x224]
08-03 22:05:38.544 21465 21465 W Glide   : class com.bumptech.glide.load.engine.GlideException: Failed to load resource
08-03 22:05:38.544 21465 21465 W Glide   : There was 1 cause:
08-03 22:05:38.544 21465 21465 W Glide   : com.bumptech.glide.load.HttpException()
08-03 22:05:38.544 21465 21465 W Glide   :  call GlideException#logRootCauses(String) for more detail
08-03 22:05:38.544 21465 21465 W Glide   :   Cause (1 of 1): class com.bumptech.glide.load.engine.GlideException: Fetching data failed, class java.io.InputStream, REMOTE
08-03 22:05:38.544 21465 21465 W Glide   : There was 1 cause:
08-03 22:05:38.544 21465 21465 W Glide   : com.bumptech.glide.load.HttpException()
08-03 22:05:38.544 21465 21465 W Glide   :  call GlideException#logRootCauses(String) for more detail
08-03 22:05:38.544 21465 21465 W Glide   :     Cause (1 of 1): class com.bumptech.glide.load.HttpException: 
08-03 22:05:38.544 21465 21465 I Glide   : Root cause (1 of 1)
08-03 22:05:38.544 21465 21465 I Glide   : com.bumptech.glide.load.HttpException: 
08-03 22:05:38.544 21465 21465 I Glide   : 	at com.bumptech.glide.integration.okhttp3.OkHttpStreamFetcher.onResponse(OkHttpStreamFetcher.java:73)
08-03 22:05:38.544 21465 21465 I Glide   : 	at okhttp3.RealCall$AsyncCall.execute(RealCall.java:174)
08-03 22:05:38.544 21465 21465 I Glide   : 	at okhttp3.internal.NamedRunnable.run(NamedRunnable.java:32)
08-03 22:05:38.544 21465 21465 I Glide   : 	at java.util.concurrent.ThreadPoolExecutor.runWorker(ThreadPoolExecutor.java:1113)
08-03 22:05:38.544 21465 21465 I Glide   : 	at java.util.concurrent.ThreadPoolExecutor$Worker.run(ThreadPoolExecutor.java:588)
08-03 22:05:38.544 21465 21465 I Glide   : 	at java.lang.Thread.run(Thread.java:818)
08-03 22:05:38.649   380   380 W SurfaceFlinger: couldn't log to binary event log: overflow.
08-03 22:05:38.784 21465 24653 I art     : Starting a blocking GC Explicit
08-03 22:05:38.826 21465 24653 I art     : Explicit concurrent mark sweep GC freed 2553(183KB) AllocSpace objects, 1(20KB) LOS objects, 23% free, 51MB/67MB, paused 1.527ms total 41.857ms
08-03 22:05:38.839 21465 24653 I art     : Starting a blocking GC Explicit
08-03 22:05:38.878 21465 24653 I art     : Explicit concurrent mark sweep GC freed 2896(237KB) AllocSpace objects, 1(28KB) LOS objects, 23% free, 50MB/66MB, paused 1.609ms total 39.368ms
08-03 22:05:38.891 21465 24653 I art     : Starting a blocking GC Explicit
08-03 22:05:38.930 21465 24653 I art     : Explicit concurrent mark sweep GC freed 3(96B) AllocSpace objects, 0(0B) LOS objects, 23% free, 50MB/66MB, paused 1.527ms total 39.383ms
08-03 22:05:38.942 21465 24653 I art     : Starting a blocking GC Explicit
08-03 22:05:38.982 21465 24653 I art     : Explicit concurrent mark sweep GC freed 3(96B) AllocSpace objects, 0(0B) LOS objects, 23% free, 50MB/66MB, paused 1.572ms total 39.633ms
08-03 22:05:38.994 21465 24653 I art     : Starting a blocking GC Explicit
08-03 22:05:39.035 21465 24653 I art     : Explicit concurrent mark sweep GC freed 32(880B) AllocSpace objects, 0(0B) LOS objects, 23% free, 50MB/66MB, paused 1.533ms total 39.991ms
08-03 22:05:39.392 21465 21478 I art     : Starting a blocking GC Explicit
08-03 22:05:39.446 21465 21478 I art     : Explicit concurrent mark sweep GC freed 1407(82KB) AllocSpace objects, 1(20KB) LOS objects, 23% free, 50MB/66MB, paused 1.694ms total 53.620ms
08-03 22:05:39.463 21465 21478 I art     : Starting a blocking GC Explicit
08-03 22:05:39.510 21465 21478 I art     : Explicit concurrent mark sweep GC freed 23(752B) AllocSpace objects, 0(0B) LOS objects, 23% free, 50MB/66MB, paused 1.598ms total 47.304ms
08-03 22:05:39.524 21465 21478 I art     : Starting a blocking GC Explicit
08-03 22:05:39.566 21465 21478 I art     : Explicit concurrent mark sweep GC freed 3(96B) AllocSpace objects, 0(0B) LOS objects, 23% free, 50MB/66MB, paused 1.566ms total 41.817ms
08-03 22:05:39.579 21465 21478 I art     : Starting a blocking GC Explicit
08-03 22:05:39.621 21465 21478 I art     : Explicit concurrent mark sweep GC freed 3(96B) AllocSpace objects, 0(0B) LOS objects, 23% free, 50MB/66MB, paused 1.567ms total 41.413ms
08-03 22:05:39.634 21465 21478 I art     : Starting a blocking GC Explicit
08-03 22:05:39.676 21465 21478 I art     : Explicit concurrent mark sweep GC freed 3(96B) AllocSpace objects, 0(0B) LOS objects, 23% free, 50MB/66MB, paused 1.570ms total 41.605ms
08-03 22:05:40.032 21465 21477 I art     : Starting a blocking GC Explicit
08-03 22:05:40.072 24814 24814 D AndroidRuntime: >>>>>> START com.android.internal.os.RuntimeInit uid 2000 <<<<<<
08-03 22:05:40.078 21465 21477 I art     : Explicit concurrent mark sweep GC freed 1450(83KB) AllocSpace objects, 1(20KB) LOS objects, 23% free, 50MB/66MB, paused 1.908ms total 45.427ms
08-03 22:05:40.078 24814 24814 D AndroidRuntime: CheckJNI is OFF
08-03 22:05:40.091 21465 21477 I art     : Starting a blocking GC Explicit
08-03 22:05:40.122 24814 24814 D ICU     : No timezone override file found: /data/misc/zoneinfo/current/icu/icu_tzdata.dat
08-03 22:05:40.131 21465 21477 I art     : Explicit concurrent mark sweep GC freed 35(1136B) AllocSpace objects, 0(0B) LOS objects, 23% free, 50MB/66MB, paused 1.488ms total 39.729ms
08-03 22:05:40.143 21465 21477 I art     : Starting a blocking GC Explicit
08-03 22:05:40.168 24814 24814 I Radio-JNI: register_android_hardware_Radio DONE
08-03 22:05:40.184 21465 21477 I art     : Explicit concurrent mark sweep GC freed 12(384B) AllocSpace objects, 0(0B) LOS objects, 23% free, 50MB/66MB, paused 1.499ms total 40.252ms
08-03 22:05:40.196 21465 21477 I art     : Starting a blocking GC Explicit
08-03 22:05:40.197 24814 24814 D AndroidRuntime: Calling main entry com.android.commands.input.Input
08-03 22:05:40.199 24814 24814 I Input   : injectKeyEvent: KeyEvent { action=ACTION_DOWN, keyCode=KEYCODE_BACK, scanCode=0, metaState=0, flags=0x0, repeatCount=0, eventTime=655556612, downTime=655556612, deviceId=-1, source=0x101 }
08-03 22:05:40.206 24814 24814 I Input   : injectKeyEvent: KeyEvent { action=ACTION_UP, keyCode=KEYCODE_BACK, scanCode=0, metaState=0, flags=0x0, repeatCount=0, eventTime=655556612, downTime=655556612, deviceId=-1, source=0x101 }
08-03 22:05:40.228 24814 24814 D AndroidRuntime: Shutting down VM
08-03 22:05:40.238 21465 21477 I art     : Explicit concurrent mark sweep GC freed 1777(74KB) AllocSpace objects, 0(0B) LOS objects, 23% free, 51MB/67MB, paused 2.035ms total 41.413ms
08-03 22:05:40.250 21465 21477 I art     : Starting a blocking GC Explicit
08-03 22:05:40.290 21465 21477 I art     : Explicit concurrent mark sweep GC freed 378(14KB) AllocSpace objects, 0(0B) LOS objects, 23% free, 51MB/67MB, paused 1.725ms total 40.258ms
08-03 22:05:40.626 21465 21478 I art     : Starting a blocking GC Explicit
08-03 22:05:40.678 21465 21478 I art     : Explicit concurrent mark sweep GC freed 6732(476KB) AllocSpace objects, 10(1640KB) LOS objects, 24% free, 49MB/65MB, paused 1.609ms total 51.148ms
08-03 22:05:40.694 21465 21478 I art     : Starting a blocking GC Explicit
08-03 22:05:40.735 21465 21478 I art     : Explicit concurrent mark sweep GC freed 23(752B) AllocSpace objects, 0(0B) LOS objects, 24% free, 49MB/65MB, paused 1.580ms total 40.576ms
08-03 22:05:40.748 21465 21478 I art     : Starting a blocking GC Explicit
08-03 22:05:40.789 21465 21478 I art     : Explicit concurrent mark sweep GC freed 3(96B) AllocSpace objects, 0(0B) LOS objects, 24% free, 49MB/65MB, paused 1.612ms total 41.365ms
08-03 22:05:40.802 21465 21478 I art     : Starting a blocking GC Explicit
08-03 22:05:40.844 21465 21478 I art     : Explicit concurrent mark sweep GC freed 3(96B) AllocSpace objects, 0(0B) LOS objects, 24% free, 49MB/65MB, paused 1.533ms total 41.060ms
08-03 22:05:40.856 21465 21478 I art     : Starting a blocking GC Explicit
08-03 22:05:40.899 21465 21478 I art     : Explicit concurrent mark sweep GC freed 3(96B) AllocSpace objects, 0(0B) LOS objects, 24% free, 49MB/65MB, paused 1.628ms total 41.933ms
08-03 22:05:41.266 21465 21803 I art     : Starting a blocking GC Explicit
08-03 22:05:41.318 21465 21803 I art     : Explicit concurrent mark sweep GC freed 1410(82KB) AllocSpace objects, 1(20KB) LOS objects, 24% free, 49MB/65MB, paused 1.700ms total 52.251ms
08-03 22:05:41.333 21465 21803 I art     : Starting a blocking GC Explicit
08-03 22:05:41.375 21465 21803 I art     : Explicit concurrent mark sweep GC freed 23(752B) AllocSpace objects, 0(0B) LOS objects, 24% free, 49MB/65MB, paused 1.562ms total 42.317ms
08-03 22:05:41.388 21465 21803 I art     : Starting a blocking GC Explicit
08-03 22:05:41.431 21465 21803 I art     : Explicit concurrent mark sweep GC freed 3(96B) AllocSpace objects, 0(0B) LOS objects, 24% free, 49MB/65MB, paused 1.579ms total 41.834ms
08-03 22:05:41.443 21465 21803 I art     : Starting a blocking GC Explicit
08-03 22:05:41.484 21465 21803 I art     : Explicit concurrent mark sweep GC freed 3(96B) AllocSpace objects, 0(0B) LOS objects, 24% free, 49MB/65MB, paused 1.513ms total 40.067ms
08-03 22:05:41.497 21465 21803 I art     : Starting a blocking GC Explicit
08-03 22:05:41.536 21465 21803 I art     : Explicit concurrent mark sweep GC freed 3(96B) AllocSpace objects, 0(0B) LOS objects, 24% free, 49MB/65MB, paused 1.562ms total 39.159ms
08-03 22:05:41.893 21465 21478 I art     : Starting a blocking GC Explicit
08-03 22:05:41.937 21465 21478 I art     : Explicit concurrent mark sweep GC freed 1393(83KB) AllocSpace objects, 1(20KB) LOS objects, 24% free, 49MB/65MB, paused 1.847ms total 44.119ms
08-03 22:05:41.950 21465 21478 I art     : Starting a blocking GC Explicit
08-03 22:05:41.990 21465 21478 I art     : Explicit concurrent mark sweep GC freed 31(1008B) AllocSpace objects, 0(0B) LOS objects, 24% free, 49MB/65MB, paused 1.554ms total 39.339ms
08-03 22:05:42.002 21465 21478 I art     : Starting a blocking GC Explicit
08-03 22:05:42.008 24857 24857 D AndroidRuntime: >>>>>> START com.android.internal.os.RuntimeInit uid 2000 <<<<<<
08-03 22:05:42.014 24857 24857 D AndroidRuntime: CheckJNI is OFF
08-03 22:05:42.041 21465 21478 I art     : Explicit concurrent mark sweep GC freed 37(1040B) AllocSpace objects, 0(0B) LOS objects, 24% free, 49MB/65MB, paused 1.546ms total 38.525ms
08-03 22:05:42.053 21465 21478 I art     : Starting a blocking GC Explicit
08-03 22:05:42.058 24857 24857 D ICU     : No timezone override file found: /data/misc/zoneinfo/current/icu/icu_tzdata.dat
08-03 22:05:42.094 21465 21478 I art     : Explicit concurrent mark sweep GC freed 9(288B) AllocSpace objects, 0(0B) LOS objects, 24% free, 49MB/65MB, paused 1.608ms total 40.951ms
08-03 22:05:42.104 24857 24857 I Radio-JNI: register_android_hardware_Radio DONE
08-03 22:05:42.107 21465 21478 I art     : Starting a blocking GC Explicit
08-03 22:05:42.134 24857 24857 D AndroidRuntime: Calling main entry com.android.commands.input.Input
08-03 22:05:42.136 24857 24857 I Input   : injectMotionEvent: MotionEvent { action=ACTION_DOWN, actionButton=0, id[0]=0, x[0]=603.0, y[0]=1061.0, toolType[0]=TOOL_TYPE_UNKNOWN, buttonState=0, metaState=0, flags=0x0, edgeFlags=0x0, pointerCount=1, historySize=0, eventTime=655558548, downTime=655558548, deviceId=0, source=0x1002 }
08-03 22:05:42.143 24857 24857 I Input   : injectMotionEvent: MotionEvent { action=ACTION_UP, actionButton=0, id[0]=0, x[0]=603.0, y[0]=1061.0, toolType[0]=TOOL_TYPE_UNKNOWN, buttonState=0, metaState=0, flags=0x0, edgeFlags=0x0, pointerCount=1, historySize=0, eventTime=655558548, downTime=655558548, deviceId=0, source=0x1002 }
08-03 22:05:42.146 21465 21478 I art     : Explicit concurrent mark sweep GC freed 3(96B) AllocSpace objects, 0(0B) LOS objects, 24% free, 49MB/65MB, paused 1.660ms total 38.647ms
08-03 22:05:42.147 24857 24857 D AndroidRuntime: Shutting down VM
08-03 22:05:42.158   512  2967 D audio_hw_primary: out_set_parameters: enter: usecase(1: low-latency-playback) kvpairs: routing=2
08-03 22:05:42.171   512  2967 D audio_hw_primary: select_devices: out_snd_device(2: speaker) in_snd_device(0: none)
08-03 22:05:42.171   512  2967 D msm8974_platform: platform_send_audio_calibration: sending audio calibration for snd_device(2) acdb_id(15)
08-03 22:05:42.171   512  2967 I soundtrigger: audio_extn_sound_trigger_update_device_status: device 0x2 of type 0 for Event 1
08-03 22:05:42.180   512  2967 D audio_hw_primary: enable_snd_device: snd_device(2: speaker)
08-03 22:05:42.183   512  2967 D audio_hw_primary: enable_audio_route: apply and update mixer path: low-latency-playback speaker
08-03 22:05:42.282 21465 23889 I NAPPA_EXPERIMENTATION: MetricNetworkRequestExecutionTime: REQUEST_DURATION_SYSTEM='103',REQUEST_DURATION_OKHTTP='102',REQUEST_SYNCHRONOUS='TRUE',RESPONSE_CODE='200',RESPONSE_METHOD='GET',RESPONSE_LENGTH_OKHTTP='2923',RESPONSE_LENGTH_HEADER='2923',REQUEST_PROTOCOL='http/1.1',REQUEST_URL='https://gpodder.net/api/2/tags/50.json',
08-03 22:05:42.318 21465 24880 I NAPPA_EXPERIMENTATION: MetricNetworkRequestExecutionTime: REQUEST_DURATION_SYSTEM='141',REQUEST_DURATION_OKHTTP='140',REQUEST_SYNCHRONOUS='TRUE',RESPONSE_CODE='200',RESPONSE_METHOD='GET',RESPONSE_LENGTH_OKHTTP='37507',RESPONSE_LENGTH_HEADER='37507',REQUEST_PROTOCOL='http/1.1',REQUEST_URL='https://gpodder.net/toplist/50.json',
08-03 22:05:42.344 21465 22398 D ApOkHttpUrlLoader: buildLoadData() called with: model = [http://sixgun.org/files/linuxoutlaws.jpg], width = [224], height = [224]
08-03 22:05:42.345 21465 22209 D DBReader: getImageAuthentication() called with: imageUrl = [http://sixgun.org/files/linuxoutlaws.jpg]
08-03 22:05:42.349 21465 22209 D ApOkHttpUrlLoader: no credentials for 'http://sixgun.org/files/linuxoutlaws.jpg'
08-03 22:05:42.352 21465 22398 D ApOkHttpUrlLoader: buildLoadData() called with: model = [https://files.thisamericanlife.org/sites/all/themes/thislife/img/tal-name-1400x1400.png], width = [224], height = [224]
08-03 22:05:42.359 21465 22398 D ApOkHttpUrlLoader: buildLoadData() called with: model = [https://elroy.twit.tv/sites/default/files/styles/twit_album_art_2048x2048/public/images/shows/floss_weekly/album_art/audio/floss_albumart_mask.jpg?itok=IUjxKpwt], width = [224], height = [224]
08-03 22:05:42.365 21465 22398 D ApOkHttpUrlLoader: buildLoadData() called with: model = [http://ichef.bbci.co.uk/images/ic/3000x3000/p07kfvzb.jpg], width = [224], height = [224]
08-03 22:05:42.371 21465 22398 D ApOkHttpUrlLoader: buildLoadData() called with: model = [https://pl.tedcdn.com/rss_feed_images/ted_talks_main_podcast/video.png], width = [224], height = [224]
08-03 22:05:42.383 21465 22398 D ApOkHttpUrlLoader: buildLoadData() called with: model = [https://elroy.twit.tv/sites/default/files/styles/twit_album_art_2048x2048/public/images/shows/this_week_in_tech/album_art/audio/twit1400audio.jpg?itok=J0vhatZb], width = [224], height = [224]
08-03 22:05:42.385 21465 22209 D DBWriter: updateFeedDownloadURL(original: http://sixgun.org/files/linuxoutlaws.jpg, updated: https://fab.industries/sixgun/files/linuxoutlaws.jpg)
08-03 22:05:42.389 21465 22398 D ApOkHttpUrlLoader: buildLoadData() called with: model = [http://ichef.bbci.co.uk/images/ic/3000x3000/p03gtk3j.jpg], width = [224], height = [224]
08-03 22:05:42.482 21465 21477 I art     : Starting a blocking GC Explicit
08-03 22:05:42.529 21465 21477 I art     : Explicit concurrent mark sweep GC freed 10776(633KB) AllocSpace objects, 4(212KB) LOS objects, 23% free, 51MB/67MB, paused 1.493ms total 46.706ms
08-03 22:05:42.533 21465 22209 D MYTAG   : interceptor 2a
08-03 22:05:42.533 21465 22209 I NAPPA_EXPERIMENTATION: MetricNetworkRequestExecutionTime: REQUEST_DURATION_SYSTEM='184',REQUEST_DURATION_OKHTTP='144',REQUEST_SYNCHRONOUS='TRUE',RESPONSE_CODE='404',RESPONSE_METHOD='GET',RESPONSE_LENGTH_OKHTTP='-1',RESPONSE_LENGTH_HEADER='1503',REQUEST_PROTOCOL='h2',REQUEST_URL='https://fab.industries/sixgun/files/linuxoutlaws.jpg',
08-03 22:05:42.537 21465 21465 W Glide   : Load failed for http://sixgun.org/files/linuxoutlaws.jpg with size [224x224]
08-03 22:05:42.537 21465 21465 W Glide   : class com.bumptech.glide.load.engine.GlideException: Failed to load resource
08-03 22:05:42.537 21465 21465 W Glide   : There was 1 cause:
08-03 22:05:42.537 21465 21465 W Glide   : com.bumptech.glide.load.HttpException()
08-03 22:05:42.537 21465 21465 W Glide   :  call GlideException#logRootCauses(String) for more detail
08-03 22:05:42.537 21465 21465 W Glide   :   Cause (1 of 1): class com.bumptech.glide.load.engine.GlideException: Fetching data failed, class java.io.InputStream, REMOTE
08-03 22:05:42.537 21465 21465 W Glide   : There was 1 cause:
08-03 22:05:42.537 21465 21465 W Glide   : com.bumptech.glide.load.HttpException()
08-03 22:05:42.537 21465 21465 W Glide   :  call GlideException#logRootCauses(String) for more detail
08-03 22:05:42.537 21465 21465 W Glide   :     Cause (1 of 1): class com.bumptech.glide.load.HttpException: 
08-03 22:05:42.538 21465 21465 I Glide   : Root cause (1 of 1)
08-03 22:05:42.538 21465 21465 I Glide   : com.bumptech.glide.load.HttpException: 
08-03 22:05:42.538 21465 21465 I Glide   : 	at com.bumptech.glide.integration.okhttp3.OkHttpStreamFetcher.onResponse(OkHttpStreamFetcher.java:73)
08-03 22:05:42.538 21465 21465 I Glide   : 	at okhttp3.RealCall$AsyncCall.execute(RealCall.java:174)
08-03 22:05:42.538 21465 21465 I Glide   : 	at okhttp3.internal.NamedRunnable.run(NamedRunnable.java:32)
08-03 22:05:42.538 21465 21465 I Glide   : 	at java.util.concurrent.ThreadPoolExecutor.runWorker(ThreadPoolExecutor.java:1113)
08-03 22:05:42.538 21465 21465 I Glide   : 	at java.util.concurrent.ThreadPoolExecutor$Worker.run(ThreadPoolExecutor.java:588)
08-03 22:05:42.538 21465 21465 I Glide   : 	at java.lang.Thread.run(Thread.java:818)
08-03 22:05:42.539 21465 21465 W Glide   : Load failed for http://sixgun.org/files/linuxoutlaws.jpg with size [224x224]
08-03 22:05:42.539 21465 21465 W Glide   : class com.bumptech.glide.load.engine.GlideException: Failed to load resource
08-03 22:05:42.539 21465 21465 W Glide   : There was 1 cause:
08-03 22:05:42.539 21465 21465 W Glide   : com.bumptech.glide.load.HttpException()
08-03 22:05:42.539 21465 21465 W Glide   :  call GlideException#logRootCauses(String) for more detail
08-03 22:05:42.539 21465 21465 W Glide   :   Cause (1 of 1): class com.bumptech.glide.load.engine.GlideException: Fetching data failed, class java.io.InputStream, REMOTE
08-03 22:05:42.539 21465 21465 W Glide   : There was 1 cause:
08-03 22:05:42.539 21465 21465 W Glide   : com.bumptech.glide.load.HttpException()
08-03 22:05:42.539 21465 21465 W Glide   :  call GlideException#logRootCauses(String) for more detail
08-03 22:05:42.539 21465 21465 W Glide   :     Cause (1 of 1): class com.bumptech.glide.load.HttpException: 
08-03 22:05:42.540 21465 21465 I Glide   : Root cause (1 of 1)
08-03 22:05:42.540 21465 21465 I Glide   : com.bumptech.glide.load.HttpException: 
08-03 22:05:42.540 21465 21465 I Glide   : 	at com.bumptech.glide.integration.okhttp3.OkHttpStreamFetcher.onResponse(OkHttpStreamFetcher.java:73)
08-03 22:05:42.540 21465 21465 I Glide   : 	at okhttp3.RealCall$AsyncCall.execute(RealCall.java:174)
08-03 22:05:42.540 21465 21465 I Glide   : 	at okhttp3.internal.NamedRunnable.run(NamedRunnable.java:32)
08-03 22:05:42.540 21465 21465 I Glide   : 	at java.util.concurrent.ThreadPoolExecutor.runWorker(ThreadPoolExecutor.java:1113)
08-03 22:05:42.540 21465 21465 I Glide   : 	at java.util.concurrent.ThreadPoolExecutor$Worker.run(ThreadPoolExecutor.java:588)
08-03 22:05:42.540 21465 21465 I Glide   : 	at java.lang.Thread.run(Thread.java:818)
08-03 22:05:42.544 21465 21477 I art     : Starting a blocking GC Explicit
08-03 22:05:42.584 21465 21477 I art     : Explicit concurrent mark sweep GC freed 2484(170KB) AllocSpace objects, 1(220KB) LOS objects, 23% free, 50MB/66MB, paused 1.457ms total 40.177ms
08-03 22:05:42.596 21465 21477 I art     : Starting a blocking GC Explicit
08-03 22:05:42.638 21465 21477 I art     : Explicit concurrent mark sweep GC freed 22(960B) AllocSpace objects, 0(0B) LOS objects, 23% free, 50MB/66MB, paused 1.734ms total 41.809ms
08-03 22:05:42.651 21465 21477 I art     : Starting a blocking GC Explicit
08-03 22:05:42.692 21465 21477 I art     : Explicit concurrent mark sweep GC freed 3(96B) AllocSpace objects, 0(0B) LOS objects, 23% free, 50MB/66MB, paused 1.401ms total 40.410ms
08-03 22:05:42.705 21465 21477 I art     : Starting a blocking GC Explicit
08-03 22:05:42.730   512  2967 D audio_hw_primary: disable_audio_route: reset and update mixer path: low-latency-playback speaker
08-03 22:05:42.732   512  2967 D audio_hw_primary: disable_snd_device: snd_device(2: speaker)
08-03 22:05:42.740   512  2967 I soundtrigger: audio_extn_sound_trigger_update_device_status: device 0x2 of type 0 for Event 0
08-03 22:05:42.747 21465 21477 I art     : Explicit concurrent mark sweep GC freed 3(96B) AllocSpace objects, 0(0B) LOS objects, 23% free, 50MB/66MB, paused 1.492ms total 42.130ms
08-03 22:05:43.115 21465 21803 I art     : Starting a blocking GC Explicit
08-03 22:05:43.169 21465 21803 I art     : Explicit concurrent mark sweep GC freed 1410(81KB) AllocSpace objects, 1(20KB) LOS objects, 23% free, 50MB/66MB, paused 1.826ms total 52.854ms
08-03 22:05:43.185 21465 21803 I art     : Starting a blocking GC Explicit
08-03 22:05:43.232 21465 21803 I art     : Explicit concurrent mark sweep GC freed 40(1344B) AllocSpace objects, 0(0B) LOS objects, 23% free, 50MB/66MB, paused 1.564ms total 46.540ms
08-03 22:05:43.245 21465 21803 I art     : Starting a blocking GC Explicit
08-03 22:05:43.290 21465 21803 I art     : Explicit concurrent mark sweep GC freed 3(96B) AllocSpace objects, 0(0B) LOS objects, 23% free, 50MB/66MB, paused 1.621ms total 44.492ms
08-03 22:05:43.303 21465 21803 I art     : Starting a blocking GC Explicit
08-03 22:05:43.348 21465 21803 I art     : Explicit concurrent mark sweep GC freed 3(96B) AllocSpace objects, 0(0B) LOS objects, 23% free, 50MB/66MB, paused 1.664ms total 44.335ms
08-03 22:05:43.361 21465 21803 I art     : Starting a blocking GC Explicit
08-03 22:05:43.407 21465 21803 I art     : Explicit concurrent mark sweep GC freed 3(96B) AllocSpace objects, 0(0B) LOS objects, 23% free, 50MB/66MB, paused 1.672ms total 45.834ms
08-03 22:05:43.788 21465 21575 I art     : Starting a blocking GC Explicit
08-03 22:05:43.849 21465 21575 I art     : Explicit concurrent mark sweep GC freed 1381(81KB) AllocSpace objects, 1(20KB) LOS objects, 23% free, 50MB/66MB, paused 1.805ms total 60.095ms
08-03 22:05:43.865 21465 21575 I art     : Starting a blocking GC Explicit
08-03 22:05:43.913 21465 21575 I art     : Explicit concurrent mark sweep GC freed 23(752B) AllocSpace objects, 0(0B) LOS objects, 23% free, 50MB/66MB, paused 1.617ms total 47.590ms
08-03 22:05:43.926 21465 21575 I art     : Starting a blocking GC Explicit
08-03 22:05:43.971 21465 21575 I art     : Explicit concurrent mark sweep GC freed 6(192B) AllocSpace objects, 0(0B) LOS objects, 23% free, 50MB/66MB, paused 1.548ms total 43.986ms
08-03 22:05:43.988 21465 21575 I art     : Starting a blocking GC Explicit
08-03 22:05:44.035 21465 21575 I art     : Explicit concurrent mark sweep GC freed 49(1424B) AllocSpace objects, 0(0B) LOS objects, 23% free, 50MB/66MB, paused 1.688ms total 46.849ms
08-03 22:05:44.048 21465 21575 I art     : Starting a blocking GC Explicit
08-03 22:05:44.092 21465 21575 I art     : Explicit concurrent mark sweep GC freed 33(1088B) AllocSpace objects, 0(0B) LOS objects, 23% free, 50MB/66MB, paused 1.649ms total 43.062ms
08-03 22:05:44.481 21465 21575 I art     : Starting a blocking GC Explicit
08-03 22:05:44.541 21465 21575 I art     : Explicit concurrent mark sweep GC freed 1402(81KB) AllocSpace objects, 1(20KB) LOS objects, 23% free, 50MB/66MB, paused 1.763ms total 58.958ms
08-03 22:05:44.556 21465 21575 I art     : Starting a blocking GC Explicit
08-03 22:05:44.604 21465 21575 I art     : Explicit concurrent mark sweep GC freed 23(752B) AllocSpace objects, 0(0B) LOS objects, 23% free, 50MB/66MB, paused 1.620ms total 47.663ms
08-03 22:05:44.618 21465 21575 I art     : Starting a blocking GC Explicit
08-03 22:05:44.666 21465 21575 I art     : Explicit concurrent mark sweep GC freed 3(96B) AllocSpace objects, 0(0B) LOS objects, 23% free, 50MB/66MB, paused 1.515ms total 47.830ms
08-03 22:05:44.680 21465 21575 I art     : Starting a blocking GC Explicit
08-03 22:05:44.727 21465 21575 I art     : Explicit concurrent mark sweep GC freed 3(96B) AllocSpace objects, 0(0B) LOS objects, 23% free, 50MB/66MB, paused 1.632ms total 46.544ms
08-03 22:05:44.740 21465 21575 I art     : Starting a blocking GC Explicit
08-03 22:05:44.789 21465 21575 I art     : Explicit concurrent mark sweep GC freed 3(96B) AllocSpace objects, 0(0B) LOS objects, 23% free, 50MB/66MB, paused 1.663ms total 48.699ms
08-03 22:05:45.215 21465 21477 I art     : Starting a blocking GC Explicit
08-03 22:05:45.278 21465 21477 I art     : Explicit concurrent mark sweep GC freed 1410(81KB) AllocSpace objects, 1(20KB) LOS objects, 23% free, 50MB/66MB, paused 1.723ms total 62.307ms
08-03 22:05:45.294 21465 21477 I art     : Starting a blocking GC Explicit
08-03 22:05:45.340 21465 21477 I art     : Explicit concurrent mark sweep GC freed 23(752B) AllocSpace objects, 0(0B) LOS objects, 23% free, 50MB/66MB, paused 1.500ms total 45.818ms
08-03 22:05:45.353 21465 21477 I art     : Starting a blocking GC Explicit
08-03 22:05:45.402 21465 21477 I art     : Explicit concurrent mark sweep GC freed 3(96B) AllocSpace objects, 0(0B) LOS objects, 23% free, 50MB/66MB, paused 1.626ms total 47.949ms
08-03 22:05:45.415 21465 21477 I art     : Starting a blocking GC Explicit
08-03 22:05:45.463 21465 21477 I art     : Explicit concurrent mark sweep GC freed 3(96B) AllocSpace objects, 0(0B) LOS objects, 23% free, 50MB/66MB, paused 1.562ms total 46.918ms
08-03 22:05:45.476 21465 21477 I art     : Starting a blocking GC Explicit
08-03 22:05:45.524 21465 21477 I art     : Explicit concurrent mark sweep GC freed 3(96B) AllocSpace objects, 0(0B) LOS objects, 23% free, 50MB/66MB, paused 1.634ms total 47.830ms
08-03 22:05:45.912 21465 21803 I art     : Starting a blocking GC Explicit
08-03 22:05:45.966 21465 21803 I art     : Explicit concurrent mark sweep GC freed 1381(81KB) AllocSpace objects, 1(20KB) LOS objects, 23% free, 50MB/66MB, paused 1.576ms total 53.413ms
08-03 22:05:45.980 21465 21803 I art     : Starting a blocking GC Explicit
08-03 22:05:46.028 21465 21803 I art     : Explicit concurrent mark sweep GC freed 52(1536B) AllocSpace objects, 0(0B) LOS objects, 23% free, 50MB/66MB, paused 1.780ms total 48.289ms
08-03 22:05:46.042 21465 21803 I art     : Starting a blocking GC Explicit
08-03 22:05:46.089 21465 21803 I art     : Explicit concurrent mark sweep GC freed 3(96B) AllocSpace objects, 0(0B) LOS objects, 23% free, 50MB/66MB, paused 1.733ms total 46.566ms
08-03 22:05:46.102 21465 21803 I art     : Starting a blocking GC Explicit
08-03 22:05:46.151 21465 21803 I art     : Explicit concurrent mark sweep GC freed 3(96B) AllocSpace objects, 0(0B) LOS objects, 23% free, 50MB/66MB, paused 1.682ms total 47.914ms
08-03 22:05:46.164 21465 21803 I art     : Starting a blocking GC Explicit
08-03 22:05:46.211 21465 21803 I art     : Explicit concurrent mark sweep GC freed 3(96B) AllocSpace objects, 0(0B) LOS objects, 23% free, 50MB/66MB, paused 1.654ms total 46.779ms
08-03 22:05:46.605 21465 24653 I art     : Starting a blocking GC Explicit
08-03 22:05:46.663 21465 24653 I art     : Explicit concurrent mark sweep GC freed 1382(82KB) AllocSpace objects, 1(20KB) LOS objects, 23% free, 50MB/66MB, paused 1.658ms total 56.556ms
08-03 22:05:46.678 21465 24653 I art     : Starting a blocking GC Explicit
08-03 22:05:46.726 21465 24653 I art     : Explicit concurrent mark sweep GC freed 23(752B) AllocSpace objects, 0(0B) LOS objects, 23% free, 50MB/66MB, paused 1.489ms total 47.649ms
08-03 22:05:46.739 21465 24653 I art     : Starting a blocking GC Explicit
08-03 22:05:46.788 21465 24653 I art     : Explicit concurrent mark sweep GC freed 3(96B) AllocSpace objects, 0(0B) LOS objects, 23% free, 50MB/66MB, paused 1.619ms total 48.161ms
08-03 22:05:46.801 21465 24653 I art     : Starting a blocking GC Explicit
08-03 22:05:46.849 21465 24653 I art     : Explicit concurrent mark sweep GC freed 3(96B) AllocSpace objects, 0(0B) LOS objects, 23% free, 50MB/66MB, paused 1.798ms total 47.506ms
08-03 22:05:46.863 21465 24653 I art     : Starting a blocking GC Explicit
08-03 22:05:46.911 21465 24653 I art     : Explicit concurrent mark sweep GC freed 3(96B) AllocSpace objects, 0(0B) LOS objects, 23% free, 50MB/66MB, paused 1.655ms total 48.209ms
08-03 22:05:47.309 21465 21478 I art     : Starting a blocking GC Explicit
08-03 22:05:47.370 21465 21478 I art     : Explicit concurrent mark sweep GC freed 1413(82KB) AllocSpace objects, 1(20KB) LOS objects, 23% free, 50MB/66MB, paused 1.843ms total 60.385ms
08-03 22:05:47.386 21465 21478 I art     : Starting a blocking GC Explicit
08-03 22:05:47.433 21465 21478 I art     : Explicit concurrent mark sweep GC freed 23(752B) AllocSpace objects, 0(0B) LOS objects, 23% free, 50MB/66MB, paused 1.672ms total 46.691ms
08-03 22:05:47.446 21465 21478 I art     : Starting a blocking GC Explicit
08-03 22:05:47.495 21465 21478 I art     : Explicit concurrent mark sweep GC freed 3(96B) AllocSpace objects, 0(0B) LOS objects, 23% free, 50MB/66MB, paused 1.650ms total 48.344ms
08-03 22:05:47.509 21465 21478 I art     : Starting a blocking GC Explicit
08-03 22:05:47.555 21465 21478 I art     : Explicit concurrent mark sweep GC freed 3(96B) AllocSpace objects, 0(0B) LOS objects, 23% free, 50MB/66MB, paused 1.532ms total 45.887ms
08-03 22:05:47.568 21465 21478 I art     : Starting a blocking GC Explicit
08-03 22:05:47.617 21465 21478 I art     : Explicit concurrent mark sweep GC freed 3(96B) AllocSpace objects, 0(0B) LOS objects, 23% free, 50MB/66MB, paused 1.655ms total 48.312ms
08-03 22:05:48.012 21465 21575 I art     : Starting a blocking GC Explicit
08-03 22:05:48.067 21465 21575 I art     : Explicit concurrent mark sweep GC freed 1410(81KB) AllocSpace objects, 1(20KB) LOS objects, 23% free, 50MB/66MB, paused 1.632ms total 54.831ms
08-03 22:05:48.080 21465 21575 I art     : Starting a blocking GC Explicit
08-03 22:05:48.129 21465 21575 I art     : Explicit concurrent mark sweep GC freed 23(752B) AllocSpace objects, 0(0B) LOS objects, 23% free, 50MB/66MB, paused 1.621ms total 48.491ms
08-03 22:05:48.148 21465 21575 I art     : Starting a blocking GC Explicit
08-03 22:05:48.193 21465 21575 I art     : Explicit concurrent mark sweep GC freed 3(96B) AllocSpace objects, 0(0B) LOS objects, 23% free, 50MB/66MB, paused 1.611ms total 44.645ms
08-03 22:05:48.207 21465 21575 I art     : Starting a blocking GC Explicit
08-03 22:05:48.255 21465 21575 I art     : Explicit concurrent mark sweep GC freed 3(96B) AllocSpace objects, 0(0B) LOS objects, 23% free, 50MB/66MB, paused 1.644ms total 47.598ms
08-03 22:05:48.269 21465 21575 I art     : Starting a blocking GC Explicit
08-03 22:05:48.315 21465 21575 I art     : Explicit concurrent mark sweep GC freed 3(96B) AllocSpace objects, 0(0B) LOS objects, 23% free, 50MB/66MB, paused 1.624ms total 46.552ms
08-03 22:05:48.665 21465 21477 I art     : Starting a blocking GC Explicit
08-03 22:05:48.712 21465 21477 I art     : Explicit concurrent mark sweep GC freed 1381(81KB) AllocSpace objects, 1(20KB) LOS objects, 23% free, 50MB/66MB, paused 1.637ms total 47.227ms
08-03 22:05:48.725 21465 21477 I art     : Starting a blocking GC Explicit
08-03 22:05:48.771 21465 21477 I art     : Explicit concurrent mark sweep GC freed 23(752B) AllocSpace objects, 0(0B) LOS objects, 23% free, 50MB/66MB, paused 1.696ms total 45.511ms
08-03 22:05:48.784 21465 21477 I art     : Starting a blocking GC Explicit
08-03 22:05:48.831 21465 21477 I art     : Explicit concurrent mark sweep GC freed 3(96B) AllocSpace objects, 0(0B) LOS objects, 23% free, 50MB/66MB, paused 1.646ms total 46.213ms
08-03 22:05:48.844 21465 21477 I art     : Starting a blocking GC Explicit
08-03 22:05:48.890 21465 21477 I art     : Explicit concurrent mark sweep GC freed 3(96B) AllocSpace objects, 0(0B) LOS objects, 23% free, 50MB/66MB, paused 1.663ms total 45.620ms
08-03 22:05:48.904 21465 21477 I art     : Starting a blocking GC Explicit
08-03 22:05:48.949 21465 21477 I art     : Explicit concurrent mark sweep GC freed 3(96B) AllocSpace objects, 0(0B) LOS objects, 23% free, 50MB/66MB, paused 1.613ms total 45.109ms
08-03 22:05:48.989 24973 24973 D AndroidRuntime: >>>>>> START com.android.internal.os.RuntimeInit uid 2000 <<<<<<
08-03 22:05:48.996 24973 24973 D AndroidRuntime: CheckJNI is OFF
08-03 22:05:49.040 24973 24973 D ICU     : No timezone override file found: /data/misc/zoneinfo/current/icu/icu_tzdata.dat
08-03 22:05:49.090 24973 24973 I Radio-JNI: register_android_hardware_Radio DONE
08-03 22:05:49.119 24973 24973 D AndroidRuntime: Calling main entry com.android.commands.input.Input
08-03 22:05:49.121 24973 24973 I Input   : injectMotionEvent: MotionEvent { action=ACTION_DOWN, actionButton=0, id[0]=0, x[0]=526.0, y[0]=597.0, toolType[0]=TOOL_TYPE_UNKNOWN, buttonState=0, metaState=0, flags=0x0, edgeFlags=0x0, pointerCount=1, historySize=0, eventTime=655565534, downTime=655565534, deviceId=0, source=0x1002 }
08-03 22:05:49.126 24973 24973 I Input   : injectMotionEvent: MotionEvent { action=ACTION_UP, actionButton=0, id[0]=0, x[0]=526.0, y[0]=597.0, toolType[0]=TOOL_TYPE_UNKNOWN, buttonState=0, metaState=0, flags=0x0, edgeFlags=0x0, pointerCount=1, historySize=0, eventTime=655565534, downTime=655565534, deviceId=0, source=0x1002 }
08-03 22:05:49.129 24973 24973 D AndroidRuntime: Shutting down VM
08-03 22:05:49.194 21465 21465 D PodcastListFragment: Selected podcast: GpodnetPodcast [url=http://feeds.feedburner.com/linuxoutlaws, title=Linux Outlaws, description=Two pragmatic geeks talk about the latest news concerning Linux, free and open
08-03 22:05:49.194 21465 21465 D PodcastListFragment: technology or anything else they deem noteworthy which may include such absurd
08-03 22:05:49.194 21465 21465 D PodcastListFragment: things as hockey or bands you never heard of. This means there's many a joke
08-03 22:05:49.194 21465 21465 D PodcastListFragment: and derailed conversation along the way, so don't come here expecting only
08-03 22:05:49.194 21465 21465 D PodcastListFragment: Linux or software freedom talk  just sit back and relax, partner., subscribers=3321, logoUrl=http://sixgun.org/files/linuxoutlaws.jpg, website=http://sixgun.org, mygpoLink=http://gpodder.net/podcast/linux-outlaws-mp3]
08-03 22:05:49.195   918  5481 I ActivityManager: START u0 {cmp=baseline.de.danoeh.antennapod.debug/baseline.de.danoeh.antennapod.activity.OnlineFeedViewActivity (has extras)} from uid 10633 on display 0
08-03 22:05:49.196   512  2967 D audio_hw_primary: out_set_parameters: enter: usecase(1: low-latency-playback) kvpairs: routing=2
08-03 22:05:49.209   512  2967 D audio_hw_primary: select_devices: out_snd_device(2: speaker) in_snd_device(0: none)
08-03 22:05:49.209   512  2967 D msm8974_platform: platform_send_audio_calibration: sending audio calibration for snd_device(2) acdb_id(15)
08-03 22:05:49.209   512  2967 I soundtrigger: audio_extn_sound_trigger_update_device_status: device 0x2 of type 0 for Event 1
08-03 22:05:49.221   512  2967 D audio_hw_primary: enable_snd_device: snd_device(2: speaker)
08-03 22:05:49.224   512  2967 D audio_hw_primary: enable_audio_route: apply and update mixer path: low-latency-playback speaker
08-03 22:05:49.244 21465 21465 D UserPreferences: Using default data folder
08-03 22:05:49.245 21465 21465 D OnlineFeedViewActivity: Activity was started with url http://feeds.feedburner.com/linuxoutlaws
08-03 22:05:49.252 21465 21465 D OnlineFeedViewActivity: Starting feed download
08-03 22:05:49.255 21465 21485 D DBReader: Extracting Feedlist
08-03 22:05:49.257   918   928 D WifiService: acquireWifiLockLocked: WifiLock{Downloader type=1 binder=android.os.BinderProxy@21be3b1}
08-03 22:05:49.258 21465 21485 D AntennapodHttpClient: Creating new instance of HTTP client
08-03 22:05:49.307 13866 13866 I GoogleInputMethodServic: GoogleInputMethodService.onFinishInput():3138 
08-03 22:05:49.308 13866 13866 I GoogleInputMethodServic: GoogleInputMethodService.onStartInput():1808 
08-03 22:05:49.317 21465 21478 I art     : Starting a blocking GC Explicit
08-03 22:05:49.328   918   936 I ActivityManager: Displayed baseline.de.danoeh.antennapod.debug/baseline.de.danoeh.antennapod.activity.OnlineFeedViewActivity: +113ms
08-03 22:05:49.357 21465 21485 D MYTAG   : interceptor 3a http://feeds.feedburner.com/linuxoutlaws
08-03 22:05:49.358 21465 21485 I NAPPA_EXPERIMENTATION: MetricNetworkRequestExecutionTime: REQUEST_DURATION_SYSTEM='98',REQUEST_DURATION_OKHTTP='45',REQUEST_SYNCHRONOUS='TRUE',RESPONSE_CODE='200',RESPONSE_METHOD='GET',RESPONSE_LENGTH_OKHTTP='-1',RESPONSE_LENGTH_HEADER='-2',REQUEST_PROTOCOL='http/1.1',REQUEST_URL='http://feeds.feedburner.com/linuxoutlaws',
08-03 22:05:49.358 21465 21485 D HttpDownloader: Response code is 200
08-03 22:05:49.358 21465 21485 D UserPreferences: Using default data folder
08-03 22:05:49.360 21465 21485 D HttpDownloader: Getting size of download
08-03 22:05:49.360 21465 21485 D HttpDownloader: Size is -1
08-03 22:05:49.361 21465 21485 D UserPreferences: Using default data folder
08-03 22:05:49.361 21465 21485 D HttpDownloader: Free space is 20791971840
08-03 22:05:49.361 21465 21485 D HttpDownloader: Starting download
08-03 22:05:49.367 21465 21486 D OpenGLRenderer: endAllStagingAnimators on 0x7f75baac00 (GridView) with handle 0x7f7b43e160
08-03 22:05:49.369 21465 21478 I art     : Explicit concurrent mark sweep GC freed 3012(205KB) AllocSpace objects, 1(20KB) LOS objects, 23% free, 51MB/67MB, paused 1.903ms total 51.438ms
08-03 22:05:49.380 21465 21485 D HttpDownloader: Download was successful
08-03 22:05:49.380   918   929 D WifiService: releaseWifiLockLocked: WifiLock{Downloader type=1 binder=android.os.BinderProxy@21be3b1}
08-03 22:05:49.381 21465 21465 D OnlineFeedViewActivity: Parsing feed
08-03 22:05:49.383 21465 21478 I art     : Starting a blocking GC Explicit
08-03 22:05:49.384 21465 25008 D TypeGetter: Recognized type RSS 2.0
08-03 22:05:49.386 21465 25008 D SyndHandler: Recognized Content namespace
08-03 22:05:49.389 21465 25008 D SyndHandler: Recognized DublinCore namespace
08-03 22:05:49.390 21465 25008 D SyndHandler: Recognized Atom namespace
08-03 22:05:49.390 21465 25008 D SyndHandler: Recognized ITunes namespace
08-03 22:05:49.390 21465 25008 D SyndHandler: Recognized media namespace
08-03 22:05:49.424 21465 21478 I art     : Explicit concurrent mark sweep GC freed 1804(359KB) AllocSpace objects, 2(40KB) LOS objects, 23% free, 51MB/67MB, paused 1.844ms total 40.585ms
08-03 22:05:49.436 21465 25008 D OnlineFeedViewActivity: Deleted feed source file. Result: true
08-03 22:05:49.436 21465 21465 D OnlineFeedViewActivity: Removing HTML from shownotes
08-03 22:05:49.437 21465 21478 I art     : Starting a blocking GC Explicit
08-03 22:05:49.457 21465 22398 D ApOkHttpUrlLoader: buildLoadData() called with: model = [http://sixgun.org/files/linuxoutlaws.jpg], width = [350], height = [350]
08-03 22:05:49.459 21465 22209 D DBReader: getImageAuthentication() called with: imageUrl = [http://sixgun.org/files/linuxoutlaws.jpg]
08-03 22:05:49.463 21465 22209 D ApOkHttpUrlLoader: no credentials for 'http://sixgun.org/files/linuxoutlaws.jpg'
08-03 22:05:49.482 21465 21478 I art     : Explicit concurrent mark sweep GC freed 4122(384KB) AllocSpace objects, 11(700KB) LOS objects, 23% free, 51MB/67MB, paused 2.116ms total 44.733ms
08-03 22:05:49.495 21465 21478 I art     : Starting a blocking GC Explicit
08-03 22:05:49.502 21465 22209 D DBWriter: updateFeedDownloadURL(original: http://sixgun.org/files/linuxoutlaws.jpg, updated: https://fab.industries/sixgun/files/linuxoutlaws.jpg)
08-03 22:05:49.541 21465 21478 I art     : Explicit concurrent mark sweep GC freed 1054(67KB) AllocSpace objects, 1(68KB) LOS objects, 23% free, 51MB/67MB, paused 1.624ms total 45.929ms
08-03 22:05:49.557 21465 21478 I art     : Starting a blocking GC Explicit
08-03 22:05:49.578   380   380 W SurfaceFlinger: couldn't log to binary event log: overflow.
08-03 22:05:49.604 21465 21478 I art     : Explicit concurrent mark sweep GC freed 72(3KB) AllocSpace objects, 0(0B) LOS objects, 23% free, 51MB/67MB, paused 1.556ms total 46.503ms
08-03 22:05:49.653 21465 22209 D MYTAG   : interceptor 2a
08-03 22:05:49.654 21465 22209 I NAPPA_EXPERIMENTATION: MetricNetworkRequestExecutionTime: REQUEST_DURATION_SYSTEM='190',REQUEST_DURATION_OKHTTP='147',REQUEST_SYNCHRONOUS='TRUE',RESPONSE_CODE='404',RESPONSE_METHOD='GET',RESPONSE_LENGTH_OKHTTP='-1',RESPONSE_LENGTH_HEADER='1503',REQUEST_PROTOCOL='h2',REQUEST_URL='https://fab.industries/sixgun/files/linuxoutlaws.jpg',
08-03 22:05:49.655 21465 21465 W Glide   : Load failed for http://sixgun.org/files/linuxoutlaws.jpg with size [350x350]
08-03 22:05:49.655 21465 21465 W Glide   : class com.bumptech.glide.load.engine.GlideException: Failed to load resource
08-03 22:05:49.655 21465 21465 W Glide   : There was 1 cause:
08-03 22:05:49.655 21465 21465 W Glide   : com.bumptech.glide.load.HttpException()
08-03 22:05:49.655 21465 21465 W Glide   :  call GlideException#logRootCauses(String) for more detail
08-03 22:05:49.655 21465 21465 W Glide   :   Cause (1 of 1): class com.bumptech.glide.load.engine.GlideException: Fetching data failed, class java.io.InputStream, REMOTE
08-03 22:05:49.655 21465 21465 W Glide   : There was 1 cause:
08-03 22:05:49.655 21465 21465 W Glide   : com.bumptech.glide.load.HttpException()
08-03 22:05:49.655 21465 21465 W Glide   :  call GlideException#logRootCauses(String) for more detail
08-03 22:05:49.655 21465 21465 W Glide   :     Cause (1 of 1): class com.bumptech.glide.load.HttpException: 
08-03 22:05:49.656 21465 21465 I Glide   : Root cause (1 of 1)
08-03 22:05:49.656 21465 21465 I Glide   : com.bumptech.glide.load.HttpException: 
08-03 22:05:49.656 21465 21465 I Glide   : 	at com.bumptech.glide.integration.okhttp3.OkHttpStreamFetcher.onResponse(OkHttpStreamFetcher.java:73)
08-03 22:05:49.656 21465 21465 I Glide   : 	at okhttp3.RealCall$AsyncCall.execute(RealCall.java:174)
08-03 22:05:49.656 21465 21465 I Glide   : 	at okhttp3.internal.NamedRunnable.run(NamedRunnable.java:32)
08-03 22:05:49.656 21465 21465 I Glide   : 	at java.util.concurrent.ThreadPoolExecutor.runWorker(ThreadPoolExecutor.java:1113)
08-03 22:05:49.656 21465 21465 I Glide   : 	at java.util.concurrent.ThreadPoolExecutor$Worker.run(ThreadPoolExecutor.java:588)
08-03 22:05:49.656 21465 21465 I Glide   : 	at java.lang.Thread.run(Thread.java:818)
08-03 22:05:49.698 21465 21465 D PlaybackController: Releasing PlaybackController
08-03 22:05:49.768   512  2967 D audio_hw_primary: disable_audio_route: reset and update mixer path: low-latency-playback speaker
08-03 22:05:49.771   512  2967 D audio_hw_primary: disable_snd_device: snd_device(2: speaker)
08-03 22:05:49.779   512  2967 I soundtrigger: audio_extn_sound_trigger_update_device_status: device 0x2 of type 0 for Event 0
08-03 22:05:49.964 21465 21803 I art     : Starting a blocking GC Explicit
08-03 22:05:50.013 21465 21803 I art     : Explicit concurrent mark sweep GC freed 2164(144KB) AllocSpace objects, 2(132KB) LOS objects, 23% free, 51MB/67MB, paused 1.631ms total 48.340ms
08-03 22:05:50.027 21465 21803 I art     : Starting a blocking GC Explicit
08-03 22:05:50.073 21465 21803 I art     : Explicit concurrent mark sweep GC freed 50(1776B) AllocSpace objects, 0(0B) LOS objects, 23% free, 51MB/67MB, paused 1.554ms total 45.669ms
08-03 22:05:50.086 21465 21803 I art     : Starting a blocking GC Explicit
08-03 22:05:50.132 21465 21803 I art     : Explicit concurrent mark sweep GC freed 3(96B) AllocSpace objects, 0(0B) LOS objects, 23% free, 51MB/67MB, paused 1.611ms total 45.409ms
08-03 22:05:50.145 21465 21803 I art     : Starting a blocking GC Explicit
08-03 22:05:50.191 21465 21803 I art     : Explicit concurrent mark sweep GC freed 3(96B) AllocSpace objects, 0(0B) LOS objects, 23% free, 51MB/67MB, paused 1.632ms total 45.330ms
08-03 22:05:50.204 21465 21803 I art     : Starting a blocking GC Explicit
08-03 22:05:50.250 21465 21803 I art     : Explicit concurrent mark sweep GC freed 3(96B) AllocSpace objects, 0(0B) LOS objects, 23% free, 51MB/67MB, paused 1.753ms total 45.192ms
08-03 22:05:50.632 21465 21477 I art     : Starting a blocking GC Explicit
08-03 22:05:50.687 21465 21477 I art     : Explicit concurrent mark sweep GC freed 1381(81KB) AllocSpace objects, 1(20KB) LOS objects, 23% free, 51MB/67MB, paused 1.645ms total 55.158ms
08-03 22:05:50.704 21465 21477 I art     : Starting a blocking GC Explicit
08-03 22:05:50.752 21465 21477 I art     : Explicit concurrent mark sweep GC freed 23(768B) AllocSpace objects, 0(0B) LOS objects, 23% free, 51MB/67MB, paused 1.511ms total 47.215ms
08-03 22:05:50.765 21465 21477 I art     : Starting a blocking GC Explicit
08-03 22:05:50.814 21465 21477 I art     : Explicit concurrent mark sweep GC freed 3(96B) AllocSpace objects, 0(0B) LOS objects, 23% free, 51MB/67MB, paused 1.617ms total 48.409ms
08-03 22:05:50.828 21465 21477 I art     : Starting a blocking GC Explicit
08-03 22:05:50.878 21465 21477 I art     : Explicit concurrent mark sweep GC freed 3(96B) AllocSpace objects, 0(0B) LOS objects, 23% free, 51MB/67MB, paused 1.707ms total 50.104ms
08-03 22:05:50.892 21465 21477 I art     : Starting a blocking GC Explicit
08-03 22:05:50.940 21465 21477 I art     : Explicit concurrent mark sweep GC freed 3(96B) AllocSpace objects, 0(0B) LOS objects, 23% free, 51MB/67MB, paused 1.634ms total 47.546ms
08-03 22:05:51.327 21465 24653 I art     : Starting a blocking GC Explicit
08-03 22:05:51.375 21465 24653 I art     : Explicit concurrent mark sweep GC freed 1438(82KB) AllocSpace objects, 1(20KB) LOS objects, 23% free, 51MB/67MB, paused 1.527ms total 47.408ms
08-03 22:05:51.389 21465 24653 I art     : Starting a blocking GC Explicit
08-03 22:05:51.439 21465 24653 I art     : Explicit concurrent mark sweep GC freed 23(752B) AllocSpace objects, 0(0B) LOS objects, 23% free, 51MB/67MB, paused 1.752ms total 49.665ms
08-03 22:05:51.452 21465 24653 I art     : Starting a blocking GC Explicit
08-03 22:05:51.502 21465 24653 I art     : Explicit concurrent mark sweep GC freed 3(96B) AllocSpace objects, 0(0B) LOS objects, 23% free, 51MB/67MB, paused 1.583ms total 48.856ms
08-03 22:05:51.515 21465 24653 I art     : Starting a blocking GC Explicit
08-03 22:05:51.563 21465 24653 I art     : Explicit concurrent mark sweep GC freed 3(96B) AllocSpace objects, 0(0B) LOS objects, 23% free, 51MB/67MB, paused 1.676ms total 47.696ms
08-03 22:05:51.569   918  3261 D WifiStateMachine: starting scan for "H369AA63323"WPA_PSK with 2412,5180
08-03 22:05:51.577 21465 24653 I art     : Starting a blocking GC Explicit
08-03 22:05:51.626 21465 24653 I art     : Explicit concurrent mark sweep GC freed 3(96B) AllocSpace objects, 0(0B) LOS objects, 23% free, 51MB/67MB, paused 1.643ms total 49.018ms
08-03 22:05:52.050 21465 21803 I art     : Starting a blocking GC Explicit
08-03 22:05:52.117 21465 21803 I art     : Explicit concurrent mark sweep GC freed 1410(81KB) AllocSpace objects, 1(20KB) LOS objects, 23% free, 51MB/67MB, paused 1.804ms total 65.880ms
08-03 22:05:52.133 21465 21803 I art     : Starting a blocking GC Explicit
08-03 22:05:52.181 21465 21803 I art     : Explicit concurrent mark sweep GC freed 23(768B) AllocSpace objects, 0(0B) LOS objects, 23% free, 51MB/67MB, paused 1.680ms total 47.855ms
08-03 22:05:52.195 21465 21803 I art     : Starting a blocking GC Explicit
08-03 22:05:52.244 21465 21803 I art     : Explicit concurrent mark sweep GC freed 3(96B) AllocSpace objects, 0(0B) LOS objects, 23% free, 51MB/67MB, paused 1.654ms total 48.593ms
08-03 22:05:52.257 21465 21803 I art     : Starting a blocking GC Explicit
08-03 22:05:52.306 21465 21803 I art     : Explicit concurrent mark sweep GC freed 3(96B) AllocSpace objects, 0(0B) LOS objects, 23% free, 51MB/67MB, paused 1.709ms total 48.373ms
08-03 22:05:52.320 21465 21803 I art     : Starting a blocking GC Explicit
08-03 22:05:52.370 21465 21803 I art     : Explicit concurrent mark sweep GC freed 3(96B) AllocSpace objects, 0(0B) LOS objects, 23% free, 51MB/67MB, paused 1.705ms total 50.164ms
08-03 22:05:52.755 21465 21477 I art     : Starting a blocking GC Explicit
08-03 22:05:52.821 21465 21477 I art     : Explicit concurrent mark sweep GC freed 1381(81KB) AllocSpace objects, 1(20KB) LOS objects, 23% free, 51MB/67MB, paused 1.796ms total 65.921ms
08-03 22:05:52.838 21465 21477 I art     : Starting a blocking GC Explicit
08-03 22:05:52.886 21465 21477 I art     : Explicit concurrent mark sweep GC freed 23(752B) AllocSpace objects, 0(0B) LOS objects, 23% free, 51MB/67MB, paused 1.587ms total 47.944ms
08-03 22:05:52.900 21465 21477 I art     : Starting a blocking GC Explicit
08-03 22:05:52.946 21465 21477 I art     : Explicit concurrent mark sweep GC freed 3(96B) AllocSpace objects, 0(0B) LOS objects, 23% free, 51MB/67MB, paused 1.516ms total 45.841ms
08-03 22:05:52.956   918   918 I ActivityManager: Start proc 25062:baseline.com.newsblur/u0a625 for service baseline.com.newsblur/.service.NBSyncService
08-03 22:05:52.957 25062 25062 I art     : Late-enabling -Xcheck:jni
08-03 22:05:52.959 18789 18789 I Finsky  : [1] xow.onStartJob(3): SCH: onJobSchedulerWakeup with jobId 9000
08-03 22:05:52.959 21465 21477 I art     : Starting a blocking GC Explicit
08-03 22:05:52.968 18789 18789 I Finsky  : [1] xjw.a(9): Scheduling fallback in 43199997 (absolute: 1682156839)
08-03 22:05:52.972 18789 18789 I Finsky  : [1] xjw.a(9): Scheduling fallback in 64799997 (absolute: 1703756843)
08-03 22:05:52.997 25062 25062 W System  : ClassLoader referenced unknown path: /data/app/baseline.com.newsblur-1/lib/arm64
08-03 22:05:52.998 21465 21477 I art     : Explicit concurrent mark sweep GC freed 3(96B) AllocSpace objects, 0(0B) LOS objects, 23% free, 51MB/67MB, paused 1.472ms total 38.801ms
08-03 22:05:53.010 21465 21477 I art     : Starting a blocking GC Explicit
08-03 22:05:53.044 18789 18789 I Finsky  : [1] xkf.handleMessage(8): SCH: DeviceState: DeviceState{currentTime=1596485153040, isCharging=false, isIdle=false, netAny=true, netNotRoaming=true, netUnmetered=true, batteryPercent=100.0}
08-03 22:05:53.049 21465 21477 I art     : Explicit concurrent mark sweep GC freed 32(880B) AllocSpace objects, 0(0B) LOS objects, 23% free, 51MB/67MB, paused 1.417ms total 38.364ms
08-03 22:05:53.050 18789 25078 I Finsky  : [6019] xmu.a(8): SCH: Jobs in database: 1-1337 3-181 3-182 26-1414141414 
08-03 22:05:53.197 18789 18789 I Finsky  : [1] xkg.a(16): SCH: Running job: 1-1337
08-03 22:05:53.254 18789 18789 I Finsky  : [1] mny.a(6): Starting Hygiene for reason 12
08-03 22:05:53.270 18789 18789 W Finsky  : [1] dap.a(25): For unauth, use getDfeApiNonAuthenticated() instead!
08-03 22:05:53.396 21465 21478 I art     : Starting a blocking GC Explicit
08-03 22:05:53.437 21465 21478 I art     : Explicit concurrent mark sweep GC freed 1383(84KB) AllocSpace objects, 1(20KB) LOS objects, 23% free, 51MB/67MB, paused 1.518ms total 41.324ms
08-03 22:05:53.440 18789 18789 I Finsky  : [1] mok.b(10): Probe unauthenticated for hygiene pass
08-03 22:05:53.451 21465 21478 I art     : Starting a blocking GC Explicit
08-03 22:05:53.466 18789 18789 I Finsky  : [1] xkf.handleMessage(61): SCH: RunningQueue size: 1, PendingQueue size: 0
08-03 22:05:53.467 18789 18789 I Finsky  : [1] xkf.handleMessage(64): SCH: Running queue: 1-1337 
08-03 22:05:53.483 18789 25094 I Finsky  : [6022] dap.a(27): getDfeApiOrNonauthenticated is returning unauth api
08-03 22:05:53.483 18789 25094 I Finsky  : [6022] jbw.c(2): Account name null when calculating account hash
08-03 22:05:53.483 18789 25094 I Finsky  : [6022] jbw.a(15): Token already exists - returning!
08-03 22:05:53.484 18789 25094 I Finsky  : [6022] mkt.a(1): Request device config token was successful when fetching experiments.
08-03 22:05:53.484 18789 25094 W Finsky  : [6022] dap.a(25): For unauth, use getDfeApiNonAuthenticated() instead!
08-03 22:05:53.490 21465 21478 I art     : Explicit concurrent mark sweep GC freed 23(768B) AllocSpace objects, 0(0B) LOS objects, 23% free, 51MB/67MB, paused 1.465ms total 39.074ms
08-03 22:05:53.502 21465 21478 I art     : Starting a blocking GC Explicit
08-03 22:05:53.541 21465 21478 I art     : Explicit concurrent mark sweep GC freed 3(96B) AllocSpace objects, 0(0B) LOS objects, 23% free, 51MB/67MB, paused 1.466ms total 38.101ms
08-03 22:05:53.550 18789 25075 W ProxyAndroidLoggerBackend: Too many Flogger logs received before configuration. Dropping old logs.
08-03 22:05:53.553 21465 21478 I art     : Starting a blocking GC Explicit
08-03 22:05:53.591 21465 21478 I art     : Explicit concurrent mark sweep GC freed 3(96B) AllocSpace objects, 0(0B) LOS objects, 23% free, 51MB/67MB, paused 1.524ms total 38.452ms
08-03 22:05:53.604 21465 21478 I art     : Starting a blocking GC Explicit
08-03 22:05:53.643 18789 25075 W ProxyAndroidLoggerBackend: Too many Flogger logs received before configuration. Dropping old logs.
08-03 22:05:53.643 21465 21478 I art     : Explicit concurrent mark sweep GC freed 3(96B) AllocSpace objects, 0(0B) LOS objects, 23% free, 51MB/67MB, paused 1.456ms total 38.164ms
08-03 22:05:53.643 18789 25075 I Finsky  : [6018] mkq.a(10): Sending Heterodyne sync request for package com.android.vending
08-03 22:05:53.678 18789 25075 W ProxyAndroidLoggerBackend: Too many Flogger logs received before configuration. Dropping old logs.
08-03 22:05:53.892 25090 25090 D AndroidRuntime: >>>>>> START com.android.internal.os.RuntimeInit uid 2000 <<<<<<
08-03 22:05:53.898 25090 25090 D AndroidRuntime: CheckJNI is OFF
08-03 22:05:53.934   918   929 I AccountManagerService: getTypesVisibleToCaller: isPermitted? true
08-03 22:05:53.938 25090 25090 D ICU     : No timezone override file found: /data/misc/zoneinfo/current/icu/icu_tzdata.dat
08-03 22:05:53.978 25090 25090 I Radio-JNI: register_android_hardware_Radio DONE
08-03 22:05:53.979 18789 25075 I arlz    : I/O exception (org.apache.http.NoHttpResponseException) caught when processing request: The target server failed to respond
08-03 22:05:53.979 18789 25075 I arlz    : Retrying request
08-03 22:05:53.983 18789 25075 I Finsky  : [6018] mkq.a(5): Received Heterodyne sync response. StatusCode=-1
08-03 22:05:53.983 18789 25075 W ProxyAndroidLoggerBackend: Too many Flogger logs received before configuration. Dropping old logs.
08-03 22:05:53.989 21465 21575 I art     : Starting a blocking GC Explicit
08-03 22:05:53.997 18789 25075 W ProxyAndroidLoggerBackend: Too many Flogger logs received before configuration. Dropping old logs.
08-03 22:05:54.006 25090 25090 D AndroidRuntime: Calling main entry com.android.commands.input.Input
08-03 22:05:54.008 25090 25090 I Input   : injectKeyEvent: KeyEvent { action=ACTION_DOWN, keyCode=KEYCODE_BACK, scanCode=0, metaState=0, flags=0x0, repeatCount=0, eventTime=655570421, downTime=655570421, deviceId=-1, source=0x101 }
08-03 22:05:54.015 25090 25090 I Input   : injectKeyEvent: KeyEvent { action=ACTION_UP, keyCode=KEYCODE_BACK, scanCode=0, metaState=0, flags=0x0, repeatCount=0, eventTime=655570421, downTime=655570421, deviceId=-1, source=0x101 }
08-03 22:05:54.021 25090 25090 D AndroidRuntime: Shutting down VM
08-03 22:05:54.030 21465 21465 V PlaybackController: initServiceNotRunning()
08-03 22:05:54.030 21465 21465 D ExternalPlayerFragment: Loading media info
08-03 22:05:54.031 21465 21575 I art     : Explicit concurrent mark sweep GC freed 1435(83KB) AllocSpace objects, 1(20KB) LOS objects, 23% free, 51MB/67MB, paused 1.550ms total 41.848ms
08-03 22:05:54.032 21465 22398 D ApOkHttpUrlLoader: buildLoadData() called with: model = [http://sixgun.org/files/linuxoutlaws.jpg], width = [224], height = [224]
08-03 22:05:54.033 21465 22209 D DBReader: getImageAuthentication() called with: imageUrl = [http://sixgun.org/files/linuxoutlaws.jpg]
08-03 22:05:54.034 18789 18880 I Finsky  : [5552] upj.c(1): Triggered update for experiment package com.google.android.finsky.regular.
08-03 22:05:54.036 21465 22209 D ApOkHttpUrlLoader: no credentials for 'http://sixgun.org/files/linuxoutlaws.jpg'
08-03 22:05:54.039 21465 21465 D UserPreferences: Using default data folder
08-03 22:05:54.039 21465 21485 D DBReader: getNavDrawerData() called with: 
08-03 22:05:54.047 21465 21575 I art     : Starting a blocking GC Explicit
08-03 22:05:54.055 18789 25075 W ProxyAndroidLoggerBackend: Too many Flogger logs received before configuration. Dropping old logs.
08-03 22:05:54.055 21465 21485 D DBReader: getDownloadedItems() called
08-03 22:05:54.056 21465 21485 D DBReader: getFavoriteIDList() called
08-03 22:05:54.057 21465 21485 D DBReader: getQueueIDList() called
08-03 22:05:54.057 21465 21485 D DBReader: Extracting Feedlist
08-03 22:05:54.068 21465 22209 D DBWriter: updateFeedDownloadURL(original: http://sixgun.org/files/linuxoutlaws.jpg, updated: https://fab.industries/sixgun/files/linuxoutlaws.jpg)
08-03 22:05:54.086 21465 21575 I art     : Explicit concurrent mark sweep GC freed 1136(76KB) AllocSpace objects, 0(0B) LOS objects, 23% free, 51MB/67MB, paused 1.639ms total 39.574ms
08-03 22:05:54.093 13866 13866 I GoogleInputMethodServic: GoogleInputMethodService.onFinishInput():3138 
08-03 22:05:54.093 21465 21465 D MainActivity: getLastNavFragment() -> AddFeedFragment
08-03 22:05:54.093 13866 13866 I GoogleInputMethodServic: GoogleInputMethodService.onStartInput():1808 
08-03 22:05:54.099 21465 21575 I art     : Starting a blocking GC Explicit
08-03 22:05:54.142 21465 21575 I art     : Explicit concurrent mark sweep GC freed 860(41KB) AllocSpace objects, 0(0B) LOS objects, 23% free, 51MB/67MB, paused 1.556ms total 42.098ms
08-03 22:05:54.154 21465 21575 I art     : Starting a blocking GC Explicit
08-03 22:05:54.160 18789 25075 W ProxyAndroidLoggerBackend: Too many Flogger logs received before configuration. Dropping old logs.
08-03 22:05:54.160 18789 25075 W ProxyAndroidLoggerBackend: Too many Flogger logs received before configuration. Dropping old logs.
08-03 22:05:54.167 18789 18880 I Finsky  : [5552] upj.c(7): Already at the latest configurations for experiment package com.google.android.finsky.regular.
08-03 22:05:54.169 18789 18878 I Finsky  : [5550] upj.c(1): Triggered update for experiment package com.google.android.finsky.stable.
08-03 22:05:54.174 18789 18880 I Finsky  : [5552] upm.c(10): Retrieved DSE selection state is true (cache=upq@54d557c)
08-03 22:05:54.175 18789 18880 I Finsky  : [5552] upw.a(-1): DSE selection state after sync is true (cache=upq@54d557c)
08-03 22:05:54.175 18789 18880 I Finsky  : [5552] mok.d(1): beginRecoverGmscoreIfApplicable
08-03 22:05:54.183 18789 25075 W ProxyAndroidLoggerBackend: Too many Flogger logs received before configuration. Dropping old logs.
08-03 22:05:54.192 21465 21575 I art     : Explicit concurrent mark sweep GC freed 174(11KB) AllocSpace objects, 0(0B) LOS objects, 23% free, 51MB/67MB, paused 1.436ms total 38.338ms
08-03 22:05:54.193 18789 18880 I Finsky  : [5552] mok.d(2): No target version, skip Gmscore recovery.
08-03 22:05:54.205 21465 21575 I art     : Starting a blocking GC Explicit
08-03 22:05:54.214 21465 22209 D MYTAG   : interceptor 2a
08-03 22:05:54.214 21465 22209 I NAPPA_EXPERIMENTATION: MetricNetworkRequestExecutionTime: REQUEST_DURATION_SYSTEM='178',REQUEST_DURATION_OKHTTP='142',REQUEST_SYNCHRONOUS='TRUE',RESPONSE_CODE='404',RESPONSE_METHOD='GET',RESPONSE_LENGTH_OKHTTP='-1',RESPONSE_LENGTH_HEADER='1503',REQUEST_PROTOCOL='h2',REQUEST_URL='https://fab.industries/sixgun/files/linuxoutlaws.jpg',
08-03 22:05:54.220 21465 21465 W Glide   : Load failed for http://sixgun.org/files/linuxoutlaws.jpg with size [224x224]
08-03 22:05:54.220 21465 21465 W Glide   : class com.bumptech.glide.load.engine.GlideException: Failed to load resource
08-03 22:05:54.220 21465 21465 W Glide   : There was 1 cause:
08-03 22:05:54.220 21465 21465 W Glide   : com.bumptech.glide.load.HttpException()
08-03 22:05:54.220 21465 21465 W Glide   :  call GlideException#logRootCauses(String) for more detail
08-03 22:05:54.220 21465 21465 W Glide   :   Cause (1 of 1): class com.bumptech.glide.load.engine.GlideException: Fetching data failed, class java.io.InputStream, REMOTE
08-03 22:05:54.220 21465 21465 W Glide   : There was 1 cause:
08-03 22:05:54.220 21465 21465 W Glide   : com.bumptech.glide.load.HttpException()
08-03 22:05:54.220 21465 21465 W Glide   :  call GlideException#logRootCauses(String) for more detail
08-03 22:05:54.220 21465 21465 W Glide   :     Cause (1 of 1): class com.bumptech.glide.load.HttpException: 
08-03 22:05:54.221 21465 21465 I Glide   : Root cause (1 of 1)
08-03 22:05:54.221 21465 21465 I Glide   : com.bumptech.glide.load.HttpException: 
08-03 22:05:54.221 21465 21465 I Glide   : 	at com.bumptech.glide.integration.okhttp3.OkHttpStreamFetcher.onResponse(OkHttpStreamFetcher.java:73)
08-03 22:05:54.221 21465 21465 I Glide   : 	at okhttp3.RealCall$AsyncCall.execute(RealCall.java:174)
08-03 22:05:54.221 21465 21465 I Glide   : 	at okhttp3.internal.NamedRunnable.run(NamedRunnable.java:32)
08-03 22:05:54.221 21465 21465 I Glide   : 	at java.util.concurrent.ThreadPoolExecutor.runWorker(ThreadPoolExecutor.java:1113)
08-03 22:05:54.221 21465 21465 I Glide   : 	at java.util.concurrent.ThreadPoolExecutor$Worker.run(ThreadPoolExecutor.java:588)
08-03 22:05:54.221 21465 21465 I Glide   : 	at java.lang.Thread.run(Thread.java:818)
08-03 22:05:54.221 21465 21465 W Glide   : Load failed for http://sixgun.org/files/linuxoutlaws.jpg with size [224x224]
08-03 22:05:54.221 21465 21465 W Glide   : class com.bumptech.glide.load.engine.GlideException: Failed to load resource
08-03 22:05:54.221 21465 21465 W Glide   : There was 1 cause:
08-03 22:05:54.221 21465 21465 W Glide   : com.bumptech.glide.load.HttpException()
08-03 22:05:54.221 21465 21465 W Glide   :  call GlideException#logRootCauses(String) for more detail
08-03 22:05:54.221 21465 21465 W Glide   :   Cause (1 of 1): class com.bumptech.glide.load.engine.GlideException: Fetching data failed, class java.io.InputStream, REMOTE
08-03 22:05:54.221 21465 21465 W Glide   : There was 1 cause:
08-03 22:05:54.221 21465 21465 W Glide   : com.bumptech.glide.load.HttpException()
08-03 22:05:54.221 21465 21465 W Glide   :  call GlideException#logRootCauses(String) for more detail
08-03 22:05:54.221 21465 21465 W Glide   :     Cause (1 of 1): class com.bumptech.glide.load.HttpException: 
08-03 22:05:54.222 21465 21465 I Glide   : Root cause (1 of 1)
08-03 22:05:54.222 21465 21465 I Glide   : com.bumptech.glide.load.HttpException: 
08-03 22:05:54.222 21465 21465 I Glide   : 	at com.bumptech.glide.integration.okhttp3.OkHttpStreamFetcher.onResponse(OkHttpStreamFetcher.java:73)
08-03 22:05:54.222 21465 21465 I Glide   : 	at okhttp3.RealCall$AsyncCall.execute(RealCall.java:174)
08-03 22:05:54.222 21465 21465 I Glide   : 	at okhttp3.internal.NamedRunnable.run(NamedRunnable.java:32)
08-03 22:05:54.222 21465 21465 I Glide   : 	at java.util.concurrent.ThreadPoolExecutor.runWorker(ThreadPoolExecutor.java:1113)
08-03 22:05:54.222 21465 21465 I Glide   : 	at java.util.concurrent.ThreadPoolExecutor$Worker.run(ThreadPoolExecutor.java:588)
08-03 22:05:54.222 21465 21465 I Glide   : 	at java.lang.Thread.run(Thread.java:818)
08-03 22:05:54.227 18789 18880 I Finsky  : [5552] dap.a(27): getDfeApiOrNonauthenticated is returning unauth api
08-03 22:05:54.228 18789 18880 I Finsky  : [5552] jbw.c(2): Account name null when calculating account hash
08-03 22:05:54.229 18789 18880 I Finsky  : [5552] jbw.a(15): Token already exists - returning!
08-03 22:05:54.229 18789 18880 I Finsky  : [5552] xzy.a(1): Request device config token was successful in self update.
08-03 22:05:54.231 18789 25075 W ProxyAndroidLoggerBackend: Too many Flogger logs received before configuration. Dropping old logs.
08-03 22:05:54.231 18789 25075 W ProxyAndroidLoggerBackend: Too many Flogger logs received before configuration. Dropping old logs.
08-03 22:05:54.234 18789 18878 I Finsky  : [5550] upj.c(7): Already at the latest configurations for experiment package com.google.android.finsky.stable.
08-03 22:05:54.234 18789 18878 I Finsky  : [5550] upm.c(10): Retrieved DSE selection state is true (cache=upq@54d557c)
08-03 22:05:54.235 18789 18878 I Finsky  : [5550] upw.a(-1): DSE selection state after sync is true (cache=upq@54d557c)
08-03 22:05:54.248 21465 21575 I art     : Explicit concurrent mark sweep GC freed 386(67KB) AllocSpace objects, 0(0B) LOS objects, 23% free, 51MB/67MB, paused 1.574ms total 42.498ms
08-03 22:05:54.271 18789 18891 I Finsky  : [5558] jbw.c(2): Account name null when calculating account hash
08-03 22:05:54.382   380   380 W SurfaceFlinger: couldn't log to binary event log: overflow.
08-03 22:05:54.578 21465 21477 I art     : Starting a blocking GC Explicit
08-03 22:05:54.634 21465 21477 I art     : Explicit concurrent mark sweep GC freed 2181(116KB) AllocSpace objects, 1(20KB) LOS objects, 23% free, 51MB/67MB, paused 1.768ms total 54.808ms
08-03 22:05:54.635 21465 21476 I art     : WaitForGcToComplete blocked for 30.046ms for cause HeapTrim
08-03 22:05:54.651 21465 21477 I art     : Starting a blocking GC Explicit
08-03 22:05:54.699 21465 21477 I art     : Explicit concurrent mark sweep GC freed 2880(236KB) AllocSpace objects, 1(28KB) LOS objects, 23% free, 50MB/66MB, paused 1.688ms total 47.515ms
08-03 22:05:54.713 21465 21477 I art     : Starting a blocking GC Explicit
08-03 22:05:54.757 21465 21477 I art     : Explicit concurrent mark sweep GC freed 3(96B) AllocSpace objects, 0(0B) LOS objects, 23% free, 50MB/66MB, paused 1.542ms total 43.910ms
08-03 22:05:54.771 21465 21477 I art     : Starting a blocking GC Explicit
08-03 22:05:54.815 21465 21477 I art     : Explicit concurrent mark sweep GC freed 3(96B) AllocSpace objects, 0(0B) LOS objects, 23% free, 50MB/66MB, paused 1.598ms total 44.022ms
08-03 22:05:54.828 21465 21477 I art     : Starting a blocking GC Explicit
08-03 22:05:54.873 21465 21477 I art     : Explicit concurrent mark sweep GC freed 3(96B) AllocSpace objects, 0(0B) LOS objects, 23% free, 50MB/66MB, paused 1.576ms total 44.373ms
08-03 22:05:55.166   918  3188 I hubconnection: sensorhub said: 'set_bias 3: -5.3472, 0.0000, 0.0000'
08-03 22:05:55.233 21465 21803 I art     : Starting a blocking GC Explicit
08-03 22:05:55.241 23641 23641 I ServiceManager: Waiting for service AtCmdFwd...
08-03 22:05:55.282 21465 21803 I art     : Explicit concurrent mark sweep GC freed 1412(82KB) AllocSpace objects, 1(20KB) LOS objects, 23% free, 50MB/66MB, paused 1.652ms total 49.136ms
08-03 22:05:55.295 21465 21803 I art     : Starting a blocking GC Explicit
08-03 22:05:55.337 21465 21803 I art     : Explicit concurrent mark sweep GC freed 23(752B) AllocSpace objects, 0(0B) LOS objects, 23% free, 50MB/66MB, paused 1.617ms total 41.568ms
08-03 22:05:55.350 21465 21803 I art     : Starting a blocking GC Explicit
08-03 22:05:55.392 21465 21803 I art     : Explicit concurrent mark sweep GC freed 3(96B) AllocSpace objects, 0(0B) LOS objects, 23% free, 50MB/66MB, paused 1.675ms total 42.092ms
08-03 22:05:55.405 21465 21803 I art     : Starting a blocking GC Explicit
08-03 22:05:55.447 21465 21803 I art     : Explicit concurrent mark sweep GC freed 3(96B) AllocSpace objects, 0(0B) LOS objects, 23% free, 50MB/66MB, paused 1.700ms total 42.299ms
08-03 22:05:55.460 21465 21803 I art     : Starting a blocking GC Explicit
08-03 22:05:55.502 21465 21803 I art     : Explicit concurrent mark sweep GC freed 3(96B) AllocSpace objects, 0(0B) LOS objects, 23% free, 50MB/66MB, paused 1.610ms total 41.772ms
08-03 22:05:55.804 25141 25141 D AndroidRuntime: >>>>>> START com.android.internal.os.RuntimeInit uid 2000 <<<<<<
08-03 22:05:55.811 25141 25141 D AndroidRuntime: CheckJNI is OFF
08-03 22:05:55.852 25141 25141 D ICU     : No timezone override file found: /data/misc/zoneinfo/current/icu/icu_tzdata.dat
08-03 22:05:55.862 21465 21575 I art     : Starting a blocking GC Explicit
08-03 22:05:55.894 25141 25141 I Radio-JNI: register_android_hardware_Radio DONE
08-03 22:05:55.907 21465 21575 I art     : Explicit concurrent mark sweep GC freed 1441(83KB) AllocSpace objects, 1(20KB) LOS objects, 23% free, 50MB/66MB, paused 1.710ms total 44.605ms
08-03 22:05:55.921 21465 21575 I art     : Starting a blocking GC Explicit
08-03 22:05:55.924 25141 25141 D AndroidRuntime: Calling main entry com.android.commands.input.Input
08-03 22:05:55.925 25141 25141 I Input   : injectKeyEvent: KeyEvent { action=ACTION_DOWN, keyCode=KEYCODE_BACK, scanCode=0, metaState=0, flags=0x0, repeatCount=0, eventTime=655572338, downTime=655572338, deviceId=-1, source=0x101 }
08-03 22:05:55.931 25141 25141 I Input   : injectKeyEvent: KeyEvent { action=ACTION_UP, keyCode=KEYCODE_BACK, scanCode=0, metaState=0, flags=0x0, repeatCount=0, eventTime=655572338, downTime=655572338, deviceId=-1, source=0x101 }
08-03 22:05:55.953 25141 25141 D AndroidRuntime: Shutting down VM
08-03 22:05:55.962 21465 21575 I art     : Explicit concurrent mark sweep GC freed 1790(74KB) AllocSpace objects, 0(0B) LOS objects, 23% free, 51MB/67MB, paused 2.044ms total 40.965ms
08-03 22:05:55.975 21465 21575 I art     : Starting a blocking GC Explicit
08-03 22:05:56.017 21465 21575 I art     : Explicit concurrent mark sweep GC freed 413(15KB) AllocSpace objects, 0(0B) LOS objects, 23% free, 51MB/67MB, paused 1.470ms total 41.086ms
08-03 22:05:56.030 21465 21575 I art     : Starting a blocking GC Explicit
08-03 22:05:56.072 21465 21575 I art     : Explicit concurrent mark sweep GC freed 5351(394KB) AllocSpace objects, 9(1620KB) LOS objects, 24% free, 49MB/65MB, paused 1.649ms total 41.832ms
08-03 22:05:56.084 21465 21575 I art     : Starting a blocking GC Explicit
08-03 22:05:56.126 21465 21575 I art     : Explicit concurrent mark sweep GC freed 23(896B) AllocSpace objects, 0(0B) LOS objects, 24% free, 49MB/65MB, paused 1.701ms total 40.961ms
08-03 22:05:56.242 23641 23641 I ServiceManager: Waiting for service AtCmdFwd...
08-03 22:05:56.479 21465 21803 I art     : Starting a blocking GC Explicit
08-03 22:05:56.533 21465 21803 I art     : Explicit concurrent mark sweep GC freed 1382(82KB) AllocSpace objects, 1(20KB) LOS objects, 24% free, 49MB/65MB, paused 1.853ms total 53.462ms
08-03 22:05:56.548 21465 21803 I art     : Starting a blocking GC Explicit
08-03 22:05:56.591 21465 21803 I art     : Explicit concurrent mark sweep GC freed 23(752B) AllocSpace objects, 0(0B) LOS objects, 24% free, 49MB/65MB, paused 1.646ms total 42.596ms
08-03 22:05:56.604 21465 21803 I art     : Starting a blocking GC Explicit
08-03 22:05:56.646 21465 21803 I art     : Explicit concurrent mark sweep GC freed 3(96B) AllocSpace objects, 0(0B) LOS objects, 24% free, 49MB/65MB, paused 1.634ms total 42.378ms
08-03 22:05:56.659 21465 21803 I art     : Starting a blocking GC Explicit
08-03 22:05:56.702 21465 21803 I art     : Explicit concurrent mark sweep GC freed 3(96B) AllocSpace objects, 0(0B) LOS objects, 24% free, 49MB/65MB, paused 1.628ms total 42.157ms
08-03 22:05:56.715 21465 21803 I art     : Starting a blocking GC Explicit
08-03 22:05:56.757 21465 21803 I art     : Explicit concurrent mark sweep GC freed 3(96B) AllocSpace objects, 0(0B) LOS objects, 24% free, 49MB/65MB, paused 1.524ms total 41.809ms
08-03 22:05:57.129 21465 21478 I art     : Starting a blocking GC Explicit
08-03 22:05:57.182 21465 21478 I art     : Explicit concurrent mark sweep GC freed 1410(82KB) AllocSpace objects, 1(20KB) LOS objects, 24% free, 49MB/65MB, paused 1.628ms total 52.484ms
08-03 22:05:57.199 21465 21478 I art     : Starting a blocking GC Explicit
08-03 22:05:57.238 21465 21478 I art     : Explicit concurrent mark sweep GC freed 23(752B) AllocSpace objects, 0(0B) LOS objects, 24% free, 49MB/65MB, paused 1.682ms total 38.662ms
08-03 22:05:57.242 23641 23641 I ServiceManager: Waiting for service AtCmdFwd...
08-03 22:05:57.250 21465 21478 I art     : Starting a blocking GC Explicit
08-03 22:05:57.290 21465 21478 I art     : Explicit concurrent mark sweep GC freed 3(96B) AllocSpace objects, 0(0B) LOS objects, 24% free, 49MB/65MB, paused 1.628ms total 39.548ms
08-03 22:05:57.302 21465 21478 I art     : Starting a blocking GC Explicit
08-03 22:05:57.341 21465 21478 I art     : Explicit concurrent mark sweep GC freed 3(96B) AllocSpace objects, 0(0B) LOS objects, 24% free, 49MB/65MB, paused 1.557ms total 38.434ms
08-03 22:05:57.354 21465 21478 I art     : Starting a blocking GC Explicit
08-03 22:05:57.394 21465 21478 I art     : Explicit concurrent mark sweep GC freed 3(96B) AllocSpace objects, 0(0B) LOS objects, 24% free, 49MB/65MB, paused 1.666ms total 40.193ms
08-03 22:05:57.749 21465 21477 I art     : Starting a blocking GC Explicit
08-03 22:05:57.788 25188 25188 D AndroidRuntime: >>>>>> START com.android.internal.os.RuntimeInit uid 2000 <<<<<<
08-03 22:05:57.794 21465 21477 I art     : Explicit concurrent mark sweep GC freed 1409(84KB) AllocSpace objects, 1(20KB) LOS objects, 24% free, 49MB/65MB, paused 1.764ms total 45.259ms
08-03 22:05:57.794 25188 25188 D AndroidRuntime: CheckJNI is OFF
08-03 22:05:57.807 21465 21477 I art     : Starting a blocking GC Explicit
08-03 22:05:57.840 25188 25188 D ICU     : No timezone override file found: /data/misc/zoneinfo/current/icu/icu_tzdata.dat
08-03 22:05:57.850 21465 21477 I art     : Explicit concurrent mark sweep GC freed 26(848B) AllocSpace objects, 0(0B) LOS objects, 24% free, 49MB/65MB, paused 1.659ms total 42.094ms
08-03 22:05:57.862 21465 21477 I art     : Starting a blocking GC Explicit
08-03 22:05:57.886 25188 25188 I Radio-JNI: register_android_hardware_Radio DONE
08-03 22:05:57.901 21465 21477 I art     : Explicit concurrent mark sweep GC freed 3(96B) AllocSpace objects, 0(0B) LOS objects, 24% free, 49MB/65MB, paused 1.589ms total 38.778ms
08-03 22:05:57.914 21465 21477 I art     : Starting a blocking GC Explicit
08-03 22:05:57.914 25188 25188 D AndroidRuntime: Calling main entry com.android.commands.am.Am
08-03 22:05:57.925 29687 29687 I Trepn   : Trepn 6.2s: Received intent: com.quicinc.trepn.stop_profiling
08-03 22:05:57.953 21465 21477 I art     : Explicit concurrent mark sweep GC freed 3(96B) AllocSpace objects, 0(0B) LOS objects, 24% free, 49MB/65MB, paused 1.441ms total 39.231ms
08-03 22:05:57.961 29687 29687 I Trepn   : Trepn 6.2s: Trepn has Stopped Profiling.
08-03 22:05:57.966 21465 21477 I art     : Starting a blocking GC Explicit
08-03 22:05:58.002 21465 21477 I art     : Explicit concurrent mark sweep GC freed 3(96B) AllocSpace objects, 0(0B) LOS objects, 24% free, 49MB/65MB, paused 1.407ms total 36.167ms
08-03 22:05:58.072 25188 25188 D AndroidRuntime: Shutting down VM
08-03 22:05:58.076   918  3714 W AppOps  : Finishing op nesting under-run: uid 10078 pkg com.quicinc.trepn code 24 time=0 duration=0 nesting=0
08-03 22:05:58.243 23641 23641 I ServiceManager: Waiting for service AtCmdFwd...
08-03 22:05:58.357 21465 21803 I art     : Starting a blocking GC Explicit
08-03 22:05:58.395 21465 21803 I art     : Explicit concurrent mark sweep GC freed 1412(82KB) AllocSpace objects, 1(20KB) LOS objects, 24% free, 49MB/65MB, paused 1.459ms total 37.365ms
08-03 22:05:58.407 21465 21803 I art     : Starting a blocking GC Explicit
08-03 22:05:58.444 21465 21803 I art     : Explicit concurrent mark sweep GC freed 23(752B) AllocSpace objects, 0(0B) LOS objects, 24% free, 49MB/65MB, paused 1.556ms total 37.002ms
08-03 22:05:58.456 21465 21803 I art     : Starting a blocking GC Explicit
08-03 22:05:58.494 21465 21803 I art     : Explicit concurrent mark sweep GC freed 3(96B) AllocSpace objects, 0(0B) LOS objects, 24% free, 49MB/65MB, paused 1.503ms total 37.877ms
08-03 22:05:58.506 21465 21803 I art     : Starting a blocking GC Explicit
08-03 22:05:58.545 21465 21803 I art     : Explicit concurrent mark sweep GC freed 3(96B) AllocSpace objects, 0(0B) LOS objects, 24% free, 49MB/65MB, paused 1.515ms total 38.665ms
08-03 22:05:58.558 21465 21803 I art     : Starting a blocking GC Explicit
08-03 22:05:58.597 21465 21803 I art     : Explicit concurrent mark sweep GC freed 3(96B) AllocSpace objects, 0(0B) LOS objects, 24% free, 49MB/65MB, paused 1.690ms total 39.433ms
08-03 22:05:59.244 23641 23641 I ServiceManager: Waiting for service AtCmdFwd...
08-03 22:06:00.244 23641 23641 W Atfwd_Sendcmd: AtCmdFwd service not published, waiting... retryCnt : 5
