--------- beginning of main
08-03 17:37:44.722 24365 11130 W GCM     : Unexpected forwarded intent: Intent { act=android.intent.action.PACKAGE_ADDED dat=package:baseline.de.danoeh.antennapod.debug flg=0x4000010 cmp=com.google.android.gms/.chimera.PersistentIntentOperationService (has extras) }
08-03 17:37:44.726 24365 11130 W GCM     : Unexpected forwarded intent: Intent { act=android.intent.action.PACKAGE_ADDED dat=package:baseline.de.danoeh.antennapod.debug flg=0x4000010 cmp=com.google.android.gms/.chimera.PersistentIntentOperationService (has extras) }
08-03 17:37:44.731 24036 24036 I Finsky  : [1] uah.a(18): PackageMonitorReceiverImpl - Received: android.intent.action.PACKAGE_ADDED, [CFjXe5fo2ooiLur0Ju3smv2h5qnGgIsGl5_C_SkJu8g]
08-03 17:37:44.732 24036 24036 I Finsky  : [1] ubi.d(9): Invalidating cached PackageState for baseline.de.danoeh.antennapod.debug
08-03 17:37:44.740 24036 24036 I Finsky  : [1] lzi.c(2): Frosting ID looked up on UI thread. Caller should move to a background thread.
08-03 17:37:44.747 24036 24036 I Finsky  : [1] agsx.a(4): Do not start WearSupportService due to Wear service optimization
08-03 17:37:44.747 24036 24036 I Finsky  : [1] agsx.a(4): Do not start WearSupportService due to Wear service optimization
08-03 17:37:44.749 24036 24036 I Finsky  : [1] zko.a(1): Clearing split related stale data.
08-03 17:37:44.777 24036 11136 I Finsky  : [5574] eji.a(-1): Asset module storage cleared for package baseline.de.danoeh.antennapod.debug.
08-03 17:37:44.778 24036 24036 I Finsky  : [1] lzi.c(2): Frosting ID looked up on UI thread. Caller should move to a background thread.
08-03 17:37:44.788 24577 11141 I Auth    : [SupervisedAccountIntentOperation] onHandleIntent(): android.intent.action.PACKAGE_ADDED
08-03 17:37:44.815 24577 11140 I ChromeSync: [Sync,SyncIntentOperation] Handling the intent: Intent { act=android.intent.action.PACKAGE_ADDED dat=package:baseline.de.danoeh.antennapod.debug flg=0x4000010 cmp=com.google.android.gms/.chimera.GmsIntentOperationService (has extras) }.
08-03 17:37:44.851   918  3670 I AccountManagerService: getTypesVisibleToCaller: isPermitted? true
--------- beginning of system
08-03 17:37:44.920   918  3359 W ActivityManager: Unbind failed: could not find connection for android.os.BinderProxy@62cc610
08-03 17:37:44.943 24577 24621 E GmsClient: unable to connect to service: com.google.android.gms.auth.key.retrieval.service.START on com.google.android.gms
08-03 17:37:44.951   918  6110 I AccountManagerService: getTypesVisibleToCaller: isPermitted? true
08-03 17:37:44.954 24577 11140 I ChromeSync: [Persistence,AffiliationManager] One of affiliation or grouping data for android://bz0hZa4nAJEtd0n5sRlXG7KAqctUMWVefv7Ki4mh1p6slZ9YO-n9gS9j8m9YCrsIyI2wIxrDHraumF9Y6pBLTA==@baseline.de.danoeh.antennapod.debug/ was not found. Marking affiliation data as stale...
08-03 17:37:45.007 24036 11134 I Finsky  : [5572] lyv.run(-1): Wrote row to frosting DB: 1996
08-03 17:37:45.009   918   929 I AccountManagerService: getTypesVisibleToCaller: isPermitted? true
08-03 17:37:45.047 24036 11134 I Finsky  : [5572] lyv.run(-1): Wrote row to frosting DB: 1997
08-03 17:37:45.102 24577 13294 I Icing   : IndexChimeraService.getServiceInterface callingPackage=com.google.android.gms componentName=AppsCorpus serviceId=36
08-03 17:37:45.122 24577 29796 W Icing   : No valid account for uploading user actions
08-03 17:37:45.150 24577 13316 I Icing   : IndexChimeraService.getServiceInterface callingPackage=com.google.android.gms componentName=null serviceId=30
08-03 17:37:45.176 24036 24036 I Finsky  : [1] xmu.a(8): SCH: Jobs in database: 1-1337 3-177 3-178 12-1 24-77777777 26-1414141414 
08-03 17:37:45.178 24577 29796 I Icing   : Usage reports ok 1, Failed Usage reports 0, indexed 0, rejected 0
08-03 17:37:45.178 24036 24036 I Finsky  : [1] xio.a(57): SCH: ConstraintMapping: 24-77777777,  -> L: 0ms, D: 12503924ms, C: false, I: true, N: 0
08-03 17:37:45.179 24036 24036 I Finsky  : [1] xio.a(57): SCH: ConstraintMapping: 1-1337, 12-1,  -> L: 14603ms, D: 59287729ms, C: false, I: false, N: 1
08-03 17:37:45.180 24036 24036 I Finsky  : [1] xio.a(57): SCH: ConstraintMapping: 3-177,  -> L: 0ms, D: 84049160ms, C: false, I: true, N: 2
08-03 17:37:45.180 24036 24036 I Finsky  : [1] xio.a(57): SCH: ConstraintMapping: 3-178,  -> L: 0ms, D: 84049211ms, C: true, I: true, N: 2
08-03 17:37:45.181 24036 24036 I Finsky  : [1] xio.a(57): SCH: ConstraintMapping: 26-1414141414,  -> L: 20159977ms, D: 21059977ms, C: false, I: false, N: 0
08-03 17:37:45.182 24577 29796 W Icing   : No valid account for uploading user actions
08-03 17:37:45.183 24036 11135 I Finsky  : [5573] gzn.a(-1): [ContentSync] finished, scheduled=true
08-03 17:37:45.183 24577 13316 I Icing   : IndexChimeraService.getServiceInterface callingPackage=com.google.android.gms componentName=null serviceId=36
08-03 17:37:45.194 24577 29796 I Icing   : Usage reports ok 0, Failed Usage reports 0, indexed 0, rejected 0
08-03 17:37:45.195 24577 29796 I Icing   : Indexing com.google.android.gms-internal.3p:MobileApplication from com.google.android.gms using seqno 763
08-03 17:37:45.199 24036 24036 I Finsky  : [1] xle.a(34): Cancelling existing jobscheduler jobs: 9003 9007 9000 9008 9010 9002 9004 9009 9005 9006 
08-03 17:37:45.200 24036 24036 I Finsky  : [1] xle.a(27): Scheduling job Id: 9001, L: 0, D: 12503924, C: false, I: true, N: 0
08-03 17:37:45.201 24036 24036 I Finsky  : [1] xle.a(27): Scheduling job Id: 9011, L: 14603, D: 59287729, C: false, I: false, N: 1
08-03 17:37:45.203 24036 24036 I Finsky  : [1] xle.a(27): Scheduling job Id: 9012, L: 0, D: 84049160, C: false, I: true, N: 2
08-03 17:37:45.205 24036 24036 I Finsky  : [1] xle.a(27): Scheduling job Id: 9013, L: 0, D: 84049211, C: true, I: true, N: 2
08-03 17:37:45.207 24036 24036 I Finsky  : [1] xle.a(27): Scheduling job Id: 9014, L: 20159977, D: 21059977, C: false, I: false, N: 0
08-03 17:37:45.208 24036 24036 I Finsky  : [1] xle.a(27): Scheduling job Id: 9015, L: 0, D: 12503924, C: false, I: true, N: 0
08-03 17:37:45.210 24036 24036 I Finsky  : [1] xle.a(27): Scheduling job Id: 9016, L: 14603, D: 59287729, C: false, I: false, N: 1
08-03 17:37:45.211 24036 24036 I Finsky  : [1] xle.a(27): Scheduling job Id: 9017, L: 0, D: 84049160, C: false, I: true, N: 2
08-03 17:37:45.213 24036 24036 I Finsky  : [1] xle.a(27): Scheduling job Id: 9018, L: 0, D: 84049211, C: true, I: true, N: 2
08-03 17:37:45.214 24036 24036 I Finsky  : [1] xle.a(27): Scheduling job Id: 9019, L: 20159977, D: 21059977, C: false, I: false, N: 0
08-03 17:37:45.225 24577 29796 W Icing   : No valid account for uploading user actions
08-03 17:37:45.238 24577 29796 I Icing   : Usage reports ok 0, Failed Usage reports 0, indexed 0, rejected 0
08-03 17:37:45.244 11167 11167 D AndroidRuntime: >>>>>> START com.android.internal.os.RuntimeInit uid 2000 <<<<<<
08-03 17:37:45.247 11167 11167 D AndroidRuntime: CheckJNI is OFF
08-03 17:37:45.269 11167 11167 D ICU     : No timezone override file found: /data/misc/zoneinfo/current/icu/icu_tzdata.dat
08-03 17:37:45.296 11167 11167 I Radio-JNI: register_android_hardware_Radio DONE
08-03 17:37:45.312 11167 11167 D AndroidRuntime: Calling main entry com.android.commands.monkey.Monkey
08-03 17:37:45.326   918   931 W BroadcastQueue: Skipping deliver [background] BroadcastRecord{362cc5d u-1 android.net.conn.CONNECTIVITY_CHANGE} to ReceiverList{84389d2 11167 (unknown name)/2000/u-1 remote:f1ef507}: process crashing
08-03 17:37:45.334   918  5132 I ActivityManager: START u0 {act=android.intent.action.MAIN cat=[android.intent.category.LAUNCHER] flg=0x10200000 cmp=baseline.de.danoeh.antennapod.debug/baseline.de.danoeh.antennapod.activity.SplashActivity} from uid 2000 on display 0
08-03 17:37:45.351 11177 11177 I art     : Late-enabling -Xcheck:jni
08-03 17:37:45.353   918  5481 I ActivityManager: Start proc 11177:baseline.de.danoeh.antennapod.debug/u0a633 for activity baseline.de.danoeh.antennapod.debug/baseline.de.danoeh.antennapod.activity.SplashActivity
08-03 17:37:45.361 11167 11167 I art     : System.exit called, status: 0
08-03 17:37:45.361 11167 11167 I AndroidRuntime: VM exiting with result code 0.
08-03 17:37:45.405 11177 11177 W System  : ClassLoader referenced unknown path: /data/app/baseline.de.danoeh.antennapod.debug-1/lib/arm64
08-03 17:37:45.418 11177 11177 D UserPreferences: Creating new instance of UserPreferences
08-03 17:37:45.419 11177 11177 D UserPreferences: Using default data folder
08-03 17:37:45.425 11177 11177 D UserPreferences: Import directory already exists
08-03 17:37:45.426 11177 11177 D UserPreferences: .nomedia file created
08-03 17:37:45.428 11177 11177 D UpdateManager: old: -1, current: 1070296
08-03 17:37:45.430 11177 11177 D SleepTimerPreferences: Creating new instance of SleepTimerPreferences
08-03 17:37:45.439  6202 24327 I PBSessionCacheImpl: Deleted sessionId[27278280657311515] from persistence.
08-03 17:37:45.443  6202  6241 W SearchServiceCore: Abort, client detached.
08-03 17:37:45.443  6202  6241 I MicroDetectionState: Should stop hotword detection immediately - true
08-03 17:37:45.445 11177 11177 D SPAUtil : Sending SP_APPS_QUERY_FEEDS intent
08-03 17:37:45.474 11177 11177 W art     : Before Android 4.1, method android.graphics.PorterDuffColorFilter androidx.vectordrawable.graphics.drawable.VectorDrawableCompat.updateTintFilter(android.graphics.PorterDuffColorFilter, android.content.res.ColorStateList, android.graphics.PorterDuff$Mode) would have incorrectly overridden the package-private method in android.graphics.drawable.Drawable
08-03 17:37:45.499 11177 11177 I art     : Rejecting re-init on previously-failed class java.lang.Class<androidx.core.view.ViewCompat$2>
08-03 17:37:45.499 11177 11177 I art     : Rejecting re-init on previously-failed class java.lang.Class<androidx.core.view.ViewCompat$2>
08-03 17:37:45.523 11177 11198 D OpenGLRenderer: Use EGL_SWAP_BEHAVIOR_PRESERVED: true
08-03 17:37:45.559 11177 11198 I Adreno  : QUALCOMM build                   : fcf4852, I1af360237c
08-03 17:37:45.559 11177 11198 I Adreno  : Build Date                       : 09/23/15
08-03 17:37:45.559 11177 11198 I Adreno  : OpenGL ES Shader Compiler Version: XE031.05.13.02
08-03 17:37:45.559 11177 11198 I Adreno  : Local Branch                     : mybranch14465806
08-03 17:37:45.559 11177 11198 I Adreno  : Remote Branch                    : quic/LA.BF64.1.2.9_v2
08-03 17:37:45.559 11177 11198 I Adreno  : Remote Branch                    : NONE
08-03 17:37:45.559 11177 11198 I Adreno  : Reconstruct Branch               : NOTHING
08-03 17:37:45.565 11177 11198 I OpenGLRenderer: Initialized EGL, version 1.4
08-03 17:37:45.593   918  6029 I ActivityManager: START u0 {cmp=baseline.de.danoeh.antennapod.debug/baseline.de.danoeh.antennapod.activity.MainActivity} from uid 10633 on display 0
08-03 17:37:45.595 13866 13866 I GoogleInputMethodServic: GoogleInputMethodService.onFinishInput():3138 
08-03 17:37:45.596 13866 13866 I GoogleInputMethodServic: GoogleInputMethodService.onStartInput():1808 
08-03 17:37:45.744 11177 11177 D UserPreferences: Using default data folder
08-03 17:37:45.849 11177 11177 D MainActivity: getLastNavFragment() -> QueueFragment
08-03 17:37:45.850 11177 11177 D MainActivity: loadFragment(tag: QueueFragment, args: null)
08-03 17:37:45.854 11177 11177 D MainActivity: saveLastNavFragment(tag: QueueFragment)
08-03 17:37:45.855 11177 11177 D MainActivity: getLastNavFragment() -> QueueFragment
08-03 17:37:45.857 11177 11177 D UserPreferences: timeOfDay: []
08-03 17:37:45.860 11177 11177 D AutoUpdateManager: Restarting update alarm.
08-03 17:37:45.861 11177 11177 D AutoUpdateManager: Changed alarm to new interval 12 h
08-03 17:37:45.886 11177 11177 D UserPreferences: timeOfDay: []
08-03 17:37:45.887 11177 11177 D AutoUpdateManager: Restarting update alarm.
08-03 17:37:45.888 11177 11177 D AutoUpdateManager: Changed alarm to new interval 12 h
08-03 17:37:45.925 11177 11177 D ExternalPlayerFragment: Loading media info
08-03 17:37:45.927 11177 11177 D QueueFragment: loadItems()
08-03 17:37:45.931 11177 11197 D DBReader: getQueue() called
08-03 17:37:45.931 11177 11197 D DBReader: getQueue()
08-03 17:37:45.932 11177 11197 D DBReader: getFavoriteIDList() called
08-03 17:37:45.933 11177 11197 D DBReader: getQueueIDList() called
08-03 17:37:45.933 11177 11197 D DBReader: Extracting Feedlist
08-03 17:37:45.935 11177 11177 V PlaybackController: initServiceNotRunning()
08-03 17:37:45.936 11177 11177 D ExternalPlayerFragment: Loading media info
08-03 17:37:45.939 11177 11177 D UserPreferences: Using default data folder
08-03 17:37:45.941 11177 11177 D AutoUpdateManager: last refresh: 443463 hours 37 minutes ago
08-03 17:37:45.941 11177 11197 D DBReader: getNavDrawerData() called with: 
08-03 17:37:45.946 11177 11197 D DBReader: getDownloadedItems() called
08-03 17:37:45.948 11177 11197 D DBReader: getFavoriteIDList() called
08-03 17:37:45.949 11177 11197 D DBReader: getQueueIDList() called
08-03 17:37:45.951 11177 11197 D DBReader: Extracting Feedlist
08-03 17:37:45.966   380   380 W SurfaceFlinger: couldn't log to binary event log: overflow.
08-03 17:37:46.180 24577 29796 I Icing   : Indexing com.google.android.gms-apps from com.google.android.gms
08-03 17:37:46.197   918   936 I ActivityManager: Displayed baseline.de.danoeh.antennapod.debug/baseline.de.danoeh.antennapod.activity.MainActivity: +499ms (total +857ms)
08-03 17:37:46.199 11177 11177 D MainActivity: getLastNavFragment() -> QueueFragment
08-03 17:37:46.199 11177 11177 D MainActivity: handleNavIntent()
08-03 17:37:46.203 13866 13866 I GoogleInputMethodServic: GoogleInputMethodService.onFinishInput():3138 
08-03 17:37:46.204 13866 13866 I GoogleInputMethodServic: GoogleInputMethodService.onStartInput():1808 
08-03 17:37:46.229 24577 29796 I Icing   : Indexing done com.google.android.gms-apps
08-03 17:37:46.234 29532 29532 W PathParser: Points are too far apart 4.030360828967057
08-03 17:37:46.234 29532 29532 W PathParser: Points are too far apart 4.030360538880159
08-03 17:37:46.250 29532 29532 W PathParser: Points are too far apart 4.030360828967057
08-03 17:37:46.251 29532 29532 W PathParser: Points are too far apart 4.030360538880159
08-03 17:37:46.269 29532 29532 W PathParser: Points are too far apart 4.030360828967057
08-03 17:37:46.269 29532 29532 W PathParser: Points are too far apart 4.030360538880159
08-03 17:37:46.283 29532 29532 W PathParser: Points are too far apart 4.030360828967057
08-03 17:37:46.283 29532 29532 W PathParser: Points are too far apart 4.030360538880159
08-03 17:37:46.300 29532 29532 W PathParser: Points are too far apart 4.030360828967057
08-03 17:37:46.300 29532 29532 W PathParser: Points are too far apart 4.030360538880159
08-03 17:37:46.317 29532 29532 W PathParser: Points are too far apart 4.030360828967057
08-03 17:37:46.317 29532 29532 W PathParser: Points are too far apart 4.030360538880159
08-03 17:37:46.333 29532 29532 W PathParser: Points are too far apart 4.030360828967057
08-03 17:37:46.334 29532 29532 W PathParser: Points are too far apart 4.030360538880159
08-03 17:37:46.350 29532 29532 W PathParser: Points are too far apart 4.030360828967057
08-03 17:37:46.350 29532 29532 W PathParser: Points are too far apart 4.030360538880159
08-03 17:37:46.925 11221 11221 D AndroidRuntime: >>>>>> START com.android.internal.os.RuntimeInit uid 2000 <<<<<<
08-03 17:37:46.931 11221 11221 D AndroidRuntime: CheckJNI is OFF
08-03 17:37:46.953 11177 11224 D DBReader: Extracting Feedlist
08-03 17:37:46.955 11177 11224 D FlattrUtils: Retrieving access token
08-03 17:37:46.956 11177 11224 D FlattrUtils: No access token found
08-03 17:37:46.958 11177 11224 I art     : Rejecting re-init on previously-failed class java.lang.Class<androidx.core.app.JobIntentService$JobServiceEngineImpl>
08-03 17:37:46.959 11177 11224 I art     : Rejecting re-init on previously-failed class java.lang.Class<androidx.core.app.JobIntentService$JobServiceEngineImpl>
08-03 17:37:46.959 11177 11224 I art     : Rejecting re-init on previously-failed class java.lang.Class<androidx.core.app.SafeJobIntentService$SafeJobServiceEngineImpl>
08-03 17:37:46.960 11177 11224 I art     : Rejecting re-init on previously-failed class java.lang.Class<androidx.core.app.SafeJobIntentService$SafeJobServiceEngineImpl>
08-03 17:37:46.968 11221 11221 D ICU     : No timezone override file found: /data/misc/zoneinfo/current/icu/icu_tzdata.dat
08-03 17:37:47.000 11221 11221 I Radio-JNI: register_android_hardware_Radio DONE
08-03 17:37:47.016 11221 11221 D AndroidRuntime: Calling main entry com.android.commands.am.Am
08-03 17:37:47.032 24512 24512 I Trepn   : Trepn 6.2s: Received intent: com.quicinc.trepn.start_profiling
08-03 17:37:47.215 24512 24512 W FileUtils: Failed to chmod(/storage/emulated/0/trepn/Trepn_2020.08.03_173747.db): android.system.ErrnoException: chmod failed: EPERM (Operation not permitted)
08-03 17:37:47.392 24512 24512 I Trepn   : Trepn 6.2s: Trepn has Started Profiling.
08-03 17:37:47.394 11221 11221 D AndroidRuntime: Shutting down VM
08-03 17:37:47.410 13866 13866 I GoogleInputMethodServic: GoogleInputMethodService.onFinishInput():3138 
08-03 17:37:47.411 13866 13866 I GoogleInputMethodServic: GoogleInputMethodService.onStartInput():1808 
08-03 17:37:47.856 11177 11190 I art     : Starting a blocking GC Explicit
08-03 17:37:47.878 11177 11190 I art     : Explicit concurrent mark sweep GC freed 8853(1082KB) AllocSpace objects, 5(100KB) LOS objects, 40% free, 23MB/38MB, paused 190us total 22.423ms
08-03 17:37:47.888 11177 11190 I art     : Starting a blocking GC Explicit
08-03 17:37:47.901 11177 11190 I art     : Explicit concurrent mark sweep GC freed 3108(182KB) AllocSpace objects, 2(588KB) LOS objects, 40% free, 22MB/37MB, paused 156us total 12.916ms
08-03 17:37:47.907 11177 11190 I art     : Starting a blocking GC Explicit
08-03 17:37:47.919 11177 11190 I art     : Explicit concurrent mark sweep GC freed 3(96B) AllocSpace objects, 0(0B) LOS objects, 40% free, 22MB/37MB, paused 139us total 11.734ms
08-03 17:37:47.925 11177 11190 I art     : Starting a blocking GC Explicit
08-03 17:37:47.937 11177 11190 I art     : Explicit concurrent mark sweep GC freed 3(96B) AllocSpace objects, 0(0B) LOS objects, 40% free, 22MB/37MB, paused 151us total 12.153ms
08-03 17:37:47.943 11177 11190 I art     : Starting a blocking GC Explicit
08-03 17:37:47.955 11177 11190 I art     : Explicit concurrent mark sweep GC freed 3(96B) AllocSpace objects, 0(0B) LOS objects, 40% free, 22MB/37MB, paused 145us total 11.971ms
08-03 17:37:48.239 11177 11189 I art     : Starting a blocking GC Explicit
08-03 17:37:48.258 11177 11189 I art     : Explicit concurrent mark sweep GC freed 1369(82KB) AllocSpace objects, 1(20KB) LOS objects, 40% free, 22MB/37MB, paused 170us total 18.777ms
08-03 17:37:48.268 11177 11189 I art     : Starting a blocking GC Explicit
08-03 17:37:48.282 11177 11189 I art     : Explicit concurrent mark sweep GC freed 23(752B) AllocSpace objects, 0(0B) LOS objects, 40% free, 22MB/37MB, paused 152us total 12.891ms
08-03 17:37:48.288 11177 11189 I art     : Starting a blocking GC Explicit
08-03 17:37:48.301 11177 11189 I art     : Explicit concurrent mark sweep GC freed 3(96B) AllocSpace objects, 0(0B) LOS objects, 40% free, 22MB/37MB, paused 152us total 12.900ms
08-03 17:37:48.308 11177 11189 I art     : Starting a blocking GC Explicit
08-03 17:37:48.320 11177 11189 I art     : Explicit concurrent mark sweep GC freed 3(96B) AllocSpace objects, 0(0B) LOS objects, 40% free, 22MB/37MB, paused 141us total 12.393ms
08-03 17:37:48.327 11177 11189 I art     : Starting a blocking GC Explicit
08-03 17:37:48.339 11177 11189 I art     : Explicit concurrent mark sweep GC freed 3(96B) AllocSpace objects, 0(0B) LOS objects, 40% free, 22MB/37MB, paused 130us total 12.318ms
08-03 17:37:48.651 11177 11190 I art     : Starting a blocking GC Explicit
08-03 17:37:48.667 11177 11190 I art     : Explicit concurrent mark sweep GC freed 1386(80KB) AllocSpace objects, 1(20KB) LOS objects, 40% free, 22MB/37MB, paused 192us total 16.225ms
08-03 17:37:48.675 11177 11190 I art     : Starting a blocking GC Explicit
08-03 17:37:48.688 11177 11190 I art     : Explicit concurrent mark sweep GC freed 23(752B) AllocSpace objects, 0(0B) LOS objects, 40% free, 22MB/37MB, paused 176us total 12.899ms
08-03 17:37:48.694 11177 11190 I art     : Starting a blocking GC Explicit
08-03 17:37:48.707 11177 11190 I art     : Explicit concurrent mark sweep GC freed 3(96B) AllocSpace objects, 0(0B) LOS objects, 40% free, 22MB/37MB, paused 150us total 12.342ms
08-03 17:37:48.713 11177 11190 I art     : Starting a blocking GC Explicit
08-03 17:37:48.725 11177 11190 I art     : Explicit concurrent mark sweep GC freed 3(96B) AllocSpace objects, 0(0B) LOS objects, 40% free, 22MB/37MB, paused 164us total 12.088ms
08-03 17:37:48.731 11177 11190 I art     : Starting a blocking GC Explicit
08-03 17:37:48.743 11177 11190 I art     : Explicit concurrent mark sweep GC freed 3(96B) AllocSpace objects, 0(0B) LOS objects, 40% free, 22MB/37MB, paused 153us total 11.806ms
08-03 17:37:49.029   918  3261 D WifiStateMachine: starting scan for "H369AA63323"WPA_PSK with 2412,5180
08-03 17:37:49.059 11177 11189 I art     : Starting a blocking GC Explicit
08-03 17:37:49.074 11177 11189 I art     : Explicit concurrent mark sweep GC freed 1367(80KB) AllocSpace objects, 1(20KB) LOS objects, 40% free, 22MB/37MB, paused 188us total 15.329ms
08-03 17:37:49.082 11177 11189 I art     : Starting a blocking GC Explicit
08-03 17:37:49.097 11177 11189 I art     : Explicit concurrent mark sweep GC freed 26(848B) AllocSpace objects, 0(0B) LOS objects, 40% free, 22MB/37MB, paused 153us total 14.681ms
08-03 17:37:49.104 11177 11189 I art     : Starting a blocking GC Explicit
08-03 17:37:49.116 11177 11189 I art     : Explicit concurrent mark sweep GC freed 5(160B) AllocSpace objects, 0(0B) LOS objects, 40% free, 22MB/37MB, paused 151us total 11.783ms
08-03 17:37:49.122 11177 11189 I art     : Starting a blocking GC Explicit
08-03 17:37:49.133 11177 11189 I art     : Explicit concurrent mark sweep GC freed 5(160B) AllocSpace objects, 0(0B) LOS objects, 40% free, 22MB/37MB, paused 138us total 11.263ms
08-03 17:37:49.139 11177 11189 I art     : Starting a blocking GC Explicit
08-03 17:37:49.150 11177 11189 I art     : Explicit concurrent mark sweep GC freed 5(160B) AllocSpace objects, 0(0B) LOS objects, 40% free, 22MB/37MB, paused 138us total 11.116ms
08-03 17:37:49.446 11177 11190 I art     : Starting a blocking GC Explicit
08-03 17:37:49.465 11177 11190 I art     : Explicit concurrent mark sweep GC freed 1367(80KB) AllocSpace objects, 1(20KB) LOS objects, 40% free, 22MB/37MB, paused 212us total 19.129ms
08-03 17:37:49.476 11177 11190 I art     : Starting a blocking GC Explicit
08-03 17:37:49.493 11177 11190 I art     : Explicit concurrent mark sweep GC freed 23(752B) AllocSpace objects, 0(0B) LOS objects, 40% free, 22MB/37MB, paused 173us total 16.597ms
08-03 17:37:49.501 11177 11190 I art     : Starting a blocking GC Explicit
08-03 17:37:49.515 11177 11190 I art     : Explicit concurrent mark sweep GC freed 30(832B) AllocSpace objects, 0(0B) LOS objects, 40% free, 22MB/37MB, paused 156us total 13.232ms
08-03 17:37:49.521 11177 11190 I art     : Starting a blocking GC Explicit
08-03 17:37:49.534 11177 11190 I art     : Explicit concurrent mark sweep GC freed 3(96B) AllocSpace objects, 0(0B) LOS objects, 40% free, 22MB/37MB, paused 158us total 12.511ms
08-03 17:37:49.540 11177 11190 I art     : Starting a blocking GC Explicit
08-03 17:37:49.553 11177 11190 I art     : Explicit concurrent mark sweep GC freed 3(96B) AllocSpace objects, 0(0B) LOS objects, 40% free, 22MB/37MB, paused 150us total 12.578ms
08-03 17:37:49.857 11177 11286 I art     : Starting a blocking GC Explicit
08-03 17:37:49.876 11177 11286 I art     : Explicit concurrent mark sweep GC freed 1356(80KB) AllocSpace objects, 1(20KB) LOS objects, 40% free, 22MB/37MB, paused 193us total 18.921ms
08-03 17:37:49.885 11177 11286 I art     : Starting a blocking GC Explicit
08-03 17:37:49.899 11177 11286 I art     : Explicit concurrent mark sweep GC freed 23(752B) AllocSpace objects, 0(0B) LOS objects, 40% free, 22MB/37MB, paused 148us total 13.714ms
08-03 17:37:49.905 11177 11286 I art     : Starting a blocking GC Explicit
08-03 17:37:49.918 11177 11286 I art     : Explicit concurrent mark sweep GC freed 3(96B) AllocSpace objects, 0(0B) LOS objects, 40% free, 22MB/37MB, paused 138us total 12.743ms
08-03 17:37:49.924 11177 11286 I art     : Starting a blocking GC Explicit
08-03 17:37:49.937 11177 11286 I art     : Explicit concurrent mark sweep GC freed 3(96B) AllocSpace objects, 0(0B) LOS objects, 40% free, 22MB/37MB, paused 154us total 12.151ms
08-03 17:37:49.943 11177 11286 I art     : Starting a blocking GC Explicit
08-03 17:37:49.955 11177 11286 I art     : Explicit concurrent mark sweep GC freed 3(96B) AllocSpace objects, 0(0B) LOS objects, 40% free, 22MB/37MB, paused 135us total 11.793ms
08-03 17:37:50.257 11177 11189 I art     : Starting a blocking GC Explicit
08-03 17:37:50.281 11177 11189 I art     : Explicit concurrent mark sweep GC freed 1358(81KB) AllocSpace objects, 1(20KB) LOS objects, 40% free, 22MB/37MB, paused 191us total 22.806ms
08-03 17:37:50.292 11177 11189 I art     : Starting a blocking GC Explicit
08-03 17:37:50.307 11177 11189 I art     : Explicit concurrent mark sweep GC freed 23(752B) AllocSpace objects, 0(0B) LOS objects, 40% free, 22MB/37MB, paused 150us total 15.139ms
08-03 17:37:50.314 11177 11189 I art     : Starting a blocking GC Explicit
08-03 17:37:50.326 11177 11189 I art     : Explicit concurrent mark sweep GC freed 3(96B) AllocSpace objects, 0(0B) LOS objects, 40% free, 22MB/37MB, paused 146us total 12.701ms
08-03 17:37:50.333 11177 11189 I art     : Starting a blocking GC Explicit
08-03 17:37:50.345 11177 11189 I art     : Explicit concurrent mark sweep GC freed 3(96B) AllocSpace objects, 0(0B) LOS objects, 40% free, 22MB/37MB, paused 140us total 12.639ms
08-03 17:37:50.352 11177 11189 I art     : Starting a blocking GC Explicit
08-03 17:37:50.365 11177 11189 I art     : Explicit concurrent mark sweep GC freed 3(96B) AllocSpace objects, 0(0B) LOS objects, 40% free, 22MB/37MB, paused 141us total 12.419ms
08-03 17:37:50.662 11177 11190 I art     : Starting a blocking GC Explicit
08-03 17:37:50.680 11177 11190 I art     : Explicit concurrent mark sweep GC freed 1384(82KB) AllocSpace objects, 1(20KB) LOS objects, 40% free, 22MB/37MB, paused 153us total 18.260ms
08-03 17:37:50.687 11177 11190 I art     : Starting a blocking GC Explicit
08-03 17:37:50.701 11177 11190 I art     : Explicit concurrent mark sweep GC freed 23(752B) AllocSpace objects, 0(0B) LOS objects, 40% free, 22MB/37MB, paused 161us total 13.508ms
08-03 17:37:50.707 11177 11190 I art     : Starting a blocking GC Explicit
08-03 17:37:50.720 11177 11190 I art     : Explicit concurrent mark sweep GC freed 3(96B) AllocSpace objects, 0(0B) LOS objects, 40% free, 22MB/37MB, paused 150us total 12.482ms
08-03 17:37:50.726 11177 11190 I art     : Starting a blocking GC Explicit
08-03 17:37:50.739 11177 11190 I art     : Explicit concurrent mark sweep GC freed 3(96B) AllocSpace objects, 0(0B) LOS objects, 40% free, 22MB/37MB, paused 144us total 12.365ms
08-03 17:37:50.745 11177 11190 I art     : Starting a blocking GC Explicit
08-03 17:37:50.758 11177 11190 I art     : Explicit concurrent mark sweep GC freed 3(96B) AllocSpace objects, 0(0B) LOS objects, 40% free, 22MB/37MB, paused 159us total 12.699ms
08-03 17:37:51.048 11177 11286 I art     : Starting a blocking GC Explicit
08-03 17:37:51.064 11177 11286 I art     : Explicit concurrent mark sweep GC freed 1356(79KB) AllocSpace objects, 1(20KB) LOS objects, 40% free, 22MB/37MB, paused 171us total 16.504ms
08-03 17:37:51.075 11177 11286 I art     : Starting a blocking GC Explicit
08-03 17:37:51.087 11177 11286 I art     : Explicit concurrent mark sweep GC freed 23(752B) AllocSpace objects, 0(0B) LOS objects, 40% free, 22MB/37MB, paused 135us total 12.429ms
08-03 17:37:51.093 11177 11286 I art     : Starting a blocking GC Explicit
08-03 17:37:51.106 11177 11286 I art     : Explicit concurrent mark sweep GC freed 3(96B) AllocSpace objects, 0(0B) LOS objects, 40% free, 22MB/37MB, paused 148us total 12.552ms
08-03 17:37:51.112 11177 11286 I art     : Starting a blocking GC Explicit
08-03 17:37:51.125 11177 11286 I art     : Explicit concurrent mark sweep GC freed 3(96B) AllocSpace objects, 0(0B) LOS objects, 40% free, 22MB/37MB, paused 131us total 12.408ms
08-03 17:37:51.131 11177 11286 I art     : Starting a blocking GC Explicit
08-03 17:37:51.144 11177 11286 I art     : Explicit concurrent mark sweep GC freed 3(96B) AllocSpace objects, 0(0B) LOS objects, 40% free, 22MB/37MB, paused 136us total 12.529ms
08-03 17:37:51.407 11177 11189 I art     : Starting a blocking GC Explicit
08-03 17:37:51.421 11177 11189 I art     : Explicit concurrent mark sweep GC freed 1355(79KB) AllocSpace objects, 1(20KB) LOS objects, 40% free, 22MB/37MB, paused 172us total 13.605ms
08-03 17:37:51.428 11177 11189 I art     : Starting a blocking GC Explicit
08-03 17:37:51.440 11177 11189 I art     : Explicit concurrent mark sweep GC freed 23(752B) AllocSpace objects, 0(0B) LOS objects, 40% free, 22MB/37MB, paused 153us total 12.445ms
08-03 17:37:51.447 11177 11189 I art     : Starting a blocking GC Explicit
08-03 17:37:51.458 11177 11189 I art     : Explicit concurrent mark sweep GC freed 3(96B) AllocSpace objects, 0(0B) LOS objects, 40% free, 22MB/37MB, paused 134us total 11.349ms
08-03 17:37:51.464 11177 11189 I art     : Starting a blocking GC Explicit
08-03 17:37:51.476 11177 11189 I art     : Explicit concurrent mark sweep GC freed 3(96B) AllocSpace objects, 0(0B) LOS objects, 40% free, 22MB/37MB, paused 133us total 11.528ms
08-03 17:37:51.482 11177 11189 I art     : Starting a blocking GC Explicit
08-03 17:37:51.493 11177 11189 I art     : Explicit concurrent mark sweep GC freed 3(96B) AllocSpace objects, 0(0B) LOS objects, 40% free, 22MB/37MB, paused 137us total 10.797ms
08-03 17:37:51.778 11177 11190 I art     : Starting a blocking GC Explicit
08-03 17:37:51.798 11177 11190 I art     : Explicit concurrent mark sweep GC freed 1383(80KB) AllocSpace objects, 1(20KB) LOS objects, 40% free, 22MB/37MB, paused 231us total 18.801ms
08-03 17:37:51.807 11177 11190 I art     : Starting a blocking GC Explicit
08-03 17:37:51.821 11177 11190 I art     : Explicit concurrent mark sweep GC freed 23(752B) AllocSpace objects, 0(0B) LOS objects, 40% free, 22MB/37MB, paused 151us total 13.541ms
08-03 17:37:51.827 11177 11190 I art     : Starting a blocking GC Explicit
08-03 17:37:51.840 11177 11190 I art     : Explicit concurrent mark sweep GC freed 3(96B) AllocSpace objects, 0(0B) LOS objects, 40% free, 22MB/37MB, paused 148us total 12.987ms
08-03 17:37:51.847 11177 11190 I art     : Starting a blocking GC Explicit
08-03 17:37:51.859 11177 11190 I art     : Explicit concurrent mark sweep GC freed 3(96B) AllocSpace objects, 0(0B) LOS objects, 40% free, 22MB/37MB, paused 137us total 12.379ms
08-03 17:37:51.866 11177 11190 I art     : Starting a blocking GC Explicit
08-03 17:37:51.878 11177 11190 I art     : Explicit concurrent mark sweep GC freed 3(96B) AllocSpace objects, 0(0B) LOS objects, 40% free, 22MB/37MB, paused 147us total 12.558ms
08-03 17:37:52.165 11177 11286 I art     : Starting a blocking GC Explicit
08-03 17:37:52.180 11177 11286 I art     : Explicit concurrent mark sweep GC freed 1356(79KB) AllocSpace objects, 1(20KB) LOS objects, 40% free, 22MB/37MB, paused 172us total 15.128ms
08-03 17:37:52.187 11177 11286 I art     : Starting a blocking GC Explicit
08-03 17:37:52.200 11177 11286 I art     : Explicit concurrent mark sweep GC freed 23(752B) AllocSpace objects, 0(0B) LOS objects, 40% free, 22MB/37MB, paused 156us total 13.059ms
08-03 17:37:52.207 11177 11286 I art     : Starting a blocking GC Explicit
08-03 17:37:52.219 11177 11286 I art     : Explicit concurrent mark sweep GC freed 3(96B) AllocSpace objects, 0(0B) LOS objects, 40% free, 22MB/37MB, paused 134us total 11.928ms
08-03 17:37:52.226 11177 11286 I art     : Starting a blocking GC Explicit
08-03 17:37:52.238 11177 11286 I art     : Explicit concurrent mark sweep GC freed 3(96B) AllocSpace objects, 0(0B) LOS objects, 40% free, 22MB/37MB, paused 134us total 11.717ms
08-03 17:37:52.244 11177 11286 I art     : Starting a blocking GC Explicit
08-03 17:37:52.256 11177 11286 I art     : Explicit concurrent mark sweep GC freed 3(96B) AllocSpace objects, 0(0B) LOS objects, 40% free, 22MB/37MB, paused 128us total 11.289ms
08-03 17:37:52.518 11177 11189 I art     : Starting a blocking GC Explicit
08-03 17:37:52.531 11177 11189 I art     : Explicit concurrent mark sweep GC freed 1382(80KB) AllocSpace objects, 1(20KB) LOS objects, 40% free, 22MB/37MB, paused 147us total 12.560ms
08-03 17:37:52.537 11177 11189 I art     : Starting a blocking GC Explicit
08-03 17:37:52.550 11177 11189 I art     : Explicit concurrent mark sweep GC freed 23(752B) AllocSpace objects, 0(0B) LOS objects, 40% free, 22MB/37MB, paused 151us total 12.624ms
08-03 17:37:52.556 11375 11375 D AndroidRuntime: >>>>>> START com.android.internal.os.RuntimeInit uid 2000 <<<<<<
08-03 17:37:52.557 11177 11189 I art     : Starting a blocking GC Explicit
08-03 17:37:52.560 11375 11375 D AndroidRuntime: CheckJNI is OFF
08-03 17:37:52.568 11177 11189 I art     : Explicit concurrent mark sweep GC freed 3(96B) AllocSpace objects, 0(0B) LOS objects, 40% free, 22MB/37MB, paused 145us total 11.596ms
08-03 17:37:52.574 11177 11189 I art     : Starting a blocking GC Explicit
08-03 17:37:52.586 11177 11189 I art     : Explicit concurrent mark sweep GC freed 3(96B) AllocSpace objects, 0(0B) LOS objects, 40% free, 22MB/37MB, paused 142us total 11.686ms
08-03 17:37:52.587 11375 11375 D ICU     : No timezone override file found: /data/misc/zoneinfo/current/icu/icu_tzdata.dat
08-03 17:37:52.592 11177 11189 I art     : Starting a blocking GC Explicit
08-03 17:37:52.604 11177 11189 I art     : Explicit concurrent mark sweep GC freed 3(96B) AllocSpace objects, 0(0B) LOS objects, 40% free, 22MB/37MB, paused 150us total 11.353ms
08-03 17:37:52.612 11375 11375 I Radio-JNI: register_android_hardware_Radio DONE
08-03 17:37:52.627 11375 11375 D AndroidRuntime: Calling main entry com.android.commands.input.Input
08-03 17:37:52.628 11375 11375 I Input   : injectMotionEvent: MotionEvent { action=ACTION_DOWN, actionButton=0, id[0]=0, x[0]=1233.0, y[0]=1274.0, toolType[0]=TOOL_TYPE_UNKNOWN, buttonState=0, metaState=0, flags=0x0, edgeFlags=0x0, pointerCount=1, historySize=0, eventTime=639489041, downTime=639489041, deviceId=0, source=0x1002 }
08-03 17:37:52.635 11375 11375 I Input   : injectMotionEvent: MotionEvent { action=ACTION_UP, actionButton=0, id[0]=0, x[0]=1233.0, y[0]=1274.0, toolType[0]=TOOL_TYPE_UNKNOWN, buttonState=0, metaState=0, flags=0x0, edgeFlags=0x0, pointerCount=1, historySize=0, eventTime=639489041, downTime=639489041, deviceId=0, source=0x1002 }
08-03 17:37:52.636 11375 11375 D AndroidRuntime: Shutting down VM
08-03 17:37:52.837 11177 11286 I art     : Starting a blocking GC Explicit
08-03 17:37:52.852 11177 11286 I art     : Explicit concurrent mark sweep GC freed 1359(79KB) AllocSpace objects, 1(20KB) LOS objects, 40% free, 22MB/37MB, paused 155us total 14.430ms
08-03 17:37:52.858 11177 11286 I art     : Starting a blocking GC Explicit
08-03 17:37:52.872 11177 11286 I art     : Explicit concurrent mark sweep GC freed 23(752B) AllocSpace objects, 0(0B) LOS objects, 40% free, 22MB/37MB, paused 150us total 13.441ms
08-03 17:37:52.879 11177 11286 I art     : Starting a blocking GC Explicit
08-03 17:37:52.892 11177 11286 I art     : Explicit concurrent mark sweep GC freed 3(96B) AllocSpace objects, 0(0B) LOS objects, 40% free, 22MB/37MB, paused 163us total 13.116ms
08-03 17:37:52.899 11177 11286 I art     : Starting a blocking GC Explicit
08-03 17:37:52.913 11177 11286 I art     : Explicit concurrent mark sweep GC freed 3(96B) AllocSpace objects, 0(0B) LOS objects, 40% free, 22MB/37MB, paused 156us total 13.116ms
08-03 17:37:52.919 11177 11286 I art     : Starting a blocking GC Explicit
08-03 17:37:52.931 11177 11286 I art     : Explicit concurrent mark sweep GC freed 3(96B) AllocSpace objects, 0(0B) LOS objects, 40% free, 22MB/37MB, paused 136us total 12.040ms
08-03 17:37:53.066 13866 13866 I GoogleInputMethodServic: GoogleInputMethodService.onFinishInput():3138 
08-03 17:37:53.067 13866 13866 I GoogleInputMethodServic: GoogleInputMethodService.onStartInput():1808 
08-03 17:37:53.179 11177 11189 I art     : Starting a blocking GC Explicit
08-03 17:37:53.196 11177 11189 I art     : Explicit concurrent mark sweep GC freed 1453(83KB) AllocSpace objects, 1(20KB) LOS objects, 40% free, 22MB/37MB, paused 178us total 17.161ms
08-03 17:37:53.205 11177 11189 I art     : Starting a blocking GC Explicit
08-03 17:37:53.218 11177 11189 I art     : Explicit concurrent mark sweep GC freed 31(1200B) AllocSpace objects, 0(0B) LOS objects, 40% free, 22MB/37MB, paused 138us total 12.398ms
08-03 17:37:53.225 11177 11189 I art     : Starting a blocking GC Explicit
08-03 17:37:53.237 11177 11189 I art     : Explicit concurrent mark sweep GC freed 3(96B) AllocSpace objects, 0(0B) LOS objects, 40% free, 22MB/37MB, paused 158us total 12.401ms
08-03 17:37:53.244 11177 11189 I art     : Starting a blocking GC Explicit
08-03 17:37:53.256 11177 11189 I art     : Explicit concurrent mark sweep GC freed 3(96B) AllocSpace objects, 0(0B) LOS objects, 40% free, 22MB/37MB, paused 139us total 12.238ms
08-03 17:37:53.262 11177 11189 I art     : Starting a blocking GC Explicit
08-03 17:37:53.274 11177 11189 I art     : Explicit concurrent mark sweep GC freed 3(96B) AllocSpace objects, 0(0B) LOS objects, 40% free, 22MB/37MB, paused 136us total 11.853ms
08-03 17:37:53.547 11177 11286 I art     : Starting a blocking GC Explicit
08-03 17:37:53.566 11177 11286 I art     : Explicit concurrent mark sweep GC freed 1382(80KB) AllocSpace objects, 1(20KB) LOS objects, 40% free, 22MB/37MB, paused 241us total 19.128ms
08-03 17:37:53.576 11177 11286 I art     : Starting a blocking GC Explicit
08-03 17:37:53.589 11177 11286 I art     : Explicit concurrent mark sweep GC freed 23(752B) AllocSpace objects, 0(0B) LOS objects, 40% free, 22MB/37MB, paused 147us total 13.182ms
08-03 17:37:53.596 11177 11286 I art     : Starting a blocking GC Explicit
08-03 17:37:53.609 11177 11286 I art     : Explicit concurrent mark sweep GC freed 3(96B) AllocSpace objects, 0(0B) LOS objects, 40% free, 22MB/37MB, paused 142us total 12.429ms
08-03 17:37:53.615 11177 11286 I art     : Starting a blocking GC Explicit
08-03 17:37:53.627 11177 11286 I art     : Explicit concurrent mark sweep GC freed 3(96B) AllocSpace objects, 0(0B) LOS objects, 40% free, 22MB/37MB, paused 140us total 12.589ms
08-03 17:37:53.633 11177 11286 I art     : Starting a blocking GC Explicit
08-03 17:37:53.646 11177 11286 I art     : Explicit concurrent mark sweep GC freed 3(96B) AllocSpace objects, 0(0B) LOS objects, 40% free, 22MB/37MB, paused 139us total 12.279ms
08-03 17:37:53.917 11177 11190 I art     : Starting a blocking GC Explicit
08-03 17:37:53.932 11177 11190 I art     : Explicit concurrent mark sweep GC freed 1355(79KB) AllocSpace objects, 1(20KB) LOS objects, 40% free, 22MB/37MB, paused 188us total 14.923ms
08-03 17:37:53.939 11177 11190 I art     : Starting a blocking GC Explicit
08-03 17:37:53.952 11177 11190 I art     : Explicit concurrent mark sweep GC freed 23(752B) AllocSpace objects, 0(0B) LOS objects, 40% free, 22MB/37MB, paused 148us total 13.246ms
08-03 17:37:53.958 11177 11190 I art     : Starting a blocking GC Explicit
08-03 17:37:53.971 11177 11190 I art     : Explicit concurrent mark sweep GC freed 3(96B) AllocSpace objects, 0(0B) LOS objects, 40% free, 22MB/37MB, paused 149us total 12.099ms
08-03 17:37:53.977 11177 11190 I art     : Starting a blocking GC Explicit
08-03 17:37:53.989 11177 11190 I art     : Explicit concurrent mark sweep GC freed 3(96B) AllocSpace objects, 0(0B) LOS objects, 40% free, 22MB/37MB, paused 154us total 12.231ms
08-03 17:37:53.996 11177 11190 I art     : Starting a blocking GC Explicit
08-03 17:37:54.008 11177 11190 I art     : Explicit concurrent mark sweep GC freed 3(96B) AllocSpace objects, 0(0B) LOS objects, 40% free, 22MB/37MB, paused 150us total 12.001ms
08-03 17:37:54.207 11438 11438 D AndroidRuntime: >>>>>> START com.android.internal.os.RuntimeInit uid 2000 <<<<<<
08-03 17:37:54.211 11438 11438 D AndroidRuntime: CheckJNI is OFF
08-03 17:37:54.240 11438 11438 D ICU     : No timezone override file found: /data/misc/zoneinfo/current/icu/icu_tzdata.dat
08-03 17:37:54.256 11177 11189 I art     : Starting a blocking GC Explicit
08-03 17:37:54.266 11438 11438 I Radio-JNI: register_android_hardware_Radio DONE
08-03 17:37:54.268 11177 11189 I art     : Explicit concurrent mark sweep GC freed 1355(79KB) AllocSpace objects, 1(20KB) LOS objects, 40% free, 22MB/37MB, paused 147us total 12.610ms
08-03 17:37:54.274 11177 11189 I art     : Starting a blocking GC Explicit
08-03 17:37:54.283 11438 11438 D AndroidRuntime: Calling main entry com.android.commands.input.Input
08-03 17:37:54.285 11438 11438 I Input   : injectMotionEvent: MotionEvent { action=ACTION_DOWN, actionButton=0, id[0]=0, x[0]=103.0, y[0]=192.0, toolType[0]=TOOL_TYPE_UNKNOWN, buttonState=0, metaState=0, flags=0x0, edgeFlags=0x0, pointerCount=1, historySize=0, eventTime=639490698, downTime=639490698, deviceId=0, source=0x1002 }
08-03 17:37:54.288 11177 11189 I art     : Explicit concurrent mark sweep GC freed 23(752B) AllocSpace objects, 0(0B) LOS objects, 40% free, 22MB/37MB, paused 328us total 12.623ms
08-03 17:37:54.291 11438 11438 I Input   : injectMotionEvent: MotionEvent { action=ACTION_UP, actionButton=0, id[0]=0, x[0]=103.0, y[0]=192.0, toolType[0]=TOOL_TYPE_UNKNOWN, buttonState=0, metaState=0, flags=0x0, edgeFlags=0x0, pointerCount=1, historySize=0, eventTime=639490698, downTime=639490698, deviceId=0, source=0x1002 }
08-03 17:37:54.292 11438 11438 D AndroidRuntime: Shutting down VM
08-03 17:37:54.294 11177 11189 I art     : Starting a blocking GC Explicit
08-03 17:37:54.310 11177 11189 I art     : Explicit concurrent mark sweep GC freed 27(848B) AllocSpace objects, 0(0B) LOS objects, 40% free, 22MB/37MB, paused 1.314ms total 14.996ms
08-03 17:37:54.316   512  2967 D audio_hw_primary: out_set_parameters: enter: usecase(1: low-latency-playback) kvpairs: routing=2
08-03 17:37:54.318 11177 11189 I art     : Starting a blocking GC Explicit
08-03 17:37:54.329   512  2967 D audio_hw_primary: select_devices: out_snd_device(2: speaker) in_snd_device(0: none)
08-03 17:37:54.330   512  2967 D msm8974_platform: platform_send_audio_calibration: sending audio calibration for snd_device(2) acdb_id(15)
08-03 17:37:54.330   512  2967 I soundtrigger: audio_extn_sound_trigger_update_device_status: device 0x2 of type 0 for Event 1
08-03 17:37:54.331 11177 11189 I art     : Explicit concurrent mark sweep GC freed 40(1264B) AllocSpace objects, 0(0B) LOS objects, 40% free, 22MB/37MB, paused 160us total 12.362ms
08-03 17:37:54.337 11177 11189 I art     : Starting a blocking GC Explicit
08-03 17:37:54.339   512  2967 D audio_hw_primary: enable_snd_device: snd_device(2: speaker)
08-03 17:37:54.341   512  2967 D audio_hw_primary: enable_audio_route: apply and update mixer path: low-latency-playback speaker
08-03 17:37:54.349 11177 11189 I art     : Explicit concurrent mark sweep GC freed 66(2608B) AllocSpace objects, 0(0B) LOS objects, 40% free, 22MB/37MB, paused 140us total 12.265ms
08-03 17:37:54.350 13866 13866 I GoogleInputMethodServic: GoogleInputMethodService.onFinishInput():3138 
08-03 17:37:54.351 13866 13866 I GoogleInputMethodServic: GoogleInputMethodService.onStartInput():1808 
08-03 17:37:54.564 11177 11190 I art     : Starting a blocking GC Explicit
08-03 17:37:54.576 11177 11190 I art     : Explicit concurrent mark sweep GC freed 1773(100KB) AllocSpace objects, 1(20KB) LOS objects, 40% free, 22MB/37MB, paused 149us total 12.375ms
08-03 17:37:54.583 11177 11190 I art     : Starting a blocking GC Explicit
08-03 17:37:54.595 11177 11190 I art     : Explicit concurrent mark sweep GC freed 31(1168B) AllocSpace objects, 0(0B) LOS objects, 40% free, 22MB/37MB, paused 238us total 11.840ms
08-03 17:37:54.602 11177 11190 I art     : Starting a blocking GC Explicit
08-03 17:37:54.614 11177 11190 I art     : Explicit concurrent mark sweep GC freed 3(96B) AllocSpace objects, 0(0B) LOS objects, 40% free, 22MB/37MB, paused 161us total 12.136ms
08-03 17:37:54.621 11177 11190 I art     : Starting a blocking GC Explicit
08-03 17:37:54.632 11177 11190 I art     : Explicit concurrent mark sweep GC freed 3(96B) AllocSpace objects, 0(0B) LOS objects, 40% free, 22MB/37MB, paused 151us total 11.347ms
08-03 17:37:54.638 11177 11190 I art     : Starting a blocking GC Explicit
08-03 17:37:54.649 11177 11190 I art     : Explicit concurrent mark sweep GC freed 9(288B) AllocSpace objects, 0(0B) LOS objects, 40% free, 22MB/37MB, paused 156us total 11.287ms
08-03 17:37:54.826 11468 11468 D AndroidRuntime: >>>>>> START com.android.internal.os.RuntimeInit uid 2000 <<<<<<
08-03 17:37:54.829 11468 11468 D AndroidRuntime: CheckJNI is OFF
08-03 17:37:54.851 11468 11468 D ICU     : No timezone override file found: /data/misc/zoneinfo/current/icu/icu_tzdata.dat
08-03 17:37:54.873 11177 11286 I art     : Starting a blocking GC Explicit
08-03 17:37:54.875 11468 11468 I Radio-JNI: register_android_hardware_Radio DONE
08-03 17:37:54.879   512  2967 D audio_hw_primary: disable_audio_route: reset and update mixer path: low-latency-playback speaker
08-03 17:37:54.880   512  2967 D audio_hw_primary: disable_snd_device: snd_device(2: speaker)
08-03 17:37:54.885 11177 11286 I art     : Explicit concurrent mark sweep GC freed 1374(80KB) AllocSpace objects, 1(20KB) LOS objects, 40% free, 22MB/37MB, paused 145us total 11.283ms
08-03 17:37:54.888   512  2967 I soundtrigger: audio_extn_sound_trigger_update_device_status: device 0x2 of type 0 for Event 0
08-03 17:37:54.890 11177 11286 I art     : Starting a blocking GC Explicit
08-03 17:37:54.891 11468 11468 D AndroidRuntime: Calling main entry com.android.commands.input.Input
08-03 17:37:54.892 11468 11468 I Input   : injectMotionEvent: MotionEvent { action=ACTION_DOWN, actionButton=0, id[0]=0, x[0]=324.0, y[0]=2298.0, toolType[0]=TOOL_TYPE_UNKNOWN, buttonState=0, metaState=0, flags=0x0, edgeFlags=0x0, pointerCount=1, historySize=0, eventTime=639491305, downTime=639491305, deviceId=0, source=0x1002 }
08-03 17:37:54.895 11468 11468 I Input   : injectMotionEvent: MotionEvent { action=ACTION_UP, actionButton=0, id[0]=0, x[0]=324.0, y[0]=2298.0, toolType[0]=TOOL_TYPE_UNKNOWN, buttonState=0, metaState=0, flags=0x0, edgeFlags=0x0, pointerCount=1, historySize=0, eventTime=639491305, downTime=639491305, deviceId=0, source=0x1002 }
08-03 17:37:54.897 11468 11468 D AndroidRuntime: Shutting down VM
08-03 17:37:54.902 11177 11286 I art     : Explicit concurrent mark sweep GC freed 38(1200B) AllocSpace objects, 0(0B) LOS objects, 40% free, 22MB/37MB, paused 152us total 11.595ms
08-03 17:37:54.908 11177 11286 I art     : Starting a blocking GC Explicit
08-03 17:37:54.910   918  3696 I ActivityManager: START u0 {cmp=baseline.de.danoeh.antennapod.debug/baseline.de.danoeh.antennapod.activity.PreferenceActivity} from uid 10633 on display 0
08-03 17:37:54.911   512  2967 D audio_hw_primary: out_set_parameters: enter: usecase(1: low-latency-playback) kvpairs: routing=2
08-03 17:37:54.920 11177 11286 I art     : Explicit concurrent mark sweep GC freed 16(8KB) AllocSpace objects, 0(0B) LOS objects, 40% free, 22MB/37MB, paused 164us total 12.609ms
08-03 17:37:54.924   512  2967 D audio_hw_primary: select_devices: out_snd_device(2: speaker) in_snd_device(0: none)
08-03 17:37:54.924   512  2967 D msm8974_platform: platform_send_audio_calibration: sending audio calibration for snd_device(2) acdb_id(15)
08-03 17:37:54.924   512  2967 I soundtrigger: audio_extn_sound_trigger_update_device_status: device 0x2 of type 0 for Event 1
08-03 17:37:54.927 11177 11286 I art     : Starting a blocking GC Explicit
08-03 17:37:54.935   512  2967 D audio_hw_primary: enable_snd_device: snd_device(2: speaker)
08-03 17:37:54.937   512  2967 D audio_hw_primary: enable_audio_route: apply and update mixer path: low-latency-playback speaker
08-03 17:37:54.939 11177 11286 I art     : Explicit concurrent mark sweep GC freed 63(17KB) AllocSpace objects, 1(20KB) LOS objects, 40% free, 22MB/37MB, paused 257us total 11.556ms
08-03 17:37:54.945 11177 11286 I art     : Starting a blocking GC Explicit
08-03 17:37:54.958 11177 11286 I art     : Explicit concurrent mark sweep GC freed 673(86KB) AllocSpace objects, 0(0B) LOS objects, 40% free, 22MB/37MB, paused 698us total 13.030ms
08-03 17:37:54.979   512  2967 D AudioFlinger: mixer(0xf4740000) throttle end: throttle time(12)
08-03 17:37:55.163 13866 13866 I GoogleInputMethodServic: GoogleInputMethodService.onFinishInput():3138 
08-03 17:37:55.163   918   936 I ActivityManager: Displayed baseline.de.danoeh.antennapod.debug/baseline.de.danoeh.antennapod.activity.PreferenceActivity: +229ms
08-03 17:37:55.164 13866 13866 I GoogleInputMethodServic: GoogleInputMethodService.onStartInput():1808 
08-03 17:37:55.195 11177 11190 I art     : Starting a blocking GC Explicit
08-03 17:37:55.202 11177 11198 D OpenGLRenderer: endAllStagingAnimators on 0x7f7f47f000 (RippleDrawable) with handle 0x7f7e28ebc0
08-03 17:37:55.219 11177 11190 I art     : Explicit concurrent mark sweep GC freed 3980(343KB) AllocSpace objects, 1(20KB) LOS objects, 40% free, 23MB/39MB, paused 178us total 22.911ms
08-03 17:37:55.227 11177 11190 I art     : Starting a blocking GC Explicit
08-03 17:37:55.240 11177 11190 I art     : Explicit concurrent mark sweep GC freed 305(14KB) AllocSpace objects, 0(0B) LOS objects, 40% free, 23MB/38MB, paused 149us total 12.878ms
08-03 17:37:55.246 11177 11190 I art     : Starting a blocking GC Explicit
08-03 17:37:55.259 11177 11190 I art     : Explicit concurrent mark sweep GC freed 3(96B) AllocSpace objects, 0(0B) LOS objects, 40% free, 23MB/38MB, paused 145us total 12.982ms
08-03 17:37:55.265 11177 11190 I art     : Starting a blocking GC Explicit
08-03 17:37:55.280 11177 11190 I art     : Explicit concurrent mark sweep GC freed 3(96B) AllocSpace objects, 0(0B) LOS objects, 40% free, 23MB/38MB, paused 153us total 14.187ms
08-03 17:37:55.286 11177 11190 I art     : Starting a blocking GC Explicit
08-03 17:37:55.301 11177 11190 I art     : Explicit concurrent mark sweep GC freed 3(96B) AllocSpace objects, 0(0B) LOS objects, 40% free, 23MB/38MB, paused 150us total 14.260ms
08-03 17:37:55.409   380   380 W SurfaceFlinger: couldn't log to binary event log: overflow.
08-03 17:37:55.470   512  2967 D audio_hw_primary: disable_audio_route: reset and update mixer path: low-latency-playback speaker
08-03 17:37:55.471   512  2967 D audio_hw_primary: disable_snd_device: snd_device(2: speaker)
08-03 17:37:55.479   512  2967 I soundtrigger: audio_extn_sound_trigger_update_device_status: device 0x2 of type 0 for Event 0
08-03 17:37:55.540 11177 11177 D PlaybackController: Releasing PlaybackController
08-03 17:37:55.558 11177 11190 I art     : Starting a blocking GC Explicit
08-03 17:37:55.575 11177 11190 I art     : Explicit concurrent mark sweep GC freed 1645(98KB) AllocSpace objects, 1(20KB) LOS objects, 40% free, 23MB/39MB, paused 160us total 17.112ms
08-03 17:37:55.582 11177 11190 I art     : Starting a blocking GC Explicit
08-03 17:37:55.597 11177 11190 I art     : Explicit concurrent mark sweep GC freed 63(2064B) AllocSpace objects, 0(0B) LOS objects, 40% free, 23MB/39MB, paused 158us total 14.877ms
08-03 17:37:55.604 11177 11190 I art     : Starting a blocking GC Explicit
08-03 17:37:55.618 11177 11190 I art     : Explicit concurrent mark sweep GC freed 3(96B) AllocSpace objects, 0(0B) LOS objects, 40% free, 23MB/39MB, paused 147us total 14.567ms
08-03 17:37:55.625 11177 11190 I art     : Starting a blocking GC Explicit
08-03 17:37:55.639 11177 11190 I art     : Explicit concurrent mark sweep GC freed 3(96B) AllocSpace objects, 0(0B) LOS objects, 40% free, 23MB/39MB, paused 144us total 14.663ms
08-03 17:37:55.646 11177 11190 I art     : Starting a blocking GC Explicit
08-03 17:37:55.661 11177 11190 I art     : Explicit concurrent mark sweep GC freed 3(96B) AllocSpace objects, 0(0B) LOS objects, 40% free, 23MB/39MB, paused 150us total 14.589ms
08-03 17:37:55.924 11177 11286 I art     : Starting a blocking GC Explicit
08-03 17:37:55.942 11177 11286 I art     : Explicit concurrent mark sweep GC freed 1358(79KB) AllocSpace objects, 1(20KB) LOS objects, 40% free, 23MB/39MB, paused 163us total 17.840ms
08-03 17:37:55.949 11177 11286 I art     : Starting a blocking GC Explicit
08-03 17:37:55.965 11177 11286 I art     : Explicit concurrent mark sweep GC freed 23(752B) AllocSpace objects, 0(0B) LOS objects, 40% free, 23MB/39MB, paused 146us total 15.689ms
08-03 17:37:55.972 11177 11286 I art     : Starting a blocking GC Explicit
08-03 17:37:55.988 11177 11286 I art     : Explicit concurrent mark sweep GC freed 3(96B) AllocSpace objects, 0(0B) LOS objects, 40% free, 23MB/39MB, paused 149us total 15.377ms
08-03 17:37:55.994 11177 11286 I art     : Starting a blocking GC Explicit
08-03 17:37:56.009 11177 11286 I art     : Explicit concurrent mark sweep GC freed 3(96B) AllocSpace objects, 0(0B) LOS objects, 40% free, 23MB/39MB, paused 140us total 14.719ms
08-03 17:37:56.016 11177 11286 I art     : Starting a blocking GC Explicit
08-03 17:37:56.031 11177 11286 I art     : Explicit concurrent mark sweep GC freed 3(96B) AllocSpace objects, 0(0B) LOS objects, 40% free, 23MB/39MB, paused 142us total 14.469ms
08-03 17:37:56.083   518   646 I ThermalEngine: ACTION: GPU - Setting GPU[0] to 510000000
08-03 17:37:56.282 11177 11189 I art     : Starting a blocking GC Explicit
08-03 17:37:56.301 11177 11189 I art     : Explicit concurrent mark sweep GC freed 1358(79KB) AllocSpace objects, 1(20KB) LOS objects, 40% free, 23MB/39MB, paused 225us total 18.919ms
08-03 17:37:56.310 11177 11189 I art     : Starting a blocking GC Explicit
08-03 17:37:56.328 11177 11189 I art     : Explicit concurrent mark sweep GC freed 23(752B) AllocSpace objects, 0(0B) LOS objects, 40% free, 23MB/39MB, paused 207us total 18.180ms
08-03 17:37:56.336 11177 11189 I art     : Starting a blocking GC Explicit
08-03 17:37:56.355 11177 11189 I art     : Explicit concurrent mark sweep GC freed 3(96B) AllocSpace objects, 0(0B) LOS objects, 40% free, 23MB/39MB, paused 201us total 18.164ms
08-03 17:37:56.362 11177 11189 I art     : Starting a blocking GC Explicit
08-03 17:37:56.381 11177 11189 I art     : Explicit concurrent mark sweep GC freed 3(96B) AllocSpace objects, 0(0B) LOS objects, 40% free, 23MB/39MB, paused 195us total 17.946ms
08-03 17:37:56.389 11177 11189 I art     : Starting a blocking GC Explicit
08-03 17:37:56.407 11177 11189 I art     : Explicit concurrent mark sweep GC freed 3(96B) AllocSpace objects, 0(0B) LOS objects, 40% free, 23MB/39MB, paused 245us total 17.814ms
08-03 17:37:56.553 11525 11525 D AndroidRuntime: >>>>>> START com.android.internal.os.RuntimeInit uid 2000 <<<<<<
08-03 17:37:56.559 11525 11525 D AndroidRuntime: CheckJNI is OFF
08-03 17:37:56.592 11525 11525 D ICU     : No timezone override file found: /data/misc/zoneinfo/current/icu/icu_tzdata.dat
08-03 17:37:56.626 11525 11525 I Radio-JNI: register_android_hardware_Radio DONE
08-03 17:37:56.649 11525 11525 D AndroidRuntime: Calling main entry com.android.commands.input.Input
08-03 17:37:56.650 11525 11525 I Input   : injectMotionEvent: MotionEvent { action=ACTION_DOWN, actionButton=0, id[0]=0, x[0]=400.0, y[0]=997.0, toolType[0]=TOOL_TYPE_UNKNOWN, buttonState=0, metaState=0, flags=0x0, edgeFlags=0x0, pointerCount=1, historySize=0, eventTime=639493063, downTime=639493063, deviceId=0, source=0x1002 }
08-03 17:37:56.655 11525 11525 I Input   : injectMotionEvent: MotionEvent { action=ACTION_UP, actionButton=0, id[0]=0, x[0]=400.0, y[0]=997.0, toolType[0]=TOOL_TYPE_UNKNOWN, buttonState=0, metaState=0, flags=0x0, edgeFlags=0x0, pointerCount=1, historySize=0, eventTime=639493063, downTime=639493063, deviceId=0, source=0x1002 }
08-03 17:37:56.657 11525 11525 D AndroidRuntime: Shutting down VM
08-03 17:37:56.665   512  2967 D audio_hw_primary: out_set_parameters: enter: usecase(1: low-latency-playback) kvpairs: routing=2
08-03 17:37:56.678   512  2967 D audio_hw_primary: select_devices: out_snd_device(2: speaker) in_snd_device(0: none)
08-03 17:37:56.678   512  2967 D msm8974_platform: platform_send_audio_calibration: sending audio calibration for snd_device(2) acdb_id(15)
08-03 17:37:56.679   512  2967 I soundtrigger: audio_extn_sound_trigger_update_device_status: device 0x2 of type 0 for Event 1
08-03 17:37:56.688   512  2967 D audio_hw_primary: enable_snd_device: snd_device(2: speaker)
08-03 17:37:56.691   512  2967 D audio_hw_primary: enable_audio_route: apply and update mixer path: low-latency-playback speaker
08-03 17:37:56.699 11177 11189 I art     : Starting a blocking GC Explicit
08-03 17:37:56.718 11177 11189 I art     : Explicit concurrent mark sweep GC freed 2461(151KB) AllocSpace objects, 2(40KB) LOS objects, 40% free, 23MB/39MB, paused 600us total 19.326ms
08-03 17:37:56.727 11177 11189 I art     : Starting a blocking GC Explicit
08-03 17:37:56.748 11177 11189 I art     : Explicit concurrent mark sweep GC freed 502(38KB) AllocSpace objects, 0(0B) LOS objects, 40% free, 23MB/39MB, paused 555us total 20.383ms
08-03 17:37:56.755 11177 11189 I art     : Starting a blocking GC Explicit
08-03 17:37:56.774 11177 11189 I art     : Explicit concurrent mark sweep GC freed 134(5KB) AllocSpace objects, 0(0B) LOS objects, 40% free, 23MB/39MB, paused 243us total 19.159ms
08-03 17:37:56.782 11177 11189 I art     : Starting a blocking GC Explicit
08-03 17:37:56.800 13866 13866 I GoogleInputMethodServic: GoogleInputMethodService.onFinishInput():3138 
08-03 17:37:56.801 13866 13866 I GoogleInputMethodServic: GoogleInputMethodService.onStartInput():1808 
08-03 17:37:56.801 11177 11189 I art     : Explicit concurrent mark sweep GC freed 47(1456B) AllocSpace objects, 0(0B) LOS objects, 40% free, 23MB/39MB, paused 251us total 18.695ms
08-03 17:37:56.810 11177 11189 I art     : Starting a blocking GC Explicit
08-03 17:37:56.829 11177 11189 I art     : Explicit concurrent mark sweep GC freed 6(320B) AllocSpace objects, 0(0B) LOS objects, 40% free, 23MB/39MB, paused 237us total 18.591ms
08-03 17:37:57.061 11177 11286 I art     : Starting a blocking GC Explicit
08-03 17:37:57.082 11177 11286 I art     : Explicit concurrent mark sweep GC freed 1360(79KB) AllocSpace objects, 1(20KB) LOS objects, 40% free, 23MB/39MB, paused 210us total 20.735ms
08-03 17:37:57.090 11177 11286 I art     : Starting a blocking GC Explicit
08-03 17:37:57.110 11177 11286 I art     : Explicit concurrent mark sweep GC freed 23(752B) AllocSpace objects, 0(0B) LOS objects, 40% free, 23MB/39MB, paused 197us total 19.849ms
08-03 17:37:57.119 11177 11286 I art     : Starting a blocking GC Explicit
08-03 17:37:57.139 11177 11286 I art     : Explicit concurrent mark sweep GC freed 3(96B) AllocSpace objects, 0(0B) LOS objects, 40% free, 23MB/39MB, paused 203us total 19.655ms
08-03 17:37:57.147 11177 11286 I art     : Starting a blocking GC Explicit
08-03 17:37:57.167 11177 11286 I art     : Explicit concurrent mark sweep GC freed 3(96B) AllocSpace objects, 0(0B) LOS objects, 40% free, 23MB/39MB, paused 201us total 19.619ms
08-03 17:37:57.175 11177 11286 I art     : Starting a blocking GC Explicit
08-03 17:37:57.195 11177 11286 I art     : Explicit concurrent mark sweep GC freed 3(96B) AllocSpace objects, 0(0B) LOS objects, 40% free, 23MB/39MB, paused 212us total 19.633ms
08-03 17:37:57.229   512  2967 D audio_hw_primary: disable_audio_route: reset and update mixer path: low-latency-playback speaker
08-03 17:37:57.230   512  2967 D audio_hw_primary: disable_snd_device: snd_device(2: speaker)
08-03 17:37:57.238   512  2967 I soundtrigger: audio_extn_sound_trigger_update_device_status: device 0x2 of type 0 for Event 0
08-03 17:37:57.300 11558 11558 D AndroidRuntime: >>>>>> START com.android.internal.os.RuntimeInit uid 2000 <<<<<<
08-03 17:37:57.307 11558 11558 D AndroidRuntime: CheckJNI is OFF
08-03 17:37:57.339 11558 11558 D ICU     : No timezone override file found: /data/misc/zoneinfo/current/icu/icu_tzdata.dat
08-03 17:37:57.372 11558 11558 I Radio-JNI: register_android_hardware_Radio DONE
08-03 17:37:57.393 11558 11558 D AndroidRuntime: Calling main entry com.android.commands.input.Input
08-03 17:37:57.395 11558 11558 I Input   : injectMotionEvent: MotionEvent { action=ACTION_DOWN, actionButton=0, id[0]=0, x[0]=697.0, y[0]=656.0, toolType[0]=TOOL_TYPE_UNKNOWN, buttonState=0, metaState=0, flags=0x0, edgeFlags=0x0, pointerCount=1, historySize=0, eventTime=639493808, downTime=639493808, deviceId=0, source=0x1002 }
08-03 17:37:57.399 11558 11558 I Input   : injectMotionEvent: MotionEvent { action=ACTION_UP, actionButton=0, id[0]=0, x[0]=697.0, y[0]=656.0, toolType[0]=TOOL_TYPE_UNKNOWN, buttonState=0, metaState=0, flags=0x0, edgeFlags=0x0, pointerCount=1, historySize=0, eventTime=639493808, downTime=639493808, deviceId=0, source=0x1002 }
08-03 17:37:57.401 11558 11558 D AndroidRuntime: Shutting down VM
08-03 17:37:57.413   512  2967 D audio_hw_primary: out_set_parameters: enter: usecase(1: low-latency-playback) kvpairs: routing=2
08-03 17:37:57.426   512  2967 D audio_hw_primary: select_devices: out_snd_device(2: speaker) in_snd_device(0: none)
08-03 17:37:57.426   512  2967 D msm8974_platform: platform_send_audio_calibration: sending audio calibration for snd_device(2) acdb_id(15)
08-03 17:37:57.426   512  2967 I soundtrigger: audio_extn_sound_trigger_update_device_status: device 0x2 of type 0 for Event 1
08-03 17:37:57.435   512  2967 D audio_hw_primary: enable_snd_device: snd_device(2: speaker)
08-03 17:37:57.438   512  2967 D audio_hw_primary: enable_audio_route: apply and update mixer path: low-latency-playback speaker
08-03 17:37:57.452 11177 11286 I art     : Starting a blocking GC Explicit
08-03 17:37:57.472 11177 11286 I art     : Explicit concurrent mark sweep GC freed 1822(167KB) AllocSpace objects, 1(20KB) LOS objects, 40% free, 23MB/39MB, paused 213us total 19.695ms
08-03 17:37:57.478   512  2967 D AudioFlinger: mixer(0xf4740000) throttle end: throttle time(12)
08-03 17:37:57.480 11177 11286 I art     : Starting a blocking GC Explicit
08-03 17:37:57.484 13866 13866 I GoogleInputMethodServic: GoogleInputMethodService.onFinishInput():3138 
08-03 17:37:57.485 13866 13866 I GoogleInputMethodServic: GoogleInputMethodService.onStartInput():1808 
08-03 17:37:57.502 11177 11286 I art     : Explicit concurrent mark sweep GC freed 265(11KB) AllocSpace objects, 0(0B) LOS objects, 40% free, 23MB/39MB, paused 341us total 21.857ms
08-03 17:37:57.510 11177 11286 I art     : Starting a blocking GC Explicit
08-03 17:37:57.530 11177 11286 I art     : Explicit concurrent mark sweep GC freed 506(23KB) AllocSpace objects, 0(0B) LOS objects, 40% free, 23MB/39MB, paused 204us total 19.663ms
08-03 17:37:57.538 11177 11286 I art     : Starting a blocking GC Explicit
08-03 17:37:57.556 11177 11286 I art     : Explicit concurrent mark sweep GC freed 9(448B) AllocSpace objects, 0(0B) LOS objects, 40% free, 23MB/39MB, paused 189us total 18.304ms
08-03 17:37:57.565 11177 11286 I art     : Starting a blocking GC Explicit
08-03 17:37:57.584 11177 11286 I art     : Explicit concurrent mark sweep GC freed 5(176B) AllocSpace objects, 0(0B) LOS objects, 40% free, 23MB/39MB, paused 179us total 18.877ms
08-03 17:37:57.713 29532 29532 W PathParser: Points are too far apart 4.030360828967057
08-03 17:37:57.713 29532 29532 W PathParser: Points are too far apart 4.030360538880159
08-03 17:37:57.729 29532 29532 W PathParser: Points are too far apart 4.030360828967057
08-03 17:37:57.729 29532 29532 W PathParser: Points are too far apart 4.030360538880159
08-03 17:37:57.745 29532 29532 W PathParser: Points are too far apart 4.030360828967057
08-03 17:37:57.745 29532 29532 W PathParser: Points are too far apart 4.030360538880159
08-03 17:37:57.761 29532 29532 W PathParser: Points are too far apart 4.030360828967057
08-03 17:37:57.762 29532 29532 W PathParser: Points are too far apart 4.030360538880159
08-03 17:37:57.778 29532 29532 W PathParser: Points are too far apart 4.030360828967057
08-03 17:37:57.778 29532 29532 W PathParser: Points are too far apart 4.030360538880159
08-03 17:37:57.794 29532 29532 W PathParser: Points are too far apart 4.030360828967057
08-03 17:37:57.795 29532 29532 W PathParser: Points are too far apart 4.030360538880159
08-03 17:37:57.811 29532 29532 W PathParser: Points are too far apart 4.030360828967057
08-03 17:37:57.811 29532 29532 W PathParser: Points are too far apart 4.030360538880159
08-03 17:37:57.823 11177 11189 I art     : Starting a blocking GC Explicit
08-03 17:37:57.844 11177 11189 I art     : Explicit concurrent mark sweep GC freed 1361(79KB) AllocSpace objects, 1(20KB) LOS objects, 40% free, 23MB/39MB, paused 208us total 20.500ms
08-03 17:37:57.853 11177 11189 I art     : Starting a blocking GC Explicit
08-03 17:37:57.872 11177 11189 I art     : Explicit concurrent mark sweep GC freed 29(944B) AllocSpace objects, 0(0B) LOS objects, 40% free, 23MB/39MB, paused 189us total 19.261ms
08-03 17:37:57.881 11177 11189 I art     : Starting a blocking GC Explicit
08-03 17:37:57.901 11177 11189 I art     : Explicit concurrent mark sweep GC freed 3(96B) AllocSpace objects, 0(0B) LOS objects, 40% free, 23MB/39MB, paused 196us total 19.416ms
08-03 17:37:57.909 11177 11189 I art     : Starting a blocking GC Explicit
08-03 17:37:57.929 11177 11189 I art     : Explicit concurrent mark sweep GC freed 5(192B) AllocSpace objects, 0(0B) LOS objects, 40% free, 23MB/39MB, paused 197us total 19.774ms
08-03 17:37:57.937 11177 11189 I art     : Starting a blocking GC Explicit
08-03 17:37:57.957 11177 11189 I art     : Explicit concurrent mark sweep GC freed 5(160B) AllocSpace objects, 0(0B) LOS objects, 40% free, 23MB/39MB, paused 248us total 19.269ms
08-03 17:37:57.959   512  2967 D audio_hw_primary: disable_audio_route: reset and update mixer path: low-latency-playback speaker
08-03 17:37:57.961   512  2967 D audio_hw_primary: disable_snd_device: snd_device(2: speaker)
08-03 17:37:57.969   512  2967 I soundtrigger: audio_extn_sound_trigger_update_device_status: device 0x2 of type 0 for Event 0
08-03 17:37:58.053 11590 11590 D AndroidRuntime: >>>>>> START com.android.internal.os.RuntimeInit uid 2000 <<<<<<
08-03 17:37:58.059 11590 11590 D AndroidRuntime: CheckJNI is OFF
08-03 17:37:58.100 11590 11590 D ICU     : No timezone override file found: /data/misc/zoneinfo/current/icu/icu_tzdata.dat
08-03 17:37:58.138 11590 11590 I Radio-JNI: register_android_hardware_Radio DONE
08-03 17:37:58.163 11590 11590 D AndroidRuntime: Calling main entry com.android.commands.input.Input
08-03 17:37:58.165 11590 11590 I Input   : injectMotionEvent: MotionEvent { action=ACTION_DOWN, actionButton=0, id[0]=0, x[0]=256.0, y[0]=1589.0, toolType[0]=TOOL_TYPE_UNKNOWN, buttonState=0, metaState=0, flags=0x0, edgeFlags=0x0, pointerCount=1, historySize=0, eventTime=639494578, downTime=639494578, deviceId=0, source=0x1002 }
08-03 17:37:58.168 11590 11590 I Input   : injectMotionEvent: MotionEvent { action=ACTION_UP, actionButton=0, id[0]=0, x[0]=256.0, y[0]=1589.0, toolType[0]=TOOL_TYPE_UNKNOWN, buttonState=0, metaState=0, flags=0x0, edgeFlags=0x0, pointerCount=1, historySize=0, eventTime=639494578, downTime=639494578, deviceId=0, source=0x1002 }
08-03 17:37:58.169 11590 11590 D AndroidRuntime: Shutting down VM
08-03 17:37:58.182 11177 11177 D UserPreferences: timeOfDay: []
08-03 17:37:58.182 11177 11177 D AutoUpdateManager: Restarting update alarm.
08-03 17:37:58.183   512  2967 D audio_hw_primary: out_set_parameters: enter: usecase(1: low-latency-playback) kvpairs: routing=2
08-03 17:37:58.184 11177 11177 D AutoUpdateManager: Automatic update was deactivated
08-03 17:37:58.196   512  2967 D audio_hw_primary: select_devices: out_snd_device(2: speaker) in_snd_device(0: none)
08-03 17:37:58.196   512  2967 D msm8974_platform: platform_send_audio_calibration: sending audio calibration for snd_device(2) acdb_id(15)
08-03 17:37:58.196   512  2967 I soundtrigger: audio_extn_sound_trigger_update_device_status: device 0x2 of type 0 for Event 1
08-03 17:37:58.208 13866 13866 I GoogleInputMethodServic: GoogleInputMethodService.onFinishInput():3138 
08-03 17:37:58.209 13866 13866 I GoogleInputMethodServic: GoogleInputMethodService.onStartInput():1808 
08-03 17:37:58.210   512  2967 D audio_hw_primary: enable_snd_device: snd_device(2: speaker)
08-03 17:37:58.213   512  2967 D audio_hw_primary: enable_audio_route: apply and update mixer path: low-latency-playback speaker
08-03 17:37:58.228 29532 29532 W PathParser: Points are too far apart 4.030360828967057
08-03 17:37:58.228 29532 29532 W PathParser: Points are too far apart 4.030360538880159
08-03 17:37:58.230 11177 11189 I art     : Starting a blocking GC Explicit
08-03 17:37:58.245 29532 29532 W PathParser: Points are too far apart 4.030360828967057
08-03 17:37:58.245 29532 29532 W PathParser: Points are too far apart 4.030360538880159
08-03 17:37:58.249 11177 11189 I art     : Explicit concurrent mark sweep GC freed 1687(107KB) AllocSpace objects, 2(40KB) LOS objects, 40% free, 23MB/39MB, paused 184us total 18.813ms
08-03 17:37:58.254   512  2967 D AudioFlinger: mixer(0xf4740000) throttle end: throttle time(12)
08-03 17:37:58.257 11177 11189 I art     : Starting a blocking GC Explicit
08-03 17:37:58.261 29532 29532 W PathParser: Points are too far apart 4.030360828967057
08-03 17:37:58.262 29532 29532 W PathParser: Points are too far apart 4.030360538880159
08-03 17:37:58.276 11177 11189 I art     : Explicit concurrent mark sweep GC freed 60(2176B) AllocSpace objects, 0(0B) LOS objects, 40% free, 23MB/39MB, paused 218us total 18.597ms
08-03 17:37:58.278 29532 29532 W PathParser: Points are too far apart 4.030360828967057
08-03 17:37:58.278 29532 29532 W PathParser: Points are too far apart 4.030360538880159
08-03 17:37:58.285 11177 11189 I art     : Starting a blocking GC Explicit
08-03 17:37:58.295 29532 29532 W PathParser: Points are too far apart 4.030360828967057
08-03 17:37:58.295 29532 29532 W PathParser: Points are too far apart 4.030360538880159
08-03 17:37:58.304 11177 11189 I art     : Explicit concurrent mark sweep GC freed 4(128B) AllocSpace objects, 0(0B) LOS objects, 40% free, 23MB/39MB, paused 186us total 18.902ms
08-03 17:37:58.312 29532 29532 W PathParser: Points are too far apart 4.030360828967057
08-03 17:37:58.312 29532 29532 W PathParser: Points are too far apart 4.030360538880159
08-03 17:37:58.312 11177 11189 I art     : Starting a blocking GC Explicit
08-03 17:37:58.328 29532 29532 W PathParser: Points are too far apart 4.030360828967057
08-03 17:37:58.328 29532 29532 W PathParser: Points are too far apart 4.030360538880159
08-03 17:37:58.331 11177 11189 I art     : Explicit concurrent mark sweep GC freed 18(576B) AllocSpace objects, 0(0B) LOS objects, 40% free, 23MB/39MB, paused 270us total 19.271ms
08-03 17:37:58.339 11177 11189 I art     : Starting a blocking GC Explicit
08-03 17:37:58.345 29532 29532 W PathParser: Points are too far apart 4.030360828967057
08-03 17:37:58.345 29532 29532 W PathParser: Points are too far apart 4.030360538880159
08-03 17:37:58.358 11177 11189 I art     : Explicit concurrent mark sweep GC freed 56(2720B) AllocSpace objects, 0(0B) LOS objects, 40% free, 23MB/39MB, paused 195us total 18.673ms
08-03 17:37:58.394   380   380 W SurfaceFlinger: couldn't log to binary event log: overflow.
08-03 17:37:58.587 11177 11190 I art     : Starting a blocking GC Explicit
08-03 17:37:58.607 11177 11190 I art     : Explicit concurrent mark sweep GC freed 1829(94KB) AllocSpace objects, 1(20KB) LOS objects, 40% free, 23MB/39MB, paused 251us total 19.802ms
08-03 17:37:58.614 11177 11190 I art     : Starting a blocking GC Explicit
08-03 17:37:58.634 11177 11190 I art     : Explicit concurrent mark sweep GC freed 23(752B) AllocSpace objects, 0(0B) LOS objects, 40% free, 23MB/39MB, paused 197us total 19.608ms
08-03 17:37:58.643 11177 11190 I art     : Starting a blocking GC Explicit
08-03 17:37:58.662 11177 11190 I art     : Explicit concurrent mark sweep GC freed 4(160B) AllocSpace objects, 0(0B) LOS objects, 40% free, 23MB/39MB, paused 190us total 18.762ms
08-03 17:37:58.669 11177 11190 I art     : Starting a blocking GC Explicit
08-03 17:37:58.688 11177 11190 I art     : Explicit concurrent mark sweep GC freed 3(96B) AllocSpace objects, 0(0B) LOS objects, 40% free, 23MB/39MB, paused 196us total 18.335ms
08-03 17:37:58.696 11177 11190 I art     : Starting a blocking GC Explicit
08-03 17:37:58.714 11177 11190 I art     : Explicit concurrent mark sweep GC freed 3(96B) AllocSpace objects, 0(0B) LOS objects, 40% free, 23MB/39MB, paused 199us total 18.588ms
08-03 17:37:58.740   512  2967 D audio_hw_primary: disable_audio_route: reset and update mixer path: low-latency-playback speaker
08-03 17:37:58.741   512  2967 D audio_hw_primary: disable_snd_device: snd_device(2: speaker)
08-03 17:37:58.748   512  2967 I soundtrigger: audio_extn_sound_trigger_update_device_status: device 0x2 of type 0 for Event 0
08-03 17:37:58.802 11621 11621 D AndroidRuntime: >>>>>> START com.android.internal.os.RuntimeInit uid 2000 <<<<<<
08-03 17:37:58.807 11621 11621 D AndroidRuntime: CheckJNI is OFF
08-03 17:37:58.845 11621 11621 D ICU     : No timezone override file found: /data/misc/zoneinfo/current/icu/icu_tzdata.dat
08-03 17:37:58.879 11621 11621 I Radio-JNI: register_android_hardware_Radio DONE
08-03 17:37:58.901 11621 11621 D AndroidRuntime: Calling main entry com.android.commands.input.Input
08-03 17:37:58.902 11621 11621 I Input   : injectKeyEvent: KeyEvent { action=ACTION_DOWN, keyCode=KEYCODE_BACK, scanCode=0, metaState=0, flags=0x0, repeatCount=0, eventTime=639495316, downTime=639495316, deviceId=-1, source=0x101 }
08-03 17:37:58.903 11056 11056 I Atfwd_Sendcmd: AtCmdFwd service not ready - Exhausted retry attempts - :6
08-03 17:37:58.903 11056 11056 I Atfwd_Daemon: result : -1 	 ,Init step :2 	 ,qmiErrorCode: 0
08-03 17:37:58.908 11621 11621 I Input   : injectKeyEvent: KeyEvent { action=ACTION_UP, keyCode=KEYCODE_BACK, scanCode=0, metaState=0, flags=0x0, repeatCount=0, eventTime=639495316, downTime=639495316, deviceId=-1, source=0x101 }
08-03 17:37:58.916 11621 11621 D AndroidRuntime: Shutting down VM
08-03 17:37:58.968 11177 11189 I art     : Starting a blocking GC Explicit
08-03 17:37:58.975 13866 13866 I GoogleInputMethodServic: GoogleInputMethodService.onFinishInput():3138 
08-03 17:37:58.975 13866 13866 I GoogleInputMethodServic: GoogleInputMethodService.onStartInput():1808 
08-03 17:37:58.994 11177 11189 I art     : Explicit concurrent mark sweep GC freed 2636(138KB) AllocSpace objects, 1(20KB) LOS objects, 39% free, 24MB/40MB, paused 233us total 26.189ms
08-03 17:37:59.003 11177 11189 I art     : Starting a blocking GC Explicit
08-03 17:37:59.023 11177 11189 I art     : Explicit concurrent mark sweep GC freed 8433(532KB) AllocSpace objects, 0(0B) LOS objects, 40% free, 23MB/39MB, paused 211us total 19.826ms
08-03 17:37:59.031 11177 11189 I art     : Starting a blocking GC Explicit
08-03 17:37:59.051 11177 11189 I art     : Explicit concurrent mark sweep GC freed 109(5KB) AllocSpace objects, 0(0B) LOS objects, 40% free, 23MB/39MB, paused 228us total 19.227ms
08-03 17:37:59.059 11177 11189 I art     : Starting a blocking GC Explicit
08-03 17:37:59.078 11177 11189 I art     : Explicit concurrent mark sweep GC freed 869(55KB) AllocSpace objects, 1(48KB) LOS objects, 40% free, 23MB/39MB, paused 207us total 18.991ms
08-03 17:37:59.087 11177 11189 I art     : Starting a blocking GC Explicit
08-03 17:37:59.090   518   646 I ThermalEngine: ACTION: GPU - Setting GPU[0] to 450000000
08-03 17:37:59.112 11177 11189 I art     : Explicit concurrent mark sweep GC freed 3(96B) AllocSpace objects, 0(0B) LOS objects, 40% free, 23MB/39MB, paused 254us total 24.750ms
08-03 17:37:59.395 11177 11286 I art     : Starting a blocking GC Explicit
08-03 17:37:59.430 11177 11286 I art     : Explicit concurrent mark sweep GC freed 1361(79KB) AllocSpace objects, 1(20KB) LOS objects, 40% free, 23MB/39MB, paused 284us total 33.434ms
08-03 17:37:59.443 11177 11286 I art     : Starting a blocking GC Explicit
08-03 17:37:59.471 11177 11286 I art     : Explicit concurrent mark sweep GC freed 23(752B) AllocSpace objects, 0(0B) LOS objects, 40% free, 23MB/39MB, paused 279us total 27.913ms
08-03 17:37:59.482 11177 11286 I art     : Starting a blocking GC Explicit
08-03 17:37:59.506 11177 11286 I art     : Explicit concurrent mark sweep GC freed 3(96B) AllocSpace objects, 0(0B) LOS objects, 40% free, 23MB/39MB, paused 276us total 24.117ms
08-03 17:37:59.517 11177 11286 I art     : Starting a blocking GC Explicit
08-03 17:37:59.542 11177 11286 I art     : Explicit concurrent mark sweep GC freed 30(832B) AllocSpace objects, 0(0B) LOS objects, 40% free, 23MB/39MB, paused 269us total 24.709ms
08-03 17:37:59.553 11177 11286 I art     : Starting a blocking GC Explicit
08-03 17:37:59.577 11177 11286 I art     : Explicit concurrent mark sweep GC freed 3(96B) AllocSpace objects, 0(0B) LOS objects, 40% free, 23MB/39MB, paused 270us total 24.359ms
08-03 17:37:59.867 11177 11190 I art     : Starting a blocking GC Explicit
08-03 17:37:59.901 11177 11190 I art     : Explicit concurrent mark sweep GC freed 1361(79KB) AllocSpace objects, 1(20KB) LOS objects, 40% free, 23MB/39MB, paused 306us total 33.664ms
08-03 17:37:59.914 11177 11190 I art     : Starting a blocking GC Explicit
08-03 17:37:59.939 11177 11190 I art     : Explicit concurrent mark sweep GC freed 23(752B) AllocSpace objects, 0(0B) LOS objects, 40% free, 23MB/39MB, paused 264us total 24.628ms
08-03 17:37:59.950 11177 11190 I art     : Starting a blocking GC Explicit
08-03 17:37:59.974 11177 11190 I art     : Explicit concurrent mark sweep GC freed 3(96B) AllocSpace objects, 0(0B) LOS objects, 40% free, 23MB/39MB, paused 260us total 24.223ms
08-03 17:37:59.985 11177 11190 I art     : Starting a blocking GC Explicit
08-03 17:38:00.009 11177 11190 I art     : Explicit concurrent mark sweep GC freed 3(96B) AllocSpace objects, 0(0B) LOS objects, 40% free, 23MB/39MB, paused 273us total 23.606ms
08-03 17:38:00.020 11177 11190 I art     : Starting a blocking GC Explicit
08-03 17:38:00.043 11177 11190 I art     : Explicit concurrent mark sweep GC freed 3(96B) AllocSpace objects, 0(0B) LOS objects, 40% free, 23MB/39MB, paused 261us total 23.066ms
08-03 17:38:00.310 11177 11189 I art     : Starting a blocking GC Explicit
08-03 17:38:00.334 11177 11189 I art     : Explicit concurrent mark sweep GC freed 1361(79KB) AllocSpace objects, 1(20KB) LOS objects, 40% free, 23MB/39MB, paused 287us total 23.661ms
08-03 17:38:00.345 11177 11189 I art     : Starting a blocking GC Explicit
08-03 17:38:00.368 11177 11189 I art     : Explicit concurrent mark sweep GC freed 23(752B) AllocSpace objects, 0(0B) LOS objects, 40% free, 23MB/39MB, paused 277us total 23.428ms
08-03 17:38:00.379 11177 11189 I art     : Starting a blocking GC Explicit
08-03 17:38:00.402 11177 11189 I art     : Explicit concurrent mark sweep GC freed 3(96B) AllocSpace objects, 0(0B) LOS objects, 40% free, 23MB/39MB, paused 339us total 22.812ms
08-03 17:38:00.413 11177 11189 I art     : Starting a blocking GC Explicit
08-03 17:38:00.436 11177 11189 I art     : Explicit concurrent mark sweep GC freed 3(96B) AllocSpace objects, 0(0B) LOS objects, 40% free, 23MB/39MB, paused 272us total 22.918ms
08-03 17:38:00.447 11177 11189 I art     : Starting a blocking GC Explicit
08-03 17:38:00.471 11177 11189 I art     : Explicit concurrent mark sweep GC freed 3(96B) AllocSpace objects, 0(0B) LOS objects, 40% free, 23MB/39MB, paused 270us total 23.342ms
08-03 17:38:00.686 11673 11673 D AndroidRuntime: >>>>>> START com.android.internal.os.RuntimeInit uid 2000 <<<<<<
08-03 17:38:00.692 11673 11673 D AndroidRuntime: CheckJNI is OFF
08-03 17:38:00.734 11673 11673 D ICU     : No timezone override file found: /data/misc/zoneinfo/current/icu/icu_tzdata.dat
08-03 17:38:00.764 11177 11190 I art     : Starting a blocking GC Explicit
08-03 17:38:00.774 11673 11673 I Radio-JNI: register_android_hardware_Radio DONE
08-03 17:38:00.788 11177 11190 I art     : Explicit concurrent mark sweep GC freed 2104(104KB) AllocSpace objects, 1(20KB) LOS objects, 40% free, 23MB/39MB, paused 398us total 24.450ms
08-03 17:38:00.799 11177 11190 I art     : Starting a blocking GC Explicit
08-03 17:38:00.804 11673 11673 D AndroidRuntime: Calling main entry com.android.commands.input.Input
08-03 17:38:00.806 11673 11673 I Input   : injectKeyEvent: KeyEvent { action=ACTION_DOWN, keyCode=KEYCODE_BACK, scanCode=0, metaState=0, flags=0x0, repeatCount=0, eventTime=639497219, downTime=639497219, deviceId=-1, source=0x101 }
08-03 17:38:00.811 11673 11673 I Input   : injectKeyEvent: KeyEvent { action=ACTION_UP, keyCode=KEYCODE_BACK, scanCode=0, metaState=0, flags=0x0, repeatCount=0, eventTime=639497219, downTime=639497219, deviceId=-1, source=0x101 }
08-03 17:38:00.817 11673 11673 D AndroidRuntime: Shutting down VM
08-03 17:38:00.823 11177 11190 I art     : Explicit concurrent mark sweep GC freed 71(2576B) AllocSpace objects, 0(0B) LOS objects, 40% free, 23MB/39MB, paused 292us total 23.729ms
08-03 17:38:00.833 11177 11177 D QueueFragment: loadItems()
08-03 17:38:00.833 11177 11203 D DBReader: getQueue() called
08-03 17:38:00.833 11177 11177 V PlaybackController: initServiceNotRunning()
08-03 17:38:00.833 11177 11203 D DBReader: getQueue()
08-03 17:38:00.833 11177 11177 D ExternalPlayerFragment: Loading media info
08-03 17:38:00.833 11177 11190 I art     : Starting a blocking GC Explicit
08-03 17:38:00.835 11177 11177 D UserPreferences: Using default data folder
08-03 17:38:00.835 11177 11203 D DBReader: getFavoriteIDList() called
08-03 17:38:00.836 11177 11203 D DBReader: getQueueIDList() called
08-03 17:38:00.837 11177 11203 D DBReader: Extracting Feedlist
08-03 17:38:00.839 11177 11197 D DBReader: getNavDrawerData() called with: 
08-03 17:38:00.843 11177 11197 D DBReader: getDownloadedItems() called
08-03 17:38:00.843 11177 11197 D DBReader: getFavoriteIDList() called
08-03 17:38:00.844 11177 11197 D DBReader: getQueueIDList() called
08-03 17:38:00.844 11177 11197 D DBReader: Extracting Feedlist
08-03 17:38:00.857 11177 11190 I art     : Explicit concurrent mark sweep GC freed 728(61KB) AllocSpace objects, 0(0B) LOS objects, 40% free, 23MB/39MB, paused 494us total 23.148ms
08-03 17:38:00.868 11177 11190 I art     : Starting a blocking GC Explicit
08-03 17:38:00.889 11177 11190 I art     : Explicit concurrent mark sweep GC freed 551(29KB) AllocSpace objects, 0(0B) LOS objects, 40% free, 23MB/39MB, paused 286us total 21.117ms
08-03 17:38:00.890 11177 11177 D MainActivity: getLastNavFragment() -> QueueFragment
08-03 17:38:00.899 11177 11190 I art     : Starting a blocking GC Explicit
08-03 17:38:00.923 11177 11190 I art     : Explicit concurrent mark sweep GC freed 1141(65KB) AllocSpace objects, 0(0B) LOS objects, 40% free, 23MB/39MB, paused 611us total 23.531ms
08-03 17:38:00.931 13866 13866 I GoogleInputMethodServic: GoogleInputMethodService.onFinishInput():3138 
08-03 17:38:00.931 13866 13866 I GoogleInputMethodServic: GoogleInputMethodService.onStartInput():1808 
08-03 17:38:01.197   380   380 W SurfaceFlinger: couldn't log to binary event log: overflow.
08-03 17:38:01.212 11177 11189 I art     : Starting a blocking GC Explicit
08-03 17:38:01.237 11177 11189 I art     : Explicit concurrent mark sweep GC freed 2700(151KB) AllocSpace objects, 1(20KB) LOS objects, 40% free, 23MB/39MB, paused 285us total 24.918ms
08-03 17:38:01.248 11177 11189 I art     : Starting a blocking GC Explicit
08-03 17:38:01.272 11177 11189 I art     : Explicit concurrent mark sweep GC freed 160(10KB) AllocSpace objects, 0(0B) LOS objects, 40% free, 23MB/39MB, paused 293us total 23.503ms
08-03 17:38:01.281 11177 11189 I art     : Starting a blocking GC Explicit
08-03 17:38:01.303 11177 11189 I art     : Explicit concurrent mark sweep GC freed 6115(381KB) AllocSpace objects, 11(308KB) LOS objects, 40% free, 22MB/38MB, paused 322us total 21.656ms
08-03 17:38:01.314 11177 11189 I art     : Starting a blocking GC Explicit
08-03 17:38:01.335 11177 11189 I art     : Explicit concurrent mark sweep GC freed 3(96B) AllocSpace objects, 0(0B) LOS objects, 40% free, 22MB/38MB, paused 277us total 21.330ms
08-03 17:38:01.346 11177 11189 I art     : Starting a blocking GC Explicit
08-03 17:38:01.367 11177 11189 I art     : Explicit concurrent mark sweep GC freed 3(96B) AllocSpace objects, 0(0B) LOS objects, 40% free, 22MB/38MB, paused 294us total 21.237ms
08-03 17:38:01.655 11177 11190 I art     : Starting a blocking GC Explicit
08-03 17:38:01.682 11177 11190 I art     : Explicit concurrent mark sweep GC freed 1392(83KB) AllocSpace objects, 1(20KB) LOS objects, 40% free, 22MB/38MB, paused 305us total 26.330ms
08-03 17:38:01.695 11177 11190 I art     : Starting a blocking GC Explicit
08-03 17:38:01.718 11177 11190 I art     : Explicit concurrent mark sweep GC freed 23(752B) AllocSpace objects, 0(0B) LOS objects, 40% free, 22MB/38MB, paused 283us total 22.661ms
08-03 17:38:01.729 11177 11190 I art     : Starting a blocking GC Explicit
08-03 17:38:01.751 11177 11190 I art     : Explicit concurrent mark sweep GC freed 3(96B) AllocSpace objects, 0(0B) LOS objects, 40% free, 22MB/38MB, paused 278us total 21.723ms
08-03 17:38:01.761 11177 11190 I art     : Starting a blocking GC Explicit
08-03 17:38:01.783 11177 11190 I art     : Explicit concurrent mark sweep GC freed 3(96B) AllocSpace objects, 0(0B) LOS objects, 40% free, 22MB/38MB, paused 276us total 21.019ms
08-03 17:38:01.793 11177 11190 I art     : Starting a blocking GC Explicit
08-03 17:38:01.815 11177 11190 I art     : Explicit concurrent mark sweep GC freed 3(96B) AllocSpace objects, 0(0B) LOS objects, 40% free, 22MB/38MB, paused 274us total 21.472ms
08-03 17:38:02.094   518   646 I ThermalEngine: ACTION: GPU - Setting GPU[0] to 510000000
08-03 17:38:02.109 11177 11286 I art     : Starting a blocking GC Explicit
08-03 17:38:02.140 11177 11286 I art     : Explicit concurrent mark sweep GC freed 1360(79KB) AllocSpace objects, 1(20KB) LOS objects, 40% free, 22MB/38MB, paused 344us total 30.744ms
08-03 17:38:02.152 11177 11286 I art     : Starting a blocking GC Explicit
08-03 17:38:02.169 11177 11286 I art     : Explicit concurrent mark sweep GC freed 23(752B) AllocSpace objects, 0(0B) LOS objects, 40% free, 22MB/38MB, paused 227us total 16.828ms
08-03 17:38:02.177 11177 11286 I art     : Starting a blocking GC Explicit
08-03 17:38:02.193 11177 11286 I art     : Explicit concurrent mark sweep GC freed 3(96B) AllocSpace objects, 0(0B) LOS objects, 40% free, 22MB/38MB, paused 211us total 15.952ms
08-03 17:38:02.201 11177 11286 I art     : Starting a blocking GC Explicit
08-03 17:38:02.217 11177 11286 I art     : Explicit concurrent mark sweep GC freed 3(96B) AllocSpace objects, 0(0B) LOS objects, 40% free, 22MB/38MB, paused 233us total 15.915ms
08-03 17:38:02.225 11177 11286 I art     : Starting a blocking GC Explicit
08-03 17:38:02.241 11177 11286 I art     : Explicit concurrent mark sweep GC freed 3(96B) AllocSpace objects, 0(0B) LOS objects, 40% free, 22MB/38MB, paused 207us total 15.608ms
08-03 17:38:02.487 11738 11738 D AndroidRuntime: >>>>>> START com.android.internal.os.RuntimeInit uid 2000 <<<<<<
08-03 17:38:02.492 11738 11738 D AndroidRuntime: CheckJNI is OFF
08-03 17:38:02.500 11177 11189 I art     : Starting a blocking GC Explicit
08-03 17:38:02.517 11177 11189 I art     : Explicit concurrent mark sweep GC freed 1389(81KB) AllocSpace objects, 1(20KB) LOS objects, 40% free, 22MB/38MB, paused 219us total 16.862ms
08-03 17:38:02.525 11177 11189 I art     : Starting a blocking GC Explicit
08-03 17:38:02.528 11738 11738 D ICU     : No timezone override file found: /data/misc/zoneinfo/current/icu/icu_tzdata.dat
08-03 17:38:02.542 11177 11189 I art     : Explicit concurrent mark sweep GC freed 23(752B) AllocSpace objects, 0(0B) LOS objects, 40% free, 22MB/38MB, paused 225us total 16.899ms
08-03 17:38:02.550 11177 11189 I art     : Starting a blocking GC Explicit
08-03 17:38:02.565 11738 11738 I Radio-JNI: register_android_hardware_Radio DONE
08-03 17:38:02.566 11177 11189 I art     : Explicit concurrent mark sweep GC freed 3(96B) AllocSpace objects, 0(0B) LOS objects, 40% free, 22MB/38MB, paused 224us total 15.758ms
08-03 17:38:02.574 11177 11189 I art     : Starting a blocking GC Explicit
08-03 17:38:02.588 11738 11738 D AndroidRuntime: Calling main entry com.android.commands.input.Input
08-03 17:38:02.590 11177 11189 I art     : Explicit concurrent mark sweep GC freed 3(96B) AllocSpace objects, 0(0B) LOS objects, 40% free, 22MB/38MB, paused 241us total 15.947ms
08-03 17:38:02.590 11738 11738 I Input   : injectMotionEvent: MotionEvent { action=ACTION_DOWN, actionButton=0, id[0]=0, x[0]=103.0, y[0]=192.0, toolType[0]=TOOL_TYPE_UNKNOWN, buttonState=0, metaState=0, flags=0x0, edgeFlags=0x0, pointerCount=1, historySize=0, eventTime=639499003, downTime=639499003, deviceId=0, source=0x1002 }
08-03 17:38:02.596 11738 11738 I Input   : injectMotionEvent: MotionEvent { action=ACTION_UP, actionButton=0, id[0]=0, x[0]=103.0, y[0]=192.0, toolType[0]=TOOL_TYPE_UNKNOWN, buttonState=0, metaState=0, flags=0x0, edgeFlags=0x0, pointerCount=1, historySize=0, eventTime=639499003, downTime=639499003, deviceId=0, source=0x1002 }
08-03 17:38:02.597 11738 11738 D AndroidRuntime: Shutting down VM
08-03 17:38:02.597 11177 11189 I art     : Starting a blocking GC Explicit
08-03 17:38:02.602   512  2967 D audio_hw_primary: out_set_parameters: enter: usecase(1: low-latency-playback) kvpairs: routing=2
08-03 17:38:02.614   512  2967 D audio_hw_primary: select_devices: out_snd_device(2: speaker) in_snd_device(0: none)
08-03 17:38:02.615   512  2967 D msm8974_platform: platform_send_audio_calibration: sending audio calibration for snd_device(2) acdb_id(15)
08-03 17:38:02.615   512  2967 I soundtrigger: audio_extn_sound_trigger_update_device_status: device 0x2 of type 0 for Event 1
08-03 17:38:02.615 11177 11189 I art     : Explicit concurrent mark sweep GC freed 27(864B) AllocSpace objects, 0(0B) LOS objects, 40% free, 22MB/38MB, paused 234us total 17.275ms
08-03 17:38:02.628   512  2967 D audio_hw_primary: enable_snd_device: snd_device(2: speaker)
08-03 17:38:02.630   512  2967 D audio_hw_primary: enable_audio_route: apply and update mixer path: low-latency-playback speaker
08-03 17:38:02.638 13866 13866 I GoogleInputMethodServic: GoogleInputMethodService.onFinishInput():3138 
08-03 17:38:02.639 13866 13866 I GoogleInputMethodServic: GoogleInputMethodService.onStartInput():1808 
08-03 17:38:02.865 11177 11190 I art     : Starting a blocking GC Explicit
08-03 17:38:02.884 11177 11190 I art     : Explicit concurrent mark sweep GC freed 1829(103KB) AllocSpace objects, 1(20KB) LOS objects, 40% free, 22MB/38MB, paused 492us total 18.146ms
08-03 17:38:02.892 11177 11190 I art     : Starting a blocking GC Explicit
08-03 17:38:02.910 11177 11190 I art     : Explicit concurrent mark sweep GC freed 37(1552B) AllocSpace objects, 0(0B) LOS objects, 40% free, 22MB/38MB, paused 254us total 17.344ms
08-03 17:38:02.918 11177 11190 I art     : Starting a blocking GC Explicit
08-03 17:38:02.935 11177 11190 I art     : Explicit concurrent mark sweep GC freed 3(96B) AllocSpace objects, 0(0B) LOS objects, 40% free, 22MB/38MB, paused 226us total 17.048ms
08-03 17:38:02.944 11177 11190 I art     : Starting a blocking GC Explicit
08-03 17:38:02.959 11177 11190 I art     : Explicit concurrent mark sweep GC freed 3(96B) AllocSpace objects, 0(0B) LOS objects, 40% free, 22MB/38MB, paused 203us total 15.218ms
08-03 17:38:02.967 11177 11190 I art     : Starting a blocking GC Explicit
08-03 17:38:02.982 11177 11190 I art     : Explicit concurrent mark sweep GC freed 9(288B) AllocSpace objects, 0(0B) LOS objects, 40% free, 22MB/38MB, paused 189us total 15.352ms
08-03 17:38:03.159   512  2967 D audio_hw_primary: disable_audio_route: reset and update mixer path: low-latency-playback speaker
08-03 17:38:03.160   512  2967 D audio_hw_primary: disable_snd_device: snd_device(2: speaker)
08-03 17:38:03.169   512  2967 I soundtrigger: audio_extn_sound_trigger_update_device_status: device 0x2 of type 0 for Event 0
08-03 17:38:03.255 11177 11189 I art     : Starting a blocking GC Explicit
08-03 17:38:03.273 11177 11189 I art     : Explicit concurrent mark sweep GC freed 1364(81KB) AllocSpace objects, 1(20KB) LOS objects, 40% free, 22MB/38MB, paused 214us total 17.146ms
08-03 17:38:03.281 11177 11189 I art     : Starting a blocking GC Explicit
08-03 17:38:03.298 11177 11189 I art     : Explicit concurrent mark sweep GC freed 25(816B) AllocSpace objects, 0(0B) LOS objects, 40% free, 22MB/38MB, paused 217us total 16.258ms
08-03 17:38:03.306 11177 11189 I art     : Starting a blocking GC Explicit
08-03 17:38:03.322 11177 11189 I art     : Explicit concurrent mark sweep GC freed 5(160B) AllocSpace objects, 0(0B) LOS objects, 40% free, 22MB/38MB, paused 213us total 16.331ms
08-03 17:38:03.330 11177 11189 I art     : Starting a blocking GC Explicit
08-03 17:38:03.347 11177 11189 I art     : Explicit concurrent mark sweep GC freed 3(96B) AllocSpace objects, 0(0B) LOS objects, 40% free, 22MB/38MB, paused 212us total 16.856ms
08-03 17:38:03.355 11177 11189 I art     : Starting a blocking GC Explicit
08-03 17:38:03.371 11177 11189 I art     : Explicit concurrent mark sweep GC freed 3(96B) AllocSpace objects, 0(0B) LOS objects, 40% free, 22MB/38MB, paused 219us total 16.299ms
08-03 17:38:03.661 11177 11190 I art     : Starting a blocking GC Explicit
08-03 17:38:03.680 11177 11190 I art     : Explicit concurrent mark sweep GC freed 1388(82KB) AllocSpace objects, 1(20KB) LOS objects, 40% free, 22MB/38MB, paused 225us total 18.432ms
08-03 17:38:03.691 11177 11190 I art     : Starting a blocking GC Explicit
08-03 17:38:03.709 11177 11190 I art     : Explicit concurrent mark sweep GC freed 23(752B) AllocSpace objects, 0(0B) LOS objects, 40% free, 22MB/38MB, paused 208us total 17.053ms
08-03 17:38:03.717 11177 11190 I art     : Starting a blocking GC Explicit
08-03 17:38:03.734 11177 11190 I art     : Explicit concurrent mark sweep GC freed 3(96B) AllocSpace objects, 0(0B) LOS objects, 40% free, 22MB/38MB, paused 223us total 16.771ms
08-03 17:38:03.742 11177 11190 I art     : Starting a blocking GC Explicit
08-03 17:38:03.759 11177 11190 I art     : Explicit concurrent mark sweep GC freed 3(96B) AllocSpace objects, 0(0B) LOS objects, 40% free, 22MB/38MB, paused 206us total 16.861ms
08-03 17:38:03.767 11177 11190 I art     : Starting a blocking GC Explicit
08-03 17:38:03.784 11177 11190 I art     : Explicit concurrent mark sweep GC freed 3(96B) AllocSpace objects, 0(0B) LOS objects, 40% free, 22MB/38MB, paused 204us total 16.628ms
08-03 17:38:03.904 11056 11056 I ServiceManager: Waiting for service AtCmdFwd...
08-03 17:38:04.038 11177 11286 I art     : Starting a blocking GC Explicit
08-03 17:38:04.056 11177 11286 I art     : Explicit concurrent mark sweep GC freed 1358(79KB) AllocSpace objects, 1(20KB) LOS objects, 40% free, 22MB/38MB, paused 218us total 17.320ms
08-03 17:38:04.064 11177 11286 I art     : Starting a blocking GC Explicit
08-03 17:38:04.081 11177 11286 I art     : Explicit concurrent mark sweep GC freed 23(752B) AllocSpace objects, 0(0B) LOS objects, 40% free, 22MB/38MB, paused 217us total 16.862ms
08-03 17:38:04.089 11177 11286 I art     : Starting a blocking GC Explicit
08-03 17:38:04.106 11177 11286 I art     : Explicit concurrent mark sweep GC freed 3(96B) AllocSpace objects, 0(0B) LOS objects, 40% free, 22MB/38MB, paused 208us total 16.389ms
08-03 17:38:04.114 11177 11286 I art     : Starting a blocking GC Explicit
08-03 17:38:04.130 11177 11286 I art     : Explicit concurrent mark sweep GC freed 3(96B) AllocSpace objects, 0(0B) LOS objects, 40% free, 22MB/38MB, paused 217us total 16.431ms
08-03 17:38:04.138 11177 11286 I art     : Starting a blocking GC Explicit
08-03 17:38:04.155 11177 11286 I art     : Explicit concurrent mark sweep GC freed 3(96B) AllocSpace objects, 0(0B) LOS objects, 40% free, 22MB/38MB, paused 222us total 16.316ms
08-03 17:38:04.266 11792 11792 D AndroidRuntime: >>>>>> START com.android.internal.os.RuntimeInit uid 2000 <<<<<<
08-03 17:38:04.271 11792 11792 D AndroidRuntime: CheckJNI is OFF
08-03 17:38:04.305 11792 11792 D ICU     : No timezone override file found: /data/misc/zoneinfo/current/icu/icu_tzdata.dat
08-03 17:38:04.338 11792 11792 I Radio-JNI: register_android_hardware_Radio DONE
08-03 17:38:04.360 11792 11792 D AndroidRuntime: Calling main entry com.android.commands.input.Input
08-03 17:38:04.361 11792 11792 I Input   : injectMotionEvent: MotionEvent { action=ACTION_DOWN, actionButton=0, id[0]=0, x[0]=409.0, y[0]=1034.0, toolType[0]=TOOL_TYPE_UNKNOWN, buttonState=0, metaState=0, flags=0x0, edgeFlags=0x0, pointerCount=1, historySize=0, eventTime=639500774, downTime=639500774, deviceId=0, source=0x1002 }
08-03 17:38:04.365 11792 11792 I Input   : injectMotionEvent: MotionEvent { action=ACTION_UP, actionButton=0, id[0]=0, x[0]=409.0, y[0]=1034.0, toolType[0]=TOOL_TYPE_UNKNOWN, buttonState=0, metaState=0, flags=0x0, edgeFlags=0x0, pointerCount=1, historySize=0, eventTime=639500774, downTime=639500774, deviceId=0, source=0x1002 }
08-03 17:38:04.368 11792 11792 D AndroidRuntime: Shutting down VM
08-03 17:38:04.413 11177 11190 I art     : Starting a blocking GC Explicit
08-03 17:38:04.430 11177 11190 I art     : Explicit concurrent mark sweep GC freed 1409(81KB) AllocSpace objects, 1(20KB) LOS objects, 40% free, 22MB/38MB, paused 204us total 16.379ms
08-03 17:38:04.436 11177 11177 D MainActivity: loadFragment(index: 5, args: null)
08-03 17:38:04.436 11177 11177 D MainActivity: loadFragment(tag: AddFeedFragment, args: null)
08-03 17:38:04.437 11177 11177 D MainActivity: saveLastNavFragment(tag: AddFeedFragment)
08-03 17:38:04.438 11177 11177 D MainActivity: getLastNavFragment() -> AddFeedFragment
08-03 17:38:04.439 11177 11190 I art     : Starting a blocking GC Explicit
08-03 17:38:04.440   512  2967 D audio_hw_primary: out_set_parameters: enter: usecase(1: low-latency-playback) kvpairs: routing=2
08-03 17:38:04.452   512  2967 D audio_hw_primary: select_devices: out_snd_device(2: speaker) in_snd_device(0: none)
08-03 17:38:04.453   512  2967 D msm8974_platform: platform_send_audio_calibration: sending audio calibration for snd_device(2) acdb_id(15)
08-03 17:38:04.453   512  2967 I soundtrigger: audio_extn_sound_trigger_update_device_status: device 0x2 of type 0 for Event 1
08-03 17:38:04.457 11177 11190 I art     : Explicit concurrent mark sweep GC freed 196(25KB) AllocSpace objects, 1(20KB) LOS objects, 40% free, 22MB/38MB, paused 476us total 17.891ms
08-03 17:38:04.462   512  2967 D audio_hw_primary: enable_snd_device: snd_device(2: speaker)
08-03 17:38:04.464   512  2967 D audio_hw_primary: enable_audio_route: apply and update mixer path: low-latency-playback speaker
08-03 17:38:04.464 11177 11190 I art     : Starting a blocking GC Explicit
08-03 17:38:04.484 11177 11190 I art     : Explicit concurrent mark sweep GC freed 1474(75KB) AllocSpace objects, 0(0B) LOS objects, 40% free, 23MB/38MB, paused 1.975ms total 20.204ms
08-03 17:38:04.493 11177 11190 I art     : Starting a blocking GC Explicit
08-03 17:38:04.511 11177 11190 I art     : Explicit concurrent mark sweep GC freed 586(37KB) AllocSpace objects, 0(0B) LOS objects, 40% free, 23MB/38MB, paused 236us total 17.594ms
08-03 17:38:04.518 11177 11190 I art     : Starting a blocking GC Explicit
08-03 17:38:04.534 11177 11190 I art     : Explicit concurrent mark sweep GC freed 1192(71KB) AllocSpace objects, 2(56KB) LOS objects, 40% free, 22MB/38MB, paused 205us total 15.791ms
08-03 17:38:04.788 11177 11286 I art     : Starting a blocking GC Explicit
08-03 17:38:04.805 11177 11286 I art     : Explicit concurrent mark sweep GC freed 1405(81KB) AllocSpace objects, 1(20KB) LOS objects, 40% free, 22MB/38MB, paused 190us total 16.920ms
08-03 17:38:04.815 11177 11286 I art     : Starting a blocking GC Explicit
08-03 17:38:04.821 24036 24036 I Finsky  : [1] xow.onStartJob(3): SCH: onJobSchedulerWakeup with jobId 9011
08-03 17:38:04.825 24036 24036 I Finsky  : [1] xjw.a(9): Scheduling fallback in 43199996 (absolute: 1666088696)
08-03 17:38:04.831 24036 24036 I Finsky  : [1] xjw.a(9): Scheduling fallback in 64799995 (absolute: 1687688701)
08-03 17:38:04.831 11177 11286 I art     : Explicit concurrent mark sweep GC freed 33(1072B) AllocSpace objects, 0(0B) LOS objects, 40% free, 22MB/38MB, paused 189us total 15.971ms
08-03 17:38:04.836 24036 24036 I Finsky  : [1] xow.onStartJob(3): SCH: onJobSchedulerWakeup with jobId 9016
08-03 17:38:04.838 24036 24036 I Finsky  : [1] xjw.a(9): Scheduling fallback in 43199998 (absolute: 1666088711)
08-03 17:38:04.839 11177 11286 I art     : Starting a blocking GC Explicit
08-03 17:38:04.843 24036 24036 I Finsky  : [1] xjw.a(9): Scheduling fallback in 64799996 (absolute: 1687688713)
08-03 17:38:04.845 24036 24036 W Finsky  : [1] xow.onStartJob(9): SCH: onJobSchedulerWakeup while already running
08-03 17:38:04.854 11177 11286 I art     : Explicit concurrent mark sweep GC freed 40(1312B) AllocSpace objects, 0(0B) LOS objects, 40% free, 22MB/38MB, paused 222us total 14.870ms
08-03 17:38:04.861 11177 11286 I art     : Starting a blocking GC Explicit
08-03 17:38:04.874 13866 13866 I GoogleInputMethodServic: GoogleInputMethodService.onFinishInput():3138 
08-03 17:38:04.874 13866 13866 I GoogleInputMethodServic: GoogleInputMethodService.onStartInput():1808 
08-03 17:38:04.876 11177 11286 I art     : Explicit concurrent mark sweep GC freed 98(3KB) AllocSpace objects, 0(0B) LOS objects, 40% free, 22MB/38MB, paused 206us total 14.521ms
08-03 17:38:04.883 11177 11286 I art     : Starting a blocking GC Explicit
08-03 17:38:04.897 11177 11286 I art     : Explicit concurrent mark sweep GC freed 85(5KB) AllocSpace objects, 0(0B) LOS objects, 40% free, 22MB/38MB, paused 185us total 14.539ms
08-03 17:38:04.904 11056 11056 I ServiceManager: Waiting for service AtCmdFwd...
08-03 17:38:04.941 24036 24036 I Finsky  : [1] xkf.handleMessage(8): SCH: DeviceState: DeviceState{currentTime=1596469084937, isCharging=false, isIdle=false, netAny=true, netNotRoaming=true, netUnmetered=true, batteryPercent=100.0}
08-03 17:38:04.945 24036 11135 I Finsky  : [5573] xmu.a(8): SCH: Jobs in database: 1-1337 3-177 3-178 12-1 24-77777777 26-1414141414 
08-03 17:38:04.948 24036 24036 I Finsky  : [1] xkg.a(16): SCH: Running job: 12-1
08-03 17:38:04.948 24036 24036 I Finsky  : [1] ContentSyncJob.a(16): [ContentSync] job started
08-03 17:38:04.949 24036 24036 I Finsky  : [1] xkf.handleMessage(61): SCH: RunningQueue size: 1, PendingQueue size: 0
08-03 17:38:04.949 24036 24036 I Finsky  : [1] xkf.handleMessage(64): SCH: Running queue: 12-1 
08-03 17:38:05.008   512  2967 D audio_hw_primary: disable_audio_route: reset and update mixer path: low-latency-playback speaker
08-03 17:38:05.009   512  2967 D audio_hw_primary: disable_snd_device: snd_device(2: speaker)
08-03 17:38:05.017   512  2967 I soundtrigger: audio_extn_sound_trigger_update_device_status: device 0x2 of type 0 for Event 0
08-03 17:38:05.019 24036 11836 I Finsky  : [5582] dzn.a(22): Completed 0 account content syncs with 0 successful.
08-03 17:38:05.020 24036 24036 I Finsky  : [1] ContentSyncJob.a(1): [ContentSync] Installation state replication succeeded.
08-03 17:38:05.020 24036 24036 I Finsky  : [1] xlr.a(13): SCH: jobFinished: 12-1. TimeElapsed: 72ms.
08-03 17:38:05.021 24036 24036 I Finsky  : [1] xkg.a(36): SCH: Job 12-1 finished. Not rescheduling.
08-03 17:38:05.022 24036 24036 I Finsky  : [1] xkf.handleMessage(61): SCH: RunningQueue size: 0, PendingQueue size: 0
08-03 17:38:05.023 24036 24036 I Finsky  : [1] xkf.handleMessage(25): Executor finished
08-03 17:38:05.042 24036 24036 I Finsky  : [1] xmu.a(8): SCH: Jobs in database: 1-1337 3-177 3-178 24-77777777 26-1414141414 
08-03 17:38:05.044 24036 24036 I Finsky  : [1] xio.a(57): SCH: ConstraintMapping: 24-77777777,  -> L: 0ms, D: 12484058ms, C: false, I: true, N: 0
08-03 17:38:05.044 24036 24036 I Finsky  : [1] xio.a(57): SCH: ConstraintMapping: 1-1337,  -> L: 16067863ms, D: 59267863ms, C: false, I: false, N: 1
08-03 17:38:05.045 24036 24036 I Finsky  : [1] xio.a(57): SCH: ConstraintMapping: 3-177,  -> L: 0ms, D: 84029295ms, C: false, I: true, N: 2
08-03 17:38:05.046 24036 24036 I Finsky  : [1] xio.a(57): SCH: ConstraintMapping: 3-178,  -> L: 0ms, D: 84029346ms, C: true, I: true, N: 2
08-03 17:38:05.047 24036 24036 I Finsky  : [1] xio.a(57): SCH: ConstraintMapping: 26-1414141414,  -> L: 20140111ms, D: 21040111ms, C: false, I: false, N: 0
08-03 17:38:05.061 24036 24036 I Finsky  : [1] xle.a(34): Cancelling existing jobscheduler jobs: 9015 9012 9019 9018 9001 9014 9017 9013 
08-03 17:38:05.061 24036 24036 I Finsky  : [1] xle.a(10): Throttling wakeup for job 9000 (expected to run in 0 ms) due to recent wakeup
08-03 17:38:05.062 24036 24036 I Finsky  : [1] xle.a(27): Scheduling job Id: 9000, L: 30000, D: 12484058, C: false, I: true, N: 0
08-03 17:38:05.064 24036 24036 I Finsky  : [1] xle.a(27): Scheduling job Id: 9002, L: 16067863, D: 59267863, C: false, I: false, N: 1
08-03 17:38:05.065 24036 24036 I Finsky  : [1] xle.a(10): Throttling wakeup for job 9003 (expected to run in 0 ms) due to recent wakeup
08-03 17:38:05.066 24036 24036 I Finsky  : [1] xle.a(27): Scheduling job Id: 9003, L: 30000, D: 84029295, C: false, I: true, N: 2
08-03 17:38:05.067 24036 24036 I Finsky  : [1] xle.a(10): Throttling wakeup for job 9004 (expected to run in 0 ms) due to recent wakeup
08-03 17:38:05.068 24036 24036 I Finsky  : [1] xle.a(27): Scheduling job Id: 9004, L: 30000, D: 84029346, C: true, I: true, N: 2
08-03 17:38:05.070 24036 24036 I Finsky  : [1] xle.a(27): Scheduling job Id: 9005, L: 20140111, D: 21040111, C: false, I: false, N: 0
08-03 17:38:05.071 24036 24036 I Finsky  : [1] xle.a(10): Throttling wakeup for job 9006 (expected to run in 0 ms) due to recent wakeup
08-03 17:38:05.071 24036 24036 I Finsky  : [1] xle.a(27): Scheduling job Id: 9006, L: 30000, D: 12484058, C: false, I: true, N: 0
08-03 17:38:05.073 24036 24036 I Finsky  : [1] xle.a(27): Scheduling job Id: 9007, L: 16067863, D: 59267863, C: false, I: false, N: 1
08-03 17:38:05.074 24036 24036 I Finsky  : [1] xle.a(10): Throttling wakeup for job 9008 (expected to run in 0 ms) due to recent wakeup
08-03 17:38:05.074 24036 24036 I Finsky  : [1] xle.a(27): Scheduling job Id: 9008, L: 30000, D: 84029295, C: false, I: true, N: 2
08-03 17:38:05.076 24036 24036 I Finsky  : [1] xle.a(10): Throttling wakeup for job 9009 (expected to run in 0 ms) due to recent wakeup
08-03 17:38:05.076 24036 24036 I Finsky  : [1] xle.a(27): Scheduling job Id: 9009, L: 30000, D: 84029346, C: true, I: true, N: 2
08-03 17:38:05.077 24036 24036 I Finsky  : [1] xle.a(27): Scheduling job Id: 9010, L: 20140111, D: 21040111, C: false, I: false, N: 0
08-03 17:38:05.152 11177 11190 I art     : Starting a blocking GC Explicit
08-03 17:38:05.168 11177 11190 I art     : Explicit concurrent mark sweep GC freed 1372(80KB) AllocSpace objects, 1(20KB) LOS objects, 40% free, 22MB/38MB, paused 190us total 16.035ms
08-03 17:38:05.176 11177 11190 I art     : Starting a blocking GC Explicit
08-03 17:38:05.191 11177 11190 I art     : Explicit concurrent mark sweep GC freed 25(816B) AllocSpace objects, 0(0B) LOS objects, 40% free, 22MB/38MB, paused 190us total 14.704ms
08-03 17:38:05.198 11177 11190 I art     : Starting a blocking GC Explicit
08-03 17:38:05.214 11177 11190 I art     : Explicit concurrent mark sweep GC freed 3(96B) AllocSpace objects, 0(0B) LOS objects, 40% free, 22MB/38MB, paused 181us total 15.344ms
08-03 17:38:05.221 11177 11190 I art     : Starting a blocking GC Explicit
08-03 17:38:05.235 11177 11190 I art     : Explicit concurrent mark sweep GC freed 3(96B) AllocSpace objects, 0(0B) LOS objects, 40% free, 22MB/38MB, paused 178us total 13.834ms
08-03 17:38:05.242 11177 11190 I art     : Starting a blocking GC Explicit
08-03 17:38:05.256 11177 11190 I art     : Explicit concurrent mark sweep GC freed 3(96B) AllocSpace objects, 0(0B) LOS objects, 40% free, 22MB/38MB, paused 181us total 14.003ms
08-03 17:38:05.539 11177 11189 I art     : Starting a blocking GC Explicit
08-03 17:38:05.558 11177 11189 I art     : Explicit concurrent mark sweep GC freed 1389(80KB) AllocSpace objects, 1(20KB) LOS objects, 40% free, 22MB/38MB, paused 217us total 18.683ms
08-03 17:38:05.567 11177 11189 I art     : Starting a blocking GC Explicit
08-03 17:38:05.584 11177 11189 I art     : Explicit concurrent mark sweep GC freed 23(752B) AllocSpace objects, 0(0B) LOS objects, 40% free, 22MB/38MB, paused 205us total 17.009ms
08-03 17:38:05.592 11177 11189 I art     : Starting a blocking GC Explicit
08-03 17:38:05.608 11177 11189 I art     : Explicit concurrent mark sweep GC freed 3(96B) AllocSpace objects, 0(0B) LOS objects, 40% free, 22MB/38MB, paused 200us total 16.064ms
08-03 17:38:05.616 11177 11189 I art     : Starting a blocking GC Explicit
08-03 17:38:05.632 11177 11189 I art     : Explicit concurrent mark sweep GC freed 3(96B) AllocSpace objects, 0(0B) LOS objects, 40% free, 22MB/38MB, paused 208us total 15.821ms
08-03 17:38:05.639 11177 11189 I art     : Starting a blocking GC Explicit
08-03 17:38:05.656 11177 11189 I art     : Explicit concurrent mark sweep GC freed 3(96B) AllocSpace objects, 0(0B) LOS objects, 40% free, 22MB/38MB, paused 211us total 16.264ms
08-03 17:38:05.904 11056 11056 I ServiceManager: Waiting for service AtCmdFwd...
08-03 17:38:05.921 11177 11190 I art     : Starting a blocking GC Explicit
08-03 17:38:05.938 11177 11190 I art     : Explicit concurrent mark sweep GC freed 1358(79KB) AllocSpace objects, 1(20KB) LOS objects, 40% free, 22MB/38MB, paused 218us total 17.233ms
08-03 17:38:05.947 11177 11190 I art     : Starting a blocking GC Explicit
08-03 17:38:05.963 11177 11190 I art     : Explicit concurrent mark sweep GC freed 23(752B) AllocSpace objects, 0(0B) LOS objects, 40% free, 22MB/38MB, paused 206us total 16.107ms
08-03 17:38:05.971 11177 11190 I art     : Starting a blocking GC Explicit
08-03 17:38:05.987 11177 11190 I art     : Explicit concurrent mark sweep GC freed 3(96B) AllocSpace objects, 0(0B) LOS objects, 40% free, 22MB/38MB, paused 206us total 16.279ms
08-03 17:38:05.995 11177 11190 I art     : Starting a blocking GC Explicit
08-03 17:38:06.012 11177 11190 I art     : Explicit concurrent mark sweep GC freed 3(96B) AllocSpace objects, 0(0B) LOS objects, 40% free, 22MB/38MB, paused 254us total 16.555ms
08-03 17:38:06.020 11177 11190 I art     : Starting a blocking GC Explicit
08-03 17:38:06.028 11857 11857 D AndroidRuntime: >>>>>> START com.android.internal.os.RuntimeInit uid 2000 <<<<<<
08-03 17:38:06.032 11857 11857 D AndroidRuntime: CheckJNI is OFF
08-03 17:38:06.037 11177 11190 I art     : Explicit concurrent mark sweep GC freed 3(96B) AllocSpace objects, 0(0B) LOS objects, 40% free, 22MB/38MB, paused 262us total 16.845ms
08-03 17:38:06.065 11857 11857 D ICU     : No timezone override file found: /data/misc/zoneinfo/current/icu/icu_tzdata.dat
08-03 17:38:06.096 11857 11857 I Radio-JNI: register_android_hardware_Radio DONE
08-03 17:38:06.108   518   646 I ThermalEngine: ACTION: GPU - Setting GPU[0] to 450000000
08-03 17:38:06.124 11857 11857 D AndroidRuntime: Calling main entry com.android.commands.input.Input
08-03 17:38:06.126 11857 11857 I Input   : injectMotionEvent: MotionEvent { action=ACTION_DOWN, actionButton=0, id[0]=0, x[0]=567.0, y[0]=714.0, toolType[0]=TOOL_TYPE_UNKNOWN, buttonState=0, metaState=0, flags=0x0, edgeFlags=0x0, pointerCount=1, historySize=0, eventTime=639502539, downTime=639502539, deviceId=0, source=0x1002 }
08-03 17:38:06.132 11857 11857 I Input   : injectMotionEvent: MotionEvent { action=ACTION_UP, actionButton=0, id[0]=0, x[0]=567.0, y[0]=714.0, toolType[0]=TOOL_TYPE_UNKNOWN, buttonState=0, metaState=0, flags=0x0, edgeFlags=0x0, pointerCount=1, historySize=0, eventTime=639502539, downTime=639502539, deviceId=0, source=0x1002 }
08-03 17:38:06.134 11857 11857 D AndroidRuntime: Shutting down VM
08-03 17:38:06.143   512  2967 D audio_hw_primary: out_set_parameters: enter: usecase(1: low-latency-playback) kvpairs: routing=2
08-03 17:38:06.156   512  2967 D audio_hw_primary: select_devices: out_snd_device(2: speaker) in_snd_device(0: none)
08-03 17:38:06.156   512  2967 D msm8974_platform: platform_send_audio_calibration: sending audio calibration for snd_device(2) acdb_id(15)
08-03 17:38:06.157   512  2967 I soundtrigger: audio_extn_sound_trigger_update_device_status: device 0x2 of type 0 for Event 1
08-03 17:38:06.167 11177 11707 D AntennapodHttpClient: Creating new instance of HTTP client
08-03 17:38:06.168   512  2967 D audio_hw_primary: enable_snd_device: snd_device(2: speaker)
08-03 17:38:06.170   512  2967 D audio_hw_primary: enable_audio_route: apply and update mixer path: low-latency-playback speaker
08-03 17:38:06.174 13866 13866 I GoogleInputMethodServic: GoogleInputMethodService.onFinishInput():3138 
08-03 17:38:06.175 13866 13866 I GoogleInputMethodServic: GoogleInputMethodService.onStartInput():1808 
08-03 17:38:06.307 11177 11189 I art     : Starting a blocking GC Explicit
08-03 17:38:06.333 11177 11189 I art     : Explicit concurrent mark sweep GC freed 5077(322KB) AllocSpace objects, 1(20KB) LOS objects, 40% free, 23MB/39MB, paused 475us total 26.270ms
08-03 17:38:06.345 11177 11189 I art     : Starting a blocking GC Explicit
08-03 17:38:06.374 11177 11189 I art     : Explicit concurrent mark sweep GC freed 4901(282KB) AllocSpace objects, 3(340KB) LOS objects, 40% free, 23MB/39MB, paused 403us total 28.642ms
08-03 17:38:06.374 11177 11188 I art     : WaitForGcToComplete blocked for 28.897ms for cause HeapTrim
08-03 17:38:06.384 11177 11189 I art     : Starting a blocking GC Explicit
08-03 17:38:06.407 11177 11189 I art     : Explicit concurrent mark sweep GC freed 4633(273KB) AllocSpace objects, 1(80KB) LOS objects, 40% free, 23MB/39MB, paused 486us total 23.262ms
08-03 17:38:06.417 11177 11189 I art     : Starting a blocking GC Explicit
08-03 17:38:06.439 11177 11189 I art     : Explicit concurrent mark sweep GC freed 81(6KB) AllocSpace objects, 0(0B) LOS objects, 40% free, 23MB/39MB, paused 373us total 22.148ms
08-03 17:38:06.449 11177 11189 I art     : Starting a blocking GC Explicit
08-03 17:38:06.472 11177 11189 I art     : Explicit concurrent mark sweep GC freed 13(480B) AllocSpace objects, 0(0B) LOS objects, 40% free, 23MB/39MB, paused 419us total 22.266ms
08-03 17:38:06.552 11177 11707 I NAPPA_EXPERIMENTATION: MetricNetworkRequestExecutionTime: REQUEST_DURATION_SYSTEM='366',REQUEST_DURATION_OKHTTP='157',REQUEST_SYNCHRONOUS='TRUE',RESPONSE_CODE='400',RESPONSE_METHOD='GET',RESPONSE_LENGTH_OKHTTP='0',RESPONSE_LENGTH_HEADER='0',REQUEST_PROTOCOL='h2',REQUEST_URL='https://itunes.apple.com/en/rss/toppodcasts/limit=25/explicit=true/json',
08-03 17:38:06.697 11177 11707 I NAPPA_EXPERIMENTATION: MetricNetworkRequestExecutionTime: REQUEST_DURATION_SYSTEM='144',REQUEST_DURATION_OKHTTP='142',REQUEST_SYNCHRONOUS='TRUE',RESPONSE_CODE='200',RESPONSE_METHOD='GET',RESPONSE_LENGTH_OKHTTP='-1',RESPONSE_LENGTH_HEADER='10075',REQUEST_PROTOCOL='h2',REQUEST_URL='https://itunes.apple.com/us/rss/toppodcasts/limit=25/explicit=true/json',
08-03 17:38:06.708   512  2967 D audio_hw_primary: disable_audio_route: reset and update mixer path: low-latency-playback speaker
08-03 17:38:06.709   512  2967 D audio_hw_primary: disable_snd_device: snd_device(2: speaker)
08-03 17:38:06.716   512  2967 I soundtrigger: audio_extn_sound_trigger_update_device_status: device 0x2 of type 0 for Event 0
08-03 17:38:06.751 11177 11286 I art     : Starting a blocking GC Explicit
08-03 17:38:06.773 11177 11177 D AntennapodHttpClient: Creating new instance of HTTP client
08-03 17:38:06.783 11177 11286 I art     : Explicit concurrent mark sweep GC freed 10851(603KB) AllocSpace objects, 5(372KB) LOS objects, 40% free, 23MB/39MB, paused 1.579ms total 32.263ms
08-03 17:38:06.793 11177 11905 D ApOkHttpUrlLoader: buildLoadData() called with: model = [https://is4-ssl.mzstatic.com/image/thumb/Podcasts114/v4/3f/16/74/3f167426-bf50-ce3a-d709-e4301620fc5b/mza_5832671293059882550.jpeg/170x170bb.png], width = [224], height = [224]
08-03 17:38:06.794 11177 11286 I art     : Starting a blocking GC Explicit
08-03 17:38:06.801 11177 11906 D ApOkHttpUrlLoader: buildLoadData() called with: model = [https://is4-ssl.mzstatic.com/image/thumb/Podcasts113/v4/e5/8a/10/e58a108f-f5d0-f622-c94a-13f66edd570c/mza_3025981348644196724.jpg/170x170bb.png], width = [224], height = [224]
08-03 17:38:06.807 11177 11907 D ApOkHttpUrlLoader: buildLoadData() called with: model = [https://is2-ssl.mzstatic.com/image/thumb/Podcasts113/v4/a9/39/cc/a939ccc5-6d60-0c11-0a4c-16d71cdef89b/mza_8787577209688278658.jpg/170x170bb.png], width = [224], height = [224]
08-03 17:38:06.811 11177 11908 D ApOkHttpUrlLoader: buildLoadData() called with: model = [https://is5-ssl.mzstatic.com/image/thumb/Podcasts114/v4/93/cf/99/93cf9960-fff3-205e-6655-72c03ddeccb2/mza_10545582232493904175.jpeg/170x170bb.png], width = [224], height = [224]
08-03 17:38:06.813 11177 11910 D DBReader: getImageAuthentication() called with: imageUrl = [https://is2-ssl.mzstatic.com/image/thumb/Podcasts113/v4/a9/39/cc/a939ccc5-6d60-0c11-0a4c-16d71cdef89b/mza_8787577209688278658.jpg/170x170bb.png]
08-03 17:38:06.814 11177 11909 D DBReader: getImageAuthentication() called with: imageUrl = [https://is4-ssl.mzstatic.com/image/thumb/Podcasts113/v4/e5/8a/10/e58a108f-f5d0-f622-c94a-13f66edd570c/mza_3025981348644196724.jpg/170x170bb.png]
08-03 17:38:06.814 11177 11911 D DBReader: getImageAuthentication() called with: imageUrl = [https://is4-ssl.mzstatic.com/image/thumb/Podcasts114/v4/3f/16/74/3f167426-bf50-ce3a-d709-e4301620fc5b/mza_5832671293059882550.jpeg/170x170bb.png]
08-03 17:38:06.814 11177 11912 D DBReader: getImageAuthentication() called with: imageUrl = [https://is5-ssl.mzstatic.com/image/thumb/Podcasts114/v4/93/cf/99/93cf9960-fff3-205e-6655-72c03ddeccb2/mza_10545582232493904175.jpeg/170x170bb.png]
08-03 17:38:06.815 11177 11906 D ApOkHttpUrlLoader: buildLoadData() called with: model = [https://is4-ssl.mzstatic.com/image/thumb/Podcasts124/v4/49/a4/91/49a491b7-3daf-c5dc-d7c6-6c4f1486955c/mza_5930014091766152297.png/170x170bb.png], width = [224], height = [224]
08-03 17:38:06.817 11177 11910 D ApOkHttpUrlLoader: no credentials for 'https://is2-ssl.mzstatic.com/image/thumb/Podcasts113/v4/a9/39/cc/a939ccc5-6d60-0c11-0a4c-16d71cdef89b/mza_8787577209688278658.jpg/170x170bb.png'
08-03 17:38:06.817 11177 11913 D DBReader: getImageAuthentication() called with: imageUrl = [https://is4-ssl.mzstatic.com/image/thumb/Podcasts124/v4/49/a4/91/49a491b7-3daf-c5dc-d7c6-6c4f1486955c/mza_5930014091766152297.png/170x170bb.png]
08-03 17:38:06.817 11177 11909 D ApOkHttpUrlLoader: no credentials for 'https://is4-ssl.mzstatic.com/image/thumb/Podcasts113/v4/e5/8a/10/e58a108f-f5d0-f622-c94a-13f66edd570c/mza_3025981348644196724.jpg/170x170bb.png'
08-03 17:38:06.817 11177 11911 D ApOkHttpUrlLoader: no credentials for 'https://is4-ssl.mzstatic.com/image/thumb/Podcasts114/v4/3f/16/74/3f167426-bf50-ce3a-d709-e4301620fc5b/mza_5832671293059882550.jpeg/170x170bb.png'
08-03 17:38:06.818 11177 11912 D ApOkHttpUrlLoader: no credentials for 'https://is5-ssl.mzstatic.com/image/thumb/Podcasts114/v4/93/cf/99/93cf9960-fff3-205e-6655-72c03ddeccb2/mza_10545582232493904175.jpeg/170x170bb.png'
08-03 17:38:06.819 11177 11907 D ApOkHttpUrlLoader: buildLoadData() called with: model = [https://is5-ssl.mzstatic.com/image/thumb/Podcasts113/v4/fd/54/6e/fd546ea0-7ab2-e3f0-6049-884d82917af9/mza_4855349695799758348.jpeg/170x170bb.png], width = [224], height = [224]
08-03 17:38:06.820 11177 11913 D ApOkHttpUrlLoader: no credentials for 'https://is4-ssl.mzstatic.com/image/thumb/Podcasts124/v4/49/a4/91/49a491b7-3daf-c5dc-d7c6-6c4f1486955c/mza_5930014091766152297.png/170x170bb.png'
08-03 17:38:06.823 11177 11914 D DBReader: getImageAuthentication() called with: imageUrl = [https://is5-ssl.mzstatic.com/image/thumb/Podcasts113/v4/fd/54/6e/fd546ea0-7ab2-e3f0-6049-884d82917af9/mza_4855349695799758348.jpeg/170x170bb.png]
08-03 17:38:06.823 11177 11286 I art     : Explicit concurrent mark sweep GC freed 3487(264KB) AllocSpace objects, 0(0B) LOS objects, 39% free, 24MB/40MB, paused 1.778ms total 28.622ms
08-03 17:38:06.824 11177 11914 D ApOkHttpUrlLoader: no credentials for 'https://is5-ssl.mzstatic.com/image/thumb/Podcasts113/v4/fd/54/6e/fd546ea0-7ab2-e3f0-6049-884d82917af9/mza_4855349695799758348.jpeg/170x170bb.png'
08-03 17:38:06.825 11177 11905 D ApOkHttpUrlLoader: buildLoadData() called with: model = [https://is2-ssl.mzstatic.com/image/thumb/Podcasts114/v4/b3/4c/cf/b34ccfc2-cea4-1ca1-0fad-7793af301cc5/mza_2466085192629456364.jpg/170x170bb.png], width = [224], height = [224]
08-03 17:38:06.826 11177 11915 D DBReader: getImageAuthentication() called with: imageUrl = [https://is2-ssl.mzstatic.com/image/thumb/Podcasts114/v4/b3/4c/cf/b34ccfc2-cea4-1ca1-0fad-7793af301cc5/mza_2466085192629456364.jpg/170x170bb.png]
08-03 17:38:06.828 11177 11915 D ApOkHttpUrlLoader: no credentials for 'https://is2-ssl.mzstatic.com/image/thumb/Podcasts114/v4/b3/4c/cf/b34ccfc2-cea4-1ca1-0fad-7793af301cc5/mza_2466085192629456364.jpg/170x170bb.png'
08-03 17:38:06.834 11177 11286 I art     : Starting a blocking GC Explicit
08-03 17:38:06.859 11177 11286 I art     : Explicit concurrent mark sweep GC freed 989(72KB) AllocSpace objects, 0(0B) LOS objects, 39% free, 24MB/40MB, paused 983us total 24.715ms
08-03 17:38:06.868 11177 11286 I art     : Starting a blocking GC Explicit
08-03 17:38:06.893 11177 11286 I art     : Explicit concurrent mark sweep GC freed 498(31KB) AllocSpace objects, 0(0B) LOS objects, 39% free, 24MB/40MB, paused 810us total 24.394ms
08-03 17:38:06.903 11177 11286 I art     : Starting a blocking GC Explicit
08-03 17:38:06.905 11056 11056 I ServiceManager: Waiting for service AtCmdFwd...
08-03 17:38:06.930 11177 11286 I art     : Explicit concurrent mark sweep GC freed 21(1056B) AllocSpace objects, 0(0B) LOS objects, 39% free, 24MB/40MB, paused 855us total 26.468ms
08-03 17:38:07.209 11177 11190 I art     : Starting a blocking GC Explicit
08-03 17:38:07.251 11177 11190 I art     : Explicit concurrent mark sweep GC freed 28495(1407KB) AllocSpace objects, 4(220KB) LOS objects, 39% free, 24MB/40MB, paused 1.103ms total 40.633ms
08-03 17:38:07.266 11177 11190 I art     : Starting a blocking GC Explicit
08-03 17:38:07.286 11177 11911 D MYTAG   : interceptor 2a
08-03 17:38:07.286 11177 11911 I NAPPA_EXPERIMENTATION: MetricNetworkRequestExecutionTime: REQUEST_DURATION_SYSTEM='469',REQUEST_DURATION_OKHTTP='233',REQUEST_SYNCHRONOUS='TRUE',RESPONSE_CODE='200',RESPONSE_METHOD='GET',RESPONSE_LENGTH_OKHTTP='26177',RESPONSE_LENGTH_HEADER='26177',REQUEST_PROTOCOL='h2',REQUEST_URL='https://is4-ssl.mzstatic.com/image/thumb/Podcasts114/v4/3f/16/74/3f167426-bf50-ce3a-d709-e4301620fc5b/mza_5832671293059882550.jpeg/170x170bb.png',
08-03 17:38:07.296 11177 11190 I art     : Explicit concurrent mark sweep GC freed 2221(178KB) AllocSpace objects, 0(0B) LOS objects, 39% free, 24MB/40MB, paused 1.909ms total 29.921ms
08-03 17:38:07.308 11177 11190 I art     : Starting a blocking GC Explicit
08-03 17:38:07.338 11177 11190 I art     : Explicit concurrent mark sweep GC freed 262(14KB) AllocSpace objects, 0(0B) LOS objects, 39% free, 24MB/40MB, paused 1.236ms total 29.114ms
08-03 17:38:07.339 11177 11910 D MYTAG   : interceptor 2a
08-03 17:38:07.339 11177 11910 I NAPPA_EXPERIMENTATION: MetricNetworkRequestExecutionTime: REQUEST_DURATION_SYSTEM='522',REQUEST_DURATION_OKHTTP='279',REQUEST_SYNCHRONOUS='TRUE',RESPONSE_CODE='200',RESPONSE_METHOD='GET',RESPONSE_LENGTH_OKHTTP='48239',RESPONSE_LENGTH_HEADER='48239',REQUEST_PROTOCOL='h2',REQUEST_URL='https://is2-ssl.mzstatic.com/image/thumb/Podcasts113/v4/a9/39/cc/a939ccc5-6d60-0c11-0a4c-16d71cdef89b/mza_8787577209688278658.jpg/170x170bb.png',
08-03 17:38:07.342 11177 11914 D MYTAG   : interceptor 2a
08-03 17:38:07.343 11177 11914 I NAPPA_EXPERIMENTATION: MetricNetworkRequestExecutionTime: REQUEST_DURATION_SYSTEM='518',REQUEST_DURATION_OKHTTP='283',REQUEST_SYNCHRONOUS='TRUE',RESPONSE_CODE='200',RESPONSE_METHOD='GET',RESPONSE_LENGTH_OKHTTP='54835',RESPONSE_LENGTH_HEADER='54835',REQUEST_PROTOCOL='h2',REQUEST_URL='https://is5-ssl.mzstatic.com/image/thumb/Podcasts113/v4/fd/54/6e/fd546ea0-7ab2-e3f0-6049-884d82917af9/mza_4855349695799758348.jpeg/170x170bb.png',
08-03 17:38:07.350 11177 11190 I art     : Starting a blocking GC Explicit
08-03 17:38:07.353 11177 11909 D MYTAG   : interceptor 2a
08-03 17:38:07.354 11177 11909 I NAPPA_EXPERIMENTATION: MetricNetworkRequestExecutionTime: REQUEST_DURATION_SYSTEM='536',REQUEST_DURATION_OKHTTP='292',REQUEST_SYNCHRONOUS='TRUE',RESPONSE_CODE='200',RESPONSE_METHOD='GET',RESPONSE_LENGTH_OKHTTP='45995',RESPONSE_LENGTH_HEADER='45995',REQUEST_PROTOCOL='h2',REQUEST_URL='https://is4-ssl.mzstatic.com/image/thumb/Podcasts113/v4/e5/8a/10/e58a108f-f5d0-f622-c94a-13f66edd570c/mza_3025981348644196724.jpg/170x170bb.png',
08-03 17:38:07.372 11177 11915 D MYTAG   : interceptor 2a
08-03 17:38:07.373 11177 11915 I NAPPA_EXPERIMENTATION: MetricNetworkRequestExecutionTime: REQUEST_DURATION_SYSTEM='544',REQUEST_DURATION_OKHTTP='309',REQUEST_SYNCHRONOUS='TRUE',RESPONSE_CODE='200',RESPONSE_METHOD='GET',RESPONSE_LENGTH_OKHTTP='42299',RESPONSE_LENGTH_HEADER='42299',REQUEST_PROTOCOL='h2',REQUEST_URL='https://is2-ssl.mzstatic.com/image/thumb/Podcasts114/v4/b3/4c/cf/b34ccfc2-cea4-1ca1-0fad-7793af301cc5/mza_2466085192629456364.jpg/170x170bb.png',
08-03 17:38:07.378 11177 11190 I art     : Explicit concurrent mark sweep GC freed 1203(89KB) AllocSpace objects, 0(0B) LOS objects, 38% free, 25MB/41MB, paused 1.001ms total 27.498ms
08-03 17:38:07.389 11177 11190 I art     : Starting a blocking GC Explicit
08-03 17:38:07.394 11177 11912 D MYTAG   : interceptor 2a
08-03 17:38:07.394 11177 11912 I NAPPA_EXPERIMENTATION: MetricNetworkRequestExecutionTime: REQUEST_DURATION_SYSTEM='576',REQUEST_DURATION_OKHTTP='326',REQUEST_SYNCHRONOUS='TRUE',RESPONSE_CODE='200',RESPONSE_METHOD='GET',RESPONSE_LENGTH_OKHTTP='22351',RESPONSE_LENGTH_HEADER='22351',REQUEST_PROTOCOL='h2',REQUEST_URL='https://is5-ssl.mzstatic.com/image/thumb/Podcasts114/v4/93/cf/99/93cf9960-fff3-205e-6655-72c03ddeccb2/mza_10545582232493904175.jpeg/170x170bb.png',
08-03 17:38:07.397 11177 11913 D MYTAG   : interceptor 2a
08-03 17:38:07.397 11177 11913 I NAPPA_EXPERIMENTATION: MetricNetworkRequestExecutionTime: REQUEST_DURATION_SYSTEM='575',REQUEST_DURATION_OKHTTP='342',REQUEST_SYNCHRONOUS='TRUE',RESPONSE_CODE='200',RESPONSE_METHOD='GET',RESPONSE_LENGTH_OKHTTP='12000',RESPONSE_LENGTH_HEADER='12000',REQUEST_PROTOCOL='h2',REQUEST_URL='https://is4-ssl.mzstatic.com/image/thumb/Podcasts124/v4/49/a4/91/49a491b7-3daf-c5dc-d7c6-6c4f1486955c/mza_5930014091766152297.png/170x170bb.png',
08-03 17:38:07.416 11177 11190 I art     : Explicit concurrent mark sweep GC freed 1047(62KB) AllocSpace objects, 0(0B) LOS objects, 38% free, 26MB/42MB, paused 702us total 26.709ms
08-03 17:38:07.720 11177 11190 I art     : Starting a blocking GC Explicit
08-03 17:38:07.760 11177 11190 I art     : Explicit concurrent mark sweep GC freed 2028(107KB) AllocSpace objects, 1(20KB) LOS objects, 38% free, 25MB/41MB, paused 747us total 39.428ms
08-03 17:38:07.771 11177 11190 I art     : Starting a blocking GC Explicit
08-03 17:38:07.801 11177 11190 I art     : Explicit concurrent mark sweep GC freed 39(1904B) AllocSpace objects, 0(0B) LOS objects, 38% free, 25MB/41MB, paused 746us total 29.021ms
08-03 17:38:07.812 11177 11190 I art     : Starting a blocking GC Explicit
08-03 17:38:07.843 11177 11190 I art     : Explicit concurrent mark sweep GC freed 3(96B) AllocSpace objects, 0(0B) LOS objects, 38% free, 25MB/41MB, paused 720us total 30.514ms
08-03 17:38:07.854 11177 11190 I art     : Starting a blocking GC Explicit
08-03 17:38:07.885 11177 11190 I art     : Explicit concurrent mark sweep GC freed 3(96B) AllocSpace objects, 0(0B) LOS objects, 38% free, 25MB/41MB, paused 709us total 30.967ms
08-03 17:38:07.897 11177 11190 I art     : Starting a blocking GC Explicit
08-03 17:38:07.906 11056 11056 I ServiceManager: Waiting for service AtCmdFwd...
08-03 17:38:07.926 11177 11190 I art     : Explicit concurrent mark sweep GC freed 3(96B) AllocSpace objects, 0(0B) LOS objects, 38% free, 25MB/41MB, paused 731us total 29.222ms
08-03 17:38:08.254 11177 11189 I art     : Starting a blocking GC Explicit
08-03 17:38:08.288 11177 11189 I art     : Explicit concurrent mark sweep GC freed 1359(79KB) AllocSpace objects, 1(20KB) LOS objects, 38% free, 25MB/41MB, paused 880us total 32.997ms
08-03 17:38:08.300 11177 11189 I art     : Starting a blocking GC Explicit
08-03 17:38:08.331 11177 11189 I art     : Explicit concurrent mark sweep GC freed 23(752B) AllocSpace objects, 0(0B) LOS objects, 38% free, 25MB/41MB, paused 723us total 30.561ms
08-03 17:38:08.343 11177 11189 I art     : Starting a blocking GC Explicit
08-03 17:38:08.376 11177 11189 I art     : Explicit concurrent mark sweep GC freed 8(256B) AllocSpace objects, 0(0B) LOS objects, 38% free, 25MB/41MB, paused 679us total 33.067ms
08-03 17:38:08.388 11177 11189 I art     : Starting a blocking GC Explicit
08-03 17:38:08.419 11177 11189 I art     : Explicit concurrent mark sweep GC freed 7(224B) AllocSpace objects, 0(0B) LOS objects, 38% free, 25MB/41MB, paused 736us total 30.867ms
08-03 17:38:08.430 11177 11189 I art     : Starting a blocking GC Explicit
08-03 17:38:08.459 11177 11189 I art     : Explicit concurrent mark sweep GC freed 9(288B) AllocSpace objects, 0(0B) LOS objects, 38% free, 25MB/41MB, paused 741us total 28.425ms
08-03 17:38:08.794 11177 11189 I art     : Starting a blocking GC Explicit
08-03 17:38:08.832 11177 11189 I art     : Explicit concurrent mark sweep GC freed 1403(81KB) AllocSpace objects, 1(20KB) LOS objects, 38% free, 25MB/41MB, paused 812us total 37.530ms
08-03 17:38:08.847 11177 11189 I art     : Starting a blocking GC Explicit
08-03 17:38:08.878 11177 11189 I art     : Explicit concurrent mark sweep GC freed 23(752B) AllocSpace objects, 0(0B) LOS objects, 38% free, 25MB/41MB, paused 690us total 31.133ms
08-03 17:38:08.890 11177 11189 I art     : Starting a blocking GC Explicit
08-03 17:38:08.906 11056 11056 W Atfwd_Sendcmd: AtCmdFwd service not published, waiting... retryCnt : 1
08-03 17:38:08.920 11177 11189 I art     : Explicit concurrent mark sweep GC freed 3(96B) AllocSpace objects, 0(0B) LOS objects, 38% free, 25MB/41MB, paused 732us total 29.870ms
08-03 17:38:08.931 11177 11189 I art     : Starting a blocking GC Explicit
08-03 17:38:08.962 11177 11189 I art     : Explicit concurrent mark sweep GC freed 3(96B) AllocSpace objects, 0(0B) LOS objects, 38% free, 25MB/41MB, paused 742us total 30.498ms
08-03 17:38:08.973 11177 11189 I art     : Starting a blocking GC Explicit
08-03 17:38:09.003 11177 11189 I art     : Explicit concurrent mark sweep GC freed 3(96B) AllocSpace objects, 0(0B) LOS objects, 38% free, 25MB/41MB, paused 678us total 29.636ms
08-03 17:38:09.347 11177 11190 I art     : Starting a blocking GC Explicit
08-03 17:38:09.379 11177 11190 I art     : Explicit concurrent mark sweep GC freed 1359(79KB) AllocSpace objects, 1(20KB) LOS objects, 38% free, 25MB/41MB, paused 708us total 31.620ms
08-03 17:38:09.390 11177 11190 I art     : Starting a blocking GC Explicit
08-03 17:38:09.421 11177 11190 I art     : Explicit concurrent mark sweep GC freed 23(752B) AllocSpace objects, 0(0B) LOS objects, 38% free, 25MB/41MB, paused 736us total 30.025ms
08-03 17:38:09.432 11177 11190 I art     : Starting a blocking GC Explicit
08-03 17:38:09.462 11177 11190 I art     : Explicit concurrent mark sweep GC freed 3(96B) AllocSpace objects, 0(0B) LOS objects, 38% free, 25MB/41MB, paused 762us total 29.710ms
08-03 17:38:09.473 11177 11190 I art     : Starting a blocking GC Explicit
08-03 17:38:09.503 11177 11190 I art     : Explicit concurrent mark sweep GC freed 3(96B) AllocSpace objects, 0(0B) LOS objects, 38% free, 25MB/41MB, paused 695us total 28.922ms
08-03 17:38:09.514 11177 11190 I art     : Starting a blocking GC Explicit
08-03 17:38:09.545 11177 11190 I art     : Explicit concurrent mark sweep GC freed 32(880B) AllocSpace objects, 0(0B) LOS objects, 38% free, 25MB/41MB, paused 698us total 30.354ms
08-03 17:38:09.873 11177 11286 I art     : Starting a blocking GC Explicit
08-03 17:38:09.908 11177 11286 I art     : Explicit concurrent mark sweep GC freed 1359(79KB) AllocSpace objects, 1(20KB) LOS objects, 38% free, 25MB/41MB, paused 725us total 33.726ms
08-03 17:38:09.921 11177 11286 I art     : Starting a blocking GC Explicit
08-03 17:38:09.956 11177 11286 I art     : Explicit concurrent mark sweep GC freed 23(752B) AllocSpace objects, 0(0B) LOS objects, 38% free, 25MB/41MB, paused 747us total 34.417ms
08-03 17:38:09.972 11177 11286 I art     : Starting a blocking GC Explicit
08-03 17:38:10.003 11177 11286 I art     : Explicit concurrent mark sweep GC freed 3(96B) AllocSpace objects, 0(0B) LOS objects, 38% free, 25MB/41MB, paused 706us total 30.437ms
08-03 17:38:10.015 11177 11286 I art     : Starting a blocking GC Explicit
08-03 17:38:10.045 11177 11286 I art     : Explicit concurrent mark sweep GC freed 3(96B) AllocSpace objects, 0(0B) LOS objects, 38% free, 25MB/41MB, paused 672us total 30.298ms
08-03 17:38:10.057 11177 11286 I art     : Starting a blocking GC Explicit
08-03 17:38:10.088 11177 11286 I art     : Explicit concurrent mark sweep GC freed 3(96B) AllocSpace objects, 0(0B) LOS objects, 38% free, 25MB/41MB, paused 753us total 30.700ms
08-03 17:38:10.111   518   646 I ThermalEngine: ACTION: GPU - Setting GPU[0] to 510000000
08-03 17:38:10.447 11177 11189 I art     : Starting a blocking GC Explicit
08-03 17:38:10.476 11177 11189 I art     : Explicit concurrent mark sweep GC freed 1359(79KB) AllocSpace objects, 1(20KB) LOS objects, 38% free, 25MB/41MB, paused 556us total 28.476ms
08-03 17:38:10.488 11177 11189 I art     : Starting a blocking GC Explicit
08-03 17:38:10.510 11177 11189 I art     : Explicit concurrent mark sweep GC freed 23(752B) AllocSpace objects, 0(0B) LOS objects, 38% free, 25MB/41MB, paused 532us total 21.248ms
08-03 17:38:10.519 11177 11189 I art     : Starting a blocking GC Explicit
08-03 17:38:10.539 11177 11189 I art     : Explicit concurrent mark sweep GC freed 32(880B) AllocSpace objects, 0(0B) LOS objects, 38% free, 25MB/41MB, paused 506us total 19.880ms
08-03 17:38:10.547 11177 11189 I art     : Starting a blocking GC Explicit
08-03 17:38:10.568 11177 11189 I art     : Explicit concurrent mark sweep GC freed 3(96B) AllocSpace objects, 0(0B) LOS objects, 38% free, 25MB/41MB, paused 569us total 21.281ms
08-03 17:38:10.577 11177 11189 I art     : Starting a blocking GC Explicit
08-03 17:38:10.598 11177 11189 I art     : Explicit concurrent mark sweep GC freed 3(96B) AllocSpace objects, 0(0B) LOS objects, 38% free, 25MB/41MB, paused 495us total 21.391ms
08-03 17:38:10.937 11177 11190 I art     : Starting a blocking GC Explicit
08-03 17:38:10.971 11177 11190 I art     : Explicit concurrent mark sweep GC freed 1359(79KB) AllocSpace objects, 1(20KB) LOS objects, 38% free, 25MB/41MB, paused 651us total 33.145ms
08-03 17:38:10.983 11177 11190 I art     : Starting a blocking GC Explicit
08-03 17:38:11.005 11177 11190 I art     : Explicit concurrent mark sweep GC freed 23(752B) AllocSpace objects, 0(0B) LOS objects, 38% free, 25MB/41MB, paused 530us total 21.826ms
08-03 17:38:11.014 11177 11190 I art     : Starting a blocking GC Explicit
08-03 17:38:11.036 11177 11190 I art     : Explicit concurrent mark sweep GC freed 3(96B) AllocSpace objects, 0(0B) LOS objects, 38% free, 25MB/41MB, paused 527us total 21.598ms
08-03 17:38:11.044 11177 11190 I art     : Starting a blocking GC Explicit
08-03 17:38:11.067 11177 11190 I art     : Explicit concurrent mark sweep GC freed 3(96B) AllocSpace objects, 0(0B) LOS objects, 38% free, 25MB/41MB, paused 530us total 22.260ms
08-03 17:38:11.075 11177 11190 I art     : Starting a blocking GC Explicit
08-03 17:38:11.098 11177 11190 I art     : Explicit concurrent mark sweep GC freed 3(96B) AllocSpace objects, 0(0B) LOS objects, 38% free, 25MB/41MB, paused 544us total 22.340ms
08-03 17:38:11.404 11177 11286 I art     : Starting a blocking GC Explicit
08-03 17:38:11.438 11177 11286 I art     : Explicit concurrent mark sweep GC freed 1359(79KB) AllocSpace objects, 1(20KB) LOS objects, 38% free, 25MB/41MB, paused 624us total 32.868ms
08-03 17:38:11.438 11177 11188 I art     : WaitForGcToComplete blocked for 30.486ms for cause HeapTrim
08-03 17:38:11.450 11177 11286 I art     : Starting a blocking GC Explicit
08-03 17:38:11.473 11177 11286 I art     : Explicit concurrent mark sweep GC freed 23(752B) AllocSpace objects, 0(0B) LOS objects, 38% free, 25MB/41MB, paused 580us total 22.943ms
08-03 17:38:11.482 11177 11286 I art     : Starting a blocking GC Explicit
08-03 17:38:11.504 11177 11286 I art     : Explicit concurrent mark sweep GC freed 3(96B) AllocSpace objects, 0(0B) LOS objects, 38% free, 25MB/41MB, paused 528us total 21.998ms
08-03 17:38:11.513 11177 11286 I art     : Starting a blocking GC Explicit
08-03 17:38:11.535 11177 11286 I art     : Explicit concurrent mark sweep GC freed 32(880B) AllocSpace objects, 0(0B) LOS objects, 38% free, 25MB/41MB, paused 529us total 22.336ms
08-03 17:38:11.544 11177 11286 I art     : Starting a blocking GC Explicit
08-03 17:38:11.567 11177 11286 I art     : Explicit concurrent mark sweep GC freed 3(96B) AllocSpace objects, 0(0B) LOS objects, 38% free, 25MB/41MB, paused 495us total 22.408ms
08-03 17:38:11.886 11177 11189 I art     : Starting a blocking GC Explicit
08-03 17:38:11.914 11177 11189 I art     : Explicit concurrent mark sweep GC freed 1359(79KB) AllocSpace objects, 1(20KB) LOS objects, 38% free, 25MB/41MB, paused 567us total 28.044ms
08-03 17:38:11.926 11177 11189 I art     : Starting a blocking GC Explicit
08-03 17:38:11.949 11177 11189 I art     : Explicit concurrent mark sweep GC freed 23(752B) AllocSpace objects, 0(0B) LOS objects, 38% free, 25MB/41MB, paused 523us total 22.831ms
08-03 17:38:11.958 11177 11189 I art     : Starting a blocking GC Explicit
08-03 17:38:11.979 11177 11189 I art     : Explicit concurrent mark sweep GC freed 3(96B) AllocSpace objects, 0(0B) LOS objects, 38% free, 25MB/41MB, paused 516us total 21.379ms
08-03 17:38:11.988 11177 11189 I art     : Starting a blocking GC Explicit
08-03 17:38:12.011 11177 11189 I art     : Explicit concurrent mark sweep GC freed 3(96B) AllocSpace objects, 0(0B) LOS objects, 38% free, 25MB/41MB, paused 528us total 22.350ms
08-03 17:38:12.020 11177 11189 I art     : Starting a blocking GC Explicit
08-03 17:38:12.042 11177 11189 I art     : Explicit concurrent mark sweep GC freed 3(96B) AllocSpace objects, 0(0B) LOS objects, 38% free, 25MB/41MB, paused 513us total 21.928ms
08-03 17:38:12.351 11177 11190 I art     : Starting a blocking GC Explicit
08-03 17:38:12.381 11177 11190 I art     : Explicit concurrent mark sweep GC freed 1359(79KB) AllocSpace objects, 1(20KB) LOS objects, 38% free, 25MB/41MB, paused 555us total 30.091ms
08-03 17:38:12.394 11177 11190 I art     : Starting a blocking GC Explicit
08-03 17:38:12.414 11177 11190 I art     : Explicit concurrent mark sweep GC freed 23(752B) AllocSpace objects, 0(0B) LOS objects, 38% free, 25MB/41MB, paused 496us total 20.373ms
08-03 17:38:12.423 11177 11190 I art     : Starting a blocking GC Explicit
08-03 17:38:12.443 11177 11190 I art     : Explicit concurrent mark sweep GC freed 3(96B) AllocSpace objects, 0(0B) LOS objects, 38% free, 25MB/41MB, paused 531us total 20.489ms
08-03 17:38:12.451 11177 11190 I art     : Starting a blocking GC Explicit
08-03 17:38:12.472 11177 11190 I art     : Explicit concurrent mark sweep GC freed 3(96B) AllocSpace objects, 0(0B) LOS objects, 38% free, 25MB/41MB, paused 524us total 20.231ms
08-03 17:38:12.480 11177 11190 I art     : Starting a blocking GC Explicit
08-03 17:38:12.501 11177 11190 I art     : Explicit concurrent mark sweep GC freed 3(96B) AllocSpace objects, 0(0B) LOS objects, 38% free, 25MB/41MB, paused 536us total 20.737ms
08-03 17:38:12.790 12041 12041 D AndroidRuntime: >>>>>> START com.android.internal.os.RuntimeInit uid 2000 <<<<<<
08-03 17:38:12.796 12041 12041 D AndroidRuntime: CheckJNI is OFF
08-03 17:38:12.802 11177 11286 I art     : Starting a blocking GC Explicit
08-03 17:38:12.824 11177 11286 I art     : Explicit concurrent mark sweep GC freed 1388(80KB) AllocSpace objects, 1(20KB) LOS objects, 38% free, 25MB/41MB, paused 547us total 22.055ms
08-03 17:38:12.832 12041 12041 D ICU     : No timezone override file found: /data/misc/zoneinfo/current/icu/icu_tzdata.dat
08-03 17:38:12.833 11177 11286 I art     : Starting a blocking GC Explicit
08-03 17:38:12.855 11177 11286 I art     : Explicit concurrent mark sweep GC freed 23(752B) AllocSpace objects, 0(0B) LOS objects, 38% free, 25MB/41MB, paused 563us total 21.930ms
08-03 17:38:12.864 11177 11286 I art     : Starting a blocking GC Explicit
08-03 17:38:12.866 12041 12041 I Radio-JNI: register_android_hardware_Radio DONE
08-03 17:38:12.883 11177 11286 I art     : Explicit concurrent mark sweep GC freed 3(96B) AllocSpace objects, 0(0B) LOS objects, 38% free, 25MB/41MB, paused 523us total 19.637ms
08-03 17:38:12.887 12041 12041 D AndroidRuntime: Calling main entry com.android.commands.input.Input
08-03 17:38:12.890 12041 12041 I Input   : injectMotionEvent: MotionEvent { action=ACTION_DOWN, actionButton=0, id[0]=0, x[0]=616.0, y[0]=469.0, toolType[0]=TOOL_TYPE_UNKNOWN, buttonState=0, metaState=0, flags=0x0, edgeFlags=0x0, pointerCount=1, historySize=0, eventTime=639509302, downTime=639509302, deviceId=0, source=0x1002 }
08-03 17:38:12.891 11177 11286 I art     : Starting a blocking GC Explicit
08-03 17:38:12.895 12041 12041 I Input   : injectMotionEvent: MotionEvent { action=ACTION_UP, actionButton=0, id[0]=0, x[0]=616.0, y[0]=469.0, toolType[0]=TOOL_TYPE_UNKNOWN, buttonState=0, metaState=0, flags=0x0, edgeFlags=0x0, pointerCount=1, historySize=0, eventTime=639509302, downTime=639509302, deviceId=0, source=0x1002 }
08-03 17:38:12.897 12041 12041 D AndroidRuntime: Shutting down VM
08-03 17:38:12.911 11177 11286 I art     : Explicit concurrent mark sweep GC freed 22(704B) AllocSpace objects, 0(0B) LOS objects, 38% free, 25MB/41MB, paused 527us total 19.775ms
08-03 17:38:12.919 11177 11286 I art     : Starting a blocking GC Explicit
08-03 17:38:12.939 11177 11286 I art     : Explicit concurrent mark sweep GC freed 5(160B) AllocSpace objects, 0(0B) LOS objects, 38% free, 25MB/41MB, paused 535us total 19.573ms
08-03 17:38:12.964   512  2967 D audio_hw_primary: out_set_parameters: enter: usecase(1: low-latency-playback) kvpairs: routing=2
08-03 17:38:12.977   512  2967 D audio_hw_primary: select_devices: out_snd_device(2: speaker) in_snd_device(0: none)
08-03 17:38:12.977   512  2967 D msm8974_platform: platform_send_audio_calibration: sending audio calibration for snd_device(2) acdb_id(15)
08-03 17:38:12.977   512  2967 I soundtrigger: audio_extn_sound_trigger_update_device_status: device 0x2 of type 0 for Event 1
08-03 17:38:12.987   512  2967 D audio_hw_primary: enable_snd_device: snd_device(2: speaker)
08-03 17:38:12.989   512  2967 D audio_hw_primary: enable_audio_route: apply and update mixer path: low-latency-playback speaker
08-03 17:38:13.126 11177 11203 I NAPPA_EXPERIMENTATION: MetricNetworkRequestExecutionTime: REQUEST_DURATION_SYSTEM='164',REQUEST_DURATION_OKHTTP='162',REQUEST_SYNCHRONOUS='TRUE',RESPONSE_CODE='200',RESPONSE_METHOD='GET',RESPONSE_LENGTH_OKHTTP='-1',RESPONSE_LENGTH_HEADER='628',REQUEST_PROTOCOL='h2',REQUEST_URL='https://itunes.apple.com/lookup?id=1524080195',
08-03 17:38:13.148   918  6111 I ActivityManager: START u0 {cmp=baseline.de.danoeh.antennapod.debug/baseline.de.danoeh.antennapod.activity.OnlineFeedViewActivity (has extras)} from uid 10633 on display 0
08-03 17:38:13.165 13866 13866 I GoogleInputMethodServic: GoogleInputMethodService.onFinishInput():3138 
08-03 17:38:13.166 13866 13866 I GoogleInputMethodServic: GoogleInputMethodService.onStartInput():1808 
08-03 17:38:13.183 11177 11190 I art     : Starting a blocking GC Explicit
08-03 17:38:13.189 11177 11177 D UserPreferences: Using default data folder
08-03 17:38:13.189 11177 11177 D OnlineFeedViewActivity: Activity was started with url https://rss.art19.com/nice-white-parents
08-03 17:38:13.192 11177 11177 D OnlineFeedViewActivity: Starting feed download
08-03 17:38:13.196 11177 11197 D DBReader: Extracting Feedlist
08-03 17:38:13.202   918  3359 D WifiService: acquireWifiLockLocked: WifiLock{Downloader type=1 binder=android.os.BinderProxy@32d98af}
08-03 17:38:13.203 11177 11197 D AntennapodHttpClient: Creating new instance of HTTP client
08-03 17:38:13.207 11177 11190 I art     : Explicit concurrent mark sweep GC freed 3797(239KB) AllocSpace objects, 1(20KB) LOS objects, 37% free, 26MB/42MB, paused 898us total 23.548ms
08-03 17:38:13.215 11177 11190 I art     : Starting a blocking GC Explicit
08-03 17:38:13.235 11177 11190 I art     : Explicit concurrent mark sweep GC freed 485(25KB) AllocSpace objects, 0(0B) LOS objects, 38% free, 26MB/42MB, paused 541us total 19.995ms
08-03 17:38:13.243 11177 11190 I art     : Starting a blocking GC Explicit
08-03 17:38:13.249 13866 13866 I GoogleInputMethodServic: GoogleInputMethodService.onFinishInput():3138 
08-03 17:38:13.250 13866 13866 I GoogleInputMethodServic: GoogleInputMethodService.onStartInput():1808 
08-03 17:38:13.265 11177 11190 I art     : Explicit concurrent mark sweep GC freed 150(6KB) AllocSpace objects, 0(0B) LOS objects, 37% free, 26MB/42MB, paused 567us total 21.331ms
08-03 17:38:13.273 11177 11190 I art     : Starting a blocking GC Explicit
08-03 17:38:13.281   918   936 I ActivityManager: Displayed baseline.de.danoeh.antennapod.debug/baseline.de.danoeh.antennapod.activity.OnlineFeedViewActivity: +115ms
08-03 17:38:13.297 11177 11190 I art     : Explicit concurrent mark sweep GC freed 35(1376B) AllocSpace objects, 0(0B) LOS objects, 37% free, 26MB/42MB, paused 826us total 23.923ms
08-03 17:38:13.306 11177 11190 I art     : Starting a blocking GC Explicit
08-03 17:38:13.328 11177 11190 I art     : Explicit concurrent mark sweep GC freed 10(400B) AllocSpace objects, 0(0B) LOS objects, 37% free, 26MB/42MB, paused 599us total 22.405ms
08-03 17:38:13.503 11177 11197 D MYTAG   : interceptor 3a https://rss.art19.com/nice-white-parents
08-03 17:38:13.504 11177 11197 I NAPPA_EXPERIMENTATION: MetricNetworkRequestExecutionTime: REQUEST_DURATION_SYSTEM='300',REQUEST_DURATION_OKHTTP='147',REQUEST_SYNCHRONOUS='TRUE',RESPONSE_CODE='200',RESPONSE_METHOD='GET',RESPONSE_LENGTH_OKHTTP='-1',RESPONSE_LENGTH_HEADER='1803',REQUEST_PROTOCOL='h2',REQUEST_URL='https://rss.art19.com/nice-white-parents',
08-03 17:38:13.504 11177 11197 D HttpDownloader: Response code is 200
08-03 17:38:13.504 11177 11197 D UserPreferences: Using default data folder
08-03 17:38:13.508 11177 11197 D HttpDownloader: Getting size of download
08-03 17:38:13.509 11177 11197 D HttpDownloader: Size is -1
08-03 17:38:13.509 11177 11197 D UserPreferences: Using default data folder
08-03 17:38:13.510 11177 11197 D HttpDownloader: Free space is 20757086208
08-03 17:38:13.510 11177 11197 D HttpDownloader: Starting download
08-03 17:38:13.518 11177 11197 D HttpDownloader: Download was successful
08-03 17:38:13.522   918  4413 D WifiService: releaseWifiLockLocked: WifiLock{Downloader type=1 binder=android.os.BinderProxy@32d98af}
08-03 17:38:13.522 11177 11177 D OnlineFeedViewActivity: Parsing feed
08-03 17:38:13.527   380   380 W SurfaceFlinger: couldn't log to binary event log: overflow.
08-03 17:38:13.531   512  2967 D audio_hw_primary: disable_audio_route: reset and update mixer path: low-latency-playback speaker
08-03 17:38:13.532   512  2967 D audio_hw_primary: disable_snd_device: snd_device(2: speaker)
08-03 17:38:13.534 11177 12083 D TypeGetter: Recognized type RSS 2.0
08-03 17:38:13.540   512  2967 I soundtrigger: audio_extn_sound_trigger_update_device_status: device 0x2 of type 0 for Event 0
08-03 17:38:13.544 11177 12083 D SyndHandler: Recognized ITunes namespace
08-03 17:38:13.544 11177 12083 D SyndHandler: Recognized Atom namespace
08-03 17:38:13.545 11177 12083 D SyndHandler: Recognized Content namespace
08-03 17:38:13.550 11177 12083 D OnlineFeedViewActivity: Deleted feed source file. Result: true
08-03 17:38:13.551 11177 11177 D OnlineFeedViewActivity: Removing HTML from shownotes
08-03 17:38:13.597 11177 11177 W art     : Before Android 4.1, method int androidx.appcompat.widget.DropDownListView.lookForSelectablePosition(int, boolean) would have incorrectly overridden the package-private method in android.widget.ListView
08-03 17:38:13.602 11177 11177 I ListPopupWindow: Could not find method setEpicenterBounds(Rect) on PopupWindow. Oh well.
08-03 17:38:13.608 11177 11286 I art     : Starting a blocking GC Explicit
08-03 17:38:13.610 11177 12088 D ApOkHttpUrlLoader: buildLoadData() called with: model = [https://content.production.cdn.art19.com/images/89/e0/88/44/89e08844-ac28-4fc0-96fa-15a41fec2014/262c12ed699a8d9720dea0bd66449d998e4a08cf18095bed170ccaa76722045fa5dbf7a366918b2db7e3acf29ad22f6b99fd659a9409cb807bf2781d968932f8.jpeg], width = [350], height = [350]
08-03 17:38:13.619 11177 11913 D DBReader: getImageAuthentication() called with: imageUrl = [https://content.production.cdn.art19.com/images/89/e0/88/44/89e08844-ac28-4fc0-96fa-15a41fec2014/262c12ed699a8d9720dea0bd66449d998e4a08cf18095bed170ccaa76722045fa5dbf7a366918b2db7e3acf29ad22f6b99fd659a9409cb807bf2781d968932f8.jpeg]
08-03 17:38:13.620 11177 11913 D ApOkHttpUrlLoader: no credentials for 'https://content.production.cdn.art19.com/images/89/e0/88/44/89e08844-ac28-4fc0-96fa-15a41fec2014/262c12ed699a8d9720dea0bd66449d998e4a08cf18095bed170ccaa76722045fa5dbf7a366918b2db7e3acf29ad22f6b99fd659a9409cb807bf2781d968932f8.jpeg'
08-03 17:38:13.674 11177 11286 W art     : Suspending all threads took: 5.959ms
08-03 17:38:13.678 11177 11286 I art     : Explicit concurrent mark sweep GC freed 13641(942KB) AllocSpace objects, 10(432KB) LOS objects, 37% free, 27MB/43MB, paused 7.033ms total 69.818ms
08-03 17:38:13.689 11177 11286 I art     : Starting a blocking GC Explicit
08-03 17:38:13.711 11177 11177 D PlaybackController: Releasing PlaybackController
08-03 17:38:13.718 11177 11286 I art     : Explicit concurrent mark sweep GC freed 7357(438KB) AllocSpace objects, 0(0B) LOS objects, 37% free, 27MB/43MB, paused 1.625ms total 29.338ms
08-03 17:38:13.727 11177 11286 I art     : Starting a blocking GC Explicit
08-03 17:38:13.753 11177 11286 I art     : Explicit concurrent mark sweep GC freed 5601(258KB) AllocSpace objects, 1(112KB) LOS objects, 37% free, 26MB/42MB, paused 707us total 25.688ms
08-03 17:38:13.761 11177 11286 I art     : Starting a blocking GC Explicit
08-03 17:38:13.783 11177 11286 I art     : Explicit concurrent mark sweep GC freed 122(5KB) AllocSpace objects, 0(0B) LOS objects, 37% free, 26MB/42MB, paused 701us total 22.246ms
08-03 17:38:13.792 11177 11286 I art     : Starting a blocking GC Explicit
08-03 17:38:13.816 11177 11286 I art     : Explicit concurrent mark sweep GC freed 44(2288B) AllocSpace objects, 0(0B) LOS objects, 37% free, 26MB/42MB, paused 648us total 23.884ms
08-03 17:38:13.894 11177 11913 D MYTAG   : interceptor 2a
08-03 17:38:13.895 11177 11913 I NAPPA_EXPERIMENTATION: MetricNetworkRequestExecutionTime: REQUEST_DURATION_SYSTEM='274',REQUEST_DURATION_OKHTTP='148',REQUEST_SYNCHRONOUS='TRUE',RESPONSE_CODE='200',RESPONSE_METHOD='GET',RESPONSE_LENGTH_OKHTTP='2466122',RESPONSE_LENGTH_HEADER='2466122',REQUEST_PROTOCOL='h2',REQUEST_URL='https://content.production.cdn.art19.com/images/89/e0/88/44/89e08844-ac28-4fc0-96fa-15a41fec2014/262c12ed699a8d9720dea0bd66449d998e4a08cf18095bed170ccaa76722045fa5dbf7a366918b2db7e3acf29ad22f6b99fd659a9409cb807bf2781d968932f8.jpeg',
08-03 17:38:13.907 11056 11056 I ServiceManager: Waiting for service AtCmdFwd...
08-03 17:38:14.107 11177 11190 I art     : Starting a blocking GC Explicit
08-03 17:38:14.132 11177 11190 I art     : Explicit concurrent mark sweep GC freed 1960(149KB) AllocSpace objects, 1(20KB) LOS objects, 37% free, 26MB/42MB, paused 686us total 25.220ms
08-03 17:38:14.141 11177 11190 I art     : Starting a blocking GC Explicit
08-03 17:38:14.165 11177 11190 I art     : Explicit concurrent mark sweep GC freed 105(3KB) AllocSpace objects, 0(0B) LOS objects, 37% free, 26MB/42MB, paused 620us total 23.804ms
08-03 17:38:14.174 11177 11190 I art     : Starting a blocking GC Explicit
08-03 17:38:14.202 11177 11190 I art     : Explicit concurrent mark sweep GC freed 1079(49KB) AllocSpace objects, 0(0B) LOS objects, 36% free, 27MB/43MB, paused 759us total 28.084ms
08-03 17:38:14.211 11177 11190 I art     : Starting a blocking GC Explicit
08-03 17:38:14.235 11177 11190 I art     : Explicit concurrent mark sweep GC freed 32(1696B) AllocSpace objects, 0(0B) LOS objects, 36% free, 27MB/43MB, paused 679us total 23.863ms
08-03 17:38:14.245 11177 11190 I art     : Starting a blocking GC Explicit
08-03 17:38:14.271 11177 11190 I art     : Explicit concurrent mark sweep GC freed 3(96B) AllocSpace objects, 0(0B) LOS objects, 36% free, 27MB/43MB, paused 718us total 25.935ms
08-03 17:38:14.559 11177 12089 I art     : Starting a blocking GC Explicit
08-03 17:38:14.592 11177 12089 I art     : Explicit concurrent mark sweep GC freed 1538(98KB) AllocSpace objects, 1(20KB) LOS objects, 36% free, 27MB/43MB, paused 695us total 33.219ms
08-03 17:38:14.605 11177 12089 I art     : Starting a blocking GC Explicit
08-03 17:38:14.632 11177 12089 I art     : Explicit concurrent mark sweep GC freed 29(944B) AllocSpace objects, 0(0B) LOS objects, 36% free, 27MB/43MB, paused 632us total 26.030ms
08-03 17:38:14.641 11177 12089 I art     : Starting a blocking GC Explicit
08-03 17:38:14.666 11177 12089 I art     : Explicit concurrent mark sweep GC freed 3(96B) AllocSpace objects, 0(0B) LOS objects, 36% free, 27MB/43MB, paused 618us total 24.883ms
08-03 17:38:14.675 11177 12089 I art     : Starting a blocking GC Explicit
08-03 17:38:14.702 11177 12089 I art     : Explicit concurrent mark sweep GC freed 3(96B) AllocSpace objects, 0(0B) LOS objects, 36% free, 27MB/43MB, paused 593us total 26.419ms
08-03 17:38:14.711 11177 12089 I art     : Starting a blocking GC Explicit
08-03 17:38:14.738 11177 12089 I art     : Explicit concurrent mark sweep GC freed 3(96B) AllocSpace objects, 0(0B) LOS objects, 36% free, 27MB/43MB, paused 673us total 25.947ms
08-03 17:38:14.908 11056 11056 I ServiceManager: Waiting for service AtCmdFwd...
08-03 17:38:15.058 11177 11286 I art     : Starting a blocking GC Explicit
08-03 17:38:15.097 11177 11286 I art     : Explicit concurrent mark sweep GC freed 1366(80KB) AllocSpace objects, 1(20KB) LOS objects, 36% free, 27MB/43MB, paused 689us total 38.918ms
08-03 17:38:15.110 11177 11286 I art     : Starting a blocking GC Explicit
08-03 17:38:15.137 11177 11286 I art     : Explicit concurrent mark sweep GC freed 23(752B) AllocSpace objects, 0(0B) LOS objects, 36% free, 27MB/43MB, paused 670us total 27.152ms
08-03 17:38:15.147 11177 11286 I art     : Starting a blocking GC Explicit
08-03 17:38:15.174 11177 11286 I art     : Explicit concurrent mark sweep GC freed 3(96B) AllocSpace objects, 0(0B) LOS objects, 36% free, 27MB/43MB, paused 642us total 26.620ms
08-03 17:38:15.183 11177 11286 I art     : Starting a blocking GC Explicit
08-03 17:38:15.211 11177 11286 I art     : Explicit concurrent mark sweep GC freed 5(160B) AllocSpace objects, 0(0B) LOS objects, 36% free, 27MB/43MB, paused 742us total 27.823ms
08-03 17:38:15.221 11177 11286 I art     : Starting a blocking GC Explicit
08-03 17:38:15.250 11177 11286 I art     : Explicit concurrent mark sweep GC freed 7(224B) AllocSpace objects, 0(0B) LOS objects, 36% free, 27MB/43MB, paused 763us total 28.599ms
08-03 17:38:15.598 11177 11190 I art     : Starting a blocking GC Explicit
08-03 17:38:15.629 11177 11190 I art     : Explicit concurrent mark sweep GC freed 1416(81KB) AllocSpace objects, 1(20KB) LOS objects, 36% free, 27MB/43MB, paused 714us total 31.129ms
08-03 17:38:15.643 11177 11190 I art     : Starting a blocking GC Explicit
08-03 17:38:15.669 11177 11190 I art     : Explicit concurrent mark sweep GC freed 23(752B) AllocSpace objects, 0(0B) LOS objects, 36% free, 27MB/43MB, paused 639us total 25.437ms
08-03 17:38:15.678 11177 11190 I art     : Starting a blocking GC Explicit
08-03 17:38:15.704 11177 11190 I art     : Explicit concurrent mark sweep GC freed 3(96B) AllocSpace objects, 0(0B) LOS objects, 36% free, 27MB/43MB, paused 645us total 26.187ms
08-03 17:38:15.713 11177 11190 I art     : Starting a blocking GC Explicit
08-03 17:38:15.740 11177 11190 I art     : Explicit concurrent mark sweep GC freed 3(96B) AllocSpace objects, 0(0B) LOS objects, 36% free, 27MB/43MB, paused 628us total 26.122ms
08-03 17:38:15.749 11177 11190 I art     : Starting a blocking GC Explicit
08-03 17:38:15.776 11177 11190 I art     : Explicit concurrent mark sweep GC freed 3(96B) AllocSpace objects, 0(0B) LOS objects, 36% free, 27MB/43MB, paused 646us total 26.318ms
08-03 17:38:15.909 11056 11056 I ServiceManager: Waiting for service AtCmdFwd...
08-03 17:38:16.102 11177 12089 I art     : Starting a blocking GC Explicit
08-03 17:38:16.138 11177 12089 I art     : Explicit concurrent mark sweep GC freed 1364(82KB) AllocSpace objects, 1(20KB) LOS objects, 36% free, 27MB/43MB, paused 893us total 35.527ms
08-03 17:38:16.149 11177 12089 I art     : Starting a blocking GC Explicit
08-03 17:38:16.175 11177 12089 I art     : Explicit concurrent mark sweep GC freed 23(752B) AllocSpace objects, 0(0B) LOS objects, 36% free, 27MB/43MB, paused 638us total 26.017ms
08-03 17:38:16.184 11177 12089 I art     : Starting a blocking GC Explicit
08-03 17:38:16.210 11177 12089 I art     : Explicit concurrent mark sweep GC freed 3(96B) AllocSpace objects, 0(0B) LOS objects, 36% free, 27MB/43MB, paused 628us total 25.858ms
08-03 17:38:16.220 11177 12089 I art     : Starting a blocking GC Explicit
08-03 17:38:16.245 11177 12089 I art     : Explicit concurrent mark sweep GC freed 3(96B) AllocSpace objects, 0(0B) LOS objects, 36% free, 27MB/43MB, paused 713us total 25.193ms
08-03 17:38:16.254 11177 12089 I art     : Starting a blocking GC Explicit
08-03 17:38:16.280 11177 12089 I art     : Explicit concurrent mark sweep GC freed 3(96B) AllocSpace objects, 0(0B) LOS objects, 36% free, 27MB/43MB, paused 637us total 25.019ms
08-03 17:38:16.592 11177 11286 I art     : Starting a blocking GC Explicit
08-03 17:38:16.628 11177 11286 I art     : Explicit concurrent mark sweep GC freed 1392(80KB) AllocSpace objects, 1(20KB) LOS objects, 36% free, 27MB/43MB, paused 877us total 36.155ms
08-03 17:38:16.641 11177 11286 I art     : Starting a blocking GC Explicit
08-03 17:38:16.668 11177 11286 I art     : Explicit concurrent mark sweep GC freed 23(752B) AllocSpace objects, 0(0B) LOS objects, 36% free, 27MB/43MB, paused 670us total 26.245ms
08-03 17:38:16.677 11177 11286 I art     : Starting a blocking GC Explicit
08-03 17:38:16.703 11177 11286 I art     : Explicit concurrent mark sweep GC freed 3(96B) AllocSpace objects, 0(0B) LOS objects, 36% free, 27MB/43MB, paused 615us total 25.905ms
08-03 17:38:16.713 11177 11286 I art     : Starting a blocking GC Explicit
08-03 17:38:16.739 11177 11286 I art     : Explicit concurrent mark sweep GC freed 3(96B) AllocSpace objects, 0(0B) LOS objects, 36% free, 27MB/43MB, paused 595us total 26.159ms
08-03 17:38:16.748 11177 11286 I art     : Starting a blocking GC Explicit
08-03 17:38:16.774 11177 11286 I art     : Explicit concurrent mark sweep GC freed 3(96B) AllocSpace objects, 0(0B) LOS objects, 36% free, 27MB/43MB, paused 592us total 25.612ms
08-03 17:38:16.910 11056 11056 I ServiceManager: Waiting for service AtCmdFwd...
08-03 17:38:17.094 11177 11189 I art     : Starting a blocking GC Explicit
08-03 17:38:17.127 11177 11189 I art     : Explicit concurrent mark sweep GC freed 1363(80KB) AllocSpace objects, 1(20KB) LOS objects, 36% free, 27MB/43MB, paused 624us total 32.824ms
08-03 17:38:17.140 11177 11189 I art     : Starting a blocking GC Explicit
08-03 17:38:17.165 11177 11189 I art     : Explicit concurrent mark sweep GC freed 23(752B) AllocSpace objects, 0(0B) LOS objects, 36% free, 27MB/43MB, paused 640us total 24.501ms
08-03 17:38:17.174 11177 11189 I art     : Starting a blocking GC Explicit
08-03 17:38:17.197 11177 11189 I art     : Explicit concurrent mark sweep GC freed 3(96B) AllocSpace objects, 0(0B) LOS objects, 36% free, 27MB/43MB, paused 659us total 22.768ms
08-03 17:38:17.205 11177 11189 I art     : Starting a blocking GC Explicit
08-03 17:38:17.229 11177 11189 I art     : Explicit concurrent mark sweep GC freed 3(96B) AllocSpace objects, 0(0B) LOS objects, 36% free, 27MB/43MB, paused 621us total 23.667ms
08-03 17:38:17.238 11177 11189 I art     : Starting a blocking GC Explicit
08-03 17:38:17.263 11177 11189 I art     : Explicit concurrent mark sweep GC freed 3(96B) AllocSpace objects, 0(0B) LOS objects, 36% free, 27MB/43MB, paused 617us total 24.308ms
08-03 17:38:17.529 12162 12162 D AndroidRuntime: >>>>>> START com.android.internal.os.RuntimeInit uid 2000 <<<<<<
08-03 17:38:17.535 12162 12162 D AndroidRuntime: CheckJNI is OFF
08-03 17:38:17.547 11177 11190 I art     : Starting a blocking GC Explicit
08-03 17:38:17.573 12162 12162 D ICU     : No timezone override file found: /data/misc/zoneinfo/current/icu/icu_tzdata.dat
08-03 17:38:17.574 11177 11190 I art     : Explicit concurrent mark sweep GC freed 1392(80KB) AllocSpace objects, 1(20KB) LOS objects, 36% free, 27MB/43MB, paused 720us total 26.173ms
08-03 17:38:17.583 11177 11190 I art     : Starting a blocking GC Explicit
08-03 17:38:17.607 12162 12162 I Radio-JNI: register_android_hardware_Radio DONE
08-03 17:38:17.608 11177 11190 I art     : Explicit concurrent mark sweep GC freed 23(752B) AllocSpace objects, 0(0B) LOS objects, 36% free, 27MB/43MB, paused 650us total 24.794ms
08-03 17:38:17.617 11177 11190 I art     : Starting a blocking GC Explicit
08-03 17:38:17.629 12162 12162 D AndroidRuntime: Calling main entry com.android.commands.input.Input
08-03 17:38:17.631 12162 12162 I Input   : injectMotionEvent: MotionEvent { action=ACTION_DOWN, actionButton=0, id[0]=0, x[0]=625.0, y[0]=832.0, toolType[0]=TOOL_TYPE_UNKNOWN, buttonState=0, metaState=0, flags=0x0, edgeFlags=0x0, pointerCount=1, historySize=0, eventTime=639514043, downTime=639514043, deviceId=0, source=0x1002 }
08-03 17:38:17.638 12162 12162 I Input   : injectMotionEvent: MotionEvent { action=ACTION_UP, actionButton=0, id[0]=0, x[0]=625.0, y[0]=832.0, toolType[0]=TOOL_TYPE_UNKNOWN, buttonState=0, metaState=0, flags=0x0, edgeFlags=0x0, pointerCount=1, historySize=0, eventTime=639514043, downTime=639514043, deviceId=0, source=0x1002 }
08-03 17:38:17.641 12162 12162 D AndroidRuntime: Shutting down VM
08-03 17:38:17.641 11177 11190 I art     : Explicit concurrent mark sweep GC freed 28(960B) AllocSpace objects, 0(0B) LOS objects, 36% free, 27MB/43MB, paused 715us total 23.800ms
08-03 17:38:17.649 11177 11177 D UserPreferences: Using default data folder
08-03 17:38:17.650 11177 11190 I art     : Starting a blocking GC Explicit
08-03 17:38:17.651   512  2967 D audio_hw_primary: out_set_parameters: enter: usecase(1: low-latency-playback) kvpairs: routing=2
08-03 17:38:17.654 11177 11177 D DownloadRequester: partiallyDownloadedFileExists: false
08-03 17:38:17.655 11177 11177 D DownloadRequester: /storage/emulated/0/Android/data/baseline.de.danoeh.antennapod.debug/files/cache/feed-Nice White Parents is available as a download destination
08-03 17:38:17.656 11177 11177 D DownloadRequester: Requesting download of url https://rss.art19.com/nice-white-parents
08-03 17:38:17.662 11177 11177 D DownloadService: Service started
08-03 17:38:17.663 11177 11177 D DownloadService: parallel downloads: 4
08-03 17:38:17.664   512  2967 D audio_hw_primary: select_devices: out_snd_device(2: speaker) in_snd_device(0: none)
08-03 17:38:17.664   512  2967 D msm8974_platform: platform_send_audio_calibration: sending audio calibration for snd_device(2) acdb_id(15)
08-03 17:38:17.664   512  2967 I soundtrigger: audio_extn_sound_trigger_update_device_status: device 0x2 of type 0 for Event 1
08-03 17:38:17.664 11177 12185 D downloadCompletionThd: downloadCompletionThread was started
08-03 17:38:17.666 11177 11177 D DownloadService: Notification set up
08-03 17:38:17.678 11177 11190 I art     : Explicit concurrent mark sweep GC freed 289(17KB) AllocSpace objects, 0(0B) LOS objects, 36% free, 27MB/43MB, paused 953us total 28.327ms
08-03 17:38:17.679   512  2967 D audio_hw_primary: enable_snd_device: snd_device(2: speaker)
08-03 17:38:17.680 11177 11177 D DownloadService: Received enqueue request
08-03 17:38:17.681   512  2967 D audio_hw_primary: enable_audio_route: apply and update mixer path: low-latency-playback speaker
08-03 17:38:17.682 11177 11177 D OnlineFeedViewActivity: onEventMainThread() called with: event = [DownloadEvent{update=DownloaderUpdate{downloaders=[baseline.de.danoeh.antennapod.core.service.download.HttpDownloader@c66911b], feedIds=[0], mediaIds=[]}}]
08-03 17:38:17.683 11177 11177 D DownloadService: 1 downloads left
08-03 17:38:17.683 11177 11177 D DownloadService: Setting up notification updater
08-03 17:38:17.684   918  6112 D WifiService: acquireWifiLockLocked: WifiLock{Downloader type=1 binder=android.os.BinderProxy@7166cc0}
08-03 17:38:17.686 11177 12187 D AntennapodHttpClient: Creating new instance of HTTP client
08-03 17:38:17.688 11177 11190 I art     : Starting a blocking GC Explicit
08-03 17:38:17.711 11177 11190 I art     : Explicit concurrent mark sweep GC freed 886(52KB) AllocSpace objects, 0(0B) LOS objects, 36% free, 27MB/43MB, paused 776us total 22.654ms
08-03 17:38:17.784   918  3267 D NotificationSQLiteLog: Pruned event entries: 9
08-03 17:38:17.911 11056 11056 I ServiceManager: Waiting for service AtCmdFwd...
08-03 17:38:17.949 11177 11189 I art     : Starting a blocking GC Explicit
08-03 17:38:17.977 11177 11189 I art     : Explicit concurrent mark sweep GC freed 6236(311KB) AllocSpace objects, 4(220KB) LOS objects, 36% free, 27MB/43MB, paused 807us total 27.580ms
08-03 17:38:17.986 11177 11189 I art     : Starting a blocking GC Explicit
08-03 17:38:18.012 11177 11189 I art     : Explicit concurrent mark sweep GC freed 963(116KB) AllocSpace objects, 0(0B) LOS objects, 36% free, 27MB/43MB, paused 776us total 25.485ms
08-03 17:38:18.021 11177 11189 I art     : Starting a blocking GC Explicit
08-03 17:38:18.047 11177 11189 I art     : Explicit concurrent mark sweep GC freed 5(160B) AllocSpace objects, 0(0B) LOS objects, 36% free, 27MB/43MB, paused 755us total 25.392ms
08-03 17:38:18.056 11177 11189 I art     : Starting a blocking GC Explicit
08-03 17:38:18.063 11177 12187 D MYTAG   : interceptor 3a https://rss.art19.com/nice-white-parents
08-03 17:38:18.063 11177 12187 I NAPPA_EXPERIMENTATION: MetricNetworkRequestExecutionTime: REQUEST_DURATION_SYSTEM='376',REQUEST_DURATION_OKHTTP='149',REQUEST_SYNCHRONOUS='TRUE',RESPONSE_CODE='200',RESPONSE_METHOD='GET',RESPONSE_LENGTH_OKHTTP='-1',RESPONSE_LENGTH_HEADER='1803',REQUEST_PROTOCOL='h2',REQUEST_URL='https://rss.art19.com/nice-white-parents',
08-03 17:38:18.063 11177 12187 D HttpDownloader: Response code is 200
08-03 17:38:18.063 11177 12187 D UserPreferences: Using default data folder
08-03 17:38:18.066 11177 12187 D HttpDownloader: Getting size of download
08-03 17:38:18.066 11177 12187 D HttpDownloader: Size is -1
08-03 17:38:18.066 11177 12187 D UserPreferences: Using default data folder
08-03 17:38:18.066 11177 12187 D HttpDownloader: Free space is 20754579456
08-03 17:38:18.066 11177 12187 D HttpDownloader: Starting download
08-03 17:38:18.077 11177 12187 D HttpDownloader: Download was successful
08-03 17:38:18.078   918  6029 D WifiService: releaseWifiLockLocked: WifiLock{Downloader type=1 binder=android.os.BinderProxy@7166cc0}
08-03 17:38:18.078 11177 12185 D downloadCompletionThd: Received 'Download Complete' - message.
08-03 17:38:18.078 11177 12185 D DownloadService: Handling completed Feed Download
08-03 17:38:18.079 11177 11177 D DownloadService: Removing downloader: https://rss.art19.com/nice-white-parents
08-03 17:38:18.079 11177 11177 D DownloadService: Result of downloads.remove: true
08-03 17:38:18.079 11177 11177 D OnlineFeedViewActivity: onEventMainThread() called with: event = [DownloadEvent{update=DownloaderUpdate{downloaders=[], feedIds=[], mediaIds=[]}}]
08-03 17:38:18.082 11177 11189 I art     : Explicit concurrent mark sweep GC freed 372(50KB) AllocSpace objects, 0(0B) LOS objects, 36% free, 27MB/43MB, paused 1.197ms total 26.151ms
08-03 17:38:18.084 11177 12203 D TypeGetter: Recognized type RSS 2.0
08-03 17:38:18.087 11177 12203 D SyndHandler: Recognized ITunes namespace
08-03 17:38:18.087 11177 12203 D SyndHandler: Recognized Atom namespace
08-03 17:38:18.087 11177 12203 D SyndHandler: Recognized Content namespace
08-03 17:38:18.091 11177 11189 I art     : Starting a blocking GC Explicit
08-03 17:38:18.095 11177 12203 D FeedSyncThread: Nice White Parents parsed
08-03 17:38:18.096 11177 12203 D FeedSyncThread: Deletion of file '/storage/emulated/0/Android/data/baseline.de.danoeh.antennapod.debug/files/cache/feed-Nice White Parents' successful
08-03 17:38:18.096 11177 12203 D DBReader: getFeedDownloadLog() called with: feed = [baseline.de.danoeh.antennapod.core.feed.Feed@0]
08-03 17:38:18.098 11177 12186 D FeedSyncThread: Bundling 1 feeds
08-03 17:38:18.099 11177 12204 D DBReader: Extracting Feedlist
08-03 17:38:18.100 11177 12204 D DBTasks : Found no existing Feed with title Nice White Parents. Adding as new one.
08-03 17:38:18.102 11177 12205 D PodDBAdapter: Setting feed with flattr status Nice White Parents: 0
08-03 17:38:18.102 11177 12205 D baseline.de.danoeh.antennapod.core.storage.PodDBAdapter@c6ea0d0: Inserting new Feed into db
08-03 17:38:18.118 11177 11189 I art     : Explicit concurrent mark sweep GC freed 785(177KB) AllocSpace objects, 3(60KB) LOS objects, 36% free, 27MB/43MB, paused 837us total 27.030ms
08-03 17:38:18.122 11177 11177 D EventDistributor: Processing event queue. Number of events: 1
08-03 17:38:18.122 11177 11177 D EventDistributor: Notifying observers. Data: 1
08-03 17:38:18.122 11177 11177 D DownloadService: 0 downloads left
08-03 17:38:18.123 11177 11707 D DBReader: Extracting Feedlist
08-03 17:38:18.123 11177 11177 D DownloadService: Number of downloads is 0, attempting shutdown
08-03 17:38:18.124 11177 11177 D DownloadService: Service shutting down
08-03 17:38:18.124 11177 11177 D DownloadService: No report is created
08-03 17:38:18.124 11177 11177 D OnlineFeedViewActivity: onEventMainThread() called with: event = [DownloadEvent{update=DownloaderUpdate{downloaders=[], feedIds=[], mediaIds=[]}}]
08-03 17:38:18.125 11177 11177 D DownloadService: NotificationUpdater cancelled. Result: false
08-03 17:38:18.125 11177 12185 E downloadCompletionThd: DownloadCompletionThread was interrupted
08-03 17:38:18.126 11177 11177 D DBTasks : autodownloadUndownloadedItems
08-03 17:38:18.130 11177 12206 D NetworkUtils: Device is connected to Wi-Fi
08-03 17:38:18.130 11177 12206 D NetworkUtils: Auto-dl filter is disabled
08-03 17:38:18.230   512  2967 D audio_hw_primary: disable_audio_route: reset and update mixer path: low-latency-playback speaker
08-03 17:38:18.233   512  2967 D audio_hw_primary: disable_snd_device: snd_device(2: speaker)
08-03 17:38:18.241   512  2967 I soundtrigger: audio_extn_sound_trigger_update_device_status: device 0x2 of type 0 for Event 0
08-03 17:38:18.407 11177 11190 I art     : Starting a blocking GC Explicit
08-03 17:38:18.435 11177 11190 I art     : Explicit concurrent mark sweep GC freed 1937(141KB) AllocSpace objects, 2(40KB) LOS objects, 36% free, 27MB/43MB, paused 748us total 28.070ms
08-03 17:38:18.445 11177 11190 I art     : Starting a blocking GC Explicit
08-03 17:38:18.471 11177 11190 I art     : Explicit concurrent mark sweep GC freed 106(4KB) AllocSpace objects, 0(0B) LOS objects, 36% free, 27MB/43MB, paused 687us total 25.234ms
08-03 17:38:18.479 11177 11190 I art     : Starting a blocking GC Explicit
08-03 17:38:18.505 11177 11190 I art     : Explicit concurrent mark sweep GC freed 4(192B) AllocSpace objects, 0(0B) LOS objects, 36% free, 27MB/43MB, paused 734us total 25.172ms
08-03 17:38:18.514 11177 11190 I art     : Starting a blocking GC Explicit
08-03 17:38:18.541 11177 11190 I art     : Explicit concurrent mark sweep GC freed 34(944B) AllocSpace objects, 0(0B) LOS objects, 36% free, 27MB/43MB, paused 756us total 26.549ms
08-03 17:38:18.550 11177 11190 I art     : Starting a blocking GC Explicit
08-03 17:38:18.578 11177 11190 I art     : Explicit concurrent mark sweep GC freed 3(96B) AllocSpace objects, 0(0B) LOS objects, 36% free, 27MB/43MB, paused 815us total 27.892ms
08-03 17:38:18.879 11177 11286 I art     : Starting a blocking GC Explicit
08-03 17:38:18.911 11056 11056 W Atfwd_Sendcmd: AtCmdFwd service not published, waiting... retryCnt : 2
08-03 17:38:18.914 11177 11286 I art     : Explicit concurrent mark sweep GC freed 1366(82KB) AllocSpace objects, 1(20KB) LOS objects, 36% free, 27MB/43MB, paused 776us total 34.830ms
08-03 17:38:18.924 11177 11286 I art     : Starting a blocking GC Explicit
08-03 17:38:18.951 11177 11286 I art     : Explicit concurrent mark sweep GC freed 23(752B) AllocSpace objects, 0(0B) LOS objects, 36% free, 27MB/43MB, paused 770us total 27.296ms
08-03 17:38:18.960 11177 11286 I art     : Starting a blocking GC Explicit
08-03 17:38:18.988 11177 11286 I art     : Explicit concurrent mark sweep GC freed 3(96B) AllocSpace objects, 0(0B) LOS objects, 36% free, 27MB/43MB, paused 784us total 27.483ms
08-03 17:38:18.998 11177 11286 I art     : Starting a blocking GC Explicit
08-03 17:38:19.026 11177 11286 I art     : Explicit concurrent mark sweep GC freed 3(96B) AllocSpace objects, 0(0B) LOS objects, 36% free, 27MB/43MB, paused 784us total 27.798ms
08-03 17:38:19.035 11177 11286 I art     : Starting a blocking GC Explicit
08-03 17:38:19.064 11177 11286 I art     : Explicit concurrent mark sweep GC freed 3(96B) AllocSpace objects, 0(0B) LOS objects, 36% free, 27MB/43MB, paused 776us total 28.009ms
08-03 17:38:19.368 11177 12089 I art     : Starting a blocking GC Explicit
08-03 17:38:19.402 11177 12089 I art     : Explicit concurrent mark sweep GC freed 1370(81KB) AllocSpace objects, 1(20KB) LOS objects, 36% free, 27MB/43MB, paused 842us total 34.035ms
08-03 17:38:19.414 11177 12089 I art     : Starting a blocking GC Explicit
08-03 17:38:19.442 11177 12089 I art     : Explicit concurrent mark sweep GC freed 23(752B) AllocSpace objects, 0(0B) LOS objects, 36% free, 27MB/43MB, paused 770us total 27.691ms
08-03 17:38:19.451 11177 12089 I art     : Starting a blocking GC Explicit
08-03 17:38:19.480 11177 12089 I art     : Explicit concurrent mark sweep GC freed 3(96B) AllocSpace objects, 0(0B) LOS objects, 36% free, 27MB/43MB, paused 816us total 28.171ms
08-03 17:38:19.489 11177 12089 I art     : Starting a blocking GC Explicit
08-03 17:38:19.517 11177 12089 I art     : Explicit concurrent mark sweep GC freed 32(880B) AllocSpace objects, 0(0B) LOS objects, 36% free, 27MB/43MB, paused 747us total 26.974ms
08-03 17:38:19.526 11177 12089 I art     : Starting a blocking GC Explicit
08-03 17:38:19.553 11177 12089 I art     : Explicit concurrent mark sweep GC freed 3(96B) AllocSpace objects, 0(0B) LOS objects, 36% free, 27MB/43MB, paused 755us total 26.748ms
08-03 17:38:19.883 11177 11189 I art     : Starting a blocking GC Explicit
08-03 17:38:19.926 11177 11189 I art     : Explicit concurrent mark sweep GC freed 1369(82KB) AllocSpace objects, 1(20KB) LOS objects, 36% free, 27MB/43MB, paused 906us total 41.816ms
08-03 17:38:19.941 11177 11189 I art     : Starting a blocking GC Explicit
08-03 17:38:19.973 11177 11189 I art     : Explicit concurrent mark sweep GC freed 23(752B) AllocSpace objects, 0(0B) LOS objects, 36% free, 27MB/43MB, paused 818us total 31.095ms
08-03 17:38:19.982 11177 11189 I art     : Starting a blocking GC Explicit
08-03 17:38:20.010 11177 11189 I art     : Explicit concurrent mark sweep GC freed 3(96B) AllocSpace objects, 0(0B) LOS objects, 36% free, 27MB/43MB, paused 752us total 27.593ms
08-03 17:38:20.020 11177 11189 I art     : Starting a blocking GC Explicit
08-03 17:38:20.047 11177 11189 I art     : Explicit concurrent mark sweep GC freed 3(96B) AllocSpace objects, 0(0B) LOS objects, 36% free, 27MB/43MB, paused 859us total 27.375ms
08-03 17:38:20.057 11177 11189 I art     : Starting a blocking GC Explicit
08-03 17:38:20.084 11177 11189 I art     : Explicit concurrent mark sweep GC freed 3(96B) AllocSpace objects, 0(0B) LOS objects, 36% free, 27MB/43MB, paused 763us total 27.205ms
08-03 17:38:20.413 11177 11190 I art     : Starting a blocking GC Explicit
08-03 17:38:20.448 11177 11190 I art     : Explicit concurrent mark sweep GC freed 1367(80KB) AllocSpace objects, 1(20KB) LOS objects, 36% free, 27MB/43MB, paused 988us total 34.591ms
08-03 17:38:20.460 11177 11190 I art     : Starting a blocking GC Explicit
08-03 17:38:20.487 11177 11190 I art     : Explicit concurrent mark sweep GC freed 23(752B) AllocSpace objects, 0(0B) LOS objects, 36% free, 27MB/43MB, paused 845us total 27.691ms
08-03 17:38:20.497 11177 11190 I art     : Starting a blocking GC Explicit
08-03 17:38:20.524 11177 11190 I art     : Explicit concurrent mark sweep GC freed 32(880B) AllocSpace objects, 0(0B) LOS objects, 36% free, 27MB/43MB, paused 805us total 26.955ms
08-03 17:38:20.534 11177 11190 I art     : Starting a blocking GC Explicit
08-03 17:38:20.561 11177 11190 I art     : Explicit concurrent mark sweep GC freed 3(96B) AllocSpace objects, 0(0B) LOS objects, 36% free, 27MB/43MB, paused 756us total 27.297ms
08-03 17:38:20.570 11177 11190 I art     : Starting a blocking GC Explicit
08-03 17:38:20.598 11177 11190 I art     : Explicit concurrent mark sweep GC freed 3(96B) AllocSpace objects, 0(0B) LOS objects, 36% free, 27MB/43MB, paused 812us total 27.570ms
08-03 17:38:20.914 11177 11286 I art     : Starting a blocking GC Explicit
08-03 17:38:20.949 11177 11286 I art     : Explicit concurrent mark sweep GC freed 1363(80KB) AllocSpace objects, 1(20KB) LOS objects, 36% free, 27MB/43MB, paused 900us total 34.453ms
08-03 17:38:20.963 11177 11286 I art     : Starting a blocking GC Explicit
08-03 17:38:20.993 11177 11286 I art     : Explicit concurrent mark sweep GC freed 23(752B) AllocSpace objects, 0(0B) LOS objects, 36% free, 27MB/43MB, paused 766us total 29.716ms
08-03 17:38:21.003 11177 11286 I art     : Starting a blocking GC Explicit
08-03 17:38:21.031 11177 11286 I art     : Explicit concurrent mark sweep GC freed 3(96B) AllocSpace objects, 0(0B) LOS objects, 36% free, 27MB/43MB, paused 782us total 27.854ms
08-03 17:38:21.040 11177 11286 I art     : Starting a blocking GC Explicit
08-03 17:38:21.068 11177 11286 I art     : Explicit concurrent mark sweep GC freed 3(96B) AllocSpace objects, 0(0B) LOS objects, 36% free, 27MB/43MB, paused 758us total 27.593ms
08-03 17:38:21.078 11177 11286 I art     : Starting a blocking GC Explicit
08-03 17:38:21.105 11177 11286 I art     : Explicit concurrent mark sweep GC freed 3(96B) AllocSpace objects, 0(0B) LOS objects, 36% free, 27MB/43MB, paused 747us total 26.747ms
08-03 17:38:21.432 11177 12089 I art     : Starting a blocking GC Explicit
08-03 17:38:21.468 11177 12089 I art     : Explicit concurrent mark sweep GC freed 1364(82KB) AllocSpace objects, 1(20KB) LOS objects, 36% free, 27MB/43MB, paused 862us total 35.601ms
08-03 17:38:21.477 11177 12089 I art     : Starting a blocking GC Explicit
08-03 17:38:21.505 11177 12089 I art     : Explicit concurrent mark sweep GC freed 23(752B) AllocSpace objects, 0(0B) LOS objects, 36% free, 27MB/43MB, paused 757us total 27.119ms
08-03 17:38:21.514 11177 12089 I art     : Starting a blocking GC Explicit
08-03 17:38:21.541 11177 12089 I art     : Explicit concurrent mark sweep GC freed 32(880B) AllocSpace objects, 0(0B) LOS objects, 36% free, 27MB/43MB, paused 763us total 27.015ms
08-03 17:38:21.551 11177 12089 I art     : Starting a blocking GC Explicit
08-03 17:38:21.578 11177 12089 I art     : Explicit concurrent mark sweep GC freed 3(96B) AllocSpace objects, 0(0B) LOS objects, 36% free, 27MB/43MB, paused 769us total 27.275ms
08-03 17:38:21.588 11177 12089 I art     : Starting a blocking GC Explicit
08-03 17:38:21.615 11177 12089 I art     : Explicit concurrent mark sweep GC freed 3(96B) AllocSpace objects, 0(0B) LOS objects, 36% free, 27MB/43MB, paused 754us total 26.779ms
08-03 17:38:21.948 11177 11189 I art     : Starting a blocking GC Explicit
08-03 17:38:21.976 11177 11189 I art     : Explicit concurrent mark sweep GC freed 1363(80KB) AllocSpace objects, 1(20KB) LOS objects, 36% free, 27MB/43MB, paused 916us total 27.221ms
08-03 17:38:21.985 11177 11189 I art     : Starting a blocking GC Explicit
08-03 17:38:22.012 11177 11189 I art     : Explicit concurrent mark sweep GC freed 23(752B) AllocSpace objects, 0(0B) LOS objects, 36% free, 27MB/43MB, paused 784us total 26.696ms
08-03 17:38:22.022 11177 11189 I art     : Starting a blocking GC Explicit
08-03 17:38:22.047 11177 11189 I art     : Explicit concurrent mark sweep GC freed 3(96B) AllocSpace objects, 0(0B) LOS objects, 36% free, 27MB/43MB, paused 793us total 25.674ms
08-03 17:38:22.057 11177 11189 I art     : Starting a blocking GC Explicit
08-03 17:38:22.082 11177 11189 I art     : Explicit concurrent mark sweep GC freed 3(96B) AllocSpace objects, 0(0B) LOS objects, 36% free, 27MB/43MB, paused 780us total 25.654ms
08-03 17:38:22.091 11177 11189 I art     : Starting a blocking GC Explicit
08-03 17:38:22.117 11177 11189 I art     : Explicit concurrent mark sweep GC freed 3(96B) AllocSpace objects, 0(0B) LOS objects, 36% free, 27MB/43MB, paused 909us total 25.608ms
08-03 17:38:22.304 12287 12287 D AndroidRuntime: >>>>>> START com.android.internal.os.RuntimeInit uid 2000 <<<<<<
08-03 17:38:22.309 12287 12287 D AndroidRuntime: CheckJNI is OFF
08-03 17:38:22.342 12287 12287 D ICU     : No timezone override file found: /data/misc/zoneinfo/current/icu/icu_tzdata.dat
08-03 17:38:22.374 12287 12287 I Radio-JNI: register_android_hardware_Radio DONE
08-03 17:38:22.397 12287 12287 D AndroidRuntime: Calling main entry com.android.commands.input.Input
08-03 17:38:22.398 12287 12287 I Input   : injectKeyEvent: KeyEvent { action=ACTION_DOWN, keyCode=KEYCODE_BACK, scanCode=0, metaState=0, flags=0x0, repeatCount=0, eventTime=639518811, downTime=639518811, deviceId=-1, source=0x101 }
08-03 17:38:22.403 12287 12287 I Input   : injectKeyEvent: KeyEvent { action=ACTION_UP, keyCode=KEYCODE_BACK, scanCode=0, metaState=0, flags=0x0, repeatCount=0, eventTime=639518811, downTime=639518811, deviceId=-1, source=0x101 }
08-03 17:38:22.408 12287 12287 D AndroidRuntime: Shutting down VM
08-03 17:38:22.413 11177 11177 V PlaybackController: initServiceNotRunning()
08-03 17:38:22.413 11177 11177 D ExternalPlayerFragment: Loading media info
08-03 17:38:22.416 11177 11177 D UserPreferences: Using default data folder
08-03 17:38:22.416 11177 11707 D DBReader: getNavDrawerData() called with: 
08-03 17:38:22.420 11177 11707 D DBReader: getDownloadedItems() called
08-03 17:38:22.421 11177 11707 D DBReader: getFavoriteIDList() called
08-03 17:38:22.422 11177 11707 D DBReader: getQueueIDList() called
08-03 17:38:22.422 11177 11707 D DBReader: Extracting Feedlist
08-03 17:38:22.429 11177 11286 I art     : Starting a blocking GC Explicit
08-03 17:38:22.450 11177 11177 D MainActivity: getLastNavFragment() -> AddFeedFragment
08-03 17:38:22.455 13866 13866 I GoogleInputMethodServic: GoogleInputMethodService.onFinishInput():3138 
08-03 17:38:22.456 13866 13866 I GoogleInputMethodServic: GoogleInputMethodService.onStartInput():1808 
08-03 17:38:22.456 11177 11286 I art     : Explicit concurrent mark sweep GC freed 1944(126KB) AllocSpace objects, 1(20KB) LOS objects, 36% free, 27MB/43MB, paused 714us total 26.695ms
08-03 17:38:22.465 11177 11286 I art     : Starting a blocking GC Explicit
08-03 17:38:22.472 11177 12088 D ApOkHttpUrlLoader: buildLoadData() called with: model = [https://content.production.cdn.art19.com/images/89/e0/88/44/89e08844-ac28-4fc0-96fa-15a41fec2014/262c12ed699a8d9720dea0bd66449d998e4a08cf18095bed170ccaa76722045fa5dbf7a366918b2db7e3acf29ad22f6b99fd659a9409cb807bf2781d968932f8.jpeg], width = [140], height = [140]
08-03 17:38:22.491 11177 11286 I art     : Explicit concurrent mark sweep GC freed 710(54KB) AllocSpace objects, 0(0B) LOS objects, 36% free, 27MB/43MB, paused 1.093ms total 25.750ms
08-03 17:38:22.501 11177 11286 I art     : Starting a blocking GC Explicit
08-03 17:38:22.525 11177 11286 I art     : Explicit concurrent mark sweep GC freed 298(16KB) AllocSpace objects, 0(0B) LOS objects, 36% free, 27MB/43MB, paused 776us total 23.776ms
08-03 17:38:22.533 11177 11286 I art     : Starting a blocking GC Explicit
08-03 17:38:22.556 11177 11286 I art     : Explicit concurrent mark sweep GC freed 16(976B) AllocSpace objects, 0(0B) LOS objects, 36% free, 27MB/43MB, paused 714us total 22.738ms
08-03 17:38:22.564 11177 11286 I art     : Starting a blocking GC Explicit
08-03 17:38:22.589 11177 11286 I art     : Explicit concurrent mark sweep GC freed 3(96B) AllocSpace objects, 0(0B) LOS objects, 36% free, 27MB/43MB, paused 845us total 24.990ms
08-03 17:38:22.786   380   380 W SurfaceFlinger: couldn't log to binary event log: overflow.
08-03 17:38:22.844 11177 11286 I art     : Starting a blocking GC Explicit
08-03 17:38:22.872 11177 11286 I art     : Explicit concurrent mark sweep GC freed 2215(126KB) AllocSpace objects, 1(20KB) LOS objects, 36% free, 27MB/43MB, paused 764us total 27.936ms
08-03 17:38:22.881 11177 11286 I art     : Starting a blocking GC Explicit
08-03 17:38:22.908 11177 11286 I art     : Explicit concurrent mark sweep GC freed 2499(153KB) AllocSpace objects, 2(248KB) LOS objects, 36% free, 27MB/43MB, paused 815us total 26.681ms
08-03 17:38:22.917 11177 11286 I art     : Starting a blocking GC Explicit
08-03 17:38:22.944 11177 11286 I art     : Explicit concurrent mark sweep GC freed 3(96B) AllocSpace objects, 0(0B) LOS objects, 36% free, 27MB/43MB, paused 793us total 26.606ms
08-03 17:38:22.954 11177 11286 I art     : Starting a blocking GC Explicit
08-03 17:38:22.981 11177 11286 I art     : Explicit concurrent mark sweep GC freed 3(96B) AllocSpace objects, 0(0B) LOS objects, 36% free, 27MB/43MB, paused 810us total 26.769ms
08-03 17:38:22.990 11177 11286 I art     : Starting a blocking GC Explicit
08-03 17:38:23.016 11177 11286 I art     : Explicit concurrent mark sweep GC freed 3(96B) AllocSpace objects, 0(0B) LOS objects, 36% free, 27MB/43MB, paused 739us total 26.115ms
08-03 17:38:23.311 11177 11190 I art     : Starting a blocking GC Explicit
08-03 17:38:23.350 11177 11190 I art     : Explicit concurrent mark sweep GC freed 1369(82KB) AllocSpace objects, 1(20KB) LOS objects, 36% free, 27MB/43MB, paused 820us total 38.416ms
08-03 17:38:23.362 11177 11190 I art     : Starting a blocking GC Explicit
08-03 17:38:23.390 11177 11190 I art     : Explicit concurrent mark sweep GC freed 23(752B) AllocSpace objects, 0(0B) LOS objects, 36% free, 27MB/43MB, paused 820us total 27.187ms
08-03 17:38:23.399 11177 11190 I art     : Starting a blocking GC Explicit
08-03 17:38:23.426 11177 11190 I art     : Explicit concurrent mark sweep GC freed 3(96B) AllocSpace objects, 0(0B) LOS objects, 36% free, 27MB/43MB, paused 763us total 26.026ms
08-03 17:38:23.435 11177 11190 I art     : Starting a blocking GC Explicit
08-03 17:38:23.461 11177 11190 I art     : Explicit concurrent mark sweep GC freed 3(96B) AllocSpace objects, 0(0B) LOS objects, 36% free, 27MB/43MB, paused 756us total 26.293ms
08-03 17:38:23.471 11177 11190 I art     : Starting a blocking GC Explicit
08-03 17:38:23.497 11177 11190 I art     : Explicit concurrent mark sweep GC freed 3(96B) AllocSpace objects, 0(0B) LOS objects, 36% free, 27MB/43MB, paused 854us total 26.106ms
08-03 17:38:23.769 11177 12089 I art     : Starting a blocking GC Explicit
08-03 17:38:23.802 11177 12089 I art     : Explicit concurrent mark sweep GC freed 1394(81KB) AllocSpace objects, 1(20KB) LOS objects, 36% free, 27MB/43MB, paused 812us total 32.034ms
08-03 17:38:23.813 11177 12089 I art     : Starting a blocking GC Explicit
08-03 17:38:23.839 11177 12089 I art     : Explicit concurrent mark sweep GC freed 23(752B) AllocSpace objects, 0(0B) LOS objects, 36% free, 27MB/43MB, paused 777us total 25.498ms
08-03 17:38:23.848 11177 12089 I art     : Starting a blocking GC Explicit
08-03 17:38:23.873 11177 12089 I art     : Explicit concurrent mark sweep GC freed 3(96B) AllocSpace objects, 0(0B) LOS objects, 36% free, 27MB/43MB, paused 764us total 24.827ms
08-03 17:38:23.882 11177 12089 I art     : Starting a blocking GC Explicit
08-03 17:38:23.907 11177 12089 I art     : Explicit concurrent mark sweep GC freed 3(96B) AllocSpace objects, 0(0B) LOS objects, 36% free, 27MB/43MB, paused 827us total 24.811ms
08-03 17:38:23.916 11177 12089 I art     : Starting a blocking GC Explicit
08-03 17:38:23.941 11177 12089 I art     : Explicit concurrent mark sweep GC freed 3(96B) AllocSpace objects, 0(0B) LOS objects, 36% free, 27MB/43MB, paused 763us total 24.827ms
08-03 17:38:24.083 12333 12333 D AndroidRuntime: >>>>>> START com.android.internal.os.RuntimeInit uid 2000 <<<<<<
08-03 17:38:24.088 12333 12333 D AndroidRuntime: CheckJNI is OFF
08-03 17:38:24.122 12333 12333 D ICU     : No timezone override file found: /data/misc/zoneinfo/current/icu/icu_tzdata.dat
08-03 17:38:24.153 12333 12333 I Radio-JNI: register_android_hardware_Radio DONE
08-03 17:38:24.174 12333 12333 D AndroidRuntime: Calling main entry com.android.commands.input.Input
08-03 17:38:24.176 12333 12333 I Input   : injectMotionEvent: MotionEvent { action=ACTION_DOWN, actionButton=0, id[0]=0, x[0]=639.0, y[0]=762.0, toolType[0]=TOOL_TYPE_UNKNOWN, buttonState=0, metaState=0, flags=0x0, edgeFlags=0x0, pointerCount=1, historySize=0, eventTime=639520589, downTime=639520589, deviceId=0, source=0x1002 }
08-03 17:38:24.180 12333 12333 I Input   : injectMotionEvent: MotionEvent { action=ACTION_UP, actionButton=0, id[0]=0, x[0]=639.0, y[0]=762.0, toolType[0]=TOOL_TYPE_UNKNOWN, buttonState=0, metaState=0, flags=0x0, edgeFlags=0x0, pointerCount=1, historySize=0, eventTime=639520589, downTime=639520589, deviceId=0, source=0x1002 }
08-03 17:38:24.181 12333 12333 D AndroidRuntime: Shutting down VM
08-03 17:38:24.219 11177 12089 I art     : Starting a blocking GC Explicit
08-03 17:38:24.245 11177 12089 I art     : Explicit concurrent mark sweep GC freed 1416(82KB) AllocSpace objects, 1(20KB) LOS objects, 36% free, 27MB/43MB, paused 694us total 25.666ms
08-03 17:38:24.255 11177 12089 I art     : Starting a blocking GC Explicit
08-03 17:38:24.257   512  2967 D audio_hw_primary: out_set_parameters: enter: usecase(1: low-latency-playback) kvpairs: routing=2
08-03 17:38:24.270   512  2967 D audio_hw_primary: select_devices: out_snd_device(2: speaker) in_snd_device(0: none)
08-03 17:38:24.271   512  2967 D msm8974_platform: platform_send_audio_calibration: sending audio calibration for snd_device(2) acdb_id(15)
08-03 17:38:24.271   512  2967 I soundtrigger: audio_extn_sound_trigger_update_device_status: device 0x2 of type 0 for Event 1
08-03 17:38:24.277 13866 13866 I GoogleInputMethodServic: GoogleInputMethodService.onFinishInput():3138 
08-03 17:38:24.278 13866 13866 I GoogleInputMethodServic: GoogleInputMethodService.onStartInput():1808 
08-03 17:38:24.280   512  2967 D audio_hw_primary: enable_snd_device: snd_device(2: speaker)
08-03 17:38:24.283   512  2967 D audio_hw_primary: enable_audio_route: apply and update mixer path: low-latency-playback speaker
08-03 17:38:24.284 11177 12089 I art     : Explicit concurrent mark sweep GC freed 217(8KB) AllocSpace objects, 0(0B) LOS objects, 36% free, 27MB/43MB, paused 1.048ms total 28.044ms
08-03 17:38:24.293 11177 12089 I art     : Starting a blocking GC Explicit
08-03 17:38:24.318 11177 12089 I art     : Explicit concurrent mark sweep GC freed 28(1216B) AllocSpace objects, 0(0B) LOS objects, 36% free, 27MB/43MB, paused 805us total 25.256ms
08-03 17:38:24.326 11177 12089 I art     : Starting a blocking GC Explicit
08-03 17:38:24.350 11177 12089 I art     : Explicit concurrent mark sweep GC freed 15(544B) AllocSpace objects, 0(0B) LOS objects, 36% free, 27MB/43MB, paused 773us total 23.089ms
08-03 17:38:24.359 11177 12089 I art     : Starting a blocking GC Explicit
08-03 17:38:24.382 11177 12089 I art     : Explicit concurrent mark sweep GC freed 13(480B) AllocSpace objects, 0(0B) LOS objects, 36% free, 27MB/43MB, paused 825us total 23.575ms
08-03 17:38:24.497 11177 11203 I NAPPA_EXPERIMENTATION: MetricNetworkRequestExecutionTime: REQUEST_DURATION_SYSTEM='239',REQUEST_DURATION_OKHTTP='238',REQUEST_SYNCHRONOUS='TRUE',RESPONSE_CODE='200',RESPONSE_METHOD='GET',RESPONSE_LENGTH_OKHTTP='-1',RESPONSE_LENGTH_HEADER='622',REQUEST_PROTOCOL='h2',REQUEST_URL='https://itunes.apple.com/lookup?id=360084272',
08-03 17:38:24.524   918  5132 I ActivityManager: START u0 {cmp=baseline.de.danoeh.antennapod.debug/baseline.de.danoeh.antennapod.activity.OnlineFeedViewActivity (has extras)} from uid 10633 on display 0
08-03 17:38:24.548 13866 13866 I GoogleInputMethodServic: GoogleInputMethodService.onFinishInput():3138 
08-03 17:38:24.548 13866 13866 I GoogleInputMethodServic: GoogleInputMethodService.onStartInput():1808 
08-03 17:38:24.567 11177 11177 D UserPreferences: Using default data folder
08-03 17:38:24.568 11177 11177 D OnlineFeedViewActivity: Activity was started with url http://joeroganexp.joerogan.libsynpro.com/rss
08-03 17:38:24.571 11177 11177 D OnlineFeedViewActivity: Starting feed download
08-03 17:38:24.573 11177 11197 D DBReader: Extracting Feedlist
08-03 17:38:24.576   918  5132 D WifiService: acquireWifiLockLocked: WifiLock{Downloader type=1 binder=android.os.BinderProxy@bfe85f0}
08-03 17:38:24.577 11177 11197 D AntennapodHttpClient: Creating new instance of HTTP client
08-03 17:38:24.627 11177 11197 D MYTAG   : interceptor 3a http://joeroganexp.joerogan.libsynpro.com/rss
08-03 17:38:24.627 11177 11197 I NAPPA_EXPERIMENTATION: MetricNetworkRequestExecutionTime: REQUEST_DURATION_SYSTEM='49',REQUEST_DURATION_OKHTTP='42',REQUEST_SYNCHRONOUS='TRUE',RESPONSE_CODE='200',RESPONSE_METHOD='GET',RESPONSE_LENGTH_OKHTTP='-1',RESPONSE_LENGTH_HEADER='307892',REQUEST_PROTOCOL='http/1.1',REQUEST_URL='http://joeroganexp.joerogan.libsynpro.com/rss',
08-03 17:38:24.627 11177 11197 D HttpDownloader: Response code is 200
08-03 17:38:24.627 11177 11197 D UserPreferences: Using default data folder
08-03 17:38:24.630 13866 13866 I GoogleInputMethodServic: GoogleInputMethodService.onFinishInput():3138 
08-03 17:38:24.630 11177 11197 D HttpDownloader: Getting size of download
08-03 17:38:24.630 11177 11197 D HttpDownloader: Size is -1
08-03 17:38:24.630 11177 11197 D UserPreferences: Using default data folder
08-03 17:38:24.631 13866 13866 I GoogleInputMethodServic: GoogleInputMethodService.onStartInput():1808 
08-03 17:38:24.631 11177 11197 D HttpDownloader: Free space is 20754509824
08-03 17:38:24.631 11177 11197 D HttpDownloader: Starting download
08-03 17:38:24.636 11177 11286 I art     : Starting a blocking GC Explicit
08-03 17:38:24.664   918   936 I ActivityManager: Displayed baseline.de.danoeh.antennapod.debug/baseline.de.danoeh.antennapod.activity.OnlineFeedViewActivity: +115ms
08-03 17:38:24.667 11177 11286 I art     : Explicit concurrent mark sweep GC freed 3487(234KB) AllocSpace objects, 1(20KB) LOS objects, 36% free, 27MB/43MB, paused 886us total 31.506ms
08-03 17:38:24.677 11177 11286 I art     : Starting a blocking GC Explicit
08-03 17:38:24.706 11177 11286 I art     : Explicit concurrent mark sweep GC freed 385(17KB) AllocSpace objects, 0(0B) LOS objects, 36% free, 27MB/43MB, paused 740us total 28.005ms
08-03 17:38:24.714 11177 11286 I art     : Starting a blocking GC Explicit
08-03 17:38:24.737 11177 11286 I art     : Explicit concurrent mark sweep GC freed 8(624B) AllocSpace objects, 0(0B) LOS objects, 36% free, 27MB/43MB, paused 839us total 23.134ms
08-03 17:38:24.746 11177 11286 I art     : Starting a blocking GC Explicit
08-03 17:38:24.770 11177 11286 I art     : Explicit concurrent mark sweep GC freed 3(96B) AllocSpace objects, 0(0B) LOS objects, 36% free, 27MB/43MB, paused 757us total 23.888ms
08-03 17:38:24.779 11177 11286 I art     : Starting a blocking GC Explicit
08-03 17:38:24.803 11177 11286 I art     : Explicit concurrent mark sweep GC freed 3(96B) AllocSpace objects, 0(0B) LOS objects, 36% free, 27MB/43MB, paused 752us total 24.444ms
08-03 17:38:24.819   512  2967 D audio_hw_primary: disable_audio_route: reset and update mixer path: low-latency-playback speaker
08-03 17:38:24.822   512  2967 D audio_hw_primary: disable_snd_device: snd_device(2: speaker)
08-03 17:38:24.831   512  2967 I soundtrigger: audio_extn_sound_trigger_update_device_status: device 0x2 of type 0 for Event 0
08-03 17:38:24.870 11177 11197 D HttpDownloader: Download was successful
08-03 17:38:24.871   918  6112 D WifiService: releaseWifiLockLocked: WifiLock{Downloader type=1 binder=android.os.BinderProxy@bfe85f0}
08-03 17:38:24.871 11177 11177 D OnlineFeedViewActivity: Parsing feed
08-03 17:38:24.876 11177 12375 D TypeGetter: Recognized type RSS 2.0
08-03 17:38:24.879 11177 12375 D SyndHandler: Recognized Atom namespace
08-03 17:38:24.879 11177 12375 D SyndHandler: Recognized ITunes namespace
08-03 17:38:24.879 11177 12375 D SyndHandler: Recognized media namespace
08-03 17:38:24.879 11177 12375 D SyndHandler: Recognized Content namespace
08-03 17:38:24.905   380   380 W SurfaceFlinger: couldn't log to binary event log: overflow.
08-03 17:38:25.043 11177 11177 D PlaybackController: Releasing PlaybackController
08-03 17:38:25.064 11177 11286 I art     : Starting a blocking GC Explicit
08-03 17:38:25.096 11177 11286 I art     : Explicit concurrent mark sweep GC freed 14534(923KB) AllocSpace objects, 4(80KB) LOS objects, 36% free, 28MB/44MB, paused 1.056ms total 31.261ms
08-03 17:38:25.105 11177 11286 I art     : Starting a blocking GC Explicit
08-03 17:38:25.132 11177 11286 I art     : Explicit concurrent mark sweep GC freed 5756(281KB) AllocSpace objects, 0(0B) LOS objects, 36% free, 28MB/44MB, paused 1.067ms total 26.112ms
08-03 17:38:25.140 11177 11286 I art     : Starting a blocking GC Explicit
08-03 17:38:25.166 11177 11286 I art     : Explicit concurrent mark sweep GC freed 3038(159KB) AllocSpace objects, 0(0B) LOS objects, 36% free, 28MB/44MB, paused 1.132ms total 25.824ms
08-03 17:38:25.175 11177 11286 I art     : Starting a blocking GC Explicit
08-03 17:38:25.200 11177 11286 I art     : Explicit concurrent mark sweep GC freed 2778(142KB) AllocSpace objects, 0(0B) LOS objects, 36% free, 28MB/44MB, paused 1.020ms total 25.545ms
08-03 17:38:25.209 11177 11286 I art     : Starting a blocking GC Explicit
08-03 17:38:25.235 11177 11286 I art     : Explicit concurrent mark sweep GC freed 2744(140KB) AllocSpace objects, 0(0B) LOS objects, 36% free, 28MB/44MB, paused 1.047ms total 25.977ms
08-03 17:38:25.501 11177 11286 I art     : Starting a blocking GC Explicit
08-03 17:38:25.535 11177 11286 I art     : Explicit concurrent mark sweep GC freed 22387(1187KB) AllocSpace objects, 1(20KB) LOS objects, 35% free, 29MB/45MB, paused 1.162ms total 34.139ms
08-03 17:38:25.545 11177 11286 I art     : Starting a blocking GC Explicit
08-03 17:38:25.574 11177 11286 I art     : Explicit concurrent mark sweep GC freed 6502(311KB) AllocSpace objects, 0(0B) LOS objects, 35% free, 28MB/44MB, paused 1.088ms total 28.314ms
08-03 17:38:25.583 11177 11286 I art     : Starting a blocking GC Explicit
08-03 17:38:25.611 11177 11286 I art     : Explicit concurrent mark sweep GC freed 5266(254KB) AllocSpace objects, 0(0B) LOS objects, 35% free, 28MB/44MB, paused 1.013ms total 27.307ms
08-03 17:38:25.620 11177 11286 I art     : Starting a blocking GC Explicit
08-03 17:38:25.648 11177 11286 I art     : Explicit concurrent mark sweep GC freed 2849(143KB) AllocSpace objects, 0(0B) LOS objects, 35% free, 28MB/44MB, paused 1.097ms total 28.073ms
08-03 17:38:25.658 11177 11286 I art     : Starting a blocking GC Explicit
08-03 17:38:25.686 11177 11286 I art     : Explicit concurrent mark sweep GC freed 2885(147KB) AllocSpace objects, 0(0B) LOS objects, 35% free, 28MB/44MB, paused 1.047ms total 28.361ms
08-03 17:38:26.004 11177 11286 I art     : Starting a blocking GC Explicit
08-03 17:38:26.042 11177 11286 I art     : Explicit concurrent mark sweep GC freed 26883(1460KB) AllocSpace objects, 1(20KB) LOS objects, 34% free, 29MB/45MB, paused 1.225ms total 38.028ms
08-03 17:38:26.054 11177 11286 I art     : Starting a blocking GC Explicit
08-03 17:38:26.085 11177 11286 I art     : Explicit concurrent mark sweep GC freed 3942(203KB) AllocSpace objects, 0(0B) LOS objects, 34% free, 29MB/45MB, paused 1.343ms total 31.338ms
08-03 17:38:26.096 11177 11286 I art     : Starting a blocking GC Explicit
08-03 17:38:26.126 11177 11286 I art     : Explicit concurrent mark sweep GC freed 7714(359KB) AllocSpace objects, 0(0B) LOS objects, 35% free, 29MB/45MB, paused 1.093ms total 29.657ms
08-03 17:38:26.135 11177 11286 I art     : Starting a blocking GC Explicit
08-03 17:38:26.142   518   646 I ThermalEngine: ACTION: GPU - Setting GPU[0] to 450000000
08-03 17:38:26.173 11177 11286 I art     : Explicit concurrent mark sweep GC freed 5541(274KB) AllocSpace objects, 0(0B) LOS objects, 35% free, 29MB/45MB, paused 1.261ms total 37.133ms
08-03 17:38:26.185 11177 11286 I art     : Starting a blocking GC Explicit
08-03 17:38:26.224 11177 11286 I art     : Explicit concurrent mark sweep GC freed 3056(159KB) AllocSpace objects, 0(0B) LOS objects, 35% free, 29MB/45MB, paused 1.254ms total 38.904ms
08-03 17:38:26.545 11177 11286 I art     : Starting a blocking GC Explicit
08-03 17:38:26.591 11177 11286 I art     : Explicit concurrent mark sweep GC freed 20364(1153KB) AllocSpace objects, 1(20KB) LOS objects, 34% free, 30MB/46MB, paused 1.469ms total 45.653ms
08-03 17:38:26.604 11177 11286 I art     : Starting a blocking GC Explicit
08-03 17:38:26.644 11177 11286 I art     : Explicit concurrent mark sweep GC freed 7047(341KB) AllocSpace objects, 0(0B) LOS objects, 34% free, 30MB/46MB, paused 1.371ms total 39.934ms
08-03 17:38:26.657 11177 11286 I art     : Starting a blocking GC Explicit
08-03 17:38:26.696 11177 11286 I art     : Explicit concurrent mark sweep GC freed 4814(231KB) AllocSpace objects, 0(0B) LOS objects, 34% free, 30MB/46MB, paused 1.300ms total 39.087ms
08-03 17:38:26.709 11177 11286 I art     : Starting a blocking GC Explicit
08-03 17:38:26.750 11177 11286 I art     : Explicit concurrent mark sweep GC freed 3143(153KB) AllocSpace objects, 0(0B) LOS objects, 34% free, 30MB/46MB, paused 1.499ms total 40.944ms
08-03 17:38:26.764 11177 11286 I art     : Starting a blocking GC Explicit
08-03 17:38:26.804 11177 11286 I art     : Explicit concurrent mark sweep GC freed 3093(161KB) AllocSpace objects, 0(0B) LOS objects, 34% free, 30MB/46MB, paused 1.488ms total 40.299ms
08-03 17:38:27.124 11177 11190 I art     : Starting a blocking GC Explicit
08-03 17:38:27.174 11177 11190 I art     : Explicit concurrent mark sweep GC freed 21025(1174KB) AllocSpace objects, 1(20KB) LOS objects, 34% free, 30MB/46MB, paused 1.599ms total 49.749ms
08-03 17:38:27.190 11177 11190 I art     : Starting a blocking GC Explicit
08-03 17:38:27.233 11177 11190 I art     : Explicit concurrent mark sweep GC freed 4219(180KB) AllocSpace objects, 0(0B) LOS objects, 34% free, 30MB/46MB, paused 1.723ms total 43.582ms
08-03 17:38:27.247 11177 11190 I art     : Starting a blocking GC Explicit
08-03 17:38:27.289 11177 11190 I art     : Explicit concurrent mark sweep GC freed 8326(367KB) AllocSpace objects, 0(0B) LOS objects, 34% free, 30MB/46MB, paused 1.625ms total 41.182ms
08-03 17:38:27.302 11177 11190 I art     : Starting a blocking GC Explicit
08-03 17:38:27.346 11177 11190 I art     : Explicit concurrent mark sweep GC freed 3354(141KB) AllocSpace objects, 0(0B) LOS objects, 34% free, 30MB/46MB, paused 1.574ms total 43.632ms
08-03 17:38:27.360 11177 11190 I art     : Starting a blocking GC Explicit
08-03 17:38:27.401 11177 11190 I art     : Explicit concurrent mark sweep GC freed 3334(141KB) AllocSpace objects, 0(0B) LOS objects, 34% free, 30MB/46MB, paused 1.289ms total 40.659ms
08-03 17:38:27.700 11177 12375 D OnlineFeedViewActivity: Deleted feed source file. Result: true
08-03 17:38:27.710 11177 11177 D OnlineFeedViewActivity: Removing HTML from shownotes
08-03 17:38:27.722 11177 12089 I art     : Starting a blocking GC Explicit
08-03 17:38:27.781 11177 12089 I art     : Explicit concurrent mark sweep GC freed 45632(3MB) AllocSpace objects, 124(8MB) LOS objects, 32% free, 33MB/49MB, paused 1.428ms total 58.025ms
08-03 17:38:27.797 11177 12089 I art     : Starting a blocking GC Explicit
08-03 17:38:27.848 11177 12089 I art     : Explicit concurrent mark sweep GC freed 48046(3MB) AllocSpace objects, 189(12MB) LOS objects, 32% free, 32MB/48MB, paused 1.551ms total 50.731ms
08-03 17:38:27.862 11177 12089 I art     : Starting a blocking GC Explicit
08-03 17:38:27.913 11177 12089 I art     : Explicit concurrent mark sweep GC freed 42179(3MB) AllocSpace objects, 186(12MB) LOS objects, 33% free, 32MB/48MB, paused 1.423ms total 50.117ms
08-03 17:38:27.928 11177 12089 I art     : Starting a blocking GC Explicit
08-03 17:38:27.981 11177 12089 I art     : Explicit concurrent mark sweep GC freed 42424(3MB) AllocSpace objects, 185(12MB) LOS objects, 33% free, 32MB/48MB, paused 1.497ms total 52.685ms
08-03 17:38:27.996 11177 12089 I art     : Starting a blocking GC Explicit
08-03 17:38:28.050 11177 12089 I art     : Explicit concurrent mark sweep GC freed 42653(3MB) AllocSpace objects, 193(12MB) LOS objects, 32% free, 32MB/48MB, paused 1.493ms total 52.999ms
08-03 17:38:28.301 11177 12088 D ApOkHttpUrlLoader: buildLoadData() called with: model = [http://static.libsyn.com/p/assets/7/1/f/3/71f3014e14ef2722/JREiTunesImage2.jpg], width = [350], height = [350]
08-03 17:38:28.301 11177 11177 I Choreographer: Skipped 34 frames!  The application may be doing too much work on its main thread.
08-03 17:38:28.303 11177 11913 D DBReader: getImageAuthentication() called with: imageUrl = [http://static.libsyn.com/p/assets/7/1/f/3/71f3014e14ef2722/JREiTunesImage2.jpg]
08-03 17:38:28.304 11177 11913 D ApOkHttpUrlLoader: no credentials for 'http://static.libsyn.com/p/assets/7/1/f/3/71f3014e14ef2722/JREiTunesImage2.jpg'
08-03 17:38:28.352 11177 11190 I art     : Starting a blocking GC Explicit
08-03 17:38:28.381 11177 11913 D MYTAG   : interceptor 2a
08-03 17:38:28.381 11177 11913 I NAPPA_EXPERIMENTATION: MetricNetworkRequestExecutionTime: REQUEST_DURATION_SYSTEM='77',REQUEST_DURATION_OKHTTP='39',REQUEST_SYNCHRONOUS='TRUE',RESPONSE_CODE='200',RESPONSE_METHOD='GET',RESPONSE_LENGTH_OKHTTP='402832',RESPONSE_LENGTH_HEADER='402832',REQUEST_PROTOCOL='http/1.1',REQUEST_URL='http://static.libsyn.com/p/assets/7/1/f/3/71f3014e14ef2722/JREiTunesImage2.jpg',
08-03 17:38:28.404 11177 11190 I art     : Explicit concurrent mark sweep GC freed 22297(2MB) AllocSpace objects, 131(8MB) LOS objects, 34% free, 31MB/47MB, paused 1.154ms total 51.183ms
08-03 17:38:28.418 11177 11190 I art     : Starting a blocking GC Explicit
08-03 17:38:28.461 11177 11190 I art     : Explicit concurrent mark sweep GC freed 614(29KB) AllocSpace objects, 1(112KB) LOS objects, 34% free, 30MB/46MB, paused 1.093ms total 42.217ms
08-03 17:38:28.474 11177 11190 I art     : Starting a blocking GC Explicit
08-03 17:38:28.518 11177 11190 I art     : Explicit concurrent mark sweep GC freed 76(3KB) AllocSpace objects, 0(0B) LOS objects, 33% free, 31MB/47MB, paused 1.159ms total 43.157ms
08-03 17:38:28.532 11177 11190 I art     : Starting a blocking GC Explicit
08-03 17:38:28.577 11177 11190 I art     : Explicit concurrent mark sweep GC freed 64(5KB) AllocSpace objects, 0(0B) LOS objects, 33% free, 31MB/47MB, paused 1.039ms total 44.555ms
08-03 17:38:28.592 11177 11190 I art     : Starting a blocking GC Explicit
08-03 17:38:28.635 11177 11190 I art     : Explicit concurrent mark sweep GC freed 77(11KB) AllocSpace objects, 0(0B) LOS objects, 33% free, 31MB/47MB, paused 1.079ms total 43.454ms
08-03 17:38:28.912 11056 11056 I ServiceManager: Waiting for service AtCmdFwd...
08-03 17:38:28.942 12447 12447 D AndroidRuntime: >>>>>> START com.android.internal.os.RuntimeInit uid 2000 <<<<<<
08-03 17:38:28.948 12447 12447 D AndroidRuntime: CheckJNI is OFF
08-03 17:38:28.956 11177 11189 I art     : Starting a blocking GC Explicit
08-03 17:38:28.997 12447 12447 D ICU     : No timezone override file found: /data/misc/zoneinfo/current/icu/icu_tzdata.dat
08-03 17:38:29.007 11177 11189 I art     : Explicit concurrent mark sweep GC freed 1370(80KB) AllocSpace objects, 1(20KB) LOS objects, 33% free, 31MB/47MB, paused 1.068ms total 50.693ms
08-03 17:38:29.023 11177 11189 I art     : Starting a blocking GC Explicit
08-03 17:38:29.042 12447 12447 I Radio-JNI: register_android_hardware_Radio DONE
08-03 17:38:29.069 11177 11189 I art     : Explicit concurrent mark sweep GC freed 23(752B) AllocSpace objects, 0(0B) LOS objects, 33% free, 31MB/47MB, paused 1.106ms total 46.006ms
08-03 17:38:29.072 12447 12447 D AndroidRuntime: Calling main entry com.android.commands.input.Input
08-03 17:38:29.075 12447 12447 I Input   : injectMotionEvent: MotionEvent { action=ACTION_DOWN, actionButton=0, id[0]=0, x[0]=693.0, y[0]=821.0, toolType[0]=TOOL_TYPE_UNKNOWN, buttonState=0, metaState=0, flags=0x0, edgeFlags=0x0, pointerCount=1, historySize=0, eventTime=639525487, downTime=639525487, deviceId=0, source=0x1002 }
08-03 17:38:29.081 12447 12447 I Input   : injectMotionEvent: MotionEvent { action=ACTION_UP, actionButton=0, id[0]=0, x[0]=693.0, y[0]=821.0, toolType[0]=TOOL_TYPE_UNKNOWN, buttonState=0, metaState=0, flags=0x0, edgeFlags=0x0, pointerCount=1, historySize=0, eventTime=639525487, downTime=639525487, deviceId=0, source=0x1002 }
08-03 17:38:29.083 12447 12447 D AndroidRuntime: Shutting down VM
08-03 17:38:29.083 11177 11189 I art     : Starting a blocking GC Explicit
08-03 17:38:29.096 11177 11177 D UserPreferences: Using default data folder
08-03 17:38:29.096   512  2967 D audio_hw_primary: out_set_parameters: enter: usecase(1: low-latency-playback) kvpairs: routing=2
08-03 17:38:29.097 11177 11177 D DownloadRequester: partiallyDownloadedFileExists: false
08-03 17:38:29.097 11177 11177 D DownloadRequester: /storage/emulated/0/Android/data/baseline.de.danoeh.antennapod.debug/files/cache/feed-The Joe Rogan Experience is available as a download destination
08-03 17:38:29.099 11177 11177 D DownloadRequester: Requesting download of url http://joeroganexp.joerogan.libsynpro.com/rss
08-03 17:38:29.110   512  2967 D audio_hw_primary: select_devices: out_snd_device(2: speaker) in_snd_device(0: none)
08-03 17:38:29.110   512  2967 D msm8974_platform: platform_send_audio_calibration: sending audio calibration for snd_device(2) acdb_id(15)
08-03 17:38:29.110   512  2967 I soundtrigger: audio_extn_sound_trigger_update_device_status: device 0x2 of type 0 for Event 1
08-03 17:38:29.111 11177 11177 D DownloadService: Service started
08-03 17:38:29.112 11177 11177 D DownloadService: parallel downloads: 4
08-03 17:38:29.114 11177 11177 D DownloadService: Notification set up
08-03 17:38:29.114 11177 12470 D downloadCompletionThd: downloadCompletionThread was started
08-03 17:38:29.120 11177 11177 D DownloadService: Received enqueue request
08-03 17:38:29.120 11177 11177 D OnlineFeedViewActivity: onEventMainThread() called with: event = [DownloadEvent{update=DownloaderUpdate{downloaders=[baseline.de.danoeh.antennapod.core.service.download.HttpDownloader@5c5ef5e], feedIds=[0], mediaIds=[]}}]
08-03 17:38:29.121 11177 11177 D DownloadService: 1 downloads left
08-03 17:38:29.121 11177 11177 D DownloadService: Setting up notification updater
08-03 17:38:29.121   918  3359 D WifiService: acquireWifiLockLocked: WifiLock{Downloader type=1 binder=android.os.BinderProxy@c9eaa23}
08-03 17:38:29.122 11177 12472 D AntennapodHttpClient: Creating new instance of HTTP client
08-03 17:38:29.123   512  2967 D audio_hw_primary: enable_snd_device: snd_device(2: speaker)
08-03 17:38:29.127   512  2967 D audio_hw_primary: enable_audio_route: apply and update mixer path: low-latency-playback speaker
08-03 17:38:29.131 11177 11189 I art     : Explicit concurrent mark sweep GC freed 938(52KB) AllocSpace objects, 0(0B) LOS objects, 33% free, 31MB/47MB, paused 1.542ms total 46.959ms
08-03 17:38:29.146 11177 11189 I art     : Starting a blocking GC Explicit
08-03 17:38:29.187 11177 11189 I art     : Explicit concurrent mark sweep GC freed 179(7KB) AllocSpace objects, 0(0B) LOS objects, 33% free, 31MB/47MB, paused 1.248ms total 40.687ms
08-03 17:38:29.199 11177 12472 D MYTAG   : interceptor 3a http://joeroganexp.joerogan.libsynpro.com/rss
08-03 17:38:29.200 11177 12472 I NAPPA_EXPERIMENTATION: MetricNetworkRequestExecutionTime: REQUEST_DURATION_SYSTEM='77',REQUEST_DURATION_OKHTTP='38',REQUEST_SYNCHRONOUS='TRUE',RESPONSE_CODE='200',RESPONSE_METHOD='GET',RESPONSE_LENGTH_OKHTTP='-1',RESPONSE_LENGTH_HEADER='307892',REQUEST_PROTOCOL='http/1.1',REQUEST_URL='http://joeroganexp.joerogan.libsynpro.com/rss',
08-03 17:38:29.200 11177 12472 D HttpDownloader: Response code is 200
08-03 17:38:29.200 11177 12472 D UserPreferences: Using default data folder
08-03 17:38:29.200 11177 11189 I art     : Starting a blocking GC Explicit
08-03 17:38:29.203 11177 12472 D HttpDownloader: Getting size of download
08-03 17:38:29.205 11177 12472 D HttpDownloader: Size is -1
08-03 17:38:29.205 11177 12472 D UserPreferences: Using default data folder
08-03 17:38:29.205 11177 12472 D HttpDownloader: Free space is 20754051072
08-03 17:38:29.205 11177 12472 D HttpDownloader: Starting download
08-03 17:38:29.241 11177 11189 I art     : Explicit concurrent mark sweep GC freed 201(17KB) AllocSpace objects, 0(0B) LOS objects, 33% free, 31MB/47MB, paused 1.162ms total 40.475ms
08-03 17:38:29.335 11177 12472 D HttpDownloader: Download was successful
08-03 17:38:29.336   918  3359 D WifiService: releaseWifiLockLocked: WifiLock{Downloader type=1 binder=android.os.BinderProxy@c9eaa23}
08-03 17:38:29.337 11177 12470 D downloadCompletionThd: Received 'Download Complete' - message.
08-03 17:38:29.337 11177 12470 D DownloadService: Handling completed Feed Download
08-03 17:38:29.337 11177 11177 D DownloadService: Removing downloader: http://joeroganexp.joerogan.libsynpro.com/rss
08-03 17:38:29.337 11177 11177 D DownloadService: Result of downloads.remove: true
08-03 17:38:29.342 11177 12475 D TypeGetter: Recognized type RSS 2.0
08-03 17:38:29.345 11177 12475 D SyndHandler: Recognized Atom namespace
08-03 17:38:29.345 11177 12475 D SyndHandler: Recognized ITunes namespace
08-03 17:38:29.345 11177 12475 D SyndHandler: Recognized media namespace
08-03 17:38:29.345 11177 12475 D SyndHandler: Recognized Content namespace
08-03 17:38:29.532 11177 11286 I art     : Starting a blocking GC Explicit
08-03 17:38:29.583 11177 11286 I art     : Explicit concurrent mark sweep GC freed 13227(851KB) AllocSpace objects, 4(80KB) LOS objects, 33% free, 32MB/48MB, paused 1.530ms total 51.303ms
08-03 17:38:29.598 11177 11286 I art     : Starting a blocking GC Explicit
08-03 17:38:29.643 11177 11286 I art     : Explicit concurrent mark sweep GC freed 6371(310KB) AllocSpace objects, 0(0B) LOS objects, 33% free, 31MB/47MB, paused 1.486ms total 44.994ms
08-03 17:38:29.657 11177 11286 I art     : Starting a blocking GC Explicit
08-03 17:38:29.669   512  2967 D audio_hw_primary: disable_audio_route: reset and update mixer path: low-latency-playback speaker
08-03 17:38:29.669   512  2967 D audio_hw_primary: disable_snd_device: snd_device(2: speaker)
08-03 17:38:29.678   512  2967 I soundtrigger: audio_extn_sound_trigger_update_device_status: device 0x2 of type 0 for Event 0
08-03 17:38:29.702 11177 11286 I art     : Explicit concurrent mark sweep GC freed 3489(185KB) AllocSpace objects, 0(0B) LOS objects, 33% free, 31MB/47MB, paused 1.508ms total 44.515ms
08-03 17:38:29.716 11177 11286 I art     : Starting a blocking GC Explicit
08-03 17:38:29.760 11177 11286 I art     : Explicit concurrent mark sweep GC freed 3512(183KB) AllocSpace objects, 0(0B) LOS objects, 33% free, 32MB/48MB, paused 1.355ms total 44.001ms
08-03 17:38:29.774 11177 11286 I art     : Starting a blocking GC Explicit
08-03 17:38:29.818 11177 11286 I art     : Explicit concurrent mark sweep GC freed 3581(184KB) AllocSpace objects, 0(0B) LOS objects, 33% free, 32MB/48MB, paused 1.526ms total 44.127ms
08-03 17:38:29.912 11056 11056 I ServiceManager: Waiting for service AtCmdFwd...
08-03 17:38:30.125 11177 11189 I art     : Starting a blocking GC Explicit
08-03 17:38:30.187 11177 11189 I art     : Explicit concurrent mark sweep GC freed 20367(1079KB) AllocSpace objects, 1(20KB) LOS objects, 32% free, 32MB/48MB, paused 1.547ms total 61.326ms
08-03 17:38:30.202 11177 11189 I art     : Starting a blocking GC Explicit
08-03 17:38:30.249 11177 11189 I art     : Explicit concurrent mark sweep GC freed 8887(422KB) AllocSpace objects, 0(0B) LOS objects, 32% free, 32MB/48MB, paused 1.549ms total 46.706ms
08-03 17:38:30.264 11177 11189 I art     : Starting a blocking GC Explicit
08-03 17:38:30.313 11177 11189 I art     : Explicit concurrent mark sweep GC freed 3797(196KB) AllocSpace objects, 0(0B) LOS objects, 32% free, 32MB/48MB, paused 1.472ms total 48.704ms
08-03 17:38:30.327 11177 11189 I art     : Starting a blocking GC Explicit
08-03 17:38:30.377 11177 11189 I art     : Explicit concurrent mark sweep GC freed 3866(192KB) AllocSpace objects, 0(0B) LOS objects, 32% free, 32MB/48MB, paused 1.614ms total 49.337ms
08-03 17:38:30.393 11177 11189 I art     : Starting a blocking GC Explicit
08-03 17:38:30.444 11177 11189 I art     : Explicit concurrent mark sweep GC freed 3762(195KB) AllocSpace objects, 0(0B) LOS objects, 32% free, 32MB/48MB, paused 1.551ms total 50.955ms
08-03 17:38:30.622 11177 11177 D OnlineFeedViewActivity: onEventMainThread() called with: event = [DownloadEvent{update=DownloaderUpdate{downloaders=[], feedIds=[], mediaIds=[]}}]
08-03 17:38:30.762 11177 12089 I art     : Starting a blocking GC Explicit
08-03 17:38:30.825 11177 12089 I art     : Explicit concurrent mark sweep GC freed 21071(1145KB) AllocSpace objects, 1(20KB) LOS objects, 32% free, 33MB/49MB, paused 1.802ms total 62.047ms
08-03 17:38:30.842 11177 12089 I art     : Starting a blocking GC Explicit
08-03 17:38:30.897 11177 12089 I art     : Explicit concurrent mark sweep GC freed 7546(372KB) AllocSpace objects, 0(0B) LOS objects, 32% free, 33MB/49MB, paused 1.854ms total 55.476ms
08-03 17:38:30.913 11056 11056 I ServiceManager: Waiting for service AtCmdFwd...
08-03 17:38:30.913 11177 12089 I art     : Starting a blocking GC Explicit
08-03 17:38:30.970 11177 12089 I art     : Explicit concurrent mark sweep GC freed 5979(297KB) AllocSpace objects, 0(0B) LOS objects, 32% free, 33MB/49MB, paused 1.799ms total 56.312ms
08-03 17:38:30.986 11177 12089 I art     : Starting a blocking GC Explicit
08-03 17:38:31.040 11177 12089 I art     : Explicit concurrent mark sweep GC freed 4080(200KB) AllocSpace objects, 0(0B) LOS objects, 32% free, 33MB/49MB, paused 1.901ms total 53.310ms
08-03 17:38:31.056 11177 12089 I art     : Starting a blocking GC Explicit
08-03 17:38:31.113 11177 12089 I art     : Explicit concurrent mark sweep GC freed 4062(213KB) AllocSpace objects, 0(0B) LOS objects, 32% free, 33MB/49MB, paused 1.635ms total 56.708ms
08-03 17:38:31.447 11177 11286 I art     : Starting a blocking GC Explicit
08-03 17:38:31.518 11177 11286 I art     : Explicit concurrent mark sweep GC freed 21970(1242KB) AllocSpace objects, 1(20KB) LOS objects, 31% free, 34MB/50MB, paused 1.884ms total 70.616ms
08-03 17:38:31.535 11177 11286 I art     : Starting a blocking GC Explicit
08-03 17:38:31.592 11177 11286 I art     : Explicit concurrent mark sweep GC freed 8240(400KB) AllocSpace objects, 0(0B) LOS objects, 32% free, 33MB/49MB, paused 3.414ms total 56.161ms
08-03 17:38:31.608 11177 11286 I art     : Starting a blocking GC Explicit
08-03 17:38:31.665 11177 11286 I art     : Explicit concurrent mark sweep GC freed 5886(281KB) AllocSpace objects, 0(0B) LOS objects, 32% free, 33MB/49MB, paused 1.838ms total 57.064ms
08-03 17:38:31.682 11177 11286 I art     : Starting a blocking GC Explicit
08-03 17:38:31.739 11177 11286 I art     : Explicit concurrent mark sweep GC freed 4216(216KB) AllocSpace objects, 0(0B) LOS objects, 32% free, 33MB/49MB, paused 1.633ms total 56.236ms
08-03 17:38:31.755 11177 11286 I art     : Starting a blocking GC Explicit
08-03 17:38:31.813 11177 11286 I art     : Explicit concurrent mark sweep GC freed 4154(220KB) AllocSpace objects, 0(0B) LOS objects, 31% free, 34MB/50MB, paused 1.712ms total 57.384ms
08-03 17:38:31.914 11056 11056 I ServiceManager: Waiting for service AtCmdFwd...
08-03 17:38:32.125 11177 11177 D OnlineFeedViewActivity: onEventMainThread() called with: event = [DownloadEvent{update=DownloaderUpdate{downloaders=[], feedIds=[], mediaIds=[]}}]
08-03 17:38:32.136 11177 11189 I art     : Starting a blocking GC Explicit
08-03 17:38:32.207 11177 11189 I art     : Explicit concurrent mark sweep GC freed 21799(1162KB) AllocSpace objects, 1(20KB) LOS objects, 31% free, 34MB/50MB, paused 1.704ms total 70.412ms
08-03 17:38:32.208 11177 11188 I art     : WaitForGcToComplete blocked for 32.753ms for cause HeapTrim
08-03 17:38:32.226 11177 11189 I art     : Starting a blocking GC Explicit
08-03 17:38:32.283 11177 11189 I art     : Explicit concurrent mark sweep GC freed 8732(381KB) AllocSpace objects, 0(0B) LOS objects, 31% free, 34MB/50MB, paused 1.759ms total 57.113ms
08-03 17:38:32.299 11177 11189 I art     : Starting a blocking GC Explicit
08-03 17:38:32.355 11177 11189 I art     : Explicit concurrent mark sweep GC freed 5623(242KB) AllocSpace objects, 0(0B) LOS objects, 31% free, 34MB/50MB, paused 1.702ms total 55.777ms
08-03 17:38:32.372 11177 11189 I art     : Starting a blocking GC Explicit
08-03 17:38:32.427 11177 11189 I art     : Explicit concurrent mark sweep GC freed 4228(188KB) AllocSpace objects, 0(0B) LOS objects, 31% free, 34MB/50MB, paused 1.455ms total 54.372ms
08-03 17:38:32.442 11177 11189 I art     : Starting a blocking GC Explicit
08-03 17:38:32.497 11177 11189 I art     : Explicit concurrent mark sweep GC freed 4247(183KB) AllocSpace objects, 0(0B) LOS objects, 31% free, 34MB/50MB, paused 1.716ms total 54.226ms
08-03 17:38:32.671 11177 12475 D FeedSyncThread: The Joe Rogan Experience parsed
08-03 17:38:32.679 11177 12475 D FeedSyncThread: Deletion of file '/storage/emulated/0/Android/data/baseline.de.danoeh.antennapod.debug/files/cache/feed-The Joe Rogan Experience' successful
08-03 17:38:32.679 11177 12475 D DBReader: getFeedDownloadLog() called with: feed = [baseline.de.danoeh.antennapod.core.feed.Feed@0]
08-03 17:38:32.681 11177 12471 D FeedSyncThread: Bundling 1 feeds
08-03 17:38:32.682 11177 12528 D DBReader: Extracting Feedlist
08-03 17:38:32.683 11177 12528 D DBTasks : Found no existing Feed with title The Joe Rogan Experience. Adding as new one.
08-03 17:38:32.687 11177 12205 D PodDBAdapter: Setting feed with flattr status The Joe Rogan Experience: 0
08-03 17:38:32.688 11177 12205 D baseline.de.danoeh.antennapod.core.storage.PodDBAdapter@c6ea0d0: Inserting new Feed into db
08-03 17:38:32.838 11177 12089 I art     : Starting a blocking GC Explicit
08-03 17:38:32.909 11177 12089 I art     : Explicit concurrent mark sweep GC freed 71588(4MB) AllocSpace objects, 1(20KB) LOS objects, 31% free, 35MB/51MB, paused 1.518ms total 70.681ms
08-03 17:38:32.914 11056 11056 I ServiceManager: Waiting for service AtCmdFwd...
08-03 17:38:32.928 11177 12089 I art     : Starting a blocking GC Explicit
08-03 17:38:32.983 11177 12089 I art     : Explicit concurrent mark sweep GC freed 23251(1651KB) AllocSpace objects, 0(0B) LOS objects, 31% free, 34MB/50MB, paused 1.442ms total 55.509ms
08-03 17:38:33.000 11177 12089 I art     : Starting a blocking GC Explicit
08-03 17:38:33.059 11177 12089 I art     : Explicit concurrent mark sweep GC freed 20834(1556KB) AllocSpace objects, 0(0B) LOS objects, 31% free, 34MB/50MB, paused 1.444ms total 58.822ms
08-03 17:38:33.076 11177 12089 I art     : Starting a blocking GC Explicit
08-03 17:38:33.137 11177 12089 I art     : Explicit concurrent mark sweep GC freed 21503(1611KB) AllocSpace objects, 0(0B) LOS objects, 31% free, 34MB/50MB, paused 1.529ms total 60.812ms
08-03 17:38:33.155 11177 12089 I art     : Starting a blocking GC Explicit
08-03 17:38:33.202 11177 11177 D EventDistributor: Processing event queue. Number of events: 1
08-03 17:38:33.202 11177 11177 D EventDistributor: Notifying observers. Data: 1
08-03 17:38:33.202 11177 11177 D DownloadService: 0 downloads left
08-03 17:38:33.202 11177 11707 D DBReader: Extracting Feedlist
08-03 17:38:33.202 11177 11177 D DownloadService: Number of downloads is 0, attempting shutdown
08-03 17:38:33.203 11177 11177 D DownloadService: Service shutting down
08-03 17:38:33.203 11177 11177 D DownloadService: No report is created
08-03 17:38:33.204 11177 11177 D OnlineFeedViewActivity: onEventMainThread() called with: event = [DownloadEvent{update=DownloaderUpdate{downloaders=[], feedIds=[], mediaIds=[]}}]
08-03 17:38:33.205 11177 12470 E downloadCompletionThd: DownloadCompletionThread was interrupted
08-03 17:38:33.206 11177 11177 D DownloadService: NotificationUpdater cancelled. Result: false
08-03 17:38:33.207 11177 11177 D DBTasks : autodownloadUndownloadedItems
08-03 17:38:33.208 11177 12206 D NetworkUtils: Device is connected to Wi-Fi
08-03 17:38:33.208 11177 12206 D NetworkUtils: Auto-dl filter is disabled
08-03 17:38:33.211 11177 12089 I art     : Explicit concurrent mark sweep GC freed 764(72KB) AllocSpace objects, 1(20KB) LOS objects, 31% free, 34MB/50MB, paused 1.557ms total 55.877ms
08-03 17:38:33.505 11177 11189 I art     : Starting a blocking GC Explicit
08-03 17:38:33.564 11177 11189 I art     : Explicit concurrent mark sweep GC freed 31975(3MB) AllocSpace objects, 1(20KB) LOS objects, 33% free, 31MB/47MB, paused 1.211ms total 57.955ms
08-03 17:38:33.579 11177 11189 I art     : Starting a blocking GC Explicit
08-03 17:38:33.625 11177 11189 I art     : Explicit concurrent mark sweep GC freed 27(864B) AllocSpace objects, 0(0B) LOS objects, 33% free, 31MB/47MB, paused 1.202ms total 45.618ms
08-03 17:38:33.640 11177 11189 I art     : Starting a blocking GC Explicit
08-03 17:38:33.688 11177 11189 I art     : Explicit concurrent mark sweep GC freed 3(96B) AllocSpace objects, 0(0B) LOS objects, 33% free, 31MB/47MB, paused 1.268ms total 48.024ms
08-03 17:38:33.704 11177 11189 I art     : Starting a blocking GC Explicit
08-03 17:38:33.753 11177 11189 I art     : Explicit concurrent mark sweep GC freed 3(96B) AllocSpace objects, 0(0B) LOS objects, 33% free, 31MB/47MB, paused 1.217ms total 48.454ms
08-03 17:38:33.768 11177 11189 I art     : Starting a blocking GC Explicit
08-03 17:38:33.817 11177 11189 I art     : Explicit concurrent mark sweep GC freed 3(96B) AllocSpace objects, 0(0B) LOS objects, 33% free, 31MB/47MB, paused 1.212ms total 48.829ms
08-03 17:38:33.884 12537 12537 D AndroidRuntime: >>>>>> START com.android.internal.os.RuntimeInit uid 2000 <<<<<<
08-03 17:38:33.891 12537 12537 D AndroidRuntime: CheckJNI is OFF
08-03 17:38:33.915 11056 11056 W Atfwd_Sendcmd: AtCmdFwd service not published, waiting... retryCnt : 3
08-03 17:38:33.938 12537 12537 D ICU     : No timezone override file found: /data/misc/zoneinfo/current/icu/icu_tzdata.dat
08-03 17:38:33.985 12537 12537 I Radio-JNI: register_android_hardware_Radio DONE
08-03 17:38:34.015 12537 12537 D AndroidRuntime: Calling main entry com.android.commands.input.Input
08-03 17:38:34.017 12537 12537 I Input   : injectKeyEvent: KeyEvent { action=ACTION_DOWN, keyCode=KEYCODE_BACK, scanCode=0, metaState=0, flags=0x0, repeatCount=0, eventTime=639530430, downTime=639530430, deviceId=-1, source=0x101 }
08-03 17:38:34.023 12537 12537 I Input   : injectKeyEvent: KeyEvent { action=ACTION_UP, keyCode=KEYCODE_BACK, scanCode=0, metaState=0, flags=0x0, repeatCount=0, eventTime=639530430, downTime=639530430, deviceId=-1, source=0x101 }
08-03 17:38:34.030 12537 12537 D AndroidRuntime: Shutting down VM
08-03 17:38:34.037 11177 11177 V PlaybackController: initServiceNotRunning()
08-03 17:38:34.037 11177 11177 D ExternalPlayerFragment: Loading media info
08-03 17:38:34.042 11177 11177 D UserPreferences: Using default data folder
08-03 17:38:34.043 11177 11707 D DBReader: getNavDrawerData() called with: 
08-03 17:38:34.049   918   937 W ProcessCpuTracker: Skipping unknown process pid 12556
08-03 17:38:34.058 11177 11707 D DBReader: getDownloadedItems() called
08-03 17:38:34.059 11177 11707 D DBReader: getFavoriteIDList() called
08-03 17:38:34.060 11177 11707 D DBReader: getQueueIDList() called
08-03 17:38:34.060 11177 11707 D DBReader: Extracting Feedlist
08-03 17:38:34.071 13866 13866 I GoogleInputMethodServic: GoogleInputMethodService.onFinishInput():3138 
08-03 17:38:34.072 13866 13866 I GoogleInputMethodServic: GoogleInputMethodService.onStartInput():1808 
08-03 17:38:34.073 11177 11177 D MainActivity: getLastNavFragment() -> AddFeedFragment
08-03 17:38:34.077 11177 12088 D ApOkHttpUrlLoader: buildLoadData() called with: model = [http://static.libsyn.com/p/assets/7/1/f/3/71f3014e14ef2722/JREiTunesImage2.jpg], width = [140], height = [140]
08-03 17:38:34.117 11177 12088 D ApOkHttpUrlLoader: buildLoadData() called with: model = [http://static.libsyn.com/p/assets/7/1/f/3/71f3014e14ef2722/JREiTunesImage2.jpg], width = [140], height = [140]
08-03 17:38:34.145 11177 12089 I art     : Starting a blocking GC Explicit
08-03 17:38:34.189 11177 12089 I art     : Explicit concurrent mark sweep GC freed 2877(186KB) AllocSpace objects, 1(20KB) LOS objects, 33% free, 31MB/47MB, paused 1.357ms total 43.879ms
08-03 17:38:34.207 11177 12089 I art     : Starting a blocking GC Explicit
08-03 17:38:34.260 11177 12089 I art     : Explicit concurrent mark sweep GC freed 519(26KB) AllocSpace objects, 0(0B) LOS objects, 33% free, 31MB/47MB, paused 1.151ms total 52.698ms
08-03 17:38:34.278 11177 12089 I art     : Starting a blocking GC Explicit
08-03 17:38:34.333 11177 12089 I art     : Explicit concurrent mark sweep GC freed 3(96B) AllocSpace objects, 0(0B) LOS objects, 33% free, 31MB/47MB, paused 1.112ms total 54.530ms
08-03 17:38:34.337   918 13198 D NetlinkSocketObserver: NeighborEvent{elapsedMs=1622918212, 192.168.2.254, [7C3953A63323], RTM_NEWNEIGH, NUD_PROBE}
08-03 17:38:34.353 11177 12089 I art     : Starting a blocking GC Explicit
08-03 17:38:34.397   380   380 W SurfaceFlinger: couldn't log to binary event log: overflow.
08-03 17:38:34.404 11177 12089 I art     : Explicit concurrent mark sweep GC freed 458(19KB) AllocSpace objects, 0(0B) LOS objects, 33% free, 31MB/47MB, paused 1.964ms total 51.451ms
08-03 17:38:34.420 11177 12089 I art     : Starting a blocking GC Explicit
08-03 17:38:34.462 11177 12089 I art     : Explicit concurrent mark sweep GC freed 185(7KB) AllocSpace objects, 0(0B) LOS objects, 33% free, 31MB/47MB, paused 1.104ms total 42.130ms
08-03 17:38:34.777 11177 11286 I art     : Starting a blocking GC Explicit
08-03 17:38:34.834 11177 11286 I art     : Explicit concurrent mark sweep GC freed 34713(3MB) AllocSpace objects, 3(268KB) LOS objects, 36% free, 28MB/44MB, paused 1.186ms total 56.893ms
08-03 17:38:34.846 11177 11286 I art     : Starting a blocking GC Explicit
08-03 17:38:34.880 11177 11286 I art     : Explicit concurrent mark sweep GC freed 23(752B) AllocSpace objects, 0(0B) LOS objects, 36% free, 28MB/44MB, paused 1.166ms total 34.182ms
08-03 17:38:34.892 11177 11286 I art     : Starting a blocking GC Explicit
08-03 17:38:34.927 11177 11286 I art     : Explicit concurrent mark sweep GC freed 3(96B) AllocSpace objects, 0(0B) LOS objects, 36% free, 28MB/44MB, paused 1.163ms total 34.052ms
08-03 17:38:34.938 11177 11286 I art     : Starting a blocking GC Explicit
08-03 17:38:34.973 11177 11286 I art     : Explicit concurrent mark sweep GC freed 3(96B) AllocSpace objects, 0(0B) LOS objects, 36% free, 28MB/44MB, paused 1.186ms total 34.288ms
08-03 17:38:34.985 11177 11286 I art     : Starting a blocking GC Explicit
08-03 17:38:35.020 11177 11286 I art     : Explicit concurrent mark sweep GC freed 3(96B) AllocSpace objects, 0(0B) LOS objects, 36% free, 28MB/44MB, paused 1.168ms total 34.899ms
08-03 17:38:35.109 24365 30222 I NetworkScheduler.Stats: Task com.google.android.gms/com.google.android.gms.icing.service.IcingGcmTaskService started execution. cause:4 exec_start_elapsed_seconds: 1622918 [CONTEXT service_id=218 ]
08-03 17:38:35.121 24365 31829 I NetworkScheduler.Stats: Task com.google.android.gms/com.google.android.gms.icing.service.IcingGcmTaskService finished executing. cause:4 result: 1 elapsed_millis: 33 uptime_millis: 32 exec_start_elapsed_seconds: 1622918 [CONTEXT service_id=218 ]
08-03 17:38:35.138 24365 31829 I NetworkScheduler.Stats: Task com.google.android.apps.gcs/ started execution. cause:5 exec_start_elapsed_seconds: 1622919 [CONTEXT service_id=218 ]
08-03 17:38:35.139  7580 12581 W Gcs.WfaEliRefreshTask: [21872] afk.b: NULL eligibility response.
08-03 17:38:35.142 24365 31829 I NetworkScheduler.Stats: Task com.google.android.apps.gcs/ finished executing. cause:5 result: 3 elapsed_millis: 7 uptime_millis: 8 exec_start_elapsed_seconds: 1622919 [CONTEXT service_id=218 ]
08-03 17:38:35.325 11177 11190 I art     : Starting a blocking GC Explicit
08-03 17:38:35.360 11177 11190 I art     : Explicit concurrent mark sweep GC freed 1370(82KB) AllocSpace objects, 1(20KB) LOS objects, 36% free, 28MB/44MB, paused 1.272ms total 34.615ms
08-03 17:38:35.372 11177 11190 I art     : Starting a blocking GC Explicit
08-03 17:38:35.405 11177 11190 I art     : Explicit concurrent mark sweep GC freed 23(752B) AllocSpace objects, 0(0B) LOS objects, 36% free, 28MB/44MB, paused 1.220ms total 32.716ms
08-03 17:38:35.416 11177 11190 I art     : Starting a blocking GC Explicit
08-03 17:38:35.450 11177 11190 I art     : Explicit concurrent mark sweep GC freed 3(96B) AllocSpace objects, 0(0B) LOS objects, 36% free, 28MB/44MB, paused 1.166ms total 33.060ms
08-03 17:38:35.461 11177 11190 I art     : Starting a blocking GC Explicit
08-03 17:38:35.495 11177 11190 I art     : Explicit concurrent mark sweep GC freed 3(96B) AllocSpace objects, 0(0B) LOS objects, 36% free, 28MB/44MB, paused 1.169ms total 33.176ms
08-03 17:38:35.506 11177 11190 I art     : Starting a blocking GC Explicit
08-03 17:38:35.539 11177 11190 I art     : Explicit concurrent mark sweep GC freed 32(880B) AllocSpace objects, 0(0B) LOS objects, 36% free, 28MB/44MB, paused 1.197ms total 32.775ms
08-03 17:38:35.816 12592 12592 D AndroidRuntime: >>>>>> START com.android.internal.os.RuntimeInit uid 2000 <<<<<<
08-03 17:38:35.821 12592 12592 D AndroidRuntime: CheckJNI is OFF
08-03 17:38:35.845 11177 11190 I art     : Starting a blocking GC Explicit
08-03 17:38:35.866 12592 12592 D ICU     : No timezone override file found: /data/misc/zoneinfo/current/icu/icu_tzdata.dat
08-03 17:38:35.881 11177 11190 I art     : Explicit concurrent mark sweep GC freed 1394(81KB) AllocSpace objects, 1(20KB) LOS objects, 36% free, 28MB/44MB, paused 1.280ms total 36.093ms
08-03 17:38:35.894 11177 11190 I art     : Starting a blocking GC Explicit
08-03 17:38:35.913 12592 12592 I Radio-JNI: register_android_hardware_Radio DONE
08-03 17:38:35.928 11177 11190 I art     : Explicit concurrent mark sweep GC freed 26(848B) AllocSpace objects, 0(0B) LOS objects, 36% free, 28MB/44MB, paused 1.186ms total 34.142ms
08-03 17:38:35.939 11177 11190 I art     : Starting a blocking GC Explicit
08-03 17:38:35.943 12592 12592 D AndroidRuntime: Calling main entry com.android.commands.input.Input
08-03 17:38:35.945 12592 12592 I Input   : injectMotionEvent: MotionEvent { action=ACTION_DOWN, actionButton=0, id[0]=0, x[0]=639.0, y[0]=762.0, toolType[0]=TOOL_TYPE_UNKNOWN, buttonState=0, metaState=0, flags=0x0, edgeFlags=0x0, pointerCount=1, historySize=0, eventTime=639532357, downTime=639532357, deviceId=0, source=0x1002 }
08-03 17:38:35.951 12592 12592 I Input   : injectMotionEvent: MotionEvent { action=ACTION_UP, actionButton=0, id[0]=0, x[0]=639.0, y[0]=762.0, toolType[0]=TOOL_TYPE_UNKNOWN, buttonState=0, metaState=0, flags=0x0, edgeFlags=0x0, pointerCount=1, historySize=0, eventTime=639532357, downTime=639532357, deviceId=0, source=0x1002 }
08-03 17:38:35.954 12592 12592 D AndroidRuntime: Shutting down VM
08-03 17:38:35.971 11177 11190 I art     : Explicit concurrent mark sweep GC freed 244(12KB) AllocSpace objects, 0(0B) LOS objects, 36% free, 28MB/44MB, paused 1.274ms total 31.669ms
08-03 17:38:35.983 11177 11190 I art     : Starting a blocking GC Explicit
08-03 17:38:36.013 11177 11190 I art     : Explicit concurrent mark sweep GC freed 8(336B) AllocSpace objects, 0(0B) LOS objects, 36% free, 28MB/44MB, paused 1.119ms total 30.720ms
08-03 17:38:36.021   512  2967 D audio_hw_primary: out_set_parameters: enter: usecase(1: low-latency-playback) kvpairs: routing=2
08-03 17:38:36.026 11177 11190 I art     : Starting a blocking GC Explicit
08-03 17:38:36.034   512  2967 D audio_hw_primary: select_devices: out_snd_device(2: speaker) in_snd_device(0: none)
08-03 17:38:36.034   512  2967 D msm8974_platform: platform_send_audio_calibration: sending audio calibration for snd_device(2) acdb_id(15)
08-03 17:38:36.035   512  2967 I soundtrigger: audio_extn_sound_trigger_update_device_status: device 0x2 of type 0 for Event 1
08-03 17:38:36.040 13866 13866 I GoogleInputMethodServic: GoogleInputMethodService.onFinishInput():3138 
08-03 17:38:36.042 13866 13866 I GoogleInputMethodServic: GoogleInputMethodService.onStartInput():1808 
08-03 17:38:36.047   512  2967 D audio_hw_primary: enable_snd_device: snd_device(2: speaker)
08-03 17:38:36.049   512  2967 D audio_hw_primary: enable_audio_route: apply and update mixer path: low-latency-playback speaker
08-03 17:38:36.062 11177 11190 I art     : Explicit concurrent mark sweep GC freed 209(8KB) AllocSpace objects, 0(0B) LOS objects, 36% free, 28MB/44MB, paused 1.197ms total 35.456ms
08-03 17:38:36.272 11177 11203 I NAPPA_EXPERIMENTATION: MetricNetworkRequestExecutionTime: REQUEST_DURATION_SYSTEM='251',REQUEST_DURATION_OKHTTP='248',REQUEST_SYNCHRONOUS='TRUE',RESPONSE_CODE='200',RESPONSE_METHOD='GET',RESPONSE_LENGTH_OKHTTP='-1',RESPONSE_LENGTH_HEADER='622',REQUEST_PROTOCOL='h2',REQUEST_URL='https://itunes.apple.com/lookup?id=360084272',
08-03 17:38:36.302   918  5481 I ActivityManager: START u0 {cmp=baseline.de.danoeh.antennapod.debug/baseline.de.danoeh.antennapod.activity.OnlineFeedViewActivity (has extras)} from uid 10633 on display 0
08-03 17:38:36.325 13866 13866 I GoogleInputMethodServic: GoogleInputMethodService.onFinishInput():3138 
08-03 17:38:36.325 13866 13866 I GoogleInputMethodServic: GoogleInputMethodService.onStartInput():1808 
08-03 17:38:36.348 11177 11177 D UserPreferences: Using default data folder
08-03 17:38:36.349 11177 11177 D OnlineFeedViewActivity: Activity was started with url http://joeroganexp.joerogan.libsynpro.com/rss
08-03 17:38:36.351 11177 11177 D OnlineFeedViewActivity: Starting feed download
08-03 17:38:36.354 11177 11197 D DBReader: Extracting Feedlist
08-03 17:38:36.354 11177 12089 I art     : Starting a blocking GC Explicit
08-03 17:38:36.359   918  3670 D WifiService: acquireWifiLockLocked: WifiLock{Downloader type=1 binder=android.os.BinderProxy@5e008b}
08-03 17:38:36.360 11177 11197 D AntennapodHttpClient: Creating new instance of HTTP client
08-03 17:38:36.388 11177 12089 I art     : Explicit concurrent mark sweep GC freed 3052(205KB) AllocSpace objects, 1(20KB) LOS objects, 36% free, 28MB/44MB, paused 1.399ms total 33.424ms
08-03 17:38:36.399 11177 12089 I art     : Starting a blocking GC Explicit
08-03 17:38:36.408 11177 11197 D MYTAG   : interceptor 3a http://joeroganexp.joerogan.libsynpro.com/rss
08-03 17:38:36.408 11177 11197 I NAPPA_EXPERIMENTATION: MetricNetworkRequestExecutionTime: REQUEST_DURATION_SYSTEM='47',REQUEST_DURATION_OKHTTP='40',REQUEST_SYNCHRONOUS='TRUE',RESPONSE_CODE='200',RESPONSE_METHOD='GET',RESPONSE_LENGTH_OKHTTP='-1',RESPONSE_LENGTH_HEADER='307892',REQUEST_PROTOCOL='http/1.1',REQUEST_URL='http://joeroganexp.joerogan.libsynpro.com/rss',
08-03 17:38:36.408 11177 11197 D HttpDownloader: Response code is 200
08-03 17:38:36.408 11177 11197 D UserPreferences: Using default data folder
08-03 17:38:36.410 11177 11197 D HttpDownloader: Getting size of download
08-03 17:38:36.410 11177 11197 D HttpDownloader: Size is -1
08-03 17:38:36.410 11177 11197 D UserPreferences: Using default data folder
08-03 17:38:36.410 11177 11197 D HttpDownloader: Free space is 20752822272
08-03 17:38:36.410 11177 11197 D HttpDownloader: Starting download
08-03 17:38:36.411 13866 13866 I GoogleInputMethodServic: GoogleInputMethodService.onFinishInput():3138 
08-03 17:38:36.412 13866 13866 I GoogleInputMethodServic: GoogleInputMethodService.onStartInput():1808 
08-03 17:38:36.433 11177 12089 I art     : Explicit concurrent mark sweep GC freed 578(32KB) AllocSpace objects, 0(0B) LOS objects, 35% free, 28MB/44MB, paused 1.192ms total 33.113ms
08-03 17:38:36.435   918   936 I ActivityManager: Displayed baseline.de.danoeh.antennapod.debug/baseline.de.danoeh.antennapod.activity.OnlineFeedViewActivity: +109ms
08-03 17:38:36.444 11177 12089 I art     : Starting a blocking GC Explicit
08-03 17:38:36.473 11177 11198 D OpenGLRenderer: endAllStagingAnimators on 0x7f7f1ad800 (GridView) with handle 0x7f7bf9a600
08-03 17:38:36.477 11177 12089 I art     : Explicit concurrent mark sweep GC freed 125(5KB) AllocSpace objects, 0(0B) LOS objects, 36% free, 28MB/44MB, paused 1.291ms total 32.962ms
08-03 17:38:36.489 11177 12089 I art     : Starting a blocking GC Explicit
08-03 17:38:36.521 11177 12089 I art     : Explicit concurrent mark sweep GC freed 49(1984B) AllocSpace objects, 0(0B) LOS objects, 36% free, 28MB/44MB, paused 1.176ms total 32.004ms
08-03 17:38:36.532 11177 12089 I art     : Starting a blocking GC Explicit
08-03 17:38:36.562 11177 12089 I art     : Explicit concurrent mark sweep GC freed 5(160B) AllocSpace objects, 0(0B) LOS objects, 36% free, 28MB/44MB, paused 1.095ms total 29.547ms
08-03 17:38:36.588   512  2967 D audio_hw_primary: disable_audio_route: reset and update mixer path: low-latency-playback speaker
08-03 17:38:36.589   512  2967 D audio_hw_primary: disable_snd_device: snd_device(2: speaker)
08-03 17:38:36.598   512  2967 I soundtrigger: audio_extn_sound_trigger_update_device_status: device 0x2 of type 0 for Event 0
08-03 17:38:36.609 11177 11197 D HttpDownloader: Download was successful
08-03 17:38:36.610   918  3670 D WifiService: releaseWifiLockLocked: WifiLock{Downloader type=1 binder=android.os.BinderProxy@5e008b}
08-03 17:38:36.611 11177 11177 D OnlineFeedViewActivity: Parsing feed
08-03 17:38:36.615 11177 12628 D TypeGetter: Recognized type RSS 2.0
08-03 17:38:36.619 11177 12628 D SyndHandler: Recognized Atom namespace
08-03 17:38:36.620 11177 12628 D SyndHandler: Recognized ITunes namespace
08-03 17:38:36.620 11177 12628 D SyndHandler: Recognized media namespace
08-03 17:38:36.620 11177 12628 D SyndHandler: Recognized Content namespace
08-03 17:38:36.683   380   380 W SurfaceFlinger: couldn't log to binary event log: overflow.
08-03 17:38:36.819 11177 11177 D PlaybackController: Releasing PlaybackController
08-03 17:38:36.851 11177 11189 I art     : Starting a blocking GC Explicit
08-03 17:38:36.892 11177 11189 I art     : Explicit concurrent mark sweep GC freed 14827(937KB) AllocSpace objects, 4(80KB) LOS objects, 35% free, 28MB/44MB, paused 1.627ms total 40.374ms
08-03 17:38:36.904 11177 11189 I art     : Starting a blocking GC Explicit
08-03 17:38:36.939 11177 11189 I art     : Explicit concurrent mark sweep GC freed 5616(275KB) AllocSpace objects, 0(0B) LOS objects, 35% free, 28MB/44MB, paused 1.406ms total 35.310ms
08-03 17:38:36.951 11177 11189 I art     : Starting a blocking GC Explicit
08-03 17:38:36.986 11177 11189 I art     : Explicit concurrent mark sweep GC freed 3239(168KB) AllocSpace objects, 0(0B) LOS objects, 35% free, 28MB/44MB, paused 1.515ms total 34.419ms
08-03 17:38:36.997 11177 11189 I art     : Starting a blocking GC Explicit
08-03 17:38:37.031 11177 11189 I art     : Explicit concurrent mark sweep GC freed 2714(138KB) AllocSpace objects, 0(0B) LOS objects, 35% free, 28MB/44MB, paused 1.475ms total 33.783ms
08-03 17:38:37.042 11177 11189 I art     : Starting a blocking GC Explicit
08-03 17:38:37.077 11177 11189 I art     : Explicit concurrent mark sweep GC freed 2699(137KB) AllocSpace objects, 0(0B) LOS objects, 35% free, 28MB/44MB, paused 1.532ms total 34.245ms
08-03 17:38:37.372 11177 11190 I art     : Starting a blocking GC Explicit
08-03 17:38:37.416 11177 11190 I art     : Explicit concurrent mark sweep GC freed 19391(1037KB) AllocSpace objects, 1(20KB) LOS objects, 35% free, 29MB/45MB, paused 1.496ms total 43.806ms
08-03 17:38:37.430 11177 11190 I art     : Starting a blocking GC Explicit
08-03 17:38:37.465 11177 11190 I art     : Explicit concurrent mark sweep GC freed 6023(287KB) AllocSpace objects, 0(0B) LOS objects, 35% free, 29MB/45MB, paused 1.591ms total 35.696ms
08-03 17:38:37.478 11177 11190 I art     : Starting a blocking GC Explicit
08-03 17:38:37.514 11177 11190 I art     : Explicit concurrent mark sweep GC freed 4974(241KB) AllocSpace objects, 0(0B) LOS objects, 35% free, 29MB/45MB, paused 1.486ms total 35.351ms
08-03 17:38:37.526 11177 11190 I art     : Starting a blocking GC Explicit
08-03 17:38:37.563 11177 11190 I art     : Explicit concurrent mark sweep GC freed 2820(142KB) AllocSpace objects, 0(0B) LOS objects, 35% free, 29MB/45MB, paused 1.532ms total 37.264ms
08-03 17:38:37.575 11177 11190 I art     : Starting a blocking GC Explicit
08-03 17:38:37.612 11177 11190 I art     : Explicit concurrent mark sweep GC freed 2763(140KB) AllocSpace objects, 0(0B) LOS objects, 35% free, 29MB/45MB, paused 1.435ms total 36.790ms
08-03 17:38:37.943 11177 12570 I art     : Starting a blocking GC Explicit
08-03 17:38:37.990 11177 12570 I art     : Explicit concurrent mark sweep GC freed 21452(1166KB) AllocSpace objects, 1(20KB) LOS objects, 34% free, 30MB/46MB, paused 1.486ms total 46.342ms
08-03 17:38:38.003 11177 12570 I art     : Starting a blocking GC Explicit
08-03 17:38:38.040 11177 12570 I art     : Explicit concurrent mark sweep GC freed 8272(395KB) AllocSpace objects, 0(0B) LOS objects, 34% free, 29MB/45MB, paused 1.642ms total 36.722ms
08-03 17:38:38.052 11177 12570 I art     : Starting a blocking GC Explicit
08-03 17:38:38.090 11177 12570 I art     : Explicit concurrent mark sweep GC freed 3417(167KB) AllocSpace objects, 0(0B) LOS objects, 34% free, 29MB/45MB, paused 1.591ms total 37.474ms
08-03 17:38:38.102 11177 12570 I art     : Starting a blocking GC Explicit
08-03 17:38:38.141 11177 12570 I art     : Explicit concurrent mark sweep GC freed 2934(151KB) AllocSpace objects, 0(0B) LOS objects, 34% free, 29MB/45MB, paused 1.534ms total 38.613ms
08-03 17:38:38.154 11177 12570 I art     : Starting a blocking GC Explicit
08-03 17:38:38.193 11177 12570 I art     : Explicit concurrent mark sweep GC freed 2963(151KB) AllocSpace objects, 0(0B) LOS objects, 34% free, 29MB/45MB, paused 1.410ms total 39.117ms
08-03 17:38:38.523 11177 11189 I art     : Starting a blocking GC Explicit
08-03 17:38:38.573 11177 11189 I art     : Explicit concurrent mark sweep GC freed 21507(1181KB) AllocSpace objects, 1(20KB) LOS objects, 34% free, 30MB/46MB, paused 2.111ms total 50.292ms
08-03 17:38:38.588 11177 11189 I art     : Starting a blocking GC Explicit
08-03 17:38:38.630 11177 11189 I art     : Explicit concurrent mark sweep GC freed 3790(207KB) AllocSpace objects, 0(0B) LOS objects, 34% free, 30MB/46MB, paused 1.930ms total 42.342ms
08-03 17:38:38.643 11177 11189 I art     : Starting a blocking GC Explicit
08-03 17:38:38.684 11177 11189 I art     : Explicit concurrent mark sweep GC freed 8696(421KB) AllocSpace objects, 0(0B) LOS objects, 34% free, 30MB/46MB, paused 1.593ms total 40.725ms
08-03 17:38:38.697 11177 11189 I art     : Starting a blocking GC Explicit
08-03 17:38:38.739 11177 11189 I art     : Explicit concurrent mark sweep GC freed 2298(132KB) AllocSpace objects, 0(0B) LOS objects, 34% free, 30MB/46MB, paused 1.781ms total 41.789ms
08-03 17:38:38.752 11177 11189 I art     : Starting a blocking GC Explicit
08-03 17:38:38.792 11177 11189 I art     : Explicit concurrent mark sweep GC freed 2848(150KB) AllocSpace objects, 0(0B) LOS objects, 34% free, 30MB/46MB, paused 1.630ms total 39.523ms
08-03 17:38:39.086 11177 11189 I art     : Starting a blocking GC Explicit
08-03 17:38:39.136 11177 11189 I art     : Explicit concurrent mark sweep GC freed 19654(1043KB) AllocSpace objects, 1(20KB) LOS objects, 33% free, 31MB/47MB, paused 1.680ms total 50.236ms
08-03 17:38:39.151 11177 11189 I art     : Starting a blocking GC Explicit
08-03 17:38:39.195 11177 11189 I art     : Explicit concurrent mark sweep GC freed 4112(210KB) AllocSpace objects, 0(0B) LOS objects, 33% free, 31MB/47MB, paused 1.790ms total 43.712ms
08-03 17:38:39.209 11177 11189 I art     : Starting a blocking GC Explicit
08-03 17:38:39.250 11177 11189 I art     : Explicit concurrent mark sweep GC freed 7968(395KB) AllocSpace objects, 0(0B) LOS objects, 34% free, 31MB/47MB, paused 1.586ms total 41.177ms
08-03 17:38:39.263 11177 11189 I art     : Starting a blocking GC Explicit
08-03 17:38:39.308 11177 11189 I art     : Explicit concurrent mark sweep GC freed 3264(217KB) AllocSpace objects, 0(0B) LOS objects, 33% free, 31MB/47MB, paused 1.737ms total 43.843ms
08-03 17:38:39.321 11177 11189 I art     : Starting a blocking GC Explicit
08-03 17:38:39.364 11177 11189 I art     : Explicit concurrent mark sweep GC freed 3356(146KB) AllocSpace objects, 0(0B) LOS objects, 33% free, 31MB/47MB, paused 1.750ms total 43.066ms
08-03 17:38:39.711 11177 12570 I art     : Starting a blocking GC Explicit
08-03 17:38:39.767 11177 12570 I art     : Explicit concurrent mark sweep GC freed 23097(1017KB) AllocSpace objects, 1(20KB) LOS objects, 33% free, 31MB/47MB, paused 1.639ms total 55.108ms
08-03 17:38:39.782 11177 12570 I art     : Starting a blocking GC Explicit
08-03 17:38:39.829 11177 12570 I art     : Explicit concurrent mark sweep GC freed 4490(211KB) AllocSpace objects, 0(0B) LOS objects, 33% free, 31MB/47MB, paused 2.129ms total 46.552ms
08-03 17:38:39.843 11177 12570 I art     : Starting a blocking GC Explicit
08-03 17:38:39.872 11177 12628 D OnlineFeedViewActivity: Deleted feed source file. Result: true
08-03 17:38:39.887 11177 12570 I art     : Explicit concurrent mark sweep GC freed 8270(383KB) AllocSpace objects, 0(0B) LOS objects, 33% free, 31MB/47MB, paused 1.221ms total 43.910ms
08-03 17:38:39.889 11177 11177 D OnlineFeedViewActivity: Removing HTML from shownotes
08-03 17:38:39.901 11177 12570 I art     : Starting a blocking GC Explicit
08-03 17:38:39.950 11177 12570 I art     : Explicit concurrent mark sweep GC freed 23206(1913KB) AllocSpace objects, 98(6MB) LOS objects, 32% free, 32MB/48MB, paused 1.473ms total 48.451ms
08-03 17:38:39.965 11177 12570 I art     : Starting a blocking GC Explicit
08-03 17:38:40.016 11177 12570 I art     : Explicit concurrent mark sweep GC freed 39245(3MB) AllocSpace objects, 171(11MB) LOS objects, 32% free, 33MB/49MB, paused 1.571ms total 51.342ms
08-03 17:38:40.316 11177 11286 I art     : Starting a blocking GC Explicit
08-03 17:38:40.373 11177 11286 I art     : Explicit concurrent mark sweep GC freed 34714(3MB) AllocSpace objects, 162(10MB) LOS objects, 32% free, 32MB/48MB, paused 1.638ms total 56.503ms
08-03 17:38:40.388 11177 11286 I art     : Starting a blocking GC Explicit
08-03 17:38:40.439 11177 11286 I art     : Explicit concurrent mark sweep GC freed 45040(4MB) AllocSpace objects, 278(18MB) LOS objects, 31% free, 35MB/51MB, paused 1.448ms total 50.896ms
08-03 17:38:40.454 11177 11286 I art     : Starting a blocking GC Explicit
08-03 17:38:40.485 11177 11177 I Choreographer: Skipped 35 frames!  The application may be doing too much work on its main thread.
08-03 17:38:40.507 11177 11286 I art     : Explicit concurrent mark sweep GC freed 21634(2MB) AllocSpace objects, 135(8MB) LOS objects, 33% free, 31MB/47MB, paused 1.615ms total 52.965ms
08-03 17:38:40.522 11177 11286 I art     : Starting a blocking GC Explicit
08-03 17:38:40.565 11177 11286 I art     : Explicit concurrent mark sweep GC freed 1383(81KB) AllocSpace objects, 2(180KB) LOS objects, 33% free, 31MB/47MB, paused 1.119ms total 43.091ms
08-03 17:38:40.580 11177 11286 I art     : Starting a blocking GC Explicit
08-03 17:38:40.625 11177 11286 I art     : Explicit concurrent mark sweep GC freed 107(6KB) AllocSpace objects, 0(0B) LOS objects, 33% free, 31MB/47MB, paused 1.204ms total 44.191ms
08-03 17:38:40.731 12692 12692 D AndroidRuntime: >>>>>> START com.android.internal.os.RuntimeInit uid 2000 <<<<<<
08-03 17:38:40.737 12692 12692 D AndroidRuntime: CheckJNI is OFF
08-03 17:38:40.783 12692 12692 D ICU     : No timezone override file found: /data/misc/zoneinfo/current/icu/icu_tzdata.dat
08-03 17:38:40.828 12692 12692 I Radio-JNI: register_android_hardware_Radio DONE
08-03 17:38:40.855 12692 12692 D AndroidRuntime: Calling main entry com.android.commands.input.Input
08-03 17:38:40.857 12692 12692 I Input   : injectKeyEvent: KeyEvent { action=ACTION_DOWN, keyCode=KEYCODE_BACK, scanCode=0, metaState=0, flags=0x0, repeatCount=0, eventTime=639537270, downTime=639537270, deviceId=-1, source=0x101 }
08-03 17:38:40.866 12692 12692 I Input   : injectKeyEvent: KeyEvent { action=ACTION_UP, keyCode=KEYCODE_BACK, scanCode=0, metaState=0, flags=0x0, repeatCount=0, eventTime=639537270, downTime=639537270, deviceId=-1, source=0x101 }
08-03 17:38:40.877 12692 12692 D AndroidRuntime: Shutting down VM
08-03 17:38:40.882 11177 11177 V PlaybackController: initServiceNotRunning()
08-03 17:38:40.882 11177 11177 D ExternalPlayerFragment: Loading media info
08-03 17:38:40.888 11177 11177 D UserPreferences: Using default data folder
08-03 17:38:40.888 11177 11197 D DBReader: getNavDrawerData() called with: 
08-03 17:38:40.901 11177 11197 D DBReader: getDownloadedItems() called
08-03 17:38:40.902 11177 11197 D DBReader: getFavoriteIDList() called
08-03 17:38:40.903 11177 11197 D DBReader: getQueueIDList() called
08-03 17:38:40.904 11177 11197 D DBReader: Extracting Feedlist
08-03 17:38:40.916 13866 13866 I GoogleInputMethodServic: GoogleInputMethodService.onFinishInput():3138 
08-03 17:38:40.917 13866 13866 I GoogleInputMethodServic: GoogleInputMethodService.onStartInput():1808 
08-03 17:38:40.931 11177 11177 D MainActivity: getLastNavFragment() -> AddFeedFragment
08-03 17:38:40.957 11177 12089 I art     : Starting a blocking GC Explicit
08-03 17:38:40.998 11177 12089 I art     : Explicit concurrent mark sweep GC freed 2482(152KB) AllocSpace objects, 1(20KB) LOS objects, 33% free, 31MB/47MB, paused 1.229ms total 41.494ms
08-03 17:38:41.013 11177 12089 I art     : Starting a blocking GC Explicit
08-03 17:38:41.064 11177 12089 I art     : Explicit concurrent mark sweep GC freed 449(23KB) AllocSpace objects, 0(0B) LOS objects, 33% free, 31MB/47MB, paused 1.176ms total 50.788ms
08-03 17:38:41.082 11177 12089 I art     : Starting a blocking GC Explicit
08-03 17:38:41.138 11177 12089 I art     : Explicit concurrent mark sweep GC freed 3(96B) AllocSpace objects, 0(0B) LOS objects, 33% free, 31MB/47MB, paused 1.192ms total 55.572ms
08-03 17:38:41.157 11177 12089 I art     : Starting a blocking GC Explicit
08-03 17:38:41.204   380   380 W SurfaceFlinger: couldn't log to binary event log: overflow.
08-03 17:38:41.211 11177 12089 I art     : Explicit concurrent mark sweep GC freed 112(4KB) AllocSpace objects, 0(0B) LOS objects, 33% free, 31MB/47MB, paused 2.016ms total 53.803ms
08-03 17:38:41.227 11177 12089 I art     : Starting a blocking GC Explicit
08-03 17:38:41.269 11177 12089 I art     : Explicit concurrent mark sweep GC freed 491(20KB) AllocSpace objects, 0(0B) LOS objects, 33% free, 31MB/47MB, paused 1.596ms total 42.031ms
08-03 17:38:41.595 11177 12570 I art     : Starting a blocking GC Explicit
08-03 17:38:41.651 11177 12570 I art     : Explicit concurrent mark sweep GC freed 1450(83KB) AllocSpace objects, 1(20KB) LOS objects, 33% free, 31MB/47MB, paused 1.225ms total 56.320ms
08-03 17:38:41.667 11177 12570 I art     : Starting a blocking GC Explicit
08-03 17:38:41.717 11177 12570 I art     : Explicit concurrent mark sweep GC freed 23(752B) AllocSpace objects, 0(0B) LOS objects, 33% free, 31MB/47MB, paused 1.542ms total 50.221ms
08-03 17:38:41.736 11177 12570 I art     : Starting a blocking GC Explicit
08-03 17:38:41.783 11177 12570 I art     : Explicit concurrent mark sweep GC freed 3(96B) AllocSpace objects, 0(0B) LOS objects, 33% free, 31MB/47MB, paused 1.240ms total 47.569ms
08-03 17:38:41.799 11177 12570 I art     : Starting a blocking GC Explicit
08-03 17:38:41.847 11177 12570 I art     : Explicit concurrent mark sweep GC freed 3(96B) AllocSpace objects, 0(0B) LOS objects, 33% free, 31MB/47MB, paused 1.162ms total 47.481ms
08-03 17:38:41.861 11177 12570 I art     : Starting a blocking GC Explicit
08-03 17:38:41.910 11177 12570 I art     : Explicit concurrent mark sweep GC freed 3(96B) AllocSpace objects, 0(0B) LOS objects, 33% free, 31MB/47MB, paused 1.259ms total 48.164ms
08-03 17:38:42.223 11177 11190 I art     : Starting a blocking GC Explicit
08-03 17:38:42.278 11177 11190 I art     : Explicit concurrent mark sweep GC freed 1474(88KB) AllocSpace objects, 1(20KB) LOS objects, 33% free, 31MB/47MB, paused 1.320ms total 54.506ms
08-03 17:38:42.294 11177 11190 I art     : Starting a blocking GC Explicit
08-03 17:38:42.332 11177 11190 I art     : Explicit concurrent mark sweep GC freed 33168(3MB) AllocSpace objects, 1(28KB) LOS objects, 36% free, 28MB/44MB, paused 1.176ms total 37.742ms
08-03 17:38:42.343 11177 11190 I art     : Starting a blocking GC Explicit
08-03 17:38:42.376 11177 11190 I art     : Explicit concurrent mark sweep GC freed 3(96B) AllocSpace objects, 0(0B) LOS objects, 36% free, 28MB/44MB, paused 1.217ms total 32.449ms
08-03 17:38:42.388 11177 11190 I art     : Starting a blocking GC Explicit
08-03 17:38:42.420 11177 11190 I art     : Explicit concurrent mark sweep GC freed 3(96B) AllocSpace objects, 0(0B) LOS objects, 36% free, 28MB/44MB, paused 1.230ms total 32.509ms
08-03 17:38:42.432 11177 11190 I art     : Starting a blocking GC Explicit
08-03 17:38:42.465 11177 11190 I art     : Explicit concurrent mark sweep GC freed 3(96B) AllocSpace objects, 0(0B) LOS objects, 36% free, 28MB/44MB, paused 1.187ms total 32.967ms
08-03 17:38:42.652 12739 12739 D AndroidRuntime: >>>>>> START com.android.internal.os.RuntimeInit uid 2000 <<<<<<
08-03 17:38:42.658 12739 12739 D AndroidRuntime: CheckJNI is OFF
08-03 17:38:42.697 12739 12739 D ICU     : No timezone override file found: /data/misc/zoneinfo/current/icu/icu_tzdata.dat
08-03 17:38:42.739 12739 12739 I Radio-JNI: register_android_hardware_Radio DONE
08-03 17:38:42.766 11177 12089 I art     : Starting a blocking GC Explicit
08-03 17:38:42.768 12739 12739 D AndroidRuntime: Calling main entry com.android.commands.input.Input
08-03 17:38:42.769 12739 12739 I Input   : injectMotionEvent: MotionEvent { action=ACTION_DOWN, actionButton=0, id[0]=0, x[0]=616.0, y[0]=469.0, toolType[0]=TOOL_TYPE_UNKNOWN, buttonState=0, metaState=0, flags=0x0, edgeFlags=0x0, pointerCount=1, historySize=0, eventTime=639539182, downTime=639539182, deviceId=0, source=0x1002 }
08-03 17:38:42.776 12739 12739 I Input   : injectMotionEvent: MotionEvent { action=ACTION_UP, actionButton=0, id[0]=0, x[0]=616.0, y[0]=469.0, toolType[0]=TOOL_TYPE_UNKNOWN, buttonState=0, metaState=0, flags=0x0, edgeFlags=0x0, pointerCount=1, historySize=0, eventTime=639539182, downTime=639539182, deviceId=0, source=0x1002 }
08-03 17:38:42.778 12739 12739 D AndroidRuntime: Shutting down VM
08-03 17:38:42.801 11177 12089 I art     : Explicit concurrent mark sweep GC freed 1466(83KB) AllocSpace objects, 1(20KB) LOS objects, 36% free, 28MB/44MB, paused 1.139ms total 34.442ms
08-03 17:38:42.812 11177 12089 I art     : Starting a blocking GC Explicit
08-03 17:38:42.843 11177 12089 I art     : Explicit concurrent mark sweep GC freed 34(1104B) AllocSpace objects, 0(0B) LOS objects, 36% free, 28MB/44MB, paused 1.088ms total 30.897ms
08-03 17:38:42.845   512  2967 D audio_hw_primary: out_set_parameters: enter: usecase(1: low-latency-playback) kvpairs: routing=2
08-03 17:38:42.855 11177 12089 I art     : Starting a blocking GC Explicit
08-03 17:38:42.858   512  2967 D audio_hw_primary: select_devices: out_snd_device(2: speaker) in_snd_device(0: none)
08-03 17:38:42.858   512  2967 D msm8974_platform: platform_send_audio_calibration: sending audio calibration for snd_device(2) acdb_id(15)
08-03 17:38:42.859   512  2967 I soundtrigger: audio_extn_sound_trigger_update_device_status: device 0x2 of type 0 for Event 1
08-03 17:38:42.864 13866 13866 I GoogleInputMethodServic: GoogleInputMethodService.onFinishInput():3138 
08-03 17:38:42.865 13866 13866 I GoogleInputMethodServic: GoogleInputMethodService.onStartInput():1808 
08-03 17:38:42.869   512  2967 D audio_hw_primary: enable_snd_device: snd_device(2: speaker)
08-03 17:38:42.871   512  2967 D audio_hw_primary: enable_audio_route: apply and update mixer path: low-latency-playback speaker
08-03 17:38:42.890 11177 12089 I art     : Explicit concurrent mark sweep GC freed 208(8KB) AllocSpace objects, 0(0B) LOS objects, 36% free, 28MB/44MB, paused 1.283ms total 34.076ms
08-03 17:38:42.901 11177 12089 I art     : Starting a blocking GC Explicit
08-03 17:38:42.932 11177 12089 I art     : Explicit concurrent mark sweep GC freed 24(928B) AllocSpace objects, 0(0B) LOS objects, 36% free, 28MB/44MB, paused 1.183ms total 30.849ms
08-03 17:38:42.943 11177 12089 I art     : Starting a blocking GC Explicit
08-03 17:38:42.975 11177 12089 I art     : Explicit concurrent mark sweep GC freed 18(672B) AllocSpace objects, 0(0B) LOS objects, 36% free, 28MB/44MB, paused 1.413ms total 31.423ms
08-03 17:38:43.028 11177 11707 I NAPPA_EXPERIMENTATION: MetricNetworkRequestExecutionTime: REQUEST_DURATION_SYSTEM='183',REQUEST_DURATION_OKHTTP='182',REQUEST_SYNCHRONOUS='TRUE',RESPONSE_CODE='200',RESPONSE_METHOD='GET',RESPONSE_LENGTH_OKHTTP='-1',RESPONSE_LENGTH_HEADER='628',REQUEST_PROTOCOL='h2',REQUEST_URL='https://itunes.apple.com/lookup?id=1524080195',
08-03 17:38:43.041   918  6110 I ActivityManager: START u0 {cmp=baseline.de.danoeh.antennapod.debug/baseline.de.danoeh.antennapod.activity.OnlineFeedViewActivity (has extras)} from uid 10633 on display 0
08-03 17:38:43.066 13866 13866 I GoogleInputMethodServic: GoogleInputMethodService.onFinishInput():3138 
08-03 17:38:43.067 13866 13866 I GoogleInputMethodServic: GoogleInputMethodService.onStartInput():1808 
08-03 17:38:43.086 11177 11177 D UserPreferences: Using default data folder
08-03 17:38:43.087 11177 11177 D OnlineFeedViewActivity: Activity was started with url https://rss.art19.com/nice-white-parents
08-03 17:38:43.089 11177 11177 D OnlineFeedViewActivity: Starting feed download
08-03 17:38:43.092 11177 11203 D DBReader: Extracting Feedlist
08-03 17:38:43.094   918   929 D WifiService: acquireWifiLockLocked: WifiLock{Downloader type=1 binder=android.os.BinderProxy@456f062}
08-03 17:38:43.095 11177 11203 D AntennapodHttpClient: Creating new instance of HTTP client
08-03 17:38:43.153 13866 13866 I GoogleInputMethodServic: GoogleInputMethodService.onFinishInput():3138 
08-03 17:38:43.154 13866 13866 I GoogleInputMethodServic: GoogleInputMethodService.onStartInput():1808 
08-03 17:38:43.174   918   936 I ActivityManager: Displayed baseline.de.danoeh.antennapod.debug/baseline.de.danoeh.antennapod.activity.OnlineFeedViewActivity: +110ms
08-03 17:38:43.263 11177 11190 I art     : Starting a blocking GC Explicit
08-03 17:38:43.299 11177 11190 I art     : Explicit concurrent mark sweep GC freed 7923(434KB) AllocSpace objects, 4(220KB) LOS objects, 35% free, 28MB/44MB, paused 1.314ms total 35.974ms
08-03 17:38:43.311 11177 11190 I art     : Starting a blocking GC Explicit
08-03 17:38:43.351 11177 11190 I art     : Explicit concurrent mark sweep GC freed 1332(133KB) AllocSpace objects, 0(0B) LOS objects, 35% free, 28MB/44MB, paused 1.266ms total 39.670ms
08-03 17:38:43.365 11177 11190 I art     : Starting a blocking GC Explicit
08-03 17:38:43.404 11177 11190 I art     : Explicit concurrent mark sweep GC freed 3(96B) AllocSpace objects, 0(0B) LOS objects, 35% free, 28MB/44MB, paused 1.326ms total 38.489ms
08-03 17:38:43.409   512  2967 D audio_hw_primary: disable_audio_route: reset and update mixer path: low-latency-playback speaker
08-03 17:38:43.411   512  2967 D audio_hw_primary: disable_snd_device: snd_device(2: speaker)
08-03 17:38:43.416 11177 11203 D MYTAG   : interceptor 3a https://rss.art19.com/nice-white-parents
08-03 17:38:43.417 11177 11203 I NAPPA_EXPERIMENTATION: MetricNetworkRequestExecutionTime: REQUEST_DURATION_SYSTEM='320',REQUEST_DURATION_OKHTTP='155',REQUEST_SYNCHRONOUS='TRUE',RESPONSE_CODE='200',RESPONSE_METHOD='GET',RESPONSE_LENGTH_OKHTTP='-1',RESPONSE_LENGTH_HEADER='1803',REQUEST_PROTOCOL='h2',REQUEST_URL='https://rss.art19.com/nice-white-parents',
08-03 17:38:43.417 11177 11203 D HttpDownloader: Response code is 200
08-03 17:38:43.417 11177 11203 D UserPreferences: Using default data folder
08-03 17:38:43.419 11177 11190 I art     : Starting a blocking GC Explicit
08-03 17:38:43.420 11177 11203 D HttpDownloader: Getting size of download
08-03 17:38:43.420 11177 11203 D HttpDownloader: Size is -1
08-03 17:38:43.420 11177 11203 D UserPreferences: Using default data folder
08-03 17:38:43.420 11177 11203 D HttpDownloader: Free space is 20752822272
08-03 17:38:43.420 11177 11203 D HttpDownloader: Starting download
08-03 17:38:43.421   512  2967 I soundtrigger: audio_extn_sound_trigger_update_device_status: device 0x2 of type 0 for Event 0
08-03 17:38:43.423   380   380 W SurfaceFlinger: couldn't log to binary event log: overflow.
08-03 17:38:43.454 11177 11190 I art     : Explicit concurrent mark sweep GC freed 292(20KB) AllocSpace objects, 0(0B) LOS objects, 35% free, 28MB/44MB, paused 1.207ms total 35.004ms
08-03 17:38:43.459 11177 11203 D HttpDownloader: Download was successful
08-03 17:38:43.461   918  3670 D WifiService: releaseWifiLockLocked: WifiLock{Downloader type=1 binder=android.os.BinderProxy@456f062}
08-03 17:38:43.461 11177 11177 D OnlineFeedViewActivity: Parsing feed
08-03 17:38:43.466 11177 12779 D TypeGetter: Recognized type RSS 2.0
08-03 17:38:43.466 11177 11190 I art     : Starting a blocking GC Explicit
08-03 17:38:43.472 11177 12779 D SyndHandler: Recognized ITunes namespace
08-03 17:38:43.472 11177 12779 D SyndHandler: Recognized Atom namespace
08-03 17:38:43.472 11177 12779 D SyndHandler: Recognized Content namespace
08-03 17:38:43.478 11177 12779 D OnlineFeedViewActivity: Deleted feed source file. Result: true
08-03 17:38:43.478 11177 11177 D OnlineFeedViewActivity: Removing HTML from shownotes
08-03 17:38:43.499 11177 11190 I art     : Explicit concurrent mark sweep GC freed 1261(220KB) AllocSpace objects, 4(128KB) LOS objects, 35% free, 28MB/44MB, paused 1.459ms total 32.456ms
08-03 17:38:43.561 11177 11177 D PlaybackController: Releasing PlaybackController
08-03 17:38:43.817 11177 12570 I art     : Starting a blocking GC Explicit
08-03 17:38:43.865 11177 12570 I art     : Explicit concurrent mark sweep GC freed 2403(149KB) AllocSpace objects, 1(20KB) LOS objects, 35% free, 28MB/44MB, paused 1.314ms total 47.530ms
08-03 17:38:43.881 11177 12570 I art     : Starting a blocking GC Explicit
08-03 17:38:43.917 11177 12570 I art     : Explicit concurrent mark sweep GC freed 468(21KB) AllocSpace objects, 1(112KB) LOS objects, 35% free, 28MB/44MB, paused 1.301ms total 36.391ms
08-03 17:38:43.930 11177 12570 I art     : Starting a blocking GC Explicit
08-03 17:38:43.966 11177 12570 I art     : Explicit concurrent mark sweep GC freed 3(96B) AllocSpace objects, 0(0B) LOS objects, 35% free, 28MB/44MB, paused 1.263ms total 36.686ms
08-03 17:38:43.979 11177 12570 I art     : Starting a blocking GC Explicit
08-03 17:38:44.016 11177 12570 I art     : Explicit concurrent mark sweep GC freed 3(96B) AllocSpace objects, 0(0B) LOS objects, 35% free, 28MB/44MB, paused 1.235ms total 36.803ms
08-03 17:38:44.028 11177 12570 I art     : Starting a blocking GC Explicit
08-03 17:38:44.065 11177 12570 I art     : Explicit concurrent mark sweep GC freed 3(96B) AllocSpace objects, 0(0B) LOS objects, 35% free, 28MB/44MB, paused 1.257ms total 36.456ms
08-03 17:38:44.384 11177 11286 I art     : Starting a blocking GC Explicit
08-03 17:38:44.437 11177 11286 I art     : Explicit concurrent mark sweep GC freed 1372(82KB) AllocSpace objects, 1(20KB) LOS objects, 35% free, 28MB/44MB, paused 1.365ms total 52.291ms
08-03 17:38:44.453 11177 11286 I art     : Starting a blocking GC Explicit
08-03 17:38:44.494 11177 11286 I art     : Explicit concurrent mark sweep GC freed 23(752B) AllocSpace objects, 0(0B) LOS objects, 35% free, 28MB/44MB, paused 1.248ms total 41.235ms
08-03 17:38:44.507 11177 11286 I art     : Starting a blocking GC Explicit
08-03 17:38:44.547 11177 11286 I art     : Explicit concurrent mark sweep GC freed 32(880B) AllocSpace objects, 0(0B) LOS objects, 35% free, 28MB/44MB, paused 1.310ms total 39.349ms
08-03 17:38:44.559 11177 11286 I art     : Starting a blocking GC Explicit
08-03 17:38:44.600 11177 11286 I art     : Explicit concurrent mark sweep GC freed 3(96B) AllocSpace objects, 0(0B) LOS objects, 35% free, 28MB/44MB, paused 1.326ms total 40.154ms
08-03 17:38:44.612 11177 11286 I art     : Starting a blocking GC Explicit
08-03 17:38:44.651 11177 11286 I art     : Explicit concurrent mark sweep GC freed 3(96B) AllocSpace objects, 0(0B) LOS objects, 35% free, 28MB/44MB, paused 1.275ms total 38.153ms
08-03 17:38:45.001 11177 12089 I art     : Starting a blocking GC Explicit
08-03 17:38:45.050 11177 12089 I art     : Explicit concurrent mark sweep GC freed 1369(80KB) AllocSpace objects, 1(20KB) LOS objects, 35% free, 28MB/44MB, paused 1.445ms total 49.222ms
08-03 17:38:45.066 11177 12089 I art     : Starting a blocking GC Explicit
08-03 17:38:45.104 11177 12089 I art     : Explicit concurrent mark sweep GC freed 24(784B) AllocSpace objects, 0(0B) LOS objects, 35% free, 28MB/44MB, paused 1.436ms total 38.250ms
08-03 17:38:45.119 11177 12089 I art     : Starting a blocking GC Explicit
08-03 17:38:45.154 11177 12089 I art     : Explicit concurrent mark sweep GC freed 9(288B) AllocSpace objects, 0(0B) LOS objects, 35% free, 28MB/44MB, paused 1.265ms total 35.671ms
08-03 17:38:45.167 11177 12089 I art     : Starting a blocking GC Explicit
08-03 17:38:45.202 11177 12089 I art     : Explicit concurrent mark sweep GC freed 9(288B) AllocSpace objects, 0(0B) LOS objects, 35% free, 28MB/44MB, paused 1.225ms total 35.585ms
08-03 17:38:45.215 11177 12089 I art     : Starting a blocking GC Explicit
08-03 17:38:45.251 11177 12089 I art     : Explicit concurrent mark sweep GC freed 9(288B) AllocSpace objects, 0(0B) LOS objects, 35% free, 28MB/44MB, paused 1.280ms total 35.437ms
08-03 17:38:45.592 11177 11286 I art     : Starting a blocking GC Explicit
08-03 17:38:45.634 11177 11286 I art     : Explicit concurrent mark sweep GC freed 1414(81KB) AllocSpace objects, 1(20KB) LOS objects, 35% free, 28MB/44MB, paused 1.200ms total 41.357ms
08-03 17:38:45.646 11177 11286 I art     : Starting a blocking GC Explicit
08-03 17:38:45.683 11177 11286 I art     : Explicit concurrent mark sweep GC freed 23(752B) AllocSpace objects, 0(0B) LOS objects, 35% free, 28MB/44MB, paused 1.233ms total 37.175ms
08-03 17:38:45.696 11177 11286 I art     : Starting a blocking GC Explicit
08-03 17:38:45.735 11177 11286 I art     : Explicit concurrent mark sweep GC freed 3(96B) AllocSpace objects, 0(0B) LOS objects, 35% free, 28MB/44MB, paused 1.163ms total 38.732ms
08-03 17:38:45.747 11177 11286 I art     : Starting a blocking GC Explicit
08-03 17:38:45.787 11177 11286 I art     : Explicit concurrent mark sweep GC freed 3(96B) AllocSpace objects, 0(0B) LOS objects, 35% free, 28MB/44MB, paused 1.290ms total 39.350ms
08-03 17:38:45.800 11177 11286 I art     : Starting a blocking GC Explicit
08-03 17:38:45.826 24365 28171 E WakeLock: GCM_HB_ALARM release without a matched acquire!
08-03 17:38:45.838 11177 11286 I art     : Explicit concurrent mark sweep GC freed 3(96B) AllocSpace objects, 0(0B) LOS objects, 35% free, 28MB/44MB, paused 1.440ms total 37.813ms
08-03 17:38:46.183 11177 11189 I art     : Starting a blocking GC Explicit
08-03 17:38:46.235 11177 11189 I art     : Explicit concurrent mark sweep GC freed 1369(80KB) AllocSpace objects, 1(20KB) LOS objects, 35% free, 28MB/44MB, paused 1.396ms total 51.308ms
08-03 17:38:46.250 11177 11189 I art     : Starting a blocking GC Explicit
08-03 17:38:46.290 11177 11189 I art     : Explicit concurrent mark sweep GC freed 23(752B) AllocSpace objects, 0(0B) LOS objects, 35% free, 28MB/44MB, paused 1.312ms total 40.281ms
08-03 17:38:46.303 11177 11189 I art     : Starting a blocking GC Explicit
08-03 17:38:46.342 11177 11189 I art     : Explicit concurrent mark sweep GC freed 3(96B) AllocSpace objects, 0(0B) LOS objects, 35% free, 28MB/44MB, paused 1.178ms total 39.272ms
08-03 17:38:46.354 11177 11189 I art     : Starting a blocking GC Explicit
08-03 17:38:46.392 11177 11189 I art     : Explicit concurrent mark sweep GC freed 3(96B) AllocSpace objects, 0(0B) LOS objects, 35% free, 28MB/44MB, paused 1.246ms total 37.324ms
08-03 17:38:46.404 11177 11189 I art     : Starting a blocking GC Explicit
08-03 17:38:46.444 11177 11189 I art     : Explicit concurrent mark sweep GC freed 3(96B) AllocSpace objects, 0(0B) LOS objects, 35% free, 28MB/44MB, paused 1.224ms total 39.428ms
08-03 17:38:46.787 11177 12089 I art     : Starting a blocking GC Explicit
08-03 17:38:46.837 11177 12089 I art     : Explicit concurrent mark sweep GC freed 1437(84KB) AllocSpace objects, 1(20KB) LOS objects, 35% free, 28MB/44MB, paused 1.340ms total 49.319ms
08-03 17:38:46.852 11177 12089 I art     : Starting a blocking GC Explicit
08-03 17:38:46.890 11177 12089 I art     : Explicit concurrent mark sweep GC freed 23(752B) AllocSpace objects, 0(0B) LOS objects, 35% free, 28MB/44MB, paused 1.284ms total 37.648ms
08-03 17:38:46.903 11177 12089 I art     : Starting a blocking GC Explicit
08-03 17:38:46.943 11177 12089 I art     : Explicit concurrent mark sweep GC freed 3(96B) AllocSpace objects, 0(0B) LOS objects, 35% free, 28MB/44MB, paused 1.253ms total 39.773ms
08-03 17:38:46.955 11177 12089 I art     : Starting a blocking GC Explicit
08-03 17:38:46.994 11177 12089 I art     : Explicit concurrent mark sweep GC freed 3(96B) AllocSpace objects, 0(0B) LOS objects, 35% free, 28MB/44MB, paused 1.201ms total 38.957ms
08-03 17:38:47.007 11177 12089 I art     : Starting a blocking GC Explicit
08-03 17:38:47.046 11177 12089 I art     : Explicit concurrent mark sweep GC freed 3(96B) AllocSpace objects, 0(0B) LOS objects, 35% free, 28MB/44MB, paused 1.182ms total 39.104ms
08-03 17:38:47.395 11177 11190 I art     : Starting a blocking GC Explicit
08-03 17:38:47.443 11177 11190 I art     : Explicit concurrent mark sweep GC freed 1487(91KB) AllocSpace objects, 1(20KB) LOS objects, 35% free, 28MB/44MB, paused 1.283ms total 47.982ms
08-03 17:38:47.461 11177 11190 I art     : Starting a blocking GC Explicit
08-03 17:38:47.501 11177 11190 I art     : Explicit concurrent mark sweep GC freed 23(752B) AllocSpace objects, 0(0B) LOS objects, 35% free, 28MB/44MB, paused 1.160ms total 39.908ms
08-03 17:38:47.501 11177 11188 I art     : WaitForGcToComplete blocked for 35.638ms for cause HeapTrim
08-03 17:38:47.514 11177 11190 I art     : Starting a blocking GC Explicit
08-03 17:38:47.553 11177 11190 I art     : Explicit concurrent mark sweep GC freed 32(880B) AllocSpace objects, 0(0B) LOS objects, 35% free, 28MB/44MB, paused 1.099ms total 39.395ms
08-03 17:38:47.566 11177 11190 I art     : Starting a blocking GC Explicit
08-03 17:38:47.605 11177 11190 I art     : Explicit concurrent mark sweep GC freed 3(96B) AllocSpace objects, 0(0B) LOS objects, 35% free, 28MB/44MB, paused 1.110ms total 38.389ms
08-03 17:38:47.617 11177 11190 I art     : Starting a blocking GC Explicit
08-03 17:38:47.656 11177 11190 I art     : Explicit concurrent mark sweep GC freed 3(96B) AllocSpace objects, 0(0B) LOS objects, 35% free, 28MB/44MB, paused 1.114ms total 38.691ms
08-03 17:38:47.992 11177 12570 I art     : Starting a blocking GC Explicit
08-03 17:38:48.037 11177 12570 I art     : Explicit concurrent mark sweep GC freed 1369(80KB) AllocSpace objects, 1(20KB) LOS objects, 35% free, 28MB/44MB, paused 1.234ms total 44.440ms
08-03 17:38:48.051 11177 12570 I art     : Starting a blocking GC Explicit
08-03 17:38:48.089 11177 12570 I art     : Explicit concurrent mark sweep GC freed 23(752B) AllocSpace objects, 0(0B) LOS objects, 35% free, 28MB/44MB, paused 1.143ms total 37.695ms
08-03 17:38:48.102 11177 12570 I art     : Starting a blocking GC Explicit
08-03 17:38:48.142 11177 12570 I art     : Explicit concurrent mark sweep GC freed 3(96B) AllocSpace objects, 0(0B) LOS objects, 35% free, 28MB/44MB, paused 1.238ms total 39.797ms
08-03 17:38:48.154 11177 12570 I art     : Starting a blocking GC Explicit
08-03 17:38:48.193 11177 12570 I art     : Explicit concurrent mark sweep GC freed 3(96B) AllocSpace objects, 0(0B) LOS objects, 35% free, 28MB/44MB, paused 1.174ms total 38.519ms
08-03 17:38:48.205 11177 12570 I art     : Starting a blocking GC Explicit
08-03 17:38:48.245 11177 12570 I art     : Explicit concurrent mark sweep GC freed 3(96B) AllocSpace objects, 0(0B) LOS objects, 35% free, 28MB/44MB, paused 1.176ms total 39.024ms
08-03 17:38:48.582 11177 11286 I art     : Starting a blocking GC Explicit
08-03 17:38:48.625 11177 11286 I art     : Explicit concurrent mark sweep GC freed 1398(81KB) AllocSpace objects, 1(20KB) LOS objects, 35% free, 28MB/44MB, paused 1.186ms total 42.708ms
08-03 17:38:48.640 11177 11286 I art     : Starting a blocking GC Explicit
08-03 17:38:48.679 11177 11286 I art     : Explicit concurrent mark sweep GC freed 23(752B) AllocSpace objects, 0(0B) LOS objects, 35% free, 28MB/44MB, paused 1.158ms total 38.931ms
08-03 17:38:48.691 11177 11286 I art     : Starting a blocking GC Explicit
08-03 17:38:48.731 11177 11286 I art     : Explicit concurrent mark sweep GC freed 3(96B) AllocSpace objects, 0(0B) LOS objects, 35% free, 28MB/44MB, paused 1.171ms total 39.408ms
08-03 17:38:48.744 11177 11286 I art     : Starting a blocking GC Explicit
08-03 17:38:48.783 11177 11286 I art     : Explicit concurrent mark sweep GC freed 3(96B) AllocSpace objects, 0(0B) LOS objects, 35% free, 28MB/44MB, paused 1.162ms total 38.539ms
08-03 17:38:48.795 11177 11286 I art     : Starting a blocking GC Explicit
08-03 17:38:48.833 11177 11286 I art     : Explicit concurrent mark sweep GC freed 3(96B) AllocSpace objects, 0(0B) LOS objects, 35% free, 28MB/44MB, paused 1.173ms total 37.785ms
08-03 17:38:48.916 11056 11056 I ServiceManager: Waiting for service AtCmdFwd...
08-03 17:38:49.039   918  3261 D WifiStateMachine: starting scan for "H369AA63323"WPA_PSK with 2412,5180
08-03 17:38:49.177 11177 11189 I art     : Starting a blocking GC Explicit
08-03 17:38:49.217 11177 11189 I art     : Explicit concurrent mark sweep GC freed 1369(80KB) AllocSpace objects, 1(20KB) LOS objects, 35% free, 28MB/44MB, paused 1.126ms total 39.191ms
08-03 17:38:49.229 11177 11189 I art     : Starting a blocking GC Explicit
08-03 17:38:49.265 11177 11189 I art     : Explicit concurrent mark sweep GC freed 23(752B) AllocSpace objects, 0(0B) LOS objects, 35% free, 28MB/44MB, paused 1.098ms total 35.618ms
08-03 17:38:49.277 11177 11189 I art     : Starting a blocking GC Explicit
08-03 17:38:49.312 11177 11189 I art     : Explicit concurrent mark sweep GC freed 3(96B) AllocSpace objects, 0(0B) LOS objects, 35% free, 28MB/44MB, paused 1.122ms total 35.271ms
08-03 17:38:49.325 11177 11189 I art     : Starting a blocking GC Explicit
08-03 17:38:49.363 11177 11189 I art     : Explicit concurrent mark sweep GC freed 3(96B) AllocSpace objects, 0(0B) LOS objects, 35% free, 28MB/44MB, paused 1.117ms total 38.437ms
08-03 17:38:49.376 11177 11189 I art     : Starting a blocking GC Explicit
08-03 17:38:49.414 11177 11189 I art     : Explicit concurrent mark sweep GC freed 3(96B) AllocSpace objects, 0(0B) LOS objects, 35% free, 28MB/44MB, paused 1.136ms total 38.233ms
08-03 17:38:49.787 11177 12089 I art     : Starting a blocking GC Explicit
08-03 17:38:49.832 11177 12089 I art     : Explicit concurrent mark sweep GC freed 1398(81KB) AllocSpace objects, 1(20KB) LOS objects, 35% free, 28MB/44MB, paused 1.239ms total 44.514ms
08-03 17:38:49.846 11177 12089 I art     : Starting a blocking GC Explicit
08-03 17:38:49.884 11177 12089 I art     : Explicit concurrent mark sweep GC freed 23(752B) AllocSpace objects, 0(0B) LOS objects, 35% free, 28MB/44MB, paused 1.160ms total 38.344ms
08-03 17:38:49.897 11177 12089 I art     : Starting a blocking GC Explicit
08-03 17:38:49.916 11056 11056 I ServiceManager: Waiting for service AtCmdFwd...
08-03 17:38:49.936 11177 12089 I art     : Explicit concurrent mark sweep GC freed 3(96B) AllocSpace objects, 0(0B) LOS objects, 35% free, 28MB/44MB, paused 1.150ms total 38.515ms
08-03 17:38:49.948 11177 12089 I art     : Starting a blocking GC Explicit
08-03 17:38:49.987 11177 12089 I art     : Explicit concurrent mark sweep GC freed 3(96B) AllocSpace objects, 0(0B) LOS objects, 35% free, 28MB/44MB, paused 1.265ms total 38.886ms
08-03 17:38:50.000 11177 12089 I art     : Starting a blocking GC Explicit
08-03 17:38:50.038 11177 12089 I art     : Explicit concurrent mark sweep GC freed 3(96B) AllocSpace objects, 0(0B) LOS objects, 35% free, 28MB/44MB, paused 1.275ms total 37.531ms
08-03 17:38:50.390 11177 11190 I art     : Starting a blocking GC Explicit
08-03 17:38:50.434 11177 11190 I art     : Explicit concurrent mark sweep GC freed 1369(80KB) AllocSpace objects, 1(20KB) LOS objects, 35% free, 28MB/44MB, paused 1.199ms total 43.193ms
08-03 17:38:50.449 11177 11190 I art     : Starting a blocking GC Explicit
08-03 17:38:50.490 11177 11190 I art     : Explicit concurrent mark sweep GC freed 23(752B) AllocSpace objects, 0(0B) LOS objects, 35% free, 28MB/44MB, paused 1.161ms total 40.263ms
08-03 17:38:50.502 11177 11190 I art     : Starting a blocking GC Explicit
08-03 17:38:50.541 11177 11190 I art     : Explicit concurrent mark sweep GC freed 32(880B) AllocSpace objects, 0(0B) LOS objects, 35% free, 28MB/44MB, paused 1.163ms total 38.890ms
08-03 17:38:50.554 11177 11190 I art     : Starting a blocking GC Explicit
08-03 17:38:50.593 11177 11190 I art     : Explicit concurrent mark sweep GC freed 3(96B) AllocSpace objects, 0(0B) LOS objects, 35% free, 28MB/44MB, paused 1.162ms total 38.701ms
08-03 17:38:50.605 11177 11190 I art     : Starting a blocking GC Explicit
08-03 17:38:50.643 11177 11190 I art     : Explicit concurrent mark sweep GC freed 3(96B) AllocSpace objects, 0(0B) LOS objects, 35% free, 28MB/44MB, paused 1.165ms total 37.314ms
08-03 17:38:50.917 11056 11056 I ServiceManager: Waiting for service AtCmdFwd...
08-03 17:38:50.990 11177 12570 I art     : Starting a blocking GC Explicit
08-03 17:38:51.032 11177 12570 I art     : Explicit concurrent mark sweep GC freed 1369(80KB) AllocSpace objects, 1(20KB) LOS objects, 35% free, 28MB/44MB, paused 1.179ms total 41.610ms
08-03 17:38:51.044 11177 12570 I art     : Starting a blocking GC Explicit
08-03 17:38:51.081 11177 12570 I art     : Explicit concurrent mark sweep GC freed 23(752B) AllocSpace objects, 0(0B) LOS objects, 35% free, 28MB/44MB, paused 1.208ms total 36.702ms
08-03 17:38:51.093 11177 12570 I art     : Starting a blocking GC Explicit
08-03 17:38:51.129 11177 12570 I art     : Explicit concurrent mark sweep GC freed 3(96B) AllocSpace objects, 0(0B) LOS objects, 35% free, 28MB/44MB, paused 1.196ms total 35.528ms
08-03 17:38:51.141 11177 12570 I art     : Starting a blocking GC Explicit
08-03 17:38:51.178 11177 12570 I art     : Explicit concurrent mark sweep GC freed 3(96B) AllocSpace objects, 0(0B) LOS objects, 35% free, 28MB/44MB, paused 1.310ms total 36.281ms
08-03 17:38:51.190 11177 12570 I art     : Starting a blocking GC Explicit
08-03 17:38:51.227 11177 12570 I art     : Explicit concurrent mark sweep GC freed 3(96B) AllocSpace objects, 0(0B) LOS objects, 35% free, 28MB/44MB, paused 1.247ms total 36.807ms
08-03 17:38:51.551 11177 11286 I art     : Starting a blocking GC Explicit
08-03 17:38:51.575 12912 12912 D AndroidRuntime: >>>>>> START com.android.internal.os.RuntimeInit uid 2000 <<<<<<
08-03 17:38:51.582 12912 12912 D AndroidRuntime: CheckJNI is OFF
08-03 17:38:51.595 11177 11286 I art     : Explicit concurrent mark sweep GC freed 1398(81KB) AllocSpace objects, 1(20KB) LOS objects, 35% free, 28MB/44MB, paused 1.209ms total 43.431ms
08-03 17:38:51.610 11177 11286 I art     : Starting a blocking GC Explicit
08-03 17:38:51.632 12912 12912 D ICU     : No timezone override file found: /data/misc/zoneinfo/current/icu/icu_tzdata.dat
08-03 17:38:51.646 11177 11286 I art     : Explicit concurrent mark sweep GC freed 23(752B) AllocSpace objects, 0(0B) LOS objects, 35% free, 28MB/44MB, paused 1.246ms total 35.483ms
08-03 17:38:51.658 11177 11286 I art     : Starting a blocking GC Explicit
08-03 17:38:51.676 12912 12912 I Radio-JNI: register_android_hardware_Radio DONE
08-03 17:38:51.694 11177 11286 I art     : Explicit concurrent mark sweep GC freed 3(96B) AllocSpace objects, 0(0B) LOS objects, 35% free, 28MB/44MB, paused 1.156ms total 35.901ms
08-03 17:38:51.706 11177 11286 I art     : Starting a blocking GC Explicit
08-03 17:38:51.707 12912 12912 D AndroidRuntime: Calling main entry com.android.commands.input.Input
08-03 17:38:51.709 12912 12912 I Input   : injectKeyEvent: KeyEvent { action=ACTION_DOWN, keyCode=KEYCODE_BACK, scanCode=0, metaState=0, flags=0x0, repeatCount=0, eventTime=639548121, downTime=639548121, deviceId=-1, source=0x101 }
08-03 17:38:51.715 12912 12912 I Input   : injectKeyEvent: KeyEvent { action=ACTION_UP, keyCode=KEYCODE_BACK, scanCode=0, metaState=0, flags=0x0, repeatCount=0, eventTime=639548121, downTime=639548121, deviceId=-1, source=0x101 }
08-03 17:38:51.723 12912 12912 D AndroidRuntime: Shutting down VM
08-03 17:38:51.728 11177 11177 V PlaybackController: initServiceNotRunning()
08-03 17:38:51.729 11177 11177 D ExternalPlayerFragment: Loading media info
08-03 17:38:51.737 11177 11177 D UserPreferences: Using default data folder
08-03 17:38:51.740 11177 11286 I art     : Explicit concurrent mark sweep GC freed 150(6KB) AllocSpace objects, 0(0B) LOS objects, 35% free, 28MB/44MB, paused 1.247ms total 33.494ms
08-03 17:38:51.740 11177 11203 D DBReader: getNavDrawerData() called with: 
08-03 17:38:51.752 11177 11286 I art     : Starting a blocking GC Explicit
08-03 17:38:51.754 11177 11203 D DBReader: getDownloadedItems() called
08-03 17:38:51.755 11177 11203 D DBReader: getFavoriteIDList() called
08-03 17:38:51.756 11177 11203 D DBReader: getQueueIDList() called
08-03 17:38:51.756 11177 11203 D DBReader: Extracting Feedlist
08-03 17:38:51.767 13866 13866 I GoogleInputMethodServic: GoogleInputMethodService.onFinishInput():3138 
08-03 17:38:51.768 13866 13866 I GoogleInputMethodServic: GoogleInputMethodService.onStartInput():1808 
08-03 17:38:51.784 11177 11177 D MainActivity: getLastNavFragment() -> AddFeedFragment
08-03 17:38:51.785 11177 11286 I art     : Explicit concurrent mark sweep GC freed 516(44KB) AllocSpace objects, 0(0B) LOS objects, 35% free, 28MB/44MB, paused 1.381ms total 33.045ms
08-03 17:38:51.919 11056 11056 I ServiceManager: Waiting for service AtCmdFwd...
08-03 17:38:52.082   380   380 W SurfaceFlinger: couldn't log to binary event log: overflow.
08-03 17:38:52.088 11177 11286 I art     : Starting a blocking GC Explicit
08-03 17:38:52.123 11177 11286 I art     : Explicit concurrent mark sweep GC freed 2696(140KB) AllocSpace objects, 1(20KB) LOS objects, 35% free, 28MB/44MB, paused 1.083ms total 34.418ms
08-03 17:38:52.134 11177 11286 I art     : Starting a blocking GC Explicit
08-03 17:38:52.169 11177 11286 I art     : Explicit concurrent mark sweep GC freed 314(17KB) AllocSpace objects, 0(0B) LOS objects, 36% free, 28MB/44MB, paused 1.195ms total 34.442ms
08-03 17:38:52.179   518   646 I ThermalEngine: ACTION: GPU - Setting GPU[0] to 510000000
08-03 17:38:52.180 11177 11286 I art     : Starting a blocking GC Explicit
08-03 17:38:52.214 11177 11286 I art     : Explicit concurrent mark sweep GC freed 2299(145KB) AllocSpace objects, 1(28KB) LOS objects, 36% free, 28MB/44MB, paused 1.080ms total 33.840ms
08-03 17:38:52.224 11177 11286 I art     : Starting a blocking GC Explicit
08-03 17:38:52.253 11177 11286 I art     : Explicit concurrent mark sweep GC freed 3(96B) AllocSpace objects, 0(0B) LOS objects, 36% free, 28MB/44MB, paused 844us total 28.337ms
08-03 17:38:52.262 11177 11286 I art     : Starting a blocking GC Explicit
08-03 17:38:52.290 11177 11286 I art     : Explicit concurrent mark sweep GC freed 3(96B) AllocSpace objects, 0(0B) LOS objects, 36% free, 28MB/44MB, paused 839us total 27.269ms
08-03 17:38:52.586 11177 11190 I art     : Starting a blocking GC Explicit
08-03 17:38:52.627 11177 11190 I art     : Explicit concurrent mark sweep GC freed 1400(83KB) AllocSpace objects, 1(20KB) LOS objects, 36% free, 28MB/44MB, paused 906us total 40.979ms
08-03 17:38:52.641 11177 11190 I art     : Starting a blocking GC Explicit
08-03 17:38:52.669 11177 11190 I art     : Explicit concurrent mark sweep GC freed 23(752B) AllocSpace objects, 0(0B) LOS objects, 36% free, 28MB/44MB, paused 853us total 27.214ms
08-03 17:38:52.678 11177 11190 I art     : Starting a blocking GC Explicit
08-03 17:38:52.706 11177 11190 I art     : Explicit concurrent mark sweep GC freed 3(96B) AllocSpace objects, 0(0B) LOS objects, 36% free, 28MB/44MB, paused 847us total 28.322ms
08-03 17:38:52.716 11177 11190 I art     : Starting a blocking GC Explicit
08-03 17:38:52.744 11177 11190 I art     : Explicit concurrent mark sweep GC freed 3(96B) AllocSpace objects, 0(0B) LOS objects, 36% free, 28MB/44MB, paused 818us total 27.328ms
08-03 17:38:52.753 11177 11190 I art     : Starting a blocking GC Explicit
08-03 17:38:52.782 11177 11190 I art     : Explicit concurrent mark sweep GC freed 3(96B) AllocSpace objects, 0(0B) LOS objects, 36% free, 28MB/44MB, paused 960us total 28.548ms
08-03 17:38:52.921 11056 11056 I ServiceManager: Waiting for service AtCmdFwd...
08-03 17:38:53.074 11177 12089 I art     : Starting a blocking GC Explicit
08-03 17:38:53.105 11177 12089 I art     : Explicit concurrent mark sweep GC freed 1370(80KB) AllocSpace objects, 1(20KB) LOS objects, 36% free, 28MB/44MB, paused 836us total 30.233ms
08-03 17:38:53.114 11177 12089 I art     : Starting a blocking GC Explicit
08-03 17:38:53.141 11177 12089 I art     : Explicit concurrent mark sweep GC freed 23(752B) AllocSpace objects, 0(0B) LOS objects, 36% free, 28MB/44MB, paused 844us total 26.462ms
08-03 17:38:53.150 11177 12089 I art     : Starting a blocking GC Explicit
08-03 17:38:53.176 11177 12089 I art     : Explicit concurrent mark sweep GC freed 3(96B) AllocSpace objects, 0(0B) LOS objects, 36% free, 28MB/44MB, paused 836us total 26.039ms
08-03 17:38:53.184   518   646 I ThermalEngine: ACTION: GPU - Setting GPU[0] to 450000000
08-03 17:38:53.188 11177 12089 I art     : Starting a blocking GC Explicit
08-03 17:38:53.221 11177 12089 I art     : Explicit concurrent mark sweep GC freed 3(96B) AllocSpace objects, 0(0B) LOS objects, 36% free, 28MB/44MB, paused 1.121ms total 32.334ms
08-03 17:38:53.233 11177 12089 I art     : Starting a blocking GC Explicit
08-03 17:38:53.266 11177 12089 I art     : Explicit concurrent mark sweep GC freed 3(96B) AllocSpace objects, 0(0B) LOS objects, 36% free, 28MB/44MB, paused 1.118ms total 32.863ms
08-03 17:38:53.460 12961 12961 D AndroidRuntime: >>>>>> START com.android.internal.os.RuntimeInit uid 2000 <<<<<<
08-03 17:38:53.466 12961 12961 D AndroidRuntime: CheckJNI is OFF
08-03 17:38:53.504 12961 12961 D ICU     : No timezone override file found: /data/misc/zoneinfo/current/icu/icu_tzdata.dat
08-03 17:38:53.544 12961 12961 I Radio-JNI: register_android_hardware_Radio DONE
08-03 17:38:53.571 12961 12961 D AndroidRuntime: Calling main entry com.android.commands.input.Input
08-03 17:38:53.573 12961 12961 I Input   : injectKeyEvent: KeyEvent { action=ACTION_DOWN, keyCode=KEYCODE_BACK, scanCode=0, metaState=0, flags=0x0, repeatCount=0, eventTime=639549986, downTime=639549986, deviceId=-1, source=0x101 }
08-03 17:38:53.580 11177 12089 I art     : Starting a blocking GC Explicit
08-03 17:38:53.581 12961 12961 I Input   : injectKeyEvent: KeyEvent { action=ACTION_UP, keyCode=KEYCODE_BACK, scanCode=0, metaState=0, flags=0x0, repeatCount=0, eventTime=639549986, downTime=639549986, deviceId=-1, source=0x101 }
08-03 17:38:53.597 13866 13866 I GoogleInputMethodServic: GoogleInputMethodService.onFinishInput():3138 
08-03 17:38:53.597 13866 13866 I GoogleInputMethodServic: GoogleInputMethodService.onStartInput():1808 
08-03 17:38:53.603 12961 12961 D AndroidRuntime: Shutting down VM
08-03 17:38:53.616 11177 12089 I art     : Explicit concurrent mark sweep GC freed 2513(126KB) AllocSpace objects, 1(20KB) LOS objects, 36% free, 28MB/44MB, paused 1.194ms total 36.057ms
08-03 17:38:53.628 11177 12089 I art     : Starting a blocking GC Explicit
08-03 17:38:53.660 11177 12089 I art     : Explicit concurrent mark sweep GC freed 246(15KB) AllocSpace objects, 0(0B) LOS objects, 36% free, 28MB/44MB, paused 1.028ms total 31.176ms
08-03 17:38:53.671 11177 12089 I art     : Starting a blocking GC Explicit
08-03 17:38:53.704 11177 12089 I art     : Explicit concurrent mark sweep GC freed 2493(165KB) AllocSpace objects, 9(1540KB) LOS objects, 37% free, 26MB/42MB, paused 1.092ms total 32.259ms
08-03 17:38:53.715 11177 12089 I art     : Starting a blocking GC Explicit
08-03 17:38:53.749 11177 12089 I art     : Explicit concurrent mark sweep GC freed 25(992B) AllocSpace objects, 0(0B) LOS objects, 37% free, 26MB/42MB, paused 1.101ms total 33.535ms
08-03 17:38:53.760 11177 12089 I art     : Starting a blocking GC Explicit
08-03 17:38:53.795 11177 12089 I art     : Explicit concurrent mark sweep GC freed 3(96B) AllocSpace objects, 0(0B) LOS objects, 37% free, 26MB/42MB, paused 1.134ms total 33.885ms
08-03 17:38:53.921 11056 11056 W Atfwd_Sendcmd: AtCmdFwd service not published, waiting... retryCnt : 4
08-03 17:38:54.090 11177 12570 I art     : Starting a blocking GC Explicit
08-03 17:38:54.134 11177 12570 I art     : Explicit concurrent mark sweep GC freed 1370(81KB) AllocSpace objects, 1(20KB) LOS objects, 37% free, 26MB/42MB, paused 1.176ms total 43.978ms
08-03 17:38:54.149 11177 12570 I art     : Starting a blocking GC Explicit
08-03 17:38:54.183 11177 12570 I art     : Explicit concurrent mark sweep GC freed 23(752B) AllocSpace objects, 0(0B) LOS objects, 37% free, 26MB/42MB, paused 1.083ms total 33.643ms
08-03 17:38:54.195 11177 12570 I art     : Starting a blocking GC Explicit
08-03 17:38:54.230 11177 12570 I art     : Explicit concurrent mark sweep GC freed 3(96B) AllocSpace objects, 0(0B) LOS objects, 37% free, 26MB/42MB, paused 1.168ms total 34.390ms
08-03 17:38:54.241 11177 12570 I art     : Starting a blocking GC Explicit
08-03 17:38:54.276 11177 12570 I art     : Explicit concurrent mark sweep GC freed 3(96B) AllocSpace objects, 0(0B) LOS objects, 37% free, 26MB/42MB, paused 1.114ms total 34.580ms
08-03 17:38:54.288 11177 12570 I art     : Starting a blocking GC Explicit
08-03 17:38:54.323 11177 12570 I art     : Explicit concurrent mark sweep GC freed 3(96B) AllocSpace objects, 0(0B) LOS objects, 37% free, 26MB/42MB, paused 1.122ms total 34.433ms
08-03 17:38:54.637 11177 11189 I art     : Starting a blocking GC Explicit
08-03 17:38:54.681 11177 11189 I art     : Explicit concurrent mark sweep GC freed 1399(82KB) AllocSpace objects, 1(20KB) LOS objects, 37% free, 26MB/42MB, paused 1.201ms total 43.618ms
08-03 17:38:54.695 11177 11189 I art     : Starting a blocking GC Explicit
08-03 17:38:54.730 11177 11189 I art     : Explicit concurrent mark sweep GC freed 23(752B) AllocSpace objects, 0(0B) LOS objects, 37% free, 26MB/42MB, paused 1.118ms total 34.363ms
08-03 17:38:54.742 11177 11189 I art     : Starting a blocking GC Explicit
08-03 17:38:54.776 11177 11189 I art     : Explicit concurrent mark sweep GC freed 3(96B) AllocSpace objects, 0(0B) LOS objects, 37% free, 26MB/42MB, paused 1.123ms total 34.590ms
08-03 17:38:54.788 11177 11189 I art     : Starting a blocking GC Explicit
08-03 17:38:54.822 11177 11189 I art     : Explicit concurrent mark sweep GC freed 3(96B) AllocSpace objects, 0(0B) LOS objects, 37% free, 26MB/42MB, paused 1.110ms total 33.720ms
08-03 17:38:54.834 11177 11189 I art     : Starting a blocking GC Explicit
08-03 17:38:54.868 11177 11189 I art     : Explicit concurrent mark sweep GC freed 3(96B) AllocSpace objects, 0(0B) LOS objects, 37% free, 26MB/42MB, paused 1.179ms total 33.110ms
08-03 17:38:55.174 11177 11190 I art     : Starting a blocking GC Explicit
08-03 17:38:55.210 11177 11190 I art     : Explicit concurrent mark sweep GC freed 1369(82KB) AllocSpace objects, 1(20KB) LOS objects, 37% free, 26MB/42MB, paused 1.197ms total 35.999ms
08-03 17:38:55.222 11177 11190 I art     : Starting a blocking GC Explicit
08-03 17:38:55.260 11177 11190 I art     : Explicit concurrent mark sweep GC freed 28(912B) AllocSpace objects, 0(0B) LOS objects, 37% free, 26MB/42MB, paused 1.085ms total 36.976ms
08-03 17:38:55.271 11177 11190 I art     : Starting a blocking GC Explicit
08-03 17:38:55.301 11177 11190 I art     : Explicit concurrent mark sweep GC freed 8(256B) AllocSpace objects, 0(0B) LOS objects, 37% free, 26MB/42MB, paused 1.062ms total 29.956ms
08-03 17:38:55.312 11177 11190 I art     : Starting a blocking GC Explicit
08-03 17:38:55.343 11177 11190 I art     : Explicit concurrent mark sweep GC freed 8(256B) AllocSpace objects, 0(0B) LOS objects, 37% free, 26MB/42MB, paused 1.045ms total 30.384ms
08-03 17:38:55.355 11177 11190 I art     : Starting a blocking GC Explicit
08-03 17:38:55.357 13010 13010 D AndroidRuntime: >>>>>> START com.android.internal.os.RuntimeInit uid 2000 <<<<<<
08-03 17:38:55.362 13010 13010 D AndroidRuntime: CheckJNI is OFF
08-03 17:38:55.386 11177 11190 I art     : Explicit concurrent mark sweep GC freed 7(224B) AllocSpace objects, 0(0B) LOS objects, 37% free, 26MB/42MB, paused 1.054ms total 30.706ms
08-03 17:38:55.406 13010 13010 D ICU     : No timezone override file found: /data/misc/zoneinfo/current/icu/icu_tzdata.dat
08-03 17:38:55.446 13010 13010 I Radio-JNI: register_android_hardware_Radio DONE
08-03 17:38:55.474 13010 13010 D AndroidRuntime: Calling main entry com.android.commands.input.Input
08-03 17:38:55.476 13010 13010 I Input   : injectMotionEvent: MotionEvent { action=ACTION_DOWN, actionButton=0, id[0]=0, x[0]=567.0, y[0]=714.0, toolType[0]=TOOL_TYPE_UNKNOWN, buttonState=0, metaState=0, flags=0x0, edgeFlags=0x0, pointerCount=1, historySize=0, eventTime=639551888, downTime=639551888, deviceId=0, source=0x1002 }
08-03 17:38:55.483 13010 13010 I Input   : injectMotionEvent: MotionEvent { action=ACTION_UP, actionButton=0, id[0]=0, x[0]=567.0, y[0]=714.0, toolType[0]=TOOL_TYPE_UNKNOWN, buttonState=0, metaState=0, flags=0x0, edgeFlags=0x0, pointerCount=1, historySize=0, eventTime=639551888, downTime=639551888, deviceId=0, source=0x1002 }
08-03 17:38:55.490 13010 13010 D AndroidRuntime: Shutting down VM
08-03 17:38:55.494   512  2967 D audio_hw_primary: out_set_parameters: enter: usecase(1: low-latency-playback) kvpairs: routing=2
08-03 17:38:55.507   512  2967 D audio_hw_primary: select_devices: out_snd_device(2: speaker) in_snd_device(0: none)
08-03 17:38:55.507   512  2967 D msm8974_platform: platform_send_audio_calibration: sending audio calibration for snd_device(2) acdb_id(15)
08-03 17:38:55.507   512  2967 I soundtrigger: audio_extn_sound_trigger_update_device_status: device 0x2 of type 0 for Event 1
08-03 17:38:55.519   512  2967 D audio_hw_primary: enable_snd_device: snd_device(2: speaker)
08-03 17:38:55.522   512  2967 D audio_hw_primary: enable_audio_route: apply and update mixer path: low-latency-playback speaker
08-03 17:38:55.675 11177 11286 I art     : Starting a blocking GC Explicit
08-03 17:38:55.712 11177 11286 I art     : Explicit concurrent mark sweep GC freed 6552(296KB) AllocSpace objects, 1(20KB) LOS objects, 37% free, 27MB/43MB, paused 1.348ms total 36.219ms
08-03 17:38:55.724 11177 11286 I art     : Starting a blocking GC Explicit
08-03 17:38:55.755 11177 11286 I art     : Explicit concurrent mark sweep GC freed 2620(126KB) AllocSpace objects, 1(220KB) LOS objects, 37% free, 26MB/42MB, paused 1.336ms total 31.537ms
08-03 17:38:55.766 11177 11286 I art     : Starting a blocking GC Explicit
08-03 17:38:55.798 11177 11286 I art     : Explicit concurrent mark sweep GC freed 400(29KB) AllocSpace objects, 0(0B) LOS objects, 37% free, 26MB/42MB, paused 1.267ms total 31.211ms
08-03 17:38:55.809 11177 11286 I art     : Starting a blocking GC Explicit
08-03 17:38:55.841 11177 11286 I art     : Explicit concurrent mark sweep GC freed 90(3056B) AllocSpace objects, 0(0B) LOS objects, 37% free, 26MB/42MB, paused 1.183ms total 31.741ms
08-03 17:38:55.852 11177 11286 I art     : Starting a blocking GC Explicit
08-03 17:38:55.885 11177 11286 I art     : Explicit concurrent mark sweep GC freed 15(544B) AllocSpace objects, 0(0B) LOS objects, 37% free, 26MB/42MB, paused 1.195ms total 32.432ms
08-03 17:38:55.893 11177 11197 I NAPPA_EXPERIMENTATION: MetricNetworkRequestExecutionTime: REQUEST_DURATION_SYSTEM='392',REQUEST_DURATION_OKHTTP='162',REQUEST_SYNCHRONOUS='TRUE',RESPONSE_CODE='400',RESPONSE_METHOD='GET',RESPONSE_LENGTH_OKHTTP='0',RESPONSE_LENGTH_HEADER='0',REQUEST_PROTOCOL='h2',REQUEST_URL='https://itunes.apple.com/en/rss/toppodcasts/limit=25/explicit=true/json',
08-03 17:38:56.045 11177 11197 I NAPPA_EXPERIMENTATION: MetricNetworkRequestExecutionTime: REQUEST_DURATION_SYSTEM='151',REQUEST_DURATION_OKHTTP='150',REQUEST_SYNCHRONOUS='TRUE',RESPONSE_CODE='200',RESPONSE_METHOD='GET',RESPONSE_LENGTH_OKHTTP='-1',RESPONSE_LENGTH_HEADER='10075',REQUEST_PROTOCOL='h2',REQUEST_URL='https://itunes.apple.com/us/rss/toppodcasts/limit=25/explicit=true/json',
08-03 17:38:56.059   512  2967 D audio_hw_primary: disable_audio_route: reset and update mixer path: low-latency-playback speaker
08-03 17:38:56.060   512  2967 D audio_hw_primary: disable_snd_device: snd_device(2: speaker)
08-03 17:38:56.068   512  2967 I soundtrigger: audio_extn_sound_trigger_update_device_status: device 0x2 of type 0 for Event 0
08-03 17:38:56.090 11177 11905 D ApOkHttpUrlLoader: buildLoadData() called with: model = [https://is4-ssl.mzstatic.com/image/thumb/Podcasts114/v4/3f/16/74/3f167426-bf50-ce3a-d709-e4301620fc5b/mza_5832671293059882550.jpeg/170x170bb.png], width = [224], height = [224]
08-03 17:38:56.092 11177 11913 D DBReader: getImageAuthentication() called with: imageUrl = [https://is4-ssl.mzstatic.com/image/thumb/Podcasts114/v4/3f/16/74/3f167426-bf50-ce3a-d709-e4301620fc5b/mza_5832671293059882550.jpeg/170x170bb.png]
08-03 17:38:56.095 11177 11913 D ApOkHttpUrlLoader: no credentials for 'https://is4-ssl.mzstatic.com/image/thumb/Podcasts114/v4/3f/16/74/3f167426-bf50-ce3a-d709-e4301620fc5b/mza_5832671293059882550.jpeg/170x170bb.png'
08-03 17:38:56.098 11177 11908 D ApOkHttpUrlLoader: buildLoadData() called with: model = [https://is4-ssl.mzstatic.com/image/thumb/Podcasts113/v4/e5/8a/10/e58a108f-f5d0-f622-c94a-13f66edd570c/mza_3025981348644196724.jpg/170x170bb.png], width = [224], height = [224]
08-03 17:38:56.100 11177 11912 D DBReader: getImageAuthentication() called with: imageUrl = [https://is4-ssl.mzstatic.com/image/thumb/Podcasts113/v4/e5/8a/10/e58a108f-f5d0-f622-c94a-13f66edd570c/mza_3025981348644196724.jpg/170x170bb.png]
08-03 17:38:56.102 11177 11907 D ApOkHttpUrlLoader: buildLoadData() called with: model = [https://is2-ssl.mzstatic.com/image/thumb/Podcasts113/v4/a9/39/cc/a939ccc5-6d60-0c11-0a4c-16d71cdef89b/mza_8787577209688278658.jpg/170x170bb.png], width = [224], height = [224]
08-03 17:38:56.103 11177 11912 D ApOkHttpUrlLoader: no credentials for 'https://is4-ssl.mzstatic.com/image/thumb/Podcasts113/v4/e5/8a/10/e58a108f-f5d0-f622-c94a-13f66edd570c/mza_3025981348644196724.jpg/170x170bb.png'
08-03 17:38:56.103 11177 11915 D DBReader: getImageAuthentication() called with: imageUrl = [https://is2-ssl.mzstatic.com/image/thumb/Podcasts113/v4/a9/39/cc/a939ccc5-6d60-0c11-0a4c-16d71cdef89b/mza_8787577209688278658.jpg/170x170bb.png]
08-03 17:38:56.106 11177 11906 D ApOkHttpUrlLoader: buildLoadData() called with: model = [https://is5-ssl.mzstatic.com/image/thumb/Podcasts114/v4/93/cf/99/93cf9960-fff3-205e-6655-72c03ddeccb2/mza_10545582232493904175.jpeg/170x170bb.png], width = [224], height = [224]
08-03 17:38:56.108 11177 11915 D ApOkHttpUrlLoader: no credentials for 'https://is2-ssl.mzstatic.com/image/thumb/Podcasts113/v4/a9/39/cc/a939ccc5-6d60-0c11-0a4c-16d71cdef89b/mza_8787577209688278658.jpg/170x170bb.png'
08-03 17:38:56.108 11177 11909 D DBReader: getImageAuthentication() called with: imageUrl = [https://is5-ssl.mzstatic.com/image/thumb/Podcasts114/v4/93/cf/99/93cf9960-fff3-205e-6655-72c03ddeccb2/mza_10545582232493904175.jpeg/170x170bb.png]
08-03 17:38:56.108 11177 11905 D ApOkHttpUrlLoader: buildLoadData() called with: model = [https://is4-ssl.mzstatic.com/image/thumb/Podcasts124/v4/49/a4/91/49a491b7-3daf-c5dc-d7c6-6c4f1486955c/mza_5930014091766152297.png/170x170bb.png], width = [224], height = [224]
08-03 17:38:56.109 11177 11914 D DBReader: getImageAuthentication() called with: imageUrl = [https://is4-ssl.mzstatic.com/image/thumb/Podcasts124/v4/49/a4/91/49a491b7-3daf-c5dc-d7c6-6c4f1486955c/mza_5930014091766152297.png/170x170bb.png]
08-03 17:38:56.111 11177 11908 D ApOkHttpUrlLoader: buildLoadData() called with: model = [https://is5-ssl.mzstatic.com/image/thumb/Podcasts113/v4/fd/54/6e/fd546ea0-7ab2-e3f0-6049-884d82917af9/mza_4855349695799758348.jpeg/170x170bb.png], width = [224], height = [224]
08-03 17:38:56.112 11177 11909 D ApOkHttpUrlLoader: no credentials for 'https://is5-ssl.mzstatic.com/image/thumb/Podcasts114/v4/93/cf/99/93cf9960-fff3-205e-6655-72c03ddeccb2/mza_10545582232493904175.jpeg/170x170bb.png'
08-03 17:38:56.112 11177 11910 D DBReader: getImageAuthentication() called with: imageUrl = [https://is5-ssl.mzstatic.com/image/thumb/Podcasts113/v4/fd/54/6e/fd546ea0-7ab2-e3f0-6049-884d82917af9/mza_4855349695799758348.jpeg/170x170bb.png]
08-03 17:38:56.115 11177 11907 D ApOkHttpUrlLoader: buildLoadData() called with: model = [https://is2-ssl.mzstatic.com/image/thumb/Podcasts114/v4/b3/4c/cf/b34ccfc2-cea4-1ca1-0fad-7793af301cc5/mza_2466085192629456364.jpg/170x170bb.png], width = [224], height = [224]
08-03 17:38:56.115 11177 11914 D ApOkHttpUrlLoader: no credentials for 'https://is4-ssl.mzstatic.com/image/thumb/Podcasts124/v4/49/a4/91/49a491b7-3daf-c5dc-d7c6-6c4f1486955c/mza_5930014091766152297.png/170x170bb.png'
08-03 17:38:56.116 11177 11911 D DBReader: getImageAuthentication() called with: imageUrl = [https://is2-ssl.mzstatic.com/image/thumb/Podcasts114/v4/b3/4c/cf/b34ccfc2-cea4-1ca1-0fad-7793af301cc5/mza_2466085192629456364.jpg/170x170bb.png]
08-03 17:38:56.119 11177 11910 D ApOkHttpUrlLoader: no credentials for 'https://is5-ssl.mzstatic.com/image/thumb/Podcasts113/v4/fd/54/6e/fd546ea0-7ab2-e3f0-6049-884d82917af9/mza_4855349695799758348.jpeg/170x170bb.png'
08-03 17:38:56.122 11177 11911 D ApOkHttpUrlLoader: no credentials for 'https://is2-ssl.mzstatic.com/image/thumb/Podcasts114/v4/b3/4c/cf/b34ccfc2-cea4-1ca1-0fad-7793af301cc5/mza_2466085192629456364.jpg/170x170bb.png'
08-03 17:38:56.187 11177 12570 I art     : Starting a blocking GC Explicit
08-03 17:38:56.226 11177 12570 I art     : Explicit concurrent mark sweep GC freed 12988(766KB) AllocSpace objects, 5(372KB) LOS objects, 37% free, 26MB/42MB, paused 1.448ms total 38.566ms
08-03 17:38:56.239 11177 12570 I art     : Starting a blocking GC Explicit
08-03 17:38:56.275 11177 12570 I art     : Explicit concurrent mark sweep GC freed 20194(862KB) AllocSpace objects, 0(0B) LOS objects, 37% free, 27MB/43MB, paused 1.549ms total 35.493ms
08-03 17:38:56.288 11177 12570 I art     : Starting a blocking GC Explicit
08-03 17:38:56.323 11177 12570 I art     : Explicit concurrent mark sweep GC freed 7037(373KB) AllocSpace objects, 0(0B) LOS objects, 37% free, 27MB/43MB, paused 1.598ms total 35.276ms
08-03 17:38:56.335 11177 12570 I art     : Starting a blocking GC Explicit
08-03 17:38:56.369 11177 12570 I art     : Explicit concurrent mark sweep GC freed 538(91KB) AllocSpace objects, 0(0B) LOS objects, 37% free, 26MB/42MB, paused 1.555ms total 33.941ms
08-03 17:38:56.380 11177 12570 I art     : Starting a blocking GC Explicit
08-03 17:38:56.417 11177 12570 I art     : Explicit concurrent mark sweep GC freed 210(7KB) AllocSpace objects, 0(0B) LOS objects, 37% free, 26MB/42MB, paused 1.630ms total 36.153ms
08-03 17:38:56.436 11177 11913 D MYTAG   : interceptor 2a
08-03 17:38:56.436 11177 11913 I NAPPA_EXPERIMENTATION: MetricNetworkRequestExecutionTime: REQUEST_DURATION_SYSTEM='341',REQUEST_DURATION_OKHTTP='168',REQUEST_SYNCHRONOUS='TRUE',RESPONSE_CODE='200',RESPONSE_METHOD='GET',RESPONSE_LENGTH_OKHTTP='26177',RESPONSE_LENGTH_HEADER='26177',REQUEST_PROTOCOL='h2',REQUEST_URL='https://is4-ssl.mzstatic.com/image/thumb/Podcasts114/v4/3f/16/74/3f167426-bf50-ce3a-d709-e4301620fc5b/mza_5832671293059882550.jpeg/170x170bb.png',
08-03 17:38:56.510 11177 11915 D MYTAG   : interceptor 2a
08-03 17:38:56.510 11177 11915 I NAPPA_EXPERIMENTATION: MetricNetworkRequestExecutionTime: REQUEST_DURATION_SYSTEM='402',REQUEST_DURATION_OKHTTP='226',REQUEST_SYNCHRONOUS='TRUE',RESPONSE_CODE='200',RESPONSE_METHOD='GET',RESPONSE_LENGTH_OKHTTP='48239',RESPONSE_LENGTH_HEADER='48239',REQUEST_PROTOCOL='h2',REQUEST_URL='https://is2-ssl.mzstatic.com/image/thumb/Podcasts113/v4/a9/39/cc/a939ccc5-6d60-0c11-0a4c-16d71cdef89b/mza_8787577209688278658.jpg/170x170bb.png',
08-03 17:38:56.566 11177 11912 D MYTAG   : interceptor 2a
08-03 17:38:56.566 11177 11912 I NAPPA_EXPERIMENTATION: MetricNetworkRequestExecutionTime: REQUEST_DURATION_SYSTEM='463',REQUEST_DURATION_OKHTTP='284',REQUEST_SYNCHRONOUS='TRUE',RESPONSE_CODE='200',RESPONSE_METHOD='GET',RESPONSE_LENGTH_OKHTTP='45995',RESPONSE_LENGTH_HEADER='45995',REQUEST_PROTOCOL='h2',REQUEST_URL='https://is4-ssl.mzstatic.com/image/thumb/Podcasts113/v4/e5/8a/10/e58a108f-f5d0-f622-c94a-13f66edd570c/mza_3025981348644196724.jpg/170x170bb.png',
08-03 17:38:56.575 11177 11911 D MYTAG   : interceptor 2a
08-03 17:38:56.576 11177 11911 I NAPPA_EXPERIMENTATION: MetricNetworkRequestExecutionTime: REQUEST_DURATION_SYSTEM='453',REQUEST_DURATION_OKHTTP='271',REQUEST_SYNCHRONOUS='TRUE',RESPONSE_CODE='200',RESPONSE_METHOD='GET',RESPONSE_LENGTH_OKHTTP='42299',RESPONSE_LENGTH_HEADER='42299',REQUEST_PROTOCOL='h2',REQUEST_URL='https://is2-ssl.mzstatic.com/image/thumb/Podcasts114/v4/b3/4c/cf/b34ccfc2-cea4-1ca1-0fad-7793af301cc5/mza_2466085192629456364.jpg/170x170bb.png',
08-03 17:38:56.584 11177 11914 D MYTAG   : interceptor 2a
08-03 17:38:56.585 11177 11914 I NAPPA_EXPERIMENTATION: MetricNetworkRequestExecutionTime: REQUEST_DURATION_SYSTEM='468',REQUEST_DURATION_OKHTTP='288',REQUEST_SYNCHRONOUS='TRUE',RESPONSE_CODE='200',RESPONSE_METHOD='GET',RESPONSE_LENGTH_OKHTTP='12000',RESPONSE_LENGTH_HEADER='12000',REQUEST_PROTOCOL='h2',REQUEST_URL='https://is4-ssl.mzstatic.com/image/thumb/Podcasts124/v4/49/a4/91/49a491b7-3daf-c5dc-d7c6-6c4f1486955c/mza_5930014091766152297.png/170x170bb.png',
08-03 17:38:56.585 11177 11909 D MYTAG   : interceptor 2a
08-03 17:38:56.586 11177 11909 I NAPPA_EXPERIMENTATION: MetricNetworkRequestExecutionTime: REQUEST_DURATION_SYSTEM='472',REQUEST_DURATION_OKHTTP='301',REQUEST_SYNCHRONOUS='TRUE',RESPONSE_CODE='200',RESPONSE_METHOD='GET',RESPONSE_LENGTH_OKHTTP='22351',RESPONSE_LENGTH_HEADER='22351',REQUEST_PROTOCOL='h2',REQUEST_URL='https://is5-ssl.mzstatic.com/image/thumb/Podcasts114/v4/93/cf/99/93cf9960-fff3-205e-6655-72c03ddeccb2/mza_10545582232493904175.jpeg/170x170bb.png',
08-03 17:38:56.711 11177 12570 I art     : Starting a blocking GC Explicit
08-03 17:38:56.754 11177 12570 I art     : Explicit concurrent mark sweep GC freed 4040(248KB) AllocSpace objects, 1(20KB) LOS objects, 36% free, 28MB/44MB, paused 1.419ms total 42.443ms
08-03 17:38:56.766 11177 12570 I art     : Starting a blocking GC Explicit
08-03 17:38:56.776 11177 11910 D MYTAG   : interceptor 2a
08-03 17:38:56.776 11177 11910 I NAPPA_EXPERIMENTATION: MetricNetworkRequestExecutionTime: REQUEST_DURATION_SYSTEM='657',REQUEST_DURATION_OKHTTP='470',REQUEST_SYNCHRONOUS='TRUE',RESPONSE_CODE='200',RESPONSE_METHOD='GET',RESPONSE_LENGTH_OKHTTP='54835',RESPONSE_LENGTH_HEADER='54835',REQUEST_PROTOCOL='h2',REQUEST_URL='https://is5-ssl.mzstatic.com/image/thumb/Podcasts113/v4/fd/54/6e/fd546ea0-7ab2-e3f0-6049-884d82917af9/mza_4855349695799758348.jpeg/170x170bb.png',
08-03 17:38:56.798 11177 12570 I art     : Explicit concurrent mark sweep GC freed 495(29KB) AllocSpace objects, 0(0B) LOS objects, 35% free, 28MB/44MB, paused 1.331ms total 31.921ms
08-03 17:38:56.810 11177 12570 I art     : Starting a blocking GC Explicit
08-03 17:38:56.843 11177 12570 I art     : Explicit concurrent mark sweep GC freed 283(11KB) AllocSpace objects, 0(0B) LOS objects, 36% free, 28MB/44MB, paused 1.184ms total 32.875ms
08-03 17:38:56.854 11177 12570 I art     : Starting a blocking GC Explicit
08-03 17:38:56.889 11177 12570 I art     : Explicit concurrent mark sweep GC freed 11(672B) AllocSpace objects, 0(0B) LOS objects, 36% free, 28MB/44MB, paused 1.238ms total 34.425ms
08-03 17:38:56.901 11177 12570 I art     : Starting a blocking GC Explicit
08-03 17:38:56.937 11177 12570 I art     : Explicit concurrent mark sweep GC freed 3(96B) AllocSpace objects, 0(0B) LOS objects, 36% free, 28MB/44MB, paused 1.244ms total 35.709ms
08-03 17:38:57.258 11177 11190 I art     : Starting a blocking GC Explicit
08-03 17:38:57.304 11177 11190 I art     : Explicit concurrent mark sweep GC freed 1369(80KB) AllocSpace objects, 1(20KB) LOS objects, 36% free, 28MB/44MB, paused 1.354ms total 46.357ms
08-03 17:38:57.320 11177 11190 I art     : Starting a blocking GC Explicit
08-03 17:38:57.358 11177 11190 I art     : Explicit concurrent mark sweep GC freed 23(752B) AllocSpace objects, 0(0B) LOS objects, 36% free, 28MB/44MB, paused 1.380ms total 37.943ms
08-03 17:38:57.370 11177 11190 I art     : Starting a blocking GC Explicit
08-03 17:38:57.408 11177 11190 I art     : Explicit concurrent mark sweep GC freed 3(96B) AllocSpace objects, 0(0B) LOS objects, 36% free, 28MB/44MB, paused 1.375ms total 37.596ms
08-03 17:38:57.421 11177 11190 I art     : Starting a blocking GC Explicit
08-03 17:38:57.458 11177 11190 I art     : Explicit concurrent mark sweep GC freed 3(96B) AllocSpace objects, 0(0B) LOS objects, 36% free, 28MB/44MB, paused 1.313ms total 37.228ms
08-03 17:38:57.471 11177 11190 I art     : Starting a blocking GC Explicit
08-03 17:38:57.510 11177 11190 I art     : Explicit concurrent mark sweep GC freed 3(96B) AllocSpace objects, 0(0B) LOS objects, 36% free, 28MB/44MB, paused 1.337ms total 38.717ms
08-03 17:38:57.858 11177 12570 I art     : Starting a blocking GC Explicit
08-03 17:38:57.897 11177 12570 I art     : Explicit concurrent mark sweep GC freed 1425(83KB) AllocSpace objects, 1(20KB) LOS objects, 36% free, 28MB/44MB, paused 1.339ms total 38.602ms
08-03 17:38:57.909 11177 12570 I art     : Starting a blocking GC Explicit
08-03 17:38:57.946 11177 12570 I art     : Explicit concurrent mark sweep GC freed 27(880B) AllocSpace objects, 0(0B) LOS objects, 36% free, 28MB/44MB, paused 1.183ms total 36ms
08-03 17:38:57.958 11177 12570 I art     : Starting a blocking GC Explicit
08-03 17:38:57.993 11177 12570 I art     : Explicit concurrent mark sweep GC freed 3(96B) AllocSpace objects, 0(0B) LOS objects, 36% free, 28MB/44MB, paused 1.193ms total 34.765ms
08-03 17:38:58.006 11177 12570 I art     : Starting a blocking GC Explicit
08-03 17:38:58.042 11177 12570 I art     : Explicit concurrent mark sweep GC freed 3(96B) AllocSpace objects, 0(0B) LOS objects, 36% free, 28MB/44MB, paused 1.324ms total 36.340ms
08-03 17:38:58.055 11177 12570 I art     : Starting a blocking GC Explicit
08-03 17:38:58.093 11177 12570 I art     : Explicit concurrent mark sweep GC freed 3(96B) AllocSpace objects, 0(0B) LOS objects, 36% free, 28MB/44MB, paused 1.209ms total 38.273ms
08-03 17:38:58.452 11177 11189 I art     : Starting a blocking GC Explicit
08-03 17:38:58.498 11177 11189 I art     : Explicit concurrent mark sweep GC freed 1371(82KB) AllocSpace objects, 1(20KB) LOS objects, 36% free, 28MB/44MB, paused 1.372ms total 45.487ms
08-03 17:38:58.513 11177 11189 I art     : Starting a blocking GC Explicit
08-03 17:38:58.556 11177 11189 I art     : Explicit concurrent mark sweep GC freed 52(1536B) AllocSpace objects, 0(0B) LOS objects, 36% free, 28MB/44MB, paused 1.314ms total 42.276ms
08-03 17:38:58.568 11177 11189 I art     : Starting a blocking GC Explicit
08-03 17:38:58.606 11177 11189 I art     : Explicit concurrent mark sweep GC freed 3(96B) AllocSpace objects, 0(0B) LOS objects, 36% free, 28MB/44MB, paused 1.343ms total 37.413ms
08-03 17:38:58.618 11177 11189 I art     : Starting a blocking GC Explicit
08-03 17:38:58.657 11177 11189 I art     : Explicit concurrent mark sweep GC freed 3(96B) AllocSpace objects, 0(0B) LOS objects, 36% free, 28MB/44MB, paused 1.292ms total 38.595ms
08-03 17:38:58.669 11177 11189 I art     : Starting a blocking GC Explicit
08-03 17:38:58.708 11177 11189 I art     : Explicit concurrent mark sweep GC freed 3(96B) AllocSpace objects, 0(0B) LOS objects, 36% free, 28MB/44MB, paused 1.410ms total 38.534ms
08-03 17:38:59.058 11177 12089 I art     : Starting a blocking GC Explicit
08-03 17:38:59.101 11177 12089 I art     : Explicit concurrent mark sweep GC freed 1370(81KB) AllocSpace objects, 1(20KB) LOS objects, 36% free, 28MB/44MB, paused 1.330ms total 42.764ms
08-03 17:38:59.113 11177 12089 I art     : Starting a blocking GC Explicit
08-03 17:38:59.152 11177 12089 I art     : Explicit concurrent mark sweep GC freed 23(752B) AllocSpace objects, 0(0B) LOS objects, 36% free, 28MB/44MB, paused 1.325ms total 38.714ms
08-03 17:38:59.164 11177 12089 I art     : Starting a blocking GC Explicit
08-03 17:38:59.203 11177 12089 I art     : Explicit concurrent mark sweep GC freed 3(96B) AllocSpace objects, 0(0B) LOS objects, 36% free, 28MB/44MB, paused 1.340ms total 37.816ms
08-03 17:38:59.215 11177 12089 I art     : Starting a blocking GC Explicit
08-03 17:38:59.254 11177 12089 I art     : Explicit concurrent mark sweep GC freed 3(96B) AllocSpace objects, 0(0B) LOS objects, 36% free, 28MB/44MB, paused 1.304ms total 38.566ms
08-03 17:38:59.266 11177 12089 I art     : Starting a blocking GC Explicit
08-03 17:38:59.305 11177 12089 I art     : Explicit concurrent mark sweep GC freed 3(96B) AllocSpace objects, 0(0B) LOS objects, 36% free, 28MB/44MB, paused 1.425ms total 38.675ms
08-03 17:38:59.662 11177 11190 I art     : Starting a blocking GC Explicit
08-03 17:38:59.713 11177 11190 I art     : Explicit concurrent mark sweep GC freed 1400(83KB) AllocSpace objects, 1(20KB) LOS objects, 36% free, 28MB/44MB, paused 1.397ms total 50.999ms
08-03 17:38:59.729 11177 11190 I art     : Starting a blocking GC Explicit
08-03 17:38:59.767 11177 11190 I art     : Explicit concurrent mark sweep GC freed 23(752B) AllocSpace objects, 0(0B) LOS objects, 36% free, 28MB/44MB, paused 1.275ms total 37.693ms
08-03 17:38:59.779 11177 11190 I art     : Starting a blocking GC Explicit
08-03 17:38:59.818 11177 11190 I art     : Explicit concurrent mark sweep GC freed 3(96B) AllocSpace objects, 0(0B) LOS objects, 36% free, 28MB/44MB, paused 1.410ms total 38.677ms
08-03 17:38:59.830 11177 11190 I art     : Starting a blocking GC Explicit
08-03 17:38:59.869 11177 11190 I art     : Explicit concurrent mark sweep GC freed 3(96B) AllocSpace objects, 0(0B) LOS objects, 36% free, 28MB/44MB, paused 1.278ms total 38.622ms
08-03 17:38:59.881 11177 11190 I art     : Starting a blocking GC Explicit
08-03 17:38:59.920 11177 11190 I art     : Explicit concurrent mark sweep GC freed 3(96B) AllocSpace objects, 0(0B) LOS objects, 36% free, 28MB/44MB, paused 1.318ms total 37.816ms
08-03 17:39:00.288 11177 11286 I art     : Starting a blocking GC Explicit
08-03 17:39:00.337 11177 11286 I art     : Explicit concurrent mark sweep GC freed 1370(81KB) AllocSpace objects, 1(20KB) LOS objects, 36% free, 28MB/44MB, paused 1.381ms total 48.046ms
08-03 17:39:00.351 11177 11286 I art     : Starting a blocking GC Explicit
08-03 17:39:00.388 11177 11286 I art     : Explicit concurrent mark sweep GC freed 23(752B) AllocSpace objects, 0(0B) LOS objects, 36% free, 28MB/44MB, paused 1.381ms total 36.272ms
08-03 17:39:00.400 11177 11286 I art     : Starting a blocking GC Explicit
08-03 17:39:00.438 11177 11286 I art     : Explicit concurrent mark sweep GC freed 3(96B) AllocSpace objects, 0(0B) LOS objects, 36% free, 28MB/44MB, paused 1.280ms total 37.853ms
08-03 17:39:00.451 11177 11286 I art     : Starting a blocking GC Explicit
08-03 17:39:00.489 11177 11286 I art     : Explicit concurrent mark sweep GC freed 3(96B) AllocSpace objects, 0(0B) LOS objects, 36% free, 28MB/44MB, paused 1.356ms total 38.056ms
08-03 17:39:00.502 11177 11286 I art     : Starting a blocking GC Explicit
08-03 17:39:00.540 11177 11286 I art     : Explicit concurrent mark sweep GC freed 32(880B) AllocSpace objects, 0(0B) LOS objects, 36% free, 28MB/44MB, paused 1.336ms total 38.096ms
08-03 17:39:00.890 11177 12570 I art     : Starting a blocking GC Explicit
08-03 17:39:00.943 11177 12570 I art     : Explicit concurrent mark sweep GC freed 1369(80KB) AllocSpace objects, 1(20KB) LOS objects, 36% free, 28MB/44MB, paused 1.481ms total 52.095ms
08-03 17:39:00.959 11177 12570 I art     : Starting a blocking GC Explicit
08-03 17:39:00.997 11177 12570 I art     : Explicit concurrent mark sweep GC freed 23(752B) AllocSpace objects, 0(0B) LOS objects, 36% free, 28MB/44MB, paused 1.295ms total 37.641ms
08-03 17:39:01.009 11177 12570 I art     : Starting a blocking GC Explicit
08-03 17:39:01.048 11177 12570 I art     : Explicit concurrent mark sweep GC freed 3(96B) AllocSpace objects, 0(0B) LOS objects, 36% free, 28MB/44MB, paused 1.382ms total 38.200ms
08-03 17:39:01.060 11177 12570 I art     : Starting a blocking GC Explicit
08-03 17:39:01.097 11177 12570 I art     : Explicit concurrent mark sweep GC freed 3(96B) AllocSpace objects, 0(0B) LOS objects, 36% free, 28MB/44MB, paused 1.287ms total 35.897ms
08-03 17:39:01.109 11177 12570 I art     : Starting a blocking GC Explicit
08-03 17:39:01.147 11177 12570 I art     : Explicit concurrent mark sweep GC freed 3(96B) AllocSpace objects, 0(0B) LOS objects, 36% free, 28MB/44MB, paused 1.299ms total 37.842ms
08-03 17:39:01.497 11177 11189 I art     : Starting a blocking GC Explicit
08-03 17:39:01.548 11177 11189 I art     : Explicit concurrent mark sweep GC freed 1398(81KB) AllocSpace objects, 1(20KB) LOS objects, 36% free, 28MB/44MB, paused 1.541ms total 50.311ms
08-03 17:39:01.564 11177 11189 I art     : Starting a blocking GC Explicit
08-03 17:39:01.601 11177 11189 I art     : Explicit concurrent mark sweep GC freed 23(752B) AllocSpace objects, 0(0B) LOS objects, 36% free, 28MB/44MB, paused 1.300ms total 36.535ms
08-03 17:39:01.613 11177 11189 I art     : Starting a blocking GC Explicit
08-03 17:39:01.652 11177 11189 I art     : Explicit concurrent mark sweep GC freed 3(96B) AllocSpace objects, 0(0B) LOS objects, 36% free, 28MB/44MB, paused 1.300ms total 38.500ms
08-03 17:39:01.664 11177 11189 I art     : Starting a blocking GC Explicit
08-03 17:39:01.702 11177 11189 I art     : Explicit concurrent mark sweep GC freed 3(96B) AllocSpace objects, 0(0B) LOS objects, 36% free, 28MB/44MB, paused 1.312ms total 37.259ms
08-03 17:39:01.714 11177 11189 I art     : Starting a blocking GC Explicit
08-03 17:39:01.751 11177 11189 I art     : Explicit concurrent mark sweep GC freed 3(96B) AllocSpace objects, 0(0B) LOS objects, 36% free, 28MB/44MB, paused 1.251ms total 35.994ms
08-03 17:39:02.077 11177 12089 I art     : Starting a blocking GC Explicit
08-03 17:39:02.116 11177 12089 I art     : Explicit concurrent mark sweep GC freed 1369(80KB) AllocSpace objects, 1(20KB) LOS objects, 36% free, 28MB/44MB, paused 1.237ms total 38.586ms
08-03 17:39:02.128 11177 12089 I art     : Starting a blocking GC Explicit
08-03 17:39:02.165 11177 12089 I art     : Explicit concurrent mark sweep GC freed 23(752B) AllocSpace objects, 0(0B) LOS objects, 36% free, 28MB/44MB, paused 1.301ms total 36.319ms
08-03 17:39:02.177 11177 12089 I art     : Starting a blocking GC Explicit
08-03 17:39:02.201   518   646 I ThermalEngine: ACTION: GPU - Setting GPU[0] to 510000000
08-03 17:39:02.213 11177 12089 I art     : Explicit concurrent mark sweep GC freed 3(96B) AllocSpace objects, 0(0B) LOS objects, 36% free, 28MB/44MB, paused 1.333ms total 35.993ms
08-03 17:39:02.225 11177 12089 I art     : Starting a blocking GC Explicit
08-03 17:39:02.257 11177 12089 I art     : Explicit concurrent mark sweep GC freed 3(96B) AllocSpace objects, 0(0B) LOS objects, 36% free, 28MB/44MB, paused 1.097ms total 31.514ms
08-03 17:39:02.267 11177 12089 I art     : Starting a blocking GC Explicit
08-03 17:39:02.294 13158 13158 D AndroidRuntime: >>>>>> START com.android.internal.os.RuntimeInit uid 2000 <<<<<<
08-03 17:39:02.294 11177 12089 I art     : Explicit concurrent mark sweep GC freed 3(96B) AllocSpace objects, 0(0B) LOS objects, 36% free, 28MB/44MB, paused 1.079ms total 27.617ms
08-03 17:39:02.299 13158 13158 D AndroidRuntime: CheckJNI is OFF
08-03 17:39:02.333 13158 13158 D ICU     : No timezone override file found: /data/misc/zoneinfo/current/icu/icu_tzdata.dat
08-03 17:39:02.365 13158 13158 I Radio-JNI: register_android_hardware_Radio DONE
08-03 17:39:02.387 13158 13158 D AndroidRuntime: Calling main entry com.android.commands.input.Input
08-03 17:39:02.389 13158 13158 I Input   : injectMotionEvent: MotionEvent { action=ACTION_DOWN, actionButton=0, id[0]=0, x[0]=616.0, y[0]=469.0, toolType[0]=TOOL_TYPE_UNKNOWN, buttonState=0, metaState=0, flags=0x0, edgeFlags=0x0, pointerCount=1, historySize=0, eventTime=639558802, downTime=639558802, deviceId=0, source=0x1002 }
08-03 17:39:02.394 13158 13158 I Input   : injectMotionEvent: MotionEvent { action=ACTION_UP, actionButton=0, id[0]=0, x[0]=616.0, y[0]=469.0, toolType[0]=TOOL_TYPE_UNKNOWN, buttonState=0, metaState=0, flags=0x0, edgeFlags=0x0, pointerCount=1, historySize=0, eventTime=639558802, downTime=639558802, deviceId=0, source=0x1002 }
08-03 17:39:02.396 13158 13158 D AndroidRuntime: Shutting down VM
08-03 17:39:02.464   512  2967 D audio_hw_primary: out_set_parameters: enter: usecase(1: low-latency-playback) kvpairs: routing=2
08-03 17:39:02.478   512  2967 D audio_hw_primary: select_devices: out_snd_device(2: speaker) in_snd_device(0: none)
08-03 17:39:02.478   512  2967 D msm8974_platform: platform_send_audio_calibration: sending audio calibration for snd_device(2) acdb_id(15)
08-03 17:39:02.478   512  2967 I soundtrigger: audio_extn_sound_trigger_update_device_status: device 0x2 of type 0 for Event 1
08-03 17:39:02.490   512  2967 D audio_hw_primary: enable_snd_device: snd_device(2: speaker)
08-03 17:39:02.492   512  2967 D audio_hw_primary: enable_audio_route: apply and update mixer path: low-latency-playback speaker
08-03 17:39:02.559 11177 12089 I art     : Starting a blocking GC Explicit
08-03 17:39:02.587 11177 12089 I art     : Explicit concurrent mark sweep GC freed 1634(90KB) AllocSpace objects, 1(20KB) LOS objects, 36% free, 28MB/44MB, paused 989us total 27.521ms
08-03 17:39:02.597 11177 12089 I art     : Starting a blocking GC Explicit
08-03 17:39:02.624 11177 12089 I art     : Explicit concurrent mark sweep GC freed 49(1712B) AllocSpace objects, 0(0B) LOS objects, 36% free, 28MB/44MB, paused 984us total 27.369ms
08-03 17:39:02.633 11177 12089 I art     : Starting a blocking GC Explicit
08-03 17:39:02.659 11177 12089 I art     : Explicit concurrent mark sweep GC freed 13(480B) AllocSpace objects, 0(0B) LOS objects, 36% free, 28MB/44MB, paused 996us total 26.085ms
08-03 17:39:02.668 11177 12089 I art     : Starting a blocking GC Explicit
08-03 17:39:02.692 11177 11707 I NAPPA_EXPERIMENTATION: MetricNetworkRequestExecutionTime: REQUEST_DURATION_SYSTEM='227',REQUEST_DURATION_OKHTTP='226',REQUEST_SYNCHRONOUS='TRUE',RESPONSE_CODE='200',RESPONSE_METHOD='GET',RESPONSE_LENGTH_OKHTTP='-1',RESPONSE_LENGTH_HEADER='628',REQUEST_PROTOCOL='h2',REQUEST_URL='https://itunes.apple.com/lookup?id=1524080195',
08-03 17:39:02.696 11177 12089 I art     : Explicit concurrent mark sweep GC freed 248(20KB) AllocSpace objects, 0(0B) LOS objects, 36% free, 28MB/44MB, paused 1.264ms total 27.333ms
08-03 17:39:02.706 11177 12089 I art     : Starting a blocking GC Explicit
08-03 17:39:02.710   918  6029 I ActivityManager: START u0 {cmp=baseline.de.danoeh.antennapod.debug/baseline.de.danoeh.antennapod.activity.OnlineFeedViewActivity (has extras)} from uid 10633 on display 0
08-03 17:39:02.731 11177 12089 I art     : Explicit concurrent mark sweep GC freed 554(34KB) AllocSpace objects, 0(0B) LOS objects, 36% free, 28MB/44MB, paused 925us total 25.164ms
08-03 17:39:02.733 13866 13866 I GoogleInputMethodServic: GoogleInputMethodService.onFinishInput():3138 
08-03 17:39:02.733 13866 13866 I GoogleInputMethodServic: GoogleInputMethodService.onStartInput():1808 
08-03 17:39:02.753 11177 11177 D UserPreferences: Using default data folder
08-03 17:39:02.754 11177 11177 D OnlineFeedViewActivity: Activity was started with url https://rss.art19.com/nice-white-parents
08-03 17:39:02.756 11177 11177 D OnlineFeedViewActivity: Starting feed download
08-03 17:39:02.758 11177 11203 D DBReader: Extracting Feedlist
08-03 17:39:02.760   918  6029 D WifiService: acquireWifiLockLocked: WifiLock{Downloader type=1 binder=android.os.BinderProxy@96a02f8}
08-03 17:39:02.760 11177 11203 D AntennapodHttpClient: Creating new instance of HTTP client
08-03 17:39:02.819 13866 13866 I GoogleInputMethodServic: GoogleInputMethodService.onFinishInput():3138 
08-03 17:39:02.820 13866 13866 I GoogleInputMethodServic: GoogleInputMethodService.onStartInput():1808 
08-03 17:39:02.850   918   936 I ActivityManager: Displayed baseline.de.danoeh.antennapod.debug/baseline.de.danoeh.antennapod.activity.OnlineFeedViewActivity: +116ms
08-03 17:39:03.002 11177 12570 I art     : Starting a blocking GC Explicit
08-03 17:39:03.028   512  2967 D audio_hw_primary: disable_audio_route: reset and update mixer path: low-latency-playback speaker
08-03 17:39:03.029   512  2967 D audio_hw_primary: disable_snd_device: snd_device(2: speaker)
08-03 17:39:03.030 11177 12570 I art     : Explicit concurrent mark sweep GC freed 7265(389KB) AllocSpace objects, 4(220KB) LOS objects, 35% free, 28MB/44MB, paused 983us total 28.187ms
08-03 17:39:03.037   512  2967 I soundtrigger: audio_extn_sound_trigger_update_device_status: device 0x2 of type 0 for Event 0
08-03 17:39:03.039 11177 12570 I art     : Starting a blocking GC Explicit
08-03 17:39:03.051 11177 11203 D MYTAG   : interceptor 3a https://rss.art19.com/nice-white-parents
08-03 17:39:03.051 11177 11203 I NAPPA_EXPERIMENTATION: MetricNetworkRequestExecutionTime: REQUEST_DURATION_SYSTEM='290',REQUEST_DURATION_OKHTTP='142',REQUEST_SYNCHRONOUS='TRUE',RESPONSE_CODE='200',RESPONSE_METHOD='GET',RESPONSE_LENGTH_OKHTTP='-1',RESPONSE_LENGTH_HEADER='1803',REQUEST_PROTOCOL='h2',REQUEST_URL='https://rss.art19.com/nice-white-parents',
08-03 17:39:03.051 11177 11203 D HttpDownloader: Response code is 200
08-03 17:39:03.051 11177 11203 D UserPreferences: Using default data folder
08-03 17:39:03.053 11177 11203 D HttpDownloader: Getting size of download
08-03 17:39:03.053 11177 11203 D HttpDownloader: Size is -1
08-03 17:39:03.053 11177 11203 D UserPreferences: Using default data folder
08-03 17:39:03.053 11177 11203 D HttpDownloader: Free space is 20752805888
08-03 17:39:03.053 11177 11203 D HttpDownloader: Starting download
08-03 17:39:03.066 11177 11203 D HttpDownloader: Download was successful
08-03 17:39:03.066 11177 12570 I art     : Explicit concurrent mark sweep GC freed 1553(151KB) AllocSpace objects, 0(0B) LOS objects, 35% free, 28MB/44MB, paused 1.038ms total 27.318ms
08-03 17:39:03.066   918  6029 D WifiService: releaseWifiLockLocked: WifiLock{Downloader type=1 binder=android.os.BinderProxy@96a02f8}
08-03 17:39:03.067 11177 11177 D OnlineFeedViewActivity: Parsing feed
08-03 17:39:03.069 11177 13212 D TypeGetter: Recognized type RSS 2.0
08-03 17:39:03.072 11177 13212 D SyndHandler: Recognized ITunes namespace
08-03 17:39:03.072 11177 13212 D SyndHandler: Recognized Atom namespace
08-03 17:39:03.072 11177 13212 D SyndHandler: Recognized Content namespace
08-03 17:39:03.075 11177 12570 I art     : Starting a blocking GC Explicit
08-03 17:39:03.076   380   380 W SurfaceFlinger: couldn't log to binary event log: overflow.
08-03 17:39:03.083 11177 13212 D OnlineFeedViewActivity: Deleted feed source file. Result: true
08-03 17:39:03.084 11177 11177 D OnlineFeedViewActivity: Removing HTML from shownotes
08-03 17:39:03.100 11177 12570 I art     : Explicit concurrent mark sweep GC freed 1120(205KB) AllocSpace objects, 4(128KB) LOS objects, 35% free, 28MB/44MB, paused 1.245ms total 25.415ms
08-03 17:39:03.109 11177 12570 I art     : Starting a blocking GC Explicit
08-03 17:39:03.134 11177 12570 I art     : Explicit concurrent mark sweep GC freed 1189(80KB) AllocSpace objects, 0(0B) LOS objects, 35% free, 28MB/44MB, paused 886us total 24.942ms
08-03 17:39:03.143 11177 12570 I art     : Starting a blocking GC Explicit
08-03 17:39:03.168 11177 12570 I art     : Explicit concurrent mark sweep GC freed 154(9KB) AllocSpace objects, 0(0B) LOS objects, 35% free, 28MB/44MB, paused 910us total 25.201ms
08-03 17:39:03.216 11177 11177 D PlaybackController: Releasing PlaybackController
08-03 17:39:03.226   918 13198 D NetlinkSocketObserver: NeighborEvent{elapsedMs=1622947101, 192.168.2.254, [7C3953A63323], RTM_NEWNEIGH, NUD_STALE}
08-03 17:39:03.453 11177 12089 I art     : Starting a blocking GC Explicit
08-03 17:39:03.485 11177 12089 I art     : Explicit concurrent mark sweep GC freed 1616(93KB) AllocSpace objects, 2(132KB) LOS objects, 35% free, 28MB/44MB, paused 1.299ms total 31.623ms
08-03 17:39:03.495 11177 12089 I art     : Starting a blocking GC Explicit
08-03 17:39:03.525 11177 12089 I art     : Explicit concurrent mark sweep GC freed 68(2080B) AllocSpace objects, 0(0B) LOS objects, 35% free, 28MB/44MB, paused 1.003ms total 30.139ms
08-03 17:39:03.535 11177 12089 I art     : Starting a blocking GC Explicit
08-03 17:39:03.565 11177 12089 I art     : Explicit concurrent mark sweep GC freed 3(96B) AllocSpace objects, 0(0B) LOS objects, 35% free, 28MB/44MB, paused 1ms total 28.909ms
08-03 17:39:03.574 11177 12089 I art     : Starting a blocking GC Explicit
08-03 17:39:03.605 11177 12089 I art     : Explicit concurrent mark sweep GC freed 3(96B) AllocSpace objects, 0(0B) LOS objects, 35% free, 28MB/44MB, paused 1.106ms total 30.771ms
08-03 17:39:03.615 11177 12089 I art     : Starting a blocking GC Explicit
08-03 17:39:03.646 11177 12089 I art     : Explicit concurrent mark sweep GC freed 3(96B) AllocSpace objects, 0(0B) LOS objects, 35% free, 28MB/44MB, paused 1.036ms total 30.661ms
08-03 17:39:03.943 11177 11189 I art     : Starting a blocking GC Explicit
08-03 17:39:03.982 11177 11189 I art     : Explicit concurrent mark sweep GC freed 1369(80KB) AllocSpace objects, 1(20KB) LOS objects, 35% free, 28MB/44MB, paused 1.099ms total 38.320ms
08-03 17:39:03.996 11177 11189 I art     : Starting a blocking GC Explicit
08-03 17:39:04.027 11177 11189 I art     : Explicit concurrent mark sweep GC freed 23(752B) AllocSpace objects, 0(0B) LOS objects, 35% free, 28MB/44MB, paused 1.018ms total 30.833ms
08-03 17:39:04.037 11177 11189 I art     : Starting a blocking GC Explicit
08-03 17:39:04.068 11177 11189 I art     : Explicit concurrent mark sweep GC freed 3(96B) AllocSpace objects, 0(0B) LOS objects, 35% free, 28MB/44MB, paused 1.137ms total 31.162ms
08-03 17:39:04.078 11177 11189 I art     : Starting a blocking GC Explicit
08-03 17:39:04.108 11177 11189 I art     : Explicit concurrent mark sweep GC freed 3(96B) AllocSpace objects, 0(0B) LOS objects, 35% free, 28MB/44MB, paused 1.040ms total 29.967ms
08-03 17:39:04.118 11177 11189 I art     : Starting a blocking GC Explicit
08-03 17:39:04.148 11177 11189 I art     : Explicit concurrent mark sweep GC freed 3(96B) AllocSpace objects, 0(0B) LOS objects, 35% free, 28MB/44MB, paused 1.100ms total 30.416ms
08-03 17:39:04.209   518   646 I ThermalEngine: ACTION: GPU - Setting GPU[0] to 450000000
08-03 17:39:04.506 11177 11190 I art     : Starting a blocking GC Explicit
08-03 17:39:04.556 11177 11190 I art     : Explicit concurrent mark sweep GC freed 1398(81KB) AllocSpace objects, 1(20KB) LOS objects, 35% free, 28MB/44MB, paused 1.486ms total 49.196ms
08-03 17:39:04.570 11177 11190 I art     : Starting a blocking GC Explicit
08-03 17:39:04.611 11177 11190 I art     : Explicit concurrent mark sweep GC freed 23(752B) AllocSpace objects, 0(0B) LOS objects, 35% free, 28MB/44MB, paused 1.402ms total 40.459ms
08-03 17:39:04.624 11177 11190 I art     : Starting a blocking GC Explicit
08-03 17:39:04.665 11177 11190 I art     : Explicit concurrent mark sweep GC freed 3(96B) AllocSpace objects, 0(0B) LOS objects, 35% free, 28MB/44MB, paused 1.415ms total 40.905ms
08-03 17:39:04.678 11177 11190 I art     : Starting a blocking GC Explicit
08-03 17:39:04.719 11177 11190 I art     : Explicit concurrent mark sweep GC freed 5(160B) AllocSpace objects, 0(0B) LOS objects, 35% free, 28MB/44MB, paused 1.579ms total 40.759ms
08-03 17:39:04.732 11177 11190 I art     : Starting a blocking GC Explicit
08-03 17:39:04.770 11177 11190 I art     : Explicit concurrent mark sweep GC freed 10(320B) AllocSpace objects, 0(0B) LOS objects, 35% free, 28MB/44MB, paused 1.263ms total 37.470ms
08-03 17:39:05.106 11177 11189 I art     : Starting a blocking GC Explicit
08-03 17:39:05.150 11177 11189 I art     : Explicit concurrent mark sweep GC freed 1390(81KB) AllocSpace objects, 1(20KB) LOS objects, 35% free, 28MB/44MB, paused 1.552ms total 43.244ms
08-03 17:39:05.165 11177 11189 I art     : Starting a blocking GC Explicit
08-03 17:39:05.206 11177 11189 I art     : Explicit concurrent mark sweep GC freed 23(752B) AllocSpace objects, 0(0B) LOS objects, 35% free, 28MB/44MB, paused 1.373ms total 41.090ms
08-03 17:39:05.219 11177 11189 I art     : Starting a blocking GC Explicit
08-03 17:39:05.260 11177 11189 I art     : Explicit concurrent mark sweep GC freed 3(96B) AllocSpace objects, 0(0B) LOS objects, 35% free, 28MB/44MB, paused 1.408ms total 40.858ms
08-03 17:39:05.273 11177 11189 I art     : Starting a blocking GC Explicit
08-03 17:39:05.314 11177 11189 I art     : Explicit concurrent mark sweep GC freed 3(96B) AllocSpace objects, 0(0B) LOS objects, 35% free, 28MB/44MB, paused 1.406ms total 40.694ms
08-03 17:39:05.326 11177 11189 I art     : Starting a blocking GC Explicit
08-03 17:39:05.366 11177 11189 I art     : Explicit concurrent mark sweep GC freed 3(96B) AllocSpace objects, 0(0B) LOS objects, 35% free, 28MB/44MB, paused 1.382ms total 39.183ms
08-03 17:39:05.708 11177 11190 I art     : Starting a blocking GC Explicit
08-03 17:39:05.757 11177 11190 I art     : Explicit concurrent mark sweep GC freed 1398(81KB) AllocSpace objects, 1(20KB) LOS objects, 35% free, 28MB/44MB, paused 1.463ms total 48.727ms
08-03 17:39:05.772 11177 11190 I art     : Starting a blocking GC Explicit
08-03 17:39:05.813 11177 11190 I art     : Explicit concurrent mark sweep GC freed 23(752B) AllocSpace objects, 0(0B) LOS objects, 35% free, 28MB/44MB, paused 1.411ms total 40.882ms
08-03 17:39:05.826 11177 11190 I art     : Starting a blocking GC Explicit
08-03 17:39:05.867 11177 11190 I art     : Explicit concurrent mark sweep GC freed 3(96B) AllocSpace objects, 0(0B) LOS objects, 35% free, 28MB/44MB, paused 1.347ms total 40.658ms
08-03 17:39:05.882 11177 11190 I art     : Starting a blocking GC Explicit
08-03 17:39:05.924 11177 11190 I art     : Explicit concurrent mark sweep GC freed 3(96B) AllocSpace objects, 0(0B) LOS objects, 35% free, 28MB/44MB, paused 1.396ms total 42.179ms
08-03 17:39:05.937 11177 11190 I art     : Starting a blocking GC Explicit
08-03 17:39:05.978 11177 11190 I art     : Explicit concurrent mark sweep GC freed 3(96B) AllocSpace objects, 0(0B) LOS objects, 35% free, 28MB/44MB, paused 1.476ms total 40.346ms
08-03 17:39:06.318 11177 12570 I art     : Starting a blocking GC Explicit
08-03 17:39:06.366 11177 12570 I art     : Explicit concurrent mark sweep GC freed 1369(80KB) AllocSpace objects, 1(20KB) LOS objects, 35% free, 28MB/44MB, paused 1.451ms total 47.049ms
08-03 17:39:06.381 11177 12570 I art     : Starting a blocking GC Explicit
08-03 17:39:06.424 11177 12570 I art     : Explicit concurrent mark sweep GC freed 23(752B) AllocSpace objects, 0(0B) LOS objects, 35% free, 28MB/44MB, paused 1.419ms total 42.459ms
08-03 17:39:06.437 11177 12570 I art     : Starting a blocking GC Explicit
08-03 17:39:06.477 11177 12570 I art     : Explicit concurrent mark sweep GC freed 3(96B) AllocSpace objects, 0(0B) LOS objects, 35% free, 28MB/44MB, paused 1.402ms total 39.736ms
08-03 17:39:06.490 11177 12570 I art     : Starting a blocking GC Explicit
08-03 17:39:06.530 11177 12570 I art     : Explicit concurrent mark sweep GC freed 32(880B) AllocSpace objects, 0(0B) LOS objects, 35% free, 28MB/44MB, paused 1.416ms total 40.690ms
08-03 17:39:06.543 11177 12570 I art     : Starting a blocking GC Explicit
08-03 17:39:06.583 11177 12570 I art     : Explicit concurrent mark sweep GC freed 3(96B) AllocSpace objects, 0(0B) LOS objects, 35% free, 28MB/44MB, paused 1.371ms total 39.128ms
08-03 17:39:06.885 11177 11286 I art     : Starting a blocking GC Explicit
08-03 17:39:06.930 11177 11286 I art     : Explicit concurrent mark sweep GC freed 1370(82KB) AllocSpace objects, 1(20KB) LOS objects, 35% free, 28MB/44MB, paused 1.731ms total 44.860ms
08-03 17:39:06.943 11177 11286 I art     : Starting a blocking GC Explicit
08-03 17:39:06.982 11177 11286 I art     : Explicit concurrent mark sweep GC freed 23(752B) AllocSpace objects, 0(0B) LOS objects, 35% free, 28MB/44MB, paused 1.406ms total 38.779ms
08-03 17:39:06.995 11177 11286 I art     : Starting a blocking GC Explicit
08-03 17:39:07.034 11177 11286 I art     : Explicit concurrent mark sweep GC freed 3(96B) AllocSpace objects, 0(0B) LOS objects, 35% free, 28MB/44MB, paused 1.505ms total 38.662ms
08-03 17:39:07.046 11177 11286 I art     : Starting a blocking GC Explicit
08-03 17:39:07.086 11177 11286 I art     : Explicit concurrent mark sweep GC freed 3(96B) AllocSpace objects, 0(0B) LOS objects, 35% free, 28MB/44MB, paused 1.382ms total 39.267ms
08-03 17:39:07.098 11177 11286 I art     : Starting a blocking GC Explicit
08-03 17:39:07.136 11177 11286 I art     : Explicit concurrent mark sweep GC freed 3(96B) AllocSpace objects, 0(0B) LOS objects, 35% free, 28MB/44MB, paused 1.403ms total 38.206ms
08-03 17:39:07.230 13273 13273 D AndroidRuntime: >>>>>> START com.android.internal.os.RuntimeInit uid 2000 <<<<<<
08-03 17:39:07.238 13273 13273 D AndroidRuntime: CheckJNI is OFF
08-03 17:39:07.289 13273 13273 D ICU     : No timezone override file found: /data/misc/zoneinfo/current/icu/icu_tzdata.dat
08-03 17:39:07.332 13273 13273 I Radio-JNI: register_android_hardware_Radio DONE
08-03 17:39:07.361 13273 13273 D AndroidRuntime: Calling main entry com.android.commands.input.Input
08-03 17:39:07.363 13273 13273 I Input   : injectKeyEvent: KeyEvent { action=ACTION_DOWN, keyCode=KEYCODE_BACK, scanCode=0, metaState=0, flags=0x0, repeatCount=0, eventTime=639563776, downTime=639563776, deviceId=-1, source=0x101 }
08-03 17:39:07.370 13273 13273 I Input   : injectKeyEvent: KeyEvent { action=ACTION_UP, keyCode=KEYCODE_BACK, scanCode=0, metaState=0, flags=0x0, repeatCount=0, eventTime=639563776, downTime=639563776, deviceId=-1, source=0x101 }
08-03 17:39:07.377 13273 13273 D AndroidRuntime: Shutting down VM
08-03 17:39:07.385 11177 11177 V PlaybackController: initServiceNotRunning()
08-03 17:39:07.385 11177 11177 D ExternalPlayerFragment: Loading media info
08-03 17:39:07.391 11177 11177 D UserPreferences: Using default data folder
08-03 17:39:07.392 11177 11203 D DBReader: getNavDrawerData() called with: 
08-03 17:39:07.404 11177 11203 D DBReader: getDownloadedItems() called
08-03 17:39:07.406 11177 11203 D DBReader: getFavoriteIDList() called
08-03 17:39:07.406 11177 11203 D DBReader: getQueueIDList() called
08-03 17:39:07.408 11177 11203 D DBReader: Extracting Feedlist
08-03 17:39:07.421 13866 13866 I GoogleInputMethodServic: GoogleInputMethodService.onFinishInput():3138 
08-03 17:39:07.422 11177 11177 D MainActivity: getLastNavFragment() -> AddFeedFragment
08-03 17:39:07.422 13866 13866 I GoogleInputMethodServic: GoogleInputMethodService.onStartInput():1808 
08-03 17:39:07.487 11177 11189 I art     : Starting a blocking GC Explicit
08-03 17:39:07.523 11177 11189 I art     : Explicit concurrent mark sweep GC freed 2510(153KB) AllocSpace objects, 1(20KB) LOS objects, 35% free, 28MB/44MB, paused 1.300ms total 35.658ms
08-03 17:39:07.535 11177 11189 I art     : Starting a blocking GC Explicit
08-03 17:39:07.574 11177 11189 I art     : Explicit concurrent mark sweep GC freed 449(23KB) AllocSpace objects, 0(0B) LOS objects, 35% free, 28MB/44MB, paused 1.221ms total 38.761ms
08-03 17:39:07.587 11177 11189 I art     : Starting a blocking GC Explicit
08-03 17:39:07.631 11177 11189 I art     : Explicit concurrent mark sweep GC freed 3(96B) AllocSpace objects, 0(0B) LOS objects, 35% free, 28MB/44MB, paused 1.222ms total 43.880ms
08-03 17:39:07.647 11177 11189 I art     : Starting a blocking GC Explicit
08-03 17:39:07.690 11177 11189 I art     : Explicit concurrent mark sweep GC freed 3(96B) AllocSpace objects, 0(0B) LOS objects, 35% free, 28MB/44MB, paused 1.495ms total 42.340ms
08-03 17:39:07.702 11177 11189 I art     : Starting a blocking GC Explicit
08-03 17:39:07.714   380   380 W SurfaceFlinger: couldn't log to binary event log: overflow.
08-03 17:39:07.739 11177 11189 I art     : Explicit concurrent mark sweep GC freed 501(21KB) AllocSpace objects, 0(0B) LOS objects, 35% free, 28MB/44MB, paused 1.248ms total 35.940ms
08-03 17:39:08.044 11177 11286 I art     : Starting a blocking GC Explicit
08-03 17:39:08.094 11177 11286 I art     : Explicit concurrent mark sweep GC freed 1468(84KB) AllocSpace objects, 1(20KB) LOS objects, 35% free, 28MB/44MB, paused 1.498ms total 49.444ms
08-03 17:39:08.109 11177 11286 I art     : Starting a blocking GC Explicit
08-03 17:39:08.147 11177 11286 I art     : Explicit concurrent mark sweep GC freed 2457(152KB) AllocSpace objects, 1(28KB) LOS objects, 35% free, 28MB/44MB, paused 1.347ms total 37.144ms
08-03 17:39:08.159 11177 11286 I art     : Starting a blocking GC Explicit
08-03 17:39:08.195 11177 11286 I art     : Explicit concurrent mark sweep GC freed 3(96B) AllocSpace objects, 0(0B) LOS objects, 35% free, 28MB/44MB, paused 1.344ms total 36.335ms
08-03 17:39:08.208 11177 11286 I art     : Starting a blocking GC Explicit
08-03 17:39:08.244 11177 11286 I art     : Explicit concurrent mark sweep GC freed 3(96B) AllocSpace objects, 0(0B) LOS objects, 35% free, 28MB/44MB, paused 1.336ms total 35.775ms
08-03 17:39:08.256 11177 11286 I art     : Starting a blocking GC Explicit
08-03 17:39:08.293 11177 11286 I art     : Explicit concurrent mark sweep GC freed 3(96B) AllocSpace objects, 0(0B) LOS objects, 35% free, 28MB/44MB, paused 1.343ms total 36.508ms
08-03 17:39:08.617 11177 12570 I art     : Starting a blocking GC Explicit
08-03 17:39:08.659 11177 12570 I art     : Explicit concurrent mark sweep GC freed 1400(83KB) AllocSpace objects, 1(20KB) LOS objects, 35% free, 28MB/44MB, paused 1.440ms total 40.733ms
08-03 17:39:08.670 11177 12570 I art     : Starting a blocking GC Explicit
08-03 17:39:08.706 11177 12570 I art     : Explicit concurrent mark sweep GC freed 23(752B) AllocSpace objects, 0(0B) LOS objects, 35% free, 28MB/44MB, paused 1.355ms total 35.135ms
08-03 17:39:08.717 11177 12570 I art     : Starting a blocking GC Explicit
08-03 17:39:08.752 11177 12570 I art     : Explicit concurrent mark sweep GC freed 3(96B) AllocSpace objects, 0(0B) LOS objects, 35% free, 28MB/44MB, paused 1.365ms total 34.066ms
08-03 17:39:08.763 11177 12570 I art     : Starting a blocking GC Explicit
08-03 17:39:08.798 11177 12570 I art     : Explicit concurrent mark sweep GC freed 3(96B) AllocSpace objects, 0(0B) LOS objects, 35% free, 28MB/44MB, paused 1.380ms total 34.567ms
08-03 17:39:08.810 11177 12570 I art     : Starting a blocking GC Explicit
08-03 17:39:08.845 11177 12570 I art     : Explicit concurrent mark sweep GC freed 3(96B) AllocSpace objects, 0(0B) LOS objects, 35% free, 28MB/44MB, paused 1.324ms total 34.985ms
08-03 17:39:09.040   918  3261 D WifiStateMachine: starting scan for "H369AA63323"WPA_PSK with 2412,5180
08-03 17:39:09.164 11177 12570 I art     : Starting a blocking GC Explicit
08-03 17:39:09.165 13329 13329 D AndroidRuntime: >>>>>> START com.android.internal.os.RuntimeInit uid 2000 <<<<<<
08-03 17:39:09.171 13329 13329 D AndroidRuntime: CheckJNI is OFF
08-03 17:39:09.202 11177 12570 I art     : Explicit concurrent mark sweep GC freed 1392(81KB) AllocSpace objects, 1(20KB) LOS objects, 35% free, 28MB/44MB, paused 1.434ms total 36.973ms
08-03 17:39:09.215 11177 12570 I art     : Starting a blocking GC Explicit
08-03 17:39:09.219 13329 13329 D ICU     : No timezone override file found: /data/misc/zoneinfo/current/icu/icu_tzdata.dat
08-03 17:39:09.248 11177 12570 I art     : Explicit concurrent mark sweep GC freed 28(912B) AllocSpace objects, 0(0B) LOS objects, 35% free, 28MB/44MB, paused 1.369ms total 33.321ms
08-03 17:39:09.260 11177 12570 I art     : Starting a blocking GC Explicit
08-03 17:39:09.262 13329 13329 I Radio-JNI: register_android_hardware_Radio DONE
08-03 17:39:09.291 13329 13329 D AndroidRuntime: Calling main entry com.android.commands.input.Input
08-03 17:39:09.293 13329 13329 I Input   : injectKeyEvent: KeyEvent { action=ACTION_DOWN, keyCode=KEYCODE_BACK, scanCode=0, metaState=0, flags=0x0, repeatCount=0, eventTime=639565706, downTime=639565706, deviceId=-1, source=0x101 }
08-03 17:39:09.294 11177 12570 I art     : Explicit concurrent mark sweep GC freed 3(96B) AllocSpace objects, 0(0B) LOS objects, 35% free, 28MB/44MB, paused 1.444ms total 33.571ms
08-03 17:39:09.299 13329 13329 I Input   : injectKeyEvent: KeyEvent { action=ACTION_UP, keyCode=KEYCODE_BACK, scanCode=0, metaState=0, flags=0x0, repeatCount=0, eventTime=639565706, downTime=639565706, deviceId=-1, source=0x101 }
08-03 17:39:09.305 11177 12570 I art     : Starting a blocking GC Explicit
08-03 17:39:09.315 13866 13866 I GoogleInputMethodServic: GoogleInputMethodService.onFinishInput():3138 
08-03 17:39:09.316 13866 13866 I GoogleInputMethodServic: GoogleInputMethodService.onStartInput():1808 
08-03 17:39:09.322 13329 13329 D AndroidRuntime: Shutting down VM
08-03 17:39:09.341 11177 12570 I art     : Explicit concurrent mark sweep GC freed 1113(45KB) AllocSpace objects, 0(0B) LOS objects, 35% free, 28MB/44MB, paused 1.371ms total 35.841ms
08-03 17:39:09.353 11177 12570 I art     : Starting a blocking GC Explicit
08-03 17:39:09.387 11177 12570 I art     : Explicit concurrent mark sweep GC freed 205(13KB) AllocSpace objects, 0(0B) LOS objects, 35% free, 28MB/44MB, paused 1.222ms total 34.011ms
08-03 17:39:09.693 11177 11286 I art     : Starting a blocking GC Explicit
08-03 17:39:09.737 11177 11286 I art     : Explicit concurrent mark sweep GC freed 3903(247KB) AllocSpace objects, 10(1560KB) LOS objects, 37% free, 26MB/42MB, paused 1.392ms total 44.041ms
08-03 17:39:09.751 11177 11286 I art     : Starting a blocking GC Explicit
08-03 17:39:09.787 11177 11286 I art     : Explicit concurrent mark sweep GC freed 23(752B) AllocSpace objects, 0(0B) LOS objects, 37% free, 26MB/42MB, paused 1.403ms total 35.834ms
08-03 17:39:09.799 11177 11286 I art     : Starting a blocking GC Explicit
08-03 17:39:09.834 11177 11286 I art     : Explicit concurrent mark sweep GC freed 3(96B) AllocSpace objects, 0(0B) LOS objects, 37% free, 26MB/42MB, paused 1.272ms total 35.008ms
08-03 17:39:09.846 11177 11286 I art     : Starting a blocking GC Explicit
08-03 17:39:09.881 11177 11286 I art     : Explicit concurrent mark sweep GC freed 3(96B) AllocSpace objects, 0(0B) LOS objects, 37% free, 26MB/42MB, paused 1.289ms total 35.088ms
08-03 17:39:09.893 11177 11286 I art     : Starting a blocking GC Explicit
08-03 17:39:09.929 11177 11286 I art     : Explicit concurrent mark sweep GC freed 3(96B) AllocSpace objects, 0(0B) LOS objects, 37% free, 26MB/42MB, paused 1.416ms total 35.283ms
08-03 17:39:10.236 11177 11190 I art     : Starting a blocking GC Explicit
08-03 17:39:10.280 11177 11190 I art     : Explicit concurrent mark sweep GC freed 1369(81KB) AllocSpace objects, 1(20KB) LOS objects, 37% free, 26MB/42MB, paused 1.478ms total 43.826ms
08-03 17:39:10.295 11177 11190 I art     : Starting a blocking GC Explicit
08-03 17:39:10.331 11177 11190 I art     : Explicit concurrent mark sweep GC freed 23(752B) AllocSpace objects, 0(0B) LOS objects, 37% free, 26MB/42MB, paused 1.338ms total 35.813ms
08-03 17:39:10.343 11177 11190 I art     : Starting a blocking GC Explicit
08-03 17:39:10.378 11177 11190 I art     : Explicit concurrent mark sweep GC freed 3(96B) AllocSpace objects, 0(0B) LOS objects, 37% free, 26MB/42MB, paused 1.471ms total 35.259ms
08-03 17:39:10.390 11177 11190 I art     : Starting a blocking GC Explicit
08-03 17:39:10.426 11177 11190 I art     : Explicit concurrent mark sweep GC freed 3(96B) AllocSpace objects, 0(0B) LOS objects, 37% free, 26MB/42MB, paused 1.345ms total 35.478ms
08-03 17:39:10.438 11177 11190 I art     : Starting a blocking GC Explicit
08-03 17:39:10.473 11177 11190 I art     : Explicit concurrent mark sweep GC freed 3(96B) AllocSpace objects, 0(0B) LOS objects, 37% free, 26MB/42MB, paused 1.326ms total 35.143ms
08-03 17:39:10.769 11177 12089 I art     : Starting a blocking GC Explicit
08-03 17:39:10.812 11177 12089 I art     : Explicit concurrent mark sweep GC freed 1399(82KB) AllocSpace objects, 1(20KB) LOS objects, 37% free, 26MB/42MB, paused 1.490ms total 41.794ms
08-03 17:39:10.827 11177 12089 I art     : Starting a blocking GC Explicit
08-03 17:39:10.860 11177 12089 I art     : Explicit concurrent mark sweep GC freed 23(752B) AllocSpace objects, 0(0B) LOS objects, 37% free, 26MB/42MB, paused 1.335ms total 33.213ms
08-03 17:39:10.872 11177 12089 I art     : Starting a blocking GC Explicit
08-03 17:39:10.906 11177 12089 I art     : Explicit concurrent mark sweep GC freed 3(96B) AllocSpace objects, 0(0B) LOS objects, 37% free, 26MB/42MB, paused 1.329ms total 33.124ms
08-03 17:39:10.917 11177 12089 I art     : Starting a blocking GC Explicit
08-03 17:39:10.953 11177 12089 I art     : Explicit concurrent mark sweep GC freed 4(128B) AllocSpace objects, 0(0B) LOS objects, 37% free, 26MB/42MB, paused 1.279ms total 35.628ms
08-03 17:39:10.966 11177 12089 I art     : Starting a blocking GC Explicit
08-03 17:39:11.001 11177 12089 I art     : Explicit concurrent mark sweep GC freed 9(288B) AllocSpace objects, 0(0B) LOS objects, 37% free, 26MB/42MB, paused 1.275ms total 34.867ms
08-03 17:39:11.124 13373 13373 D AndroidRuntime: >>>>>> START com.android.internal.os.RuntimeInit uid 2000 <<<<<<
08-03 17:39:11.131 13373 13373 D AndroidRuntime: CheckJNI is OFF
08-03 17:39:11.172 13373 13373 D ICU     : No timezone override file found: /data/misc/zoneinfo/current/icu/icu_tzdata.dat
08-03 17:39:11.214 13373 13373 I Radio-JNI: register_android_hardware_Radio DONE
08-03 17:39:11.242 13373 13373 D AndroidRuntime: Calling main entry com.android.commands.input.Input
08-03 17:39:11.245 13373 13373 I Input   : injectMotionEvent: MotionEvent { action=ACTION_DOWN, actionButton=0, id[0]=0, x[0]=103.0, y[0]=192.0, toolType[0]=TOOL_TYPE_UNKNOWN, buttonState=0, metaState=0, flags=0x0, edgeFlags=0x0, pointerCount=1, historySize=0, eventTime=639567658, downTime=639567658, deviceId=0, source=0x1002 }
08-03 17:39:11.250 13373 13373 I Input   : injectMotionEvent: MotionEvent { action=ACTION_UP, actionButton=0, id[0]=0, x[0]=103.0, y[0]=192.0, toolType[0]=TOOL_TYPE_UNKNOWN, buttonState=0, metaState=0, flags=0x0, edgeFlags=0x0, pointerCount=1, historySize=0, eventTime=639567658, downTime=639567658, deviceId=0, source=0x1002 }
08-03 17:39:11.252 13373 13373 D AndroidRuntime: Shutting down VM
08-03 17:39:11.272   512  2967 D audio_hw_primary: out_set_parameters: enter: usecase(1: low-latency-playback) kvpairs: routing=2
08-03 17:39:11.286   512  2967 D audio_hw_primary: select_devices: out_snd_device(2: speaker) in_snd_device(0: none)
08-03 17:39:11.286   512  2967 D msm8974_platform: platform_send_audio_calibration: sending audio calibration for snd_device(2) acdb_id(15)
08-03 17:39:11.286   512  2967 I soundtrigger: audio_extn_sound_trigger_update_device_status: device 0x2 of type 0 for Event 1
08-03 17:39:11.297   512  2967 D audio_hw_primary: enable_snd_device: snd_device(2: speaker)
08-03 17:39:11.300   512  2967 D audio_hw_primary: enable_audio_route: apply and update mixer path: low-latency-playback speaker
08-03 17:39:11.311 13866 13866 I GoogleInputMethodServic: GoogleInputMethodService.onFinishInput():3138 
08-03 17:39:11.312 13866 13866 I GoogleInputMethodServic: GoogleInputMethodService.onStartInput():1808 
08-03 17:39:11.342 11177 12089 I art     : Starting a blocking GC Explicit
08-03 17:39:11.377 11177 12089 I art     : Explicit concurrent mark sweep GC freed 1994(111KB) AllocSpace objects, 1(20KB) LOS objects, 37% free, 26MB/42MB, paused 1.317ms total 34.844ms
08-03 17:39:11.389 11177 12089 I art     : Starting a blocking GC Explicit
08-03 17:39:11.423 11177 12089 I art     : Explicit concurrent mark sweep GC freed 100(5KB) AllocSpace objects, 0(0B) LOS objects, 37% free, 26MB/42MB, paused 1.411ms total 33.637ms
08-03 17:39:11.435 11177 12089 I art     : Starting a blocking GC Explicit
08-03 17:39:11.470 11177 12089 I art     : Explicit concurrent mark sweep GC freed 3(96B) AllocSpace objects, 0(0B) LOS objects, 37% free, 26MB/42MB, paused 1.596ms total 34.239ms
08-03 17:39:11.482 11177 12089 I art     : Starting a blocking GC Explicit
08-03 17:39:11.514 11177 12089 I art     : Explicit concurrent mark sweep GC freed 33(912B) AllocSpace objects, 0(0B) LOS objects, 37% free, 26MB/42MB, paused 1.303ms total 32.329ms
08-03 17:39:11.526 11177 12089 I art     : Starting a blocking GC Explicit
08-03 17:39:11.560 11177 12089 I art     : Explicit concurrent mark sweep GC freed 4(128B) AllocSpace objects, 0(0B) LOS objects, 37% free, 26MB/42MB, paused 1.340ms total 34.554ms
08-03 17:39:11.839   512  2967 D audio_hw_primary: disable_audio_route: reset and update mixer path: low-latency-playback speaker
08-03 17:39:11.841   512  2967 D audio_hw_primary: disable_snd_device: snd_device(2: speaker)
08-03 17:39:11.848   512  2967 I soundtrigger: audio_extn_sound_trigger_update_device_status: device 0x2 of type 0 for Event 0
08-03 17:39:11.877 11177 11286 I art     : Starting a blocking GC Explicit
08-03 17:39:11.912 11177 11286 I art     : Explicit concurrent mark sweep GC freed 1386(81KB) AllocSpace objects, 1(20KB) LOS objects, 37% free, 26MB/42MB, paused 1.349ms total 35.215ms
08-03 17:39:11.924 11177 11286 I art     : Starting a blocking GC Explicit
08-03 17:39:11.959 11177 11286 I art     : Explicit concurrent mark sweep GC freed 39(1264B) AllocSpace objects, 0(0B) LOS objects, 37% free, 26MB/42MB, paused 1.356ms total 34.688ms
08-03 17:39:11.971 11177 11286 I art     : Starting a blocking GC Explicit
08-03 17:39:12.006 11177 11286 I art     : Explicit concurrent mark sweep GC freed 5(160B) AllocSpace objects, 0(0B) LOS objects, 37% free, 26MB/42MB, paused 1.335ms total 34.584ms
08-03 17:39:12.018 11177 11286 I art     : Starting a blocking GC Explicit
08-03 17:39:12.054 11177 11286 I art     : Explicit concurrent mark sweep GC freed 3(96B) AllocSpace objects, 0(0B) LOS objects, 37% free, 26MB/42MB, paused 1.350ms total 35.812ms
08-03 17:39:12.066 11177 11286 I art     : Starting a blocking GC Explicit
08-03 17:39:12.102 11177 11286 I art     : Explicit concurrent mark sweep GC freed 3(96B) AllocSpace objects, 0(0B) LOS objects, 37% free, 26MB/42MB, paused 1.324ms total 35.572ms
08-03 17:39:12.424 11177 11190 I art     : Starting a blocking GC Explicit
08-03 17:39:12.474 11177 11190 I art     : Explicit concurrent mark sweep GC freed 1368(80KB) AllocSpace objects, 1(20KB) LOS objects, 37% free, 26MB/42MB, paused 1.436ms total 49.205ms
08-03 17:39:12.491 11177 11190 I art     : Starting a blocking GC Explicit
08-03 17:39:12.525 11177 11190 I art     : Explicit concurrent mark sweep GC freed 52(1536B) AllocSpace objects, 0(0B) LOS objects, 37% free, 26MB/42MB, paused 1.257ms total 33.867ms
08-03 17:39:12.537 11177 11190 I art     : Starting a blocking GC Explicit
08-03 17:39:12.571 11177 11190 I art     : Explicit concurrent mark sweep GC freed 3(96B) AllocSpace objects, 0(0B) LOS objects, 37% free, 26MB/42MB, paused 1.331ms total 32.923ms
08-03 17:39:12.582 11177 11190 I art     : Starting a blocking GC Explicit
08-03 17:39:12.616 11177 11190 I art     : Explicit concurrent mark sweep GC freed 3(96B) AllocSpace objects, 0(0B) LOS objects, 37% free, 26MB/42MB, paused 1.342ms total 33.480ms
08-03 17:39:12.628 11177 11190 I art     : Starting a blocking GC Explicit
08-03 17:39:12.662 11177 11190 I art     : Explicit concurrent mark sweep GC freed 3(96B) AllocSpace objects, 0(0B) LOS objects, 37% free, 26MB/42MB, paused 1.355ms total 33.891ms
08-03 17:39:12.970 11177 12089 I art     : Starting a blocking GC Explicit
08-03 17:39:13.008 11177 12089 I art     : Explicit concurrent mark sweep GC freed 1379(80KB) AllocSpace objects, 1(20KB) LOS objects, 37% free, 26MB/42MB, paused 1.486ms total 37.957ms
08-03 17:39:13.022 11177 12089 I art     : Starting a blocking GC Explicit
08-03 17:39:13.029 13427 13427 D AndroidRuntime: >>>>>> START com.android.internal.os.RuntimeInit uid 2000 <<<<<<
08-03 17:39:13.035 13427 13427 D AndroidRuntime: CheckJNI is OFF
08-03 17:39:13.057 11177 12089 I art     : Explicit concurrent mark sweep GC freed 30(976B) AllocSpace objects, 0(0B) LOS objects, 37% free, 26MB/42MB, paused 1.553ms total 34.250ms
08-03 17:39:13.069 11177 12089 I art     : Starting a blocking GC Explicit
08-03 17:39:13.081 13427 13427 D ICU     : No timezone override file found: /data/misc/zoneinfo/current/icu/icu_tzdata.dat
08-03 17:39:13.102 11177 12089 I art     : Explicit concurrent mark sweep GC freed 8(256B) AllocSpace objects, 0(0B) LOS objects, 37% free, 26MB/42MB, paused 1.409ms total 33.243ms
08-03 17:39:13.102 11177 11188 I art     : WaitForGcToComplete blocked for 7.832ms for cause HeapTrim
08-03 17:39:13.113 11177 12089 I art     : Starting a blocking GC Explicit
08-03 17:39:13.123 13427 13427 I Radio-JNI: register_android_hardware_Radio DONE
08-03 17:39:13.145 11177 12089 I art     : Explicit concurrent mark sweep GC freed 7(224B) AllocSpace objects, 0(0B) LOS objects, 37% free, 26MB/42MB, paused 1.263ms total 31.596ms
08-03 17:39:13.153 13427 13427 D AndroidRuntime: Calling main entry com.android.commands.input.Input
08-03 17:39:13.155 13427 13427 I Input   : injectMotionEvent: MotionEvent { action=ACTION_DOWN, actionButton=0, id[0]=0, x[0]=625.0, y[0]=1248.0, toolType[0]=TOOL_TYPE_UNKNOWN, buttonState=0, metaState=0, flags=0x0, edgeFlags=0x0, pointerCount=1, historySize=0, eventTime=639569567, downTime=639569567, deviceId=0, source=0x1002 }
08-03 17:39:13.157 11177 12089 I art     : Starting a blocking GC Explicit
08-03 17:39:13.161 13427 13427 I Input   : injectMotionEvent: MotionEvent { action=ACTION_UP, actionButton=0, id[0]=0, x[0]=625.0, y[0]=1248.0, toolType[0]=TOOL_TYPE_UNKNOWN, buttonState=0, metaState=0, flags=0x0, edgeFlags=0x0, pointerCount=1, historySize=0, eventTime=639569567, downTime=639569567, deviceId=0, source=0x1002 }
08-03 17:39:13.164 13427 13427 D AndroidRuntime: Shutting down VM
08-03 17:39:13.189 11177 12089 I art     : Explicit concurrent mark sweep GC freed 39(1328B) AllocSpace objects, 0(0B) LOS objects, 37% free, 26MB/42MB, paused 1.360ms total 31.940ms
08-03 17:39:13.228 11177 11177 D MainActivity: loadFragment(index: 7, args: null)
08-03 17:39:13.229 11177 11177 D MainActivity: saveLastNavFragment(tag: 2)
08-03 17:39:13.230 11177 11177 D MainActivity: getLastNavFragment() -> 2
08-03 17:39:13.230   512  2967 D audio_hw_primary: out_set_parameters: enter: usecase(1: low-latency-playback) kvpairs: routing=2
08-03 17:39:13.243   512  2967 D audio_hw_primary: select_devices: out_snd_device(2: speaker) in_snd_device(0: none)
08-03 17:39:13.243   512  2967 D msm8974_platform: platform_send_audio_calibration: sending audio calibration for snd_device(2) acdb_id(15)
08-03 17:39:13.243   512  2967 I soundtrigger: audio_extn_sound_trigger_update_device_status: device 0x2 of type 0 for Event 1
08-03 17:39:13.253   512  2967 D audio_hw_primary: enable_snd_device: snd_device(2: speaker)
08-03 17:39:13.255   512  2967 D audio_hw_primary: enable_audio_route: apply and update mixer path: low-latency-playback speaker
08-03 17:39:13.260 11177 11177 D ItemlistFragment: onEventMainThread() called with: event = [DownloadEvent{update=DownloaderUpdate{downloaders=[], feedIds=[], mediaIds=[]}}]
08-03 17:39:13.262 11177 11197 D DBReader: getFeed() called with: feedId = [2]
08-03 17:39:13.263 11177 11197 D DBReader: getFeedItemList() called with: feed = [baseline.de.danoeh.antennapod.core.feed.Feed@2]
08-03 17:39:13.364 11177 11197 W PodDBAdapter: Length of id array is larger than 800. Creating multiple cursors
08-03 17:39:13.461 11177 11197 D DBReader: getFavoriteIDList() called
08-03 17:39:13.462 11177 11197 D DBReader: getQueueIDList() called
08-03 17:39:13.463 11177 11197 D DBReader: Extracting Feedlist
08-03 17:39:13.486 11177 11286 I art     : Starting a blocking GC Explicit
08-03 17:39:13.513 11177 11177 D FeedMenuHandler: Preparing options menu
08-03 17:39:13.545 11177 11286 I art     : Explicit concurrent mark sweep GC freed 16247(687KB) AllocSpace objects, 4(72KB) LOS objects, 35% free, 29MB/45MB, paused 1.866ms total 59.108ms
08-03 17:39:13.560 11177 11286 I art     : Starting a blocking GC Explicit
08-03 17:39:13.591 11177 12088 D ApOkHttpUrlLoader: buildLoadData() called with: model = [http://static.libsyn.com/p/assets/7/1/f/3/71f3014e14ef2722/JREiTunesImage2.jpg], width = [1440], height = [462]
08-03 17:39:13.604 11177 11286 I art     : Explicit concurrent mark sweep GC freed 4048(271KB) AllocSpace objects, 0(0B) LOS objects, 29% free, 37MB/53MB, paused 1.882ms total 43.816ms
08-03 17:39:13.619 11177 11286 I art     : Starting a blocking GC Explicit
08-03 17:39:13.659 11177 11286 I art     : Explicit concurrent mark sweep GC freed 424(23KB) AllocSpace objects, 0(0B) LOS objects, 29% free, 37MB/53MB, paused 1.385ms total 39.549ms
08-03 17:39:13.672 11177 11286 I art     : Starting a blocking GC Explicit
08-03 17:39:13.682 11177 11198 V RenderScript: 0x7f7b0f8000 Launching thread(s), CPUs 8
08-03 17:39:13.714 11177 11286 I art     : Explicit concurrent mark sweep GC freed 25(832B) AllocSpace objects, 0(0B) LOS objects, 29% free, 37MB/53MB, paused 1.419ms total 41.938ms
08-03 17:39:13.727 11177 11286 I art     : Starting a blocking GC Explicit
08-03 17:39:13.740 13866 13866 I GoogleInputMethodServic: GoogleInputMethodService.onFinishInput():3138 
08-03 17:39:13.741 13866 13866 I GoogleInputMethodServic: GoogleInputMethodService.onStartInput():1808 
08-03 17:39:13.769 11177 11286 I art     : Explicit concurrent mark sweep GC freed 195(7KB) AllocSpace objects, 0(0B) LOS objects, 29% free, 37MB/53MB, paused 1.526ms total 40.973ms
08-03 17:39:13.799   512  2967 D audio_hw_primary: disable_audio_route: reset and update mixer path: low-latency-playback speaker
08-03 17:39:13.800   512  2967 D audio_hw_primary: disable_snd_device: snd_device(2: speaker)
08-03 17:39:13.807   512  2967 I soundtrigger: audio_extn_sound_trigger_update_device_status: device 0x2 of type 0 for Event 0
08-03 17:39:13.922 11056 11056 I ServiceManager: Waiting for service AtCmdFwd...
08-03 17:39:14.074 11177 11190 I art     : Starting a blocking GC Explicit
08-03 17:39:14.114 11177 11190 I art     : Explicit concurrent mark sweep GC freed 1540(107KB) AllocSpace objects, 6(236KB) LOS objects, 29% free, 37MB/53MB, paused 1.299ms total 40.524ms
08-03 17:39:14.127 11177 11190 I art     : Starting a blocking GC Explicit
08-03 17:39:14.169 11177 11190 I art     : Explicit concurrent mark sweep GC freed 130(6KB) AllocSpace objects, 0(0B) LOS objects, 29% free, 37MB/53MB, paused 1.318ms total 41.414ms
08-03 17:39:14.182 11177 11190 I art     : Starting a blocking GC Explicit
08-03 17:39:14.224 11177 11190 I art     : Explicit concurrent mark sweep GC freed 3(96B) AllocSpace objects, 0(0B) LOS objects, 29% free, 37MB/53MB, paused 1.301ms total 41.722ms
08-03 17:39:14.237 11177 11190 I art     : Starting a blocking GC Explicit
08-03 17:39:14.281 11177 11190 I art     : Explicit concurrent mark sweep GC freed 3(96B) AllocSpace objects, 0(0B) LOS objects, 29% free, 37MB/53MB, paused 1.333ms total 43.342ms
08-03 17:39:14.294 11177 11190 I art     : Starting a blocking GC Explicit
08-03 17:39:14.339 11177 11190 I art     : Explicit concurrent mark sweep GC freed 3(96B) AllocSpace objects, 0(0B) LOS objects, 29% free, 37MB/53MB, paused 1.326ms total 44.500ms
08-03 17:39:14.667 11177 11286 I art     : Starting a blocking GC Explicit
08-03 17:39:14.725 11177 11286 I art     : Explicit concurrent mark sweep GC freed 1401(81KB) AllocSpace objects, 1(20KB) LOS objects, 29% free, 37MB/53MB, paused 1.482ms total 57.503ms
08-03 17:39:14.743 11177 11286 I art     : Starting a blocking GC Explicit
08-03 17:39:14.796 11177 11286 I art     : Explicit concurrent mark sweep GC freed 23(752B) AllocSpace objects, 0(0B) LOS objects, 29% free, 37MB/53MB, paused 1.378ms total 53.123ms
08-03 17:39:14.811 11177 11286 I art     : Starting a blocking GC Explicit
08-03 17:39:14.862 11177 11286 I art     : Explicit concurrent mark sweep GC freed 3(96B) AllocSpace objects, 0(0B) LOS objects, 29% free, 37MB/53MB, paused 1.413ms total 50.817ms
08-03 17:39:14.877 11177 11286 I art     : Starting a blocking GC Explicit
08-03 17:39:14.922 11056 11056 I ServiceManager: Waiting for service AtCmdFwd...
08-03 17:39:14.928 11177 11286 I art     : Explicit concurrent mark sweep GC freed 3(96B) AllocSpace objects, 0(0B) LOS objects, 29% free, 37MB/53MB, paused 1.579ms total 50.774ms
08-03 17:39:14.942 11177 11286 I art     : Starting a blocking GC Explicit
08-03 17:39:14.994 11177 11286 I art     : Explicit concurrent mark sweep GC freed 3(96B) AllocSpace objects, 0(0B) LOS objects, 29% free, 37MB/53MB, paused 1.377ms total 51.597ms
08-03 17:39:15.343 11177 11190 I art     : Starting a blocking GC Explicit
08-03 17:39:15.391 11177 11190 I art     : Explicit concurrent mark sweep GC freed 1399(81KB) AllocSpace objects, 1(20KB) LOS objects, 29% free, 37MB/53MB, paused 1.252ms total 47.119ms
08-03 17:39:15.405 11177 11190 I art     : Starting a blocking GC Explicit
08-03 17:39:15.454 11177 11190 I art     : Explicit concurrent mark sweep GC freed 23(752B) AllocSpace objects, 0(0B) LOS objects, 29% free, 37MB/53MB, paused 1.376ms total 47.942ms
08-03 17:39:15.468 11177 11190 I art     : Starting a blocking GC Explicit
08-03 17:39:15.518 11177 11190 I art     : Explicit concurrent mark sweep GC freed 32(880B) AllocSpace objects, 0(0B) LOS objects, 29% free, 37MB/53MB, paused 1.464ms total 50.180ms
08-03 17:39:15.533 11177 11190 I art     : Starting a blocking GC Explicit
08-03 17:39:15.584 11177 11190 I art     : Explicit concurrent mark sweep GC freed 3(96B) AllocSpace objects, 0(0B) LOS objects, 29% free, 37MB/53MB, paused 1.364ms total 50.410ms
08-03 17:39:15.598 11177 11190 I art     : Starting a blocking GC Explicit
08-03 17:39:15.648 11177 11190 I art     : Explicit concurrent mark sweep GC freed 3(96B) AllocSpace objects, 0(0B) LOS objects, 29% free, 37MB/53MB, paused 1.400ms total 49.292ms
08-03 17:39:15.923 11056 11056 I ServiceManager: Waiting for service AtCmdFwd...
08-03 17:39:15.984 11177 11189 I art     : Starting a blocking GC Explicit
08-03 17:39:16.048 11177 11189 I art     : Explicit concurrent mark sweep GC freed 2071(102KB) AllocSpace objects, 1(20KB) LOS objects, 29% free, 37MB/53MB, paused 1.482ms total 62.906ms
08-03 17:39:16.065 11177 11189 I art     : Starting a blocking GC Explicit
08-03 17:39:16.115 11177 11189 I art     : Explicit concurrent mark sweep GC freed 23(752B) AllocSpace objects, 0(0B) LOS objects, 29% free, 37MB/53MB, paused 1.405ms total 50.302ms
08-03 17:39:16.130 11177 11189 I art     : Starting a blocking GC Explicit
08-03 17:39:16.180 11177 11189 I art     : Explicit concurrent mark sweep GC freed 3(96B) AllocSpace objects, 0(0B) LOS objects, 29% free, 37MB/53MB, paused 1.408ms total 49.508ms
08-03 17:39:16.195 11177 11189 I art     : Starting a blocking GC Explicit
08-03 17:39:16.247 11177 11189 I art     : Explicit concurrent mark sweep GC freed 3(96B) AllocSpace objects, 0(0B) LOS objects, 29% free, 37MB/53MB, paused 1.429ms total 51.680ms
08-03 17:39:16.261 11177 11189 I art     : Starting a blocking GC Explicit
08-03 17:39:16.311 11177 11189 I art     : Explicit concurrent mark sweep GC freed 3(96B) AllocSpace objects, 0(0B) LOS objects, 29% free, 37MB/53MB, paused 1.417ms total 49.185ms
08-03 17:39:16.644 11177 11286 I art     : Starting a blocking GC Explicit
08-03 17:39:16.701 11177 11286 I art     : Explicit concurrent mark sweep GC freed 2286(112KB) AllocSpace objects, 1(20KB) LOS objects, 29% free, 37MB/53MB, paused 1.464ms total 56.351ms
08-03 17:39:16.718 11177 11286 I art     : Starting a blocking GC Explicit
08-03 17:39:16.767 11177 11286 I art     : Explicit concurrent mark sweep GC freed 23(752B) AllocSpace objects, 0(0B) LOS objects, 29% free, 37MB/53MB, paused 1.453ms total 48.432ms
08-03 17:39:16.782 11177 11286 I art     : Starting a blocking GC Explicit
08-03 17:39:16.832 11177 11286 I art     : Explicit concurrent mark sweep GC freed 3(96B) AllocSpace objects, 0(0B) LOS objects, 29% free, 37MB/53MB, paused 1.478ms total 49.833ms
08-03 17:39:16.850 11177 11286 I art     : Starting a blocking GC Explicit
08-03 17:39:16.900 11177 11286 I art     : Explicit concurrent mark sweep GC freed 3(96B) AllocSpace objects, 0(0B) LOS objects, 29% free, 37MB/53MB, paused 1.334ms total 50.040ms
08-03 17:39:16.915 11177 11286 I art     : Starting a blocking GC Explicit
08-03 17:39:16.924 11056 11056 I ServiceManager: Waiting for service AtCmdFwd...
08-03 17:39:16.969 11177 11286 I art     : Explicit concurrent mark sweep GC freed 3(96B) AllocSpace objects, 0(0B) LOS objects, 29% free, 37MB/53MB, paused 1.622ms total 53.546ms
08-03 17:39:17.345 11177 12089 I art     : Starting a blocking GC Explicit
08-03 17:39:17.407 11177 12089 I art     : Explicit concurrent mark sweep GC freed 1371(81KB) AllocSpace objects, 1(20KB) LOS objects, 29% free, 37MB/53MB, paused 1.371ms total 60.954ms
08-03 17:39:17.422 11177 12089 I art     : Starting a blocking GC Explicit
08-03 17:39:17.467 11177 12089 I art     : Explicit concurrent mark sweep GC freed 23(752B) AllocSpace objects, 0(0B) LOS objects, 29% free, 37MB/53MB, paused 1.259ms total 44.209ms
08-03 17:39:17.480 11177 12089 I art     : Starting a blocking GC Explicit
08-03 17:39:17.523 11177 12089 I art     : Explicit concurrent mark sweep GC freed 32(880B) AllocSpace objects, 0(0B) LOS objects, 29% free, 37MB/53MB, paused 1.340ms total 42.659ms
08-03 17:39:17.537 11177 12089 I art     : Starting a blocking GC Explicit
08-03 17:39:17.584 11177 12089 I art     : Explicit concurrent mark sweep GC freed 3(96B) AllocSpace objects, 0(0B) LOS objects, 29% free, 37MB/53MB, paused 1.389ms total 46.798ms
08-03 17:39:17.598 11177 12089 I art     : Starting a blocking GC Explicit
08-03 17:39:17.645 11177 12089 I art     : Explicit concurrent mark sweep GC freed 3(96B) AllocSpace objects, 0(0B) LOS objects, 29% free, 37MB/53MB, paused 1.373ms total 46.876ms
08-03 17:39:17.924 11056 11056 I ServiceManager: Waiting for service AtCmdFwd...
08-03 17:39:17.965 13530 13530 D AndroidRuntime: >>>>>> START com.android.internal.os.RuntimeInit uid 2000 <<<<<<
08-03 17:39:17.972 13530 13530 D AndroidRuntime: CheckJNI is OFF
08-03 17:39:17.983 11177 12570 I art     : Starting a blocking GC Explicit
08-03 17:39:18.020 13530 13530 D ICU     : No timezone override file found: /data/misc/zoneinfo/current/icu/icu_tzdata.dat
08-03 17:39:18.032 11177 12570 I art     : Explicit concurrent mark sweep GC freed 1370(82KB) AllocSpace objects, 1(20KB) LOS objects, 29% free, 37MB/53MB, paused 1.472ms total 49.518ms
08-03 17:39:18.047 11177 12570 I art     : Starting a blocking GC Explicit
08-03 17:39:18.065 13530 13530 I Radio-JNI: register_android_hardware_Radio DONE
08-03 17:39:18.095 13530 13530 D AndroidRuntime: Calling main entry com.android.commands.input.Input
08-03 17:39:18.095 11177 12570 I art     : Explicit concurrent mark sweep GC freed 23(752B) AllocSpace objects, 0(0B) LOS objects, 29% free, 37MB/53MB, paused 1.442ms total 47.131ms
08-03 17:39:18.097 13530 13530 I Input   : injectMotionEvent: MotionEvent { action=ACTION_DOWN, actionButton=0, id[0]=0, x[0]=1363.0, y[0]=517.0, toolType[0]=TOOL_TYPE_UNKNOWN, buttonState=0, metaState=0, flags=0x0, edgeFlags=0x0, pointerCount=1, historySize=0, eventTime=639574509, downTime=639574509, deviceId=0, source=0x1002 }
08-03 17:39:18.105 13530 13530 I Input   : injectMotionEvent: MotionEvent { action=ACTION_UP, actionButton=0, id[0]=0, x[0]=1363.0, y[0]=517.0, toolType[0]=TOOL_TYPE_UNKNOWN, buttonState=0, metaState=0, flags=0x0, edgeFlags=0x0, pointerCount=1, historySize=0, eventTime=639574509, downTime=639574509, deviceId=0, source=0x1002 }
08-03 17:39:18.107 13530 13530 D AndroidRuntime: Shutting down VM
08-03 17:39:18.109 11177 12570 I art     : Starting a blocking GC Explicit
08-03 17:39:18.126   918  3714 I ActivityManager: START u0 {cmp=baseline.de.danoeh.antennapod.debug/baseline.de.danoeh.antennapod.activity.FeedSettingsActivity (has extras)} from uid 10633 on display 0
08-03 17:39:18.127   512  2967 D audio_hw_primary: out_set_parameters: enter: usecase(1: low-latency-playback) kvpairs: routing=2
08-03 17:39:18.140   512  2967 D audio_hw_primary: select_devices: out_snd_device(2: speaker) in_snd_device(0: none)
08-03 17:39:18.140   512  2967 D msm8974_platform: platform_send_audio_calibration: sending audio calibration for snd_device(2) acdb_id(15)
08-03 17:39:18.140   512  2967 I soundtrigger: audio_extn_sound_trigger_update_device_status: device 0x2 of type 0 for Event 1
08-03 17:39:18.149   512  2967 D audio_hw_primary: enable_snd_device: snd_device(2: speaker)
08-03 17:39:18.150 11177 12570 I art     : Explicit concurrent mark sweep GC freed 175(14KB) AllocSpace objects, 0(0B) LOS objects, 29% free, 37MB/53MB, paused 1.625ms total 41.239ms
08-03 17:39:18.152   512  2967 D audio_hw_primary: enable_audio_route: apply and update mixer path: low-latency-playback speaker
08-03 17:39:18.163 11177 12570 I art     : Starting a blocking GC Explicit
08-03 17:39:18.213 11177 12570 I art     : Explicit concurrent mark sweep GC freed 13388(590KB) AllocSpace objects, 0(0B) LOS objects, 29% free, 37MB/53MB, paused 3.038ms total 49.126ms
08-03 17:39:18.227 11177 12570 I art     : Starting a blocking GC Explicit
08-03 17:39:18.279 11177 12570 I art     : Explicit concurrent mark sweep GC freed 19088(795KB) AllocSpace objects, 0(0B) LOS objects, 29% free, 37MB/53MB, paused 2.023ms total 51.860ms
08-03 17:39:18.372 11177 11707 D DBReader: getFeed() called with: feedId = [2]
08-03 17:39:18.373 11177 11707 D DBReader: getFeedItemList() called with: feed = [baseline.de.danoeh.antennapod.core.feed.Feed@2]
08-03 17:39:18.478 11177 11707 W PodDBAdapter: Length of id array is larger than 800. Creating multiple cursors
08-03 17:39:18.497   918   936 I ActivityManager: Displayed baseline.de.danoeh.antennapod.debug/baseline.de.danoeh.antennapod.activity.FeedSettingsActivity: +362ms
08-03 17:39:18.510 13866 13866 I GoogleInputMethodServic: GoogleInputMethodService.onFinishInput():3138 
08-03 17:39:18.511 13866 13866 I GoogleInputMethodServic: GoogleInputMethodService.onStartInput():1808 
08-03 17:39:18.576 11177 11198 D OpenGLRenderer: endAllStagingAnimators on 0x7f7f49d000 (RippleDrawable) with handle 0x7f7a243560
08-03 17:39:18.594 11177 12088 D ApOkHttpUrlLoader: buildLoadData() called with: model = [http://static.libsyn.com/p/assets/7/1/f/3/71f3014e14ef2722/JREiTunesImage2.jpg], width = [1440], height = [462]
08-03 17:39:18.599 13866 13866 I GoogleInputMethodServic: GoogleInputMethodService.onStartInput():1808 
08-03 17:39:18.599 13866 13866 W SessionManager: SessionManager.beginSession():53 Try to begin an already begun session [INPUT_SESSION], end it first
08-03 17:39:18.607 11177 12570 I art     : Starting a blocking GC Explicit
08-03 17:39:18.610 13866 13866 I ShortcutsDataManager: ShortcutsDataManager.onContentChanged():89 onContentChanged()
08-03 17:39:18.615 11177 11177 D FeedSettingsActivity: No filter set
08-03 17:39:18.623   918  6110 W IntentResolver: resolveIntent: multiple matches, only some with CATEGORY_DEFAULT
08-03 17:39:18.667 11177 12570 I art     : Explicit concurrent mark sweep GC freed 30261(1297KB) AllocSpace objects, 3(52KB) LOS objects, 27% free, 42MB/58MB, paused 1.530ms total 59.338ms
08-03 17:39:18.683 11177 12570 I art     : Starting a blocking GC Explicit
08-03 17:39:18.689   512  2967 D audio_hw_primary: disable_audio_route: reset and update mixer path: low-latency-playback speaker
08-03 17:39:18.695   512  2967 D audio_hw_primary: disable_snd_device: snd_device(2: speaker)
08-03 17:39:18.703   512  2967 I soundtrigger: audio_extn_sound_trigger_update_device_status: device 0x2 of type 0 for Event 0
08-03 17:39:18.725   380   380 W SurfaceFlinger: couldn't log to binary event log: overflow.
08-03 17:39:18.744 11177 12570 I art     : Explicit concurrent mark sweep GC freed 2494(145KB) AllocSpace objects, 0(0B) LOS objects, 27% free, 42MB/58MB, paused 1.446ms total 60.722ms
08-03 17:39:18.760 11177 12570 I art     : Starting a blocking GC Explicit
08-03 17:39:18.813 11177 12570 I art     : Explicit concurrent mark sweep GC freed 120(8KB) AllocSpace objects, 0(0B) LOS objects, 27% free, 42MB/58MB, paused 1.336ms total 52.991ms
08-03 17:39:18.830 11177 12570 I art     : Starting a blocking GC Explicit
08-03 17:39:18.874 11177 11177 D PlaybackController: Releasing PlaybackController
08-03 17:39:18.887 11177 12570 I art     : Explicit concurrent mark sweep GC freed 233(13KB) AllocSpace objects, 0(0B) LOS objects, 27% free, 42MB/58MB, paused 1.442ms total 56.414ms
08-03 17:39:18.903 11177 12570 I art     : Starting a blocking GC Explicit
08-03 17:39:18.925 11056 11056 W Atfwd_Sendcmd: AtCmdFwd service not published, waiting... retryCnt : 5
08-03 17:39:18.960 11177 12570 I art     : Explicit concurrent mark sweep GC freed 147(6KB) AllocSpace objects, 0(0B) LOS objects, 27% free, 42MB/58MB, paused 1.437ms total 57ms
08-03 17:39:19.284 11177 11189 I art     : Starting a blocking GC Explicit
08-03 17:39:19.359 11177 11189 I art     : Explicit concurrent mark sweep GC freed 1536(87KB) AllocSpace objects, 1(20KB) LOS objects, 27% free, 42MB/58MB, paused 1.652ms total 74.974ms
08-03 17:39:19.378 11177 11189 I art     : Starting a blocking GC Explicit
08-03 17:39:19.439 11177 11189 I art     : Explicit concurrent mark sweep GC freed 45(1456B) AllocSpace objects, 0(0B) LOS objects, 27% free, 42MB/58MB, paused 1.477ms total 61.127ms
08-03 17:39:19.456 11177 11189 I art     : Starting a blocking GC Explicit
08-03 17:39:19.521 11177 11189 I art     : Explicit concurrent mark sweep GC freed 32(880B) AllocSpace objects, 0(0B) LOS objects, 27% free, 42MB/58MB, paused 1.580ms total 63.889ms
08-03 17:39:19.540 11177 11189 I art     : Starting a blocking GC Explicit
08-03 17:39:19.601 11177 11189 I art     : Explicit concurrent mark sweep GC freed 3(96B) AllocSpace objects, 0(0B) LOS objects, 27% free, 42MB/58MB, paused 1.469ms total 60.435ms
08-03 17:39:19.618 11177 11189 I art     : Starting a blocking GC Explicit
08-03 17:39:19.677 11177 11189 I art     : Explicit concurrent mark sweep GC freed 3(96B) AllocSpace objects, 0(0B) LOS objects, 27% free, 42MB/58MB, paused 1.422ms total 59.111ms
08-03 17:39:20.055 11177 12089 I art     : Starting a blocking GC Explicit
08-03 17:39:20.115 11177 12089 I art     : Explicit concurrent mark sweep GC freed 1397(81KB) AllocSpace objects, 1(20KB) LOS objects, 27% free, 42MB/58MB, paused 1.374ms total 59.923ms
08-03 17:39:20.133 11177 12089 I art     : Starting a blocking GC Explicit
08-03 17:39:20.188 11177 12089 I art     : Explicit concurrent mark sweep GC freed 39(1264B) AllocSpace objects, 0(0B) LOS objects, 27% free, 42MB/58MB, paused 1.447ms total 54.711ms
08-03 17:39:20.204 11177 12089 I art     : Starting a blocking GC Explicit
08-03 17:39:20.259 11177 12089 I art     : Explicit concurrent mark sweep GC freed 17(544B) AllocSpace objects, 0(0B) LOS objects, 27% free, 42MB/58MB, paused 1.463ms total 54.531ms
08-03 17:39:20.276 11177 12089 I art     : Starting a blocking GC Explicit
08-03 17:39:20.334 11177 12089 I art     : Explicit concurrent mark sweep GC freed 4(128B) AllocSpace objects, 0(0B) LOS objects, 27% free, 42MB/58MB, paused 1.437ms total 58.380ms
08-03 17:39:20.352 11177 12089 I art     : Starting a blocking GC Explicit
08-03 17:39:20.417 11177 12089 I art     : Explicit concurrent mark sweep GC freed 3(96B) AllocSpace objects, 0(0B) LOS objects, 27% free, 42MB/58MB, paused 1.429ms total 65.455ms
08-03 17:39:20.763 11177 11189 I art     : Starting a blocking GC Explicit
08-03 17:39:20.834 11177 11189 I art     : Explicit concurrent mark sweep GC freed 1398(81KB) AllocSpace objects, 1(20KB) LOS objects, 27% free, 42MB/58MB, paused 1.472ms total 70.211ms
08-03 17:39:20.851 11177 11189 I art     : Starting a blocking GC Explicit
08-03 17:39:20.918 11177 11189 I art     : Explicit concurrent mark sweep GC freed 23(752B) AllocSpace objects, 0(0B) LOS objects, 27% free, 42MB/58MB, paused 1.500ms total 66.540ms
08-03 17:39:20.938 11177 11189 I art     : Starting a blocking GC Explicit
08-03 17:39:21.005 11177 11189 I art     : Explicit concurrent mark sweep GC freed 3(96B) AllocSpace objects, 0(0B) LOS objects, 27% free, 42MB/58MB, paused 1.471ms total 67.152ms
08-03 17:39:21.023 11177 11189 I art     : Starting a blocking GC Explicit
08-03 17:39:21.087 11177 11189 I art     : Explicit concurrent mark sweep GC freed 3(96B) AllocSpace objects, 0(0B) LOS objects, 27% free, 42MB/58MB, paused 1.580ms total 64.232ms
08-03 17:39:21.105 11177 11189 I art     : Starting a blocking GC Explicit
08-03 17:39:21.167 11177 11189 I art     : Explicit concurrent mark sweep GC freed 3(96B) AllocSpace objects, 0(0B) LOS objects, 27% free, 42MB/58MB, paused 1.480ms total 62.149ms
08-03 17:39:21.538 11177 11190 I art     : Starting a blocking GC Explicit
08-03 17:39:21.618 11177 11190 I art     : Explicit concurrent mark sweep GC freed 1399(83KB) AllocSpace objects, 1(20KB) LOS objects, 27% free, 42MB/58MB, paused 1.607ms total 79.090ms
08-03 17:39:21.638 11177 11190 I art     : Starting a blocking GC Explicit
08-03 17:39:21.701 11177 11190 I art     : Explicit concurrent mark sweep GC freed 23(752B) AllocSpace objects, 0(0B) LOS objects, 27% free, 42MB/58MB, paused 1.535ms total 62.840ms
08-03 17:39:21.718 11177 11190 I art     : Starting a blocking GC Explicit
08-03 17:39:21.788 11177 11190 I art     : Explicit concurrent mark sweep GC freed 3(96B) AllocSpace objects, 0(0B) LOS objects, 27% free, 42MB/58MB, paused 1.689ms total 69.404ms
08-03 17:39:21.808 11177 11190 I art     : Starting a blocking GC Explicit
08-03 17:39:21.874 11177 11190 I art     : Explicit concurrent mark sweep GC freed 3(96B) AllocSpace objects, 0(0B) LOS objects, 27% free, 42MB/58MB, paused 1.519ms total 65.886ms
08-03 17:39:21.892 11177 11190 I art     : Starting a blocking GC Explicit
08-03 17:39:21.957 11177 11190 I art     : Explicit concurrent mark sweep GC freed 3(96B) AllocSpace objects, 0(0B) LOS objects, 27% free, 42MB/58MB, paused 1.657ms total 64.800ms
08-03 17:39:22.315 11177 11286 I art     : Starting a blocking GC Explicit
08-03 17:39:22.381 11177 11286 I art     : Explicit concurrent mark sweep GC freed 1370(81KB) AllocSpace objects, 1(20KB) LOS objects, 27% free, 42MB/58MB, paused 1.550ms total 66.048ms
08-03 17:39:22.397 11177 11286 I art     : Starting a blocking GC Explicit
08-03 17:39:22.460 11177 11286 I art     : Explicit concurrent mark sweep GC freed 23(752B) AllocSpace objects, 0(0B) LOS objects, 27% free, 42MB/58MB, paused 1.526ms total 62.116ms
08-03 17:39:22.477 11177 11286 I art     : Starting a blocking GC Explicit
08-03 17:39:22.538 11177 11286 I art     : Explicit concurrent mark sweep GC freed 32(880B) AllocSpace objects, 0(0B) LOS objects, 27% free, 42MB/58MB, paused 1.581ms total 60.285ms
08-03 17:39:22.555 11177 11286 I art     : Starting a blocking GC Explicit
08-03 17:39:22.619 11177 11286 I art     : Explicit concurrent mark sweep GC freed 3(96B) AllocSpace objects, 0(0B) LOS objects, 27% free, 42MB/58MB, paused 1.587ms total 63.707ms
08-03 17:39:22.636 11177 11286 I art     : Starting a blocking GC Explicit
08-03 17:39:22.695 11177 11286 I art     : Explicit concurrent mark sweep GC freed 3(96B) AllocSpace objects, 0(0B) LOS objects, 27% free, 42MB/58MB, paused 1.456ms total 59.037ms
08-03 17:39:22.901 13621 13621 D AndroidRuntime: >>>>>> START com.android.internal.os.RuntimeInit uid 2000 <<<<<<
08-03 17:39:22.908 13621 13621 D AndroidRuntime: CheckJNI is OFF
08-03 17:39:22.950 13621 13621 D ICU     : No timezone override file found: /data/misc/zoneinfo/current/icu/icu_tzdata.dat
08-03 17:39:22.993 13621 13621 I Radio-JNI: register_android_hardware_Radio DONE
08-03 17:39:23.023 13621 13621 D AndroidRuntime: Calling main entry com.android.commands.input.Input
08-03 17:39:23.025 13621 13621 I Input   : injectKeyEvent: KeyEvent { action=ACTION_DOWN, keyCode=KEYCODE_BACK, scanCode=0, metaState=0, flags=0x0, repeatCount=0, eventTime=639579438, downTime=639579438, deviceId=-1, source=0x101 }
08-03 17:39:23.036 13621 13621 I Input   : injectKeyEvent: KeyEvent { action=ACTION_UP, keyCode=KEYCODE_BACK, scanCode=0, metaState=0, flags=0x0, repeatCount=0, eventTime=639579438, downTime=639579438, deviceId=-1, source=0x101 }
08-03 17:39:23.044 13621 13621 D AndroidRuntime: Shutting down VM
08-03 17:39:23.049 11177 11177 V PlaybackController: initServiceNotRunning()
08-03 17:39:23.049 11177 11177 D ExternalPlayerFragment: Loading media info
08-03 17:39:23.052 11177 11177 D ItemlistFragment: onEventMainThread() called with: event = [DownloadEvent{update=DownloaderUpdate{downloaders=[], feedIds=[], mediaIds=[]}}]
08-03 17:39:23.053 11177 12088 D ApOkHttpUrlLoader: buildLoadData() called with: model = [http://static.libsyn.com/p/assets/7/1/f/3/71f3014e14ef2722/JREiTunesImage2.jpg], width = [1440], height = [462]
08-03 17:39:23.056 11177 11177 D UserPreferences: Using default data folder
08-03 17:39:23.058 11177 11707 D DBReader: getNavDrawerData() called with: 
08-03 17:39:23.058 11177 11203 D DBReader: getFeed() called with: feedId = [2]
08-03 17:39:23.059 11177 11203 D DBReader: getFeedItemList() called with: feed = [baseline.de.danoeh.antennapod.core.feed.Feed@2]
08-03 17:39:23.063 11177 11190 I art     : Starting a blocking GC Explicit
08-03 17:39:23.074 11177 11177 D FeedMenuHandler: Preparing options menu
08-03 17:39:23.089 11177 11707 D DBReader: getDownloadedItems() called
08-03 17:39:23.091 11177 11707 D DBReader: getFavoriteIDList() called
08-03 17:39:23.092 11177 11707 D DBReader: getQueueIDList() called
08-03 17:39:23.093 11177 11707 D DBReader: Extracting Feedlist
08-03 17:39:23.125 13866 13866 I GoogleInputMethodServic: GoogleInputMethodService.onFinishInput():3138 
08-03 17:39:23.125 11177 11177 D MainActivity: getLastNavFragment() -> 2
08-03 17:39:23.126 13866 13866 I GoogleInputMethodServic: GoogleInputMethodService.onStartInput():1808 
08-03 17:39:23.128 13866 13866 I ShortcutsDataManager: AbstractContentDataManager.startImportContentTask():208 startImportContentTask()
08-03 17:39:23.128 11177 11190 I art     : Explicit concurrent mark sweep GC freed 5464(259KB) AllocSpace objects, 1(20KB) LOS objects, 25% free, 45MB/61MB, paused 2.491ms total 65.101ms
08-03 17:39:23.129 13866 13938 I ShortcutsDataManager: AbstractContentDataManager$ImportContentTask.doInBackground():222 doInBackground()
08-03 17:39:23.129 13866 13938 I PersonalDictionaryDataH: PersonalDictionaryDataHandler.beginProcess():111 LanguageTags = [en-US]
08-03 17:39:23.141 13866 13938 I ShortcutsDataManager: AbstractContentDataManager.importRecords():312 importRecords() : Success : Count = 0
08-03 17:39:23.147 13866 13938 I ShortcutsDataManager: AbstractContentDataManager.importContentData():262 importContentData() : Ending import process
08-03 17:39:23.150 11177 11190 I art     : Starting a blocking GC Explicit
08-03 17:39:23.167 11177 11203 W PodDBAdapter: Length of id array is larger than 800. Creating multiple cursors
08-03 17:39:23.176 13866 13938 I PersonalLanguageModelUp: PersonalLanguageModelUpdater$UpdateOperation.performInternal():160 run() : Added 0 words and 0 shortcuts
08-03 17:39:23.176 13866 13938 I DynamicLanguageModelOpe: DynamicLanguageModelOperation.perform():37 perform() : 4 : coc : Completed
08-03 17:39:23.177 13866 13950 I Delight5Decoder: Delight5DecoderWrapper.loadLanguageModel():578 loadLanguageModel() : 4, version [n/a]
08-03 17:39:23.177 13866 13866 I ShortcutsDataManager: AbstractContentDataManager$ImportContentTask.onPostExecute():233 onPostExecute() : Result = [2,0]
08-03 17:39:23.177 13866 13866 I ShortcutsDataManager: ShortcutsDataManager.onImportFinished():99 onImportFinished() : Result = 2 : Count = 0
08-03 17:39:23.178 13866 13950 I Delight5Decoder: Delight5DecoderWrapper.loadLanguageModel():616 Loaded dynamic LM 4.en
08-03 17:39:23.209 11177 11190 I art     : Explicit concurrent mark sweep GC freed 3764(269KB) AllocSpace objects, 1(16KB) LOS objects, 25% free, 46MB/62MB, paused 1.767ms total 59.378ms
08-03 17:39:23.225 11177 11190 I art     : Starting a blocking GC Explicit
08-03 17:39:23.261 11177 11203 D DBReader: getFavoriteIDList() called
08-03 17:39:23.262 11177 11203 D DBReader: getQueueIDList() called
08-03 17:39:23.263 11177 11203 D DBReader: Extracting Feedlist
08-03 17:39:23.268 11177 12088 D ApOkHttpUrlLoader: buildLoadData() called with: model = [http://static.libsyn.com/p/assets/7/1/f/3/71f3014e14ef2722/JREiTunesImage2.jpg], width = [1440], height = [462]
08-03 17:39:23.291 11177 11190 I art     : Explicit concurrent mark sweep GC freed 32921(2MB) AllocSpace objects, 0(0B) LOS objects, 25% free, 47MB/63MB, paused 2.189ms total 65.380ms
08-03 17:39:23.291 11177 11188 I art     : WaitForGcToComplete blocked for 65.730ms for cause HeapTrim
08-03 17:39:23.299 11177 11177 D FeedMenuHandler: Preparing options menu
08-03 17:39:23.308 11177 11190 I art     : Starting a blocking GC Explicit
08-03 17:39:23.366 11177 11190 I art     : Explicit concurrent mark sweep GC freed 2796(114KB) AllocSpace objects, 1(16KB) LOS objects, 25% free, 47MB/63MB, paused 1.354ms total 57.851ms
08-03 17:39:23.383 11177 11190 I art     : Starting a blocking GC Explicit
08-03 17:39:23.438 11177 11190 I art     : Explicit concurrent mark sweep GC freed 1043(75KB) AllocSpace objects, 0(0B) LOS objects, 25% free, 47MB/63MB, paused 1.395ms total 55.272ms
08-03 17:39:23.446   380   380 W SurfaceFlinger: couldn't log to binary event log: overflow.
08-03 17:39:23.749 11177 11189 I art     : Starting a blocking GC Explicit
08-03 17:39:23.822 11177 11189 I art     : Explicit concurrent mark sweep GC freed 2016(108KB) AllocSpace objects, 1(20KB) LOS objects, 25% free, 47MB/63MB, paused 1.617ms total 73.261ms
08-03 17:39:23.843 11177 11189 I art     : Starting a blocking GC Explicit
08-03 17:39:23.895 11177 11189 I art     : Explicit concurrent mark sweep GC freed 34769(2MB) AllocSpace objects, 44(2MB) LOS objects, 27% free, 42MB/58MB, paused 1.445ms total 52.535ms
08-03 17:39:23.910 11177 11189 I art     : Starting a blocking GC Explicit
08-03 17:39:23.956 11177 11189 I art     : Explicit concurrent mark sweep GC freed 3(96B) AllocSpace objects, 0(0B) LOS objects, 27% free, 42MB/58MB, paused 1.499ms total 46.677ms
08-03 17:39:23.971 11177 11189 I art     : Starting a blocking GC Explicit
08-03 17:39:24.020 11177 11189 I art     : Explicit concurrent mark sweep GC freed 3(96B) AllocSpace objects, 0(0B) LOS objects, 27% free, 42MB/58MB, paused 1.491ms total 48.841ms
08-03 17:39:24.035 11177 11189 I art     : Starting a blocking GC Explicit
08-03 17:39:24.082 11177 11189 I art     : Explicit concurrent mark sweep GC freed 3(96B) AllocSpace objects, 0(0B) LOS objects, 27% free, 42MB/58MB, paused 1.457ms total 47.684ms
08-03 17:39:24.408 11177 12570 I art     : Starting a blocking GC Explicit
08-03 17:39:24.460 11177 12570 I art     : Explicit concurrent mark sweep GC freed 1371(81KB) AllocSpace objects, 1(20KB) LOS objects, 27% free, 42MB/58MB, paused 1.537ms total 51.244ms
08-03 17:39:24.474 11177 12570 I art     : Starting a blocking GC Explicit
08-03 17:39:24.521 11177 12570 I art     : Explicit concurrent mark sweep GC freed 52(1536B) AllocSpace objects, 0(0B) LOS objects, 27% free, 42MB/58MB, paused 1.495ms total 46.062ms
08-03 17:39:24.535 11177 12570 I art     : Starting a blocking GC Explicit
08-03 17:39:24.581 11177 12570 I art     : Explicit concurrent mark sweep GC freed 3(96B) AllocSpace objects, 0(0B) LOS objects, 27% free, 42MB/58MB, paused 1.458ms total 46.383ms
08-03 17:39:24.595 11177 12570 I art     : Starting a blocking GC Explicit
08-03 17:39:24.641 11177 12570 I art     : Explicit concurrent mark sweep GC freed 3(96B) AllocSpace objects, 0(0B) LOS objects, 27% free, 42MB/58MB, paused 1.533ms total 45.561ms
08-03 17:39:24.655 11177 12570 I art     : Starting a blocking GC Explicit
08-03 17:39:24.702 11177 12570 I art     : Explicit concurrent mark sweep GC freed 4(128B) AllocSpace objects, 0(0B) LOS objects, 27% free, 42MB/58MB, paused 1.428ms total 46.920ms
08-03 17:39:24.822 13660 13660 D AndroidRuntime: >>>>>> START com.android.internal.os.RuntimeInit uid 2000 <<<<<<
08-03 17:39:24.828 13660 13660 D AndroidRuntime: CheckJNI is OFF
08-03 17:39:24.871 13660 13660 D ICU     : No timezone override file found: /data/misc/zoneinfo/current/icu/icu_tzdata.dat
08-03 17:39:24.913 13660 13660 I Radio-JNI: register_android_hardware_Radio DONE
08-03 17:39:24.941 13660 13660 D AndroidRuntime: Calling main entry com.android.commands.input.Input
08-03 17:39:24.943 13660 13660 I Input   : injectMotionEvent: MotionEvent { action=ACTION_DOWN, actionButton=0, id[0]=0, x[0]=1372.0, y[0]=384.0, toolType[0]=TOOL_TYPE_UNKNOWN, buttonState=0, metaState=0, flags=0x0, edgeFlags=0x0, pointerCount=1, historySize=0, eventTime=639581356, downTime=639581356, deviceId=0, source=0x1002 }
08-03 17:39:24.949 13660 13660 I Input   : injectMotionEvent: MotionEvent { action=ACTION_UP, actionButton=0, id[0]=0, x[0]=1372.0, y[0]=384.0, toolType[0]=TOOL_TYPE_UNKNOWN, buttonState=0, metaState=0, flags=0x0, edgeFlags=0x0, pointerCount=1, historySize=0, eventTime=639581356, downTime=639581356, deviceId=0, source=0x1002 }
08-03 17:39:24.951 13660 13660 D AndroidRuntime: Shutting down VM
08-03 17:39:24.969   918  6110 I ActivityManager: START u0 {cmp=baseline.de.danoeh.antennapod.debug/baseline.de.danoeh.antennapod.activity.FeedInfoActivity (has extras)} from uid 10633 on display 0
08-03 17:39:24.970   512  2967 D audio_hw_primary: out_set_parameters: enter: usecase(1: low-latency-playback) kvpairs: routing=2
08-03 17:39:24.983   512  2967 D audio_hw_primary: select_devices: out_snd_device(2: speaker) in_snd_device(0: none)
08-03 17:39:24.983   512  2967 D msm8974_platform: platform_send_audio_calibration: sending audio calibration for snd_device(2) acdb_id(15)
08-03 17:39:24.983   512  2967 I soundtrigger: audio_extn_sound_trigger_update_device_status: device 0x2 of type 0 for Event 1
08-03 17:39:24.992   512  2967 D audio_hw_primary: enable_snd_device: snd_device(2: speaker)
08-03 17:39:24.994   512  2967 D audio_hw_primary: enable_audio_route: apply and update mixer path: low-latency-playback speaker
08-03 17:39:25.012 11177 11197 D DBReader: getFeed() called with: feedId = [2]
08-03 17:39:25.014 11177 11197 D DBReader: getFeedItemList() called with: feed = [baseline.de.danoeh.antennapod.core.feed.Feed@2]
08-03 17:39:25.023 11177 11177 D androidx.gridlayout.widget.GridLayout: horizontal constraints: x2-x0>=1328, x2-x1<=0, x1-x0<=242 are inconsistent; permanently removing: x2-x1<=0. 
08-03 17:39:25.024 11177 11177 D androidx.gridlayout.widget.GridLayout: vertical constraints: y3-y2>=80, y3-y2<=66, y2-y1<=94, y1-y0<=94 are inconsistent; permanently removing: y3-y2<=66. 
08-03 17:39:25.047 11177 12089 I art     : Starting a blocking GC Explicit
08-03 17:39:25.100 11177 12089 I art     : Explicit concurrent mark sweep GC freed 5768(273KB) AllocSpace objects, 1(20KB) LOS objects, 26% free, 44MB/60MB, paused 2.768ms total 52.042ms
08-03 17:39:25.116 11177 12089 I art     : Starting a blocking GC Explicit
08-03 17:39:25.117   918   936 I ActivityManager: Displayed baseline.de.danoeh.antennapod.debug/baseline.de.danoeh.antennapod.activity.FeedInfoActivity: +139ms
08-03 17:39:25.119 13866 13866 I GoogleInputMethodServic: GoogleInputMethodService.onFinishInput():3138 
08-03 17:39:25.120 13866 13866 I GoogleInputMethodServic: GoogleInputMethodService.onStartInput():1808 
08-03 17:39:25.123 11177 11197 W PodDBAdapter: Length of id array is larger than 800. Creating multiple cursors
08-03 17:39:25.154 11177 11198 D OpenGLRenderer: endAllStagingAnimators on 0x7f7f49cc00 (RippleDrawable) with handle 0x7f7a243580
08-03 17:39:25.170 11177 12089 I art     : Explicit concurrent mark sweep GC freed 2448(217KB) AllocSpace objects, 1(16KB) LOS objects, 26% free, 44MB/60MB, paused 1.718ms total 54.424ms
08-03 17:39:25.185 11177 12089 I art     : Starting a blocking GC Explicit
08-03 17:39:25.218 11177 11177 D FeedInfoActivity: Language is en
08-03 17:39:25.218 11177 11177 D FeedInfoActivity: Author is Joe Rogan
08-03 17:39:25.218 11177 11177 D FeedInfoActivity: URL is http://joeroganexp.joerogan.libsynpro.com/rss
08-03 17:39:25.223 11177 12088 D ApOkHttpUrlLoader: buildLoadData() called with: model = [http://static.libsyn.com/p/assets/7/1/f/3/71f3014e14ef2722/JREiTunesImage2.jpg], width = [1440], height = [462]
08-03 17:39:25.235   918   929 W IntentResolver: resolveIntent: multiple matches, only some with CATEGORY_DEFAULT
08-03 17:39:25.241 11177 12089 I art     : Explicit concurrent mark sweep GC freed 5467(110KB) AllocSpace objects, 0(0B) LOS objects, 25% free, 47MB/63MB, paused 1.832ms total 55.107ms
08-03 17:39:25.256 11177 11177 D androidx.gridlayout.widget.GridLayout: horizontal constraints: x2-x0>=1328, x2-x1<=232, x1-x0<=242 are inconsistent; permanently removing: x2-x1<=232. 
08-03 17:39:25.257 11177 11177 D androidx.gridlayout.widget.GridLayout: vertical constraints: y3-y2>=80, y3-y2<=66, y2-y1<=94, y1-y0<=94 are inconsistent; permanently removing: y3-y2<=66. 
08-03 17:39:25.257 11177 12089 I art     : Starting a blocking GC Explicit
08-03 17:39:25.311 11177 12089 I art     : Explicit concurrent mark sweep GC freed 2155(82KB) AllocSpace objects, 1(16KB) LOS objects, 25% free, 47MB/63MB, paused 1.434ms total 53.220ms
08-03 17:39:25.330 11177 12089 I art     : Starting a blocking GC Explicit
08-03 17:39:25.365   380   380 W SurfaceFlinger: couldn't log to binary event log: overflow.
08-03 17:39:25.393 11177 12089 I art     : Explicit concurrent mark sweep GC freed 278(22KB) AllocSpace objects, 0(0B) LOS objects, 25% free, 47MB/63MB, paused 1.394ms total 62.361ms
08-03 17:39:25.514 11177 11177 D PlaybackController: Releasing PlaybackController
08-03 17:39:25.540   512  2967 D audio_hw_primary: disable_audio_route: reset and update mixer path: low-latency-playback speaker
08-03 17:39:25.541   512  2967 D audio_hw_primary: disable_snd_device: snd_device(2: speaker)
08-03 17:39:25.550   512  2967 I soundtrigger: audio_extn_sound_trigger_update_device_status: device 0x2 of type 0 for Event 0
08-03 17:39:25.718 11177 11190 I art     : Starting a blocking GC Explicit
08-03 17:39:25.796 11177 11190 I art     : Explicit concurrent mark sweep GC freed 1754(100KB) AllocSpace objects, 1(20KB) LOS objects, 25% free, 47MB/63MB, paused 1.576ms total 77.326ms
08-03 17:39:25.813 11177 11190 I art     : Starting a blocking GC Explicit
08-03 17:39:25.873 11177 11190 I art     : Explicit concurrent mark sweep GC freed 47(1552B) AllocSpace objects, 0(0B) LOS objects, 25% free, 47MB/63MB, paused 1.477ms total 59.062ms
08-03 17:39:25.889 11177 11190 I art     : Starting a blocking GC Explicit
08-03 17:39:25.949 11177 11190 I art     : Explicit concurrent mark sweep GC freed 3(96B) AllocSpace objects, 0(0B) LOS objects, 25% free, 47MB/63MB, paused 1.523ms total 59.552ms
08-03 17:39:25.965 11177 11190 I art     : Starting a blocking GC Explicit
08-03 17:39:26.025 11177 11190 I art     : Explicit concurrent mark sweep GC freed 3(96B) AllocSpace objects, 0(0B) LOS objects, 25% free, 47MB/63MB, paused 1.480ms total 59.473ms
08-03 17:39:26.042 11177 11190 I art     : Starting a blocking GC Explicit
08-03 17:39:26.104 11177 11190 I art     : Explicit concurrent mark sweep GC freed 3(96B) AllocSpace objects, 0(0B) LOS objects, 25% free, 47MB/63MB, paused 1.662ms total 61.768ms
08-03 17:39:26.438 11177 11286 I art     : Starting a blocking GC Explicit
08-03 17:39:26.503 11177 11286 I art     : Explicit concurrent mark sweep GC freed 1369(80KB) AllocSpace objects, 1(20KB) LOS objects, 25% free, 47MB/63MB, paused 1.537ms total 64.943ms
08-03 17:39:26.524 11177 11286 I art     : Starting a blocking GC Explicit
08-03 17:39:26.582 11177 11286 I art     : Explicit concurrent mark sweep GC freed 52(1536B) AllocSpace objects, 0(0B) LOS objects, 25% free, 47MB/63MB, paused 1.415ms total 57.467ms
08-03 17:39:26.598 11177 11286 I art     : Starting a blocking GC Explicit
08-03 17:39:26.661 11177 11286 I art     : Explicit concurrent mark sweep GC freed 5(160B) AllocSpace objects, 0(0B) LOS objects, 25% free, 47MB/63MB, paused 1.862ms total 62.472ms
08-03 17:39:26.679 11177 11286 I art     : Starting a blocking GC Explicit
08-03 17:39:26.738 11177 11286 I art     : Explicit concurrent mark sweep GC freed 13(416B) AllocSpace objects, 0(0B) LOS objects, 25% free, 47MB/63MB, paused 1.703ms total 58.378ms
08-03 17:39:26.755 11177 11286 I art     : Starting a blocking GC Explicit
08-03 17:39:26.816 11177 11286 I art     : Explicit concurrent mark sweep GC freed 12(384B) AllocSpace objects, 0(0B) LOS objects, 25% free, 47MB/63MB, paused 1.497ms total 60.435ms
08-03 17:39:27.169 11177 11189 I art     : Starting a blocking GC Explicit
08-03 17:39:27.256 11177 11189 I art     : Explicit concurrent mark sweep GC freed 1377(80KB) AllocSpace objects, 1(20KB) LOS objects, 25% free, 47MB/63MB, paused 1.579ms total 86.681ms
08-03 17:39:27.274 11177 11189 I art     : Starting a blocking GC Explicit
08-03 17:39:27.341 11177 11189 I art     : Explicit concurrent mark sweep GC freed 23(752B) AllocSpace objects, 0(0B) LOS objects, 25% free, 47MB/63MB, paused 1.519ms total 66.249ms
08-03 17:39:27.358 11177 11189 I art     : Starting a blocking GC Explicit
08-03 17:39:27.424 11177 11189 I art     : Explicit concurrent mark sweep GC freed 3(96B) AllocSpace objects, 0(0B) LOS objects, 25% free, 47MB/63MB, paused 1.515ms total 66.069ms
08-03 17:39:27.441 11177 11189 I art     : Starting a blocking GC Explicit
08-03 17:39:27.506 11177 11189 I art     : Explicit concurrent mark sweep GC freed 3(96B) AllocSpace objects, 0(0B) LOS objects, 25% free, 47MB/63MB, paused 1.524ms total 64.325ms
08-03 17:39:27.523 11177 11189 I art     : Starting a blocking GC Explicit
08-03 17:39:27.589 11177 11189 I art     : Explicit concurrent mark sweep GC freed 32(880B) AllocSpace objects, 0(0B) LOS objects, 25% free, 47MB/63MB, paused 1.556ms total 66.111ms
08-03 17:39:27.964 11177 11286 I art     : Starting a blocking GC Explicit
08-03 17:39:28.043 11177 11286 I art     : Explicit concurrent mark sweep GC freed 1370(82KB) AllocSpace objects, 1(20KB) LOS objects, 25% free, 47MB/63MB, paused 1.597ms total 77.833ms
08-03 17:39:28.062 11177 11286 I art     : Starting a blocking GC Explicit
08-03 17:39:28.128 11177 11286 I art     : Explicit concurrent mark sweep GC freed 23(752B) AllocSpace objects, 0(0B) LOS objects, 25% free, 47MB/63MB, paused 1.622ms total 65.764ms
08-03 17:39:28.145 11177 11286 I art     : Starting a blocking GC Explicit
08-03 17:39:28.206 11177 11286 I art     : Explicit concurrent mark sweep GC freed 3(96B) AllocSpace objects, 0(0B) LOS objects, 25% free, 47MB/63MB, paused 1.506ms total 60.927ms
08-03 17:39:28.223 11177 11286 I art     : Starting a blocking GC Explicit
08-03 17:39:28.289 11177 11286 I art     : Explicit concurrent mark sweep GC freed 3(96B) AllocSpace objects, 0(0B) LOS objects, 25% free, 47MB/63MB, paused 1.630ms total 65.319ms
08-03 17:39:28.306 11177 11286 I art     : Starting a blocking GC Explicit
08-03 17:39:28.372 11177 11286 I art     : Explicit concurrent mark sweep GC freed 3(96B) AllocSpace objects, 0(0B) LOS objects, 25% free, 47MB/63MB, paused 1.463ms total 65.109ms
08-03 17:39:28.692 11177 12089 I art     : Starting a blocking GC Explicit
08-03 17:39:28.745 11177 12089 I art     : Explicit concurrent mark sweep GC freed 1399(82KB) AllocSpace objects, 1(20KB) LOS objects, 25% free, 47MB/63MB, paused 1.393ms total 52.712ms
08-03 17:39:28.761 11177 12089 I art     : Starting a blocking GC Explicit
08-03 17:39:28.818 11177 12089 I art     : Explicit concurrent mark sweep GC freed 23(752B) AllocSpace objects, 0(0B) LOS objects, 25% free, 47MB/63MB, paused 1.601ms total 56.572ms
08-03 17:39:28.834 11177 12089 I art     : Starting a blocking GC Explicit
08-03 17:39:28.899 11177 12089 I art     : Explicit concurrent mark sweep GC freed 3(96B) AllocSpace objects, 0(0B) LOS objects, 25% free, 47MB/63MB, paused 1.515ms total 64.041ms
08-03 17:39:28.916 11177 12089 I art     : Starting a blocking GC Explicit
08-03 17:39:28.982 11177 12089 I art     : Explicit concurrent mark sweep GC freed 7(256B) AllocSpace objects, 0(0B) LOS objects, 25% free, 47MB/63MB, paused 1.633ms total 65.965ms
08-03 17:39:29.003 11177 12089 I art     : Starting a blocking GC Explicit
08-03 17:39:29.044   918  3261 D WifiStateMachine: starting scan for "H369AA63323"WPA_PSK with 2412,5180
08-03 17:39:29.069 11177 12089 I art     : Explicit concurrent mark sweep GC freed 3(96B) AllocSpace objects, 0(0B) LOS objects, 25% free, 47MB/63MB, paused 1.688ms total 64.974ms
08-03 17:39:29.390 11177 11190 I art     : Starting a blocking GC Explicit
08-03 17:39:29.465 11177 11190 I art     : Explicit concurrent mark sweep GC freed 2072(106KB) AllocSpace objects, 1(20KB) LOS objects, 25% free, 47MB/63MB, paused 1.572ms total 74.562ms
08-03 17:39:29.484 11177 11190 I art     : Starting a blocking GC Explicit
08-03 17:39:29.546 11177 11190 I art     : Explicit concurrent mark sweep GC freed 52(1536B) AllocSpace objects, 0(0B) LOS objects, 25% free, 47MB/63MB, paused 1.540ms total 60.995ms
08-03 17:39:29.562 11177 11190 I art     : Starting a blocking GC Explicit
08-03 17:39:29.623 11177 11190 I art     : Explicit concurrent mark sweep GC freed 3(96B) AllocSpace objects, 0(0B) LOS objects, 25% free, 47MB/63MB, paused 1.473ms total 60.490ms
08-03 17:39:29.640 11177 11190 I art     : Starting a blocking GC Explicit
08-03 17:39:29.701 11177 11190 I art     : Explicit concurrent mark sweep GC freed 3(96B) AllocSpace objects, 0(0B) LOS objects, 25% free, 47MB/63MB, paused 1.554ms total 61.397ms
08-03 17:39:29.718 11177 11190 I art     : Starting a blocking GC Explicit
08-03 17:39:29.779 11177 11190 I art     : Explicit concurrent mark sweep GC freed 3(96B) AllocSpace objects, 0(0B) LOS objects, 25% free, 47MB/63MB, paused 1.607ms total 61.264ms
08-03 17:39:29.790 13738 13738 D AndroidRuntime: >>>>>> START com.android.internal.os.RuntimeInit uid 2000 <<<<<<
08-03 17:39:29.797 13738 13738 D AndroidRuntime: CheckJNI is OFF
08-03 17:39:29.841 13738 13738 D ICU     : No timezone override file found: /data/misc/zoneinfo/current/icu/icu_tzdata.dat
08-03 17:39:29.886 13738 13738 I Radio-JNI: register_android_hardware_Radio DONE
08-03 17:39:29.916 13738 13738 D AndroidRuntime: Calling main entry com.android.commands.input.Input
08-03 17:39:29.918 13738 13738 I Input   : injectKeyEvent: KeyEvent { action=ACTION_DOWN, keyCode=KEYCODE_BACK, scanCode=0, metaState=0, flags=0x0, repeatCount=0, eventTime=639586330, downTime=639586330, deviceId=-1, source=0x101 }
08-03 17:39:29.928 13738 13738 I Input   : injectKeyEvent: KeyEvent { action=ACTION_UP, keyCode=KEYCODE_BACK, scanCode=0, metaState=0, flags=0x0, repeatCount=0, eventTime=639586330, downTime=639586330, deviceId=-1, source=0x101 }
08-03 17:39:29.933 13738 13738 D AndroidRuntime: Shutting down VM
08-03 17:39:29.943 11177 11177 V PlaybackController: initServiceNotRunning()
08-03 17:39:29.944 11177 11177 D ExternalPlayerFragment: Loading media info
08-03 17:39:29.947 11177 11177 D ItemlistFragment: onEventMainThread() called with: event = [DownloadEvent{update=DownloaderUpdate{downloaders=[], feedIds=[], mediaIds=[]}}]
08-03 17:39:29.948 11177 12088 D ApOkHttpUrlLoader: buildLoadData() called with: model = [http://static.libsyn.com/p/assets/7/1/f/3/71f3014e14ef2722/JREiTunesImage2.jpg], width = [1440], height = [462]
08-03 17:39:29.951 11177 11177 D UserPreferences: Using default data folder
08-03 17:39:29.952 11177 11197 D DBReader: getNavDrawerData() called with: 
08-03 17:39:29.953 11177 11707 D DBReader: getFeed() called with: feedId = [2]
08-03 17:39:29.954   918   937 W ProcessCpuTracker: Skipping unknown process pid 13756
08-03 17:39:29.955 11177 11707 D DBReader: getFeedItemList() called with: feed = [baseline.de.danoeh.antennapod.core.feed.Feed@2]
08-03 17:39:29.973 11177 11177 D FeedMenuHandler: Preparing options menu
08-03 17:39:29.985 11177 11197 D DBReader: getDownloadedItems() called
08-03 17:39:29.986 11177 11197 D DBReader: getFavoriteIDList() called
08-03 17:39:29.987 11177 11197 D DBReader: getQueueIDList() called
08-03 17:39:29.987 11177 11197 D DBReader: Extracting Feedlist
08-03 17:39:30.045 13866 13866 I GoogleInputMethodServic: GoogleInputMethodService.onFinishInput():3138 
08-03 17:39:30.045 11177 11177 D MainActivity: getLastNavFragment() -> 2
08-03 17:39:30.045 13866 13866 I GoogleInputMethodServic: GoogleInputMethodService.onStartInput():1808 
08-03 17:39:30.069 11177 11707 W PodDBAdapter: Length of id array is larger than 800. Creating multiple cursors
08-03 17:39:30.100 11177 11286 I art     : Starting a blocking GC Explicit
08-03 17:39:30.159 11177 11707 D DBReader: getFavoriteIDList() called
08-03 17:39:30.164 11177 11707 D DBReader: getQueueIDList() called
08-03 17:39:30.166 11177 11707 D DBReader: Extracting Feedlist
08-03 17:39:30.167 11177 11286 I art     : Explicit concurrent mark sweep GC freed 12906(531KB) AllocSpace objects, 2(36KB) LOS objects, 23% free, 52MB/68MB, paused 3.355ms total 65.955ms
08-03 17:39:30.170 11177 12088 D ApOkHttpUrlLoader: buildLoadData() called with: model = [http://static.libsyn.com/p/assets/7/1/f/3/71f3014e14ef2722/JREiTunesImage2.jpg], width = [1440], height = [462]
08-03 17:39:30.187 11177 11177 D FeedMenuHandler: Preparing options menu
08-03 17:39:30.189 11177 11286 I art     : Starting a blocking GC Explicit
08-03 17:39:30.246 11177 11286 I art     : Explicit concurrent mark sweep GC freed 30882(2MB) AllocSpace objects, 1(16KB) LOS objects, 23% free, 52MB/68MB, paused 1.494ms total 56.553ms
08-03 17:39:30.262 11177 11286 I art     : Starting a blocking GC Explicit
08-03 17:39:30.320   380   380 W SurfaceFlinger: couldn't log to binary event log: overflow.
08-03 17:39:30.320 11177 11286 I art     : Explicit concurrent mark sweep GC freed 1351(89KB) AllocSpace objects, 0(0B) LOS objects, 23% free, 52MB/68MB, paused 1.458ms total 57.738ms
08-03 17:39:30.339 11177 11286 I art     : Starting a blocking GC Explicit
08-03 17:39:30.391 11177 11286 I art     : Explicit concurrent mark sweep GC freed 671(29KB) AllocSpace objects, 0(0B) LOS objects, 23% free, 52MB/68MB, paused 1.423ms total 51.079ms
08-03 17:39:30.407 11177 11286 I art     : Starting a blocking GC Explicit
08-03 17:39:30.464 11177 11286 I art     : Explicit concurrent mark sweep GC freed 120(6KB) AllocSpace objects, 0(0B) LOS objects, 23% free, 52MB/68MB, paused 1.452ms total 56.718ms
08-03 17:39:30.795 11177 11286 I art     : Starting a blocking GC Explicit
08-03 17:39:30.858 11177 11286 I art     : Explicit concurrent mark sweep GC freed 30572(2MB) AllocSpace objects, 4(104KB) LOS objects, 24% free, 50MB/66MB, paused 1.571ms total 62.242ms
08-03 17:39:30.878 11177 11286 I art     : Starting a blocking GC Explicit
08-03 17:39:30.924 11177 11286 I art     : Explicit concurrent mark sweep GC freed 117(4KB) AllocSpace objects, 0(0B) LOS objects, 24% free, 50MB/66MB, paused 1.362ms total 45.560ms
08-03 17:39:30.938 11177 11286 I art     : Starting a blocking GC Explicit
08-03 17:39:30.986 11177 11286 I art     : Explicit concurrent mark sweep GC freed 3(96B) AllocSpace objects, 0(0B) LOS objects, 24% free, 50MB/66MB, paused 1.442ms total 47.348ms
08-03 17:39:31.001 11177 11286 I art     : Starting a blocking GC Explicit
08-03 17:39:31.049 11177 11286 I art     : Explicit concurrent mark sweep GC freed 3(96B) AllocSpace objects, 0(0B) LOS objects, 24% free, 50MB/66MB, paused 1.470ms total 48.352ms
08-03 17:39:31.064 11177 11286 I art     : Starting a blocking GC Explicit
08-03 17:39:31.111 11177 11286 I art     : Explicit concurrent mark sweep GC freed 3(96B) AllocSpace objects, 0(0B) LOS objects, 24% free, 50MB/66MB, paused 1.386ms total 46.999ms
08-03 17:39:31.431 11177 12570 I art     : Starting a blocking GC Explicit
08-03 17:39:31.488 11177 12570 I art     : Explicit concurrent mark sweep GC freed 1371(81KB) AllocSpace objects, 1(20KB) LOS objects, 24% free, 50MB/66MB, paused 1.607ms total 56.750ms
08-03 17:39:31.502 11177 12570 I art     : Starting a blocking GC Explicit
08-03 17:39:31.553 11177 12570 I art     : Explicit concurrent mark sweep GC freed 52(1536B) AllocSpace objects, 0(0B) LOS objects, 24% free, 50MB/66MB, paused 1.516ms total 50.745ms
08-03 17:39:31.568 11177 12570 I art     : Starting a blocking GC Explicit
08-03 17:39:31.619 11177 12570 I art     : Explicit concurrent mark sweep GC freed 6(192B) AllocSpace objects, 0(0B) LOS objects, 24% free, 50MB/66MB, paused 1.733ms total 50.346ms
08-03 17:39:31.635 11177 12570 I art     : Starting a blocking GC Explicit
08-03 17:39:31.678 11177 12570 I art     : Explicit concurrent mark sweep GC freed 11(352B) AllocSpace objects, 0(0B) LOS objects, 24% free, 50MB/66MB, paused 1.425ms total 43.407ms
08-03 17:39:31.693 11177 12570 I art     : Starting a blocking GC Explicit
08-03 17:39:31.712 13781 13781 D AndroidRuntime: >>>>>> START com.android.internal.os.RuntimeInit uid 2000 <<<<<<
08-03 17:39:31.718 13781 13781 D AndroidRuntime: CheckJNI is OFF
08-03 17:39:31.739 11177 12570 I art     : Explicit concurrent mark sweep GC freed 9(288B) AllocSpace objects, 0(0B) LOS objects, 24% free, 50MB/66MB, paused 1.428ms total 46.407ms
08-03 17:39:31.765 13781 13781 D ICU     : No timezone override file found: /data/misc/zoneinfo/current/icu/icu_tzdata.dat
08-03 17:39:31.807 13781 13781 I Radio-JNI: register_android_hardware_Radio DONE
08-03 17:39:31.834 13781 13781 D AndroidRuntime: Calling main entry com.android.commands.input.Input
08-03 17:39:31.837 13781 13781 I Input   : injectMotionEvent: MotionEvent { action=ACTION_DOWN, actionButton=0, id[0]=0, x[0]=733.0, y[0]=896.0, toolType[0]=TOOL_TYPE_UNKNOWN, buttonState=0, metaState=0, flags=0x0, edgeFlags=0x0, pointerCount=1, historySize=0, eventTime=639588249, downTime=639588249, deviceId=0, source=0x1002 }
08-03 17:39:31.844 13781 13781 I Input   : injectMotionEvent: MotionEvent { action=ACTION_UP, actionButton=0, id[0]=0, x[0]=733.0, y[0]=896.0, toolType[0]=TOOL_TYPE_UNKNOWN, buttonState=0, metaState=0, flags=0x0, edgeFlags=0x0, pointerCount=1, historySize=0, eventTime=639588249, downTime=639588249, deviceId=0, source=0x1002 }
08-03 17:39:31.847 13781 13781 D AndroidRuntime: Shutting down VM
08-03 17:39:31.913   512  2967 D audio_hw_primary: out_set_parameters: enter: usecase(1: low-latency-playback) kvpairs: routing=2
08-03 17:39:31.926   512  2967 D audio_hw_primary: select_devices: out_snd_device(2: speaker) in_snd_device(0: none)
08-03 17:39:31.927   512  2967 D msm8974_platform: platform_send_audio_calibration: sending audio calibration for snd_device(2) acdb_id(15)
08-03 17:39:31.927   512  2967 I soundtrigger: audio_extn_sound_trigger_update_device_status: device 0x2 of type 0 for Event 1
08-03 17:39:31.938   512  2967 D audio_hw_primary: enable_snd_device: snd_device(2: speaker)
08-03 17:39:31.940 11177 11177 I WebViewFactory: Loading com.google.android.webview version 84.0.4147.89 (code 414708953)
08-03 17:39:31.940   512  2967 D audio_hw_primary: enable_audio_route: apply and update mixer path: low-latency-playback speaker
08-03 17:39:32.041 11177 11177 I cr_LibraryLoader: Loaded native library version number "84.0.4147.89"
08-03 17:39:32.042 11177 11177 I cr_CachingUmaRecorder: Flushed 5 samples from 5 histograms.
08-03 17:39:32.060 11177 11189 I art     : Starting a blocking GC Explicit
08-03 17:39:32.084 11177 11177 E chromium: [ERROR:filesystem_posix.cc(62)] mkdir /data/user/0/baseline.de.danoeh.antennapod.debug/cache/WebView/Crashpad: No such file or directory (2)
08-03 17:39:32.112 11177 11189 I art     : Explicit concurrent mark sweep GC freed 7476(651KB) AllocSpace objects, 3(60KB) LOS objects, 23% free, 51MB/67MB, paused 1.884ms total 52.410ms
08-03 17:39:32.117 24036 24056 I Finsky  : [5471] ktr.run(-1): Stats for Executor: BlockingExecutor kvs@587fd29[Running, pool size = 0, active threads = 0, queued tasks = 0, completed tasks = 26]
08-03 17:39:32.119 24036 24056 I Finsky  : [5471] ktr.run(-1): Stats for Executor: LightweightExecutor kvs@bf78ae[Running, pool size = 4, active threads = 0, queued tasks = 0, completed tasks = 75]
08-03 17:39:32.133 11177 11189 I art     : Starting a blocking GC Explicit
08-03 17:39:32.185 11177 11189 I art     : Explicit concurrent mark sweep GC freed 925(75KB) AllocSpace objects, 0(0B) LOS objects, 23% free, 51MB/67MB, paused 2.138ms total 51.281ms
08-03 17:39:32.194   918   929 D ConnectivityService: listenForNetwork for Listen from uid/pid:10633/11177 for NetworkRequest [ id=2253, legacyType=-1, [ Capabilities: INTERNET&NOT_RESTRICTED&TRUSTED] ]
08-03 17:39:32.199 11177 11189 I art     : Starting a blocking GC Explicit
08-03 17:39:32.237 11177 11203 D DBReader: getFeedItem() called with: itemId = [2]
08-03 17:39:32.237 11177 11203 D DBReader: Loading feeditem with id 2
08-03 17:39:32.239 11177 11177 D ItemFragment: onEventMainThread() called with: event = [DownloadEvent{update=DownloaderUpdate{downloaders=[], feedIds=[], mediaIds=[]}}]
08-03 17:39:32.241 11177 11203 D DBReader: getFavoriteIDList() called
08-03 17:39:32.242 11177 11203 D DBReader: getQueueIDList() called
08-03 17:39:32.242 11177 11203 D DBReader: Extracting Feedlist
08-03 17:39:32.249 13866 13866 I GoogleInputMethodServic: GoogleInputMethodService.onFinishInput():3138 
08-03 17:39:32.250 13866 13866 I GoogleInputMethodServic: GoogleInputMethodService.onStartInput():1808 
08-03 17:39:32.255 11177 11189 I art     : Explicit concurrent mark sweep GC freed 1930(156KB) AllocSpace objects, 0(0B) LOS objects, 23% free, 51MB/67MB, paused 2.483ms total 55.517ms
08-03 17:39:32.258 11177 11203 D DBReader: loadExtraInformationOfFeedItem() called with: item = [FeedItem[autoDownload=1,chapters=<null>,contentEncoded=<null>,description=<null>,feed=baseline.de.danoeh.antennapod.core.feed.Feed@715f9ba,feedId=2,flattrStatus=baseline.de.danoeh.antennapod.core.util.flattr.FlattrStatus@64e306b,hasChapters=false,imageUrl=http://static.libsyn.com/p/assets/2/7/8/6/278615fe73b1f0ca/JRE1514.jpg,itemIdentifier=a0870b6b-c887-4883-930c-a06d5e1a8f7e,link=http://traffic.libsyn.com/joeroganexp/p1514.mp3,media=baseline.de.danoeh.antennapod.core.feed.FeedMedia@fcd67c8,paymentLink=<null>,pubDate=Fri Jul 24 21:00:00 GMT+02:00 2020,state=-1,tags=[],title=#1514 - Joe De Sena,id=2]]
08-03 17:39:32.260 11177 11177 E libEGL  : validate_display:255 error 3008 (EGL_BAD_DISPLAY)
08-03 17:39:32.271 11177 11189 I art     : Starting a blocking GC Explicit
08-03 17:39:32.325   918   935 D BluetoothManagerService: Added callback: android.bluetooth.IBluetoothManagerCallback$Stub$Proxy@de58256:true
08-03 17:39:32.337 11177 11189 I art     : Explicit concurrent mark sweep GC freed 2611(174KB) AllocSpace objects, 1(68KB) LOS objects, 23% free, 51MB/67MB, paused 6.084ms total 65.751ms
08-03 17:39:32.340 11177 12088 D ApOkHttpUrlLoader: buildLoadData() called with: model = [http://static.libsyn.com/p/assets/2/7/8/6/278615fe73b1f0ca/JRE1514.jpg], width = [175], height = [175]
08-03 17:39:32.342 11177 11910 D DBReader: getImageAuthentication() called with: imageUrl = [http://static.libsyn.com/p/assets/2/7/8/6/278615fe73b1f0ca/JRE1514.jpg]
08-03 17:39:32.346 11177 11910 D ApOkHttpUrlLoader: no credentials for 'http://static.libsyn.com/p/assets/2/7/8/6/278615fe73b1f0ca/JRE1514.jpg'
08-03 17:39:32.364 11177 11189 I art     : Starting a blocking GC Explicit
08-03 17:39:32.412 11177 11189 I art     : Explicit concurrent mark sweep GC freed 2077(133KB) AllocSpace objects, 4(112KB) LOS objects, 23% free, 51MB/67MB, paused 1.792ms total 47.591ms
08-03 17:39:32.478   512  2967 D audio_hw_primary: disable_audio_route: reset and update mixer path: low-latency-playback speaker
08-03 17:39:32.479   512  2967 D audio_hw_primary: disable_snd_device: snd_device(2: speaker)
08-03 17:39:32.483 11177 11910 D MYTAG   : interceptor 2a
08-03 17:39:32.483 11177 11910 I NAPPA_EXPERIMENTATION: MetricNetworkRequestExecutionTime: REQUEST_DURATION_SYSTEM='137',REQUEST_DURATION_OKHTTP='135',REQUEST_SYNCHRONOUS='TRUE',RESPONSE_CODE='200',RESPONSE_METHOD='GET',RESPONSE_LENGTH_OKHTTP='364960',RESPONSE_LENGTH_HEADER='364960',REQUEST_PROTOCOL='http/1.1',REQUEST_URL='http://static.libsyn.com/p/assets/2/7/8/6/278615fe73b1f0ca/JRE1514.jpg',
08-03 17:39:32.487   512  2967 I soundtrigger: audio_extn_sound_trigger_update_device_status: device 0x2 of type 0 for Event 0
08-03 17:39:32.699 24036 24056 I Finsky  : [5471] ktr.run(-1): Stats for Executor: bgExecutor kvs@cdf964f[Running, pool size = 4, active threads = 0, queued tasks = 0, completed tasks = 95]
08-03 17:39:32.754 11177 11190 I art     : Starting a blocking GC Explicit
08-03 17:39:32.812 11177 11190 I art     : Explicit concurrent mark sweep GC freed 2140(152KB) AllocSpace objects, 1(20KB) LOS objects, 23% free, 51MB/67MB, paused 1.490ms total 58.039ms
08-03 17:39:32.828 11177 11190 I art     : Starting a blocking GC Explicit
08-03 17:39:32.880 11177 11190 I art     : Explicit concurrent mark sweep GC freed 60(2032B) AllocSpace objects, 0(0B) LOS objects, 23% free, 51MB/67MB, paused 1.456ms total 50.911ms
08-03 17:39:32.896 11177 11190 I art     : Starting a blocking GC Explicit
08-03 17:39:32.948 11177 11190 I art     : Explicit concurrent mark sweep GC freed 11(352B) AllocSpace objects, 0(0B) LOS objects, 23% free, 51MB/67MB, paused 1.617ms total 51.945ms
08-03 17:39:32.964 11177 11190 I art     : Starting a blocking GC Explicit
08-03 17:39:33.016 11177 11190 I art     : Explicit concurrent mark sweep GC freed 11(352B) AllocSpace objects, 0(0B) LOS objects, 23% free, 51MB/67MB, paused 1.639ms total 51.925ms
08-03 17:39:33.032 11177 11190 I art     : Starting a blocking GC Explicit
08-03 17:39:33.082 11177 11190 I art     : Explicit concurrent mark sweep GC freed 11(352B) AllocSpace objects, 0(0B) LOS objects, 23% free, 51MB/67MB, paused 1.567ms total 50.074ms
08-03 17:39:33.465 11177 11286 I art     : Starting a blocking GC Explicit
08-03 17:39:33.523 11177 11286 I art     : Explicit concurrent mark sweep GC freed 1462(83KB) AllocSpace objects, 1(20KB) LOS objects, 23% free, 51MB/67MB, paused 1.630ms total 56.454ms
08-03 17:39:33.538 11177 11286 I art     : Starting a blocking GC Explicit
08-03 17:39:33.590 11177 11286 I art     : Explicit concurrent mark sweep GC freed 31(1008B) AllocSpace objects, 0(0B) LOS objects, 23% free, 51MB/67MB, paused 1.655ms total 51.842ms
08-03 17:39:33.607 11177 11286 I art     : Starting a blocking GC Explicit
08-03 17:39:33.662 11177 11286 I art     : Explicit concurrent mark sweep GC freed 12(384B) AllocSpace objects, 0(0B) LOS objects, 23% free, 51MB/67MB, paused 1.824ms total 54.807ms
08-03 17:39:33.678 11177 11286 I art     : Starting a blocking GC Explicit
08-03 17:39:33.732 11177 11286 I art     : Explicit concurrent mark sweep GC freed 12(384B) AllocSpace objects, 0(0B) LOS objects, 23% free, 51MB/67MB, paused 1.495ms total 53.831ms
08-03 17:39:33.749 11177 11286 I art     : Starting a blocking GC Explicit
08-03 17:39:33.805 11177 11286 I art     : Explicit concurrent mark sweep GC freed 11(352B) AllocSpace objects, 0(0B) LOS objects, 23% free, 51MB/67MB, paused 1.657ms total 55.146ms
08-03 17:39:33.805 11177 11188 I art     : WaitForGcToComplete blocked for 55.589ms for cause HeapTrim
08-03 17:39:34.193 11177 12089 I art     : Starting a blocking GC Explicit
08-03 17:39:34.251 11177 12089 I art     : Explicit concurrent mark sweep GC freed 1447(83KB) AllocSpace objects, 1(20KB) LOS objects, 23% free, 51MB/67MB, paused 1.705ms total 56.864ms
08-03 17:39:34.266 11177 12089 I art     : Starting a blocking GC Explicit
08-03 17:39:34.307   918 13198 D NetlinkSocketObserver: NeighborEvent{elapsedMs=1622978182, 192.168.2.254, [7C3953A63323], RTM_NEWNEIGH, NUD_PROBE}
08-03 17:39:34.323 11177 12089 I art     : Explicit concurrent mark sweep GC freed 23(752B) AllocSpace objects, 0(0B) LOS objects, 23% free, 51MB/67MB, paused 1.639ms total 56.926ms
08-03 17:39:34.339 11177 12089 I art     : Starting a blocking GC Explicit
08-03 17:39:34.396 11177 12089 I art     : Explicit concurrent mark sweep GC freed 3(96B) AllocSpace objects, 0(0B) LOS objects, 23% free, 51MB/67MB, paused 1.643ms total 56.808ms
08-03 17:39:34.412 11177 12089 I art     : Starting a blocking GC Explicit
08-03 17:39:34.467 11177 12089 I art     : Explicit concurrent mark sweep GC freed 3(96B) AllocSpace objects, 0(0B) LOS objects, 23% free, 51MB/67MB, paused 1.659ms total 55.368ms
08-03 17:39:34.483 11177 12089 I art     : Starting a blocking GC Explicit
08-03 17:39:34.541 11177 12089 I art     : Explicit concurrent mark sweep GC freed 32(880B) AllocSpace objects, 0(0B) LOS objects, 23% free, 51MB/67MB, paused 1.657ms total 57.917ms
08-03 17:39:34.951 11177 11190 I art     : Starting a blocking GC Explicit
08-03 17:39:35.020 11177 11190 I art     : Explicit concurrent mark sweep GC freed 1379(81KB) AllocSpace objects, 1(20KB) LOS objects, 23% free, 51MB/67MB, paused 1.880ms total 68.350ms
08-03 17:39:35.039 11177 11190 I art     : Starting a blocking GC Explicit
08-03 17:39:35.095 11177 11190 I art     : Explicit concurrent mark sweep GC freed 23(752B) AllocSpace objects, 0(0B) LOS objects, 23% free, 51MB/67MB, paused 1.611ms total 55.869ms
08-03 17:39:35.111 11177 11190 I art     : Starting a blocking GC Explicit
08-03 17:39:35.173 11177 11190 I art     : Explicit concurrent mark sweep GC freed 3(96B) AllocSpace objects, 0(0B) LOS objects, 23% free, 51MB/67MB, paused 1.750ms total 61.742ms
08-03 17:39:35.191 11177 11190 I art     : Starting a blocking GC Explicit
08-03 17:39:35.246 11177 11190 I art     : Explicit concurrent mark sweep GC freed 3(96B) AllocSpace objects, 0(0B) LOS objects, 23% free, 51MB/67MB, paused 1.639ms total 54.801ms
08-03 17:39:35.262 11177 11190 I art     : Starting a blocking GC Explicit
08-03 17:39:35.320 11177 11190 I art     : Explicit concurrent mark sweep GC freed 3(96B) AllocSpace objects, 0(0B) LOS objects, 23% free, 51MB/67MB, paused 1.695ms total 57.582ms
08-03 17:39:35.748 11177 11189 I art     : Starting a blocking GC Explicit
08-03 17:39:35.819 11177 11189 I art     : Explicit concurrent mark sweep GC freed 1408(81KB) AllocSpace objects, 1(20KB) LOS objects, 23% free, 51MB/67MB, paused 1.835ms total 70.024ms
08-03 17:39:35.836 11177 11189 I art     : Starting a blocking GC Explicit
08-03 17:39:35.894 11177 11189 I art     : Explicit concurrent mark sweep GC freed 23(752B) AllocSpace objects, 0(0B) LOS objects, 23% free, 51MB/67MB, paused 1.585ms total 58.235ms
08-03 17:39:35.910 11177 11189 I art     : Starting a blocking GC Explicit
08-03 17:39:35.966 11177 11189 I art     : Explicit concurrent mark sweep GC freed 29(2272B) AllocSpace objects, 0(0B) LOS objects, 23% free, 51MB/67MB, paused 1.523ms total 55.809ms
08-03 17:39:35.982 11177 11189 I art     : Starting a blocking GC Explicit
08-03 17:39:36.040 11177 11189 I art     : Explicit concurrent mark sweep GC freed 16(848B) AllocSpace objects, 0(0B) LOS objects, 23% free, 51MB/67MB, paused 1.611ms total 57.730ms
08-03 17:39:36.055 11177 11189 I art     : Starting a blocking GC Explicit
08-03 17:39:36.109 11177 11189 I art     : Explicit concurrent mark sweep GC freed 3(96B) AllocSpace objects, 0(0B) LOS objects, 23% free, 51MB/67MB, paused 1.536ms total 53.107ms
08-03 17:39:36.475 11177 11286 I art     : Starting a blocking GC Explicit
08-03 17:39:36.534 11177 11286 I art     : Explicit concurrent mark sweep GC freed 1525(92KB) AllocSpace objects, 1(20KB) LOS objects, 23% free, 51MB/67MB, paused 1.657ms total 58.233ms
08-03 17:39:36.554 11177 11286 I art     : Starting a blocking GC Explicit
08-03 17:39:36.606 11177 11286 I art     : Explicit concurrent mark sweep GC freed 23(752B) AllocSpace objects, 0(0B) LOS objects, 23% free, 51MB/67MB, paused 1.532ms total 50.997ms
08-03 17:39:36.621 11177 11286 I art     : Starting a blocking GC Explicit
08-03 17:39:36.668 13917 13917 D AndroidRuntime: >>>>>> START com.android.internal.os.RuntimeInit uid 2000 <<<<<<
08-03 17:39:36.674 11177 11286 I art     : Explicit concurrent mark sweep GC freed 3(96B) AllocSpace objects, 0(0B) LOS objects, 23% free, 51MB/67MB, paused 1.575ms total 52.951ms
08-03 17:39:36.675 13917 13917 D AndroidRuntime: CheckJNI is OFF
08-03 17:39:36.689 11177 11286 I art     : Starting a blocking GC Explicit
08-03 17:39:36.720 13917 13917 D ICU     : No timezone override file found: /data/misc/zoneinfo/current/icu/icu_tzdata.dat
08-03 17:39:36.741 11177 11286 I art     : Explicit concurrent mark sweep GC freed 3(96B) AllocSpace objects, 0(0B) LOS objects, 23% free, 51MB/67MB, paused 1.572ms total 51.531ms
08-03 17:39:36.756 11177 11286 I art     : Starting a blocking GC Explicit
08-03 17:39:36.768 13917 13917 I Radio-JNI: register_android_hardware_Radio DONE
08-03 17:39:36.797 13917 13917 D AndroidRuntime: Calling main entry com.android.commands.input.Input
08-03 17:39:36.800 13917 13917 I Input   : injectKeyEvent: KeyEvent { action=ACTION_DOWN, keyCode=KEYCODE_BACK, scanCode=0, metaState=0, flags=0x0, repeatCount=0, eventTime=639593212, downTime=639593212, deviceId=-1, source=0x101 }
08-03 17:39:36.806 13917 13917 I Input   : injectKeyEvent: KeyEvent { action=ACTION_UP, keyCode=KEYCODE_BACK, scanCode=0, metaState=0, flags=0x0, repeatCount=0, eventTime=639593212, downTime=639593212, deviceId=-1, source=0x101 }
08-03 17:39:36.808 11177 11286 I art     : Explicit concurrent mark sweep GC freed 8(528B) AllocSpace objects, 0(0B) LOS objects, 23% free, 51MB/67MB, paused 1.600ms total 52.162ms
08-03 17:39:36.829 11177 11177 D ItemlistFragment: onEventMainThread() called with: event = [DownloadEvent{update=DownloaderUpdate{downloaders=[], feedIds=[], mediaIds=[]}}]
08-03 17:39:36.830 11177 11197 D DBReader: getFeed() called with: feedId = [2]
08-03 17:39:36.831 13917 13917 D AndroidRuntime: Shutting down VM
08-03 17:39:36.831 11177 11197 D DBReader: getFeedItemList() called with: feed = [baseline.de.danoeh.antennapod.core.feed.Feed@2]
08-03 17:39:36.832   918  3263 D ConnectivityService: releasing NetworkRequest NetworkRequest [ id=2253, legacyType=-1, [ Capabilities: INTERNET&NOT_RESTRICTED&TRUSTED] ]
08-03 17:39:36.856 11177 11177 D FeedMenuHandler: Preparing options menu
08-03 17:39:36.909 11177 12088 D ApOkHttpUrlLoader: buildLoadData() called with: model = [http://static.libsyn.com/p/assets/7/1/f/3/71f3014e14ef2722/JREiTunesImage2.jpg], width = [1440], height = [462]
08-03 17:39:36.934 13866 13866 I GoogleInputMethodServic: GoogleInputMethodService.onFinishInput():3138 
08-03 17:39:36.936 13866 13866 I GoogleInputMethodServic: GoogleInputMethodService.onStartInput():1808 
08-03 17:39:36.937 11177 11197 W PodDBAdapter: Length of id array is larger than 800. Creating multiple cursors
08-03 17:39:37.028 11177 11197 D DBReader: getFavoriteIDList() called
08-03 17:39:37.029 11177 11197 D DBReader: getQueueIDList() called
08-03 17:39:37.030 11177 11197 D DBReader: Extracting Feedlist
08-03 17:39:37.034 11177 12088 D ApOkHttpUrlLoader: buildLoadData() called with: model = [http://static.libsyn.com/p/assets/7/1/f/3/71f3014e14ef2722/JREiTunesImage2.jpg], width = [1440], height = [462]
08-03 17:39:37.056 11177 11177 D FeedMenuHandler: Preparing options menu
08-03 17:39:37.140 11177 12089 I art     : Starting a blocking GC Explicit
08-03 17:39:37.201 11177 12089 I art     : Explicit concurrent mark sweep GC freed 42991(2MB) AllocSpace objects, 4(80KB) LOS objects, 21% free, 57MB/73MB, paused 1.498ms total 61.025ms
08-03 17:39:37.217 11177 12089 I art     : Starting a blocking GC Explicit
08-03 17:39:37.266 11177 12089 I art     : Explicit concurrent mark sweep GC freed 6222(373KB) AllocSpace objects, 5(3MB) LOS objects, 22% free, 54MB/70MB, paused 1.432ms total 49.067ms
08-03 17:39:37.282 11177 12089 I art     : Starting a blocking GC Explicit
08-03 17:39:37.330 11177 12089 I art     : Explicit concurrent mark sweep GC freed 3(96B) AllocSpace objects, 0(0B) LOS objects, 22% free, 54MB/70MB, paused 1.436ms total 48.500ms
08-03 17:39:37.345 11177 12089 I art     : Starting a blocking GC Explicit
08-03 17:39:37.398 11177 12089 I art     : Explicit concurrent mark sweep GC freed 3(96B) AllocSpace objects, 0(0B) LOS objects, 22% free, 54MB/70MB, paused 1.555ms total 51.884ms
08-03 17:39:37.413 11177 12089 I art     : Starting a blocking GC Explicit
08-03 17:39:37.465 11177 12089 I art     : Explicit concurrent mark sweep GC freed 5(176B) AllocSpace objects, 0(0B) LOS objects, 22% free, 54MB/70MB, paused 1.437ms total 52.278ms
08-03 17:39:37.815 11177 11189 I art     : Starting a blocking GC Explicit
08-03 17:39:37.879 11177 11189 I art     : Explicit concurrent mark sweep GC freed 1407(81KB) AllocSpace objects, 1(20KB) LOS objects, 22% free, 54MB/70MB, paused 1.468ms total 63.881ms
08-03 17:39:37.895 11177 11189 I art     : Starting a blocking GC Explicit
08-03 17:39:37.947 11177 11189 I art     : Explicit concurrent mark sweep GC freed 23(752B) AllocSpace objects, 0(0B) LOS objects, 22% free, 54MB/70MB, paused 1.511ms total 51.919ms
08-03 17:39:37.961 11177 11189 I art     : Starting a blocking GC Explicit
08-03 17:39:38.008 11177 11189 I art     : Explicit concurrent mark sweep GC freed 3(96B) AllocSpace objects, 0(0B) LOS objects, 22% free, 54MB/70MB, paused 1.483ms total 46.534ms
08-03 17:39:38.023 11177 11189 I art     : Starting a blocking GC Explicit
08-03 17:39:38.075 11177 11189 I art     : Explicit concurrent mark sweep GC freed 3(96B) AllocSpace objects, 0(0B) LOS objects, 22% free, 54MB/70MB, paused 1.398ms total 50.972ms
08-03 17:39:38.090 11177 11189 I art     : Starting a blocking GC Explicit
08-03 17:39:38.139 11177 11189 I art     : Explicit concurrent mark sweep GC freed 3(96B) AllocSpace objects, 0(0B) LOS objects, 22% free, 54MB/70MB, paused 1.438ms total 49.068ms
08-03 17:39:38.504 11177 11189 I art     : Starting a blocking GC Explicit
08-03 17:39:38.557 11177 11189 I art     : Explicit concurrent mark sweep GC freed 1423(84KB) AllocSpace objects, 1(20KB) LOS objects, 22% free, 54MB/70MB, paused 1.568ms total 52.536ms
08-03 17:39:38.573 11177 11189 I art     : Starting a blocking GC Explicit
08-03 17:39:38.608 13968 13968 D AndroidRuntime: >>>>>> START com.android.internal.os.RuntimeInit uid 2000 <<<<<<
08-03 17:39:38.614 13968 13968 D AndroidRuntime: CheckJNI is OFF
08-03 17:39:38.623 11177 11189 I art     : Explicit concurrent mark sweep GC freed 31(1008B) AllocSpace objects, 0(0B) LOS objects, 22% free, 54MB/70MB, paused 1.459ms total 49.974ms
08-03 17:39:38.638 11177 11189 I art     : Starting a blocking GC Explicit
08-03 17:39:38.659 13968 13968 D ICU     : No timezone override file found: /data/misc/zoneinfo/current/icu/icu_tzdata.dat
08-03 17:39:38.686 11177 11189 I art     : Explicit concurrent mark sweep GC freed 9(288B) AllocSpace objects, 0(0B) LOS objects, 22% free, 54MB/70MB, paused 1.364ms total 47.292ms
08-03 17:39:38.701 11177 11189 I art     : Starting a blocking GC Explicit
08-03 17:39:38.702 13968 13968 I Radio-JNI: register_android_hardware_Radio DONE
08-03 17:39:38.731 13968 13968 D AndroidRuntime: Calling main entry com.android.commands.input.Input
08-03 17:39:38.734 13968 13968 I Input   : injectMotionEvent: MotionEvent { action=ACTION_DOWN, actionButton=0, id[0]=0, x[0]=103.0, y[0]=192.0, toolType[0]=TOOL_TYPE_UNKNOWN, buttonState=0, metaState=0, flags=0x0, edgeFlags=0x0, pointerCount=1, historySize=0, eventTime=639595146, downTime=639595146, deviceId=0, source=0x1002 }
08-03 17:39:38.739 13968 13968 I Input   : injectMotionEvent: MotionEvent { action=ACTION_UP, actionButton=0, id[0]=0, x[0]=103.0, y[0]=192.0, toolType[0]=TOOL_TYPE_UNKNOWN, buttonState=0, metaState=0, flags=0x0, edgeFlags=0x0, pointerCount=1, historySize=0, eventTime=639595146, downTime=639595146, deviceId=0, source=0x1002 }
08-03 17:39:38.741 13968 13968 D AndroidRuntime: Shutting down VM
08-03 17:39:38.747 11177 11189 I art     : Explicit concurrent mark sweep GC freed 23(720B) AllocSpace objects, 0(0B) LOS objects, 22% free, 54MB/70MB, paused 1.413ms total 46.557ms
08-03 17:39:38.751   512  2967 D audio_hw_primary: out_set_parameters: enter: usecase(1: low-latency-playback) kvpairs: routing=2
08-03 17:39:38.762 11177 11189 I art     : Starting a blocking GC Explicit
08-03 17:39:38.764   512  2967 D audio_hw_primary: select_devices: out_snd_device(2: speaker) in_snd_device(0: none)
08-03 17:39:38.764   512  2967 D msm8974_platform: platform_send_audio_calibration: sending audio calibration for snd_device(2) acdb_id(15)
08-03 17:39:38.765   512  2967 I soundtrigger: audio_extn_sound_trigger_update_device_status: device 0x2 of type 0 for Event 1
08-03 17:39:38.775   512  2967 D audio_hw_primary: enable_snd_device: snd_device(2: speaker)
08-03 17:39:38.777   512  2967 D audio_hw_primary: enable_audio_route: apply and update mixer path: low-latency-playback speaker
08-03 17:39:38.809 11177 11189 I art     : Explicit concurrent mark sweep GC freed 33(1408B) AllocSpace objects, 0(0B) LOS objects, 22% free, 54MB/70MB, paused 1.449ms total 46.653ms
08-03 17:39:39.144 11177 12089 I art     : Starting a blocking GC Explicit
08-03 17:39:39.199 11177 12089 I art     : Explicit concurrent mark sweep GC freed 1763(101KB) AllocSpace objects, 1(20KB) LOS objects, 22% free, 54MB/70MB, paused 1.560ms total 54.953ms
08-03 17:39:39.215 11177 12089 I art     : Starting a blocking GC Explicit
08-03 17:39:39.267 11177 12089 I art     : Explicit concurrent mark sweep GC freed 37(1360B) AllocSpace objects, 0(0B) LOS objects, 22% free, 54MB/70MB, paused 1.375ms total 51.482ms
08-03 17:39:39.267 11177 11188 I art     : WaitForGcToComplete blocked for 16.199ms for cause HeapTrim
08-03 17:39:39.281 11177 12089 I art     : Starting a blocking GC Explicit
08-03 17:39:39.330   512  2967 D audio_hw_primary: disable_audio_route: reset and update mixer path: low-latency-playback speaker
08-03 17:39:39.330 11177 12089 I art     : Explicit concurrent mark sweep GC freed 3(96B) AllocSpace objects, 0(0B) LOS objects, 22% free, 54MB/70MB, paused 1.313ms total 48.527ms
08-03 17:39:39.332   512  2967 D audio_hw_primary: disable_snd_device: snd_device(2: speaker)
08-03 17:39:39.341   512  2967 I soundtrigger: audio_extn_sound_trigger_update_device_status: device 0x2 of type 0 for Event 0
08-03 17:39:39.345 11177 12089 I art     : Starting a blocking GC Explicit
08-03 17:39:39.391 11177 12089 I art     : Explicit concurrent mark sweep GC freed 3(96B) AllocSpace objects, 0(0B) LOS objects, 22% free, 54MB/70MB, paused 1.358ms total 45.895ms
08-03 17:39:39.406 11177 12089 I art     : Starting a blocking GC Explicit
08-03 17:39:39.455 11177 12089 I art     : Explicit concurrent mark sweep GC freed 3(96B) AllocSpace objects, 0(0B) LOS objects, 22% free, 54MB/70MB, paused 1.371ms total 48.734ms
08-03 17:39:39.817 11177 11286 I art     : Starting a blocking GC Explicit
08-03 17:39:39.888 11177 11286 I art     : Explicit concurrent mark sweep GC freed 2112(107KB) AllocSpace objects, 1(20KB) LOS objects, 22% free, 54MB/70MB, paused 1.513ms total 70.742ms
08-03 17:39:39.904 11177 11286 I art     : Starting a blocking GC Explicit
08-03 17:39:39.957 11177 11286 I art     : Explicit concurrent mark sweep GC freed 23(752B) AllocSpace objects, 0(0B) LOS objects, 22% free, 54MB/70MB, paused 1.444ms total 51.893ms
08-03 17:39:39.972 11177 11286 I art     : Starting a blocking GC Explicit
08-03 17:39:40.021 11177 11286 I art     : Explicit concurrent mark sweep GC freed 3(96B) AllocSpace objects, 0(0B) LOS objects, 22% free, 54MB/70MB, paused 1.385ms total 49.233ms
08-03 17:39:40.036 11177 11286 I art     : Starting a blocking GC Explicit
08-03 17:39:40.085 11177 11286 I art     : Explicit concurrent mark sweep GC freed 3(96B) AllocSpace objects, 0(0B) LOS objects, 22% free, 54MB/70MB, paused 1.416ms total 48.359ms
08-03 17:39:40.100 11177 11286 I art     : Starting a blocking GC Explicit
08-03 17:39:40.149 11177 11286 I art     : Explicit concurrent mark sweep GC freed 3(96B) AllocSpace objects, 0(0B) LOS objects, 22% free, 54MB/70MB, paused 1.469ms total 49.196ms
08-03 17:39:40.492 11177 12570 I art     : Starting a blocking GC Explicit
08-03 17:39:40.521 14011 14011 D AndroidRuntime: >>>>>> START com.android.internal.os.RuntimeInit uid 2000 <<<<<<
08-03 17:39:40.527 14011 14011 D AndroidRuntime: CheckJNI is OFF
08-03 17:39:40.546 11177 12570 I art     : Explicit concurrent mark sweep GC freed 2314(114KB) AllocSpace objects, 1(20KB) LOS objects, 22% free, 54MB/70MB, paused 1.563ms total 53.157ms
08-03 17:39:40.561 11177 12570 I art     : Starting a blocking GC Explicit
08-03 17:39:40.573 14011 14011 D ICU     : No timezone override file found: /data/misc/zoneinfo/current/icu/icu_tzdata.dat
08-03 17:39:40.607 11177 12570 I art     : Explicit concurrent mark sweep GC freed 31(1008B) AllocSpace objects, 0(0B) LOS objects, 22% free, 54MB/70MB, paused 1.520ms total 45.937ms
08-03 17:39:40.617 14011 14011 I Radio-JNI: register_android_hardware_Radio DONE
08-03 17:39:40.621 11177 12570 I art     : Starting a blocking GC Explicit
08-03 17:39:40.645 14011 14011 D AndroidRuntime: Calling main entry com.android.commands.input.Input
08-03 17:39:40.647 14011 14011 I Input   : injectMotionEvent: MotionEvent { action=ACTION_DOWN, actionButton=0, id[0]=0, x[0]=409.0, y[0]=1034.0, toolType[0]=TOOL_TYPE_UNKNOWN, buttonState=0, metaState=0, flags=0x0, edgeFlags=0x0, pointerCount=1, historySize=0, eventTime=639597060, downTime=639597060, deviceId=0, source=0x1002 }
08-03 17:39:40.653 14011 14011 I Input   : injectMotionEvent: MotionEvent { action=ACTION_UP, actionButton=0, id[0]=0, x[0]=409.0, y[0]=1034.0, toolType[0]=TOOL_TYPE_UNKNOWN, buttonState=0, metaState=0, flags=0x0, edgeFlags=0x0, pointerCount=1, historySize=0, eventTime=639597060, downTime=639597060, deviceId=0, source=0x1002 }
08-03 17:39:40.655 14011 14011 D AndroidRuntime: Shutting down VM
08-03 17:39:40.669 11177 12570 I art     : Explicit concurrent mark sweep GC freed 26(832B) AllocSpace objects, 0(0B) LOS objects, 22% free, 54MB/70MB, paused 1.905ms total 47.115ms
08-03 17:39:40.683 11177 12570 I art     : Starting a blocking GC Explicit
08-03 17:39:40.720 11177 11177 D MainActivity: loadFragment(index: 5, args: null)
08-03 17:39:40.720 11177 11177 D MainActivity: loadFragment(tag: AddFeedFragment, args: null)
08-03 17:39:40.720 11177 11177 D MainActivity: saveLastNavFragment(tag: AddFeedFragment)
08-03 17:39:40.721 11177 11177 D MainActivity: getLastNavFragment() -> AddFeedFragment
08-03 17:39:40.722   512  2967 D audio_hw_primary: out_set_parameters: enter: usecase(1: low-latency-playback) kvpairs: routing=2
08-03 17:39:40.731 11177 12570 I art     : Explicit concurrent mark sweep GC freed 88(16KB) AllocSpace objects, 1(20KB) LOS objects, 22% free, 54MB/70MB, paused 1.469ms total 48.520ms
08-03 17:39:40.735   512  2967 D audio_hw_primary: select_devices: out_snd_device(2: speaker) in_snd_device(0: none)
08-03 17:39:40.735   512  2967 D msm8974_platform: platform_send_audio_calibration: sending audio calibration for snd_device(2) acdb_id(15)
08-03 17:39:40.735   512  2967 I soundtrigger: audio_extn_sound_trigger_update_device_status: device 0x2 of type 0 for Event 1
08-03 17:39:40.745   512  2967 D audio_hw_primary: enable_snd_device: snd_device(2: speaker)
08-03 17:39:40.746 11177 12570 I art     : Starting a blocking GC Explicit
08-03 17:39:40.748   512  2967 D audio_hw_primary: enable_audio_route: apply and update mixer path: low-latency-playback speaker
08-03 17:39:40.767 13866 13866 I GoogleInputMethodServic: GoogleInputMethodService.onFinishInput():3138 
08-03 17:39:40.768 13866 13866 I GoogleInputMethodServic: GoogleInputMethodService.onStartInput():1808 
08-03 17:39:40.796 11177 12570 I art     : Explicit concurrent mark sweep GC freed 2223(96KB) AllocSpace objects, 0(0B) LOS objects, 22% free, 54MB/70MB, paused 1.589ms total 49.305ms
08-03 17:39:41.132 11177 12089 I art     : Starting a blocking GC Explicit
08-03 17:39:41.159 13866 13866 I GoogleInputMethodServic: GoogleInputMethodService.onFinishInput():3138 
08-03 17:39:41.161 13866 13866 I GoogleInputMethodServic: GoogleInputMethodService.onStartInput():1808 
08-03 17:39:41.188 11177 12089 I art     : Explicit concurrent mark sweep GC freed 1990(113KB) AllocSpace objects, 1(20KB) LOS objects, 22% free, 54MB/70MB, paused 1.441ms total 54.642ms
08-03 17:39:41.203 11177 12089 I art     : Starting a blocking GC Explicit
08-03 17:39:41.242 11177 12089 I art     : Explicit concurrent mark sweep GC freed 31212(2MB) AllocSpace objects, 9(3MB) LOS objects, 24% free, 48MB/64MB, paused 1.337ms total 38.758ms
08-03 17:39:41.255 11177 12089 I art     : Starting a blocking GC Explicit
08-03 17:39:41.289   512  2967 D audio_hw_primary: disable_audio_route: reset and update mixer path: low-latency-playback speaker
08-03 17:39:41.290   512  2967 D audio_hw_primary: disable_snd_device: snd_device(2: speaker)
08-03 17:39:41.292 11177 12089 I art     : Explicit concurrent mark sweep GC freed 62(4KB) AllocSpace objects, 0(0B) LOS objects, 24% free, 48MB/64MB, paused 1.280ms total 37.129ms
08-03 17:39:41.299   512  2967 I soundtrigger: audio_extn_sound_trigger_update_device_status: device 0x2 of type 0 for Event 0
08-03 17:39:41.305 11177 12089 I art     : Starting a blocking GC Explicit
08-03 17:39:41.342 11177 12089 I art     : Explicit concurrent mark sweep GC freed 3(96B) AllocSpace objects, 0(0B) LOS objects, 24% free, 48MB/64MB, paused 1.274ms total 36.717ms
08-03 17:39:41.355 11177 12089 I art     : Starting a blocking GC Explicit
08-03 17:39:41.394 11177 12089 I art     : Explicit concurrent mark sweep GC freed 3(96B) AllocSpace objects, 0(0B) LOS objects, 24% free, 48MB/64MB, paused 1.324ms total 38.445ms
08-03 17:39:41.754 11177 11189 I art     : Starting a blocking GC Explicit
08-03 17:39:41.797 11177 11189 I art     : Explicit concurrent mark sweep GC freed 1410(83KB) AllocSpace objects, 1(20KB) LOS objects, 24% free, 48MB/64MB, paused 1.446ms total 42.642ms
08-03 17:39:41.811 11177 11189 I art     : Starting a blocking GC Explicit
08-03 17:39:41.851 11177 11189 I art     : Explicit concurrent mark sweep GC freed 25(816B) AllocSpace objects, 0(0B) LOS objects, 24% free, 48MB/64MB, paused 1.405ms total 39.526ms
08-03 17:39:41.863 11177 11189 I art     : Starting a blocking GC Explicit
08-03 17:39:41.901 11177 11189 I art     : Explicit concurrent mark sweep GC freed 3(96B) AllocSpace objects, 0(0B) LOS objects, 24% free, 48MB/64MB, paused 1.347ms total 37.829ms
08-03 17:39:41.914 11177 11189 I art     : Starting a blocking GC Explicit
08-03 17:39:41.953 11177 11189 I art     : Explicit concurrent mark sweep GC freed 3(96B) AllocSpace objects, 0(0B) LOS objects, 24% free, 48MB/64MB, paused 1.447ms total 38.272ms
08-03 17:39:41.965 11177 11189 I art     : Starting a blocking GC Explicit
08-03 17:39:42.004 11177 11189 I art     : Explicit concurrent mark sweep GC freed 3(96B) AllocSpace objects, 0(0B) LOS objects, 24% free, 48MB/64MB, paused 1.435ms total 38.156ms
08-03 17:39:42.342 11177 12089 I art     : Starting a blocking GC Explicit
08-03 17:39:42.392 11177 12089 I art     : Explicit concurrent mark sweep GC freed 1389(81KB) AllocSpace objects, 1(20KB) LOS objects, 24% free, 48MB/64MB, paused 1.600ms total 49.284ms
08-03 17:39:42.409 11177 12089 I art     : Starting a blocking GC Explicit
08-03 17:39:42.433 14055 14055 D AndroidRuntime: >>>>>> START com.android.internal.os.RuntimeInit uid 2000 <<<<<<
08-03 17:39:42.439 14055 14055 D AndroidRuntime: CheckJNI is OFF
08-03 17:39:42.449 11177 12089 I art     : Explicit concurrent mark sweep GC freed 37(1104B) AllocSpace objects, 0(0B) LOS objects, 24% free, 48MB/64MB, paused 1.513ms total 39.136ms
08-03 17:39:42.461 11177 12089 I art     : Starting a blocking GC Explicit
08-03 17:39:42.483 14055 14055 D ICU     : No timezone override file found: /data/misc/zoneinfo/current/icu/icu_tzdata.dat
08-03 17:39:42.499 11177 12089 I art     : Explicit concurrent mark sweep GC freed 15(512B) AllocSpace objects, 0(0B) LOS objects, 24% free, 48MB/64MB, paused 1.461ms total 37.469ms
08-03 17:39:42.511 11177 12089 I art     : Starting a blocking GC Explicit
08-03 17:39:42.525 14055 14055 I Radio-JNI: register_android_hardware_Radio DONE
08-03 17:39:42.548 11177 12089 I art     : Explicit concurrent mark sweep GC freed 38(1072B) AllocSpace objects, 0(0B) LOS objects, 24% free, 48MB/64MB, paused 1.453ms total 36.405ms
08-03 17:39:42.554 14055 14055 D AndroidRuntime: Calling main entry com.android.commands.input.Input
08-03 17:39:42.556 14055 14055 I Input   : injectMotionEvent: MotionEvent { action=ACTION_DOWN, actionButton=0, id[0]=0, x[0]=603.0, y[0]=1061.0, toolType[0]=TOOL_TYPE_UNKNOWN, buttonState=0, metaState=0, flags=0x0, edgeFlags=0x0, pointerCount=1, historySize=0, eventTime=639598969, downTime=639598969, deviceId=0, source=0x1002 }
08-03 17:39:42.559 11177 12089 I art     : Starting a blocking GC Explicit
08-03 17:39:42.562 14055 14055 I Input   : injectMotionEvent: MotionEvent { action=ACTION_UP, actionButton=0, id[0]=0, x[0]=603.0, y[0]=1061.0, toolType[0]=TOOL_TYPE_UNKNOWN, buttonState=0, metaState=0, flags=0x0, edgeFlags=0x0, pointerCount=1, historySize=0, eventTime=639598969, downTime=639598969, deviceId=0, source=0x1002 }
08-03 17:39:42.564 14055 14055 D AndroidRuntime: Shutting down VM
08-03 17:39:42.573   512  2967 D audio_hw_primary: out_set_parameters: enter: usecase(1: low-latency-playback) kvpairs: routing=2
08-03 17:39:42.586   512  2967 D audio_hw_primary: select_devices: out_snd_device(2: speaker) in_snd_device(0: none)
08-03 17:39:42.586   512  2967 D msm8974_platform: platform_send_audio_calibration: sending audio calibration for snd_device(2) acdb_id(15)
08-03 17:39:42.587   512  2967 I soundtrigger: audio_extn_sound_trigger_update_device_status: device 0x2 of type 0 for Event 1
08-03 17:39:42.596   512  2967 D audio_hw_primary: enable_snd_device: snd_device(2: speaker)
08-03 17:39:42.599   512  2967 D audio_hw_primary: enable_audio_route: apply and update mixer path: low-latency-playback speaker
08-03 17:39:42.600 11177 12089 I art     : Explicit concurrent mark sweep GC freed 603(50KB) AllocSpace objects, 0(0B) LOS objects, 24% free, 49MB/65MB, paused 2.645ms total 40.273ms
08-03 17:39:42.650 13866 13866 I GoogleInputMethodServic: GoogleInputMethodService.onFinishInput():3138 
08-03 17:39:42.650 13866 13866 I GoogleInputMethodServic: GoogleInputMethodService.onStartInput():1808 
08-03 17:39:42.926 11177 12570 I art     : Starting a blocking GC Explicit
08-03 17:39:42.971 11177 12570 I art     : Explicit concurrent mark sweep GC freed 4309(294KB) AllocSpace objects, 1(20KB) LOS objects, 24% free, 49MB/65MB, paused 1.961ms total 44.852ms
08-03 17:39:42.984 11177 12570 I art     : Starting a blocking GC Explicit
08-03 17:39:43.022 11177 12570 I art     : Explicit concurrent mark sweep GC freed 1817(89KB) AllocSpace objects, 1(220KB) LOS objects, 24% free, 49MB/65MB, paused 1.537ms total 37.677ms
08-03 17:39:43.035 11177 12570 I art     : Starting a blocking GC Explicit
08-03 17:39:43.074 11177 12570 I art     : Explicit concurrent mark sweep GC freed 36(1360B) AllocSpace objects, 0(0B) LOS objects, 24% free, 49MB/65MB, paused 1.536ms total 39.095ms
08-03 17:39:43.087 11177 12570 I art     : Starting a blocking GC Explicit
08-03 17:39:43.127 11177 12570 I art     : Explicit concurrent mark sweep GC freed 35(1312B) AllocSpace objects, 0(0B) LOS objects, 24% free, 49MB/65MB, paused 1.546ms total 39.545ms
08-03 17:39:43.129   512  2967 D audio_hw_primary: disable_audio_route: reset and update mixer path: low-latency-playback speaker
08-03 17:39:43.130   512  2967 D audio_hw_primary: disable_snd_device: snd_device(2: speaker)
08-03 17:39:43.138   512  2967 I soundtrigger: audio_extn_sound_trigger_update_device_status: device 0x2 of type 0 for Event 0
08-03 17:39:43.139 11177 12570 I art     : Starting a blocking GC Explicit
08-03 17:39:43.180 11177 12570 I art     : Explicit concurrent mark sweep GC freed 33(1248B) AllocSpace objects, 0(0B) LOS objects, 24% free, 49MB/65MB, paused 1.690ms total 40.492ms
08-03 17:39:43.454 11177 14079 I NAPPA_EXPERIMENTATION: MetricNetworkRequestExecutionTime: REQUEST_DURATION_SYSTEM='820',REQUEST_DURATION_OKHTTP='37',REQUEST_SYNCHRONOUS='TRUE',RESPONSE_CODE='200',RESPONSE_METHOD='GET',RESPONSE_LENGTH_OKHTTP='37507',RESPONSE_LENGTH_HEADER='37507',REQUEST_PROTOCOL='http/1.1',REQUEST_URL='https://gpodder.net/toplist/50.json',
08-03 17:39:43.486 11177 14080 I NAPPA_EXPERIMENTATION: MetricNetworkRequestExecutionTime: REQUEST_DURATION_SYSTEM='848',REQUEST_DURATION_OKHTTP='69',REQUEST_SYNCHRONOUS='TRUE',RESPONSE_CODE='200',RESPONSE_METHOD='GET',RESPONSE_LENGTH_OKHTTP='2923',RESPONSE_LENGTH_HEADER='2923',REQUEST_PROTOCOL='http/1.1',REQUEST_URL='https://gpodder.net/api/2/tags/50.json',
08-03 17:39:43.488 11177 12088 D ApOkHttpUrlLoader: buildLoadData() called with: model = [http://sixgun.org/files/linuxoutlaws.jpg], width = [224], height = [224]
08-03 17:39:43.490 11177 11910 D DBReader: getImageAuthentication() called with: imageUrl = [http://sixgun.org/files/linuxoutlaws.jpg]
08-03 17:39:43.494 11177 11910 D ApOkHttpUrlLoader: no credentials for 'http://sixgun.org/files/linuxoutlaws.jpg'
08-03 17:39:43.500 11177 12088 D ApOkHttpUrlLoader: buildLoadData() called with: model = [https://files.thisamericanlife.org/sites/all/themes/thislife/img/tal-name-1400x1400.png], width = [224], height = [224]
08-03 17:39:43.503 11177 11909 D DBReader: getImageAuthentication() called with: imageUrl = [https://files.thisamericanlife.org/sites/all/themes/thislife/img/tal-name-1400x1400.png]
08-03 17:39:43.505 11177 12088 D ApOkHttpUrlLoader: buildLoadData() called with: model = [https://elroy.twit.tv/sites/default/files/styles/twit_album_art_2048x2048/public/images/shows/floss_weekly/album_art/audio/floss_albumart_mask.jpg?itok=IUjxKpwt], width = [224], height = [224]
08-03 17:39:43.507 11177 11914 D DBReader: getImageAuthentication() called with: imageUrl = [https://elroy.twit.tv/sites/default/files/styles/twit_album_art_2048x2048/public/images/shows/floss_weekly/album_art/audio/floss_albumart_mask.jpg?itok=IUjxKpwt]
08-03 17:39:43.507 11177 11909 D ApOkHttpUrlLoader: no credentials for 'https://files.thisamericanlife.org/sites/all/themes/thislife/img/tal-name-1400x1400.png'
08-03 17:39:43.510 11177 12088 D ApOkHttpUrlLoader: buildLoadData() called with: model = [http://ichef.bbci.co.uk/images/ic/3000x3000/p07kfvzb.jpg], width = [224], height = [224]
08-03 17:39:43.511 11177 11914 D ApOkHttpUrlLoader: no credentials for 'https://elroy.twit.tv/sites/default/files/styles/twit_album_art_2048x2048/public/images/shows/floss_weekly/album_art/audio/floss_albumart_mask.jpg?itok=IUjxKpwt'
08-03 17:39:43.511 11177 11911 D DBReader: getImageAuthentication() called with: imageUrl = [http://ichef.bbci.co.uk/images/ic/3000x3000/p07kfvzb.jpg]
08-03 17:39:43.515 11177 12088 D ApOkHttpUrlLoader: buildLoadData() called with: model = [https://pl.tedcdn.com/rss_feed_images/ted_talks_main_podcast/video.png], width = [224], height = [224]
08-03 17:39:43.515 11177 11911 D ApOkHttpUrlLoader: no credentials for 'http://ichef.bbci.co.uk/images/ic/3000x3000/p07kfvzb.jpg'
08-03 17:39:43.517 11177 11912 D DBReader: getImageAuthentication() called with: imageUrl = [https://pl.tedcdn.com/rss_feed_images/ted_talks_main_podcast/video.png]
08-03 17:39:43.520 11177 12088 D ApOkHttpUrlLoader: buildLoadData() called with: model = [https://elroy.twit.tv/sites/default/files/styles/twit_album_art_2048x2048/public/images/shows/this_week_in_tech/album_art/audio/twit1400audio.jpg?itok=J0vhatZb], width = [224], height = [224]
08-03 17:39:43.522 11177 11912 D ApOkHttpUrlLoader: no credentials for 'https://pl.tedcdn.com/rss_feed_images/ted_talks_main_podcast/video.png'
08-03 17:39:43.522 11177 11915 D DBReader: getImageAuthentication() called with: imageUrl = [https://elroy.twit.tv/sites/default/files/styles/twit_album_art_2048x2048/public/images/shows/this_week_in_tech/album_art/audio/twit1400audio.jpg?itok=J0vhatZb]
08-03 17:39:43.524 11177 12089 I art     : Starting a blocking GC Explicit
08-03 17:39:43.529 11177 11915 D ApOkHttpUrlLoader: no credentials for 'https://elroy.twit.tv/sites/default/files/styles/twit_album_art_2048x2048/public/images/shows/this_week_in_tech/album_art/audio/twit1400audio.jpg?itok=J0vhatZb'
08-03 17:39:43.529 11177 12088 D ApOkHttpUrlLoader: buildLoadData() called with: model = [http://ichef.bbci.co.uk/images/ic/3000x3000/p03gtk3j.jpg], width = [224], height = [224]
08-03 17:39:43.533 11177 11913 D DBReader: getImageAuthentication() called with: imageUrl = [http://ichef.bbci.co.uk/images/ic/3000x3000/p03gtk3j.jpg]
08-03 17:39:43.536 11177 11913 D ApOkHttpUrlLoader: no credentials for 'http://ichef.bbci.co.uk/images/ic/3000x3000/p03gtk3j.jpg'
08-03 17:39:43.548 11177 11910 D DBWriter: updateFeedDownloadURL(original: http://sixgun.org/files/linuxoutlaws.jpg, updated: https://fab.industries/sixgun/files/linuxoutlaws.jpg)
08-03 17:39:43.569 11177 12089 I art     : Explicit concurrent mark sweep GC freed 12018(751KB) AllocSpace objects, 4(212KB) LOS objects, 24% free, 49MB/65MB, paused 2.375ms total 44.477ms
08-03 17:39:43.581 11177 12089 I art     : Starting a blocking GC Explicit
08-03 17:39:43.622 11177 12089 I art     : Explicit concurrent mark sweep GC freed 1045(71KB) AllocSpace objects, 0(0B) LOS objects, 24% free, 49MB/65MB, paused 1.739ms total 40.882ms
08-03 17:39:43.635 11177 12089 I art     : Starting a blocking GC Explicit
08-03 17:39:43.651 11177 11911 D MYTAG   : interceptor 2a
08-03 17:39:43.651 11177 11911 I NAPPA_EXPERIMENTATION: MetricNetworkRequestExecutionTime: REQUEST_DURATION_SYSTEM='136',REQUEST_DURATION_OKHTTP='130',REQUEST_SYNCHRONOUS='TRUE',RESPONSE_CODE='200',RESPONSE_METHOD='GET',RESPONSE_LENGTH_OKHTTP='589826',RESPONSE_LENGTH_HEADER='589826',REQUEST_PROTOCOL='http/1.1',REQUEST_URL='http://ichef.bbci.co.uk/images/ic/3000x3000/p07kfvzb.jpg',
08-03 17:39:43.657 11177 11913 D MYTAG   : interceptor 2a
08-03 17:39:43.657 11177 11913 I NAPPA_EXPERIMENTATION: MetricNetworkRequestExecutionTime: REQUEST_DURATION_SYSTEM='121',REQUEST_DURATION_OKHTTP='116',REQUEST_SYNCHRONOUS='TRUE',RESPONSE_CODE='200',RESPONSE_METHOD='GET',RESPONSE_LENGTH_OKHTTP='814284',RESPONSE_LENGTH_HEADER='814284',REQUEST_PROTOCOL='http/1.1',REQUEST_URL='http://ichef.bbci.co.uk/images/ic/3000x3000/p03gtk3j.jpg',
08-03 17:39:43.679 11177 12089 I art     : Explicit concurrent mark sweep GC freed 613(51KB) AllocSpace objects, 0(0B) LOS objects, 24% free, 49MB/65MB, paused 1.960ms total 43.323ms
08-03 17:39:43.691 11177 12089 I art     : Starting a blocking GC Explicit
08-03 17:39:43.735 11177 12089 I art     : Explicit concurrent mark sweep GC freed 1639(64KB) AllocSpace objects, 0(0B) LOS objects, 24% free, 49MB/65MB, paused 1.813ms total 42.816ms
08-03 17:39:43.747 11177 12089 I art     : Starting a blocking GC Explicit
08-03 17:39:43.789 11177 12089 I art     : Explicit concurrent mark sweep GC freed 6816(272KB) AllocSpace objects, 0(0B) LOS objects, 24% free, 49MB/65MB, paused 2ms total 42.304ms
08-03 17:39:43.862 11177 11909 D MYTAG   : interceptor 2a
08-03 17:39:43.863 11177 11909 I NAPPA_EXPERIMENTATION: MetricNetworkRequestExecutionTime: REQUEST_DURATION_SYSTEM='355',REQUEST_DURATION_OKHTTP='99',REQUEST_SYNCHRONOUS='TRUE',RESPONSE_CODE='200',RESPONSE_METHOD='GET',RESPONSE_LENGTH_OKHTTP='52553',RESPONSE_LENGTH_HEADER='52553',REQUEST_PROTOCOL='http/1.1',REQUEST_URL='https://files.thisamericanlife.org/sites/all/themes/thislife/img/tal-name-1400x1400.png',
08-03 17:39:43.925 11056 11056 I Atfwd_Sendcmd: AtCmdFwd service not ready - Exhausted retry attempts - :6
08-03 17:39:43.925 11056 11056 I Atfwd_Daemon: result : -1 	 ,Init step :2 	 ,qmiErrorCode: 0
08-03 17:39:44.002 11177 11914 D MYTAG   : interceptor 2a
08-03 17:39:44.003 11177 11914 I NAPPA_EXPERIMENTATION: MetricNetworkRequestExecutionTime: REQUEST_DURATION_SYSTEM='491',REQUEST_DURATION_OKHTTP='240',REQUEST_SYNCHRONOUS='TRUE',RESPONSE_CODE='200',RESPONSE_METHOD='GET',RESPONSE_LENGTH_OKHTTP='297964',RESPONSE_LENGTH_HEADER='297964',REQUEST_PROTOCOL='h2',REQUEST_URL='https://elroy.twit.tv/sites/default/files/styles/twit_album_art_2048x2048/public/images/shows/floss_weekly/album_art/audio/floss_albumart_mask.jpg?itok=IUjxKpwt',
08-03 17:39:44.022 11177 11910 D MYTAG   : interceptor 2a
08-03 17:39:44.022 11177 11910 I NAPPA_EXPERIMENTATION: MetricNetworkRequestExecutionTime: REQUEST_DURATION_SYSTEM='528',REQUEST_DURATION_OKHTTP='244',REQUEST_SYNCHRONOUS='TRUE',RESPONSE_CODE='404',RESPONSE_METHOD='GET',RESPONSE_LENGTH_OKHTTP='-1',RESPONSE_LENGTH_HEADER='1503',REQUEST_PROTOCOL='h2',REQUEST_URL='https://fab.industries/sixgun/files/linuxoutlaws.jpg',
08-03 17:39:44.025 11177 11177 W Glide   : Load failed for http://sixgun.org/files/linuxoutlaws.jpg with size [224x224]
08-03 17:39:44.025 11177 11177 W Glide   : class com.bumptech.glide.load.engine.GlideException: Failed to load resource
08-03 17:39:44.025 11177 11177 W Glide   : There was 1 cause:
08-03 17:39:44.025 11177 11177 W Glide   : com.bumptech.glide.load.HttpException()
08-03 17:39:44.025 11177 11177 W Glide   :  call GlideException#logRootCauses(String) for more detail
08-03 17:39:44.025 11177 11177 W Glide   :   Cause (1 of 1): class com.bumptech.glide.load.engine.GlideException: Fetching data failed, class java.io.InputStream, REMOTE
08-03 17:39:44.025 11177 11177 W Glide   : There was 1 cause:
08-03 17:39:44.025 11177 11177 W Glide   : com.bumptech.glide.load.HttpException()
08-03 17:39:44.025 11177 11177 W Glide   :  call GlideException#logRootCauses(String) for more detail
08-03 17:39:44.025 11177 11177 W Glide   :     Cause (1 of 1): class com.bumptech.glide.load.HttpException: 
08-03 17:39:44.026 11177 11177 I Glide   : Root cause (1 of 1)
08-03 17:39:44.026 11177 11177 I Glide   : com.bumptech.glide.load.HttpException: 
08-03 17:39:44.026 11177 11177 I Glide   : 	at com.bumptech.glide.integration.okhttp3.OkHttpStreamFetcher.onResponse(OkHttpStreamFetcher.java:73)
08-03 17:39:44.026 11177 11177 I Glide   : 	at okhttp3.RealCall$AsyncCall.execute(RealCall.java:174)
08-03 17:39:44.026 11177 11177 I Glide   : 	at okhttp3.internal.NamedRunnable.run(NamedRunnable.java:32)
08-03 17:39:44.026 11177 11177 I Glide   : 	at java.util.concurrent.ThreadPoolExecutor.runWorker(ThreadPoolExecutor.java:1113)
08-03 17:39:44.026 11177 11177 I Glide   : 	at java.util.concurrent.ThreadPoolExecutor$Worker.run(ThreadPoolExecutor.java:588)
08-03 17:39:44.026 11177 11177 I Glide   : 	at java.lang.Thread.run(Thread.java:818)
08-03 17:39:44.027 11177 11177 W Glide   : Load failed for http://sixgun.org/files/linuxoutlaws.jpg with size [224x224]
08-03 17:39:44.027 11177 11177 W Glide   : class com.bumptech.glide.load.engine.GlideException: Failed to load resource
08-03 17:39:44.027 11177 11177 W Glide   : There was 1 cause:
08-03 17:39:44.027 11177 11177 W Glide   : com.bumptech.glide.load.HttpException()
08-03 17:39:44.027 11177 11177 W Glide   :  call GlideException#logRootCauses(String) for more detail
08-03 17:39:44.027 11177 11177 W Glide   :   Cause (1 of 1): class com.bumptech.glide.load.engine.GlideException: Fetching data failed, class java.io.InputStream, REMOTE
08-03 17:39:44.027 11177 11177 W Glide   : There was 1 cause:
08-03 17:39:44.027 11177 11177 W Glide   : com.bumptech.glide.load.HttpException()
08-03 17:39:44.027 11177 11177 W Glide   :  call GlideException#logRootCauses(String) for more detail
08-03 17:39:44.027 11177 11177 W Glide   :     Cause (1 of 1): class com.bumptech.glide.load.HttpException: 
08-03 17:39:44.027 11177 11177 I Glide   : Root cause (1 of 1)
08-03 17:39:44.027 11177 11177 I Glide   : com.bumptech.glide.load.HttpException: 
08-03 17:39:44.027 11177 11177 I Glide   : 	at com.bumptech.glide.integration.okhttp3.OkHttpStreamFetcher.onResponse(OkHttpStreamFetcher.java:73)
08-03 17:39:44.027 11177 11177 I Glide   : 	at okhttp3.RealCall$AsyncCall.execute(RealCall.java:174)
08-03 17:39:44.027 11177 11177 I Glide   : 	at okhttp3.internal.NamedRunnable.run(NamedRunnable.java:32)
08-03 17:39:44.027 11177 11177 I Glide   : 	at java.util.concurrent.ThreadPoolExecutor.runWorker(ThreadPoolExecutor.java:1113)
08-03 17:39:44.027 11177 11177 I Glide   : 	at java.util.concurrent.ThreadPoolExecutor$Worker.run(ThreadPoolExecutor.java:588)
08-03 17:39:44.027 11177 11177 I Glide   : 	at java.lang.Thread.run(Thread.java:818)
08-03 17:39:44.062 11177 11912 D MYTAG   : interceptor 2a
08-03 17:39:44.063 11177 11912 I NAPPA_EXPERIMENTATION: MetricNetworkRequestExecutionTime: REQUEST_DURATION_SYSTEM='540',REQUEST_DURATION_OKHTTP='298',REQUEST_SYNCHRONOUS='TRUE',RESPONSE_CODE='200',RESPONSE_METHOD='GET',RESPONSE_LENGTH_OKHTTP='89986',RESPONSE_LENGTH_HEADER='89986',REQUEST_PROTOCOL='h2',REQUEST_URL='https://pl.tedcdn.com/rss_feed_images/ted_talks_main_podcast/video.png',
08-03 17:39:44.099 11177 11915 D MYTAG   : interceptor 2a
08-03 17:39:44.099 11177 11915 I NAPPA_EXPERIMENTATION: MetricNetworkRequestExecutionTime: REQUEST_DURATION_SYSTEM='570',REQUEST_DURATION_OKHTTP='331',REQUEST_SYNCHRONOUS='TRUE',RESPONSE_CODE='200',RESPONSE_METHOD='GET',RESPONSE_LENGTH_OKHTTP='465707',RESPONSE_LENGTH_HEADER='465707',REQUEST_PROTOCOL='h2',REQUEST_URL='https://elroy.twit.tv/sites/default/files/styles/twit_album_art_2048x2048/public/images/shows/this_week_in_tech/album_art/audio/twit1400audio.jpg?itok=J0vhatZb',
08-03 17:39:44.117 11177 11189 I art     : Starting a blocking GC Explicit
08-03 17:39:44.160 11177 11189 I art     : Explicit concurrent mark sweep GC freed 5492(440KB) AllocSpace objects, 1(20KB) LOS objects, 24% free, 50MB/66MB, paused 1.712ms total 43.449ms
08-03 17:39:44.173 11177 11189 I art     : Starting a blocking GC Explicit
08-03 17:39:44.176 11177 12088 D ApOkHttpUrlLoader: buildLoadData() called with: model = [http://sixgun.org/files/linuxoutlaws.jpg], width = [224], height = [224]
08-03 17:39:44.178 11177 11915 D DBReader: getImageAuthentication() called with: imageUrl = [http://sixgun.org/files/linuxoutlaws.jpg]
08-03 17:39:44.182 11177 11915 D ApOkHttpUrlLoader: no credentials for 'http://sixgun.org/files/linuxoutlaws.jpg'
08-03 17:39:44.212 11177 11189 I art     : Explicit concurrent mark sweep GC freed 1034(53KB) AllocSpace objects, 0(0B) LOS objects, 23% free, 50MB/66MB, paused 1.677ms total 38.789ms
08-03 17:39:44.224 11177 11189 I art     : Starting a blocking GC Explicit
08-03 17:39:44.227 11177 11915 D DBWriter: updateFeedDownloadURL(original: http://sixgun.org/files/linuxoutlaws.jpg, updated: https://fab.industries/sixgun/files/linuxoutlaws.jpg)
08-03 17:39:44.261 11177 11189 I art     : Explicit concurrent mark sweep GC freed 622(37KB) AllocSpace objects, 0(0B) LOS objects, 23% free, 50MB/66MB, paused 1.522ms total 36.418ms
08-03 17:39:44.272 11177 11189 I art     : Starting a blocking GC Explicit
08-03 17:39:44.308 11177 11189 I art     : Explicit concurrent mark sweep GC freed 35(1280B) AllocSpace objects, 0(0B) LOS objects, 23% free, 50MB/66MB, paused 1.495ms total 35.784ms
08-03 17:39:44.320 11177 11189 I art     : Starting a blocking GC Explicit
08-03 17:39:44.356 11177 11189 I art     : Explicit concurrent mark sweep GC freed 3(96B) AllocSpace objects, 0(0B) LOS objects, 23% free, 50MB/66MB, paused 1.452ms total 35.885ms
08-03 17:39:44.356 11177 11188 I art     : WaitForGcToComplete blocked for 25.853ms for cause HeapTrim
08-03 17:39:44.425 11177 11915 D MYTAG   : interceptor 2a
08-03 17:39:44.426 11177 11915 I NAPPA_EXPERIMENTATION: MetricNetworkRequestExecutionTime: REQUEST_DURATION_SYSTEM='243',REQUEST_DURATION_OKHTTP='195',REQUEST_SYNCHRONOUS='TRUE',RESPONSE_CODE='404',RESPONSE_METHOD='GET',RESPONSE_LENGTH_OKHTTP='-1',RESPONSE_LENGTH_HEADER='1503',REQUEST_PROTOCOL='h2',REQUEST_URL='https://fab.industries/sixgun/files/linuxoutlaws.jpg',
08-03 17:39:44.429 11177 11177 W Glide   : Load failed for http://sixgun.org/files/linuxoutlaws.jpg with size [224x224]
08-03 17:39:44.429 11177 11177 W Glide   : class com.bumptech.glide.load.engine.GlideException: Failed to load resource
08-03 17:39:44.429 11177 11177 W Glide   : There was 1 cause:
08-03 17:39:44.429 11177 11177 W Glide   : com.bumptech.glide.load.HttpException()
08-03 17:39:44.429 11177 11177 W Glide   :  call GlideException#logRootCauses(String) for more detail
08-03 17:39:44.429 11177 11177 W Glide   :   Cause (1 of 1): class com.bumptech.glide.load.engine.GlideException: Fetching data failed, class java.io.InputStream, REMOTE
08-03 17:39:44.429 11177 11177 W Glide   : There was 1 cause:
08-03 17:39:44.429 11177 11177 W Glide   : com.bumptech.glide.load.HttpException()
08-03 17:39:44.429 11177 11177 W Glide   :  call GlideException#logRootCauses(String) for more detail
08-03 17:39:44.429 11177 11177 W Glide   :     Cause (1 of 1): class com.bumptech.glide.load.HttpException: 
08-03 17:39:44.429 11177 11177 I Glide   : Root cause (1 of 1)
08-03 17:39:44.429 11177 11177 I Glide   : com.bumptech.glide.load.HttpException: 
08-03 17:39:44.429 11177 11177 I Glide   : 	at com.bumptech.glide.integration.okhttp3.OkHttpStreamFetcher.onResponse(OkHttpStreamFetcher.java:73)
08-03 17:39:44.429 11177 11177 I Glide   : 	at okhttp3.RealCall$AsyncCall.execute(RealCall.java:174)
08-03 17:39:44.429 11177 11177 I Glide   : 	at okhttp3.internal.NamedRunnable.run(NamedRunnable.java:32)
08-03 17:39:44.429 11177 11177 I Glide   : 	at java.util.concurrent.ThreadPoolExecutor.runWorker(ThreadPoolExecutor.java:1113)
08-03 17:39:44.429 11177 11177 I Glide   : 	at java.util.concurrent.ThreadPoolExecutor$Worker.run(ThreadPoolExecutor.java:588)
08-03 17:39:44.429 11177 11177 I Glide   : 	at java.lang.Thread.run(Thread.java:818)
08-03 17:39:44.717 11177 11189 I art     : Starting a blocking GC Explicit
08-03 17:39:44.765 11177 11189 I art     : Explicit concurrent mark sweep GC freed 2117(149KB) AllocSpace objects, 1(20KB) LOS objects, 23% free, 50MB/66MB, paused 1.617ms total 48.168ms
08-03 17:39:44.779 11177 11189 I art     : Starting a blocking GC Explicit
08-03 17:39:44.826 11177 11189 I art     : Explicit concurrent mark sweep GC freed 57(2016B) AllocSpace objects, 0(0B) LOS objects, 23% free, 50MB/66MB, paused 1.551ms total 47.446ms
08-03 17:39:44.840 11177 11189 I art     : Starting a blocking GC Explicit
08-03 17:39:44.887 11177 11189 I art     : Explicit concurrent mark sweep GC freed 3(96B) AllocSpace objects, 0(0B) LOS objects, 23% free, 50MB/66MB, paused 1.598ms total 47.229ms
08-03 17:39:44.901 11177 11189 I art     : Starting a blocking GC Explicit
08-03 17:39:44.950 11177 11189 I art     : Explicit concurrent mark sweep GC freed 3(96B) AllocSpace objects, 0(0B) LOS objects, 23% free, 50MB/66MB, paused 1.669ms total 48.621ms
08-03 17:39:44.966 11177 11189 I art     : Starting a blocking GC Explicit
08-03 17:39:45.012 11177 11189 I art     : Explicit concurrent mark sweep GC freed 3(96B) AllocSpace objects, 0(0B) LOS objects, 23% free, 50MB/66MB, paused 1.594ms total 45.685ms
08-03 17:39:45.388 11177 12089 I art     : Starting a blocking GC Explicit
08-03 17:39:45.431 11177 12089 I art     : Explicit concurrent mark sweep GC freed 1434(82KB) AllocSpace objects, 1(20KB) LOS objects, 23% free, 50MB/66MB, paused 1.550ms total 43.297ms
08-03 17:39:45.445 11177 12089 I art     : Starting a blocking GC Explicit
08-03 17:39:45.491 11177 12089 I art     : Explicit concurrent mark sweep GC freed 40(1328B) AllocSpace objects, 0(0B) LOS objects, 23% free, 50MB/66MB, paused 1.501ms total 46.383ms
08-03 17:39:45.505 11177 12089 I art     : Starting a blocking GC Explicit
08-03 17:39:45.553 11177 12089 I art     : Explicit concurrent mark sweep GC freed 35(960B) AllocSpace objects, 0(0B) LOS objects, 23% free, 50MB/66MB, paused 1.543ms total 47.351ms
08-03 17:39:45.566 11177 12089 I art     : Starting a blocking GC Explicit
08-03 17:39:45.612 11177 12089 I art     : Explicit concurrent mark sweep GC freed 3(96B) AllocSpace objects, 0(0B) LOS objects, 23% free, 50MB/66MB, paused 1.519ms total 45.005ms
08-03 17:39:45.625 11177 12089 I art     : Starting a blocking GC Explicit
08-03 17:39:45.673 11177 12089 I art     : Explicit concurrent mark sweep GC freed 3(96B) AllocSpace objects, 0(0B) LOS objects, 23% free, 50MB/66MB, paused 1.608ms total 47.827ms
08-03 17:39:46.059 11177 11189 I art     : Starting a blocking GC Explicit
08-03 17:39:46.115 11177 11189 I art     : Explicit concurrent mark sweep GC freed 1378(80KB) AllocSpace objects, 1(20KB) LOS objects, 23% free, 50MB/66MB, paused 1.488ms total 56.062ms
08-03 17:39:46.129 11177 11189 I art     : Starting a blocking GC Explicit
08-03 17:39:46.175 11177 11189 I art     : Explicit concurrent mark sweep GC freed 23(752B) AllocSpace objects, 0(0B) LOS objects, 23% free, 50MB/66MB, paused 1.579ms total 46.045ms
08-03 17:39:46.188 11177 11189 I art     : Starting a blocking GC Explicit
08-03 17:39:46.234 11177 11189 I art     : Explicit concurrent mark sweep GC freed 3(96B) AllocSpace objects, 0(0B) LOS objects, 23% free, 50MB/66MB, paused 1.479ms total 45.382ms
08-03 17:39:46.247 11177 11189 I art     : Starting a blocking GC Explicit
08-03 17:39:46.296 11177 11189 I art     : Explicit concurrent mark sweep GC freed 3(96B) AllocSpace objects, 0(0B) LOS objects, 23% free, 50MB/66MB, paused 1.498ms total 47.806ms
08-03 17:39:46.309 11177 11189 I art     : Starting a blocking GC Explicit
08-03 17:39:46.356 11177 11189 I art     : Explicit concurrent mark sweep GC freed 3(96B) AllocSpace objects, 0(0B) LOS objects, 23% free, 50MB/66MB, paused 1.537ms total 47.067ms
08-03 17:39:46.772 11177 12570 I art     : Starting a blocking GC Explicit
08-03 17:39:46.831 11177 12570 I art     : Explicit concurrent mark sweep GC freed 1407(81KB) AllocSpace objects, 1(20KB) LOS objects, 23% free, 50MB/66MB, paused 1.736ms total 58.840ms
08-03 17:39:46.846 11177 12570 I art     : Starting a blocking GC Explicit
08-03 17:39:46.893 11177 12570 I art     : Explicit concurrent mark sweep GC freed 23(752B) AllocSpace objects, 0(0B) LOS objects, 23% free, 50MB/66MB, paused 1.608ms total 46.943ms
08-03 17:39:46.906 11177 12570 I art     : Starting a blocking GC Explicit
08-03 17:39:46.955 11177 12570 I art     : Explicit concurrent mark sweep GC freed 3(96B) AllocSpace objects, 0(0B) LOS objects, 23% free, 50MB/66MB, paused 1.602ms total 48.302ms
08-03 17:39:46.969 11177 12570 I art     : Starting a blocking GC Explicit
08-03 17:39:47.015 11177 12570 I art     : Explicit concurrent mark sweep GC freed 3(96B) AllocSpace objects, 0(0B) LOS objects, 23% free, 50MB/66MB, paused 1.585ms total 46.222ms
08-03 17:39:47.029 11177 12570 I art     : Starting a blocking GC Explicit
08-03 17:39:47.077 11177 12570 I art     : Explicit concurrent mark sweep GC freed 3(96B) AllocSpace objects, 0(0B) LOS objects, 23% free, 50MB/66MB, paused 1.531ms total 47.794ms
08-03 17:39:47.484 11177 11189 I art     : Starting a blocking GC Explicit
08-03 17:39:47.543 11177 11189 I art     : Explicit concurrent mark sweep GC freed 1450(83KB) AllocSpace objects, 1(20KB) LOS objects, 23% free, 50MB/66MB, paused 1.675ms total 58.022ms
08-03 17:39:47.558 11177 11189 I art     : Starting a blocking GC Explicit
08-03 17:39:47.604 11177 11189 I art     : Explicit concurrent mark sweep GC freed 29(976B) AllocSpace objects, 0(0B) LOS objects, 23% free, 50MB/66MB, paused 1.524ms total 46.087ms
08-03 17:39:47.618 11177 11189 I art     : Starting a blocking GC Explicit
08-03 17:39:47.666 11177 11189 I art     : Explicit concurrent mark sweep GC freed 3(96B) AllocSpace objects, 0(0B) LOS objects, 23% free, 50MB/66MB, paused 1.622ms total 48.157ms
08-03 17:39:47.680 11177 11189 I art     : Starting a blocking GC Explicit
08-03 17:39:47.725 11177 11189 I art     : Explicit concurrent mark sweep GC freed 3(96B) AllocSpace objects, 0(0B) LOS objects, 23% free, 50MB/66MB, paused 1.549ms total 44.452ms
08-03 17:39:47.738 11177 11189 I art     : Starting a blocking GC Explicit
08-03 17:39:47.783 11177 11189 I art     : Explicit concurrent mark sweep GC freed 3(96B) AllocSpace objects, 0(0B) LOS objects, 23% free, 50MB/66MB, paused 1.591ms total 44.351ms
08-03 17:39:48.173 11177 12570 I art     : Starting a blocking GC Explicit
08-03 17:39:48.228 11177 12570 I art     : Explicit concurrent mark sweep GC freed 1379(81KB) AllocSpace objects, 1(20KB) LOS objects, 23% free, 50MB/66MB, paused 1.847ms total 54.666ms
08-03 17:39:48.245 11177 12570 I art     : Starting a blocking GC Explicit
08-03 17:39:48.296 11177 12570 I art     : Explicit concurrent mark sweep GC freed 23(752B) AllocSpace objects, 0(0B) LOS objects, 23% free, 50MB/66MB, paused 1.613ms total 50.633ms
08-03 17:39:48.309 11177 12570 I art     : Starting a blocking GC Explicit
08-03 17:39:48.356 11177 12570 I art     : Explicit concurrent mark sweep GC freed 3(96B) AllocSpace objects, 0(0B) LOS objects, 23% free, 50MB/66MB, paused 1.610ms total 46.663ms
08-03 17:39:48.370 11177 12570 I art     : Starting a blocking GC Explicit
08-03 17:39:48.417 11177 12570 I art     : Explicit concurrent mark sweep GC freed 3(96B) AllocSpace objects, 0(0B) LOS objects, 23% free, 50MB/66MB, paused 1.634ms total 47.205ms
08-03 17:39:48.431 11177 12570 I art     : Starting a blocking GC Explicit
08-03 17:39:48.478 11177 12570 I art     : Explicit concurrent mark sweep GC freed 3(96B) AllocSpace objects, 0(0B) LOS objects, 23% free, 50MB/66MB, paused 1.605ms total 47.066ms
08-03 17:39:48.878 11177 11286 I art     : Starting a blocking GC Explicit
08-03 17:39:48.922 11177 11286 I art     : Explicit concurrent mark sweep GC freed 1410(82KB) AllocSpace objects, 1(20KB) LOS objects, 23% free, 50MB/66MB, paused 1.573ms total 43.692ms
08-03 17:39:48.935 11177 11286 I art     : Starting a blocking GC Explicit
08-03 17:39:48.979 11177 11286 I art     : Explicit concurrent mark sweep GC freed 23(752B) AllocSpace objects, 0(0B) LOS objects, 23% free, 50MB/66MB, paused 1.603ms total 44.169ms
08-03 17:39:48.992 11177 11286 I art     : Starting a blocking GC Explicit
08-03 17:39:49.038 11177 11286 I art     : Explicit concurrent mark sweep GC freed 3(96B) AllocSpace objects, 0(0B) LOS objects, 23% free, 50MB/66MB, paused 1.740ms total 45.598ms
08-03 17:39:49.051 11177 11286 I art     : Starting a blocking GC Explicit
08-03 17:39:49.096 11177 11286 I art     : Explicit concurrent mark sweep GC freed 3(96B) AllocSpace objects, 0(0B) LOS objects, 23% free, 50MB/66MB, paused 1.579ms total 44.105ms
08-03 17:39:49.109 11177 11286 I art     : Starting a blocking GC Explicit
08-03 17:39:49.154 11177 11286 I art     : Explicit concurrent mark sweep GC freed 3(96B) AllocSpace objects, 0(0B) LOS objects, 23% free, 50MB/66MB, paused 1.633ms total 44.757ms
08-03 17:39:49.349 14193 14193 D AndroidRuntime: >>>>>> START com.android.internal.os.RuntimeInit uid 2000 <<<<<<
08-03 17:39:49.355 14193 14193 D AndroidRuntime: CheckJNI is OFF
08-03 17:39:49.396 14193 14193 D ICU     : No timezone override file found: /data/misc/zoneinfo/current/icu/icu_tzdata.dat
08-03 17:39:49.439 14193 14193 I Radio-JNI: register_android_hardware_Radio DONE
08-03 17:39:49.469 14193 14193 D AndroidRuntime: Calling main entry com.android.commands.input.Input
08-03 17:39:49.472 14193 14193 I Input   : injectMotionEvent: MotionEvent { action=ACTION_DOWN, actionButton=0, id[0]=0, x[0]=526.0, y[0]=597.0, toolType[0]=TOOL_TYPE_UNKNOWN, buttonState=0, metaState=0, flags=0x0, edgeFlags=0x0, pointerCount=1, historySize=0, eventTime=639605884, downTime=639605884, deviceId=0, source=0x1002 }
08-03 17:39:49.476 14193 14193 I Input   : injectMotionEvent: MotionEvent { action=ACTION_UP, actionButton=0, id[0]=0, x[0]=526.0, y[0]=597.0, toolType[0]=TOOL_TYPE_UNKNOWN, buttonState=0, metaState=0, flags=0x0, edgeFlags=0x0, pointerCount=1, historySize=0, eventTime=639605884, downTime=639605884, deviceId=0, source=0x1002 }
08-03 17:39:49.478 14193 14193 D AndroidRuntime: Shutting down VM
08-03 17:39:49.541 11177 11286 I art     : Starting a blocking GC Explicit
08-03 17:39:49.549   512  2967 D audio_hw_primary: out_set_parameters: enter: usecase(1: low-latency-playback) kvpairs: routing=2
08-03 17:39:49.550 11177 11177 D PodcastListFragment: Selected podcast: GpodnetPodcast [url=http://feeds.feedburner.com/linuxoutlaws, title=Linux Outlaws, description=Two pragmatic geeks talk about the latest news concerning Linux, free and open
08-03 17:39:49.550 11177 11177 D PodcastListFragment: technology or anything else they deem noteworthy which may include such absurd
08-03 17:39:49.550 11177 11177 D PodcastListFragment: things as hockey or bands you never heard of. This means there's many a joke
08-03 17:39:49.550 11177 11177 D PodcastListFragment: and derailed conversation along the way, so don't come here expecting only
08-03 17:39:49.550 11177 11177 D PodcastListFragment: Linux or software freedom talk  just sit back and relax, partner., subscribers=3321, logoUrl=http://sixgun.org/files/linuxoutlaws.jpg, website=http://sixgun.org, mygpoLink=http://gpodder.net/podcast/linux-outlaws-mp3]
08-03 17:39:49.551   918  5952 I ActivityManager: START u0 {cmp=baseline.de.danoeh.antennapod.debug/baseline.de.danoeh.antennapod.activity.OnlineFeedViewActivity (has extras)} from uid 10633 on display 0
08-03 17:39:49.562   512  2967 D audio_hw_primary: select_devices: out_snd_device(2: speaker) in_snd_device(0: none)
08-03 17:39:49.563   512  2967 D msm8974_platform: platform_send_audio_calibration: sending audio calibration for snd_device(2) acdb_id(15)
08-03 17:39:49.563   512  2967 I soundtrigger: audio_extn_sound_trigger_update_device_status: device 0x2 of type 0 for Event 1
08-03 17:39:49.574   512  2967 D audio_hw_primary: enable_snd_device: snd_device(2: speaker)
08-03 17:39:49.576   512  2967 D audio_hw_primary: enable_audio_route: apply and update mixer path: low-latency-playback speaker
08-03 17:39:49.586 11177 11286 I art     : Explicit concurrent mark sweep GC freed 1943(133KB) AllocSpace objects, 2(40KB) LOS objects, 23% free, 50MB/66MB, paused 1.918ms total 44.425ms
08-03 17:39:49.595 11177 11177 D UserPreferences: Using default data folder
08-03 17:39:49.596 11177 11177 D OnlineFeedViewActivity: Activity was started with url http://feeds.feedburner.com/linuxoutlaws
08-03 17:39:49.599 11177 11177 D OnlineFeedViewActivity: Starting feed download
08-03 17:39:49.599 11177 11286 I art     : Starting a blocking GC Explicit
08-03 17:39:49.602 11177 11707 D DBReader: Extracting Feedlist
08-03 17:39:49.604   918  3359 D WifiService: acquireWifiLockLocked: WifiLock{Downloader type=1 binder=android.os.BinderProxy@57651d}
08-03 17:39:49.605 11177 11707 D AntennapodHttpClient: Creating new instance of HTTP client
08-03 17:39:49.639 11177 11286 I art     : Explicit concurrent mark sweep GC freed 819(65KB) AllocSpace objects, 0(0B) LOS objects, 23% free, 50MB/66MB, paused 2.048ms total 39.001ms
08-03 17:39:49.652 11177 11286 I art     : Starting a blocking GC Explicit
08-03 17:39:49.653 13866 13866 I GoogleInputMethodServic: GoogleInputMethodService.onFinishInput():3138 
08-03 17:39:49.654 13866 13866 I GoogleInputMethodServic: GoogleInputMethodService.onStartInput():1808 
08-03 17:39:49.678   918   936 I ActivityManager: Displayed baseline.de.danoeh.antennapod.debug/baseline.de.danoeh.antennapod.activity.OnlineFeedViewActivity: +113ms
08-03 17:39:49.696 11177 11286 I art     : Explicit concurrent mark sweep GC freed 446(20KB) AllocSpace objects, 0(0B) LOS objects, 23% free, 51MB/67MB, paused 1.819ms total 43.211ms
08-03 17:39:49.701 11177 11707 D MYTAG   : interceptor 3a http://feeds.feedburner.com/linuxoutlaws
08-03 17:39:49.702 11177 11707 I NAPPA_EXPERIMENTATION: MetricNetworkRequestExecutionTime: REQUEST_DURATION_SYSTEM='95',REQUEST_DURATION_OKHTTP='53',REQUEST_SYNCHRONOUS='TRUE',RESPONSE_CODE='200',RESPONSE_METHOD='GET',RESPONSE_LENGTH_OKHTTP='-1',RESPONSE_LENGTH_HEADER='-2',REQUEST_PROTOCOL='http/1.1',REQUEST_URL='http://feeds.feedburner.com/linuxoutlaws',
08-03 17:39:49.702 11177 11707 D HttpDownloader: Response code is 200
08-03 17:39:49.702 11177 11707 D UserPreferences: Using default data folder
08-03 17:39:49.704 11177 11707 D HttpDownloader: Getting size of download
08-03 17:39:49.704 11177 11707 D HttpDownloader: Size is -1
08-03 17:39:49.704 11177 11707 D UserPreferences: Using default data folder
08-03 17:39:49.704 11177 11707 D HttpDownloader: Free space is 20749627392
08-03 17:39:49.704 11177 11707 D HttpDownloader: Starting download
08-03 17:39:49.708 11177 11286 I art     : Starting a blocking GC Explicit
08-03 17:39:49.710 11177 11198 D OpenGLRenderer: endAllStagingAnimators on 0x7f7d1fe000 (GridView) with handle 0x7f756b8380
08-03 17:39:49.719 11177 11707 D HttpDownloader: Download was successful
08-03 17:39:49.720   918   929 D WifiService: releaseWifiLockLocked: WifiLock{Downloader type=1 binder=android.os.BinderProxy@57651d}
08-03 17:39:49.722 11177 11177 D OnlineFeedViewActivity: Parsing feed
08-03 17:39:49.725 11177 14217 D TypeGetter: Recognized type RSS 2.0
08-03 17:39:49.728 11177 14217 D SyndHandler: Recognized Content namespace
08-03 17:39:49.728 11177 14217 D SyndHandler: Recognized DublinCore namespace
08-03 17:39:49.728 11177 14217 D SyndHandler: Recognized Atom namespace
08-03 17:39:49.728 11177 14217 D SyndHandler: Recognized ITunes namespace
08-03 17:39:49.728 11177 14217 D SyndHandler: Recognized media namespace
08-03 17:39:49.750 11177 11286 I art     : Explicit concurrent mark sweep GC freed 1194(249KB) AllocSpace objects, 3(60KB) LOS objects, 23% free, 51MB/67MB, paused 1.776ms total 41.245ms
08-03 17:39:49.762 11177 11286 I art     : Starting a blocking GC Explicit
08-03 17:39:49.774 11177 14217 D OnlineFeedViewActivity: Deleted feed source file. Result: true
08-03 17:39:49.774 11177 11177 D OnlineFeedViewActivity: Removing HTML from shownotes
08-03 17:39:49.795 11177 12088 D ApOkHttpUrlLoader: buildLoadData() called with: model = [http://sixgun.org/files/linuxoutlaws.jpg], width = [350], height = [350]
08-03 17:39:49.797 11177 11915 D DBReader: getImageAuthentication() called with: imageUrl = [http://sixgun.org/files/linuxoutlaws.jpg]
08-03 17:39:49.802 11177 11915 D ApOkHttpUrlLoader: no credentials for 'http://sixgun.org/files/linuxoutlaws.jpg'
08-03 17:39:49.804 11177 11286 I art     : Explicit concurrent mark sweep GC freed 3783(451KB) AllocSpace objects, 11(748KB) LOS objects, 23% free, 51MB/67MB, paused 2.013ms total 41.396ms
08-03 17:39:49.804 11177 11188 I art     : WaitForGcToComplete blocked for 38.398ms for cause HeapTrim
08-03 17:39:49.840 11177 11915 D DBWriter: updateFeedDownloadURL(original: http://sixgun.org/files/linuxoutlaws.jpg, updated: https://fab.industries/sixgun/files/linuxoutlaws.jpg)
08-03 17:39:49.907   380   380 W SurfaceFlinger: couldn't log to binary event log: overflow.
08-03 17:39:49.989 11177 11915 D MYTAG   : interceptor 2a
08-03 17:39:49.989 11177 11915 I NAPPA_EXPERIMENTATION: MetricNetworkRequestExecutionTime: REQUEST_DURATION_SYSTEM='187',REQUEST_DURATION_OKHTTP='145',REQUEST_SYNCHRONOUS='TRUE',RESPONSE_CODE='404',RESPONSE_METHOD='GET',RESPONSE_LENGTH_OKHTTP='-1',RESPONSE_LENGTH_HEADER='1503',REQUEST_PROTOCOL='h2',REQUEST_URL='https://fab.industries/sixgun/files/linuxoutlaws.jpg',
08-03 17:39:49.991 11177 11177 W Glide   : Load failed for http://sixgun.org/files/linuxoutlaws.jpg with size [350x350]
08-03 17:39:49.991 11177 11177 W Glide   : class com.bumptech.glide.load.engine.GlideException: Failed to load resource
08-03 17:39:49.991 11177 11177 W Glide   : There was 1 cause:
08-03 17:39:49.991 11177 11177 W Glide   : com.bumptech.glide.load.HttpException()
08-03 17:39:49.991 11177 11177 W Glide   :  call GlideException#logRootCauses(String) for more detail
08-03 17:39:49.991 11177 11177 W Glide   :   Cause (1 of 1): class com.bumptech.glide.load.engine.GlideException: Fetching data failed, class java.io.InputStream, REMOTE
08-03 17:39:49.991 11177 11177 W Glide   : There was 1 cause:
08-03 17:39:49.991 11177 11177 W Glide   : com.bumptech.glide.load.HttpException()
08-03 17:39:49.991 11177 11177 W Glide   :  call GlideException#logRootCauses(String) for more detail
08-03 17:39:49.991 11177 11177 W Glide   :     Cause (1 of 1): class com.bumptech.glide.load.HttpException: 
08-03 17:39:49.991 11177 11177 I Glide   : Root cause (1 of 1)
08-03 17:39:49.991 11177 11177 I Glide   : com.bumptech.glide.load.HttpException: 
08-03 17:39:49.991 11177 11177 I Glide   : 	at com.bumptech.glide.integration.okhttp3.OkHttpStreamFetcher.onResponse(OkHttpStreamFetcher.java:73)
08-03 17:39:49.991 11177 11177 I Glide   : 	at okhttp3.RealCall$AsyncCall.execute(RealCall.java:174)
08-03 17:39:49.991 11177 11177 I Glide   : 	at okhttp3.internal.NamedRunnable.run(NamedRunnable.java:32)
08-03 17:39:49.991 11177 11177 I Glide   : 	at java.util.concurrent.ThreadPoolExecutor.runWorker(ThreadPoolExecutor.java:1113)
08-03 17:39:49.991 11177 11177 I Glide   : 	at java.util.concurrent.ThreadPoolExecutor$Worker.run(ThreadPoolExecutor.java:588)
08-03 17:39:49.991 11177 11177 I Glide   : 	at java.lang.Thread.run(Thread.java:818)
08-03 17:39:50.047 11177 11177 D PlaybackController: Releasing PlaybackController
08-03 17:39:50.118   512  2967 D audio_hw_primary: disable_audio_route: reset and update mixer path: low-latency-playback speaker
08-03 17:39:50.119   512  2967 D audio_hw_primary: disable_snd_device: snd_device(2: speaker)
08-03 17:39:50.126   512  2967 I soundtrigger: audio_extn_sound_trigger_update_device_status: device 0x2 of type 0 for Event 0
08-03 17:39:50.128 11177 11189 I art     : Starting a blocking GC Explicit
08-03 17:39:50.175 11177 11189 I art     : Explicit concurrent mark sweep GC freed 10185(572KB) AllocSpace objects, 1(20KB) LOS objects, 23% free, 51MB/67MB, paused 1.545ms total 45.956ms
08-03 17:39:50.188 11177 11189 I art     : Starting a blocking GC Explicit
08-03 17:39:50.231 11177 11189 I art     : Explicit concurrent mark sweep GC freed 614(28KB) AllocSpace objects, 1(112KB) LOS objects, 23% free, 51MB/67MB, paused 1.468ms total 42.815ms
08-03 17:39:50.245 11177 11189 I art     : Starting a blocking GC Explicit
08-03 17:39:50.290 11177 11189 I art     : Explicit concurrent mark sweep GC freed 3(96B) AllocSpace objects, 0(0B) LOS objects, 23% free, 51MB/67MB, paused 1.587ms total 45.041ms
08-03 17:39:50.303 11177 11189 I art     : Starting a blocking GC Explicit
08-03 17:39:50.349 11177 11189 I art     : Explicit concurrent mark sweep GC freed 3(96B) AllocSpace objects, 0(0B) LOS objects, 23% free, 51MB/67MB, paused 1.693ms total 45.268ms
08-03 17:39:50.362 11177 11189 I art     : Starting a blocking GC Explicit
08-03 17:39:50.409 11177 11189 I art     : Explicit concurrent mark sweep GC freed 3(96B) AllocSpace objects, 0(0B) LOS objects, 23% free, 51MB/67MB, paused 1.824ms total 46.639ms
08-03 17:39:50.780 11177 12570 I art     : Starting a blocking GC Explicit
08-03 17:39:50.838 11177 12570 I art     : Explicit concurrent mark sweep GC freed 1407(81KB) AllocSpace objects, 1(20KB) LOS objects, 23% free, 51MB/67MB, paused 1.706ms total 57.334ms
08-03 17:39:50.855 11177 12570 I art     : Starting a blocking GC Explicit
08-03 17:39:50.904 11177 12570 I art     : Explicit concurrent mark sweep GC freed 23(752B) AllocSpace objects, 0(0B) LOS objects, 23% free, 51MB/67MB, paused 1.513ms total 49.230ms
08-03 17:39:50.918 11177 12570 I art     : Starting a blocking GC Explicit
08-03 17:39:50.963 11177 12570 I art     : Explicit concurrent mark sweep GC freed 3(96B) AllocSpace objects, 0(0B) LOS objects, 23% free, 51MB/67MB, paused 1.532ms total 45.058ms
08-03 17:39:50.976 11177 12570 I art     : Starting a blocking GC Explicit
08-03 17:39:51.022 11177 12570 I art     : Explicit concurrent mark sweep GC freed 3(96B) AllocSpace objects, 0(0B) LOS objects, 23% free, 51MB/67MB, paused 1.619ms total 45.405ms
08-03 17:39:51.036 11177 12570 I art     : Starting a blocking GC Explicit
08-03 17:39:51.082 11177 12570 I art     : Explicit concurrent mark sweep GC freed 3(96B) AllocSpace objects, 0(0B) LOS objects, 23% free, 51MB/67MB, paused 1.559ms total 45.821ms
08-03 17:39:51.479 11177 12089 I art     : Starting a blocking GC Explicit
08-03 17:39:51.527 11177 12089 I art     : Explicit concurrent mark sweep GC freed 1422(82KB) AllocSpace objects, 1(20KB) LOS objects, 23% free, 51MB/67MB, paused 1.704ms total 47.863ms
08-03 17:39:51.541 11177 12089 I art     : Starting a blocking GC Explicit
08-03 17:39:51.585 11177 12089 I art     : Explicit concurrent mark sweep GC freed 31(1008B) AllocSpace objects, 0(0B) LOS objects, 23% free, 51MB/67MB, paused 1.499ms total 44.429ms
08-03 17:39:51.599 11177 12089 I art     : Starting a blocking GC Explicit
08-03 17:39:51.644 11177 12089 I art     : Explicit concurrent mark sweep GC freed 9(288B) AllocSpace objects, 0(0B) LOS objects, 23% free, 51MB/67MB, paused 1.441ms total 44.603ms
08-03 17:39:51.658 11177 12089 I art     : Starting a blocking GC Explicit
08-03 17:39:51.666   918 13198 D NetlinkSocketObserver: NeighborEvent{elapsedMs=1622995541, 192.168.2.254, [7C3953A63323], RTM_NEWNEIGH, NUD_STALE}
08-03 17:39:51.704 11177 12089 I art     : Explicit concurrent mark sweep GC freed 4(128B) AllocSpace objects, 0(0B) LOS objects, 23% free, 51MB/67MB, paused 1.613ms total 45.753ms
08-03 17:39:51.717 11177 12089 I art     : Starting a blocking GC Explicit
08-03 17:39:51.765 11177 12089 I art     : Explicit concurrent mark sweep GC freed 3(96B) AllocSpace objects, 0(0B) LOS objects, 23% free, 51MB/67MB, paused 1.629ms total 47.565ms
08-03 17:39:52.156 11177 12570 I art     : Starting a blocking GC Explicit
08-03 17:39:52.221 11177 12570 I art     : Explicit concurrent mark sweep GC freed 1378(80KB) AllocSpace objects, 1(20KB) LOS objects, 23% free, 51MB/67MB, paused 1.846ms total 64.362ms
08-03 17:39:52.238 11177 12570 I art     : Starting a blocking GC Explicit
08-03 17:39:52.288 11177 12570 I art     : Explicit concurrent mark sweep GC freed 23(752B) AllocSpace objects, 0(0B) LOS objects, 23% free, 51MB/67MB, paused 1.772ms total 49.958ms
08-03 17:39:52.302 11177 12570 I art     : Starting a blocking GC Explicit
08-03 17:39:52.349 11177 12570 I art     : Explicit concurrent mark sweep GC freed 3(96B) AllocSpace objects, 0(0B) LOS objects, 23% free, 51MB/67MB, paused 1.725ms total 46.990ms
08-03 17:39:52.363 11177 12570 I art     : Starting a blocking GC Explicit
08-03 17:39:52.409 11177 12570 I art     : Explicit concurrent mark sweep GC freed 3(96B) AllocSpace objects, 0(0B) LOS objects, 23% free, 51MB/67MB, paused 1.506ms total 45.412ms
08-03 17:39:52.422 11177 12570 I art     : Starting a blocking GC Explicit
08-03 17:39:52.460 11177 12570 I art     : Explicit concurrent mark sweep GC freed 3(96B) AllocSpace objects, 0(0B) LOS objects, 23% free, 51MB/67MB, paused 1.395ms total 37.541ms
08-03 17:39:52.821 11177 11189 I art     : Starting a blocking GC Explicit
08-03 17:39:52.876 11177 11189 I art     : Explicit concurrent mark sweep GC freed 1407(81KB) AllocSpace objects, 1(20KB) LOS objects, 23% free, 51MB/67MB, paused 1.637ms total 54.531ms
08-03 17:39:52.890 11177 11189 I art     : Starting a blocking GC Explicit
08-03 17:39:52.937 11177 11189 I art     : Explicit concurrent mark sweep GC freed 37(1200B) AllocSpace objects, 0(0B) LOS objects, 23% free, 51MB/67MB, paused 1.752ms total 47.086ms
08-03 17:39:52.951 11177 11189 I art     : Starting a blocking GC Explicit
08-03 17:39:53.001 11177 11189 I art     : Explicit concurrent mark sweep GC freed 3(96B) AllocSpace objects, 0(0B) LOS objects, 23% free, 51MB/67MB, paused 1.645ms total 49.961ms
08-03 17:39:53.015 11177 11189 I art     : Starting a blocking GC Explicit
08-03 17:39:53.064 11177 11189 I art     : Explicit concurrent mark sweep GC freed 3(96B) AllocSpace objects, 0(0B) LOS objects, 23% free, 51MB/67MB, paused 1.641ms total 48.594ms
08-03 17:39:53.078 11177 11189 I art     : Starting a blocking GC Explicit
08-03 17:39:53.129 11177 11189 I art     : Explicit concurrent mark sweep GC freed 3(96B) AllocSpace objects, 0(0B) LOS objects, 23% free, 51MB/67MB, paused 1.580ms total 50.754ms
08-03 17:39:53.525 11177 12089 I art     : Starting a blocking GC Explicit
08-03 17:39:53.584 11177 12089 I art     : Explicit concurrent mark sweep GC freed 1409(84KB) AllocSpace objects, 1(20KB) LOS objects, 23% free, 51MB/67MB, paused 1.703ms total 58.869ms
08-03 17:39:53.603 11177 12089 I art     : Starting a blocking GC Explicit
08-03 17:39:53.655 11177 12089 I art     : Explicit concurrent mark sweep GC freed 23(752B) AllocSpace objects, 0(0B) LOS objects, 23% free, 51MB/67MB, paused 1.536ms total 51.468ms
08-03 17:39:53.669 11177 12089 I art     : Starting a blocking GC Explicit
08-03 17:39:53.718 11177 12089 I art     : Explicit concurrent mark sweep GC freed 3(96B) AllocSpace objects, 0(0B) LOS objects, 23% free, 51MB/67MB, paused 1.666ms total 48.884ms
08-03 17:39:53.732 11177 12089 I art     : Starting a blocking GC Explicit
08-03 17:39:53.776 11177 12089 I art     : Explicit concurrent mark sweep GC freed 3(96B) AllocSpace objects, 0(0B) LOS objects, 23% free, 51MB/67MB, paused 1.445ms total 44.021ms
08-03 17:39:53.789 11177 12089 I art     : Starting a blocking GC Explicit
08-03 17:39:53.832 11177 12089 I art     : Explicit concurrent mark sweep GC freed 3(96B) AllocSpace objects, 0(0B) LOS objects, 23% free, 51MB/67MB, paused 1.557ms total 43.152ms
08-03 17:39:53.926 11056 11056 I ServiceManager: Waiting for service AtCmdFwd...
08-03 17:39:54.202 11177 12570 I art     : Starting a blocking GC Explicit
08-03 17:39:54.259 11177 12570 I art     : Explicit concurrent mark sweep GC freed 1378(80KB) AllocSpace objects, 1(20KB) LOS objects, 23% free, 51MB/67MB, paused 1.904ms total 55.802ms
08-03 17:39:54.276 11177 12570 I art     : Starting a blocking GC Explicit
08-03 17:39:54.290 14279 14279 D AndroidRuntime: >>>>>> START com.android.internal.os.RuntimeInit uid 2000 <<<<<<
08-03 17:39:54.296 14279 14279 D AndroidRuntime: CheckJNI is OFF
08-03 17:39:54.323 11177 12570 I art     : Explicit concurrent mark sweep GC freed 23(752B) AllocSpace objects, 0(0B) LOS objects, 23% free, 51MB/67MB, paused 1.655ms total 46.154ms
08-03 17:39:54.336 11177 12570 I art     : Starting a blocking GC Explicit
08-03 17:39:54.345 14279 14279 D ICU     : No timezone override file found: /data/misc/zoneinfo/current/icu/icu_tzdata.dat
08-03 17:39:54.382 11177 12570 I art     : Explicit concurrent mark sweep GC freed 3(96B) AllocSpace objects, 0(0B) LOS objects, 23% free, 51MB/67MB, paused 1.613ms total 45.998ms
08-03 17:39:54.392 14279 14279 I Radio-JNI: register_android_hardware_Radio DONE
08-03 17:39:54.395 11177 12570 I art     : Starting a blocking GC Explicit
08-03 17:39:54.422 14279 14279 D AndroidRuntime: Calling main entry com.android.commands.input.Input
08-03 17:39:54.424 14279 14279 I Input   : injectKeyEvent: KeyEvent { action=ACTION_DOWN, keyCode=KEYCODE_BACK, scanCode=0, metaState=0, flags=0x0, repeatCount=0, eventTime=639610837, downTime=639610837, deviceId=-1, source=0x101 }
08-03 17:39:54.429 14279 14279 I Input   : injectKeyEvent: KeyEvent { action=ACTION_UP, keyCode=KEYCODE_BACK, scanCode=0, metaState=0, flags=0x0, repeatCount=0, eventTime=639610837, downTime=639610837, deviceId=-1, source=0x101 }
08-03 17:39:54.435 14279 14279 D AndroidRuntime: Shutting down VM
08-03 17:39:54.439 11177 12570 I art     : Explicit concurrent mark sweep GC freed 23(976B) AllocSpace objects, 0(0B) LOS objects, 23% free, 51MB/67MB, paused 1.770ms total 43.721ms
08-03 17:39:54.444 11177 11177 V PlaybackController: initServiceNotRunning()
08-03 17:39:54.444 11177 11177 D ExternalPlayerFragment: Loading media info
08-03 17:39:54.445 11177 12088 D ApOkHttpUrlLoader: buildLoadData() called with: model = [http://sixgun.org/files/linuxoutlaws.jpg], width = [224], height = [224]
08-03 17:39:54.446 11177 11915 D DBReader: getImageAuthentication() called with: imageUrl = [http://sixgun.org/files/linuxoutlaws.jpg]
08-03 17:39:54.450 11177 11915 D ApOkHttpUrlLoader: no credentials for 'http://sixgun.org/files/linuxoutlaws.jpg'
08-03 17:39:54.452 11177 12570 I art     : Starting a blocking GC Explicit
08-03 17:39:54.454 11177 11177 D UserPreferences: Using default data folder
08-03 17:39:54.455 11177 11707 D DBReader: getNavDrawerData() called with: 
08-03 17:39:54.468 11177 11707 D DBReader: getDownloadedItems() called
08-03 17:39:54.469 11177 11707 D DBReader: getFavoriteIDList() called
08-03 17:39:54.470 11177 11707 D DBReader: getQueueIDList() called
08-03 17:39:54.470 11177 11707 D DBReader: Extracting Feedlist
08-03 17:39:54.492 11177 12570 I art     : Explicit concurrent mark sweep GC freed 913(65KB) AllocSpace objects, 0(0B) LOS objects, 23% free, 51MB/67MB, paused 2.050ms total 40.380ms
08-03 17:39:54.514 13866 13866 I GoogleInputMethodServic: GoogleInputMethodService.onFinishInput():3138 
08-03 17:39:54.515 13866 13866 I GoogleInputMethodServic: GoogleInputMethodService.onStartInput():1808 
08-03 17:39:54.516 11177 11177 D MainActivity: getLastNavFragment() -> AddFeedFragment
08-03 17:39:54.592 11177 11915 D DBWriter: updateFeedDownloadURL(original: http://sixgun.org/files/linuxoutlaws.jpg, updated: https://fab.industries/sixgun/files/linuxoutlaws.jpg)
08-03 17:39:54.740 11177 11915 D MYTAG   : interceptor 2a
08-03 17:39:54.741 11177 11915 I NAPPA_EXPERIMENTATION: MetricNetworkRequestExecutionTime: REQUEST_DURATION_SYSTEM='290',REQUEST_DURATION_OKHTTP='145',REQUEST_SYNCHRONOUS='TRUE',RESPONSE_CODE='404',RESPONSE_METHOD='GET',RESPONSE_LENGTH_OKHTTP='-1',RESPONSE_LENGTH_HEADER='1503',REQUEST_PROTOCOL='h2',REQUEST_URL='https://fab.industries/sixgun/files/linuxoutlaws.jpg',
08-03 17:39:54.742 11177 11177 W Glide   : Load failed for http://sixgun.org/files/linuxoutlaws.jpg with size [224x224]
08-03 17:39:54.742 11177 11177 W Glide   : class com.bumptech.glide.load.engine.GlideException: Failed to load resource
08-03 17:39:54.742 11177 11177 W Glide   : There was 1 cause:
08-03 17:39:54.742 11177 11177 W Glide   : com.bumptech.glide.load.HttpException()
08-03 17:39:54.742 11177 11177 W Glide   :  call GlideException#logRootCauses(String) for more detail
08-03 17:39:54.742 11177 11177 W Glide   :   Cause (1 of 1): class com.bumptech.glide.load.engine.GlideException: Fetching data failed, class java.io.InputStream, REMOTE
08-03 17:39:54.742 11177 11177 W Glide   : There was 1 cause:
08-03 17:39:54.742 11177 11177 W Glide   : com.bumptech.glide.load.HttpException()
08-03 17:39:54.742 11177 11177 W Glide   :  call GlideException#logRootCauses(String) for more detail
08-03 17:39:54.742 11177 11177 W Glide   :     Cause (1 of 1): class com.bumptech.glide.load.HttpException: 
08-03 17:39:54.742 11177 11177 I Glide   : Root cause (1 of 1)
08-03 17:39:54.742 11177 11177 I Glide   : com.bumptech.glide.load.HttpException: 
08-03 17:39:54.742 11177 11177 I Glide   : 	at com.bumptech.glide.integration.okhttp3.OkHttpStreamFetcher.onResponse(OkHttpStreamFetcher.java:73)
08-03 17:39:54.742 11177 11177 I Glide   : 	at okhttp3.RealCall$AsyncCall.execute(RealCall.java:174)
08-03 17:39:54.742 11177 11177 I Glide   : 	at okhttp3.internal.NamedRunnable.run(NamedRunnable.java:32)
08-03 17:39:54.742 11177 11177 I Glide   : 	at java.util.concurrent.ThreadPoolExecutor.runWorker(ThreadPoolExecutor.java:1113)
08-03 17:39:54.742 11177 11177 I Glide   : 	at java.util.concurrent.ThreadPoolExecutor$Worker.run(ThreadPoolExecutor.java:588)
08-03 17:39:54.742 11177 11177 I Glide   : 	at java.lang.Thread.run(Thread.java:818)
08-03 17:39:54.743 11177 11177 W Glide   : Load failed for http://sixgun.org/files/linuxoutlaws.jpg with size [224x224]
08-03 17:39:54.743 11177 11177 W Glide   : class com.bumptech.glide.load.engine.GlideException: Failed to load resource
08-03 17:39:54.743 11177 11177 W Glide   : There was 1 cause:
08-03 17:39:54.743 11177 11177 W Glide   : com.bumptech.glide.load.HttpException()
08-03 17:39:54.743 11177 11177 W Glide   :  call GlideException#logRootCauses(String) for more detail
08-03 17:39:54.743 11177 11177 W Glide   :   Cause (1 of 1): class com.bumptech.glide.load.engine.GlideException: Fetching data failed, class java.io.InputStream, REMOTE
08-03 17:39:54.743 11177 11177 W Glide   : There was 1 cause:
08-03 17:39:54.743 11177 11177 W Glide   : com.bumptech.glide.load.HttpException()
08-03 17:39:54.743 11177 11177 W Glide   :  call GlideException#logRootCauses(String) for more detail
08-03 17:39:54.743 11177 11177 W Glide   :     Cause (1 of 1): class com.bumptech.glide.load.HttpException: 
08-03 17:39:54.743 11177 11177 I Glide   : Root cause (1 of 1)
08-03 17:39:54.743 11177 11177 I Glide   : com.bumptech.glide.load.HttpException: 
08-03 17:39:54.743 11177 11177 I Glide   : 	at com.bumptech.glide.integration.okhttp3.OkHttpStreamFetcher.onResponse(OkHttpStreamFetcher.java:73)
08-03 17:39:54.743 11177 11177 I Glide   : 	at okhttp3.RealCall$AsyncCall.execute(RealCall.java:174)
08-03 17:39:54.743 11177 11177 I Glide   : 	at okhttp3.internal.NamedRunnable.run(NamedRunnable.java:32)
08-03 17:39:54.743 11177 11177 I Glide   : 	at java.util.concurrent.ThreadPoolExecutor.runWorker(ThreadPoolExecutor.java:1113)
08-03 17:39:54.743 11177 11177 I Glide   : 	at java.util.concurrent.ThreadPoolExecutor$Worker.run(ThreadPoolExecutor.java:588)
08-03 17:39:54.743 11177 11177 I Glide   : 	at java.lang.Thread.run(Thread.java:818)
08-03 17:39:54.795   380   380 W SurfaceFlinger: couldn't log to binary event log: overflow.
08-03 17:39:54.848 11177 11189 I art     : Starting a blocking GC Explicit
08-03 17:39:54.893 11177 11189 I art     : Explicit concurrent mark sweep GC freed 3642(236KB) AllocSpace objects, 1(20KB) LOS objects, 23% free, 51MB/67MB, paused 1.566ms total 44.640ms
08-03 17:39:54.906 11177 11189 I art     : Starting a blocking GC Explicit
08-03 17:39:54.926 11056 11056 I ServiceManager: Waiting for service AtCmdFwd...
08-03 17:39:54.950 11177 11189 I art     : Explicit concurrent mark sweep GC freed 3056(247KB) AllocSpace objects, 1(28KB) LOS objects, 23% free, 50MB/66MB, paused 1.619ms total 44.150ms
08-03 17:39:54.963 11177 11189 I art     : Starting a blocking GC Explicit
08-03 17:39:55.008 11177 11189 I art     : Explicit concurrent mark sweep GC freed 3(96B) AllocSpace objects, 0(0B) LOS objects, 23% free, 50MB/66MB, paused 1.658ms total 44.206ms
08-03 17:39:55.021 11177 11189 I art     : Starting a blocking GC Explicit
08-03 17:39:55.065 11177 11189 I art     : Explicit concurrent mark sweep GC freed 3(96B) AllocSpace objects, 0(0B) LOS objects, 23% free, 50MB/66MB, paused 1.569ms total 44.331ms
08-03 17:39:55.079 11177 11189 I art     : Starting a blocking GC Explicit
08-03 17:39:55.124 11177 11189 I art     : Explicit concurrent mark sweep GC freed 3(96B) AllocSpace objects, 0(0B) LOS objects, 23% free, 50MB/66MB, paused 1.598ms total 44.801ms
08-03 17:39:55.480 11177 12570 I art     : Starting a blocking GC Explicit
08-03 17:39:55.534 11177 12570 I art     : Explicit concurrent mark sweep GC freed 1409(82KB) AllocSpace objects, 1(20KB) LOS objects, 23% free, 50MB/66MB, paused 1.644ms total 53.427ms
08-03 17:39:55.551 11177 12570 I art     : Starting a blocking GC Explicit
08-03 17:39:55.598 11177 12570 I art     : Explicit concurrent mark sweep GC freed 23(752B) AllocSpace objects, 0(0B) LOS objects, 23% free, 50MB/66MB, paused 1.941ms total 46.208ms
08-03 17:39:55.611 11177 12570 I art     : Starting a blocking GC Explicit
08-03 17:39:55.655 11177 12570 I art     : Explicit concurrent mark sweep GC freed 3(96B) AllocSpace objects, 0(0B) LOS objects, 23% free, 50MB/66MB, paused 1.480ms total 44.012ms
08-03 17:39:55.669 11177 12570 I art     : Starting a blocking GC Explicit
08-03 17:39:55.711 11177 12570 I art     : Explicit concurrent mark sweep GC freed 3(96B) AllocSpace objects, 0(0B) LOS objects, 23% free, 50MB/66MB, paused 1.593ms total 42.567ms
08-03 17:39:55.724 11177 12570 I art     : Starting a blocking GC Explicit
08-03 17:39:55.767 11177 12570 I art     : Explicit concurrent mark sweep GC freed 3(96B) AllocSpace objects, 0(0B) LOS objects, 23% free, 50MB/66MB, paused 1.525ms total 42.283ms
08-03 17:39:55.927 11056 11056 I ServiceManager: Waiting for service AtCmdFwd...
08-03 17:39:56.119 11177 11189 I art     : Starting a blocking GC Explicit
08-03 17:39:56.162 11177 11189 I art     : Explicit concurrent mark sweep GC freed 1402(81KB) AllocSpace objects, 1(20KB) LOS objects, 23% free, 50MB/66MB, paused 1.581ms total 42.379ms
08-03 17:39:56.175 11177 11189 I art     : Starting a blocking GC Explicit
08-03 17:39:56.215 14322 14322 D AndroidRuntime: >>>>>> START com.android.internal.os.RuntimeInit uid 2000 <<<<<<
08-03 17:39:56.218 11177 11189 I art     : Explicit concurrent mark sweep GC freed 39(1264B) AllocSpace objects, 0(0B) LOS objects, 23% free, 50MB/66MB, paused 1.711ms total 42.058ms
08-03 17:39:56.221 14322 14322 D AndroidRuntime: CheckJNI is OFF
08-03 17:39:56.231 11177 11189 I art     : Starting a blocking GC Explicit
08-03 17:39:56.263 14322 14322 D ICU     : No timezone override file found: /data/misc/zoneinfo/current/icu/icu_tzdata.dat
08-03 17:39:56.270 11177 11189 I art     : Explicit concurrent mark sweep GC freed 15(480B) AllocSpace objects, 0(0B) LOS objects, 23% free, 50MB/66MB, paused 1.420ms total 39.250ms
08-03 17:39:56.282 11177 11189 I art     : Starting a blocking GC Explicit
08-03 17:39:56.304 14322 14322 I Radio-JNI: register_android_hardware_Radio DONE
08-03 17:39:56.322 11177 11189 I art     : Explicit concurrent mark sweep GC freed 12(384B) AllocSpace objects, 0(0B) LOS objects, 23% free, 50MB/66MB, paused 1.456ms total 39.669ms
08-03 17:39:56.334 14322 14322 D AndroidRuntime: Calling main entry com.android.commands.input.Input
08-03 17:39:56.336 11177 11189 I art     : Starting a blocking GC Explicit
08-03 17:39:56.336 14322 14322 I Input   : injectMotionEvent: MotionEvent { action=ACTION_DOWN, actionButton=0, id[0]=0, x[0]=526.0, y[0]=597.0, toolType[0]=TOOL_TYPE_UNKNOWN, buttonState=0, metaState=0, flags=0x0, edgeFlags=0x0, pointerCount=1, historySize=0, eventTime=639612748, downTime=639612748, deviceId=0, source=0x1002 }
08-03 17:39:56.342 14322 14322 I Input   : injectMotionEvent: MotionEvent { action=ACTION_UP, actionButton=0, id[0]=0, x[0]=526.0, y[0]=597.0, toolType[0]=TOOL_TYPE_UNKNOWN, buttonState=0, metaState=0, flags=0x0, edgeFlags=0x0, pointerCount=1, historySize=0, eventTime=639612748, downTime=639612748, deviceId=0, source=0x1002 }
08-03 17:39:56.345 14322 14322 D AndroidRuntime: Shutting down VM
08-03 17:39:56.375 11177 11189 I art     : Explicit concurrent mark sweep GC freed 22(880B) AllocSpace objects, 0(0B) LOS objects, 23% free, 50MB/66MB, paused 1.504ms total 38.891ms
08-03 17:39:56.409 11177 11177 D PodcastListFragment: Selected podcast: GpodnetPodcast [url=http://feeds.feedburner.com/linuxoutlaws, title=Linux Outlaws, description=Two pragmatic geeks talk about the latest news concerning Linux, free and open
08-03 17:39:56.409 11177 11177 D PodcastListFragment: technology or anything else they deem noteworthy which may include such absurd
08-03 17:39:56.409 11177 11177 D PodcastListFragment: things as hockey or bands you never heard of. This means there's many a joke
08-03 17:39:56.409 11177 11177 D PodcastListFragment: and derailed conversation along the way, so don't come here expecting only
08-03 17:39:56.409 11177 11177 D PodcastListFragment: Linux or software freedom talk  just sit back and relax, partner., subscribers=3321, logoUrl=http://sixgun.org/files/linuxoutlaws.jpg, website=http://sixgun.org, mygpoLink=http://gpodder.net/podcast/linux-outlaws-mp3]
08-03 17:39:56.410   918  6112 I ActivityManager: START u0 {cmp=baseline.de.danoeh.antennapod.debug/baseline.de.danoeh.antennapod.activity.OnlineFeedViewActivity (has extras)} from uid 10633 on display 0
08-03 17:39:56.413   512  2967 D audio_hw_primary: out_set_parameters: enter: usecase(1: low-latency-playback) kvpairs: routing=2
08-03 17:39:56.426   512  2967 D audio_hw_primary: select_devices: out_snd_device(2: speaker) in_snd_device(0: none)
08-03 17:39:56.426   512  2967 D msm8974_platform: platform_send_audio_calibration: sending audio calibration for snd_device(2) acdb_id(15)
08-03 17:39:56.426   512  2967 I soundtrigger: audio_extn_sound_trigger_update_device_status: device 0x2 of type 0 for Event 1
08-03 17:39:56.438   512  2967 D audio_hw_primary: enable_snd_device: snd_device(2: speaker)
08-03 17:39:56.441   512  2967 D audio_hw_primary: enable_audio_route: apply and update mixer path: low-latency-playback speaker
08-03 17:39:56.447 11177 11177 D UserPreferences: Using default data folder
08-03 17:39:56.447 11177 11177 D OnlineFeedViewActivity: Activity was started with url http://feeds.feedburner.com/linuxoutlaws
08-03 17:39:56.452 11177 11177 D OnlineFeedViewActivity: Starting feed download
08-03 17:39:56.455 11177 11203 D DBReader: Extracting Feedlist
08-03 17:39:56.458   918  5132 D WifiService: acquireWifiLockLocked: WifiLock{Downloader type=1 binder=android.os.BinderProxy@8007a9a}
08-03 17:39:56.458 11177 11203 D AntennapodHttpClient: Creating new instance of HTTP client
08-03 17:39:56.515 13866 13866 I GoogleInputMethodServic: GoogleInputMethodService.onFinishInput():3138 
08-03 17:39:56.516 13866 13866 I GoogleInputMethodServic: GoogleInputMethodService.onStartInput():1808 
08-03 17:39:56.539   918   936 I ActivityManager: Displayed baseline.de.danoeh.antennapod.debug/baseline.de.danoeh.antennapod.activity.OnlineFeedViewActivity: +118ms
08-03 17:39:56.543 11177 11203 D MYTAG   : interceptor 3a http://feeds.feedburner.com/linuxoutlaws
08-03 17:39:56.544 11177 11203 I NAPPA_EXPERIMENTATION: MetricNetworkRequestExecutionTime: REQUEST_DURATION_SYSTEM='85',REQUEST_DURATION_OKHTTP='35',REQUEST_SYNCHRONOUS='TRUE',RESPONSE_CODE='200',RESPONSE_METHOD='GET',RESPONSE_LENGTH_OKHTTP='-1',RESPONSE_LENGTH_HEADER='-2',REQUEST_PROTOCOL='http/1.1',REQUEST_URL='http://feeds.feedburner.com/linuxoutlaws',
08-03 17:39:56.544 11177 11203 D HttpDownloader: Response code is 200
08-03 17:39:56.544 11177 11203 D UserPreferences: Using default data folder
08-03 17:39:56.547 11177 11203 D HttpDownloader: Getting size of download
08-03 17:39:56.547 11177 11203 D HttpDownloader: Size is -1
08-03 17:39:56.547 11177 11203 D UserPreferences: Using default data folder
08-03 17:39:56.547 11177 11203 D HttpDownloader: Free space is 20749627392
08-03 17:39:56.547 11177 11203 D HttpDownloader: Starting download
08-03 17:39:56.555 11177 11203 D HttpDownloader: Download was successful
08-03 17:39:56.555   918  3714 D WifiService: releaseWifiLockLocked: WifiLock{Downloader type=1 binder=android.os.BinderProxy@8007a9a}
08-03 17:39:56.589 11177 11198 D OpenGLRenderer: endAllStagingAnimators on 0x7f7d1fe000 (GridView) with handle 0x7f7255f8a0
08-03 17:39:56.592 11177 11177 D OnlineFeedViewActivity: Parsing feed
08-03 17:39:56.596 11177 14357 D TypeGetter: Recognized type RSS 2.0
08-03 17:39:56.600 11177 14357 D SyndHandler: Recognized Content namespace
08-03 17:39:56.600 11177 14357 D SyndHandler: Recognized DublinCore namespace
08-03 17:39:56.600 11177 14357 D SyndHandler: Recognized Atom namespace
08-03 17:39:56.600 11177 14357 D SyndHandler: Recognized ITunes namespace
08-03 17:39:56.600 11177 14357 D SyndHandler: Recognized media namespace
08-03 17:39:56.638 11177 14357 D OnlineFeedViewActivity: Deleted feed source file. Result: true
08-03 17:39:56.638 11177 11177 D OnlineFeedViewActivity: Removing HTML from shownotes
08-03 17:39:56.657 11177 12088 D ApOkHttpUrlLoader: buildLoadData() called with: model = [http://sixgun.org/files/linuxoutlaws.jpg], width = [350], height = [350]
08-03 17:39:56.658 11177 11915 D DBReader: getImageAuthentication() called with: imageUrl = [http://sixgun.org/files/linuxoutlaws.jpg]
08-03 17:39:56.662 11177 11915 D ApOkHttpUrlLoader: no credentials for 'http://sixgun.org/files/linuxoutlaws.jpg'
08-03 17:39:56.703 11177 12089 I art     : Starting a blocking GC Explicit
08-03 17:39:56.754 11177 11915 D DBWriter: updateFeedDownloadURL(original: http://sixgun.org/files/linuxoutlaws.jpg, updated: https://fab.industries/sixgun/files/linuxoutlaws.jpg)
08-03 17:39:56.757 11177 12089 I art     : Explicit concurrent mark sweep GC freed 8415(943KB) AllocSpace objects, 15(828KB) LOS objects, 23% free, 51MB/67MB, paused 1.739ms total 53.990ms
08-03 17:39:56.772 11177 12089 I art     : Starting a blocking GC Explicit
08-03 17:39:56.798   380   380 W SurfaceFlinger: couldn't log to binary event log: overflow.
08-03 17:39:56.820 11177 12089 I art     : Explicit concurrent mark sweep GC freed 1653(77KB) AllocSpace objects, 0(0B) LOS objects, 23% free, 51MB/67MB, paused 1.611ms total 48.271ms
08-03 17:39:56.834 11177 12089 I art     : Starting a blocking GC Explicit
08-03 17:39:56.872 11177 12089 I art     : Explicit concurrent mark sweep GC freed 9(352B) AllocSpace objects, 0(0B) LOS objects, 23% free, 51MB/67MB, paused 1.464ms total 37.559ms
08-03 17:39:56.885 11177 12089 I art     : Starting a blocking GC Explicit
08-03 17:39:56.897 11177 11915 D MYTAG   : interceptor 2a
08-03 17:39:56.897 11177 11915 I NAPPA_EXPERIMENTATION: MetricNetworkRequestExecutionTime: REQUEST_DURATION_SYSTEM='235',REQUEST_DURATION_OKHTTP='141',REQUEST_SYNCHRONOUS='TRUE',RESPONSE_CODE='404',RESPONSE_METHOD='GET',RESPONSE_LENGTH_OKHTTP='-1',RESPONSE_LENGTH_HEADER='1503',REQUEST_PROTOCOL='h2',REQUEST_URL='https://fab.industries/sixgun/files/linuxoutlaws.jpg',
08-03 17:39:56.919 11177 11177 W Glide   : Load failed for http://sixgun.org/files/linuxoutlaws.jpg with size [350x350]
08-03 17:39:56.919 11177 11177 W Glide   : class com.bumptech.glide.load.engine.GlideException: Failed to load resource
08-03 17:39:56.919 11177 11177 W Glide   : There was 1 cause:
08-03 17:39:56.919 11177 11177 W Glide   : com.bumptech.glide.load.HttpException()
08-03 17:39:56.919 11177 11177 W Glide   :  call GlideException#logRootCauses(String) for more detail
08-03 17:39:56.919 11177 11177 W Glide   :   Cause (1 of 1): class com.bumptech.glide.load.engine.GlideException: Fetching data failed, class java.io.InputStream, REMOTE
08-03 17:39:56.919 11177 11177 W Glide   : There was 1 cause:
08-03 17:39:56.919 11177 11177 W Glide   : com.bumptech.glide.load.HttpException()
08-03 17:39:56.919 11177 11177 W Glide   :  call GlideException#logRootCauses(String) for more detail
08-03 17:39:56.919 11177 11177 W Glide   :     Cause (1 of 1): class com.bumptech.glide.load.HttpException: 
08-03 17:39:56.920 11177 11177 I Glide   : Root cause (1 of 1)
08-03 17:39:56.920 11177 11177 I Glide   : com.bumptech.glide.load.HttpException: 
08-03 17:39:56.920 11177 11177 I Glide   : 	at com.bumptech.glide.integration.okhttp3.OkHttpStreamFetcher.onResponse(OkHttpStreamFetcher.java:73)
08-03 17:39:56.920 11177 11177 I Glide   : 	at okhttp3.RealCall$AsyncCall.execute(RealCall.java:174)
08-03 17:39:56.920 11177 11177 I Glide   : 	at okhttp3.internal.NamedRunnable.run(NamedRunnable.java:32)
08-03 17:39:56.920 11177 11177 I Glide   : 	at java.util.concurrent.ThreadPoolExecutor.runWorker(ThreadPoolExecutor.java:1113)
08-03 17:39:56.920 11177 11177 I Glide   : 	at java.util.concurrent.ThreadPoolExecutor$Worker.run(ThreadPoolExecutor.java:588)
08-03 17:39:56.920 11177 11177 I Glide   : 	at java.lang.Thread.run(Thread.java:818)
08-03 17:39:56.926 11177 12089 I art     : Explicit concurrent mark sweep GC freed 273(40KB) AllocSpace objects, 0(0B) LOS objects, 23% free, 51MB/67MB, paused 1.782ms total 40.294ms
08-03 17:39:56.927 11056 11056 I ServiceManager: Waiting for service AtCmdFwd...
08-03 17:39:56.928 11177 11177 D PlaybackController: Releasing PlaybackController
08-03 17:39:56.939 11177 12089 I art     : Starting a blocking GC Explicit
08-03 17:39:56.976 11177 12089 I art     : Explicit concurrent mark sweep GC freed 497(23KB) AllocSpace objects, 1(112KB) LOS objects, 23% free, 51MB/67MB, paused 1.417ms total 37.051ms
08-03 17:39:56.978   512  2967 D audio_hw_primary: disable_audio_route: reset and update mixer path: low-latency-playback speaker
08-03 17:39:56.979   512  2967 D audio_hw_primary: disable_snd_device: snd_device(2: speaker)
08-03 17:39:56.987   512  2967 I soundtrigger: audio_extn_sound_trigger_update_device_status: device 0x2 of type 0 for Event 0
08-03 17:39:57.306 11177 11189 I art     : Starting a blocking GC Explicit
08-03 17:39:57.349 11177 11189 I art     : Explicit concurrent mark sweep GC freed 1398(81KB) AllocSpace objects, 1(20KB) LOS objects, 23% free, 51MB/67MB, paused 1.614ms total 41.768ms
08-03 17:39:57.361 11177 11189 I art     : Starting a blocking GC Explicit
08-03 17:39:57.403 11177 11189 I art     : Explicit concurrent mark sweep GC freed 23(752B) AllocSpace objects, 0(0B) LOS objects, 23% free, 51MB/67MB, paused 1.579ms total 42.049ms
08-03 17:39:57.416 11177 11189 I art     : Starting a blocking GC Explicit
08-03 17:39:57.457 11177 11189 I art     : Explicit concurrent mark sweep GC freed 3(96B) AllocSpace objects, 0(0B) LOS objects, 23% free, 51MB/67MB, paused 1.619ms total 41.063ms
08-03 17:39:57.470 11177 11189 I art     : Starting a blocking GC Explicit
08-03 17:39:57.515 11177 11189 I art     : Explicit concurrent mark sweep GC freed 31(848B) AllocSpace objects, 0(0B) LOS objects, 23% free, 51MB/67MB, paused 1.605ms total 44.774ms
08-03 17:39:57.528 11177 11189 I art     : Starting a blocking GC Explicit
08-03 17:39:57.573 11177 11189 I art     : Explicit concurrent mark sweep GC freed 4(128B) AllocSpace objects, 0(0B) LOS objects, 23% free, 51MB/67MB, paused 1.784ms total 44.330ms
08-03 17:39:57.928 11056 11056 I ServiceManager: Waiting for service AtCmdFwd...
08-03 17:39:57.932 11177 12570 I art     : Starting a blocking GC Explicit
08-03 17:39:57.992 11177 12570 I art     : Explicit concurrent mark sweep GC freed 1381(81KB) AllocSpace objects, 1(20KB) LOS objects, 23% free, 51MB/67MB, paused 1.780ms total 59.375ms
08-03 17:39:58.009 11177 12570 I art     : Starting a blocking GC Explicit
08-03 17:39:58.061 11177 12570 I art     : Explicit concurrent mark sweep GC freed 23(752B) AllocSpace objects, 0(0B) LOS objects, 23% free, 51MB/67MB, paused 1.760ms total 51.985ms
08-03 17:39:58.078 11177 12570 I art     : Starting a blocking GC Explicit
08-03 17:39:58.129 11177 12570 I art     : Explicit concurrent mark sweep GC freed 3(96B) AllocSpace objects, 0(0B) LOS objects, 23% free, 51MB/67MB, paused 1.735ms total 49.823ms
08-03 17:39:58.145 11177 12570 I art     : Starting a blocking GC Explicit
08-03 17:39:58.197 11177 12570 I art     : Explicit concurrent mark sweep GC freed 3(96B) AllocSpace objects, 0(0B) LOS objects, 23% free, 51MB/67MB, paused 1.551ms total 51.207ms
08-03 17:39:58.211 11177 12570 I art     : Starting a blocking GC Explicit
08-03 17:39:58.258 11177 12570 I art     : Explicit concurrent mark sweep GC freed 4(128B) AllocSpace objects, 0(0B) LOS objects, 23% free, 51MB/67MB, paused 1.628ms total 47.664ms
08-03 17:39:58.652 11177 12570 I art     : Starting a blocking GC Explicit
08-03 17:39:58.711 11177 12570 I art     : Explicit concurrent mark sweep GC freed 1436(82KB) AllocSpace objects, 1(20KB) LOS objects, 23% free, 51MB/67MB, paused 1.976ms total 58.408ms
08-03 17:39:58.727 11177 12570 I art     : Starting a blocking GC Explicit
08-03 17:39:58.780 11177 12570 I art     : Explicit concurrent mark sweep GC freed 23(752B) AllocSpace objects, 0(0B) LOS objects, 23% free, 51MB/67MB, paused 1.842ms total 52.833ms
08-03 17:39:58.797 11177 12570 I art     : Starting a blocking GC Explicit
08-03 17:39:58.845 11177 12570 I art     : Explicit concurrent mark sweep GC freed 3(96B) AllocSpace objects, 0(0B) LOS objects, 23% free, 51MB/67MB, paused 1.665ms total 47.200ms
08-03 17:39:58.859 11177 12570 I art     : Starting a blocking GC Explicit
08-03 17:39:58.909 11177 12570 I art     : Explicit concurrent mark sweep GC freed 3(96B) AllocSpace objects, 0(0B) LOS objects, 23% free, 51MB/67MB, paused 1.696ms total 50.449ms
08-03 17:39:58.923 11177 12570 I art     : Starting a blocking GC Explicit
08-03 17:39:58.929 11056 11056 W Atfwd_Sendcmd: AtCmdFwd service not published, waiting... retryCnt : 1
08-03 17:39:58.972 11177 12570 I art     : Explicit concurrent mark sweep GC freed 3(96B) AllocSpace objects, 0(0B) LOS objects, 23% free, 51MB/67MB, paused 1.668ms total 47.940ms
08-03 17:39:59.365 11177 12089 I art     : Starting a blocking GC Explicit
08-03 17:39:59.432 11177 12089 I art     : Explicit concurrent mark sweep GC freed 1378(80KB) AllocSpace objects, 1(20KB) LOS objects, 23% free, 51MB/67MB, paused 1.812ms total 66.150ms
08-03 17:39:59.449 11177 12089 I art     : Starting a blocking GC Explicit
08-03 17:39:59.498 11177 12089 I art     : Explicit concurrent mark sweep GC freed 23(752B) AllocSpace objects, 0(0B) LOS objects, 23% free, 51MB/67MB, paused 1.692ms total 49.155ms
08-03 17:39:59.516 11177 12089 I art     : Starting a blocking GC Explicit
08-03 17:39:59.567 11177 12089 I art     : Explicit concurrent mark sweep GC freed 32(880B) AllocSpace objects, 0(0B) LOS objects, 23% free, 51MB/67MB, paused 1.683ms total 50.763ms
08-03 17:39:59.580 11177 12089 I art     : Starting a blocking GC Explicit
08-03 17:39:59.630 11177 12089 I art     : Explicit concurrent mark sweep GC freed 3(96B) AllocSpace objects, 0(0B) LOS objects, 23% free, 51MB/67MB, paused 1.711ms total 49.290ms
08-03 17:39:59.644 11177 12089 I art     : Starting a blocking GC Explicit
08-03 17:39:59.694 11177 12089 I art     : Explicit concurrent mark sweep GC freed 3(96B) AllocSpace objects, 0(0B) LOS objects, 23% free, 51MB/67MB, paused 1.583ms total 50.026ms
08-03 17:40:00.072 11177 11190 I art     : Starting a blocking GC Explicit
08-03 17:40:00.117 11177 11190 I art     : Explicit concurrent mark sweep GC freed 1378(80KB) AllocSpace objects, 1(20KB) LOS objects, 23% free, 51MB/67MB, paused 1.658ms total 44.567ms
08-03 17:40:00.130 11177 11190 I art     : Starting a blocking GC Explicit
08-03 17:40:00.175 11177 11190 I art     : Explicit concurrent mark sweep GC freed 23(752B) AllocSpace objects, 0(0B) LOS objects, 23% free, 51MB/67MB, paused 1.586ms total 45.231ms
08-03 17:40:00.190 11177 11190 I art     : Starting a blocking GC Explicit
08-03 17:40:00.239 11177 11190 I art     : Explicit concurrent mark sweep GC freed 3(96B) AllocSpace objects, 0(0B) LOS objects, 23% free, 51MB/67MB, paused 1.807ms total 48.499ms
08-03 17:40:00.253 11177 11190 I art     : Starting a blocking GC Explicit
08-03 17:40:00.303 11177 11190 I art     : Explicit concurrent mark sweep GC freed 3(96B) AllocSpace objects, 0(0B) LOS objects, 23% free, 51MB/67MB, paused 1.645ms total 50.365ms
08-03 17:40:00.317 11177 11190 I art     : Starting a blocking GC Explicit
08-03 17:40:00.364 11177 11190 I art     : Explicit concurrent mark sweep GC freed 3(96B) AllocSpace objects, 0(0B) LOS objects, 23% free, 51MB/67MB, paused 1.659ms total 46.725ms
08-03 17:40:00.727 11177 11286 I art     : Starting a blocking GC Explicit
08-03 17:40:00.775 11177 11286 I art     : Explicit concurrent mark sweep GC freed 1409(84KB) AllocSpace objects, 1(20KB) LOS objects, 23% free, 51MB/67MB, paused 1.640ms total 47.951ms
08-03 17:40:00.789 11177 11286 I art     : Starting a blocking GC Explicit
08-03 17:40:00.835 11177 11286 I art     : Explicit concurrent mark sweep GC freed 23(752B) AllocSpace objects, 0(0B) LOS objects, 23% free, 51MB/67MB, paused 1.643ms total 45.438ms
08-03 17:40:00.848 11177 11286 I art     : Starting a blocking GC Explicit
08-03 17:40:00.896 11177 11286 I art     : Explicit concurrent mark sweep GC freed 3(96B) AllocSpace objects, 0(0B) LOS objects, 23% free, 51MB/67MB, paused 1.684ms total 47.699ms
08-03 17:40:00.910 11177 11286 I art     : Starting a blocking GC Explicit
08-03 17:40:00.954 11177 11286 I art     : Explicit concurrent mark sweep GC freed 3(96B) AllocSpace objects, 0(0B) LOS objects, 23% free, 51MB/67MB, paused 1.611ms total 44.571ms
08-03 17:40:00.968 11177 11286 I art     : Starting a blocking GC Explicit
08-03 17:40:01.016 11177 11286 I art     : Explicit concurrent mark sweep GC freed 3(96B) AllocSpace objects, 0(0B) LOS objects, 23% free, 51MB/67MB, paused 1.632ms total 47.783ms
08-03 17:40:01.158 14414 14414 D AndroidRuntime: >>>>>> START com.android.internal.os.RuntimeInit uid 2000 <<<<<<
08-03 17:40:01.165 14414 14414 D AndroidRuntime: CheckJNI is OFF
08-03 17:40:01.208 14414 14414 D ICU     : No timezone override file found: /data/misc/zoneinfo/current/icu/icu_tzdata.dat
08-03 17:40:01.249 14414 14414 I Radio-JNI: register_android_hardware_Radio DONE
08-03 17:40:01.278 14414 14414 D AndroidRuntime: Calling main entry com.android.commands.input.Input
08-03 17:40:01.280 14414 14414 I Input   : injectKeyEvent: KeyEvent { action=ACTION_DOWN, keyCode=KEYCODE_BACK, scanCode=0, metaState=0, flags=0x0, repeatCount=0, eventTime=639617693, downTime=639617693, deviceId=-1, source=0x101 }
08-03 17:40:01.285 14414 14414 I Input   : injectKeyEvent: KeyEvent { action=ACTION_UP, keyCode=KEYCODE_BACK, scanCode=0, metaState=0, flags=0x0, repeatCount=0, eventTime=639617693, downTime=639617693, deviceId=-1, source=0x101 }
08-03 17:40:01.290 14414 14414 D AndroidRuntime: Shutting down VM
08-03 17:40:01.294 11177 11177 V PlaybackController: initServiceNotRunning()
08-03 17:40:01.295 11177 11177 D ExternalPlayerFragment: Loading media info
08-03 17:40:01.296 11177 12088 D ApOkHttpUrlLoader: buildLoadData() called with: model = [http://sixgun.org/files/linuxoutlaws.jpg], width = [224], height = [224]
08-03 17:40:01.297 11177 11915 D DBReader: getImageAuthentication() called with: imageUrl = [http://sixgun.org/files/linuxoutlaws.jpg]
08-03 17:40:01.300 11177 11915 D ApOkHttpUrlLoader: no credentials for 'http://sixgun.org/files/linuxoutlaws.jpg'
08-03 17:40:01.302 11177 11177 D UserPreferences: Using default data folder
08-03 17:40:01.306 11177 11203 D DBReader: getNavDrawerData() called with: 
08-03 17:40:01.320 11177 11203 D DBReader: getDownloadedItems() called
08-03 17:40:01.322 11177 11203 D DBReader: getFavoriteIDList() called
08-03 17:40:01.323 11177 11203 D DBReader: getQueueIDList() called
08-03 17:40:01.324 11177 11203 D DBReader: Extracting Feedlist
08-03 17:40:01.354 11177 11915 D DBWriter: updateFeedDownloadURL(original: http://sixgun.org/files/linuxoutlaws.jpg, updated: https://fab.industries/sixgun/files/linuxoutlaws.jpg)
08-03 17:40:01.369 11177 11177 D MainActivity: getLastNavFragment() -> AddFeedFragment
08-03 17:40:01.369 13866 13866 I GoogleInputMethodServic: GoogleInputMethodService.onFinishInput():3138 
08-03 17:40:01.370 13866 13866 I GoogleInputMethodServic: GoogleInputMethodService.onStartInput():1808 
08-03 17:40:01.402 11177 12570 I art     : Starting a blocking GC Explicit
08-03 17:40:01.446 11177 12570 I art     : Explicit concurrent mark sweep GC freed 3077(184KB) AllocSpace objects, 1(20KB) LOS objects, 23% free, 51MB/67MB, paused 1.482ms total 43.364ms
08-03 17:40:01.458 11177 12570 I art     : Starting a blocking GC Explicit
08-03 17:40:01.502 11177 12570 I art     : Explicit concurrent mark sweep GC freed 490(26KB) AllocSpace objects, 0(0B) LOS objects, 23% free, 51MB/67MB, paused 1.728ms total 43.749ms
08-03 17:40:01.503 11177 11915 D MYTAG   : interceptor 2a
08-03 17:40:01.503 11177 11915 I NAPPA_EXPERIMENTATION: MetricNetworkRequestExecutionTime: REQUEST_DURATION_SYSTEM='203',REQUEST_DURATION_OKHTTP='144',REQUEST_SYNCHRONOUS='TRUE',RESPONSE_CODE='404',RESPONSE_METHOD='GET',RESPONSE_LENGTH_OKHTTP='-1',RESPONSE_LENGTH_HEADER='1503',REQUEST_PROTOCOL='h2',REQUEST_URL='https://fab.industries/sixgun/files/linuxoutlaws.jpg',
08-03 17:40:01.505 11177 11177 W Glide   : Load failed for http://sixgun.org/files/linuxoutlaws.jpg with size [224x224]
08-03 17:40:01.505 11177 11177 W Glide   : class com.bumptech.glide.load.engine.GlideException: Failed to load resource
08-03 17:40:01.505 11177 11177 W Glide   : There was 1 cause:
08-03 17:40:01.505 11177 11177 W Glide   : com.bumptech.glide.load.HttpException()
08-03 17:40:01.505 11177 11177 W Glide   :  call GlideException#logRootCauses(String) for more detail
08-03 17:40:01.505 11177 11177 W Glide   :   Cause (1 of 1): class com.bumptech.glide.load.engine.GlideException: Fetching data failed, class java.io.InputStream, REMOTE
08-03 17:40:01.505 11177 11177 W Glide   : There was 1 cause:
08-03 17:40:01.505 11177 11177 W Glide   : com.bumptech.glide.load.HttpException()
08-03 17:40:01.505 11177 11177 W Glide   :  call GlideException#logRootCauses(String) for more detail
08-03 17:40:01.505 11177 11177 W Glide   :     Cause (1 of 1): class com.bumptech.glide.load.HttpException: 
08-03 17:40:01.506 11177 11177 I Glide   : Root cause (1 of 1)
08-03 17:40:01.506 11177 11177 I Glide   : com.bumptech.glide.load.HttpException: 
08-03 17:40:01.506 11177 11177 I Glide   : 	at com.bumptech.glide.integration.okhttp3.OkHttpStreamFetcher.onResponse(OkHttpStreamFetcher.java:73)
08-03 17:40:01.506 11177 11177 I Glide   : 	at okhttp3.RealCall$AsyncCall.execute(RealCall.java:174)
08-03 17:40:01.506 11177 11177 I Glide   : 	at okhttp3.internal.NamedRunnable.run(NamedRunnable.java:32)
08-03 17:40:01.506 11177 11177 I Glide   : 	at java.util.concurrent.ThreadPoolExecutor.runWorker(ThreadPoolExecutor.java:1113)
08-03 17:40:01.506 11177 11177 I Glide   : 	at java.util.concurrent.ThreadPoolExecutor$Worker.run(ThreadPoolExecutor.java:588)
08-03 17:40:01.506 11177 11177 I Glide   : 	at java.lang.Thread.run(Thread.java:818)
08-03 17:40:01.506 11177 11177 W Glide   : Load failed for http://sixgun.org/files/linuxoutlaws.jpg with size [224x224]
08-03 17:40:01.506 11177 11177 W Glide   : class com.bumptech.glide.load.engine.GlideException: Failed to load resource
08-03 17:40:01.506 11177 11177 W Glide   : There was 1 cause:
08-03 17:40:01.506 11177 11177 W Glide   : com.bumptech.glide.load.HttpException()
08-03 17:40:01.506 11177 11177 W Glide   :  call GlideException#logRootCauses(String) for more detail
08-03 17:40:01.506 11177 11177 W Glide   :   Cause (1 of 1): class com.bumptech.glide.load.engine.GlideException: Fetching data failed, class java.io.InputStream, REMOTE
08-03 17:40:01.506 11177 11177 W Glide   : There was 1 cause:
08-03 17:40:01.506 11177 11177 W Glide   : com.bumptech.glide.load.HttpException()
08-03 17:40:01.506 11177 11177 W Glide   :  call GlideException#logRootCauses(String) for more detail
08-03 17:40:01.506 11177 11177 W Glide   :     Cause (1 of 1): class com.bumptech.glide.load.HttpException: 
08-03 17:40:01.507 11177 11177 I Glide   : Root cause (1 of 1)
08-03 17:40:01.507 11177 11177 I Glide   : com.bumptech.glide.load.HttpException: 
08-03 17:40:01.507 11177 11177 I Glide   : 	at com.bumptech.glide.integration.okhttp3.OkHttpStreamFetcher.onResponse(OkHttpStreamFetcher.java:73)
08-03 17:40:01.507 11177 11177 I Glide   : 	at okhttp3.RealCall$AsyncCall.execute(RealCall.java:174)
08-03 17:40:01.507 11177 11177 I Glide   : 	at okhttp3.internal.NamedRunnable.run(NamedRunnable.java:32)
08-03 17:40:01.507 11177 11177 I Glide   : 	at java.util.concurrent.ThreadPoolExecutor.runWorker(ThreadPoolExecutor.java:1113)
08-03 17:40:01.507 11177 11177 I Glide   : 	at java.util.concurrent.ThreadPoolExecutor$Worker.run(ThreadPoolExecutor.java:588)
08-03 17:40:01.507 11177 11177 I Glide   : 	at java.lang.Thread.run(Thread.java:818)
08-03 17:40:01.519 11177 12570 I art     : Starting a blocking GC Explicit
08-03 17:40:01.567 11177 12570 I art     : Explicit concurrent mark sweep GC freed 579(74KB) AllocSpace objects, 0(0B) LOS objects, 23% free, 51MB/67MB, paused 1.578ms total 47.535ms
08-03 17:40:01.582 11177 12570 I art     : Starting a blocking GC Explicit
08-03 17:40:01.634 11177 12570 I art     : Explicit concurrent mark sweep GC freed 22(960B) AllocSpace objects, 0(0B) LOS objects, 23% free, 51MB/67MB, paused 1.589ms total 51.776ms
08-03 17:40:01.648 11177 12570 I art     : Starting a blocking GC Explicit
08-03 17:40:01.652   380   380 W SurfaceFlinger: couldn't log to binary event log: overflow.
08-03 17:40:01.694 11177 12570 I art     : Explicit concurrent mark sweep GC freed 594(24KB) AllocSpace objects, 0(0B) LOS objects, 23% free, 51MB/67MB, paused 1.567ms total 46.098ms
08-03 17:40:02.055 11177 11286 I art     : Starting a blocking GC Explicit
08-03 17:40:02.113 11177 11286 I art     : Explicit concurrent mark sweep GC freed 4290(321KB) AllocSpace objects, 2(48KB) LOS objects, 23% free, 50MB/66MB, paused 1.689ms total 57.673ms
08-03 17:40:02.127 11177 11286 I art     : Starting a blocking GC Explicit
08-03 17:40:02.172 11177 11286 I art     : Explicit concurrent mark sweep GC freed 29(1008B) AllocSpace objects, 0(0B) LOS objects, 23% free, 50MB/66MB, paused 1.542ms total 44.451ms
08-03 17:40:02.185 11177 11286 I art     : Starting a blocking GC Explicit
08-03 17:40:02.231 11177 11286 I art     : Explicit concurrent mark sweep GC freed 3(96B) AllocSpace objects, 0(0B) LOS objects, 23% free, 50MB/66MB, paused 1.724ms total 44.952ms
08-03 17:40:02.244 11177 11286 I art     : Starting a blocking GC Explicit
08-03 17:40:02.288 11177 11286 I art     : Explicit concurrent mark sweep GC freed 3(96B) AllocSpace objects, 0(0B) LOS objects, 23% free, 50MB/66MB, paused 1.615ms total 43.729ms
08-03 17:40:02.301 11177 11286 I art     : Starting a blocking GC Explicit
08-03 17:40:02.345 11177 11286 I art     : Explicit concurrent mark sweep GC freed 3(96B) AllocSpace objects, 0(0B) LOS objects, 23% free, 50MB/66MB, paused 1.556ms total 44.296ms
08-03 17:40:02.695 11177 11190 I art     : Starting a blocking GC Explicit
08-03 17:40:02.746 11177 11190 I art     : Explicit concurrent mark sweep GC freed 1409(82KB) AllocSpace objects, 1(20KB) LOS objects, 23% free, 50MB/66MB, paused 1.696ms total 51.461ms
08-03 17:40:02.763 11177 11190 I art     : Starting a blocking GC Explicit
08-03 17:40:02.804 11177 11190 I art     : Explicit concurrent mark sweep GC freed 23(752B) AllocSpace objects, 0(0B) LOS objects, 23% free, 50MB/66MB, paused 1.546ms total 41.444ms
08-03 17:40:02.817 11177 11190 I art     : Starting a blocking GC Explicit
08-03 17:40:02.860 11177 11190 I art     : Explicit concurrent mark sweep GC freed 3(96B) AllocSpace objects, 0(0B) LOS objects, 23% free, 50MB/66MB, paused 1.534ms total 42.026ms
08-03 17:40:02.873 11177 11190 I art     : Starting a blocking GC Explicit
08-03 17:40:02.916 11177 11190 I art     : Explicit concurrent mark sweep GC freed 3(96B) AllocSpace objects, 0(0B) LOS objects, 23% free, 50MB/66MB, paused 1.572ms total 42.971ms
08-03 17:40:02.929 11177 11190 I art     : Starting a blocking GC Explicit
08-03 17:40:02.973 11177 11190 I art     : Explicit concurrent mark sweep GC freed 14(448B) AllocSpace objects, 0(0B) LOS objects, 23% free, 50MB/66MB, paused 1.729ms total 44.091ms
08-03 17:40:03.082 14453 14453 D AndroidRuntime: >>>>>> START com.android.internal.os.RuntimeInit uid 2000 <<<<<<
08-03 17:40:03.088 14453 14453 D AndroidRuntime: CheckJNI is OFF
08-03 17:40:03.130 14453 14453 D ICU     : No timezone override file found: /data/misc/zoneinfo/current/icu/icu_tzdata.dat
08-03 17:40:03.173 14453 14453 I Radio-JNI: register_android_hardware_Radio DONE
08-03 17:40:03.200 14453 14453 D AndroidRuntime: Calling main entry com.android.commands.input.Input
08-03 17:40:03.202 14453 14453 I Input   : injectKeyEvent: KeyEvent { action=ACTION_DOWN, keyCode=KEYCODE_BACK, scanCode=0, metaState=0, flags=0x0, repeatCount=0, eventTime=639619615, downTime=639619615, deviceId=-1, source=0x101 }
08-03 17:40:03.207 14453 14453 I Input   : injectKeyEvent: KeyEvent { action=ACTION_UP, keyCode=KEYCODE_BACK, scanCode=0, metaState=0, flags=0x0, repeatCount=0, eventTime=639619615, downTime=639619615, deviceId=-1, source=0x101 }
08-03 17:40:03.231 14453 14453 D AndroidRuntime: Shutting down VM
08-03 17:40:03.337 11177 11189 I art     : Starting a blocking GC Explicit
08-03 17:40:03.386 11177 11189 I art     : Explicit concurrent mark sweep GC freed 3609(172KB) AllocSpace objects, 1(20KB) LOS objects, 23% free, 50MB/66MB, paused 1.594ms total 48.309ms
08-03 17:40:03.401 11177 11189 I art     : Starting a blocking GC Explicit
08-03 17:40:03.444 11177 11189 I art     : Explicit concurrent mark sweep GC freed 5365(395KB) AllocSpace objects, 9(1620KB) LOS objects, 24% free, 48MB/64MB, paused 1.626ms total 43.024ms
08-03 17:40:03.458 11177 11189 I art     : Starting a blocking GC Explicit
08-03 17:40:03.498 11177 11189 I art     : Explicit concurrent mark sweep GC freed 3(96B) AllocSpace objects, 0(0B) LOS objects, 24% free, 48MB/64MB, paused 1.634ms total 39.891ms
08-03 17:40:03.510 11177 11189 I art     : Starting a blocking GC Explicit
08-03 17:40:03.552 11177 11189 I art     : Explicit concurrent mark sweep GC freed 32(880B) AllocSpace objects, 0(0B) LOS objects, 24% free, 48MB/64MB, paused 1.543ms total 41.570ms
08-03 17:40:03.565 11177 11189 I art     : Starting a blocking GC Explicit
08-03 17:40:03.607 11177 11189 I art     : Explicit concurrent mark sweep GC freed 3(96B) AllocSpace objects, 0(0B) LOS objects, 24% free, 48MB/64MB, paused 1.620ms total 41.897ms
08-03 17:40:03.929 11056 11056 I ServiceManager: Waiting for service AtCmdFwd...
08-03 17:40:03.974 11177 11286 I art     : Starting a blocking GC Explicit
08-03 17:40:04.031 11177 11286 I art     : Explicit concurrent mark sweep GC freed 1379(81KB) AllocSpace objects, 1(20KB) LOS objects, 24% free, 48MB/64MB, paused 1.685ms total 56.362ms
08-03 17:40:04.049 11177 11286 I art     : Starting a blocking GC Explicit
08-03 17:40:04.090 11177 11286 I art     : Explicit concurrent mark sweep GC freed 23(752B) AllocSpace objects, 0(0B) LOS objects, 24% free, 48MB/64MB, paused 1.544ms total 41.164ms
08-03 17:40:04.103 11177 11286 I art     : Starting a blocking GC Explicit
08-03 17:40:04.146 11177 11286 I art     : Explicit concurrent mark sweep GC freed 3(96B) AllocSpace objects, 0(0B) LOS objects, 24% free, 48MB/64MB, paused 1.565ms total 42.217ms
08-03 17:40:04.159 11177 11286 I art     : Starting a blocking GC Explicit
08-03 17:40:04.201 11177 11286 I art     : Explicit concurrent mark sweep GC freed 3(96B) AllocSpace objects, 0(0B) LOS objects, 24% free, 48MB/64MB, paused 1.574ms total 42.227ms
08-03 17:40:04.214 11177 11286 I art     : Starting a blocking GC Explicit
08-03 17:40:04.257 11177 11286 I art     : Explicit concurrent mark sweep GC freed 3(96B) AllocSpace objects, 0(0B) LOS objects, 24% free, 48MB/64MB, paused 1.560ms total 42.306ms
08-03 17:40:04.610 11177 11190 I art     : Starting a blocking GC Explicit
08-03 17:40:04.653 11177 11190 I art     : Explicit concurrent mark sweep GC freed 1407(82KB) AllocSpace objects, 1(20KB) LOS objects, 24% free, 48MB/64MB, paused 1.571ms total 42.262ms
08-03 17:40:04.666 11177 11190 I art     : Starting a blocking GC Explicit
08-03 17:40:04.706 11177 11190 I art     : Explicit concurrent mark sweep GC freed 23(752B) AllocSpace objects, 0(0B) LOS objects, 24% free, 48MB/64MB, paused 1.494ms total 39.763ms
08-03 17:40:04.718 11177 11190 I art     : Starting a blocking GC Explicit
08-03 17:40:04.760 11177 11190 I art     : Explicit concurrent mark sweep GC freed 3(96B) AllocSpace objects, 0(0B) LOS objects, 24% free, 48MB/64MB, paused 1.637ms total 41.075ms
08-03 17:40:04.772 11177 11190 I art     : Starting a blocking GC Explicit
08-03 17:40:04.816 11177 11190 I art     : Explicit concurrent mark sweep GC freed 3(96B) AllocSpace objects, 0(0B) LOS objects, 24% free, 48MB/64MB, paused 1.634ms total 43.027ms
08-03 17:40:04.829 11177 11190 I art     : Starting a blocking GC Explicit
08-03 17:40:04.870 11177 11190 I art     : Explicit concurrent mark sweep GC freed 6(192B) AllocSpace objects, 0(0B) LOS objects, 24% free, 48MB/64MB, paused 1.656ms total 41.458ms
08-03 17:40:04.930 11056 11056 I ServiceManager: Waiting for service AtCmdFwd...
08-03 17:40:05.021 14500 14500 D AndroidRuntime: >>>>>> START com.android.internal.os.RuntimeInit uid 2000 <<<<<<
08-03 17:40:05.028 14500 14500 D AndroidRuntime: CheckJNI is OFF
08-03 17:40:05.070 14500 14500 D ICU     : No timezone override file found: /data/misc/zoneinfo/current/icu/icu_tzdata.dat
08-03 17:40:05.111 14500 14500 I Radio-JNI: register_android_hardware_Radio DONE
08-03 17:40:05.139 14500 14500 D AndroidRuntime: Calling main entry com.android.commands.input.Input
08-03 17:40:05.142 14500 14500 I Input   : injectMotionEvent: MotionEvent { action=ACTION_DOWN, actionButton=0, id[0]=0, x[0]=603.0, y[0]=1061.0, toolType[0]=TOOL_TYPE_UNKNOWN, buttonState=0, metaState=0, flags=0x0, edgeFlags=0x0, pointerCount=1, historySize=0, eventTime=639621554, downTime=639621554, deviceId=0, source=0x1002 }
08-03 17:40:05.146 14500 14500 I Input   : injectMotionEvent: MotionEvent { action=ACTION_UP, actionButton=0, id[0]=0, x[0]=603.0, y[0]=1061.0, toolType[0]=TOOL_TYPE_UNKNOWN, buttonState=0, metaState=0, flags=0x0, edgeFlags=0x0, pointerCount=1, historySize=0, eventTime=639621554, downTime=639621554, deviceId=0, source=0x1002 }
08-03 17:40:05.149 14500 14500 D AndroidRuntime: Shutting down VM
08-03 17:40:05.165   512  2967 D audio_hw_primary: out_set_parameters: enter: usecase(1: low-latency-playback) kvpairs: routing=2
08-03 17:40:05.178   512  2967 D audio_hw_primary: select_devices: out_snd_device(2: speaker) in_snd_device(0: none)
08-03 17:40:05.178   512  2967 D msm8974_platform: platform_send_audio_calibration: sending audio calibration for snd_device(2) acdb_id(15)
08-03 17:40:05.178   512  2967 I soundtrigger: audio_extn_sound_trigger_update_device_status: device 0x2 of type 0 for Event 1
08-03 17:40:05.188   512  2967 D audio_hw_primary: enable_snd_device: snd_device(2: speaker)
08-03 17:40:05.190   512  2967 D audio_hw_primary: enable_audio_route: apply and update mixer path: low-latency-playback speaker
08-03 17:40:05.246 11177 12089 I art     : Starting a blocking GC Explicit
08-03 17:40:05.288 11177 14527 I NAPPA_EXPERIMENTATION: MetricNetworkRequestExecutionTime: REQUEST_DURATION_SYSTEM='108',REQUEST_DURATION_OKHTTP='107',REQUEST_SYNCHRONOUS='TRUE',RESPONSE_CODE='200',RESPONSE_METHOD='GET',RESPONSE_LENGTH_OKHTTP='37507',RESPONSE_LENGTH_HEADER='37507',REQUEST_PROTOCOL='http/1.1',REQUEST_URL='https://gpodder.net/toplist/50.json',
08-03 17:40:05.290 11177 12089 I art     : Explicit concurrent mark sweep GC freed 4483(209KB) AllocSpace objects, 1(20KB) LOS objects, 24% free, 49MB/65MB, paused 1.741ms total 43.301ms
08-03 17:40:05.302 11177 12089 I art     : Starting a blocking GC Explicit
08-03 17:40:05.308 11177 13554 I NAPPA_EXPERIMENTATION: MetricNetworkRequestExecutionTime: REQUEST_DURATION_SYSTEM='124',REQUEST_DURATION_OKHTTP='124',REQUEST_SYNCHRONOUS='TRUE',RESPONSE_CODE='200',RESPONSE_METHOD='GET',RESPONSE_LENGTH_OKHTTP='2923',RESPONSE_LENGTH_HEADER='2923',REQUEST_PROTOCOL='http/1.1',REQUEST_URL='https://gpodder.net/api/2/tags/50.json',
08-03 17:40:05.345 11177 12089 I art     : Explicit concurrent mark sweep GC freed 5769(400KB) AllocSpace objects, 3(372KB) LOS objects, 24% free, 49MB/65MB, paused 2.208ms total 41.922ms
08-03 17:40:05.347 11177 12088 D ApOkHttpUrlLoader: buildLoadData() called with: model = [http://sixgun.org/files/linuxoutlaws.jpg], width = [224], height = [224]
08-03 17:40:05.348 11177 11915 D DBReader: getImageAuthentication() called with: imageUrl = [http://sixgun.org/files/linuxoutlaws.jpg]
08-03 17:40:05.351 11177 11915 D ApOkHttpUrlLoader: no credentials for 'http://sixgun.org/files/linuxoutlaws.jpg'
08-03 17:40:05.357 11177 12089 I art     : Starting a blocking GC Explicit
08-03 17:40:05.362 11177 12088 D ApOkHttpUrlLoader: buildLoadData() called with: model = [https://files.thisamericanlife.org/sites/all/themes/thislife/img/tal-name-1400x1400.png], width = [224], height = [224]
08-03 17:40:05.368 11177 12088 D ApOkHttpUrlLoader: buildLoadData() called with: model = [https://elroy.twit.tv/sites/default/files/styles/twit_album_art_2048x2048/public/images/shows/floss_weekly/album_art/audio/floss_albumart_mask.jpg?itok=IUjxKpwt], width = [224], height = [224]
08-03 17:40:05.374 11177 12088 D ApOkHttpUrlLoader: buildLoadData() called with: model = [http://ichef.bbci.co.uk/images/ic/3000x3000/p07kfvzb.jpg], width = [224], height = [224]
08-03 17:40:05.381 11177 12088 D ApOkHttpUrlLoader: buildLoadData() called with: model = [https://pl.tedcdn.com/rss_feed_images/ted_talks_main_podcast/video.png], width = [224], height = [224]
08-03 17:40:05.386 11177 12088 D ApOkHttpUrlLoader: buildLoadData() called with: model = [https://elroy.twit.tv/sites/default/files/styles/twit_album_art_2048x2048/public/images/shows/this_week_in_tech/album_art/audio/twit1400audio.jpg?itok=J0vhatZb], width = [224], height = [224]
08-03 17:40:05.386 11177 11915 D DBWriter: updateFeedDownloadURL(original: http://sixgun.org/files/linuxoutlaws.jpg, updated: https://fab.industries/sixgun/files/linuxoutlaws.jpg)
08-03 17:40:05.397 11177 12088 D ApOkHttpUrlLoader: buildLoadData() called with: model = [http://ichef.bbci.co.uk/images/ic/3000x3000/p03gtk3j.jpg], width = [224], height = [224]
08-03 17:40:05.398 11177 12089 I art     : Explicit concurrent mark sweep GC freed 1467(85KB) AllocSpace objects, 1(40KB) LOS objects, 24% free, 50MB/66MB, paused 2.239ms total 41.153ms
08-03 17:40:05.410 11177 12089 I art     : Starting a blocking GC Explicit
08-03 17:40:05.451 11177 12089 I art     : Explicit concurrent mark sweep GC freed 733(27KB) AllocSpace objects, 0(0B) LOS objects, 23% free, 50MB/66MB, paused 2.368ms total 41.119ms
08-03 17:40:05.464 11177 12089 I art     : Starting a blocking GC Explicit
08-03 17:40:05.502 11177 12089 I art     : Explicit concurrent mark sweep GC freed 138(4KB) AllocSpace objects, 0(0B) LOS objects, 23% free, 50MB/66MB, paused 1.540ms total 38.345ms
08-03 17:40:05.531 11177 11915 D MYTAG   : interceptor 2a
08-03 17:40:05.531 11177 11915 I NAPPA_EXPERIMENTATION: MetricNetworkRequestExecutionTime: REQUEST_DURATION_SYSTEM='180',REQUEST_DURATION_OKHTTP='138',REQUEST_SYNCHRONOUS='TRUE',RESPONSE_CODE='404',RESPONSE_METHOD='GET',RESPONSE_LENGTH_OKHTTP='-1',RESPONSE_LENGTH_HEADER='1503',REQUEST_PROTOCOL='h2',REQUEST_URL='https://fab.industries/sixgun/files/linuxoutlaws.jpg',
08-03 17:40:05.532 11177 11177 W Glide   : Load failed for http://sixgun.org/files/linuxoutlaws.jpg with size [224x224]
08-03 17:40:05.532 11177 11177 W Glide   : class com.bumptech.glide.load.engine.GlideException: Failed to load resource
08-03 17:40:05.532 11177 11177 W Glide   : There was 1 cause:
08-03 17:40:05.532 11177 11177 W Glide   : com.bumptech.glide.load.HttpException()
08-03 17:40:05.532 11177 11177 W Glide   :  call GlideException#logRootCauses(String) for more detail
08-03 17:40:05.532 11177 11177 W Glide   :   Cause (1 of 1): class com.bumptech.glide.load.engine.GlideException: Fetching data failed, class java.io.InputStream, REMOTE
08-03 17:40:05.532 11177 11177 W Glide   : There was 1 cause:
08-03 17:40:05.532 11177 11177 W Glide   : com.bumptech.glide.load.HttpException()
08-03 17:40:05.532 11177 11177 W Glide   :  call GlideException#logRootCauses(String) for more detail
08-03 17:40:05.532 11177 11177 W Glide   :     Cause (1 of 1): class com.bumptech.glide.load.HttpException: 
08-03 17:40:05.533 11177 11177 I Glide   : Root cause (1 of 1)
08-03 17:40:05.533 11177 11177 I Glide   : com.bumptech.glide.load.HttpException: 
08-03 17:40:05.533 11177 11177 I Glide   : 	at com.bumptech.glide.integration.okhttp3.OkHttpStreamFetcher.onResponse(OkHttpStreamFetcher.java:73)
08-03 17:40:05.533 11177 11177 I Glide   : 	at okhttp3.RealCall$AsyncCall.execute(RealCall.java:174)
08-03 17:40:05.533 11177 11177 I Glide   : 	at okhttp3.internal.NamedRunnable.run(NamedRunnable.java:32)
08-03 17:40:05.533 11177 11177 I Glide   : 	at java.util.concurrent.ThreadPoolExecutor.runWorker(ThreadPoolExecutor.java:1113)
08-03 17:40:05.533 11177 11177 I Glide   : 	at java.util.concurrent.ThreadPoolExecutor$Worker.run(ThreadPoolExecutor.java:588)
08-03 17:40:05.533 11177 11177 I Glide   : 	at java.lang.Thread.run(Thread.java:818)
08-03 17:40:05.533 11177 11177 W Glide   : Load failed for http://sixgun.org/files/linuxoutlaws.jpg with size [224x224]
08-03 17:40:05.533 11177 11177 W Glide   : class com.bumptech.glide.load.engine.GlideException: Failed to load resource
08-03 17:40:05.533 11177 11177 W Glide   : There was 1 cause:
08-03 17:40:05.533 11177 11177 W Glide   : com.bumptech.glide.load.HttpException()
08-03 17:40:05.533 11177 11177 W Glide   :  call GlideException#logRootCauses(String) for more detail
08-03 17:40:05.533 11177 11177 W Glide   :   Cause (1 of 1): class com.bumptech.glide.load.engine.GlideException: Fetching data failed, class java.io.InputStream, REMOTE
08-03 17:40:05.533 11177 11177 W Glide   : There was 1 cause:
08-03 17:40:05.533 11177 11177 W Glide   : com.bumptech.glide.load.HttpException()
08-03 17:40:05.533 11177 11177 W Glide   :  call GlideException#logRootCauses(String) for more detail
08-03 17:40:05.533 11177 11177 W Glide   :     Cause (1 of 1): class com.bumptech.glide.load.HttpException: 
08-03 17:40:05.533 11177 11177 I Glide   : Root cause (1 of 1)
08-03 17:40:05.533 11177 11177 I Glide   : com.bumptech.glide.load.HttpException: 
08-03 17:40:05.533 11177 11177 I Glide   : 	at com.bumptech.glide.integration.okhttp3.OkHttpStreamFetcher.onResponse(OkHttpStreamFetcher.java:73)
08-03 17:40:05.533 11177 11177 I Glide   : 	at okhttp3.RealCall$AsyncCall.execute(RealCall.java:174)
08-03 17:40:05.533 11177 11177 I Glide   : 	at okhttp3.internal.NamedRunnable.run(NamedRunnable.java:32)
08-03 17:40:05.533 11177 11177 I Glide   : 	at java.util.concurrent.ThreadPoolExecutor.runWorker(ThreadPoolExecutor.java:1113)
08-03 17:40:05.533 11177 11177 I Glide   : 	at java.util.concurrent.ThreadPoolExecutor$Worker.run(ThreadPoolExecutor.java:588)
08-03 17:40:05.533 11177 11177 I Glide   : 	at java.lang.Thread.run(Thread.java:818)
08-03 17:40:05.729   512  2967 D audio_hw_primary: disable_audio_route: reset and update mixer path: low-latency-playback speaker
08-03 17:40:05.732   512  2967 D audio_hw_primary: disable_snd_device: snd_device(2: speaker)
08-03 17:40:05.740   512  2967 I soundtrigger: audio_extn_sound_trigger_update_device_status: device 0x2 of type 0 for Event 0
08-03 17:40:05.860 11177 12570 I art     : Starting a blocking GC Explicit
08-03 17:40:05.909 11177 12570 I art     : Explicit concurrent mark sweep GC freed 1972(156KB) AllocSpace objects, 1(20KB) LOS objects, 23% free, 50MB/66MB, paused 1.552ms total 48.479ms
08-03 17:40:05.924 11177 12570 I art     : Starting a blocking GC Explicit
08-03 17:40:05.931 11056 11056 I ServiceManager: Waiting for service AtCmdFwd...
08-03 17:40:05.968 11177 12570 I art     : Explicit concurrent mark sweep GC freed 44(1680B) AllocSpace objects, 0(0B) LOS objects, 23% free, 50MB/66MB, paused 1.827ms total 43.979ms
08-03 17:40:05.981 11177 12570 I art     : Starting a blocking GC Explicit
08-03 17:40:06.022 11177 12570 I art     : Explicit concurrent mark sweep GC freed 3(96B) AllocSpace objects, 0(0B) LOS objects, 23% free, 50MB/66MB, paused 1.495ms total 41.132ms
08-03 17:40:06.035 11177 12570 I art     : Starting a blocking GC Explicit
08-03 17:40:06.080 11177 12570 I art     : Explicit concurrent mark sweep GC freed 20(688B) AllocSpace objects, 0(0B) LOS objects, 23% free, 50MB/66MB, paused 1.617ms total 44.377ms
08-03 17:40:06.093 11177 12570 I art     : Starting a blocking GC Explicit
08-03 17:40:06.138 11177 12570 I art     : Explicit concurrent mark sweep GC freed 3(96B) AllocSpace objects, 0(0B) LOS objects, 23% free, 50MB/66MB, paused 1.662ms total 44.778ms
08-03 17:40:06.513 11177 12089 I art     : Starting a blocking GC Explicit
08-03 17:40:06.571 11177 12089 I art     : Explicit concurrent mark sweep GC freed 1407(81KB) AllocSpace objects, 1(20KB) LOS objects, 23% free, 50MB/66MB, paused 1.731ms total 58.088ms
08-03 17:40:06.586 11177 12089 I art     : Starting a blocking GC Explicit
08-03 17:40:06.630 11177 12089 I art     : Explicit concurrent mark sweep GC freed 23(752B) AllocSpace objects, 0(0B) LOS objects, 23% free, 50MB/66MB, paused 1.600ms total 43.696ms
08-03 17:40:06.643 11177 12089 I art     : Starting a blocking GC Explicit
08-03 17:40:06.687 11177 12089 I art     : Explicit concurrent mark sweep GC freed 3(96B) AllocSpace objects, 0(0B) LOS objects, 23% free, 50MB/66MB, paused 1.644ms total 43.968ms
08-03 17:40:06.700 11177 12089 I art     : Starting a blocking GC Explicit
08-03 17:40:06.744 11177 12089 I art     : Explicit concurrent mark sweep GC freed 3(96B) AllocSpace objects, 0(0B) LOS objects, 23% free, 50MB/66MB, paused 1.602ms total 43.654ms
08-03 17:40:06.758 11177 12089 I art     : Starting a blocking GC Explicit
08-03 17:40:06.803 11177 12089 I art     : Explicit concurrent mark sweep GC freed 3(96B) AllocSpace objects, 0(0B) LOS objects, 23% free, 50MB/66MB, paused 1.638ms total 45.079ms
08-03 17:40:06.931 11056 11056 I ServiceManager: Waiting for service AtCmdFwd...
08-03 17:40:07.208 11177 11190 I art     : Starting a blocking GC Explicit
08-03 17:40:07.255 11177 11190 I art     : Explicit concurrent mark sweep GC freed 1439(82KB) AllocSpace objects, 1(20KB) LOS objects, 23% free, 50MB/66MB, paused 1.703ms total 46.699ms
08-03 17:40:07.268 11177 11190 I art     : Starting a blocking GC Explicit
08-03 17:40:07.315 11177 11190 I art     : Explicit concurrent mark sweep GC freed 41(1392B) AllocSpace objects, 0(0B) LOS objects, 23% free, 50MB/66MB, paused 1.627ms total 46.551ms
08-03 17:40:07.328 11177 11190 I art     : Starting a blocking GC Explicit
08-03 17:40:07.377 11177 11190 I art     : Explicit concurrent mark sweep GC freed 3(96B) AllocSpace objects, 0(0B) LOS objects, 23% free, 50MB/66MB, paused 1.567ms total 48.392ms
08-03 17:40:07.391 11177 11190 I art     : Starting a blocking GC Explicit
08-03 17:40:07.439 11177 11190 I art     : Explicit concurrent mark sweep GC freed 3(96B) AllocSpace objects, 0(0B) LOS objects, 23% free, 50MB/66MB, paused 1.561ms total 48.444ms
08-03 17:40:07.453 11177 11190 I art     : Starting a blocking GC Explicit
08-03 17:40:07.500 11177 11190 I art     : Explicit concurrent mark sweep GC freed 3(96B) AllocSpace objects, 0(0B) LOS objects, 23% free, 50MB/66MB, paused 1.687ms total 47.246ms
08-03 17:40:07.885 11177 11286 I art     : Starting a blocking GC Explicit
08-03 17:40:07.932 11056 11056 I ServiceManager: Waiting for service AtCmdFwd...
08-03 17:40:07.949 11177 11286 I art     : Explicit concurrent mark sweep GC freed 1407(81KB) AllocSpace objects, 1(20KB) LOS objects, 23% free, 50MB/66MB, paused 1.801ms total 63.373ms
08-03 17:40:07.966 11177 11286 I art     : Starting a blocking GC Explicit
08-03 17:40:08.013 11177 11286 I art     : Explicit concurrent mark sweep GC freed 23(752B) AllocSpace objects, 0(0B) LOS objects, 23% free, 50MB/66MB, paused 1.645ms total 46.750ms
08-03 17:40:08.027 11177 11286 I art     : Starting a blocking GC Explicit
08-03 17:40:08.075 11177 11286 I art     : Explicit concurrent mark sweep GC freed 3(96B) AllocSpace objects, 0(0B) LOS objects, 23% free, 50MB/66MB, paused 1.627ms total 48.339ms
08-03 17:40:08.089 11177 11286 I art     : Starting a blocking GC Explicit
08-03 17:40:08.137 11177 11286 I art     : Explicit concurrent mark sweep GC freed 3(96B) AllocSpace objects, 0(0B) LOS objects, 23% free, 50MB/66MB, paused 1.614ms total 47.243ms
08-03 17:40:08.150 11177 11286 I art     : Starting a blocking GC Explicit
08-03 17:40:08.200 11177 11286 I art     : Explicit concurrent mark sweep GC freed 3(96B) AllocSpace objects, 0(0B) LOS objects, 23% free, 50MB/66MB, paused 1.656ms total 49.037ms
08-03 17:40:08.614 11177 12570 I art     : Starting a blocking GC Explicit
08-03 17:40:08.678 11177 12570 I art     : Explicit concurrent mark sweep GC freed 1407(81KB) AllocSpace objects, 1(20KB) LOS objects, 23% free, 50MB/66MB, paused 1.729ms total 63.503ms
08-03 17:40:08.694 11177 12570 I art     : Starting a blocking GC Explicit
08-03 17:40:08.741 11177 12570 I art     : Explicit concurrent mark sweep GC freed 23(752B) AllocSpace objects, 0(0B) LOS objects, 23% free, 50MB/66MB, paused 1.682ms total 46.715ms
08-03 17:40:08.754 11177 12570 I art     : Starting a blocking GC Explicit
08-03 17:40:08.803 11177 12570 I art     : Explicit concurrent mark sweep GC freed 3(96B) AllocSpace objects, 0(0B) LOS objects, 23% free, 50MB/66MB, paused 1.638ms total 48.649ms
08-03 17:40:08.817 11177 12570 I art     : Starting a blocking GC Explicit
08-03 17:40:08.862 11177 12570 I art     : Explicit concurrent mark sweep GC freed 3(96B) AllocSpace objects, 0(0B) LOS objects, 23% free, 50MB/66MB, paused 1.664ms total 44.741ms
08-03 17:40:08.875 11177 12570 I art     : Starting a blocking GC Explicit
08-03 17:40:08.923 11177 12570 I art     : Explicit concurrent mark sweep GC freed 3(96B) AllocSpace objects, 0(0B) LOS objects, 23% free, 50MB/66MB, paused 1.653ms total 47.574ms
08-03 17:40:08.933 11056 11056 W Atfwd_Sendcmd: AtCmdFwd service not published, waiting... retryCnt : 2
08-03 17:40:09.049   918  3261 D WifiStateMachine: starting scan for "H369AA63323"WPA_PSK with 2412,5180
08-03 17:40:09.321 11177 12089 I art     : Starting a blocking GC Explicit
08-03 17:40:09.378 11177 12089 I art     : Explicit concurrent mark sweep GC freed 1379(81KB) AllocSpace objects, 1(20KB) LOS objects, 23% free, 50MB/66MB, paused 1.740ms total 56.456ms
08-03 17:40:09.395 11177 12089 I art     : Starting a blocking GC Explicit
08-03 17:40:09.447 11177 12089 I art     : Explicit concurrent mark sweep GC freed 23(752B) AllocSpace objects, 0(0B) LOS objects, 23% free, 50MB/66MB, paused 1.639ms total 51.883ms
08-03 17:40:09.460 11177 12089 I art     : Starting a blocking GC Explicit
08-03 17:40:09.506 11177 12089 I art     : Explicit concurrent mark sweep GC freed 3(96B) AllocSpace objects, 0(0B) LOS objects, 23% free, 50MB/66MB, paused 1.608ms total 45.515ms
08-03 17:40:09.520 11177 12089 I art     : Starting a blocking GC Explicit
08-03 17:40:09.568 11177 12089 I art     : Explicit concurrent mark sweep GC freed 32(880B) AllocSpace objects, 0(0B) LOS objects, 23% free, 50MB/66MB, paused 1.736ms total 47.866ms
08-03 17:40:09.582 11177 12089 I art     : Starting a blocking GC Explicit
08-03 17:40:09.629 11177 12089 I art     : Explicit concurrent mark sweep GC freed 3(96B) AllocSpace objects, 0(0B) LOS objects, 23% free, 50MB/66MB, paused 1.719ms total 46.972ms
08-03 17:40:10.032 11177 11189 I art     : Starting a blocking GC Explicit
08-03 17:40:10.091 11177 11189 I art     : Explicit concurrent mark sweep GC freed 1381(81KB) AllocSpace objects, 1(20KB) LOS objects, 23% free, 50MB/66MB, paused 1.685ms total 58.993ms
08-03 17:40:10.106 11177 11189 I art     : Starting a blocking GC Explicit
08-03 17:40:10.155 11177 11189 I art     : Explicit concurrent mark sweep GC freed 23(752B) AllocSpace objects, 0(0B) LOS objects, 23% free, 50MB/66MB, paused 1.646ms total 48.206ms
08-03 17:40:10.168 11177 11189 I art     : Starting a blocking GC Explicit
08-03 17:40:10.212 11177 11189 I art     : Explicit concurrent mark sweep GC freed 3(96B) AllocSpace objects, 0(0B) LOS objects, 23% free, 50MB/66MB, paused 1.548ms total 43.352ms
08-03 17:40:10.225 11177 11189 I art     : Starting a blocking GC Explicit
08-03 17:40:10.271 11177 11189 I art     : Explicit concurrent mark sweep GC freed 3(96B) AllocSpace objects, 0(0B) LOS objects, 23% free, 50MB/66MB, paused 1.655ms total 45.896ms
08-03 17:40:10.285 11177 11189 I art     : Starting a blocking GC Explicit
08-03 17:40:10.333 11177 11189 I art     : Explicit concurrent mark sweep GC freed 3(96B) AllocSpace objects, 0(0B) LOS objects, 23% free, 50MB/66MB, paused 1.501ms total 47.741ms
08-03 17:40:10.740 11177 11190 I art     : Starting a blocking GC Explicit
08-03 17:40:10.799 11177 11190 I art     : Explicit concurrent mark sweep GC freed 1407(81KB) AllocSpace objects, 1(20KB) LOS objects, 23% free, 50MB/66MB, paused 1.882ms total 59.053ms
08-03 17:40:10.816 11177 11190 I art     : Starting a blocking GC Explicit
08-03 17:40:10.864 11177 11190 I art     : Explicit concurrent mark sweep GC freed 23(752B) AllocSpace objects, 0(0B) LOS objects, 23% free, 50MB/66MB, paused 1.645ms total 47.434ms
08-03 17:40:10.877 11177 11190 I art     : Starting a blocking GC Explicit
08-03 17:40:10.926 11177 11190 I art     : Explicit concurrent mark sweep GC freed 3(96B) AllocSpace objects, 0(0B) LOS objects, 23% free, 50MB/66MB, paused 1.609ms total 48.410ms
08-03 17:40:10.926 11177 11188 I art     : WaitForGcToComplete blocked for 16.875ms for cause HeapTrim
08-03 17:40:10.942 11177 11190 I art     : Starting a blocking GC Explicit
08-03 17:40:10.991 11177 11190 I art     : Explicit concurrent mark sweep GC freed 3(96B) AllocSpace objects, 0(0B) LOS objects, 23% free, 50MB/66MB, paused 1.658ms total 48.506ms
08-03 17:40:11.005 11177 11190 I art     : Starting a blocking GC Explicit
08-03 17:40:11.053 11177 11190 I art     : Explicit concurrent mark sweep GC freed 3(96B) AllocSpace objects, 0(0B) LOS objects, 23% free, 50MB/66MB, paused 1.620ms total 48.611ms
08-03 17:40:11.441 11177 11286 I art     : Starting a blocking GC Explicit
08-03 17:40:11.489 11177 11286 I art     : Explicit concurrent mark sweep GC freed 1378(80KB) AllocSpace objects, 1(20KB) LOS objects, 23% free, 50MB/66MB, paused 1.656ms total 48.116ms
08-03 17:40:11.502 11177 11286 I art     : Starting a blocking GC Explicit
08-03 17:40:11.545 11177 11286 I art     : Explicit concurrent mark sweep GC freed 52(1536B) AllocSpace objects, 0(0B) LOS objects, 23% free, 50MB/66MB, paused 1.586ms total 42.209ms
08-03 17:40:11.558 11177 11286 I art     : Starting a blocking GC Explicit
08-03 17:40:11.602 11177 11286 I art     : Explicit concurrent mark sweep GC freed 3(96B) AllocSpace objects, 0(0B) LOS objects, 23% free, 50MB/66MB, paused 1.642ms total 43.413ms
08-03 17:40:11.615 11177 11286 I art     : Starting a blocking GC Explicit
08-03 17:40:11.661 11177 11286 I art     : Explicit concurrent mark sweep GC freed 3(96B) AllocSpace objects, 0(0B) LOS objects, 23% free, 50MB/66MB, paused 1.707ms total 45.550ms
08-03 17:40:11.674 11177 11286 I art     : Starting a blocking GC Explicit
08-03 17:40:11.720 11177 11286 I art     : Explicit concurrent mark sweep GC freed 3(96B) AllocSpace objects, 0(0B) LOS objects, 23% free, 50MB/66MB, paused 1.742ms total 45.416ms
08-03 17:40:11.947 14621 14621 D AndroidRuntime: >>>>>> START com.android.internal.os.RuntimeInit uid 2000 <<<<<<
08-03 17:40:11.955 14621 14621 D AndroidRuntime: CheckJNI is OFF
08-03 17:40:11.995 14621 14621 D ICU     : No timezone override file found: /data/misc/zoneinfo/current/icu/icu_tzdata.dat
08-03 17:40:12.038 14621 14621 I Radio-JNI: register_android_hardware_Radio DONE
08-03 17:40:12.067 14621 14621 D AndroidRuntime: Calling main entry com.android.commands.input.Input
08-03 17:40:12.070 14621 14621 I Input   : injectMotionEvent: MotionEvent { action=ACTION_DOWN, actionButton=0, id[0]=0, x[0]=526.0, y[0]=597.0, toolType[0]=TOOL_TYPE_UNKNOWN, buttonState=0, metaState=0, flags=0x0, edgeFlags=0x0, pointerCount=1, historySize=0, eventTime=639628482, downTime=639628482, deviceId=0, source=0x1002 }
08-03 17:40:12.075 14621 14621 I Input   : injectMotionEvent: MotionEvent { action=ACTION_UP, actionButton=0, id[0]=0, x[0]=526.0, y[0]=597.0, toolType[0]=TOOL_TYPE_UNKNOWN, buttonState=0, metaState=0, flags=0x0, edgeFlags=0x0, pointerCount=1, historySize=0, eventTime=639628482, downTime=639628482, deviceId=0, source=0x1002 }
08-03 17:40:12.077 14621 14621 D AndroidRuntime: Shutting down VM
08-03 17:40:12.113 11177 12089 I art     : Starting a blocking GC Explicit
08-03 17:40:12.142 11177 11177 D PodcastListFragment: Selected podcast: GpodnetPodcast [url=http://feeds.feedburner.com/linuxoutlaws, title=Linux Outlaws, description=Two pragmatic geeks talk about the latest news concerning Linux, free and open
08-03 17:40:12.142 11177 11177 D PodcastListFragment: technology or anything else they deem noteworthy which may include such absurd
08-03 17:40:12.142 11177 11177 D PodcastListFragment: things as hockey or bands you never heard of. This means there's many a joke
08-03 17:40:12.142 11177 11177 D PodcastListFragment: and derailed conversation along the way, so don't come here expecting only
08-03 17:40:12.142 11177 11177 D PodcastListFragment: Linux or software freedom talk  just sit back and relax, partner., subscribers=3321, logoUrl=http://sixgun.org/files/linuxoutlaws.jpg, website=http://sixgun.org, mygpoLink=http://gpodder.net/podcast/linux-outlaws-mp3]
08-03 17:40:12.142   918  6111 I ActivityManager: START u0 {cmp=baseline.de.danoeh.antennapod.debug/baseline.de.danoeh.antennapod.activity.OnlineFeedViewActivity (has extras)} from uid 10633 on display 0
08-03 17:40:12.143   512  2967 D audio_hw_primary: out_set_parameters: enter: usecase(1: low-latency-playback) kvpairs: routing=2
08-03 17:40:12.156   512  2967 D audio_hw_primary: select_devices: out_snd_device(2: speaker) in_snd_device(0: none)
08-03 17:40:12.156   512  2967 D msm8974_platform: platform_send_audio_calibration: sending audio calibration for snd_device(2) acdb_id(15)
08-03 17:40:12.157   512  2967 I soundtrigger: audio_extn_sound_trigger_update_device_status: device 0x2 of type 0 for Event 1
08-03 17:40:12.159 11177 12089 I art     : Explicit concurrent mark sweep GC freed 1757(108KB) AllocSpace objects, 1(20KB) LOS objects, 23% free, 50MB/66MB, paused 2.303ms total 44.897ms
08-03 17:40:12.168   512  2967 D audio_hw_primary: enable_snd_device: snd_device(2: speaker)
08-03 17:40:12.171   512  2967 D audio_hw_primary: enable_audio_route: apply and update mixer path: low-latency-playback speaker
08-03 17:40:12.175 11177 12089 I art     : Starting a blocking GC Explicit
08-03 17:40:12.183 11177 11177 D UserPreferences: Using default data folder
08-03 17:40:12.215 11177 12089 I art     : Explicit concurrent mark sweep GC freed 411(43KB) AllocSpace objects, 0(0B) LOS objects, 23% free, 50MB/66MB, paused 1.499ms total 38.976ms
08-03 17:40:12.223 11177 11177 D OnlineFeedViewActivity: Activity was started with url http://feeds.feedburner.com/linuxoutlaws
08-03 17:40:12.226 11177 11177 D OnlineFeedViewActivity: Starting feed download
08-03 17:40:12.227 11177 12089 I art     : Starting a blocking GC Explicit
08-03 17:40:12.246 11177 11197 D DBReader: Extracting Feedlist
08-03 17:40:12.249   918  3696 D WifiService: acquireWifiLockLocked: WifiLock{Downloader type=1 binder=android.os.BinderProxy@edaad33}
08-03 17:40:12.269 11177 12089 I art     : Explicit concurrent mark sweep GC freed 440(26KB) AllocSpace objects, 0(0B) LOS objects, 23% free, 50MB/66MB, paused 1.733ms total 41.415ms
08-03 17:40:12.271 11177 11197 D AntennapodHttpClient: Creating new instance of HTTP client
08-03 17:40:12.282 11177 12089 I art     : Starting a blocking GC Explicit
08-03 17:40:12.294 13866 13866 I GoogleInputMethodServic: GoogleInputMethodService.onFinishInput():3138 
08-03 17:40:12.295 13866 13866 I GoogleInputMethodServic: GoogleInputMethodService.onStartInput():1808 
08-03 17:40:12.314   918   936 I ActivityManager: Displayed baseline.de.danoeh.antennapod.debug/baseline.de.danoeh.antennapod.activity.OnlineFeedViewActivity: +160ms
08-03 17:40:12.326 11177 12089 I art     : Explicit concurrent mark sweep GC freed 503(23KB) AllocSpace objects, 0(0B) LOS objects, 23% free, 51MB/67MB, paused 1.571ms total 43.604ms
08-03 17:40:12.338 11177 12089 I art     : Starting a blocking GC Explicit
08-03 17:40:12.349 11177 11198 D OpenGLRenderer: endAllStagingAnimators on 0x7f7c7e0400 (GridView) with handle 0x7f79671a80
08-03 17:40:12.378 11177 12089 I art     : Explicit concurrent mark sweep GC freed 57(2624B) AllocSpace objects, 0(0B) LOS objects, 23% free, 51MB/67MB, paused 1.738ms total 39.552ms
08-03 17:40:12.420 11177 11197 D MYTAG   : interceptor 3a http://feeds.feedburner.com/linuxoutlaws
08-03 17:40:12.420 11177 11197 I NAPPA_EXPERIMENTATION: MetricNetworkRequestExecutionTime: REQUEST_DURATION_SYSTEM='148',REQUEST_DURATION_OKHTTP='39',REQUEST_SYNCHRONOUS='TRUE',RESPONSE_CODE='200',RESPONSE_METHOD='GET',RESPONSE_LENGTH_OKHTTP='-1',RESPONSE_LENGTH_HEADER='-2',REQUEST_PROTOCOL='http/1.1',REQUEST_URL='http://feeds.feedburner.com/linuxoutlaws',
08-03 17:40:12.421 11177 11197 D HttpDownloader: Response code is 200
08-03 17:40:12.421 11177 11197 D UserPreferences: Using default data folder
08-03 17:40:12.431 11177 11197 D HttpDownloader: Getting size of download
08-03 17:40:12.431 11177 11197 D HttpDownloader: Size is -1
08-03 17:40:12.431 11177 11197 D UserPreferences: Using default data folder
08-03 17:40:12.431 11177 11197 D HttpDownloader: Free space is 20749606912
08-03 17:40:12.432 11177 11197 D HttpDownloader: Starting download
08-03 17:40:12.442 11177 11197 D HttpDownloader: Download was successful
08-03 17:40:12.443   918  5481 D WifiService: releaseWifiLockLocked: WifiLock{Downloader type=1 binder=android.os.BinderProxy@edaad33}
08-03 17:40:12.444 11177 11177 D OnlineFeedViewActivity: Parsing feed
08-03 17:40:12.447 11177 14645 D TypeGetter: Recognized type RSS 2.0
08-03 17:40:12.449 11177 14645 D SyndHandler: Recognized Content namespace
08-03 17:40:12.449 11177 14645 D SyndHandler: Recognized DublinCore namespace
08-03 17:40:12.449 11177 14645 D SyndHandler: Recognized Atom namespace
08-03 17:40:12.449 11177 14645 D SyndHandler: Recognized ITunes namespace
08-03 17:40:12.450 11177 14645 D SyndHandler: Recognized media namespace
08-03 17:40:12.490 11177 14645 D OnlineFeedViewActivity: Deleted feed source file. Result: true
08-03 17:40:12.490 11177 11177 D OnlineFeedViewActivity: Removing HTML from shownotes
08-03 17:40:12.511 11177 12088 D ApOkHttpUrlLoader: buildLoadData() called with: model = [http://sixgun.org/files/linuxoutlaws.jpg], width = [350], height = [350]
08-03 17:40:12.513 11177 11915 D DBReader: getImageAuthentication() called with: imageUrl = [http://sixgun.org/files/linuxoutlaws.jpg]
08-03 17:40:12.520 11177 11915 D ApOkHttpUrlLoader: no credentials for 'http://sixgun.org/files/linuxoutlaws.jpg'
08-03 17:40:12.547   380   380 W SurfaceFlinger: couldn't log to binary event log: overflow.
08-03 17:40:12.560 11177 11915 D DBWriter: updateFeedDownloadURL(original: http://sixgun.org/files/linuxoutlaws.jpg, updated: https://fab.industries/sixgun/files/linuxoutlaws.jpg)
08-03 17:40:12.687 11177 11177 D PlaybackController: Releasing PlaybackController
08-03 17:40:12.705 11177 11189 I art     : Starting a blocking GC Explicit
08-03 17:40:12.710 11177 11915 D MYTAG   : interceptor 2a
08-03 17:40:12.710 11177 11915 I NAPPA_EXPERIMENTATION: MetricNetworkRequestExecutionTime: REQUEST_DURATION_SYSTEM='190',REQUEST_DURATION_OKHTTP='147',REQUEST_SYNCHRONOUS='TRUE',RESPONSE_CODE='404',RESPONSE_METHOD='GET',RESPONSE_LENGTH_OKHTTP='-1',RESPONSE_LENGTH_HEADER='1503',REQUEST_PROTOCOL='h2',REQUEST_URL='https://fab.industries/sixgun/files/linuxoutlaws.jpg',
08-03 17:40:12.711   512  2967 D audio_hw_primary: disable_audio_route: reset and update mixer path: low-latency-playback speaker
08-03 17:40:12.712 11177 11177 W Glide   : Load failed for http://sixgun.org/files/linuxoutlaws.jpg with size [350x350]
08-03 17:40:12.712 11177 11177 W Glide   : class com.bumptech.glide.load.engine.GlideException: Failed to load resource
08-03 17:40:12.712 11177 11177 W Glide   : There was 1 cause:
08-03 17:40:12.712 11177 11177 W Glide   : com.bumptech.glide.load.HttpException()
08-03 17:40:12.712 11177 11177 W Glide   :  call GlideException#logRootCauses(String) for more detail
08-03 17:40:12.712 11177 11177 W Glide   :   Cause (1 of 1): class com.bumptech.glide.load.engine.GlideException: Fetching data failed, class java.io.InputStream, REMOTE
08-03 17:40:12.712 11177 11177 W Glide   : There was 1 cause:
08-03 17:40:12.712 11177 11177 W Glide   : com.bumptech.glide.load.HttpException()
08-03 17:40:12.712 11177 11177 W Glide   :  call GlideException#logRootCauses(String) for more detail
08-03 17:40:12.712 11177 11177 W Glide   :     Cause (1 of 1): class com.bumptech.glide.load.HttpException: 
08-03 17:40:12.712   512  2967 D audio_hw_primary: disable_snd_device: snd_device(2: speaker)
08-03 17:40:12.713 11177 11177 I Glide   : Root cause (1 of 1)
08-03 17:40:12.713 11177 11177 I Glide   : com.bumptech.glide.load.HttpException: 
08-03 17:40:12.713 11177 11177 I Glide   : 	at com.bumptech.glide.integration.okhttp3.OkHttpStreamFetcher.onResponse(OkHttpStreamFetcher.java:73)
08-03 17:40:12.713 11177 11177 I Glide   : 	at okhttp3.RealCall$AsyncCall.execute(RealCall.java:174)
08-03 17:40:12.713 11177 11177 I Glide   : 	at okhttp3.internal.NamedRunnable.run(NamedRunnable.java:32)
08-03 17:40:12.713 11177 11177 I Glide   : 	at java.util.concurrent.ThreadPoolExecutor.runWorker(ThreadPoolExecutor.java:1113)
08-03 17:40:12.713 11177 11177 I Glide   : 	at java.util.concurrent.ThreadPoolExecutor$Worker.run(ThreadPoolExecutor.java:588)
08-03 17:40:12.713 11177 11177 I Glide   : 	at java.lang.Thread.run(Thread.java:818)
08-03 17:40:12.722   512  2967 I soundtrigger: audio_extn_sound_trigger_update_device_status: device 0x2 of type 0 for Event 0
08-03 17:40:12.755 11177 11189 I art     : Explicit concurrent mark sweep GC freed 7748(901KB) AllocSpace objects, 15(828KB) LOS objects, 23% free, 51MB/67MB, paused 1.610ms total 49.579ms
08-03 17:40:12.768 11177 11189 I art     : Starting a blocking GC Explicit
08-03 17:40:12.813 11177 11189 I art     : Explicit concurrent mark sweep GC freed 1301(58KB) AllocSpace objects, 1(112KB) LOS objects, 23% free, 51MB/67MB, paused 1.625ms total 45ms
08-03 17:40:12.826 11177 11189 I art     : Starting a blocking GC Explicit
08-03 17:40:12.872 11177 11189 I art     : Explicit concurrent mark sweep GC freed 6(192B) AllocSpace objects, 0(0B) LOS objects, 23% free, 51MB/67MB, paused 1.564ms total 45.864ms
08-03 17:40:12.885 11177 11189 I art     : Starting a blocking GC Explicit
08-03 17:40:12.931 11177 11189 I art     : Explicit concurrent mark sweep GC freed 3(96B) AllocSpace objects, 0(0B) LOS objects, 23% free, 51MB/67MB, paused 1.595ms total 45.092ms
08-03 17:40:12.944 11177 11189 I art     : Starting a blocking GC Explicit
08-03 17:40:12.990 11177 11189 I art     : Explicit concurrent mark sweep GC freed 3(96B) AllocSpace objects, 0(0B) LOS objects, 23% free, 51MB/67MB, paused 1.601ms total 45.906ms
08-03 17:40:13.353 11177 11286 I art     : Starting a blocking GC Explicit
08-03 17:40:13.411 11177 11286 I art     : Explicit concurrent mark sweep GC freed 1378(80KB) AllocSpace objects, 1(20KB) LOS objects, 23% free, 51MB/67MB, paused 1.776ms total 56.630ms
08-03 17:40:13.427 11177 11286 I art     : Starting a blocking GC Explicit
08-03 17:40:13.476 11177 11286 I art     : Explicit concurrent mark sweep GC freed 23(752B) AllocSpace objects, 0(0B) LOS objects, 23% free, 51MB/67MB, paused 1.591ms total 48.260ms
08-03 17:40:13.489 11177 11286 I art     : Starting a blocking GC Explicit
08-03 17:40:13.536 11177 11286 I art     : Explicit concurrent mark sweep GC freed 32(880B) AllocSpace objects, 0(0B) LOS objects, 23% free, 51MB/67MB, paused 1.573ms total 46.474ms
08-03 17:40:13.549 11177 11286 I art     : Starting a blocking GC Explicit
08-03 17:40:13.595 11177 11286 I art     : Explicit concurrent mark sweep GC freed 3(96B) AllocSpace objects, 0(0B) LOS objects, 23% free, 51MB/67MB, paused 1.608ms total 45.084ms
08-03 17:40:13.608 11177 11286 I art     : Starting a blocking GC Explicit
08-03 17:40:13.655 11177 11286 I art     : Explicit concurrent mark sweep GC freed 3(96B) AllocSpace objects, 0(0B) LOS objects, 23% free, 51MB/67MB, paused 1.584ms total 46.136ms
08-03 17:40:14.038 11177 12570 I art     : Starting a blocking GC Explicit
08-03 17:40:14.099 11177 12570 I art     : Explicit concurrent mark sweep GC freed 1378(80KB) AllocSpace objects, 1(20KB) LOS objects, 23% free, 51MB/67MB, paused 1.869ms total 60.074ms
08-03 17:40:14.116 11177 12570 I art     : Starting a blocking GC Explicit
08-03 17:40:14.162 11177 12570 I art     : Explicit concurrent mark sweep GC freed 29(944B) AllocSpace objects, 0(0B) LOS objects, 23% free, 51MB/67MB, paused 1.539ms total 45.996ms
08-03 17:40:14.175 11177 12570 I art     : Starting a blocking GC Explicit
08-03 17:40:14.220 11177 12570 I art     : Explicit concurrent mark sweep GC freed 10(320B) AllocSpace objects, 0(0B) LOS objects, 23% free, 51MB/67MB, paused 1.555ms total 44.463ms
08-03 17:40:14.234 11177 12570 I art     : Starting a blocking GC Explicit
08-03 17:40:14.279 11177 12570 I art     : Explicit concurrent mark sweep GC freed 10(320B) AllocSpace objects, 0(0B) LOS objects, 23% free, 51MB/67MB, paused 1.792ms total 44.487ms
08-03 17:40:14.292 11177 12570 I art     : Starting a blocking GC Explicit
08-03 17:40:14.337 11177 12570 I art     : Explicit concurrent mark sweep GC freed 10(320B) AllocSpace objects, 0(0B) LOS objects, 23% free, 51MB/67MB, paused 1.529ms total 44.641ms
08-03 17:40:14.720 11177 11286 I art     : Starting a blocking GC Explicit
08-03 17:40:14.788 11177 11286 I art     : Explicit concurrent mark sweep GC freed 1408(81KB) AllocSpace objects, 1(20KB) LOS objects, 23% free, 51MB/67MB, paused 1.785ms total 66.821ms
08-03 17:40:14.805 11177 11286 I art     : Starting a blocking GC Explicit
08-03 17:40:14.852 11177 11286 I art     : Explicit concurrent mark sweep GC freed 23(752B) AllocSpace objects, 0(0B) LOS objects, 23% free, 51MB/67MB, paused 1.661ms total 46.268ms
08-03 17:40:14.866 11177 11286 I art     : Starting a blocking GC Explicit
08-03 17:40:14.915 11177 11286 I art     : Explicit concurrent mark sweep GC freed 3(96B) AllocSpace objects, 0(0B) LOS objects, 23% free, 51MB/67MB, paused 1.641ms total 48.515ms
08-03 17:40:14.929 11177 11286 I art     : Starting a blocking GC Explicit
08-03 17:40:14.978 11177 11286 I art     : Explicit concurrent mark sweep GC freed 3(96B) AllocSpace objects, 0(0B) LOS objects, 23% free, 51MB/67MB, paused 1.746ms total 49.145ms
08-03 17:40:14.992 11177 11286 I art     : Starting a blocking GC Explicit
08-03 17:40:15.043 11177 11286 I art     : Explicit concurrent mark sweep GC freed 3(96B) AllocSpace objects, 0(0B) LOS objects, 23% free, 51MB/67MB, paused 1.732ms total 51.310ms
08-03 17:40:15.430 11177 12089 I art     : Starting a blocking GC Explicit
08-03 17:40:15.495 11177 12089 I art     : Explicit concurrent mark sweep GC freed 1378(80KB) AllocSpace objects, 1(20KB) LOS objects, 23% free, 51MB/67MB, paused 1.667ms total 64.385ms
08-03 17:40:15.512 11177 12089 I art     : Starting a blocking GC Explicit
08-03 17:40:15.565 11177 12089 I art     : Explicit concurrent mark sweep GC freed 52(1536B) AllocSpace objects, 0(0B) LOS objects, 23% free, 51MB/67MB, paused 1.652ms total 52.478ms
08-03 17:40:15.582 11177 12089 I art     : Starting a blocking GC Explicit
08-03 17:40:15.632 11177 12089 I art     : Explicit concurrent mark sweep GC freed 3(96B) AllocSpace objects, 0(0B) LOS objects, 23% free, 51MB/67MB, paused 1.805ms total 49.639ms
08-03 17:40:15.648 11177 12089 I art     : Starting a blocking GC Explicit
08-03 17:40:15.699 11177 12089 I art     : Explicit concurrent mark sweep GC freed 3(96B) AllocSpace objects, 0(0B) LOS objects, 23% free, 51MB/67MB, paused 1.644ms total 49.897ms
08-03 17:40:15.712 11177 12089 I art     : Starting a blocking GC Explicit
08-03 17:40:15.762 11177 12089 I art     : Explicit concurrent mark sweep GC freed 3(96B) AllocSpace objects, 0(0B) LOS objects, 23% free, 51MB/67MB, paused 1.661ms total 49.171ms
08-03 17:40:16.166 11177 12570 I art     : Starting a blocking GC Explicit
08-03 17:40:16.225 11177 12570 I art     : Explicit concurrent mark sweep GC freed 1379(82KB) AllocSpace objects, 1(20KB) LOS objects, 23% free, 51MB/67MB, paused 1.645ms total 58.356ms
08-03 17:40:16.241 11177 12570 I art     : Starting a blocking GC Explicit
08-03 17:40:16.291 11177 12570 I art     : Explicit concurrent mark sweep GC freed 23(752B) AllocSpace objects, 0(0B) LOS objects, 23% free, 51MB/67MB, paused 1.666ms total 49.164ms
08-03 17:40:16.304 11177 12570 I art     : Starting a blocking GC Explicit
08-03 17:40:16.349 11177 12570 I art     : Explicit concurrent mark sweep GC freed 3(96B) AllocSpace objects, 0(0B) LOS objects, 23% free, 51MB/67MB, paused 1.538ms total 44.535ms
08-03 17:40:16.363 11177 12570 I art     : Starting a blocking GC Explicit
08-03 17:40:16.406 11177 12570 I art     : Explicit concurrent mark sweep GC freed 3(96B) AllocSpace objects, 0(0B) LOS objects, 23% free, 51MB/67MB, paused 1.599ms total 43.165ms
08-03 17:40:16.419 11177 12570 I art     : Starting a blocking GC Explicit
08-03 17:40:16.462 11177 12570 I art     : Explicit concurrent mark sweep GC freed 3(96B) AllocSpace objects, 0(0B) LOS objects, 23% free, 51MB/67MB, paused 1.665ms total 42.943ms
08-03 17:40:16.837 11177 11190 I art     : Starting a blocking GC Explicit
08-03 17:40:16.872 14706 14706 D AndroidRuntime: >>>>>> START com.android.internal.os.RuntimeInit uid 2000 <<<<<<
08-03 17:40:16.878 14706 14706 D AndroidRuntime: CheckJNI is OFF
08-03 17:40:16.889 11177 11190 I art     : Explicit concurrent mark sweep GC freed 1408(82KB) AllocSpace objects, 1(20KB) LOS objects, 23% free, 51MB/67MB, paused 1.920ms total 51.669ms
08-03 17:40:16.902 11177 11190 I art     : Starting a blocking GC Explicit
08-03 17:40:16.924 14706 14706 D ICU     : No timezone override file found: /data/misc/zoneinfo/current/icu/icu_tzdata.dat
08-03 17:40:16.947 11177 11190 I art     : Explicit concurrent mark sweep GC freed 23(752B) AllocSpace objects, 0(0B) LOS objects, 23% free, 51MB/67MB, paused 1.756ms total 44.150ms
08-03 17:40:16.960 11177 11190 I art     : Starting a blocking GC Explicit
08-03 17:40:16.969 14706 14706 I Radio-JNI: register_android_hardware_Radio DONE
08-03 17:40:16.999 14706 14706 D AndroidRuntime: Calling main entry com.android.commands.input.Input
08-03 17:40:17.000 14706 14706 I Input   : injectKeyEvent: KeyEvent { action=ACTION_DOWN, keyCode=KEYCODE_BACK, scanCode=0, metaState=0, flags=0x0, repeatCount=0, eventTime=639633413, downTime=639633413, deviceId=-1, source=0x101 }
08-03 17:40:17.006 11177 11190 I art     : Explicit concurrent mark sweep GC freed 3(96B) AllocSpace objects, 0(0B) LOS objects, 23% free, 51MB/67MB, paused 1.487ms total 45.658ms
08-03 17:40:17.007 14706 14706 I Input   : injectKeyEvent: KeyEvent { action=ACTION_UP, keyCode=KEYCODE_BACK, scanCode=0, metaState=0, flags=0x0, repeatCount=0, eventTime=639633413, downTime=639633413, deviceId=-1, source=0x101 }
08-03 17:40:17.014 14706 14706 D AndroidRuntime: Shutting down VM
08-03 17:40:17.019 11177 11190 I art     : Starting a blocking GC Explicit
08-03 17:40:17.019 11177 11177 V PlaybackController: initServiceNotRunning()
08-03 17:40:17.020 11177 11177 D ExternalPlayerFragment: Loading media info
08-03 17:40:17.021 11177 12088 D ApOkHttpUrlLoader: buildLoadData() called with: model = [http://sixgun.org/files/linuxoutlaws.jpg], width = [224], height = [224]
08-03 17:40:17.023 11177 11915 D DBReader: getImageAuthentication() called with: imageUrl = [http://sixgun.org/files/linuxoutlaws.jpg]
08-03 17:40:17.027 11177 11915 D ApOkHttpUrlLoader: no credentials for 'http://sixgun.org/files/linuxoutlaws.jpg'
08-03 17:40:17.028 11177 11177 D UserPreferences: Using default data folder
08-03 17:40:17.028 11177 11197 D DBReader: getNavDrawerData() called with: 
08-03 17:40:17.041 11177 11197 D DBReader: getDownloadedItems() called
08-03 17:40:17.042 11177 11197 D DBReader: getFavoriteIDList() called
08-03 17:40:17.043 11177 11197 D DBReader: getQueueIDList() called
08-03 17:40:17.044 11177 11197 D DBReader: Extracting Feedlist
08-03 17:40:17.060 11177 11190 I art     : Explicit concurrent mark sweep GC freed 908(65KB) AllocSpace objects, 0(0B) LOS objects, 23% free, 51MB/67MB, paused 1.738ms total 41.609ms
08-03 17:40:17.063 13866 13866 I GoogleInputMethodServic: GoogleInputMethodService.onFinishInput():3138 
08-03 17:40:17.063 11177 11177 D MainActivity: getLastNavFragment() -> AddFeedFragment
08-03 17:40:17.064 13866 13866 I GoogleInputMethodServic: GoogleInputMethodService.onStartInput():1808 
08-03 17:40:17.073 11177 11190 I art     : Starting a blocking GC Explicit
08-03 17:40:17.116 11177 11190 I art     : Explicit concurrent mark sweep GC freed 863(40KB) AllocSpace objects, 0(0B) LOS objects, 23% free, 51MB/67MB, paused 1.739ms total 41.823ms
08-03 17:40:17.229 11177 11915 D DBWriter: updateFeedDownloadURL(original: http://sixgun.org/files/linuxoutlaws.jpg, updated: https://fab.industries/sixgun/files/linuxoutlaws.jpg)
08-03 17:40:17.379 11177 11915 D MYTAG   : interceptor 2a
08-03 17:40:17.379 11177 11915 I NAPPA_EXPERIMENTATION: MetricNetworkRequestExecutionTime: REQUEST_DURATION_SYSTEM='352',REQUEST_DURATION_OKHTTP='147',REQUEST_SYNCHRONOUS='TRUE',RESPONSE_CODE='404',RESPONSE_METHOD='GET',RESPONSE_LENGTH_OKHTTP='-1',RESPONSE_LENGTH_HEADER='1503',REQUEST_PROTOCOL='h2',REQUEST_URL='https://fab.industries/sixgun/files/linuxoutlaws.jpg',
08-03 17:40:17.385   380   380 W SurfaceFlinger: couldn't log to binary event log: overflow.
08-03 17:40:17.394 11177 11177 W Glide   : Load failed for http://sixgun.org/files/linuxoutlaws.jpg with size [224x224]
08-03 17:40:17.394 11177 11177 W Glide   : class com.bumptech.glide.load.engine.GlideException: Failed to load resource
08-03 17:40:17.394 11177 11177 W Glide   : There was 1 cause:
08-03 17:40:17.394 11177 11177 W Glide   : com.bumptech.glide.load.HttpException()
08-03 17:40:17.394 11177 11177 W Glide   :  call GlideException#logRootCauses(String) for more detail
08-03 17:40:17.394 11177 11177 W Glide   :   Cause (1 of 1): class com.bumptech.glide.load.engine.GlideException: Fetching data failed, class java.io.InputStream, REMOTE
08-03 17:40:17.394 11177 11177 W Glide   : There was 1 cause:
08-03 17:40:17.394 11177 11177 W Glide   : com.bumptech.glide.load.HttpException()
08-03 17:40:17.394 11177 11177 W Glide   :  call GlideException#logRootCauses(String) for more detail
08-03 17:40:17.394 11177 11177 W Glide   :     Cause (1 of 1): class com.bumptech.glide.load.HttpException: 
08-03 17:40:17.395 11177 11177 I Glide   : Root cause (1 of 1)
08-03 17:40:17.395 11177 11177 I Glide   : com.bumptech.glide.load.HttpException: 
08-03 17:40:17.395 11177 11177 I Glide   : 	at com.bumptech.glide.integration.okhttp3.OkHttpStreamFetcher.onResponse(OkHttpStreamFetcher.java:73)
08-03 17:40:17.395 11177 11177 I Glide   : 	at okhttp3.RealCall$AsyncCall.execute(RealCall.java:174)
08-03 17:40:17.395 11177 11177 I Glide   : 	at okhttp3.internal.NamedRunnable.run(NamedRunnable.java:32)
08-03 17:40:17.395 11177 11177 I Glide   : 	at java.util.concurrent.ThreadPoolExecutor.runWorker(ThreadPoolExecutor.java:1113)
08-03 17:40:17.395 11177 11177 I Glide   : 	at java.util.concurrent.ThreadPoolExecutor$Worker.run(ThreadPoolExecutor.java:588)
08-03 17:40:17.395 11177 11177 I Glide   : 	at java.lang.Thread.run(Thread.java:818)
08-03 17:40:17.396 11177 11177 W Glide   : Load failed for http://sixgun.org/files/linuxoutlaws.jpg with size [224x224]
08-03 17:40:17.396 11177 11177 W Glide   : class com.bumptech.glide.load.engine.GlideException: Failed to load resource
08-03 17:40:17.396 11177 11177 W Glide   : There was 1 cause:
08-03 17:40:17.396 11177 11177 W Glide   : com.bumptech.glide.load.HttpException()
08-03 17:40:17.396 11177 11177 W Glide   :  call GlideException#logRootCauses(String) for more detail
08-03 17:40:17.396 11177 11177 W Glide   :   Cause (1 of 1): class com.bumptech.glide.load.engine.GlideException: Fetching data failed, class java.io.InputStream, REMOTE
08-03 17:40:17.396 11177 11177 W Glide   : There was 1 cause:
08-03 17:40:17.396 11177 11177 W Glide   : com.bumptech.glide.load.HttpException()
08-03 17:40:17.396 11177 11177 W Glide   :  call GlideException#logRootCauses(String) for more detail
08-03 17:40:17.396 11177 11177 W Glide   :     Cause (1 of 1): class com.bumptech.glide.load.HttpException: 
08-03 17:40:17.396 11177 11177 I Glide   : Root cause (1 of 1)
08-03 17:40:17.396 11177 11177 I Glide   : com.bumptech.glide.load.HttpException: 
08-03 17:40:17.396 11177 11177 I Glide   : 	at com.bumptech.glide.integration.okhttp3.OkHttpStreamFetcher.onResponse(OkHttpStreamFetcher.java:73)
08-03 17:40:17.396 11177 11177 I Glide   : 	at okhttp3.RealCall$AsyncCall.execute(RealCall.java:174)
08-03 17:40:17.396 11177 11177 I Glide   : 	at okhttp3.internal.NamedRunnable.run(NamedRunnable.java:32)
08-03 17:40:17.396 11177 11177 I Glide   : 	at java.util.concurrent.ThreadPoolExecutor.runWorker(ThreadPoolExecutor.java:1113)
08-03 17:40:17.396 11177 11177 I Glide   : 	at java.util.concurrent.ThreadPoolExecutor$Worker.run(ThreadPoolExecutor.java:588)
08-03 17:40:17.396 11177 11177 I Glide   : 	at java.lang.Thread.run(Thread.java:818)
08-03 17:40:17.452 11177 11189 I art     : Starting a blocking GC Explicit
08-03 17:40:17.498 11177 11189 I art     : Explicit concurrent mark sweep GC freed 2938(206KB) AllocSpace objects, 1(20KB) LOS objects, 23% free, 51MB/67MB, paused 1.622ms total 46.001ms
08-03 17:40:17.512 11177 11189 I art     : Starting a blocking GC Explicit
08-03 17:40:17.557 11177 11189 I art     : Explicit concurrent mark sweep GC freed 2931(238KB) AllocSpace objects, 1(28KB) LOS objects, 23% free, 50MB/66MB, paused 1.853ms total 44.580ms
08-03 17:40:17.570 11177 11189 I art     : Starting a blocking GC Explicit
08-03 17:40:17.614 11177 11189 I art     : Explicit concurrent mark sweep GC freed 3(96B) AllocSpace objects, 0(0B) LOS objects, 23% free, 50MB/66MB, paused 1.603ms total 44.328ms
08-03 17:40:17.628 11177 11189 I art     : Starting a blocking GC Explicit
08-03 17:40:17.673 11177 11189 I art     : Explicit concurrent mark sweep GC freed 3(96B) AllocSpace objects, 0(0B) LOS objects, 23% free, 50MB/66MB, paused 1.600ms total 44.703ms
08-03 17:40:17.686 11177 11189 I art     : Starting a blocking GC Explicit
08-03 17:40:17.731 11177 11189 I art     : Explicit concurrent mark sweep GC freed 3(96B) AllocSpace objects, 0(0B) LOS objects, 23% free, 50MB/66MB, paused 1.604ms total 44.750ms
08-03 17:40:18.105 11177 12089 I art     : Starting a blocking GC Explicit
08-03 17:40:18.164 11177 12089 I art     : Explicit concurrent mark sweep GC freed 1380(81KB) AllocSpace objects, 1(20KB) LOS objects, 23% free, 50MB/66MB, paused 1.659ms total 58.309ms
08-03 17:40:18.177 11177 12089 I art     : Starting a blocking GC Explicit
08-03 17:40:18.222 11177 12089 I art     : Explicit concurrent mark sweep GC freed 23(752B) AllocSpace objects, 0(0B) LOS objects, 23% free, 50MB/66MB, paused 1.618ms total 44.511ms
08-03 17:40:18.235 11177 12089 I art     : Starting a blocking GC Explicit
08-03 17:40:18.278 11177 12089 I art     : Explicit concurrent mark sweep GC freed 3(96B) AllocSpace objects, 0(0B) LOS objects, 23% free, 50MB/66MB, paused 1.662ms total 41.815ms
08-03 17:40:18.291 11177 12089 I art     : Starting a blocking GC Explicit
08-03 17:40:18.332 11177 12089 I art     : Explicit concurrent mark sweep GC freed 3(96B) AllocSpace objects, 0(0B) LOS objects, 23% free, 50MB/66MB, paused 1.637ms total 40.955ms
08-03 17:40:18.345 11177 12089 I art     : Starting a blocking GC Explicit
08-03 17:40:18.387 11177 12089 I art     : Explicit concurrent mark sweep GC freed 3(96B) AllocSpace objects, 0(0B) LOS objects, 23% free, 50MB/66MB, paused 1.622ms total 42.116ms
08-03 17:40:18.733 11177 11286 I art     : Starting a blocking GC Explicit
08-03 17:40:18.777 14750 14750 D AndroidRuntime: >>>>>> START com.android.internal.os.RuntimeInit uid 2000 <<<<<<
08-03 17:40:18.778 11177 11286 I art     : Explicit concurrent mark sweep GC freed 1439(83KB) AllocSpace objects, 1(20KB) LOS objects, 23% free, 50MB/66MB, paused 1.783ms total 43.910ms
08-03 17:40:18.783 14750 14750 D AndroidRuntime: CheckJNI is OFF
08-03 17:40:18.791 11177 11286 I art     : Starting a blocking GC Explicit
08-03 17:40:18.826 14750 14750 D ICU     : No timezone override file found: /data/misc/zoneinfo/current/icu/icu_tzdata.dat
08-03 17:40:18.832 11177 11286 I art     : Explicit concurrent mark sweep GC freed 35(1136B) AllocSpace objects, 0(0B) LOS objects, 23% free, 50MB/66MB, paused 1.538ms total 40.972ms
08-03 17:40:18.845 11177 11286 I art     : Starting a blocking GC Explicit
08-03 17:40:18.870 14750 14750 I Radio-JNI: register_android_hardware_Radio DONE
08-03 17:40:18.884 11177 11286 I art     : Explicit concurrent mark sweep GC freed 15(480B) AllocSpace objects, 0(0B) LOS objects, 23% free, 50MB/66MB, paused 1.553ms total 38.910ms
08-03 17:40:18.896 11177 11286 I art     : Starting a blocking GC Explicit
08-03 17:40:18.899 14750 14750 D AndroidRuntime: Calling main entry com.android.commands.input.Input
08-03 17:40:18.901 14750 14750 I Input   : injectKeyEvent: KeyEvent { action=ACTION_DOWN, keyCode=KEYCODE_BACK, scanCode=0, metaState=0, flags=0x0, repeatCount=0, eventTime=639635314, downTime=639635314, deviceId=-1, source=0x101 }
08-03 17:40:18.907 14750 14750 I Input   : injectKeyEvent: KeyEvent { action=ACTION_UP, keyCode=KEYCODE_BACK, scanCode=0, metaState=0, flags=0x0, repeatCount=0, eventTime=639635314, downTime=639635314, deviceId=-1, source=0x101 }
08-03 17:40:18.929 14750 14750 D AndroidRuntime: Shutting down VM
08-03 17:40:18.933 11056 11056 I ServiceManager: Waiting for service AtCmdFwd...
08-03 17:40:18.938 11177 11286 I art     : Explicit concurrent mark sweep GC freed 1788(74KB) AllocSpace objects, 0(0B) LOS objects, 23% free, 50MB/66MB, paused 2.149ms total 41.708ms
08-03 17:40:18.951 11177 11286 I art     : Starting a blocking GC Explicit
08-03 17:40:18.991 11177 11286 I art     : Explicit concurrent mark sweep GC freed 368(14KB) AllocSpace objects, 0(0B) LOS objects, 23% free, 50MB/66MB, paused 1.513ms total 40.234ms
08-03 17:40:19.340 11177 12570 I art     : Starting a blocking GC Explicit
08-03 17:40:19.397 11177 12570 I art     : Explicit concurrent mark sweep GC freed 6723(476KB) AllocSpace objects, 10(1640KB) LOS objects, 24% free, 48MB/64MB, paused 1.735ms total 56.728ms
08-03 17:40:19.412 11177 12570 I art     : Starting a blocking GC Explicit
08-03 17:40:19.455 11177 12570 I art     : Explicit concurrent mark sweep GC freed 23(752B) AllocSpace objects, 0(0B) LOS objects, 24% free, 48MB/64MB, paused 1.622ms total 42.320ms
08-03 17:40:19.468 11177 12570 I art     : Starting a blocking GC Explicit
08-03 17:40:19.511 11177 12570 I art     : Explicit concurrent mark sweep GC freed 3(96B) AllocSpace objects, 0(0B) LOS objects, 24% free, 48MB/64MB, paused 1.616ms total 42.913ms
08-03 17:40:19.524 11177 12570 I art     : Starting a blocking GC Explicit
08-03 17:40:19.566 11177 12570 I art     : Explicit concurrent mark sweep GC freed 32(880B) AllocSpace objects, 0(0B) LOS objects, 24% free, 48MB/64MB, paused 1.671ms total 42.142ms
08-03 17:40:19.579 11177 12570 I art     : Starting a blocking GC Explicit
08-03 17:40:19.623 11177 12570 I art     : Explicit concurrent mark sweep GC freed 3(96B) AllocSpace objects, 0(0B) LOS objects, 24% free, 48MB/64MB, paused 1.589ms total 42.861ms
08-03 17:40:19.934 11056 11056 I ServiceManager: Waiting for service AtCmdFwd...
08-03 17:40:19.983 11177 12089 I art     : Starting a blocking GC Explicit
08-03 17:40:20.037 11177 12089 I art     : Explicit concurrent mark sweep GC freed 1378(81KB) AllocSpace objects, 1(20KB) LOS objects, 24% free, 48MB/64MB, paused 1.702ms total 53.184ms
08-03 17:40:20.051 11177 12089 I art     : Starting a blocking GC Explicit
08-03 17:40:20.094 11177 12089 I art     : Explicit concurrent mark sweep GC freed 23(752B) AllocSpace objects, 0(0B) LOS objects, 24% free, 48MB/64MB, paused 1.591ms total 42.687ms
08-03 17:40:20.107 11177 12089 I art     : Starting a blocking GC Explicit
08-03 17:40:20.150 11177 12089 I art     : Explicit concurrent mark sweep GC freed 3(96B) AllocSpace objects, 0(0B) LOS objects, 24% free, 48MB/64MB, paused 1.644ms total 42.563ms
08-03 17:40:20.163 11177 12089 I art     : Starting a blocking GC Explicit
08-03 17:40:20.203 11177 12089 I art     : Explicit concurrent mark sweep GC freed 3(96B) AllocSpace objects, 0(0B) LOS objects, 24% free, 48MB/64MB, paused 1.501ms total 39.683ms
08-03 17:40:20.216 11177 12089 I art     : Starting a blocking GC Explicit
08-03 17:40:20.256 11177 12089 I art     : Explicit concurrent mark sweep GC freed 3(96B) AllocSpace objects, 0(0B) LOS objects, 24% free, 48MB/64MB, paused 1.656ms total 39.694ms
08-03 17:40:20.612 11177 12089 I art     : Starting a blocking GC Explicit
08-03 17:40:20.652 11177 12089 I art     : Explicit concurrent mark sweep GC freed 1421(84KB) AllocSpace objects, 1(20KB) LOS objects, 24% free, 48MB/64MB, paused 1.720ms total 39.999ms
08-03 17:40:20.665 11177 12089 I art     : Starting a blocking GC Explicit
08-03 17:40:20.708 11177 12089 I art     : Explicit concurrent mark sweep GC freed 30(976B) AllocSpace objects, 0(0B) LOS objects, 24% free, 48MB/64MB, paused 1.660ms total 42.406ms
08-03 17:40:20.721 11177 12089 I art     : Starting a blocking GC Explicit
08-03 17:40:20.761 11177 12089 I art     : Explicit concurrent mark sweep GC freed 10(320B) AllocSpace objects, 0(0B) LOS objects, 24% free, 48MB/64MB, paused 1.543ms total 40.464ms
08-03 17:40:20.771 14798 14798 D AndroidRuntime: >>>>>> START com.android.internal.os.RuntimeInit uid 2000 <<<<<<
08-03 17:40:20.775 11177 12089 I art     : Starting a blocking GC Explicit
08-03 17:40:20.777 14798 14798 D AndroidRuntime: CheckJNI is OFF
08-03 17:40:20.815 11177 12089 I art     : Explicit concurrent mark sweep GC freed 6(192B) AllocSpace objects, 0(0B) LOS objects, 24% free, 48MB/64MB, paused 1.661ms total 40.127ms
08-03 17:40:20.822 14798 14798 D ICU     : No timezone override file found: /data/misc/zoneinfo/current/icu/icu_tzdata.dat
08-03 17:40:20.828 11177 12089 I art     : Starting a blocking GC Explicit
08-03 17:40:20.867 14798 14798 I Radio-JNI: register_android_hardware_Radio DONE
08-03 17:40:20.868 11177 12089 I art     : Explicit concurrent mark sweep GC freed 3(96B) AllocSpace objects, 0(0B) LOS objects, 24% free, 48MB/64MB, paused 1.763ms total 40.281ms
08-03 17:40:20.897 14798 14798 D AndroidRuntime: Calling main entry com.android.commands.am.Am
08-03 17:40:20.910 24512 24512 I Trepn   : Trepn 6.2s: Received intent: com.quicinc.trepn.stop_profiling
08-03 17:40:20.936 11056 11056 I ServiceManager: Waiting for service AtCmdFwd...
08-03 17:40:20.955 24512 24512 I Trepn   : Trepn 6.2s: Trepn has Stopped Profiling.
08-03 17:40:21.158 14798 14798 D AndroidRuntime: Shutting down VM
08-03 17:40:21.162   918  4400 W AppOps  : Finishing op nesting under-run: uid 10078 pkg com.quicinc.trepn code 24 time=0 duration=0 nesting=0
08-03 17:40:21.227 11177 11189 I art     : Starting a blocking GC Explicit
08-03 17:40:21.265 11177 11189 I art     : Explicit concurrent mark sweep GC freed 1377(80KB) AllocSpace objects, 1(20KB) LOS objects, 24% free, 48MB/64MB, paused 1.595ms total 38.117ms
08-03 17:40:21.278 11177 11189 I art     : Starting a blocking GC Explicit
08-03 17:40:21.323 11177 11189 I art     : Explicit concurrent mark sweep GC freed 23(752B) AllocSpace objects, 0(0B) LOS objects, 24% free, 48MB/64MB, paused 1.636ms total 44.892ms
08-03 17:40:21.337 11177 11189 I art     : Starting a blocking GC Explicit
08-03 17:40:21.382 11177 11189 I art     : Explicit concurrent mark sweep GC freed 3(96B) AllocSpace objects, 0(0B) LOS objects, 24% free, 48MB/64MB, paused 1.771ms total 44.627ms
08-03 17:40:21.395 11177 11189 I art     : Starting a blocking GC Explicit
08-03 17:40:21.437 11177 11189 I art     : Explicit concurrent mark sweep GC freed 3(96B) AllocSpace objects, 0(0B) LOS objects, 24% free, 48MB/64MB, paused 1.496ms total 41.748ms
08-03 17:40:21.449 11177 11189 I art     : Starting a blocking GC Explicit
08-03 17:40:21.490 11177 11189 I art     : Explicit concurrent mark sweep GC freed 3(96B) AllocSpace objects, 0(0B) LOS objects, 24% free, 48MB/64MB, paused 1.482ms total 40.008ms
08-03 17:40:21.937 11056 11056 I ServiceManager: Waiting for service AtCmdFwd...
08-03 17:40:22.938 11056 11056 I ServiceManager: Waiting for service AtCmdFwd...
08-03 17:40:23.939 11056 11056 W Atfwd_Sendcmd: AtCmdFwd service not published, waiting... retryCnt : 3
