08-06 03:28:15.296 30779 30790 I art     : Explicit concurrent mark sweep GC freed 30(1104B) AllocSpace objects, 0(0B) LOS objects, 31% free, 35MB/51MB, paused 957us total 28.891ms
08-06 03:28:15.307 30779 30790 I art     : Starting a blocking GC Explicit
08-06 03:28:15.337 30779 30790 I art     : Explicit concurrent mark sweep GC freed 3(96B) AllocSpace objects, 0(0B) LOS objects, 31% free, 35MB/51MB, paused 961us total 30.052ms
08-06 03:28:15.347 30779 30790 I art     : Starting a blocking GC Explicit
08-06 03:28:15.376 30779 30790 I art     : Explicit concurrent mark sweep GC freed 3(96B) AllocSpace objects, 0(0B) LOS objects, 31% free, 35MB/51MB, paused 969us total 28.711ms
08-06 03:28:15.386 30779 30790 I art     : Starting a blocking GC Explicit
08-06 03:28:15.416 30779 30790 I art     : Explicit concurrent mark sweep GC freed 3(96B) AllocSpace objects, 0(0B) LOS objects, 31% free, 35MB/51MB, paused 1.090ms total 29.246ms
08-06 03:28:15.739 30779 31044 I art     : Starting a blocking GC Explicit
08-06 03:28:15.770 30779 31044 I art     : Explicit concurrent mark sweep GC freed 1639(94KB) AllocSpace objects, 1(20KB) LOS objects, 31% free, 35MB/51MB, paused 949us total 30.682ms
08-06 03:28:15.779 30779 31044 I art     : Starting a blocking GC Explicit
08-06 03:28:15.808 30779 31044 I art     : Explicit concurrent mark sweep GC freed 30(1104B) AllocSpace objects, 0(0B) LOS objects, 31% free, 35MB/51MB, paused 958us total 28.682ms
08-06 03:28:15.818 30779 31044 I art     : Starting a blocking GC Explicit
08-06 03:28:15.848 30779 31044 I art     : Explicit concurrent mark sweep GC freed 3(96B) AllocSpace objects, 0(0B) LOS objects, 31% free, 35MB/51MB, paused 1.113ms total 29.171ms
08-06 03:28:15.858 30779 31044 I art     : Starting a blocking GC Explicit
08-06 03:28:15.881   518   646 I ThermalEngine: ACTION: GPU - Setting GPU[0] to 450000000
08-06 03:28:15.891 30779 31044 I art     : Explicit concurrent mark sweep GC freed 3(96B) AllocSpace objects, 0(0B) LOS objects, 31% free, 35MB/51MB, paused 1.246ms total 32.558ms
08-06 03:28:15.904 30779 31044 I art     : Starting a blocking GC Explicit
08-06 03:28:15.940 30779 31044 I art     : Explicit concurrent mark sweep GC freed 3(96B) AllocSpace objects, 0(0B) LOS objects, 31% free, 35MB/51MB, paused 1.253ms total 36.270ms
08-06 03:28:16.137 30774 30774 I ServiceManager: Waiting for service AtCmdFwd...
08-06 03:28:16.198 30779 31382 D CustomInterceptor: NETWORK-PROVIDER https://www.newsblur.com/reader/mark_story_hashes_as_read/
08-06 03:28:16.199 30779 31382 D CustomInterceptor: HEADER REQUEST
08-06 03:28:16.199 30779 31382 D CustomInterceptor: Cache-Control max-age=300, max-stale=300
08-06 03:28:16.199 30779 31382 D CustomInterceptor: Cookie newsblur_sessionid=qlbd3ilzka7q9q07v2htr96j75kh6za7; Domain=.newsblur.com; expires=Fri, 05 Aug 2022 20:39:35 GMT; Max-Age=63072000; Path=/
08-06 03:28:16.199 30779 31382 D CustomInterceptor: CACHED STATS: size = '8', maxSize = '100', hitCount = '8', createCount = '0', putCount = '8', evictionCount = '0', missCount = '20', toString = 'LruCache[maxSize=100,hits=8,misses=20,hitRate=28%]', 
08-06 03:28:16.199 30779 31382 D CustomInterceptor: PREFLIB NOT A GET REQUEST OR NOT IN CACHEPOST
08-06 03:28:16.292 30779 30790 I art     : Starting a blocking GC Explicit
08-06 03:28:16.329 30779 30790 I art     : Explicit concurrent mark sweep GC freed 1873(112KB) AllocSpace objects, 1(20KB) LOS objects, 31% free, 35MB/51MB, paused 1.368ms total 37.180ms
08-06 03:28:16.342 30779 30790 I art     : Starting a blocking GC Explicit
08-06 03:28:16.379 30779 30790 I art     : Explicit concurrent mark sweep GC freed 44(1696B) AllocSpace objects, 0(0B) LOS objects, 31% free, 35MB/51MB, paused 1.342ms total 35.950ms
08-06 03:28:16.392 30779 30790 I art     : Starting a blocking GC Explicit
08-06 03:28:16.428 30779 30790 I art     : Explicit concurrent mark sweep GC freed 3(96B) AllocSpace objects, 0(0B) LOS objects, 31% free, 35MB/51MB, paused 1.448ms total 35.991ms
08-06 03:28:16.441 30779 30790 I art     : Starting a blocking GC Explicit
08-06 03:28:16.477 30779 30790 I art     : Explicit concurrent mark sweep GC freed 3(96B) AllocSpace objects, 0(0B) LOS objects, 31% free, 35MB/51MB, paused 1.447ms total 36.075ms
08-06 03:28:16.491 30779 30790 I art     : Starting a blocking GC Explicit
08-06 03:28:16.528 30779 30790 I art     : Explicit concurrent mark sweep GC freed 3(96B) AllocSpace objects, 0(0B) LOS objects, 31% free, 35MB/51MB, paused 1.448ms total 37.033ms
08-06 03:28:16.705 30779 31382 D CustomInterceptor: Interceptor exiting with exception java.io.IOException: unexpected end of stream on https://www.newsblur.com/...
08-06 03:28:16.706 30779 31382 W System.err: java.io.IOException: unexpected end of stream on https://www.newsblur.com/...
08-06 03:28:16.706 30779 31382 W System.err: 	at okhttp3.internal.http1.Http1ExchangeCodec.readResponseHeaders(Http1ExchangeCodec.java:236)
08-06 03:28:16.706 30779 31382 W System.err: 	at okhttp3.internal.connection.Exchange.readResponseHeaders(Exchange.java:115)
08-06 03:28:16.706 30779 31382 W System.err: 	at okhttp3.internal.http.CallServerInterceptor.intercept(CallServerInterceptor.java:94)
08-06 03:28:16.706 30779 31382 W System.err: 	at okhttp3.internal.http.RealInterceptorChain.proceed(RealInterceptorChain.java:142)
08-06 03:28:16.706 30779 31382 W System.err: 	at okhttp3.internal.connection.ConnectInterceptor.intercept(ConnectInterceptor.java:43)
08-06 03:28:16.706 30779 31382 W System.err: 	at okhttp3.internal.http.RealInterceptorChain.proceed(RealInterceptorChain.java:142)
08-06 03:28:16.706 30779 31382 W System.err: 	at okhttp3.internal.http.RealInterceptorChain.proceed(RealInterceptorChain.java:117)
08-06 03:28:16.706 30779 31382 W System.err: 	at okhttp3.internal.cache.CacheInterceptor.intercept(CacheInterceptor.java:94)
08-06 03:28:16.706 30779 31382 W System.err: 	at okhttp3.internal.http.RealInterceptorChain.proceed(RealInterceptorChain.java:142)
08-06 03:28:16.707 30779 31382 W System.err: 	at okhttp3.internal.http.RealInterceptorChain.proceed(RealInterceptorChain.java:117)
08-06 03:28:16.707 30779 31382 W System.err: 	at okhttp3.internal.http.BridgeInterceptor.intercept(BridgeInterceptor.java:93)
08-06 03:28:16.707 30779 31382 W System.err: 	at okhttp3.internal.http.RealInterceptorChain.proceed(RealInterceptorChain.java:142)
08-06 03:28:16.707 30779 31382 W System.err: 	at okhttp3.internal.http.RetryAndFollowUpInterceptor.intercept(RetryAndFollowUpInterceptor.java:88)
08-06 03:28:16.707 30779 31382 W System.err: 	at okhttp3.internal.http.RealInterceptorChain.proceed(RealInterceptorChain.java:142)
08-06 03:28:16.707 30779 31382 W System.err: 	at okhttp3.internal.http.RealInterceptorChain.proceed(RealInterceptorChain.java:117)
08-06 03:28:16.707 30779 31382 W System.err: 	at nl.vu.cs.s2group.nappa.Nappa$CustomInterceptor.intercept(Nappa.java:875)
08-06 03:28:16.707 30779 31382 W System.err: 	at okhttp3.internal.http.RealInterceptorChain.proceed(RealInterceptorChain.java:142)
08-06 03:28:16.707 30779 31382 W System.err: 	at okhttp3.internal.http.RealInterceptorChain.proceed(RealInterceptorChain.java:117)
08-06 03:28:16.707 30779 31382 W System.err: 	at okhttp3.RealCall.getResponseWithInterceptorChain(RealCall.java:229)
08-06 03:28:16.707 30779 31382 W System.err: 	at okhttp3.RealCall.execute(RealCall.java:81)
08-06 03:28:16.707 30779 31382 W System.err: 	at nappagreedy.com.newsblur.network.APIResponse.<init>(APIResponse.java:57)
08-06 03:28:16.708 30779 31382 W System.err: 	at nappagreedy.com.newsblur.network.APIResponse.<init>(APIResponse.java:43)
08-06 03:28:16.708 30779 31382 W System.err: 	at nappagreedy.com.newsblur.network.APIManager.post_single(APIManager.java:703)
08-06 03:28:16.708 30779 31382 W System.err: 	at nappagreedy.com.newsblur.network.APIManager.post(APIManager.java:676)
08-06 03:28:16.708 30779 31382 W System.err: 	at nappagreedy.com.newsblur.network.APIManager.post(APIManager.java:715)
08-06 03:28:16.708 30779 31382 W System.err: 	at nappagreedy.com.newsblur.network.APIManager.markStoryAsRead(APIManager.java:206)
08-06 03:28:16.708 30779 31382 W System.err: 	at nappagreedy.com.newsblur.util.ReadingAction.doRemote(ReadingAction.java:281)
08-06 03:28:16.708 30779 31382 W System.err: 	at nappagreedy.com.newsblur.service.NBSyncService.syncActions(NBSyncService.java:400)
08-06 03:28:16.708 30779 31382 W System.err: 	at nappagreedy.com.newsblur.service.NBSyncService.doSync(NBSyncService.java:298)
08-06 03:28:16.708 30779 31382 W System.err: 	at nappagreedy.com.newsblur.service.NBSyncService.access$100(NBSyncService.java:67)
08-06 03:28:16.708 30779 31382 W System.err: 	at nappagreedy.com.newsblur.service.NBSyncService$1.run(NBSyncService.java:188)
08-06 03:28:16.708 30779 31382 W System.err: 	at java.util.concurrent.ThreadPoolExecutor.runWorker(ThreadPoolExecutor.java:1113)
08-06 03:28:16.708 30779 31382 W System.err: 	at java.util.concurrent.ThreadPoolExecutor$Worker.run(ThreadPoolExecutor.java:588)
08-06 03:28:16.708 30779 31382 W System.err: 	at java.lang.Thread.run(Thread.java:818)
08-06 03:28:16.708 30779 31382 W System.err: Caused by: java.io.EOFException: \n not found: limit=0 content=
08-06 03:28:16.709 30779 31382 W System.err: 	at okio.RealBufferedSource.readUtf8LineStrict(RealBufferedSource.java:240)
08-06 03:28:16.709 30779 31382 W System.err: 	at okhttp3.internal.http1.Http1ExchangeCodec.readHeaderLine(Http1ExchangeCodec.java:242)
08-06 03:28:16.709 30779 31382 W System.err: 	at okhttp3.internal.http1.Http1ExchangeCodec.readResponseHeaders(Http1ExchangeCodec.java:213)
08-06 03:28:16.709 30779 31382 W System.err: 	... 33 more
08-06 03:28:16.709 30779 31382 D CustomInterceptor: interceptor_finished : return_type #4 : interceptor failed, resuming the request chain with the original request
08-06 03:28:16.871 30779 31044 I art     : Starting a blocking GC Explicit
08-06 03:28:16.910 30779 31044 I art     : Explicit concurrent mark sweep GC freed 4067(234KB) AllocSpace objects, 1(20KB) LOS objects, 31% free, 35MB/51MB, paused 1.329ms total 38.481ms
08-06 03:28:16.922 30779 31044 I art     : Starting a blocking GC Explicit
08-06 03:28:16.960 30779 31044 I art     : Explicit concurrent mark sweep GC freed 109(3KB) AllocSpace objects, 0(0B) LOS objects, 31% free, 35MB/51MB, paused 1.323ms total 37.493ms
08-06 03:28:16.973 30779 31044 I art     : Starting a blocking GC Explicit
08-06 03:28:17.011 30779 31044 I art     : Explicit concurrent mark sweep GC freed 3(96B) AllocSpace objects, 0(0B) LOS objects, 31% free, 35MB/51MB, paused 1.307ms total 37.318ms
08-06 03:28:17.024 30779 31044 I art     : Starting a blocking GC Explicit
08-06 03:28:17.062 30779 31044 I art     : Explicit concurrent mark sweep GC freed 317(14KB) AllocSpace objects, 0(0B) LOS objects, 31% free, 35MB/51MB, paused 1.432ms total 37.692ms
08-06 03:28:17.076 30779 31044 I art     : Starting a blocking GC Explicit
08-06 03:28:17.112 30779 31044 I art     : Explicit concurrent mark sweep GC freed 1383(51KB) AllocSpace objects, 0(0B) LOS objects, 31% free, 35MB/51MB, paused 1.333ms total 36.215ms
08-06 03:28:17.120 30779 31382 E nappagreedy.com.newsblur.network.APIResponse: Error (unexpected end of stream on https://www.newsblur.com/...) calling https://www.newsblur.com/reader/mark_story_hashes_as_read/
08-06 03:28:17.120 30779 31382 E nappagreedy.com.newsblur.network.APIResponse: java.io.IOException: unexpected end of stream on https://www.newsblur.com/...
08-06 03:28:17.120 30779 31382 E nappagreedy.com.newsblur.network.APIResponse: 	at okhttp3.internal.http1.Http1ExchangeCodec.readResponseHeaders(Http1ExchangeCodec.java:236)
08-06 03:28:17.120 30779 31382 E nappagreedy.com.newsblur.network.APIResponse: 	at okhttp3.internal.connection.Exchange.readResponseHeaders(Exchange.java:115)
08-06 03:28:17.120 30779 31382 E nappagreedy.com.newsblur.network.APIResponse: 	at okhttp3.internal.http.CallServerInterceptor.intercept(CallServerInterceptor.java:94)
08-06 03:28:17.120 30779 31382 E nappagreedy.com.newsblur.network.APIResponse: 	at okhttp3.internal.http.RealInterceptorChain.proceed(RealInterceptorChain.java:142)
08-06 03:28:17.120 30779 31382 E nappagreedy.com.newsblur.network.APIResponse: 	at okhttp3.internal.connection.ConnectInterceptor.intercept(ConnectInterceptor.java:43)
08-06 03:28:17.120 30779 31382 E nappagreedy.com.newsblur.network.APIResponse: 	at okhttp3.internal.http.RealInterceptorChain.proceed(RealInterceptorChain.java:142)
08-06 03:28:17.120 30779 31382 E nappagreedy.com.newsblur.network.APIResponse: 	at okhttp3.internal.http.RealInterceptorChain.proceed(RealInterceptorChain.java:117)
08-06 03:28:17.120 30779 31382 E nappagreedy.com.newsblur.network.APIResponse: 	at okhttp3.internal.cache.CacheInterceptor.intercept(CacheInterceptor.java:94)
08-06 03:28:17.120 30779 31382 E nappagreedy.com.newsblur.network.APIResponse: 	at okhttp3.internal.http.RealInterceptorChain.proceed(RealInterceptorChain.java:142)
08-06 03:28:17.120 30779 31382 E nappagreedy.com.newsblur.network.APIResponse: 	at okhttp3.internal.http.RealInterceptorChain.proceed(RealInterceptorChain.java:117)
08-06 03:28:17.120 30779 31382 E nappagreedy.com.newsblur.network.APIResponse: 	at okhttp3.internal.http.BridgeInterceptor.intercept(BridgeInterceptor.java:93)
08-06 03:28:17.120 30779 31382 E nappagreedy.com.newsblur.network.APIResponse: 	at okhttp3.internal.http.RealInterceptorChain.proceed(RealInterceptorChain.java:142)
08-06 03:28:17.120 30779 31382 E nappagreedy.com.newsblur.network.APIResponse: 	at okhttp3.internal.http.RetryAndFollowUpInterceptor.intercept(RetryAndFollowUpInterceptor.java:88)
08-06 03:28:17.120 30779 31382 E nappagreedy.com.newsblur.network.APIResponse: 	at okhttp3.internal.http.RealInterceptorChain.proceed(RealInterceptorChain.java:142)
08-06 03:28:17.120 30779 31382 E nappagreedy.com.newsblur.network.APIResponse: 	at okhttp3.internal.http.RealInterceptorChain.proceed(RealInterceptorChain.java:117)
08-06 03:28:17.120 30779 31382 E nappagreedy.com.newsblur.network.APIResponse: 	at nl.vu.cs.s2group.nappa.Nappa$CustomInterceptor.intercept(Nappa.java:970)
08-06 03:28:17.120 30779 31382 E nappagreedy.com.newsblur.network.APIResponse: 	at okhttp3.internal.http.RealInterceptorChain.proceed(RealInterceptorChain.java:142)
08-06 03:28:17.120 30779 31382 E nappagreedy.com.newsblur.network.APIResponse: 	at okhttp3.internal.http.RealInterceptorChain.proceed(RealInterceptorChain.java:117)
08-06 03:28:17.120 30779 31382 E nappagreedy.com.newsblur.network.APIResponse: 	at okhttp3.RealCall.getResponseWithInterceptorChain(RealCall.java:229)
08-06 03:28:17.120 30779 31382 E nappagreedy.com.newsblur.network.APIResponse: 	at okhttp3.RealCall.execute(RealCall.java:81)
08-06 03:28:17.120 30779 31382 E nappagreedy.com.newsblur.network.APIResponse: 	at nappagreedy.com.newsblur.network.APIResponse.<init>(APIResponse.java:57)
08-06 03:28:17.120 30779 31382 E nappagreedy.com.newsblur.network.APIResponse: 	at nappagreedy.com.newsblur.network.APIResponse.<init>(APIResponse.java:43)
08-06 03:28:17.120 30779 31382 E nappagreedy.com.newsblur.network.APIResponse: 	at nappagreedy.com.newsblur.network.APIManager.post_single(APIManager.java:703)
08-06 03:28:17.120 30779 31382 E nappagreedy.com.newsblur.network.APIResponse: 	at nappagreedy.com.newsblur.network.APIManager.post(APIManager.java:676)
08-06 03:28:17.120 30779 31382 E nappagreedy.com.newsblur.network.APIResponse: 	at nappagreedy.com.newsblur.network.APIManager.post(APIManager.java:715)
08-06 03:28:17.120 30779 31382 E nappagreedy.com.newsblur.network.APIResponse: 	at nappagreedy.com.newsblur.network.APIManager.markStoryAsRead(APIManager.java:206)
08-06 03:28:17.120 30779 31382 E nappagreedy.com.newsblur.network.APIResponse: 	at nappagreedy.com.newsblur.util.ReadingAction.doRemote(ReadingAction.java:281)
08-06 03:28:17.120 30779 31382 E nappagreedy.com.newsblur.network.APIResponse: 	at nappagreedy.com.newsblur.service.NBSyncService.syncActions(NBSyncService.java:400)
08-06 03:28:17.120 30779 31382 E nappagreedy.com.newsblur.network.APIResponse: 	at nappagreedy.com.newsblur.service.NBSyncService.doSync(NBSyncService.java:298)
08-06 03:28:17.120 30779 31382 E nappagreedy.com.newsblur.network.APIResponse: 	at nappagreedy.com.newsblur.service.NBSyncService.access$100(NBSyncService.java:67)
08-06 03:28:17.120 30779 31382 E nappagreedy.com.newsblur.network.APIResponse: 	at nappagreedy.com.newsblur.service.NBSyncService$1.run(NBSyncService.java:188)
08-06 03:28:17.120 30779 31382 E nappagreedy.com.newsblur.network.APIResponse: 	at java.util.concurrent.ThreadPoolExecutor.runWorker(ThreadPoolExecutor.java:1113)
08-06 03:28:17.120 30779 31382 E nappagreedy.com.newsblur.network.APIResponse: 	at java.util.concurrent.ThreadPoolExecutor$Worker.run(ThreadPoolExecutor.java:588)
08-06 03:28:17.120 30779 31382 E nappagreedy.com.newsblur.network.APIResponse: 	at java.lang.Thread.run(Thread.java:818)
08-06 03:28:17.120 30779 31382 E nappagreedy.com.newsblur.network.APIResponse: Caused by: java.io.EOFException: \n not found: limit=0 content=
08-06 03:28:17.120 30779 31382 E nappagreedy.com.newsblur.network.APIResponse: 	at okio.RealBufferedSource.readUtf8LineStrict(RealBufferedSource.java:240)
08-06 03:28:17.120 30779 31382 E nappagreedy.com.newsblur.network.APIResponse: 	at okhttp3.internal.http1.Http1ExchangeCodec.readHeaderLine(Http1ExchangeCodec.java:242)
08-06 03:28:17.120 30779 31382 E nappagreedy.com.newsblur.network.APIResponse: 	at okhttp3.internal.http1.Http1ExchangeCodec.readResponseHeaders(Http1ExchangeCodec.java:213)
08-06 03:28:17.120 30779 31382 E nappagreedy.com.newsblur.network.APIResponse: 	... 33 more
08-06 03:28:17.122 30779 31382 I nappagreedy.com.newsblur.network.APIManager: API call failed, pausing before retry number 2
08-06 03:28:17.137 30774 30774 I ServiceManager: Waiting for service AtCmdFwd...
08-06 03:28:17.468 30779 31044 I art     : Starting a blocking GC Explicit
08-06 03:28:17.506 30779 31044 I art     : Explicit concurrent mark sweep GC freed 2548(311KB) AllocSpace objects, 3(60KB) LOS objects, 31% free, 35MB/51MB, paused 1.235ms total 37.461ms
08-06 03:28:17.518 30779 31044 I art     : Starting a blocking GC Explicit
08-06 03:28:17.556 30779 31044 I art     : Explicit concurrent mark sweep GC freed 74(2800B) AllocSpace objects, 0(0B) LOS objects, 31% free, 35MB/51MB, paused 1.230ms total 37.236ms
08-06 03:28:17.568 30779 31044 I art     : Starting a blocking GC Explicit
08-06 03:28:17.605 30779 31044 I art     : Explicit concurrent mark sweep GC freed 3(96B) AllocSpace objects, 0(0B) LOS objects, 31% free, 35MB/51MB, paused 1.222ms total 36.604ms
08-06 03:28:17.618 30779 31044 I art     : Starting a blocking GC Explicit
08-06 03:28:17.655 30779 31044 I art     : Explicit concurrent mark sweep GC freed 3(96B) AllocSpace objects, 0(0B) LOS objects, 31% free, 35MB/51MB, paused 1.287ms total 37.422ms
08-06 03:28:17.668 30779 31044 I art     : Starting a blocking GC Explicit
08-06 03:28:17.706 30779 31044 I art     : Explicit concurrent mark sweep GC freed 3(96B) AllocSpace objects, 0(0B) LOS objects, 31% free, 35MB/51MB, paused 1.236ms total 38.210ms
08-06 03:28:18.065 30779 30790 I art     : Starting a blocking GC Explicit
08-06 03:28:18.105 30779 30790 I art     : Explicit concurrent mark sweep GC freed 1636(94KB) AllocSpace objects, 1(20KB) LOS objects, 31% free, 35MB/51MB, paused 1.622ms total 39.020ms
08-06 03:28:18.117 30779 30790 I art     : Starting a blocking GC Explicit
08-06 03:28:18.138 30774 30774 I ServiceManager: Waiting for service AtCmdFwd...
08-06 03:28:18.155 30779 30790 I art     : Explicit concurrent mark sweep GC freed 30(1104B) AllocSpace objects, 0(0B) LOS objects, 31% free, 35MB/51MB, paused 1.313ms total 38.025ms
08-06 03:28:18.168 30779 30790 I art     : Starting a blocking GC Explicit
08-06 03:28:18.205 30779 30790 I art     : Explicit concurrent mark sweep GC freed 3(96B) AllocSpace objects, 0(0B) LOS objects, 31% free, 35MB/51MB, paused 1.306ms total 37.229ms
08-06 03:28:18.217 30779 30790 I art     : Starting a blocking GC Explicit
08-06 03:28:18.254 30779 30790 I art     : Explicit concurrent mark sweep GC freed 3(96B) AllocSpace objects, 0(0B) LOS objects, 31% free, 35MB/51MB, paused 1.346ms total 36.839ms
08-06 03:28:18.266 30779 30790 I art     : Starting a blocking GC Explicit
08-06 03:28:18.303 30779 30790 I art     : Explicit concurrent mark sweep GC freed 3(96B) AllocSpace objects, 0(0B) LOS objects, 31% free, 35MB/51MB, paused 1.496ms total 36.390ms
08-06 03:28:18.649 30779 30830 I art     : Starting a blocking GC Explicit
08-06 03:28:18.693 30779 30830 I art     : Explicit concurrent mark sweep GC freed 1636(94KB) AllocSpace objects, 1(20KB) LOS objects, 31% free, 35MB/51MB, paused 1.218ms total 43.517ms
08-06 03:28:18.705 30779 30830 I art     : Starting a blocking GC Explicit
08-06 03:28:18.742 30779 30830 I art     : Explicit concurrent mark sweep GC freed 30(1104B) AllocSpace objects, 0(0B) LOS objects, 31% free, 35MB/51MB, paused 1.211ms total 36.444ms
08-06 03:28:18.754 30779 30830 I art     : Starting a blocking GC Explicit
08-06 03:28:18.791 30779 30830 I art     : Explicit concurrent mark sweep GC freed 3(96B) AllocSpace objects, 0(0B) LOS objects, 31% free, 35MB/51MB, paused 1.217ms total 36.538ms
08-06 03:28:18.803 30779 30830 I art     : Starting a blocking GC Explicit
08-06 03:28:18.841 30779 30830 I art     : Explicit concurrent mark sweep GC freed 3(96B) AllocSpace objects, 0(0B) LOS objects, 31% free, 35MB/51MB, paused 1.296ms total 37.619ms
08-06 03:28:18.854 30779 30830 I art     : Starting a blocking GC Explicit
08-06 03:28:18.892 30779 30830 I art     : Explicit concurrent mark sweep GC freed 3(96B) AllocSpace objects, 0(0B) LOS objects, 31% free, 35MB/51MB, paused 1.218ms total 38.165ms
08-06 03:28:19.138 30774 30774 I ServiceManager: Waiting for service AtCmdFwd...
08-06 03:28:19.244 30779 30830 I art     : Starting a blocking GC Explicit
08-06 03:28:19.287 30779 30830 I art     : Explicit concurrent mark sweep GC freed 1636(94KB) AllocSpace objects, 1(20KB) LOS objects, 31% free, 35MB/51MB, paused 1.525ms total 42.563ms
08-06 03:28:19.300 30779 30830 I art     : Starting a blocking GC Explicit
08-06 03:28:19.338 30779 30830 I art     : Explicit concurrent mark sweep GC freed 30(1104B) AllocSpace objects, 0(0B) LOS objects, 31% free, 35MB/51MB, paused 1.452ms total 37.042ms
08-06 03:28:19.350 30779 30830 I art     : Starting a blocking GC Explicit
08-06 03:28:19.387 30779 30830 I art     : Explicit concurrent mark sweep GC freed 3(96B) AllocSpace objects, 0(0B) LOS objects, 31% free, 35MB/51MB, paused 1.577ms total 36.518ms
08-06 03:28:19.400 30779 30830 I art     : Starting a blocking GC Explicit
08-06 03:28:19.437 30779 30830 I art     : Explicit concurrent mark sweep GC freed 3(96B) AllocSpace objects, 0(0B) LOS objects, 31% free, 35MB/51MB, paused 1.542ms total 37.147ms
08-06 03:28:19.449 30779 30830 I art     : Starting a blocking GC Explicit
08-06 03:28:19.488 30779 30830 I art     : Explicit concurrent mark sweep GC freed 3(96B) AllocSpace objects, 0(0B) LOS objects, 31% free, 35MB/51MB, paused 1.516ms total 38.029ms
08-06 03:28:19.839 30779 31044 I art     : Starting a blocking GC Explicit
08-06 03:28:19.882 30779 31044 I art     : Explicit concurrent mark sweep GC freed 1636(94KB) AllocSpace objects, 1(20KB) LOS objects, 31% free, 35MB/51MB, paused 1.366ms total 42.771ms
08-06 03:28:19.893   518   646 I ThermalEngine: ACTION: GPU - Setting GPU[0] to 390000000
08-06 03:28:19.912 30779 31044 I art     : Starting a blocking GC Explicit
08-06 03:28:19.960 30779 31044 I art     : Explicit concurrent mark sweep GC freed 30(1104B) AllocSpace objects, 0(0B) LOS objects, 31% free, 35MB/51MB, paused 1.977ms total 47.863ms
08-06 03:28:19.979 30779 31044 I art     : Starting a blocking GC Explicit
08-06 03:28:20.026 30779 31044 I art     : Explicit concurrent mark sweep GC freed 3(96B) AllocSpace objects, 0(0B) LOS objects, 31% free, 35MB/51MB, paused 2.086ms total 46.534ms
08-06 03:28:20.045 30779 31044 I art     : Starting a blocking GC Explicit
08-06 03:28:20.092 30779 31044 I art     : Explicit concurrent mark sweep GC freed 3(96B) AllocSpace objects, 0(0B) LOS objects, 31% free, 35MB/51MB, paused 2.265ms total 46.675ms
08-06 03:28:20.110 30779 31044 I art     : Starting a blocking GC Explicit
08-06 03:28:20.124 30779 31382 D CustomInterceptor: NETWORK-PROVIDER https://www.newsblur.com/reader/mark_story_hashes_as_read/
08-06 03:28:20.124 30779 31382 D CustomInterceptor: HEADER REQUEST
08-06 03:28:20.124 30779 31382 D CustomInterceptor: Cache-Control max-age=300, max-stale=300
08-06 03:28:20.124 30779 31382 D CustomInterceptor: Cookie newsblur_sessionid=qlbd3ilzka7q9q07v2htr96j75kh6za7; Domain=.newsblur.com; expires=Fri, 05 Aug 2022 20:39:35 GMT; Max-Age=63072000; Path=/
08-06 03:28:20.125 30779 31382 D CustomInterceptor: CACHED STATS: size = '8', maxSize = '100', hitCount = '8', createCount = '0', putCount = '8', evictionCount = '0', missCount = '21', toString = 'LruCache[maxSize=100,hits=8,misses=21,hitRate=27%]', 
08-06 03:28:20.125 30779 31382 D CustomInterceptor: PREFLIB NOT A GET REQUEST OR NOT IN CACHEPOST
08-06 03:28:20.140 30774 30774 I ServiceManager: Waiting for service AtCmdFwd...
08-06 03:28:20.159 30779 31044 I art     : Explicit concurrent mark sweep GC freed 159(8KB) AllocSpace objects, 0(0B) LOS objects, 31% free, 35MB/51MB, paused 2.828ms total 48.224ms
08-06 03:28:20.538 30779 30790 I art     : Starting a blocking GC Explicit
08-06 03:28:20.589 30779 30790 I art     : Explicit concurrent mark sweep GC freed 1724(99KB) AllocSpace objects, 1(20KB) LOS objects, 31% free, 35MB/51MB, paused 2.663ms total 49.901ms
08-06 03:28:20.608 30779 30790 I art     : Starting a blocking GC Explicit
08-06 03:28:20.657 30779 30790 I art     : Explicit concurrent mark sweep GC freed 1624(63KB) AllocSpace objects, 0(0B) LOS objects, 31% free, 35MB/51MB, paused 2.729ms total 48.840ms
08-06 03:28:20.676 30779 30790 I art     : Starting a blocking GC Explicit
08-06 03:28:20.698 30779 31382 D CustomInterceptor: Interceptor exiting with exception java.io.IOException: unexpected end of stream on https://www.newsblur.com/...
08-06 03:28:20.698 30779 31382 W System.err: java.io.IOException: unexpected end of stream on https://www.newsblur.com/...
08-06 03:28:20.698 30779 31382 W System.err: 	at okhttp3.internal.http1.Http1ExchangeCodec.readResponseHeaders(Http1ExchangeCodec.java:236)
08-06 03:28:20.698 30779 31382 W System.err: 	at okhttp3.internal.connection.Exchange.readResponseHeaders(Exchange.java:115)
08-06 03:28:20.698 30779 31382 W System.err: 	at okhttp3.internal.http.CallServerInterceptor.intercept(CallServerInterceptor.java:94)
08-06 03:28:20.698 30779 31382 W System.err: 	at okhttp3.internal.http.RealInterceptorChain.proceed(RealInterceptorChain.java:142)
08-06 03:28:20.698 30779 31382 W System.err: 	at okhttp3.internal.connection.ConnectInterceptor.intercept(ConnectInterceptor.java:43)
08-06 03:28:20.699 30779 31382 W System.err: 	at okhttp3.internal.http.RealInterceptorChain.proceed(RealInterceptorChain.java:142)
08-06 03:28:20.699 30779 31382 W System.err: 	at okhttp3.internal.http.RealInterceptorChain.proceed(RealInterceptorChain.java:117)
08-06 03:28:20.699 30779 31382 W System.err: 	at okhttp3.internal.cache.CacheInterceptor.intercept(CacheInterceptor.java:94)
08-06 03:28:20.699 30779 31382 W System.err: 	at okhttp3.internal.http.RealInterceptorChain.proceed(RealInterceptorChain.java:142)
08-06 03:28:20.699 30779 31382 W System.err: 	at okhttp3.internal.http.RealInterceptorChain.proceed(RealInterceptorChain.java:117)
08-06 03:28:20.699 30779 31382 W System.err: 	at okhttp3.internal.http.BridgeInterceptor.intercept(BridgeInterceptor.java:93)
08-06 03:28:20.699 30779 31382 W System.err: 	at okhttp3.internal.http.RealInterceptorChain.proceed(RealInterceptorChain.java:142)
08-06 03:28:20.699 30779 31382 W System.err: 	at okhttp3.internal.http.RetryAndFollowUpInterceptor.intercept(RetryAndFollowUpInterceptor.java:88)
08-06 03:28:20.699 30779 31382 W System.err: 	at okhttp3.internal.http.RealInterceptorChain.proceed(RealInterceptorChain.java:142)
08-06 03:28:20.699 30779 31382 W System.err: 	at okhttp3.internal.http.RealInterceptorChain.proceed(RealInterceptorChain.java:117)
08-06 03:28:20.699 30779 31382 W System.err: 	at nl.vu.cs.s2group.nappa.Nappa$CustomInterceptor.intercept(Nappa.java:875)
08-06 03:28:20.699 30779 31382 W System.err: 	at okhttp3.internal.http.RealInterceptorChain.proceed(RealInterceptorChain.java:142)
08-06 03:28:20.699 30779 31382 W System.err: 	at okhttp3.internal.http.RealInterceptorChain.proceed(RealInterceptorChain.java:117)
08-06 03:28:20.699 30779 31382 W System.err: 	at okhttp3.RealCall.getResponseWithInterceptorChain(RealCall.java:229)
08-06 03:28:20.699 30779 31382 W System.err: 	at okhttp3.RealCall.execute(RealCall.java:81)
08-06 03:28:20.699 30779 31382 W System.err: 	at nappagreedy.com.newsblur.network.APIResponse.<init>(APIResponse.java:57)
08-06 03:28:20.699 30779 31382 W System.err: 	at nappagreedy.com.newsblur.network.APIResponse.<init>(APIResponse.java:43)
08-06 03:28:20.699 30779 31382 W System.err: 	at nappagreedy.com.newsblur.network.APIManager.post_single(APIManager.java:703)
08-06 03:28:20.699 30779 31382 W System.err: 	at nappagreedy.com.newsblur.network.APIManager.post(APIManager.java:676)
08-06 03:28:20.700 30779 31382 W System.err: 	at nappagreedy.com.newsblur.network.APIManager.post(APIManager.java:715)
08-06 03:28:20.700 30779 31382 W System.err: 	at nappagreedy.com.newsblur.network.APIManager.markStoryAsRead(APIManager.java:206)
08-06 03:28:20.700 30779 31382 W System.err: 	at nappagreedy.com.newsblur.util.ReadingAction.doRemote(ReadingAction.java:281)
08-06 03:28:20.700 30779 31382 W System.err: 	at nappagreedy.com.newsblur.service.NBSyncService.syncActions(NBSyncService.java:400)
08-06 03:28:20.700 30779 31382 W System.err: 	at nappagreedy.com.newsblur.service.NBSyncService.doSync(NBSyncService.java:298)
08-06 03:28:20.700 30779 31382 W System.err: 	at nappagreedy.com.newsblur.service.NBSyncService.access$100(NBSyncService.java:67)
08-06 03:28:20.700 30779 31382 W System.err: 	at nappagreedy.com.newsblur.service.NBSyncService$1.run(NBSyncService.java:188)
08-06 03:28:20.700 30779 31382 W System.err: 	at java.util.concurrent.ThreadPoolExecutor.runWorker(ThreadPoolExecutor.java:1113)
08-06 03:28:20.700 30779 31382 W System.err: 	at java.util.concurrent.ThreadPoolExecutor$Worker.run(ThreadPoolExecutor.java:588)
08-06 03:28:20.700 30779 31382 W System.err: 	at java.lang.Thread.run(Thread.java:818)
08-06 03:28:20.700 30779 31382 W System.err: Caused by: java.io.EOFException: \n not found: limit=0 content=
08-06 03:28:20.701 30779 31382 W System.err: 	at okio.RealBufferedSource.readUtf8LineStrict(RealBufferedSource.java:240)
08-06 03:28:20.701 30779 31382 W System.err: 	at okhttp3.internal.http1.Http1ExchangeCodec.readHeaderLine(Http1ExchangeCodec.java:242)
08-06 03:28:20.701 30779 31382 W System.err: 	at okhttp3.internal.http1.Http1ExchangeCodec.readResponseHeaders(Http1ExchangeCodec.java:213)
08-06 03:28:20.701 30779 31382 W System.err: 	... 33 more
08-06 03:28:20.701 30779 31382 D CustomInterceptor: interceptor_finished : return_type #4 : interceptor failed, resuming the request chain with the original request
08-06 03:28:20.725 30779 30790 I art     : Explicit concurrent mark sweep GC freed 809(59KB) AllocSpace objects, 0(0B) LOS objects, 31% free, 35MB/51MB, paused 2.965ms total 48.186ms
08-06 03:28:20.743 30779 30790 I art     : Starting a blocking GC Explicit
08-06 03:28:20.790 30779 30790 I art     : Explicit concurrent mark sweep GC freed 86(16KB) AllocSpace objects, 0(0B) LOS objects, 31% free, 35MB/51MB, paused 3.006ms total 46.864ms
08-06 03:28:20.808 30779 30790 I art     : Starting a blocking GC Explicit
08-06 03:28:20.855 30779 30790 I art     : Explicit concurrent mark sweep GC freed 25(832B) AllocSpace objects, 0(0B) LOS objects, 31% free, 35MB/51MB, paused 2.474ms total 47.148ms
08-06 03:28:21.111 30779 31382 E nappagreedy.com.newsblur.network.APIResponse: Error (unexpected end of stream on https://www.newsblur.com/...) calling https://www.newsblur.com/reader/mark_story_hashes_as_read/
08-06 03:28:21.111 30779 31382 E nappagreedy.com.newsblur.network.APIResponse: java.io.IOException: unexpected end of stream on https://www.newsblur.com/...
08-06 03:28:21.111 30779 31382 E nappagreedy.com.newsblur.network.APIResponse: 	at okhttp3.internal.http1.Http1ExchangeCodec.readResponseHeaders(Http1ExchangeCodec.java:236)
08-06 03:28:21.111 30779 31382 E nappagreedy.com.newsblur.network.APIResponse: 	at okhttp3.internal.connection.Exchange.readResponseHeaders(Exchange.java:115)
08-06 03:28:21.111 30779 31382 E nappagreedy.com.newsblur.network.APIResponse: 	at okhttp3.internal.http.CallServerInterceptor.intercept(CallServerInterceptor.java:94)
08-06 03:28:21.111 30779 31382 E nappagreedy.com.newsblur.network.APIResponse: 	at okhttp3.internal.http.RealInterceptorChain.proceed(RealInterceptorChain.java:142)
08-06 03:28:21.111 30779 31382 E nappagreedy.com.newsblur.network.APIResponse: 	at okhttp3.internal.connection.ConnectInterceptor.intercept(ConnectInterceptor.java:43)
08-06 03:28:21.111 30779 31382 E nappagreedy.com.newsblur.network.APIResponse: 	at okhttp3.internal.http.RealInterceptorChain.proceed(RealInterceptorChain.java:142)
08-06 03:28:21.111 30779 31382 E nappagreedy.com.newsblur.network.APIResponse: 	at okhttp3.internal.http.RealInterceptorChain.proceed(RealInterceptorChain.java:117)
08-06 03:28:21.111 30779 31382 E nappagreedy.com.newsblur.network.APIResponse: 	at okhttp3.internal.cache.CacheInterceptor.intercept(CacheInterceptor.java:94)
08-06 03:28:21.111 30779 31382 E nappagreedy.com.newsblur.network.APIResponse: 	at okhttp3.internal.http.RealInterceptorChain.proceed(RealInterceptorChain.java:142)
08-06 03:28:21.111 30779 31382 E nappagreedy.com.newsblur.network.APIResponse: 	at okhttp3.internal.http.RealInterceptorChain.proceed(RealInterceptorChain.java:117)
08-06 03:28:21.111 30779 31382 E nappagreedy.com.newsblur.network.APIResponse: 	at okhttp3.internal.http.BridgeInterceptor.intercept(BridgeInterceptor.java:93)
08-06 03:28:21.111 30779 31382 E nappagreedy.com.newsblur.network.APIResponse: 	at okhttp3.internal.http.RealInterceptorChain.proceed(RealInterceptorChain.java:142)
08-06 03:28:21.111 30779 31382 E nappagreedy.com.newsblur.network.APIResponse: 	at okhttp3.internal.http.RetryAndFollowUpInterceptor.intercept(RetryAndFollowUpInterceptor.java:88)
08-06 03:28:21.111 30779 31382 E nappagreedy.com.newsblur.network.APIResponse: 	at okhttp3.internal.http.RealInterceptorChain.proceed(RealInterceptorChain.java:142)
08-06 03:28:21.111 30779 31382 E nappagreedy.com.newsblur.network.APIResponse: 	at okhttp3.internal.http.RealInterceptorChain.proceed(RealInterceptorChain.java:117)
08-06 03:28:21.111 30779 31382 E nappagreedy.com.newsblur.network.APIResponse: 	at nl.vu.cs.s2group.nappa.Nappa$CustomInterceptor.intercept(Nappa.java:970)
08-06 03:28:21.111 30779 31382 E nappagreedy.com.newsblur.network.APIResponse: 	at okhttp3.internal.http.RealInterceptorChain.proceed(RealInterceptorChain.java:142)
08-06 03:28:21.111 30779 31382 E nappagreedy.com.newsblur.network.APIResponse: 	at okhttp3.internal.http.RealInterceptorChain.proceed(RealInterceptorChain.java:117)
08-06 03:28:21.111 30779 31382 E nappagreedy.com.newsblur.network.APIResponse: 	at okhttp3.RealCall.getResponseWithInterceptorChain(RealCall.java:229)
08-06 03:28:21.111 30779 31382 E nappagreedy.com.newsblur.network.APIResponse: 	at okhttp3.RealCall.execute(RealCall.java:81)
08-06 03:28:21.111 30779 31382 E nappagreedy.com.newsblur.network.APIResponse: 	at nappagreedy.com.newsblur.network.APIResponse.<init>(APIResponse.java:57)
08-06 03:28:21.111 30779 31382 E nappagreedy.com.newsblur.network.APIResponse: 	at nappagreedy.com.newsblur.network.APIResponse.<init>(APIResponse.java:43)
08-06 03:28:21.111 30779 31382 E nappagreedy.com.newsblur.network.APIResponse: 	at nappagreedy.com.newsblur.network.APIManager.post_single(APIManager.java:703)
08-06 03:28:21.111 30779 31382 E nappagreedy.com.newsblur.network.APIResponse: 	at nappagreedy.com.newsblur.network.APIManager.post(APIManager.java:676)
08-06 03:28:21.111 30779 31382 E nappagreedy.com.newsblur.network.APIResponse: 	at nappagreedy.com.newsblur.network.APIManager.post(APIManager.java:715)
08-06 03:28:21.111 30779 31382 E nappagreedy.com.newsblur.network.APIResponse: 	at nappagreedy.com.newsblur.network.APIManager.markStoryAsRead(APIManager.java:206)
08-06 03:28:21.111 30779 31382 E nappagreedy.com.newsblur.network.APIResponse: 	at nappagreedy.com.newsblur.util.ReadingAction.doRemote(ReadingAction.java:281)
08-06 03:28:21.111 30779 31382 E nappagreedy.com.newsblur.network.APIResponse: 	at nappagreedy.com.newsblur.service.NBSyncService.syncActions(NBSyncService.java:400)
08-06 03:28:21.111 30779 31382 E nappagreedy.com.newsblur.network.APIResponse: 	at nappagreedy.com.newsblur.service.NBSyncService.doSync(NBSyncService.java:298)
08-06 03:28:21.111 30779 31382 E nappagreedy.com.newsblur.network.APIResponse: 	at nappagreedy.com.newsblur.service.NBSyncService.access$100(NBSyncService.java:67)
08-06 03:28:21.111 30779 31382 E nappagreedy.com.newsblur.network.APIResponse: 	at nappagreedy.com.newsblur.service.NBSyncService$1.run(NBSyncService.java:188)
08-06 03:28:21.111 30779 31382 E nappagreedy.com.newsblur.network.APIResponse: 	at java.util.concurrent.ThreadPoolExecutor.runWorker(ThreadPoolExecutor.java:1113)
08-06 03:28:21.111 30779 31382 E nappagreedy.com.newsblur.network.APIResponse: 	at java.util.concurrent.ThreadPoolExecutor$Worker.run(ThreadPoolExecutor.java:588)
08-06 03:28:21.111 30779 31382 E nappagreedy.com.newsblur.network.APIResponse: 	at java.lang.Thread.run(Thread.java:818)
08-06 03:28:21.111 30779 31382 E nappagreedy.com.newsblur.network.APIResponse: Caused by: java.io.EOFException: \n not found: limit=0 content=
08-06 03:28:21.111 30779 31382 E nappagreedy.com.newsblur.network.APIResponse: 	at okio.RealBufferedSource.readUtf8LineStrict(RealBufferedSource.java:240)
08-06 03:28:21.111 30779 31382 E nappagreedy.com.newsblur.network.APIResponse: 	at okhttp3.internal.http1.Http1ExchangeCodec.readHeaderLine(Http1ExchangeCodec.java:242)
08-06 03:28:21.111 30779 31382 E nappagreedy.com.newsblur.network.APIResponse: 	at okhttp3.internal.http1.Http1ExchangeCodec.readResponseHeaders(Http1ExchangeCodec.java:213)
08-06 03:28:21.111 30779 31382 E nappagreedy.com.newsblur.network.APIResponse: 	... 33 more
08-06 03:28:21.113 30779 31382 I nappagreedy.com.newsblur.service.NBSyncService: Holding reading action with server-side or network error.
08-06 03:28:21.132 30779 31382 W nappagreedy.com.newsblur.service.NBSyncService: hard API failure
08-06 03:28:21.140 30774 30774 W Atfwd_Sendcmd: AtCmdFwd service not published, waiting... retryCnt : 5
08-06 03:28:21.240 30779 30830 I art     : Starting a blocking GC Explicit
08-06 03:28:21.290 30779 30830 I art     : Explicit concurrent mark sweep GC freed 5176(583KB) AllocSpace objects, 16(320KB) LOS objects, 31% free, 35MB/51MB, paused 2.056ms total 49.526ms
08-06 03:28:21.310 30779 30830 I art     : Starting a blocking GC Explicit
08-06 03:28:21.358 30779 30830 I art     : Explicit concurrent mark sweep GC freed 599(22KB) AllocSpace objects, 0(0B) LOS objects, 31% free, 35MB/51MB, paused 2.212ms total 47.276ms
08-06 03:28:21.377 30779 30830 I art     : Starting a blocking GC Explicit
08-06 03:28:21.424 30779 30830 I art     : Explicit concurrent mark sweep GC freed 3(96B) AllocSpace objects, 0(0B) LOS objects, 31% free, 35MB/51MB, paused 2.198ms total 47.308ms
08-06 03:28:21.443 30779 30830 I art     : Starting a blocking GC Explicit
08-06 03:28:21.492 30779 30830 I art     : Explicit concurrent mark sweep GC freed 3(96B) AllocSpace objects, 0(0B) LOS objects, 31% free, 35MB/51MB, paused 2.029ms total 49.068ms
08-06 03:28:21.511 30779 30830 I art     : Starting a blocking GC Explicit
08-06 03:28:21.559 30779 30830 I art     : Explicit concurrent mark sweep GC freed 3(96B) AllocSpace objects, 0(0B) LOS objects, 31% free, 35MB/51MB, paused 2.100ms total 47.951ms
08-06 03:28:21.939 30779 31044 I art     : Starting a blocking GC Explicit
08-06 03:28:21.988 30779 31044 I art     : Explicit concurrent mark sweep GC freed 1599(92KB) AllocSpace objects, 1(20KB) LOS objects, 31% free, 35MB/51MB, paused 2.253ms total 48.826ms
08-06 03:28:22.007 30779 31044 I art     : Starting a blocking GC Explicit
08-06 03:28:22.054 30779 31044 I art     : Explicit concurrent mark sweep GC freed 28(1024B) AllocSpace objects, 0(0B) LOS objects, 31% free, 35MB/51MB, paused 1.823ms total 46.183ms
08-06 03:28:22.071 30779 31044 I art     : Starting a blocking GC Explicit
08-06 03:28:22.120 30779 31044 I art     : Explicit concurrent mark sweep GC freed 3(96B) AllocSpace objects, 0(0B) LOS objects, 31% free, 35MB/51MB, paused 2.348ms total 47.801ms
08-06 03:28:22.138 30779 31044 I art     : Starting a blocking GC Explicit
08-06 03:28:22.186 30779 31044 I art     : Explicit concurrent mark sweep GC freed 3(96B) AllocSpace objects, 0(0B) LOS objects, 31% free, 35MB/51MB, paused 1.859ms total 47.953ms
08-06 03:28:22.205 30779 31044 I art     : Starting a blocking GC Explicit
08-06 03:28:22.253 30779 31044 I art     : Explicit concurrent mark sweep GC freed 3(96B) AllocSpace objects, 0(0B) LOS objects, 31% free, 35MB/51MB, paused 1.904ms total 47.836ms
08-06 03:28:22.611 30779 30790 I art     : Starting a blocking GC Explicit
08-06 03:28:22.661 30779 30790 I art     : Explicit concurrent mark sweep GC freed 1599(92KB) AllocSpace objects, 1(20KB) LOS objects, 31% free, 35MB/51MB, paused 2.296ms total 49.328ms
08-06 03:28:22.680 30779 30790 I art     : Starting a blocking GC Explicit
08-06 03:28:22.728 30779 30790 I art     : Explicit concurrent mark sweep GC freed 28(1024B) AllocSpace objects, 0(0B) LOS objects, 31% free, 35MB/51MB, paused 2.038ms total 46.633ms
08-06 03:28:22.746 30779 30790 I art     : Starting a blocking GC Explicit
08-06 03:28:22.794 30779 30790 I art     : Explicit concurrent mark sweep GC freed 3(96B) AllocSpace objects, 0(0B) LOS objects, 31% free, 35MB/51MB, paused 1.976ms total 47.593ms
08-06 03:28:22.812 30779 30790 I art     : Starting a blocking GC Explicit
08-06 03:28:22.861 30779 30790 I art     : Explicit concurrent mark sweep GC freed 3(96B) AllocSpace objects, 0(0B) LOS objects, 31% free, 35MB/51MB, paused 2.004ms total 48.057ms
08-06 03:28:22.879 30779 30790 I art     : Starting a blocking GC Explicit
08-06 03:28:22.893   518   646 I ThermalEngine: ACTION: GPU - Setting GPU[0] to 450000000
08-06 03:28:22.920 30779 30790 I art     : Explicit concurrent mark sweep GC freed 3(96B) AllocSpace objects, 0(0B) LOS objects, 31% free, 35MB/51MB, paused 1.247ms total 40.360ms
08-06 03:28:23.305 30779 30791 I art     : Starting a blocking GC Explicit
08-06 03:28:23.347 30779 30791 I art     : Explicit concurrent mark sweep GC freed 1599(92KB) AllocSpace objects, 1(20KB) LOS objects, 31% free, 35MB/51MB, paused 1.344ms total 41.539ms
08-06 03:28:23.362 30779 30791 I art     : Starting a blocking GC Explicit
08-06 03:28:23.401 30779 30791 I art     : Explicit concurrent mark sweep GC freed 28(1024B) AllocSpace objects, 0(0B) LOS objects, 31% free, 35MB/51MB, paused 1.396ms total 39.215ms
08-06 03:28:23.414 30779 30791 I art     : Starting a blocking GC Explicit
08-06 03:28:23.454 30779 30791 I art     : Explicit concurrent mark sweep GC freed 3(96B) AllocSpace objects, 0(0B) LOS objects, 31% free, 35MB/51MB, paused 1.358ms total 40.185ms
08-06 03:28:23.467 30779 30791 I art     : Starting a blocking GC Explicit
08-06 03:28:23.509 30779 30791 I art     : Explicit concurrent mark sweep GC freed 3(96B) AllocSpace objects, 0(0B) LOS objects, 31% free, 35MB/51MB, paused 1.356ms total 41.111ms
08-06 03:28:23.521 30779 30791 I art     : Starting a blocking GC Explicit
08-06 03:28:23.563 30779 30791 I art     : Explicit concurrent mark sweep GC freed 3(96B) AllocSpace objects, 0(0B) LOS objects, 31% free, 35MB/51MB, paused 1.385ms total 41.539ms
08-06 03:28:23.649   918  3188 I hubconnection: sensorhub said: 'set_bias 3: -5.9808, 0.0000, 0.0000'
08-06 03:28:23.938 30779 30830 I art     : Starting a blocking GC Explicit
08-06 03:28:23.982 30779 30830 I art     : Explicit concurrent mark sweep GC freed 1618(93KB) AllocSpace objects, 1(20KB) LOS objects, 31% free, 35MB/51MB, paused 1.354ms total 43.767ms
08-06 03:28:23.998 30779 30830 I art     : Starting a blocking GC Explicit
08-06 03:28:24.037 30779 30830 I art     : Explicit concurrent mark sweep GC freed 34(1248B) AllocSpace objects, 0(0B) LOS objects, 31% free, 35MB/51MB, paused 1.331ms total 38.784ms
08-06 03:28:24.049 30779 30830 I art     : Starting a blocking GC Explicit
08-06 03:28:24.089 30779 30830 I art     : Explicit concurrent mark sweep GC freed 3(96B) AllocSpace objects, 0(0B) LOS objects, 31% free, 35MB/51MB, paused 1.353ms total 39.672ms
08-06 03:28:24.102 30779 30830 I art     : Starting a blocking GC Explicit
08-06 03:28:24.139 30779 30830 I art     : Explicit concurrent mark sweep GC freed 3(96B) AllocSpace objects, 0(0B) LOS objects, 31% free, 35MB/51MB, paused 1.260ms total 37.333ms
08-06 03:28:24.152 30779 30830 I art     : Starting a blocking GC Explicit
08-06 03:28:24.192 30779 30830 I art     : Explicit concurrent mark sweep GC freed 3(96B) AllocSpace objects, 0(0B) LOS objects, 31% free, 35MB/51MB, paused 1.413ms total 39.707ms
08-06 03:28:24.560 30779 31044 I art     : Starting a blocking GC Explicit
08-06 03:28:24.604 30779 31044 I art     : Explicit concurrent mark sweep GC freed 1599(92KB) AllocSpace objects, 1(20KB) LOS objects, 31% free, 35MB/51MB, paused 1.354ms total 43.991ms
08-06 03:28:24.620 30779 31044 I art     : Starting a blocking GC Explicit
08-06 03:28:24.658 30779 31044 I art     : Explicit concurrent mark sweep GC freed 28(1024B) AllocSpace objects, 0(0B) LOS objects, 31% free, 35MB/51MB, paused 1.349ms total 37.643ms
08-06 03:28:24.671 30779 31044 I art     : Starting a blocking GC Explicit
08-06 03:28:24.711 30779 31044 I art     : Explicit concurrent mark sweep GC freed 3(96B) AllocSpace objects, 0(0B) LOS objects, 31% free, 35MB/51MB, paused 1.330ms total 39.876ms
08-06 03:28:24.723 30779 31044 I art     : Starting a blocking GC Explicit
08-06 03:28:24.763 30779 31044 I art     : Explicit concurrent mark sweep GC freed 3(96B) AllocSpace objects, 0(0B) LOS objects, 31% free, 35MB/51MB, paused 1.266ms total 39.092ms
08-06 03:28:24.775 30779 31044 I art     : Starting a blocking GC Explicit
08-06 03:28:24.815 30779 31044 I art     : Explicit concurrent mark sweep GC freed 3(96B) AllocSpace objects, 0(0B) LOS objects, 31% free, 35MB/51MB, paused 1.335ms total 39.856ms
08-06 03:28:25.185 30779 30790 I art     : Starting a blocking GC Explicit
08-06 03:28:25.226 30779 30790 I art     : Explicit concurrent mark sweep GC freed 1599(92KB) AllocSpace objects, 1(20KB) LOS objects, 31% free, 35MB/51MB, paused 1.310ms total 40.609ms
08-06 03:28:25.238 30779 30790 I art     : Starting a blocking GC Explicit
08-06 03:28:25.274 30779 30790 I art     : Explicit concurrent mark sweep GC freed 28(1024B) AllocSpace objects, 0(0B) LOS objects, 31% free, 35MB/51MB, paused 1.257ms total 35.517ms
08-06 03:28:25.286 30779 30790 I art     : Starting a blocking GC Explicit
08-06 03:28:25.322 30779 30790 I art     : Explicit concurrent mark sweep GC freed 3(96B) AllocSpace objects, 0(0B) LOS objects, 31% free, 35MB/51MB, paused 1.287ms total 36.204ms
08-06 03:28:25.334 30779 30790 I art     : Starting a blocking GC Explicit
08-06 03:28:25.370 30779 30790 I art     : Explicit concurrent mark sweep GC freed 3(96B) AllocSpace objects, 0(0B) LOS objects, 31% free, 35MB/51MB, paused 1.318ms total 35.600ms
08-06 03:28:25.382 30779 30790 I art     : Starting a blocking GC Explicit
08-06 03:28:25.420 30779 30790 I art     : Explicit concurrent mark sweep GC freed 3(96B) AllocSpace objects, 0(0B) LOS objects, 31% free, 35MB/51MB, paused 1.354ms total 37.527ms
08-06 03:28:25.776 31585 31585 D AndroidRuntime: >>>>>> START com.android.internal.os.RuntimeInit uid 2000 <<<<<<
08-06 03:28:25.783 31585 31585 D AndroidRuntime: CheckJNI is OFF
08-06 03:28:25.783 30779 30791 I art     : Starting a blocking GC Explicit
08-06 03:28:25.824 30779 30791 I art     : Explicit concurrent mark sweep GC freed 1599(92KB) AllocSpace objects, 1(20KB) LOS objects, 31% free, 35MB/51MB, paused 1.383ms total 39.789ms
08-06 03:28:25.830 31585 31585 D ICU     : No timezone override file found: /data/misc/zoneinfo/current/icu/icu_tzdata.dat
08-06 03:28:25.836 30779 30791 I art     : Starting a blocking GC Explicit
08-06 03:28:25.875 30779 30791 I art     : Explicit concurrent mark sweep GC freed 28(1024B) AllocSpace objects, 0(0B) LOS objects, 31% free, 35MB/51MB, paused 1.444ms total 38.189ms
08-06 03:28:25.876 31585 31585 I Radio-JNI: register_android_hardware_Radio DONE
08-06 03:28:25.887 30779 30791 I art     : Starting a blocking GC Explicit
08-06 03:28:25.898   518   646 I ThermalEngine: ACTION: GPU - Setting GPU[0] to 510000000
08-06 03:28:25.906 31585 31585 D AndroidRuntime: Calling main entry com.android.commands.input.Input
08-06 03:28:25.908 31585 31585 I Input   : injectKeyEvent: KeyEvent { action=ACTION_DOWN, keyCode=KEYCODE_BACK, scanCode=0, metaState=0, flags=0x0, repeatCount=0, eventTime=847722321, downTime=847722321, deviceId=-1, source=0x101 }
08-06 03:28:25.914 31585 31585 I Input   : injectKeyEvent: KeyEvent { action=ACTION_UP, keyCode=KEYCODE_BACK, scanCode=0, metaState=0, flags=0x0, repeatCount=0, eventTime=847722321, downTime=847722321, deviceId=-1, source=0x101 }
08-06 03:28:25.921 31585 31585 D AndroidRuntime: Shutting down VM
08-06 03:28:25.923 30779 30779 D NappaLifecycleObserver: nappagreedy.com.newsblur.activity.GlobalSharedStoriesReading - onPause
