08-04 21:33:06.856 29113 29124 I art     : Explicit concurrent mark sweep GC freed 3(96B) AllocSpace objects, 0(0B) LOS objects, 40% free, 22MB/38MB, paused 192us total 13.879ms
08-04 21:33:06.863 29113 29124 I art     : Starting a blocking GC Explicit
08-04 21:33:06.876 29113 29124 I art     : Explicit concurrent mark sweep GC freed 3(96B) AllocSpace objects, 0(0B) LOS objects, 40% free, 22MB/38MB, paused 193us total 13.736ms
08-04 21:33:07.136 29113 29172 I art     : Starting a blocking GC Explicit
08-04 21:33:07.151 29113 29172 I art     : Explicit concurrent mark sweep GC freed 1616(95KB) AllocSpace objects, 1(20KB) LOS objects, 40% free, 22MB/38MB, paused 228us total 14.800ms
08-04 21:33:07.157 29113 29172 I art     : Starting a blocking GC Explicit
08-04 21:33:07.172 29113 29172 I art     : Explicit concurrent mark sweep GC freed 35(1136B) AllocSpace objects, 0(0B) LOS objects, 40% free, 22MB/38MB, paused 210us total 14.588ms
08-04 21:33:07.178 29113 29172 I art     : Starting a blocking GC Explicit
08-04 21:33:07.191 29113 29172 I art     : Explicit concurrent mark sweep GC freed 3(96B) AllocSpace objects, 0(0B) LOS objects, 40% free, 22MB/38MB, paused 203us total 13ms
08-04 21:33:07.197 29113 29172 I art     : Starting a blocking GC Explicit
08-04 21:33:07.211 29113 29172 I art     : Explicit concurrent mark sweep GC freed 3(96B) AllocSpace objects, 0(0B) LOS objects, 40% free, 22MB/38MB, paused 230us total 13.202ms
08-04 21:33:07.217 29113 29172 I art     : Starting a blocking GC Explicit
08-04 21:33:07.222 29372 29372 D AndroidRuntime: >>>>>> START com.android.internal.os.RuntimeInit uid 2000 <<<<<<
08-04 21:33:07.225 29372 29372 D AndroidRuntime: CheckJNI is OFF
08-04 21:33:07.230 29113 29172 I art     : Explicit concurrent mark sweep GC freed 3(96B) AllocSpace objects, 0(0B) LOS objects, 40% free, 22MB/38MB, paused 199us total 12.523ms
08-04 21:33:07.250 29372 29372 D ICU     : No timezone override file found: /data/misc/zoneinfo/current/icu/icu_tzdata.dat
08-04 21:33:07.274 29372 29372 I Radio-JNI: register_android_hardware_Radio DONE
08-04 21:33:07.290 29372 29372 D AndroidRuntime: Calling main entry com.android.commands.input.Input
08-04 21:33:07.291 29372 29372 I Input   : injectMotionEvent: MotionEvent { action=ACTION_DOWN, actionButton=0, id[0]=0, x[0]=103.0, y[0]=192.0, toolType[0]=TOOL_TYPE_UNKNOWN, buttonState=0, metaState=0, flags=0x0, edgeFlags=0x0, pointerCount=1, historySize=0, eventTime=740003704, downTime=740003704, deviceId=0, source=0x1002 }
08-04 21:33:07.296 29372 29372 I Input   : injectMotionEvent: MotionEvent { action=ACTION_UP, actionButton=0, id[0]=0, x[0]=103.0, y[0]=192.0, toolType[0]=TOOL_TYPE_UNKNOWN, buttonState=0, metaState=0, flags=0x0, edgeFlags=0x0, pointerCount=1, historySize=0, eventTime=740003704, downTime=740003704, deviceId=0, source=0x1002 }
08-04 21:33:07.297 29372 29372 D AndroidRuntime: Shutting down VM
08-04 21:33:07.318   512  2967 D audio_hw_primary: out_set_parameters: enter: usecase(1: low-latency-playback) kvpairs: routing=2
08-04 21:33:07.332   512  2967 D audio_hw_primary: select_devices: out_snd_device(2: speaker) in_snd_device(0: none)
08-04 21:33:07.332   512  2967 D msm8974_platform: platform_send_audio_calibration: sending audio calibration for snd_device(2) acdb_id(15)
08-04 21:33:07.332   512  2967 I soundtrigger: audio_extn_sound_trigger_update_device_status: device 0x2 of type 0 for Event 1
08-04 21:33:07.343   512  2967 D audio_hw_primary: enable_snd_device: snd_device(2: speaker)
08-04 21:33:07.345   512  2967 D audio_hw_primary: enable_audio_route: apply and update mixer path: low-latency-playback speaker
08-04 21:33:07.354 13866 13866 I GoogleInputMethodServic: GoogleInputMethodService.onFinishInput():3138 
08-04 21:33:07.355 13866 13866 I GoogleInputMethodServic: GoogleInputMethodService.onStartInput():1808 
08-04 21:33:07.463 29113 29125 I art     : Starting a blocking GC Explicit
08-04 21:33:07.482 29113 29125 I art     : Explicit concurrent mark sweep GC freed 2100(118KB) AllocSpace objects, 1(20KB) LOS objects, 40% free, 22MB/38MB, paused 240us total 18.932ms
08-04 21:33:07.491 29113 29125 I art     : Starting a blocking GC Explicit
08-04 21:33:07.508 29113 29125 I art     : Explicit concurrent mark sweep GC freed 47(1872B) AllocSpace objects, 0(0B) LOS objects, 40% free, 22MB/38MB, paused 227us total 16.801ms
08-04 21:33:07.515 29113 29125 I art     : Starting a blocking GC Explicit
08-04 21:33:07.529 29113 29125 I art     : Explicit concurrent mark sweep GC freed 5(160B) AllocSpace objects, 0(0B) LOS objects, 40% free, 22MB/38MB, paused 218us total 13.678ms
08-04 21:33:07.535 29113 29125 I art     : Starting a blocking GC Explicit
08-04 21:33:07.550 29113 29125 I art     : Explicit concurrent mark sweep GC freed 3(96B) AllocSpace objects, 0(0B) LOS objects, 40% free, 22MB/38MB, paused 313us total 14.424ms
08-04 21:33:07.557 29113 29125 I art     : Starting a blocking GC Explicit
08-04 21:33:07.570 29113 29125 I art     : Explicit concurrent mark sweep GC freed 3(96B) AllocSpace objects, 0(0B) LOS objects, 40% free, 22MB/38MB, paused 209us total 13.241ms
08-04 21:33:07.783 29113 29125 I art     : Starting a blocking GC Explicit
08-04 21:33:07.798 29113 29125 I art     : Explicit concurrent mark sweep GC freed 1610(95KB) AllocSpace objects, 1(20KB) LOS objects, 40% free, 22MB/38MB, paused 203us total 14.568ms
08-04 21:33:07.805 29113 29125 I art     : Starting a blocking GC Explicit
08-04 21:33:07.819 29113 29125 I art     : Explicit concurrent mark sweep GC freed 51(1648B) AllocSpace objects, 0(0B) LOS objects, 40% free, 22MB/38MB, paused 201us total 13.133ms
08-04 21:33:07.824 29113 29125 I art     : Starting a blocking GC Explicit
08-04 21:33:07.837 29113 29125 I art     : Explicit concurrent mark sweep GC freed 3(96B) AllocSpace objects, 0(0B) LOS objects, 40% free, 22MB/38MB, paused 217us total 12.540ms
08-04 21:33:07.843 29113 29125 I art     : Starting a blocking GC Explicit
08-04 21:33:07.843 29405 29405 D AndroidRuntime: >>>>>> START com.android.internal.os.RuntimeInit uid 2000 <<<<<<
08-04 21:33:07.847 29405 29405 D AndroidRuntime: CheckJNI is OFF
08-04 21:33:07.856 29113 29125 I art     : Explicit concurrent mark sweep GC freed 3(96B) AllocSpace objects, 0(0B) LOS objects, 40% free, 22MB/38MB, paused 212us total 12.491ms
08-04 21:33:07.861 29113 29125 I art     : Starting a blocking GC Explicit
08-04 21:33:07.873 29405 29405 D ICU     : No timezone override file found: /data/misc/zoneinfo/current/icu/icu_tzdata.dat
08-04 21:33:07.874 29113 29125 I art     : Explicit concurrent mark sweep GC freed 3(96B) AllocSpace objects, 0(0B) LOS objects, 40% free, 22MB/38MB, paused 201us total 12.320ms
08-04 21:33:07.897 29405 29405 I Radio-JNI: register_android_hardware_Radio DONE
08-04 21:33:07.898   512  2967 D audio_hw_primary: disable_audio_route: reset and update mixer path: low-latency-playback speaker
08-04 21:33:07.900   512  2967 D audio_hw_primary: disable_snd_device: snd_device(2: speaker)
08-04 21:33:07.908   512  2967 I soundtrigger: audio_extn_sound_trigger_update_device_status: device 0x2 of type 0 for Event 0
08-04 21:33:07.912 29405 29405 D AndroidRuntime: Calling main entry com.android.commands.input.Input
08-04 21:33:07.913 29405 29405 I Input   : injectMotionEvent: MotionEvent { action=ACTION_DOWN, actionButton=0, id[0]=0, x[0]=324.0, y[0]=2298.0, toolType[0]=TOOL_TYPE_UNKNOWN, buttonState=0, metaState=0, flags=0x0, edgeFlags=0x0, pointerCount=1, historySize=0, eventTime=740004326, downTime=740004326, deviceId=0, source=0x1002 }
08-04 21:33:07.919 29405 29405 I Input   : injectMotionEvent: MotionEvent { action=ACTION_UP, actionButton=0, id[0]=0, x[0]=324.0, y[0]=2298.0, toolType[0]=TOOL_TYPE_UNKNOWN, buttonState=0, metaState=0, flags=0x0, edgeFlags=0x0, pointerCount=1, historySize=0, eventTime=740004326, downTime=740004326, deviceId=0, source=0x1002 }
08-04 21:33:07.921 29405 29405 D AndroidRuntime: Shutting down VM
08-04 21:33:07.935 29113 29113 D NappaIntentExtras: ==================
08-04 21:33:07.935 29113 29113 D NappaIntentExtras: Log #2
08-04 21:33:07.935 29113 29113 D NappaIntentExtras: ------------------
08-04 21:33:07.935 29113 29113 D NappaIntentExtras: activity nappatfpr.de.danoeh.antennapod.activity.FeedSettingsActivity
08-04 21:33:07.935 29113 29113 D NappaIntentExtras: 	- No extras registered
08-04 21:33:07.936 29113 29113 D NappaIntentExtras: activity nappatfpr.de.danoeh.antennapod.activity.MainActivity
08-04 21:33:07.936 29113 29113 D NappaIntentExtras: 	- No extras registered
08-04 21:33:07.936 29113 29113 D NappaIntentExtras: activity nappatfpr.de.danoeh.antennapod.activity.FeedInfoActivity
08-04 21:33:07.936 29113 29113 D NappaIntentExtras: 	- No extras registered
08-04 21:33:07.936 29113 29113 D NappaIntentExtras: activity nappatfpr.de.danoeh.antennapod.activity.OnlineFeedViewActivity
08-04 21:33:07.936 29113 29113 D NappaIntentExtras: 	- No extras registered
08-04 21:33:07.936 29113 29113 D NappaIntentExtras: activity nappatfpr.de.danoeh.antennapod.activity.PreferenceActivity
08-04 21:33:07.936 29113 29113 D NappaIntentExtras: 	- No extras registered
08-04 21:33:07.936 29113 29113 D NappaIntentExtras: activity nappatfpr.de.danoeh.antennapod.activity.SplashActivity
08-04 21:33:07.936 29113 29113 D NappaIntentExtras: 	- No extras registered
08-04 21:33:07.936 29113 29113 D NappaIntentExtras: ==================
08-04 21:33:07.937   918  3359 I ActivityManager: START u0 {cmp=nappatfpr.de.danoeh.antennapod.debug/nappatfpr.de.danoeh.antennapod.activity.PreferenceActivity} from uid 10673 on display 0
08-04 21:33:07.939   512  2967 D audio_hw_primary: out_set_parameters: enter: usecase(1: low-latency-playback) kvpairs: routing=2
08-04 21:33:07.948 29113 29113 D NappaLifecycleObserver: nappatfpr.de.danoeh.antennapod.activity.MainActivity - onPause
08-04 21:33:07.948 29113 29113 D Nappa   : Stayed on nappatfpr.de.danoeh.antennapod.activity.MainActivity for 7325 ms
08-04 21:33:07.952   512  2967 D audio_hw_primary: select_devices: out_snd_device(2: speaker) in_snd_device(0: none)
08-04 21:33:07.952   512  2967 D msm8974_platform: platform_send_audio_calibration: sending audio calibration for snd_device(2) acdb_id(15)
08-04 21:33:07.953   512  2967 I soundtrigger: audio_extn_sound_trigger_update_device_status: device 0x2 of type 0 for Event 1
08-04 21:33:07.965   512  2967 D audio_hw_primary: enable_snd_device: snd_device(2: speaker)
08-04 21:33:07.968   512  2967 D audio_hw_primary: enable_audio_route: apply and update mixer path: low-latency-playback speaker
08-04 21:33:07.991 29113 29113 D NappaLifecycleObserver: nappatfpr.de.danoeh.antennapod.activity.PreferenceActivity - onResume
08-04 21:33:07.991 29113 29113 D Nappa   : setCurrentActivity - MetricStrategyAccuracy - 
08-04 21:33:07.991 29113 29113 D Nappa   : madePredictionFromActivity = true, 
08-04 21:33:07.991 29113 29113 D Nappa   : fromActivity = nappatfpr.de.danoeh.antennapod.activity.MainActivity, 
08-04 21:33:07.991 29113 29113 D Nappa   : predictedNextActivityFromActivity = [nappatfpr.de.danoeh.antennapod.activity.OnlineFeedViewActivity], 
08-04 21:33:07.991 29113 29113 D Nappa   : activity.getClass().getCanonicalName() = nappatfpr.de.danoeh.antennapod.activity.PreferenceActivity, 
08-04 21:33:07.991 29113 29113 D Nappa   : setCurrentActivity - MetricStrategyAccuracy - 
08-04 21:33:07.991 29113 29113 D Nappa   : madePredictionFromExtra = false, 
08-04 21:33:07.991 29113 29113 D Nappa   : fromActivity = nappatfpr.de.danoeh.antennapod.activity.MainActivity, 
08-04 21:33:07.991 29113 29113 D Nappa   : predictedNextActivityFromExtra = [], 
08-04 21:33:07.991 29113 29113 D Nappa   : activity.getClass().getCanonicalName() = nappatfpr.de.danoeh.antennapod.activity.PreferenceActivity, 
08-04 21:33:07.991 29113 29113 D Nappa   : PREFETCH_ON_EXTRA - setCurrentActivity - logs - from activity - made prediction istrue
08-04 21:33:07.991 29113 29113 D Nappa   : PREFETCH_ON_EXTRA - setCurrentActivity - logs - from activity - start
08-04 21:33:07.991 29113 29113 D Nappa   : setCurrentActivity - MetricStrategyAccuracy - checking prediction VS current activity for activities
08-04 21:33:07.992 29113 29113 D TfprPrefetchingStrategy: MetricStrategyAccuracy inc misses count0 | from ext
08-04 21:33:07.992 29113 29113 I NAPPA_EXPERIMENTATION: MetricStrategyAccuracy: LOG_ID='1',EXECUTION_COUNT='1',CASES_COUNT='1',HIT_PERCENTAGE_TOTAL='0.0',HIT_PERCENTAGE_WHEN_PREDICTED='0.0',HIT_COUNT='0',MISS_COUNT='1',INSUFFICIENT_SCORE_COUNT='0',EXCEPTION_COUNT='0',NO_SUCCESSOR_COUNT='0',
08-04 21:33:07.992 29113 29113 D Nappa   : PREFETCH_ON_EXTRA - setCurrentActivity - logs - from activity- finished
08-04 21:33:08.015   512  2967 D AudioFlinger: mixer(0xf4740000) throttle end: throttle time(12)
08-04 21:33:08.092 29113 29113 D Nappa   : registerActivity: (already in) nappatfpr.de.danoeh.antennapod.activity.PreferenceActivity
08-04 21:33:08.093 29113 29113 D ActivityNode: ACTNODE UPDATING AFTER LOADING FROM DB
08-04 21:33:08.093 29113 29113 D ActivityGraph: LARDataCalculatedUpdate nappatfpr.de.danoeh.antennapod.activity.PreferenceActivity Pagerank: 0.25 HITS-Authority: 1.0 HITS-Hub: 1.0 SALSA-Authority: 1.0 SALSA-Hub: 1.0
08-04 21:33:08.093 29113 29113 D Nappa   : SHOULD_PREFETCH true
08-04 21:33:08.098 29113 29172 I art     : Starting a blocking GC Explicit
08-04 21:33:08.114 29113 29172 I art     : Explicit concurrent mark sweep GC freed 3726(357KB) AllocSpace objects, 2(40KB) LOS objects, 40% free, 23MB/38MB, paused 230us total 16.332ms
08-04 21:33:08.121 29113 29172 I art     : Starting a blocking GC Explicit
08-04 21:33:08.136 29113 29172 I art     : Explicit concurrent mark sweep GC freed 538(24KB) AllocSpace objects, 0(0B) LOS objects, 40% free, 23MB/38MB, paused 252us total 15.003ms
08-04 21:33:08.143 29113 29172 I art     : Starting a blocking GC Explicit
08-04 21:33:08.157 29113 29172 I art     : Explicit concurrent mark sweep GC freed 3(96B) AllocSpace objects, 0(0B) LOS objects, 40% free, 23MB/38MB, paused 263us total 13.796ms
08-04 21:33:08.163 29113 29172 I art     : Starting a blocking GC Explicit
08-04 21:33:08.177 29113 29172 I art     : Explicit concurrent mark sweep GC freed 3(96B) AllocSpace objects, 0(0B) LOS objects, 40% free, 23MB/38MB, paused 260us total 13.678ms
08-04 21:33:08.183 29113 29172 I art     : Starting a blocking GC Explicit
08-04 21:33:08.193 29113 29113 D Nappa   : registerActivity: (already in) nappatfpr.de.danoeh.antennapod.activity.PreferenceActivity
08-04 21:33:08.193 29113 29113 D Nappa   : STATS Number of requests not prefetched: 0
08-04 21:33:08.193 29113 29113 D Nappa   : STATS Number of requests prefetched: 0
08-04 21:33:08.193 29113 29113 D Nappa   : STATS Time saved until now: 0.0
08-04 21:33:08.197 29113 29113 D ActivityNode: Observer - visit time - MainActivity - New aggregate visit time found is 305739 ms
08-04 21:33:08.197 29113 29113 D ActivityNode: Observer - successor visit time - SplashActivity - Updating the visit time from the successors list:
08-04 21:33:08.197 29113 29113 D ActivityNode: [AggregateVisitTimeByActivity{nappatfpr.de.danoeh.antennapod.activity.MainActivity : 37926 ms}]
08-04 21:33:08.197 29113 29113 D ActivityNode: Observer - successor visit time - MainActivity - Updating the visit time from the successors list:
08-04 21:33:08.197 29113 29113 D ActivityNode: [AggregateVisitTimeByActivity{nappatfpr.de.danoeh.antennapod.activity.PreferenceActivity : 20110 ms}, AggregateVisitTimeByActivity{nappatfpr.de.danoeh.antennapod.activity.OnlineFeedViewActivity : 181431 ms}, AggregateVisitTimeByActivity{nappatfpr.de.danoeh.antennapod.activity.FeedSettingsActivity : 17347 ms}, AggregateVisitTimeByActivity{nappatfpr.de.danoeh.antennapod.activity.FeedInfoActivity : 18146 ms}]
08-04 21:33:08.197 29113 29172 I art     : Explicit concurrent mark sweep GC freed 80(5KB) AllocSpace objects, 0(0B) LOS objects, 40% free, 23MB/38MB, paused 262us total 13.929ms
08-04 21:33:08.380   918   936 I ActivityManager: Displayed nappatfpr.de.danoeh.antennapod.debug/nappatfpr.de.danoeh.antennapod.activity.PreferenceActivity: +424ms
08-04 21:33:08.380 13866 13866 I GoogleInputMethodServic: GoogleInputMethodService.onFinishInput():3138 
08-04 21:33:08.380 13866 13866 I GoogleInputMethodServic: GoogleInputMethodService.onStartInput():1808 
08-04 21:33:08.381 29113 29113 D ActivityNode: Observer - session data - sourceSplashActivity
08-04 21:33:08.381 29113 29113 D ActivityNode: destinations:
08-04 21:33:08.381 29113 29113 D ActivityNode: 	nappatfpr.de.danoeh.antennapod.activity.MainActivity( count 5)
08-04 21:33:08.382 29113 29113 D ActivityNode: Observer - session data - sourceMainActivity
08-04 21:33:08.382 29113 29113 D ActivityNode: destinations:
08-04 21:33:08.382 29113 29113 D ActivityNode: 	nappatfpr.de.danoeh.antennapod.activity.PreferenceActivity( count 5)
08-04 21:33:08.382 29113 29113 D ActivityNode: 	nappatfpr.de.danoeh.antennapod.activity.OnlineFeedViewActivity( count 29)
08-04 21:33:08.382 29113 29113 D ActivityNode: 	nappatfpr.de.danoeh.antennapod.activity.FeedSettingsActivity( count 4)
08-04 21:33:08.382 29113 29113 D ActivityNode: 	nappatfpr.de.danoeh.antennapod.activity.FeedInfoActivity( count 4)
08-04 21:33:08.382 29113 29113 D ActivityNode: Observer - session data - sourcePreferenceActivity
08-04 21:33:08.382 29113 29113 D ActivityNode: destinations:
08-04 21:33:08.382 29113 29113 D ActivityNode: Observer - session data - sourceOnlineFeedViewActivity
08-04 21:33:08.382 29113 29113 D ActivityNode: destinations:
08-04 21:33:08.382 29113 29113 D ActivityNode: Observer - successor visit time - SplashActivity - Updating the visit time from the successors list:
08-04 21:33:08.382 29113 29113 D ActivityNode: [AggregateVisitTimeByActivity{nappatfpr.de.danoeh.antennapod.activity.MainActivity : 37926 ms}]
08-04 21:33:08.382 29113 29113 D ActivityNode: Observer - session data - sourceFeedSettingsActivity
08-04 21:33:08.382 29113 29113 D ActivityNode: destinations:
08-04 21:33:08.392 29113 29134 D Nappa   : PREFETCH_ON_EXTRA - setCurrentActivity - logs - from extra - made prediction isfalse
08-04 21:33:08.398 29113 29113 D ActivityNode: Observer - successor visit time - MainActivity - Updating the visit time from the successors list:
08-04 21:33:08.398 29113 29113 D ActivityNode: [AggregateVisitTimeByActivity{nappatfpr.de.danoeh.antennapod.activity.PreferenceActivity : 20110 ms}, AggregateVisitTimeByActivity{nappatfpr.de.danoeh.antennapod.activity.OnlineFeedViewActivity : 181431 ms}, AggregateVisitTimeByActivity{nappatfpr.de.danoeh.antennapod.activity.FeedSettingsActivity : 17347 ms}, AggregateVisitTimeByActivity{nappatfpr.de.danoeh.antennapod.activity.FeedInfoActivity : 18146 ms}]
08-04 21:33:08.398 29113 29113 D ActivityNode: Observer - session data - sourceFeedInfoActivity
08-04 21:33:08.398 29113 29113 D ActivityNode: destinations:
08-04 21:33:08.433 29113 29172 I art     : Starting a blocking GC Explicit
08-04 21:33:08.450 29113 29172 I art     : Explicit concurrent mark sweep GC freed 4376(331KB) AllocSpace objects, 1(20KB) LOS objects, 40% free, 23MB/39MB, paused 222us total 16.205ms
08-04 21:33:08.457 29113 29172 I art     : Starting a blocking GC Explicit
08-04 21:33:08.472 29113 29172 I art     : Explicit concurrent mark sweep GC freed 544(24KB) AllocSpace objects, 0(0B) LOS objects, 40% free, 23MB/39MB, paused 175us total 14.367ms
08-04 21:33:08.478 29113 29172 I art     : Starting a blocking GC Explicit
08-04 21:33:08.492 29113 29172 I art     : Explicit concurrent mark sweep GC freed 3(96B) AllocSpace objects, 0(0B) LOS objects, 40% free, 23MB/39MB, paused 180us total 14.036ms
08-04 21:33:08.499 29113 29172 I art     : Starting a blocking GC Explicit
08-04 21:33:08.513 29113 29172 I art     : Explicit concurrent mark sweep GC freed 3(96B) AllocSpace objects, 0(0B) LOS objects, 40% free, 23MB/39MB, paused 175us total 14.053ms
08-04 21:33:08.520   512  2967 D audio_hw_primary: disable_audio_route: reset and update mixer path: low-latency-playback speaker
08-04 21:33:08.520 29113 29172 I art     : Starting a blocking GC Explicit
08-04 21:33:08.521   512  2967 D audio_hw_primary: disable_snd_device: snd_device(2: speaker)
08-04 21:33:08.529   512  2967 I soundtrigger: audio_extn_sound_trigger_update_device_status: device 0x2 of type 0 for Event 0
08-04 21:33:08.539 29113 29172 I art     : Explicit concurrent mark sweep GC freed 3(96B) AllocSpace objects, 0(0B) LOS objects, 40% free, 23MB/39MB, paused 205us total 17.942ms
08-04 21:33:08.632   380   380 W SurfaceFlinger: couldn't log to binary event log: overflow.
08-04 21:33:08.667   719   760 I WorkerManager: dispose()
08-04 21:33:08.668   719   760 W ThreadPoolDumper: Queue length for executor EventBus is now 11. Perhaps some tasks are too long, or the pool is too small.
08-04 21:33:08.693 29113 29134 D Nappa   : PREFETCH_ON_EXTRA - setCurrentActivity - starting new prediction
08-04 21:33:08.693 29113 29134 D Nappa   : Current node - currentActivityName - nappatfpr.de.danoeh.antennapod.activity.PreferenceActivity
08-04 21:33:08.694 29113 29134 D Nappa   : Current node - activityGraph.getCurrent() - nappatfpr.de.danoeh.antennapod.activity.PreferenceActivity
08-04 21:33:08.694 29113 29134 I NAPPA_EXPERIMENTATION: MetricNappaPrefetchingStrategyExecutionTime: STRATEGY_CLASS='TfprPrefetchingStrategy',DURATION='1406',NUMBER_OF_URLS='0',NUMBER_OF_SELECTED_CHILDREN_NODES='0',NUMBER_OF_CHILDREN_NODES='0',STRATEGY_RUN_SUCCESSFULLY='True',
08-04 21:33:08.694 29113 29134 D TfprPrefetchingStrategy: ==================================
08-04 21:33:08.694 29113 29134 D TfprPrefetchingStrategy: Starting Run #2
08-04 21:33:08.694 29113 29134 D TfprPrefetchingStrategy: ----------------------------------
08-04 21:33:08.694 29113 29134 D TfprPrefetchingStrategy: Node data PreferenceActivity 
08-04 21:33:08.694 29113 29134 D TfprPrefetchingStrategy: 	Successors:
08-04 21:33:08.694 29113 29134 D TfprPrefetchingStrategy: 
08-04 21:33:08.694 29113 29134 D TfprPrefetchingStrategy: 	Ancestors:
08-04 21:33:08.694 29113 29134 D TfprPrefetchingStrategy: 		MainActivity (0 hits)
08-04 21:33:08.694 29113 29134 D TfprPrefetchingStrategy: 
08-04 21:33:08.694 29113 29134 D TfprPrefetchingStrategy: MetricStrategyAccuracy inc execution count2 | act = true; extra = false
08-04 21:33:08.694 29113 29134 D TfprPrefetchingStrategy: MetricStrategyAccuracy inc no sucessor count1 | act = true; extra = false
08-04 21:33:08.694 29113 29134 D TfprPrefetchingStrategy: Node has no successor
08-04 21:33:08.694 29113 29134 D TfprPrefetchingStrategy: Next visited child will be []
08-04 21:33:08.694 29113 29134 D TfprPrefetchingStrategy: ==================================
08-04 21:33:08.694 29113 29134 D Nappa   : PREFETCH_ON_EXTRA - setCurrentActivity - finished new prediction
08-04 21:33:08.737 29113 29113 D PlaybackController: Releasing PlaybackController
08-04 21:33:08.804 29113 29125 I art     : Starting a blocking GC Explicit
08-04 21:33:08.822 29113 29125 I art     : Explicit concurrent mark sweep GC freed 1997(134KB) AllocSpace objects, 1(20KB) LOS objects, 40% free, 23MB/39MB, paused 234us total 18.278ms
08-04 21:33:08.829 29113 29125 I art     : Starting a blocking GC Explicit
08-04 21:33:08.844 29113 29125 I art     : Explicit concurrent mark sweep GC freed 59(1936B) AllocSpace objects, 0(0B) LOS objects, 40% free, 23MB/39MB, paused 194us total 14.343ms
08-04 21:33:08.850 29113 29125 I art     : Starting a blocking GC Explicit
08-04 21:33:08.864 29113 29125 I art     : Explicit concurrent mark sweep GC freed 3(96B) AllocSpace objects, 0(0B) LOS objects, 40% free, 23MB/39MB, paused 185us total 13.612ms
08-04 21:33:08.870 29113 29125 I art     : Starting a blocking GC Explicit
08-04 21:33:08.884 29113 29125 I art     : Explicit concurrent mark sweep GC freed 3(96B) AllocSpace objects, 0(0B) LOS objects, 40% free, 23MB/39MB, paused 182us total 14.153ms
08-04 21:33:08.890 29113 29125 I art     : Starting a blocking GC Explicit
08-04 21:33:08.904 29113 29125 I art     : Explicit concurrent mark sweep GC freed 3(96B) AllocSpace objects, 0(0B) LOS objects, 40% free, 23MB/39MB, paused 186us total 13.783ms
08-04 21:33:09.160 29113 29124 I art     : Starting a blocking GC Explicit
08-04 21:33:09.179 29113 29124 I art     : Explicit concurrent mark sweep GC freed 1620(98KB) AllocSpace objects, 1(20KB) LOS objects, 40% free, 23MB/39MB, paused 214us total 18.032ms
08-04 21:33:09.186 29113 29124 I art     : Starting a blocking GC Explicit
08-04 21:33:09.202 29113 29124 I art     : Explicit concurrent mark sweep GC freed 35(1136B) AllocSpace objects, 0(0B) LOS objects, 40% free, 23MB/39MB, paused 199us total 16.285ms
08-04 21:33:09.209 29113 29124 I art     : Starting a blocking GC Explicit
08-04 21:33:09.224 29113 29124 I art     : Explicit concurrent mark sweep GC freed 3(96B) AllocSpace objects, 0(0B) LOS objects, 40% free, 23MB/39MB, paused 189us total 14.833ms
08-04 21:33:09.230 29113 29124 I art     : Starting a blocking GC Explicit
08-04 21:33:09.246 29113 29124 I art     : Explicit concurrent mark sweep GC freed 3(96B) AllocSpace objects, 0(0B) LOS objects, 40% free, 23MB/39MB, paused 184us total 15.135ms
08-04 21:33:09.252 29113 29124 I art     : Starting a blocking GC Explicit
08-04 21:33:09.267 29113 29124 I art     : Explicit concurrent mark sweep GC freed 3(96B) AllocSpace objects, 0(0B) LOS objects, 40% free, 23MB/39MB, paused 183us total 15.139ms
08-04 21:33:09.461 29469 29469 D AndroidRuntime: >>>>>> START com.android.internal.os.RuntimeInit uid 2000 <<<<<<
08-04 21:33:09.465 29469 29469 D AndroidRuntime: CheckJNI is OFF
08-04 21:33:09.489 29469 29469 D ICU     : No timezone override file found: /data/misc/zoneinfo/current/icu/icu_tzdata.dat
08-04 21:33:09.514 29469 29469 I Radio-JNI: register_android_hardware_Radio DONE
08-04 21:33:09.518 29113 29172 I art     : Starting a blocking GC Explicit
08-04 21:33:09.531 29469 29469 D AndroidRuntime: Calling main entry com.android.commands.input.Input
08-04 21:33:09.533 29469 29469 I Input   : injectMotionEvent: MotionEvent { action=ACTION_DOWN, actionButton=0, id[0]=0, x[0]=400.0, y[0]=997.0, toolType[0]=TOOL_TYPE_UNKNOWN, buttonState=0, metaState=0, flags=0x0, edgeFlags=0x0, pointerCount=1, historySize=0, eventTime=740005945, downTime=740005945, deviceId=0, source=0x1002 }
08-04 21:33:09.535 29113 29172 I art     : Explicit concurrent mark sweep GC freed 1596(98KB) AllocSpace objects, 1(20KB) LOS objects, 40% free, 23MB/39MB, paused 273us total 16.366ms
08-04 21:33:09.537 29469 29469 I Input   : injectMotionEvent: MotionEvent { action=ACTION_UP, actionButton=0, id[0]=0, x[0]=400.0, y[0]=997.0, toolType[0]=TOOL_TYPE_UNKNOWN, buttonState=0, metaState=0, flags=0x0, edgeFlags=0x0, pointerCount=1, historySize=0, eventTime=740005945, downTime=740005945, deviceId=0, source=0x1002 }
08-04 21:33:09.539 29469 29469 D AndroidRuntime: Shutting down VM
08-04 21:33:09.542 29113 29172 I art     : Starting a blocking GC Explicit
08-04 21:33:09.552   512  2967 D audio_hw_primary: out_set_parameters: enter: usecase(1: low-latency-playback) kvpairs: routing=2
08-04 21:33:09.559 29113 29172 I art     : Explicit concurrent mark sweep GC freed 242(15KB) AllocSpace objects, 0(0B) LOS objects, 40% free, 23MB/39MB, paused 719us total 16.989ms
08-04 21:33:09.564   512  2967 D audio_hw_primary: select_devices: out_snd_device(2: speaker) in_snd_device(0: none)
08-04 21:33:09.564   512  2967 D msm8974_platform: platform_send_audio_calibration: sending audio calibration for snd_device(2) acdb_id(15)
08-04 21:33:09.565   512  2967 I soundtrigger: audio_extn_sound_trigger_update_device_status: device 0x2 of type 0 for Event 1
08-04 21:33:09.567 29113 29172 I art     : Starting a blocking GC Explicit
08-04 21:33:09.577   512  2967 D audio_hw_primary: enable_snd_device: snd_device(2: speaker)
08-04 21:33:09.579   512  2967 D audio_hw_primary: enable_audio_route: apply and update mixer path: low-latency-playback speaker
08-04 21:33:09.584 29113 29172 I art     : Explicit concurrent mark sweep GC freed 874(55KB) AllocSpace objects, 1(20KB) LOS objects, 39% free, 24MB/40MB, paused 435us total 16.721ms
08-04 21:33:09.590 29113 29172 I art     : Starting a blocking GC Explicit
08-04 21:33:09.608 29113 29172 I art     : Explicit concurrent mark sweep GC freed 523(30KB) AllocSpace objects, 0(0B) LOS objects, 39% free, 24MB/40MB, paused 491us total 17.418ms
08-04 21:33:09.614 29113 29172 I art     : Starting a blocking GC Explicit
08-04 21:33:09.630 29113 29172 I art     : Explicit concurrent mark sweep GC freed 134(14KB) AllocSpace objects, 0(0B) LOS objects, 39% free, 24MB/40MB, paused 240us total 15.797ms
08-04 21:33:09.650 13866 13866 I GoogleInputMethodServic: GoogleInputMethodService.onFinishInput():3138 
08-04 21:33:09.651 13866 13866 I GoogleInputMethodServic: GoogleInputMethodService.onStartInput():1808 
08-04 21:33:09.719   518   646 I ThermalEngine: ACTION: GPU - Setting GPU[0] to 510000000
08-04 21:33:09.866 29113 29172 I art     : Starting a blocking GC Explicit
08-04 21:33:09.888 29113 29172 I art     : Explicit concurrent mark sweep GC freed 1687(102KB) AllocSpace objects, 1(20KB) LOS objects, 39% free, 24MB/40MB, paused 282us total 22.270ms
08-04 21:33:09.897 29113 29172 I art     : Starting a blocking GC Explicit
08-04 21:33:09.919 29113 29172 I art     : Explicit concurrent mark sweep GC freed 44(1648B) AllocSpace objects, 0(0B) LOS objects, 39% free, 24MB/40MB, paused 287us total 21.839ms
08-04 21:33:09.927 29113 29172 I art     : Starting a blocking GC Explicit
08-04 21:33:09.948 29113 29172 I art     : Explicit concurrent mark sweep GC freed 3(96B) AllocSpace objects, 0(0B) LOS objects, 39% free, 24MB/40MB, paused 304us total 20.778ms
08-04 21:33:09.957 29113 29172 I art     : Starting a blocking GC Explicit
08-04 21:33:09.978 29113 29172 I art     : Explicit concurrent mark sweep GC freed 3(96B) AllocSpace objects, 0(0B) LOS objects, 39% free, 24MB/40MB, paused 271us total 20.935ms
08-04 21:33:09.986 29113 29172 I art     : Starting a blocking GC Explicit
08-04 21:33:10.007 29113 29172 I art     : Explicit concurrent mark sweep GC freed 3(96B) AllocSpace objects, 0(0B) LOS objects, 39% free, 24MB/40MB, paused 287us total 20.929ms
08-04 21:33:10.109   512  2967 D audio_hw_primary: disable_audio_route: reset and update mixer path: low-latency-playback speaker
08-04 21:33:10.111   512  2967 D audio_hw_primary: disable_snd_device: snd_device(2: speaker)
08-04 21:33:10.120   512  2967 I soundtrigger: audio_extn_sound_trigger_update_device_status: device 0x2 of type 0 for Event 0
08-04 21:33:10.184 29495 29495 D AndroidRuntime: >>>>>> START com.android.internal.os.RuntimeInit uid 2000 <<<<<<
08-04 21:33:10.188 29495 29495 D AndroidRuntime: CheckJNI is OFF
08-04 21:33:10.220 29495 29495 D ICU     : No timezone override file found: /data/misc/zoneinfo/current/icu/icu_tzdata.dat
08-04 21:33:10.254 29495 29495 I Radio-JNI: register_android_hardware_Radio DONE
08-04 21:33:10.271 29113 29124 I art     : Starting a blocking GC Explicit
08-04 21:33:10.276 29495 29495 D AndroidRuntime: Calling main entry com.android.commands.input.Input
08-04 21:33:10.278 29495 29495 I Input   : injectMotionEvent: MotionEvent { action=ACTION_DOWN, actionButton=0, id[0]=0, x[0]=697.0, y[0]=656.0, toolType[0]=TOOL_TYPE_UNKNOWN, buttonState=0, metaState=0, flags=0x0, edgeFlags=0x0, pointerCount=1, historySize=0, eventTime=740006691, downTime=740006691, deviceId=0, source=0x1002 }
08-04 21:33:10.283 29495 29495 I Input   : injectMotionEvent: MotionEvent { action=ACTION_UP, actionButton=0, id[0]=0, x[0]=697.0, y[0]=656.0, toolType[0]=TOOL_TYPE_UNKNOWN, buttonState=0, metaState=0, flags=0x0, edgeFlags=0x0, pointerCount=1, historySize=0, eventTime=740006691, downTime=740006691, deviceId=0, source=0x1002 }
08-04 21:33:10.286 29495 29495 D AndroidRuntime: Shutting down VM
08-04 21:33:10.294 29113 29124 I art     : Explicit concurrent mark sweep GC freed 1631(96KB) AllocSpace objects, 1(20KB) LOS objects, 39% free, 24MB/40MB, paused 294us total 22.252ms
08-04 21:33:10.303 29113 29124 I art     : Starting a blocking GC Explicit
08-04 21:33:10.305   512  2967 D audio_hw_primary: out_set_parameters: enter: usecase(1: low-latency-playback) kvpairs: routing=2
08-04 21:33:10.317   512  2967 D audio_hw_primary: select_devices: out_snd_device(2: speaker) in_snd_device(0: none)
08-04 21:33:10.318   512  2967 D msm8974_platform: platform_send_audio_calibration: sending audio calibration for snd_device(2) acdb_id(15)
08-04 21:33:10.318   512  2967 I soundtrigger: audio_extn_sound_trigger_update_device_status: device 0x2 of type 0 for Event 1
08-04 21:33:10.327   512  2967 D audio_hw_primary: enable_snd_device: snd_device(2: speaker)
08-04 21:33:10.327 29113 29124 I art     : Explicit concurrent mark sweep GC freed 229(34KB) AllocSpace objects, 0(0B) LOS objects, 39% free, 24MB/40MB, paused 681us total 24.184ms
08-04 21:33:10.329   512  2967 D audio_hw_primary: enable_audio_route: apply and update mixer path: low-latency-playback speaker
08-04 21:33:10.335 29113 29124 I art     : Starting a blocking GC Explicit
08-04 21:33:10.355 29113 29124 I art     : Explicit concurrent mark sweep GC freed 322(56KB) AllocSpace objects, 0(0B) LOS objects, 39% free, 24MB/40MB, paused 285us total 19.721ms
08-04 21:33:10.363 29113 29124 I art     : Starting a blocking GC Explicit
08-04 21:33:10.369 13866 13866 I GoogleInputMethodServic: GoogleInputMethodService.onFinishInput():3138 
08-04 21:33:10.369 13866 13866 I GoogleInputMethodServic: GoogleInputMethodService.onStartInput():1808 
08-04 21:33:10.370   512  2967 D AudioFlinger: mixer(0xf4740000) throttle end: throttle time(12)
08-04 21:33:10.384 29113 29124 I art     : Explicit concurrent mark sweep GC freed 133(5KB) AllocSpace objects, 0(0B) LOS objects, 39% free, 24MB/40MB, paused 910us total 20.611ms
08-04 21:33:10.394 29113 29124 I art     : Starting a blocking GC Explicit
08-04 21:33:10.415 29113 29124 I art     : Explicit concurrent mark sweep GC freed 527(24KB) AllocSpace objects, 0(0B) LOS objects, 39% free, 24MB/40MB, paused 280us total 20.814ms
08-04 21:33:10.587 29532 29532 W PathParser: Points are too far apart 4.030360828967057
08-04 21:33:10.587 29532 29532 W PathParser: Points are too far apart 4.030360538880159
08-04 21:33:10.601 29532 29532 W PathParser: Points are too far apart 4.030360828967057
08-04 21:33:10.601 29532 29532 W PathParser: Points are too far apart 4.030360538880159
08-04 21:33:10.618 29532 29532 W PathParser: Points are too far apart 4.030360828967057
08-04 21:33:10.619 29532 29532 W PathParser: Points are too far apart 4.030360538880159
08-04 21:33:10.634 29532 29532 W PathParser: Points are too far apart 4.030360828967057
08-04 21:33:10.634 29532 29532 W PathParser: Points are too far apart 4.030360538880159
08-04 21:33:10.650 29532 29532 W PathParser: Points are too far apart 4.030360828967057
08-04 21:33:10.650 29532 29532 W PathParser: Points are too far apart 4.030360538880159
08-04 21:33:10.667 29532 29532 W PathParser: Points are too far apart 4.030360828967057
08-04 21:33:10.667 29532 29532 W PathParser: Points are too far apart 4.030360538880159
08-04 21:33:10.669 29113 29125 I art     : Starting a blocking GC Explicit
08-04 21:33:10.684 29532 29532 W PathParser: Points are too far apart 4.030360828967057
08-04 21:33:10.684 29532 29532 W PathParser: Points are too far apart 4.030360538880159
08-04 21:33:10.692 29113 29125 I art     : Explicit concurrent mark sweep GC freed 1604(101KB) AllocSpace objects, 1(20KB) LOS objects, 39% free, 24MB/40MB, paused 301us total 22.217ms
08-04 21:33:10.701 29113 29125 I art     : Starting a blocking GC Explicit
08-04 21:33:10.722 29113 29125 I art     : Explicit concurrent mark sweep GC freed 45(1552B) AllocSpace objects, 0(0B) LOS objects, 39% free, 24MB/40MB, paused 250us total 21.478ms
08-04 21:33:10.731 29113 29125 I art     : Starting a blocking GC Explicit
08-04 21:33:10.753 29113 29125 I art     : Explicit concurrent mark sweep GC freed 3(96B) AllocSpace objects, 0(0B) LOS objects, 39% free, 24MB/40MB, paused 249us total 21.746ms
08-04 21:33:10.761 29113 29125 I art     : Starting a blocking GC Explicit
08-04 21:33:10.783 29113 29125 I art     : Explicit concurrent mark sweep GC freed 3(96B) AllocSpace objects, 0(0B) LOS objects, 39% free, 24MB/40MB, paused 296us total 21.807ms
08-04 21:33:10.783 29113 29123 I art     : WaitForGcToComplete blocked for 22.100ms for cause HeapTrim
08-04 21:33:10.791 29113 29125 I art     : Starting a blocking GC Explicit
08-04 21:33:10.813 29113 29125 I art     : Explicit concurrent mark sweep GC freed 5(192B) AllocSpace objects, 0(0B) LOS objects, 39% free, 24MB/40MB, paused 276us total 21.608ms
08-04 21:33:10.858   512  2967 D audio_hw_primary: disable_audio_route: reset and update mixer path: low-latency-playback speaker
08-04 21:33:10.859   512  2967 D audio_hw_primary: disable_snd_device: snd_device(2: speaker)
08-04 21:33:10.868   512  2967 I soundtrigger: audio_extn_sound_trigger_update_device_status: device 0x2 of type 0 for Event 0
08-04 21:33:10.949 29525 29525 D AndroidRuntime: >>>>>> START com.android.internal.os.RuntimeInit uid 2000 <<<<<<
08-04 21:33:10.959 29525 29525 D AndroidRuntime: CheckJNI is OFF
08-04 21:33:10.998 29525 29525 D ICU     : No timezone override file found: /data/misc/zoneinfo/current/icu/icu_tzdata.dat
08-04 21:33:11.034 29525 29525 I Radio-JNI: register_android_hardware_Radio DONE
08-04 21:33:11.056 29525 29525 D AndroidRuntime: Calling main entry com.android.commands.input.Input
08-04 21:33:11.058 29525 29525 I Input   : injectMotionEvent: MotionEvent { action=ACTION_DOWN, actionButton=0, id[0]=0, x[0]=256.0, y[0]=1589.0, toolType[0]=TOOL_TYPE_UNKNOWN, buttonState=0, metaState=0, flags=0x0, edgeFlags=0x0, pointerCount=1, historySize=0, eventTime=740007471, downTime=740007471, deviceId=0, source=0x1002 }
08-04 21:33:11.062 29525 29525 I Input   : injectMotionEvent: MotionEvent { action=ACTION_UP, actionButton=0, id[0]=0, x[0]=256.0, y[0]=1589.0, toolType[0]=TOOL_TYPE_UNKNOWN, buttonState=0, metaState=0, flags=0x0, edgeFlags=0x0, pointerCount=1, historySize=0, eventTime=740007471, downTime=740007471, deviceId=0, source=0x1002 }
08-04 21:33:11.064 29525 29525 D AndroidRuntime: Shutting down VM
08-04 21:33:11.072 29113 29113 D UserPreferences: timeOfDay: []
08-04 21:33:11.072 29113 29113 D AutoUpdateManager: Restarting update alarm.
08-04 21:33:11.075   512  2967 D audio_hw_primary: out_set_parameters: enter: usecase(1: low-latency-playback) kvpairs: routing=2
08-04 21:33:11.075 29113 29113 D AutoUpdateManager: Automatic update was deactivated
08-04 21:33:11.088   512  2967 D audio_hw_primary: select_devices: out_snd_device(2: speaker) in_snd_device(0: none)
08-04 21:33:11.089   512  2967 D msm8974_platform: platform_send_audio_calibration: sending audio calibration for snd_device(2) acdb_id(15)
08-04 21:33:11.089   512  2967 I soundtrigger: audio_extn_sound_trigger_update_device_status: device 0x2 of type 0 for Event 1
08-04 21:33:11.096 13866 13866 I GoogleInputMethodServic: GoogleInputMethodService.onFinishInput():3138 
08-04 21:33:11.097 13866 13866 I GoogleInputMethodServic: GoogleInputMethodService.onStartInput():1808 
08-04 21:33:11.101   512  2967 D audio_hw_primary: enable_snd_device: snd_device(2: speaker)
08-04 21:33:11.104   512  2967 D audio_hw_primary: enable_audio_route: apply and update mixer path: low-latency-playback speaker
08-04 21:33:11.113 29113 29524 I art     : Starting a blocking GC Explicit
08-04 21:33:11.117 29532 29532 W PathParser: Points are too far apart 4.030360828967057
08-04 21:33:11.117 29532 29532 W PathParser: Points are too far apart 4.030360538880159
08-04 21:33:11.134 29532 29532 W PathParser: Points are too far apart 4.030360828967057
08-04 21:33:11.134 29532 29532 W PathParser: Points are too far apart 4.030360538880159
08-04 21:33:11.134 29113 29524 I art     : Explicit concurrent mark sweep GC freed 1955(125KB) AllocSpace objects, 2(40KB) LOS objects, 39% free, 24MB/40MB, paused 312us total 20.747ms
08-04 21:33:11.142 29113 29524 I art     : Starting a blocking GC Explicit
08-04 21:33:11.146   512  2967 D AudioFlinger: mixer(0xf4740000) throttle end: throttle time(12)
08-04 21:33:11.151 29532 29532 W PathParser: Points are too far apart 4.030360828967057
08-04 21:33:11.151 29532 29532 W PathParser: Points are too far apart 4.030360538880159
08-04 21:33:11.163 29113 29524 I art     : Explicit concurrent mark sweep GC freed 72(2560B) AllocSpace objects, 0(0B) LOS objects, 39% free, 24MB/40MB, paused 291us total 20.971ms
08-04 21:33:11.167 29532 29532 W PathParser: Points are too far apart 4.030360828967057
08-04 21:33:11.168 29532 29532 W PathParser: Points are too far apart 4.030360538880159
08-04 21:33:11.173 29113 29524 I art     : Starting a blocking GC Explicit
08-04 21:33:11.184 29532 29532 W PathParser: Points are too far apart 4.030360828967057
08-04 21:33:11.184 29532 29532 W PathParser: Points are too far apart 4.030360538880159
08-04 21:33:11.194 29113 29524 I art     : Explicit concurrent mark sweep GC freed 27(1536B) AllocSpace objects, 0(0B) LOS objects, 39% free, 24MB/40MB, paused 248us total 21.144ms
08-04 21:33:11.201 29532 29532 W PathParser: Points are too far apart 4.030360828967057
08-04 21:33:11.201 29532 29532 W PathParser: Points are too far apart 4.030360538880159
08-04 21:33:11.204 29113 29524 I art     : Starting a blocking GC Explicit
08-04 21:33:11.218 29532 29532 W PathParser: Points are too far apart 4.030360828967057
08-04 21:33:11.218 29532 29532 W PathParser: Points are too far apart 4.030360538880159
08-04 21:33:11.227 29113 29524 I art     : Explicit concurrent mark sweep GC freed 80(3KB) AllocSpace objects, 0(0B) LOS objects, 39% free, 24MB/40MB, paused 321us total 22.645ms
08-04 21:33:11.234 29532 29532 W PathParser: Points are too far apart 4.030360828967057
08-04 21:33:11.234 29532 29532 W PathParser: Points are too far apart 4.030360538880159
08-04 21:33:11.236 29113 29524 I art     : Starting a blocking GC Explicit
08-04 21:33:11.259 29113 29524 I art     : Explicit concurrent mark sweep GC freed 68(2176B) AllocSpace objects, 0(0B) LOS objects, 39% free, 24MB/40MB, paused 273us total 22.688ms
08-04 21:33:11.284   380   380 W SurfaceFlinger: couldn't log to binary event log: overflow.
08-04 21:33:11.504 29113 29524 I art     : Starting a blocking GC Explicit
08-04 21:33:11.525 29113 29524 I art     : Explicit concurrent mark sweep GC freed 1971(106KB) AllocSpace objects, 1(20KB) LOS objects, 39% free, 24MB/40MB, paused 249us total 20.569ms
08-04 21:33:11.534 29113 29524 I art     : Starting a blocking GC Explicit
08-04 21:33:11.556 29113 29524 I art     : Explicit concurrent mark sweep GC freed 35(1136B) AllocSpace objects, 0(0B) LOS objects, 39% free, 24MB/40MB, paused 261us total 20.941ms
08-04 21:33:11.564 29113 29524 I art     : Starting a blocking GC Explicit
08-04 21:33:11.586 29113 29524 I art     : Explicit concurrent mark sweep GC freed 3(96B) AllocSpace objects, 0(0B) LOS objects, 39% free, 24MB/40MB, paused 277us total 21.794ms
08-04 21:33:11.595 29113 29524 I art     : Starting a blocking GC Explicit
08-04 21:33:11.617 29113 29524 I art     : Explicit concurrent mark sweep GC freed 3(96B) AllocSpace objects, 0(0B) LOS objects, 39% free, 24MB/40MB, paused 295us total 21.721ms
08-04 21:33:11.625 29113 29524 I art     : Starting a blocking GC Explicit
08-04 21:33:11.638   512  2967 D audio_hw_primary: disable_audio_route: reset and update mixer path: low-latency-playback speaker
08-04 21:33:11.639   512  2967 D audio_hw_primary: disable_snd_device: snd_device(2: speaker)
08-04 21:33:11.647 29113 29524 I art     : Explicit concurrent mark sweep GC freed 3(96B) AllocSpace objects, 0(0B) LOS objects, 39% free, 24MB/40MB, paused 330us total 21.313ms
08-04 21:33:11.648   512  2967 I soundtrigger: audio_extn_sound_trigger_update_device_status: device 0x2 of type 0 for Event 0
08-04 21:33:11.711 29581 29581 D AndroidRuntime: >>>>>> START com.android.internal.os.RuntimeInit uid 2000 <<<<<<
08-04 21:33:11.716 29581 29581 D AndroidRuntime: CheckJNI is OFF
08-04 21:33:11.723   518   646 I ThermalEngine: ACTION: GPU - Setting GPU[0] to 450000000
08-04 21:33:11.758 29581 29581 D ICU     : No timezone override file found: /data/misc/zoneinfo/current/icu/icu_tzdata.dat
08-04 21:33:11.801 29581 29581 I Radio-JNI: register_android_hardware_Radio DONE
08-04 21:33:11.830 29581 29581 D AndroidRuntime: Calling main entry com.android.commands.input.Input
08-04 21:33:11.832 29581 29581 I Input   : injectKeyEvent: KeyEvent { action=ACTION_DOWN, keyCode=KEYCODE_BACK, scanCode=0, metaState=0, flags=0x0, repeatCount=0, eventTime=740008245, downTime=740008245, deviceId=-1, source=0x101 }
08-04 21:33:11.836 29581 29581 I Input   : injectKeyEvent: KeyEvent { action=ACTION_UP, keyCode=KEYCODE_BACK, scanCode=0, metaState=0, flags=0x0, repeatCount=0, eventTime=740008245, downTime=740008245, deviceId=-1, source=0x101 }
08-04 21:33:11.846 29581 29581 D AndroidRuntime: Shutting down VM
08-04 21:33:11.923 29113 29172 I art     : Starting a blocking GC Explicit
08-04 21:33:11.925 13866 13866 I GoogleInputMethodServic: GoogleInputMethodService.onFinishInput():3138 
08-04 21:33:11.926 13866 13866 I GoogleInputMethodServic: GoogleInputMethodService.onStartInput():1808 
08-04 21:33:11.958 29113 29172 I art     : Explicit concurrent mark sweep GC freed 3045(161KB) AllocSpace objects, 1(20KB) LOS objects, 39% free, 24MB/40MB, paused 375us total 34.661ms
08-04 21:33:11.970 29113 29172 I art     : Starting a blocking GC Explicit
08-04 21:33:11.997 29113 29172 I art     : Explicit concurrent mark sweep GC freed 9308(588KB) AllocSpace objects, 1(48KB) LOS objects, 40% free, 23MB/39MB, paused 399us total 26.645ms
08-04 21:33:12.008 29113 29172 I art     : Starting a blocking GC Explicit
08-04 21:33:12.033 29113 29172 I art     : Explicit concurrent mark sweep GC freed 8(336B) AllocSpace objects, 0(0B) LOS objects, 40% free, 23MB/39MB, paused 360us total 25.355ms
08-04 21:33:12.044 29113 29172 I art     : Starting a blocking GC Explicit
08-04 21:33:12.070 29113 29172 I art     : Explicit concurrent mark sweep GC freed 28(784B) AllocSpace objects, 0(0B) LOS objects, 40% free, 23MB/39MB, paused 382us total 25.150ms
08-04 21:33:12.080 29113 29172 I art     : Starting a blocking GC Explicit
08-04 21:33:12.107 29113 29172 I art     : Explicit concurrent mark sweep GC freed 3(96B) AllocSpace objects, 0(0B) LOS objects, 40% free, 23MB/39MB, paused 355us total 25.825ms
08-04 21:33:12.389 29113 29524 I art     : Starting a blocking GC Explicit
08-04 21:33:12.421 29113 29524 I art     : Explicit concurrent mark sweep GC freed 1597(94KB) AllocSpace objects, 1(20KB) LOS objects, 40% free, 23MB/39MB, paused 379us total 30.994ms
08-04 21:33:12.434 29113 29524 I art     : Starting a blocking GC Explicit
08-04 21:33:12.464 29113 29524 I art     : Explicit concurrent mark sweep GC freed 35(1136B) AllocSpace objects, 0(0B) LOS objects, 40% free, 23MB/39MB, paused 357us total 29.858ms
08-04 21:33:12.476 29113 29524 I art     : Starting a blocking GC Explicit
08-04 21:33:12.503 29113 29524 I art     : Explicit concurrent mark sweep GC freed 3(96B) AllocSpace objects, 0(0B) LOS objects, 40% free, 23MB/39MB, paused 370us total 25.778ms
08-04 21:33:12.514 29113 29524 I art     : Starting a blocking GC Explicit
08-04 21:33:12.540 29113 29524 I art     : Explicit concurrent mark sweep GC freed 3(96B) AllocSpace objects, 0(0B) LOS objects, 40% free, 23MB/39MB, paused 355us total 26.230ms
08-04 21:33:12.551 29113 29524 I art     : Starting a blocking GC Explicit
08-04 21:33:12.577 29113 29524 I art     : Explicit concurrent mark sweep GC freed 3(96B) AllocSpace objects, 0(0B) LOS objects, 40% free, 23MB/39MB, paused 381us total 25.823ms
08-04 21:33:12.614   918   918 I ActivityManager: Start proc 29627:nappagreedy.com.newsblur/u0a655 for service nappagreedy.com.newsblur/.service.NBSyncService
08-04 21:33:12.615 29627 29627 I art     : Late-enabling -Xcheck:jni
08-04 21:33:12.617  8429  8429 I Finsky  : [1] xow.onStartJob(3): SCH: onJobSchedulerWakeup with jobId 9003
08-04 21:33:12.624  8429  8429 I Finsky  : [1] xjw.a(9): Scheduling fallback in 43199998 (absolute: 1766596496)
08-04 21:33:12.630  8429  8429 I Finsky  : [1] xjw.a(9): Scheduling fallback in 64799994 (absolute: 1788196499)
08-04 21:33:12.650 29627 29627 W System  : ClassLoader referenced unknown path: /data/app/nappagreedy.com.newsblur-1/lib/arm64
08-04 21:33:12.716  8429  8429 I Finsky  : [1] xkf.handleMessage(8): SCH: DeviceState: DeviceState{currentTime=1596569592711, isCharging=false, isIdle=false, netAny=true, netNotRoaming=true, netUnmetered=true, batteryPercent=100.0}
08-04 21:33:12.720  8429 29082 I Finsky  : [6296] xmu.a(8): SCH: Jobs in database: 1-1337 3-197 3-198 12-1 26-1414141414 
08-04 21:33:12.723  8429  8429 I Finsky  : [1] xkg.a(16): SCH: Running job: 12-1
08-04 21:33:12.724  8429  8429 I Finsky  : [1] ContentSyncJob.a(16): [ContentSync] job started
08-04 21:33:12.724  8429  8429 I Finsky  : [1] xkf.handleMessage(61): SCH: RunningQueue size: 1, PendingQueue size: 0
08-04 21:33:12.725  8429  8429 I Finsky  : [1] xkf.handleMessage(64): SCH: Running queue: 12-1 
08-04 21:33:12.801  8429 29092 I Finsky  : [6301] dzn.a(22): Completed 0 account content syncs with 0 successful.
08-04 21:33:12.803  8429  8429 I Finsky  : [1] ContentSyncJob.a(1): [ContentSync] Installation state replication succeeded.
08-04 21:33:12.803  8429  8429 I Finsky  : [1] xlr.a(13): SCH: jobFinished: 12-1. TimeElapsed: 79ms.
08-04 21:33:12.804  8429  8429 I Finsky  : [1] xkg.a(36): SCH: Job 12-1 finished. Not rescheduling.
08-04 21:33:12.804  8429  8429 I Finsky  : [1] xkf.handleMessage(61): SCH: RunningQueue size: 0, PendingQueue size: 0
08-04 21:33:12.804  8429  8429 I Finsky  : [1] xkf.handleMessage(25): Executor finished
