08-04 00:39:12.004 27066 28412 D CustomInterceptor: 			<link><![CDATA[http://traffic.libsyn.com/joeroganexp/p1513.mp3]]></link>
08-04 00:39:12.004 27066 28412 D CustomInterceptor: 			<itunes:image href="http://static.libsyn.com/p/assets/2/e/2/9/2e29936a079c8b11/JRE1513.jpg" />
08-04 00:39:12.004 27066 28412 D CustomInterceptor: 			<description><![CDATA[AndrewHubermanis a neuroscientist and tenured professor in the Department of Neurobiology at the Stanford University Schoo
08-04 00:39:12.005 27066 28412 D CustomInterceptor: interceptor_finished : return_type #2 : request served from cache
08-04 00:39:12.046 27066 28412 D MYTAG   : interceptor 3a http://joeroganexp.joerogan.libsynpro.com/rss
08-04 00:39:12.046 27066 28412 I NAPPA_EXPERIMENTATION: MetricNetworkRequestExecutionTime: REQUEST_DURATION_SYSTEM='92',REQUEST_DURATION_OKHTTP='0',REQUEST_SYNCHRONOUS='TRUE',RESPONSE_CODE='200',RESPONSE_METHOD='GET',RESPONSE_LENGTH_OKHTTP='2239818',RESPONSE_LENGTH_HEADER='-2',REQUEST_PROTOCOL='http/1.1',REQUEST_URL='http://joeroganexp.joerogan.libsynpro.com/rss',
08-04 00:39:12.046 27066 28412 D HttpDownloader: Response code is 200
08-04 00:39:12.046 27066 28412 D UserPreferences: Using default data folder
08-04 00:39:12.048 27066 28412 D HttpDownloader: Getting size of download
08-04 00:39:12.048 27066 28412 D HttpDownloader: Size is 2239818
08-04 00:39:12.049 27066 28412 D UserPreferences: Using default data folder
08-04 00:39:12.050 27066 28412 D HttpDownloader: Free space is 20618043392
08-04 00:39:12.050 27066 28412 D HttpDownloader: Starting download
08-04 00:39:12.054 27066 27092 D Nappa   : registerActivity: (already in) nappatfpr.de.danoeh.antennapod.activity.OnlineFeedViewActivity
08-04 00:39:12.055 27066 27092 D Nappa   : PARENTS 
08-04 00:39:12.055 27066 27092 D Nappa   : Of: nappatfpr.de.danoeh.antennapod.activity.OnlineFeedViewActivity -> 
08-04 00:39:12.055 27066 27092 D Nappa   : PARENTS nappatfpr.de.danoeh.antennapod.activity.MainActivity
08-04 00:39:12.055 27066 27092 D Nappa   : PARENTS has extra: (arg.feedurl, http://joeroganexp.joerogan.libsynpro.com/rss)
08-04 00:39:12.055 27066 27092 D Nappa   : PARENTS value of key 'arg.feedurl' is contained into http://joeroganexp.joerogan.libsynpro.com/rss
08-04 00:39:12.055 27066 27092 D Nappa   : PARENTS PARAM: arg.feedurl
08-04 00:39:12.055 27066 27092 D Nappa   : PARENTS   NODE nappatfpr.de.danoeh.antennapod.activity.OnlineFeedViewActivity ALREADY CONTAINS THIS URL
08-04 00:39:12.055 27066 27092 D Nappa   : PARENTS has extra: (title, iTunes)
08-04 00:39:12.055 27066 27092 D Nappa   : PARENTS nappatfpr.de.danoeh.antennapod.activity.SplashActivity
08-04 00:39:12.093 27066 28412 D HttpDownloader: Download was successful
08-04 00:39:12.094   918   928 D WifiService: releaseWifiLockLocked: WifiLock{Downloader type=1 binder=android.os.BinderProxy@5b0937e}
08-04 00:39:12.094 27066 28410 D downloadCompletionThd: Received 'Download Complete' - message.
08-04 00:39:12.094 27066 28410 D DownloadService: Handling completed Feed Download
08-04 00:39:12.094 27066 27066 D DownloadService: Removing downloader: http://joeroganexp.joerogan.libsynpro.com/rss
08-04 00:39:12.094 27066 27066 D DownloadService: Result of downloads.remove: true
08-04 00:39:12.098 27066 28416 D TypeGetter: Recognized type RSS 2.0
08-04 00:39:12.099 27066 28416 D SyndHandler: Recognized Atom namespace
08-04 00:39:12.099 27066 28416 D SyndHandler: Recognized ITunes namespace
08-04 00:39:12.099 27066 28416 D SyndHandler: Recognized media namespace
08-04 00:39:12.099 27066 28416 D SyndHandler: Recognized Content namespace
08-04 00:39:12.204 27066 27622 I art     : Starting a blocking GC Explicit
08-04 00:39:12.246 27066 27622 I art     : Explicit concurrent mark sweep GC freed 9835(3MB) AllocSpace objects, 5(2MB) LOS objects, 30% free, 36MB/52MB, paused 1.228ms total 41.764ms
08-04 00:39:12.258 27066 27622 I art     : Starting a blocking GC Explicit
08-04 00:39:12.266 27066 27075 E StrictMode: A resource was acquired at attached stack trace but never released. See java.io.Closeable for information on avoiding resource leaks.
08-04 00:39:12.266 27066 27075 E StrictMode: java.lang.Throwable: Explicit termination method 'close' not called
08-04 00:39:12.266 27066 27075 E StrictMode: 	at dalvik.system.CloseGuard.open(CloseGuard.java:180)
08-04 00:39:12.266 27066 27075 E StrictMode: 	at java.io.FileOutputStream.<init>(FileOutputStream.java:89)
08-04 00:39:12.266 27066 27075 E StrictMode: 	at okio.Okio.appendingSink(Okio.java:187)
08-04 00:39:12.266 27066 27075 E StrictMode: 	at okhttp3.internal.io.FileSystem$1.appendingSink(FileSystem.java:59)
08-04 00:39:12.266 27066 27075 E StrictMode: 	at okhttp3.internal.cache.DiskLruCache.newJournalWriter(DiskLruCache.java:312)
08-04 00:39:12.266 27066 27075 E StrictMode: 	at okhttp3.internal.cache.DiskLruCache.readJournal(DiskLruCache.java:306)
08-04 00:39:12.266 27066 27075 E StrictMode: 	at okhttp3.internal.cache.DiskLruCache.initialize(DiskLruCache.java:228)
08-04 00:39:12.266 27066 27075 E StrictMode: 	at okhttp3.internal.cache.DiskLruCache.get(DiskLruCache.java:430)
08-04 00:39:12.266 27066 27075 E StrictMode: 	at okhttp3.Cache.get(Cache.java:198)
08-04 00:39:12.266 27066 27075 E StrictMode: 	at okhttp3.Cache$1.get(Cache.java:145)
08-04 00:39:12.266 27066 27075 E StrictMode: 	at okhttp3.internal.cache.CacheInterceptor.intercept(CacheInterceptor.java:55)
08-04 00:39:12.266 27066 27075 E StrictMode: 	at okhttp3.internal.http.RealInterceptorChain.proceed(RealInterceptorChain.java:142)
08-04 00:39:12.266 27066 27075 E StrictMode: 	at okhttp3.internal.http.RealInterceptorChain.proceed(RealInterceptorChain.java:117)
08-04 00:39:12.266 27066 27075 E StrictMode: 	at okhttp3.internal.http.BridgeInterceptor.intercept(BridgeInterceptor.java:93)
08-04 00:39:12.266 27066 27075 E StrictMode: 	at okhttp3.internal.http.RealInterceptorChain.proceed(RealInterceptorChain.java:142)
08-04 00:39:12.266 27066 27075 E StrictMode: 	at okhttp3.internal.http.RetryAndFollowUpInterceptor.intercept(RetryAndFollowUpInterceptor.java:88)
08-04 00:39:12.266 27066 27075 E StrictMode: 	at okhttp3.internal.http.RealInterceptorChain.proceed(RealInterceptorChain.java:142)
08-04 00:39:12.266 27066 27075 E StrictMode: 	at okhttp3.internal.http.RealInterceptorChain.proceed(RealInterceptorChain.java:117)
08-04 00:39:12.266 27066 27075 E StrictMode: 	at nl.vu.cs.s2group.nappa.Nappa$CustomInterceptor.intercept(Nappa.java:875)
08-04 00:39:12.266 27066 27075 E StrictMode: 	at okhttp3.internal.http.RealInterceptorChain.proceed(RealInterceptorChain.java:142)
08-04 00:39:12.266 27066 27075 E StrictMode: 	at okhttp3.internal.http.RealInterceptorChain.proceed(RealInterceptorChain.java:117)
08-04 00:39:12.266 27066 27075 E StrictMode: 	at nappatfpr.de.danoeh.antennapod.core.service.download.HttpDownloader$BasicAuthorizationInterceptor.intercept(HttpDownloader.java:336)
08-04 00:39:12.266 27066 27075 E StrictMode: 	at okhttp3.internal.http.RealInterceptorChain.proceed(RealInterceptorChain.java:142)
08-04 00:39:12.266 27066 27075 E StrictMode: 	at okhttp3.internal.http.RealInterceptorChain.proceed(RealInterceptorChain.java:117)
08-04 00:39:12.266 27066 27075 E StrictMode: 	at okhttp3.RealCall.getResponseWithInterceptorChain(RealCall.java:229)
08-04 00:39:12.266 27066 27075 E StrictMode: 	at okhttp3.RealCall.execute(RealCall.java:81)
08-04 00:39:12.266 27066 27075 E StrictMode: 	at nappatfpr.de.danoeh.antennapod.core.service.download.HttpDownloader.download(HttpDownloader.java:105)
08-04 00:39:12.266 27066 27075 E StrictMode: 	at nappatfpr.de.danoeh.antennapod.core.service.download.Downloader.call(Downloader.java:46)
08-04 00:39:12.266 27066 27075 E StrictMode: 	at nappatfpr.de.danoeh.antennapod.activity.OnlineFeedViewActivity.lambda$startFeedDownload$1$OnlineFeedViewActivity(OnlineFeedViewActivity.java:285)
08-04 00:39:12.266 27066 27075 E StrictMode: 	at nappatfpr.de.danoeh.antennapod.activity.-$$Lambda$OnlineFeedViewActivity$prEa24i5Sons6FphjkvkM1FZnYs.call(lambda)
08-04 00:39:12.266 27066 27075 E StrictMode: 	at io.reactivex.internal.operators.observable.ObservableFromCallable.subscribeActual(ObservableFromCallable.java:43)
08-04 00:39:12.266 27066 27075 E StrictMode: 	at io.reactivex.Observable.subscribe(Observable.java:12090)
08-04 00:39:12.266 27066 27075 E StrictMode: 	at io.reactivex.internal.operators.observable.ObservableSubscribeOn$SubscribeTask.run(ObservableSubscribeOn.java:96)
08-04 00:39:12.266 27066 27075 E StrictMode: 	at io.reactivex.Scheduler$DisposeTask.run(Scheduler.java:578)
08-04 00:39:12.266 27066 27075 E StrictMode: 	at io.reactivex.internal.schedulers.ScheduledRunnable.run(ScheduledRunnable.java:66)
08-04 00:39:12.266 27066 27075 E StrictMode: 	at io.reactivex.internal.schedulers.ScheduledRunnable.call(ScheduledRunnable.java:57)
08-04 00:39:12.266 27066 27075 E StrictMode: 	at java.util.concurrent.FutureTask.run(FutureTask.java:237)
08-04 00:39:12.266 27066 27075 E StrictMode: 	at java.util.concurrent.ScheduledThreadPoolExecutor$ScheduledFutureTask.run(ScheduledThreadPoolExecutor.java:269)
08-04 00:39:12.266 27066 27075 E StrictMode: 	at java.util.concurrent.ThreadPoolExecutor.runWorker(ThreadPoolExecutor.java:1113)
08-04 00:39:12.266 27066 27075 E StrictMode: 	at java.util.concurrent.ThreadPoolExecutor$Worker.run(ThreadPoolExecutor.java:588)
08-04 00:39:12.266 27066 27075 E StrictMode: 	at java.lang.Thread.run(Thread.java:818)
08-04 00:39:12.296 27066 27622 I art     : Explicit concurrent mark sweep GC freed 6150(416KB) AllocSpace objects, 0(0B) LOS objects, 30% free, 36MB/52MB, paused 1.111ms total 37.988ms
08-04 00:39:12.307 27066 27622 I art     : Starting a blocking GC Explicit
08-04 00:39:12.345 27066 27622 I art     : Explicit concurrent mark sweep GC freed 3435(177KB) AllocSpace objects, 0(0B) LOS objects, 30% free, 36MB/52MB, paused 1.361ms total 37.392ms
08-04 00:39:12.357 27066 27622 I art     : Starting a blocking GC Explicit
08-04 00:39:12.392 27066 27622 I art     : Explicit concurrent mark sweep GC freed 3478(185KB) AllocSpace objects, 0(0B) LOS objects, 30% free, 36MB/52MB, paused 1.157ms total 35.344ms
08-04 00:39:12.404 27066 27622 I art     : Starting a blocking GC Explicit
08-04 00:39:12.443 27066 27622 I art     : Explicit concurrent mark sweep GC freed 3727(196KB) AllocSpace objects, 0(0B) LOS objects, 30% free, 36MB/52MB, paused 1.241ms total 38.323ms
08-04 00:39:12.490   512  2967 D audio_hw_primary: disable_audio_route: reset and update mixer path: low-latency-playback speaker
08-04 00:39:12.492   512  2967 D audio_hw_primary: disable_snd_device: snd_device(2: speaker)
08-04 00:39:12.500   512  2967 I soundtrigger: audio_extn_sound_trigger_update_device_status: device 0x2 of type 0 for Event 0
08-04 00:39:12.726 27066 27079 I art     : Starting a blocking GC Explicit
08-04 00:39:12.777 27066 27079 I art     : Explicit concurrent mark sweep GC freed 25638(1357KB) AllocSpace objects, 1(20KB) LOS objects, 29% free, 37MB/53MB, paused 1.497ms total 50.349ms
08-04 00:39:12.790 27066 27079 I art     : Starting a blocking GC Explicit
08-04 00:39:12.830 27066 27079 I art     : Explicit concurrent mark sweep GC freed 9379(449KB) AllocSpace objects, 0(0B) LOS objects, 29% free, 37MB/53MB, paused 1.264ms total 39.733ms
08-04 00:39:12.842 27066 27079 I art     : Starting a blocking GC Explicit
08-04 00:39:12.881 27066 27079 I art     : Explicit concurrent mark sweep GC freed 5274(257KB) AllocSpace objects, 0(0B) LOS objects, 29% free, 37MB/53MB, paused 1.249ms total 38.917ms
08-04 00:39:12.892 27066 27079 I art     : Starting a blocking GC Explicit
08-04 00:39:12.933 27066 27079 I art     : Explicit concurrent mark sweep GC freed 3941(204KB) AllocSpace objects, 0(0B) LOS objects, 29% free, 37MB/53MB, paused 1.261ms total 40.151ms
08-04 00:39:12.944 27066 27079 I art     : Starting a blocking GC Explicit
08-04 00:39:12.984 27066 27079 I art     : Explicit concurrent mark sweep GC freed 3948(204KB) AllocSpace objects, 0(0B) LOS objects, 29% free, 37MB/53MB, paused 1.210ms total 39.827ms
08-04 00:39:13.266 27066 27488 I art     : Starting a blocking GC Explicit
08-04 00:39:13.318 27066 27488 I art     : Explicit concurrent mark sweep GC freed 24880(1355KB) AllocSpace objects, 1(20KB) LOS objects, 29% free, 38MB/54MB, paused 1.460ms total 52.470ms
08-04 00:39:13.332 27066 27488 I art     : Starting a blocking GC Explicit
08-04 00:39:13.375 27066 27488 I art     : Explicit concurrent mark sweep GC freed 10195(481KB) AllocSpace objects, 0(0B) LOS objects, 29% free, 38MB/54MB, paused 1.439ms total 42.151ms
08-04 00:39:13.387 27066 27488 I art     : Starting a blocking GC Explicit
08-04 00:39:13.428 27066 27488 I art     : Explicit concurrent mark sweep GC freed 4826(251KB) AllocSpace objects, 0(0B) LOS objects, 29% free, 38MB/54MB, paused 1.272ms total 40.762ms
08-04 00:39:13.440 27066 27488 I art     : Starting a blocking GC Explicit
08-04 00:39:13.452 27066 27066 D OnlineFeedViewActivity: onEventMainThread() called with: event = [DownloadEvent{update=DownloaderUpdate{downloaders=[], feedIds=[], mediaIds=[]}}]
08-04 00:39:13.481 27066 27488 I art     : Explicit concurrent mark sweep GC freed 4304(232KB) AllocSpace objects, 0(0B) LOS objects, 29% free, 38MB/54MB, paused 1.202ms total 41.251ms
08-04 00:39:13.493 27066 27488 I art     : Starting a blocking GC Explicit
08-04 00:39:13.536 27066 27488 I art     : Explicit concurrent mark sweep GC freed 4192(224KB) AllocSpace objects, 0(0B) LOS objects, 29% free, 38MB/54MB, paused 1.310ms total 42.007ms
08-04 00:39:13.843 27066 27153 I art     : Starting a blocking GC Explicit
08-04 00:39:13.899 27066 27153 I art     : Explicit concurrent mark sweep GC freed 27249(1503KB) AllocSpace objects, 1(20KB) LOS objects, 28% free, 39MB/55MB, paused 1.416ms total 55.100ms
08-04 00:39:13.913 27066 27153 I art     : Starting a blocking GC Explicit
08-04 00:39:13.963 27066 27153 I art     : Explicit concurrent mark sweep GC freed 4806(240KB) AllocSpace objects, 0(0B) LOS objects, 28% free, 39MB/55MB, paused 1.630ms total 49.054ms
08-04 00:39:13.975 27066 27153 I art     : Starting a blocking GC Explicit
08-04 00:39:14.020 27066 27153 I art     : Explicit concurrent mark sweep GC freed 11816(566KB) AllocSpace objects, 0(0B) LOS objects, 29% free, 39MB/55MB, paused 1.398ms total 44.242ms
08-04 00:39:14.032 27066 27153 I art     : Starting a blocking GC Explicit
08-04 00:39:14.076 27066 27153 I art     : Explicit concurrent mark sweep GC freed 4497(229KB) AllocSpace objects, 0(0B) LOS objects, 29% free, 39MB/55MB, paused 1.271ms total 43.845ms
08-04 00:39:14.089 27066 27153 I art     : Starting a blocking GC Explicit
08-04 00:39:14.134 27066 27153 I art     : Explicit concurrent mark sweep GC freed 4493(299KB) AllocSpace objects, 0(0B) LOS objects, 28% free, 39MB/55MB, paused 1.389ms total 44.207ms
08-04 00:39:14.271   518   646 I ThermalEngine: ACTION: GPU - Setting GPU[0] to 450000000
08-04 00:39:14.468 27066 27622 I art     : Starting a blocking GC Explicit
08-04 00:39:14.538 27066 27622 I art     : Explicit concurrent mark sweep GC freed 25582(1128KB) AllocSpace objects, 1(20KB) LOS objects, 28% free, 39MB/55MB, paused 1.890ms total 69.757ms
08-04 00:39:14.557 27066 27622 I art     : Starting a blocking GC Explicit
08-04 00:39:14.613 27066 27622 I art     : Explicit concurrent mark sweep GC freed 11177(517KB) AllocSpace objects, 0(0B) LOS objects, 28% free, 39MB/55MB, paused 1.841ms total 56.191ms
08-04 00:39:14.629 27066 27622 I art     : Starting a blocking GC Explicit
08-04 00:39:14.649 27066 28416 D FeedSyncThread: The Joe Rogan Experience parsed
08-04 00:39:14.655 27066 28416 D FeedSyncThread: Deletion of file '/storage/emulated/0/Android/data/nappatfpr.de.danoeh.antennapod.debug/files/cache/feed-The Joe Rogan Experience' successful
08-04 00:39:14.656 27066 28416 D DBReader: getFeedDownloadLog() called with: feed = [nappatfpr.de.danoeh.antennapod.core.feed.Feed@0]
08-04 00:39:14.657 27066 28411 D FeedSyncThread: Bundling 1 feeds
08-04 00:39:14.658 27066 28468 D DBReader: Extracting Feedlist
08-04 00:39:14.659 27066 28468 D DBTasks : Found no existing Feed with title The Joe Rogan Experience. Adding as new one.
08-04 00:39:14.662 27066 28115 D PodDBAdapter: Setting feed with flattr status The Joe Rogan Experience: 0
08-04 00:39:14.662 27066 28115 D nappatfpr.de.danoeh.antennapod.core.storage.PodDBAdapter@41db813: Inserting new Feed into db
08-04 00:39:14.690 27066 27622 I art     : Explicit concurrent mark sweep GC freed 10635(519KB) AllocSpace objects, 0(0B) LOS objects, 28% free, 39MB/55MB, paused 1.727ms total 60.209ms
08-04 00:39:14.708 27066 27622 I art     : Starting a blocking GC Explicit
08-04 00:39:14.771 27066 27622 I art     : Explicit concurrent mark sweep GC freed 21708(1627KB) AllocSpace objects, 0(0B) LOS objects, 28% free, 39MB/55MB, paused 2.713ms total 63.343ms
08-04 00:39:14.789 27066 27622 I art     : Starting a blocking GC Explicit
08-04 00:39:14.851 27066 27622 I art     : Explicit concurrent mark sweep GC freed 21529(1614KB) AllocSpace objects, 0(0B) LOS objects, 28% free, 39MB/55MB, paused 1.598ms total 61.087ms
08-04 00:39:14.954 27066 27066 D OnlineFeedViewActivity: onEventMainThread() called with: event = [DownloadEvent{update=DownloaderUpdate{downloaders=[], feedIds=[], mediaIds=[]}}]
08-04 00:39:15.159 27066 27078 I art     : Starting a blocking GC Explicit
08-04 00:39:15.188 27066 27066 D EventDistributor: Processing event queue. Number of events: 1
08-04 00:39:15.188 27066 27066 D EventDistributor: Notifying observers. Data: 1
08-04 00:39:15.188 27066 27066 D DownloadService: 0 downloads left
08-04 00:39:15.189 27066 27091 D DBReader: Extracting Feedlist
08-04 00:39:15.189 27066 27066 D DownloadService: Number of downloads is 0, attempting shutdown
08-04 00:39:15.190 27066 27066 D DownloadService: Service shutting down
08-04 00:39:15.190 27066 27066 D DownloadService: No report is created
08-04 00:39:15.190 27066 27066 D OnlineFeedViewActivity: onEventMainThread() called with: event = [DownloadEvent{update=DownloaderUpdate{downloaders=[], feedIds=[], mediaIds=[]}}]
08-04 00:39:15.192 27066 28410 E downloadCompletionThd: DownloadCompletionThread was interrupted
08-04 00:39:15.192 27066 27066 D DownloadService: NotificationUpdater cancelled. Result: false
08-04 00:39:15.193 27066 27066 D DBTasks : autodownloadUndownloadedItems
08-04 00:39:15.194 27066 28116 D NetworkUtils: Device is connected to Wi-Fi
08-04 00:39:15.194 27066 28116 D NetworkUtils: Auto-dl filter is disabled
08-04 00:39:15.227 27066 27078 I art     : Explicit concurrent mark sweep GC freed 74998(5MB) AllocSpace objects, 2(40KB) LOS objects, 28% free, 39MB/55MB, paused 1.387ms total 68.076ms
08-04 00:39:15.245 27066 27078 I art     : Starting a blocking GC Explicit
08-04 00:39:15.295 27066 27078 I art     : Explicit concurrent mark sweep GC freed 30519(3MB) AllocSpace objects, 0(0B) LOS objects, 30% free, 36MB/52MB, paused 1.255ms total 50.641ms
08-04 00:39:15.311 27066 27078 I art     : Starting a blocking GC Explicit
08-04 00:39:15.358 27066 27078 I art     : Explicit concurrent mark sweep GC freed 3(96B) AllocSpace objects, 0(0B) LOS objects, 30% free, 36MB/52MB, paused 1.340ms total 47.145ms
08-04 00:39:15.374 27066 27078 I art     : Starting a blocking GC Explicit
08-04 00:39:15.428 27066 27078 I art     : Explicit concurrent mark sweep GC freed 3(96B) AllocSpace objects, 0(0B) LOS objects, 30% free, 36MB/52MB, paused 1.377ms total 54.265ms
08-04 00:39:15.444 27066 27078 I art     : Starting a blocking GC Explicit
08-04 00:39:15.498 27066 27078 I art     : Explicit concurrent mark sweep GC freed 3(96B) AllocSpace objects, 0(0B) LOS objects, 30% free, 36MB/52MB, paused 1.331ms total 53.121ms
08-04 00:39:15.563   918  3188 I hubconnection: sensorhub said: 'set_bias 3: -5.7984, 0.0000, 0.0000'
08-04 00:39:15.870 27066 27622 I art     : Starting a blocking GC Explicit
08-04 00:39:15.929 27066 27622 I art     : Explicit concurrent mark sweep GC freed 1640(97KB) AllocSpace objects, 1(20KB) LOS objects, 30% free, 36MB/52MB, paused 1.445ms total 58.545ms
08-04 00:39:15.946 27066 27622 I art     : Starting a blocking GC Explicit
08-04 00:39:15.999 27066 27622 I art     : Explicit concurrent mark sweep GC freed 35(1136B) AllocSpace objects, 0(0B) LOS objects, 30% free, 36MB/52MB, paused 1.286ms total 52.448ms
08-04 00:39:16.015 27066 27622 I art     : Starting a blocking GC Explicit
08-04 00:39:16.069 27066 27622 I art     : Explicit concurrent mark sweep GC freed 3(96B) AllocSpace objects, 0(0B) LOS objects, 30% free, 36MB/52MB, paused 1.329ms total 53.897ms
08-04 00:39:16.085 27066 27622 I art     : Starting a blocking GC Explicit
08-04 00:39:16.139 27066 27622 I art     : Explicit concurrent mark sweep GC freed 3(96B) AllocSpace objects, 0(0B) LOS objects, 30% free, 36MB/52MB, paused 1.356ms total 53.090ms
08-04 00:39:16.155 27066 27622 I art     : Starting a blocking GC Explicit
08-04 00:39:16.203 27066 27622 I art     : Explicit concurrent mark sweep GC freed 3(96B) AllocSpace objects, 0(0B) LOS objects, 30% free, 36MB/52MB, paused 1.196ms total 47.824ms
08-04 00:39:16.276   518   646 I ThermalEngine: ACTION: GPU - Setting GPU[0] to 510000000
08-04 00:39:16.533 27066 27079 I art     : Starting a blocking GC Explicit
08-04 00:39:16.573 27066 27079 I art     : Explicit concurrent mark sweep GC freed 1603(95KB) AllocSpace objects, 1(20KB) LOS objects, 30% free, 36MB/52MB, paused 966us total 39.776ms
08-04 00:39:16.586 27066 27079 I art     : Starting a blocking GC Explicit
08-04 00:39:16.613 28489 28489 D AndroidRuntime: >>>>>> START com.android.internal.os.RuntimeInit uid 2000 <<<<<<
08-04 00:39:16.618 28489 28489 D AndroidRuntime: CheckJNI is OFF
08-04 00:39:16.623 27066 27079 I art     : Explicit concurrent mark sweep GC freed 35(1136B) AllocSpace objects, 0(0B) LOS objects, 30% free, 36MB/52MB, paused 986us total 36.875ms
08-04 00:39:16.635 27066 27079 I art     : Starting a blocking GC Explicit
08-04 00:39:16.653 28489 28489 D ICU     : No timezone override file found: /data/misc/zoneinfo/current/icu/icu_tzdata.dat
08-04 00:39:16.673 27066 27079 I art     : Explicit concurrent mark sweep GC freed 6(192B) AllocSpace objects, 0(0B) LOS objects, 30% free, 36MB/52MB, paused 1.040ms total 37.389ms
08-04 00:39:16.685 27066 27079 I art     : Starting a blocking GC Explicit
08-04 00:39:16.688 28489 28489 I Radio-JNI: register_android_hardware_Radio DONE
08-04 00:39:16.710 28489 28489 D AndroidRuntime: Calling main entry com.android.commands.input.Input
08-04 00:39:16.712 28489 28489 I Input   : injectKeyEvent: KeyEvent { action=ACTION_DOWN, keyCode=KEYCODE_BACK, scanCode=0, metaState=0, flags=0x0, repeatCount=0, eventTime=664773125, downTime=664773125, deviceId=-1, source=0x101 }
08-04 00:39:16.717 28489 28489 I Input   : injectKeyEvent: KeyEvent { action=ACTION_UP, keyCode=KEYCODE_BACK, scanCode=0, metaState=0, flags=0x0, repeatCount=0, eventTime=664773125, downTime=664773125, deviceId=-1, source=0x101 }
08-04 00:39:16.722 27066 27079 I art     : Explicit concurrent mark sweep GC freed 36(1328B) AllocSpace objects, 0(0B) LOS objects, 30% free, 36MB/52MB, paused 983us total 36.433ms
08-04 00:39:16.725 28489 28489 D AndroidRuntime: Shutting down VM
08-04 00:39:16.725 27066 27066 D NappaLifecycleObserver: nappatfpr.de.danoeh.antennapod.activity.OnlineFeedViewActivity - onPause
08-04 00:39:16.725 27066 27066 D Nappa   : Stayed on nappatfpr.de.danoeh.antennapod.activity.OnlineFeedViewActivity for 9004 ms
08-04 00:39:16.732 27066 27066 V PlaybackController: initServiceNotRunning()
08-04 00:39:16.732 27066 27066 D ExternalPlayerFragment: Loading media info
08-04 00:39:16.733 27066 27079 I art     : Starting a blocking GC Explicit
08-04 00:39:16.739 27066 27066 D UserPreferences: Using default data folder
08-04 00:39:16.740 27066 27091 D DBReader: getNavDrawerData() called with: 
08-04 00:39:16.740 27066 27066 D NappaLifecycleObserver: nappatfpr.de.danoeh.antennapod.activity.MainActivity - onResume
08-04 00:39:16.740 27066 27066 D Nappa   : setCurrentActivity - MetricStrategyAccuracy - 
08-04 00:39:16.740 27066 27066 D Nappa   : madePredictionFromActivity = true, 
08-04 00:39:16.740 27066 27066 D Nappa   : fromActivity = nappatfpr.de.danoeh.antennapod.activity.OnlineFeedViewActivity, 
08-04 00:39:16.740 27066 27066 D Nappa   : predictedNextActivityFromActivity = [], 
08-04 00:39:16.740 27066 27066 D Nappa   : activity.getClass().getCanonicalName() = nappatfpr.de.danoeh.antennapod.activity.MainActivity, 
08-04 00:39:16.740 27066 27066 D Nappa   : setCurrentActivity - MetricStrategyAccuracy - 
08-04 00:39:16.740 27066 27066 D Nappa   : madePredictionFromExtra = false, 
08-04 00:39:16.740 27066 27066 D Nappa   : fromActivity = nappatfpr.de.danoeh.antennapod.activity.OnlineFeedViewActivity, 
08-04 00:39:16.740 27066 27066 D Nappa   : predictedNextActivityFromExtra = [], 
08-04 00:39:16.740 27066 27066 D Nappa   : activity.getClass().getCanonicalName() = nappatfpr.de.danoeh.antennapod.activity.MainActivity, 
08-04 00:39:16.740 27066 27066 D Nappa   : PREFETCH_ON_EXTRA - setCurrentActivity - logs - from activity - made prediction istrue
08-04 00:39:16.740 27066 27066 D Nappa   : PREFETCH_ON_EXTRA - setCurrentActivity - logs - from activity - start
08-04 00:39:16.740 27066 27066 I NAPPA_EXPERIMENTATION: MetricStrategyAccuracy: LOG_ID='6',EXECUTION_COUNT='6',CASES_COUNT='6',HIT_PERCENTAGE_TOTAL='0.0',HIT_PERCENTAGE_WHEN_PREDICTED='0.0',HIT_COUNT='0',MISS_COUNT='1',INSUFFICIENT_SCORE_COUNT='1',EXCEPTION_COUNT='0',NO_SUCCESSOR_COUNT='4',
08-04 00:39:16.740 27066 27066 D Nappa   : PREFETCH_ON_EXTRA - setCurrentActivity - logs - from activity- finished
08-04 00:39:16.749 27066 27091 D DBReader: getDownloadedItems() called
08-04 00:39:16.750 27066 27091 D DBReader: getFavoriteIDList() called
08-04 00:39:16.751 27066 27091 D DBReader: getQueueIDList() called
08-04 00:39:16.751 27066 27091 D DBReader: Extracting Feedlist
08-04 00:39:16.769 27066 27079 I art     : Explicit concurrent mark sweep GC freed 752(70KB) AllocSpace objects, 0(0B) LOS objects, 30% free, 36MB/52MB, paused 1.014ms total 35.704ms
08-04 00:39:16.840 27066 27066 D Nappa   : registerActivity: (already in) nappatfpr.de.danoeh.antennapod.activity.MainActivity
08-04 00:39:16.841 27066 27066 D ActivityGraph: LARDataCalculatedUpdate nappatfpr.de.danoeh.antennapod.activity.MainActivity Pagerank: 0.25 HITS-Authority: 1.0 HITS-Hub: 1.0 SALSA-Authority: 1.0 SALSA-Hub: 1.0
08-04 00:39:16.841 27066 27066 D Nappa   : SHOULD_PREFETCH false
08-04 00:39:16.841 27066 27066 D Nappa   : STATS Number of requests not prefetched: 6
08-04 00:39:16.841 27066 27066 D Nappa   : STATS Number of requests prefetched: 2
08-04 00:39:16.841 27066 27066 D Nappa   : STATS Time saved until now: 0.172
08-04 00:39:16.870 27066 27066 D MainActivity: getLastNavFragment() -> AddFeedFragment
08-04 00:39:16.871 27066 27066 D ActivityNode: Observer - successor visit time - SplashActivity - Updating the visit time from the successors list:
08-04 00:39:16.871 27066 27066 D ActivityNode: [AggregateVisitTimeByActivity{nappatfpr.de.danoeh.antennapod.activity.MainActivity : 8470 ms}]
08-04 00:39:16.871 27066 27066 D ActivityNode: Observer - visit time - OnlineFeedViewActivity - New aggregate visit time found is 17923 ms
08-04 00:39:16.871 27066 27066 D ActivityNode: Observer - successor visit time - MainActivity - Updating the visit time from the successors list:
08-04 00:39:16.871 27066 27066 D ActivityNode: [AggregateVisitTimeByActivity{nappatfpr.de.danoeh.antennapod.activity.PreferenceActivity : 4954 ms}, AggregateVisitTimeByActivity{nappatfpr.de.danoeh.antennapod.activity.OnlineFeedViewActivity : 17923 ms}]
08-04 00:39:16.876 13866 13866 I GoogleInputMethodServic: GoogleInputMethodService.onFinishInput():3138 
08-04 00:39:16.878 13866 13866 I GoogleInputMethodServic: GoogleInputMethodService.onStartInput():1808 
08-04 00:39:16.879 27066 28001 D ApOkHttpUrlLoader: buildLoadData() called with: model = [http://static.libsyn.com/p/assets/7/1/f/3/71f3014e14ef2722/JREiTunesImage2.jpg], width = [140], height = [140]
08-04 00:39:16.912 27066 28001 D ApOkHttpUrlLoader: buildLoadData() called with: model = [http://static.libsyn.com/p/assets/7/1/f/3/71f3014e14ef2722/JREiTunesImage2.jpg], width = [140], height = [140]
08-04 00:39:17.028 27066 27078 I art     : Starting a blocking GC Explicit
08-04 00:39:17.064 27066 27078 I art     : Explicit concurrent mark sweep GC freed 3222(192KB) AllocSpace objects, 1(20KB) LOS objects, 30% free, 36MB/52MB, paused 862us total 35.243ms
08-04 00:39:17.075 27066 27078 I art     : Starting a blocking GC Explicit
08-04 00:39:17.108 27066 27078 I art     : Explicit concurrent mark sweep GC freed 426(21KB) AllocSpace objects, 0(0B) LOS objects, 30% free, 36MB/52MB, paused 967us total 32.765ms
08-04 00:39:17.119 27066 27078 I art     : Starting a blocking GC Explicit
08-04 00:39:17.141 27066 27092 D Nappa   : PREFETCH_ON_EXTRA - setCurrentActivity - logs - from extra - made prediction isfalse
08-04 00:39:17.154 27066 27078 I art     : Explicit concurrent mark sweep GC freed 18(1216B) AllocSpace objects, 0(0B) LOS objects, 30% free, 36MB/52MB, paused 965us total 34.799ms
08-04 00:39:17.166 27066 27078 I art     : Starting a blocking GC Explicit
08-04 00:39:17.192 27066 27066 D NappaLifecycleObserver: nappatfpr.de.danoeh.antennapod.activity.OnlineFeedViewActivity - onDestroy
08-04 00:39:17.192 27066 27066 D NappaLifecycleObserver: -------------F1_SCORE #11 -----------
08-04 00:39:17.193 27066 27066 D NappaLifecycleObserver: F1_SCORE - Intercept list (6)= [https://itunes.apple.com/en/rss/toppodcasts/limit=25/explicit=true/json, https://itunes.apple.com/us/rss/toppodcasts/limit=25/explicit=true/json, https://itunes.apple.com/lookup?id=1524080195, https://rss.art19.com/nice-white-parents, https://itunes.apple.com/lookup?id=360084272, http://joeroganexp.joerogan.libsynpro.com/rss]
08-04 00:39:17.193 27066 27066 D NappaLifecycleObserver: F1_SCORE - Prefetch list (0)= []
08-04 00:39:17.193   380   380 W SurfaceFlinger: couldn't log to binary event log: overflow.
08-04 00:39:17.193 27066 27066 D NappaLifecycleObserver: F1_SCORE - TP list (0)= []
08-04 00:39:17.193 27066 27066 D NappaLifecycleObserver: F1_SCORE - FN list (6)= [https://itunes.apple.com/en/rss/toppodcasts/limit=25/explicit=true/json, https://itunes.apple.com/us/rss/toppodcasts/limit=25/explicit=true/json, https://itunes.apple.com/lookup?id=1524080195, https://rss.art19.com/nice-white-parents, https://itunes.apple.com/lookup?id=360084272, http://joeroganexp.joerogan.libsynpro.com/rss]
08-04 00:39:17.193 27066 27066 I NAPPA_EXPERIMENTATION: MetricPrefetchingAccuracy: LOG_ID='12',F1_SCORE_1='0.0',F1_SCORE_2='0.0',TRUE_POSITIVE='0',FALSE_POSITIVE='0',FALSE_NEGATIVE='6',
08-04 00:39:17.199 27066 27078 I art     : Explicit concurrent mark sweep GC freed 637(37KB) AllocSpace objects, 0(0B) LOS objects, 30% free, 36MB/52MB, paused 868us total 33.369ms
08-04 00:39:17.210 27066 27078 I art     : Starting a blocking GC Explicit
08-04 00:39:17.244 27066 27078 I art     : Explicit concurrent mark sweep GC freed 167(6KB) AllocSpace objects, 0(0B) LOS objects, 30% free, 36MB/52MB, paused 889us total 33.160ms
08-04 00:39:17.521 27066 27488 I art     : Starting a blocking GC Explicit
08-04 00:39:17.563 27066 27488 I art     : Explicit concurrent mark sweep GC freed 34927(3MB) AllocSpace objects, 3(268KB) LOS objects, 32% free, 33MB/49MB, paused 1.060ms total 42.153ms
08-04 00:39:17.573 27066 27488 I art     : Starting a blocking GC Explicit
08-04 00:39:17.599 27066 27488 I art     : Explicit concurrent mark sweep GC freed 35(1136B) AllocSpace objects, 0(0B) LOS objects, 32% free, 33MB/49MB, paused 913us total 26.088ms
08-04 00:39:17.608 27066 27488 I art     : Starting a blocking GC Explicit
08-04 00:39:17.634 27066 27488 I art     : Explicit concurrent mark sweep GC freed 3(96B) AllocSpace objects, 0(0B) LOS objects, 32% free, 33MB/49MB, paused 880us total 26.018ms
08-04 00:39:17.643 27066 27488 I art     : Starting a blocking GC Explicit
08-04 00:39:17.671 27066 27488 I art     : Explicit concurrent mark sweep GC freed 3(96B) AllocSpace objects, 0(0B) LOS objects, 32% free, 33MB/49MB, paused 920us total 27.872ms
08-04 00:39:17.680 27066 27488 I art     : Starting a blocking GC Explicit
08-04 00:39:17.709 27066 27488 I art     : Explicit concurrent mark sweep GC freed 32(880B) AllocSpace objects, 0(0B) LOS objects, 32% free, 33MB/49MB, paused 917us total 28.166ms
08-04 00:39:17.997 27066 27622 I art     : Starting a blocking GC Explicit
08-04 00:39:18.027 27066 27622 I art     : Explicit concurrent mark sweep GC freed 1597(94KB) AllocSpace objects, 1(20KB) LOS objects, 32% free, 33MB/49MB, paused 1.074ms total 29.818ms
08-04 00:39:18.037 27066 27622 I art     : Starting a blocking GC Explicit
08-04 00:39:18.065 27066 27622 I art     : Explicit concurrent mark sweep GC freed 35(1136B) AllocSpace objects, 0(0B) LOS objects, 32% free, 33MB/49MB, paused 957us total 27.492ms
08-04 00:39:18.074 27066 27622 I art     : Starting a blocking GC Explicit
08-04 00:39:18.102 27066 27622 I art     : Explicit concurrent mark sweep GC freed 3(96B) AllocSpace objects, 0(0B) LOS objects, 32% free, 33MB/49MB, paused 907us total 27.406ms
08-04 00:39:18.111 27066 27622 I art     : Starting a blocking GC Explicit
08-04 00:39:18.139 27066 27622 I art     : Explicit concurrent mark sweep GC freed 3(96B) AllocSpace objects, 0(0B) LOS objects, 32% free, 33MB/49MB, paused 987us total 27.963ms
08-04 00:39:18.148 27066 27622 I art     : Starting a blocking GC Explicit
08-04 00:39:18.176 27066 27622 I art     : Explicit concurrent mark sweep GC freed 3(96B) AllocSpace objects, 0(0B) LOS objects, 32% free, 33MB/49MB, paused 934us total 27.401ms
08-04 00:39:18.367 28542 28542 D AndroidRuntime: >>>>>> START com.android.internal.os.RuntimeInit uid 2000 <<<<<<
08-04 00:39:18.374 28542 28542 D AndroidRuntime: CheckJNI is OFF
08-04 00:39:18.405 28542 28542 D ICU     : No timezone override file found: /data/misc/zoneinfo/current/icu/icu_tzdata.dat
08-04 00:39:18.439 28542 28542 I Radio-JNI: register_android_hardware_Radio DONE
08-04 00:39:18.460 28542 28542 D AndroidRuntime: Calling main entry com.android.commands.input.Input
08-04 00:39:18.462 28542 28542 I Input   : injectMotionEvent: MotionEvent { action=ACTION_DOWN, actionButton=0, id[0]=0, x[0]=639.0, y[0]=762.0, toolType[0]=TOOL_TYPE_UNKNOWN, buttonState=0, metaState=0, flags=0x0, edgeFlags=0x0, pointerCount=1, historySize=0, eventTime=664774874, downTime=664774874, deviceId=0, source=0x1002 }
08-04 00:39:18.466 28542 28542 I Input   : injectMotionEvent: MotionEvent { action=ACTION_UP, actionButton=0, id[0]=0, x[0]=639.0, y[0]=762.0, toolType[0]=TOOL_TYPE_UNKNOWN, buttonState=0, metaState=0, flags=0x0, edgeFlags=0x0, pointerCount=1, historySize=0, eventTime=664774874, downTime=664774874, deviceId=0, source=0x1002 }
08-04 00:39:18.467 27066 27153 I art     : Starting a blocking GC Explicit
08-04 00:39:18.476 28542 28542 D AndroidRuntime: Shutting down VM
08-04 00:39:18.505 27066 27153 I art     : Explicit concurrent mark sweep GC freed 1844(108KB) AllocSpace objects, 1(20KB) LOS objects, 32% free, 33MB/49MB, paused 1.001ms total 38.118ms
08-04 00:39:18.514 27066 27153 I art     : Starting a blocking GC Explicit
08-04 00:39:18.541 27066 27153 I art     : Explicit concurrent mark sweep GC freed 43(1472B) AllocSpace objects, 0(0B) LOS objects, 32% free, 33MB/49MB, paused 891us total 26.387ms
08-04 00:39:18.545 27066 27610 D CustomInterceptor: NETWORK-PROVIDER https://itunes.apple.com/lookup?id=360084272
08-04 00:39:18.545 27066 27610 D Nappa   : F1_SCORE add_intercept_url - (already in) - https://itunes.apple.com/lookup?id=360084272
08-04 00:39:18.545 27066 27610 D Nappa   : F1_SCORE add_fn_url - (already in) - https://itunes.apple.com/lookup?id=360084272
08-04 00:39:18.545 27066 27610 D Nappa   : -------------F1_SCORE #12 -----------
08-04 00:39:18.546 27066 27610 D Nappa   : F1_SCORE - Intercept list (6)= [https://itunes.apple.com/en/rss/toppodcasts/limit=25/explicit=true/json, https://itunes.apple.com/us/rss/toppodcasts/limit=25/explicit=true/json, https://itunes.apple.com/lookup?id=1524080195, https://rss.art19.com/nice-white-parents, https://itunes.apple.com/lookup?id=360084272, http://joeroganexp.joerogan.libsynpro.com/rss]
08-04 00:39:18.546 27066 27610 D Nappa   : F1_SCORE - Prefetch list (0)= []
08-04 00:39:18.546 27066 27610 D Nappa   : F1_SCORE - TP list (0)= []
08-04 00:39:18.546   512  2967 D audio_hw_primary: out_set_parameters: enter: usecase(1: low-latency-playback) kvpairs: routing=2
08-04 00:39:18.546 27066 27610 D Nappa   : F1_SCORE - FN list (6)= [https://itunes.apple.com/en/rss/toppodcasts/limit=25/explicit=true/json, https://itunes.apple.com/us/rss/toppodcasts/limit=25/explicit=true/json, https://itunes.apple.com/lookup?id=1524080195, https://rss.art19.com/nice-white-parents, https://itunes.apple.com/lookup?id=360084272, http://joeroganexp.joerogan.libsynpro.com/rss]
08-04 00:39:18.546 27066 27610 I NAPPA_EXPERIMENTATION: MetricPrefetchingAccuracy: LOG_ID='13',F1_SCORE_1='0.0',F1_SCORE_2='0.0',TRUE_POSITIVE='0',FALSE_POSITIVE='0',FALSE_NEGATIVE='6',
08-04 00:39:18.546 27066 27610 D CustomInterceptor: HEADER REQUEST
08-04 00:39:18.546 27066 27610 D CustomInterceptor: Cache-Control max-age=300, max-stale=300
08-04 00:39:18.546 27066 27610 D CustomInterceptor: User-Agent AntennaPod/1.7.2b
08-04 00:39:18.546 27066 27610 D CustomInterceptor: CACHED STATS: size = '5', maxSize = '100', hitCount = '7', createCount = '0', putCount = '5', evictionCount = '0', missCount = '6', toString = 'LruCache[maxSize=100,hits=7,misses=6,hitRate=53%]', 
08-04 00:39:18.546 27066 27610 D CustomInterceptor: PREFLIB GET REQUEST https://itunes.apple.com/lookup?id=360084272
08-04 00:39:18.546 27066 27610 D CustomInterceptor: PREFLIB found https://itunes.apple.com/lookup?id=360084272, sending it back
08-04 00:39:18.547 27066 27610 D CustomInterceptor: CONTENT 
08-04 00:39:18.547 27066 27610 D CustomInterceptor: 
08-04 00:39:18.547 27066 27610 D CustomInterceptor: 
08-04 00:39:18.547 27066 27610 D CustomInterceptor: {
08-04 00:39:18.547 27066 27610 D CustomInterceptor:  "resultCount":1,
08-04 00:39:18.547 27066 27610 D CustomInterceptor:  "results": [
08-04 00:39:18.547 27066 27610 D CustomInterceptor: {"wrapperType":"track", "kind":"podcast", "artistId":974891224, "collectionId":360084272, "trackId":360084272, "artistName":"Joe Rogan", "collectionName":"The Joe Rogan Experience", "trackName":"The Joe Rogan Experience", "collectionCensoredName":"The Joe Rogan Experience", "trackCensoredName":"The Joe Rogan Experience", "artistViewUrl":"https://podcasts.apple.com/us/artist/joe-rogan/974891224?uo=4", "collectionViewUrl":"https://podcasts.apple.com/us/podcast/the-joe-rogan-experience/id360084272?uo=4", "feedUrl":"http://joeroganexp.joerogan.libsynpro.com/rss", "trackViewUrl":"https://podcasts.apple.com/us/podcast/the-joe-rogan-experience/id360084272?uo=4", "artworkUrl30":"https://is4-ssl.mzstatic.com/image/thumb/Podcasts113/v4/e5/8a/10/e58a108f-f5d0-f622-c94a-13f66edd570c/mza_3025981348644196724.jpg/30x30bb.jpg", "artworkUrl60":"https://is4-ssl.mzstatic.com/image/thumb/Podcasts113/v4/e5/8a/10/e58a108f-f5d0-f622-c94a-13f66edd570c/mza_3025981348644196724.jpg/60x60bb.jpg", "artworkUrl100":"https://is4-ssl.mzstatic.com/image/thumb/Podcasts113/v4/e5/8a/10/e58a108f-f5d0-f622-c94a-13f66edd570c/mza_3025981348644196724.jpg/100x100bb.jpg", "collectionPrice":0.00, "trackPrice":0.00, "trackRentalPrice":0, "collectionHdPrice":0, "trackHdPrice":0, "trackHdRentalPrice":0, "releaseDate":"2020-07-24T19:00:00Z", "collectionExplicitness":"explicit", "trackExplicitness":"explicit", "trackCount":300, "country":"USA", "currency":"USD", "primaryGenreName":"Comedy", "contentAdvisoryRating":"Explicit", "artworkUrl600":"https://is4-ssl.mzstatic.com/image/thumb/Podcasts113/v4/e5/8a/10/e58a108f-f5d0-f622-c94a-13f66edd570c/mza_3025981348644196724.jpg/600x600bb.jpg", "genreIds":["1303", "26", "1324"], "genres":["Comedy", "Podcasts", "Society & Culture"]}]
08-04 00:39:18.547 27066 27610 D CustomInterceptor: }
08-04 00:39:18.547 27066 27610 D CustomInterceptor: 
08-04 00:39:18.547 27066 27610 D CustomInterceptor: 
08-04 00:39:18.547 27066 27610 D CustomInterceptor: interceptor_finished : return_type #2 : request served from cache
08-04 00:39:18.547 27066 27610 I NAPPA_EXPERIMENTATION: MetricNetworkRequestExecutionTime: REQUEST_DURATION_SYSTEM='2',REQUEST_DURATION_OKHTTP='0',REQUEST_SYNCHRONOUS='TRUE',RESPONSE_CODE='200',RESPONSE_METHOD='GET',RESPONSE_LENGTH_OKHTTP='1796',RESPONSE_LENGTH_HEADER='-2',REQUEST_PROTOCOL='http/1.1',REQUEST_URL='https://itunes.apple.com/lookup?id=360084272',
08-04 00:39:18.550 27066 27153 I art     : Starting a blocking GC Explicit
08-04 00:39:18.559   512  2967 D audio_hw_primary: select_devices: out_snd_device(2: speaker) in_snd_device(0: none)
08-04 00:39:18.559   512  2967 D msm8974_platform: platform_send_audio_calibration: sending audio calibration for snd_device(2) acdb_id(15)
08-04 00:39:18.559   512  2967 I soundtrigger: audio_extn_sound_trigger_update_device_status: device 0x2 of type 0 for Event 1
08-04 00:39:18.565 13866 13866 I GoogleInputMethodServic: GoogleInputMethodService.onFinishInput():3138 
08-04 00:39:18.565 27066 27066 D NappaIntentExtras: ==================
08-04 00:39:18.565 27066 27066 D NappaIntentExtras: Log #5
08-04 00:39:18.565 27066 27066 D NappaIntentExtras: ------------------
08-04 00:39:18.565 27066 27066 D NappaIntentExtras: activity nappatfpr.de.danoeh.antennapod.activity.OnlineFeedViewActivity
08-04 00:39:18.565 27066 27066 D NappaIntentExtras: 	- No extras registered
08-04 00:39:18.565 27066 27066 D NappaIntentExtras: activity nappatfpr.de.danoeh.antennapod.activity.PreferenceActivity
08-04 00:39:18.566 27066 27066 D NappaIntentExtras: 	- No extras registered
08-04 00:39:18.566 13866 13866 I GoogleInputMethodServic: GoogleInputMethodService.onStartInput():1808 
08-04 00:39:18.566 27066 27066 D NappaIntentExtras: activity nappatfpr.de.danoeh.antennapod.activity.MainActivity
08-04 00:39:18.566 27066 27066 D NappaIntentExtras: 	- 2 extras registered
08-04 00:39:18.566 27066 27066 D NappaIntentExtras: 	- arg.feedurl : http://joeroganexp.joerogan.libsynpro.com/rss
08-04 00:39:18.566 27066 27066 D NappaIntentExtras: 	- title : iTunes
08-04 00:39:18.566 27066 27066 D NappaIntentExtras: activity nappatfpr.de.danoeh.antennapod.activity.SplashActivity
08-04 00:39:18.566 27066 27066 D NappaIntentExtras: 	- No extras registered
08-04 00:39:18.566 27066 27066 D NappaIntentExtras: ==================
08-04 00:39:18.567   918  4400 I ActivityManager: START u0 {cmp=nappatfpr.de.danoeh.antennapod.debug/nappatfpr.de.danoeh.antennapod.activity.OnlineFeedViewActivity (has extras)} from uid 10665 on display 0
08-04 00:39:18.570   512  2967 D audio_hw_primary: enable_snd_device: snd_device(2: speaker)
08-04 00:39:18.572   512  2967 D audio_hw_primary: enable_audio_route: apply and update mixer path: low-latency-playback speaker
08-04 00:39:18.577 27066 27153 I art     : Explicit concurrent mark sweep GC freed 610(65KB) AllocSpace objects, 0(0B) LOS objects, 32% free, 33MB/49MB, paused 1.014ms total 26.613ms
08-04 00:39:18.584 27066 27066 D NappaLifecycleObserver: nappatfpr.de.danoeh.antennapod.activity.MainActivity - onPause
08-04 00:39:18.584 13866 13866 I GoogleInputMethodServic: GoogleInputMethodService.onFinishInput():3138 
08-04 00:39:18.584 27066 27066 D Nappa   : Stayed on nappatfpr.de.danoeh.antennapod.activity.MainActivity for 1743 ms
08-04 00:39:18.584 13866 13866 I GoogleInputMethodServic: GoogleInputMethodService.onStartInput():1808 
08-04 00:39:18.586 27066 27153 I art     : Starting a blocking GC Explicit
08-04 00:39:18.605 27066 27066 D UserPreferences: Using default data folder
08-04 00:39:18.607 27066 27066 D OnlineFeedViewActivity: Activity was started with url http://joeroganexp.joerogan.libsynpro.com/rss
08-04 00:39:18.609 27066 27066 D OnlineFeedViewActivity: Starting feed download
08-04 00:39:18.613 27066 27609 D DBReader: Extracting Feedlist
08-04 00:39:18.614 27066 27153 I art     : Explicit concurrent mark sweep GC freed 787(41KB) AllocSpace objects, 0(0B) LOS objects, 32% free, 33MB/49MB, paused 1.038ms total 27.895ms
08-04 00:39:18.614 27066 27066 D NappaLifecycleObserver: nappatfpr.de.danoeh.antennapod.activity.OnlineFeedViewActivity - onResume
08-04 00:39:18.614 27066 27066 D Nappa   : setCurrentActivity - MetricStrategyAccuracy - 
08-04 00:39:18.614 27066 27066 D Nappa   : madePredictionFromActivity = false, 
08-04 00:39:18.614 27066 27066 D Nappa   : fromActivity = nappatfpr.de.danoeh.antennapod.activity.MainActivity, 
08-04 00:39:18.614 27066 27066 D Nappa   : predictedNextActivityFromActivity = [], 
08-04 00:39:18.614 27066 27066 D Nappa   : activity.getClass().getCanonicalName() = nappatfpr.de.danoeh.antennapod.activity.OnlineFeedViewActivity, 
08-04 00:39:18.614 27066 27066 D Nappa   : setCurrentActivity - MetricStrategyAccuracy - 
08-04 00:39:18.614 27066 27066 D Nappa   : madePredictionFromExtra = false, 
08-04 00:39:18.614 27066 27066 D Nappa   : fromActivity = nappatfpr.de.danoeh.antennapod.activity.MainActivity, 
08-04 00:39:18.614 27066 27066 D Nappa   : predictedNextActivityFromExtra = [], 
08-04 00:39:18.614 27066 27066 D Nappa   : activity.getClass().getCanonicalName() = nappatfpr.de.danoeh.antennapod.activity.OnlineFeedViewActivity, 
08-04 00:39:18.615 27066 27066 D Nappa   : PREFETCH_ON_EXTRA - setCurrentActivity - logs - from activity - made prediction isfalse
08-04 00:39:18.615   918  5132 D WifiService: acquireWifiLockLocked: WifiLock{Downloader type=1 binder=android.os.BinderProxy@ecc85e1}
08-04 00:39:18.616 27066 27609 D AntennapodHttpClient: Creating new instance of HTTP client
08-04 00:39:18.617 27066 27609 D Nappa   : TAG okHttpClient initialized
08-04 00:39:18.618 27066 27609 D CustomInterceptor: NETWORK-PROVIDER http://joeroganexp.joerogan.libsynpro.com/rss
08-04 00:39:18.618 27066 27609 D Nappa   : F1_SCORE add_intercept_url - (already in) - http://joeroganexp.joerogan.libsynpro.com/rss
08-04 00:39:18.618 27066 27609 D Nappa   : F1_SCORE add_fn_url - (already in) - http://joeroganexp.joerogan.libsynpro.com/rss
08-04 00:39:18.618 27066 27609 D Nappa   : -------------F1_SCORE #13 -----------
08-04 00:39:18.618 27066 27609 D Nappa   : F1_SCORE - Intercept list (6)= [https://itunes.apple.com/en/rss/toppodcasts/limit=25/explicit=true/json, https://itunes.apple.com/us/rss/toppodcasts/limit=25/explicit=true/json, https://itunes.apple.com/lookup?id=1524080195, https://rss.art19.com/nice-white-parents, https://itunes.apple.com/lookup?id=360084272, http://joeroganexp.joerogan.libsynpro.com/rss]
08-04 00:39:18.618 27066 27609 D Nappa   : F1_SCORE - Prefetch list (0)= []
08-04 00:39:18.618 27066 27609 D Nappa   : F1_SCORE - TP list (0)= []
08-04 00:39:18.618 27066 27609 D Nappa   : F1_SCORE - FN list (6)= [https://itunes.apple.com/en/rss/toppodcasts/limit=25/explicit=true/json, https://itunes.apple.com/us/rss/toppodcasts/limit=25/explicit=true/json, https://itunes.apple.com/lookup?id=1524080195, https://rss.art19.com/nice-white-parents, https://itunes.apple.com/lookup?id=360084272, http://joeroganexp.joerogan.libsynpro.com/rss]
08-04 00:39:18.618 27066 27609 I NAPPA_EXPERIMENTATION: MetricPrefetchingAccuracy: LOG_ID='14',F1_SCORE_1='0.0',F1_SCORE_2='0.0',TRUE_POSITIVE='0',FALSE_POSITIVE='0',FALSE_NEGATIVE='6',
08-04 00:39:18.619 27066 27609 D CustomInterceptor: HEADER REQUEST
08-04 00:39:18.619 27066 27609 D CustomInterceptor: Cache-Control max-age=300, max-stale=300
08-04 00:39:18.619 27066 27609 D CustomInterceptor: User-Agent AntennaPod/1.7.2b
08-04 00:39:18.619 27066 27609 D CustomInterceptor: CACHED STATS: size = '5', maxSize = '100', hitCount = '8', createCount = '0', putCount = '5', evictionCount = '0', missCount = '6', toString = 'LruCache[maxSize=100,hits=8,misses=6,hitRate=57%]', 
08-04 00:39:18.619 27066 27609 D CustomInterceptor: PREFLIB GET REQUEST http://joeroganexp.joerogan.libsynpro.com/rss
08-04 00:39:18.619 27066 27609 D CustomInterceptor: PREFLIB found http://joeroganexp.joerogan.libsynpro.com/rss, sending it back
08-04 00:39:18.624 27066 27153 I art     : Starting a blocking GC Explicit
08-04 00:39:18.646 27066 27092 D Nappa   : registerActivity: (already in) nappatfpr.de.danoeh.antennapod.activity.MainActivity
08-04 00:39:18.646 27066 27092 D Nappa   : PARENTS 
08-04 00:39:18.646 27066 27092 D Nappa   : Of: nappatfpr.de.danoeh.antennapod.activity.MainActivity -> 
08-04 00:39:18.646 27066 27092 D Nappa   : PARENTS nappatfpr.de.danoeh.antennapod.activity.SplashActivity
08-04 00:39:18.646 27066 27092 D Nappa   : PREFETCH_ON_EXTRA - notifyExtras- start
08-04 00:39:18.647 27066 27092 I NAPPA_EXPERIMENTATION: MetricNappaPrefetchingStrategyExecutionTime: STRATEGY_CLASS='TfprPrefetchingStrategy',DURATION='921198',NUMBER_OF_URLS='1',NUMBER_OF_SELECTED_CHILDREN_NODES='1',NUMBER_OF_CHILDREN_NODES='2',STRATEGY_RUN_SUCCESSFULLY='True',
08-04 00:39:18.648 27066 27092 D TfprPrefetchingStrategy: ==================================
08-04 00:39:18.648 27066 27092 D TfprPrefetchingStrategy: Starting Run #7
08-04 00:39:18.648 27066 27092 D TfprPrefetchingStrategy: ----------------------------------
08-04 00:39:18.649 27066 27092 D TfprPrefetchingStrategy: Node data MainActivity 
08-04 00:39:18.649 27066 27092 D TfprPrefetchingStrategy: 	Successors:
08-04 00:39:18.649 27066 27092 D TfprPrefetchingStrategy: 		OnlineFeedViewActivity (2 hits)
08-04 00:39:18.649 27066 27092 D TfprPrefetchingStrategy: 		PreferenceActivity (1 hits)
08-04 00:39:18.649 27066 27092 D TfprPrefetchingStrategy: 	Ancestors:
08-04 00:39:18.649 27066 27092 D TfprPrefetchingStrategy: 		SplashActivity (1 hits)
08-04 00:39:18.649 27066 27092 D TfprPrefetchingStrategy: 
08-04 00:39:18.649 27066 27092 D TfprPrefetchingStrategy: MetricStrategyAccuracy inc execution count7 | act = false; extra = true
