--------- beginning of main
08-04 14:34:19.240   918   930 W ResourceType: ResTable_typeSpec entry count inconsistent: given 37, previously 42
08-04 14:34:19.240   918   930 W ResourceType: ResTable_typeSpec entry count inconsistent: given 2527, previously 2530
08-04 14:34:19.243   918   930 W ResourceType: ResTable_typeSpec entry count inconsistent: given 2542, previously 2545
08-04 14:34:19.243   918   930 W ResourceType: ResTable_typeSpec entry count inconsistent: given 303, previously 1691
08-04 14:34:19.258 32493 32493 W System  : ClassLoader referenced unknown path: /system/app/KeyChain/lib/arm64
08-04 14:34:19.269  3784  3784 D CarrierServiceBindHelper: Receive action: android.intent.action.PACKAGE_ADDED
08-04 14:34:19.270  3784  3784 D CarrierServiceBindHelper: Receive action: android.intent.action.PACKAGE_REPLACED
08-04 14:34:19.270  3784  3784 D CarrierServiceBindHelper: mHandler: 3
08-04 14:34:19.270  3784  3784 D CarrierServiceBindHelper: mHandler: 3
08-04 14:34:19.270  3784  3784 D CarrierServiceBindHelper: mHandler: 3
08-04 14:34:19.270  3784  3784 D CarrierConfigLoader: mHandler: 9 phoneId: 0
08-04 14:34:19.310 32508 32508 W ResourceType: ResTable_typeSpec entry count inconsistent: given 15, previously 23
--------- beginning of system
08-04 14:34:19.319   918  6029 I ActivityManager: Killing 5512:com.google.android.partnersetup/u0a18 (adj 15): empty #17
08-04 14:34:19.681 32508 32528 E linker  : readlink('/proc/self/fd/19') failed: Permission denied [fd=19]
08-04 14:34:19.681 32508 32528 E linker  : warning: unable to get realpath for the library "/data/app/com.google.android.apps.maps-1/lib/arm64/libgmm-jni.so". Will use given name.
08-04 14:34:19.698 32508 32528 W linker  : /data/app/com.google.android.apps.maps-1/lib/arm64/libgmm-jni.so: unused DT entry: type 0x1d arg 0xbba3
08-04 14:34:19.712 32508 32528 E linker  : readlink('/proc/self/fd/19') failed: Permission denied [fd=19]
08-04 14:34:19.712 32508 32528 E linker  : warning: unable to get realpath for the library "libarcore_sdk_c.so". Will use given name.
08-04 14:34:19.788 31903 31903 I ServiceManager: Waiting for service AtCmdFwd...
08-04 14:34:19.796 32525 32525 D AndroidRuntime: >>>>>> START com.android.internal.os.RuntimeInit uid 2000 <<<<<<
08-04 14:34:19.810 32525 32525 D AndroidRuntime: CheckJNI is OFF
08-04 14:34:19.840 32525 32525 D ICU     : No timezone override file found: /data/misc/zoneinfo/current/icu/icu_tzdata.dat
08-04 14:34:19.871 32525 32525 I Radio-JNI: register_android_hardware_Radio DONE
08-04 14:34:19.886 32525 32525 D AndroidRuntime: Calling main entry com.android.commands.monkey.Monkey
08-04 14:34:19.899   918   931 W BroadcastQueue: Skipping deliver [background] BroadcastRecord{f230917 u-1 android.net.conn.CONNECTIVITY_CHANGE} to ReceiverList{d7a1104 32525 (unknown name)/2000/u-1 remote:ee2b0b1}: process crashing
08-04 14:34:19.909   918  6110 I ActivityManager: START u0 {act=android.intent.action.MAIN cat=[android.intent.category.LAUNCHER] flg=0x10200000 cmp=nappatfpr.de.danoeh.antennapod.debug/nappatfpr.de.danoeh.antennapod.activity.SplashActivity} from uid 2000 on display 0
08-04 14:34:19.927 32536 32536 I art     : Late-enabling -Xcheck:jni
08-04 14:34:19.927   918  3359 I ActivityManager: Start proc 32536:nappatfpr.de.danoeh.antennapod.debug/u0a665 for activity nappatfpr.de.danoeh.antennapod.debug/nappatfpr.de.danoeh.antennapod.activity.SplashActivity
08-04 14:34:19.931 32525 32525 I art     : System.exit called, status: 0
08-04 14:34:19.931 32525 32525 I AndroidRuntime: VM exiting with result code 0.
08-04 14:34:19.974 32508 32528 I Filament: Filament library loaded.
08-04 14:34:19.981 32536 32536 W System  : ClassLoader referenced unknown path: /data/app/nappatfpr.de.danoeh.antennapod.debug-2/lib/arm64
08-04 14:34:20.000 32536 32536 D UserPreferences: Creating new instance of UserPreferences
08-04 14:34:20.001 32536 32536 D UserPreferences: Using default data folder
08-04 14:34:20.005 32536 32536 D UserPreferences: Import directory already exists
08-04 14:34:20.010 32536 32536 D UpdateManager: old: -1, current: 1070296
08-04 14:34:20.014 32536 32536 D SleepTimerPreferences: Creating new instance of SleepTimerPreferences
08-04 14:34:20.014  2075 22580 I PBSessionCacheImpl: Deleted sessionId[9127543042550561] from persistence.
08-04 14:34:20.018  2075  2107 W SearchServiceCore: Abort, client detached.
08-04 14:34:20.019  2075  2107 I MicroDetectionState: Should stop hotword detection immediately - true
08-04 14:34:20.026 32536 32536 D SPAUtil : Sending SP_APPS_QUERY_FEEDS intent
08-04 14:34:20.059 32536 32536 W art     : Before Android 4.1, method android.graphics.PorterDuffColorFilter androidx.vectordrawable.graphics.drawable.VectorDrawableCompat.updateTintFilter(android.graphics.PorterDuffColorFilter, android.content.res.ColorStateList, android.graphics.PorterDuff$Mode) would have incorrectly overridden the package-private method in android.graphics.drawable.Drawable
08-04 14:34:20.062 32508 32518 W art     : Suspending all threads took: 6.370ms
08-04 14:34:20.076 32536 32536 D Nappa   : Selected prefetching strategy STRATEGY_TFPR
08-04 14:34:20.099 32536 32565 D Nappa   : Updating activity map nappatfpr.de.danoeh.antennapod.activity.SplashActivity: 1
08-04 14:34:20.099 32536 32565 D Nappa   : Updating activity map nappatfpr.de.danoeh.antennapod.activity.MainActivity: 2
08-04 14:34:20.099 32536 32565 D Nappa   : Updating activity map nappatfpr.de.danoeh.antennapod.activity.PreferenceActivity: 3
08-04 14:34:20.099 32536 32565 D Nappa   : Updating activity map nappatfpr.de.danoeh.antennapod.activity.OnlineFeedViewActivity: 4
08-04 14:34:20.099 32536 32565 D Nappa   : Updating activity map nappatfpr.de.danoeh.antennapod.activity.FeedSettingsActivity: 5
08-04 14:34:20.099 32536 32565 D Nappa   : Updating activity map nappatfpr.de.danoeh.antennapod.activity.FeedInfoActivity: 6
08-04 14:34:20.099 32536 32565 D ActivityGraph: ACT_GRAPH initNodes() fired for node: nappatfpr.de.danoeh.antennapod.activity.SplashActivity
08-04 14:34:20.142 32508 32560 I Adreno  : QUALCOMM build                   : fcf4852, I1af360237c
08-04 14:34:20.142 32508 32560 I Adreno  : Build Date                       : 09/23/15
08-04 14:34:20.142 32508 32560 I Adreno  : OpenGL ES Shader Compiler Version: XE031.05.13.02
08-04 14:34:20.142 32508 32560 I Adreno  : Local Branch                     : mybranch14465806
08-04 14:34:20.142 32508 32560 I Adreno  : Remote Branch                    : quic/LA.BF64.1.2.9_v2
08-04 14:34:20.142 32508 32560 I Adreno  : Remote Branch                    : NONE
08-04 14:34:20.142 32508 32560 I Adreno  : Reconstruct Branch               : NOTHING
08-04 14:34:20.171   918  5952 I ActivityManager: Killing 23646:nappagreedy.com.newsblur/u0a655 (adj 15): empty #17
08-04 14:34:20.200 32536 32565 D Nappa   : registerActivity: (already in) nappatfpr.de.danoeh.antennapod.activity.SplashActivity
08-04 14:34:20.202 32536 32565 D ActivityGraph: LARDataInitFetchDB nappatfpr.de.danoeh.antennapod.activity.SplashActivity Pagerank: 0.25 HITS-Authority: 1.0 HITS-Hub: 1.0 SALSA-Authority: 1.0 SALSA-Hub: 1.0
08-04 14:34:20.202 32536 32565 D ActivityGraph: LARDataInit node nappatfpr.de.danoeh.antennapod.activity.SplashActivity added to nodeList
08-04 14:34:20.203 32536 32565 D ActivityGraph: ACT_GRAPH Edges size: 1
08-04 14:34:20.239 24365 32579 I Fitness : FitCleanupIntentOperation received Intent android.intent.action.PACKAGE_REMOVED [CONTEXT service_id=17 ]
08-04 14:34:20.244   918  6029 I AccountManagerService: getTypesVisibleToCaller: isPermitted? true
08-04 14:34:20.249  5392  5392 I Finsky  : [1] uah.a(18): PackageMonitorReceiverImpl - Received: android.intent.action.PACKAGE_REMOVED, [0-ZT9HreWxDlPwL3PD1BWbmvF9Uw3CqQ7cBeRCZMsvs]
08-04 14:34:20.249  5392  5392 I Finsky  : [1] ubi.d(9): Invalidating cached PackageState for nappatfpr.de.danoeh.antennapod.debug
08-04 14:34:20.280  5392  5392 I Finsky  : [1] lzi.c(2): Frosting ID looked up on UI thread. Caller should move to a background thread.
08-04 14:34:20.305 32536 32565 D Nappa   : registerActivity: (already in) nappatfpr.de.danoeh.antennapod.activity.MainActivity
08-04 14:34:20.306 32536 32565 D ActivityGraph: LARDataInitFetchDB nappatfpr.de.danoeh.antennapod.activity.SplashActivity Pagerank: 0.25 HITS-Authority: 1.0 HITS-Hub: 1.0 SALSA-Authority: 1.0 SALSA-Hub: 1.0 loaded following an edge
08-04 14:34:20.306 32536 32565 D ActivityGraph: ACT_GRAPH does not contain temp2
08-04 14:34:20.306 32536 32565 D ActivityGraph: LARDataInit node nappatfpr.de.danoeh.antennapod.activity.MainActivity added to nodeList from edge
08-04 14:34:20.307 32536 32565 D ActivityGraph: ACT_GRAPH adding successors: nappatfpr.de.danoeh.antennapod.activity.SplashActivity -> nappatfpr.de.danoeh.antennapod.activity.MainActivity
08-04 14:34:20.307 32536 32565 D FetchActivityLiveDataInfoHandler: activity  = SplashActivity
08-04 14:34:20.308 32536 32565 D FetchActivityLiveDataInfoHandler: shouldSetSessionAggregateLiveData  = true
08-04 14:34:20.308 32536 32565 D FetchActivityLiveDataInfoHandler: need/shouldSetSuccessorVisitTime  = true - true
08-04 14:34:20.308 32536 32565 D FetchActivityLiveDataInfoHandler: need/shouldSetSuccessorVisitTime  = true - true
08-04 14:34:20.308 32536 32593 D Nappa   : {nappatfpr.de.danoeh.antennapod.activity.FeedSettingsActivity=5, nappatfpr.de.danoeh.antennapod.activity.MainActivity=2, nappatfpr.de.danoeh.antennapod.activity.FeedInfoActivity=6, nappatfpr.de.danoeh.antennapod.activity.OnlineFeedViewActivity=4, nappatfpr.de.danoeh.antennapod.activity.PreferenceActivity=3, nappatfpr.de.danoeh.antennapod.activity.SplashActivity=1}
08-04 14:34:20.308 32536 32565 D FetchActivityLiveDataInfoHandler: shouldSetUrlCandidateDbLiveDataLiveData  = true
08-04 14:34:20.308 32536 32565 D FetchActivityLiveDataInfoHandler: shouldSetActivityExtraLiveData  = true
08-04 14:34:20.309 32536 32567 D FetchSessionDataRunnable: SplashActivity Fetching session data for LAST_N_SESSIONS_FROM_ENTITY_SESSION
08-04 14:34:20.311 32536 32567 D FetchVisitTimeRunnable: SplashActivity Fetching session data for LAST_N_SESSIONS_FROM_ENTITY_SESSION
08-04 14:34:20.313  5392  5392 I Finsky  : [1] nqb.c(3): Installer: package nappatfpr.de.danoeh.antennapod.debug was removed. replacing: true
08-04 14:34:20.314  5392  5392 I Finsky  : [1] nra.a(188): Installer: Notifying status update. package=nappatfpr.de.danoeh.antennapod.debug, status=UNINSTALLED
08-04 14:34:20.314 32536 32567 D FetchSuccessorsVisitTimeRunnable: SplashActivity Fetching session data for LAST_N_SESSIONS_FROM_ENTITY_SESSION
08-04 14:34:20.316 32536 32567 D FetchUrlCandidateRunnable: SplashActivity Fetching URL candidates
08-04 14:34:20.318 32536 32567 D FetchIntentExtraRunnable: SplashActivity Fetching intent extras
08-04 14:34:20.319 32536 32565 D ActivityGraph: ACT_GRAPH initNodes() fired for node: nappatfpr.de.danoeh.antennapod.activity.MainActivity
08-04 14:34:20.363  5392  5392 I Finsky  : [1] lzi.c(2): Frosting ID looked up on UI thread. Caller should move to a background thread.
08-04 14:34:20.385  5392 32600 I Finsky  : [5847] ejf.a(-1): Cancelled 0 ongoing asset module downloads for package nappatfpr.de.danoeh.antennapod.debug due to a concurrent app update.
08-04 14:34:20.386  5392  5392 I Finsky  : [1] nra.a(220): Installer: found apps to install. isMultiUserMode=false, apps=[]
08-04 14:34:20.403  5392  5619 I Finsky  : [5804] odj.b(52): IQ: Notifying installation update. package=nappatfpr.de.danoeh.antennapod.debug, status=UNINSTALLED
08-04 14:34:20.404   918  6029 I ActivityManager: Start proc 32602:com.google.android.partnersetup/u0a18 for broadcast com.google.android.partnersetup/.RlzPingBroadcastReceiver
08-04 14:34:20.419 32536 32565 D Nappa   : registerActivity: (already in) nappatfpr.de.danoeh.antennapod.activity.MainActivity
08-04 14:34:20.421 32536 32565 D ActivityGraph: LARDataInitFetchDB nappatfpr.de.danoeh.antennapod.activity.MainActivity Pagerank: 0.25 HITS-Authority: 1.0 HITS-Hub: 1.0 SALSA-Authority: 1.0 SALSA-Hub: 1.0
08-04 14:34:20.421 32536 32565 D ActivityGraph: LARDataInit already in nodeList
08-04 14:34:20.422 32536 32565 D ActivityGraph: ACT_GRAPH Edges size: 4
08-04 14:34:20.444  5392 32581 I Finsky  : [5845] lyv.run(-1): Wrote row to frosting DB: 2344
08-04 14:34:20.462 32602 32602 W System  : ClassLoader referenced unknown path: /system/priv-app/GooglePartnerSetup/lib/arm64
08-04 14:34:20.523 32536 32565 D Nappa   : registerActivity: (already in) nappatfpr.de.danoeh.antennapod.activity.PreferenceActivity
08-04 14:34:20.524 32536 32565 D ActivityGraph: LARDataInitFetchDB nappatfpr.de.danoeh.antennapod.activity.MainActivity Pagerank: 0.25 HITS-Authority: 1.0 HITS-Hub: 1.0 SALSA-Authority: 1.0 SALSA-Hub: 1.0 loaded following an edge
08-04 14:34:20.524 32536 32565 D ActivityGraph: ACT_GRAPH does not contain temp2
08-04 14:34:20.524 32536 32565 D ActivityGraph: LARDataInit node nappatfpr.de.danoeh.antennapod.activity.PreferenceActivity added to nodeList from edge
08-04 14:34:20.524 32536 32565 D ActivityGraph: ACT_GRAPH adding successors: nappatfpr.de.danoeh.antennapod.activity.MainActivity -> nappatfpr.de.danoeh.antennapod.activity.PreferenceActivity
08-04 14:34:20.525  5392  5619 I Finsky  : [5804] odj.b(40): IQ: No matching installs to run for jobs: []
08-04 14:34:20.525 32536 32593 D Nappa   : {nappatfpr.de.danoeh.antennapod.activity.FeedSettingsActivity=5, nappatfpr.de.danoeh.antennapod.activity.MainActivity=2, nappatfpr.de.danoeh.antennapod.activity.FeedInfoActivity=6, nappatfpr.de.danoeh.antennapod.activity.OnlineFeedViewActivity=4, nappatfpr.de.danoeh.antennapod.activity.PreferenceActivity=3, nappatfpr.de.danoeh.antennapod.activity.SplashActivity=1}
08-04 14:34:20.577 24577 32595 I Auth    : [SupervisedAccountIntentOperation] onHandleIntent(): android.intent.action.PACKAGE_ADDED
08-04 14:34:20.578 24577 32595 I ChromeSync: [Sync,SyncIntentOperation] Handling the intent: Intent { act=android.intent.action.PACKAGE_ADDED dat=package:nappatfpr.de.danoeh.antennapod.debug flg=0x4000010 cmp=com.google.android.gms/.chimera.GmsIntentOperationService (has extras) }.
08-04 14:34:20.593   918  3961 W ActivityManager: Unable to start service Intent { act=com.google.android.gms.auth.key.retrieval.service.START pkg=com.google.android.gms } U=0: not found
08-04 14:34:20.625 32536 32565 D Nappa   : registerActivity: (already in) nappatfpr.de.danoeh.antennapod.activity.OnlineFeedViewActivity
08-04 14:34:20.626 32536 32565 D ActivityGraph: LARDataInitFetchDB nappatfpr.de.danoeh.antennapod.activity.MainActivity Pagerank: 0.25 HITS-Authority: 1.0 HITS-Hub: 1.0 SALSA-Authority: 1.0 SALSA-Hub: 1.0 loaded following an edge
08-04 14:34:20.626 32536 32565 D ActivityGraph: ACT_GRAPH does not contain temp2
08-04 14:34:20.626 32536 32565 D ActivityGraph: LARDataInit node nappatfpr.de.danoeh.antennapod.activity.OnlineFeedViewActivity added to nodeList from edge
08-04 14:34:20.627 32536 32565 D ActivityGraph: ACT_GRAPH adding successors: nappatfpr.de.danoeh.antennapod.activity.MainActivity -> nappatfpr.de.danoeh.antennapod.activity.OnlineFeedViewActivity
08-04 14:34:20.627 32536 32593 D Nappa   : {nappatfpr.de.danoeh.antennapod.activity.FeedSettingsActivity=5, nappatfpr.de.danoeh.antennapod.activity.MainActivity=2, nappatfpr.de.danoeh.antennapod.activity.FeedInfoActivity=6, nappatfpr.de.danoeh.antennapod.activity.OnlineFeedViewActivity=4, nappatfpr.de.danoeh.antennapod.activity.PreferenceActivity=3, nappatfpr.de.danoeh.antennapod.activity.SplashActivity=1}
08-04 14:34:20.710  5392  5392 I Finsky  : [1] uah.a(18): PackageMonitorReceiverImpl - Received: android.intent.action.PACKAGE_ADDED, [0-ZT9HreWxDlPwL3PD1BWbmvF9Uw3CqQ7cBeRCZMsvs]
08-04 14:34:20.710  5392  5392 I Finsky  : [1] ubi.d(9): Invalidating cached PackageState for nappatfpr.de.danoeh.antennapod.debug
08-04 14:34:20.714  5392  5392 I Finsky  : [1] lzi.c(2): Frosting ID looked up on UI thread. Caller should move to a background thread.
08-04 14:34:20.725  5392 32599 I Finsky  : [5846] gzn.a(-1): [ContentSync] finished, scheduled=false
08-04 14:34:20.728 32536 32565 D Nappa   : registerActivity: (already in) nappatfpr.de.danoeh.antennapod.activity.FeedSettingsActivity
08-04 14:34:20.729 32536 32565 D ActivityGraph: LARDataInitFetchDB nappatfpr.de.danoeh.antennapod.activity.MainActivity Pagerank: 0.25 HITS-Authority: 1.0 HITS-Hub: 1.0 SALSA-Authority: 1.0 SALSA-Hub: 1.0 loaded following an edge
08-04 14:34:20.729 32536 32565 D ActivityGraph: ACT_GRAPH does not contain temp2
08-04 14:34:20.729 32536 32565 D ActivityGraph: LARDataInit node nappatfpr.de.danoeh.antennapod.activity.FeedSettingsActivity added to nodeList from edge
08-04 14:34:20.730 32536 32565 D ActivityGraph: ACT_GRAPH adding successors: nappatfpr.de.danoeh.antennapod.activity.MainActivity -> nappatfpr.de.danoeh.antennapod.activity.FeedSettingsActivity
08-04 14:34:20.730 32536 32593 D Nappa   : {nappatfpr.de.danoeh.antennapod.activity.FeedSettingsActivity=5, nappatfpr.de.danoeh.antennapod.activity.MainActivity=2, nappatfpr.de.danoeh.antennapod.activity.FeedInfoActivity=6, nappatfpr.de.danoeh.antennapod.activity.OnlineFeedViewActivity=4, nappatfpr.de.danoeh.antennapod.activity.PreferenceActivity=3, nappatfpr.de.danoeh.antennapod.activity.SplashActivity=1}
08-04 14:34:20.733  5392  5392 I Finsky  : [1] agsx.a(4): Do not start WearSupportService due to Wear service optimization
08-04 14:34:20.748   918  6112 W ActivityManager: Unbind failed: could not find connection for android.os.BinderProxy@b5bebc9
08-04 14:34:20.750   918  3714 I AccountManagerService: getTypesVisibleToCaller: isPermitted? true
08-04 14:34:20.752 24577 32595 I ChromeSync: [Persistence,AffiliationManager] One of affiliation or grouping data for android://bz0hZa4nAJEtd0n5sRlXG7KAqctUMWVefv7Ki4mh1p6slZ9YO-n9gS9j8m9YCrsIyI2wIxrDHraumF9Y6pBLTA==@nappatfpr.de.danoeh.antennapod.debug/ was not found. Marking affiliation data as stale...
08-04 14:34:20.754  5392 32600 I Finsky  : [5847] ejc.a(-1): Asset module broadcast after update successful for package nappatfpr.de.danoeh.antennapod.debug. 0 sessions broadcast.
08-04 14:34:20.759 24577 24621 E GmsClient: unable to connect to service: com.google.android.gms.auth.key.retrieval.service.START on com.google.android.gms
08-04 14:34:20.767  5392  5392 I Finsky  : [1] lzi.c(2): Frosting ID looked up on UI thread. Caller should move to a background thread.
08-04 14:34:20.788 31903 31903 W Atfwd_Sendcmd: AtCmdFwd service not published, waiting... retryCnt : 2
08-04 14:34:20.830 32536 32565 D Nappa   : registerActivity: (already in) nappatfpr.de.danoeh.antennapod.activity.FeedInfoActivity
08-04 14:34:20.831 32536 32565 D ActivityGraph: LARDataInitFetchDB nappatfpr.de.danoeh.antennapod.activity.MainActivity Pagerank: 0.25 HITS-Authority: 1.0 HITS-Hub: 1.0 SALSA-Authority: 1.0 SALSA-Hub: 1.0 loaded following an edge
08-04 14:34:20.832 32536 32565 D ActivityGraph: ACT_GRAPH does not contain temp2
08-04 14:34:20.832 32536 32565 D ActivityGraph: LARDataInit node nappatfpr.de.danoeh.antennapod.activity.FeedInfoActivity added to nodeList from edge
08-04 14:34:20.832 32536 32565 D ActivityGraph: ACT_GRAPH adding successors: nappatfpr.de.danoeh.antennapod.activity.MainActivity -> nappatfpr.de.danoeh.antennapod.activity.FeedInfoActivity
08-04 14:34:20.832 32536 32565 D FetchActivityLiveDataInfoHandler: activity  = MainActivity
08-04 14:34:20.832 32536 32565 D FetchActivityLiveDataInfoHandler: shouldSetSessionAggregateLiveData  = true
08-04 14:34:20.832 32536 32593 D Nappa   : {nappatfpr.de.danoeh.antennapod.activity.FeedSettingsActivity=5, nappatfpr.de.danoeh.antennapod.activity.MainActivity=2, nappatfpr.de.danoeh.antennapod.activity.FeedInfoActivity=6, nappatfpr.de.danoeh.antennapod.activity.OnlineFeedViewActivity=4, nappatfpr.de.danoeh.antennapod.activity.PreferenceActivity=3, nappatfpr.de.danoeh.antennapod.activity.SplashActivity=1}
08-04 14:34:20.832 32536 32565 D FetchActivityLiveDataInfoHandler: need/shouldSetSuccessorVisitTime  = true - true
08-04 14:34:20.832 32536 32565 D FetchActivityLiveDataInfoHandler: need/shouldSetSuccessorVisitTime  = true - true
08-04 14:34:20.832 32536 32565 D FetchActivityLiveDataInfoHandler: shouldSetUrlCandidateDbLiveDataLiveData  = true
08-04 14:34:20.832 32536 32565 D FetchActivityLiveDataInfoHandler: shouldSetActivityExtraLiveData  = true
08-04 14:34:20.833 32536 32567 D FetchSessionDataRunnable: MainActivity Fetching session data for LAST_N_SESSIONS_FROM_ENTITY_SESSION
08-04 14:34:20.833 32536 32567 D FetchVisitTimeRunnable: MainActivity Fetching session data for LAST_N_SESSIONS_FROM_ENTITY_SESSION
08-04 14:34:20.835 32536 32567 D FetchSuccessorsVisitTimeRunnable: MainActivity Fetching session data for LAST_N_SESSIONS_FROM_ENTITY_SESSION
08-04 14:34:20.835 32536 32567 D FetchUrlCandidateRunnable: MainActivity Fetching URL candidates
08-04 14:34:20.843 32536 32567 D FetchIntentExtraRunnable: MainActivity Fetching intent extras
08-04 14:34:20.844 32536 32565 D ActivityGraph: ACT_GRAPH initNodes() fired for node: nappatfpr.de.danoeh.antennapod.activity.PreferenceActivity
08-04 14:34:20.850   918  3961 I AccountManagerService: getTypesVisibleToCaller: isPermitted? true
08-04 14:34:20.860  5392 32581 I Finsky  : [5845] lyv.run(-1): Wrote row to frosting DB: 2345
08-04 14:34:20.944 32536 32565 D Nappa   : registerActivity: (already in) nappatfpr.de.danoeh.antennapod.activity.PreferenceActivity
08-04 14:34:20.946 32536 32565 D ActivityGraph: LARDataInitFetchDB nappatfpr.de.danoeh.antennapod.activity.PreferenceActivity Pagerank: 0.25 HITS-Authority: 1.0 HITS-Hub: 1.0 SALSA-Authority: 1.0 SALSA-Hub: 1.0
08-04 14:34:20.946 32536 32565 D ActivityGraph: LARDataInit already in nodeList
08-04 14:34:20.947 32536 32565 D ActivityGraph: ACT_GRAPH Edges size: 0
08-04 14:34:20.947 32536 32565 D FetchActivityLiveDataInfoHandler: activity  = PreferenceActivity
08-04 14:34:20.947 32536 32565 D FetchActivityLiveDataInfoHandler: shouldSetSessionAggregateLiveData  = true
08-04 14:34:20.947 32536 32565 D FetchActivityLiveDataInfoHandler: need/shouldSetSuccessorVisitTime  = true - true
08-04 14:34:20.947 32536 32565 D FetchActivityLiveDataInfoHandler: need/shouldSetSuccessorVisitTime  = true - true
08-04 14:34:20.947 32536 32565 D FetchActivityLiveDataInfoHandler: shouldSetUrlCandidateDbLiveDataLiveData  = true
08-04 14:34:20.947 32536 32565 D FetchActivityLiveDataInfoHandler: shouldSetActivityExtraLiveData  = true
08-04 14:34:20.948 32536 32567 D FetchSessionDataRunnable: PreferenceActivity Fetching session data for LAST_N_SESSIONS_FROM_ENTITY_SESSION
08-04 14:34:20.949 32536 32567 D FetchVisitTimeRunnable: PreferenceActivity Fetching session data for LAST_N_SESSIONS_FROM_ENTITY_SESSION
08-04 14:34:20.950 32536 32567 D FetchSuccessorsVisitTimeRunnable: PreferenceActivity Fetching session data for LAST_N_SESSIONS_FROM_ENTITY_SESSION
08-04 14:34:20.951 32536 32567 D FetchUrlCandidateRunnable: PreferenceActivity Fetching URL candidates
08-04 14:34:20.952 32536 32567 D FetchIntentExtraRunnable: PreferenceActivity Fetching intent extras
08-04 14:34:20.952 32536 32565 D ActivityGraph: ACT_GRAPH initNodes() fired for node: nappatfpr.de.danoeh.antennapod.activity.OnlineFeedViewActivity
08-04 14:34:20.966  5392  5392 I Finsky  : [1] xmu.a(8): SCH: Jobs in database: 1-1337 3-193 3-194 12-1 24-77777777 26-1414141414 
08-04 14:34:20.969  5392  5392 I Finsky  : [1] xio.a(57): SCH: ConstraintMapping: 24-77777777,  -> L: 0ms, D: 23739869ms, C: false, I: true, N: 0
08-04 14:34:20.969  5392  5392 I Finsky  : [1] xio.a(57): SCH: ConstraintMapping: 1-1337, 12-1,  -> L: 14430ms, D: 70291946ms, C: false, I: false, N: 1
08-04 14:34:20.969  5392  5392 I Finsky  : [1] xio.a(57): SCH: ConstraintMapping: 3-193,  -> L: 0ms, D: 84701900ms, C: false, I: true, N: 2
08-04 14:34:20.970  5392  5392 I Finsky  : [1] xio.a(57): SCH: ConstraintMapping: 3-194,  -> L: 0ms, D: 84701917ms, C: true, I: true, N: 2
08-04 14:34:20.970  5392  5392 I Finsky  : [1] xio.a(57): SCH: ConstraintMapping: 26-1414141414,  -> L: 31205069ms, D: 32105069ms, C: false, I: false, N: 0
08-04 14:34:20.973  5392 32599 I Finsky  : [5846] gzn.a(-1): [ContentSync] finished, scheduled=true
08-04 14:34:20.994  5392  5392 I Finsky  : [1] xle.a(34): Cancelling existing jobscheduler jobs: 9005 9006 9013 9009 9000 9004 9003 9002 9007 9010 
08-04 14:34:20.995  5392  5392 I Finsky  : [1] xle.a(27): Scheduling job Id: 9001, L: 0, D: 23739869, C: false, I: true, N: 0
08-04 14:34:20.998  5392  5392 I Finsky  : [1] xle.a(27): Scheduling job Id: 9008, L: 14430, D: 70291946, C: false, I: false, N: 1
08-04 14:34:21.009  5392  5392 I Finsky  : [1] xle.a(27): Scheduling job Id: 9011, L: 0, D: 84701900, C: false, I: true, N: 2
08-04 14:34:21.014  5392  5392 I Finsky  : [1] xle.a(27): Scheduling job Id: 9012, L: 0, D: 84701917, C: true, I: true, N: 2
08-04 14:34:21.016  5392  5392 I Finsky  : [1] xle.a(27): Scheduling job Id: 9014, L: 31205069, D: 32105069, C: false, I: false, N: 0
08-04 14:34:21.019  5392  5392 I Finsky  : [1] xle.a(27): Scheduling job Id: 9015, L: 0, D: 23739869, C: false, I: true, N: 0
08-04 14:34:21.022  5392  5392 I Finsky  : [1] xle.a(27): Scheduling job Id: 9016, L: 14430, D: 70291946, C: false, I: false, N: 1
08-04 14:34:21.024  5392  5392 I Finsky  : [1] xle.a(27): Scheduling job Id: 9017, L: 0, D: 84701900, C: false, I: true, N: 2
08-04 14:34:21.027  5392  5392 I Finsky  : [1] xle.a(27): Scheduling job Id: 9018, L: 0, D: 84701917, C: true, I: true, N: 2
08-04 14:34:21.029  5392 32581 I Finsky  : [5845] lyv.run(-1): Wrote row to frosting DB: 2346
08-04 14:34:21.037  5392  5392 I Finsky  : [1] xle.a(27): Scheduling job Id: 9019, L: 31205069, D: 32105069, C: false, I: false, N: 0
08-04 14:34:21.053 32536 32565 D Nappa   : registerActivity: (already in) nappatfpr.de.danoeh.antennapod.activity.OnlineFeedViewActivity
08-04 14:34:21.054 32536 32565 D ActivityGraph: LARDataInitFetchDB nappatfpr.de.danoeh.antennapod.activity.OnlineFeedViewActivity Pagerank: 0.25 HITS-Authority: 1.0 HITS-Hub: 1.0 SALSA-Authority: 1.0 SALSA-Hub: 1.0
08-04 14:34:21.054 32536 32565 D ActivityGraph: LARDataInit already in nodeList
08-04 14:34:21.055 32536 32565 D ActivityGraph: ACT_GRAPH Edges size: 0
08-04 14:34:21.055 32536 32565 D FetchActivityLiveDataInfoHandler: activity  = OnlineFeedViewActivity
08-04 14:34:21.055 32536 32565 D FetchActivityLiveDataInfoHandler: shouldSetSessionAggregateLiveData  = true
08-04 14:34:21.055 32536 32565 D FetchActivityLiveDataInfoHandler: need/shouldSetSuccessorVisitTime  = true - true
08-04 14:34:21.055 32536 32565 D FetchActivityLiveDataInfoHandler: need/shouldSetSuccessorVisitTime  = true - true
08-04 14:34:21.055 32536 32565 D FetchActivityLiveDataInfoHandler: shouldSetUrlCandidateDbLiveDataLiveData  = true
08-04 14:34:21.056 32536 32565 D FetchActivityLiveDataInfoHandler: shouldSetActivityExtraLiveData  = true
08-04 14:34:21.056 32536 32567 D FetchSessionDataRunnable: OnlineFeedViewActivity Fetching session data for LAST_N_SESSIONS_FROM_ENTITY_SESSION
08-04 14:34:21.057 32536 32567 D FetchVisitTimeRunnable: OnlineFeedViewActivity Fetching session data for LAST_N_SESSIONS_FROM_ENTITY_SESSION
08-04 14:34:21.058 32536 32567 D FetchSuccessorsVisitTimeRunnable: OnlineFeedViewActivity Fetching session data for LAST_N_SESSIONS_FROM_ENTITY_SESSION
08-04 14:34:21.059 32536 32567 D FetchUrlCandidateRunnable: OnlineFeedViewActivity Fetching URL candidates
08-04 14:34:21.060 32536 32567 D FetchIntentExtraRunnable: OnlineFeedViewActivity Fetching intent extras
08-04 14:34:21.060 32536 32565 D ActivityGraph: ACT_GRAPH initNodes() fired for node: nappatfpr.de.danoeh.antennapod.activity.FeedSettingsActivity
08-04 14:34:21.074  5392 32581 I Finsky  : [5845] lyv.run(-1): Wrote row to frosting DB: 2347
08-04 14:34:21.138 24577 13294 I Icing   : IndexChimeraService.getServiceInterface callingPackage=com.google.android.gms componentName=AppsCorpus serviceId=36
08-04 14:34:21.153   918  3359 I AccountManagerService: getTypesVisibleToCaller: isPermitted? true
08-04 14:34:21.161 32536 32565 D Nappa   : registerActivity: (already in) nappatfpr.de.danoeh.antennapod.activity.FeedSettingsActivity
08-04 14:34:21.162 32536 32565 D ActivityGraph: LARDataInitFetchDB nappatfpr.de.danoeh.antennapod.activity.FeedSettingsActivity Pagerank: 0.25 HITS-Authority: 1.0 HITS-Hub: 1.0 SALSA-Authority: 1.0 SALSA-Hub: 1.0
08-04 14:34:21.162 32536 32565 D ActivityGraph: LARDataInit already in nodeList
08-04 14:34:21.162 32536 32565 D ActivityGraph: ACT_GRAPH Edges size: 0
08-04 14:34:21.162 32536 32565 D FetchActivityLiveDataInfoHandler: activity  = FeedSettingsActivity
08-04 14:34:21.162 32536 32565 D FetchActivityLiveDataInfoHandler: shouldSetSessionAggregateLiveData  = true
08-04 14:34:21.162 32536 32565 D FetchActivityLiveDataInfoHandler: need/shouldSetSuccessorVisitTime  = true - true
08-04 14:34:21.162 32536 32565 D FetchActivityLiveDataInfoHandler: need/shouldSetSuccessorVisitTime  = true - true
08-04 14:34:21.162 32536 32565 D FetchActivityLiveDataInfoHandler: shouldSetUrlCandidateDbLiveDataLiveData  = true
08-04 14:34:21.162 32536 32565 D FetchActivityLiveDataInfoHandler: shouldSetActivityExtraLiveData  = true
08-04 14:34:21.163 32536 32567 D FetchSessionDataRunnable: FeedSettingsActivity Fetching session data for LAST_N_SESSIONS_FROM_ENTITY_SESSION
08-04 14:34:21.164 32536 32567 D FetchVisitTimeRunnable: FeedSettingsActivity Fetching session data for LAST_N_SESSIONS_FROM_ENTITY_SESSION
08-04 14:34:21.164 32536 32567 D FetchSuccessorsVisitTimeRunnable: FeedSettingsActivity Fetching session data for LAST_N_SESSIONS_FROM_ENTITY_SESSION
08-04 14:34:21.164 32536 32567 D FetchUrlCandidateRunnable: FeedSettingsActivity Fetching URL candidates
08-04 14:34:21.165 32536 32567 D FetchIntentExtraRunnable: FeedSettingsActivity Fetching intent extras
08-04 14:34:21.165 32536 32565 D ActivityGraph: ACT_GRAPH initNodes() fired for node: nappatfpr.de.danoeh.antennapod.activity.FeedInfoActivity
08-04 14:34:21.187 24577 23605 W Icing   : No valid account for uploading user actions
08-04 14:34:21.234 24577 13294 I Icing   : IndexChimeraService.getServiceInterface callingPackage=com.google.android.gms componentName=null serviceId=30
08-04 14:34:21.265 32536 32565 D Nappa   : registerActivity: (already in) nappatfpr.de.danoeh.antennapod.activity.FeedInfoActivity
08-04 14:34:21.266 32536 32565 D ActivityGraph: LARDataInitFetchDB nappatfpr.de.danoeh.antennapod.activity.FeedInfoActivity Pagerank: 0.25 HITS-Authority: 1.0 HITS-Hub: 1.0 SALSA-Authority: 1.0 SALSA-Hub: 1.0
08-04 14:34:21.266 32536 32565 D ActivityGraph: LARDataInit already in nodeList
08-04 14:34:21.266 32536 32565 D ActivityGraph: ACT_GRAPH Edges size: 0
08-04 14:34:21.266 32536 32565 D FetchActivityLiveDataInfoHandler: activity  = FeedInfoActivity
08-04 14:34:21.266 32536 32565 D FetchActivityLiveDataInfoHandler: shouldSetSessionAggregateLiveData  = true
08-04 14:34:21.266 32536 32565 D FetchActivityLiveDataInfoHandler: need/shouldSetSuccessorVisitTime  = true - true
08-04 14:34:21.267 32536 32565 D FetchActivityLiveDataInfoHandler: need/shouldSetSuccessorVisitTime  = true - true
08-04 14:34:21.267 32536 32565 D FetchActivityLiveDataInfoHandler: shouldSetUrlCandidateDbLiveDataLiveData  = true
08-04 14:34:21.267 32536 32565 D FetchActivityLiveDataInfoHandler: shouldSetActivityExtraLiveData  = true
08-04 14:34:21.267 32536 32567 D FetchSessionDataRunnable: FeedInfoActivity Fetching session data for LAST_N_SESSIONS_FROM_ENTITY_SESSION
08-04 14:34:21.267 32536 32567 D FetchVisitTimeRunnable: FeedInfoActivity Fetching session data for LAST_N_SESSIONS_FROM_ENTITY_SESSION
08-04 14:34:21.268 32536 32567 D FetchSuccessorsVisitTimeRunnable: FeedInfoActivity Fetching session data for LAST_N_SESSIONS_FROM_ENTITY_SESSION
08-04 14:34:21.268 32536 32567 D FetchUrlCandidateRunnable: FeedInfoActivity Fetching URL candidates
08-04 14:34:21.269 32536 32567 D FetchIntentExtraRunnable: FeedInfoActivity Fetching intent extras
08-04 14:34:21.269 32536 32565 D Nappa   : Extended Startup-time: 1193 ms
08-04 14:34:21.270 32536 32565 D InitGraphRunnable: Initialised graph ActivityGraph beginning
08-04 14:34:21.270 32536 32565 D InitGraphRunnable: 
08-04 14:34:21.270 32536 32565 D InitGraphRunnable: SplashActivity 
08-04 14:34:21.270 32536 32565 D InitGraphRunnable: 	Successors:
08-04 14:34:21.270 32536 32565 D InitGraphRunnable: 		MainActivity (0 hits)
08-04 14:34:21.270 32536 32565 D InitGraphRunnable: 	Ancestors:
08-04 14:34:21.270 32536 32565 D InitGraphRunnable: 
08-04 14:34:21.270 32536 32565 D InitGraphRunnable: 
08-04 14:34:21.270 32536 32565 D InitGraphRunnable: MainActivity 
08-04 14:34:21.270 32536 32565 D InitGraphRunnable: 	Successors:
08-04 14:34:21.270 32536 32565 D InitGraphRunnable: 		PreferenceActivity (0 hits)
08-04 14:34:21.270 32536 32565 D InitGraphRunnable: 		OnlineFeedViewActivity (0 hits)
08-04 14:34:21.270 32536 32565 D InitGraphRunnable: 		FeedSettingsActivity (0 hits)
08-04 14:34:21.270 32536 32565 D InitGraphRunnable: 		FeedInfoActivity (0 hits)
08-04 14:34:21.270 32536 32565 D InitGraphRunnable: 	Ancestors:
08-04 14:34:21.270 32536 32565 D InitGraphRunnable: 		SplashActivity (0 hits)
08-04 14:34:21.270 32536 32565 D InitGraphRunnable: 
08-04 14:34:21.270 32536 32565 D InitGraphRunnable: PreferenceActivity 
08-04 14:34:21.270 32536 32565 D InitGraphRunnable: 	Successors:
08-04 14:34:21.270 32536 32565 D InitGraphRunnable: 
08-04 14:34:21.270 32536 32565 D InitGraphRunnable: 	Ancestors:
08-04 14:34:21.270 32536 32565 D InitGraphRunnable: 		MainActivity (0 hits)
08-04 14:34:21.270 32536 32565 D InitGraphRunnable: 
08-04 14:34:21.270 32536 32565 D InitGraphRunnable: OnlineFeedViewActivity 
08-04 14:34:21.270 32536 32565 D InitGraphRunnable: 	Successors:
08-04 14:34:21.270 32536 32565 D InitGraphRunnable: 
08-04 14:34:21.270 32536 32565 D InitGraphRunnable: 	Ancestors:
08-04 14:34:21.270 32536 32565 D InitGraphRunnable: 		MainActivity (0 hits)
08-04 14:34:21.270 32536 32565 D InitGraphRunnable: 
08-04 14:34:21.270 32536 32565 D InitGraphRunnable: FeedSettingsActivity 
08-04 14:34:21.270 32536 32565 D InitGraphRunnable: 	Successors:
08-04 14:34:21.270 32536 32565 D InitGraphRunnable: 
08-04 14:34:21.270 32536 32565 D InitGraphRunnable: 	Ancestors:
08-04 14:34:21.270 32536 32565 D InitGraphRunnable: 		MainActivity (0 hits)
08-04 14:34:21.270 32536 32565 D InitGraphRunnable: 
08-04 14:34:21.270 32536 32565 D InitGraphRunnable: FeedInfoActivity 
08-04 14:34:21.270 32536 32565 D InitGraphRunnable: 	Successors:
08-04 14:34:21.270 32536 32565 D InitGraphRunnable: 
08-04 14:34:21.270 32536 32565 D InitGraphRunnable: 	Ancestors:
08-04 14:34:21.270 32536 32565 D InitGraphRunnable: 		MainActivity (0 hits)
08-04 14:34:21.270 32536 32565 D InitGraphRunnable: 
08-04 14:34:21.270 32536 32565 D InitGraphRunnable: ActivityGraph end
08-04 14:34:21.270 32536 32565 D InitGraphRunnable: 
08-04 14:34:21.270 32536 32536 D Nappa   : Startup-time: 1194 ms
08-04 14:34:21.280 32536 32536 I art     : Rejecting re-init on previously-failed class java.lang.Class<androidx.core.view.ViewCompat$2>
08-04 14:34:21.280 32536 32536 I art     : Rejecting re-init on previously-failed class java.lang.Class<androidx.core.view.ViewCompat$2>
08-04 14:34:21.298 32536 32536 D NappaLifecycleObserver: nappatfpr.de.danoeh.antennapod.activity.SplashActivity - onResume
08-04 14:34:21.298 32536 32536 D Nappa   : setCurrentActivity - MetricStrategyAccuracy - 
08-04 14:34:21.298 32536 32536 D Nappa   : madePredictionFromActivity = false, 
08-04 14:34:21.298 32536 32536 D Nappa   : fromActivity = null, 
08-04 14:34:21.298 32536 32536 D Nappa   : predictedNextActivityFromActivity = [], 
08-04 14:34:21.298 32536 32536 D Nappa   : activity.getClass().getCanonicalName() = nappatfpr.de.danoeh.antennapod.activity.SplashActivity, 
08-04 14:34:21.298 32536 32536 D Nappa   : setCurrentActivity - MetricStrategyAccuracy - 
08-04 14:34:21.298 32536 32536 D Nappa   : madePredictionFromExtra = false, 
08-04 14:34:21.298 32536 32536 D Nappa   : fromActivity = null, 
08-04 14:34:21.298 32536 32536 D Nappa   : predictedNextActivityFromExtra = [], 
08-04 14:34:21.298 32536 32536 D Nappa   : activity.getClass().getCanonicalName() = nappatfpr.de.danoeh.antennapod.activity.SplashActivity, 
08-04 14:34:21.299 32536 32536 D Nappa   : PREFETCH_ON_EXTRA - setCurrentActivity - logs - from activity - made prediction isfalse
08-04 14:34:21.370 24577 23605 I Icing   : Usage reports ok 3, Failed Usage reports 0, indexed 0, rejected 0
08-04 14:34:21.374 24577 23605 W Icing   : No valid account for uploading user actions
08-04 14:34:21.390 24577 23605 I Icing   : Usage reports ok 0, Failed Usage reports 0, indexed 0, rejected 0
08-04 14:34:21.391 24577 23605 I Icing   : Indexing com.google.android.gms-internal.3p:MobileApplication from com.google.android.gms using seqno 763
08-04 14:34:21.395 24577 23605 I Icing   : Indexing com.google.android.gms-internal.3p:MobileApplication from com.google.android.gms using seqno 763
08-04 14:34:21.399 32536 32536 D Nappa   : registerActivity: (already in) nappatfpr.de.danoeh.antennapod.activity.SplashActivity
08-04 14:34:21.399 32536 32536 D Nappa   : SHOULD_PREFETCH false
08-04 14:34:21.399 32536 32536 D Nappa   : STATS Number of requests not prefetched: 0
08-04 14:34:21.399 32536 32536 D Nappa   : STATS Number of requests prefetched: 0
08-04 14:34:21.399 32536 32536 D Nappa   : STATS Time saved until now: 0.0
08-04 14:34:21.405 32536 32646 D OpenGLRenderer: Use EGL_SWAP_BEHAVIOR_PRESERVED: true
08-04 14:34:21.412 32536 32536 D ActivityNode: Setting aggregate visit time live data for node SplashActivity
08-04 14:34:21.413 32536 32536 D ActivityNode: Setting aggregate visit time live data for node MainActivity
08-04 14:34:21.413 32536 32536 D ActivityNode: Setting aggregate visit time live data for node PreferenceActivity
08-04 14:34:21.413 32536 32536 D ActivityNode: Setting aggregate visit time live data for node OnlineFeedViewActivity
08-04 14:34:21.413 32536 32536 D ActivityNode: Setting aggregate visit time live data for node FeedSettingsActivity
08-04 14:34:21.413 32536 32536 D ActivityNode: Setting aggregate visit time live data for node FeedInfoActivity
08-04 14:34:21.413 32536 32536 D NappaIntentExtras: ==================
08-04 14:34:21.413 32536 32536 D NappaIntentExtras: Log #1
08-04 14:34:21.413 32536 32536 D NappaIntentExtras: ------------------
08-04 14:34:21.414 32536 32536 D NappaIntentExtras: activity nappatfpr.de.danoeh.antennapod.activity.FeedSettingsActivity
08-04 14:34:21.414 32536 32536 D NappaIntentExtras: 	- No extras registered
08-04 14:34:21.414 32536 32536 D NappaIntentExtras: activity nappatfpr.de.danoeh.antennapod.activity.MainActivity
08-04 14:34:21.414 32536 32536 D NappaIntentExtras: 	- No extras registered
08-04 14:34:21.414 32536 32536 D NappaIntentExtras: activity nappatfpr.de.danoeh.antennapod.activity.FeedInfoActivity
08-04 14:34:21.414 32536 32536 D NappaIntentExtras: 	- No extras registered
08-04 14:34:21.414 32536 32536 D NappaIntentExtras: activity nappatfpr.de.danoeh.antennapod.activity.OnlineFeedViewActivity
08-04 14:34:21.414 32536 32536 D NappaIntentExtras: 	- No extras registered
08-04 14:34:21.414 32536 32536 D NappaIntentExtras: activity nappatfpr.de.danoeh.antennapod.activity.PreferenceActivity
08-04 14:34:21.414 32536 32536 D NappaIntentExtras: 	- No extras registered
08-04 14:34:21.414 32536 32536 D NappaIntentExtras: activity nappatfpr.de.danoeh.antennapod.activity.SplashActivity
08-04 14:34:21.414 32536 32536 D NappaIntentExtras: 	- No extras registered
08-04 14:34:21.414 32536 32536 D NappaIntentExtras: ==================
08-04 14:34:21.414   918   929 I ActivityManager: START u0 {cmp=nappatfpr.de.danoeh.antennapod.debug/nappatfpr.de.danoeh.antennapod.activity.MainActivity} from uid 10665 on display 0
08-04 14:34:21.422 32640 32640 D AndroidRuntime: >>>>>> START com.android.internal.os.RuntimeInit uid 2000 <<<<<<
08-04 14:34:21.425 32536 32536 D PARAM   : COUNT: 0
08-04 14:34:21.425 32536 32536 D ActivityNode: Observer - URL candidate SplashActivity[]
08-04 14:34:21.425 32536 32536 D ActivityNode: Observer - intent extra - SplashActivity
08-04 14:34:21.425 32536 32536 D ActivityNode: Extras:
08-04 14:34:21.426 32640 32640 D AndroidRuntime: CheckJNI is OFF
08-04 14:34:21.428 32508 32556 E linker  : readlink('/proc/self/fd/24') failed: Permission denied [fd=24]
08-04 14:34:21.428 32508 32556 E linker  : warning: unable to get realpath for the library "/data/data/com.google.android.gms/app_chimera/m/00000039/oat/arm64/DynamiteLoader.odex". Will use given name.
08-04 14:34:21.446 32536 32646 I Adreno  : QUALCOMM build                   : fcf4852, I1af360237c
08-04 14:34:21.446 32536 32646 I Adreno  : Build Date                       : 09/23/15
08-04 14:34:21.446 32536 32646 I Adreno  : OpenGL ES Shader Compiler Version: XE031.05.13.02
08-04 14:34:21.446 32536 32646 I Adreno  : Local Branch                     : mybranch14465806
08-04 14:34:21.446 32536 32646 I Adreno  : Remote Branch                    : quic/LA.BF64.1.2.9_v2
08-04 14:34:21.446 32536 32646 I Adreno  : Remote Branch                    : NONE
08-04 14:34:21.446 32536 32646 I Adreno  : Reconstruct Branch               : NOTHING
08-04 14:34:21.449 32640 32640 D ICU     : No timezone override file found: /data/misc/zoneinfo/current/icu/icu_tzdata.dat
08-04 14:34:21.451 32536 32646 I OpenGLRenderer: Initialized EGL, version 1.4
08-04 14:34:21.473 24365 24365 I Herrevad: [1] abng.a: updateListenState
08-04 14:34:21.474 32536 32536 D NappaLifecycleObserver: nappatfpr.de.danoeh.antennapod.activity.SplashActivity - onPause
08-04 14:34:21.475 32536 32536 D Nappa   : Stayed on nappatfpr.de.danoeh.antennapod.activity.SplashActivity for 76 ms
08-04 14:34:21.477 32640 32640 I Radio-JNI: register_android_hardware_Radio DONE
08-04 14:34:21.481 32536 32536 D ActivityNode: Observer - session data - sourceMainActivity
08-04 14:34:21.481 32536 32536 D ActivityNode: destinations:
08-04 14:34:21.481 32536 32536 D ActivityNode: 	nappatfpr.de.danoeh.antennapod.activity.PreferenceActivity( count 4)
08-04 14:34:21.481 32536 32536 D ActivityNode: 	nappatfpr.de.danoeh.antennapod.activity.OnlineFeedViewActivity( count 32)
08-04 14:34:21.481 32536 32536 D ActivityNode: 	nappatfpr.de.danoeh.antennapod.activity.FeedSettingsActivity( count 4)
08-04 14:34:21.481 32536 32536 D ActivityNode: 	nappatfpr.de.danoeh.antennapod.activity.FeedInfoActivity( count 4)
08-04 14:34:21.482 32536 32536 D ActivityNode: Observer - visit time - SplashActivity - New aggregate visit time found is 637 ms
08-04 14:34:21.482 32536 32536 D ActivityNode: Observer - successor visit time - SplashActivity - Updating the visit time from the successors list:
08-04 14:34:21.482 32536 32536 D ActivityNode: [AggregateVisitTimeByActivity{nappatfpr.de.danoeh.antennapod.activity.MainActivity : 29213 ms}]
08-04 14:34:21.482 32536 32536 D PARAM   : COUNT: 0
08-04 14:34:21.482 32536 32536 D ActivityNode: Observer - URL candidate MainActivity[]
08-04 14:34:21.482 32536 32536 D ActivityNode: Observer - visit time - MainActivity - New aggregate visit time found is 311617 ms
08-04 14:34:21.482 32536 32536 D ActivityNode: Observer - intent extra - MainActivity
08-04 14:34:21.482 32536 32536 D ActivityNode: Extras:
08-04 14:34:21.482 32536 32536 D ActivityNode: 	activity ID 2( key title)
08-04 14:34:21.482 32536 32536 D ActivityNode: 	activity ID 2( key arg.feedurl)
08-04 14:34:21.482 32536 32536 D ActivityNode: 	activity ID 2( key title)
08-04 14:34:21.482 32536 32536 D ActivityNode: 	activity ID 2( key arg.feedurl)
08-04 14:34:21.482 32536 32536 D ActivityNode: 	activity ID 2( key title)
08-04 14:34:21.482 32536 32536 D ActivityNode: 	activity ID 2( key arg.feedurl)
08-04 14:34:21.482 32536 32536 D ActivityNode: 	activity ID 2( key title)
08-04 14:34:21.482 32536 32536 D ActivityNode: 	activity ID 2( key arg.feedurl)
08-04 14:34:21.482 32536 32536 D ActivityNode: 	activity ID 2( key title)
08-04 14:34:21.482 32536 32536 D ActivityNode: 	activity ID 2( key arg.feedurl)
08-04 14:34:21.482 32536 32536 D ActivityNode: 	activity ID 2( key nappatfpr.de.danoeh.antennapod.extra.feedId)
08-04 14:34:21.482 32536 32536 D ActivityNode: 	activity ID 2( key nappatfpr.de.danoeh.antennapod.extra.feedId)
08-04 14:34:21.482 32536 32536 D ActivityNode: 	activity ID 2( key title)
08-04 14:34:21.482 32536 32536 D ActivityNode: 	activity ID 2( key arg.feedurl)
08-04 14:34:21.482 32536 32536 D ActivityNode: 	activity ID 2( key title)
08-04 14:34:21.482 32536 32536 D ActivityNode: 	activity ID 2( key arg.feedurl)
08-04 14:34:21.482 32536 32536 D ActivityNode: 	activity ID 2( key title)
08-04 14:34:21.482 32536 32536 D ActivityNode: 	activity ID 2( key arg.feedurl)
08-04 14:34:21.482 32536 32536 D ActivityNode: 	activity ID 2( key title)
08-04 14:34:21.482 32536 32536 D ActivityNode: 	activity ID 2( key arg.feedurl)
08-04 14:34:21.482 32536 32536 D ActivityNode: 	activity ID 2( key title)
08-04 14:34:21.482 32536 32536 D ActivityNode: 	activity ID 2( key arg.feedurl)
08-04 14:34:21.482 32536 32536 D ActivityNode: 	activity ID 2( key title)
08-04 14:34:21.482 32536 32536 D ActivityNode: 	activity ID 2( key arg.feedurl)
08-04 14:34:21.482 32536 32536 D ActivityNode: 	activity ID 2( key title)
08-04 14:34:21.482 32536 32536 D ActivityNode: 	activity ID 2( key arg.feedurl)
08-04 14:34:21.482 32536 32536 D ActivityNode: 	activity ID 2( key title)
08-04 14:34:21.482 32536 32536 D ActivityNode: 	activity ID 2( key arg.feedurl)
08-04 14:34:21.482 32536 32536 D ActivityNode: 	activity ID 2( key nappatfpr.de.danoeh.antennapod.extra.feedId)
08-04 14:34:21.482 32536 32536 D ActivityNode: 	activity ID 2( key nappatfpr.de.danoeh.antennapod.extra.feedId)
08-04 14:34:21.482 32536 32536 D ActivityNode: 	activity ID 2( key title)
08-04 14:34:21.482 32536 32536 D ActivityNode: 	activity ID 2( key arg.feedurl)
08-04 14:34:21.482 32536 32536 D ActivityNode: 	activity ID 2( key title)
08-04 14:34:21.482 32536 32536 D ActivityNode: 	activity ID 2( key arg.feedurl)
08-04 14:34:21.482 32536 32536 D ActivityNode: 	activity ID 2( key title)
08-04 14:34:21.482 32536 32536 D ActivityNode: 	activity ID 2( key arg.feedurl)
08-04 14:34:21.482 32536 32536 D ActivityNode: 	activity ID 2( key title)
08-04 14:34:21.482 32536 32536 D ActivityNode: 	activity ID 2( key arg.feedurl)
08-04 14:34:21.482 32536 32536 D ActivityNode: 	activity ID 2( key title)
08-04 14:34:21.482 32536 32536 D ActivityNode: 	activity ID 2( key arg.feedurl)
08-04 14:34:21.482 32536 32536 D ActivityNode: 	activity ID 2( key title)
08-04 14:34:21.482 32536 32536 D ActivityNode: 	activity ID 2( key arg.feedurl)
08-04 14:34:21.482 32536 32536 D ActivityNode: 	activity ID 2( key title)
08-04 14:34:21.482 32536 32536 D ActivityNode: 	activity ID 2( key arg.feedurl)
08-04 14:34:21.482 32536 32536 D ActivityNode: 	activity ID 2( key title)
08-04 14:34:21.482 32536 32536 D ActivityNode: 	activity ID 2( key arg.feedurl)
08-04 14:34:21.482 32536 32536 D ActivityNode: 	activity ID 2( key nappatfpr.de.danoeh.antennapod.extra.feedId)
08-04 14:34:21.482 32536 32536 D ActivityNode: 	activity ID 2( key nappatfpr.de.danoeh.antennapod.extra.feedId)
08-04 14:34:21.482 32536 32536 D ActivityNode: 	activity ID 2( key title)
08-04 14:34:21.482 32536 32536 D ActivityNode: 	activity ID 2( key arg.feedurl)
08-04 14:34:21.482 32536 32536 D ActivityNode: 	activity ID 2( key title)
08-04 14:34:21.482 32536 32536 D ActivityNode: 	activity ID 2( key arg.feedurl)
08-04 14:34:21.482 32536 32536 D ActivityNode: 	activity ID 2( key title)
08-04 14:34:21.482 32536 32536 D ActivityNode: 	activity ID 2( key arg.feedurl)
08-04 14:34:21.482 32536 32536 D ActivityNode: 	activity ID 2( key title)
08-04 14:34:21.482 32536 32536 D ActivityNode: 	activity ID 2( key arg.feedurl)
08-04 14:34:21.482 32536 32536 D ActivityNode: 	activity ID 2( key title)
08-04 14:34:21.482 32536 32536 D ActivityNode: 	activity ID 2( key arg.feedurl)
08-04 14:34:21.482 32536 32536 D ActivityNode: 	activity ID 2( key title)
08-04 14:34:21.482 32536 32536 D ActivityNode: 	activity ID 2( key arg.feedurl)
08-04 14:34:21.482 32536 32536 D ActivityNode: 	activity ID 2( key title)
08-04 14:34:21.482 32536 32536 D ActivityNode: 	activity ID 2( key arg.feedurl)
08-04 14:34:21.482 32536 32536 D ActivityNode: 	activity ID 2( key title)
08-04 14:34:21.482 32536 32536 D ActivityNode: 	activity ID 2( key arg.feedurl)
08-04 14:34:21.482 32536 32536 D ActivityNode: 	activity ID 2( key nappatfpr.de.danoeh.antennapod.extra.feedId)
08-04 14:34:21.482 32536 32536 D ActivityNode: 	activity ID 2( key nappatfpr.de.danoeh.antennapod.extra.feedId)
08-04 14:34:21.482 32536 32536 D ActivityNode: 	activity ID 2( key title)
08-04 14:34:21.482 32536 32536 D ActivityNode: 	activity ID 2( key arg.feedurl)
08-04 14:34:21.482 32536 32536 D ActivityNode: 	activity ID 2( key title)
08-04 14:34:21.482 32536 32536 D ActivityNode: 	activity ID 2( key arg.feedurl)
08-04 14:34:21.482 32536 32536 D ActivityNode: 	activity ID 2( key title)
08-04 14:34:21.482 32536 32536 D ActivityNode: 	activity ID 2( key arg.feedurl)
08-04 14:34:21.482 32536 32536 D ActivityNode: 	activity ID 2( key title)
08-04 14:34:21.482 32536 32536 D ActivityNode: 	activity ID 2( key arg.feedurl)
08-04 14:34:21.482 32536 32536 D ActivityNode: 	activity ID 2( key title)
08-04 14:34:21.482 32536 32536 D ActivityNode: 	activity ID 2( key arg.feedurl)
08-04 14:34:21.482 32536 32536 D ActivityNode: 	activity ID 2( key title)
08-04 14:34:21.482 32536 32536 D ActivityNode: 	activity ID 2( key arg.feedurl)
08-04 14:34:21.482 32536 32536 D ActivityNode: 	activity ID 2( key title)
08-04 14:34:21.482 32536 32536 D ActivityNode: 	activity ID 2( key arg.feedurl)
08-04 14:34:21.482 32536 32536 D ActivityNode: 	activity ID 2( key title)
08-04 14:34:21.482 32536 32536 D ActivityNode: 	activity ID 2( key arg.feedurl)
