08-04 17:57:37.419 30951 30969 D GreedyPrefetchingStrategyOnVisitFrequencyAndTime: Switch best successor
08-04 17:57:37.419 30951 30969 D GreedyPrefetchingStrategyOnVisitFrequencyAndTime: WelcomeActivity best successor is CourseListActivity with score 1.0 containing the URLS []
08-04 17:57:37.419 30951 30969 D GreedyPrefetchingStrategyOnVisitFrequencyAndTime: ------------- Recursion #3 -----------
08-04 17:57:37.419 30951 30969 D GreedyPrefetchingStrategyOnVisitFrequencyAndTime: Best successors so far [WelcomeActivity, CourseListActivity]
08-04 17:57:37.419 30951 30969 D GreedyPrefetchingStrategyOnVisitFrequencyAndTime: Checking node CourseListActivity with 1 successors
08-04 17:57:37.419 30951 30969 D GreedyPrefetchingStrategyOnVisitFrequencyAndTime: Check successor MainActivity
08-04 17:57:37.419 30951 30969 D GreedyPrefetchingStrategyOnVisitFrequencyAndTime: Data:
08-04 17:57:37.419 30951 30969 D GreedyPrefetchingStrategyOnVisitFrequencyAndTime: 	- Successor time = 72602.0
08-04 17:57:37.419 30951 30969 D GreedyPrefetchingStrategyOnVisitFrequencyAndTime: 	- Successor frequency = 14
08-04 17:57:37.419 30951 30969 D GreedyPrefetchingStrategyOnVisitFrequencyAndTime: 	- Aggregated time = 72602.0
08-04 17:57:37.419 30951 30969 D GreedyPrefetchingStrategyOnVisitFrequencyAndTime: 	- Aggregated frequency = 14
08-04 17:57:37.419 30951 30969 D GreedyPrefetchingStrategyOnVisitFrequencyAndTime: Calculated scores:
08-04 17:57:37.419 30951 30969 D GreedyPrefetchingStrategyOnVisitFrequencyAndTime: 	- Parent score = 1.0
08-04 17:57:37.419 30951 30969 D GreedyPrefetchingStrategyOnVisitFrequencyAndTime: 	- Successor time score = 0.5
08-04 17:57:37.419 30951 30969 D GreedyPrefetchingStrategyOnVisitFrequencyAndTime: 	- Successor frequency score = 0.5
08-04 17:57:37.419 30951 30969 D GreedyPrefetchingStrategyOnVisitFrequencyAndTime: 	- Successor final score = 1.0
08-04 17:57:37.419 30951 30969 D GreedyPrefetchingStrategyOnVisitFrequencyAndTime: Switch best successor
08-04 17:57:37.419 30951 30969 D GreedyPrefetchingStrategyOnVisitFrequencyAndTime: CourseListActivity best successor is MainActivity with score 1.0 containing the URLS []
08-04 17:57:37.419 30951 30969 D GreedyPrefetchingStrategyOnVisitFrequencyAndTime: ------------- Recursion #4 -----------
08-04 17:57:37.419 30951 30969 D GreedyPrefetchingStrategyOnVisitFrequencyAndTime: Best successors so far [WelcomeActivity, CourseListActivity, MainActivity]
08-04 17:57:37.419 30951 30969 D GreedyPrefetchingStrategyOnVisitFrequencyAndTime: Checking node MainActivity with 1 successors
08-04 17:57:37.419 30951 30969 D GreedyPrefetchingStrategyOnVisitFrequencyAndTime: Check successor WelcomeActivity
08-04 17:57:37.419 30951 30969 D GreedyPrefetchingStrategyOnVisitFrequencyAndTime: This successor was visited in a previous recursion
08-04 17:57:37.420 30951 30969 D GreedyPrefetchingStrategyOnVisitFrequencyAndTime: this node has no successors
08-04 17:57:37.420 30951 30969 D GreedyPrefetchingStrategyOnVisitFrequencyAndTime: Next visited child will be [nappagreedy.com.ak.uobtimetable.WelcomeActivity, nappagreedy.com.ak.uobtimetable.CourseListActivity, nappagreedy.com.ak.uobtimetable.MainActivity]
08-04 17:57:37.420 30951 30969 D GreedyPrefetchingStrategyOnVisitFrequencyAndTime: ==================================
08-04 17:57:37.420 30951 30969 D Nappa   : PREFETCH_ON_EXTRA - setCurrentActivity - finished new prediction
08-04 17:57:37.464 30951 31177 I art     : Explicit concurrent mark sweep GC freed 32944(1413KB) AllocSpace objects, 0(0B) LOS objects, 23% free, 52MB/68MB, paused 1.612ms total 72.929ms
08-04 17:57:37.464 30951 30962 I art     : WaitForGcToComplete blocked for 31.654ms for cause HeapTrim
08-04 17:57:37.487 30951 31177 I art     : Starting a blocking GC Explicit
08-04 17:57:37.561 30951 31177 I art     : Explicit concurrent mark sweep GC freed 28585(1164KB) AllocSpace objects, 0(0B) LOS objects, 23% free, 52MB/68MB, paused 1.579ms total 73.500ms
08-04 17:57:37.583 30951 31177 I art     : Starting a blocking GC Explicit
08-04 17:57:37.663 30951 31177 I art     : Explicit concurrent mark sweep GC freed 34270(1402KB) AllocSpace objects, 0(0B) LOS objects, 23% free, 52MB/68MB, paused 1.498ms total 79.630ms
08-04 17:57:37.687 30951 31177 I art     : Starting a blocking GC Explicit
08-04 17:57:37.768 30951 31177 I art     : Explicit concurrent mark sweep GC freed 33731(1391KB) AllocSpace objects, 0(0B) LOS objects, 23% free, 52MB/68MB, paused 1.556ms total 80.907ms
08-04 17:57:38.054 30951 30951 I Choreographer: Skipped 53 frames!  The application may be doing too much work on its main thread.
08-04 17:57:38.094 30951 31388 I art     : Starting a blocking GC Explicit
08-04 17:57:38.101 30951 30951 I TermDatesFragment: Webview load %: 70
08-04 17:57:38.103 30951 30951 I TermDatesFragment: Webview load %: 100
08-04 17:57:38.104 30951 30951 I TermDatesFragment: Webview load %: 100
08-04 17:57:38.105 30951 30951 D NappaLifecycleObserver: nappagreedy.com.ak.uobtimetable.CourseListActivity - onDestroy
08-04 17:57:38.106 30951 30951 D NappaLifecycleObserver: -------------F1_SCORE #8 -----------
08-04 17:57:38.106 30951 30951 D NappaLifecycleObserver: F1_SCORE - Intercept list (3)= [https://uob-timetable-api.adriankeenan.co.uk/courses, https://uob-timetable-api.adriankeenan.co.uk/sessions?dept=BD002&course=CFIEFAAF%2F02AA%2F0%2FFT&level=ALL+Courses, https://uob-timetable-api.adriankeenan.co.uk/sessions?dept=CM010&course=BSAIFAAF%2F02AA%2F0%2FFT&level=Foundation+Year]
08-04 17:57:38.106 30951 30951 D NappaLifecycleObserver: F1_SCORE - Prefetch list (0)= []
08-04 17:57:38.106 30951 30951 D NappaLifecycleObserver: F1_SCORE - TP list (0)= []
08-04 17:57:38.106 30951 30951 D NappaLifecycleObserver: F1_SCORE - FN list (3)= [https://uob-timetable-api.adriankeenan.co.uk/courses, https://uob-timetable-api.adriankeenan.co.uk/sessions?dept=BD002&course=CFIEFAAF%2F02AA%2F0%2FFT&level=ALL+Courses, https://uob-timetable-api.adriankeenan.co.uk/sessions?dept=CM010&course=BSAIFAAF%2F02AA%2F0%2FFT&level=Foundation+Year]
08-04 17:57:38.106 30951 30951 I NAPPA_EXPERIMENTATION: MetricPrefetchingAccuracy: LOG_ID='9',F1_SCORE_1='0.0',F1_SCORE_2='0.0',TRUE_POSITIVE='0',FALSE_POSITIVE='0',FALSE_NEGATIVE='3',
08-04 17:57:38.172 30951 31388 I art     : Explicit concurrent mark sweep GC freed 97738(3MB) AllocSpace objects, 1(20KB) LOS objects, 23% free, 53MB/69MB, paused 787us total 77.700ms
08-04 17:57:38.195 30951 31388 I art     : Starting a blocking GC Explicit
08-04 17:57:38.265 30951 31388 I art     : Explicit concurrent mark sweep GC freed 2761(244KB) AllocSpace objects, 0(0B) LOS objects, 23% free, 52MB/68MB, paused 721us total 69.867ms
08-04 17:57:38.290 30951 31388 I art     : Starting a blocking GC Explicit
08-04 17:57:38.354 30951 31388 I art     : Explicit concurrent mark sweep GC freed 121323(11MB) AllocSpace objects, 3(136KB) LOS objects, 27% free, 41MB/57MB, paused 679us total 64.023ms
08-04 17:57:38.369 30951 31388 I art     : Starting a blocking GC Explicit
08-04 17:57:38.413 30951 31388 I art     : Explicit concurrent mark sweep GC freed 268(12KB) AllocSpace objects, 0(0B) LOS objects, 27% free, 41MB/57MB, paused 696us total 43.318ms
08-04 17:57:38.428 30951 31388 I art     : Starting a blocking GC Explicit
08-04 17:57:38.476 30951 31388 I art     : Explicit concurrent mark sweep GC freed 3(96B) AllocSpace objects, 0(0B) LOS objects, 27% free, 41MB/57MB, paused 708us total 46.788ms
08-04 17:57:38.842 30951 30964 I art     : Starting a blocking GC Explicit
08-04 17:57:38.885 30951 30964 I art     : Explicit concurrent mark sweep GC freed 1597(90KB) AllocSpace objects, 1(20KB) LOS objects, 27% free, 41MB/57MB, paused 824us total 43.051ms
08-04 17:57:38.901 30951 30964 I art     : Starting a blocking GC Explicit
08-04 17:57:38.943 30951 30964 I art     : Explicit concurrent mark sweep GC freed 65(2208B) AllocSpace objects, 0(0B) LOS objects, 27% free, 41MB/57MB, paused 702us total 41.714ms
08-04 17:57:38.960 30951 30964 I art     : Starting a blocking GC Explicit
08-04 17:57:39.005 30951 30964 I art     : Explicit concurrent mark sweep GC freed 30(960B) AllocSpace objects, 0(0B) LOS objects, 27% free, 41MB/57MB, paused 812us total 45.210ms
08-04 17:57:39.021 30951 30964 I art     : Starting a blocking GC Explicit
08-04 17:57:39.067 30951 30964 I art     : Explicit concurrent mark sweep GC freed 4(160B) AllocSpace objects, 0(0B) LOS objects, 27% free, 41MB/57MB, paused 764us total 45.817ms
08-04 17:57:39.084 30951 30964 I art     : Starting a blocking GC Explicit
08-04 17:57:39.131 30951 30964 I art     : Explicit concurrent mark sweep GC freed 3(96B) AllocSpace objects, 0(0B) LOS objects, 27% free, 41MB/57MB, paused 720us total 47.390ms
08-04 17:57:39.502 30951 31177 I art     : Starting a blocking GC Explicit
08-04 17:57:39.561 30951 31177 I art     : Explicit concurrent mark sweep GC freed 1511(87KB) AllocSpace objects, 1(20KB) LOS objects, 27% free, 41MB/57MB, paused 719us total 58.711ms
08-04 17:57:39.580 30951 31177 I art     : Starting a blocking GC Explicit
08-04 17:57:39.630 30951 31177 I art     : Explicit concurrent mark sweep GC freed 31(1104B) AllocSpace objects, 0(0B) LOS objects, 27% free, 41MB/57MB, paused 712us total 49.689ms
08-04 17:57:39.647 30951 31177 I art     : Starting a blocking GC Explicit
08-04 17:57:39.697 30951 31177 I art     : Explicit concurrent mark sweep GC freed 16(688B) AllocSpace objects, 0(0B) LOS objects, 27% free, 41MB/57MB, paused 679us total 49.492ms
08-04 17:57:39.713 30951 31177 I art     : Starting a blocking GC Explicit
08-04 17:57:39.765 30951 31177 I art     : Explicit concurrent mark sweep GC freed 9(352B) AllocSpace objects, 0(0B) LOS objects, 27% free, 41MB/57MB, paused 673us total 51.508ms
08-04 17:57:39.786 30951 31177 I art     : Starting a blocking GC Explicit
08-04 17:57:39.834 30951 31177 I art     : Explicit concurrent mark sweep GC freed 3(96B) AllocSpace objects, 0(0B) LOS objects, 27% free, 41MB/57MB, paused 676us total 46.975ms
08-04 17:57:40.204 30951 31388 I art     : Starting a blocking GC Explicit
08-04 17:57:40.272 30951 31388 I art     : Explicit concurrent mark sweep GC freed 1513(87KB) AllocSpace objects, 1(20KB) LOS objects, 27% free, 41MB/57MB, paused 730us total 67.348ms
08-04 17:57:40.293 30951 31388 I art     : Starting a blocking GC Explicit
08-04 17:57:40.341 30951 31388 I art     : Explicit concurrent mark sweep GC freed 26(944B) AllocSpace objects, 0(0B) LOS objects, 27% free, 41MB/57MB, paused 678us total 47.130ms
08-04 17:57:40.358 30951 31388 I art     : Starting a blocking GC Explicit
08-04 17:57:40.405 30951 31388 I art     : Explicit concurrent mark sweep GC freed 3(96B) AllocSpace objects, 0(0B) LOS objects, 27% free, 41MB/57MB, paused 662us total 47.175ms
08-04 17:57:40.422 30951 31388 I art     : Starting a blocking GC Explicit
08-04 17:57:40.471 30951 31388 I art     : Explicit concurrent mark sweep GC freed 3(96B) AllocSpace objects, 0(0B) LOS objects, 27% free, 41MB/57MB, paused 680us total 49.375ms
08-04 17:57:40.488 30951 31388 I art     : Starting a blocking GC Explicit
08-04 17:57:40.535 30951 31388 I art     : Explicit concurrent mark sweep GC freed 3(96B) AllocSpace objects, 0(0B) LOS objects, 27% free, 41MB/57MB, paused 657us total 46.575ms
08-04 17:57:40.882 30951 30963 I art     : Starting a blocking GC Explicit
08-04 17:57:40.928 30951 30963 I art     : Explicit concurrent mark sweep GC freed 1516(90KB) AllocSpace objects, 1(20KB) LOS objects, 27% free, 41MB/57MB, paused 844us total 45.775ms
08-04 17:57:40.944 30951 30963 I art     : Starting a blocking GC Explicit
08-04 17:57:40.991 30951 30963 I art     : Explicit concurrent mark sweep GC freed 26(944B) AllocSpace objects, 0(0B) LOS objects, 27% free, 41MB/57MB, paused 677us total 46.183ms
08-04 17:57:41.007 30951 30963 I art     : Starting a blocking GC Explicit
08-04 17:57:41.050 30951 30963 I art     : Explicit concurrent mark sweep GC freed 3(96B) AllocSpace objects, 0(0B) LOS objects, 27% free, 41MB/57MB, paused 655us total 42.330ms
08-04 17:57:41.065 30951 30963 I art     : Starting a blocking GC Explicit
08-04 17:57:41.111 30951 30963 I art     : Explicit concurrent mark sweep GC freed 15(656B) AllocSpace objects, 0(0B) LOS objects, 27% free, 41MB/57MB, paused 642us total 45.752ms
08-04 17:57:41.129 30951 30963 I art     : Starting a blocking GC Explicit
08-04 17:57:41.170 30951 30963 I art     : Explicit concurrent mark sweep GC freed 4(160B) AllocSpace objects, 0(0B) LOS objects, 27% free, 41MB/57MB, paused 645us total 40.721ms
08-04 17:57:41.284 32020 32020 D AndroidRuntime: >>>>>> START com.android.internal.os.RuntimeInit uid 2000 <<<<<<
08-04 17:57:41.290 32020 32020 D AndroidRuntime: CheckJNI is OFF
08-04 17:57:41.333 32020 32020 D ICU     : No timezone override file found: /data/misc/zoneinfo/current/icu/icu_tzdata.dat
08-04 17:57:41.349 28925 28925 I ServiceManager: Waiting for service AtCmdFwd...
08-04 17:57:41.375 32020 32020 I Radio-JNI: register_android_hardware_Radio DONE
08-04 17:57:41.403 32020 32020 D AndroidRuntime: Calling main entry com.android.commands.input.Input
08-04 17:57:41.405 32020 32020 I Input   : injectMotionEvent: MotionEvent { action=ACTION_DOWN, actionButton=0, id[0]=0, x[0]=81.0, y[0]=176.0, toolType[0]=TOOL_TYPE_UNKNOWN, buttonState=0, metaState=0, flags=0x0, edgeFlags=0x0, pointerCount=1, historySize=0, eventTime=727077818, downTime=727077818, deviceId=0, source=0x1002 }
08-04 17:57:41.410 32020 32020 I Input   : injectMotionEvent: MotionEvent { action=ACTION_UP, actionButton=0, id[0]=0, x[0]=81.0, y[0]=176.0, toolType[0]=TOOL_TYPE_UNKNOWN, buttonState=0, metaState=0, flags=0x0, edgeFlags=0x0, pointerCount=1, historySize=0, eventTime=727077818, downTime=727077818, deviceId=0, source=0x1002 }
08-04 17:57:41.412 32020 32020 D AndroidRuntime: Shutting down VM
08-04 17:57:41.421   512  2967 D audio_hw_primary: out_set_parameters: enter: usecase(1: low-latency-playback) kvpairs: routing=2
08-04 17:57:41.436   512  2967 D audio_hw_primary: select_devices: out_snd_device(2: speaker) in_snd_device(0: none)
08-04 17:57:41.436   512  2967 D msm8974_platform: platform_send_audio_calibration: sending audio calibration for snd_device(2) acdb_id(15)
08-04 17:57:41.437   512  2967 I soundtrigger: audio_extn_sound_trigger_update_device_status: device 0x2 of type 0 for Event 1
08-04 17:57:41.447   512  2967 D audio_hw_primary: enable_snd_device: snd_device(2: speaker)
08-04 17:57:41.449   512  2967 D audio_hw_primary: enable_audio_route: apply and update mixer path: low-latency-playback speaker
08-04 17:57:41.455 13866 13866 I GoogleInputMethodServic: GoogleInputMethodService.onFinishInput():3138 
08-04 17:57:41.456 13866 13866 I GoogleInputMethodServic: GoogleInputMethodService.onStartInput():1808 
08-04 17:57:41.504 30951 31388 I art     : Starting a blocking GC Explicit
08-04 17:57:41.550 30951 31388 I art     : Explicit concurrent mark sweep GC freed 2013(111KB) AllocSpace objects, 1(20KB) LOS objects, 27% free, 41MB/57MB, paused 662us total 45.446ms
08-04 17:57:41.567 30951 31388 I art     : Starting a blocking GC Explicit
08-04 17:57:41.612 30951 31388 I art     : Explicit concurrent mark sweep GC freed 182(11KB) AllocSpace objects, 0(0B) LOS objects, 27% free, 41MB/57MB, paused 811us total 44.378ms
08-04 17:57:41.628 30951 31388 I art     : Starting a blocking GC Explicit
08-04 17:57:41.669 30951 31388 I art     : Explicit concurrent mark sweep GC freed 3(96B) AllocSpace objects, 0(0B) LOS objects, 27% free, 41MB/57MB, paused 756us total 40.726ms
08-04 17:57:41.684 30951 31388 I art     : Starting a blocking GC Explicit
08-04 17:57:41.724 30951 31388 I art     : Explicit concurrent mark sweep GC freed 5(160B) AllocSpace objects, 0(0B) LOS objects, 27% free, 41MB/57MB, paused 665us total 39.185ms
08-04 17:57:41.739 30951 31388 I art     : Starting a blocking GC Explicit
08-04 17:57:41.779 30951 31388 I art     : Explicit concurrent mark sweep GC freed 3(96B) AllocSpace objects, 0(0B) LOS objects, 27% free, 41MB/57MB, paused 725us total 39.505ms
08-04 17:57:41.989   512  2967 D audio_hw_primary: disable_audio_route: reset and update mixer path: low-latency-playback speaker
08-04 17:57:41.990   512  2967 D audio_hw_primary: disable_snd_device: snd_device(2: speaker)
08-04 17:57:41.998   512  2967 I soundtrigger: audio_extn_sound_trigger_update_device_status: device 0x2 of type 0 for Event 0
08-04 17:57:42.097 30951 30963 I art     : Starting a blocking GC Explicit
08-04 17:57:42.143 30951 30963 I art     : Explicit concurrent mark sweep GC freed 1525(91KB) AllocSpace objects, 1(20KB) LOS objects, 27% free, 41MB/57MB, paused 658us total 45.747ms
08-04 17:57:42.159 30951 30963 I art     : Starting a blocking GC Explicit
08-04 17:57:42.205 30951 30963 I art     : Explicit concurrent mark sweep GC freed 30(1072B) AllocSpace objects, 0(0B) LOS objects, 27% free, 41MB/57MB, paused 661us total 44.919ms
08-04 17:57:42.221 30951 30963 I art     : Starting a blocking GC Explicit
08-04 17:57:42.265 30951 30963 I art     : Explicit concurrent mark sweep GC freed 3(96B) AllocSpace objects, 0(0B) LOS objects, 27% free, 41MB/57MB, paused 645us total 43.875ms
08-04 17:57:42.281 30951 30963 I art     : Starting a blocking GC Explicit
08-04 17:57:42.326 30951 30963 I art     : Explicit concurrent mark sweep GC freed 3(96B) AllocSpace objects, 0(0B) LOS objects, 27% free, 41MB/57MB, paused 641us total 44.774ms
08-04 17:57:42.342 30951 30963 I art     : Starting a blocking GC Explicit
08-04 17:57:42.349 28925 28925 I ServiceManager: Waiting for service AtCmdFwd...
08-04 17:57:42.388 30951 30963 I art     : Explicit concurrent mark sweep GC freed 3(96B) AllocSpace objects, 0(0B) LOS objects, 27% free, 41MB/57MB, paused 733us total 45.285ms
08-04 17:57:42.721 30951 30964 I art     : Starting a blocking GC Explicit
08-04 17:57:42.765 30951 30964 I art     : Explicit concurrent mark sweep GC freed 1513(87KB) AllocSpace objects, 1(20KB) LOS objects, 27% free, 41MB/57MB, paused 667us total 44.083ms
08-04 17:57:42.782 30951 30964 I art     : Starting a blocking GC Explicit
08-04 17:57:42.824 30951 30964 I art     : Explicit concurrent mark sweep GC freed 26(944B) AllocSpace objects, 0(0B) LOS objects, 27% free, 41MB/57MB, paused 622us total 41.995ms
08-04 17:57:42.840 30951 30964 I art     : Starting a blocking GC Explicit
08-04 17:57:42.882 30951 30964 I art     : Explicit concurrent mark sweep GC freed 3(96B) AllocSpace objects, 0(0B) LOS objects, 27% free, 41MB/57MB, paused 664us total 42.368ms
08-04 17:57:42.898 30951 30964 I art     : Starting a blocking GC Explicit
08-04 17:57:42.941 30951 30964 I art     : Explicit concurrent mark sweep GC freed 3(96B) AllocSpace objects, 0(0B) LOS objects, 27% free, 41MB/57MB, paused 670us total 42.764ms
08-04 17:57:42.957 30951 30964 I art     : Starting a blocking GC Explicit
08-04 17:57:43.000 30951 30964 I art     : Explicit concurrent mark sweep GC freed 3(96B) AllocSpace objects, 0(0B) LOS objects, 27% free, 41MB/57MB, paused 659us total 43.191ms
08-04 17:57:43.197 32069 32069 D AndroidRuntime: >>>>>> START com.android.internal.os.RuntimeInit uid 2000 <<<<<<
08-04 17:57:43.203 32069 32069 D AndroidRuntime: CheckJNI is OFF
08-04 17:57:43.243 32069 32069 D ICU     : No timezone override file found: /data/misc/zoneinfo/current/icu/icu_tzdata.dat
08-04 17:57:43.285 32069 32069 I Radio-JNI: register_android_hardware_Radio DONE
08-04 17:57:43.312 30951 30963 I art     : Starting a blocking GC Explicit
08-04 17:57:43.313 32069 32069 D AndroidRuntime: Calling main entry com.android.commands.input.Input
08-04 17:57:43.315 32069 32069 I Input   : injectMotionEvent: MotionEvent { action=ACTION_DOWN, actionButton=0, id[0]=0, x[0]=436.0, y[0]=1770.0, toolType[0]=TOOL_TYPE_UNKNOWN, buttonState=0, metaState=0, flags=0x0, edgeFlags=0x0, pointerCount=1, historySize=0, eventTime=727079728, downTime=727079728, deviceId=0, source=0x1002 }
08-04 17:57:43.321 32069 32069 I Input   : injectMotionEvent: MotionEvent { action=ACTION_UP, actionButton=0, id[0]=0, x[0]=436.0, y[0]=1770.0, toolType[0]=TOOL_TYPE_UNKNOWN, buttonState=0, metaState=0, flags=0x0, edgeFlags=0x0, pointerCount=1, historySize=0, eventTime=727079728, downTime=727079728, deviceId=0, source=0x1002 }
08-04 17:57:43.326 32069 32069 D AndroidRuntime: Shutting down VM
08-04 17:57:43.337 30951 30951 D MainActivity: NavigationItemSelected: Courses
08-04 17:57:43.338 30951 30951 D NappaIntentExtras: ==================
08-04 17:57:43.338 30951 30951 D NappaIntentExtras: Log #5
08-04 17:57:43.338 30951 30951 D NappaIntentExtras: ------------------
08-04 17:57:43.338 30951 30951 D NappaIntentExtras: activity nappagreedy.com.ak.uobtimetable.WelcomeActivity
08-04 17:57:43.338 30951 30951 D NappaIntentExtras: 	- No extras registered
08-04 17:57:43.338 30951 30951 D NappaIntentExtras: activity nappagreedy.com.ak.uobtimetable.MainActivity
08-04 17:57:43.338 30951 30951 D NappaIntentExtras: 	- No extras registered
08-04 17:57:43.338 30951 30951 D NappaIntentExtras: activity nappagreedy.com.ak.uobtimetable.CourseListActivity
08-04 17:57:43.338 30951 30951 D NappaIntentExtras: 	- 1 extras registered
08-04 17:57:43.338 30951 30951 D NappaIntentExtras: 	- forceRefreshSessions : true
08-04 17:57:43.338 30951 30951 D NappaIntentExtras: ==================
08-04 17:57:43.339   918  3714 I ActivityManager: START u0 {cmp=nappagreedy.com.ak.uobtimetable/.CourseListActivity} from uid 10668 on display 0
08-04 17:57:43.341   512  2967 D audio_hw_primary: out_set_parameters: enter: usecase(1: low-latency-playback) kvpairs: routing=2
08-04 17:57:43.349 30951 30951 D NappaLifecycleObserver: nappagreedy.com.ak.uobtimetable.MainActivity - onPause
08-04 17:57:43.349 30951 30951 D Nappa   : Stayed on nappagreedy.com.ak.uobtimetable.MainActivity for 6433 ms
08-04 17:57:43.350 28925 28925 I ServiceManager: Waiting for service AtCmdFwd...
08-04 17:57:43.350 30951 30951 D MainActivity: OnPause
08-04 17:57:43.355   512  2967 D audio_hw_primary: select_devices: out_snd_device(2: speaker) in_snd_device(0: none)
08-04 17:57:43.355   512  2967 D msm8974_platform: platform_send_audio_calibration: sending audio calibration for snd_device(2) acdb_id(15)
08-04 17:57:43.355   512  2967 I soundtrigger: audio_extn_sound_trigger_update_device_status: device 0x2 of type 0 for Event 1
08-04 17:57:43.358 30951 30963 I art     : Explicit concurrent mark sweep GC freed 1818(99KB) AllocSpace objects, 1(20KB) LOS objects, 27% free, 41MB/57MB, paused 1.231ms total 46.549ms
08-04 17:57:43.364   512  2967 D audio_hw_primary: enable_snd_device: snd_device(2: speaker)
08-04 17:57:43.366   512  2967 D audio_hw_primary: enable_audio_route: apply and update mixer path: low-latency-playback speaker
08-04 17:57:43.373 30951 30963 I art     : Starting a blocking GC Explicit
08-04 17:57:43.400 30951 30951 D CourseListActivity: onCreate
08-04 17:57:43.402 30951 30951 D NappaLifecycleObserver: nappagreedy.com.ak.uobtimetable.CourseListActivity - onResume
08-04 17:57:43.402 30951 32092 D Nappa   : TAG okHttpClient initialized
08-04 17:57:43.402 30951 30951 D Nappa   : setCurrentActivity - MetricStrategyAccuracy - 
08-04 17:57:43.402 30951 30951 D Nappa   : madePredictionFromActivity = true, 
08-04 17:57:43.402 30951 30951 D Nappa   : fromActivity = nappagreedy.com.ak.uobtimetable.MainActivity, 
08-04 17:57:43.402 30951 30951 D Nappa   : predictedNextActivityFromActivity = [nappagreedy.com.ak.uobtimetable.WelcomeActivity, nappagreedy.com.ak.uobtimetable.CourseListActivity, nappagreedy.com.ak.uobtimetable.MainActivity], 
08-04 17:57:43.402 30951 30951 D Nappa   : activity.getClass().getCanonicalName() = nappagreedy.com.ak.uobtimetable.CourseListActivity, 
08-04 17:57:43.402 30951 32092 D HTTP    : Request for: https://uob-timetable-api.adriankeenan.co.uk/courses
08-04 17:57:43.403 30951 30951 D Nappa   : setCurrentActivity - MetricStrategyAccuracy - 
08-04 17:57:43.403 30951 30951 D Nappa   : madePredictionFromExtra = false, 
08-04 17:57:43.403 30951 30951 D Nappa   : fromActivity = nappagreedy.com.ak.uobtimetable.MainActivity, 
08-04 17:57:43.403 30951 30951 D Nappa   : predictedNextActivityFromExtra = [], 
08-04 17:57:43.403 30951 30951 D Nappa   : activity.getClass().getCanonicalName() = nappagreedy.com.ak.uobtimetable.CourseListActivity, 
08-04 17:57:43.403 30951 30951 D Nappa   : PREFETCH_ON_EXTRA - setCurrentActivity - logs - from activity - made prediction istrue
08-04 17:57:43.403 30951 30951 D Nappa   : PREFETCH_ON_EXTRA - setCurrentActivity - logs - from activity - start
08-04 17:57:43.403 30951 30951 D Nappa   : setCurrentActivity - MetricStrategyAccuracy - checking prediction VS current activity for activities
08-04 17:57:43.403 30951 30951 D GreedyPrefetchingStrategyOnVisitFrequencyAndTime: MetricStrategyAccuracy inc hits count6 | from act
08-04 17:57:43.403 30951 30951 I NAPPA_EXPERIMENTATION: MetricStrategyAccuracy: LOG_ID='6',EXECUTION_COUNT='6',CASES_COUNT='6',HIT_PERCENTAGE_TOTAL='100.0',HIT_PERCENTAGE_WHEN_PREDICTED='100.0',HIT_COUNT='6',MISS_COUNT='0',INSUFFICIENT_SCORE_COUNT='0',EXCEPTION_COUNT='0',NO_SUCCESSOR_COUNT='0',
08-04 17:57:43.403 30951 30951 D Nappa   : PREFETCH_ON_EXTRA - setCurrentActivity - logs - from activity- finished
08-04 17:57:43.404 30951 32092 D CustomInterceptor: NETWORK-PROVIDER https://uob-timetable-api.adriankeenan.co.uk/courses
08-04 17:57:43.404 30951 32092 D Nappa   : F1_SCORE add_intercept_url - (already in) - https://uob-timetable-api.adriankeenan.co.uk/courses
08-04 17:57:43.404 30951 32092 D Nappa   : F1_SCORE add_fn_url - (already in) - https://uob-timetable-api.adriankeenan.co.uk/courses
08-04 17:57:43.404 30951 32092 D Nappa   : -------------F1_SCORE #9 -----------
08-04 17:57:43.404 30951 32092 D Nappa   : F1_SCORE - Intercept list (3)= [https://uob-timetable-api.adriankeenan.co.uk/courses, https://uob-timetable-api.adriankeenan.co.uk/sessions?dept=BD002&course=CFIEFAAF%2F02AA%2F0%2FFT&level=ALL+Courses, https://uob-timetable-api.adriankeenan.co.uk/sessions?dept=CM010&course=BSAIFAAF%2F02AA%2F0%2FFT&level=Foundation+Year]
08-04 17:57:43.404 30951 32092 D Nappa   : F1_SCORE - Prefetch list (0)= []
08-04 17:57:43.404 30951 32092 D Nappa   : F1_SCORE - TP list (0)= []
08-04 17:57:43.404 30951 32092 D Nappa   : F1_SCORE - FN list (3)= [https://uob-timetable-api.adriankeenan.co.uk/courses, https://uob-timetable-api.adriankeenan.co.uk/sessions?dept=BD002&course=CFIEFAAF%2F02AA%2F0%2FFT&level=ALL+Courses, https://uob-timetable-api.adriankeenan.co.uk/sessions?dept=CM010&course=BSAIFAAF%2F02AA%2F0%2FFT&level=Foundation+Year]
08-04 17:57:43.404 30951 32092 I NAPPA_EXPERIMENTATION: MetricPrefetchingAccuracy: LOG_ID='10',F1_SCORE_1='0.0',F1_SCORE_2='0.0',TRUE_POSITIVE='0',FALSE_POSITIVE='0',FALSE_NEGATIVE='3',
08-04 17:57:43.404 30951 32092 D CustomInterceptor: HEADER REQUEST
08-04 17:57:43.404 30951 32092 D CustomInterceptor: API-Version 2
08-04 17:57:43.404 30951 32092 D CustomInterceptor: App-Version 21
08-04 17:57:43.405 30951 32092 D CustomInterceptor: Cache-Control max-age=300, max-stale=300
08-04 17:57:43.405 30951 32092 D CustomInterceptor: User-Agent Dalvik/2.1.0 (Linux; U; Android 6.0; Nexus 6P Build/MDB08K)
08-04 17:57:43.405 30951 32092 D CustomInterceptor: CACHED STATS: size = '3', maxSize = '100', hitCount = '4', createCount = '0', putCount = '3', evictionCount = '0', missCount = '3', toString = 'LruCache[maxSize=100,hits=4,misses=3,hitRate=57%]', 
08-04 17:57:43.405 30951 32092 D CustomInterceptor: PREFLIB GET REQUEST https://uob-timetable-api.adriankeenan.co.uk/courses
08-04 17:57:43.405 30951 32092 D CustomInterceptor: PREFLIB found https://uob-timetable-api.adriankeenan.co.uk/courses, sending it back
08-04 17:57:43.450 30951 30963 W art     : Suspending all threads took: 20.092ms
08-04 17:57:43.453 30951 30963 I art     : Explicit concurrent mark sweep GC freed 2907(172KB) AllocSpace objects, 0(0B) LOS objects, 18% free, 71MB/87MB, paused 21.238ms total 79.187ms
08-04 17:57:43.467 30951 30963 I art     : Starting a blocking GC Explicit
08-04 17:57:43.503 30951 30951 D Nappa   : registerActivity: (already in) nappagreedy.com.ak.uobtimetable.CourseListActivity
08-04 17:57:43.504 30951 30951 D ActivityGraph: LARDataCalculatedUpdate nappagreedy.com.ak.uobtimetable.CourseListActivity Pagerank: 0.25 HITS-Authority: 1.0 HITS-Hub: 1.0 SALSA-Authority: 1.0 SALSA-Hub: 1.0
08-04 17:57:43.504 30951 30951 D Nappa   : SHOULD_PREFETCH false
08-04 17:57:43.504 30951 30951 D Nappa   : STATS Number of requests not prefetched: 3
08-04 17:57:43.504 30951 30951 D Nappa   : STATS Number of requests prefetched: 2
08-04 17:57:43.504 30951 30951 D Nappa   : STATS Time saved until now: 0.062
08-04 17:57:43.504 30951 30969 D Nappa   : registerActivity: (already in) nappagreedy.com.ak.uobtimetable.CourseListActivity
08-04 17:57:43.504 30951 30969 D Nappa   : PARENTS 
08-04 17:57:43.504 30951 30969 D Nappa   : Of: nappagreedy.com.ak.uobtimetable.CourseListActivity -> 
08-04 17:57:43.504 30951 30969 D Nappa   : PARENTS nappagreedy.com.ak.uobtimetable.WelcomeActivity
08-04 17:57:43.504 30951 30969 D Nappa   : PARENTS nappagreedy.com.ak.uobtimetable.MainActivity
08-04 17:57:43.504 30951 30969 D Nappa   : PARENTS nappagreedy.com.ak.uobtimetable.CourseListActivity
08-04 17:57:43.504 30951 30969 D Nappa   : PARENTS has extra: (forceRefreshSessions, true)
08-04 17:57:43.564 30951 30951 D ActivityNode: Observer - visit time - MainActivity - New aggregate visit time found is 79035 ms
08-04 17:57:43.564 30951 32092 D CustomInterceptor: CONTENT {
08-04 17:57:43.564 30951 32092 D CustomInterceptor:     "api_version": 2,
08-04 17:57:43.564 30951 32092 D CustomInterceptor:     "response_time": 0.69,
08-04 17:57:43.564 30951 32092 D CustomInterceptor:     "error": false,
08-04 17:57:43.564 30951 32092 D CustomInterceptor:     "courses": [
08-04 17:57:43.564 30951 32092 D CustomInterceptor:         {
08-04 17:57:43.564 30951 32092 D CustomInterceptor:             "id": "MBXBB\/10AA\/1\/PT",
08-04 17:57:43.564 30951 32092 D CustomInterceptor:             "name": "(Executive) Business Administration - Exec MBA - Ltn - Year 1 Oct PT",
08-04 17:57:43.564 30951 32092 D CustomInterceptor:             "name_start": "(Executive) Business Administration",
08-04 17:57:43.564 30951 32092 D CustomInterceptor:             "name_end": "Exec MBA - Ltn - Year 1 Oct PT",
08-04 17:57:43.564 30951 32092 D CustomInterceptor:             "level": "ALL Courses",
08-04 17:57:43.564 30951 32092 D CustomInterceptor:             "department": {
08-04 17:57:43.564 30951 32092 D CustomInterceptor:                 "id": "BU003",
08-04 17:57:43.564 30951 32092 D CustomInterceptor:                 "name": "Department of Strategy and Management",
08-04 17:57:43.564 30951 32092 D CustomInterceptor:                 "course_count": 1370
08-04 17:57:43.564 30951 32092 D CustomInterceptor:             },
08-04 17:57:43.564 30951 32092 D CustomInterceptor:             "session_url": "https:\/\/uob-timetable-api.adriankeenan.co.uk\/sessions?dept=BU003&course=MBXBB%2F10AA%2F1%2FPT&level=ALL+Courses"
08-04 17:57:43.564 30951 32092 D CustomInterceptor:         },
08-04 17:57:43.564 30951 32092 D CustomInterceptor:         {
08-04 17:57:43.564 30951 32092 D CustomInterceptor:             "id": "MBXBB\/10AA\/1\/PT",
08-04 17:57:43.564 30951 32092 D CustomInterceptor:             "name": "(Executive) Business Administration - Exec MBA - Ltn - Year 1 Oct PT",
08-04 17:57:43.564 30951 32092 D CustomInterceptor:             "name_start": "(Executive) Business Administration",
08-04 17:57:43.564 30951 32092 D CustomInterceptor:             "name_end": "Exec MBA - Ltn - Year 1 Oct PT",
08-04 17:57:43.564 30951 32092 D CustomInterceptor:             "level": "Postgraduate",
08-04 17:57:43.564 30951 32092 D CustomInterceptor:             "department": {
08-04 17:57:43.564 30951 32092 D CustomInterceptor:                 "id": "BU003",
08-04 17:57:43.564 30951 32092 D CustomInterceptor:                 "name": "Department of Strategy and Management",
08-04 17:57:43.564 30951 32092 D CustomInterceptor:                 "course_count": 1370
08-04 17:57:43.564 30951 32092 D CustomInterceptor:             },
08-04 17:57:43.564 30951 32092 D CustomInterceptor:             "session_url": "https:\/\/uob-timetable-api.adriankeenan.co.uk\/sessions?dept=BU003&course=MBXBB%2F10AA%2F1%2FPT&level=Postgraduate"
08-04 17:57:43.564 30951 32092 D CustomInterceptor:         },
08-04 17:57:43.564 30951 32092 D CustomInterceptor:         {
08-04 17:57:43.564 30951 32092 D CustomInterceptor:             "id": "MBXBB\/03AA\/2\/PT",
08-04 17:57:43.564 30951 32092 D CustomInterceptor:             "name": "(Executive) Business Administration - Exec MBA - Ltn - Year 2 Mar PT",
08-04 17:57:43.564 30951 32092 D CustomInterceptor:             "name_start": "(Executive) Business Administration",
08-04 17:57:43.564 30951 32092 D CustomInterceptor:             "name_end": "Exec MBA - Ltn - Year 2 Mar PT",
08-04 17:57:43.564 30951 32092 D CustomInterceptor:             "level": "Postgraduate",
08-04 17:57:43.564 30951 32092 D CustomInterceptor:             "department": {
08-04 17:57:43.564 30951 32092 D CustomInterceptor:                 "id": "BU003",
08-04 17:57:43.564 30951 32092 D CustomInterceptor:                 "name": "Department of Strategy and Management",
08-04 17:57:43.564 30951 32092 D CustomInterceptor:                 "course_count": 1370
08-04 17:57:43.564 30951 32092 D CustomInterceptor:             },
08-04 17:57:43.564 30951 32092 D CustomInterceptor:             "session_url": "https:\/\/uob-timetable-api.adriankeenan.co.uk\/sessions?dept=BU003&course=MBXBB%2F03AA%2F2%2FPT&level=Postgraduate"
08-04 17:57:43.564 30951 32092 D CustomInterceptor:         },
08-04 17:57:43.564 30951 32092 D CustomInterceptor:         {
08-04 17:57:43.564 30951 32092 D CustomInterceptor:             "id": "MBXBB\/03AA\/2\/PT",
08-04 17:57:43.564 30951 32092 D CustomInterceptor:             "name": "(Executive) Business Administration - Exec MBA - Ltn - Year 2 Mar PT",
08-04 17:57:43.564 30951 32092 D CustomInterceptor:             "name_start": "(Executive) Business Administration",
08-04 17:57:43.564 30951 32092 D CustomInterceptor:             "name_end": "Exec MBA - Ltn - Year 2 Mar PT",
08-04 17:57:43.564 30951 32092 D CustomInterceptor:             "level": "ALL Courses",
08-04 17:57:43.564 30951 32092 D CustomInterceptor:             "department": {
08-04 17:57:43.564 30951 32092 D CustomInterceptor:                 "id": "BU003",
08-04 17:57:43.564 30951 32092 D CustomInterceptor:                 "name": "Department of Strategy and Management",
08-04 17:57:43.564 30951 32092 D CustomInterceptor:                 "course_count": 1370
08-04 17:57:43.564 30951 32092 D CustomInterceptor:             },
08-04 17:57:43.564 30951 32092 D CustomInterceptor:             "session_url": "https:\/\/uob-timetable-api.adriankeenan.co.uk\/sessions?dept=BU003&course=MBXBB%2F03AA%2F2%2FPT&level=ALL+Courses"
08-04 17:57:43.564 30951 32092 D CustomInterceptor:         },
08-04 17:57:43.564 30951 32092 D CustomInterceptor:         {
08-04 17:57:43.564 30951 32092 D CustomInterceptor:             "id": "MBXBB\/10AA\/2\/PT",
08-04 17:57:43.564 30951 32092 D CustomInterceptor:             "name": "(Executive) Business Administration - Exec MBA - Ltn - Year 2 Oct PT",
08-04 17:57:43.564 30951 32092 D CustomInterceptor:             "name_start": "(Executive) Business Administration",
08-04 17:57:43.564 30951 32092 D CustomInterceptor:             "name_end": "Exec MBA - Ltn - Year 2 Oct PT",
08-04 17:57:43.564 30951 32092 D CustomInterceptor:             "level": "Postgraduate",
08-04 17:57:43.564 30951 32092 D CustomInterceptor:             "department": {
08-04 17:57:43.564 30951 32092 D CustomInterceptor:                 "id": "BU003",
08-04 17:57:43.564 30951 32092 D CustomInterceptor:                 "name": "Department of Strategy and Management",
08-04 17:57:43.564 30951 32092 D CustomInterceptor:                 "course_count": 1370
08-04 17:57:43.564 30951 32092 D CustomInterceptor:             },
08-04 17:57:43.564 30951 32092 D CustomInterceptor:             "session_url": "https:\/\/uob-timetable-api.adriankeenan.co.uk\/sessions?dept=BU003&course=MBXBB%2F10AA%2F2%2FPT&level=Postgraduate"
08-04 17:57:43.564 30951 32092 D CustomInterceptor:         },
08-04 17:57:43.564 30951 32092 D CustomInterceptor:         {
08-04 17:57:43.564 30951 32092 D CustomInterceptor:             "id": "MBXBB\/10AA\/2\/PT",
08-04 17:57:43.564 30951 32092 D CustomInterceptor:             "name": "(Executive) Business Administration - Exec MBA - Ltn - Year 2 Oct PT",
08-04 17:57:43.564 30951 32092 D CustomInterceptor:             "name_start": "(Executive) Business Administration",
08-04 17:57:43.564 30951 32092 D CustomInterceptor:             "name_end": "Exec MBA - Ltn - Year 2 Oct PT",
08-04 17:57:43.564 30951 32092 D CustomInterceptor:             "level": "ALL Courses",
08-04 17:57:43.564 30951 32092 D CustomInterceptor:             "department": {
08-04 17:57:43.564 30951 32092 D CustomInterceptor:                 "id": "BU003",
08-04 17:57:43.564 30951 32092 D CustomInterceptor:                 "name": "Department of Strategy and Management",
08-04 17:57:43.564 30951 32092 D CustomInterceptor:                 "course_count": 1370
08-04 17:57:43.564 30951 32092 D CustomInterceptor:             },
08-04 17:57:43.564 30951 32092 D CustomInterceptor:             "session_url": "https:\/\/uob-timetable-api.adriankeenan.co.uk\/sessions?dept=BU003&course=MBXBB%2F10AA%2F2%2FPT&level=ALL+Courses"
08-04 17:57:43.564 30951 32092 D CustomInterceptor:         },
08-04 17:57:43.564 30951 32092 D CustomInterceptor:         {
08-04 17:57:43.564 30951 32092 D CustomInterceptor:             "id": "PDAPAAAP\/02AA\/1\/PT",
08-04 17:57:43.564 30951 32092 D CustomInterceptor:             "name": "Academic Practice (Apprenticeship) - PG Dip - Ltn - Year 1 Feb PT",
08-04 17:57:43.564 30951 32092 D CustomInterceptor:             "name_st
08-04 17:57:43.567 30951 32092 D CustomInterceptor: interceptor_finished : return_type #2 : request served from cache
08-04 17:57:43.582   918   936 I ActivityManager: Displayed nappagreedy.com.ak.uobtimetable/.CourseListActivity: +232ms
08-04 17:57:43.583 13866 13866 I GoogleInputMethodServic: GoogleInputMethodService.onFinishInput():3138 
08-04 17:57:43.583 13866 13866 I GoogleInputMethodServic: GoogleInputMethodService.onStartInput():1808 
08-04 17:57:43.695 30951 30963 I art     : Explicit concurrent mark sweep GC freed 967(61KB) AllocSpace objects, 1(14MB) LOS objects, 19% free, 67MB/83MB, paused 1.063ms total 227.451ms
08-04 17:57:43.711 30951 30963 I art     : Starting a blocking GC Explicit
08-04 17:57:43.728 30951 32092 I NAPPA_EXPERIMENTATION: MetricNetworkRequestExecutionTime: REQUEST_DURATION_SYSTEM='325',REQUEST_DURATION_OKHTTP='0',REQUEST_SYNCHRONOUS='TRUE',RESPONSE_CODE='200',RESPONSE_METHOD='GET',RESPONSE_LENGTH_OKHTTP='7859794',RESPONSE_LENGTH_HEADER='-2',REQUEST_PROTOCOL='http/1.1',REQUEST_URL='https://uob-timetable-api.adriankeenan.co.uk/courses',
08-04 17:57:43.765 30951 30963 I art     : Explicit concurrent mark sweep GC freed 2104(11MB) AllocSpace objects, 1(14MB) LOS objects, 18% free, 71MB/87MB, paused 739us total 54.411ms
08-04 17:57:43.781 30951 30963 I art     : Starting a blocking GC Explicit
08-04 17:57:43.803 30951 30969 D Nappa   : PREFETCH_ON_EXTRA - setCurrentActivity - logs - from extra - made prediction isfalse
08-04 17:57:43.822 30951 30963 I art     : Explicit concurrent mark sweep GC freed 83(28KB) AllocSpace objects, 1(7MB) LOS objects, 19% free, 64MB/80MB, paused 681us total 40.667ms
08-04 17:57:43.899   512  2967 D audio_hw_primary: disable_audio_route: reset and update mixer path: low-latency-playback speaker
08-04 17:57:43.900   512  2967 D audio_hw_primary: disable_snd_device: snd_device(2: speaker)
08-04 17:57:43.907   512  2967 I soundtrigger: audio_extn_sound_trigger_update_device_status: device 0x2 of type 0 for Event 0
08-04 17:57:43.939 30951 32092 I HTTP    : Response was compressed.
08-04 17:57:43.954 30951 30951 D MainActivity: Saving state
08-04 17:57:43.955 30951 30951 D MainActivity: Saving current fragment: SessionListsFragment
08-04 17:57:43.955 30951 30951 D MainActivity: Saving current index: 1
08-04 17:57:43.957 30951 30951 D SessionListsFragment: Saving state
08-04 17:57:44.133 30951 30964 I art     : Starting a blocking GC Explicit
08-04 17:57:44.187 30951 30964 I art     : Explicit concurrent mark sweep GC freed 70670(3MB) AllocSpace objects, 0(0B) LOS objects, 21% free, 57MB/73MB, paused 1.071ms total 54.306ms
08-04 17:57:44.204 30951 30964 I art     : Starting a blocking GC Explicit
08-04 17:57:44.254 30951 30964 I art     : Explicit concurrent mark sweep GC freed 36800(1738KB) AllocSpace objects, 0(0B) LOS objects, 21% free, 58MB/74MB, paused 1.139ms total 48.935ms
08-04 17:57:44.270 30951 30964 I art     : Starting a blocking GC Explicit
08-04 17:57:44.321 30951 30964 I art     : Explicit concurrent mark sweep GC freed 36322(1692KB) AllocSpace objects, 0(0B) LOS objects, 21% free, 58MB/74MB, paused 1.169ms total 51.046ms
08-04 17:57:44.338 30951 30964 I art     : Starting a blocking GC Explicit
08-04 17:57:44.350 28925 28925 I ServiceManager: Waiting for service AtCmdFwd...
08-04 17:57:44.390 30951 30964 I art     : Explicit concurrent mark sweep GC freed 35843(1692KB) AllocSpace objects, 0(0B) LOS objects, 21% free, 58MB/74MB, paused 1.137ms total 51.926ms
08-04 17:57:44.407 30951 30964 I art     : Starting a blocking GC Explicit
08-04 17:57:44.460 30951 30964 I art     : Explicit concurrent mark sweep GC freed 37016(1738KB) AllocSpace objects, 0(0B) LOS objects, 21% free, 58MB/74MB, paused 1.182ms total 52.820ms
08-04 17:57:44.781 30951 30964 I art     : Starting a blocking GC Explicit
08-04 17:57:44.855 30951 30964 I art     : Explicit concurrent mark sweep GC freed 201143(9MB) AllocSpace objects, 1(20KB) LOS objects, 20% free, 60MB/76MB, paused 1.161ms total 73.918ms
08-04 17:57:44.875 30951 30964 I art     : Starting a blocking GC Explicit
08-04 17:57:44.932 30951 30964 I art     : Explicit concurrent mark sweep GC freed 49232(2MB) AllocSpace objects, 0(0B) LOS objects, 20% free, 60MB/76MB, paused 1.201ms total 57.345ms
08-04 17:57:44.951 30951 30964 I art     : Starting a blocking GC Explicit
08-04 17:57:45.011 30951 30964 I art     : Explicit concurrent mark sweep GC freed 42628(1986KB) AllocSpace objects, 0(0B) LOS objects, 20% free, 61MB/77MB, paused 1.449ms total 60.581ms
08-04 17:57:45.031 30951 30964 I art     : Starting a blocking GC Explicit
08-04 17:57:45.092 30951 30964 I art     : Explicit concurrent mark sweep GC freed 42415(1981KB) AllocSpace objects, 0(0B) LOS objects, 20% free, 61MB/77MB, paused 1.474ms total 60.730ms
08-04 17:57:45.111 30951 30964 I art     : Starting a blocking GC Explicit
08-04 17:57:45.172 30951 30964 I art     : Explicit concurrent mark sweep GC freed 42117(1996KB) AllocSpace objects, 0(0B) LOS objects, 20% free, 61MB/77MB, paused 1.457ms total 60.544ms
08-04 17:57:45.351 28925 28925 I ServiceManager: Waiting for service AtCmdFwd...
08-04 17:57:45.500 30951 30963 I art     : Starting a blocking GC Explicit
08-04 17:57:45.585 30951 30963 I art     : Explicit concurrent mark sweep GC freed 212706(9MB) AllocSpace objects, 1(20KB) LOS objects, 20% free, 63MB/79MB, paused 1.224ms total 85.608ms
08-04 17:57:45.608 30951 30963 I art     : Starting a blocking GC Explicit
08-04 17:57:45.660   918  3261 D WifiStateMachine: starting scan for "H369AA63323"WPA_PSK with 2412,5180
08-04 17:57:45.675 30951 30963 I art     : Explicit concurrent mark sweep GC freed 55339(2MB) AllocSpace objects, 0(0B) LOS objects, 20% free, 63MB/79MB, paused 1.527ms total 66.867ms
08-04 17:57:45.695 30951 30963 I art     : Starting a blocking GC Explicit
08-04 17:57:45.762 30951 30963 I art     : Explicit concurrent mark sweep GC freed 47056(2MB) AllocSpace objects, 0(0B) LOS objects, 19% free, 64MB/80MB, paused 1.596ms total 67.294ms
08-04 17:57:45.783 30951 30963 I art     : Starting a blocking GC Explicit
08-04 17:57:45.851 30951 30963 I art     : Explicit concurrent mark sweep GC freed 46944(2MB) AllocSpace objects, 0(0B) LOS objects, 19% free, 64MB/80MB, paused 1.559ms total 68.468ms
08-04 17:57:45.872 30951 30963 I art     : Starting a blocking GC Explicit
08-04 17:57:45.945 30951 30963 I art     : Explicit concurrent mark sweep GC freed 48269(2MB) AllocSpace objects, 0(0B) LOS objects, 19% free, 64MB/80MB, paused 1.912ms total 72.593ms
08-04 17:57:46.267 30951 30963 I art     : Starting a blocking GC Explicit
08-04 17:57:46.351 28925 28925 W Atfwd_Sendcmd: AtCmdFwd service not published, waiting... retryCnt : 3
08-04 17:57:46.364 30951 30963 I art     : Explicit concurrent mark sweep GC freed 214134(9MB) AllocSpace objects, 1(20KB) LOS objects, 19% free, 66MB/82MB, paused 1.758ms total 96.029ms
08-04 17:57:46.386 30951 30963 I art     : Starting a blocking GC Explicit
08-04 17:57:46.463 30951 30963 I art     : Explicit concurrent mark sweep GC freed 60676(2MB) AllocSpace objects, 0(0B) LOS objects, 19% free, 66MB/82MB, paused 1.678ms total 76.172ms
08-04 17:57:46.485 30951 30963 I art     : Starting a blocking GC Explicit
08-04 17:57:46.564 30951 30963 I art     : Explicit concurrent mark sweep GC freed 53654(2MB) AllocSpace objects, 0(0B) LOS objects, 19% free, 67MB/83MB, paused 1.793ms total 78.101ms
08-04 17:57:46.588 30951 30963 I art     : Starting a blocking GC Explicit
08-04 17:57:46.667 30951 30963 I art     : Explicit concurrent mark sweep GC freed 53954(2MB) AllocSpace objects, 0(0B) LOS objects, 19% free, 67MB/83MB, paused 1.733ms total 78.532ms
08-04 17:57:46.690 30951 30963 I art     : Starting a blocking GC Explicit
08-04 17:57:46.753 30951 32092 I Service : getCourses response time: 0.69
08-04 17:57:46.760 30951 30951 I SettingsManager: Getting string: savedCourse
08-04 17:57:46.769 30951 30963 I art     : Explicit concurrent mark sweep GC freed 50548(2MB) AllocSpace objects, 0(0B) LOS objects, 19% free, 67MB/83MB, paused 1.027ms total 79.153ms
08-04 17:57:47.104 30951 30964 I art     : Starting a blocking GC Explicit
08-04 17:57:47.206 30951 30964 I art     : Explicit concurrent mark sweep GC freed 5127(254KB) AllocSpace objects, 2(15MB) LOS objects, 23% free, 52MB/68MB, paused 806us total 101.731ms
08-04 17:57:47.232 30951 30964 I art     : Starting a blocking GC Explicit
08-04 17:57:47.314 30951 30964 I art     : Explicit concurrent mark sweep GC freed 773(67KB) AllocSpace objects, 0(0B) LOS objects, 23% free, 52MB/68MB, paused 715us total 81.740ms
08-04 17:57:47.340 30951 30964 I art     : Starting a blocking GC Explicit
08-04 17:57:47.428 30951 30964 I art     : Explicit concurrent mark sweep GC freed 3(96B) AllocSpace objects, 0(0B) LOS objects, 23% free, 52MB/68MB, paused 735us total 88.327ms
08-04 17:57:47.454 30951 30964 I art     : Starting a blocking GC Explicit
08-04 17:57:47.541 30951 30964 I art     : Explicit concurrent mark sweep GC freed 3(96B) AllocSpace objects, 0(0B) LOS objects, 23% free, 52MB/68MB, paused 763us total 86.588ms
08-04 17:57:47.566 30951 30964 I art     : Starting a blocking GC Explicit
08-04 17:57:47.649 30951 30964 I art     : Explicit concurrent mark sweep GC freed 3(96B) AllocSpace objects, 0(0B) LOS objects, 23% free, 52MB/68MB, paused 666us total 82.576ms
08-04 17:57:48.029 30951 30963 I art     : Starting a blocking GC Explicit
08-04 17:57:48.131 30951 30963 I art     : Explicit concurrent mark sweep GC freed 1513(87KB) AllocSpace objects, 1(20KB) LOS objects, 23% free, 52MB/68MB, paused 640us total 101.892ms
08-04 17:57:48.156 30951 30963 I art     : Starting a blocking GC Explicit
08-04 17:57:48.242 30951 30963 I art     : Explicit concurrent mark sweep GC freed 26(944B) AllocSpace objects, 0(0B) LOS objects, 23% free, 52MB/68MB, paused 694us total 86.306ms
08-04 17:57:48.268 30951 30963 I art     : Starting a blocking GC Explicit
08-04 17:57:48.354 30951 30963 I art     : Explicit concurrent mark sweep GC freed 3(96B) AllocSpace objects, 0(0B) LOS objects, 23% free, 52MB/68MB, paused 720us total 86.233ms
08-04 17:57:48.380 30951 30963 I art     : Starting a blocking GC Explicit
08-04 17:57:48.456 30951 30963 I art     : Explicit concurrent mark sweep GC freed 5(160B) AllocSpace objects, 0(0B) LOS objects, 23% free, 52MB/68MB, paused 718us total 75.701ms
08-04 17:57:48.481 30951 30963 I art     : Starting a blocking GC Explicit
08-04 17:57:48.565 30951 30963 I art     : Explicit concurrent mark sweep GC freed 4(160B) AllocSpace objects, 0(0B) LOS objects, 23% free, 52MB/68MB, paused 712us total 84.114ms
08-04 17:57:48.933 30951 31388 I art     : Starting a blocking GC Explicit
08-04 17:57:49.028 30951 31388 I art     : Explicit concurrent mark sweep GC freed 1516(90KB) AllocSpace objects, 1(20KB) LOS objects, 23% free, 52MB/68MB, paused 761us total 94.728ms
08-04 17:57:49.054 30951 31388 I art     : Starting a blocking GC Explicit
08-04 17:57:49.141 30951 31388 I art     : Explicit concurrent mark sweep GC freed 26(944B) AllocSpace objects, 0(0B) LOS objects, 23% free, 52MB/68MB, paused 676us total 86.954ms
08-04 17:57:49.167 30951 31388 I art     : Starting a blocking GC Explicit
08-04 17:57:49.255 30951 31388 I art     : Explicit concurrent mark sweep GC freed 3(96B) AllocSpace objects, 0(0B) LOS objects, 23% free, 52MB/68MB, paused 648us total 87.645ms
08-04 17:57:49.280 30951 31388 I art     : Starting a blocking GC Explicit
08-04 17:57:49.367 30951 31388 I art     : Explicit concurrent mark sweep GC freed 3(96B) AllocSpace objects, 0(0B) LOS objects, 23% free, 52MB/68MB, paused 717us total 86.771ms
08-04 17:57:49.392 30951 31388 I art     : Starting a blocking GC Explicit
08-04 17:57:49.477 30951 31388 I art     : Explicit concurrent mark sweep GC freed 3(96B) AllocSpace objects, 0(0B) LOS objects, 23% free, 52MB/68MB, paused 674us total 84.579ms
