08-04 16:18:24.161   918  3670 W InputMethodManagerService: Focus gain on non-focused client com.android.internal.view.IInputMethodClient$Stub$Proxy@872571c (uid=10668 pid=26632)
08-04 16:18:24.162 26632 26632 D NappaLifecycleObserver: nappagreedy.com.ak.uobtimetable.CourseListActivity - onPause
08-04 16:18:24.162 26632 26632 D Nappa   : Stayed on nappagreedy.com.ak.uobtimetable.CourseListActivity for 8454 ms
08-04 16:18:24.167 26632 26632 D NappaLifecycleObserver: nappagreedy.com.ak.uobtimetable.MainActivity - onDestroy
08-04 16:18:24.167 26632 26632 D NappaLifecycleObserver: -------------F1_SCORE #10 -----------
08-04 16:18:24.168 26632 26632 D NappaLifecycleObserver: F1_SCORE - Intercept list (3)= [https://uob-timetable-api.adriankeenan.co.uk/courses, https://uob-timetable-api.adriankeenan.co.uk/sessions?dept=BD002&course=CFIEFAAF%2F02AA%2F0%2FFT&level=ALL+Courses, https://uob-timetable-api.adriankeenan.co.uk/sessions?dept=CM010&course=BSAIFAAF%2F02AA%2F0%2FFT&level=Foundation+Year]
08-04 16:18:24.168 26632 26632 D NappaLifecycleObserver: F1_SCORE - Prefetch list (0)= []
08-04 16:18:24.168 26632 26632 D NappaLifecycleObserver: F1_SCORE - TP list (0)= []
08-04 16:18:24.168 26632 26632 D NappaLifecycleObserver: F1_SCORE - FN list (3)= [https://uob-timetable-api.adriankeenan.co.uk/courses, https://uob-timetable-api.adriankeenan.co.uk/sessions?dept=BD002&course=CFIEFAAF%2F02AA%2F0%2FFT&level=ALL+Courses, https://uob-timetable-api.adriankeenan.co.uk/sessions?dept=CM010&course=BSAIFAAF%2F02AA%2F0%2FFT&level=Foundation+Year]
08-04 16:18:24.168 26632 26632 I NAPPA_EXPERIMENTATION: MetricPrefetchingAccuracy: LOG_ID='11',F1_SCORE_1='0.0',F1_SCORE_2='0.0',TRUE_POSITIVE='0',FALSE_POSITIVE='0',FALSE_NEGATIVE='3',
08-04 16:18:24.169 26632 26737 I art     : Starting a blocking GC Explicit
08-04 16:18:24.176 26632 26632 D MainActivity: OnDestroy
08-04 16:18:24.180 26632 26632 D ActivityNode: Observer - intent extra - MainActivity
08-04 16:18:24.180 26632 26632 D ActivityNode: Extras:
08-04 16:18:24.180 26632 26632 D ActivityNode: Observer - intent extra - CourseListActivity
08-04 16:18:24.180 26632 26632 D ActivityNode: Extras:
08-04 16:18:24.180 26632 26632 D ActivityNode: 	activity ID 3( key forceRefreshSessions)
08-04 16:18:24.180 26632 26632 D ActivityNode: 	activity ID 3( key forceRefreshSessions)
08-04 16:18:24.180 26632 26632 D ActivityNode: 	activity ID 3( key forceRefreshSessions)
08-04 16:18:24.180 26632 26632 D ActivityNode: 	activity ID 3( key forceRefreshSessions)
08-04 16:18:24.180 26632 26632 D ActivityNode: 	activity ID 3( key forceRefreshSessions)
08-04 16:18:24.180 26632 26632 D ActivityNode: 	activity ID 3( key forceRefreshSessions)
08-04 16:18:24.180 26632 26632 D ActivityNode: 	activity ID 3( key forceRefreshSessions)
08-04 16:18:24.180 26632 26632 D ActivityNode: 	activity ID 3( key forceRefreshSessions)
08-04 16:18:24.180 26632 26632 D ActivityNode: 	activity ID 3( key forceRefreshSessions)
08-04 16:18:24.180 26632 26632 D ActivityNode: 	activity ID 3( key forceRefreshSessions)
08-04 16:18:24.180 26632 26632 D ActivityNode: 	activity ID 3( key forceRefreshSessions)
08-04 16:18:24.180 26632 26632 D ActivityNode: 	activity ID 3( key forceRefreshSessions)
08-04 16:18:24.180 26632 26632 D ActivityNode: 	activity ID 3( key forceRefreshSessions)
08-04 16:18:24.180 26632 26632 D ActivityNode: 	activity ID 3( key forceRefreshSessions)
08-04 16:18:24.180 26632 26632 D ActivityNode: 	activity ID 3( key forceRefreshSessions)
08-04 16:18:24.180 26632 26632 D ActivityNode: 	activity ID 3( key forceRefreshSessions)
08-04 16:18:24.180 26632 26632 D ActivityNode: 	activity ID 3( key forceRefreshSessions)
08-04 16:18:24.180 26632 26632 D ActivityNode: 	activity ID 3( key forceRefreshSessions)
08-04 16:18:24.180 26632 26632 D ActivityNode: 	activity ID 3( key forceRefreshSessions)
08-04 16:18:24.180 26632 26632 D ActivityNode: 	activity ID 3( key forceRefreshSessions)
08-04 16:18:24.180 26632 26632 D ActivityNode: 	activity ID 3( key forceRefreshSessions)
08-04 16:18:24.180 26632 26632 D ActivityNode: Observer - intent extra - WelcomeActivity
08-04 16:18:24.180 26632 26632 D ActivityNode: Extras:
08-04 16:18:24.198 26632 26632 D MainActivity: onCreate
08-04 16:18:24.198 26632 26632 I SettingsManager: Getting string: savedSessions
08-04 16:18:24.198 26632 26632 I SettingsManager: Getting string: savedSessions
08-04 16:18:24.206 26632 26632 I SettingsManager: Getting string: savedSessionsCourseName
08-04 16:18:24.206 26632 26632 I SettingsManager: Getting string: savedSessionsCourseName
08-04 16:18:24.206 26632 26632 I SettingsManager: Getting string: savedSessionsDateRange
08-04 16:18:24.206 26632 26632 I SettingsManager: Getting string: savedSessionsDateRange
08-04 16:18:24.206 26632 26632 I Settings: 15 saved sessions - Artificial Intelligence and Robotics (with Foundation Year) - BSc (Hons) - Ltn - Y0 Feb FT - Weeks: 24-38 (8 Jun 2020-20 Sep 2020)
08-04 16:18:24.232 26632 26737 I art     : Explicit concurrent mark sweep GC freed 10993(529KB) AllocSpace objects, 0(0B) LOS objects, 22% free, 54MB/70MB, paused 832us total 63.093ms
08-04 16:18:24.237 26632 26632 I SettingsManager: Getting string: savedCourse
08-04 16:18:24.238 26632 26632 D MainActivity: sessionListFragmentArg: updateSessions
08-04 16:18:24.238 26632 26632 D MainActivity: showTermDatesConfigChange: false
08-04 16:18:24.238 26632 26632 D MainActivity: showTermDatesShortcut: false
08-04 16:18:24.239 26632 26632 D MainActivity: Setting initial fragment: SessionListsFragment
08-04 16:18:24.240 26632 26632 I SettingsManager: Getting int: launchCount
08-04 16:18:24.241 26632 26632 D SessionListsFragment: onCreateView
08-04 16:18:24.246 26632 26632 I SettingsManager: Getting string: savedCourse
08-04 16:18:24.249 26632 26632 I SettingsManager: Getting string: savedSessions
08-04 16:18:24.250 26632 26737 I art     : Starting a blocking GC Explicit
08-04 16:18:24.261 26632 26632 D SessionListsFragment: loadArgument: updateSessions
08-04 16:18:24.261 26632 26632 D SessionListsFragment: initialIndex: -1
08-04 16:18:24.262 26632 28221 D Nappa   : TAG okHttpClient initialized
08-04 16:18:24.263 26632 28221 D HTTP    : Request for: https://uob-timetable-api.adriankeenan.co.uk/sessions?dept=CM010&course=BSAIFAAF%2F02AA%2F0%2FFT&level=Foundation+Year
08-04 16:18:24.264 26632 28221 D CustomInterceptor: NETWORK-PROVIDER https://uob-timetable-api.adriankeenan.co.uk/sessions?dept=CM010&course=BSAIFAAF%2F02AA%2F0%2FFT&level=Foundation+Year
08-04 16:18:24.264 26632 28221 D Nappa   : F1_SCORE add_intercept_url - (already in) - https://uob-timetable-api.adriankeenan.co.uk/sessions?dept=CM010&course=BSAIFAAF%2F02AA%2F0%2FFT&level=Foundation+Year
08-04 16:18:24.264 26632 28221 D Nappa   : F1_SCORE add_fn_url - (already in) - https://uob-timetable-api.adriankeenan.co.uk/sessions?dept=CM010&course=BSAIFAAF%2F02AA%2F0%2FFT&level=Foundation+Year
08-04 16:18:24.264 26632 28221 D Nappa   : -------------F1_SCORE #11 -----------
08-04 16:18:24.264 26632 28221 D Nappa   : F1_SCORE - Intercept list (3)= [https://uob-timetable-api.adriankeenan.co.uk/courses, https://uob-timetable-api.adriankeenan.co.uk/sessions?dept=BD002&course=CFIEFAAF%2F02AA%2F0%2FFT&level=ALL+Courses, https://uob-timetable-api.adriankeenan.co.uk/sessions?dept=CM010&course=BSAIFAAF%2F02AA%2F0%2FFT&level=Foundation+Year]
08-04 16:18:24.264 26632 28221 D Nappa   : F1_SCORE - Prefetch list (0)= []
08-04 16:18:24.264 26632 28221 D Nappa   : F1_SCORE - TP list (0)= []
08-04 16:18:24.264 26632 28221 D Nappa   : F1_SCORE - FN list (3)= [https://uob-timetable-api.adriankeenan.co.uk/courses, https://uob-timetable-api.adriankeenan.co.uk/sessions?dept=BD002&course=CFIEFAAF%2F02AA%2F0%2FFT&level=ALL+Courses, https://uob-timetable-api.adriankeenan.co.uk/sessions?dept=CM010&course=BSAIFAAF%2F02AA%2F0%2FFT&level=Foundation+Year]
08-04 16:18:24.264 26632 28221 I NAPPA_EXPERIMENTATION: MetricPrefetchingAccuracy: LOG_ID='12',F1_SCORE_1='0.0',F1_SCORE_2='0.0',TRUE_POSITIVE='0',FALSE_POSITIVE='0',FALSE_NEGATIVE='3',
08-04 16:18:24.265 26632 28221 D CustomInterceptor: HEADER REQUEST
08-04 16:18:24.265 26632 28221 D CustomInterceptor: API-Version 2
08-04 16:18:24.265 26632 28221 D CustomInterceptor: App-Version 21
08-04 16:18:24.265 26632 28221 D CustomInterceptor: Cache-Control max-age=300, max-stale=300
08-04 16:18:24.265 26632 28221 D CustomInterceptor: User-Agent Dalvik/2.1.0 (Linux; U; Android 6.0; Nexus 6P Build/MDB08K)
08-04 16:18:24.265 26632 28221 D CustomInterceptor: CACHED STATS: size = '3', maxSize = '100', hitCount = '5', createCount = '0', putCount = '3', evictionCount = '0', missCount = '3', toString = 'LruCache[maxSize=100,hits=5,misses=3,hitRate=62%]', 
08-04 16:18:24.265 26632 28221 D CustomInterceptor: PREFLIB GET REQUEST https://uob-timetable-api.adriankeenan.co.uk/sessions?dept=CM010&course=BSAIFAAF%2F02AA%2F0%2FFT&level=Foundation+Year
08-04 16:18:24.265 26632 28221 D CustomInterceptor: PREFLIB found https://uob-timetable-api.adriankeenan.co.uk/sessions?dept=CM010&course=BSAIFAAF%2F02AA%2F0%2FFT&level=Foundation+Year, sending it back
08-04 16:18:24.265 26632 28221 D CustomInterceptor: CONTENT {
08-04 16:18:24.265 26632 28221 D CustomInterceptor:     "api_version": 2,
08-04 16:18:24.265 26632 28221 D CustomInterceptor:     "response_time": 1.1,
08-04 16:18:24.265 26632 28221 D CustomInterceptor:     "error": false,
08-04 16:18:24.265 26632 28221 D CustomInterceptor:     "timetable_url": "https:\/\/timetable.beds.ac.uk\/sws1920",
08-04 16:18:24.265 26632 28221 D CustomInterceptor:     "course_name": "Artificial Intelligence and Robotics (with Foundation Year) - BSc (Hons) - Ltn - Y0 Feb FT",
08-04 16:18:24.265 26632 28221 D CustomInterceptor:     "date_range": "Weeks: 24-38 (8 Jun 2020-20 Sep 2020)",
08-04 16:18:24.265 26632 28221 D CustomInterceptor:     "estimated_term": 3,
08-04 16:18:24.265 26632 28221 D CustomInterceptor:     "sessions": [
08-04 16:18:24.265 26632 28221 D CustomInterceptor:         {
08-04 16:18:24.265 26632 28221 D CustomInterceptor:             "module_name": "DO NOT USE - Data is no longer checked for accuracy and may be incorrect.",
08-04 16:18:24.265 26632 28221 D CustomInterceptor:             "day": 0,
08-04 16:18:24.265 26632 28221 D CustomInterceptor:             "day_name": "Monday",
08-04 16:18:24.265 26632 28221 D CustomInterceptor:             "start": "09:00",
08-04 16:18:24.265 26632 28221 D CustomInterceptor:             "end": "18:00",
08-04 16:18:24.265 26632 28221 D CustomInterceptor:             "length": 9,
08-04 16:18:24.265 26632 28221 D CustomInterceptor:             "length_str": "9 hours",
08-04 16:18:24.265 26632 28221 D CustomInterceptor:             "type": "N\/A",
08-04 16:18:24.265 26632 28221 D CustomInterceptor:             "rooms": [],
08-04 16:18:24.265 26632 28221 D CustomInterceptor:             "rooms_short": [],
08-04 16:18:24.265 26632 28221 D CustomInterceptor:             "hash": "f7b4771250a919bd729c1c5a4a459c77",
08-04 16:18:24.265 26632 28221 D CustomInterceptor:             "is_valid": true
08-04 16:18:24.265 26632 28221 D CustomInterceptor:         },
08-04 16:18:24.265 26632 28221 D CustomInterceptor:         {
08-04 16:18:24.265 26632 28221 D CustomInterceptor:             "module_name": "DO NOT USE - Data is no longer checked for accuracy and may be incorrect.",
08-04 16:18:24.265 26632 28221 D CustomInterceptor:             "day": 1,
08-04 16:18:24.265 26632 28221 D CustomInterceptor:             "day_name": "Tuesday",
08-04 16:18:24.265 26632 28221 D CustomInterceptor:             "start": "09:00",
08-04 16:18:24.265 26632 28221 D CustomInterceptor:             "end": "18:00",
08-04 16:18:24.265 26632 28221 D CustomInterceptor:             "length": 9,
08-04 16:18:24.265 26632 28221 D CustomInterceptor:             "length_str": "9 hours",
08-04 16:18:24.265 26632 28221 D CustomInterceptor:             "type": "N\/A",
08-04 16:18:24.265 26632 28221 D CustomInterceptor:             "rooms": [],
08-04 16:18:24.265 26632 28221 D CustomInterceptor:             "rooms_short": [],
08-04 16:18:24.265 26632 28221 D CustomInterceptor:             "hash": "a7f879aabdeb78622c8820a5fb7b64cd",
08-04 16:18:24.265 26632 28221 D CustomInterceptor:             "is_valid": true
08-04 16:18:24.265 26632 28221 D CustomInterceptor:         },
08-04 16:18:24.265 26632 28221 D CustomInterceptor:         {
08-04 16:18:24.265 26632 28221 D CustomInterceptor:             "module_name": "English For Specific Purposes",
08-04 16:18:24.265 26632 28221 D CustomInterceptor:             "day": 1,
08-04 16:18:24.265 26632 28221 D CustomInterceptor:             "day_name": "Tuesday",
08-04 16:18:24.265 26632 28221 D CustomInterceptor:             "start": "9:00",
08-04 16:18:24.265 26632 28221 D CustomInterceptor:             "end": "11:30",
08-04 16:18:24.265 26632 28221 D CustomInterceptor:             "length": 2.5,
08-04 16:18:24.265 26632 28221 D CustomInterceptor:             "length_str": "2.5 hours",
08-04 16:18:24.265 26632 28221 D CustomInterceptor:             "type": "Lecture\/Seminar",
08-04 16:18:24.265 26632 28221 D CustomInterceptor:             "rooms": [
08-04 16:18:24.265 26632 28221 D CustomInterceptor:                 "H307a - Language Teaching Room"
08-04 16:18:24.265 26632 28221 D CustomInterceptor:             ],
08-04 16:18:24.265 26632 28221 D CustomInterceptor:             "rooms_short": [
08-04 16:18:24.265 26632 28221 D CustomInterceptor:                 "H307a"
08-04 16:18:24.265 26632 28221 D CustomInterceptor:             ],
08-04 16:18:24.265 26632 28221 D CustomInterceptor:             "hash": "7bc8d7e2c2055711f597c3d9078c6ea3",
08-04 16:18:24.265 26632 28221 D CustomInterceptor:             "is_valid": true
08-04 16:18:24.265 26632 28221 D CustomInterceptor:         },
08-04 16:18:24.265 26632 28221 D CustomInterceptor:         {
08-04 16:18:24.265 26632 28221 D CustomInterceptor:             "module_name": "Computing Systems Programming",
08-04 16:18:24.265 26632 28221 D CustomInterceptor:             "day": 1,
08-04 16:18:24.265 26632 28221 D CustomInterceptor:             "day_name": "Tuesday",
08-04 16:18:24.265 26632 28221 D CustomInterceptor:             "start": "11:00",
08-04 16:18:24.265 26632 28221 D CustomInterceptor:             "end": "12:00",
08-04 16:18:24.265 26632 28221 D CustomInterceptor:             "length": 1,
08-04 16:18:24.265 26632 28221 D CustomInterceptor:             "length_str": "1 hour",
08-04 16:18:24.265 26632 28221 D CustomInterceptor:             "type": "Lecture",
08-04 16:18:24.265 26632 28221 D CustomInterceptor:             "rooms": [
08-04 16:18:24.265 26632 28221 D CustomInterceptor:                 "D101 - Electronics \/ Physics and Telecommunications Lab"
08-04 16:18:24.265 26632 28221 D CustomInterceptor:             ],
08-04 16:18:24.265 26632 28221 D CustomInterceptor:             "rooms_short": [
08-04 16:18:24.265 26632 28221 D CustomInterceptor:                 "D101"
08-04 16:18:24.265 26632 28221 D CustomInterceptor:             ],
08-04 16:18:24.265 26632 28221 D CustomInterceptor:             "hash": "53c0527a6f009a1f2fd223834d3bfe51",
08-04 16:18:24.265 26632 28221 D CustomInterceptor:             "is_valid": true
08-04 16:18:24.265 26632 28221 D CustomInterceptor:         },
08-04 16:18:24.265 26632 28221 D CustomInterceptor:         {
08-04 16:18:24.265 26632 28221 D CustomInterceptor:             "module_name": "English For Specific Purposes",
08-04 16:18:24.265 26632 28221 D CustomInterceptor:             "day": 1,
08-04 16:18:24.265 26632 28221 D CustomInterceptor:             "day_name": "Tuesday",
08-04 16:18:24.265 26632 28221 D CustomInterceptor:             "start": "11:30",
08-04 16:18:24.265 26632 28221 D CustomInterceptor:             "end": "13:30",
08-04 16:18:24.265 26632 28221 D CustomInterceptor:             "length": 2,
08-04 16:18:24.265 26632 28221 D CustomInterceptor:             "length_str": "2 hours",
08-04 16:18:24.265 26632 28221 D CustomInterceptor:             "type": "Lecture\/Seminar",
08-04 16:18:24.265 26632 28221 D CustomInterceptor:             "rooms": [
08-04 16:18:24.265 26632 28221 D CustomInterceptor:                 "H307a - Language Teaching Room"
08-04 16:18:24.265 26632 28221 D CustomInterceptor:             ],
08-04 16:18:24.265 26632 28221 D CustomInterceptor:             "rooms_short": [
08-04 16:18:24.265 26632 28221 D CustomInterceptor:                 "H307a"
08-04 16:18:24.265 26632 28221 D CustomInterceptor:             ],
08-04 16:18:24.265 26632 28221 D CustomInterceptor:             "hash": "e0fc978b5db8218778540b4053344581",
08-04 16:18:24.265 26632 28221 D CustomInterceptor:             "is_valid": true
08-04 16:18:24.265 26632 28221 D CustomInterceptor:         },
08-04 16:18:24.265 26632 28221 D CustomInterceptor:         {
08-04 16:18:24.265 26632 28221 D CustomInterceptor:             "module_name": "Computing Systems Programming",
08-04 16:18:24.265 26632 28221 D CustomInterceptor:             "day": 1,
08-04 16:18:24.265 26632 28221 D CustomInterceptor:             "day_name": "Tuesday",
08-04 16:18:24.265 26632 28221 D CustomInterceptor:             "start": "12:00",
08-04 16:18:24.265 26632 28221 D CustomInterceptor:             "end": "14:00",
08-04 16:18:24.265 26632 28221 D CustomInterceptor:             "length": 2,
08-04 16:18:24.265 26632 28221 D CustomInterceptor:             "length_str": "2 hours",
08-04 16:18:24.265 26632 28221 D CustomInterceptor:             "type": "Practical",
08-04 16:18:24.265 26632 28221 D CustomInterceptor:             "rooms": [
08-04 16:18:24.265 26632 28221 D CustomInterceptor:                 "D101 - Electronics \/ Physics and Telecommunications Lab"
08-04 16:18:24.265 26632 28221 D CustomInterceptor:             ],
08-04 16:18:24.265 26632 28221 D CustomInterceptor:             "rooms_short": [
08-04 16:18:24.265 26632 28221 D CustomInterceptor:                 "D101"
08-04 16:18:24.265 26632 28221 D CustomInterceptor:             ],
08-04 16:18:24.265 26632 28221 D CustomInterceptor:             "hash": "199afb0100f329ff65a09e1b0cd9deba",
08-04 16:18:24.265 26632 28221 D CustomInterceptor:             "is_valid": true
08-04 16:18:24.265 26632 28221 D CustomInterceptor:         },
08-04 16:18:24.265 26632 28221 D CustomInterceptor:         {
08-04 16:18:24.265 26632 28221 D CustomInterceptor:             "module_name": "English For Specific Purposes",
08-04 16:18:24.265 26632 28221 D CustomInterceptor:             "day": 1,
08-04 16:18:24.265 26632 28221 D CustomInterceptor:             "day_name": "Tuesday",
08-04 16:18:24.265 26632 28221 D CustomInterceptor:             "start": "14:00",
08-04 16:18:24.265 26632 28221 D CustomInterceptor:             "end": "16:30",
08-04 16:18:24.265 26632 28221 D CustomInterceptor:             "length": 2.5,
08-04 16:18:24.265 26632 28221 D CustomInterceptor:             "length_str": "2.5 hours",
08-04 16:18:24.265 26632 28221 D CustomInterceptor:             "type": "Lecture\/Seminar",
08-04 16:18:24.265 26632 28221 D CustomInterceptor:             "rooms": [
08-04 16:18:24.265 26632 28221 D CustomInterceptor:                 "H307a - Language Teaching Room"
08-04 16:18:24.265 26632 28221 D CustomInterceptor:             ],
08-04 16:18:24.265 26632 28221 D CustomInterceptor:             "rooms_short": [
08-04 16:18:24.265 26632 28221 D CustomInterceptor:                 "H307a"
08-04 16:18:24.265 26632 28221 D CustomInterceptor:             ],
08-04 16:18:24.265 26632 28221 D CustomInterceptor:             "hash": "21712fef61090882c855a1425543edb5",
08-04 16:18:24.265 26632 28221 D CustomInterceptor:             "is_valid": true
08-04 16:18:24.265 26632 28221 D CustomInterceptor:         },
08-04 16:18:24.265 26632 28221 D CustomInterceptor:         {
08-04 16:18:24.265 26632 28221 D CustomInterceptor:             "modul
08-04 16:18:24.265 26632 28221 D CustomInterceptor: interceptor_finished : return_type #2 : request served from cache
08-04 16:18:24.266 26632 28221 I NAPPA_EXPERIMENTATION: MetricNetworkRequestExecutionTime: REQUEST_DURATION_SYSTEM='2',REQUEST_DURATION_OKHTTP='0',REQUEST_SYNCHRONOUS='TRUE',RESPONSE_CODE='200',RESPONSE_METHOD='GET',RESPONSE_LENGTH_OKHTTP='8106',RESPONSE_LENGTH_HEADER='-2',REQUEST_PROTOCOL='http/1.1',REQUEST_URL='https://uob-timetable-api.adriankeenan.co.uk/sessions?dept=CM010&course=BSAIFAAF%2F02AA%2F0%2FFT&level=Foundation+Year',
08-04 16:18:24.266 26632 28221 I HTTP    : Response was compressed.
08-04 16:18:24.274 26632 26632 D TermDatesFragment: WebView loaded
08-04 16:18:24.275 26632 26632 D MainActivity: OnResume
08-04 16:18:24.275 26632 26632 D NappaLifecycleObserver: nappagreedy.com.ak.uobtimetable.MainActivity - onResume
08-04 16:18:24.275 26632 26632 D Nappa   : setCurrentActivity - MetricStrategyAccuracy - 
08-04 16:18:24.275 26632 26632 D Nappa   : madePredictionFromActivity = false, 
08-04 16:18:24.275 26632 26632 D Nappa   : fromActivity = nappagreedy.com.ak.uobtimetable.CourseListActivity, 
08-04 16:18:24.275 26632 26632 D Nappa   : predictedNextActivityFromActivity = [], 
08-04 16:18:24.275 26632 26632 D Nappa   : activity.getClass().getCanonicalName() = nappagreedy.com.ak.uobtimetable.MainActivity, 
08-04 16:18:24.276 26632 26632 D Nappa   : setCurrentActivity - MetricStrategyAccuracy - 
08-04 16:18:24.276 26632 26632 D Nappa   : madePredictionFromExtra = true, 
08-04 16:18:24.276 26632 26632 D Nappa   : fromActivity = nappagreedy.com.ak.uobtimetable.CourseListActivity, 
08-04 16:18:24.276 26632 26632 D Nappa   : predictedNextActivityFromExtra = [nappagreedy.com.ak.uobtimetable.MainActivity, nappagreedy.com.ak.uobtimetable.WelcomeActivity, nappagreedy.com.ak.uobtimetable.CourseListActivity], 
08-04 16:18:24.276 26632 26632 D Nappa   : activity.getClass().getCanonicalName() = nappagreedy.com.ak.uobtimetable.MainActivity, 
08-04 16:18:24.276 26632 26632 D Nappa   : PREFETCH_ON_EXTRA - setCurrentActivity - logs - from activity - made prediction isfalse
08-04 16:18:24.282 26632 28221 I Service : getSessions response time: 1.10
08-04 16:18:24.319 26632 26737 I art     : Explicit concurrent mark sweep GC freed 16478(815KB) AllocSpace objects, 7(1444KB) LOS objects, 23% free, 53MB/69MB, paused 722us total 68.320ms
08-04 16:18:24.364 26632 26669 D Nappa   : registerActivity: (already in) nappagreedy.com.ak.uobtimetable.CourseListActivity
08-04 16:18:24.365 26632 26669 D Nappa   : PARENTS 
08-04 16:18:24.365 26632 26669 D Nappa   : Of: nappagreedy.com.ak.uobtimetable.CourseListActivity -> 
08-04 16:18:24.365 26632 26669 D Nappa   : PARENTS nappagreedy.com.ak.uobtimetable.WelcomeActivity
08-04 16:18:24.365 26632 26669 D Nappa   : PARENTS nappagreedy.com.ak.uobtimetable.MainActivity
08-04 16:18:24.365 26632 26669 D Nappa   : PARENTS nappagreedy.com.ak.uobtimetable.CourseListActivity
08-04 16:18:24.365 26632 26669 D Nappa   : PARENTS has extra: (forceRefreshSessions, true)
08-04 16:18:24.376 26632 26632 D Nappa   : registerActivity: (already in) nappagreedy.com.ak.uobtimetable.MainActivity
08-04 16:18:24.376 26632 26632 D ActivityNode: ACTNODE UPDATING AFTER LOADING FROM DB
08-04 16:18:24.376 26632 26632 D ActivityGraph: LARDataCalculatedUpdate nappagreedy.com.ak.uobtimetable.MainActivity Pagerank: 0.25 HITS-Authority: 1.0 HITS-Hub: 1.0 SALSA-Authority: 1.0 SALSA-Hub: 1.0
08-04 16:18:24.376 26632 26632 D Nappa   : SHOULD_PREFETCH true
08-04 16:18:24.477 26632 26632 D Nappa   : registerActivity: (already in) nappagreedy.com.ak.uobtimetable.MainActivity
08-04 16:18:24.477 26632 26632 D Nappa   : SUCCESSORS nappagreedy.com.ak.uobtimetable.WelcomeActivity
08-04 16:18:24.477 26632 26632 D Nappa   : STATS Number of requests not prefetched: 3
08-04 16:18:24.477 26632 26632 D Nappa   : STATS Number of requests prefetched: 3
08-04 16:18:24.477 26632 26632 D Nappa   : STATS Time saved until now: 0.105000004
08-04 16:18:24.545 26632 26632 I TermDatesFragment: Webview load %: 10
08-04 16:18:24.545 26632 26632 I SettingsManager: Getting string: savedSessions
08-04 16:18:24.546 26632 26632 D Nappa   : TAG okHttpClient initialized
08-04 16:18:24.546 26632 26632 I SettingsManager: Getting string: savedSessions
08-04 16:18:24.554 26632 26632 I Service : Sessions updated: 15
08-04 16:18:24.554 26632 26632 I Service : Sessions removed from new list: 0
08-04 16:18:24.561 26632 26632 I SettingsManager: Setting string: savedSessions
08-04 16:18:24.562   918  3696 W BackupManagerService: dataChanged but no participant pkg='nappagreedy.com.ak.uobtimetable' uid=10668
08-04 16:18:24.562 26632 26632 I SettingsManager: Setting date: savedSessionsTime
08-04 16:18:24.569   918  6110 W BackupManagerService: dataChanged but no participant pkg='nappagreedy.com.ak.uobtimetable' uid=10668
08-04 16:18:24.569 26632 26632 I SettingsManager: Setting string: savedSessionsCourseName
08-04 16:18:24.569   918  3359 W BackupManagerService: dataChanged but no participant pkg='nappagreedy.com.ak.uobtimetable' uid=10668
08-04 16:18:24.569 26632 26632 I SettingsManager: Setting string: savedSessionsDateRange
08-04 16:18:24.569   918   929 W BackupManagerService: dataChanged but no participant pkg='nappagreedy.com.ak.uobtimetable' uid=10668
08-04 16:18:24.570 26632 26632 I SettingsManager: Setting string: timetableUrl
08-04 16:18:24.570   918  3714 W BackupManagerService: dataChanged but no participant pkg='nappagreedy.com.ak.uobtimetable' uid=10668
08-04 16:18:24.570 26632 26632 I SettingsManager: Getting boolean: notifySessionRemindersEnabled
08-04 16:18:24.570 26632 26632 I SettingsManager: Getting int: notifySessionRemindersMinutes
08-04 16:18:24.570 26632 26632 I SettingsManager: Getting boolean: showHiddenSessions
08-04 16:18:24.572 26632 26632 I SessionReminderNotifier: Created session reminder alarm for f7b4771250a919bd729c1c5a4a459c77 at Mon 08:30:00 10/08/20
08-04 16:18:24.573 26632 26632 I SessionReminderNotifier: Created session reminder alarm for a7f879aabdeb78622c8820a5fb7b64cd at Tue 08:30:00 11/08/20
08-04 16:18:24.574 26632 26632 I SessionReminderNotifier: Created session reminder alarm for 7bc8d7e2c2055711f597c3d9078c6ea3 at Tue 08:30:00 11/08/20
08-04 16:18:24.575 26632 26632 I SessionReminderNotifier: Created session reminder alarm for 53c0527a6f009a1f2fd223834d3bfe51 at Tue 10:30:00 11/08/20
08-04 16:18:24.577 26632 26632 I SessionReminderNotifier: Created session reminder alarm for e0fc978b5db8218778540b4053344581 at Tue 11:00:00 11/08/20
08-04 16:18:24.578 26632 26632 I SessionReminderNotifier: Created session reminder alarm for 199afb0100f329ff65a09e1b0cd9deba at Tue 11:30:00 11/08/20
08-04 16:18:24.579 26632 26632 I SessionReminderNotifier: Created session reminder alarm for 21712fef61090882c855a1425543edb5 at Tue 13:30:00 11/08/20
08-04 16:18:24.580 26632 26632 I SessionReminderNotifier: Created session reminder alarm for 65ca4d97f031f29a4d02bbb45a705d8f at Wed 08:30:00 05/08/20
08-04 16:18:24.581 26632 26632 I SessionReminderNotifier: Created session reminder alarm for eeda7741b0bcab58fd9f46dc6ef1d942 at Wed 08:30:00 05/08/20
08-04 16:18:24.583 26632 26632 I SessionReminderNotifier: Created session reminder alarm for c276c1b2075a0beb67f1b3d1e580f920 at Wed 11:00:00 05/08/20
08-04 16:18:24.584 26632 26632 I SessionReminderNotifier: Created session reminder alarm for 8b1f3627e42ae13a6f6ba0a83903dde1 at Wed 13:30:00 05/08/20
08-04 16:18:24.585 26632 26632 I SessionReminderNotifier: Created session reminder alarm for 79fe0b5c3b887a13ba29db5a33fa2800 at Thu 08:30:00 06/08/20
08-04 16:18:24.586 26632 26632 I SessionReminderNotifier: Created session reminder alarm for cb9dfc8231cdba2be0835dc5709690e1 at Thu 08:30:00 06/08/20
08-04 16:18:24.588   918  3261 D WifiStateMachine: starting scan for "H369AA63323"WPA_PSK with 2412,5180
08-04 16:18:24.588 26632 26632 I SessionReminderNotifier: Created session reminder alarm for f850dc24d6de60b7b89fa9e1a8c224c5 at Thu 12:00:00 06/08/20
08-04 16:18:24.590 26632 26632 I SessionReminderNotifier: Created session reminder alarm for 2ba1034116e4fffdd592dbf0796a43d5 at Fri 08:30:00 07/08/20
08-04 16:18:24.590 26632 26632 I SettingsManager: Getting boolean: showHiddenSessions
08-04 16:18:24.590 26632 26632 D SessionListsFragment: 1 sessions for day 0
08-04 16:18:24.590 26632 26632 D SessionListsFragment: 6 sessions for day 1
08-04 16:18:24.590 26632 26632 D SessionListsFragment: 4 sessions for day 2
08-04 16:18:24.590 26632 26632 D SessionListsFragment: 3 sessions for day 3
08-04 16:18:24.590 26632 26632 D SessionListsFragment: 1 sessions for day 4
08-04 16:18:24.593 26632 27238 I art     : Starting a blocking GC Explicit
08-04 16:18:24.630 26632 26632 I SettingsManager: Getting boolean: showHiddenSessions
08-04 16:18:24.632 26632 26632 D SessionListsFragment: Refreshed ViewPager
08-04 16:18:24.632 26632 26632 I SettingsManager: Getting boolean: showHiddenSessions
08-04 16:18:24.632 26632 26632 I SettingsManager: Getting boolean: completedTutorial
08-04 16:18:24.632 26632 26632 I SettingsManager: Getting boolean: showHiddenSessions
08-04 16:18:24.632 26632 26632 I SettingsManager: Getting date: savedSessionsTime
08-04 16:18:24.642 26632 26632 D ActivityNode: Observer - visit time - CourseListActivity - New aggregate visit time found is 160635 ms
08-04 16:18:24.664 26632 27238 I art     : Explicit concurrent mark sweep GC freed 19569(969KB) AllocSpace objects, 2(40KB) LOS objects, 23% free, 53MB/69MB, paused 1.296ms total 70.246ms
08-04 16:18:24.676 26632 26669 D Nappa   : PREFETCH_ON_EXTRA - setCurrentActivity - logs - from extra - made prediction istrue
08-04 16:18:24.676 26632 26669 D Nappa   : PREFETCH_ON_EXTRA - setCurrentActivity - logs - from extra - start
08-04 16:18:24.676 26632 26669 D Nappa   : setCurrentActivity - MetricStrategyAccuracy - checking prediction VS current activity for extras
08-04 16:18:24.677 26632 26669 D GreedyPrefetchingStrategyOnVisitFrequencyAndTime: MetricStrategyAccuracy inc hits count7 | from extra
08-04 16:18:24.677 26632 26669 I NAPPA_EXPERIMENTATION: MetricStrategyAccuracy: LOG_ID='7',EXECUTION_COUNT='7',CASES_COUNT='7',HIT_PERCENTAGE_TOTAL='100.0',HIT_PERCENTAGE_WHEN_PREDICTED='100.0',HIT_COUNT='7',MISS_COUNT='0',INSUFFICIENT_SCORE_COUNT='0',EXCEPTION_COUNT='0',NO_SUCCESSOR_COUNT='0',
08-04 16:18:24.677 26632 26669 D Nappa   : PREFETCH_ON_EXTRA - setCurrentActivity - logs - from extra- finished
08-04 16:18:24.678   512  2967 D audio_hw_primary: disable_audio_route: reset and update mixer path: low-latency-playback speaker
08-04 16:18:24.679   512  2967 D audio_hw_primary: disable_snd_device: snd_device(2: speaker)
08-04 16:18:24.683 26632 27238 I art     : Starting a blocking GC Explicit
08-04 16:18:24.688   512  2967 I soundtrigger: audio_extn_sound_trigger_update_device_status: device 0x2 of type 0 for Event 0
08-04 16:18:24.746 26632 27238 I art     : Explicit concurrent mark sweep GC freed 40979(1656KB) AllocSpace objects, 0(0B) LOS objects, 22% free, 53MB/69MB, paused 1.108ms total 63.196ms
08-04 16:18:24.764 26632 27238 I art     : Starting a blocking GC Explicit
08-04 16:18:24.820 26632 27238 I art     : Explicit concurrent mark sweep GC freed 65392(2MB) AllocSpace objects, 1(80KB) LOS objects, 23% free, 52MB/68MB, paused 1.010ms total 55.806ms
08-04 16:18:24.837 26632 27238 I art     : Starting a blocking GC Explicit
08-04 16:18:24.891 26632 27238 I art     : Explicit concurrent mark sweep GC freed 31575(1286KB) AllocSpace objects, 0(0B) LOS objects, 23% free, 52MB/68MB, paused 988us total 53.797ms
08-04 16:18:24.908 26632 27238 I art     : Starting a blocking GC Explicit
08-04 16:18:24.964 26632 27238 I art     : Explicit concurrent mark sweep GC freed 31373(1286KB) AllocSpace objects, 0(0B) LOS objects, 23% free, 52MB/68MB, paused 1.146ms total 56.654ms
08-04 16:18:24.977 26632 26669 D Nappa   : PREFETCH_ON_EXTRA - setCurrentActivity - starting new prediction
08-04 16:18:24.977 26632 26669 D Nappa   : Current node - currentActivityName - nappagreedy.com.ak.uobtimetable.MainActivity
08-04 16:18:24.977 26632 26669 D Nappa   : Current node - activityGraph.getCurrent() - nappagreedy.com.ak.uobtimetable.MainActivity
08-04 16:18:24.978 26632 26669 I NAPPA_EXPERIMENTATION: MetricNappaPrefetchingStrategyExecutionTime: STRATEGY_CLASS='GreedyPrefetchingStrategyOnVisitFrequencyAndTime',DURATION='596250',NUMBER_OF_URLS='0',NUMBER_OF_SELECTED_CHILDREN_NODES='3',NUMBER_OF_CHILDREN_NODES='1',STRATEGY_RUN_SUCCESSFULLY='True',
08-04 16:18:24.978 26632 26669 D GreedyPrefetchingStrategyOnVisitFrequencyAndTime: ==================================
08-04 16:18:24.978 26632 26669 D GreedyPrefetchingStrategyOnVisitFrequencyAndTime: Starting Run #8
08-04 16:18:24.978 26632 26669 D GreedyPrefetchingStrategyOnVisitFrequencyAndTime: ----------------------------------
08-04 16:18:24.978 26632 26669 D GreedyPrefetchingStrategyOnVisitFrequencyAndTime: Node data MainActivity 
08-04 16:18:24.978 26632 26669 D GreedyPrefetchingStrategyOnVisitFrequencyAndTime: 	Successors:
08-04 16:18:24.978 26632 26669 D GreedyPrefetchingStrategyOnVisitFrequencyAndTime: 		WelcomeActivity (1 hits)
08-04 16:18:24.978 26632 26669 D GreedyPrefetchingStrategyOnVisitFrequencyAndTime: 	Ancestors:
08-04 16:18:24.978 26632 26669 D GreedyPrefetchingStrategyOnVisitFrequencyAndTime: 		CourseListActivity (0 hits)
08-04 16:18:24.978 26632 26669 D GreedyPrefetchingStrategyOnVisitFrequencyAndTime: 
08-04 16:18:24.979 26632 26669 D GreedyPrefetchingStrategyOnVisitFrequencyAndTime: MetricStrategyAccuracy inc execution count8 | act = true; extra = false
08-04 16:18:24.979 26632 26669 D GreedyPrefetchingStrategyOnVisitFrequencyAndTime: ------------- Recursion #1 -----------
08-04 16:18:24.979 26632 26669 D GreedyPrefetchingStrategyOnVisitFrequencyAndTime: Best successors so far []
08-04 16:18:24.979 26632 26669 D GreedyPrefetchingStrategyOnVisitFrequencyAndTime: Checking node MainActivity with 1 successors
08-04 16:18:24.979 26632 26669 D GreedyPrefetchingStrategyOnVisitFrequencyAndTime: Check successor WelcomeActivity
08-04 16:18:24.979 26632 26669 D GreedyPrefetchingStrategyOnVisitFrequencyAndTime: Data:
08-04 16:18:24.979 26632 26669 D GreedyPrefetchingStrategyOnVisitFrequencyAndTime: 	- Successor time = 32233.0
08-04 16:18:24.979 26632 26669 D GreedyPrefetchingStrategyOnVisitFrequencyAndTime: 	- Successor frequency = 5
08-04 16:18:24.979 26632 26669 D GreedyPrefetchingStrategyOnVisitFrequencyAndTime: 	- Aggregated time = 32233.0
08-04 16:18:24.979 26632 26669 D GreedyPrefetchingStrategyOnVisitFrequencyAndTime: 	- Aggregated frequency = 5
08-04 16:18:24.979 26632 26669 D GreedyPrefetchingStrategyOnVisitFrequencyAndTime: Calculated scores:
08-04 16:18:24.979 26632 26669 D GreedyPrefetchingStrategyOnVisitFrequencyAndTime: 	- Parent score = 1.0
08-04 16:18:24.979 26632 26669 D GreedyPrefetchingStrategyOnVisitFrequencyAndTime: 	- Successor time score = 0.5
08-04 16:18:24.979 26632 26669 D GreedyPrefetchingStrategyOnVisitFrequencyAndTime: 	- Successor frequency score = 0.5
08-04 16:18:24.979 26632 26669 D GreedyPrefetchingStrategyOnVisitFrequencyAndTime: 	- Successor final score = 1.0
08-04 16:18:24.979 26632 26669 D GreedyPrefetchingStrategyOnVisitFrequencyAndTime: Switch best successor
08-04 16:18:24.979 26632 26669 D GreedyPrefetchingStrategyOnVisitFrequencyAndTime: MainActivity best successor is WelcomeActivity with score 1.0 containing the URLS []
08-04 16:18:24.979 26632 26669 D GreedyPrefetchingStrategyOnVisitFrequencyAndTime: ------------- Recursion #2 -----------
08-04 16:18:24.979 26632 26669 D GreedyPrefetchingStrategyOnVisitFrequencyAndTime: Best successors so far [WelcomeActivity]
08-04 16:18:24.979 26632 26669 D GreedyPrefetchingStrategyOnVisitFrequencyAndTime: Checking node WelcomeActivity with 1 successors
08-04 16:18:24.979 26632 26669 D GreedyPrefetchingStrategyOnVisitFrequencyAndTime: Check successor CourseListActivity
08-04 16:18:24.979 26632 26669 D GreedyPrefetchingStrategyOnVisitFrequencyAndTime: Data:
08-04 16:18:24.979 26632 26669 D GreedyPrefetchingStrategyOnVisitFrequencyAndTime: 	- Successor time = 160635.0
08-04 16:18:24.979 26632 26669 D GreedyPrefetchingStrategyOnVisitFrequencyAndTime: 	- Successor frequency = 5
08-04 16:18:24.980 26632 26669 D GreedyPrefetchingStrategyOnVisitFrequencyAndTime: 	- Aggregated time = 160635.0
08-04 16:18:24.980 26632 26669 D GreedyPrefetchingStrategyOnVisitFrequencyAndTime: 	- Aggregated frequency = 5
08-04 16:18:24.980 26632 26669 D GreedyPrefetchingStrategyOnVisitFrequencyAndTime: Calculated scores:
08-04 16:18:24.980 26632 26669 D GreedyPrefetchingStrategyOnVisitFrequencyAndTime: 	- Parent score = 1.0
08-04 16:18:24.980 26632 26669 D GreedyPrefetchingStrategyOnVisitFrequencyAndTime: 	- Successor time score = 0.5
08-04 16:18:24.980 26632 26669 D GreedyPrefetchingStrategyOnVisitFrequencyAndTime: 	- Successor frequency score = 0.5
08-04 16:18:24.980 26632 26669 D GreedyPrefetchingStrategyOnVisitFrequencyAndTime: 	- Successor final score = 1.0
08-04 16:18:24.980 26632 26669 D GreedyPrefetchingStrategyOnVisitFrequencyAndTime: Switch best successor
08-04 16:18:24.980 26632 26669 D GreedyPrefetchingStrategyOnVisitFrequencyAndTime: WelcomeActivity best successor is CourseListActivity with score 1.0 containing the URLS []
08-04 16:18:24.980 26632 26669 D GreedyPrefetchingStrategyOnVisitFrequencyAndTime: ------------- Recursion #3 -----------
08-04 16:18:24.980 26632 26669 D GreedyPrefetchingStrategyOnVisitFrequencyAndTime: Best successors so far [WelcomeActivity, CourseListActivity]
08-04 16:18:24.980 26632 26669 D GreedyPrefetchingStrategyOnVisitFrequencyAndTime: Checking node CourseListActivity with 1 successors
08-04 16:18:24.980 26632 26669 D GreedyPrefetchingStrategyOnVisitFrequencyAndTime: Check successor MainActivity
08-04 16:18:24.980 26632 26669 D GreedyPrefetchingStrategyOnVisitFrequencyAndTime: Data:
08-04 16:18:24.980 26632 26669 D GreedyPrefetchingStrategyOnVisitFrequencyAndTime: 	- Successor time = 78276.0
08-04 16:18:24.980 26632 26669 D GreedyPrefetchingStrategyOnVisitFrequencyAndTime: 	- Successor frequency = 14
08-04 16:18:24.980 26632 26669 D GreedyPrefetchingStrategyOnVisitFrequencyAndTime: 	- Aggregated time = 78276.0
08-04 16:18:24.980 26632 26669 D GreedyPrefetchingStrategyOnVisitFrequencyAndTime: 	- Aggregated frequency = 14
08-04 16:18:24.980 26632 26669 D GreedyPrefetchingStrategyOnVisitFrequencyAndTime: Calculated scores:
08-04 16:18:24.980 26632 26669 D GreedyPrefetchingStrategyOnVisitFrequencyAndTime: 	- Parent score = 1.0
08-04 16:18:24.980 26632 26669 D GreedyPrefetchingStrategyOnVisitFrequencyAndTime: 	- Successor time score = 0.5
08-04 16:18:24.980 26632 26669 D GreedyPrefetchingStrategyOnVisitFrequencyAndTime: 	- Successor frequency score = 0.5
08-04 16:18:24.980 26632 26669 D GreedyPrefetchingStrategyOnVisitFrequencyAndTime: 	- Successor final score = 1.0
08-04 16:18:24.980 26632 26669 D GreedyPrefetchingStrategyOnVisitFrequencyAndTime: Switch best successor
08-04 16:18:24.980 26632 26669 D GreedyPrefetchingStrategyOnVisitFrequencyAndTime: CourseListActivity best successor is MainActivity with score 1.0 containing the URLS []
08-04 16:18:24.981 26632 26669 D GreedyPrefetchingStrategyOnVisitFrequencyAndTime: ------------- Recursion #4 -----------
08-04 16:18:24.981 26632 26669 D GreedyPrefetchingStrategyOnVisitFrequencyAndTime: Best successors so far [WelcomeActivity, CourseListActivity, MainActivity]
08-04 16:18:24.981 26632 26669 D GreedyPrefetchingStrategyOnVisitFrequencyAndTime: Checking node MainActivity with 1 successors
08-04 16:18:24.981 26632 26669 D GreedyPrefetchingStrategyOnVisitFrequencyAndTime: Check successor WelcomeActivity
08-04 16:18:24.981 26632 26669 D GreedyPrefetchingStrategyOnVisitFrequencyAndTime: This successor was visited in a previous recursion
08-04 16:18:24.981 26632 26669 D GreedyPrefetchingStrategyOnVisitFrequencyAndTime: this node has no successors
08-04 16:18:24.981 26632 26669 D GreedyPrefetchingStrategyOnVisitFrequencyAndTime: Next visited child will be [nappagreedy.com.ak.uobtimetable.WelcomeActivity, nappagreedy.com.ak.uobtimetable.CourseListActivity, nappagreedy.com.ak.uobtimetable.MainActivity]
08-04 16:18:24.981 26632 26669 D GreedyPrefetchingStrategyOnVisitFrequencyAndTime: ==================================
08-04 16:18:24.981 26632 26669 D Nappa   : PREFETCH_ON_EXTRA - setCurrentActivity - finished new prediction
08-04 16:18:25.274 26632 26737 I art     : Starting a blocking GC Explicit
08-04 16:18:25.311   918   936 I ActivityManager: Displayed nappagreedy.com.ak.uobtimetable/.MainActivity: +1s147ms
08-04 16:18:25.311 13866 13866 I GoogleInputMethodServic: GoogleInputMethodService.onFinishInput():3138 
08-04 16:18:25.312 13866 13866 I GoogleInputMethodServic: GoogleInputMethodService.onStartInput():1808 
08-04 16:18:25.312 26632 26632 D ActivityNode: Observer - session data - sourceMainActivity
08-04 16:18:25.312 26632 26632 D ActivityNode: destinations:
08-04 16:18:25.312 26632 26632 D ActivityNode: 	nappagreedy.com.ak.uobtimetable.WelcomeActivity( count 5)
08-04 16:18:25.313 26632 26632 D ActivityNode: Observer - session data - sourceWelcomeActivity
08-04 16:18:25.313 26632 26632 D ActivityNode: destinations:
08-04 16:18:25.313 26632 26632 D ActivityNode: 	nappagreedy.com.ak.uobtimetable.CourseListActivity( count 5)
08-04 16:18:25.313 26632 26632 D ActivityNode: Observer - session data - sourceCourseListActivity
08-04 16:18:25.313 26632 26632 D ActivityNode: destinations:
08-04 16:18:25.313 26632 26632 D ActivityNode: 	nappagreedy.com.ak.uobtimetable.MainActivity( count 15)
08-04 16:18:25.313 26632 26632 I Choreographer: Skipped 39 frames!  The application may be doing too much work on its main thread.
08-04 16:18:25.352 26632 26737 I art     : Explicit concurrent mark sweep GC freed 151867(6MB) AllocSpace objects, 1(20KB) LOS objects, 23% free, 53MB/69MB, paused 1.126ms total 77.800ms
08-04 16:18:25.370 26632 26737 I art     : Starting a blocking GC Explicit
08-04 16:18:25.438 26632 26737 I art     : Explicit concurrent mark sweep GC freed 42847(1907KB) AllocSpace objects, 0(0B) LOS objects, 23% free, 53MB/69MB, paused 1.092ms total 67.110ms
08-04 16:18:25.457 26632 26737 I art     : Starting a blocking GC Explicit
08-04 16:18:25.531 26632 26737 I art     : Explicit concurrent mark sweep GC freed 38419(1583KB) AllocSpace objects, 0(0B) LOS objects, 23% free, 53MB/69MB, paused 1.253ms total 73.810ms
08-04 16:18:25.551 26632 26737 I art     : Starting a blocking GC Explicit
08-04 16:18:25.569 26632 26632 I TermDatesFragment: Webview load %: 70
08-04 16:18:25.585 26632 26632 I TermDatesFragment: Webview load %: 80
08-04 16:18:25.585 26632 26632 I TermDatesFragment: Webview load %: 100
08-04 16:18:25.585 26632 26632 I TermDatesFragment: Webview load %: 100
08-04 16:18:25.601 26632 26632 D NappaLifecycleObserver: nappagreedy.com.ak.uobtimetable.CourseListActivity - onDestroy
08-04 16:18:25.602 26632 26632 D NappaLifecycleObserver: -------------F1_SCORE #12 -----------
08-04 16:18:25.602 26632 26632 D NappaLifecycleObserver: F1_SCORE - Intercept list (3)= [https://uob-timetable-api.adriankeenan.co.uk/courses, https://uob-timetable-api.adriankeenan.co.uk/sessions?dept=BD002&course=CFIEFAAF%2F02AA%2F0%2FFT&level=ALL+Courses, https://uob-timetable-api.adriankeenan.co.uk/sessions?dept=CM010&course=BSAIFAAF%2F02AA%2F0%2FFT&level=Foundation+Year]
08-04 16:18:25.602 26632 26632 D NappaLifecycleObserver: F1_SCORE - Prefetch list (0)= []
08-04 16:18:25.602 26632 26632 D NappaLifecycleObserver: F1_SCORE - TP list (0)= []
08-04 16:18:25.602 26632 26632 D NappaLifecycleObserver: F1_SCORE - FN list (3)= [https://uob-timetable-api.adriankeenan.co.uk/courses, https://uob-timetable-api.adriankeenan.co.uk/sessions?dept=BD002&course=CFIEFAAF%2F02AA%2F0%2FFT&level=ALL+Courses, https://uob-timetable-api.adriankeenan.co.uk/sessions?dept=CM010&course=BSAIFAAF%2F02AA%2F0%2FFT&level=Foundation+Year]
08-04 16:18:25.602 26632 26632 I NAPPA_EXPERIMENTATION: MetricPrefetchingAccuracy: LOG_ID='13',F1_SCORE_1='0.0',F1_SCORE_2='0.0',TRUE_POSITIVE='0',FALSE_POSITIVE='0',FALSE_NEGATIVE='3',
08-04 16:18:25.614 26632 26737 I art     : Explicit concurrent mark sweep GC freed 2874(171KB) AllocSpace objects, 0(0B) LOS objects, 23% free, 53MB/69MB, paused 554us total 62.240ms
08-04 16:18:25.631 26632 26737 I art     : Starting a blocking GC Explicit
08-04 16:18:25.687 26632 26737 I art     : Explicit concurrent mark sweep GC freed 356(19KB) AllocSpace objects, 0(0B) LOS objects, 23% free, 53MB/69MB, paused 483us total 55.387ms
08-04 16:18:26.022 26632 27238 I art     : Starting a blocking GC Explicit
08-04 16:18:26.077 26632 27238 I art     : Explicit concurrent mark sweep GC freed 123441(11MB) AllocSpace objects, 4(156KB) LOS objects, 27% free, 41MB/57MB, paused 529us total 55.009ms
08-04 16:18:26.090 26632 27238 I art     : Starting a blocking GC Explicit
08-04 16:18:26.126 26632 27238 I art     : Explicit concurrent mark sweep GC freed 187(8KB) AllocSpace objects, 0(0B) LOS objects, 27% free, 41MB/57MB, paused 491us total 36.161ms
08-04 16:18:26.139 26632 27238 I art     : Starting a blocking GC Explicit
08-04 16:18:26.167 26712 26746 I Finsky  : [5763] ktr.run(-1): Stats for Executor: BlockingExecutor kvs@65ac110[Running, pool size = 3, active threads = 0, queued tasks = 0, completed tasks = 16]
08-04 16:18:26.169 26712 26746 I Finsky  : [5763] ktr.run(-1): Stats for Executor: LightweightExecutor kvs@dd74409[Running, pool size = 4, active threads = 0, queued tasks = 0, completed tasks = 75]
08-04 16:18:26.176 26632 27238 I art     : Explicit concurrent mark sweep GC freed 3(96B) AllocSpace objects, 0(0B) LOS objects, 27% free, 41MB/57MB, paused 517us total 37.501ms
08-04 16:18:26.187   918 13198 D NetlinkSocketObserver: NeighborEvent{elapsedMs=1704510062, 192.168.2.254, [7C3953A63323], RTM_NEWNEIGH, NUD_STALE}
08-04 16:18:26.190 26632 27238 I art     : Starting a blocking GC Explicit
08-04 16:18:26.230 26632 27238 I art     : Explicit concurrent mark sweep GC freed 12(448B) AllocSpace objects, 0(0B) LOS objects, 27% free, 41MB/57MB, paused 639us total 40.260ms
08-04 16:18:26.246 26632 27238 I art     : Starting a blocking GC Explicit
08-04 16:18:26.283 26632 27238 I art     : Explicit concurrent mark sweep GC freed 34(1168B) AllocSpace objects, 0(0B) LOS objects, 27% free, 41MB/57MB, paused 601us total 36.376ms
08-04 16:18:26.618 26632 27368 I art     : Starting a blocking GC Explicit
08-04 16:18:26.665 26632 27368 I art     : Explicit concurrent mark sweep GC freed 1629(91KB) AllocSpace objects, 1(20KB) LOS objects, 27% free, 41MB/57MB, paused 553us total 46.620ms
08-04 16:18:26.679 26632 27368 I art     : Starting a blocking GC Explicit
08-04 16:18:26.719 26632 27368 I art     : Explicit concurrent mark sweep GC freed 26(944B) AllocSpace objects, 0(0B) LOS objects, 27% free, 41MB/57MB, paused 526us total 39.463ms
08-04 16:18:26.732 26632 27368 I art     : Starting a blocking GC Explicit
08-04 16:18:26.772 26632 27368 I art     : Explicit concurrent mark sweep GC freed 3(96B) AllocSpace objects, 0(0B) LOS objects, 27% free, 41MB/57MB, paused 524us total 39.552ms
08-04 16:18:26.786 26632 27368 I art     : Starting a blocking GC Explicit
08-04 16:18:26.826 26632 27368 I art     : Explicit concurrent mark sweep GC freed 3(96B) AllocSpace objects, 0(0B) LOS objects, 27% free, 41MB/57MB, paused 534us total 39.779ms
08-04 16:18:26.839 26632 27368 I art     : Starting a blocking GC Explicit
08-04 16:18:26.879 26632 27368 I art     : Explicit concurrent mark sweep GC freed 3(96B) AllocSpace objects, 0(0B) LOS objects, 27% free, 41MB/57MB, paused 518us total 39.001ms
08-04 16:18:27.131 26712 26746 I Finsky  : [5763] ktr.run(-1): Stats for Executor: bgExecutor kvs@358e60e[Running, pool size = 4, active threads = 0, queued tasks = 0, completed tasks = 85]
08-04 16:18:27.227 26632 26645 I art     : Starting a blocking GC Explicit
08-04 16:18:27.244 28272 28272 I art     : Late-enabling -Xcheck:jni
08-04 16:18:27.246   918   918 I ActivityManager: Start proc 28272:baseline.com.newsblur/u0a652 for service baseline.com.newsblur/.service.NBSyncService
08-04 16:18:27.272 26632 26645 I art     : Explicit concurrent mark sweep GC freed 1511(87KB) AllocSpace objects, 1(20KB) LOS objects, 27% free, 41MB/57MB, paused 580us total 44.732ms
08-04 16:18:27.285 26632 26645 I art     : Starting a blocking GC Explicit
08-04 16:18:27.290 28272 28272 W System  : ClassLoader referenced unknown path: /data/app/baseline.com.newsblur-1/lib/arm64
08-04 16:18:27.320 26632 26645 I art     : Explicit concurrent mark sweep GC freed 26(944B) AllocSpace objects, 0(0B) LOS objects, 27% free, 41MB/57MB, paused 541us total 34.204ms
08-04 16:18:27.332 26632 26645 I art     : Starting a blocking GC Explicit
08-04 16:18:27.366 26632 26645 I art     : Explicit concurrent mark sweep GC freed 3(96B) AllocSpace objects, 0(0B) LOS objects, 27% free, 41MB/57MB, paused 504us total 33.985ms
08-04 16:18:27.379 26632 26645 I art     : Starting a blocking GC Explicit
08-04 16:18:27.418 26632 26645 I art     : Explicit concurrent mark sweep GC freed 3(96B) AllocSpace objects, 0(0B) LOS objects, 27% free, 41MB/57MB, paused 563us total 38.672ms
08-04 16:18:27.431 26632 26645 I art     : Starting a blocking GC Explicit
08-04 16:18:27.470 26632 26645 I art     : Explicit concurrent mark sweep GC freed 3(96B) AllocSpace objects, 0(0B) LOS objects, 27% free, 41MB/57MB, paused 524us total 38.694ms
08-04 16:18:27.805 26632 27238 I art     : Starting a blocking GC Explicit
08-04 16:18:27.858 26632 27238 I art     : Explicit concurrent mark sweep GC freed 1513(87KB) AllocSpace objects, 1(20KB) LOS objects, 27% free, 41MB/57MB, paused 546us total 52.247ms
08-04 16:18:27.877 26632 27238 I art     : Starting a blocking GC Explicit
08-04 16:18:27.917 26632 27238 I art     : Explicit concurrent mark sweep GC freed 26(944B) AllocSpace objects, 0(0B) LOS objects, 27% free, 41MB/57MB, paused 480us total 39.324ms
08-04 16:18:27.930 26632 27238 I art     : Starting a blocking GC Explicit
