--------- beginning of main
08-03 17:25:49.619 25614 25614 I ServiceManager: Waiting for service AtCmdFwd...
08-03 17:25:49.719 32538 32538 D AndroidRuntime: >>>>>> START com.android.internal.os.RuntimeInit uid 2000 <<<<<<
08-03 17:25:49.725 32538 32538 D AndroidRuntime: CheckJNI is OFF
08-03 17:25:49.760 32538 32538 D ICU     : No timezone override file found: /data/misc/zoneinfo/current/icu/icu_tzdata.dat
08-03 17:25:49.794 32538 32538 I Radio-JNI: register_android_hardware_Radio DONE
08-03 17:25:49.810 32538 32538 D AndroidRuntime: Calling main entry com.android.commands.monkey.Monkey
--------- beginning of system
08-03 17:25:49.826   918   931 W BroadcastQueue: Skipping deliver [background] BroadcastRecord{3d03e17 u-1 android.net.conn.CONNECTIVITY_CHANGE} to ReceiverList{f5fa204 32538 (unknown name)/2000/u-1 remote:18d9db1}: process crashing
08-03 17:25:49.835   918  5132 I ActivityManager: START u0 {act=android.intent.action.MAIN cat=[android.intent.category.LAUNCHER] flg=0x10200000 cmp=baseline.io.github.project_travel_mate/.SplashActivity} from uid 2000 on display 0
08-03 17:25:49.880 32547 32547 I art     : Late-enabling -Xcheck:jni
08-03 17:25:49.881   918  5481 I ActivityManager: Start proc 32547:baseline.io.github.project_travel_mate/u0a623 for activity baseline.io.github.project_travel_mate/.SplashActivity
08-03 17:25:49.901 32538 32538 I art     : System.exit called, status: 0
08-03 17:25:49.901 32538 32538 I AndroidRuntime: VM exiting with result code 0.
08-03 17:25:49.945  6202 24327 I PBSessionCacheImpl: Deleted sessionId[27278280657311515] from persistence.
08-03 17:25:49.947  6202  6241 W SearchServiceCore: Abort, client detached.
08-03 17:25:49.947  6202  6241 I MicroDetectionState: Should stop hotword detection immediately - true
08-03 17:25:49.970 32547 32547 W System  : ClassLoader referenced unknown path: /data/app/baseline.io.github.project_travel_mate-1/lib/arm64
08-03 17:25:50.001 32547 32547 W art     : Before Android 4.1, method android.graphics.PorterDuffColorFilter androidx.vectordrawable.graphics.drawable.VectorDrawableCompat.updateTintFilter(android.graphics.PorterDuffColorFilter, android.content.res.ColorStateList, android.graphics.PorterDuff$Mode) would have incorrectly overridden the package-private method in android.graphics.drawable.Drawable
08-03 17:25:50.020 32547 32547 I art     : Rejecting re-init on previously-failed class java.lang.Class<androidx.core.view.ViewCompat$OnUnhandledKeyEventListenerWrapper>
08-03 17:25:50.020 32547 32547 I art     : Rejecting re-init on previously-failed class java.lang.Class<androidx.core.view.ViewCompat$OnUnhandledKeyEventListenerWrapper>
08-03 17:25:50.059 32547 32563 D OpenGLRenderer: Use EGL_SWAP_BEHAVIOR_PRESERVED: true
08-03 17:25:50.093 32547 32563 I Adreno  : QUALCOMM build                   : fcf4852, I1af360237c
08-03 17:25:50.093 32547 32563 I Adreno  : Build Date                       : 09/23/15
08-03 17:25:50.093 32547 32563 I Adreno  : OpenGL ES Shader Compiler Version: XE031.05.13.02
08-03 17:25:50.093 32547 32563 I Adreno  : Local Branch                     : mybranch14465806
08-03 17:25:50.093 32547 32563 I Adreno  : Remote Branch                    : quic/LA.BF64.1.2.9_v2
08-03 17:25:50.093 32547 32563 I Adreno  : Remote Branch                    : NONE
08-03 17:25:50.093 32547 32563 I Adreno  : Reconstruct Branch               : NOTHING
08-03 17:25:50.098 32547 32563 I OpenGLRenderer: Initialized EGL, version 1.4
08-03 17:25:50.213   918   936 I ActivityManager: Displayed baseline.io.github.project_travel_mate/.SplashActivity: +367ms
08-03 17:25:50.216 13866 13866 I GoogleInputMethodServic: GoogleInputMethodService.onFinishInput():3138 
08-03 17:25:50.218 13866 13866 I GoogleInputMethodServic: GoogleInputMethodService.onStartInput():1808 
08-03 17:25:50.620 25614 25614 I ServiceManager: Waiting for service AtCmdFwd...
08-03 17:25:51.456 32580 32580 D AndroidRuntime: >>>>>> START com.android.internal.os.RuntimeInit uid 2000 <<<<<<
08-03 17:25:51.460 32580 32580 D AndroidRuntime: CheckJNI is OFF
08-03 17:25:51.485 32580 32580 D ICU     : No timezone override file found: /data/misc/zoneinfo/current/icu/icu_tzdata.dat
08-03 17:25:51.512 32580 32580 I Radio-JNI: register_android_hardware_Radio DONE
08-03 17:25:51.527 32580 32580 D AndroidRuntime: Calling main entry com.android.commands.am.Am
08-03 17:25:51.542 24512 24512 I Trepn   : Trepn 6.2s: Received intent: com.quicinc.trepn.start_profiling
08-03 17:25:51.621 25614 25614 I ServiceManager: Waiting for service AtCmdFwd...
08-03 17:25:51.642 24512 24512 W FileUtils: Failed to chmod(/storage/emulated/0/trepn/Trepn_2020.08.03_172551.db): android.system.ErrnoException: chmod failed: EPERM (Operation not permitted)
08-03 17:25:51.727 24512 24512 I Trepn   : Trepn 6.2s: Trepn has Started Profiling.
08-03 17:25:51.729 32580 32580 D AndroidRuntime: Shutting down VM
08-03 17:25:52.169   918  6110 I ActivityManager: START u0 {cmp=baseline.io.github.project_travel_mate/.MainActivity} from uid 10623 on display 0
08-03 17:25:52.268 32547 32547 W Settings: Setting airplane_mode_on has moved from android.provider.Settings.System to android.provider.Settings.Global, returning read-only value.
08-03 17:25:52.282 32547 32547 V MainActivity: url=https://project-travel-mate.herokuapp.com/api/get-user
08-03 17:25:52.311 32547 32613 W LOTTIE  : Unknown mask mode mode. Defaulting to Add.
08-03 17:25:52.320 32547 32613 W LOTTIE  : You have 5 images. Lottie should primarily be used with shapes. If you are using Adobe Illustrator, convert the Illustrator layers to shape layers.
08-03 17:25:52.321 32547 32613 W LOTTIE  : Unknown mask mode mode. Defaulting to Add.
08-03 17:25:52.322 32547 32613 W LOTTIE  : Unknown mask mode mode. Defaulting to Add.
08-03 17:25:52.336 32547 32558 I art     : Starting a blocking GC Explicit
08-03 17:25:52.354 32547 32558 I art     : Explicit concurrent mark sweep GC freed 18113(1272KB) AllocSpace objects, 1(20KB) LOS objects, 40% free, 23MB/38MB, paused 234us total 18.442ms
08-03 17:25:52.364 32547 32558 I art     : Starting a blocking GC Explicit
08-03 17:25:52.376 32547 32558 I art     : Explicit concurrent mark sweep GC freed 549(25KB) AllocSpace objects, 0(0B) LOS objects, 40% free, 23MB/38MB, paused 648us total 12.535ms
08-03 17:25:52.385 32547 32558 I art     : Starting a blocking GC Explicit
08-03 17:25:52.394 32547 32547 V CityFragment: url=https://project-travel-mate.herokuapp.com/api/get-all-cities/10
08-03 17:25:52.398 32547 32558 I art     : Explicit concurrent mark sweep GC freed 2217(101KB) AllocSpace objects, 0(0B) LOS objects, 40% free, 23MB/38MB, paused 951us total 13.072ms
08-03 17:25:52.406 32547 32558 I art     : Starting a blocking GC Explicit
08-03 17:25:52.419 32547 32558 I art     : Explicit concurrent mark sweep GC freed 975(51KB) AllocSpace objects, 0(0B) LOS objects, 40% free, 23MB/38MB, paused 211us total 12.533ms
08-03 17:25:52.426 32547 32558 I art     : Starting a blocking GC Explicit
08-03 17:25:52.440 32547 32558 I art     : Explicit concurrent mark sweep GC freed 28(3KB) AllocSpace objects, 0(0B) LOS objects, 40% free, 23MB/38MB, paused 1.848ms total 13.339ms
08-03 17:25:52.610 32547 32547 E RecyclerView: No adapter attached; skipping layout
08-03 17:25:52.621 25614 25614 I ServiceManager: Waiting for service AtCmdFwd...
08-03 17:25:52.770 32547 32547 V MainActivity: url = https://project-travel-mate.herokuapp.com/api/number-of-unread-notifications
08-03 17:25:52.773   918   936 I ActivityManager: Displayed baseline.io.github.project_travel_mate/.MainActivity: +594ms
08-03 17:25:52.780 32547 32618 I art     : Starting a blocking GC Explicit
08-03 17:25:52.780 13866 13866 I GoogleInputMethodServic: GoogleInputMethodService.onFinishInput():3138 
08-03 17:25:52.781 13866 13866 I GoogleInputMethodServic: GoogleInputMethodService.onStartInput():1808 
08-03 17:25:52.782 32547 32547 E RecyclerView: No adapter attached; skipping layout
08-03 17:25:52.800 32547 32618 I art     : Explicit concurrent mark sweep GC freed 12462(766KB) AllocSpace objects, 7(420KB) LOS objects, 36% free, 28MB/44MB, paused 553us total 19.308ms
08-03 17:25:52.811 32547 32618 I art     : Starting a blocking GC Explicit
08-03 17:25:52.829 32547 32618 I art     : Explicit concurrent mark sweep GC freed 2307(255KB) AllocSpace objects, 0(0B) LOS objects, 36% free, 28MB/44MB, paused 733us total 17.733ms
08-03 17:25:52.840 32547 32618 I art     : Starting a blocking GC Explicit
08-03 17:25:52.843 32547 32612 I NAPPA_EXPERIMENTATION: MetricNetworkRequestExecutionTime: REQUEST_DURATION_SYSTEM='548',REQUEST_DURATION_OKHTTP='77',REQUEST_SYNCHRONOUS='FALSE',RESPONSE_CODE='200',RESPONSE_METHOD='GET',RESPONSE_LENGTH_OKHTTP='185',RESPONSE_LENGTH_HEADER='185',REQUEST_PROTOCOL='http/1.1',REQUEST_URL='https://project-travel-mate.herokuapp.com/api/get-user',
08-03 17:25:52.855 32547 32618 I art     : Explicit concurrent mark sweep GC freed 125(12KB) AllocSpace objects, 0(0B) LOS objects, 36% free, 28MB/44MB, paused 293us total 14.544ms
08-03 17:25:52.858 32547 32616 I NAPPA_EXPERIMENTATION: MetricNetworkRequestExecutionTime: REQUEST_DURATION_SYSTEM='463',REQUEST_DURATION_OKHTTP='93',REQUEST_SYNCHRONOUS='FALSE',RESPONSE_CODE='200',RESPONSE_METHOD='GET',RESPONSE_LENGTH_OKHTTP='1588',RESPONSE_LENGTH_HEADER='1588',REQUEST_PROTOCOL='http/1.1',REQUEST_URL='https://project-travel-mate.herokuapp.com/api/get-all-cities/10',
08-03 17:25:52.863 32547 32618 I art     : Starting a blocking GC Explicit
08-03 17:25:52.878 32547 32618 I art     : Explicit concurrent mark sweep GC freed 272(22KB) AllocSpace objects, 0(0B) LOS objects, 36% free, 28MB/44MB, paused 368us total 14.502ms
08-03 17:25:52.881 32547 32547 V CityFragment: result=[{"id":1,"city_name":"Delhi","facts_count":6,"image":"https://upload.wikimedia.org/wikipedia/commons/9/94/%E0%B4%96%E0%B5%81%E0%B4%A4%E0%B5%8D%E0%B4%AC%E0%B5%8D_%E0%B4%AE%E0%B4%BF%E0%B4%A8%E0%B4%BE%E0%B5%BC1.jpg","visit_count":18186},{"id":2,"city_name":"Mumbai","facts_count":0,"image":"https://static1.squarespace.com/static/55917ae2e4b0984fc8c264c4/t/5ad7a037758d464041bfba27/1524102624280/Victoria_Mumbai.jpg","visit_count":6022},{"id":3,"city_name":"Bangalore","facts_count":0,"image":null,"visit_count":5536},{"id":8,"city_name":"Pune","facts_count":0,"image":"https://www.zricks.com/ImagesPostProject/47929//6557d975-20a9-4c6c-a776-8072a1936a76.jpg","visit_count":3324},{"id":4,"city_name":"Chennai","facts_count":0,"image":"http://lh3.ggpht.com/_YLb7tJ8RoAk/SfazBLdgf3I/AAAAAAAANEg/p52_Zz_URxg/s640/Picture%20009.jpg","visit_count":3061},{"id":5,"city_name":"Kolkata","facts_count":0,"image":"https://i.pinimg.com/originals/05/ec/42/05ec42c545b494d12cc612923483b4f0.jpg","visit_count":2211},{"id":9,"city_name":"Jaipur","facts_count":1,"image":"https://www.trodly.com/pictures/attraction/1943.jpg","visit_count":2007},{"id":6,"city_name":"Hyderabad","facts_count":0,"image":"https://i1.trekearth.com/photos/59194/charminar_020_sm.jpg","visit_count":1633},{"id":150,"city_name":"Panjim","facts_count":0,"image":"http://www.nomad4ever.com/wp-content/uploads/2009/04/palm-trees-at-baga-creek-north-goa1.jpg","visit_count":1488},{"id":7,"city_name":"Ahmedabad","facts_count":0,"image":"https://i.pinimg.com/originals/a5/ed/29/a5ed293271669a61f47059f7b0d9cf2c.jpg","visit_count":1115}]
08-03 17:25:52.888 32547 32618 I art     : Starting a blocking GC Explicit
08-03 17:25:52.903 32547 32618 I art     : Explicit concurrent mark sweep GC freed 212(17KB) AllocSpace objects, 0(0B) LOS objects, 36% free, 28MB/44MB, paused 242us total 14.294ms
08-03 17:25:52.946 32547 32547 D CityFragment: get cities cities size = 10
08-03 17:25:53.021   380   380 W SurfaceFlinger: couldn't log to binary event log: overflow.
08-03 17:25:53.173 32547 32558 I art     : Starting a blocking GC Explicit
08-03 17:25:53.192 32547 32558 I art     : Explicit concurrent mark sweep GC freed 8377(660KB) AllocSpace objects, 9(384KB) LOS objects, 33% free, 32MB/48MB, paused 656us total 18.325ms
08-03 17:25:53.200 32547 32558 I art     : Starting a blocking GC Explicit
08-03 17:25:53.216 32547 32558 I art     : Explicit concurrent mark sweep GC freed 2326(162KB) AllocSpace objects, 0(0B) LOS objects, 33% free, 32MB/48MB, paused 339us total 15.649ms
08-03 17:25:53.224 32547 32558 I art     : Starting a blocking GC Explicit
08-03 17:25:53.247 32547 32558 I art     : Explicit concurrent mark sweep GC freed 406(109KB) AllocSpace objects, 3(4MB) LOS objects, 35% free, 29MB/45MB, paused 615us total 22.341ms
08-03 17:25:53.255 32547 32558 I art     : Starting a blocking GC Explicit
08-03 17:25:53.273 32547 32558 I art     : Explicit concurrent mark sweep GC freed 4691(367KB) AllocSpace objects, 2(120KB) LOS objects, 34% free, 29MB/45MB, paused 523us total 17.832ms
08-03 17:25:53.284 32547 32558 I art     : Starting a blocking GC Explicit
08-03 17:25:53.302 32547 32558 I art     : Explicit concurrent mark sweep GC freed 1405(317KB) AllocSpace objects, 1(80KB) LOS objects, 35% free, 29MB/45MB, paused 558us total 17.207ms
08-03 17:25:53.374 32547 32635 I NAPPA_EXPERIMENTATION: MetricNetworkRequestExecutionTime: REQUEST_DURATION_SYSTEM='603',REQUEST_DURATION_OKHTTP='98',REQUEST_SYNCHRONOUS='FALSE',RESPONSE_CODE='200',RESPONSE_METHOD='GET',RESPONSE_LENGTH_OKHTTP='36',RESPONSE_LENGTH_HEADER='36',REQUEST_PROTOCOL='http/1.1',REQUEST_URL='https://project-travel-mate.herokuapp.com/api/number-of-unread-notifications',
08-03 17:25:53.603 32547 32558 I art     : Starting a blocking GC Explicit
08-03 17:25:53.621 25614 25614 W Atfwd_Sendcmd: AtCmdFwd service not published, waiting... retryCnt : 5
08-03 17:25:53.630 32547 32558 I art     : Explicit concurrent mark sweep GC freed 9940(608KB) AllocSpace objects, 9(1476KB) LOS objects, 35% free, 29MB/45MB, paused 349us total 26.626ms
08-03 17:25:53.640 32547 32558 I art     : Starting a blocking GC Explicit
08-03 17:25:53.658 32547 32558 I art     : Explicit concurrent mark sweep GC freed 8320(285KB) AllocSpace objects, 0(0B) LOS objects, 35% free, 29MB/45MB, paused 297us total 18.283ms
08-03 17:25:53.667 32547 32558 I art     : Starting a blocking GC Explicit
08-03 17:25:53.683 32547 32558 I art     : Explicit concurrent mark sweep GC freed 201(13KB) AllocSpace objects, 0(0B) LOS objects, 34% free, 30MB/46MB, paused 306us total 15.839ms
08-03 17:25:53.692 32547 32558 I art     : Starting a blocking GC Explicit
08-03 17:25:53.708 32547 32558 I art     : Explicit concurrent mark sweep GC freed 126(139KB) AllocSpace objects, 4(112KB) LOS objects, 33% free, 31MB/47MB, paused 291us total 16.145ms
08-03 17:25:53.716 32547 32558 I art     : Starting a blocking GC Explicit
08-03 17:25:53.732 32547 32558 I art     : Explicit concurrent mark sweep GC freed 2063(159KB) AllocSpace objects, 0(0B) LOS objects, 33% free, 31MB/47MB, paused 320us total 16.089ms
08-03 17:25:54.041 32547 32558 I art     : Starting a blocking GC Explicit
08-03 17:25:54.060 32547 32558 I art     : Explicit concurrent mark sweep GC freed 8820(813KB) AllocSpace objects, 17(1764KB) LOS objects, 31% free, 34MB/50MB, paused 238us total 19.513ms
08-03 17:25:54.070 32547 32558 I art     : Starting a blocking GC Explicit
08-03 17:25:54.087 32547 32558 I art     : Explicit concurrent mark sweep GC freed 369(13KB) AllocSpace objects, 3(1292KB) LOS objects, 32% free, 32MB/48MB, paused 284us total 17.015ms
08-03 17:25:54.095 32547 32558 I art     : Starting a blocking GC Explicit
08-03 17:25:54.111 32547 32558 I art     : Explicit concurrent mark sweep GC freed 82(1904B) AllocSpace objects, 0(0B) LOS objects, 32% free, 32MB/48MB, paused 227us total 15.827ms
08-03 17:25:54.120 32547 32558 I art     : Starting a blocking GC Explicit
08-03 17:25:54.136 32547 32558 I art     : Explicit concurrent mark sweep GC freed 30(592B) AllocSpace objects, 0(0B) LOS objects, 32% free, 32MB/48MB, paused 241us total 15.782ms
08-03 17:25:54.145 32547 32558 I art     : Starting a blocking GC Explicit
08-03 17:25:54.160 32547 32558 I art     : Explicit concurrent mark sweep GC freed 97(3KB) AllocSpace objects, 0(0B) LOS objects, 32% free, 32MB/48MB, paused 227us total 15.636ms
08-03 17:25:54.498 32547 32618 I art     : Starting a blocking GC Explicit
08-03 17:25:54.523 32547 32618 I art     : Explicit concurrent mark sweep GC freed 2319(109KB) AllocSpace objects, 2(40KB) LOS objects, 32% free, 32MB/48MB, paused 274us total 24.400ms
08-03 17:25:54.534 32547 32618 I art     : Starting a blocking GC Explicit
08-03 17:25:54.553 32547 32618 I art     : Explicit concurrent mark sweep GC freed 80(2304B) AllocSpace objects, 0(0B) LOS objects, 32% free, 32MB/48MB, paused 271us total 18.108ms
08-03 17:25:54.562 32547 32618 I art     : Starting a blocking GC Explicit
08-03 17:25:54.580 32547 32618 I art     : Explicit concurrent mark sweep GC freed 51(896B) AllocSpace objects, 0(0B) LOS objects, 32% free, 32MB/48MB, paused 256us total 17.144ms
08-03 17:25:54.589 32547 32618 I art     : Starting a blocking GC Explicit
08-03 17:25:54.606 32547 32618 I art     : Explicit concurrent mark sweep GC freed 27(496B) AllocSpace objects, 0(0B) LOS objects, 32% free, 32MB/48MB, paused 303us total 17.571ms
08-03 17:25:54.615 32547 32618 I art     : Starting a blocking GC Explicit
08-03 17:25:54.632 32547 32618 I art     : Explicit concurrent mark sweep GC freed 51(896B) AllocSpace objects, 0(0B) LOS objects, 32% free, 32MB/48MB, paused 259us total 16.874ms
08-03 17:25:54.989 32547 32560 I art     : Starting a blocking GC Explicit
08-03 17:25:55.036 32547 32560 I art     : Explicit concurrent mark sweep GC freed 1993(92KB) AllocSpace objects, 2(40KB) LOS objects, 32% free, 32MB/48MB, paused 807us total 46.038ms
08-03 17:25:55.046 32547 32560 I art     : Starting a blocking GC Explicit
08-03 17:25:55.065 32547 32560 I art     : Explicit concurrent mark sweep GC freed 71(1616B) AllocSpace objects, 0(0B) LOS objects, 32% free, 32MB/48MB, paused 239us total 18.508ms
08-03 17:25:55.074 32547 32560 I art     : Starting a blocking GC Explicit
08-03 17:25:55.092 32547 32560 I art     : Explicit concurrent mark sweep GC freed 51(896B) AllocSpace objects, 0(0B) LOS objects, 32% free, 32MB/48MB, paused 244us total 17.287ms
08-03 17:25:55.101 32547 32560 I art     : Starting a blocking GC Explicit
08-03 17:25:55.118 32547 32560 I art     : Explicit concurrent mark sweep GC freed 27(496B) AllocSpace objects, 0(0B) LOS objects, 32% free, 32MB/48MB, paused 262us total 17.132ms
08-03 17:25:55.127 32547 32560 I art     : Starting a blocking GC Explicit
08-03 17:25:55.145 32547 32560 I art     : Explicit concurrent mark sweep GC freed 51(896B) AllocSpace objects, 0(0B) LOS objects, 32% free, 32MB/48MB, paused 257us total 17.394ms
08-03 17:25:55.490 32547 32618 I art     : Starting a blocking GC Explicit
08-03 17:25:55.516 32547 32618 I art     : Explicit concurrent mark sweep GC freed 1947(91KB) AllocSpace objects, 2(40KB) LOS objects, 32% free, 32MB/48MB, paused 290us total 24.761ms
08-03 17:25:55.529 32547 32618 I art     : Starting a blocking GC Explicit
08-03 17:25:55.546 32547 32618 I art     : Explicit concurrent mark sweep GC freed 71(1616B) AllocSpace objects, 0(0B) LOS objects, 32% free, 32MB/48MB, paused 259us total 16.883ms
08-03 17:25:55.555 32547 32618 I art     : Starting a blocking GC Explicit
08-03 17:25:55.572 32547 32618 I art     : Explicit concurrent mark sweep GC freed 27(496B) AllocSpace objects, 0(0B) LOS objects, 32% free, 32MB/48MB, paused 251us total 16.584ms
08-03 17:25:55.580 32547 32618 I art     : Starting a blocking GC Explicit
08-03 17:25:55.597 32547 32618 I art     : Explicit concurrent mark sweep GC freed 51(896B) AllocSpace objects, 0(0B) LOS objects, 32% free, 32MB/48MB, paused 262us total 16.818ms
08-03 17:25:55.606 32547 32618 I art     : Starting a blocking GC Explicit
08-03 17:25:55.624 32547 32618 I art     : Explicit concurrent mark sweep GC freed 27(496B) AllocSpace objects, 0(0B) LOS objects, 32% free, 32MB/48MB, paused 297us total 17.822ms
08-03 17:25:55.922 32547 32560 I art     : Starting a blocking GC Explicit
08-03 17:25:55.940 32547 32560 I art     : Explicit concurrent mark sweep GC freed 1876(90KB) AllocSpace objects, 2(40KB) LOS objects, 32% free, 32MB/48MB, paused 229us total 17.516ms
08-03 17:25:55.949 32547 32560 I art     : Starting a blocking GC Explicit
08-03 17:25:55.964 32547 32560 I art     : Explicit concurrent mark sweep GC freed 70(1584B) AllocSpace objects, 0(0B) LOS objects, 32% free, 32MB/48MB, paused 225us total 14.547ms
08-03 17:25:55.972 32547 32560 I art     : Starting a blocking GC Explicit
08-03 17:25:55.987 32547 32560 I art     : Explicit concurrent mark sweep GC freed 27(496B) AllocSpace objects, 0(0B) LOS objects, 32% free, 32MB/48MB, paused 237us total 14.866ms
08-03 17:25:55.995 32547 32560 I art     : Starting a blocking GC Explicit
08-03 17:25:56.011 32547 32560 I art     : Explicit concurrent mark sweep GC freed 51(896B) AllocSpace objects, 0(0B) LOS objects, 32% free, 32MB/48MB, paused 247us total 16.098ms
08-03 17:25:56.020 32547 32560 I art     : Starting a blocking GC Explicit
08-03 17:25:56.035 32547 32560 I art     : Explicit concurrent mark sweep GC freed 27(496B) AllocSpace objects, 0(0B) LOS objects, 32% free, 32MB/48MB, paused 243us total 15.382ms
08-03 17:25:56.384 32547 32558 I art     : Starting a blocking GC Explicit
08-03 17:25:56.408 32547 32558 I art     : Explicit concurrent mark sweep GC freed 1947(91KB) AllocSpace objects, 2(40KB) LOS objects, 32% free, 32MB/48MB, paused 291us total 23.777ms
08-03 17:25:56.420 32547 32558 I art     : Starting a blocking GC Explicit
08-03 17:25:56.438 32547 32558 I art     : Explicit concurrent mark sweep GC freed 70(1584B) AllocSpace objects, 0(0B) LOS objects, 32% free, 32MB/48MB, paused 272us total 17.752ms
08-03 17:25:56.447 32547 32558 I art     : Starting a blocking GC Explicit
08-03 17:25:56.465 32547 32558 I art     : Explicit concurrent mark sweep GC freed 51(896B) AllocSpace objects, 0(0B) LOS objects, 32% free, 32MB/48MB, paused 255us total 17.816ms
08-03 17:25:56.474 32547 32558 I art     : Starting a blocking GC Explicit
08-03 17:25:56.493 32547 32558 I art     : Explicit concurrent mark sweep GC freed 35(608B) AllocSpace objects, 0(0B) LOS objects, 32% free, 32MB/48MB, paused 313us total 18.433ms
08-03 17:25:56.502 32547 32558 I art     : Starting a blocking GC Explicit
08-03 17:25:56.520 32547 32558 I art     : Explicit concurrent mark sweep GC freed 43(784B) AllocSpace objects, 0(0B) LOS objects, 32% free, 32MB/48MB, paused 255us total 17.434ms
08-03 17:25:56.841 32547 32618 I art     : Starting a blocking GC Explicit
08-03 17:25:56.860 32547 32618 I art     : Explicit concurrent mark sweep GC freed 1921(90KB) AllocSpace objects, 2(40KB) LOS objects, 32% free, 32MB/48MB, paused 301us total 18.746ms
08-03 17:25:56.870 32547 32618 I art     : Starting a blocking GC Explicit
08-03 17:25:56.886 32547 32618 I art     : Explicit concurrent mark sweep GC freed 48(1248B) AllocSpace objects, 0(0B) LOS objects, 32% free, 32MB/48MB, paused 250us total 16.171ms
08-03 17:25:56.895 32547 32618 I art     : Starting a blocking GC Explicit
08-03 17:25:56.912 32547 32618 I art     : Explicit concurrent mark sweep GC freed 51(896B) AllocSpace objects, 0(0B) LOS objects, 32% free, 32MB/48MB, paused 247us total 16.450ms
08-03 17:25:56.920 32547 32618 I art     : Starting a blocking GC Explicit
08-03 17:25:56.936 32547 32618 I art     : Explicit concurrent mark sweep GC freed 27(496B) AllocSpace objects, 0(0B) LOS objects, 32% free, 32MB/48MB, paused 228us total 15.779ms
08-03 17:25:56.945 32547 32618 I art     : Starting a blocking GC Explicit
08-03 17:25:56.962 32547 32618 I art     : Explicit concurrent mark sweep GC freed 51(896B) AllocSpace objects, 0(0B) LOS objects, 32% free, 32MB/48MB, paused 256us total 17.061ms
08-03 17:25:57.267   918 13198 D NetlinkSocketObserver: NeighborEvent{elapsedMs=1622161142, 192.168.2.254, [7C3953A63323], RTM_NEWNEIGH, NUD_PROBE}
08-03 17:25:57.352 32547 32560 I art     : Starting a blocking GC Explicit
08-03 17:25:57.375 32547 32560 I art     : Explicit concurrent mark sweep GC freed 1995(92KB) AllocSpace objects, 2(40KB) LOS objects, 32% free, 32MB/48MB, paused 278us total 22.992ms
08-03 17:25:57.388 32547 32560 I art     : Starting a blocking GC Explicit
08-03 17:25:57.406 32547 32560 I art     : Explicit concurrent mark sweep GC freed 70(1584B) AllocSpace objects, 0(0B) LOS objects, 32% free, 32MB/48MB, paused 253us total 17.698ms
08-03 17:25:57.415 32547 32560 I art     : Starting a blocking GC Explicit
08-03 17:25:57.433 32547 32560 I art     : Explicit concurrent mark sweep GC freed 51(896B) AllocSpace objects, 0(0B) LOS objects, 32% free, 32MB/48MB, paused 261us total 17.786ms
08-03 17:25:57.442 32547 32560 I art     : Starting a blocking GC Explicit
08-03 17:25:57.460 32547 32560 I art     : Explicit concurrent mark sweep GC freed 29(512B) AllocSpace objects, 0(0B) LOS objects, 32% free, 32MB/48MB, paused 277us total 17.730ms
08-03 17:25:57.469 32547 32560 I art     : Starting a blocking GC Explicit
08-03 17:25:57.486 32547 32560 I art     : Explicit concurrent mark sweep GC freed 49(880B) AllocSpace objects, 0(0B) LOS objects, 32% free, 32MB/48MB, paused 238us total 17.259ms
08-03 17:25:57.830 32547 32558 I art     : Starting a blocking GC Explicit
08-03 17:25:57.854 32547 32558 I art     : Explicit concurrent mark sweep GC freed 1948(91KB) AllocSpace objects, 2(40KB) LOS objects, 32% free, 32MB/48MB, paused 293us total 23.416ms
08-03 17:25:57.866 32547 32558 I art     : Starting a blocking GC Explicit
08-03 17:25:57.884 32547 32558 I art     : Explicit concurrent mark sweep GC freed 70(1584B) AllocSpace objects, 0(0B) LOS objects, 32% free, 32MB/48MB, paused 266us total 18.207ms
08-03 17:25:57.893 32547 32558 I art     : Starting a blocking GC Explicit
08-03 17:25:57.912 32547 32558 I art     : Explicit concurrent mark sweep GC freed 32(560B) AllocSpace objects, 0(0B) LOS objects, 32% free, 32MB/48MB, paused 436us total 18.131ms
08-03 17:25:57.921 32547 32558 I art     : Starting a blocking GC Explicit
08-03 17:25:57.939 32547 32558 I art     : Explicit concurrent mark sweep GC freed 46(832B) AllocSpace objects, 0(0B) LOS objects, 32% free, 32MB/48MB, paused 258us total 17.903ms
08-03 17:25:57.948 32547 32558 I art     : Starting a blocking GC Explicit
08-03 17:25:57.966 32547 32558 I art     : Explicit concurrent mark sweep GC freed 51(896B) AllocSpace objects, 0(0B) LOS objects, 32% free, 32MB/48MB, paused 255us total 17.711ms
08-03 17:25:58.321 32547 32618 I art     : Starting a blocking GC Explicit
08-03 17:25:58.345 32547 32618 I art     : Explicit concurrent mark sweep GC freed 1948(91KB) AllocSpace objects, 2(40KB) LOS objects, 32% free, 32MB/48MB, paused 394us total 24.281ms
08-03 17:25:58.359 32547 32618 I art     : Starting a blocking GC Explicit
08-03 17:25:58.377 32547 32618 I art     : Explicit concurrent mark sweep GC freed 71(1584B) AllocSpace objects, 0(0B) LOS objects, 32% free, 32MB/48MB, paused 291us total 17.617ms
08-03 17:25:58.386 32547 32618 I art     : Starting a blocking GC Explicit
08-03 17:25:58.403 32547 32618 I art     : Explicit concurrent mark sweep GC freed 50(896B) AllocSpace objects, 0(0B) LOS objects, 32% free, 32MB/48MB, paused 256us total 16.854ms
08-03 17:25:58.412 32547 32618 I art     : Starting a blocking GC Explicit
08-03 17:25:58.429 32547 32618 I art     : Explicit concurrent mark sweep GC freed 34(608B) AllocSpace objects, 0(0B) LOS objects, 32% free, 32MB/48MB, paused 279us total 17.013ms
08-03 17:25:58.437 32547 32618 I art     : Starting a blocking GC Explicit
08-03 17:25:58.455 32547 32618 I art     : Explicit concurrent mark sweep GC freed 44(784B) AllocSpace objects, 0(0B) LOS objects, 32% free, 32MB/48MB, paused 253us total 17.069ms
08-03 17:25:58.807 32547 32560 I art     : Starting a blocking GC Explicit
08-03 17:25:58.828 32547 32560 I art     : Explicit concurrent mark sweep GC freed 1949(91KB) AllocSpace objects, 2(40KB) LOS objects, 32% free, 32MB/48MB, paused 428us total 20.210ms
08-03 17:25:58.838 32547 32560 I art     : Starting a blocking GC Explicit
08-03 17:25:58.856 32547 32560 I art     : Explicit concurrent mark sweep GC freed 70(1584B) AllocSpace objects, 0(0B) LOS objects, 32% free, 32MB/48MB, paused 246us total 17.312ms
08-03 17:25:58.864 32547 32560 I art     : Starting a blocking GC Explicit
08-03 17:25:58.881 32547 32560 I art     : Explicit concurrent mark sweep GC freed 51(896B) AllocSpace objects, 0(0B) LOS objects, 32% free, 32MB/48MB, paused 251us total 16.855ms
08-03 17:25:58.890 32547 32560 I art     : Starting a blocking GC Explicit
08-03 17:25:58.908 32547 32560 I art     : Explicit concurrent mark sweep GC freed 27(496B) AllocSpace objects, 0(0B) LOS objects, 32% free, 32MB/48MB, paused 250us total 17.211ms
08-03 17:25:58.916 32547 32560 I art     : Starting a blocking GC Explicit
08-03 17:25:58.933 32547 32560 I art     : Explicit concurrent mark sweep GC freed 51(896B) AllocSpace objects, 0(0B) LOS objects, 32% free, 32MB/48MB, paused 248us total 16.414ms
08-03 17:25:59.202 32547 32558 I art     : Starting a blocking GC Explicit
08-03 17:25:59.220 32547 32558 I art     : Explicit concurrent mark sweep GC freed 1828(89KB) AllocSpace objects, 2(40KB) LOS objects, 32% free, 32MB/48MB, paused 311us total 18.318ms
08-03 17:25:59.230 32547 32558 I art     : Starting a blocking GC Explicit
08-03 17:25:59.246 32547 32558 I art     : Explicit concurrent mark sweep GC freed 54(1312B) AllocSpace objects, 0(0B) LOS objects, 32% free, 32MB/48MB, paused 282us total 15.777ms
08-03 17:25:59.254 32547 32558 I art     : Starting a blocking GC Explicit
08-03 17:25:59.271 32547 32558 I art     : Explicit concurrent mark sweep GC freed 43(768B) AllocSpace objects, 0(0B) LOS objects, 32% free, 32MB/48MB, paused 256us total 16.232ms
08-03 17:25:59.279 32547 32558 I art     : Starting a blocking GC Explicit
08-03 17:25:59.297 32547 32558 I art     : Explicit concurrent mark sweep GC freed 40(688B) AllocSpace objects, 0(0B) LOS objects, 32% free, 32MB/48MB, paused 322us total 17.526ms
08-03 17:25:59.306 32547 32558 I art     : Starting a blocking GC Explicit
08-03 17:25:59.323 32547 32558 I art     : Explicit concurrent mark sweep GC freed 38(704B) AllocSpace objects, 0(0B) LOS objects, 32% free, 32MB/48MB, paused 254us total 17.232ms
08-03 17:25:59.327   366   366 D AndroidRuntime: >>>>>> START com.android.internal.os.RuntimeInit uid 2000 <<<<<<
08-03 17:25:59.331   366   366 D AndroidRuntime: CheckJNI is OFF
08-03 17:25:59.355   366   366 D ICU     : No timezone override file found: /data/misc/zoneinfo/current/icu/icu_tzdata.dat
08-03 17:25:59.379   366   366 I Radio-JNI: register_android_hardware_Radio DONE
08-03 17:25:59.394   366   366 D AndroidRuntime: Calling main entry com.android.commands.input.Input
08-03 17:25:59.396   366   366 I Input   : injectMotionEvent: MotionEvent { action=ACTION_DOWN, actionButton=0, id[0]=0, x[0]=346.0, y[0]=709.0, toolType[0]=TOOL_TYPE_UNKNOWN, buttonState=0, metaState=0, flags=0x0, edgeFlags=0x0, pointerCount=1, historySize=0, eventTime=638775809, downTime=638775809, deviceId=0, source=0x1002 }
08-03 17:25:59.401   366   366 I Input   : injectMotionEvent: MotionEvent { action=ACTION_UP, actionButton=0, id[0]=0, x[0]=346.0, y[0]=709.0, toolType[0]=TOOL_TYPE_UNKNOWN, buttonState=0, metaState=0, flags=0x0, edgeFlags=0x0, pointerCount=1, historySize=0, eventTime=638775809, downTime=638775809, deviceId=0, source=0x1002 }
08-03 17:25:59.412   918  6110 I ActivityManager: START u0 {cmp=baseline.io.github.project_travel_mate/.destinations.description.FinalCityInfoActivity (has extras)} from uid 10623 on display 0
08-03 17:25:59.418   366   366 D AndroidRuntime: Shutting down VM
08-03 17:25:59.437 32547 32613 D Gabe    : call	returning from cache
08-03 17:25:59.460 32547 32547 V EXECUTING: https://project-travel-mate.herokuapp.com/api/get-city-weather/1
08-03 17:25:59.583   918   936 I ActivityManager: Displayed baseline.io.github.project_travel_mate/.destinations.description.FinalCityInfoActivity: +164ms
08-03 17:25:59.584 13866 13866 I GoogleInputMethodServic: GoogleInputMethodService.onFinishInput():3138 
08-03 17:25:59.584 13866 13866 I GoogleInputMethodServic: GoogleInputMethodService.onStartInput():1808 
08-03 17:25:59.590 32547 32560 I art     : Starting a blocking GC Explicit
08-03 17:25:59.615 32547 32560 I art     : Explicit concurrent mark sweep GC freed 9354(591KB) AllocSpace objects, 2(40KB) LOS objects, 29% free, 37MB/53MB, paused 658us total 24.260ms
08-03 17:25:59.627 32547 32560 I art     : Starting a blocking GC Explicit
08-03 17:25:59.647 32547 32560 I art     : Explicit concurrent mark sweep GC freed 594(29KB) AllocSpace objects, 0(0B) LOS objects, 29% free, 37MB/53MB, paused 374us total 20.153ms
08-03 17:25:59.658 32547 32560 I art     : Starting a blocking GC Explicit
08-03 17:25:59.676 32547 32560 I art     : Explicit concurrent mark sweep GC freed 56(1136B) AllocSpace objects, 0(0B) LOS objects, 29% free, 37MB/53MB, paused 315us total 17.770ms
08-03 17:25:59.685 32547 32560 I art     : Starting a blocking GC Explicit
08-03 17:25:59.703 32547 32560 I art     : Explicit concurrent mark sweep GC freed 99(1696B) AllocSpace objects, 0(0B) LOS objects, 29% free, 37MB/53MB, paused 295us total 17.403ms
08-03 17:25:59.712 32547 32560 I art     : Starting a blocking GC Explicit
08-03 17:25:59.729 32547 32560 I art     : Explicit concurrent mark sweep GC freed 99(1696B) AllocSpace objects, 0(0B) LOS objects, 29% free, 37MB/53MB, paused 287us total 17.296ms
08-03 17:25:59.812   380   380 W SurfaceFlinger: couldn't log to binary event log: overflow.
08-03 17:25:59.970 32547   431 I NAPPA_EXPERIMENTATION: MetricNetworkRequestExecutionTime: REQUEST_DURATION_SYSTEM='509',REQUEST_DURATION_OKHTTP='37',REQUEST_SYNCHRONOUS='FALSE',RESPONSE_CODE='200',RESPONSE_METHOD='GET',RESPONSE_LENGTH_OKHTTP='530',RESPONSE_LENGTH_HEADER='530',REQUEST_PROTOCOL='http/1.1',REQUEST_URL='https://project-travel-mate.herokuapp.com/api/get-city/1',
08-03 17:26:00.003 32547   429 I NAPPA_EXPERIMENTATION: MetricNetworkRequestExecutionTime: REQUEST_DURATION_SYSTEM='541',REQUEST_DURATION_OKHTTP='68',REQUEST_SYNCHRONOUS='FALSE',RESPONSE_CODE='200',RESPONSE_METHOD='GET',RESPONSE_LENGTH_OKHTTP='238',RESPONSE_LENGTH_HEADER='238',REQUEST_PROTOCOL='http/1.1',REQUEST_URL='https://project-travel-mate.herokuapp.com/api/get-city-weather/1',
08-03 17:26:00.009 32547   431 V Response: {"id":1,"city_name":"Delhi","description":"Delhi, officially the National Capital Territory of Delhi, is the Capital territory of India. During the British Raj, Delhi was part of the province of Punjab and is still historically and culturally connected to the Punjab region.","latitude":"28.613900","longitude":"77.209000","facts_count":6,"images":["https://upload.wikimedia.org/wikipedia/commons/9/94/%E0%B4%96%E0%B5%81%E0%B4%A4%E0%B5%8D%E0%B4%AC%E0%B5%8D_%E0%B4%AE%E0%B4%BF%E0%B4%A8%E0%B4%BE%E0%B5%BC1.jpg"],"has_visited":false}
08-03 17:26:00.038 32547 32560 I art     : Starting a blocking GC Explicit
08-03 17:26:00.059 32547 32560 I art     : Explicit concurrent mark sweep GC freed 7533(387KB) AllocSpace objects, 5(240KB) LOS objects, 29% free, 37MB/53MB, paused 549us total 20.988ms
08-03 17:26:00.068 32547 32560 I art     : Starting a blocking GC Explicit
08-03 17:26:00.087 32547 32560 I art     : Explicit concurrent mark sweep GC freed 1229(129KB) AllocSpace objects, 0(0B) LOS objects, 29% free, 37MB/53MB, paused 601us total 18.480ms
08-03 17:26:00.095 32547 32560 I art     : Starting a blocking GC Explicit
08-03 17:26:00.114 32547 32560 I art     : Explicit concurrent mark sweep GC freed 1893(142KB) AllocSpace objects, 3(76KB) LOS objects, 28% free, 39MB/55MB, paused 393us total 17.927ms
08-03 17:26:00.122 32547 32560 I art     : Starting a blocking GC Explicit
08-03 17:26:00.142 32547 32560 I art     : Explicit concurrent mark sweep GC freed 269(18KB) AllocSpace objects, 1(4MB) LOS objects, 28% free, 39MB/55MB, paused 292us total 19.248ms
08-03 17:26:00.150 32547 32560 I art     : Starting a blocking GC Explicit
08-03 17:26:00.167 32547 32560 I art     : Explicit concurrent mark sweep GC freed 363(64KB) AllocSpace objects, 4(128KB) LOS objects, 28% free, 39MB/55MB, paused 351us total 16.884ms
08-03 17:26:00.486 32547 32558 I art     : Starting a blocking GC Explicit
08-03 17:26:00.503 32547 32558 I art     : Explicit concurrent mark sweep GC freed 2531(118KB) AllocSpace objects, 3(1244KB) LOS objects, 29% free, 38MB/54MB, paused 266us total 17.596ms
08-03 17:26:00.512 32547 32558 I art     : Starting a blocking GC Explicit
08-03 17:26:00.529 32547 32558 I art     : Explicit concurrent mark sweep GC freed 124(2912B) AllocSpace objects, 0(0B) LOS objects, 29% free, 38MB/54MB, paused 285us total 17.334ms
08-03 17:26:00.529 32547 32557 I art     : WaitForGcToComplete blocked for 13.854ms for cause HeapTrim
08-03 17:26:00.537 32547 32558 I art     : Starting a blocking GC Explicit
08-03 17:26:00.554 32547 32558 I art     : Explicit concurrent mark sweep GC freed 64(1152B) AllocSpace objects, 0(0B) LOS objects, 29% free, 38MB/54MB, paused 281us total 16.540ms
08-03 17:26:00.563 32547 32558 I art     : Starting a blocking GC Explicit
08-03 17:26:00.581 32547 32558 I art     : Explicit concurrent mark sweep GC freed 99(1696B) AllocSpace objects, 0(0B) LOS objects, 29% free, 38MB/54MB, paused 263us total 18.038ms
08-03 17:26:00.589 32547 32558 I art     : Starting a blocking GC Explicit
08-03 17:26:00.606 32547 32558 I art     : Explicit concurrent mark sweep GC freed 74(1936B) AllocSpace objects, 0(0B) LOS objects, 29% free, 38MB/54MB, paused 367us total 17.059ms
08-03 17:26:00.927 32547 32560 I art     : Starting a blocking GC Explicit
08-03 17:26:00.947 32547 32560 I art     : Explicit concurrent mark sweep GC freed 2439(99KB) AllocSpace objects, 2(40KB) LOS objects, 29% free, 38MB/54MB, paused 308us total 20.544ms
08-03 17:26:00.957 32547 32560 I art     : Starting a blocking GC Explicit
08-03 17:26:00.975 32547 32560 I art     : Explicit concurrent mark sweep GC freed 71(1616B) AllocSpace objects, 0(0B) LOS objects, 29% free, 38MB/54MB, paused 267us total 18.388ms
08-03 17:26:00.984 32547 32560 I art     : Starting a blocking GC Explicit
08-03 17:26:01.002 32547 32560 I art     : Explicit concurrent mark sweep GC freed 99(1696B) AllocSpace objects, 0(0B) LOS objects, 29% free, 38MB/54MB, paused 264us total 17.908ms
08-03 17:26:01.011 32547 32560 I art     : Starting a blocking GC Explicit
08-03 17:26:01.031 32547 32560 I art     : Explicit concurrent mark sweep GC freed 98(1664B) AllocSpace objects, 0(0B) LOS objects, 29% free, 38MB/54MB, paused 300us total 19.972ms
08-03 17:26:01.040 32547 32560 I art     : Starting a blocking GC Explicit
08-03 17:26:01.060 32547 32560 I art     : Explicit concurrent mark sweep GC freed 52(928B) AllocSpace objects, 0(0B) LOS objects, 29% free, 38MB/54MB, paused 289us total 19.632ms
08-03 17:26:01.403 32547 32558 I art     : Starting a blocking GC Explicit
08-03 17:26:01.426 32547 32558 I art     : Explicit concurrent mark sweep GC freed 2479(100KB) AllocSpace objects, 2(40KB) LOS objects, 29% free, 38MB/54MB, paused 284us total 22.782ms
08-03 17:26:01.439 32547 32558 I art     : Starting a blocking GC Explicit
08-03 17:26:01.459 32547 32558 I art     : Explicit concurrent mark sweep GC freed 118(2384B) AllocSpace objects, 0(0B) LOS objects, 29% free, 38MB/54MB, paused 344us total 19.338ms
08-03 17:26:01.468 32547 32558 I art     : Starting a blocking GC Explicit
08-03 17:26:01.488 32547 32558 I art     : Explicit concurrent mark sweep GC freed 99(1696B) AllocSpace objects, 0(0B) LOS objects, 29% free, 38MB/54MB, paused 314us total 19.557ms
08-03 17:26:01.497 32547 32558 I art     : Starting a blocking GC Explicit
08-03 17:26:01.516 32547 32558 I art     : Explicit concurrent mark sweep GC freed 99(1696B) AllocSpace objects, 0(0B) LOS objects, 29% free, 38MB/54MB, paused 270us total 19.448ms
08-03 17:26:01.525 32547 32558 I art     : Starting a blocking GC Explicit
08-03 17:26:01.545 32547 32558 I art     : Explicit concurrent mark sweep GC freed 51(896B) AllocSpace objects, 0(0B) LOS objects, 29% free, 38MB/54MB, paused 279us total 20.066ms
08-03 17:26:01.908 32547 32618 I art     : Starting a blocking GC Explicit
08-03 17:26:01.930 32547 32618 I art     : Explicit concurrent mark sweep GC freed 2527(100KB) AllocSpace objects, 2(40KB) LOS objects, 29% free, 38MB/54MB, paused 281us total 21.571ms
08-03 17:26:01.939 32547 32618 I art     : Starting a blocking GC Explicit
08-03 17:26:01.959 32547 32618 I art     : Explicit concurrent mark sweep GC freed 118(2384B) AllocSpace objects, 0(0B) LOS objects, 29% free, 38MB/54MB, paused 279us total 19.396ms
08-03 17:26:01.968 32547 32618 I art     : Starting a blocking GC Explicit
08-03 17:26:01.987 32547 32618 I art     : Explicit concurrent mark sweep GC freed 99(1696B) AllocSpace objects, 0(0B) LOS objects, 29% free, 38MB/54MB, paused 277us total 19.693ms
08-03 17:26:01.996 32547 32618 I art     : Starting a blocking GC Explicit
08-03 17:26:02.016 32547 32618 I art     : Explicit concurrent mark sweep GC freed 98(1664B) AllocSpace objects, 0(0B) LOS objects, 29% free, 38MB/54MB, paused 276us total 19.337ms
08-03 17:26:02.026 32547 32618 I art     : Starting a blocking GC Explicit
08-03 17:26:02.045 32547 32618 I art     : Explicit concurrent mark sweep GC freed 52(928B) AllocSpace objects, 0(0B) LOS objects, 29% free, 38MB/54MB, paused 282us total 19.695ms
08-03 17:26:02.396 32547 32560 I art     : Starting a blocking GC Explicit
08-03 17:26:02.419 32547 32560 I art     : Explicit concurrent mark sweep GC freed 2526(100KB) AllocSpace objects, 2(40KB) LOS objects, 29% free, 38MB/54MB, paused 277us total 22.749ms
08-03 17:26:02.431 32547 32560 I art     : Starting a blocking GC Explicit
08-03 17:26:02.450 32547 32560 I art     : Explicit concurrent mark sweep GC freed 117(2352B) AllocSpace objects, 0(0B) LOS objects, 29% free, 38MB/54MB, paused 282us total 19.641ms
08-03 17:26:02.459 32547 32560 I art     : Starting a blocking GC Explicit
08-03 17:26:02.479 32547 32560 I art     : Explicit concurrent mark sweep GC freed 52(928B) AllocSpace objects, 0(0B) LOS objects, 29% free, 38MB/54MB, paused 284us total 19.161ms
08-03 17:26:02.488 32547 32560 I art     : Starting a blocking GC Explicit
08-03 17:26:02.507 32547 32560 I art     : Explicit concurrent mark sweep GC freed 99(1696B) AllocSpace objects, 0(0B) LOS objects, 29% free, 38MB/54MB, paused 351us total 18.744ms
08-03 17:26:02.517 32547 32560 I art     : Starting a blocking GC Explicit
08-03 17:26:02.534 32547 32560 I art     : Explicit concurrent mark sweep GC freed 99(1696B) AllocSpace objects, 0(0B) LOS objects, 29% free, 38MB/54MB, paused 262us total 17.199ms
08-03 17:26:02.866 32547 32558 I art     : Starting a blocking GC Explicit
08-03 17:26:02.885 32547 32558 I art     : Explicit concurrent mark sweep GC freed 2432(99KB) AllocSpace objects, 2(40KB) LOS objects, 29% free, 38MB/54MB, paused 265us total 18.727ms
08-03 17:26:02.893 32547 32558 I art     : Starting a blocking GC Explicit
08-03 17:26:02.912 32547 32558 I art     : Explicit concurrent mark sweep GC freed 70(1584B) AllocSpace objects, 0(0B) LOS objects, 29% free, 38MB/54MB, paused 270us total 18.020ms
08-03 17:26:02.920 32547 32558 I art     : Starting a blocking GC Explicit
08-03 17:26:02.940 32547 32558 I art     : Explicit concurrent mark sweep GC freed 99(1696B) AllocSpace objects, 0(0B) LOS objects, 29% free, 38MB/54MB, paused 282us total 19.365ms
08-03 17:26:02.949 32547 32558 I art     : Starting a blocking GC Explicit
08-03 17:26:02.968 32547 32558 I art     : Explicit concurrent mark sweep GC freed 99(1696B) AllocSpace objects, 0(0B) LOS objects, 29% free, 38MB/54MB, paused 300us total 19.557ms
08-03 17:26:02.977 32547 32558 I art     : Starting a blocking GC Explicit
08-03 17:26:02.997 32547 32558 I art     : Explicit concurrent mark sweep GC freed 51(896B) AllocSpace objects, 0(0B) LOS objects, 29% free, 38MB/54MB, paused 299us total 19.305ms
08-03 17:26:03.350 32547 32618 I art     : Starting a blocking GC Explicit
08-03 17:26:03.374 32547 32618 I art     : Explicit concurrent mark sweep GC freed 2526(100KB) AllocSpace objects, 2(40KB) LOS objects, 29% free, 38MB/54MB, paused 302us total 23.299ms
08-03 17:26:03.383 32547 32618 I art     : Starting a blocking GC Explicit
08-03 17:26:03.402 32547 32618 I art     : Explicit concurrent mark sweep GC freed 118(2384B) AllocSpace objects, 0(0B) LOS objects, 29% free, 38MB/54MB, paused 256us total 19.695ms
08-03 17:26:03.411 32547 32618 I art     : Starting a blocking GC Explicit
08-03 17:26:03.431 32547 32618 I art     : Explicit concurrent mark sweep GC freed 51(896B) AllocSpace objects, 0(0B) LOS objects, 29% free, 38MB/54MB, paused 269us total 19.317ms
08-03 17:26:03.440 32547 32618 I art     : Starting a blocking GC Explicit
08-03 17:26:03.460 32547 32618 I art     : Explicit concurrent mark sweep GC freed 99(1696B) AllocSpace objects, 0(0B) LOS objects, 29% free, 38MB/54MB, paused 268us total 19.472ms
08-03 17:26:03.469 32547 32618 I art     : Starting a blocking GC Explicit
08-03 17:26:03.489 32547 32618 I art     : Explicit concurrent mark sweep GC freed 99(1696B) AllocSpace objects, 0(0B) LOS objects, 29% free, 38MB/54MB, paused 281us total 20.196ms
08-03 17:26:03.802 32547 32558 I art     : Starting a blocking GC Explicit
08-03 17:26:03.822 32547 32558 I art     : Explicit concurrent mark sweep GC freed 2406(99KB) AllocSpace objects, 2(40KB) LOS objects, 29% free, 38MB/54MB, paused 307us total 20.482ms
08-03 17:26:03.832 32547 32558 I art     : Starting a blocking GC Explicit
08-03 17:26:03.852 32547 32558 I art     : Explicit concurrent mark sweep GC freed 128(2928B) AllocSpace objects, 0(0B) LOS objects, 29% free, 38MB/54MB, paused 270us total 20.290ms
08-03 17:26:03.861 32547 32558 I art     : Starting a blocking GC Explicit
08-03 17:26:03.878 32547 32558 I art     : Explicit concurrent mark sweep GC freed 51(896B) AllocSpace objects, 0(0B) LOS objects, 29% free, 38MB/54MB, paused 295us total 17.450ms
08-03 17:26:03.887 32547 32558 I art     : Starting a blocking GC Explicit
08-03 17:26:03.906 32547 32558 I art     : Explicit concurrent mark sweep GC freed 99(1696B) AllocSpace objects, 0(0B) LOS objects, 29% free, 38MB/54MB, paused 275us total 18.991ms
08-03 17:26:03.915 32547 32558 I art     : Starting a blocking GC Explicit
08-03 17:26:03.934 32547 32558 I art     : Explicit concurrent mark sweep GC freed 96(1616B) AllocSpace objects, 0(0B) LOS objects, 29% free, 38MB/54MB, paused 321us total 19.038ms
08-03 17:26:04.004   654   654 D AndroidRuntime: >>>>>> START com.android.internal.os.RuntimeInit uid 2000 <<<<<<
08-03 17:26:04.008   654   654 D AndroidRuntime: CheckJNI is OFF
08-03 17:26:04.035   654   654 D ICU     : No timezone override file found: /data/misc/zoneinfo/current/icu/icu_tzdata.dat
08-03 17:26:04.061   654   654 I Radio-JNI: register_android_hardware_Radio DONE
08-03 17:26:04.078   654   654 D AndroidRuntime: Calling main entry com.android.commands.input.Input
08-03 17:26:04.079   654   654 I Input   : injectMotionEvent: MotionEvent { action=ACTION_DOWN, actionButton=0, id[0]=0, x[0]=693.0, y[0]=1450.0, toolType[0]=TOOL_TYPE_UNKNOWN, buttonState=0, metaState=0, flags=0x0, edgeFlags=0x0, pointerCount=1, historySize=0, eventTime=638780492, downTime=638780492, deviceId=0, source=0x1002 }
08-03 17:26:04.087   654   654 I Input   : injectMotionEvent: MotionEvent { action=ACTION_UP, actionButton=0, id[0]=0, x[0]=693.0, y[0]=1450.0, toolType[0]=TOOL_TYPE_UNKNOWN, buttonState=0, metaState=0, flags=0x0, edgeFlags=0x0, pointerCount=1, historySize=0, eventTime=638780492, downTime=638780492, deviceId=0, source=0x1002 }
08-03 17:26:04.088   654   654 D AndroidRuntime: Shutting down VM
08-03 17:26:04.089   918  4413 I ActivityManager: START u0 {cmp=baseline.io.github.project_travel_mate/.destinations.description.CityHistoryActivity} from uid 10623 on display 0
08-03 17:26:04.090   512  2967 D audio_hw_primary: out_set_parameters: enter: usecase(1: low-latency-playback) kvpairs: routing=2
08-03 17:26:04.104   512  2967 D audio_hw_primary: select_devices: out_snd_device(2: speaker) in_snd_device(0: none)
08-03 17:26:04.104   512  2967 D msm8974_platform: platform_send_audio_calibration: sending audio calibration for snd_device(2) acdb_id(15)
08-03 17:26:04.104   512  2967 I soundtrigger: audio_extn_sound_trigger_update_device_status: device 0x2 of type 0 for Event 1
08-03 17:26:04.116   512  2967 D audio_hw_primary: enable_snd_device: snd_device(2: speaker)
08-03 17:26:04.118   512  2967 D audio_hw_primary: enable_audio_route: apply and update mixer path: low-latency-playback speaker
08-03 17:26:04.122 32547 32613 D Gabe    : call	returning from cache
08-03 17:26:04.124 32547 32547 V EXECUTING: https://project-travel-mate.herokuapp.com/api/get-city-information/1
08-03 17:26:04.217 32547 32618 I art     : Starting a blocking GC Explicit
08-03 17:26:04.238 32547 32618 I art     : Explicit concurrent mark sweep GC freed 3152(225KB) AllocSpace objects, 2(40KB) LOS objects, 27% free, 42MB/58MB, paused 460us total 21.117ms
08-03 17:26:04.249 32547 32618 I art     : Starting a blocking GC Explicit
08-03 17:26:04.257   918   936 I ActivityManager: Displayed baseline.io.github.project_travel_mate/.destinations.description.CityHistoryActivity: +159ms
08-03 17:26:04.258 13866 13866 I GoogleInputMethodServic: GoogleInputMethodService.onFinishInput():3138 
08-03 17:26:04.258 13866 13866 I GoogleInputMethodServic: GoogleInputMethodService.onStartInput():1808 
08-03 17:26:04.269 32547 32618 I art     : Explicit concurrent mark sweep GC freed 351(12KB) AllocSpace objects, 0(0B) LOS objects, 27% free, 42MB/58MB, paused 479us total 19.690ms
08-03 17:26:04.280 32547 32618 I art     : Starting a blocking GC Explicit
08-03 17:26:04.305 32547 32618 I art     : Explicit concurrent mark sweep GC freed 23(448B) AllocSpace objects, 0(0B) LOS objects, 27% free, 42MB/58MB, paused 675us total 25.185ms
08-03 17:26:04.316 32547 32618 I art     : Starting a blocking GC Explicit
08-03 17:26:04.340 32547 32618 I art     : Explicit concurrent mark sweep GC freed 115(1936B) AllocSpace objects, 0(0B) LOS objects, 27% free, 42MB/58MB, paused 727us total 23.758ms
08-03 17:26:04.351 32547 32618 I art     : Starting a blocking GC Explicit
08-03 17:26:04.376 32547 32618 I art     : Explicit concurrent mark sweep GC freed 22(448B) AllocSpace objects, 0(0B) LOS objects, 27% free, 42MB/58MB, paused 508us total 24.459ms
08-03 17:26:04.516   380   380 W SurfaceFlinger: couldn't log to binary event log: overflow.
08-03 17:26:04.625 32547 32558 I art     : Starting a blocking GC Explicit
08-03 17:26:04.650 32547 32558 I art     : Explicit concurrent mark sweep GC freed 5188(232KB) AllocSpace objects, 4(160KB) LOS objects, 27% free, 43MB/59MB, paused 652us total 23.948ms
08-03 17:26:04.660 32547 32558 I art     : Starting a blocking GC Explicit
08-03 17:26:04.660   512  2967 D audio_hw_primary: disable_audio_route: reset and update mixer path: low-latency-playback speaker
08-03 17:26:04.661   512  2967 D audio_hw_primary: disable_snd_device: snd_device(2: speaker)
08-03 17:26:04.668   512  2967 I soundtrigger: audio_extn_sound_trigger_update_device_status: device 0x2 of type 0 for Event 0
08-03 17:26:04.681 32547 32558 I art     : Explicit concurrent mark sweep GC freed 1062(120KB) AllocSpace objects, 1(80KB) LOS objects, 27% free, 42MB/58MB, paused 491us total 21.061ms
08-03 17:26:04.688 32547   687 I NAPPA_EXPERIMENTATION: MetricNetworkRequestExecutionTime: REQUEST_DURATION_SYSTEM='563',REQUEST_DURATION_OKHTTP='35',REQUEST_SYNCHRONOUS='FALSE',RESPONSE_CODE='200',RESPONSE_METHOD='GET',RESPONSE_LENGTH_OKHTTP='55024',RESPONSE_LENGTH_HEADER='55024',REQUEST_PROTOCOL='http/1.1',REQUEST_URL='https://project-travel-mate.herokuapp.com/api/get-city-information/1',
08-03 17:26:04.690 32547 32558 I art     : Starting a blocking GC Explicit
08-03 17:26:04.711 32547 32558 I art     : Explicit concurrent mark sweep GC freed 289(15KB) AllocSpace objects, 3(272KB) LOS objects, 27% free, 43MB/59MB, paused 513us total 21.033ms
08-03 17:26:04.721 32547 32558 I art     : Starting a blocking GC Explicit
08-03 17:26:04.743 32547 32558 I art     : Explicit concurrent mark sweep GC freed 125(5KB) AllocSpace objects, 0(0B) LOS objects, 27% free, 43MB/59MB, paused 420us total 21.123ms
08-03 17:26:04.752 32547 32558 I art     : Starting a blocking GC Explicit
08-03 17:26:04.772 32547 32558 I art     : Explicit concurrent mark sweep GC freed 118(2000B) AllocSpace objects, 0(0B) LOS objects, 27% free, 43MB/59MB, paused 447us total 19.830ms
08-03 17:26:04.864 13866 13866 I GoogleInputMethodServic: GoogleInputMethodService.onFinishInput():3138 
08-03 17:26:04.864 13866 13866 I GoogleInputMethodServic: GoogleInputMethodService.onStartInput():1808 
08-03 17:26:05.065 32547 32558 I art     : Starting a blocking GC Explicit
08-03 17:26:05.089 32547 32558 I art     : Explicit concurrent mark sweep GC freed 3856(1329KB) AllocSpace objects, 19(4MB) LOS objects, 29% free, 38MB/54MB, paused 362us total 23.002ms
08-03 17:26:05.098 32547 32558 I art     : Starting a blocking GC Explicit
08-03 17:26:05.119 32547 32558 I art     : Explicit concurrent mark sweep GC freed 208(4KB) AllocSpace objects, 0(0B) LOS objects, 29% free, 38MB/54MB, paused 352us total 20.562ms
08-03 17:26:05.128 32547 32558 I art     : Starting a blocking GC Explicit
08-03 17:26:05.149 32547 32558 I art     : Explicit concurrent mark sweep GC freed 76(1328B) AllocSpace objects, 0(0B) LOS objects, 29% free, 38MB/54MB, paused 335us total 20.755ms
08-03 17:26:05.158 32547 32558 I art     : Starting a blocking GC Explicit
08-03 17:26:05.180 32547 32558 I art     : Explicit concurrent mark sweep GC freed 147(2496B) AllocSpace objects, 0(0B) LOS objects, 29% free, 38MB/54MB, paused 312us total 21.977ms
08-03 17:26:05.190 32547 32558 I art     : Starting a blocking GC Explicit
08-03 17:26:05.212 32547 32558 I art     : Explicit concurrent mark sweep GC freed 147(2496B) AllocSpace objects, 0(0B) LOS objects, 29% free, 38MB/54MB, paused 301us total 21.888ms
08-03 17:26:05.534 32547 32618 I art     : Starting a blocking GC Explicit
08-03 17:26:05.559 32547 32618 I art     : Explicit concurrent mark sweep GC freed 2936(107KB) AllocSpace objects, 2(40KB) LOS objects, 29% free, 38MB/54MB, paused 306us total 24.408ms
08-03 17:26:05.570 32547 32618 I art     : Starting a blocking GC Explicit
08-03 17:26:05.591 32547 32618 I art     : Explicit concurrent mark sweep GC freed 167(3KB) AllocSpace objects, 0(0B) LOS objects, 29% free, 38MB/54MB, paused 283us total 21.092ms
08-03 17:26:05.600 32547 32618 I art     : Starting a blocking GC Explicit
08-03 17:26:05.622 32547 32618 I art     : Explicit concurrent mark sweep GC freed 146(2464B) AllocSpace objects, 0(0B) LOS objects, 29% free, 38MB/54MB, paused 306us total 21.459ms
08-03 17:26:05.631 32547 32618 I art     : Starting a blocking GC Explicit
08-03 17:26:05.652 32547 32618 I art     : Explicit concurrent mark sweep GC freed 128(2192B) AllocSpace objects, 0(0B) LOS objects, 29% free, 38MB/54MB, paused 390us total 20.917ms
08-03 17:26:05.661 32547 32618 I art     : Starting a blocking GC Explicit
08-03 17:26:05.683 32547 32618 I art     : Explicit concurrent mark sweep GC freed 96(1664B) AllocSpace objects, 0(0B) LOS objects, 29% free, 38MB/54MB, paused 300us total 21.380ms
08-03 17:26:06.041 32547 32618 I art     : Starting a blocking GC Explicit
08-03 17:26:06.064 32547 32618 I art     : Explicit concurrent mark sweep GC freed 3111(110KB) AllocSpace objects, 2(40KB) LOS objects, 29% free, 38MB/54MB, paused 307us total 22.919ms
08-03 17:26:06.073 32547 32618 I art     : Starting a blocking GC Explicit
08-03 17:26:06.096 32547 32618 I art     : Explicit concurrent mark sweep GC freed 166(3KB) AllocSpace objects, 0(0B) LOS objects, 29% free, 38MB/54MB, paused 305us total 22.746ms
08-03 17:26:06.106 32547 32618 I art     : Starting a blocking GC Explicit
08-03 17:26:06.128 32547 32618 I art     : Explicit concurrent mark sweep GC freed 147(2496B) AllocSpace objects, 0(0B) LOS objects, 29% free, 38MB/54MB, paused 336us total 22.171ms
08-03 17:26:06.137 32547 32618 I art     : Starting a blocking GC Explicit
08-03 17:26:06.160 32547 32618 I art     : Explicit concurrent mark sweep GC freed 147(2496B) AllocSpace objects, 0(0B) LOS objects, 29% free, 38MB/54MB, paused 332us total 22.320ms
08-03 17:26:06.169 32547 32618 I art     : Starting a blocking GC Explicit
08-03 17:26:06.192 32547 32618 I art     : Explicit concurrent mark sweep GC freed 147(2496B) AllocSpace objects, 0(0B) LOS objects, 29% free, 38MB/54MB, paused 359us total 22.753ms
08-03 17:26:06.551 32547 32560 I art     : Starting a blocking GC Explicit
08-03 17:26:06.574 32547 32560 I art     : Explicit concurrent mark sweep GC freed 3080(109KB) AllocSpace objects, 2(40KB) LOS objects, 29% free, 38MB/54MB, paused 322us total 22.741ms
08-03 17:26:06.583 32547 32560 I art     : Starting a blocking GC Explicit
08-03 17:26:06.606 32547 32560 I art     : Explicit concurrent mark sweep GC freed 179(3KB) AllocSpace objects, 0(0B) LOS objects, 29% free, 38MB/54MB, paused 347us total 22.297ms
08-03 17:26:06.615 32547 32560 I art     : Starting a blocking GC Explicit
08-03 17:26:06.636 32547 32560 I art     : Explicit concurrent mark sweep GC freed 119(2528B) AllocSpace objects, 0(0B) LOS objects, 29% free, 38MB/54MB, paused 375us total 21.014ms
08-03 17:26:06.646 32547 32560 I art     : Starting a blocking GC Explicit
08-03 17:26:06.668 32547 32560 I art     : Explicit concurrent mark sweep GC freed 119(2048B) AllocSpace objects, 0(0B) LOS objects, 29% free, 38MB/54MB, paused 291us total 21.531ms
08-03 17:26:06.677 32547 32560 I art     : Starting a blocking GC Explicit
08-03 17:26:06.699 32547 32560 I art     : Explicit concurrent mark sweep GC freed 147(2496B) AllocSpace objects, 0(0B) LOS objects, 29% free, 38MB/54MB, paused 294us total 21.891ms
08-03 17:26:07.033 32547 32558 I art     : Starting a blocking GC Explicit
08-03 17:26:07.059 32547 32558 I art     : Explicit concurrent mark sweep GC freed 3009(108KB) AllocSpace objects, 2(40KB) LOS objects, 29% free, 38MB/54MB, paused 295us total 25.571ms
08-03 17:26:07.068 32547 32558 I art     : Starting a blocking GC Explicit
08-03 17:26:07.090 32547 32558 I art     : Explicit concurrent mark sweep GC freed 165(3KB) AllocSpace objects, 0(0B) LOS objects, 29% free, 38MB/54MB, paused 343us total 21.481ms
08-03 17:26:07.099 32547 32558 I art     : Starting a blocking GC Explicit
08-03 17:26:07.120 32547 32558 I art     : Explicit concurrent mark sweep GC freed 104(1776B) AllocSpace objects, 0(0B) LOS objects, 29% free, 38MB/54MB, paused 387us total 20.872ms
08-03 17:26:07.129 32547 32558 I art     : Starting a blocking GC Explicit
08-03 17:26:07.151 32547 32558 I art     : Explicit concurrent mark sweep GC freed 119(2048B) AllocSpace objects, 0(0B) LOS objects, 29% free, 38MB/54MB, paused 302us total 21.477ms
08-03 17:26:07.161 32547 32558 I art     : Starting a blocking GC Explicit
08-03 17:26:07.183 32547 32558 I art     : Explicit concurrent mark sweep GC freed 147(2496B) AllocSpace objects, 0(0B) LOS objects, 29% free, 38MB/54MB, paused 329us total 21.918ms
08-03 17:26:07.536 32547 32618 I art     : Starting a blocking GC Explicit
08-03 17:26:07.561 32547 32618 I art     : Explicit concurrent mark sweep GC freed 3081(110KB) AllocSpace objects, 2(40KB) LOS objects, 29% free, 38MB/54MB, paused 318us total 24.469ms
08-03 17:26:07.573 32547 32618 I art     : Starting a blocking GC Explicit
08-03 17:26:07.594 32547 32618 I art     : Explicit concurrent mark sweep GC freed 167(3KB) AllocSpace objects, 0(0B) LOS objects, 29% free, 38MB/54MB, paused 312us total 21.300ms
08-03 17:26:07.603 32547 32618 I art     : Starting a blocking GC Explicit
08-03 17:26:07.624 32547 32618 I art     : Explicit concurrent mark sweep GC freed 146(2464B) AllocSpace objects, 0(0B) LOS objects, 29% free, 38MB/54MB, paused 299us total 20.921ms
08-03 17:26:07.633 32547 32618 I art     : Starting a blocking GC Explicit
08-03 17:26:07.654 32547 32618 I art     : Explicit concurrent mark sweep GC freed 120(2032B) AllocSpace objects, 0(0B) LOS objects, 29% free, 38MB/54MB, paused 377us total 21.012ms
08-03 17:26:07.664 32547 32618 I art     : Starting a blocking GC Explicit
08-03 17:26:07.686 32547 32618 I art     : Explicit concurrent mark sweep GC freed 103(1792B) AllocSpace objects, 0(0B) LOS objects, 29% free, 38MB/54MB, paused 288us total 21.507ms
08-03 17:26:08.049 32547 32560 I art     : Starting a blocking GC Explicit
08-03 17:26:08.073 32547 32560 I art     : Explicit concurrent mark sweep GC freed 3154(111KB) AllocSpace objects, 2(40KB) LOS objects, 29% free, 38MB/54MB, paused 307us total 23.806ms
08-03 17:26:08.083 32547 32560 I art     : Starting a blocking GC Explicit
08-03 17:26:08.106 32547 32560 I art     : Explicit concurrent mark sweep GC freed 154(2960B) AllocSpace objects, 0(0B) LOS objects, 29% free, 38MB/54MB, paused 363us total 22.543ms
08-03 17:26:08.115 32547 32560 I art     : Starting a blocking GC Explicit
08-03 17:26:08.137 32547 32560 I art     : Explicit concurrent mark sweep GC freed 88(1536B) AllocSpace objects, 0(0B) LOS objects, 29% free, 38MB/54MB, paused 439us total 21.682ms
08-03 17:26:08.146 32547 32560 I art     : Starting a blocking GC Explicit
08-03 17:26:08.168 32547 32560 I art     : Explicit concurrent mark sweep GC freed 146(2480B) AllocSpace objects, 0(0B) LOS objects, 29% free, 38MB/54MB, paused 306us total 21.427ms
08-03 17:26:08.177 32547 32560 I art     : Starting a blocking GC Explicit
08-03 17:26:08.199 32547 32560 I art     : Explicit concurrent mark sweep GC freed 147(2496B) AllocSpace objects, 0(0B) LOS objects, 29% free, 38MB/54MB, paused 302us total 21.895ms
08-03 17:26:08.494 32547 32558 I art     : Starting a blocking GC Explicit
08-03 17:26:08.517 32547 32558 I art     : Explicit concurrent mark sweep GC freed 2793(105KB) AllocSpace objects, 2(40KB) LOS objects, 29% free, 38MB/54MB, paused 328us total 23.095ms
08-03 17:26:08.527 32547 32558 I art     : Starting a blocking GC Explicit
08-03 17:26:08.549 32547 32558 I art     : Explicit concurrent mark sweep GC freed 166(3KB) AllocSpace objects, 0(0B) LOS objects, 29% free, 38MB/54MB, paused 319us total 21.898ms
08-03 17:26:08.559 32547 32558 I art     : Starting a blocking GC Explicit
08-03 17:26:08.578 32547 32558 I art     : Explicit concurrent mark sweep GC freed 147(2496B) AllocSpace objects, 0(0B) LOS objects, 29% free, 38MB/54MB, paused 290us total 19.310ms
08-03 17:26:08.587 32547 32558 I art     : Starting a blocking GC Explicit
08-03 17:26:08.608 32547 32558 I art     : Explicit concurrent mark sweep GC freed 146(2464B) AllocSpace objects, 0(0B) LOS objects, 29% free, 38MB/54MB, paused 302us total 20.984ms
08-03 17:26:08.617 32547 32558 I art     : Starting a blocking GC Explicit
08-03 17:26:08.638 32547 32558 I art     : Explicit concurrent mark sweep GC freed 78(1360B) AllocSpace objects, 0(0B) LOS objects, 29% free, 38MB/54MB, paused 434us total 20.460ms
08-03 17:26:08.693   790   790 D AndroidRuntime: >>>>>> START com.android.internal.os.RuntimeInit uid 2000 <<<<<<
08-03 17:26:08.697   790   790 D AndroidRuntime: CheckJNI is OFF
08-03 17:26:08.724   790   790 D ICU     : No timezone override file found: /data/misc/zoneinfo/current/icu/icu_tzdata.dat
08-03 17:26:08.750   790   790 I Radio-JNI: register_android_hardware_Radio DONE
08-03 17:26:08.767   790   790 D AndroidRuntime: Calling main entry com.android.commands.input.Input
08-03 17:26:08.769   790   790 I Input   : injectKeyEvent: KeyEvent { action=ACTION_DOWN, keyCode=KEYCODE_BACK, scanCode=0, metaState=0, flags=0x0, repeatCount=0, eventTime=638785182, downTime=638785182, deviceId=-1, source=0x101 }
08-03 17:26:08.778   790   790 I Input   : injectKeyEvent: KeyEvent { action=ACTION_UP, keyCode=KEYCODE_BACK, scanCode=0, metaState=0, flags=0x0, repeatCount=0, eventTime=638785182, downTime=638785182, deviceId=-1, source=0x101 }
08-03 17:26:08.784   790   790 D AndroidRuntime: Shutting down VM
08-03 17:26:08.822 13866 13866 I GoogleInputMethodServic: GoogleInputMethodService.onFinishInput():3138 
08-03 17:26:08.823 13866 13866 I GoogleInputMethodServic: GoogleInputMethodService.onStartInput():1808 
08-03 17:26:08.908 32547 32558 I art     : Starting a blocking GC Explicit
08-03 17:26:08.928   918  3261 D WifiStateMachine: starting scan for "H369AA63323"WPA_PSK with 2412,5180
08-03 17:26:08.929 32547 32558 I art     : Explicit concurrent mark sweep GC freed 2753(107KB) AllocSpace objects, 2(40KB) LOS objects, 29% free, 38MB/54MB, paused 297us total 21.571ms
08-03 17:26:08.939 32547 32558 I art     : Starting a blocking GC Explicit
08-03 17:26:08.963 32547 32558 I art     : Explicit concurrent mark sweep GC freed 170(3KB) AllocSpace objects, 0(0B) LOS objects, 29% free, 38MB/54MB, paused 327us total 23.955ms
08-03 17:26:08.973 32547 32558 I art     : Starting a blocking GC Explicit
08-03 17:26:09.000 32547 32558 I art     : Explicit concurrent mark sweep GC freed 147(2496B) AllocSpace objects, 0(0B) LOS objects, 29% free, 38MB/54MB, paused 380us total 27.328ms
08-03 17:26:09.011 32547 32558 I art     : Starting a blocking GC Explicit
08-03 17:26:09.036 32547 32558 I art     : Explicit concurrent mark sweep GC freed 147(2496B) AllocSpace objects, 0(0B) LOS objects, 29% free, 38MB/54MB, paused 320us total 25.102ms
08-03 17:26:09.048 32547 32558 I art     : Starting a blocking GC Explicit
08-03 17:26:09.069 32547 32558 I art     : Explicit concurrent mark sweep GC freed 147(2496B) AllocSpace objects, 0(0B) LOS objects, 29% free, 38MB/54MB, paused 309us total 21.088ms
08-03 17:26:09.121   380   380 W SurfaceFlinger: couldn't log to binary event log: overflow.
08-03 17:26:09.374 32547 32618 I art     : Starting a blocking GC Explicit
08-03 17:26:09.400 32547 32618 I art     : Explicit concurrent mark sweep GC freed 2505(101KB) AllocSpace objects, 3(228KB) LOS objects, 29% free, 38MB/54MB, paused 344us total 26.339ms
08-03 17:26:09.411 32547 32618 I art     : Starting a blocking GC Explicit
08-03 17:26:09.431 32547 32618 I art     : Explicit concurrent mark sweep GC freed 831(36KB) AllocSpace objects, 0(0B) LOS objects, 29% free, 38MB/54MB, paused 300us total 19.996ms
08-03 17:26:09.441 32547 32618 I art     : Starting a blocking GC Explicit
08-03 17:26:09.459 32547 32618 I art     : Explicit concurrent mark sweep GC freed 4056(305KB) AllocSpace objects, 7(132KB) LOS objects, 29% free, 38MB/54MB, paused 286us total 18.084ms
08-03 17:26:09.468 32547 32618 I art     : Starting a blocking GC Explicit
08-03 17:26:09.485 32547 32618 I art     : Explicit concurrent mark sweep GC freed 51(896B) AllocSpace objects, 0(0B) LOS objects, 29% free, 38MB/54MB, paused 283us total 17.415ms
08-03 17:26:09.494 32547 32618 I art     : Starting a blocking GC Explicit
08-03 17:26:09.511 32547 32618 I art     : Explicit concurrent mark sweep GC freed 99(1696B) AllocSpace objects, 0(0B) LOS objects, 29% free, 38MB/54MB, paused 286us total 17.694ms
08-03 17:26:09.815 32547 32560 I art     : Starting a blocking GC Explicit
08-03 17:26:09.834 32547 32560 I art     : Explicit concurrent mark sweep GC freed 2361(98KB) AllocSpace objects, 2(40KB) LOS objects, 29% free, 38MB/54MB, paused 322us total 18.889ms
08-03 17:26:09.844 32547 32560 I art     : Starting a blocking GC Explicit
08-03 17:26:09.864 32547 32560 I art     : Explicit concurrent mark sweep GC freed 128(2928B) AllocSpace objects, 0(0B) LOS objects, 29% free, 38MB/54MB, paused 300us total 19.938ms
08-03 17:26:09.873 32547 32560 I art     : Starting a blocking GC Explicit
08-03 17:26:09.893 32547 32560 I art     : Explicit concurrent mark sweep GC freed 99(1696B) AllocSpace objects, 0(0B) LOS objects, 29% free, 38MB/54MB, paused 298us total 20.083ms
08-03 17:26:09.902 32547 32560 I art     : Starting a blocking GC Explicit
08-03 17:26:09.922 32547 32560 I art     : Explicit concurrent mark sweep GC freed 63(1088B) AllocSpace objects, 0(0B) LOS objects, 29% free, 38MB/54MB, paused 386us total 20.007ms
08-03 17:26:09.931 32547 32560 I art     : Starting a blocking GC Explicit
08-03 17:26:09.952 32547 32560 I art     : Explicit concurrent mark sweep GC freed 87(1504B) AllocSpace objects, 0(0B) LOS objects, 29% free, 38MB/54MB, paused 304us total 20.626ms
08-03 17:26:10.225 32547 32618 I art     : Starting a blocking GC Explicit
08-03 17:26:10.247 32547 32618 I art     : Explicit concurrent mark sweep GC freed 2289(97KB) AllocSpace objects, 2(40KB) LOS objects, 29% free, 38MB/54MB, paused 390us total 21.741ms
08-03 17:26:10.257 32547 32618 I art     : Starting a blocking GC Explicit
08-03 17:26:10.278 32547 32618 I art     : Explicit concurrent mark sweep GC freed 118(2384B) AllocSpace objects, 0(0B) LOS objects, 29% free, 38MB/54MB, paused 297us total 20.288ms
08-03 17:26:10.287 32547 32618 I art     : Starting a blocking GC Explicit
08-03 17:26:10.307 32547 32618 I art     : Explicit concurrent mark sweep GC freed 81(1376B) AllocSpace objects, 0(0B) LOS objects, 29% free, 38MB/54MB, paused 434us total 20.003ms
08-03 17:26:10.316 32547 32618 I art     : Starting a blocking GC Explicit
08-03 17:26:10.336 32547 32618 I art     : Explicit concurrent mark sweep GC freed 69(1216B) AllocSpace objects, 0(0B) LOS objects, 29% free, 38MB/54MB, paused 297us total 19.540ms
08-03 17:26:10.345 32547 32618 I art     : Starting a blocking GC Explicit
08-03 17:26:10.361   843   843 D AndroidRuntime: >>>>>> START com.android.internal.os.RuntimeInit uid 2000 <<<<<<
08-03 17:26:10.365 32547 32618 I art     : Explicit concurrent mark sweep GC freed 99(1696B) AllocSpace objects, 0(0B) LOS objects, 29% free, 38MB/54MB, paused 304us total 19.647ms
08-03 17:26:10.365   843   843 D AndroidRuntime: CheckJNI is OFF
08-03 17:26:10.391   843   843 D ICU     : No timezone override file found: /data/misc/zoneinfo/current/icu/icu_tzdata.dat
08-03 17:26:10.416   843   843 I Radio-JNI: register_android_hardware_Radio DONE
08-03 17:26:10.431   843   843 D AndroidRuntime: Calling main entry com.android.commands.input.Input
08-03 17:26:10.433   843   843 I Input   : injectMotionEvent: MotionEvent { action=ACTION_DOWN, actionButton=0, id[0]=0, x[0]=504.0, y[0]=1706.0, toolType[0]=TOOL_TYPE_UNKNOWN, buttonState=0, metaState=0, flags=0x0, edgeFlags=0x0, pointerCount=1, historySize=0, eventTime=638786846, downTime=638786846, deviceId=0, source=0x1002 }
08-03 17:26:10.438   843   843 I Input   : injectMotionEvent: MotionEvent { action=ACTION_UP, actionButton=0, id[0]=0, x[0]=504.0, y[0]=1706.0, toolType[0]=TOOL_TYPE_UNKNOWN, buttonState=0, metaState=0, flags=0x0, edgeFlags=0x0, pointerCount=1, historySize=0, eventTime=638786846, downTime=638786846, deviceId=0, source=0x1002 }
08-03 17:26:10.440   843   843 D AndroidRuntime: Shutting down VM
08-03 17:26:10.442   512  2967 D audio_hw_primary: out_set_parameters: enter: usecase(1: low-latency-playback) kvpairs: routing=2
08-03 17:26:10.444   918  3359 I ActivityManager: START u0 {cmp=baseline.io.github.project_travel_mate/.destinations.funfacts.FunFactsActivity (has extras)} from uid 10623 on display 0
08-03 17:26:10.455   512  2967 D audio_hw_primary: select_devices: out_snd_device(2: speaker) in_snd_device(0: none)
08-03 17:26:10.455   512  2967 D msm8974_platform: platform_send_audio_calibration: sending audio calibration for snd_device(2) acdb_id(15)
08-03 17:26:10.455   512  2967 I soundtrigger: audio_extn_sound_trigger_update_device_status: device 0x2 of type 0 for Event 1
08-03 17:26:10.461 32547 32613 D Gabe    : call	returning from cache
08-03 17:26:10.463 32547 32547 V EXECUTING: https://project-travel-mate.herokuapp.com/api/get-city-facts/1
08-03 17:26:10.466   512  2967 D audio_hw_primary: enable_snd_device: snd_device(2: speaker)
08-03 17:26:10.468   512  2967 D audio_hw_primary: enable_audio_route: apply and update mixer path: low-latency-playback speaker
08-03 17:26:10.584   918   936 I ActivityManager: Displayed baseline.io.github.project_travel_mate/.destinations.funfacts.FunFactsActivity: +133ms
08-03 17:26:10.585 13866 13866 I GoogleInputMethodServic: GoogleInputMethodService.onFinishInput():3138 
08-03 17:26:10.585 13866 13866 I GoogleInputMethodServic: GoogleInputMethodService.onStartInput():1808 
08-03 17:26:10.632 32547 32558 I art     : Starting a blocking GC Explicit
08-03 17:26:10.654 32547 32558 I art     : Explicit concurrent mark sweep GC freed 4101(284KB) AllocSpace objects, 2(40KB) LOS objects, 27% free, 42MB/58MB, paused 411us total 21.857ms
08-03 17:26:10.664 32547 32558 I art     : Starting a blocking GC Explicit
08-03 17:26:10.684 32547 32558 I art     : Explicit concurrent mark sweep GC freed 272(8KB) AllocSpace objects, 0(0B) LOS objects, 27% free, 42MB/58MB, paused 337us total 20.302ms
08-03 17:26:10.694 32547 32558 I art     : Starting a blocking GC Explicit
08-03 17:26:10.714 32547 32558 I art     : Explicit concurrent mark sweep GC freed 147(2496B) AllocSpace objects, 0(0B) LOS objects, 27% free, 42MB/58MB, paused 326us total 20.073ms
08-03 17:26:10.724 32547 32558 I art     : Starting a blocking GC Explicit
08-03 17:26:10.744 32547 32558 I art     : Explicit concurrent mark sweep GC freed 147(2496B) AllocSpace objects, 0(0B) LOS objects, 27% free, 42MB/58MB, paused 330us total 19.906ms
08-03 17:26:10.753 32547 32558 I art     : Starting a blocking GC Explicit
08-03 17:26:10.776 32547 32558 I art     : Explicit concurrent mark sweep GC freed 147(2496B) AllocSpace objects, 0(0B) LOS objects, 27% free, 42MB/58MB, paused 328us total 21.997ms
08-03 17:26:10.840   380   380 W SurfaceFlinger: couldn't log to binary event log: overflow.
08-03 17:26:11.008   512  2967 D audio_hw_primary: disable_audio_route: reset and update mixer path: low-latency-playback speaker
08-03 17:26:11.009   512  2967 D audio_hw_primary: disable_snd_device: snd_device(2: speaker)
08-03 17:26:11.016   512  2967 I soundtrigger: audio_extn_sound_trigger_update_device_status: device 0x2 of type 0 for Event 0
08-03 17:26:11.045 32547   867 I NAPPA_EXPERIMENTATION: MetricNetworkRequestExecutionTime: REQUEST_DURATION_SYSTEM='581',REQUEST_DURATION_OKHTTP='40',REQUEST_SYNCHRONOUS='FALSE',RESPONSE_CODE='200',RESPONSE_METHOD='GET',RESPONSE_LENGTH_OKHTTP='1793',RESPONSE_LENGTH_HEADER='1793',REQUEST_PROTOCOL='http/1.1',REQUEST_URL='https://project-travel-mate.herokuapp.com/api/get-city-facts/1',
08-03 17:26:11.048 32547   867 V EXECUTING: https://project-travel-mate.herokuapp.com/api/get-city-images/1
08-03 17:26:11.077 32547 32558 I art     : Starting a blocking GC Explicit
08-03 17:26:11.100 32547 32558 I art     : Explicit concurrent mark sweep GC freed 5702(282KB) AllocSpace objects, 5(240KB) LOS objects, 27% free, 43MB/59MB, paused 542us total 22.596ms
08-03 17:26:11.109 32547 32558 I art     : Starting a blocking GC Explicit
08-03 17:26:11.130 32547 32558 I art     : Explicit concurrent mark sweep GC freed 1094(119KB) AllocSpace objects, 0(0B) LOS objects, 27% free, 43MB/59MB, paused 536us total 20.582ms
08-03 17:26:11.139 32547 32558 I art     : Starting a blocking GC Explicit
08-03 17:26:11.159 32547 32558 I art     : Explicit concurrent mark sweep GC freed 17(320B) AllocSpace objects, 0(0B) LOS objects, 27% free, 43MB/59MB, paused 340us total 20.114ms
08-03 17:26:11.169 32547 32558 I art     : Starting a blocking GC Explicit
08-03 17:26:11.190 32547 32558 I art     : Explicit concurrent mark sweep GC freed 128(2144B) AllocSpace objects, 0(0B) LOS objects, 27% free, 43MB/59MB, paused 453us total 20.824ms
08-03 17:26:11.200 32547 32558 I art     : Starting a blocking GC Explicit
08-03 17:26:11.220 32547 32558 I art     : Explicit concurrent mark sweep GC freed 125(2144B) AllocSpace objects, 0(0B) LOS objects, 27% free, 43MB/59MB, paused 558us total 20.793ms
08-03 17:26:11.515 32547 32560 I art     : Starting a blocking GC Explicit
08-03 17:26:11.536 32547   912 I NAPPA_EXPERIMENTATION: MetricNetworkRequestExecutionTime: REQUEST_DURATION_SYSTEM='487',REQUEST_DURATION_OKHTTP='41',REQUEST_SYNCHRONOUS='FALSE',RESPONSE_CODE='200',RESPONSE_METHOD='GET',RESPONSE_LENGTH_OKHTTP='183',RESPONSE_LENGTH_HEADER='183',REQUEST_PROTOCOL='http/1.1',REQUEST_URL='https://project-travel-mate.herokuapp.com/api/get-city-images/1',
08-03 17:26:11.537 32547 32560 I art     : Explicit concurrent mark sweep GC freed 4999(232KB) AllocSpace objects, 5(240KB) LOS objects, 26% free, 43MB/59MB, paused 514us total 21.657ms
08-03 17:26:11.546 32547 32560 I art     : Starting a blocking GC Explicit
08-03 17:26:11.567 32547 32560 I art     : Explicit concurrent mark sweep GC freed 1085(128KB) AllocSpace objects, 0(0B) LOS objects, 26% free, 43MB/59MB, paused 388us total 20.169ms
08-03 17:26:11.569 32547   912 V RESPONSE: [{"id":17,"image_url":"https://upload.wikimedia.org/wikipedia/commons/9/94/%E0%B4%96%E0%B5%81%E0%B4%A4%E0%B5%8D%E0%B4%AC%E0%B5%8D_%E0%B4%AE%E0%B4%BF%E0%B4%A8%E0%B4%BE%E0%B5%BC1.jpg"}]
08-03 17:26:11.576 32547 32560 I art     : Starting a blocking GC Explicit
08-03 17:26:11.597 32547 32560 I art     : Explicit concurrent mark sweep GC freed 258(8KB) AllocSpace objects, 0(0B) LOS objects, 26% free, 43MB/59MB, paused 688us total 21.135ms
08-03 17:26:11.607 32547 32560 I art     : Starting a blocking GC Explicit
08-03 17:26:11.629 32547 32560 I art     : Explicit concurrent mark sweep GC freed 3144(161KB) AllocSpace objects, 0(0B) LOS objects, 26% free, 43MB/59MB, paused 806us total 22.168ms
08-03 17:26:11.638 32547 32560 I art     : Starting a blocking GC Explicit
08-03 17:26:11.658 32547 32560 I art     : Explicit concurrent mark sweep GC freed 408(41KB) AllocSpace objects, 0(0B) LOS objects, 26% free, 43MB/59MB, paused 320us total 19.475ms
08-03 17:26:11.974 32547 32560 I art     : Starting a blocking GC Explicit
08-03 17:26:11.999 32547 32560 I art     : Explicit concurrent mark sweep GC freed 2784(106KB) AllocSpace objects, 3(4MB) LOS objects, 28% free, 39MB/55MB, paused 355us total 24.829ms
08-03 17:26:12.008 32547 32560 I art     : Starting a blocking GC Explicit
08-03 17:26:12.032 32547 32560 I art     : Explicit concurrent mark sweep GC freed 166(3KB) AllocSpace objects, 0(0B) LOS objects, 28% free, 39MB/55MB, paused 350us total 23.420ms
08-03 17:26:12.041 32547 32560 I art     : Starting a blocking GC Explicit
08-03 17:26:12.064 32547 32560 I art     : Explicit concurrent mark sweep GC freed 147(2496B) AllocSpace objects, 0(0B) LOS objects, 28% free, 39MB/55MB, paused 395us total 22.478ms
08-03 17:26:12.074 32547 32560 I art     : Starting a blocking GC Explicit
08-03 17:26:12.097 32547 32560 I art     : Explicit concurrent mark sweep GC freed 148(2528B) AllocSpace objects, 0(0B) LOS objects, 28% free, 39MB/55MB, paused 364us total 23.196ms
08-03 17:26:12.106 32547 32560 I art     : Starting a blocking GC Explicit
08-03 17:26:12.129 32547 32560 I art     : Explicit concurrent mark sweep GC freed 147(2496B) AllocSpace objects, 0(0B) LOS objects, 28% free, 39MB/55MB, paused 309us total 22.608ms
08-03 17:26:12.473 32547 32558 I art     : Starting a blocking GC Explicit
08-03 17:26:12.498 32547 32558 I art     : Explicit concurrent mark sweep GC freed 3011(108KB) AllocSpace objects, 2(40KB) LOS objects, 28% free, 39MB/55MB, paused 352us total 24.481ms
08-03 17:26:12.508 32547 32558 I art     : Starting a blocking GC Explicit
08-03 17:26:12.531 32547 32558 I art     : Explicit concurrent mark sweep GC freed 165(3KB) AllocSpace objects, 0(0B) LOS objects, 28% free, 39MB/55MB, paused 338us total 22.884ms
08-03 17:26:12.540 32547 32558 I art     : Starting a blocking GC Explicit
08-03 17:26:12.563 32547 32558 I art     : Explicit concurrent mark sweep GC freed 148(2528B) AllocSpace objects, 0(0B) LOS objects, 28% free, 39MB/55MB, paused 343us total 22.563ms
08-03 17:26:12.573 32547 32558 I art     : Starting a blocking GC Explicit
08-03 17:26:12.595 32547 32558 I art     : Explicit concurrent mark sweep GC freed 153(2896B) AllocSpace objects, 0(0B) LOS objects, 28% free, 39MB/55MB, paused 358us total 22.734ms
08-03 17:26:12.605 32547 32558 I art     : Starting a blocking GC Explicit
08-03 17:26:12.628 32547 32558 I art     : Explicit concurrent mark sweep GC freed 159(3KB) AllocSpace objects, 0(0B) LOS objects, 28% free, 39MB/55MB, paused 336us total 22.591ms
08-03 17:26:12.713   518   646 I ThermalEngine: ACTION: GPU - Setting GPU[0] to 510000000
08-03 17:26:12.931 32547 32618 I art     : Starting a blocking GC Explicit
08-03 17:26:12.961 32547 32618 I art     : Explicit concurrent mark sweep GC freed 2848(106KB) AllocSpace objects, 2(40KB) LOS objects, 28% free, 39MB/55MB, paused 573us total 29.556ms
08-03 17:26:12.974 32547 32618 I art     : Starting a blocking GC Explicit
08-03 17:26:13.002 32547 32618 I art     : Explicit concurrent mark sweep GC freed 195(3KB) AllocSpace objects, 0(0B) LOS objects, 28% free, 39MB/55MB, paused 465us total 27.605ms
08-03 17:26:13.014 32547 32618 I art     : Starting a blocking GC Explicit
08-03 17:26:13.042 32547 32618 I art     : Explicit concurrent mark sweep GC freed 147(2496B) AllocSpace objects, 0(0B) LOS objects, 28% free, 39MB/55MB, paused 476us total 27.504ms
08-03 17:26:13.054 32547 32618 I art     : Starting a blocking GC Explicit
08-03 17:26:13.082 32547 32618 I art     : Explicit concurrent mark sweep GC freed 219(3KB) AllocSpace objects, 0(0B) LOS objects, 28% free, 39MB/55MB, paused 476us total 27.655ms
08-03 17:26:13.095 32547 32618 I art     : Starting a blocking GC Explicit
08-03 17:26:13.119   969   969 D AndroidRuntime: >>>>>> START com.android.internal.os.RuntimeInit uid 2000 <<<<<<
08-03 17:26:13.123 32547 32618 I art     : Explicit concurrent mark sweep GC freed 147(2496B) AllocSpace objects, 0(0B) LOS objects, 28% free, 39MB/55MB, paused 455us total 28.207ms
08-03 17:26:13.124   969   969 D AndroidRuntime: CheckJNI is OFF
08-03 17:26:13.158   969   969 D ICU     : No timezone override file found: /data/misc/zoneinfo/current/icu/icu_tzdata.dat
08-03 17:26:13.191   969   969 I Radio-JNI: register_android_hardware_Radio DONE
08-03 17:26:13.213   969   969 D AndroidRuntime: Calling main entry com.android.commands.input.Input
08-03 17:26:13.215   969   969 I Input   : injectKeyEvent: KeyEvent { action=ACTION_DOWN, keyCode=KEYCODE_BACK, scanCode=0, metaState=0, flags=0x0, repeatCount=0, eventTime=638789628, downTime=638789628, deviceId=-1, source=0x101 }
08-03 17:26:13.221   969   969 I Input   : injectKeyEvent: KeyEvent { action=ACTION_UP, keyCode=KEYCODE_BACK, scanCode=0, metaState=0, flags=0x0, repeatCount=0, eventTime=638789628, downTime=638789628, deviceId=-1, source=0x101 }
08-03 17:26:13.227   969   969 D AndroidRuntime: Shutting down VM
08-03 17:26:13.269 13866 13866 I GoogleInputMethodServic: GoogleInputMethodService.onFinishInput():3138 
08-03 17:26:13.269 13866 13866 I GoogleInputMethodServic: GoogleInputMethodService.onStartInput():1808 
08-03 17:26:13.414 32547 32618 I art     : Starting a blocking GC Explicit
08-03 17:26:13.446 32547 32618 I art     : Explicit concurrent mark sweep GC freed 2899(109KB) AllocSpace objects, 2(40KB) LOS objects, 28% free, 39MB/55MB, paused 562us total 31.516ms
08-03 17:26:13.459 32547 32618 I art     : Starting a blocking GC Explicit
08-03 17:26:13.486 32547 32618 I art     : Explicit concurrent mark sweep GC freed 241(4KB) AllocSpace objects, 0(0B) LOS objects, 28% free, 39MB/55MB, paused 414us total 26.897ms
08-03 17:26:13.499 32547 32618 I art     : Starting a blocking GC Explicit
08-03 17:26:13.525 32547 32618 I art     : Explicit concurrent mark sweep GC freed 148(2528B) AllocSpace objects, 0(0B) LOS objects, 28% free, 39MB/55MB, paused 443us total 26.271ms
08-03 17:26:13.538 32547 32618 I art     : Starting a blocking GC Explicit
08-03 17:26:13.564 32547 32618 I art     : Explicit concurrent mark sweep GC freed 219(3KB) AllocSpace objects, 0(0B) LOS objects, 28% free, 39MB/55MB, paused 413us total 25.504ms
08-03 17:26:13.576 32547 32618 I art     : Starting a blocking GC Explicit
08-03 17:26:13.577   380   380 W SurfaceFlinger: couldn't log to binary event log: overflow.
08-03 17:26:13.604 32547 32618 I art     : Explicit concurrent mark sweep GC freed 922(38KB) AllocSpace objects, 2(364KB) LOS objects, 29% free, 38MB/54MB, paused 485us total 27.710ms
08-03 17:26:13.826   918 13198 D NetlinkSocketObserver: NeighborEvent{elapsedMs=1622177701, 192.168.2.254, [7C3953A63323], RTM_NEWNEIGH, NUD_STALE}
08-03 17:26:13.946 32547 32558 I art     : Starting a blocking GC Explicit
08-03 17:26:13.979 32547 32558 I art     : Explicit concurrent mark sweep GC freed 2601(107KB) AllocSpace objects, 2(40KB) LOS objects, 29% free, 38MB/54MB, paused 488us total 31.929ms
08-03 17:26:13.991 32547 32558 I art     : Starting a blocking GC Explicit
08-03 17:26:14.019 32547 32558 I art     : Explicit concurrent mark sweep GC freed 5455(262KB) AllocSpace objects, 1(28KB) LOS objects, 29% free, 38MB/54MB, paused 458us total 27.431ms
08-03 17:26:14.031 32547 32558 I art     : Starting a blocking GC Explicit
08-03 17:26:14.058 32547 32558 I art     : Explicit concurrent mark sweep GC freed 99(1696B) AllocSpace objects, 0(0B) LOS objects, 29% free, 38MB/54MB, paused 457us total 26.490ms
08-03 17:26:14.070 32547 32558 I art     : Starting a blocking GC Explicit
08-03 17:26:14.098 32547 32558 I art     : Explicit concurrent mark sweep GC freed 147(2496B) AllocSpace objects, 0(0B) LOS objects, 29% free, 38MB/54MB, paused 483us total 27.357ms
08-03 17:26:14.110 32547 32558 I art     : Starting a blocking GC Explicit
08-03 17:26:14.138 32547 32558 I art     : Explicit concurrent mark sweep GC freed 98(1664B) AllocSpace objects, 0(0B) LOS objects, 29% free, 38MB/54MB, paused 478us total 27.437ms
08-03 17:26:14.476 32547  1003 I art     : Starting a blocking GC Explicit
08-03 17:26:14.502 32547  1003 I art     : Explicit concurrent mark sweep GC freed 2485(100KB) AllocSpace objects, 2(40KB) LOS objects, 29% free, 38MB/54MB, paused 486us total 25.882ms
08-03 17:26:14.514 32547  1003 I art     : Starting a blocking GC Explicit
08-03 17:26:14.540 32547  1003 I art     : Explicit concurrent mark sweep GC freed 118(2384B) AllocSpace objects, 0(0B) LOS objects, 29% free, 38MB/54MB, paused 456us total 25.798ms
08-03 17:26:14.552 32547  1003 I art     : Starting a blocking GC Explicit
08-03 17:26:14.578 32547  1003 I art     : Explicit concurrent mark sweep GC freed 108(1840B) AllocSpace objects, 0(0B) LOS objects, 29% free, 38MB/54MB, paused 576us total 25.647ms
08-03 17:26:14.591 32547  1003 I art     : Starting a blocking GC Explicit
08-03 17:26:14.616 32547  1003 I art     : Explicit concurrent mark sweep GC freed 138(2352B) AllocSpace objects, 0(0B) LOS objects, 29% free, 38MB/54MB, paused 448us total 25.172ms
08-03 17:26:14.628 32547  1003 I art     : Starting a blocking GC Explicit
08-03 17:26:14.655 32547  1003 I art     : Explicit concurrent mark sweep GC freed 98(1664B) AllocSpace objects, 0(0B) LOS objects, 29% free, 38MB/54MB, paused 478us total 26.017ms
08-03 17:26:14.865  1024  1024 D AndroidRuntime: >>>>>> START com.android.internal.os.RuntimeInit uid 2000 <<<<<<
08-03 17:26:14.869  1024  1024 D AndroidRuntime: CheckJNI is OFF
08-03 17:26:14.902  1024  1024 D ICU     : No timezone override file found: /data/misc/zoneinfo/current/icu/icu_tzdata.dat
08-03 17:26:14.935  1024  1024 I Radio-JNI: register_android_hardware_Radio DONE
08-03 17:26:14.957  1024  1024 D AndroidRuntime: Calling main entry com.android.commands.input.Input
08-03 17:26:14.959  1024  1024 I Input   : injectMotionEvent: MotionEvent { action=ACTION_DOWN, actionButton=0, id[0]=0, x[0]=504.0, y[0]=1706.0, toolType[0]=TOOL_TYPE_UNKNOWN, buttonState=0, metaState=0, flags=0x0, edgeFlags=0x0, pointerCount=1, historySize=0, eventTime=638791371, downTime=638791371, deviceId=0, source=0x1002 }
08-03 17:26:14.966  1024  1024 I Input   : injectMotionEvent: MotionEvent { action=ACTION_UP, actionButton=0, id[0]=0, x[0]=504.0, y[0]=1706.0, toolType[0]=TOOL_TYPE_UNKNOWN, buttonState=0, metaState=0, flags=0x0, edgeFlags=0x0, pointerCount=1, historySize=0, eventTime=638791371, downTime=638791371, deviceId=0, source=0x1002 }
08-03 17:26:14.966 32547 32560 I art     : Starting a blocking GC Explicit
08-03 17:26:14.967  1024  1024 D AndroidRuntime: Shutting down VM
08-03 17:26:14.969   512  2967 D audio_hw_primary: out_set_parameters: enter: usecase(1: low-latency-playback) kvpairs: routing=2
08-03 17:26:14.975   918  3714 I ActivityManager: START u0 {cmp=baseline.io.github.project_travel_mate/.destinations.funfacts.FunFactsActivity (has extras)} from uid 10623 on display 0
08-03 17:26:14.983   512  2967 D audio_hw_primary: select_devices: out_snd_device(2: speaker) in_snd_device(0: none)
08-03 17:26:14.984   512  2967 D msm8974_platform: platform_send_audio_calibration: sending audio calibration for snd_device(2) acdb_id(15)
08-03 17:26:14.984   512  2967 I soundtrigger: audio_extn_sound_trigger_update_device_status: device 0x2 of type 0 for Event 1
08-03 17:26:14.994 32547 32560 I art     : Explicit concurrent mark sweep GC freed 3544(220KB) AllocSpace objects, 2(40KB) LOS objects, 29% free, 38MB/54MB, paused 776us total 27.713ms
08-03 17:26:14.995   512  2967 D audio_hw_primary: enable_snd_device: snd_device(2: speaker)
08-03 17:26:14.997 32547 32613 D Gabe    : call	returning from cache
08-03 17:26:14.997   512  2967 D audio_hw_primary: enable_audio_route: apply and update mixer path: low-latency-playback speaker
08-03 17:26:15.002 32547 32547 V EXECUTING: https://project-travel-mate.herokuapp.com/api/get-city-facts/1
08-03 17:26:15.009 32547 32560 I art     : Starting a blocking GC Explicit
08-03 17:26:15.033 32547 32560 I art     : Explicit concurrent mark sweep GC freed 1699(139KB) AllocSpace objects, 0(0B) LOS objects, 29% free, 38MB/54MB, paused 551us total 23.847ms
08-03 17:26:15.044 32547 32560 I art     : Starting a blocking GC Explicit
08-03 17:26:15.067 32547 32560 I art     : Explicit concurrent mark sweep GC freed 119(5KB) AllocSpace objects, 0(0B) LOS objects, 29% free, 38MB/54MB, paused 630us total 23.253ms
08-03 17:26:15.079 32547 32560 I art     : Starting a blocking GC Explicit
08-03 17:26:15.107 32547 32560 I art     : Explicit concurrent mark sweep GC freed 513(16KB) AllocSpace objects, 0(0B) LOS objects, 27% free, 42MB/58MB, paused 689us total 27.037ms
08-03 17:26:15.120 32547 32560 I art     : Starting a blocking GC Explicit
08-03 17:26:15.144 32547 32560 I art     : Explicit concurrent mark sweep GC freed 12(384B) AllocSpace objects, 0(0B) LOS objects, 27% free, 42MB/58MB, paused 497us total 24.713ms
08-03 17:26:15.151 13866 13866 I GoogleInputMethodServic: GoogleInputMethodService.onFinishInput():3138 
08-03 17:26:15.151 13866 13866 I GoogleInputMethodServic: GoogleInputMethodService.onStartInput():1808 
08-03 17:26:15.152   918   936 I ActivityManager: Displayed baseline.io.github.project_travel_mate/.destinations.funfacts.FunFactsActivity: +168ms
08-03 17:26:15.395   380   380 W SurfaceFlinger: couldn't log to binary event log: overflow.
08-03 17:26:15.433 32547 32560 I art     : Starting a blocking GC Explicit
08-03 17:26:15.458 32547 32560 I art     : Explicit concurrent mark sweep GC freed 2497(101KB) AllocSpace objects, 2(40KB) LOS objects, 27% free, 42MB/58MB, paused 510us total 25.157ms
08-03 17:26:15.470 32547 32560 I art     : Starting a blocking GC Explicit
08-03 17:26:15.498 32547 32560 I art     : Explicit concurrent mark sweep GC freed 2830(137KB) AllocSpace objects, 2(120KB) LOS objects, 26% free, 43MB/59MB, paused 633us total 28.281ms
08-03 17:26:15.510 32547 32560 I art     : Starting a blocking GC Explicit
08-03 17:26:15.528   512  2967 D audio_hw_primary: disable_audio_route: reset and update mixer path: low-latency-playback speaker
08-03 17:26:15.530   512  2967 D audio_hw_primary: disable_snd_device: snd_device(2: speaker)
08-03 17:26:15.531 32547  1051 I NAPPA_EXPERIMENTATION: MetricNetworkRequestExecutionTime: REQUEST_DURATION_SYSTEM='528',REQUEST_DURATION_OKHTTP='40',REQUEST_SYNCHRONOUS='FALSE',RESPONSE_CODE='200',RESPONSE_METHOD='GET',RESPONSE_LENGTH_OKHTTP='1793',RESPONSE_LENGTH_HEADER='1793',REQUEST_PROTOCOL='http/1.1',REQUEST_URL='https://project-travel-mate.herokuapp.com/api/get-city-facts/1',
08-03 17:26:15.532 32547  1051 V EXECUTING: https://project-travel-mate.herokuapp.com/api/get-city-images/1
08-03 17:26:15.540 32547 32560 I art     : Explicit concurrent mark sweep GC freed 1551(155KB) AllocSpace objects, 1(80KB) LOS objects, 27% free, 43MB/59MB, paused 811us total 29.166ms
08-03 17:26:15.540   512  2967 I soundtrigger: audio_extn_sound_trigger_update_device_status: device 0x2 of type 0 for Event 0
08-03 17:26:15.554 32547 32560 I art     : Starting a blocking GC Explicit
08-03 17:26:15.580 32547 32560 I art     : Explicit concurrent mark sweep GC freed 190(11KB) AllocSpace objects, 0(0B) LOS objects, 27% free, 43MB/59MB, paused 871us total 26.607ms
08-03 17:26:15.593 32547 32560 I art     : Starting a blocking GC Explicit
08-03 17:26:15.619 32547 32560 I art     : Explicit concurrent mark sweep GC freed 137(3KB) AllocSpace objects, 0(0B) LOS objects, 26% free, 43MB/59MB, paused 684us total 25.755ms
08-03 17:26:15.931 32547  1003 I art     : Starting a blocking GC Explicit
08-03 17:26:15.958 32547  1003 I art     : Explicit concurrent mark sweep GC freed 2229(96KB) AllocSpace objects, 2(40KB) LOS objects, 26% free, 43MB/59MB, paused 866us total 26.190ms
08-03 17:26:15.970 32547  1003 I art     : Starting a blocking GC Explicit
08-03 17:26:15.997 32547  1003 I art     : Explicit concurrent mark sweep GC freed 104(2912B) AllocSpace objects, 0(0B) LOS objects, 26% free, 43MB/59MB, paused 815us total 26.351ms
08-03 17:26:16.009 32547  1003 I art     : Starting a blocking GC Explicit
08-03 17:26:16.035 32547  1003 I art     : Explicit concurrent mark sweep GC freed 131(2192B) AllocSpace objects, 0(0B) LOS objects, 26% free, 43MB/59MB, paused 707us total 25.555ms
08-03 17:26:16.048 32547  1003 I art     : Starting a blocking GC Explicit
08-03 17:26:16.074 32547  1003 I art     : Explicit concurrent mark sweep GC freed 26(464B) AllocSpace objects, 0(0B) LOS objects, 26% free, 43MB/59MB, paused 717us total 26.572ms
08-03 17:26:16.087 32547  1003 I art     : Starting a blocking GC Explicit
08-03 17:26:16.113 32547  1003 I art     : Explicit concurrent mark sweep GC freed 123(2064B) AllocSpace objects, 0(0B) LOS objects, 26% free, 43MB/59MB, paused 655us total 26.279ms
08-03 17:26:16.356 32547  1063 I NAPPA_EXPERIMENTATION: MetricNetworkRequestExecutionTime: REQUEST_DURATION_SYSTEM='823',REQUEST_DURATION_OKHTTP='38',REQUEST_SYNCHRONOUS='FALSE',RESPONSE_CODE='200',RESPONSE_METHOD='GET',RESPONSE_LENGTH_OKHTTP='183',RESPONSE_LENGTH_HEADER='183',REQUEST_PROTOCOL='http/1.1',REQUEST_URL='https://project-travel-mate.herokuapp.com/api/get-city-images/1',
08-03 17:26:16.389 32547  1063 V RESPONSE: [{"id":17,"image_url":"https://upload.wikimedia.org/wikipedia/commons/9/94/%E0%B4%96%E0%B5%81%E0%B4%A4%E0%B5%8D%E0%B4%AC%E0%B5%8D_%E0%B4%AE%E0%B4%BF%E0%B4%A8%E0%B4%BE%E0%B5%BC1.jpg"}]
08-03 17:26:16.421 32547 32558 I art     : Starting a blocking GC Explicit
08-03 17:26:16.449 32547 32558 I art     : Explicit concurrent mark sweep GC freed 5066(245KB) AllocSpace objects, 5(240KB) LOS objects, 26% free, 43MB/59MB, paused 679us total 27.619ms
08-03 17:26:16.461 32547 32558 I art     : Starting a blocking GC Explicit
08-03 17:26:16.488 32547 32558 I art     : Explicit concurrent mark sweep GC freed 4005(240KB) AllocSpace objects, 0(0B) LOS objects, 26% free, 43MB/59MB, paused 849us total 26.817ms
08-03 17:26:16.500 32547 32558 I art     : Starting a blocking GC Explicit
08-03 17:26:16.527 32547 32558 I art     : Explicit concurrent mark sweep GC freed 408(12KB) AllocSpace objects, 1(4MB) LOS objects, 28% free, 39MB/55MB, paused 505us total 27.061ms
08-03 17:26:16.539 32547 32558 I art     : Starting a blocking GC Explicit
08-03 17:26:16.565 32547 32558 I art     : Explicit concurrent mark sweep GC freed 261(6KB) AllocSpace objects, 0(0B) LOS objects, 28% free, 39MB/55MB, paused 593us total 26.144ms
08-03 17:26:16.578 32547 32558 I art     : Starting a blocking GC Explicit
08-03 17:26:16.606 32547 32558 I art     : Explicit concurrent mark sweep GC freed 158(2944B) AllocSpace objects, 0(0B) LOS objects, 28% free, 39MB/55MB, paused 524us total 27.888ms
08-03 17:26:16.966 32547  1003 I art     : Starting a blocking GC Explicit
08-03 17:26:16.999 32547  1003 I art     : Explicit concurrent mark sweep GC freed 3111(111KB) AllocSpace objects, 2(40KB) LOS objects, 28% free, 39MB/55MB, paused 697us total 32.410ms
08-03 17:26:17.015 32547  1003 I art     : Starting a blocking GC Explicit
08-03 17:26:17.043 32547  1003 I art     : Explicit concurrent mark sweep GC freed 238(4KB) AllocSpace objects, 0(0B) LOS objects, 28% free, 39MB/55MB, paused 510us total 28.323ms
08-03 17:26:17.055 32547  1003 I art     : Starting a blocking GC Explicit
08-03 17:26:17.084 32547  1003 I art     : Explicit concurrent mark sweep GC freed 219(3KB) AllocSpace objects, 0(0B) LOS objects, 28% free, 39MB/55MB, paused 499us total 28.038ms
08-03 17:26:17.096 32547  1003 I art     : Starting a blocking GC Explicit
08-03 17:26:17.125 32547  1003 I art     : Explicit concurrent mark sweep GC freed 146(2464B) AllocSpace objects, 0(0B) LOS objects, 28% free, 39MB/55MB, paused 512us total 29.200ms
08-03 17:26:17.138 32547  1003 I art     : Starting a blocking GC Explicit
08-03 17:26:17.167 32547  1003 I art     : Explicit concurrent mark sweep GC freed 220(3KB) AllocSpace objects, 0(0B) LOS objects, 28% free, 39MB/55MB, paused 536us total 29.074ms
08-03 17:26:17.477 32547 32618 I art     : Starting a blocking GC Explicit
08-03 17:26:17.507 32547 32618 I art     : Explicit concurrent mark sweep GC freed 2868(106KB) AllocSpace objects, 2(40KB) LOS objects, 28% free, 39MB/55MB, paused 504us total 29.727ms
08-03 17:26:17.520 32547 32618 I art     : Starting a blocking GC Explicit
08-03 17:26:17.550 32547 32618 I art     : Explicit concurrent mark sweep GC freed 225(4KB) AllocSpace objects, 0(0B) LOS objects, 28% free, 39MB/55MB, paused 651us total 29.245ms
08-03 17:26:17.562 32547 32618 I art     : Starting a blocking GC Explicit
08-03 17:26:17.590 32547 32618 I art     : Explicit concurrent mark sweep GC freed 160(2736B) AllocSpace objects, 0(0B) LOS objects, 28% free, 39MB/55MB, paused 493us total 27.997ms
08-03 17:26:17.603 32547 32618 I art     : Starting a blocking GC Explicit
08-03 17:26:17.631 32547 32618 I art     : Explicit concurrent mark sweep GC freed 147(2496B) AllocSpace objects, 0(0B) LOS objects, 28% free, 39MB/55MB, paused 635us total 28.305ms
08-03 17:26:17.643 32547 32618 I art     : Starting a blocking GC Explicit
08-03 17:26:17.660  1098  1098 D AndroidRuntime: >>>>>> START com.android.internal.os.RuntimeInit uid 2000 <<<<<<
08-03 17:26:17.664  1098  1098 D AndroidRuntime: CheckJNI is OFF
08-03 17:26:17.672 32547 32618 I art     : Explicit concurrent mark sweep GC freed 219(3KB) AllocSpace objects, 0(0B) LOS objects, 28% free, 39MB/55MB, paused 518us total 28.546ms
08-03 17:26:17.699  1098  1098 D ICU     : No timezone override file found: /data/misc/zoneinfo/current/icu/icu_tzdata.dat
08-03 17:26:17.731  1098  1098 I Radio-JNI: register_android_hardware_Radio DONE
08-03 17:26:17.753  1098  1098 D AndroidRuntime: Calling main entry com.android.commands.input.Input
08-03 17:26:17.755  1098  1098 I Input   : injectKeyEvent: KeyEvent { action=ACTION_DOWN, keyCode=KEYCODE_BACK, scanCode=0, metaState=0, flags=0x0, repeatCount=0, eventTime=638794168, downTime=638794168, deviceId=-1, source=0x101 }
08-03 17:26:17.760  1098  1098 I Input   : injectKeyEvent: KeyEvent { action=ACTION_UP, keyCode=KEYCODE_BACK, scanCode=0, metaState=0, flags=0x0, repeatCount=0, eventTime=638794168, downTime=638794168, deviceId=-1, source=0x101 }
08-03 17:26:17.766  1098  1098 D AndroidRuntime: Shutting down VM
08-03 17:26:17.810 13866 13866 I GoogleInputMethodServic: GoogleInputMethodService.onFinishInput():3138 
08-03 17:26:17.811 13866 13866 I GoogleInputMethodServic: GoogleInputMethodService.onStartInput():1808 
08-03 17:26:17.972 32547 32558 I art     : Starting a blocking GC Explicit
08-03 17:26:18.011 32547 32558 I art     : Explicit concurrent mark sweep GC freed 2900(109KB) AllocSpace objects, 2(40KB) LOS objects, 28% free, 39MB/55MB, paused 481us total 38.221ms
08-03 17:26:18.026 32547 32558 I art     : Starting a blocking GC Explicit
08-03 17:26:18.061 32547 32558 I art     : Explicit concurrent mark sweep GC freed 242(4KB) AllocSpace objects, 0(0B) LOS objects, 28% free, 39MB/55MB, paused 518us total 35.626ms
08-03 17:26:18.076 32547 32558 I art     : Starting a blocking GC Explicit
08-03 17:26:18.112 32547 32558 I art     : Explicit concurrent mark sweep GC freed 219(3KB) AllocSpace objects, 0(0B) LOS objects, 28% free, 39MB/55MB, paused 510us total 35.998ms
08-03 17:26:18.126 32547 32558 I art     : Starting a blocking GC Explicit
08-03 17:26:18.131   380   380 W SurfaceFlinger: couldn't log to binary event log: overflow.
08-03 17:26:18.155 32547 32558 I art     : Explicit concurrent mark sweep GC freed 965(38KB) AllocSpace objects, 3(644KB) LOS objects, 29% free, 39MB/55MB, paused 494us total 28.772ms
08-03 17:26:18.168 32547 32558 I art     : Starting a blocking GC Explicit
08-03 17:26:18.193 32547 32558 I art     : Explicit concurrent mark sweep GC freed 5522(267KB) AllocSpace objects, 1(28KB) LOS objects, 29% free, 38MB/54MB, paused 493us total 24.869ms
08-03 17:26:18.517 32547 32560 I art     : Starting a blocking GC Explicit
08-03 17:26:18.546 32547 32560 I art     : Explicit concurrent mark sweep GC freed 2433(99KB) AllocSpace objects, 2(40KB) LOS objects, 29% free, 38MB/54MB, paused 493us total 28.077ms
08-03 17:26:18.558 32547 32560 I art     : Starting a blocking GC Explicit
08-03 17:26:18.584 32547 32560 I art     : Explicit concurrent mark sweep GC freed 166(3KB) AllocSpace objects, 0(0B) LOS objects, 29% free, 38MB/54MB, paused 498us total 26.171ms
08-03 17:26:18.596 32547 32560 I art     : Starting a blocking GC Explicit
08-03 17:26:18.622 25614 25614 I Atfwd_Sendcmd: AtCmdFwd service not ready - Exhausted retry attempts - :6
08-03 17:26:18.622 25614 25614 I Atfwd_Daemon: result : -1 	 ,Init step :2 	 ,qmiErrorCode: 0
08-03 17:26:18.623 32547 32560 I art     : Explicit concurrent mark sweep GC freed 122(2736B) AllocSpace objects, 0(0B) LOS objects, 29% free, 38MB/54MB, paused 471us total 26.777ms
08-03 17:26:18.636 32547 32560 I art     : Starting a blocking GC Explicit
08-03 17:26:18.663 32547 32560 I art     : Explicit concurrent mark sweep GC freed 115(2496B) AllocSpace objects, 0(0B) LOS objects, 29% free, 38MB/54MB, paused 506us total 26.387ms
08-03 17:26:18.675 32547 32560 I art     : Starting a blocking GC Explicit
08-03 17:26:18.702 32547 32560 I art     : Explicit concurrent mark sweep GC freed 147(2496B) AllocSpace objects, 0(0B) LOS objects, 29% free, 38MB/54MB, paused 504us total 26.888ms
08-03 17:26:19.043 32547  1003 I art     : Starting a blocking GC Explicit
08-03 17:26:19.071 32547  1003 I art     : Explicit concurrent mark sweep GC freed 2483(100KB) AllocSpace objects, 2(40KB) LOS objects, 29% free, 38MB/54MB, paused 587us total 27.620ms
08-03 17:26:19.084 32547  1003 I art     : Starting a blocking GC Explicit
08-03 17:26:19.109 32547  1003 I art     : Explicit concurrent mark sweep GC freed 118(2384B) AllocSpace objects, 0(0B) LOS objects, 29% free, 38MB/54MB, paused 493us total 25.134ms
08-03 17:26:19.121 32547  1003 I art     : Starting a blocking GC Explicit
08-03 17:26:19.147 32547  1003 I art     : Explicit concurrent mark sweep GC freed 99(1696B) AllocSpace objects, 0(0B) LOS objects, 29% free, 38MB/54MB, paused 485us total 25.617ms
08-03 17:26:19.159 32547  1003 I art     : Starting a blocking GC Explicit
08-03 17:26:19.185 32547  1003 I art     : Explicit concurrent mark sweep GC freed 138(2336B) AllocSpace objects, 0(0B) LOS objects, 29% free, 38MB/54MB, paused 600us total 25.705ms
08-03 17:26:19.197 32547  1003 I art     : Starting a blocking GC Explicit
08-03 17:26:19.223 32547  1003 I art     : Explicit concurrent mark sweep GC freed 108(1856B) AllocSpace objects, 0(0B) LOS objects, 29% free, 38MB/54MB, paused 504us total 26.318ms
08-03 17:26:19.415  1153  1153 D AndroidRuntime: >>>>>> START com.android.internal.os.RuntimeInit uid 2000 <<<<<<
08-03 17:26:19.420  1153  1153 D AndroidRuntime: CheckJNI is OFF
08-03 17:26:19.451  1153  1153 D ICU     : No timezone override file found: /data/misc/zoneinfo/current/icu/icu_tzdata.dat
08-03 17:26:19.483  1153  1153 I Radio-JNI: register_android_hardware_Radio DONE
08-03 17:26:19.505  1153  1153 D AndroidRuntime: Calling main entry com.android.commands.input.Input
08-03 17:26:19.507  1153  1153 I Input   : injectMotionEvent: MotionEvent { action=ACTION_DOWN, actionButton=0, id[0]=0, x[0]=693.0, y[0]=1450.0, toolType[0]=TOOL_TYPE_UNKNOWN, buttonState=0, metaState=0, flags=0x0, edgeFlags=0x0, pointerCount=1, historySize=0, eventTime=638795920, downTime=638795920, deviceId=0, source=0x1002 }
08-03 17:26:19.511  1153  1153 I Input   : injectMotionEvent: MotionEvent { action=ACTION_UP, actionButton=0, id[0]=0, x[0]=693.0, y[0]=1450.0, toolType[0]=TOOL_TYPE_UNKNOWN, buttonState=0, metaState=0, flags=0x0, edgeFlags=0x0, pointerCount=1, historySize=0, eventTime=638795920, downTime=638795920, deviceId=0, source=0x1002 }
08-03 17:26:19.512  1153  1153 D AndroidRuntime: Shutting down VM
08-03 17:26:19.512   918  4413 I ActivityManager: START u0 {cmp=baseline.io.github.project_travel_mate/.destinations.description.CityHistoryActivity} from uid 10623 on display 0
08-03 17:26:19.513   512  2967 D audio_hw_primary: out_set_parameters: enter: usecase(1: low-latency-playback) kvpairs: routing=2
08-03 17:26:19.526   512  2967 D audio_hw_primary: select_devices: out_snd_device(2: speaker) in_snd_device(0: none)
08-03 17:26:19.526   512  2967 D msm8974_platform: platform_send_audio_calibration: sending audio calibration for snd_device(2) acdb_id(15)
08-03 17:26:19.526   512  2967 I soundtrigger: audio_extn_sound_trigger_update_device_status: device 0x2 of type 0 for Event 1
08-03 17:26:19.535   512  2967 D audio_hw_primary: enable_snd_device: snd_device(2: speaker)
08-03 17:26:19.537   512  2967 D audio_hw_primary: enable_audio_route: apply and update mixer path: low-latency-playback speaker
08-03 17:26:19.538 32547 32613 D Gabe    : call	returning from cache
08-03 17:26:19.539 32547 32547 V EXECUTING: https://project-travel-mate.herokuapp.com/api/get-city-information/1
08-03 17:26:19.556 32547  1003 I art     : Starting a blocking GC Explicit
08-03 17:26:19.582 32547  1003 I art     : Explicit concurrent mark sweep GC freed 2939(146KB) AllocSpace objects, 2(40KB) LOS objects, 29% free, 38MB/54MB, paused 536us total 25.204ms
08-03 17:26:19.594 32547  1003 I art     : Starting a blocking GC Explicit
08-03 17:26:19.623 32547  1003 I art     : Explicit concurrent mark sweep GC freed 667(22KB) AllocSpace objects, 0(0B) LOS objects, 27% free, 43MB/59MB, paused 789us total 28.881ms
08-03 17:26:19.637 32547  1003 I art     : Starting a blocking GC Explicit
08-03 17:26:19.664 32547  1003 I art     : Explicit concurrent mark sweep GC freed 51(1936B) AllocSpace objects, 0(0B) LOS objects, 27% free, 43MB/59MB, paused 675us total 26.751ms
08-03 17:26:19.675 32547  1003 I art     : Starting a blocking GC Explicit
08-03 17:26:19.678   918   936 I ActivityManager: Displayed baseline.io.github.project_travel_mate/.destinations.description.CityHistoryActivity: +155ms
08-03 17:26:19.678 13866 13866 I GoogleInputMethodServic: GoogleInputMethodService.onFinishInput():3138 
08-03 17:26:19.679 13866 13866 I GoogleInputMethodServic: GoogleInputMethodService.onStartInput():1808 
08-03 17:26:19.701 32547  1003 I art     : Explicit concurrent mark sweep GC freed 136(2896B) AllocSpace objects, 0(0B) LOS objects, 27% free, 43MB/59MB, paused 779us total 25.829ms
08-03 17:26:19.715 32547  1003 I art     : Starting a blocking GC Explicit
08-03 17:26:19.746 32547  1003 I art     : Explicit concurrent mark sweep GC freed 28(528B) AllocSpace objects, 0(0B) LOS objects, 27% free, 43MB/59MB, paused 700us total 30.257ms
08-03 17:26:19.933   380   380 W SurfaceFlinger: couldn't log to binary event log: overflow.
08-03 17:26:20.035 32547  1177 I NAPPA_EXPERIMENTATION: MetricNetworkRequestExecutionTime: REQUEST_DURATION_SYSTEM='495',REQUEST_DURATION_OKHTTP='39',REQUEST_SYNCHRONOUS='FALSE',RESPONSE_CODE='200',RESPONSE_METHOD='GET',RESPONSE_LENGTH_OKHTTP='55024',RESPONSE_LENGTH_HEADER='55024',REQUEST_PROTOCOL='http/1.1',REQUEST_URL='https://project-travel-mate.herokuapp.com/api/get-city-information/1',
08-03 17:26:20.051 32547 32618 I art     : Starting a blocking GC Explicit
08-03 17:26:20.069   512  2967 D audio_hw_primary: disable_audio_route: reset and update mixer path: low-latency-playback speaker
08-03 17:26:20.070   512  2967 D audio_hw_primary: disable_snd_device: snd_device(2: speaker)
08-03 17:26:20.079   512  2967 I soundtrigger: audio_extn_sound_trigger_update_device_status: device 0x2 of type 0 for Event 0
08-03 17:26:20.086 32547 32618 I art     : Explicit concurrent mark sweep GC freed 5561(252KB) AllocSpace objects, 8(512KB) LOS objects, 26% free, 43MB/59MB, paused 754us total 34.967ms
08-03 17:26:20.098 32547 32618 I art     : Starting a blocking GC Explicit
08-03 17:26:20.126 32547 32618 I art     : Explicit concurrent mark sweep GC freed 984(117KB) AllocSpace objects, 0(0B) LOS objects, 26% free, 43MB/59MB, paused 740us total 27.492ms
08-03 17:26:20.138 32547 32618 I art     : Starting a blocking GC Explicit
08-03 17:26:20.165 32547 32618 I art     : Explicit concurrent mark sweep GC freed 1135(1147KB) AllocSpace objects, 15(392KB) LOS objects, 26% free, 43MB/59MB, paused 836us total 26.449ms
08-03 17:26:20.173 13866 13866 I GoogleInputMethodServic: GoogleInputMethodService.onFinishInput():3138 
08-03 17:26:20.173 13866 13866 I GoogleInputMethodServic: GoogleInputMethodService.onStartInput():1808 
08-03 17:26:20.177 32547 32618 I art     : Starting a blocking GC Explicit
08-03 17:26:20.204 32547 32618 I art     : Explicit concurrent mark sweep GC freed 457(69KB) AllocSpace objects, 2(4MB) LOS objects, 28% free, 39MB/55MB, paused 499us total 26.454ms
08-03 17:26:20.215 32547 32618 I art     : Starting a blocking GC Explicit
08-03 17:26:20.242 32547 32618 I art     : Explicit concurrent mark sweep GC freed 156(2880B) AllocSpace objects, 0(0B) LOS objects, 28% free, 39MB/55MB, paused 514us total 26.985ms
08-03 17:26:20.567 32547 32560 I art     : Starting a blocking GC Explicit
08-03 17:26:20.600 32547 32560 I art     : Explicit concurrent mark sweep GC freed 2939(107KB) AllocSpace objects, 2(40KB) LOS objects, 28% free, 39MB/55MB, paused 661us total 32.570ms
08-03 17:26:20.612 32547 32560 I art     : Starting a blocking GC Explicit
08-03 17:26:20.642 32547 32560 I art     : Explicit concurrent mark sweep GC freed 239(4KB) AllocSpace objects, 0(0B) LOS objects, 28% free, 39MB/55MB, paused 527us total 29.212ms
08-03 17:26:20.654 32547 32560 I art     : Starting a blocking GC Explicit
08-03 17:26:20.684 32547 32560 I art     : Explicit concurrent mark sweep GC freed 147(2496B) AllocSpace objects, 0(0B) LOS objects, 28% free, 39MB/55MB, paused 654us total 29.524ms
08-03 17:26:20.697 32547 32560 I art     : Starting a blocking GC Explicit
08-03 17:26:20.727 32547 32560 I art     : Explicit concurrent mark sweep GC freed 219(3KB) AllocSpace objects, 0(0B) LOS objects, 28% free, 39MB/55MB, paused 627us total 29.889ms
08-03 17:26:20.740 32547 32560 I art     : Starting a blocking GC Explicit
08-03 17:26:20.771 32547 32560 I art     : Explicit concurrent mark sweep GC freed 219(3KB) AllocSpace objects, 0(0B) LOS objects, 28% free, 39MB/55MB, paused 529us total 30.566ms
08-03 17:26:21.107 32547 32558 I art     : Starting a blocking GC Explicit
08-03 17:26:21.140 32547 32558 I art     : Explicit concurrent mark sweep GC freed 3012(108KB) AllocSpace objects, 2(40KB) LOS objects, 28% free, 39MB/55MB, paused 545us total 32.474ms
08-03 17:26:21.157 32547 32558 I art     : Starting a blocking GC Explicit
08-03 17:26:21.185 32547 32558 I art     : Explicit concurrent mark sweep GC freed 169(3KB) AllocSpace objects, 0(0B) LOS objects, 28% free, 39MB/55MB, paused 528us total 27.999ms
08-03 17:26:21.197 32547 32558 I art     : Starting a blocking GC Explicit
08-03 17:26:21.224 32547 32558 I art     : Explicit concurrent mark sweep GC freed 225(3KB) AllocSpace objects, 0(0B) LOS objects, 28% free, 39MB/55MB, paused 470us total 26.706ms
08-03 17:26:21.236 32547 32558 I art     : Starting a blocking GC Explicit
08-03 17:26:21.263 32547 32558 I art     : Explicit concurrent mark sweep GC freed 152(2656B) AllocSpace objects, 0(0B) LOS objects, 28% free, 39MB/55MB, paused 512us total 26.284ms
08-03 17:26:21.275 32547 32558 I art     : Starting a blocking GC Explicit
08-03 17:26:21.302 32547 32558 I art     : Explicit concurrent mark sweep GC freed 156(2688B) AllocSpace objects, 0(0B) LOS objects, 28% free, 39MB/55MB, paused 620us total 27.253ms
08-03 17:26:21.676 32547  1003 I art     : Starting a blocking GC Explicit
08-03 17:26:21.710 32547  1003 I art     : Explicit concurrent mark sweep GC freed 3247(113KB) AllocSpace objects, 2(40KB) LOS objects, 28% free, 39MB/55MB, paused 526us total 33.135ms
08-03 17:26:21.725 32547  1003 I art     : Starting a blocking GC Explicit
08-03 17:26:21.754 32547  1003 I art     : Explicit concurrent mark sweep GC freed 226(4KB) AllocSpace objects, 0(0B) LOS objects, 28% free, 39MB/55MB, paused 654us total 28.641ms
08-03 17:26:21.766 32547  1003 I art     : Starting a blocking GC Explicit
08-03 17:26:21.795 32547  1003 I art     : Explicit concurrent mark sweep GC freed 175(2992B) AllocSpace objects, 0(0B) LOS objects, 28% free, 39MB/55MB, paused 528us total 28.032ms
08-03 17:26:21.807 32547  1003 I art     : Starting a blocking GC Explicit
08-03 17:26:21.837 32547  1003 I art     : Explicit concurrent mark sweep GC freed 190(3KB) AllocSpace objects, 0(0B) LOS objects, 28% free, 39MB/55MB, paused 697us total 29.851ms
08-03 17:26:21.850 32547  1003 I art     : Starting a blocking GC Explicit
08-03 17:26:21.879 32547  1003 I art     : Explicit concurrent mark sweep GC freed 176(3008B) AllocSpace objects, 0(0B) LOS objects, 28% free, 39MB/55MB, paused 523us total 29.135ms
08-03 17:26:22.236 32547 32560 I art     : Starting a blocking GC Explicit
08-03 17:26:22.311 32547 32560 I art     : Explicit concurrent mark sweep GC freed 3298(113KB) AllocSpace objects, 2(40KB) LOS objects, 28% free, 39MB/55MB, paused 1.243ms total 74.505ms
08-03 17:26:22.336 32547 32560 I art     : Starting a blocking GC Explicit
08-03 17:26:22.372 32547 32560 I art     : Explicit concurrent mark sweep GC freed 309(5KB) AllocSpace objects, 0(0B) LOS objects, 28% free, 39MB/55MB, paused 610us total 35.656ms
08-03 17:26:22.385 32547 32560 I art     : Starting a blocking GC Explicit
08-03 17:26:22.415 32547 32560 I art     : Explicit concurrent mark sweep GC freed 148(2528B) AllocSpace objects, 0(0B) LOS objects, 28% free, 39MB/55MB, paused 555us total 30.115ms
08-03 17:26:22.428 32547 32560 I art     : Starting a blocking GC Explicit
08-03 17:26:22.458 32547 32560 I art     : Explicit concurrent mark sweep GC freed 220(3KB) AllocSpace objects, 0(0B) LOS objects, 28% free, 39MB/55MB, paused 557us total 29.298ms
08-03 17:26:22.471 32547 32560 I art     : Starting a blocking GC Explicit
08-03 17:26:22.501 32547 32560 I art     : Explicit concurrent mark sweep GC freed 147(2496B) AllocSpace objects, 0(0B) LOS objects, 28% free, 39MB/55MB, paused 567us total 30.060ms
08-03 17:26:22.870 32547 32558 I art     : Starting a blocking GC Explicit
08-03 17:26:22.902 32547 32558 I art     : Explicit concurrent mark sweep GC freed 3155(111KB) AllocSpace objects, 2(40KB) LOS objects, 28% free, 39MB/55MB, paused 544us total 32.037ms
08-03 17:26:22.917 32547 32558 I art     : Starting a blocking GC Explicit
08-03 17:26:22.946 32547 32558 I art     : Explicit concurrent mark sweep GC freed 239(4KB) AllocSpace objects, 0(0B) LOS objects, 28% free, 39MB/55MB, paused 529us total 28.568ms
08-03 17:26:22.959 32547 32558 I art     : Starting a blocking GC Explicit
08-03 17:26:22.987 32547 32558 I art     : Explicit concurrent mark sweep GC freed 152(2576B) AllocSpace objects, 0(0B) LOS objects, 28% free, 39MB/55MB, paused 718us total 28.225ms
08-03 17:26:22.999 32547 32558 I art     : Starting a blocking GC Explicit
08-03 17:26:23.028 32547 32558 I art     : Explicit concurrent mark sweep GC freed 214(3KB) AllocSpace objects, 0(0B) LOS objects, 28% free, 39MB/55MB, paused 536us total 28.912ms
08-03 17:26:23.041 32547 32558 I art     : Starting a blocking GC Explicit
08-03 17:26:23.070 32547 32558 I art     : Explicit concurrent mark sweep GC freed 150(2544B) AllocSpace objects, 0(0B) LOS objects, 28% free, 39MB/55MB, paused 692us total 29.521ms
08-03 17:26:23.451 32547 32618 I art     : Starting a blocking GC Explicit
08-03 17:26:23.482 32547 32618 I art     : Explicit concurrent mark sweep GC freed 3225(112KB) AllocSpace objects, 2(40KB) LOS objects, 28% free, 39MB/55MB, paused 540us total 31.021ms
08-03 17:26:23.494 32547 32618 I art     : Starting a blocking GC Explicit
08-03 17:26:23.523 32547 32618 I art     : Explicit concurrent mark sweep GC freed 237(4KB) AllocSpace objects, 0(0B) LOS objects, 28% free, 39MB/55MB, paused 560us total 28.685ms
08-03 17:26:23.536 32547 32618 I art     : Starting a blocking GC Explicit
08-03 17:26:23.565 32547 32618 I art     : Explicit concurrent mark sweep GC freed 148(2528B) AllocSpace objects, 0(0B) LOS objects, 28% free, 39MB/55MB, paused 565us total 29.183ms
08-03 17:26:23.578 32547 32618 I art     : Starting a blocking GC Explicit
08-03 17:26:23.607 32547 32618 I art     : Explicit concurrent mark sweep GC freed 218(3KB) AllocSpace objects, 0(0B) LOS objects, 28% free, 39MB/55MB, paused 630us total 28.930ms
08-03 17:26:23.620 32547 32618 I art     : Starting a blocking GC Explicit
08-03 17:26:23.649 32547 32618 I art     : Explicit concurrent mark sweep GC freed 147(2496B) AllocSpace objects, 0(0B) LOS objects, 28% free, 39MB/55MB, paused 541us total 29.270ms
08-03 17:26:23.965 32547  1003 I art     : Starting a blocking GC Explicit
08-03 17:26:23.994 32547  1003 I art     : Explicit concurrent mark sweep GC freed 2940(107KB) AllocSpace objects, 2(40KB) LOS objects, 28% free, 39MB/55MB, paused 542us total 28.786ms
08-03 17:26:24.007 32547  1003 I art     : Starting a blocking GC Explicit
08-03 17:26:24.037 32547  1003 I art     : Explicit concurrent mark sweep GC freed 166(3KB) AllocSpace objects, 0(0B) LOS objects, 28% free, 39MB/55MB, paused 587us total 29.613ms
08-03 17:26:24.049 32547  1003 I art     : Starting a blocking GC Explicit
08-03 17:26:24.078 32547  1003 I art     : Explicit concurrent mark sweep GC freed 220(3KB) AllocSpace objects, 0(0B) LOS objects, 28% free, 39MB/55MB, paused 553us total 28.627ms
08-03 17:26:24.091 32547  1003 I art     : Starting a blocking GC Explicit
08-03 17:26:24.119 32547  1003 I art     : Explicit concurrent mark sweep GC freed 147(2496B) AllocSpace objects, 0(0B) LOS objects, 28% free, 39MB/55MB, paused 541us total 28.594ms
08-03 17:26:24.132 32547  1003 I art     : Starting a blocking GC Explicit
08-03 17:26:24.160 32547  1003 I art     : Explicit concurrent mark sweep GC freed 219(3KB) AllocSpace objects, 0(0B) LOS objects, 28% free, 39MB/55MB, paused 539us total 28.062ms
08-03 17:26:24.193  1253  1253 D AndroidRuntime: >>>>>> START com.android.internal.os.RuntimeInit uid 2000 <<<<<<
08-03 17:26:24.198  1253  1253 D AndroidRuntime: CheckJNI is OFF
08-03 17:26:24.233  1253  1253 D ICU     : No timezone override file found: /data/misc/zoneinfo/current/icu/icu_tzdata.dat
08-03 17:26:24.267  1253  1253 I Radio-JNI: register_android_hardware_Radio DONE
08-03 17:26:24.288  1253  1253 D AndroidRuntime: Calling main entry com.android.commands.input.Input
08-03 17:26:24.290  1253  1253 I Input   : injectKeyEvent: KeyEvent { action=ACTION_DOWN, keyCode=KEYCODE_BACK, scanCode=0, metaState=0, flags=0x0, repeatCount=0, eventTime=638800703, downTime=638800703, deviceId=-1, source=0x101 }
08-03 17:26:24.296  1253  1253 I Input   : injectKeyEvent: KeyEvent { action=ACTION_UP, keyCode=KEYCODE_BACK, scanCode=0, metaState=0, flags=0x0, repeatCount=0, eventTime=638800703, downTime=638800703, deviceId=-1, source=0x101 }
08-03 17:26:24.302  1253  1253 D AndroidRuntime: Shutting down VM
08-03 17:26:24.338 13866 13866 I GoogleInputMethodServic: GoogleInputMethodService.onFinishInput():3138 
08-03 17:26:24.341 13866 13866 I GoogleInputMethodServic: GoogleInputMethodService.onStartInput():1808 
08-03 17:26:24.463 32547  1003 I art     : Starting a blocking GC Explicit
08-03 17:26:24.503 32547  1003 I art     : Explicit concurrent mark sweep GC freed 2897(109KB) AllocSpace objects, 2(40KB) LOS objects, 28% free, 39MB/55MB, paused 535us total 40.120ms
08-03 17:26:24.519 32547  1003 I art     : Starting a blocking GC Explicit
08-03 17:26:24.552 32547  1003 I art     : Explicit concurrent mark sweep GC freed 242(4KB) AllocSpace objects, 0(0B) LOS objects, 28% free, 39MB/55MB, paused 533us total 33.280ms
08-03 17:26:24.566 32547  1003 I art     : Starting a blocking GC Explicit
08-03 17:26:24.600 32547  1003 I art     : Explicit concurrent mark sweep GC freed 225(4KB) AllocSpace objects, 0(0B) LOS objects, 28% free, 39MB/55MB, paused 536us total 33.116ms
08-03 17:26:24.613 32547  1003 I art     : Starting a blocking GC Explicit
08-03 17:26:24.638   380   380 W SurfaceFlinger: couldn't log to binary event log: overflow.
08-03 17:26:24.645 32547  1003 I art     : Explicit concurrent mark sweep GC freed 242(4KB) AllocSpace objects, 0(0B) LOS objects, 28% free, 39MB/55MB, paused 588us total 31.114ms
08-03 17:26:24.658 32547  1003 I art     : Starting a blocking GC Explicit
08-03 17:26:24.686 32547  1003 I art     : Explicit concurrent mark sweep GC freed 127(2912B) AllocSpace objects, 1(188KB) LOS objects, 28% free, 39MB/55MB, paused 525us total 27.556ms
08-03 17:26:25.004 32547 32558 I art     : Starting a blocking GC Explicit
08-03 17:26:25.036 32547 32558 I art     : Explicit concurrent mark sweep GC freed 7110(437KB) AllocSpace objects, 9(172KB) LOS objects, 29% free, 38MB/54MB, paused 529us total 31.688ms
08-03 17:26:25.050 32547 32558 I art     : Starting a blocking GC Explicit
08-03 17:26:25.077 32547 32558 I art     : Explicit concurrent mark sweep GC freed 166(3KB) AllocSpace objects, 0(0B) LOS objects, 29% free, 38MB/54MB, paused 579us total 26.847ms
08-03 17:26:25.089 32547 32558 I art     : Starting a blocking GC Explicit
08-03 17:26:25.117 32547 32558 I art     : Explicit concurrent mark sweep GC freed 99(1696B) AllocSpace objects, 0(0B) LOS objects, 29% free, 38MB/54MB, paused 608us total 27.408ms
08-03 17:26:25.129 32547 32558 I art     : Starting a blocking GC Explicit
08-03 17:26:25.157 32547 32558 I art     : Explicit concurrent mark sweep GC freed 146(2464B) AllocSpace objects, 0(0B) LOS objects, 29% free, 38MB/54MB, paused 577us total 27.781ms
08-03 17:26:25.170 32547 32558 I art     : Starting a blocking GC Explicit
08-03 17:26:25.198 32547 32558 I art     : Explicit concurrent mark sweep GC freed 100(1728B) AllocSpace objects, 0(0B) LOS objects, 29% free, 38MB/54MB, paused 616us total 27.748ms
08-03 17:26:25.544 32547 32560 I art     : Starting a blocking GC Explicit
08-03 17:26:25.571 32547 32560 I art     : Explicit concurrent mark sweep GC freed 2483(100KB) AllocSpace objects, 2(40KB) LOS objects, 29% free, 38MB/54MB, paused 538us total 26.921ms
08-03 17:26:25.583 32547 32560 I art     : Starting a blocking GC Explicit
08-03 17:26:25.610 32547 32560 I art     : Explicit concurrent mark sweep GC freed 166(3KB) AllocSpace objects, 0(0B) LOS objects, 29% free, 38MB/54MB, paused 527us total 26.360ms
08-03 17:26:25.622 32547 32560 I art     : Starting a blocking GC Explicit
08-03 17:26:25.649 32547 32560 I art     : Explicit concurrent mark sweep GC freed 98(1664B) AllocSpace objects, 0(0B) LOS objects, 29% free, 38MB/54MB, paused 601us total 27.044ms
08-03 17:26:25.662 32547 32560 I art     : Starting a blocking GC Explicit
08-03 17:26:25.688 32547 32560 I art     : Explicit concurrent mark sweep GC freed 100(1728B) AllocSpace objects, 0(0B) LOS objects, 29% free, 38MB/54MB, paused 540us total 25.755ms
08-03 17:26:25.700 32547 32560 I art     : Starting a blocking GC Explicit
08-03 17:26:25.727 32547 32560 I art     : Explicit concurrent mark sweep GC freed 147(2496B) AllocSpace objects, 0(0B) LOS objects, 29% free, 38MB/54MB, paused 576us total 26.415ms
08-03 17:26:25.943  1307  1307 D AndroidRuntime: >>>>>> START com.android.internal.os.RuntimeInit uid 2000 <<<<<<
08-03 17:26:25.948  1307  1307 D AndroidRuntime: CheckJNI is OFF
08-03 17:26:25.982  1307  1307 D ICU     : No timezone override file found: /data/misc/zoneinfo/current/icu/icu_tzdata.dat
08-03 17:26:26.015  1307  1307 I Radio-JNI: register_android_hardware_Radio DONE
08-03 17:26:26.037  1307  1307 D AndroidRuntime: Calling main entry com.android.commands.input.Input
08-03 17:26:26.039  1307  1307 I Input   : injectKeyEvent: KeyEvent { action=ACTION_DOWN, keyCode=KEYCODE_BACK, scanCode=0, metaState=0, flags=0x0, repeatCount=0, eventTime=638802452, downTime=638802452, deviceId=-1, source=0x101 }
08-03 17:26:26.045  1307  1307 I Input   : injectKeyEvent: KeyEvent { action=ACTION_UP, keyCode=KEYCODE_BACK, scanCode=0, metaState=0, flags=0x0, repeatCount=0, eventTime=638802452, downTime=638802452, deviceId=-1, source=0x101 }
08-03 17:26:26.046 32547 32618 I art     : Starting a blocking GC Explicit
08-03 17:26:26.051  1307  1307 D AndroidRuntime: Shutting down VM
08-03 17:26:26.061 32547 32547 V MainActivity: url = https://project-travel-mate.herokuapp.com/api/number-of-unread-notifications
08-03 17:26:26.075 32547 32618 I art     : Explicit concurrent mark sweep GC freed 2713(111KB) AllocSpace objects, 2(40KB) LOS objects, 29% free, 38MB/54MB, paused 595us total 28.425ms
08-03 17:26:26.088 32547 32618 I art     : Starting a blocking GC Explicit
08-03 17:26:26.092 13866 13866 I GoogleInputMethodServic: GoogleInputMethodService.onFinishInput():3138 
08-03 17:26:26.093 13866 13866 I GoogleInputMethodServic: GoogleInputMethodService.onStartInput():1808 
08-03 17:26:26.117 32547 32618 I art     : Explicit concurrent mark sweep GC freed 282(8KB) AllocSpace objects, 0(0B) LOS objects, 29% free, 38MB/54MB, paused 678us total 28.367ms
08-03 17:26:26.131 32547 32618 I art     : Starting a blocking GC Explicit
08-03 17:26:26.155 32547 32618 I art     : Explicit concurrent mark sweep GC freed 220(8KB) AllocSpace objects, 0(0B) LOS objects, 29% free, 38MB/54MB, paused 565us total 23.678ms
08-03 17:26:26.155 32547 32557 I art     : WaitForGcToComplete blocked for 14.836ms for cause HeapTrim
08-03 17:26:26.166 32547 32618 I art     : Starting a blocking GC Explicit
08-03 17:26:26.189 32547 32618 I art     : Explicit concurrent mark sweep GC freed 105(2064B) AllocSpace objects, 0(0B) LOS objects, 29% free, 38MB/54MB, paused 522us total 22.822ms
08-03 17:26:26.201 32547 32618 I art     : Starting a blocking GC Explicit
08-03 17:26:26.227 32547 32618 I art     : Explicit concurrent mark sweep GC freed 147(2496B) AllocSpace objects, 0(0B) LOS objects, 29% free, 38MB/54MB, paused 619us total 25.414ms
08-03 17:26:26.390   380   380 W SurfaceFlinger: couldn't log to binary event log: overflow.
08-03 17:26:26.532 32547 32558 I art     : Starting a blocking GC Explicit
08-03 17:26:26.563 32547 32558 I art     : Explicit concurrent mark sweep GC freed 4754(228KB) AllocSpace objects, 4(160KB) LOS objects, 28% free, 39MB/55MB, paused 669us total 30.869ms
08-03 17:26:26.575 32547 32558 I art     : Starting a blocking GC Explicit
08-03 17:26:26.594 32547  1331 I NAPPA_EXPERIMENTATION: MetricNetworkRequestExecutionTime: REQUEST_DURATION_SYSTEM='532',REQUEST_DURATION_OKHTTP='39',REQUEST_SYNCHRONOUS='FALSE',RESPONSE_CODE='200',RESPONSE_METHOD='GET',RESPONSE_LENGTH_OKHTTP='36',RESPONSE_LENGTH_HEADER='36',REQUEST_PROTOCOL='http/1.1',REQUEST_URL='https://project-travel-mate.herokuapp.com/api/number-of-unread-notifications',
08-03 17:26:26.604 32547 32558 I art     : Explicit concurrent mark sweep GC freed 1258(135KB) AllocSpace objects, 1(80KB) LOS objects, 29% free, 39MB/55MB, paused 593us total 28.580ms
08-03 17:26:26.616 32547 32558 I art     : Starting a blocking GC Explicit
08-03 17:26:26.644 32547 32558 I art     : Explicit concurrent mark sweep GC freed 120(3KB) AllocSpace objects, 0(0B) LOS objects, 29% free, 39MB/55MB, paused 581us total 28.229ms
08-03 17:26:26.657 32547 32558 I art     : Starting a blocking GC Explicit
08-03 17:26:26.686 32547 32558 I art     : Explicit concurrent mark sweep GC freed 134(4KB) AllocSpace objects, 0(0B) LOS objects, 29% free, 39MB/55MB, paused 588us total 28.944ms
08-03 17:26:26.699 32547 32558 I art     : Starting a blocking GC Explicit
08-03 17:26:26.727 32547 32558 I art     : Explicit concurrent mark sweep GC freed 75(1296B) AllocSpace objects, 0(0B) LOS objects, 29% free, 39MB/55MB, paused 704us total 28.421ms
08-03 17:26:27.061 32547  1003 I art     : Starting a blocking GC Explicit
08-03 17:26:27.095 32547  1003 I art     : Explicit concurrent mark sweep GC freed 1954(91KB) AllocSpace objects, 2(40KB) LOS objects, 29% free, 39MB/55MB, paused 690us total 32.976ms
08-03 17:26:27.109 32547  1003 I art     : Starting a blocking GC Explicit
08-03 17:26:27.138 32547  1003 I art     : Explicit concurrent mark sweep GC freed 71(1616B) AllocSpace objects, 0(0B) LOS objects, 29% free, 39MB/55MB, paused 619us total 28.190ms
08-03 17:26:27.150 32547  1003 I art     : Starting a blocking GC Explicit
08-03 17:26:27.178 32547  1003 I art     : Explicit concurrent mark sweep GC freed 75(1296B) AllocSpace objects, 0(0B) LOS objects, 29% free, 39MB/55MB, paused 631us total 27.834ms
08-03 17:26:27.190 32547  1003 I art     : Starting a blocking GC Explicit
08-03 17:26:27.220 32547  1003 I art     : Explicit concurrent mark sweep GC freed 50(864B) AllocSpace objects, 0(0B) LOS objects, 29% free, 39MB/55MB, paused 666us total 29.567ms
08-03 17:26:27.232 32547  1003 I art     : Starting a blocking GC Explicit
08-03 17:26:27.261 32547  1003 I art     : Explicit concurrent mark sweep GC freed 76(1328B) AllocSpace objects, 0(0B) LOS objects, 29% free, 39MB/55MB, paused 581us total 29.073ms
08-03 17:26:27.578 32547 32560 I art     : Starting a blocking GC Explicit
08-03 17:26:27.608 32547 32560 I art     : Explicit concurrent mark sweep GC freed 1918(91KB) AllocSpace objects, 2(40KB) LOS objects, 29% free, 39MB/55MB, paused 654us total 29.756ms
08-03 17:26:27.621 32547 32560 I art     : Starting a blocking GC Explicit
08-03 17:26:27.649 32547 32560 I art     : Explicit concurrent mark sweep GC freed 105(2560B) AllocSpace objects, 0(0B) LOS objects, 29% free, 39MB/55MB, paused 606us total 27.606ms
08-03 17:26:27.661 32547 32560 I art     : Starting a blocking GC Explicit
08-03 17:26:27.689 32547 32560 I art     : Explicit concurrent mark sweep GC freed 52(928B) AllocSpace objects, 0(0B) LOS objects, 29% free, 39MB/55MB, paused 625us total 27.461ms
08-03 17:26:27.696  1355  1355 D AndroidRuntime: >>>>>> START com.android.internal.os.RuntimeInit uid 2000 <<<<<<
08-03 17:26:27.701  1355  1355 D AndroidRuntime: CheckJNI is OFF
08-03 17:26:27.704 32547 32560 I art     : Starting a blocking GC Explicit
08-03 17:26:27.732 32547 32560 I art     : Explicit concurrent mark sweep GC freed 81(1488B) AllocSpace objects, 0(0B) LOS objects, 29% free, 39MB/55MB, paused 675us total 27.581ms
08-03 17:26:27.738  1355  1355 D ICU     : No timezone override file found: /data/misc/zoneinfo/current/icu/icu_tzdata.dat
08-03 17:26:27.744 32547 32560 I art     : Starting a blocking GC Explicit
08-03 17:26:27.771  1355  1355 I Radio-JNI: register_android_hardware_Radio DONE
08-03 17:26:27.771 32547 32560 I art     : Explicit concurrent mark sweep GC freed 55(1024B) AllocSpace objects, 0(0B) LOS objects, 29% free, 39MB/55MB, paused 610us total 26.729ms
08-03 17:26:27.793  1355  1355 D AndroidRuntime: Calling main entry com.android.commands.input.Input
08-03 17:26:27.795  1355  1355 I Input   : injectMotionEvent: MotionEvent { action=ACTION_DOWN, actionButton=0, id[0]=0, x[0]=346.0, y[0]=709.0, toolType[0]=TOOL_TYPE_UNKNOWN, buttonState=0, metaState=0, flags=0x0, edgeFlags=0x0, pointerCount=1, historySize=0, eventTime=638804207, downTime=638804207, deviceId=0, source=0x1002 }
08-03 17:26:27.800  1355  1355 I Input   : injectMotionEvent: MotionEvent { action=ACTION_UP, actionButton=0, id[0]=0, x[0]=346.0, y[0]=709.0, toolType[0]=TOOL_TYPE_UNKNOWN, buttonState=0, metaState=0, flags=0x0, edgeFlags=0x0, pointerCount=1, historySize=0, eventTime=638804207, downTime=638804207, deviceId=0, source=0x1002 }
08-03 17:26:27.806   918  4400 I ActivityManager: START u0 {cmp=baseline.io.github.project_travel_mate/.destinations.description.FinalCityInfoActivity (has extras)} from uid 10623 on display 0
08-03 17:26:27.814  1355  1355 D AndroidRuntime: Shutting down VM
08-03 17:26:27.835 32547 32613 D Gabe    : call	returning from cache
08-03 17:26:27.854 32547 32547 V EXECUTING: https://project-travel-mate.herokuapp.com/api/get-city-weather/1
08-03 17:26:27.982   918   936 I ActivityManager: Displayed baseline.io.github.project_travel_mate/.destinations.description.FinalCityInfoActivity: +165ms
08-03 17:26:27.983 13866 13866 I GoogleInputMethodServic: GoogleInputMethodService.onFinishInput():3138 
08-03 17:26:27.984 13866 13866 I GoogleInputMethodServic: GoogleInputMethodService.onStartInput():1808 
08-03 17:26:28.079 32547 32560 I art     : Starting a blocking GC Explicit
08-03 17:26:28.113 32547 32560 I art     : Explicit concurrent mark sweep GC freed 6909(439KB) AllocSpace objects, 2(40KB) LOS objects, 26% free, 43MB/59MB, paused 813us total 33.219ms
08-03 17:26:28.128 32547 32560 I art     : Starting a blocking GC Explicit
08-03 17:26:28.156 32547 32560 I art     : Explicit concurrent mark sweep GC freed 597(23KB) AllocSpace objects, 0(0B) LOS objects, 26% free, 43MB/59MB, paused 638us total 28.340ms
08-03 17:26:28.168 32547 32560 I art     : Starting a blocking GC Explicit
08-03 17:26:28.197 32547 32560 I art     : Explicit concurrent mark sweep GC freed 147(2496B) AllocSpace objects, 0(0B) LOS objects, 26% free, 43MB/59MB, paused 695us total 28.340ms
08-03 17:26:28.211 32547 32560 I art     : Starting a blocking GC Explicit
08-03 17:26:28.242   380   380 W SurfaceFlinger: couldn't log to binary event log: overflow.
08-03 17:26:28.246 32547 32560 I art     : Explicit concurrent mark sweep GC freed 147(2496B) AllocSpace objects, 0(0B) LOS objects, 26% free, 43MB/59MB, paused 726us total 34.590ms
08-03 17:26:28.260 32547 32560 I art     : Starting a blocking GC Explicit
08-03 17:26:28.286 32547 32560 I art     : Explicit concurrent mark sweep GC freed 99(1696B) AllocSpace objects, 0(0B) LOS objects, 26% free, 43MB/59MB, paused 579us total 26.258ms
08-03 17:26:28.451 32547  1380 I NAPPA_EXPERIMENTATION: MetricNetworkRequestExecutionTime: REQUEST_DURATION_SYSTEM='596',REQUEST_DURATION_OKHTTP='42',REQUEST_SYNCHRONOUS='FALSE',RESPONSE_CODE='200',RESPONSE_METHOD='GET',RESPONSE_LENGTH_OKHTTP='530',RESPONSE_LENGTH_HEADER='530',REQUEST_PROTOCOL='http/1.1',REQUEST_URL='https://project-travel-mate.herokuapp.com/api/get-city/1',
08-03 17:26:28.482 32547  1379 I NAPPA_EXPERIMENTATION: MetricNetworkRequestExecutionTime: REQUEST_DURATION_SYSTEM='628',REQUEST_DURATION_OKHTTP='74',REQUEST_SYNCHRONOUS='FALSE',RESPONSE_CODE='200',RESPONSE_METHOD='GET',RESPONSE_LENGTH_OKHTTP='238',RESPONSE_LENGTH_HEADER='238',REQUEST_PROTOCOL='http/1.1',REQUEST_URL='https://project-travel-mate.herokuapp.com/api/get-city-weather/1',
08-03 17:26:28.499 32547  1380 V Response: {"id":1,"city_name":"Delhi","description":"Delhi, officially the National Capital Territory of Delhi, is the Capital territory of India. During the British Raj, Delhi was part of the province of Punjab and is still historically and culturally connected to the Punjab region.","latitude":"28.613900","longitude":"77.209000","facts_count":6,"images":["https://upload.wikimedia.org/wikipedia/commons/9/94/%E0%B4%96%E0%B5%81%E0%B4%A4%E0%B5%8D%E0%B4%AC%E0%B5%8D_%E0%B4%AE%E0%B4%BF%E0%B4%A8%E0%B4%BE%E0%B5%BC1.jpg"],"has_visited":false}
08-03 17:26:28.584 32547  1003 I art     : Starting a blocking GC Explicit
08-03 17:26:28.618 32547  1003 I art     : Explicit concurrent mark sweep GC freed 9000(470KB) AllocSpace objects, 6(4MB) LOS objects, 28% free, 39MB/55MB, paused 621us total 34.095ms
08-03 17:26:28.630 32547  1003 I art     : Starting a blocking GC Explicit
08-03 17:26:28.659 32547  1003 I art     : Explicit concurrent mark sweep GC freed 1165(123KB) AllocSpace objects, 0(0B) LOS objects, 28% free, 39MB/55MB, paused 610us total 28.567ms
08-03 17:26:28.672 32547  1003 I art     : Starting a blocking GC Explicit
08-03 17:26:28.702 32547  1003 I art     : Explicit concurrent mark sweep GC freed 147(2496B) AllocSpace objects, 0(0B) LOS objects, 28% free, 39MB/55MB, paused 627us total 30.724ms
08-03 17:26:28.715 32547  1003 I art     : Starting a blocking GC Explicit
08-03 17:26:28.747 32547  1003 I art     : Explicit concurrent mark sweep GC freed 147(2496B) AllocSpace objects, 0(0B) LOS objects, 28% free, 39MB/55MB, paused 610us total 31.862ms
08-03 17:26:28.760 32547  1003 I art     : Starting a blocking GC Explicit
08-03 17:26:28.793 32547  1003 I art     : Explicit concurrent mark sweep GC freed 99(1696B) AllocSpace objects, 0(0B) LOS objects, 28% free, 39MB/55MB, paused 753us total 32.522ms
08-03 17:26:28.931   918  3261 D WifiStateMachine: starting scan for "H369AA63323"WPA_PSK with 2412,5180
08-03 17:26:29.144 32547 32558 I art     : Starting a blocking GC Explicit
08-03 17:26:29.176 32547 32558 I art     : Explicit concurrent mark sweep GC freed 2554(102KB) AllocSpace objects, 2(40KB) LOS objects, 28% free, 39MB/55MB, paused 635us total 31.900ms
08-03 17:26:29.189 32547 32558 I art     : Starting a blocking GC Explicit
08-03 17:26:29.221 32547 32558 I art     : Explicit concurrent mark sweep GC freed 176(3KB) AllocSpace objects, 0(0B) LOS objects, 28% free, 39MB/55MB, paused 649us total 31.989ms
08-03 17:26:29.234 32547 32558 I art     : Starting a blocking GC Explicit
08-03 17:26:29.266 32547 32558 I art     : Explicit concurrent mark sweep GC freed 147(2496B) AllocSpace objects, 0(0B) LOS objects, 28% free, 39MB/55MB, paused 627us total 32.034ms
08-03 17:26:29.279 32547 32558 I art     : Starting a blocking GC Explicit
08-03 17:26:29.311 32547 32558 I art     : Explicit concurrent mark sweep GC freed 114(1936B) AllocSpace objects, 0(0B) LOS objects, 28% free, 39MB/55MB, paused 752us total 31.623ms
08-03 17:26:29.325 32547 32558 I art     : Starting a blocking GC Explicit
08-03 17:26:29.356 32547 32558 I art     : Explicit concurrent mark sweep GC freed 132(2256B) AllocSpace objects, 0(0B) LOS objects, 28% free, 39MB/55MB, paused 628us total 31.311ms
08-03 17:26:29.736 32547 32618 I art     : Starting a blocking GC Explicit
08-03 17:26:29.770 32547 32618 I art     : Explicit concurrent mark sweep GC freed 2628(102KB) AllocSpace objects, 2(40KB) LOS objects, 28% free, 39MB/55MB, paused 641us total 34.114ms
08-03 17:26:29.785 32547 32618 I art     : Starting a blocking GC Explicit
08-03 17:26:29.815 32547 32618 I art     : Explicit concurrent mark sweep GC freed 166(3KB) AllocSpace objects, 0(0B) LOS objects, 28% free, 39MB/55MB, paused 599us total 29.767ms
08-03 17:26:29.828 32547 32618 I art     : Starting a blocking GC Explicit
08-03 17:26:29.859 32547 32618 I art     : Explicit concurrent mark sweep GC freed 98(1664B) AllocSpace objects, 0(0B) LOS objects, 28% free, 39MB/55MB, paused 634us total 30.934ms
08-03 17:26:29.871 32547 32618 I art     : Starting a blocking GC Explicit
08-03 17:26:29.903 32547 32618 I art     : Explicit concurrent mark sweep GC freed 148(2528B) AllocSpace objects, 0(0B) LOS objects, 28% free, 39MB/55MB, paused 627us total 31.174ms
08-03 17:26:29.915 32547 32618 I art     : Starting a blocking GC Explicit
08-03 17:26:29.946 32547 32618 I art     : Explicit concurrent mark sweep GC freed 137(2304B) AllocSpace objects, 0(0B) LOS objects, 28% free, 39MB/55MB, paused 742us total 30.414ms
08-03 17:26:30.337 32547  1003 I art     : Starting a blocking GC Explicit
08-03 17:26:30.369 32547  1003 I art     : Explicit concurrent mark sweep GC freed 2637(102KB) AllocSpace objects, 2(40KB) LOS objects, 28% free, 39MB/55MB, paused 613us total 32.412ms
08-03 17:26:30.382 32547  1003 I art     : Starting a blocking GC Explicit
08-03 17:26:30.413 32547  1003 I art     : Explicit concurrent mark sweep GC freed 142(2784B) AllocSpace objects, 0(0B) LOS objects, 28% free, 39MB/55MB, paused 777us total 30.545ms
08-03 17:26:30.425 32547  1003 I art     : Starting a blocking GC Explicit
08-03 17:26:30.456 32547  1003 I art     : Explicit concurrent mark sweep GC freed 123(2096B) AllocSpace objects, 0(0B) LOS objects, 28% free, 39MB/55MB, paused 592us total 30.127ms
08-03 17:26:30.468 32547  1003 I art     : Starting a blocking GC Explicit
08-03 17:26:30.499 32547  1003 I art     : Explicit concurrent mark sweep GC freed 147(2496B) AllocSpace objects, 0(0B) LOS objects, 28% free, 39MB/55MB, paused 626us total 31.150ms
08-03 17:26:30.512 32547  1003 I art     : Starting a blocking GC Explicit
08-03 17:26:30.544 32547  1003 I art     : Explicit concurrent mark sweep GC freed 99(1696B) AllocSpace objects, 0(0B) LOS objects, 28% free, 39MB/55MB, paused 732us total 31.216ms
08-03 17:26:30.912 32547 32560 I art     : Starting a blocking GC Explicit
08-03 17:26:30.949 32547 32560 I art     : Explicit concurrent mark sweep GC freed 2591(102KB) AllocSpace objects, 2(40KB) LOS objects, 28% free, 39MB/55MB, paused 1.008ms total 35.717ms
08-03 17:26:30.962 32547 32560 I art     : Starting a blocking GC Explicit
08-03 17:26:30.993 32547 32560 I art     : Explicit concurrent mark sweep GC freed 176(3KB) AllocSpace objects, 0(0B) LOS objects, 28% free, 39MB/55MB, paused 630us total 30.796ms
08-03 17:26:31.005 32547 32560 I art     : Starting a blocking GC Explicit
08-03 17:26:31.035 32547 32560 I art     : Explicit concurrent mark sweep GC freed 148(2528B) AllocSpace objects, 0(0B) LOS objects, 28% free, 39MB/55MB, paused 619us total 30.205ms
08-03 17:26:31.048 32547 32560 I art     : Starting a blocking GC Explicit
08-03 17:26:31.078 32547 32560 I art     : Explicit concurrent mark sweep GC freed 99(1696B) AllocSpace objects, 0(0B) LOS objects, 28% free, 39MB/55MB, paused 584us total 30.118ms
08-03 17:26:31.091 32547 32560 I art     : Starting a blocking GC Explicit
08-03 17:26:31.122 32547 32560 I art     : Explicit concurrent mark sweep GC freed 147(2496B) AllocSpace objects, 0(0B) LOS objects, 28% free, 39MB/55MB, paused 625us total 31.005ms
08-03 17:26:31.506 32547 32558 I art     : Starting a blocking GC Explicit
08-03 17:26:31.540 32547 32558 I art     : Explicit concurrent mark sweep GC freed 2627(102KB) AllocSpace objects, 2(40KB) LOS objects, 28% free, 39MB/55MB, paused 627us total 32.802ms
08-03 17:26:31.553 32547 32558 I art     : Starting a blocking GC Explicit
08-03 17:26:31.583 32547 32558 I art     : Explicit concurrent mark sweep GC freed 166(3KB) AllocSpace objects, 0(0B) LOS objects, 28% free, 39MB/55MB, paused 628us total 30.016ms
08-03 17:26:31.596 32547 32558 I art     : Starting a blocking GC Explicit
08-03 17:26:31.629 32547 32558 I art     : Explicit concurrent mark sweep GC freed 98(1664B) AllocSpace objects, 0(0B) LOS objects, 28% free, 39MB/55MB, paused 633us total 32.383ms
08-03 17:26:31.642 32547 32558 I art     : Starting a blocking GC Explicit
08-03 17:26:31.674 32547 32558 I art     : Explicit concurrent mark sweep GC freed 148(2528B) AllocSpace objects, 0(0B) LOS objects, 28% free, 39MB/55MB, paused 632us total 32.441ms
08-03 17:26:31.688 32547 32558 I art     : Starting a blocking GC Explicit
08-03 17:26:31.720 32547 32558 I art     : Explicit concurrent mark sweep GC freed 147(2496B) AllocSpace objects, 0(0B) LOS objects, 28% free, 39MB/55MB, paused 653us total 31.929ms
08-03 17:26:32.106 32547 32618 I art     : Starting a blocking GC Explicit
08-03 17:26:32.134 32547 32618 I art     : Explicit concurrent mark sweep GC freed 2650(103KB) AllocSpace objects, 2(40KB) LOS objects, 28% free, 39MB/55MB, paused 578us total 27.920ms
08-03 17:26:32.146 32547 32618 I art     : Starting a blocking GC Explicit
08-03 17:26:32.176 32547 32618 I art     : Explicit concurrent mark sweep GC freed 127(2896B) AllocSpace objects, 0(0B) LOS objects, 28% free, 39MB/55MB, paused 617us total 29.941ms
08-03 17:26:32.188 32547 32618 I art     : Starting a blocking GC Explicit
08-03 17:26:32.219 32547 32618 I art     : Explicit concurrent mark sweep GC freed 148(2528B) AllocSpace objects, 0(0B) LOS objects, 28% free, 39MB/55MB, paused 647us total 30.579ms
08-03 17:26:32.232 32547 32618 I art     : Starting a blocking GC Explicit
08-03 17:26:32.262 32547 32618 I art     : Explicit concurrent mark sweep GC freed 99(1696B) AllocSpace objects, 0(0B) LOS objects, 28% free, 39MB/55MB, paused 622us total 30.523ms
08-03 17:26:32.275 32547 32618 I art     : Starting a blocking GC Explicit
08-03 17:26:32.305 32547 32618 I art     : Explicit concurrent mark sweep GC freed 147(2496B) AllocSpace objects, 0(0B) LOS objects, 28% free, 39MB/55MB, paused 620us total 29.783ms
08-03 17:26:32.458  1467  1467 D AndroidRuntime: >>>>>> START com.android.internal.os.RuntimeInit uid 2000 <<<<<<
08-03 17:26:32.463  1467  1467 D AndroidRuntime: CheckJNI is OFF
08-03 17:26:32.495  1467  1467 D ICU     : No timezone override file found: /data/misc/zoneinfo/current/icu/icu_tzdata.dat
08-03 17:26:32.527  1467  1467 I Radio-JNI: register_android_hardware_Radio DONE
08-03 17:26:32.548  1467  1467 D AndroidRuntime: Calling main entry com.android.commands.input.Input
08-03 17:26:32.550  1467  1467 I Input   : injectMotionEvent: MotionEvent { action=ACTION_DOWN, actionButton=0, id[0]=0, x[0]=693.0, y[0]=1450.0, toolType[0]=TOOL_TYPE_UNKNOWN, buttonState=0, metaState=0, flags=0x0, edgeFlags=0x0, pointerCount=1, historySize=0, eventTime=638808963, downTime=638808963, deviceId=0, source=0x1002 }
08-03 17:26:32.556  1467  1467 I Input   : injectMotionEvent: MotionEvent { action=ACTION_UP, actionButton=0, id[0]=0, x[0]=693.0, y[0]=1450.0, toolType[0]=TOOL_TYPE_UNKNOWN, buttonState=0, metaState=0, flags=0x0, edgeFlags=0x0, pointerCount=1, historySize=0, eventTime=638808963, downTime=638808963, deviceId=0, source=0x1002 }
08-03 17:26:32.557  1467  1467 D AndroidRuntime: Shutting down VM
08-03 17:26:32.557   918  4400 I ActivityManager: START u0 {cmp=baseline.io.github.project_travel_mate/.destinations.description.CityHistoryActivity} from uid 10623 on display 0
08-03 17:26:32.559   512  2967 D audio_hw_primary: out_set_parameters: enter: usecase(1: low-latency-playback) kvpairs: routing=2
08-03 17:26:32.572   512  2967 D audio_hw_primary: select_devices: out_snd_device(2: speaker) in_snd_device(0: none)
08-03 17:26:32.572   512  2967 D msm8974_platform: platform_send_audio_calibration: sending audio calibration for snd_device(2) acdb_id(15)
08-03 17:26:32.572   512  2967 I soundtrigger: audio_extn_sound_trigger_update_device_status: device 0x2 of type 0 for Event 1
08-03 17:26:32.582   512  2967 D audio_hw_primary: enable_snd_device: snd_device(2: speaker)
08-03 17:26:32.584   512  2967 D audio_hw_primary: enable_audio_route: apply and update mixer path: low-latency-playback speaker
08-03 17:26:32.585 32547 32613 D Gabe    : call	returning from cache
08-03 17:26:32.588 32547 32547 V EXECUTING: https://project-travel-mate.herokuapp.com/api/get-city-information/1
08-03 17:26:32.664 32547  1003 I art     : Starting a blocking GC Explicit
08-03 17:26:32.698 32547  1003 I art     : Explicit concurrent mark sweep GC freed 3323(157KB) AllocSpace objects, 2(40KB) LOS objects, 26% free, 44MB/60MB, paused 865us total 33.670ms
08-03 17:26:32.711 32547  1003 I art     : Starting a blocking GC Explicit
08-03 17:26:32.728   918   936 I ActivityManager: Displayed baseline.io.github.project_travel_mate/.destinations.description.CityHistoryActivity: +161ms
08-03 17:26:32.729 13866 13866 I GoogleInputMethodServic: GoogleInputMethodService.onFinishInput():3138 
08-03 17:26:32.729 13866 13866 I GoogleInputMethodServic: GoogleInputMethodService.onStartInput():1808 
08-03 17:26:32.741 32547  1003 I art     : Explicit concurrent mark sweep GC freed 357(14KB) AllocSpace objects, 0(0B) LOS objects, 26% free, 44MB/60MB, paused 873us total 30.004ms
08-03 17:26:32.754 32547  1003 I art     : Starting a blocking GC Explicit
08-03 17:26:32.788 32547  1003 I art     : Explicit concurrent mark sweep GC freed 25(640B) AllocSpace objects, 0(0B) LOS objects, 26% free, 44MB/60MB, paused 1.007ms total 33.913ms
08-03 17:26:32.802 32547  1003 I art     : Starting a blocking GC Explicit
08-03 17:26:32.832 32547  1003 I art     : Explicit concurrent mark sweep GC freed 185(3KB) AllocSpace objects, 0(0B) LOS objects, 26% free, 44MB/60MB, paused 739us total 29.753ms
08-03 17:26:32.844 32547  1003 I art     : Starting a blocking GC Explicit
08-03 17:26:32.874 32547  1003 I art     : Explicit concurrent mark sweep GC freed 188(3KB) AllocSpace objects, 0(0B) LOS objects, 26% free, 44MB/60MB, paused 615us total 29.297ms
08-03 17:26:32.964   380   380 W SurfaceFlinger: couldn't log to binary event log: overflow.
08-03 17:26:33.120   512  2967 D audio_hw_primary: disable_audio_route: reset and update mixer path: low-latency-playback speaker
08-03 17:26:33.122   512  2967 D audio_hw_primary: disable_snd_device: snd_device(2: speaker)
08-03 17:26:33.130   512  2967 I soundtrigger: audio_extn_sound_trigger_update_device_status: device 0x2 of type 0 for Event 0
08-03 17:26:33.162 32547  1494 I NAPPA_EXPERIMENTATION: MetricNetworkRequestExecutionTime: REQUEST_DURATION_SYSTEM='574',REQUEST_DURATION_OKHTTP='40',REQUEST_SYNCHRONOUS='FALSE',RESPONSE_CODE='200',RESPONSE_METHOD='GET',RESPONSE_LENGTH_OKHTTP='55024',RESPONSE_LENGTH_HEADER='55024',REQUEST_PROTOCOL='http/1.1',REQUEST_URL='https://project-travel-mate.herokuapp.com/api/get-city-information/1',
08-03 17:26:33.204 32547 32558 I art     : Starting a blocking GC Explicit
08-03 17:26:33.236 32547 32558 I art     : Explicit concurrent mark sweep GC freed 5473(251KB) AllocSpace objects, 8(512KB) LOS objects, 26% free, 44MB/60MB, paused 771us total 32.138ms
08-03 17:26:33.249 32547 32558 I art     : Starting a blocking GC Explicit
08-03 17:26:33.280 32547 32558 I art     : Explicit concurrent mark sweep GC freed 1086(119KB) AllocSpace objects, 0(0B) LOS objects, 26% free, 44MB/60MB, paused 805us total 30.511ms
08-03 17:26:33.293 32547 32558 I art     : Starting a blocking GC Explicit
08-03 17:26:33.323 32547 32558 I art     : Explicit concurrent mark sweep GC freed 965(983KB) AllocSpace objects, 12(328KB) LOS objects, 26% free, 44MB/60MB, paused 971us total 30.031ms
08-03 17:26:33.335 32547 32558 I art     : Starting a blocking GC Explicit
08-03 17:26:33.335 13866 13866 I GoogleInputMethodServic: GoogleInputMethodService.onFinishInput():3138 
08-03 17:26:33.336 13866 13866 I GoogleInputMethodServic: GoogleInputMethodService.onStartInput():1808 
08-03 17:26:33.366 32547 32558 I art     : Explicit concurrent mark sweep GC freed 503(229KB) AllocSpace objects, 5(4MB) LOS objects, 28% free, 40MB/56MB, paused 725us total 31.434ms
08-03 17:26:33.379 32547 32558 I art     : Starting a blocking GC Explicit
08-03 17:26:33.410 32547 32558 I art     : Explicit concurrent mark sweep GC freed 256(5KB) AllocSpace objects, 0(0B) LOS objects, 28% free, 40MB/56MB, paused 648us total 31.121ms
08-03 17:26:33.766 32547 32618 I art     : Starting a blocking GC Explicit
08-03 17:26:33.801 32547 32618 I art     : Explicit concurrent mark sweep GC freed 3144(111KB) AllocSpace objects, 2(40KB) LOS objects, 28% free, 40MB/56MB, paused 824us total 35.003ms
08-03 17:26:33.815 32547 32618 I art     : Starting a blocking GC Explicit
08-03 17:26:33.849 32547 32618 I art     : Explicit concurrent mark sweep GC freed 205(4KB) AllocSpace objects, 0(0B) LOS objects, 28% free, 40MB/56MB, paused 841us total 33.986ms
08-03 17:26:33.862 32547 32618 I art     : Starting a blocking GC Explicit
08-03 17:26:33.896 32547 32618 I art     : Explicit concurrent mark sweep GC freed 219(3KB) AllocSpace objects, 0(0B) LOS objects, 28% free, 40MB/56MB, paused 681us total 34.075ms
08-03 17:26:33.909 32547 32618 I art     : Starting a blocking GC Explicit
08-03 17:26:33.943 32547 32618 I art     : Explicit concurrent mark sweep GC freed 219(3KB) AllocSpace objects, 0(0B) LOS objects, 28% free, 40MB/56MB, paused 661us total 33.533ms
08-03 17:26:33.956 32547 32618 I art     : Starting a blocking GC Explicit
08-03 17:26:33.991 32547 32618 I art     : Explicit concurrent mark sweep GC freed 219(3KB) AllocSpace objects, 0(0B) LOS objects, 28% free, 40MB/56MB, paused 672us total 34.618ms
08-03 17:26:34.326 32547 32618 I art     : Starting a blocking GC Explicit
08-03 17:26:34.360 32547 32618 I art     : Explicit concurrent mark sweep GC freed 3031(109KB) AllocSpace objects, 2(40KB) LOS objects, 28% free, 40MB/56MB, paused 744us total 33.595ms
08-03 17:26:34.373 32547 32618 I art     : Starting a blocking GC Explicit
08-03 17:26:34.406 32547 32618 I art     : Explicit concurrent mark sweep GC freed 244(4KB) AllocSpace objects, 0(0B) LOS objects, 28% free, 40MB/56MB, paused 582us total 31.874ms
08-03 17:26:34.419 32547 32618 I art     : Starting a blocking GC Explicit
08-03 17:26:34.452 32547 32618 I art     : Explicit concurrent mark sweep GC freed 222(3KB) AllocSpace objects, 0(0B) LOS objects, 28% free, 40MB/56MB, paused 808us total 32.700ms
08-03 17:26:34.465 32547 32618 I art     : Starting a blocking GC Explicit
08-03 17:26:34.497 32547 32618 I art     : Explicit concurrent mark sweep GC freed 148(2528B) AllocSpace objects, 0(0B) LOS objects, 28% free, 40MB/56MB, paused 792us total 32.015ms
08-03 17:26:34.510 32547 32618 I art     : Starting a blocking GC Explicit
08-03 17:26:34.544 32547 32618 I art     : Explicit concurrent mark sweep GC freed 220(3KB) AllocSpace objects, 0(0B) LOS objects, 28% free, 40MB/56MB, paused 664us total 33.429ms
08-03 17:26:34.898 32547  1003 I art     : Starting a blocking GC Explicit
08-03 17:26:34.933 32547  1003 I art     : Explicit concurrent mark sweep GC freed 3083(110KB) AllocSpace objects, 2(40KB) LOS objects, 28% free, 40MB/56MB, paused 675us total 35.352ms
08-03 17:26:34.948 32547  1003 I art     : Starting a blocking GC Explicit
08-03 17:26:34.981 32547  1003 I art     : Explicit concurrent mark sweep GC freed 238(4KB) AllocSpace objects, 0(0B) LOS objects, 28% free, 40MB/56MB, paused 650us total 32.598ms
08-03 17:26:34.993 32547  1003 I art     : Starting a blocking GC Explicit
08-03 17:26:35.027 32547  1003 I art     : Explicit concurrent mark sweep GC freed 219(3KB) AllocSpace objects, 0(0B) LOS objects, 28% free, 40MB/56MB, paused 655us total 33.105ms
08-03 17:26:35.040 32547  1003 I art     : Starting a blocking GC Explicit
08-03 17:26:35.074 32547  1003 I art     : Explicit concurrent mark sweep GC freed 225(4KB) AllocSpace objects, 0(0B) LOS objects, 28% free, 40MB/56MB, paused 636us total 34.431ms
08-03 17:26:35.087 32547  1003 I art     : Starting a blocking GC Explicit
08-03 17:26:35.121 32547  1003 I art     : Explicit concurrent mark sweep GC freed 231(4KB) AllocSpace objects, 0(0B) LOS objects, 28% free, 40MB/56MB, paused 690us total 33.745ms
08-03 17:26:35.499 32547 32558 I art     : Starting a blocking GC Explicit
08-03 17:26:35.534 32547 32558 I art     : Explicit concurrent mark sweep GC freed 3158(111KB) AllocSpace objects, 2(40KB) LOS objects, 28% free, 40MB/56MB, paused 670us total 34.654ms
08-03 17:26:35.549 32547 32558 I art     : Starting a blocking GC Explicit
08-03 17:26:35.581 32547 32558 I art     : Explicit concurrent mark sweep GC freed 239(4KB) AllocSpace objects, 0(0B) LOS objects, 28% free, 40MB/56MB, paused 664us total 32.325ms
08-03 17:26:35.594 32547 32558 I art     : Starting a blocking GC Explicit
08-03 17:26:35.628 32547 32558 I art     : Explicit concurrent mark sweep GC freed 219(3KB) AllocSpace objects, 0(0B) LOS objects, 28% free, 40MB/56MB, paused 684us total 32.974ms
08-03 17:26:35.641 32547 32558 I art     : Starting a blocking GC Explicit
08-03 17:26:35.675 32547 32558 I art     : Explicit concurrent mark sweep GC freed 219(3KB) AllocSpace objects, 0(0B) LOS objects, 28% free, 40MB/56MB, paused 677us total 34.063ms
08-03 17:26:35.688 32547 32558 I art     : Starting a blocking GC Explicit
08-03 17:26:35.722 32547 32558 I art     : Explicit concurrent mark sweep GC freed 221(3KB) AllocSpace objects, 0(0B) LOS objects, 28% free, 40MB/56MB, paused 700us total 33.782ms
08-03 17:26:36.086 32547 32560 I art     : Starting a blocking GC Explicit
08-03 17:26:36.122 32547 32560 I art     : Explicit concurrent mark sweep GC freed 3155(111KB) AllocSpace objects, 2(40KB) LOS objects, 28% free, 40MB/56MB, paused 684us total 35.546ms
08-03 17:26:36.135 32547 32560 I art     : Starting a blocking GC Explicit
08-03 17:26:36.170 32547 32560 I art     : Explicit concurrent mark sweep GC freed 183(3KB) AllocSpace objects, 0(0B) LOS objects, 28% free, 40MB/56MB, paused 827us total 34.425ms
08-03 17:26:36.183 32547 32560 I art     : Starting a blocking GC Explicit
08-03 17:26:36.218 32547 32560 I art     : Explicit concurrent mark sweep GC freed 201(3KB) AllocSpace objects, 0(0B) LOS objects, 28% free, 40MB/56MB, paused 694us total 34.370ms
08-03 17:26:36.231 32547 32560 I art     : Starting a blocking GC Explicit
08-03 17:26:36.266 32547 32560 I art     : Explicit concurrent mark sweep GC freed 220(3KB) AllocSpace objects, 0(0B) LOS objects, 28% free, 40MB/56MB, paused 660us total 34.580ms
08-03 17:26:36.279 32547 32560 I art     : Starting a blocking GC Explicit
08-03 17:26:36.313 32547 32560 I art     : Explicit concurrent mark sweep GC freed 219(3KB) AllocSpace objects, 0(0B) LOS objects, 28% free, 40MB/56MB, paused 652us total 33.493ms
08-03 17:26:36.684 32547 32618 I art     : Starting a blocking GC Explicit
08-03 17:26:36.721 32547 32618 I art     : Explicit concurrent mark sweep GC freed 3196(112KB) AllocSpace objects, 2(40KB) LOS objects, 28% free, 40MB/56MB, paused 867us total 37.013ms
08-03 17:26:36.736 32547 32618 I art     : Starting a blocking GC Explicit
08-03 17:26:36.771 32547 32618 I art     : Explicit concurrent mark sweep GC freed 270(5KB) AllocSpace objects, 0(0B) LOS objects, 28% free, 40MB/56MB, paused 790us total 34.111ms
08-03 17:26:36.784 32547 32618 I art     : Starting a blocking GC Explicit
08-03 17:26:36.817 32547 32618 I art     : Explicit concurrent mark sweep GC freed 168(2864B) AllocSpace objects, 0(0B) LOS objects, 28% free, 40MB/56MB, paused 679us total 32.664ms
08-03 17:26:36.830 32547 32618 I art     : Starting a blocking GC Explicit
08-03 17:26:36.862 32547 32618 I art     : Explicit concurrent mark sweep GC freed 219(3KB) AllocSpace objects, 0(0B) LOS objects, 28% free, 40MB/56MB, paused 613us total 31.649ms
08-03 17:26:36.874 32547 32618 I art     : Starting a blocking GC Explicit
08-03 17:26:36.907 32547 32618 I art     : Explicit concurrent mark sweep GC freed 219(3KB) AllocSpace objects, 0(0B) LOS objects, 28% free, 40MB/56MB, paused 695us total 32.428ms
08-03 17:26:37.229  1568  1568 D AndroidRuntime: >>>>>> START com.android.internal.os.RuntimeInit uid 2000 <<<<<<
08-03 17:26:37.234  1568  1568 D AndroidRuntime: CheckJNI is OFF
08-03 17:26:37.258 32547  1003 I art     : Starting a blocking GC Explicit
08-03 17:26:37.270  1568  1568 D ICU     : No timezone override file found: /data/misc/zoneinfo/current/icu/icu_tzdata.dat
08-03 17:26:37.293 32547  1003 I art     : Explicit concurrent mark sweep GC freed 3084(110KB) AllocSpace objects, 2(40KB) LOS objects, 28% free, 40MB/56MB, paused 747us total 34.667ms
08-03 17:26:37.306 32547  1003 I art     : Starting a blocking GC Explicit
08-03 17:26:37.309  1568  1568 I Radio-JNI: register_android_hardware_Radio DONE
08-03 17:26:37.330  1568  1568 D AndroidRuntime: Calling main entry com.android.commands.input.Input
08-03 17:26:37.332  1568  1568 I Input   : injectKeyEvent: KeyEvent { action=ACTION_DOWN, keyCode=KEYCODE_BACK, scanCode=0, metaState=0, flags=0x0, repeatCount=0, eventTime=638813745, downTime=638813745, deviceId=-1, source=0x101 }
08-03 17:26:37.338 32547  1003 I art     : Explicit concurrent mark sweep GC freed 220(3KB) AllocSpace objects, 0(0B) LOS objects, 28% free, 40MB/56MB, paused 742us total 31.711ms
08-03 17:26:37.339  1568  1568 I Input   : injectKeyEvent: KeyEvent { action=ACTION_UP, keyCode=KEYCODE_BACK, scanCode=0, metaState=0, flags=0x0, repeatCount=0, eventTime=638813745, downTime=638813745, deviceId=-1, source=0x101 }
08-03 17:26:37.345  1568  1568 D AndroidRuntime: Shutting down VM
08-03 17:26:37.350 32547  1003 I art     : Starting a blocking GC Explicit
08-03 17:26:37.377 13866 13866 I GoogleInputMethodServic: GoogleInputMethodService.onFinishInput():3138 
08-03 17:26:37.378 13866 13866 I GoogleInputMethodServic: GoogleInputMethodService.onStartInput():1808 
08-03 17:26:37.379 32547  1003 I art     : Explicit concurrent mark sweep GC freed 162(4KB) AllocSpace objects, 0(0B) LOS objects, 28% free, 40MB/56MB, paused 824us total 28.902ms
08-03 17:26:37.393 32547  1003 I art     : Starting a blocking GC Explicit
08-03 17:26:37.423 32547  1003 I art     : Explicit concurrent mark sweep GC freed 325(6KB) AllocSpace objects, 0(0B) LOS objects, 28% free, 40MB/56MB, paused 643us total 30.716ms
08-03 17:26:37.436 32547  1003 I art     : Starting a blocking GC Explicit
08-03 17:26:37.464 32547  1003 I art     : Explicit concurrent mark sweep GC freed 151(2656B) AllocSpace objects, 0(0B) LOS objects, 28% free, 40MB/56MB, paused 626us total 28.278ms
08-03 17:26:37.669   380   380 W SurfaceFlinger: couldn't log to binary event log: overflow.
08-03 17:26:37.787 32547 32558 I art     : Starting a blocking GC Explicit
08-03 17:26:37.825 32547 32558 I art     : Explicit concurrent mark sweep GC freed 2820(106KB) AllocSpace objects, 3(228KB) LOS objects, 28% free, 40MB/56MB, paused 769us total 37.544ms
08-03 17:26:37.842 32547 32558 I art     : Starting a blocking GC Explicit
08-03 17:26:37.872 32547 32558 I art     : Explicit concurrent mark sweep GC freed 4844(341KB) AllocSpace objects, 7(132KB) LOS objects, 28% free, 39MB/55MB, paused 686us total 29.662ms
08-03 17:26:37.885 32547 32558 I art     : Starting a blocking GC Explicit
08-03 17:26:37.916 32547 32558 I art     : Explicit concurrent mark sweep GC freed 100(1728B) AllocSpace objects, 0(0B) LOS objects, 28% free, 39MB/55MB, paused 586us total 30.820ms
08-03 17:26:37.929 32547 32558 I art     : Starting a blocking GC Explicit
08-03 17:26:37.960 32547 32558 I art     : Explicit concurrent mark sweep GC freed 147(2496B) AllocSpace objects, 0(0B) LOS objects, 28% free, 39MB/55MB, paused 648us total 31.346ms
08-03 17:26:37.973 32547 32558 I art     : Starting a blocking GC Explicit
08-03 17:26:38.005 32547 32558 I art     : Explicit concurrent mark sweep GC freed 146(2464B) AllocSpace objects, 0(0B) LOS objects, 28% free, 39MB/55MB, paused 712us total 31.866ms
08-03 17:26:38.337 32547 32618 I art     : Starting a blocking GC Explicit
08-03 17:26:38.371 32547 32618 I art     : Explicit concurrent mark sweep GC freed 2466(100KB) AllocSpace objects, 2(40KB) LOS objects, 28% free, 39MB/55MB, paused 832us total 33.435ms
08-03 17:26:38.384 32547 32618 I art     : Starting a blocking GC Explicit
08-03 17:26:38.417 32547 32618 I art     : Explicit concurrent mark sweep GC freed 169(3KB) AllocSpace objects, 0(0B) LOS objects, 28% free, 39MB/55MB, paused 770us total 32.557ms
08-03 17:26:38.430 32547 32618 I art     : Starting a blocking GC Explicit
08-03 17:26:38.462 32547 32618 I art     : Explicit concurrent mark sweep GC freed 147(2496B) AllocSpace objects, 0(0B) LOS objects, 28% free, 39MB/55MB, paused 663us total 31.962ms
08-03 17:26:38.475 32547 32618 I art     : Starting a blocking GC Explicit
08-03 17:26:38.508 32547 32618 I art     : Explicit concurrent mark sweep GC freed 147(2496B) AllocSpace objects, 0(0B) LOS objects, 28% free, 39MB/55MB, paused 706us total 33.049ms
08-03 17:26:38.522 32547 32618 I art     : Starting a blocking GC Explicit
08-03 17:26:38.556 32547 32618 I art     : Explicit concurrent mark sweep GC freed 132(2240B) AllocSpace objects, 0(0B) LOS objects, 28% free, 39MB/55MB, paused 805us total 33.355ms
08-03 17:26:38.877 32547  1003 I art     : Starting a blocking GC Explicit
08-03 17:26:38.910 32547  1003 I art     : Explicit concurrent mark sweep GC freed 2451(99KB) AllocSpace objects, 2(40KB) LOS objects, 28% free, 39MB/55MB, paused 682us total 33.066ms
08-03 17:26:38.923 32547  1003 I art     : Starting a blocking GC Explicit
08-03 17:26:38.955 32547  1003 I art     : Explicit concurrent mark sweep GC freed 137(2688B) AllocSpace objects, 0(0B) LOS objects, 28% free, 39MB/55MB, paused 819us total 31.858ms
08-03 17:26:38.968 32547  1003 I art     : Starting a blocking GC Explicit
08-03 17:26:38.998 32547  1003 I art     : Explicit concurrent mark sweep GC freed 128(2192B) AllocSpace objects, 0(0B) LOS objects, 28% free, 39MB/55MB, paused 690us total 30.475ms
08-03 17:26:39.000  1613  1613 D AndroidRuntime: >>>>>> START com.android.internal.os.RuntimeInit uid 2000 <<<<<<
08-03 17:26:39.005  1613  1613 D AndroidRuntime: CheckJNI is OFF
08-03 17:26:39.011 32547  1003 I art     : Starting a blocking GC Explicit
08-03 17:26:39.039  1613  1613 D ICU     : No timezone override file found: /data/misc/zoneinfo/current/icu/icu_tzdata.dat
08-03 17:26:39.042 32547  1003 I art     : Explicit concurrent mark sweep GC freed 146(2464B) AllocSpace objects, 0(0B) LOS objects, 28% free, 39MB/55MB, paused 755us total 30.444ms
08-03 17:26:39.055 32547  1003 I art     : Starting a blocking GC Explicit
08-03 17:26:39.074  1613  1613 I Radio-JNI: register_android_hardware_Radio DONE
08-03 17:26:39.086 32547  1003 I art     : Explicit concurrent mark sweep GC freed 99(1696B) AllocSpace objects, 0(0B) LOS objects, 28% free, 39MB/55MB, paused 660us total 31.618ms
08-03 17:26:39.097  1613  1613 D AndroidRuntime: Calling main entry com.android.commands.input.Input
08-03 17:26:39.098  1613  1613 I Input   : injectKeyEvent: KeyEvent { action=ACTION_DOWN, keyCode=KEYCODE_BACK, scanCode=0, metaState=0, flags=0x0, repeatCount=0, eventTime=638815511, downTime=638815511, deviceId=-1, source=0x101 }
08-03 17:26:39.106  1613  1613 I Input   : injectKeyEvent: KeyEvent { action=ACTION_UP, keyCode=KEYCODE_BACK, scanCode=0, metaState=0, flags=0x0, repeatCount=0, eventTime=638815511, downTime=638815511, deviceId=-1, source=0x101 }
08-03 17:26:39.112  1613  1613 D AndroidRuntime: Shutting down VM
08-03 17:26:39.122 32547 32547 V MainActivity: url = https://project-travel-mate.herokuapp.com/api/number-of-unread-notifications
08-03 17:26:39.150 13866 13866 I GoogleInputMethodServic: GoogleInputMethodService.onFinishInput():3138 
08-03 17:26:39.150 13866 13866 I GoogleInputMethodServic: GoogleInputMethodService.onStartInput():1808 
08-03 17:26:39.393 32547 32560 I art     : Starting a blocking GC Explicit
08-03 17:26:39.431 32547 32560 I art     : Explicit concurrent mark sweep GC freed 3014(125KB) AllocSpace objects, 2(40KB) LOS objects, 28% free, 39MB/55MB, paused 639us total 36.959ms
08-03 17:26:39.438   380   380 W SurfaceFlinger: couldn't log to binary event log: overflow.
08-03 17:26:39.444 32547 32560 I art     : Starting a blocking GC Explicit
08-03 17:26:39.473 32547 32560 I art     : Explicit concurrent mark sweep GC freed 198(5KB) AllocSpace objects, 0(0B) LOS objects, 28% free, 39MB/55MB, paused 736us total 29.411ms
08-03 17:26:39.486 32547 32560 I art     : Starting a blocking GC Explicit
08-03 17:26:39.516 32547 32560 I art     : Explicit concurrent mark sweep GC freed 169(7KB) AllocSpace objects, 0(0B) LOS objects, 28% free, 39MB/55MB, paused 693us total 30.201ms
08-03 17:26:39.528 32547 32560 I art     : Starting a blocking GC Explicit
08-03 17:26:39.560 32547 32560 I art     : Explicit concurrent mark sweep GC freed 97(2128B) AllocSpace objects, 0(0B) LOS objects, 28% free, 39MB/55MB, paused 811us total 31.270ms
08-03 17:26:39.573 32547 32560 I art     : Starting a blocking GC Explicit
08-03 17:26:39.606 32547 32560 I art     : Explicit concurrent mark sweep GC freed 86(1920B) AllocSpace objects, 0(0B) LOS objects, 28% free, 39MB/55MB, paused 837us total 33.573ms
08-03 17:26:39.709 32547  1636 I NAPPA_EXPERIMENTATION: MetricNetworkRequestExecutionTime: REQUEST_DURATION_SYSTEM='587',REQUEST_DURATION_OKHTTP='40',REQUEST_SYNCHRONOUS='FALSE',RESPONSE_CODE='200',RESPONSE_METHOD='GET',RESPONSE_LENGTH_OKHTTP='36',RESPONSE_LENGTH_HEADER='36',REQUEST_PROTOCOL='http/1.1',REQUEST_URL='https://project-travel-mate.herokuapp.com/api/number-of-unread-notifications',
08-03 17:26:39.926 32547  1003 I art     : Starting a blocking GC Explicit
08-03 17:26:39.961 32547  1003 I art     : Explicit concurrent mark sweep GC freed 4751(240KB) AllocSpace objects, 5(240KB) LOS objects, 28% free, 39MB/55MB, paused 724us total 33.995ms
08-03 17:26:39.973 32547  1003 I art     : Starting a blocking GC Explicit
08-03 17:26:40.007 32547  1003 I art     : Explicit concurrent mark sweep GC freed 1028(118KB) AllocSpace objects, 0(0B) LOS objects, 28% free, 39MB/55MB, paused 941us total 33.533ms
08-03 17:26:40.020 32547  1003 I art     : Starting a blocking GC Explicit
08-03 17:26:40.053 32547  1003 I art     : Explicit concurrent mark sweep GC freed 51(896B) AllocSpace objects, 0(0B) LOS objects, 28% free, 39MB/55MB, paused 703us total 33.021ms
08-03 17:26:40.066 32547  1003 I art     : Starting a blocking GC Explicit
08-03 17:26:40.100 32547  1003 I art     : Explicit concurrent mark sweep GC freed 75(1296B) AllocSpace objects, 0(0B) LOS objects, 28% free, 39MB/55MB, paused 719us total 33.454ms
08-03 17:26:40.113 32547  1003 I art     : Starting a blocking GC Explicit
08-03 17:26:40.147 32547  1003 I art     : Explicit concurrent mark sweep GC freed 75(1296B) AllocSpace objects, 0(0B) LOS objects, 28% free, 39MB/55MB, paused 773us total 33.595ms
08-03 17:26:40.468 32547 32558 I art     : Starting a blocking GC Explicit
08-03 17:26:40.501 32547 32558 I art     : Explicit concurrent mark sweep GC freed 1931(91KB) AllocSpace objects, 2(40KB) LOS objects, 28% free, 39MB/55MB, paused 699us total 32.285ms
08-03 17:26:40.514 32547 32558 I art     : Starting a blocking GC Explicit
08-03 17:26:40.545 32547 32558 I art     : Explicit concurrent mark sweep GC freed 94(1984B) AllocSpace objects, 0(0B) LOS objects, 28% free, 39MB/55MB, paused 738us total 31.385ms
08-03 17:26:40.558 32547 32558 I art     : Starting a blocking GC Explicit
08-03 17:26:40.590 32547 32558 I art     : Explicit concurrent mark sweep GC freed 59(1024B) AllocSpace objects, 0(0B) LOS objects, 28% free, 39MB/55MB, paused 896us total 31.899ms
08-03 17:26:40.603 32547 32558 I art     : Starting a blocking GC Explicit
08-03 17:26:40.635 32547 32558 I art     : Explicit concurrent mark sweep GC freed 67(1168B) AllocSpace objects, 0(0B) LOS objects, 28% free, 39MB/55MB, paused 725us total 32.440ms
08-03 17:26:40.648 32547 32558 I art     : Starting a blocking GC Explicit
08-03 17:26:40.679 32547 32558 I art     : Explicit concurrent mark sweep GC freed 75(1296B) AllocSpace objects, 0(0B) LOS objects, 28% free, 39MB/55MB, paused 722us total 30.760ms
08-03 17:26:40.752  1666  1666 D AndroidRuntime: >>>>>> START com.android.internal.os.RuntimeInit uid 2000 <<<<<<
08-03 17:26:40.758  1666  1666 D AndroidRuntime: CheckJNI is OFF
08-03 17:26:40.794  1666  1666 D ICU     : No timezone override file found: /data/misc/zoneinfo/current/icu/icu_tzdata.dat
08-03 17:26:40.831  1666  1666 I Radio-JNI: register_android_hardware_Radio DONE
08-03 17:26:40.852  1666  1666 D AndroidRuntime: Calling main entry com.android.commands.input.Input
08-03 17:26:40.854  1666  1666 I Input   : injectMotionEvent: MotionEvent { action=ACTION_DOWN, actionButton=0, id[0]=0, x[0]=117.0, y[0]=170.0, toolType[0]=TOOL_TYPE_UNKNOWN, buttonState=0, metaState=0, flags=0x0, edgeFlags=0x0, pointerCount=1, historySize=0, eventTime=638817267, downTime=638817267, deviceId=0, source=0x1002 }
08-03 17:26:40.858  1666  1666 I Input   : injectMotionEvent: MotionEvent { action=ACTION_UP, actionButton=0, id[0]=0, x[0]=117.0, y[0]=170.0, toolType[0]=TOOL_TYPE_UNKNOWN, buttonState=0, metaState=0, flags=0x0, edgeFlags=0x0, pointerCount=1, historySize=0, eventTime=638817267, downTime=638817267, deviceId=0, source=0x1002 }
08-03 17:26:40.860  1666  1666 D AndroidRuntime: Shutting down VM
08-03 17:26:40.878   512  2967 D audio_hw_primary: out_set_parameters: enter: usecase(1: low-latency-playback) kvpairs: routing=2
08-03 17:26:40.891   512  2967 D audio_hw_primary: select_devices: out_snd_device(2: speaker) in_snd_device(0: none)
08-03 17:26:40.891   512  2967 D msm8974_platform: platform_send_audio_calibration: sending audio calibration for snd_device(2) acdb_id(15)
08-03 17:26:40.891   512  2967 I soundtrigger: audio_extn_sound_trigger_update_device_status: device 0x2 of type 0 for Event 1
08-03 17:26:40.900   512  2967 D audio_hw_primary: enable_snd_device: snd_device(2: speaker)
08-03 17:26:40.902   512  2967 D audio_hw_primary: enable_audio_route: apply and update mixer path: low-latency-playback speaker
08-03 17:26:40.988 32547 32558 I art     : Starting a blocking GC Explicit
08-03 17:26:41.018 32547 32558 I art     : Explicit concurrent mark sweep GC freed 2360(113KB) AllocSpace objects, 2(40KB) LOS objects, 28% free, 40MB/56MB, paused 813us total 29.916ms
08-03 17:26:41.031 32547 32558 I art     : Starting a blocking GC Explicit
08-03 17:26:41.061 32547 32558 I art     : Explicit concurrent mark sweep GC freed 118(2928B) AllocSpace objects, 0(0B) LOS objects, 28% free, 40MB/56MB, paused 685us total 30.496ms
08-03 17:26:41.074 32547 32558 I art     : Starting a blocking GC Explicit
08-03 17:26:41.104 32547 32558 I art     : Explicit concurrent mark sweep GC freed 63(1552B) AllocSpace objects, 0(0B) LOS objects, 28% free, 40MB/56MB, paused 722us total 29.701ms
08-03 17:26:41.116 32547 32558 I art     : Starting a blocking GC Explicit
08-03 17:26:41.145 32547 32558 I art     : Explicit concurrent mark sweep GC freed 87(1904B) AllocSpace objects, 0(0B) LOS objects, 28% free, 40MB/56MB, paused 729us total 28.332ms
08-03 17:26:41.157 32547 32558 I art     : Starting a blocking GC Explicit
08-03 17:26:41.187 32547 32558 I art     : Explicit concurrent mark sweep GC freed 51(896B) AllocSpace objects, 0(0B) LOS objects, 28% free, 40MB/56MB, paused 768us total 29.454ms
08-03 17:26:41.448   512  2967 D audio_hw_primary: disable_audio_route: reset and update mixer path: low-latency-playback speaker
08-03 17:26:41.450   512  2967 D audio_hw_primary: disable_snd_device: snd_device(2: speaker)
08-03 17:26:41.458   512  2967 I soundtrigger: audio_extn_sound_trigger_update_device_status: device 0x2 of type 0 for Event 0
08-03 17:26:41.481  1694  1694 D AndroidRuntime: >>>>>> START com.android.internal.os.RuntimeInit uid 2000 <<<<<<
08-03 17:26:41.485  1694  1694 D AndroidRuntime: CheckJNI is OFF
08-03 17:26:41.503 32547 32560 I art     : Starting a blocking GC Explicit
08-03 17:26:41.520  1694  1694 D ICU     : No timezone override file found: /data/misc/zoneinfo/current/icu/icu_tzdata.dat
08-03 17:26:41.535 32547 32560 I art     : Explicit concurrent mark sweep GC freed 1976(93KB) AllocSpace objects, 2(40KB) LOS objects, 28% free, 40MB/56MB, paused 767us total 32.374ms
08-03 17:26:41.548 32547 32560 I art     : Starting a blocking GC Explicit
08-03 17:26:41.555  1694  1694 I Radio-JNI: register_android_hardware_Radio DONE
08-03 17:26:41.576  1694  1694 D AndroidRuntime: Calling main entry com.android.commands.input.Input
08-03 17:26:41.578  1694  1694 I Input   : injectMotionEvent: MotionEvent { action=ACTION_DOWN, actionButton=0, id[0]=0, x[0]=355.0, y[0]=1674.0, toolType[0]=TOOL_TYPE_UNKNOWN, buttonState=0, metaState=0, flags=0x0, edgeFlags=0x0, pointerCount=1, historySize=0, eventTime=638817991, downTime=638817991, deviceId=0, source=0x1002 }
08-03 17:26:41.579 32547 32560 I art     : Explicit concurrent mark sweep GC freed 102(2240B) AllocSpace objects, 0(0B) LOS objects, 28% free, 40MB/56MB, paused 762us total 30.134ms
08-03 17:26:41.582  1694  1694 I Input   : injectMotionEvent: MotionEvent { action=ACTION_UP, actionButton=0, id[0]=0, x[0]=355.0, y[0]=1674.0, toolType[0]=TOOL_TYPE_UNKNOWN, buttonState=0, metaState=0, flags=0x0, edgeFlags=0x0, pointerCount=1, historySize=0, eventTime=638817991, downTime=638817991, deviceId=0, source=0x1002 }
08-03 17:26:41.584  1694  1694 D AndroidRuntime: Shutting down VM
08-03 17:26:41.591 32547 32560 I art     : Starting a blocking GC Explicit
08-03 17:26:41.595   512  2967 D audio_hw_primary: out_set_parameters: enter: usecase(1: low-latency-playback) kvpairs: routing=2
08-03 17:26:41.608   512  2967 D audio_hw_primary: select_devices: out_snd_device(2: speaker) in_snd_device(0: none)
08-03 17:26:41.609   512  2967 D msm8974_platform: platform_send_audio_calibration: sending audio calibration for snd_device(2) acdb_id(15)
08-03 17:26:41.609   512  2967 I soundtrigger: audio_extn_sound_trigger_update_device_status: device 0x2 of type 0 for Event 1
08-03 17:26:41.617   512  2967 D audio_hw_primary: enable_snd_device: snd_device(2: speaker)
08-03 17:26:41.620   512  2967 D audio_hw_primary: enable_audio_route: apply and update mixer path: low-latency-playback speaker
08-03 17:26:41.623 32547 32560 I art     : Explicit concurrent mark sweep GC freed 471(22KB) AllocSpace objects, 0(0B) LOS objects, 23% free, 51MB/67MB, paused 831us total 31.972ms
08-03 17:26:41.635 32547 32560 I art     : Starting a blocking GC Explicit
08-03 17:26:41.665 32547 32560 I art     : Explicit concurrent mark sweep GC freed 1374(143KB) AllocSpace objects, 0(0B) LOS objects, 23% free, 50MB/66MB, paused 760us total 29.594ms
08-03 17:26:41.665   512  2967 D AudioFlinger: mixer(0xf4740000) throttle end: throttle time(12)
08-03 17:26:41.677 32547 32560 I art     : Starting a blocking GC Explicit
08-03 17:26:41.707 32547 32560 I art     : Explicit concurrent mark sweep GC freed 7(272B) AllocSpace objects, 0(0B) LOS objects, 23% free, 50MB/66MB, paused 788us total 29.108ms
08-03 17:26:42.008 32547 32558 I art     : Starting a blocking GC Explicit
08-03 17:26:42.038 32547 32558 I art     : Explicit concurrent mark sweep GC freed 6(1216B) AllocSpace objects, 0(0B) LOS objects, 12% free, 115MB/131MB, paused 842us total 30.113ms
08-03 17:26:42.052 32547 32558 I art     : Starting a blocking GC Explicit
08-03 17:26:42.083 32547 32558 I art     : Explicit concurrent mark sweep GC freed 3(96B) AllocSpace objects, 0(0B) LOS objects, 12% free, 115MB/131MB, paused 810us total 30.601ms
08-03 17:26:42.096 32547 32558 I art     : Starting a blocking GC Explicit
08-03 17:26:42.125 32547 32558 I art     : Explicit concurrent mark sweep GC freed 3(96B) AllocSpace objects, 0(0B) LOS objects, 12% free, 115MB/131MB, paused 747us total 28.687ms
08-03 17:26:42.137 32547 32558 I art     : Starting a blocking GC Explicit
08-03 17:26:42.158   512  2967 D audio_hw_primary: disable_audio_route: reset and update mixer path: low-latency-playback speaker
08-03 17:26:42.159   512  2967 D audio_hw_primary: disable_snd_device: snd_device(2: speaker)
08-03 17:26:42.166 32547 32558 I art     : Explicit concurrent mark sweep GC freed 7(272B) AllocSpace objects, 0(0B) LOS objects, 10% free, 134MB/150MB, paused 729us total 28.495ms
08-03 17:26:42.167   512  2967 I soundtrigger: audio_extn_sound_trigger_update_device_status: device 0x2 of type 0 for Event 0
08-03 17:26:42.178 32547 32558 I art     : Starting a blocking GC Explicit
08-03 17:26:42.207 32547 32558 I art     : Explicit concurrent mark sweep GC freed 5(192B) AllocSpace objects, 0(0B) LOS objects, 10% free, 134MB/150MB, paused 783us total 28.546ms
08-03 17:26:42.259 32547 32547 I Choreographer: Skipped 39 frames!  The application may be doing too much work on its main thread.
08-03 17:26:42.260 32547 32547 V MainActivity: url = https://project-travel-mate.herokuapp.com/api/number-of-unread-notifications
08-03 17:26:42.561 32547 32558 I art     : Starting a blocking GC Explicit
08-03 17:26:42.607 32547 32558 I art     : Explicit concurrent mark sweep GC freed 3200(150KB) AllocSpace objects, 11(288KB) LOS objects, 10% free, 134MB/150MB, paused 868us total 45.424ms
08-03 17:26:42.621 32547 32558 I art     : Starting a blocking GC Explicit
08-03 17:26:42.655 32547 32558 I art     : Explicit concurrent mark sweep GC freed 930(53KB) AllocSpace objects, 0(0B) LOS objects, 10% free, 134MB/150MB, paused 748us total 33.791ms
08-03 17:26:42.668 32547 32558 I art     : Starting a blocking GC Explicit
08-03 17:26:42.702 32547 32558 I art     : Explicit concurrent mark sweep GC freed 13(608B) AllocSpace objects, 0(0B) LOS objects, 10% free, 134MB/150MB, paused 810us total 34.211ms
08-03 17:26:42.716 32547 32558 I art     : Starting a blocking GC Explicit
08-03 17:26:42.750 32547 32558 I art     : Explicit concurrent mark sweep GC freed 2568(131KB) AllocSpace objects, 2(120KB) LOS objects, 10% free, 134MB/150MB, paused 764us total 33.993ms
08-03 17:26:42.763 32547 32558 I art     : Starting a blocking GC Explicit
08-03 17:26:42.779 32547  1726 I NAPPA_EXPERIMENTATION: MetricNetworkRequestExecutionTime: REQUEST_DURATION_SYSTEM='519',REQUEST_DURATION_OKHTTP='40',REQUEST_SYNCHRONOUS='FALSE',RESPONSE_CODE='200',RESPONSE_METHOD='GET',RESPONSE_LENGTH_OKHTTP='36',RESPONSE_LENGTH_HEADER='36',REQUEST_PROTOCOL='http/1.1',REQUEST_URL='https://project-travel-mate.herokuapp.com/api/number-of-unread-notifications',
08-03 17:26:42.796 32547 32558 I art     : Explicit concurrent mark sweep GC freed 1050(127KB) AllocSpace objects, 1(80KB) LOS objects, 10% free, 134MB/150MB, paused 739us total 33.270ms
08-03 17:26:43.151 32547 32618 I art     : Starting a blocking GC Explicit
08-03 17:26:43.194 32547 32618 I art     : Explicit concurrent mark sweep GC freed 1557(88KB) AllocSpace objects, 2(36KB) LOS objects, 10% free, 134MB/150MB, paused 803us total 42.719ms
08-03 17:26:43.210 32547 32618 I art     : Starting a blocking GC Explicit
08-03 17:26:43.244 32547 32618 I art     : Explicit concurrent mark sweep GC freed 22(784B) AllocSpace objects, 0(0B) LOS objects, 10% free, 134MB/150MB, paused 734us total 33.978ms
08-03 17:26:43.257 32547 32618 I art     : Starting a blocking GC Explicit
08-03 17:26:43.291 32547 32618 I art     : Explicit concurrent mark sweep GC freed 3(96B) AllocSpace objects, 0(0B) LOS objects, 10% free, 134MB/150MB, paused 717us total 33.501ms
08-03 17:26:43.304 32547 32618 I art     : Starting a blocking GC Explicit
08-03 17:26:43.338 32547 32618 I art     : Explicit concurrent mark sweep GC freed 3(96B) AllocSpace objects, 0(0B) LOS objects, 10% free, 134MB/150MB, paused 788us total 33.352ms
08-03 17:26:43.351 32547 32618 I art     : Starting a blocking GC Explicit
08-03 17:26:43.385 32547 32618 I art     : Explicit concurrent mark sweep GC freed 3(96B) AllocSpace objects, 0(0B) LOS objects, 10% free, 134MB/150MB, paused 698us total 33.589ms
08-03 17:26:43.625 25614 25616 E QC-QMI  : qmi_client [25614] 471: failed to locate client data
08-03 17:26:43.626   519   519 E QC-QMI  : qmuxd: RX on fd=18 returned error=0 errno[2:No such file or directory]
08-03 17:26:43.626   519   519 E QC-QMI  : QMUX qmux_client_id=471 not found in qmux client list, unable to remove
08-03 17:26:43.627 25614 25614 I Atfwd_Daemon: Stop the daemon....
08-03 17:26:43.639  1766  1766 W ATFWD-daemon: type=1400 audit(0.0:724554): avc: denied { read write } for name="diag" dev="tmpfs" ino=1296 scontext=u:r:atfwd:s0 tcontext=u:object_r:diag_device:s0 tclass=chr_file permissive=0
08-03 17:26:43.650  1766  1766 I libmdmdetect: ESOC framework not supported
08-03 17:26:43.651  1766  1766 I libmdmdetect: Found internal modem: modem
08-03 17:26:43.651  1766  1766 E Diag_Lib:  Diag_LSM_Init: Failed to open handle to diag driver, error = 13
08-03 17:26:43.657  1766  1766 I Atfwd_Daemon: result : 255 	 ,Init step :0 	 ,qmiErrorCode: 0
08-03 17:26:43.657  1766  1766 I Atfwd_Daemon: result : 0 	 ,Init step :1 	 ,qmiErrorCode: 0
08-03 17:26:43.658  1766  1766 I ServiceManager: Waiting for service AtCmdFwd...
08-03 17:26:43.767 32547  1003 I art     : Starting a blocking GC Explicit
08-03 17:26:43.810 32547  1003 I art     : Explicit concurrent mark sweep GC freed 1427(83KB) AllocSpace objects, 2(36KB) LOS objects, 10% free, 134MB/150MB, paused 765us total 42.437ms
08-03 17:26:43.826 32547  1003 I art     : Starting a blocking GC Explicit
08-03 17:26:43.858 32547  1003 I art     : Explicit concurrent mark sweep GC freed 22(784B) AllocSpace objects, 0(0B) LOS objects, 10% free, 134MB/150MB, paused 735us total 32.284ms
08-03 17:26:43.871 32547  1003 I art     : Starting a blocking GC Explicit
08-03 17:26:43.903 32547  1003 I art     : Explicit concurrent mark sweep GC freed 6(192B) AllocSpace objects, 0(0B) LOS objects, 10% free, 134MB/150MB, paused 748us total 32.214ms
08-03 17:26:43.918 32547  1003 I art     : Starting a blocking GC Explicit
08-03 17:26:43.949 32547  1003 I art     : Explicit concurrent mark sweep GC freed 9(288B) AllocSpace objects, 0(0B) LOS objects, 10% free, 134MB/150MB, paused 637us total 30.354ms
08-03 17:26:43.961 32547  1003 I art     : Starting a blocking GC Explicit
08-03 17:26:43.992 32547  1003 I art     : Explicit concurrent mark sweep GC freed 7(224B) AllocSpace objects, 0(0B) LOS objects, 10% free, 134MB/150MB, paused 659us total 30.267ms
08-03 17:26:44.311 32547  1003 I art     : Starting a blocking GC Explicit
08-03 17:26:44.349 32547  1003 I art     : Explicit concurrent mark sweep GC freed 1456(84KB) AllocSpace objects, 2(36KB) LOS objects, 10% free, 134MB/150MB, paused 775us total 37.795ms
08-03 17:26:44.362 32547  1003 I art     : Starting a blocking GC Explicit
08-03 17:26:44.395 32547  1003 I art     : Explicit concurrent mark sweep GC freed 32(1328B) AllocSpace objects, 0(0B) LOS objects, 10% free, 134MB/150MB, paused 779us total 32.679ms
08-03 17:26:44.408 32547  1003 I art     : Starting a blocking GC Explicit
08-03 17:26:44.441 32547  1003 I art     : Explicit concurrent mark sweep GC freed 3(96B) AllocSpace objects, 0(0B) LOS objects, 10% free, 134MB/150MB, paused 743us total 32.550ms
08-03 17:26:44.454 32547  1003 I art     : Starting a blocking GC Explicit
08-03 17:26:44.468  1772  1772 D AndroidRuntime: >>>>>> START com.android.internal.os.RuntimeInit uid 2000 <<<<<<
08-03 17:26:44.486 32547  1003 I art     : Explicit concurrent mark sweep GC freed 3(96B) AllocSpace objects, 0(0B) LOS objects, 10% free, 134MB/150MB, paused 695us total 32.444ms
08-03 17:26:44.499 32547  1003 I art     : Starting a blocking GC Explicit
08-03 17:26:44.516  1772  1772 D AndroidRuntime: CheckJNI is OFF
08-03 17:26:44.531 32547  1003 I art     : Explicit concurrent mark sweep GC freed 3(96B) AllocSpace objects, 0(0B) LOS objects, 10% free, 134MB/150MB, paused 738us total 31.886ms
08-03 17:26:44.574  1772  1772 D ICU     : No timezone override file found: /data/misc/zoneinfo/current/icu/icu_tzdata.dat
08-03 17:26:44.615  1772  1772 I Radio-JNI: register_android_hardware_Radio DONE
08-03 17:26:44.637  1772  1772 D AndroidRuntime: Calling main entry com.android.commands.input.Input
08-03 17:26:44.639  1772  1772 I Input   : injectMotionEvent: MotionEvent { action=ACTION_DOWN, actionButton=0, id[0]=0, x[0]=747.0, y[0]=608.0, toolType[0]=TOOL_TYPE_UNKNOWN, buttonState=0, metaState=0, flags=0x0, edgeFlags=0x0, pointerCount=1, historySize=0, eventTime=638821052, downTime=638821052, deviceId=0, source=0x1002 }
08-03 17:26:44.646  1772  1772 I Input   : injectMotionEvent: MotionEvent { action=ACTION_UP, actionButton=0, id[0]=0, x[0]=747.0, y[0]=608.0, toolType[0]=TOOL_TYPE_UNKNOWN, buttonState=0, metaState=0, flags=0x0, edgeFlags=0x0, pointerCount=1, historySize=0, eventTime=638821052, downTime=638821052, deviceId=0, source=0x1002 }
08-03 17:26:44.647  1772  1772 D AndroidRuntime: Shutting down VM
08-03 17:26:44.649   512  2967 D audio_hw_primary: out_set_parameters: enter: usecase(1: low-latency-playback) kvpairs: routing=2
08-03 17:26:44.654   918  3961 I ActivityManager: START u0 {cmp=baseline.io.github.project_travel_mate/.utilities.ChecklistActivity} from uid 10623 on display 0
08-03 17:26:44.658  1766  1766 I ServiceManager: Waiting for service AtCmdFwd...
08-03 17:26:44.663   512  2967 D audio_hw_primary: select_devices: out_snd_device(2: speaker) in_snd_device(0: none)
08-03 17:26:44.663   512  2967 D msm8974_platform: platform_send_audio_calibration: sending audio calibration for snd_device(2) acdb_id(15)
08-03 17:26:44.664   512  2967 I soundtrigger: audio_extn_sound_trigger_update_device_status: device 0x2 of type 0 for Event 1
08-03 17:26:44.677   512  2967 D audio_hw_primary: enable_snd_device: snd_device(2: speaker)
08-03 17:26:44.680   512  2967 D audio_hw_primary: enable_audio_route: apply and update mixer path: low-latency-playback speaker
08-03 17:26:44.850 32547  1003 I art     : Starting a blocking GC Explicit
08-03 17:26:44.897 32547  1003 I art     : Explicit concurrent mark sweep GC freed 3975(343KB) AllocSpace objects, 3(56KB) LOS objects, 10% free, 135MB/151MB, paused 1.808ms total 46.471ms
08-03 17:26:44.909 32547  1003 I art     : Starting a blocking GC Explicit
08-03 17:26:44.946 32547  1003 I art     : Explicit concurrent mark sweep GC freed 21866(898KB) AllocSpace objects, 0(0B) LOS objects, 10% free, 135MB/151MB, paused 1.283ms total 36.128ms
08-03 17:26:44.959 32547  1003 I art     : Starting a blocking GC Explicit
08-03 17:26:44.995 32547  1003 I art     : Explicit concurrent mark sweep GC freed 18062(750KB) AllocSpace objects, 0(0B) LOS objects, 10% free, 135MB/151MB, paused 1.442ms total 35.982ms
08-03 17:26:45.008 32547  1003 I art     : Starting a blocking GC Explicit
08-03 17:26:45.044 32547  1003 I art     : Explicit concurrent mark sweep GC freed 22266(908KB) AllocSpace objects, 0(0B) LOS objects, 10% free, 135MB/151MB, paused 1.496ms total 36.279ms
08-03 17:26:45.058 32547  1003 I art     : Starting a blocking GC Explicit
08-03 17:26:45.095 32547  1003 I art     : Explicit concurrent mark sweep GC freed 21227(882KB) AllocSpace objects, 0(0B) LOS objects, 10% free, 135MB/151MB, paused 1.481ms total 37.538ms
08-03 17:26:45.209   512  2967 D audio_hw_primary: disable_audio_route: reset and update mixer path: low-latency-playback speaker
08-03 17:26:45.210   512  2967 D audio_hw_primary: disable_snd_device: snd_device(2: speaker)
08-03 17:26:45.220   512  2967 I soundtrigger: audio_extn_sound_trigger_update_device_status: device 0x2 of type 0 for Event 0
08-03 17:26:45.233 13866 13866 I ShortcutsDataManager: ShortcutsDataManager.onContentChanged():89 onContentChanged()
08-03 17:26:45.336   918   936 I ActivityManager: Displayed baseline.io.github.project_travel_mate/.utilities.ChecklistActivity: +675ms
08-03 17:26:45.336 13866 13866 I GoogleInputMethodServic: GoogleInputMethodService.onFinishInput():3138 
08-03 17:26:45.337 13866 13866 I GoogleInputMethodServic: GoogleInputMethodService.onStartInput():1808 
08-03 17:26:45.338 13866 13866 I ShortcutsDataManager: AbstractContentDataManager.startImportContentTask():208 startImportContentTask()
08-03 17:26:45.339 13866 13938 I ShortcutsDataManager: AbstractContentDataManager$ImportContentTask.doInBackground():222 doInBackground()
08-03 17:26:45.340 13866 13938 I PersonalDictionaryDataH: PersonalDictionaryDataHandler.beginProcess():111 LanguageTags = [en-US]
08-03 17:26:45.361 13866 13938 I ShortcutsDataManager: AbstractContentDataManager.importRecords():312 importRecords() : Success : Count = 0
08-03 17:26:45.368 13866 13938 I ShortcutsDataManager: AbstractContentDataManager.importContentData():262 importContentData() : Ending import process
08-03 17:26:45.397 13866 13938 I PersonalLanguageModelUp: PersonalLanguageModelUpdater$UpdateOperation.performInternal():160 run() : Added 0 words and 0 shortcuts
08-03 17:26:45.397 13866 13938 I DynamicLanguageModelOpe: DynamicLanguageModelOperation.perform():37 perform() : 4 : coc : Completed
08-03 17:26:45.397 13866 13950 I Delight5Decoder: Delight5DecoderWrapper.loadLanguageModel():578 loadLanguageModel() : 4, version [n/a]
08-03 17:26:45.397 13866 13866 I ShortcutsDataManager: AbstractContentDataManager$ImportContentTask.onPostExecute():233 onPostExecute() : Result = [2,0]
08-03 17:26:45.398 13866 13866 I ShortcutsDataManager: ShortcutsDataManager.onImportFinished():99 onImportFinished() : Result = 2 : Count = 0
08-03 17:26:45.398 13866 13950 I Delight5Decoder: Delight5DecoderWrapper.loadLanguageModel():616 Loaded dynamic LM 4.en
08-03 17:26:45.438 32547  1003 I art     : Starting a blocking GC Explicit
08-03 17:26:45.500 32547  1003 I art     : Explicit concurrent mark sweep GC freed 74119(2MB) AllocSpace objects, 2(36KB) LOS objects, 10% free, 136MB/152MB, paused 1.343ms total 61.558ms
08-03 17:26:45.520 32547  1003 I art     : Starting a blocking GC Explicit
08-03 17:26:45.567 32547  1003 I art     : Explicit concurrent mark sweep GC freed 1939(176KB) AllocSpace objects, 0(0B) LOS objects, 10% free, 136MB/152MB, paused 1.495ms total 47.418ms
08-03 17:26:45.583 32547  1003 I art     : Starting a blocking GC Explicit
08-03 17:26:45.603   380   380 W SurfaceFlinger: couldn't log to binary event log: overflow.
08-03 17:26:45.630 32547  1003 I art     : Explicit concurrent mark sweep GC freed 15(752B) AllocSpace objects, 0(0B) LOS objects, 10% free, 136MB/152MB, paused 1.278ms total 46.611ms
08-03 17:26:45.644 32547  1003 I art     : Starting a blocking GC Explicit
08-03 17:26:45.659  1766  1766 I ServiceManager: Waiting for service AtCmdFwd...
08-03 17:26:45.680 32547  1003 I art     : Explicit concurrent mark sweep GC freed 19(880B) AllocSpace objects, 0(0B) LOS objects, 10% free, 136MB/152MB, paused 902us total 34.973ms
08-03 17:26:45.693 32547  1003 I art     : Starting a blocking GC Explicit
08-03 17:26:45.733 32547  1003 I art     : Explicit concurrent mark sweep GC freed 41(1392B) AllocSpace objects, 0(0B) LOS objects, 10% free, 136MB/152MB, paused 918us total 39.349ms
08-03 17:26:46.092 32547 32560 I art     : Starting a blocking GC Explicit
08-03 17:26:46.147 32547 32560 I art     : Explicit concurrent mark sweep GC freed 1599(91KB) AllocSpace objects, 2(36KB) LOS objects, 10% free, 136MB/152MB, paused 1.079ms total 54.021ms
08-03 17:26:46.166 32547 32560 I art     : Starting a blocking GC Explicit
08-03 17:26:46.209 32547 32560 I art     : Explicit concurrent mark sweep GC freed 34(1200B) AllocSpace objects, 0(0B) LOS objects, 10% free, 136MB/152MB, paused 1.071ms total 42.042ms
08-03 17:26:46.224 32547 32560 I art     : Starting a blocking GC Explicit
08-03 17:26:46.267 32547 32560 I art     : Explicit concurrent mark sweep GC freed 3(96B) AllocSpace objects, 0(0B) LOS objects, 10% free, 136MB/152MB, paused 1.227ms total 43.507ms
08-03 17:26:46.282 32547 32560 I art     : Starting a blocking GC Explicit
08-03 17:26:46.325 32547 32560 I art     : Explicit concurrent mark sweep GC freed 3(96B) AllocSpace objects, 0(0B) LOS objects, 10% free, 136MB/152MB, paused 1.031ms total 42.971ms
08-03 17:26:46.340 32547 32560 I art     : Starting a blocking GC Explicit
08-03 17:26:46.384 32547 32560 I art     : Explicit concurrent mark sweep GC freed 3(96B) AllocSpace objects, 0(0B) LOS objects, 10% free, 136MB/152MB, paused 1.010ms total 43.305ms
08-03 17:26:46.659  1766  1766 I ServiceManager: Waiting for service AtCmdFwd...
08-03 17:26:46.765   518   646 I ThermalEngine: ACTION: GPU - Setting GPU[0] to 450000000
08-03 17:26:46.777 32547 32558 I art     : Starting a blocking GC Explicit
08-03 17:26:46.846 32547 32558 I art     : Explicit concurrent mark sweep GC freed 1581(90KB) AllocSpace objects, 2(36KB) LOS objects, 10% free, 136MB/152MB, paused 1.470ms total 67.984ms
08-03 17:26:46.868 32547 32558 I art     : Starting a blocking GC Explicit
08-03 17:26:46.925 32547 32558 I art     : Explicit concurrent mark sweep GC freed 26(944B) AllocSpace objects, 0(0B) LOS objects, 10% free, 136MB/152MB, paused 1.392ms total 56.901ms
08-03 17:26:46.944 32547 32558 I art     : Starting a blocking GC Explicit
08-03 17:26:47.003 32547 32558 I art     : Explicit concurrent mark sweep GC freed 3(96B) AllocSpace objects, 0(0B) LOS objects, 10% free, 136MB/152MB, paused 1.392ms total 58.484ms
08-03 17:26:47.026 32547 32558 I art     : Starting a blocking GC Explicit
08-03 17:26:47.086 32547 32558 I art     : Explicit concurrent mark sweep GC freed 8(320B) AllocSpace objects, 0(0B) LOS objects, 10% free, 136MB/152MB, paused 1.503ms total 59.177ms
08-03 17:26:47.108 32547 32558 I art     : Starting a blocking GC Explicit
08-03 17:26:47.164 32547 32558 I art     : Explicit concurrent mark sweep GC freed 16(848B) AllocSpace objects, 0(0B) LOS objects, 10% free, 136MB/152MB, paused 1.402ms total 56.311ms
08-03 17:26:47.605 32547  1003 I art     : Starting a blocking GC Explicit
08-03 17:26:47.660  1766  1766 I ServiceManager: Waiting for service AtCmdFwd...
08-03 17:26:47.668 32547  1003 I art     : Explicit concurrent mark sweep GC freed 1547(90KB) AllocSpace objects, 2(36KB) LOS objects, 10% free, 136MB/152MB, paused 1.472ms total 62.480ms
08-03 17:26:47.687 32547  1003 I art     : Starting a blocking GC Explicit
08-03 17:26:47.737 32547  1003 I art     : Explicit concurrent mark sweep GC freed 26(944B) AllocSpace objects, 0(0B) LOS objects, 10% free, 136MB/152MB, paused 1.314ms total 50.535ms
08-03 17:26:47.756 32547  1003 I art     : Starting a blocking GC Explicit
08-03 17:26:47.803 32547  1003 I art     : Explicit concurrent mark sweep GC freed 42(1136B) AllocSpace objects, 0(0B) LOS objects, 10% free, 136MB/152MB, paused 1.349ms total 47.589ms
08-03 17:26:47.823 32547  1003 I art     : Starting a blocking GC Explicit
08-03 17:26:47.879 32547  1003 I art     : Explicit concurrent mark sweep GC freed 18(656B) AllocSpace objects, 0(0B) LOS objects, 10% free, 136MB/152MB, paused 1.315ms total 56.262ms
08-03 17:26:47.899 32547  1003 I art     : Starting a blocking GC Explicit
08-03 17:26:47.960 32547  1003 I art     : Explicit concurrent mark sweep GC freed 9(320B) AllocSpace objects, 0(0B) LOS objects, 10% free, 136MB/152MB, paused 1.528ms total 60.862ms
08-03 17:26:48.394 32547 32560 I art     : Starting a blocking GC Explicit
08-03 17:26:48.467 32547 32560 I art     : Explicit concurrent mark sweep GC freed 1545(89KB) AllocSpace objects, 2(36KB) LOS objects, 10% free, 136MB/152MB, paused 1.455ms total 72.233ms
08-03 17:26:48.490 32547 32560 I art     : Starting a blocking GC Explicit
08-03 17:26:48.545 32547 32560 I art     : Explicit concurrent mark sweep GC freed 26(944B) AllocSpace objects, 0(0B) LOS objects, 10% free, 136MB/152MB, paused 1.397ms total 54.936ms
08-03 17:26:48.564 32547 32560 I art     : Starting a blocking GC Explicit
08-03 17:26:48.622 32547 32560 I art     : Explicit concurrent mark sweep GC freed 14(720B) AllocSpace objects, 0(0B) LOS objects, 10% free, 136MB/152MB, paused 1.461ms total 56.871ms
08-03 17:26:48.644 32547 32560 I art     : Starting a blocking GC Explicit
08-03 17:26:48.660  1766  1766 W Atfwd_Sendcmd: AtCmdFwd service not published, waiting... retryCnt : 1
08-03 17:26:48.700 32547 32560 I art     : Explicit concurrent mark sweep GC freed 14(672B) AllocSpace objects, 0(0B) LOS objects, 10% free, 136MB/152MB, paused 1.419ms total 55.134ms
08-03 17:26:48.719 32547 32560 I art     : Starting a blocking GC Explicit
08-03 17:26:48.771   518   646 I ThermalEngine: ACTION: GPU - Setting GPU[0] to 510000000
08-03 17:26:48.777 32547 32560 I art     : Explicit concurrent mark sweep GC freed 41(1104B) AllocSpace objects, 0(0B) LOS objects, 10% free, 136MB/152MB, paused 1.351ms total 57.463ms
08-03 17:26:48.934   918  3261 D WifiStateMachine: starting scan for "H369AA63323"WPA_PSK with 2412,5180
08-03 17:26:49.121 32547 32558 I art     : Starting a blocking GC Explicit
08-03 17:26:49.168 32547 32558 I art     : Explicit concurrent mark sweep GC freed 1546(89KB) AllocSpace objects, 2(36KB) LOS objects, 10% free, 136MB/152MB, paused 1.091ms total 46.227ms
08-03 17:26:49.182 32547 32558 I art     : Starting a blocking GC Explicit
08-03 17:26:49.223 32547 32558 I art     : Explicit concurrent mark sweep GC freed 26(944B) AllocSpace objects, 0(0B) LOS objects, 10% free, 136MB/152MB, paused 967us total 40.456ms
08-03 17:26:49.237 32547 32558 I art     : Starting a blocking GC Explicit
08-03 17:26:49.278 32547 32558 I art     : Explicit concurrent mark sweep GC freed 3(96B) AllocSpace objects, 0(0B) LOS objects, 10% free, 136MB/152MB, paused 1.073ms total 40.231ms
08-03 17:26:49.292 32547 32558 I art     : Starting a blocking GC Explicit
08-03 17:26:49.334 32547 32558 I art     : Explicit concurrent mark sweep GC freed 3(96B) AllocSpace objects, 0(0B) LOS objects, 10% free, 136MB/152MB, paused 1.004ms total 41.464ms
08-03 17:26:49.348 32547 32558 I art     : Starting a blocking GC Explicit
08-03 17:26:49.350  1880  1880 D AndroidRuntime: >>>>>> START com.android.internal.os.RuntimeInit uid 2000 <<<<<<
08-03 17:26:49.354  1880  1880 D AndroidRuntime: CheckJNI is OFF
08-03 17:26:49.388  1880  1880 D ICU     : No timezone override file found: /data/misc/zoneinfo/current/icu/icu_tzdata.dat
08-03 17:26:49.388 32547 32558 I art     : Explicit concurrent mark sweep GC freed 3(96B) AllocSpace objects, 0(0B) LOS objects, 10% free, 136MB/152MB, paused 1.116ms total 39.465ms
08-03 17:26:49.422  1880  1880 I Radio-JNI: register_android_hardware_Radio DONE
08-03 17:26:49.443  1880  1880 D AndroidRuntime: Calling main entry com.android.commands.input.Input
08-03 17:26:49.445  1880  1880 I Input   : injectKeyEvent: KeyEvent { action=ACTION_DOWN, keyCode=KEYCODE_BACK, scanCode=0, metaState=0, flags=0x0, repeatCount=0, eventTime=638825858, downTime=638825858, deviceId=-1, source=0x101 }
08-03 17:26:49.450  1880  1880 I Input   : injectKeyEvent: KeyEvent { action=ACTION_UP, keyCode=KEYCODE_BACK, scanCode=0, metaState=0, flags=0x0, repeatCount=0, eventTime=638825858, downTime=638825858, deviceId=-1, source=0x101 }
08-03 17:26:49.455  1880  1880 D AndroidRuntime: Shutting down VM
08-03 17:26:49.464 32547 32547 V MainActivity: url = https://project-travel-mate.herokuapp.com/api/number-of-unread-notifications
08-03 17:26:49.500 13866 13866 I GoogleInputMethodServic: GoogleInputMethodService.onFinishInput():3138 
08-03 17:26:49.501 13866 13866 I GoogleInputMethodServic: GoogleInputMethodService.onStartInput():1808 
08-03 17:26:49.708 32547  1003 I art     : Starting a blocking GC Explicit
08-03 17:26:49.760 32547  1003 I art     : Explicit concurrent mark sweep GC freed 2022(111KB) AllocSpace objects, 2(36KB) LOS objects, 10% free, 136MB/152MB, paused 1.362ms total 51.761ms
08-03 17:26:49.775 32547  1003 I art     : Starting a blocking GC Explicit
08-03 17:26:49.782   380   380 W SurfaceFlinger: couldn't log to binary event log: overflow.
08-03 17:26:49.814 32547  1003 I art     : Explicit concurrent mark sweep GC freed 587(24KB) AllocSpace objects, 0(0B) LOS objects, 10% free, 136MB/152MB, paused 1.033ms total 38.757ms
08-03 17:26:49.828 32547  1003 I art     : Starting a blocking GC Explicit
08-03 17:26:49.866 32547  1003 I art     : Explicit concurrent mark sweep GC freed 430(38KB) AllocSpace objects, 1(24KB) LOS objects, 10% free, 136MB/152MB, paused 1.079ms total 38.384ms
08-03 17:26:49.880 32547  1003 I art     : Starting a blocking GC Explicit
08-03 17:26:49.922 32547  1003 I art     : Explicit concurrent mark sweep GC freed 129(6KB) AllocSpace objects, 0(0B) LOS objects, 10% free, 136MB/152MB, paused 1.098ms total 42.171ms
08-03 17:26:49.936 32547  1003 I art     : Starting a blocking GC Explicit
08-03 17:26:49.980 32547  1003 I art     : Explicit concurrent mark sweep GC freed 3(96B) AllocSpace objects, 0(0B) LOS objects, 10% free, 136MB/152MB, paused 1.157ms total 43.706ms
08-03 17:26:50.214 32547  1905 I NAPPA_EXPERIMENTATION: MetricNetworkRequestExecutionTime: REQUEST_DURATION_SYSTEM='749',REQUEST_DURATION_OKHTTP='89',REQUEST_SYNCHRONOUS='FALSE',RESPONSE_CODE='200',RESPONSE_METHOD='GET',RESPONSE_LENGTH_OKHTTP='36',RESPONSE_LENGTH_HEADER='36',REQUEST_PROTOCOL='http/1.1',REQUEST_URL='https://project-travel-mate.herokuapp.com/api/number-of-unread-notifications',
08-03 17:26:50.333 32547 32558 I art     : Starting a blocking GC Explicit
08-03 17:26:50.388 32547 32558 I art     : Explicit concurrent mark sweep GC freed 4365(238KB) AllocSpace objects, 5(236KB) LOS objects, 10% free, 136MB/152MB, paused 1.092ms total 54.040ms
08-03 17:26:50.402 32547 32558 I art     : Starting a blocking GC Explicit
08-03 17:26:50.441 32547 32558 I art     : Explicit concurrent mark sweep GC freed 970(117KB) AllocSpace objects, 0(0B) LOS objects, 10% free, 136MB/152MB, paused 1.073ms total 38.136ms
08-03 17:26:50.454 32547 32558 I art     : Starting a blocking GC Explicit
08-03 17:26:50.497 32547 32558 I art     : Explicit concurrent mark sweep GC freed 3(96B) AllocSpace objects, 0(0B) LOS objects, 10% free, 136MB/152MB, paused 1.303ms total 42.758ms
08-03 17:26:50.512 32547 32558 I art     : Starting a blocking GC Explicit
08-03 17:26:50.556 32547 32558 I art     : Explicit concurrent mark sweep GC freed 3(96B) AllocSpace objects, 0(0B) LOS objects, 10% free, 136MB/152MB, paused 1.090ms total 43.836ms
08-03 17:26:50.571 32547 32558 I art     : Starting a blocking GC Explicit
08-03 17:26:50.615 32547 32558 I art     : Explicit concurrent mark sweep GC freed 3(96B) AllocSpace objects, 0(0B) LOS objects, 10% free, 136MB/152MB, paused 1.115ms total 43.715ms
08-03 17:26:50.955 32547 32618 I art     : Starting a blocking GC Explicit
08-03 17:26:51.003 32547 32618 I art     : Explicit concurrent mark sweep GC freed 1587(90KB) AllocSpace objects, 2(36KB) LOS objects, 10% free, 136MB/152MB, paused 1.178ms total 47.223ms
08-03 17:26:51.017 32547 32618 I art     : Starting a blocking GC Explicit
08-03 17:26:51.059 32547 32618 I art     : Explicit concurrent mark sweep GC freed 26(944B) AllocSpace objects, 0(0B) LOS objects, 10% free, 136MB/152MB, paused 1.162ms total 41.561ms
08-03 17:26:51.074 32547 32618 I art     : Starting a blocking GC Explicit
08-03 17:26:51.118 32547 32618 I art     : Explicit concurrent mark sweep GC freed 6(192B) AllocSpace objects, 0(0B) LOS objects, 10% free, 136MB/152MB, paused 1.243ms total 43.658ms
08-03 17:26:51.120  1927  1927 D AndroidRuntime: >>>>>> START com.android.internal.os.RuntimeInit uid 2000 <<<<<<
08-03 17:26:51.125  1927  1927 D AndroidRuntime: CheckJNI is OFF
08-03 17:26:51.133 32547 32618 I art     : Starting a blocking GC Explicit
08-03 17:26:51.158  1927  1927 D ICU     : No timezone override file found: /data/misc/zoneinfo/current/icu/icu_tzdata.dat
08-03 17:26:51.171 32547 32618 I art     : Explicit concurrent mark sweep GC freed 11(352B) AllocSpace objects, 0(0B) LOS objects, 10% free, 136MB/152MB, paused 1.094ms total 38.034ms
08-03 17:26:51.185 32547 32618 I art     : Starting a blocking GC Explicit
08-03 17:26:51.191  1927  1927 I Radio-JNI: register_android_hardware_Radio DONE
08-03 17:26:51.213  1927  1927 D AndroidRuntime: Calling main entry com.android.commands.input.Input
08-03 17:26:51.216  1927  1927 I Input   : injectMotionEvent: MotionEvent { action=ACTION_DOWN, actionButton=0, id[0]=0, x[0]=657.0, y[0]=2037.0, toolType[0]=TOOL_TYPE_UNKNOWN, buttonState=0, metaState=0, flags=0x0, edgeFlags=0x0, pointerCount=1, historySize=0, eventTime=638827628, downTime=638827628, deviceId=0, source=0x1002 }
08-03 17:26:51.221  1927  1927 I Input   : injectMotionEvent: MotionEvent { action=ACTION_UP, actionButton=0, id[0]=0, x[0]=657.0, y[0]=2037.0, toolType[0]=TOOL_TYPE_UNKNOWN, buttonState=0, metaState=0, flags=0x0, edgeFlags=0x0, pointerCount=1, historySize=0, eventTime=638827628, downTime=638827628, deviceId=0, source=0x1002 }
08-03 17:26:51.223  1927  1927 D AndroidRuntime: Shutting down VM
08-03 17:26:51.225 32547 32618 I art     : Explicit concurrent mark sweep GC freed 12(384B) AllocSpace objects, 0(0B) LOS objects, 10% free, 136MB/152MB, paused 1.197ms total 39.682ms
08-03 17:26:51.236   918   929 I ActivityManager: START u0 {cmp=baseline.io.github.project_travel_mate/.utilities.CompassActivity} from uid 10623 on display 0
08-03 17:26:51.237   512  2967 D audio_hw_primary: out_set_parameters: enter: usecase(1: low-latency-playback) kvpairs: routing=2
08-03 17:26:51.250   512  2967 D audio_hw_primary: select_devices: out_snd_device(2: speaker) in_snd_device(0: none)
08-03 17:26:51.250   512  2967 D msm8974_platform: platform_send_audio_calibration: sending audio calibration for snd_device(2) acdb_id(15)
08-03 17:26:51.250   512  2967 I soundtrigger: audio_extn_sound_trigger_update_device_status: device 0x2 of type 0 for Event 1
08-03 17:26:51.261   512  2967 D audio_hw_primary: enable_snd_device: snd_device(2: speaker)
08-03 17:26:51.263   512  2967 D audio_hw_primary: enable_audio_route: apply and update mixer path: low-latency-playback speaker
08-03 17:26:51.537 32547 32560 I art     : Starting a blocking GC Explicit
08-03 17:26:51.579 32547 32560 I art     : Explicit concurrent mark sweep GC freed 78(7KB) AllocSpace objects, 0(0B) LOS objects, 7% free, 185MB/201MB, paused 1.300ms total 41.286ms
08-03 17:26:51.593 32547 32560 I art     : Starting a blocking GC Explicit
08-03 17:26:51.632 32547 32560 I art     : Explicit concurrent mark sweep GC freed 3(96B) AllocSpace objects, 0(0B) LOS objects, 7% free, 185MB/201MB, paused 1.214ms total 38.771ms
08-03 17:26:51.646 32547 32560 I art     : Starting a blocking GC Explicit
08-03 17:26:51.666 32547 32547 D CompassActivity: start compass
08-03 17:26:51.667   918  3696 I sensors : batch
08-03 17:26:51.667   918  3696 I sensors : activate
08-03 17:26:51.668   918  6029 I sensors : batch
08-03 17:26:51.668   918  6029 I sensors : activate
08-03 17:26:51.674   918  3188 I hubconnection: sensorhub said: 'batch 1 flags:0, sampling_rate_Hz:50.00, max_report_latency_us:0'
08-03 17:26:51.675   918  3188 I hubconnection: sensorhub said: 'activate 1 enable:1'
08-03 17:26:51.676   918  3188 I hubconnection: sensorhub said: 'batch 3 flags:0, sampling_rate_Hz:50.00, max_report_latency_us:0'
08-03 17:26:51.677   918  3188 I hubconnection: sensorhub said: 'activate 3 enable:1'
08-03 17:26:51.687 32547 32560 I art     : Explicit concurrent mark sweep GC freed 130(6KB) AllocSpace objects, 0(0B) LOS objects, 7% free, 188MB/204MB, paused 1.205ms total 40.591ms
08-03 17:26:51.701 32547 32560 I art     : Starting a blocking GC Explicit
08-03 17:26:51.739 32547 32560 I art     : Explicit concurrent mark sweep GC freed 96(4KB) AllocSpace objects, 0(0B) LOS objects, 7% free, 188MB/204MB, paused 1.149ms total 38.214ms
08-03 17:26:51.753 32547 32560 I art     : Starting a blocking GC Explicit
08-03 17:26:51.791 32547 32560 I art     : Explicit concurrent mark sweep GC freed 82(2752B) AllocSpace objects, 0(0B) LOS objects, 7% free, 188MB/204MB, paused 1.021ms total 36.814ms
08-03 17:26:51.798   512  2967 D audio_hw_primary: disable_audio_route: reset and update mixer path: low-latency-playback speaker
08-03 17:26:51.799   512  2967 D audio_hw_primary: disable_snd_device: snd_device(2: speaker)
08-03 17:26:51.806   512  2967 I soundtrigger: audio_extn_sound_trigger_update_device_status: device 0x2 of type 0 for Event 0
08-03 17:26:51.834 32547 32547 D CompassActivity: will set rotation from 0.0 to 178.62299
08-03 17:26:51.835 32547 32547 D CompassActivity: will set rotation from 178.62299 to 178.65869
08-03 17:26:51.835 32547 32547 D CompassActivity: will set rotation from 178.65869 to 178.6867
08-03 17:26:51.840   918   936 I ActivityManager: Displayed baseline.io.github.project_travel_mate/.utilities.CompassActivity: +588ms
08-03 17:26:51.851 13866 13866 I GoogleInputMethodServic: GoogleInputMethodService.onFinishInput():3138 
08-03 17:26:51.854 13866 13866 I GoogleInputMethodServic: GoogleInputMethodService.onStartInput():1808 
08-03 17:26:51.907 32547 32547 D CompassActivity: will set rotation from 178.6867 to 179.1394
08-03 17:26:51.907 32547 32547 D CompassActivity: will set rotation from 179.1394 to 179.15521
08-03 17:26:51.908 32547 32547 D CompassActivity: will set rotation from 179.15521 to 179.22986
08-03 17:26:51.908 32547 32547 D CompassActivity: will set rotation from 179.22986 to 179.23572
08-03 17:26:51.908 32547 32547 D CompassActivity: will set rotation from 179.23572 to 179.50012
08-03 17:26:51.908 32547 32547 D CompassActivity: will set rotation from 179.50012 to 179.50592
08-03 17:26:52.005 32547 32547 D CompassActivity: will set rotation from 179.50592 to 179.30267
08-03 17:26:52.006 32547 32547 D CompassActivity: will set rotation from 179.30267 to 179.30017
08-03 17:26:52.006 32547 32547 D CompassActivity: will set rotation from 179.30017 to 179.41223
08-03 17:26:52.006 32547 32547 D CompassActivity: will set rotation from 179.41223 to 179.40985
08-03 17:26:52.006 32547 32547 D CompassActivity: will set rotation from 179.40985 to 179.6482
08-03 17:26:52.006 32547 32547 D CompassActivity: will set rotation from 179.6482 to 179.6419
08-03 17:26:52.007 32547 32547 D CompassActivity: will set rotation from 179.6419 to 179.73834
08-03 17:26:52.007 32547 32547 D CompassActivity: will set rotation from 179.73834 to 179.73596
08-03 17:26:52.007 32547 32547 D CompassActivity: will set rotation from 179.73596 to 179.74469
08-03 17:26:52.007 32547 32547 D CompassActivity: will set rotation from 179.74469 to 179.74542
08-03 17:26:52.010 32547 32547 D CompassActivity: will set rotation from 179.74542 to 179.82745
08-03 17:26:52.011 32547 32547 D CompassActivity: will set rotation from 179.82745 to 179.8305
08-03 17:26:52.030 32547 32547 D CompassActivity: will set rotation from 179.8305 to 179.94159
08-03 17:26:52.030 32547 32547 D CompassActivity: will set rotation from 179.94159 to 179.94287
08-03 17:26:52.050 32547 32547 D CompassActivity: will set rotation from 179.94287 to 180.09172
08-03 17:26:52.050 32547 32547 D CompassActivity: will set rotation from 180.09172 to 180.09058
08-03 17:26:52.071 32547 32547 D CompassActivity: will set rotation from 180.09058 to 180.17053
08-03 17:26:52.071 32547 32547 D CompassActivity: will set rotation from 180.17053 to 180.1709
08-03 17:26:52.090 32547 32547 D CompassActivity: will set rotation from 180.1709 to 180.19337
08-03 17:26:52.090 32547 32547 D CompassActivity: will set rotation from 180.19337 to 180.19592
08-03 17:26:52.102   380   380 W SurfaceFlinger: couldn't log to binary event log: overflow.
08-03 17:26:52.110 32547 32547 D CompassActivity: will set rotation from 180.19592 to 180.1749
08-03 17:26:52.110 32547 32547 D CompassActivity: will set rotation from 180.1749 to 180.17554
08-03 17:26:52.130 32547 32547 D CompassActivity: will set rotation from 180.17554 to 180.23836
08-03 17:26:52.130 32547 32547 D CompassActivity: will set rotation from 180.23836 to 180.2402
08-03 17:26:52.144 32547  1003 I art     : Starting a blocking GC Explicit
08-03 17:26:52.149 32547 32547 D CompassActivity: will set rotation from 180.2402 to 180.33987
08-03 17:26:52.150 32547 32547 D CompassActivity: will set rotation from 180.33987 to 180.3409
08-03 17:26:52.170 32547 32547 D CompassActivity: will set rotation from 180.3409 to 180.35385
08-03 17:26:52.170 32547 32547 D CompassActivity: will set rotation from 180.35385 to 180.35237
08-03 17:26:52.181 32547  1003 I art     : Explicit concurrent mark sweep GC freed 1845(111KB) AllocSpace objects, 2(36KB) LOS objects, 7% free, 188MB/204MB, paused 970us total 37.291ms
08-03 17:26:52.190 32547 32547 D CompassActivity: will set rotation from 180.35237 to 180.43433
08-03 17:26:52.190 32547 32547 D CompassActivity: will set rotation from 180.43433 to 180.43192
08-03 17:26:52.195 32547  1003 I art     : Starting a blocking GC Explicit
08-03 17:26:52.209 32547 32547 D CompassActivity: will set rotation from 180.43192 to 180.4711
08-03 17:26:52.210 32547 32547 D CompassActivity: will set rotation from 180.4711 to 180.46796
08-03 17:26:52.230 32547 32547 D CompassActivity: will set rotation from 180.46796 to 180.53925
08-03 17:26:52.230 32547 32547 D CompassActivity: will set rotation from 180.53925 to 180.54117
08-03 17:26:52.236 32547  1003 I art     : Explicit concurrent mark sweep GC freed 533(22KB) AllocSpace objects, 0(0B) LOS objects, 7% free, 188MB/204MB, paused 1.043ms total 40.324ms
08-03 17:26:52.252 32547  1003 I art     : Starting a blocking GC Explicit
08-03 17:26:52.291 32547  1003 I art     : Explicit concurrent mark sweep GC freed 81(3KB) AllocSpace objects, 0(0B) LOS objects, 7% free, 188MB/204MB, paused 1.309ms total 38.467ms
08-03 17:26:52.304 32547 32547 D CompassActivity: will set rotation from 180.54117 to 180.56851
08-03 17:26:52.305 32547 32547 D CompassActivity: will set rotation from 180.56851 to 180.56757
08-03 17:26:52.305 32547 32547 D CompassActivity: will set rotation from 180.56757 to 180.52945
08-03 17:26:52.305 32547 32547 D CompassActivity: will set rotation from 180.52945 to 180.52902
08-03 17:26:52.305 32547 32547 D CompassActivity: will set rotation from 180.52902 to 180.58484
08-03 17:26:52.305 32547 32547 D CompassActivity: will set rotation from 180.58484 to 180.58481
08-03 17:26:52.306 32547  1003 I art     : Starting a blocking GC Explicit
08-03 17:26:52.312 32547 32547 D CompassActivity: will set rotation from 180.58481 to 180.54257
08-03 17:26:52.312 32547 32547 D CompassActivity: will set rotation from 180.54257 to 180.54274
08-03 17:26:52.329 32547 32547 D CompassActivity: will set rotation from 180.54274 to 180.50555
08-03 17:26:52.329 32547 32547 D CompassActivity: will set rotation from 180.50555 to 180.50374
08-03 17:26:52.344 32547  1003 I art     : Explicit concurrent mark sweep GC freed 126(7KB) AllocSpace objects, 0(0B) LOS objects, 7% free, 188MB/204MB, paused 1.007ms total 38.187ms
08-03 17:26:52.350 32547 32547 D CompassActivity: will set rotation from 180.50374 to 180.52303
08-03 17:26:52.350 32547 32547 D CompassActivity: will set rotation from 180.52303 to 180.52269
08-03 17:26:52.359 32547  1003 I art     : Starting a blocking GC Explicit
08-03 17:26:52.370 32547 32547 D CompassActivity: will set rotation from 180.52269 to 180.52026
08-03 17:26:52.370 32547 32547 D CompassActivity: will set rotation from 180.52026 to 180.51947
08-03 17:26:52.390 32547 32547 D CompassActivity: will set rotation from 180.51947 to 180.4874
08-03 17:26:52.390 32547 32547 D CompassActivity: will set rotation from 180.4874 to 180.48776
08-03 17:26:52.396 32547  1003 I art     : Explicit concurrent mark sweep GC freed 169(7KB) AllocSpace objects, 0(0B) LOS objects, 7% free, 188MB/204MB, paused 996us total 37.014ms
08-03 17:26:52.409 32547 32547 D CompassActivity: will set rotation from 180.48776 to 180.48512
08-03 17:26:52.409 32547 32547 D CompassActivity: will set rotation from 180.48512 to 180.4872
08-03 17:26:52.429 32547 32547 D CompassActivity: will set rotation from 180.4872 to 180.48883
08-03 17:26:52.429 32547 32547 D CompassActivity: will set rotation from 180.48883 to 180.49084
08-03 17:26:52.449 32547 32547 D CompassActivity: will set rotation from 180.49084 to 180.54268
08-03 17:26:52.450 32547 32547 D CompassActivity: will set rotation from 180.54268 to 180.54314
08-03 17:26:52.470 32547 32547 D CompassActivity: will set rotation from 180.54314 to 180.56728
08-03 17:26:52.471 32547 32547 D CompassActivity: will set rotation from 180.56728 to 180.56865
08-03 17:26:52.490 32547 32547 D CompassActivity: will set rotation from 180.56865 to 180.61758
08-03 17:26:52.491 32547 32547 D CompassActivity: will set rotation from 180.61758 to 180.61618
08-03 17:26:52.509 32547 32547 D CompassActivity: will set rotation from 180.61618 to 180.68677
08-03 17:26:52.509 32547 32547 D CompassActivity: will set rotation from 180.68677 to 180.68686
08-03 17:26:52.528 32547 32547 D CompassActivity: will set rotation from 180.68686 to 180.70541
08-03 17:26:52.529 32547 32547 D CompassActivity: will set rotation from 180.70541 to 180.70627
08-03 17:26:52.548 32547 32547 D CompassActivity: will set rotation from 180.70627 to 180.72179
08-03 17:26:52.549 32547 32547 D CompassActivity: will set rotation from 180.72179 to 180.7227
08-03 17:26:52.571 32547 32547 D CompassActivity: will set rotation from 180.7227 to 180.76302
08-03 17:26:52.572 32547 32547 D CompassActivity: will set rotation from 180.76302 to 180.76172
08-03 17:26:52.590 32547 32547 D CompassActivity: will set rotation from 180.76172 to 180.7475
08-03 17:26:52.591 32547 32547 D CompassActivity: will set rotation from 180.7475 to 180.74744
08-03 17:26:52.609 32547 32547 D CompassActivity: will set rotation from 180.74744 to 180.78076
08-03 17:26:52.610 32547 32547 D CompassActivity: will set rotation from 180.78076 to 180.78043
08-03 17:26:52.628 32547 32547 D CompassActivity: will set rotation from 180.78043 to 180.7949
08-03 17:26:52.629 32547 32547 D CompassActivity: will set rotation from 180.7949 to 180.79648
08-03 17:26:52.648 32547 32547 D CompassActivity: will set rotation from 180.79648 to 180.78305
08-03 17:26:52.648 32547 32547 D CompassActivity: will set rotation from 180.78305 to 180.78227
08-03 17:26:52.668 32547 32547 D CompassActivity: will set rotation from 180.78227 to 180.81578
08-03 17:26:52.669 32547 32547 D CompassActivity: will set rotation from 180.81578 to 180.81506
08-03 17:26:52.690 32547 32547 D CompassActivity: will set rotation from 180.81506 to 180.8037
08-03 17:26:52.690 32547 32547 D CompassActivity: will set rotation from 180.8037 to 180.80339
08-03 17:26:52.709 32547 32547 D CompassActivity: will set rotation from 180.80339 to 180.83401
08-03 17:26:52.709 32547 32547 D CompassActivity: will set rotation from 180.83401 to 180.83444
08-03 17:26:52.727 32547 32547 D CompassActivity: will set rotation from 180.83444 to 180.8003
08-03 17:26:52.728 32547 32547 D CompassActivity: will set rotation from 180.8003 to 180.80257
08-03 17:26:52.747 32547 32547 D CompassActivity: will set rotation from 180.80257 to 180.78947
08-03 17:26:52.748 32547 32547 D CompassActivity: will set rotation from 180.78947 to 180.79025
08-03 17:26:52.767 32547 32547 D CompassActivity: will set rotation from 180.79025 to 180.8448
08-03 17:26:52.768 32547 32547 D CompassActivity: will set rotation from 180.8448 to 180.84517
08-03 17:26:52.790 32547 32547 D CompassActivity: will set rotation from 180.84517 to 180.833
08-03 17:26:52.791 32547 32560 I art     : Starting a blocking GC Explicit
08-03 17:26:52.791 32547 32547 D CompassActivity: will set rotation from 180.833 to 180.83293
08-03 17:26:52.810 32547 32547 D CompassActivity: will set rotation from 180.83293 to 180.81909
08-03 17:26:52.810 32547 32547 D CompassActivity: will set rotation from 180.81909 to 180.81757
08-03 17:26:52.827 32547 32547 D CompassActivity: will set rotation from 180.81757 to 180.8273
08-03 17:26:52.827 32547 32547 D CompassActivity: will set rotation from 180.8273 to 180.82796
08-03 17:26:52.844 32547 32560 I art     : Explicit concurrent mark sweep GC freed 1981(116KB) AllocSpace objects, 2(36KB) LOS objects, 7% free, 188MB/204MB, paused 1.004ms total 53.549ms
08-03 17:26:52.847 32547 32547 D CompassActivity: will set rotation from 180.82796 to 180.83748
08-03 17:26:52.848 32547 32547 D CompassActivity: will set rotation from 180.83748 to 180.83702
08-03 17:26:52.862 32547 32560 I art     : Starting a blocking GC Explicit
08-03 17:26:52.867 32547 32547 D CompassActivity: will set rotation from 180.83702 to 180.82697
08-03 17:26:52.868 32547 32547 D CompassActivity: will set rotation from 180.82697 to 180.82692
08-03 17:26:52.889 32547 32547 D CompassActivity: will set rotation from 180.82692 to 180.8354
08-03 17:26:52.890 32547 32547 D CompassActivity: will set rotation from 180.8354 to 180.83435
08-03 17:26:52.910 32547 32547 D CompassActivity: will set rotation from 180.83435 to 180.86086
08-03 17:26:52.910 32547 32547 D CompassActivity: will set rotation from 180.86086 to 180.86057
08-03 17:26:52.915 32547 32560 I art     : Explicit concurrent mark sweep GC freed 736(29KB) AllocSpace objects, 0(0B) LOS objects, 7% free, 188MB/204MB, paused 1.161ms total 52.097ms
08-03 17:26:52.928 32547 32547 D CompassActivity: will set rotation from 180.86057 to 180.88803
08-03 17:26:52.929 32547 32547 D CompassActivity: will set rotation from 180.88803 to 180.89018
08-03 17:26:52.933 32547 32560 I art     : Starting a blocking GC Explicit
08-03 17:26:52.947 32547 32547 D CompassActivity: will set rotation from 180.89018 to 180.89455
08-03 17:26:52.948 32547 32547 D CompassActivity: will set rotation from 180.89455 to 180.89243
08-03 17:26:52.967 32547 32547 D CompassActivity: will set rotation from 180.89243 to 180.89835
08-03 17:26:52.968 32547 32547 D CompassActivity: will set rotation from 180.89835 to 180.89691
08-03 17:26:52.976 32547 32560 I art     : Explicit concurrent mark sweep GC freed 186(8KB) AllocSpace objects, 0(0B) LOS objects, 7% free, 188MB/204MB, paused 920us total 42.745ms
08-03 17:26:52.990 32547 32547 D CompassActivity: will set rotation from 180.89691 to 180.92253
08-03 17:26:52.991 32547 32547 D CompassActivity: will set rotation from 180.92253 to 180.91989
08-03 17:26:52.991 32547 32560 I art     : Starting a blocking GC Explicit
08-03 17:26:53.009 32547 32547 D CompassActivity: will set rotation from 180.91989 to 180.88383
08-03 17:26:53.009 32547 32547 D CompassActivity: will set rotation from 180.88383 to 180.88368
08-03 17:26:53.027 32547 32547 D CompassActivity: will set rotation from 180.88368 to 180.89027
08-03 17:26:53.028 32547 32547 D CompassActivity: will set rotation from 180.89027 to 180.89041
08-03 17:26:53.043 32547 32560 I art     : Explicit concurrent mark sweep GC freed 146(6KB) AllocSpace objects, 0(0B) LOS objects, 7% free, 188MB/204MB, paused 1.577ms total 51.735ms
08-03 17:26:53.049 32547 32547 D CompassActivity: will set rotation from 180.89041 to 180.85779
08-03 17:26:53.049 32547 32547 D CompassActivity: will set rotation from 180.85779 to 180.85875
08-03 17:26:53.059 32547 32560 I art     : Starting a blocking GC Explicit
08-03 17:26:53.067 32547 32547 D CompassActivity: will set rotation from 180.85875 to 180.86363
08-03 17:26:53.067 32547 32547 D CompassActivity: will set rotation from 180.86363 to 180.86243
08-03 17:26:53.089 32547 32547 D CompassActivity: will set rotation from 180.86243 to 180.88905
08-03 17:26:53.089 32547 32547 D CompassActivity: will set rotation from 180.88905 to 180.88716
08-03 17:26:53.103 32547 32560 I art     : Explicit concurrent mark sweep GC freed 143(7KB) AllocSpace objects, 0(0B) LOS objects, 7% free, 188MB/204MB, paused 1.050ms total 44.080ms
08-03 17:26:53.107 32547 32547 D CompassActivity: will set rotation from 180.88716 to 180.89314
08-03 17:26:53.108 32547 32547 D CompassActivity: will set rotation from 180.89314 to 180.89539
08-03 17:26:53.127 32547 32547 D CompassActivity: will set rotation from 180.89539 to 180.89992
08-03 17:26:53.127 32547 32547 D CompassActivity: will set rotation from 180.89992 to 180.8997
08-03 17:26:53.147 32547 32547 D CompassActivity: will set rotation from 180.8997 to 180.90572
08-03 17:26:53.147 32547 32547 D CompassActivity: will set rotation from 180.90572 to 180.90515
08-03 17:26:53.167 32547 32547 D CompassActivity: will set rotation from 180.90515 to 180.89142
08-03 17:26:53.167 32547 32547 D CompassActivity: will set rotation from 180.89142 to 180.89224
08-03 17:26:53.189 32547 32547 D CompassActivity: will set rotation from 180.89224 to 180.878
08-03 17:26:53.190 32547 32547 D CompassActivity: will set rotation from 180.878 to 180.87978
08-03 17:26:53.209 32547 32547 D CompassActivity: will set rotation from 180.87978 to 180.94041
08-03 17:26:53.210 32547 32547 D CompassActivity: will set rotation from 180.94041 to 180.94057
08-03 17:26:53.226 32547 32547 D CompassActivity: will set rotation from 180.94057 to 180.94337
08-03 17:26:53.226 32547 32547 D CompassActivity: will set rotation from 180.94337 to 180.9419
08-03 17:26:53.249 32547 32547 D CompassActivity: will set rotation from 180.9419 to 180.94637
08-03 17:26:53.251 32547 32547 D CompassActivity: will set rotation from 180.94637 to 180.94618
08-03 17:26:53.266 32547 32547 D CompassActivity: will set rotation from 180.94618 to 180.96815
08-03 17:26:53.267 32547 32547 D CompassActivity: will set rotation from 180.96815 to 180.96855
08-03 17:26:53.290 32547 32547 D CompassActivity: will set rotation from 180.96855 to 180.99126
08-03 17:26:53.290 32547 32547 D CompassActivity: will set rotation from 180.99126 to 180.99007
08-03 17:26:53.311 32547 32547 D CompassActivity: will set rotation from 180.99007 to 180.9924
08-03 17:26:53.312 32547 32547 D CompassActivity: will set rotation from 180.9924 to 180.99437
08-03 17:26:53.326 32547 32547 D CompassActivity: will set rotation from 180.99437 to 180.99736
08-03 17:26:53.327 32547 32547 D CompassActivity: will set rotation from 180.99736 to 180.99875
08-03 17:26:53.345 32547 32547 D CompassActivity: will set rotation from 180.99875 to 181.0016
08-03 17:26:53.345 32547 32547 D CompassActivity: will set rotation from 181.0016 to 181.0017
08-03 17:26:53.365 32547 32547 D CompassActivity: will set rotation from 181.0017 to 181.0225
08-03 17:26:53.366 32547 32547 D CompassActivity: will set rotation from 181.0225 to 181.02252
08-03 17:26:53.386 32547 32547 D CompassActivity: will set rotation from 181.02252 to 181.04224
08-03 17:26:53.387 32547 32547 D CompassActivity: will set rotation from 181.04224 to 181.04259
08-03 17:26:53.407 32547 32547 D CompassActivity: will set rotation from 181.04259 to 181.06226
08-03 17:26:53.407 32547 32547 D CompassActivity: will set rotation from 181.06226 to 181.06264
08-03 17:26:53.425 32547 32547 D CompassActivity: will set rotation from 181.06264 to 181.04428
08-03 17:26:53.425 32547 32547 D CompassActivity: will set rotation from 181.04428 to 181.04243
08-03 17:26:53.444 32547 32547 D CompassActivity: will set rotation from 181.04243 to 181.005
08-03 17:26:53.445 32547 32547 D CompassActivity: will set rotation from 181.005 to 181.0038
08-03 17:26:53.465 32547 32547 D CompassActivity: will set rotation from 181.0038 to 180.96901
08-03 17:26:53.465 32547 32547 D CompassActivity: will set rotation from 180.96901 to 180.96976
08-03 17:26:53.484 32547 32547 D CompassActivity: will set rotation from 180.96976 to 181.0065
08-03 17:26:53.485 32547 32547 D CompassActivity: will set rotation from 181.0065 to 181.0078
08-03 17:26:53.500 32547 32558 I art     : Starting a blocking GC Explicit
08-03 17:26:53.507 32547 32547 D CompassActivity: will set rotation from 181.0078 to 181.00908
08-03 17:26:53.507 32547 32547 D CompassActivity: will set rotation from 181.00908 to 181.01
08-03 17:26:53.525 32547 32547 D CompassActivity: will set rotation from 181.01 to 180.9392
08-03 17:26:53.525 32547 32547 D CompassActivity: will set rotation from 180.9392 to 180.93883
08-03 17:26:53.544 32547 32547 D CompassActivity: will set rotation from 180.93883 to 180.92525
08-03 17:26:53.545 32547 32547 D CompassActivity: will set rotation from 180.92525 to 180.9237
08-03 17:26:53.551 32547 32558 I art     : Explicit concurrent mark sweep GC freed 1980(117KB) AllocSpace objects, 2(36KB) LOS objects, 7% free, 188MB/204MB, paused 1.265ms total 51.148ms
08-03 17:26:53.564 32547 32547 D CompassActivity: will set rotation from 180.9237 to 180.91
08-03 17:26:53.565 32547 32547 D CompassActivity: will set rotation from 180.91 to 180.9081
08-03 17:26:53.570 32547 32558 I art     : Starting a blocking GC Explicit
08-03 17:26:53.584 32547 32547 D CompassActivity: will set rotation from 180.9081 to 180.91272
08-03 17:26:53.585 32547 32547 D CompassActivity: will set rotation from 180.91272 to 180.91226
08-03 17:26:53.607 32547 32547 D CompassActivity: will set rotation from 180.91226 to 180.90044
08-03 17:26:53.607 32547 32547 D CompassActivity: will set rotation from 180.90044 to 180.90176
08-03 17:26:53.621 32547 32558 I art     : Explicit concurrent mark sweep GC freed 747(28KB) AllocSpace objects, 0(0B) LOS objects, 7% free, 188MB/204MB, paused 1.204ms total 50.255ms
08-03 17:26:53.624 32547 32547 D CompassActivity: will set rotation from 180.90176 to 180.85268
08-03 17:26:53.624 32547 32547 D CompassActivity: will set rotation from 180.85268 to 180.85185
08-03 17:26:53.635 32547 32558 I art     : Starting a blocking GC Explicit
08-03 17:26:53.643 32547 32547 D CompassActivity: will set rotation from 180.85185 to 180.83894
08-03 17:26:53.644 32547 32547 D CompassActivity: will set rotation from 180.83894 to 180.83943
08-03 17:26:53.661  1766  1766 I ServiceManager: Waiting for service AtCmdFwd...
08-03 17:26:53.664 32547 32547 D CompassActivity: will set rotation from 180.83943 to 180.81128
08-03 17:26:53.664 32547 32547 D CompassActivity: will set rotation from 180.81128 to 180.80981
08-03 17:26:53.675 32547 32558 I art     : Explicit concurrent mark sweep GC freed 132(6KB) AllocSpace objects, 0(0B) LOS objects, 7% free, 188MB/204MB, paused 960us total 40.218ms
08-03 17:26:53.683 32547 32547 D CompassActivity: will set rotation from 180.80981 to 180.78293
08-03 17:26:53.684 32547 32547 D CompassActivity: will set rotation from 180.78293 to 180.7815
08-03 17:26:53.690 32547 32558 I art     : Starting a blocking GC Explicit
08-03 17:26:53.706 32547 32547 D CompassActivity: will set rotation from 180.7815 to 180.8058
08-03 17:26:53.707 32547 32547 D CompassActivity: will set rotation from 180.8058 to 180.8054
08-03 17:26:53.726 32547 32547 D CompassActivity: will set rotation from 180.8054 to 180.8093
08-03 17:26:53.728 32547 32547 D CompassActivity: will set rotation from 180.8093 to 180.80917
08-03 17:26:53.728 32547 32558 I art     : Explicit concurrent mark sweep GC freed 124(5KB) AllocSpace objects, 0(0B) LOS objects, 7% free, 188MB/204MB, paused 1.108ms total 38.022ms
08-03 17:26:53.742 32547 32558 I art     : Starting a blocking GC Explicit
08-03 17:26:53.744 32547 32547 D CompassActivity: will set rotation from 180.80917 to 180.81342
08-03 17:26:53.744 32547 32547 D CompassActivity: will set rotation from 180.81342 to 180.81332
08-03 17:26:53.764 32547 32547 D CompassActivity: will set rotation from 180.81332 to 180.80377
08-03 17:26:53.764 32547 32547 D CompassActivity: will set rotation from 180.80377 to 180.80331
08-03 17:26:53.779   518   646 I ThermalEngine: ACTION: GPU - Setting GPU[0] to 450000000
08-03 17:26:53.782 32547 32558 I art     : Explicit concurrent mark sweep GC freed 136(5KB) AllocSpace objects, 0(0B) LOS objects, 7% free, 188MB/204MB, paused 2.613ms total 39.629ms
08-03 17:26:53.786 32547 32547 D CompassActivity: will set rotation from 180.80331 to 180.77364
08-03 17:26:53.790 32547 32547 D CompassActivity: will set rotation from 180.77364 to 180.77412
08-03 17:26:53.806 32547 32547 D CompassActivity: will set rotation from 180.77412 to 180.74307
08-03 17:26:53.807 32547 32547 D CompassActivity: will set rotation from 180.74307 to 180.74393
08-03 17:26:53.825 32547 32547 D CompassActivity: will set rotation from 180.74393 to 180.75327
08-03 17:26:53.825 32547 32547 D CompassActivity: will set rotation from 180.75327 to 180.75308
08-03 17:26:53.843 32547 32547 D CompassActivity: will set rotation from 180.75308 to 180.78084
08-03 17:26:53.843 32547 32547 D CompassActivity: will set rotation from 180.78084 to 180.7804
08-03 17:26:53.864 32547 32547 D CompassActivity: will set rotation from 180.7804 to 180.8042
08-03 17:26:53.865 32547 32547 D CompassActivity: will set rotation from 180.8042 to 180.80492
08-03 17:26:53.884 32547 32547 D CompassActivity: will set rotation from 180.80492 to 180.86581
08-03 17:26:53.885 32547 32547 D CompassActivity: will set rotation from 180.86581 to 180.86565
08-03 17:26:53.903 32547 32547 D CompassActivity: will set rotation from 180.86565 to 180.87057
08-03 17:26:53.904 32547 32547 D CompassActivity: will set rotation from 180.87057 to 180.87045
08-03 17:26:53.916  1991  1991 D AndroidRuntime: >>>>>> START com.android.internal.os.RuntimeInit uid 2000 <<<<<<
08-03 17:26:53.922  1991  1991 D AndroidRuntime: CheckJNI is OFF
08-03 17:26:53.927 32547 32547 D CompassActivity: will set rotation from 180.87045 to 180.87578
08-03 17:26:53.927 32547 32547 D CompassActivity: will set rotation from 180.87578 to 180.87386
08-03 17:26:53.943 32547 32547 D CompassActivity: will set rotation from 180.87386 to 180.87875
08-03 17:26:53.943 32547 32547 D CompassActivity: will set rotation from 180.87875 to 180.87923
08-03 17:26:53.962  1991  1991 D ICU     : No timezone override file found: /data/misc/zoneinfo/current/icu/icu_tzdata.dat
08-03 17:26:53.963 32547 32547 D CompassActivity: will set rotation from 180.87923 to 180.86635
08-03 17:26:53.963 32547 32547 D CompassActivity: will set rotation from 180.86635 to 180.86633
08-03 17:26:53.984 32547 32547 D CompassActivity: will set rotation from 180.86633 to 180.872
08-03 17:26:53.984 32547 32547 D CompassActivity: will set rotation from 180.872 to 180.86983
08-03 17:26:54.003 32547 32547 D CompassActivity: will set rotation from 180.86983 to 180.84229
08-03 17:26:54.004  1991  1991 I Radio-JNI: register_android_hardware_Radio DONE
08-03 17:26:54.004 32547 32547 D CompassActivity: will set rotation from 180.84229 to 180.84108
08-03 17:26:54.023 32547 32547 D CompassActivity: will set rotation from 180.84108 to 180.8474
08-03 17:26:54.023 32547 32547 D CompassActivity: will set rotation from 180.8474 to 180.8468
08-03 17:26:54.031  1991  1991 D AndroidRuntime: Calling main entry com.android.commands.input.Input
08-03 17:26:54.033  1991  1991 I Input   : injectKeyEvent: KeyEvent { action=ACTION_DOWN, keyCode=KEYCODE_BACK, scanCode=0, metaState=0, flags=0x0, repeatCount=0, eventTime=638830446, downTime=638830446, deviceId=-1, source=0x101 }
08-03 17:26:54.040  1991  1991 I Input   : injectKeyEvent: KeyEvent { action=ACTION_UP, keyCode=KEYCODE_BACK, scanCode=0, metaState=0, flags=0x0, repeatCount=0, eventTime=638830446, downTime=638830446, deviceId=-1, source=0x101 }
08-03 17:26:54.046 32547 32547 D CompassActivity: will set rotation from 180.8468 to 180.83516
08-03 17:26:54.047 32547 32547 D CompassActivity: will set rotation from 180.83516 to 180.83516
08-03 17:26:54.047  1991  1991 D AndroidRuntime: Shutting down VM
08-03 17:26:54.055   918  3696 I sensors : activate
08-03 17:26:54.055   918  6029 I sensors : activate
08-03 17:26:54.060   918  3188 I hubconnection: sensorhub said: 'activate 1 enable:0'
08-03 17:26:54.061   918  3188 I hubconnection: sensorhub said: 'activate 3 enable:0'
08-03 17:26:54.087 32547 32547 V MainActivity: url = https://project-travel-mate.herokuapp.com/api/number-of-unread-notifications
08-03 17:26:54.195 32547  1003 I art     : Starting a blocking GC Explicit
08-03 17:26:54.208 13866 13866 I GoogleInputMethodServic: GoogleInputMethodService.onFinishInput():3138 
08-03 17:26:54.208 13866 13866 I GoogleInputMethodServic: GoogleInputMethodService.onStartInput():1808 
08-03 17:26:54.245 32547  1003 I art     : Explicit concurrent mark sweep GC freed 2285(128KB) AllocSpace objects, 2(36KB) LOS objects, 7% free, 188MB/204MB, paused 1.564ms total 49.219ms
08-03 17:26:54.265 32547  1003 I art     : Starting a blocking GC Explicit
08-03 17:26:54.311 32547  1003 I art     : Explicit concurrent mark sweep GC freed 533(20KB) AllocSpace objects, 0(0B) LOS objects, 7% free, 188MB/204MB, paused 1.247ms total 45.494ms
08-03 17:26:54.329 32547  1003 I art     : Starting a blocking GC Explicit
08-03 17:26:54.377 32547  1003 I art     : Explicit concurrent mark sweep GC freed 7(288B) AllocSpace objects, 0(0B) LOS objects, 7% free, 188MB/204MB, paused 1.423ms total 47.684ms
08-03 17:26:54.397 32547  1003 I art     : Starting a blocking GC Explicit
08-03 17:26:54.453 32547  1003 I art     : Explicit concurrent mark sweep GC freed 3(96B) AllocSpace objects, 0(0B) LOS objects, 7% free, 188MB/204MB, paused 1.479ms total 56.290ms
08-03 17:26:54.470 32547 32547 D CompassActivity: stop compass
08-03 17:26:54.471   380   380 W SurfaceFlinger: couldn't log to binary event log: overflow.
08-03 17:26:54.472 32547  1003 I art     : Starting a blocking GC Explicit
08-03 17:26:54.523 32547  1003 I art     : Explicit concurrent mark sweep GC freed 19(672B) AllocSpace objects, 0(0B) LOS objects, 7% free, 188MB/204MB, paused 1.379ms total 50.007ms
08-03 17:26:54.657 32547  2014 I NAPPA_EXPERIMENTATION: MetricNetworkRequestExecutionTime: REQUEST_DURATION_SYSTEM='569',REQUEST_DURATION_OKHTTP='40',REQUEST_SYNCHRONOUS='FALSE',RESPONSE_CODE='200',RESPONSE_METHOD='GET',RESPONSE_LENGTH_OKHTTP='36',RESPONSE_LENGTH_HEADER='36',REQUEST_PROTOCOL='http/1.1',REQUEST_URL='https://project-travel-mate.herokuapp.com/api/number-of-unread-notifications',
08-03 17:26:54.661  1766  1766 I ServiceManager: Waiting for service AtCmdFwd...
08-03 17:26:54.909 32547 32618 I art     : Starting a blocking GC Explicit
08-03 17:26:54.959 32547 32618 I art     : Explicit concurrent mark sweep GC freed 4535(246KB) AllocSpace objects, 5(236KB) LOS objects, 7% free, 188MB/204MB, paused 1.410ms total 49.807ms
08-03 17:26:54.977 32547 32618 I art     : Starting a blocking GC Explicit
08-03 17:26:55.037 32547 32618 I art     : Explicit concurrent mark sweep GC freed 2108(192KB) AllocSpace objects, 3(52MB) LOS objects, 10% free, 136MB/152MB, paused 1.207ms total 59.097ms
08-03 17:26:55.054 32547 32618 I art     : Starting a blocking GC Explicit
08-03 17:26:55.104 32547 32618 I art     : Explicit concurrent mark sweep GC freed 3(96B) AllocSpace objects, 0(0B) LOS objects, 10% free, 136MB/152MB, paused 1.291ms total 49.507ms
08-03 17:26:55.123 32547 32618 I art     : Starting a blocking GC Explicit
08-03 17:26:55.177 32547 32618 I art     : Explicit concurrent mark sweep GC freed 3(96B) AllocSpace objects, 0(0B) LOS objects, 10% free, 136MB/152MB, paused 1.407ms total 53.782ms
08-03 17:26:55.196 32547 32618 I art     : Starting a blocking GC Explicit
08-03 17:26:55.252 32547 32618 I art     : Explicit concurrent mark sweep GC freed 3(96B) AllocSpace objects, 0(0B) LOS objects, 10% free, 136MB/152MB, paused 1.527ms total 55.586ms
08-03 17:26:55.642 32547 32560 I art     : Starting a blocking GC Explicit
08-03 17:26:55.662  1766  1766 I ServiceManager: Waiting for service AtCmdFwd...
08-03 17:26:55.701 32547 32560 I art     : Explicit concurrent mark sweep GC freed 1548(89KB) AllocSpace objects, 2(36KB) LOS objects, 10% free, 136MB/152MB, paused 1.463ms total 58.619ms
08-03 17:26:55.732 32547 32560 I art     : Starting a blocking GC Explicit
08-03 17:26:55.781 32547 32560 I art     : Explicit concurrent mark sweep GC freed 67(2048B) AllocSpace objects, 0(0B) LOS objects, 10% free, 136MB/152MB, paused 1.324ms total 48.471ms
08-03 17:26:55.800 32547 32560 I art     : Starting a blocking GC Explicit
08-03 17:26:55.833  2027  2027 D AndroidRuntime: >>>>>> START com.android.internal.os.RuntimeInit uid 2000 <<<<<<
08-03 17:26:55.839  2027  2027 D AndroidRuntime: CheckJNI is OFF
08-03 17:26:55.848 32547 32560 I art     : Explicit concurrent mark sweep GC freed 11(352B) AllocSpace objects, 0(0B) LOS objects, 10% free, 136MB/152MB, paused 1.391ms total 48.068ms
08-03 17:26:55.867 32547 32560 I art     : Starting a blocking GC Explicit
08-03 17:26:55.880  2027  2027 D ICU     : No timezone override file found: /data/misc/zoneinfo/current/icu/icu_tzdata.dat
08-03 17:26:55.914 32547 32560 I art     : Explicit concurrent mark sweep GC freed 10(320B) AllocSpace objects, 0(0B) LOS objects, 10% free, 136MB/152MB, paused 1.321ms total 47.207ms
08-03 17:26:55.922  2027  2027 I Radio-JNI: register_android_hardware_Radio DONE
08-03 17:26:55.933 32547 32560 I art     : Starting a blocking GC Explicit
08-03 17:26:55.950  2027  2027 D AndroidRuntime: Calling main entry com.android.commands.input.Input
08-03 17:26:55.953  2027  2027 I Input   : injectMotionEvent: MotionEvent { action=ACTION_DOWN, actionButton=0, id[0]=0, x[0]=500.0, y[0]=2000.0, toolType[0]=TOOL_TYPE_UNKNOWN, buttonState=0, metaState=0, flags=0x0, edgeFlags=0x0, pointerCount=1, historySize=0, eventTime=638832366, downTime=638832366, deviceId=0, source=0x1002 }
08-03 17:26:55.958  2027  2027 I Input   : injectMotionEvent: MotionEvent { action=ACTION_MOVE, actionButton=0, id[0]=0, x[0]=500.0, y[0]=2000.0, toolType[0]=TOOL_TYPE_UNKNOWN, buttonState=0, metaState=0, flags=0x0, edgeFlags=0x0, pointerCount=1, historySize=0, eventTime=638832366, downTime=638832366, deviceId=0, source=0x1002 }
08-03 17:26:55.974  2027  2027 I Input   : injectMotionEvent: MotionEvent { action=ACTION_MOVE, actionButton=0, id[0]=0, x[0]=500.0, y[0]=1960.1, toolType[0]=TOOL_TYPE_UNKNOWN, buttonState=0, metaState=0, flags=0x0, edgeFlags=0x0, pointerCount=1, historySize=0, eventTime=638832387, downTime=638832387, deviceId=0, source=0x1002 }
08-03 17:26:55.982 32547 32560 I art     : Explicit concurrent mark sweep GC freed 8(256B) AllocSpace objects, 0(0B) LOS objects, 10% free, 136MB/152MB, paused 1.250ms total 48.522ms
08-03 17:26:55.990  2027  2027 I Input   : injectMotionEvent: MotionEvent { action=ACTION_MOVE, actionButton=0, id[0]=0, x[0]=500.0, y[0]=1927.8, toolType[0]=TOOL_TYPE_UNKNOWN, buttonState=0, metaState=0, flags=0x0, edgeFlags=0x0, pointerCount=1, historySize=0, eventTime=638832404, downTime=638832404, deviceId=0, source=0x1002 }
08-03 17:26:56.012  2027  2027 I Input   : injectMotionEvent: MotionEvent { action=ACTION_MOVE, actionButton=0, id[0]=0, x[0]=500.0, y[0]=1887.9, toolType[0]=TOOL_TYPE_UNKNOWN, buttonState=0, metaState=0, flags=0x0, edgeFlags=0x0, pointerCount=1, historySize=0, eventTime=638832425, downTime=638832425, deviceId=0, source=0x1002 }
08-03 17:26:56.023  2027  2027 I Input   : injectMotionEvent: MotionEvent { action=ACTION_MOVE, actionButton=0, id[0]=0, x[0]=500.0, y[0]=1867.0, toolType[0]=TOOL_TYPE_UNKNOWN, buttonState=0, metaState=0, flags=0x0, edgeFlags=0x0, pointerCount=1, historySize=0, eventTime=638832436, downTime=638832436, deviceId=0, source=0x1002 }
08-03 17:26:56.040  2027  2027 I Input   : injectMotionEvent: MotionEvent { action=ACTION_MOVE, actionButton=0, id[0]=0, x[0]=500.0, y[0]=1834.7, toolType[0]=TOOL_TYPE_UNKNOWN, buttonState=0, metaState=0, flags=0x0, edgeFlags=0x0, pointerCount=1, historySize=0, eventTime=638832453, downTime=638832453, deviceId=0, source=0x1002 }
08-03 17:26:56.056  2027  2027 I Input   : injectMotionEvent: MotionEvent { action=ACTION_MOVE, actionButton=0, id[0]=0, x[0]=500.0, y[0]=1804.3, toolType[0]=TOOL_TYPE_UNKNOWN, buttonState=0, metaState=0, flags=0x0, edgeFlags=0x0, pointerCount=1, historySize=0, eventTime=638832469, downTime=638832469, deviceId=0, source=0x1002 }
08-03 17:26:56.073  2027  2027 I Input   : injectMotionEvent: MotionEvent { action=ACTION_MOVE, actionButton=0, id[0]=0, x[0]=500.0, y[0]=1772.0, toolType[0]=TOOL_TYPE_UNKNOWN, buttonState=0, metaState=0, flags=0x0, edgeFlags=0x0, pointerCount=1, historySize=0, eventTime=638832486, downTime=638832486, deviceId=0, source=0x1002 }
08-03 17:26:56.090  2027  2027 I Input   : injectMotionEvent: MotionEvent { action=ACTION_MOVE, actionButton=0, id[0]=0, x[0]=500.0, y[0]=1739.7, toolType[0]=TOOL_TYPE_UNKNOWN, buttonState=0, metaState=0, flags=0x0, edgeFlags=0x0, pointerCount=1, historySize=0, eventTime=638832503, downTime=638832503, deviceId=0, source=0x1002 }
08-03 17:26:56.106  2027  2027 I Input   : injectMotionEvent: MotionEvent { action=ACTION_MOVE, actionButton=0, id[0]=0, x[0]=500.0, y[0]=1707.4, toolType[0]=TOOL_TYPE_UNKNOWN, buttonState=0, metaState=0, flags=0x0, edgeFlags=0x0, pointerCount=1, historySize=0, eventTime=638832520, downTime=638832520, deviceId=0, source=0x1002 }
08-03 17:26:56.123  2027  2027 I Input   : injectMotionEvent: MotionEvent { action=ACTION_MOVE, actionButton=0, id[0]=0, x[0]=500.0, y[0]=1675.1, toolType[0]=TOOL_TYPE_UNKNOWN, buttonState=0, metaState=0, flags=0x0, edgeFlags=0x0, pointerCount=1, historySize=0, eventTime=638832537, downTime=638832537, deviceId=0, source=0x1002 }
08-03 17:26:56.141  2027  2027 I Input   : injectMotionEvent: MotionEvent { action=ACTION_MOVE, actionButton=0, id[0]=0, x[0]=500.0, y[0]=1642.8, toolType[0]=TOOL_TYPE_UNKNOWN, buttonState=0, metaState=0, flags=0x0, edgeFlags=0x0, pointerCount=1, historySize=0, eventTime=638832554, downTime=638832554, deviceId=0, source=0x1002 }
08-03 17:26:56.158  2027  2027 I Input   : injectMotionEvent: MotionEvent { action=ACTION_MOVE, actionButton=0, id[0]=0, x[0]=500.0, y[0]=1610.5, toolType[0]=TOOL_TYPE_UNKNOWN, buttonState=0, metaState=0, flags=0x0, edgeFlags=0x0, pointerCount=1, historySize=0, eventTime=638832571, downTime=638832571, deviceId=0, source=0x1002 }
08-03 17:26:56.175  2027  2027 I Input   : injectMotionEvent: MotionEvent { action=ACTION_MOVE, actionButton=0, id[0]=0, x[0]=500.0, y[0]=1576.3, toolType[0]=TOOL_TYPE_UNKNOWN, buttonState=0, metaState=0, flags=0x0, edgeFlags=0x0, pointerCount=1, historySize=0, eventTime=638832589, downTime=638832589, deviceId=0, source=0x1002 }
08-03 17:26:56.190  2027  2027 I Input   : injectMotionEvent: MotionEvent { action=ACTION_MOVE, actionButton=0, id[0]=0, x[0]=500.0, y[0]=1549.7, toolType[0]=TOOL_TYPE_UNKNOWN, buttonState=0, metaState=0, flags=0x0, edgeFlags=0x0, pointerCount=1, historySize=0, eventTime=638832603, downTime=638832603, deviceId=0, source=0x1002 }
08-03 17:26:56.207  2027  2027 I Input   : injectMotionEvent: MotionEvent { action=ACTION_MOVE, actionButton=0, id[0]=0, x[0]=500.0, y[0]=1517.4, toolType[0]=TOOL_TYPE_UNKNOWN, buttonState=0, metaState=0, flags=0x0, edgeFlags=0x0, pointerCount=1, historySize=0, eventTime=638832620, downTime=638832620, deviceId=0, source=0x1002 }
08-03 17:26:56.224  2027  2027 I Input   : injectMotionEvent: MotionEvent { action=ACTION_MOVE, actionButton=0, id[0]=0, x[0]=500.0, y[0]=1485.1, toolType[0]=TOOL_TYPE_UNKNOWN, buttonState=0, metaState=0, flags=0x0, edgeFlags=0x0, pointerCount=1, historySize=0, eventTime=638832637, downTime=638832637, deviceId=0, source=0x1002 }
08-03 17:26:56.240  2027  2027 I Input   : injectMotionEvent: MotionEvent { action=ACTION_MOVE, actionButton=0, id[0]=0, x[0]=500.0, y[0]=1454.7, toolType[0]=TOOL_TYPE_UNKNOWN, buttonState=0, metaState=0, flags=0x0, edgeFlags=0x0, pointerCount=1, historySize=0, eventTime=638832653, downTime=638832653, deviceId=0, source=0x1002 }
08-03 17:26:56.257  2027  2027 I Input   : injectMotionEvent: MotionEvent { action=ACTION_MOVE, actionButton=0, id[0]=0, x[0]=500.0, y[0]=1422.4, toolType[0]=TOOL_TYPE_UNKNOWN, buttonState=0, metaState=0, flags=0x0, edgeFlags=0x0, pointerCount=1, historySize=0, eventTime=638832670, downTime=638832670, deviceId=0, source=0x1002 }
08-03 17:26:56.275  2027  2027 I Input   : injectMotionEvent: MotionEvent { action=ACTION_MOVE, actionButton=0, id[0]=0, x[0]=500.0, y[0]=1388.2, toolType[0]=TOOL_TYPE_UNKNOWN, buttonState=0, metaState=0, flags=0x0, edgeFlags=0x0, pointerCount=1, historySize=0, eventTime=638832688, downTime=638832688, deviceId=0, source=0x1002 }
08-03 17:26:56.290  2027  2027 I Input   : injectMotionEvent: MotionEvent { action=ACTION_MOVE, actionButton=0, id[0]=0, x[0]=500.0, y[0]=1359.7, toolType[0]=TOOL_TYPE_UNKNOWN, buttonState=0, metaState=0, flags=0x0, edgeFlags=0x0, pointerCount=1, historySize=0, eventTime=638832703, downTime=638832703, deviceId=0, source=0x1002 }
08-03 17:26:56.308  2027  2027 I Input   : injectMotionEvent: MotionEvent { action=ACTION_MOVE, actionButton=0, id[0]=0, x[0]=500.0, y[0]=1325.5, toolType[0]=TOOL_TYPE_UNKNOWN, buttonState=0, metaState=0, flags=0x0, edgeFlags=0x0, pointerCount=1, historySize=0, eventTime=638832721, downTime=638832721, deviceId=0, source=0x1002 }
08-03 17:26:56.324  2027  2027 I Input   : injectMotionEvent: MotionEvent { action=ACTION_MOVE, actionButton=0, id[0]=0, x[0]=500.0, y[0]=1295.1001, toolType[0]=TOOL_TYPE_UNKNOWN, buttonState=0, metaState=0, flags=0x0, edgeFlags=0x0, pointerCount=1, historySize=0, eventTime=638832737, downTime=638832737, deviceId=0, source=0x1002 }
08-03 17:26:56.341  2027  2027 I Input   : injectMotionEvent: MotionEvent { action=ACTION_MOVE, actionButton=0, id[0]=0, x[0]=500.0, y[0]=1262.8, toolType[0]=TOOL_TYPE_UNKNOWN, buttonState=0, metaState=0, flags=0x0, edgeFlags=0x0, pointerCount=1, historySize=0, eventTime=638832754, downTime=638832754, deviceId=0, source=0x1002 }
08-03 17:26:56.360  2027  2027 I Input   : injectMotionEvent: MotionEvent { action=ACTION_MOVE, actionButton=0, id[0]=0, x[0]=500.0, y[0]=1224.8, toolType[0]=TOOL_TYPE_UNKNOWN, buttonState=0, metaState=0, flags=0x0, edgeFlags=0x0, pointerCount=1, historySize=0, eventTime=638832774, downTime=638832774, deviceId=0, source=0x1002 }
08-03 17:26:56.369 32547  1003 I art     : Starting a blocking GC Explicit
08-03 17:26:56.375  2027  2027 I Input   : injectMotionEvent: MotionEvent { action=ACTION_MOVE, actionButton=0, id[0]=0, x[0]=500.0, y[0]=1198.2, toolType[0]=TOOL_TYPE_UNKNOWN, buttonState=0, metaState=0, flags=0x0, edgeFlags=0x0, pointerCount=1, historySize=0, eventTime=638832788, downTime=638832788, deviceId=0, source=0x1002 }
08-03 17:26:56.422 32547  1003 I art     : Explicit concurrent mark sweep GC freed 1631(92KB) AllocSpace objects, 2(36KB) LOS objects, 10% free, 136MB/152MB, paused 2.063ms total 52.898ms
08-03 17:26:56.444  2027  2027 I Input   : injectMotionEvent: MotionEvent { action=ACTION_MOVE, actionButton=0, id[0]=0, x[0]=500.0, y[0]=1067.1001, toolType[0]=TOOL_TYPE_UNKNOWN, buttonState=0, metaState=0, flags=0x0, edgeFlags=0x0, pointerCount=1, historySize=0, eventTime=638832857, downTime=638832857, deviceId=0, source=0x1002 }
08-03 17:26:56.446 32547  1003 I art     : Starting a blocking GC Explicit
08-03 17:26:56.492 32547  1003 I art     : Explicit concurrent mark sweep GC freed 65(2768B) AllocSpace objects, 0(0B) LOS objects, 10% free, 136MB/152MB, paused 1.510ms total 46.179ms
08-03 17:26:56.510  2027  2027 I Input   : injectMotionEvent: MotionEvent { action=ACTION_MOVE, actionButton=0, id[0]=0, x[0]=500.0, y[0]=941.7001, toolType[0]=TOOL_TYPE_UNKNOWN, buttonState=0, metaState=0, flags=0x0, edgeFlags=0x0, pointerCount=1, historySize=0, eventTime=638832923, downTime=638832923, deviceId=0, source=0x1002 }
08-03 17:26:56.514 32547  1003 I art     : Starting a blocking GC Explicit
08-03 17:26:56.561 32547  1003 I art     : Explicit concurrent mark sweep GC freed 3(96B) AllocSpace objects, 0(0B) LOS objects, 10% free, 136MB/152MB, paused 1.437ms total 46.008ms
08-03 17:26:56.575  2027  2027 I Input   : injectMotionEvent: MotionEvent { action=ACTION_MOVE, actionButton=0, id[0]=0, x[0]=500.0, y[0]=816.2999, toolType[0]=TOOL_TYPE_UNKNOWN, buttonState=0, metaState=0, flags=0x0, edgeFlags=0x0, pointerCount=1, historySize=0, eventTime=638832989, downTime=638832989, deviceId=0, source=0x1002 }
08-03 17:26:56.582 32547  1003 I art     : Starting a blocking GC Explicit
08-03 17:26:56.633 32547  1003 I art     : Explicit concurrent mark sweep GC freed 3(96B) AllocSpace objects, 0(0B) LOS objects, 10% free, 136MB/152MB, paused 1.565ms total 50.274ms
08-03 17:26:56.635  2027  2027 I Input   : injectMotionEvent: MotionEvent { action=ACTION_MOVE, actionButton=0, id[0]=0, x[0]=500.0, y[0]=704.2001, toolType[0]=TOOL_TYPE_UNKNOWN, buttonState=0, metaState=0, flags=0x0, edgeFlags=0x0, pointerCount=1, historySize=0, eventTime=638833048, downTime=638833048, deviceId=0, source=0x1002 }
08-03 17:26:56.650 32547  1003 I art     : Starting a blocking GC Explicit
08-03 17:26:56.662  1766  1766 I ServiceManager: Waiting for service AtCmdFwd...
08-03 17:26:56.698 32547  1003 I art     : Explicit concurrent mark sweep GC freed 3(96B) AllocSpace objects, 0(0B) LOS objects, 10% free, 136MB/152MB, paused 1.469ms total 47.653ms
08-03 17:26:56.700  2027  2027 I Input   : injectMotionEvent: MotionEvent { action=ACTION_MOVE, actionButton=0, id[0]=0, x[0]=500.0, y[0]=580.7001, toolType[0]=TOOL_TYPE_UNKNOWN, buttonState=0, metaState=0, flags=0x0, edgeFlags=0x0, pointerCount=1, historySize=0, eventTime=638833113, downTime=638833113, deviceId=0, source=0x1002 }
08-03 17:26:56.760  2027  2027 I Input   : injectMotionEvent: MotionEvent { action=ACTION_MOVE, actionButton=0, id[0]=0, x[0]=500.0, y[0]=466.70007, toolType[0]=TOOL_TYPE_UNKNOWN, buttonState=0, metaState=0, flags=0x0, edgeFlags=0x0, pointerCount=1, historySize=0, eventTime=638833173, downTime=638833173, deviceId=0, source=0x1002 }
08-03 17:26:56.817  2027  2027 I Input   : injectMotionEvent: MotionEvent { action=ACTION_MOVE, actionButton=0, id[0]=0, x[0]=500.0, y[0]=358.3999, toolType[0]=TOOL_TYPE_UNKNOWN, buttonState=0, metaState=0, flags=0x0, edgeFlags=0x0, pointerCount=1, historySize=0, eventTime=638833230, downTime=638833230, deviceId=0, source=0x1002 }
08-03 17:26:56.904  2027  2027 I Input   : injectMotionEvent: MotionEvent { action=ACTION_MOVE, actionButton=0, id[0]=0, x[0]=500.0, y[0]=193.1001, toolType[0]=TOOL_TYPE_UNKNOWN, buttonState=0, metaState=0, flags=0x0, edgeFlags=0x0, pointerCount=1, historySize=0, eventTime=638833317, downTime=638833317, deviceId=0, source=0x1002 }
08-03 17:26:56.942  2027  2027 I Input   : injectMotionEvent: MotionEvent { action=ACTION_MOVE, actionButton=0, id[0]=0, x[0]=500.0, y[0]=120.8999, toolType[0]=TOOL_TYPE_UNKNOWN, buttonState=0, metaState=0, flags=0x0, edgeFlags=0x0, pointerCount=1, historySize=0, eventTime=638833355, downTime=638833355, deviceId=0, source=0x1002 }
08-03 17:26:56.983  2027  2027 I Input   : injectMotionEvent: MotionEvent { action=ACTION_UP, actionButton=0, id[0]=0, x[0]=500.0, y[0]=100.0, toolType[0]=TOOL_TYPE_UNKNOWN, buttonState=0, metaState=0, flags=0x0, edgeFlags=0x0, pointerCount=1, historySize=0, eventTime=638833396, downTime=638833396, deviceId=0, source=0x1002 }
08-03 17:26:57.023  2027  2027 D AndroidRuntime: Shutting down VM
08-03 17:26:57.079 32547 32560 I art     : Starting a blocking GC Explicit
08-03 17:26:57.125 32547 32560 I art     : Explicit concurrent mark sweep GC freed 1610(91KB) AllocSpace objects, 2(36KB) LOS objects, 10% free, 136MB/152MB, paused 1.327ms total 45.900ms
08-03 17:26:57.144 32547 32560 I art     : Starting a blocking GC Explicit
08-03 17:26:57.176   918 13198 D NetlinkSocketObserver: NeighborEvent{elapsedMs=1622221051, 192.168.2.254, [7C3953A63323], RTM_NEWNEIGH, NUD_PROBE}
08-03 17:26:57.189 32547 32560 I art     : Explicit concurrent mark sweep GC freed 26(944B) AllocSpace objects, 0(0B) LOS objects, 10% free, 136MB/152MB, paused 1.504ms total 45.673ms
08-03 17:26:57.190 32547 32557 I art     : WaitForGcToComplete blocked for 8.126ms for cause HeapTrim
08-03 17:26:57.214 32547 32560 I art     : Starting a blocking GC Explicit
08-03 17:26:57.259 32547 32560 I art     : Explicit concurrent mark sweep GC freed 4(128B) AllocSpace objects, 0(0B) LOS objects, 10% free, 136MB/152MB, paused 1.505ms total 45.170ms
08-03 17:26:57.277 32547 32560 I art     : Starting a blocking GC Explicit
08-03 17:26:57.323 32547 32560 I art     : Explicit concurrent mark sweep GC freed 3(96B) AllocSpace objects, 0(0B) LOS objects, 10% free, 136MB/152MB, paused 1.320ms total 45.554ms
08-03 17:26:57.340 32547 32560 I art     : Starting a blocking GC Explicit
08-03 17:26:57.387 32547 32560 I art     : Explicit concurrent mark sweep GC freed 3(96B) AllocSpace objects, 0(0B) LOS objects, 10% free, 136MB/152MB, paused 1.411ms total 46.561ms
08-03 17:26:57.663  1766  1766 I ServiceManager: Waiting for service AtCmdFwd...
08-03 17:26:57.764 32547 32560 I art     : Starting a blocking GC Explicit
08-03 17:26:57.768  2076  2076 D AndroidRuntime: >>>>>> START com.android.internal.os.RuntimeInit uid 2000 <<<<<<
08-03 17:26:57.773  2076  2076 D AndroidRuntime: CheckJNI is OFF
08-03 17:26:57.810 32547 32560 I art     : Explicit concurrent mark sweep GC freed 1605(91KB) AllocSpace objects, 2(36KB) LOS objects, 10% free, 136MB/152MB, paused 1.370ms total 45.404ms
08-03 17:26:57.812  2076  2076 D ICU     : No timezone override file found: /data/misc/zoneinfo/current/icu/icu_tzdata.dat
08-03 17:26:57.829 32547 32560 I art     : Starting a blocking GC Explicit
08-03 17:26:57.850  2076  2076 I Radio-JNI: register_android_hardware_Radio DONE
08-03 17:26:57.873 32547 32560 I art     : Explicit concurrent mark sweep GC freed 36(1488B) AllocSpace objects, 0(0B) LOS objects, 10% free, 136MB/152MB, paused 1.255ms total 44.116ms
08-03 17:26:57.878  2076  2076 D AndroidRuntime: Calling main entry com.android.commands.input.Input
08-03 17:26:57.880  2076  2076 I Input   : injectMotionEvent: MotionEvent { action=ACTION_DOWN, actionButton=0, id[0]=0, x[0]=500.0, y[0]=2000.0, toolType[0]=TOOL_TYPE_UNKNOWN, buttonState=0, metaState=0, flags=0x0, edgeFlags=0x0, pointerCount=1, historySize=0, eventTime=638834293, downTime=638834293, deviceId=0, source=0x1002 }
08-03 17:26:57.886  2076  2076 I Input   : injectMotionEvent: MotionEvent { action=ACTION_MOVE, actionButton=0, id[0]=0, x[0]=500.0, y[0]=2000.0, toolType[0]=TOOL_TYPE_UNKNOWN, buttonState=0, metaState=0, flags=0x0, edgeFlags=0x0, pointerCount=1, historySize=0, eventTime=638834293, downTime=638834293, deviceId=0, source=0x1002 }
08-03 17:26:57.891  2076  2076 I Input   : injectMotionEvent: MotionEvent { action=ACTION_MOVE, actionButton=0, id[0]=0, x[0]=500.0, y[0]=1977.2, toolType[0]=TOOL_TYPE_UNKNOWN, buttonState=0, metaState=0, flags=0x0, edgeFlags=0x0, pointerCount=1, historySize=0, eventTime=638834305, downTime=638834305, deviceId=0, source=0x1002 }
08-03 17:26:57.893 32547 32560 I art     : Starting a blocking GC Explicit
08-03 17:26:57.908  2076  2076 I Input   : injectMotionEvent: MotionEvent { action=ACTION_MOVE, actionButton=0, id[0]=0, x[0]=500.0, y[0]=1946.8, toolType[0]=TOOL_TYPE_UNKNOWN, buttonState=0, metaState=0, flags=0x0, edgeFlags=0x0, pointerCount=1, historySize=0, eventTime=638834321, downTime=638834321, deviceId=0, source=0x1002 }
08-03 17:26:57.925  2076  2076 I Input   : injectMotionEvent: MotionEvent { action=ACTION_MOVE, actionButton=0, id[0]=0, x[0]=500.0, y[0]=1912.6, toolType[0]=TOOL_TYPE_UNKNOWN, buttonState=0, metaState=0, flags=0x0, edgeFlags=0x0, pointerCount=1, historySize=0, eventTime=638834339, downTime=638834339, deviceId=0, source=0x1002 }
08-03 17:26:57.938 32547 32560 I art     : Explicit concurrent mark sweep GC freed 15(480B) AllocSpace objects, 0(0B) LOS objects, 10% free, 136MB/152MB, paused 1.420ms total 45.080ms
08-03 17:26:57.956 32547 32560 I art     : Starting a blocking GC Explicit
08-03 17:26:58.003 32547 32560 I art     : Explicit concurrent mark sweep GC freed 4(128B) AllocSpace objects, 0(0B) LOS objects, 10% free, 136MB/152MB, paused 1.341ms total 46.279ms
08-03 17:26:58.021 32547 32560 I art     : Starting a blocking GC Explicit
08-03 17:26:58.030  2076  2076 I Input   : injectMotionEvent: MotionEvent { action=ACTION_MOVE, actionButton=0, id[0]=0, x[0]=500.0, y[0]=1715.0, toolType[0]=TOOL_TYPE_UNKNOWN, buttonState=0, metaState=0, flags=0x0, edgeFlags=0x0, pointerCount=1, historySize=0, eventTime=638834443, downTime=638834443, deviceId=0, source=0x1002 }
08-03 17:26:58.069 32547 32560 I art     : Explicit concurrent mark sweep GC freed 6(192B) AllocSpace objects, 0(0B) LOS objects, 10% free, 136MB/152MB, paused 1.574ms total 47.092ms
08-03 17:26:58.069  2076  2076 I Input   : injectMotionEvent: MotionEvent { action=ACTION_MOVE, actionButton=0, id[0]=0, x[0]=500.0, y[0]=1639.0, toolType[0]=TOOL_TYPE_UNKNOWN, buttonState=0, metaState=0, flags=0x0, edgeFlags=0x0, pointerCount=1, historySize=0, eventTime=638834483, downTime=638834483, deviceId=0, source=0x1002 }
08-03 17:26:58.108  2076  2076 I Input   : injectMotionEvent: MotionEvent { action=ACTION_MOVE, actionButton=0, id[0]=0, x[0]=500.0, y[0]=1564.9, toolType[0]=TOOL_TYPE_UNKNOWN, buttonState=0, metaState=0, flags=0x0, edgeFlags=0x0, pointerCount=1, historySize=0, eventTime=638834522, downTime=638834522, deviceId=0, source=0x1002 }
08-03 17:26:58.144  2076  2076 I Input   : injectMotionEvent: MotionEvent { action=ACTION_MOVE, actionButton=0, id[0]=0, x[0]=500.0, y[0]=1498.4, toolType[0]=TOOL_TYPE_UNKNOWN, buttonState=0, metaState=0, flags=0x0, edgeFlags=0x0, pointerCount=1, historySize=0, eventTime=638834557, downTime=638834557, deviceId=0, source=0x1002 }
08-03 17:26:58.179  2076  2076 I Input   : injectMotionEvent: MotionEvent { action=ACTION_MOVE, actionButton=0, id[0]=0, x[0]=500.0, y[0]=1430.0, toolType[0]=TOOL_TYPE_UNKNOWN, buttonState=0, metaState=0, flags=0x0, edgeFlags=0x0, pointerCount=1, historySize=0, eventTime=638834593, downTime=638834593, deviceId=0, source=0x1002 }
08-03 17:26:58.214  2076  2076 I Input   : injectMotionEvent: MotionEvent { action=ACTION_MOVE, actionButton=0, id[0]=0, x[0]=500.0, y[0]=1365.4, toolType[0]=TOOL_TYPE_UNKNOWN, buttonState=0, metaState=0, flags=0x0, edgeFlags=0x0, pointerCount=1, historySize=0, eventTime=638834627, downTime=638834627, deviceId=0, source=0x1002 }
08-03 17:26:58.249  2076  2076 I Input   : injectMotionEvent: MotionEvent { action=ACTION_MOVE, actionButton=0, id[0]=0, x[0]=500.0, y[0]=1298.9, toolType[0]=TOOL_TYPE_UNKNOWN, buttonState=0, metaState=0, flags=0x0, edgeFlags=0x0, pointerCount=1, historySize=0, eventTime=638834662, downTime=638834662, deviceId=0, source=0x1002 }
08-03 17:26:58.285  2076  2076 I Input   : injectMotionEvent: MotionEvent { action=ACTION_MOVE, actionButton=0, id[0]=0, x[0]=500.0, y[0]=1230.5, toolType[0]=TOOL_TYPE_UNKNOWN, buttonState=0, metaState=0, flags=0x0, edgeFlags=0x0, pointerCount=1, historySize=0, eventTime=638834698, downTime=638834698, deviceId=0, source=0x1002 }
08-03 17:26:58.328  2076  2076 I Input   : injectMotionEvent: MotionEvent { action=ACTION_MOVE, actionButton=0, id[0]=0, x[0]=500.0, y[0]=1148.8, toolType[0]=TOOL_TYPE_UNKNOWN, buttonState=0, metaState=0, flags=0x0, edgeFlags=0x0, pointerCount=1, historySize=0, eventTime=638834741, downTime=638834741, deviceId=0, source=0x1002 }
08-03 17:26:58.363  2076  2076 I Input   : injectMotionEvent: MotionEvent { action=ACTION_MOVE, actionButton=0, id[0]=0, x[0]=500.0, y[0]=1082.3, toolType[0]=TOOL_TYPE_UNKNOWN, buttonState=0, metaState=0, flags=0x0, edgeFlags=0x0, pointerCount=1, historySize=0, eventTime=638834776, downTime=638834776, deviceId=0, source=0x1002 }
08-03 17:26:58.406  2076  2076 I Input   : injectMotionEvent: MotionEvent { action=ACTION_MOVE, actionButton=0, id[0]=0, x[0]=500.0, y[0]=998.69995, toolType[0]=TOOL_TYPE_UNKNOWN, buttonState=0, metaState=0, flags=0x0, edgeFlags=0x0, pointerCount=1, historySize=0, eventTime=638834820, downTime=638834820, deviceId=0, source=0x1002 }
08-03 17:26:58.444  2076  2076 I Input   : injectMotionEvent: MotionEvent { action=ACTION_MOVE, actionButton=0, id[0]=0, x[0]=500.0, y[0]=928.4, toolType[0]=TOOL_TYPE_UNKNOWN, buttonState=0, metaState=0, flags=0x0, edgeFlags=0x0, pointerCount=1, historySize=0, eventTime=638834857, downTime=638834857, deviceId=0, source=0x1002 }
08-03 17:26:58.456 32547 32618 I art     : Starting a blocking GC Explicit
08-03 17:26:58.477  2076  2076 I Input   : injectMotionEvent: MotionEvent { action=ACTION_MOVE, actionButton=0, id[0]=0, x[0]=500.0, y[0]=865.69995, toolType[0]=TOOL_TYPE_UNKNOWN, buttonState=0, metaState=0, flags=0x0, edgeFlags=0x0, pointerCount=1, historySize=0, eventTime=638834890, downTime=638834890, deviceId=0, source=0x1002 }
08-03 17:26:58.514 32547 32618 I art     : Explicit concurrent mark sweep GC freed 1554(89KB) AllocSpace objects, 2(36KB) LOS objects, 10% free, 136MB/152MB, paused 1.572ms total 57.291ms
08-03 17:26:58.514  2076  2076 I Input   : injectMotionEvent: MotionEvent { action=ACTION_MOVE, actionButton=0, id[0]=0, x[0]=500.0, y[0]=793.5, toolType[0]=TOOL_TYPE_UNKNOWN, buttonState=0, metaState=0, flags=0x0, edgeFlags=0x0, pointerCount=1, historySize=0, eventTime=638834928, downTime=638834928, deviceId=0, source=0x1002 }
08-03 17:26:58.532 32547 32618 I art     : Starting a blocking GC Explicit
08-03 17:26:58.555  2076  2076 I Input   : injectMotionEvent: MotionEvent { action=ACTION_MOVE, actionButton=0, id[0]=0, x[0]=500.0, y[0]=717.5, toolType[0]=TOOL_TYPE_UNKNOWN, buttonState=0, metaState=0, flags=0x0, edgeFlags=0x0, pointerCount=1, historySize=0, eventTime=638834968, downTime=638834968, deviceId=0, source=0x1002 }
08-03 17:26:58.580 32547 32618 I art     : Explicit concurrent mark sweep GC freed 28(1008B) AllocSpace objects, 0(0B) LOS objects, 10% free, 136MB/152MB, paused 1.524ms total 47.377ms
08-03 17:26:58.594  2076  2076 I Input   : injectMotionEvent: MotionEvent { action=ACTION_MOVE, actionButton=0, id[0]=0, x[0]=500.0, y[0]=643.4, toolType[0]=TOOL_TYPE_UNKNOWN, buttonState=0, metaState=0, flags=0x0, edgeFlags=0x0, pointerCount=1, historySize=0, eventTime=638835007, downTime=638835007, deviceId=0, source=0x1002 }
08-03 17:26:58.600 32547 32618 I art     : Starting a blocking GC Explicit
08-03 17:26:58.634  2076  2076 I Input   : injectMotionEvent: MotionEvent { action=ACTION_MOVE, actionButton=0, id[0]=0, x[0]=500.0, y[0]=565.5, toolType[0]=TOOL_TYPE_UNKNOWN, buttonState=0, metaState=0, flags=0x0, edgeFlags=0x0, pointerCount=1, historySize=0, eventTime=638835048, downTime=638835048, deviceId=0, source=0x1002 }
08-03 17:26:58.648 32547 32618 I art     : Explicit concurrent mark sweep GC freed 7(224B) AllocSpace objects, 0(0B) LOS objects, 10% free, 136MB/152MB, paused 1.411ms total 47.325ms
08-03 17:26:58.663  1766  1766 W Atfwd_Sendcmd: AtCmdFwd service not published, waiting... retryCnt : 2
08-03 17:26:58.667 32547 32618 I art     : Starting a blocking GC Explicit
08-03 17:26:58.675  2076  2076 I Input   : injectMotionEvent: MotionEvent { action=ACTION_MOVE, actionButton=0, id[0]=0, x[0]=500.0, y[0]=487.59998, toolType[0]=TOOL_TYPE_UNKNOWN, buttonState=0, metaState=0, flags=0x0, edgeFlags=0x0, pointerCount=1, historySize=0, eventTime=638835089, downTime=638835089, deviceId=0, source=0x1002 }
08-03 17:26:58.714 32547 32618 I art     : Explicit concurrent mark sweep GC freed 5(160B) AllocSpace objects, 0(0B) LOS objects, 10% free, 136MB/152MB, paused 1.451ms total 47.100ms
08-03 17:26:58.715  2076  2076 I Input   : injectMotionEvent: MotionEvent { action=ACTION_MOVE, actionButton=0, id[0]=0, x[0]=500.0, y[0]=413.5, toolType[0]=TOOL_TYPE_UNKNOWN, buttonState=0, metaState=0, flags=0x0, edgeFlags=0x0, pointerCount=1, historySize=0, eventTime=638835128, downTime=638835128, deviceId=0, source=0x1002 }
08-03 17:26:58.732 32547 32618 I art     : Starting a blocking GC Explicit
08-03 17:26:58.755  2076  2076 I Input   : injectMotionEvent: MotionEvent { action=ACTION_MOVE, actionButton=0, id[0]=0, x[0]=500.0, y[0]=335.59998, toolType[0]=TOOL_TYPE_UNKNOWN, buttonState=0, metaState=0, flags=0x0, edgeFlags=0x0, pointerCount=1, historySize=0, eventTime=638835169, downTime=638835169, deviceId=0, source=0x1002 }
08-03 17:26:58.780 32547 32618 I art     : Explicit concurrent mark sweep GC freed 45(1232B) AllocSpace objects, 0(0B) LOS objects, 10% free, 136MB/152MB, paused 1.460ms total 46.951ms
08-03 17:26:58.795  2076  2076 I Input   : injectMotionEvent: MotionEvent { action=ACTION_MOVE, actionButton=0, id[0]=0, x[0]=500.0, y[0]=261.5, toolType[0]=TOOL_TYPE_UNKNOWN, buttonState=0, metaState=0, flags=0x0, edgeFlags=0x0, pointerCount=1, historySize=0, eventTime=638835208, downTime=638835208, deviceId=0, source=0x1002 }
08-03 17:26:58.836  2076  2076 I Input   : injectMotionEvent: MotionEvent { action=ACTION_MOVE, actionButton=0, id[0]=0, x[0]=500.0, y[0]=183.6001, toolType[0]=TOOL_TYPE_UNKNOWN, buttonState=0, metaState=0, flags=0x0, edgeFlags=0x0, pointerCount=1, historySize=0, eventTime=638835249, downTime=638835249, deviceId=0, source=0x1002 }
08-03 17:26:58.875  2076  2076 I Input   : injectMotionEvent: MotionEvent { action=ACTION_MOVE, actionButton=0, id[0]=0, x[0]=500.0, y[0]=109.5, toolType[0]=TOOL_TYPE_UNKNOWN, buttonState=0, metaState=0, flags=0x0, edgeFlags=0x0, pointerCount=1, historySize=0, eventTime=638835288, downTime=638835288, deviceId=0, source=0x1002 }
08-03 17:26:58.913  2076  2076 I Input   : injectMotionEvent: MotionEvent { action=ACTION_UP, actionButton=0, id[0]=0, x[0]=500.0, y[0]=100.0, toolType[0]=TOOL_TYPE_UNKNOWN, buttonState=0, metaState=0, flags=0x0, edgeFlags=0x0, pointerCount=1, historySize=0, eventTime=638835326, downTime=638835326, deviceId=0, source=0x1002 }
08-03 17:26:58.948  2076  2076 D AndroidRuntime: Shutting down VM
08-03 17:26:59.162 32547 32560 I art     : Starting a blocking GC Explicit
08-03 17:26:59.218 32547 32560 I art     : Explicit concurrent mark sweep GC freed 1566(90KB) AllocSpace objects, 2(36KB) LOS objects, 10% free, 136MB/152MB, paused 1.587ms total 55.755ms
08-03 17:26:59.237 32547 32560 I art     : Starting a blocking GC Explicit
08-03 17:26:59.288 32547 32560 I art     : Explicit concurrent mark sweep GC freed 36(1488B) AllocSpace objects, 0(0B) LOS objects, 10% free, 136MB/152MB, paused 1.545ms total 50.435ms
08-03 17:26:59.307 32547 32560 I art     : Starting a blocking GC Explicit
08-03 17:26:59.357 32547 32560 I art     : Explicit concurrent mark sweep GC freed 3(96B) AllocSpace objects, 0(0B) LOS objects, 10% free, 136MB/152MB, paused 1.432ms total 50.717ms
08-03 17:26:59.377 32547 32560 I art     : Starting a blocking GC Explicit
08-03 17:26:59.429 32547 32560 I art     : Explicit concurrent mark sweep GC freed 3(96B) AllocSpace objects, 0(0B) LOS objects, 10% free, 136MB/152MB, paused 1.429ms total 51.639ms
08-03 17:26:59.448 32547 32560 I art     : Starting a blocking GC Explicit
08-03 17:26:59.499 32547 32560 I art     : Explicit concurrent mark sweep GC freed 3(96B) AllocSpace objects, 0(0B) LOS objects, 10% free, 136MB/152MB, paused 1.428ms total 51.236ms
08-03 17:26:59.725  2122  2122 D AndroidRuntime: >>>>>> START com.android.internal.os.RuntimeInit uid 2000 <<<<<<
08-03 17:26:59.731  2122  2122 D AndroidRuntime: CheckJNI is OFF
08-03 17:26:59.774  2122  2122 D ICU     : No timezone override file found: /data/misc/zoneinfo/current/icu/icu_tzdata.dat
08-03 17:26:59.816  2122  2122 I Radio-JNI: register_android_hardware_Radio DONE
08-03 17:26:59.847  2122  2122 D AndroidRuntime: Calling main entry com.android.commands.input.Input
08-03 17:26:59.849  2122  2122 I Input   : injectMotionEvent: MotionEvent { action=ACTION_DOWN, actionButton=0, id[0]=0, x[0]=657.0, y[0]=2080.0, toolType[0]=TOOL_TYPE_UNKNOWN, buttonState=0, metaState=0, flags=0x0, edgeFlags=0x0, pointerCount=1, historySize=0, eventTime=638836262, downTime=638836262, deviceId=0, source=0x1002 }
08-03 17:26:59.854  2122  2122 I Input   : injectMotionEvent: MotionEvent { action=ACTION_UP, actionButton=0, id[0]=0, x[0]=657.0, y[0]=2080.0, toolType[0]=TOOL_TYPE_UNKNOWN, buttonState=0, metaState=0, flags=0x0, edgeFlags=0x0, pointerCount=1, historySize=0, eventTime=638836262, downTime=638836262, deviceId=0, source=0x1002 }
08-03 17:26:59.855  2122  2122 D AndroidRuntime: Shutting down VM
08-03 17:26:59.856   918  5952 I ActivityManager: START u0 {cmp=baseline.io.github.project_travel_mate/.utilities.UpcomingWeekendsActivity} from uid 10623 on display 0
08-03 17:26:59.857   512  2967 D audio_hw_primary: out_set_parameters: enter: usecase(1: low-latency-playback) kvpairs: routing=2
08-03 17:26:59.871   512  2967 D audio_hw_primary: select_devices: out_snd_device(2: speaker) in_snd_device(0: none)
08-03 17:26:59.871   512  2967 D msm8974_platform: platform_send_audio_calibration: sending audio calibration for snd_device(2) acdb_id(15)
08-03 17:26:59.871   512  2967 I soundtrigger: audio_extn_sound_trigger_update_device_status: device 0x2 of type 0 for Event 1
08-03 17:26:59.886   512  2967 D audio_hw_primary: enable_snd_device: snd_device(2: speaker)
08-03 17:26:59.890 32547 32560 I art     : Starting a blocking GC Explicit
08-03 17:26:59.892   512  2967 D audio_hw_primary: enable_audio_route: apply and update mixer path: low-latency-playback speaker
08-03 17:26:59.920 32547 32613 D Gabe    : call	returning from cache
08-03 17:26:59.923 32547 32547 V EXECUTING: https://project-travel-mate.herokuapp.com/api/get-upcoming-holidays/2020
08-03 17:26:59.926 32547 32547 V EXECUTING: https://project-travel-mate.herokuapp.com/api/get-upcoming-holidays/2020
08-03 17:26:59.939 32547 32560 I art     : Explicit concurrent mark sweep GC freed 2358(174KB) AllocSpace objects, 2(36KB) LOS objects, 10% free, 136MB/152MB, paused 1.639ms total 49.596ms
08-03 17:26:59.960 32547 32560 I art     : Starting a blocking GC Explicit
08-03 17:27:00.010 32547 32560 I art     : Explicit concurrent mark sweep GC freed 566(45KB) AllocSpace objects, 0(0B) LOS objects, 10% free, 136MB/152MB, paused 1.486ms total 49.518ms
08-03 17:27:00.026 13866 13866 I GoogleInputMethodServic: GoogleInputMethodService.onFinishInput():3138 
08-03 17:27:00.026 13866 13866 I GoogleInputMethodServic: GoogleInputMethodService.onStartInput():1808 
08-03 17:27:00.028 32547 32560 I art     : Starting a blocking GC Explicit
08-03 17:27:00.076 32547 32560 I art     : Explicit concurrent mark sweep GC freed 641(25KB) AllocSpace objects, 0(0B) LOS objects, 10% free, 140MB/156MB, paused 1.726ms total 48.029ms
08-03 17:27:00.094 32547 32560 I art     : Starting a blocking GC Explicit
08-03 17:27:00.123   918   936 I ActivityManager: Displayed baseline.io.github.project_travel_mate/.utilities.UpcomingWeekendsActivity: +250ms
08-03 17:27:00.144 32547 32560 I art     : Explicit concurrent mark sweep GC freed 118(3KB) AllocSpace objects, 0(0B) LOS objects, 10% free, 140MB/156MB, paused 1.701ms total 49.279ms
08-03 17:27:00.163 32547 32560 I art     : Starting a blocking GC Explicit
08-03 17:27:00.214 32547 32560 I art     : Explicit concurrent mark sweep GC freed 84(1440B) AllocSpace objects, 0(0B) LOS objects, 10% free, 140MB/156MB, paused 1.419ms total 50.421ms
08-03 17:27:00.317 23601 23725 E GoogleConversionReporter: Error sending ping
08-03 17:27:00.317 23601 23725 E GoogleConversionReporter: bljc: Exception in CronetUrlRequest: net::ERR_CONNECTION_CLOSED, ErrorCode=5, InternalErrorCode=-100, Retryable=true
08-03 17:27:00.317 23601 23725 E GoogleConversionReporter: 	at org.chromium.net.impl.CronetUrlRequest.onError(PG:55)
08-03 17:27:00.377   380   380 W SurfaceFlinger: couldn't log to binary event log: overflow.
08-03 17:27:00.438   512  2967 D audio_hw_primary: disable_audio_route: reset and update mixer path: low-latency-playback speaker
08-03 17:27:00.440   512  2967 D audio_hw_primary: disable_snd_device: snd_device(2: speaker)
08-03 17:27:00.448   512  2967 I soundtrigger: audio_extn_sound_trigger_update_device_status: device 0x2 of type 0 for Event 0
08-03 17:27:00.486 32547  2145 I NAPPA_EXPERIMENTATION: MetricNetworkRequestExecutionTime: REQUEST_DURATION_SYSTEM='562',REQUEST_DURATION_OKHTTP='59',REQUEST_SYNCHRONOUS='FALSE',RESPONSE_CODE='200',RESPONSE_METHOD='GET',RESPONSE_LENGTH_OKHTTP='6426',RESPONSE_LENGTH_HEADER='6426',REQUEST_PROTOCOL='http/1.1',REQUEST_URL='https://project-travel-mate.herokuapp.com/api/get-upcoming-holidays/2020',
08-03 17:27:00.497 32547  2146 I NAPPA_EXPERIMENTATION: MetricNetworkRequestExecutionTime: REQUEST_DURATION_SYSTEM='570',REQUEST_DURATION_OKHTTP='68',REQUEST_SYNCHRONOUS='FALSE',RESPONSE_CODE='200',RESPONSE_METHOD='GET',RESPONSE_LENGTH_OKHTTP='6426',RESPONSE_LENGTH_HEADER='6426',REQUEST_PROTOCOL='http/1.1',REQUEST_URL='https://project-travel-mate.herokuapp.com/api/get-upcoming-holidays/2020',
08-03 17:27:00.588 32547 32547 V Response: [{"month":"January","date":1,"day":"Wednesday","name":"New Year's Day","type":"Restricted"},{"month":"January","date":2,"day":"Thursday","name":"Guru Govind Singh Jayanti","type":"Restricted"},{"month":"January","date":14,"day":"Tuesday","name":"Lohri","type":"Restricted"},{"month":"January","date":15,"day":"Wednesday","name":"Pongal","type":"Restricted"},{"month":"January","date":15,"day":"Wednesday","name":"Makar Sankranti","type":"Restricted"},{"month":"January","date":25,"day":"Saturday","name":"Chinese New Year","type":"Observance"},{"month":"January","date":26,"day":"Sunday","name":"Republic Day","type":"Gazetted"},{"month":"January","date":30,"day":"Thursday","name":"Vasant Panchami","type":"Restricted"},{"month":"February","date":9,"day":"Sunday","name":"Guru Ravidas Jayanti","type":"Restricted"},{"month":"February","date":14,"day":"Friday","name":"Valentine's Day","type":"Observance"},{"month":"February","date":18,"day":"Tuesday","name":"Maharishi Dayanand Saraswati Jayanti","type":"Restricted"},{"month":"February","date":19,"day":"Wednesday","name":"Shivaji Jayanti","type":"Restricted"},{"month":"February","date":21,"day":"Friday","name":"Maha Shivaratri/Shivaratri","type":"Gazetted"},{"month":"March","date":9,"day":"Monday","name":"Holika Dahana","type":"Restricted"},{"month":"March","date":9,"day":"Monday","name":"Hazarat Ali's Birthday","type":"Restricted"},{"month":"March","date":10,"day":"Tuesday","name":"Holi","type":"Gazetted"},{"month":"March","date":20,"day":"Friday","name":"March Equinox","type":"Season"},{"month":"March","date":25,"day":"Wednesday","name":"Chaitra Sukhladi","type":"Restricted"},{"month":"April","date":2,"day":"Thursday","name":"Rama Navami","type":"Gazetted"},{"month":"April","date":6,"day":"Monday","name":"Mahavir Jayanti","type":"Gazetted"},{"month":"April","date":9,"day":"Thursday","name":"First day of Passover","type":"Observance"},{"month":"April","date":9,"day":"Thursday","name":"Maundy Thursday","type":"Observance,"},{"month":"April","date":10,"day":"Friday","name":"Good Friday","type":"Gazetted"},{"month":"April","date":12,"day":"Sunday","name":"Easter Day","type":"Restricted"},{"month":"April","date":13,"day":"Monday","name":"Vaisakhi","type":"Restricted"},{"month":"April","date":14,"day":"Tuesday","name":"Mesadi/Vaisakhadi","type":"Restricted"},{"month":"April","date":14,"day":"Tuesday","name":"Ambedkar Jayanti","type":"Central"},{"month":"May","date":1,"day":"Friday","name":"May Day","type":"Observance"},{"month":"May","date":7,"day":"Thursday","name":"Buddha Purnima/Vesak","type":"Gazetted"},{"month":"May","date":7,"day":"Thursday","name":"Birthday of Ravindranath","type":"Restricted"},{"month":"May","date":10,"day":"Sunday","name":"Mother's Day","type":"Observance"},{"month":"May","date":22,"day":"Friday","name":"Jamat Ul-Vida","type":"Restricted"},{"month":"May","date":25,"day":"Monday","name":"Ramzan Id/Eid-ul-Fitar","type":"Gazetted"},{"month":"May","date":25,"day":"Monday","name":"Ramzan Id/Eid-ul-Fitar","type":"Muslim,"},{"month":"June","date":21,"day":"Sunday","name":"June Solstice","type":"Season"},{"month":"June","date":21,"day":"Sunday","name":"Father's Day","type":"Observance"},{"month":"June","date":23,"day":"Tuesday","name":"Rath Yatra","type":"Restricted"},{"month":"July","date":5,"day":"Sunday","name":"Guru Purnima","type":"Observance"},{"month":"July","date":31,"day":"Friday","name":"Bakr Id/Eid ul-Adha","type":"Gazetted"},{"month":"August","date":2,"day":"Sunday","name":"Friendship Day","type":"Observance"},{"month":"August","date":3,"day":"Monday","name":"Raksha Bandhan (Rakhi)","type":"Restricted"},{"month":"August","date":11,"day":"Tuesday","name":"Janmashtami (Smarta)","type":"Restricted"},{"month":"August","date":12,"day":"Wednesday","name":"Janmashtami","type":"Gazetted"},{"month":"August","date":15,"day":"Saturday","name":"Independence Day","type":"Gazetted"},{"month":"August","date":16,"day":"Sunday","name":"Parsi New Year","type":"Restricted"},{"month":"August","date":22,"day":"Saturday","name":"Ganesh Chaturthi/Vin
08-03 17:27:00.591 32547 32618 I art     : Starting a blocking GC Explicit
08-03 17:27:00.593 32547 32547 V Response: [{"month":"January","date":1,"day":"Wednesday","name":"New Year's Day","type":"Restricted"},{"month":"January","date":2,"day":"Thursday","name":"Guru Govind Singh Jayanti","type":"Restricted"},{"month":"January","date":14,"day":"Tuesday","name":"Lohri","type":"Restricted"},{"month":"January","date":15,"day":"Wednesday","name":"Pongal","type":"Restricted"},{"month":"January","date":15,"day":"Wednesday","name":"Makar Sankranti","type":"Restricted"},{"month":"January","date":25,"day":"Saturday","name":"Chinese New Year","type":"Observance"},{"month":"January","date":26,"day":"Sunday","name":"Republic Day","type":"Gazetted"},{"month":"January","date":30,"day":"Thursday","name":"Vasant Panchami","type":"Restricted"},{"month":"February","date":9,"day":"Sunday","name":"Guru Ravidas Jayanti","type":"Restricted"},{"month":"February","date":14,"day":"Friday","name":"Valentine's Day","type":"Observance"},{"month":"February","date":18,"day":"Tuesday","name":"Maharishi Dayanand Saraswati Jayanti","type":"Restricted"},{"month":"February","date":19,"day":"Wednesday","name":"Shivaji Jayanti","type":"Restricted"},{"month":"February","date":21,"day":"Friday","name":"Maha Shivaratri/Shivaratri","type":"Gazetted"},{"month":"March","date":9,"day":"Monday","name":"Holika Dahana","type":"Restricted"},{"month":"March","date":9,"day":"Monday","name":"Hazarat Ali's Birthday","type":"Restricted"},{"month":"March","date":10,"day":"Tuesday","name":"Holi","type":"Gazetted"},{"month":"March","date":20,"day":"Friday","name":"March Equinox","type":"Season"},{"month":"March","date":25,"day":"Wednesday","name":"Chaitra Sukhladi","type":"Restricted"},{"month":"April","date":2,"day":"Thursday","name":"Rama Navami","type":"Gazetted"},{"month":"April","date":6,"day":"Monday","name":"Mahavir Jayanti","type":"Gazetted"},{"month":"April","date":9,"day":"Thursday","name":"First day of Passover","type":"Observance"},{"month":"April","date":9,"day":"Thursday","name":"Maundy Thursday","type":"Observance,"},{"month":"April","date":10,"day":"Friday","name":"Good Friday","type":"Gazetted"},{"month":"April","date":12,"day":"Sunday","name":"Easter Day","type":"Restricted"},{"month":"April","date":13,"day":"Monday","name":"Vaisakhi","type":"Restricted"},{"month":"April","date":14,"day":"Tuesday","name":"Mesadi/Vaisakhadi","type":"Restricted"},{"month":"April","date":14,"day":"Tuesday","name":"Ambedkar Jayanti","type":"Central"},{"month":"May","date":1,"day":"Friday","name":"May Day","type":"Observance"},{"month":"May","date":7,"day":"Thursday","name":"Buddha Purnima/Vesak","type":"Gazetted"},{"month":"May","date":7,"day":"Thursday","name":"Birthday of Ravindranath","type":"Restricted"},{"month":"May","date":10,"day":"Sunday","name":"Mother's Day","type":"Observance"},{"month":"May","date":22,"day":"Friday","name":"Jamat Ul-Vida","type":"Restricted"},{"month":"May","date":25,"day":"Monday","name":"Ramzan Id/Eid-ul-Fitar","type":"Gazetted"},{"month":"May","date":25,"day":"Monday","name":"Ramzan Id/Eid-ul-Fitar","type":"Muslim,"},{"month":"June","date":21,"day":"Sunday","name":"June Solstice","type":"Season"},{"month":"June","date":21,"day":"Sunday","name":"Father's Day","type":"Observance"},{"month":"June","date":23,"day":"Tuesday","name":"Rath Yatra","type":"Restricted"},{"month":"July","date":5,"day":"Sunday","name":"Guru Purnima","type":"Observance"},{"month":"July","date":31,"day":"Friday","name":"Bakr Id/Eid ul-Adha","type":"Gazetted"},{"month":"August","date":2,"day":"Sunday","name":"Friendship Day","type":"Observance"},{"month":"August","date":3,"day":"Monday","name":"Raksha Bandhan (Rakhi)","type":"Restricted"},{"month":"August","date":11,"day":"Tuesday","name":"Janmashtami (Smarta)","type":"Restricted"},{"month":"August","date":12,"day":"Wednesday","name":"Janmashtami","type":"Gazetted"},{"month":"August","date":15,"day":"Saturday","name":"Independence Day","type":"Gazetted"},{"month":"August","date":16,"day":"Sunday","name":"Parsi New Year","type":"Restricted"},{"month":"August","date":22,"day":"Saturday","name":"Ganesh Chaturthi/Vin
08-03 17:27:00.646 32547 32618 I art     : Explicit concurrent mark sweep GC freed 11683(557KB) AllocSpace objects, 11(484KB) LOS objects, 10% free, 141MB/157MB, paused 2.220ms total 54.417ms
08-03 17:27:00.664 32547 32618 I art     : Starting a blocking GC Explicit
08-03 17:27:00.717 32547 32618 I art     : Explicit concurrent mark sweep GC freed 6929(435KB) AllocSpace objects, 0(0B) LOS objects, 10% free, 141MB/157MB, paused 1.456ms total 52.793ms
08-03 17:27:00.735 32547 32618 I art     : Starting a blocking GC Explicit
08-03 17:27:00.788 32547 32618 I art     : Explicit concurrent mark sweep GC freed 458(14KB) AllocSpace objects, 1(4MB) LOS objects, 10% free, 137MB/153MB, paused 1.445ms total 52.794ms
08-03 17:27:00.807 32547 32618 I art     : Starting a blocking GC Explicit
08-03 17:27:00.859 32547 32618 I art     : Explicit concurrent mark sweep GC freed 111(2336B) AllocSpace objects, 0(0B) LOS objects, 10% free, 137MB/153MB, paused 1.387ms total 51.698ms
08-03 17:27:00.877 32547 32618 I art     : Starting a blocking GC Explicit
08-03 17:27:00.931 32547 32618 I art     : Explicit concurrent mark sweep GC freed 123(2096B) AllocSpace objects, 0(0B) LOS objects, 10% free, 137MB/153MB, paused 1.435ms total 53.776ms
08-03 17:27:01.326 32547  1003 I art     : Starting a blocking GC Explicit
08-03 17:27:01.384 32547  1003 I art     : Explicit concurrent mark sweep GC freed 2196(100KB) AllocSpace objects, 2(36KB) LOS objects, 10% free, 137MB/153MB, paused 1.355ms total 57.915ms
08-03 17:27:01.403 32547  1003 I art     : Starting a blocking GC Explicit
08-03 17:27:01.461 32547  1003 I art     : Explicit concurrent mark sweep GC freed 122(2544B) AllocSpace objects, 0(0B) LOS objects, 10% free, 137MB/153MB, paused 1.440ms total 57.638ms
08-03 17:27:01.480 32547  1003 I art     : Starting a blocking GC Explicit
08-03 17:27:01.544 32547  1003 I art     : Explicit concurrent mark sweep GC freed 123(2096B) AllocSpace objects, 0(0B) LOS objects, 10% free, 137MB/153MB, paused 1.471ms total 62.913ms
08-03 17:27:01.564 32547  1003 I art     : Starting a blocking GC Explicit
08-03 17:27:01.623 32547  1003 I art     : Explicit concurrent mark sweep GC freed 122(2064B) AllocSpace objects, 0(0B) LOS objects, 10% free, 137MB/153MB, paused 1.491ms total 59.649ms
08-03 17:27:01.643 32547  1003 I art     : Starting a blocking GC Explicit
08-03 17:27:01.705 32547  1003 I art     : Explicit concurrent mark sweep GC freed 121(2064B) AllocSpace objects, 0(0B) LOS objects, 10% free, 137MB/153MB, paused 1.621ms total 61.571ms
08-03 17:27:02.133 32547 32560 I art     : Starting a blocking GC Explicit
08-03 17:27:02.197 32547 32560 I art     : Explicit concurrent mark sweep GC freed 2298(102KB) AllocSpace objects, 2(36KB) LOS objects, 10% free, 137MB/153MB, paused 1.517ms total 63.536ms
08-03 17:27:02.218 32547 32560 I art     : Starting a blocking GC Explicit
08-03 17:27:02.277 32547 32560 I art     : Explicit concurrent mark sweep GC freed 156(3KB) AllocSpace objects, 0(0B) LOS objects, 10% free, 137MB/153MB, paused 1.449ms total 57.967ms
08-03 17:27:02.277 32547 32557 I art     : WaitForGcToComplete blocked for 17.075ms for cause HeapTrim
08-03 17:27:02.296 32547 32560 I art     : Starting a blocking GC Explicit
08-03 17:27:02.358 32547 32560 I art     : Explicit concurrent mark sweep GC freed 122(2064B) AllocSpace objects, 0(0B) LOS objects, 10% free, 137MB/153MB, paused 1.509ms total 61.441ms
08-03 17:27:02.377 32547 32560 I art     : Starting a blocking GC Explicit
08-03 17:27:02.437 32547 32560 I art     : Explicit concurrent mark sweep GC freed 123(2096B) AllocSpace objects, 0(0B) LOS objects, 10% free, 137MB/153MB, paused 1.544ms total 60.047ms
08-03 17:27:02.457 32547 32560 I art     : Starting a blocking GC Explicit
08-03 17:27:02.517 32547 32560 I art     : Explicit concurrent mark sweep GC freed 107(1840B) AllocSpace objects, 0(0B) LOS objects, 10% free, 137MB/153MB, paused 1.675ms total 59.625ms
08-03 17:27:02.952 32547 32558 I art     : Starting a blocking GC Explicit
08-03 17:27:03.013 32547 32558 I art     : Explicit concurrent mark sweep GC freed 2300(102KB) AllocSpace objects, 2(36KB) LOS objects, 10% free, 137MB/153MB, paused 1.506ms total 61.402ms
08-03 17:27:03.033 32547 32558 I art     : Starting a blocking GC Explicit
08-03 17:27:03.095 32547 32558 I art     : Explicit concurrent mark sweep GC freed 145(2912B) AllocSpace objects, 0(0B) LOS objects, 10% free, 137MB/153MB, paused 1.460ms total 62.064ms
08-03 17:27:03.120 32547 32558 I art     : Starting a blocking GC Explicit
08-03 17:27:03.179 32547 32558 I art     : Explicit concurrent mark sweep GC freed 125(2160B) AllocSpace objects, 0(0B) LOS objects, 10% free, 137MB/153MB, paused 1.482ms total 59.203ms
08-03 17:27:03.200 32547 32558 I art     : Starting a blocking GC Explicit
08-03 17:27:03.259 32547 32558 I art     : Explicit concurrent mark sweep GC freed 122(2064B) AllocSpace objects, 0(0B) LOS objects, 10% free, 137MB/153MB, paused 1.508ms total 58.967ms
08-03 17:27:03.279 32547 32558 I art     : Starting a blocking GC Explicit
08-03 17:27:03.339 32547 32558 I art     : Explicit concurrent mark sweep GC freed 123(2096B) AllocSpace objects, 0(0B) LOS objects, 10% free, 137MB/153MB, paused 1.523ms total 59.844ms
08-03 17:27:03.768 32547 32618 I art     : Starting a blocking GC Explicit
08-03 17:27:03.832 32547 32618 I art     : Explicit concurrent mark sweep GC freed 2295(102KB) AllocSpace objects, 2(36KB) LOS objects, 10% free, 137MB/153MB, paused 1.554ms total 63.628ms
08-03 17:27:03.854 32547 32618 I art     : Starting a blocking GC Explicit
08-03 17:27:03.912 32547 32618 I art     : Explicit concurrent mark sweep GC freed 157(3KB) AllocSpace objects, 0(0B) LOS objects, 10% free, 137MB/153MB, paused 1.359ms total 57.544ms
08-03 17:27:03.931 32547 32618 I art     : Starting a blocking GC Explicit
08-03 17:27:03.991 32547 32618 I art     : Explicit concurrent mark sweep GC freed 123(2096B) AllocSpace objects, 0(0B) LOS objects, 10% free, 137MB/153MB, paused 1.377ms total 60.306ms
08-03 17:27:04.011 32547 32618 I art     : Starting a blocking GC Explicit
08-03 17:27:04.072 32547 32618 I art     : Explicit concurrent mark sweep GC freed 122(2064B) AllocSpace objects, 0(0B) LOS objects, 10% free, 137MB/153MB, paused 1.541ms total 60.977ms
08-03 17:27:04.092 32547 32618 I art     : Starting a blocking GC Explicit
08-03 17:27:04.146 32547 32618 I art     : Explicit concurrent mark sweep GC freed 100(1728B) AllocSpace objects, 0(0B) LOS objects, 10% free, 137MB/153MB, paused 1.362ms total 54.573ms
08-03 17:27:04.556 32547  1003 I art     : Starting a blocking GC Explicit
08-03 17:27:04.615 32547  1003 I art     : Explicit concurrent mark sweep GC freed 2220(100KB) AllocSpace objects, 2(36KB) LOS objects, 10% free, 137MB/153MB, paused 1.465ms total 58.896ms
08-03 17:27:04.635 32547  1003 I art     : Starting a blocking GC Explicit
08-03 17:27:04.655  2200  2200 D AndroidRuntime: >>>>>> START com.android.internal.os.RuntimeInit uid 2000 <<<<<<
08-03 17:27:04.661  2200  2200 D AndroidRuntime: CheckJNI is OFF
08-03 17:27:04.694 32547  1003 I art     : Explicit concurrent mark sweep GC freed 145(2912B) AllocSpace objects, 0(0B) LOS objects, 10% free, 137MB/153MB, paused 1.458ms total 59.271ms
08-03 17:27:04.706  2200  2200 D ICU     : No timezone override file found: /data/misc/zoneinfo/current/icu/icu_tzdata.dat
08-03 17:27:04.713 32547  1003 I art     : Starting a blocking GC Explicit
08-03 17:27:04.750  2200  2200 I Radio-JNI: register_android_hardware_Radio DONE
08-03 17:27:04.772 32547  1003 I art     : Explicit concurrent mark sweep GC freed 169(3KB) AllocSpace objects, 0(0B) LOS objects, 10% free, 137MB/153MB, paused 1.635ms total 57.921ms
08-03 17:27:04.781  2200  2200 D AndroidRuntime: Calling main entry com.android.commands.input.Input
08-03 17:27:04.783  2200  2200 I Input   : injectKeyEvent: KeyEvent { action=ACTION_DOWN, keyCode=KEYCODE_BACK, scanCode=0, metaState=0, flags=0x0, repeatCount=0, eventTime=638841196, downTime=638841196, deviceId=-1, source=0x101 }
08-03 17:27:04.790  2200  2200 I Input   : injectKeyEvent: KeyEvent { action=ACTION_UP, keyCode=KEYCODE_BACK, scanCode=0, metaState=0, flags=0x0, repeatCount=0, eventTime=638841196, downTime=638841196, deviceId=-1, source=0x101 }
08-03 17:27:04.791 32547  1003 I art     : Starting a blocking GC Explicit
08-03 17:27:04.796  2200  2200 D AndroidRuntime: Shutting down VM
08-03 17:27:04.817 32547 32547 V MainActivity: url = https://project-travel-mate.herokuapp.com/api/number-of-unread-notifications
08-03 17:27:04.844 32547  1003 I art     : Explicit concurrent mark sweep GC freed 385(13KB) AllocSpace objects, 0(0B) LOS objects, 10% free, 137MB/153MB, paused 1.445ms total 53.346ms
08-03 17:27:04.851 13866 13866 I GoogleInputMethodServic: GoogleInputMethodService.onFinishInput():3138 
08-03 17:27:04.852 13866 13866 I GoogleInputMethodServic: GoogleInputMethodService.onStartInput():1808 
08-03 17:27:04.864 32547  1003 I art     : Starting a blocking GC Explicit
08-03 17:27:04.915 32547  1003 I art     : Explicit concurrent mark sweep GC freed 152(4KB) AllocSpace objects, 0(0B) LOS objects, 10% free, 137MB/153MB, paused 1.338ms total 50.730ms
08-03 17:27:05.199   380   380 W SurfaceFlinger: couldn't log to binary event log: overflow.
08-03 17:27:05.308 32547 32618 I art     : Starting a blocking GC Explicit
08-03 17:27:05.369 32547 32618 I art     : Explicit concurrent mark sweep GC freed 4591(234KB) AllocSpace objects, 6(424KB) LOS objects, 10% free, 137MB/153MB, paused 1.956ms total 60.966ms
08-03 17:27:05.389 32547 32618 I art     : Starting a blocking GC Explicit
08-03 17:27:05.411 32547  2223 I NAPPA_EXPERIMENTATION: MetricNetworkRequestExecutionTime: REQUEST_DURATION_SYSTEM='593',REQUEST_DURATION_OKHTTP='39',REQUEST_SYNCHRONOUS='FALSE',RESPONSE_CODE='200',RESPONSE_METHOD='GET',RESPONSE_LENGTH_OKHTTP='36',RESPONSE_LENGTH_HEADER='36',REQUEST_PROTOCOL='http/1.1',REQUEST_URL='https://project-travel-mate.herokuapp.com/api/number-of-unread-notifications',
08-03 17:27:05.444 32547 32618 I art     : Explicit concurrent mark sweep GC freed 7772(491KB) AllocSpace objects, 13(264KB) LOS objects, 10% free, 136MB/152MB, paused 1.542ms total 55.142ms
08-03 17:27:05.464 32547 32618 I art     : Starting a blocking GC Explicit
08-03 17:27:05.520 32547 32618 I art     : Explicit concurrent mark sweep GC freed 146(6KB) AllocSpace objects, 0(0B) LOS objects, 10% free, 136MB/152MB, paused 1.494ms total 55.876ms
08-03 17:27:05.539 32547 32618 I art     : Starting a blocking GC Explicit
08-03 17:27:05.595 32547 32618 I art     : Explicit concurrent mark sweep GC freed 3(96B) AllocSpace objects, 0(0B) LOS objects, 10% free, 136MB/152MB, paused 1.426ms total 55.982ms
08-03 17:27:05.615 32547 32618 I art     : Starting a blocking GC Explicit
08-03 17:27:05.671 32547 32618 I art     : Explicit concurrent mark sweep GC freed 3(96B) AllocSpace objects, 0(0B) LOS objects, 10% free, 136MB/152MB, paused 1.479ms total 55.820ms
08-03 17:27:06.076 32547 32558 I art     : Starting a blocking GC Explicit
08-03 17:27:06.136 32547 32558 I art     : Explicit concurrent mark sweep GC freed 1588(90KB) AllocSpace objects, 2(36KB) LOS objects, 10% free, 136MB/152MB, paused 1.503ms total 58.697ms
08-03 17:27:06.155 32547 32558 I art     : Starting a blocking GC Explicit
08-03 17:27:06.209 32547 32558 I art     : Explicit concurrent mark sweep GC freed 26(944B) AllocSpace objects, 0(0B) LOS objects, 10% free, 136MB/152MB, paused 1.523ms total 53.429ms
08-03 17:27:06.228 32547 32558 I art     : Starting a blocking GC Explicit
08-03 17:27:06.282 32547 32558 I art     : Explicit concurrent mark sweep GC freed 3(96B) AllocSpace objects, 0(0B) LOS objects, 10% free, 136MB/152MB, paused 1.471ms total 53.231ms
08-03 17:27:06.301 32547 32558 I art     : Starting a blocking GC Explicit
08-03 17:27:06.354 32547 32558 I art     : Explicit concurrent mark sweep GC freed 3(96B) AllocSpace objects, 0(0B) LOS objects, 10% free, 136MB/152MB, paused 1.482ms total 52.430ms
08-03 17:27:06.373 32547 32558 I art     : Starting a blocking GC Explicit
08-03 17:27:06.428 32547 32558 I art     : Explicit concurrent mark sweep GC freed 3(96B) AllocSpace objects, 0(0B) LOS objects, 10% free, 136MB/152MB, paused 1.618ms total 54.215ms
08-03 17:27:06.607  2245  2245 D AndroidRuntime: >>>>>> START com.android.internal.os.RuntimeInit uid 2000 <<<<<<
08-03 17:27:06.613  2245  2245 D AndroidRuntime: CheckJNI is OFF
08-03 17:27:06.654  2245  2245 D ICU     : No timezone override file found: /data/misc/zoneinfo/current/icu/icu_tzdata.dat
08-03 17:27:06.693  2245  2245 I Radio-JNI: register_android_hardware_Radio DONE
08-03 17:27:06.721  2245  2245 D AndroidRuntime: Calling main entry com.android.commands.input.Input
08-03 17:27:06.723  2245  2245 I Input   : injectMotionEvent: MotionEvent { action=ACTION_DOWN, actionButton=0, id[0]=0, x[0]=657.0, y[0]=2080.0, toolType[0]=TOOL_TYPE_UNKNOWN, buttonState=0, metaState=0, flags=0x0, edgeFlags=0x0, pointerCount=1, historySize=0, eventTime=638843136, downTime=638843136, deviceId=0, source=0x1002 }
08-03 17:27:06.739  2245  2245 I Input   : injectMotionEvent: MotionEvent { action=ACTION_UP, actionButton=0, id[0]=0, x[0]=657.0, y[0]=2080.0, toolType[0]=TOOL_TYPE_UNKNOWN, buttonState=0, metaState=0, flags=0x0, edgeFlags=0x0, pointerCount=1, historySize=0, eventTime=638843136, downTime=638843136, deviceId=0, source=0x1002 }
08-03 17:27:06.776  2245  2245 D AndroidRuntime: Shutting down VM
08-03 17:27:06.777   918  6112 I ActivityManager: START u0 {cmp=baseline.io.github.project_travel_mate/.utilities.UpcomingWeekendsActivity} from uid 10623 on display 0
08-03 17:27:06.779   512  2967 D audio_hw_primary: out_set_parameters: enter: usecase(1: low-latency-playback) kvpairs: routing=2
08-03 17:27:06.792   512  2967 D audio_hw_primary: select_devices: out_snd_device(2: speaker) in_snd_device(0: none)
08-03 17:27:06.792   512  2967 D msm8974_platform: platform_send_audio_calibration: sending audio calibration for snd_device(2) acdb_id(15)
08-03 17:27:06.792   512  2967 I soundtrigger: audio_extn_sound_trigger_update_device_status: device 0x2 of type 0 for Event 1
08-03 17:27:06.804   512  2967 D audio_hw_primary: enable_snd_device: snd_device(2: speaker)
08-03 17:27:06.805   512  2967 D audio_hw_primary: enable_audio_route: apply and update mixer path: low-latency-playback speaker
08-03 17:27:06.806 32547 32613 D Gabe    : call	returning from cache
08-03 17:27:06.808 32547 32547 V EXECUTING: https://project-travel-mate.herokuapp.com/api/get-upcoming-holidays/2020
08-03 17:27:06.811 32547 32547 V EXECUTING: https://project-travel-mate.herokuapp.com/api/get-upcoming-holidays/2020
08-03 17:27:06.819 32547 32558 I art     : Starting a blocking GC Explicit
08-03 17:27:06.869 32547 32558 I art     : Explicit concurrent mark sweep GC freed 2650(163KB) AllocSpace objects, 2(36KB) LOS objects, 10% free, 137MB/153MB, paused 1.590ms total 50.198ms
08-03 17:27:06.887 32547 32558 I art     : Starting a blocking GC Explicit
08-03 17:27:06.898 13866 13866 I GoogleInputMethodServic: GoogleInputMethodService.onFinishInput():3138 
08-03 17:27:06.898 13866 13866 I GoogleInputMethodServic: GoogleInputMethodService.onStartInput():1808 
08-03 17:27:06.937 32547 32558 I art     : Explicit concurrent mark sweep GC freed 823(33KB) AllocSpace objects, 0(0B) LOS objects, 10% free, 141MB/157MB, paused 1.731ms total 50.057ms
08-03 17:27:06.956 32547 32558 I art     : Starting a blocking GC Explicit
08-03 17:27:06.995   918   936 I ActivityManager: Displayed baseline.io.github.project_travel_mate/.utilities.UpcomingWeekendsActivity: +208ms
08-03 17:27:07.005 32547 32558 I art     : Explicit concurrent mark sweep GC freed 123(3KB) AllocSpace objects, 0(0B) LOS objects, 10% free, 141MB/157MB, paused 1.698ms total 49.106ms
08-03 17:27:07.024 32547 32558 I art     : Starting a blocking GC Explicit
08-03 17:27:07.076 32547 32558 I art     : Explicit concurrent mark sweep GC freed 47(848B) AllocSpace objects, 0(0B) LOS objects, 10% free, 141MB/157MB, paused 1.546ms total 51.903ms
08-03 17:27:07.097 32547 32558 I art     : Starting a blocking GC Explicit
08-03 17:27:07.150 32547 32558 I art     : Explicit concurrent mark sweep GC freed 84(1408B) AllocSpace objects, 0(0B) LOS objects, 10% free, 141MB/157MB, paused 1.571ms total 53.207ms
08-03 17:27:07.235   380   380 W SurfaceFlinger: couldn't log to binary event log: overflow.
08-03 17:27:07.338   512  2967 D audio_hw_primary: disable_audio_route: reset and update mixer path: low-latency-playback speaker
08-03 17:27:07.339   512  2967 D audio_hw_primary: disable_snd_device: snd_device(2: speaker)
08-03 17:27:07.346   512  2967 I soundtrigger: audio_extn_sound_trigger_update_device_status: device 0x2 of type 0 for Event 0
08-03 17:27:07.371 32547  2269 I NAPPA_EXPERIMENTATION: MetricNetworkRequestExecutionTime: REQUEST_DURATION_SYSTEM='562',REQUEST_DURATION_OKHTTP='52',REQUEST_SYNCHRONOUS='FALSE',RESPONSE_CODE='200',RESPONSE_METHOD='GET',RESPONSE_LENGTH_OKHTTP='6426',RESPONSE_LENGTH_HEADER='6426',REQUEST_PROTOCOL='http/1.1',REQUEST_URL='https://project-travel-mate.herokuapp.com/api/get-upcoming-holidays/2020',
08-03 17:27:07.384 32547  2272 I NAPPA_EXPERIMENTATION: MetricNetworkRequestExecutionTime: REQUEST_DURATION_SYSTEM='572',REQUEST_DURATION_OKHTTP='60',REQUEST_SYNCHRONOUS='FALSE',RESPONSE_CODE='200',RESPONSE_METHOD='GET',RESPONSE_LENGTH_OKHTTP='6426',RESPONSE_LENGTH_HEADER='6426',REQUEST_PROTOCOL='http/1.1',REQUEST_URL='https://project-travel-mate.herokuapp.com/api/get-upcoming-holidays/2020',
08-03 17:27:07.466 32547 32547 V Response: [{"month":"January","date":1,"day":"Wednesday","name":"New Year's Day","type":"Restricted"},{"month":"January","date":2,"day":"Thursday","name":"Guru Govind Singh Jayanti","type":"Restricted"},{"month":"January","date":14,"day":"Tuesday","name":"Lohri","type":"Restricted"},{"month":"January","date":15,"day":"Wednesday","name":"Pongal","type":"Restricted"},{"month":"January","date":15,"day":"Wednesday","name":"Makar Sankranti","type":"Restricted"},{"month":"January","date":25,"day":"Saturday","name":"Chinese New Year","type":"Observance"},{"month":"January","date":26,"day":"Sunday","name":"Republic Day","type":"Gazetted"},{"month":"January","date":30,"day":"Thursday","name":"Vasant Panchami","type":"Restricted"},{"month":"February","date":9,"day":"Sunday","name":"Guru Ravidas Jayanti","type":"Restricted"},{"month":"February","date":14,"day":"Friday","name":"Valentine's Day","type":"Observance"},{"month":"February","date":18,"day":"Tuesday","name":"Maharishi Dayanand Saraswati Jayanti","type":"Restricted"},{"month":"February","date":19,"day":"Wednesday","name":"Shivaji Jayanti","type":"Restricted"},{"month":"February","date":21,"day":"Friday","name":"Maha Shivaratri/Shivaratri","type":"Gazetted"},{"month":"March","date":9,"day":"Monday","name":"Holika Dahana","type":"Restricted"},{"month":"March","date":9,"day":"Monday","name":"Hazarat Ali's Birthday","type":"Restricted"},{"month":"March","date":10,"day":"Tuesday","name":"Holi","type":"Gazetted"},{"month":"March","date":20,"day":"Friday","name":"March Equinox","type":"Season"},{"month":"March","date":25,"day":"Wednesday","name":"Chaitra Sukhladi","type":"Restricted"},{"month":"April","date":2,"day":"Thursday","name":"Rama Navami","type":"Gazetted"},{"month":"April","date":6,"day":"Monday","name":"Mahavir Jayanti","type":"Gazetted"},{"month":"April","date":9,"day":"Thursday","name":"First day of Passover","type":"Observance"},{"month":"April","date":9,"day":"Thursday","name":"Maundy Thursday","type":"Observance,"},{"month":"April","date":10,"day":"Friday","name":"Good Friday","type":"Gazetted"},{"month":"April","date":12,"day":"Sunday","name":"Easter Day","type":"Restricted"},{"month":"April","date":13,"day":"Monday","name":"Vaisakhi","type":"Restricted"},{"month":"April","date":14,"day":"Tuesday","name":"Mesadi/Vaisakhadi","type":"Restricted"},{"month":"April","date":14,"day":"Tuesday","name":"Ambedkar Jayanti","type":"Central"},{"month":"May","date":1,"day":"Friday","name":"May Day","type":"Observance"},{"month":"May","date":7,"day":"Thursday","name":"Buddha Purnima/Vesak","type":"Gazetted"},{"month":"May","date":7,"day":"Thursday","name":"Birthday of Ravindranath","type":"Restricted"},{"month":"May","date":10,"day":"Sunday","name":"Mother's Day","type":"Observance"},{"month":"May","date":22,"day":"Friday","name":"Jamat Ul-Vida","type":"Restricted"},{"month":"May","date":25,"day":"Monday","name":"Ramzan Id/Eid-ul-Fitar","type":"Gazetted"},{"month":"May","date":25,"day":"Monday","name":"Ramzan Id/Eid-ul-Fitar","type":"Muslim,"},{"month":"June","date":21,"day":"Sunday","name":"June Solstice","type":"Season"},{"month":"June","date":21,"day":"Sunday","name":"Father's Day","type":"Observance"},{"month":"June","date":23,"day":"Tuesday","name":"Rath Yatra","type":"Restricted"},{"month":"July","date":5,"day":"Sunday","name":"Guru Purnima","type":"Observance"},{"month":"July","date":31,"day":"Friday","name":"Bakr Id/Eid ul-Adha","type":"Gazetted"},{"month":"August","date":2,"day":"Sunday","name":"Friendship Day","type":"Observance"},{"month":"August","date":3,"day":"Monday","name":"Raksha Bandhan (Rakhi)","type":"Restricted"},{"month":"August","date":11,"day":"Tuesday","name":"Janmashtami (Smarta)","type":"Restricted"},{"month":"August","date":12,"day":"Wednesday","name":"Janmashtami","type":"Gazetted"},{"month":"August","date":15,"day":"Saturday","name":"Independence Day","type":"Gazetted"},{"month":"August","date":16,"day":"Sunday","name":"Parsi New Year","type":"Restricted"},{"month":"August","date":22,"day":"Saturday","name":"Ganesh Chaturthi/Vin
08-03 17:27:07.531 32547 32547 V Response: [{"month":"January","date":1,"day":"Wednesday","name":"New Year's Day","type":"Restricted"},{"month":"January","date":2,"day":"Thursday","name":"Guru Govind Singh Jayanti","type":"Restricted"},{"month":"January","date":14,"day":"Tuesday","name":"Lohri","type":"Restricted"},{"month":"January","date":15,"day":"Wednesday","name":"Pongal","type":"Restricted"},{"month":"January","date":15,"day":"Wednesday","name":"Makar Sankranti","type":"Restricted"},{"month":"January","date":25,"day":"Saturday","name":"Chinese New Year","type":"Observance"},{"month":"January","date":26,"day":"Sunday","name":"Republic Day","type":"Gazetted"},{"month":"January","date":30,"day":"Thursday","name":"Vasant Panchami","type":"Restricted"},{"month":"February","date":9,"day":"Sunday","name":"Guru Ravidas Jayanti","type":"Restricted"},{"month":"February","date":14,"day":"Friday","name":"Valentine's Day","type":"Observance"},{"month":"February","date":18,"day":"Tuesday","name":"Maharishi Dayanand Saraswati Jayanti","type":"Restricted"},{"month":"February","date":19,"day":"Wednesday","name":"Shivaji Jayanti","type":"Restricted"},{"month":"February","date":21,"day":"Friday","name":"Maha Shivaratri/Shivaratri","type":"Gazetted"},{"month":"March","date":9,"day":"Monday","name":"Holika Dahana","type":"Restricted"},{"month":"March","date":9,"day":"Monday","name":"Hazarat Ali's Birthday","type":"Restricted"},{"month":"March","date":10,"day":"Tuesday","name":"Holi","type":"Gazetted"},{"month":"March","date":20,"day":"Friday","name":"March Equinox","type":"Season"},{"month":"March","date":25,"day":"Wednesday","name":"Chaitra Sukhladi","type":"Restricted"},{"month":"April","date":2,"day":"Thursday","name":"Rama Navami","type":"Gazetted"},{"month":"April","date":6,"day":"Monday","name":"Mahavir Jayanti","type":"Gazetted"},{"month":"April","date":9,"day":"Thursday","name":"First day of Passover","type":"Observance"},{"month":"April","date":9,"day":"Thursday","name":"Maundy Thursday","type":"Observance,"},{"month":"April","date":10,"day":"Friday","name":"Good Friday","type":"Gazetted"},{"month":"April","date":12,"day":"Sunday","name":"Easter Day","type":"Restricted"},{"month":"April","date":13,"day":"Monday","name":"Vaisakhi","type":"Restricted"},{"month":"April","date":14,"day":"Tuesday","name":"Mesadi/Vaisakhadi","type":"Restricted"},{"month":"April","date":14,"day":"Tuesday","name":"Ambedkar Jayanti","type":"Central"},{"month":"May","date":1,"day":"Friday","name":"May Day","type":"Observance"},{"month":"May","date":7,"day":"Thursday","name":"Buddha Purnima/Vesak","type":"Gazetted"},{"month":"May","date":7,"day":"Thursday","name":"Birthday of Ravindranath","type":"Restricted"},{"month":"May","date":10,"day":"Sunday","name":"Mother's Day","type":"Observance"},{"month":"May","date":22,"day":"Friday","name":"Jamat Ul-Vida","type":"Restricted"},{"month":"May","date":25,"day":"Monday","name":"Ramzan Id/Eid-ul-Fitar","type":"Gazetted"},{"month":"May","date":25,"day":"Monday","name":"Ramzan Id/Eid-ul-Fitar","type":"Muslim,"},{"month":"June","date":21,"day":"Sunday","name":"June Solstice","type":"Season"},{"month":"June","date":21,"day":"Sunday","name":"Father's Day","type":"Observance"},{"month":"June","date":23,"day":"Tuesday","name":"Rath Yatra","type":"Restricted"},{"month":"July","date":5,"day":"Sunday","name":"Guru Purnima","type":"Observance"},{"month":"July","date":31,"day":"Friday","name":"Bakr Id/Eid ul-Adha","type":"Gazetted"},{"month":"August","date":2,"day":"Sunday","name":"Friendship Day","type":"Observance"},{"month":"August","date":3,"day":"Monday","name":"Raksha Bandhan (Rakhi)","type":"Restricted"},{"month":"August","date":11,"day":"Tuesday","name":"Janmashtami (Smarta)","type":"Restricted"},{"month":"August","date":12,"day":"Wednesday","name":"Janmashtami","type":"Gazetted"},{"month":"August","date":15,"day":"Saturday","name":"Independence Day","type":"Gazetted"},{"month":"August","date":16,"day":"Sunday","name":"Parsi New Year","type":"Restricted"},{"month":"August","date":22,"day":"Saturday","name":"Ganesh Chaturthi/Vin
08-03 17:27:07.534 32547  1003 I art     : Starting a blocking GC Explicit
08-03 17:27:07.599 32547  1003 I art     : Explicit concurrent mark sweep GC freed 19330(820KB) AllocSpace objects, 12(4MB) LOS objects, 10% free, 138MB/154MB, paused 1.715ms total 65.379ms
08-03 17:27:07.619 32547  1003 I art     : Starting a blocking GC Explicit
08-03 17:27:07.676 32547  1003 I art     : Explicit concurrent mark sweep GC freed 4286(330KB) AllocSpace objects, 8(160KB) LOS objects, 10% free, 137MB/153MB, paused 1.556ms total 56.318ms
08-03 17:27:07.696 32547  1003 I art     : Starting a blocking GC Explicit
08-03 17:27:07.755 32547  1003 I art     : Explicit concurrent mark sweep GC freed 713(42KB) AllocSpace objects, 3(60KB) LOS objects, 10% free, 137MB/153MB, paused 1.735ms total 59.176ms
08-03 17:27:07.775 32547  1003 I art     : Starting a blocking GC Explicit
08-03 17:27:07.833 32547  1003 I art     : Explicit concurrent mark sweep GC freed 146(2880B) AllocSpace objects, 0(0B) LOS objects, 10% free, 137MB/153MB, paused 1.526ms total 57.477ms
08-03 17:27:07.853 32547  1003 I art     : Starting a blocking GC Explicit
08-03 17:27:07.911 32547  1003 I art     : Explicit concurrent mark sweep GC freed 123(2096B) AllocSpace objects, 0(0B) LOS objects, 10% free, 137MB/153MB, paused 1.535ms total 58.542ms
08-03 17:27:08.312 32547 32558 I art     : Starting a blocking GC Explicit
08-03 17:27:08.374 32547 32558 I art     : Explicit concurrent mark sweep GC freed 2213(100KB) AllocSpace objects, 2(36KB) LOS objects, 10% free, 137MB/153MB, paused 1.730ms total 62.127ms
08-03 17:27:08.394 32547 32558 I art     : Starting a blocking GC Explicit
08-03 17:27:08.457 32547 32558 I art     : Explicit concurrent mark sweep GC freed 166(4KB) AllocSpace objects, 0(0B) LOS objects, 10% free, 137MB/153MB, paused 1.750ms total 62.655ms
08-03 17:27:08.481 32547 32558 I art     : Starting a blocking GC Explicit
08-03 17:27:08.541 32547 32558 I art     : Explicit concurrent mark sweep GC freed 142(2416B) AllocSpace objects, 0(0B) LOS objects, 10% free, 137MB/153MB, paused 1.565ms total 60.150ms
08-03 17:27:08.561 32547 32558 I art     : Starting a blocking GC Explicit
08-03 17:27:08.622 32547 32558 I art     : Explicit concurrent mark sweep GC freed 99(1696B) AllocSpace objects, 0(0B) LOS objects, 10% free, 137MB/153MB, paused 1.510ms total 60.877ms
08-03 17:27:08.642 32547 32558 I art     : Starting a blocking GC Explicit
08-03 17:27:08.664  1766  1766 I ServiceManager: Waiting for service AtCmdFwd...
08-03 17:27:08.704 32547 32558 I art     : Explicit concurrent mark sweep GC freed 123(2096B) AllocSpace objects, 0(0B) LOS objects, 10% free, 137MB/153MB, paused 1.428ms total 62.183ms
08-03 17:27:08.935   918  3261 D WifiStateMachine: starting scan for "H369AA63323"WPA_PSK with 2412,5180
08-03 17:27:09.131 32547 32618 I art     : Starting a blocking GC Explicit
08-03 17:27:09.197 32547 32618 I art     : Explicit concurrent mark sweep GC freed 2306(102KB) AllocSpace objects, 2(36KB) LOS objects, 10% free, 137MB/153MB, paused 1.587ms total 65.029ms
08-03 17:27:09.219 32547 32618 I art     : Starting a blocking GC Explicit
08-03 17:27:09.278 32547 32618 I art     : Explicit concurrent mark sweep GC freed 138(2816B) AllocSpace objects, 0(0B) LOS objects, 10% free, 137MB/153MB, paused 2.918ms total 58.701ms
08-03 17:27:09.297 32547 32618 I art     : Starting a blocking GC Explicit
08-03 17:27:09.360 32547 32618 I art     : Explicit concurrent mark sweep GC freed 132(2256B) AllocSpace objects, 0(0B) LOS objects, 10% free, 137MB/153MB, paused 1.620ms total 61.569ms
08-03 17:27:09.379 32547 32618 I art     : Starting a blocking GC Explicit
08-03 17:27:09.442 32547 32618 I art     : Explicit concurrent mark sweep GC freed 103(1760B) AllocSpace objects, 0(0B) LOS objects, 10% free, 137MB/153MB, paused 1.789ms total 62.575ms
08-03 17:27:09.462 32547 32618 I art     : Starting a blocking GC Explicit
08-03 17:27:09.524 32547 32618 I art     : Explicit concurrent mark sweep GC freed 125(2128B) AllocSpace objects, 0(0B) LOS objects, 10% free, 137MB/153MB, paused 1.725ms total 62.113ms
08-03 17:27:09.664  1766  1766 I ServiceManager: Waiting for service AtCmdFwd...
08-03 17:27:09.967 32547 32560 I art     : Starting a blocking GC Explicit
08-03 17:27:10.031 32547 32560 I art     : Explicit concurrent mark sweep GC freed 2337(103KB) AllocSpace objects, 2(36KB) LOS objects, 10% free, 137MB/153MB, paused 1.623ms total 63.467ms
08-03 17:27:10.053 32547 32560 I art     : Starting a blocking GC Explicit
08-03 17:27:10.114 32547 32560 I art     : Explicit concurrent mark sweep GC freed 152(3KB) AllocSpace objects, 0(0B) LOS objects, 10% free, 137MB/153MB, paused 1.594ms total 60.399ms
08-03 17:27:10.133 32547 32560 I art     : Starting a blocking GC Explicit
08-03 17:27:10.195 32547 32560 I art     : Explicit concurrent mark sweep GC freed 127(2160B) AllocSpace objects, 0(0B) LOS objects, 10% free, 137MB/153MB, paused 1.556ms total 61.961ms
08-03 17:27:10.215 32547 32560 I art     : Starting a blocking GC Explicit
08-03 17:27:10.275 32547 32560 I art     : Explicit concurrent mark sweep GC freed 109(1872B) AllocSpace objects, 0(0B) LOS objects, 10% free, 137MB/153MB, paused 1.718ms total 59.742ms
08-03 17:27:10.296 32547 32560 I art     : Starting a blocking GC Explicit
08-03 17:27:10.360 32547 32560 I art     : Explicit concurrent mark sweep GC freed 121(2064B) AllocSpace objects, 0(0B) LOS objects, 10% free, 137MB/153MB, paused 1.722ms total 63.355ms
08-03 17:27:10.665  1766  1766 I ServiceManager: Waiting for service AtCmdFwd...
08-03 17:27:10.795 32547  1003 I art     : Starting a blocking GC Explicit
08-03 17:27:10.861 32547  1003 I art     : Explicit concurrent mark sweep GC freed 2303(102KB) AllocSpace objects, 2(36KB) LOS objects, 10% free, 137MB/153MB, paused 2.248ms total 65.439ms
08-03 17:27:10.881 32547  1003 I art     : Starting a blocking GC Explicit
08-03 17:27:10.946 32547  1003 I art     : Explicit concurrent mark sweep GC freed 157(3KB) AllocSpace objects, 0(0B) LOS objects, 10% free, 137MB/153MB, paused 2.012ms total 64.313ms
08-03 17:27:10.970 32547  1003 I art     : Starting a blocking GC Explicit
08-03 17:27:11.023 32547  1003 I art     : Explicit concurrent mark sweep GC freed 109(1872B) AllocSpace objects, 0(0B) LOS objects, 10% free, 137MB/153MB, paused 1.372ms total 53.470ms
08-03 17:27:11.042 32547  1003 I art     : Starting a blocking GC Explicit
08-03 17:27:11.092 32547  1003 I art     : Explicit concurrent mark sweep GC freed 132(2736B) AllocSpace objects, 0(0B) LOS objects, 10% free, 137MB/153MB, paused 1.549ms total 49.733ms
08-03 17:27:11.110 32547  1003 I art     : Starting a blocking GC Explicit
08-03 17:27:11.159 32547  1003 I art     : Explicit concurrent mark sweep GC freed 125(2864B) AllocSpace objects, 0(0B) LOS objects, 10% free, 137MB/153MB, paused 1.415ms total 49.189ms
08-03 17:27:11.539  2327  2327 D AndroidRuntime: >>>>>> START com.android.internal.os.RuntimeInit uid 2000 <<<<<<
08-03 17:27:11.545  2327  2327 D AndroidRuntime: CheckJNI is OFF
08-03 17:27:11.567 32547 32558 I art     : Starting a blocking GC Explicit
08-03 17:27:11.590  2327  2327 D ICU     : No timezone override file found: /data/misc/zoneinfo/current/icu/icu_tzdata.dat
08-03 17:27:11.625 32547 32558 I art     : Explicit concurrent mark sweep GC freed 2214(100KB) AllocSpace objects, 2(36KB) LOS objects, 10% free, 137MB/153MB, paused 1.479ms total 57.818ms
08-03 17:27:11.637  2327  2327 I Radio-JNI: register_android_hardware_Radio DONE
08-03 17:27:11.644 32547 32558 I art     : Starting a blocking GC Explicit
08-03 17:27:11.665  2327  2327 D AndroidRuntime: Calling main entry com.android.commands.input.Input
08-03 17:27:11.666  1766  1766 I ServiceManager: Waiting for service AtCmdFwd...
08-03 17:27:11.667  2327  2327 I Input   : injectKeyEvent: KeyEvent { action=ACTION_DOWN, keyCode=KEYCODE_BACK, scanCode=0, metaState=0, flags=0x0, repeatCount=0, eventTime=638848080, downTime=638848080, deviceId=-1, source=0x101 }
08-03 17:27:11.675  2327  2327 I Input   : injectKeyEvent: KeyEvent { action=ACTION_UP, keyCode=KEYCODE_BACK, scanCode=0, metaState=0, flags=0x0, repeatCount=0, eventTime=638848080, downTime=638848080, deviceId=-1, source=0x101 }
08-03 17:27:11.682  2327  2327 D AndroidRuntime: Shutting down VM
08-03 17:27:11.691 32547 32547 V MainActivity: url = https://project-travel-mate.herokuapp.com/api/number-of-unread-notifications
08-03 17:27:11.702 32547 32558 I art     : Explicit concurrent mark sweep GC freed 445(15KB) AllocSpace objects, 0(0B) LOS objects, 10% free, 137MB/153MB, paused 1.791ms total 57.157ms
08-03 17:27:11.721 32547 32558 I art     : Starting a blocking GC Explicit
08-03 17:27:11.722 13866 13866 I GoogleInputMethodServic: GoogleInputMethodService.onFinishInput():3138 
08-03 17:27:11.722 13866 13866 I GoogleInputMethodServic: GoogleInputMethodService.onStartInput():1808 
08-03 17:27:11.775 32547 32558 I art     : Explicit concurrent mark sweep GC freed 179(5KB) AllocSpace objects, 0(0B) LOS objects, 10% free, 137MB/153MB, paused 1.663ms total 53.753ms
08-03 17:27:11.795 32547 32558 I art     : Starting a blocking GC Explicit
08-03 17:27:11.808   518   646 I ThermalEngine: ACTION: GPU - Setting GPU[0] to 510000000
08-03 17:27:11.847 32547 32558 I art     : Explicit concurrent mark sweep GC freed 181(7KB) AllocSpace objects, 0(0B) LOS objects, 10% free, 137MB/153MB, paused 1.502ms total 51.584ms
08-03 17:27:11.862 32547 32558 I art     : Starting a blocking GC Explicit
08-03 17:27:11.903 32547 32558 I art     : Explicit concurrent mark sweep GC freed 86(1808B) AllocSpace objects, 0(0B) LOS objects, 10% free, 137MB/153MB, paused 1.159ms total 40.764ms
08-03 17:27:12.057   380   380 W SurfaceFlinger: couldn't log to binary event log: overflow.
08-03 17:27:12.229 32547 32560 I art     : Starting a blocking GC Explicit
08-03 17:27:12.265 32547  2350 I NAPPA_EXPERIMENTATION: MetricNetworkRequestExecutionTime: REQUEST_DURATION_SYSTEM='573',REQUEST_DURATION_OKHTTP='37',REQUEST_SYNCHRONOUS='FALSE',RESPONSE_CODE='200',RESPONSE_METHOD='GET',RESPONSE_LENGTH_OKHTTP='36',RESPONSE_LENGTH_HEADER='36',REQUEST_PROTOCOL='http/1.1',REQUEST_URL='https://project-travel-mate.herokuapp.com/api/number-of-unread-notifications',
08-03 17:27:12.281 32547 32560 I art     : Explicit concurrent mark sweep GC freed 4522(238KB) AllocSpace objects, 6(424KB) LOS objects, 10% free, 137MB/153MB, paused 1.396ms total 52.023ms
08-03 17:27:12.296 32547 32560 I art     : Starting a blocking GC Explicit
08-03 17:27:12.339 32547 32560 I art     : Explicit concurrent mark sweep GC freed 7621(478KB) AllocSpace objects, 13(264KB) LOS objects, 10% free, 137MB/153MB, paused 1.139ms total 42.866ms
08-03 17:27:12.355 32547 32560 I art     : Starting a blocking GC Explicit
08-03 17:27:12.401 32547 32560 I art     : Explicit concurrent mark sweep GC freed 92(4KB) AllocSpace objects, 0(0B) LOS objects, 10% free, 137MB/153MB, paused 1.178ms total 46.323ms
08-03 17:27:12.416 32547 32560 I art     : Starting a blocking GC Explicit
08-03 17:27:12.463 32547 32560 I art     : Explicit concurrent mark sweep GC freed 3(96B) AllocSpace objects, 0(0B) LOS objects, 10% free, 137MB/153MB, paused 1.181ms total 47.094ms
08-03 17:27:12.479 32547 32560 I art     : Starting a blocking GC Explicit
08-03 17:27:12.526 32547 32560 I art     : Explicit concurrent mark sweep GC freed 3(96B) AllocSpace objects, 0(0B) LOS objects, 10% free, 137MB/153MB, paused 1.189ms total 47.025ms
08-03 17:27:12.667  1766  1766 I ServiceManager: Waiting for service AtCmdFwd...
08-03 17:27:12.894 32547 32618 I art     : Starting a blocking GC Explicit
08-03 17:27:12.950 32547 32618 I art     : Explicit concurrent mark sweep GC freed 1599(91KB) AllocSpace objects, 2(36KB) LOS objects, 10% free, 137MB/153MB, paused 1.255ms total 55.606ms
08-03 17:27:12.965 32547 32618 I art     : Starting a blocking GC Explicit
08-03 17:27:13.008 32547 32618 I art     : Explicit concurrent mark sweep GC freed 36(1488B) AllocSpace objects, 0(0B) LOS objects, 10% free, 137MB/153MB, paused 1.197ms total 43.114ms
08-03 17:27:13.022 32547 32618 I art     : Starting a blocking GC Explicit
08-03 17:27:13.066 32547 32618 I art     : Explicit concurrent mark sweep GC freed 3(96B) AllocSpace objects, 0(0B) LOS objects, 10% free, 137MB/153MB, paused 1.155ms total 43.392ms
08-03 17:27:13.080 32547 32618 I art     : Starting a blocking GC Explicit
08-03 17:27:13.124 32547 32618 I art     : Explicit concurrent mark sweep GC freed 3(96B) AllocSpace objects, 0(0B) LOS objects, 10% free, 137MB/153MB, paused 1.192ms total 43.651ms
08-03 17:27:13.139 32547 32618 I art     : Starting a blocking GC Explicit
08-03 17:27:13.183 32547 32618 I art     : Explicit concurrent mark sweep GC freed 3(96B) AllocSpace objects, 0(0B) LOS objects, 10% free, 137MB/153MB, paused 1.158ms total 43.482ms
08-03 17:27:13.363  2374  2374 D AndroidRuntime: >>>>>> START com.android.internal.os.RuntimeInit uid 2000 <<<<<<
08-03 17:27:13.368  2374  2374 D AndroidRuntime: CheckJNI is OFF
08-03 17:27:13.400  2374  2374 D ICU     : No timezone override file found: /data/misc/zoneinfo/current/icu/icu_tzdata.dat
08-03 17:27:13.433  2374  2374 I Radio-JNI: register_android_hardware_Radio DONE
08-03 17:27:13.455  2374  2374 D AndroidRuntime: Calling main entry com.android.commands.input.Input
08-03 17:27:13.457  2374  2374 I Input   : injectMotionEvent: MotionEvent { action=ACTION_DOWN, actionButton=0, id[0]=0, x[0]=117.0, y[0]=170.0, toolType[0]=TOOL_TYPE_UNKNOWN, buttonState=0, metaState=0, flags=0x0, edgeFlags=0x0, pointerCount=1, historySize=0, eventTime=638849870, downTime=638849870, deviceId=0, source=0x1002 }
08-03 17:27:13.473  2374  2374 I Input   : injectMotionEvent: MotionEvent { action=ACTION_UP, actionButton=0, id[0]=0, x[0]=117.0, y[0]=170.0, toolType[0]=TOOL_TYPE_UNKNOWN, buttonState=0, metaState=0, flags=0x0, edgeFlags=0x0, pointerCount=1, historySize=0, eventTime=638849870, downTime=638849870, deviceId=0, source=0x1002 }
08-03 17:27:13.502  2374  2374 D AndroidRuntime: Shutting down VM
08-03 17:27:13.537   512  2967 D audio_hw_primary: out_set_parameters: enter: usecase(1: low-latency-playback) kvpairs: routing=2
08-03 17:27:13.537 32547 32560 I art     : Starting a blocking GC Explicit
08-03 17:27:13.550   512  2967 D audio_hw_primary: select_devices: out_snd_device(2: speaker) in_snd_device(0: none)
08-03 17:27:13.550   512  2967 D msm8974_platform: platform_send_audio_calibration: sending audio calibration for snd_device(2) acdb_id(15)
08-03 17:27:13.550   512  2967 I soundtrigger: audio_extn_sound_trigger_update_device_status: device 0x2 of type 0 for Event 1
08-03 17:27:13.566   512  2967 D audio_hw_primary: enable_snd_device: snd_device(2: speaker)
08-03 17:27:13.568   512  2967 D audio_hw_primary: enable_audio_route: apply and update mixer path: low-latency-playback speaker
08-03 17:27:13.578 32547 32560 I art     : Explicit concurrent mark sweep GC freed 1630(92KB) AllocSpace objects, 2(36KB) LOS objects, 10% free, 137MB/153MB, paused 1.146ms total 41.163ms
08-03 17:27:13.593 32547 32560 I art     : Starting a blocking GC Explicit
08-03 17:27:13.636 32547 32560 I art     : Explicit concurrent mark sweep GC freed 354(18KB) AllocSpace objects, 0(0B) LOS objects, 10% free, 137MB/153MB, paused 1.432ms total 42.825ms
08-03 17:27:13.651 32547 32560 I art     : Starting a blocking GC Explicit
08-03 17:27:13.667  1766  1766 W Atfwd_Sendcmd: AtCmdFwd service not published, waiting... retryCnt : 3
08-03 17:27:13.693 32547 32560 I art     : Explicit concurrent mark sweep GC freed 95(4KB) AllocSpace objects, 0(0B) LOS objects, 10% free, 137MB/153MB, paused 1.258ms total 41.849ms
08-03 17:27:13.706   918 13198 D NetlinkSocketObserver: NeighborEvent{elapsedMs=1622237581, 192.168.2.254, [7C3953A63323], RTM_NEWNEIGH, NUD_STALE}
08-03 17:27:13.708 32547 32560 I art     : Starting a blocking GC Explicit
08-03 17:27:13.749 32547 32560 I art     : Explicit concurrent mark sweep GC freed 3(96B) AllocSpace objects, 0(0B) LOS objects, 10% free, 137MB/153MB, paused 1.248ms total 40.316ms
08-03 17:27:13.763 32547 32560 I art     : Starting a blocking GC Explicit
08-03 17:27:13.803 32547 32560 I art     : Explicit concurrent mark sweep GC freed 42(1136B) AllocSpace objects, 0(0B) LOS objects, 10% free, 137MB/153MB, paused 1.056ms total 39.240ms
08-03 17:27:14.108   512  2967 D audio_hw_primary: disable_audio_route: reset and update mixer path: low-latency-playback speaker
08-03 17:27:14.109   512  2967 D audio_hw_primary: disable_snd_device: snd_device(2: speaker)
08-03 17:27:14.117   512  2967 I soundtrigger: audio_extn_sound_trigger_update_device_status: device 0x2 of type 0 for Event 0
08-03 17:27:14.130  2397  2397 D AndroidRuntime: >>>>>> START com.android.internal.os.RuntimeInit uid 2000 <<<<<<
08-03 17:27:14.131 32547 32558 I art     : Starting a blocking GC Explicit
08-03 17:27:14.135  2397  2397 D AndroidRuntime: CheckJNI is OFF
08-03 17:27:14.167  2397  2397 D ICU     : No timezone override file found: /data/misc/zoneinfo/current/icu/icu_tzdata.dat
08-03 17:27:14.192 32547 32558 I art     : Explicit concurrent mark sweep GC freed 1565(90KB) AllocSpace objects, 2(36KB) LOS objects, 10% free, 137MB/153MB, paused 1.148ms total 61.052ms
08-03 17:27:14.201  2397  2397 I Radio-JNI: register_android_hardware_Radio DONE
08-03 17:27:14.207 32547 32558 I art     : Starting a blocking GC Explicit
08-03 17:27:14.223  2397  2397 D AndroidRuntime: Calling main entry com.android.commands.input.Input
08-03 17:27:14.224  2397  2397 I Input   : injectMotionEvent: MotionEvent { action=ACTION_DOWN, actionButton=0, id[0]=0, x[0]=405.0, y[0]=661.0, toolType[0]=TOOL_TYPE_UNKNOWN, buttonState=0, metaState=0, flags=0x0, edgeFlags=0x0, pointerCount=1, historySize=0, eventTime=638850637, downTime=638850637, deviceId=0, source=0x1002 }
08-03 17:27:14.228  2397  2397 I Input   : injectMotionEvent: MotionEvent { action=ACTION_UP, actionButton=0, id[0]=0, x[0]=405.0, y[0]=661.0, toolType[0]=TOOL_TYPE_UNKNOWN, buttonState=0, metaState=0, flags=0x0, edgeFlags=0x0, pointerCount=1, historySize=0, eventTime=638850637, downTime=638850637, deviceId=0, source=0x1002 }
08-03 17:27:14.230  2397  2397 D AndroidRuntime: Shutting down VM
08-03 17:27:14.248 32547 32558 I art     : Explicit concurrent mark sweep GC freed 52(2000B) AllocSpace objects, 0(0B) LOS objects, 10% free, 137MB/153MB, paused 1.382ms total 40.145ms
08-03 17:27:14.250   512  2967 D audio_hw_primary: out_set_parameters: enter: usecase(1: low-latency-playback) kvpairs: routing=2
08-03 17:27:14.261 32547 32558 I art     : Starting a blocking GC Explicit
08-03 17:27:14.263   512  2967 D audio_hw_primary: select_devices: out_snd_device(2: speaker) in_snd_device(0: none)
08-03 17:27:14.263   512  2967 D msm8974_platform: platform_send_audio_calibration: sending audio calibration for snd_device(2) acdb_id(15)
08-03 17:27:14.263   512  2967 I soundtrigger: audio_extn_sound_trigger_update_device_status: device 0x2 of type 0 for Event 1
08-03 17:27:14.273   512  2967 D audio_hw_primary: enable_snd_device: snd_device(2: speaker)
08-03 17:27:14.275   512  2967 D audio_hw_primary: enable_audio_route: apply and update mixer path: low-latency-playback speaker
08-03 17:27:14.307 32547 32558 I art     : Explicit concurrent mark sweep GC freed 445(58KB) AllocSpace objects, 0(0B) LOS objects, 8% free, 168MB/184MB, paused 1.315ms total 45.563ms
08-03 17:27:14.321   512  2967 D AudioFlinger: mixer(0xf4740000) throttle end: throttle time(12)
08-03 17:27:14.321 32547 32558 I art     : Starting a blocking GC Explicit
08-03 17:27:14.362 32547 32558 I art     : Explicit concurrent mark sweep GC freed 51(16KB) AllocSpace objects, 0(0B) LOS objects, 8% free, 168MB/184MB, paused 1.257ms total 40.819ms
08-03 17:27:14.376 32547 32558 I art     : Starting a blocking GC Explicit
08-03 17:27:14.417 32547 32558 I art     : Explicit concurrent mark sweep GC freed 3(96B) AllocSpace objects, 0(0B) LOS objects, 8% free, 168MB/184MB, paused 1.255ms total 40.686ms
08-03 17:27:14.742 32547 32618 I art     : Starting a blocking GC Explicit
08-03 17:27:14.785 32547 32618 I art     : Explicit concurrent mark sweep GC freed 3270(190KB) AllocSpace objects, 11(288KB) LOS objects, 7% free, 184MB/200MB, paused 1.075ms total 42.873ms
08-03 17:27:14.799 32547 32618 I art     : Starting a blocking GC Explicit
08-03 17:27:14.809   512  2967 D audio_hw_primary: disable_audio_route: reset and update mixer path: low-latency-playback speaker
08-03 17:27:14.810   512  2967 D audio_hw_primary: disable_snd_device: snd_device(2: speaker)
08-03 17:27:14.814   518   646 I ThermalEngine: ACTION: GPU - Setting GPU[0] to 450000000
08-03 17:27:14.820   512  2967 I soundtrigger: audio_extn_sound_trigger_update_device_status: device 0x2 of type 0 for Event 0
08-03 17:27:14.844 32547 32618 I art     : Explicit concurrent mark sweep GC freed 900(51KB) AllocSpace objects, 0(0B) LOS objects, 7% free, 184MB/200MB, paused 1.459ms total 45.292ms
08-03 17:27:14.863 32547 32618 I art     : Starting a blocking GC Explicit
08-03 17:27:14.920 32547 32618 I art     : Explicit concurrent mark sweep GC freed 3(96B) AllocSpace objects, 0(0B) LOS objects, 7% free, 184MB/200MB, paused 1.568ms total 56.357ms
08-03 17:27:14.942 32547 32618 I art     : Starting a blocking GC Explicit
08-03 17:27:14.999 32547 32618 I art     : Explicit concurrent mark sweep GC freed 3(96B) AllocSpace objects, 0(0B) LOS objects, 7% free, 184MB/200MB, paused 1.556ms total 57.575ms
08-03 17:27:15.019 32547 32618 I art     : Starting a blocking GC Explicit
08-03 17:27:15.076 32547 32618 I art     : Explicit concurrent mark sweep GC freed 3(96B) AllocSpace objects, 0(0B) LOS objects, 7% free, 184MB/200MB, paused 1.494ms total 56.928ms
08-03 17:27:15.487 32547  1003 I art     : Starting a blocking GC Explicit
08-03 17:27:15.565 32547  1003 I art     : Explicit concurrent mark sweep GC freed 1595(91KB) AllocSpace objects, 2(36KB) LOS objects, 7% free, 184MB/200MB, paused 1.830ms total 76.862ms
08-03 17:27:15.587 32547  1003 I art     : Starting a blocking GC Explicit
08-03 17:27:15.645 32547  1003 I art     : Explicit concurrent mark sweep GC freed 48(2112B) AllocSpace objects, 0(0B) LOS objects, 7% free, 184MB/200MB, paused 1.504ms total 57.537ms
08-03 17:27:15.664 32547  1003 I art     : Starting a blocking GC Explicit
08-03 17:27:15.728 32547  1003 I art     : Explicit concurrent mark sweep GC freed 36(1568B) AllocSpace objects, 0(0B) LOS objects, 7% free, 184MB/200MB, paused 1.625ms total 63.272ms
08-03 17:27:15.750 32547  1003 I art     : Starting a blocking GC Explicit
08-03 17:27:15.809 32547  1003 I art     : Explicit concurrent mark sweep GC freed 42(1136B) AllocSpace objects, 0(0B) LOS objects, 7% free, 184MB/200MB, paused 1.495ms total 58.335ms
08-03 17:27:15.828 32547  1003 I art     : Starting a blocking GC Explicit
08-03 17:27:15.888 32547  1003 I art     : Explicit concurrent mark sweep GC freed 3(96B) AllocSpace objects, 0(0B) LOS objects, 7% free, 184MB/200MB, paused 1.664ms total 59.281ms
08-03 17:27:16.329 32547 32558 I art     : Starting a blocking GC Explicit
08-03 17:27:16.408 32547 32558 I art     : Explicit concurrent mark sweep GC freed 1551(89KB) AllocSpace objects, 2(36KB) LOS objects, 7% free, 184MB/200MB, paused 1.669ms total 77.999ms
08-03 17:27:16.430 32547 32558 I art     : Starting a blocking GC Explicit
08-03 17:27:16.491 32547 32558 I art     : Explicit concurrent mark sweep GC freed 36(1456B) AllocSpace objects, 0(0B) LOS objects, 7% free, 184MB/200MB, paused 1.463ms total 60.990ms
08-03 17:27:16.511 32547 32558 I art     : Starting a blocking GC Explicit
08-03 17:27:16.565 32547 32558 I art     : Explicit concurrent mark sweep GC freed 17(528B) AllocSpace objects, 0(0B) LOS objects, 7% free, 184MB/200MB, paused 1.424ms total 54.304ms
08-03 17:27:16.585 32547 32558 I art     : Starting a blocking GC Explicit
08-03 17:27:16.641 32547 32558 I art     : Explicit concurrent mark sweep GC freed 3(96B) AllocSpace objects, 0(0B) LOS objects, 7% free, 184MB/200MB, paused 1.570ms total 56.017ms
08-03 17:27:16.660 32547 32558 I art     : Starting a blocking GC Explicit
08-03 17:27:16.721 32547 32558 I art     : Explicit concurrent mark sweep GC freed 3(96B) AllocSpace objects, 0(0B) LOS objects, 7% free, 184MB/200MB, paused 1.557ms total 60.687ms
08-03 17:27:17.025  2456  2456 D AndroidRuntime: >>>>>> START com.android.internal.os.RuntimeInit uid 2000 <<<<<<
08-03 17:27:17.031  2456  2456 D AndroidRuntime: CheckJNI is OFF
08-03 17:27:17.076  2456  2456 D ICU     : No timezone override file found: /data/misc/zoneinfo/current/icu/icu_tzdata.dat
08-03 17:27:17.126  2456  2456 I Radio-JNI: register_android_hardware_Radio DONE
08-03 17:27:17.156  2456  2456 D AndroidRuntime: Calling main entry com.android.commands.input.Input
08-03 17:27:17.158  2456  2456 I Input   : injectMotionEvent: MotionEvent { action=ACTION_DOWN, actionButton=0, id[0]=0, x[0]=1341.0, y[0]=197.0, toolType[0]=TOOL_TYPE_UNKNOWN, buttonState=0, metaState=0, flags=0x0, edgeFlags=0x0, pointerCount=1, historySize=0, eventTime=638853570, downTime=638853570, deviceId=0, source=0x1002 }
08-03 17:27:17.160 32547 32560 I art     : Starting a blocking GC Explicit
08-03 17:27:17.166  2456  2456 I Input   : injectMotionEvent: MotionEvent { action=ACTION_UP, actionButton=0, id[0]=0, x[0]=1341.0, y[0]=197.0, toolType[0]=TOOL_TYPE_UNKNOWN, buttonState=0, metaState=0, flags=0x0, edgeFlags=0x0, pointerCount=1, historySize=0, eventTime=638853570, downTime=638853570, deviceId=0, source=0x1002 }
08-03 17:27:17.171  2456  2456 D AndroidRuntime: Shutting down VM
08-03 17:27:17.182   918  4413 I ActivityManager: START u0 {cmp=baseline.io.github.project_travel_mate/.notifications.NotificationsActivity} from uid 10623 on display 0
08-03 17:27:17.182   512  2967 D audio_hw_primary: out_set_parameters: enter: usecase(1: low-latency-playback) kvpairs: routing=2
08-03 17:27:17.195   512  2967 D audio_hw_primary: select_devices: out_snd_device(2: speaker) in_snd_device(0: none)
08-03 17:27:17.195   512  2967 D msm8974_platform: platform_send_audio_calibration: sending audio calibration for snd_device(2) acdb_id(15)
08-03 17:27:17.196   512  2967 I soundtrigger: audio_extn_sound_trigger_update_device_status: device 0x2 of type 0 for Event 1
08-03 17:27:17.205   512  2967 D audio_hw_primary: enable_snd_device: snd_device(2: speaker)
08-03 17:27:17.207   512  2967 D audio_hw_primary: enable_audio_route: apply and update mixer path: low-latency-playback speaker
08-03 17:27:17.209 32547 32613 D Gabe    : call	returning from cache
08-03 17:27:17.219 32547 32547 V EXECUTING: https://project-travel-mate.herokuapp.com/api/get-notifications
08-03 17:27:17.225 32547 32560 I art     : Explicit concurrent mark sweep GC freed 2123(124KB) AllocSpace objects, 2(36KB) LOS objects, 7% free, 184MB/200MB, paused 3.120ms total 64.488ms
08-03 17:27:17.229 32547 32547 V EXECUTING: https://project-travel-mate.herokuapp.com/api/get-notifications
08-03 17:27:17.243 32547 32560 I art     : Starting a blocking GC Explicit
08-03 17:27:17.298 32547 32560 I art     : Explicit concurrent mark sweep GC freed 1548(92KB) AllocSpace objects, 0(0B) LOS objects, 7% free, 188MB/204MB, paused 1.851ms total 54.553ms
08-03 17:27:17.318 32547 32560 I art     : Starting a blocking GC Explicit
08-03 17:27:17.369 32547 32560 I art     : Explicit concurrent mark sweep GC freed 293(17KB) AllocSpace objects, 0(0B) LOS objects, 7% free, 188MB/204MB, paused 1.626ms total 50.983ms
08-03 17:27:17.378   918   936 I ActivityManager: Displayed baseline.io.github.project_travel_mate/.notifications.NotificationsActivity: +187ms
08-03 17:27:17.382 13866 13866 I GoogleInputMethodServic: GoogleInputMethodService.onFinishInput():3138 
08-03 17:27:17.382 13866 13866 I GoogleInputMethodServic: GoogleInputMethodService.onStartInput():1808 
08-03 17:27:17.389 32547 32560 I art     : Starting a blocking GC Explicit
08-03 17:27:17.446 32547 32560 I art     : Explicit concurrent mark sweep GC freed 172(4KB) AllocSpace objects, 0(0B) LOS objects, 7% free, 188MB/204MB, paused 1.906ms total 57.022ms
08-03 17:27:17.467 32547 32560 I art     : Starting a blocking GC Explicit
08-03 17:27:17.494 32547 32563 D OpenGLRenderer: endAllStagingAnimators on 0x7f7bfdec00 (RippleDrawable) with handle 0x7f7a134040
08-03 17:27:17.521 32547 32560 I art     : Explicit concurrent mark sweep GC freed 91(1952B) AllocSpace objects, 0(0B) LOS objects, 7% free, 188MB/204MB, paused 1.457ms total 53.395ms
08-03 17:27:17.613   380   380 W SurfaceFlinger: couldn't log to binary event log: overflow.
08-03 17:27:17.739   512  2967 D audio_hw_primary: disable_audio_route: reset and update mixer path: low-latency-playback speaker
08-03 17:27:17.740   512  2967 D audio_hw_primary: disable_snd_device: snd_device(2: speaker)
08-03 17:27:17.750   512  2967 I soundtrigger: audio_extn_sound_trigger_update_device_status: device 0x2 of type 0 for Event 0
08-03 17:27:17.833 32547  2483 I NAPPA_EXPERIMENTATION: MetricNetworkRequestExecutionTime: REQUEST_DURATION_SYSTEM='610',REQUEST_DURATION_OKHTTP='61',REQUEST_SYNCHRONOUS='FALSE',RESPONSE_CODE='200',RESPONSE_METHOD='GET',RESPONSE_LENGTH_OKHTTP='2',RESPONSE_LENGTH_HEADER='2',REQUEST_PROTOCOL='http/1.1',REQUEST_URL='https://project-travel-mate.herokuapp.com/api/get-notifications',
08-03 17:27:17.844 32547  2485 I NAPPA_EXPERIMENTATION: MetricNetworkRequestExecutionTime: REQUEST_DURATION_SYSTEM='614',REQUEST_DURATION_OKHTTP='74',REQUEST_SYNCHRONOUS='FALSE',RESPONSE_CODE='200',RESPONSE_METHOD='GET',RESPONSE_LENGTH_OKHTTP='2',RESPONSE_LENGTH_HEADER='2',REQUEST_PROTOCOL='http/1.1',REQUEST_URL='https://project-travel-mate.herokuapp.com/api/get-notifications',
08-03 17:27:17.920 32547 32560 I art     : Starting a blocking GC Explicit
08-03 17:27:17.976 32547 32560 I art     : Explicit concurrent mark sweep GC freed 7748(394KB) AllocSpace objects, 8(436KB) LOS objects, 7% free, 189MB/205MB, paused 1.806ms total 55.309ms
08-03 17:27:17.976 32547 32557 I art     : WaitForGcToComplete blocked for 25.791ms for cause HeapTrim
08-03 17:27:17.995 32547 32560 I art     : Starting a blocking GC Explicit
08-03 17:27:18.003 32547 32547 V Response: [] 
08-03 17:27:18.020 32547 32547 V Response: [] 
08-03 17:27:18.030 32547 32613 W LOTTIE  : Animation contains merge paths. Merge paths are only supported on KitKat+ and must be manually enabled by calling enableMergePathsForKitKatAndAbove().
08-03 17:27:18.038 32547 32613 W LOTTIE  : Animation contains merge paths. Merge paths are only supported on KitKat+ and must be manually enabled by calling enableMergePathsForKitKatAndAbove().
08-03 17:27:18.043 32547 32613 W LOTTIE  : Animation contains merge paths. Merge paths are only supported on KitKat+ and must be manually enabled by calling enableMergePathsForKitKatAndAbove().
08-03 17:27:18.045 32547 32613 W LOTTIE  : Animation contains merge paths. Merge paths are only supported on KitKat+ and must be manually enabled by calling enableMergePathsForKitKatAndAbove().
08-03 17:27:18.051 32547 32613 W LOTTIE  : Animation contains merge paths. Merge paths are only supported on KitKat+ and must be manually enabled by calling enableMergePathsForKitKatAndAbove().
08-03 17:27:18.051 32547 32560 I art     : Explicit concurrent mark sweep GC freed 7309(449KB) AllocSpace objects, 0(0B) LOS objects, 7% free, 189MB/205MB, paused 2.227ms total 56.125ms
08-03 17:27:18.053 32547 32613 W LOTTIE  : Animation contains merge paths. Merge paths are only supported on KitKat+ and must be manually enabled by calling enableMergePathsForKitKatAndAbove().
08-03 17:27:18.056 32547 32613 W LOTTIE  : Animation contains merge paths. Merge paths are only supported on KitKat+ and must be manually enabled by calling enableMergePathsForKitKatAndAbove().
08-03 17:27:18.058 32547 32547 W LOTTIE  : Animation contains merge paths but they are disabled.
08-03 17:27:18.069 32547 32560 I art     : Starting a blocking GC Explicit
08-03 17:27:18.123 32547 32560 I art     : Explicit concurrent mark sweep GC freed 4167(201KB) AllocSpace objects, 1(188KB) LOS objects, 7% free, 188MB/204MB, paused 1.559ms total 53.770ms
08-03 17:27:18.142 32547 32560 I art     : Starting a blocking GC Explicit
08-03 17:27:18.194 32547 32560 I art     : Explicit concurrent mark sweep GC freed 1796(66KB) AllocSpace objects, 0(0B) LOS objects, 7% free, 188MB/204MB, paused 1.694ms total 51.450ms
08-03 17:27:18.213 32547 32560 I art     : Starting a blocking GC Explicit
08-03 17:27:18.264 32547 32560 I art     : Explicit concurrent mark sweep GC freed 320(5KB) AllocSpace objects, 0(0B) LOS objects, 7% free, 188MB/204MB, paused 1.625ms total 51.154ms
08-03 17:27:18.650 32547 32618 I art     : Starting a blocking GC Explicit
08-03 17:27:18.702 32547 32618 I art     : Explicit concurrent mark sweep GC freed 3568(125KB) AllocSpace objects, 2(36KB) LOS objects, 7% free, 188MB/204MB, paused 1.608ms total 51.977ms
08-03 17:27:18.721 32547 32618 I art     : Starting a blocking GC Explicit
08-03 17:27:18.773 32547 32618 I art     : Explicit concurrent mark sweep GC freed 546(17KB) AllocSpace objects, 0(0B) LOS objects, 7% free, 188MB/204MB, paused 1.450ms total 52.122ms
08-03 17:27:18.792 32547 32618 I art     : Starting a blocking GC Explicit
08-03 17:27:18.843 32547 32618 I art     : Explicit concurrent mark sweep GC freed 284(4KB) AllocSpace objects, 0(0B) LOS objects, 7% free, 188MB/204MB, paused 1.340ms total 50.696ms
08-03 17:27:18.861 32547 32618 I art     : Starting a blocking GC Explicit
08-03 17:27:18.913 32547 32618 I art     : Explicit concurrent mark sweep GC freed 290(4KB) AllocSpace objects, 0(0B) LOS objects, 7% free, 188MB/204MB, paused 1.387ms total 51.015ms
08-03 17:27:18.932 32547 32618 I art     : Starting a blocking GC Explicit
08-03 17:27:18.983 32547 32618 I art     : Explicit concurrent mark sweep GC freed 300(4KB) AllocSpace objects, 0(0B) LOS objects, 7% free, 188MB/204MB, paused 1.511ms total 51.377ms
08-03 17:27:19.377 32547 32560 I art     : Starting a blocking GC Explicit
08-03 17:27:19.432 32547 32560 I art     : Explicit concurrent mark sweep GC freed 3444(119KB) AllocSpace objects, 2(36KB) LOS objects, 7% free, 188MB/204MB, paused 1.399ms total 54.378ms
08-03 17:27:19.452 32547 32560 I art     : Starting a blocking GC Explicit
08-03 17:27:19.505 32547 32560 I art     : Explicit concurrent mark sweep GC freed 373(6KB) AllocSpace objects, 0(0B) LOS objects, 7% free, 188MB/204MB, paused 1.656ms total 52.761ms
08-03 17:27:19.525 32547 32560 I art     : Starting a blocking GC Explicit
08-03 17:27:19.576 32547 32560 I art     : Explicit concurrent mark sweep GC freed 286(4KB) AllocSpace objects, 0(0B) LOS objects, 7% free, 188MB/204MB, paused 1.381ms total 50.680ms
08-03 17:27:19.595 32547 32560 I art     : Starting a blocking GC Explicit
08-03 17:27:19.646 32547 32560 I art     : Explicit concurrent mark sweep GC freed 283(4KB) AllocSpace objects, 0(0B) LOS objects, 7% free, 188MB/204MB, paused 1.360ms total 50.709ms
08-03 17:27:19.666 32547 32560 I art     : Starting a blocking GC Explicit
08-03 17:27:19.720 32547 32560 I art     : Explicit concurrent mark sweep GC freed 300(4KB) AllocSpace objects, 0(0B) LOS objects, 7% free, 188MB/204MB, paused 1.723ms total 53.239ms
08-03 17:27:20.108 32547 32560 I art     : Starting a blocking GC Explicit
08-03 17:27:20.161 32547 32560 I art     : Explicit concurrent mark sweep GC freed 3485(121KB) AllocSpace objects, 2(36KB) LOS objects, 7% free, 188MB/204MB, paused 1.337ms total 52.278ms
08-03 17:27:20.179 32547 32560 I art     : Starting a blocking GC Explicit
08-03 17:27:20.228 32547 32560 I art     : Explicit concurrent mark sweep GC freed 330(6KB) AllocSpace objects, 0(0B) LOS objects, 7% free, 188MB/204MB, paused 1.474ms total 48.667ms
08-03 17:27:20.247 32547 32560 I art     : Starting a blocking GC Explicit
08-03 17:27:20.296 32547 32560 I art     : Explicit concurrent mark sweep GC freed 283(4KB) AllocSpace objects, 0(0B) LOS objects, 7% free, 188MB/204MB, paused 1.352ms total 49.039ms
08-03 17:27:20.315 32547 32560 I art     : Starting a blocking GC Explicit
08-03 17:27:20.366 32547 32560 I art     : Explicit concurrent mark sweep GC freed 283(4KB) AllocSpace objects, 0(0B) LOS objects, 7% free, 188MB/204MB, paused 1.408ms total 50.842ms
08-03 17:27:20.386 32547 32560 I art     : Starting a blocking GC Explicit
08-03 17:27:20.439 32547 32560 I art     : Explicit concurrent mark sweep GC freed 351(5KB) AllocSpace objects, 0(0B) LOS objects, 7% free, 188MB/204MB, paused 1.716ms total 52.999ms
08-03 17:27:20.856 32547  1003 I art     : Starting a blocking GC Explicit
08-03 17:27:20.909 32547  1003 I art     : Explicit concurrent mark sweep GC freed 3549(121KB) AllocSpace objects, 2(36KB) LOS objects, 7% free, 188MB/204MB, paused 1.488ms total 52.734ms
08-03 17:27:20.928 32547  1003 I art     : Starting a blocking GC Explicit
08-03 17:27:20.981 32547  1003 I art     : Explicit concurrent mark sweep GC freed 306(5KB) AllocSpace objects, 0(0B) LOS objects, 7% free, 188MB/204MB, paused 1.358ms total 52.489ms
08-03 17:27:21.000 32547  1003 I art     : Starting a blocking GC Explicit
08-03 17:27:21.053 32547  1003 I art     : Explicit concurrent mark sweep GC freed 292(4KB) AllocSpace objects, 0(0B) LOS objects, 7% free, 188MB/204MB, paused 1.599ms total 52.728ms
08-03 17:27:21.072 32547  1003 I art     : Starting a blocking GC Explicit
08-03 17:27:21.123 32547  1003 I art     : Explicit concurrent mark sweep GC freed 329(5KB) AllocSpace objects, 0(0B) LOS objects, 7% free, 188MB/204MB, paused 1.634ms total 51.150ms
08-03 17:27:21.142 32547  1003 I art     : Starting a blocking GC Explicit
08-03 17:27:21.193 32547  1003 I art     : Explicit concurrent mark sweep GC freed 298(4KB) AllocSpace objects, 0(0B) LOS objects, 7% free, 188MB/204MB, paused 1.649ms total 50.874ms
08-03 17:27:21.597 32547 32558 I art     : Starting a blocking GC Explicit
08-03 17:27:21.652 32547 32558 I art     : Explicit concurrent mark sweep GC freed 3525(122KB) AllocSpace objects, 2(36KB) LOS objects, 7% free, 188MB/204MB, paused 1.373ms total 54.690ms
08-03 17:27:21.671 32547 32558 I art     : Starting a blocking GC Explicit
08-03 17:27:21.721 32547 32558 I art     : Explicit concurrent mark sweep GC freed 492(16KB) AllocSpace objects, 0(0B) LOS objects, 7% free, 188MB/204MB, paused 1.524ms total 49.421ms
08-03 17:27:21.740 32547 32558 I art     : Starting a blocking GC Explicit
08-03 17:27:21.789 32547 32558 I art     : Explicit concurrent mark sweep GC freed 359(6KB) AllocSpace objects, 0(0B) LOS objects, 7% free, 188MB/204MB, paused 1.497ms total 49.396ms
08-03 17:27:21.807 32547 32558 I art     : Starting a blocking GC Explicit
08-03 17:27:21.860 32547 32558 I art     : Explicit concurrent mark sweep GC freed 297(4KB) AllocSpace objects, 0(0B) LOS objects, 7% free, 188MB/204MB, paused 1.492ms total 52.002ms
08-03 17:27:21.879 32547 32558 I art     : Starting a blocking GC Explicit
08-03 17:27:21.929 32547 32558 I art     : Explicit concurrent mark sweep GC freed 285(4KB) AllocSpace objects, 0(0B) LOS objects, 7% free, 188MB/204MB, paused 1.431ms total 49.331ms
08-03 17:27:21.929  2550  2550 D AndroidRuntime: >>>>>> START com.android.internal.os.RuntimeInit uid 2000 <<<<<<
08-03 17:27:21.935  2550  2550 D AndroidRuntime: CheckJNI is OFF
08-03 17:27:21.972  2550  2550 D ICU     : No timezone override file found: /data/misc/zoneinfo/current/icu/icu_tzdata.dat
08-03 17:27:22.011  2550  2550 I Radio-JNI: register_android_hardware_Radio DONE
08-03 17:27:22.039  2550  2550 D AndroidRuntime: Calling main entry com.android.commands.input.Input
08-03 17:27:22.041  2550  2550 I Input   : injectKeyEvent: KeyEvent { action=ACTION_DOWN, keyCode=KEYCODE_BACK, scanCode=0, metaState=0, flags=0x0, repeatCount=0, eventTime=638858454, downTime=638858454, deviceId=-1, source=0x101 }
08-03 17:27:22.049  2550  2550 I Input   : injectKeyEvent: KeyEvent { action=ACTION_UP, keyCode=KEYCODE_BACK, scanCode=0, metaState=0, flags=0x0, repeatCount=0, eventTime=638858454, downTime=638858454, deviceId=-1, source=0x101 }
08-03 17:27:22.064  2550  2550 D AndroidRuntime: Shutting down VM
08-03 17:27:22.073 32547 32547 V MainActivity: url = https://project-travel-mate.herokuapp.com/api/number-of-unread-notifications
08-03 17:27:22.111 13866 13866 I GoogleInputMethodServic: GoogleInputMethodService.onFinishInput():3138 
08-03 17:27:22.112 13866 13866 I GoogleInputMethodServic: GoogleInputMethodService.onStartInput():1808 
08-03 17:27:22.305 32547  1003 I art     : Starting a blocking GC Explicit
08-03 17:27:22.378 32547  1003 I art     : Explicit concurrent mark sweep GC freed 2954(126KB) AllocSpace objects, 2(36KB) LOS objects, 7% free, 188MB/204MB, paused 1.898ms total 72.865ms
08-03 17:27:22.400 32547  1003 I art     : Starting a blocking GC Explicit
08-03 17:27:22.417   380   380 W SurfaceFlinger: couldn't log to binary event log: overflow.
08-03 17:27:22.458 32547  1003 I art     : Explicit concurrent mark sweep GC freed 121(4KB) AllocSpace objects, 1(4MB) LOS objects, 7% free, 184MB/200MB, paused 1.513ms total 57.913ms
08-03 17:27:22.476 32547  1003 I art     : Starting a blocking GC Explicit
08-03 17:27:22.534 32547  1003 I art     : Explicit concurrent mark sweep GC freed 3304(158KB) AllocSpace objects, 2(56KB) LOS objects, 7% free, 184MB/200MB, paused 1.699ms total 57.123ms
08-03 17:27:22.554 32547  1003 I art     : Starting a blocking GC Explicit
08-03 17:27:22.612 32547  1003 I art     : Explicit concurrent mark sweep GC freed 3000(151KB) AllocSpace objects, 2(120KB) LOS objects, 7% free, 184MB/200MB, paused 1.704ms total 58.189ms
08-03 17:27:22.617 32547  2571 I NAPPA_EXPERIMENTATION: MetricNetworkRequestExecutionTime: REQUEST_DURATION_SYSTEM='543',REQUEST_DURATION_OKHTTP='40',REQUEST_SYNCHRONOUS='FALSE',RESPONSE_CODE='200',RESPONSE_METHOD='GET',RESPONSE_LENGTH_OKHTTP='36',RESPONSE_LENGTH_HEADER='36',REQUEST_PROTOCOL='http/1.1',REQUEST_URL='https://project-travel-mate.herokuapp.com/api/number-of-unread-notifications',
08-03 17:27:22.632 32547  1003 I art     : Starting a blocking GC Explicit
08-03 17:27:22.693 32547  1003 I art     : Explicit concurrent mark sweep GC freed 1080(126KB) AllocSpace objects, 1(80KB) LOS objects, 7% free, 184MB/200MB, paused 1.562ms total 60.642ms
08-03 17:27:22.836   518   646 I ThermalEngine: ACTION: GPU - Setting GPU[0] to 390000000
08-03 17:27:23.158 32547 32560 I art     : Starting a blocking GC Explicit
08-03 17:27:23.247 32547 32560 I art     : Explicit concurrent mark sweep GC freed 1698(97KB) AllocSpace objects, 2(36KB) LOS objects, 7% free, 184MB/200MB, paused 2.841ms total 88.905ms
08-03 17:27:23.279 32547 32560 I art     : Starting a blocking GC Explicit
08-03 17:27:23.350 32547 32560 I art     : Explicit concurrent mark sweep GC freed 36(1488B) AllocSpace objects, 0(0B) LOS objects, 7% free, 184MB/200MB, paused 2.411ms total 71.102ms
08-03 17:27:23.377 32547 32560 I art     : Starting a blocking GC Explicit
08-03 17:27:23.446 32547 32560 I art     : Explicit concurrent mark sweep GC freed 3(96B) AllocSpace objects, 0(0B) LOS objects, 7% free, 184MB/200MB, paused 2.344ms total 69.039ms
08-03 17:27:23.473 32547 32560 I art     : Starting a blocking GC Explicit
08-03 17:27:23.544 32547 32560 I art     : Explicit concurrent mark sweep GC freed 3(96B) AllocSpace objects, 0(0B) LOS objects, 7% free, 184MB/200MB, paused 2.347ms total 70.614ms
08-03 17:27:23.570 32547 32560 I art     : Starting a blocking GC Explicit
08-03 17:27:23.641 32547 32560 I art     : Explicit concurrent mark sweep GC freed 3(96B) AllocSpace objects, 0(0B) LOS objects, 7% free, 184MB/200MB, paused 2.303ms total 70.502ms
08-03 17:27:23.832   518   646 I ThermalEngine: ACTION: GPU - Setting GPU[0] to 450000000
08-03 17:27:23.911  2596  2596 D AndroidRuntime: >>>>>> START com.android.internal.os.RuntimeInit uid 2000 <<<<<<
08-03 17:27:23.917  2596  2596 D AndroidRuntime: CheckJNI is OFF
08-03 17:27:23.960  2596  2596 D ICU     : No timezone override file found: /data/misc/zoneinfo/current/icu/icu_tzdata.dat
08-03 17:27:24.003  2596  2596 I Radio-JNI: register_android_hardware_Radio DONE
08-03 17:27:24.032  2596  2596 D AndroidRuntime: Calling main entry com.android.commands.input.Input
08-03 17:27:24.034  2596  2596 I Input   : injectMotionEvent: MotionEvent { action=ACTION_DOWN, actionButton=0, id[0]=0, x[0]=117.0, y[0]=170.0, toolType[0]=TOOL_TYPE_UNKNOWN, buttonState=0, metaState=0, flags=0x0, edgeFlags=0x0, pointerCount=1, historySize=0, eventTime=638860447, downTime=638860447, deviceId=0, source=0x1002 }
08-03 17:27:24.039  2596  2596 I Input   : injectMotionEvent: MotionEvent { action=ACTION_UP, actionButton=0, id[0]=0, x[0]=117.0, y[0]=170.0, toolType[0]=TOOL_TYPE_UNKNOWN, buttonState=0, metaState=0, flags=0x0, edgeFlags=0x0, pointerCount=1, historySize=0, eventTime=638860447, downTime=638860447, deviceId=0, source=0x1002 }
08-03 17:27:24.041  2596  2596 D AndroidRuntime: Shutting down VM
08-03 17:27:24.057 32547 32558 I art     : Starting a blocking GC Explicit
08-03 17:27:24.063   512  2967 D audio_hw_primary: out_set_parameters: enter: usecase(1: low-latency-playback) kvpairs: routing=2
08-03 17:27:24.077   512  2967 D audio_hw_primary: select_devices: out_snd_device(2: speaker) in_snd_device(0: none)
08-03 17:27:24.077   512  2967 D msm8974_platform: platform_send_audio_calibration: sending audio calibration for snd_device(2) acdb_id(15)
08-03 17:27:24.077   512  2967 I soundtrigger: audio_extn_sound_trigger_update_device_status: device 0x2 of type 0 for Event 1
08-03 17:27:24.090   512  2967 D audio_hw_primary: enable_snd_device: snd_device(2: speaker)
08-03 17:27:24.092   512  2967 D audio_hw_primary: enable_audio_route: apply and update mixer path: low-latency-playback speaker
08-03 17:27:24.128 32547 32558 I art     : Explicit concurrent mark sweep GC freed 1631(92KB) AllocSpace objects, 2(36KB) LOS objects, 7% free, 184MB/200MB, paused 1.720ms total 71.243ms
08-03 17:27:24.148 32547 32558 I art     : Starting a blocking GC Explicit
08-03 17:27:24.201 32547 32558 I art     : Explicit concurrent mark sweep GC freed 411(20KB) AllocSpace objects, 0(0B) LOS objects, 7% free, 184MB/200MB, paused 1.514ms total 52.976ms
08-03 17:27:24.221 32547 32558 I art     : Starting a blocking GC Explicit
08-03 17:27:24.282 32547 32558 I art     : Explicit concurrent mark sweep GC freed 7(384B) AllocSpace objects, 0(0B) LOS objects, 7% free, 184MB/200MB, paused 1.640ms total 61.115ms
08-03 17:27:24.303 32547 32558 I art     : Starting a blocking GC Explicit
08-03 17:27:24.355 32547 32558 I art     : Explicit concurrent mark sweep GC freed 5(160B) AllocSpace objects, 0(0B) LOS objects, 7% free, 184MB/200MB, paused 1.568ms total 51.876ms
08-03 17:27:24.375 32547 32558 I art     : Starting a blocking GC Explicit
08-03 17:27:24.427 32547 32558 I art     : Explicit concurrent mark sweep GC freed 3(96B) AllocSpace objects, 0(0B) LOS objects, 7% free, 184MB/200MB, paused 1.358ms total 51.560ms
08-03 17:27:24.640   512  2967 D audio_hw_primary: disable_audio_route: reset and update mixer path: low-latency-playback speaker
08-03 17:27:24.641   512  2967 D audio_hw_primary: disable_snd_device: snd_device(2: speaker)
08-03 17:27:24.650   512  2967 I soundtrigger: audio_extn_sound_trigger_update_device_status: device 0x2 of type 0 for Event 0
08-03 17:27:24.785  2619  2619 D AndroidRuntime: >>>>>> START com.android.internal.os.RuntimeInit uid 2000 <<<<<<
08-03 17:27:24.791  2619  2619 D AndroidRuntime: CheckJNI is OFF
08-03 17:27:24.817 32547 32618 I art     : Starting a blocking GC Explicit
08-03 17:27:24.836  2619  2619 D ICU     : No timezone override file found: /data/misc/zoneinfo/current/icu/icu_tzdata.dat
08-03 17:27:24.876 32547 32618 I art     : Explicit concurrent mark sweep GC freed 1608(91KB) AllocSpace objects, 2(36KB) LOS objects, 7% free, 184MB/200MB, paused 1.622ms total 58.743ms
08-03 17:27:24.878  2619  2619 I Radio-JNI: register_android_hardware_Radio DONE
08-03 17:27:24.895 32547 32618 I art     : Starting a blocking GC Explicit
08-03 17:27:24.908  2619  2619 D AndroidRuntime: Calling main entry com.android.commands.input.Input
08-03 17:27:24.910  2619  2619 I Input   : injectMotionEvent: MotionEvent { action=ACTION_DOWN, actionButton=0, id[0]=0, x[0]=418.0, y[0]=842.0, toolType[0]=TOOL_TYPE_UNKNOWN, buttonState=0, metaState=0, flags=0x0, edgeFlags=0x0, pointerCount=1, historySize=0, eventTime=638861323, downTime=638861323, deviceId=0, source=0x1002 }
08-03 17:27:24.914  2619  2619 I Input   : injectMotionEvent: MotionEvent { action=ACTION_UP, actionButton=0, id[0]=0, x[0]=418.0, y[0]=842.0, toolType[0]=TOOL_TYPE_UNKNOWN, buttonState=0, metaState=0, flags=0x0, edgeFlags=0x0, pointerCount=1, historySize=0, eventTime=638861323, downTime=638861323, deviceId=0, source=0x1002 }
08-03 17:27:24.916  2619  2619 D AndroidRuntime: Shutting down VM
08-03 17:27:24.924   512  2967 D audio_hw_primary: out_set_parameters: enter: usecase(1: low-latency-playback) kvpairs: routing=2
08-03 17:27:24.927 32547 32613 D Gabe    : call	returning from cache
08-03 17:27:24.937   512  2967 D audio_hw_primary: select_devices: out_snd_device(2: speaker) in_snd_device(0: none)
08-03 17:27:24.937   512  2967 D msm8974_platform: platform_send_audio_calibration: sending audio calibration for snd_device(2) acdb_id(15)
08-03 17:27:24.937   512  2967 I soundtrigger: audio_extn_sound_trigger_update_device_status: device 0x2 of type 0 for Event 1
08-03 17:27:24.949   512  2967 D audio_hw_primary: enable_snd_device: snd_device(2: speaker)
08-03 17:27:24.951   512  2967 D audio_hw_primary: enable_audio_route: apply and update mixer path: low-latency-playback speaker
08-03 17:27:24.954 32547 32618 I art     : Explicit concurrent mark sweep GC freed 784(41KB) AllocSpace objects, 0(0B) LOS objects, 7% free, 184MB/200MB, paused 1.920ms total 58.380ms
08-03 17:27:24.955 32547 32547 V MainActivity: url = https://project-travel-mate.herokuapp.com/api/number-of-unread-notifications
08-03 17:27:24.973 32547 32618 I art     : Starting a blocking GC Explicit
08-03 17:27:24.998   512  2967 D AudioFlinger: mixer(0xf4740000) throttle end: throttle time(12)
08-03 17:27:25.028 32547 32618 I art     : Explicit concurrent mark sweep GC freed 635(39KB) AllocSpace objects, 0(0B) LOS objects, 7% free, 184MB/200MB, paused 2.191ms total 55.506ms
08-03 17:27:25.048 32547 32618 I art     : Starting a blocking GC Explicit
08-03 17:27:25.107 32547 32618 I art     : Explicit concurrent mark sweep GC freed 353(24KB) AllocSpace objects, 0(0B) LOS objects, 7% free, 184MB/200MB, paused 2.063ms total 59.087ms
08-03 17:27:25.127 32547 32618 I art     : Starting a blocking GC Explicit
08-03 17:27:25.187 32547 32618 I art     : Explicit concurrent mark sweep GC freed 661(38KB) AllocSpace objects, 0(0B) LOS objects, 7% free, 184MB/200MB, paused 2.077ms total 59.366ms
08-03 17:27:25.480 32547  2642 I NAPPA_EXPERIMENTATION: MetricNetworkRequestExecutionTime: REQUEST_DURATION_SYSTEM='524',REQUEST_DURATION_OKHTTP='38',REQUEST_SYNCHRONOUS='FALSE',RESPONSE_CODE='200',RESPONSE_METHOD='GET',RESPONSE_LENGTH_OKHTTP='36',RESPONSE_LENGTH_HEADER='36',REQUEST_PROTOCOL='http/1.1',REQUEST_URL='https://project-travel-mate.herokuapp.com/api/number-of-unread-notifications',
08-03 17:27:25.488 32547 32547 I Choreographer: Skipped 31 frames!  The application may be doing too much work on its main thread.
08-03 17:27:25.488   512  2967 D audio_hw_primary: disable_audio_route: reset and update mixer path: low-latency-playback speaker
08-03 17:27:25.489   512  2967 D audio_hw_primary: disable_snd_device: snd_device(2: speaker)
08-03 17:27:25.497   512  2967 I soundtrigger: audio_extn_sound_trigger_update_device_status: device 0x2 of type 0 for Event 0
08-03 17:27:25.581 32547 32560 I art     : Starting a blocking GC Explicit
08-03 17:27:25.652 32547 32560 I art     : Explicit concurrent mark sweep GC freed 7583(407KB) AllocSpace objects, 14(492KB) LOS objects, 7% free, 185MB/201MB, paused 2.602ms total 70.475ms
08-03 17:27:25.672 32547 32560 I art     : Starting a blocking GC Explicit
08-03 17:27:25.741 32547 32560 I art     : Explicit concurrent mark sweep GC freed 2866(199KB) AllocSpace objects, 0(0B) LOS objects, 7% free, 185MB/201MB, paused 1.702ms total 68.217ms
08-03 17:27:25.762 32547 32560 I art     : Starting a blocking GC Explicit
08-03 17:27:25.821 32547 32560 I art     : Explicit concurrent mark sweep GC freed 209(5KB) AllocSpace objects, 0(0B) LOS objects, 7% free, 185MB/201MB, paused 1.525ms total 57.856ms
08-03 17:27:25.840 32547 32560 I art     : Starting a blocking GC Explicit
08-03 17:27:25.904 32547 32560 I art     : Explicit concurrent mark sweep GC freed 137(2944B) AllocSpace objects, 0(0B) LOS objects, 7% free, 185MB/201MB, paused 1.592ms total 63.844ms
08-03 17:27:25.925 32547 32560 I art     : Starting a blocking GC Explicit
08-03 17:27:25.989 32547 32560 I art     : Explicit concurrent mark sweep GC freed 123(2096B) AllocSpace objects, 0(0B) LOS objects, 7% free, 185MB/201MB, paused 1.581ms total 64.351ms
08-03 17:27:26.401 32547 32618 I art     : Starting a blocking GC Explicit
08-03 17:27:26.468 32547 32618 I art     : Explicit concurrent mark sweep GC freed 2260(101KB) AllocSpace objects, 2(52KB) LOS objects, 7% free, 185MB/201MB, paused 1.582ms total 66.434ms
08-03 17:27:26.490 32547 32618 I art     : Starting a blocking GC Explicit
08-03 17:27:26.552 32547 32618 I art     : Explicit concurrent mark sweep GC freed 164(3KB) AllocSpace objects, 0(0B) LOS objects, 7% free, 185MB/201MB, paused 1.554ms total 61.540ms
08-03 17:27:26.572 32547 32618 I art     : Starting a blocking GC Explicit
08-03 17:27:26.635 32547 32618 I art     : Explicit concurrent mark sweep GC freed 133(2448B) AllocSpace objects, 0(0B) LOS objects, 7% free, 185MB/201MB, paused 1.640ms total 63.016ms
08-03 17:27:26.655 32547 32618 I art     : Starting a blocking GC Explicit
08-03 17:27:26.719 32547 32618 I art     : Explicit concurrent mark sweep GC freed 144(2960B) AllocSpace objects, 0(0B) LOS objects, 7% free, 185MB/201MB, paused 1.639ms total 64.201ms
08-03 17:27:26.740 32547 32618 I art     : Starting a blocking GC Explicit
08-03 17:27:26.804 32547 32618 I art     : Explicit concurrent mark sweep GC freed 186(3KB) AllocSpace objects, 0(0B) LOS objects, 7% free, 185MB/201MB, paused 1.633ms total 63.827ms
08-03 17:27:27.247 32547  1003 I art     : Starting a blocking GC Explicit
08-03 17:27:27.316 32547  1003 I art     : Explicit concurrent mark sweep GC freed 2298(102KB) AllocSpace objects, 2(52KB) LOS objects, 7% free, 185MB/201MB, paused 1.634ms total 67.968ms
08-03 17:27:27.336 32547  1003 I art     : Starting a blocking GC Explicit
08-03 17:27:27.403 32547  1003 I art     : Explicit concurrent mark sweep GC freed 147(2976B) AllocSpace objects, 0(0B) LOS objects, 7% free, 185MB/201MB, paused 1.645ms total 66.282ms
08-03 17:27:27.424 32547  1003 I art     : Starting a blocking GC Explicit
08-03 17:27:27.488 32547  1003 I art     : Explicit concurrent mark sweep GC freed 122(2064B) AllocSpace objects, 0(0B) LOS objects, 7% free, 185MB/201MB, paused 1.783ms total 64.262ms
08-03 17:27:27.509 32547  1003 I art     : Starting a blocking GC Explicit
08-03 17:27:27.577 32547  1003 I art     : Explicit concurrent mark sweep GC freed 131(2240B) AllocSpace objects, 0(0B) LOS objects, 7% free, 185MB/201MB, paused 1.838ms total 68.302ms
08-03 17:27:27.598 32547  1003 I art     : Starting a blocking GC Explicit
08-03 17:27:27.664 32547  1003 I art     : Explicit concurrent mark sweep GC freed 151(3008B) AllocSpace objects, 0(0B) LOS objects, 7% free, 185MB/201MB, paused 1.554ms total 65.750ms
08-03 17:27:27.711  2674  2674 D AndroidRuntime: >>>>>> START com.android.internal.os.RuntimeInit uid 2000 <<<<<<
08-03 17:27:27.717  2674  2674 D AndroidRuntime: CheckJNI is OFF
08-03 17:27:27.761  2674  2674 D ICU     : No timezone override file found: /data/misc/zoneinfo/current/icu/icu_tzdata.dat
08-03 17:27:27.807  2674  2674 I Radio-JNI: register_android_hardware_Radio DONE
08-03 17:27:27.836  2674  2674 D AndroidRuntime: Calling main entry com.android.commands.input.Input
08-03 17:27:27.840  2674  2674 I Input   : injectMotionEvent: MotionEvent { action=ACTION_DOWN, actionButton=0, id[0]=0, x[0]=117.0, y[0]=170.0, toolType[0]=TOOL_TYPE_UNKNOWN, buttonState=0, metaState=0, flags=0x0, edgeFlags=0x0, pointerCount=1, historySize=0, eventTime=638864251, downTime=638864251, deviceId=0, source=0x1002 }
08-03 17:27:27.846  2674  2674 I Input   : injectMotionEvent: MotionEvent { action=ACTION_UP, actionButton=0, id[0]=0, x[0]=117.0, y[0]=170.0, toolType[0]=TOOL_TYPE_UNKNOWN, buttonState=0, metaState=0, flags=0x0, edgeFlags=0x0, pointerCount=1, historySize=0, eventTime=638864251, downTime=638864251, deviceId=0, source=0x1002 }
08-03 17:27:27.849  2674  2674 D AndroidRuntime: Shutting down VM
08-03 17:27:27.860   512  2967 D audio_hw_primary: out_set_parameters: enter: usecase(1: low-latency-playback) kvpairs: routing=2
08-03 17:27:27.874   512  2967 D audio_hw_primary: select_devices: out_snd_device(2: speaker) in_snd_device(0: none)
08-03 17:27:27.875   512  2967 D msm8974_platform: platform_send_audio_calibration: sending audio calibration for snd_device(2) acdb_id(15)
08-03 17:27:27.875   512  2967 I soundtrigger: audio_extn_sound_trigger_update_device_status: device 0x2 of type 0 for Event 1
08-03 17:27:27.885   512  2967 D audio_hw_primary: enable_snd_device: snd_device(2: speaker)
08-03 17:27:27.888   512  2967 D audio_hw_primary: enable_audio_route: apply and update mixer path: low-latency-playback speaker
08-03 17:27:28.083 32547 32560 I art     : Starting a blocking GC Explicit
08-03 17:27:28.145 32547 32560 I art     : Explicit concurrent mark sweep GC freed 2746(124KB) AllocSpace objects, 2(52KB) LOS objects, 7% free, 185MB/201MB, paused 1.488ms total 60.997ms
08-03 17:27:28.164 32547 32560 I art     : Starting a blocking GC Explicit
08-03 17:27:28.221 32547 32560 I art     : Explicit concurrent mark sweep GC freed 156(3KB) AllocSpace objects, 0(0B) LOS objects, 7% free, 185MB/201MB, paused 1.590ms total 56.119ms
08-03 17:27:28.241 32547 32560 I art     : Starting a blocking GC Explicit
08-03 17:27:28.299 32547 32560 I art     : Explicit concurrent mark sweep GC freed 131(2384B) AllocSpace objects, 0(0B) LOS objects, 7% free, 185MB/201MB, paused 1.420ms total 57.991ms
08-03 17:27:28.299 32547 32557 I art     : WaitForGcToComplete blocked for 51.801ms for cause HeapTrim
08-03 17:27:28.319 32547 32560 I art     : Starting a blocking GC Explicit
08-03 17:27:28.376 32547 32560 I art     : Explicit concurrent mark sweep GC freed 105(1840B) AllocSpace objects, 0(0B) LOS objects, 7% free, 185MB/201MB, paused 1.645ms total 57.070ms
08-03 17:27:28.396 32547 32560 I art     : Starting a blocking GC Explicit
08-03 17:27:28.429   512  2967 D audio_hw_primary: disable_audio_route: reset and update mixer path: low-latency-playback speaker
08-03 17:27:28.430   512  2967 D audio_hw_primary: disable_snd_device: snd_device(2: speaker)
08-03 17:27:28.437   512  2967 I soundtrigger: audio_extn_sound_trigger_update_device_status: device 0x2 of type 0 for Event 0
08-03 17:27:28.456 32547 32560 I art     : Explicit concurrent mark sweep GC freed 120(2048B) AllocSpace objects, 0(0B) LOS objects, 7% free, 185MB/201MB, paused 1.530ms total 59.163ms
08-03 17:27:28.611  2698  2698 D AndroidRuntime: >>>>>> START com.android.internal.os.RuntimeInit uid 2000 <<<<<<
08-03 17:27:28.617  2698  2698 D AndroidRuntime: CheckJNI is OFF
08-03 17:27:28.657  2698  2698 D ICU     : No timezone override file found: /data/misc/zoneinfo/current/icu/icu_tzdata.dat
08-03 17:27:28.667  1766  1766 I ServiceManager: Waiting for service AtCmdFwd...
08-03 17:27:28.699  2698  2698 I Radio-JNI: register_android_hardware_Radio DONE
08-03 17:27:28.729  2698  2698 D AndroidRuntime: Calling main entry com.android.commands.input.Input
08-03 17:27:28.731  2698  2698 I Input   : injectMotionEvent: MotionEvent { action=ACTION_DOWN, actionButton=0, id[0]=0, x[0]=355.0, y[0]=1674.0, toolType[0]=TOOL_TYPE_UNKNOWN, buttonState=0, metaState=0, flags=0x0, edgeFlags=0x0, pointerCount=1, historySize=0, eventTime=638865144, downTime=638865144, deviceId=0, source=0x1002 }
08-03 17:27:28.735  2698  2698 I Input   : injectMotionEvent: MotionEvent { action=ACTION_UP, actionButton=0, id[0]=0, x[0]=355.0, y[0]=1674.0, toolType[0]=TOOL_TYPE_UNKNOWN, buttonState=0, metaState=0, flags=0x0, edgeFlags=0x0, pointerCount=1, historySize=0, eventTime=638865144, downTime=638865144, deviceId=0, source=0x1002 }
08-03 17:27:28.737  2698  2698 D AndroidRuntime: Shutting down VM
08-03 17:27:28.746   512  2967 D audio_hw_primary: out_set_parameters: enter: usecase(1: low-latency-playback) kvpairs: routing=2
08-03 17:27:28.758 32547 32547 V MainActivity: url = https://project-travel-mate.herokuapp.com/api/number-of-unread-notifications
08-03 17:27:28.759   512  2967 D audio_hw_primary: select_devices: out_snd_device(2: speaker) in_snd_device(0: none)
08-03 17:27:28.759   512  2967 D msm8974_platform: platform_send_audio_calibration: sending audio calibration for snd_device(2) acdb_id(15)
08-03 17:27:28.759   512  2967 I soundtrigger: audio_extn_sound_trigger_update_device_status: device 0x2 of type 0 for Event 1
08-03 17:27:28.769   512  2967 D audio_hw_primary: enable_snd_device: snd_device(2: speaker)
08-03 17:27:28.771   512  2967 D audio_hw_primary: enable_audio_route: apply and update mixer path: low-latency-playback speaker
08-03 17:27:28.813   512  2967 D AudioFlinger: mixer(0xf4740000) throttle end: throttle time(12)
08-03 17:27:28.857 32547 32618 I art     : Starting a blocking GC Explicit
08-03 17:27:28.918 32547 32618 I art     : Explicit concurrent mark sweep GC freed 4295(183KB) AllocSpace objects, 2(52KB) LOS objects, 7% free, 185MB/201MB, paused 1.522ms total 61.116ms
08-03 17:27:28.937   918  3261 D WifiStateMachine: starting scan for "H369AA63323"WPA_PSK with 2412,5180
08-03 17:27:28.939 32547 32618 I art     : Starting a blocking GC Explicit
08-03 17:27:28.998 32547 32618 I art     : Explicit concurrent mark sweep GC freed 2316(194KB) AllocSpace objects, 9(252KB) LOS objects, 7% free, 185MB/201MB, paused 1.637ms total 58.749ms
08-03 17:27:29.019 32547 32618 I art     : Starting a blocking GC Explicit
08-03 17:27:29.080 32547 32618 I art     : Explicit concurrent mark sweep GC freed 9(496B) AllocSpace objects, 0(0B) LOS objects, 7% free, 185MB/201MB, paused 2.699ms total 61.594ms
08-03 17:27:29.103 32547 32618 I art     : Starting a blocking GC Explicit
08-03 17:27:29.166 32547 32618 I art     : Explicit concurrent mark sweep GC freed 37(1376B) AllocSpace objects, 0(0B) LOS objects, 7% free, 185MB/201MB, paused 1.413ms total 62.221ms
08-03 17:27:29.187 32547 32618 I art     : Starting a blocking GC Explicit
08-03 17:27:29.250 32547 32618 I art     : Explicit concurrent mark sweep GC freed 2604(133KB) AllocSpace objects, 3(200KB) LOS objects, 7% free, 185MB/201MB, paused 1.684ms total 62.879ms
08-03 17:27:29.263 32547  2719 I NAPPA_EXPERIMENTATION: MetricNetworkRequestExecutionTime: REQUEST_DURATION_SYSTEM='504',REQUEST_DURATION_OKHTTP='38',REQUEST_SYNCHRONOUS='FALSE',RESPONSE_CODE='200',RESPONSE_METHOD='GET',RESPONSE_LENGTH_OKHTTP='36',RESPONSE_LENGTH_HEADER='36',REQUEST_PROTOCOL='http/1.1',REQUEST_URL='https://project-travel-mate.herokuapp.com/api/number-of-unread-notifications',
08-03 17:27:29.298   512  2967 D audio_hw_primary: disable_audio_route: reset and update mixer path: low-latency-playback speaker
08-03 17:27:29.299   512  2967 D audio_hw_primary: disable_snd_device: snd_device(2: speaker)
08-03 17:27:29.309   512  2967 I soundtrigger: audio_extn_sound_trigger_update_device_status: device 0x2 of type 0 for Event 0
08-03 17:27:29.661 32547 32560 I art     : Starting a blocking GC Explicit
08-03 17:27:29.669  1766  1766 I ServiceManager: Waiting for service AtCmdFwd...
08-03 17:27:29.737 32547 32560 I art     : Explicit concurrent mark sweep GC freed 2702(221KB) AllocSpace objects, 2(48KB) LOS objects, 7% free, 185MB/201MB, paused 1.480ms total 74.721ms
08-03 17:27:29.761 32547 32560 I art     : Starting a blocking GC Explicit
08-03 17:27:29.827 32547 32560 I art     : Explicit concurrent mark sweep GC freed 72(2320B) AllocSpace objects, 0(0B) LOS objects, 7% free, 185MB/201MB, paused 1.566ms total 65.237ms
08-03 17:27:29.848 32547 32560 I art     : Starting a blocking GC Explicit
08-03 17:27:29.919 32547 32560 I art     : Explicit concurrent mark sweep GC freed 3(96B) AllocSpace objects, 0(0B) LOS objects, 7% free, 185MB/201MB, paused 1.863ms total 71.490ms
08-03 17:27:29.943 32547 32560 I art     : Starting a blocking GC Explicit
08-03 17:27:30.010 32547 32560 I art     : Explicit concurrent mark sweep GC freed 3(96B) AllocSpace objects, 0(0B) LOS objects, 7% free, 185MB/201MB, paused 1.579ms total 66.446ms
08-03 17:27:30.030 32547 32560 I art     : Starting a blocking GC Explicit
08-03 17:27:30.103 32547 32560 I art     : Explicit concurrent mark sweep GC freed 3(96B) AllocSpace objects, 0(0B) LOS objects, 7% free, 185MB/201MB, paused 1.681ms total 72.704ms
08-03 17:27:30.514 32547 32558 I art     : Starting a blocking GC Explicit
08-03 17:27:30.585 32547 32558 I art     : Explicit concurrent mark sweep GC freed 1579(90KB) AllocSpace objects, 2(48KB) LOS objects, 7% free, 185MB/201MB, paused 1.462ms total 70.651ms
08-03 17:27:30.608 32547 32558 I art     : Starting a blocking GC Explicit
08-03 17:27:30.669  1766  1766 I ServiceManager: Waiting for service AtCmdFwd...
08-03 17:27:30.677 32547 32558 I art     : Explicit concurrent mark sweep GC freed 41(1696B) AllocSpace objects, 0(0B) LOS objects, 7% free, 185MB/201MB, paused 1.793ms total 68.678ms
08-03 17:27:30.698 32547 32558 I art     : Starting a blocking GC Explicit
08-03 17:27:30.769 32547 32558 I art     : Explicit concurrent mark sweep GC freed 51(1648B) AllocSpace objects, 0(0B) LOS objects, 7% free, 185MB/201MB, paused 1.790ms total 71.372ms
08-03 17:27:30.795 32547 32558 I art     : Starting a blocking GC Explicit
08-03 17:27:30.865 32547 32558 I art     : Explicit concurrent mark sweep GC freed 4(128B) AllocSpace objects, 0(0B) LOS objects, 7% free, 185MB/201MB, paused 1.485ms total 68.974ms
08-03 17:27:30.885 32547 32558 I art     : Starting a blocking GC Explicit
08-03 17:27:30.959 32547 32558 I art     : Explicit concurrent mark sweep GC freed 3(96B) AllocSpace objects, 0(0B) LOS objects, 7% free, 185MB/201MB, paused 1.669ms total 73.262ms
08-03 17:27:31.355 32547  1003 I art     : Starting a blocking GC Explicit
08-03 17:27:31.435 32547  1003 I art     : Explicit concurrent mark sweep GC freed 1552(89KB) AllocSpace objects, 2(48KB) LOS objects, 7% free, 185MB/201MB, paused 1.807ms total 78.390ms
08-03 17:27:31.459 32547  1003 I art     : Starting a blocking GC Explicit
08-03 17:27:31.527 32547  1003 I art     : Explicit concurrent mark sweep GC freed 26(944B) AllocSpace objects, 0(0B) LOS objects, 7% free, 185MB/201MB, paused 1.662ms total 68.125ms
08-03 17:27:31.548 32547  1003 I art     : Starting a blocking GC Explicit
08-03 17:27:31.566  2741  2741 D AndroidRuntime: >>>>>> START com.android.internal.os.RuntimeInit uid 2000 <<<<<<
08-03 17:27:31.572  2741  2741 D AndroidRuntime: CheckJNI is OFF
08-03 17:27:31.613 32547  1003 I art     : Explicit concurrent mark sweep GC freed 3(96B) AllocSpace objects, 0(0B) LOS objects, 7% free, 185MB/201MB, paused 1.655ms total 64.803ms
08-03 17:27:31.617  2741  2741 D ICU     : No timezone override file found: /data/misc/zoneinfo/current/icu/icu_tzdata.dat
08-03 17:27:31.633 32547  1003 I art     : Starting a blocking GC Explicit
08-03 17:27:31.664  2741  2741 I Radio-JNI: register_android_hardware_Radio DONE
08-03 17:27:31.670  1766  1766 I ServiceManager: Waiting for service AtCmdFwd...
08-03 17:27:31.694  2741  2741 D AndroidRuntime: Calling main entry com.android.commands.input.Input
08-03 17:27:31.697  2741  2741 I Input   : injectMotionEvent: MotionEvent { action=ACTION_DOWN, actionButton=0, id[0]=0, x[0]=747.0, y[0]=608.0, toolType[0]=TOOL_TYPE_UNKNOWN, buttonState=0, metaState=0, flags=0x0, edgeFlags=0x0, pointerCount=1, historySize=0, eventTime=638868109, downTime=638868109, deviceId=0, source=0x1002 }
08-03 17:27:31.700 32547  1003 I art     : Explicit concurrent mark sweep GC freed 3(96B) AllocSpace objects, 0(0B) LOS objects, 7% free, 185MB/201MB, paused 1.709ms total 66.523ms
08-03 17:27:31.704  2741  2741 I Input   : injectMotionEvent: MotionEvent { action=ACTION_UP, actionButton=0, id[0]=0, x[0]=747.0, y[0]=608.0, toolType[0]=TOOL_TYPE_UNKNOWN, buttonState=0, metaState=0, flags=0x0, edgeFlags=0x0, pointerCount=1, historySize=0, eventTime=638868109, downTime=638868109, deviceId=0, source=0x1002 }
08-03 17:27:31.707  2741  2741 D AndroidRuntime: Shutting down VM
08-03 17:27:31.707   918  6112 I ActivityManager: START u0 {cmp=baseline.io.github.project_travel_mate/.utilities.ChecklistActivity} from uid 10623 on display 0
08-03 17:27:31.709   512  2967 D audio_hw_primary: out_set_parameters: enter: usecase(1: low-latency-playback) kvpairs: routing=2
08-03 17:27:31.721 32547  1003 I art     : Starting a blocking GC Explicit
08-03 17:27:31.722   512  2967 D audio_hw_primary: select_devices: out_snd_device(2: speaker) in_snd_device(0: none)
08-03 17:27:31.722   512  2967 D msm8974_platform: platform_send_audio_calibration: sending audio calibration for snd_device(2) acdb_id(15)
08-03 17:27:31.722   512  2967 I soundtrigger: audio_extn_sound_trigger_update_device_status: device 0x2 of type 0 for Event 1
08-03 17:27:31.734   512  2967 D audio_hw_primary: enable_snd_device: snd_device(2: speaker)
08-03 17:27:31.736   512  2967 D audio_hw_primary: enable_audio_route: apply and update mixer path: low-latency-playback speaker
08-03 17:27:31.780 32547  1003 I art     : Explicit concurrent mark sweep GC freed 723(43KB) AllocSpace objects, 0(0B) LOS objects, 7% free, 185MB/201MB, paused 1.552ms total 59.221ms
08-03 17:27:31.917 13866 13866 I ShortcutsDataManager: ShortcutsDataManager.onContentChanged():89 onContentChanged()
08-03 17:27:32.179 32547 32558 I art     : Starting a blocking GC Explicit
08-03 17:27:32.247   918   936 I ActivityManager: Displayed baseline.io.github.project_travel_mate/.utilities.ChecklistActivity: +527ms
08-03 17:27:32.247 13866 13866 I GoogleInputMethodServic: GoogleInputMethodService.onFinishInput():3138 
08-03 17:27:32.248 13866 13866 I GoogleInputMethodServic: GoogleInputMethodService.onStartInput():1808 
08-03 17:27:32.249 13866 13866 I ShortcutsDataManager: AbstractContentDataManager.startImportContentTask():208 startImportContentTask()
08-03 17:27:32.250 13866 13938 I ShortcutsDataManager: AbstractContentDataManager$ImportContentTask.doInBackground():222 doInBackground()
08-03 17:27:32.251 13866 13938 I PersonalDictionaryDataH: PersonalDictionaryDataHandler.beginProcess():111 LanguageTags = [en-US]
08-03 17:27:32.260 13866 13938 I ShortcutsDataManager: AbstractContentDataManager.importRecords():312 importRecords() : Success : Count = 0
08-03 17:27:32.267 32547 32558 I art     : Explicit concurrent mark sweep GC freed 137646(5MB) AllocSpace objects, 2(48KB) LOS objects, 7% free, 186MB/202MB, paused 2.172ms total 87.022ms
08-03 17:27:32.267 13866 13938 I ShortcutsDataManager: AbstractContentDataManager.importContentData():262 importContentData() : Ending import process
08-03 17:27:32.271   512  2967 D audio_hw_primary: disable_audio_route: reset and update mixer path: low-latency-playback speaker
08-03 17:27:32.272   512  2967 D audio_hw_primary: disable_snd_device: snd_device(2: speaker)
08-03 17:27:32.284   512  2967 I soundtrigger: audio_extn_sound_trigger_update_device_status: device 0x2 of type 0 for Event 0
08-03 17:27:32.292 32547 32558 I art     : Starting a blocking GC Explicit
08-03 17:27:32.297 13866 13938 I PersonalLanguageModelUp: PersonalLanguageModelUpdater$UpdateOperation.performInternal():160 run() : Added 0 words and 0 shortcuts
08-03 17:27:32.297 13866 13938 I DynamicLanguageModelOpe: DynamicLanguageModelOperation.perform():37 perform() : 4 : coc : Completed
08-03 17:27:32.298 13866 13950 I Delight5Decoder: Delight5DecoderWrapper.loadLanguageModel():578 loadLanguageModel() : 4, version [n/a]
08-03 17:27:32.298 13866 13866 I ShortcutsDataManager: AbstractContentDataManager$ImportContentTask.onPostExecute():233 onPostExecute() : Result = [2,0]
08-03 17:27:32.298 13866 13866 I ShortcutsDataManager: ShortcutsDataManager.onImportFinished():99 onImportFinished() : Result = 2 : Count = 0
08-03 17:27:32.299 13866 13950 I Delight5Decoder: Delight5DecoderWrapper.loadLanguageModel():616 Loaded dynamic LM 4.en
08-03 17:27:32.353 32547 32558 I art     : Explicit concurrent mark sweep GC freed 3457(326KB) AllocSpace objects, 0(0B) LOS objects, 7% free, 186MB/202MB, paused 1.369ms total 61.208ms
08-03 17:27:32.374 32547 32558 I art     : Starting a blocking GC Explicit
08-03 17:27:32.441 32547 32558 I art     : Explicit concurrent mark sweep GC freed 93(8KB) AllocSpace objects, 0(0B) LOS objects, 7% free, 186MB/202MB, paused 1.432ms total 67.020ms
08-03 17:27:32.466 32547 32558 I art     : Starting a blocking GC Explicit
08-03 17:27:32.495   380   380 W SurfaceFlinger: couldn't log to binary event log: overflow.
08-03 17:27:32.540 32547 32558 I art     : Explicit concurrent mark sweep GC freed 179(7KB) AllocSpace objects, 0(0B) LOS objects, 7% free, 186MB/202MB, paused 1.365ms total 73.666ms
08-03 17:27:32.561 32547 32558 I art     : Starting a blocking GC Explicit
08-03 17:27:32.627 32547 32558 I art     : Explicit concurrent mark sweep GC freed 3(96B) AllocSpace objects, 0(0B) LOS objects, 7% free, 186MB/202MB, paused 1.401ms total 65.768ms
08-03 17:27:32.671  1766  1766 I ServiceManager: Waiting for service AtCmdFwd...
08-03 17:27:33.045 32547 32618 I art     : Starting a blocking GC Explicit
08-03 17:27:33.131 32547 32618 I art     : Explicit concurrent mark sweep GC freed 1679(94KB) AllocSpace objects, 2(48KB) LOS objects, 7% free, 186MB/202MB, paused 1.556ms total 86.118ms
08-03 17:27:33.154 32547 32618 I art     : Starting a blocking GC Explicit
08-03 17:27:33.226 32547 32618 I art     : Explicit concurrent mark sweep GC freed 40(1408B) AllocSpace objects, 0(0B) LOS objects, 7% free, 186MB/202MB, paused 1.494ms total 72.070ms
08-03 17:27:33.248 32547 32618 I art     : Starting a blocking GC Explicit
08-03 17:27:33.321 32547 32618 I art     : Explicit concurrent mark sweep GC freed 12(576B) AllocSpace objects, 0(0B) LOS objects, 7% free, 186MB/202MB, paused 1.435ms total 72.608ms
08-03 17:27:33.344 32547 32618 I art     : Starting a blocking GC Explicit
08-03 17:27:33.423 32547 32618 I art     : Explicit concurrent mark sweep GC freed 17(528B) AllocSpace objects, 0(0B) LOS objects, 7% free, 186MB/202MB, paused 1.656ms total 78.662ms
08-03 17:27:33.424 32547 32557 I art     : WaitForGcToComplete blocked for 45.915ms for cause HeapTrim
08-03 17:27:33.450 32547 32618 I art     : Starting a blocking GC Explicit
08-03 17:27:33.529 32547 32618 I art     : Explicit concurrent mark sweep GC freed 3(96B) AllocSpace objects, 0(0B) LOS objects, 7% free, 186MB/202MB, paused 1.475ms total 78.805ms
08-03 17:27:33.671  1766  1766 W Atfwd_Sendcmd: AtCmdFwd service not published, waiting... retryCnt : 4
08-03 17:27:33.977 32547  1003 I art     : Starting a blocking GC Explicit
08-03 17:27:34.075 32547  1003 I art     : Explicit concurrent mark sweep GC freed 1637(93KB) AllocSpace objects, 2(48KB) LOS objects, 7% free, 186MB/202MB, paused 1.602ms total 97.787ms
08-03 17:27:34.100 32547  1003 I art     : Starting a blocking GC Explicit
08-03 17:27:34.181 32547  1003 I art     : Explicit concurrent mark sweep GC freed 38(1568B) AllocSpace objects, 0(0B) LOS objects, 7% free, 186MB/202MB, paused 1.449ms total 80.735ms
08-03 17:27:34.204 32547  1003 I art     : Starting a blocking GC Explicit
08-03 17:27:34.279 32547  1003 I art     : Explicit concurrent mark sweep GC freed 3(96B) AllocSpace objects, 0(0B) LOS objects, 7% free, 186MB/202MB, paused 1.781ms total 75.226ms
08-03 17:27:34.305 32547  1003 I art     : Starting a blocking GC Explicit
08-03 17:27:34.386 32547  1003 I art     : Explicit concurrent mark sweep GC freed 3(96B) AllocSpace objects, 0(0B) LOS objects, 7% free, 186MB/202MB, paused 1.564ms total 80.797ms
08-03 17:27:34.412 32547  1003 I art     : Starting a blocking GC Explicit
08-03 17:27:34.490 32547  1003 I art     : Explicit concurrent mark sweep GC freed 3(96B) AllocSpace objects, 0(0B) LOS objects, 7% free, 186MB/202MB, paused 1.629ms total 78.269ms
08-03 17:27:34.934 32547 32558 I art     : Starting a blocking GC Explicit
08-03 17:27:35.029 32547 32558 I art     : Explicit concurrent mark sweep GC freed 1625(93KB) AllocSpace objects, 2(48KB) LOS objects, 7% free, 186MB/202MB, paused 1.687ms total 95.294ms
08-03 17:27:35.054 32547 32558 I art     : Starting a blocking GC Explicit
08-03 17:27:35.135 32547 32558 I art     : Explicit concurrent mark sweep GC freed 39(1648B) AllocSpace objects, 0(0B) LOS objects, 7% free, 186MB/202MB, paused 1.589ms total 80.699ms
08-03 17:27:35.162 32547 32558 I art     : Starting a blocking GC Explicit
08-03 17:27:35.247 32547 32558 I art     : Explicit concurrent mark sweep GC freed 14(672B) AllocSpace objects, 0(0B) LOS objects, 7% free, 186MB/202MB, paused 1.653ms total 84.662ms
08-03 17:27:35.273 32547 32558 I art     : Starting a blocking GC Explicit
08-03 17:27:35.356 32547 32558 I art     : Explicit concurrent mark sweep GC freed 3(96B) AllocSpace objects, 0(0B) LOS objects, 7% free, 186MB/202MB, paused 1.651ms total 82.434ms
08-03 17:27:35.382 32547 32558 I art     : Starting a blocking GC Explicit
08-03 17:27:35.458 32547 32558 I art     : Explicit concurrent mark sweep GC freed 3(96B) AllocSpace objects, 0(0B) LOS objects, 7% free, 186MB/202MB, paused 1.637ms total 76.120ms
08-03 17:27:35.914 32547 32560 I art     : Starting a blocking GC Explicit
08-03 17:27:35.994 32547 32560 I art     : Explicit concurrent mark sweep GC freed 1628(93KB) AllocSpace objects, 2(48KB) LOS objects, 7% free, 186MB/202MB, paused 1.484ms total 80.317ms
08-03 17:27:36.016 32547 32560 I art     : Starting a blocking GC Explicit
08-03 17:27:36.085 32547 32560 I art     : Explicit concurrent mark sweep GC freed 28(1024B) AllocSpace objects, 0(0B) LOS objects, 7% free, 186MB/202MB, paused 1.496ms total 68.846ms
08-03 17:27:36.107 32547 32560 I art     : Starting a blocking GC Explicit
08-03 17:27:36.182 32547 32560 I art     : Explicit concurrent mark sweep GC freed 3(96B) AllocSpace objects, 0(0B) LOS objects, 7% free, 186MB/202MB, paused 1.587ms total 74.613ms
08-03 17:27:36.205 32547 32560 I art     : Starting a blocking GC Explicit
08-03 17:27:36.280 32547 32560 I art     : Explicit concurrent mark sweep GC freed 3(96B) AllocSpace objects, 0(0B) LOS objects, 7% free, 186MB/202MB, paused 1.572ms total 75.269ms
08-03 17:27:36.302 32547 32560 I art     : Starting a blocking GC Explicit
08-03 17:27:36.380 32547 32560 I art     : Explicit concurrent mark sweep GC freed 3(96B) AllocSpace objects, 0(0B) LOS objects, 7% free, 186MB/202MB, paused 1.640ms total 77.413ms
08-03 17:27:36.524  2815  2815 D AndroidRuntime: >>>>>> START com.android.internal.os.RuntimeInit uid 2000 <<<<<<
08-03 17:27:36.532  2815  2815 D AndroidRuntime: CheckJNI is OFF
08-03 17:27:36.573  2815  2815 D ICU     : No timezone override file found: /data/misc/zoneinfo/current/icu/icu_tzdata.dat
08-03 17:27:36.614  2815  2815 I Radio-JNI: register_android_hardware_Radio DONE
08-03 17:27:36.643  2815  2815 D AndroidRuntime: Calling main entry com.android.commands.input.Input
08-03 17:27:36.645  2815  2815 I Input   : injectKeyEvent: KeyEvent { action=ACTION_DOWN, keyCode=KEYCODE_BACK, scanCode=0, metaState=0, flags=0x0, repeatCount=0, eventTime=638873057, downTime=638873057, deviceId=-1, source=0x101 }
08-03 17:27:36.650  2815  2815 I Input   : injectKeyEvent: KeyEvent { action=ACTION_UP, keyCode=KEYCODE_BACK, scanCode=0, metaState=0, flags=0x0, repeatCount=0, eventTime=638873057, downTime=638873057, deviceId=-1, source=0x101 }
08-03 17:27:36.657  2815  2815 D AndroidRuntime: Shutting down VM
08-03 17:27:36.666 32547 32547 V MainActivity: url = https://project-travel-mate.herokuapp.com/api/number-of-unread-notifications
08-03 17:27:36.695 13866 13866 I GoogleInputMethodServic: GoogleInputMethodService.onFinishInput():3138 
08-03 17:27:36.695 13866 13866 I GoogleInputMethodServic: GoogleInputMethodService.onStartInput():1808 
08-03 17:27:36.809 32547 32618 I art     : Starting a blocking GC Explicit
08-03 17:27:36.892 32547 32618 I art     : Explicit concurrent mark sweep GC freed 2142(116KB) AllocSpace objects, 2(48KB) LOS objects, 7% free, 186MB/202MB, paused 1.897ms total 82.141ms
08-03 17:27:36.918 32547 32618 I art     : Starting a blocking GC Explicit
08-03 17:27:36.983   380   380 W SurfaceFlinger: couldn't log to binary event log: overflow.
08-03 17:27:36.997 32547 32618 I art     : Explicit concurrent mark sweep GC freed 498(22KB) AllocSpace objects, 0(0B) LOS objects, 7% free, 186MB/202MB, paused 1.683ms total 78.693ms
08-03 17:27:37.019 32547 32618 I art     : Starting a blocking GC Explicit
08-03 17:27:37.087 32547 32618 I art     : Explicit concurrent mark sweep GC freed 90(3KB) AllocSpace objects, 0(0B) LOS objects, 7% free, 186MB/202MB, paused 1.696ms total 68.489ms
08-03 17:27:37.110 32547 32618 I art     : Starting a blocking GC Explicit
08-03 17:27:37.184 32547 32618 I art     : Explicit concurrent mark sweep GC freed 376(37KB) AllocSpace objects, 1(24KB) LOS objects, 7% free, 186MB/202MB, paused 1.741ms total 74.028ms
08-03 17:27:37.206 32547 32618 I art     : Starting a blocking GC Explicit
08-03 17:27:37.260 32547  2839 I NAPPA_EXPERIMENTATION: MetricNetworkRequestExecutionTime: REQUEST_DURATION_SYSTEM='593',REQUEST_DURATION_OKHTTP='39',REQUEST_SYNCHRONOUS='FALSE',RESPONSE_CODE='200',RESPONSE_METHOD='GET',RESPONSE_LENGTH_OKHTTP='36',RESPONSE_LENGTH_HEADER='36',REQUEST_PROTOCOL='http/1.1',REQUEST_URL='https://project-travel-mate.herokuapp.com/api/number-of-unread-notifications',
08-03 17:27:37.276 32547 32618 I art     : Explicit concurrent mark sweep GC freed 2654(141KB) AllocSpace objects, 3(200KB) LOS objects, 7% free, 186MB/202MB, paused 1.607ms total 69.263ms
08-03 17:27:37.710 32547  1003 I art     : Starting a blocking GC Explicit
08-03 17:27:37.794 32547  1003 I art     : Explicit concurrent mark sweep GC freed 2694(215KB) AllocSpace objects, 2(48KB) LOS objects, 7% free, 186MB/202MB, paused 1.853ms total 84.068ms
08-03 17:27:37.819 32547  1003 I art     : Starting a blocking GC Explicit
08-03 17:27:37.894 32547  1003 I art     : Explicit concurrent mark sweep GC freed 38(1376B) AllocSpace objects, 0(0B) LOS objects, 7% free, 186MB/202MB, paused 1.567ms total 74.209ms
08-03 17:27:37.916 32547  1003 I art     : Starting a blocking GC Explicit
08-03 17:27:37.986 32547  1003 I art     : Explicit concurrent mark sweep GC freed 3(96B) AllocSpace objects, 0(0B) LOS objects, 7% free, 186MB/202MB, paused 1.660ms total 69.663ms
08-03 17:27:38.008 32547  1003 I art     : Starting a blocking GC Explicit
08-03 17:27:38.080 32547  1003 I art     : Explicit concurrent mark sweep GC freed 9(496B) AllocSpace objects, 0(0B) LOS objects, 7% free, 186MB/202MB, paused 1.681ms total 71.653ms
08-03 17:27:38.102 32547  1003 I art     : Starting a blocking GC Explicit
08-03 17:27:38.174 32547  1003 I art     : Explicit concurrent mark sweep GC freed 15(672B) AllocSpace objects, 0(0B) LOS objects, 7% free, 186MB/202MB, paused 1.663ms total 72.229ms
08-03 17:27:38.423  2851  2851 D AndroidRuntime: >>>>>> START com.android.internal.os.RuntimeInit uid 2000 <<<<<<
08-03 17:27:38.429  2851  2851 D AndroidRuntime: CheckJNI is OFF
08-03 17:27:38.474  2851  2851 D ICU     : No timezone override file found: /data/misc/zoneinfo/current/icu/icu_tzdata.dat
08-03 17:27:38.516  2851  2851 I Radio-JNI: register_android_hardware_Radio DONE
08-03 17:27:38.545  2851  2851 D AndroidRuntime: Calling main entry com.android.commands.input.Input
08-03 17:27:38.548  2851  2851 I Input   : injectMotionEvent: MotionEvent { action=ACTION_DOWN, actionButton=0, id[0]=0, x[0]=657.0, y[0]=2037.0, toolType[0]=TOOL_TYPE_UNKNOWN, buttonState=0, metaState=0, flags=0x0, edgeFlags=0x0, pointerCount=1, historySize=0, eventTime=638874960, downTime=638874960, deviceId=0, source=0x1002 }
08-03 17:27:38.556  2851  2851 I Input   : injectMotionEvent: MotionEvent { action=ACTION_UP, actionButton=0, id[0]=0, x[0]=657.0, y[0]=2037.0, toolType[0]=TOOL_TYPE_UNKNOWN, buttonState=0, metaState=0, flags=0x0, edgeFlags=0x0, pointerCount=1, historySize=0, eventTime=638874960, downTime=638874960, deviceId=0, source=0x1002 }
08-03 17:27:38.559  2851  2851 D AndroidRuntime: Shutting down VM
08-03 17:27:38.559   918  6110 I ActivityManager: START u0 {cmp=baseline.io.github.project_travel_mate/.utilities.CompassActivity} from uid 10623 on display 0
08-03 17:27:38.562   512  2967 D audio_hw_primary: out_set_parameters: enter: usecase(1: low-latency-playback) kvpairs: routing=2
08-03 17:27:38.576   512  2967 D audio_hw_primary: select_devices: out_snd_device(2: speaker) in_snd_device(0: none)
08-03 17:27:38.577   512  2967 D msm8974_platform: platform_send_audio_calibration: sending audio calibration for snd_device(2) acdb_id(15)
08-03 17:27:38.577   512  2967 I soundtrigger: audio_extn_sound_trigger_update_device_status: device 0x2 of type 0 for Event 1
08-03 17:27:38.592   512  2967 D audio_hw_primary: enable_snd_device: snd_device(2: speaker)
08-03 17:27:38.595   512  2967 D audio_hw_primary: enable_audio_route: apply and update mixer path: low-latency-playback speaker
08-03 17:27:38.602 32547 32558 I art     : Starting a blocking GC Explicit
08-03 17:27:38.670 32547 32558 I art     : Explicit concurrent mark sweep GC freed 1942(126KB) AllocSpace objects, 2(48KB) LOS objects, 6% free, 235MB/251MB, paused 1.657ms total 67.474ms
08-03 17:27:38.692 32547 32558 I art     : Starting a blocking GC Explicit
08-03 17:27:38.762 32547 32558 I art     : Explicit concurrent mark sweep GC freed 188(11KB) AllocSpace objects, 0(0B) LOS objects, 6% free, 235MB/251MB, paused 1.785ms total 69.922ms
08-03 17:27:38.784 32547 32558 I art     : Starting a blocking GC Explicit
08-03 17:27:38.853 32547 32558 I art     : Explicit concurrent mark sweep GC freed 42(1136B) AllocSpace objects, 0(0B) LOS objects, 6% free, 235MB/251MB, paused 1.691ms total 68.924ms
08-03 17:27:38.876 32547 32558 I art     : Starting a blocking GC Explicit
08-03 17:27:38.945 32547 32558 I art     : Explicit concurrent mark sweep GC freed 3(96B) AllocSpace objects, 0(0B) LOS objects, 6% free, 235MB/251MB, paused 1.811ms total 68.655ms
08-03 17:27:38.967 32547 32558 I art     : Starting a blocking GC Explicit
08-03 17:27:39.036 32547 32558 I art     : Explicit concurrent mark sweep GC freed 3(96B) AllocSpace objects, 0(0B) LOS objects, 6% free, 235MB/251MB, paused 1.700ms total 69.281ms
08-03 17:27:39.119 32547 32547 D CompassActivity: start compass
08-03 17:27:39.120   918  3961 I sensors : batch
08-03 17:27:39.121   918  3961 I sensors : activate
08-03 17:27:39.121   918  3714 I sensors : batch
08-03 17:27:39.121   918  3714 I sensors : activate
08-03 17:27:39.125 32547 32547 I Choreographer: Skipped 32 frames!  The application may be doing too much work on its main thread.
08-03 17:27:39.127   918  3188 I hubconnection: sensorhub said: 'batch 1 flags:0, sampling_rate_Hz:50.00, max_report_latency_us:0'
08-03 17:27:39.129   918  3188 I hubconnection: sensorhub said: 'activate 1 enable:1'
08-03 17:27:39.130   918  3188 I hubconnection: sensorhub said: 'batch 3 flags:0, sampling_rate_Hz:50.00, max_report_latency_us:0'
08-03 17:27:39.131   918  3188 I hubconnection: sensorhub said: 'activate 3 enable:1'
08-03 17:27:39.141   512  2967 D audio_hw_primary: disable_audio_route: reset and update mixer path: low-latency-playback speaker
08-03 17:27:39.142   512  2967 D audio_hw_primary: disable_snd_device: snd_device(2: speaker)
08-03 17:27:39.150   512  2967 I soundtrigger: audio_extn_sound_trigger_update_device_status: device 0x2 of type 0 for Event 0
08-03 17:27:39.181 13866 13866 I GoogleInputMethodServic: GoogleInputMethodService.onFinishInput():3138 
08-03 17:27:39.182 13866 13866 I GoogleInputMethodServic: GoogleInputMethodService.onStartInput():1808 
08-03 17:27:39.301 32547 32547 D CompassActivity: will set rotation from 0.0 to 179.95868
08-03 17:27:39.301 32547 32547 D CompassActivity: will set rotation from 179.95868 to 179.95044
08-03 17:27:39.301 32547 32547 D CompassActivity: will set rotation from 179.95044 to 179.44586
08-03 17:27:39.302 32547 32547 D CompassActivity: will set rotation from 179.44586 to 179.45581
08-03 17:27:39.308   918   936 I ActivityManager: Displayed baseline.io.github.project_travel_mate/.utilities.CompassActivity: +735ms
08-03 17:27:39.392 32547 32547 D CompassActivity: will set rotation from 179.45581 to 179.4696
08-03 17:27:39.392 32547 32547 D CompassActivity: will set rotation from 179.4696 to 179.46533
08-03 17:27:39.392 32547 32547 D CompassActivity: will set rotation from 179.46533 to 179.60046
08-03 17:27:39.392 32547 32547 D CompassActivity: will set rotation from 179.60046 to 179.59589
08-03 17:27:39.392 32547 32547 D CompassActivity: will set rotation from 179.59589 to 179.56085
08-03 17:27:39.392 32547 32547 D CompassActivity: will set rotation from 179.56085 to 179.55835
08-03 17:27:39.393 32547 32547 D CompassActivity: will set rotation from 179.55835 to 179.62769
08-03 17:27:39.393 32547 32547 D CompassActivity: will set rotation from 179.62769 to 179.62048
08-03 17:27:39.454 32547  1003 I art     : Starting a blocking GC Explicit
08-03 17:27:39.488 32547 32547 D CompassActivity: will set rotation from 179.62048 to 179.51526
08-03 17:27:39.488 32547 32547 D CompassActivity: will set rotation from 179.51526 to 179.51501
08-03 17:27:39.488 32547 32547 D CompassActivity: will set rotation from 179.51501 to 179.5589
08-03 17:27:39.489 32547 32547 D CompassActivity: will set rotation from 179.5589 to 179.55804
08-03 17:27:39.489 32547 32547 D CompassActivity: will set rotation from 179.55804 to 179.60138
08-03 17:27:39.489 32547 32547 D CompassActivity: will set rotation from 179.60138 to 179.60486
08-03 17:27:39.489 32547 32547 D CompassActivity: will set rotation from 179.60486 to 179.7622
08-03 17:27:39.489 32547 32547 D CompassActivity: will set rotation from 179.7622 to 179.7627
08-03 17:27:39.489 32547 32547 D CompassActivity: will set rotation from 179.7627 to 179.77594
08-03 17:27:39.489 32547 32547 D CompassActivity: will set rotation from 179.77594 to 179.78052
08-03 17:27:39.519 32547 32547 D CompassActivity: will set rotation from 179.78052 to 179.78625
08-03 17:27:39.519 32547 32547 D CompassActivity: will set rotation from 179.78625 to 179.78796
08-03 17:27:39.520 32547 32547 D CompassActivity: will set rotation from 179.78796 to 179.8504
08-03 17:27:39.520 32547 32547 D CompassActivity: will set rotation from 179.8504 to 179.85156
08-03 17:27:39.520 32547  1003 I art     : Explicit concurrent mark sweep GC freed 1968(113KB) AllocSpace objects, 2(48KB) LOS objects, 6% free, 238MB/254MB, paused 1.607ms total 65.839ms
08-03 17:27:39.533 32547 32547 D CompassActivity: will set rotation from 179.85156 to 179.90265
08-03 17:27:39.533 32547 32547 D CompassActivity: will set rotation from 179.90265 to 179.90393
08-03 17:27:39.541 32547  1003 I art     : Starting a blocking GC Explicit
08-03 17:27:39.552   380   380 W SurfaceFlinger: couldn't log to binary event log: overflow.
08-03 17:27:39.553 32547 32547 D CompassActivity: will set rotation from 179.90393 to 179.948
08-03 17:27:39.553 32547 32547 D CompassActivity: will set rotation from 179.948 to 179.94763
08-03 17:27:39.572 32547 32547 D CompassActivity: will set rotation from 179.94763 to 179.94586
08-03 17:27:39.573 32547 32547 D CompassActivity: will set rotation from 179.94586 to 179.94586
08-03 17:27:39.592 32547 32547 D CompassActivity: will set rotation from 179.94586 to 179.95007
08-03 17:27:39.593 32547 32547 D CompassActivity: will set rotation from 179.95007 to 179.94922
08-03 17:27:39.601 32547  1003 I art     : Explicit concurrent mark sweep GC freed 425(19KB) AllocSpace objects, 0(0B) LOS objects, 6% free, 238MB/254MB, paused 1.541ms total 60.030ms
08-03 17:27:39.612 32547 32547 D CompassActivity: will set rotation from 179.94922 to 180.02507
08-03 17:27:39.613 32547 32547 D CompassActivity: will set rotation from 180.02507 to 180.02559
08-03 17:27:39.622 32547  1003 I art     : Starting a blocking GC Explicit
08-03 17:27:39.633 32547 32547 D CompassActivity: will set rotation from 180.02559 to 180.02563
08-03 17:27:39.633 32547 32547 D CompassActivity: will set rotation from 180.02563 to 180.02501
08-03 17:27:39.652 32547 32547 D CompassActivity: will set rotation from 180.02501 to 180.02351
08-03 17:27:39.653 32547 32547 D CompassActivity: will set rotation from 180.02351 to 180.02713
08-03 17:27:39.689 32547  1003 I art     : Explicit concurrent mark sweep GC freed 199(9KB) AllocSpace objects, 0(0B) LOS objects, 6% free, 238MB/254MB, paused 1.518ms total 66.893ms
08-03 17:27:39.712 32547  1003 I art     : Starting a blocking GC Explicit
08-03 17:27:39.766 32547 32547 D CompassActivity: will set rotation from 180.02713 to 180.05872
08-03 17:27:39.766 32547 32547 D CompassActivity: will set rotation from 180.05872 to 180.06198
08-03 17:27:39.767 32547 32547 D CompassActivity: will set rotation from 180.06198 to 180.0554
08-03 17:27:39.767 32547 32547 D CompassActivity: will set rotation from 180.0554 to 180.05371
08-03 17:27:39.767 32547 32547 D CompassActivity: will set rotation from 180.05371 to 180.04933
08-03 17:27:39.767 32547 32547 D CompassActivity: will set rotation from 180.04933 to 180.0494
08-03 17:27:39.767 32547 32547 D CompassActivity: will set rotation from 180.0494 to 180.07845
08-03 17:27:39.767 32547 32547 D CompassActivity: will set rotation from 180.07845 to 180.07846
08-03 17:27:39.767 32547 32547 D CompassActivity: will set rotation from 180.07846 to 180.09773
08-03 17:27:39.767 32547 32547 D CompassActivity: will set rotation from 180.09773 to 180.09627
08-03 17:27:39.776 32547  1003 I art     : Explicit concurrent mark sweep GC freed 266(12KB) AllocSpace objects, 0(0B) LOS objects, 6% free, 238MB/254MB, paused 1.687ms total 63.083ms
08-03 17:27:39.776 32547 32547 D CompassActivity: will set rotation from 180.09627 to 180.03195
08-03 17:27:39.776 32547 32547 D CompassActivity: will set rotation from 180.03195 to 180.03256
08-03 17:27:39.792 32547 32547 D CompassActivity: will set rotation from 180.03256 to 180.03096
08-03 17:27:39.792 32547 32547 D CompassActivity: will set rotation from 180.03096 to 180.02925
08-03 17:27:39.797 32547  1003 I art     : Starting a blocking GC Explicit
08-03 17:27:39.812 32547 32547 D CompassActivity: will set rotation from 180.02925 to 179.9726
08-03 17:27:39.812 32547 32547 D CompassActivity: will set rotation from 179.9726 to 179.97095
08-03 17:27:39.832 32547 32547 D CompassActivity: will set rotation from 179.97095 to 179.99518
08-03 17:27:39.832 32547 32547 D CompassActivity: will set rotation from 179.99518 to 179.9953
08-03 17:27:39.853 32547 32547 D CompassActivity: will set rotation from 179.9953 to 179.99292
08-03 17:27:39.853 32547 32547 D CompassActivity: will set rotation from 179.99292 to 179.98962
08-03 17:27:39.861 32547  1003 I art     : Explicit concurrent mark sweep GC freed 242(11KB) AllocSpace objects, 0(0B) LOS objects, 6% free, 238MB/254MB, paused 1.480ms total 63.974ms
08-03 17:27:39.873 32547 32547 D CompassActivity: will set rotation from 179.98962 to 179.98608
08-03 17:27:39.873 32547 32547 D CompassActivity: will set rotation from 179.98608 to 179.9856
08-03 17:27:39.892 32547 32547 D CompassActivity: will set rotation from 179.9856 to 180.03493
08-03 17:27:39.892 32547 32547 D CompassActivity: will set rotation from 180.03493 to 180.03574
08-03 17:27:39.911 32547 32547 D CompassActivity: will set rotation from 180.03574 to 180.0093
08-03 17:27:39.912 32547 32547 D CompassActivity: will set rotation from 180.0093 to 180.00888
08-03 17:27:39.932 32547 32547 D CompassActivity: will set rotation from 180.00888 to 180.03258
08-03 17:27:39.932 32547 32547 D CompassActivity: will set rotation from 180.03258 to 180.03249
08-03 17:27:39.952 32547 32547 D CompassActivity: will set rotation from 180.03249 to 180.08562
08-03 17:27:39.952 32547 32547 D CompassActivity: will set rotation from 180.08562 to 180.08556
08-03 17:27:39.973 32547 32547 D CompassActivity: will set rotation from 180.08556 to 180.10518
08-03 17:27:39.973 32547 32547 D CompassActivity: will set rotation from 180.10518 to 180.10394
08-03 17:27:39.991 32547 32547 D CompassActivity: will set rotation from 180.10394 to 180.12337
08-03 17:27:39.992 32547 32547 D CompassActivity: will set rotation from 180.12337 to 180.12534
08-03 17:27:40.012 32547 32547 D CompassActivity: will set rotation from 180.12534 to 180.16527
08-03 17:27:40.012 32547 32547 D CompassActivity: will set rotation from 180.16527 to 180.16354
08-03 17:27:40.031 32547 32547 D CompassActivity: will set rotation from 180.16354 to 180.18106
08-03 17:27:40.031 32547 32547 D CompassActivity: will set rotation from 180.18106 to 180.18143
08-03 17:27:40.051 32547 32547 D CompassActivity: will set rotation from 180.18143 to 180.22
08-03 17:27:40.052 32547 32547 D CompassActivity: will set rotation from 180.22 to 180.21738
08-03 17:27:40.075 32547 32547 D CompassActivity: will set rotation from 180.21738 to 180.20712
08-03 17:27:40.075 32547 32547 D CompassActivity: will set rotation from 180.20712 to 180.20648
08-03 17:27:40.091 32547 32547 D CompassActivity: will set rotation from 180.20648 to 180.19447
08-03 17:27:40.092 32547 32547 D CompassActivity: will set rotation from 180.19447 to 180.19305
08-03 17:27:40.112 32547 32547 D CompassActivity: will set rotation from 180.19305 to 180.25345
08-03 17:27:40.112 32547 32547 D CompassActivity: will set rotation from 180.25345 to 180.25346
08-03 17:27:40.131 32547 32547 D CompassActivity: will set rotation from 180.25346 to 180.2873
08-03 17:27:40.132 32547 32547 D CompassActivity: will set rotation from 180.2873 to 180.28821
08-03 17:27:40.151 32547 32547 D CompassActivity: will set rotation from 180.28821 to 180.27222
08-03 17:27:40.151 32547 32547 D CompassActivity: will set rotation from 180.27222 to 180.27347
08-03 17:27:40.172 32547 32547 D CompassActivity: will set rotation from 180.27347 to 180.30377
08-03 17:27:40.173 32547 32547 D CompassActivity: will set rotation from 180.30377 to 180.30496
08-03 17:27:40.193 32547 32547 D CompassActivity: will set rotation from 180.30496 to 180.28743
08-03 17:27:40.193 32547 32547 D CompassActivity: will set rotation from 180.28743 to 180.28712
08-03 17:27:40.210 32547 32547 D CompassActivity: will set rotation from 180.28712 to 180.31538
08-03 17:27:40.210 32547 32547 D CompassActivity: will set rotation from 180.31538 to 180.31439
08-03 17:27:40.230 32547 32547 D CompassActivity: will set rotation from 180.31439 to 180.32108
08-03 17:27:40.230 32547 32547 D CompassActivity: will set rotation from 180.32108 to 180.32013
08-03 17:27:40.250 32547 32547 D CompassActivity: will set rotation from 180.32013 to 180.3086
08-03 17:27:40.251 32547 32547 D CompassActivity: will set rotation from 180.3086 to 180.30807
08-03 17:27:40.272 32547 32547 D CompassActivity: will set rotation from 180.30807 to 180.33589
08-03 17:27:40.273 32547 32547 D CompassActivity: will set rotation from 180.33589 to 180.33739
08-03 17:27:40.292 32547 32547 D CompassActivity: will set rotation from 180.33739 to 180.34114
08-03 17:27:40.292 32547 32547 D CompassActivity: will set rotation from 180.34114 to 180.3413
08-03 17:27:40.300 32547  1003 I art     : Starting a blocking GC Explicit
08-03 17:27:40.310 32547 32547 D CompassActivity: will set rotation from 180.3413 to 180.34676
08-03 17:27:40.311 32547 32547 D CompassActivity: will set rotation from 180.34676 to 180.34683
08-03 17:27:40.331 32547 32547 D CompassActivity: will set rotation from 180.34683 to 180.2954
08-03 17:27:40.331 32547 32547 D CompassActivity: will set rotation from 180.2954 to 180.2962
08-03 17:27:40.350 32547 32547 D CompassActivity: will set rotation from 180.2962 to 180.32457
08-03 17:27:40.351 32547 32547 D CompassActivity: will set rotation from 180.32457 to 180.32457
08-03 17:27:40.375 32547 32547 D CompassActivity: will set rotation from 180.32457 to 180.3289
08-03 17:27:40.376 32547 32547 D CompassActivity: will set rotation from 180.3289 to 180.32788
08-03 17:27:40.390 32547  1003 I art     : Explicit concurrent mark sweep GC freed 2096(124KB) AllocSpace objects, 2(48KB) LOS objects, 6% free, 238MB/254MB, paused 1.980ms total 89.468ms
08-03 17:27:40.394 32547 32547 D CompassActivity: will set rotation from 180.32788 to 180.33258
08-03 17:27:40.394 32547 32547 D CompassActivity: will set rotation from 180.33258 to 180.33202
08-03 17:27:40.414 32547 32547 D CompassActivity: will set rotation from 180.33202 to 180.33672
08-03 17:27:40.415 32547 32547 D CompassActivity: will set rotation from 180.33672 to 180.33504
08-03 17:27:40.416 32547  1003 I art     : Starting a blocking GC Explicit
08-03 17:27:40.430 32547 32547 D CompassActivity: will set rotation from 180.33504 to 180.31892
08-03 17:27:40.431 32547 32547 D CompassActivity: will set rotation from 180.31892 to 180.32011
08-03 17:27:40.450 32547 32547 D CompassActivity: will set rotation from 180.32011 to 180.34741
08-03 17:27:40.451 32547 32547 D CompassActivity: will set rotation from 180.34741 to 180.3486
08-03 17:27:40.470 32547 32547 D CompassActivity: will set rotation from 180.3486 to 180.31377
08-03 17:27:40.471 32547 32547 D CompassActivity: will set rotation from 180.31377 to 180.31221
08-03 17:27:40.491 32547 32547 D CompassActivity: will set rotation from 180.31221 to 180.31737
08-03 17:27:40.492 32547 32547 D CompassActivity: will set rotation from 180.31737 to 180.31682
08-03 17:27:40.507 32547  1003 I art     : Explicit concurrent mark sweep GC freed 866(35KB) AllocSpace objects, 0(0B) LOS objects, 6% free, 238MB/254MB, paused 1.875ms total 90.506ms
08-03 17:27:40.511 32547 32547 D CompassActivity: will set rotation from 180.31682 to 180.32008
08-03 17:27:40.512 32547 32547 D CompassActivity: will set rotation from 180.32008 to 180.32097
08-03 17:27:40.530 32547 32547 D CompassActivity: will set rotation from 180.32097 to 180.30946
08-03 17:27:40.531 32547 32547 D CompassActivity: will set rotation from 180.30946 to 180.30867
08-03 17:27:40.533 32547  1003 I art     : Starting a blocking GC Explicit
08-03 17:27:40.549 32547 32547 D CompassActivity: will set rotation from 180.30867 to 180.31572
08-03 17:27:40.550 32547 32547 D CompassActivity: will set rotation from 180.31572 to 180.31778
08-03 17:27:40.569 32547 32547 D CompassActivity: will set rotation from 180.31778 to 180.30199
08-03 17:27:40.570 32547 32547 D CompassActivity: will set rotation from 180.30199 to 180.3029
08-03 17:27:40.591 32547 32547 D CompassActivity: will set rotation from 180.3029 to 180.30937
08-03 17:27:40.591 32547 32547 D CompassActivity: will set rotation from 180.30937 to 180.31003
08-03 17:27:40.608 32547  1003 I art     : Explicit concurrent mark sweep GC freed 247(11KB) AllocSpace objects, 0(0B) LOS objects, 6% free, 238MB/254MB, paused 1.982ms total 74.635ms
08-03 17:27:40.610 32547 32547 D CompassActivity: will set rotation from 180.31003 to 180.31892
08-03 17:27:40.610 32547 32547 D CompassActivity: will set rotation from 180.31892 to 180.31956
08-03 17:27:40.631 32547 32547 D CompassActivity: will set rotation from 180.31956 to 180.28874
08-03 17:27:40.631 32547 32547 D CompassActivity: will set rotation from 180.28874 to 180.28842
08-03 17:27:40.632 32547  1003 I art     : Starting a blocking GC Explicit
08-03 17:27:40.650 32547 32547 D CompassActivity: will set rotation from 180.28842 to 180.27586
08-03 17:27:40.650 32547 32547 D CompassActivity: will set rotation from 180.27586 to 180.27493
08-03 17:27:40.669 32547 32547 D CompassActivity: will set rotation from 180.27493 to 180.30074
08-03 17:27:40.669 32547 32547 D CompassActivity: will set rotation from 180.30074 to 180.29848
08-03 17:27:40.691 32547 32547 D CompassActivity: will set rotation from 180.29848 to 180.30304
08-03 17:27:40.691 32547 32547 D CompassActivity: will set rotation from 180.30304 to 180.3027
08-03 17:27:40.705 32547  1003 I art     : Explicit concurrent mark sweep GC freed 218(10KB) AllocSpace objects, 0(0B) LOS objects, 6% free, 238MB/254MB, paused 1.740ms total 72.293ms
08-03 17:27:40.711 32547 32547 D CompassActivity: will set rotation from 180.3027 to 180.30876
08-03 17:27:40.712 32547 32547 D CompassActivity: will set rotation from 180.30876 to 180.30978
08-03 17:27:40.728 32547  1003 I art     : Starting a blocking GC Explicit
08-03 17:27:40.730 32547 32547 D CompassActivity: will set rotation from 180.30978 to 180.31328
08-03 17:27:40.731 32547 32547 D CompassActivity: will set rotation from 180.31328 to 180.31342
08-03 17:27:40.749 32547 32547 D CompassActivity: will set rotation from 180.31342 to 180.31921
08-03 17:27:40.749 32547 32547 D CompassActivity: will set rotation from 180.31921 to 180.31996
08-03 17:27:40.769 32547 32547 D CompassActivity: will set rotation from 180.31996 to 180.29256
08-03 17:27:40.769 32547 32547 D CompassActivity: will set rotation from 180.29256 to 180.29167
08-03 17:27:40.792 32547 32547 D CompassActivity: will set rotation from 180.29167 to 180.31827
08-03 17:27:40.792 32547 32547 D CompassActivity: will set rotation from 180.31827 to 180.31744
08-03 17:27:40.808 32547  1003 I art     : Explicit concurrent mark sweep GC freed 257(11KB) AllocSpace objects, 0(0B) LOS objects, 6% free, 238MB/254MB, paused 2.011ms total 79.759ms
08-03 17:27:40.811 32547 32547 D CompassActivity: will set rotation from 180.31744 to 180.28946
08-03 17:27:40.812 32547 32547 D CompassActivity: will set rotation from 180.28946 to 180.28993
08-03 17:27:40.830 32547 32547 D CompassActivity: will set rotation from 180.28993 to 180.27896
08-03 17:27:40.830 32547 32547 D CompassActivity: will set rotation from 180.27896 to 180.27872
08-03 17:27:40.848 32547 32547 D CompassActivity: will set rotation from 180.27872 to 180.26595
08-03 17:27:40.848 32547 32547 D CompassActivity: will set rotation from 180.26595 to 180.26474
08-03 17:27:40.867 32547 32547 D CompassActivity: will set rotation from 180.26474 to 180.27042
08-03 17:27:40.868 32547 32547 D CompassActivity: will set rotation from 180.27042 to 180.26874
08-03 17:27:40.889 32547 32547 D CompassActivity: will set rotation from 180.26874 to 180.27231
08-03 17:27:40.889 32547 32547 D CompassActivity: will set rotation from 180.27231 to 180.2716
08-03 17:27:40.908 32547 32547 D CompassActivity: will set rotation from 180.2716 to 180.2776
08-03 17:27:40.908 32547 32547 D CompassActivity: will set rotation from 180.2776 to 180.27815
08-03 17:27:40.927 32547 32547 D CompassActivity: will set rotation from 180.27815 to 180.26535
08-03 17:27:40.927 32547 32547 D CompassActivity: will set rotation from 180.26535 to 180.26617
08-03 17:27:40.947 32547 32547 D CompassActivity: will set rotation from 180.26617 to 180.27324
08-03 17:27:40.948 32547 32547 D CompassActivity: will set rotation from 180.27324 to 180.2731
08-03 17:27:40.967 32547 32547 D CompassActivity: will set rotation from 180.2731 to 180.26205
08-03 17:27:40.968 32547 32547 D CompassActivity: will set rotation from 180.26205 to 180.26196
08-03 17:27:40.991 32547 32547 D CompassActivity: will set rotation from 180.26196 to 180.23381
08-03 17:27:40.992 32547 32547 D CompassActivity: will set rotation from 180.23381 to 180.2352
08-03 17:27:41.010 32547 32547 D CompassActivity: will set rotation from 180.2352 to 180.24338
08-03 17:27:41.010 32547 32547 D CompassActivity: will set rotation from 180.24338 to 180.24416
08-03 17:27:41.032 32547 32547 D CompassActivity: will set rotation from 180.24416 to 180.2678
08-03 17:27:41.033 32547 32547 D CompassActivity: will set rotation from 180.2678 to 180.2677
08-03 17:27:41.047 32547 32547 D CompassActivity: will set rotation from 180.2677 to 180.27211
08-03 17:27:41.048 32547 32547 D CompassActivity: will set rotation from 180.27211 to 180.27315
08-03 17:27:41.067 32547 32547 D CompassActivity: will set rotation from 180.27315 to 180.29756
08-03 17:27:41.068 32547 32547 D CompassActivity: will set rotation from 180.29756 to 180.29706
08-03 17:27:41.086 32547 32547 D CompassActivity: will set rotation from 180.29706 to 180.30392
08-03 17:27:41.087 32547 32547 D CompassActivity: will set rotation from 180.30392 to 180.30429
08-03 17:27:41.106 32547 32547 D CompassActivity: will set rotation from 180.30429 to 180.29034
08-03 17:27:41.107 32547 32547 D CompassActivity: will set rotation from 180.29034 to 180.29079
08-03 17:27:41.126 32547 32547 D CompassActivity: will set rotation from 180.29079 to 180.24588
08-03 17:27:41.126 32547 32547 D CompassActivity: will set rotation from 180.24588 to 180.24599
08-03 17:27:41.146 32547 32547 D CompassActivity: will set rotation from 180.24599 to 180.25218
08-03 17:27:41.146 32547 32547 D CompassActivity: will set rotation from 180.25218 to 180.25412
08-03 17:27:41.166 32547 32547 D CompassActivity: will set rotation from 180.25412 to 180.22781
08-03 17:27:41.167 32547 32547 D CompassActivity: will set rotation from 180.22781 to 180.22784
08-03 17:27:41.186 32547 32547 D CompassActivity: will set rotation from 180.22784 to 180.20065
08-03 17:27:41.186 32547 32547 D CompassActivity: will set rotation from 180.20065 to 180.20183
08-03 17:27:41.206 32547 32547 D CompassActivity: will set rotation from 180.20183 to 180.19028
08-03 17:27:41.207 32547 32547 D CompassActivity: will set rotation from 180.19028 to 180.19023
08-03 17:27:41.224 32547 32618 I art     : Starting a blocking GC Explicit
08-03 17:27:41.227 32547 32547 D CompassActivity: will set rotation from 180.19023 to 180.18245
08-03 17:27:41.227 32547 32547 D CompassActivity: will set rotation from 180.18245 to 180.1809
08-03 17:27:41.246 32547 32547 D CompassActivity: will set rotation from 180.1809 to 180.17265
08-03 17:27:41.247 32547 32547 D CompassActivity: will set rotation from 180.17265 to 180.17204
08-03 17:27:41.267 32547 32547 D CompassActivity: will set rotation from 180.17204 to 180.20085
08-03 17:27:41.267 32547 32547 D CompassActivity: will set rotation from 180.20085 to 180.19978
08-03 17:27:41.286 32547 32547 D CompassActivity: will set rotation from 180.19978 to 180.1923
08-03 17:27:41.287 32547 32547 D CompassActivity: will set rotation from 180.1923 to 180.19232
08-03 17:27:41.300 32547 32618 I art     : Explicit concurrent mark sweep GC freed 2096(124KB) AllocSpace objects, 2(48KB) LOS objects, 6% free, 238MB/254MB, paused 1.719ms total 76.145ms
08-03 17:27:41.308 32547 32547 D CompassActivity: will set rotation from 180.19232 to 180.18436
08-03 17:27:41.309 32547 32547 D CompassActivity: will set rotation from 180.18436 to 180.18475
08-03 17:27:41.322 32547 32618 I art     : Starting a blocking GC Explicit
08-03 17:27:41.327 32547 32547 D CompassActivity: will set rotation from 180.18475 to 180.21053
08-03 17:27:41.327 32547 32547 D CompassActivity: will set rotation from 180.21053 to 180.20992
08-03 17:27:41.346 32547 32547 D CompassActivity: will set rotation from 180.20992 to 180.21767
08-03 17:27:41.347 32547 32547 D CompassActivity: will set rotation from 180.21767 to 180.21867
08-03 17:27:41.359  2894  2894 D AndroidRuntime: >>>>>> START com.android.internal.os.RuntimeInit uid 2000 <<<<<<
08-03 17:27:41.364  2894  2894 D AndroidRuntime: CheckJNI is OFF
08-03 17:27:41.366 32547 32547 D CompassActivity: will set rotation from 180.21867 to 180.24336
08-03 17:27:41.367 32547 32547 D CompassActivity: will set rotation from 180.24336 to 180.24525
08-03 17:27:41.386 32547 32547 D CompassActivity: will set rotation from 180.24525 to 180.25375
08-03 17:27:41.387 32547 32547 D CompassActivity: will set rotation from 180.25375 to 180.25552
08-03 17:27:41.394 32547 32618 I art     : Explicit concurrent mark sweep GC freed 849(34KB) AllocSpace objects, 0(0B) LOS objects, 6% free, 238MB/254MB, paused 1.550ms total 71.854ms
08-03 17:27:41.408 32547 32547 D CompassActivity: will set rotation from 180.25552 to 180.25961
08-03 17:27:41.408 32547 32547 D CompassActivity: will set rotation from 180.25961 to 180.25806
08-03 17:27:41.411  2894  2894 D ICU     : No timezone override file found: /data/misc/zoneinfo/current/icu/icu_tzdata.dat
08-03 17:27:41.417 32547 32618 I art     : Starting a blocking GC Explicit
08-03 17:27:41.426 32547 32547 D CompassActivity: will set rotation from 180.25806 to 180.24503
08-03 17:27:41.426 32547 32547 D CompassActivity: will set rotation from 180.24503 to 180.24466
08-03 17:27:41.446 32547 32547 D CompassActivity: will set rotation from 180.24466 to 180.23447
08-03 17:27:41.447 32547 32547 D CompassActivity: will set rotation from 180.23447 to 180.23495
08-03 17:27:41.457  2894  2894 I Radio-JNI: register_android_hardware_Radio DONE
08-03 17:27:41.466 32547 32547 D CompassActivity: will set rotation from 180.23495 to 180.24203
08-03 17:27:41.466 32547 32547 D CompassActivity: will set rotation from 180.24203 to 180.24226
08-03 17:27:41.486  2894  2894 D AndroidRuntime: Calling main entry com.android.commands.input.Input
08-03 17:27:41.488 32547 32547 D CompassActivity: will set rotation from 180.24226 to 180.25069
08-03 17:27:41.489 32547 32547 D CompassActivity: will set rotation from 180.25069 to 180.25069
08-03 17:27:41.489 32547 32618 I art     : Explicit concurrent mark sweep GC freed 188(9KB) AllocSpace objects, 0(0B) LOS objects, 6% free, 238MB/254MB, paused 2.092ms total 72.185ms
08-03 17:27:41.489  2894  2894 I Input   : injectKeyEvent: KeyEvent { action=ACTION_DOWN, keyCode=KEYCODE_BACK, scanCode=0, metaState=0, flags=0x0, repeatCount=0, eventTime=638877902, downTime=638877902, deviceId=-1, source=0x101 }
08-03 17:27:41.497  2894  2894 I Input   : injectKeyEvent: KeyEvent { action=ACTION_UP, keyCode=KEYCODE_BACK, scanCode=0, metaState=0, flags=0x0, repeatCount=0, eventTime=638877902, downTime=638877902, deviceId=-1, source=0x101 }
08-03 17:27:41.505  2894  2894 D AndroidRuntime: Shutting down VM
08-03 17:27:41.506 32547 32547 D CompassActivity: will set rotation from 180.25069 to 180.2565
08-03 17:27:41.506 32547 32547 D CompassActivity: will set rotation from 180.2565 to 180.25623
08-03 17:27:41.507   918  3359 I sensors : activate
08-03 17:27:41.508   918  6110 I sensors : activate
08-03 17:27:41.511 32547 32618 I art     : Starting a blocking GC Explicit
08-03 17:27:41.513   918  3188 I hubconnection: sensorhub said: 'activate 1 enable:0'
08-03 17:27:41.515   918  3188 I hubconnection: sensorhub said: 'activate 3 enable:0'
08-03 17:27:41.537 32547 32547 V MainActivity: url = https://project-travel-mate.herokuapp.com/api/number-of-unread-notifications
08-03 17:27:41.578 32547 32618 I art     : Explicit concurrent mark sweep GC freed 502(20KB) AllocSpace objects, 0(0B) LOS objects, 6% free, 238MB/254MB, paused 2.199ms total 66.860ms
08-03 17:27:41.603 32547 32618 I art     : Starting a blocking GC Explicit
08-03 17:27:41.653 13866 13866 I GoogleInputMethodServic: GoogleInputMethodService.onFinishInput():3138 
08-03 17:27:41.654 13866 13866 I GoogleInputMethodServic: GoogleInputMethodService.onStartInput():1808 
08-03 17:27:41.669 32547 32618 I art     : Explicit concurrent mark sweep GC freed 221(11KB) AllocSpace objects, 0(0B) LOS objects, 6% free, 238MB/254MB, paused 1.660ms total 65.576ms
08-03 17:27:41.921 32547 32547 D CompassActivity: stop compass
08-03 17:27:41.921   380   380 W SurfaceFlinger: couldn't log to binary event log: overflow.
08-03 17:27:42.068 32547 32558 I art     : Starting a blocking GC Explicit
08-03 17:27:42.072 32547  2918 I NAPPA_EXPERIMENTATION: MetricNetworkRequestExecutionTime: REQUEST_DURATION_SYSTEM='534',REQUEST_DURATION_OKHTTP='40',REQUEST_SYNCHRONOUS='FALSE',RESPONSE_CODE='200',RESPONSE_METHOD='GET',RESPONSE_LENGTH_OKHTTP='36',RESPONSE_LENGTH_HEADER='36',REQUEST_PROTOCOL='http/1.1',REQUEST_URL='https://project-travel-mate.herokuapp.com/api/number-of-unread-notifications',
08-03 17:27:42.135 32547 32558 I art     : Explicit concurrent mark sweep GC freed 4444(241KB) AllocSpace objects, 5(248KB) LOS objects, 6% free, 239MB/255MB, paused 1.452ms total 67.117ms
08-03 17:27:42.156 32547 32558 I art     : Starting a blocking GC Explicit
08-03 17:27:42.234 32547 32558 I art     : Explicit concurrent mark sweep GC freed 2321(202KB) AllocSpace objects, 3(52MB) LOS objects, 7% free, 186MB/202MB, paused 1.473ms total 77.721ms
08-03 17:27:42.255 32547 32558 I art     : Starting a blocking GC Explicit
08-03 17:27:42.323 32547 32558 I art     : Explicit concurrent mark sweep GC freed 3(96B) AllocSpace objects, 0(0B) LOS objects, 7% free, 186MB/202MB, paused 1.650ms total 67.656ms
08-03 17:27:42.345 32547 32558 I art     : Starting a blocking GC Explicit
08-03 17:27:42.425 32547 32558 I art     : Explicit concurrent mark sweep GC freed 3(96B) AllocSpace objects, 0(0B) LOS objects, 7% free, 186MB/202MB, paused 1.724ms total 79.291ms
08-03 17:27:42.450 32547 32558 I art     : Starting a blocking GC Explicit
08-03 17:27:42.526 32547 32558 I art     : Explicit concurrent mark sweep GC freed 3(96B) AllocSpace objects, 0(0B) LOS objects, 7% free, 186MB/202MB, paused 1.650ms total 75.664ms
08-03 17:27:42.944 32547 32560 I art     : Starting a blocking GC Explicit
08-03 17:27:43.029 32547 32560 I art     : Explicit concurrent mark sweep GC freed 1653(94KB) AllocSpace objects, 2(48KB) LOS objects, 7% free, 186MB/202MB, paused 1.767ms total 84.972ms
08-03 17:27:43.051 32547 32560 I art     : Starting a blocking GC Explicit
08-03 17:27:43.123 32547 32560 I art     : Explicit concurrent mark sweep GC freed 52(2000B) AllocSpace objects, 0(0B) LOS objects, 7% free, 186MB/202MB, paused 1.613ms total 71.841ms
08-03 17:27:43.146 32547 32560 I art     : Starting a blocking GC Explicit
08-03 17:27:43.219 32547 32560 I art     : Explicit concurrent mark sweep GC freed 5(160B) AllocSpace objects, 0(0B) LOS objects, 7% free, 186MB/202MB, paused 1.477ms total 73.408ms
08-03 17:27:43.241 32547 32560 I art     : Starting a blocking GC Explicit
08-03 17:27:43.305  2936  2936 D AndroidRuntime: >>>>>> START com.android.internal.os.RuntimeInit uid 2000 <<<<<<
08-03 17:27:43.308 32547 32560 I art     : Explicit concurrent mark sweep GC freed 13(416B) AllocSpace objects, 0(0B) LOS objects, 7% free, 186MB/202MB, paused 1.608ms total 66.774ms
08-03 17:27:43.311  2936  2936 D AndroidRuntime: CheckJNI is OFF
08-03 17:27:43.329 32547 32560 I art     : Starting a blocking GC Explicit
08-03 17:27:43.353  2936  2936 D ICU     : No timezone override file found: /data/misc/zoneinfo/current/icu/icu_tzdata.dat
08-03 17:27:43.397  2936  2936 I Radio-JNI: register_android_hardware_Radio DONE
08-03 17:27:43.401 32547 32560 I art     : Explicit concurrent mark sweep GC freed 14(448B) AllocSpace objects, 0(0B) LOS objects, 7% free, 186MB/202MB, paused 1.782ms total 71.356ms
08-03 17:27:43.430  2936  2936 D AndroidRuntime: Calling main entry com.android.commands.input.Input
08-03 17:27:43.433  2936  2936 I Input   : injectMotionEvent: MotionEvent { action=ACTION_DOWN, actionButton=0, id[0]=0, x[0]=500.0, y[0]=2000.0, toolType[0]=TOOL_TYPE_UNKNOWN, buttonState=0, metaState=0, flags=0x0, edgeFlags=0x0, pointerCount=1, historySize=0, eventTime=638879844, downTime=638879844, deviceId=0, source=0x1002 }
08-03 17:27:43.439  2936  2936 I Input   : injectMotionEvent: MotionEvent { action=ACTION_MOVE, actionButton=0, id[0]=0, x[0]=500.0, y[0]=2000.0, toolType[0]=TOOL_TYPE_UNKNOWN, buttonState=0, metaState=0, flags=0x0, edgeFlags=0x0, pointerCount=1, historySize=0, eventTime=638879844, downTime=638879844, deviceId=0, source=0x1002 }
08-03 17:27:43.457  2936  2936 I Input   : injectMotionEvent: MotionEvent { action=ACTION_MOVE, actionButton=0, id[0]=0, x[0]=500.0, y[0]=1950.6, toolType[0]=TOOL_TYPE_UNKNOWN, buttonState=0, metaState=0, flags=0x0, edgeFlags=0x0, pointerCount=1, historySize=0, eventTime=638879870, downTime=638879870, deviceId=0, source=0x1002 }
08-03 17:27:43.475  2936  2936 I Input   : injectMotionEvent: MotionEvent { action=ACTION_MOVE, actionButton=0, id[0]=0, x[0]=500.0, y[0]=1916.4, toolType[0]=TOOL_TYPE_UNKNOWN, buttonState=0, metaState=0, flags=0x0, edgeFlags=0x0, pointerCount=1, historySize=0, eventTime=638879888, downTime=638879888, deviceId=0, source=0x1002 }
08-03 17:27:43.499  2936  2936 I Input   : injectMotionEvent: MotionEvent { action=ACTION_MOVE, actionButton=0, id[0]=0, x[0]=500.0, y[0]=1870.8, toolType[0]=TOOL_TYPE_UNKNOWN, buttonState=0, metaState=0, flags=0x0, edgeFlags=0x0, pointerCount=1, historySize=0, eventTime=638879912, downTime=638879912, deviceId=0, source=0x1002 }
08-03 17:27:43.507  2936  2936 I Input   : injectMotionEvent: MotionEvent { action=ACTION_MOVE, actionButton=0, id[0]=0, x[0]=500.0, y[0]=1855.6, toolType[0]=TOOL_TYPE_UNKNOWN, buttonState=0, metaState=0, flags=0x0, edgeFlags=0x0, pointerCount=1, historySize=0, eventTime=638879920, downTime=638879920, deviceId=0, source=0x1002 }
08-03 17:27:43.524  2936  2936 I Input   : injectMotionEvent: MotionEvent { action=ACTION_MOVE, actionButton=0, id[0]=0, x[0]=500.0, y[0]=1823.3, toolType[0]=TOOL_TYPE_UNKNOWN, buttonState=0, metaState=0, flags=0x0, edgeFlags=0x0, pointerCount=1, historySize=0, eventTime=638879937, downTime=638879937, deviceId=0, source=0x1002 }
08-03 17:27:43.541  2936  2936 I Input   : injectMotionEvent: MotionEvent { action=ACTION_MOVE, actionButton=0, id[0]=0, x[0]=500.0, y[0]=1791.0, toolType[0]=TOOL_TYPE_UNKNOWN, buttonState=0, metaState=0, flags=0x0, edgeFlags=0x0, pointerCount=1, historySize=0, eventTime=638879954, downTime=638879954, deviceId=0, source=0x1002 }
08-03 17:27:43.560  2936  2936 I Input   : injectMotionEvent: MotionEvent { action=ACTION_MOVE, actionButton=0, id[0]=0, x[0]=500.0, y[0]=1758.7, toolType[0]=TOOL_TYPE_UNKNOWN, buttonState=0, metaState=0, flags=0x0, edgeFlags=0x0, pointerCount=1, historySize=0, eventTime=638879971, downTime=638879971, deviceId=0, source=0x1002 }
08-03 17:27:43.575  2936  2936 I Input   : injectMotionEvent: MotionEvent { action=ACTION_MOVE, actionButton=0, id[0]=0, x[0]=500.0, y[0]=1726.4, toolType[0]=TOOL_TYPE_UNKNOWN, buttonState=0, metaState=0, flags=0x0, edgeFlags=0x0, pointerCount=1, historySize=0, eventTime=638879988, downTime=638879988, deviceId=0, source=0x1002 }
08-03 17:27:43.592  2936  2936 I Input   : injectMotionEvent: MotionEvent { action=ACTION_MOVE, actionButton=0, id[0]=0, x[0]=500.0, y[0]=1694.1, toolType[0]=TOOL_TYPE_UNKNOWN, buttonState=0, metaState=0, flags=0x0, edgeFlags=0x0, pointerCount=1, historySize=0, eventTime=638880005, downTime=638880005, deviceId=0, source=0x1002 }
08-03 17:27:43.608  2936  2936 I Input   : injectMotionEvent: MotionEvent { action=ACTION_MOVE, actionButton=0, id[0]=0, x[0]=500.0, y[0]=1663.7, toolType[0]=TOOL_TYPE_UNKNOWN, buttonState=0, metaState=0, flags=0x0, edgeFlags=0x0, pointerCount=1, historySize=0, eventTime=638880021, downTime=638880021, deviceId=0, source=0x1002 }
08-03 17:27:43.623  2936  2936 I Input   : injectMotionEvent: MotionEvent { action=ACTION_MOVE, actionButton=0, id[0]=0, x[0]=500.0, y[0]=1633.3, toolType[0]=TOOL_TYPE_UNKNOWN, buttonState=0, metaState=0, flags=0x0, edgeFlags=0x0, pointerCount=1, historySize=0, eventTime=638880037, downTime=638880037, deviceId=0, source=0x1002 }
08-03 17:27:43.640  2936  2936 I Input   : injectMotionEvent: MotionEvent { action=ACTION_MOVE, actionButton=0, id[0]=0, x[0]=500.0, y[0]=1601.0, toolType[0]=TOOL_TYPE_UNKNOWN, buttonState=0, metaState=0, flags=0x0, edgeFlags=0x0, pointerCount=1, historySize=0, eventTime=638880054, downTime=638880054, deviceId=0, source=0x1002 }
08-03 17:27:43.657  2936  2936 I Input   : injectMotionEvent: MotionEvent { action=ACTION_MOVE, actionButton=0, id[0]=0, x[0]=500.0, y[0]=1570.6, toolType[0]=TOOL_TYPE_UNKNOWN, buttonState=0, metaState=0, flags=0x0, edgeFlags=0x0, pointerCount=1, historySize=0, eventTime=638880070, downTime=638880070, deviceId=0, source=0x1002 }
08-03 17:27:43.673  2936  2936 I Input   : injectMotionEvent: MotionEvent { action=ACTION_MOVE, actionButton=0, id[0]=0, x[0]=500.0, y[0]=1538.3, toolType[0]=TOOL_TYPE_UNKNOWN, buttonState=0, metaState=0, flags=0x0, edgeFlags=0x0, pointerCount=1, historySize=0, eventTime=638880087, downTime=638880087, deviceId=0, source=0x1002 }
08-03 17:27:43.691  2936  2936 I Input   : injectMotionEvent: MotionEvent { action=ACTION_MOVE, actionButton=0, id[0]=0, x[0]=500.0, y[0]=1506.0, toolType[0]=TOOL_TYPE_UNKNOWN, buttonState=0, metaState=0, flags=0x0, edgeFlags=0x0, pointerCount=1, historySize=0, eventTime=638880104, downTime=638880104, deviceId=0, source=0x1002 }
08-03 17:27:43.709  2936  2936 I Input   : injectMotionEvent: MotionEvent { action=ACTION_MOVE, actionButton=0, id[0]=0, x[0]=500.0, y[0]=1471.8, toolType[0]=TOOL_TYPE_UNKNOWN, buttonState=0, metaState=0, flags=0x0, edgeFlags=0x0, pointerCount=1, historySize=0, eventTime=638880122, downTime=638880122, deviceId=0, source=0x1002 }
08-03 17:27:43.724  2936  2936 I Input   : injectMotionEvent: MotionEvent { action=ACTION_MOVE, actionButton=0, id[0]=0, x[0]=500.0, y[0]=1443.3, toolType[0]=TOOL_TYPE_UNKNOWN, buttonState=0, metaState=0, flags=0x0, edgeFlags=0x0, pointerCount=1, historySize=0, eventTime=638880137, downTime=638880137, deviceId=0, source=0x1002 }
08-03 17:27:43.740  2936  2936 I Input   : injectMotionEvent: MotionEvent { action=ACTION_MOVE, actionButton=0, id[0]=0, x[0]=500.0, y[0]=1411.0, toolType[0]=TOOL_TYPE_UNKNOWN, buttonState=0, metaState=0, flags=0x0, edgeFlags=0x0, pointerCount=1, historySize=0, eventTime=638880154, downTime=638880154, deviceId=0, source=0x1002 }
08-03 17:27:43.759  2936  2936 I Input   : injectMotionEvent: MotionEvent { action=ACTION_MOVE, actionButton=0, id[0]=0, x[0]=500.0, y[0]=1380.6, toolType[0]=TOOL_TYPE_UNKNOWN, buttonState=0, metaState=0, flags=0x0, edgeFlags=0x0, pointerCount=1, historySize=0, eventTime=638880170, downTime=638880170, deviceId=0, source=0x1002 }
08-03 17:27:43.773  2936  2936 I Input   : injectMotionEvent: MotionEvent { action=ACTION_MOVE, actionButton=0, id[0]=0, x[0]=500.0, y[0]=1348.3, toolType[0]=TOOL_TYPE_UNKNOWN, buttonState=0, metaState=0, flags=0x0, edgeFlags=0x0, pointerCount=1, historySize=0, eventTime=638880187, downTime=638880187, deviceId=0, source=0x1002 }
08-03 17:27:43.791  2936  2936 I Input   : injectMotionEvent: MotionEvent { action=ACTION_MOVE, actionButton=0, id[0]=0, x[0]=500.0, y[0]=1316.0, toolType[0]=TOOL_TYPE_UNKNOWN, buttonState=0, metaState=0, flags=0x0, edgeFlags=0x0, pointerCount=1, historySize=0, eventTime=638880204, downTime=638880204, deviceId=0, source=0x1002 }
08-03 17:27:43.810  2936  2936 I Input   : injectMotionEvent: MotionEvent { action=ACTION_MOVE, actionButton=0, id[0]=0, x[0]=500.0, y[0]=1279.8999, toolType[0]=TOOL_TYPE_UNKNOWN, buttonState=0, metaState=0, flags=0x0, edgeFlags=0x0, pointerCount=1, historySize=0, eventTime=638880223, downTime=638880223, deviceId=0, source=0x1002 }
08-03 17:27:43.813 32547 32558 I art     : Starting a blocking GC Explicit
08-03 17:27:43.824  2936  2936 I Input   : injectMotionEvent: MotionEvent { action=ACTION_MOVE, actionButton=0, id[0]=0, x[0]=500.0, y[0]=1251.4, toolType[0]=TOOL_TYPE_UNKNOWN, buttonState=0, metaState=0, flags=0x0, edgeFlags=0x0, pointerCount=1, historySize=0, eventTime=638880238, downTime=638880238, deviceId=0, source=0x1002 }
08-03 17:27:43.843  2936  2936 I Input   : injectMotionEvent: MotionEvent { action=ACTION_MOVE, actionButton=0, id[0]=0, x[0]=500.0, y[0]=1217.2, toolType[0]=TOOL_TYPE_UNKNOWN, buttonState=0, metaState=0, flags=0x0, edgeFlags=0x0, pointerCount=1, historySize=0, eventTime=638880256, downTime=638880256, deviceId=0, source=0x1002 }
08-03 17:27:43.857  2936  2936 I Input   : injectMotionEvent: MotionEvent { action=ACTION_MOVE, actionButton=0, id[0]=0, x[0]=500.0, y[0]=1190.6, toolType[0]=TOOL_TYPE_UNKNOWN, buttonState=0, metaState=0, flags=0x0, edgeFlags=0x0, pointerCount=1, historySize=0, eventTime=638880270, downTime=638880270, deviceId=0, source=0x1002 }
08-03 17:27:43.885 32547 32558 I art     : Explicit concurrent mark sweep GC freed 1697(95KB) AllocSpace objects, 2(48KB) LOS objects, 7% free, 186MB/202MB, paused 1.533ms total 72.544ms
08-03 17:27:43.908 32547 32558 I art     : Starting a blocking GC Explicit
08-03 17:27:43.923  2936  2936 I Input   : injectMotionEvent: MotionEvent { action=ACTION_MOVE, actionButton=0, id[0]=0, x[0]=500.0, y[0]=1063.3, toolType[0]=TOOL_TYPE_UNKNOWN, buttonState=0, metaState=0, flags=0x0, edgeFlags=0x0, pointerCount=1, historySize=0, eventTime=638880337, downTime=638880337, deviceId=0, source=0x1002 }
08-03 17:27:43.975 32547 32558 I art     : Explicit concurrent mark sweep GC freed 50(2016B) AllocSpace objects, 0(0B) LOS objects, 7% free, 186MB/202MB, paused 1.699ms total 67.168ms
08-03 17:27:43.991  2936  2936 I Input   : injectMotionEvent: MotionEvent { action=ACTION_MOVE, actionButton=0, id[0]=0, x[0]=500.0, y[0]=936.0, toolType[0]=TOOL_TYPE_UNKNOWN, buttonState=0, metaState=0, flags=0x0, edgeFlags=0x0, pointerCount=1, historySize=0, eventTime=638880404, downTime=638880404, deviceId=0, source=0x1002 }
08-03 17:27:43.997 32547 32558 I art     : Starting a blocking GC Explicit
08-03 17:27:44.054  2936  2936 I Input   : injectMotionEvent: MotionEvent { action=ACTION_MOVE, actionButton=0, id[0]=0, x[0]=500.0, y[0]=814.4, toolType[0]=TOOL_TYPE_UNKNOWN, buttonState=0, metaState=0, flags=0x0, edgeFlags=0x0, pointerCount=1, historySize=0, eventTime=638880468, downTime=638880468, deviceId=0, source=0x1002 }
08-03 17:27:44.063 32547 32558 I art     : Explicit concurrent mark sweep GC freed 3(96B) AllocSpace objects, 0(0B) LOS objects, 7% free, 186MB/202MB, paused 1.575ms total 65.239ms
08-03 17:27:44.084 32547 32558 I art     : Starting a blocking GC Explicit
08-03 17:27:44.118  2936  2936 I Input   : injectMotionEvent: MotionEvent { action=ACTION_MOVE, actionButton=0, id[0]=0, x[0]=500.0, y[0]=694.7001, toolType[0]=TOOL_TYPE_UNKNOWN, buttonState=0, metaState=0, flags=0x0, edgeFlags=0x0, pointerCount=1, historySize=0, eventTime=638880531, downTime=638880531, deviceId=0, source=0x1002 }
08-03 17:27:44.149 32547 32558 I art     : Explicit concurrent mark sweep GC freed 3(96B) AllocSpace objects, 0(0B) LOS objects, 7% free, 186MB/202MB, paused 1.525ms total 65.246ms
08-03 17:27:44.171 32547 32558 I art     : Starting a blocking GC Explicit
08-03 17:27:44.182  2936  2936 I Input   : injectMotionEvent: MotionEvent { action=ACTION_MOVE, actionButton=0, id[0]=0, x[0]=500.0, y[0]=571.2001, toolType[0]=TOOL_TYPE_UNKNOWN, buttonState=0, metaState=0, flags=0x0, edgeFlags=0x0, pointerCount=1, historySize=0, eventTime=638880596, downTime=638880596, deviceId=0, source=0x1002 }
08-03 17:27:44.243 32547 32558 I art     : Explicit concurrent mark sweep GC freed 15(752B) AllocSpace objects, 0(0B) LOS objects, 7% free, 186MB/202MB, paused 1.777ms total 71.754ms
08-03 17:27:44.245  2936  2936 I Input   : injectMotionEvent: MotionEvent { action=ACTION_MOVE, actionButton=0, id[0]=0, x[0]=500.0, y[0]=453.40002, toolType[0]=TOOL_TYPE_UNKNOWN, buttonState=0, metaState=0, flags=0x0, edgeFlags=0x0, pointerCount=1, historySize=0, eventTime=638880658, downTime=638880658, deviceId=0, source=0x1002 }
08-03 17:27:44.303  2936  2936 I Input   : injectMotionEvent: MotionEvent { action=ACTION_MOVE, actionButton=0, id[0]=0, x[0]=500.0, y[0]=341.29993, toolType[0]=TOOL_TYPE_UNKNOWN, buttonState=0, metaState=0, flags=0x0, edgeFlags=0x0, pointerCount=1, historySize=0, eventTime=638880717, downTime=638880717, deviceId=0, source=0x1002 }
08-03 17:27:44.390  2936  2936 I Input   : injectMotionEvent: MotionEvent { action=ACTION_MOVE, actionButton=0, id[0]=0, x[0]=500.0, y[0]=177.90002, toolType[0]=TOOL_TYPE_UNKNOWN, buttonState=0, metaState=0, flags=0x0, edgeFlags=0x0, pointerCount=1, historySize=0, eventTime=638880803, downTime=638880803, deviceId=0, source=0x1002 }
08-03 17:27:44.429  2936  2936 I Input   : injectMotionEvent: MotionEvent { action=ACTION_MOVE, actionButton=0, id[0]=0, x[0]=500.0, y[0]=103.79993, toolType[0]=TOOL_TYPE_UNKNOWN, buttonState=0, metaState=0, flags=0x0, edgeFlags=0x0, pointerCount=1, historySize=0, eventTime=638880842, downTime=638880842, deviceId=0, source=0x1002 }
08-03 17:27:44.469  2936  2936 I Input   : injectMotionEvent: MotionEvent { action=ACTION_UP, actionButton=0, id[0]=0, x[0]=500.0, y[0]=100.0, toolType[0]=TOOL_TYPE_UNKNOWN, buttonState=0, metaState=0, flags=0x0, edgeFlags=0x0, pointerCount=1, historySize=0, eventTime=638880883, downTime=638880883, deviceId=0, source=0x1002 }
08-03 17:27:44.508  2936  2936 D AndroidRuntime: Shutting down VM
08-03 17:27:44.651 32547  1003 I art     : Starting a blocking GC Explicit
08-03 17:27:44.715 32547  1003 I art     : Explicit concurrent mark sweep GC freed 1623(93KB) AllocSpace objects, 2(48KB) LOS objects, 7% free, 186MB/202MB, paused 1.648ms total 63.589ms
08-03 17:27:44.738 32547  1003 I art     : Starting a blocking GC Explicit
08-03 17:27:44.801 32547  1003 I art     : Explicit concurrent mark sweep GC freed 70(2160B) AllocSpace objects, 0(0B) LOS objects, 7% free, 186MB/202MB, paused 1.579ms total 62.512ms
08-03 17:27:44.822 32547  1003 I art     : Starting a blocking GC Explicit
08-03 17:27:44.891 32547  1003 I art     : Explicit concurrent mark sweep GC freed 8(448B) AllocSpace objects, 0(0B) LOS objects, 7% free, 186MB/202MB, paused 1.553ms total 69.091ms
08-03 17:27:44.914 32547  1003 I art     : Starting a blocking GC Explicit
08-03 17:27:44.976 32547  1003 I art     : Explicit concurrent mark sweep GC freed 3(96B) AllocSpace objects, 0(0B) LOS objects, 7% free, 186MB/202MB, paused 1.594ms total 61.877ms
08-03 17:27:44.997 32547  1003 I art     : Starting a blocking GC Explicit
08-03 17:27:45.058 32547  1003 I art     : Explicit concurrent mark sweep GC freed 5(160B) AllocSpace objects, 0(0B) LOS objects, 7% free, 186MB/202MB, paused 1.535ms total 61.117ms
08-03 17:27:45.269  2993  2993 D AndroidRuntime: >>>>>> START com.android.internal.os.RuntimeInit uid 2000 <<<<<<
08-03 17:27:45.275  2993  2993 D AndroidRuntime: CheckJNI is OFF
08-03 17:27:45.313  2993  2993 D ICU     : No timezone override file found: /data/misc/zoneinfo/current/icu/icu_tzdata.dat
08-03 17:27:45.353  2993  2993 I Radio-JNI: register_android_hardware_Radio DONE
08-03 17:27:45.380  2993  2993 D AndroidRuntime: Calling main entry com.android.commands.input.Input
08-03 17:27:45.382  2993  2993 I Input   : injectMotionEvent: MotionEvent { action=ACTION_DOWN, actionButton=0, id[0]=0, x[0]=500.0, y[0]=2000.0, toolType[0]=TOOL_TYPE_UNKNOWN, buttonState=0, metaState=0, flags=0x0, edgeFlags=0x0, pointerCount=1, historySize=0, eventTime=638881794, downTime=638881794, deviceId=0, source=0x1002 }
08-03 17:27:45.386  2993  2993 I Input   : injectMotionEvent: MotionEvent { action=ACTION_MOVE, actionButton=0, id[0]=0, x[0]=500.0, y[0]=2000.0, toolType[0]=TOOL_TYPE_UNKNOWN, buttonState=0, metaState=0, flags=0x0, edgeFlags=0x0, pointerCount=1, historySize=0, eventTime=638881794, downTime=638881794, deviceId=0, source=0x1002 }
08-03 17:27:45.392  2993  2993 I Input   : injectMotionEvent: MotionEvent { action=ACTION_MOVE, actionButton=0, id[0]=0, x[0]=500.0, y[0]=1979.1, toolType[0]=TOOL_TYPE_UNKNOWN, buttonState=0, metaState=0, flags=0x0, edgeFlags=0x0, pointerCount=1, historySize=0, eventTime=638881805, downTime=638881805, deviceId=0, source=0x1002 }
08-03 17:27:45.408  2993  2993 I Input   : injectMotionEvent: MotionEvent { action=ACTION_MOVE, actionButton=0, id[0]=0, x[0]=500.0, y[0]=1948.7, toolType[0]=TOOL_TYPE_UNKNOWN, buttonState=0, metaState=0, flags=0x0, edgeFlags=0x0, pointerCount=1, historySize=0, eventTime=638881821, downTime=638881821, deviceId=0, source=0x1002 }
08-03 17:27:45.425  2993  2993 I Input   : injectMotionEvent: MotionEvent { action=ACTION_MOVE, actionButton=0, id[0]=0, x[0]=500.0, y[0]=1914.5, toolType[0]=TOOL_TYPE_UNKNOWN, buttonState=0, metaState=0, flags=0x0, edgeFlags=0x0, pointerCount=1, historySize=0, eventTime=638881839, downTime=638881839, deviceId=0, source=0x1002 }
08-03 17:27:45.465 32547  1003 I art     : Starting a blocking GC Explicit
08-03 17:27:45.527  2993  2993 I Input   : injectMotionEvent: MotionEvent { action=ACTION_MOVE, actionButton=0, id[0]=0, x[0]=500.0, y[0]=1722.6, toolType[0]=TOOL_TYPE_UNKNOWN, buttonState=0, metaState=0, flags=0x0, edgeFlags=0x0, pointerCount=1, historySize=0, eventTime=638881940, downTime=638881940, deviceId=0, source=0x1002 }
08-03 17:27:45.531 32547  1003 I art     : Explicit concurrent mark sweep GC freed 1604(92KB) AllocSpace objects, 2(48KB) LOS objects, 7% free, 186MB/202MB, paused 1.889ms total 65.669ms
08-03 17:27:45.553 32547  1003 I art     : Starting a blocking GC Explicit
08-03 17:27:45.567  2993  2993 I Input   : injectMotionEvent: MotionEvent { action=ACTION_MOVE, actionButton=0, id[0]=0, x[0]=500.0, y[0]=1644.7, toolType[0]=TOOL_TYPE_UNKNOWN, buttonState=0, metaState=0, flags=0x0, edgeFlags=0x0, pointerCount=1, historySize=0, eventTime=638881981, downTime=638881981, deviceId=0, source=0x1002 }
08-03 17:27:45.606  2993  2993 I Input   : injectMotionEvent: MotionEvent { action=ACTION_MOVE, actionButton=0, id[0]=0, x[0]=500.0, y[0]=1572.5, toolType[0]=TOOL_TYPE_UNKNOWN, buttonState=0, metaState=0, flags=0x0, edgeFlags=0x0, pointerCount=1, historySize=0, eventTime=638882019, downTime=638882019, deviceId=0, source=0x1002 }
08-03 17:27:45.621 32547  1003 I art     : Explicit concurrent mark sweep GC freed 37(1312B) AllocSpace objects, 0(0B) LOS objects, 7% free, 186MB/202MB, paused 1.542ms total 68.448ms
08-03 17:27:45.645 32547  1003 I art     : Starting a blocking GC Explicit
08-03 17:27:45.646  2993  2993 I Input   : injectMotionEvent: MotionEvent { action=ACTION_MOVE, actionButton=0, id[0]=0, x[0]=500.0, y[0]=1494.6, toolType[0]=TOOL_TYPE_UNKNOWN, buttonState=0, metaState=0, flags=0x0, edgeFlags=0x0, pointerCount=1, historySize=0, eventTime=638882060, downTime=638882060, deviceId=0, source=0x1002 }
08-03 17:27:45.684  2993  2993 I Input   : injectMotionEvent: MotionEvent { action=ACTION_MOVE, actionButton=0, id[0]=0, x[0]=500.0, y[0]=1424.3, toolType[0]=TOOL_TYPE_UNKNOWN, buttonState=0, metaState=0, flags=0x0, edgeFlags=0x0, pointerCount=1, historySize=0, eventTime=638882097, downTime=638882097, deviceId=0, source=0x1002 }
08-03 17:27:45.706 32547  1003 I art     : Explicit concurrent mark sweep GC freed 10(384B) AllocSpace objects, 0(0B) LOS objects, 7% free, 186MB/202MB, paused 1.608ms total 61.627ms
08-03 17:27:45.723  2993  2993 I Input   : injectMotionEvent: MotionEvent { action=ACTION_MOVE, actionButton=0, id[0]=0, x[0]=500.0, y[0]=1350.2, toolType[0]=TOOL_TYPE_UNKNOWN, buttonState=0, metaState=0, flags=0x0, edgeFlags=0x0, pointerCount=1, historySize=0, eventTime=638882136, downTime=638882136, deviceId=0, source=0x1002 }
08-03 17:27:45.730 32547  1003 I art     : Starting a blocking GC Explicit
08-03 17:27:45.763  2993  2993 I Input   : injectMotionEvent: MotionEvent { action=ACTION_MOVE, actionButton=0, id[0]=0, x[0]=500.0, y[0]=1274.2, toolType[0]=TOOL_TYPE_UNKNOWN, buttonState=0, metaState=0, flags=0x0, edgeFlags=0x0, pointerCount=1, historySize=0, eventTime=638882176, downTime=638882176, deviceId=0, source=0x1002 }
08-03 17:27:45.795 32547  1003 I art     : Explicit concurrent mark sweep GC freed 51(1728B) AllocSpace objects, 0(0B) LOS objects, 7% free, 186MB/202MB, paused 1.613ms total 64.981ms
08-03 17:27:45.803  2993  2993 I Input   : injectMotionEvent: MotionEvent { action=ACTION_MOVE, actionButton=0, id[0]=0, x[0]=500.0, y[0]=1198.2, toolType[0]=TOOL_TYPE_UNKNOWN, buttonState=0, metaState=0, flags=0x0, edgeFlags=0x0, pointerCount=1, historySize=0, eventTime=638882216, downTime=638882216, deviceId=0, source=0x1002 }
08-03 17:27:45.816 32547  1003 I art     : Starting a blocking GC Explicit
08-03 17:27:45.842  2993  2993 I Input   : injectMotionEvent: MotionEvent { action=ACTION_MOVE, actionButton=0, id[0]=0, x[0]=500.0, y[0]=1124.1001, toolType[0]=TOOL_TYPE_UNKNOWN, buttonState=0, metaState=0, flags=0x0, edgeFlags=0x0, pointerCount=1, historySize=0, eventTime=638882255, downTime=638882255, deviceId=0, source=0x1002 }
08-03 17:27:45.866   518   646 I ThermalEngine: ACTION: GPU - Setting GPU[0] to 390000000
08-03 17:27:45.882 32547  1003 I art     : Explicit concurrent mark sweep GC freed 9(416B) AllocSpace objects, 0(0B) LOS objects, 7% free, 186MB/202MB, paused 1.692ms total 64.968ms
08-03 17:27:45.882  2993  2993 I Input   : injectMotionEvent: MotionEvent { action=ACTION_MOVE, actionButton=0, id[0]=0, x[0]=500.0, y[0]=1046.2001, toolType[0]=TOOL_TYPE_UNKNOWN, buttonState=0, metaState=0, flags=0x0, edgeFlags=0x0, pointerCount=1, historySize=0, eventTime=638882296, downTime=638882296, deviceId=0, source=0x1002 }
08-03 17:27:45.924  2993  2993 I Input   : injectMotionEvent: MotionEvent { action=ACTION_MOVE, actionButton=0, id[0]=0, x[0]=500.0, y[0]=968.30005, toolType[0]=TOOL_TYPE_UNKNOWN, buttonState=0, metaState=0, flags=0x0, edgeFlags=0x0, pointerCount=1, historySize=0, eventTime=638882337, downTime=638882337, deviceId=0, source=0x1002 }
08-03 17:27:45.960  2993  2993 I Input   : injectMotionEvent: MotionEvent { action=ACTION_MOVE, actionButton=0, id[0]=0, x[0]=500.0, y[0]=899.9, toolType[0]=TOOL_TYPE_UNKNOWN, buttonState=0, metaState=0, flags=0x0, edgeFlags=0x0, pointerCount=1, historySize=0, eventTime=638882373, downTime=638882373, deviceId=0, source=0x1002 }
08-03 17:27:45.996  2993  2993 I Input   : injectMotionEvent: MotionEvent { action=ACTION_MOVE, actionButton=0, id[0]=0, x[0]=500.0, y[0]=831.5, toolType[0]=TOOL_TYPE_UNKNOWN, buttonState=0, metaState=0, flags=0x0, edgeFlags=0x0, pointerCount=1, historySize=0, eventTime=638882409, downTime=638882409, deviceId=0, source=0x1002 }
08-03 17:27:46.031  2993  2993 I Input   : injectMotionEvent: MotionEvent { action=ACTION_MOVE, actionButton=0, id[0]=0, x[0]=500.0, y[0]=765.0, toolType[0]=TOOL_TYPE_UNKNOWN, buttonState=0, metaState=0, flags=0x0, edgeFlags=0x0, pointerCount=1, historySize=0, eventTime=638882444, downTime=638882444, deviceId=0, source=0x1002 }
08-03 17:27:46.068  2993  2993 I Input   : injectMotionEvent: MotionEvent { action=ACTION_MOVE, actionButton=0, id[0]=0, x[0]=500.0, y[0]=694.7001, toolType[0]=TOOL_TYPE_UNKNOWN, buttonState=0, metaState=0, flags=0x0, edgeFlags=0x0, pointerCount=1, historySize=0, eventTime=638882481, downTime=638882481, deviceId=0, source=0x1002 }
08-03 17:27:46.104  2993  2993 I Input   : injectMotionEvent: MotionEvent { action=ACTION_MOVE, actionButton=0, id[0]=0, x[0]=500.0, y[0]=624.4, toolType[0]=TOOL_TYPE_UNKNOWN, buttonState=0, metaState=0, flags=0x0, edgeFlags=0x0, pointerCount=1, historySize=0, eventTime=638882518, downTime=638882518, deviceId=0, source=0x1002 }
08-03 17:27:46.143  2993  2993 I Input   : injectMotionEvent: MotionEvent { action=ACTION_MOVE, actionButton=0, id[0]=0, x[0]=500.0, y[0]=550.2999, toolType[0]=TOOL_TYPE_UNKNOWN, buttonState=0, metaState=0, flags=0x0, edgeFlags=0x0, pointerCount=1, historySize=0, eventTime=638882557, downTime=638882557, deviceId=0, source=0x1002 }
08-03 17:27:46.183  2993  2993 I Input   : injectMotionEvent: MotionEvent { action=ACTION_MOVE, actionButton=0, id[0]=0, x[0]=500.0, y[0]=476.20007, toolType[0]=TOOL_TYPE_UNKNOWN, buttonState=0, metaState=0, flags=0x0, edgeFlags=0x0, pointerCount=1, historySize=0, eventTime=638882596, downTime=638882596, deviceId=0, source=0x1002 }
08-03 17:27:46.224  2993  2993 I Input   : injectMotionEvent: MotionEvent { action=ACTION_MOVE, actionButton=0, id[0]=0, x[0]=500.0, y[0]=398.30005, toolType[0]=TOOL_TYPE_UNKNOWN, buttonState=0, metaState=0, flags=0x0, edgeFlags=0x0, pointerCount=1, historySize=0, eventTime=638882637, downTime=638882637, deviceId=0, source=0x1002 }
08-03 17:27:46.264  2993  2993 I Input   : injectMotionEvent: MotionEvent { action=ACTION_MOVE, actionButton=0, id[0]=0, x[0]=500.0, y[0]=322.29993, toolType[0]=TOOL_TYPE_UNKNOWN, buttonState=0, metaState=0, flags=0x0, edgeFlags=0x0, pointerCount=1, historySize=0, eventTime=638882677, downTime=638882677, deviceId=0, source=0x1002 }
08-03 17:27:46.295 32547  1003 I art     : Starting a blocking GC Explicit
08-03 17:27:46.305  2993  2993 I Input   : injectMotionEvent: MotionEvent { action=ACTION_MOVE, actionButton=0, id[0]=0, x[0]=500.0, y[0]=244.3999, toolType[0]=TOOL_TYPE_UNKNOWN, buttonState=0, metaState=0, flags=0x0, edgeFlags=0x0, pointerCount=1, historySize=0, eventTime=638882718, downTime=638882718, deviceId=0, source=0x1002 }
08-03 17:27:46.345  2993  2993 I Input   : injectMotionEvent: MotionEvent { action=ACTION_MOVE, actionButton=0, id[0]=0, x[0]=500.0, y[0]=168.40002, toolType[0]=TOOL_TYPE_UNKNOWN, buttonState=0, metaState=0, flags=0x0, edgeFlags=0x0, pointerCount=1, historySize=0, eventTime=638882758, downTime=638882758, deviceId=0, source=0x1002 }
08-03 17:27:46.364 32547  1003 I art     : Explicit concurrent mark sweep GC freed 1603(92KB) AllocSpace objects, 2(48KB) LOS objects, 7% free, 186MB/202MB, paused 1.542ms total 69.654ms
08-03 17:27:46.382  2993  2993 I Input   : injectMotionEvent: MotionEvent { action=ACTION_UP, actionButton=0, id[0]=0, x[0]=500.0, y[0]=100.0, toolType[0]=TOOL_TYPE_UNKNOWN, buttonState=0, metaState=0, flags=0x0, edgeFlags=0x0, pointerCount=1, historySize=0, eventTime=638882796, downTime=638882796, deviceId=0, source=0x1002 }
08-03 17:27:46.388 32547  1003 I art     : Starting a blocking GC Explicit
08-03 17:27:46.422  2993  2993 D AndroidRuntime: Shutting down VM
08-03 17:27:46.451 32547  1003 I art     : Explicit concurrent mark sweep GC freed 29(1056B) AllocSpace objects, 0(0B) LOS objects, 7% free, 186MB/202MB, paused 1.427ms total 63.248ms
08-03 17:27:46.472 32547  1003 I art     : Starting a blocking GC Explicit
08-03 17:27:46.543 32547  1003 I art     : Explicit concurrent mark sweep GC freed 3(96B) AllocSpace objects, 0(0B) LOS objects, 7% free, 186MB/202MB, paused 1.571ms total 70.778ms
08-03 17:27:46.565 32547  1003 I art     : Starting a blocking GC Explicit
08-03 17:27:46.641 32547  1003 I art     : Explicit concurrent mark sweep GC freed 3(96B) AllocSpace objects, 0(0B) LOS objects, 7% free, 186MB/202MB, paused 1.557ms total 75.705ms
08-03 17:27:46.663 32547  1003 I art     : Starting a blocking GC Explicit
08-03 17:27:46.730 32547  1003 I art     : Explicit concurrent mark sweep GC freed 3(96B) AllocSpace objects, 0(0B) LOS objects, 7% free, 186MB/202MB, paused 1.680ms total 66.793ms
08-03 17:27:47.197 32547 32558 I art     : Starting a blocking GC Explicit
08-03 17:27:47.291 32547 32558 I art     : Explicit concurrent mark sweep GC freed 1640(93KB) AllocSpace objects, 2(48KB) LOS objects, 7% free, 186MB/202MB, paused 2.487ms total 92.579ms
08-03 17:27:47.305  3031  3031 D AndroidRuntime: >>>>>> START com.android.internal.os.RuntimeInit uid 2000 <<<<<<
08-03 17:27:47.313  3031  3031 D AndroidRuntime: CheckJNI is OFF
08-03 17:27:47.322 32547 32558 I art     : Starting a blocking GC Explicit
08-03 17:27:47.365  3031  3031 D ICU     : No timezone override file found: /data/misc/zoneinfo/current/icu/icu_tzdata.dat
08-03 17:27:47.406 32547 32558 I art     : Explicit concurrent mark sweep GC freed 38(1568B) AllocSpace objects, 0(0B) LOS objects, 7% free, 186MB/202MB, paused 2.312ms total 83.695ms
08-03 17:27:47.410  3031  3031 I Radio-JNI: register_android_hardware_Radio DONE
08-03 17:27:47.437 32547 32558 I art     : Starting a blocking GC Explicit
08-03 17:27:47.442  3031  3031 D AndroidRuntime: Calling main entry com.android.commands.input.Input
08-03 17:27:47.444  3031  3031 I Input   : injectMotionEvent: MotionEvent { action=ACTION_DOWN, actionButton=0, id[0]=0, x[0]=657.0, y[0]=2080.0, toolType[0]=TOOL_TYPE_UNKNOWN, buttonState=0, metaState=0, flags=0x0, edgeFlags=0x0, pointerCount=1, historySize=0, eventTime=638883856, downTime=638883856, deviceId=0, source=0x1002 }
08-03 17:27:47.450  3031  3031 I Input   : injectMotionEvent: MotionEvent { action=ACTION_UP, actionButton=0, id[0]=0, x[0]=657.0, y[0]=2080.0, toolType[0]=TOOL_TYPE_UNKNOWN, buttonState=0, metaState=0, flags=0x0, edgeFlags=0x0, pointerCount=1, historySize=0, eventTime=638883856, downTime=638883856, deviceId=0, source=0x1002 }
08-03 17:27:47.452  3031  3031 D AndroidRuntime: Shutting down VM
08-03 17:27:47.453   918  6029 I ActivityManager: START u0 {cmp=baseline.io.github.project_travel_mate/.utilities.UpcomingWeekendsActivity} from uid 10623 on display 0
08-03 17:27:47.455   512  2967 D audio_hw_primary: out_set_parameters: enter: usecase(1: low-latency-playback) kvpairs: routing=2
08-03 17:27:47.469   512  2967 D audio_hw_primary: select_devices: out_snd_device(2: speaker) in_snd_device(0: none)
08-03 17:27:47.469   512  2967 D msm8974_platform: platform_send_audio_calibration: sending audio calibration for snd_device(2) acdb_id(15)
08-03 17:27:47.469   512  2967 I soundtrigger: audio_extn_sound_trigger_update_device_status: device 0x2 of type 0 for Event 1
08-03 17:27:47.484   512  2967 D audio_hw_primary: enable_snd_device: snd_device(2: speaker)
08-03 17:27:47.488   512  2967 D audio_hw_primary: enable_audio_route: apply and update mixer path: low-latency-playback speaker
08-03 17:27:47.498 32547 32613 D Gabe    : call	returning from cache
08-03 17:27:47.502 32547 32547 V EXECUTING: https://project-travel-mate.herokuapp.com/api/get-upcoming-holidays/2020
08-03 17:27:47.506 32547 32547 V EXECUTING: https://project-travel-mate.herokuapp.com/api/get-upcoming-holidays/2020
08-03 17:27:47.524 32547 32558 I art     : Explicit concurrent mark sweep GC freed 662(36KB) AllocSpace objects, 0(0B) LOS objects, 7% free, 186MB/202MB, paused 2.521ms total 86.511ms
08-03 17:27:47.552 32547 32558 I art     : Starting a blocking GC Explicit
08-03 17:27:47.606 13866 13866 I GoogleInputMethodServic: GoogleInputMethodService.onFinishInput():3138 
08-03 17:27:47.606 13866 13866 I GoogleInputMethodServic: GoogleInputMethodService.onStartInput():1808 
08-03 17:27:47.632 32547 32558 I art     : Explicit concurrent mark sweep GC freed 1088(64KB) AllocSpace objects, 0(0B) LOS objects, 7% free, 191MB/207MB, paused 2.622ms total 79.905ms
08-03 17:27:47.659 32547 32558 I art     : Starting a blocking GC Explicit
08-03 17:27:47.715   918   936 I ActivityManager: Displayed baseline.io.github.project_travel_mate/.utilities.UpcomingWeekendsActivity: +248ms
08-03 17:27:47.738 32547 32558 I art     : Explicit concurrent mark sweep GC freed 199(6KB) AllocSpace objects, 0(0B) LOS objects, 7% free, 191MB/207MB, paused 2.492ms total 78.110ms
08-03 17:27:47.961   380   380 W SurfaceFlinger: couldn't log to binary event log: overflow.
08-03 17:27:48.022 32547  3056 I NAPPA_EXPERIMENTATION: MetricNetworkRequestExecutionTime: REQUEST_DURATION_SYSTEM='514',REQUEST_DURATION_OKHTTP='42',REQUEST_SYNCHRONOUS='FALSE',RESPONSE_CODE='200',RESPONSE_METHOD='GET',RESPONSE_LENGTH_OKHTTP='6426',RESPONSE_LENGTH_HEADER='6426',REQUEST_PROTOCOL='http/1.1',REQUEST_URL='https://project-travel-mate.herokuapp.com/api/get-upcoming-holidays/2020',
08-03 17:27:48.026 32547 32547 V Response: [{"month":"January","date":1,"day":"Wednesday","name":"New Year's Day","type":"Restricted"},{"month":"January","date":2,"day":"Thursday","name":"Guru Govind Singh Jayanti","type":"Restricted"},{"month":"January","date":14,"day":"Tuesday","name":"Lohri","type":"Restricted"},{"month":"January","date":15,"day":"Wednesday","name":"Pongal","type":"Restricted"},{"month":"January","date":15,"day":"Wednesday","name":"Makar Sankranti","type":"Restricted"},{"month":"January","date":25,"day":"Saturday","name":"Chinese New Year","type":"Observance"},{"month":"January","date":26,"day":"Sunday","name":"Republic Day","type":"Gazetted"},{"month":"January","date":30,"day":"Thursday","name":"Vasant Panchami","type":"Restricted"},{"month":"February","date":9,"day":"Sunday","name":"Guru Ravidas Jayanti","type":"Restricted"},{"month":"February","date":14,"day":"Friday","name":"Valentine's Day","type":"Observance"},{"month":"February","date":18,"day":"Tuesday","name":"Maharishi Dayanand Saraswati Jayanti","type":"Restricted"},{"month":"February","date":19,"day":"Wednesday","name":"Shivaji Jayanti","type":"Restricted"},{"month":"February","date":21,"day":"Friday","name":"Maha Shivaratri/Shivaratri","type":"Gazetted"},{"month":"March","date":9,"day":"Monday","name":"Holika Dahana","type":"Restricted"},{"month":"March","date":9,"day":"Monday","name":"Hazarat Ali's Birthday","type":"Restricted"},{"month":"March","date":10,"day":"Tuesday","name":"Holi","type":"Gazetted"},{"month":"March","date":20,"day":"Friday","name":"March Equinox","type":"Season"},{"month":"March","date":25,"day":"Wednesday","name":"Chaitra Sukhladi","type":"Restricted"},{"month":"April","date":2,"day":"Thursday","name":"Rama Navami","type":"Gazetted"},{"month":"April","date":6,"day":"Monday","name":"Mahavir Jayanti","type":"Gazetted"},{"month":"April","date":9,"day":"Thursday","name":"First day of Passover","type":"Observance"},{"month":"April","date":9,"day":"Thursday","name":"Maundy Thursday","type":"Observance,"},{"month":"April","date":10,"day":"Friday","name":"Good Friday","type":"Gazetted"},{"month":"April","date":12,"day":"Sunday","name":"Easter Day","type":"Restricted"},{"month":"April","date":13,"day":"Monday","name":"Vaisakhi","type":"Restricted"},{"month":"April","date":14,"day":"Tuesday","name":"Mesadi/Vaisakhadi","type":"Restricted"},{"month":"April","date":14,"day":"Tuesday","name":"Ambedkar Jayanti","type":"Central"},{"month":"May","date":1,"day":"Friday","name":"May Day","type":"Observance"},{"month":"May","date":7,"day":"Thursday","name":"Buddha Purnima/Vesak","type":"Gazetted"},{"month":"May","date":7,"day":"Thursday","name":"Birthday of Ravindranath","type":"Restricted"},{"month":"May","date":10,"day":"Sunday","name":"Mother's Day","type":"Observance"},{"month":"May","date":22,"day":"Friday","name":"Jamat Ul-Vida","type":"Restricted"},{"month":"May","date":25,"day":"Monday","name":"Ramzan Id/Eid-ul-Fitar","type":"Gazetted"},{"month":"May","date":25,"day":"Monday","name":"Ramzan Id/Eid-ul-Fitar","type":"Muslim,"},{"month":"June","date":21,"day":"Sunday","name":"June Solstice","type":"Season"},{"month":"June","date":21,"day":"Sunday","name":"Father's Day","type":"Observance"},{"month":"June","date":23,"day":"Tuesday","name":"Rath Yatra","type":"Restricted"},{"month":"July","date":5,"day":"Sunday","name":"Guru Purnima","type":"Observance"},{"month":"July","date":31,"day":"Friday","name":"Bakr Id/Eid ul-Adha","type":"Gazetted"},{"month":"August","date":2,"day":"Sunday","name":"Friendship Day","type":"Observance"},{"month":"August","date":3,"day":"Monday","name":"Raksha Bandhan (Rakhi)","type":"Restricted"},{"month":"August","date":11,"day":"Tuesday","name":"Janmashtami (Smarta)","type":"Restricted"},{"month":"August","date":12,"day":"Wednesday","name":"Janmashtami","type":"Gazetted"},{"month":"August","date":15,"day":"Saturday","name":"Independence Day","type":"Gazetted"},{"month":"August","date":16,"day":"Sunday","name":"Parsi New Year","type":"Restricted"},{"month":"August","date":22,"day":"Saturday","name":"Ganesh Chaturthi/Vin
08-03 17:27:48.028   512  2967 D audio_hw_primary: disable_audio_route: reset and update mixer path: low-latency-playback speaker
08-03 17:27:48.029   512  2967 D audio_hw_primary: disable_snd_device: snd_device(2: speaker)
08-03 17:27:48.037   512  2967 I soundtrigger: audio_extn_sound_trigger_update_device_status: device 0x2 of type 0 for Event 0
08-03 17:27:48.057 32547  3055 I NAPPA_EXPERIMENTATION: MetricNetworkRequestExecutionTime: REQUEST_DURATION_SYSTEM='553',REQUEST_DURATION_OKHTTP='69',REQUEST_SYNCHRONOUS='FALSE',RESPONSE_CODE='200',RESPONSE_METHOD='GET',RESPONSE_LENGTH_OKHTTP='6426',RESPONSE_LENGTH_HEADER='6426',REQUEST_PROTOCOL='http/1.1',REQUEST_URL='https://project-travel-mate.herokuapp.com/api/get-upcoming-holidays/2020',
08-03 17:27:48.113 32547 32547 V Response: [{"month":"January","date":1,"day":"Wednesday","name":"New Year's Day","type":"Restricted"},{"month":"January","date":2,"day":"Thursday","name":"Guru Govind Singh Jayanti","type":"Restricted"},{"month":"January","date":14,"day":"Tuesday","name":"Lohri","type":"Restricted"},{"month":"January","date":15,"day":"Wednesday","name":"Pongal","type":"Restricted"},{"month":"January","date":15,"day":"Wednesday","name":"Makar Sankranti","type":"Restricted"},{"month":"January","date":25,"day":"Saturday","name":"Chinese New Year","type":"Observance"},{"month":"January","date":26,"day":"Sunday","name":"Republic Day","type":"Gazetted"},{"month":"January","date":30,"day":"Thursday","name":"Vasant Panchami","type":"Restricted"},{"month":"February","date":9,"day":"Sunday","name":"Guru Ravidas Jayanti","type":"Restricted"},{"month":"February","date":14,"day":"Friday","name":"Valentine's Day","type":"Observance"},{"month":"February","date":18,"day":"Tuesday","name":"Maharishi Dayanand Saraswati Jayanti","type":"Restricted"},{"month":"February","date":19,"day":"Wednesday","name":"Shivaji Jayanti","type":"Restricted"},{"month":"February","date":21,"day":"Friday","name":"Maha Shivaratri/Shivaratri","type":"Gazetted"},{"month":"March","date":9,"day":"Monday","name":"Holika Dahana","type":"Restricted"},{"month":"March","date":9,"day":"Monday","name":"Hazarat Ali's Birthday","type":"Restricted"},{"month":"March","date":10,"day":"Tuesday","name":"Holi","type":"Gazetted"},{"month":"March","date":20,"day":"Friday","name":"March Equinox","type":"Season"},{"month":"March","date":25,"day":"Wednesday","name":"Chaitra Sukhladi","type":"Restricted"},{"month":"April","date":2,"day":"Thursday","name":"Rama Navami","type":"Gazetted"},{"month":"April","date":6,"day":"Monday","name":"Mahavir Jayanti","type":"Gazetted"},{"month":"April","date":9,"day":"Thursday","name":"First day of Passover","type":"Observance"},{"month":"April","date":9,"day":"Thursday","name":"Maundy Thursday","type":"Observance,"},{"month":"April","date":10,"day":"Friday","name":"Good Friday","type":"Gazetted"},{"month":"April","date":12,"day":"Sunday","name":"Easter Day","type":"Restricted"},{"month":"April","date":13,"day":"Monday","name":"Vaisakhi","type":"Restricted"},{"month":"April","date":14,"day":"Tuesday","name":"Mesadi/Vaisakhadi","type":"Restricted"},{"month":"April","date":14,"day":"Tuesday","name":"Ambedkar Jayanti","type":"Central"},{"month":"May","date":1,"day":"Friday","name":"May Day","type":"Observance"},{"month":"May","date":7,"day":"Thursday","name":"Buddha Purnima/Vesak","type":"Gazetted"},{"month":"May","date":7,"day":"Thursday","name":"Birthday of Ravindranath","type":"Restricted"},{"month":"May","date":10,"day":"Sunday","name":"Mother's Day","type":"Observance"},{"month":"May","date":22,"day":"Friday","name":"Jamat Ul-Vida","type":"Restricted"},{"month":"May","date":25,"day":"Monday","name":"Ramzan Id/Eid-ul-Fitar","type":"Gazetted"},{"month":"May","date":25,"day":"Monday","name":"Ramzan Id/Eid-ul-Fitar","type":"Muslim,"},{"month":"June","date":21,"day":"Sunday","name":"June Solstice","type":"Season"},{"month":"June","date":21,"day":"Sunday","name":"Father's Day","type":"Observance"},{"month":"June","date":23,"day":"Tuesday","name":"Rath Yatra","type":"Restricted"},{"month":"July","date":5,"day":"Sunday","name":"Guru Purnima","type":"Observance"},{"month":"July","date":31,"day":"Friday","name":"Bakr Id/Eid ul-Adha","type":"Gazetted"},{"month":"August","date":2,"day":"Sunday","name":"Friendship Day","type":"Observance"},{"month":"August","date":3,"day":"Monday","name":"Raksha Bandhan (Rakhi)","type":"Restricted"},{"month":"August","date":11,"day":"Tuesday","name":"Janmashtami (Smarta)","type":"Restricted"},{"month":"August","date":12,"day":"Wednesday","name":"Janmashtami","type":"Gazetted"},{"month":"August","date":15,"day":"Saturday","name":"Independence Day","type":"Gazetted"},{"month":"August","date":16,"day":"Sunday","name":"Parsi New Year","type":"Restricted"},{"month":"August","date":22,"day":"Saturday","name":"Ganesh Chaturthi/Vin
08-03 17:27:48.212 32547 32558 I art     : Starting a blocking GC Explicit
08-03 17:27:48.312 32547 32558 I art     : Explicit concurrent mark sweep GC freed 20809(870KB) AllocSpace objects, 12(4MB) LOS objects, 7% free, 187MB/203MB, paused 2.740ms total 99.098ms
08-03 17:27:48.343 32547 32558 I art     : Starting a blocking GC Explicit
08-03 17:27:48.433 32547 32558 I art     : Explicit concurrent mark sweep GC freed 3531(322KB) AllocSpace objects, 0(0B) LOS objects, 7% free, 187MB/203MB, paused 2.565ms total 89.532ms
08-03 17:27:48.464 32547 32558 I art     : Starting a blocking GC Explicit
08-03 17:27:48.556 32547 32558 I art     : Explicit concurrent mark sweep GC freed 182(3KB) AllocSpace objects, 0(0B) LOS objects, 7% free, 187MB/203MB, paused 2.488ms total 91.730ms
08-03 17:27:48.587 32547 32558 I art     : Starting a blocking GC Explicit
08-03 17:27:48.683 32547 32558 I art     : Explicit concurrent mark sweep GC freed 183(3KB) AllocSpace objects, 0(0B) LOS objects, 7% free, 187MB/203MB, paused 2.611ms total 94.991ms
08-03 17:27:48.715 32547 32558 I art     : Starting a blocking GC Explicit
08-03 17:27:48.810 32547 32558 I art     : Explicit concurrent mark sweep GC freed 254(5KB) AllocSpace objects, 0(0B) LOS objects, 7% free, 187MB/203MB, paused 2.528ms total 94.438ms
08-03 17:27:48.938   918  3261 D WifiStateMachine: starting scan for "H369AA63323"WPA_PSK with 2412,5180
08-03 17:27:49.277 32547 32560 I art     : Starting a blocking GC Explicit
08-03 17:27:49.375 32547 32560 I art     : Explicit concurrent mark sweep GC freed 2405(105KB) AllocSpace objects, 2(48KB) LOS objects, 7% free, 187MB/203MB, paused 2.452ms total 97.009ms
08-03 17:27:49.406 32547 32560 I art     : Starting a blocking GC Explicit
08-03 17:27:49.502 32547 32560 I art     : Explicit concurrent mark sweep GC freed 220(4KB) AllocSpace objects, 0(0B) LOS objects, 7% free, 187MB/203MB, paused 2.570ms total 95.087ms
08-03 17:27:49.534 32547 32560 I art     : Starting a blocking GC Explicit
08-03 17:27:49.630 32547 32560 I art     : Explicit concurrent mark sweep GC freed 171(2896B) AllocSpace objects, 0(0B) LOS objects, 7% free, 187MB/203MB, paused 2.543ms total 95.747ms
08-03 17:27:49.663 32547 32560 I art     : Starting a blocking GC Explicit
08-03 17:27:49.759 32547 32560 I art     : Explicit concurrent mark sweep GC freed 194(3KB) AllocSpace objects, 0(0B) LOS objects, 7% free, 187MB/203MB, paused 2.602ms total 96.270ms
08-03 17:27:49.793 32547 32560 I art     : Starting a blocking GC Explicit
08-03 17:27:49.876   518   646 I ThermalEngine: ACTION: GPU - Setting GPU[0] to 450000000
08-03 17:27:49.887 32547 32560 I art     : Explicit concurrent mark sweep GC freed 235(4KB) AllocSpace objects, 0(0B) LOS objects, 7% free, 187MB/203MB, paused 2.552ms total 94.382ms
08-03 17:27:50.332 32547  1003 I art     : Starting a blocking GC Explicit
08-03 17:27:50.446 32547  1003 I art     : Explicit concurrent mark sweep GC freed 2405(106KB) AllocSpace objects, 2(48KB) LOS objects, 7% free, 187MB/203MB, paused 1.709ms total 113.475ms
08-03 17:27:50.469 32547  1003 I art     : Starting a blocking GC Explicit
08-03 17:27:50.548 32547  1003 I art     : Explicit concurrent mark sweep GC freed 197(4KB) AllocSpace objects, 0(0B) LOS objects, 7% free, 187MB/203MB, paused 1.780ms total 79.467ms
08-03 17:27:50.572 32547  1003 I art     : Starting a blocking GC Explicit
08-03 17:27:50.654 32547  1003 I art     : Explicit concurrent mark sweep GC freed 170(2864B) AllocSpace objects, 0(0B) LOS objects, 7% free, 187MB/203MB, paused 1.718ms total 82.246ms
08-03 17:27:50.678 32547  1003 I art     : Starting a blocking GC Explicit
08-03 17:27:50.762 32547  1003 I art     : Explicit concurrent mark sweep GC freed 149(2560B) AllocSpace objects, 0(0B) LOS objects, 7% free, 187MB/203MB, paused 1.698ms total 83.240ms
08-03 17:27:50.785 32547  1003 I art     : Starting a blocking GC Explicit
08-03 17:27:50.872 32547  1003 I art     : Explicit concurrent mark sweep GC freed 209(3KB) AllocSpace objects, 0(0B) LOS objects, 7% free, 187MB/203MB, paused 1.791ms total 86.629ms
08-03 17:27:51.302 32547 32618 I art     : Starting a blocking GC Explicit
08-03 17:27:51.389 32547 32618 I art     : Explicit concurrent mark sweep GC freed 2323(104KB) AllocSpace objects, 2(48KB) LOS objects, 7% free, 187MB/203MB, paused 1.966ms total 87.181ms
08-03 17:27:51.414 32547 32618 I art     : Starting a blocking GC Explicit
08-03 17:27:51.496 32547 32618 I art     : Explicit concurrent mark sweep GC freed 183(3KB) AllocSpace objects, 0(0B) LOS objects, 7% free, 187MB/203MB, paused 1.754ms total 82.236ms
08-03 17:27:51.519 32547 32618 I art     : Starting a blocking GC Explicit
08-03 17:27:51.600 32547 32618 I art     : Explicit concurrent mark sweep GC freed 153(2896B) AllocSpace objects, 0(0B) LOS objects, 7% free, 187MB/203MB, paused 1.835ms total 80.826ms
08-03 17:27:51.623 32547 32618 I art     : Starting a blocking GC Explicit
08-03 17:27:51.705 32547 32618 I art     : Explicit concurrent mark sweep GC freed 183(3KB) AllocSpace objects, 0(0B) LOS objects, 7% free, 187MB/203MB, paused 1.645ms total 81.257ms
08-03 17:27:51.728 32547 32618 I art     : Starting a blocking GC Explicit
08-03 17:27:51.798 32547 32618 I art     : Explicit concurrent mark sweep GC freed 166(3KB) AllocSpace objects, 0(0B) LOS objects, 7% free, 187MB/203MB, paused 1.789ms total 69.639ms
08-03 17:27:52.227 32547 32558 I art     : Starting a blocking GC Explicit
08-03 17:27:52.240  3099  3099 D AndroidRuntime: >>>>>> START com.android.internal.os.RuntimeInit uid 2000 <<<<<<
08-03 17:27:52.245  3099  3099 D AndroidRuntime: CheckJNI is OFF
08-03 17:27:52.288  3099  3099 D ICU     : No timezone override file found: /data/misc/zoneinfo/current/icu/icu_tzdata.dat
08-03 17:27:52.307 32547 32558 I art     : Explicit concurrent mark sweep GC freed 2332(104KB) AllocSpace objects, 2(48KB) LOS objects, 7% free, 187MB/203MB, paused 1.771ms total 79.321ms
08-03 17:27:52.329 32547 32558 I art     : Starting a blocking GC Explicit
08-03 17:27:52.335  3099  3099 I Radio-JNI: register_android_hardware_Radio DONE
08-03 17:27:52.365  3099  3099 D AndroidRuntime: Calling main entry com.android.commands.input.Input
08-03 17:27:52.367  3099  3099 I Input   : injectKeyEvent: KeyEvent { action=ACTION_DOWN, keyCode=KEYCODE_BACK, scanCode=0, metaState=0, flags=0x0, repeatCount=0, eventTime=638888780, downTime=638888780, deviceId=-1, source=0x101 }
08-03 17:27:52.374  3099  3099 I Input   : injectKeyEvent: KeyEvent { action=ACTION_UP, keyCode=KEYCODE_BACK, scanCode=0, metaState=0, flags=0x0, repeatCount=0, eventTime=638888780, downTime=638888780, deviceId=-1, source=0x101 }
08-03 17:27:52.381  3099  3099 D AndroidRuntime: Shutting down VM
08-03 17:27:52.400 32547 32547 V MainActivity: url = https://project-travel-mate.herokuapp.com/api/number-of-unread-notifications
08-03 17:27:52.406 32547 32558 I art     : Explicit concurrent mark sweep GC freed 401(12KB) AllocSpace objects, 0(0B) LOS objects, 7% free, 187MB/203MB, paused 2.267ms total 76.316ms
08-03 17:27:52.428 32547 32558 I art     : Starting a blocking GC Explicit
08-03 17:27:52.434 13866 13866 I GoogleInputMethodServic: GoogleInputMethodService.onFinishInput():3138 
08-03 17:27:52.435 13866 13866 I GoogleInputMethodServic: GoogleInputMethodService.onStartInput():1808 
08-03 17:27:52.497 32547 32558 I art     : Explicit concurrent mark sweep GC freed 308(12KB) AllocSpace objects, 0(0B) LOS objects, 7% free, 187MB/203MB, paused 1.655ms total 69.363ms
08-03 17:27:52.520 32547 32558 I art     : Starting a blocking GC Explicit
08-03 17:27:52.589 32547 32558 I art     : Explicit concurrent mark sweep GC freed 179(5KB) AllocSpace objects, 0(0B) LOS objects, 7% free, 187MB/203MB, paused 1.827ms total 68.870ms
08-03 17:27:52.610 32547 32558 I art     : Starting a blocking GC Explicit
08-03 17:27:52.687 32547 32558 I art     : Explicit concurrent mark sweep GC freed 162(3KB) AllocSpace objects, 0(0B) LOS objects, 7% free, 187MB/203MB, paused 1.825ms total 76.354ms
08-03 17:27:52.766   380   380 W SurfaceFlinger: couldn't log to binary event log: overflow.
08-03 17:27:52.920 32547  3122 I NAPPA_EXPERIMENTATION: MetricNetworkRequestExecutionTime: REQUEST_DURATION_SYSTEM='519',REQUEST_DURATION_OKHTTP='41',REQUEST_SYNCHRONOUS='FALSE',RESPONSE_CODE='200',RESPONSE_METHOD='GET',RESPONSE_LENGTH_OKHTTP='36',RESPONSE_LENGTH_HEADER='36',REQUEST_PROTOCOL='http/1.1',REQUEST_URL='https://project-travel-mate.herokuapp.com/api/number-of-unread-notifications',
08-03 17:27:53.100 32547 32618 I art     : Starting a blocking GC Explicit
08-03 17:27:53.205 32547 32618 I art     : Explicit concurrent mark sweep GC freed 4601(245KB) AllocSpace objects, 5(248KB) LOS objects, 7% free, 187MB/203MB, paused 2.089ms total 104.350ms
08-03 17:27:53.231 32547 32618 I art     : Starting a blocking GC Explicit
08-03 17:27:53.308 32547 32618 I art     : Explicit concurrent mark sweep GC freed 7577(477KB) AllocSpace objects, 13(264KB) LOS objects, 7% free, 187MB/203MB, paused 1.740ms total 77.695ms
08-03 17:27:53.331 32547 32618 I art     : Starting a blocking GC Explicit
08-03 17:27:53.404 32547 32618 I art     : Explicit concurrent mark sweep GC freed 3(96B) AllocSpace objects, 0(0B) LOS objects, 7% free, 187MB/203MB, paused 1.724ms total 72.620ms
08-03 17:27:53.427 32547 32618 I art     : Starting a blocking GC Explicit
08-03 17:27:53.505 32547 32618 I art     : Explicit concurrent mark sweep GC freed 3(96B) AllocSpace objects, 0(0B) LOS objects, 7% free, 187MB/203MB, paused 1.726ms total 78.167ms
08-03 17:27:53.532 32547 32618 I art     : Starting a blocking GC Explicit
08-03 17:27:53.608 32547 32618 I art     : Explicit concurrent mark sweep GC freed 3(96B) AllocSpace objects, 0(0B) LOS objects, 7% free, 187MB/203MB, paused 1.708ms total 75.757ms
08-03 17:27:53.672  1766  1766 I ServiceManager: Waiting for service AtCmdFwd...
08-03 17:27:54.014 32547 32560 I art     : Starting a blocking GC Explicit
08-03 17:27:54.084 32547 32560 I art     : Explicit concurrent mark sweep GC freed 1631(93KB) AllocSpace objects, 2(48KB) LOS objects, 7% free, 187MB/203MB, paused 1.542ms total 69.494ms
08-03 17:27:54.105 32547 32560 I art     : Starting a blocking GC Explicit
08-03 17:27:54.154  3135  3135 D AndroidRuntime: >>>>>> START com.android.internal.os.RuntimeInit uid 2000 <<<<<<
08-03 17:27:54.159  3135  3135 D AndroidRuntime: CheckJNI is OFF
08-03 17:27:54.171 32547 32560 I art     : Explicit concurrent mark sweep GC freed 33(1184B) AllocSpace objects, 0(0B) LOS objects, 7% free, 187MB/203MB, paused 1.569ms total 65.924ms
08-03 17:27:54.195 32547 32560 I art     : Starting a blocking GC Explicit
08-03 17:27:54.199  3135  3135 D ICU     : No timezone override file found: /data/misc/zoneinfo/current/icu/icu_tzdata.dat
08-03 17:27:54.238  3135  3135 I Radio-JNI: register_android_hardware_Radio DONE
08-03 17:27:54.260 32547 32560 I art     : Explicit concurrent mark sweep GC freed 7(224B) AllocSpace objects, 0(0B) LOS objects, 7% free, 187MB/203MB, paused 1.565ms total 64.604ms
08-03 17:27:54.266  3135  3135 D AndroidRuntime: Calling main entry com.android.commands.input.Input
08-03 17:27:54.269  3135  3135 I Input   : injectMotionEvent: MotionEvent { action=ACTION_DOWN, actionButton=0, id[0]=0, x[0]=657.0, y[0]=2080.0, toolType[0]=TOOL_TYPE_UNKNOWN, buttonState=0, metaState=0, flags=0x0, edgeFlags=0x0, pointerCount=1, historySize=0, eventTime=638890681, downTime=638890681, deviceId=0, source=0x1002 }
08-03 17:27:54.281 32547 32560 I art     : Starting a blocking GC Explicit
08-03 17:27:54.305  3135  3135 I Input   : injectMotionEvent: MotionEvent { action=ACTION_UP, actionButton=0, id[0]=0, x[0]=657.0, y[0]=2080.0, toolType[0]=TOOL_TYPE_UNKNOWN, buttonState=0, metaState=0, flags=0x0, edgeFlags=0x0, pointerCount=1, historySize=0, eventTime=638890681, downTime=638890681, deviceId=0, source=0x1002 }
08-03 17:27:54.343  3135  3135 D AndroidRuntime: Shutting down VM
08-03 17:27:54.344   918  3670 I ActivityManager: START u0 {cmp=baseline.io.github.project_travel_mate/.utilities.UpcomingWeekendsActivity} from uid 10623 on display 0
08-03 17:27:54.345   512  2967 D audio_hw_primary: out_set_parameters: enter: usecase(1: low-latency-playback) kvpairs: routing=2
08-03 17:27:54.349 32547 32560 I art     : Explicit concurrent mark sweep GC freed 7(208B) AllocSpace objects, 0(0B) LOS objects, 7% free, 187MB/203MB, paused 1.754ms total 68.123ms
08-03 17:27:54.358   512  2967 D audio_hw_primary: select_devices: out_snd_device(2: speaker) in_snd_device(0: none)
08-03 17:27:54.358   512  2967 D msm8974_platform: platform_send_audio_calibration: sending audio calibration for snd_device(2) acdb_id(15)
08-03 17:27:54.358   512  2967 I soundtrigger: audio_extn_sound_trigger_update_device_status: device 0x2 of type 0 for Event 1
08-03 17:27:54.368   512  2967 D audio_hw_primary: enable_snd_device: snd_device(2: speaker)
08-03 17:27:54.370   512  2967 D audio_hw_primary: enable_audio_route: apply and update mixer path: low-latency-playback speaker
08-03 17:27:54.370 32547 32613 D Gabe    : call	returning from cache
08-03 17:27:54.373 32547 32560 I art     : Starting a blocking GC Explicit
08-03 17:27:54.374 32547 32547 V EXECUTING: https://project-travel-mate.herokuapp.com/api/get-upcoming-holidays/2020
08-03 17:27:54.377 32547 32547 V EXECUTING: https://project-travel-mate.herokuapp.com/api/get-upcoming-holidays/2020
08-03 17:27:54.439 32547 32560 I art     : Explicit concurrent mark sweep GC freed 1044(72KB) AllocSpace objects, 0(0B) LOS objects, 7% free, 187MB/203MB, paused 1.896ms total 66.566ms
08-03 17:27:54.440 32547 32557 I art     : WaitForGcToComplete blocked for 63.943ms for cause HeapTrim
08-03 17:27:54.469 13866 13866 I GoogleInputMethodServic: GoogleInputMethodService.onFinishInput():3138 
08-03 17:27:54.470 13866 13866 I GoogleInputMethodServic: GoogleInputMethodService.onStartInput():1808 
08-03 17:27:54.564   918   936 I ActivityManager: Displayed baseline.io.github.project_travel_mate/.utilities.UpcomingWeekendsActivity: +213ms
08-03 17:27:54.672  1766  1766 I ServiceManager: Waiting for service AtCmdFwd...
08-03 17:27:54.818   380   380 W SurfaceFlinger: couldn't log to binary event log: overflow.
08-03 17:27:54.833 32547  1003 I art     : Starting a blocking GC Explicit
08-03 17:27:54.901 32547  1003 I art     : Explicit concurrent mark sweep GC freed 2968(137KB) AllocSpace objects, 2(48KB) LOS objects, 7% free, 191MB/207MB, paused 1.832ms total 67.317ms
08-03 17:27:54.909   512  2967 D audio_hw_primary: disable_audio_route: reset and update mixer path: low-latency-playback speaker
08-03 17:27:54.911   512  2967 D audio_hw_primary: disable_snd_device: snd_device(2: speaker)
08-03 17:27:54.920   512  2967 I soundtrigger: audio_extn_sound_trigger_update_device_status: device 0x2 of type 0 for Event 0
08-03 17:27:54.924 32547  1003 I art     : Starting a blocking GC Explicit
08-03 17:27:54.980 32547  3159 I NAPPA_EXPERIMENTATION: MetricNetworkRequestExecutionTime: REQUEST_DURATION_SYSTEM='606',REQUEST_DURATION_OKHTTP='39',REQUEST_SYNCHRONOUS='FALSE',RESPONSE_CODE='200',RESPONSE_METHOD='GET',RESPONSE_LENGTH_OKHTTP='6426',RESPONSE_LENGTH_HEADER='6426',REQUEST_PROTOCOL='http/1.1',REQUEST_URL='https://project-travel-mate.herokuapp.com/api/get-upcoming-holidays/2020',
08-03 17:27:54.997 32547  1003 I art     : Explicit concurrent mark sweep GC freed 5415(278KB) AllocSpace objects, 5(256KB) LOS objects, 7% free, 192MB/208MB, paused 2.091ms total 72.332ms
08-03 17:27:55.015 32547  3160 I NAPPA_EXPERIMENTATION: MetricNetworkRequestExecutionTime: REQUEST_DURATION_SYSTEM='638',REQUEST_DURATION_OKHTTP='73',REQUEST_SYNCHRONOUS='FALSE',RESPONSE_CODE='200',RESPONSE_METHOD='GET',RESPONSE_LENGTH_OKHTTP='6426',RESPONSE_LENGTH_HEADER='6426',REQUEST_PROTOCOL='http/1.1',REQUEST_URL='https://project-travel-mate.herokuapp.com/api/get-upcoming-holidays/2020',
08-03 17:27:55.018 32547  1003 I art     : Starting a blocking GC Explicit
08-03 17:27:55.086 32547  1003 I art     : Explicit concurrent mark sweep GC freed 2201(249KB) AllocSpace objects, 4(192KB) LOS objects, 7% free, 191MB/207MB, paused 2.023ms total 67.233ms
08-03 17:27:55.107 32547  1003 I art     : Starting a blocking GC Explicit
08-03 17:27:55.118 32547 32547 V Response: [{"month":"January","date":1,"day":"Wednesday","name":"New Year's Day","type":"Restricted"},{"month":"January","date":2,"day":"Thursday","name":"Guru Govind Singh Jayanti","type":"Restricted"},{"month":"January","date":14,"day":"Tuesday","name":"Lohri","type":"Restricted"},{"month":"January","date":15,"day":"Wednesday","name":"Pongal","type":"Restricted"},{"month":"January","date":15,"day":"Wednesday","name":"Makar Sankranti","type":"Restricted"},{"month":"January","date":25,"day":"Saturday","name":"Chinese New Year","type":"Observance"},{"month":"January","date":26,"day":"Sunday","name":"Republic Day","type":"Gazetted"},{"month":"January","date":30,"day":"Thursday","name":"Vasant Panchami","type":"Restricted"},{"month":"February","date":9,"day":"Sunday","name":"Guru Ravidas Jayanti","type":"Restricted"},{"month":"February","date":14,"day":"Friday","name":"Valentine's Day","type":"Observance"},{"month":"February","date":18,"day":"Tuesday","name":"Maharishi Dayanand Saraswati Jayanti","type":"Restricted"},{"month":"February","date":19,"day":"Wednesday","name":"Shivaji Jayanti","type":"Restricted"},{"month":"February","date":21,"day":"Friday","name":"Maha Shivaratri/Shivaratri","type":"Gazetted"},{"month":"March","date":9,"day":"Monday","name":"Holika Dahana","type":"Restricted"},{"month":"March","date":9,"day":"Monday","name":"Hazarat Ali's Birthday","type":"Restricted"},{"month":"March","date":10,"day":"Tuesday","name":"Holi","type":"Gazetted"},{"month":"March","date":20,"day":"Friday","name":"March Equinox","type":"Season"},{"month":"March","date":25,"day":"Wednesday","name":"Chaitra Sukhladi","type":"Restricted"},{"month":"April","date":2,"day":"Thursday","name":"Rama Navami","type":"Gazetted"},{"month":"April","date":6,"day":"Monday","name":"Mahavir Jayanti","type":"Gazetted"},{"month":"April","date":9,"day":"Thursday","name":"First day of Passover","type":"Observance"},{"month":"April","date":9,"day":"Thursday","name":"Maundy Thursday","type":"Observance,"},{"month":"April","date":10,"day":"Friday","name":"Good Friday","type":"Gazetted"},{"month":"April","date":12,"day":"Sunday","name":"Easter Day","type":"Restricted"},{"month":"April","date":13,"day":"Monday","name":"Vaisakhi","type":"Restricted"},{"month":"April","date":14,"day":"Tuesday","name":"Mesadi/Vaisakhadi","type":"Restricted"},{"month":"April","date":14,"day":"Tuesday","name":"Ambedkar Jayanti","type":"Central"},{"month":"May","date":1,"day":"Friday","name":"May Day","type":"Observance"},{"month":"May","date":7,"day":"Thursday","name":"Buddha Purnima/Vesak","type":"Gazetted"},{"month":"May","date":7,"day":"Thursday","name":"Birthday of Ravindranath","type":"Restricted"},{"month":"May","date":10,"day":"Sunday","name":"Mother's Day","type":"Observance"},{"month":"May","date":22,"day":"Friday","name":"Jamat Ul-Vida","type":"Restricted"},{"month":"May","date":25,"day":"Monday","name":"Ramzan Id/Eid-ul-Fitar","type":"Gazetted"},{"month":"May","date":25,"day":"Monday","name":"Ramzan Id/Eid-ul-Fitar","type":"Muslim,"},{"month":"June","date":21,"day":"Sunday","name":"June Solstice","type":"Season"},{"month":"June","date":21,"day":"Sunday","name":"Father's Day","type":"Observance"},{"month":"June","date":23,"day":"Tuesday","name":"Rath Yatra","type":"Restricted"},{"month":"July","date":5,"day":"Sunday","name":"Guru Purnima","type":"Observance"},{"month":"July","date":31,"day":"Friday","name":"Bakr Id/Eid ul-Adha","type":"Gazetted"},{"month":"August","date":2,"day":"Sunday","name":"Friendship Day","type":"Observance"},{"month":"August","date":3,"day":"Monday","name":"Raksha Bandhan (Rakhi)","type":"Restricted"},{"month":"August","date":11,"day":"Tuesday","name":"Janmashtami (Smarta)","type":"Restricted"},{"month":"August","date":12,"day":"Wednesday","name":"Janmashtami","type":"Gazetted"},{"month":"August","date":15,"day":"Saturday","name":"Independence Day","type":"Gazetted"},{"month":"August","date":16,"day":"Sunday","name":"Parsi New Year","type":"Restricted"},{"month":"August","date":22,"day":"Saturday","name":"Ganesh Chaturthi/Vin
08-03 17:27:55.122 32547 32547 V Response: [{"month":"January","date":1,"day":"Wednesday","name":"New Year's Day","type":"Restricted"},{"month":"January","date":2,"day":"Thursday","name":"Guru Govind Singh Jayanti","type":"Restricted"},{"month":"January","date":14,"day":"Tuesday","name":"Lohri","type":"Restricted"},{"month":"January","date":15,"day":"Wednesday","name":"Pongal","type":"Restricted"},{"month":"January","date":15,"day":"Wednesday","name":"Makar Sankranti","type":"Restricted"},{"month":"January","date":25,"day":"Saturday","name":"Chinese New Year","type":"Observance"},{"month":"January","date":26,"day":"Sunday","name":"Republic Day","type":"Gazetted"},{"month":"January","date":30,"day":"Thursday","name":"Vasant Panchami","type":"Restricted"},{"month":"February","date":9,"day":"Sunday","name":"Guru Ravidas Jayanti","type":"Restricted"},{"month":"February","date":14,"day":"Friday","name":"Valentine's Day","type":"Observance"},{"month":"February","date":18,"day":"Tuesday","name":"Maharishi Dayanand Saraswati Jayanti","type":"Restricted"},{"month":"February","date":19,"day":"Wednesday","name":"Shivaji Jayanti","type":"Restricted"},{"month":"February","date":21,"day":"Friday","name":"Maha Shivaratri/Shivaratri","type":"Gazetted"},{"month":"March","date":9,"day":"Monday","name":"Holika Dahana","type":"Restricted"},{"month":"March","date":9,"day":"Monday","name":"Hazarat Ali's Birthday","type":"Restricted"},{"month":"March","date":10,"day":"Tuesday","name":"Holi","type":"Gazetted"},{"month":"March","date":20,"day":"Friday","name":"March Equinox","type":"Season"},{"month":"March","date":25,"day":"Wednesday","name":"Chaitra Sukhladi","type":"Restricted"},{"month":"April","date":2,"day":"Thursday","name":"Rama Navami","type":"Gazetted"},{"month":"April","date":6,"day":"Monday","name":"Mahavir Jayanti","type":"Gazetted"},{"month":"April","date":9,"day":"Thursday","name":"First day of Passover","type":"Observance"},{"month":"April","date":9,"day":"Thursday","name":"Maundy Thursday","type":"Observance,"},{"month":"April","date":10,"day":"Friday","name":"Good Friday","type":"Gazetted"},{"month":"April","date":12,"day":"Sunday","name":"Easter Day","type":"Restricted"},{"month":"April","date":13,"day":"Monday","name":"Vaisakhi","type":"Restricted"},{"month":"April","date":14,"day":"Tuesday","name":"Mesadi/Vaisakhadi","type":"Restricted"},{"month":"April","date":14,"day":"Tuesday","name":"Ambedkar Jayanti","type":"Central"},{"month":"May","date":1,"day":"Friday","name":"May Day","type":"Observance"},{"month":"May","date":7,"day":"Thursday","name":"Buddha Purnima/Vesak","type":"Gazetted"},{"month":"May","date":7,"day":"Thursday","name":"Birthday of Ravindranath","type":"Restricted"},{"month":"May","date":10,"day":"Sunday","name":"Mother's Day","type":"Observance"},{"month":"May","date":22,"day":"Friday","name":"Jamat Ul-Vida","type":"Restricted"},{"month":"May","date":25,"day":"Monday","name":"Ramzan Id/Eid-ul-Fitar","type":"Gazetted"},{"month":"May","date":25,"day":"Monday","name":"Ramzan Id/Eid-ul-Fitar","type":"Muslim,"},{"month":"June","date":21,"day":"Sunday","name":"June Solstice","type":"Season"},{"month":"June","date":21,"day":"Sunday","name":"Father's Day","type":"Observance"},{"month":"June","date":23,"day":"Tuesday","name":"Rath Yatra","type":"Restricted"},{"month":"July","date":5,"day":"Sunday","name":"Guru Purnima","type":"Observance"},{"month":"July","date":31,"day":"Friday","name":"Bakr Id/Eid ul-Adha","type":"Gazetted"},{"month":"August","date":2,"day":"Sunday","name":"Friendship Day","type":"Observance"},{"month":"August","date":3,"day":"Monday","name":"Raksha Bandhan (Rakhi)","type":"Restricted"},{"month":"August","date":11,"day":"Tuesday","name":"Janmashtami (Smarta)","type":"Restricted"},{"month":"August","date":12,"day":"Wednesday","name":"Janmashtami","type":"Gazetted"},{"month":"August","date":15,"day":"Saturday","name":"Independence Day","type":"Gazetted"},{"month":"August","date":16,"day":"Sunday","name":"Parsi New Year","type":"Restricted"},{"month":"August","date":22,"day":"Saturday","name":"Ganesh Chaturthi/Vin
08-03 17:27:55.178 32547  1003 I art     : Explicit concurrent mark sweep GC freed 8733(317KB) AllocSpace objects, 0(0B) LOS objects, 7% free, 192MB/208MB, paused 2.409ms total 70.405ms
08-03 17:27:55.201 32547  1003 I art     : Starting a blocking GC Explicit
08-03 17:27:55.274 32547  1003 I art     : Explicit concurrent mark sweep GC freed 818(27KB) AllocSpace objects, 1(4MB) LOS objects, 7% free, 188MB/204MB, paused 1.861ms total 73.247ms
08-03 17:27:55.672  1766  1766 I ServiceManager: Waiting for service AtCmdFwd...
08-03 17:27:55.695 32547 32618 I art     : Starting a blocking GC Explicit
08-03 17:27:55.771 32547 32618 I art     : Explicit concurrent mark sweep GC freed 2398(107KB) AllocSpace objects, 2(48KB) LOS objects, 7% free, 188MB/204MB, paused 1.736ms total 75.864ms
08-03 17:27:55.794 32547 32618 I art     : Starting a blocking GC Explicit
08-03 17:27:55.870 32547 32618 I art     : Explicit concurrent mark sweep GC freed 173(3KB) AllocSpace objects, 0(0B) LOS objects, 7% free, 188MB/204MB, paused 1.693ms total 75.264ms
08-03 17:27:55.893 32547 32618 I art     : Starting a blocking GC Explicit
08-03 17:27:55.974 32547 32618 I art     : Explicit concurrent mark sweep GC freed 155(2624B) AllocSpace objects, 0(0B) LOS objects, 7% free, 188MB/204MB, paused 1.992ms total 80.879ms
08-03 17:27:55.997 32547 32618 I art     : Starting a blocking GC Explicit
08-03 17:27:56.082 32547 32618 I art     : Explicit concurrent mark sweep GC freed 164(2800B) AllocSpace objects, 0(0B) LOS objects, 7% free, 188MB/204MB, paused 1.966ms total 84.567ms
08-03 17:27:56.108 32547 32618 I art     : Starting a blocking GC Explicit
08-03 17:27:56.190 32547 32618 I art     : Explicit concurrent mark sweep GC freed 161(3KB) AllocSpace objects, 0(0B) LOS objects, 7% free, 188MB/204MB, paused 2.263ms total 81.816ms
08-03 17:27:56.639 32547 32560 I art     : Starting a blocking GC Explicit
08-03 17:27:56.673  1766  1766 I ServiceManager: Waiting for service AtCmdFwd...
08-03 17:27:56.729 32547 32560 I art     : Explicit concurrent mark sweep GC freed 2397(106KB) AllocSpace objects, 2(48KB) LOS objects, 7% free, 188MB/204MB, paused 1.791ms total 89.255ms
08-03 17:27:56.755 32547 32560 I art     : Starting a blocking GC Explicit
08-03 17:27:56.840 32547 32560 I art     : Explicit concurrent mark sweep GC freed 211(4KB) AllocSpace objects, 0(0B) LOS objects, 7% free, 188MB/204MB, paused 1.823ms total 84.844ms
08-03 17:27:56.863 32547 32560 I art     : Starting a blocking GC Explicit
08-03 17:27:56.945 32547 32560 I art     : Explicit concurrent mark sweep GC freed 171(2896B) AllocSpace objects, 0(0B) LOS objects, 7% free, 188MB/204MB, paused 1.861ms total 81.849ms
08-03 17:27:56.968 32547 32560 I art     : Starting a blocking GC Explicit
08-03 17:27:57.051 32547 32560 I art     : Explicit concurrent mark sweep GC freed 148(2528B) AllocSpace objects, 0(0B) LOS objects, 7% free, 188MB/204MB, paused 1.753ms total 83.350ms
08-03 17:27:57.075 32547 32560 I art     : Starting a blocking GC Explicit
08-03 17:27:57.159 32547 32560 I art     : Explicit concurrent mark sweep GC freed 171(2896B) AllocSpace objects, 0(0B) LOS objects, 7% free, 188MB/204MB, paused 2.001ms total 84.640ms
08-03 17:27:57.617 32547 32558 I art     : Starting a blocking GC Explicit
08-03 17:27:57.674  1766  1766 I ServiceManager: Waiting for service AtCmdFwd...
08-03 17:27:57.705 32547 32558 I art     : Explicit concurrent mark sweep GC freed 2370(105KB) AllocSpace objects, 2(48KB) LOS objects, 7% free, 188MB/204MB, paused 1.800ms total 87.047ms
08-03 17:27:57.730 32547 32558 I art     : Starting a blocking GC Explicit
08-03 17:27:57.810 32547 32558 I art     : Explicit concurrent mark sweep GC freed 245(5KB) AllocSpace objects, 0(0B) LOS objects, 7% free, 188MB/204MB, paused 1.905ms total 79.940ms
08-03 17:27:57.833 32547 32558 I art     : Starting a blocking GC Explicit
08-03 17:27:57.916 32547 32558 I art     : Explicit concurrent mark sweep GC freed 146(2464B) AllocSpace objects, 0(0B) LOS objects, 7% free, 188MB/204MB, paused 1.860ms total 82.105ms
08-03 17:27:57.939 32547 32558 I art     : Starting a blocking GC Explicit
08-03 17:27:58.024 32547 32558 I art     : Explicit concurrent mark sweep GC freed 147(2496B) AllocSpace objects, 0(0B) LOS objects, 7% free, 188MB/204MB, paused 1.880ms total 84.378ms
08-03 17:27:58.047 32547 32558 I art     : Starting a blocking GC Explicit
08-03 17:27:58.133 32547 32558 I art     : Explicit concurrent mark sweep GC freed 172(2928B) AllocSpace objects, 0(0B) LOS objects, 7% free, 188MB/204MB, paused 1.818ms total 85.721ms
08-03 17:27:58.594 32547  1003 I art     : Starting a blocking GC Explicit
08-03 17:27:58.673 32547  1003 I art     : Explicit concurrent mark sweep GC freed 2357(104KB) AllocSpace objects, 2(48KB) LOS objects, 7% free, 188MB/204MB, paused 1.775ms total 78.708ms
08-03 17:27:58.674  1766  1766 W Atfwd_Sendcmd: AtCmdFwd service not published, waiting... retryCnt : 5
08-03 17:27:58.695 32547  1003 I art     : Starting a blocking GC Explicit
08-03 17:27:58.774 32547  1003 I art     : Explicit concurrent mark sweep GC freed 210(4KB) AllocSpace objects, 0(0B) LOS objects, 7% free, 188MB/204MB, paused 1.824ms total 77.911ms
08-03 17:27:58.797 32547  1003 I art     : Starting a blocking GC Explicit
08-03 17:27:58.877 32547  1003 I art     : Explicit concurrent mark sweep GC freed 153(2608B) AllocSpace objects, 0(0B) LOS objects, 7% free, 188MB/204MB, paused 1.940ms total 80.151ms
08-03 17:27:58.900 32547  1003 I art     : Starting a blocking GC Explicit
08-03 17:27:58.982 32547  1003 I art     : Explicit concurrent mark sweep GC freed 165(2784B) AllocSpace objects, 0(0B) LOS objects, 7% free, 188MB/204MB, paused 1.951ms total 81.254ms
08-03 17:27:59.005 32547  1003 I art     : Starting a blocking GC Explicit
08-03 17:27:59.088 32547  1003 I art     : Explicit concurrent mark sweep GC freed 154(2928B) AllocSpace objects, 0(0B) LOS objects, 7% free, 188MB/204MB, paused 1.970ms total 82.597ms
08-03 17:27:59.151  3216  3216 D AndroidRuntime: >>>>>> START com.android.internal.os.RuntimeInit uid 2000 <<<<<<
08-03 17:27:59.158  3216  3216 D AndroidRuntime: CheckJNI is OFF
08-03 17:27:59.202  3216  3216 D ICU     : No timezone override file found: /data/misc/zoneinfo/current/icu/icu_tzdata.dat
08-03 17:27:59.248  3216  3216 I Radio-JNI: register_android_hardware_Radio DONE
08-03 17:27:59.276  3216  3216 D AndroidRuntime: Calling main entry com.android.commands.input.Input
08-03 17:27:59.278  3216  3216 I Input   : injectKeyEvent: KeyEvent { action=ACTION_DOWN, keyCode=KEYCODE_BACK, scanCode=0, metaState=0, flags=0x0, repeatCount=0, eventTime=638895691, downTime=638895691, deviceId=-1, source=0x101 }
08-03 17:27:59.287  3216  3216 I Input   : injectKeyEvent: KeyEvent { action=ACTION_UP, keyCode=KEYCODE_BACK, scanCode=0, metaState=0, flags=0x0, repeatCount=0, eventTime=638895691, downTime=638895691, deviceId=-1, source=0x101 }
08-03 17:27:59.296  3216  3216 D AndroidRuntime: Shutting down VM
08-03 17:27:59.308 32547 32547 V MainActivity: url = https://project-travel-mate.herokuapp.com/api/number-of-unread-notifications
08-03 17:27:59.338 13866 13866 I GoogleInputMethodServic: GoogleInputMethodService.onFinishInput():3138 
08-03 17:27:59.339 13866 13866 I GoogleInputMethodServic: GoogleInputMethodService.onStartInput():1808 
08-03 17:27:59.511 32547 32558 I art     : Starting a blocking GC Explicit
08-03 17:27:59.600 32547 32558 I art     : Explicit concurrent mark sweep GC freed 2741(126KB) AllocSpace objects, 2(48KB) LOS objects, 7% free, 188MB/204MB, paused 2.786ms total 88.997ms
08-03 17:27:59.627 32547 32558 I art     : Starting a blocking GC Explicit
08-03 17:27:59.673   380   380 W SurfaceFlinger: couldn't log to binary event log: overflow.
08-03 17:27:59.701 32547 32558 I art     : Explicit concurrent mark sweep GC freed 218(5KB) AllocSpace objects, 0(0B) LOS objects, 7% free, 188MB/204MB, paused 1.651ms total 73.952ms
08-03 17:27:59.723 32547 32558 I art     : Starting a blocking GC Explicit
08-03 17:27:59.804 32547 32558 I art     : Explicit concurrent mark sweep GC freed 52(1536B) AllocSpace objects, 1(188KB) LOS objects, 7% free, 187MB/203MB, paused 1.952ms total 80.227ms
08-03 17:27:59.826 32547 32558 I art     : Starting a blocking GC Explicit
08-03 17:27:59.892 32547  3237 I NAPPA_EXPERIMENTATION: MetricNetworkRequestExecutionTime: REQUEST_DURATION_SYSTEM='583',REQUEST_DURATION_OKHTTP='39',REQUEST_SYNCHRONOUS='FALSE',RESPONSE_CODE='200',RESPONSE_METHOD='GET',RESPONSE_LENGTH_OKHTTP='36',RESPONSE_LENGTH_HEADER='36',REQUEST_PROTOCOL='http/1.1',REQUEST_URL='https://project-travel-mate.herokuapp.com/api/number-of-unread-notifications',
08-03 17:27:59.906 32547 32558 I art     : Explicit concurrent mark sweep GC freed 9304(502KB) AllocSpace objects, 15(384KB) LOS objects, 7% free, 187MB/203MB, paused 1.810ms total 79.181ms
08-03 17:27:59.929 32547 32558 I art     : Starting a blocking GC Explicit
08-03 17:28:00.007 32547 32558 I art     : Explicit concurrent mark sweep GC freed 984(118KB) AllocSpace objects, 1(80KB) LOS objects, 7% free, 187MB/203MB, paused 1.844ms total 77.705ms
08-03 17:28:00.412 32547 32560 I art     : Starting a blocking GC Explicit
08-03 17:28:00.508 32547 32560 I art     : Explicit concurrent mark sweep GC freed 1682(96KB) AllocSpace objects, 2(48KB) LOS objects, 7% free, 187MB/203MB, paused 2.136ms total 95.395ms
08-03 17:28:00.535 32547 32560 I art     : Starting a blocking GC Explicit
08-03 17:28:00.607 32547 32560 I art     : Explicit concurrent mark sweep GC freed 61(2736B) AllocSpace objects, 0(0B) LOS objects, 7% free, 187MB/203MB, paused 1.747ms total 72.559ms
08-03 17:28:00.630 32547 32560 I art     : Starting a blocking GC Explicit
08-03 17:28:00.705 32547 32560 I art     : Explicit concurrent mark sweep GC freed 42(1536B) AllocSpace objects, 0(0B) LOS objects, 7% free, 187MB/203MB, paused 1.773ms total 74.679ms
08-03 17:28:00.729 32547 32560 I art     : Starting a blocking GC Explicit
08-03 17:28:00.804 32547 32560 I art     : Explicit concurrent mark sweep GC freed 42(1136B) AllocSpace objects, 0(0B) LOS objects, 7% free, 187MB/203MB, paused 1.763ms total 74.878ms
08-03 17:28:00.826 32547 32560 I art     : Starting a blocking GC Explicit
08-03 17:28:00.904 32547 32560 I art     : Explicit concurrent mark sweep GC freed 3(96B) AllocSpace objects, 0(0B) LOS objects, 7% free, 187MB/203MB, paused 1.812ms total 77.932ms
08-03 17:28:01.061  3279  3279 D AndroidRuntime: >>>>>> START com.android.internal.os.RuntimeInit uid 2000 <<<<<<
08-03 17:28:01.066  3279  3279 D AndroidRuntime: CheckJNI is OFF
08-03 17:28:01.105  3279  3279 D ICU     : No timezone override file found: /data/misc/zoneinfo/current/icu/icu_tzdata.dat
08-03 17:28:01.146  3279  3279 I Radio-JNI: register_android_hardware_Radio DONE
08-03 17:28:01.174  3279  3279 D AndroidRuntime: Calling main entry com.android.commands.input.Input
08-03 17:28:01.175  3279  3279 I Input   : injectMotionEvent: MotionEvent { action=ACTION_DOWN, actionButton=0, id[0]=0, x[0]=117.0, y[0]=170.0, toolType[0]=TOOL_TYPE_UNKNOWN, buttonState=0, metaState=0, flags=0x0, edgeFlags=0x0, pointerCount=1, historySize=0, eventTime=638897588, downTime=638897588, deviceId=0, source=0x1002 }
08-03 17:28:01.196  3279  3279 I Input   : injectMotionEvent: MotionEvent { action=ACTION_UP, actionButton=0, id[0]=0, x[0]=117.0, y[0]=170.0, toolType[0]=TOOL_TYPE_UNKNOWN, buttonState=0, metaState=0, flags=0x0, edgeFlags=0x0, pointerCount=1, historySize=0, eventTime=638897588, downTime=638897588, deviceId=0, source=0x1002 }
08-03 17:28:01.234  3279  3279 D AndroidRuntime: Shutting down VM
08-03 17:28:01.277   512  2967 D audio_hw_primary: out_set_parameters: enter: usecase(1: low-latency-playback) kvpairs: routing=2
08-03 17:28:01.289   512  2967 D audio_hw_primary: select_devices: out_snd_device(2: speaker) in_snd_device(0: none)
08-03 17:28:01.289   512  2967 D msm8974_platform: platform_send_audio_calibration: sending audio calibration for snd_device(2) acdb_id(15)
08-03 17:28:01.290   512  2967 I soundtrigger: audio_extn_sound_trigger_update_device_status: device 0x2 of type 0 for Event 1
08-03 17:28:01.299   512  2967 D audio_hw_primary: enable_snd_device: snd_device(2: speaker)
08-03 17:28:01.302   512  2967 D audio_hw_primary: enable_audio_route: apply and update mixer path: low-latency-playback speaker
08-03 17:28:01.327 32547 32618 I art     : Starting a blocking GC Explicit
08-03 17:28:01.396 32547 32618 I art     : Explicit concurrent mark sweep GC freed 1938(110KB) AllocSpace objects, 2(48KB) LOS objects, 7% free, 187MB/203MB, paused 1.807ms total 68.159ms
08-03 17:28:01.417 32547 32618 I art     : Starting a blocking GC Explicit
08-03 17:28:01.484 32547 32618 I art     : Explicit concurrent mark sweep GC freed 140(5KB) AllocSpace objects, 0(0B) LOS objects, 7% free, 187MB/203MB, paused 1.622ms total 66.801ms
08-03 17:28:01.505 32547 32618 I art     : Starting a blocking GC Explicit
08-03 17:28:01.573 32547 32618 I art     : Explicit concurrent mark sweep GC freed 3(96B) AllocSpace objects, 0(0B) LOS objects, 7% free, 187MB/203MB, paused 1.625ms total 67.751ms
08-03 17:28:01.595 32547 32618 I art     : Starting a blocking GC Explicit
08-03 17:28:01.664 32547 32618 I art     : Explicit concurrent mark sweep GC freed 3(96B) AllocSpace objects, 0(0B) LOS objects, 7% free, 187MB/203MB, paused 1.635ms total 68.813ms
08-03 17:28:01.686 32547 32618 I art     : Starting a blocking GC Explicit
08-03 17:28:01.751 32547 32618 I art     : Explicit concurrent mark sweep GC freed 5(160B) AllocSpace objects, 0(0B) LOS objects, 7% free, 187MB/203MB, paused 1.625ms total 64.740ms
08-03 17:28:01.840   512  2967 D audio_hw_primary: disable_audio_route: reset and update mixer path: low-latency-playback speaker
08-03 17:28:01.841   512  2967 D audio_hw_primary: disable_snd_device: snd_device(2: speaker)
08-03 17:28:01.849   512  2967 I soundtrigger: audio_extn_sound_trigger_update_device_status: device 0x2 of type 0 for Event 0
08-03 17:28:01.980  3302  3302 D AndroidRuntime: >>>>>> START com.android.internal.os.RuntimeInit uid 2000 <<<<<<
08-03 17:28:01.986  3302  3302 D AndroidRuntime: CheckJNI is OFF
08-03 17:28:02.028  3302  3302 D ICU     : No timezone override file found: /data/misc/zoneinfo/current/icu/icu_tzdata.dat
08-03 17:28:02.071  3302  3302 I Radio-JNI: register_android_hardware_Radio DONE
08-03 17:28:02.100  3302  3302 D AndroidRuntime: Calling main entry com.android.commands.input.Input
08-03 17:28:02.102  3302  3302 I Input   : injectMotionEvent: MotionEvent { action=ACTION_DOWN, actionButton=0, id[0]=0, x[0]=405.0, y[0]=661.0, toolType[0]=TOOL_TYPE_UNKNOWN, buttonState=0, metaState=0, flags=0x0, edgeFlags=0x0, pointerCount=1, historySize=0, eventTime=638898515, downTime=638898515, deviceId=0, source=0x1002 }
08-03 17:28:02.107  3302  3302 I Input   : injectMotionEvent: MotionEvent { action=ACTION_UP, actionButton=0, id[0]=0, x[0]=405.0, y[0]=661.0, toolType[0]=TOOL_TYPE_UNKNOWN, buttonState=0, metaState=0, flags=0x0, edgeFlags=0x0, pointerCount=1, historySize=0, eventTime=638898515, downTime=638898515, deviceId=0, source=0x1002 }
08-03 17:28:02.109  3302  3302 D AndroidRuntime: Shutting down VM
08-03 17:28:02.134   512  2967 D audio_hw_primary: out_set_parameters: enter: usecase(1: low-latency-playback) kvpairs: routing=2
08-03 17:28:02.148   512  2967 D audio_hw_primary: select_devices: out_snd_device(2: speaker) in_snd_device(0: none)
08-03 17:28:02.148   512  2967 D msm8974_platform: platform_send_audio_calibration: sending audio calibration for snd_device(2) acdb_id(15)
08-03 17:28:02.148   512  2967 I soundtrigger: audio_extn_sound_trigger_update_device_status: device 0x2 of type 0 for Event 1
08-03 17:28:02.153 32547  1003 I art     : Starting a blocking GC Explicit
08-03 17:28:02.158   512  2967 D audio_hw_primary: enable_snd_device: snd_device(2: speaker)
08-03 17:28:02.160   512  2967 D audio_hw_primary: enable_audio_route: apply and update mixer path: low-latency-playback speaker
08-03 17:28:02.206   512  2967 D AudioFlinger: mixer(0xf4740000) throttle end: throttle time(12)
08-03 17:28:02.220 32547  1003 I art     : Explicit concurrent mark sweep GC freed 3593(164KB) AllocSpace objects, 2(48KB) LOS objects, 7% free, 187MB/203MB, paused 1.788ms total 67.380ms
08-03 17:28:02.245 32547  1003 I art     : Starting a blocking GC Explicit
08-03 17:28:02.313 32547  1003 I art     : Explicit concurrent mark sweep GC freed 919(52KB) AllocSpace objects, 0(0B) LOS objects, 7% free, 187MB/203MB, paused 1.958ms total 67.501ms
08-03 17:28:02.334 32547  1003 I art     : Starting a blocking GC Explicit
08-03 17:28:02.406 32547  1003 I art     : Explicit concurrent mark sweep GC freed 45(1152B) AllocSpace objects, 9(252KB) LOS objects, 7% free, 187MB/203MB, paused 1.761ms total 71.604ms
08-03 17:28:02.429 32547  1003 I art     : Starting a blocking GC Explicit
08-03 17:28:02.506 32547  1003 I art     : Explicit concurrent mark sweep GC freed 3(96B) AllocSpace objects, 0(0B) LOS objects, 7% free, 187MB/203MB, paused 1.804ms total 77.080ms
08-03 17:28:02.531 32547  1003 I art     : Starting a blocking GC Explicit
08-03 17:28:02.611 32547  1003 I art     : Explicit concurrent mark sweep GC freed 27(864B) AllocSpace objects, 0(0B) LOS objects, 7% free, 187MB/203MB, paused 1.556ms total 79.547ms
08-03 17:28:02.709   512  2967 D audio_hw_primary: disable_audio_route: reset and update mixer path: low-latency-playback speaker
08-03 17:28:02.709   512  2967 D audio_hw_primary: disable_snd_device: snd_device(2: speaker)
08-03 17:28:02.717   512  2967 I soundtrigger: audio_extn_sound_trigger_update_device_status: device 0x2 of type 0 for Event 0
08-03 17:28:03.054 32547 32560 I art     : Starting a blocking GC Explicit
08-03 17:28:03.151 32547 32560 I art     : Explicit concurrent mark sweep GC freed 1628(93KB) AllocSpace objects, 2(48KB) LOS objects, 7% free, 187MB/203MB, paused 2.121ms total 96.427ms
08-03 17:28:03.179 32547 32560 I art     : Starting a blocking GC Explicit
08-03 17:28:03.262 32547 32560 I art     : Explicit concurrent mark sweep GC freed 28(1024B) AllocSpace objects, 0(0B) LOS objects, 7% free, 187MB/203MB, paused 1.986ms total 82.789ms
08-03 17:28:03.288 32547 32560 I art     : Starting a blocking GC Explicit
08-03 17:28:03.367 32547 32560 I art     : Explicit concurrent mark sweep GC freed 3(96B) AllocSpace objects, 0(0B) LOS objects, 7% free, 187MB/203MB, paused 1.749ms total 78.978ms
08-03 17:28:03.394 32547 32560 I art     : Starting a blocking GC Explicit
08-03 17:28:03.472 32547 32560 I art     : Explicit concurrent mark sweep GC freed 3(96B) AllocSpace objects, 0(0B) LOS objects, 7% free, 187MB/203MB, paused 1.738ms total 76.938ms
08-03 17:28:03.495 32547 32560 I art     : Starting a blocking GC Explicit
08-03 17:28:03.575 32547 32560 I art     : Explicit concurrent mark sweep GC freed 3(96B) AllocSpace objects, 0(0B) LOS objects, 7% free, 187MB/203MB, paused 1.766ms total 79.274ms
08-03 17:28:04.013 32547 32558 I art     : Starting a blocking GC Explicit
08-03 17:28:04.119 32547 32558 I art     : Explicit concurrent mark sweep GC freed 1640(93KB) AllocSpace objects, 2(48KB) LOS objects, 7% free, 187MB/203MB, paused 2.239ms total 105.522ms
08-03 17:28:04.148 32547 32558 I art     : Starting a blocking GC Explicit
08-03 17:28:04.235 32547 32558 I art     : Explicit concurrent mark sweep GC freed 49(2320B) AllocSpace objects, 0(0B) LOS objects, 7% free, 187MB/203MB, paused 1.870ms total 86.760ms
08-03 17:28:04.262 32547 32558 I art     : Starting a blocking GC Explicit
08-03 17:28:04.348 32547 32558 I art     : Explicit concurrent mark sweep GC freed 3(96B) AllocSpace objects, 0(0B) LOS objects, 7% free, 187MB/203MB, paused 1.848ms total 86.141ms
08-03 17:28:04.371 32547 32558 I art     : Starting a blocking GC Explicit
08-03 17:28:04.445 32547 32558 I art     : Explicit concurrent mark sweep GC freed 3(96B) AllocSpace objects, 0(0B) LOS objects, 7% free, 187MB/203MB, paused 1.754ms total 73.501ms
08-03 17:28:04.468 32547 32558 I art     : Starting a blocking GC Explicit
08-03 17:28:04.543 32547 32558 I art     : Explicit concurrent mark sweep GC freed 3(96B) AllocSpace objects, 0(0B) LOS objects, 7% free, 187MB/203MB, paused 1.868ms total 75.173ms
08-03 17:28:04.913  3355  3355 D AndroidRuntime: >>>>>> START com.android.internal.os.RuntimeInit uid 2000 <<<<<<
08-03 17:28:04.920  3355  3355 D AndroidRuntime: CheckJNI is OFF
08-03 17:28:04.970  3355  3355 D ICU     : No timezone override file found: /data/misc/zoneinfo/current/icu/icu_tzdata.dat
08-03 17:28:04.979 32547 32618 I art     : Starting a blocking GC Explicit
08-03 17:28:05.020  3355  3355 I Radio-JNI: register_android_hardware_Radio DONE
08-03 17:28:05.050  3355  3355 D AndroidRuntime: Calling main entry com.android.commands.input.Input
08-03 17:28:05.053  3355  3355 I Input   : injectMotionEvent: MotionEvent { action=ACTION_DOWN, actionButton=0, id[0]=0, x[0]=1341.0, y[0]=197.0, toolType[0]=TOOL_TYPE_UNKNOWN, buttonState=0, metaState=0, flags=0x0, edgeFlags=0x0, pointerCount=1, historySize=0, eventTime=638901465, downTime=638901465, deviceId=0, source=0x1002 }
08-03 17:28:05.060  3355  3355 I Input   : injectMotionEvent: MotionEvent { action=ACTION_UP, actionButton=0, id[0]=0, x[0]=1341.0, y[0]=197.0, toolType[0]=TOOL_TYPE_UNKNOWN, buttonState=0, metaState=0, flags=0x0, edgeFlags=0x0, pointerCount=1, historySize=0, eventTime=638901465, downTime=638901465, deviceId=0, source=0x1002 }
08-03 17:28:05.061 32547 32618 I art     : Explicit concurrent mark sweep GC freed 1628(93KB) AllocSpace objects, 2(48KB) LOS objects, 7% free, 187MB/203MB, paused 1.924ms total 82.248ms
08-03 17:28:05.062 32547 32557 I art     : WaitForGcToComplete blocked for 54.028ms for cause HeapTrim
08-03 17:28:05.062  3355  3355 D AndroidRuntime: Shutting down VM
08-03 17:28:05.080   918  5481 I ActivityManager: START u0 {cmp=baseline.io.github.project_travel_mate/.notifications.NotificationsActivity} from uid 10623 on display 0
08-03 17:28:05.083   512  2967 D audio_hw_primary: out_set_parameters: enter: usecase(1: low-latency-playback) kvpairs: routing=2
08-03 17:28:05.086 32547 32618 I art     : Starting a blocking GC Explicit
08-03 17:28:05.096   512  2967 D audio_hw_primary: select_devices: out_snd_device(2: speaker) in_snd_device(0: none)
08-03 17:28:05.096   512  2967 D msm8974_platform: platform_send_audio_calibration: sending audio calibration for snd_device(2) acdb_id(15)
08-03 17:28:05.096   512  2967 I soundtrigger: audio_extn_sound_trigger_update_device_status: device 0x2 of type 0 for Event 1
08-03 17:28:05.107   512  2967 D audio_hw_primary: enable_snd_device: snd_device(2: speaker)
08-03 17:28:05.109   512  2967 D audio_hw_primary: enable_audio_route: apply and update mixer path: low-latency-playback speaker
08-03 17:28:05.110 32547 32613 D Gabe    : call	returning from cache
08-03 17:28:05.122 32547 32547 V EXECUTING: https://project-travel-mate.herokuapp.com/api/get-notifications
08-03 17:28:05.124 32547 32547 V EXECUTING: https://project-travel-mate.herokuapp.com/api/get-notifications
08-03 17:28:05.159 32547 32618 I art     : Explicit concurrent mark sweep GC freed 1261(74KB) AllocSpace objects, 0(0B) LOS objects, 7% free, 187MB/203MB, paused 2.020ms total 73.289ms
08-03 17:28:05.181 32547 32618 I art     : Starting a blocking GC Explicit
08-03 17:28:05.251 32547 32618 I art     : Explicit concurrent mark sweep GC freed 1043(56KB) AllocSpace objects, 0(0B) LOS objects, 7% free, 191MB/207MB, paused 2.012ms total 70.224ms
08-03 17:28:05.274 32547 32618 I art     : Starting a blocking GC Explicit
08-03 17:28:05.276   918   936 I ActivityManager: Displayed baseline.io.github.project_travel_mate/.notifications.NotificationsActivity: +187ms
08-03 17:28:05.284 13866 13866 I GoogleInputMethodServic: GoogleInputMethodService.onFinishInput():3138 
08-03 17:28:05.285 13866 13866 I GoogleInputMethodServic: GoogleInputMethodService.onStartInput():1808 
08-03 17:28:05.352 32547 32618 I art     : Explicit concurrent mark sweep GC freed 230(7KB) AllocSpace objects, 0(0B) LOS objects, 7% free, 191MB/207MB, paused 2.158ms total 77.561ms
08-03 17:28:05.375 32547 32618 I art     : Starting a blocking GC Explicit
08-03 17:28:05.386 32547 32563 D OpenGLRenderer: endAllStagingAnimators on 0x7f7bfdec00 (RippleDrawable) with handle 0x7f7beb6840
08-03 17:28:05.446 32547 32618 I art     : Explicit concurrent mark sweep GC freed 147(3056B) AllocSpace objects, 0(0B) LOS objects, 7% free, 191MB/207MB, paused 1.826ms total 70.902ms
08-03 17:28:05.530   380   380 W SurfaceFlinger: couldn't log to binary event log: overflow.
08-03 17:28:05.632 32547  3384 I NAPPA_EXPERIMENTATION: MetricNetworkRequestExecutionTime: REQUEST_DURATION_SYSTEM='507',REQUEST_DURATION_OKHTTP='50',REQUEST_SYNCHRONOUS='FALSE',RESPONSE_CODE='200',RESPONSE_METHOD='GET',RESPONSE_LENGTH_OKHTTP='2',RESPONSE_LENGTH_HEADER='2',REQUEST_PROTOCOL='http/1.1',REQUEST_URL='https://project-travel-mate.herokuapp.com/api/get-notifications',
08-03 17:28:05.639   512  2967 D audio_hw_primary: disable_audio_route: reset and update mixer path: low-latency-playback speaker
08-03 17:28:05.642   512  2967 D audio_hw_primary: disable_snd_device: snd_device(2: speaker)
08-03 17:28:05.648 32547  3383 I NAPPA_EXPERIMENTATION: MetricNetworkRequestExecutionTime: REQUEST_DURATION_SYSTEM='525',REQUEST_DURATION_OKHTTP='65',REQUEST_SYNCHRONOUS='FALSE',RESPONSE_CODE='200',RESPONSE_METHOD='GET',RESPONSE_LENGTH_OKHTTP='2',RESPONSE_LENGTH_HEADER='2',REQUEST_PROTOCOL='http/1.1',REQUEST_URL='https://project-travel-mate.herokuapp.com/api/get-notifications',
08-03 17:28:05.651   512  2967 I soundtrigger: audio_extn_sound_trigger_update_device_status: device 0x2 of type 0 for Event 0
08-03 17:28:05.829 32547 32547 V Response: [] 
08-03 17:28:05.833 32547 32613 D Gabe    : call	returning from cache
08-03 17:28:05.834 32547 32547 V Response: [] 
08-03 17:28:05.837 32547  1003 I art     : Starting a blocking GC Explicit
08-03 17:28:05.838 32547 32613 D Gabe    : call	returning from cache
08-03 17:28:05.911 32547  1003 I art     : Explicit concurrent mark sweep GC freed 9714(467KB) AllocSpace objects, 9(636KB) LOS objects, 7% free, 192MB/208MB, paused 1.760ms total 73.921ms
08-03 17:28:05.934 32547  1003 I art     : Starting a blocking GC Explicit
08-03 17:28:06.000 32547  1003 I art     : Explicit concurrent mark sweep GC freed 4021(311KB) AllocSpace objects, 0(0B) LOS objects, 7% free, 192MB/208MB, paused 1.804ms total 66.120ms
08-03 17:28:06.022 32547  1003 I art     : Starting a blocking GC Explicit
08-03 17:28:06.088 32547  1003 I art     : Explicit concurrent mark sweep GC freed 415(6KB) AllocSpace objects, 0(0B) LOS objects, 7% free, 192MB/208MB, paused 1.822ms total 66.160ms
08-03 17:28:06.110 32547  1003 I art     : Starting a blocking GC Explicit
08-03 17:28:06.175 32547  1003 I art     : Explicit concurrent mark sweep GC freed 470(10KB) AllocSpace objects, 0(0B) LOS objects, 7% free, 192MB/208MB, paused 1.624ms total 65.152ms
08-03 17:28:06.197 32547  1003 I art     : Starting a blocking GC Explicit
08-03 17:28:06.263 32547  1003 I art     : Explicit concurrent mark sweep GC freed 499(15KB) AllocSpace objects, 0(0B) LOS objects, 7% free, 192MB/208MB, paused 1.652ms total 66.031ms
08-03 17:28:06.684 32547 32558 I art     : Starting a blocking GC Explicit
08-03 17:28:06.755 32547 32558 I art     : Explicit concurrent mark sweep GC freed 3741(127KB) AllocSpace objects, 2(48KB) LOS objects, 7% free, 192MB/208MB, paused 1.928ms total 71.176ms
08-03 17:28:06.777 32547 32558 I art     : Starting a blocking GC Explicit
08-03 17:28:06.844 32547 32558 I art     : Explicit concurrent mark sweep GC freed 448(8KB) AllocSpace objects, 0(0B) LOS objects, 7% free, 192MB/208MB, paused 1.567ms total 66.522ms
08-03 17:28:06.866 32547 32558 I art     : Starting a blocking GC Explicit
08-03 17:28:06.932 32547 32558 I art     : Explicit concurrent mark sweep GC freed 364(5KB) AllocSpace objects, 0(0B) LOS objects, 7% free, 192MB/208MB, paused 1.550ms total 66.219ms
08-03 17:28:06.953 32547 32558 I art     : Starting a blocking GC Explicit
08-03 17:28:07.021 32547 32558 I art     : Explicit concurrent mark sweep GC freed 416(6KB) AllocSpace objects, 0(0B) LOS objects, 7% free, 192MB/208MB, paused 1.910ms total 67.239ms
08-03 17:28:07.043 32547 32558 I art     : Starting a blocking GC Explicit
08-03 17:28:07.112 32547 32558 I art     : Explicit concurrent mark sweep GC freed 368(5KB) AllocSpace objects, 0(0B) LOS objects, 7% free, 192MB/208MB, paused 1.574ms total 68.716ms
08-03 17:28:07.519 32547 32558 I art     : Starting a blocking GC Explicit
08-03 17:28:07.588 32547 32558 I art     : Explicit concurrent mark sweep GC freed 3630(125KB) AllocSpace objects, 2(48KB) LOS objects, 7% free, 192MB/208MB, paused 1.821ms total 68.965ms
08-03 17:28:07.610 32547 32558 I art     : Starting a blocking GC Explicit
08-03 17:28:07.675 32547 32558 I art     : Explicit concurrent mark sweep GC freed 421(7KB) AllocSpace objects, 0(0B) LOS objects, 7% free, 192MB/208MB, paused 1.567ms total 64.447ms
08-03 17:28:07.697 32547 32558 I art     : Starting a blocking GC Explicit
08-03 17:28:07.766 32547 32558 I art     : Explicit concurrent mark sweep GC freed 391(6KB) AllocSpace objects, 0(0B) LOS objects, 7% free, 192MB/208MB, paused 1.561ms total 68.980ms
08-03 17:28:07.788 32547 32558 I art     : Starting a blocking GC Explicit
08-03 17:28:07.855 32547 32558 I art     : Explicit concurrent mark sweep GC freed 422(6KB) AllocSpace objects, 0(0B) LOS objects, 7% free, 192MB/208MB, paused 1.765ms total 67.475ms
08-03 17:28:07.878 32547 32558 I art     : Starting a blocking GC Explicit
08-03 17:28:07.947 32547 32558 I art     : Explicit concurrent mark sweep GC freed 355(5KB) AllocSpace objects, 0(0B) LOS objects, 7% free, 192MB/208MB, paused 1.510ms total 68.458ms
08-03 17:28:08.354 32547 32558 I art     : Starting a blocking GC Explicit
08-03 17:28:08.422 32547 32558 I art     : Explicit concurrent mark sweep GC freed 3608(124KB) AllocSpace objects, 2(48KB) LOS objects, 7% free, 192MB/208MB, paused 1.894ms total 67.999ms
08-03 17:28:08.445 32547 32558 I art     : Starting a blocking GC Explicit
08-03 17:28:08.511 32547 32558 I art     : Explicit concurrent mark sweep GC freed 411(7KB) AllocSpace objects, 0(0B) LOS objects, 7% free, 192MB/208MB, paused 1.567ms total 65.611ms
08-03 17:28:08.533 32547 32558 I art     : Starting a blocking GC Explicit
08-03 17:28:08.603 32547 32558 I art     : Explicit concurrent mark sweep GC freed 362(5KB) AllocSpace objects, 0(0B) LOS objects, 7% free, 192MB/208MB, paused 1.903ms total 69.560ms
08-03 17:28:08.624 32547 32558 I art     : Starting a blocking GC Explicit
08-03 17:28:08.690 32547 32558 I art     : Explicit concurrent mark sweep GC freed 414(6KB) AllocSpace objects, 0(0B) LOS objects, 7% free, 192MB/208MB, paused 1.836ms total 65.550ms
08-03 17:28:08.712 32547 32558 I art     : Starting a blocking GC Explicit
08-03 17:28:08.779 32547 32558 I art     : Explicit concurrent mark sweep GC freed 392(6KB) AllocSpace objects, 0(0B) LOS objects, 7% free, 192MB/208MB, paused 1.543ms total 67.103ms
08-03 17:28:08.909   518   646 I ThermalEngine: ACTION: GPU - Setting GPU[0] to 390000000
08-03 17:28:08.941   918  3261 D WifiStateMachine: starting scan for "H369AA63323"WPA_PSK with 2412,5180
08-03 17:28:09.229 32547 32558 I art     : Starting a blocking GC Explicit
08-03 17:28:09.312 32547 32558 I art     : Explicit concurrent mark sweep GC freed 3841(128KB) AllocSpace objects, 2(48KB) LOS objects, 7% free, 192MB/208MB, paused 2.340ms total 82.324ms
08-03 17:28:09.341 32547 32558 I art     : Starting a blocking GC Explicit
08-03 17:28:09.421 32547 32558 I art     : Explicit concurrent mark sweep GC freed 507(9KB) AllocSpace objects, 0(0B) LOS objects, 7% free, 192MB/208MB, paused 2.269ms total 79.253ms
08-03 17:28:09.449 32547 32558 I art     : Starting a blocking GC Explicit
08-03 17:28:09.529 32547 32558 I art     : Explicit concurrent mark sweep GC freed 497(7KB) AllocSpace objects, 0(0B) LOS objects, 7% free, 192MB/208MB, paused 2.398ms total 79.127ms
08-03 17:28:09.557 32547 32558 I art     : Starting a blocking GC Explicit
08-03 17:28:09.636 32547 32558 I art     : Explicit concurrent mark sweep GC freed 593(17KB) AllocSpace objects, 0(0B) LOS objects, 7% free, 192MB/208MB, paused 2.359ms total 78.946ms
08-03 17:28:09.664 32547 32558 I art     : Starting a blocking GC Explicit
08-03 17:28:09.742 32547 32558 I art     : Explicit concurrent mark sweep GC freed 475(7KB) AllocSpace objects, 0(0B) LOS objects, 7% free, 192MB/208MB, paused 2.319ms total 78.073ms
08-03 17:28:09.943  3441  3441 D AndroidRuntime: >>>>>> START com.android.internal.os.RuntimeInit uid 2000 <<<<<<
08-03 17:28:09.949  3441  3441 D AndroidRuntime: CheckJNI is OFF
08-03 17:28:10.004  3441  3441 D ICU     : No timezone override file found: /data/misc/zoneinfo/current/icu/icu_tzdata.dat
08-03 17:28:10.048  3441  3441 I Radio-JNI: register_android_hardware_Radio DONE
08-03 17:28:10.080  3441  3441 D AndroidRuntime: Calling main entry com.android.commands.input.Input
08-03 17:28:10.082  3441  3441 I Input   : injectKeyEvent: KeyEvent { action=ACTION_DOWN, keyCode=KEYCODE_BACK, scanCode=0, metaState=0, flags=0x0, repeatCount=0, eventTime=638906495, downTime=638906495, deviceId=-1, source=0x101 }
08-03 17:28:10.098  3441  3441 I Input   : injectKeyEvent: KeyEvent { action=ACTION_UP, keyCode=KEYCODE_BACK, scanCode=0, metaState=0, flags=0x0, repeatCount=0, eventTime=638906495, downTime=638906495, deviceId=-1, source=0x101 }
08-03 17:28:10.104  3441  3441 D AndroidRuntime: Shutting down VM
08-03 17:28:10.126 32547 32547 V MainActivity: url = https://project-travel-mate.herokuapp.com/api/number-of-unread-notifications
08-03 17:28:10.196 32547 32558 I art     : Starting a blocking GC Explicit
08-03 17:28:10.207 13866 13866 I GoogleInputMethodServic: GoogleInputMethodService.onFinishInput():3138 
08-03 17:28:10.208 13866 13866 I GoogleInputMethodServic: GoogleInputMethodService.onStartInput():1808 
08-03 17:28:10.281 32547 32558 I art     : Explicit concurrent mark sweep GC freed 3938(144KB) AllocSpace objects, 2(48KB) LOS objects, 7% free, 192MB/208MB, paused 2.332ms total 85.026ms
08-03 17:28:10.310 32547 32558 I art     : Starting a blocking GC Explicit
08-03 17:28:10.413 32547 32558 I art     : Explicit concurrent mark sweep GC freed 156(4KB) AllocSpace objects, 0(0B) LOS objects, 7% free, 192MB/208MB, paused 4.938ms total 102.564ms
08-03 17:28:10.454 32547 32558 I art     : Starting a blocking GC Explicit
08-03 17:28:10.486   380   380 W SurfaceFlinger: couldn't log to binary event log: overflow.
08-03 17:28:10.554 32547 32558 I art     : Explicit concurrent mark sweep GC freed 79(2720B) AllocSpace objects, 1(4MB) LOS objects, 7% free, 187MB/203MB, paused 2.626ms total 99.214ms
08-03 17:28:10.586 32547 32558 I art     : Starting a blocking GC Explicit
08-03 17:28:10.643 32547  3464 I NAPPA_EXPERIMENTATION: MetricNetworkRequestExecutionTime: REQUEST_DURATION_SYSTEM='516',REQUEST_DURATION_OKHTTP='40',REQUEST_SYNCHRONOUS='FALSE',RESPONSE_CODE='200',RESPONSE_METHOD='GET',RESPONSE_LENGTH_OKHTTP='36',RESPONSE_LENGTH_HEADER='36',REQUEST_PROTOCOL='http/1.1',REQUEST_URL='https://project-travel-mate.herokuapp.com/api/number-of-unread-notifications',
08-03 17:28:10.686 32547 32558 I art     : Explicit concurrent mark sweep GC freed 2688(143KB) AllocSpace objects, 3(200KB) LOS objects, 7% free, 188MB/204MB, paused 2.780ms total 99.828ms
08-03 17:28:10.719 32547 32558 I art     : Starting a blocking GC Explicit
08-03 17:28:10.815 32547 32558 I art     : Explicit concurrent mark sweep GC freed 4823(299KB) AllocSpace objects, 2(56KB) LOS objects, 7% free, 187MB/203MB, paused 2.681ms total 95.509ms
08-03 17:28:11.301 32547 32560 I art     : Starting a blocking GC Explicit
08-03 17:28:11.409 32547 32560 I art     : Explicit concurrent mark sweep GC freed 1645(94KB) AllocSpace objects, 2(48KB) LOS objects, 7% free, 187MB/203MB, paused 2.665ms total 107.013ms
08-03 17:28:11.441 32547 32560 I art     : Starting a blocking GC Explicit
08-03 17:28:11.532 32547 32560 I art     : Explicit concurrent mark sweep GC freed 38(1568B) AllocSpace objects, 0(0B) LOS objects, 7% free, 187MB/203MB, paused 2.576ms total 90.748ms
08-03 17:28:11.565 32547 32560 I art     : Starting a blocking GC Explicit
08-03 17:28:11.659 32547 32560 I art     : Explicit concurrent mark sweep GC freed 3(96B) AllocSpace objects, 0(0B) LOS objects, 7% free, 187MB/203MB, paused 2.707ms total 93.502ms
08-03 17:28:11.690 32547 32560 I art     : Starting a blocking GC Explicit
08-03 17:28:11.784 32547 32560 I art     : Explicit concurrent mark sweep GC freed 41(1104B) AllocSpace objects, 0(0B) LOS objects, 7% free, 187MB/203MB, paused 2.659ms total 93.324ms
08-03 17:28:11.816 32547 32560 I art     : Starting a blocking GC Explicit
08-03 17:28:11.909 32547 32560 I art     : Explicit concurrent mark sweep GC freed 4(128B) AllocSpace objects, 0(0B) LOS objects, 7% free, 187MB/203MB, paused 2.602ms total 91.865ms
08-03 17:28:11.969  3476  3476 D AndroidRuntime: >>>>>> START com.android.internal.os.RuntimeInit uid 2000 <<<<<<
08-03 17:28:11.975  3476  3476 D AndroidRuntime: CheckJNI is OFF
08-03 17:28:12.030  3476  3476 D ICU     : No timezone override file found: /data/misc/zoneinfo/current/icu/icu_tzdata.dat
08-03 17:28:12.077  3476  3476 I Radio-JNI: register_android_hardware_Radio DONE
08-03 17:28:12.113  3476  3476 D AndroidRuntime: Calling main entry com.android.commands.input.Input
08-03 17:28:12.117  3476  3476 I Input   : injectMotionEvent: MotionEvent { action=ACTION_DOWN, actionButton=0, id[0]=0, x[0]=117.0, y[0]=170.0, toolType[0]=TOOL_TYPE_UNKNOWN, buttonState=0, metaState=0, flags=0x0, edgeFlags=0x0, pointerCount=1, historySize=0, eventTime=638908528, downTime=638908528, deviceId=0, source=0x1002 }
08-03 17:28:12.122  3476  3476 I Input   : injectMotionEvent: MotionEvent { action=ACTION_UP, actionButton=0, id[0]=0, x[0]=117.0, y[0]=170.0, toolType[0]=TOOL_TYPE_UNKNOWN, buttonState=0, metaState=0, flags=0x0, edgeFlags=0x0, pointerCount=1, historySize=0, eventTime=638908528, downTime=638908528, deviceId=0, source=0x1002 }
08-03 17:28:12.125  3476  3476 D AndroidRuntime: Shutting down VM
08-03 17:28:12.140   512  2967 D audio_hw_primary: out_set_parameters: enter: usecase(1: low-latency-playback) kvpairs: routing=2
08-03 17:28:12.154   512  2967 D audio_hw_primary: select_devices: out_snd_device(2: speaker) in_snd_device(0: none)
08-03 17:28:12.155   512  2967 D msm8974_platform: platform_send_audio_calibration: sending audio calibration for snd_device(2) acdb_id(15)
08-03 17:28:12.155   512  2967 I soundtrigger: audio_extn_sound_trigger_update_device_status: device 0x2 of type 0 for Event 1
08-03 17:28:12.177   512  2967 D audio_hw_primary: enable_snd_device: snd_device(2: speaker)
08-03 17:28:12.180   512  2967 D audio_hw_primary: enable_audio_route: apply and update mixer path: low-latency-playback speaker
08-03 17:28:12.403 32547 32558 I art     : Starting a blocking GC Explicit
08-03 17:28:12.493 32547 32558 I art     : Explicit concurrent mark sweep GC freed 2011(113KB) AllocSpace objects, 2(48KB) LOS objects, 7% free, 187MB/203MB, paused 2.478ms total 89.039ms
08-03 17:28:12.522 32547 32558 I art     : Starting a blocking GC Explicit
08-03 17:28:12.609 32547 32558 I art     : Explicit concurrent mark sweep GC freed 77(3KB) AllocSpace objects, 0(0B) LOS objects, 7% free, 187MB/203MB, paused 2.450ms total 86.610ms
08-03 17:28:12.640 32547 32558 I art     : Starting a blocking GC Explicit
08-03 17:28:12.720   512  2967 D audio_hw_primary: disable_audio_route: reset and update mixer path: low-latency-playback speaker
08-03 17:28:12.722   512  2967 D audio_hw_primary: disable_snd_device: snd_device(2: speaker)
08-03 17:28:12.727 32547 32558 I art     : Explicit concurrent mark sweep GC freed 38(1712B) AllocSpace objects, 0(0B) LOS objects, 7% free, 187MB/203MB, paused 2.410ms total 86.990ms
08-03 17:28:12.730   512  2967 I soundtrigger: audio_extn_sound_trigger_update_device_status: device 0x2 of type 0 for Event 0
08-03 17:28:12.758 32547 32558 I art     : Starting a blocking GC Explicit
08-03 17:28:12.847 32547 32558 I art     : Explicit concurrent mark sweep GC freed 54(1616B) AllocSpace objects, 0(0B) LOS objects, 7% free, 187MB/203MB, paused 2.447ms total 88.891ms
08-03 17:28:12.878 32547 32558 I art     : Starting a blocking GC Explicit
08-03 17:28:12.969 32547 32558 I art     : Explicit concurrent mark sweep GC freed 3(96B) AllocSpace objects, 0(0B) LOS objects, 7% free, 187MB/203MB, paused 2.539ms total 89.836ms
08-03 17:28:13.013  3499  3499 D AndroidRuntime: >>>>>> START com.android.internal.os.RuntimeInit uid 2000 <<<<<<
08-03 17:28:13.019  3499  3499 D AndroidRuntime: CheckJNI is OFF
08-03 17:28:13.071  3499  3499 D ICU     : No timezone override file found: /data/misc/zoneinfo/current/icu/icu_tzdata.dat
08-03 17:28:13.123  3499  3499 I Radio-JNI: register_android_hardware_Radio DONE
08-03 17:28:13.163  3499  3499 D AndroidRuntime: Calling main entry com.android.commands.input.Input
08-03 17:28:13.165  3499  3499 I Input   : injectMotionEvent: MotionEvent { action=ACTION_DOWN, actionButton=0, id[0]=0, x[0]=418.0, y[0]=842.0, toolType[0]=TOOL_TYPE_UNKNOWN, buttonState=0, metaState=0, flags=0x0, edgeFlags=0x0, pointerCount=1, historySize=0, eventTime=638909577, downTime=638909577, deviceId=0, source=0x1002 }
08-03 17:28:13.170  3499  3499 I Input   : injectMotionEvent: MotionEvent { action=ACTION_UP, actionButton=0, id[0]=0, x[0]=418.0, y[0]=842.0, toolType[0]=TOOL_TYPE_UNKNOWN, buttonState=0, metaState=0, flags=0x0, edgeFlags=0x0, pointerCount=1, historySize=0, eventTime=638909577, downTime=638909577, deviceId=0, source=0x1002 }
08-03 17:28:13.175  3499  3499 D AndroidRuntime: Shutting down VM
08-03 17:28:13.197 32547 32613 D Gabe    : call	returning from cache
08-03 17:28:13.197   512  2967 D audio_hw_primary: out_set_parameters: enter: usecase(1: low-latency-playback) kvpairs: routing=2
08-03 17:28:13.210   512  2967 D audio_hw_primary: select_devices: out_snd_device(2: speaker) in_snd_device(0: none)
08-03 17:28:13.210   512  2967 D msm8974_platform: platform_send_audio_calibration: sending audio calibration for snd_device(2) acdb_id(15)
08-03 17:28:13.210   512  2967 I soundtrigger: audio_extn_sound_trigger_update_device_status: device 0x2 of type 0 for Event 1
08-03 17:28:13.221   512  2967 D audio_hw_primary: enable_snd_device: snd_device(2: speaker)
08-03 17:28:13.223   512  2967 D audio_hw_primary: enable_audio_route: apply and update mixer path: low-latency-playback speaker
08-03 17:28:13.230 32547 32547 V MainActivity: url = https://project-travel-mate.herokuapp.com/api/number-of-unread-notifications
08-03 17:28:13.265   512  2967 D AudioFlinger: mixer(0xf4740000) throttle end: throttle time(12)
08-03 17:28:13.455 32547 32560 I art     : Starting a blocking GC Explicit
08-03 17:28:13.554 32547 32560 I art     : Explicit concurrent mark sweep GC freed 3769(228KB) AllocSpace objects, 2(48KB) LOS objects, 7% free, 188MB/204MB, paused 3.299ms total 97.902ms
08-03 17:28:13.584 32547 32560 I art     : Starting a blocking GC Explicit
08-03 17:28:13.682 32547 32560 I art     : Explicit concurrent mark sweep GC freed 640(39KB) AllocSpace objects, 0(0B) LOS objects, 7% free, 188MB/204MB, paused 3.200ms total 97.626ms
08-03 17:28:13.713 32547 32560 I art     : Starting a blocking GC Explicit
08-03 17:28:13.749   512  2967 D audio_hw_primary: disable_audio_route: reset and update mixer path: low-latency-playback speaker
08-03 17:28:13.751   512  2967 D audio_hw_primary: disable_snd_device: snd_device(2: speaker)
08-03 17:28:13.763   512  2967 I soundtrigger: audio_extn_sound_trigger_update_device_status: device 0x2 of type 0 for Event 0
08-03 17:28:13.811 32547  3522 I NAPPA_EXPERIMENTATION: MetricNetworkRequestExecutionTime: REQUEST_DURATION_SYSTEM='579',REQUEST_DURATION_OKHTTP='32',REQUEST_SYNCHRONOUS='FALSE',RESPONSE_CODE='200',RESPONSE_METHOD='GET',RESPONSE_LENGTH_OKHTTP='36',RESPONSE_LENGTH_HEADER='36',REQUEST_PROTOCOL='http/1.1',REQUEST_URL='https://project-travel-mate.herokuapp.com/api/number-of-unread-notifications',
08-03 17:28:13.815 32547 32560 I art     : Explicit concurrent mark sweep GC freed 2981(159KB) AllocSpace objects, 3(200KB) LOS objects, 7% free, 188MB/204MB, paused 3.574ms total 100.822ms
08-03 17:28:13.846 32547 32560 I art     : Starting a blocking GC Explicit
08-03 17:28:13.913 32547 32547 I Choreographer: Skipped 40 frames!  The application may be doing too much work on its main thread.
08-03 17:28:13.916   518   646 I ThermalEngine: ACTION: GPU - Setting GPU[0] to 450000000
08-03 17:28:13.940 32547 32560 I art     : Explicit concurrent mark sweep GC freed 3000(197KB) AllocSpace objects, 0(0B) LOS objects, 7% free, 188MB/204MB, paused 2.590ms total 92.958ms
08-03 17:28:13.962 32547 32560 I art     : Starting a blocking GC Explicit
08-03 17:28:14.046 32547 32560 I art     : Explicit concurrent mark sweep GC freed 1257(78KB) AllocSpace objects, 9(252KB) LOS objects, 7% free, 188MB/204MB, paused 2.532ms total 84.029ms
08-03 17:28:14.470 32547 32560 I art     : Starting a blocking GC Explicit
08-03 17:28:14.557 32547 32560 I art     : Explicit concurrent mark sweep GC freed 3467(152KB) AllocSpace objects, 2(64KB) LOS objects, 7% free, 188MB/204MB, paused 1.786ms total 86.503ms
08-03 17:28:14.580 32547 32560 I art     : Starting a blocking GC Explicit
08-03 17:28:14.666 32547 32560 I art     : Explicit concurrent mark sweep GC freed 243(5KB) AllocSpace objects, 0(0B) LOS objects, 7% free, 188MB/204MB, paused 1.846ms total 85.039ms
08-03 17:28:14.690 32547 32560 I art     : Starting a blocking GC Explicit
08-03 17:28:14.773 32547 32560 I art     : Explicit concurrent mark sweep GC freed 185(3KB) AllocSpace objects, 0(0B) LOS objects, 7% free, 188MB/204MB, paused 1.835ms total 83.248ms
08-03 17:28:14.797 32547 32560 I art     : Starting a blocking GC Explicit
08-03 17:28:14.882 32547 32560 I art     : Explicit concurrent mark sweep GC freed 177(3KB) AllocSpace objects, 0(0B) LOS objects, 7% free, 188MB/204MB, paused 1.781ms total 85.050ms
08-03 17:28:14.907 32547 32560 I art     : Starting a blocking GC Explicit
08-03 17:28:14.991 32547 32560 I art     : Explicit concurrent mark sweep GC freed 159(2880B) AllocSpace objects, 0(0B) LOS objects, 7% free, 188MB/204MB, paused 1.947ms total 83.215ms
08-03 17:28:15.431 32547 32560 I art     : Starting a blocking GC Explicit
08-03 17:28:15.515 32547 32560 I art     : Explicit concurrent mark sweep GC freed 2372(105KB) AllocSpace objects, 2(64KB) LOS objects, 7% free, 188MB/204MB, paused 1.686ms total 84.327ms
08-03 17:28:15.539 32547 32560 I art     : Starting a blocking GC Explicit
08-03 17:28:15.618 32547 32560 I art     : Explicit concurrent mark sweep GC freed 183(3KB) AllocSpace objects, 0(0B) LOS objects, 7% free, 188MB/204MB, paused 1.793ms total 78.706ms
08-03 17:28:15.641 32547 32560 I art     : Starting a blocking GC Explicit
08-03 17:28:15.728 32547 32560 I art     : Explicit concurrent mark sweep GC freed 159(3KB) AllocSpace objects, 0(0B) LOS objects, 7% free, 188MB/204MB, paused 1.988ms total 86.402ms
08-03 17:28:15.752 32547 32560 I art     : Starting a blocking GC Explicit
08-03 17:28:15.840 32547 32560 I art     : Explicit concurrent mark sweep GC freed 209(3KB) AllocSpace objects, 0(0B) LOS objects, 7% free, 188MB/204MB, paused 1.866ms total 87.397ms
08-03 17:28:15.864 32547 32560 I art     : Starting a blocking GC Explicit
08-03 17:28:15.950 32547 32560 I art     : Explicit concurrent mark sweep GC freed 170(2864B) AllocSpace objects, 0(0B) LOS objects, 7% free, 188MB/204MB, paused 1.935ms total 86.510ms
08-03 17:28:16.053  3548  3548 D AndroidRuntime: >>>>>> START com.android.internal.os.RuntimeInit uid 2000 <<<<<<
08-03 17:28:16.059  3548  3548 D AndroidRuntime: CheckJNI is OFF
08-03 17:28:16.103  3548  3548 D ICU     : No timezone override file found: /data/misc/zoneinfo/current/icu/icu_tzdata.dat
08-03 17:28:16.159  3548  3548 I Radio-JNI: register_android_hardware_Radio DONE
08-03 17:28:16.186  3548  3548 D AndroidRuntime: Calling main entry com.android.commands.am.Am
08-03 17:28:16.194 24512 24512 I Trepn   : Trepn 6.2s: Received intent: com.quicinc.trepn.stop_profiling
08-03 17:28:16.251 24512 24512 I Trepn   : Trepn 6.2s: Trepn has Stopped Profiling.
08-03 17:28:16.411 32547 32558 I art     : Starting a blocking GC Explicit
08-03 17:28:16.424  3548  3548 D AndroidRuntime: Shutting down VM
08-03 17:28:16.429   918  3696 W AppOps  : Finishing op nesting under-run: uid 10078 pkg com.quicinc.trepn code 24 time=0 duration=0 nesting=0
08-03 17:28:16.487 32547 32558 I art     : Explicit concurrent mark sweep GC freed 2359(104KB) AllocSpace objects, 2(64KB) LOS objects, 7% free, 188MB/204MB, paused 1.673ms total 75.092ms
08-03 17:28:16.509 32547 32558 I art     : Starting a blocking GC Explicit
08-03 17:28:16.598 32547 32558 I art     : Explicit concurrent mark sweep GC freed 196(3KB) AllocSpace objects, 0(0B) LOS objects, 7% free, 188MB/204MB, paused 2.026ms total 88.618ms
08-03 17:28:16.622 32547 32558 I art     : Starting a blocking GC Explicit
08-03 17:28:16.708 32547 32558 I art     : Explicit concurrent mark sweep GC freed 147(2496B) AllocSpace objects, 0(0B) LOS objects, 7% free, 188MB/204MB, paused 1.854ms total 86.161ms
08-03 17:28:16.731 32547 32558 I art     : Starting a blocking GC Explicit
08-03 17:28:16.808 32547 32558 I art     : Explicit concurrent mark sweep GC freed 186(3KB) AllocSpace objects, 0(0B) LOS objects, 7% free, 188MB/204MB, paused 1.976ms total 76.211ms
08-03 17:28:16.831 32547 32558 I art     : Starting a blocking GC Explicit
08-03 17:28:16.914 32547 32558 I art     : Explicit concurrent mark sweep GC freed 171(2896B) AllocSpace objects, 0(0B) LOS objects, 7% free, 188MB/204MB, paused 1.711ms total 82.614ms
