08-03 20:28:42.324  9229  9247 I art     : Explicit concurrent mark sweep GC freed 144(3KB) AllocSpace objects, 0(0B) LOS objects, 29% free, 38MB/54MB, paused 507us total 28.668ms
08-03 20:28:42.340  9229  9247 I art     : Starting a blocking GC Explicit
08-03 20:28:42.368  9229  9247 I art     : Explicit concurrent mark sweep GC freed 157(3040B) AllocSpace objects, 0(0B) LOS objects, 29% free, 38MB/54MB, paused 485us total 28.634ms
08-03 20:28:42.384  9229  9247 I art     : Starting a blocking GC Explicit
08-03 20:28:42.413  9229  9247 I art     : Explicit concurrent mark sweep GC freed 131(2224B) AllocSpace objects, 0(0B) LOS objects, 29% free, 38MB/54MB, paused 623us total 29.099ms
08-03 20:28:42.783  9229  9241 I art     : Starting a blocking GC Explicit
08-03 20:28:42.788  9572  9572 D AndroidRuntime: >>>>>> START com.android.internal.os.RuntimeInit uid 2000 <<<<<<
08-03 20:28:42.794  9572  9572 D AndroidRuntime: CheckJNI is OFF
08-03 20:28:42.815  9229  9241 I art     : Explicit concurrent mark sweep GC freed 2569(101KB) AllocSpace objects, 2(40KB) LOS objects, 29% free, 38MB/54MB, paused 589us total 31.962ms
08-03 20:28:42.831  9229  9241 I art     : Starting a blocking GC Explicit
08-03 20:28:42.842  9572  9572 D ICU     : No timezone override file found: /data/misc/zoneinfo/current/icu/icu_tzdata.dat
08-03 20:28:42.862  9229  9241 I art     : Explicit concurrent mark sweep GC freed 145(2832B) AllocSpace objects, 0(0B) LOS objects, 29% free, 38MB/54MB, paused 632us total 31.229ms
08-03 20:28:42.878  9229  9241 I art     : Starting a blocking GC Explicit
08-03 20:28:42.889  9572  9572 I Radio-JNI: register_android_hardware_Radio DONE
08-03 20:28:42.910  9229  9241 I art     : Explicit concurrent mark sweep GC freed 142(2416B) AllocSpace objects, 0(0B) LOS objects, 29% free, 38MB/54MB, paused 518us total 32.016ms
08-03 20:28:42.919  9572  9572 D AndroidRuntime: Calling main entry com.android.commands.input.Input
08-03 20:28:42.922  9572  9572 I Input   : injectMotionEvent: MotionEvent { action=ACTION_DOWN, actionButton=0, id[0]=0, x[0]=693.0, y[0]=1450.0, toolType[0]=TOOL_TYPE_UNKNOWN, buttonState=0, metaState=0, flags=0x0, edgeFlags=0x0, pointerCount=1, historySize=0, eventTime=649739334, downTime=649739334, deviceId=0, source=0x1002 }
08-03 20:28:42.926  9229  9241 I art     : Starting a blocking GC Explicit
08-03 20:28:42.928  9572  9572 I Input   : injectMotionEvent: MotionEvent { action=ACTION_UP, actionButton=0, id[0]=0, x[0]=693.0, y[0]=1450.0, toolType[0]=TOOL_TYPE_UNKNOWN, buttonState=0, metaState=0, flags=0x0, edgeFlags=0x0, pointerCount=1, historySize=0, eventTime=649739334, downTime=649739334, deviceId=0, source=0x1002 }
08-03 20:28:42.932  9572  9572 D AndroidRuntime: Shutting down VM
08-03 20:28:42.937   512  2967 D audio_hw_primary: out_set_parameters: enter: usecase(1: low-latency-playback) kvpairs: routing=2
08-03 20:28:42.937   918  3696 I ActivityManager: START u0 {cmp=baseline.io.github.project_travel_mate/.destinations.description.CityHistoryActivity} from uid 10623 on display 0
08-03 20:28:42.950   512  2967 D audio_hw_primary: select_devices: out_snd_device(2: speaker) in_snd_device(0: none)
08-03 20:28:42.950   512  2967 D msm8974_platform: platform_send_audio_calibration: sending audio calibration for snd_device(2) acdb_id(15)
08-03 20:28:42.951   512  2967 I soundtrigger: audio_extn_sound_trigger_update_device_status: device 0x2 of type 0 for Event 1
08-03 20:28:42.958  9229  9241 I art     : Explicit concurrent mark sweep GC freed 175(7KB) AllocSpace objects, 0(0B) LOS objects, 29% free, 38MB/54MB, paused 952us total 31.210ms
08-03 20:28:42.961   512  2967 D audio_hw_primary: enable_snd_device: snd_device(2: speaker)
08-03 20:28:42.963   512  2967 D audio_hw_primary: enable_audio_route: apply and update mixer path: low-latency-playback speaker
08-03 20:28:42.974  9229  9241 I art     : Starting a blocking GC Explicit
08-03 20:28:42.977  9229  9294 D Gabe    : call	returning from cache
08-03 20:28:42.979  9229  9229 V EXECUTING: https://project-travel-mate.herokuapp.com/api/get-city-information/1
08-03 20:28:43.005  9229  9241 I art     : Explicit concurrent mark sweep GC freed 624(108KB) AllocSpace objects, 0(0B) LOS objects, 29% free, 38MB/54MB, paused 728us total 31.302ms
08-03 20:28:43.019   518   646 I ThermalEngine: ACTION: GPU - Setting GPU[0] to 510000000
08-03 20:28:43.137 18789 18789 I Finsky  : [1] xow.onStartJob(3): SCH: onJobSchedulerWakeup with jobId 9011
08-03 20:28:43.140   918   936 I ActivityManager: Displayed baseline.io.github.project_travel_mate/.destinations.description.CityHistoryActivity: +192ms
08-03 20:28:43.140 13866 13866 I GoogleInputMethodServic: GoogleInputMethodService.onFinishInput():3138 
08-03 20:28:43.141 13866 13866 I GoogleInputMethodServic: GoogleInputMethodService.onStartInput():1808 
08-03 20:28:43.149 18789 18789 I Finsky  : [1] xjw.a(9): Scheduling fallback in 43199988 (absolute: 1676327012)
08-03 20:28:43.155 18789 18789 I Finsky  : [1] xjw.a(9): Scheduling fallback in 64799995 (absolute: 1697927024)
08-03 20:28:43.164 18789 18789 I Finsky  : [1] xow.onStartJob(3): SCH: onJobSchedulerWakeup with jobId 9016
08-03 20:28:43.173 18789 18789 I Finsky  : [1] xjw.a(9): Scheduling fallback in 43199995 (absolute: 1676327042)
08-03 20:28:43.176 18789 18789 I Finsky  : [1] xjw.a(9): Scheduling fallback in 64799998 (absolute: 1697927048)
08-03 20:28:43.185 18789 18789 W Finsky  : [1] xow.onStartJob(9): SCH: onJobSchedulerWakeup while already running
08-03 20:28:43.235 18789 18789 I Finsky  : [1] xkf.handleMessage(8): SCH: DeviceState: DeviceState{currentTime=1596479323230, isCharging=false, isIdle=false, netAny=true, netNotRoaming=true, netUnmetered=true, batteryPercent=100.0}
08-03 20:28:43.241 18789  9203 I Finsky  : [5765] xmu.a(8): SCH: Jobs in database: 1-1337 3-181 3-182 12-1 24-77777777 26-1414141414 
08-03 20:28:43.245 18789 18789 I Finsky  : [1] xkg.a(16): SCH: Running job: 12-1
08-03 20:28:43.246 18789 18789 I Finsky  : [1] ContentSyncJob.a(16): [ContentSync] job started
08-03 20:28:43.247 18789 18789 I Finsky  : [1] xkf.handleMessage(61): SCH: RunningQueue size: 1, PendingQueue size: 0
08-03 20:28:43.248 18789 18789 I Finsky  : [1] xkf.handleMessage(64): SCH: Running queue: 12-1 
08-03 20:28:43.330 18789  9227 I Finsky  : [5776] dzn.a(22): Completed 0 account content syncs with 0 successful.
08-03 20:28:43.331 18789 18789 I Finsky  : [1] ContentSyncJob.a(1): [ContentSync] Installation state replication succeeded.
08-03 20:28:43.332 18789 18789 I Finsky  : [1] xlr.a(13): SCH: jobFinished: 12-1. TimeElapsed: 86ms.
08-03 20:28:43.332 18789 18789 I Finsky  : [1] xkg.a(36): SCH: Job 12-1 finished. Not rescheduling.
08-03 20:28:43.333 18789 18789 I Finsky  : [1] xkf.handleMessage(61): SCH: RunningQueue size: 0, PendingQueue size: 0
08-03 20:28:43.333  9229  9247 I art     : Starting a blocking GC Explicit
08-03 20:28:43.333 18789 18789 I Finsky  : [1] xkf.handleMessage(25): Executor finished
08-03 20:28:43.352 18789 18789 I Finsky  : [1] xmu.a(8): SCH: Jobs in database: 1-1337 3-181 3-182 24-77777777 26-1414141414 
08-03 20:28:43.355 18789 18789 I Finsky  : [1] xio.a(57): SCH: ConstraintMapping: 24-77777777,  -> L: 0ms, D: 2245748ms, C: false, I: true, N: 0
08-03 20:28:43.356 18789 18789 I Finsky  : [1] xio.a(57): SCH: ConstraintMapping: 1-1337,  -> L: 5829552ms, D: 49029552ms, C: false, I: false, N: 1
08-03 20:28:43.356 18789 18789 I Finsky  : [1] xio.a(57): SCH: ConstraintMapping: 3-181,  -> L: 0ms, D: 80285860ms, C: false, I: true, N: 2
08-03 20:28:43.357 18789 18789 I Finsky  : [1] xio.a(57): SCH: ConstraintMapping: 3-182,  -> L: 0ms, D: 80285933ms, C: true, I: true, N: 2
08-03 20:28:43.357  9229  9247 I art     : Explicit concurrent mark sweep GC freed 2835(123KB) AllocSpace objects, 2(40KB) LOS objects, 27% free, 42MB/58MB, paused 459us total 23.979ms
08-03 20:28:43.357 18789 18789 I Finsky  : [1] xio.a(57): SCH: ConstraintMapping: 26-1414141414,  -> L: 9901800ms, D: 10801800ms, C: false, I: false, N: 0
08-03 20:28:43.369  9229  9247 I art     : Starting a blocking GC Explicit
08-03 20:28:43.390 18789 18789 I Finsky  : [1] xle.a(34): Cancelling existing jobscheduler jobs: 9001 9012 9019 9018 9015 9017 9014 9013 
08-03 20:28:43.391 18789 18789 I Finsky  : [1] xle.a(10): Throttling wakeup for job 9000 (expected to run in 0 ms) due to recent wakeup
08-03 20:28:43.392 18789 18789 I Finsky  : [1] xle.a(27): Scheduling job Id: 9000, L: 30000, D: 2245748, C: false, I: true, N: 0
08-03 20:28:43.394   380   380 W SurfaceFlinger: couldn't log to binary event log: overflow.
08-03 20:28:43.394  9229  9247 I art     : Explicit concurrent mark sweep GC freed 197(4KB) AllocSpace objects, 0(0B) LOS objects, 27% free, 42MB/58MB, paused 618us total 24.671ms
08-03 20:28:43.395 18789 18789 I Finsky  : [1] xle.a(27): Scheduling job Id: 9002, L: 5829552, D: 49029552, C: false, I: false, N: 1
08-03 20:28:43.397 18789 18789 I Finsky  : [1] xle.a(10): Throttling wakeup for job 9003 (expected to run in 0 ms) due to recent wakeup
08-03 20:28:43.398 18789 18789 I Finsky  : [1] xle.a(27): Scheduling job Id: 9003, L: 30000, D: 80285860, C: false, I: true, N: 2
08-03 20:28:43.400 18789 18789 I Finsky  : [1] xle.a(10): Throttling wakeup for job 9004 (expected to run in 0 ms) due to recent wakeup
08-03 20:28:43.400 18789 18789 I Finsky  : [1] xle.a(27): Scheduling job Id: 9004, L: 30000, D: 80285933, C: true, I: true, N: 2
08-03 20:28:43.403 18789 18789 I Finsky  : [1] xle.a(27): Scheduling job Id: 9005, L: 9901800, D: 10801800, C: false, I: false, N: 0
08-03 20:28:43.407 18789 18789 I Finsky  : [1] xle.a(10): Throttling wakeup for job 9006 (expected to run in 0 ms) due to recent wakeup
08-03 20:28:43.407  9229  9247 I art     : Starting a blocking GC Explicit
08-03 20:28:43.409 18789 18789 I Finsky  : [1] xle.a(27): Scheduling job Id: 9006, L: 30000, D: 2245748, C: false, I: true, N: 0
08-03 20:28:43.412 18789 18789 I Finsky  : [1] xle.a(27): Scheduling job Id: 9007, L: 5829552, D: 49029552, C: false, I: false, N: 1
08-03 20:28:43.413 18789 18789 I Finsky  : [1] xle.a(10): Throttling wakeup for job 9008 (expected to run in 0 ms) due to recent wakeup
08-03 20:28:43.413 18789 18789 I Finsky  : [1] xle.a(27): Scheduling job Id: 9008, L: 30000, D: 80285860, C: false, I: true, N: 2
08-03 20:28:43.415 18789 18789 I Finsky  : [1] xle.a(10): Throttling wakeup for job 9009 (expected to run in 0 ms) due to recent wakeup
08-03 20:28:43.415 18789 18789 I Finsky  : [1] xle.a(27): Scheduling job Id: 9009, L: 30000, D: 80285933, C: true, I: true, N: 2
08-03 20:28:43.416 18789 18789 I Finsky  : [1] xle.a(27): Scheduling job Id: 9010, L: 9901800, D: 10801800, C: false, I: false, N: 0
08-03 20:28:43.430  9229  9247 I art     : Explicit concurrent mark sweep GC freed 218(3KB) AllocSpace objects, 0(0B) LOS objects, 27% free, 42MB/58MB, paused 454us total 22.233ms
08-03 20:28:43.441  9229  9247 I art     : Starting a blocking GC Explicit
08-03 20:28:43.463  9229  9247 I art     : Explicit concurrent mark sweep GC freed 148(2528B) AllocSpace objects, 0(0B) LOS objects, 27% free, 42MB/58MB, paused 453us total 21.933ms
08-03 20:28:43.474  9229  9247 I art     : Starting a blocking GC Explicit
08-03 20:28:43.498   512  2967 D audio_hw_primary: disable_audio_route: reset and update mixer path: low-latency-playback speaker
08-03 20:28:43.499  9229  9247 I art     : Explicit concurrent mark sweep GC freed 2719(134KB) AllocSpace objects, 2(120KB) LOS objects, 27% free, 43MB/59MB, paused 445us total 24.319ms
08-03 20:28:43.502   512  2967 D audio_hw_primary: disable_snd_device: snd_device(2: speaker)
08-03 20:28:43.511   512  2967 I soundtrigger: audio_extn_sound_trigger_update_device_status: device 0x2 of type 0 for Event 0
08-03 20:28:43.534  9229  9596 I NAPPA_EXPERIMENTATION: MetricNetworkRequestExecutionTime: REQUEST_DURATION_SYSTEM='554',REQUEST_DURATION_OKHTTP='40',REQUEST_SYNCHRONOUS='FALSE',RESPONSE_CODE='200',RESPONSE_METHOD='GET',RESPONSE_LENGTH_OKHTTP='55024',RESPONSE_LENGTH_HEADER='55024',REQUEST_PROTOCOL='http/1.1',REQUEST_URL='https://project-travel-mate.herokuapp.com/api/get-city-information/1',
08-03 20:28:43.737 13866 13866 I GoogleInputMethodServic: GoogleInputMethodService.onFinishInput():3138 
08-03 20:28:43.737 13866 13866 I GoogleInputMethodServic: GoogleInputMethodService.onStartInput():1808 
08-03 20:28:43.802  9229  9240 I art     : Starting a blocking GC Explicit
08-03 20:28:43.835  9229  9240 I art     : Explicit concurrent mark sweep GC freed 4796(1456KB) AllocSpace objects, 23(4MB) LOS objects, 29% free, 38MB/54MB, paused 462us total 32.703ms
08-03 20:28:43.850  9229  9240 I art     : Starting a blocking GC Explicit
08-03 20:28:43.876  9229  9240 I art     : Explicit concurrent mark sweep GC freed 230(7KB) AllocSpace objects, 0(0B) LOS objects, 29% free, 38MB/54MB, paused 415us total 25.655ms
08-03 20:28:43.888  9229  9240 I art     : Starting a blocking GC Explicit
08-03 20:28:43.914  9229  9240 I art     : Explicit concurrent mark sweep GC freed 219(3KB) AllocSpace objects, 0(0B) LOS objects, 29% free, 38MB/54MB, paused 427us total 25.953ms
08-03 20:28:43.927  9229  9240 I art     : Starting a blocking GC Explicit
08-03 20:28:43.953  9229  9240 I art     : Explicit concurrent mark sweep GC freed 147(2496B) AllocSpace objects, 0(0B) LOS objects, 29% free, 38MB/54MB, paused 380us total 26.696ms
08-03 20:28:43.966  9229  9240 I art     : Starting a blocking GC Explicit
08-03 20:28:43.992  9229  9240 I art     : Explicit concurrent mark sweep GC freed 147(2496B) AllocSpace objects, 0(0B) LOS objects, 29% free, 38MB/54MB, paused 415us total 26.406ms
08-03 20:28:44.023   518   646 I ThermalEngine: ACTION: GPU - Setting GPU[0] to 450000000
08-03 20:28:44.349  9229  9247 I art     : Starting a blocking GC Explicit
08-03 20:28:44.385  9229  9247 I art     : Explicit concurrent mark sweep GC freed 3157(111KB) AllocSpace objects, 2(40KB) LOS objects, 29% free, 38MB/54MB, paused 563us total 35.527ms
08-03 20:28:44.403  9229  9247 I art     : Starting a blocking GC Explicit
08-03 20:28:44.436  9229  9247 I art     : Explicit concurrent mark sweep GC freed 238(4KB) AllocSpace objects, 0(0B) LOS objects, 29% free, 38MB/54MB, paused 588us total 32.928ms
08-03 20:28:44.452  9229  9247 I art     : Starting a blocking GC Explicit
08-03 20:28:44.486  9229  9247 I art     : Explicit concurrent mark sweep GC freed 219(3KB) AllocSpace objects, 0(0B) LOS objects, 29% free, 38MB/54MB, paused 556us total 33.395ms
08-03 20:28:44.502  9229  9247 I art     : Starting a blocking GC Explicit
08-03 20:28:44.537  9229  9247 I art     : Explicit concurrent mark sweep GC freed 219(3KB) AllocSpace objects, 0(0B) LOS objects, 29% free, 38MB/54MB, paused 523us total 34.093ms
08-03 20:28:44.553  9229  9247 I art     : Starting a blocking GC Explicit
08-03 20:28:44.587  9229  9247 I art     : Explicit concurrent mark sweep GC freed 219(3KB) AllocSpace objects, 0(0B) LOS objects, 29% free, 38MB/54MB, paused 718us total 34.344ms
08-03 20:28:44.990  9229  9247 I art     : Starting a blocking GC Explicit
08-03 20:28:45.028  9229  9247 I art     : Explicit concurrent mark sweep GC freed 3327(114KB) AllocSpace objects, 2(40KB) LOS objects, 29% free, 38MB/54MB, paused 731us total 37.624ms
08-03 20:28:45.047  9229  9247 I art     : Starting a blocking GC Explicit
08-03 20:28:45.082  9229  9247 I art     : Explicit concurrent mark sweep GC freed 300(5KB) AllocSpace objects, 0(0B) LOS objects, 29% free, 38MB/54MB, paused 779us total 35.552ms
08-03 20:28:45.099  9229  9247 I art     : Starting a blocking GC Explicit
08-03 20:28:45.135  9229  9247 I art     : Explicit concurrent mark sweep GC freed 229(3KB) AllocSpace objects, 0(0B) LOS objects, 29% free, 38MB/54MB, paused 558us total 36.216ms
08-03 20:28:45.152  9229  9247 I art     : Starting a blocking GC Explicit
08-03 20:28:45.187  9229  9247 I art     : Explicit concurrent mark sweep GC freed 219(3KB) AllocSpace objects, 0(0B) LOS objects, 29% free, 38MB/54MB, paused 564us total 35.060ms
08-03 20:28:45.203  9229  9247 I art     : Starting a blocking GC Explicit
08-03 20:28:45.240  9229  9247 I art     : Explicit concurrent mark sweep GC freed 219(3KB) AllocSpace objects, 0(0B) LOS objects, 29% free, 38MB/54MB, paused 549us total 35.989ms
08-03 20:28:45.623  9229  9241 I art     : Starting a blocking GC Explicit
08-03 20:28:45.660  9229  9241 I art     : Explicit concurrent mark sweep GC freed 3237(112KB) AllocSpace objects, 2(40KB) LOS objects, 29% free, 38MB/54MB, paused 556us total 36.930ms
08-03 20:28:45.680  9229  9241 I art     : Starting a blocking GC Explicit
08-03 20:28:45.716  9229  9241 I art     : Explicit concurrent mark sweep GC freed 308(5KB) AllocSpace objects, 0(0B) LOS objects, 29% free, 38MB/54MB, paused 735us total 35.954ms
08-03 20:28:45.732  9229  9241 I art     : Starting a blocking GC Explicit
08-03 20:28:45.768  9229  9241 I art     : Explicit concurrent mark sweep GC freed 237(3KB) AllocSpace objects, 0(0B) LOS objects, 29% free, 38MB/54MB, paused 549us total 35.576ms
08-03 20:28:45.784  9229  9241 I art     : Starting a blocking GC Explicit
08-03 20:28:45.819  9229  9241 I art     : Explicit concurrent mark sweep GC freed 219(3KB) AllocSpace objects, 0(0B) LOS objects, 29% free, 38MB/54MB, paused 568us total 34.638ms
08-03 20:28:45.835  9229  9241 I art     : Starting a blocking GC Explicit
08-03 20:28:45.871  9229  9241 I art     : Explicit concurrent mark sweep GC freed 219(3KB) AllocSpace objects, 0(0B) LOS objects, 29% free, 38MB/54MB, paused 574us total 36.034ms
08-03 20:28:46.280  9229  9240 I art     : Starting a blocking GC Explicit
08-03 20:28:46.316  9229  9240 I art     : Explicit concurrent mark sweep GC freed 3312(113KB) AllocSpace objects, 2(40KB) LOS objects, 29% free, 38MB/54MB, paused 666us total 35.250ms
08-03 20:28:46.334  9229  9240 I art     : Starting a blocking GC Explicit
08-03 20:28:46.371  9229  9240 I art     : Explicit concurrent mark sweep GC freed 290(5KB) AllocSpace objects, 0(0B) LOS objects, 29% free, 38MB/54MB, paused 624us total 36.950ms
08-03 20:28:46.387  9229  9240 I art     : Starting a blocking GC Explicit
08-03 20:28:46.423  9229  9240 I art     : Explicit concurrent mark sweep GC freed 224(3KB) AllocSpace objects, 0(0B) LOS objects, 29% free, 38MB/54MB, paused 650us total 35.251ms
08-03 20:28:46.439  9229  9240 I art     : Starting a blocking GC Explicit
08-03 20:28:46.476  9229  9240 I art     : Explicit concurrent mark sweep GC freed 220(3KB) AllocSpace objects, 0(0B) LOS objects, 29% free, 38MB/54MB, paused 575us total 36.373ms
08-03 20:28:46.492  9229  9240 I art     : Starting a blocking GC Explicit
08-03 20:28:46.527  9229  9240 I art     : Explicit concurrent mark sweep GC freed 220(3KB) AllocSpace objects, 0(0B) LOS objects, 29% free, 38MB/54MB, paused 651us total 34.744ms
08-03 20:28:46.924  9229  9247 I art     : Starting a blocking GC Explicit
08-03 20:28:46.964  9229  9247 I art     : Explicit concurrent mark sweep GC freed 3297(113KB) AllocSpace objects, 2(40KB) LOS objects, 29% free, 38MB/54MB, paused 566us total 39.471ms
08-03 20:28:46.984  9229  9247 I art     : Starting a blocking GC Explicit
08-03 20:28:47.018  9229  9247 I art     : Explicit concurrent mark sweep GC freed 269(4KB) AllocSpace objects, 0(0B) LOS objects, 29% free, 38MB/54MB, paused 738us total 33.381ms
08-03 20:28:47.034  9229  9247 I art     : Starting a blocking GC Explicit
08-03 20:28:47.070  9229  9247 I art     : Explicit concurrent mark sweep GC freed 221(3KB) AllocSpace objects, 0(0B) LOS objects, 29% free, 38MB/54MB, paused 614us total 35.900ms
08-03 20:28:47.086  9229  9247 I art     : Starting a blocking GC Explicit
08-03 20:28:47.121  9229  9247 I art     : Explicit concurrent mark sweep GC freed 236(3KB) AllocSpace objects, 0(0B) LOS objects, 29% free, 38MB/54MB, paused 596us total 34.839ms
08-03 20:28:47.138  9229  9247 I art     : Starting a blocking GC Explicit
08-03 20:28:47.173  9229  9247 I art     : Explicit concurrent mark sweep GC freed 241(4KB) AllocSpace objects, 0(0B) LOS objects, 29% free, 38MB/54MB, paused 582us total 34.603ms
08-03 20:28:47.568  9229  9241 I art     : Starting a blocking GC Explicit
08-03 20:28:47.605  9229  9241 I art     : Explicit concurrent mark sweep GC freed 3280(113KB) AllocSpace objects, 2(40KB) LOS objects, 29% free, 38MB/54MB, paused 722us total 36.095ms
08-03 20:28:47.622  9229  9241 I art     : Starting a blocking GC Explicit
08-03 20:28:47.657  9229  9241 I art     : Explicit concurrent mark sweep GC freed 256(4KB) AllocSpace objects, 0(0B) LOS objects, 29% free, 38MB/54MB, paused 546us total 34.726ms
08-03 20:28:47.673  9229  9241 I art     : Starting a blocking GC Explicit
08-03 20:28:47.707  9229  9241 I art     : Explicit concurrent mark sweep GC freed 218(3KB) AllocSpace objects, 0(0B) LOS objects, 29% free, 38MB/54MB, paused 593us total 33.224ms
08-03 20:28:47.711  9671  9671 D AndroidRuntime: >>>>>> START com.android.internal.os.RuntimeInit uid 2000 <<<<<<
08-03 20:28:47.717  9671  9671 D AndroidRuntime: CheckJNI is OFF
08-03 20:28:47.723  9229  9241 I art     : Starting a blocking GC Explicit
08-03 20:28:47.756  9229  9241 I art     : Explicit concurrent mark sweep GC freed 220(3KB) AllocSpace objects, 0(0B) LOS objects, 29% free, 38MB/54MB, paused 592us total 33.094ms
08-03 20:28:47.761  9671  9671 D ICU     : No timezone override file found: /data/misc/zoneinfo/current/icu/icu_tzdata.dat
08-03 20:28:47.772  9229  9241 I art     : Starting a blocking GC Explicit
08-03 20:28:47.806  9671  9671 I Radio-JNI: register_android_hardware_Radio DONE
08-03 20:28:47.807  9229  9241 I art     : Explicit concurrent mark sweep GC freed 218(3KB) AllocSpace objects, 0(0B) LOS objects, 29% free, 38MB/54MB, paused 599us total 34.470ms
08-03 20:28:47.837  9671  9671 D AndroidRuntime: Calling main entry com.android.commands.input.Input
08-03 20:28:47.839  9671  9671 I Input   : injectKeyEvent: KeyEvent { action=ACTION_DOWN, keyCode=KEYCODE_BACK, scanCode=0, metaState=0, flags=0x0, repeatCount=0, eventTime=649744252, downTime=649744252, deviceId=-1, source=0x101 }
08-03 20:28:47.845  9671  9671 I Input   : injectKeyEvent: KeyEvent { action=ACTION_UP, keyCode=KEYCODE_BACK, scanCode=0, metaState=0, flags=0x0, repeatCount=0, eventTime=649744252, downTime=649744252, deviceId=-1, source=0x101 }
08-03 20:28:47.852  9671  9671 D AndroidRuntime: Shutting down VM
08-03 20:28:47.893 13866 13866 I GoogleInputMethodServic: GoogleInputMethodService.onFinishInput():3138 
08-03 20:28:47.894 13866 13866 I GoogleInputMethodServic: GoogleInputMethodService.onStartInput():1808 
08-03 20:28:48.166  9229  9247 I art     : Starting a blocking GC Explicit
08-03 20:28:48.181   380   380 W SurfaceFlinger: couldn't log to binary event log: overflow.
08-03 20:28:48.198  9229  9247 I art     : Explicit concurrent mark sweep GC freed 3199(114KB) AllocSpace objects, 2(40KB) LOS objects, 29% free, 38MB/54MB, paused 536us total 32.131ms
08-03 20:28:48.213  9229  9247 I art     : Starting a blocking GC Explicit
08-03 20:28:48.242  9229  9247 I art     : Explicit concurrent mark sweep GC freed 183(3KB) AllocSpace objects, 1(188KB) LOS objects, 29% free, 38MB/54MB, paused 509us total 28.796ms
08-03 20:28:48.258  9229  9247 I art     : Starting a blocking GC Explicit
08-03 20:28:48.287  9229  9247 I art     : Explicit concurrent mark sweep GC freed 4814(340KB) AllocSpace objects, 7(132KB) LOS objects, 29% free, 38MB/54MB, paused 576us total 29.236ms
08-03 20:28:48.302  9229  9247 I art     : Starting a blocking GC Explicit
08-03 20:28:48.332  9229  9247 I art     : Explicit concurrent mark sweep GC freed 125(2896B) AllocSpace objects, 0(0B) LOS objects, 29% free, 38MB/54MB, paused 564us total 29.718ms
08-03 20:28:48.348  9229  9247 I art     : Starting a blocking GC Explicit
08-03 20:28:48.379  9229  9247 I art     : Explicit concurrent mark sweep GC freed 157(3040B) AllocSpace objects, 0(0B) LOS objects, 29% free, 38MB/54MB, paused 555us total 30.653ms
08-03 20:28:48.379  9229  9239 I art     : WaitForGcToComplete blocked for 21.874ms for cause HeapTrim
08-03 20:28:48.751  9229  9241 I art     : Starting a blocking GC Explicit
08-03 20:28:48.785  9229  9241 I art     : Explicit concurrent mark sweep GC freed 2582(101KB) AllocSpace objects, 2(40KB) LOS objects, 29% free, 38MB/54MB, paused 673us total 33.919ms
08-03 20:28:48.803  9229  9241 I art     : Starting a blocking GC Explicit
08-03 20:28:48.834  9229  9241 I art     : Explicit concurrent mark sweep GC freed 180(3KB) AllocSpace objects, 0(0B) LOS objects, 29% free, 38MB/54MB, paused 652us total 30.818ms
08-03 20:28:48.850  9229  9241 I art     : Starting a blocking GC Explicit
08-03 20:28:48.880  9229  9241 I art     : Explicit concurrent mark sweep GC freed 128(2176B) AllocSpace objects, 0(0B) LOS objects, 29% free, 38MB/54MB, paused 550us total 29.907ms
08-03 20:28:48.895  9229  9241 I art     : Starting a blocking GC Explicit
08-03 20:28:48.927  9229  9241 I art     : Explicit concurrent mark sweep GC freed 148(2528B) AllocSpace objects, 0(0B) LOS objects, 29% free, 38MB/54MB, paused 633us total 31.553ms
08-03 20:28:48.943  9229  9241 I art     : Starting a blocking GC Explicit
08-03 20:28:48.973  9229  9241 I art     : Explicit concurrent mark sweep GC freed 147(2496B) AllocSpace objects, 0(0B) LOS objects, 29% free, 38MB/54MB, paused 541us total 30.366ms
08-03 20:28:49.321  9229  9705 I art     : Starting a blocking GC Explicit
08-03 20:28:49.353  9229  9705 I art     : Explicit concurrent mark sweep GC freed 2528(101KB) AllocSpace objects, 2(40KB) LOS objects, 29% free, 38MB/54MB, paused 558us total 32.322ms
08-03 20:28:49.369  9229  9705 I art     : Starting a blocking GC Explicit
08-03 20:28:49.402  9229  9705 I art     : Explicit concurrent mark sweep GC freed 121(2432B) AllocSpace objects, 0(0B) LOS objects, 29% free, 38MB/54MB, paused 658us total 32.977ms
08-03 20:28:49.418  9229  9705 I art     : Starting a blocking GC Explicit
08-03 20:28:49.452  9229  9705 I art     : Explicit concurrent mark sweep GC freed 152(2576B) AllocSpace objects, 0(0B) LOS objects, 29% free, 38MB/54MB, paused 640us total 33.375ms
08-03 20:28:49.468  9229  9705 I art     : Starting a blocking GC Explicit
08-03 20:28:49.502  9229  9705 I art     : Explicit concurrent mark sweep GC freed 140(2384B) AllocSpace objects, 0(0B) LOS objects, 29% free, 38MB/54MB, paused 623us total 33.415ms
08-03 20:28:49.517  9229  9705 I art     : Starting a blocking GC Explicit
08-03 20:28:49.551  9229  9705 I art     : Explicit concurrent mark sweep GC freed 147(2512B) AllocSpace objects, 0(0B) LOS objects, 29% free, 38MB/54MB, paused 602us total 33.092ms
08-03 20:28:49.625  9716  9716 D AndroidRuntime: >>>>>> START com.android.internal.os.RuntimeInit uid 2000 <<<<<<
08-03 20:28:49.632  9716  9716 D AndroidRuntime: CheckJNI is OFF
08-03 20:28:49.675  9716  9716 D ICU     : No timezone override file found: /data/misc/zoneinfo/current/icu/icu_tzdata.dat
08-03 20:28:49.720  9716  9716 I Radio-JNI: register_android_hardware_Radio DONE
08-03 20:28:49.748  9716  9716 D AndroidRuntime: Calling main entry com.android.commands.input.Input
08-03 20:28:49.750  9716  9716 I Input   : injectMotionEvent: MotionEvent { action=ACTION_DOWN, actionButton=0, id[0]=0, x[0]=504.0, y[0]=1706.0, toolType[0]=TOOL_TYPE_UNKNOWN, buttonState=0, metaState=0, flags=0x0, edgeFlags=0x0, pointerCount=1, historySize=0, eventTime=649746163, downTime=649746163, deviceId=0, source=0x1002 }
08-03 20:28:49.757  9716  9716 I Input   : injectMotionEvent: MotionEvent { action=ACTION_UP, actionButton=0, id[0]=0, x[0]=504.0, y[0]=1706.0, toolType[0]=TOOL_TYPE_UNKNOWN, buttonState=0, metaState=0, flags=0x0, edgeFlags=0x0, pointerCount=1, historySize=0, eventTime=649746163, downTime=649746163, deviceId=0, source=0x1002 }
08-03 20:28:49.758  9716  9716 D AndroidRuntime: Shutting down VM
08-03 20:28:49.760   512  2967 D audio_hw_primary: out_set_parameters: enter: usecase(1: low-latency-playback) kvpairs: routing=2
08-03 20:28:49.764   918  3670 I ActivityManager: START u0 {cmp=baseline.io.github.project_travel_mate/.destinations.funfacts.FunFactsActivity (has extras)} from uid 10623 on display 0
08-03 20:28:49.772   512  2967 D audio_hw_primary: select_devices: out_snd_device(2: speaker) in_snd_device(0: none)
08-03 20:28:49.773   512  2967 D msm8974_platform: platform_send_audio_calibration: sending audio calibration for snd_device(2) acdb_id(15)
08-03 20:28:49.773   512  2967 I soundtrigger: audio_extn_sound_trigger_update_device_status: device 0x2 of type 0 for Event 1
08-03 20:28:49.784   512  2967 D audio_hw_primary: enable_snd_device: snd_device(2: speaker)
08-03 20:28:49.787   512  2967 D audio_hw_primary: enable_audio_route: apply and update mixer path: low-latency-playback speaker
08-03 20:28:49.788  9229  9294 D Gabe    : call	returning from cache
08-03 20:28:49.790  9229  9229 V EXECUTING: https://project-travel-mate.herokuapp.com/api/get-city-facts/1
08-03 20:28:49.931  9229  9241 I art     : Starting a blocking GC Explicit
08-03 20:28:49.940   918   936 I ActivityManager: Displayed baseline.io.github.project_travel_mate/.destinations.funfacts.FunFactsActivity: +165ms
08-03 20:28:49.941 13866 13866 I GoogleInputMethodServic: GoogleInputMethodService.onFinishInput():3138 
08-03 20:28:49.941 13866 13866 I GoogleInputMethodServic: GoogleInputMethodService.onStartInput():1808 
08-03 20:28:49.963  9229  9241 I art     : Explicit concurrent mark sweep GC freed 4445(289KB) AllocSpace objects, 2(40KB) LOS objects, 27% free, 42MB/58MB, paused 862us total 31.251ms
08-03 20:28:49.979  9229  9241 I art     : Starting a blocking GC Explicit
08-03 20:28:50.013  9229  9241 I art     : Explicit concurrent mark sweep GC freed 143(5KB) AllocSpace objects, 0(0B) LOS objects, 27% free, 42MB/58MB, paused 847us total 33.175ms
08-03 20:28:50.029  9229  9241 I art     : Starting a blocking GC Explicit
08-03 20:28:50.062  9229  9241 I art     : Explicit concurrent mark sweep GC freed 125(2096B) AllocSpace objects, 0(0B) LOS objects, 27% free, 42MB/58MB, paused 817us total 32.226ms
08-03 20:28:50.078  9229  9241 I art     : Starting a blocking GC Explicit
08-03 20:28:50.110  9229  9241 I art     : Explicit concurrent mark sweep GC freed 157(2784B) AllocSpace objects, 0(0B) LOS objects, 27% free, 42MB/58MB, paused 565us total 31.775ms
08-03 20:28:50.126  9229  9241 I art     : Starting a blocking GC Explicit
08-03 20:28:50.154  9229  9241 I art     : Explicit concurrent mark sweep GC freed 218(3KB) AllocSpace objects, 0(0B) LOS objects, 27% free, 42MB/58MB, paused 587us total 28.452ms
08-03 20:28:50.184   380   380 W SurfaceFlinger: couldn't log to binary event log: overflow.
08-03 20:28:50.296  9229  9751 I NAPPA_EXPERIMENTATION: MetricNetworkRequestExecutionTime: REQUEST_DURATION_SYSTEM='505',REQUEST_DURATION_OKHTTP='41',REQUEST_SYNCHRONOUS='FALSE',RESPONSE_CODE='200',RESPONSE_METHOD='GET',RESPONSE_LENGTH_OKHTTP='1793',RESPONSE_LENGTH_HEADER='1793',REQUEST_PROTOCOL='http/1.1',REQUEST_URL='https://project-travel-mate.herokuapp.com/api/get-city-facts/1',
08-03 20:28:50.297  9229  9751 V EXECUTING: https://project-travel-mate.herokuapp.com/api/get-city-images/1
08-03 20:28:50.319   512  2967 D audio_hw_primary: disable_audio_route: reset and update mixer path: low-latency-playback speaker
08-03 20:28:50.321   512  2967 D audio_hw_primary: disable_snd_device: snd_device(2: speaker)
08-03 20:28:50.335   512  2967 I soundtrigger: audio_extn_sound_trigger_update_device_status: device 0x2 of type 0 for Event 0
08-03 20:28:50.509  9229  9705 I art     : Starting a blocking GC Explicit
08-03 20:28:50.543  9229  9705 I art     : Explicit concurrent mark sweep GC freed 5702(282KB) AllocSpace objects, 5(240KB) LOS objects, 27% free, 43MB/59MB, paused 828us total 33.054ms
08-03 20:28:50.558  9229  9705 I art     : Starting a blocking GC Explicit
08-03 20:28:50.589  9229  9705 I art     : Explicit concurrent mark sweep GC freed 1086(119KB) AllocSpace objects, 0(0B) LOS objects, 27% free, 43MB/59MB, paused 965us total 30.985ms
08-03 20:28:50.605  9229  9705 I art     : Starting a blocking GC Explicit
08-03 20:28:50.637  9229  9705 I art     : Explicit concurrent mark sweep GC freed 131(2192B) AllocSpace objects, 0(0B) LOS objects, 27% free, 43MB/59MB, paused 851us total 31.120ms
08-03 20:28:50.652  9229  9705 I art     : Starting a blocking GC Explicit
08-03 20:28:50.683  9229  9705 I art     : Explicit concurrent mark sweep GC freed 24(432B) AllocSpace objects, 0(0B) LOS objects, 27% free, 43MB/59MB, paused 771us total 30.679ms
08-03 20:28:50.699  9229  9705 I art     : Starting a blocking GC Explicit
08-03 20:28:50.707   918  3261 D WifiStateMachine: starting scan for "H369AA63323"WPA_PSK with 2412,5180
08-03 20:28:50.731  9229  9705 I art     : Explicit concurrent mark sweep GC freed 125(2096B) AllocSpace objects, 0(0B) LOS objects, 27% free, 43MB/59MB, paused 938us total 31.514ms
08-03 20:28:50.883  9229  9755 I NAPPA_EXPERIMENTATION: MetricNetworkRequestExecutionTime: REQUEST_DURATION_SYSTEM='585',REQUEST_DURATION_OKHTTP='41',REQUEST_SYNCHRONOUS='FALSE',RESPONSE_CODE='200',RESPONSE_METHOD='GET',RESPONSE_LENGTH_OKHTTP='183',RESPONSE_LENGTH_HEADER='183',REQUEST_PROTOCOL='http/1.1',REQUEST_URL='https://project-travel-mate.herokuapp.com/api/get-city-images/1',
08-03 20:28:50.918  9229  9755 V RESPONSE: [{"id":17,"image_url":"https://upload.wikimedia.org/wikipedia/commons/9/94/%E0%B4%96%E0%B5%81%E0%B4%A4%E0%B5%8D%E0%B4%AC%E0%B5%8D_%E0%B4%AE%E0%B4%BF%E0%B4%A8%E0%B4%BE%E0%B5%BC1.jpg"}]
08-03 20:28:51.068  9229  9241 I art     : Starting a blocking GC Explicit
08-03 20:28:51.104  9229  9241 I art     : Explicit concurrent mark sweep GC freed 8237(437KB) AllocSpace objects, 6(4MB) LOS objects, 28% free, 39MB/55MB, paused 641us total 35.825ms
08-03 20:28:51.120  9229  9241 I art     : Starting a blocking GC Explicit
08-03 20:28:51.155  9229  9241 I art     : Explicit concurrent mark sweep GC freed 1218(126KB) AllocSpace objects, 0(0B) LOS objects, 28% free, 39MB/55MB, paused 823us total 34.400ms
08-03 20:28:51.171  9229  9241 I art     : Starting a blocking GC Explicit
08-03 20:28:51.204  9229  9241 I art     : Explicit concurrent mark sweep GC freed 209(3KB) AllocSpace objects, 0(0B) LOS objects, 28% free, 39MB/55MB, paused 682us total 32.734ms
08-03 20:28:51.220  9229  9241 I art     : Starting a blocking GC Explicit
08-03 20:28:51.255  9229  9241 I art     : Explicit concurrent mark sweep GC freed 266(4KB) AllocSpace objects, 0(0B) LOS objects, 28% free, 39MB/55MB, paused 615us total 34.874ms
08-03 20:28:51.271  9229  9241 I art     : Starting a blocking GC Explicit
08-03 20:28:51.307  9229  9241 I art     : Explicit concurrent mark sweep GC freed 226(4KB) AllocSpace objects, 0(0B) LOS objects, 28% free, 39MB/55MB, paused 735us total 35.872ms
08-03 20:28:51.680  9229  9247 I art     : Starting a blocking GC Explicit
08-03 20:28:51.720  9229  9247 I art     : Explicit concurrent mark sweep GC freed 3185(112KB) AllocSpace objects, 2(40KB) LOS objects, 28% free, 39MB/55MB, paused 618us total 39.229ms
08-03 20:28:51.739  9229  9247 I art     : Starting a blocking GC Explicit
08-03 20:28:51.776  9229  9247 I art     : Explicit concurrent mark sweep GC freed 320(5KB) AllocSpace objects, 0(0B) LOS objects, 28% free, 39MB/55MB, paused 640us total 37.453ms
08-03 20:28:51.793  9229  9247 I art     : Starting a blocking GC Explicit
08-03 20:28:51.830  9229  9247 I art     : Explicit concurrent mark sweep GC freed 219(3KB) AllocSpace objects, 0(0B) LOS objects, 28% free, 39MB/55MB, paused 629us total 37.095ms
08-03 20:28:51.847  9229  9247 I art     : Starting a blocking GC Explicit
08-03 20:28:51.884  9229  9247 I art     : Explicit concurrent mark sweep GC freed 219(3KB) AllocSpace objects, 0(0B) LOS objects, 28% free, 39MB/55MB, paused 619us total 36.771ms
08-03 20:28:51.900  9229  9247 I art     : Starting a blocking GC Explicit
08-03 20:28:51.938  9229  9247 I art     : Explicit concurrent mark sweep GC freed 260(4KB) AllocSpace objects, 0(0B) LOS objects, 28% free, 39MB/55MB, paused 791us total 37.686ms
08-03 20:28:52.300  9229  9240 I art     : Starting a blocking GC Explicit
08-03 20:28:52.338  9229  9240 I art     : Explicit concurrent mark sweep GC freed 3114(110KB) AllocSpace objects, 2(40KB) LOS objects, 28% free, 39MB/55MB, paused 682us total 37.731ms
08-03 20:28:52.355  9229  9240 I art     : Starting a blocking GC Explicit
08-03 20:28:52.391  9229  9240 I art     : Explicit concurrent mark sweep GC freed 284(5KB) AllocSpace objects, 0(0B) LOS objects, 28% free, 39MB/55MB, paused 817us total 36.293ms
08-03 20:28:52.408  9229  9240 I art     : Starting a blocking GC Explicit
08-03 20:28:52.446  9229  9240 I art     : Explicit concurrent mark sweep GC freed 238(3KB) AllocSpace objects, 0(0B) LOS objects, 28% free, 39MB/55MB, paused 715us total 37.459ms
08-03 20:28:52.462  9229  9240 I art     : Starting a blocking GC Explicit
08-03 20:28:52.499  9229  9240 I art     : Explicit concurrent mark sweep GC freed 226(3KB) AllocSpace objects, 0(0B) LOS objects, 28% free, 39MB/55MB, paused 654us total 36.522ms
08-03 20:28:52.515  9229  9240 I art     : Starting a blocking GC Explicit
08-03 20:28:52.552  9229  9240 I art     : Explicit concurrent mark sweep GC freed 219(3KB) AllocSpace objects, 0(0B) LOS objects, 28% free, 39MB/55MB, paused 647us total 36.599ms
08-03 20:28:52.576  9786  9786 D AndroidRuntime: >>>>>> START com.android.internal.os.RuntimeInit uid 2000 <<<<<<
08-03 20:28:52.582  9786  9786 D AndroidRuntime: CheckJNI is OFF
08-03 20:28:52.624  9786  9786 D ICU     : No timezone override file found: /data/misc/zoneinfo/current/icu/icu_tzdata.dat
08-03 20:28:52.669  9786  9786 I Radio-JNI: register_android_hardware_Radio DONE
08-03 20:28:52.699  9786  9786 D AndroidRuntime: Calling main entry com.android.commands.input.Input
08-03 20:28:52.701  9786  9786 I Input   : injectKeyEvent: KeyEvent { action=ACTION_DOWN, keyCode=KEYCODE_BACK, scanCode=0, metaState=0, flags=0x0, repeatCount=0, eventTime=649749114, downTime=649749114, deviceId=-1, source=0x101 }
08-03 20:28:52.709  9786  9786 I Input   : injectKeyEvent: KeyEvent { action=ACTION_UP, keyCode=KEYCODE_BACK, scanCode=0, metaState=0, flags=0x0, repeatCount=0, eventTime=649749114, downTime=649749114, deviceId=-1, source=0x101 }
08-03 20:28:52.717  9786  9786 D AndroidRuntime: Shutting down VM
08-03 20:28:52.755 13866 13866 I GoogleInputMethodServic: GoogleInputMethodService.onFinishInput():3138 
08-03 20:28:52.756 13866 13866 I GoogleInputMethodServic: GoogleInputMethodService.onStartInput():1808 
08-03 20:28:52.912  9229  9705 I art     : Starting a blocking GC Explicit
08-03 20:28:52.954  9229  9705 I art     : Explicit concurrent mark sweep GC freed 3189(114KB) AllocSpace objects, 2(40KB) LOS objects, 28% free, 39MB/55MB, paused 716us total 41.746ms
08-03 20:28:52.974  9229  9705 I art     : Starting a blocking GC Explicit
08-03 20:28:53.013  9229  9705 I art     : Explicit concurrent mark sweep GC freed 314(5KB) AllocSpace objects, 0(0B) LOS objects, 28% free, 39MB/55MB, paused 892us total 39.061ms
08-03 20:28:53.031  9229  9705 I art     : Starting a blocking GC Explicit
08-03 20:28:53.053   380   380 W SurfaceFlinger: couldn't log to binary event log: overflow.
08-03 20:28:53.066  9229  9705 I art     : Explicit concurrent mark sweep GC freed 979(38KB) AllocSpace objects, 0(0B) LOS objects, 28% free, 39MB/55MB, paused 740us total 35.022ms
08-03 20:28:53.083  9229  9705 I art     : Starting a blocking GC Explicit
08-03 20:28:53.097  1728  1730 E QC-QMI  : qmi_client [1728] 484: failed to locate client data
08-03 20:28:53.099  1728  1728 I Atfwd_Daemon: Stop the daemon....
08-03 20:28:53.100   519   519 E QC-QMI  : qmuxd: RX on fd=18 returned error=0 errno[2:No such file or directory]
08-03 20:28:53.100   519   519 E QC-QMI  : QMUX qmux_client_id=484 not found in qmux client list, unable to remove
08-03 20:28:53.115  9229  9705 I art     : Explicit concurrent mark sweep GC freed 196(5KB) AllocSpace objects, 2(364KB) LOS objects, 29% free, 38MB/54MB, paused 680us total 32.423ms
08-03 20:28:53.132  9229  9705 I art     : Starting a blocking GC Explicit
08-03 20:28:53.149  9822  9822 W ATFWD-daemon: type=1400 audit(0.0:738401): avc: denied { read write } for name="diag" dev="tmpfs" ino=1296 scontext=u:r:atfwd:s0 tcontext=u:object_r:diag_device:s0 tclass=chr_file permissive=0
08-03 20:28:53.159  9822  9822 I libmdmdetect: ESOC framework not supported
08-03 20:28:53.159  9822  9822 I libmdmdetect: Found internal modem: modem
08-03 20:28:53.160  9822  9822 E Diag_Lib:  Diag_LSM_Init: Failed to open handle to diag driver, error = 13
08-03 20:28:53.164  9822  9822 I Atfwd_Daemon: result : 255 	 ,Init step :0 	 ,qmiErrorCode: 0
08-03 20:28:53.165  9822  9822 I Atfwd_Daemon: result : 0 	 ,Init step :1 	 ,qmiErrorCode: 0
08-03 20:28:53.165  9229  9705 I art     : Explicit concurrent mark sweep GC freed 5545(267KB) AllocSpace objects, 1(28KB) LOS objects, 29% free, 38MB/54MB, paused 1.205ms total 32.736ms
08-03 20:28:53.165  9822  9822 I ServiceManager: Waiting for service AtCmdFwd...
08-03 20:28:53.524  9229  9240 I art     : Starting a blocking GC Explicit
08-03 20:28:53.560  9229  9240 I art     : Explicit concurrent mark sweep GC freed 2580(101KB) AllocSpace objects, 2(40KB) LOS objects, 29% free, 38MB/54MB, paused 617us total 35.417ms
08-03 20:28:53.578  9229  9240 I art     : Starting a blocking GC Explicit
08-03 20:28:53.610  9229  9240 I art     : Explicit concurrent mark sweep GC freed 166(3KB) AllocSpace objects, 0(0B) LOS objects, 29% free, 38MB/54MB, paused 609us total 31.038ms
08-03 20:28:53.626  9229  9240 I art     : Starting a blocking GC Explicit
08-03 20:28:53.658  9229  9240 I art     : Explicit concurrent mark sweep GC freed 147(2496B) AllocSpace objects, 0(0B) LOS objects, 29% free, 38MB/54MB, paused 613us total 31.752ms
08-03 20:28:53.674  9229  9240 I art     : Starting a blocking GC Explicit
08-03 20:28:53.706  9229  9240 I art     : Explicit concurrent mark sweep GC freed 146(2464B) AllocSpace objects, 0(0B) LOS objects, 29% free, 38MB/54MB, paused 637us total 32.499ms
08-03 20:28:53.722  9229  9240 I art     : Starting a blocking GC Explicit
08-03 20:28:53.755  9229  9240 I art     : Explicit concurrent mark sweep GC freed 114(1952B) AllocSpace objects, 0(0B) LOS objects, 29% free, 38MB/54MB, paused 728us total 32.276ms
08-03 20:28:54.108  9229  9241 I art     : Starting a blocking GC Explicit
08-03 20:28:54.142  9229  9241 I art     : Explicit concurrent mark sweep GC freed 2564(101KB) AllocSpace objects, 2(40KB) LOS objects, 29% free, 38MB/54MB, paused 617us total 33.583ms
08-03 20:28:54.158  9229  9241 I art     : Starting a blocking GC Explicit
08-03 20:28:54.166  9822  9822 I ServiceManager: Waiting for service AtCmdFwd...
08-03 20:28:54.190  9229  9241 I art     : Explicit concurrent mark sweep GC freed 150(2912B) AllocSpace objects, 0(0B) LOS objects, 29% free, 38MB/54MB, paused 691us total 31.723ms
08-03 20:28:54.206  9229  9241 I art     : Starting a blocking GC Explicit
08-03 20:28:54.238  9229  9241 I art     : Explicit concurrent mark sweep GC freed 120(2064B) AllocSpace objects, 0(0B) LOS objects, 29% free, 38MB/54MB, paused 680us total 32.334ms
08-03 20:28:54.254  9229  9241 I art     : Starting a blocking GC Explicit
08-03 20:28:54.286  9229  9241 I art     : Explicit concurrent mark sweep GC freed 142(2400B) AllocSpace objects, 0(0B) LOS objects, 29% free, 38MB/54MB, paused 636us total 32.231ms
08-03 20:28:54.303  9229  9241 I art     : Starting a blocking GC Explicit
08-03 20:28:54.334  9229  9241 I art     : Explicit concurrent mark sweep GC freed 171(3KB) AllocSpace objects, 0(0B) LOS objects, 29% free, 38MB/54MB, paused 601us total 31.655ms
08-03 20:28:54.495  9842  9842 D AndroidRuntime: >>>>>> START com.android.internal.os.RuntimeInit uid 2000 <<<<<<
08-03 20:28:54.501  9842  9842 D AndroidRuntime: CheckJNI is OFF
08-03 20:28:54.541  9842  9842 D ICU     : No timezone override file found: /data/misc/zoneinfo/current/icu/icu_tzdata.dat
08-03 20:28:54.582  9842  9842 I Radio-JNI: register_android_hardware_Radio DONE
08-03 20:28:54.610  9842  9842 D AndroidRuntime: Calling main entry com.android.commands.input.Input
08-03 20:28:54.612  9842  9842 I Input   : injectMotionEvent: MotionEvent { action=ACTION_DOWN, actionButton=0, id[0]=0, x[0]=504.0, y[0]=1706.0, toolType[0]=TOOL_TYPE_UNKNOWN, buttonState=0, metaState=0, flags=0x0, edgeFlags=0x0, pointerCount=1, historySize=0, eventTime=649751025, downTime=649751025, deviceId=0, source=0x1002 }
08-03 20:28:54.617  9842  9842 I Input   : injectMotionEvent: MotionEvent { action=ACTION_UP, actionButton=0, id[0]=0, x[0]=504.0, y[0]=1706.0, toolType[0]=TOOL_TYPE_UNKNOWN, buttonState=0, metaState=0, flags=0x0, edgeFlags=0x0, pointerCount=1, historySize=0, eventTime=649751025, downTime=649751025, deviceId=0, source=0x1002 }
08-03 20:28:54.618  9842  9842 D AndroidRuntime: Shutting down VM
08-03 20:28:54.619   512  2967 D audio_hw_primary: out_set_parameters: enter: usecase(1: low-latency-playback) kvpairs: routing=2
08-03 20:28:54.627   918   928 I ActivityManager: START u0 {cmp=baseline.io.github.project_travel_mate/.destinations.funfacts.FunFactsActivity (has extras)} from uid 10623 on display 0
08-03 20:28:54.632   512  2967 D audio_hw_primary: select_devices: out_snd_device(2: speaker) in_snd_device(0: none)
08-03 20:28:54.632   512  2967 D msm8974_platform: platform_send_audio_calibration: sending audio calibration for snd_device(2) acdb_id(15)
08-03 20:28:54.633   512  2967 I soundtrigger: audio_extn_sound_trigger_update_device_status: device 0x2 of type 0 for Event 1
08-03 20:28:54.643   512  2967 D audio_hw_primary: enable_snd_device: snd_device(2: speaker)
08-03 20:28:54.645   512  2967 D audio_hw_primary: enable_audio_route: apply and update mixer path: low-latency-playback speaker
08-03 20:28:54.659  9229  9294 D Gabe    : call	returning from cache
08-03 20:28:54.661  9229  9229 V EXECUTING: https://project-travel-mate.herokuapp.com/api/get-city-facts/1
08-03 20:28:54.701  9229  9241 I art     : Starting a blocking GC Explicit
08-03 20:28:54.739  9229  9241 I art     : Explicit concurrent mark sweep GC freed 4389(270KB) AllocSpace objects, 2(40KB) LOS objects, 27% free, 43MB/59MB, paused 1.065ms total 36.688ms
08-03 20:28:54.755  9229  9241 I art     : Starting a blocking GC Explicit
08-03 20:28:54.788  9229  9241 I art     : Explicit concurrent mark sweep GC freed 228(12KB) AllocSpace objects, 0(0B) LOS objects, 27% free, 43MB/59MB, paused 1.001ms total 33.232ms
08-03 20:28:54.805  9229  9241 I art     : Starting a blocking GC Explicit
08-03 20:28:54.817   918   936 I ActivityManager: Displayed baseline.io.github.project_travel_mate/.destinations.funfacts.FunFactsActivity: +177ms
08-03 20:28:54.817 13866 13866 I GoogleInputMethodServic: GoogleInputMethodService.onFinishInput():3138 
08-03 20:28:54.818 13866 13866 I GoogleInputMethodServic: GoogleInputMethodService.onStartInput():1808 
08-03 20:28:54.836  9229  9241 I art     : Explicit concurrent mark sweep GC freed 135(2816B) AllocSpace objects, 0(0B) LOS objects, 27% free, 43MB/59MB, paused 879us total 30.677ms
08-03 20:28:54.853  9229  9241 I art     : Starting a blocking GC Explicit
08-03 20:28:54.888  9229  9241 I art     : Explicit concurrent mark sweep GC freed 23(448B) AllocSpace objects, 0(0B) LOS objects, 27% free, 43MB/59MB, paused 885us total 34.286ms
08-03 20:28:54.905  9229  9241 I art     : Starting a blocking GC Explicit
08-03 20:28:54.939  9229  9241 I art     : Explicit concurrent mark sweep GC freed 125(2096B) AllocSpace objects, 0(0B) LOS objects, 27% free, 43MB/59MB, paused 819us total 33.721ms
08-03 20:28:55.055   380   380 W SurfaceFlinger: couldn't log to binary event log: overflow.
08-03 20:28:55.166  9822  9822 I ServiceManager: Waiting for service AtCmdFwd...
08-03 20:28:55.189   512  2967 D audio_hw_primary: disable_audio_route: reset and update mixer path: low-latency-playback speaker
08-03 20:28:55.190   512  2967 D audio_hw_primary: disable_snd_device: snd_device(2: speaker)
08-03 20:28:55.197   512  2967 I soundtrigger: audio_extn_sound_trigger_update_device_status: device 0x2 of type 0 for Event 0
08-03 20:28:55.221  9229  9870 I NAPPA_EXPERIMENTATION: MetricNetworkRequestExecutionTime: REQUEST_DURATION_SYSTEM='560',REQUEST_DURATION_OKHTTP='39',REQUEST_SYNCHRONOUS='FALSE',RESPONSE_CODE='200',RESPONSE_METHOD='GET',RESPONSE_LENGTH_OKHTTP='1793',RESPONSE_LENGTH_HEADER='1793',REQUEST_PROTOCOL='http/1.1',REQUEST_URL='https://project-travel-mate.herokuapp.com/api/get-city-facts/1',
08-03 20:28:55.223  9229  9870 V EXECUTING: https://project-travel-mate.herokuapp.com/api/get-city-images/1
08-03 20:28:55.306  9229  9705 I art     : Starting a blocking GC Explicit
08-03 20:28:55.340  9229  9705 I art     : Explicit concurrent mark sweep GC freed 5856(285KB) AllocSpace objects, 5(240KB) LOS objects, 26% free, 43MB/59MB, paused 897us total 34.272ms
08-03 20:28:55.357  9229  9705 I art     : Starting a blocking GC Explicit
08-03 20:28:55.389  9229  9705 I art     : Explicit concurrent mark sweep GC freed 1097(119KB) AllocSpace objects, 0(0B) LOS objects, 26% free, 43MB/59MB, paused 865us total 32.093ms
08-03 20:28:55.405  9229  9705 I art     : Starting a blocking GC Explicit
08-03 20:28:55.436  9229  9705 I art     : Explicit concurrent mark sweep GC freed 17(320B) AllocSpace objects, 0(0B) LOS objects, 26% free, 43MB/59MB, paused 756us total 31.569ms
08-03 20:28:55.453  9229  9705 I art     : Starting a blocking GC Explicit
08-03 20:28:55.485  9229  9705 I art     : Explicit concurrent mark sweep GC freed 134(2288B) AllocSpace objects, 0(0B) LOS objects, 26% free, 43MB/59MB, paused 929us total 32.161ms
08-03 20:28:55.500  9229  9705 I art     : Starting a blocking GC Explicit
