--------- beginning of main
08-03 20:28:27.336   918   930 W ResourceType: ResTable_typeSpec entry count inconsistent: given 37, previously 42
08-03 20:28:27.336   918   930 W ResourceType: ResTable_typeSpec entry count inconsistent: given 2527, previously 2530
08-03 20:28:27.337   918   930 W ResourceType: ResTable_typeSpec entry count inconsistent: given 2542, previously 2545
08-03 20:28:27.337   918   930 W ResourceType: ResTable_typeSpec entry count inconsistent: given 303, previously 1691
08-03 20:28:27.396 13338  9174 D VoicemailCleanupService: Cleaning up data for package: nappagreedy.org.quantumbadger.redreader
08-03 20:28:27.437 24365 24365 I GeofencerStateMachine: removeGeofences: removeRequest=RemoveGeofencingRequest[REMOVE_ALL packageName=nappagreedy.org.quantumbadger.redreader]
08-03 20:28:27.535 18789 18789 I Finsky  : [1] uah.a(18): PackageMonitorReceiverImpl - Received: android.intent.action.PACKAGE_REMOVED, [YwVqheGgE-ACNy7pVglFrG_gRQik6_IVfVofPmvhDso]
08-03 20:28:27.535 24365  9185 I Fitness : FitCleanupIntentOperation received Intent android.intent.action.PACKAGE_REMOVED [CONTEXT service_id=17 ]
08-03 20:28:27.535 18789 18789 I Finsky  : [1] ubi.d(9): Invalidating cached PackageState for nappagreedy.org.quantumbadger.redreader
08-03 20:28:27.549 18789 18789 I Finsky  : [1] ubi.j(3): Package no longer installed: nappagreedy.org.quantumbadger.redreader
08-03 20:28:27.565   918  3961 I AccountManagerService: getTypesVisibleToCaller: isPermitted? true
08-03 20:28:27.591 18789 18789 I Finsky  : [1] nqb.c(3): Installer: package nappagreedy.org.quantumbadger.redreader was removed. replacing: false
08-03 20:28:27.591 18789 18789 I Finsky  : [1] nra.a(188): Installer: Notifying status update. package=nappagreedy.org.quantumbadger.redreader, status=UNINSTALLED
08-03 20:28:27.633 18789 18789 I Finsky  : [1] agsx.a(4): Do not start WearSupportService due to Wear service optimization
08-03 20:28:27.635 18789 18789 I Finsky  : [1] agsx.a(4): Do not start WearSupportService due to Wear service optimization
08-03 20:28:27.643 24577 15624 I ContentMaintenance: Internal cache bytes used: 0; limit: 100000000; download size: 0
08-03 20:28:27.687 18789 18789 I Finsky  : [1] zko.a(1): Clearing split related stale data.
08-03 20:28:27.709 24577  9205 I Icing   : doRemovePackageData nappagreedy.org.quantumbadger.redreader
08-03 20:28:27.712 18789  9204 I Finsky  : [5766] eji.a(-1): Asset module storage cleared for package nappagreedy.org.quantumbadger.redreader.
08-03 20:28:27.728 18789 18789 I Finsky  : [1] ubi.j(3): Package no longer installed: nappagreedy.org.quantumbadger.redreader
08-03 20:28:27.763 18789  9192 I Finsky  : [5764] lyx.run(-1): Frosting DB delete succeeded: true
08-03 20:28:27.765 18789  9192 I Finsky  : [5764] lyx.run(-1): Frosting DB delete succeeded: false
08-03 20:28:27.767 24577 15624 I RealtimeCacheCleanup: Beginning Realtime garbage collection.
08-03 20:28:27.782 24577 15624 I RealtimeCacheCleanup: Finished Realtime garbage collection.
08-03 20:28:27.813 24577 13293 I Icing   : IndexChimeraService.getServiceInterface callingPackage=com.google.android.gms componentName=AppsCorpus serviceId=36
--------- beginning of system
08-03 20:28:27.820   918   918 W BroadcastQueue: Unable to launch app com.android.documentsui/10042 for broadcast Intent { act=android.intent.action.PACKAGE_FULLY_REMOVED dat=package:nappagreedy.org.quantumbadger.redreader flg=0x4000010 (has extras) }: process is bad
08-03 20:28:27.822 18789 18789 I Finsky  : [1] nra.a(220): Installer: found apps to install. isMultiUserMode=false, apps=[]
08-03 20:28:27.854 18789 18981 I Finsky  : [5590] odj.b(52): IQ: Notifying installation update. package=nappagreedy.org.quantumbadger.redreader, status=UNINSTALLED
08-03 20:28:27.872  9197  9197 D AndroidRuntime: >>>>>> START com.android.internal.os.RuntimeInit uid 2000 <<<<<<
08-03 20:28:27.875  9197  9197 D AndroidRuntime: CheckJNI is OFF
08-03 20:28:27.898  9197  9197 D ICU     : No timezone override file found: /data/misc/zoneinfo/current/icu/icu_tzdata.dat
08-03 20:28:27.921  9197  9197 I Radio-JNI: register_android_hardware_Radio DONE
08-03 20:28:27.937  9197  9197 D AndroidRuntime: Calling main entry com.android.commands.monkey.Monkey
08-03 20:28:27.950   918   931 W BroadcastQueue: Skipping deliver [background] BroadcastRecord{2af2935 u-1 android.net.conn.CONNECTIVITY_CHANGE} to ReceiverList{720e1ca 9197 (unknown name)/2000/u-1 remote:403601f}: process crashing
08-03 20:28:27.960   918  3670 I ActivityManager: START u0 {act=android.intent.action.MAIN cat=[android.intent.category.LAUNCHER] flg=0x10200000 cmp=baseline.io.github.project_travel_mate/.SplashActivity} from uid 2000 on display 0
08-03 20:28:27.979  9229  9229 I art     : Late-enabling -Xcheck:jni
08-03 20:28:27.981   918  4400 I ActivityManager: Start proc 9229:baseline.io.github.project_travel_mate/u0a623 for activity baseline.io.github.project_travel_mate/.SplashActivity
08-03 20:28:27.992 18789 18981 I Finsky  : [5590] odj.b(40): IQ: No matching installs to run for jobs: []
08-03 20:28:28.009 18789 18789 I Finsky  : [1] uah.a(18): PackageMonitorReceiverImpl - Received: android.intent.action.PACKAGE_FULLY_REMOVED, [YwVqheGgE-ACNy7pVglFrG_gRQik6_IVfVofPmvhDso]
08-03 20:28:28.009  9197  9197 I art     : System.exit called, status: 0
08-03 20:28:28.009  9197  9197 I AndroidRuntime: VM exiting with result code 0.
08-03 20:28:28.010 18789 18789 I Finsky  : [1] ubi.d(9): Invalidating cached PackageState for nappagreedy.org.quantumbadger.redreader
08-03 20:28:28.017 18789 18789 I Finsky  : [1] ubi.j(3): Package no longer installed: nappagreedy.org.quantumbadger.redreader
08-03 20:28:28.027  9229  9229 W System  : ClassLoader referenced unknown path: /data/app/baseline.io.github.project_travel_mate-1/lib/arm64
08-03 20:28:28.027 18789  9192 I Finsky  : [5764] lyx.run(-1): Frosting DB delete succeeded: false
08-03 20:28:28.031 18789 18789 I Finsky  : [1] uah.a(21): PackageMonitorReceiverImpl - Deduping intent android.intent.action.PACKAGE_FULLY_REMOVED
08-03 20:28:28.038 24577  9205 W Icing   : No valid account for uploading user actions
08-03 20:28:28.052  9229  9229 W art     : Before Android 4.1, method android.graphics.PorterDuffColorFilter androidx.vectordrawable.graphics.drawable.VectorDrawableCompat.updateTintFilter(android.graphics.PorterDuffColorFilter, android.content.res.ColorStateList, android.graphics.PorterDuff$Mode) would have incorrectly overridden the package-private method in android.graphics.drawable.Drawable
08-03 20:28:28.054 18789 18789 I Finsky  : [1] xmu.a(8): SCH: Jobs in database: 1-1337 3-181 3-182 12-1 24-77777777 26-1414141414 
08-03 20:28:28.058 18789 18789 I Finsky  : [1] xio.a(57): SCH: ConstraintMapping: 24-77777777,  -> L: 0ms, D: 2261045ms, C: false, I: true, N: 0
08-03 20:28:28.058 18789 18789 I Finsky  : [1] xio.a(57): SCH: ConstraintMapping: 1-1337, 12-1,  -> L: 14659ms, D: 49044850ms, C: false, I: false, N: 1
08-03 20:28:28.059 18789 18789 I Finsky  : [1] xio.a(57): SCH: ConstraintMapping: 3-181,  -> L: 0ms, D: 80301158ms, C: false, I: true, N: 2
08-03 20:28:28.064 24577 13293 I Icing   : IndexChimeraService.getServiceInterface callingPackage=com.google.android.gms componentName=null serviceId=30
08-03 20:28:28.065  6202 13515 I PBSessionCacheImpl: Deleted sessionId[27278280657311515] from persistence.
08-03 20:28:28.066 18789 18789 I Finsky  : [1] xio.a(57): SCH: ConstraintMapping: 3-182,  -> L: 0ms, D: 80301230ms, C: true, I: true, N: 2
08-03 20:28:28.067 18789 18789 I Finsky  : [1] xio.a(57): SCH: ConstraintMapping: 26-1414141414,  -> L: 9917097ms, D: 10817097ms, C: false, I: false, N: 0
08-03 20:28:28.070  6202  6241 W SearchServiceCore: Abort, client detached.
08-03 20:28:28.070  6202  6241 I MicroDetectionState: Should stop hotword detection immediately - true
08-03 20:28:28.071 18789  9203 I Finsky  : [5765] gzn.a(-1): [ContentSync] finished, scheduled=true
08-03 20:28:28.071  9229  9229 I art     : Rejecting re-init on previously-failed class java.lang.Class<androidx.core.view.ViewCompat$OnUnhandledKeyEventListenerWrapper>
08-03 20:28:28.071  9229  9229 I art     : Rejecting re-init on previously-failed class java.lang.Class<androidx.core.view.ViewCompat$OnUnhandledKeyEventListenerWrapper>
08-03 20:28:28.090 18789 18789 I Finsky  : [1] xle.a(34): Cancelling existing jobscheduler jobs: 9005 9006 9003 9007 9002 9009 9008 9000 9004 9010 
08-03 20:28:28.091 18789 18789 I Finsky  : [1] xle.a(27): Scheduling job Id: 9001, L: 0, D: 2261045, C: false, I: true, N: 0
08-03 20:28:28.094 18789 18789 I Finsky  : [1] xle.a(27): Scheduling job Id: 9011, L: 14659, D: 49044850, C: false, I: false, N: 1
08-03 20:28:28.094  1728  1728 I Atfwd_Sendcmd: AtCmdFwd service not ready - Exhausted retry attempts - :6
08-03 20:28:28.094  1728  1728 I Atfwd_Daemon: result : -1 	 ,Init step :2 	 ,qmiErrorCode: 0
08-03 20:28:28.098 18789 18789 I Finsky  : [1] xle.a(27): Scheduling job Id: 9012, L: 0, D: 80301158, C: false, I: true, N: 2
08-03 20:28:28.099  9229  9244 D OpenGLRenderer: Use EGL_SWAP_BEHAVIOR_PRESERVED: true
08-03 20:28:28.099 18789 18789 I Finsky  : [1] xle.a(27): Scheduling job Id: 9013, L: 0, D: 80301230, C: true, I: true, N: 2
08-03 20:28:28.101 18789 18789 I Finsky  : [1] xle.a(27): Scheduling job Id: 9014, L: 9917097, D: 10817097, C: false, I: false, N: 0
08-03 20:28:28.103 24577  9205 I Icing   : Usage reports ok 1, Failed Usage reports 0, indexed 0, rejected 0
08-03 20:28:28.104 18789 18789 I Finsky  : [1] xle.a(27): Scheduling job Id: 9015, L: 0, D: 2261045, C: false, I: true, N: 0
08-03 20:28:28.106 24577  9205 W Icing   : No valid account for uploading user actions
08-03 20:28:28.106 18789 18789 I Finsky  : [1] xle.a(27): Scheduling job Id: 9016, L: 14659, D: 49044850, C: false, I: false, N: 1
08-03 20:28:28.107 18789 18789 I Finsky  : [1] xle.a(27): Scheduling job Id: 9017, L: 0, D: 80301158, C: false, I: true, N: 2
08-03 20:28:28.107 24577 13294 I Icing   : IndexChimeraService.getServiceInterface callingPackage=com.google.android.gms componentName=null serviceId=36
08-03 20:28:28.108 18789 18789 I Finsky  : [1] xle.a(27): Scheduling job Id: 9018, L: 0, D: 80301230, C: true, I: true, N: 2
08-03 20:28:28.110 18789 18789 I Finsky  : [1] xle.a(27): Scheduling job Id: 9019, L: 9917097, D: 10817097, C: false, I: false, N: 0
08-03 20:28:28.132 24577  9205 I Icing   : Usage reports ok 0, Failed Usage reports 0, indexed 0, rejected 0
08-03 20:28:28.138  9229  9244 I Adreno  : QUALCOMM build                   : fcf4852, I1af360237c
08-03 20:28:28.138  9229  9244 I Adreno  : Build Date                       : 09/23/15
08-03 20:28:28.138  9229  9244 I Adreno  : OpenGL ES Shader Compiler Version: XE031.05.13.02
08-03 20:28:28.138  9229  9244 I Adreno  : Local Branch                     : mybranch14465806
08-03 20:28:28.138  9229  9244 I Adreno  : Remote Branch                    : quic/LA.BF64.1.2.9_v2
08-03 20:28:28.138  9229  9244 I Adreno  : Remote Branch                    : NONE
08-03 20:28:28.138  9229  9244 I Adreno  : Reconstruct Branch               : NOTHING
08-03 20:28:28.143  9229  9244 I OpenGLRenderer: Initialized EGL, version 1.4
08-03 20:28:28.149 24577  9205 W Icing   : No valid account for uploading user actions
08-03 20:28:28.159 24577  9205 I Icing   : Usage reports ok 0, Failed Usage reports 0, indexed 0, rejected 0
08-03 20:28:28.218   918   936 I ActivityManager: Displayed baseline.io.github.project_travel_mate/.SplashActivity: +254ms
08-03 20:28:28.221 13866 13866 I GoogleInputMethodServic: GoogleInputMethodService.onFinishInput():3138 
08-03 20:28:28.221 13866 13866 I GoogleInputMethodServic: GoogleInputMethodService.onStartInput():1808 
08-03 20:28:29.107 24577  9205 I Icing   : Indexing com.google.android.gms-apps from com.google.android.gms
08-03 20:28:29.124 24577  9205 I Icing   : Indexing done com.google.android.gms-apps
08-03 20:28:29.531  9261  9261 D AndroidRuntime: >>>>>> START com.android.internal.os.RuntimeInit uid 2000 <<<<<<
08-03 20:28:29.534  9261  9261 D AndroidRuntime: CheckJNI is OFF
08-03 20:28:29.559  9261  9261 D ICU     : No timezone override file found: /data/misc/zoneinfo/current/icu/icu_tzdata.dat
08-03 20:28:29.585  9261  9261 I Radio-JNI: register_android_hardware_Radio DONE
08-03 20:28:29.601  9261  9261 D AndroidRuntime: Calling main entry com.android.commands.am.Am
08-03 20:28:29.609 29687 29687 I Trepn   : Trepn 6.2s: Received intent: com.quicinc.trepn.start_profiling
08-03 20:28:29.718 29687 29687 W FileUtils: Failed to chmod(/storage/emulated/0/trepn/Trepn_2020.08.03_202829.db): android.system.ErrnoException: chmod failed: EPERM (Operation not permitted)
08-03 20:28:29.815 29687 29687 I Trepn   : Trepn 6.2s: Trepn has Started Profiling.
08-03 20:28:29.816  9261  9261 D AndroidRuntime: Shutting down VM
08-03 20:28:30.154   918  5132 I ActivityManager: START u0 {cmp=baseline.io.github.project_travel_mate/.MainActivity} from uid 10623 on display 0
08-03 20:28:30.299  9229  9229 W Settings: Setting airplane_mode_on has moved from android.provider.Settings.System to android.provider.Settings.Global, returning read-only value.
08-03 20:28:30.312  9229  9229 V MainActivity: url=https://project-travel-mate.herokuapp.com/api/get-user
08-03 20:28:30.342  9229  9294 W LOTTIE  : Unknown mask mode mode. Defaulting to Add.
08-03 20:28:30.351  9229  9294 W LOTTIE  : You have 5 images. Lottie should primarily be used with shapes. If you are using Adobe Illustrator, convert the Illustrator layers to shape layers.
08-03 20:28:30.353  9229  9294 W LOTTIE  : Unknown mask mode mode. Defaulting to Add.
08-03 20:28:30.353  9229  9294 W LOTTIE  : Unknown mask mode mode. Defaulting to Add.
08-03 20:28:30.390  9229  9241 I art     : Starting a blocking GC Explicit
08-03 20:28:30.408  9229  9229 V CityFragment: url=https://project-travel-mate.herokuapp.com/api/get-all-cities/10
08-03 20:28:30.411  9229  9241 I art     : Explicit concurrent mark sweep GC freed 62301(3MB) AllocSpace objects, 3(60KB) LOS objects, 40% free, 23MB/38MB, paused 496us total 20.737ms
08-03 20:28:30.423  9229  9241 I art     : Starting a blocking GC Explicit
08-03 20:28:30.435  9229  9241 I art     : Explicit concurrent mark sweep GC freed 3631(176KB) AllocSpace objects, 0(0B) LOS objects, 40% free, 23MB/38MB, paused 246us total 12.141ms
08-03 20:28:30.443  9229  9241 I art     : Starting a blocking GC Explicit
08-03 20:28:30.469  9229  9241 I art     : Explicit concurrent mark sweep GC freed 75(3KB) AllocSpace objects, 0(0B) LOS objects, 40% free, 23MB/38MB, paused 202us total 22.293ms
08-03 20:28:30.627  9229  9241 I art     : Starting a blocking GC Explicit
08-03 20:28:30.665  9229  9241 I art     : Explicit concurrent mark sweep GC freed 3(96B) AllocSpace objects, 0(0B) LOS objects, 40% free, 23MB/38MB, paused 207us total 34.879ms
08-03 20:28:30.850  9229  9241 I art     : Starting a blocking GC Explicit
08-03 20:28:30.934  9229  9241 I art     : Explicit concurrent mark sweep GC freed 1654(125KB) AllocSpace objects, 4(240KB) LOS objects, 40% free, 23MB/39MB, paused 2.254ms total 79.150ms
08-03 20:28:31.096  9229  9229 E RecyclerView: No adapter attached; skipping layout
08-03 20:28:31.165  9229  9229 I Choreographer: Skipped 44 frames!  The application may be doing too much work on its main thread.
08-03 20:28:31.270  9229  9293 I NAPPA_EXPERIMENTATION: MetricNetworkRequestExecutionTime: REQUEST_DURATION_SYSTEM='946',REQUEST_DURATION_OKHTTP='120',REQUEST_SYNCHRONOUS='FALSE',RESPONSE_CODE='200',RESPONSE_METHOD='GET',RESPONSE_LENGTH_OKHTTP='185',RESPONSE_LENGTH_HEADER='185',REQUEST_PROTOCOL='http/1.1',REQUEST_URL='https://project-travel-mate.herokuapp.com/api/get-user',
08-03 20:28:31.272  9229  9297 I NAPPA_EXPERIMENTATION: MetricNetworkRequestExecutionTime: REQUEST_DURATION_SYSTEM='864',REQUEST_DURATION_OKHTTP='125',REQUEST_SYNCHRONOUS='FALSE',RESPONSE_CODE='200',RESPONSE_METHOD='GET',RESPONSE_LENGTH_OKHTTP='1588',RESPONSE_LENGTH_HEADER='1588',REQUEST_PROTOCOL='http/1.1',REQUEST_URL='https://project-travel-mate.herokuapp.com/api/get-all-cities/10',
08-03 20:28:31.293  9229  9229 V MainActivity: url = https://project-travel-mate.herokuapp.com/api/number-of-unread-notifications
08-03 20:28:31.294   918   936 I ActivityManager: Displayed baseline.io.github.project_travel_mate/.MainActivity: +1s87ms
08-03 20:28:31.303 13866 13866 I GoogleInputMethodServic: GoogleInputMethodService.onFinishInput():3138 
08-03 20:28:31.303 13866 13866 I GoogleInputMethodServic: GoogleInputMethodService.onStartInput():1808 
08-03 20:28:31.305  9229  9229 E RecyclerView: No adapter attached; skipping layout
08-03 20:28:31.318  9229  9241 I art     : Starting a blocking GC Explicit
08-03 20:28:31.343  9229  9241 I art     : Explicit concurrent mark sweep GC freed 12077(788KB) AllocSpace objects, 3(180KB) LOS objects, 36% free, 28MB/44MB, paused 497us total 24.791ms
08-03 20:28:31.354  9229  9241 I art     : Starting a blocking GC Explicit
08-03 20:28:31.371  9229  9241 I art     : Explicit concurrent mark sweep GC freed 1522(149KB) AllocSpace objects, 0(0B) LOS objects, 36% free, 28MB/44MB, paused 281us total 16.617ms
08-03 20:28:31.379  9229  9241 I art     : Starting a blocking GC Explicit
08-03 20:28:31.384  9229  9229 V CityFragment: result=[{"id":1,"city_name":"Delhi","facts_count":6,"image":"https://upload.wikimedia.org/wikipedia/commons/9/94/%E0%B4%96%E0%B5%81%E0%B4%A4%E0%B5%8D%E0%B4%AC%E0%B5%8D_%E0%B4%AE%E0%B4%BF%E0%B4%A8%E0%B4%BE%E0%B5%BC1.jpg","visit_count":18186},{"id":2,"city_name":"Mumbai","facts_count":0,"image":"https://static1.squarespace.com/static/55917ae2e4b0984fc8c264c4/t/5ad7a037758d464041bfba27/1524102624280/Victoria_Mumbai.jpg","visit_count":6022},{"id":3,"city_name":"Bangalore","facts_count":0,"image":null,"visit_count":5536},{"id":8,"city_name":"Pune","facts_count":0,"image":"https://www.zricks.com/ImagesPostProject/47929//6557d975-20a9-4c6c-a776-8072a1936a76.jpg","visit_count":3324},{"id":4,"city_name":"Chennai","facts_count":0,"image":"http://lh3.ggpht.com/_YLb7tJ8RoAk/SfazBLdgf3I/AAAAAAAANEg/p52_Zz_URxg/s640/Picture%20009.jpg","visit_count":3061},{"id":5,"city_name":"Kolkata","facts_count":0,"image":"https://i.pinimg.com/originals/05/ec/42/05ec42c545b494d12cc612923483b4f0.jpg","visit_count":2211},{"id":9,"city_name":"Jaipur","facts_count":1,"image":"https://www.trodly.com/pictures/attraction/1943.jpg","visit_count":2007},{"id":6,"city_name":"Hyderabad","facts_count":0,"image":"https://i1.trekearth.com/photos/59194/charminar_020_sm.jpg","visit_count":1633},{"id":150,"city_name":"Panjim","facts_count":0,"image":"http://www.nomad4ever.com/wp-content/uploads/2009/04/palm-trees-at-baga-creek-north-goa1.jpg","visit_count":1488},{"id":7,"city_name":"Ahmedabad","facts_count":0,"image":"https://i.pinimg.com/originals/a5/ed/29/a5ed293271669a61f47059f7b0d9cf2c.jpg","visit_count":1115}]
08-03 20:28:31.395  9229  9241 I art     : Explicit concurrent mark sweep GC freed 143(14KB) AllocSpace objects, 0(0B) LOS objects, 36% free, 28MB/44MB, paused 836us total 15.409ms
08-03 20:28:31.406  9229  9241 I art     : Starting a blocking GC Explicit
08-03 20:28:31.421  9229  9241 I art     : Explicit concurrent mark sweep GC freed 93(3024B) AllocSpace objects, 0(0B) LOS objects, 36% free, 28MB/44MB, paused 313us total 14.549ms
08-03 20:28:31.430  9229  9241 I art     : Starting a blocking GC Explicit
08-03 20:28:31.445  9229  9241 I art     : Explicit concurrent mark sweep GC freed 141(4KB) AllocSpace objects, 0(0B) LOS objects, 36% free, 28MB/44MB, paused 390us total 14.643ms
08-03 20:28:31.458  9229  9229 D CityFragment: get cities cities size = 10
08-03 20:28:31.732   380   380 W SurfaceFlinger: couldn't log to binary event log: overflow.
08-03 20:28:31.763  9229  9247 I art     : Starting a blocking GC Explicit
08-03 20:28:31.789  9229  9247 I art     : Explicit concurrent mark sweep GC freed 13590(733KB) AllocSpace objects, 6(4MB) LOS objects, 37% free, 27MB/43MB, paused 562us total 25.752ms
08-03 20:28:31.797  9229  9247 I art     : Starting a blocking GC Explicit
08-03 20:28:31.815  9229  9247 I art     : Explicit concurrent mark sweep GC freed 1615(148KB) AllocSpace objects, 0(0B) LOS objects, 37% free, 27MB/43MB, paused 536us total 17.704ms
08-03 20:28:31.824  9229  9247 I art     : Starting a blocking GC Explicit
08-03 20:28:31.843  9229  9247 I art     : Explicit concurrent mark sweep GC freed 402(20KB) AllocSpace objects, 0(0B) LOS objects, 37% free, 27MB/43MB, paused 429us total 18.637ms
08-03 20:28:31.852  9229  9247 I art     : Starting a blocking GC Explicit
08-03 20:28:31.869  9229  9247 I art     : Explicit concurrent mark sweep GC freed 235(7KB) AllocSpace objects, 0(0B) LOS objects, 37% free, 27MB/43MB, paused 367us total 17.573ms
08-03 20:28:31.879  9229  9247 I art     : Starting a blocking GC Explicit
08-03 20:28:31.896  9229  9247 I art     : Explicit concurrent mark sweep GC freed 138(6KB) AllocSpace objects, 0(0B) LOS objects, 37% free, 27MB/43MB, paused 348us total 17.812ms
08-03 20:28:31.999   518   646 I ThermalEngine: ACTION: GPU - Setting GPU[0] to 510000000
08-03 20:28:32.062  9229  9315 I NAPPA_EXPERIMENTATION: MetricNetworkRequestExecutionTime: REQUEST_DURATION_SYSTEM='769',REQUEST_DURATION_OKHTTP='134',REQUEST_SYNCHRONOUS='FALSE',RESPONSE_CODE='200',RESPONSE_METHOD='GET',RESPONSE_LENGTH_OKHTTP='36',RESPONSE_LENGTH_HEADER='36',REQUEST_PROTOCOL='http/1.1',REQUEST_URL='https://project-travel-mate.herokuapp.com/api/number-of-unread-notifications',
08-03 20:28:32.197  9229  9241 I art     : Starting a blocking GC Explicit
08-03 20:28:32.222  9229  9241 I art     : Explicit concurrent mark sweep GC freed 18199(1450KB) AllocSpace objects, 16(1788KB) LOS objects, 35% free, 29MB/45MB, paused 399us total 24.254ms
08-03 20:28:32.233  9229  9241 I art     : Starting a blocking GC Explicit
08-03 20:28:32.253  9229  9241 I art     : Explicit concurrent mark sweep GC freed 1732(225KB) AllocSpace objects, 2(88KB) LOS objects, 34% free, 30MB/46MB, paused 398us total 19.510ms
08-03 20:28:32.264  9229  9241 I art     : Starting a blocking GC Explicit
08-03 20:28:32.284  9229  9241 I art     : Explicit concurrent mark sweep GC freed 249(106KB) AllocSpace objects, 2(56KB) LOS objects, 34% free, 30MB/46MB, paused 495us total 19.786ms
08-03 20:28:32.295  9229  9241 I art     : Starting a blocking GC Explicit
08-03 20:28:32.315  9229  9241 I art     : Explicit concurrent mark sweep GC freed 199(9KB) AllocSpace objects, 2(88KB) LOS objects, 34% free, 30MB/46MB, paused 452us total 19.827ms
08-03 20:28:32.326  9229  9241 I art     : Starting a blocking GC Explicit
08-03 20:28:32.347  9229  9241 I art     : Explicit concurrent mark sweep GC freed 413(17KB) AllocSpace objects, 0(0B) LOS objects, 34% free, 30MB/46MB, paused 531us total 20.364ms
08-03 20:28:32.656  9229  9240 I art     : Starting a blocking GC Explicit
08-03 20:28:32.686  9229  9240 I art     : Explicit concurrent mark sweep GC freed 8449(703KB) AllocSpace objects, 11(1532KB) LOS objects, 33% free, 31MB/47MB, paused 784us total 30.182ms
08-03 20:28:32.698  9229  9240 I art     : Starting a blocking GC Explicit
08-03 20:28:32.719  9229  9240 I art     : Explicit concurrent mark sweep GC freed 249(7KB) AllocSpace objects, 0(0B) LOS objects, 33% free, 31MB/47MB, paused 518us total 20.398ms
08-03 20:28:32.730  9229  9240 I art     : Starting a blocking GC Explicit
08-03 20:28:32.751  9229  9240 I art     : Explicit concurrent mark sweep GC freed 1823(129KB) AllocSpace objects, 1(20KB) LOS objects, 33% free, 31MB/47MB, paused 462us total 20.770ms
08-03 20:28:32.762  9229  9240 I art     : Starting a blocking GC Explicit
08-03 20:28:32.782  9229  9240 I art     : Explicit concurrent mark sweep GC freed 225(112KB) AllocSpace objects, 1(36KB) LOS objects, 32% free, 32MB/48MB, paused 352us total 19.947ms
08-03 20:28:32.794  9229  9240 I art     : Starting a blocking GC Explicit
08-03 20:28:32.814  9229  9240 I art     : Explicit concurrent mark sweep GC freed 196(7KB) AllocSpace objects, 2(88KB) LOS objects, 32% free, 32MB/48MB, paused 359us total 20.004ms
08-03 20:28:33.175  9229  9247 I art     : Starting a blocking GC Explicit
08-03 20:28:33.199  9229  9247 I art     : Explicit concurrent mark sweep GC freed 3103(273KB) AllocSpace objects, 7(1388KB) LOS objects, 32% free, 32MB/48MB, paused 364us total 23.218ms
08-03 20:28:33.211  9229  9247 I art     : Starting a blocking GC Explicit
08-03 20:28:33.234  9229  9247 I art     : Explicit concurrent mark sweep GC freed 129(4KB) AllocSpace objects, 0(0B) LOS objects, 32% free, 32MB/48MB, paused 354us total 22.113ms
08-03 20:28:33.245  9229  9247 I art     : Starting a blocking GC Explicit
08-03 20:28:33.268  9229  9247 I art     : Explicit concurrent mark sweep GC freed 51(896B) AllocSpace objects, 0(0B) LOS objects, 32% free, 32MB/48MB, paused 475us total 21.823ms
08-03 20:28:33.279  9229  9247 I art     : Starting a blocking GC Explicit
08-03 20:28:33.301  9229  9247 I art     : Explicit concurrent mark sweep GC freed 69(1920B) AllocSpace objects, 0(0B) LOS objects, 32% free, 32MB/48MB, paused 387us total 21.424ms
08-03 20:28:33.313  9229  9247 I art     : Starting a blocking GC Explicit
08-03 20:28:33.335  9229  9247 I art     : Explicit concurrent mark sweep GC freed 66(1136B) AllocSpace objects, 0(0B) LOS objects, 32% free, 32MB/48MB, paused 450us total 21.846ms
08-03 20:28:33.699  9229  9241 I art     : Starting a blocking GC Explicit
08-03 20:28:33.725  9229  9241 I art     : Explicit concurrent mark sweep GC freed 1979(91KB) AllocSpace objects, 2(40KB) LOS objects, 32% free, 32MB/48MB, paused 363us total 26.178ms
08-03 20:28:33.737  9229  9241 I art     : Starting a blocking GC Explicit
08-03 20:28:33.760  9229  9241 I art     : Explicit concurrent mark sweep GC freed 69(1552B) AllocSpace objects, 0(0B) LOS objects, 32% free, 32MB/48MB, paused 368us total 22.204ms
08-03 20:28:33.771  9229  9241 I art     : Starting a blocking GC Explicit
08-03 20:28:33.793  9229  9241 I art     : Explicit concurrent mark sweep GC freed 52(928B) AllocSpace objects, 0(0B) LOS objects, 32% free, 32MB/48MB, paused 346us total 21.702ms
08-03 20:28:33.805  9229  9241 I art     : Starting a blocking GC Explicit
08-03 20:28:33.826  9229  9241 I art     : Explicit concurrent mark sweep GC freed 51(896B) AllocSpace objects, 0(0B) LOS objects, 32% free, 32MB/48MB, paused 331us total 19.952ms
08-03 20:28:33.837  9229  9241 I art     : Starting a blocking GC Explicit
08-03 20:28:33.856  9229  9241 I art     : Explicit concurrent mark sweep GC freed 51(896B) AllocSpace objects, 0(0B) LOS objects, 32% free, 32MB/48MB, paused 319us total 18.437ms
08-03 20:28:34.170  9229  9240 I art     : Starting a blocking GC Explicit
08-03 20:28:34.195  9229  9240 I art     : Explicit concurrent mark sweep GC freed 1900(90KB) AllocSpace objects, 2(40KB) LOS objects, 32% free, 32MB/48MB, paused 366us total 24.170ms
08-03 20:28:34.207  9229  9240 I art     : Starting a blocking GC Explicit
08-03 20:28:34.228  9229  9240 I art     : Explicit concurrent mark sweep GC freed 70(1584B) AllocSpace objects, 0(0B) LOS objects, 32% free, 32MB/48MB, paused 341us total 20.565ms
08-03 20:28:34.239  9229  9240 I art     : Starting a blocking GC Explicit
08-03 20:28:34.261  9229  9240 I art     : Explicit concurrent mark sweep GC freed 52(928B) AllocSpace objects, 0(0B) LOS objects, 32% free, 32MB/48MB, paused 352us total 21.764ms
08-03 20:28:34.273  9229  9240 I art     : Starting a blocking GC Explicit
08-03 20:28:34.295  9229  9240 I art     : Explicit concurrent mark sweep GC freed 51(896B) AllocSpace objects, 0(0B) LOS objects, 32% free, 32MB/48MB, paused 340us total 21.847ms
08-03 20:28:34.307  9229  9240 I art     : Starting a blocking GC Explicit
08-03 20:28:34.329  9229  9240 I art     : Explicit concurrent mark sweep GC freed 51(896B) AllocSpace objects, 0(0B) LOS objects, 32% free, 32MB/48MB, paused 335us total 21.352ms
08-03 20:28:34.682  9229  9247 I art     : Starting a blocking GC Explicit
08-03 20:28:34.712  9229  9247 I art     : Explicit concurrent mark sweep GC freed 1971(91KB) AllocSpace objects, 2(40KB) LOS objects, 32% free, 32MB/48MB, paused 388us total 29.090ms
08-03 20:28:34.725  9229  9247 I art     : Starting a blocking GC Explicit
08-03 20:28:34.747  9229  9247 I art     : Explicit concurrent mark sweep GC freed 70(1584B) AllocSpace objects, 0(0B) LOS objects, 32% free, 32MB/48MB, paused 338us total 21.793ms
08-03 20:28:34.759  9229  9247 I art     : Starting a blocking GC Explicit
08-03 20:28:34.781  9229  9247 I art     : Explicit concurrent mark sweep GC freed 51(896B) AllocSpace objects, 0(0B) LOS objects, 32% free, 32MB/48MB, paused 347us total 21.510ms
08-03 20:28:34.792  9229  9247 I art     : Starting a blocking GC Explicit
08-03 20:28:34.815  9229  9247 I art     : Explicit concurrent mark sweep GC freed 51(896B) AllocSpace objects, 0(0B) LOS objects, 32% free, 32MB/48MB, paused 357us total 22.299ms
08-03 20:28:34.827  9229  9247 I art     : Starting a blocking GC Explicit
08-03 20:28:34.849  9229  9247 I art     : Explicit concurrent mark sweep GC freed 51(896B) AllocSpace objects, 0(0B) LOS objects, 32% free, 32MB/48MB, paused 333us total 22.324ms
08-03 20:28:35.205  9229  9241 I art     : Starting a blocking GC Explicit
08-03 20:28:35.227  9229  9241 I art     : Explicit concurrent mark sweep GC freed 1971(91KB) AllocSpace objects, 2(40KB) LOS objects, 32% free, 32MB/48MB, paused 380us total 22.118ms
08-03 20:28:35.239  9229  9241 I art     : Starting a blocking GC Explicit
08-03 20:28:35.261  9229  9241 I art     : Explicit concurrent mark sweep GC freed 70(1584B) AllocSpace objects, 0(0B) LOS objects, 32% free, 32MB/48MB, paused 346us total 21.210ms
08-03 20:28:35.273  9229  9241 I art     : Starting a blocking GC Explicit
08-03 20:28:35.294  9229  9241 I art     : Explicit concurrent mark sweep GC freed 51(896B) AllocSpace objects, 0(0B) LOS objects, 32% free, 32MB/48MB, paused 346us total 20.960ms
08-03 20:28:35.305  9229  9241 I art     : Starting a blocking GC Explicit
08-03 20:28:35.326  9229  9241 I art     : Explicit concurrent mark sweep GC freed 51(896B) AllocSpace objects, 0(0B) LOS objects, 32% free, 32MB/48MB, paused 361us total 20.464ms
08-03 20:28:35.338  9229  9241 I art     : Starting a blocking GC Explicit
08-03 20:28:35.358  9229  9241 I art     : Explicit concurrent mark sweep GC freed 51(896B) AllocSpace objects, 0(0B) LOS objects, 32% free, 32MB/48MB, paused 355us total 20.181ms
08-03 20:28:35.705  9229  9240 I art     : Starting a blocking GC Explicit
08-03 20:28:35.733  9229  9240 I art     : Explicit concurrent mark sweep GC freed 1947(91KB) AllocSpace objects, 2(40KB) LOS objects, 32% free, 32MB/48MB, paused 376us total 27.855ms
08-03 20:28:35.749  9229  9240 I art     : Starting a blocking GC Explicit
08-03 20:28:35.773  9229  9240 I art     : Explicit concurrent mark sweep GC freed 89(1888B) AllocSpace objects, 0(0B) LOS objects, 32% free, 32MB/48MB, paused 385us total 23.629ms
08-03 20:28:35.785  9229  9240 I art     : Starting a blocking GC Explicit
08-03 20:28:35.808  9229  9240 I art     : Explicit concurrent mark sweep GC freed 46(816B) AllocSpace objects, 0(0B) LOS objects, 32% free, 32MB/48MB, paused 701us total 22.451ms
08-03 20:28:35.820  9229  9240 I art     : Starting a blocking GC Explicit
08-03 20:28:35.842  9229  9240 I art     : Explicit concurrent mark sweep GC freed 61(1072B) AllocSpace objects, 0(0B) LOS objects, 32% free, 32MB/48MB, paused 354us total 22.237ms
08-03 20:28:35.855  9229  9240 I art     : Starting a blocking GC Explicit
08-03 20:28:35.877  9229  9240 I art     : Explicit concurrent mark sweep GC freed 50(864B) AllocSpace objects, 0(0B) LOS objects, 32% free, 32MB/48MB, paused 416us total 21.854ms
08-03 20:28:36.224  9229  9247 I art     : Starting a blocking GC Explicit
08-03 20:28:36.252  9229  9247 I art     : Explicit concurrent mark sweep GC freed 1948(91KB) AllocSpace objects, 2(40KB) LOS objects, 32% free, 32MB/48MB, paused 398us total 27.976ms
08-03 20:28:36.268  9229  9247 I art     : Starting a blocking GC Explicit
08-03 20:28:36.295  9229  9247 I art     : Explicit concurrent mark sweep GC freed 94(1984B) AllocSpace objects, 0(0B) LOS objects, 32% free, 32MB/48MB, paused 397us total 26.868ms
08-03 20:28:36.308  9229  9247 I art     : Starting a blocking GC Explicit
08-03 20:28:36.330  9229  9247 I art     : Explicit concurrent mark sweep GC freed 51(896B) AllocSpace objects, 0(0B) LOS objects, 32% free, 32MB/48MB, paused 356us total 21.576ms
08-03 20:28:36.342  9229  9247 I art     : Starting a blocking GC Explicit
08-03 20:28:36.364  9229  9247 I art     : Explicit concurrent mark sweep GC freed 51(896B) AllocSpace objects, 0(0B) LOS objects, 32% free, 32MB/48MB, paused 352us total 21.739ms
08-03 20:28:36.376  9229  9247 I art     : Starting a blocking GC Explicit
08-03 20:28:36.397  9229  9247 I art     : Explicit concurrent mark sweep GC freed 51(896B) AllocSpace objects, 0(0B) LOS objects, 32% free, 32MB/48MB, paused 369us total 21.628ms
08-03 20:28:36.763  9229  9241 I art     : Starting a blocking GC Explicit
08-03 20:28:36.793  9229  9241 I art     : Explicit concurrent mark sweep GC freed 1989(92KB) AllocSpace objects, 2(40KB) LOS objects, 32% free, 32MB/48MB, paused 497us total 29.236ms
08-03 20:28:36.807  9229  9241 I art     : Starting a blocking GC Explicit
08-03 20:28:36.829  9229  9241 I art     : Explicit concurrent mark sweep GC freed 77(1712B) AllocSpace objects, 0(0B) LOS objects, 32% free, 32MB/48MB, paused 334us total 21.791ms
08-03 20:28:36.840  9229  9241 I art     : Starting a blocking GC Explicit
08-03 20:28:36.862  9229  9241 I art     : Explicit concurrent mark sweep GC freed 51(896B) AllocSpace objects, 0(0B) LOS objects, 32% free, 32MB/48MB, paused 354us total 21.270ms
08-03 20:28:36.874  9229  9241 I art     : Starting a blocking GC Explicit
08-03 20:28:36.895  9229  9241 I art     : Explicit concurrent mark sweep GC freed 51(896B) AllocSpace objects, 0(0B) LOS objects, 32% free, 32MB/48MB, paused 360us total 21.522ms
08-03 20:28:36.907  9229  9241 I art     : Starting a blocking GC Explicit
08-03 20:28:36.930  9229  9241 I art     : Explicit concurrent mark sweep GC freed 50(864B) AllocSpace objects, 0(0B) LOS objects, 32% free, 32MB/48MB, paused 370us total 22.294ms
08-03 20:28:37.306  9229  9240 I art     : Starting a blocking GC Explicit
08-03 20:28:37.334  9229  9240 I art     : Explicit concurrent mark sweep GC freed 1998(92KB) AllocSpace objects, 2(40KB) LOS objects, 32% free, 32MB/48MB, paused 340us total 27.587ms
08-03 20:28:37.351  9229  9240 I art     : Starting a blocking GC Explicit
08-03 20:28:37.373  9229  9240 I art     : Explicit concurrent mark sweep GC freed 91(1920B) AllocSpace objects, 0(0B) LOS objects, 32% free, 32MB/48MB, paused 407us total 22.003ms
08-03 20:28:37.385  9229  9240 I art     : Starting a blocking GC Explicit
08-03 20:28:37.407  9229  9240 I art     : Explicit concurrent mark sweep GC freed 37(672B) AllocSpace objects, 0(0B) LOS objects, 32% free, 32MB/48MB, paused 403us total 22.237ms
08-03 20:28:37.419  9229  9240 I art     : Starting a blocking GC Explicit
08-03 20:28:37.441  9229  9240 I art     : Explicit concurrent mark sweep GC freed 53(928B) AllocSpace objects, 0(0B) LOS objects, 32% free, 32MB/48MB, paused 358us total 21.615ms
08-03 20:28:37.453  9229  9240 I art     : Starting a blocking GC Explicit
08-03 20:28:37.474  9229  9240 I art     : Explicit concurrent mark sweep GC freed 66(1152B) AllocSpace objects, 0(0B) LOS objects, 32% free, 32MB/48MB, paused 324us total 20.851ms
08-03 20:28:37.800  9229  9247 I art     : Starting a blocking GC Explicit
08-03 20:28:37.829  9229  9247 I art     : Explicit concurrent mark sweep GC freed 1925(91KB) AllocSpace objects, 2(40KB) LOS objects, 32% free, 32MB/48MB, paused 397us total 28.089ms
08-03 20:28:37.842  9229  9247 I art     : Starting a blocking GC Explicit
08-03 20:28:37.864  9229  9247 I art     : Explicit concurrent mark sweep GC freed 70(1584B) AllocSpace objects, 0(0B) LOS objects, 32% free, 32MB/48MB, paused 365us total 22.021ms
08-03 20:28:37.877  9229  9247 I art     : Starting a blocking GC Explicit
08-03 20:28:37.881  9461  9461 D AndroidRuntime: >>>>>> START com.android.internal.os.RuntimeInit uid 2000 <<<<<<
08-03 20:28:37.886  9461  9461 D AndroidRuntime: CheckJNI is OFF
08-03 20:28:37.898  9229  9247 I art     : Explicit concurrent mark sweep GC freed 51(896B) AllocSpace objects, 0(0B) LOS objects, 32% free, 32MB/48MB, paused 351us total 21.564ms
08-03 20:28:37.910  9229  9247 I art     : Starting a blocking GC Explicit
08-03 20:28:37.921  9461  9461 D ICU     : No timezone override file found: /data/misc/zoneinfo/current/icu/icu_tzdata.dat
08-03 20:28:37.931  9229  9247 I art     : Explicit concurrent mark sweep GC freed 51(896B) AllocSpace objects, 0(0B) LOS objects, 32% free, 32MB/48MB, paused 405us total 20.772ms
08-03 20:28:37.942  9229  9247 I art     : Starting a blocking GC Explicit
08-03 20:28:37.955  9461  9461 I Radio-JNI: register_android_hardware_Radio DONE
08-03 20:28:37.963  9229  9247 I art     : Explicit concurrent mark sweep GC freed 51(896B) AllocSpace objects, 0(0B) LOS objects, 32% free, 32MB/48MB, paused 351us total 20.760ms
08-03 20:28:37.977  9461  9461 D AndroidRuntime: Calling main entry com.android.commands.input.Input
08-03 20:28:37.979  9461  9461 I Input   : injectMotionEvent: MotionEvent { action=ACTION_DOWN, actionButton=0, id[0]=0, x[0]=346.0, y[0]=709.0, toolType[0]=TOOL_TYPE_UNKNOWN, buttonState=0, metaState=0, flags=0x0, edgeFlags=0x0, pointerCount=1, historySize=0, eventTime=649734392, downTime=649734392, deviceId=0, source=0x1002 }
08-03 20:28:37.985  9461  9461 I Input   : injectMotionEvent: MotionEvent { action=ACTION_UP, actionButton=0, id[0]=0, x[0]=346.0, y[0]=709.0, toolType[0]=TOOL_TYPE_UNKNOWN, buttonState=0, metaState=0, flags=0x0, edgeFlags=0x0, pointerCount=1, historySize=0, eventTime=649734392, downTime=649734392, deviceId=0, source=0x1002 }
08-03 20:28:38.001   918  4400 I ActivityManager: START u0 {cmp=baseline.io.github.project_travel_mate/.destinations.description.FinalCityInfoActivity (has extras)} from uid 10623 on display 0
08-03 20:28:38.007  9461  9461 D AndroidRuntime: Shutting down VM
08-03 20:28:38.030  9229  9294 D Gabe    : call	returning from cache
08-03 20:28:38.057  9229  9229 V EXECUTING: https://project-travel-mate.herokuapp.com/api/get-city-weather/1
08-03 20:28:38.206   918   936 I ActivityManager: Displayed baseline.io.github.project_travel_mate/.destinations.description.FinalCityInfoActivity: +198ms
08-03 20:28:38.208 13866 13866 I GoogleInputMethodServic: GoogleInputMethodService.onFinishInput():3138 
08-03 20:28:38.208 13866 13866 I GoogleInputMethodServic: GoogleInputMethodService.onStartInput():1808 
08-03 20:28:38.257  9229  9241 I art     : Starting a blocking GC Explicit
08-03 20:28:38.284  9229  9241 I art     : Explicit concurrent mark sweep GC freed 9306(590KB) AllocSpace objects, 2(40KB) LOS objects, 29% free, 37MB/53MB, paused 483us total 25.816ms
08-03 20:28:38.296  9229  9241 I art     : Starting a blocking GC Explicit
08-03 20:28:38.318  9229  9241 I art     : Explicit concurrent mark sweep GC freed 643(30KB) AllocSpace objects, 0(0B) LOS objects, 29% free, 37MB/53MB, paused 395us total 21.504ms
08-03 20:28:38.329  9229  9241 I art     : Starting a blocking GC Explicit
08-03 20:28:38.352  9229  9241 I art     : Explicit concurrent mark sweep GC freed 99(1696B) AllocSpace objects, 0(0B) LOS objects, 29% free, 37MB/53MB, paused 441us total 22.080ms
08-03 20:28:38.364  9229  9241 I art     : Starting a blocking GC Explicit
08-03 20:28:38.388  9229  9241 I art     : Explicit concurrent mark sweep GC freed 99(1696B) AllocSpace objects, 0(0B) LOS objects, 29% free, 37MB/53MB, paused 413us total 24.043ms
08-03 20:28:38.400  9229  9241 I art     : Starting a blocking GC Explicit
08-03 20:28:38.426  9229  9241 I art     : Explicit concurrent mark sweep GC freed 147(2496B) AllocSpace objects, 0(0B) LOS objects, 29% free, 37MB/53MB, paused 454us total 25.179ms
08-03 20:28:38.439   380   380 W SurfaceFlinger: couldn't log to binary event log: overflow.
08-03 20:28:38.642  9229  9487 I NAPPA_EXPERIMENTATION: MetricNetworkRequestExecutionTime: REQUEST_DURATION_SYSTEM='584',REQUEST_DURATION_OKHTTP='36',REQUEST_SYNCHRONOUS='FALSE',RESPONSE_CODE='200',RESPONSE_METHOD='GET',RESPONSE_LENGTH_OKHTTP='530',RESPONSE_LENGTH_HEADER='530',REQUEST_PROTOCOL='http/1.1',REQUEST_URL='https://project-travel-mate.herokuapp.com/api/get-city/1',
08-03 20:28:38.680  9229  9487 V Response: {"id":1,"city_name":"Delhi","description":"Delhi, officially the National Capital Territory of Delhi, is the Capital territory of India. During the British Raj, Delhi was part of the province of Punjab and is still historically and culturally connected to the Punjab region.","latitude":"28.613900","longitude":"77.209000","facts_count":6,"images":["https://upload.wikimedia.org/wikipedia/commons/9/94/%E0%B4%96%E0%B5%81%E0%B4%A4%E0%B5%8D%E0%B4%AC%E0%B5%8D_%E0%B4%AE%E0%B4%BF%E0%B4%A8%E0%B4%BE%E0%B5%BC1.jpg"],"has_visited":false}
08-03 20:28:38.741  9229  9240 I art     : Starting a blocking GC Explicit
08-03 20:28:38.752  9229  9486 I NAPPA_EXPERIMENTATION: MetricNetworkRequestExecutionTime: REQUEST_DURATION_SYSTEM='695',REQUEST_DURATION_OKHTTP='28',REQUEST_SYNCHRONOUS='FALSE',RESPONSE_CODE='200',RESPONSE_METHOD='GET',RESPONSE_LENGTH_OKHTTP='238',RESPONSE_LENGTH_HEADER='238',REQUEST_PROTOCOL='http/1.1',REQUEST_URL='https://project-travel-mate.herokuapp.com/api/get-city-weather/1',
08-03 20:28:38.766  9229  9240 I art     : Explicit concurrent mark sweep GC freed 7100(345KB) AllocSpace objects, 5(240KB) LOS objects, 29% free, 37MB/53MB, paused 625us total 25.260ms
08-03 20:28:38.778  9229  9240 I art     : Starting a blocking GC Explicit
08-03 20:28:38.801  9229  9240 I art     : Explicit concurrent mark sweep GC freed 1231(127KB) AllocSpace objects, 0(0B) LOS objects, 29% free, 37MB/53MB, paused 654us total 23.005ms
08-03 20:28:38.813  9229  9240 I art     : Starting a blocking GC Explicit
08-03 20:28:38.837  9229  9240 I art     : Explicit concurrent mark sweep GC freed 2136(163KB) AllocSpace objects, 4(4MB) LOS objects, 31% free, 35MB/51MB, paused 474us total 23.437ms
08-03 20:28:38.848  9229  9240 I art     : Starting a blocking GC Explicit
08-03 20:28:38.870  9229  9240 I art     : Explicit concurrent mark sweep GC freed 341(52KB) AllocSpace objects, 5(164KB) LOS objects, 28% free, 39MB/55MB, paused 423us total 22.663ms
08-03 20:28:38.881  9229  9240 I art     : Starting a blocking GC Explicit
08-03 20:28:38.902  9229  9240 I art     : Explicit concurrent mark sweep GC freed 279(45KB) AllocSpace objects, 1(1204KB) LOS objects, 29% free, 38MB/54MB, paused 372us total 20.705ms
08-03 20:28:39.214  9229  9240 I art     : Starting a blocking GC Explicit
08-03 20:28:39.239  9229  9240 I art     : Explicit concurrent mark sweep GC freed 2412(101KB) AllocSpace objects, 2(40KB) LOS objects, 29% free, 38MB/54MB, paused 364us total 24.944ms
08-03 20:28:39.252  9229  9240 I art     : Starting a blocking GC Explicit
08-03 20:28:39.276  9229  9240 I art     : Explicit concurrent mark sweep GC freed 168(3KB) AllocSpace objects, 0(0B) LOS objects, 29% free, 38MB/54MB, paused 362us total 23.507ms
08-03 20:28:39.288  9229  9240 I art     : Starting a blocking GC Explicit
08-03 20:28:39.311  9229  9240 I art     : Explicit concurrent mark sweep GC freed 122(2736B) AllocSpace objects, 0(0B) LOS objects, 29% free, 38MB/54MB, paused 369us total 23.031ms
08-03 20:28:39.323  9229  9240 I art     : Starting a blocking GC Explicit
08-03 20:28:39.349  9229  9240 I art     : Explicit concurrent mark sweep GC freed 108(2208B) AllocSpace objects, 0(0B) LOS objects, 29% free, 38MB/54MB, paused 401us total 25.585ms
08-03 20:28:39.361  9229  9240 I art     : Starting a blocking GC Explicit
08-03 20:28:39.385  9229  9240 I art     : Explicit concurrent mark sweep GC freed 100(1728B) AllocSpace objects, 0(0B) LOS objects, 29% free, 38MB/54MB, paused 388us total 24.032ms
08-03 20:28:39.732  9229  9241 I art     : Starting a blocking GC Explicit
08-03 20:28:39.760  9229  9241 I art     : Explicit concurrent mark sweep GC freed 2528(100KB) AllocSpace objects, 2(40KB) LOS objects, 29% free, 38MB/54MB, paused 413us total 27.270ms
08-03 20:28:39.774  9229  9241 I art     : Starting a blocking GC Explicit
08-03 20:28:39.798  9229  9241 I art     : Explicit concurrent mark sweep GC freed 117(2368B) AllocSpace objects, 0(0B) LOS objects, 29% free, 38MB/54MB, paused 386us total 24.320ms
08-03 20:28:39.810  9229  9241 I art     : Starting a blocking GC Explicit
08-03 20:28:39.835  9229  9241 I art     : Explicit concurrent mark sweep GC freed 101(1744B) AllocSpace objects, 0(0B) LOS objects, 29% free, 38MB/54MB, paused 380us total 24.529ms
08-03 20:28:39.847  9229  9241 I art     : Starting a blocking GC Explicit
08-03 20:28:39.871  9229  9241 I art     : Explicit concurrent mark sweep GC freed 99(1696B) AllocSpace objects, 0(0B) LOS objects, 29% free, 38MB/54MB, paused 386us total 24.729ms
08-03 20:28:39.883  9229  9241 I art     : Starting a blocking GC Explicit
08-03 20:28:39.908  9229  9241 I art     : Explicit concurrent mark sweep GC freed 100(1712B) AllocSpace objects, 0(0B) LOS objects, 29% free, 38MB/54MB, paused 477us total 24.822ms
08-03 20:28:40.010   518   646 I ThermalEngine: ACTION: GPU - Setting GPU[0] to 450000000
08-03 20:28:40.309  9229  9247 I art     : Starting a blocking GC Explicit
08-03 20:28:40.345  9229  9247 I art     : Explicit concurrent mark sweep GC freed 2671(103KB) AllocSpace objects, 2(40KB) LOS objects, 29% free, 38MB/54MB, paused 688us total 35.615ms
08-03 20:28:40.365  9229  9247 I art     : Starting a blocking GC Explicit
08-03 20:28:40.398  9229  9247 I art     : Explicit concurrent mark sweep GC freed 179(3KB) AllocSpace objects, 0(0B) LOS objects, 29% free, 38MB/54MB, paused 669us total 32.812ms
08-03 20:28:40.414  9229  9247 I art     : Starting a blocking GC Explicit
08-03 20:28:40.447  9229  9247 I art     : Explicit concurrent mark sweep GC freed 162(2752B) AllocSpace objects, 0(0B) LOS objects, 29% free, 38MB/54MB, paused 623us total 32.494ms
08-03 20:28:40.463  9229  9247 I art     : Starting a blocking GC Explicit
08-03 20:28:40.496  9229  9247 I art     : Explicit concurrent mark sweep GC freed 148(2512B) AllocSpace objects, 0(0B) LOS objects, 29% free, 38MB/54MB, paused 568us total 33.114ms
08-03 20:28:40.513  9229  9247 I art     : Starting a blocking GC Explicit
08-03 20:28:40.548  9229  9247 I art     : Explicit concurrent mark sweep GC freed 146(2464B) AllocSpace objects, 0(0B) LOS objects, 29% free, 38MB/54MB, paused 2.070ms total 34.754ms
08-03 20:28:40.931  9229  9240 I art     : Starting a blocking GC Explicit
08-03 20:28:40.967  9229  9240 I art     : Explicit concurrent mark sweep GC freed 2644(102KB) AllocSpace objects, 2(40KB) LOS objects, 29% free, 38MB/54MB, paused 522us total 35.947ms
08-03 20:28:40.985  9229  9240 I art     : Starting a blocking GC Explicit
08-03 20:28:41.017  9229  9240 I art     : Explicit concurrent mark sweep GC freed 166(3KB) AllocSpace objects, 0(0B) LOS objects, 29% free, 38MB/54MB, paused 607us total 32.215ms
08-03 20:28:41.033  9229  9240 I art     : Starting a blocking GC Explicit
08-03 20:28:41.065  9229  9240 I art     : Explicit concurrent mark sweep GC freed 146(2464B) AllocSpace objects, 0(0B) LOS objects, 29% free, 38MB/54MB, paused 535us total 31.475ms
08-03 20:28:41.082  9229  9240 I art     : Starting a blocking GC Explicit
08-03 20:28:41.114  9229  9240 I art     : Explicit concurrent mark sweep GC freed 130(2224B) AllocSpace objects, 0(0B) LOS objects, 29% free, 38MB/54MB, paused 568us total 32.433ms
08-03 20:28:41.130  9229  9240 I art     : Starting a blocking GC Explicit
08-03 20:28:41.164  9229  9240 I art     : Explicit concurrent mark sweep GC freed 144(2416B) AllocSpace objects, 0(0B) LOS objects, 29% free, 38MB/54MB, paused 608us total 32.989ms
08-03 20:28:41.558  9229  9241 I art     : Starting a blocking GC Explicit
08-03 20:28:41.594  9229  9241 I art     : Explicit concurrent mark sweep GC freed 2645(102KB) AllocSpace objects, 2(40KB) LOS objects, 29% free, 38MB/54MB, paused 569us total 35.553ms
08-03 20:28:41.612  9229  9241 I art     : Starting a blocking GC Explicit
08-03 20:28:41.645  9229  9241 I art     : Explicit concurrent mark sweep GC freed 178(3KB) AllocSpace objects, 0(0B) LOS objects, 29% free, 38MB/54MB, paused 601us total 33.273ms
08-03 20:28:41.661  9229  9241 I art     : Starting a blocking GC Explicit
08-03 20:28:41.694  9229  9241 I art     : Explicit concurrent mark sweep GC freed 134(2288B) AllocSpace objects, 0(0B) LOS objects, 29% free, 38MB/54MB, paused 868us total 33.047ms
08-03 20:28:41.711  9229  9241 I art     : Starting a blocking GC Explicit
08-03 20:28:41.744  9229  9241 I art     : Explicit concurrent mark sweep GC freed 147(2496B) AllocSpace objects, 0(0B) LOS objects, 29% free, 38MB/54MB, paused 594us total 33.225ms
08-03 20:28:41.760  9229  9241 I art     : Starting a blocking GC Explicit
08-03 20:28:41.794  9229  9241 I art     : Explicit concurrent mark sweep GC freed 147(2496B) AllocSpace objects, 0(0B) LOS objects, 29% free, 38MB/54MB, paused 556us total 33.419ms
08-03 20:28:42.194  9229  9247 I art     : Starting a blocking GC Explicit
08-03 20:28:42.230  9229  9247 I art     : Explicit concurrent mark sweep GC freed 2707(103KB) AllocSpace objects, 2(40KB) LOS objects, 29% free, 38MB/54MB, paused 595us total 35.716ms
08-03 20:28:42.250  9229  9247 I art     : Starting a blocking GC Explicit
08-03 20:28:42.279  9229  9247 I art     : Explicit concurrent mark sweep GC freed 157(3056B) AllocSpace objects, 0(0B) LOS objects, 29% free, 38MB/54MB, paused 555us total 29.024ms
08-03 20:28:42.295  9229  9247 I art     : Starting a blocking GC Explicit
08-03 20:28:42.324  9229  9247 I art     : Explicit concurrent mark sweep GC freed 144(3KB) AllocSpace objects, 0(0B) LOS objects, 29% free, 38MB/54MB, paused 507us total 28.668ms
08-03 20:28:42.340  9229  9247 I art     : Starting a blocking GC Explicit
08-03 20:28:42.368  9229  9247 I art     : Explicit concurrent mark sweep GC freed 157(3040B) AllocSpace objects, 0(0B) LOS objects, 29% free, 38MB/54MB, paused 485us total 28.634ms
08-03 20:28:42.384  9229  9247 I art     : Starting a blocking GC Explicit
08-03 20:28:42.413  9229  9247 I art     : Explicit concurrent mark sweep GC freed 131(2224B) AllocSpace objects, 0(0B) LOS objects, 29% free, 38MB/54MB, paused 623us total 29.099ms
08-03 20:28:42.783  9229  9241 I art     : Starting a blocking GC Explicit
08-03 20:28:42.788  9572  9572 D AndroidRuntime: >>>>>> START com.android.internal.os.RuntimeInit uid 2000 <<<<<<
08-03 20:28:42.794  9572  9572 D AndroidRuntime: CheckJNI is OFF
08-03 20:28:42.815  9229  9241 I art     : Explicit concurrent mark sweep GC freed 2569(101KB) AllocSpace objects, 2(40KB) LOS objects, 29% free, 38MB/54MB, paused 589us total 31.962ms
08-03 20:28:42.831  9229  9241 I art     : Starting a blocking GC Explicit
08-03 20:28:42.842  9572  9572 D ICU     : No timezone override file found: /data/misc/zoneinfo/current/icu/icu_tzdata.dat
08-03 20:28:42.862  9229  9241 I art     : Explicit concurrent mark sweep GC freed 145(2832B) AllocSpace objects, 0(0B) LOS objects, 29% free, 38MB/54MB, paused 632us total 31.229ms
08-03 20:28:42.878  9229  9241 I art     : Starting a blocking GC Explicit
08-03 20:28:42.889  9572  9572 I Radio-JNI: register_android_hardware_Radio DONE
08-03 20:28:42.910  9229  9241 I art     : Explicit concurrent mark sweep GC freed 142(2416B) AllocSpace objects, 0(0B) LOS objects, 29% free, 38MB/54MB, paused 518us total 32.016ms
08-03 20:28:42.919  9572  9572 D AndroidRuntime: Calling main entry com.android.commands.input.Input
08-03 20:28:42.922  9572  9572 I Input   : injectMotionEvent: MotionEvent { action=ACTION_DOWN, actionButton=0, id[0]=0, x[0]=693.0, y[0]=1450.0, toolType[0]=TOOL_TYPE_UNKNOWN, buttonState=0, metaState=0, flags=0x0, edgeFlags=0x0, pointerCount=1, historySize=0, eventTime=649739334, downTime=649739334, deviceId=0, source=0x1002 }
08-03 20:28:42.926  9229  9241 I art     : Starting a blocking GC Explicit
08-03 20:28:42.928  9572  9572 I Input   : injectMotionEvent: MotionEvent { action=ACTION_UP, actionButton=0, id[0]=0, x[0]=693.0, y[0]=1450.0, toolType[0]=TOOL_TYPE_UNKNOWN, buttonState=0, metaState=0, flags=0x0, edgeFlags=0x0, pointerCount=1, historySize=0, eventTime=649739334, downTime=649739334, deviceId=0, source=0x1002 }
08-03 20:28:42.932  9572  9572 D AndroidRuntime: Shutting down VM
08-03 20:28:42.937   512  2967 D audio_hw_primary: out_set_parameters: enter: usecase(1: low-latency-playback) kvpairs: routing=2
08-03 20:28:42.937   918  3696 I ActivityManager: START u0 {cmp=baseline.io.github.project_travel_mate/.destinations.description.CityHistoryActivity} from uid 10623 on display 0
08-03 20:28:42.950   512  2967 D audio_hw_primary: select_devices: out_snd_device(2: speaker) in_snd_device(0: none)
08-03 20:28:42.950   512  2967 D msm8974_platform: platform_send_audio_calibration: sending audio calibration for snd_device(2) acdb_id(15)
08-03 20:28:42.951   512  2967 I soundtrigger: audio_extn_sound_trigger_update_device_status: device 0x2 of type 0 for Event 1
08-03 20:28:42.958  9229  9241 I art     : Explicit concurrent mark sweep GC freed 175(7KB) AllocSpace objects, 0(0B) LOS objects, 29% free, 38MB/54MB, paused 952us total 31.210ms
08-03 20:28:42.961   512  2967 D audio_hw_primary: enable_snd_device: snd_device(2: speaker)
08-03 20:28:42.963   512  2967 D audio_hw_primary: enable_audio_route: apply and update mixer path: low-latency-playback speaker
08-03 20:28:42.974  9229  9241 I art     : Starting a blocking GC Explicit
08-03 20:28:42.977  9229  9294 D Gabe    : call	returning from cache
08-03 20:28:42.979  9229  9229 V EXECUTING: https://project-travel-mate.herokuapp.com/api/get-city-information/1
08-03 20:28:43.005  9229  9241 I art     : Explicit concurrent mark sweep GC freed 624(108KB) AllocSpace objects, 0(0B) LOS objects, 29% free, 38MB/54MB, paused 728us total 31.302ms
08-03 20:28:43.019   518   646 I ThermalEngine: ACTION: GPU - Setting GPU[0] to 510000000
08-03 20:28:43.137 18789 18789 I Finsky  : [1] xow.onStartJob(3): SCH: onJobSchedulerWakeup with jobId 9011
08-03 20:28:43.140   918   936 I ActivityManager: Displayed baseline.io.github.project_travel_mate/.destinations.description.CityHistoryActivity: +192ms
08-03 20:28:43.140 13866 13866 I GoogleInputMethodServic: GoogleInputMethodService.onFinishInput():3138 
08-03 20:28:43.141 13866 13866 I GoogleInputMethodServic: GoogleInputMethodService.onStartInput():1808 
08-03 20:28:43.149 18789 18789 I Finsky  : [1] xjw.a(9): Scheduling fallback in 43199988 (absolute: 1676327012)
08-03 20:28:43.155 18789 18789 I Finsky  : [1] xjw.a(9): Scheduling fallback in 64799995 (absolute: 1697927024)
08-03 20:28:43.164 18789 18789 I Finsky  : [1] xow.onStartJob(3): SCH: onJobSchedulerWakeup with jobId 9016
08-03 20:28:43.173 18789 18789 I Finsky  : [1] xjw.a(9): Scheduling fallback in 43199995 (absolute: 1676327042)
08-03 20:28:43.176 18789 18789 I Finsky  : [1] xjw.a(9): Scheduling fallback in 64799998 (absolute: 1697927048)
08-03 20:28:43.185 18789 18789 W Finsky  : [1] xow.onStartJob(9): SCH: onJobSchedulerWakeup while already running
08-03 20:28:43.235 18789 18789 I Finsky  : [1] xkf.handleMessage(8): SCH: DeviceState: DeviceState{currentTime=1596479323230, isCharging=false, isIdle=false, netAny=true, netNotRoaming=true, netUnmetered=true, batteryPercent=100.0}
08-03 20:28:43.241 18789  9203 I Finsky  : [5765] xmu.a(8): SCH: Jobs in database: 1-1337 3-181 3-182 12-1 24-77777777 26-1414141414 
08-03 20:28:43.245 18789 18789 I Finsky  : [1] xkg.a(16): SCH: Running job: 12-1
08-03 20:28:43.246 18789 18789 I Finsky  : [1] ContentSyncJob.a(16): [ContentSync] job started
08-03 20:28:43.247 18789 18789 I Finsky  : [1] xkf.handleMessage(61): SCH: RunningQueue size: 1, PendingQueue size: 0
08-03 20:28:43.248 18789 18789 I Finsky  : [1] xkf.handleMessage(64): SCH: Running queue: 12-1 
08-03 20:28:43.330 18789  9227 I Finsky  : [5776] dzn.a(22): Completed 0 account content syncs with 0 successful.
08-03 20:28:43.331 18789 18789 I Finsky  : [1] ContentSyncJob.a(1): [ContentSync] Installation state replication succeeded.
08-03 20:28:43.332 18789 18789 I Finsky  : [1] xlr.a(13): SCH: jobFinished: 12-1. TimeElapsed: 86ms.
08-03 20:28:43.332 18789 18789 I Finsky  : [1] xkg.a(36): SCH: Job 12-1 finished. Not rescheduling.
08-03 20:28:43.333 18789 18789 I Finsky  : [1] xkf.handleMessage(61): SCH: RunningQueue size: 0, PendingQueue size: 0
08-03 20:28:43.333  9229  9247 I art     : Starting a blocking GC Explicit
08-03 20:28:43.333 18789 18789 I Finsky  : [1] xkf.handleMessage(25): Executor finished
08-03 20:28:43.352 18789 18789 I Finsky  : [1] xmu.a(8): SCH: Jobs in database: 1-1337 3-181 3-182 24-77777777 26-1414141414 
08-03 20:28:43.355 18789 18789 I Finsky  : [1] xio.a(57): SCH: ConstraintMapping: 24-77777777,  -> L: 0ms, D: 2245748ms, C: false, I: true, N: 0
08-03 20:28:43.356 18789 18789 I Finsky  : [1] xio.a(57): SCH: ConstraintMapping: 1-1337,  -> L: 5829552ms, D: 49029552ms, C: false, I: false, N: 1
08-03 20:28:43.356 18789 18789 I Finsky  : [1] xio.a(57): SCH: ConstraintMapping: 3-181,  -> L: 0ms, D: 80285860ms, C: false, I: true, N: 2
08-03 20:28:43.357 18789 18789 I Finsky  : [1] xio.a(57): SCH: ConstraintMapping: 3-182,  -> L: 0ms, D: 80285933ms, C: true, I: true, N: 2
08-03 20:28:43.357  9229  9247 I art     : Explicit concurrent mark sweep GC freed 2835(123KB) AllocSpace objects, 2(40KB) LOS objects, 27% free, 42MB/58MB, paused 459us total 23.979ms
08-03 20:28:43.357 18789 18789 I Finsky  : [1] xio.a(57): SCH: ConstraintMapping: 26-1414141414,  -> L: 9901800ms, D: 10801800ms, C: false, I: false, N: 0
08-03 20:28:43.369  9229  9247 I art     : Starting a blocking GC Explicit
08-03 20:28:43.390 18789 18789 I Finsky  : [1] xle.a(34): Cancelling existing jobscheduler jobs: 9001 9012 9019 9018 9015 9017 9014 9013 
08-03 20:28:43.391 18789 18789 I Finsky  : [1] xle.a(10): Throttling wakeup for job 9000 (expected to run in 0 ms) due to recent wakeup
08-03 20:28:43.392 18789 18789 I Finsky  : [1] xle.a(27): Scheduling job Id: 9000, L: 30000, D: 2245748, C: false, I: true, N: 0
08-03 20:28:43.394   380   380 W SurfaceFlinger: couldn't log to binary event log: overflow.
08-03 20:28:43.394  9229  9247 I art     : Explicit concurrent mark sweep GC freed 197(4KB) AllocSpace objects, 0(0B) LOS objects, 27% free, 42MB/58MB, paused 618us total 24.671ms
08-03 20:28:43.395 18789 18789 I Finsky  : [1] xle.a(27): Scheduling job Id: 9002, L: 5829552, D: 49029552, C: false, I: false, N: 1
08-03 20:28:43.397 18789 18789 I Finsky  : [1] xle.a(10): Throttling wakeup for job 9003 (expected to run in 0 ms) due to recent wakeup
08-03 20:28:43.398 18789 18789 I Finsky  : [1] xle.a(27): Scheduling job Id: 9003, L: 30000, D: 80285860, C: false, I: true, N: 2
08-03 20:28:43.400 18789 18789 I Finsky  : [1] xle.a(10): Throttling wakeup for job 9004 (expected to run in 0 ms) due to recent wakeup
08-03 20:28:43.400 18789 18789 I Finsky  : [1] xle.a(27): Scheduling job Id: 9004, L: 30000, D: 80285933, C: true, I: true, N: 2
08-03 20:28:43.403 18789 18789 I Finsky  : [1] xle.a(27): Scheduling job Id: 9005, L: 9901800, D: 10801800, C: false, I: false, N: 0
08-03 20:28:43.407 18789 18789 I Finsky  : [1] xle.a(10): Throttling wakeup for job 9006 (expected to run in 0 ms) due to recent wakeup
08-03 20:28:43.407  9229  9247 I art     : Starting a blocking GC Explicit
08-03 20:28:43.409 18789 18789 I Finsky  : [1] xle.a(27): Scheduling job Id: 9006, L: 30000, D: 2245748, C: false, I: true, N: 0
08-03 20:28:43.412 18789 18789 I Finsky  : [1] xle.a(27): Scheduling job Id: 9007, L: 5829552, D: 49029552, C: false, I: false, N: 1
08-03 20:28:43.413 18789 18789 I Finsky  : [1] xle.a(10): Throttling wakeup for job 9008 (expected to run in 0 ms) due to recent wakeup
08-03 20:28:43.413 18789 18789 I Finsky  : [1] xle.a(27): Scheduling job Id: 9008, L: 30000, D: 80285860, C: false, I: true, N: 2
08-03 20:28:43.415 18789 18789 I Finsky  : [1] xle.a(10): Throttling wakeup for job 9009 (expected to run in 0 ms) due to recent wakeup
08-03 20:28:43.415 18789 18789 I Finsky  : [1] xle.a(27): Scheduling job Id: 9009, L: 30000, D: 80285933, C: true, I: true, N: 2
08-03 20:28:43.416 18789 18789 I Finsky  : [1] xle.a(27): Scheduling job Id: 9010, L: 9901800, D: 10801800, C: false, I: false, N: 0
08-03 20:28:43.430  9229  9247 I art     : Explicit concurrent mark sweep GC freed 218(3KB) AllocSpace objects, 0(0B) LOS objects, 27% free, 42MB/58MB, paused 454us total 22.233ms
08-03 20:28:43.441  9229  9247 I art     : Starting a blocking GC Explicit
08-03 20:28:43.463  9229  9247 I art     : Explicit concurrent mark sweep GC freed 148(2528B) AllocSpace objects, 0(0B) LOS objects, 27% free, 42MB/58MB, paused 453us total 21.933ms
08-03 20:28:43.474  9229  9247 I art     : Starting a blocking GC Explicit
08-03 20:28:43.498   512  2967 D audio_hw_primary: disable_audio_route: reset and update mixer path: low-latency-playback speaker
08-03 20:28:43.499  9229  9247 I art     : Explicit concurrent mark sweep GC freed 2719(134KB) AllocSpace objects, 2(120KB) LOS objects, 27% free, 43MB/59MB, paused 445us total 24.319ms
08-03 20:28:43.502   512  2967 D audio_hw_primary: disable_snd_device: snd_device(2: speaker)
08-03 20:28:43.511   512  2967 I soundtrigger: audio_extn_sound_trigger_update_device_status: device 0x2 of type 0 for Event 0
08-03 20:28:43.534  9229  9596 I NAPPA_EXPERIMENTATION: MetricNetworkRequestExecutionTime: REQUEST_DURATION_SYSTEM='554',REQUEST_DURATION_OKHTTP='40',REQUEST_SYNCHRONOUS='FALSE',RESPONSE_CODE='200',RESPONSE_METHOD='GET',RESPONSE_LENGTH_OKHTTP='55024',RESPONSE_LENGTH_HEADER='55024',REQUEST_PROTOCOL='http/1.1',REQUEST_URL='https://project-travel-mate.herokuapp.com/api/get-city-information/1',
08-03 20:28:43.737 13866 13866 I GoogleInputMethodServic: GoogleInputMethodService.onFinishInput():3138 
08-03 20:28:43.737 13866 13866 I GoogleInputMethodServic: GoogleInputMethodService.onStartInput():1808 
08-03 20:28:43.802  9229  9240 I art     : Starting a blocking GC Explicit
08-03 20:28:43.835  9229  9240 I art     : Explicit concurrent mark sweep GC freed 4796(1456KB) AllocSpace objects, 23(4MB) LOS objects, 29% free, 38MB/54MB, paused 462us total 32.703ms
08-03 20:28:43.850  9229  9240 I art     : Starting a blocking GC Explicit
08-03 20:28:43.876  9229  9240 I art     : Explicit concurrent mark sweep GC freed 230(7KB) AllocSpace objects, 0(0B) LOS objects, 29% free, 38MB/54MB, paused 415us total 25.655ms
08-03 20:28:43.888  9229  9240 I art     : Starting a blocking GC Explicit
08-03 20:28:43.914  9229  9240 I art     : Explicit concurrent mark sweep GC freed 219(3KB) AllocSpace objects, 0(0B) LOS objects, 29% free, 38MB/54MB, paused 427us total 25.953ms
08-03 20:28:43.927  9229  9240 I art     : Starting a blocking GC Explicit
08-03 20:28:43.953  9229  9240 I art     : Explicit concurrent mark sweep GC freed 147(2496B) AllocSpace objects, 0(0B) LOS objects, 29% free, 38MB/54MB, paused 380us total 26.696ms
08-03 20:28:43.966  9229  9240 I art     : Starting a blocking GC Explicit
08-03 20:28:43.992  9229  9240 I art     : Explicit concurrent mark sweep GC freed 147(2496B) AllocSpace objects, 0(0B) LOS objects, 29% free, 38MB/54MB, paused 415us total 26.406ms
08-03 20:28:44.023   518   646 I ThermalEngine: ACTION: GPU - Setting GPU[0] to 450000000
08-03 20:28:44.349  9229  9247 I art     : Starting a blocking GC Explicit
08-03 20:28:44.385  9229  9247 I art     : Explicit concurrent mark sweep GC freed 3157(111KB) AllocSpace objects, 2(40KB) LOS objects, 29% free, 38MB/54MB, paused 563us total 35.527ms
08-03 20:28:44.403  9229  9247 I art     : Starting a blocking GC Explicit
08-03 20:28:44.436  9229  9247 I art     : Explicit concurrent mark sweep GC freed 238(4KB) AllocSpace objects, 0(0B) LOS objects, 29% free, 38MB/54MB, paused 588us total 32.928ms
08-03 20:28:44.452  9229  9247 I art     : Starting a blocking GC Explicit
08-03 20:28:44.486  9229  9247 I art     : Explicit concurrent mark sweep GC freed 219(3KB) AllocSpace objects, 0(0B) LOS objects, 29% free, 38MB/54MB, paused 556us total 33.395ms
08-03 20:28:44.502  9229  9247 I art     : Starting a blocking GC Explicit
08-03 20:28:44.537  9229  9247 I art     : Explicit concurrent mark sweep GC freed 219(3KB) AllocSpace objects, 0(0B) LOS objects, 29% free, 38MB/54MB, paused 523us total 34.093ms
08-03 20:28:44.553  9229  9247 I art     : Starting a blocking GC Explicit
08-03 20:28:44.587  9229  9247 I art     : Explicit concurrent mark sweep GC freed 219(3KB) AllocSpace objects, 0(0B) LOS objects, 29% free, 38MB/54MB, paused 718us total 34.344ms
08-03 20:28:44.990  9229  9247 I art     : Starting a blocking GC Explicit
08-03 20:28:45.028  9229  9247 I art     : Explicit concurrent mark sweep GC freed 3327(114KB) AllocSpace objects, 2(40KB) LOS objects, 29% free, 38MB/54MB, paused 731us total 37.624ms
08-03 20:28:45.047  9229  9247 I art     : Starting a blocking GC Explicit
08-03 20:28:45.082  9229  9247 I art     : Explicit concurrent mark sweep GC freed 300(5KB) AllocSpace objects, 0(0B) LOS objects, 29% free, 38MB/54MB, paused 779us total 35.552ms
08-03 20:28:45.099  9229  9247 I art     : Starting a blocking GC Explicit
08-03 20:28:45.135  9229  9247 I art     : Explicit concurrent mark sweep GC freed 229(3KB) AllocSpace objects, 0(0B) LOS objects, 29% free, 38MB/54MB, paused 558us total 36.216ms
08-03 20:28:45.152  9229  9247 I art     : Starting a blocking GC Explicit
08-03 20:28:45.187  9229  9247 I art     : Explicit concurrent mark sweep GC freed 219(3KB) AllocSpace objects, 0(0B) LOS objects, 29% free, 38MB/54MB, paused 564us total 35.060ms
08-03 20:28:45.203  9229  9247 I art     : Starting a blocking GC Explicit
08-03 20:28:45.240  9229  9247 I art     : Explicit concurrent mark sweep GC freed 219(3KB) AllocSpace objects, 0(0B) LOS objects, 29% free, 38MB/54MB, paused 549us total 35.989ms
08-03 20:28:45.623  9229  9241 I art     : Starting a blocking GC Explicit
08-03 20:28:45.660  9229  9241 I art     : Explicit concurrent mark sweep GC freed 3237(112KB) AllocSpace objects, 2(40KB) LOS objects, 29% free, 38MB/54MB, paused 556us total 36.930ms
08-03 20:28:45.680  9229  9241 I art     : Starting a blocking GC Explicit
08-03 20:28:45.716  9229  9241 I art     : Explicit concurrent mark sweep GC freed 308(5KB) AllocSpace objects, 0(0B) LOS objects, 29% free, 38MB/54MB, paused 735us total 35.954ms
08-03 20:28:45.732  9229  9241 I art     : Starting a blocking GC Explicit
08-03 20:28:45.768  9229  9241 I art     : Explicit concurrent mark sweep GC freed 237(3KB) AllocSpace objects, 0(0B) LOS objects, 29% free, 38MB/54MB, paused 549us total 35.576ms
08-03 20:28:45.784  9229  9241 I art     : Starting a blocking GC Explicit
08-03 20:28:45.819  9229  9241 I art     : Explicit concurrent mark sweep GC freed 219(3KB) AllocSpace objects, 0(0B) LOS objects, 29% free, 38MB/54MB, paused 568us total 34.638ms
08-03 20:28:45.835  9229  9241 I art     : Starting a blocking GC Explicit
08-03 20:28:45.871  9229  9241 I art     : Explicit concurrent mark sweep GC freed 219(3KB) AllocSpace objects, 0(0B) LOS objects, 29% free, 38MB/54MB, paused 574us total 36.034ms
08-03 20:28:46.280  9229  9240 I art     : Starting a blocking GC Explicit
08-03 20:28:46.316  9229  9240 I art     : Explicit concurrent mark sweep GC freed 3312(113KB) AllocSpace objects, 2(40KB) LOS objects, 29% free, 38MB/54MB, paused 666us total 35.250ms
08-03 20:28:46.334  9229  9240 I art     : Starting a blocking GC Explicit
08-03 20:28:46.371  9229  9240 I art     : Explicit concurrent mark sweep GC freed 290(5KB) AllocSpace objects, 0(0B) LOS objects, 29% free, 38MB/54MB, paused 624us total 36.950ms
08-03 20:28:46.387  9229  9240 I art     : Starting a blocking GC Explicit
08-03 20:28:46.423  9229  9240 I art     : Explicit concurrent mark sweep GC freed 224(3KB) AllocSpace objects, 0(0B) LOS objects, 29% free, 38MB/54MB, paused 650us total 35.251ms
08-03 20:28:46.439  9229  9240 I art     : Starting a blocking GC Explicit
08-03 20:28:46.476  9229  9240 I art     : Explicit concurrent mark sweep GC freed 220(3KB) AllocSpace objects, 0(0B) LOS objects, 29% free, 38MB/54MB, paused 575us total 36.373ms
08-03 20:28:46.492  9229  9240 I art     : Starting a blocking GC Explicit
08-03 20:28:46.527  9229  9240 I art     : Explicit concurrent mark sweep GC freed 220(3KB) AllocSpace objects, 0(0B) LOS objects, 29% free, 38MB/54MB, paused 651us total 34.744ms
08-03 20:28:46.924  9229  9247 I art     : Starting a blocking GC Explicit
08-03 20:28:46.964  9229  9247 I art     : Explicit concurrent mark sweep GC freed 3297(113KB) AllocSpace objects, 2(40KB) LOS objects, 29% free, 38MB/54MB, paused 566us total 39.471ms
08-03 20:28:46.984  9229  9247 I art     : Starting a blocking GC Explicit
08-03 20:28:47.018  9229  9247 I art     : Explicit concurrent mark sweep GC freed 269(4KB) AllocSpace objects, 0(0B) LOS objects, 29% free, 38MB/54MB, paused 738us total 33.381ms
08-03 20:28:47.034  9229  9247 I art     : Starting a blocking GC Explicit
08-03 20:28:47.070  9229  9247 I art     : Explicit concurrent mark sweep GC freed 221(3KB) AllocSpace objects, 0(0B) LOS objects, 29% free, 38MB/54MB, paused 614us total 35.900ms
08-03 20:28:47.086  9229  9247 I art     : Starting a blocking GC Explicit
08-03 20:28:47.121  9229  9247 I art     : Explicit concurrent mark sweep GC freed 236(3KB) AllocSpace objects, 0(0B) LOS objects, 29% free, 38MB/54MB, paused 596us total 34.839ms
08-03 20:28:47.138  9229  9247 I art     : Starting a blocking GC Explicit
08-03 20:28:47.173  9229  9247 I art     : Explicit concurrent mark sweep GC freed 241(4KB) AllocSpace objects, 0(0B) LOS objects, 29% free, 38MB/54MB, paused 582us total 34.603ms
08-03 20:28:47.568  9229  9241 I art     : Starting a blocking GC Explicit
08-03 20:28:47.605  9229  9241 I art     : Explicit concurrent mark sweep GC freed 3280(113KB) AllocSpace objects, 2(40KB) LOS objects, 29% free, 38MB/54MB, paused 722us total 36.095ms
08-03 20:28:47.622  9229  9241 I art     : Starting a blocking GC Explicit
08-03 20:28:47.657  9229  9241 I art     : Explicit concurrent mark sweep GC freed 256(4KB) AllocSpace objects, 0(0B) LOS objects, 29% free, 38MB/54MB, paused 546us total 34.726ms
08-03 20:28:47.673  9229  9241 I art     : Starting a blocking GC Explicit
08-03 20:28:47.707  9229  9241 I art     : Explicit concurrent mark sweep GC freed 218(3KB) AllocSpace objects, 0(0B) LOS objects, 29% free, 38MB/54MB, paused 593us total 33.224ms
08-03 20:28:47.711  9671  9671 D AndroidRuntime: >>>>>> START com.android.internal.os.RuntimeInit uid 2000 <<<<<<
08-03 20:28:47.717  9671  9671 D AndroidRuntime: CheckJNI is OFF
08-03 20:28:47.723  9229  9241 I art     : Starting a blocking GC Explicit
08-03 20:28:47.756  9229  9241 I art     : Explicit concurrent mark sweep GC freed 220(3KB) AllocSpace objects, 0(0B) LOS objects, 29% free, 38MB/54MB, paused 592us total 33.094ms
08-03 20:28:47.761  9671  9671 D ICU     : No timezone override file found: /data/misc/zoneinfo/current/icu/icu_tzdata.dat
08-03 20:28:47.772  9229  9241 I art     : Starting a blocking GC Explicit
08-03 20:28:47.806  9671  9671 I Radio-JNI: register_android_hardware_Radio DONE
08-03 20:28:47.807  9229  9241 I art     : Explicit concurrent mark sweep GC freed 218(3KB) AllocSpace objects, 0(0B) LOS objects, 29% free, 38MB/54MB, paused 599us total 34.470ms
08-03 20:28:47.837  9671  9671 D AndroidRuntime: Calling main entry com.android.commands.input.Input
08-03 20:28:47.839  9671  9671 I Input   : injectKeyEvent: KeyEvent { action=ACTION_DOWN, keyCode=KEYCODE_BACK, scanCode=0, metaState=0, flags=0x0, repeatCount=0, eventTime=649744252, downTime=649744252, deviceId=-1, source=0x101 }
08-03 20:28:47.845  9671  9671 I Input   : injectKeyEvent: KeyEvent { action=ACTION_UP, keyCode=KEYCODE_BACK, scanCode=0, metaState=0, flags=0x0, repeatCount=0, eventTime=649744252, downTime=649744252, deviceId=-1, source=0x101 }
08-03 20:28:47.852  9671  9671 D AndroidRuntime: Shutting down VM
08-03 20:28:47.893 13866 13866 I GoogleInputMethodServic: GoogleInputMethodService.onFinishInput():3138 
08-03 20:28:47.894 13866 13866 I GoogleInputMethodServic: GoogleInputMethodService.onStartInput():1808 
08-03 20:28:48.166  9229  9247 I art     : Starting a blocking GC Explicit
08-03 20:28:48.181   380   380 W SurfaceFlinger: couldn't log to binary event log: overflow.
08-03 20:28:48.198  9229  9247 I art     : Explicit concurrent mark sweep GC freed 3199(114KB) AllocSpace objects, 2(40KB) LOS objects, 29% free, 38MB/54MB, paused 536us total 32.131ms
08-03 20:28:48.213  9229  9247 I art     : Starting a blocking GC Explicit
08-03 20:28:48.242  9229  9247 I art     : Explicit concurrent mark sweep GC freed 183(3KB) AllocSpace objects, 1(188KB) LOS objects, 29% free, 38MB/54MB, paused 509us total 28.796ms
08-03 20:28:48.258  9229  9247 I art     : Starting a blocking GC Explicit
08-03 20:28:48.287  9229  9247 I art     : Explicit concurrent mark sweep GC freed 4814(340KB) AllocSpace objects, 7(132KB) LOS objects, 29% free, 38MB/54MB, paused 576us total 29.236ms
08-03 20:28:48.302  9229  9247 I art     : Starting a blocking GC Explicit
08-03 20:28:48.332  9229  9247 I art     : Explicit concurrent mark sweep GC freed 125(2896B) AllocSpace objects, 0(0B) LOS objects, 29% free, 38MB/54MB, paused 564us total 29.718ms
08-03 20:28:48.348  9229  9247 I art     : Starting a blocking GC Explicit
08-03 20:28:48.379  9229  9247 I art     : Explicit concurrent mark sweep GC freed 157(3040B) AllocSpace objects, 0(0B) LOS objects, 29% free, 38MB/54MB, paused 555us total 30.653ms
08-03 20:28:48.379  9229  9239 I art     : WaitForGcToComplete blocked for 21.874ms for cause HeapTrim
08-03 20:28:48.751  9229  9241 I art     : Starting a blocking GC Explicit
08-03 20:28:48.785  9229  9241 I art     : Explicit concurrent mark sweep GC freed 2582(101KB) AllocSpace objects, 2(40KB) LOS objects, 29% free, 38MB/54MB, paused 673us total 33.919ms
08-03 20:28:48.803  9229  9241 I art     : Starting a blocking GC Explicit
08-03 20:28:48.834  9229  9241 I art     : Explicit concurrent mark sweep GC freed 180(3KB) AllocSpace objects, 0(0B) LOS objects, 29% free, 38MB/54MB, paused 652us total 30.818ms
08-03 20:28:48.850  9229  9241 I art     : Starting a blocking GC Explicit
08-03 20:28:48.880  9229  9241 I art     : Explicit concurrent mark sweep GC freed 128(2176B) AllocSpace objects, 0(0B) LOS objects, 29% free, 38MB/54MB, paused 550us total 29.907ms
08-03 20:28:48.895  9229  9241 I art     : Starting a blocking GC Explicit
08-03 20:28:48.927  9229  9241 I art     : Explicit concurrent mark sweep GC freed 148(2528B) AllocSpace objects, 0(0B) LOS objects, 29% free, 38MB/54MB, paused 633us total 31.553ms
08-03 20:28:48.943  9229  9241 I art     : Starting a blocking GC Explicit
08-03 20:28:48.973  9229  9241 I art     : Explicit concurrent mark sweep GC freed 147(2496B) AllocSpace objects, 0(0B) LOS objects, 29% free, 38MB/54MB, paused 541us total 30.366ms
08-03 20:28:49.321  9229  9705 I art     : Starting a blocking GC Explicit
08-03 20:28:49.353  9229  9705 I art     : Explicit concurrent mark sweep GC freed 2528(101KB) AllocSpace objects, 2(40KB) LOS objects, 29% free, 38MB/54MB, paused 558us total 32.322ms
08-03 20:28:49.369  9229  9705 I art     : Starting a blocking GC Explicit
08-03 20:28:49.402  9229  9705 I art     : Explicit concurrent mark sweep GC freed 121(2432B) AllocSpace objects, 0(0B) LOS objects, 29% free, 38MB/54MB, paused 658us total 32.977ms
08-03 20:28:49.418  9229  9705 I art     : Starting a blocking GC Explicit
08-03 20:28:49.452  9229  9705 I art     : Explicit concurrent mark sweep GC freed 152(2576B) AllocSpace objects, 0(0B) LOS objects, 29% free, 38MB/54MB, paused 640us total 33.375ms
08-03 20:28:49.468  9229  9705 I art     : Starting a blocking GC Explicit
08-03 20:28:49.502  9229  9705 I art     : Explicit concurrent mark sweep GC freed 140(2384B) AllocSpace objects, 0(0B) LOS objects, 29% free, 38MB/54MB, paused 623us total 33.415ms
08-03 20:28:49.517  9229  9705 I art     : Starting a blocking GC Explicit
08-03 20:28:49.551  9229  9705 I art     : Explicit concurrent mark sweep GC freed 147(2512B) AllocSpace objects, 0(0B) LOS objects, 29% free, 38MB/54MB, paused 602us total 33.092ms
08-03 20:28:49.625  9716  9716 D AndroidRuntime: >>>>>> START com.android.internal.os.RuntimeInit uid 2000 <<<<<<
08-03 20:28:49.632  9716  9716 D AndroidRuntime: CheckJNI is OFF
08-03 20:28:49.675  9716  9716 D ICU     : No timezone override file found: /data/misc/zoneinfo/current/icu/icu_tzdata.dat
08-03 20:28:49.720  9716  9716 I Radio-JNI: register_android_hardware_Radio DONE
08-03 20:28:49.748  9716  9716 D AndroidRuntime: Calling main entry com.android.commands.input.Input
08-03 20:28:49.750  9716  9716 I Input   : injectMotionEvent: MotionEvent { action=ACTION_DOWN, actionButton=0, id[0]=0, x[0]=504.0, y[0]=1706.0, toolType[0]=TOOL_TYPE_UNKNOWN, buttonState=0, metaState=0, flags=0x0, edgeFlags=0x0, pointerCount=1, historySize=0, eventTime=649746163, downTime=649746163, deviceId=0, source=0x1002 }
08-03 20:28:49.757  9716  9716 I Input   : injectMotionEvent: MotionEvent { action=ACTION_UP, actionButton=0, id[0]=0, x[0]=504.0, y[0]=1706.0, toolType[0]=TOOL_TYPE_UNKNOWN, buttonState=0, metaState=0, flags=0x0, edgeFlags=0x0, pointerCount=1, historySize=0, eventTime=649746163, downTime=649746163, deviceId=0, source=0x1002 }
08-03 20:28:49.758  9716  9716 D AndroidRuntime: Shutting down VM
08-03 20:28:49.760   512  2967 D audio_hw_primary: out_set_parameters: enter: usecase(1: low-latency-playback) kvpairs: routing=2
08-03 20:28:49.764   918  3670 I ActivityManager: START u0 {cmp=baseline.io.github.project_travel_mate/.destinations.funfacts.FunFactsActivity (has extras)} from uid 10623 on display 0
08-03 20:28:49.772   512  2967 D audio_hw_primary: select_devices: out_snd_device(2: speaker) in_snd_device(0: none)
08-03 20:28:49.773   512  2967 D msm8974_platform: platform_send_audio_calibration: sending audio calibration for snd_device(2) acdb_id(15)
08-03 20:28:49.773   512  2967 I soundtrigger: audio_extn_sound_trigger_update_device_status: device 0x2 of type 0 for Event 1
08-03 20:28:49.784   512  2967 D audio_hw_primary: enable_snd_device: snd_device(2: speaker)
08-03 20:28:49.787   512  2967 D audio_hw_primary: enable_audio_route: apply and update mixer path: low-latency-playback speaker
08-03 20:28:49.788  9229  9294 D Gabe    : call	returning from cache
08-03 20:28:49.790  9229  9229 V EXECUTING: https://project-travel-mate.herokuapp.com/api/get-city-facts/1
08-03 20:28:49.931  9229  9241 I art     : Starting a blocking GC Explicit
08-03 20:28:49.940   918   936 I ActivityManager: Displayed baseline.io.github.project_travel_mate/.destinations.funfacts.FunFactsActivity: +165ms
08-03 20:28:49.941 13866 13866 I GoogleInputMethodServic: GoogleInputMethodService.onFinishInput():3138 
08-03 20:28:49.941 13866 13866 I GoogleInputMethodServic: GoogleInputMethodService.onStartInput():1808 
08-03 20:28:49.963  9229  9241 I art     : Explicit concurrent mark sweep GC freed 4445(289KB) AllocSpace objects, 2(40KB) LOS objects, 27% free, 42MB/58MB, paused 862us total 31.251ms
08-03 20:28:49.979  9229  9241 I art     : Starting a blocking GC Explicit
08-03 20:28:50.013  9229  9241 I art     : Explicit concurrent mark sweep GC freed 143(5KB) AllocSpace objects, 0(0B) LOS objects, 27% free, 42MB/58MB, paused 847us total 33.175ms
08-03 20:28:50.029  9229  9241 I art     : Starting a blocking GC Explicit
08-03 20:28:50.062  9229  9241 I art     : Explicit concurrent mark sweep GC freed 125(2096B) AllocSpace objects, 0(0B) LOS objects, 27% free, 42MB/58MB, paused 817us total 32.226ms
08-03 20:28:50.078  9229  9241 I art     : Starting a blocking GC Explicit
08-03 20:28:50.110  9229  9241 I art     : Explicit concurrent mark sweep GC freed 157(2784B) AllocSpace objects, 0(0B) LOS objects, 27% free, 42MB/58MB, paused 565us total 31.775ms
08-03 20:28:50.126  9229  9241 I art     : Starting a blocking GC Explicit
08-03 20:28:50.154  9229  9241 I art     : Explicit concurrent mark sweep GC freed 218(3KB) AllocSpace objects, 0(0B) LOS objects, 27% free, 42MB/58MB, paused 587us total 28.452ms
08-03 20:28:50.184   380   380 W SurfaceFlinger: couldn't log to binary event log: overflow.
08-03 20:28:50.296  9229  9751 I NAPPA_EXPERIMENTATION: MetricNetworkRequestExecutionTime: REQUEST_DURATION_SYSTEM='505',REQUEST_DURATION_OKHTTP='41',REQUEST_SYNCHRONOUS='FALSE',RESPONSE_CODE='200',RESPONSE_METHOD='GET',RESPONSE_LENGTH_OKHTTP='1793',RESPONSE_LENGTH_HEADER='1793',REQUEST_PROTOCOL='http/1.1',REQUEST_URL='https://project-travel-mate.herokuapp.com/api/get-city-facts/1',
08-03 20:28:50.297  9229  9751 V EXECUTING: https://project-travel-mate.herokuapp.com/api/get-city-images/1
08-03 20:28:50.319   512  2967 D audio_hw_primary: disable_audio_route: reset and update mixer path: low-latency-playback speaker
08-03 20:28:50.321   512  2967 D audio_hw_primary: disable_snd_device: snd_device(2: speaker)
08-03 20:28:50.335   512  2967 I soundtrigger: audio_extn_sound_trigger_update_device_status: device 0x2 of type 0 for Event 0
08-03 20:28:50.509  9229  9705 I art     : Starting a blocking GC Explicit
08-03 20:28:50.543  9229  9705 I art     : Explicit concurrent mark sweep GC freed 5702(282KB) AllocSpace objects, 5(240KB) LOS objects, 27% free, 43MB/59MB, paused 828us total 33.054ms
08-03 20:28:50.558  9229  9705 I art     : Starting a blocking GC Explicit
08-03 20:28:50.589  9229  9705 I art     : Explicit concurrent mark sweep GC freed 1086(119KB) AllocSpace objects, 0(0B) LOS objects, 27% free, 43MB/59MB, paused 965us total 30.985ms
08-03 20:28:50.605  9229  9705 I art     : Starting a blocking GC Explicit
08-03 20:28:50.637  9229  9705 I art     : Explicit concurrent mark sweep GC freed 131(2192B) AllocSpace objects, 0(0B) LOS objects, 27% free, 43MB/59MB, paused 851us total 31.120ms
08-03 20:28:50.652  9229  9705 I art     : Starting a blocking GC Explicit
08-03 20:28:50.683  9229  9705 I art     : Explicit concurrent mark sweep GC freed 24(432B) AllocSpace objects, 0(0B) LOS objects, 27% free, 43MB/59MB, paused 771us total 30.679ms
08-03 20:28:50.699  9229  9705 I art     : Starting a blocking GC Explicit
08-03 20:28:50.707   918  3261 D WifiStateMachine: starting scan for "H369AA63323"WPA_PSK with 2412,5180
08-03 20:28:50.731  9229  9705 I art     : Explicit concurrent mark sweep GC freed 125(2096B) AllocSpace objects, 0(0B) LOS objects, 27% free, 43MB/59MB, paused 938us total 31.514ms
08-03 20:28:50.883  9229  9755 I NAPPA_EXPERIMENTATION: MetricNetworkRequestExecutionTime: REQUEST_DURATION_SYSTEM='585',REQUEST_DURATION_OKHTTP='41',REQUEST_SYNCHRONOUS='FALSE',RESPONSE_CODE='200',RESPONSE_METHOD='GET',RESPONSE_LENGTH_OKHTTP='183',RESPONSE_LENGTH_HEADER='183',REQUEST_PROTOCOL='http/1.1',REQUEST_URL='https://project-travel-mate.herokuapp.com/api/get-city-images/1',
08-03 20:28:50.918  9229  9755 V RESPONSE: [{"id":17,"image_url":"https://upload.wikimedia.org/wikipedia/commons/9/94/%E0%B4%96%E0%B5%81%E0%B4%A4%E0%B5%8D%E0%B4%AC%E0%B5%8D_%E0%B4%AE%E0%B4%BF%E0%B4%A8%E0%B4%BE%E0%B5%BC1.jpg"}]
08-03 20:28:51.068  9229  9241 I art     : Starting a blocking GC Explicit
08-03 20:28:51.104  9229  9241 I art     : Explicit concurrent mark sweep GC freed 8237(437KB) AllocSpace objects, 6(4MB) LOS objects, 28% free, 39MB/55MB, paused 641us total 35.825ms
08-03 20:28:51.120  9229  9241 I art     : Starting a blocking GC Explicit
08-03 20:28:51.155  9229  9241 I art     : Explicit concurrent mark sweep GC freed 1218(126KB) AllocSpace objects, 0(0B) LOS objects, 28% free, 39MB/55MB, paused 823us total 34.400ms
08-03 20:28:51.171  9229  9241 I art     : Starting a blocking GC Explicit
08-03 20:28:51.204  9229  9241 I art     : Explicit concurrent mark sweep GC freed 209(3KB) AllocSpace objects, 0(0B) LOS objects, 28% free, 39MB/55MB, paused 682us total 32.734ms
08-03 20:28:51.220  9229  9241 I art     : Starting a blocking GC Explicit
08-03 20:28:51.255  9229  9241 I art     : Explicit concurrent mark sweep GC freed 266(4KB) AllocSpace objects, 0(0B) LOS objects, 28% free, 39MB/55MB, paused 615us total 34.874ms
08-03 20:28:51.271  9229  9241 I art     : Starting a blocking GC Explicit
08-03 20:28:51.307  9229  9241 I art     : Explicit concurrent mark sweep GC freed 226(4KB) AllocSpace objects, 0(0B) LOS objects, 28% free, 39MB/55MB, paused 735us total 35.872ms
08-03 20:28:51.680  9229  9247 I art     : Starting a blocking GC Explicit
08-03 20:28:51.720  9229  9247 I art     : Explicit concurrent mark sweep GC freed 3185(112KB) AllocSpace objects, 2(40KB) LOS objects, 28% free, 39MB/55MB, paused 618us total 39.229ms
08-03 20:28:51.739  9229  9247 I art     : Starting a blocking GC Explicit
08-03 20:28:51.776  9229  9247 I art     : Explicit concurrent mark sweep GC freed 320(5KB) AllocSpace objects, 0(0B) LOS objects, 28% free, 39MB/55MB, paused 640us total 37.453ms
08-03 20:28:51.793  9229  9247 I art     : Starting a blocking GC Explicit
08-03 20:28:51.830  9229  9247 I art     : Explicit concurrent mark sweep GC freed 219(3KB) AllocSpace objects, 0(0B) LOS objects, 28% free, 39MB/55MB, paused 629us total 37.095ms
08-03 20:28:51.847  9229  9247 I art     : Starting a blocking GC Explicit
08-03 20:28:51.884  9229  9247 I art     : Explicit concurrent mark sweep GC freed 219(3KB) AllocSpace objects, 0(0B) LOS objects, 28% free, 39MB/55MB, paused 619us total 36.771ms
08-03 20:28:51.900  9229  9247 I art     : Starting a blocking GC Explicit
08-03 20:28:51.938  9229  9247 I art     : Explicit concurrent mark sweep GC freed 260(4KB) AllocSpace objects, 0(0B) LOS objects, 28% free, 39MB/55MB, paused 791us total 37.686ms
08-03 20:28:52.300  9229  9240 I art     : Starting a blocking GC Explicit
08-03 20:28:52.338  9229  9240 I art     : Explicit concurrent mark sweep GC freed 3114(110KB) AllocSpace objects, 2(40KB) LOS objects, 28% free, 39MB/55MB, paused 682us total 37.731ms
08-03 20:28:52.355  9229  9240 I art     : Starting a blocking GC Explicit
08-03 20:28:52.391  9229  9240 I art     : Explicit concurrent mark sweep GC freed 284(5KB) AllocSpace objects, 0(0B) LOS objects, 28% free, 39MB/55MB, paused 817us total 36.293ms
08-03 20:28:52.408  9229  9240 I art     : Starting a blocking GC Explicit
08-03 20:28:52.446  9229  9240 I art     : Explicit concurrent mark sweep GC freed 238(3KB) AllocSpace objects, 0(0B) LOS objects, 28% free, 39MB/55MB, paused 715us total 37.459ms
08-03 20:28:52.462  9229  9240 I art     : Starting a blocking GC Explicit
08-03 20:28:52.499  9229  9240 I art     : Explicit concurrent mark sweep GC freed 226(3KB) AllocSpace objects, 0(0B) LOS objects, 28% free, 39MB/55MB, paused 654us total 36.522ms
08-03 20:28:52.515  9229  9240 I art     : Starting a blocking GC Explicit
08-03 20:28:52.552  9229  9240 I art     : Explicit concurrent mark sweep GC freed 219(3KB) AllocSpace objects, 0(0B) LOS objects, 28% free, 39MB/55MB, paused 647us total 36.599ms
08-03 20:28:52.576  9786  9786 D AndroidRuntime: >>>>>> START com.android.internal.os.RuntimeInit uid 2000 <<<<<<
08-03 20:28:52.582  9786  9786 D AndroidRuntime: CheckJNI is OFF
08-03 20:28:52.624  9786  9786 D ICU     : No timezone override file found: /data/misc/zoneinfo/current/icu/icu_tzdata.dat
08-03 20:28:52.669  9786  9786 I Radio-JNI: register_android_hardware_Radio DONE
08-03 20:28:52.699  9786  9786 D AndroidRuntime: Calling main entry com.android.commands.input.Input
08-03 20:28:52.701  9786  9786 I Input   : injectKeyEvent: KeyEvent { action=ACTION_DOWN, keyCode=KEYCODE_BACK, scanCode=0, metaState=0, flags=0x0, repeatCount=0, eventTime=649749114, downTime=649749114, deviceId=-1, source=0x101 }
08-03 20:28:52.709  9786  9786 I Input   : injectKeyEvent: KeyEvent { action=ACTION_UP, keyCode=KEYCODE_BACK, scanCode=0, metaState=0, flags=0x0, repeatCount=0, eventTime=649749114, downTime=649749114, deviceId=-1, source=0x101 }
08-03 20:28:52.717  9786  9786 D AndroidRuntime: Shutting down VM
08-03 20:28:52.755 13866 13866 I GoogleInputMethodServic: GoogleInputMethodService.onFinishInput():3138 
08-03 20:28:52.756 13866 13866 I GoogleInputMethodServic: GoogleInputMethodService.onStartInput():1808 
08-03 20:28:52.912  9229  9705 I art     : Starting a blocking GC Explicit
08-03 20:28:52.954  9229  9705 I art     : Explicit concurrent mark sweep GC freed 3189(114KB) AllocSpace objects, 2(40KB) LOS objects, 28% free, 39MB/55MB, paused 716us total 41.746ms
08-03 20:28:52.974  9229  9705 I art     : Starting a blocking GC Explicit
08-03 20:28:53.013  9229  9705 I art     : Explicit concurrent mark sweep GC freed 314(5KB) AllocSpace objects, 0(0B) LOS objects, 28% free, 39MB/55MB, paused 892us total 39.061ms
08-03 20:28:53.031  9229  9705 I art     : Starting a blocking GC Explicit
08-03 20:28:53.053   380   380 W SurfaceFlinger: couldn't log to binary event log: overflow.
08-03 20:28:53.066  9229  9705 I art     : Explicit concurrent mark sweep GC freed 979(38KB) AllocSpace objects, 0(0B) LOS objects, 28% free, 39MB/55MB, paused 740us total 35.022ms
08-03 20:28:53.083  9229  9705 I art     : Starting a blocking GC Explicit
08-03 20:28:53.097  1728  1730 E QC-QMI  : qmi_client [1728] 484: failed to locate client data
08-03 20:28:53.099  1728  1728 I Atfwd_Daemon: Stop the daemon....
08-03 20:28:53.100   519   519 E QC-QMI  : qmuxd: RX on fd=18 returned error=0 errno[2:No such file or directory]
08-03 20:28:53.100   519   519 E QC-QMI  : QMUX qmux_client_id=484 not found in qmux client list, unable to remove
08-03 20:28:53.115  9229  9705 I art     : Explicit concurrent mark sweep GC freed 196(5KB) AllocSpace objects, 2(364KB) LOS objects, 29% free, 38MB/54MB, paused 680us total 32.423ms
08-03 20:28:53.132  9229  9705 I art     : Starting a blocking GC Explicit
08-03 20:28:53.149  9822  9822 W ATFWD-daemon: type=1400 audit(0.0:738401): avc: denied { read write } for name="diag" dev="tmpfs" ino=1296 scontext=u:r:atfwd:s0 tcontext=u:object_r:diag_device:s0 tclass=chr_file permissive=0
08-03 20:28:53.159  9822  9822 I libmdmdetect: ESOC framework not supported
08-03 20:28:53.159  9822  9822 I libmdmdetect: Found internal modem: modem
08-03 20:28:53.160  9822  9822 E Diag_Lib:  Diag_LSM_Init: Failed to open handle to diag driver, error = 13
08-03 20:28:53.164  9822  9822 I Atfwd_Daemon: result : 255 	 ,Init step :0 	 ,qmiErrorCode: 0
08-03 20:28:53.165  9822  9822 I Atfwd_Daemon: result : 0 	 ,Init step :1 	 ,qmiErrorCode: 0
08-03 20:28:53.165  9229  9705 I art     : Explicit concurrent mark sweep GC freed 5545(267KB) AllocSpace objects, 1(28KB) LOS objects, 29% free, 38MB/54MB, paused 1.205ms total 32.736ms
08-03 20:28:53.165  9822  9822 I ServiceManager: Waiting for service AtCmdFwd...
08-03 20:28:53.524  9229  9240 I art     : Starting a blocking GC Explicit
08-03 20:28:53.560  9229  9240 I art     : Explicit concurrent mark sweep GC freed 2580(101KB) AllocSpace objects, 2(40KB) LOS objects, 29% free, 38MB/54MB, paused 617us total 35.417ms
08-03 20:28:53.578  9229  9240 I art     : Starting a blocking GC Explicit
08-03 20:28:53.610  9229  9240 I art     : Explicit concurrent mark sweep GC freed 166(3KB) AllocSpace objects, 0(0B) LOS objects, 29% free, 38MB/54MB, paused 609us total 31.038ms
08-03 20:28:53.626  9229  9240 I art     : Starting a blocking GC Explicit
08-03 20:28:53.658  9229  9240 I art     : Explicit concurrent mark sweep GC freed 147(2496B) AllocSpace objects, 0(0B) LOS objects, 29% free, 38MB/54MB, paused 613us total 31.752ms
08-03 20:28:53.674  9229  9240 I art     : Starting a blocking GC Explicit
08-03 20:28:53.706  9229  9240 I art     : Explicit concurrent mark sweep GC freed 146(2464B) AllocSpace objects, 0(0B) LOS objects, 29% free, 38MB/54MB, paused 637us total 32.499ms
08-03 20:28:53.722  9229  9240 I art     : Starting a blocking GC Explicit
08-03 20:28:53.755  9229  9240 I art     : Explicit concurrent mark sweep GC freed 114(1952B) AllocSpace objects, 0(0B) LOS objects, 29% free, 38MB/54MB, paused 728us total 32.276ms
08-03 20:28:54.108  9229  9241 I art     : Starting a blocking GC Explicit
08-03 20:28:54.142  9229  9241 I art     : Explicit concurrent mark sweep GC freed 2564(101KB) AllocSpace objects, 2(40KB) LOS objects, 29% free, 38MB/54MB, paused 617us total 33.583ms
08-03 20:28:54.158  9229  9241 I art     : Starting a blocking GC Explicit
08-03 20:28:54.166  9822  9822 I ServiceManager: Waiting for service AtCmdFwd...
08-03 20:28:54.190  9229  9241 I art     : Explicit concurrent mark sweep GC freed 150(2912B) AllocSpace objects, 0(0B) LOS objects, 29% free, 38MB/54MB, paused 691us total 31.723ms
08-03 20:28:54.206  9229  9241 I art     : Starting a blocking GC Explicit
08-03 20:28:54.238  9229  9241 I art     : Explicit concurrent mark sweep GC freed 120(2064B) AllocSpace objects, 0(0B) LOS objects, 29% free, 38MB/54MB, paused 680us total 32.334ms
08-03 20:28:54.254  9229  9241 I art     : Starting a blocking GC Explicit
08-03 20:28:54.286  9229  9241 I art     : Explicit concurrent mark sweep GC freed 142(2400B) AllocSpace objects, 0(0B) LOS objects, 29% free, 38MB/54MB, paused 636us total 32.231ms
08-03 20:28:54.303  9229  9241 I art     : Starting a blocking GC Explicit
08-03 20:28:54.334  9229  9241 I art     : Explicit concurrent mark sweep GC freed 171(3KB) AllocSpace objects, 0(0B) LOS objects, 29% free, 38MB/54MB, paused 601us total 31.655ms
08-03 20:28:54.495  9842  9842 D AndroidRuntime: >>>>>> START com.android.internal.os.RuntimeInit uid 2000 <<<<<<
08-03 20:28:54.501  9842  9842 D AndroidRuntime: CheckJNI is OFF
08-03 20:28:54.541  9842  9842 D ICU     : No timezone override file found: /data/misc/zoneinfo/current/icu/icu_tzdata.dat
08-03 20:28:54.582  9842  9842 I Radio-JNI: register_android_hardware_Radio DONE
08-03 20:28:54.610  9842  9842 D AndroidRuntime: Calling main entry com.android.commands.input.Input
08-03 20:28:54.612  9842  9842 I Input   : injectMotionEvent: MotionEvent { action=ACTION_DOWN, actionButton=0, id[0]=0, x[0]=504.0, y[0]=1706.0, toolType[0]=TOOL_TYPE_UNKNOWN, buttonState=0, metaState=0, flags=0x0, edgeFlags=0x0, pointerCount=1, historySize=0, eventTime=649751025, downTime=649751025, deviceId=0, source=0x1002 }
08-03 20:28:54.617  9842  9842 I Input   : injectMotionEvent: MotionEvent { action=ACTION_UP, actionButton=0, id[0]=0, x[0]=504.0, y[0]=1706.0, toolType[0]=TOOL_TYPE_UNKNOWN, buttonState=0, metaState=0, flags=0x0, edgeFlags=0x0, pointerCount=1, historySize=0, eventTime=649751025, downTime=649751025, deviceId=0, source=0x1002 }
08-03 20:28:54.618  9842  9842 D AndroidRuntime: Shutting down VM
08-03 20:28:54.619   512  2967 D audio_hw_primary: out_set_parameters: enter: usecase(1: low-latency-playback) kvpairs: routing=2
08-03 20:28:54.627   918   928 I ActivityManager: START u0 {cmp=baseline.io.github.project_travel_mate/.destinations.funfacts.FunFactsActivity (has extras)} from uid 10623 on display 0
08-03 20:28:54.632   512  2967 D audio_hw_primary: select_devices: out_snd_device(2: speaker) in_snd_device(0: none)
08-03 20:28:54.632   512  2967 D msm8974_platform: platform_send_audio_calibration: sending audio calibration for snd_device(2) acdb_id(15)
08-03 20:28:54.633   512  2967 I soundtrigger: audio_extn_sound_trigger_update_device_status: device 0x2 of type 0 for Event 1
08-03 20:28:54.643   512  2967 D audio_hw_primary: enable_snd_device: snd_device(2: speaker)
08-03 20:28:54.645   512  2967 D audio_hw_primary: enable_audio_route: apply and update mixer path: low-latency-playback speaker
08-03 20:28:54.659  9229  9294 D Gabe    : call	returning from cache
08-03 20:28:54.661  9229  9229 V EXECUTING: https://project-travel-mate.herokuapp.com/api/get-city-facts/1
08-03 20:28:54.701  9229  9241 I art     : Starting a blocking GC Explicit
08-03 20:28:54.739  9229  9241 I art     : Explicit concurrent mark sweep GC freed 4389(270KB) AllocSpace objects, 2(40KB) LOS objects, 27% free, 43MB/59MB, paused 1.065ms total 36.688ms
08-03 20:28:54.755  9229  9241 I art     : Starting a blocking GC Explicit
08-03 20:28:54.788  9229  9241 I art     : Explicit concurrent mark sweep GC freed 228(12KB) AllocSpace objects, 0(0B) LOS objects, 27% free, 43MB/59MB, paused 1.001ms total 33.232ms
08-03 20:28:54.805  9229  9241 I art     : Starting a blocking GC Explicit
08-03 20:28:54.817   918   936 I ActivityManager: Displayed baseline.io.github.project_travel_mate/.destinations.funfacts.FunFactsActivity: +177ms
08-03 20:28:54.817 13866 13866 I GoogleInputMethodServic: GoogleInputMethodService.onFinishInput():3138 
08-03 20:28:54.818 13866 13866 I GoogleInputMethodServic: GoogleInputMethodService.onStartInput():1808 
08-03 20:28:54.836  9229  9241 I art     : Explicit concurrent mark sweep GC freed 135(2816B) AllocSpace objects, 0(0B) LOS objects, 27% free, 43MB/59MB, paused 879us total 30.677ms
08-03 20:28:54.853  9229  9241 I art     : Starting a blocking GC Explicit
08-03 20:28:54.888  9229  9241 I art     : Explicit concurrent mark sweep GC freed 23(448B) AllocSpace objects, 0(0B) LOS objects, 27% free, 43MB/59MB, paused 885us total 34.286ms
08-03 20:28:54.905  9229  9241 I art     : Starting a blocking GC Explicit
08-03 20:28:54.939  9229  9241 I art     : Explicit concurrent mark sweep GC freed 125(2096B) AllocSpace objects, 0(0B) LOS objects, 27% free, 43MB/59MB, paused 819us total 33.721ms
08-03 20:28:55.055   380   380 W SurfaceFlinger: couldn't log to binary event log: overflow.
08-03 20:28:55.166  9822  9822 I ServiceManager: Waiting for service AtCmdFwd...
08-03 20:28:55.189   512  2967 D audio_hw_primary: disable_audio_route: reset and update mixer path: low-latency-playback speaker
08-03 20:28:55.190   512  2967 D audio_hw_primary: disable_snd_device: snd_device(2: speaker)
08-03 20:28:55.197   512  2967 I soundtrigger: audio_extn_sound_trigger_update_device_status: device 0x2 of type 0 for Event 0
08-03 20:28:55.221  9229  9870 I NAPPA_EXPERIMENTATION: MetricNetworkRequestExecutionTime: REQUEST_DURATION_SYSTEM='560',REQUEST_DURATION_OKHTTP='39',REQUEST_SYNCHRONOUS='FALSE',RESPONSE_CODE='200',RESPONSE_METHOD='GET',RESPONSE_LENGTH_OKHTTP='1793',RESPONSE_LENGTH_HEADER='1793',REQUEST_PROTOCOL='http/1.1',REQUEST_URL='https://project-travel-mate.herokuapp.com/api/get-city-facts/1',
08-03 20:28:55.223  9229  9870 V EXECUTING: https://project-travel-mate.herokuapp.com/api/get-city-images/1
08-03 20:28:55.306  9229  9705 I art     : Starting a blocking GC Explicit
08-03 20:28:55.340  9229  9705 I art     : Explicit concurrent mark sweep GC freed 5856(285KB) AllocSpace objects, 5(240KB) LOS objects, 26% free, 43MB/59MB, paused 897us total 34.272ms
08-03 20:28:55.357  9229  9705 I art     : Starting a blocking GC Explicit
08-03 20:28:55.389  9229  9705 I art     : Explicit concurrent mark sweep GC freed 1097(119KB) AllocSpace objects, 0(0B) LOS objects, 26% free, 43MB/59MB, paused 865us total 32.093ms
08-03 20:28:55.405  9229  9705 I art     : Starting a blocking GC Explicit
08-03 20:28:55.436  9229  9705 I art     : Explicit concurrent mark sweep GC freed 17(320B) AllocSpace objects, 0(0B) LOS objects, 26% free, 43MB/59MB, paused 756us total 31.569ms
08-03 20:28:55.453  9229  9705 I art     : Starting a blocking GC Explicit
08-03 20:28:55.485  9229  9705 I art     : Explicit concurrent mark sweep GC freed 134(2288B) AllocSpace objects, 0(0B) LOS objects, 26% free, 43MB/59MB, paused 929us total 32.161ms
08-03 20:28:55.500  9229  9705 I art     : Starting a blocking GC Explicit
08-03 20:28:55.533  9229  9705 I art     : Explicit concurrent mark sweep GC freed 128(2144B) AllocSpace objects, 0(0B) LOS objects, 26% free, 43MB/59MB, paused 846us total 32.234ms
08-03 20:28:55.722  9229  9883 I NAPPA_EXPERIMENTATION: MetricNetworkRequestExecutionTime: REQUEST_DURATION_SYSTEM='498',REQUEST_DURATION_OKHTTP='32',REQUEST_SYNCHRONOUS='FALSE',RESPONSE_CODE='200',RESPONSE_METHOD='GET',RESPONSE_LENGTH_OKHTTP='183',RESPONSE_LENGTH_HEADER='183',REQUEST_PROTOCOL='http/1.1',REQUEST_URL='https://project-travel-mate.herokuapp.com/api/get-city-images/1',
08-03 20:28:55.770  9229  9883 V RESPONSE: [{"id":17,"image_url":"https://upload.wikimedia.org/wikipedia/commons/9/94/%E0%B4%96%E0%B5%81%E0%B4%A4%E0%B5%8D%E0%B4%AC%E0%B5%8D_%E0%B4%AE%E0%B4%BF%E0%B4%A8%E0%B4%BE%E0%B5%BC1.jpg"}]
08-03 20:28:55.875  9229  9241 I art     : Starting a blocking GC Explicit
08-03 20:28:55.911  9229  9241 I art     : Explicit concurrent mark sweep GC freed 8283(374KB) AllocSpace objects, 6(4MB) LOS objects, 28% free, 39MB/55MB, paused 732us total 36.082ms
08-03 20:28:55.928  9229  9241 I art     : Starting a blocking GC Explicit
08-03 20:28:55.964  9229  9241 I art     : Explicit concurrent mark sweep GC freed 1339(128KB) AllocSpace objects, 0(0B) LOS objects, 28% free, 39MB/55MB, paused 665us total 35.639ms
08-03 20:28:55.980  9229  9241 I art     : Starting a blocking GC Explicit
08-03 20:28:56.017  9229  9241 I art     : Explicit concurrent mark sweep GC freed 227(3KB) AllocSpace objects, 0(0B) LOS objects, 28% free, 39MB/55MB, paused 864us total 36.989ms
08-03 20:28:56.034  9229  9241 I art     : Starting a blocking GC Explicit
08-03 20:28:56.071  9229  9241 I art     : Explicit concurrent mark sweep GC freed 219(3KB) AllocSpace objects, 0(0B) LOS objects, 28% free, 39MB/55MB, paused 672us total 36.910ms
08-03 20:28:56.088  9229  9241 I art     : Starting a blocking GC Explicit
08-03 20:28:56.125  9229  9241 I art     : Explicit concurrent mark sweep GC freed 268(4KB) AllocSpace objects, 0(0B) LOS objects, 28% free, 39MB/55MB, paused 821us total 36.534ms
08-03 20:28:56.167  9822  9822 I ServiceManager: Waiting for service AtCmdFwd...
08-03 20:28:56.538  9229  9240 I art     : Starting a blocking GC Explicit
08-03 20:28:56.579  9229  9240 I art     : Explicit concurrent mark sweep GC freed 3414(115KB) AllocSpace objects, 2(40KB) LOS objects, 28% free, 39MB/55MB, paused 701us total 40.147ms
08-03 20:28:56.598  9229  9240 I art     : Starting a blocking GC Explicit
08-03 20:28:56.637  9229  9240 I art     : Explicit concurrent mark sweep GC freed 239(4KB) AllocSpace objects, 0(0B) LOS objects, 28% free, 39MB/55MB, paused 739us total 38.451ms
08-03 20:28:56.653  9229  9240 I art     : Starting a blocking GC Explicit
08-03 20:28:56.690  9229  9240 I art     : Explicit concurrent mark sweep GC freed 219(3KB) AllocSpace objects, 0(0B) LOS objects, 28% free, 39MB/55MB, paused 696us total 36.647ms
08-03 20:28:56.707  9229  9240 I art     : Starting a blocking GC Explicit
08-03 20:28:56.746  9229  9240 I art     : Explicit concurrent mark sweep GC freed 290(4KB) AllocSpace objects, 0(0B) LOS objects, 28% free, 39MB/55MB, paused 701us total 39.120ms
08-03 20:28:56.763  9229  9240 I art     : Starting a blocking GC Explicit
08-03 20:28:56.801  9229  9240 I art     : Explicit concurrent mark sweep GC freed 220(3KB) AllocSpace objects, 0(0B) LOS objects, 28% free, 39MB/55MB, paused 682us total 38.115ms
08-03 20:28:57.157  9229  9247 I art     : Starting a blocking GC Explicit
08-03 20:28:57.167  9822  9822 I ServiceManager: Waiting for service AtCmdFwd...
08-03 20:28:57.195  9229  9247 I art     : Explicit concurrent mark sweep GC freed 3106(110KB) AllocSpace objects, 2(40KB) LOS objects, 28% free, 39MB/55MB, paused 821us total 37.651ms
08-03 20:28:57.212  9229  9247 I art     : Starting a blocking GC Explicit
08-03 20:28:57.251  9229  9247 I art     : Explicit concurrent mark sweep GC freed 286(5KB) AllocSpace objects, 0(0B) LOS objects, 28% free, 39MB/55MB, paused 716us total 38.320ms
08-03 20:28:57.267  9229  9247 I art     : Starting a blocking GC Explicit
08-03 20:28:57.306  9229  9247 I art     : Explicit concurrent mark sweep GC freed 226(4KB) AllocSpace objects, 0(0B) LOS objects, 28% free, 39MB/55MB, paused 705us total 38.133ms
08-03 20:28:57.322  9229  9247 I art     : Starting a blocking GC Explicit
08-03 20:28:57.361  9229  9247 I art     : Explicit concurrent mark sweep GC freed 251(4KB) AllocSpace objects, 0(0B) LOS objects, 28% free, 39MB/55MB, paused 809us total 37.908ms
08-03 20:28:57.377  9229  9247 I art     : Starting a blocking GC Explicit
08-03 20:28:57.415  9229  9247 I art     : Explicit concurrent mark sweep GC freed 279(4KB) AllocSpace objects, 0(0B) LOS objects, 28% free, 39MB/55MB, paused 820us total 37.787ms
08-03 20:28:57.423  9907  9907 D AndroidRuntime: >>>>>> START com.android.internal.os.RuntimeInit uid 2000 <<<<<<
08-03 20:28:57.429  9907  9907 D AndroidRuntime: CheckJNI is OFF
08-03 20:28:57.473  9907  9907 D ICU     : No timezone override file found: /data/misc/zoneinfo/current/icu/icu_tzdata.dat
08-03 20:28:57.517  9907  9907 I Radio-JNI: register_android_hardware_Radio DONE
08-03 20:28:57.546  9907  9907 D AndroidRuntime: Calling main entry com.android.commands.input.Input
08-03 20:28:57.549  9907  9907 I Input   : injectKeyEvent: KeyEvent { action=ACTION_DOWN, keyCode=KEYCODE_BACK, scanCode=0, metaState=0, flags=0x0, repeatCount=0, eventTime=649753962, downTime=649753962, deviceId=-1, source=0x101 }
08-03 20:28:57.562  9907  9907 I Input   : injectKeyEvent: KeyEvent { action=ACTION_UP, keyCode=KEYCODE_BACK, scanCode=0, metaState=0, flags=0x0, repeatCount=0, eventTime=649753962, downTime=649753962, deviceId=-1, source=0x101 }
08-03 20:28:57.568  9907  9907 D AndroidRuntime: Shutting down VM
08-03 20:28:57.605 13866 13866 I GoogleInputMethodServic: GoogleInputMethodService.onFinishInput():3138 
08-03 20:28:57.605 13866 13866 I GoogleInputMethodServic: GoogleInputMethodService.onStartInput():1808 
08-03 20:28:57.779  9229  9705 I art     : Starting a blocking GC Explicit
08-03 20:28:57.820  9229  9705 I art     : Explicit concurrent mark sweep GC freed 3190(114KB) AllocSpace objects, 2(40KB) LOS objects, 28% free, 39MB/55MB, paused 663us total 39.903ms
08-03 20:28:57.836  9229  9705 I art     : Starting a blocking GC Explicit
08-03 20:28:57.878  9229  9705 I art     : Explicit concurrent mark sweep GC freed 290(5KB) AllocSpace objects, 0(0B) LOS objects, 28% free, 39MB/55MB, paused 997us total 41.838ms
08-03 20:28:57.899  9229  9705 I art     : Starting a blocking GC Explicit
08-03 20:28:57.924   380   380 W SurfaceFlinger: couldn't log to binary event log: overflow.
08-03 20:28:57.936  9229  9705 I art     : Explicit concurrent mark sweep GC freed 1007(39KB) AllocSpace objects, 0(0B) LOS objects, 28% free, 39MB/55MB, paused 757us total 37.223ms
08-03 20:28:57.952  9229  9705 I art     : Starting a blocking GC Explicit
08-03 20:28:57.986  9229  9705 I art     : Explicit concurrent mark sweep GC freed 158(3040B) AllocSpace objects, 2(364KB) LOS objects, 29% free, 39MB/55MB, paused 732us total 33.539ms
08-03 20:28:58.002  9229  9705 I art     : Starting a blocking GC Explicit
08-03 20:28:58.034  9229  9705 I art     : Explicit concurrent mark sweep GC freed 5542(267KB) AllocSpace objects, 1(28KB) LOS objects, 29% free, 38MB/54MB, paused 655us total 31.518ms
08-03 20:28:58.168  9822  9822 W Atfwd_Sendcmd: AtCmdFwd service not published, waiting... retryCnt : 1
08-03 20:28:58.399  9229  9241 I art     : Starting a blocking GC Explicit
08-03 20:28:58.437  9229  9241 I art     : Explicit concurrent mark sweep GC freed 2579(101KB) AllocSpace objects, 2(40KB) LOS objects, 29% free, 38MB/54MB, paused 1.192ms total 37.998ms
08-03 20:28:58.453  9229  9241 I art     : Starting a blocking GC Explicit
08-03 20:28:58.482  9229  9241 I art     : Explicit concurrent mark sweep GC freed 166(3KB) AllocSpace objects, 0(0B) LOS objects, 29% free, 38MB/54MB, paused 603us total 28.872ms
08-03 20:28:58.485 24365 23406 I NetworkScheduler.Stats: Task com.google.android.gms/com.google.android.gms.icing.service.IcingGcmTaskService started execution. cause:4 exec_start_elapsed_seconds: 1633142 [CONTEXT service_id=218 ]
08-03 20:28:58.497  9229  9241 I art     : Starting a blocking GC Explicit
08-03 20:28:58.498 24365 25567 I NetworkScheduler.Stats: Task com.google.android.gms/com.google.android.gms.icing.service.IcingGcmTaskService finished executing. cause:4 result: 1 elapsed_millis: 33 uptime_millis: 33 exec_start_elapsed_seconds: 1633142 [CONTEXT service_id=218 ]
08-03 20:28:58.527  9229  9241 I art     : Explicit concurrent mark sweep GC freed 146(2464B) AllocSpace objects, 0(0B) LOS objects, 29% free, 38MB/54MB, paused 738us total 29.797ms
08-03 20:28:58.543  9229  9241 I art     : Starting a blocking GC Explicit
08-03 20:28:58.573  9229  9241 I art     : Explicit concurrent mark sweep GC freed 100(1728B) AllocSpace objects, 0(0B) LOS objects, 29% free, 38MB/54MB, paused 615us total 29.848ms
08-03 20:28:58.588  9229  9241 I art     : Starting a blocking GC Explicit
08-03 20:28:58.618  9229  9241 I art     : Explicit concurrent mark sweep GC freed 147(2496B) AllocSpace objects, 0(0B) LOS objects, 29% free, 38MB/54MB, paused 665us total 29.674ms
08-03 20:28:58.964  9229  9247 I art     : Starting a blocking GC Explicit
08-03 20:28:58.997  9229  9247 I art     : Explicit concurrent mark sweep GC freed 2532(101KB) AllocSpace objects, 2(40KB) LOS objects, 29% free, 38MB/54MB, paused 678us total 32.094ms
08-03 20:28:59.013  9229  9247 I art     : Starting a blocking GC Explicit
08-03 20:28:59.045  9229  9247 I art     : Explicit concurrent mark sweep GC freed 147(2848B) AllocSpace objects, 0(0B) LOS objects, 29% free, 38MB/54MB, paused 756us total 31.959ms
08-03 20:28:59.061  9229  9247 I art     : Starting a blocking GC Explicit
08-03 20:28:59.094  9229  9247 I art     : Explicit concurrent mark sweep GC freed 118(2032B) AllocSpace objects, 0(0B) LOS objects, 29% free, 38MB/54MB, paused 762us total 32.792ms
08-03 20:28:59.110  9229  9247 I art     : Starting a blocking GC Explicit
08-03 20:28:59.143  9229  9247 I art     : Explicit concurrent mark sweep GC freed 146(2464B) AllocSpace objects, 0(0B) LOS objects, 29% free, 38MB/54MB, paused 713us total 33.093ms
08-03 20:28:59.159  9229  9247 I art     : Starting a blocking GC Explicit
08-03 20:28:59.193  9229  9247 I art     : Explicit concurrent mark sweep GC freed 147(2496B) AllocSpace objects, 0(0B) LOS objects, 29% free, 38MB/54MB, paused 680us total 33.436ms
08-03 20:28:59.341  9957  9957 D AndroidRuntime: >>>>>> START com.android.internal.os.RuntimeInit uid 2000 <<<<<<
08-03 20:28:59.348  9957  9957 D AndroidRuntime: CheckJNI is OFF
08-03 20:28:59.389  9957  9957 D ICU     : No timezone override file found: /data/misc/zoneinfo/current/icu/icu_tzdata.dat
08-03 20:28:59.431  9957  9957 I Radio-JNI: register_android_hardware_Radio DONE
08-03 20:28:59.459  9957  9957 D AndroidRuntime: Calling main entry com.android.commands.input.Input
08-03 20:28:59.461  9957  9957 I Input   : injectMotionEvent: MotionEvent { action=ACTION_DOWN, actionButton=0, id[0]=0, x[0]=693.0, y[0]=1450.0, toolType[0]=TOOL_TYPE_UNKNOWN, buttonState=0, metaState=0, flags=0x0, edgeFlags=0x0, pointerCount=1, historySize=0, eventTime=649755874, downTime=649755874, deviceId=0, source=0x1002 }
08-03 20:28:59.466  9957  9957 I Input   : injectMotionEvent: MotionEvent { action=ACTION_UP, actionButton=0, id[0]=0, x[0]=693.0, y[0]=1450.0, toolType[0]=TOOL_TYPE_UNKNOWN, buttonState=0, metaState=0, flags=0x0, edgeFlags=0x0, pointerCount=1, historySize=0, eventTime=649755874, downTime=649755874, deviceId=0, source=0x1002 }
08-03 20:28:59.469   918  5132 I ActivityManager: START u0 {cmp=baseline.io.github.project_travel_mate/.destinations.description.CityHistoryActivity} from uid 10623 on display 0
08-03 20:28:59.470   512  2967 D audio_hw_primary: out_set_parameters: enter: usecase(1: low-latency-playback) kvpairs: routing=2
08-03 20:28:59.471  9957  9957 D AndroidRuntime: Shutting down VM
08-03 20:28:59.484   512  2967 D audio_hw_primary: select_devices: out_snd_device(2: speaker) in_snd_device(0: none)
08-03 20:28:59.484   512  2967 D msm8974_platform: platform_send_audio_calibration: sending audio calibration for snd_device(2) acdb_id(15)
08-03 20:28:59.484   512  2967 I soundtrigger: audio_extn_sound_trigger_update_device_status: device 0x2 of type 0 for Event 1
08-03 20:28:59.495   512  2967 D audio_hw_primary: enable_snd_device: snd_device(2: speaker)
08-03 20:28:59.498   512  2967 D audio_hw_primary: enable_audio_route: apply and update mixer path: low-latency-playback speaker
08-03 20:28:59.500  9229  9294 D Gabe    : call	returning from cache
08-03 20:28:59.502  9229  9229 V EXECUTING: https://project-travel-mate.herokuapp.com/api/get-city-information/1
08-03 20:28:59.598  9229  9241 I art     : Starting a blocking GC Explicit
08-03 20:28:59.635  9229  9241 I art     : Explicit concurrent mark sweep GC freed 3427(160KB) AllocSpace objects, 2(40KB) LOS objects, 27% free, 43MB/59MB, paused 905us total 36.343ms
08-03 20:28:59.651  9229  9241 I art     : Starting a blocking GC Explicit
08-03 20:28:59.681 13866 13866 I GoogleInputMethodServic: GoogleInputMethodService.onFinishInput():3138 
08-03 20:28:59.682 13866 13866 I GoogleInputMethodServic: GoogleInputMethodService.onStartInput():1808 
08-03 20:28:59.683   918   936 I ActivityManager: Displayed baseline.io.github.project_travel_mate/.destinations.description.CityHistoryActivity: +203ms
08-03 20:28:59.683  9229  9241 I art     : Explicit concurrent mark sweep GC freed 240(10KB) AllocSpace objects, 0(0B) LOS objects, 26% free, 43MB/59MB, paused 747us total 31.927ms
08-03 20:28:59.699  9229  9241 I art     : Starting a blocking GC Explicit
08-03 20:28:59.734  9229  9241 I art     : Explicit concurrent mark sweep GC freed 138(2672B) AllocSpace objects, 0(0B) LOS objects, 26% free, 43MB/59MB, paused 1.201ms total 34.600ms
08-03 20:28:59.751  9229  9241 I art     : Starting a blocking GC Explicit
08-03 20:28:59.784  9229  9241 I art     : Explicit concurrent mark sweep GC freed 156(2800B) AllocSpace objects, 0(0B) LOS objects, 26% free, 43MB/59MB, paused 715us total 33.031ms
08-03 20:28:59.800  9229  9241 I art     : Starting a blocking GC Explicit
08-03 20:28:59.831  9229  9241 I art     : Explicit concurrent mark sweep GC freed 221(3KB) AllocSpace objects, 0(0B) LOS objects, 26% free, 43MB/59MB, paused 680us total 30.829ms
08-03 20:28:59.927   380   380 W SurfaceFlinger: couldn't log to binary event log: overflow.
08-03 20:29:00.028  9229  9985 I NAPPA_EXPERIMENTATION: MetricNetworkRequestExecutionTime: REQUEST_DURATION_SYSTEM='524',REQUEST_DURATION_OKHTTP='38',REQUEST_SYNCHRONOUS='FALSE',RESPONSE_CODE='200',RESPONSE_METHOD='GET',RESPONSE_LENGTH_OKHTTP='55024',RESPONSE_LENGTH_HEADER='55024',REQUEST_PROTOCOL='http/1.1',REQUEST_URL='https://project-travel-mate.herokuapp.com/api/get-city-information/1',
08-03 20:29:00.039   512  2967 D audio_hw_primary: disable_audio_route: reset and update mixer path: low-latency-playback speaker
08-03 20:29:00.040   512  2967 D audio_hw_primary: disable_snd_device: snd_device(2: speaker)
08-03 20:29:00.049   512  2967 I soundtrigger: audio_extn_sound_trigger_update_device_status: device 0x2 of type 0 for Event 0
08-03 20:29:00.176 13866 13866 I GoogleInputMethodServic: GoogleInputMethodService.onFinishInput():3138 
08-03 20:29:00.176 13866 13866 I GoogleInputMethodServic: GoogleInputMethodService.onStartInput():1808 
08-03 20:29:00.186  9229  9241 I art     : Starting a blocking GC Explicit
08-03 20:29:00.221  9229  9241 I art     : Explicit concurrent mark sweep GC freed 6785(1461KB) AllocSpace objects, 25(5MB) LOS objects, 28% free, 39MB/55MB, paused 663us total 34.765ms
08-03 20:29:00.237  9229  9241 I art     : Starting a blocking GC Explicit
08-03 20:29:00.270  9229  9241 I art     : Explicit concurrent mark sweep GC freed 1217(122KB) AllocSpace objects, 0(0B) LOS objects, 28% free, 39MB/55MB, paused 692us total 33.535ms
08-03 20:29:00.286  9229  9241 I art     : Starting a blocking GC Explicit
08-03 20:29:00.319  9229  9241 I art     : Explicit concurrent mark sweep GC freed 225(4KB) AllocSpace objects, 0(0B) LOS objects, 28% free, 39MB/55MB, paused 695us total 32.759ms
08-03 20:29:00.335  9229  9241 I art     : Starting a blocking GC Explicit
08-03 20:29:00.369  9229  9241 I art     : Explicit concurrent mark sweep GC freed 237(4KB) AllocSpace objects, 0(0B) LOS objects, 28% free, 39MB/55MB, paused 689us total 34.036ms
08-03 20:29:00.385  9229  9241 I art     : Starting a blocking GC Explicit
08-03 20:29:00.419  9229  9241 I art     : Explicit concurrent mark sweep GC freed 223(3KB) AllocSpace objects, 0(0B) LOS objects, 28% free, 39MB/55MB, paused 666us total 33.418ms
08-03 20:29:00.795  9229  9240 I art     : Starting a blocking GC Explicit
08-03 20:29:00.834  9229  9240 I art     : Explicit concurrent mark sweep GC freed 3226(112KB) AllocSpace objects, 2(40KB) LOS objects, 28% free, 39MB/55MB, paused 725us total 38.682ms
08-03 20:29:00.851  9229  9240 I art     : Starting a blocking GC Explicit
08-03 20:29:00.887  9229  9240 I art     : Explicit concurrent mark sweep GC freed 239(4KB) AllocSpace objects, 0(0B) LOS objects, 28% free, 39MB/55MB, paused 715us total 35.723ms
08-03 20:29:00.903  9229  9240 I art     : Starting a blocking GC Explicit
08-03 20:29:00.940  9229  9240 I art     : Explicit concurrent mark sweep GC freed 219(3KB) AllocSpace objects, 0(0B) LOS objects, 28% free, 39MB/55MB, paused 710us total 36.114ms
08-03 20:29:00.956  9229  9240 I art     : Starting a blocking GC Explicit
08-03 20:29:00.993  9229  9240 I art     : Explicit concurrent mark sweep GC freed 219(3KB) AllocSpace objects, 0(0B) LOS objects, 28% free, 39MB/55MB, paused 682us total 36.604ms
08-03 20:29:01.010  9229  9240 I art     : Starting a blocking GC Explicit
08-03 20:29:01.047  9229  9240 I art     : Explicit concurrent mark sweep GC freed 272(4KB) AllocSpace objects, 0(0B) LOS objects, 28% free, 39MB/55MB, paused 981us total 36.894ms
08-03 20:29:01.414  9229  9247 I art     : Starting a blocking GC Explicit
08-03 20:29:01.453  9229  9247 I art     : Explicit concurrent mark sweep GC freed 3204(112KB) AllocSpace objects, 2(40KB) LOS objects, 28% free, 39MB/55MB, paused 703us total 39.032ms
08-03 20:29:01.470  9229  9247 I art     : Starting a blocking GC Explicit
08-03 20:29:01.510  9229  9247 I art     : Explicit concurrent mark sweep GC freed 238(4KB) AllocSpace objects, 0(0B) LOS objects, 28% free, 39MB/55MB, paused 749us total 39.894ms
08-03 20:29:01.527  9229  9247 I art     : Starting a blocking GC Explicit
08-03 20:29:01.568  9229  9247 I art     : Explicit concurrent mark sweep GC freed 290(4KB) AllocSpace objects, 0(0B) LOS objects, 28% free, 39MB/55MB, paused 794us total 40.088ms
08-03 20:29:01.585  9229  9247 I art     : Starting a blocking GC Explicit
08-03 20:29:01.624  9229  9247 I art     : Explicit concurrent mark sweep GC freed 220(3KB) AllocSpace objects, 0(0B) LOS objects, 28% free, 39MB/55MB, paused 757us total 39.436ms
08-03 20:29:01.641  9229  9247 I art     : Starting a blocking GC Explicit
08-03 20:29:01.682  9229  9247 I art     : Explicit concurrent mark sweep GC freed 287(4KB) AllocSpace objects, 0(0B) LOS objects, 28% free, 39MB/55MB, paused 799us total 40.026ms
08-03 20:29:02.082  9229  9241 I art     : Starting a blocking GC Explicit
08-03 20:29:02.122  9229  9241 I art     : Explicit concurrent mark sweep GC freed 3304(113KB) AllocSpace objects, 2(40KB) LOS objects, 28% free, 39MB/55MB, paused 751us total 39.762ms
08-03 20:29:02.139  9229  9241 I art     : Starting a blocking GC Explicit
08-03 20:29:02.180  9229  9241 I art     : Explicit concurrent mark sweep GC freed 244(4KB) AllocSpace objects, 0(0B) LOS objects, 28% free, 39MB/55MB, paused 978us total 40.367ms
08-03 20:29:02.197  9229  9241 I art     : Starting a blocking GC Explicit
08-03 20:29:02.235  9229  9241 I art     : Explicit concurrent mark sweep GC freed 285(4KB) AllocSpace objects, 0(0B) LOS objects, 28% free, 39MB/55MB, paused 723us total 37.945ms
08-03 20:29:02.253  9229  9241 I art     : Starting a blocking GC Explicit
08-03 20:29:02.294  9229  9241 I art     : Explicit concurrent mark sweep GC freed 219(3KB) AllocSpace objects, 0(0B) LOS objects, 28% free, 39MB/55MB, paused 737us total 40.795ms
08-03 20:29:02.310  9229  9241 I art     : Starting a blocking GC Explicit
08-03 20:29:02.350  9229  9241 I art     : Explicit concurrent mark sweep GC freed 290(4KB) AllocSpace objects, 0(0B) LOS objects, 28% free, 39MB/55MB, paused 733us total 39.607ms
08-03 20:29:02.757  9229  9240 I art     : Starting a blocking GC Explicit
08-03 20:29:02.799  9229  9240 I art     : Explicit concurrent mark sweep GC freed 3330(114KB) AllocSpace objects, 2(40KB) LOS objects, 28% free, 39MB/55MB, paused 869us total 42.198ms
08-03 20:29:02.820  9229  9240 I art     : Starting a blocking GC Explicit
08-03 20:29:02.857  9229  9240 I art     : Explicit concurrent mark sweep GC freed 282(5KB) AllocSpace objects, 0(0B) LOS objects, 28% free, 39MB/55MB, paused 767us total 37.085ms
08-03 20:29:02.873  9229  9240 I art     : Starting a blocking GC Explicit
08-03 20:29:02.912  9229  9240 I art     : Explicit concurrent mark sweep GC freed 219(3KB) AllocSpace objects, 0(0B) LOS objects, 28% free, 39MB/55MB, paused 712us total 38.217ms
08-03 20:29:02.929  9229  9240 I art     : Starting a blocking GC Explicit
08-03 20:29:02.967  9229  9240 I art     : Explicit concurrent mark sweep GC freed 287(4KB) AllocSpace objects, 0(0B) LOS objects, 28% free, 39MB/55MB, paused 814us total 37.538ms
08-03 20:29:02.983  9229  9240 I art     : Starting a blocking GC Explicit
08-03 20:29:03.022  9229  9240 I art     : Explicit concurrent mark sweep GC freed 223(3KB) AllocSpace objects, 0(0B) LOS objects, 28% free, 39MB/55MB, paused 732us total 38.532ms
08-03 20:29:03.168  9822  9822 I ServiceManager: Waiting for service AtCmdFwd...
08-03 20:29:03.433  9229  9705 I art     : Starting a blocking GC Explicit
08-03 20:29:03.473  9229  9705 I art     : Explicit concurrent mark sweep GC freed 3383(115KB) AllocSpace objects, 2(40KB) LOS objects, 28% free, 39MB/55MB, paused 663us total 39.531ms
08-03 20:29:03.489  9229  9705 I art     : Starting a blocking GC Explicit
08-03 20:29:03.526  9229  9705 I art     : Explicit concurrent mark sweep GC freed 248(4KB) AllocSpace objects, 0(0B) LOS objects, 28% free, 39MB/55MB, paused 723us total 37.066ms
08-03 20:29:03.542  9229  9705 I art     : Starting a blocking GC Explicit
08-03 20:29:03.582  9229  9705 I art     : Explicit concurrent mark sweep GC freed 244(4KB) AllocSpace objects, 0(0B) LOS objects, 28% free, 39MB/55MB, paused 815us total 39.104ms
08-03 20:29:03.598  9229  9705 I art     : Starting a blocking GC Explicit
08-03 20:29:03.638  9229  9705 I art     : Explicit concurrent mark sweep GC freed 265(4KB) AllocSpace objects, 0(0B) LOS objects, 28% free, 39MB/55MB, paused 776us total 39.289ms
08-03 20:29:03.655  9229  9705 I art     : Starting a blocking GC Explicit
08-03 20:29:03.694  9229  9705 I art     : Explicit concurrent mark sweep GC freed 220(3KB) AllocSpace objects, 0(0B) LOS objects, 28% free, 39MB/55MB, paused 717us total 39.408ms
08-03 20:29:04.045  9229  9247 I art     : Starting a blocking GC Explicit
08-03 20:29:04.083  9229  9247 I art     : Explicit concurrent mark sweep GC freed 3100(110KB) AllocSpace objects, 2(40KB) LOS objects, 28% free, 39MB/55MB, paused 863us total 37.565ms
08-03 20:29:04.100  9229  9247 I art     : Starting a blocking GC Explicit
08-03 20:29:04.138  9229  9247 I art     : Explicit concurrent mark sweep GC freed 291(5KB) AllocSpace objects, 0(0B) LOS objects, 28% free, 39MB/55MB, paused 811us total 37.954ms
08-03 20:29:04.155  9229  9247 I art     : Starting a blocking GC Explicit
08-03 20:29:04.169  9822  9822 I ServiceManager: Waiting for service AtCmdFwd...
08-03 20:29:04.192  9229  9247 I art     : Explicit concurrent mark sweep GC freed 221(3KB) AllocSpace objects, 0(0B) LOS objects, 28% free, 39MB/55MB, paused 744us total 36.696ms
08-03 20:29:04.208  9229  9247 I art     : Starting a blocking GC Explicit
08-03 20:29:04.246  9229  9247 I art     : Explicit concurrent mark sweep GC freed 219(3KB) AllocSpace objects, 0(0B) LOS objects, 28% free, 39MB/55MB, paused 744us total 37.227ms
08-03 20:29:04.246  9229  9239 I art     : WaitForGcToComplete blocked for 37.601ms for cause HeapTrim
08-03 20:29:04.262  9229  9247 I art     : Starting a blocking GC Explicit
08-03 20:29:04.265 10049 10049 D AndroidRuntime: >>>>>> START com.android.internal.os.RuntimeInit uid 2000 <<<<<<
08-03 20:29:04.270 10049 10049 D AndroidRuntime: CheckJNI is OFF
08-03 20:29:04.300  9229  9247 I art     : Explicit concurrent mark sweep GC freed 229(3KB) AllocSpace objects, 0(0B) LOS objects, 28% free, 39MB/55MB, paused 870us total 37.659ms
08-03 20:29:04.317 10049 10049 D ICU     : No timezone override file found: /data/misc/zoneinfo/current/icu/icu_tzdata.dat
08-03 20:29:04.362 10049 10049 I Radio-JNI: register_android_hardware_Radio DONE
08-03 20:29:04.391 10049 10049 D AndroidRuntime: Calling main entry com.android.commands.input.Input
08-03 20:29:04.393 10049 10049 I Input   : injectKeyEvent: KeyEvent { action=ACTION_DOWN, keyCode=KEYCODE_BACK, scanCode=0, metaState=0, flags=0x0, repeatCount=0, eventTime=649760806, downTime=649760806, deviceId=-1, source=0x101 }
08-03 20:29:04.402 10049 10049 I Input   : injectKeyEvent: KeyEvent { action=ACTION_UP, keyCode=KEYCODE_BACK, scanCode=0, metaState=0, flags=0x0, repeatCount=0, eventTime=649760806, downTime=649760806, deviceId=-1, source=0x101 }
08-03 20:29:04.411 10049 10049 D AndroidRuntime: Shutting down VM
08-03 20:29:04.460 13866 13866 I GoogleInputMethodServic: GoogleInputMethodService.onFinishInput():3138 
08-03 20:29:04.461 13866 13866 I GoogleInputMethodServic: GoogleInputMethodService.onStartInput():1808 
08-03 20:29:04.653  9229  9247 I art     : Starting a blocking GC Explicit
08-03 20:29:04.697  9229  9247 I art     : Explicit concurrent mark sweep GC freed 3247(115KB) AllocSpace objects, 2(40KB) LOS objects, 28% free, 39MB/55MB, paused 697us total 43.486ms
08-03 20:29:04.718  9229  9247 I art     : Starting a blocking GC Explicit
08-03 20:29:04.758  9229  9247 I art     : Explicit concurrent mark sweep GC freed 325(5KB) AllocSpace objects, 0(0B) LOS objects, 28% free, 39MB/55MB, paused 844us total 40.167ms
08-03 20:29:04.764   380   380 W SurfaceFlinger: couldn't log to binary event log: overflow.
08-03 20:29:04.775  9229  9247 I art     : Starting a blocking GC Explicit
08-03 20:29:04.809  9229  9247 I art     : Explicit concurrent mark sweep GC freed 163(3KB) AllocSpace objects, 1(188KB) LOS objects, 28% free, 39MB/55MB, paused 780us total 32.944ms
08-03 20:29:04.824  9229  9247 I art     : Starting a blocking GC Explicit
08-03 20:29:04.857  9229  9247 I art     : Explicit concurrent mark sweep GC freed 4821(340KB) AllocSpace objects, 7(132KB) LOS objects, 29% free, 38MB/54MB, paused 675us total 32.613ms
08-03 20:29:04.873  9229  9247 I art     : Starting a blocking GC Explicit
08-03 20:29:04.908  9229  9247 I art     : Explicit concurrent mark sweep GC freed 147(2496B) AllocSpace objects, 0(0B) LOS objects, 29% free, 38MB/54MB, paused 737us total 34.792ms
08-03 20:29:05.170  9822  9822 I ServiceManager: Waiting for service AtCmdFwd...
08-03 20:29:05.276  9229  9241 I art     : Starting a blocking GC Explicit
08-03 20:29:05.316  9229  9241 I art     : Explicit concurrent mark sweep GC freed 2580(101KB) AllocSpace objects, 2(40KB) LOS objects, 29% free, 38MB/54MB, paused 832us total 38.220ms
08-03 20:29:05.332  9229  9241 I art     : Starting a blocking GC Explicit
08-03 20:29:05.365  9229  9241 I art     : Explicit concurrent mark sweep GC freed 165(3KB) AllocSpace objects, 0(0B) LOS objects, 29% free, 38MB/54MB, paused 773us total 33.303ms
08-03 20:29:05.381  9229  9241 I art     : Starting a blocking GC Explicit
08-03 20:29:05.415  9229  9241 I art     : Explicit concurrent mark sweep GC freed 147(2496B) AllocSpace objects, 0(0B) LOS objects, 29% free, 38MB/54MB, paused 718us total 33.239ms
08-03 20:29:05.431  9229  9241 I art     : Starting a blocking GC Explicit
08-03 20:29:05.465  9229  9241 I art     : Explicit concurrent mark sweep GC freed 147(2496B) AllocSpace objects, 0(0B) LOS objects, 29% free, 38MB/54MB, paused 730us total 33.965ms
08-03 20:29:05.482  9229  9241 I art     : Starting a blocking GC Explicit
08-03 20:29:05.515  9229  9241 I art     : Explicit concurrent mark sweep GC freed 147(2496B) AllocSpace objects, 0(0B) LOS objects, 29% free, 38MB/54MB, paused 756us total 33.539ms
08-03 20:29:05.868  9229  9240 I art     : Starting a blocking GC Explicit
08-03 20:29:05.902  9229  9240 I art     : Explicit concurrent mark sweep GC freed 2580(101KB) AllocSpace objects, 2(40KB) LOS objects, 29% free, 38MB/54MB, paused 740us total 34.086ms
08-03 20:29:05.918  9229  9240 I art     : Starting a blocking GC Explicit
08-03 20:29:05.951  9229  9240 I art     : Explicit concurrent mark sweep GC freed 159(3056B) AllocSpace objects, 0(0B) LOS objects, 29% free, 38MB/54MB, paused 795us total 32.745ms
08-03 20:29:05.967  9229  9240 I art     : Starting a blocking GC Explicit
08-03 20:29:06.001  9229  9240 I art     : Explicit concurrent mark sweep GC freed 123(2112B) AllocSpace objects, 0(0B) LOS objects, 29% free, 38MB/54MB, paused 847us total 33.275ms
08-03 20:29:06.017  9229  9240 I art     : Starting a blocking GC Explicit
08-03 20:29:06.052  9229  9240 I art     : Explicit concurrent mark sweep GC freed 177(2976B) AllocSpace objects, 0(0B) LOS objects, 29% free, 38MB/54MB, paused 753us total 34.582ms
08-03 20:29:06.069  9229  9240 I art     : Starting a blocking GC Explicit
08-03 20:29:06.104  9229  9240 I art     : Explicit concurrent mark sweep GC freed 133(2288B) AllocSpace objects, 0(0B) LOS objects, 29% free, 38MB/54MB, paused 766us total 35.092ms
08-03 20:29:06.170  9822  9822 I ServiceManager: Waiting for service AtCmdFwd...
08-03 20:29:06.199 10092 10092 D AndroidRuntime: >>>>>> START com.android.internal.os.RuntimeInit uid 2000 <<<<<<
08-03 20:29:06.206 10092 10092 D AndroidRuntime: CheckJNI is OFF
08-03 20:29:06.251 10092 10092 D ICU     : No timezone override file found: /data/misc/zoneinfo/current/icu/icu_tzdata.dat
08-03 20:29:06.295 10092 10092 I Radio-JNI: register_android_hardware_Radio DONE
08-03 20:29:06.322 10092 10092 D AndroidRuntime: Calling main entry com.android.commands.input.Input
08-03 20:29:06.324 10092 10092 I Input   : injectKeyEvent: KeyEvent { action=ACTION_DOWN, keyCode=KEYCODE_BACK, scanCode=0, metaState=0, flags=0x0, repeatCount=0, eventTime=649762737, downTime=649762737, deviceId=-1, source=0x101 }
08-03 20:29:06.330 10092 10092 I Input   : injectKeyEvent: KeyEvent { action=ACTION_UP, keyCode=KEYCODE_BACK, scanCode=0, metaState=0, flags=0x0, repeatCount=0, eventTime=649762737, downTime=649762737, deviceId=-1, source=0x101 }
08-03 20:29:06.336 10092 10092 D AndroidRuntime: Shutting down VM
08-03 20:29:06.352  9229  9229 V MainActivity: url = https://project-travel-mate.herokuapp.com/api/number-of-unread-notifications
08-03 20:29:06.381 13866 13866 I GoogleInputMethodServic: GoogleInputMethodService.onFinishInput():3138 
08-03 20:29:06.382 13866 13866 I GoogleInputMethodServic: GoogleInputMethodService.onStartInput():1808 
08-03 20:29:06.497  9229  9241 I art     : Starting a blocking GC Explicit
08-03 20:29:06.536  9229  9241 I art     : Explicit concurrent mark sweep GC freed 3180(127KB) AllocSpace objects, 2(40KB) LOS objects, 29% free, 38MB/54MB, paused 813us total 39.079ms
08-03 20:29:06.555  9229  9241 I art     : Starting a blocking GC Explicit
08-03 20:29:06.594  9229  9241 I art     : Explicit concurrent mark sweep GC freed 300(7KB) AllocSpace objects, 0(0B) LOS objects, 29% free, 38MB/54MB, paused 733us total 38.296ms
08-03 20:29:06.610  9229  9241 I art     : Starting a blocking GC Explicit
08-03 20:29:06.651  9229  9241 I art     : Explicit concurrent mark sweep GC freed 157(2784B) AllocSpace objects, 0(0B) LOS objects, 29% free, 38MB/54MB, paused 997us total 40.355ms
08-03 20:29:06.667   380   380 W SurfaceFlinger: couldn't log to binary event log: overflow.
08-03 20:29:06.668  9229  9241 I art     : Starting a blocking GC Explicit
08-03 20:29:06.702  9229  9241 I art     : Explicit concurrent mark sweep GC freed 132(2784B) AllocSpace objects, 0(0B) LOS objects, 29% free, 38MB/54MB, paused 884us total 34.008ms
08-03 20:29:06.718  9229  9241 I art     : Starting a blocking GC Explicit
08-03 20:29:06.752  9229  9241 I art     : Explicit concurrent mark sweep GC freed 216(8KB) AllocSpace objects, 0(0B) LOS objects, 29% free, 38MB/54MB, paused 932us total 33.921ms
08-03 20:29:06.887  9229 10126 I NAPPA_EXPERIMENTATION: MetricNetworkRequestExecutionTime: REQUEST_DURATION_SYSTEM='534',REQUEST_DURATION_OKHTTP='40',REQUEST_SYNCHRONOUS='FALSE',RESPONSE_CODE='200',RESPONSE_METHOD='GET',RESPONSE_LENGTH_OKHTTP='36',RESPONSE_LENGTH_HEADER='36',REQUEST_PROTOCOL='http/1.1',REQUEST_URL='https://project-travel-mate.herokuapp.com/api/number-of-unread-notifications',
08-03 20:29:07.107  9229  9240 I art     : Starting a blocking GC Explicit
08-03 20:29:07.148  9229  9240 I art     : Explicit concurrent mark sweep GC freed 4788(240KB) AllocSpace objects, 5(240KB) LOS objects, 29% free, 39MB/55MB, paused 846us total 39.726ms
08-03 20:29:07.164  9229  9240 I art     : Starting a blocking GC Explicit
08-03 20:29:07.171  9822  9822 I ServiceManager: Waiting for service AtCmdFwd...
08-03 20:29:07.201  9229  9240 I art     : Explicit concurrent mark sweep GC freed 1028(118KB) AllocSpace objects, 0(0B) LOS objects, 29% free, 39MB/55MB, paused 777us total 36.625ms
08-03 20:29:07.217  9229  9240 I art     : Starting a blocking GC Explicit
08-03 20:29:07.254  9229  9240 I art     : Explicit concurrent mark sweep GC freed 97(1632B) AllocSpace objects, 0(0B) LOS objects, 29% free, 39MB/55MB, paused 794us total 36.800ms
08-03 20:29:07.270  9229  9240 I art     : Starting a blocking GC Explicit
08-03 20:29:07.308  9229  9240 I art     : Explicit concurrent mark sweep GC freed 77(1360B) AllocSpace objects, 0(0B) LOS objects, 29% free, 39MB/55MB, paused 814us total 37.335ms
08-03 20:29:07.325  9229  9240 I art     : Starting a blocking GC Explicit
08-03 20:29:07.361  9229  9240 I art     : Explicit concurrent mark sweep GC freed 75(1296B) AllocSpace objects, 0(0B) LOS objects, 29% free, 39MB/55MB, paused 771us total 36.169ms
08-03 20:29:07.730  9229 10127 I art     : Starting a blocking GC Explicit
08-03 20:29:07.767  9229 10127 I art     : Explicit concurrent mark sweep GC freed 2003(92KB) AllocSpace objects, 2(40KB) LOS objects, 29% free, 39MB/55MB, paused 779us total 36.164ms
08-03 20:29:07.783  9229 10127 I art     : Starting a blocking GC Explicit
08-03 20:29:07.818  9229 10127 I art     : Explicit concurrent mark sweep GC freed 94(1984B) AllocSpace objects, 0(0B) LOS objects, 29% free, 39MB/55MB, paused 910us total 34.594ms
08-03 20:29:07.833  9229 10127 I art     : Starting a blocking GC Explicit
08-03 20:29:07.869  9229 10127 I art     : Explicit concurrent mark sweep GC freed 90(1520B) AllocSpace objects, 0(0B) LOS objects, 29% free, 39MB/55MB, paused 927us total 35.418ms
08-03 20:29:07.885  9229 10127 I art     : Starting a blocking GC Explicit
08-03 20:29:07.921  9229 10127 I art     : Explicit concurrent mark sweep GC freed 83(1440B) AllocSpace objects, 0(0B) LOS objects, 29% free, 39MB/55MB, paused 793us total 35.253ms
08-03 20:29:07.937  9229 10127 I art     : Starting a blocking GC Explicit
08-03 20:29:07.974  9229 10127 I art     : Explicit concurrent mark sweep GC freed 77(1360B) AllocSpace objects, 0(0B) LOS objects, 29% free, 39MB/55MB, paused 742us total 36.418ms
08-03 20:29:08.109 10145 10145 D AndroidRuntime: >>>>>> START com.android.internal.os.RuntimeInit uid 2000 <<<<<<
08-03 20:29:08.116 10145 10145 D AndroidRuntime: CheckJNI is OFF
08-03 20:29:08.157 10145 10145 D ICU     : No timezone override file found: /data/misc/zoneinfo/current/icu/icu_tzdata.dat
08-03 20:29:08.171  9822  9822 W Atfwd_Sendcmd: AtCmdFwd service not published, waiting... retryCnt : 2
08-03 20:29:08.199 10145 10145 I Radio-JNI: register_android_hardware_Radio DONE
08-03 20:29:08.227 10145 10145 D AndroidRuntime: Calling main entry com.android.commands.input.Input
08-03 20:29:08.229 10145 10145 I Input   : injectMotionEvent: MotionEvent { action=ACTION_DOWN, actionButton=0, id[0]=0, x[0]=346.0, y[0]=709.0, toolType[0]=TOOL_TYPE_UNKNOWN, buttonState=0, metaState=0, flags=0x0, edgeFlags=0x0, pointerCount=1, historySize=0, eventTime=649764642, downTime=649764642, deviceId=0, source=0x1002 }
08-03 20:29:08.233 10145 10145 I Input   : injectMotionEvent: MotionEvent { action=ACTION_UP, actionButton=0, id[0]=0, x[0]=346.0, y[0]=709.0, toolType[0]=TOOL_TYPE_UNKNOWN, buttonState=0, metaState=0, flags=0x0, edgeFlags=0x0, pointerCount=1, historySize=0, eventTime=649764642, downTime=649764642, deviceId=0, source=0x1002 }
08-03 20:29:08.243   918  6112 I ActivityManager: START u0 {cmp=baseline.io.github.project_travel_mate/.destinations.description.FinalCityInfoActivity (has extras)} from uid 10623 on display 0
08-03 20:29:08.249 10145 10145 D AndroidRuntime: Shutting down VM
08-03 20:29:08.273  9229  9294 D Gabe    : call	returning from cache
08-03 20:29:08.301  9229  9229 V EXECUTING: https://project-travel-mate.herokuapp.com/api/get-city-weather/1
08-03 20:29:08.377  9229  9240 I art     : Starting a blocking GC Explicit
08-03 20:29:08.417  9229  9240 I art     : Explicit concurrent mark sweep GC freed 7285(451KB) AllocSpace objects, 2(40KB) LOS objects, 26% free, 43MB/59MB, paused 1.123ms total 40.328ms
08-03 20:29:08.434  9229  9240 I art     : Starting a blocking GC Explicit
08-03 20:29:08.465   918   936 I ActivityManager: Displayed baseline.io.github.project_travel_mate/.destinations.description.FinalCityInfoActivity: +212ms
08-03 20:29:08.466 13866 13866 I GoogleInputMethodServic: GoogleInputMethodService.onFinishInput():3138 
08-03 20:29:08.466 13866 13866 I GoogleInputMethodServic: GoogleInputMethodService.onStartInput():1808 
08-03 20:29:08.470  9229  9240 I art     : Explicit concurrent mark sweep GC freed 539(23KB) AllocSpace objects, 0(0B) LOS objects, 26% free, 43MB/59MB, paused 1.018ms total 35.614ms
08-03 20:29:08.487  9229  9240 I art     : Starting a blocking GC Explicit
08-03 20:29:08.524  9229  9240 I art     : Explicit concurrent mark sweep GC freed 86(2128B) AllocSpace objects, 0(0B) LOS objects, 26% free, 43MB/59MB, paused 1.163ms total 37.356ms
08-03 20:29:08.543  9229  9240 I art     : Starting a blocking GC Explicit
08-03 20:29:08.580  9229  9240 I art     : Explicit concurrent mark sweep GC freed 99(1728B) AllocSpace objects, 0(0B) LOS objects, 26% free, 43MB/59MB, paused 1.194ms total 36.665ms
08-03 20:29:08.597  9229  9240 I art     : Starting a blocking GC Explicit
08-03 20:29:08.635  9229  9240 I art     : Explicit concurrent mark sweep GC freed 71(1344B) AllocSpace objects, 0(0B) LOS objects, 26% free, 43MB/59MB, paused 938us total 38.238ms
08-03 20:29:08.718   380   380 W SurfaceFlinger: couldn't log to binary event log: overflow.
08-03 20:29:08.851  9229 10174 I NAPPA_EXPERIMENTATION: MetricNetworkRequestExecutionTime: REQUEST_DURATION_SYSTEM='548',REQUEST_DURATION_OKHTTP='37',REQUEST_SYNCHRONOUS='FALSE',RESPONSE_CODE='200',RESPONSE_METHOD='GET',RESPONSE_LENGTH_OKHTTP='530',RESPONSE_LENGTH_HEADER='530',REQUEST_PROTOCOL='http/1.1',REQUEST_URL='https://project-travel-mate.herokuapp.com/api/get-city/1',
08-03 20:29:08.889  9229 10174 V Response: {"id":1,"city_name":"Delhi","description":"Delhi, officially the National Capital Territory of Delhi, is the Capital territory of India. During the British Raj, Delhi was part of the province of Punjab and is still historically and culturally connected to the Punjab region.","latitude":"28.613900","longitude":"77.209000","facts_count":6,"images":["https://upload.wikimedia.org/wikipedia/commons/9/94/%E0%B4%96%E0%B5%81%E0%B4%A4%E0%B5%8D%E0%B4%AC%E0%B5%8D_%E0%B4%AE%E0%B4%BF%E0%B4%A8%E0%B4%BE%E0%B5%BC1.jpg"],"has_visited":false}
08-03 20:29:09.000  9229 10127 I art     : Starting a blocking GC Explicit
08-03 20:29:09.003  9229 10173 I NAPPA_EXPERIMENTATION: MetricNetworkRequestExecutionTime: REQUEST_DURATION_SYSTEM='701',REQUEST_DURATION_OKHTTP='37',REQUEST_SYNCHRONOUS='FALSE',RESPONSE_CODE='200',RESPONSE_METHOD='GET',RESPONSE_LENGTH_OKHTTP='238',RESPONSE_LENGTH_HEADER='238',REQUEST_PROTOCOL='http/1.1',REQUEST_URL='https://project-travel-mate.herokuapp.com/api/get-city-weather/1',
08-03 20:29:09.037  9229 10127 I art     : Explicit concurrent mark sweep GC freed 7377(347KB) AllocSpace objects, 5(240KB) LOS objects, 26% free, 44MB/60MB, paused 1.258ms total 37.269ms
08-03 20:29:09.054  9229 10127 I art     : Starting a blocking GC Explicit
08-03 20:29:09.090  9229 10127 I art     : Explicit concurrent mark sweep GC freed 2747(211KB) AllocSpace objects, 1(4MB) LOS objects, 28% free, 39MB/55MB, paused 788us total 36.130ms
08-03 20:29:09.106  9229 10127 I art     : Starting a blocking GC Explicit
08-03 20:29:09.144  9229 10127 I art     : Explicit concurrent mark sweep GC freed 177(3KB) AllocSpace objects, 0(0B) LOS objects, 28% free, 39MB/55MB, paused 817us total 37.879ms
08-03 20:29:09.160  9229 10127 I art     : Starting a blocking GC Explicit
08-03 20:29:09.200  9229 10127 I art     : Explicit concurrent mark sweep GC freed 147(2496B) AllocSpace objects, 0(0B) LOS objects, 28% free, 39MB/55MB, paused 801us total 39.329ms
08-03 20:29:09.217  9229 10127 I art     : Starting a blocking GC Explicit
08-03 20:29:09.257  9229 10127 I art     : Explicit concurrent mark sweep GC freed 195(3KB) AllocSpace objects, 0(0B) LOS objects, 28% free, 39MB/55MB, paused 922us total 40.020ms
08-03 20:29:09.636  9229  9247 I art     : Starting a blocking GC Explicit
08-03 20:29:09.675  9229  9247 I art     : Explicit concurrent mark sweep GC freed 2659(104KB) AllocSpace objects, 2(40KB) LOS objects, 28% free, 39MB/55MB, paused 858us total 38.596ms
08-03 20:29:09.691  9229  9247 I art     : Starting a blocking GC Explicit
08-03 20:29:09.729  9229  9247 I art     : Explicit concurrent mark sweep GC freed 185(4KB) AllocSpace objects, 0(0B) LOS objects, 28% free, 39MB/55MB, paused 803us total 37.893ms
08-03 20:29:09.745  9229  9247 I art     : Starting a blocking GC Explicit
08-03 20:29:09.784  9229  9247 I art     : Explicit concurrent mark sweep GC freed 147(2496B) AllocSpace objects, 0(0B) LOS objects, 28% free, 39MB/55MB, paused 795us total 37.949ms
08-03 20:29:09.800  9229  9247 I art     : Starting a blocking GC Explicit
08-03 20:29:09.839  9229  9247 I art     : Explicit concurrent mark sweep GC freed 194(3KB) AllocSpace objects, 0(0B) LOS objects, 28% free, 39MB/55MB, paused 931us total 38.423ms
08-03 20:29:09.856  9229  9247 I art     : Starting a blocking GC Explicit
08-03 20:29:09.895  9229  9247 I art     : Explicit concurrent mark sweep GC freed 148(2528B) AllocSpace objects, 0(0B) LOS objects, 28% free, 39MB/55MB, paused 806us total 38.734ms
08-03 20:29:10.308  9229  9705 I art     : Starting a blocking GC Explicit
08-03 20:29:10.353  9229  9705 I art     : Explicit concurrent mark sweep GC freed 2723(104KB) AllocSpace objects, 2(40KB) LOS objects, 28% free, 39MB/55MB, paused 830us total 43.617ms
08-03 20:29:10.372  9229  9705 I art     : Starting a blocking GC Explicit
08-03 20:29:10.414  9229  9705 I art     : Explicit concurrent mark sweep GC freed 214(3KB) AllocSpace objects, 0(0B) LOS objects, 28% free, 39MB/55MB, paused 849us total 41.436ms
08-03 20:29:10.430  9229  9705 I art     : Starting a blocking GC Explicit
08-03 20:29:10.473  9229  9705 I art     : Explicit concurrent mark sweep GC freed 161(2720B) AllocSpace objects, 0(0B) LOS objects, 28% free, 39MB/55MB, paused 1.049ms total 41.915ms
08-03 20:29:10.489  9229  9705 I art     : Starting a blocking GC Explicit
08-03 20:29:10.531  9229  9705 I art     : Explicit concurrent mark sweep GC freed 181(3KB) AllocSpace objects, 0(0B) LOS objects, 28% free, 39MB/55MB, paused 855us total 41.621ms
08-03 20:29:10.548  9229  9705 I art     : Starting a blocking GC Explicit
08-03 20:29:10.591  9229  9705 I art     : Explicit concurrent mark sweep GC freed 194(3KB) AllocSpace objects, 0(0B) LOS objects, 28% free, 39MB/55MB, paused 888us total 43.036ms
08-03 20:29:10.711   918  3261 D WifiStateMachine: starting scan for "H369AA63323"WPA_PSK with 2412,5180
08-03 20:29:11.006  9229  9240 I art     : Starting a blocking GC Explicit
08-03 20:29:11.051  9229  9240 I art     : Explicit concurrent mark sweep GC freed 2724(104KB) AllocSpace objects, 2(40KB) LOS objects, 28% free, 39MB/55MB, paused 860us total 44.535ms
08-03 20:29:11.070  9229  9240 I art     : Starting a blocking GC Explicit
08-03 20:29:11.111  9229  9240 I art     : Explicit concurrent mark sweep GC freed 213(3KB) AllocSpace objects, 0(0B) LOS objects, 28% free, 39MB/55MB, paused 814us total 40.671ms
08-03 20:29:11.128  9229  9240 I art     : Starting a blocking GC Explicit
08-03 20:29:11.169  9229  9240 I art     : Explicit concurrent mark sweep GC freed 149(2560B) AllocSpace objects, 0(0B) LOS objects, 28% free, 39MB/55MB, paused 851us total 41.138ms
08-03 20:29:11.186  9229  9240 I art     : Starting a blocking GC Explicit
08-03 20:29:11.228  9229  9240 I art     : Explicit concurrent mark sweep GC freed 194(3KB) AllocSpace objects, 0(0B) LOS objects, 28% free, 39MB/55MB, paused 840us total 41.383ms
08-03 20:29:11.245  9229  9240 I art     : Starting a blocking GC Explicit
08-03 20:29:11.288  9229  9240 I art     : Explicit concurrent mark sweep GC freed 148(2528B) AllocSpace objects, 0(0B) LOS objects, 28% free, 39MB/55MB, paused 1.035ms total 43.388ms
08-03 20:29:11.689  9229 10127 I art     : Starting a blocking GC Explicit
08-03 20:29:11.732  9229 10127 I art     : Explicit concurrent mark sweep GC freed 2724(104KB) AllocSpace objects, 2(40KB) LOS objects, 28% free, 39MB/55MB, paused 824us total 42.714ms
08-03 20:29:11.749  9229 10127 I art     : Starting a blocking GC Explicit
08-03 20:29:11.791  9229 10127 I art     : Explicit concurrent mark sweep GC freed 213(3KB) AllocSpace objects, 0(0B) LOS objects, 28% free, 39MB/55MB, paused 920us total 42.220ms
08-03 20:29:11.809  9229 10127 I art     : Starting a blocking GC Explicit
08-03 20:29:11.850  9229 10127 I art     : Explicit concurrent mark sweep GC freed 148(2528B) AllocSpace objects, 0(0B) LOS objects, 28% free, 39MB/55MB, paused 808us total 41.447ms
08-03 20:29:11.867  9229 10127 I art     : Starting a blocking GC Explicit
08-03 20:29:11.909  9229 10127 I art     : Explicit concurrent mark sweep GC freed 195(3KB) AllocSpace objects, 0(0B) LOS objects, 28% free, 39MB/55MB, paused 858us total 41.768ms
08-03 20:29:11.927  9229 10127 I art     : Starting a blocking GC Explicit
08-03 20:29:11.969  9229 10127 I art     : Explicit concurrent mark sweep GC freed 147(2496B) AllocSpace objects, 0(0B) LOS objects, 28% free, 39MB/55MB, paused 879us total 42.424ms
08-03 20:29:12.362  9229  9241 I art     : Starting a blocking GC Explicit
08-03 20:29:12.406  9229  9241 I art     : Explicit concurrent mark sweep GC freed 2687(104KB) AllocSpace objects, 2(40KB) LOS objects, 28% free, 39MB/55MB, paused 893us total 43.914ms
08-03 20:29:12.423  9229  9241 I art     : Starting a blocking GC Explicit
08-03 20:29:12.466  9229  9241 I art     : Explicit concurrent mark sweep GC freed 224(4KB) AllocSpace objects, 0(0B) LOS objects, 28% free, 39MB/55MB, paused 871us total 43.191ms
08-03 20:29:12.484  9229  9241 I art     : Starting a blocking GC Explicit
08-03 20:29:12.524  9229  9241 I art     : Explicit concurrent mark sweep GC freed 165(2784B) AllocSpace objects, 0(0B) LOS objects, 28% free, 39MB/55MB, paused 1.051ms total 39.896ms
08-03 20:29:12.541  9229  9241 I art     : Starting a blocking GC Explicit
08-03 20:29:12.579  9229  9241 I art     : Explicit concurrent mark sweep GC freed 200(3KB) AllocSpace objects, 0(0B) LOS objects, 28% free, 39MB/55MB, paused 876us total 38.453ms
08-03 20:29:12.596  9229  9241 I art     : Starting a blocking GC Explicit
08-03 20:29:12.633  9229  9241 I art     : Explicit concurrent mark sweep GC freed 157(3040B) AllocSpace objects, 0(0B) LOS objects, 28% free, 39MB/55MB, paused 838us total 36.681ms
08-03 20:29:13.032  9229  9705 I art     : Starting a blocking GC Explicit
08-03 20:29:13.042 10239 10239 D AndroidRuntime: >>>>>> START com.android.internal.os.RuntimeInit uid 2000 <<<<<<
08-03 20:29:13.048 10239 10239 D AndroidRuntime: CheckJNI is OFF
08-03 20:29:13.073  9229  9705 I art     : Explicit concurrent mark sweep GC freed 2675(103KB) AllocSpace objects, 2(40KB) LOS objects, 28% free, 39MB/55MB, paused 849us total 41.322ms
08-03 20:29:13.090  9229  9705 I art     : Starting a blocking GC Explicit
08-03 20:29:13.095 10239 10239 D ICU     : No timezone override file found: /data/misc/zoneinfo/current/icu/icu_tzdata.dat
08-03 20:29:13.130  9229  9705 I art     : Explicit concurrent mark sweep GC freed 206(3KB) AllocSpace objects, 0(0B) LOS objects, 28% free, 39MB/55MB, paused 936us total 39.896ms
08-03 20:29:13.142 10239 10239 I Radio-JNI: register_android_hardware_Radio DONE
08-03 20:29:13.147  9229  9705 I art     : Starting a blocking GC Explicit
08-03 20:29:13.172 10239 10239 D AndroidRuntime: Calling main entry com.android.commands.input.Input
08-03 20:29:13.174 10239 10239 I Input   : injectMotionEvent: MotionEvent { action=ACTION_DOWN, actionButton=0, id[0]=0, x[0]=693.0, y[0]=1450.0, toolType[0]=TOOL_TYPE_UNKNOWN, buttonState=0, metaState=0, flags=0x0, edgeFlags=0x0, pointerCount=1, historySize=0, eventTime=649769586, downTime=649769586, deviceId=0, source=0x1002 }
08-03 20:29:13.180 10239 10239 I Input   : injectMotionEvent: MotionEvent { action=ACTION_UP, actionButton=0, id[0]=0, x[0]=693.0, y[0]=1450.0, toolType[0]=TOOL_TYPE_UNKNOWN, buttonState=0, metaState=0, flags=0x0, edgeFlags=0x0, pointerCount=1, historySize=0, eventTime=649769586, downTime=649769586, deviceId=0, source=0x1002 }
08-03 20:29:13.182 10239 10239 D AndroidRuntime: Shutting down VM
08-03 20:29:13.182   918  6111 I ActivityManager: START u0 {cmp=baseline.io.github.project_travel_mate/.destinations.description.CityHistoryActivity} from uid 10623 on display 0
08-03 20:29:13.185   512  2967 D audio_hw_primary: out_set_parameters: enter: usecase(1: low-latency-playback) kvpairs: routing=2
08-03 20:29:13.186  9229  9705 I art     : Explicit concurrent mark sweep GC freed 157(2704B) AllocSpace objects, 0(0B) LOS objects, 28% free, 39MB/55MB, paused 903us total 38.860ms
08-03 20:29:13.199   512  2967 D audio_hw_primary: select_devices: out_snd_device(2: speaker) in_snd_device(0: none)
08-03 20:29:13.199   512  2967 D msm8974_platform: platform_send_audio_calibration: sending audio calibration for snd_device(2) acdb_id(15)
08-03 20:29:13.199   512  2967 I soundtrigger: audio_extn_sound_trigger_update_device_status: device 0x2 of type 0 for Event 1
08-03 20:29:13.203  9229  9705 I art     : Starting a blocking GC Explicit
08-03 20:29:13.209   512  2967 D audio_hw_primary: enable_snd_device: snd_device(2: speaker)
08-03 20:29:13.211   512  2967 D audio_hw_primary: enable_audio_route: apply and update mixer path: low-latency-playback speaker
08-03 20:29:13.214  9229  9294 D Gabe    : call	returning from cache
08-03 20:29:13.217  9229  9229 V EXECUTING: https://project-travel-mate.herokuapp.com/api/get-city-information/1
08-03 20:29:13.240  9229  9705 I art     : Explicit concurrent mark sweep GC freed 608(44KB) AllocSpace objects, 0(0B) LOS objects, 28% free, 39MB/55MB, paused 958us total 36.900ms
08-03 20:29:13.256  9229  9705 I art     : Starting a blocking GC Explicit
08-03 20:29:13.296  9229  9705 I art     : Explicit concurrent mark sweep GC freed 716(25KB) AllocSpace objects, 0(0B) LOS objects, 26% free, 44MB/60MB, paused 1.306ms total 39.492ms
08-03 20:29:13.366 13866 13866 I GoogleInputMethodServic: GoogleInputMethodService.onFinishInput():3138 
08-03 20:29:13.366   918   936 I ActivityManager: Displayed baseline.io.github.project_travel_mate/.destinations.description.CityHistoryActivity: +174ms
08-03 20:29:13.367 13866 13866 I GoogleInputMethodServic: GoogleInputMethodService.onStartInput():1808 
08-03 20:29:13.623   380   380 W SurfaceFlinger: couldn't log to binary event log: overflow.
08-03 20:29:13.651  9229  9247 I art     : Starting a blocking GC Explicit
08-03 20:29:13.691  9229  9247 I art     : Explicit concurrent mark sweep GC freed 3620(173KB) AllocSpace objects, 4(160KB) LOS objects, 26% free, 44MB/60MB, paused 1.193ms total 40.331ms
08-03 20:29:13.708  9229  9247 I art     : Starting a blocking GC Explicit
08-03 20:29:13.738   512  2967 D audio_hw_primary: disable_audio_route: reset and update mixer path: low-latency-playback speaker
08-03 20:29:13.740   512  2967 D audio_hw_primary: disable_snd_device: snd_device(2: speaker)
08-03 20:29:13.748   512  2967 I soundtrigger: audio_extn_sound_trigger_update_device_status: device 0x2 of type 0 for Event 0
08-03 20:29:13.749  9229  9247 I art     : Explicit concurrent mark sweep GC freed 2575(140KB) AllocSpace objects, 1(80KB) LOS objects, 26% free, 44MB/60MB, paused 899us total 40.708ms
08-03 20:29:13.752  9229 10264 I NAPPA_EXPERIMENTATION: MetricNetworkRequestExecutionTime: REQUEST_DURATION_SYSTEM='533',REQUEST_DURATION_OKHTTP='40',REQUEST_SYNCHRONOUS='FALSE',RESPONSE_CODE='200',RESPONSE_METHOD='GET',RESPONSE_LENGTH_OKHTTP='55024',RESPONSE_LENGTH_HEADER='55024',REQUEST_PROTOCOL='http/1.1',REQUEST_URL='https://project-travel-mate.herokuapp.com/api/get-city-information/1',
08-03 20:29:13.767  9229  9247 I art     : Starting a blocking GC Explicit
08-03 20:29:13.805  9229  9247 I art     : Explicit concurrent mark sweep GC freed 645(62KB) AllocSpace objects, 3(272KB) LOS objects, 26% free, 44MB/60MB, paused 1.026ms total 37.739ms
08-03 20:29:13.822  9229  9247 I art     : Starting a blocking GC Explicit
08-03 20:29:13.858  9229  9247 I art     : Explicit concurrent mark sweep GC freed 118(20KB) AllocSpace objects, 0(0B) LOS objects, 26% free, 44MB/60MB, paused 991us total 36.548ms
08-03 20:29:13.875  9229  9247 I art     : Starting a blocking GC Explicit
08-03 20:29:13.898 13866 13866 I GoogleInputMethodServic: GoogleInputMethodService.onFinishInput():3138 
08-03 20:29:13.898 13866 13866 I GoogleInputMethodServic: GoogleInputMethodService.onStartInput():1808 
08-03 20:29:13.912  9229  9247 I art     : Explicit concurrent mark sweep GC freed 1399(1194KB) AllocSpace objects, 16(408KB) LOS objects, 26% free, 44MB/60MB, paused 920us total 36.658ms
08-03 20:29:14.281  9229  9241 I art     : Starting a blocking GC Explicit
08-03 20:29:14.329  9229  9241 I art     : Explicit concurrent mark sweep GC freed 3244(114KB) AllocSpace objects, 3(4MB) LOS objects, 28% free, 40MB/56MB, paused 1.063ms total 47.954ms
08-03 20:29:14.345  9229  9241 I art     : Starting a blocking GC Explicit
08-03 20:29:14.384  9229  9241 I art     : Explicit concurrent mark sweep GC freed 304(5KB) AllocSpace objects, 0(0B) LOS objects, 28% free, 40MB/56MB, paused 838us total 38.509ms
08-03 20:29:14.402  9229  9241 I art     : Starting a blocking GC Explicit
08-03 20:29:14.439  9229  9241 I art     : Explicit concurrent mark sweep GC freed 219(3KB) AllocSpace objects, 0(0B) LOS objects, 28% free, 40MB/56MB, paused 787us total 36.821ms
08-03 20:29:14.455  9229  9241 I art     : Starting a blocking GC Explicit
08-03 20:29:14.492  9229  9241 I art     : Explicit concurrent mark sweep GC freed 232(3KB) AllocSpace objects, 0(0B) LOS objects, 28% free, 40MB/56MB, paused 1.016ms total 36.919ms
08-03 20:29:14.508  9229  9241 I art     : Starting a blocking GC Explicit
08-03 20:29:14.546  9229  9241 I art     : Explicit concurrent mark sweep GC freed 278(4KB) AllocSpace objects, 0(0B) LOS objects, 28% free, 40MB/56MB, paused 848us total 37.770ms
08-03 20:29:14.916  9229  9241 I art     : Starting a blocking GC Explicit
08-03 20:29:14.956  9229  9241 I art     : Explicit concurrent mark sweep GC freed 3169(111KB) AllocSpace objects, 2(40KB) LOS objects, 28% free, 40MB/56MB, paused 811us total 39.809ms
08-03 20:29:14.973  9229  9241 I art     : Starting a blocking GC Explicit
08-03 20:29:15.012  9229  9241 I art     : Explicit concurrent mark sweep GC freed 315(5KB) AllocSpace objects, 0(0B) LOS objects, 28% free, 40MB/56MB, paused 1.055ms total 38.960ms
08-03 20:29:15.028  9229  9241 I art     : Starting a blocking GC Explicit
08-03 20:29:15.068  9229  9241 I art     : Explicit concurrent mark sweep GC freed 228(3KB) AllocSpace objects, 0(0B) LOS objects, 28% free, 40MB/56MB, paused 903us total 39.578ms
08-03 20:29:15.086  9229  9241 I art     : Starting a blocking GC Explicit
08-03 20:29:15.127  9229  9241 I art     : Explicit concurrent mark sweep GC freed 243(4KB) AllocSpace objects, 0(0B) LOS objects, 28% free, 40MB/56MB, paused 965us total 40.413ms
08-03 20:29:15.143  9229  9241 I art     : Starting a blocking GC Explicit
08-03 20:29:15.188  9229  9241 I art     : Explicit concurrent mark sweep GC freed 270(4KB) AllocSpace objects, 0(0B) LOS objects, 28% free, 40MB/56MB, paused 986us total 44.134ms
08-03 20:29:15.583  9229 10127 I art     : Starting a blocking GC Explicit
08-03 20:29:15.630  9229 10127 I art     : Explicit concurrent mark sweep GC freed 3392(115KB) AllocSpace objects, 2(40KB) LOS objects, 28% free, 40MB/56MB, paused 998us total 46.582ms
08-03 20:29:15.648  9229 10127 I art     : Starting a blocking GC Explicit
08-03 20:29:15.692  9229 10127 I art     : Explicit concurrent mark sweep GC freed 263(5KB) AllocSpace objects, 0(0B) LOS objects, 28% free, 40MB/56MB, paused 903us total 44.472ms
08-03 20:29:15.710  9229 10127 I art     : Starting a blocking GC Explicit
08-03 20:29:15.754  9229 10127 I art     : Explicit concurrent mark sweep GC freed 290(4KB) AllocSpace objects, 0(0B) LOS objects, 28% free, 40MB/56MB, paused 916us total 44.238ms
08-03 20:29:15.772  9229 10127 I art     : Starting a blocking GC Explicit
08-03 20:29:15.819  9229 10127 I art     : Explicit concurrent mark sweep GC freed 292(4KB) AllocSpace objects, 0(0B) LOS objects, 28% free, 40MB/56MB, paused 901us total 46.941ms
08-03 20:29:15.837  9229 10127 I art     : Starting a blocking GC Explicit
08-03 20:29:15.880  9229 10127 I art     : Explicit concurrent mark sweep GC freed 290(4KB) AllocSpace objects, 0(0B) LOS objects, 28% free, 40MB/56MB, paused 965us total 42.695ms
08-03 20:29:16.273  9229  9240 I art     : Starting a blocking GC Explicit
08-03 20:29:16.321  9229  9240 I art     : Explicit concurrent mark sweep GC freed 3300(113KB) AllocSpace objects, 2(40KB) LOS objects, 28% free, 40MB/56MB, paused 876us total 48.012ms
08-03 20:29:16.341  9229  9240 I art     : Starting a blocking GC Explicit
08-03 20:29:16.383  9229  9240 I art     : Explicit concurrent mark sweep GC freed 277(4KB) AllocSpace objects, 0(0B) LOS objects, 28% free, 40MB/56MB, paused 1.065ms total 41.594ms
08-03 20:29:16.400  9229  9240 I art     : Starting a blocking GC Explicit
08-03 20:29:16.440  9229  9240 I art     : Explicit concurrent mark sweep GC freed 252(4KB) AllocSpace objects, 0(0B) LOS objects, 28% free, 40MB/56MB, paused 879us total 39.545ms
08-03 20:29:16.456  9229  9240 I art     : Starting a blocking GC Explicit
08-03 20:29:16.494  9229  9240 I art     : Explicit concurrent mark sweep GC freed 228(3KB) AllocSpace objects, 0(0B) LOS objects, 28% free, 40MB/56MB, paused 916us total 38.292ms
08-03 20:29:16.511  9229  9240 I art     : Starting a blocking GC Explicit
08-03 20:29:16.552  9229  9240 I art     : Explicit concurrent mark sweep GC freed 281(4KB) AllocSpace objects, 0(0B) LOS objects, 28% free, 40MB/56MB, paused 884us total 41.109ms
08-03 20:29:16.967  9229  9247 I art     : Starting a blocking GC Explicit
08-03 20:29:17.009  9229  9247 I art     : Explicit concurrent mark sweep GC freed 3373(114KB) AllocSpace objects, 2(40KB) LOS objects, 28% free, 40MB/56MB, paused 899us total 41.472ms
08-03 20:29:17.026  9229  9247 I art     : Starting a blocking GC Explicit
08-03 20:29:17.070  9229  9247 I art     : Explicit concurrent mark sweep GC freed 308(5KB) AllocSpace objects, 0(0B) LOS objects, 28% free, 40MB/56MB, paused 823us total 44.101ms
08-03 20:29:17.087  9229  9247 I art     : Starting a blocking GC Explicit
08-03 20:29:17.132  9229  9247 I art     : Explicit concurrent mark sweep GC freed 258(4KB) AllocSpace objects, 0(0B) LOS objects, 28% free, 40MB/56MB, paused 1.009ms total 43.830ms
08-03 20:29:17.149  9229  9247 I art     : Starting a blocking GC Explicit
08-03 20:29:17.194  9229  9247 I art     : Explicit concurrent mark sweep GC freed 253(4KB) AllocSpace objects, 0(0B) LOS objects, 28% free, 40MB/56MB, paused 876us total 44.859ms
08-03 20:29:17.211  9229  9247 I art     : Starting a blocking GC Explicit
08-03 20:29:17.256  9229  9247 I art     : Explicit concurrent mark sweep GC freed 291(4KB) AllocSpace objects, 0(0B) LOS objects, 28% free, 40MB/56MB, paused 915us total 44.592ms
08-03 20:29:17.644  9229  9705 I art     : Starting a blocking GC Explicit
08-03 20:29:17.687  9229  9705 I art     : Explicit concurrent mark sweep GC freed 3300(113KB) AllocSpace objects, 2(40KB) LOS objects, 28% free, 40MB/56MB, paused 959us total 42.683ms
08-03 20:29:17.705  9229  9705 I art     : Starting a blocking GC Explicit
08-03 20:29:17.747  9229  9705 I art     : Explicit concurrent mark sweep GC freed 251(4KB) AllocSpace objects, 0(0B) LOS objects, 28% free, 40MB/56MB, paused 1.155ms total 42.202ms
08-03 20:29:17.764  9229  9705 I art     : Starting a blocking GC Explicit
08-03 20:29:17.806  9229  9705 I art     : Explicit concurrent mark sweep GC freed 278(4KB) AllocSpace objects, 0(0B) LOS objects, 28% free, 40MB/56MB, paused 971us total 42.340ms
08-03 20:29:17.823  9229  9705 I art     : Starting a blocking GC Explicit
08-03 20:29:17.867  9229  9705 I art     : Explicit concurrent mark sweep GC freed 258(4KB) AllocSpace objects, 0(0B) LOS objects, 28% free, 40MB/56MB, paused 1.026ms total 43.169ms
08-03 20:29:17.883  9229  9705 I art     : Starting a blocking GC Explicit
08-03 20:29:17.927  9229  9705 I art     : Explicit concurrent mark sweep GC freed 253(4KB) AllocSpace objects, 0(0B) LOS objects, 28% free, 40MB/56MB, paused 988us total 43.351ms
08-03 20:29:17.984 10330 10330 D AndroidRuntime: >>>>>> START com.android.internal.os.RuntimeInit uid 2000 <<<<<<
08-03 20:29:17.990 10330 10330 D AndroidRuntime: CheckJNI is OFF
08-03 20:29:18.035 10330 10330 D ICU     : No timezone override file found: /data/misc/zoneinfo/current/icu/icu_tzdata.dat
08-03 20:29:18.079 10330 10330 I Radio-JNI: register_android_hardware_Radio DONE
08-03 20:29:18.108 10330 10330 D AndroidRuntime: Calling main entry com.android.commands.input.Input
08-03 20:29:18.110 10330 10330 I Input   : injectKeyEvent: KeyEvent { action=ACTION_DOWN, keyCode=KEYCODE_BACK, scanCode=0, metaState=0, flags=0x0, repeatCount=0, eventTime=649774523, downTime=649774523, deviceId=-1, source=0x101 }
08-03 20:29:18.119 10330 10330 I Input   : injectKeyEvent: KeyEvent { action=ACTION_UP, keyCode=KEYCODE_BACK, scanCode=0, metaState=0, flags=0x0, repeatCount=0, eventTime=649774523, downTime=649774523, deviceId=-1, source=0x101 }
08-03 20:29:18.124 10330 10330 D AndroidRuntime: Shutting down VM
08-03 20:29:18.160 13866 13866 I GoogleInputMethodServic: GoogleInputMethodService.onFinishInput():3138 
08-03 20:29:18.162 13866 13866 I GoogleInputMethodServic: GoogleInputMethodService.onStartInput():1808 
08-03 20:29:18.172  9822  9822 I ServiceManager: Waiting for service AtCmdFwd...
08-03 20:29:18.310  9229  9247 I art     : Starting a blocking GC Explicit
08-03 20:29:18.361  9229  9247 I art     : Explicit concurrent mark sweep GC freed 3344(117KB) AllocSpace objects, 2(40KB) LOS objects, 28% free, 40MB/56MB, paused 853us total 50.808ms
08-03 20:29:18.383  9229  9247 I art     : Starting a blocking GC Explicit
08-03 20:29:18.431  9229  9247 I art     : Explicit concurrent mark sweep GC freed 363(6KB) AllocSpace objects, 0(0B) LOS objects, 28% free, 40MB/56MB, paused 1.020ms total 47.894ms
08-03 20:29:18.452  9229  9247 I art     : Starting a blocking GC Explicit
08-03 20:29:18.462   380   380 W SurfaceFlinger: couldn't log to binary event log: overflow.
08-03 20:29:18.492  9229  9247 I art     : Explicit concurrent mark sweep GC freed 249(4KB) AllocSpace objects, 0(0B) LOS objects, 28% free, 40MB/56MB, paused 768us total 39.949ms
08-03 20:29:18.508  9229  9247 I art     : Starting a blocking GC Explicit
08-03 20:29:18.545  9229  9247 I art     : Explicit concurrent mark sweep GC freed 163(3KB) AllocSpace objects, 1(188KB) LOS objects, 28% free, 40MB/56MB, paused 886us total 37.412ms
08-03 20:29:18.562  9229  9247 I art     : Starting a blocking GC Explicit
08-03 20:29:18.600  9229  9247 I art     : Explicit concurrent mark sweep GC freed 4886(342KB) AllocSpace objects, 7(132KB) LOS objects, 28% free, 39MB/55MB, paused 896us total 37.455ms
08-03 20:29:18.975  9229  9705 I art     : Starting a blocking GC Explicit
08-03 20:29:19.015  9229  9705 I art     : Explicit concurrent mark sweep GC freed 2596(102KB) AllocSpace objects, 2(40KB) LOS objects, 28% free, 39MB/55MB, paused 932us total 39.067ms
08-03 20:29:19.031  9229  9705 I art     : Starting a blocking GC Explicit
08-03 20:29:19.067  9229  9705 I art     : Explicit concurrent mark sweep GC freed 215(4KB) AllocSpace objects, 0(0B) LOS objects, 28% free, 39MB/55MB, paused 802us total 35.542ms
08-03 20:29:19.083  9229  9705 I art     : Starting a blocking GC Explicit
08-03 20:29:19.084  5179  5194 D QcrilMsgTunnelSocket: readRilMessage: Buffer = [B@671e81d HexData = [010000000404000011000000514f454d484f4f4bef0308000100000003]
08-03 20:29:19.084  5179  5194 D QcrilMsgTunnelSocket: Rcvd UNSOL response with 28 bytes data for SUB0
08-03 20:29:19.084  5179  5194 D QcrilMsgTunnelSocket: Response ID 525295 is not served in this process.
08-03 20:29:19.084  5179  5194 D QcrilMsgTunnelSocket: To broadcast an Intent via the notifier to external apps
08-03 20:29:19.085  5179  5179 D QcrilMsgTunnelIfaceManager: handleMessage what = 0
08-03 20:29:19.085  5179  5179 D QcrilMsgTunnelIfaceManager: Broadcasting intent ACTION_UNSOL_RESPONSE_OEM_HOOK_RAW
08-03 20:29:19.089  5164  5164 D QC_RIL_OEM_HOOK: Received Broadcast Intent ACTION_UNSOL_RESPONSE_OEM_HOOK_RAW
08-03 20:29:19.089  5164  5164 D QC_RIL_OEM_HOOK: Oem ID in QCRILHOOK UNSOL RESP is QOEMHOOK
08-03 20:29:19.121  9229  9705 I art     : Explicit concurrent mark sweep GC freed 147(2496B) AllocSpace objects, 0(0B) LOS objects, 28% free, 39MB/55MB, paused 835us total 38.369ms
08-03 20:29:19.138  9229  9705 I art     : Starting a blocking GC Explicit
08-03 20:29:19.172  9822  9822 I ServiceManager: Waiting for service AtCmdFwd...
08-03 20:29:19.176  9229  9705 I art     : Explicit concurrent mark sweep GC freed 147(2496B) AllocSpace objects, 0(0B) LOS objects, 28% free, 39MB/55MB, paused 827us total 37.820ms
08-03 20:29:19.192  9229  9705 I art     : Starting a blocking GC Explicit
08-03 20:29:19.231  9229  9705 I art     : Explicit concurrent mark sweep GC freed 162(2736B) AllocSpace objects, 0(0B) LOS objects, 28% free, 39MB/55MB, paused 847us total 38.200ms
08-03 20:29:19.580  9229 10127 I art     : Starting a blocking GC Explicit
08-03 20:29:19.620  9229 10127 I art     : Explicit concurrent mark sweep GC freed 2563(101KB) AllocSpace objects, 2(40KB) LOS objects, 28% free, 39MB/55MB, paused 887us total 39.943ms
08-03 20:29:19.637  9229 10127 I art     : Starting a blocking GC Explicit
08-03 20:29:19.675  9229 10127 I art     : Explicit concurrent mark sweep GC freed 167(3KB) AllocSpace objects, 0(0B) LOS objects, 28% free, 39MB/55MB, paused 867us total 37.629ms
08-03 20:29:19.692  9229 10127 I art     : Starting a blocking GC Explicit
08-03 20:29:19.731  9229 10127 I art     : Explicit concurrent mark sweep GC freed 166(2800B) AllocSpace objects, 0(0B) LOS objects, 28% free, 39MB/55MB, paused 909us total 39.290ms
08-03 20:29:19.748  9229 10127 I art     : Starting a blocking GC Explicit
08-03 20:29:19.787  9229 10127 I art     : Explicit concurrent mark sweep GC freed 175(2960B) AllocSpace objects, 0(0B) LOS objects, 28% free, 39MB/55MB, paused 959us total 39.208ms
08-03 20:29:19.804  9229 10127 I art     : Starting a blocking GC Explicit
08-03 20:29:19.844  9229 10127 I art     : Explicit concurrent mark sweep GC freed 148(2528B) AllocSpace objects, 0(0B) LOS objects, 28% free, 39MB/55MB, paused 915us total 40.269ms
08-03 20:29:19.902 10378 10378 D AndroidRuntime: >>>>>> START com.android.internal.os.RuntimeInit uid 2000 <<<<<<
08-03 20:29:19.908 10378 10378 D AndroidRuntime: CheckJNI is OFF
08-03 20:29:19.950 10378 10378 D ICU     : No timezone override file found: /data/misc/zoneinfo/current/icu/icu_tzdata.dat
08-03 20:29:19.995 10378 10378 I Radio-JNI: register_android_hardware_Radio DONE
08-03 20:29:20.023 10378 10378 D AndroidRuntime: Calling main entry com.android.commands.input.Input
08-03 20:29:20.025 10378 10378 I Input   : injectKeyEvent: KeyEvent { action=ACTION_DOWN, keyCode=KEYCODE_BACK, scanCode=0, metaState=0, flags=0x0, repeatCount=0, eventTime=649776438, downTime=649776438, deviceId=-1, source=0x101 }
08-03 20:29:20.034 10378 10378 I Input   : injectKeyEvent: KeyEvent { action=ACTION_UP, keyCode=KEYCODE_BACK, scanCode=0, metaState=0, flags=0x0, repeatCount=0, eventTime=649776438, downTime=649776438, deviceId=-1, source=0x101 }
08-03 20:29:20.041 10378 10378 D AndroidRuntime: Shutting down VM
08-03 20:29:20.053  9229  9229 V MainActivity: url = https://project-travel-mate.herokuapp.com/api/number-of-unread-notifications
08-03 20:29:20.082 13866 13866 I GoogleInputMethodServic: GoogleInputMethodService.onFinishInput():3138 
08-03 20:29:20.083 13866 13866 I GoogleInputMethodServic: GoogleInputMethodService.onStartInput():1808 
08-03 20:29:20.172  9822  9822 I ServiceManager: Waiting for service AtCmdFwd...
08-03 20:29:20.219  9229  9240 I art     : Starting a blocking GC Explicit
08-03 20:29:20.269  9229  9240 I art     : Explicit concurrent mark sweep GC freed 3187(127KB) AllocSpace objects, 2(40KB) LOS objects, 28% free, 39MB/55MB, paused 1.530ms total 48.937ms
08-03 20:29:20.289  9229  9240 I art     : Starting a blocking GC Explicit
08-03 20:29:20.337  9229  9240 I art     : Explicit concurrent mark sweep GC freed 260(6KB) AllocSpace objects, 0(0B) LOS objects, 28% free, 39MB/55MB, paused 1.472ms total 47.093ms
08-03 20:29:20.356  9229  9240 I art     : Starting a blocking GC Explicit
08-03 20:29:20.380   380   380 W SurfaceFlinger: couldn't log to binary event log: overflow.
08-03 20:29:20.394  9229  9240 I art     : Explicit concurrent mark sweep GC freed 196(3KB) AllocSpace objects, 0(0B) LOS objects, 28% free, 39MB/55MB, paused 925us total 37.766ms
08-03 20:29:20.411  9229  9240 I art     : Starting a blocking GC Explicit
08-03 20:29:20.450  9229  9240 I art     : Explicit concurrent mark sweep GC freed 107(2016B) AllocSpace objects, 0(0B) LOS objects, 28% free, 39MB/55MB, paused 1.111ms total 38.156ms
08-03 20:29:20.466  9229  9240 I art     : Starting a blocking GC Explicit
08-03 20:29:20.507  9229  9240 I art     : Explicit concurrent mark sweep GC freed 211(8KB) AllocSpace objects, 0(0B) LOS objects, 28% free, 39MB/55MB, paused 972us total 40.526ms
08-03 20:29:20.607  9229 10407 I NAPPA_EXPERIMENTATION: MetricNetworkRequestExecutionTime: REQUEST_DURATION_SYSTEM='553',REQUEST_DURATION_OKHTTP='36',REQUEST_SYNCHRONOUS='FALSE',RESPONSE_CODE='200',RESPONSE_METHOD='GET',RESPONSE_LENGTH_OKHTTP='36',RESPONSE_LENGTH_HEADER='36',REQUEST_PROTOCOL='http/1.1',REQUEST_URL='https://project-travel-mate.herokuapp.com/api/number-of-unread-notifications',
08-03 20:29:20.881  9229  9705 I art     : Starting a blocking GC Explicit
08-03 20:29:20.926  9229  9705 I art     : Explicit concurrent mark sweep GC freed 4837(241KB) AllocSpace objects, 5(240KB) LOS objects, 28% free, 39MB/55MB, paused 946us total 44.500ms
08-03 20:29:20.946  9229  9705 I art     : Starting a blocking GC Explicit
08-03 20:29:20.984  9229  9705 I art     : Explicit concurrent mark sweep GC freed 1051(118KB) AllocSpace objects, 0(0B) LOS objects, 28% free, 39MB/55MB, paused 961us total 38.585ms
08-03 20:29:21.001  9229  9705 I art     : Starting a blocking GC Explicit
08-03 20:29:21.041  9229  9705 I art     : Explicit concurrent mark sweep GC freed 76(1328B) AllocSpace objects, 0(0B) LOS objects, 28% free, 39MB/55MB, paused 950us total 40.016ms
08-03 20:29:21.058  9229  9705 I art     : Starting a blocking GC Explicit
08-03 20:29:21.098  9229  9705 I art     : Explicit concurrent mark sweep GC freed 75(1296B) AllocSpace objects, 0(0B) LOS objects, 28% free, 39MB/55MB, paused 986us total 39.894ms
08-03 20:29:21.114  9229  9705 I art     : Starting a blocking GC Explicit
08-03 20:29:21.156  9229  9705 I art     : Explicit concurrent mark sweep GC freed 99(1696B) AllocSpace objects, 0(0B) LOS objects, 28% free, 39MB/55MB, paused 947us total 41.359ms
08-03 20:29:21.173  9822  9822 I ServiceManager: Waiting for service AtCmdFwd...
08-03 20:29:21.508  9229  9247 I art     : Starting a blocking GC Explicit
08-03 20:29:21.550  9229  9247 I art     : Explicit concurrent mark sweep GC freed 2003(93KB) AllocSpace objects, 2(40KB) LOS objects, 28% free, 39MB/55MB, paused 1.099ms total 41.060ms
08-03 20:29:21.567  9229  9247 I art     : Starting a blocking GC Explicit
08-03 20:29:21.607  9229  9247 I art     : Explicit concurrent mark sweep GC freed 134(3KB) AllocSpace objects, 0(0B) LOS objects, 28% free, 39MB/55MB, paused 966us total 39.515ms
08-03 20:29:21.623  9229  9247 I art     : Starting a blocking GC Explicit
08-03 20:29:21.663  9229  9247 I art     : Explicit concurrent mark sweep GC freed 75(1296B) AllocSpace objects, 0(0B) LOS objects, 28% free, 39MB/55MB, paused 954us total 39.333ms
08-03 20:29:21.680  9229  9247 I art     : Starting a blocking GC Explicit
08-03 20:29:21.721  9229  9247 I art     : Explicit concurrent mark sweep GC freed 106(1920B) AllocSpace objects, 0(0B) LOS objects, 28% free, 39MB/55MB, paused 927us total 41.093ms
08-03 20:29:21.739  9229  9247 I art     : Starting a blocking GC Explicit
08-03 20:29:21.780  9229  9247 I art     : Explicit concurrent mark sweep GC freed 81(1488B) AllocSpace objects, 0(0B) LOS objects, 28% free, 39MB/55MB, paused 988us total 40.800ms
08-03 20:29:21.839 10424 10424 D AndroidRuntime: >>>>>> START com.android.internal.os.RuntimeInit uid 2000 <<<<<<
08-03 20:29:21.846 10424 10424 D AndroidRuntime: CheckJNI is OFF
08-03 20:29:21.887 10424 10424 D ICU     : No timezone override file found: /data/misc/zoneinfo/current/icu/icu_tzdata.dat
08-03 20:29:21.932 10424 10424 I Radio-JNI: register_android_hardware_Radio DONE
08-03 20:29:21.960 10424 10424 D AndroidRuntime: Calling main entry com.android.commands.input.Input
08-03 20:29:21.962 10424 10424 I Input   : injectMotionEvent: MotionEvent { action=ACTION_DOWN, actionButton=0, id[0]=0, x[0]=117.0, y[0]=170.0, toolType[0]=TOOL_TYPE_UNKNOWN, buttonState=0, metaState=0, flags=0x0, edgeFlags=0x0, pointerCount=1, historySize=0, eventTime=649778374, downTime=649778374, deviceId=0, source=0x1002 }
08-03 20:29:21.968 10424 10424 I Input   : injectMotionEvent: MotionEvent { action=ACTION_UP, actionButton=0, id[0]=0, x[0]=117.0, y[0]=170.0, toolType[0]=TOOL_TYPE_UNKNOWN, buttonState=0, metaState=0, flags=0x0, edgeFlags=0x0, pointerCount=1, historySize=0, eventTime=649778374, downTime=649778374, deviceId=0, source=0x1002 }
08-03 20:29:21.973 10424 10424 D AndroidRuntime: Shutting down VM
08-03 20:29:21.987   512  2967 D audio_hw_primary: out_set_parameters: enter: usecase(1: low-latency-playback) kvpairs: routing=2
08-03 20:29:22.000   512  2967 D audio_hw_primary: select_devices: out_snd_device(2: speaker) in_snd_device(0: none)
08-03 20:29:22.000   512  2967 D msm8974_platform: platform_send_audio_calibration: sending audio calibration for snd_device(2) acdb_id(15)
08-03 20:29:22.001   512  2967 I soundtrigger: audio_extn_sound_trigger_update_device_status: device 0x2 of type 0 for Event 1
08-03 20:29:22.011   512  2967 D audio_hw_primary: enable_snd_device: snd_device(2: speaker)
08-03 20:29:22.014   512  2967 D audio_hw_primary: enable_audio_route: apply and update mixer path: low-latency-playback speaker
08-03 20:29:22.159  9229  9241 I art     : Starting a blocking GC Explicit
08-03 20:29:22.173  9822  9822 I ServiceManager: Waiting for service AtCmdFwd...
08-03 20:29:22.204  9229  9241 I art     : Explicit concurrent mark sweep GC freed 2436(115KB) AllocSpace objects, 2(40KB) LOS objects, 28% free, 40MB/56MB, paused 1.026ms total 44.764ms
08-03 20:29:22.221  9229  9241 I art     : Starting a blocking GC Explicit
08-03 20:29:22.258  9229  9241 I art     : Explicit concurrent mark sweep GC freed 120(2992B) AllocSpace objects, 0(0B) LOS objects, 28% free, 40MB/56MB, paused 967us total 36.010ms
08-03 20:29:22.274  9229  9241 I art     : Starting a blocking GC Explicit
08-03 20:29:22.310  9229  9241 I art     : Explicit concurrent mark sweep GC freed 77(1360B) AllocSpace objects, 0(0B) LOS objects, 28% free, 40MB/56MB, paused 912us total 35.841ms
08-03 20:29:22.326  9229  9241 I art     : Starting a blocking GC Explicit
08-03 20:29:22.363  9229  9241 I art     : Explicit concurrent mark sweep GC freed 75(1296B) AllocSpace objects, 0(0B) LOS objects, 28% free, 40MB/56MB, paused 940us total 36.246ms
08-03 20:29:22.379  9229  9241 I art     : Starting a blocking GC Explicit
08-03 20:29:22.418  9229  9241 I art     : Explicit concurrent mark sweep GC freed 97(1648B) AllocSpace objects, 0(0B) LOS objects, 28% free, 40MB/56MB, paused 1.047ms total 38.258ms
08-03 20:29:22.550   512  2967 D audio_hw_primary: disable_audio_route: reset and update mixer path: low-latency-playback speaker
08-03 20:29:22.552   512  2967 D audio_hw_primary: disable_snd_device: snd_device(2: speaker)
08-03 20:29:22.560   512  2967 I soundtrigger: audio_extn_sound_trigger_update_device_status: device 0x2 of type 0 for Event 0
08-03 20:29:22.716 10459 10459 D AndroidRuntime: >>>>>> START com.android.internal.os.RuntimeInit uid 2000 <<<<<<
08-03 20:29:22.722 10459 10459 D AndroidRuntime: CheckJNI is OFF
08-03 20:29:22.765 10459 10459 D ICU     : No timezone override file found: /data/misc/zoneinfo/current/icu/icu_tzdata.dat
08-03 20:29:22.790  9229  9241 I art     : Starting a blocking GC Explicit
08-03 20:29:22.807 10459 10459 I Radio-JNI: register_android_hardware_Radio DONE
08-03 20:29:22.832  9229  9241 I art     : Explicit concurrent mark sweep GC freed 2014(92KB) AllocSpace objects, 2(40KB) LOS objects, 28% free, 40MB/56MB, paused 976us total 41.153ms
08-03 20:29:22.837 10459 10459 D AndroidRuntime: Calling main entry com.android.commands.input.Input
08-03 20:29:22.839 10459 10459 I Input   : injectMotionEvent: MotionEvent { action=ACTION_DOWN, actionButton=0, id[0]=0, x[0]=355.0, y[0]=1674.0, toolType[0]=TOOL_TYPE_UNKNOWN, buttonState=0, metaState=0, flags=0x0, edgeFlags=0x0, pointerCount=1, historySize=0, eventTime=649779251, downTime=649779251, deviceId=0, source=0x1002 }
08-03 20:29:22.844 10459 10459 I Input   : injectMotionEvent: MotionEvent { action=ACTION_UP, actionButton=0, id[0]=0, x[0]=355.0, y[0]=1674.0, toolType[0]=TOOL_TYPE_UNKNOWN, buttonState=0, metaState=0, flags=0x0, edgeFlags=0x0, pointerCount=1, historySize=0, eventTime=649779251, downTime=649779251, deviceId=0, source=0x1002 }
08-03 20:29:22.847 10459 10459 D AndroidRuntime: Shutting down VM
08-03 20:29:22.849  9229  9241 I art     : Starting a blocking GC Explicit
08-03 20:29:22.854   512  2967 D audio_hw_primary: out_set_parameters: enter: usecase(1: low-latency-playback) kvpairs: routing=2
08-03 20:29:22.867   512  2967 D audio_hw_primary: select_devices: out_snd_device(2: speaker) in_snd_device(0: none)
08-03 20:29:22.867   512  2967 D msm8974_platform: platform_send_audio_calibration: sending audio calibration for snd_device(2) acdb_id(15)
08-03 20:29:22.867   512  2967 I soundtrigger: audio_extn_sound_trigger_update_device_status: device 0x2 of type 0 for Event 1
08-03 20:29:22.877   512  2967 D audio_hw_primary: enable_snd_device: snd_device(2: speaker)
08-03 20:29:22.878   512  2967 D audio_hw_primary: enable_audio_route: apply and update mixer path: low-latency-playback speaker
08-03 20:29:22.889  9229  9241 I art     : Explicit concurrent mark sweep GC freed 514(25KB) AllocSpace objects, 0(0B) LOS objects, 27% free, 42MB/58MB, paused 1.037ms total 39.547ms
08-03 20:29:22.906  9229  9241 I art     : Starting a blocking GC Explicit
08-03 20:29:22.924   512  2967 D AudioFlinger: mixer(0xf4740000) throttle end: throttle time(12)
08-03 20:29:22.943  9229  9241 I art     : Explicit concurrent mark sweep GC freed 1375(141KB) AllocSpace objects, 0(0B) LOS objects, 23% free, 50MB/66MB, paused 1.004ms total 36.851ms
08-03 20:29:22.959  9229  9241 I art     : Starting a blocking GC Explicit
08-03 20:29:22.999  9229  9241 I art     : Explicit concurrent mark sweep GC freed 4(128B) AllocSpace objects, 0(0B) LOS objects, 23% free, 50MB/66MB, paused 1.056ms total 39.258ms
08-03 20:29:23.015  9229  9241 I art     : Waiting for a blocking GC Explicit
08-03 20:29:23.024  9229  9241 I art     : WaitForGcToComplete blocked for 8.538ms for cause Explicit
08-03 20:29:23.024  9229  9241 I art     : Starting a blocking GC Explicit
08-03 20:29:23.061  9229  9241 I art     : Explicit concurrent mark sweep GC freed 9(336B) AllocSpace objects, 0(0B) LOS objects, 17% free, 73MB/89MB, paused 976us total 37.541ms
08-03 20:29:23.062  9229  9239 I art     : WaitForGcToComplete blocked for 37.844ms for cause Background
08-03 20:29:23.174  9822  9822 W Atfwd_Sendcmd: AtCmdFwd service not published, waiting... retryCnt : 3
08-03 20:29:23.418   512  2967 D audio_hw_primary: disable_audio_route: reset and update mixer path: low-latency-playback speaker
08-03 20:29:23.419  9229  9705 I art     : Starting a blocking GC Explicit
08-03 20:29:23.419   512  2967 D audio_hw_primary: disable_snd_device: snd_device(2: speaker)
08-03 20:29:23.428   512  2967 I soundtrigger: audio_extn_sound_trigger_update_device_status: device 0x2 of type 0 for Event 0
08-03 20:29:23.459  9229  9705 I art     : Explicit concurrent mark sweep GC freed 21(1744B) AllocSpace objects, 0(0B) LOS objects, 12% free, 115MB/131MB, paused 1.062ms total 39.392ms
08-03 20:29:23.475  9229  9705 I art     : Starting a blocking GC Explicit
08-03 20:29:23.514  9229  9705 I art     : Explicit concurrent mark sweep GC freed 3(96B) AllocSpace objects, 0(0B) LOS objects, 12% free, 115MB/131MB, paused 954us total 37.968ms
08-03 20:29:23.530  9229  9705 I art     : Starting a blocking GC Explicit
08-03 20:29:23.567  9229  9705 I art     : Explicit concurrent mark sweep GC freed 3(96B) AllocSpace objects, 0(0B) LOS objects, 12% free, 115MB/131MB, paused 950us total 36.007ms
08-03 20:29:23.583  9229  9705 I art     : Starting a blocking GC Explicit
08-03 20:29:23.622  9229  9705 I art     : Explicit concurrent mark sweep GC freed 4(128B) AllocSpace objects, 0(0B) LOS objects, 10% free, 134MB/150MB, paused 1.012ms total 38.315ms
08-03 20:29:23.639  9229  9705 I art     : Starting a blocking GC Explicit
08-03 20:29:23.678  9229  9705 I art     : Explicit concurrent mark sweep GC freed 6(240B) AllocSpace objects, 0(0B) LOS objects, 10% free, 134MB/150MB, paused 1.085ms total 38.764ms
08-03 20:29:23.766  9229  9229 I Choreographer: Skipped 54 frames!  The application may be doing too much work on its main thread.
08-03 20:29:23.767  9229  9229 V MainActivity: url = https://project-travel-mate.herokuapp.com/api/number-of-unread-notifications
08-03 20:29:24.060  9229  9241 I art     : Starting a blocking GC Explicit
08-03 20:29:24.112  9229  9241 I art     : Explicit concurrent mark sweep GC freed 3191(150KB) AllocSpace objects, 11(288KB) LOS objects, 10% free, 134MB/150MB, paused 1.129ms total 51.065ms
08-03 20:29:24.132  9229  9241 I art     : Starting a blocking GC Explicit
08-03 20:29:24.175  9229  9241 I art     : Explicit concurrent mark sweep GC freed 919(53KB) AllocSpace objects, 0(0B) LOS objects, 10% free, 134MB/150MB, paused 1.009ms total 42.668ms
08-03 20:29:24.192  9229  9241 I art     : Starting a blocking GC Explicit
08-03 20:29:24.235  9229  9241 I art     : Explicit concurrent mark sweep GC freed 659(55KB) AllocSpace objects, 2(120KB) LOS objects, 10% free, 134MB/150MB, paused 1.206ms total 42.136ms
08-03 20:29:24.252  9229  9241 I art     : Starting a blocking GC Explicit
08-03 20:29:24.291  9229  9241 I art     : Explicit concurrent mark sweep GC freed 2017(94KB) AllocSpace objects, 1(80KB) LOS objects, 10% free, 134MB/150MB, paused 1.024ms total 39.051ms
08-03 20:29:24.308  9229  9241 I art     : Starting a blocking GC Explicit
08-03 20:29:24.311  9229 10491 I NAPPA_EXPERIMENTATION: MetricNetworkRequestExecutionTime: REQUEST_DURATION_SYSTEM='543',REQUEST_DURATION_OKHTTP='43',REQUEST_SYNCHRONOUS='FALSE',RESPONSE_CODE='200',RESPONSE_METHOD='GET',RESPONSE_LENGTH_OKHTTP='36',RESPONSE_LENGTH_HEADER='36',REQUEST_PROTOCOL='http/1.1',REQUEST_URL='https://project-travel-mate.herokuapp.com/api/number-of-unread-notifications',
08-03 20:29:24.349  9229  9241 I art     : Explicit concurrent mark sweep GC freed 957(110KB) AllocSpace objects, 0(0B) LOS objects, 10% free, 134MB/150MB, paused 997us total 40.924ms
08-03 20:29:24.737  9229  9705 I art     : Starting a blocking GC Explicit
08-03 20:29:24.791  9229  9705 I art     : Explicit concurrent mark sweep GC freed 1589(90KB) AllocSpace objects, 2(36KB) LOS objects, 10% free, 134MB/150MB, paused 1.088ms total 53.866ms
08-03 20:29:24.812  9229  9705 I art     : Starting a blocking GC Explicit
08-03 20:29:24.856  9229  9705 I art     : Explicit concurrent mark sweep GC freed 32(1328B) AllocSpace objects, 0(0B) LOS objects, 10% free, 134MB/150MB, paused 904us total 44.099ms
08-03 20:29:24.873  9229  9705 I art     : Starting a blocking GC Explicit
08-03 20:29:24.920  9229  9705 I art     : Explicit concurrent mark sweep GC freed 3(96B) AllocSpace objects, 0(0B) LOS objects, 10% free, 134MB/150MB, paused 1.006ms total 46.870ms
08-03 20:29:24.938  9229  9705 I art     : Starting a blocking GC Explicit
08-03 20:29:24.983  9229  9705 I art     : Explicit concurrent mark sweep GC freed 3(96B) AllocSpace objects, 0(0B) LOS objects, 10% free, 134MB/150MB, paused 932us total 44.773ms
08-03 20:29:25.000  9229  9705 I art     : Starting a blocking GC Explicit
08-03 20:29:25.048  9229  9705 I art     : Explicit concurrent mark sweep GC freed 3(96B) AllocSpace objects, 0(0B) LOS objects, 10% free, 134MB/150MB, paused 1.122ms total 47.311ms
08-03 20:29:25.426  9229  9240 I art     : Starting a blocking GC Explicit
08-03 20:29:25.471  9229  9240 I art     : Explicit concurrent mark sweep GC freed 1437(83KB) AllocSpace objects, 2(36KB) LOS objects, 10% free, 134MB/150MB, paused 1.222ms total 43.889ms
08-03 20:29:25.487  9229  9240 I art     : Starting a blocking GC Explicit
08-03 20:29:25.530  9229  9240 I art     : Explicit concurrent mark sweep GC freed 30(1040B) AllocSpace objects, 0(0B) LOS objects, 10% free, 134MB/150MB, paused 1.146ms total 41.984ms
08-03 20:29:25.548  9229  9240 I art     : Starting a blocking GC Explicit
08-03 20:29:25.590  9229  9240 I art     : Explicit concurrent mark sweep GC freed 10(320B) AllocSpace objects, 0(0B) LOS objects, 10% free, 134MB/150MB, paused 943us total 41.751ms
08-03 20:29:25.607  9229  9240 I art     : Starting a blocking GC Explicit
08-03 20:29:25.650  9229  9240 I art     : Explicit concurrent mark sweep GC freed 6(192B) AllocSpace objects, 0(0B) LOS objects, 10% free, 134MB/150MB, paused 1.121ms total 42.222ms
08-03 20:29:25.667  9229  9240 I art     : Starting a blocking GC Explicit
08-03 20:29:25.681 10521 10521 D AndroidRuntime: >>>>>> START com.android.internal.os.RuntimeInit uid 2000 <<<<<<
08-03 20:29:25.687 10521 10521 D AndroidRuntime: CheckJNI is OFF
08-03 20:29:25.707  9229  9240 I art     : Explicit concurrent mark sweep GC freed 3(96B) AllocSpace objects, 0(0B) LOS objects, 10% free, 134MB/150MB, paused 1.004ms total 39.757ms
08-03 20:29:25.734 10521 10521 D ICU     : No timezone override file found: /data/misc/zoneinfo/current/icu/icu_tzdata.dat
08-03 20:29:25.778 10521 10521 I Radio-JNI: register_android_hardware_Radio DONE
08-03 20:29:25.808 10521 10521 D AndroidRuntime: Calling main entry com.android.commands.input.Input
08-03 20:29:25.810 10521 10521 I Input   : injectMotionEvent: MotionEvent { action=ACTION_DOWN, actionButton=0, id[0]=0, x[0]=747.0, y[0]=608.0, toolType[0]=TOOL_TYPE_UNKNOWN, buttonState=0, metaState=0, flags=0x0, edgeFlags=0x0, pointerCount=1, historySize=0, eventTime=649782222, downTime=649782222, deviceId=0, source=0x1002 }
08-03 20:29:25.815 10521 10521 I Input   : injectMotionEvent: MotionEvent { action=ACTION_UP, actionButton=0, id[0]=0, x[0]=747.0, y[0]=608.0, toolType[0]=TOOL_TYPE_UNKNOWN, buttonState=0, metaState=0, flags=0x0, edgeFlags=0x0, pointerCount=1, historySize=0, eventTime=649782222, downTime=649782222, deviceId=0, source=0x1002 }
08-03 20:29:25.817 10521 10521 D AndroidRuntime: Shutting down VM
08-03 20:29:25.819   918  4413 I ActivityManager: START u0 {cmp=baseline.io.github.project_travel_mate/.utilities.ChecklistActivity} from uid 10623 on display 0
08-03 20:29:25.820   512  2967 D audio_hw_primary: out_set_parameters: enter: usecase(1: low-latency-playback) kvpairs: routing=2
08-03 20:29:25.834   512  2967 D audio_hw_primary: select_devices: out_snd_device(2: speaker) in_snd_device(0: none)
08-03 20:29:25.834   512  2967 D msm8974_platform: platform_send_audio_calibration: sending audio calibration for snd_device(2) acdb_id(15)
08-03 20:29:25.834   512  2967 I soundtrigger: audio_extn_sound_trigger_update_device_status: device 0x2 of type 0 for Event 1
08-03 20:29:25.847   512  2967 D audio_hw_primary: enable_snd_device: snd_device(2: speaker)
08-03 20:29:25.849   512  2967 D audio_hw_primary: enable_audio_route: apply and update mixer path: low-latency-playback speaker
08-03 20:29:25.945   918   936 I ActivityManager: Displayed baseline.io.github.project_travel_mate/.utilities.ChecklistActivity: +118ms
08-03 20:29:25.946 13866 13866 I GoogleInputMethodServic: GoogleInputMethodService.onFinishInput():3138 
08-03 20:29:25.946 13866 13866 I GoogleInputMethodServic: GoogleInputMethodService.onStartInput():1808 
08-03 20:29:26.084  9229  9247 I art     : Starting a blocking GC Explicit
08-03 20:29:26.140  9229  9247 I art     : Explicit concurrent mark sweep GC freed 3194(288KB) AllocSpace objects, 2(36KB) LOS objects, 10% free, 135MB/151MB, paused 1.420ms total 55.761ms
08-03 20:29:26.163  9229  9247 I art     : Starting a blocking GC Explicit
08-03 20:29:26.206  9229  9247 I art     : Explicit concurrent mark sweep GC freed 416(17KB) AllocSpace objects, 0(0B) LOS objects, 10% free, 135MB/151MB, paused 1.115ms total 43.039ms
08-03 20:29:26.226  9229  9247 I art     : Starting a blocking GC Explicit
08-03 20:29:26.239   380   380 W SurfaceFlinger: couldn't log to binary event log: overflow.
08-03 20:29:26.275  9229  9247 I art     : Explicit concurrent mark sweep GC freed 3(96B) AllocSpace objects, 0(0B) LOS objects, 10% free, 135MB/151MB, paused 983us total 48.866ms
08-03 20:29:26.291  9229  9247 I art     : Starting a blocking GC Explicit
08-03 20:29:26.329  9229  9247 I art     : Explicit concurrent mark sweep GC freed 35(1280B) AllocSpace objects, 0(0B) LOS objects, 10% free, 135MB/151MB, paused 1.127ms total 37.403ms
08-03 20:29:26.345  9229  9247 I art     : Starting a blocking GC Explicit
08-03 20:29:26.378   512  2967 D audio_hw_primary: disable_audio_route: reset and update mixer path: low-latency-playback speaker
08-03 20:29:26.379   512  2967 D audio_hw_primary: disable_snd_device: snd_device(2: speaker)
08-03 20:29:26.385  9229  9247 I art     : Explicit concurrent mark sweep GC freed 23(1264B) AllocSpace objects, 0(0B) LOS objects, 10% free, 135MB/151MB, paused 1.070ms total 39.177ms
08-03 20:29:26.387   512  2967 I soundtrigger: audio_extn_sound_trigger_update_device_status: device 0x2 of type 0 for Event 0
08-03 20:29:26.788  9229  9240 I art     : Starting a blocking GC Explicit
08-03 20:29:26.850  9229  9240 I art     : Explicit concurrent mark sweep GC freed 1628(94KB) AllocSpace objects, 2(36KB) LOS objects, 10% free, 135MB/151MB, paused 1.374ms total 62.035ms
08-03 20:29:26.871  9229  9240 I art     : Starting a blocking GC Explicit
08-03 20:29:26.916  9229  9240 I art     : Explicit concurrent mark sweep GC freed 65(2304B) AllocSpace objects, 0(0B) LOS objects, 10% free, 135MB/151MB, paused 1.181ms total 44.531ms
08-03 20:29:26.936  9229  9240 I art     : Starting a blocking GC Explicit
08-03 20:29:26.982  9229  9240 I art     : Explicit concurrent mark sweep GC freed 3(96B) AllocSpace objects, 0(0B) LOS objects, 10% free, 135MB/151MB, paused 1.108ms total 45.554ms
08-03 20:29:26.999  9229  9240 I art     : Starting a blocking GC Explicit
08-03 20:29:27.045  9229  9240 I art     : Explicit concurrent mark sweep GC freed 3(96B) AllocSpace objects, 0(0B) LOS objects, 10% free, 135MB/151MB, paused 1.152ms total 45.866ms
08-03 20:29:27.066  9229  9240 I art     : Starting a blocking GC Explicit
08-03 20:29:27.093   518   646 I ThermalEngine: ACTION: GPU - Setting GPU[0] to 390000000
08-03 20:29:27.127  9229  9240 I art     : Explicit concurrent mark sweep GC freed 3(96B) AllocSpace objects, 0(0B) LOS objects, 10% free, 135MB/151MB, paused 1.598ms total 60.823ms
08-03 20:29:27.585  9229 10127 I art     : Starting a blocking GC Explicit
08-03 20:29:27.661  9229 10127 I art     : Explicit concurrent mark sweep GC freed 1640(95KB) AllocSpace objects, 2(36KB) LOS objects, 10% free, 135MB/151MB, paused 1.914ms total 74.961ms
08-03 20:29:27.685  9229 10127 I art     : Starting a blocking GC Explicit
08-03 20:29:27.740  9229 10127 I art     : Explicit concurrent mark sweep GC freed 55(2368B) AllocSpace objects, 0(0B) LOS objects, 10% free, 135MB/151MB, paused 1.719ms total 54.702ms
08-03 20:29:27.763  9229 10127 I art     : Starting a blocking GC Explicit
08-03 20:29:27.823  9229 10127 I art     : Explicit concurrent mark sweep GC freed 3(96B) AllocSpace objects, 0(0B) LOS objects, 10% free, 135MB/151MB, paused 1.895ms total 59.272ms
08-03 20:29:27.850  9229 10127 I art     : Starting a blocking GC Explicit
08-03 20:29:27.916  9229 10127 I art     : Explicit concurrent mark sweep GC freed 34(928B) AllocSpace objects, 0(0B) LOS objects, 10% free, 135MB/151MB, paused 1.886ms total 65.152ms
08-03 20:29:27.943  9229 10127 I art     : Starting a blocking GC Explicit
08-03 20:29:27.998  9229 10127 I art     : Explicit concurrent mark sweep GC freed 3(96B) AllocSpace objects, 0(0B) LOS objects, 10% free, 135MB/151MB, paused 1.737ms total 54.716ms
08-03 20:29:28.091   518   646 I ThermalEngine: ACTION: GPU - Setting GPU[0] to 450000000
08-03 20:29:28.417  9229  9241 I art     : Starting a blocking GC Explicit
08-03 20:29:28.480  9229  9241 I art     : Explicit concurrent mark sweep GC freed 1619(94KB) AllocSpace objects, 2(36KB) LOS objects, 10% free, 135MB/151MB, paused 1.230ms total 62.756ms
08-03 20:29:28.501  9229  9241 I art     : Starting a blocking GC Explicit
08-03 20:29:28.544  9229  9241 I art     : Explicit concurrent mark sweep GC freed 30(1104B) AllocSpace objects, 0(0B) LOS objects, 10% free, 135MB/151MB, paused 1.005ms total 42.911ms
08-03 20:29:28.561  9229  9241 I art     : Starting a blocking GC Explicit
08-03 20:29:28.601  9229  9241 I art     : Explicit concurrent mark sweep GC freed 3(96B) AllocSpace objects, 0(0B) LOS objects, 10% free, 135MB/151MB, paused 1.014ms total 39.029ms
08-03 20:29:28.617  9229  9241 I art     : Starting a blocking GC Explicit
08-03 20:29:28.659  9229  9241 I art     : Explicit concurrent mark sweep GC freed 3(96B) AllocSpace objects, 0(0B) LOS objects, 10% free, 135MB/151MB, paused 1.116ms total 41.891ms
08-03 20:29:28.676  9229  9241 I art     : Starting a blocking GC Explicit
08-03 20:29:28.720  9229  9241 I art     : Explicit concurrent mark sweep GC freed 3(96B) AllocSpace objects, 0(0B) LOS objects, 10% free, 135MB/151MB, paused 1.115ms total 43.628ms
08-03 20:29:29.152  9229  9705 I art     : Starting a blocking GC Explicit
08-03 20:29:29.206  9229  9705 I art     : Explicit concurrent mark sweep GC freed 1650(95KB) AllocSpace objects, 2(36KB) LOS objects, 10% free, 135MB/151MB, paused 1.010ms total 53.244ms
08-03 20:29:29.224  9229  9705 I art     : Starting a blocking GC Explicit
08-03 20:29:29.274  9229  9705 I art     : Explicit concurrent mark sweep GC freed 30(1104B) AllocSpace objects, 0(0B) LOS objects, 10% free, 135MB/151MB, paused 1.145ms total 50.001ms
08-03 20:29:29.295  9229  9705 I art     : Starting a blocking GC Explicit
08-03 20:29:29.341  9229  9705 I art     : Explicit concurrent mark sweep GC freed 3(96B) AllocSpace objects, 0(0B) LOS objects, 10% free, 135MB/151MB, paused 1.150ms total 46.172ms
08-03 20:29:29.359  9229  9705 I art     : Starting a blocking GC Explicit
08-03 20:29:29.407  9229  9705 I art     : Explicit concurrent mark sweep GC freed 3(96B) AllocSpace objects, 0(0B) LOS objects, 10% free, 135MB/151MB, paused 1.201ms total 47.988ms
08-03 20:29:29.425  9229  9705 I art     : Starting a blocking GC Explicit
08-03 20:29:29.474  9229  9705 I art     : Explicit concurrent mark sweep GC freed 3(96B) AllocSpace objects, 0(0B) LOS objects, 10% free, 135MB/151MB, paused 1.083ms total 48.521ms
08-03 20:29:29.897  9229  9247 I art     : Starting a blocking GC Explicit
08-03 20:29:29.955  9229  9247 I art     : Explicit concurrent mark sweep GC freed 1653(95KB) AllocSpace objects, 2(36KB) LOS objects, 10% free, 135MB/151MB, paused 1.193ms total 58.298ms
08-03 20:29:29.975  9229  9247 I art     : Starting a blocking GC Explicit
08-03 20:29:30.023  9229  9247 I art     : Explicit concurrent mark sweep GC freed 30(1104B) AllocSpace objects, 0(0B) LOS objects, 10% free, 135MB/151MB, paused 1.257ms total 48.070ms
08-03 20:29:30.044  9229  9247 I art     : Starting a blocking GC Explicit
08-03 20:29:30.088  9229  9247 I art     : Explicit concurrent mark sweep GC freed 3(96B) AllocSpace objects, 0(0B) LOS objects, 10% free, 135MB/151MB, paused 1.114ms total 44.017ms
08-03 20:29:30.106  9229  9247 I art     : Starting a blocking GC Explicit
08-03 20:29:30.148  9229  9247 I art     : Explicit concurrent mark sweep GC freed 3(96B) AllocSpace objects, 0(0B) LOS objects, 10% free, 135MB/151MB, paused 1.201ms total 42.086ms
08-03 20:29:30.165  9229  9247 I art     : Starting a blocking GC Explicit
08-03 20:29:30.207  9229  9247 I art     : Explicit concurrent mark sweep GC freed 3(96B) AllocSpace objects, 0(0B) LOS objects, 10% free, 135MB/151MB, paused 1.110ms total 41.864ms
08-03 20:29:30.627 10613 10613 D AndroidRuntime: >>>>>> START com.android.internal.os.RuntimeInit uid 2000 <<<<<<
08-03 20:29:30.631  9229  9240 I art     : Starting a blocking GC Explicit
08-03 20:29:30.634 10613 10613 D AndroidRuntime: CheckJNI is OFF
08-03 20:29:30.679  9229  9240 I art     : Explicit concurrent mark sweep GC freed 1642(95KB) AllocSpace objects, 2(36KB) LOS objects, 10% free, 135MB/151MB, paused 1.229ms total 47.950ms
08-03 20:29:30.680 10613 10613 D ICU     : No timezone override file found: /data/misc/zoneinfo/current/icu/icu_tzdata.dat
08-03 20:29:30.697  9229  9240 I art     : Starting a blocking GC Explicit
08-03 20:29:30.713   918  3261 D WifiStateMachine: starting scan for "H369AA63323"WPA_PSK with 2412,5180
08-03 20:29:30.727 10613 10613 I Radio-JNI: register_android_hardware_Radio DONE
08-03 20:29:30.741  9229  9240 I art     : Explicit concurrent mark sweep GC freed 48(2096B) AllocSpace objects, 0(0B) LOS objects, 10% free, 135MB/151MB, paused 1.165ms total 43.488ms
08-03 20:29:30.757 10613 10613 D AndroidRuntime: Calling main entry com.android.commands.input.Input
08-03 20:29:30.758  9229  9240 I art     : Starting a blocking GC Explicit
08-03 20:29:30.759 10613 10613 I Input   : injectKeyEvent: KeyEvent { action=ACTION_DOWN, keyCode=KEYCODE_BACK, scanCode=0, metaState=0, flags=0x0, repeatCount=0, eventTime=649787172, downTime=649787172, deviceId=-1, source=0x101 }
08-03 20:29:30.766 10613 10613 I Input   : injectKeyEvent: KeyEvent { action=ACTION_UP, keyCode=KEYCODE_BACK, scanCode=0, metaState=0, flags=0x0, repeatCount=0, eventTime=649787172, downTime=649787172, deviceId=-1, source=0x101 }
08-03 20:29:30.773 10613 10613 D AndroidRuntime: Shutting down VM
08-03 20:29:30.789  9229  9229 V MainActivity: url = https://project-travel-mate.herokuapp.com/api/number-of-unread-notifications
08-03 20:29:30.800  9229  9240 I art     : Explicit concurrent mark sweep GC freed 294(12KB) AllocSpace objects, 0(0B) LOS objects, 10% free, 135MB/151MB, paused 1.259ms total 41.219ms
08-03 20:29:30.817  9229  9240 I art     : Starting a blocking GC Explicit
08-03 20:29:30.822 13866 13866 I GoogleInputMethodServic: GoogleInputMethodService.onFinishInput():3138 
08-03 20:29:30.823 13866 13866 I GoogleInputMethodServic: GoogleInputMethodService.onStartInput():1808 
08-03 20:29:30.859  9229  9240 I art     : Explicit concurrent mark sweep GC freed 101(3KB) AllocSpace objects, 0(0B) LOS objects, 10% free, 135MB/151MB, paused 1.649ms total 41.913ms
08-03 20:29:30.876  9229  9240 I art     : Starting a blocking GC Explicit
08-03 20:29:30.916  9229  9240 I art     : Explicit concurrent mark sweep GC freed 138(6KB) AllocSpace objects, 0(0B) LOS objects, 10% free, 135MB/151MB, paused 1.078ms total 39.711ms
08-03 20:29:31.106   380   380 W SurfaceFlinger: couldn't log to binary event log: overflow.
08-03 20:29:31.245  5179  5194 D QcrilMsgTunnelSocket: readRilMessage: Buffer = [B@671e81d HexData = [010000000404000011000000514f454d484f4f4bef0308000100000003]
08-03 20:29:31.245  5179  5194 D QcrilMsgTunnelSocket: Rcvd UNSOL response with 28 bytes data for SUB0
08-03 20:29:31.245  5179  5194 D QcrilMsgTunnelSocket: Response ID 525295 is not served in this process.
08-03 20:29:31.245  5179  5194 D QcrilMsgTunnelSocket: To broadcast an Intent via the notifier to external apps
08-03 20:29:31.245  5179  5179 D QcrilMsgTunnelIfaceManager: handleMessage what = 0
08-03 20:29:31.246  5179  5179 D QcrilMsgTunnelIfaceManager: Broadcasting intent ACTION_UNSOL_RESPONSE_OEM_HOOK_RAW
08-03 20:29:31.249  5164  5164 D QC_RIL_OEM_HOOK: Received Broadcast Intent ACTION_UNSOL_RESPONSE_OEM_HOOK_RAW
08-03 20:29:31.250  5164  5164 D QC_RIL_OEM_HOOK: Oem ID in QCRILHOOK UNSOL RESP is QOEMHOOK
08-03 20:29:31.278  9229  9240 I art     : Starting a blocking GC Explicit
08-03 20:29:31.321  9229  9240 I art     : Explicit concurrent mark sweep GC freed 4583(245KB) AllocSpace objects, 5(236KB) LOS objects, 10% free, 135MB/151MB, paused 1.356ms total 42.495ms
08-03 20:29:31.338  9229  9240 I art     : Starting a blocking GC Explicit
08-03 20:29:31.363  9229 10636 I NAPPA_EXPERIMENTATION: MetricNetworkRequestExecutionTime: REQUEST_DURATION_SYSTEM='572',REQUEST_DURATION_OKHTTP='39',REQUEST_SYNCHRONOUS='FALSE',RESPONSE_CODE='200',RESPONSE_METHOD='GET',RESPONSE_LENGTH_OKHTTP='36',RESPONSE_LENGTH_HEADER='36',REQUEST_PROTOCOL='http/1.1',REQUEST_URL='https://project-travel-mate.herokuapp.com/api/number-of-unread-notifications',
08-03 20:29:31.380  9229  9240 I art     : Explicit concurrent mark sweep GC freed 1286(137KB) AllocSpace objects, 0(0B) LOS objects, 10% free, 135MB/151MB, paused 1.152ms total 41.930ms
08-03 20:29:31.396  9229  9240 I art     : Starting a blocking GC Explicit
08-03 20:29:31.440  9229  9240 I art     : Explicit concurrent mark sweep GC freed 69(2736B) AllocSpace objects, 0(0B) LOS objects, 10% free, 135MB/151MB, paused 1.090ms total 43.865ms
08-03 20:29:31.458  9229  9240 I art     : Starting a blocking GC Explicit
08-03 20:29:31.503  9229  9240 I art     : Explicit concurrent mark sweep GC freed 86(3KB) AllocSpace objects, 0(0B) LOS objects, 10% free, 135MB/151MB, paused 1.106ms total 44.505ms
08-03 20:29:31.520  9229  9240 I art     : Starting a blocking GC Explicit
08-03 20:29:31.565  9229  9240 I art     : Explicit concurrent mark sweep GC freed 3(96B) AllocSpace objects, 0(0B) LOS objects, 10% free, 135MB/151MB, paused 1.111ms total 44.857ms
08-03 20:29:31.972  9229 10127 I art     : Starting a blocking GC Explicit
08-03 20:29:32.028  9229 10127 I art     : Explicit concurrent mark sweep GC freed 1650(95KB) AllocSpace objects, 2(36KB) LOS objects, 10% free, 135MB/151MB, paused 1.185ms total 55.999ms
08-03 20:29:32.046  9229 10127 I art     : Starting a blocking GC Explicit
08-03 20:29:32.089  9229 10127 I art     : Explicit concurrent mark sweep GC freed 30(1104B) AllocSpace objects, 0(0B) LOS objects, 10% free, 135MB/151MB, paused 1.075ms total 42.695ms
08-03 20:29:32.105  9229 10127 I art     : Starting a blocking GC Explicit
08-03 20:29:32.149  9229 10127 I art     : Explicit concurrent mark sweep GC freed 3(96B) AllocSpace objects, 0(0B) LOS objects, 10% free, 135MB/151MB, paused 1.158ms total 42.963ms
08-03 20:29:32.166  9229 10127 I art     : Starting a blocking GC Explicit
08-03 20:29:32.209  9229 10127 I art     : Explicit concurrent mark sweep GC freed 7(224B) AllocSpace objects, 0(0B) LOS objects, 10% free, 135MB/151MB, paused 1.135ms total 43.191ms
08-03 20:29:32.226  9229 10127 I art     : Starting a blocking GC Explicit
08-03 20:29:32.270  9229 10127 I art     : Explicit concurrent mark sweep GC freed 12(576B) AllocSpace objects, 0(0B) LOS objects, 10% free, 135MB/151MB, paused 1.099ms total 43.592ms
08-03 20:29:32.565 10665 10665 D AndroidRuntime: >>>>>> START com.android.internal.os.RuntimeInit uid 2000 <<<<<<
08-03 20:29:32.571 10665 10665 D AndroidRuntime: CheckJNI is OFF
08-03 20:29:32.616 10665 10665 D ICU     : No timezone override file found: /data/misc/zoneinfo/current/icu/icu_tzdata.dat
08-03 20:29:32.662 10665 10665 I Radio-JNI: register_android_hardware_Radio DONE
08-03 20:29:32.681  9229  9247 I art     : Starting a blocking GC Explicit
08-03 20:29:32.692 10665 10665 D AndroidRuntime: Calling main entry com.android.commands.input.Input
08-03 20:29:32.696 10665 10665 I Input   : injectMotionEvent: MotionEvent { action=ACTION_DOWN, actionButton=0, id[0]=0, x[0]=657.0, y[0]=2037.0, toolType[0]=TOOL_TYPE_UNKNOWN, buttonState=0, metaState=0, flags=0x0, edgeFlags=0x0, pointerCount=1, historySize=0, eventTime=649789108, downTime=649789108, deviceId=0, source=0x1002 }
08-03 20:29:32.702 10665 10665 I Input   : injectMotionEvent: MotionEvent { action=ACTION_UP, actionButton=0, id[0]=0, x[0]=657.0, y[0]=2037.0, toolType[0]=TOOL_TYPE_UNKNOWN, buttonState=0, metaState=0, flags=0x0, edgeFlags=0x0, pointerCount=1, historySize=0, eventTime=649789108, downTime=649789108, deviceId=0, source=0x1002 }
08-03 20:29:32.704 10665 10665 D AndroidRuntime: Shutting down VM
08-03 20:29:32.707   512  2967 D audio_hw_primary: out_set_parameters: enter: usecase(1: low-latency-playback) kvpairs: routing=2
08-03 20:29:32.707   918   929 I ActivityManager: START u0 {cmp=baseline.io.github.project_travel_mate/.utilities.CompassActivity} from uid 10623 on display 0
08-03 20:29:32.720   512  2967 D audio_hw_primary: select_devices: out_snd_device(2: speaker) in_snd_device(0: none)
08-03 20:29:32.720   512  2967 D msm8974_platform: platform_send_audio_calibration: sending audio calibration for snd_device(2) acdb_id(15)
08-03 20:29:32.720   512  2967 I soundtrigger: audio_extn_sound_trigger_update_device_status: device 0x2 of type 0 for Event 1
08-03 20:29:32.732   512  2967 D audio_hw_primary: enable_snd_device: snd_device(2: speaker)
08-03 20:29:32.733  9229  9247 I art     : Explicit concurrent mark sweep GC freed 1741(104KB) AllocSpace objects, 2(36KB) LOS objects, 10% free, 135MB/151MB, paused 1.282ms total 51.219ms
08-03 20:29:32.736   512  2967 D audio_hw_primary: enable_audio_route: apply and update mixer path: low-latency-playback speaker
08-03 20:29:32.751  9229  9247 I art     : Starting a blocking GC Explicit
08-03 20:29:32.790  9229  9247 I art     : Explicit concurrent mark sweep GC freed 279(34KB) AllocSpace objects, 0(0B) LOS objects, 10% free, 135MB/151MB, paused 1.101ms total 39.223ms
08-03 20:29:32.808  9229  9247 I art     : Waiting for a blocking GC Explicit
08-03 20:29:32.817  9229  9247 I art     : WaitForGcToComplete blocked for 9.191ms for cause Explicit
08-03 20:29:32.817  9229  9247 I art     : Starting a blocking GC Explicit
08-03 20:29:32.859  9229  9247 I art     : Explicit concurrent mark sweep GC freed 154(6KB) AllocSpace objects, 0(0B) LOS objects, 7% free, 184MB/200MB, paused 1.191ms total 41.410ms
08-03 20:29:32.859  9229  9239 I art     : WaitForGcToComplete blocked for 41.674ms for cause Background
08-03 20:29:32.876  9229  9247 I art     : Starting a blocking GC Explicit
08-03 20:29:32.918  9229  9247 I art     : Explicit concurrent mark sweep GC freed 34(928B) AllocSpace objects, 0(0B) LOS objects, 7% free, 184MB/200MB, paused 1.177ms total 41.506ms
08-03 20:29:32.934  9229  9247 I art     : Starting a blocking GC Explicit
08-03 20:29:32.976  9229  9247 I art     : Explicit concurrent mark sweep GC freed 3(96B) AllocSpace objects, 0(0B) LOS objects, 7% free, 184MB/200MB, paused 1.154ms total 41.032ms
08-03 20:29:33.269   512  2967 D audio_hw_primary: disable_audio_route: reset and update mixer path: low-latency-playback speaker
08-03 20:29:33.271   512  2967 D audio_hw_primary: disable_snd_device: snd_device(2: speaker)
08-03 20:29:33.274  9229  9229 D CompassActivity: start compass
08-03 20:29:33.276   918  5952 I sensors : batch
08-03 20:29:33.276   918  5952 I sensors : activate
08-03 20:29:33.276   918  3359 I sensors : batch
08-03 20:29:33.276   918  3359 I sensors : activate
08-03 20:29:33.280   512  2967 I soundtrigger: audio_extn_sound_trigger_update_device_status: device 0x2 of type 0 for Event 0
08-03 20:29:33.280  9229  9229 I Choreographer: Skipped 32 frames!  The application may be doing too much work on its main thread.
08-03 20:29:33.283   918  3188 I hubconnection: sensorhub said: 'batch 1 flags:0, sampling_rate_Hz:50.00, max_report_latency_us:0'
08-03 20:29:33.284   918  3188 I hubconnection: sensorhub said: 'activate 1 enable:1'
08-03 20:29:33.286   918  3188 I hubconnection: sensorhub said: 'batch 3 flags:0, sampling_rate_Hz:50.00, max_report_latency_us:0'
08-03 20:29:33.287   918  3188 I hubconnection: sensorhub said: 'activate 3 enable:1'
08-03 20:29:33.338 13866 13866 I GoogleInputMethodServic: GoogleInputMethodService.onFinishInput():3138 
08-03 20:29:33.339 13866 13866 I GoogleInputMethodServic: GoogleInputMethodService.onStartInput():1808 
08-03 20:29:33.349  9229 10127 I art     : Starting a blocking GC Explicit
08-03 20:29:33.393  9229 10127 I art     : Explicit concurrent mark sweep GC freed 1876(107KB) AllocSpace objects, 2(36KB) LOS objects, 7% free, 187MB/203MB, paused 1.018ms total 44.338ms
08-03 20:29:33.412  9229 10127 I art     : Starting a blocking GC Explicit
08-03 20:29:33.450  9229 10127 I art     : Explicit concurrent mark sweep GC freed 77(3KB) AllocSpace objects, 0(0B) LOS objects, 7% free, 187MB/203MB, paused 1.155ms total 38.349ms
08-03 20:29:33.462  9229  9229 D CompassActivity: will set rotation from 0.0 to 178.30841
08-03 20:29:33.463  9229  9229 D CompassActivity: will set rotation from 178.30841 to 178.0564
08-03 20:29:33.463  9229  9229 D CompassActivity: will set rotation from 178.0564 to 178.04901
08-03 20:29:33.470  9229 10127 I art     : Starting a blocking GC Explicit
08-03 20:29:33.472   918   936 I ActivityManager: Displayed baseline.io.github.project_travel_mate/.utilities.CompassActivity: +751ms
08-03 20:29:33.509  9229 10127 I art     : Explicit concurrent mark sweep GC freed 27(2768B) AllocSpace objects, 0(0B) LOS objects, 7% free, 187MB/203MB, paused 1.100ms total 38.846ms
08-03 20:29:33.537  9229 10127 I art     : Starting a blocking GC Explicit
08-03 20:29:33.557  9229  9229 D CompassActivity: will set rotation from 178.04901 to 178.138
08-03 20:29:33.557  9229  9229 D CompassActivity: will set rotation from 178.138 to 178.14233
08-03 20:29:33.558  9229  9229 D CompassActivity: will set rotation from 178.14233 to 178.06824
08-03 20:29:33.558  9229  9229 D CompassActivity: will set rotation from 178.06824 to 178.0697
08-03 20:29:33.558  9229  9229 D CompassActivity: will set rotation from 178.0697 to 178.22406
08-03 20:29:33.558  9229  9229 D CompassActivity: will set rotation from 178.22406 to 178.22632
08-03 20:29:33.558  9229  9229 D CompassActivity: will set rotation from 178.22632 to 178.32715
08-03 20:29:33.558  9229  9229 D CompassActivity: will set rotation from 178.32715 to 178.32648
08-03 20:29:33.558  9229  9229 D CompassActivity: will set rotation from 178.32648 to 178.14343
08-03 20:29:33.558  9229  9229 D CompassActivity: will set rotation from 178.14343 to 178.14264
08-03 20:29:33.580  9229 10127 I art     : Explicit concurrent mark sweep GC freed 99(6KB) AllocSpace objects, 0(0B) LOS objects, 7% free, 187MB/203MB, paused 1.150ms total 43.298ms
08-03 20:29:33.598  9229 10127 I art     : Starting a blocking GC Explicit
08-03 20:29:33.641  9229 10127 I art     : Explicit concurrent mark sweep GC freed 136(5KB) AllocSpace objects, 0(0B) LOS objects, 7% free, 187MB/203MB, paused 1.407ms total 42.830ms
08-03 20:29:33.651  9229  9229 D CompassActivity: will set rotation from 178.14264 to 178.09387
08-03 20:29:33.651  9229  9229 D CompassActivity: will set rotation from 178.09387 to 178.08984
08-03 20:29:33.651  9229  9229 D CompassActivity: will set rotation from 178.08984 to 178.1795
08-03 20:29:33.651  9229  9229 D CompassActivity: will set rotation from 178.1795 to 178.17639
08-03 20:29:33.651  9229  9229 D CompassActivity: will set rotation from 178.17639 to 178.25073
08-03 20:29:33.651  9229  9229 D CompassActivity: will set rotation from 178.25073 to 178.24792
08-03 20:29:33.652  9229  9229 D CompassActivity: will set rotation from 178.24792 to 178.1947
08-03 20:29:33.652  9229  9229 D CompassActivity: will set rotation from 178.1947 to 178.19482
08-03 20:29:33.652  9229  9229 D CompassActivity: will set rotation from 178.19482 to 178.14795
08-03 20:29:33.652  9229  9229 D CompassActivity: will set rotation from 178.14795 to 178.1524
08-03 20:29:33.671  9229  9229 D CompassActivity: will set rotation from 178.1524 to 178.20856
08-03 20:29:33.671  9229  9229 D CompassActivity: will set rotation from 178.20856 to 178.2124
08-03 20:29:33.691  9229  9229 D CompassActivity: will set rotation from 178.2124 to 178.26306
08-03 20:29:33.691  9229  9229 D CompassActivity: will set rotation from 178.26306 to 178.2652
08-03 20:29:33.711  9229  9229 D CompassActivity: will set rotation from 178.2652 to 178.30652
08-03 20:29:33.711  9229  9229 D CompassActivity: will set rotation from 178.30652 to 178.3086
08-03 20:29:33.727   380   380 W SurfaceFlinger: couldn't log to binary event log: overflow.
08-03 20:29:33.731  9229  9229 D CompassActivity: will set rotation from 178.3086 to 178.27026
08-03 20:29:33.731  9229  9229 D CompassActivity: will set rotation from 178.27026 to 178.26697
08-03 20:29:33.751  9229  9229 D CompassActivity: will set rotation from 178.26697 to 178.30835
08-03 20:29:33.751  9229  9229 D CompassActivity: will set rotation from 178.30835 to 178.3009
08-03 20:29:33.770  9229  9229 D CompassActivity: will set rotation from 178.3009 to 178.4566
08-03 20:29:33.771  9229  9229 D CompassActivity: will set rotation from 178.4566 to 178.4458
08-03 20:29:33.790  9229  9229 D CompassActivity: will set rotation from 178.4458 to 178.51508
08-03 20:29:33.791  9229  9229 D CompassActivity: will set rotation from 178.51508 to 178.51147
08-03 20:29:33.813  9229  9229 D CompassActivity: will set rotation from 178.51147 to 178.60327
08-03 20:29:33.814  9229  9229 D CompassActivity: will set rotation from 178.60327 to 178.6134
08-03 20:29:33.832  9229  9229 D CompassActivity: will set rotation from 178.6134 to 178.6997
08-03 20:29:33.832  9229  9229 D CompassActivity: will set rotation from 178.6997 to 178.7107
08-03 20:29:33.932  9229  9229 D CompassActivity: will set rotation from 178.7107 to 178.72101
08-03 20:29:33.932  9229  9229 D CompassActivity: will set rotation from 178.72101 to 178.7265
08-03 20:29:33.932  9229  9229 D CompassActivity: will set rotation from 178.7265 to 178.73438
08-03 20:29:33.932  9229  9229 D CompassActivity: will set rotation from 178.73438 to 178.73285
08-03 20:29:33.932  9229  9229 D CompassActivity: will set rotation from 178.73285 to 178.76392
08-03 20:29:33.932  9229  9229 D CompassActivity: will set rotation from 178.76392 to 178.75659
08-03 20:29:33.932  9229  9229 D CompassActivity: will set rotation from 178.75659 to 178.82544
08-03 20:29:33.933  9229  9229 D CompassActivity: will set rotation from 178.82544 to 178.81757
08-03 20:29:33.933  9229  9229 D CompassActivity: will set rotation from 178.81757 to 178.84778
08-03 20:29:33.933  9229  9229 D CompassActivity: will set rotation from 178.84778 to 178.84235
08-03 20:29:33.950  9229  9229 D CompassActivity: will set rotation from 178.84235 to 178.78668
08-03 20:29:33.950  9229  9229 D CompassActivity: will set rotation from 178.78668 to 178.78723
08-03 20:29:33.969  9229  9229 D CompassActivity: will set rotation from 178.78723 to 178.78271
08-03 20:29:33.970  9229  9229 D CompassActivity: will set rotation from 178.78271 to 178.78564
08-03 20:29:33.990  9229  9229 D CompassActivity: will set rotation from 178.78564 to 178.7616
08-03 20:29:33.990  9229  9229 D CompassActivity: will set rotation from 178.7616 to 178.7644
08-03 20:29:34.010  9229  9229 D CompassActivity: will set rotation from 178.7644 to 178.76538
08-03 20:29:34.011  9229  9229 D CompassActivity: will set rotation from 178.76538 to 178.76727
08-03 20:29:34.030  9229  9229 D CompassActivity: will set rotation from 178.76727 to 178.74109
08-03 20:29:34.030  9229  9229 D CompassActivity: will set rotation from 178.74109 to 178.74146
08-03 20:29:34.038  9229  9247 I art     : Starting a blocking GC Explicit
08-03 20:29:34.049  9229  9229 D CompassActivity: will set rotation from 178.74146 to 178.79541
08-03 20:29:34.049  9229  9229 D CompassActivity: will set rotation from 178.79541 to 178.7912
08-03 20:29:34.069  9229  9229 D CompassActivity: will set rotation from 178.7912 to 178.79614
08-03 20:29:34.069  9229  9229 D CompassActivity: will set rotation from 178.79614 to 178.79205
08-03 20:29:34.080  9229  9247 I art     : Explicit concurrent mark sweep GC freed 2071(124KB) AllocSpace objects, 2(36KB) LOS objects, 7% free, 187MB/203MB, paused 1.138ms total 42.022ms
08-03 20:29:34.089  9229  9229 D CompassActivity: will set rotation from 178.79205 to 178.84277
08-03 20:29:34.089  9229  9229 D CompassActivity: will set rotation from 178.84277 to 178.84174
08-03 20:29:34.097  9229  9247 I art     : Starting a blocking GC Explicit
08-03 20:29:34.111  9229  9229 D CompassActivity: will set rotation from 178.84174 to 178.8656
08-03 20:29:34.111  9229  9229 D CompassActivity: will set rotation from 178.8656 to 178.8678
08-03 20:29:34.129  9229  9229 D CompassActivity: will set rotation from 178.8678 to 178.86646
08-03 20:29:34.129  9229  9229 D CompassActivity: will set rotation from 178.86646 to 178.87012
08-03 20:29:34.139  9229  9247 I art     : Explicit concurrent mark sweep GC freed 769(31KB) AllocSpace objects, 0(0B) LOS objects, 7% free, 187MB/203MB, paused 1.065ms total 41.418ms
08-03 20:29:34.149  9229  9229 D CompassActivity: will set rotation from 178.87012 to 178.89185
08-03 20:29:34.149  9229  9229 D CompassActivity: will set rotation from 178.89185 to 178.89258
08-03 20:29:34.156  9229  9247 I art     : Starting a blocking GC Explicit
08-03 20:29:34.168  9229  9229 D CompassActivity: will set rotation from 178.89258 to 178.88861
08-03 20:29:34.169  9229  9229 D CompassActivity: will set rotation from 178.88861 to 178.88715
08-03 20:29:34.189  9229  9229 D CompassActivity: will set rotation from 178.88715 to 178.93195
08-03 20:29:34.189  9229  9229 D CompassActivity: will set rotation from 178.93195 to 178.92932
08-03 20:29:34.200  9229  9247 I art     : Explicit concurrent mark sweep GC freed 132(6KB) AllocSpace objects, 0(0B) LOS objects, 7% free, 187MB/203MB, paused 985us total 43.567ms
08-03 20:29:34.209  9229  9229 D CompassActivity: will set rotation from 178.92932 to 178.92334
08-03 20:29:34.210  9229  9229 D CompassActivity: will set rotation from 178.92334 to 178.92065
08-03 20:29:34.218  9229  9247 I art     : Starting a blocking GC Explicit
08-03 20:29:34.230  9229  9229 D CompassActivity: will set rotation from 178.92065 to 178.89551
08-03 20:29:34.231  9229  9229 D CompassActivity: will set rotation from 178.89551 to 178.89557
08-03 20:29:34.249  9229  9229 D CompassActivity: will set rotation from 178.89557 to 178.91113
08-03 20:29:34.249  9229  9229 D CompassActivity: will set rotation from 178.91113 to 178.91028
08-03 20:29:34.264  9229  9247 I art     : Explicit concurrent mark sweep GC freed 132(6KB) AllocSpace objects, 0(0B) LOS objects, 7% free, 187MB/203MB, paused 1.041ms total 46.009ms
08-03 20:29:34.268  9229  9229 D CompassActivity: will set rotation from 178.91028 to 178.92969
08-03 20:29:34.268  9229  9229 D CompassActivity: will set rotation from 178.92969 to 178.92993
08-03 20:29:34.282  9229  9247 I art     : Starting a blocking GC Explicit
08-03 20:29:34.289  9229  9229 D CompassActivity: will set rotation from 178.92993 to 178.96857
08-03 20:29:34.290  9229  9229 D CompassActivity: will set rotation from 178.96857 to 178.96875
08-03 20:29:34.309  9229  9229 D CompassActivity: will set rotation from 178.96875 to 178.98523
08-03 20:29:34.310  9229  9229 D CompassActivity: will set rotation from 178.98523 to 178.98492
08-03 20:29:34.332  9229  9229 D CompassActivity: will set rotation from 178.98492 to 179.02283
08-03 20:29:34.332  9229  9229 D CompassActivity: will set rotation from 179.02283 to 179.02252
08-03 20:29:34.335  9229  9247 I art     : Explicit concurrent mark sweep GC freed 146(7KB) AllocSpace objects, 0(0B) LOS objects, 7% free, 187MB/203MB, paused 1.006ms total 52.357ms
08-03 20:29:34.350  9229  9229 D CompassActivity: will set rotation from 179.02252 to 179.03723
08-03 20:29:34.350  9229  9229 D CompassActivity: will set rotation from 179.03723 to 179.03699
08-03 20:29:34.368  9229  9229 D CompassActivity: will set rotation from 179.03699 to 179.04773
08-03 20:29:34.369  9229  9229 D CompassActivity: will set rotation from 179.04773 to 179.04572
08-03 20:29:34.388  9229  9229 D CompassActivity: will set rotation from 179.04572 to 179.03748
08-03 20:29:34.388  9229  9229 D CompassActivity: will set rotation from 179.03748 to 179.03528
08-03 20:29:34.409  9229  9229 D CompassActivity: will set rotation from 179.03528 to 179.06958
08-03 20:29:34.409  9229  9229 D CompassActivity: will set rotation from 179.06958 to 179.06866
08-03 20:29:34.431  9229  9229 D CompassActivity: will set rotation from 179.06866 to 179.08057
08-03 20:29:34.432  9229  9229 D CompassActivity: will set rotation from 179.08057 to 179.07898
08-03 20:29:34.449  9229  9229 D CompassActivity: will set rotation from 179.07898 to 179.09106
08-03 20:29:34.449  9229  9229 D CompassActivity: will set rotation from 179.09106 to 179.0921
08-03 20:29:34.468  9229  9229 D CompassActivity: will set rotation from 179.0921 to 179.05957
08-03 20:29:34.469  9229  9229 D CompassActivity: will set rotation from 179.05957 to 179.06116
08-03 20:29:34.488  9229  9229 D CompassActivity: will set rotation from 179.06116 to 179.09265
08-03 20:29:34.489  9229  9229 D CompassActivity: will set rotation from 179.09265 to 179.08966
08-03 20:29:34.510  9229  9229 D CompassActivity: will set rotation from 179.08966 to 179.08057
08-03 20:29:34.511  9229  9229 D CompassActivity: will set rotation from 179.08057 to 179.08069
08-03 20:29:34.530  9229  9229 D CompassActivity: will set rotation from 179.08069 to 179.09277
08-03 20:29:34.531  9229  9229 D CompassActivity: will set rotation from 179.09277 to 179.0943
08-03 20:29:34.549  9229  9229 D CompassActivity: will set rotation from 179.0943 to 179.12354
08-03 20:29:34.550  9229  9229 D CompassActivity: will set rotation from 179.12354 to 179.12427
08-03 20:29:34.568  9229  9229 D CompassActivity: will set rotation from 179.12427 to 179.13086
08-03 20:29:34.569  9229  9229 D CompassActivity: will set rotation from 179.13086 to 179.1294
08-03 20:29:34.588  9229  9229 D CompassActivity: will set rotation from 179.1294 to 179.09955
08-03 20:29:34.588  9229  9229 D CompassActivity: will set rotation from 179.09955 to 179.09753
08-03 20:29:34.608  9229  9229 D CompassActivity: will set rotation from 179.09753 to 179.12604
08-03 20:29:34.608  9229  9229 D CompassActivity: will set rotation from 179.12604 to 179.12299
08-03 20:29:34.632  9229  9229 D CompassActivity: will set rotation from 179.12299 to 179.1145
08-03 20:29:34.633  9229  9229 D CompassActivity: will set rotation from 179.1145 to 179.11438
08-03 20:29:34.647  9229  9229 D CompassActivity: will set rotation from 179.11438 to 179.10437
08-03 20:29:34.647  9229  9229 D CompassActivity: will set rotation from 179.10437 to 179.10669
08-03 20:29:34.667  9229  9229 D CompassActivity: will set rotation from 179.10669 to 179.09576
08-03 20:29:34.667  9229  9229 D CompassActivity: will set rotation from 179.09576 to 179.09631
08-03 20:29:34.687  9229  9229 D CompassActivity: will set rotation from 179.09631 to 179.08838
08-03 20:29:34.687  9229  9229 D CompassActivity: will set rotation from 179.08838 to 179.08783
08-03 20:29:34.707  9229  9229 D CompassActivity: will set rotation from 179.08783 to 179.06116
08-03 20:29:34.707  9229  9229 D CompassActivity: will set rotation from 179.06116 to 179.06116
08-03 20:29:34.728  9229  9229 D CompassActivity: will set rotation from 179.06116 to 179.08844
08-03 20:29:34.728  9229  9229 D CompassActivity: will set rotation from 179.08844 to 179.08716
08-03 20:29:34.748  9229  9229 D CompassActivity: will set rotation from 179.08716 to 179.11047
08-03 20:29:34.749  9229  9229 D CompassActivity: will set rotation from 179.11047 to 179.10834
08-03 20:29:34.767  9229  9229 D CompassActivity: will set rotation from 179.10834 to 179.11621
08-03 20:29:34.767  9229  9229 D CompassActivity: will set rotation from 179.11621 to 179.1156
08-03 20:29:34.774  9229  9240 I art     : Starting a blocking GC Explicit
08-03 20:29:34.787  9229  9229 D CompassActivity: will set rotation from 179.1156 to 179.07208
08-03 20:29:34.788  9229  9229 D CompassActivity: will set rotation from 179.07208 to 179.07196
08-03 20:29:34.807  9229  9229 D CompassActivity: will set rotation from 179.07196 to 179.04504
08-03 20:29:34.807  9229  9229 D CompassActivity: will set rotation from 179.04504 to 179.04523
08-03 20:29:34.828  9229  9240 I art     : Explicit concurrent mark sweep GC freed 2055(122KB) AllocSpace objects, 2(36KB) LOS objects, 7% free, 187MB/203MB, paused 1.145ms total 53.805ms
08-03 20:29:34.828  9229  9229 D CompassActivity: will set rotation from 179.04523 to 179.07489
08-03 20:29:34.829  9229  9229 D CompassActivity: will set rotation from 179.07489 to 179.07654
08-03 20:29:34.848  9229  9229 D CompassActivity: will set rotation from 179.07654 to 179.0675
08-03 20:29:34.848  9229  9240 I art     : Starting a blocking GC Explicit
08-03 20:29:34.849  9229  9229 D CompassActivity: will set rotation from 179.0675 to 179.06677
08-03 20:29:34.868  9229  9229 D CompassActivity: will set rotation from 179.06677 to 179.04004
08-03 20:29:34.869  9229  9229 D CompassActivity: will set rotation from 179.04004 to 179.0398
08-03 20:29:34.886  9229  9229 D CompassActivity: will set rotation from 179.0398 to 179.0315
08-03 20:29:34.887  9229  9229 D CompassActivity: will set rotation from 179.0315 to 179.03296
08-03 20:29:34.899  9229  9240 I art     : Explicit concurrent mark sweep GC freed 829(32KB) AllocSpace objects, 0(0B) LOS objects, 7% free, 187MB/203MB, paused 1.023ms total 50.086ms
08-03 20:29:34.908  9229  9229 D CompassActivity: will set rotation from 179.03296 to 179.02551
08-03 20:29:34.909  9229  9229 D CompassActivity: will set rotation from 179.02551 to 179.02734
08-03 20:29:34.917  9229  9240 I art     : Starting a blocking GC Explicit
08-03 20:29:34.926  9229  9229 D CompassActivity: will set rotation from 179.02734 to 179.00323
08-03 20:29:34.927  9229  9229 D CompassActivity: will set rotation from 179.00323 to 179.0036
08-03 20:29:34.947  9229  9229 D CompassActivity: will set rotation from 179.0036 to 179.01355
08-03 20:29:34.947  9229  9229 D CompassActivity: will set rotation from 179.01355 to 179.0133
08-03 20:29:34.962  9229  9240 I art     : Explicit concurrent mark sweep GC freed 161(7KB) AllocSpace objects, 0(0B) LOS objects, 7% free, 187MB/203MB, paused 1.152ms total 44.950ms
08-03 20:29:34.967  9229  9229 D CompassActivity: will set rotation from 179.0133 to 179.00513
08-03 20:29:34.967  9229  9229 D CompassActivity: will set rotation from 179.00513 to 179.00366
08-03 20:29:34.979  9229  9240 I art     : Starting a blocking GC Explicit
08-03 20:29:34.986  9229  9229 D CompassActivity: will set rotation from 179.00366 to 178.979
08-03 20:29:34.986  9229  9229 D CompassActivity: will set rotation from 178.979 to 178.97638
08-03 20:29:35.006  9229  9229 D CompassActivity: will set rotation from 178.97638 to 178.97058
08-03 20:29:35.006  9229  9229 D CompassActivity: will set rotation from 178.97058 to 178.97314
08-03 20:29:35.020  9229  9240 I art     : Explicit concurrent mark sweep GC freed 132(6KB) AllocSpace objects, 0(0B) LOS objects, 7% free, 187MB/203MB, paused 1.037ms total 40.616ms
08-03 20:29:35.025  9229  9229 D CompassActivity: will set rotation from 178.97314 to 179.00153
08-03 20:29:35.025  9229  9229 D CompassActivity: will set rotation from 179.00153 to 179.00494
08-03 20:29:35.038  9229  9240 I art     : Starting a blocking GC Explicit
08-03 20:29:35.046  9229  9229 D CompassActivity: will set rotation from 179.00494 to 179.0133
08-03 20:29:35.046  9229  9229 D CompassActivity: will set rotation from 179.0133 to 179.01715
08-03 20:29:35.065  9229  9229 D CompassActivity: will set rotation from 179.01715 to 178.99005
08-03 20:29:35.065  9229  9229 D CompassActivity: will set rotation from 178.99005 to 178.99188
08-03 20:29:35.079  9229  9240 I art     : Explicit concurrent mark sweep GC freed 148(6KB) AllocSpace objects, 0(0B) LOS objects, 7% free, 187MB/203MB, paused 1.155ms total 41.270ms
08-03 20:29:35.085  9229  9229 D CompassActivity: will set rotation from 178.99188 to 178.98572
08-03 20:29:35.085  9229  9229 D CompassActivity: will set rotation from 178.98572 to 178.98364
08-03 20:29:35.107   518   646 I ThermalEngine: ACTION: GPU - Setting GPU[0] to 390000000
08-03 20:29:35.114  9229  9229 D CompassActivity: will set rotation from 178.98364 to 178.97644
08-03 20:29:35.115  9229  9229 D CompassActivity: will set rotation from 178.97644 to 178.97223
08-03 20:29:35.125  9229  9229 D CompassActivity: will set rotation from 178.97223 to 178.98425
08-03 20:29:35.125  9229  9229 D CompassActivity: will set rotation from 178.98425 to 178.98242
08-03 20:29:35.147  9229  9229 D CompassActivity: will set rotation from 178.98242 to 178.97815
08-03 20:29:35.147  9229  9229 D CompassActivity: will set rotation from 178.97815 to 178.97864
08-03 20:29:35.165  9229  9229 D CompassActivity: will set rotation from 178.97864 to 178.95477
08-03 20:29:35.165  9229  9229 D CompassActivity: will set rotation from 178.95477 to 178.95618
08-03 20:29:35.184  9229  9229 D CompassActivity: will set rotation from 178.95618 to 178.9538
08-03 20:29:35.185  9229  9229 D CompassActivity: will set rotation from 178.9538 to 178.956
08-03 20:29:35.205  9229  9229 D CompassActivity: will set rotation from 178.956 to 178.93518
08-03 20:29:35.205  9229  9229 D CompassActivity: will set rotation from 178.93518 to 178.93481
08-03 20:29:35.225  9229  9229 D CompassActivity: will set rotation from 178.93481 to 178.96503
08-03 20:29:35.225  9229  9229 D CompassActivity: will set rotation from 178.96503 to 178.9624
08-03 20:29:35.246  9229  9229 D CompassActivity: will set rotation from 178.9624 to 178.97534
08-03 20:29:35.247  9229  9229 D CompassActivity: will set rotation from 178.97534 to 178.97253
08-03 20:29:35.266  9229  9229 D CompassActivity: will set rotation from 178.97253 to 178.98535
08-03 20:29:35.267  9229  9229 D CompassActivity: will set rotation from 178.98535 to 178.98401
08-03 20:29:35.287  9229  9229 D CompassActivity: will set rotation from 178.98401 to 178.9784
08-03 20:29:35.288  9229  9229 D CompassActivity: will set rotation from 178.9784 to 178.97894
08-03 20:29:35.306  9229  9229 D CompassActivity: will set rotation from 178.97894 to 178.97412
08-03 20:29:35.307  9229  9229 D CompassActivity: will set rotation from 178.97412 to 178.97656
08-03 20:29:35.324  9229  9229 D CompassActivity: will set rotation from 178.97656 to 178.97113
08-03 20:29:35.325  9229  9229 D CompassActivity: will set rotation from 178.97113 to 178.97375
08-03 20:29:35.348  9229  9229 D CompassActivity: will set rotation from 178.97375 to 178.9649
08-03 20:29:35.348  9229  9229 D CompassActivity: will set rotation from 178.9649 to 178.96448
08-03 20:29:35.365  9229  9229 D CompassActivity: will set rotation from 178.96448 to 178.94128
08-03 20:29:35.366  9229  9229 D CompassActivity: will set rotation from 178.94128 to 178.93994
08-03 20:29:35.383  9229  9229 D CompassActivity: will set rotation from 178.93994 to 178.93622
08-03 20:29:35.384  9229  9229 D CompassActivity: will set rotation from 178.93622 to 178.9331
08-03 20:29:35.407  9229  9229 D CompassActivity: will set rotation from 178.9331 to 178.92883
08-03 20:29:35.408  9229  9229 D CompassActivity: will set rotation from 178.92883 to 178.92773
08-03 20:29:35.424  9229  9229 D CompassActivity: will set rotation from 178.92773 to 178.89392
08-03 20:29:35.424  9229  9229 D CompassActivity: will set rotation from 178.89392 to 178.8935
08-03 20:29:35.444  9229  9229 D CompassActivity: will set rotation from 178.8935 to 178.88995
08-03 20:29:35.444  9229  9229 D CompassActivity: will set rotation from 178.88995 to 178.89063
08-03 20:29:35.467  9229  9229 D CompassActivity: will set rotation from 178.89063 to 178.92029
08-03 20:29:35.467  9229  9229 D CompassActivity: will set rotation from 178.92029 to 178.92078
08-03 20:29:35.486  9229  9229 D CompassActivity: will set rotation from 178.92078 to 178.91711
08-03 20:29:35.486  9229  9229 D CompassActivity: will set rotation from 178.91711 to 178.91687
08-03 20:29:35.504  9229  9229 D CompassActivity: will set rotation from 178.91687 to 178.89606
08-03 20:29:35.504  9229  9229 D CompassActivity: will set rotation from 178.89606 to 178.89459
08-03 20:29:35.523  9229  9229 D CompassActivity: will set rotation from 178.89459 to 178.90753
08-03 20:29:35.524  9229  9229 D CompassActivity: will set rotation from 178.90753 to 178.90558
08-03 20:29:35.535  9229  9240 I art     : Starting a blocking GC Explicit
08-03 20:29:35.543  9229  9229 D CompassActivity: will set rotation from 178.90558 to 178.91779
08-03 20:29:35.544  9229  9229 D CompassActivity: will set rotation from 178.91779 to 178.91565
08-03 20:29:35.576  9229  9229 D CompassActivity: will set rotation from 178.91565 to 178.9444
08-03 20:29:35.577  9229  9229 D CompassActivity: will set rotation from 178.9444 to 178.94476
08-03 20:29:35.583  9229  9229 D CompassActivity: will set rotation from 178.94476 to 178.95825
08-03 20:29:35.584  9229  9229 D CompassActivity: will set rotation from 178.95825 to 178.95947
08-03 20:29:35.598  9229  9240 I art     : Explicit concurrent mark sweep GC freed 2054(123KB) AllocSpace objects, 2(36KB) LOS objects, 7% free, 187MB/203MB, paused 2.178ms total 62.681ms
08-03 20:29:35.604  9229  9229 D CompassActivity: will set rotation from 178.95947 to 178.95355
08-03 20:29:35.605  9229  9229 D CompassActivity: will set rotation from 178.95355 to 178.95361
08-03 20:29:35.623  9229  9229 D CompassActivity: will set rotation from 178.95361 to 178.96564
08-03 20:29:35.623  9229  9229 D CompassActivity: will set rotation from 178.96564 to 178.96777
08-03 20:29:35.623  9229  9240 I art     : Starting a blocking GC Explicit
08-03 20:29:35.643  9229  9229 D CompassActivity: will set rotation from 178.96777 to 178.96423
08-03 20:29:35.643  9229  9229 D CompassActivity: will set rotation from 178.96423 to 178.96588
08-03 20:29:35.664  9229  9229 D CompassActivity: will set rotation from 178.96588 to 178.94232
08-03 20:29:35.665  9229  9229 D CompassActivity: will set rotation from 178.94232 to 178.94116
08-03 20:29:35.665 10719 10719 D AndroidRuntime: >>>>>> START com.android.internal.os.RuntimeInit uid 2000 <<<<<<
08-03 20:29:35.671 10719 10719 D AndroidRuntime: CheckJNI is OFF
08-03 20:29:35.676  9229  9240 I art     : Explicit concurrent mark sweep GC freed 837(33KB) AllocSpace objects, 0(0B) LOS objects, 7% free, 187MB/203MB, paused 1.826ms total 51.779ms
08-03 20:29:35.684  9229  9229 D CompassActivity: will set rotation from 178.94116 to 178.95514
08-03 20:29:35.684  9229  9229 D CompassActivity: will set rotation from 178.95514 to 178.95349
08-03 20:29:35.698  9229  9240 I art     : Starting a blocking GC Explicit
08-03 20:29:35.704  9229  9229 D CompassActivity: will set rotation from 178.95349 to 178.94922
08-03 20:29:35.704  9229  9229 D CompassActivity: will set rotation from 178.94922 to 178.9477
08-03 20:29:35.723  9229  9229 D CompassActivity: will set rotation from 178.9477 to 178.94263
08-03 20:29:35.723  9229  9229 D CompassActivity: will set rotation from 178.94263 to 178.9436
08-03 20:29:35.733 10719 10719 D ICU     : No timezone override file found: /data/misc/zoneinfo/current/icu/icu_tzdata.dat
08-03 20:29:35.742  9229  9229 D CompassActivity: will set rotation from 178.9436 to 178.94226
08-03 20:29:35.742  9229  9229 D CompassActivity: will set rotation from 178.94226 to 178.94043
08-03 20:29:35.751  9229  9240 I art     : Explicit concurrent mark sweep GC freed 175(8KB) AllocSpace objects, 0(0B) LOS objects, 7% free, 187MB/203MB, paused 1.598ms total 52.895ms
08-03 20:29:35.752  9229  9239 I art     : WaitForGcToComplete blocked for 53.212ms for cause HeapTrim
08-03 20:29:35.765  9229  9229 D CompassActivity: will set rotation from 178.94043 to 178.95197
08-03 20:29:35.765  9229  9229 D CompassActivity: will set rotation from 178.95197 to 178.95288
08-03 20:29:35.774  9229  9240 I art     : Starting a blocking GC Explicit
08-03 20:29:35.780 10719 10719 I Radio-JNI: register_android_hardware_Radio DONE
08-03 20:29:35.783  9229  9229 D CompassActivity: will set rotation from 178.95288 to 178.9483
08-03 20:29:35.784  9229  9229 D CompassActivity: will set rotation from 178.9483 to 178.94946
08-03 20:29:35.801  9229  9229 D CompassActivity: will set rotation from 178.94946 to 178.95923
08-03 20:29:35.802  9229  9229 D CompassActivity: will set rotation from 178.95923 to 178.95947
08-03 20:29:35.814 10719 10719 D AndroidRuntime: Calling main entry com.android.commands.input.Input
08-03 20:29:35.816 10719 10719 I Input   : injectKeyEvent: KeyEvent { action=ACTION_DOWN, keyCode=KEYCODE_BACK, scanCode=0, metaState=0, flags=0x0, repeatCount=0, eventTime=649792229, downTime=649792229, deviceId=-1, source=0x101 }
08-03 20:29:35.822 10719 10719 I Input   : injectKeyEvent: KeyEvent { action=ACTION_UP, keyCode=KEYCODE_BACK, scanCode=0, metaState=0, flags=0x0, repeatCount=0, eventTime=649792229, downTime=649792229, deviceId=-1, source=0x101 }
08-03 20:29:35.823  9229  9229 D CompassActivity: will set rotation from 178.95947 to 178.9541
08-03 20:29:35.823  9229  9229 D CompassActivity: will set rotation from 178.9541 to 178.95416
08-03 20:29:35.828  9229  9240 I art     : Explicit concurrent mark sweep GC freed 192(9KB) AllocSpace objects, 0(0B) LOS objects, 7% free, 187MB/203MB, paused 2.292ms total 53.657ms
08-03 20:29:35.832 10719 10719 D AndroidRuntime: Shutting down VM
08-03 20:29:35.834   918  3670 I sensors : activate
08-03 20:29:35.834   918  5481 I sensors : activate
08-03 20:29:35.842   918  3188 I hubconnection: sensorhub said: 'activate 1 enable:0'
08-03 20:29:35.844   918  3188 I hubconnection: sensorhub said: 'activate 3 enable:0'
08-03 20:29:35.851  9229  9240 I art     : Starting a blocking GC Explicit
08-03 20:29:35.862  9229  9229 V MainActivity: url = https://project-travel-mate.herokuapp.com/api/number-of-unread-notifications
08-03 20:29:35.905  9229  9240 I art     : Explicit concurrent mark sweep GC freed 452(17KB) AllocSpace objects, 0(0B) LOS objects, 7% free, 187MB/203MB, paused 2.621ms total 53.633ms
08-03 20:29:35.985 13866 13866 I GoogleInputMethodServic: GoogleInputMethodService.onFinishInput():3138 
08-03 20:29:35.986 13866 13866 I GoogleInputMethodServic: GoogleInputMethodService.onStartInput():1808 
08-03 20:29:36.262  9229  9229 D CompassActivity: stop compass
08-03 20:29:36.262   380   380 W SurfaceFlinger: couldn't log to binary event log: overflow.
08-03 20:29:36.357  9229  9705 I art     : Starting a blocking GC Explicit
08-03 20:29:36.382  9229 10744 I NAPPA_EXPERIMENTATION: MetricNetworkRequestExecutionTime: REQUEST_DURATION_SYSTEM='518',REQUEST_DURATION_OKHTTP='39',REQUEST_SYNCHRONOUS='FALSE',RESPONSE_CODE='200',RESPONSE_METHOD='GET',RESPONSE_LENGTH_OKHTTP='36',RESPONSE_LENGTH_HEADER='36',REQUEST_PROTOCOL='http/1.1',REQUEST_URL='https://project-travel-mate.herokuapp.com/api/number-of-unread-notifications',
08-03 20:29:36.418  9229  9705 I art     : Explicit concurrent mark sweep GC freed 4551(249KB) AllocSpace objects, 5(236KB) LOS objects, 7% free, 187MB/203MB, paused 2.167ms total 60.499ms
08-03 20:29:36.441  9229  9705 I art     : Starting a blocking GC Explicit
08-03 20:29:36.521  9229  9705 I art     : Explicit concurrent mark sweep GC freed 2384(205KB) AllocSpace objects, 3(52MB) LOS objects, 10% free, 135MB/151MB, paused 1.614ms total 79.470ms
08-03 20:29:36.547  9229  9705 I art     : Starting a blocking GC Explicit
08-03 20:29:36.603  9229  9705 I art     : Explicit concurrent mark sweep GC freed 15(752B) AllocSpace objects, 0(0B) LOS objects, 10% free, 135MB/151MB, paused 1.665ms total 56.020ms
08-03 20:29:36.626  9229  9705 I art     : Starting a blocking GC Explicit
08-03 20:29:36.685  9229  9705 I art     : Explicit concurrent mark sweep GC freed 13(640B) AllocSpace objects, 0(0B) LOS objects, 10% free, 135MB/151MB, paused 1.987ms total 57.881ms
08-03 20:29:36.712  9229  9705 I art     : Starting a blocking GC Explicit
08-03 20:29:36.772  9229  9705 I art     : Explicit concurrent mark sweep GC freed 3(96B) AllocSpace objects, 0(0B) LOS objects, 10% free, 135MB/151MB, paused 2.141ms total 59.071ms
08-03 20:29:37.223  9229  9247 I art     : Starting a blocking GC Explicit
08-03 20:29:37.280  9229  9247 I art     : Explicit concurrent mark sweep GC freed 1650(95KB) AllocSpace objects, 2(36KB) LOS objects, 10% free, 135MB/151MB, paused 1.993ms total 55.255ms
08-03 20:29:37.303  9229  9247 I art     : Starting a blocking GC Explicit
08-03 20:29:37.357  9229  9247 I art     : Explicit concurrent mark sweep GC freed 30(1104B) AllocSpace objects, 0(0B) LOS objects, 10% free, 135MB/151MB, paused 1.689ms total 53.778ms
08-03 20:29:37.380  9229  9247 I art     : Starting a blocking GC Explicit
08-03 20:29:37.434  9229  9247 I art     : Explicit concurrent mark sweep GC freed 3(96B) AllocSpace objects, 0(0B) LOS objects, 10% free, 135MB/151MB, paused 1.717ms total 53.890ms
08-03 20:29:37.457  9229  9247 I art     : Starting a blocking GC Explicit
08-03 20:29:37.517  9229  9247 I art     : Explicit concurrent mark sweep GC freed 4(128B) AllocSpace objects, 0(0B) LOS objects, 10% free, 135MB/151MB, paused 1.500ms total 60.035ms
08-03 20:29:37.537  9229  9247 I art     : Starting a blocking GC Explicit
08-03 20:29:37.588  9229  9247 I art     : Explicit concurrent mark sweep GC freed 9(288B) AllocSpace objects, 0(0B) LOS objects, 10% free, 135MB/151MB, paused 1.573ms total 49.704ms
08-03 20:29:37.731 10766 10766 D AndroidRuntime: >>>>>> START com.android.internal.os.RuntimeInit uid 2000 <<<<<<
08-03 20:29:37.737 10766 10766 D AndroidRuntime: CheckJNI is OFF
08-03 20:29:37.798 10766 10766 D ICU     : No timezone override file found: /data/misc/zoneinfo/current/icu/icu_tzdata.dat
08-03 20:29:37.842 10766 10766 I Radio-JNI: register_android_hardware_Radio DONE
08-03 20:29:37.873 10766 10766 D AndroidRuntime: Calling main entry com.android.commands.input.Input
08-03 20:29:37.875 10766 10766 I Input   : injectMotionEvent: MotionEvent { action=ACTION_DOWN, actionButton=0, id[0]=0, x[0]=500.0, y[0]=2000.0, toolType[0]=TOOL_TYPE_UNKNOWN, buttonState=0, metaState=0, flags=0x0, edgeFlags=0x0, pointerCount=1, historySize=0, eventTime=649794288, downTime=649794288, deviceId=0, source=0x1002 }
08-03 20:29:37.883 10766 10766 I Input   : injectMotionEvent: MotionEvent { action=ACTION_MOVE, actionButton=0, id[0]=0, x[0]=500.0, y[0]=2000.0, toolType[0]=TOOL_TYPE_UNKNOWN, buttonState=0, metaState=0, flags=0x0, edgeFlags=0x0, pointerCount=1, historySize=0, eventTime=649794288, downTime=649794288, deviceId=0, source=0x1002 }
08-03 20:29:37.900 10766 10766 I Input   : injectMotionEvent: MotionEvent { action=ACTION_MOVE, actionButton=0, id[0]=0, x[0]=500.0, y[0]=1952.5, toolType[0]=TOOL_TYPE_UNKNOWN, buttonState=0, metaState=0, flags=0x0, edgeFlags=0x0, pointerCount=1, historySize=0, eventTime=649794313, downTime=649794313, deviceId=0, source=0x1002 }
08-03 20:29:37.918 10766 10766 I Input   : injectMotionEvent: MotionEvent { action=ACTION_MOVE, actionButton=0, id[0]=0, x[0]=500.0, y[0]=1918.3, toolType[0]=TOOL_TYPE_UNKNOWN, buttonState=0, metaState=0, flags=0x0, edgeFlags=0x0, pointerCount=1, historySize=0, eventTime=649794331, downTime=649794331, deviceId=0, source=0x1002 }
08-03 20:29:37.942 10766 10766 I Input   : injectMotionEvent: MotionEvent { action=ACTION_MOVE, actionButton=0, id[0]=0, x[0]=500.0, y[0]=1870.8, toolType[0]=TOOL_TYPE_UNKNOWN, buttonState=0, metaState=0, flags=0x0, edgeFlags=0x0, pointerCount=1, historySize=0, eventTime=649794356, downTime=649794356, deviceId=0, source=0x1002 }
08-03 20:29:37.967 10766 10766 I Input   : injectMotionEvent: MotionEvent { action=ACTION_MOVE, actionButton=0, id[0]=0, x[0]=500.0, y[0]=1825.2, toolType[0]=TOOL_TYPE_UNKNOWN, buttonState=0, metaState=0, flags=0x0, edgeFlags=0x0, pointerCount=1, historySize=0, eventTime=649794380, downTime=649794380, deviceId=0, source=0x1002 }
08-03 20:29:37.983 10766 10766 I Input   : injectMotionEvent: MotionEvent { action=ACTION_MOVE, actionButton=0, id[0]=0, x[0]=500.0, y[0]=1794.8, toolType[0]=TOOL_TYPE_UNKNOWN, buttonState=0, metaState=0, flags=0x0, edgeFlags=0x0, pointerCount=1, historySize=0, eventTime=649794396, downTime=649794396, deviceId=0, source=0x1002 }
08-03 20:29:38.001 10766 10766 I Input   : injectMotionEvent: MotionEvent { action=ACTION_MOVE, actionButton=0, id[0]=0, x[0]=500.0, y[0]=1760.6, toolType[0]=TOOL_TYPE_UNKNOWN, buttonState=0, metaState=0, flags=0x0, edgeFlags=0x0, pointerCount=1, historySize=0, eventTime=649794414, downTime=649794414, deviceId=0, source=0x1002 }
08-03 20:29:38.018 10766 10766 I Input   : injectMotionEvent: MotionEvent { action=ACTION_MOVE, actionButton=0, id[0]=0, x[0]=500.0, y[0]=1728.3, toolType[0]=TOOL_TYPE_UNKNOWN, buttonState=0, metaState=0, flags=0x0, edgeFlags=0x0, pointerCount=1, historySize=0, eventTime=649794431, downTime=649794431, deviceId=0, source=0x1002 }
08-03 20:29:38.029  9229  9240 I art     : Starting a blocking GC Explicit
08-03 20:29:38.039 10766 10766 I Input   : injectMotionEvent: MotionEvent { action=ACTION_MOVE, actionButton=0, id[0]=0, x[0]=500.0, y[0]=1688.4, toolType[0]=TOOL_TYPE_UNKNOWN, buttonState=0, metaState=0, flags=0x0, edgeFlags=0x0, pointerCount=1, historySize=0, eventTime=649794452, downTime=649794452, deviceId=0, source=0x1002 }
08-03 20:29:38.055 10766 10766 I Input   : injectMotionEvent: MotionEvent { action=ACTION_MOVE, actionButton=0, id[0]=0, x[0]=500.0, y[0]=1658.0, toolType[0]=TOOL_TYPE_UNKNOWN, buttonState=0, metaState=0, flags=0x0, edgeFlags=0x0, pointerCount=1, historySize=0, eventTime=649794468, downTime=649794468, deviceId=0, source=0x1002 }
08-03 20:29:38.073 10766 10766 I Input   : injectMotionEvent: MotionEvent { action=ACTION_MOVE, actionButton=0, id[0]=0, x[0]=500.0, y[0]=1623.8, toolType[0]=TOOL_TYPE_UNKNOWN, buttonState=0, metaState=0, flags=0x0, edgeFlags=0x0, pointerCount=1, historySize=0, eventTime=649794486, downTime=649794486, deviceId=0, source=0x1002 }
08-03 20:29:38.087 10766 10766 I Input   : injectMotionEvent: MotionEvent { action=ACTION_MOVE, actionButton=0, id[0]=0, x[0]=500.0, y[0]=1597.2, toolType[0]=TOOL_TYPE_UNKNOWN, buttonState=0, metaState=0, flags=0x0, edgeFlags=0x0, pointerCount=1, historySize=0, eventTime=649794500, downTime=649794500, deviceId=0, source=0x1002 }
08-03 20:29:38.103 10766 10766 I Input   : injectMotionEvent: MotionEvent { action=ACTION_MOVE, actionButton=0, id[0]=0, x[0]=500.0, y[0]=1566.8, toolType[0]=TOOL_TYPE_UNKNOWN, buttonState=0, metaState=0, flags=0x0, edgeFlags=0x0, pointerCount=1, historySize=0, eventTime=649794516, downTime=649794516, deviceId=0, source=0x1002 }
08-03 20:29:38.104  9229  9240 I art     : Explicit concurrent mark sweep GC freed 1731(98KB) AllocSpace objects, 2(36KB) LOS objects, 10% free, 135MB/151MB, paused 2.918ms total 74.628ms
08-03 20:29:38.117 10766 10766 I Input   : injectMotionEvent: MotionEvent { action=ACTION_MOVE, actionButton=0, id[0]=0, x[0]=500.0, y[0]=1540.2, toolType[0]=TOOL_TYPE_UNKNOWN, buttonState=0, metaState=0, flags=0x0, edgeFlags=0x0, pointerCount=1, historySize=0, eventTime=649794530, downTime=649794530, deviceId=0, source=0x1002 }
08-03 20:29:38.132  9229  9240 I art     : Starting a blocking GC Explicit
08-03 20:29:38.135 10766 10766 I Input   : injectMotionEvent: MotionEvent { action=ACTION_MOVE, actionButton=0, id[0]=0, x[0]=500.0, y[0]=1506.0, toolType[0]=TOOL_TYPE_UNKNOWN, buttonState=0, metaState=0, flags=0x0, edgeFlags=0x0, pointerCount=1, historySize=0, eventTime=649794548, downTime=649794548, deviceId=0, source=0x1002 }
08-03 20:29:38.149 10766 10766 I Input   : injectMotionEvent: MotionEvent { action=ACTION_MOVE, actionButton=0, id[0]=0, x[0]=500.0, y[0]=1479.4, toolType[0]=TOOL_TYPE_UNKNOWN, buttonState=0, metaState=0, flags=0x0, edgeFlags=0x0, pointerCount=1, historySize=0, eventTime=649794562, downTime=649794562, deviceId=0, source=0x1002 }
08-03 20:29:38.167 10766 10766 I Input   : injectMotionEvent: MotionEvent { action=ACTION_MOVE, actionButton=0, id[0]=0, x[0]=500.0, y[0]=1445.2, toolType[0]=TOOL_TYPE_UNKNOWN, buttonState=0, metaState=0, flags=0x0, edgeFlags=0x0, pointerCount=1, historySize=0, eventTime=649794580, downTime=649794580, deviceId=0, source=0x1002 }
08-03 20:29:38.174  9822  9822 I ServiceManager: Waiting for service AtCmdFwd...
08-03 20:29:38.185 10766 10766 I Input   : injectMotionEvent: MotionEvent { action=ACTION_MOVE, actionButton=0, id[0]=0, x[0]=500.0, y[0]=1411.0, toolType[0]=TOOL_TYPE_UNKNOWN, buttonState=0, metaState=0, flags=0x0, edgeFlags=0x0, pointerCount=1, historySize=0, eventTime=649794598, downTime=649794598, deviceId=0, source=0x1002 }
08-03 20:29:38.190  9229  9240 I art     : Explicit concurrent mark sweep GC freed 51(2064B) AllocSpace objects, 0(0B) LOS objects, 10% free, 135MB/151MB, paused 1.680ms total 57.140ms
08-03 20:29:38.199 10766 10766 I Input   : injectMotionEvent: MotionEvent { action=ACTION_MOVE, actionButton=0, id[0]=0, x[0]=500.0, y[0]=1384.4, toolType[0]=TOOL_TYPE_UNKNOWN, buttonState=0, metaState=0, flags=0x0, edgeFlags=0x0, pointerCount=1, historySize=0, eventTime=649794612, downTime=649794612, deviceId=0, source=0x1002 }
08-03 20:29:38.213  9229  9240 I art     : Starting a blocking GC Explicit
08-03 20:29:38.219 10766 10766 I Input   : injectMotionEvent: MotionEvent { action=ACTION_MOVE, actionButton=0, id[0]=0, x[0]=500.0, y[0]=1346.3999, toolType[0]=TOOL_TYPE_UNKNOWN, buttonState=0, metaState=0, flags=0x0, edgeFlags=0x0, pointerCount=1, historySize=0, eventTime=649794632, downTime=649794632, deviceId=0, source=0x1002 }
08-03 20:29:38.234 10766 10766 I Input   : injectMotionEvent: MotionEvent { action=ACTION_MOVE, actionButton=0, id[0]=0, x[0]=500.0, y[0]=1317.9, toolType[0]=TOOL_TYPE_UNKNOWN, buttonState=0, metaState=0, flags=0x0, edgeFlags=0x0, pointerCount=1, historySize=0, eventTime=649794647, downTime=649794647, deviceId=0, source=0x1002 }
08-03 20:29:38.251 10766 10766 I Input   : injectMotionEvent: MotionEvent { action=ACTION_MOVE, actionButton=0, id[0]=0, x[0]=500.0, y[0]=1283.7, toolType[0]=TOOL_TYPE_UNKNOWN, buttonState=0, metaState=0, flags=0x0, edgeFlags=0x0, pointerCount=1, historySize=0, eventTime=649794665, downTime=649794665, deviceId=0, source=0x1002 }
08-03 20:29:38.267 10766 10766 I Input   : injectMotionEvent: MotionEvent { action=ACTION_MOVE, actionButton=0, id[0]=0, x[0]=500.0, y[0]=1255.2, toolType[0]=TOOL_TYPE_UNKNOWN, buttonState=0, metaState=0, flags=0x0, edgeFlags=0x0, pointerCount=1, historySize=0, eventTime=649794680, downTime=649794680, deviceId=0, source=0x1002 }
08-03 20:29:38.271  9229  9240 I art     : Explicit concurrent mark sweep GC freed 3(96B) AllocSpace objects, 0(0B) LOS objects, 10% free, 135MB/151MB, paused 1.692ms total 57.340ms
08-03 20:29:38.286 10766 10766 I Input   : injectMotionEvent: MotionEvent { action=ACTION_MOVE, actionButton=0, id[0]=0, x[0]=500.0, y[0]=1219.1, toolType[0]=TOOL_TYPE_UNKNOWN, buttonState=0, metaState=0, flags=0x0, edgeFlags=0x0, pointerCount=1, historySize=0, eventTime=649794699, downTime=649794699, deviceId=0, source=0x1002 }
08-03 20:29:38.295  9229  9240 I art     : Starting a blocking GC Explicit
08-03 20:29:38.300 10766 10766 I Input   : injectMotionEvent: MotionEvent { action=ACTION_MOVE, actionButton=0, id[0]=0, x[0]=500.0, y[0]=1190.6, toolType[0]=TOOL_TYPE_UNKNOWN, buttonState=0, metaState=0, flags=0x0, edgeFlags=0x0, pointerCount=1, historySize=0, eventTime=649794714, downTime=649794714, deviceId=0, source=0x1002 }
08-03 20:29:38.346  9229  9240 I art     : Explicit concurrent mark sweep GC freed 10(336B) AllocSpace objects, 0(0B) LOS objects, 10% free, 135MB/151MB, paused 1.575ms total 50.098ms
08-03 20:29:38.368 10766 10766 I Input   : injectMotionEvent: MotionEvent { action=ACTION_MOVE, actionButton=0, id[0]=0, x[0]=500.0, y[0]=1063.3, toolType[0]=TOOL_TYPE_UNKNOWN, buttonState=0, metaState=0, flags=0x0, edgeFlags=0x0, pointerCount=1, historySize=0, eventTime=649794781, downTime=649794781, deviceId=0, source=0x1002 }
08-03 20:29:38.371  9229  9240 I art     : Starting a blocking GC Explicit
08-03 20:29:38.426  9229  9240 I art     : Explicit concurrent mark sweep GC freed 3(96B) AllocSpace objects, 0(0B) LOS objects, 10% free, 135MB/151MB, paused 1.690ms total 54.154ms
08-03 20:29:38.434 10766 10766 I Input   : injectMotionEvent: MotionEvent { action=ACTION_MOVE, actionButton=0, id[0]=0, x[0]=500.0, y[0]=937.9, toolType[0]=TOOL_TYPE_UNKNOWN, buttonState=0, metaState=0, flags=0x0, edgeFlags=0x0, pointerCount=1, historySize=0, eventTime=649794847, downTime=649794847, deviceId=0, source=0x1002 }
08-03 20:29:38.500 10766 10766 I Input   : injectMotionEvent: MotionEvent { action=ACTION_MOVE, actionButton=0, id[0]=0, x[0]=500.0, y[0]=812.5, toolType[0]=TOOL_TYPE_UNKNOWN, buttonState=0, metaState=0, flags=0x0, edgeFlags=0x0, pointerCount=1, historySize=0, eventTime=649794913, downTime=649794913, deviceId=0, source=0x1002 }
08-03 20:29:38.562 10766 10766 I Input   : injectMotionEvent: MotionEvent { action=ACTION_MOVE, actionButton=0, id[0]=0, x[0]=500.0, y[0]=694.7001, toolType[0]=TOOL_TYPE_UNKNOWN, buttonState=0, metaState=0, flags=0x0, edgeFlags=0x0, pointerCount=1, historySize=0, eventTime=649794975, downTime=649794975, deviceId=0, source=0x1002 }
08-03 20:29:38.621 10766 10766 I Input   : injectMotionEvent: MotionEvent { action=ACTION_MOVE, actionButton=0, id[0]=0, x[0]=500.0, y[0]=580.7001, toolType[0]=TOOL_TYPE_UNKNOWN, buttonState=0, metaState=0, flags=0x0, edgeFlags=0x0, pointerCount=1, historySize=0, eventTime=649795035, downTime=649795035, deviceId=0, source=0x1002 }
08-03 20:29:38.688 10766 10766 I Input   : injectMotionEvent: MotionEvent { action=ACTION_MOVE, actionButton=0, id[0]=0, x[0]=500.0, y[0]=455.29993, toolType[0]=TOOL_TYPE_UNKNOWN, buttonState=0, metaState=0, flags=0x0, edgeFlags=0x0, pointerCount=1, historySize=0, eventTime=649795101, downTime=649795101, deviceId=0, source=0x1002 }
08-03 20:29:38.755 10766 10766 I Input   : injectMotionEvent: MotionEvent { action=ACTION_MOVE, actionButton=0, id[0]=0, x[0]=500.0, y[0]=326.09998, toolType[0]=TOOL_TYPE_UNKNOWN, buttonState=0, metaState=0, flags=0x0, edgeFlags=0x0, pointerCount=1, historySize=0, eventTime=649795169, downTime=649795169, deviceId=0, source=0x1002 }
08-03 20:29:38.842 10766 10766 I Input   : injectMotionEvent: MotionEvent { action=ACTION_MOVE, actionButton=0, id[0]=0, x[0]=500.0, y[0]=162.69995, toolType[0]=TOOL_TYPE_UNKNOWN, buttonState=0, metaState=0, flags=0x0, edgeFlags=0x0, pointerCount=1, historySize=0, eventTime=649795255, downTime=649795255, deviceId=0, source=0x1002 }
08-03 20:29:38.879  9229  9705 I art     : Starting a blocking GC Explicit
08-03 20:29:38.883 10766 10766 I Input   : injectMotionEvent: MotionEvent { action=ACTION_UP, actionButton=0, id[0]=0, x[0]=500.0, y[0]=100.0, toolType[0]=TOOL_TYPE_UNKNOWN, buttonState=0, metaState=0, flags=0x0, edgeFlags=0x0, pointerCount=1, historySize=0, eventTime=649795296, downTime=649795296, deviceId=0, source=0x1002 }
08-03 20:29:38.920 10766 10766 D AndroidRuntime: Shutting down VM
08-03 20:29:38.933  9229  9705 I art     : Explicit concurrent mark sweep GC freed 1691(97KB) AllocSpace objects, 2(36KB) LOS objects, 10% free, 135MB/151MB, paused 1.482ms total 53.617ms
08-03 20:29:38.955  9229  9705 I art     : Starting a blocking GC Explicit
08-03 20:29:39.001  9229  9705 I art     : Explicit concurrent mark sweep GC freed 30(1104B) AllocSpace objects, 0(0B) LOS objects, 10% free, 135MB/151MB, paused 1.448ms total 45.338ms
08-03 20:29:39.021  9229  9705 I art     : Starting a blocking GC Explicit
08-03 20:29:39.074  9229  9705 I art     : Explicit concurrent mark sweep GC freed 3(96B) AllocSpace objects, 0(0B) LOS objects, 10% free, 135MB/151MB, paused 1.506ms total 52.859ms
08-03 20:29:39.097  9229  9705 I art     : Starting a blocking GC Explicit
08-03 20:29:39.153  9229  9705 I art     : Explicit concurrent mark sweep GC freed 3(96B) AllocSpace objects, 0(0B) LOS objects, 10% free, 135MB/151MB, paused 1.657ms total 54.746ms
08-03 20:29:39.175  9822  9822 I ServiceManager: Waiting for service AtCmdFwd...
08-03 20:29:39.175  9229  9705 I art     : Starting a blocking GC Explicit
08-03 20:29:39.227  9229  9705 I art     : Explicit concurrent mark sweep GC freed 3(96B) AllocSpace objects, 0(0B) LOS objects, 10% free, 135MB/151MB, paused 1.653ms total 52.021ms
08-03 20:29:39.695  9229  9705 I art     : Starting a blocking GC Explicit
08-03 20:29:39.748  9229  9705 I art     : Explicit concurrent mark sweep GC freed 1655(96KB) AllocSpace objects, 2(36KB) LOS objects, 10% free, 135MB/151MB, paused 1.747ms total 52.178ms
08-03 20:29:39.771  9229  9705 I art     : Starting a blocking GC Explicit
08-03 20:29:39.792 10805 10805 D AndroidRuntime: >>>>>> START com.android.internal.os.RuntimeInit uid 2000 <<<<<<
08-03 20:29:39.798 10805 10805 D AndroidRuntime: CheckJNI is OFF
08-03 20:29:39.826  9229  9705 I art     : Explicit concurrent mark sweep GC freed 48(2096B) AllocSpace objects, 0(0B) LOS objects, 10% free, 135MB/151MB, paused 1.661ms total 55.123ms
08-03 20:29:39.848  9229  9705 I art     : Starting a blocking GC Explicit
08-03 20:29:39.854 10805 10805 D ICU     : No timezone override file found: /data/misc/zoneinfo/current/icu/icu_tzdata.dat
08-03 20:29:39.897 10805 10805 I Radio-JNI: register_android_hardware_Radio DONE
08-03 20:29:39.901  9229  9705 I art     : Explicit concurrent mark sweep GC freed 34(928B) AllocSpace objects, 0(0B) LOS objects, 10% free, 135MB/151MB, paused 1.680ms total 52.776ms
08-03 20:29:39.923  9229  9705 I art     : Starting a blocking GC Explicit
08-03 20:29:39.931 10805 10805 D AndroidRuntime: Calling main entry com.android.commands.input.Input
08-03 20:29:39.933 10805 10805 I Input   : injectMotionEvent: MotionEvent { action=ACTION_DOWN, actionButton=0, id[0]=0, x[0]=500.0, y[0]=2000.0, toolType[0]=TOOL_TYPE_UNKNOWN, buttonState=0, metaState=0, flags=0x0, edgeFlags=0x0, pointerCount=1, historySize=0, eventTime=649796346, downTime=649796346, deviceId=0, source=0x1002 }
08-03 20:29:39.939 10805 10805 I Input   : injectMotionEvent: MotionEvent { action=ACTION_MOVE, actionButton=0, id[0]=0, x[0]=500.0, y[0]=2000.0, toolType[0]=TOOL_TYPE_UNKNOWN, buttonState=0, metaState=0, flags=0x0, edgeFlags=0x0, pointerCount=1, historySize=0, eventTime=649796346, downTime=649796346, deviceId=0, source=0x1002 }
08-03 20:29:39.950 10805 10805 I Input   : injectMotionEvent: MotionEvent { action=ACTION_MOVE, actionButton=0, id[0]=0, x[0]=500.0, y[0]=1967.7, toolType[0]=TOOL_TYPE_UNKNOWN, buttonState=0, metaState=0, flags=0x0, edgeFlags=0x0, pointerCount=1, historySize=0, eventTime=649796363, downTime=649796363, deviceId=0, source=0x1002 }
08-03 20:29:39.967 10805 10805 I Input   : injectMotionEvent: MotionEvent { action=ACTION_MOVE, actionButton=0, id[0]=0, x[0]=500.0, y[0]=1935.4, toolType[0]=TOOL_TYPE_UNKNOWN, buttonState=0, metaState=0, flags=0x0, edgeFlags=0x0, pointerCount=1, historySize=0, eventTime=649796380, downTime=649796380, deviceId=0, source=0x1002 }
08-03 20:29:39.981  9229  9705 I art     : Explicit concurrent mark sweep GC freed 7(224B) AllocSpace objects, 0(0B) LOS objects, 10% free, 135MB/151MB, paused 1.692ms total 56.798ms
08-03 20:29:39.985 10805 10805 I Input   : injectMotionEvent: MotionEvent { action=ACTION_MOVE, actionButton=0, id[0]=0, x[0]=500.0, y[0]=1901.2, toolType[0]=TOOL_TYPE_UNKNOWN, buttonState=0, metaState=0, flags=0x0, edgeFlags=0x0, pointerCount=1, historySize=0, eventTime=649796398, downTime=649796398, deviceId=0, source=0x1002 }
08-03 20:29:40.006  9229  9705 I art     : Starting a blocking GC Explicit
08-03 20:29:40.027 10805 10805 I Input   : injectMotionEvent: MotionEvent { action=ACTION_MOVE, actionButton=0, id[0]=0, x[0]=500.0, y[0]=1819.5, toolType[0]=TOOL_TYPE_UNKNOWN, buttonState=0, metaState=0, flags=0x0, edgeFlags=0x0, pointerCount=1, historySize=0, eventTime=649796441, downTime=649796441, deviceId=0, source=0x1002 }
08-03 20:29:40.059  9229  9705 I art     : Explicit concurrent mark sweep GC freed 15(480B) AllocSpace objects, 0(0B) LOS objects, 10% free, 135MB/151MB, paused 1.547ms total 52.778ms
08-03 20:29:40.067 10805 10805 I Input   : injectMotionEvent: MotionEvent { action=ACTION_MOVE, actionButton=0, id[0]=0, x[0]=500.0, y[0]=1743.5, toolType[0]=TOOL_TYPE_UNKNOWN, buttonState=0, metaState=0, flags=0x0, edgeFlags=0x0, pointerCount=1, historySize=0, eventTime=649796481, downTime=649796481, deviceId=0, source=0x1002 }
08-03 20:29:40.107 10805 10805 I Input   : injectMotionEvent: MotionEvent { action=ACTION_MOVE, actionButton=0, id[0]=0, x[0]=500.0, y[0]=1669.4, toolType[0]=TOOL_TYPE_UNKNOWN, buttonState=0, metaState=0, flags=0x0, edgeFlags=0x0, pointerCount=1, historySize=0, eventTime=649796520, downTime=649796520, deviceId=0, source=0x1002 }
08-03 20:29:40.145 10805 10805 I Input   : injectMotionEvent: MotionEvent { action=ACTION_MOVE, actionButton=0, id[0]=0, x[0]=500.0, y[0]=1595.3, toolType[0]=TOOL_TYPE_UNKNOWN, buttonState=0, metaState=0, flags=0x0, edgeFlags=0x0, pointerCount=1, historySize=0, eventTime=649796559, downTime=649796559, deviceId=0, source=0x1002 }
08-03 20:29:40.175  9822  9822 I ServiceManager: Waiting for service AtCmdFwd...
08-03 20:29:40.184 10805 10805 I Input   : injectMotionEvent: MotionEvent { action=ACTION_MOVE, actionButton=0, id[0]=0, x[0]=500.0, y[0]=1523.1001, toolType[0]=TOOL_TYPE_UNKNOWN, buttonState=0, metaState=0, flags=0x0, edgeFlags=0x0, pointerCount=1, historySize=0, eventTime=649796597, downTime=649796597, deviceId=0, source=0x1002 }
08-03 20:29:40.222 10805 10805 I Input   : injectMotionEvent: MotionEvent { action=ACTION_MOVE, actionButton=0, id[0]=0, x[0]=500.0, y[0]=1450.8999, toolType[0]=TOOL_TYPE_UNKNOWN, buttonState=0, metaState=0, flags=0x0, edgeFlags=0x0, pointerCount=1, historySize=0, eventTime=649796635, downTime=649796635, deviceId=0, source=0x1002 }
08-03 20:29:40.260 10805 10805 I Input   : injectMotionEvent: MotionEvent { action=ACTION_MOVE, actionButton=0, id[0]=0, x[0]=500.0, y[0]=1378.7, toolType[0]=TOOL_TYPE_UNKNOWN, buttonState=0, metaState=0, flags=0x0, edgeFlags=0x0, pointerCount=1, historySize=0, eventTime=649796673, downTime=649796673, deviceId=0, source=0x1002 }
08-03 20:29:40.297 10805 10805 I Input   : injectMotionEvent: MotionEvent { action=ACTION_MOVE, actionButton=0, id[0]=0, x[0]=500.0, y[0]=1308.4, toolType[0]=TOOL_TYPE_UNKNOWN, buttonState=0, metaState=0, flags=0x0, edgeFlags=0x0, pointerCount=1, historySize=0, eventTime=649796710, downTime=649796710, deviceId=0, source=0x1002 }
08-03 20:29:40.337 10805 10805 I Input   : injectMotionEvent: MotionEvent { action=ACTION_MOVE, actionButton=0, id[0]=0, x[0]=500.0, y[0]=1230.5, toolType[0]=TOOL_TYPE_UNKNOWN, buttonState=0, metaState=0, flags=0x0, edgeFlags=0x0, pointerCount=1, historySize=0, eventTime=649796751, downTime=649796751, deviceId=0, source=0x1002 }
08-03 20:29:40.376 10805 10805 I Input   : injectMotionEvent: MotionEvent { action=ACTION_MOVE, actionButton=0, id[0]=0, x[0]=500.0, y[0]=1158.3, toolType[0]=TOOL_TYPE_UNKNOWN, buttonState=0, metaState=0, flags=0x0, edgeFlags=0x0, pointerCount=1, historySize=0, eventTime=649796789, downTime=649796789, deviceId=0, source=0x1002 }
08-03 20:29:40.418 10805 10805 I Input   : injectMotionEvent: MotionEvent { action=ACTION_MOVE, actionButton=0, id[0]=0, x[0]=500.0, y[0]=1078.5, toolType[0]=TOOL_TYPE_UNKNOWN, buttonState=0, metaState=0, flags=0x0, edgeFlags=0x0, pointerCount=1, historySize=0, eventTime=649796831, downTime=649796831, deviceId=0, source=0x1002 }
08-03 20:29:40.459 10805 10805 I Input   : injectMotionEvent: MotionEvent { action=ACTION_MOVE, actionButton=0, id[0]=0, x[0]=500.0, y[0]=1000.6, toolType[0]=TOOL_TYPE_UNKNOWN, buttonState=0, metaState=0, flags=0x0, edgeFlags=0x0, pointerCount=1, historySize=0, eventTime=649796872, downTime=649796872, deviceId=0, source=0x1002 }
08-03 20:29:40.501  9229  9241 I art     : Starting a blocking GC Explicit
08-03 20:29:40.501 10805 10805 I Input   : injectMotionEvent: MotionEvent { action=ACTION_MOVE, actionButton=0, id[0]=0, x[0]=500.0, y[0]=920.7999, toolType[0]=TOOL_TYPE_UNKNOWN, buttonState=0, metaState=0, flags=0x0, edgeFlags=0x0, pointerCount=1, historySize=0, eventTime=649796914, downTime=649796914, deviceId=0, source=0x1002 }
08-03 20:29:40.541 10805 10805 I Input   : injectMotionEvent: MotionEvent { action=ACTION_MOVE, actionButton=0, id[0]=0, x[0]=500.0, y[0]=844.80005, toolType[0]=TOOL_TYPE_UNKNOWN, buttonState=0, metaState=0, flags=0x0, edgeFlags=0x0, pointerCount=1, historySize=0, eventTime=649796954, downTime=649796954, deviceId=0, source=0x1002 }
08-03 20:29:40.553  9229  9241 I art     : Explicit concurrent mark sweep GC freed 1657(95KB) AllocSpace objects, 2(36KB) LOS objects, 10% free, 135MB/151MB, paused 1.496ms total 51.326ms
08-03 20:29:40.578  9229  9241 I art     : Starting a blocking GC Explicit
08-03 20:29:40.581 10805 10805 I Input   : injectMotionEvent: MotionEvent { action=ACTION_MOVE, actionButton=0, id[0]=0, x[0]=500.0, y[0]=766.9, toolType[0]=TOOL_TYPE_UNKNOWN, buttonState=0, metaState=0, flags=0x0, edgeFlags=0x0, pointerCount=1, historySize=0, eventTime=649796995, downTime=649796995, deviceId=0, source=0x1002 }
08-03 20:29:40.621 10805 10805 I Input   : injectMotionEvent: MotionEvent { action=ACTION_MOVE, actionButton=0, id[0]=0, x[0]=500.0, y[0]=692.7999, toolType[0]=TOOL_TYPE_UNKNOWN, buttonState=0, metaState=0, flags=0x0, edgeFlags=0x0, pointerCount=1, historySize=0, eventTime=649797034, downTime=649797034, deviceId=0, source=0x1002 }
08-03 20:29:40.627  9229  9241 I art     : Explicit concurrent mark sweep GC freed 34(1232B) AllocSpace objects, 0(0B) LOS objects, 10% free, 135MB/151MB, paused 1.492ms total 48.885ms
08-03 20:29:40.659 10805 10805 I Input   : injectMotionEvent: MotionEvent { action=ACTION_MOVE, actionButton=0, id[0]=0, x[0]=500.0, y[0]=620.6, toolType[0]=TOOL_TYPE_UNKNOWN, buttonState=0, metaState=0, flags=0x0, edgeFlags=0x0, pointerCount=1, historySize=0, eventTime=649797072, downTime=649797072, deviceId=0, source=0x1002 }
08-03 20:29:40.663  9229  9241 I art     : Starting a blocking GC Explicit
08-03 20:29:40.698 10805 10805 I Input   : injectMotionEvent: MotionEvent { action=ACTION_MOVE, actionButton=0, id[0]=0, x[0]=500.0, y[0]=546.5, toolType[0]=TOOL_TYPE_UNKNOWN, buttonState=0, metaState=0, flags=0x0, edgeFlags=0x0, pointerCount=1, historySize=0, eventTime=649797111, downTime=649797111, deviceId=0, source=0x1002 }
08-03 20:29:40.713  9229  9241 I art     : Explicit concurrent mark sweep GC freed 11(352B) AllocSpace objects, 0(0B) LOS objects, 10% free, 135MB/151MB, paused 1.391ms total 49.751ms
08-03 20:29:40.735 10805 10805 I Input   : injectMotionEvent: MotionEvent { action=ACTION_MOVE, actionButton=0, id[0]=0, x[0]=500.0, y[0]=476.20007, toolType[0]=TOOL_TYPE_UNKNOWN, buttonState=0, metaState=0, flags=0x0, edgeFlags=0x0, pointerCount=1, historySize=0, eventTime=649797148, downTime=649797148, deviceId=0, source=0x1002 }
08-03 20:29:40.737  9229  9241 I art     : Starting a blocking GC Explicit
08-03 20:29:40.774 10805 10805 I Input   : injectMotionEvent: MotionEvent { action=ACTION_MOVE, actionButton=0, id[0]=0, x[0]=500.0, y[0]=402.09998, toolType[0]=TOOL_TYPE_UNKNOWN, buttonState=0, metaState=0, flags=0x0, edgeFlags=0x0, pointerCount=1, historySize=0, eventTime=649797187, downTime=649797187, deviceId=0, source=0x1002 }
08-03 20:29:40.789  9229  9241 I art     : Explicit concurrent mark sweep GC freed 11(352B) AllocSpace objects, 0(0B) LOS objects, 10% free, 135MB/151MB, paused 1.775ms total 52.177ms
08-03 20:29:40.812  9229  9241 I art     : Starting a blocking GC Explicit
08-03 20:29:40.813 10805 10805 I Input   : injectMotionEvent: MotionEvent { action=ACTION_MOVE, actionButton=0, id[0]=0, x[0]=500.0, y[0]=326.09998, toolType[0]=TOOL_TYPE_UNKNOWN, buttonState=0, metaState=0, flags=0x0, edgeFlags=0x0, pointerCount=1, historySize=0, eventTime=649797227, downTime=649797227, deviceId=0, source=0x1002 }
08-03 20:29:40.849 10805 10805 I Input   : injectMotionEvent: MotionEvent { action=ACTION_MOVE, actionButton=0, id[0]=0, x[0]=500.0, y[0]=257.69995, toolType[0]=TOOL_TYPE_UNKNOWN, buttonState=0, metaState=0, flags=0x0, edgeFlags=0x0, pointerCount=1, historySize=0, eventTime=649797263, downTime=649797263, deviceId=0, source=0x1002 }
08-03 20:29:40.863  9229  9241 I art     : Explicit concurrent mark sweep GC freed 10(320B) AllocSpace objects, 0(0B) LOS objects, 10% free, 135MB/151MB, paused 1.553ms total 50.994ms
08-03 20:29:40.863  9229  9239 I art     : WaitForGcToComplete blocked for 34.020ms for cause HeapTrim
08-03 20:29:40.890 10805 10805 I Input   : injectMotionEvent: MotionEvent { action=ACTION_MOVE, actionButton=0, id[0]=0, x[0]=500.0, y[0]=181.69995, toolType[0]=TOOL_TYPE_UNKNOWN, buttonState=0, metaState=0, flags=0x0, edgeFlags=0x0, pointerCount=1, historySize=0, eventTime=649797303, downTime=649797303, deviceId=0, source=0x1002 }
08-03 20:29:40.928 10805 10805 I Input   : injectMotionEvent: MotionEvent { action=ACTION_MOVE, actionButton=0, id[0]=0, x[0]=500.0, y[0]=109.5, toolType[0]=TOOL_TYPE_UNKNOWN, buttonState=0, metaState=0, flags=0x0, edgeFlags=0x0, pointerCount=1, historySize=0, eventTime=649797341, downTime=649797341, deviceId=0, source=0x1002 }
08-03 20:29:40.965 10805 10805 I Input   : injectMotionEvent: MotionEvent { action=ACTION_UP, actionButton=0, id[0]=0, x[0]=500.0, y[0]=100.0, toolType[0]=TOOL_TYPE_UNKNOWN, buttonState=0, metaState=0, flags=0x0, edgeFlags=0x0, pointerCount=1, historySize=0, eventTime=649797378, downTime=649797378, deviceId=0, source=0x1002 }
08-03 20:29:41.000 10805 10805 D AndroidRuntime: Shutting down VM
08-03 20:29:41.175  9822  9822 I ServiceManager: Waiting for service AtCmdFwd...
08-03 20:29:41.283  9229 10127 I art     : Starting a blocking GC Explicit
08-03 20:29:41.338  9229 10127 I art     : Explicit concurrent mark sweep GC freed 1663(95KB) AllocSpace objects, 2(36KB) LOS objects, 10% free, 135MB/151MB, paused 1.565ms total 54.387ms
08-03 20:29:41.360  9229 10127 I art     : Starting a blocking GC Explicit
08-03 20:29:41.414  9229 10127 I art     : Explicit concurrent mark sweep GC freed 32(1184B) AllocSpace objects, 0(0B) LOS objects, 10% free, 135MB/151MB, paused 1.686ms total 53.642ms
08-03 20:29:41.437  9229 10127 I art     : Starting a blocking GC Explicit
08-03 20:29:41.492  9229 10127 I art     : Explicit concurrent mark sweep GC freed 3(96B) AllocSpace objects, 0(0B) LOS objects, 10% free, 135MB/151MB, paused 1.657ms total 54.174ms
08-03 20:29:41.515  9229 10127 I art     : Starting a blocking GC Explicit
08-03 20:29:41.569  9229 10127 I art     : Explicit concurrent mark sweep GC freed 3(96B) AllocSpace objects, 0(0B) LOS objects, 10% free, 135MB/151MB, paused 1.767ms total 53.522ms
08-03 20:29:41.592  9229 10127 I art     : Starting a blocking GC Explicit
08-03 20:29:41.645  9229 10127 I art     : Explicit concurrent mark sweep GC freed 3(96B) AllocSpace objects, 0(0B) LOS objects, 10% free, 135MB/151MB, paused 1.599ms total 53.005ms
08-03 20:29:41.904 10856 10856 D AndroidRuntime: >>>>>> START com.android.internal.os.RuntimeInit uid 2000 <<<<<<
08-03 20:29:41.910 10856 10856 D AndroidRuntime: CheckJNI is OFF
08-03 20:29:41.966 10856 10856 D ICU     : No timezone override file found: /data/misc/zoneinfo/current/icu/icu_tzdata.dat
08-03 20:29:42.012 10856 10856 I Radio-JNI: register_android_hardware_Radio DONE
08-03 20:29:42.044 10856 10856 D AndroidRuntime: Calling main entry com.android.commands.input.Input
08-03 20:29:42.047 10856 10856 I Input   : injectMotionEvent: MotionEvent { action=ACTION_DOWN, actionButton=0, id[0]=0, x[0]=657.0, y[0]=2080.0, toolType[0]=TOOL_TYPE_UNKNOWN, buttonState=0, metaState=0, flags=0x0, edgeFlags=0x0, pointerCount=1, historySize=0, eventTime=649798459, downTime=649798459, deviceId=0, source=0x1002 }
08-03 20:29:42.053 10856 10856 I Input   : injectMotionEvent: MotionEvent { action=ACTION_UP, actionButton=0, id[0]=0, x[0]=657.0, y[0]=2080.0, toolType[0]=TOOL_TYPE_UNKNOWN, buttonState=0, metaState=0, flags=0x0, edgeFlags=0x0, pointerCount=1, historySize=0, eventTime=649798459, downTime=649798459, deviceId=0, source=0x1002 }
08-03 20:29:42.055 10856 10856 D AndroidRuntime: Shutting down VM
08-03 20:29:42.057   512  2967 D audio_hw_primary: out_set_parameters: enter: usecase(1: low-latency-playback) kvpairs: routing=2
08-03 20:29:42.058   918  3961 I ActivityManager: START u0 {cmp=baseline.io.github.project_travel_mate/.utilities.UpcomingWeekendsActivity} from uid 10623 on display 0
08-03 20:29:42.070   512  2967 D audio_hw_primary: select_devices: out_snd_device(2: speaker) in_snd_device(0: none)
08-03 20:29:42.070   512  2967 D msm8974_platform: platform_send_audio_calibration: sending audio calibration for snd_device(2) acdb_id(15)
08-03 20:29:42.070   512  2967 I soundtrigger: audio_extn_sound_trigger_update_device_status: device 0x2 of type 0 for Event 1
08-03 20:29:42.076  9229  9241 I art     : Starting a blocking GC Explicit
08-03 20:29:42.086   512  2967 D audio_hw_primary: enable_snd_device: snd_device(2: speaker)
08-03 20:29:42.088   512  2967 D audio_hw_primary: enable_audio_route: apply and update mixer path: low-latency-playback speaker
08-03 20:29:42.112  9229  9294 D Gabe    : call	returning from cache
08-03 20:29:42.117  9229  9229 V EXECUTING: https://project-travel-mate.herokuapp.com/api/get-upcoming-holidays/2020
08-03 20:29:42.121  9229  9229 V EXECUTING: https://project-travel-mate.herokuapp.com/api/get-upcoming-holidays/2020
08-03 20:29:42.133  9229  9241 I art     : Explicit concurrent mark sweep GC freed 2402(165KB) AllocSpace objects, 2(36KB) LOS objects, 10% free, 135MB/151MB, paused 2.158ms total 56.437ms
08-03 20:29:42.153  9229  9241 I art     : Starting a blocking GC Explicit
08-03 20:29:42.176  9822  9822 I ServiceManager: Waiting for service AtCmdFwd...
08-03 20:29:42.202  9229  9241 I art     : Explicit concurrent mark sweep GC freed 703(68KB) AllocSpace objects, 0(0B) LOS objects, 10% free, 135MB/151MB, paused 1.596ms total 48.632ms
08-03 20:29:42.216 13866 13866 I GoogleInputMethodServic: GoogleInputMethodService.onFinishInput():3138 
08-03 20:29:42.217 13866 13866 I GoogleInputMethodServic: GoogleInputMethodService.onStartInput():1808 
08-03 20:29:42.222  9229  9241 I art     : Starting a blocking GC Explicit
08-03 20:29:42.272  9229  9241 I art     : Explicit concurrent mark sweep GC freed 519(15KB) AllocSpace objects, 0(0B) LOS objects, 10% free, 139MB/155MB, paused 1.761ms total 49.410ms
08-03 20:29:42.293  9229  9241 I art     : Starting a blocking GC Explicit
08-03 20:29:42.330   918   936 I ActivityManager: Displayed baseline.io.github.project_travel_mate/.utilities.UpcomingWeekendsActivity: +256ms
08-03 20:29:42.342  9229  9241 I art     : Explicit concurrent mark sweep GC freed 100(2448B) AllocSpace objects, 0(0B) LOS objects, 10% free, 139MB/155MB, paused 1.897ms total 48.373ms
08-03 20:29:42.363  9229  9241 I art     : Starting a blocking GC Explicit
08-03 20:29:42.415  9229  9241 I art     : Explicit concurrent mark sweep GC freed 53(1248B) AllocSpace objects, 0(0B) LOS objects, 10% free, 139MB/155MB, paused 1.693ms total 51.232ms
08-03 20:29:42.588   380   380 W SurfaceFlinger: couldn't log to binary event log: overflow.
08-03 20:29:42.634  9229 10880 I NAPPA_EXPERIMENTATION: MetricNetworkRequestExecutionTime: REQUEST_DURATION_SYSTEM='515',REQUEST_DURATION_OKHTTP='35',REQUEST_SYNCHRONOUS='FALSE',RESPONSE_CODE='200',RESPONSE_METHOD='GET',RESPONSE_LENGTH_OKHTTP='6426',RESPONSE_LENGTH_HEADER='6426',REQUEST_PROTOCOL='http/1.1',REQUEST_URL='https://project-travel-mate.herokuapp.com/api/get-upcoming-holidays/2020',
08-03 20:29:42.638  9229  9229 V Response: [{"month":"January","date":1,"day":"Wednesday","name":"New Year's Day","type":"Restricted"},{"month":"January","date":2,"day":"Thursday","name":"Guru Govind Singh Jayanti","type":"Restricted"},{"month":"January","date":14,"day":"Tuesday","name":"Lohri","type":"Restricted"},{"month":"January","date":15,"day":"Wednesday","name":"Pongal","type":"Restricted"},{"month":"January","date":15,"day":"Wednesday","name":"Makar Sankranti","type":"Restricted"},{"month":"January","date":25,"day":"Saturday","name":"Chinese New Year","type":"Observance"},{"month":"January","date":26,"day":"Sunday","name":"Republic Day","type":"Gazetted"},{"month":"January","date":30,"day":"Thursday","name":"Vasant Panchami","type":"Restricted"},{"month":"February","date":9,"day":"Sunday","name":"Guru Ravidas Jayanti","type":"Restricted"},{"month":"February","date":14,"day":"Friday","name":"Valentine's Day","type":"Observance"},{"month":"February","date":18,"day":"Tuesday","name":"Maharishi Dayanand Saraswati Jayanti","type":"Restricted"},{"month":"February","date":19,"day":"Wednesday","name":"Shivaji Jayanti","type":"Restricted"},{"month":"February","date":21,"day":"Friday","name":"Maha Shivaratri/Shivaratri","type":"Gazetted"},{"month":"March","date":9,"day":"Monday","name":"Holika Dahana","type":"Restricted"},{"month":"March","date":9,"day":"Monday","name":"Hazarat Ali's Birthday","type":"Restricted"},{"month":"March","date":10,"day":"Tuesday","name":"Holi","type":"Gazetted"},{"month":"March","date":20,"day":"Friday","name":"March Equinox","type":"Season"},{"month":"March","date":25,"day":"Wednesday","name":"Chaitra Sukhladi","type":"Restricted"},{"month":"April","date":2,"day":"Thursday","name":"Rama Navami","type":"Gazetted"},{"month":"April","date":6,"day":"Monday","name":"Mahavir Jayanti","type":"Gazetted"},{"month":"April","date":9,"day":"Thursday","name":"First day of Passover","type":"Observance"},{"month":"April","date":9,"day":"Thursday","name":"Maundy Thursday","type":"Observance,"},{"month":"April","date":10,"day":"Friday","name":"Good Friday","type":"Gazetted"},{"month":"April","date":12,"day":"Sunday","name":"Easter Day","type":"Restricted"},{"month":"April","date":13,"day":"Monday","name":"Vaisakhi","type":"Restricted"},{"month":"April","date":14,"day":"Tuesday","name":"Mesadi/Vaisakhadi","type":"Restricted"},{"month":"April","date":14,"day":"Tuesday","name":"Ambedkar Jayanti","type":"Central"},{"month":"May","date":1,"day":"Friday","name":"May Day","type":"Observance"},{"month":"May","date":7,"day":"Thursday","name":"Buddha Purnima/Vesak","type":"Gazetted"},{"month":"May","date":7,"day":"Thursday","name":"Birthday of Ravindranath","type":"Restricted"},{"month":"May","date":10,"day":"Sunday","name":"Mother's Day","type":"Observance"},{"month":"May","date":22,"day":"Friday","name":"Jamat Ul-Vida","type":"Restricted"},{"month":"May","date":25,"day":"Monday","name":"Ramzan Id/Eid-ul-Fitar","type":"Gazetted"},{"month":"May","date":25,"day":"Monday","name":"Ramzan Id/Eid-ul-Fitar","type":"Muslim,"},{"month":"June","date":21,"day":"Sunday","name":"June Solstice","type":"Season"},{"month":"June","date":21,"day":"Sunday","name":"Father's Day","type":"Observance"},{"month":"June","date":23,"day":"Tuesday","name":"Rath Yatra","type":"Restricted"},{"month":"July","date":5,"day":"Sunday","name":"Guru Purnima","type":"Observance"},{"month":"July","date":31,"day":"Friday","name":"Bakr Id/Eid ul-Adha","type":"Gazetted"},{"month":"August","date":2,"day":"Sunday","name":"Friendship Day","type":"Observance"},{"month":"August","date":3,"day":"Monday","name":"Raksha Bandhan (Rakhi)","type":"Restricted"},{"month":"August","date":11,"day":"Tuesday","name":"Janmashtami (Smarta)","type":"Restricted"},{"month":"August","date":12,"day":"Wednesday","name":"Janmashtami","type":"Gazetted"},{"month":"August","date":15,"day":"Saturday","name":"Independence Day","type":"Gazetted"},{"month":"August","date":16,"day":"Sunday","name":"Parsi New Year","type":"Restricted"},{"month":"August","date":22,"day":"Saturday","name":"Ganesh Chaturthi/Vin
08-03 20:29:42.638   512  2967 D audio_hw_primary: disable_audio_route: reset and update mixer path: low-latency-playback speaker
08-03 20:29:42.639   512  2967 D audio_hw_primary: disable_snd_device: snd_device(2: speaker)
08-03 20:29:42.649   512  2967 I soundtrigger: audio_extn_sound_trigger_update_device_status: device 0x2 of type 0 for Event 0
08-03 20:29:42.840  9229  9240 I art     : Starting a blocking GC Explicit
08-03 20:29:42.841  9229 10881 I NAPPA_EXPERIMENTATION: MetricNetworkRequestExecutionTime: REQUEST_DURATION_SYSTEM='719',REQUEST_DURATION_OKHTTP='40',REQUEST_SYNCHRONOUS='FALSE',RESPONSE_CODE='200',RESPONSE_METHOD='GET',RESPONSE_LENGTH_OKHTTP='6426',RESPONSE_LENGTH_HEADER='6426',REQUEST_PROTOCOL='http/1.1',REQUEST_URL='https://project-travel-mate.herokuapp.com/api/get-upcoming-holidays/2020',
08-03 20:29:42.843  9229  9229 V Response: [{"month":"January","date":1,"day":"Wednesday","name":"New Year's Day","type":"Restricted"},{"month":"January","date":2,"day":"Thursday","name":"Guru Govind Singh Jayanti","type":"Restricted"},{"month":"January","date":14,"day":"Tuesday","name":"Lohri","type":"Restricted"},{"month":"January","date":15,"day":"Wednesday","name":"Pongal","type":"Restricted"},{"month":"January","date":15,"day":"Wednesday","name":"Makar Sankranti","type":"Restricted"},{"month":"January","date":25,"day":"Saturday","name":"Chinese New Year","type":"Observance"},{"month":"January","date":26,"day":"Sunday","name":"Republic Day","type":"Gazetted"},{"month":"January","date":30,"day":"Thursday","name":"Vasant Panchami","type":"Restricted"},{"month":"February","date":9,"day":"Sunday","name":"Guru Ravidas Jayanti","type":"Restricted"},{"month":"February","date":14,"day":"Friday","name":"Valentine's Day","type":"Observance"},{"month":"February","date":18,"day":"Tuesday","name":"Maharishi Dayanand Saraswati Jayanti","type":"Restricted"},{"month":"February","date":19,"day":"Wednesday","name":"Shivaji Jayanti","type":"Restricted"},{"month":"February","date":21,"day":"Friday","name":"Maha Shivaratri/Shivaratri","type":"Gazetted"},{"month":"March","date":9,"day":"Monday","name":"Holika Dahana","type":"Restricted"},{"month":"March","date":9,"day":"Monday","name":"Hazarat Ali's Birthday","type":"Restricted"},{"month":"March","date":10,"day":"Tuesday","name":"Holi","type":"Gazetted"},{"month":"March","date":20,"day":"Friday","name":"March Equinox","type":"Season"},{"month":"March","date":25,"day":"Wednesday","name":"Chaitra Sukhladi","type":"Restricted"},{"month":"April","date":2,"day":"Thursday","name":"Rama Navami","type":"Gazetted"},{"month":"April","date":6,"day":"Monday","name":"Mahavir Jayanti","type":"Gazetted"},{"month":"April","date":9,"day":"Thursday","name":"First day of Passover","type":"Observance"},{"month":"April","date":9,"day":"Thursday","name":"Maundy Thursday","type":"Observance,"},{"month":"April","date":10,"day":"Friday","name":"Good Friday","type":"Gazetted"},{"month":"April","date":12,"day":"Sunday","name":"Easter Day","type":"Restricted"},{"month":"April","date":13,"day":"Monday","name":"Vaisakhi","type":"Restricted"},{"month":"April","date":14,"day":"Tuesday","name":"Mesadi/Vaisakhadi","type":"Restricted"},{"month":"April","date":14,"day":"Tuesday","name":"Ambedkar Jayanti","type":"Central"},{"month":"May","date":1,"day":"Friday","name":"May Day","type":"Observance"},{"month":"May","date":7,"day":"Thursday","name":"Buddha Purnima/Vesak","type":"Gazetted"},{"month":"May","date":7,"day":"Thursday","name":"Birthday of Ravindranath","type":"Restricted"},{"month":"May","date":10,"day":"Sunday","name":"Mother's Day","type":"Observance"},{"month":"May","date":22,"day":"Friday","name":"Jamat Ul-Vida","type":"Restricted"},{"month":"May","date":25,"day":"Monday","name":"Ramzan Id/Eid-ul-Fitar","type":"Gazetted"},{"month":"May","date":25,"day":"Monday","name":"Ramzan Id/Eid-ul-Fitar","type":"Muslim,"},{"month":"June","date":21,"day":"Sunday","name":"June Solstice","type":"Season"},{"month":"June","date":21,"day":"Sunday","name":"Father's Day","type":"Observance"},{"month":"June","date":23,"day":"Tuesday","name":"Rath Yatra","type":"Restricted"},{"month":"July","date":5,"day":"Sunday","name":"Guru Purnima","type":"Observance"},{"month":"July","date":31,"day":"Friday","name":"Bakr Id/Eid ul-Adha","type":"Gazetted"},{"month":"August","date":2,"day":"Sunday","name":"Friendship Day","type":"Observance"},{"month":"August","date":3,"day":"Monday","name":"Raksha Bandhan (Rakhi)","type":"Restricted"},{"month":"August","date":11,"day":"Tuesday","name":"Janmashtami (Smarta)","type":"Restricted"},{"month":"August","date":12,"day":"Wednesday","name":"Janmashtami","type":"Gazetted"},{"month":"August","date":15,"day":"Saturday","name":"Independence Day","type":"Gazetted"},{"month":"August","date":16,"day":"Sunday","name":"Parsi New Year","type":"Restricted"},{"month":"August","date":22,"day":"Saturday","name":"Ganesh Chaturthi/Vin
08-03 20:29:42.904  9229  9240 I art     : Explicit concurrent mark sweep GC freed 19846(875KB) AllocSpace objects, 12(4MB) LOS objects, 10% free, 136MB/152MB, paused 2.347ms total 63.882ms
08-03 20:29:42.926  9229  9240 I art     : Starting a blocking GC Explicit
08-03 20:29:42.982  9229  9240 I art     : Explicit concurrent mark sweep GC freed 4431(358KB) AllocSpace objects, 0(0B) LOS objects, 10% free, 136MB/152MB, paused 1.528ms total 55.828ms
08-03 20:29:43.005  9229  9240 I art     : Starting a blocking GC Explicit
08-03 20:29:43.063  9229  9240 I art     : Explicit concurrent mark sweep GC freed 234(6KB) AllocSpace objects, 11(220KB) LOS objects, 10% free, 136MB/152MB, paused 1.707ms total 58.055ms
08-03 20:29:43.087  9229  9240 I art     : Starting a blocking GC Explicit
08-03 20:29:43.148  9229  9240 I art     : Explicit concurrent mark sweep GC freed 125(2160B) AllocSpace objects, 0(0B) LOS objects, 10% free, 136MB/152MB, paused 1.810ms total 60.990ms
08-03 20:29:43.172  9229  9240 I art     : Starting a blocking GC Explicit
08-03 20:29:43.176  9822  9822 W Atfwd_Sendcmd: AtCmdFwd service not published, waiting... retryCnt : 4
08-03 20:29:43.234  9229  9240 I art     : Explicit concurrent mark sweep GC freed 123(2096B) AllocSpace objects, 0(0B) LOS objects, 10% free, 136MB/152MB, paused 1.687ms total 61.020ms
08-03 20:29:43.667  9229  9705 I art     : Starting a blocking GC Explicit
08-03 20:29:43.729  9229  9705 I art     : Explicit concurrent mark sweep GC freed 2352(106KB) AllocSpace objects, 2(36KB) LOS objects, 10% free, 136MB/152MB, paused 1.810ms total 61.605ms
08-03 20:29:43.753  9229  9705 I art     : Starting a blocking GC Explicit
08-03 20:29:43.814  9229  9705 I art     : Explicit concurrent mark sweep GC freed 163(3KB) AllocSpace objects, 0(0B) LOS objects, 10% free, 136MB/152MB, paused 1.677ms total 60.440ms
08-03 20:29:43.838  9229  9705 I art     : Starting a blocking GC Explicit
08-03 20:29:43.901  9229  9705 I art     : Explicit concurrent mark sweep GC freed 155(2960B) AllocSpace objects, 0(0B) LOS objects, 10% free, 136MB/152MB, paused 2.215ms total 62.192ms
08-03 20:29:43.927  9229  9705 I art     : Starting a blocking GC Explicit
08-03 20:29:43.984  9229  9705 I art     : Explicit concurrent mark sweep GC freed 123(2096B) AllocSpace objects, 0(0B) LOS objects, 10% free, 136MB/152MB, paused 1.551ms total 56.564ms
08-03 20:29:44.007  9229  9705 I art     : Starting a blocking GC Explicit
08-03 20:29:44.065  9229  9705 I art     : Explicit concurrent mark sweep GC freed 123(2096B) AllocSpace objects, 0(0B) LOS objects, 10% free, 136MB/152MB, paused 1.569ms total 58.007ms
08-03 20:29:44.512  9229  9247 I art     : Starting a blocking GC Explicit
08-03 20:29:44.574  9229  9247 I art     : Explicit concurrent mark sweep GC freed 2339(106KB) AllocSpace objects, 2(36KB) LOS objects, 10% free, 136MB/152MB, paused 1.848ms total 61.534ms
08-03 20:29:44.601  9229  9247 I art     : Starting a blocking GC Explicit
08-03 20:29:44.658  9229  9247 I art     : Explicit concurrent mark sweep GC freed 174(3KB) AllocSpace objects, 0(0B) LOS objects, 10% free, 136MB/152MB, paused 1.781ms total 56.721ms
08-03 20:29:44.681  9229  9247 I art     : Starting a blocking GC Explicit
08-03 20:29:44.739  9229  9247 I art     : Explicit concurrent mark sweep GC freed 99(1696B) AllocSpace objects, 0(0B) LOS objects, 10% free, 136MB/152MB, paused 1.826ms total 57.914ms
08-03 20:29:44.763  9229  9247 I art     : Starting a blocking GC Explicit
08-03 20:29:44.822  9229  9247 I art     : Explicit concurrent mark sweep GC freed 123(2096B) AllocSpace objects, 0(0B) LOS objects, 10% free, 136MB/152MB, paused 1.821ms total 58.709ms
08-03 20:29:44.846  9229  9247 I art     : Starting a blocking GC Explicit
08-03 20:29:44.906  9229  9247 I art     : Explicit concurrent mark sweep GC freed 154(2928B) AllocSpace objects, 0(0B) LOS objects, 10% free, 136MB/152MB, paused 1.889ms total 60.408ms
08-03 20:29:45.355  9229 10127 I art     : Starting a blocking GC Explicit
08-03 20:29:45.417  9229 10127 I art     : Explicit concurrent mark sweep GC freed 2376(107KB) AllocSpace objects, 2(36KB) LOS objects, 10% free, 136MB/152MB, paused 1.650ms total 60.970ms
08-03 20:29:45.441  9229 10127 I art     : Starting a blocking GC Explicit
08-03 20:29:45.503  9229 10127 I art     : Explicit concurrent mark sweep GC freed 168(3KB) AllocSpace objects, 0(0B) LOS objects, 10% free, 136MB/152MB, paused 1.939ms total 61.060ms
08-03 20:29:45.529  9229 10127 I art     : Starting a blocking GC Explicit
08-03 20:29:45.586  9229 10127 I art     : Explicit concurrent mark sweep GC freed 135(2752B) AllocSpace objects, 0(0B) LOS objects, 10% free, 136MB/152MB, paused 1.552ms total 56.245ms
08-03 20:29:45.609  9229 10127 I art     : Starting a blocking GC Explicit
08-03 20:29:45.667  9229 10127 I art     : Explicit concurrent mark sweep GC freed 133(2640B) AllocSpace objects, 0(0B) LOS objects, 10% free, 136MB/152MB, paused 1.571ms total 57.237ms
08-03 20:29:45.690  9229 10127 I art     : Starting a blocking GC Explicit
08-03 20:29:45.749  9229 10127 I art     : Explicit concurrent mark sweep GC freed 123(2096B) AllocSpace objects, 0(0B) LOS objects, 10% free, 136MB/152MB, paused 1.894ms total 58.512ms
08-03 20:29:46.210  9229  9241 I art     : Starting a blocking GC Explicit
08-03 20:29:46.272  9229  9241 I art     : Explicit concurrent mark sweep GC freed 2394(107KB) AllocSpace objects, 2(36KB) LOS objects, 10% free, 136MB/152MB, paused 1.736ms total 61.818ms
08-03 20:29:46.297  9229  9241 I art     : Starting a blocking GC Explicit
08-03 20:29:46.362  9229  9241 I art     : Explicit concurrent mark sweep GC freed 173(3KB) AllocSpace objects, 0(0B) LOS objects, 10% free, 136MB/152MB, paused 1.540ms total 64.246ms
08-03 20:29:46.362  9229  9239 I art     : WaitForGcToComplete blocked for 23.978ms for cause HeapTrim
08-03 20:29:46.383  9229  9241 I art     : Starting a blocking GC Explicit
08-03 20:29:46.439  9229  9241 I art     : Explicit concurrent mark sweep GC freed 100(1728B) AllocSpace objects, 0(0B) LOS objects, 10% free, 136MB/152MB, paused 1.742ms total 54.872ms
08-03 20:29:46.462  9229  9241 I art     : Starting a blocking GC Explicit
08-03 20:29:46.520  9229  9241 I art     : Explicit concurrent mark sweep GC freed 123(2096B) AllocSpace objects, 0(0B) LOS objects, 10% free, 136MB/152MB, paused 1.687ms total 57.751ms
08-03 20:29:46.544  9229  9241 I art     : Starting a blocking GC Explicit
08-03 20:29:46.601  9229  9241 I art     : Explicit concurrent mark sweep GC freed 123(2096B) AllocSpace objects, 0(0B) LOS objects, 10% free, 136MB/152MB, paused 1.732ms total 56.825ms
08-03 20:29:46.936 10935 10935 D AndroidRuntime: >>>>>> START com.android.internal.os.RuntimeInit uid 2000 <<<<<<
08-03 20:29:46.942 10935 10935 D AndroidRuntime: CheckJNI is OFF
08-03 20:29:46.992 10935 10935 D ICU     : No timezone override file found: /data/misc/zoneinfo/current/icu/icu_tzdata.dat
08-03 20:29:47.032  9229  9240 I art     : Starting a blocking GC Explicit
08-03 20:29:47.039 10935 10935 I Radio-JNI: register_android_hardware_Radio DONE
08-03 20:29:47.070 10935 10935 D AndroidRuntime: Calling main entry com.android.commands.input.Input
08-03 20:29:47.072 10935 10935 I Input   : injectKeyEvent: KeyEvent { action=ACTION_DOWN, keyCode=KEYCODE_BACK, scanCode=0, metaState=0, flags=0x0, repeatCount=0, eventTime=649803485, downTime=649803485, deviceId=-1, source=0x101 }
08-03 20:29:47.078 10935 10935 I Input   : injectKeyEvent: KeyEvent { action=ACTION_UP, keyCode=KEYCODE_BACK, scanCode=0, metaState=0, flags=0x0, repeatCount=0, eventTime=649803485, downTime=649803485, deviceId=-1, source=0x101 }
08-03 20:29:47.084 10935 10935 D AndroidRuntime: Shutting down VM
08-03 20:29:47.091  9229  9240 I art     : Explicit concurrent mark sweep GC freed 2350(106KB) AllocSpace objects, 2(36KB) LOS objects, 10% free, 136MB/152MB, paused 1.914ms total 58.256ms
08-03 20:29:47.099  9229  9229 V MainActivity: url = https://project-travel-mate.herokuapp.com/api/number-of-unread-notifications
08-03 20:29:47.113  9229  9240 I art     : Starting a blocking GC Explicit
08-03 20:29:47.126   518   646 I ThermalEngine: ACTION: GPU - Setting GPU[0] to 450000000
08-03 20:29:47.159  9229  9240 I art     : Explicit concurrent mark sweep GC freed 398(14KB) AllocSpace objects, 0(0B) LOS objects, 10% free, 136MB/152MB, paused 1.162ms total 45.505ms
08-03 20:29:47.179  9229  9240 I art     : Starting a blocking GC Explicit
08-03 20:29:47.196 13866 13866 I GoogleInputMethodServic: GoogleInputMethodService.onFinishInput():3138 
08-03 20:29:47.197 13866 13866 I GoogleInputMethodServic: GoogleInputMethodService.onStartInput():1808 
08-03 20:29:47.223  9229  9240 I art     : Explicit concurrent mark sweep GC freed 173(8KB) AllocSpace objects, 0(0B) LOS objects, 10% free, 136MB/152MB, paused 1.292ms total 44.198ms
08-03 20:29:47.244  9229  9240 I art     : Starting a blocking GC Explicit
08-03 20:29:47.284  9229  9240 I art     : Explicit concurrent mark sweep GC freed 126(2736B) AllocSpace objects, 0(0B) LOS objects, 10% free, 136MB/152MB, paused 1.004ms total 40.407ms
08-03 20:29:47.302  9229  9240 I art     : Starting a blocking GC Explicit
08-03 20:29:47.346  9229  9240 I art     : Explicit concurrent mark sweep GC freed 120(2800B) AllocSpace objects, 0(0B) LOS objects, 10% free, 136MB/152MB, paused 1.390ms total 44.644ms
08-03 20:29:47.490   380   380 W SurfaceFlinger: couldn't log to binary event log: overflow.
08-03 20:29:47.639  9229 10958 I NAPPA_EXPERIMENTATION: MetricNetworkRequestExecutionTime: REQUEST_DURATION_SYSTEM='539',REQUEST_DURATION_OKHTTP='39',REQUEST_SYNCHRONOUS='FALSE',RESPONSE_CODE='200',RESPONSE_METHOD='GET',RESPONSE_LENGTH_OKHTTP='36',RESPONSE_LENGTH_HEADER='36',REQUEST_PROTOCOL='http/1.1',REQUEST_URL='https://project-travel-mate.herokuapp.com/api/number-of-unread-notifications',
08-03 20:29:47.712  9229  9705 I art     : Starting a blocking GC Explicit
08-03 20:29:47.759  9229  9705 I art     : Explicit concurrent mark sweep GC freed 4669(247KB) AllocSpace objects, 5(236KB) LOS objects, 10% free, 136MB/152MB, paused 1.123ms total 47.091ms
08-03 20:29:47.776  9229  9705 I art     : Starting a blocking GC Explicit
08-03 20:29:47.817  9229  9705 I art     : Explicit concurrent mark sweep GC freed 1897(161KB) AllocSpace objects, 0(0B) LOS objects, 10% free, 136MB/152MB, paused 1.183ms total 40.764ms
08-03 20:29:47.834  9229  9705 I art     : Starting a blocking GC Explicit
08-03 20:29:47.878  9229  9705 I art     : Explicit concurrent mark sweep GC freed 5701(315KB) AllocSpace objects, 13(264KB) LOS objects, 10% free, 135MB/151MB, paused 1.094ms total 43.259ms
08-03 20:29:47.894  9229  9705 I art     : Starting a blocking GC Explicit
08-03 20:29:47.938  9229  9705 I art     : Explicit concurrent mark sweep GC freed 3(96B) AllocSpace objects, 0(0B) LOS objects, 10% free, 135MB/151MB, paused 1.201ms total 43.083ms
08-03 20:29:47.955  9229  9705 I art     : Starting a blocking GC Explicit
08-03 20:29:48.001  9229  9705 I art     : Explicit concurrent mark sweep GC freed 3(96B) AllocSpace objects, 0(0B) LOS objects, 10% free, 135MB/151MB, paused 1.123ms total 45.407ms
08-03 20:29:48.393  9229  9247 I art     : Starting a blocking GC Explicit
08-03 20:29:48.445  9229  9247 I art     : Explicit concurrent mark sweep GC freed 1631(95KB) AllocSpace objects, 2(36KB) LOS objects, 10% free, 135MB/151MB, paused 1.293ms total 51.751ms
08-03 20:29:48.466  9229  9247 I art     : Starting a blocking GC Explicit
08-03 20:29:48.512  9229  9247 I art     : Explicit concurrent mark sweep GC freed 40(1648B) AllocSpace objects, 0(0B) LOS objects, 10% free, 135MB/151MB, paused 1.192ms total 46.109ms
08-03 20:29:48.530  9229  9247 I art     : Starting a blocking GC Explicit
08-03 20:29:48.576  9229  9247 I art     : Explicit concurrent mark sweep GC freed 15(752B) AllocSpace objects, 0(0B) LOS objects, 10% free, 135MB/151MB, paused 1.170ms total 46.164ms
08-03 20:29:48.594  9229  9247 I art     : Starting a blocking GC Explicit
08-03 20:29:48.637  9229  9247 I art     : Explicit concurrent mark sweep GC freed 13(640B) AllocSpace objects, 0(0B) LOS objects, 10% free, 135MB/151MB, paused 1.158ms total 43.037ms
08-03 20:29:48.654  9229  9247 I art     : Starting a blocking GC Explicit
08-03 20:29:48.699  9229  9247 I art     : Explicit concurrent mark sweep GC freed 3(96B) AllocSpace objects, 0(0B) LOS objects, 10% free, 135MB/151MB, paused 1.209ms total 44.659ms
08-03 20:29:48.892 10980 10980 D AndroidRuntime: >>>>>> START com.android.internal.os.RuntimeInit uid 2000 <<<<<<
08-03 20:29:48.898 10980 10980 D AndroidRuntime: CheckJNI is OFF
08-03 20:29:48.936 10980 10980 D ICU     : No timezone override file found: /data/misc/zoneinfo/current/icu/icu_tzdata.dat
08-03 20:29:48.975 10980 10980 I Radio-JNI: register_android_hardware_Radio DONE
08-03 20:29:49.002 10980 10980 D AndroidRuntime: Calling main entry com.android.commands.input.Input
08-03 20:29:49.004 10980 10980 I Input   : injectMotionEvent: MotionEvent { action=ACTION_DOWN, actionButton=0, id[0]=0, x[0]=657.0, y[0]=2080.0, toolType[0]=TOOL_TYPE_UNKNOWN, buttonState=0, metaState=0, flags=0x0, edgeFlags=0x0, pointerCount=1, historySize=0, eventTime=649805417, downTime=649805417, deviceId=0, source=0x1002 }
08-03 20:29:49.030 10980 10980 I Input   : injectMotionEvent: MotionEvent { action=ACTION_UP, actionButton=0, id[0]=0, x[0]=657.0, y[0]=2080.0, toolType[0]=TOOL_TYPE_UNKNOWN, buttonState=0, metaState=0, flags=0x0, edgeFlags=0x0, pointerCount=1, historySize=0, eventTime=649805417, downTime=649805417, deviceId=0, source=0x1002 }
08-03 20:29:49.032 10980 10980 D AndroidRuntime: Shutting down VM
08-03 20:29:49.033   918  3714 I ActivityManager: START u0 {cmp=baseline.io.github.project_travel_mate/.utilities.UpcomingWeekendsActivity} from uid 10623 on display 0
08-03 20:29:49.033   512  2967 D audio_hw_primary: out_set_parameters: enter: usecase(1: low-latency-playback) kvpairs: routing=2
08-03 20:29:49.047   512  2967 D audio_hw_primary: select_devices: out_snd_device(2: speaker) in_snd_device(0: none)
08-03 20:29:49.047   512  2967 D msm8974_platform: platform_send_audio_calibration: sending audio calibration for snd_device(2) acdb_id(15)
08-03 20:29:49.047   512  2967 I soundtrigger: audio_extn_sound_trigger_update_device_status: device 0x2 of type 0 for Event 1
08-03 20:29:49.057   512  2967 D audio_hw_primary: enable_snd_device: snd_device(2: speaker)
08-03 20:29:49.059   512  2967 D audio_hw_primary: enable_audio_route: apply and update mixer path: low-latency-playback speaker
08-03 20:29:49.062  9229  9294 D Gabe    : call	returning from cache
08-03 20:29:49.065  9229  9229 V EXECUTING: https://project-travel-mate.herokuapp.com/api/get-upcoming-holidays/2020
08-03 20:29:49.067  9229  9229 V EXECUTING: https://project-travel-mate.herokuapp.com/api/get-upcoming-holidays/2020
08-03 20:29:49.087  9229  9241 I art     : Starting a blocking GC Explicit
08-03 20:29:49.131  9229  9241 I art     : Explicit concurrent mark sweep GC freed 2787(172KB) AllocSpace objects, 2(36KB) LOS objects, 10% free, 135MB/151MB, paused 1.310ms total 44.085ms
08-03 20:29:49.147  9229  9241 I art     : Starting a blocking GC Explicit
08-03 20:29:49.158 13866 13866 I GoogleInputMethodServic: GoogleInputMethodService.onFinishInput():3138 
08-03 20:29:49.158 13866 13866 I GoogleInputMethodServic: GoogleInputMethodService.onStartInput():1808 
08-03 20:29:49.192  9229  9241 I art     : Explicit concurrent mark sweep GC freed 750(29KB) AllocSpace objects, 0(0B) LOS objects, 10% free, 140MB/156MB, paused 1.543ms total 44.758ms
08-03 20:29:49.210  9229  9241 I art     : Starting a blocking GC Explicit
08-03 20:29:49.249   918   936 I ActivityManager: Displayed baseline.io.github.project_travel_mate/.utilities.UpcomingWeekendsActivity: +209ms
08-03 20:29:49.260  9229  9241 I art     : Explicit concurrent mark sweep GC freed 99(2944B) AllocSpace objects, 0(0B) LOS objects, 10% free, 140MB/156MB, paused 1.444ms total 50.187ms
08-03 20:29:49.278  9229  9241 I art     : Starting a blocking GC Explicit
08-03 20:29:49.325  9229  9241 I art     : Explicit concurrent mark sweep GC freed 35(640B) AllocSpace objects, 0(0B) LOS objects, 10% free, 140MB/156MB, paused 1.456ms total 47.420ms
08-03 20:29:49.343  9229  9241 I art     : Starting a blocking GC Explicit
08-03 20:29:49.388  9229  9241 I art     : Explicit concurrent mark sweep GC freed 80(1344B) AllocSpace objects, 0(0B) LOS objects, 10% free, 140MB/156MB, paused 1.544ms total 44.918ms
08-03 20:29:49.510   380   380 W SurfaceFlinger: couldn't log to binary event log: overflow.
08-03 20:29:49.598   512  2967 D audio_hw_primary: disable_audio_route: reset and update mixer path: low-latency-playback speaker
08-03 20:29:49.600   512  2967 D audio_hw_primary: disable_snd_device: snd_device(2: speaker)
08-03 20:29:49.608   512  2967 I soundtrigger: audio_extn_sound_trigger_update_device_status: device 0x2 of type 0 for Event 0
08-03 20:29:49.609  9229 11004 I NAPPA_EXPERIMENTATION: MetricNetworkRequestExecutionTime: REQUEST_DURATION_SYSTEM='543',REQUEST_DURATION_OKHTTP='51',REQUEST_SYNCHRONOUS='FALSE',RESPONSE_CODE='200',RESPONSE_METHOD='GET',RESPONSE_LENGTH_OKHTTP='6426',RESPONSE_LENGTH_HEADER='6426',REQUEST_PROTOCOL='http/1.1',REQUEST_URL='https://project-travel-mate.herokuapp.com/api/get-upcoming-holidays/2020',
08-03 20:29:49.621  9229  9229 V Response: [{"month":"January","date":1,"day":"Wednesday","name":"New Year's Day","type":"Restricted"},{"month":"January","date":2,"day":"Thursday","name":"Guru Govind Singh Jayanti","type":"Restricted"},{"month":"January","date":14,"day":"Tuesday","name":"Lohri","type":"Restricted"},{"month":"January","date":15,"day":"Wednesday","name":"Pongal","type":"Restricted"},{"month":"January","date":15,"day":"Wednesday","name":"Makar Sankranti","type":"Restricted"},{"month":"January","date":25,"day":"Saturday","name":"Chinese New Year","type":"Observance"},{"month":"January","date":26,"day":"Sunday","name":"Republic Day","type":"Gazetted"},{"month":"January","date":30,"day":"Thursday","name":"Vasant Panchami","type":"Restricted"},{"month":"February","date":9,"day":"Sunday","name":"Guru Ravidas Jayanti","type":"Restricted"},{"month":"February","date":14,"day":"Friday","name":"Valentine's Day","type":"Observance"},{"month":"February","date":18,"day":"Tuesday","name":"Maharishi Dayanand Saraswati Jayanti","type":"Restricted"},{"month":"February","date":19,"day":"Wednesday","name":"Shivaji Jayanti","type":"Restricted"},{"month":"February","date":21,"day":"Friday","name":"Maha Shivaratri/Shivaratri","type":"Gazetted"},{"month":"March","date":9,"day":"Monday","name":"Holika Dahana","type":"Restricted"},{"month":"March","date":9,"day":"Monday","name":"Hazarat Ali's Birthday","type":"Restricted"},{"month":"March","date":10,"day":"Tuesday","name":"Holi","type":"Gazetted"},{"month":"March","date":20,"day":"Friday","name":"March Equinox","type":"Season"},{"month":"March","date":25,"day":"Wednesday","name":"Chaitra Sukhladi","type":"Restricted"},{"month":"April","date":2,"day":"Thursday","name":"Rama Navami","type":"Gazetted"},{"month":"April","date":6,"day":"Monday","name":"Mahavir Jayanti","type":"Gazetted"},{"month":"April","date":9,"day":"Thursday","name":"First day of Passover","type":"Observance"},{"month":"April","date":9,"day":"Thursday","name":"Maundy Thursday","type":"Observance,"},{"month":"April","date":10,"day":"Friday","name":"Good Friday","type":"Gazetted"},{"month":"April","date":12,"day":"Sunday","name":"Easter Day","type":"Restricted"},{"month":"April","date":13,"day":"Monday","name":"Vaisakhi","type":"Restricted"},{"month":"April","date":14,"day":"Tuesday","name":"Mesadi/Vaisakhadi","type":"Restricted"},{"month":"April","date":14,"day":"Tuesday","name":"Ambedkar Jayanti","type":"Central"},{"month":"May","date":1,"day":"Friday","name":"May Day","type":"Observance"},{"month":"May","date":7,"day":"Thursday","name":"Buddha Purnima/Vesak","type":"Gazetted"},{"month":"May","date":7,"day":"Thursday","name":"Birthday of Ravindranath","type":"Restricted"},{"month":"May","date":10,"day":"Sunday","name":"Mother's Day","type":"Observance"},{"month":"May","date":22,"day":"Friday","name":"Jamat Ul-Vida","type":"Restricted"},{"month":"May","date":25,"day":"Monday","name":"Ramzan Id/Eid-ul-Fitar","type":"Gazetted"},{"month":"May","date":25,"day":"Monday","name":"Ramzan Id/Eid-ul-Fitar","type":"Muslim,"},{"month":"June","date":21,"day":"Sunday","name":"June Solstice","type":"Season"},{"month":"June","date":21,"day":"Sunday","name":"Father's Day","type":"Observance"},{"month":"June","date":23,"day":"Tuesday","name":"Rath Yatra","type":"Restricted"},{"month":"July","date":5,"day":"Sunday","name":"Guru Purnima","type":"Observance"},{"month":"July","date":31,"day":"Friday","name":"Bakr Id/Eid ul-Adha","type":"Gazetted"},{"month":"August","date":2,"day":"Sunday","name":"Friendship Day","type":"Observance"},{"month":"August","date":3,"day":"Monday","name":"Raksha Bandhan (Rakhi)","type":"Restricted"},{"month":"August","date":11,"day":"Tuesday","name":"Janmashtami (Smarta)","type":"Restricted"},{"month":"August","date":12,"day":"Wednesday","name":"Janmashtami","type":"Gazetted"},{"month":"August","date":15,"day":"Saturday","name":"Independence Day","type":"Gazetted"},{"month":"August","date":16,"day":"Sunday","name":"Parsi New Year","type":"Restricted"},{"month":"August","date":22,"day":"Saturday","name":"Ganesh Chaturthi/Vin
08-03 20:29:49.631  9229 11005 I NAPPA_EXPERIMENTATION: MetricNetworkRequestExecutionTime: REQUEST_DURATION_SYSTEM='563',REQUEST_DURATION_OKHTTP='67',REQUEST_SYNCHRONOUS='FALSE',RESPONSE_CODE='200',RESPONSE_METHOD='GET',RESPONSE_LENGTH_OKHTTP='6426',RESPONSE_LENGTH_HEADER='6426',REQUEST_PROTOCOL='http/1.1',REQUEST_URL='https://project-travel-mate.herokuapp.com/api/get-upcoming-holidays/2020',
08-03 20:29:49.681  9229  9229 V Response: [{"month":"January","date":1,"day":"Wednesday","name":"New Year's Day","type":"Restricted"},{"month":"January","date":2,"day":"Thursday","name":"Guru Govind Singh Jayanti","type":"Restricted"},{"month":"January","date":14,"day":"Tuesday","name":"Lohri","type":"Restricted"},{"month":"January","date":15,"day":"Wednesday","name":"Pongal","type":"Restricted"},{"month":"January","date":15,"day":"Wednesday","name":"Makar Sankranti","type":"Restricted"},{"month":"January","date":25,"day":"Saturday","name":"Chinese New Year","type":"Observance"},{"month":"January","date":26,"day":"Sunday","name":"Republic Day","type":"Gazetted"},{"month":"January","date":30,"day":"Thursday","name":"Vasant Panchami","type":"Restricted"},{"month":"February","date":9,"day":"Sunday","name":"Guru Ravidas Jayanti","type":"Restricted"},{"month":"February","date":14,"day":"Friday","name":"Valentine's Day","type":"Observance"},{"month":"February","date":18,"day":"Tuesday","name":"Maharishi Dayanand Saraswati Jayanti","type":"Restricted"},{"month":"February","date":19,"day":"Wednesday","name":"Shivaji Jayanti","type":"Restricted"},{"month":"February","date":21,"day":"Friday","name":"Maha Shivaratri/Shivaratri","type":"Gazetted"},{"month":"March","date":9,"day":"Monday","name":"Holika Dahana","type":"Restricted"},{"month":"March","date":9,"day":"Monday","name":"Hazarat Ali's Birthday","type":"Restricted"},{"month":"March","date":10,"day":"Tuesday","name":"Holi","type":"Gazetted"},{"month":"March","date":20,"day":"Friday","name":"March Equinox","type":"Season"},{"month":"March","date":25,"day":"Wednesday","name":"Chaitra Sukhladi","type":"Restricted"},{"month":"April","date":2,"day":"Thursday","name":"Rama Navami","type":"Gazetted"},{"month":"April","date":6,"day":"Monday","name":"Mahavir Jayanti","type":"Gazetted"},{"month":"April","date":9,"day":"Thursday","name":"First day of Passover","type":"Observance"},{"month":"April","date":9,"day":"Thursday","name":"Maundy Thursday","type":"Observance,"},{"month":"April","date":10,"day":"Friday","name":"Good Friday","type":"Gazetted"},{"month":"April","date":12,"day":"Sunday","name":"Easter Day","type":"Restricted"},{"month":"April","date":13,"day":"Monday","name":"Vaisakhi","type":"Restricted"},{"month":"April","date":14,"day":"Tuesday","name":"Mesadi/Vaisakhadi","type":"Restricted"},{"month":"April","date":14,"day":"Tuesday","name":"Ambedkar Jayanti","type":"Central"},{"month":"May","date":1,"day":"Friday","name":"May Day","type":"Observance"},{"month":"May","date":7,"day":"Thursday","name":"Buddha Purnima/Vesak","type":"Gazetted"},{"month":"May","date":7,"day":"Thursday","name":"Birthday of Ravindranath","type":"Restricted"},{"month":"May","date":10,"day":"Sunday","name":"Mother's Day","type":"Observance"},{"month":"May","date":22,"day":"Friday","name":"Jamat Ul-Vida","type":"Restricted"},{"month":"May","date":25,"day":"Monday","name":"Ramzan Id/Eid-ul-Fitar","type":"Gazetted"},{"month":"May","date":25,"day":"Monday","name":"Ramzan Id/Eid-ul-Fitar","type":"Muslim,"},{"month":"June","date":21,"day":"Sunday","name":"June Solstice","type":"Season"},{"month":"June","date":21,"day":"Sunday","name":"Father's Day","type":"Observance"},{"month":"June","date":23,"day":"Tuesday","name":"Rath Yatra","type":"Restricted"},{"month":"July","date":5,"day":"Sunday","name":"Guru Purnima","type":"Observance"},{"month":"July","date":31,"day":"Friday","name":"Bakr Id/Eid ul-Adha","type":"Gazetted"},{"month":"August","date":2,"day":"Sunday","name":"Friendship Day","type":"Observance"},{"month":"August","date":3,"day":"Monday","name":"Raksha Bandhan (Rakhi)","type":"Restricted"},{"month":"August","date":11,"day":"Tuesday","name":"Janmashtami (Smarta)","type":"Restricted"},{"month":"August","date":12,"day":"Wednesday","name":"Janmashtami","type":"Gazetted"},{"month":"August","date":15,"day":"Saturday","name":"Independence Day","type":"Gazetted"},{"month":"August","date":16,"day":"Sunday","name":"Parsi New Year","type":"Restricted"},{"month":"August","date":22,"day":"Saturday","name":"Ganesh Chaturthi/Vin
08-03 20:29:49.772  9229  9705 I art     : Starting a blocking GC Explicit
08-03 20:29:49.829  9229  9705 I art     : Explicit concurrent mark sweep GC freed 20732(870KB) AllocSpace objects, 12(4MB) LOS objects, 10% free, 136MB/152MB, paused 1.156ms total 56.644ms
08-03 20:29:49.847  9229  9705 I art     : Starting a blocking GC Explicit
08-03 20:29:49.895  9229  9705 I art     : Explicit concurrent mark sweep GC freed 3484(321KB) AllocSpace objects, 0(0B) LOS objects, 10% free, 136MB/152MB, paused 1.354ms total 47.100ms
08-03 20:29:49.913  9229  9705 I art     : Starting a blocking GC Explicit
08-03 20:29:49.964  9229  9705 I art     : Explicit concurrent mark sweep GC freed 118(2016B) AllocSpace objects, 0(0B) LOS objects, 10% free, 136MB/152MB, paused 1.315ms total 50.289ms
08-03 20:29:49.982  9229  9705 I art     : Starting a blocking GC Explicit
08-03 20:29:50.033  9229  9705 I art     : Explicit concurrent mark sweep GC freed 99(1696B) AllocSpace objects, 0(0B) LOS objects, 10% free, 136MB/152MB, paused 1.245ms total 51.098ms
08-03 20:29:50.052  9229  9705 I art     : Starting a blocking GC Explicit
08-03 20:29:50.103  9229  9705 I art     : Explicit concurrent mark sweep GC freed 99(1696B) AllocSpace objects, 0(0B) LOS objects, 10% free, 136MB/152MB, paused 1.208ms total 50.683ms
08-03 20:29:50.131   518   646 I ThermalEngine: ACTION: GPU - Setting GPU[0] to 390000000
08-03 20:29:50.537  9229 10127 I art     : Starting a blocking GC Explicit
08-03 20:29:50.601  9229 10127 I art     : Explicit concurrent mark sweep GC freed 2351(106KB) AllocSpace objects, 2(36KB) LOS objects, 10% free, 136MB/152MB, paused 1.887ms total 63.857ms
08-03 20:29:50.627  9229 10127 I art     : Starting a blocking GC Explicit
08-03 20:29:50.690  9229 10127 I art     : Explicit concurrent mark sweep GC freed 165(3KB) AllocSpace objects, 0(0B) LOS objects, 10% free, 136MB/152MB, paused 1.907ms total 61.718ms
08-03 20:29:50.714  9229 10127 I art     : Starting a blocking GC Explicit
08-03 20:29:50.716   918  3261 D WifiStateMachine: starting scan for "H369AA63323"WPA_PSK with 2412,5180
08-03 20:29:50.782  9229 10127 I art     : Explicit concurrent mark sweep GC freed 147(2496B) AllocSpace objects, 0(0B) LOS objects, 10% free, 136MB/152MB, paused 2.208ms total 67.519ms
08-03 20:29:50.807  9229 10127 I art     : Starting a blocking GC Explicit
08-03 20:29:50.869  9229 10127 I art     : Explicit concurrent mark sweep GC freed 153(2896B) AllocSpace objects, 0(0B) LOS objects, 10% free, 136MB/152MB, paused 2.005ms total 62.230ms
08-03 20:29:50.894  9229 10127 I art     : Starting a blocking GC Explicit
08-03 20:29:50.958  9229 10127 I art     : Explicit concurrent mark sweep GC freed 128(2256B) AllocSpace objects, 0(0B) LOS objects, 10% free, 136MB/152MB, paused 1.723ms total 62.816ms
08-03 20:29:51.396  9229  9247 I art     : Starting a blocking GC Explicit
08-03 20:29:51.461  9229  9247 I art     : Explicit concurrent mark sweep GC freed 2360(107KB) AllocSpace objects, 2(36KB) LOS objects, 10% free, 136MB/152MB, paused 2.134ms total 64.040ms
08-03 20:29:51.461  9229  9239 I art     : WaitForGcToComplete blocked for 22.139ms for cause HeapTrim
08-03 20:29:51.486  9229  9247 I art     : Starting a blocking GC Explicit
08-03 20:29:51.549  9229  9247 I art     : Explicit concurrent mark sweep GC freed 214(5KB) AllocSpace objects, 0(0B) LOS objects, 10% free, 136MB/152MB, paused 2.080ms total 62.509ms
08-03 20:29:51.574  9229  9247 I art     : Starting a blocking GC Explicit
08-03 20:29:51.637  9229  9247 I art     : Explicit concurrent mark sweep GC freed 135(2672B) AllocSpace objects, 0(0B) LOS objects, 10% free, 136MB/152MB, paused 1.925ms total 62.647ms
08-03 20:29:51.661  9229  9247 I art     : Starting a blocking GC Explicit
08-03 20:29:51.725  9229  9247 I art     : Explicit concurrent mark sweep GC freed 126(2288B) AllocSpace objects, 0(0B) LOS objects, 10% free, 136MB/152MB, paused 1.750ms total 63.195ms
08-03 20:29:51.750  9229  9247 I art     : Starting a blocking GC Explicit
08-03 20:29:51.813  9229  9247 I art     : Explicit concurrent mark sweep GC freed 124(2128B) AllocSpace objects, 0(0B) LOS objects, 10% free, 136MB/152MB, paused 1.868ms total 62.505ms
08-03 20:29:52.273  9229  9240 I art     : Starting a blocking GC Explicit
08-03 20:29:52.337  9229  9240 I art     : Explicit concurrent mark sweep GC freed 2418(107KB) AllocSpace objects, 2(36KB) LOS objects, 10% free, 136MB/152MB, paused 1.857ms total 64.302ms
08-03 20:29:52.363  9229  9240 I art     : Starting a blocking GC Explicit
08-03 20:29:52.425  9229  9240 I art     : Explicit concurrent mark sweep GC freed 151(3KB) AllocSpace objects, 0(0B) LOS objects, 10% free, 136MB/152MB, paused 1.727ms total 62.293ms
08-03 20:29:52.450  9229  9240 I art     : Starting a blocking GC Explicit
08-03 20:29:52.513  9229  9240 I art     : Explicit concurrent mark sweep GC freed 123(2096B) AllocSpace objects, 0(0B) LOS objects, 10% free, 136MB/152MB, paused 1.739ms total 62.402ms
08-03 20:29:52.537  9229  9240 I art     : Starting a blocking GC Explicit
08-03 20:29:52.600  9229  9240 I art     : Explicit concurrent mark sweep GC freed 147(2496B) AllocSpace objects, 0(0B) LOS objects, 10% free, 136MB/152MB, paused 1.904ms total 62.349ms
08-03 20:29:52.625  9229  9240 I art     : Starting a blocking GC Explicit
08-03 20:29:52.689  9229  9240 I art     : Explicit concurrent mark sweep GC freed 123(2096B) AllocSpace objects, 0(0B) LOS objects, 10% free, 136MB/152MB, paused 2.207ms total 63.175ms
08-03 20:29:53.135   518   646 I ThermalEngine: ACTION: GPU - Setting GPU[0] to 450000000
08-03 20:29:53.153  9229  9241 I art     : Starting a blocking GC Explicit
08-03 20:29:53.203  9229  9241 I art     : Explicit concurrent mark sweep GC freed 2394(107KB) AllocSpace objects, 2(36KB) LOS objects, 10% free, 136MB/152MB, paused 1.146ms total 49.873ms
08-03 20:29:53.221  9229  9241 I art     : Starting a blocking GC Explicit
08-03 20:29:53.273  9229  9241 I art     : Explicit concurrent mark sweep GC freed 126(2704B) AllocSpace objects, 0(0B) LOS objects, 10% free, 136MB/152MB, paused 1.132ms total 51.108ms
08-03 20:29:53.291  9229  9241 I art     : Starting a blocking GC Explicit
08-03 20:29:53.339  9229  9241 I art     : Explicit concurrent mark sweep GC freed 99(1696B) AllocSpace objects, 0(0B) LOS objects, 10% free, 136MB/152MB, paused 1.186ms total 47.396ms
08-03 20:29:53.357  9229  9241 I art     : Starting a blocking GC Explicit
08-03 20:29:53.404  9229  9241 I art     : Explicit concurrent mark sweep GC freed 99(1696B) AllocSpace objects, 0(0B) LOS objects, 10% free, 136MB/152MB, paused 1.157ms total 47.200ms
08-03 20:29:53.422  9229  9241 I art     : Starting a blocking GC Explicit
08-03 20:29:53.473  9229  9241 I art     : Explicit concurrent mark sweep GC freed 99(1696B) AllocSpace objects, 0(0B) LOS objects, 10% free, 136MB/152MB, paused 1.205ms total 50.047ms
08-03 20:29:53.816 11060 11060 D AndroidRuntime: >>>>>> START com.android.internal.os.RuntimeInit uid 2000 <<<<<<
08-03 20:29:53.822 11060 11060 D AndroidRuntime: CheckJNI is OFF
08-03 20:29:53.860  9229  9240 I art     : Starting a blocking GC Explicit
08-03 20:29:53.861 11060 11060 D ICU     : No timezone override file found: /data/misc/zoneinfo/current/icu/icu_tzdata.dat
08-03 20:29:53.903 11060 11060 I Radio-JNI: register_android_hardware_Radio DONE
08-03 20:29:53.907  9229  9240 I art     : Explicit concurrent mark sweep GC freed 2274(105KB) AllocSpace objects, 2(36KB) LOS objects, 10% free, 136MB/152MB, paused 1.233ms total 46.615ms
08-03 20:29:53.924  9229  9240 I art     : Starting a blocking GC Explicit
08-03 20:29:53.931 11060 11060 D AndroidRuntime: Calling main entry com.android.commands.input.Input
08-03 20:29:53.933 11060 11060 I Input   : injectKeyEvent: KeyEvent { action=ACTION_DOWN, keyCode=KEYCODE_BACK, scanCode=0, metaState=0, flags=0x0, repeatCount=0, eventTime=649810346, downTime=649810346, deviceId=-1, source=0x101 }
08-03 20:29:53.939 11060 11060 I Input   : injectKeyEvent: KeyEvent { action=ACTION_UP, keyCode=KEYCODE_BACK, scanCode=0, metaState=0, flags=0x0, repeatCount=0, eventTime=649810346, downTime=649810346, deviceId=-1, source=0x101 }
08-03 20:29:53.944 11060 11060 D AndroidRuntime: Shutting down VM
08-03 20:29:53.964  9229  9229 V MainActivity: url = https://project-travel-mate.herokuapp.com/api/number-of-unread-notifications
08-03 20:29:53.968  9229  9240 I art     : Explicit concurrent mark sweep GC freed 324(11KB) AllocSpace objects, 0(0B) LOS objects, 10% free, 136MB/152MB, paused 1.704ms total 44.014ms
08-03 20:29:53.985  9229  9240 I art     : Starting a blocking GC Explicit
08-03 20:29:53.995 13866 13866 I GoogleInputMethodServic: GoogleInputMethodService.onFinishInput():3138 
08-03 20:29:53.995 13866 13866 I GoogleInputMethodServic: GoogleInputMethodService.onStartInput():1808 
08-03 20:29:54.031  9229  9240 I art     : Explicit concurrent mark sweep GC freed 228(8KB) AllocSpace objects, 0(0B) LOS objects, 10% free, 136MB/152MB, paused 1.222ms total 45.756ms
08-03 20:29:54.053  9229  9240 I art     : Starting a blocking GC Explicit
08-03 20:29:54.097  9229  9240 I art     : Explicit concurrent mark sweep GC freed 137(7KB) AllocSpace objects, 0(0B) LOS objects, 10% free, 136MB/152MB, paused 1.282ms total 43.411ms
08-03 20:29:54.115  9229  9240 I art     : Starting a blocking GC Explicit
08-03 20:29:54.158  9229  9240 I art     : Explicit concurrent mark sweep GC freed 102(1792B) AllocSpace objects, 0(0B) LOS objects, 10% free, 136MB/152MB, paused 1.200ms total 42.592ms
08-03 20:29:54.347   380   380 W SurfaceFlinger: couldn't log to binary event log: overflow.
08-03 20:29:54.505  9229 11084 I NAPPA_EXPERIMENTATION: MetricNetworkRequestExecutionTime: REQUEST_DURATION_SYSTEM='540',REQUEST_DURATION_OKHTTP='40',REQUEST_SYNCHRONOUS='FALSE',RESPONSE_CODE='200',RESPONSE_METHOD='GET',RESPONSE_LENGTH_OKHTTP='36',RESPONSE_LENGTH_HEADER='36',REQUEST_PROTOCOL='http/1.1',REQUEST_URL='https://project-travel-mate.herokuapp.com/api/number-of-unread-notifications',
08-03 20:29:54.524  9229  9240 I art     : Starting a blocking GC Explicit
08-03 20:29:54.576  9229  9240 I art     : Explicit concurrent mark sweep GC freed 4674(246KB) AllocSpace objects, 5(236KB) LOS objects, 10% free, 136MB/152MB, paused 1.252ms total 51.526ms
08-03 20:29:54.594  9229  9240 I art     : Starting a blocking GC Explicit
08-03 20:29:54.636  9229  9240 I art     : Explicit concurrent mark sweep GC freed 7664(481KB) AllocSpace objects, 13(264KB) LOS objects, 10% free, 136MB/152MB, paused 1.165ms total 42.292ms
08-03 20:29:54.653  9229  9240 I art     : Starting a blocking GC Explicit
08-03 20:29:54.701  9229  9240 I art     : Explicit concurrent mark sweep GC freed 10(416B) AllocSpace objects, 0(0B) LOS objects, 10% free, 136MB/152MB, paused 1.233ms total 47.260ms
08-03 20:29:54.719  9229  9240 I art     : Starting a blocking GC Explicit
08-03 20:29:54.767  9229  9240 I art     : Explicit concurrent mark sweep GC freed 3(96B) AllocSpace objects, 0(0B) LOS objects, 10% free, 136MB/152MB, paused 1.457ms total 48.045ms
08-03 20:29:54.786  9229  9240 I art     : Starting a blocking GC Explicit
08-03 20:29:54.836  9229  9240 I art     : Explicit concurrent mark sweep GC freed 3(96B) AllocSpace objects, 0(0B) LOS objects, 10% free, 136MB/152MB, paused 1.285ms total 49.019ms
08-03 20:29:55.247  9229  9247 I art     : Starting a blocking GC Explicit
08-03 20:29:55.296  9229  9247 I art     : Explicit concurrent mark sweep GC freed 1663(95KB) AllocSpace objects, 2(36KB) LOS objects, 10% free, 136MB/152MB, paused 1.215ms total 48.181ms
08-03 20:29:55.313  9229  9247 I art     : Starting a blocking GC Explicit
08-03 20:29:55.361  9229  9247 I art     : Explicit concurrent mark sweep GC freed 44(1536B) AllocSpace objects, 0(0B) LOS objects, 10% free, 136MB/152MB, paused 1.224ms total 46.893ms
08-03 20:29:55.378  9229  9247 I art     : Starting a blocking GC Explicit
08-03 20:29:55.426  9229  9247 I art     : Explicit concurrent mark sweep GC freed 3(96B) AllocSpace objects, 0(0B) LOS objects, 10% free, 136MB/152MB, paused 1.182ms total 47.007ms
08-03 20:29:55.443  9229  9247 I art     : Starting a blocking GC Explicit
08-03 20:29:55.490  9229  9247 I art     : Explicit concurrent mark sweep GC freed 3(96B) AllocSpace objects, 0(0B) LOS objects, 10% free, 136MB/152MB, paused 1.276ms total 46.368ms
08-03 20:29:55.508  9229  9247 I art     : Starting a blocking GC Explicit
08-03 20:29:55.555  9229  9247 I art     : Explicit concurrent mark sweep GC freed 3(96B) AllocSpace objects, 0(0B) LOS objects, 10% free, 136MB/152MB, paused 1.156ms total 46.415ms
08-03 20:29:55.727 11106 11106 D AndroidRuntime: >>>>>> START com.android.internal.os.RuntimeInit uid 2000 <<<<<<
08-03 20:29:55.732 11106 11106 D AndroidRuntime: CheckJNI is OFF
08-03 20:29:55.770 11106 11106 D ICU     : No timezone override file found: /data/misc/zoneinfo/current/icu/icu_tzdata.dat
08-03 20:29:55.810 11106 11106 I Radio-JNI: register_android_hardware_Radio DONE
08-03 20:29:55.837 11106 11106 D AndroidRuntime: Calling main entry com.android.commands.input.Input
08-03 20:29:55.839 11106 11106 I Input   : injectMotionEvent: MotionEvent { action=ACTION_DOWN, actionButton=0, id[0]=0, x[0]=117.0, y[0]=170.0, toolType[0]=TOOL_TYPE_UNKNOWN, buttonState=0, metaState=0, flags=0x0, edgeFlags=0x0, pointerCount=1, historySize=0, eventTime=649812252, downTime=649812252, deviceId=0, source=0x1002 }
08-03 20:29:55.849 11106 11106 I Input   : injectMotionEvent: MotionEvent { action=ACTION_UP, actionButton=0, id[0]=0, x[0]=117.0, y[0]=170.0, toolType[0]=TOOL_TYPE_UNKNOWN, buttonState=0, metaState=0, flags=0x0, edgeFlags=0x0, pointerCount=1, historySize=0, eventTime=649812252, downTime=649812252, deviceId=0, source=0x1002 }
08-03 20:29:55.890 11106 11106 D AndroidRuntime: Shutting down VM
08-03 20:29:55.930   512  2967 D audio_hw_primary: out_set_parameters: enter: usecase(1: low-latency-playback) kvpairs: routing=2
08-03 20:29:55.943   512  2967 D audio_hw_primary: select_devices: out_snd_device(2: speaker) in_snd_device(0: none)
08-03 20:29:55.943   512  2967 D msm8974_platform: platform_send_audio_calibration: sending audio calibration for snd_device(2) acdb_id(15)
08-03 20:29:55.943   512  2967 I soundtrigger: audio_extn_sound_trigger_update_device_status: device 0x2 of type 0 for Event 1
08-03 20:29:55.944  9229  9247 I art     : Starting a blocking GC Explicit
08-03 20:29:55.953   512  2967 D audio_hw_primary: enable_snd_device: snd_device(2: speaker)
08-03 20:29:55.955   512  2967 D audio_hw_primary: enable_audio_route: apply and update mixer path: low-latency-playback speaker
08-03 20:29:55.987  9229  9247 I art     : Explicit concurrent mark sweep GC freed 1747(98KB) AllocSpace objects, 2(36KB) LOS objects, 10% free, 136MB/152MB, paused 1.121ms total 43.009ms
08-03 20:29:56.005  9229  9247 I art     : Starting a blocking GC Explicit
08-03 20:29:56.050  9229  9247 I art     : Explicit concurrent mark sweep GC freed 454(22KB) AllocSpace objects, 0(0B) LOS objects, 10% free, 136MB/152MB, paused 1.283ms total 44.274ms
08-03 20:29:56.067  9229  9247 I art     : Starting a blocking GC Explicit
08-03 20:29:56.110  9229  9247 I art     : Explicit concurrent mark sweep GC freed 7(384B) AllocSpace objects, 0(0B) LOS objects, 10% free, 136MB/152MB, paused 1.126ms total 42.061ms
08-03 20:29:56.130  9229  9247 I art     : Starting a blocking GC Explicit
08-03 20:29:56.172  9229  9247 I art     : Explicit concurrent mark sweep GC freed 3(96B) AllocSpace objects, 0(0B) LOS objects, 10% free, 136MB/152MB, paused 1.139ms total 42.222ms
08-03 20:29:56.190  9229  9247 I art     : Starting a blocking GC Explicit
08-03 20:29:56.233  9229  9247 I art     : Explicit concurrent mark sweep GC freed 3(96B) AllocSpace objects, 0(0B) LOS objects, 10% free, 136MB/152MB, paused 1.104ms total 42.475ms
08-03 20:29:56.488   512  2967 D audio_hw_primary: disable_audio_route: reset and update mixer path: low-latency-playback speaker
08-03 20:29:56.489   512  2967 D audio_hw_primary: disable_snd_device: snd_device(2: speaker)
08-03 20:29:56.498   512  2967 I soundtrigger: audio_extn_sound_trigger_update_device_status: device 0x2 of type 0 for Event 0
08-03 20:29:56.618  9229  9240 I art     : Starting a blocking GC Explicit
08-03 20:29:56.641 11129 11129 D AndroidRuntime: >>>>>> START com.android.internal.os.RuntimeInit uid 2000 <<<<<<
08-03 20:29:56.647 11129 11129 D AndroidRuntime: CheckJNI is OFF
08-03 20:29:56.666  9229  9240 I art     : Explicit concurrent mark sweep GC freed 1624(94KB) AllocSpace objects, 2(36KB) LOS objects, 10% free, 136MB/152MB, paused 1.251ms total 47.182ms
08-03 20:29:56.683  9229  9240 I art     : Starting a blocking GC Explicit
08-03 20:29:56.694 11129 11129 D ICU     : No timezone override file found: /data/misc/zoneinfo/current/icu/icu_tzdata.dat
08-03 20:29:56.729  9229  9240 I art     : Explicit concurrent mark sweep GC freed 40(1424B) AllocSpace objects, 0(0B) LOS objects, 10% free, 136MB/152MB, paused 1.218ms total 45.311ms
08-03 20:29:56.736 11129 11129 I Radio-JNI: register_android_hardware_Radio DONE
08-03 20:29:56.747  9229  9240 I art     : Starting a blocking GC Explicit
08-03 20:29:56.766 11129 11129 D AndroidRuntime: Calling main entry com.android.commands.input.Input
08-03 20:29:56.768 11129 11129 I Input   : injectMotionEvent: MotionEvent { action=ACTION_DOWN, actionButton=0, id[0]=0, x[0]=405.0, y[0]=661.0, toolType[0]=TOOL_TYPE_UNKNOWN, buttonState=0, metaState=0, flags=0x0, edgeFlags=0x0, pointerCount=1, historySize=0, eventTime=649813180, downTime=649813180, deviceId=0, source=0x1002 }
08-03 20:29:56.772 11129 11129 I Input   : injectMotionEvent: MotionEvent { action=ACTION_UP, actionButton=0, id[0]=0, x[0]=405.0, y[0]=661.0, toolType[0]=TOOL_TYPE_UNKNOWN, buttonState=0, metaState=0, flags=0x0, edgeFlags=0x0, pointerCount=1, historySize=0, eventTime=649813180, downTime=649813180, deviceId=0, source=0x1002 }
08-03 20:29:56.774 11129 11129 D AndroidRuntime: Shutting down VM
08-03 20:29:56.792  9229  9240 I art     : Explicit concurrent mark sweep GC freed 11(352B) AllocSpace objects, 0(0B) LOS objects, 10% free, 136MB/152MB, paused 1.565ms total 45.579ms
08-03 20:29:56.794   512  2967 D audio_hw_primary: out_set_parameters: enter: usecase(1: low-latency-playback) kvpairs: routing=2
08-03 20:29:56.807   512  2967 D audio_hw_primary: select_devices: out_snd_device(2: speaker) in_snd_device(0: none)
08-03 20:29:56.807   512  2967 D msm8974_platform: platform_send_audio_calibration: sending audio calibration for snd_device(2) acdb_id(15)
08-03 20:29:56.807   512  2967 I soundtrigger: audio_extn_sound_trigger_update_device_status: device 0x2 of type 0 for Event 1
08-03 20:29:56.810  9229  9240 I art     : Starting a blocking GC Explicit
08-03 20:29:56.819   512  2967 D audio_hw_primary: enable_snd_device: snd_device(2: speaker)
08-03 20:29:56.822   512  2967 D audio_hw_primary: enable_audio_route: apply and update mixer path: low-latency-playback speaker
08-03 20:29:56.855  9229  9240 I art     : Explicit concurrent mark sweep GC freed 479(74KB) AllocSpace objects, 0(0B) LOS objects, 8% free, 167MB/183MB, paused 1.265ms total 44.382ms
08-03 20:29:56.863   512  2967 D AudioFlinger: mixer(0xf4740000) throttle end: throttle time(12)
08-03 20:29:56.872  9229  9240 I art     : Starting a blocking GC Explicit
08-03 20:29:56.918  9229  9240 I art     : Explicit concurrent mark sweep GC freed 46(1760B) AllocSpace objects, 0(0B) LOS objects, 8% free, 167MB/183MB, paused 1.400ms total 45.996ms
08-03 20:29:57.145   518   646 I ThermalEngine: ACTION: GPU - Setting GPU[0] to 390000000
08-03 20:29:57.341  9229 10127 I art     : Starting a blocking GC Explicit
08-03 20:29:57.349   512  2967 D audio_hw_primary: disable_audio_route: reset and update mixer path: low-latency-playback speaker
08-03 20:29:57.350   512  2967 D audio_hw_primary: disable_snd_device: snd_device(2: speaker)
08-03 20:29:57.358   512  2967 I soundtrigger: audio_extn_sound_trigger_update_device_status: device 0x2 of type 0 for Event 0
08-03 20:29:57.393  9229 10127 I art     : Explicit concurrent mark sweep GC freed 3158(188KB) AllocSpace objects, 11(288KB) LOS objects, 8% free, 182MB/198MB, paused 1.589ms total 51.849ms
08-03 20:29:57.415  9229 10127 I art     : Starting a blocking GC Explicit
08-03 20:29:57.468  9229 10127 I art     : Explicit concurrent mark sweep GC freed 938(52KB) AllocSpace objects, 0(0B) LOS objects, 8% free, 182MB/198MB, paused 1.702ms total 52.821ms
08-03 20:29:57.492  9229 10127 I art     : Starting a blocking GC Explicit
08-03 20:29:57.547  9229 10127 I art     : Explicit concurrent mark sweep GC freed 20(1072B) AllocSpace objects, 0(0B) LOS objects, 8% free, 182MB/198MB, paused 1.664ms total 55.313ms
08-03 20:29:57.571  9229 10127 I art     : Starting a blocking GC Explicit
08-03 20:29:57.634  9229 10127 I art     : Explicit concurrent mark sweep GC freed 24(1168B) AllocSpace objects, 0(0B) LOS objects, 8% free, 182MB/198MB, paused 2.057ms total 62.907ms
08-03 20:29:57.663  9229 10127 I art     : Starting a blocking GC Explicit
08-03 20:29:57.729  9229 10127 I art     : Explicit concurrent mark sweep GC freed 7(320B) AllocSpace objects, 0(0B) LOS objects, 8% free, 182MB/198MB, paused 2.456ms total 64.976ms
08-03 20:29:58.214  9229  9240 I art     : Starting a blocking GC Explicit
08-03 20:29:58.288  9229  9240 I art     : Explicit concurrent mark sweep GC freed 1650(95KB) AllocSpace objects, 2(36KB) LOS objects, 8% free, 182MB/198MB, paused 2.013ms total 73.437ms
08-03 20:29:58.316  9229  9240 I art     : Starting a blocking GC Explicit
08-03 20:29:58.377  9229  9240 I art     : Explicit concurrent mark sweep GC freed 30(1104B) AllocSpace objects, 0(0B) LOS objects, 8% free, 182MB/198MB, paused 1.729ms total 60.142ms
08-03 20:29:58.401  9229  9240 I art     : Starting a blocking GC Explicit
08-03 20:29:58.469  9229  9240 I art     : Explicit concurrent mark sweep GC freed 3(96B) AllocSpace objects, 0(0B) LOS objects, 8% free, 182MB/198MB, paused 2.346ms total 66.884ms
08-03 20:29:58.497  9229  9240 I art     : Starting a blocking GC Explicit
08-03 20:29:58.564  9229  9240 I art     : Explicit concurrent mark sweep GC freed 3(96B) AllocSpace objects, 0(0B) LOS objects, 8% free, 182MB/198MB, paused 2.292ms total 65.993ms
08-03 20:29:58.592  9229  9240 I art     : Starting a blocking GC Explicit
08-03 20:29:58.653  9229  9240 I art     : Explicit concurrent mark sweep GC freed 3(96B) AllocSpace objects, 0(0B) LOS objects, 8% free, 182MB/198MB, paused 1.874ms total 60.574ms
08-03 20:29:59.098  9229  9241 I art     : Starting a blocking GC Explicit
08-03 20:29:59.158  9229  9241 I art     : Explicit concurrent mark sweep GC freed 1650(95KB) AllocSpace objects, 2(36KB) LOS objects, 8% free, 182MB/198MB, paused 1.910ms total 59.171ms
08-03 20:29:59.182  9229  9241 I art     : Starting a blocking GC Explicit
08-03 20:29:59.240  9229  9241 I art     : Explicit concurrent mark sweep GC freed 30(1104B) AllocSpace objects, 0(0B) LOS objects, 8% free, 182MB/198MB, paused 1.740ms total 57.395ms
08-03 20:29:59.263  9229  9241 I art     : Starting a blocking GC Explicit
08-03 20:29:59.322  9229  9241 I art     : Explicit concurrent mark sweep GC freed 3(96B) AllocSpace objects, 0(0B) LOS objects, 8% free, 182MB/198MB, paused 1.752ms total 58.473ms
08-03 20:29:59.346  9229  9241 I art     : Starting a blocking GC Explicit
08-03 20:29:59.404  9229  9241 I art     : Explicit concurrent mark sweep GC freed 3(96B) AllocSpace objects, 0(0B) LOS objects, 8% free, 182MB/198MB, paused 1.789ms total 57.848ms
08-03 20:29:59.428  9229  9241 I art     : Starting a blocking GC Explicit
08-03 20:29:59.488  9229  9241 I art     : Explicit concurrent mark sweep GC freed 3(96B) AllocSpace objects, 0(0B) LOS objects, 8% free, 182MB/198MB, paused 2.040ms total 59.577ms
08-03 20:29:59.671 11182 11182 D AndroidRuntime: >>>>>> START com.android.internal.os.RuntimeInit uid 2000 <<<<<<
08-03 20:29:59.678 11182 11182 D AndroidRuntime: CheckJNI is OFF
08-03 20:29:59.738 11182 11182 D ICU     : No timezone override file found: /data/misc/zoneinfo/current/icu/icu_tzdata.dat
08-03 20:29:59.782 11182 11182 I Radio-JNI: register_android_hardware_Radio DONE
08-03 20:29:59.814 11182 11182 D AndroidRuntime: Calling main entry com.android.commands.input.Input
08-03 20:29:59.816 11182 11182 I Input   : injectMotionEvent: MotionEvent { action=ACTION_DOWN, actionButton=0, id[0]=0, x[0]=117.0, y[0]=170.0, toolType[0]=TOOL_TYPE_UNKNOWN, buttonState=0, metaState=0, flags=0x0, edgeFlags=0x0, pointerCount=1, historySize=0, eventTime=649816229, downTime=649816229, deviceId=0, source=0x1002 }
08-03 20:29:59.822 11182 11182 I Input   : injectMotionEvent: MotionEvent { action=ACTION_UP, actionButton=0, id[0]=0, x[0]=117.0, y[0]=170.0, toolType[0]=TOOL_TYPE_UNKNOWN, buttonState=0, metaState=0, flags=0x0, edgeFlags=0x0, pointerCount=1, historySize=0, eventTime=649816229, downTime=649816229, deviceId=0, source=0x1002 }
08-03 20:29:59.826 11182 11182 D AndroidRuntime: Shutting down VM
08-03 20:29:59.840   512  2967 D audio_hw_primary: out_set_parameters: enter: usecase(1: low-latency-playback) kvpairs: routing=2
08-03 20:29:59.854   512  2967 D audio_hw_primary: select_devices: out_snd_device(2: speaker) in_snd_device(0: none)
08-03 20:29:59.854   512  2967 D msm8974_platform: platform_send_audio_calibration: sending audio calibration for snd_device(2) acdb_id(15)
08-03 20:29:59.854   512  2967 I soundtrigger: audio_extn_sound_trigger_update_device_status: device 0x2 of type 0 for Event 1
08-03 20:29:59.867   512  2967 D audio_hw_primary: enable_snd_device: snd_device(2: speaker)
08-03 20:29:59.869   512  2967 D audio_hw_primary: enable_audio_route: apply and update mixer path: low-latency-playback speaker
08-03 20:29:59.929  9229  9241 I art     : Starting a blocking GC Explicit
08-03 20:29:59.992  9229  9241 I art     : Explicit concurrent mark sweep GC freed 2099(117KB) AllocSpace objects, 2(36KB) LOS objects, 8% free, 182MB/198MB, paused 2.282ms total 62.019ms
08-03 20:30:00.014  9229  9241 I art     : Starting a blocking GC Explicit
08-03 20:30:00.077  9229  9241 I art     : Explicit concurrent mark sweep GC freed 65(2400B) AllocSpace objects, 0(0B) LOS objects, 8% free, 182MB/198MB, paused 1.701ms total 61.908ms
08-03 20:30:00.099  9229  9241 I art     : Starting a blocking GC Explicit
08-03 20:30:00.153  9229  9241 I art     : Explicit concurrent mark sweep GC freed 15(672B) AllocSpace objects, 0(0B) LOS objects, 8% free, 182MB/198MB, paused 1.667ms total 53.908ms
08-03 20:30:00.175  9229  9241 I art     : Starting a blocking GC Explicit
08-03 20:30:00.229  9229  9241 I art     : Explicit concurrent mark sweep GC freed 17(528B) AllocSpace objects, 0(0B) LOS objects, 8% free, 182MB/198MB, paused 1.575ms total 53.843ms
08-03 20:30:00.252  9229  9241 I art     : Starting a blocking GC Explicit
08-03 20:30:00.308  9229  9241 I art     : Explicit concurrent mark sweep GC freed 27(1200B) AllocSpace objects, 0(0B) LOS objects, 8% free, 182MB/198MB, paused 1.619ms total 55.027ms
08-03 20:30:00.409   512  2967 D audio_hw_primary: disable_audio_route: reset and update mixer path: low-latency-playback speaker
08-03 20:30:00.410   512  2967 D audio_hw_primary: disable_snd_device: snd_device(2: speaker)
08-03 20:30:00.418   512  2967 I soundtrigger: audio_extn_sound_trigger_update_device_status: device 0x2 of type 0 for Event 0
08-03 20:30:00.728 11205 11205 D AndroidRuntime: >>>>>> START com.android.internal.os.RuntimeInit uid 2000 <<<<<<
08-03 20:30:00.734 11205 11205 D AndroidRuntime: CheckJNI is OFF
08-03 20:30:00.755  9229  9705 I art     : Starting a blocking GC Explicit
08-03 20:30:00.788 11205 11205 D ICU     : No timezone override file found: /data/misc/zoneinfo/current/icu/icu_tzdata.dat
08-03 20:30:00.815  9229  9705 I art     : Explicit concurrent mark sweep GC freed 1651(95KB) AllocSpace objects, 2(36KB) LOS objects, 8% free, 182MB/198MB, paused 1.847ms total 59.480ms
08-03 20:30:00.834 11205 11205 I Radio-JNI: register_android_hardware_Radio DONE
08-03 20:30:00.839  9229  9705 I art     : Starting a blocking GC Explicit
08-03 20:30:00.866 11205 11205 D AndroidRuntime: Calling main entry com.android.commands.input.Input
08-03 20:30:00.868 11205 11205 I Input   : injectMotionEvent: MotionEvent { action=ACTION_DOWN, actionButton=0, id[0]=0, x[0]=418.0, y[0]=842.0, toolType[0]=TOOL_TYPE_UNKNOWN, buttonState=0, metaState=0, flags=0x0, edgeFlags=0x0, pointerCount=1, historySize=0, eventTime=649817280, downTime=649817280, deviceId=0, source=0x1002 }
08-03 20:30:00.874 11205 11205 I Input   : injectMotionEvent: MotionEvent { action=ACTION_UP, actionButton=0, id[0]=0, x[0]=418.0, y[0]=842.0, toolType[0]=TOOL_TYPE_UNKNOWN, buttonState=0, metaState=0, flags=0x0, edgeFlags=0x0, pointerCount=1, historySize=0, eventTime=649817280, downTime=649817280, deviceId=0, source=0x1002 }
08-03 20:30:00.877 11205 11205 D AndroidRuntime: Shutting down VM
08-03 20:30:00.891   512  2967 D audio_hw_primary: out_set_parameters: enter: usecase(1: low-latency-playback) kvpairs: routing=2
08-03 20:30:00.900  9229  9294 D Gabe    : call	returning from cache
08-03 20:30:00.900  9229  9705 I art     : Explicit concurrent mark sweep GC freed 474(20KB) AllocSpace objects, 0(0B) LOS objects, 8% free, 182MB/198MB, paused 3.398ms total 60.672ms
08-03 20:30:00.905   512  2967 D audio_hw_primary: select_devices: out_snd_device(2: speaker) in_snd_device(0: none)
08-03 20:30:00.905   512  2967 D msm8974_platform: platform_send_audio_calibration: sending audio calibration for snd_device(2) acdb_id(15)
08-03 20:30:00.905   512  2967 I soundtrigger: audio_extn_sound_trigger_update_device_status: device 0x2 of type 0 for Event 1
08-03 20:30:00.916   512  2967 D audio_hw_primary: enable_snd_device: snd_device(2: speaker)
08-03 20:30:00.919   512  2967 D audio_hw_primary: enable_audio_route: apply and update mixer path: low-latency-playback speaker
08-03 20:30:00.930  9229  9705 I art     : Starting a blocking GC Explicit
08-03 20:30:00.938  9229  9229 V MainActivity: url = https://project-travel-mate.herokuapp.com/api/number-of-unread-notifications
08-03 20:30:00.962   512  2967 D AudioFlinger: mixer(0xf4740000) throttle end: throttle time(12)
08-03 20:30:00.992  9229  9705 I art     : Explicit concurrent mark sweep GC freed 745(46KB) AllocSpace objects, 0(0B) LOS objects, 8% free, 183MB/199MB, paused 2.800ms total 61.607ms
08-03 20:30:01.018  9229  9705 I art     : Starting a blocking GC Explicit
08-03 20:30:01.082  9229  9705 I art     : Explicit concurrent mark sweep GC freed 429(29KB) AllocSpace objects, 0(0B) LOS objects, 8% free, 183MB/199MB, paused 2.274ms total 63.960ms
08-03 20:30:01.107  9229  9705 I art     : Starting a blocking GC Explicit
08-03 20:30:01.173  9229  9705 I art     : Explicit concurrent mark sweep GC freed 691(38KB) AllocSpace objects, 0(0B) LOS objects, 8% free, 183MB/199MB, paused 2.567ms total 65.169ms
08-03 20:30:01.449   512  2967 D audio_hw_primary: disable_audio_route: reset and update mixer path: low-latency-playback speaker
08-03 20:30:01.450   512  2967 D audio_hw_primary: disable_snd_device: snd_device(2: speaker)
08-03 20:30:01.459   512  2967 I soundtrigger: audio_extn_sound_trigger_update_device_status: device 0x2 of type 0 for Event 0
08-03 20:30:01.479  9229 11228 I NAPPA_EXPERIMENTATION: MetricNetworkRequestExecutionTime: REQUEST_DURATION_SYSTEM='540',REQUEST_DURATION_OKHTTP='41',REQUEST_SYNCHRONOUS='FALSE',RESPONSE_CODE='200',RESPONSE_METHOD='GET',RESPONSE_LENGTH_OKHTTP='36',RESPONSE_LENGTH_HEADER='36',REQUEST_PROTOCOL='http/1.1',REQUEST_URL='https://project-travel-mate.herokuapp.com/api/number-of-unread-notifications',
08-03 20:30:01.622  9229  9241 I art     : Starting a blocking GC Explicit
08-03 20:30:01.628  9229  9229 I Choreographer: Skipped 40 frames!  The application may be doing too much work on its main thread.
08-03 20:30:01.686  9229  9241 I art     : Explicit concurrent mark sweep GC freed 7225(382KB) AllocSpace objects, 14(492KB) LOS objects, 8% free, 183MB/199MB, paused 2.086ms total 63.234ms
08-03 20:30:01.686  9229  9239 I art     : WaitForGcToComplete blocked for 20.196ms for cause HeapTrim
08-03 20:30:01.709  9229  9241 I art     : Starting a blocking GC Explicit
08-03 20:30:01.777  9229  9241 I art     : Explicit concurrent mark sweep GC freed 2150(190KB) AllocSpace objects, 0(0B) LOS objects, 8% free, 183MB/199MB, paused 2.292ms total 67.149ms
08-03 20:30:01.802  9229  9241 I art     : Starting a blocking GC Explicit
08-03 20:30:01.869  9229  9241 I art     : Explicit concurrent mark sweep GC freed 698(31KB) AllocSpace objects, 0(0B) LOS objects, 8% free, 183MB/199MB, paused 2.057ms total 67.135ms
08-03 20:30:01.894  9229  9241 I art     : Starting a blocking GC Explicit
08-03 20:30:01.957  9229  9241 I art     : Explicit concurrent mark sweep GC freed 689(21KB) AllocSpace objects, 0(0B) LOS objects, 8% free, 183MB/199MB, paused 1.897ms total 62.578ms
08-03 20:30:01.982  9229  9241 I art     : Starting a blocking GC Explicit
08-03 20:30:02.048  9229  9241 I art     : Explicit concurrent mark sweep GC freed 156(2848B) AllocSpace objects, 0(0B) LOS objects, 8% free, 183MB/199MB, paused 1.737ms total 65.744ms
08-03 20:30:02.152   518   646 I ThermalEngine: ACTION: GPU - Setting GPU[0] to 450000000
08-03 20:30:02.455  9229  9240 I art     : Starting a blocking GC Explicit
08-03 20:30:02.514  9229  9240 I art     : Explicit concurrent mark sweep GC freed 2306(106KB) AllocSpace objects, 2(52KB) LOS objects, 8% free, 183MB/199MB, paused 1.188ms total 58.354ms
08-03 20:30:02.533  9229  9240 I art     : Starting a blocking GC Explicit
08-03 20:30:02.587  9229  9240 I art     : Explicit concurrent mark sweep GC freed 131(2896B) AllocSpace objects, 0(0B) LOS objects, 8% free, 183MB/199MB, paused 1.097ms total 53.575ms
08-03 20:30:02.609  9229  9240 I art     : Starting a blocking GC Explicit
08-03 20:30:02.666  9229  9240 I art     : Explicit concurrent mark sweep GC freed 132(2384B) AllocSpace objects, 0(0B) LOS objects, 8% free, 183MB/199MB, paused 1.148ms total 56.708ms
08-03 20:30:02.685  9229  9240 I art     : Starting a blocking GC Explicit
08-03 20:30:02.739  9229  9240 I art     : Explicit concurrent mark sweep GC freed 108(1984B) AllocSpace objects, 0(0B) LOS objects, 8% free, 183MB/199MB, paused 1.172ms total 53.414ms
08-03 20:30:02.757  9229  9240 I art     : Starting a blocking GC Explicit
08-03 20:30:02.813  9229  9240 I art     : Explicit concurrent mark sweep GC freed 129(2288B) AllocSpace objects, 0(0B) LOS objects, 8% free, 183MB/199MB, paused 1.169ms total 55.252ms
08-03 20:30:03.177  9822  9822 I ServiceManager: Waiting for service AtCmdFwd...
08-03 20:30:03.240  9229  9247 I art     : Starting a blocking GC Explicit
08-03 20:30:03.331  9229  9247 I art     : Explicit concurrent mark sweep GC freed 2410(108KB) AllocSpace objects, 2(52KB) LOS objects, 8% free, 183MB/199MB, paused 1.239ms total 90.973ms
08-03 20:30:03.349  9229  9247 I art     : Starting a blocking GC Explicit
08-03 20:30:03.401  9229  9247 I art     : Explicit concurrent mark sweep GC freed 138(3KB) AllocSpace objects, 0(0B) LOS objects, 8% free, 183MB/199MB, paused 1.203ms total 51.520ms
08-03 20:30:03.420  9229  9247 I art     : Starting a blocking GC Explicit
08-03 20:30:03.476  9229  9247 I art     : Explicit concurrent mark sweep GC freed 107(2048B) AllocSpace objects, 0(0B) LOS objects, 8% free, 183MB/199MB, paused 1.451ms total 55.981ms
08-03 20:30:03.495  9229  9247 I art     : Starting a blocking GC Explicit
08-03 20:30:03.551  9229  9247 I art     : Explicit concurrent mark sweep GC freed 133(2704B) AllocSpace objects, 0(0B) LOS objects, 8% free, 183MB/199MB, paused 1.272ms total 55.825ms
08-03 20:30:03.570  9229  9247 I art     : Starting a blocking GC Explicit
08-03 20:30:03.625  9229  9247 I art     : Explicit concurrent mark sweep GC freed 110(2272B) AllocSpace objects, 0(0B) LOS objects, 8% free, 183MB/199MB, paused 1.372ms total 55.340ms
08-03 20:30:03.674   918   937 W ProcessCpuTracker: Skipping unknown process pid 11256
08-03 20:30:03.674   918   937 W ProcessCpuTracker: Skipping unknown process pid 11258
08-03 20:30:03.674   918   937 W ProcessCpuTracker: Skipping unknown process pid 11259
08-03 20:30:03.681 11260 11260 D AndroidRuntime: >>>>>> START com.android.internal.os.RuntimeInit uid 2000 <<<<<<
08-03 20:30:03.687 11260 11260 D AndroidRuntime: CheckJNI is OFF
08-03 20:30:03.729 11260 11260 D ICU     : No timezone override file found: /data/misc/zoneinfo/current/icu/icu_tzdata.dat
08-03 20:30:03.770 11260 11260 I Radio-JNI: register_android_hardware_Radio DONE
08-03 20:30:03.798 11260 11260 D AndroidRuntime: Calling main entry com.android.commands.input.Input
08-03 20:30:03.800 11260 11260 I Input   : injectMotionEvent: MotionEvent { action=ACTION_DOWN, actionButton=0, id[0]=0, x[0]=117.0, y[0]=170.0, toolType[0]=TOOL_TYPE_UNKNOWN, buttonState=0, metaState=0, flags=0x0, edgeFlags=0x0, pointerCount=1, historySize=0, eventTime=649820213, downTime=649820213, deviceId=0, source=0x1002 }
08-03 20:30:03.804 11260 11260 I Input   : injectMotionEvent: MotionEvent { action=ACTION_UP, actionButton=0, id[0]=0, x[0]=117.0, y[0]=170.0, toolType[0]=TOOL_TYPE_UNKNOWN, buttonState=0, metaState=0, flags=0x0, edgeFlags=0x0, pointerCount=1, historySize=0, eventTime=649820213, downTime=649820213, deviceId=0, source=0x1002 }
08-03 20:30:03.807 11260 11260 D AndroidRuntime: Shutting down VM
08-03 20:30:03.813   512  2967 D audio_hw_primary: out_set_parameters: enter: usecase(1: low-latency-playback) kvpairs: routing=2
08-03 20:30:03.826   512  2967 D audio_hw_primary: select_devices: out_snd_device(2: speaker) in_snd_device(0: none)
08-03 20:30:03.826   512  2967 D msm8974_platform: platform_send_audio_calibration: sending audio calibration for snd_device(2) acdb_id(15)
08-03 20:30:03.827   512  2967 I soundtrigger: audio_extn_sound_trigger_update_device_status: device 0x2 of type 0 for Event 1
08-03 20:30:03.836   512  2967 D audio_hw_primary: enable_snd_device: snd_device(2: speaker)
08-03 20:30:03.839   512  2967 D audio_hw_primary: enable_audio_route: apply and update mixer path: low-latency-playback speaker
08-03 20:30:04.009  9229  9240 I art     : Starting a blocking GC Explicit
08-03 20:30:04.057  9229  9240 I art     : Explicit concurrent mark sweep GC freed 2726(127KB) AllocSpace objects, 2(52KB) LOS objects, 8% free, 183MB/199MB, paused 1.157ms total 47.774ms
08-03 20:30:04.075  9229  9240 I art     : Starting a blocking GC Explicit
08-03 20:30:04.124  9229  9240 I art     : Explicit concurrent mark sweep GC freed 160(3KB) AllocSpace objects, 0(0B) LOS objects, 8% free, 183MB/199MB, paused 1.166ms total 48.901ms
08-03 20:30:04.142  9229  9240 I art     : Starting a blocking GC Explicit
08-03 20:30:04.178  9822  9822 I ServiceManager: Waiting for service AtCmdFwd...
08-03 20:30:04.189  9229  9240 I art     : Explicit concurrent mark sweep GC freed 99(1696B) AllocSpace objects, 0(0B) LOS objects, 8% free, 183MB/199MB, paused 1.145ms total 46.401ms
08-03 20:30:04.207  9229  9240 I art     : Starting a blocking GC Explicit
08-03 20:30:04.253  9229  9240 I art     : Explicit concurrent mark sweep GC freed 107(1984B) AllocSpace objects, 0(0B) LOS objects, 8% free, 183MB/199MB, paused 1.140ms total 46.547ms
08-03 20:30:04.271  9229  9240 I art     : Starting a blocking GC Explicit
08-03 20:30:04.322  9229  9240 I art     : Explicit concurrent mark sweep GC freed 102(1792B) AllocSpace objects, 0(0B) LOS objects, 8% free, 183MB/199MB, paused 1.149ms total 50.844ms
08-03 20:30:04.379   512  2967 D audio_hw_primary: disable_audio_route: reset and update mixer path: low-latency-playback speaker
08-03 20:30:04.380   512  2967 D audio_hw_primary: disable_snd_device: snd_device(2: speaker)
08-03 20:30:04.391   512  2967 I soundtrigger: audio_extn_sound_trigger_update_device_status: device 0x2 of type 0 for Event 0
08-03 20:30:04.554 11283 11283 D AndroidRuntime: >>>>>> START com.android.internal.os.RuntimeInit uid 2000 <<<<<<
08-03 20:30:04.560 11283 11283 D AndroidRuntime: CheckJNI is OFF
08-03 20:30:04.602 11283 11283 D ICU     : No timezone override file found: /data/misc/zoneinfo/current/icu/icu_tzdata.dat
08-03 20:30:04.643 11283 11283 I Radio-JNI: register_android_hardware_Radio DONE
08-03 20:30:04.673 11283 11283 D AndroidRuntime: Calling main entry com.android.commands.input.Input
08-03 20:30:04.675 11283 11283 I Input   : injectMotionEvent: MotionEvent { action=ACTION_DOWN, actionButton=0, id[0]=0, x[0]=355.0, y[0]=1674.0, toolType[0]=TOOL_TYPE_UNKNOWN, buttonState=0, metaState=0, flags=0x0, edgeFlags=0x0, pointerCount=1, historySize=0, eventTime=649821087, downTime=649821087, deviceId=0, source=0x1002 }
08-03 20:30:04.679 11283 11283 I Input   : injectMotionEvent: MotionEvent { action=ACTION_UP, actionButton=0, id[0]=0, x[0]=355.0, y[0]=1674.0, toolType[0]=TOOL_TYPE_UNKNOWN, buttonState=0, metaState=0, flags=0x0, edgeFlags=0x0, pointerCount=1, historySize=0, eventTime=649821087, downTime=649821087, deviceId=0, source=0x1002 }
08-03 20:30:04.681 11283 11283 D AndroidRuntime: Shutting down VM
08-03 20:30:04.695   512  2967 D audio_hw_primary: out_set_parameters: enter: usecase(1: low-latency-playback) kvpairs: routing=2
08-03 20:30:04.707  9229  9229 V MainActivity: url = https://project-travel-mate.herokuapp.com/api/number-of-unread-notifications
08-03 20:30:04.709   512  2967 D audio_hw_primary: select_devices: out_snd_device(2: speaker) in_snd_device(0: none)
08-03 20:30:04.709   512  2967 D msm8974_platform: platform_send_audio_calibration: sending audio calibration for snd_device(2) acdb_id(15)
08-03 20:30:04.710   512  2967 I soundtrigger: audio_extn_sound_trigger_update_device_status: device 0x2 of type 0 for Event 1
08-03 20:30:04.721  9229  9705 I art     : Starting a blocking GC Explicit
08-03 20:30:04.726   512  2967 D audio_hw_primary: enable_snd_device: snd_device(2: speaker)
08-03 20:30:04.729   512  2967 D audio_hw_primary: enable_audio_route: apply and update mixer path: low-latency-playback speaker
08-03 20:30:04.770   512  2967 D AudioFlinger: mixer(0xf4740000) throttle end: throttle time(12)
08-03 20:30:04.778  9229  9705 I art     : Explicit concurrent mark sweep GC freed 4316(182KB) AllocSpace objects, 2(52KB) LOS objects, 7% free, 184MB/200MB, paused 1.533ms total 56.902ms
08-03 20:30:04.796  9229  9705 I art     : Starting a blocking GC Explicit
08-03 20:30:04.845  9229  9705 I art     : Explicit concurrent mark sweep GC freed 2398(199KB) AllocSpace objects, 0(0B) LOS objects, 8% free, 183MB/199MB, paused 1.302ms total 48.871ms
08-03 20:30:04.862  9229  9705 I art     : Starting a blocking GC Explicit
08-03 20:30:04.914  9229  9705 I art     : Explicit concurrent mark sweep GC freed 58(1584B) AllocSpace objects, 9(252KB) LOS objects, 8% free, 183MB/199MB, paused 1.233ms total 51.204ms
08-03 20:30:04.932  9229  9705 I art     : Starting a blocking GC Explicit
08-03 20:30:04.988  9229  9705 I art     : Explicit concurrent mark sweep GC freed 3(96B) AllocSpace objects, 0(0B) LOS objects, 8% free, 183MB/199MB, paused 1.414ms total 55.387ms
08-03 20:30:05.009  9229  9705 I art     : Starting a blocking GC Explicit
08-03 20:30:05.072  9229  9705 I art     : Explicit concurrent mark sweep GC freed 3(96B) AllocSpace objects, 0(0B) LOS objects, 8% free, 183MB/199MB, paused 1.427ms total 62.608ms
08-03 20:30:05.163   518   646 I ThermalEngine: ACTION: GPU - Setting GPU[0] to 390000000
08-03 20:30:05.178  9822  9822 I ServiceManager: Waiting for service AtCmdFwd...
08-03 20:30:05.257  9229 11304 I NAPPA_EXPERIMENTATION: MetricNetworkRequestExecutionTime: REQUEST_DURATION_SYSTEM='548',REQUEST_DURATION_OKHTTP='37',REQUEST_SYNCHRONOUS='FALSE',RESPONSE_CODE='200',RESPONSE_METHOD='GET',RESPONSE_LENGTH_OKHTTP='36',RESPONSE_LENGTH_HEADER='36',REQUEST_PROTOCOL='http/1.1',REQUEST_URL='https://project-travel-mate.herokuapp.com/api/number-of-unread-notifications',
08-03 20:30:05.259   512  2967 D audio_hw_primary: disable_audio_route: reset and update mixer path: low-latency-playback speaker
08-03 20:30:05.260   512  2967 D audio_hw_primary: disable_snd_device: snd_device(2: speaker)
08-03 20:30:05.268   512  2967 I soundtrigger: audio_extn_sound_trigger_update_device_status: device 0x2 of type 0 for Event 0
08-03 20:30:05.523  9229  9247 I art     : Starting a blocking GC Explicit
08-03 20:30:05.615  9229  9247 I art     : Explicit concurrent mark sweep GC freed 4455(243KB) AllocSpace objects, 5(248KB) LOS objects, 8% free, 183MB/199MB, paused 2.235ms total 91.396ms
08-03 20:30:05.643  9229  9247 I art     : Starting a blocking GC Explicit
08-03 20:30:05.719  9229  9247 I art     : Explicit concurrent mark sweep GC freed 964(117KB) AllocSpace objects, 0(0B) LOS objects, 8% free, 183MB/199MB, paused 2.362ms total 75.242ms
08-03 20:30:05.750  9229  9247 I art     : Starting a blocking GC Explicit
08-03 20:30:05.819  9229  9247 I art     : Explicit concurrent mark sweep GC freed 3(96B) AllocSpace objects, 0(0B) LOS objects, 8% free, 183MB/199MB, paused 2.103ms total 69.396ms
08-03 20:30:05.845  9229  9247 I art     : Starting a blocking GC Explicit
08-03 20:30:05.913  9229  9247 I art     : Explicit concurrent mark sweep GC freed 34(928B) AllocSpace objects, 0(0B) LOS objects, 8% free, 183MB/199MB, paused 1.937ms total 66.992ms
08-03 20:30:05.939  9229  9247 I art     : Starting a blocking GC Explicit
08-03 20:30:06.014  9229  9247 I art     : Explicit concurrent mark sweep GC freed 3(96B) AllocSpace objects, 0(0B) LOS objects, 8% free, 183MB/199MB, paused 2.324ms total 75.087ms
08-03 20:30:06.179  9822  9822 I ServiceManager: Waiting for service AtCmdFwd...
08-03 20:30:06.499  9229  9241 I art     : Starting a blocking GC Explicit
08-03 20:30:06.574  9229  9241 I art     : Explicit concurrent mark sweep GC freed 1674(96KB) AllocSpace objects, 2(48KB) LOS objects, 8% free, 183MB/199MB, paused 2.139ms total 74.046ms
08-03 20:30:06.602  9229  9241 I art     : Starting a blocking GC Explicit
08-03 20:30:06.664  9229  9241 I art     : Explicit concurrent mark sweep GC freed 59(2640B) AllocSpace objects, 0(0B) LOS objects, 8% free, 183MB/199MB, paused 1.672ms total 61.804ms
08-03 20:30:06.690  9229  9241 I art     : Starting a blocking GC Explicit
08-03 20:30:06.758  9229  9241 I art     : Explicit concurrent mark sweep GC freed 3(96B) AllocSpace objects, 0(0B) LOS objects, 8% free, 183MB/199MB, paused 1.935ms total 68.292ms
08-03 20:30:06.784  9229  9241 I art     : Starting a blocking GC Explicit
08-03 20:30:06.857  9229  9241 I art     : Explicit concurrent mark sweep GC freed 3(96B) AllocSpace objects, 0(0B) LOS objects, 8% free, 183MB/199MB, paused 2.146ms total 71.870ms
08-03 20:30:06.857  9229  9239 I art     : WaitForGcToComplete blocked for 72.396ms for cause HeapTrim
08-03 20:30:06.885  9229  9241 I art     : Starting a blocking GC Explicit
08-03 20:30:06.952  9229  9241 I art     : Explicit concurrent mark sweep GC freed 36(992B) AllocSpace objects, 0(0B) LOS objects, 8% free, 183MB/199MB, paused 1.817ms total 66.015ms
08-03 20:30:07.180  9822  9822 I ServiceManager: Waiting for service AtCmdFwd...
08-03 20:30:07.395  9229  9240 I art     : Starting a blocking GC Explicit
08-03 20:30:07.464  9229  9240 I art     : Explicit concurrent mark sweep GC freed 1634(95KB) AllocSpace objects, 2(48KB) LOS objects, 8% free, 183MB/199MB, paused 1.812ms total 67.969ms
08-03 20:30:07.488  9229  9240 I art     : Starting a blocking GC Explicit
08-03 20:30:07.553  9229  9240 I art     : Explicit concurrent mark sweep GC freed 44(1536B) AllocSpace objects, 0(0B) LOS objects, 8% free, 183MB/199MB, paused 1.887ms total 64.453ms
08-03 20:30:07.573 11327 11327 D AndroidRuntime: >>>>>> START com.android.internal.os.RuntimeInit uid 2000 <<<<<<
08-03 20:30:07.579  9229  9240 I art     : Starting a blocking GC Explicit
08-03 20:30:07.579 11327 11327 D AndroidRuntime: CheckJNI is OFF
08-03 20:30:07.629 11327 11327 D ICU     : No timezone override file found: /data/misc/zoneinfo/current/icu/icu_tzdata.dat
08-03 20:30:07.642  9229  9240 I art     : Explicit concurrent mark sweep GC freed 3(96B) AllocSpace objects, 0(0B) LOS objects, 8% free, 183MB/199MB, paused 1.913ms total 62.900ms
08-03 20:30:07.668  9229  9240 I art     : Starting a blocking GC Explicit
08-03 20:30:07.677 11327 11327 I Radio-JNI: register_android_hardware_Radio DONE
08-03 20:30:07.708 11327 11327 D AndroidRuntime: Calling main entry com.android.commands.input.Input
08-03 20:30:07.711 11327 11327 I Input   : injectMotionEvent: MotionEvent { action=ACTION_DOWN, actionButton=0, id[0]=0, x[0]=747.0, y[0]=608.0, toolType[0]=TOOL_TYPE_UNKNOWN, buttonState=0, metaState=0, flags=0x0, edgeFlags=0x0, pointerCount=1, historySize=0, eventTime=649824123, downTime=649824123, deviceId=0, source=0x1002 }
08-03 20:30:07.716 11327 11327 I Input   : injectMotionEvent: MotionEvent { action=ACTION_UP, actionButton=0, id[0]=0, x[0]=747.0, y[0]=608.0, toolType[0]=TOOL_TYPE_UNKNOWN, buttonState=0, metaState=0, flags=0x0, edgeFlags=0x0, pointerCount=1, historySize=0, eventTime=649824123, downTime=649824123, deviceId=0, source=0x1002 }
08-03 20:30:07.719 11327 11327 D AndroidRuntime: Shutting down VM
08-03 20:30:07.719   918  6110 I ActivityManager: START u0 {cmp=baseline.io.github.project_travel_mate/.utilities.ChecklistActivity} from uid 10623 on display 0
08-03 20:30:07.721   512  2967 D audio_hw_primary: out_set_parameters: enter: usecase(1: low-latency-playback) kvpairs: routing=2
08-03 20:30:07.732  9229  9240 I art     : Explicit concurrent mark sweep GC freed 7(208B) AllocSpace objects, 0(0B) LOS objects, 8% free, 183MB/199MB, paused 2.031ms total 63.159ms
08-03 20:30:07.734   512  2967 D audio_hw_primary: select_devices: out_snd_device(2: speaker) in_snd_device(0: none)
08-03 20:30:07.734   512  2967 D msm8974_platform: platform_send_audio_calibration: sending audio calibration for snd_device(2) acdb_id(15)
08-03 20:30:07.735   512  2967 I soundtrigger: audio_extn_sound_trigger_update_device_status: device 0x2 of type 0 for Event 1
08-03 20:30:07.745   512  2967 D audio_hw_primary: enable_snd_device: snd_device(2: speaker)
08-03 20:30:07.747   512  2967 D audio_hw_primary: enable_audio_route: apply and update mixer path: low-latency-playback speaker
08-03 20:30:07.757  9229  9240 I art     : Starting a blocking GC Explicit
08-03 20:30:07.824  9229  9240 I art     : Explicit concurrent mark sweep GC freed 762(49KB) AllocSpace objects, 0(0B) LOS objects, 8% free, 183MB/199MB, paused 2.894ms total 66.834ms
08-03 20:30:07.846   918   936 I ActivityManager: Displayed baseline.io.github.project_travel_mate/.utilities.ChecklistActivity: +114ms
08-03 20:30:07.846 13866 13866 I GoogleInputMethodServic: GoogleInputMethodService.onFinishInput():3138 
08-03 20:30:07.847 13866 13866 I GoogleInputMethodServic: GoogleInputMethodService.onStartInput():1808 
08-03 20:30:08.108   380   380 W SurfaceFlinger: couldn't log to binary event log: overflow.
08-03 20:30:08.180  9822  9822 W Atfwd_Sendcmd: AtCmdFwd service not published, waiting... retryCnt : 5
08-03 20:30:08.288   512  2967 D audio_hw_primary: disable_audio_route: reset and update mixer path: low-latency-playback speaker
08-03 20:30:08.290   512  2967 D audio_hw_primary: disable_snd_device: snd_device(2: speaker)
08-03 20:30:08.298   512  2967 I soundtrigger: audio_extn_sound_trigger_update_device_status: device 0x2 of type 0 for Event 0
08-03 20:30:08.319  9229  9240 I art     : Starting a blocking GC Explicit
08-03 20:30:08.391  9229  9240 I art     : Explicit concurrent mark sweep GC freed 2070(111KB) AllocSpace objects, 2(48KB) LOS objects, 8% free, 183MB/199MB, paused 1.868ms total 70.333ms
08-03 20:30:08.417  9229  9240 I art     : Starting a blocking GC Explicit
08-03 20:30:08.492  9229  9240 I art     : Explicit concurrent mark sweep GC freed 114(4KB) AllocSpace objects, 0(0B) LOS objects, 8% free, 183MB/199MB, paused 2.368ms total 74.336ms
08-03 20:30:08.520  9229  9240 I art     : Starting a blocking GC Explicit
08-03 20:30:08.598  9229  9240 I art     : Explicit concurrent mark sweep GC freed 3(96B) AllocSpace objects, 0(0B) LOS objects, 8% free, 183MB/199MB, paused 2.460ms total 77.492ms
08-03 20:30:08.628  9229  9240 I art     : Starting a blocking GC Explicit
08-03 20:30:08.697  9229  9240 I art     : Explicit concurrent mark sweep GC freed 3(96B) AllocSpace objects, 0(0B) LOS objects, 8% free, 183MB/199MB, paused 1.885ms total 68.692ms
08-03 20:30:08.722  9229  9240 I art     : Starting a blocking GC Explicit
08-03 20:30:08.788  9229  9240 I art     : Explicit concurrent mark sweep GC freed 3(96B) AllocSpace objects, 0(0B) LOS objects, 8% free, 183MB/199MB, paused 1.970ms total 65.897ms
08-03 20:30:09.254  9229  9705 I art     : Starting a blocking GC Explicit
08-03 20:30:09.331  9229  9705 I art     : Explicit concurrent mark sweep GC freed 1699(97KB) AllocSpace objects, 2(48KB) LOS objects, 8% free, 183MB/199MB, paused 2.118ms total 75.053ms
08-03 20:30:09.362  9229  9705 I art     : Starting a blocking GC Explicit
08-03 20:30:09.431  9229  9705 I art     : Explicit concurrent mark sweep GC freed 41(1680B) AllocSpace objects, 0(0B) LOS objects, 8% free, 183MB/199MB, paused 1.851ms total 67.749ms
08-03 20:30:09.456  9229  9705 I art     : Starting a blocking GC Explicit
08-03 20:30:09.528  9229  9705 I art     : Explicit concurrent mark sweep GC freed 13(640B) AllocSpace objects, 0(0B) LOS objects, 8% free, 183MB/199MB, paused 2.072ms total 71.273ms
08-03 20:30:09.559  9229  9705 I art     : Starting a blocking GC Explicit
08-03 20:30:09.634  9229  9705 I art     : Explicit concurrent mark sweep GC freed 15(752B) AllocSpace objects, 0(0B) LOS objects, 8% free, 183MB/199MB, paused 2.139ms total 74.699ms
08-03 20:30:09.662  9229  9705 I art     : Starting a blocking GC Explicit
08-03 20:30:09.731  9229  9705 I art     : Explicit concurrent mark sweep GC freed 13(640B) AllocSpace objects, 0(0B) LOS objects, 8% free, 183MB/199MB, paused 1.952ms total 68.520ms
08-03 20:30:10.165   518   646 I ThermalEngine: ACTION: GPU - Setting GPU[0] to 450000000
08-03 20:30:10.213  9229  9241 I art     : Starting a blocking GC Explicit
08-03 20:30:10.289  9229  9241 I art     : Explicit concurrent mark sweep GC freed 1660(95KB) AllocSpace objects, 2(48KB) LOS objects, 8% free, 183MB/199MB, paused 1.481ms total 75.430ms
08-03 20:30:10.310  9229  9241 I art     : Starting a blocking GC Explicit
08-03 20:30:10.371  9229  9241 I art     : Explicit concurrent mark sweep GC freed 30(1104B) AllocSpace objects, 0(0B) LOS objects, 8% free, 183MB/199MB, paused 1.229ms total 60.677ms
08-03 20:30:10.391  9229  9241 I art     : Starting a blocking GC Explicit
08-03 20:30:10.454  9229  9241 I art     : Explicit concurrent mark sweep GC freed 3(96B) AllocSpace objects, 0(0B) LOS objects, 8% free, 183MB/199MB, paused 1.329ms total 62.451ms
08-03 20:30:10.476  9229  9241 I art     : Starting a blocking GC Explicit
08-03 20:30:10.543  9229  9241 I art     : Explicit concurrent mark sweep GC freed 3(96B) AllocSpace objects, 0(0B) LOS objects, 8% free, 183MB/199MB, paused 1.328ms total 67.399ms
08-03 20:30:10.566  9229  9241 I art     : Starting a blocking GC Explicit
08-03 20:30:10.624  9229  9241 I art     : Explicit concurrent mark sweep GC freed 3(96B) AllocSpace objects, 0(0B) LOS objects, 8% free, 183MB/199MB, paused 1.251ms total 57.804ms
08-03 20:30:10.720   918  3261 D WifiStateMachine: starting scan for "H369AA63323"WPA_PSK with 2412,5180
08-03 20:30:11.050  9229  9247 I art     : Starting a blocking GC Explicit
08-03 20:30:11.128  9229  9247 I art     : Explicit concurrent mark sweep GC freed 1658(95KB) AllocSpace objects, 2(48KB) LOS objects, 8% free, 183MB/199MB, paused 1.362ms total 77.947ms
08-03 20:30:11.150  9229  9247 I art     : Starting a blocking GC Explicit
08-03 20:30:11.211  9229  9247 I art     : Explicit concurrent mark sweep GC freed 30(1104B) AllocSpace objects, 0(0B) LOS objects, 8% free, 183MB/199MB, paused 1.264ms total 60.442ms
08-03 20:30:11.231  9229  9247 I art     : Starting a blocking GC Explicit
08-03 20:30:11.296  9229  9247 I art     : Explicit concurrent mark sweep GC freed 3(96B) AllocSpace objects, 0(0B) LOS objects, 8% free, 183MB/199MB, paused 1.336ms total 65.428ms
08-03 20:30:11.317  9229  9247 I art     : Starting a blocking GC Explicit
08-03 20:30:11.379  9229  9247 I art     : Explicit concurrent mark sweep GC freed 3(96B) AllocSpace objects, 0(0B) LOS objects, 8% free, 183MB/199MB, paused 1.321ms total 61.600ms
08-03 20:30:11.399  9229  9247 I art     : Starting a blocking GC Explicit
08-03 20:30:11.460  9229  9247 I art     : Explicit concurrent mark sweep GC freed 3(96B) AllocSpace objects, 0(0B) LOS objects, 8% free, 183MB/199MB, paused 1.373ms total 61.169ms
08-03 20:30:11.894  9229 10127 I art     : Starting a blocking GC Explicit
08-03 20:30:11.971  9229 10127 I art     : Explicit concurrent mark sweep GC freed 1660(95KB) AllocSpace objects, 2(48KB) LOS objects, 8% free, 183MB/199MB, paused 1.271ms total 76.999ms
08-03 20:30:11.972  9229  9239 I art     : WaitForGcToComplete blocked for 19.556ms for cause HeapTrim
08-03 20:30:11.991  9229 10127 I art     : Starting a blocking GC Explicit
08-03 20:30:12.043  9229 10127 I art     : Explicit concurrent mark sweep GC freed 30(1104B) AllocSpace objects, 0(0B) LOS objects, 8% free, 183MB/199MB, paused 1.166ms total 51.069ms
08-03 20:30:12.061  9229 10127 I art     : Starting a blocking GC Explicit
08-03 20:30:12.116  9229 10127 I art     : Explicit concurrent mark sweep GC freed 3(96B) AllocSpace objects, 0(0B) LOS objects, 8% free, 183MB/199MB, paused 1.241ms total 53.919ms
08-03 20:30:12.134  9229 10127 I art     : Starting a blocking GC Explicit
08-03 20:30:12.189  9229 10127 I art     : Explicit concurrent mark sweep GC freed 3(96B) AllocSpace objects, 0(0B) LOS objects, 8% free, 183MB/199MB, paused 1.262ms total 54.468ms
08-03 20:30:12.208  9229 10127 I art     : Starting a blocking GC Explicit
08-03 20:30:12.266  9229 10127 I art     : Explicit concurrent mark sweep GC freed 3(96B) AllocSpace objects, 0(0B) LOS objects, 8% free, 183MB/199MB, paused 1.289ms total 58.261ms
08-03 20:30:12.513 11404 11404 D AndroidRuntime: >>>>>> START com.android.internal.os.RuntimeInit uid 2000 <<<<<<
08-03 20:30:12.519 11404 11404 D AndroidRuntime: CheckJNI is OFF
08-03 20:30:12.561 11404 11404 D ICU     : No timezone override file found: /data/misc/zoneinfo/current/icu/icu_tzdata.dat
08-03 20:30:12.603 11404 11404 I Radio-JNI: register_android_hardware_Radio DONE
08-03 20:30:12.632 11404 11404 D AndroidRuntime: Calling main entry com.android.commands.input.Input
08-03 20:30:12.634 11404 11404 I Input   : injectKeyEvent: KeyEvent { action=ACTION_DOWN, keyCode=KEYCODE_BACK, scanCode=0, metaState=0, flags=0x0, repeatCount=0, eventTime=649829047, downTime=649829047, deviceId=-1, source=0x101 }
08-03 20:30:12.639 11404 11404 I Input   : injectKeyEvent: KeyEvent { action=ACTION_UP, keyCode=KEYCODE_BACK, scanCode=0, metaState=0, flags=0x0, repeatCount=0, eventTime=649829047, downTime=649829047, deviceId=-1, source=0x101 }
08-03 20:30:12.646 11404 11404 D AndroidRuntime: Shutting down VM
08-03 20:30:12.663  9229  9229 V MainActivity: url = https://project-travel-mate.herokuapp.com/api/number-of-unread-notifications
08-03 20:30:12.695  9229 10127 I art     : Starting a blocking GC Explicit
08-03 20:30:12.701 13866 13866 I GoogleInputMethodServic: GoogleInputMethodService.onFinishInput():3138 
08-03 20:30:12.701 13866 13866 I GoogleInputMethodServic: GoogleInputMethodService.onStartInput():1808 
08-03 20:30:12.756  9229 10127 I art     : Explicit concurrent mark sweep GC freed 2064(112KB) AllocSpace objects, 2(48KB) LOS objects, 8% free, 183MB/199MB, paused 1.403ms total 60.082ms
08-03 20:30:12.774  9229 10127 I art     : Starting a blocking GC Explicit
08-03 20:30:12.823  9229 10127 I art     : Explicit concurrent mark sweep GC freed 169(9KB) AllocSpace objects, 0(0B) LOS objects, 8% free, 183MB/199MB, paused 1.128ms total 49.335ms
08-03 20:30:12.841  9229 10127 I art     : Starting a blocking GC Explicit
08-03 20:30:12.900  9229 10127 I art     : Explicit concurrent mark sweep GC freed 50(1568B) AllocSpace objects, 0(0B) LOS objects, 8% free, 183MB/199MB, paused 1.200ms total 58.436ms
08-03 20:30:12.923  9229 10127 I art     : Starting a blocking GC Explicit
08-03 20:30:12.983  9229 10127 I art     : Explicit concurrent mark sweep GC freed 22(1184B) AllocSpace objects, 0(0B) LOS objects, 8% free, 183MB/199MB, paused 1.135ms total 58.896ms
08-03 20:30:13.005  9229 10127 I art     : Starting a blocking GC Explicit
08-03 20:30:13.015   380   380 W SurfaceFlinger: couldn't log to binary event log: overflow.
08-03 20:30:13.057  9229 10127 I art     : Explicit concurrent mark sweep GC freed 412(18KB) AllocSpace objects, 0(0B) LOS objects, 8% free, 183MB/199MB, paused 1.327ms total 52.362ms
08-03 20:30:13.242  9229 11427 I NAPPA_EXPERIMENTATION: MetricNetworkRequestExecutionTime: REQUEST_DURATION_SYSTEM='577',REQUEST_DURATION_OKHTTP='33',REQUEST_SYNCHRONOUS='FALSE',RESPONSE_CODE='200',RESPONSE_METHOD='GET',RESPONSE_LENGTH_OKHTTP='36',RESPONSE_LENGTH_HEADER='36',REQUEST_PROTOCOL='http/1.1',REQUEST_URL='https://project-travel-mate.herokuapp.com/api/number-of-unread-notifications',
08-03 20:30:13.457  9229  9247 I art     : Starting a blocking GC Explicit
08-03 20:30:13.534  9229  9247 I art     : Explicit concurrent mark sweep GC freed 4483(245KB) AllocSpace objects, 5(248KB) LOS objects, 7% free, 184MB/200MB, paused 1.455ms total 76.691ms
08-03 20:30:13.556  9229  9247 I art     : Starting a blocking GC Explicit
08-03 20:30:13.613  9229  9247 I art     : Explicit concurrent mark sweep GC freed 1088(123KB) AllocSpace objects, 0(0B) LOS objects, 7% free, 184MB/200MB, paused 1.311ms total 56.226ms
08-03 20:30:13.632  9229  9247 I art     : Starting a blocking GC Explicit
08-03 20:30:13.687  9229  9247 I art     : Explicit concurrent mark sweep GC freed 3(96B) AllocSpace objects, 0(0B) LOS objects, 7% free, 184MB/200MB, paused 1.236ms total 55.281ms
08-03 20:30:13.706  9229  9247 I art     : Starting a blocking GC Explicit
08-03 20:30:13.758  9229  9247 I art     : Explicit concurrent mark sweep GC freed 3(96B) AllocSpace objects, 0(0B) LOS objects, 7% free, 184MB/200MB, paused 1.323ms total 51.879ms
08-03 20:30:13.776  9229  9247 I art     : Starting a blocking GC Explicit
08-03 20:30:13.832  9229  9247 I art     : Explicit concurrent mark sweep GC freed 16(704B) AllocSpace objects, 0(0B) LOS objects, 7% free, 184MB/200MB, paused 1.273ms total 55.727ms
08-03 20:30:14.229  9229  9705 I art     : Starting a blocking GC Explicit
08-03 20:30:14.296  9229  9705 I art     : Explicit concurrent mark sweep GC freed 1675(96KB) AllocSpace objects, 2(48KB) LOS objects, 7% free, 184MB/200MB, paused 1.265ms total 66.083ms
08-03 20:30:14.316  9229  9705 I art     : Starting a blocking GC Explicit
08-03 20:30:14.375  9229  9705 I art     : Explicit concurrent mark sweep GC freed 40(1424B) AllocSpace objects, 0(0B) LOS objects, 7% free, 184MB/200MB, paused 1.220ms total 58.878ms
08-03 20:30:14.397  9229  9705 I art     : Starting a blocking GC Explicit
08-03 20:30:14.446 11439 11439 D AndroidRuntime: >>>>>> START com.android.internal.os.RuntimeInit uid 2000 <<<<<<
08-03 20:30:14.453 11439 11439 D AndroidRuntime: CheckJNI is OFF
08-03 20:30:14.457  9229  9705 I art     : Explicit concurrent mark sweep GC freed 12(384B) AllocSpace objects, 0(0B) LOS objects, 7% free, 184MB/200MB, paused 1.313ms total 59.672ms
08-03 20:30:14.478  9229  9705 I art     : Starting a blocking GC Explicit
08-03 20:30:14.502 11439 11439 D ICU     : No timezone override file found: /data/misc/zoneinfo/current/icu/icu_tzdata.dat
08-03 20:30:14.537  9229  9705 I art     : Explicit concurrent mark sweep GC freed 12(384B) AllocSpace objects, 0(0B) LOS objects, 7% free, 184MB/200MB, paused 1.215ms total 58.664ms
08-03 20:30:14.554 11439 11439 I Radio-JNI: register_android_hardware_Radio DONE
08-03 20:30:14.557  9229  9705 I art     : Starting a blocking GC Explicit
08-03 20:30:14.585 11439 11439 D AndroidRuntime: Calling main entry com.android.commands.input.Input
08-03 20:30:14.588 11439 11439 I Input   : injectMotionEvent: MotionEvent { action=ACTION_DOWN, actionButton=0, id[0]=0, x[0]=657.0, y[0]=2037.0, toolType[0]=TOOL_TYPE_UNKNOWN, buttonState=0, metaState=0, flags=0x0, edgeFlags=0x0, pointerCount=1, historySize=0, eventTime=649831000, downTime=649831000, deviceId=0, source=0x1002 }
08-03 20:30:14.593 11439 11439 I Input   : injectMotionEvent: MotionEvent { action=ACTION_UP, actionButton=0, id[0]=0, x[0]=657.0, y[0]=2037.0, toolType[0]=TOOL_TYPE_UNKNOWN, buttonState=0, metaState=0, flags=0x0, edgeFlags=0x0, pointerCount=1, historySize=0, eventTime=649831000, downTime=649831000, deviceId=0, source=0x1002 }
08-03 20:30:14.595   918  5481 I ActivityManager: START u0 {cmp=baseline.io.github.project_travel_mate/.utilities.CompassActivity} from uid 10623 on display 0
08-03 20:30:14.595 11439 11439 D AndroidRuntime: Shutting down VM
08-03 20:30:14.597   512  2967 D audio_hw_primary: out_set_parameters: enter: usecase(1: low-latency-playback) kvpairs: routing=2
08-03 20:30:14.610   512  2967 D audio_hw_primary: select_devices: out_snd_device(2: speaker) in_snd_device(0: none)
08-03 20:30:14.610   512  2967 D msm8974_platform: platform_send_audio_calibration: sending audio calibration for snd_device(2) acdb_id(15)
08-03 20:30:14.610   512  2967 I soundtrigger: audio_extn_sound_trigger_update_device_status: device 0x2 of type 0 for Event 1
08-03 20:30:14.614  9229  9705 I art     : Explicit concurrent mark sweep GC freed 40(1664B) AllocSpace objects, 0(0B) LOS objects, 7% free, 184MB/200MB, paused 1.867ms total 56.795ms
08-03 20:30:14.621   512  2967 D audio_hw_primary: enable_snd_device: snd_device(2: speaker)
08-03 20:30:14.623   512  2967 D audio_hw_primary: enable_audio_route: apply and update mixer path: low-latency-playback speaker
08-03 20:30:14.996  9229  9241 I art     : Starting a blocking GC Explicit
08-03 20:30:15.052  9229  9241 I art     : Explicit concurrent mark sweep GC freed 110(4KB) AllocSpace objects, 0(0B) LOS objects, 6% free, 233MB/249MB, paused 1.315ms total 54.896ms
08-03 20:30:15.071  9229  9241 I art     : Starting a blocking GC Explicit
08-03 20:30:15.123  9229  9241 I art     : Explicit concurrent mark sweep GC freed 7(224B) AllocSpace objects, 0(0B) LOS objects, 6% free, 236MB/252MB, paused 1.365ms total 52.271ms
08-03 20:30:15.142  9229  9241 I art     : Starting a blocking GC Explicit
08-03 20:30:15.154  9229  9229 D CompassActivity: start compass
08-03 20:30:15.155   918  6110 I sensors : batch
08-03 20:30:15.155   918  6110 I sensors : activate
08-03 20:30:15.156   918  3714 I sensors : batch
08-03 20:30:15.156   918  3714 I sensors : activate
08-03 20:30:15.158   512  2967 D audio_hw_primary: disable_audio_route: reset and update mixer path: low-latency-playback speaker
08-03 20:30:15.159   512  2967 D audio_hw_primary: disable_snd_device: snd_device(2: speaker)
08-03 20:30:15.160  9229  9229 I Choreographer: Skipped 32 frames!  The application may be doing too much work on its main thread.
08-03 20:30:15.163   918  3188 I hubconnection: sensorhub said: 'batch 1 flags:0, sampling_rate_Hz:50.00, max_report_latency_us:0'
08-03 20:30:15.164   918  3188 I hubconnection: sensorhub said: 'activate 1 enable:1'
08-03 20:30:15.165   918  3188 I hubconnection: sensorhub said: 'batch 3 flags:0, sampling_rate_Hz:50.00, max_report_latency_us:0'
08-03 20:30:15.166   918  3188 I hubconnection: sensorhub said: 'activate 3 enable:1'
08-03 20:30:15.167   512  2967 I soundtrigger: audio_extn_sound_trigger_update_device_status: device 0x2 of type 0 for Event 0
08-03 20:30:15.195  9229  9241 I art     : Explicit concurrent mark sweep GC freed 140(6KB) AllocSpace objects, 0(0B) LOS objects, 6% free, 236MB/252MB, paused 1.148ms total 51.868ms
08-03 20:30:15.213  9229  9241 I art     : Starting a blocking GC Explicit
08-03 20:30:15.213 13866 13866 I GoogleInputMethodServic: GoogleInputMethodService.onFinishInput():3138 
08-03 20:30:15.214 13866 13866 I GoogleInputMethodServic: GoogleInputMethodService.onStartInput():1808 
08-03 20:30:15.263  9229  9241 I art     : Explicit concurrent mark sweep GC freed 94(3KB) AllocSpace objects, 0(0B) LOS objects, 6% free, 236MB/252MB, paused 1.149ms total 50.142ms
08-03 20:30:15.283  9229  9241 I art     : Starting a blocking GC Explicit
08-03 20:30:15.333  9229  9241 I art     : Explicit concurrent mark sweep GC freed 27(1024B) AllocSpace objects, 0(0B) LOS objects, 6% free, 236MB/252MB, paused 1.256ms total 49.549ms
08-03 20:30:15.335  9229  9229 D CompassActivity: will set rotation from 0.0 to 177.76343
08-03 20:30:15.335  9229  9229 D CompassActivity: will set rotation from 177.76343 to 177.77374
08-03 20:30:15.335  9229  9229 D CompassActivity: will set rotation from 177.77374 to 178.03644
08-03 20:30:15.335  9229  9229 D CompassActivity: will set rotation from 178.03644 to 178.05457
08-03 20:30:15.340   918   936 I ActivityManager: Displayed baseline.io.github.project_travel_mate/.utilities.CompassActivity: +735ms
08-03 20:30:15.415  9229  9229 D CompassActivity: will set rotation from 178.05457 to 177.96411
08-03 20:30:15.416  9229  9229 D CompassActivity: will set rotation from 177.96411 to 177.97003
08-03 20:30:15.416  9229  9229 D CompassActivity: will set rotation from 177.97003 to 177.78662
08-03 20:30:15.416  9229  9229 D CompassActivity: will set rotation from 177.78662 to 177.7873
08-03 20:30:15.416  9229  9229 D CompassActivity: will set rotation from 177.7873 to 178.0055
08-03 20:30:15.416  9229  9229 D CompassActivity: will set rotation from 178.0055 to 177.99738
08-03 20:30:15.416  9229  9229 D CompassActivity: will set rotation from 177.99738 to 177.87201
08-03 20:30:15.416  9229  9229 D CompassActivity: will set rotation from 177.87201 to 177.8628
08-03 20:30:15.498  9229  9229 D CompassActivity: will set rotation from 177.8628 to 177.69312
08-03 20:30:15.499  9229  9229 D CompassActivity: will set rotation from 177.69312 to 177.68335
08-03 20:30:15.499  9229  9229 D CompassActivity: will set rotation from 177.68335 to 177.83313
08-03 20:30:15.499  9229  9229 D CompassActivity: will set rotation from 177.83313 to 177.83014
08-03 20:30:15.499  9229  9229 D CompassActivity: will set rotation from 177.83014 to 177.94092
08-03 20:30:15.499  9229  9229 D CompassActivity: will set rotation from 177.94092 to 177.94421
08-03 20:30:15.500  9229  9229 D CompassActivity: will set rotation from 177.94421 to 177.97913
08-03 20:30:15.500  9229  9229 D CompassActivity: will set rotation from 177.97913 to 177.98816
08-03 20:30:15.521  9229  9229 D CompassActivity: will set rotation from 177.98816 to 177.90436
08-03 20:30:15.521  9229  9229 D CompassActivity: will set rotation from 177.90436 to 177.91089
08-03 20:30:15.531  9229  9229 D CompassActivity: will set rotation from 177.91089 to 177.94012
08-03 20:30:15.531  9229  9229 D CompassActivity: will set rotation from 177.94012 to 177.9386
08-03 20:30:15.552  9229  9229 D CompassActivity: will set rotation from 177.9386 to 178.06519
08-03 20:30:15.552  9229  9229 D CompassActivity: will set rotation from 178.06519 to 178.05652
08-03 20:30:15.571  9229  9229 D CompassActivity: will set rotation from 178.05652 to 178.06793
08-03 20:30:15.571  9229  9229 D CompassActivity: will set rotation from 178.06793 to 178.06348
08-03 20:30:15.592  9229  9229 D CompassActivity: will set rotation from 178.06348 to 178.16492
08-03 20:30:15.592  9229  9229 D CompassActivity: will set rotation from 178.16492 to 178.16357
08-03 20:30:15.601   380   380 W SurfaceFlinger: couldn't log to binary event log: overflow.
08-03 20:30:15.611  9229  9229 D CompassActivity: will set rotation from 178.16357 to 178.177
08-03 20:30:15.611  9229  9229 D CompassActivity: will set rotation from 178.177 to 178.17511
08-03 20:30:15.631  9229  9229 D CompassActivity: will set rotation from 178.17511 to 178.30414
08-03 20:30:15.631  9229  9229 D CompassActivity: will set rotation from 178.30414 to 178.30304
08-03 20:30:15.651  9229  9229 D CompassActivity: will set rotation from 178.30304 to 178.45569
08-03 20:30:15.651  9229  9229 D CompassActivity: will set rotation from 178.45569 to 178.45947
08-03 20:30:15.671  9229  9229 D CompassActivity: will set rotation from 178.45947 to 178.44495
08-03 20:30:15.671  9229  9229 D CompassActivity: will set rotation from 178.44495 to 178.44836
08-03 20:30:15.691  9229  9229 D CompassActivity: will set rotation from 178.44836 to 178.51074
08-03 20:30:15.691  9229  9229 D CompassActivity: will set rotation from 178.51074 to 178.50989
08-03 20:30:15.710  9229  9229 D CompassActivity: will set rotation from 178.50989 to 178.52844
08-03 20:30:15.711  9229  9229 D CompassActivity: will set rotation from 178.52844 to 178.53046
08-03 20:30:15.730  9229  9229 D CompassActivity: will set rotation from 178.53046 to 178.58032
08-03 20:30:15.731  9229  9229 D CompassActivity: will set rotation from 178.58032 to 178.57947
08-03 20:30:15.818  9229  9705 I art     : Starting a blocking GC Explicit
08-03 20:30:15.828  9229  9229 D CompassActivity: will set rotation from 178.57947 to 178.59454
08-03 20:30:15.829  9229  9229 D CompassActivity: will set rotation from 178.59454 to 178.59265
08-03 20:30:15.829  9229  9229 D CompassActivity: will set rotation from 178.59265 to 178.63904
08-03 20:30:15.829  9229  9229 D CompassActivity: will set rotation from 178.63904 to 178.64008
08-03 20:30:15.829  9229  9229 D CompassActivity: will set rotation from 178.64008 to 178.71045
08-03 20:30:15.829  9229  9229 D CompassActivity: will set rotation from 178.71045 to 178.70923
08-03 20:30:15.829  9229  9229 D CompassActivity: will set rotation from 178.70923 to 178.71832
08-03 20:30:15.829  9229  9229 D CompassActivity: will set rotation from 178.71832 to 178.71967
08-03 20:30:15.831  9229  9229 D CompassActivity: will set rotation from 178.71967 to 178.69531
08-03 20:30:15.831  9229  9229 D CompassActivity: will set rotation from 178.69531 to 178.69727
08-03 20:30:15.850  9229  9229 D CompassActivity: will set rotation from 178.69727 to 178.73218
08-03 20:30:15.850  9229  9229 D CompassActivity: will set rotation from 178.73218 to 178.73383
08-03 20:30:15.868  9229  9705 I art     : Explicit concurrent mark sweep GC freed 2144(127KB) AllocSpace objects, 2(48KB) LOS objects, 6% free, 236MB/252MB, paused 1.207ms total 49.814ms
08-03 20:30:15.871  9229  9229 D CompassActivity: will set rotation from 178.73383 to 178.7348
08-03 20:30:15.872  9229  9229 D CompassActivity: will set rotation from 178.7348 to 178.73743
08-03 20:30:15.885  9229  9705 I art     : Starting a blocking GC Explicit
08-03 20:30:15.890  9229  9229 D CompassActivity: will set rotation from 178.73743 to 178.7649
08-03 20:30:15.890  9229  9229 D CompassActivity: will set rotation from 178.7649 to 178.76251
08-03 20:30:15.910  9229  9229 D CompassActivity: will set rotation from 178.76251 to 178.79376
08-03 20:30:15.910  9229  9229 D CompassActivity: will set rotation from 178.79376 to 178.79309
08-03 20:30:15.930  9229  9229 D CompassActivity: will set rotation from 178.79309 to 178.87189
08-03 20:30:15.930  9229  9229 D CompassActivity: will set rotation from 178.87189 to 178.86798
08-03 20:30:15.937  9229  9705 I art     : Explicit concurrent mark sweep GC freed 839(35KB) AllocSpace objects, 0(0B) LOS objects, 6% free, 236MB/252MB, paused 1.349ms total 50.958ms
08-03 20:30:15.951  9229  9229 D CompassActivity: will set rotation from 178.86798 to 178.9148
08-03 20:30:15.952  9229  9229 D CompassActivity: will set rotation from 178.9148 to 178.91296
08-03 20:30:15.956  9229  9705 I art     : Starting a blocking GC Explicit
08-03 20:30:15.971  9229  9229 D CompassActivity: will set rotation from 178.91296 to 178.9107
08-03 20:30:15.972  9229  9229 D CompassActivity: will set rotation from 178.9107 to 178.91046
08-03 20:30:15.992  9229  9229 D CompassActivity: will set rotation from 178.91046 to 178.8833
08-03 20:30:15.992  9229  9229 D CompassActivity: will set rotation from 178.8833 to 178.8858
08-03 20:30:16.011  9229  9229 D CompassActivity: will set rotation from 178.8858 to 178.87738
08-03 20:30:16.011  9229  9229 D CompassActivity: will set rotation from 178.87738 to 178.88287
08-03 20:30:16.019  9229  9705 I art     : Explicit concurrent mark sweep GC freed 159(7KB) AllocSpace objects, 0(0B) LOS objects, 6% free, 236MB/252MB, paused 1.234ms total 63.392ms
08-03 20:30:16.029  9229  9229 D CompassActivity: will set rotation from 178.88287 to 178.92542
08-03 20:30:16.030  9229  9229 D CompassActivity: will set rotation from 178.92542 to 178.92896
08-03 20:30:16.037  9229  9705 I art     : Starting a blocking GC Explicit
08-03 20:30:16.049  9229  9229 D CompassActivity: will set rotation from 178.92896 to 178.94708
08-03 20:30:16.049  9229  9229 D CompassActivity: will set rotation from 178.94708 to 178.94476
08-03 20:30:16.070  9229  9229 D CompassActivity: will set rotation from 178.94476 to 178.87152
08-03 20:30:16.071  9229  9229 D CompassActivity: will set rotation from 178.87152 to 178.86804
08-03 20:30:16.088  9229  9705 I art     : Explicit concurrent mark sweep GC freed 161(7KB) AllocSpace objects, 0(0B) LOS objects, 6% free, 236MB/252MB, paused 1.103ms total 50.935ms
08-03 20:30:16.089  9229  9229 D CompassActivity: will set rotation from 178.86804 to 178.84406
08-03 20:30:16.089  9229  9229 D CompassActivity: will set rotation from 178.84406 to 178.84094
08-03 20:30:16.107  9229  9705 I art     : Starting a blocking GC Explicit
08-03 20:30:16.109  9229  9229 D CompassActivity: will set rotation from 178.84094 to 178.77332
08-03 20:30:16.109  9229  9229 D CompassActivity: will set rotation from 178.77332 to 178.76758
08-03 20:30:16.130  9229  9229 D CompassActivity: will set rotation from 178.76758 to 178.79443
08-03 20:30:16.130  9229  9229 D CompassActivity: will set rotation from 178.79443 to 178.79297
08-03 20:30:16.149  9229  9229 D CompassActivity: will set rotation from 178.79297 to 178.81403
08-03 20:30:16.149  9229  9229 D CompassActivity: will set rotation from 178.81403 to 178.81274
08-03 20:30:16.159  9229  9705 I art     : Explicit concurrent mark sweep GC freed 146(7KB) AllocSpace objects, 0(0B) LOS objects, 6% free, 236MB/252MB, paused 1.181ms total 51.804ms
08-03 20:30:16.170  9229  9229 D CompassActivity: will set rotation from 178.81274 to 178.83142
08-03 20:30:16.170  9229  9229 D CompassActivity: will set rotation from 178.83142 to 178.83405
08-03 20:30:16.190  9229  9229 D CompassActivity: will set rotation from 178.83405 to 178.83191
08-03 20:30:16.190  9229  9229 D CompassActivity: will set rotation from 178.83191 to 178.83478
08-03 20:30:16.209  9229  9229 D CompassActivity: will set rotation from 178.83478 to 178.81342
08-03 20:30:16.209  9229  9229 D CompassActivity: will set rotation from 178.81342 to 178.81384
08-03 20:30:16.229  9229  9229 D CompassActivity: will set rotation from 178.81384 to 178.85693
08-03 20:30:16.229  9229  9229 D CompassActivity: will set rotation from 178.85693 to 178.85858
08-03 20:30:16.249  9229  9229 D CompassActivity: will set rotation from 178.85858 to 178.8573
08-03 20:30:16.249  9229  9229 D CompassActivity: will set rotation from 178.8573 to 178.85498
08-03 20:30:16.269  9229  9229 D CompassActivity: will set rotation from 178.85498 to 178.89575
08-03 20:30:16.269  9229  9229 D CompassActivity: will set rotation from 178.89575 to 178.8891
08-03 20:30:16.288  9229  9229 D CompassActivity: will set rotation from 178.8891 to 178.94934
08-03 20:30:16.288  9229  9229 D CompassActivity: will set rotation from 178.94934 to 178.94629
08-03 20:30:16.308  9229  9229 D CompassActivity: will set rotation from 178.94629 to 178.96423
08-03 20:30:16.308  9229  9229 D CompassActivity: will set rotation from 178.96423 to 178.96545
08-03 20:30:16.328  9229  9229 D CompassActivity: will set rotation from 178.96545 to 178.98083
08-03 20:30:16.328  9229  9229 D CompassActivity: will set rotation from 178.98083 to 178.98499
08-03 20:30:16.349  9229  9229 D CompassActivity: will set rotation from 178.98499 to 178.99963
08-03 20:30:16.349  9229  9229 D CompassActivity: will set rotation from 178.99963 to 179.00525
08-03 20:30:16.369  9229  9229 D CompassActivity: will set rotation from 179.00525 to 179.03809
08-03 20:30:16.369  9229  9229 D CompassActivity: will set rotation from 179.03809 to 179.04059
08-03 20:30:16.388  9229  9229 D CompassActivity: will set rotation from 179.04059 to 179.07312
08-03 20:30:16.388  9229  9229 D CompassActivity: will set rotation from 179.07312 to 179.0711
08-03 20:30:16.408  9229  9229 D CompassActivity: will set rotation from 179.0711 to 179.0614
08-03 20:30:16.408  9229  9229 D CompassActivity: will set rotation from 179.0614 to 179.05408
08-03 20:30:16.428  9229  9229 D CompassActivity: will set rotation from 179.05408 to 179.02557
08-03 20:30:16.428  9229  9229 D CompassActivity: will set rotation from 179.02557 to 179.01904
08-03 20:30:16.447  9229  9229 D CompassActivity: will set rotation from 179.01904 to 178.97498
08-03 20:30:16.448  9229  9229 D CompassActivity: will set rotation from 178.97498 to 178.97253
08-03 20:30:16.469  9229  9229 D CompassActivity: will set rotation from 178.97253 to 178.966
08-03 20:30:16.469  9229  9229 D CompassActivity: will set rotation from 178.966 to 178.96863
08-03 20:30:16.489  9229  9229 D CompassActivity: will set rotation from 178.96863 to 178.98254
08-03 20:30:16.490  9229  9229 D CompassActivity: will set rotation from 178.98254 to 178.98657
08-03 20:30:16.509  9229  9229 D CompassActivity: will set rotation from 178.98657 to 179.01703
08-03 20:30:16.510  9229  9229 D CompassActivity: will set rotation from 179.01703 to 179.02258
08-03 20:30:16.528  9229  9229 D CompassActivity: will set rotation from 179.02258 to 179.01355
08-03 20:30:16.528  9229  9229 D CompassActivity: will set rotation from 179.01355 to 179.01318
08-03 20:30:16.548  9229  9229 D CompassActivity: will set rotation from 179.01318 to 179.0091
08-03 20:30:16.549  9229  9229 D CompassActivity: will set rotation from 179.0091 to 179.00317
08-03 20:30:16.568  9229  9229 D CompassActivity: will set rotation from 179.00317 to 178.99664
08-03 20:30:16.569  9229  9229 D CompassActivity: will set rotation from 178.99664 to 178.99402
08-03 20:30:16.569  9229  9247 I art     : Starting a blocking GC Explicit
08-03 20:30:16.591  9229  9229 D CompassActivity: will set rotation from 178.99402 to 179.00543
08-03 20:30:16.591  9229  9229 D CompassActivity: will set rotation from 179.00543 to 179.0011
08-03 20:30:16.607  9229  9229 D CompassActivity: will set rotation from 179.0011 to 178.96301
08-03 20:30:16.608  9229  9229 D CompassActivity: will set rotation from 178.96301 to 178.96252
08-03 20:30:16.627  9229  9229 D CompassActivity: will set rotation from 178.96252 to 178.9237
08-03 20:30:16.627  9229  9229 D CompassActivity: will set rotation from 178.9237 to 178.92407
08-03 20:30:16.647  9229  9229 D CompassActivity: will set rotation from 178.92407 to 178.9035
08-03 20:30:16.647  9229  9229 D CompassActivity: will set rotation from 178.9035 to 178.906
08-03 20:30:16.663  9229  9247 I art     : Explicit concurrent mark sweep GC freed 2089(124KB) AllocSpace objects, 2(48KB) LOS objects, 6% free, 236MB/252MB, paused 1.626ms total 93.155ms
08-03 20:30:16.670  9229  9229 D CompassActivity: will set rotation from 178.906 to 178.92212
08-03 20:30:16.670  9229  9229 D CompassActivity: will set rotation from 178.92212 to 178.9248
08-03 20:30:16.687  9229  9229 D CompassActivity: will set rotation from 178.9248 to 178.92072
08-03 20:30:16.687  9229  9229 D CompassActivity: will set rotation from 178.92072 to 178.92303
08-03 20:30:16.689  9229  9247 I art     : Starting a blocking GC Explicit
08-03 20:30:16.706  9229  9229 D CompassActivity: will set rotation from 178.92303 to 178.93658
08-03 20:30:16.707  9229  9229 D CompassActivity: will set rotation from 178.93658 to 178.93524
08-03 20:30:16.726  9229  9229 D CompassActivity: will set rotation from 178.93524 to 178.91699
08-03 20:30:16.727  9229  9229 D CompassActivity: will set rotation from 178.91699 to 178.9123
08-03 20:30:16.740  9229  9247 I art     : Explicit concurrent mark sweep GC freed 811(32KB) AllocSpace objects, 0(0B) LOS objects, 6% free, 236MB/252MB, paused 1.127ms total 50.229ms
08-03 20:30:16.746  9229  9229 D CompassActivity: will set rotation from 178.9123 to 178.92456
08-03 20:30:16.747  9229  9229 D CompassActivity: will set rotation from 178.92456 to 178.92041
08-03 20:30:16.758  9229  9247 I art     : Starting a blocking GC Explicit
08-03 20:30:16.766  9229  9229 D CompassActivity: will set rotation from 178.92041 to 178.9342
08-03 20:30:16.767  9229  9229 D CompassActivity: will set rotation from 178.9342 to 178.92981
08-03 20:30:16.787  9229  9229 D CompassActivity: will set rotation from 178.92981 to 178.92358
08-03 20:30:16.788  9229  9229 D CompassActivity: will set rotation from 178.92358 to 178.92065
08-03 20:30:16.808  9229  9229 D CompassActivity: will set rotation from 178.92065 to 178.9325
08-03 20:30:16.808  9229  9229 D CompassActivity: will set rotation from 178.9325 to 178.93573
08-03 20:30:16.812  9229  9247 I art     : Explicit concurrent mark sweep GC freed 175(8KB) AllocSpace objects, 0(0B) LOS objects, 6% free, 236MB/252MB, paused 1.244ms total 53.726ms
08-03 20:30:16.827  9229  9229 D CompassActivity: will set rotation from 178.93573 to 178.89587
08-03 20:30:16.828  9229  9229 D CompassActivity: will set rotation from 178.89587 to 178.9029
08-03 20:30:16.832  9229  9247 I art     : Starting a blocking GC Explicit
08-03 20:30:16.847  9229  9229 D CompassActivity: will set rotation from 178.9029 to 178.92035
08-03 20:30:16.848  9229  9229 D CompassActivity: will set rotation from 178.92035 to 178.92609
08-03 20:30:16.866  9229  9229 D CompassActivity: will set rotation from 178.92609 to 178.90753
08-03 20:30:16.867  9229  9229 D CompassActivity: will set rotation from 178.90753 to 178.91016
08-03 20:30:16.885  9229  9247 I art     : Explicit concurrent mark sweep GC freed 198(8KB) AllocSpace objects, 0(0B) LOS objects, 6% free, 236MB/252MB, paused 1.174ms total 52.587ms
08-03 20:30:16.887  9229  9229 D CompassActivity: will set rotation from 178.91016 to 178.88953
08-03 20:30:16.888  9229  9229 D CompassActivity: will set rotation from 178.88953 to 178.88715
08-03 20:30:16.903  9229  9247 I art     : Starting a blocking GC Explicit
08-03 20:30:16.907  9229  9229 D CompassActivity: will set rotation from 178.88715 to 178.88269
08-03 20:30:16.907  9229  9229 D CompassActivity: will set rotation from 178.88269 to 178.87677
08-03 20:30:16.925  9229  9229 D CompassActivity: will set rotation from 178.87677 to 178.87299
08-03 20:30:16.925  9229  9229 D CompassActivity: will set rotation from 178.87299 to 178.86987
08-03 20:30:16.947  9229  9229 D CompassActivity: will set rotation from 178.86987 to 178.83325
08-03 20:30:16.947  9229  9229 D CompassActivity: will set rotation from 178.83325 to 178.8313
08-03 20:30:16.955  9229  9247 I art     : Explicit concurrent mark sweep GC freed 146(7KB) AllocSpace objects, 0(0B) LOS objects, 6% free, 236MB/252MB, paused 1.256ms total 51.410ms
08-03 20:30:16.966  9229  9229 D CompassActivity: will set rotation from 178.8313 to 178.81097
08-03 20:30:16.967  9229  9229 D CompassActivity: will set rotation from 178.81097 to 178.81201
08-03 20:30:16.987  9229  9229 D CompassActivity: will set rotation from 178.81201 to 178.78821
08-03 20:30:16.988  9229  9229 D CompassActivity: will set rotation from 178.78821 to 178.79224
08-03 20:30:17.005  9229  9229 D CompassActivity: will set rotation from 178.79224 to 178.80743
08-03 20:30:17.005  9229  9229 D CompassActivity: will set rotation from 178.80743 to 178.81091
08-03 20:30:17.025  9229  9229 D CompassActivity: will set rotation from 178.81091 to 178.79327
08-03 20:30:17.025  9229  9229 D CompassActivity: will set rotation from 178.79327 to 178.79688
08-03 20:30:17.045  9229  9229 D CompassActivity: will set rotation from 178.79688 to 178.78058
08-03 20:30:17.045  9229  9229 D CompassActivity: will set rotation from 178.78058 to 178.77881
08-03 20:30:17.065  9229  9229 D CompassActivity: will set rotation from 178.77881 to 178.77966
08-03 20:30:17.065  9229  9229 D CompassActivity: will set rotation from 178.77966 to 178.77533
08-03 20:30:17.085  9229  9229 D CompassActivity: will set rotation from 178.77533 to 178.77405
08-03 20:30:17.085  9229  9229 D CompassActivity: will set rotation from 178.77405 to 178.77051
08-03 20:30:17.105  9229  9229 D CompassActivity: will set rotation from 178.77051 to 178.7511
08-03 20:30:17.106  9229  9229 D CompassActivity: will set rotation from 178.7511 to 178.74835
08-03 20:30:17.125  9229  9229 D CompassActivity: will set rotation from 178.74835 to 178.72968
08-03 20:30:17.125  9229  9229 D CompassActivity: will set rotation from 178.72968 to 178.73096
08-03 20:30:17.144  9229  9229 D CompassActivity: will set rotation from 178.73096 to 178.73413
08-03 20:30:17.145  9229  9229 D CompassActivity: will set rotation from 178.73413 to 178.73572
08-03 20:30:17.164  9229  9229 D CompassActivity: will set rotation from 178.73572 to 178.71936
08-03 20:30:17.165  9229  9229 D CompassActivity: will set rotation from 178.71936 to 178.72095
08-03 20:30:17.181   518   646 I ThermalEngine: ACTION: GPU - Setting GPU[0] to 390000000
08-03 20:30:17.191  9229  9229 D CompassActivity: will set rotation from 178.72095 to 178.73846
08-03 20:30:17.192  9229  9229 D CompassActivity: will set rotation from 178.73846 to 178.74023
08-03 20:30:17.208  9229  9229 D CompassActivity: will set rotation from 178.74023 to 178.72339
08-03 20:30:17.208  9229  9229 D CompassActivity: will set rotation from 178.72339 to 178.72424
08-03 20:30:17.224  9229  9229 D CompassActivity: will set rotation from 178.72424 to 178.72705
08-03 20:30:17.225  9229  9229 D CompassActivity: will set rotation from 178.72705 to 178.72607
08-03 20:30:17.244  9229  9229 D CompassActivity: will set rotation from 178.72607 to 178.74628
08-03 20:30:17.244  9229  9229 D CompassActivity: will set rotation from 178.74628 to 178.74469
08-03 20:30:17.264  9229  9229 D CompassActivity: will set rotation from 178.74469 to 178.74536
08-03 20:30:17.264  9229  9229 D CompassActivity: will set rotation from 178.74536 to 178.74377
08-03 20:30:17.284  9229  9229 D CompassActivity: will set rotation from 178.74377 to 178.79474
08-03 20:30:17.285  9229  9229 D CompassActivity: will set rotation from 178.79474 to 178.79504
08-03 20:30:17.308  9229  9229 D CompassActivity: will set rotation from 178.79504 to 178.82867
08-03 20:30:17.308  9229  9229 D CompassActivity: will set rotation from 178.82867 to 178.82983
08-03 20:30:17.324  9229  9229 D CompassActivity: will set rotation from 178.82983 to 178.8432
08-03 20:30:17.324  9229  9229 D CompassActivity: will set rotation from 178.8432 to 178.84436
08-03 20:30:17.343  9229  9229 D CompassActivity: will set rotation from 178.84436 to 178.84375
08-03 20:30:17.344  9229  9229 D CompassActivity: will set rotation from 178.84375 to 178.84515
08-03 20:30:17.364  9229  9229 D CompassActivity: will set rotation from 178.84515 to 178.82751
08-03 20:30:17.364  9229  9229 D CompassActivity: will set rotation from 178.82751 to 178.82825
08-03 20:30:17.384  9229  9229 D CompassActivity: will set rotation from 178.82825 to 178.82776
08-03 20:30:17.385  9229  9229 D CompassActivity: will set rotation from 178.82776 to 178.82648
08-03 20:30:17.398  9229 10127 I art     : Starting a blocking GC Explicit
08-03 20:30:17.405  9229  9229 D CompassActivity: will set rotation from 178.82648 to 178.8435
08-03 20:30:17.406  9229  9229 D CompassActivity: will set rotation from 178.8435 to 178.84186
08-03 20:30:17.424  9229  9229 D CompassActivity: will set rotation from 178.84186 to 178.80756
08-03 20:30:17.424  9229  9229 D CompassActivity: will set rotation from 178.80756 to 178.80615
08-03 20:30:17.443  9229  9229 D CompassActivity: will set rotation from 178.80615 to 178.807
08-03 20:30:17.444  9229  9229 D CompassActivity: will set rotation from 178.807 to 178.80762
08-03 20:30:17.463  9229  9229 D CompassActivity: will set rotation from 178.80762 to 178.84021
08-03 20:30:17.464  9229  9229 D CompassActivity: will set rotation from 178.84021 to 178.83868
08-03 20:30:17.470  9229 10127 I art     : Explicit concurrent mark sweep GC freed 2103(125KB) AllocSpace objects, 2(48KB) LOS objects, 6% free, 236MB/252MB, paused 2.120ms total 71.153ms
08-03 20:30:17.483  9229  9229 D CompassActivity: will set rotation from 178.83868 to 178.85382
08-03 20:30:17.484  9229  9229 D CompassActivity: will set rotation from 178.85382 to 178.85474
08-03 20:30:17.498  9229 10127 I art     : Starting a blocking GC Explicit
08-03 20:30:17.506  9229  9229 D CompassActivity: will set rotation from 178.85474 to 178.85303
08-03 20:30:17.506  9229  9229 D CompassActivity: will set rotation from 178.85303 to 178.85596
08-03 20:30:17.524  9229  9229 D CompassActivity: will set rotation from 178.85596 to 178.82208
08-03 20:30:17.525  9229  9229 D CompassActivity: will set rotation from 178.82208 to 178.82501
08-03 20:30:17.543  9229  9229 D CompassActivity: will set rotation from 178.82501 to 178.82483
08-03 20:30:17.543  9229  9229 D CompassActivity: will set rotation from 178.82483 to 178.82727
08-03 20:30:17.563  9229  9229 D CompassActivity: will set rotation from 178.82727 to 178.82697
08-03 20:30:17.563  9229  9229 D CompassActivity: will set rotation from 178.82697 to 178.82556
08-03 20:30:17.569  9229 10127 I art     : Explicit concurrent mark sweep GC freed 854(34KB) AllocSpace objects, 0(0B) LOS objects, 6% free, 236MB/252MB, paused 2.325ms total 70.593ms
08-03 20:30:17.583  9229  9229 D CompassActivity: will set rotation from 178.82556 to 178.80933
08-03 20:30:17.583  9229  9229 D CompassActivity: will set rotation from 178.80933 to 178.80554
08-03 20:30:17.594  9229 10127 I art     : Starting a blocking GC Explicit
08-03 20:30:17.608  9229  9229 D CompassActivity: will set rotation from 178.80554 to 178.82233
08-03 20:30:17.608  9229  9229 D CompassActivity: will set rotation from 178.82233 to 178.82031
08-03 20:30:17.625  9229  9229 D CompassActivity: will set rotation from 178.82031 to 178.83472
08-03 20:30:17.625  9229  9229 D CompassActivity: will set rotation from 178.83472 to 178.83557
08-03 20:30:17.642 11494 11494 D AndroidRuntime: >>>>>> START com.android.internal.os.RuntimeInit uid 2000 <<<<<<
08-03 20:30:17.643  9229  9229 D CompassActivity: will set rotation from 178.83557 to 178.84985
08-03 20:30:17.643  9229  9229 D CompassActivity: will set rotation from 178.84985 to 178.85034
08-03 20:30:17.648 11494 11494 D AndroidRuntime: CheckJNI is OFF
08-03 20:30:17.658  9229 10127 I art     : Explicit concurrent mark sweep GC freed 204(9KB) AllocSpace objects, 0(0B) LOS objects, 6% free, 236MB/252MB, paused 1.983ms total 63.717ms
08-03 20:30:17.662  9229  9229 D CompassActivity: will set rotation from 178.85034 to 178.84668
08-03 20:30:17.663  9229  9229 D CompassActivity: will set rotation from 178.84668 to 178.8479
08-03 20:30:17.683  9229  9229 D CompassActivity: will set rotation from 178.8479 to 178.89569
08-03 20:30:17.683  9229  9229 D CompassActivity: will set rotation from 178.89569 to 178.89752
08-03 20:30:17.683  9229 10127 I art     : Starting a blocking GC Explicit
08-03 20:30:17.706  9229  9229 D CompassActivity: will set rotation from 178.89752 to 178.89398
08-03 20:30:17.707  9229  9229 D CompassActivity: will set rotation from 178.89398 to 178.89563
08-03 20:30:17.711 11494 11494 D ICU     : No timezone override file found: /data/misc/zoneinfo/current/icu/icu_tzdata.dat
08-03 20:30:17.725  9229  9229 D CompassActivity: will set rotation from 178.89563 to 178.89252
08-03 20:30:17.725  9229  9229 D CompassActivity: will set rotation from 178.89252 to 178.89111
08-03 20:30:17.742  9229  9229 D CompassActivity: will set rotation from 178.89111 to 178.90442
08-03 20:30:17.742  9229  9229 D CompassActivity: will set rotation from 178.90442 to 178.9029
08-03 20:30:17.747  9229 10127 I art     : Explicit concurrent mark sweep GC freed 189(9KB) AllocSpace objects, 0(0B) LOS objects, 6% free, 236MB/252MB, paused 1.733ms total 63.926ms
08-03 20:30:17.760 11494 11494 I Radio-JNI: register_android_hardware_Radio DONE
08-03 20:30:17.762  9229  9229 D CompassActivity: will set rotation from 178.9029 to 178.91693
08-03 20:30:17.762  9229  9229 D CompassActivity: will set rotation from 178.91693 to 178.91357
08-03 20:30:17.773  9229 10127 I art     : Starting a blocking GC Explicit
08-03 20:30:17.782  9229  9229 D CompassActivity: will set rotation from 178.91357 to 178.93018
08-03 20:30:17.782  9229  9229 D CompassActivity: will set rotation from 178.93018 to 178.93036
08-03 20:30:17.799 11494 11494 D AndroidRuntime: Calling main entry com.android.commands.input.Input
08-03 20:30:17.802 11494 11494 I Input   : injectKeyEvent: KeyEvent { action=ACTION_DOWN, keyCode=KEYCODE_BACK, scanCode=0, metaState=0, flags=0x0, repeatCount=0, eventTime=649834215, downTime=649834215, deviceId=-1, source=0x101 }
08-03 20:30:17.803  9229  9229 D CompassActivity: will set rotation from 178.93036 to 178.92804
08-03 20:30:17.804  9229  9229 D CompassActivity: will set rotation from 178.92804 to 178.93042
08-03 20:30:17.810 11494 11494 I Input   : injectKeyEvent: KeyEvent { action=ACTION_UP, keyCode=KEYCODE_BACK, scanCode=0, metaState=0, flags=0x0, repeatCount=0, eventTime=649834215, downTime=649834215, deviceId=-1, source=0x101 }
08-03 20:30:17.815 11494 11494 D AndroidRuntime: Shutting down VM
08-03 20:30:17.824   918  6110 I sensors : activate
08-03 20:30:17.824   918  3714 I sensors : activate
08-03 20:30:17.829   918  3188 I hubconnection: sensorhub said: 'activate 1 enable:0'
08-03 20:30:17.830   918  3188 I hubconnection: sensorhub said: 'activate 3 enable:0'
08-03 20:30:17.837  9229 10127 I art     : Explicit concurrent mark sweep GC freed 198(8KB) AllocSpace objects, 0(0B) LOS objects, 6% free, 236MB/252MB, paused 1.744ms total 64.362ms
08-03 20:30:17.854  9229  9229 V MainActivity: url = https://project-travel-mate.herokuapp.com/api/number-of-unread-notifications
08-03 20:30:17.976 13866 13866 I GoogleInputMethodServic: GoogleInputMethodService.onFinishInput():3138 
08-03 20:30:17.979 13866 13866 I GoogleInputMethodServic: GoogleInputMethodService.onStartInput():1808 
08-03 20:30:18.236  9229  9229 D CompassActivity: stop compass
08-03 20:30:18.237   380   380 W SurfaceFlinger: couldn't log to binary event log: overflow.
08-03 20:30:18.277  9229  9247 I art     : Starting a blocking GC Explicit
08-03 20:30:18.345  9229  9247 I art     : Explicit concurrent mark sweep GC freed 4860(255KB) AllocSpace objects, 5(248KB) LOS objects, 6% free, 236MB/252MB, paused 2.271ms total 67.748ms
08-03 20:30:18.363  9229 11517 I NAPPA_EXPERIMENTATION: MetricNetworkRequestExecutionTime: REQUEST_DURATION_SYSTEM='506',REQUEST_DURATION_OKHTTP='39',REQUEST_SYNCHRONOUS='FALSE',RESPONSE_CODE='200',RESPONSE_METHOD='GET',RESPONSE_LENGTH_OKHTTP='36',RESPONSE_LENGTH_HEADER='36',REQUEST_PROTOCOL='http/1.1',REQUEST_URL='https://project-travel-mate.herokuapp.com/api/number-of-unread-notifications',
08-03 20:30:18.371  9229  9247 I art     : Starting a blocking GC Explicit
08-03 20:30:18.468  9229  9247 I art     : Explicit concurrent mark sweep GC freed 2466(214KB) AllocSpace objects, 3(52MB) LOS objects, 7% free, 184MB/200MB, paused 2.401ms total 97.358ms
08-03 20:30:18.496  9229  9247 I art     : Starting a blocking GC Explicit
08-03 20:30:18.567  9229  9247 I art     : Explicit concurrent mark sweep GC freed 103(4KB) AllocSpace objects, 0(0B) LOS objects, 7% free, 184MB/200MB, paused 1.899ms total 70.434ms
08-03 20:30:18.598  9229  9247 I art     : Starting a blocking GC Explicit
08-03 20:30:18.670  9229  9247 I art     : Explicit concurrent mark sweep GC freed 14(672B) AllocSpace objects, 0(0B) LOS objects, 7% free, 184MB/200MB, paused 2.252ms total 71.787ms
08-03 20:30:18.697  9229  9247 I art     : Starting a blocking GC Explicit
08-03 20:30:18.764  9229  9247 I art     : Explicit concurrent mark sweep GC freed 3(96B) AllocSpace objects, 0(0B) LOS objects, 7% free, 184MB/200MB, paused 1.843ms total 65.656ms
08-03 20:30:19.225  9229  9241 I art     : Starting a blocking GC Explicit
08-03 20:30:19.294  9229  9241 I art     : Explicit concurrent mark sweep GC freed 1660(95KB) AllocSpace objects, 2(48KB) LOS objects, 7% free, 184MB/200MB, paused 2.016ms total 67.910ms
08-03 20:30:19.319  9229  9241 I art     : Starting a blocking GC Explicit
08-03 20:30:19.385  9229  9241 I art     : Explicit concurrent mark sweep GC freed 30(1104B) AllocSpace objects, 0(0B) LOS objects, 7% free, 184MB/200MB, paused 1.937ms total 65.479ms
08-03 20:30:19.410  9229  9241 I art     : Starting a blocking GC Explicit
08-03 20:30:19.483  9229  9241 I art     : Explicit concurrent mark sweep GC freed 4(128B) AllocSpace objects, 0(0B) LOS objects, 7% free, 184MB/200MB, paused 2.007ms total 71.902ms
08-03 20:30:19.509  9229  9241 I art     : Starting a blocking GC Explicit
08-03 20:30:19.577  9229  9241 I art     : Explicit concurrent mark sweep GC freed 8(256B) AllocSpace objects, 0(0B) LOS objects, 7% free, 184MB/200MB, paused 1.869ms total 67.535ms
08-03 20:30:19.600  9229  9241 I art     : Starting a blocking GC Explicit
08-03 20:30:19.663  9229  9241 I art     : Explicit concurrent mark sweep GC freed 14(448B) AllocSpace objects, 0(0B) LOS objects, 7% free, 184MB/200MB, paused 2.079ms total 62.747ms
08-03 20:30:19.696 11539 11539 D AndroidRuntime: >>>>>> START com.android.internal.os.RuntimeInit uid 2000 <<<<<<
08-03 20:30:19.704 11539 11539 D AndroidRuntime: CheckJNI is OFF
08-03 20:30:19.757 11539 11539 D ICU     : No timezone override file found: /data/misc/zoneinfo/current/icu/icu_tzdata.dat
08-03 20:30:19.801 11539 11539 I Radio-JNI: register_android_hardware_Radio DONE
08-03 20:30:19.834 11539 11539 D AndroidRuntime: Calling main entry com.android.commands.input.Input
08-03 20:30:19.837 11539 11539 I Input   : injectMotionEvent: MotionEvent { action=ACTION_DOWN, actionButton=0, id[0]=0, x[0]=500.0, y[0]=2000.0, toolType[0]=TOOL_TYPE_UNKNOWN, buttonState=0, metaState=0, flags=0x0, edgeFlags=0x0, pointerCount=1, historySize=0, eventTime=649836250, downTime=649836250, deviceId=0, source=0x1002 }
08-03 20:30:19.844 11539 11539 I Input   : injectMotionEvent: MotionEvent { action=ACTION_MOVE, actionButton=0, id[0]=0, x[0]=500.0, y[0]=2000.0, toolType[0]=TOOL_TYPE_UNKNOWN, buttonState=0, metaState=0, flags=0x0, edgeFlags=0x0, pointerCount=1, historySize=0, eventTime=649836250, downTime=649836250, deviceId=0, source=0x1002 }
08-03 20:30:19.856 11539 11539 I Input   : injectMotionEvent: MotionEvent { action=ACTION_MOVE, actionButton=0, id[0]=0, x[0]=500.0, y[0]=1963.9, toolType[0]=TOOL_TYPE_UNKNOWN, buttonState=0, metaState=0, flags=0x0, edgeFlags=0x0, pointerCount=1, historySize=0, eventTime=649836269, downTime=649836269, deviceId=0, source=0x1002 }
08-03 20:30:19.875 11539 11539 I Input   : injectMotionEvent: MotionEvent { action=ACTION_MOVE, actionButton=0, id[0]=0, x[0]=500.0, y[0]=1927.8, toolType[0]=TOOL_TYPE_UNKNOWN, buttonState=0, metaState=0, flags=0x0, edgeFlags=0x0, pointerCount=1, historySize=0, eventTime=649836288, downTime=649836288, deviceId=0, source=0x1002 }
08-03 20:30:19.903 11539 11539 I Input   : injectMotionEvent: MotionEvent { action=ACTION_MOVE, actionButton=0, id[0]=0, x[0]=500.0, y[0]=1874.6, toolType[0]=TOOL_TYPE_UNKNOWN, buttonState=0, metaState=0, flags=0x0, edgeFlags=0x0, pointerCount=1, historySize=0, eventTime=649836316, downTime=649836316, deviceId=0, source=0x1002 }
08-03 20:30:19.929 11539 11539 I Input   : injectMotionEvent: MotionEvent { action=ACTION_MOVE, actionButton=0, id[0]=0, x[0]=500.0, y[0]=1825.2, toolType[0]=TOOL_TYPE_UNKNOWN, buttonState=0, metaState=0, flags=0x0, edgeFlags=0x0, pointerCount=1, historySize=0, eventTime=649836342, downTime=649836342, deviceId=0, source=0x1002 }
08-03 20:30:19.946 11539 11539 I Input   : injectMotionEvent: MotionEvent { action=ACTION_MOVE, actionButton=0, id[0]=0, x[0]=500.0, y[0]=1792.9, toolType[0]=TOOL_TYPE_UNKNOWN, buttonState=0, metaState=0, flags=0x0, edgeFlags=0x0, pointerCount=1, historySize=0, eventTime=649836359, downTime=649836359, deviceId=0, source=0x1002 }
08-03 20:30:19.957 11539 11539 I Input   : injectMotionEvent: MotionEvent { action=ACTION_MOVE, actionButton=0, id[0]=0, x[0]=500.0, y[0]=1772.0, toolType[0]=TOOL_TYPE_UNKNOWN, buttonState=0, metaState=0, flags=0x0, edgeFlags=0x0, pointerCount=1, historySize=0, eventTime=649836370, downTime=649836370, deviceId=0, source=0x1002 }
08-03 20:30:19.975 11539 11539 I Input   : injectMotionEvent: MotionEvent { action=ACTION_MOVE, actionButton=0, id[0]=0, x[0]=500.0, y[0]=1737.8, toolType[0]=TOOL_TYPE_UNKNOWN, buttonState=0, metaState=0, flags=0x0, edgeFlags=0x0, pointerCount=1, historySize=0, eventTime=649836388, downTime=649836388, deviceId=0, source=0x1002 }
08-03 20:30:19.993 11539 11539 I Input   : injectMotionEvent: MotionEvent { action=ACTION_MOVE, actionButton=0, id[0]=0, x[0]=500.0, y[0]=1701.7, toolType[0]=TOOL_TYPE_UNKNOWN, buttonState=0, metaState=0, flags=0x0, edgeFlags=0x0, pointerCount=1, historySize=0, eventTime=649836407, downTime=649836407, deviceId=0, source=0x1002 }
08-03 20:30:20.008 11539 11539 I Input   : injectMotionEvent: MotionEvent { action=ACTION_MOVE, actionButton=0, id[0]=0, x[0]=500.0, y[0]=1673.2, toolType[0]=TOOL_TYPE_UNKNOWN, buttonState=0, metaState=0, flags=0x0, edgeFlags=0x0, pointerCount=1, historySize=0, eventTime=649836422, downTime=649836422, deviceId=0, source=0x1002 }
08-03 20:30:20.024 11539 11539 I Input   : injectMotionEvent: MotionEvent { action=ACTION_MOVE, actionButton=0, id[0]=0, x[0]=500.0, y[0]=1642.8, toolType[0]=TOOL_TYPE_UNKNOWN, buttonState=0, metaState=0, flags=0x0, edgeFlags=0x0, pointerCount=1, historySize=0, eventTime=649836438, downTime=649836438, deviceId=0, source=0x1002 }
08-03 20:30:20.041 11539 11539 I Input   : injectMotionEvent: MotionEvent { action=ACTION_MOVE, actionButton=0, id[0]=0, x[0]=500.0, y[0]=1612.4, toolType[0]=TOOL_TYPE_UNKNOWN, buttonState=0, metaState=0, flags=0x0, edgeFlags=0x0, pointerCount=1, historySize=0, eventTime=649836454, downTime=649836454, deviceId=0, source=0x1002 }
08-03 20:30:20.056 11539 11539 I Input   : injectMotionEvent: MotionEvent { action=ACTION_MOVE, actionButton=0, id[0]=0, x[0]=500.0, y[0]=1583.9, toolType[0]=TOOL_TYPE_UNKNOWN, buttonState=0, metaState=0, flags=0x0, edgeFlags=0x0, pointerCount=1, historySize=0, eventTime=649836469, downTime=649836469, deviceId=0, source=0x1002 }
08-03 20:30:20.074 11539 11539 I Input   : injectMotionEvent: MotionEvent { action=ACTION_MOVE, actionButton=0, id[0]=0, x[0]=500.0, y[0]=1549.7, toolType[0]=TOOL_TYPE_UNKNOWN, buttonState=0, metaState=0, flags=0x0, edgeFlags=0x0, pointerCount=1, historySize=0, eventTime=649836487, downTime=649836487, deviceId=0, source=0x1002 }
08-03 20:30:20.091 11539 11539 I Input   : injectMotionEvent: MotionEvent { action=ACTION_MOVE, actionButton=0, id[0]=0, x[0]=500.0, y[0]=1515.5, toolType[0]=TOOL_TYPE_UNKNOWN, buttonState=0, metaState=0, flags=0x0, edgeFlags=0x0, pointerCount=1, historySize=0, eventTime=649836505, downTime=649836505, deviceId=0, source=0x1002 }
08-03 20:30:20.113 11539 11539 I Input   : injectMotionEvent: MotionEvent { action=ACTION_MOVE, actionButton=0, id[0]=0, x[0]=500.0, y[0]=1473.7, toolType[0]=TOOL_TYPE_UNKNOWN, buttonState=0, metaState=0, flags=0x0, edgeFlags=0x0, pointerCount=1, historySize=0, eventTime=649836527, downTime=649836527, deviceId=0, source=0x1002 }
08-03 20:30:20.125 11539 11539 I Input   : injectMotionEvent: MotionEvent { action=ACTION_MOVE, actionButton=0, id[0]=0, x[0]=500.0, y[0]=1452.8, toolType[0]=TOOL_TYPE_UNKNOWN, buttonState=0, metaState=0, flags=0x0, edgeFlags=0x0, pointerCount=1, historySize=0, eventTime=649836538, downTime=649836538, deviceId=0, source=0x1002 }
08-03 20:30:20.143 11539 11539 I Input   : injectMotionEvent: MotionEvent { action=ACTION_MOVE, actionButton=0, id[0]=0, x[0]=500.0, y[0]=1418.6001, toolType[0]=TOOL_TYPE_UNKNOWN, buttonState=0, metaState=0, flags=0x0, edgeFlags=0x0, pointerCount=1, historySize=0, eventTime=649836556, downTime=649836556, deviceId=0, source=0x1002 }
08-03 20:30:20.157  9229  9240 I art     : Starting a blocking GC Explicit
08-03 20:30:20.158 11539 11539 I Input   : injectMotionEvent: MotionEvent { action=ACTION_MOVE, actionButton=0, id[0]=0, x[0]=500.0, y[0]=1390.1, toolType[0]=TOOL_TYPE_UNKNOWN, buttonState=0, metaState=0, flags=0x0, edgeFlags=0x0, pointerCount=1, historySize=0, eventTime=649836571, downTime=649836571, deviceId=0, source=0x1002 }
08-03 20:30:20.178 11539 11539 I Input   : injectMotionEvent: MotionEvent { action=ACTION_MOVE, actionButton=0, id[0]=0, x[0]=500.0, y[0]=1352.1001, toolType[0]=TOOL_TYPE_UNKNOWN, buttonState=0, metaState=0, flags=0x0, edgeFlags=0x0, pointerCount=1, historySize=0, eventTime=649836591, downTime=649836591, deviceId=0, source=0x1002 }
08-03 20:30:20.191 11539 11539 I Input   : injectMotionEvent: MotionEvent { action=ACTION_MOVE, actionButton=0, id[0]=0, x[0]=500.0, y[0]=1325.5, toolType[0]=TOOL_TYPE_UNKNOWN, buttonState=0, metaState=0, flags=0x0, edgeFlags=0x0, pointerCount=1, historySize=0, eventTime=649836605, downTime=649836605, deviceId=0, source=0x1002 }
08-03 20:30:20.207 11539 11539 I Input   : injectMotionEvent: MotionEvent { action=ACTION_MOVE, actionButton=0, id[0]=0, x[0]=500.0, y[0]=1297.0, toolType[0]=TOOL_TYPE_UNKNOWN, buttonState=0, metaState=0, flags=0x0, edgeFlags=0x0, pointerCount=1, historySize=0, eventTime=649836620, downTime=649836620, deviceId=0, source=0x1002 }
08-03 20:30:20.223 11539 11539 I Input   : injectMotionEvent: MotionEvent { action=ACTION_MOVE, actionButton=0, id[0]=0, x[0]=500.0, y[0]=1266.6, toolType[0]=TOOL_TYPE_UNKNOWN, buttonState=0, metaState=0, flags=0x0, edgeFlags=0x0, pointerCount=1, historySize=0, eventTime=649836636, downTime=649836636, deviceId=0, source=0x1002 }
08-03 20:30:20.232  9229  9240 I art     : Explicit concurrent mark sweep GC freed 1729(97KB) AllocSpace objects, 2(48KB) LOS objects, 7% free, 184MB/200MB, paused 2.101ms total 74.215ms
08-03 20:30:20.241 11539 11539 I Input   : injectMotionEvent: MotionEvent { action=ACTION_MOVE, actionButton=0, id[0]=0, x[0]=500.0, y[0]=1230.5, toolType[0]=TOOL_TYPE_UNKNOWN, buttonState=0, metaState=0, flags=0x0, edgeFlags=0x0, pointerCount=1, historySize=0, eventTime=649836655, downTime=649836655, deviceId=0, source=0x1002 }
08-03 20:30:20.258  9229  9240 I art     : Starting a blocking GC Explicit
08-03 20:30:20.259 11539 11539 I Input   : injectMotionEvent: MotionEvent { action=ACTION_MOVE, actionButton=0, id[0]=0, x[0]=500.0, y[0]=1198.2, toolType[0]=TOOL_TYPE_UNKNOWN, buttonState=0, metaState=0, flags=0x0, edgeFlags=0x0, pointerCount=1, historySize=0, eventTime=649836672, downTime=649836672, deviceId=0, source=0x1002 }
08-03 20:30:20.325  9229  9240 I art     : Explicit concurrent mark sweep GC freed 58(2304B) AllocSpace objects, 0(0B) LOS objects, 7% free, 184MB/200MB, paused 1.746ms total 66.803ms
08-03 20:30:20.327 11539 11539 I Input   : injectMotionEvent: MotionEvent { action=ACTION_MOVE, actionButton=0, id[0]=0, x[0]=500.0, y[0]=1069.0, toolType[0]=TOOL_TYPE_UNKNOWN, buttonState=0, metaState=0, flags=0x0, edgeFlags=0x0, pointerCount=1, historySize=0, eventTime=649836740, downTime=649836740, deviceId=0, source=0x1002 }
08-03 20:30:20.348  9229  9240 I art     : Starting a blocking GC Explicit
08-03 20:30:20.386 11539 11539 I Input   : injectMotionEvent: MotionEvent { action=ACTION_MOVE, actionButton=0, id[0]=0, x[0]=500.0, y[0]=956.8999, toolType[0]=TOOL_TYPE_UNKNOWN, buttonState=0, metaState=0, flags=0x0, edgeFlags=0x0, pointerCount=1, historySize=0, eventTime=649836799, downTime=649836799, deviceId=0, source=0x1002 }
08-03 20:30:20.416  9229  9240 I art     : Explicit concurrent mark sweep GC freed 3(96B) AllocSpace objects, 0(0B) LOS objects, 7% free, 184MB/200MB, paused 1.798ms total 67.050ms
08-03 20:30:20.443  9229  9240 I art     : Starting a blocking GC Explicit
08-03 20:30:20.446 11539 11539 I Input   : injectMotionEvent: MotionEvent { action=ACTION_MOVE, actionButton=0, id[0]=0, x[0]=500.0, y[0]=841.0, toolType[0]=TOOL_TYPE_UNKNOWN, buttonState=0, metaState=0, flags=0x0, edgeFlags=0x0, pointerCount=1, historySize=0, eventTime=649836860, downTime=649836860, deviceId=0, source=0x1002 }
08-03 20:30:20.503  9229  9240 I art     : Explicit concurrent mark sweep GC freed 3(96B) AllocSpace objects, 0(0B) LOS objects, 7% free, 184MB/200MB, paused 1.790ms total 60.086ms
08-03 20:30:20.505 11539 11539 I Input   : injectMotionEvent: MotionEvent { action=ACTION_MOVE, actionButton=0, id[0]=0, x[0]=500.0, y[0]=730.80005, toolType[0]=TOOL_TYPE_UNKNOWN, buttonState=0, metaState=0, flags=0x0, edgeFlags=0x0, pointerCount=1, historySize=0, eventTime=649836918, downTime=649836918, deviceId=0, source=0x1002 }
08-03 20:30:20.525  9229  9240 I art     : Starting a blocking GC Explicit
08-03 20:30:20.564 11539 11539 I Input   : injectMotionEvent: MotionEvent { action=ACTION_MOVE, actionButton=0, id[0]=0, x[0]=500.0, y[0]=616.80005, toolType[0]=TOOL_TYPE_UNKNOWN, buttonState=0, metaState=0, flags=0x0, edgeFlags=0x0, pointerCount=1, historySize=0, eventTime=649836978, downTime=649836978, deviceId=0, source=0x1002 }
08-03 20:30:20.587  9229  9240 I art     : Explicit concurrent mark sweep GC freed 3(96B) AllocSpace objects, 0(0B) LOS objects, 7% free, 184MB/200MB, paused 1.662ms total 61.331ms
08-03 20:30:20.627 11539 11539 I Input   : injectMotionEvent: MotionEvent { action=ACTION_MOVE, actionButton=0, id[0]=0, x[0]=500.0, y[0]=497.09998, toolType[0]=TOOL_TYPE_UNKNOWN, buttonState=0, metaState=0, flags=0x0, edgeFlags=0x0, pointerCount=1, historySize=0, eventTime=649837041, downTime=649837041, deviceId=0, source=0x1002 }
08-03 20:30:20.688 11539 11539 I Input   : injectMotionEvent: MotionEvent { action=ACTION_MOVE, actionButton=0, id[0]=0, x[0]=500.0, y[0]=383.09998, toolType[0]=TOOL_TYPE_UNKNOWN, buttonState=0, metaState=0, flags=0x0, edgeFlags=0x0, pointerCount=1, historySize=0, eventTime=649837101, downTime=649837101, deviceId=0, source=0x1002 }
08-03 20:30:20.777 11539 11539 I Input   : injectMotionEvent: MotionEvent { action=ACTION_MOVE, actionButton=0, id[0]=0, x[0]=500.0, y[0]=214.0, toolType[0]=TOOL_TYPE_UNKNOWN, buttonState=0, metaState=0, flags=0x0, edgeFlags=0x0, pointerCount=1, historySize=0, eventTime=649837190, downTime=649837190, deviceId=0, source=0x1002 }
08-03 20:30:20.815 11539 11539 I Input   : injectMotionEvent: MotionEvent { action=ACTION_MOVE, actionButton=0, id[0]=0, x[0]=500.0, y[0]=139.90002, toolType[0]=TOOL_TYPE_UNKNOWN, buttonState=0, metaState=0, flags=0x0, edgeFlags=0x0, pointerCount=1, historySize=0, eventTime=649837229, downTime=649837229, deviceId=0, source=0x1002 }
08-03 20:30:20.865 11539 11539 I Input   : injectMotionEvent: MotionEvent { action=ACTION_UP, actionButton=0, id[0]=0, x[0]=500.0, y[0]=100.0, toolType[0]=TOOL_TYPE_UNKNOWN, buttonState=0, metaState=0, flags=0x0, edgeFlags=0x0, pointerCount=1, historySize=0, eventTime=649837278, downTime=649837278, deviceId=0, source=0x1002 }
08-03 20:30:20.901 11539 11539 D AndroidRuntime: Shutting down VM
08-03 20:30:21.032  9229  9705 I art     : Starting a blocking GC Explicit
08-03 20:30:21.093  9229  9705 I art     : Explicit concurrent mark sweep GC freed 1697(96KB) AllocSpace objects, 2(48KB) LOS objects, 7% free, 184MB/200MB, paused 1.740ms total 59.996ms
08-03 20:30:21.117  9229  9705 I art     : Starting a blocking GC Explicit
08-03 20:30:21.177  9229  9705 I art     : Explicit concurrent mark sweep GC freed 45(1568B) AllocSpace objects, 0(0B) LOS objects, 7% free, 184MB/200MB, paused 1.643ms total 59.009ms
08-03 20:30:21.199  9229  9705 I art     : Starting a blocking GC Explicit
08-03 20:30:21.264  9229  9705 I art     : Explicit concurrent mark sweep GC freed 3(96B) AllocSpace objects, 0(0B) LOS objects, 7% free, 184MB/200MB, paused 1.780ms total 64.581ms
08-03 20:30:21.288  9229  9705 I art     : Starting a blocking GC Explicit
08-03 20:30:21.353  9229  9705 I art     : Explicit concurrent mark sweep GC freed 5(160B) AllocSpace objects, 0(0B) LOS objects, 7% free, 184MB/200MB, paused 1.637ms total 63.590ms
08-03 20:30:21.380  9229  9705 I art     : Starting a blocking GC Explicit
08-03 20:30:21.448  9229  9705 I art     : Explicit concurrent mark sweep GC freed 5(160B) AllocSpace objects, 0(0B) LOS objects, 7% free, 184MB/200MB, paused 1.779ms total 67.719ms
08-03 20:30:21.780 11580 11580 D AndroidRuntime: >>>>>> START com.android.internal.os.RuntimeInit uid 2000 <<<<<<
08-03 20:30:21.785 11580 11580 D AndroidRuntime: CheckJNI is OFF
08-03 20:30:21.832 11580 11580 D ICU     : No timezone override file found: /data/misc/zoneinfo/current/icu/icu_tzdata.dat
08-03 20:30:21.877 11580 11580 I Radio-JNI: register_android_hardware_Radio DONE
08-03 20:30:21.910 11580 11580 D AndroidRuntime: Calling main entry com.android.commands.input.Input
08-03 20:30:21.912 11580 11580 I Input   : injectMotionEvent: MotionEvent { action=ACTION_DOWN, actionButton=0, id[0]=0, x[0]=500.0, y[0]=2000.0, toolType[0]=TOOL_TYPE_UNKNOWN, buttonState=0, metaState=0, flags=0x0, edgeFlags=0x0, pointerCount=1, historySize=0, eventTime=649838325, downTime=649838325, deviceId=0, source=0x1002 }
08-03 20:30:21.915  9229  9705 I art     : Starting a blocking GC Explicit
08-03 20:30:21.920 11580 11580 I Input   : injectMotionEvent: MotionEvent { action=ACTION_MOVE, actionButton=0, id[0]=0, x[0]=500.0, y[0]=2000.0, toolType[0]=TOOL_TYPE_UNKNOWN, buttonState=0, metaState=0, flags=0x0, edgeFlags=0x0, pointerCount=1, historySize=0, eventTime=649838325, downTime=649838325, deviceId=0, source=0x1002 }
08-03 20:30:21.925 11580 11580 I Input   : injectMotionEvent: MotionEvent { action=ACTION_MOVE, actionButton=0, id[0]=0, x[0]=500.0, y[0]=1975.3, toolType[0]=TOOL_TYPE_UNKNOWN, buttonState=0, metaState=0, flags=0x0, edgeFlags=0x0, pointerCount=1, historySize=0, eventTime=649838338, downTime=649838338, deviceId=0, source=0x1002 }
08-03 20:30:21.941 11580 11580 I Input   : injectMotionEvent: MotionEvent { action=ACTION_MOVE, actionButton=0, id[0]=0, x[0]=500.0, y[0]=1944.9, toolType[0]=TOOL_TYPE_UNKNOWN, buttonState=0, metaState=0, flags=0x0, edgeFlags=0x0, pointerCount=1, historySize=0, eventTime=649838354, downTime=649838354, deviceId=0, source=0x1002 }
08-03 20:30:21.959 11580 11580 I Input   : injectMotionEvent: MotionEvent { action=ACTION_MOVE, actionButton=0, id[0]=0, x[0]=500.0, y[0]=1908.8, toolType[0]=TOOL_TYPE_UNKNOWN, buttonState=0, metaState=0, flags=0x0, edgeFlags=0x0, pointerCount=1, historySize=0, eventTime=649838373, downTime=649838373, deviceId=0, source=0x1002 }
08-03 20:30:21.999  9229  9705 I art     : Explicit concurrent mark sweep GC freed 1740(99KB) AllocSpace objects, 2(48KB) LOS objects, 7% free, 184MB/200MB, paused 1.763ms total 83.538ms
08-03 20:30:22.024  9229  9705 I art     : Starting a blocking GC Explicit
08-03 20:30:22.067 11580 11580 I Input   : injectMotionEvent: MotionEvent { action=ACTION_MOVE, actionButton=0, id[0]=0, x[0]=500.0, y[0]=1705.5, toolType[0]=TOOL_TYPE_UNKNOWN, buttonState=0, metaState=0, flags=0x0, edgeFlags=0x0, pointerCount=1, historySize=0, eventTime=649838480, downTime=649838480, deviceId=0, source=0x1002 }
08-03 20:30:22.084  9229  9705 I art     : Explicit concurrent mark sweep GC freed 52(2224B) AllocSpace objects, 0(0B) LOS objects, 7% free, 184MB/200MB, paused 1.713ms total 59.785ms
08-03 20:30:22.103 11580 11580 I Input   : injectMotionEvent: MotionEvent { action=ACTION_MOVE, actionButton=0, id[0]=0, x[0]=500.0, y[0]=1637.1, toolType[0]=TOOL_TYPE_UNKNOWN, buttonState=0, metaState=0, flags=0x0, edgeFlags=0x0, pointerCount=1, historySize=0, eventTime=649838516, downTime=649838516, deviceId=0, source=0x1002 }
08-03 20:30:22.108  9229  9705 I art     : Starting a blocking GC Explicit
08-03 20:30:22.143 11580 11580 I Input   : injectMotionEvent: MotionEvent { action=ACTION_MOVE, actionButton=0, id[0]=0, x[0]=500.0, y[0]=1561.1, toolType[0]=TOOL_TYPE_UNKNOWN, buttonState=0, metaState=0, flags=0x0, edgeFlags=0x0, pointerCount=1, historySize=0, eventTime=649838556, downTime=649838556, deviceId=0, source=0x1002 }
08-03 20:30:22.170  9229  9705 I art     : Explicit concurrent mark sweep GC freed 9(288B) AllocSpace objects, 0(0B) LOS objects, 7% free, 184MB/200MB, paused 1.820ms total 61.255ms
08-03 20:30:22.183 11580 11580 I Input   : injectMotionEvent: MotionEvent { action=ACTION_MOVE, actionButton=0, id[0]=0, x[0]=500.0, y[0]=1485.1, toolType[0]=TOOL_TYPE_UNKNOWN, buttonState=0, metaState=0, flags=0x0, edgeFlags=0x0, pointerCount=1, historySize=0, eventTime=649838596, downTime=649838596, deviceId=0, source=0x1002 }
08-03 20:30:22.193  9229  9705 I art     : Starting a blocking GC Explicit
08-03 20:30:22.222 11580 11580 I Input   : injectMotionEvent: MotionEvent { action=ACTION_MOVE, actionButton=0, id[0]=0, x[0]=500.0, y[0]=1411.0, toolType[0]=TOOL_TYPE_UNKNOWN, buttonState=0, metaState=0, flags=0x0, edgeFlags=0x0, pointerCount=1, historySize=0, eventTime=649838635, downTime=649838635, deviceId=0, source=0x1002 }
08-03 20:30:22.254  9229  9705 I art     : Explicit concurrent mark sweep GC freed 3(96B) AllocSpace objects, 0(0B) LOS objects, 7% free, 184MB/200MB, paused 1.736ms total 61.251ms
08-03 20:30:22.261 11580 11580 I Input   : injectMotionEvent: MotionEvent { action=ACTION_MOVE, actionButton=0, id[0]=0, x[0]=500.0, y[0]=1336.8999, toolType[0]=TOOL_TYPE_UNKNOWN, buttonState=0, metaState=0, flags=0x0, edgeFlags=0x0, pointerCount=1, historySize=0, eventTime=649838674, downTime=649838674, deviceId=0, source=0x1002 }
08-03 20:30:22.279  9229  9705 I art     : Starting a blocking GC Explicit
08-03 20:30:22.300 11580 11580 I Input   : injectMotionEvent: MotionEvent { action=ACTION_MOVE, actionButton=0, id[0]=0, x[0]=500.0, y[0]=1262.8, toolType[0]=TOOL_TYPE_UNKNOWN, buttonState=0, metaState=0, flags=0x0, edgeFlags=0x0, pointerCount=1, historySize=0, eventTime=649838713, downTime=649838713, deviceId=0, source=0x1002 }
08-03 20:30:22.339 11580 11580 I Input   : injectMotionEvent: MotionEvent { action=ACTION_MOVE, actionButton=0, id[0]=0, x[0]=500.0, y[0]=1186.8, toolType[0]=TOOL_TYPE_UNKNOWN, buttonState=0, metaState=0, flags=0x0, edgeFlags=0x0, pointerCount=1, historySize=0, eventTime=649838753, downTime=649838753, deviceId=0, source=0x1002 }
08-03 20:30:22.343  9229  9705 I art     : Explicit concurrent mark sweep GC freed 3(96B) AllocSpace objects, 0(0B) LOS objects, 7% free, 184MB/200MB, paused 2.218ms total 63.709ms
08-03 20:30:22.379 11580 11580 I Input   : injectMotionEvent: MotionEvent { action=ACTION_MOVE, actionButton=0, id[0]=0, x[0]=500.0, y[0]=1112.7, toolType[0]=TOOL_TYPE_UNKNOWN, buttonState=0, metaState=0, flags=0x0, edgeFlags=0x0, pointerCount=1, historySize=0, eventTime=649838792, downTime=649838792, deviceId=0, source=0x1002 }
08-03 20:30:22.418 11580 11580 I Input   : injectMotionEvent: MotionEvent { action=ACTION_MOVE, actionButton=0, id[0]=0, x[0]=500.0, y[0]=1036.7, toolType[0]=TOOL_TYPE_UNKNOWN, buttonState=0, metaState=0, flags=0x0, edgeFlags=0x0, pointerCount=1, historySize=0, eventTime=649838832, downTime=649838832, deviceId=0, source=0x1002 }
08-03 20:30:22.455 11580 11580 I Input   : injectMotionEvent: MotionEvent { action=ACTION_MOVE, actionButton=0, id[0]=0, x[0]=500.0, y[0]=968.30005, toolType[0]=TOOL_TYPE_UNKNOWN, buttonState=0, metaState=0, flags=0x0, edgeFlags=0x0, pointerCount=1, historySize=0, eventTime=649838868, downTime=649838868, deviceId=0, source=0x1002 }
08-03 20:30:22.495 11580 11580 I Input   : injectMotionEvent: MotionEvent { action=ACTION_MOVE, actionButton=0, id[0]=0, x[0]=500.0, y[0]=892.30005, toolType[0]=TOOL_TYPE_UNKNOWN, buttonState=0, metaState=0, flags=0x0, edgeFlags=0x0, pointerCount=1, historySize=0, eventTime=649838908, downTime=649838908, deviceId=0, source=0x1002 }
08-03 20:30:22.534 11580 11580 I Input   : injectMotionEvent: MotionEvent { action=ACTION_MOVE, actionButton=0, id[0]=0, x[0]=500.0, y[0]=818.2001, toolType[0]=TOOL_TYPE_UNKNOWN, buttonState=0, metaState=0, flags=0x0, edgeFlags=0x0, pointerCount=1, historySize=0, eventTime=649838947, downTime=649838947, deviceId=0, source=0x1002 }
08-03 20:30:22.570 11580 11580 I Input   : injectMotionEvent: MotionEvent { action=ACTION_MOVE, actionButton=0, id[0]=0, x[0]=500.0, y[0]=747.9, toolType[0]=TOOL_TYPE_UNKNOWN, buttonState=0, metaState=0, flags=0x0, edgeFlags=0x0, pointerCount=1, historySize=0, eventTime=649838984, downTime=649838984, deviceId=0, source=0x1002 }
08-03 20:30:22.607 11580 11580 I Input   : injectMotionEvent: MotionEvent { action=ACTION_MOVE, actionButton=0, id[0]=0, x[0]=500.0, y[0]=677.6001, toolType[0]=TOOL_TYPE_UNKNOWN, buttonState=0, metaState=0, flags=0x0, edgeFlags=0x0, pointerCount=1, historySize=0, eventTime=649839021, downTime=649839021, deviceId=0, source=0x1002 }
08-03 20:30:22.647 11580 11580 I Input   : injectMotionEvent: MotionEvent { action=ACTION_MOVE, actionButton=0, id[0]=0, x[0]=500.0, y[0]=603.5, toolType[0]=TOOL_TYPE_UNKNOWN, buttonState=0, metaState=0, flags=0x0, edgeFlags=0x0, pointerCount=1, historySize=0, eventTime=649839060, downTime=649839060, deviceId=0, source=0x1002 }
08-03 20:30:22.683 11580 11580 I Input   : injectMotionEvent: MotionEvent { action=ACTION_MOVE, actionButton=0, id[0]=0, x[0]=500.0, y[0]=533.19995, toolType[0]=TOOL_TYPE_UNKNOWN, buttonState=0, metaState=0, flags=0x0, edgeFlags=0x0, pointerCount=1, historySize=0, eventTime=649839097, downTime=649839097, deviceId=0, source=0x1002 }
08-03 20:30:22.721 11580 11580 I Input   : injectMotionEvent: MotionEvent { action=ACTION_MOVE, actionButton=0, id[0]=0, x[0]=500.0, y[0]=462.90002, toolType[0]=TOOL_TYPE_UNKNOWN, buttonState=0, metaState=0, flags=0x0, edgeFlags=0x0, pointerCount=1, historySize=0, eventTime=649839134, downTime=649839134, deviceId=0, source=0x1002 }
08-03 20:30:22.763 11580 11580 I Input   : injectMotionEvent: MotionEvent { action=ACTION_MOVE, actionButton=0, id[0]=0, x[0]=500.0, y[0]=383.09998, toolType[0]=TOOL_TYPE_UNKNOWN, buttonState=0, metaState=0, flags=0x0, edgeFlags=0x0, pointerCount=1, historySize=0, eventTime=649839176, downTime=649839176, deviceId=0, source=0x1002 }
08-03 20:30:22.799 11580 11580 I Input   : injectMotionEvent: MotionEvent { action=ACTION_MOVE, actionButton=0, id[0]=0, x[0]=500.0, y[0]=312.79993, toolType[0]=TOOL_TYPE_UNKNOWN, buttonState=0, metaState=0, flags=0x0, edgeFlags=0x0, pointerCount=1, historySize=0, eventTime=649839213, downTime=649839213, deviceId=0, source=0x1002 }
08-03 20:30:22.815  9229  9240 I art     : Starting a blocking GC Explicit
08-03 20:30:22.838 11580 11580 I Input   : injectMotionEvent: MotionEvent { action=ACTION_MOVE, actionButton=0, id[0]=0, x[0]=500.0, y[0]=240.59998, toolType[0]=TOOL_TYPE_UNKNOWN, buttonState=0, metaState=0, flags=0x0, edgeFlags=0x0, pointerCount=1, historySize=0, eventTime=649839251, downTime=649839251, deviceId=0, source=0x1002 }
08-03 20:30:22.877 11580 11580 I Input   : injectMotionEvent: MotionEvent { action=ACTION_MOVE, actionButton=0, id[0]=0, x[0]=500.0, y[0]=166.5, toolType[0]=TOOL_TYPE_UNKNOWN, buttonState=0, metaState=0, flags=0x0, edgeFlags=0x0, pointerCount=1, historySize=0, eventTime=649839290, downTime=649839290, deviceId=0, source=0x1002 }
08-03 20:30:22.884  9229  9240 I art     : Explicit concurrent mark sweep GC freed 1674(96KB) AllocSpace objects, 2(48KB) LOS objects, 7% free, 184MB/200MB, paused 1.831ms total 68.534ms
08-03 20:30:22.908  9229  9240 I art     : Starting a blocking GC Explicit
08-03 20:30:22.914 11580 11580 I Input   : injectMotionEvent: MotionEvent { action=ACTION_UP, actionButton=0, id[0]=0, x[0]=500.0, y[0]=100.0, toolType[0]=TOOL_TYPE_UNKNOWN, buttonState=0, metaState=0, flags=0x0, edgeFlags=0x0, pointerCount=1, historySize=0, eventTime=649839328, downTime=649839328, deviceId=0, source=0x1002 }
08-03 20:30:22.952 11580 11580 D AndroidRuntime: Shutting down VM
08-03 20:30:22.973  9229  9240 I art     : Explicit concurrent mark sweep GC freed 32(1168B) AllocSpace objects, 0(0B) LOS objects, 7% free, 184MB/200MB, paused 1.751ms total 64.787ms
08-03 20:30:22.995  9229  9240 I art     : Starting a blocking GC Explicit
08-03 20:30:23.055  9229  9240 I art     : Explicit concurrent mark sweep GC freed 4(128B) AllocSpace objects, 0(0B) LOS objects, 7% free, 184MB/200MB, paused 1.648ms total 59.138ms
08-03 20:30:23.078  9229  9240 I art     : Starting a blocking GC Explicit
08-03 20:30:23.145  9229  9240 I art     : Explicit concurrent mark sweep GC freed 3(96B) AllocSpace objects, 0(0B) LOS objects, 7% free, 184MB/200MB, paused 1.842ms total 66.685ms
08-03 20:30:23.171  9229  9240 I art     : Starting a blocking GC Explicit
08-03 20:30:23.238  9229  9240 I art     : Explicit concurrent mark sweep GC freed 3(96B) AllocSpace objects, 0(0B) LOS objects, 7% free, 184MB/200MB, paused 1.959ms total 66.317ms
08-03 20:30:23.702  9229  9247 I art     : Starting a blocking GC Explicit
08-03 20:30:23.775  9229  9247 I art     : Explicit concurrent mark sweep GC freed 1623(94KB) AllocSpace objects, 2(48KB) LOS objects, 7% free, 184MB/200MB, paused 1.665ms total 73.088ms
08-03 20:30:23.799  9229  9247 I art     : Starting a blocking GC Explicit
08-03 20:30:23.852 11615 11615 D AndroidRuntime: >>>>>> START com.android.internal.os.RuntimeInit uid 2000 <<<<<<
08-03 20:30:23.858 11615 11615 D AndroidRuntime: CheckJNI is OFF
08-03 20:30:23.865  9229  9247 I art     : Explicit concurrent mark sweep GC freed 66(2064B) AllocSpace objects, 0(0B) LOS objects, 7% free, 184MB/200MB, paused 2.051ms total 64.720ms
08-03 20:30:23.889  9229  9247 I art     : Starting a blocking GC Explicit
08-03 20:30:23.914 11615 11615 D ICU     : No timezone override file found: /data/misc/zoneinfo/current/icu/icu_tzdata.dat
08-03 20:30:23.955  9229  9247 I art     : Explicit concurrent mark sweep GC freed 4(128B) AllocSpace objects, 0(0B) LOS objects, 7% free, 184MB/200MB, paused 1.878ms total 65.374ms
08-03 20:30:23.958 11615 11615 I Radio-JNI: register_android_hardware_Radio DONE
08-03 20:30:23.981  9229  9247 I art     : Starting a blocking GC Explicit
08-03 20:30:23.991 11615 11615 D AndroidRuntime: Calling main entry com.android.commands.input.Input
08-03 20:30:23.993 11615 11615 I Input   : injectMotionEvent: MotionEvent { action=ACTION_DOWN, actionButton=0, id[0]=0, x[0]=657.0, y[0]=2080.0, toolType[0]=TOOL_TYPE_UNKNOWN, buttonState=0, metaState=0, flags=0x0, edgeFlags=0x0, pointerCount=1, historySize=0, eventTime=649840406, downTime=649840406, deviceId=0, source=0x1002 }
08-03 20:30:23.998 11615 11615 I Input   : injectMotionEvent: MotionEvent { action=ACTION_UP, actionButton=0, id[0]=0, x[0]=657.0, y[0]=2080.0, toolType[0]=TOOL_TYPE_UNKNOWN, buttonState=0, metaState=0, flags=0x0, edgeFlags=0x0, pointerCount=1, historySize=0, eventTime=649840406, downTime=649840406, deviceId=0, source=0x1002 }
08-03 20:30:24.001   918  3714 I ActivityManager: START u0 {cmp=baseline.io.github.project_travel_mate/.utilities.UpcomingWeekendsActivity} from uid 10623 on display 0
08-03 20:30:24.002   512  2967 D audio_hw_primary: out_set_parameters: enter: usecase(1: low-latency-playback) kvpairs: routing=2
08-03 20:30:24.005 11615 11615 D AndroidRuntime: Shutting down VM
08-03 20:30:24.017   512  2967 D audio_hw_primary: select_devices: out_snd_device(2: speaker) in_snd_device(0: none)
08-03 20:30:24.017   512  2967 D msm8974_platform: platform_send_audio_calibration: sending audio calibration for snd_device(2) acdb_id(15)
08-03 20:30:24.018   512  2967 I soundtrigger: audio_extn_sound_trigger_update_device_status: device 0x2 of type 0 for Event 1
08-03 20:30:24.033   512  2967 D audio_hw_primary: enable_snd_device: snd_device(2: speaker)
08-03 20:30:24.036   512  2967 D audio_hw_primary: enable_audio_route: apply and update mixer path: low-latency-playback speaker
08-03 20:30:24.048  9229  9247 I art     : Explicit concurrent mark sweep GC freed 241(11KB) AllocSpace objects, 0(0B) LOS objects, 7% free, 184MB/200MB, paused 2.377ms total 67.261ms
08-03 20:30:24.054  9229  9294 D Gabe    : call	returning from cache
08-03 20:30:24.058  9229  9229 V EXECUTING: https://project-travel-mate.herokuapp.com/api/get-upcoming-holidays/2020
08-03 20:30:24.062  9229  9229 V EXECUTING: https://project-travel-mate.herokuapp.com/api/get-upcoming-holidays/2020
08-03 20:30:24.072  9229  9247 I art     : Starting a blocking GC Explicit
08-03 20:30:24.135  9229  9247 I art     : Explicit concurrent mark sweep GC freed 900(65KB) AllocSpace objects, 0(0B) LOS objects, 7% free, 184MB/200MB, paused 1.932ms total 62.762ms
08-03 20:30:24.168 13866 13866 I GoogleInputMethodServic: GoogleInputMethodService.onFinishInput():3138 
08-03 20:30:24.169 13866 13866 I GoogleInputMethodServic: GoogleInputMethodService.onStartInput():1808 
08-03 20:30:24.271   918   936 I ActivityManager: Displayed baseline.io.github.project_travel_mate/.utilities.UpcomingWeekendsActivity: +260ms
08-03 20:30:24.526   380   380 W SurfaceFlinger: couldn't log to binary event log: overflow.
08-03 20:30:24.571  9229  9705 I art     : Starting a blocking GC Explicit
08-03 20:30:24.579   512  2967 D audio_hw_primary: disable_audio_route: reset and update mixer path: low-latency-playback speaker
08-03 20:30:24.580   512  2967 D audio_hw_primary: disable_snd_device: snd_device(2: speaker)
08-03 20:30:24.588   512  2967 I soundtrigger: audio_extn_sound_trigger_update_device_status: device 0x2 of type 0 for Event 0
08-03 20:30:24.617  9229 11639 I NAPPA_EXPERIMENTATION: MetricNetworkRequestExecutionTime: REQUEST_DURATION_SYSTEM='554',REQUEST_DURATION_OKHTTP='41',REQUEST_SYNCHRONOUS='FALSE',RESPONSE_CODE='200',RESPONSE_METHOD='GET',RESPONSE_LENGTH_OKHTTP='6426',RESPONSE_LENGTH_HEADER='6426',REQUEST_PROTOCOL='http/1.1',REQUEST_URL='https://project-travel-mate.herokuapp.com/api/get-upcoming-holidays/2020',
08-03 20:30:24.623  9229  9229 V Response: [{"month":"January","date":1,"day":"Wednesday","name":"New Year's Day","type":"Restricted"},{"month":"January","date":2,"day":"Thursday","name":"Guru Govind Singh Jayanti","type":"Restricted"},{"month":"January","date":14,"day":"Tuesday","name":"Lohri","type":"Restricted"},{"month":"January","date":15,"day":"Wednesday","name":"Pongal","type":"Restricted"},{"month":"January","date":15,"day":"Wednesday","name":"Makar Sankranti","type":"Restricted"},{"month":"January","date":25,"day":"Saturday","name":"Chinese New Year","type":"Observance"},{"month":"January","date":26,"day":"Sunday","name":"Republic Day","type":"Gazetted"},{"month":"January","date":30,"day":"Thursday","name":"Vasant Panchami","type":"Restricted"},{"month":"February","date":9,"day":"Sunday","name":"Guru Ravidas Jayanti","type":"Restricted"},{"month":"February","date":14,"day":"Friday","name":"Valentine's Day","type":"Observance"},{"month":"February","date":18,"day":"Tuesday","name":"Maharishi Dayanand Saraswati Jayanti","type":"Restricted"},{"month":"February","date":19,"day":"Wednesday","name":"Shivaji Jayanti","type":"Restricted"},{"month":"February","date":21,"day":"Friday","name":"Maha Shivaratri/Shivaratri","type":"Gazetted"},{"month":"March","date":9,"day":"Monday","name":"Holika Dahana","type":"Restricted"},{"month":"March","date":9,"day":"Monday","name":"Hazarat Ali's Birthday","type":"Restricted"},{"month":"March","date":10,"day":"Tuesday","name":"Holi","type":"Gazetted"},{"month":"March","date":20,"day":"Friday","name":"March Equinox","type":"Season"},{"month":"March","date":25,"day":"Wednesday","name":"Chaitra Sukhladi","type":"Restricted"},{"month":"April","date":2,"day":"Thursday","name":"Rama Navami","type":"Gazetted"},{"month":"April","date":6,"day":"Monday","name":"Mahavir Jayanti","type":"Gazetted"},{"month":"April","date":9,"day":"Thursday","name":"First day of Passover","type":"Observance"},{"month":"April","date":9,"day":"Thursday","name":"Maundy Thursday","type":"Observance,"},{"month":"April","date":10,"day":"Friday","name":"Good Friday","type":"Gazetted"},{"month":"April","date":12,"day":"Sunday","name":"Easter Day","type":"Restricted"},{"month":"April","date":13,"day":"Monday","name":"Vaisakhi","type":"Restricted"},{"month":"April","date":14,"day":"Tuesday","name":"Mesadi/Vaisakhadi","type":"Restricted"},{"month":"April","date":14,"day":"Tuesday","name":"Ambedkar Jayanti","type":"Central"},{"month":"May","date":1,"day":"Friday","name":"May Day","type":"Observance"},{"month":"May","date":7,"day":"Thursday","name":"Buddha Purnima/Vesak","type":"Gazetted"},{"month":"May","date":7,"day":"Thursday","name":"Birthday of Ravindranath","type":"Restricted"},{"month":"May","date":10,"day":"Sunday","name":"Mother's Day","type":"Observance"},{"month":"May","date":22,"day":"Friday","name":"Jamat Ul-Vida","type":"Restricted"},{"month":"May","date":25,"day":"Monday","name":"Ramzan Id/Eid-ul-Fitar","type":"Gazetted"},{"month":"May","date":25,"day":"Monday","name":"Ramzan Id/Eid-ul-Fitar","type":"Muslim,"},{"month":"June","date":21,"day":"Sunday","name":"June Solstice","type":"Season"},{"month":"June","date":21,"day":"Sunday","name":"Father's Day","type":"Observance"},{"month":"June","date":23,"day":"Tuesday","name":"Rath Yatra","type":"Restricted"},{"month":"July","date":5,"day":"Sunday","name":"Guru Purnima","type":"Observance"},{"month":"July","date":31,"day":"Friday","name":"Bakr Id/Eid ul-Adha","type":"Gazetted"},{"month":"August","date":2,"day":"Sunday","name":"Friendship Day","type":"Observance"},{"month":"August","date":3,"day":"Monday","name":"Raksha Bandhan (Rakhi)","type":"Restricted"},{"month":"August","date":11,"day":"Tuesday","name":"Janmashtami (Smarta)","type":"Restricted"},{"month":"August","date":12,"day":"Wednesday","name":"Janmashtami","type":"Gazetted"},{"month":"August","date":15,"day":"Saturday","name":"Independence Day","type":"Gazetted"},{"month":"August","date":16,"day":"Sunday","name":"Parsi New Year","type":"Restricted"},{"month":"August","date":22,"day":"Saturday","name":"Ganesh Chaturthi/Vin
08-03 20:30:24.648  9229  9705 I art     : Explicit concurrent mark sweep GC freed 8034(366KB) AllocSpace objects, 6(264KB) LOS objects, 7% free, 188MB/204MB, paused 2.771ms total 76.302ms
08-03 20:30:24.673  9229  9705 I art     : Starting a blocking GC Explicit
08-03 20:30:24.742  9229  9705 I art     : Explicit concurrent mark sweep GC freed 5846(327KB) AllocSpace objects, 2(120KB) LOS objects, 7% free, 189MB/205MB, paused 2.342ms total 69.140ms
08-03 20:30:24.769  9229  9705 I art     : Starting a blocking GC Explicit
08-03 20:30:24.804  9229 11638 I NAPPA_EXPERIMENTATION: MetricNetworkRequestExecutionTime: REQUEST_DURATION_SYSTEM='743',REQUEST_DURATION_OKHTTP='35',REQUEST_SYNCHRONOUS='FALSE',RESPONSE_CODE='200',RESPONSE_METHOD='GET',RESPONSE_LENGTH_OKHTTP='6426',RESPONSE_LENGTH_HEADER='6426',REQUEST_PROTOCOL='http/1.1',REQUEST_URL='https://project-travel-mate.herokuapp.com/api/get-upcoming-holidays/2020',
08-03 20:30:24.806  9229  9229 V Response: [{"month":"January","date":1,"day":"Wednesday","name":"New Year's Day","type":"Restricted"},{"month":"January","date":2,"day":"Thursday","name":"Guru Govind Singh Jayanti","type":"Restricted"},{"month":"January","date":14,"day":"Tuesday","name":"Lohri","type":"Restricted"},{"month":"January","date":15,"day":"Wednesday","name":"Pongal","type":"Restricted"},{"month":"January","date":15,"day":"Wednesday","name":"Makar Sankranti","type":"Restricted"},{"month":"January","date":25,"day":"Saturday","name":"Chinese New Year","type":"Observance"},{"month":"January","date":26,"day":"Sunday","name":"Republic Day","type":"Gazetted"},{"month":"January","date":30,"day":"Thursday","name":"Vasant Panchami","type":"Restricted"},{"month":"February","date":9,"day":"Sunday","name":"Guru Ravidas Jayanti","type":"Restricted"},{"month":"February","date":14,"day":"Friday","name":"Valentine's Day","type":"Observance"},{"month":"February","date":18,"day":"Tuesday","name":"Maharishi Dayanand Saraswati Jayanti","type":"Restricted"},{"month":"February","date":19,"day":"Wednesday","name":"Shivaji Jayanti","type":"Restricted"},{"month":"February","date":21,"day":"Friday","name":"Maha Shivaratri/Shivaratri","type":"Gazetted"},{"month":"March","date":9,"day":"Monday","name":"Holika Dahana","type":"Restricted"},{"month":"March","date":9,"day":"Monday","name":"Hazarat Ali's Birthday","type":"Restricted"},{"month":"March","date":10,"day":"Tuesday","name":"Holi","type":"Gazetted"},{"month":"March","date":20,"day":"Friday","name":"March Equinox","type":"Season"},{"month":"March","date":25,"day":"Wednesday","name":"Chaitra Sukhladi","type":"Restricted"},{"month":"April","date":2,"day":"Thursday","name":"Rama Navami","type":"Gazetted"},{"month":"April","date":6,"day":"Monday","name":"Mahavir Jayanti","type":"Gazetted"},{"month":"April","date":9,"day":"Thursday","name":"First day of Passover","type":"Observance"},{"month":"April","date":9,"day":"Thursday","name":"Maundy Thursday","type":"Observance,"},{"month":"April","date":10,"day":"Friday","name":"Good Friday","type":"Gazetted"},{"month":"April","date":12,"day":"Sunday","name":"Easter Day","type":"Restricted"},{"month":"April","date":13,"day":"Monday","name":"Vaisakhi","type":"Restricted"},{"month":"April","date":14,"day":"Tuesday","name":"Mesadi/Vaisakhadi","type":"Restricted"},{"month":"April","date":14,"day":"Tuesday","name":"Ambedkar Jayanti","type":"Central"},{"month":"May","date":1,"day":"Friday","name":"May Day","type":"Observance"},{"month":"May","date":7,"day":"Thursday","name":"Buddha Purnima/Vesak","type":"Gazetted"},{"month":"May","date":7,"day":"Thursday","name":"Birthday of Ravindranath","type":"Restricted"},{"month":"May","date":10,"day":"Sunday","name":"Mother's Day","type":"Observance"},{"month":"May","date":22,"day":"Friday","name":"Jamat Ul-Vida","type":"Restricted"},{"month":"May","date":25,"day":"Monday","name":"Ramzan Id/Eid-ul-Fitar","type":"Gazetted"},{"month":"May","date":25,"day":"Monday","name":"Ramzan Id/Eid-ul-Fitar","type":"Muslim,"},{"month":"June","date":21,"day":"Sunday","name":"June Solstice","type":"Season"},{"month":"June","date":21,"day":"Sunday","name":"Father's Day","type":"Observance"},{"month":"June","date":23,"day":"Tuesday","name":"Rath Yatra","type":"Restricted"},{"month":"July","date":5,"day":"Sunday","name":"Guru Purnima","type":"Observance"},{"month":"July","date":31,"day":"Friday","name":"Bakr Id/Eid ul-Adha","type":"Gazetted"},{"month":"August","date":2,"day":"Sunday","name":"Friendship Day","type":"Observance"},{"month":"August","date":3,"day":"Monday","name":"Raksha Bandhan (Rakhi)","type":"Restricted"},{"month":"August","date":11,"day":"Tuesday","name":"Janmashtami (Smarta)","type":"Restricted"},{"month":"August","date":12,"day":"Wednesday","name":"Janmashtami","type":"Gazetted"},{"month":"August","date":15,"day":"Saturday","name":"Independence Day","type":"Gazetted"},{"month":"August","date":16,"day":"Sunday","name":"Parsi New Year","type":"Restricted"},{"month":"August","date":22,"day":"Saturday","name":"Ganesh Chaturthi/Vin
08-03 20:30:24.844  9229  9705 I art     : Explicit concurrent mark sweep GC freed 7447(307KB) AllocSpace objects, 3(4MB) LOS objects, 7% free, 185MB/201MB, paused 2.808ms total 74.963ms
08-03 20:30:24.870  9229  9705 I art     : Starting a blocking GC Explicit
08-03 20:30:24.948  9229  9705 I art     : Explicit concurrent mark sweep GC freed 2826(158KB) AllocSpace objects, 1(16KB) LOS objects, 7% free, 185MB/201MB, paused 1.985ms total 77.219ms
08-03 20:30:24.974  9229  9705 I art     : Starting a blocking GC Explicit
08-03 20:30:25.050  9229  9705 I art     : Explicit concurrent mark sweep GC freed 1362(78KB) AllocSpace objects, 11(220KB) LOS objects, 7% free, 185MB/201MB, paused 2.223ms total 75.266ms
08-03 20:30:25.502  9229  9247 I art     : Starting a blocking GC Explicit
08-03 20:30:25.579  9229  9247 I art     : Explicit concurrent mark sweep GC freed 2367(106KB) AllocSpace objects, 2(48KB) LOS objects, 7% free, 185MB/201MB, paused 1.909ms total 75.610ms
08-03 20:30:25.606  9229  9247 I art     : Starting a blocking GC Explicit
08-03 20:30:25.681  9229  9247 I art     : Explicit concurrent mark sweep GC freed 174(3KB) AllocSpace objects, 0(0B) LOS objects, 7% free, 185MB/201MB, paused 2.228ms total 74.157ms
08-03 20:30:25.708  9229  9247 I art     : Starting a blocking GC Explicit
08-03 20:30:25.784  9229  9247 I art     : Explicit concurrent mark sweep GC freed 171(2896B) AllocSpace objects, 0(0B) LOS objects, 7% free, 185MB/201MB, paused 2.211ms total 75.066ms
08-03 20:30:25.812  9229  9247 I art     : Starting a blocking GC Explicit
08-03 20:30:25.885  9229  9247 I art     : Explicit concurrent mark sweep GC freed 186(3KB) AllocSpace objects, 0(0B) LOS objects, 7% free, 185MB/201MB, paused 2.074ms total 72.057ms
08-03 20:30:25.912  9229  9247 I art     : Starting a blocking GC Explicit
08-03 20:30:25.987  9229  9247 I art     : Explicit concurrent mark sweep GC freed 150(2784B) AllocSpace objects, 0(0B) LOS objects, 7% free, 185MB/201MB, paused 1.946ms total 74.105ms
08-03 20:30:26.447  9229 10127 I art     : Starting a blocking GC Explicit
08-03 20:30:26.522  9229 10127 I art     : Explicit concurrent mark sweep GC freed 2391(107KB) AllocSpace objects, 2(48KB) LOS objects, 7% free, 185MB/201MB, paused 2.079ms total 74.673ms
08-03 20:30:26.549  9229 10127 I art     : Starting a blocking GC Explicit
08-03 20:30:26.624  9229 10127 I art     : Explicit concurrent mark sweep GC freed 174(3KB) AllocSpace objects, 0(0B) LOS objects, 7% free, 185MB/201MB, paused 1.971ms total 74.238ms
08-03 20:30:26.650  9229 10127 I art     : Starting a blocking GC Explicit
08-03 20:30:26.725  9229 10127 I art     : Explicit concurrent mark sweep GC freed 147(2496B) AllocSpace objects, 0(0B) LOS objects, 7% free, 185MB/201MB, paused 1.941ms total 74.220ms
08-03 20:30:26.753  9229 10127 I art     : Starting a blocking GC Explicit
08-03 20:30:26.827  9229 10127 I art     : Explicit concurrent mark sweep GC freed 147(2496B) AllocSpace objects, 0(0B) LOS objects, 7% free, 185MB/201MB, paused 1.979ms total 73.515ms
08-03 20:30:26.853  9229 10127 I art     : Starting a blocking GC Explicit
08-03 20:30:26.930  9229 10127 I art     : Explicit concurrent mark sweep GC freed 184(3KB) AllocSpace objects, 0(0B) LOS objects, 7% free, 185MB/201MB, paused 2.249ms total 75.855ms
08-03 20:30:27.393  9229  9241 I art     : Starting a blocking GC Explicit
08-03 20:30:27.469  9229  9241 I art     : Explicit concurrent mark sweep GC freed 2428(108KB) AllocSpace objects, 2(48KB) LOS objects, 7% free, 185MB/201MB, paused 2.248ms total 75.172ms
08-03 20:30:27.497  9229  9241 I art     : Starting a blocking GC Explicit
08-03 20:30:27.571  9229  9241 I art     : Explicit concurrent mark sweep GC freed 204(5KB) AllocSpace objects, 0(0B) LOS objects, 7% free, 185MB/201MB, paused 2.064ms total 73.119ms
08-03 20:30:27.598  9229  9241 I art     : Starting a blocking GC Explicit
08-03 20:30:27.672  9229  9241 I art     : Explicit concurrent mark sweep GC freed 159(3KB) AllocSpace objects, 0(0B) LOS objects, 7% free, 185MB/201MB, paused 1.995ms total 73.932ms
08-03 20:30:27.699  9229  9241 I art     : Starting a blocking GC Explicit
08-03 20:30:27.773  9229  9241 I art     : Explicit concurrent mark sweep GC freed 147(2496B) AllocSpace objects, 0(0B) LOS objects, 7% free, 185MB/201MB, paused 1.991ms total 73.556ms
08-03 20:30:27.800  9229  9241 I art     : Starting a blocking GC Explicit
08-03 20:30:27.874  9229  9241 I art     : Explicit concurrent mark sweep GC freed 183(3KB) AllocSpace objects, 0(0B) LOS objects, 7% free, 185MB/201MB, paused 1.971ms total 73.554ms
08-03 20:30:28.369  9229  9240 I art     : Starting a blocking GC Explicit
08-03 20:30:28.443  9229  9240 I art     : Explicit concurrent mark sweep GC freed 2440(107KB) AllocSpace objects, 2(48KB) LOS objects, 7% free, 185MB/201MB, paused 1.981ms total 72.711ms
08-03 20:30:28.470  9229  9240 I art     : Starting a blocking GC Explicit
08-03 20:30:28.541  9229  9240 I art     : Explicit concurrent mark sweep GC freed 174(3KB) AllocSpace objects, 0(0B) LOS objects, 7% free, 185MB/201MB, paused 2.013ms total 70.894ms
08-03 20:30:28.568  9229  9240 I art     : Starting a blocking GC Explicit
08-03 20:30:28.638  9229  9240 I art     : Explicit concurrent mark sweep GC freed 147(2496B) AllocSpace objects, 0(0B) LOS objects, 7% free, 185MB/201MB, paused 2.294ms total 70.074ms
08-03 20:30:28.665  9229  9240 I art     : Starting a blocking GC Explicit
08-03 20:30:28.738  9229  9240 I art     : Explicit concurrent mark sweep GC freed 147(2496B) AllocSpace objects, 0(0B) LOS objects, 7% free, 185MB/201MB, paused 2.073ms total 72.093ms
08-03 20:30:28.770  9229  9240 I art     : Starting a blocking GC Explicit
08-03 20:30:28.834  9229  9240 I art     : Explicit concurrent mark sweep GC freed 132(2240B) AllocSpace objects, 0(0B) LOS objects, 7% free, 185MB/201MB, paused 2.012ms total 64.197ms
08-03 20:30:28.890 11692 11692 D AndroidRuntime: >>>>>> START com.android.internal.os.RuntimeInit uid 2000 <<<<<<
08-03 20:30:28.896 11692 11692 D AndroidRuntime: CheckJNI is OFF
08-03 20:30:28.949 11692 11692 D ICU     : No timezone override file found: /data/misc/zoneinfo/current/icu/icu_tzdata.dat
08-03 20:30:28.997 11692 11692 I Radio-JNI: register_android_hardware_Radio DONE
08-03 20:30:29.031 11692 11692 D AndroidRuntime: Calling main entry com.android.commands.input.Input
08-03 20:30:29.034 11692 11692 I Input   : injectKeyEvent: KeyEvent { action=ACTION_DOWN, keyCode=KEYCODE_BACK, scanCode=0, metaState=0, flags=0x0, repeatCount=0, eventTime=649845447, downTime=649845447, deviceId=-1, source=0x101 }
08-03 20:30:29.041 11692 11692 I Input   : injectKeyEvent: KeyEvent { action=ACTION_UP, keyCode=KEYCODE_BACK, scanCode=0, metaState=0, flags=0x0, repeatCount=0, eventTime=649845447, downTime=649845447, deviceId=-1, source=0x101 }
08-03 20:30:29.048 11692 11692 D AndroidRuntime: Shutting down VM
08-03 20:30:29.065  9229  9229 V MainActivity: url = https://project-travel-mate.herokuapp.com/api/number-of-unread-notifications
08-03 20:30:29.096 13866 13866 I GoogleInputMethodServic: GoogleInputMethodService.onFinishInput():3138 
08-03 20:30:29.097 13866 13866 I GoogleInputMethodServic: GoogleInputMethodService.onStartInput():1808 
08-03 20:30:29.293  9229  9705 I art     : Starting a blocking GC Explicit
08-03 20:30:29.377  9229  9705 I art     : Explicit concurrent mark sweep GC freed 2838(129KB) AllocSpace objects, 2(48KB) LOS objects, 7% free, 185MB/201MB, paused 3.236ms total 83.777ms
08-03 20:30:29.410  9229  9705 I art     : Starting a blocking GC Explicit
08-03 20:30:29.448   380   380 W SurfaceFlinger: couldn't log to binary event log: overflow.
08-03 20:30:29.484  9229  9705 I art     : Explicit concurrent mark sweep GC freed 215(5KB) AllocSpace objects, 0(0B) LOS objects, 7% free, 185MB/201MB, paused 1.827ms total 74.180ms
08-03 20:30:29.509  9229  9705 I art     : Starting a blocking GC Explicit
08-03 20:30:29.585  9229  9705 I art     : Explicit concurrent mark sweep GC freed 1063(73KB) AllocSpace objects, 2(120KB) LOS objects, 7% free, 185MB/201MB, paused 2.839ms total 76.389ms
08-03 20:30:29.614  9229  9705 I art     : Starting a blocking GC Explicit
08-03 20:30:29.641  9229 11715 I NAPPA_EXPERIMENTATION: MetricNetworkRequestExecutionTime: REQUEST_DURATION_SYSTEM='574',REQUEST_DURATION_OKHTTP='41',REQUEST_SYNCHRONOUS='FALSE',RESPONSE_CODE='200',RESPONSE_METHOD='GET',RESPONSE_LENGTH_OKHTTP='36',RESPONSE_LENGTH_HEADER='36',REQUEST_PROTOCOL='http/1.1',REQUEST_URL='https://project-travel-mate.herokuapp.com/api/number-of-unread-notifications',
08-03 20:30:29.678  9229  9705 I art     : Explicit concurrent mark sweep GC freed 9014(526KB) AllocSpace objects, 14(344KB) LOS objects, 7% free, 184MB/200MB, paused 1.799ms total 63.435ms
08-03 20:30:29.702  9229  9705 I art     : Starting a blocking GC Explicit
08-03 20:30:29.774  9229  9705 I art     : Explicit concurrent mark sweep GC freed 288(24KB) AllocSpace objects, 0(0B) LOS objects, 7% free, 184MB/200MB, paused 2.082ms total 71.546ms
08-03 20:30:30.246  9229  9240 I art     : Starting a blocking GC Explicit
08-03 20:30:30.329  9229  9240 I art     : Explicit concurrent mark sweep GC freed 1671(96KB) AllocSpace objects, 2(48KB) LOS objects, 7% free, 184MB/200MB, paused 2.057ms total 82.662ms
08-03 20:30:30.354  9229  9240 I art     : Starting a blocking GC Explicit
08-03 20:30:30.423  9229  9240 I art     : Explicit concurrent mark sweep GC freed 41(1680B) AllocSpace objects, 0(0B) LOS objects, 7% free, 184MB/200MB, paused 2.082ms total 68.598ms
08-03 20:30:30.449  9229  9240 I art     : Starting a blocking GC Explicit
08-03 20:30:30.518  9229  9240 I art     : Explicit concurrent mark sweep GC freed 3(96B) AllocSpace objects, 0(0B) LOS objects, 7% free, 184MB/200MB, paused 2.083ms total 67.822ms
08-03 20:30:30.543  9229  9240 I art     : Starting a blocking GC Explicit
08-03 20:30:30.613  9229  9240 I art     : Explicit concurrent mark sweep GC freed 15(752B) AllocSpace objects, 0(0B) LOS objects, 7% free, 184MB/200MB, paused 2.041ms total 69.206ms
08-03 20:30:30.639  9229  9240 I art     : Starting a blocking GC Explicit
08-03 20:30:30.709  9229  9240 I art     : Explicit concurrent mark sweep GC freed 14(672B) AllocSpace objects, 0(0B) LOS objects, 7% free, 184MB/200MB, paused 2.053ms total 69.551ms
08-03 20:30:30.722   918  3261 D WifiStateMachine: starting scan for "H369AA63323"WPA_PSK with 2412,5180
08-03 20:30:30.932 11727 11727 D AndroidRuntime: >>>>>> START com.android.internal.os.RuntimeInit uid 2000 <<<<<<
08-03 20:30:30.937 11727 11727 D AndroidRuntime: CheckJNI is OFF
08-03 20:30:30.997 11727 11727 D ICU     : No timezone override file found: /data/misc/zoneinfo/current/icu/icu_tzdata.dat
08-03 20:30:31.037 11727 11727 I Radio-JNI: register_android_hardware_Radio DONE
08-03 20:30:31.067 11727 11727 D AndroidRuntime: Calling main entry com.android.commands.input.Input
08-03 20:30:31.071 11727 11727 I Input   : injectMotionEvent: MotionEvent { action=ACTION_DOWN, actionButton=0, id[0]=0, x[0]=657.0, y[0]=2080.0, toolType[0]=TOOL_TYPE_UNKNOWN, buttonState=0, metaState=0, flags=0x0, edgeFlags=0x0, pointerCount=1, historySize=0, eventTime=649847483, downTime=649847483, deviceId=0, source=0x1002 }
08-03 20:30:31.078 11727 11727 I Input   : injectMotionEvent: MotionEvent { action=ACTION_UP, actionButton=0, id[0]=0, x[0]=657.0, y[0]=2080.0, toolType[0]=TOOL_TYPE_UNKNOWN, buttonState=0, metaState=0, flags=0x0, edgeFlags=0x0, pointerCount=1, historySize=0, eventTime=649847483, downTime=649847483, deviceId=0, source=0x1002 }
08-03 20:30:31.084 11727 11727 D AndroidRuntime: Shutting down VM
08-03 20:30:31.084   918   929 I ActivityManager: START u0 {cmp=baseline.io.github.project_travel_mate/.utilities.UpcomingWeekendsActivity} from uid 10623 on display 0
08-03 20:30:31.088   512  2967 D audio_hw_primary: out_set_parameters: enter: usecase(1: low-latency-playback) kvpairs: routing=2
08-03 20:30:31.102   512  2967 D audio_hw_primary: select_devices: out_snd_device(2: speaker) in_snd_device(0: none)
08-03 20:30:31.102   512  2967 D msm8974_platform: platform_send_audio_calibration: sending audio calibration for snd_device(2) acdb_id(15)
08-03 20:30:31.102   512  2967 I soundtrigger: audio_extn_sound_trigger_update_device_status: device 0x2 of type 0 for Event 1
08-03 20:30:31.119   512  2967 D audio_hw_primary: enable_snd_device: snd_device(2: speaker)
08-03 20:30:31.122   512  2967 D audio_hw_primary: enable_audio_route: apply and update mixer path: low-latency-playback speaker
08-03 20:30:31.136  9229  9294 D Gabe    : call	returning from cache
08-03 20:30:31.140  9229  9229 V EXECUTING: https://project-travel-mate.herokuapp.com/api/get-upcoming-holidays/2020
08-03 20:30:31.144  9229  9229 V EXECUTING: https://project-travel-mate.herokuapp.com/api/get-upcoming-holidays/2020
08-03 20:30:31.184  9229 10127 I art     : Starting a blocking GC Explicit
08-03 20:30:31.206   518   646 I ThermalEngine: ACTION: GPU - Setting GPU[0] to 450000000
08-03 20:30:31.238 13866 13866 I GoogleInputMethodServic: GoogleInputMethodService.onFinishInput():3138 
08-03 20:30:31.239 13866 13866 I GoogleInputMethodServic: GoogleInputMethodService.onStartInput():1808 
08-03 20:30:31.243  9229 10127 I art     : Explicit concurrent mark sweep GC freed 3203(186KB) AllocSpace objects, 2(48KB) LOS objects, 7% free, 188MB/204MB, paused 1.916ms total 59.061ms
08-03 20:30:31.262  9229 10127 I art     : Starting a blocking GC Explicit
08-03 20:30:31.315  9229 10127 I art     : Explicit concurrent mark sweep GC freed 370(16KB) AllocSpace objects, 0(0B) LOS objects, 7% free, 188MB/204MB, paused 1.416ms total 52.528ms
08-03 20:30:31.333  9229 10127 I art     : Starting a blocking GC Explicit
08-03 20:30:31.334   918   936 I ActivityManager: Displayed baseline.io.github.project_travel_mate/.utilities.UpcomingWeekendsActivity: +227ms
08-03 20:30:31.389  9229 10127 I art     : Explicit concurrent mark sweep GC freed 99(2032B) AllocSpace objects, 0(0B) LOS objects, 7% free, 188MB/204MB, paused 2.077ms total 55.416ms
08-03 20:30:31.409  9229 10127 I art     : Starting a blocking GC Explicit
08-03 20:30:31.464  9229 10127 I art     : Explicit concurrent mark sweep GC freed 83(1440B) AllocSpace objects, 0(0B) LOS objects, 7% free, 188MB/204MB, paused 1.681ms total 54.226ms
08-03 20:30:31.485  9229 10127 I art     : Starting a blocking GC Explicit
08-03 20:30:31.536  9229 10127 I art     : Explicit concurrent mark sweep GC freed 136(2768B) AllocSpace objects, 0(0B) LOS objects, 7% free, 188MB/204MB, paused 1.445ms total 50.571ms
08-03 20:30:31.584   380   380 W SurfaceFlinger: couldn't log to binary event log: overflow.
08-03 20:30:31.658   512  2967 D audio_hw_primary: disable_audio_route: reset and update mixer path: low-latency-playback speaker
08-03 20:30:31.659   512  2967 D audio_hw_primary: disable_snd_device: snd_device(2: speaker)
08-03 20:30:31.667   512  2967 I soundtrigger: audio_extn_sound_trigger_update_device_status: device 0x2 of type 0 for Event 0
08-03 20:30:31.686  9229 11752 I NAPPA_EXPERIMENTATION: MetricNetworkRequestExecutionTime: REQUEST_DURATION_SYSTEM='541',REQUEST_DURATION_OKHTTP='43',REQUEST_SYNCHRONOUS='FALSE',RESPONSE_CODE='200',RESPONSE_METHOD='GET',RESPONSE_LENGTH_OKHTTP='6426',RESPONSE_LENGTH_HEADER='6426',REQUEST_PROTOCOL='http/1.1',REQUEST_URL='https://project-travel-mate.herokuapp.com/api/get-upcoming-holidays/2020',
08-03 20:30:31.721  9229 11751 I NAPPA_EXPERIMENTATION: MetricNetworkRequestExecutionTime: REQUEST_DURATION_SYSTEM='580',REQUEST_DURATION_OKHTTP='76',REQUEST_SYNCHRONOUS='FALSE',RESPONSE_CODE='200',RESPONSE_METHOD='GET',RESPONSE_LENGTH_OKHTTP='6426',RESPONSE_LENGTH_HEADER='6426',REQUEST_PROTOCOL='http/1.1',REQUEST_URL='https://project-travel-mate.herokuapp.com/api/get-upcoming-holidays/2020',
08-03 20:30:31.801  9229  9229 V Response: [{"month":"January","date":1,"day":"Wednesday","name":"New Year's Day","type":"Restricted"},{"month":"January","date":2,"day":"Thursday","name":"Guru Govind Singh Jayanti","type":"Restricted"},{"month":"January","date":14,"day":"Tuesday","name":"Lohri","type":"Restricted"},{"month":"January","date":15,"day":"Wednesday","name":"Pongal","type":"Restricted"},{"month":"January","date":15,"day":"Wednesday","name":"Makar Sankranti","type":"Restricted"},{"month":"January","date":25,"day":"Saturday","name":"Chinese New Year","type":"Observance"},{"month":"January","date":26,"day":"Sunday","name":"Republic Day","type":"Gazetted"},{"month":"January","date":30,"day":"Thursday","name":"Vasant Panchami","type":"Restricted"},{"month":"February","date":9,"day":"Sunday","name":"Guru Ravidas Jayanti","type":"Restricted"},{"month":"February","date":14,"day":"Friday","name":"Valentine's Day","type":"Observance"},{"month":"February","date":18,"day":"Tuesday","name":"Maharishi Dayanand Saraswati Jayanti","type":"Restricted"},{"month":"February","date":19,"day":"Wednesday","name":"Shivaji Jayanti","type":"Restricted"},{"month":"February","date":21,"day":"Friday","name":"Maha Shivaratri/Shivaratri","type":"Gazetted"},{"month":"March","date":9,"day":"Monday","name":"Holika Dahana","type":"Restricted"},{"month":"March","date":9,"day":"Monday","name":"Hazarat Ali's Birthday","type":"Restricted"},{"month":"March","date":10,"day":"Tuesday","name":"Holi","type":"Gazetted"},{"month":"March","date":20,"day":"Friday","name":"March Equinox","type":"Season"},{"month":"March","date":25,"day":"Wednesday","name":"Chaitra Sukhladi","type":"Restricted"},{"month":"April","date":2,"day":"Thursday","name":"Rama Navami","type":"Gazetted"},{"month":"April","date":6,"day":"Monday","name":"Mahavir Jayanti","type":"Gazetted"},{"month":"April","date":9,"day":"Thursday","name":"First day of Passover","type":"Observance"},{"month":"April","date":9,"day":"Thursday","name":"Maundy Thursday","type":"Observance,"},{"month":"April","date":10,"day":"Friday","name":"Good Friday","type":"Gazetted"},{"month":"April","date":12,"day":"Sunday","name":"Easter Day","type":"Restricted"},{"month":"April","date":13,"day":"Monday","name":"Vaisakhi","type":"Restricted"},{"month":"April","date":14,"day":"Tuesday","name":"Mesadi/Vaisakhadi","type":"Restricted"},{"month":"April","date":14,"day":"Tuesday","name":"Ambedkar Jayanti","type":"Central"},{"month":"May","date":1,"day":"Friday","name":"May Day","type":"Observance"},{"month":"May","date":7,"day":"Thursday","name":"Buddha Purnima/Vesak","type":"Gazetted"},{"month":"May","date":7,"day":"Thursday","name":"Birthday of Ravindranath","type":"Restricted"},{"month":"May","date":10,"day":"Sunday","name":"Mother's Day","type":"Observance"},{"month":"May","date":22,"day":"Friday","name":"Jamat Ul-Vida","type":"Restricted"},{"month":"May","date":25,"day":"Monday","name":"Ramzan Id/Eid-ul-Fitar","type":"Gazetted"},{"month":"May","date":25,"day":"Monday","name":"Ramzan Id/Eid-ul-Fitar","type":"Muslim,"},{"month":"June","date":21,"day":"Sunday","name":"June Solstice","type":"Season"},{"month":"June","date":21,"day":"Sunday","name":"Father's Day","type":"Observance"},{"month":"June","date":23,"day":"Tuesday","name":"Rath Yatra","type":"Restricted"},{"month":"July","date":5,"day":"Sunday","name":"Guru Purnima","type":"Observance"},{"month":"July","date":31,"day":"Friday","name":"Bakr Id/Eid ul-Adha","type":"Gazetted"},{"month":"August","date":2,"day":"Sunday","name":"Friendship Day","type":"Observance"},{"month":"August","date":3,"day":"Monday","name":"Raksha Bandhan (Rakhi)","type":"Restricted"},{"month":"August","date":11,"day":"Tuesday","name":"Janmashtami (Smarta)","type":"Restricted"},{"month":"August","date":12,"day":"Wednesday","name":"Janmashtami","type":"Gazetted"},{"month":"August","date":15,"day":"Saturday","name":"Independence Day","type":"Gazetted"},{"month":"August","date":16,"day":"Sunday","name":"Parsi New Year","type":"Restricted"},{"month":"August","date":22,"day":"Saturday","name":"Ganesh Chaturthi/Vin
08-03 20:30:31.862  9229  9229 V Response: [{"month":"January","date":1,"day":"Wednesday","name":"New Year's Day","type":"Restricted"},{"month":"January","date":2,"day":"Thursday","name":"Guru Govind Singh Jayanti","type":"Restricted"},{"month":"January","date":14,"day":"Tuesday","name":"Lohri","type":"Restricted"},{"month":"January","date":15,"day":"Wednesday","name":"Pongal","type":"Restricted"},{"month":"January","date":15,"day":"Wednesday","name":"Makar Sankranti","type":"Restricted"},{"month":"January","date":25,"day":"Saturday","name":"Chinese New Year","type":"Observance"},{"month":"January","date":26,"day":"Sunday","name":"Republic Day","type":"Gazetted"},{"month":"January","date":30,"day":"Thursday","name":"Vasant Panchami","type":"Restricted"},{"month":"February","date":9,"day":"Sunday","name":"Guru Ravidas Jayanti","type":"Restricted"},{"month":"February","date":14,"day":"Friday","name":"Valentine's Day","type":"Observance"},{"month":"February","date":18,"day":"Tuesday","name":"Maharishi Dayanand Saraswati Jayanti","type":"Restricted"},{"month":"February","date":19,"day":"Wednesday","name":"Shivaji Jayanti","type":"Restricted"},{"month":"February","date":21,"day":"Friday","name":"Maha Shivaratri/Shivaratri","type":"Gazetted"},{"month":"March","date":9,"day":"Monday","name":"Holika Dahana","type":"Restricted"},{"month":"March","date":9,"day":"Monday","name":"Hazarat Ali's Birthday","type":"Restricted"},{"month":"March","date":10,"day":"Tuesday","name":"Holi","type":"Gazetted"},{"month":"March","date":20,"day":"Friday","name":"March Equinox","type":"Season"},{"month":"March","date":25,"day":"Wednesday","name":"Chaitra Sukhladi","type":"Restricted"},{"month":"April","date":2,"day":"Thursday","name":"Rama Navami","type":"Gazetted"},{"month":"April","date":6,"day":"Monday","name":"Mahavir Jayanti","type":"Gazetted"},{"month":"April","date":9,"day":"Thursday","name":"First day of Passover","type":"Observance"},{"month":"April","date":9,"day":"Thursday","name":"Maundy Thursday","type":"Observance,"},{"month":"April","date":10,"day":"Friday","name":"Good Friday","type":"Gazetted"},{"month":"April","date":12,"day":"Sunday","name":"Easter Day","type":"Restricted"},{"month":"April","date":13,"day":"Monday","name":"Vaisakhi","type":"Restricted"},{"month":"April","date":14,"day":"Tuesday","name":"Mesadi/Vaisakhadi","type":"Restricted"},{"month":"April","date":14,"day":"Tuesday","name":"Ambedkar Jayanti","type":"Central"},{"month":"May","date":1,"day":"Friday","name":"May Day","type":"Observance"},{"month":"May","date":7,"day":"Thursday","name":"Buddha Purnima/Vesak","type":"Gazetted"},{"month":"May","date":7,"day":"Thursday","name":"Birthday of Ravindranath","type":"Restricted"},{"month":"May","date":10,"day":"Sunday","name":"Mother's Day","type":"Observance"},{"month":"May","date":22,"day":"Friday","name":"Jamat Ul-Vida","type":"Restricted"},{"month":"May","date":25,"day":"Monday","name":"Ramzan Id/Eid-ul-Fitar","type":"Gazetted"},{"month":"May","date":25,"day":"Monday","name":"Ramzan Id/Eid-ul-Fitar","type":"Muslim,"},{"month":"June","date":21,"day":"Sunday","name":"June Solstice","type":"Season"},{"month":"June","date":21,"day":"Sunday","name":"Father's Day","type":"Observance"},{"month":"June","date":23,"day":"Tuesday","name":"Rath Yatra","type":"Restricted"},{"month":"July","date":5,"day":"Sunday","name":"Guru Purnima","type":"Observance"},{"month":"July","date":31,"day":"Friday","name":"Bakr Id/Eid ul-Adha","type":"Gazetted"},{"month":"August","date":2,"day":"Sunday","name":"Friendship Day","type":"Observance"},{"month":"August","date":3,"day":"Monday","name":"Raksha Bandhan (Rakhi)","type":"Restricted"},{"month":"August","date":11,"day":"Tuesday","name":"Janmashtami (Smarta)","type":"Restricted"},{"month":"August","date":12,"day":"Wednesday","name":"Janmashtami","type":"Gazetted"},{"month":"August","date":15,"day":"Saturday","name":"Independence Day","type":"Gazetted"},{"month":"August","date":16,"day":"Sunday","name":"Parsi New Year","type":"Restricted"},{"month":"August","date":22,"day":"Saturday","name":"Ganesh Chaturthi/Vin
08-03 20:30:31.918  9229  9705 I art     : Starting a blocking GC Explicit
08-03 20:30:31.983  9229  9705 I art     : Explicit concurrent mark sweep GC freed 20796(873KB) AllocSpace objects, 12(4MB) LOS objects, 7% free, 186MB/202MB, paused 1.494ms total 65.215ms
08-03 20:30:32.003  9229  9705 I art     : Starting a blocking GC Explicit
08-03 20:30:32.067  9229  9705 I art     : Explicit concurrent mark sweep GC freed 3555(325KB) AllocSpace objects, 11(220KB) LOS objects, 7% free, 185MB/201MB, paused 1.397ms total 63.145ms
08-03 20:30:32.087  9229  9705 I art     : Starting a blocking GC Explicit
08-03 20:30:32.150  9229  9705 I art     : Explicit concurrent mark sweep GC freed 123(2096B) AllocSpace objects, 0(0B) LOS objects, 7% free, 185MB/201MB, paused 1.437ms total 62.618ms
08-03 20:30:32.170  9229  9705 I art     : Starting a blocking GC Explicit
08-03 20:30:32.207   518   646 I ThermalEngine: ACTION: GPU - Setting GPU[0] to 390000000
08-03 20:30:32.246  9229  9705 I art     : Explicit concurrent mark sweep GC freed 147(2496B) AllocSpace objects, 0(0B) LOS objects, 7% free, 185MB/201MB, paused 2.069ms total 76.209ms
08-03 20:30:32.274  9229  9705 I art     : Starting a blocking GC Explicit
08-03 20:30:32.352  9229  9705 I art     : Explicit concurrent mark sweep GC freed 147(2496B) AllocSpace objects, 0(0B) LOS objects, 7% free, 185MB/201MB, paused 2.266ms total 77.283ms
08-03 20:30:32.809  9229 10127 I art     : Starting a blocking GC Explicit
08-03 20:30:32.884  9229 10127 I art     : Explicit concurrent mark sweep GC freed 2428(108KB) AllocSpace objects, 2(48KB) LOS objects, 7% free, 185MB/201MB, paused 1.976ms total 74.944ms
08-03 20:30:32.912  9229 10127 I art     : Starting a blocking GC Explicit
08-03 20:30:32.989  9229 10127 I art     : Explicit concurrent mark sweep GC freed 174(3KB) AllocSpace objects, 0(0B) LOS objects, 7% free, 185MB/201MB, paused 2.429ms total 76.478ms
08-03 20:30:33.017  9229 10127 I art     : Starting a blocking GC Explicit
08-03 20:30:33.093  9229 10127 I art     : Explicit concurrent mark sweep GC freed 170(2864B) AllocSpace objects, 0(0B) LOS objects, 7% free, 185MB/201MB, paused 2.087ms total 76.169ms
08-03 20:30:33.121  9229 10127 I art     : Starting a blocking GC Explicit
08-03 20:30:33.181  9822  9822 I Atfwd_Sendcmd: AtCmdFwd service not ready - Exhausted retry attempts - :6
08-03 20:30:33.181  9822  9822 I Atfwd_Daemon: result : -1 	 ,Init step :2 	 ,qmiErrorCode: 0
08-03 20:30:33.196  9229 10127 I art     : Explicit concurrent mark sweep GC freed 148(2528B) AllocSpace objects, 0(0B) LOS objects, 7% free, 185MB/201MB, paused 2.023ms total 74.661ms
08-03 20:30:33.224  9229 10127 I art     : Starting a blocking GC Explicit
08-03 20:30:33.301  9229 10127 I art     : Explicit concurrent mark sweep GC freed 147(2496B) AllocSpace objects, 0(0B) LOS objects, 7% free, 185MB/201MB, paused 2.081ms total 76.429ms
08-03 20:30:33.791  9229  9240 I art     : Starting a blocking GC Explicit
08-03 20:30:33.861  9229  9240 I art     : Explicit concurrent mark sweep GC freed 2460(108KB) AllocSpace objects, 2(48KB) LOS objects, 7% free, 185MB/201MB, paused 2.221ms total 69.424ms
08-03 20:30:33.889  9229  9240 I art     : Starting a blocking GC Explicit
08-03 20:30:33.965  9229  9240 I art     : Explicit concurrent mark sweep GC freed 240(6KB) AllocSpace objects, 0(0B) LOS objects, 7% free, 185MB/201MB, paused 2.167ms total 76.177ms
08-03 20:30:33.993  9229  9240 I art     : Starting a blocking GC Explicit
08-03 20:30:34.070  9229  9240 I art     : Explicit concurrent mark sweep GC freed 147(2496B) AllocSpace objects, 0(0B) LOS objects, 7% free, 185MB/201MB, paused 2.268ms total 77.055ms
08-03 20:30:34.099  9229  9240 I art     : Starting a blocking GC Explicit
08-03 20:30:34.174  9229  9240 I art     : Explicit concurrent mark sweep GC freed 166(2800B) AllocSpace objects, 0(0B) LOS objects, 7% free, 185MB/201MB, paused 2.282ms total 74.028ms
08-03 20:30:34.202  9229  9240 I art     : Starting a blocking GC Explicit
08-03 20:30:34.279  9229  9240 I art     : Explicit concurrent mark sweep GC freed 151(2560B) AllocSpace objects, 0(0B) LOS objects, 7% free, 185MB/201MB, paused 2.278ms total 76.780ms
08-03 20:30:34.764  9229  9247 I art     : Starting a blocking GC Explicit
08-03 20:30:34.842  9229  9247 I art     : Explicit concurrent mark sweep GC freed 2441(107KB) AllocSpace objects, 2(48KB) LOS objects, 7% free, 185MB/201MB, paused 2.193ms total 77.358ms
08-03 20:30:34.870  9229  9247 I art     : Starting a blocking GC Explicit
08-03 20:30:34.947  9229  9247 I art     : Explicit concurrent mark sweep GC freed 210(4KB) AllocSpace objects, 0(0B) LOS objects, 7% free, 185MB/201MB, paused 2.114ms total 76.671ms
08-03 20:30:34.975  9229  9247 I art     : Starting a blocking GC Explicit
08-03 20:30:35.052  9229  9247 I art     : Explicit concurrent mark sweep GC freed 148(2528B) AllocSpace objects, 0(0B) LOS objects, 7% free, 185MB/201MB, paused 2.163ms total 76.020ms
08-03 20:30:35.080  9229  9247 I art     : Starting a blocking GC Explicit
08-03 20:30:35.155  9229  9247 I art     : Explicit concurrent mark sweep GC freed 147(2496B) AllocSpace objects, 0(0B) LOS objects, 7% free, 185MB/201MB, paused 2.041ms total 74.813ms
08-03 20:30:35.183  9229  9247 I art     : Starting a blocking GC Explicit
08-03 20:30:35.211   518   646 I ThermalEngine: ACTION: GPU - Setting GPU[0] to 450000000
08-03 20:30:35.248  9229  9247 I art     : Explicit concurrent mark sweep GC freed 147(2496B) AllocSpace objects, 0(0B) LOS objects, 7% free, 185MB/201MB, paused 1.416ms total 64.949ms
08-03 20:30:35.645  9229  9241 I art     : Starting a blocking GC Explicit
08-03 20:30:35.711  9229  9241 I art     : Explicit concurrent mark sweep GC freed 2294(105KB) AllocSpace objects, 2(48KB) LOS objects, 7% free, 185MB/201MB, paused 1.443ms total 65.495ms
08-03 20:30:35.732  9229  9241 I art     : Starting a blocking GC Explicit
08-03 20:30:35.796  9229  9241 I art     : Explicit concurrent mark sweep GC freed 151(3KB) AllocSpace objects, 0(0B) LOS objects, 7% free, 185MB/201MB, paused 1.449ms total 64.488ms
08-03 20:30:35.816  9229  9241 I art     : Starting a blocking GC Explicit
08-03 20:30:35.880  9229  9241 I art     : Explicit concurrent mark sweep GC freed 160(3KB) AllocSpace objects, 0(0B) LOS objects, 7% free, 185MB/201MB, paused 1.510ms total 63.185ms
08-03 20:30:35.895 11797 11797 D AndroidRuntime: >>>>>> START com.android.internal.os.RuntimeInit uid 2000 <<<<<<
08-03 20:30:35.901  9229  9241 I art     : Starting a blocking GC Explicit
08-03 20:30:35.902 11797 11797 D AndroidRuntime: CheckJNI is OFF
08-03 20:30:35.945 11797 11797 D ICU     : No timezone override file found: /data/misc/zoneinfo/current/icu/icu_tzdata.dat
08-03 20:30:35.961  9229  9241 I art     : Explicit concurrent mark sweep GC freed 108(1840B) AllocSpace objects, 0(0B) LOS objects, 7% free, 185MB/201MB, paused 1.545ms total 60.641ms
08-03 20:30:35.982  9229  9241 I art     : Starting a blocking GC Explicit
08-03 20:30:35.992 11797 11797 I Radio-JNI: register_android_hardware_Radio DONE
08-03 20:30:36.020 11797 11797 D AndroidRuntime: Calling main entry com.android.commands.input.Input
08-03 20:30:36.022 11797 11797 I Input   : injectKeyEvent: KeyEvent { action=ACTION_DOWN, keyCode=KEYCODE_BACK, scanCode=0, metaState=0, flags=0x0, repeatCount=0, eventTime=649852435, downTime=649852435, deviceId=-1, source=0x101 }
08-03 20:30:36.029 11797 11797 I Input   : injectKeyEvent: KeyEvent { action=ACTION_UP, keyCode=KEYCODE_BACK, scanCode=0, metaState=0, flags=0x0, repeatCount=0, eventTime=649852435, downTime=649852435, deviceId=-1, source=0x101 }
08-03 20:30:36.035 11797 11797 D AndroidRuntime: Shutting down VM
08-03 20:30:36.040  9229  9241 I art     : Explicit concurrent mark sweep GC freed 119(2208B) AllocSpace objects, 0(0B) LOS objects, 7% free, 185MB/201MB, paused 1.440ms total 58.582ms
08-03 20:30:36.046  9229  9229 V MainActivity: url = https://project-travel-mate.herokuapp.com/api/number-of-unread-notifications
08-03 20:30:36.138 13866 13866 I GoogleInputMethodServic: GoogleInputMethodService.onFinishInput():3138 
08-03 20:30:36.139 13866 13866 I GoogleInputMethodServic: GoogleInputMethodService.onStartInput():1808 
08-03 20:30:36.422   380   380 W SurfaceFlinger: couldn't log to binary event log: overflow.
08-03 20:30:36.422  9229 10127 I art     : Starting a blocking GC Explicit
08-03 20:30:36.483  9229 10127 I art     : Explicit concurrent mark sweep GC freed 2633(127KB) AllocSpace objects, 3(236KB) LOS objects, 7% free, 185MB/201MB, paused 1.472ms total 60.644ms
08-03 20:30:36.503  9229 10127 I art     : Starting a blocking GC Explicit
08-03 20:30:36.566  9229 10127 I art     : Explicit concurrent mark sweep GC freed 2808(143KB) AllocSpace objects, 3(200KB) LOS objects, 7% free, 185MB/201MB, paused 1.745ms total 63.138ms
08-03 20:30:36.585  9229 11820 I NAPPA_EXPERIMENTATION: MetricNetworkRequestExecutionTime: REQUEST_DURATION_SYSTEM='537',REQUEST_DURATION_OKHTTP='38',REQUEST_SYNCHRONOUS='FALSE',RESPONSE_CODE='200',RESPONSE_METHOD='GET',RESPONSE_LENGTH_OKHTTP='36',RESPONSE_LENGTH_HEADER='36',REQUEST_PROTOCOL='http/1.1',REQUEST_URL='https://project-travel-mate.herokuapp.com/api/number-of-unread-notifications',
08-03 20:30:36.586  9229 10127 I art     : Starting a blocking GC Explicit
08-03 20:30:36.647  9229 10127 I art     : Explicit concurrent mark sweep GC freed 7608(482KB) AllocSpace objects, 13(264KB) LOS objects, 7% free, 184MB/200MB, paused 1.399ms total 60.852ms
08-03 20:30:36.667  9229 10127 I art     : Starting a blocking GC Explicit
08-03 20:30:36.731  9229 10127 I art     : Explicit concurrent mark sweep GC freed 93(4KB) AllocSpace objects, 0(0B) LOS objects, 7% free, 184MB/200MB, paused 1.548ms total 63.916ms
08-03 20:30:36.754  9229 10127 I art     : Starting a blocking GC Explicit
08-03 20:30:36.814  9229 10127 I art     : Explicit concurrent mark sweep GC freed 3(96B) AllocSpace objects, 0(0B) LOS objects, 7% free, 184MB/200MB, paused 1.394ms total 60.183ms
08-03 20:30:37.237  9229  9241 I art     : Starting a blocking GC Explicit
08-03 20:30:37.306  9229  9241 I art     : Explicit concurrent mark sweep GC freed 1660(95KB) AllocSpace objects, 2(48KB) LOS objects, 7% free, 184MB/200MB, paused 1.557ms total 68.952ms
08-03 20:30:37.326  9229  9241 I art     : Starting a blocking GC Explicit
08-03 20:30:37.383  9229  9241 I art     : Explicit concurrent mark sweep GC freed 30(1104B) AllocSpace objects, 0(0B) LOS objects, 7% free, 184MB/200MB, paused 1.417ms total 56.650ms
08-03 20:30:37.403  9229  9241 I art     : Starting a blocking GC Explicit
08-03 20:30:37.459  9229  9241 I art     : Explicit concurrent mark sweep GC freed 3(96B) AllocSpace objects, 0(0B) LOS objects, 7% free, 184MB/200MB, paused 1.428ms total 55.863ms
08-03 20:30:37.478  9229  9241 I art     : Starting a blocking GC Explicit
08-03 20:30:37.537  9229  9241 I art     : Explicit concurrent mark sweep GC freed 3(96B) AllocSpace objects, 0(0B) LOS objects, 7% free, 184MB/200MB, paused 1.481ms total 58.537ms
08-03 20:30:37.557  9229  9241 I art     : Starting a blocking GC Explicit
08-03 20:30:37.615  9229  9241 I art     : Explicit concurrent mark sweep GC freed 3(96B) AllocSpace objects, 0(0B) LOS objects, 7% free, 184MB/200MB, paused 1.514ms total 57.815ms
08-03 20:30:37.818 11842 11842 D AndroidRuntime: >>>>>> START com.android.internal.os.RuntimeInit uid 2000 <<<<<<
08-03 20:30:37.823 11842 11842 D AndroidRuntime: CheckJNI is OFF
08-03 20:30:37.866 11842 11842 D ICU     : No timezone override file found: /data/misc/zoneinfo/current/icu/icu_tzdata.dat
08-03 20:30:37.905 11842 11842 I Radio-JNI: register_android_hardware_Radio DONE
08-03 20:30:37.933 11842 11842 D AndroidRuntime: Calling main entry com.android.commands.input.Input
08-03 20:30:37.935 11842 11842 I Input   : injectMotionEvent: MotionEvent { action=ACTION_DOWN, actionButton=0, id[0]=0, x[0]=117.0, y[0]=170.0, toolType[0]=TOOL_TYPE_UNKNOWN, buttonState=0, metaState=0, flags=0x0, edgeFlags=0x0, pointerCount=1, historySize=0, eventTime=649854348, downTime=649854348, deviceId=0, source=0x1002 }
08-03 20:30:37.943 11842 11842 I Input   : injectMotionEvent: MotionEvent { action=ACTION_UP, actionButton=0, id[0]=0, x[0]=117.0, y[0]=170.0, toolType[0]=TOOL_TYPE_UNKNOWN, buttonState=0, metaState=0, flags=0x0, edgeFlags=0x0, pointerCount=1, historySize=0, eventTime=649854348, downTime=649854348, deviceId=0, source=0x1002 }
08-03 20:30:37.981 11842 11842 D AndroidRuntime: Shutting down VM
08-03 20:30:37.994   512  2967 D audio_hw_primary: out_set_parameters: enter: usecase(1: low-latency-playback) kvpairs: routing=2
08-03 20:30:38.007   512  2967 D audio_hw_primary: select_devices: out_snd_device(2: speaker) in_snd_device(0: none)
08-03 20:30:38.007   512  2967 D msm8974_platform: platform_send_audio_calibration: sending audio calibration for snd_device(2) acdb_id(15)
08-03 20:30:38.007   512  2967 I soundtrigger: audio_extn_sound_trigger_update_device_status: device 0x2 of type 0 for Event 1
08-03 20:30:38.018   512  2967 D audio_hw_primary: enable_snd_device: snd_device(2: speaker)
08-03 20:30:38.020   512  2967 D audio_hw_primary: enable_audio_route: apply and update mixer path: low-latency-playback speaker
08-03 20:30:38.030  9229 10127 I art     : Starting a blocking GC Explicit
08-03 20:30:38.083  9229 10127 I art     : Explicit concurrent mark sweep GC freed 1706(97KB) AllocSpace objects, 2(48KB) LOS objects, 7% free, 184MB/200MB, paused 1.513ms total 52.749ms
08-03 20:30:38.101  9229 10127 I art     : Starting a blocking GC Explicit
08-03 20:30:38.154  9229 10127 I art     : Explicit concurrent mark sweep GC freed 423(21KB) AllocSpace objects, 0(0B) LOS objects, 7% free, 184MB/200MB, paused 1.506ms total 52.927ms
08-03 20:30:38.174  9229 10127 I art     : Starting a blocking GC Explicit
08-03 20:30:38.181  9822  9822 I ServiceManager: Waiting for service AtCmdFwd...
08-03 20:30:38.228  9229 10127 I art     : Explicit concurrent mark sweep GC freed 7(384B) AllocSpace objects, 0(0B) LOS objects, 7% free, 184MB/200MB, paused 1.571ms total 53.969ms
08-03 20:30:38.246  9229 10127 I art     : Starting a blocking GC Explicit
08-03 20:30:38.302  9229 10127 I art     : Explicit concurrent mark sweep GC freed 3(96B) AllocSpace objects, 0(0B) LOS objects, 7% free, 184MB/200MB, paused 1.350ms total 55.024ms
08-03 20:30:38.322  9229 10127 I art     : Starting a blocking GC Explicit
08-03 20:30:38.372  9229 10127 I art     : Explicit concurrent mark sweep GC freed 5(160B) AllocSpace objects, 0(0B) LOS objects, 7% free, 184MB/200MB, paused 1.293ms total 49.854ms
08-03 20:30:38.558   512  2967 D audio_hw_primary: disable_audio_route: reset and update mixer path: low-latency-playback speaker
08-03 20:30:38.559   512  2967 D audio_hw_primary: disable_snd_device: snd_device(2: speaker)
08-03 20:30:38.567   512  2967 I soundtrigger: audio_extn_sound_trigger_update_device_status: device 0x2 of type 0 for Event 0
08-03 20:30:38.740 11865 11865 D AndroidRuntime: >>>>>> START com.android.internal.os.RuntimeInit uid 2000 <<<<<<
08-03 20:30:38.746 11865 11865 D AndroidRuntime: CheckJNI is OFF
08-03 20:30:38.761  9229  9241 I art     : Starting a blocking GC Explicit
08-03 20:30:38.790 11865 11865 D ICU     : No timezone override file found: /data/misc/zoneinfo/current/icu/icu_tzdata.dat
08-03 20:30:38.815  9229  9241 I art     : Explicit concurrent mark sweep GC freed 1626(94KB) AllocSpace objects, 2(48KB) LOS objects, 7% free, 184MB/200MB, paused 1.306ms total 53.934ms
08-03 20:30:38.831 11865 11865 I Radio-JNI: register_android_hardware_Radio DONE
08-03 20:30:38.833  9229  9241 I art     : Starting a blocking GC Explicit
08-03 20:30:38.859 11865 11865 D AndroidRuntime: Calling main entry com.android.commands.input.Input
08-03 20:30:38.861 11865 11865 I Input   : injectMotionEvent: MotionEvent { action=ACTION_DOWN, actionButton=0, id[0]=0, x[0]=405.0, y[0]=661.0, toolType[0]=TOOL_TYPE_UNKNOWN, buttonState=0, metaState=0, flags=0x0, edgeFlags=0x0, pointerCount=1, historySize=0, eventTime=649855274, downTime=649855274, deviceId=0, source=0x1002 }
08-03 20:30:38.865 11865 11865 I Input   : injectMotionEvent: MotionEvent { action=ACTION_UP, actionButton=0, id[0]=0, x[0]=405.0, y[0]=661.0, toolType[0]=TOOL_TYPE_UNKNOWN, buttonState=0, metaState=0, flags=0x0, edgeFlags=0x0, pointerCount=1, historySize=0, eventTime=649855274, downTime=649855274, deviceId=0, source=0x1002 }
08-03 20:30:38.867 11865 11865 D AndroidRuntime: Shutting down VM
08-03 20:30:38.883  9229  9241 I art     : Explicit concurrent mark sweep GC freed 85(2672B) AllocSpace objects, 0(0B) LOS objects, 7% free, 184MB/200MB, paused 1.392ms total 49.918ms
08-03 20:30:38.883  9229  9239 I art     : WaitForGcToComplete blocked for 22.135ms for cause HeapTrim
08-03 20:30:38.884   512  2967 D audio_hw_primary: out_set_parameters: enter: usecase(1: low-latency-playback) kvpairs: routing=2
08-03 20:30:38.897   512  2967 D audio_hw_primary: select_devices: out_snd_device(2: speaker) in_snd_device(0: none)
08-03 20:30:38.897   512  2967 D msm8974_platform: platform_send_audio_calibration: sending audio calibration for snd_device(2) acdb_id(15)
08-03 20:30:38.897   512  2967 I soundtrigger: audio_extn_sound_trigger_update_device_status: device 0x2 of type 0 for Event 1
08-03 20:30:38.902  9229  9241 I art     : Starting a blocking GC Explicit
08-03 20:30:38.907   512  2967 D audio_hw_primary: enable_snd_device: snd_device(2: speaker)
08-03 20:30:38.909   512  2967 D audio_hw_primary: enable_audio_route: apply and update mixer path: low-latency-playback speaker
08-03 20:30:38.956   512  2967 D AudioFlinger: mixer(0xf4740000) throttle end: throttle time(12)
08-03 20:30:38.956  9229  9241 I art     : Explicit concurrent mark sweep GC freed 1939(69KB) AllocSpace objects, 0(0B) LOS objects, 7% free, 185MB/201MB, paused 1.490ms total 53.518ms
08-03 20:30:38.977  9229  9241 I art     : Starting a blocking GC Explicit
08-03 20:30:39.029  9229  9241 I art     : Explicit concurrent mark sweep GC freed 882(51KB) AllocSpace objects, 0(0B) LOS objects, 7% free, 185MB/201MB, paused 1.340ms total 52.435ms
08-03 20:30:39.048  9229  9241 I art     : Starting a blocking GC Explicit
08-03 20:30:39.102  9229  9241 I art     : Explicit concurrent mark sweep GC freed 43(1056B) AllocSpace objects, 0(0B) LOS objects, 7% free, 185MB/201MB, paused 1.387ms total 53.731ms
08-03 20:30:39.182  9822  9822 I ServiceManager: Waiting for service AtCmdFwd...
08-03 20:30:39.224   518   646 I ThermalEngine: ACTION: GPU - Setting GPU[0] to 390000000
08-03 20:30:39.449   512  2967 D audio_hw_primary: disable_audio_route: reset and update mixer path: low-latency-playback speaker
08-03 20:30:39.452   512  2967 D audio_hw_primary: disable_snd_device: snd_device(2: speaker)
08-03 20:30:39.460   512  2967 I soundtrigger: audio_extn_sound_trigger_update_device_status: device 0x2 of type 0 for Event 0
08-03 20:30:39.573  9229  9705 I art     : Starting a blocking GC Explicit
08-03 20:30:39.677  9229  9705 I art     : Explicit concurrent mark sweep GC freed 1669(96KB) AllocSpace objects, 11(300KB) LOS objects, 7% free, 184MB/200MB, paused 2.434ms total 102.935ms
08-03 20:30:39.706  9229  9705 I art     : Starting a blocking GC Explicit
08-03 20:30:39.781  9229  9705 I art     : Explicit concurrent mark sweep GC freed 59(2848B) AllocSpace objects, 0(0B) LOS objects, 7% free, 184MB/200MB, paused 2.342ms total 74.383ms
08-03 20:30:39.814  9229  9705 I art     : Starting a blocking GC Explicit
08-03 20:30:39.891  9229  9705 I art     : Explicit concurrent mark sweep GC freed 40(1088B) AllocSpace objects, 0(0B) LOS objects, 7% free, 184MB/200MB, paused 2.112ms total 76.311ms
08-03 20:30:39.919  9229  9705 I art     : Starting a blocking GC Explicit
08-03 20:30:39.993  9229  9705 I art     : Explicit concurrent mark sweep GC freed 3(96B) AllocSpace objects, 0(0B) LOS objects, 7% free, 184MB/200MB, paused 2.066ms total 73.800ms
08-03 20:30:40.020  9229  9705 I art     : Starting a blocking GC Explicit
08-03 20:30:40.101  9229  9705 I art     : Explicit concurrent mark sweep GC freed 3(96B) AllocSpace objects, 0(0B) LOS objects, 7% free, 184MB/200MB, paused 2.602ms total 80.074ms
08-03 20:30:40.182  9822  9822 I ServiceManager: Waiting for service AtCmdFwd...
08-03 20:30:40.581  9229 10127 I art     : Starting a blocking GC Explicit
08-03 20:30:40.682  9229 10127 I art     : Explicit concurrent mark sweep GC freed 1623(94KB) AllocSpace objects, 2(48KB) LOS objects, 7% free, 184MB/200MB, paused 2.832ms total 99.918ms
08-03 20:30:40.714  9229 10127 I art     : Starting a blocking GC Explicit
08-03 20:30:40.790  9229 10127 I art     : Explicit concurrent mark sweep GC freed 30(1104B) AllocSpace objects, 0(0B) LOS objects, 7% free, 184MB/200MB, paused 2.067ms total 75.539ms
08-03 20:30:40.818  9229 10127 I art     : Starting a blocking GC Explicit
08-03 20:30:40.892  9229 10127 I art     : Explicit concurrent mark sweep GC freed 40(1088B) AllocSpace objects, 0(0B) LOS objects, 7% free, 184MB/200MB, paused 2.110ms total 73.555ms
08-03 20:30:40.919  9229 10127 I art     : Starting a blocking GC Explicit
08-03 20:30:41.003  9229 10127 I art     : Explicit concurrent mark sweep GC freed 3(96B) AllocSpace objects, 0(0B) LOS objects, 7% free, 184MB/200MB, paused 2.412ms total 82.812ms
08-03 20:30:41.035  9229 10127 I art     : Starting a blocking GC Explicit
08-03 20:30:41.117  9229 10127 I art     : Explicit concurrent mark sweep GC freed 3(96B) AllocSpace objects, 0(0B) LOS objects, 7% free, 184MB/200MB, paused 2.205ms total 81.570ms
08-03 20:30:41.183  9822  9822 I ServiceManager: Waiting for service AtCmdFwd...
08-03 20:30:41.586  9229  9240 I art     : Starting a blocking GC Explicit
08-03 20:30:41.674  9229  9240 I art     : Explicit concurrent mark sweep GC freed 1623(94KB) AllocSpace objects, 2(48KB) LOS objects, 7% free, 184MB/200MB, paused 2.791ms total 86.476ms
08-03 20:30:41.700  9229  9240 I art     : Starting a blocking GC Explicit
08-03 20:30:41.768 11906 11906 D AndroidRuntime: >>>>>> START com.android.internal.os.RuntimeInit uid 2000 <<<<<<
08-03 20:30:41.770  9229  9240 I art     : Explicit concurrent mark sweep GC freed 30(1104B) AllocSpace objects, 0(0B) LOS objects, 7% free, 184MB/200MB, paused 2.258ms total 69.491ms
08-03 20:30:41.774 11906 11906 D AndroidRuntime: CheckJNI is OFF
08-03 20:30:41.796  9229  9240 I art     : Starting a blocking GC Explicit
08-03 20:30:41.828 11906 11906 D ICU     : No timezone override file found: /data/misc/zoneinfo/current/icu/icu_tzdata.dat
08-03 20:30:41.865  9229  9240 I art     : Explicit concurrent mark sweep GC freed 39(1056B) AllocSpace objects, 0(0B) LOS objects, 7% free, 184MB/200MB, paused 2.184ms total 68.715ms
08-03 20:30:41.872 11906 11906 I Radio-JNI: register_android_hardware_Radio DONE
08-03 20:30:41.892  9229  9240 I art     : Starting a blocking GC Explicit
08-03 20:30:41.906 11906 11906 D AndroidRuntime: Calling main entry com.android.commands.input.Input
08-03 20:30:41.909 11906 11906 I Input   : injectMotionEvent: MotionEvent { action=ACTION_DOWN, actionButton=0, id[0]=0, x[0]=117.0, y[0]=170.0, toolType[0]=TOOL_TYPE_UNKNOWN, buttonState=0, metaState=0, flags=0x0, edgeFlags=0x0, pointerCount=1, historySize=0, eventTime=649858321, downTime=649858321, deviceId=0, source=0x1002 }
08-03 20:30:41.914 11906 11906 I Input   : injectMotionEvent: MotionEvent { action=ACTION_UP, actionButton=0, id[0]=0, x[0]=117.0, y[0]=170.0, toolType[0]=TOOL_TYPE_UNKNOWN, buttonState=0, metaState=0, flags=0x0, edgeFlags=0x0, pointerCount=1, historySize=0, eventTime=649858321, downTime=649858321, deviceId=0, source=0x1002 }
08-03 20:30:41.917 11906 11906 D AndroidRuntime: Shutting down VM
08-03 20:30:41.931   512  2967 D audio_hw_primary: out_set_parameters: enter: usecase(1: low-latency-playback) kvpairs: routing=2
08-03 20:30:41.946   512  2967 D audio_hw_primary: select_devices: out_snd_device(2: speaker) in_snd_device(0: none)
08-03 20:30:41.946   512  2967 D msm8974_platform: platform_send_audio_calibration: sending audio calibration for snd_device(2) acdb_id(15)
08-03 20:30:41.946   512  2967 I soundtrigger: audio_extn_sound_trigger_update_device_status: device 0x2 of type 0 for Event 1
08-03 20:30:41.957   512  2967 D audio_hw_primary: enable_snd_device: snd_device(2: speaker)
08-03 20:30:41.960   512  2967 D audio_hw_primary: enable_audio_route: apply and update mixer path: low-latency-playback speaker
08-03 20:30:41.969  9229  9240 I art     : Explicit concurrent mark sweep GC freed 50(1600B) AllocSpace objects, 0(0B) LOS objects, 7% free, 184MB/200MB, paused 3.311ms total 76.252ms
08-03 20:30:41.999  9229  9240 I art     : Starting a blocking GC Explicit
08-03 20:30:42.076  9229  9240 I art     : Explicit concurrent mark sweep GC freed 383(19KB) AllocSpace objects, 0(0B) LOS objects, 7% free, 184MB/200MB, paused 2.182ms total 76.881ms
08-03 20:30:42.183  9822  9822 I ServiceManager: Waiting for service AtCmdFwd...
08-03 20:30:42.501   512  2967 D audio_hw_primary: disable_audio_route: reset and update mixer path: low-latency-playback speaker
08-03 20:30:42.502   512  2967 D audio_hw_primary: disable_snd_device: snd_device(2: speaker)
08-03 20:30:42.509   512  2967 I soundtrigger: audio_extn_sound_trigger_update_device_status: device 0x2 of type 0 for Event 0
08-03 20:30:42.545  9229  9705 I art     : Starting a blocking GC Explicit
08-03 20:30:42.614  9229  9705 I art     : Explicit concurrent mark sweep GC freed 1660(96KB) AllocSpace objects, 2(48KB) LOS objects, 7% free, 184MB/200MB, paused 2.069ms total 69.254ms
08-03 20:30:42.640  9229  9705 I art     : Starting a blocking GC Explicit
08-03 20:30:42.708  9229  9705 I art     : Explicit concurrent mark sweep GC freed 80(3KB) AllocSpace objects, 0(0B) LOS objects, 7% free, 184MB/200MB, paused 2.138ms total 67.871ms
08-03 20:30:42.734  9229  9705 I art     : Starting a blocking GC Explicit
08-03 20:30:42.795 11929 11929 D AndroidRuntime: >>>>>> START com.android.internal.os.RuntimeInit uid 2000 <<<<<<
08-03 20:30:42.801 11929 11929 D AndroidRuntime: CheckJNI is OFF
08-03 20:30:42.804  9229  9705 I art     : Explicit concurrent mark sweep GC freed 19(592B) AllocSpace objects, 0(0B) LOS objects, 7% free, 184MB/200MB, paused 2.080ms total 69.168ms
08-03 20:30:42.830  9229  9705 I art     : Starting a blocking GC Explicit
08-03 20:30:42.858 11929 11929 D ICU     : No timezone override file found: /data/misc/zoneinfo/current/icu/icu_tzdata.dat
08-03 20:30:42.899  9229  9705 I art     : Explicit concurrent mark sweep GC freed 44(1216B) AllocSpace objects, 0(0B) LOS objects, 7% free, 184MB/200MB, paused 2.116ms total 68.638ms
08-03 20:30:42.902 11929 11929 I Radio-JNI: register_android_hardware_Radio DONE
08-03 20:30:42.925  9229  9705 I art     : Starting a blocking GC Explicit
08-03 20:30:42.934 11929 11929 D AndroidRuntime: Calling main entry com.android.commands.input.Input
08-03 20:30:42.937 11929 11929 I Input   : injectMotionEvent: MotionEvent { action=ACTION_DOWN, actionButton=0, id[0]=0, x[0]=418.0, y[0]=842.0, toolType[0]=TOOL_TYPE_UNKNOWN, buttonState=0, metaState=0, flags=0x0, edgeFlags=0x0, pointerCount=1, historySize=0, eventTime=649859349, downTime=649859349, deviceId=0, source=0x1002 }
08-03 20:30:42.942 11929 11929 I Input   : injectMotionEvent: MotionEvent { action=ACTION_UP, actionButton=0, id[0]=0, x[0]=418.0, y[0]=842.0, toolType[0]=TOOL_TYPE_UNKNOWN, buttonState=0, metaState=0, flags=0x0, edgeFlags=0x0, pointerCount=1, historySize=0, eventTime=649859349, downTime=649859349, deviceId=0, source=0x1002 }
08-03 20:30:42.945 11929 11929 D AndroidRuntime: Shutting down VM
08-03 20:30:42.965   512  2967 D audio_hw_primary: out_set_parameters: enter: usecase(1: low-latency-playback) kvpairs: routing=2
08-03 20:30:42.969  9229  9294 D Gabe    : call	returning from cache
08-03 20:30:42.980   512  2967 D audio_hw_primary: select_devices: out_snd_device(2: speaker) in_snd_device(0: none)
08-03 20:30:42.980   512  2967 D msm8974_platform: platform_send_audio_calibration: sending audio calibration for snd_device(2) acdb_id(15)
08-03 20:30:42.981   512  2967 I soundtrigger: audio_extn_sound_trigger_update_device_status: device 0x2 of type 0 for Event 1
08-03 20:30:42.990   512  2967 D audio_hw_primary: enable_snd_device: snd_device(2: speaker)
08-03 20:30:42.993   512  2967 D audio_hw_primary: enable_audio_route: apply and update mixer path: low-latency-playback speaker
08-03 20:30:42.997  9229  9705 I art     : Explicit concurrent mark sweep GC freed 633(29KB) AllocSpace objects, 0(0B) LOS objects, 7% free, 184MB/200MB, paused 2.355ms total 71.461ms
08-03 20:30:43.003  9229  9229 V MainActivity: url = https://project-travel-mate.herokuapp.com/api/number-of-unread-notifications
08-03 20:30:43.032   512  2967 D AudioFlinger: mixer(0xf4740000) throttle end: throttle time(12)
08-03 20:30:43.184  9822  9822 W Atfwd_Sendcmd: AtCmdFwd service not published, waiting... retryCnt : 1
08-03 20:30:43.447  9229 10127 I art     : Starting a blocking GC Explicit
08-03 20:30:43.520   512  2967 D audio_hw_primary: disable_audio_route: reset and update mixer path: low-latency-playback speaker
08-03 20:30:43.522   512  2967 D audio_hw_primary: disable_snd_device: snd_device(2: speaker)
08-03 20:30:43.530   512  2967 I soundtrigger: audio_extn_sound_trigger_update_device_status: device 0x2 of type 0 for Event 0
08-03 20:30:43.539  9229 10127 I art     : Explicit concurrent mark sweep GC freed 6291(375KB) AllocSpace objects, 5(248KB) LOS objects, 7% free, 185MB/201MB, paused 2.969ms total 91.633ms
08-03 20:30:43.554  9229 11952 I NAPPA_EXPERIMENTATION: MetricNetworkRequestExecutionTime: REQUEST_DURATION_SYSTEM='549',REQUEST_DURATION_OKHTTP='37',REQUEST_SYNCHRONOUS='FALSE',RESPONSE_CODE='200',RESPONSE_METHOD='GET',RESPONSE_LENGTH_OKHTTP='36',RESPONSE_LENGTH_HEADER='36',REQUEST_PROTOCOL='http/1.1',REQUEST_URL='https://project-travel-mate.herokuapp.com/api/number-of-unread-notifications',
08-03 20:30:43.565  9229 10127 I art     : Starting a blocking GC Explicit
08-03 20:30:43.571  5179  5194 D QcrilMsgTunnelSocket: readRilMessage: Buffer = [B@671e81d HexData = [010000000404000011000000514f454d484f4f4bef0308000100000003]
08-03 20:30:43.571  5179  5194 D QcrilMsgTunnelSocket: Rcvd UNSOL response with 28 bytes data for SUB0
08-03 20:30:43.571  5179  5194 D QcrilMsgTunnelSocket: Response ID 525295 is not served in this process.
08-03 20:30:43.571  5179  5194 D QcrilMsgTunnelSocket: To broadcast an Intent via the notifier to external apps
08-03 20:30:43.572  5179  5179 D QcrilMsgTunnelIfaceManager: handleMessage what = 0
08-03 20:30:43.572  5179  5179 D QcrilMsgTunnelIfaceManager: Broadcasting intent ACTION_UNSOL_RESPONSE_OEM_HOOK_RAW
08-03 20:30:43.586  5164  5164 D QC_RIL_OEM_HOOK: Received Broadcast Intent ACTION_UNSOL_RESPONSE_OEM_HOOK_RAW
08-03 20:30:43.586  5164  5164 D QC_RIL_OEM_HOOK: Oem ID in QCRILHOOK UNSOL RESP is QOEMHOOK
08-03 20:30:43.647  9229 10127 I art     : Explicit concurrent mark sweep GC freed 2105(177KB) AllocSpace objects, 0(0B) LOS objects, 7% free, 185MB/201MB, paused 3.052ms total 81.373ms
08-03 20:30:43.673  9229 10127 I art     : Starting a blocking GC Explicit
08-03 20:30:43.708  9229  9229 I Choreographer: Skipped 41 frames!  The application may be doing too much work on its main thread.
08-03 20:30:43.761  9229 10127 I art     : Explicit concurrent mark sweep GC freed 1673(58KB) AllocSpace objects, 9(252KB) LOS objects, 7% free, 185MB/201MB, paused 3.125ms total 87.252ms
08-03 20:30:43.787  9229 10127 I art     : Starting a blocking GC Explicit
08-03 20:30:43.863  9229 10127 I art     : Explicit concurrent mark sweep GC freed 952(64KB) AllocSpace objects, 0(0B) LOS objects, 7% free, 185MB/201MB, paused 2.298ms total 75.972ms
08-03 20:30:43.888  9229 10127 I art     : Starting a blocking GC Explicit
08-03 20:30:43.969  9229 10127 I art     : Explicit concurrent mark sweep GC freed 1061(43KB) AllocSpace objects, 0(0B) LOS objects, 7% free, 185MB/201MB, paused 2.201ms total 80.201ms
08-03 20:30:43.970  9229  9239 I art     : WaitForGcToComplete blocked for 13.147ms for cause HeapTrim
08-03 20:30:44.431  9229  9241 I art     : Starting a blocking GC Explicit
08-03 20:30:44.514  9229  9241 I art     : Explicit concurrent mark sweep GC freed 2679(117KB) AllocSpace objects, 2(64KB) LOS objects, 7% free, 185MB/201MB, paused 2.097ms total 82.585ms
08-03 20:30:44.543  9229  9241 I art     : Starting a blocking GC Explicit
08-03 20:30:44.624  9229  9241 I art     : Explicit concurrent mark sweep GC freed 202(4KB) AllocSpace objects, 0(0B) LOS objects, 7% free, 185MB/201MB, paused 2.207ms total 80.125ms
08-03 20:30:44.654  9229  9241 I art     : Starting a blocking GC Explicit
08-03 20:30:44.735  9229  9241 I art     : Explicit concurrent mark sweep GC freed 182(3KB) AllocSpace objects, 0(0B) LOS objects, 7% free, 185MB/201MB, paused 2.198ms total 80.413ms
08-03 20:30:44.764  9229  9241 I art     : Starting a blocking GC Explicit
08-03 20:30:44.849  9229  9241 I art     : Explicit concurrent mark sweep GC freed 162(2976B) AllocSpace objects, 0(0B) LOS objects, 7% free, 185MB/201MB, paused 2.063ms total 84.422ms
08-03 20:30:44.877  9229  9241 I art     : Starting a blocking GC Explicit
08-03 20:30:44.953  9229  9241 I art     : Explicit concurrent mark sweep GC freed 211(3KB) AllocSpace objects, 0(0B) LOS objects, 7% free, 185MB/201MB, paused 2.069ms total 75.953ms
08-03 20:30:45.433  9229  9247 I art     : Starting a blocking GC Explicit
08-03 20:30:45.511  9229  9247 I art     : Explicit concurrent mark sweep GC freed 2428(108KB) AllocSpace objects, 2(64KB) LOS objects, 7% free, 185MB/201MB, paused 2.091ms total 77.171ms
08-03 20:30:45.538  9229  9247 I art     : Starting a blocking GC Explicit
08-03 20:30:45.613  9229  9247 I art     : Explicit concurrent mark sweep GC freed 203(4KB) AllocSpace objects, 0(0B) LOS objects, 7% free, 185MB/201MB, paused 2.118ms total 75.369ms
08-03 20:30:45.641  9229  9247 I art     : Starting a blocking GC Explicit
08-03 20:30:45.718  9229  9247 I art     : Explicit concurrent mark sweep GC freed 167(3KB) AllocSpace objects, 0(0B) LOS objects, 7% free, 185MB/201MB, paused 2.363ms total 77.091ms
08-03 20:30:45.745  9229  9247 I art     : Starting a blocking GC Explicit
08-03 20:30:45.823  9229  9247 I art     : Explicit concurrent mark sweep GC freed 161(2736B) AllocSpace objects, 0(0B) LOS objects, 7% free, 185MB/201MB, paused 2.157ms total 77.561ms
08-03 20:30:45.850  9229  9247 I art     : Starting a blocking GC Explicit
08-03 20:30:45.882 11997 11997 D AndroidRuntime: >>>>>> START com.android.internal.os.RuntimeInit uid 2000 <<<<<<
08-03 20:30:45.889 11997 11997 D AndroidRuntime: CheckJNI is OFF
08-03 20:30:45.925  9229  9247 I art     : Explicit concurrent mark sweep GC freed 184(3KB) AllocSpace objects, 0(0B) LOS objects, 7% free, 185MB/201MB, paused 2.055ms total 74.056ms
08-03 20:30:45.942 11997 11997 D ICU     : No timezone override file found: /data/misc/zoneinfo/current/icu/icu_tzdata.dat
08-03 20:30:45.989 11997 11997 I Radio-JNI: register_android_hardware_Radio DONE
08-03 20:30:46.020 11997 11997 D AndroidRuntime: Calling main entry com.android.commands.am.Am
08-03 20:30:46.027 29687 29687 I Trepn   : Trepn 6.2s: Received intent: com.quicinc.trepn.stop_profiling
08-03 20:30:46.099 29687 29687 I Trepn   : Trepn 6.2s: Trepn has Stopped Profiling.
08-03 20:30:46.288 11997 11997 D AndroidRuntime: Shutting down VM
08-03 20:30:46.293   918  3696 W AppOps  : Finishing op nesting under-run: uid 10078 pkg com.quicinc.trepn code 24 time=0 duration=0 nesting=0
08-03 20:30:46.378  9229 10127 I art     : Starting a blocking GC Explicit
08-03 20:30:46.455  9229 10127 I art     : Explicit concurrent mark sweep GC freed 2392(107KB) AllocSpace objects, 2(64KB) LOS objects, 7% free, 185MB/201MB, paused 2.047ms total 76.625ms
08-03 20:30:46.483  9229 10127 I art     : Starting a blocking GC Explicit
08-03 20:30:46.560  9229 10127 I art     : Explicit concurrent mark sweep GC freed 174(3KB) AllocSpace objects, 0(0B) LOS objects, 7% free, 185MB/201MB, paused 3.010ms total 76.528ms
08-03 20:30:46.587  9229 10127 I art     : Starting a blocking GC Explicit
08-03 20:30:46.663  9229 10127 I art     : Explicit concurrent mark sweep GC freed 147(2496B) AllocSpace objects, 0(0B) LOS objects, 7% free, 185MB/201MB, paused 2.065ms total 76.244ms
08-03 20:30:46.692  9229 10127 I art     : Starting a blocking GC Explicit
08-03 20:30:46.770  9229 10127 I art     : Explicit concurrent mark sweep GC freed 168(2832B) AllocSpace objects, 0(0B) LOS objects, 7% free, 185MB/201MB, paused 3.006ms total 78.522ms
08-03 20:30:46.799  9229 10127 I art     : Starting a blocking GC Explicit
08-03 20:30:46.879  9229 10127 I art     : Explicit concurrent mark sweep GC freed 187(3KB) AllocSpace objects, 0(0B) LOS objects, 7% free, 185MB/201MB, paused 2.251ms total 79.111ms
08-03 20:30:47.233   518   646 I ThermalEngine: ACTION: GPU - Setting GPU[0] to 450000000
08-03 20:30:48.184  9822  9822 I ServiceManager: Waiting for service AtCmdFwd...
08-03 20:30:48.844   918   937 W ProcessCpuTracker: Skipping unknown process pid 12116
08-03 20:30:49.185  9822  9822 I ServiceManager: Waiting for service AtCmdFwd...
