08-03 20:20:27.813 13866 13866 I GoogleInputMethodServic: GoogleInputMethodService.onStartInput():1808 
08-03 20:20:27.983  1728  1728 I ServiceManager: Waiting for service AtCmdFwd...
08-03 20:20:28.005  1770  1834 I art     : Starting a blocking GC Explicit
08-03 20:20:28.040  1770  1834 I art     : Explicit concurrent mark sweep GC freed 3976(1334KB) AllocSpace objects, 19(4MB) LOS objects, 29% free, 38MB/54MB, paused 662us total 34.897ms
08-03 20:20:28.052  1770  1834 I art     : Starting a blocking GC Explicit
08-03 20:20:28.080  1770  1834 I art     : Explicit concurrent mark sweep GC freed 281(6KB) AllocSpace objects, 0(0B) LOS objects, 29% free, 38MB/54MB, paused 424us total 27.114ms
08-03 20:20:28.092  1770  1834 I art     : Starting a blocking GC Explicit
08-03 20:20:28.118  1770  1834 I art     : Explicit concurrent mark sweep GC freed 148(2528B) AllocSpace objects, 0(0B) LOS objects, 29% free, 38MB/54MB, paused 530us total 26.446ms
08-03 20:20:28.130  1770  1834 I art     : Starting a blocking GC Explicit
08-03 20:20:28.158  1770  1834 I art     : Explicit concurrent mark sweep GC freed 219(3KB) AllocSpace objects, 0(0B) LOS objects, 29% free, 38MB/54MB, paused 414us total 27.197ms
08-03 20:20:28.170  1770  1834 I art     : Starting a blocking GC Explicit
08-03 20:20:28.198  1770  1834 I art     : Explicit concurrent mark sweep GC freed 147(2496B) AllocSpace objects, 0(0B) LOS objects, 29% free, 38MB/54MB, paused 421us total 27.377ms
08-03 20:20:28.532  1770  2041 I art     : Starting a blocking GC Explicit
08-03 20:20:28.562  1770  2041 I art     : Explicit concurrent mark sweep GC freed 3010(108KB) AllocSpace objects, 2(40KB) LOS objects, 29% free, 38MB/54MB, paused 416us total 29.387ms
08-03 20:20:28.574  1770  2041 I art     : Starting a blocking GC Explicit
08-03 20:20:28.602  1770  2041 I art     : Explicit concurrent mark sweep GC freed 167(3KB) AllocSpace objects, 0(0B) LOS objects, 29% free, 38MB/54MB, paused 400us total 26.984ms
08-03 20:20:28.614  1770  2041 I art     : Starting a blocking GC Explicit
08-03 20:20:28.642  1770  2041 I art     : Explicit concurrent mark sweep GC freed 224(3KB) AllocSpace objects, 0(0B) LOS objects, 29% free, 38MB/54MB, paused 396us total 28.184ms
08-03 20:20:28.655  1770  2041 I art     : Starting a blocking GC Explicit
08-03 20:20:28.682  1770  2041 I art     : Explicit concurrent mark sweep GC freed 152(2656B) AllocSpace objects, 0(0B) LOS objects, 29% free, 38MB/54MB, paused 401us total 26.735ms
08-03 20:20:28.696  1770  2041 I art     : Starting a blocking GC Explicit
08-03 20:20:28.723  1770  2041 I art     : Explicit concurrent mark sweep GC freed 224(3KB) AllocSpace objects, 0(0B) LOS objects, 29% free, 38MB/54MB, paused 410us total 26.810ms
08-03 20:20:28.984  1728  1728 I ServiceManager: Waiting for service AtCmdFwd...
08-03 20:20:29.060   518   646 I ThermalEngine: ACTION: GPU - Setting GPU[0] to 450000000
08-03 20:20:29.080  1770  1788 I art     : Starting a blocking GC Explicit
08-03 20:20:29.121  1770  1788 I art     : Explicit concurrent mark sweep GC freed 3097(110KB) AllocSpace objects, 2(40KB) LOS objects, 29% free, 38MB/54MB, paused 636us total 40.049ms
08-03 20:20:29.140  1770  1788 I art     : Starting a blocking GC Explicit
08-03 20:20:29.176  1770  1788 I art     : Explicit concurrent mark sweep GC freed 310(5KB) AllocSpace objects, 0(0B) LOS objects, 29% free, 38MB/54MB, paused 564us total 36.315ms
08-03 20:20:29.193  1770  1788 I art     : Starting a blocking GC Explicit
08-03 20:20:29.229  1770  1788 I art     : Explicit concurrent mark sweep GC freed 219(3KB) AllocSpace objects, 0(0B) LOS objects, 29% free, 38MB/54MB, paused 564us total 35.812ms
08-03 20:20:29.245  1770  1788 I art     : Starting a blocking GC Explicit
08-03 20:20:29.279  1770  1788 I art     : Explicit concurrent mark sweep GC freed 219(3KB) AllocSpace objects, 0(0B) LOS objects, 29% free, 38MB/54MB, paused 630us total 34.292ms
08-03 20:20:29.296  1770  1788 I art     : Starting a blocking GC Explicit
08-03 20:20:29.332  1770  1788 I art     : Explicit concurrent mark sweep GC freed 219(3KB) AllocSpace objects, 0(0B) LOS objects, 29% free, 38MB/54MB, paused 583us total 35.663ms
08-03 20:20:29.726  1770  2041 I art     : Starting a blocking GC Explicit
08-03 20:20:29.762  1770  2041 I art     : Explicit concurrent mark sweep GC freed 3308(114KB) AllocSpace objects, 2(40KB) LOS objects, 29% free, 38MB/54MB, paused 578us total 35.485ms
08-03 20:20:29.779  1770  2041 I art     : Starting a blocking GC Explicit
08-03 20:20:29.814  1770  2041 I art     : Explicit concurrent mark sweep GC freed 255(5KB) AllocSpace objects, 0(0B) LOS objects, 29% free, 38MB/54MB, paused 559us total 35.304ms
08-03 20:20:29.831  1770  2041 I art     : Starting a blocking GC Explicit
08-03 20:20:29.866  1770  2041 I art     : Explicit concurrent mark sweep GC freed 219(3KB) AllocSpace objects, 0(0B) LOS objects, 29% free, 38MB/54MB, paused 548us total 35.495ms
08-03 20:20:29.883  1770  2041 I art     : Starting a blocking GC Explicit
08-03 20:20:29.920  1770  2041 I art     : Explicit concurrent mark sweep GC freed 219(3KB) AllocSpace objects, 0(0B) LOS objects, 29% free, 38MB/54MB, paused 618us total 36.932ms
08-03 20:20:29.936  1770  2041 I art     : Starting a blocking GC Explicit
08-03 20:20:29.973  1770  2041 I art     : Explicit concurrent mark sweep GC freed 224(3KB) AllocSpace objects, 0(0B) LOS objects, 29% free, 38MB/54MB, paused 597us total 35.979ms
08-03 20:20:29.985  1728  1728 I ServiceManager: Waiting for service AtCmdFwd...
08-03 20:20:30.355  1770  1787 I art     : Starting a blocking GC Explicit
08-03 20:20:30.394  1770  1787 I art     : Explicit concurrent mark sweep GC freed 3269(113KB) AllocSpace objects, 2(40KB) LOS objects, 29% free, 38MB/54MB, paused 652us total 38.917ms
08-03 20:20:30.411  1770  1787 I art     : Starting a blocking GC Explicit
08-03 20:20:30.448  1770  1787 I art     : Explicit concurrent mark sweep GC freed 262(4KB) AllocSpace objects, 0(0B) LOS objects, 29% free, 38MB/54MB, paused 546us total 36.998ms
08-03 20:20:30.465  1770  1787 I art     : Starting a blocking GC Explicit
08-03 20:20:30.500  1770  1787 I art     : Explicit concurrent mark sweep GC freed 219(3KB) AllocSpace objects, 0(0B) LOS objects, 29% free, 38MB/54MB, paused 567us total 35.363ms
08-03 20:20:30.517  1770  1787 I art     : Starting a blocking GC Explicit
08-03 20:20:30.553  1770  1787 I art     : Explicit concurrent mark sweep GC freed 219(3KB) AllocSpace objects, 0(0B) LOS objects, 29% free, 38MB/54MB, paused 568us total 36.450ms
08-03 20:20:30.570  1770  1787 I art     : Starting a blocking GC Explicit
08-03 20:20:30.606  1770  1787 I art     : Explicit concurrent mark sweep GC freed 223(3KB) AllocSpace objects, 0(0B) LOS objects, 29% free, 38MB/54MB, paused 644us total 35.247ms
08-03 20:20:30.630   918  3261 D WifiStateMachine: starting scan for "H369AA63323"WPA_PSK with 2412,5180
08-03 20:20:30.985  1728  1728 I ServiceManager: Waiting for service AtCmdFwd...
08-03 20:20:31.007  1770  1834 I art     : Starting a blocking GC Explicit
08-03 20:20:31.047  1770  1834 I art     : Explicit concurrent mark sweep GC freed 3349(114KB) AllocSpace objects, 2(40KB) LOS objects, 29% free, 38MB/54MB, paused 646us total 39.509ms
08-03 20:20:31.065  1770  1834 I art     : Starting a blocking GC Explicit
08-03 20:20:31.099  1770  1834 I art     : Explicit concurrent mark sweep GC freed 254(4KB) AllocSpace objects, 0(0B) LOS objects, 29% free, 38MB/54MB, paused 560us total 34.279ms
08-03 20:20:31.115  1770  1834 I art     : Starting a blocking GC Explicit
08-03 20:20:31.151  1770  1834 I art     : Explicit concurrent mark sweep GC freed 219(3KB) AllocSpace objects, 0(0B) LOS objects, 29% free, 38MB/54MB, paused 566us total 34.960ms
08-03 20:20:31.167  1770  1834 I art     : Starting a blocking GC Explicit
08-03 20:20:31.200  1770  1834 I art     : Explicit concurrent mark sweep GC freed 219(3KB) AllocSpace objects, 0(0B) LOS objects, 29% free, 38MB/54MB, paused 535us total 32.619ms
08-03 20:20:31.216  1770  1834 I art     : Starting a blocking GC Explicit
08-03 20:20:31.250  1770  1834 I art     : Explicit concurrent mark sweep GC freed 219(3KB) AllocSpace objects, 0(0B) LOS objects, 29% free, 38MB/54MB, paused 535us total 33.758ms
08-03 20:20:31.644  1770  1788 I art     : Starting a blocking GC Explicit
08-03 20:20:31.681  1770  1788 I art     : Explicit concurrent mark sweep GC freed 3298(113KB) AllocSpace objects, 2(40KB) LOS objects, 29% free, 38MB/54MB, paused 627us total 36.538ms
08-03 20:20:31.697  1770  1788 I art     : Starting a blocking GC Explicit
08-03 20:20:31.732  1770  1788 I art     : Explicit concurrent mark sweep GC freed 239(4KB) AllocSpace objects, 0(0B) LOS objects, 29% free, 38MB/54MB, paused 557us total 34.700ms
08-03 20:20:31.748  1770  1788 I art     : Starting a blocking GC Explicit
08-03 20:20:31.750  2225  2225 D AndroidRuntime: >>>>>> START com.android.internal.os.RuntimeInit uid 2000 <<<<<<
08-03 20:20:31.756  2225  2225 D AndroidRuntime: CheckJNI is OFF
08-03 20:20:31.782  1770  1788 I art     : Explicit concurrent mark sweep GC freed 219(3KB) AllocSpace objects, 0(0B) LOS objects, 29% free, 38MB/54MB, paused 576us total 33.594ms
08-03 20:20:31.798  1770  1788 I art     : Starting a blocking GC Explicit
08-03 20:20:31.803  2225  2225 D ICU     : No timezone override file found: /data/misc/zoneinfo/current/icu/icu_tzdata.dat
08-03 20:20:31.833  1770  1788 I art     : Explicit concurrent mark sweep GC freed 219(3KB) AllocSpace objects, 0(0B) LOS objects, 29% free, 38MB/54MB, paused 550us total 34.190ms
08-03 20:20:31.848  2225  2225 I Radio-JNI: register_android_hardware_Radio DONE
08-03 20:20:31.849  1770  1788 I art     : Starting a blocking GC Explicit
08-03 20:20:31.878  2225  2225 D AndroidRuntime: Calling main entry com.android.commands.input.Input
08-03 20:20:31.880  2225  2225 I Input   : injectKeyEvent: KeyEvent { action=ACTION_DOWN, keyCode=KEYCODE_BACK, scanCode=0, metaState=0, flags=0x0, repeatCount=0, eventTime=649248292, downTime=649248292, deviceId=-1, source=0x101 }
08-03 20:20:31.883  1770  1788 I art     : Explicit concurrent mark sweep GC freed 219(3KB) AllocSpace objects, 0(0B) LOS objects, 29% free, 38MB/54MB, paused 531us total 34.164ms
08-03 20:20:31.888  2225  2225 I Input   : injectKeyEvent: KeyEvent { action=ACTION_UP, keyCode=KEYCODE_BACK, scanCode=0, metaState=0, flags=0x0, repeatCount=0, eventTime=649248292, downTime=649248292, deviceId=-1, source=0x101 }
08-03 20:20:31.898  2225  2225 D AndroidRuntime: Shutting down VM
08-03 20:20:31.934 13866 13866 I GoogleInputMethodServic: GoogleInputMethodService.onFinishInput():3138 
08-03 20:20:31.935 13866 13866 I GoogleInputMethodServic: GoogleInputMethodService.onStartInput():1808 
08-03 20:20:31.985  1728  1728 I ServiceManager: Waiting for service AtCmdFwd...
08-03 20:20:32.066   518   646 I ThermalEngine: ACTION: GPU - Setting GPU[0] to 510000000
08-03 20:20:32.206  1770  1834 I art     : Starting a blocking GC Explicit
08-03 20:20:32.237  1770  1834 I art     : Explicit concurrent mark sweep GC freed 3041(111KB) AllocSpace objects, 2(40KB) LOS objects, 29% free, 38MB/54MB, paused 448us total 31.113ms
08-03 20:20:32.239   380   380 W SurfaceFlinger: couldn't log to binary event log: overflow.
08-03 20:20:32.253  1770  1834 I art     : Starting a blocking GC Explicit
08-03 20:20:32.278  1770  1834 I art     : Explicit concurrent mark sweep GC freed 220(4KB) AllocSpace objects, 1(188KB) LOS objects, 29% free, 38MB/54MB, paused 469us total 25.073ms
08-03 20:20:32.290  1770  1834 I art     : Starting a blocking GC Explicit
08-03 20:20:32.314  1770  1834 I art     : Explicit concurrent mark sweep GC freed 4765(339KB) AllocSpace objects, 7(132KB) LOS objects, 29% free, 38MB/54MB, paused 385us total 23.906ms
08-03 20:20:32.325  1770  1834 I art     : Starting a blocking GC Explicit
08-03 20:20:32.350  1770  1834 I art     : Explicit concurrent mark sweep GC freed 105(1984B) AllocSpace objects, 0(0B) LOS objects, 29% free, 38MB/54MB, paused 401us total 24.378ms
08-03 20:20:32.362  1770  1834 I art     : Starting a blocking GC Explicit
08-03 20:20:32.385  1770  1834 I art     : Explicit concurrent mark sweep GC freed 99(1696B) AllocSpace objects, 0(0B) LOS objects, 29% free, 38MB/54MB, paused 376us total 22.902ms
08-03 20:20:32.731  1770  1788 I art     : Starting a blocking GC Explicit
08-03 20:20:32.759  1770  1788 I art     : Explicit concurrent mark sweep GC freed 2552(102KB) AllocSpace objects, 2(40KB) LOS objects, 29% free, 38MB/54MB, paused 455us total 28.346ms
08-03 20:20:32.774  1770  1788 I art     : Starting a blocking GC Explicit
08-03 20:20:32.801  1770  1788 I art     : Explicit concurrent mark sweep GC freed 128(2928B) AllocSpace objects, 0(0B) LOS objects, 29% free, 38MB/54MB, paused 429us total 26.855ms
08-03 20:20:32.813  1770  1788 I art     : Starting a blocking GC Explicit
08-03 20:20:32.839  1770  1788 I art     : Explicit concurrent mark sweep GC freed 100(1728B) AllocSpace objects, 0(0B) LOS objects, 29% free, 38MB/54MB, paused 410us total 25.299ms
08-03 20:20:32.851  1770  1788 I art     : Starting a blocking GC Explicit
08-03 20:20:32.876  1770  1788 I art     : Explicit concurrent mark sweep GC freed 147(2496B) AllocSpace objects, 0(0B) LOS objects, 29% free, 38MB/54MB, paused 416us total 25.315ms
08-03 20:20:32.889  1770  1788 I art     : Starting a blocking GC Explicit
08-03 20:20:32.916  1770  1788 I art     : Explicit concurrent mark sweep GC freed 98(1664B) AllocSpace objects, 0(0B) LOS objects, 29% free, 38MB/54MB, paused 430us total 25.895ms
08-03 20:20:32.986  1728  1728 W Atfwd_Sendcmd: AtCmdFwd service not published, waiting... retryCnt : 5
08-03 20:20:33.071   518   646 I ThermalEngine: ACTION: GPU - Setting GPU[0] to 450000000
08-03 20:20:33.262  1770  1787 I art     : Starting a blocking GC Explicit
08-03 20:20:33.294  1770  1787 I art     : Explicit concurrent mark sweep GC freed 2529(101KB) AllocSpace objects, 2(40KB) LOS objects, 29% free, 38MB/54MB, paused 561us total 31.355ms
08-03 20:20:33.309  1770  1787 I art     : Starting a blocking GC Explicit
08-03 20:20:33.337  1770  1787 I art     : Explicit concurrent mark sweep GC freed 118(2384B) AllocSpace objects, 0(0B) LOS objects, 29% free, 38MB/54MB, paused 538us total 27.913ms
08-03 20:20:33.352  1770  1787 I art     : Starting a blocking GC Explicit
08-03 20:20:33.381  1770  1787 I art     : Explicit concurrent mark sweep GC freed 148(2528B) AllocSpace objects, 0(0B) LOS objects, 29% free, 38MB/54MB, paused 541us total 28.189ms
08-03 20:20:33.396  1770  1787 I art     : Starting a blocking GC Explicit
08-03 20:20:33.426  1770  1787 I art     : Explicit concurrent mark sweep GC freed 109(1856B) AllocSpace objects, 0(0B) LOS objects, 29% free, 38MB/54MB, paused 630us total 30.085ms
08-03 20:20:33.442  1770  1787 I art     : Starting a blocking GC Explicit
08-03 20:20:33.475  1770  1787 I art     : Explicit concurrent mark sweep GC freed 137(2320B) AllocSpace objects, 0(0B) LOS objects, 29% free, 38MB/54MB, paused 671us total 32.851ms
08-03 20:20:33.664  2281  2281 D AndroidRuntime: >>>>>> START com.android.internal.os.RuntimeInit uid 2000 <<<<<<
08-03 20:20:33.671  2281  2281 D AndroidRuntime: CheckJNI is OFF
08-03 20:20:33.713  2281  2281 D ICU     : No timezone override file found: /data/misc/zoneinfo/current/icu/icu_tzdata.dat
08-03 20:20:33.754  2281  2281 I Radio-JNI: register_android_hardware_Radio DONE
08-03 20:20:33.783  2281  2281 D AndroidRuntime: Calling main entry com.android.commands.input.Input
08-03 20:20:33.785  2281  2281 I Input   : injectMotionEvent: MotionEvent { action=ACTION_DOWN, actionButton=0, id[0]=0, x[0]=504.0, y[0]=1706.0, toolType[0]=TOOL_TYPE_UNKNOWN, buttonState=0, metaState=0, flags=0x0, edgeFlags=0x0, pointerCount=1, historySize=0, eventTime=649250197, downTime=649250197, deviceId=0, source=0x1002 }
08-03 20:20:33.789  2281  2281 I Input   : injectMotionEvent: MotionEvent { action=ACTION_UP, actionButton=0, id[0]=0, x[0]=504.0, y[0]=1706.0, toolType[0]=TOOL_TYPE_UNKNOWN, buttonState=0, metaState=0, flags=0x0, edgeFlags=0x0, pointerCount=1, historySize=0, eventTime=649250197, downTime=649250197, deviceId=0, source=0x1002 }
08-03 20:20:33.792  2281  2281 D AndroidRuntime: Shutting down VM
08-03 20:20:33.792   512  2967 D audio_hw_primary: out_set_parameters: enter: usecase(1: low-latency-playback) kvpairs: routing=2
08-03 20:20:33.798   918  6110 I ActivityManager: START u0 {cmp=baseline.io.github.project_travel_mate/.destinations.funfacts.FunFactsActivity (has extras)} from uid 10623 on display 0
08-03 20:20:33.805   512  2967 D audio_hw_primary: select_devices: out_snd_device(2: speaker) in_snd_device(0: none)
08-03 20:20:33.805   512  2967 D msm8974_platform: platform_send_audio_calibration: sending audio calibration for snd_device(2) acdb_id(15)
08-03 20:20:33.805   512  2967 I soundtrigger: audio_extn_sound_trigger_update_device_status: device 0x2 of type 0 for Event 1
08-03 20:20:33.816   512  2967 D audio_hw_primary: enable_snd_device: snd_device(2: speaker)
08-03 20:20:33.819   512  2967 D audio_hw_primary: enable_audio_route: apply and update mixer path: low-latency-playback speaker
08-03 20:20:33.830  1770  1854 D Gabe    : call	returning from cache
08-03 20:20:33.833  1770  1770 V EXECUTING: https://project-travel-mate.herokuapp.com/api/get-city-facts/1
08-03 20:20:33.873  1770  1788 I art     : Starting a blocking GC Explicit
08-03 20:20:33.910  1770  1788 I art     : Explicit concurrent mark sweep GC freed 4556(286KB) AllocSpace objects, 2(40KB) LOS objects, 27% free, 42MB/58MB, paused 1.072ms total 36.589ms
08-03 20:20:33.926  1770  1788 I art     : Starting a blocking GC Explicit
08-03 20:20:33.957  1770  1788 I art     : Explicit concurrent mark sweep GC freed 211(11KB) AllocSpace objects, 0(0B) LOS objects, 27% free, 42MB/58MB, paused 1.034ms total 31.266ms
08-03 20:20:33.973  1770  1788 I art     : Starting a blocking GC Explicit
08-03 20:20:33.991 13866 13866 I GoogleInputMethodServic: GoogleInputMethodService.onFinishInput():3138 
08-03 20:20:33.991 13866 13866 I GoogleInputMethodServic: GoogleInputMethodService.onStartInput():1808 
08-03 20:20:33.992   918   936 I ActivityManager: Displayed baseline.io.github.project_travel_mate/.destinations.funfacts.FunFactsActivity: +183ms
08-03 20:20:34.004  1770  1788 I art     : Explicit concurrent mark sweep GC freed 136(2832B) AllocSpace objects, 0(0B) LOS objects, 27% free, 42MB/58MB, paused 851us total 30.882ms
08-03 20:20:34.020  1770  1788 I art     : Starting a blocking GC Explicit
08-03 20:20:34.053  1770  1788 I art     : Explicit concurrent mark sweep GC freed 19(384B) AllocSpace objects, 0(0B) LOS objects, 27% free, 42MB/58MB, paused 767us total 32.488ms
08-03 20:20:34.070  1770  1788 I art     : Starting a blocking GC Explicit
08-03 20:20:34.101  1770  1788 I art     : Explicit concurrent mark sweep GC freed 226(3KB) AllocSpace objects, 0(0B) LOS objects, 27% free, 42MB/58MB, paused 585us total 30.793ms
08-03 20:20:34.245   380   380 W SurfaceFlinger: couldn't log to binary event log: overflow.
08-03 20:20:34.359   512  2967 D audio_hw_primary: disable_audio_route: reset and update mixer path: low-latency-playback speaker
08-03 20:20:34.361   512  2967 D audio_hw_primary: disable_snd_device: snd_device(2: speaker)
08-03 20:20:34.372   512  2967 I soundtrigger: audio_extn_sound_trigger_update_device_status: device 0x2 of type 0 for Event 0
08-03 20:20:34.382  1770  2307 I NAPPA_EXPERIMENTATION: MetricNetworkRequestExecutionTime: REQUEST_DURATION_SYSTEM='546',REQUEST_DURATION_OKHTTP='40',REQUEST_SYNCHRONOUS='FALSE',RESPONSE_CODE='200',RESPONSE_METHOD='GET',RESPONSE_LENGTH_OKHTTP='1793',RESPONSE_LENGTH_HEADER='1793',REQUEST_PROTOCOL='http/1.1',REQUEST_URL='https://project-travel-mate.herokuapp.com/api/get-city-facts/1',
08-03 20:20:34.386  1770  2307 V EXECUTING: https://project-travel-mate.herokuapp.com/api/get-city-images/1
08-03 20:20:34.435  1770  1834 I art     : Starting a blocking GC Explicit
08-03 20:20:34.462  1770  1834 I art     : Explicit concurrent mark sweep GC freed 5976(287KB) AllocSpace objects, 5(240KB) LOS objects, 27% free, 43MB/59MB, paused 644us total 26.256ms
08-03 20:20:34.474  1770  1834 I art     : Starting a blocking GC Explicit
08-03 20:20:34.500  1770  1834 I art     : Explicit concurrent mark sweep GC freed 991(117KB) AllocSpace objects, 0(0B) LOS objects, 27% free, 43MB/59MB, paused 634us total 25.602ms
08-03 20:20:34.513  1770  1834 I art     : Starting a blocking GC Explicit
08-03 20:20:34.537  1770  1834 I art     : Explicit concurrent mark sweep GC freed 123(2080B) AllocSpace objects, 0(0B) LOS objects, 27% free, 43MB/59MB, paused 665us total 24.679ms
08-03 20:20:34.550  1770  1834 I art     : Starting a blocking GC Explicit
08-03 20:20:34.574  1770  1834 I art     : Explicit concurrent mark sweep GC freed 44(752B) AllocSpace objects, 0(0B) LOS objects, 27% free, 43MB/59MB, paused 540us total 24.343ms
08-03 20:20:34.587  1770  1834 I art     : Starting a blocking GC Explicit
08-03 20:20:34.612  1770  1834 I art     : Explicit concurrent mark sweep GC freed 107(1856B) AllocSpace objects, 0(0B) LOS objects, 27% free, 43MB/59MB, paused 761us total 25.220ms
08-03 20:20:34.881  1770  2319 I NAPPA_EXPERIMENTATION: MetricNetworkRequestExecutionTime: REQUEST_DURATION_SYSTEM='493',REQUEST_DURATION_OKHTTP='35',REQUEST_SYNCHRONOUS='FALSE',RESPONSE_CODE='200',RESPONSE_METHOD='GET',RESPONSE_LENGTH_OKHTTP='183',RESPONSE_LENGTH_HEADER='183',REQUEST_PROTOCOL='http/1.1',REQUEST_URL='https://project-travel-mate.herokuapp.com/api/get-city-images/1',
08-03 20:20:34.913  1770  2041 I art     : Starting a blocking GC Explicit
08-03 20:20:34.919  1770  2319 V RESPONSE: [{"id":17,"image_url":"https://upload.wikimedia.org/wikipedia/commons/9/94/%E0%B4%96%E0%B5%81%E0%B4%A4%E0%B5%8D%E0%B4%AC%E0%B5%8D_%E0%B4%AE%E0%B4%BF%E0%B4%A8%E0%B4%BE%E0%B5%BC1.jpg"}]
08-03 20:20:34.940  1770  2041 I art     : Explicit concurrent mark sweep GC freed 4960(241KB) AllocSpace objects, 5(240KB) LOS objects, 26% free, 43MB/59MB, paused 648us total 26.758ms
08-03 20:20:34.952  1770  2041 I art     : Starting a blocking GC Explicit
08-03 20:20:34.978  1770  2041 I art     : Explicit concurrent mark sweep GC freed 1174(123KB) AllocSpace objects, 0(0B) LOS objects, 26% free, 43MB/59MB, paused 630us total 25.578ms
08-03 20:20:34.990  1770  2041 I art     : Starting a blocking GC Explicit
08-03 20:20:35.016  1770  2041 I art     : Explicit concurrent mark sweep GC freed 190(26KB) AllocSpace objects, 0(0B) LOS objects, 26% free, 43MB/59MB, paused 568us total 25.105ms
08-03 20:20:35.027  1770  2041 I art     : Starting a blocking GC Explicit
08-03 20:20:35.054  1770  2041 I art     : Explicit concurrent mark sweep GC freed 3069(157KB) AllocSpace objects, 0(0B) LOS objects, 26% free, 43MB/59MB, paused 778us total 26.738ms
08-03 20:20:35.066  1770  2041 I art     : Starting a blocking GC Explicit
08-03 20:20:35.095  1770  2041 I art     : Explicit concurrent mark sweep GC freed 313(18KB) AllocSpace objects, 0(0B) LOS objects, 26% free, 43MB/59MB, paused 603us total 29.407ms
08-03 20:20:35.465  1770  1834 I art     : Starting a blocking GC Explicit
08-03 20:20:35.507  1770  1834 I art     : Explicit concurrent mark sweep GC freed 3070(111KB) AllocSpace objects, 3(4MB) LOS objects, 28% free, 39MB/55MB, paused 614us total 42.029ms
08-03 20:20:35.527  1770  1834 I art     : Starting a blocking GC Explicit
08-03 20:20:35.565  1770  1834 I art     : Explicit concurrent mark sweep GC freed 309(5KB) AllocSpace objects, 0(0B) LOS objects, 28% free, 39MB/55MB, paused 648us total 37.646ms
08-03 20:20:35.581  1770  1834 I art     : Starting a blocking GC Explicit
08-03 20:20:35.618  1770  1834 I art     : Explicit concurrent mark sweep GC freed 232(4KB) AllocSpace objects, 0(0B) LOS objects, 28% free, 39MB/55MB, paused 637us total 36.401ms
08-03 20:20:35.634  1770  1834 I art     : Starting a blocking GC Explicit
08-03 20:20:35.672  1770  1834 I art     : Explicit concurrent mark sweep GC freed 235(4KB) AllocSpace objects, 0(0B) LOS objects, 28% free, 39MB/55MB, paused 620us total 36.973ms
08-03 20:20:35.688  1770  1834 I art     : Starting a blocking GC Explicit
08-03 20:20:35.725  1770  1834 I art     : Explicit concurrent mark sweep GC freed 219(3KB) AllocSpace objects, 0(0B) LOS objects, 28% free, 39MB/55MB, paused 635us total 36.706ms
08-03 20:20:36.124  1770  2041 I art     : Starting a blocking GC Explicit
08-03 20:20:36.162  1770  2041 I art     : Explicit concurrent mark sweep GC freed 3299(113KB) AllocSpace objects, 2(40KB) LOS objects, 28% free, 39MB/55MB, paused 694us total 37.789ms
08-03 20:20:36.179  1770  2041 I art     : Starting a blocking GC Explicit
08-03 20:20:36.215  1770  2041 I art     : Explicit concurrent mark sweep GC freed 283(4KB) AllocSpace objects, 0(0B) LOS objects, 28% free, 39MB/55MB, paused 829us total 36.281ms
08-03 20:20:36.232  1770  2041 I art     : Starting a blocking GC Explicit
08-03 20:20:36.268  1770  2041 I art     : Explicit concurrent mark sweep GC freed 245(4KB) AllocSpace objects, 0(0B) LOS objects, 28% free, 39MB/55MB, paused 665us total 36.145ms
08-03 20:20:36.284  1770  2041 I art     : Starting a blocking GC Explicit
08-03 20:20:36.320  1770  2041 I art     : Explicit concurrent mark sweep GC freed 220(3KB) AllocSpace objects, 0(0B) LOS objects, 28% free, 39MB/55MB, paused 633us total 35.655ms
08-03 20:20:36.337  1770  2041 I art     : Starting a blocking GC Explicit
08-03 20:20:36.372  1770  2041 I art     : Explicit concurrent mark sweep GC freed 219(3KB) AllocSpace objects, 0(0B) LOS objects, 28% free, 39MB/55MB, paused 645us total 35.210ms
08-03 20:20:36.570  2353  2353 D AndroidRuntime: >>>>>> START com.android.internal.os.RuntimeInit uid 2000 <<<<<<
08-03 20:20:36.575  2353  2353 D AndroidRuntime: CheckJNI is OFF
08-03 20:20:36.615  2353  2353 D ICU     : No timezone override file found: /data/misc/zoneinfo/current/icu/icu_tzdata.dat
08-03 20:20:36.657  2353  2353 I Radio-JNI: register_android_hardware_Radio DONE
08-03 20:20:36.686  2353  2353 D AndroidRuntime: Calling main entry com.android.commands.input.Input
08-03 20:20:36.687  2353  2353 I Input   : injectKeyEvent: KeyEvent { action=ACTION_DOWN, keyCode=KEYCODE_BACK, scanCode=0, metaState=0, flags=0x0, repeatCount=0, eventTime=649253101, downTime=649253101, deviceId=-1, source=0x101 }
08-03 20:20:36.692  2353  2353 I Input   : injectKeyEvent: KeyEvent { action=ACTION_UP, keyCode=KEYCODE_BACK, scanCode=0, metaState=0, flags=0x0, repeatCount=0, eventTime=649253101, downTime=649253101, deviceId=-1, source=0x101 }
08-03 20:20:36.701  2353  2353 D AndroidRuntime: Shutting down VM
08-03 20:20:36.740 13866 13866 I GoogleInputMethodServic: GoogleInputMethodService.onFinishInput():3138 
08-03 20:20:36.740 13866 13866 I GoogleInputMethodServic: GoogleInputMethodService.onStartInput():1808 
08-03 20:20:36.753  1770  1788 I art     : Starting a blocking GC Explicit
08-03 20:20:36.789  1770  1788 I art     : Explicit concurrent mark sweep GC freed 3258(115KB) AllocSpace objects, 2(40KB) LOS objects, 28% free, 39MB/55MB, paused 645us total 35.964ms
08-03 20:20:36.805  1770  1788 I art     : Starting a blocking GC Explicit
08-03 20:20:36.835  1770  1788 I art     : Explicit concurrent mark sweep GC freed 243(4KB) AllocSpace objects, 0(0B) LOS objects, 28% free, 39MB/55MB, paused 561us total 30.182ms
08-03 20:20:36.852  1770  1788 I art     : Starting a blocking GC Explicit
08-03 20:20:36.890  1770  1788 I art     : Explicit concurrent mark sweep GC freed 219(3KB) AllocSpace objects, 0(0B) LOS objects, 28% free, 39MB/55MB, paused 609us total 37.895ms
08-03 20:20:36.909  1770  1788 I art     : Starting a blocking GC Explicit
08-03 20:20:36.952  1770  1788 I art     : Explicit concurrent mark sweep GC freed 291(4KB) AllocSpace objects, 0(0B) LOS objects, 28% free, 39MB/55MB, paused 852us total 42.918ms
08-03 20:20:36.970  1770  1788 I art     : Starting a blocking GC Explicit
08-03 20:20:37.011  1770  1788 I art     : Explicit concurrent mark sweep GC freed 220(3KB) AllocSpace objects, 0(0B) LOS objects, 28% free, 39MB/55MB, paused 691us total 40.434ms
08-03 20:20:37.044   380   380 W SurfaceFlinger: couldn't log to binary event log: overflow.
08-03 20:20:37.376  1770  2041 I art     : Starting a blocking GC Explicit
08-03 20:20:37.396   918  3188 I hubconnection: sensorhub said: 'set_bias 3: -6.0000, 0.0000, 0.0000'
08-03 20:20:37.415  1770  2041 I art     : Explicit concurrent mark sweep GC freed 3441(140KB) AllocSpace objects, 4(404KB) LOS objects, 29% free, 38MB/54MB, paused 690us total 38.367ms
08-03 20:20:37.434  1770  2041 I art     : Starting a blocking GC Explicit
08-03 20:20:37.467  1770  2041 I art     : Explicit concurrent mark sweep GC freed 5608(268KB) AllocSpace objects, 1(28KB) LOS objects, 29% free, 38MB/54MB, paused 594us total 32.235ms
08-03 20:20:37.482  1770  2041 I art     : Starting a blocking GC Explicit
08-03 20:20:37.514  1770  2041 I art     : Explicit concurrent mark sweep GC freed 129(2176B) AllocSpace objects, 0(0B) LOS objects, 29% free, 38MB/54MB, paused 679us total 31.164ms
08-03 20:20:37.530  1770  2041 I art     : Starting a blocking GC Explicit
08-03 20:20:37.562  1770  2041 I art     : Explicit concurrent mark sweep GC freed 126(2160B) AllocSpace objects, 0(0B) LOS objects, 29% free, 38MB/54MB, paused 666us total 32.098ms
08-03 20:20:37.578  1770  2041 I art     : Starting a blocking GC Explicit
08-03 20:20:37.611  1770  2041 I art     : Explicit concurrent mark sweep GC freed 137(2320B) AllocSpace objects, 0(0B) LOS objects, 29% free, 38MB/54MB, paused 599us total 32.556ms
08-03 20:20:37.973  1770  1834 I art     : Starting a blocking GC Explicit
08-03 20:20:38.003  1770  1834 I art     : Explicit concurrent mark sweep GC freed 2581(101KB) AllocSpace objects, 2(40KB) LOS objects, 29% free, 38MB/54MB, paused 619us total 30.115ms
08-03 20:20:38.019  1770  1834 I art     : Starting a blocking GC Explicit
08-03 20:20:38.050  1770  1834 I art     : Explicit concurrent mark sweep GC freed 166(3KB) AllocSpace objects, 0(0B) LOS objects, 29% free, 38MB/54MB, paused 601us total 30.736ms
08-03 20:20:38.065  1770  1834 I art     : Starting a blocking GC Explicit
08-03 20:20:38.097  1770  1834 I art     : Explicit concurrent mark sweep GC freed 117(1984B) AllocSpace objects, 0(0B) LOS objects, 29% free, 38MB/54MB, paused 853us total 31.533ms
08-03 20:20:38.113  1770  1834 I art     : Starting a blocking GC Explicit
08-03 20:20:38.145  1770  1834 I art     : Explicit concurrent mark sweep GC freed 128(2176B) AllocSpace objects, 0(0B) LOS objects, 29% free, 38MB/54MB, paused 603us total 32.089ms
08-03 20:20:38.161  1770  1834 I art     : Starting a blocking GC Explicit
08-03 20:20:38.192  1770  1834 I art     : Explicit concurrent mark sweep GC freed 148(2528B) AllocSpace objects, 0(0B) LOS objects, 29% free, 38MB/54MB, paused 612us total 30.979ms
08-03 20:20:38.468  2400  2400 D AndroidRuntime: >>>>>> START com.android.internal.os.RuntimeInit uid 2000 <<<<<<
08-03 20:20:38.474  2400  2400 D AndroidRuntime: CheckJNI is OFF
08-03 20:20:38.516  2400  2400 D ICU     : No timezone override file found: /data/misc/zoneinfo/current/icu/icu_tzdata.dat
08-03 20:20:38.536  1770  2379 I art     : Starting a blocking GC Explicit
08-03 20:20:38.558  2400  2400 I Radio-JNI: register_android_hardware_Radio DONE
08-03 20:20:38.570  1770  2379 I art     : Explicit concurrent mark sweep GC freed 2538(101KB) AllocSpace objects, 2(40KB) LOS objects, 29% free, 38MB/54MB, paused 681us total 33.801ms
08-03 20:20:38.587  1770  2379 I art     : Starting a blocking GC Explicit
08-03 20:20:38.588  2400  2400 D AndroidRuntime: Calling main entry com.android.commands.input.Input
08-03 20:20:38.590  2400  2400 I Input   : injectMotionEvent: MotionEvent { action=ACTION_DOWN, actionButton=0, id[0]=0, x[0]=504.0, y[0]=1706.0, toolType[0]=TOOL_TYPE_UNKNOWN, buttonState=0, metaState=0, flags=0x0, edgeFlags=0x0, pointerCount=1, historySize=0, eventTime=649255002, downTime=649255002, deviceId=0, source=0x1002 }
08-03 20:20:38.596  2400  2400 I Input   : injectMotionEvent: MotionEvent { action=ACTION_UP, actionButton=0, id[0]=0, x[0]=504.0, y[0]=1706.0, toolType[0]=TOOL_TYPE_UNKNOWN, buttonState=0, metaState=0, flags=0x0, edgeFlags=0x0, pointerCount=1, historySize=0, eventTime=649255002, downTime=649255002, deviceId=0, source=0x1002 }
08-03 20:20:38.603  2400  2400 D AndroidRuntime: Shutting down VM
08-03 20:20:38.605   512  2967 D audio_hw_primary: out_set_parameters: enter: usecase(1: low-latency-playback) kvpairs: routing=2
08-03 20:20:38.611   918  3714 I ActivityManager: START u0 {cmp=baseline.io.github.project_travel_mate/.destinations.funfacts.FunFactsActivity (has extras)} from uid 10623 on display 0
08-03 20:20:38.618   512  2967 D audio_hw_primary: select_devices: out_snd_device(2: speaker) in_snd_device(0: none)
08-03 20:20:38.618   512  2967 D msm8974_platform: platform_send_audio_calibration: sending audio calibration for snd_device(2) acdb_id(15)
08-03 20:20:38.618   512  2967 I soundtrigger: audio_extn_sound_trigger_update_device_status: device 0x2 of type 0 for Event 1
08-03 20:20:38.621  1770  2379 I art     : Explicit concurrent mark sweep GC freed 1233(120KB) AllocSpace objects, 0(0B) LOS objects, 29% free, 38MB/54MB, paused 802us total 33.854ms
08-03 20:20:38.630   512  2967 D audio_hw_primary: enable_snd_device: snd_device(2: speaker)
08-03 20:20:38.632   512  2967 D audio_hw_primary: enable_audio_route: apply and update mixer path: low-latency-playback speaker
08-03 20:20:38.637  1770  1854 D Gabe    : call	returning from cache
08-03 20:20:38.641  1770  2379 I art     : Starting a blocking GC Explicit
08-03 20:20:38.642  1770  1770 V EXECUTING: https://project-travel-mate.herokuapp.com/api/get-city-facts/1
08-03 20:20:38.670  1770  2379 I art     : Explicit concurrent mark sweep GC freed 1584(134KB) AllocSpace objects, 0(0B) LOS objects, 29% free, 38MB/54MB, paused 670us total 29.676ms
08-03 20:20:38.685  1770  2379 I art     : Starting a blocking GC Explicit
08-03 20:20:38.719  1770  2379 I art     : Explicit concurrent mark sweep GC freed 641(22KB) AllocSpace objects, 0(0B) LOS objects, 27% free, 43MB/59MB, paused 965us total 33.437ms
08-03 20:20:38.735  1770  2379 I art     : Starting a blocking GC Explicit
08-03 20:20:38.766  1770  2379 I art     : Explicit concurrent mark sweep GC freed 101(6KB) AllocSpace objects, 0(0B) LOS objects, 27% free, 43MB/59MB, paused 650us total 31.082ms
08-03 20:20:38.786   918   936 I ActivityManager: Displayed baseline.io.github.project_travel_mate/.destinations.funfacts.FunFactsActivity: +163ms
08-03 20:20:38.787 13866 13866 I GoogleInputMethodServic: GoogleInputMethodService.onFinishInput():3138 
08-03 20:20:38.788 13866 13866 I GoogleInputMethodServic: GoogleInputMethodService.onStartInput():1808 
08-03 20:20:39.047   380   380 W SurfaceFlinger: couldn't log to binary event log: overflow.
08-03 20:20:39.108  1770  2379 I art     : Starting a blocking GC Explicit
08-03 20:20:39.144  1770  2379 I art     : Explicit concurrent mark sweep GC freed 3929(182KB) AllocSpace objects, 4(160KB) LOS objects, 26% free, 43MB/59MB, paused 981us total 35.655ms
08-03 20:20:39.161  1770  2379 I art     : Starting a blocking GC Explicit
08-03 20:20:39.169   512  2967 D audio_hw_primary: disable_audio_route: reset and update mixer path: low-latency-playback speaker
08-03 20:20:39.170   512  2967 D audio_hw_primary: disable_snd_device: snd_device(2: speaker)
08-03 20:20:39.178   512  2967 I soundtrigger: audio_extn_sound_trigger_update_device_status: device 0x2 of type 0 for Event 0
08-03 20:20:39.195  1770  2428 I NAPPA_EXPERIMENTATION: MetricNetworkRequestExecutionTime: REQUEST_DURATION_SYSTEM='552',REQUEST_DURATION_OKHTTP='36',REQUEST_SYNCHRONOUS='FALSE',RESPONSE_CODE='200',RESPONSE_METHOD='GET',RESPONSE_LENGTH_OKHTTP='1793',RESPONSE_LENGTH_HEADER='1793',REQUEST_PROTOCOL='http/1.1',REQUEST_URL='https://project-travel-mate.herokuapp.com/api/get-city-facts/1',
08-03 20:20:39.195  1770  2379 I art     : Explicit concurrent mark sweep GC freed 2574(171KB) AllocSpace objects, 1(80KB) LOS objects, 27% free, 43MB/59MB, paused 1.064ms total 34.095ms
08-03 20:20:39.196  1770  2428 V EXECUTING: https://project-travel-mate.herokuapp.com/api/get-city-images/1
08-03 20:20:39.211  1770  2379 I art     : Starting a blocking GC Explicit
08-03 20:20:39.244  1770  2379 I art     : Explicit concurrent mark sweep GC freed 648(53KB) AllocSpace objects, 0(0B) LOS objects, 26% free, 43MB/59MB, paused 922us total 32.711ms
08-03 20:20:39.260  1770  2379 I art     : Starting a blocking GC Explicit
08-03 20:20:39.293  1770  2379 I art     : Explicit concurrent mark sweep GC freed 164(4KB) AllocSpace objects, 0(0B) LOS objects, 26% free, 43MB/59MB, paused 939us total 33.134ms
08-03 20:20:39.309  1770  2379 I art     : Starting a blocking GC Explicit
08-03 20:20:39.342  1770  2379 I art     : Explicit concurrent mark sweep GC freed 33(576B) AllocSpace objects, 0(0B) LOS objects, 26% free, 43MB/59MB, paused 876us total 32.093ms
08-03 20:20:39.694  1770  2041 I art     : Starting a blocking GC Explicit
08-03 20:20:39.696  1770  2445 I NAPPA_EXPERIMENTATION: MetricNetworkRequestExecutionTime: REQUEST_DURATION_SYSTEM='499',REQUEST_DURATION_OKHTTP='38',REQUEST_SYNCHRONOUS='FALSE',RESPONSE_CODE='200',RESPONSE_METHOD='GET',RESPONSE_LENGTH_OKHTTP='183',RESPONSE_LENGTH_HEADER='183',REQUEST_PROTOCOL='http/1.1',REQUEST_URL='https://project-travel-mate.herokuapp.com/api/get-city-images/1',
08-03 20:20:39.728  1770  2041 I art     : Explicit concurrent mark sweep GC freed 4911(239KB) AllocSpace objects, 5(240KB) LOS objects, 26% free, 43MB/59MB, paused 979us total 33.822ms
08-03 20:20:39.732  1770  2445 V RESPONSE: [{"id":17,"image_url":"https://upload.wikimedia.org/wikipedia/commons/9/94/%E0%B4%96%E0%B5%81%E0%B4%A4%E0%B5%8D%E0%B4%AC%E0%B5%8D_%E0%B4%AE%E0%B4%BF%E0%B4%A8%E0%B4%BE%E0%B5%BC1.jpg"}]
08-03 20:20:39.744  1770  2041 I art     : Starting a blocking GC Explicit
08-03 20:20:39.776  1770  2041 I art     : Explicit concurrent mark sweep GC freed 1178(124KB) AllocSpace objects, 0(0B) LOS objects, 26% free, 43MB/59MB, paused 935us total 31.804ms
08-03 20:20:39.792  1770  2041 I art     : Starting a blocking GC Explicit
08-03 20:20:39.824  1770  2041 I art     : Explicit concurrent mark sweep GC freed 61(1040B) AllocSpace objects, 0(0B) LOS objects, 26% free, 43MB/59MB, paused 962us total 31.902ms
08-03 20:20:39.840  1770  2041 I art     : Starting a blocking GC Explicit
08-03 20:20:39.873  1770  2041 I art     : Explicit concurrent mark sweep GC freed 3267(129KB) AllocSpace objects, 0(0B) LOS objects, 26% free, 43MB/59MB, paused 657us total 32.566ms
08-03 20:20:39.889  1770  2041 I art     : Starting a blocking GC Explicit
08-03 20:20:39.923  1770  2041 I art     : Explicit concurrent mark sweep GC freed 362(11KB) AllocSpace objects, 1(4MB) LOS objects, 28% free, 39MB/55MB, paused 651us total 33.806ms
08-03 20:20:40.286  1770  1834 I art     : Starting a blocking GC Explicit
08-03 20:20:40.326  1770  1834 I art     : Explicit concurrent mark sweep GC freed 3207(113KB) AllocSpace objects, 2(40KB) LOS objects, 28% free, 39MB/55MB, paused 686us total 40.001ms
08-03 20:20:40.345  1770  1834 I art     : Starting a blocking GC Explicit
08-03 20:20:40.384  1770  1834 I art     : Explicit concurrent mark sweep GC freed 309(5KB) AllocSpace objects, 0(0B) LOS objects, 28% free, 39MB/55MB, paused 764us total 39.321ms
08-03 20:20:40.401  1770  1834 I art     : Starting a blocking GC Explicit
08-03 20:20:40.439  1770  1834 I art     : Explicit concurrent mark sweep GC freed 220(3KB) AllocSpace objects, 0(0B) LOS objects, 28% free, 39MB/55MB, paused 682us total 37.546ms
08-03 20:20:40.456  1770  1834 I art     : Starting a blocking GC Explicit
08-03 20:20:40.496  1770  1834 I art     : Explicit concurrent mark sweep GC freed 219(3KB) AllocSpace objects, 0(0B) LOS objects, 28% free, 39MB/55MB, paused 688us total 39.756ms
08-03 20:20:40.513  1770  1834 I art     : Starting a blocking GC Explicit
08-03 20:20:40.550  1770  1834 I art     : Explicit concurrent mark sweep GC freed 262(4KB) AllocSpace objects, 0(0B) LOS objects, 28% free, 39MB/55MB, paused 750us total 37.047ms
08-03 20:20:40.950  1770  1787 I art     : Starting a blocking GC Explicit
08-03 20:20:40.990  1770  1787 I art     : Explicit concurrent mark sweep GC freed 3323(114KB) AllocSpace objects, 2(40KB) LOS objects, 28% free, 39MB/55MB, paused 777us total 40.046ms
08-03 20:20:41.007  1770  1787 I art     : Starting a blocking GC Explicit
08-03 20:20:41.043  1770  1787 I art     : Explicit concurrent mark sweep GC freed 245(4KB) AllocSpace objects, 0(0B) LOS objects, 28% free, 39MB/55MB, paused 668us total 35.913ms
08-03 20:20:41.059  1770  1787 I art     : Starting a blocking GC Explicit
08-03 20:20:41.096  1770  1787 I art     : Explicit concurrent mark sweep GC freed 219(3KB) AllocSpace objects, 0(0B) LOS objects, 28% free, 39MB/55MB, paused 698us total 36.399ms
08-03 20:20:41.113  1770  1787 I art     : Starting a blocking GC Explicit
08-03 20:20:41.150  1770  1787 I art     : Explicit concurrent mark sweep GC freed 224(3KB) AllocSpace objects, 0(0B) LOS objects, 28% free, 39MB/55MB, paused 719us total 37.200ms
08-03 20:20:41.167  1770  1787 I art     : Starting a blocking GC Explicit
08-03 20:20:41.205  1770  1787 I art     : Explicit concurrent mark sweep GC freed 279(4KB) AllocSpace objects, 0(0B) LOS objects, 28% free, 39MB/55MB, paused 834us total 37.673ms
08-03 20:20:41.388  2479  2479 D AndroidRuntime: >>>>>> START com.android.internal.os.RuntimeInit uid 2000 <<<<<<
08-03 20:20:41.396  2479  2479 D AndroidRuntime: CheckJNI is OFF
08-03 20:20:41.437  2479  2479 D ICU     : No timezone override file found: /data/misc/zoneinfo/current/icu/icu_tzdata.dat
08-03 20:20:41.478  2479  2479 I Radio-JNI: register_android_hardware_Radio DONE
08-03 20:20:41.505  2479  2479 D AndroidRuntime: Calling main entry com.android.commands.input.Input
08-03 20:20:41.507  2479  2479 I Input   : injectKeyEvent: KeyEvent { action=ACTION_DOWN, keyCode=KEYCODE_BACK, scanCode=0, metaState=0, flags=0x0, repeatCount=0, eventTime=649257920, downTime=649257920, deviceId=-1, source=0x101 }
08-03 20:20:41.512  2479  2479 I Input   : injectKeyEvent: KeyEvent { action=ACTION_UP, keyCode=KEYCODE_BACK, scanCode=0, metaState=0, flags=0x0, repeatCount=0, eventTime=649257920, downTime=649257920, deviceId=-1, source=0x101 }
08-03 20:20:41.517  2479  2479 D AndroidRuntime: Shutting down VM
08-03 20:20:41.556 13866 13866 I GoogleInputMethodServic: GoogleInputMethodService.onFinishInput():3138 
08-03 20:20:41.557 13866 13866 I GoogleInputMethodServic: GoogleInputMethodService.onStartInput():1808 
08-03 20:20:41.594  1770  1788 I art     : Starting a blocking GC Explicit
08-03 20:20:41.628  1770  1788 I art     : Explicit concurrent mark sweep GC freed 3278(116KB) AllocSpace objects, 2(40KB) LOS objects, 28% free, 39MB/55MB, paused 721us total 33.871ms
08-03 20:20:41.645  1770  1788 I art     : Starting a blocking GC Explicit
08-03 20:20:41.678  1770  1788 I art     : Explicit concurrent mark sweep GC freed 258(5KB) AllocSpace objects, 0(0B) LOS objects, 28% free, 39MB/55MB, paused 681us total 32.500ms
08-03 20:20:41.694  1770  1788 I art     : Starting a blocking GC Explicit
08-03 20:20:41.732  1770  1788 I art     : Explicit concurrent mark sweep GC freed 219(3KB) AllocSpace objects, 0(0B) LOS objects, 28% free, 39MB/55MB, paused 697us total 37.953ms
08-03 20:20:41.752  1770  1788 I art     : Starting a blocking GC Explicit
08-03 20:20:41.791  1770  1788 I art     : Explicit concurrent mark sweep GC freed 291(4KB) AllocSpace objects, 0(0B) LOS objects, 28% free, 39MB/55MB, paused 681us total 39.673ms
08-03 20:20:41.808  1770  1788 I art     : Starting a blocking GC Explicit
08-03 20:20:41.851  1770  1788 I art     : Explicit concurrent mark sweep GC freed 223(3KB) AllocSpace objects, 0(0B) LOS objects, 28% free, 39MB/55MB, paused 771us total 42.192ms
08-03 20:20:41.882   380   380 W SurfaceFlinger: couldn't log to binary event log: overflow.
08-03 20:20:42.225  1770  1834 I art     : Starting a blocking GC Explicit
08-03 20:20:42.263  1770  1834 I art     : Explicit concurrent mark sweep GC freed 3489(139KB) AllocSpace objects, 4(404KB) LOS objects, 29% free, 39MB/55MB, paused 693us total 38.378ms
08-03 20:20:42.279  1770  1834 I art     : Starting a blocking GC Explicit
08-03 20:20:42.313  1770  1834 I art     : Explicit concurrent mark sweep GC freed 5567(268KB) AllocSpace objects, 1(28KB) LOS objects, 29% free, 38MB/54MB, paused 649us total 33.251ms
08-03 20:20:42.329  1770  1834 I art     : Starting a blocking GC Explicit
08-03 20:20:42.363  1770  1834 I art     : Explicit concurrent mark sweep GC freed 147(2496B) AllocSpace objects, 0(0B) LOS objects, 29% free, 38MB/54MB, paused 655us total 33.776ms
08-03 20:20:42.379  1770  1834 I art     : Starting a blocking GC Explicit
08-03 20:20:42.413  1770  1834 I art     : Explicit concurrent mark sweep GC freed 147(2496B) AllocSpace objects, 0(0B) LOS objects, 29% free, 38MB/54MB, paused 630us total 33.593ms
08-03 20:20:42.429  1770  1834 I art     : Starting a blocking GC Explicit
08-03 20:20:42.463  1770  1834 I art     : Explicit concurrent mark sweep GC freed 147(2496B) AllocSpace objects, 0(0B) LOS objects, 29% free, 38MB/54MB, paused 638us total 34.375ms
08-03 20:20:42.826  1770  2041 I art     : Starting a blocking GC Explicit
08-03 20:20:42.859  1770  2041 I art     : Explicit concurrent mark sweep GC freed 2579(101KB) AllocSpace objects, 2(40KB) LOS objects, 29% free, 38MB/54MB, paused 791us total 32.815ms
08-03 20:20:42.875  1770  2041 I art     : Starting a blocking GC Explicit
08-03 20:20:42.907  1770  2041 I art     : Explicit concurrent mark sweep GC freed 166(3KB) AllocSpace objects, 0(0B) LOS objects, 29% free, 38MB/54MB, paused 894us total 32.477ms
08-03 20:20:42.923  1770  2041 I art     : Starting a blocking GC Explicit
08-03 20:20:42.956  1770  2041 I art     : Explicit concurrent mark sweep GC freed 147(2496B) AllocSpace objects, 0(0B) LOS objects, 29% free, 38MB/54MB, paused 703us total 32.960ms
08-03 20:20:42.972  1770  2041 I art     : Starting a blocking GC Explicit
08-03 20:20:43.005  1770  2041 I art     : Explicit concurrent mark sweep GC freed 147(2496B) AllocSpace objects, 0(0B) LOS objects, 29% free, 38MB/54MB, paused 684us total 32.591ms
08-03 20:20:43.021  1770  2041 I art     : Starting a blocking GC Explicit
08-03 20:20:43.054  1770  2041 I art     : Explicit concurrent mark sweep GC freed 147(2496B) AllocSpace objects, 0(0B) LOS objects, 29% free, 38MB/54MB, paused 676us total 32.668ms
08-03 20:20:43.282  2527  2527 D AndroidRuntime: >>>>>> START com.android.internal.os.RuntimeInit uid 2000 <<<<<<
08-03 20:20:43.288  2527  2527 D AndroidRuntime: CheckJNI is OFF
08-03 20:20:43.328  2527  2527 D ICU     : No timezone override file found: /data/misc/zoneinfo/current/icu/icu_tzdata.dat
08-03 20:20:43.369  2527  2527 I Radio-JNI: register_android_hardware_Radio DONE
08-03 20:20:43.397  2527  2527 D AndroidRuntime: Calling main entry com.android.commands.input.Input
08-03 20:20:43.399  2527  2527 I Input   : injectMotionEvent: MotionEvent { action=ACTION_DOWN, actionButton=0, id[0]=0, x[0]=693.0, y[0]=1450.0, toolType[0]=TOOL_TYPE_UNKNOWN, buttonState=0, metaState=0, flags=0x0, edgeFlags=0x0, pointerCount=1, historySize=0, eventTime=649259812, downTime=649259812, deviceId=0, source=0x1002 }
08-03 20:20:43.403  2527  2527 I Input   : injectMotionEvent: MotionEvent { action=ACTION_UP, actionButton=0, id[0]=0, x[0]=693.0, y[0]=1450.0, toolType[0]=TOOL_TYPE_UNKNOWN, buttonState=0, metaState=0, flags=0x0, edgeFlags=0x0, pointerCount=1, historySize=0, eventTime=649259812, downTime=649259812, deviceId=0, source=0x1002 }
08-03 20:20:43.405  2527  2527 D AndroidRuntime: Shutting down VM
08-03 20:20:43.405   918   928 I ActivityManager: START u0 {cmp=baseline.io.github.project_travel_mate/.destinations.description.CityHistoryActivity} from uid 10623 on display 0
08-03 20:20:43.406   512  2967 D audio_hw_primary: out_set_parameters: enter: usecase(1: low-latency-playback) kvpairs: routing=2
08-03 20:20:43.420   512  2967 D audio_hw_primary: select_devices: out_snd_device(2: speaker) in_snd_device(0: none)
08-03 20:20:43.420   512  2967 D msm8974_platform: platform_send_audio_calibration: sending audio calibration for snd_device(2) acdb_id(15)
08-03 20:20:43.421   512  2967 I soundtrigger: audio_extn_sound_trigger_update_device_status: device 0x2 of type 0 for Event 1
08-03 20:20:43.429  1770  1854 D Gabe    : call	returning from cache
08-03 20:20:43.431  1770  1770 V EXECUTING: https://project-travel-mate.herokuapp.com/api/get-city-information/1
08-03 20:20:43.432   512  2967 D audio_hw_primary: enable_snd_device: snd_device(2: speaker)
08-03 20:20:43.436   512  2967 D audio_hw_primary: enable_audio_route: apply and update mixer path: low-latency-playback speaker
08-03 20:20:43.443  1770  1834 I art     : Starting a blocking GC Explicit
08-03 20:20:43.476  1770  1834 I art     : Explicit concurrent mark sweep GC freed 3016(144KB) AllocSpace objects, 2(40KB) LOS objects, 29% free, 38MB/54MB, paused 747us total 33.153ms
08-03 20:20:43.491  1770  1834 I art     : Starting a blocking GC Explicit
08-03 20:20:43.527  1770  1834 I art     : Explicit concurrent mark sweep GC freed 666(21KB) AllocSpace objects, 0(0B) LOS objects, 27% free, 43MB/59MB, paused 961us total 35.351ms
08-03 20:20:43.543  1770  1834 I art     : Starting a blocking GC Explicit
08-03 20:20:43.575  1770  1834 I art     : Explicit concurrent mark sweep GC freed 119(7KB) AllocSpace objects, 0(0B) LOS objects, 26% free, 43MB/59MB, paused 708us total 32.052ms
