--------- beginning of main
08-03 20:20:12.501  1761  1761 D AndroidRuntime: >>>>>> START com.android.internal.os.RuntimeInit uid 2000 <<<<<<
08-03 20:20:12.507  1761  1761 D AndroidRuntime: CheckJNI is OFF
08-03 20:20:12.538  1761  1761 D ICU     : No timezone override file found: /data/misc/zoneinfo/current/icu/icu_tzdata.dat
08-03 20:20:12.574  1761  1761 I Radio-JNI: register_android_hardware_Radio DONE
08-03 20:20:12.593  1761  1761 D AndroidRuntime: Calling main entry com.android.commands.monkey.Monkey
--------- beginning of system
08-03 20:20:12.609   918   931 W BroadcastQueue: Skipping deliver [background] BroadcastRecord{4edb911 u-1 android.net.conn.CONNECTIVITY_CHANGE} to ReceiverList{bc12a76 1761 (unknown name)/2000/u-1 remote:5965d9b}: process crashing
08-03 20:20:12.619   918  6112 I ActivityManager: START u0 {act=android.intent.action.MAIN cat=[android.intent.category.LAUNCHER] flg=0x10200000 cmp=baseline.io.github.project_travel_mate/.SplashActivity} from uid 2000 on display 0
08-03 20:20:12.660   918  5132 I ActivityManager: Start proc 1770:baseline.io.github.project_travel_mate/u0a623 for activity baseline.io.github.project_travel_mate/.SplashActivity
08-03 20:20:12.664  1770  1770 I art     : Late-enabling -Xcheck:jni
08-03 20:20:12.678  1761  1761 I art     : System.exit called, status: 0
08-03 20:20:12.678  1761  1761 I AndroidRuntime: VM exiting with result code 0.
08-03 20:20:12.728  6202 13515 I PBSessionCacheImpl: Deleted sessionId[27278280657311515] from persistence.
08-03 20:20:12.737  6202  6241 W SearchServiceCore: Abort, client detached.
08-03 20:20:12.738  6202  6241 I MicroDetectionState: Should stop hotword detection immediately - true
08-03 20:20:12.762  1770  1770 W System  : ClassLoader referenced unknown path: /data/app/baseline.io.github.project_travel_mate-1/lib/arm64
08-03 20:20:12.945  1770  1770 W art     : Before Android 4.1, method android.graphics.PorterDuffColorFilter androidx.vectordrawable.graphics.drawable.VectorDrawableCompat.updateTintFilter(android.graphics.PorterDuffColorFilter, android.content.res.ColorStateList, android.graphics.PorterDuff$Mode) would have incorrectly overridden the package-private method in android.graphics.drawable.Drawable
08-03 20:20:13.004  1770  1770 I art     : Rejecting re-init on previously-failed class java.lang.Class<androidx.core.view.ViewCompat$OnUnhandledKeyEventListenerWrapper>
08-03 20:20:13.005  1770  1770 I art     : Rejecting re-init on previously-failed class java.lang.Class<androidx.core.view.ViewCompat$OnUnhandledKeyEventListenerWrapper>
08-03 20:20:13.061  1770  1790 D OpenGLRenderer: Use EGL_SWAP_BEHAVIOR_PRESERVED: true
08-03 20:20:13.118  1770  1790 I Adreno  : QUALCOMM build                   : fcf4852, I1af360237c
08-03 20:20:13.118  1770  1790 I Adreno  : Build Date                       : 09/23/15
08-03 20:20:13.118  1770  1790 I Adreno  : OpenGL ES Shader Compiler Version: XE031.05.13.02
08-03 20:20:13.118  1770  1790 I Adreno  : Local Branch                     : mybranch14465806
08-03 20:20:13.118  1770  1790 I Adreno  : Remote Branch                    : quic/LA.BF64.1.2.9_v2
08-03 20:20:13.118  1770  1790 I Adreno  : Remote Branch                    : NONE
08-03 20:20:13.118  1770  1790 I Adreno  : Reconstruct Branch               : NOTHING
08-03 20:20:13.128  1770  1790 I OpenGLRenderer: Initialized EGL, version 1.4
08-03 20:20:13.263   918   936 I ActivityManager: Displayed baseline.io.github.project_travel_mate/.SplashActivity: +635ms
08-03 20:20:13.264 13866 13866 I GoogleInputMethodServic: GoogleInputMethodService.onFinishInput():3138 
08-03 20:20:13.266 13866 13866 I GoogleInputMethodServic: GoogleInputMethodService.onStartInput():1808 
08-03 20:20:14.261  1803  1803 D AndroidRuntime: >>>>>> START com.android.internal.os.RuntimeInit uid 2000 <<<<<<
08-03 20:20:14.264  1803  1803 D AndroidRuntime: CheckJNI is OFF
08-03 20:20:14.290  1803  1803 D ICU     : No timezone override file found: /data/misc/zoneinfo/current/icu/icu_tzdata.dat
08-03 20:20:14.316  1803  1803 I Radio-JNI: register_android_hardware_Radio DONE
08-03 20:20:14.331  1803  1803 D AndroidRuntime: Calling main entry com.android.commands.am.Am
08-03 20:20:14.343 29687 29687 I Trepn   : Trepn 6.2s: Received intent: com.quicinc.trepn.start_profiling
08-03 20:20:14.461 29687 29687 W FileUtils: Failed to chmod(/storage/emulated/0/trepn/Trepn_2020.08.03_202014.db): android.system.ErrnoException: chmod failed: EPERM (Operation not permitted)
08-03 20:20:14.567 29687 29687 I Trepn   : Trepn 6.2s: Trepn has Started Profiling.
08-03 20:20:14.568  1803  1803 D AndroidRuntime: Shutting down VM
08-03 20:20:15.094  1770  1787 I art     : Starting a blocking GC Explicit
08-03 20:20:15.148   918  6112 I ActivityManager: START u0 {cmp=baseline.io.github.project_travel_mate/.MainActivity} from uid 10623 on display 0
08-03 20:20:15.159  1770  1787 I art     : Explicit concurrent mark sweep GC freed 49231(2MB) AllocSpace objects, 2(40KB) LOS objects, 40% free, 20MB/34MB, paused 467us total 64.909ms
08-03 20:20:15.186  1770  1787 I art     : Starting a blocking GC Explicit
08-03 20:20:15.205  1770  1787 I art     : Explicit concurrent mark sweep GC freed 2434(154KB) AllocSpace objects, 0(0B) LOS objects, 40% free, 20MB/34MB, paused 496us total 19.319ms
08-03 20:20:15.218  1770  1787 I art     : Starting a blocking GC Explicit
08-03 20:20:15.241  1770  1787 I art     : Explicit concurrent mark sweep GC freed 140(33KB) AllocSpace objects, 0(0B) LOS objects, 40% free, 20MB/34MB, paused 508us total 23.234ms
08-03 20:20:15.249  1770  1787 I art     : Starting a blocking GC Explicit
08-03 20:20:15.273  1770  1787 I art     : Explicit concurrent mark sweep GC freed 187(28KB) AllocSpace objects, 0(0B) LOS objects, 40% free, 20MB/34MB, paused 1.888ms total 23.112ms
08-03 20:20:15.281  1770  1787 I art     : Starting a blocking GC Explicit
08-03 20:20:15.304  1770  1787 I art     : Explicit concurrent mark sweep GC freed 60(31KB) AllocSpace objects, 0(0B) LOS objects, 40% free, 20MB/34MB, paused 494us total 23.524ms
08-03 20:20:15.431  1770  1770 W Settings: Setting airplane_mode_on has moved from android.provider.Settings.System to android.provider.Settings.Global, returning read-only value.
08-03 20:20:15.459  1770  1770 V MainActivity: url=https://project-travel-mate.herokuapp.com/api/get-user
08-03 20:20:15.517  1770  1854 W LOTTIE  : Unknown mask mode mode. Defaulting to Add.
08-03 20:20:15.526  1770  1854 W LOTTIE  : You have 5 images. Lottie should primarily be used with shapes. If you are using Adobe Illustrator, convert the Illustrator layers to shape layers.
08-03 20:20:15.527  1770  1854 W LOTTIE  : Unknown mask mode mode. Defaulting to Add.
08-03 20:20:15.527  1770  1854 W LOTTIE  : Unknown mask mode mode. Defaulting to Add.
08-03 20:20:15.581  1770  1770 V CityFragment: url=https://project-travel-mate.herokuapp.com/api/get-all-cities/10
08-03 20:20:15.632  1770  1788 I art     : Starting a blocking GC Explicit
08-03 20:20:15.667  1770  1788 I art     : Explicit concurrent mark sweep GC freed 14846(1018KB) AllocSpace objects, 2(40KB) LOS objects, 40% free, 23MB/38MB, paused 201us total 30.428ms
08-03 20:20:15.814  1770  1788 I art     : Starting a blocking GC Explicit
08-03 20:20:15.839  1770  1788 I art     : Explicit concurrent mark sweep GC freed 424(18KB) AllocSpace objects, 0(0B) LOS objects, 40% free, 23MB/38MB, paused 312us total 24.910ms
08-03 20:20:15.852  1770  1788 I art     : Starting a blocking GC Explicit
08-03 20:20:15.863  1770  1770 E RecyclerView: No adapter attached; skipping layout
08-03 20:20:15.868  1770  1788 I art     : Explicit concurrent mark sweep GC freed 108(4KB) AllocSpace objects, 0(0B) LOS objects, 40% free, 23MB/38MB, paused 591us total 16.297ms
08-03 20:20:15.878  1770  1788 I art     : Starting a blocking GC Explicit
08-03 20:20:15.891  1770  1788 I art     : Explicit concurrent mark sweep GC freed 682(133KB) AllocSpace objects, 0(0B) LOS objects, 40% free, 23MB/38MB, paused 323us total 13.095ms
08-03 20:20:15.900  1770  1788 I art     : Starting a blocking GC Explicit
08-03 20:20:15.913  1770  1788 I art     : Explicit concurrent mark sweep GC freed 2034(75KB) AllocSpace objects, 0(0B) LOS objects, 40% free, 23MB/38MB, paused 389us total 12.646ms
08-03 20:20:16.043  1770  1770 V MainActivity: url = https://project-travel-mate.herokuapp.com/api/number-of-unread-notifications
08-03 20:20:16.045   918   936 I ActivityManager: Displayed baseline.io.github.project_travel_mate/.MainActivity: +884ms
08-03 20:20:16.067 13866 13866 I GoogleInputMethodServic: GoogleInputMethodService.onFinishInput():3138 
08-03 20:20:16.068 13866 13866 I GoogleInputMethodServic: GoogleInputMethodService.onStartInput():1808 
08-03 20:20:16.069  1770  1770 E RecyclerView: No adapter attached; skipping layout
08-03 20:20:16.087  1770  1857 I NAPPA_EXPERIMENTATION: MetricNetworkRequestExecutionTime: REQUEST_DURATION_SYSTEM='504',REQUEST_DURATION_OKHTTP='53',REQUEST_SYNCHRONOUS='FALSE',RESPONSE_CODE='200',RESPONSE_METHOD='GET',RESPONSE_LENGTH_OKHTTP='1588',RESPONSE_LENGTH_HEADER='1588',REQUEST_PROTOCOL='http/1.1',REQUEST_URL='https://project-travel-mate.herokuapp.com/api/get-all-cities/10',
08-03 20:20:16.156  1770  1770 V CityFragment: result=[{"id":1,"city_name":"Delhi","facts_count":6,"image":"https://upload.wikimedia.org/wikipedia/commons/9/94/%E0%B4%96%E0%B5%81%E0%B4%A4%E0%B5%8D%E0%B4%AC%E0%B5%8D_%E0%B4%AE%E0%B4%BF%E0%B4%A8%E0%B4%BE%E0%B5%BC1.jpg","visit_count":18186},{"id":2,"city_name":"Mumbai","facts_count":0,"image":"https://static1.squarespace.com/static/55917ae2e4b0984fc8c264c4/t/5ad7a037758d464041bfba27/1524102624280/Victoria_Mumbai.jpg","visit_count":6022},{"id":3,"city_name":"Bangalore","facts_count":0,"image":null,"visit_count":5536},{"id":8,"city_name":"Pune","facts_count":0,"image":"https://www.zricks.com/ImagesPostProject/47929//6557d975-20a9-4c6c-a776-8072a1936a76.jpg","visit_count":3324},{"id":4,"city_name":"Chennai","facts_count":0,"image":"http://lh3.ggpht.com/_YLb7tJ8RoAk/SfazBLdgf3I/AAAAAAAANEg/p52_Zz_URxg/s640/Picture%20009.jpg","visit_count":3061},{"id":5,"city_name":"Kolkata","facts_count":0,"image":"https://i.pinimg.com/originals/05/ec/42/05ec42c545b494d12cc612923483b4f0.jpg","visit_count":2211},{"id":9,"city_name":"Jaipur","facts_count":1,"image":"https://www.trodly.com/pictures/attraction/1943.jpg","visit_count":2007},{"id":6,"city_name":"Hyderabad","facts_count":0,"image":"https://i1.trekearth.com/photos/59194/charminar_020_sm.jpg","visit_count":1633},{"id":150,"city_name":"Panjim","facts_count":0,"image":"http://www.nomad4ever.com/wp-content/uploads/2009/04/palm-trees-at-baga-creek-north-goa1.jpg","visit_count":1488},{"id":7,"city_name":"Ahmedabad","facts_count":0,"image":"https://i.pinimg.com/originals/a5/ed/29/a5ed293271669a61f47059f7b0d9cf2c.jpg","visit_count":1115}]
08-03 20:20:16.176  1770  1788 I art     : Starting a blocking GC Explicit
08-03 20:20:16.191  1770  1788 I art     : Explicit concurrent mark sweep GC freed 8546(534KB) AllocSpace objects, 6(340KB) LOS objects, 36% free, 28MB/44MB, paused 300us total 15.055ms
08-03 20:20:16.200  1770  1788 I art     : Starting a blocking GC Explicit
08-03 20:20:16.216  1770  1788 I art     : Explicit concurrent mark sweep GC freed 3428(214KB) AllocSpace objects, 0(0B) LOS objects, 36% free, 28MB/44MB, paused 494us total 15.702ms
08-03 20:20:16.225  1770  1788 I art     : Starting a blocking GC Explicit
08-03 20:20:16.228  1770  1770 D CityFragment: get cities cities size = 10
08-03 20:20:16.239  1770  1788 I art     : Explicit concurrent mark sweep GC freed 937(136KB) AllocSpace objects, 2(100KB) LOS objects, 36% free, 28MB/44MB, paused 492us total 14.181ms
08-03 20:20:16.243  1770  1853 I NAPPA_EXPERIMENTATION: MetricNetworkRequestExecutionTime: REQUEST_DURATION_SYSTEM='755',REQUEST_DURATION_OKHTTP='30',REQUEST_SYNCHRONOUS='FALSE',RESPONSE_CODE='200',RESPONSE_METHOD='GET',RESPONSE_LENGTH_OKHTTP='185',RESPONSE_LENGTH_HEADER='185',REQUEST_PROTOCOL='http/1.1',REQUEST_URL='https://project-travel-mate.herokuapp.com/api/get-user',
08-03 20:20:16.248  1770  1788 I art     : Starting a blocking GC Explicit
08-03 20:20:16.265  1770  1788 I art     : Explicit concurrent mark sweep GC freed 496(34KB) AllocSpace objects, 0(0B) LOS objects, 34% free, 30MB/46MB, paused 416us total 16.230ms
08-03 20:20:16.273  1770  1788 I art     : Starting a blocking GC Explicit
08-03 20:20:16.288  1770  1788 I art     : Explicit concurrent mark sweep GC freed 168(12KB) AllocSpace objects, 0(0B) LOS objects, 34% free, 30MB/46MB, paused 442us total 15.096ms
08-03 20:20:16.291   380   380 W SurfaceFlinger: couldn't log to binary event log: overflow.
08-03 20:20:16.545  1770  1862 I NAPPA_EXPERIMENTATION: MetricNetworkRequestExecutionTime: REQUEST_DURATION_SYSTEM='501',REQUEST_DURATION_OKHTTP='69',REQUEST_SYNCHRONOUS='FALSE',RESPONSE_CODE='200',RESPONSE_METHOD='GET',RESPONSE_LENGTH_OKHTTP='36',RESPONSE_LENGTH_HEADER='36',REQUEST_PROTOCOL='http/1.1',REQUEST_URL='https://project-travel-mate.herokuapp.com/api/number-of-unread-notifications',
08-03 20:20:16.576  1770  1834 I art     : Starting a blocking GC Explicit
08-03 20:20:16.598  1770  1834 I art     : Explicit concurrent mark sweep GC freed 14022(913KB) AllocSpace objects, 12(4MB) LOS objects, 35% free, 28MB/44MB, paused 553us total 21.732ms
08-03 20:20:16.606  1770  1834 I art     : Starting a blocking GC Explicit
08-03 20:20:16.635  1770  1834 I art     : Explicit concurrent mark sweep GC freed 3342(453KB) AllocSpace objects, 2(56KB) LOS objects, 35% free, 29MB/45MB, paused 420us total 28.718ms
08-03 20:20:16.644  1770  1834 I art     : Starting a blocking GC Explicit
08-03 20:20:16.662  1770  1834 I art     : Explicit concurrent mark sweep GC freed 2164(274KB) AllocSpace objects, 0(0B) LOS objects, 35% free, 29MB/45MB, paused 321us total 17.727ms
08-03 20:20:16.670  1770  1834 I art     : Starting a blocking GC Explicit
08-03 20:20:16.685  1770  1834 I art     : Explicit concurrent mark sweep GC freed 8629(422KB) AllocSpace objects, 4(144KB) LOS objects, 34% free, 30MB/46MB, paused 308us total 15.473ms
08-03 20:20:16.694  1770  1834 I art     : Starting a blocking GC Explicit
08-03 20:20:16.710  1770  1834 I art     : Explicit concurrent mark sweep GC freed 207(10KB) AllocSpace objects, 0(0B) LOS objects, 34% free, 30MB/46MB, paused 286us total 16.146ms
08-03 20:20:17.009  1770  1834 I art     : Starting a blocking GC Explicit
08-03 20:20:17.028  1770  1834 I art     : Explicit concurrent mark sweep GC freed 9535(972KB) AllocSpace objects, 14(2MB) LOS objects, 33% free, 31MB/47MB, paused 310us total 19.048ms
08-03 20:20:17.037  1770  1834 I art     : Starting a blocking GC Explicit
08-03 20:20:17.053  1770  1834 I art     : Explicit concurrent mark sweep GC freed 360(98KB) AllocSpace objects, 2(56KB) LOS objects, 33% free, 31MB/47MB, paused 285us total 16.355ms
08-03 20:20:17.062  1770  1834 I art     : Starting a blocking GC Explicit
08-03 20:20:17.078  1770  1834 I art     : Explicit concurrent mark sweep GC freed 3604(143KB) AllocSpace objects, 2(88KB) LOS objects, 33% free, 31MB/47MB, paused 289us total 16.157ms
08-03 20:20:17.086  1770  1834 I art     : Starting a blocking GC Explicit
08-03 20:20:17.102  1770  1834 I art     : Explicit concurrent mark sweep GC freed 125(3KB) AllocSpace objects, 0(0B) LOS objects, 33% free, 31MB/47MB, paused 292us total 16.278ms
08-03 20:20:17.111  1770  1834 I art     : Starting a blocking GC Explicit
08-03 20:20:17.127  1770  1834 I art     : Explicit concurrent mark sweep GC freed 273(87KB) AllocSpace objects, 0(0B) LOS objects, 33% free, 31MB/47MB, paused 356us total 15.971ms
08-03 20:20:17.453  1770  1834 I art     : Starting a blocking GC Explicit
08-03 20:20:17.469  1770  1834 I art     : Explicit concurrent mark sweep GC freed 4897(431KB) AllocSpace objects, 11(1532KB) LOS objects, 32% free, 32MB/48MB, paused 225us total 16.234ms
08-03 20:20:17.478  1770  1834 I art     : Starting a blocking GC Explicit
08-03 20:20:17.494  1770  1834 I art     : Explicit concurrent mark sweep GC freed 198(6KB) AllocSpace objects, 0(0B) LOS objects, 32% free, 32MB/48MB, paused 215us total 15.978ms
08-03 20:20:17.502  1770  1834 I art     : Starting a blocking GC Explicit
08-03 20:20:17.519  1770  1834 I art     : Explicit concurrent mark sweep GC freed 27(496B) AllocSpace objects, 0(0B) LOS objects, 32% free, 32MB/48MB, paused 250us total 16.586ms
08-03 20:20:17.528  1770  1834 I art     : Starting a blocking GC Explicit
08-03 20:20:17.544  1770  1834 I art     : Explicit concurrent mark sweep GC freed 51(896B) AllocSpace objects, 0(0B) LOS objects, 32% free, 32MB/48MB, paused 219us total 16.692ms
08-03 20:20:17.553  1770  1834 I art     : Starting a blocking GC Explicit
08-03 20:20:17.569  1770  1834 I art     : Explicit concurrent mark sweep GC freed 27(496B) AllocSpace objects, 0(0B) LOS objects, 32% free, 32MB/48MB, paused 245us total 15.589ms
08-03 20:20:17.902  1770  1788 I art     : Starting a blocking GC Explicit
08-03 20:20:17.921  1770  1788 I art     : Explicit concurrent mark sweep GC freed 1943(92KB) AllocSpace objects, 2(40KB) LOS objects, 32% free, 32MB/48MB, paused 257us total 18.923ms
08-03 20:20:17.930  1770  1788 I art     : Starting a blocking GC Explicit
08-03 20:20:17.948  1770  1788 I art     : Explicit concurrent mark sweep GC freed 70(1584B) AllocSpace objects, 0(0B) LOS objects, 32% free, 32MB/48MB, paused 264us total 17.782ms
08-03 20:20:17.957  1770  1788 I art     : Starting a blocking GC Explicit
08-03 20:20:17.975  1770  1788 I art     : Explicit concurrent mark sweep GC freed 27(496B) AllocSpace objects, 0(0B) LOS objects, 32% free, 32MB/48MB, paused 495us total 17.938ms
08-03 20:20:17.976  1770  1786 I art     : WaitForGcToComplete blocked for 16.195ms for cause HeapTrim
08-03 20:20:17.984  1770  1788 I art     : Starting a blocking GC Explicit
08-03 20:20:18.002  1770  1788 I art     : Explicit concurrent mark sweep GC freed 51(896B) AllocSpace objects, 0(0B) LOS objects, 32% free, 32MB/48MB, paused 242us total 17.023ms
08-03 20:20:18.011  1770  1788 I art     : Starting a blocking GC Explicit
08-03 20:20:18.029  1770  1788 I art     : Explicit concurrent mark sweep GC freed 49(832B) AllocSpace objects, 0(0B) LOS objects, 32% free, 32MB/48MB, paused 286us total 18.284ms
08-03 20:20:18.379  1770  1787 I art     : Starting a blocking GC Explicit
08-03 20:20:18.404  1770  1787 I art     : Explicit concurrent mark sweep GC freed 1953(91KB) AllocSpace objects, 2(40KB) LOS objects, 32% free, 32MB/48MB, paused 292us total 24.028ms
08-03 20:20:18.418  1770  1787 I art     : Starting a blocking GC Explicit
08-03 20:20:18.438  1770  1787 I art     : Explicit concurrent mark sweep GC freed 70(1584B) AllocSpace objects, 0(0B) LOS objects, 32% free, 32MB/48MB, paused 260us total 19.714ms
08-03 20:20:18.447  1770  1787 I art     : Starting a blocking GC Explicit
08-03 20:20:18.465  1770  1787 I art     : Explicit concurrent mark sweep GC freed 51(896B) AllocSpace objects, 0(0B) LOS objects, 32% free, 32MB/48MB, paused 253us total 18.130ms
08-03 20:20:18.475  1770  1787 I art     : Starting a blocking GC Explicit
08-03 20:20:18.492  1770  1787 I art     : Explicit concurrent mark sweep GC freed 27(496B) AllocSpace objects, 0(0B) LOS objects, 32% free, 32MB/48MB, paused 231us total 16.750ms
08-03 20:20:18.501  1770  1787 I art     : Starting a blocking GC Explicit
08-03 20:20:18.518  1770  1787 I art     : Explicit concurrent mark sweep GC freed 51(896B) AllocSpace objects, 0(0B) LOS objects, 32% free, 32MB/48MB, paused 243us total 16.896ms
08-03 20:20:18.826  1770  1834 I art     : Starting a blocking GC Explicit
08-03 20:20:18.845  1770  1834 I art     : Explicit concurrent mark sweep GC freed 1902(90KB) AllocSpace objects, 2(40KB) LOS objects, 32% free, 32MB/48MB, paused 267us total 18.467ms
08-03 20:20:18.854  1770  1834 I art     : Starting a blocking GC Explicit
08-03 20:20:18.873  1770  1834 I art     : Explicit concurrent mark sweep GC freed 47(1216B) AllocSpace objects, 0(0B) LOS objects, 32% free, 32MB/48MB, paused 263us total 18.182ms
08-03 20:20:18.882  1770  1834 I art     : Starting a blocking GC Explicit
08-03 20:20:18.900  1770  1834 I art     : Explicit concurrent mark sweep GC freed 51(896B) AllocSpace objects, 0(0B) LOS objects, 32% free, 32MB/48MB, paused 251us total 17.326ms
08-03 20:20:18.909  1770  1834 I art     : Starting a blocking GC Explicit
08-03 20:20:18.927  1770  1834 I art     : Explicit concurrent mark sweep GC freed 27(480B) AllocSpace objects, 0(0B) LOS objects, 32% free, 32MB/48MB, paused 369us total 17.802ms
08-03 20:20:18.936  1770  1834 I art     : Starting a blocking GC Explicit
08-03 20:20:18.953  1770  1834 I art     : Explicit concurrent mark sweep GC freed 51(912B) AllocSpace objects, 0(0B) LOS objects, 32% free, 32MB/48MB, paused 248us total 17.159ms
08-03 20:20:19.042   518   646 I ThermalEngine: ACTION: GPU - Setting GPU[0] to 510000000
08-03 20:20:19.301  1770  1788 I art     : Starting a blocking GC Explicit
08-03 20:20:19.330  1770  1788 I art     : Explicit concurrent mark sweep GC freed 1956(91KB) AllocSpace objects, 2(40KB) LOS objects, 32% free, 32MB/48MB, paused 463us total 28.045ms
08-03 20:20:19.346  1770  1788 I art     : Starting a blocking GC Explicit
08-03 20:20:19.369  1770  1788 I art     : Explicit concurrent mark sweep GC freed 88(1872B) AllocSpace objects, 0(0B) LOS objects, 32% free, 32MB/48MB, paused 402us total 22.629ms
08-03 20:20:19.380  1770  1788 I art     : Starting a blocking GC Explicit
08-03 20:20:19.402  1770  1788 I art     : Explicit concurrent mark sweep GC freed 52(928B) AllocSpace objects, 0(0B) LOS objects, 32% free, 32MB/48MB, paused 340us total 21.031ms
08-03 20:20:19.414  1770  1788 I art     : Starting a blocking GC Explicit
08-03 20:20:19.434  1770  1788 I art     : Explicit concurrent mark sweep GC freed 51(896B) AllocSpace objects, 0(0B) LOS objects, 32% free, 32MB/48MB, paused 343us total 20.622ms
08-03 20:20:19.447  1770  1788 I art     : Starting a blocking GC Explicit
08-03 20:20:19.467  1770  1788 I art     : Explicit concurrent mark sweep GC freed 51(896B) AllocSpace objects, 0(0B) LOS objects, 32% free, 32MB/48MB, paused 416us total 20.297ms
08-03 20:20:19.782  1770  1787 I art     : Starting a blocking GC Explicit
08-03 20:20:19.811  1770  1787 I art     : Explicit concurrent mark sweep GC freed 1902(90KB) AllocSpace objects, 2(40KB) LOS objects, 32% free, 32MB/48MB, paused 357us total 28.352ms
08-03 20:20:19.826  1770  1787 I art     : Starting a blocking GC Explicit
08-03 20:20:19.848  1770  1787 I art     : Explicit concurrent mark sweep GC freed 93(1952B) AllocSpace objects, 0(0B) LOS objects, 32% free, 32MB/48MB, paused 345us total 21.601ms
08-03 20:20:19.860  1770  1787 I art     : Starting a blocking GC Explicit
08-03 20:20:19.882  1770  1787 I art     : Explicit concurrent mark sweep GC freed 52(928B) AllocSpace objects, 0(0B) LOS objects, 32% free, 32MB/48MB, paused 341us total 22.087ms
08-03 20:20:19.894  1770  1787 I art     : Starting a blocking GC Explicit
08-03 20:20:19.916  1770  1787 I art     : Explicit concurrent mark sweep GC freed 50(864B) AllocSpace objects, 0(0B) LOS objects, 32% free, 32MB/48MB, paused 350us total 21.917ms
08-03 20:20:19.928  1770  1787 I art     : Starting a blocking GC Explicit
08-03 20:20:19.950  1770  1787 I art     : Explicit concurrent mark sweep GC freed 51(896B) AllocSpace objects, 0(0B) LOS objects, 32% free, 32MB/48MB, paused 352us total 21.907ms
08-03 20:20:20.302  1770  1834 I art     : Starting a blocking GC Explicit
08-03 20:20:20.331  1770  1834 I art     : Explicit concurrent mark sweep GC freed 1963(91KB) AllocSpace objects, 2(40KB) LOS objects, 32% free, 32MB/48MB, paused 938us total 28.444ms
08-03 20:20:20.346  1770  1834 I art     : Starting a blocking GC Explicit
08-03 20:20:20.370  1770  1834 I art     : Explicit concurrent mark sweep GC freed 81(1760B) AllocSpace objects, 0(0B) LOS objects, 32% free, 32MB/48MB, paused 360us total 23.192ms
08-03 20:20:20.382  1770  1834 I art     : Starting a blocking GC Explicit
08-03 20:20:20.405  1770  1834 I art     : Explicit concurrent mark sweep GC freed 52(928B) AllocSpace objects, 0(0B) LOS objects, 32% free, 32MB/48MB, paused 357us total 22.576ms
08-03 20:20:20.417  1770  1834 I art     : Starting a blocking GC Explicit
08-03 20:20:20.439  1770  1834 I art     : Explicit concurrent mark sweep GC freed 51(896B) AllocSpace objects, 0(0B) LOS objects, 32% free, 32MB/48MB, paused 359us total 22.184ms
08-03 20:20:20.451  1770  1834 I art     : Starting a blocking GC Explicit
08-03 20:20:20.473  1770  1834 I art     : Explicit concurrent mark sweep GC freed 51(896B) AllocSpace objects, 0(0B) LOS objects, 32% free, 32MB/48MB, paused 372us total 21.979ms
08-03 20:20:20.844  1770  1788 I art     : Starting a blocking GC Explicit
08-03 20:20:20.872  1770  1788 I art     : Explicit concurrent mark sweep GC freed 1998(92KB) AllocSpace objects, 2(40KB) LOS objects, 32% free, 32MB/48MB, paused 373us total 28.066ms
08-03 20:20:20.888  1770  1788 I art     : Starting a blocking GC Explicit
08-03 20:20:20.911  1770  1788 I art     : Explicit concurrent mark sweep GC freed 70(1584B) AllocSpace objects, 0(0B) LOS objects, 32% free, 32MB/48MB, paused 335us total 21.845ms
08-03 20:20:20.922  1770  1788 I art     : Starting a blocking GC Explicit
08-03 20:20:20.945  1770  1788 I art     : Explicit concurrent mark sweep GC freed 51(896B) AllocSpace objects, 0(0B) LOS objects, 32% free, 32MB/48MB, paused 374us total 22.031ms
08-03 20:20:20.957  1770  1788 I art     : Starting a blocking GC Explicit
08-03 20:20:20.979  1770  1788 I art     : Explicit concurrent mark sweep GC freed 51(896B) AllocSpace objects, 0(0B) LOS objects, 32% free, 32MB/48MB, paused 381us total 22.013ms
08-03 20:20:20.991  1770  1788 I art     : Starting a blocking GC Explicit
08-03 20:20:21.013  1770  1788 I art     : Explicit concurrent mark sweep GC freed 58(1008B) AllocSpace objects, 0(0B) LOS objects, 32% free, 32MB/48MB, paused 380us total 22.445ms
08-03 20:20:21.392  1770  1787 I art     : Starting a blocking GC Explicit
08-03 20:20:21.420  1770  1787 I art     : Explicit concurrent mark sweep GC freed 2016(92KB) AllocSpace objects, 2(40KB) LOS objects, 32% free, 32MB/48MB, paused 367us total 27.999ms
08-03 20:20:21.435  1770  1787 I art     : Starting a blocking GC Explicit
08-03 20:20:21.458  1770  1787 I art     : Explicit concurrent mark sweep GC freed 70(1584B) AllocSpace objects, 0(0B) LOS objects, 32% free, 32MB/48MB, paused 350us total 22.641ms
08-03 20:20:21.470  1770  1787 I art     : Starting a blocking GC Explicit
08-03 20:20:21.493  1770  1787 I art     : Explicit concurrent mark sweep GC freed 51(896B) AllocSpace objects, 0(0B) LOS objects, 32% free, 32MB/48MB, paused 348us total 22.817ms
08-03 20:20:21.505  1770  1787 I art     : Starting a blocking GC Explicit
08-03 20:20:21.527  1770  1787 I art     : Explicit concurrent mark sweep GC freed 51(896B) AllocSpace objects, 0(0B) LOS objects, 32% free, 32MB/48MB, paused 358us total 21.980ms
08-03 20:20:21.539  1770  1787 I art     : Starting a blocking GC Explicit
08-03 20:20:21.562  1770  1787 I art     : Explicit concurrent mark sweep GC freed 51(896B) AllocSpace objects, 0(0B) LOS objects, 32% free, 32MB/48MB, paused 331us total 22.258ms
08-03 20:20:21.878  1770  1834 I art     : Starting a blocking GC Explicit
08-03 20:20:21.901  1770  1834 I art     : Explicit concurrent mark sweep GC freed 1926(91KB) AllocSpace objects, 2(40KB) LOS objects, 32% free, 32MB/48MB, paused 371us total 22.425ms
08-03 20:20:21.913  1770  1834 I art     : Starting a blocking GC Explicit
08-03 20:20:21.933  1770  1834 I art     : Explicit concurrent mark sweep GC freed 71(1616B) AllocSpace objects, 0(0B) LOS objects, 32% free, 32MB/48MB, paused 347us total 20.455ms
08-03 20:20:21.945  1770  1834 I art     : Starting a blocking GC Explicit
08-03 20:20:21.967  1770  1834 I art     : Explicit concurrent mark sweep GC freed 50(864B) AllocSpace objects, 0(0B) LOS objects, 32% free, 32MB/48MB, paused 356us total 21.577ms
08-03 20:20:21.978  1770  1834 I art     : Starting a blocking GC Explicit
08-03 20:20:22.000  1770  1834 I art     : Explicit concurrent mark sweep GC freed 51(896B) AllocSpace objects, 0(0B) LOS objects, 32% free, 32MB/48MB, paused 355us total 21.528ms
08-03 20:20:22.011  1770  1834 I art     : Starting a blocking GC Explicit
08-03 20:20:22.033  1770  1834 I art     : Explicit concurrent mark sweep GC freed 50(880B) AllocSpace objects, 0(0B) LOS objects, 32% free, 32MB/48MB, paused 350us total 21.207ms
08-03 20:20:22.130  2005  2005 D AndroidRuntime: >>>>>> START com.android.internal.os.RuntimeInit uid 2000 <<<<<<
08-03 20:20:22.135  2005  2005 D AndroidRuntime: CheckJNI is OFF
08-03 20:20:22.173  2005  2005 D ICU     : No timezone override file found: /data/misc/zoneinfo/current/icu/icu_tzdata.dat
08-03 20:20:22.209  2005  2005 I Radio-JNI: register_android_hardware_Radio DONE
08-03 20:20:22.230  2005  2005 D AndroidRuntime: Calling main entry com.android.commands.input.Input
08-03 20:20:22.232  2005  2005 I Input   : injectMotionEvent: MotionEvent { action=ACTION_DOWN, actionButton=0, id[0]=0, x[0]=346.0, y[0]=709.0, toolType[0]=TOOL_TYPE_UNKNOWN, buttonState=0, metaState=0, flags=0x0, edgeFlags=0x0, pointerCount=1, historySize=0, eventTime=649238644, downTime=649238644, deviceId=0, source=0x1002 }
08-03 20:20:22.237  2005  2005 I Input   : injectMotionEvent: MotionEvent { action=ACTION_UP, actionButton=0, id[0]=0, x[0]=346.0, y[0]=709.0, toolType[0]=TOOL_TYPE_UNKNOWN, buttonState=0, metaState=0, flags=0x0, edgeFlags=0x0, pointerCount=1, historySize=0, eventTime=649238644, downTime=649238644, deviceId=0, source=0x1002 }
08-03 20:20:22.248   918  6112 I ActivityManager: START u0 {cmp=baseline.io.github.project_travel_mate/.destinations.description.FinalCityInfoActivity (has extras)} from uid 10623 on display 0
08-03 20:20:22.257  2005  2005 D AndroidRuntime: Shutting down VM
08-03 20:20:22.286  1770  1854 D Gabe    : call	returning from cache
08-03 20:20:22.361  1770  1788 I art     : Starting a blocking GC Explicit
08-03 20:20:22.371  1770  1770 V EXECUTING: https://project-travel-mate.herokuapp.com/api/get-city-weather/1
08-03 20:20:22.388  1770  1788 I art     : Explicit concurrent mark sweep GC freed 8646(555KB) AllocSpace objects, 2(40KB) LOS objects, 32% free, 33MB/49MB, paused 655us total 26.896ms
08-03 20:20:22.401  1770  1788 I art     : Starting a blocking GC Explicit
08-03 20:20:22.422  1770  1788 I art     : Explicit concurrent mark sweep GC freed 557(34KB) AllocSpace objects, 0(0B) LOS objects, 32% free, 33MB/49MB, paused 664us total 21.209ms
08-03 20:20:22.434  1770  1788 I art     : Starting a blocking GC Explicit
08-03 20:20:22.459  1770  1788 I art     : Explicit concurrent mark sweep GC freed 800(31KB) AllocSpace objects, 0(0B) LOS objects, 29% free, 37MB/53MB, paused 628us total 24.453ms
08-03 20:20:22.471  1770  1788 I art     : Starting a blocking GC Explicit
08-03 20:20:22.495  1770  1788 I art     : Explicit concurrent mark sweep GC freed 34(1792B) AllocSpace objects, 0(0B) LOS objects, 29% free, 37MB/53MB, paused 422us total 23.240ms
08-03 20:20:22.507  1770  1788 I art     : Starting a blocking GC Explicit
08-03 20:20:22.512   918   936 I ActivityManager: Displayed baseline.io.github.project_travel_mate/.destinations.description.FinalCityInfoActivity: +254ms
08-03 20:20:22.513 13866 13866 I GoogleInputMethodServic: GoogleInputMethodService.onFinishInput():3138 
08-03 20:20:22.514 13866 13866 I GoogleInputMethodServic: GoogleInputMethodService.onStartInput():1808 
08-03 20:20:22.529  1770  1788 I art     : Explicit concurrent mark sweep GC freed 133(3KB) AllocSpace objects, 0(0B) LOS objects, 29% free, 37MB/53MB, paused 624us total 21.758ms
08-03 20:20:22.763   380   380 W SurfaceFlinger: couldn't log to binary event log: overflow.
08-03 20:20:22.831  1770  1787 I art     : Starting a blocking GC Explicit
08-03 20:20:22.857  1770  1787 I art     : Explicit concurrent mark sweep GC freed 4013(226KB) AllocSpace objects, 4(160KB) LOS objects, 29% free, 37MB/53MB, paused 621us total 25.624ms
08-03 20:20:22.870  1770  1787 I art     : Starting a blocking GC Explicit
08-03 20:20:22.894  1770  1787 I art     : Explicit concurrent mark sweep GC freed 3933(221KB) AllocSpace objects, 1(80KB) LOS objects, 29% free, 37MB/53MB, paused 438us total 23.458ms
08-03 20:20:22.907  1770  1787 I art     : Starting a blocking GC Explicit
08-03 20:20:22.933  1770  1787 I art     : Explicit concurrent mark sweep GC freed 252(14KB) AllocSpace objects, 0(0B) LOS objects, 29% free, 37MB/53MB, paused 595us total 25.828ms
08-03 20:20:22.936  1770  2040 I NAPPA_EXPERIMENTATION: MetricNetworkRequestExecutionTime: REQUEST_DURATION_SYSTEM='564',REQUEST_DURATION_OKHTTP='61',REQUEST_SYNCHRONOUS='FALSE',RESPONSE_CODE='200',RESPONSE_METHOD='GET',RESPONSE_LENGTH_OKHTTP='530',RESPONSE_LENGTH_HEADER='530',REQUEST_PROTOCOL='http/1.1',REQUEST_URL='https://project-travel-mate.herokuapp.com/api/get-city/1',
08-03 20:20:22.946  1770  1787 I art     : Starting a blocking GC Explicit
08-03 20:20:22.948  1770  2039 I NAPPA_EXPERIMENTATION: MetricNetworkRequestExecutionTime: REQUEST_DURATION_SYSTEM='577',REQUEST_DURATION_OKHTTP='75',REQUEST_SYNCHRONOUS='FALSE',RESPONSE_CODE='200',RESPONSE_METHOD='GET',RESPONSE_LENGTH_OKHTTP='238',RESPONSE_LENGTH_HEADER='238',REQUEST_PROTOCOL='http/1.1',REQUEST_URL='https://project-travel-mate.herokuapp.com/api/get-city-weather/1',
08-03 20:20:22.969  1770  2040 V Response: {"id":1,"city_name":"Delhi","description":"Delhi, officially the National Capital Territory of Delhi, is the Capital territory of India. During the British Raj, Delhi was part of the province of Punjab and is still historically and culturally connected to the Punjab region.","latitude":"28.613900","longitude":"77.209000","facts_count":6,"images":["https://upload.wikimedia.org/wikipedia/commons/9/94/%E0%B4%96%E0%B5%81%E0%B4%A4%E0%B5%8D%E0%B4%AC%E0%B5%8D_%E0%B4%AE%E0%B4%BF%E0%B4%A8%E0%B4%BE%E0%B5%BC1.jpg"],"has_visited":false}
08-03 20:20:22.970  1770  1787 I art     : Explicit concurrent mark sweep GC freed 252(22KB) AllocSpace objects, 0(0B) LOS objects, 29% free, 37MB/53MB, paused 685us total 23.909ms
08-03 20:20:22.983  1770  1787 I art     : Starting a blocking GC Explicit
08-03 20:20:23.007  1770  1787 I art     : Explicit concurrent mark sweep GC freed 467(27KB) AllocSpace objects, 0(0B) LOS objects, 29% free, 37MB/53MB, paused 582us total 24.046ms
08-03 20:20:23.008  1770  1786 I art     : WaitForGcToComplete blocked for 5.742ms for cause HeapTrim
08-03 20:20:23.305  1770  1834 I art     : Starting a blocking GC Explicit
08-03 20:20:23.337  1770  1834 I art     : Explicit concurrent mark sweep GC freed 4773(331KB) AllocSpace objects, 10(5MB) LOS objects, 29% free, 38MB/54MB, paused 505us total 31.366ms
08-03 20:20:23.350  1770  1834 I art     : Starting a blocking GC Explicit
08-03 20:20:23.374  1770  1834 I art     : Explicit concurrent mark sweep GC freed 200(6KB) AllocSpace objects, 0(0B) LOS objects, 29% free, 38MB/54MB, paused 530us total 23.539ms
08-03 20:20:23.387  1770  1834 I art     : Starting a blocking GC Explicit
08-03 20:20:23.409  1770  1834 I art     : Explicit concurrent mark sweep GC freed 147(2496B) AllocSpace objects, 0(0B) LOS objects, 29% free, 38MB/54MB, paused 362us total 21.873ms
08-03 20:20:23.421  1770  1834 I art     : Starting a blocking GC Explicit
08-03 20:20:23.445  1770  1834 I art     : Explicit concurrent mark sweep GC freed 99(1696B) AllocSpace objects, 0(0B) LOS objects, 29% free, 38MB/54MB, paused 370us total 24.154ms
08-03 20:20:23.457  1770  1834 I art     : Starting a blocking GC Explicit
08-03 20:20:23.482  1770  1834 I art     : Explicit concurrent mark sweep GC freed 126(2128B) AllocSpace objects, 0(0B) LOS objects, 29% free, 38MB/54MB, paused 439us total 24.505ms
08-03 20:20:23.823  1770  1788 I art     : Starting a blocking GC Explicit
08-03 20:20:23.850  1770  1788 I art     : Explicit concurrent mark sweep GC freed 2519(101KB) AllocSpace objects, 2(40KB) LOS objects, 29% free, 38MB/54MB, paused 476us total 26.978ms
08-03 20:20:23.864  1770  1788 I art     : Starting a blocking GC Explicit
08-03 20:20:23.889  1770  1788 I art     : Explicit concurrent mark sweep GC freed 133(3024B) AllocSpace objects, 0(0B) LOS objects, 29% free, 38MB/54MB, paused 371us total 24.695ms
08-03 20:20:23.901  1770  1788 I art     : Starting a blocking GC Explicit
08-03 20:20:23.925  1770  1788 I art     : Explicit concurrent mark sweep GC freed 100(1728B) AllocSpace objects, 0(0B) LOS objects, 29% free, 38MB/54MB, paused 431us total 23.832ms
08-03 20:20:23.937  1770  1788 I art     : Starting a blocking GC Explicit
08-03 20:20:23.963  1770  1788 I art     : Explicit concurrent mark sweep GC freed 99(1696B) AllocSpace objects, 0(0B) LOS objects, 29% free, 38MB/54MB, paused 375us total 25.185ms
08-03 20:20:23.975  1770  1788 I art     : Starting a blocking GC Explicit
08-03 20:20:24.000  1770  1788 I art     : Explicit concurrent mark sweep GC freed 146(2464B) AllocSpace objects, 0(0B) LOS objects, 29% free, 38MB/54MB, paused 402us total 24.783ms
08-03 20:20:24.346  1770  2041 I art     : Starting a blocking GC Explicit
08-03 20:20:24.374  1770  2041 I art     : Explicit concurrent mark sweep GC freed 2481(100KB) AllocSpace objects, 2(40KB) LOS objects, 29% free, 38MB/54MB, paused 520us total 27.840ms
08-03 20:20:24.392  1770  2041 I art     : Starting a blocking GC Explicit
08-03 20:20:24.416  1770  2041 I art     : Explicit concurrent mark sweep GC freed 159(3040B) AllocSpace objects, 0(0B) LOS objects, 29% free, 38MB/54MB, paused 478us total 24.173ms
08-03 20:20:24.428  1770  2041 I art     : Starting a blocking GC Explicit
08-03 20:20:24.453  1770  2041 I art     : Explicit concurrent mark sweep GC freed 106(1840B) AllocSpace objects, 0(0B) LOS objects, 29% free, 38MB/54MB, paused 381us total 24.418ms
08-03 20:20:24.465  1770  2041 I art     : Starting a blocking GC Explicit
08-03 20:20:24.490  1770  2041 I art     : Explicit concurrent mark sweep GC freed 98(1664B) AllocSpace objects, 0(0B) LOS objects, 29% free, 38MB/54MB, paused 408us total 25.055ms
08-03 20:20:24.502  1770  2041 I art     : Starting a blocking GC Explicit
08-03 20:20:24.528  1770  2041 I art     : Explicit concurrent mark sweep GC freed 100(1728B) AllocSpace objects, 0(0B) LOS objects, 29% free, 38MB/54MB, paused 396us total 25.067ms
08-03 20:20:24.873  1770  1834 I art     : Starting a blocking GC Explicit
08-03 20:20:24.901  1770  1834 I art     : Explicit concurrent mark sweep GC freed 2526(100KB) AllocSpace objects, 2(40KB) LOS objects, 29% free, 38MB/54MB, paused 421us total 27.460ms
08-03 20:20:24.913  1770  1834 I art     : Starting a blocking GC Explicit
08-03 20:20:24.939  1770  1834 I art     : Explicit concurrent mark sweep GC freed 119(2416B) AllocSpace objects, 0(0B) LOS objects, 29% free, 38MB/54MB, paused 374us total 25.536ms
08-03 20:20:24.951  1770  1834 I art     : Starting a blocking GC Explicit
08-03 20:20:24.977  1770  1834 I art     : Explicit concurrent mark sweep GC freed 99(1696B) AllocSpace objects, 0(0B) LOS objects, 29% free, 38MB/54MB, paused 407us total 25.769ms
08-03 20:20:24.990  1770  1834 I art     : Starting a blocking GC Explicit
08-03 20:20:25.015  1770  1834 I art     : Explicit concurrent mark sweep GC freed 99(1696B) AllocSpace objects, 0(0B) LOS objects, 29% free, 38MB/54MB, paused 365us total 24.598ms
08-03 20:20:25.027  1770  1834 I art     : Starting a blocking GC Explicit
08-03 20:20:25.052  1770  1834 I art     : Explicit concurrent mark sweep GC freed 147(2496B) AllocSpace objects, 0(0B) LOS objects, 29% free, 38MB/54MB, paused 374us total 25.005ms
08-03 20:20:25.404  1770  1787 I art     : Starting a blocking GC Explicit
08-03 20:20:25.433  1770  1787 I art     : Explicit concurrent mark sweep GC freed 2480(100KB) AllocSpace objects, 2(40KB) LOS objects, 29% free, 38MB/54MB, paused 442us total 29.101ms
08-03 20:20:25.449  1770  1787 I art     : Starting a blocking GC Explicit
08-03 20:20:25.474  1770  1787 I art     : Explicit concurrent mark sweep GC freed 165(3KB) AllocSpace objects, 0(0B) LOS objects, 29% free, 38MB/54MB, paused 400us total 24.750ms
08-03 20:20:25.486  1770  1787 I art     : Starting a blocking GC Explicit
08-03 20:20:25.511  1770  1787 I art     : Explicit concurrent mark sweep GC freed 101(1760B) AllocSpace objects, 0(0B) LOS objects, 29% free, 38MB/54MB, paused 384us total 24.091ms
08-03 20:20:25.522  1770  1787 I art     : Starting a blocking GC Explicit
08-03 20:20:25.548  1770  1787 I art     : Explicit concurrent mark sweep GC freed 99(1696B) AllocSpace objects, 0(0B) LOS objects, 29% free, 38MB/54MB, paused 381us total 24.876ms
08-03 20:20:25.560  1770  1787 I art     : Starting a blocking GC Explicit
08-03 20:20:25.585  1770  1787 I art     : Explicit concurrent mark sweep GC freed 147(2496B) AllocSpace objects, 0(0B) LOS objects, 29% free, 38MB/54MB, paused 382us total 24.692ms
08-03 20:20:25.945  1770  1788 I art     : Starting a blocking GC Explicit
08-03 20:20:25.972  1770  1788 I art     : Explicit concurrent mark sweep GC freed 2527(100KB) AllocSpace objects, 2(40KB) LOS objects, 29% free, 38MB/54MB, paused 388us total 27.167ms
08-03 20:20:25.986  1770  1788 I art     : Starting a blocking GC Explicit
08-03 20:20:26.010  1770  1788 I art     : Explicit concurrent mark sweep GC freed 118(2384B) AllocSpace objects, 0(0B) LOS objects, 29% free, 38MB/54MB, paused 376us total 23.795ms
08-03 20:20:26.023  1770  1788 I art     : Starting a blocking GC Explicit
08-03 20:20:26.047  1770  1788 I art     : Explicit concurrent mark sweep GC freed 99(1696B) AllocSpace objects, 0(0B) LOS objects, 29% free, 38MB/54MB, paused 399us total 24.498ms
08-03 20:20:26.059  1770  1788 I art     : Starting a blocking GC Explicit
08-03 20:20:26.084  1770  1788 I art     : Explicit concurrent mark sweep GC freed 114(1936B) AllocSpace objects, 0(0B) LOS objects, 29% free, 38MB/54MB, paused 471us total 24.532ms
08-03 20:20:26.096  1770  1788 I art     : Starting a blocking GC Explicit
08-03 20:20:26.121  1770  1788 I art     : Explicit concurrent mark sweep GC freed 132(2256B) AllocSpace objects, 0(0B) LOS objects, 29% free, 38MB/54MB, paused 393us total 24.352ms
08-03 20:20:26.482  1770  2041 I art     : Starting a blocking GC Explicit
08-03 20:20:26.503  1770  2041 I art     : Explicit concurrent mark sweep GC freed 2527(100KB) AllocSpace objects, 2(40KB) LOS objects, 29% free, 38MB/54MB, paused 359us total 21.161ms
08-03 20:20:26.514  1770  2041 I art     : Starting a blocking GC Explicit
08-03 20:20:26.536  1770  2041 I art     : Explicit concurrent mark sweep GC freed 118(2384B) AllocSpace objects, 0(0B) LOS objects, 29% free, 38MB/54MB, paused 375us total 21.413ms
08-03 20:20:26.547  1770  2041 I art     : Starting a blocking GC Explicit
08-03 20:20:26.568  1770  2041 I art     : Explicit concurrent mark sweep GC freed 115(2448B) AllocSpace objects, 0(0B) LOS objects, 29% free, 38MB/54MB, paused 565us total 21.463ms
08-03 20:20:26.580  1770  2041 I art     : Starting a blocking GC Explicit
08-03 20:20:26.602  1770  2041 I art     : Explicit concurrent mark sweep GC freed 79(1744B) AllocSpace objects, 0(0B) LOS objects, 29% free, 38MB/54MB, paused 457us total 22.159ms
08-03 20:20:26.613  1770  2041 I art     : Starting a blocking GC Explicit
08-03 20:20:26.634  1770  2041 I art     : Explicit concurrent mark sweep GC freed 93(1760B) AllocSpace objects, 0(0B) LOS objects, 29% free, 38MB/54MB, paused 448us total 20.327ms
08-03 20:20:26.859  2127  2127 D AndroidRuntime: >>>>>> START com.android.internal.os.RuntimeInit uid 2000 <<<<<<
08-03 20:20:26.864  2127  2127 D AndroidRuntime: CheckJNI is OFF
08-03 20:20:26.895  2127  2127 D ICU     : No timezone override file found: /data/misc/zoneinfo/current/icu/icu_tzdata.dat
08-03 20:20:26.926  2127  2127 I Radio-JNI: register_android_hardware_Radio DONE
08-03 20:20:26.948  2127  2127 D AndroidRuntime: Calling main entry com.android.commands.input.Input
08-03 20:20:26.950  2127  2127 I Input   : injectMotionEvent: MotionEvent { action=ACTION_DOWN, actionButton=0, id[0]=0, x[0]=693.0, y[0]=1450.0, toolType[0]=TOOL_TYPE_UNKNOWN, buttonState=0, metaState=0, flags=0x0, edgeFlags=0x0, pointerCount=1, historySize=0, eventTime=649243363, downTime=649243363, deviceId=0, source=0x1002 }
08-03 20:20:26.954  2127  2127 I Input   : injectMotionEvent: MotionEvent { action=ACTION_UP, actionButton=0, id[0]=0, x[0]=693.0, y[0]=1450.0, toolType[0]=TOOL_TYPE_UNKNOWN, buttonState=0, metaState=0, flags=0x0, edgeFlags=0x0, pointerCount=1, historySize=0, eventTime=649243363, downTime=649243363, deviceId=0, source=0x1002 }
08-03 20:20:26.955  2127  2127 D AndroidRuntime: Shutting down VM
08-03 20:20:26.957   918  4413 I ActivityManager: START u0 {cmp=baseline.io.github.project_travel_mate/.destinations.description.CityHistoryActivity} from uid 10623 on display 0
08-03 20:20:26.958   512  2967 D audio_hw_primary: out_set_parameters: enter: usecase(1: low-latency-playback) kvpairs: routing=2
08-03 20:20:26.971   512  2967 D audio_hw_primary: select_devices: out_snd_device(2: speaker) in_snd_device(0: none)
08-03 20:20:26.971   512  2967 D msm8974_platform: platform_send_audio_calibration: sending audio calibration for snd_device(2) acdb_id(15)
08-03 20:20:26.971   512  2967 I soundtrigger: audio_extn_sound_trigger_update_device_status: device 0x2 of type 0 for Event 1
08-03 20:20:26.981   512  2967 D audio_hw_primary: enable_snd_device: snd_device(2: speaker)
08-03 20:20:26.983   512  2967 D audio_hw_primary: enable_audio_route: apply and update mixer path: low-latency-playback speaker
08-03 20:20:26.986  1770  1854 D Gabe    : call	returning from cache
08-03 20:20:26.988  1770  1770 V EXECUTING: https://project-travel-mate.herokuapp.com/api/get-city-information/1
08-03 20:20:27.008  1770  1787 I art     : Starting a blocking GC Explicit
08-03 20:20:27.032  1770  1787 I art     : Explicit concurrent mark sweep GC freed 3071(214KB) AllocSpace objects, 2(40KB) LOS objects, 29% free, 38MB/54MB, paused 679us total 23.581ms
08-03 20:20:27.044  1770  1787 I art     : Starting a blocking GC Explicit
08-03 20:20:27.070  1770  1787 I art     : Explicit concurrent mark sweep GC freed 725(26KB) AllocSpace objects, 0(0B) LOS objects, 27% free, 42MB/58MB, paused 792us total 25.894ms
08-03 20:20:27.082  1770  1787 I art     : Starting a blocking GC Explicit
08-03 20:20:27.108  1770  1787 I art     : Explicit concurrent mark sweep GC freed 40(1568B) AllocSpace objects, 0(0B) LOS objects, 27% free, 42MB/58MB, paused 610us total 25.309ms
08-03 20:20:27.120  1770  1787 I art     : Starting a blocking GC Explicit
08-03 20:20:27.141   918   936 I ActivityManager: Displayed baseline.io.github.project_travel_mate/.destinations.description.CityHistoryActivity: +177ms
08-03 20:20:27.141 13866 13866 I GoogleInputMethodServic: GoogleInputMethodService.onFinishInput():3138 
08-03 20:20:27.143 13866 13866 I GoogleInputMethodServic: GoogleInputMethodService.onStartInput():1808 
08-03 20:20:27.143  1770  1787 I art     : Explicit concurrent mark sweep GC freed 29(1056B) AllocSpace objects, 0(0B) LOS objects, 27% free, 42MB/58MB, paused 553us total 23.670ms
08-03 20:20:27.155  1770  1787 I art     : Starting a blocking GC Explicit
08-03 20:20:27.182  1770  1787 I art     : Explicit concurrent mark sweep GC freed 133(2512B) AllocSpace objects, 0(0B) LOS objects, 27% free, 42MB/58MB, paused 632us total 26.153ms
08-03 20:20:27.401   380   380 W SurfaceFlinger: couldn't log to binary event log: overflow.
08-03 20:20:27.500  1770  1834 I art     : Starting a blocking GC Explicit
08-03 20:20:27.529  1770  1834 I art     : Explicit concurrent mark sweep GC freed 2873(106KB) AllocSpace objects, 2(40KB) LOS objects, 27% free, 42MB/58MB, paused 447us total 28.802ms
08-03 20:20:27.529   512  2967 D audio_hw_primary: disable_audio_route: reset and update mixer path: low-latency-playback speaker
08-03 20:20:27.531   512  2967 D audio_hw_primary: disable_snd_device: snd_device(2: speaker)
08-03 20:20:27.540   512  2967 I soundtrigger: audio_extn_sound_trigger_update_device_status: device 0x2 of type 0 for Event 0
08-03 20:20:27.542  1770  1834 I art     : Starting a blocking GC Explicit
08-03 20:20:27.570  1770  1834 I art     : Explicit concurrent mark sweep GC freed 1286(79KB) AllocSpace objects, 2(120KB) LOS objects, 27% free, 43MB/59MB, paused 832us total 27.274ms
08-03 20:20:27.582  1770  1834 I art     : Starting a blocking GC Explicit
08-03 20:20:27.608  1770  1834 I art     : Explicit concurrent mark sweep GC freed 2301(167KB) AllocSpace objects, 1(80KB) LOS objects, 27% free, 42MB/58MB, paused 771us total 25.631ms
08-03 20:20:27.621  1770  1834 I art     : Starting a blocking GC Explicit
08-03 20:20:27.647  1770  1834 I art     : Explicit concurrent mark sweep GC freed 256(7KB) AllocSpace objects, 0(0B) LOS objects, 27% free, 42MB/58MB, paused 611us total 25.418ms
08-03 20:20:27.655  1770  2151 I NAPPA_EXPERIMENTATION: MetricNetworkRequestExecutionTime: REQUEST_DURATION_SYSTEM='665',REQUEST_DURATION_OKHTTP='41',REQUEST_SYNCHRONOUS='FALSE',RESPONSE_CODE='200',RESPONSE_METHOD='GET',RESPONSE_LENGTH_OKHTTP='55024',RESPONSE_LENGTH_HEADER='55024',REQUEST_PROTOCOL='http/1.1',REQUEST_URL='https://project-travel-mate.herokuapp.com/api/get-city-information/1',
08-03 20:20:27.659  1770  1834 I art     : Starting a blocking GC Explicit
08-03 20:20:27.684  1770  1834 I art     : Explicit concurrent mark sweep GC freed 162(12KB) AllocSpace objects, 3(272KB) LOS objects, 27% free, 43MB/59MB, paused 698us total 25.087ms
08-03 20:20:27.812 13866 13866 I GoogleInputMethodServic: GoogleInputMethodService.onFinishInput():3138 
08-03 20:20:27.813 13866 13866 I GoogleInputMethodServic: GoogleInputMethodService.onStartInput():1808 
08-03 20:20:27.983  1728  1728 I ServiceManager: Waiting for service AtCmdFwd...
08-03 20:20:28.005  1770  1834 I art     : Starting a blocking GC Explicit
08-03 20:20:28.040  1770  1834 I art     : Explicit concurrent mark sweep GC freed 3976(1334KB) AllocSpace objects, 19(4MB) LOS objects, 29% free, 38MB/54MB, paused 662us total 34.897ms
08-03 20:20:28.052  1770  1834 I art     : Starting a blocking GC Explicit
08-03 20:20:28.080  1770  1834 I art     : Explicit concurrent mark sweep GC freed 281(6KB) AllocSpace objects, 0(0B) LOS objects, 29% free, 38MB/54MB, paused 424us total 27.114ms
08-03 20:20:28.092  1770  1834 I art     : Starting a blocking GC Explicit
08-03 20:20:28.118  1770  1834 I art     : Explicit concurrent mark sweep GC freed 148(2528B) AllocSpace objects, 0(0B) LOS objects, 29% free, 38MB/54MB, paused 530us total 26.446ms
08-03 20:20:28.130  1770  1834 I art     : Starting a blocking GC Explicit
08-03 20:20:28.158  1770  1834 I art     : Explicit concurrent mark sweep GC freed 219(3KB) AllocSpace objects, 0(0B) LOS objects, 29% free, 38MB/54MB, paused 414us total 27.197ms
08-03 20:20:28.170  1770  1834 I art     : Starting a blocking GC Explicit
08-03 20:20:28.198  1770  1834 I art     : Explicit concurrent mark sweep GC freed 147(2496B) AllocSpace objects, 0(0B) LOS objects, 29% free, 38MB/54MB, paused 421us total 27.377ms
08-03 20:20:28.532  1770  2041 I art     : Starting a blocking GC Explicit
08-03 20:20:28.562  1770  2041 I art     : Explicit concurrent mark sweep GC freed 3010(108KB) AllocSpace objects, 2(40KB) LOS objects, 29% free, 38MB/54MB, paused 416us total 29.387ms
08-03 20:20:28.574  1770  2041 I art     : Starting a blocking GC Explicit
08-03 20:20:28.602  1770  2041 I art     : Explicit concurrent mark sweep GC freed 167(3KB) AllocSpace objects, 0(0B) LOS objects, 29% free, 38MB/54MB, paused 400us total 26.984ms
08-03 20:20:28.614  1770  2041 I art     : Starting a blocking GC Explicit
08-03 20:20:28.642  1770  2041 I art     : Explicit concurrent mark sweep GC freed 224(3KB) AllocSpace objects, 0(0B) LOS objects, 29% free, 38MB/54MB, paused 396us total 28.184ms
08-03 20:20:28.655  1770  2041 I art     : Starting a blocking GC Explicit
08-03 20:20:28.682  1770  2041 I art     : Explicit concurrent mark sweep GC freed 152(2656B) AllocSpace objects, 0(0B) LOS objects, 29% free, 38MB/54MB, paused 401us total 26.735ms
08-03 20:20:28.696  1770  2041 I art     : Starting a blocking GC Explicit
08-03 20:20:28.723  1770  2041 I art     : Explicit concurrent mark sweep GC freed 224(3KB) AllocSpace objects, 0(0B) LOS objects, 29% free, 38MB/54MB, paused 410us total 26.810ms
08-03 20:20:28.984  1728  1728 I ServiceManager: Waiting for service AtCmdFwd...
08-03 20:20:29.060   518   646 I ThermalEngine: ACTION: GPU - Setting GPU[0] to 450000000
08-03 20:20:29.080  1770  1788 I art     : Starting a blocking GC Explicit
08-03 20:20:29.121  1770  1788 I art     : Explicit concurrent mark sweep GC freed 3097(110KB) AllocSpace objects, 2(40KB) LOS objects, 29% free, 38MB/54MB, paused 636us total 40.049ms
08-03 20:20:29.140  1770  1788 I art     : Starting a blocking GC Explicit
08-03 20:20:29.176  1770  1788 I art     : Explicit concurrent mark sweep GC freed 310(5KB) AllocSpace objects, 0(0B) LOS objects, 29% free, 38MB/54MB, paused 564us total 36.315ms
08-03 20:20:29.193  1770  1788 I art     : Starting a blocking GC Explicit
08-03 20:20:29.229  1770  1788 I art     : Explicit concurrent mark sweep GC freed 219(3KB) AllocSpace objects, 0(0B) LOS objects, 29% free, 38MB/54MB, paused 564us total 35.812ms
08-03 20:20:29.245  1770  1788 I art     : Starting a blocking GC Explicit
08-03 20:20:29.279  1770  1788 I art     : Explicit concurrent mark sweep GC freed 219(3KB) AllocSpace objects, 0(0B) LOS objects, 29% free, 38MB/54MB, paused 630us total 34.292ms
08-03 20:20:29.296  1770  1788 I art     : Starting a blocking GC Explicit
08-03 20:20:29.332  1770  1788 I art     : Explicit concurrent mark sweep GC freed 219(3KB) AllocSpace objects, 0(0B) LOS objects, 29% free, 38MB/54MB, paused 583us total 35.663ms
08-03 20:20:29.726  1770  2041 I art     : Starting a blocking GC Explicit
08-03 20:20:29.762  1770  2041 I art     : Explicit concurrent mark sweep GC freed 3308(114KB) AllocSpace objects, 2(40KB) LOS objects, 29% free, 38MB/54MB, paused 578us total 35.485ms
08-03 20:20:29.779  1770  2041 I art     : Starting a blocking GC Explicit
08-03 20:20:29.814  1770  2041 I art     : Explicit concurrent mark sweep GC freed 255(5KB) AllocSpace objects, 0(0B) LOS objects, 29% free, 38MB/54MB, paused 559us total 35.304ms
08-03 20:20:29.831  1770  2041 I art     : Starting a blocking GC Explicit
08-03 20:20:29.866  1770  2041 I art     : Explicit concurrent mark sweep GC freed 219(3KB) AllocSpace objects, 0(0B) LOS objects, 29% free, 38MB/54MB, paused 548us total 35.495ms
08-03 20:20:29.883  1770  2041 I art     : Starting a blocking GC Explicit
08-03 20:20:29.920  1770  2041 I art     : Explicit concurrent mark sweep GC freed 219(3KB) AllocSpace objects, 0(0B) LOS objects, 29% free, 38MB/54MB, paused 618us total 36.932ms
08-03 20:20:29.936  1770  2041 I art     : Starting a blocking GC Explicit
08-03 20:20:29.973  1770  2041 I art     : Explicit concurrent mark sweep GC freed 224(3KB) AllocSpace objects, 0(0B) LOS objects, 29% free, 38MB/54MB, paused 597us total 35.979ms
08-03 20:20:29.985  1728  1728 I ServiceManager: Waiting for service AtCmdFwd...
08-03 20:20:30.355  1770  1787 I art     : Starting a blocking GC Explicit
08-03 20:20:30.394  1770  1787 I art     : Explicit concurrent mark sweep GC freed 3269(113KB) AllocSpace objects, 2(40KB) LOS objects, 29% free, 38MB/54MB, paused 652us total 38.917ms
08-03 20:20:30.411  1770  1787 I art     : Starting a blocking GC Explicit
08-03 20:20:30.448  1770  1787 I art     : Explicit concurrent mark sweep GC freed 262(4KB) AllocSpace objects, 0(0B) LOS objects, 29% free, 38MB/54MB, paused 546us total 36.998ms
08-03 20:20:30.465  1770  1787 I art     : Starting a blocking GC Explicit
08-03 20:20:30.500  1770  1787 I art     : Explicit concurrent mark sweep GC freed 219(3KB) AllocSpace objects, 0(0B) LOS objects, 29% free, 38MB/54MB, paused 567us total 35.363ms
08-03 20:20:30.517  1770  1787 I art     : Starting a blocking GC Explicit
08-03 20:20:30.553  1770  1787 I art     : Explicit concurrent mark sweep GC freed 219(3KB) AllocSpace objects, 0(0B) LOS objects, 29% free, 38MB/54MB, paused 568us total 36.450ms
08-03 20:20:30.570  1770  1787 I art     : Starting a blocking GC Explicit
08-03 20:20:30.606  1770  1787 I art     : Explicit concurrent mark sweep GC freed 223(3KB) AllocSpace objects, 0(0B) LOS objects, 29% free, 38MB/54MB, paused 644us total 35.247ms
08-03 20:20:30.630   918  3261 D WifiStateMachine: starting scan for "H369AA63323"WPA_PSK with 2412,5180
08-03 20:20:30.985  1728  1728 I ServiceManager: Waiting for service AtCmdFwd...
08-03 20:20:31.007  1770  1834 I art     : Starting a blocking GC Explicit
08-03 20:20:31.047  1770  1834 I art     : Explicit concurrent mark sweep GC freed 3349(114KB) AllocSpace objects, 2(40KB) LOS objects, 29% free, 38MB/54MB, paused 646us total 39.509ms
08-03 20:20:31.065  1770  1834 I art     : Starting a blocking GC Explicit
08-03 20:20:31.099  1770  1834 I art     : Explicit concurrent mark sweep GC freed 254(4KB) AllocSpace objects, 0(0B) LOS objects, 29% free, 38MB/54MB, paused 560us total 34.279ms
08-03 20:20:31.115  1770  1834 I art     : Starting a blocking GC Explicit
08-03 20:20:31.151  1770  1834 I art     : Explicit concurrent mark sweep GC freed 219(3KB) AllocSpace objects, 0(0B) LOS objects, 29% free, 38MB/54MB, paused 566us total 34.960ms
08-03 20:20:31.167  1770  1834 I art     : Starting a blocking GC Explicit
08-03 20:20:31.200  1770  1834 I art     : Explicit concurrent mark sweep GC freed 219(3KB) AllocSpace objects, 0(0B) LOS objects, 29% free, 38MB/54MB, paused 535us total 32.619ms
08-03 20:20:31.216  1770  1834 I art     : Starting a blocking GC Explicit
08-03 20:20:31.250  1770  1834 I art     : Explicit concurrent mark sweep GC freed 219(3KB) AllocSpace objects, 0(0B) LOS objects, 29% free, 38MB/54MB, paused 535us total 33.758ms
08-03 20:20:31.644  1770  1788 I art     : Starting a blocking GC Explicit
08-03 20:20:31.681  1770  1788 I art     : Explicit concurrent mark sweep GC freed 3298(113KB) AllocSpace objects, 2(40KB) LOS objects, 29% free, 38MB/54MB, paused 627us total 36.538ms
08-03 20:20:31.697  1770  1788 I art     : Starting a blocking GC Explicit
08-03 20:20:31.732  1770  1788 I art     : Explicit concurrent mark sweep GC freed 239(4KB) AllocSpace objects, 0(0B) LOS objects, 29% free, 38MB/54MB, paused 557us total 34.700ms
08-03 20:20:31.748  1770  1788 I art     : Starting a blocking GC Explicit
08-03 20:20:31.750  2225  2225 D AndroidRuntime: >>>>>> START com.android.internal.os.RuntimeInit uid 2000 <<<<<<
08-03 20:20:31.756  2225  2225 D AndroidRuntime: CheckJNI is OFF
08-03 20:20:31.782  1770  1788 I art     : Explicit concurrent mark sweep GC freed 219(3KB) AllocSpace objects, 0(0B) LOS objects, 29% free, 38MB/54MB, paused 576us total 33.594ms
08-03 20:20:31.798  1770  1788 I art     : Starting a blocking GC Explicit
08-03 20:20:31.803  2225  2225 D ICU     : No timezone override file found: /data/misc/zoneinfo/current/icu/icu_tzdata.dat
08-03 20:20:31.833  1770  1788 I art     : Explicit concurrent mark sweep GC freed 219(3KB) AllocSpace objects, 0(0B) LOS objects, 29% free, 38MB/54MB, paused 550us total 34.190ms
08-03 20:20:31.848  2225  2225 I Radio-JNI: register_android_hardware_Radio DONE
08-03 20:20:31.849  1770  1788 I art     : Starting a blocking GC Explicit
08-03 20:20:31.878  2225  2225 D AndroidRuntime: Calling main entry com.android.commands.input.Input
08-03 20:20:31.880  2225  2225 I Input   : injectKeyEvent: KeyEvent { action=ACTION_DOWN, keyCode=KEYCODE_BACK, scanCode=0, metaState=0, flags=0x0, repeatCount=0, eventTime=649248292, downTime=649248292, deviceId=-1, source=0x101 }
08-03 20:20:31.883  1770  1788 I art     : Explicit concurrent mark sweep GC freed 219(3KB) AllocSpace objects, 0(0B) LOS objects, 29% free, 38MB/54MB, paused 531us total 34.164ms
08-03 20:20:31.888  2225  2225 I Input   : injectKeyEvent: KeyEvent { action=ACTION_UP, keyCode=KEYCODE_BACK, scanCode=0, metaState=0, flags=0x0, repeatCount=0, eventTime=649248292, downTime=649248292, deviceId=-1, source=0x101 }
08-03 20:20:31.898  2225  2225 D AndroidRuntime: Shutting down VM
08-03 20:20:31.934 13866 13866 I GoogleInputMethodServic: GoogleInputMethodService.onFinishInput():3138 
08-03 20:20:31.935 13866 13866 I GoogleInputMethodServic: GoogleInputMethodService.onStartInput():1808 
08-03 20:20:31.985  1728  1728 I ServiceManager: Waiting for service AtCmdFwd...
08-03 20:20:32.066   518   646 I ThermalEngine: ACTION: GPU - Setting GPU[0] to 510000000
08-03 20:20:32.206  1770  1834 I art     : Starting a blocking GC Explicit
08-03 20:20:32.237  1770  1834 I art     : Explicit concurrent mark sweep GC freed 3041(111KB) AllocSpace objects, 2(40KB) LOS objects, 29% free, 38MB/54MB, paused 448us total 31.113ms
08-03 20:20:32.239   380   380 W SurfaceFlinger: couldn't log to binary event log: overflow.
08-03 20:20:32.253  1770  1834 I art     : Starting a blocking GC Explicit
08-03 20:20:32.278  1770  1834 I art     : Explicit concurrent mark sweep GC freed 220(4KB) AllocSpace objects, 1(188KB) LOS objects, 29% free, 38MB/54MB, paused 469us total 25.073ms
08-03 20:20:32.290  1770  1834 I art     : Starting a blocking GC Explicit
08-03 20:20:32.314  1770  1834 I art     : Explicit concurrent mark sweep GC freed 4765(339KB) AllocSpace objects, 7(132KB) LOS objects, 29% free, 38MB/54MB, paused 385us total 23.906ms
08-03 20:20:32.325  1770  1834 I art     : Starting a blocking GC Explicit
08-03 20:20:32.350  1770  1834 I art     : Explicit concurrent mark sweep GC freed 105(1984B) AllocSpace objects, 0(0B) LOS objects, 29% free, 38MB/54MB, paused 401us total 24.378ms
08-03 20:20:32.362  1770  1834 I art     : Starting a blocking GC Explicit
08-03 20:20:32.385  1770  1834 I art     : Explicit concurrent mark sweep GC freed 99(1696B) AllocSpace objects, 0(0B) LOS objects, 29% free, 38MB/54MB, paused 376us total 22.902ms
08-03 20:20:32.731  1770  1788 I art     : Starting a blocking GC Explicit
08-03 20:20:32.759  1770  1788 I art     : Explicit concurrent mark sweep GC freed 2552(102KB) AllocSpace objects, 2(40KB) LOS objects, 29% free, 38MB/54MB, paused 455us total 28.346ms
08-03 20:20:32.774  1770  1788 I art     : Starting a blocking GC Explicit
08-03 20:20:32.801  1770  1788 I art     : Explicit concurrent mark sweep GC freed 128(2928B) AllocSpace objects, 0(0B) LOS objects, 29% free, 38MB/54MB, paused 429us total 26.855ms
08-03 20:20:32.813  1770  1788 I art     : Starting a blocking GC Explicit
08-03 20:20:32.839  1770  1788 I art     : Explicit concurrent mark sweep GC freed 100(1728B) AllocSpace objects, 0(0B) LOS objects, 29% free, 38MB/54MB, paused 410us total 25.299ms
08-03 20:20:32.851  1770  1788 I art     : Starting a blocking GC Explicit
08-03 20:20:32.876  1770  1788 I art     : Explicit concurrent mark sweep GC freed 147(2496B) AllocSpace objects, 0(0B) LOS objects, 29% free, 38MB/54MB, paused 416us total 25.315ms
08-03 20:20:32.889  1770  1788 I art     : Starting a blocking GC Explicit
08-03 20:20:32.916  1770  1788 I art     : Explicit concurrent mark sweep GC freed 98(1664B) AllocSpace objects, 0(0B) LOS objects, 29% free, 38MB/54MB, paused 430us total 25.895ms
08-03 20:20:32.986  1728  1728 W Atfwd_Sendcmd: AtCmdFwd service not published, waiting... retryCnt : 5
08-03 20:20:33.071   518   646 I ThermalEngine: ACTION: GPU - Setting GPU[0] to 450000000
08-03 20:20:33.262  1770  1787 I art     : Starting a blocking GC Explicit
08-03 20:20:33.294  1770  1787 I art     : Explicit concurrent mark sweep GC freed 2529(101KB) AllocSpace objects, 2(40KB) LOS objects, 29% free, 38MB/54MB, paused 561us total 31.355ms
08-03 20:20:33.309  1770  1787 I art     : Starting a blocking GC Explicit
08-03 20:20:33.337  1770  1787 I art     : Explicit concurrent mark sweep GC freed 118(2384B) AllocSpace objects, 0(0B) LOS objects, 29% free, 38MB/54MB, paused 538us total 27.913ms
08-03 20:20:33.352  1770  1787 I art     : Starting a blocking GC Explicit
08-03 20:20:33.381  1770  1787 I art     : Explicit concurrent mark sweep GC freed 148(2528B) AllocSpace objects, 0(0B) LOS objects, 29% free, 38MB/54MB, paused 541us total 28.189ms
08-03 20:20:33.396  1770  1787 I art     : Starting a blocking GC Explicit
08-03 20:20:33.426  1770  1787 I art     : Explicit concurrent mark sweep GC freed 109(1856B) AllocSpace objects, 0(0B) LOS objects, 29% free, 38MB/54MB, paused 630us total 30.085ms
08-03 20:20:33.442  1770  1787 I art     : Starting a blocking GC Explicit
08-03 20:20:33.475  1770  1787 I art     : Explicit concurrent mark sweep GC freed 137(2320B) AllocSpace objects, 0(0B) LOS objects, 29% free, 38MB/54MB, paused 671us total 32.851ms
08-03 20:20:33.664  2281  2281 D AndroidRuntime: >>>>>> START com.android.internal.os.RuntimeInit uid 2000 <<<<<<
08-03 20:20:33.671  2281  2281 D AndroidRuntime: CheckJNI is OFF
08-03 20:20:33.713  2281  2281 D ICU     : No timezone override file found: /data/misc/zoneinfo/current/icu/icu_tzdata.dat
08-03 20:20:33.754  2281  2281 I Radio-JNI: register_android_hardware_Radio DONE
08-03 20:20:33.783  2281  2281 D AndroidRuntime: Calling main entry com.android.commands.input.Input
08-03 20:20:33.785  2281  2281 I Input   : injectMotionEvent: MotionEvent { action=ACTION_DOWN, actionButton=0, id[0]=0, x[0]=504.0, y[0]=1706.0, toolType[0]=TOOL_TYPE_UNKNOWN, buttonState=0, metaState=0, flags=0x0, edgeFlags=0x0, pointerCount=1, historySize=0, eventTime=649250197, downTime=649250197, deviceId=0, source=0x1002 }
08-03 20:20:33.789  2281  2281 I Input   : injectMotionEvent: MotionEvent { action=ACTION_UP, actionButton=0, id[0]=0, x[0]=504.0, y[0]=1706.0, toolType[0]=TOOL_TYPE_UNKNOWN, buttonState=0, metaState=0, flags=0x0, edgeFlags=0x0, pointerCount=1, historySize=0, eventTime=649250197, downTime=649250197, deviceId=0, source=0x1002 }
08-03 20:20:33.792  2281  2281 D AndroidRuntime: Shutting down VM
08-03 20:20:33.792   512  2967 D audio_hw_primary: out_set_parameters: enter: usecase(1: low-latency-playback) kvpairs: routing=2
08-03 20:20:33.798   918  6110 I ActivityManager: START u0 {cmp=baseline.io.github.project_travel_mate/.destinations.funfacts.FunFactsActivity (has extras)} from uid 10623 on display 0
08-03 20:20:33.805   512  2967 D audio_hw_primary: select_devices: out_snd_device(2: speaker) in_snd_device(0: none)
08-03 20:20:33.805   512  2967 D msm8974_platform: platform_send_audio_calibration: sending audio calibration for snd_device(2) acdb_id(15)
08-03 20:20:33.805   512  2967 I soundtrigger: audio_extn_sound_trigger_update_device_status: device 0x2 of type 0 for Event 1
08-03 20:20:33.816   512  2967 D audio_hw_primary: enable_snd_device: snd_device(2: speaker)
08-03 20:20:33.819   512  2967 D audio_hw_primary: enable_audio_route: apply and update mixer path: low-latency-playback speaker
08-03 20:20:33.830  1770  1854 D Gabe    : call	returning from cache
08-03 20:20:33.833  1770  1770 V EXECUTING: https://project-travel-mate.herokuapp.com/api/get-city-facts/1
08-03 20:20:33.873  1770  1788 I art     : Starting a blocking GC Explicit
08-03 20:20:33.910  1770  1788 I art     : Explicit concurrent mark sweep GC freed 4556(286KB) AllocSpace objects, 2(40KB) LOS objects, 27% free, 42MB/58MB, paused 1.072ms total 36.589ms
08-03 20:20:33.926  1770  1788 I art     : Starting a blocking GC Explicit
08-03 20:20:33.957  1770  1788 I art     : Explicit concurrent mark sweep GC freed 211(11KB) AllocSpace objects, 0(0B) LOS objects, 27% free, 42MB/58MB, paused 1.034ms total 31.266ms
08-03 20:20:33.973  1770  1788 I art     : Starting a blocking GC Explicit
08-03 20:20:33.991 13866 13866 I GoogleInputMethodServic: GoogleInputMethodService.onFinishInput():3138 
08-03 20:20:33.991 13866 13866 I GoogleInputMethodServic: GoogleInputMethodService.onStartInput():1808 
08-03 20:20:33.992   918   936 I ActivityManager: Displayed baseline.io.github.project_travel_mate/.destinations.funfacts.FunFactsActivity: +183ms
08-03 20:20:34.004  1770  1788 I art     : Explicit concurrent mark sweep GC freed 136(2832B) AllocSpace objects, 0(0B) LOS objects, 27% free, 42MB/58MB, paused 851us total 30.882ms
08-03 20:20:34.020  1770  1788 I art     : Starting a blocking GC Explicit
08-03 20:20:34.053  1770  1788 I art     : Explicit concurrent mark sweep GC freed 19(384B) AllocSpace objects, 0(0B) LOS objects, 27% free, 42MB/58MB, paused 767us total 32.488ms
08-03 20:20:34.070  1770  1788 I art     : Starting a blocking GC Explicit
08-03 20:20:34.101  1770  1788 I art     : Explicit concurrent mark sweep GC freed 226(3KB) AllocSpace objects, 0(0B) LOS objects, 27% free, 42MB/58MB, paused 585us total 30.793ms
08-03 20:20:34.245   380   380 W SurfaceFlinger: couldn't log to binary event log: overflow.
08-03 20:20:34.359   512  2967 D audio_hw_primary: disable_audio_route: reset and update mixer path: low-latency-playback speaker
08-03 20:20:34.361   512  2967 D audio_hw_primary: disable_snd_device: snd_device(2: speaker)
08-03 20:20:34.372   512  2967 I soundtrigger: audio_extn_sound_trigger_update_device_status: device 0x2 of type 0 for Event 0
08-03 20:20:34.382  1770  2307 I NAPPA_EXPERIMENTATION: MetricNetworkRequestExecutionTime: REQUEST_DURATION_SYSTEM='546',REQUEST_DURATION_OKHTTP='40',REQUEST_SYNCHRONOUS='FALSE',RESPONSE_CODE='200',RESPONSE_METHOD='GET',RESPONSE_LENGTH_OKHTTP='1793',RESPONSE_LENGTH_HEADER='1793',REQUEST_PROTOCOL='http/1.1',REQUEST_URL='https://project-travel-mate.herokuapp.com/api/get-city-facts/1',
08-03 20:20:34.386  1770  2307 V EXECUTING: https://project-travel-mate.herokuapp.com/api/get-city-images/1
08-03 20:20:34.435  1770  1834 I art     : Starting a blocking GC Explicit
08-03 20:20:34.462  1770  1834 I art     : Explicit concurrent mark sweep GC freed 5976(287KB) AllocSpace objects, 5(240KB) LOS objects, 27% free, 43MB/59MB, paused 644us total 26.256ms
08-03 20:20:34.474  1770  1834 I art     : Starting a blocking GC Explicit
08-03 20:20:34.500  1770  1834 I art     : Explicit concurrent mark sweep GC freed 991(117KB) AllocSpace objects, 0(0B) LOS objects, 27% free, 43MB/59MB, paused 634us total 25.602ms
08-03 20:20:34.513  1770  1834 I art     : Starting a blocking GC Explicit
08-03 20:20:34.537  1770  1834 I art     : Explicit concurrent mark sweep GC freed 123(2080B) AllocSpace objects, 0(0B) LOS objects, 27% free, 43MB/59MB, paused 665us total 24.679ms
08-03 20:20:34.550  1770  1834 I art     : Starting a blocking GC Explicit
08-03 20:20:34.574  1770  1834 I art     : Explicit concurrent mark sweep GC freed 44(752B) AllocSpace objects, 0(0B) LOS objects, 27% free, 43MB/59MB, paused 540us total 24.343ms
08-03 20:20:34.587  1770  1834 I art     : Starting a blocking GC Explicit
08-03 20:20:34.612  1770  1834 I art     : Explicit concurrent mark sweep GC freed 107(1856B) AllocSpace objects, 0(0B) LOS objects, 27% free, 43MB/59MB, paused 761us total 25.220ms
08-03 20:20:34.881  1770  2319 I NAPPA_EXPERIMENTATION: MetricNetworkRequestExecutionTime: REQUEST_DURATION_SYSTEM='493',REQUEST_DURATION_OKHTTP='35',REQUEST_SYNCHRONOUS='FALSE',RESPONSE_CODE='200',RESPONSE_METHOD='GET',RESPONSE_LENGTH_OKHTTP='183',RESPONSE_LENGTH_HEADER='183',REQUEST_PROTOCOL='http/1.1',REQUEST_URL='https://project-travel-mate.herokuapp.com/api/get-city-images/1',
08-03 20:20:34.913  1770  2041 I art     : Starting a blocking GC Explicit
08-03 20:20:34.919  1770  2319 V RESPONSE: [{"id":17,"image_url":"https://upload.wikimedia.org/wikipedia/commons/9/94/%E0%B4%96%E0%B5%81%E0%B4%A4%E0%B5%8D%E0%B4%AC%E0%B5%8D_%E0%B4%AE%E0%B4%BF%E0%B4%A8%E0%B4%BE%E0%B5%BC1.jpg"}]
08-03 20:20:34.940  1770  2041 I art     : Explicit concurrent mark sweep GC freed 4960(241KB) AllocSpace objects, 5(240KB) LOS objects, 26% free, 43MB/59MB, paused 648us total 26.758ms
08-03 20:20:34.952  1770  2041 I art     : Starting a blocking GC Explicit
08-03 20:20:34.978  1770  2041 I art     : Explicit concurrent mark sweep GC freed 1174(123KB) AllocSpace objects, 0(0B) LOS objects, 26% free, 43MB/59MB, paused 630us total 25.578ms
08-03 20:20:34.990  1770  2041 I art     : Starting a blocking GC Explicit
08-03 20:20:35.016  1770  2041 I art     : Explicit concurrent mark sweep GC freed 190(26KB) AllocSpace objects, 0(0B) LOS objects, 26% free, 43MB/59MB, paused 568us total 25.105ms
08-03 20:20:35.027  1770  2041 I art     : Starting a blocking GC Explicit
08-03 20:20:35.054  1770  2041 I art     : Explicit concurrent mark sweep GC freed 3069(157KB) AllocSpace objects, 0(0B) LOS objects, 26% free, 43MB/59MB, paused 778us total 26.738ms
08-03 20:20:35.066  1770  2041 I art     : Starting a blocking GC Explicit
08-03 20:20:35.095  1770  2041 I art     : Explicit concurrent mark sweep GC freed 313(18KB) AllocSpace objects, 0(0B) LOS objects, 26% free, 43MB/59MB, paused 603us total 29.407ms
08-03 20:20:35.465  1770  1834 I art     : Starting a blocking GC Explicit
08-03 20:20:35.507  1770  1834 I art     : Explicit concurrent mark sweep GC freed 3070(111KB) AllocSpace objects, 3(4MB) LOS objects, 28% free, 39MB/55MB, paused 614us total 42.029ms
08-03 20:20:35.527  1770  1834 I art     : Starting a blocking GC Explicit
08-03 20:20:35.565  1770  1834 I art     : Explicit concurrent mark sweep GC freed 309(5KB) AllocSpace objects, 0(0B) LOS objects, 28% free, 39MB/55MB, paused 648us total 37.646ms
08-03 20:20:35.581  1770  1834 I art     : Starting a blocking GC Explicit
08-03 20:20:35.618  1770  1834 I art     : Explicit concurrent mark sweep GC freed 232(4KB) AllocSpace objects, 0(0B) LOS objects, 28% free, 39MB/55MB, paused 637us total 36.401ms
08-03 20:20:35.634  1770  1834 I art     : Starting a blocking GC Explicit
08-03 20:20:35.672  1770  1834 I art     : Explicit concurrent mark sweep GC freed 235(4KB) AllocSpace objects, 0(0B) LOS objects, 28% free, 39MB/55MB, paused 620us total 36.973ms
08-03 20:20:35.688  1770  1834 I art     : Starting a blocking GC Explicit
08-03 20:20:35.725  1770  1834 I art     : Explicit concurrent mark sweep GC freed 219(3KB) AllocSpace objects, 0(0B) LOS objects, 28% free, 39MB/55MB, paused 635us total 36.706ms
08-03 20:20:36.124  1770  2041 I art     : Starting a blocking GC Explicit
08-03 20:20:36.162  1770  2041 I art     : Explicit concurrent mark sweep GC freed 3299(113KB) AllocSpace objects, 2(40KB) LOS objects, 28% free, 39MB/55MB, paused 694us total 37.789ms
08-03 20:20:36.179  1770  2041 I art     : Starting a blocking GC Explicit
08-03 20:20:36.215  1770  2041 I art     : Explicit concurrent mark sweep GC freed 283(4KB) AllocSpace objects, 0(0B) LOS objects, 28% free, 39MB/55MB, paused 829us total 36.281ms
08-03 20:20:36.232  1770  2041 I art     : Starting a blocking GC Explicit
08-03 20:20:36.268  1770  2041 I art     : Explicit concurrent mark sweep GC freed 245(4KB) AllocSpace objects, 0(0B) LOS objects, 28% free, 39MB/55MB, paused 665us total 36.145ms
08-03 20:20:36.284  1770  2041 I art     : Starting a blocking GC Explicit
08-03 20:20:36.320  1770  2041 I art     : Explicit concurrent mark sweep GC freed 220(3KB) AllocSpace objects, 0(0B) LOS objects, 28% free, 39MB/55MB, paused 633us total 35.655ms
08-03 20:20:36.337  1770  2041 I art     : Starting a blocking GC Explicit
08-03 20:20:36.372  1770  2041 I art     : Explicit concurrent mark sweep GC freed 219(3KB) AllocSpace objects, 0(0B) LOS objects, 28% free, 39MB/55MB, paused 645us total 35.210ms
08-03 20:20:36.570  2353  2353 D AndroidRuntime: >>>>>> START com.android.internal.os.RuntimeInit uid 2000 <<<<<<
08-03 20:20:36.575  2353  2353 D AndroidRuntime: CheckJNI is OFF
08-03 20:20:36.615  2353  2353 D ICU     : No timezone override file found: /data/misc/zoneinfo/current/icu/icu_tzdata.dat
08-03 20:20:36.657  2353  2353 I Radio-JNI: register_android_hardware_Radio DONE
08-03 20:20:36.686  2353  2353 D AndroidRuntime: Calling main entry com.android.commands.input.Input
08-03 20:20:36.687  2353  2353 I Input   : injectKeyEvent: KeyEvent { action=ACTION_DOWN, keyCode=KEYCODE_BACK, scanCode=0, metaState=0, flags=0x0, repeatCount=0, eventTime=649253101, downTime=649253101, deviceId=-1, source=0x101 }
08-03 20:20:36.692  2353  2353 I Input   : injectKeyEvent: KeyEvent { action=ACTION_UP, keyCode=KEYCODE_BACK, scanCode=0, metaState=0, flags=0x0, repeatCount=0, eventTime=649253101, downTime=649253101, deviceId=-1, source=0x101 }
08-03 20:20:36.701  2353  2353 D AndroidRuntime: Shutting down VM
08-03 20:20:36.740 13866 13866 I GoogleInputMethodServic: GoogleInputMethodService.onFinishInput():3138 
08-03 20:20:36.740 13866 13866 I GoogleInputMethodServic: GoogleInputMethodService.onStartInput():1808 
08-03 20:20:36.753  1770  1788 I art     : Starting a blocking GC Explicit
08-03 20:20:36.789  1770  1788 I art     : Explicit concurrent mark sweep GC freed 3258(115KB) AllocSpace objects, 2(40KB) LOS objects, 28% free, 39MB/55MB, paused 645us total 35.964ms
08-03 20:20:36.805  1770  1788 I art     : Starting a blocking GC Explicit
08-03 20:20:36.835  1770  1788 I art     : Explicit concurrent mark sweep GC freed 243(4KB) AllocSpace objects, 0(0B) LOS objects, 28% free, 39MB/55MB, paused 561us total 30.182ms
08-03 20:20:36.852  1770  1788 I art     : Starting a blocking GC Explicit
08-03 20:20:36.890  1770  1788 I art     : Explicit concurrent mark sweep GC freed 219(3KB) AllocSpace objects, 0(0B) LOS objects, 28% free, 39MB/55MB, paused 609us total 37.895ms
08-03 20:20:36.909  1770  1788 I art     : Starting a blocking GC Explicit
08-03 20:20:36.952  1770  1788 I art     : Explicit concurrent mark sweep GC freed 291(4KB) AllocSpace objects, 0(0B) LOS objects, 28% free, 39MB/55MB, paused 852us total 42.918ms
08-03 20:20:36.970  1770  1788 I art     : Starting a blocking GC Explicit
08-03 20:20:37.011  1770  1788 I art     : Explicit concurrent mark sweep GC freed 220(3KB) AllocSpace objects, 0(0B) LOS objects, 28% free, 39MB/55MB, paused 691us total 40.434ms
08-03 20:20:37.044   380   380 W SurfaceFlinger: couldn't log to binary event log: overflow.
08-03 20:20:37.376  1770  2041 I art     : Starting a blocking GC Explicit
08-03 20:20:37.396   918  3188 I hubconnection: sensorhub said: 'set_bias 3: -6.0000, 0.0000, 0.0000'
08-03 20:20:37.415  1770  2041 I art     : Explicit concurrent mark sweep GC freed 3441(140KB) AllocSpace objects, 4(404KB) LOS objects, 29% free, 38MB/54MB, paused 690us total 38.367ms
08-03 20:20:37.434  1770  2041 I art     : Starting a blocking GC Explicit
08-03 20:20:37.467  1770  2041 I art     : Explicit concurrent mark sweep GC freed 5608(268KB) AllocSpace objects, 1(28KB) LOS objects, 29% free, 38MB/54MB, paused 594us total 32.235ms
08-03 20:20:37.482  1770  2041 I art     : Starting a blocking GC Explicit
08-03 20:20:37.514  1770  2041 I art     : Explicit concurrent mark sweep GC freed 129(2176B) AllocSpace objects, 0(0B) LOS objects, 29% free, 38MB/54MB, paused 679us total 31.164ms
08-03 20:20:37.530  1770  2041 I art     : Starting a blocking GC Explicit
08-03 20:20:37.562  1770  2041 I art     : Explicit concurrent mark sweep GC freed 126(2160B) AllocSpace objects, 0(0B) LOS objects, 29% free, 38MB/54MB, paused 666us total 32.098ms
08-03 20:20:37.578  1770  2041 I art     : Starting a blocking GC Explicit
08-03 20:20:37.611  1770  2041 I art     : Explicit concurrent mark sweep GC freed 137(2320B) AllocSpace objects, 0(0B) LOS objects, 29% free, 38MB/54MB, paused 599us total 32.556ms
08-03 20:20:37.973  1770  1834 I art     : Starting a blocking GC Explicit
08-03 20:20:38.003  1770  1834 I art     : Explicit concurrent mark sweep GC freed 2581(101KB) AllocSpace objects, 2(40KB) LOS objects, 29% free, 38MB/54MB, paused 619us total 30.115ms
08-03 20:20:38.019  1770  1834 I art     : Starting a blocking GC Explicit
08-03 20:20:38.050  1770  1834 I art     : Explicit concurrent mark sweep GC freed 166(3KB) AllocSpace objects, 0(0B) LOS objects, 29% free, 38MB/54MB, paused 601us total 30.736ms
08-03 20:20:38.065  1770  1834 I art     : Starting a blocking GC Explicit
08-03 20:20:38.097  1770  1834 I art     : Explicit concurrent mark sweep GC freed 117(1984B) AllocSpace objects, 0(0B) LOS objects, 29% free, 38MB/54MB, paused 853us total 31.533ms
08-03 20:20:38.113  1770  1834 I art     : Starting a blocking GC Explicit
08-03 20:20:38.145  1770  1834 I art     : Explicit concurrent mark sweep GC freed 128(2176B) AllocSpace objects, 0(0B) LOS objects, 29% free, 38MB/54MB, paused 603us total 32.089ms
08-03 20:20:38.161  1770  1834 I art     : Starting a blocking GC Explicit
08-03 20:20:38.192  1770  1834 I art     : Explicit concurrent mark sweep GC freed 148(2528B) AllocSpace objects, 0(0B) LOS objects, 29% free, 38MB/54MB, paused 612us total 30.979ms
08-03 20:20:38.468  2400  2400 D AndroidRuntime: >>>>>> START com.android.internal.os.RuntimeInit uid 2000 <<<<<<
08-03 20:20:38.474  2400  2400 D AndroidRuntime: CheckJNI is OFF
08-03 20:20:38.516  2400  2400 D ICU     : No timezone override file found: /data/misc/zoneinfo/current/icu/icu_tzdata.dat
08-03 20:20:38.536  1770  2379 I art     : Starting a blocking GC Explicit
08-03 20:20:38.558  2400  2400 I Radio-JNI: register_android_hardware_Radio DONE
08-03 20:20:38.570  1770  2379 I art     : Explicit concurrent mark sweep GC freed 2538(101KB) AllocSpace objects, 2(40KB) LOS objects, 29% free, 38MB/54MB, paused 681us total 33.801ms
08-03 20:20:38.587  1770  2379 I art     : Starting a blocking GC Explicit
08-03 20:20:38.588  2400  2400 D AndroidRuntime: Calling main entry com.android.commands.input.Input
08-03 20:20:38.590  2400  2400 I Input   : injectMotionEvent: MotionEvent { action=ACTION_DOWN, actionButton=0, id[0]=0, x[0]=504.0, y[0]=1706.0, toolType[0]=TOOL_TYPE_UNKNOWN, buttonState=0, metaState=0, flags=0x0, edgeFlags=0x0, pointerCount=1, historySize=0, eventTime=649255002, downTime=649255002, deviceId=0, source=0x1002 }
08-03 20:20:38.596  2400  2400 I Input   : injectMotionEvent: MotionEvent { action=ACTION_UP, actionButton=0, id[0]=0, x[0]=504.0, y[0]=1706.0, toolType[0]=TOOL_TYPE_UNKNOWN, buttonState=0, metaState=0, flags=0x0, edgeFlags=0x0, pointerCount=1, historySize=0, eventTime=649255002, downTime=649255002, deviceId=0, source=0x1002 }
08-03 20:20:38.603  2400  2400 D AndroidRuntime: Shutting down VM
08-03 20:20:38.605   512  2967 D audio_hw_primary: out_set_parameters: enter: usecase(1: low-latency-playback) kvpairs: routing=2
08-03 20:20:38.611   918  3714 I ActivityManager: START u0 {cmp=baseline.io.github.project_travel_mate/.destinations.funfacts.FunFactsActivity (has extras)} from uid 10623 on display 0
08-03 20:20:38.618   512  2967 D audio_hw_primary: select_devices: out_snd_device(2: speaker) in_snd_device(0: none)
08-03 20:20:38.618   512  2967 D msm8974_platform: platform_send_audio_calibration: sending audio calibration for snd_device(2) acdb_id(15)
08-03 20:20:38.618   512  2967 I soundtrigger: audio_extn_sound_trigger_update_device_status: device 0x2 of type 0 for Event 1
08-03 20:20:38.621  1770  2379 I art     : Explicit concurrent mark sweep GC freed 1233(120KB) AllocSpace objects, 0(0B) LOS objects, 29% free, 38MB/54MB, paused 802us total 33.854ms
08-03 20:20:38.630   512  2967 D audio_hw_primary: enable_snd_device: snd_device(2: speaker)
08-03 20:20:38.632   512  2967 D audio_hw_primary: enable_audio_route: apply and update mixer path: low-latency-playback speaker
08-03 20:20:38.637  1770  1854 D Gabe    : call	returning from cache
08-03 20:20:38.641  1770  2379 I art     : Starting a blocking GC Explicit
08-03 20:20:38.642  1770  1770 V EXECUTING: https://project-travel-mate.herokuapp.com/api/get-city-facts/1
08-03 20:20:38.670  1770  2379 I art     : Explicit concurrent mark sweep GC freed 1584(134KB) AllocSpace objects, 0(0B) LOS objects, 29% free, 38MB/54MB, paused 670us total 29.676ms
08-03 20:20:38.685  1770  2379 I art     : Starting a blocking GC Explicit
08-03 20:20:38.719  1770  2379 I art     : Explicit concurrent mark sweep GC freed 641(22KB) AllocSpace objects, 0(0B) LOS objects, 27% free, 43MB/59MB, paused 965us total 33.437ms
08-03 20:20:38.735  1770  2379 I art     : Starting a blocking GC Explicit
08-03 20:20:38.766  1770  2379 I art     : Explicit concurrent mark sweep GC freed 101(6KB) AllocSpace objects, 0(0B) LOS objects, 27% free, 43MB/59MB, paused 650us total 31.082ms
08-03 20:20:38.786   918   936 I ActivityManager: Displayed baseline.io.github.project_travel_mate/.destinations.funfacts.FunFactsActivity: +163ms
08-03 20:20:38.787 13866 13866 I GoogleInputMethodServic: GoogleInputMethodService.onFinishInput():3138 
08-03 20:20:38.788 13866 13866 I GoogleInputMethodServic: GoogleInputMethodService.onStartInput():1808 
08-03 20:20:39.047   380   380 W SurfaceFlinger: couldn't log to binary event log: overflow.
08-03 20:20:39.108  1770  2379 I art     : Starting a blocking GC Explicit
08-03 20:20:39.144  1770  2379 I art     : Explicit concurrent mark sweep GC freed 3929(182KB) AllocSpace objects, 4(160KB) LOS objects, 26% free, 43MB/59MB, paused 981us total 35.655ms
08-03 20:20:39.161  1770  2379 I art     : Starting a blocking GC Explicit
08-03 20:20:39.169   512  2967 D audio_hw_primary: disable_audio_route: reset and update mixer path: low-latency-playback speaker
08-03 20:20:39.170   512  2967 D audio_hw_primary: disable_snd_device: snd_device(2: speaker)
08-03 20:20:39.178   512  2967 I soundtrigger: audio_extn_sound_trigger_update_device_status: device 0x2 of type 0 for Event 0
08-03 20:20:39.195  1770  2428 I NAPPA_EXPERIMENTATION: MetricNetworkRequestExecutionTime: REQUEST_DURATION_SYSTEM='552',REQUEST_DURATION_OKHTTP='36',REQUEST_SYNCHRONOUS='FALSE',RESPONSE_CODE='200',RESPONSE_METHOD='GET',RESPONSE_LENGTH_OKHTTP='1793',RESPONSE_LENGTH_HEADER='1793',REQUEST_PROTOCOL='http/1.1',REQUEST_URL='https://project-travel-mate.herokuapp.com/api/get-city-facts/1',
08-03 20:20:39.195  1770  2379 I art     : Explicit concurrent mark sweep GC freed 2574(171KB) AllocSpace objects, 1(80KB) LOS objects, 27% free, 43MB/59MB, paused 1.064ms total 34.095ms
08-03 20:20:39.196  1770  2428 V EXECUTING: https://project-travel-mate.herokuapp.com/api/get-city-images/1
08-03 20:20:39.211  1770  2379 I art     : Starting a blocking GC Explicit
08-03 20:20:39.244  1770  2379 I art     : Explicit concurrent mark sweep GC freed 648(53KB) AllocSpace objects, 0(0B) LOS objects, 26% free, 43MB/59MB, paused 922us total 32.711ms
08-03 20:20:39.260  1770  2379 I art     : Starting a blocking GC Explicit
08-03 20:20:39.293  1770  2379 I art     : Explicit concurrent mark sweep GC freed 164(4KB) AllocSpace objects, 0(0B) LOS objects, 26% free, 43MB/59MB, paused 939us total 33.134ms
08-03 20:20:39.309  1770  2379 I art     : Starting a blocking GC Explicit
08-03 20:20:39.342  1770  2379 I art     : Explicit concurrent mark sweep GC freed 33(576B) AllocSpace objects, 0(0B) LOS objects, 26% free, 43MB/59MB, paused 876us total 32.093ms
08-03 20:20:39.694  1770  2041 I art     : Starting a blocking GC Explicit
08-03 20:20:39.696  1770  2445 I NAPPA_EXPERIMENTATION: MetricNetworkRequestExecutionTime: REQUEST_DURATION_SYSTEM='499',REQUEST_DURATION_OKHTTP='38',REQUEST_SYNCHRONOUS='FALSE',RESPONSE_CODE='200',RESPONSE_METHOD='GET',RESPONSE_LENGTH_OKHTTP='183',RESPONSE_LENGTH_HEADER='183',REQUEST_PROTOCOL='http/1.1',REQUEST_URL='https://project-travel-mate.herokuapp.com/api/get-city-images/1',
08-03 20:20:39.728  1770  2041 I art     : Explicit concurrent mark sweep GC freed 4911(239KB) AllocSpace objects, 5(240KB) LOS objects, 26% free, 43MB/59MB, paused 979us total 33.822ms
08-03 20:20:39.732  1770  2445 V RESPONSE: [{"id":17,"image_url":"https://upload.wikimedia.org/wikipedia/commons/9/94/%E0%B4%96%E0%B5%81%E0%B4%A4%E0%B5%8D%E0%B4%AC%E0%B5%8D_%E0%B4%AE%E0%B4%BF%E0%B4%A8%E0%B4%BE%E0%B5%BC1.jpg"}]
08-03 20:20:39.744  1770  2041 I art     : Starting a blocking GC Explicit
08-03 20:20:39.776  1770  2041 I art     : Explicit concurrent mark sweep GC freed 1178(124KB) AllocSpace objects, 0(0B) LOS objects, 26% free, 43MB/59MB, paused 935us total 31.804ms
08-03 20:20:39.792  1770  2041 I art     : Starting a blocking GC Explicit
08-03 20:20:39.824  1770  2041 I art     : Explicit concurrent mark sweep GC freed 61(1040B) AllocSpace objects, 0(0B) LOS objects, 26% free, 43MB/59MB, paused 962us total 31.902ms
08-03 20:20:39.840  1770  2041 I art     : Starting a blocking GC Explicit
08-03 20:20:39.873  1770  2041 I art     : Explicit concurrent mark sweep GC freed 3267(129KB) AllocSpace objects, 0(0B) LOS objects, 26% free, 43MB/59MB, paused 657us total 32.566ms
08-03 20:20:39.889  1770  2041 I art     : Starting a blocking GC Explicit
08-03 20:20:39.923  1770  2041 I art     : Explicit concurrent mark sweep GC freed 362(11KB) AllocSpace objects, 1(4MB) LOS objects, 28% free, 39MB/55MB, paused 651us total 33.806ms
08-03 20:20:40.286  1770  1834 I art     : Starting a blocking GC Explicit
08-03 20:20:40.326  1770  1834 I art     : Explicit concurrent mark sweep GC freed 3207(113KB) AllocSpace objects, 2(40KB) LOS objects, 28% free, 39MB/55MB, paused 686us total 40.001ms
08-03 20:20:40.345  1770  1834 I art     : Starting a blocking GC Explicit
08-03 20:20:40.384  1770  1834 I art     : Explicit concurrent mark sweep GC freed 309(5KB) AllocSpace objects, 0(0B) LOS objects, 28% free, 39MB/55MB, paused 764us total 39.321ms
08-03 20:20:40.401  1770  1834 I art     : Starting a blocking GC Explicit
08-03 20:20:40.439  1770  1834 I art     : Explicit concurrent mark sweep GC freed 220(3KB) AllocSpace objects, 0(0B) LOS objects, 28% free, 39MB/55MB, paused 682us total 37.546ms
08-03 20:20:40.456  1770  1834 I art     : Starting a blocking GC Explicit
08-03 20:20:40.496  1770  1834 I art     : Explicit concurrent mark sweep GC freed 219(3KB) AllocSpace objects, 0(0B) LOS objects, 28% free, 39MB/55MB, paused 688us total 39.756ms
08-03 20:20:40.513  1770  1834 I art     : Starting a blocking GC Explicit
08-03 20:20:40.550  1770  1834 I art     : Explicit concurrent mark sweep GC freed 262(4KB) AllocSpace objects, 0(0B) LOS objects, 28% free, 39MB/55MB, paused 750us total 37.047ms
08-03 20:20:40.950  1770  1787 I art     : Starting a blocking GC Explicit
08-03 20:20:40.990  1770  1787 I art     : Explicit concurrent mark sweep GC freed 3323(114KB) AllocSpace objects, 2(40KB) LOS objects, 28% free, 39MB/55MB, paused 777us total 40.046ms
08-03 20:20:41.007  1770  1787 I art     : Starting a blocking GC Explicit
08-03 20:20:41.043  1770  1787 I art     : Explicit concurrent mark sweep GC freed 245(4KB) AllocSpace objects, 0(0B) LOS objects, 28% free, 39MB/55MB, paused 668us total 35.913ms
08-03 20:20:41.059  1770  1787 I art     : Starting a blocking GC Explicit
08-03 20:20:41.096  1770  1787 I art     : Explicit concurrent mark sweep GC freed 219(3KB) AllocSpace objects, 0(0B) LOS objects, 28% free, 39MB/55MB, paused 698us total 36.399ms
08-03 20:20:41.113  1770  1787 I art     : Starting a blocking GC Explicit
08-03 20:20:41.150  1770  1787 I art     : Explicit concurrent mark sweep GC freed 224(3KB) AllocSpace objects, 0(0B) LOS objects, 28% free, 39MB/55MB, paused 719us total 37.200ms
08-03 20:20:41.167  1770  1787 I art     : Starting a blocking GC Explicit
08-03 20:20:41.205  1770  1787 I art     : Explicit concurrent mark sweep GC freed 279(4KB) AllocSpace objects, 0(0B) LOS objects, 28% free, 39MB/55MB, paused 834us total 37.673ms
08-03 20:20:41.388  2479  2479 D AndroidRuntime: >>>>>> START com.android.internal.os.RuntimeInit uid 2000 <<<<<<
08-03 20:20:41.396  2479  2479 D AndroidRuntime: CheckJNI is OFF
08-03 20:20:41.437  2479  2479 D ICU     : No timezone override file found: /data/misc/zoneinfo/current/icu/icu_tzdata.dat
08-03 20:20:41.478  2479  2479 I Radio-JNI: register_android_hardware_Radio DONE
08-03 20:20:41.505  2479  2479 D AndroidRuntime: Calling main entry com.android.commands.input.Input
08-03 20:20:41.507  2479  2479 I Input   : injectKeyEvent: KeyEvent { action=ACTION_DOWN, keyCode=KEYCODE_BACK, scanCode=0, metaState=0, flags=0x0, repeatCount=0, eventTime=649257920, downTime=649257920, deviceId=-1, source=0x101 }
08-03 20:20:41.512  2479  2479 I Input   : injectKeyEvent: KeyEvent { action=ACTION_UP, keyCode=KEYCODE_BACK, scanCode=0, metaState=0, flags=0x0, repeatCount=0, eventTime=649257920, downTime=649257920, deviceId=-1, source=0x101 }
08-03 20:20:41.517  2479  2479 D AndroidRuntime: Shutting down VM
08-03 20:20:41.556 13866 13866 I GoogleInputMethodServic: GoogleInputMethodService.onFinishInput():3138 
08-03 20:20:41.557 13866 13866 I GoogleInputMethodServic: GoogleInputMethodService.onStartInput():1808 
08-03 20:20:41.594  1770  1788 I art     : Starting a blocking GC Explicit
08-03 20:20:41.628  1770  1788 I art     : Explicit concurrent mark sweep GC freed 3278(116KB) AllocSpace objects, 2(40KB) LOS objects, 28% free, 39MB/55MB, paused 721us total 33.871ms
08-03 20:20:41.645  1770  1788 I art     : Starting a blocking GC Explicit
08-03 20:20:41.678  1770  1788 I art     : Explicit concurrent mark sweep GC freed 258(5KB) AllocSpace objects, 0(0B) LOS objects, 28% free, 39MB/55MB, paused 681us total 32.500ms
08-03 20:20:41.694  1770  1788 I art     : Starting a blocking GC Explicit
08-03 20:20:41.732  1770  1788 I art     : Explicit concurrent mark sweep GC freed 219(3KB) AllocSpace objects, 0(0B) LOS objects, 28% free, 39MB/55MB, paused 697us total 37.953ms
08-03 20:20:41.752  1770  1788 I art     : Starting a blocking GC Explicit
08-03 20:20:41.791  1770  1788 I art     : Explicit concurrent mark sweep GC freed 291(4KB) AllocSpace objects, 0(0B) LOS objects, 28% free, 39MB/55MB, paused 681us total 39.673ms
08-03 20:20:41.808  1770  1788 I art     : Starting a blocking GC Explicit
08-03 20:20:41.851  1770  1788 I art     : Explicit concurrent mark sweep GC freed 223(3KB) AllocSpace objects, 0(0B) LOS objects, 28% free, 39MB/55MB, paused 771us total 42.192ms
08-03 20:20:41.882   380   380 W SurfaceFlinger: couldn't log to binary event log: overflow.
08-03 20:20:42.225  1770  1834 I art     : Starting a blocking GC Explicit
08-03 20:20:42.263  1770  1834 I art     : Explicit concurrent mark sweep GC freed 3489(139KB) AllocSpace objects, 4(404KB) LOS objects, 29% free, 39MB/55MB, paused 693us total 38.378ms
08-03 20:20:42.279  1770  1834 I art     : Starting a blocking GC Explicit
08-03 20:20:42.313  1770  1834 I art     : Explicit concurrent mark sweep GC freed 5567(268KB) AllocSpace objects, 1(28KB) LOS objects, 29% free, 38MB/54MB, paused 649us total 33.251ms
08-03 20:20:42.329  1770  1834 I art     : Starting a blocking GC Explicit
08-03 20:20:42.363  1770  1834 I art     : Explicit concurrent mark sweep GC freed 147(2496B) AllocSpace objects, 0(0B) LOS objects, 29% free, 38MB/54MB, paused 655us total 33.776ms
08-03 20:20:42.379  1770  1834 I art     : Starting a blocking GC Explicit
08-03 20:20:42.413  1770  1834 I art     : Explicit concurrent mark sweep GC freed 147(2496B) AllocSpace objects, 0(0B) LOS objects, 29% free, 38MB/54MB, paused 630us total 33.593ms
08-03 20:20:42.429  1770  1834 I art     : Starting a blocking GC Explicit
08-03 20:20:42.463  1770  1834 I art     : Explicit concurrent mark sweep GC freed 147(2496B) AllocSpace objects, 0(0B) LOS objects, 29% free, 38MB/54MB, paused 638us total 34.375ms
08-03 20:20:42.826  1770  2041 I art     : Starting a blocking GC Explicit
08-03 20:20:42.859  1770  2041 I art     : Explicit concurrent mark sweep GC freed 2579(101KB) AllocSpace objects, 2(40KB) LOS objects, 29% free, 38MB/54MB, paused 791us total 32.815ms
08-03 20:20:42.875  1770  2041 I art     : Starting a blocking GC Explicit
08-03 20:20:42.907  1770  2041 I art     : Explicit concurrent mark sweep GC freed 166(3KB) AllocSpace objects, 0(0B) LOS objects, 29% free, 38MB/54MB, paused 894us total 32.477ms
08-03 20:20:42.923  1770  2041 I art     : Starting a blocking GC Explicit
08-03 20:20:42.956  1770  2041 I art     : Explicit concurrent mark sweep GC freed 147(2496B) AllocSpace objects, 0(0B) LOS objects, 29% free, 38MB/54MB, paused 703us total 32.960ms
08-03 20:20:42.972  1770  2041 I art     : Starting a blocking GC Explicit
08-03 20:20:43.005  1770  2041 I art     : Explicit concurrent mark sweep GC freed 147(2496B) AllocSpace objects, 0(0B) LOS objects, 29% free, 38MB/54MB, paused 684us total 32.591ms
08-03 20:20:43.021  1770  2041 I art     : Starting a blocking GC Explicit
08-03 20:20:43.054  1770  2041 I art     : Explicit concurrent mark sweep GC freed 147(2496B) AllocSpace objects, 0(0B) LOS objects, 29% free, 38MB/54MB, paused 676us total 32.668ms
08-03 20:20:43.282  2527  2527 D AndroidRuntime: >>>>>> START com.android.internal.os.RuntimeInit uid 2000 <<<<<<
08-03 20:20:43.288  2527  2527 D AndroidRuntime: CheckJNI is OFF
08-03 20:20:43.328  2527  2527 D ICU     : No timezone override file found: /data/misc/zoneinfo/current/icu/icu_tzdata.dat
08-03 20:20:43.369  2527  2527 I Radio-JNI: register_android_hardware_Radio DONE
08-03 20:20:43.397  2527  2527 D AndroidRuntime: Calling main entry com.android.commands.input.Input
08-03 20:20:43.399  2527  2527 I Input   : injectMotionEvent: MotionEvent { action=ACTION_DOWN, actionButton=0, id[0]=0, x[0]=693.0, y[0]=1450.0, toolType[0]=TOOL_TYPE_UNKNOWN, buttonState=0, metaState=0, flags=0x0, edgeFlags=0x0, pointerCount=1, historySize=0, eventTime=649259812, downTime=649259812, deviceId=0, source=0x1002 }
08-03 20:20:43.403  2527  2527 I Input   : injectMotionEvent: MotionEvent { action=ACTION_UP, actionButton=0, id[0]=0, x[0]=693.0, y[0]=1450.0, toolType[0]=TOOL_TYPE_UNKNOWN, buttonState=0, metaState=0, flags=0x0, edgeFlags=0x0, pointerCount=1, historySize=0, eventTime=649259812, downTime=649259812, deviceId=0, source=0x1002 }
08-03 20:20:43.405  2527  2527 D AndroidRuntime: Shutting down VM
08-03 20:20:43.405   918   928 I ActivityManager: START u0 {cmp=baseline.io.github.project_travel_mate/.destinations.description.CityHistoryActivity} from uid 10623 on display 0
08-03 20:20:43.406   512  2967 D audio_hw_primary: out_set_parameters: enter: usecase(1: low-latency-playback) kvpairs: routing=2
08-03 20:20:43.420   512  2967 D audio_hw_primary: select_devices: out_snd_device(2: speaker) in_snd_device(0: none)
08-03 20:20:43.420   512  2967 D msm8974_platform: platform_send_audio_calibration: sending audio calibration for snd_device(2) acdb_id(15)
08-03 20:20:43.421   512  2967 I soundtrigger: audio_extn_sound_trigger_update_device_status: device 0x2 of type 0 for Event 1
08-03 20:20:43.429  1770  1854 D Gabe    : call	returning from cache
08-03 20:20:43.431  1770  1770 V EXECUTING: https://project-travel-mate.herokuapp.com/api/get-city-information/1
08-03 20:20:43.432   512  2967 D audio_hw_primary: enable_snd_device: snd_device(2: speaker)
08-03 20:20:43.436   512  2967 D audio_hw_primary: enable_audio_route: apply and update mixer path: low-latency-playback speaker
08-03 20:20:43.443  1770  1834 I art     : Starting a blocking GC Explicit
08-03 20:20:43.476  1770  1834 I art     : Explicit concurrent mark sweep GC freed 3016(144KB) AllocSpace objects, 2(40KB) LOS objects, 29% free, 38MB/54MB, paused 747us total 33.153ms
08-03 20:20:43.491  1770  1834 I art     : Starting a blocking GC Explicit
08-03 20:20:43.527  1770  1834 I art     : Explicit concurrent mark sweep GC freed 666(21KB) AllocSpace objects, 0(0B) LOS objects, 27% free, 43MB/59MB, paused 961us total 35.351ms
08-03 20:20:43.543  1770  1834 I art     : Starting a blocking GC Explicit
08-03 20:20:43.575  1770  1834 I art     : Explicit concurrent mark sweep GC freed 119(7KB) AllocSpace objects, 0(0B) LOS objects, 26% free, 43MB/59MB, paused 708us total 32.052ms
08-03 20:20:43.591  1770  1834 I art     : Starting a blocking GC Explicit
08-03 20:20:43.595 13866 13866 I GoogleInputMethodServic: GoogleInputMethodService.onFinishInput():3138 
08-03 20:20:43.595   918   936 I ActivityManager: Displayed baseline.io.github.project_travel_mate/.destinations.description.CityHistoryActivity: +184ms
08-03 20:20:43.596 13866 13866 I GoogleInputMethodServic: GoogleInputMethodService.onStartInput():1808 
08-03 20:20:43.622  1770  1834 I art     : Explicit concurrent mark sweep GC freed 137(2928B) AllocSpace objects, 0(0B) LOS objects, 26% free, 43MB/59MB, paused 1.017ms total 31.442ms
08-03 20:20:43.638  1770  1834 I art     : Starting a blocking GC Explicit
08-03 20:20:43.674  1770  1834 I art     : Explicit concurrent mark sweep GC freed 22(432B) AllocSpace objects, 0(0B) LOS objects, 26% free, 43MB/59MB, paused 818us total 35.350ms
08-03 20:20:43.852   380   380 W SurfaceFlinger: couldn't log to binary event log: overflow.
08-03 20:20:43.969   512  2967 D audio_hw_primary: disable_audio_route: reset and update mixer path: low-latency-playback speaker
08-03 20:20:43.970   512  2967 D audio_hw_primary: disable_snd_device: snd_device(2: speaker)
08-03 20:20:43.979   512  2967 I soundtrigger: audio_extn_sound_trigger_update_device_status: device 0x2 of type 0 for Event 0
08-03 20:20:44.007  1770  2553 I NAPPA_EXPERIMENTATION: MetricNetworkRequestExecutionTime: REQUEST_DURATION_SYSTEM='575',REQUEST_DURATION_OKHTTP='40',REQUEST_SYNCHRONOUS='FALSE',RESPONSE_CODE='200',RESPONSE_METHOD='GET',RESPONSE_LENGTH_OKHTTP='55024',RESPONSE_LENGTH_HEADER='55024',REQUEST_PROTOCOL='http/1.1',REQUEST_URL='https://project-travel-mate.herokuapp.com/api/get-city-information/1',
08-03 20:20:44.031  1770  1788 I art     : Starting a blocking GC Explicit
08-03 20:20:44.066  1770  1788 I art     : Explicit concurrent mark sweep GC freed 5752(255KB) AllocSpace objects, 8(512KB) LOS objects, 26% free, 43MB/59MB, paused 867us total 34.793ms
08-03 20:20:44.082  1770  1788 I art     : Starting a blocking GC Explicit
08-03 20:20:44.116  1770  1788 I art     : Explicit concurrent mark sweep GC freed 1098(119KB) AllocSpace objects, 0(0B) LOS objects, 26% free, 43MB/59MB, paused 1.013ms total 34.003ms
08-03 20:20:44.132  1770  1788 I art     : Starting a blocking GC Explicit
08-03 20:20:44.165  1770  1788 I art     : Explicit concurrent mark sweep GC freed 29(512B) AllocSpace objects, 0(0B) LOS objects, 26% free, 43MB/59MB, paused 840us total 32.828ms
08-03 20:20:44.165  1770  1786 I art     : WaitForGcToComplete blocked for 20.961ms for cause HeapTrim
08-03 20:20:44.181  1770  1788 I art     : Starting a blocking GC Explicit
08-03 20:20:44.214  1770  1788 I art     : Explicit concurrent mark sweep GC freed 995(1044KB) AllocSpace objects, 15(300KB) LOS objects, 26% free, 44MB/60MB, paused 1.036ms total 33.102ms
08-03 20:20:44.223 13866 13866 I GoogleInputMethodServic: GoogleInputMethodService.onFinishInput():3138 
08-03 20:20:44.224 13866 13866 I GoogleInputMethodServic: GoogleInputMethodService.onStartInput():1808 
08-03 20:20:44.231  1770  1788 I art     : Starting a blocking GC Explicit
08-03 20:20:44.264  1770  1788 I art     : Explicit concurrent mark sweep GC freed 575(170KB) AllocSpace objects, 2(4MB) LOS objects, 28% free, 39MB/55MB, paused 675us total 33.595ms
08-03 20:20:44.626  1770  1787 I art     : Starting a blocking GC Explicit
08-03 20:20:44.665  1770  1787 I art     : Explicit concurrent mark sweep GC freed 3175(112KB) AllocSpace objects, 2(40KB) LOS objects, 28% free, 39MB/55MB, paused 715us total 38.519ms
08-03 20:20:44.684  1770  1787 I art     : Starting a blocking GC Explicit
08-03 20:20:44.720  1770  1787 I art     : Explicit concurrent mark sweep GC freed 283(5KB) AllocSpace objects, 0(0B) LOS objects, 28% free, 39MB/55MB, paused 782us total 35.414ms
08-03 20:20:44.736  1770  1787 I art     : Starting a blocking GC Explicit
08-03 20:20:44.772  1770  1787 I art     : Explicit concurrent mark sweep GC freed 254(4KB) AllocSpace objects, 0(0B) LOS objects, 28% free, 39MB/55MB, paused 800us total 35.801ms
08-03 20:20:44.788  1770  1787 I art     : Starting a blocking GC Explicit
08-03 20:20:44.824  1770  1787 I art     : Explicit concurrent mark sweep GC freed 236(3KB) AllocSpace objects, 0(0B) LOS objects, 28% free, 39MB/55MB, paused 701us total 35.226ms
08-03 20:20:44.840  1770  1787 I art     : Starting a blocking GC Explicit
08-03 20:20:44.876  1770  1787 I art     : Explicit concurrent mark sweep GC freed 219(3KB) AllocSpace objects, 0(0B) LOS objects, 28% free, 39MB/55MB, paused 711us total 35.721ms
08-03 20:20:45.264  1770  1834 I art     : Starting a blocking GC Explicit
08-03 20:20:45.303  1770  1834 I art     : Explicit concurrent mark sweep GC freed 3256(113KB) AllocSpace objects, 2(40KB) LOS objects, 28% free, 39MB/55MB, paused 740us total 38.985ms
08-03 20:20:45.321  1770  1834 I art     : Starting a blocking GC Explicit
08-03 20:20:45.357  1770  1834 I art     : Explicit concurrent mark sweep GC freed 263(4KB) AllocSpace objects, 0(0B) LOS objects, 28% free, 39MB/55MB, paused 859us total 36.277ms
08-03 20:20:45.375  1770  1834 I art     : Starting a blocking GC Explicit
08-03 20:20:45.412  1770  1834 I art     : Explicit concurrent mark sweep GC freed 250(4KB) AllocSpace objects, 0(0B) LOS objects, 28% free, 39MB/55MB, paused 926us total 37.162ms
08-03 20:20:45.429  1770  1834 I art     : Starting a blocking GC Explicit
08-03 20:20:45.469  1770  1834 I art     : Explicit concurrent mark sweep GC freed 236(3KB) AllocSpace objects, 0(0B) LOS objects, 28% free, 39MB/55MB, paused 731us total 39.747ms
08-03 20:20:45.486  1770  1834 I art     : Starting a blocking GC Explicit
08-03 20:20:45.525  1770  1834 I art     : Explicit concurrent mark sweep GC freed 243(3KB) AllocSpace objects, 0(0B) LOS objects, 28% free, 39MB/55MB, paused 786us total 39.090ms
08-03 20:20:45.927  1770  1787 I art     : Starting a blocking GC Explicit
08-03 20:20:45.969  1770  1787 I art     : Explicit concurrent mark sweep GC freed 3347(114KB) AllocSpace objects, 2(40KB) LOS objects, 28% free, 39MB/55MB, paused 766us total 41.047ms
08-03 20:20:45.987  1770  1787 I art     : Starting a blocking GC Explicit
08-03 20:20:46.025  1770  1787 I art     : Explicit concurrent mark sweep GC freed 272(4KB) AllocSpace objects, 0(0B) LOS objects, 28% free, 39MB/55MB, paused 761us total 38.099ms
08-03 20:20:46.042  1770  1787 I art     : Starting a blocking GC Explicit
08-03 20:20:46.082  1770  1787 I art     : Explicit concurrent mark sweep GC freed 256(4KB) AllocSpace objects, 0(0B) LOS objects, 28% free, 39MB/55MB, paused 721us total 39.659ms
08-03 20:20:46.099  1770  1787 I art     : Starting a blocking GC Explicit
08-03 20:20:46.137  1770  1787 I art     : Explicit concurrent mark sweep GC freed 220(3KB) AllocSpace objects, 0(0B) LOS objects, 28% free, 39MB/55MB, paused 827us total 38.212ms
08-03 20:20:46.154  1770  1787 I art     : Starting a blocking GC Explicit
08-03 20:20:46.195  1770  1787 I art     : Explicit concurrent mark sweep GC freed 278(4KB) AllocSpace objects, 0(0B) LOS objects, 28% free, 39MB/55MB, paused 782us total 40.599ms
08-03 20:20:46.597  1770  1788 I art     : Starting a blocking GC Explicit
08-03 20:20:46.638  1770  1788 I art     : Explicit concurrent mark sweep GC freed 3313(113KB) AllocSpace objects, 2(40KB) LOS objects, 28% free, 39MB/55MB, paused 856us total 40.093ms
08-03 20:20:46.654  1770  1788 I art     : Starting a blocking GC Explicit
08-03 20:20:46.694  1770  1788 I art     : Explicit concurrent mark sweep GC freed 285(5KB) AllocSpace objects, 0(0B) LOS objects, 28% free, 39MB/55MB, paused 799us total 39.535ms
08-03 20:20:46.711  1770  1788 I art     : Starting a blocking GC Explicit
08-03 20:20:46.749  1770  1788 I art     : Explicit concurrent mark sweep GC freed 244(4KB) AllocSpace objects, 0(0B) LOS objects, 28% free, 39MB/55MB, paused 712us total 37.700ms
08-03 20:20:46.765  1770  1788 I art     : Starting a blocking GC Explicit
08-03 20:20:46.806  1770  1788 I art     : Explicit concurrent mark sweep GC freed 229(3KB) AllocSpace objects, 0(0B) LOS objects, 28% free, 39MB/55MB, paused 881us total 40.190ms
08-03 20:20:46.823  1770  1788 I art     : Starting a blocking GC Explicit
08-03 20:20:46.863  1770  1788 I art     : Explicit concurrent mark sweep GC freed 272(4KB) AllocSpace objects, 0(0B) LOS objects, 28% free, 39MB/55MB, paused 857us total 39.657ms
08-03 20:20:47.248  1770  2041 I art     : Starting a blocking GC Explicit
08-03 20:20:47.291  1770  2041 I art     : Explicit concurrent mark sweep GC freed 3238(112KB) AllocSpace objects, 2(40KB) LOS objects, 28% free, 39MB/55MB, paused 785us total 42.459ms
08-03 20:20:47.309  1770  2041 I art     : Starting a blocking GC Explicit
08-03 20:20:47.348  1770  2041 I art     : Explicit concurrent mark sweep GC freed 309(5KB) AllocSpace objects, 0(0B) LOS objects, 28% free, 39MB/55MB, paused 707us total 38.656ms
08-03 20:20:47.365  1770  2041 I art     : Starting a blocking GC Explicit
08-03 20:20:47.404  1770  2041 I art     : Explicit concurrent mark sweep GC freed 220(3KB) AllocSpace objects, 0(0B) LOS objects, 28% free, 39MB/55MB, paused 702us total 38.878ms
08-03 20:20:47.420  1770  2041 I art     : Starting a blocking GC Explicit
08-03 20:20:47.459  1770  2041 I art     : Explicit concurrent mark sweep GC freed 250(4KB) AllocSpace objects, 0(0B) LOS objects, 28% free, 39MB/55MB, paused 847us total 38.251ms
08-03 20:20:47.476  1770  2041 I art     : Starting a blocking GC Explicit
08-03 20:20:47.517  1770  2041 I art     : Explicit concurrent mark sweep GC freed 259(4KB) AllocSpace objects, 0(0B) LOS objects, 28% free, 39MB/55MB, paused 754us total 40.441ms
08-03 20:20:47.878  1770  2379 I art     : Starting a blocking GC Explicit
08-03 20:20:47.939  1770  2379 I art     : Explicit concurrent mark sweep GC freed 3240(113KB) AllocSpace objects, 2(40KB) LOS objects, 28% free, 39MB/55MB, paused 1.858ms total 60.897ms
08-03 20:20:47.959  1770  2379 I art     : Starting a blocking GC Explicit
08-03 20:20:47.994  1770  2379 I art     : Explicit concurrent mark sweep GC freed 320(5KB) AllocSpace objects, 0(0B) LOS objects, 28% free, 39MB/55MB, paused 734us total 35.222ms
08-03 20:20:48.011  1770  2379 I art     : Starting a blocking GC Explicit
08-03 20:20:48.049  1770  2379 I art     : Explicit concurrent mark sweep GC freed 219(3KB) AllocSpace objects, 0(0B) LOS objects, 28% free, 39MB/55MB, paused 684us total 37.551ms
08-03 20:20:48.065  1770  2379 I art     : Starting a blocking GC Explicit
08-03 20:20:48.102  1770  2379 I art     : Explicit concurrent mark sweep GC freed 219(3KB) AllocSpace objects, 0(0B) LOS objects, 28% free, 39MB/55MB, paused 714us total 37.084ms
08-03 20:20:48.119  1770  2379 I art     : Starting a blocking GC Explicit
08-03 20:20:48.156  1770  2379 I art     : Explicit concurrent mark sweep GC freed 219(3KB) AllocSpace objects, 0(0B) LOS objects, 28% free, 39MB/55MB, paused 765us total 37.178ms
08-03 20:20:48.202  2625  2625 D AndroidRuntime: >>>>>> START com.android.internal.os.RuntimeInit uid 2000 <<<<<<
08-03 20:20:48.208  2625  2625 D AndroidRuntime: CheckJNI is OFF
08-03 20:20:48.251  2625  2625 D ICU     : No timezone override file found: /data/misc/zoneinfo/current/icu/icu_tzdata.dat
08-03 20:20:48.295  2625  2625 I Radio-JNI: register_android_hardware_Radio DONE
08-03 20:20:48.324  2625  2625 D AndroidRuntime: Calling main entry com.android.commands.input.Input
08-03 20:20:48.326  2625  2625 I Input   : injectKeyEvent: KeyEvent { action=ACTION_DOWN, keyCode=KEYCODE_BACK, scanCode=0, metaState=0, flags=0x0, repeatCount=0, eventTime=649264738, downTime=649264738, deviceId=-1, source=0x101 }
08-03 20:20:48.332  2625  2625 I Input   : injectKeyEvent: KeyEvent { action=ACTION_UP, keyCode=KEYCODE_BACK, scanCode=0, metaState=0, flags=0x0, repeatCount=0, eventTime=649264738, downTime=649264738, deviceId=-1, source=0x101 }
08-03 20:20:48.340  2625  2625 D AndroidRuntime: Shutting down VM
08-03 20:20:48.386 13866 13866 I GoogleInputMethodServic: GoogleInputMethodService.onFinishInput():3138 
08-03 20:20:48.386 13866 13866 I GoogleInputMethodServic: GoogleInputMethodService.onStartInput():1808 
08-03 20:20:48.521  1770  2379 I art     : Starting a blocking GC Explicit
08-03 20:20:48.559  1770  2379 I art     : Explicit concurrent mark sweep GC freed 3281(115KB) AllocSpace objects, 2(40KB) LOS objects, 28% free, 39MB/55MB, paused 911us total 38.525ms
08-03 20:20:48.578  1770  2379 I art     : Starting a blocking GC Explicit
08-03 20:20:48.612  1770  2379 I art     : Explicit concurrent mark sweep GC freed 290(5KB) AllocSpace objects, 0(0B) LOS objects, 28% free, 39MB/55MB, paused 699us total 33.847ms
08-03 20:20:48.628  1770  2379 I art     : Starting a blocking GC Explicit
08-03 20:20:48.660  1770  2379 I art     : Explicit concurrent mark sweep GC freed 228(3KB) AllocSpace objects, 0(0B) LOS objects, 28% free, 39MB/55MB, paused 813us total 32.035ms
08-03 20:20:48.672   380   380 W SurfaceFlinger: couldn't log to binary event log: overflow.
08-03 20:20:48.676  1770  2379 I art     : Starting a blocking GC Explicit
08-03 20:20:48.709  1770  2379 I art     : Explicit concurrent mark sweep GC freed 143(2896B) AllocSpace objects, 1(188KB) LOS objects, 28% free, 39MB/55MB, paused 809us total 32.231ms
08-03 20:20:48.724  1770  2379 I art     : Starting a blocking GC Explicit
08-03 20:20:48.757  1770  2379 I art     : Explicit concurrent mark sweep GC freed 4795(340KB) AllocSpace objects, 7(132KB) LOS objects, 29% free, 38MB/54MB, paused 710us total 32.156ms
08-03 20:20:49.127  1770  2041 I art     : Starting a blocking GC Explicit
08-03 20:20:49.165  1770  2041 I art     : Explicit concurrent mark sweep GC freed 2627(102KB) AllocSpace objects, 2(40KB) LOS objects, 29% free, 38MB/54MB, paused 710us total 37.358ms
08-03 20:20:49.183  1770  2041 I art     : Starting a blocking GC Explicit
08-03 20:20:49.216  1770  2041 I art     : Explicit concurrent mark sweep GC freed 166(3KB) AllocSpace objects, 0(0B) LOS objects, 29% free, 38MB/54MB, paused 692us total 32.775ms
08-03 20:20:49.232  1770  2041 I art     : Starting a blocking GC Explicit
08-03 20:20:49.265  1770  2041 I art     : Explicit concurrent mark sweep GC freed 147(2496B) AllocSpace objects, 0(0B) LOS objects, 29% free, 38MB/54MB, paused 687us total 33.184ms
08-03 20:20:49.282  1770  2041 I art     : Starting a blocking GC Explicit
08-03 20:20:49.316  1770  2041 I art     : Explicit concurrent mark sweep GC freed 147(2496B) AllocSpace objects, 0(0B) LOS objects, 29% free, 38MB/54MB, paused 670us total 33.676ms
08-03 20:20:49.332  1770  2041 I art     : Starting a blocking GC Explicit
08-03 20:20:49.365  1770  2041 I art     : Explicit concurrent mark sweep GC freed 147(2496B) AllocSpace objects, 0(0B) LOS objects, 29% free, 38MB/54MB, paused 702us total 33.395ms
08-03 20:20:49.729  1770  1834 I art     : Starting a blocking GC Explicit
08-03 20:20:49.764  1770  1834 I art     : Explicit concurrent mark sweep GC freed 2580(101KB) AllocSpace objects, 2(40KB) LOS objects, 29% free, 38MB/54MB, paused 705us total 34.521ms
08-03 20:20:49.781  1770  1834 I art     : Starting a blocking GC Explicit
08-03 20:20:49.814  1770  1834 I art     : Explicit concurrent mark sweep GC freed 166(3KB) AllocSpace objects, 0(0B) LOS objects, 29% free, 38MB/54MB, paused 697us total 32.769ms
08-03 20:20:49.830  1770  1834 I art     : Starting a blocking GC Explicit
08-03 20:20:49.862  1770  1834 I art     : Explicit concurrent mark sweep GC freed 147(2496B) AllocSpace objects, 0(0B) LOS objects, 29% free, 38MB/54MB, paused 693us total 32.391ms
08-03 20:20:49.878  1770  1834 I art     : Starting a blocking GC Explicit
08-03 20:20:49.912  1770  1834 I art     : Explicit concurrent mark sweep GC freed 147(2496B) AllocSpace objects, 0(0B) LOS objects, 29% free, 38MB/54MB, paused 722us total 33.444ms
08-03 20:20:49.928  1770  1834 I art     : Starting a blocking GC Explicit
08-03 20:20:49.962  1770  1834 I art     : Explicit concurrent mark sweep GC freed 147(2496B) AllocSpace objects, 0(0B) LOS objects, 29% free, 38MB/54MB, paused 698us total 33.261ms
08-03 20:20:50.130  2675  2675 D AndroidRuntime: >>>>>> START com.android.internal.os.RuntimeInit uid 2000 <<<<<<
08-03 20:20:50.137  2675  2675 D AndroidRuntime: CheckJNI is OFF
08-03 20:20:50.177  2675  2675 D ICU     : No timezone override file found: /data/misc/zoneinfo/current/icu/icu_tzdata.dat
08-03 20:20:50.218  2675  2675 I Radio-JNI: register_android_hardware_Radio DONE
08-03 20:20:50.246  2675  2675 D AndroidRuntime: Calling main entry com.android.commands.input.Input
08-03 20:20:50.248  2675  2675 I Input   : injectKeyEvent: KeyEvent { action=ACTION_DOWN, keyCode=KEYCODE_BACK, scanCode=0, metaState=0, flags=0x0, repeatCount=0, eventTime=649266660, downTime=649266660, deviceId=-1, source=0x101 }
08-03 20:20:50.252  2675  2675 I Input   : injectKeyEvent: KeyEvent { action=ACTION_UP, keyCode=KEYCODE_BACK, scanCode=0, metaState=0, flags=0x0, repeatCount=0, eventTime=649266660, downTime=649266660, deviceId=-1, source=0x101 }
08-03 20:20:50.257  2675  2675 D AndroidRuntime: Shutting down VM
08-03 20:20:50.275  1770  1770 V MainActivity: url = https://project-travel-mate.herokuapp.com/api/number-of-unread-notifications
08-03 20:20:50.305 13866 13866 I GoogleInputMethodServic: GoogleInputMethodService.onFinishInput():3138 
08-03 20:20:50.305 13866 13866 I GoogleInputMethodServic: GoogleInputMethodService.onStartInput():1808 
08-03 20:20:50.369  1770  1834 I art     : Starting a blocking GC Explicit
08-03 20:20:50.400  1770  1834 I art     : Explicit concurrent mark sweep GC freed 3176(126KB) AllocSpace objects, 2(40KB) LOS objects, 29% free, 38MB/54MB, paused 693us total 31.026ms
08-03 20:20:50.416  1770  1834 I art     : Starting a blocking GC Explicit
08-03 20:20:50.448  1770  1834 I art     : Explicit concurrent mark sweep GC freed 235(6KB) AllocSpace objects, 0(0B) LOS objects, 29% free, 38MB/54MB, paused 771us total 32.438ms
08-03 20:20:50.466  1770  1834 I art     : Starting a blocking GC Explicit
08-03 20:20:50.501  1770  1834 I art     : Explicit concurrent mark sweep GC freed 155(2816B) AllocSpace objects, 0(0B) LOS objects, 29% free, 38MB/54MB, paused 689us total 34.860ms
08-03 20:20:50.516  1770  1834 I art     : Starting a blocking GC Explicit
08-03 20:20:50.549  1770  1834 I art     : Explicit concurrent mark sweep GC freed 164(3KB) AllocSpace objects, 0(0B) LOS objects, 29% free, 38MB/54MB, paused 685us total 32.866ms
08-03 20:20:50.565  1770  1834 I art     : Starting a blocking GC Explicit
08-03 20:20:50.601  1770  1834 I art     : Explicit concurrent mark sweep GC freed 170(3KB) AllocSpace objects, 0(0B) LOS objects, 29% free, 38MB/54MB, paused 732us total 35.216ms
08-03 20:20:50.632   918  3261 D WifiStateMachine: starting scan for "H369AA63323"WPA_PSK with 2412,5180
08-03 20:20:50.829  1770  2703 I NAPPA_EXPERIMENTATION: MetricNetworkRequestExecutionTime: REQUEST_DURATION_SYSTEM='552',REQUEST_DURATION_OKHTTP='39',REQUEST_SYNCHRONOUS='FALSE',RESPONSE_CODE='200',RESPONSE_METHOD='GET',RESPONSE_LENGTH_OKHTTP='36',RESPONSE_LENGTH_HEADER='36',REQUEST_PROTOCOL='http/1.1',REQUEST_URL='https://project-travel-mate.herokuapp.com/api/number-of-unread-notifications',
08-03 20:20:50.963  1770  1787 I art     : Starting a blocking GC Explicit
08-03 20:20:51.003  1770  1787 I art     : Explicit concurrent mark sweep GC freed 4867(242KB) AllocSpace objects, 5(240KB) LOS objects, 29% free, 39MB/55MB, paused 788us total 39.022ms
08-03 20:20:51.020  1770  1787 I art     : Starting a blocking GC Explicit
08-03 20:20:51.056  1770  1787 I art     : Explicit concurrent mark sweep GC freed 1164(125KB) AllocSpace objects, 0(0B) LOS objects, 29% free, 39MB/55MB, paused 704us total 35.119ms
08-03 20:20:51.072  1770  1787 I art     : Starting a blocking GC Explicit
08-03 20:20:51.108  1770  1787 I art     : Explicit concurrent mark sweep GC freed 75(1296B) AllocSpace objects, 0(0B) LOS objects, 29% free, 39MB/55MB, paused 808us total 35.591ms
08-03 20:20:51.124  1770  1787 I art     : Starting a blocking GC Explicit
08-03 20:20:51.160  1770  1787 I art     : Explicit concurrent mark sweep GC freed 98(1664B) AllocSpace objects, 0(0B) LOS objects, 29% free, 39MB/55MB, paused 783us total 36.089ms
08-03 20:20:51.177  1770  1787 I art     : Starting a blocking GC Explicit
08-03 20:20:51.213  1770  1787 I art     : Explicit concurrent mark sweep GC freed 76(1328B) AllocSpace objects, 0(0B) LOS objects, 29% free, 39MB/55MB, paused 786us total 36.233ms
08-03 20:20:51.591  1770  1788 I art     : Starting a blocking GC Explicit
08-03 20:20:51.628  1770  1788 I art     : Explicit concurrent mark sweep GC freed 2026(92KB) AllocSpace objects, 2(40KB) LOS objects, 29% free, 39MB/55MB, paused 912us total 36.575ms
08-03 20:20:51.644  1770  1788 I art     : Starting a blocking GC Explicit
08-03 20:20:51.679  1770  1788 I art     : Explicit concurrent mark sweep GC freed 94(1984B) AllocSpace objects, 0(0B) LOS objects, 29% free, 39MB/55MB, paused 876us total 33.984ms
08-03 20:20:51.695  1770  1788 I art     : Starting a blocking GC Explicit
08-03 20:20:51.730  1770  1788 I art     : Explicit concurrent mark sweep GC freed 76(1328B) AllocSpace objects, 0(0B) LOS objects, 29% free, 39MB/55MB, paused 781us total 34.469ms
08-03 20:20:51.746  1770  1788 I art     : Starting a blocking GC Explicit
08-03 20:20:51.781  1770  1788 I art     : Explicit concurrent mark sweep GC freed 75(1296B) AllocSpace objects, 0(0B) LOS objects, 29% free, 39MB/55MB, paused 784us total 34.681ms
08-03 20:20:51.797  1770  1788 I art     : Starting a blocking GC Explicit
08-03 20:20:51.832  1770  1788 I art     : Explicit concurrent mark sweep GC freed 75(1296B) AllocSpace objects, 0(0B) LOS objects, 29% free, 39MB/55MB, paused 762us total 34.989ms
08-03 20:20:52.026  2725  2725 D AndroidRuntime: >>>>>> START com.android.internal.os.RuntimeInit uid 2000 <<<<<<
08-03 20:20:52.032  2725  2725 D AndroidRuntime: CheckJNI is OFF
08-03 20:20:52.072  2725  2725 D ICU     : No timezone override file found: /data/misc/zoneinfo/current/icu/icu_tzdata.dat
08-03 20:20:52.112  2725  2725 I Radio-JNI: register_android_hardware_Radio DONE
08-03 20:20:52.141  2725  2725 D AndroidRuntime: Calling main entry com.android.commands.input.Input
08-03 20:20:52.143  2725  2725 I Input   : injectMotionEvent: MotionEvent { action=ACTION_DOWN, actionButton=0, id[0]=0, x[0]=346.0, y[0]=709.0, toolType[0]=TOOL_TYPE_UNKNOWN, buttonState=0, metaState=0, flags=0x0, edgeFlags=0x0, pointerCount=1, historySize=0, eventTime=649268556, downTime=649268556, deviceId=0, source=0x1002 }
08-03 20:20:52.148  2725  2725 I Input   : injectMotionEvent: MotionEvent { action=ACTION_UP, actionButton=0, id[0]=0, x[0]=346.0, y[0]=709.0, toolType[0]=TOOL_TYPE_UNKNOWN, buttonState=0, metaState=0, flags=0x0, edgeFlags=0x0, pointerCount=1, historySize=0, eventTime=649268556, downTime=649268556, deviceId=0, source=0x1002 }
08-03 20:20:52.158   918  6111 I ActivityManager: START u0 {cmp=baseline.io.github.project_travel_mate/.destinations.description.FinalCityInfoActivity (has extras)} from uid 10623 on display 0
08-03 20:20:52.165  2725  2725 D AndroidRuntime: Shutting down VM
08-03 20:20:52.185  1770  1854 D Gabe    : call	returning from cache
08-03 20:20:52.210  1770  2379 I art     : Starting a blocking GC Explicit
08-03 20:20:52.212  1770  1770 V EXECUTING: https://project-travel-mate.herokuapp.com/api/get-city-weather/1
08-03 20:20:52.249  1770  2379 I art     : Explicit concurrent mark sweep GC freed 6357(415KB) AllocSpace objects, 2(40KB) LOS objects, 28% free, 39MB/55MB, paused 1.116ms total 39.295ms
08-03 20:20:52.265  1770  2379 I art     : Starting a blocking GC Explicit
08-03 20:20:52.311  1770  2379 I art     : Explicit concurrent mark sweep GC freed 977(34KB) AllocSpace objects, 0(0B) LOS objects, 26% free, 43MB/59MB, paused 1.267ms total 45.445ms
08-03 20:20:52.328  1770  2379 I art     : Starting a blocking GC Explicit
08-03 20:20:52.363  1770  2379 I art     : Explicit concurrent mark sweep GC freed 160(11KB) AllocSpace objects, 0(0B) LOS objects, 26% free, 43MB/59MB, paused 956us total 34.455ms
08-03 20:20:52.375   918   936 I ActivityManager: Displayed baseline.io.github.project_travel_mate/.destinations.description.FinalCityInfoActivity: +207ms
08-03 20:20:52.376 13866 13866 I GoogleInputMethodServic: GoogleInputMethodService.onFinishInput():3138 
08-03 20:20:52.378 13866 13866 I GoogleInputMethodServic: GoogleInputMethodService.onStartInput():1808 
08-03 20:20:52.378  1770  2379 I art     : Starting a blocking GC Explicit
08-03 20:20:52.418  1770  2379 I art     : Explicit concurrent mark sweep GC freed 156(4KB) AllocSpace objects, 0(0B) LOS objects, 26% free, 43MB/59MB, paused 1.241ms total 39.725ms
08-03 20:20:52.435  1770  2379 I art     : Starting a blocking GC Explicit
08-03 20:20:52.472  1770  2379 I art     : Explicit concurrent mark sweep GC freed 60(1072B) AllocSpace objects, 0(0B) LOS objects, 26% free, 43MB/59MB, paused 860us total 36.667ms
08-03 20:20:52.628   380   380 W SurfaceFlinger: couldn't log to binary event log: overflow.
08-03 20:20:52.829  1770  2749 I NAPPA_EXPERIMENTATION: MetricNetworkRequestExecutionTime: REQUEST_DURATION_SYSTEM='616',REQUEST_DURATION_OKHTTP='47',REQUEST_SYNCHRONOUS='FALSE',RESPONSE_CODE='200',RESPONSE_METHOD='GET',RESPONSE_LENGTH_OKHTTP='238',RESPONSE_LENGTH_HEADER='238',REQUEST_PROTOCOL='http/1.1',REQUEST_URL='https://project-travel-mate.herokuapp.com/api/get-city-weather/1',
08-03 20:20:52.833  1770  1787 I art     : Starting a blocking GC Explicit
08-03 20:20:52.870  1770  1787 I art     : Explicit concurrent mark sweep GC freed 5255(247KB) AllocSpace objects, 5(240KB) LOS objects, 26% free, 43MB/59MB, paused 1.217ms total 36.692ms
08-03 20:20:52.887  1770  1787 I art     : Starting a blocking GC Explicit
08-03 20:20:52.923  1770  1787 I art     : Explicit concurrent mark sweep GC freed 1146(124KB) AllocSpace objects, 0(0B) LOS objects, 26% free, 43MB/59MB, paused 1.136ms total 36.023ms
08-03 20:20:52.939  1770  1787 I art     : Starting a blocking GC Explicit
08-03 20:20:52.976  1770  1787 I art     : Explicit concurrent mark sweep GC freed 3340(157KB) AllocSpace objects, 0(0B) LOS objects, 26% free, 43MB/59MB, paused 1.188ms total 36.518ms
08-03 20:20:52.980  1770  2750 I NAPPA_EXPERIMENTATION: MetricNetworkRequestExecutionTime: REQUEST_DURATION_SYSTEM='766',REQUEST_DURATION_OKHTTP='37',REQUEST_SYNCHRONOUS='FALSE',RESPONSE_CODE='200',RESPONSE_METHOD='GET',RESPONSE_LENGTH_OKHTTP='530',RESPONSE_LENGTH_HEADER='530',REQUEST_PROTOCOL='http/1.1',REQUEST_URL='https://project-travel-mate.herokuapp.com/api/get-city/1',
08-03 20:20:52.992  1770  1787 I art     : Starting a blocking GC Explicit
08-03 20:20:53.018  1770  2750 V Response: {"id":1,"city_name":"Delhi","description":"Delhi, officially the National Capital Territory of Delhi, is the Capital territory of India. During the British Raj, Delhi was part of the province of Punjab and is still historically and culturally connected to the Punjab region.","latitude":"28.613900","longitude":"77.209000","facts_count":6,"images":["https://upload.wikimedia.org/wikipedia/commons/9/94/%E0%B4%96%E0%B5%81%E0%B4%A4%E0%B5%8D%E0%B4%AC%E0%B5%8D_%E0%B4%AE%E0%B4%BF%E0%B4%A8%E0%B4%BE%E0%B5%BC1.jpg"],"has_visited":false}
08-03 20:20:53.028  1770  1787 I art     : Explicit concurrent mark sweep GC freed 270(21KB) AllocSpace objects, 0(0B) LOS objects, 26% free, 44MB/60MB, paused 804us total 35.610ms
08-03 20:20:53.044  1770  1787 I art     : Starting a blocking GC Explicit
08-03 20:20:53.080  1770  1787 I art     : Explicit concurrent mark sweep GC freed 199(5KB) AllocSpace objects, 0(0B) LOS objects, 26% free, 44MB/60MB, paused 1.087ms total 35.567ms
08-03 20:20:53.446  1770  1788 I art     : Starting a blocking GC Explicit
08-03 20:20:53.490  1770  1788 I art     : Explicit concurrent mark sweep GC freed 2788(110KB) AllocSpace objects, 3(4MB) LOS objects, 28% free, 39MB/55MB, paused 957us total 43.467ms
08-03 20:20:53.510  1770  1788 I art     : Starting a blocking GC Explicit
08-03 20:20:53.547  1770  1788 I art     : Explicit concurrent mark sweep GC freed 228(4KB) AllocSpace objects, 0(0B) LOS objects, 28% free, 39MB/55MB, paused 928us total 37.367ms
08-03 20:20:53.564  1770  1788 I art     : Starting a blocking GC Explicit
08-03 20:20:53.602  1770  1788 I art     : Explicit concurrent mark sweep GC freed 177(3KB) AllocSpace objects, 0(0B) LOS objects, 28% free, 39MB/55MB, paused 842us total 38.049ms
08-03 20:20:53.619  1770  1788 I art     : Starting a blocking GC Explicit
08-03 20:20:53.657  1770  1788 I art     : Explicit concurrent mark sweep GC freed 166(3KB) AllocSpace objects, 0(0B) LOS objects, 28% free, 39MB/55MB, paused 877us total 37.615ms
08-03 20:20:53.673  1770  1788 I art     : Starting a blocking GC Explicit
08-03 20:20:53.712  1770  1788 I art     : Explicit concurrent mark sweep GC freed 182(3KB) AllocSpace objects, 0(0B) LOS objects, 28% free, 39MB/55MB, paused 1.018ms total 38.696ms
08-03 20:20:54.114  1770  2379 I art     : Starting a blocking GC Explicit
08-03 20:20:54.159  1770  2379 I art     : Explicit concurrent mark sweep GC freed 2692(103KB) AllocSpace objects, 2(40KB) LOS objects, 28% free, 39MB/55MB, paused 903us total 44.576ms
08-03 20:20:54.179  1770  2379 I art     : Starting a blocking GC Explicit
08-03 20:20:54.221  1770  2379 I art     : Explicit concurrent mark sweep GC freed 214(3KB) AllocSpace objects, 0(0B) LOS objects, 28% free, 39MB/55MB, paused 848us total 41.849ms
08-03 20:20:54.238  1770  2379 I art     : Starting a blocking GC Explicit
08-03 20:20:54.278  1770  2379 I art     : Explicit concurrent mark sweep GC freed 147(2496B) AllocSpace objects, 0(0B) LOS objects, 28% free, 39MB/55MB, paused 863us total 40.162ms
08-03 20:20:54.278  1770  1786 I art     : WaitForGcToComplete blocked for 12.610ms for cause HeapTrim
08-03 20:20:54.295  1770  2379 I art     : Starting a blocking GC Explicit
08-03 20:20:54.338  1770  2379 I art     : Explicit concurrent mark sweep GC freed 194(3KB) AllocSpace objects, 0(0B) LOS objects, 28% free, 39MB/55MB, paused 901us total 43.068ms
08-03 20:20:54.355  1770  2379 I art     : Starting a blocking GC Explicit
08-03 20:20:54.395  1770  2379 I art     : Explicit concurrent mark sweep GC freed 148(2528B) AllocSpace objects, 0(0B) LOS objects, 28% free, 39MB/55MB, paused 910us total 39.481ms
08-03 20:20:54.780  1770  1834 I art     : Starting a blocking GC Explicit
08-03 20:20:54.825  1770  1834 I art     : Explicit concurrent mark sweep GC freed 2675(103KB) AllocSpace objects, 2(40KB) LOS objects, 28% free, 39MB/55MB, paused 839us total 43.705ms
08-03 20:20:54.842  1770  1834 I art     : Starting a blocking GC Explicit
08-03 20:20:54.884  1770  1834 I art     : Explicit concurrent mark sweep GC freed 214(3KB) AllocSpace objects, 0(0B) LOS objects, 28% free, 39MB/55MB, paused 803us total 41.838ms
08-03 20:20:54.901  1770  1834 I art     : Starting a blocking GC Explicit
08-03 20:20:54.945  1770  1834 I art     : Explicit concurrent mark sweep GC freed 147(2496B) AllocSpace objects, 0(0B) LOS objects, 28% free, 39MB/55MB, paused 885us total 43.952ms
08-03 20:20:54.963  1770  1834 I art     : Starting a blocking GC Explicit
08-03 20:20:55.002  1770  1834 I art     : Explicit concurrent mark sweep GC freed 194(3KB) AllocSpace objects, 0(0B) LOS objects, 28% free, 39MB/55MB, paused 846us total 39.485ms
08-03 20:20:55.019  1770  1834 I art     : Starting a blocking GC Explicit
08-03 20:20:55.064  1770  1834 I art     : Explicit concurrent mark sweep GC freed 173(2944B) AllocSpace objects, 0(0B) LOS objects, 28% free, 39MB/55MB, paused 1.103ms total 44.146ms
08-03 20:20:55.460  1770  2041 I art     : Starting a blocking GC Explicit
08-03 20:20:55.504  1770  2041 I art     : Explicit concurrent mark sweep GC freed 2699(103KB) AllocSpace objects, 2(40KB) LOS objects, 28% free, 39MB/55MB, paused 860us total 42.925ms
08-03 20:20:55.521  1770  2041 I art     : Starting a blocking GC Explicit
08-03 20:20:55.564  1770  2041 I art     : Explicit concurrent mark sweep GC freed 187(3KB) AllocSpace objects, 0(0B) LOS objects, 28% free, 39MB/55MB, paused 1.148ms total 43.230ms
08-03 20:20:55.582  1770  2041 I art     : Starting a blocking GC Explicit
08-03 20:20:55.622  1770  2041 I art     : Explicit concurrent mark sweep GC freed 174(2960B) AllocSpace objects, 0(0B) LOS objects, 28% free, 39MB/55MB, paused 864us total 40.452ms
08-03 20:20:55.640  1770  2041 I art     : Starting a blocking GC Explicit
08-03 20:20:55.684  1770  2041 I art     : Explicit concurrent mark sweep GC freed 195(3KB) AllocSpace objects, 0(0B) LOS objects, 28% free, 39MB/55MB, paused 795us total 43.823ms
08-03 20:20:55.701  1770  2041 I art     : Starting a blocking GC Explicit
08-03 20:20:55.743  1770  2041 I art     : Explicit concurrent mark sweep GC freed 147(2496B) AllocSpace objects, 0(0B) LOS objects, 28% free, 39MB/55MB, paused 818us total 41.601ms
08-03 20:20:56.150  1770  1787 I art     : Starting a blocking GC Explicit
08-03 20:20:56.194  1770  1787 I art     : Explicit concurrent mark sweep GC freed 2724(104KB) AllocSpace objects, 2(40KB) LOS objects, 28% free, 39MB/55MB, paused 852us total 43.314ms
08-03 20:20:56.214  1770  1787 I art     : Starting a blocking GC Explicit
08-03 20:20:56.256  1770  1787 I art     : Explicit concurrent mark sweep GC freed 214(3KB) AllocSpace objects, 0(0B) LOS objects, 28% free, 39MB/55MB, paused 837us total 41.394ms
08-03 20:20:56.272  1770  1787 I art     : Starting a blocking GC Explicit
08-03 20:20:56.314  1770  1787 I art     : Explicit concurrent mark sweep GC freed 147(2496B) AllocSpace objects, 0(0B) LOS objects, 28% free, 39MB/55MB, paused 878us total 41.038ms
08-03 20:20:56.331  1770  1787 I art     : Starting a blocking GC Explicit
08-03 20:20:56.372  1770  1787 I art     : Explicit concurrent mark sweep GC freed 195(3KB) AllocSpace objects, 0(0B) LOS objects, 28% free, 39MB/55MB, paused 855us total 41.243ms
08-03 20:20:56.389  1770  1787 I art     : Starting a blocking GC Explicit
08-03 20:20:56.425  1770  1787 I art     : Explicit concurrent mark sweep GC freed 147(2496B) AllocSpace objects, 0(0B) LOS objects, 28% free, 39MB/55MB, paused 753us total 35.817ms
08-03 20:20:56.847  1770  2379 I art     : Starting a blocking GC Explicit
08-03 20:20:56.890  1770  2379 I art     : Explicit concurrent mark sweep GC freed 2803(106KB) AllocSpace objects, 2(40KB) LOS objects, 28% free, 39MB/55MB, paused 876us total 42.888ms
08-03 20:20:56.909  1770  2379 I art     : Starting a blocking GC Explicit
08-03 20:20:56.918  2813  2813 D AndroidRuntime: >>>>>> START com.android.internal.os.RuntimeInit uid 2000 <<<<<<
08-03 20:20:56.923  2813  2813 D AndroidRuntime: CheckJNI is OFF
08-03 20:20:56.947  1770  2379 I art     : Explicit concurrent mark sweep GC freed 185(4KB) AllocSpace objects, 0(0B) LOS objects, 28% free, 39MB/55MB, paused 892us total 38.371ms
08-03 20:20:56.963  1770  2379 I art     : Starting a blocking GC Explicit
08-03 20:20:56.970  2813  2813 D ICU     : No timezone override file found: /data/misc/zoneinfo/current/icu/icu_tzdata.dat
08-03 20:20:57.004  1770  2379 I art     : Explicit concurrent mark sweep GC freed 187(3KB) AllocSpace objects, 0(0B) LOS objects, 28% free, 39MB/55MB, paused 1.002ms total 40.235ms
08-03 20:20:57.015  2813  2813 I Radio-JNI: register_android_hardware_Radio DONE
08-03 20:20:57.020  1770  2379 I art     : Starting a blocking GC Explicit
08-03 20:20:57.046  2813  2813 D AndroidRuntime: Calling main entry com.android.commands.input.Input
08-03 20:20:57.048  2813  2813 I Input   : injectMotionEvent: MotionEvent { action=ACTION_DOWN, actionButton=0, id[0]=0, x[0]=693.0, y[0]=1450.0, toolType[0]=TOOL_TYPE_UNKNOWN, buttonState=0, metaState=0, flags=0x0, edgeFlags=0x0, pointerCount=1, historySize=0, eventTime=649273460, downTime=649273460, deviceId=0, source=0x1002 }
08-03 20:20:57.057  2813  2813 I Input   : injectMotionEvent: MotionEvent { action=ACTION_UP, actionButton=0, id[0]=0, x[0]=693.0, y[0]=1450.0, toolType[0]=TOOL_TYPE_UNKNOWN, buttonState=0, metaState=0, flags=0x0, edgeFlags=0x0, pointerCount=1, historySize=0, eventTime=649273460, downTime=649273460, deviceId=0, source=0x1002 }
08-03 20:20:57.058  2813  2813 D AndroidRuntime: Shutting down VM
08-03 20:20:57.060   918  6029 I ActivityManager: START u0 {cmp=baseline.io.github.project_travel_mate/.destinations.description.CityHistoryActivity} from uid 10623 on display 0
08-03 20:20:57.060  1770  2379 I art     : Explicit concurrent mark sweep GC freed 157(2704B) AllocSpace objects, 0(0B) LOS objects, 28% free, 39MB/55MB, paused 1.077ms total 39.285ms
08-03 20:20:57.061   512  2967 D audio_hw_primary: out_set_parameters: enter: usecase(1: low-latency-playback) kvpairs: routing=2
08-03 20:20:57.074   512  2967 D audio_hw_primary: select_devices: out_snd_device(2: speaker) in_snd_device(0: none)
08-03 20:20:57.074   512  2967 D msm8974_platform: platform_send_audio_calibration: sending audio calibration for snd_device(2) acdb_id(15)
08-03 20:20:57.074   512  2967 I soundtrigger: audio_extn_sound_trigger_update_device_status: device 0x2 of type 0 for Event 1
08-03 20:20:57.077  1770  2379 I art     : Starting a blocking GC Explicit
08-03 20:20:57.083   512  2967 D audio_hw_primary: enable_snd_device: snd_device(2: speaker)
08-03 20:20:57.085   512  2967 D audio_hw_primary: enable_audio_route: apply and update mixer path: low-latency-playback speaker
08-03 20:20:57.091  1770  1854 D Gabe    : call	returning from cache
08-03 20:20:57.092  1770  1770 V EXECUTING: https://project-travel-mate.herokuapp.com/api/get-city-information/1
08-03 20:20:57.115  1770  2379 I art     : Explicit concurrent mark sweep GC freed 604(44KB) AllocSpace objects, 0(0B) LOS objects, 28% free, 39MB/55MB, paused 972us total 37.618ms
08-03 20:20:57.243 13866 13866 I GoogleInputMethodServic: GoogleInputMethodService.onFinishInput():3138 
08-03 20:20:57.243   918   936 I ActivityManager: Displayed baseline.io.github.project_travel_mate/.destinations.description.CityHistoryActivity: +171ms
08-03 20:20:57.243 13866 13866 I GoogleInputMethodServic: GoogleInputMethodService.onStartInput():1808 
08-03 20:20:57.470  1770  1834 I art     : Starting a blocking GC Explicit
08-03 20:20:57.497   380   380 W SurfaceFlinger: couldn't log to binary event log: overflow.
08-03 20:20:57.511  1770  1834 I art     : Explicit concurrent mark sweep GC freed 2956(123KB) AllocSpace objects, 2(40KB) LOS objects, 26% free, 44MB/60MB, paused 854us total 40.721ms
08-03 20:20:57.527  1770  1834 I art     : Starting a blocking GC Explicit
08-03 20:20:57.562  1770  1834 I art     : Explicit concurrent mark sweep GC freed 278(5KB) AllocSpace objects, 0(0B) LOS objects, 26% free, 44MB/60MB, paused 867us total 35.072ms
08-03 20:20:57.578  1770  1834 I art     : Starting a blocking GC Explicit
08-03 20:20:57.616  1770  1834 I art     : Explicit concurrent mark sweep GC freed 247(4KB) AllocSpace objects, 0(0B) LOS objects, 26% free, 44MB/60MB, paused 1.009ms total 37.285ms
08-03 20:20:57.628   512  2967 D audio_hw_primary: disable_audio_route: reset and update mixer path: low-latency-playback speaker
08-03 20:20:57.629   512  2967 D audio_hw_primary: disable_snd_device: snd_device(2: speaker)
08-03 20:20:57.634  1770  1834 I art     : Starting a blocking GC Explicit
08-03 20:20:57.638   512  2967 I soundtrigger: audio_extn_sound_trigger_update_device_status: device 0x2 of type 0 for Event 0
08-03 20:20:57.673  1770  1834 I art     : Explicit concurrent mark sweep GC freed 124(2096B) AllocSpace objects, 0(0B) LOS objects, 26% free, 44MB/60MB, paused 1.087ms total 38.797ms
08-03 20:20:57.690  1770  1834 I art     : Starting a blocking GC Explicit
08-03 20:20:57.728  1770  1834 I art     : Explicit concurrent mark sweep GC freed 133(2288B) AllocSpace objects, 0(0B) LOS objects, 26% free, 44MB/60MB, paused 1.100ms total 37.012ms
08-03 20:20:57.929  1770  2837 I NAPPA_EXPERIMENTATION: MetricNetworkRequestExecutionTime: REQUEST_DURATION_SYSTEM='836',REQUEST_DURATION_OKHTTP='38',REQUEST_SYNCHRONOUS='FALSE',RESPONSE_CODE='200',RESPONSE_METHOD='GET',RESPONSE_LENGTH_OKHTTP='55024',RESPONSE_LENGTH_HEADER='55024',REQUEST_PROTOCOL='http/1.1',REQUEST_URL='https://project-travel-mate.herokuapp.com/api/get-city-information/1',
08-03 20:20:57.986  1728  1728 I Atfwd_Sendcmd: AtCmdFwd service not ready - Exhausted retry attempts - :6
08-03 20:20:57.986  1728  1728 I Atfwd_Daemon: result : -1 	 ,Init step :2 	 ,qmiErrorCode: 0
08-03 20:20:58.077  1770  1834 I art     : Starting a blocking GC Explicit
08-03 20:20:58.112 13866 13866 I GoogleInputMethodServic: GoogleInputMethodService.onFinishInput():3138 
08-03 20:20:58.113 13866 13866 I GoogleInputMethodServic: GoogleInputMethodService.onStartInput():1808 
08-03 20:20:58.116  1770  1834 I art     : Explicit concurrent mark sweep GC freed 5905(1331KB) AllocSpace objects, 23(812KB) LOS objects, 26% free, 45MB/61MB, paused 1.003ms total 39.448ms
08-03 20:20:58.133  1770  1834 I art     : Starting a blocking GC Explicit
08-03 20:20:58.173  1770  1834 I art     : Explicit concurrent mark sweep GC freed 1479(241KB) AllocSpace objects, 2(4MB) LOS objects, 28% free, 40MB/56MB, paused 847us total 40.064ms
08-03 20:20:58.190  1770  1834 I art     : Starting a blocking GC Explicit
08-03 20:20:58.231  1770  1834 I art     : Explicit concurrent mark sweep GC freed 221(3KB) AllocSpace objects, 0(0B) LOS objects, 28% free, 40MB/56MB, paused 863us total 41.105ms
08-03 20:20:58.248  1770  1834 I art     : Starting a blocking GC Explicit
08-03 20:20:58.291  1770  1834 I art     : Explicit concurrent mark sweep GC freed 290(4KB) AllocSpace objects, 0(0B) LOS objects, 28% free, 40MB/56MB, paused 842us total 42.399ms
08-03 20:20:58.308  1770  1834 I art     : Starting a blocking GC Explicit
08-03 20:20:58.351  1770  1834 I art     : Explicit concurrent mark sweep GC freed 259(4KB) AllocSpace objects, 0(0B) LOS objects, 28% free, 40MB/56MB, paused 1.066ms total 42.721ms
08-03 20:20:58.721  1770  1788 I art     : Starting a blocking GC Explicit
08-03 20:20:58.815  1770  1788 I art     : Explicit concurrent mark sweep GC freed 3416(115KB) AllocSpace objects, 2(40KB) LOS objects, 28% free, 40MB/56MB, paused 1.349ms total 92.689ms
08-03 20:20:58.842  1770  1788 I art     : Starting a blocking GC Explicit
08-03 20:20:58.887  1770  1788 I art     : Explicit concurrent mark sweep GC freed 391(6KB) AllocSpace objects, 0(0B) LOS objects, 28% free, 40MB/56MB, paused 1.034ms total 45.465ms
08-03 20:20:58.905  1770  1788 I art     : Starting a blocking GC Explicit
08-03 20:20:58.948  1770  1788 I art     : Explicit concurrent mark sweep GC freed 226(3KB) AllocSpace objects, 0(0B) LOS objects, 28% free, 40MB/56MB, paused 941us total 42.388ms
08-03 20:20:58.965  1770  1788 I art     : Starting a blocking GC Explicit
08-03 20:20:59.007  1770  1788 I art     : Explicit concurrent mark sweep GC freed 294(4KB) AllocSpace objects, 0(0B) LOS objects, 28% free, 40MB/56MB, paused 850us total 41.746ms
08-03 20:20:59.024  1770  1788 I art     : Starting a blocking GC Explicit
08-03 20:20:59.069  1770  1788 I art     : Explicit concurrent mark sweep GC freed 269(4KB) AllocSpace objects, 0(0B) LOS objects, 28% free, 40MB/56MB, paused 1ms total 44.576ms
08-03 20:20:59.477  1770  2041 I art     : Starting a blocking GC Explicit
08-03 20:20:59.523  1770  2041 I art     : Explicit concurrent mark sweep GC freed 3394(115KB) AllocSpace objects, 2(40KB) LOS objects, 28% free, 40MB/56MB, paused 851us total 46.284ms
08-03 20:20:59.541  1770  2041 I art     : Starting a blocking GC Explicit
08-03 20:20:59.587  1770  2041 I art     : Explicit concurrent mark sweep GC freed 298(5KB) AllocSpace objects, 0(0B) LOS objects, 28% free, 40MB/56MB, paused 1.095ms total 45.348ms
08-03 20:20:59.604  1770  2041 I art     : Starting a blocking GC Explicit
08-03 20:20:59.649  1770  2041 I art     : Explicit concurrent mark sweep GC freed 265(5KB) AllocSpace objects, 0(0B) LOS objects, 28% free, 40MB/56MB, paused 874us total 44.384ms
08-03 20:20:59.666  1770  2041 I art     : Starting a blocking GC Explicit
08-03 20:20:59.713  1770  2041 I art     : Explicit concurrent mark sweep GC freed 306(5KB) AllocSpace objects, 0(0B) LOS objects, 28% free, 40MB/56MB, paused 936us total 46.626ms
08-03 20:20:59.735  1770  2041 I art     : Starting a blocking GC Explicit
08-03 20:20:59.778  1770  2041 I art     : Explicit concurrent mark sweep GC freed 291(4KB) AllocSpace objects, 0(0B) LOS objects, 28% free, 40MB/56MB, paused 944us total 43.109ms
08-03 20:21:00.167  1770  2379 I art     : Starting a blocking GC Explicit
08-03 20:21:00.217  1770  2379 I art     : Explicit concurrent mark sweep GC freed 3299(113KB) AllocSpace objects, 2(40KB) LOS objects, 28% free, 40MB/56MB, paused 899us total 49.058ms
08-03 20:21:00.237  1770  2379 I art     : Starting a blocking GC Explicit
08-03 20:21:00.280  1770  2379 I art     : Explicit concurrent mark sweep GC freed 312(5KB) AllocSpace objects, 0(0B) LOS objects, 28% free, 40MB/56MB, paused 909us total 42.927ms
08-03 20:21:00.297  1770  2379 I art     : Starting a blocking GC Explicit
08-03 20:21:00.343  1770  2379 I art     : Explicit concurrent mark sweep GC freed 291(4KB) AllocSpace objects, 0(0B) LOS objects, 28% free, 40MB/56MB, paused 905us total 45.219ms
08-03 20:21:00.360  1770  2379 I art     : Starting a blocking GC Explicit
08-03 20:21:00.403  1770  2379 I art     : Explicit concurrent mark sweep GC freed 241(3KB) AllocSpace objects, 0(0B) LOS objects, 28% free, 40MB/56MB, paused 1.131ms total 42.564ms
08-03 20:21:00.420  1770  2379 I art     : Starting a blocking GC Explicit
08-03 20:21:00.466  1770  2379 I art     : Explicit concurrent mark sweep GC freed 269(4KB) AllocSpace objects, 0(0B) LOS objects, 28% free, 40MB/56MB, paused 925us total 45.255ms
08-03 20:21:00.870  1770  1834 I art     : Starting a blocking GC Explicit
08-03 20:21:00.917  1770  1834 I art     : Explicit concurrent mark sweep GC freed 3371(114KB) AllocSpace objects, 2(40KB) LOS objects, 28% free, 40MB/56MB, paused 888us total 46.834ms
08-03 20:21:00.934  1770  1834 I art     : Starting a blocking GC Explicit
08-03 20:21:00.980  1770  1834 I art     : Explicit concurrent mark sweep GC freed 309(5KB) AllocSpace objects, 0(0B) LOS objects, 28% free, 40MB/56MB, paused 940us total 45.338ms
08-03 20:21:00.997  1770  1834 I art     : Starting a blocking GC Explicit
08-03 20:21:01.043  1770  1834 I art     : Explicit concurrent mark sweep GC freed 292(4KB) AllocSpace objects, 0(0B) LOS objects, 28% free, 40MB/56MB, paused 902us total 45.552ms
08-03 20:21:01.061  1770  1834 I art     : Starting a blocking GC Explicit
08-03 20:21:01.107  1770  1834 I art     : Explicit concurrent mark sweep GC freed 290(4KB) AllocSpace objects, 0(0B) LOS objects, 28% free, 40MB/56MB, paused 902us total 45.783ms
08-03 20:21:01.124  1770  1834 I art     : Starting a blocking GC Explicit
08-03 20:21:01.171  1770  1834 I art     : Explicit concurrent mark sweep GC freed 238(3KB) AllocSpace objects, 0(0B) LOS objects, 28% free, 40MB/56MB, paused 1.058ms total 45.882ms
08-03 20:21:01.538  1770  1787 I art     : Starting a blocking GC Explicit
08-03 20:21:01.580  1770  1787 I art     : Explicit concurrent mark sweep GC freed 3210(112KB) AllocSpace objects, 2(40KB) LOS objects, 28% free, 40MB/56MB, paused 889us total 40.951ms
08-03 20:21:01.597  1770  1787 I art     : Starting a blocking GC Explicit
08-03 20:21:01.640  1770  1787 I art     : Explicit concurrent mark sweep GC freed 267(4KB) AllocSpace objects, 0(0B) LOS objects, 28% free, 40MB/56MB, paused 1.065ms total 42.727ms
08-03 20:21:01.657  1770  1787 I art     : Starting a blocking GC Explicit
08-03 20:21:01.702  1770  1787 I art     : Explicit concurrent mark sweep GC freed 262(4KB) AllocSpace objects, 0(0B) LOS objects, 28% free, 40MB/56MB, paused 903us total 43.936ms
08-03 20:21:01.719  1770  1787 I art     : Starting a blocking GC Explicit
08-03 20:21:01.763  1770  1787 I art     : Explicit concurrent mark sweep GC freed 290(4KB) AllocSpace objects, 0(0B) LOS objects, 28% free, 40MB/56MB, paused 921us total 43.495ms
08-03 20:21:01.780  1770  1787 I art     : Starting a blocking GC Explicit
08-03 20:21:01.823  1770  1787 I art     : Explicit concurrent mark sweep GC freed 242(3KB) AllocSpace objects, 0(0B) LOS objects, 28% free, 40MB/56MB, paused 1.036ms total 43.109ms
08-03 20:21:01.861  2901  2901 D AndroidRuntime: >>>>>> START com.android.internal.os.RuntimeInit uid 2000 <<<<<<
08-03 20:21:01.867  2901  2901 D AndroidRuntime: CheckJNI is OFF
08-03 20:21:01.911  2901  2901 D ICU     : No timezone override file found: /data/misc/zoneinfo/current/icu/icu_tzdata.dat
08-03 20:21:01.957  2901  2901 I Radio-JNI: register_android_hardware_Radio DONE
08-03 20:21:01.987  2901  2901 D AndroidRuntime: Calling main entry com.android.commands.input.Input
08-03 20:21:01.989  2901  2901 I Input   : injectKeyEvent: KeyEvent { action=ACTION_DOWN, keyCode=KEYCODE_BACK, scanCode=0, metaState=0, flags=0x0, repeatCount=0, eventTime=649278402, downTime=649278402, deviceId=-1, source=0x101 }
08-03 20:21:01.995  2901  2901 I Input   : injectKeyEvent: KeyEvent { action=ACTION_UP, keyCode=KEYCODE_BACK, scanCode=0, metaState=0, flags=0x0, repeatCount=0, eventTime=649278402, downTime=649278402, deviceId=-1, source=0x101 }
08-03 20:21:02.002  2901  2901 D AndroidRuntime: Shutting down VM
08-03 20:21:02.050 13866 13866 I GoogleInputMethodServic: GoogleInputMethodService.onFinishInput():3138 
08-03 20:21:02.051 13866 13866 I GoogleInputMethodServic: GoogleInputMethodService.onStartInput():1808 
08-03 20:21:02.196  1770  1834 I art     : Starting a blocking GC Explicit
08-03 20:21:02.236  1770  1834 I art     : Explicit concurrent mark sweep GC freed 3241(115KB) AllocSpace objects, 2(40KB) LOS objects, 28% free, 40MB/56MB, paused 829us total 39.111ms
08-03 20:21:02.253  1770  1834 I art     : Starting a blocking GC Explicit
08-03 20:21:02.293  1770  1834 I art     : Explicit concurrent mark sweep GC freed 313(5KB) AllocSpace objects, 0(0B) LOS objects, 28% free, 40MB/56MB, paused 808us total 39.185ms
08-03 20:21:02.309  1770  1834 I art     : Starting a blocking GC Explicit
08-03 20:21:02.348  1770  1834 I art     : Explicit concurrent mark sweep GC freed 220(3KB) AllocSpace objects, 0(0B) LOS objects, 28% free, 40MB/56MB, paused 896us total 38.152ms
08-03 20:21:02.364  1770  1834 I art     : Starting a blocking GC Explicit
08-03 20:21:02.369   380   380 W SurfaceFlinger: couldn't log to binary event log: overflow.
08-03 20:21:02.405  1770  1834 I art     : Explicit concurrent mark sweep GC freed 197(3KB) AllocSpace objects, 2(364KB) LOS objects, 28% free, 40MB/56MB, paused 882us total 41.176ms
08-03 20:21:02.422  1770  1834 I art     : Starting a blocking GC Explicit
08-03 20:21:02.463  1770  1834 I art     : Explicit concurrent mark sweep GC freed 4895(342KB) AllocSpace objects, 7(132KB) LOS objects, 28% free, 39MB/55MB, paused 850us total 40.453ms
08-03 20:21:02.840  1770  1787 I art     : Starting a blocking GC Explicit
08-03 20:21:02.879  1770  1787 I art     : Explicit concurrent mark sweep GC freed 2660(104KB) AllocSpace objects, 2(40KB) LOS objects, 28% free, 39MB/55MB, paused 871us total 39.365ms
08-03 20:21:02.896  1770  1787 I art     : Starting a blocking GC Explicit
08-03 20:21:02.935  1770  1787 I art     : Explicit concurrent mark sweep GC freed 184(4KB) AllocSpace objects, 0(0B) LOS objects, 28% free, 39MB/55MB, paused 850us total 38.529ms
08-03 20:21:02.952  1770  1787 I art     : Starting a blocking GC Explicit
08-03 20:21:02.987  1728  1728 I ServiceManager: Waiting for service AtCmdFwd...
08-03 20:21:02.992  1770  1787 I art     : Explicit concurrent mark sweep GC freed 190(3KB) AllocSpace objects, 0(0B) LOS objects, 28% free, 39MB/55MB, paused 926us total 39.979ms
08-03 20:21:03.010  1770  1787 I art     : Starting a blocking GC Explicit
08-03 20:21:03.049  1770  1787 I art     : Explicit concurrent mark sweep GC freed 152(2592B) AllocSpace objects, 0(0B) LOS objects, 28% free, 39MB/55MB, paused 869us total 39.235ms
08-03 20:21:03.066  1770  1787 I art     : Starting a blocking GC Explicit
08-03 20:21:03.106  1770  1787 I art     : Explicit concurrent mark sweep GC freed 151(2560B) AllocSpace objects, 0(0B) LOS objects, 28% free, 39MB/55MB, paused 972us total 39.677ms
08-03 20:21:03.460  1770  2041 I art     : Starting a blocking GC Explicit
08-03 20:21:03.500  1770  2041 I art     : Explicit concurrent mark sweep GC freed 2575(101KB) AllocSpace objects, 2(40KB) LOS objects, 28% free, 39MB/55MB, paused 902us total 39.440ms
08-03 20:21:03.517  1770  2041 I art     : Starting a blocking GC Explicit
08-03 20:21:03.557  1770  2041 I art     : Explicit concurrent mark sweep GC freed 172(3KB) AllocSpace objects, 0(0B) LOS objects, 28% free, 39MB/55MB, paused 1.154ms total 39.883ms
08-03 20:21:03.574  1770  2041 I art     : Starting a blocking GC Explicit
08-03 20:21:03.616  1770  2041 I art     : Explicit concurrent mark sweep GC freed 188(3KB) AllocSpace objects, 0(0B) LOS objects, 28% free, 39MB/55MB, paused 904us total 42.039ms
08-03 20:21:03.633  1770  2041 I art     : Starting a blocking GC Explicit
08-03 20:21:03.675  1770  2041 I art     : Explicit concurrent mark sweep GC freed 185(3KB) AllocSpace objects, 0(0B) LOS objects, 28% free, 39MB/55MB, paused 959us total 41.050ms
08-03 20:21:03.692  1770  2041 I art     : Starting a blocking GC Explicit
08-03 20:21:03.733  1770  2041 I art     : Explicit concurrent mark sweep GC freed 158(2704B) AllocSpace objects, 0(0B) LOS objects, 28% free, 39MB/55MB, paused 973us total 41.386ms
08-03 20:21:03.786  2944  2944 D AndroidRuntime: >>>>>> START com.android.internal.os.RuntimeInit uid 2000 <<<<<<
08-03 20:21:03.792  2944  2944 D AndroidRuntime: CheckJNI is OFF
08-03 20:21:03.837  2944  2944 D ICU     : No timezone override file found: /data/misc/zoneinfo/current/icu/icu_tzdata.dat
08-03 20:21:03.882  2944  2944 I Radio-JNI: register_android_hardware_Radio DONE
08-03 20:21:03.911  2944  2944 D AndroidRuntime: Calling main entry com.android.commands.input.Input
08-03 20:21:03.913  2944  2944 I Input   : injectKeyEvent: KeyEvent { action=ACTION_DOWN, keyCode=KEYCODE_BACK, scanCode=0, metaState=0, flags=0x0, repeatCount=0, eventTime=649280326, downTime=649280326, deviceId=-1, source=0x101 }
08-03 20:21:03.919  2944  2944 I Input   : injectKeyEvent: KeyEvent { action=ACTION_UP, keyCode=KEYCODE_BACK, scanCode=0, metaState=0, flags=0x0, repeatCount=0, eventTime=649280326, downTime=649280326, deviceId=-1, source=0x101 }
08-03 20:21:03.928  2944  2944 D AndroidRuntime: Shutting down VM
08-03 20:21:03.939  1770  1770 V MainActivity: url = https://project-travel-mate.herokuapp.com/api/number-of-unread-notifications
08-03 20:21:03.970 13866 13866 I GoogleInputMethodServic: GoogleInputMethodService.onFinishInput():3138 
08-03 20:21:03.973 13866 13866 I GoogleInputMethodServic: GoogleInputMethodService.onStartInput():1808 
08-03 20:21:03.987  1728  1728 I ServiceManager: Waiting for service AtCmdFwd...
08-03 20:21:04.117  1770  2041 I art     : Starting a blocking GC Explicit
08-03 20:21:04.154  1770  2041 I art     : Explicit concurrent mark sweep GC freed 3140(126KB) AllocSpace objects, 2(40KB) LOS objects, 28% free, 39MB/55MB, paused 950us total 36.720ms
08-03 20:21:04.170  1770  2041 I art     : Starting a blocking GC Explicit
08-03 20:21:04.207  1770  2041 I art     : Explicit concurrent mark sweep GC freed 272(7KB) AllocSpace objects, 0(0B) LOS objects, 28% free, 39MB/55MB, paused 1.032ms total 36.153ms
08-03 20:21:04.223  1770  2041 I art     : Starting a blocking GC Explicit
08-03 20:21:04.259  1770  2041 I art     : Explicit concurrent mark sweep GC freed 170(2960B) AllocSpace objects, 0(0B) LOS objects, 28% free, 39MB/55MB, paused 860us total 35.726ms
08-03 20:21:04.271   380   380 W SurfaceFlinger: couldn't log to binary event log: overflow.
08-03 20:21:04.275  1770  2041 I art     : Starting a blocking GC Explicit
08-03 20:21:04.312  1770  2041 I art     : Explicit concurrent mark sweep GC freed 116(2304B) AllocSpace objects, 0(0B) LOS objects, 28% free, 39MB/55MB, paused 933us total 36.198ms
08-03 20:21:04.328  1770  2041 I art     : Starting a blocking GC Explicit
08-03 20:21:04.366  1770  2041 I art     : Explicit concurrent mark sweep GC freed 192(7KB) AllocSpace objects, 0(0B) LOS objects, 28% free, 39MB/55MB, paused 933us total 37.785ms
08-03 20:21:04.482  1770  2986 I NAPPA_EXPERIMENTATION: MetricNetworkRequestExecutionTime: REQUEST_DURATION_SYSTEM='542',REQUEST_DURATION_OKHTTP='41',REQUEST_SYNCHRONOUS='FALSE',RESPONSE_CODE='200',RESPONSE_METHOD='GET',RESPONSE_LENGTH_OKHTTP='36',RESPONSE_LENGTH_HEADER='36',REQUEST_PROTOCOL='http/1.1',REQUEST_URL='https://project-travel-mate.herokuapp.com/api/number-of-unread-notifications',
08-03 20:21:04.737  1770  2379 I art     : Starting a blocking GC Explicit
08-03 20:21:04.783  1770  2379 I art     : Explicit concurrent mark sweep GC freed 4859(242KB) AllocSpace objects, 5(240KB) LOS objects, 28% free, 39MB/55MB, paused 1.222ms total 45.506ms
08-03 20:21:04.800  1770  2379 I art     : Starting a blocking GC Explicit
08-03 20:21:04.840  1770  2379 I art     : Explicit concurrent mark sweep GC freed 1042(118KB) AllocSpace objects, 0(0B) LOS objects, 28% free, 39MB/55MB, paused 1.013ms total 39.808ms
08-03 20:21:04.857  1770  2379 I art     : Starting a blocking GC Explicit
08-03 20:21:04.897  1770  2379 I art     : Explicit concurrent mark sweep GC freed 85(1472B) AllocSpace objects, 0(0B) LOS objects, 28% free, 39MB/55MB, paused 908us total 39.654ms
08-03 20:21:04.913  1770  2379 I art     : Starting a blocking GC Explicit
08-03 20:21:04.953  1770  2379 I art     : Explicit concurrent mark sweep GC freed 75(1296B) AllocSpace objects, 0(0B) LOS objects, 28% free, 39MB/55MB, paused 901us total 39.441ms
08-03 20:21:04.970  1770  2379 I art     : Starting a blocking GC Explicit
08-03 20:21:04.988  1728  1728 I ServiceManager: Waiting for service AtCmdFwd...
08-03 20:21:05.011  1770  2379 I art     : Explicit concurrent mark sweep GC freed 99(1696B) AllocSpace objects, 0(0B) LOS objects, 28% free, 39MB/55MB, paused 925us total 40.887ms
08-03 20:21:05.374  1770  1788 I art     : Starting a blocking GC Explicit
08-03 20:21:05.415  1770  1788 I art     : Explicit concurrent mark sweep GC freed 2004(92KB) AllocSpace objects, 2(40KB) LOS objects, 28% free, 39MB/55MB, paused 923us total 40.711ms
08-03 20:21:05.432  1770  1788 I art     : Starting a blocking GC Explicit
08-03 20:21:05.471  1770  1788 I art     : Explicit concurrent mark sweep GC freed 94(1984B) AllocSpace objects, 0(0B) LOS objects, 28% free, 39MB/55MB, paused 989us total 39.115ms
08-03 20:21:05.489  1770  1788 I art     : Starting a blocking GC Explicit
08-03 20:21:05.528  1770  1788 I art     : Explicit concurrent mark sweep GC freed 98(1664B) AllocSpace objects, 0(0B) LOS objects, 28% free, 39MB/55MB, paused 968us total 39.614ms
08-03 20:21:05.545  1770  1788 I art     : Starting a blocking GC Explicit
08-03 20:21:05.588  1770  1788 I art     : Explicit concurrent mark sweep GC freed 90(2048B) AllocSpace objects, 0(0B) LOS objects, 28% free, 39MB/55MB, paused 1.211ms total 42.859ms
08-03 20:21:05.606  1770  1788 I art     : Starting a blocking GC Explicit
08-03 20:21:05.649  1770  1788 I art     : Explicit concurrent mark sweep GC freed 129(3KB) AllocSpace objects, 0(0B) LOS objects, 28% free, 39MB/55MB, paused 1.108ms total 42.104ms
08-03 20:21:05.704  3004  3004 D AndroidRuntime: >>>>>> START com.android.internal.os.RuntimeInit uid 2000 <<<<<<
08-03 20:21:05.710  3004  3004 D AndroidRuntime: CheckJNI is OFF
08-03 20:21:05.753  3004  3004 D ICU     : No timezone override file found: /data/misc/zoneinfo/current/icu/icu_tzdata.dat
08-03 20:21:05.796  3004  3004 I Radio-JNI: register_android_hardware_Radio DONE
08-03 20:21:05.824  3004  3004 D AndroidRuntime: Calling main entry com.android.commands.input.Input
08-03 20:21:05.827  3004  3004 I Input   : injectMotionEvent: MotionEvent { action=ACTION_DOWN, actionButton=0, id[0]=0, x[0]=117.0, y[0]=170.0, toolType[0]=TOOL_TYPE_UNKNOWN, buttonState=0, metaState=0, flags=0x0, edgeFlags=0x0, pointerCount=1, historySize=0, eventTime=649282239, downTime=649282239, deviceId=0, source=0x1002 }
08-03 20:21:05.834  3004  3004 I Input   : injectMotionEvent: MotionEvent { action=ACTION_UP, actionButton=0, id[0]=0, x[0]=117.0, y[0]=170.0, toolType[0]=TOOL_TYPE_UNKNOWN, buttonState=0, metaState=0, flags=0x0, edgeFlags=0x0, pointerCount=1, historySize=0, eventTime=649282239, downTime=649282239, deviceId=0, source=0x1002 }
08-03 20:21:05.836  3004  3004 D AndroidRuntime: Shutting down VM
08-03 20:21:05.848   512  2967 D audio_hw_primary: out_set_parameters: enter: usecase(1: low-latency-playback) kvpairs: routing=2
08-03 20:21:05.861   512  2967 D audio_hw_primary: select_devices: out_snd_device(2: speaker) in_snd_device(0: none)
08-03 20:21:05.862   512  2967 D msm8974_platform: platform_send_audio_calibration: sending audio calibration for snd_device(2) acdb_id(15)
08-03 20:21:05.862   512  2967 I soundtrigger: audio_extn_sound_trigger_update_device_status: device 0x2 of type 0 for Event 1
08-03 20:21:05.872   512  2967 D audio_hw_primary: enable_snd_device: snd_device(2: speaker)
08-03 20:21:05.874   512  2967 D audio_hw_primary: enable_audio_route: apply and update mixer path: low-latency-playback speaker
08-03 20:21:05.988  1728  1728 I ServiceManager: Waiting for service AtCmdFwd...
08-03 20:21:06.027  1770  2041 I art     : Starting a blocking GC Explicit
08-03 20:21:06.070  1770  2041 I art     : Explicit concurrent mark sweep GC freed 2427(115KB) AllocSpace objects, 2(40KB) LOS objects, 28% free, 40MB/56MB, paused 1.082ms total 42.103ms
08-03 20:21:06.087  1770  2041 I art     : Starting a blocking GC Explicit
08-03 20:21:06.124  1770  2041 I art     : Explicit concurrent mark sweep GC freed 118(2928B) AllocSpace objects, 0(0B) LOS objects, 28% free, 40MB/56MB, paused 858us total 36.944ms
08-03 20:21:06.140  1770  2041 I art     : Starting a blocking GC Explicit
08-03 20:21:06.179  1770  2041 I art     : Explicit concurrent mark sweep GC freed 101(1760B) AllocSpace objects, 0(0B) LOS objects, 28% free, 40MB/56MB, paused 932us total 38.555ms
08-03 20:21:06.195  1770  2041 I art     : Starting a blocking GC Explicit
08-03 20:21:06.232  1770  2041 I art     : Explicit concurrent mark sweep GC freed 75(1296B) AllocSpace objects, 0(0B) LOS objects, 28% free, 40MB/56MB, paused 826us total 36.241ms
08-03 20:21:06.248  1770  2041 I art     : Starting a blocking GC Explicit
08-03 20:21:06.284  1770  2041 I art     : Explicit concurrent mark sweep GC freed 82(1520B) AllocSpace objects, 0(0B) LOS objects, 28% free, 40MB/56MB, paused 863us total 35.914ms
08-03 20:21:06.409   512  2967 D audio_hw_primary: disable_audio_route: reset and update mixer path: low-latency-playback speaker
08-03 20:21:06.412   512  2967 D audio_hw_primary: disable_snd_device: snd_device(2: speaker)
08-03 20:21:06.419   512  2967 I soundtrigger: audio_extn_sound_trigger_update_device_status: device 0x2 of type 0 for Event 0
08-03 20:21:06.593  3036  3036 D AndroidRuntime: >>>>>> START com.android.internal.os.RuntimeInit uid 2000 <<<<<<
08-03 20:21:06.599  3036  3036 D AndroidRuntime: CheckJNI is OFF
08-03 20:21:06.643  3036  3036 D ICU     : No timezone override file found: /data/misc/zoneinfo/current/icu/icu_tzdata.dat
08-03 20:21:06.660  1770  1788 I art     : Starting a blocking GC Explicit
08-03 20:21:06.686  3036  3036 I Radio-JNI: register_android_hardware_Radio DONE
08-03 20:21:06.702  1770  1788 I art     : Explicit concurrent mark sweep GC freed 2029(93KB) AllocSpace objects, 2(40KB) LOS objects, 28% free, 40MB/56MB, paused 962us total 41.281ms
08-03 20:21:06.715  3036  3036 D AndroidRuntime: Calling main entry com.android.commands.input.Input
08-03 20:21:06.718  3036  3036 I Input   : injectMotionEvent: MotionEvent { action=ACTION_DOWN, actionButton=0, id[0]=0, x[0]=355.0, y[0]=1674.0, toolType[0]=TOOL_TYPE_UNKNOWN, buttonState=0, metaState=0, flags=0x0, edgeFlags=0x0, pointerCount=1, historySize=0, eventTime=649283130, downTime=649283130, deviceId=0, source=0x1002 }
08-03 20:21:06.719  1770  1788 I art     : Starting a blocking GC Explicit
08-03 20:21:06.722  3036  3036 I Input   : injectMotionEvent: MotionEvent { action=ACTION_UP, actionButton=0, id[0]=0, x[0]=355.0, y[0]=1674.0, toolType[0]=TOOL_TYPE_UNKNOWN, buttonState=0, metaState=0, flags=0x0, edgeFlags=0x0, pointerCount=1, historySize=0, eventTime=649283130, downTime=649283130, deviceId=0, source=0x1002 }
08-03 20:21:06.724  3036  3036 D AndroidRuntime: Shutting down VM
08-03 20:21:06.730   512  2967 D audio_hw_primary: out_set_parameters: enter: usecase(1: low-latency-playback) kvpairs: routing=2
08-03 20:21:06.744   512  2967 D audio_hw_primary: select_devices: out_snd_device(2: speaker) in_snd_device(0: none)
08-03 20:21:06.744   512  2967 D msm8974_platform: platform_send_audio_calibration: sending audio calibration for snd_device(2) acdb_id(15)
08-03 20:21:06.745   512  2967 I soundtrigger: audio_extn_sound_trigger_update_device_status: device 0x2 of type 0 for Event 1
08-03 20:21:06.753   512  2967 D audio_hw_primary: enable_snd_device: snd_device(2: speaker)
08-03 20:21:06.755   512  2967 D audio_hw_primary: enable_audio_route: apply and update mixer path: low-latency-playback speaker
08-03 20:21:06.759  1770  1788 I art     : Explicit concurrent mark sweep GC freed 510(22KB) AllocSpace objects, 0(0B) LOS objects, 27% free, 42MB/58MB, paused 1.023ms total 40.111ms
08-03 20:21:06.776  1770  1788 I art     : Starting a blocking GC Explicit
08-03 20:21:06.796   512  2967 D AudioFlinger: mixer(0xf4740000) throttle end: throttle time(12)
08-03 20:21:06.812  1770  1788 I art     : Explicit concurrent mark sweep GC freed 1368(143KB) AllocSpace objects, 0(0B) LOS objects, 23% free, 50MB/66MB, paused 988us total 36.510ms
08-03 20:21:06.829  1770  1788 I art     : Starting a blocking GC Explicit
08-03 20:21:06.867  1770  1788 I art     : Explicit concurrent mark sweep GC freed 15(640B) AllocSpace objects, 0(0B) LOS objects, 23% free, 50MB/66MB, paused 1.003ms total 38.614ms
08-03 20:21:06.884  1770  1788 I art     : Starting a blocking GC Explicit
08-03 20:21:06.922  1770  1788 I art     : Explicit concurrent mark sweep GC freed 6(240B) AllocSpace objects, 0(0B) LOS objects, 17% free, 73MB/89MB, paused 997us total 38.196ms
08-03 20:21:06.988  1728  1728 I ServiceManager: Waiting for service AtCmdFwd...
08-03 20:21:07.287  1770  1787 I art     : Starting a blocking GC Explicit
08-03 20:21:07.288   512  2967 D audio_hw_primary: disable_audio_route: reset and update mixer path: low-latency-playback speaker
08-03 20:21:07.289   512  2967 D audio_hw_primary: disable_snd_device: snd_device(2: speaker)
08-03 20:21:07.298   512  2967 I soundtrigger: audio_extn_sound_trigger_update_device_status: device 0x2 of type 0 for Event 0
08-03 20:21:07.326  1770  1787 I art     : Explicit concurrent mark sweep GC freed 21(1744B) AllocSpace objects, 0(0B) LOS objects, 12% free, 115MB/131MB, paused 1.008ms total 38.521ms
08-03 20:21:07.343  1770  1787 I art     : Starting a blocking GC Explicit
08-03 20:21:07.381  1770  1787 I art     : Explicit concurrent mark sweep GC freed 3(96B) AllocSpace objects, 0(0B) LOS objects, 12% free, 115MB/131MB, paused 1.016ms total 38.430ms
08-03 20:21:07.398  1770  1787 I art     : Starting a blocking GC Explicit
08-03 20:21:07.436  1770  1787 I art     : Explicit concurrent mark sweep GC freed 3(96B) AllocSpace objects, 0(0B) LOS objects, 12% free, 115MB/131MB, paused 998us total 37.766ms
08-03 20:21:07.453  1770  1787 I art     : Starting a blocking GC Explicit
08-03 20:21:07.492  1770  1787 I art     : Explicit concurrent mark sweep GC freed 3(96B) AllocSpace objects, 0(0B) LOS objects, 12% free, 115MB/131MB, paused 1.058ms total 38.456ms
08-03 20:21:07.509  1770  1787 I art     : Starting a blocking GC Explicit
08-03 20:21:07.548  1770  1787 I art     : Explicit concurrent mark sweep GC freed 7(272B) AllocSpace objects, 0(0B) LOS objects, 10% free, 134MB/150MB, paused 1.062ms total 38.633ms
08-03 20:21:07.548  1770  1786 I art     : WaitForGcToComplete blocked for 38.932ms for cause Background
08-03 20:21:07.670  1770  1770 I Choreographer: Skipped 55 frames!  The application may be doing too much work on its main thread.
08-03 20:21:07.671  1770  1770 V MainActivity: url = https://project-travel-mate.herokuapp.com/api/number-of-unread-notifications
08-03 20:21:07.919  1770  1788 I art     : Starting a blocking GC Explicit
08-03 20:21:07.965  1770  1788 I art     : Explicit concurrent mark sweep GC freed 3190(150KB) AllocSpace objects, 11(288KB) LOS objects, 10% free, 134MB/150MB, paused 1.075ms total 45.402ms
08-03 20:21:07.985  1770  1788 I art     : Starting a blocking GC Explicit
08-03 20:21:07.989  1728  1728 W Atfwd_Sendcmd: AtCmdFwd service not published, waiting... retryCnt : 1
08-03 20:21:08.028  1770  1788 I art     : Explicit concurrent mark sweep GC freed 920(53KB) AllocSpace objects, 0(0B) LOS objects, 10% free, 134MB/150MB, paused 1.077ms total 42.634ms
08-03 20:21:08.045  1770  1788 I art     : Starting a blocking GC Explicit
08-03 20:21:08.087  1770  1788 I art     : Explicit concurrent mark sweep GC freed 3(96B) AllocSpace objects, 0(0B) LOS objects, 10% free, 134MB/150MB, paused 1.003ms total 41.498ms
08-03 20:21:08.107  1770  1788 I art     : Starting a blocking GC Explicit
08-03 20:21:08.152  1770  1788 I art     : Explicit concurrent mark sweep GC freed 3(96B) AllocSpace objects, 0(0B) LOS objects, 10% free, 134MB/150MB, paused 1.005ms total 44.022ms
08-03 20:21:08.169  1770  1788 I art     : Starting a blocking GC Explicit
08-03 20:21:08.211  1770  1788 I art     : Explicit concurrent mark sweep GC freed 726(58KB) AllocSpace objects, 2(120KB) LOS objects, 10% free, 134MB/150MB, paused 1.284ms total 41.681ms
08-03 20:21:08.276  1770  3068 I NAPPA_EXPERIMENTATION: MetricNetworkRequestExecutionTime: REQUEST_DURATION_SYSTEM='604',REQUEST_DURATION_OKHTTP='40',REQUEST_SYNCHRONOUS='FALSE',RESPONSE_CODE='200',RESPONSE_METHOD='GET',RESPONSE_LENGTH_OKHTTP='36',RESPONSE_LENGTH_HEADER='36',REQUEST_PROTOCOL='http/1.1',REQUEST_URL='https://project-travel-mate.herokuapp.com/api/number-of-unread-notifications',
08-03 20:21:08.537   918  3188 I hubconnection: sensorhub said: 'set_bias 3: -6.2400, 0.0000, 0.0000'
08-03 20:21:08.639  1770  1787 I art     : Starting a blocking GC Explicit
08-03 20:21:08.694  1770  1787 I art     : Explicit concurrent mark sweep GC freed 3810(206KB) AllocSpace objects, 3(116KB) LOS objects, 10% free, 134MB/150MB, paused 934us total 55.069ms
08-03 20:21:08.717  1770  1787 I art     : Starting a blocking GC Explicit
08-03 20:21:08.765  1770  1787 I art     : Explicit concurrent mark sweep GC freed 708(85KB) AllocSpace objects, 0(0B) LOS objects, 10% free, 134MB/150MB, paused 915us total 47.850ms
08-03 20:21:08.782  1770  1787 I art     : Starting a blocking GC Explicit
08-03 20:21:08.828  1770  1787 I art     : Explicit concurrent mark sweep GC freed 3(96B) AllocSpace objects, 0(0B) LOS objects, 10% free, 134MB/150MB, paused 1.007ms total 45.936ms
08-03 20:21:08.849  1770  1787 I art     : Starting a blocking GC Explicit
08-03 20:21:08.897  1770  1787 I art     : Explicit concurrent mark sweep GC freed 3(96B) AllocSpace objects, 0(0B) LOS objects, 10% free, 134MB/150MB, paused 914us total 47.540ms
08-03 20:21:08.914  1770  1787 I art     : Starting a blocking GC Explicit
08-03 20:21:08.959  1770  1787 I art     : Explicit concurrent mark sweep GC freed 3(96B) AllocSpace objects, 0(0B) LOS objects, 10% free, 134MB/150MB, paused 976us total 44.682ms
08-03 20:21:09.348  1770  1788 I art     : Starting a blocking GC Explicit
08-03 20:21:09.393  1770  1788 I art     : Explicit concurrent mark sweep GC freed 1440(83KB) AllocSpace objects, 2(36KB) LOS objects, 10% free, 134MB/150MB, paused 1.057ms total 44.003ms
08-03 20:21:09.411  1770  1788 I art     : Starting a blocking GC Explicit
08-03 20:21:09.456  1770  1788 I art     : Explicit concurrent mark sweep GC freed 31(1072B) AllocSpace objects, 0(0B) LOS objects, 10% free, 134MB/150MB, paused 1.056ms total 44.988ms
08-03 20:21:09.474  1770  1788 I art     : Starting a blocking GC Explicit
08-03 20:21:09.519  1770  1788 I art     : Explicit concurrent mark sweep GC freed 10(320B) AllocSpace objects, 0(0B) LOS objects, 10% free, 134MB/150MB, paused 949us total 44.266ms
08-03 20:21:09.538  1770  1788 I art     : Starting a blocking GC Explicit
08-03 20:21:09.580  1770  1788 I art     : Explicit concurrent mark sweep GC freed 4(128B) AllocSpace objects, 0(0B) LOS objects, 10% free, 134MB/150MB, paused 949us total 42.103ms
08-03 20:21:09.597  1770  1788 I art     : Starting a blocking GC Explicit
08-03 20:21:09.602  3098  3098 D AndroidRuntime: >>>>>> START com.android.internal.os.RuntimeInit uid 2000 <<<<<<
08-03 20:21:09.608  3098  3098 D AndroidRuntime: CheckJNI is OFF
08-03 20:21:09.639  1770  1788 I art     : Explicit concurrent mark sweep GC freed 3(96B) AllocSpace objects, 0(0B) LOS objects, 10% free, 134MB/150MB, paused 1.025ms total 42.059ms
08-03 20:21:09.654  3098  3098 D ICU     : No timezone override file found: /data/misc/zoneinfo/current/icu/icu_tzdata.dat
08-03 20:21:09.699  3098  3098 I Radio-JNI: register_android_hardware_Radio DONE
08-03 20:21:09.729  3098  3098 D AndroidRuntime: Calling main entry com.android.commands.input.Input
08-03 20:21:09.732  3098  3098 I Input   : injectMotionEvent: MotionEvent { action=ACTION_DOWN, actionButton=0, id[0]=0, x[0]=747.0, y[0]=608.0, toolType[0]=TOOL_TYPE_UNKNOWN, buttonState=0, metaState=0, flags=0x0, edgeFlags=0x0, pointerCount=1, historySize=0, eventTime=649286145, downTime=649286145, deviceId=0, source=0x1002 }
08-03 20:21:09.740  3098  3098 I Input   : injectMotionEvent: MotionEvent { action=ACTION_UP, actionButton=0, id[0]=0, x[0]=747.0, y[0]=608.0, toolType[0]=TOOL_TYPE_UNKNOWN, buttonState=0, metaState=0, flags=0x0, edgeFlags=0x0, pointerCount=1, historySize=0, eventTime=649286145, downTime=649286145, deviceId=0, source=0x1002 }
08-03 20:21:09.742  3098  3098 D AndroidRuntime: Shutting down VM
08-03 20:21:09.746   512  2967 D audio_hw_primary: out_set_parameters: enter: usecase(1: low-latency-playback) kvpairs: routing=2
08-03 20:21:09.756   918  3359 I ActivityManager: START u0 {cmp=baseline.io.github.project_travel_mate/.utilities.ChecklistActivity} from uid 10623 on display 0
08-03 20:21:09.760   512  2967 D audio_hw_primary: select_devices: out_snd_device(2: speaker) in_snd_device(0: none)
08-03 20:21:09.760   512  2967 D msm8974_platform: platform_send_audio_calibration: sending audio calibration for snd_device(2) acdb_id(15)
08-03 20:21:09.760   512  2967 I soundtrigger: audio_extn_sound_trigger_update_device_status: device 0x2 of type 0 for Event 1
08-03 20:21:09.773   512  2967 D audio_hw_primary: enable_snd_device: snd_device(2: speaker)
08-03 20:21:09.775   512  2967 D audio_hw_primary: enable_audio_route: apply and update mixer path: low-latency-playback speaker
08-03 20:21:09.969   918   936 I ActivityManager: Displayed baseline.io.github.project_travel_mate/.utilities.ChecklistActivity: +203ms
08-03 20:21:09.970 13866 13866 I GoogleInputMethodServic: GoogleInputMethodService.onFinishInput():3138 
08-03 20:21:09.970 13866 13866 I GoogleInputMethodServic: GoogleInputMethodService.onStartInput():1808 
08-03 20:21:10.024  1770  2379 I art     : Starting a blocking GC Explicit
08-03 20:21:10.065  1770  2379 I art     : Explicit concurrent mark sweep GC freed 3157(286KB) AllocSpace objects, 2(36KB) LOS objects, 10% free, 135MB/151MB, paused 1.097ms total 40.570ms
08-03 20:21:10.083  1770  2379 I art     : Starting a blocking GC Explicit
08-03 20:21:10.134  1770  2379 I art     : Explicit concurrent mark sweep GC freed 416(17KB) AllocSpace objects, 0(0B) LOS objects, 10% free, 135MB/151MB, paused 1.359ms total 50.957ms
08-03 20:21:10.154  1770  2379 I art     : Starting a blocking GC Explicit
08-03 20:21:10.203  1770  2379 I art     : Explicit concurrent mark sweep GC freed 3(96B) AllocSpace objects, 0(0B) LOS objects, 10% free, 135MB/151MB, paused 1.416ms total 48.573ms
08-03 20:21:10.222  1770  2379 I art     : Starting a blocking GC Explicit
08-03 20:21:10.227   380   380 W SurfaceFlinger: couldn't log to binary event log: overflow.
08-03 20:21:10.263  1770  2379 I art     : Explicit concurrent mark sweep GC freed 3(96B) AllocSpace objects, 0(0B) LOS objects, 10% free, 135MB/151MB, paused 940us total 40.554ms
08-03 20:21:10.279  1770  2379 I art     : Starting a blocking GC Explicit
08-03 20:21:10.309   512  2967 D audio_hw_primary: disable_audio_route: reset and update mixer path: low-latency-playback speaker
08-03 20:21:10.310   512  2967 D audio_hw_primary: disable_snd_device: snd_device(2: speaker)
08-03 20:21:10.318  1770  2379 I art     : Explicit concurrent mark sweep GC freed 3(96B) AllocSpace objects, 0(0B) LOS objects, 10% free, 135MB/151MB, paused 994us total 38.507ms
08-03 20:21:10.318   512  2967 I soundtrigger: audio_extn_sound_trigger_update_device_status: device 0x2 of type 0 for Event 0
08-03 20:21:10.635   918  3261 D WifiStateMachine: starting scan for "H369AA63323"WPA_PSK with 2412,5180
08-03 20:21:10.708  1770  2379 I art     : Starting a blocking GC Explicit
08-03 20:21:10.762  1770  2379 I art     : Explicit concurrent mark sweep GC freed 1635(94KB) AllocSpace objects, 2(36KB) LOS objects, 10% free, 135MB/151MB, paused 1.177ms total 53.483ms
08-03 20:21:10.782  1770  2379 I art     : Starting a blocking GC Explicit
08-03 20:21:10.826  1770  2379 I art     : Explicit concurrent mark sweep GC freed 36(1280B) AllocSpace objects, 0(0B) LOS objects, 10% free, 135MB/151MB, paused 1.086ms total 42.950ms
08-03 20:21:10.843  1770  2379 I art     : Starting a blocking GC Explicit
08-03 20:21:10.889  1770  2379 I art     : Explicit concurrent mark sweep GC freed 38(1296B) AllocSpace objects, 0(0B) LOS objects, 10% free, 135MB/151MB, paused 1.136ms total 45.254ms
08-03 20:21:10.906  1770  2379 I art     : Starting a blocking GC Explicit
08-03 20:21:10.950  1770  2379 I art     : Explicit concurrent mark sweep GC freed 3(96B) AllocSpace objects, 0(0B) LOS objects, 10% free, 135MB/151MB, paused 1.095ms total 44.176ms
08-03 20:21:10.968  1770  2379 I art     : Starting a blocking GC Explicit
08-03 20:21:11.013  1770  2379 I art     : Explicit concurrent mark sweep GC freed 3(96B) AllocSpace objects, 0(0B) LOS objects, 10% free, 135MB/151MB, paused 1.132ms total 44.763ms
08-03 20:21:11.135   518   646 I ThermalEngine: ACTION: GPU - Setting GPU[0] to 390000000
08-03 20:21:11.467  1770  1788 I art     : Starting a blocking GC Explicit
08-03 20:21:11.522  1770  1788 I art     : Explicit concurrent mark sweep GC freed 1580(91KB) AllocSpace objects, 2(36KB) LOS objects, 10% free, 135MB/151MB, paused 1.642ms total 54.517ms
08-03 20:21:11.545  1770  1788 I art     : Starting a blocking GC Explicit
08-03 20:21:11.600  1770  1788 I art     : Explicit concurrent mark sweep GC freed 44(1872B) AllocSpace objects, 0(0B) LOS objects, 10% free, 135MB/151MB, paused 1.700ms total 54.060ms
08-03 20:21:11.623  1770  1788 I art     : Starting a blocking GC Explicit
08-03 20:21:11.679  1770  1788 I art     : Explicit concurrent mark sweep GC freed 23(1120B) AllocSpace objects, 0(0B) LOS objects, 10% free, 135MB/151MB, paused 1.775ms total 55.443ms
08-03 20:21:11.702  1770  1788 I art     : Starting a blocking GC Explicit
08-03 20:21:11.758  1770  1788 I art     : Explicit concurrent mark sweep GC freed 14(592B) AllocSpace objects, 0(0B) LOS objects, 10% free, 135MB/151MB, paused 1.804ms total 55.270ms
08-03 20:21:11.785  1770  1788 I art     : Starting a blocking GC Explicit
08-03 20:21:11.852  1770  1788 I art     : Explicit concurrent mark sweep GC freed 33(896B) AllocSpace objects, 0(0B) LOS objects, 10% free, 135MB/151MB, paused 2.166ms total 66.175ms
08-03 20:21:12.135   518   646 I ThermalEngine: ACTION: GPU - Setting GPU[0] to 450000000
08-03 20:21:12.281  1770  2041 I art     : Starting a blocking GC Explicit
08-03 20:21:12.339  1770  2041 I art     : Explicit concurrent mark sweep GC freed 1583(92KB) AllocSpace objects, 2(36KB) LOS objects, 10% free, 135MB/151MB, paused 1.252ms total 57.201ms
08-03 20:21:12.359  1770  2041 I art     : Starting a blocking GC Explicit
08-03 20:21:12.403  1770  2041 I art     : Explicit concurrent mark sweep GC freed 28(1024B) AllocSpace objects, 0(0B) LOS objects, 10% free, 135MB/151MB, paused 1.001ms total 44.248ms
08-03 20:21:12.421  1770  2041 I art     : Starting a blocking GC Explicit
08-03 20:21:12.470  1770  2041 I art     : Explicit concurrent mark sweep GC freed 3(96B) AllocSpace objects, 0(0B) LOS objects, 10% free, 135MB/151MB, paused 1.124ms total 49.173ms
08-03 20:21:12.488  1770  2041 I art     : Starting a blocking GC Explicit
08-03 20:21:12.535  1770  2041 I art     : Explicit concurrent mark sweep GC freed 3(96B) AllocSpace objects, 0(0B) LOS objects, 10% free, 135MB/151MB, paused 1.101ms total 46.473ms
08-03 20:21:12.552  1770  2041 I art     : Starting a blocking GC Explicit
08-03 20:21:12.603  1770  2041 I art     : Explicit concurrent mark sweep GC freed 3(96B) AllocSpace objects, 0(0B) LOS objects, 10% free, 135MB/151MB, paused 1.203ms total 50.300ms
08-03 20:21:12.989  1728  1728 I ServiceManager: Waiting for service AtCmdFwd...
08-03 20:21:13.017  1770  1787 I art     : Starting a blocking GC Explicit
08-03 20:21:13.068  1770  1787 I art     : Explicit concurrent mark sweep GC freed 1615(93KB) AllocSpace objects, 2(36KB) LOS objects, 10% free, 135MB/151MB, paused 1.190ms total 50.779ms
08-03 20:21:13.089  1770  1787 I art     : Starting a blocking GC Explicit
08-03 20:21:13.139  1770  1787 I art     : Explicit concurrent mark sweep GC freed 28(1024B) AllocSpace objects, 0(0B) LOS objects, 10% free, 135MB/151MB, paused 1.175ms total 50.152ms
08-03 20:21:13.157  1770  1787 I art     : Starting a blocking GC Explicit
08-03 20:21:13.207  1770  1787 I art     : Explicit concurrent mark sweep GC freed 3(96B) AllocSpace objects, 0(0B) LOS objects, 10% free, 135MB/151MB, paused 1.168ms total 50.225ms
08-03 20:21:13.228  1770  1787 I art     : Starting a blocking GC Explicit
08-03 20:21:13.277  1770  1787 I art     : Explicit concurrent mark sweep GC freed 3(96B) AllocSpace objects, 0(0B) LOS objects, 10% free, 135MB/151MB, paused 1.161ms total 48.678ms
08-03 20:21:13.299  1770  1787 I art     : Starting a blocking GC Explicit
08-03 20:21:13.349  1770  1787 I art     : Explicit concurrent mark sweep GC freed 3(96B) AllocSpace objects, 0(0B) LOS objects, 10% free, 135MB/151MB, paused 1.084ms total 49.338ms
08-03 20:21:13.764  1770  1834 I art     : Starting a blocking GC Explicit
08-03 20:21:13.827  1770  1834 I art     : Explicit concurrent mark sweep GC freed 1583(92KB) AllocSpace objects, 2(36KB) LOS objects, 10% free, 135MB/151MB, paused 1.203ms total 62.219ms
08-03 20:21:13.847  1770  1834 I art     : Starting a blocking GC Explicit
08-03 20:21:13.894  1770  1834 I art     : Explicit concurrent mark sweep GC freed 59(1856B) AllocSpace objects, 0(0B) LOS objects, 10% free, 135MB/151MB, paused 1.060ms total 46.702ms
08-03 20:21:13.911  1770  1834 I art     : Starting a blocking GC Explicit
08-03 20:21:13.960  1770  1834 I art     : Explicit concurrent mark sweep GC freed 3(96B) AllocSpace objects, 0(0B) LOS objects, 10% free, 135MB/151MB, paused 1.158ms total 48.796ms
08-03 20:21:13.978  1770  1834 I art     : Starting a blocking GC Explicit
08-03 20:21:13.991  1728  1728 I ServiceManager: Waiting for service AtCmdFwd...
08-03 20:21:14.022  1770  1834 I art     : Explicit concurrent mark sweep GC freed 3(96B) AllocSpace objects, 0(0B) LOS objects, 10% free, 135MB/151MB, paused 990us total 43.688ms
08-03 20:21:14.040  1770  1834 I art     : Starting a blocking GC Explicit
08-03 20:21:14.081  1770  1834 I art     : Explicit concurrent mark sweep GC freed 3(96B) AllocSpace objects, 0(0B) LOS objects, 10% free, 135MB/151MB, paused 1.141ms total 41.380ms
08-03 20:21:14.490  1770  2379 I art     : Starting a blocking GC Explicit
08-03 20:21:14.546  1770  2379 I art     : Explicit concurrent mark sweep GC freed 1583(92KB) AllocSpace objects, 2(36KB) LOS objects, 10% free, 135MB/151MB, paused 1.292ms total 55.172ms
08-03 20:21:14.548  3190  3190 D AndroidRuntime: >>>>>> START com.android.internal.os.RuntimeInit uid 2000 <<<<<<
08-03 20:21:14.554  3190  3190 D AndroidRuntime: CheckJNI is OFF
08-03 20:21:14.563  1770  2379 I art     : Starting a blocking GC Explicit
08-03 20:21:14.599  3190  3190 D ICU     : No timezone override file found: /data/misc/zoneinfo/current/icu/icu_tzdata.dat
08-03 20:21:14.608  1770  2379 I art     : Explicit concurrent mark sweep GC freed 50(2128B) AllocSpace objects, 0(0B) LOS objects, 10% free, 135MB/151MB, paused 1.144ms total 43.966ms
08-03 20:21:14.625  1770  2379 I art     : Starting a blocking GC Explicit
08-03 20:21:14.645  3190  3190 I Radio-JNI: register_android_hardware_Radio DONE
08-03 20:21:14.670  1770  2379 I art     : Explicit concurrent mark sweep GC freed 21(1088B) AllocSpace objects, 0(0B) LOS objects, 10% free, 135MB/151MB, paused 1.176ms total 45.142ms
08-03 20:21:14.674  3190  3190 D AndroidRuntime: Calling main entry com.android.commands.input.Input
08-03 20:21:14.676  3190  3190 I Input   : injectKeyEvent: KeyEvent { action=ACTION_DOWN, keyCode=KEYCODE_BACK, scanCode=0, metaState=0, flags=0x0, repeatCount=0, eventTime=649291089, downTime=649291089, deviceId=-1, source=0x101 }
08-03 20:21:14.682  3190  3190 I Input   : injectKeyEvent: KeyEvent { action=ACTION_UP, keyCode=KEYCODE_BACK, scanCode=0, metaState=0, flags=0x0, repeatCount=0, eventTime=649291089, downTime=649291089, deviceId=-1, source=0x101 }
08-03 20:21:14.687  1770  2379 I art     : Starting a blocking GC Explicit
08-03 20:21:14.689  3190  3190 D AndroidRuntime: Shutting down VM
08-03 20:21:14.698  1770  1770 V MainActivity: url = https://project-travel-mate.herokuapp.com/api/number-of-unread-notifications
08-03 20:21:14.727  1770  2379 I art     : Explicit concurrent mark sweep GC freed 316(12KB) AllocSpace objects, 0(0B) LOS objects, 10% free, 135MB/151MB, paused 1.188ms total 39.152ms
08-03 20:21:14.728 13866 13866 I GoogleInputMethodServic: GoogleInputMethodService.onFinishInput():3138 
08-03 20:21:14.728 13866 13866 I GoogleInputMethodServic: GoogleInputMethodService.onStartInput():1808 
08-03 20:21:14.743  1770  2379 I art     : Starting a blocking GC Explicit
08-03 20:21:14.785  1770  2379 I art     : Explicit concurrent mark sweep GC freed 148(7KB) AllocSpace objects, 0(0B) LOS objects, 10% free, 135MB/151MB, paused 1.054ms total 41.693ms
08-03 20:21:14.991  1728  1728 I ServiceManager: Waiting for service AtCmdFwd...
08-03 20:21:15.015   380   380 W SurfaceFlinger: couldn't log to binary event log: overflow.
08-03 20:21:15.161  1770  2379 I art     : Starting a blocking GC Explicit
08-03 20:21:15.215  1770  2379 I art     : Explicit concurrent mark sweep GC freed 4639(246KB) AllocSpace objects, 5(236KB) LOS objects, 10% free, 135MB/151MB, paused 1.231ms total 53.484ms
08-03 20:21:15.232  1770  2379 I art     : Starting a blocking GC Explicit
08-03 20:21:15.235  1770  3213 I NAPPA_EXPERIMENTATION: MetricNetworkRequestExecutionTime: REQUEST_DURATION_SYSTEM='536',REQUEST_DURATION_OKHTTP='37',REQUEST_SYNCHRONOUS='FALSE',RESPONSE_CODE='200',RESPONSE_METHOD='GET',RESPONSE_LENGTH_OKHTTP='36',RESPONSE_LENGTH_HEADER='36',REQUEST_PROTOCOL='http/1.1',REQUEST_URL='https://project-travel-mate.herokuapp.com/api/number-of-unread-notifications',
08-03 20:21:15.278  1770  2379 I art     : Explicit concurrent mark sweep GC freed 1270(137KB) AllocSpace objects, 0(0B) LOS objects, 10% free, 135MB/151MB, paused 1.194ms total 45.232ms
08-03 20:21:15.295  1770  2379 I art     : Starting a blocking GC Explicit
08-03 20:21:15.340  1770  2379 I art     : Explicit concurrent mark sweep GC freed 85(3KB) AllocSpace objects, 0(0B) LOS objects, 10% free, 135MB/151MB, paused 1.143ms total 44.499ms
08-03 20:21:15.357  1770  2379 I art     : Starting a blocking GC Explicit
08-03 20:21:15.404  1770  2379 I art     : Explicit concurrent mark sweep GC freed 3(96B) AllocSpace objects, 0(0B) LOS objects, 10% free, 135MB/151MB, paused 1.194ms total 46.282ms
08-03 20:21:15.425  1770  2379 I art     : Starting a blocking GC Explicit
08-03 20:21:15.470  1770  2379 I art     : Explicit concurrent mark sweep GC freed 3(96B) AllocSpace objects, 0(0B) LOS objects, 10% free, 135MB/151MB, paused 1.148ms total 45.091ms
08-03 20:21:15.882  1770  2041 I art     : Starting a blocking GC Explicit
08-03 20:21:15.939  1770  2041 I art     : Explicit concurrent mark sweep GC freed 1613(92KB) AllocSpace objects, 2(36KB) LOS objects, 10% free, 135MB/151MB, paused 1.335ms total 57.032ms
08-03 20:21:15.957  1770  2041 I art     : Starting a blocking GC Explicit
08-03 20:21:15.992  1728  1728 I ServiceManager: Waiting for service AtCmdFwd...
08-03 20:21:15.999  1770  2041 I art     : Explicit concurrent mark sweep GC freed 28(1024B) AllocSpace objects, 0(0B) LOS objects, 10% free, 135MB/151MB, paused 1.198ms total 42.428ms
08-03 20:21:16.016  1770  2041 I art     : Starting a blocking GC Explicit
08-03 20:21:16.059  1770  2041 I art     : Explicit concurrent mark sweep GC freed 3(96B) AllocSpace objects, 0(0B) LOS objects, 10% free, 135MB/151MB, paused 1.156ms total 42.955ms
08-03 20:21:16.077  1770  2041 I art     : Starting a blocking GC Explicit
08-03 20:21:16.120  1770  2041 I art     : Explicit concurrent mark sweep GC freed 7(224B) AllocSpace objects, 0(0B) LOS objects, 10% free, 135MB/151MB, paused 1.192ms total 42.843ms
08-03 20:21:16.137  1770  2041 I art     : Starting a blocking GC Explicit
08-03 20:21:16.181  1770  2041 I art     : Explicit concurrent mark sweep GC freed 12(576B) AllocSpace objects, 0(0B) LOS objects, 10% free, 135MB/151MB, paused 1.081ms total 43.751ms
08-03 20:21:16.473  3237  3237 D AndroidRuntime: >>>>>> START com.android.internal.os.RuntimeInit uid 2000 <<<<<<
08-03 20:21:16.479  3237  3237 D AndroidRuntime: CheckJNI is OFF
08-03 20:21:16.523  3237  3237 D ICU     : No timezone override file found: /data/misc/zoneinfo/current/icu/icu_tzdata.dat
08-03 20:21:16.567  3237  3237 I Radio-JNI: register_android_hardware_Radio DONE
08-03 20:21:16.598  3237  3237 D AndroidRuntime: Calling main entry com.android.commands.input.Input
08-03 20:21:16.601  3237  3237 I Input   : injectMotionEvent: MotionEvent { action=ACTION_DOWN, actionButton=0, id[0]=0, x[0]=657.0, y[0]=2037.0, toolType[0]=TOOL_TYPE_UNKNOWN, buttonState=0, metaState=0, flags=0x0, edgeFlags=0x0, pointerCount=1, historySize=0, eventTime=649293013, downTime=649293013, deviceId=0, source=0x1002 }
08-03 20:21:16.608  3237  3237 I Input   : injectMotionEvent: MotionEvent { action=ACTION_UP, actionButton=0, id[0]=0, x[0]=657.0, y[0]=2037.0, toolType[0]=TOOL_TYPE_UNKNOWN, buttonState=0, metaState=0, flags=0x0, edgeFlags=0x0, pointerCount=1, historySize=0, eventTime=649293013, downTime=649293013, deviceId=0, source=0x1002 }
08-03 20:21:16.610  3237  3237 D AndroidRuntime: Shutting down VM
08-03 20:21:16.612   512  2967 D audio_hw_primary: out_set_parameters: enter: usecase(1: low-latency-playback) kvpairs: routing=2
08-03 20:21:16.613   918  4413 I ActivityManager: START u0 {cmp=baseline.io.github.project_travel_mate/.utilities.CompassActivity} from uid 10623 on display 0
08-03 20:21:16.626   512  2967 D audio_hw_primary: select_devices: out_snd_device(2: speaker) in_snd_device(0: none)
08-03 20:21:16.626   512  2967 D msm8974_platform: platform_send_audio_calibration: sending audio calibration for snd_device(2) acdb_id(15)
08-03 20:21:16.626   512  2967 I soundtrigger: audio_extn_sound_trigger_update_device_status: device 0x2 of type 0 for Event 1
08-03 20:21:16.639   512  2967 D audio_hw_primary: enable_snd_device: snd_device(2: speaker)
08-03 20:21:16.641  1770  2379 I art     : Starting a blocking GC Explicit
08-03 20:21:16.642   512  2967 D audio_hw_primary: enable_audio_route: apply and update mixer path: low-latency-playback speaker
08-03 20:21:16.682  1770  2379 I art     : Explicit concurrent mark sweep GC freed 1967(131KB) AllocSpace objects, 2(36KB) LOS objects, 10% free, 135MB/151MB, paused 1.203ms total 40.930ms
08-03 20:21:16.699  1770  2379 I art     : Starting a blocking GC Explicit
08-03 20:21:16.740  1770  2379 I art     : Explicit concurrent mark sweep GC freed 204(12KB) AllocSpace objects, 0(0B) LOS objects, 7% free, 184MB/200MB, paused 1.093ms total 41.429ms
08-03 20:21:16.757  1770  2379 I art     : Starting a blocking GC Explicit
08-03 20:21:16.800  1770  2379 I art     : Explicit concurrent mark sweep GC freed 15(912B) AllocSpace objects, 0(0B) LOS objects, 7% free, 184MB/200MB, paused 1.150ms total 42.781ms
08-03 20:21:16.817  1770  2379 I art     : Starting a blocking GC Explicit
08-03 20:21:16.859  1770  2379 I art     : Explicit concurrent mark sweep GC freed 34(928B) AllocSpace objects, 0(0B) LOS objects, 7% free, 184MB/200MB, paused 1.214ms total 41.099ms
08-03 20:21:16.876  1770  2379 I art     : Starting a blocking GC Explicit
08-03 20:21:16.918  1770  2379 I art     : Explicit concurrent mark sweep GC freed 3(96B) AllocSpace objects, 0(0B) LOS objects, 7% free, 184MB/200MB, paused 1.669ms total 41.773ms
08-03 20:21:16.992  1728  1728 I ServiceManager: Waiting for service AtCmdFwd...
08-03 20:21:17.178   512  2967 D audio_hw_primary: disable_audio_route: reset and update mixer path: low-latency-playback speaker
08-03 20:21:17.180   512  2967 D audio_hw_primary: disable_snd_device: snd_device(2: speaker)
08-03 20:21:17.188  1770  1770 D CompassActivity: start compass
08-03 20:21:17.189   512  2967 I soundtrigger: audio_extn_sound_trigger_update_device_status: device 0x2 of type 0 for Event 0
08-03 20:21:17.190   918  3696 I sensors : batch
08-03 20:21:17.190   918  3696 I sensors : activate
08-03 20:21:17.191   918  3961 I sensors : batch
08-03 20:21:17.191   918  3961 I sensors : activate
08-03 20:21:17.195  1770  1770 I Choreographer: Skipped 33 frames!  The application may be doing too much work on its main thread.
08-03 20:21:17.196   918  3188 I hubconnection: sensorhub said: 'batch 1 flags:0, sampling_rate_Hz:50.00, max_report_latency_us:0'
08-03 20:21:17.198   918  3188 I hubconnection: sensorhub said: 'activate 1 enable:1'
08-03 20:21:17.199   918  3188 I hubconnection: sensorhub said: 'batch 3 flags:0, sampling_rate_Hz:50.00, max_report_latency_us:0'
08-03 20:21:17.200   918  3188 I hubconnection: sensorhub said: 'activate 3 enable:1'
08-03 20:21:17.245 13866 13866 I GoogleInputMethodServic: GoogleInputMethodService.onFinishInput():3138 
08-03 20:21:17.245 13866 13866 I GoogleInputMethodServic: GoogleInputMethodService.onStartInput():1808 
08-03 20:21:17.300  1770  2379 I art     : Starting a blocking GC Explicit
08-03 20:21:17.339  1770  2379 I art     : Explicit concurrent mark sweep GC freed 1826(104KB) AllocSpace objects, 2(36KB) LOS objects, 7% free, 187MB/203MB, paused 1.044ms total 38.978ms
08-03 20:21:17.357  1770  2379 I art     : Starting a blocking GC Explicit
08-03 20:21:17.373  1770  1770 D CompassActivity: will set rotation from 0.0 to 177.711
08-03 20:21:17.374  1770  1770 D CompassActivity: will set rotation from 177.711 to 177.70709
08-03 20:21:17.374  1770  1770 D CompassActivity: will set rotation from 177.70709 to 177.25244
08-03 20:21:17.374  1770  1770 D CompassActivity: will set rotation from 177.25244 to 177.24792
08-03 20:21:17.379   918   936 I ActivityManager: Displayed baseline.io.github.project_travel_mate/.utilities.CompassActivity: +753ms
08-03 20:21:17.401  1770  2379 I art     : Explicit concurrent mark sweep GC freed 87(4KB) AllocSpace objects, 0(0B) LOS objects, 7% free, 187MB/203MB, paused 1.031ms total 43.630ms
08-03 20:21:17.418  1770  2379 I art     : Starting a blocking GC Explicit
08-03 20:21:17.461  1770  2379 I art     : Explicit concurrent mark sweep GC freed 44(2352B) AllocSpace objects, 0(0B) LOS objects, 7% free, 187MB/203MB, paused 1.286ms total 42.714ms
08-03 20:21:17.470  1770  1770 D CompassActivity: will set rotation from 177.24792 to 177.79156
08-03 20:21:17.470  1770  1770 D CompassActivity: will set rotation from 177.79156 to 177.78906
08-03 20:21:17.470  1770  1770 D CompassActivity: will set rotation from 177.78906 to 177.89813
08-03 20:21:17.471  1770  1770 D CompassActivity: will set rotation from 177.89813 to 177.9002
08-03 20:21:17.471  1770  1770 D CompassActivity: will set rotation from 177.9002 to 177.85742
08-03 20:21:17.471  1770  1770 D CompassActivity: will set rotation from 177.85742 to 177.86536
08-03 20:21:17.471  1770  1770 D CompassActivity: will set rotation from 177.86536 to 177.85461
08-03 20:21:17.471  1770  1770 D CompassActivity: will set rotation from 177.85461 to 177.8515
08-03 20:21:17.471  1770  1770 D CompassActivity: will set rotation from 177.8515 to 177.7666
08-03 20:21:17.471  1770  1770 D CompassActivity: will set rotation from 177.7666 to 177.77301
08-03 20:21:17.479  1770  2379 I art     : Starting a blocking GC Explicit
08-03 20:21:17.518  1770  2379 I art     : Explicit concurrent mark sweep GC freed 73(5KB) AllocSpace objects, 0(0B) LOS objects, 7% free, 187MB/203MB, paused 1.197ms total 38.185ms
08-03 20:21:17.537  1770  2379 I art     : Starting a blocking GC Explicit
08-03 20:21:17.562  1770  1770 D CompassActivity: will set rotation from 177.77301 to 177.90796
08-03 20:21:17.563  1770  1770 D CompassActivity: will set rotation from 177.90796 to 177.90576
08-03 20:21:17.563  1770  1770 D CompassActivity: will set rotation from 177.90576 to 177.80634
08-03 20:21:17.563  1770  1770 D CompassActivity: will set rotation from 177.80634 to 177.80658
08-03 20:21:17.563  1770  1770 D CompassActivity: will set rotation from 177.80658 to 177.92432
08-03 20:21:17.563  1770  1770 D CompassActivity: will set rotation from 177.92432 to 177.92383
08-03 20:21:17.563  1770  1770 D CompassActivity: will set rotation from 177.92383 to 178.01093
08-03 20:21:17.563  1770  1770 D CompassActivity: will set rotation from 178.01093 to 178.00555
08-03 20:21:17.578  1770  2379 I art     : Explicit concurrent mark sweep GC freed 192(9KB) AllocSpace objects, 0(0B) LOS objects, 7% free, 187MB/203MB, paused 1.205ms total 40.410ms
08-03 20:21:17.586  1770  1770 D CompassActivity: will set rotation from 178.00555 to 177.97949
08-03 20:21:17.587  1770  1770 D CompassActivity: will set rotation from 177.97949 to 177.97473
08-03 20:21:17.588  1770  1770 D CompassActivity: will set rotation from 177.97473 to 178.08472
08-03 20:21:17.588  1770  1770 D CompassActivity: will set rotation from 178.08472 to 178.08557
08-03 20:21:17.606  1770  1770 D CompassActivity: will set rotation from 178.08557 to 178.13318
08-03 20:21:17.606  1770  1770 D CompassActivity: will set rotation from 178.13318 to 178.12811
08-03 20:21:17.618   380   380 W SurfaceFlinger: couldn't log to binary event log: overflow.
08-03 20:21:17.626  1770  1770 D CompassActivity: will set rotation from 178.12811 to 178.18994
08-03 20:21:17.626  1770  1770 D CompassActivity: will set rotation from 178.18994 to 178.19043
08-03 20:21:17.645  1770  1770 D CompassActivity: will set rotation from 178.19043 to 178.23743
08-03 20:21:17.646  1770  1770 D CompassActivity: will set rotation from 178.23743 to 178.23456
08-03 20:21:17.665  1770  1770 D CompassActivity: will set rotation from 178.23456 to 178.27527
08-03 20:21:17.666  1770  1770 D CompassActivity: will set rotation from 178.27527 to 178.27612
08-03 20:21:17.685  1770  1770 D CompassActivity: will set rotation from 178.27612 to 178.32227
08-03 20:21:17.686  1770  1770 D CompassActivity: will set rotation from 178.32227 to 178.32166
08-03 20:21:17.705  1770  1770 D CompassActivity: will set rotation from 178.32166 to 178.29156
08-03 20:21:17.706  1770  1770 D CompassActivity: will set rotation from 178.29156 to 178.2909
08-03 20:21:17.726  1770  1770 D CompassActivity: will set rotation from 178.2909 to 178.32666
08-03 20:21:17.726  1770  1770 D CompassActivity: will set rotation from 178.32666 to 178.32599
08-03 20:21:17.745  1770  1770 D CompassActivity: will set rotation from 178.32599 to 178.29932
08-03 20:21:17.745  1770  1770 D CompassActivity: will set rotation from 178.29932 to 178.30109
08-03 20:21:17.855  1770  1770 D CompassActivity: will set rotation from 178.30109 to 178.36414
08-03 20:21:17.856  1770  1770 D CompassActivity: will set rotation from 178.36414 to 178.36646
08-03 20:21:17.856  1770  1770 D CompassActivity: will set rotation from 178.36646 to 178.42822
08-03 20:21:17.856  1770  1770 D CompassActivity: will set rotation from 178.42822 to 178.42908
08-03 20:21:17.856  1770  1770 D CompassActivity: will set rotation from 178.42908 to 178.45197
08-03 20:21:17.856  1770  1770 D CompassActivity: will set rotation from 178.45197 to 178.45392
08-03 20:21:17.856  1770  1770 D CompassActivity: will set rotation from 178.45392 to 178.47565
08-03 20:21:17.857  1770  1770 D CompassActivity: will set rotation from 178.47565 to 178.47797
08-03 20:21:17.857  1770  1770 D CompassActivity: will set rotation from 178.47797 to 178.55212
08-03 20:21:17.857  1770  1770 D CompassActivity: will set rotation from 178.55212 to 178.55017
08-03 20:21:17.865  1770  1770 D CompassActivity: will set rotation from 178.55017 to 178.5918
08-03 20:21:17.865  1770  1770 D CompassActivity: will set rotation from 178.5918 to 178.58984
08-03 20:21:17.885  1770  1770 D CompassActivity: will set rotation from 178.58984 to 178.59827
08-03 20:21:17.886  1770  1770 D CompassActivity: will set rotation from 178.59827 to 178.59839
08-03 20:21:17.905  1770  1770 D CompassActivity: will set rotation from 178.59839 to 178.57806
08-03 20:21:17.905  1770  1770 D CompassActivity: will set rotation from 178.57806 to 178.57776
08-03 20:21:17.924  1770  1770 D CompassActivity: will set rotation from 178.57776 to 178.61328
08-03 20:21:17.925  1770  1770 D CompassActivity: will set rotation from 178.61328 to 178.6117
08-03 20:21:17.944  1770  1770 D CompassActivity: will set rotation from 178.6117 to 178.57428
08-03 20:21:17.945  1770  1770 D CompassActivity: will set rotation from 178.57428 to 178.57373
08-03 20:21:17.957  1770  1834 I art     : Starting a blocking GC Explicit
08-03 20:21:17.964  1770  1770 D CompassActivity: will set rotation from 178.57373 to 178.63739
08-03 20:21:17.965  1770  1770 D CompassActivity: will set rotation from 178.63739 to 178.63715
08-03 20:21:17.988  1770  1770 D CompassActivity: will set rotation from 178.63715 to 178.69385
08-03 20:21:17.988  1770  1770 D CompassActivity: will set rotation from 178.69385 to 178.69073
08-03 20:21:17.992  1728  1728 W Atfwd_Sendcmd: AtCmdFwd service not published, waiting... retryCnt : 2
08-03 20:21:18.006  1770  1770 D CompassActivity: will set rotation from 178.69073 to 178.69208
08-03 20:21:18.007  1770  1770 D CompassActivity: will set rotation from 178.69208 to 178.69043
08-03 20:21:18.008  1770  1834 I art     : Explicit concurrent mark sweep GC freed 2096(122KB) AllocSpace objects, 2(36KB) LOS objects, 7% free, 187MB/203MB, paused 1.025ms total 49.867ms
08-03 20:21:18.024  1770  1770 D CompassActivity: will set rotation from 178.69043 to 178.71832
08-03 20:21:18.025  1770  1770 D CompassActivity: will set rotation from 178.71832 to 178.72186
08-03 20:21:18.025  1770  1834 I art     : Starting a blocking GC Explicit
08-03 20:21:18.044  1770  1770 D CompassActivity: will set rotation from 178.72186 to 178.70319
08-03 20:21:18.044  1770  1770 D CompassActivity: will set rotation from 178.70319 to 178.70306
08-03 20:21:18.064  1770  1770 D CompassActivity: will set rotation from 178.70306 to 178.72943
08-03 20:21:18.066  1770  1770 D CompassActivity: will set rotation from 178.72943 to 178.72766
08-03 20:21:18.069  1770  1834 I art     : Explicit concurrent mark sweep GC freed 687(28KB) AllocSpace objects, 0(0B) LOS objects, 7% free, 187MB/203MB, paused 1.042ms total 43.192ms
08-03 20:21:18.084  1770  1770 D CompassActivity: will set rotation from 178.72766 to 178.73132
08-03 20:21:18.085  1770  1770 D CompassActivity: will set rotation from 178.73132 to 178.7301
08-03 20:21:18.085  1770  1834 I art     : Starting a blocking GC Explicit
08-03 20:21:18.104  1770  1770 D CompassActivity: will set rotation from 178.7301 to 178.70465
08-03 20:21:18.104  1770  1770 D CompassActivity: will set rotation from 178.70465 to 178.70862
08-03 20:21:18.123  1770  1770 D CompassActivity: will set rotation from 178.70862 to 178.71436
08-03 20:21:18.124  1770  1770 D CompassActivity: will set rotation from 178.71436 to 178.7168
08-03 20:21:18.126  1770  1834 I art     : Explicit concurrent mark sweep GC freed 163(7KB) AllocSpace objects, 0(0B) LOS objects, 7% free, 187MB/203MB, paused 959us total 40.914ms
08-03 20:21:18.143  1770  1770 D CompassActivity: will set rotation from 178.7168 to 178.68036
08-03 20:21:18.144  1770  1770 D CompassActivity: will set rotation from 178.68036 to 178.67932
08-03 20:21:18.144  1770  1834 I art     : Starting a blocking GC Explicit
08-03 20:21:18.163  1770  1770 D CompassActivity: will set rotation from 178.67932 to 178.72693
08-03 20:21:18.164  1770  1770 D CompassActivity: will set rotation from 178.72693 to 178.72559
08-03 20:21:18.184  1770  1770 D CompassActivity: will set rotation from 178.72559 to 178.72754
08-03 20:21:18.185  1770  1770 D CompassActivity: will set rotation from 178.72754 to 178.7279
08-03 20:21:18.185  1770  1834 I art     : Explicit concurrent mark sweep GC freed 102(4KB) AllocSpace objects, 0(0B) LOS objects, 7% free, 187MB/203MB, paused 1.003ms total 40.520ms
08-03 20:21:18.202  1770  1834 I art     : Starting a blocking GC Explicit
08-03 20:21:18.205  1770  1770 D CompassActivity: will set rotation from 178.7279 to 178.70471
08-03 20:21:18.205  1770  1770 D CompassActivity: will set rotation from 178.70471 to 178.70428
08-03 20:21:18.223  1770  1770 D CompassActivity: will set rotation from 178.70428 to 178.7107
08-03 20:21:18.223  1770  1770 D CompassActivity: will set rotation from 178.7107 to 178.70935
08-03 20:21:18.243  1770  1834 I art     : Explicit concurrent mark sweep GC freed 119(5KB) AllocSpace objects, 0(0B) LOS objects, 7% free, 187MB/203MB, paused 936us total 40.241ms
08-03 20:21:18.243  1770  1770 D CompassActivity: will set rotation from 178.70935 to 178.6922
08-03 20:21:18.244  1770  1770 D CompassActivity: will set rotation from 178.6922 to 178.6922
08-03 20:21:18.263  1770  1770 D CompassActivity: will set rotation from 178.6922 to 178.67249
08-03 20:21:18.263  1770  1770 D CompassActivity: will set rotation from 178.67249 to 178.67438
08-03 20:21:18.284  1770  1770 D CompassActivity: will set rotation from 178.67438 to 178.72137
08-03 20:21:18.285  1770  1770 D CompassActivity: will set rotation from 178.72137 to 178.7201
08-03 20:21:18.306  1770  1770 D CompassActivity: will set rotation from 178.7201 to 178.72235
08-03 20:21:18.307  1770  1770 D CompassActivity: will set rotation from 178.72235 to 178.72119
08-03 20:21:18.326  1770  1770 D CompassActivity: will set rotation from 178.72119 to 178.72382
08-03 20:21:18.326  1770  1770 D CompassActivity: will set rotation from 178.72382 to 178.72461
08-03 20:21:18.346  1770  1770 D CompassActivity: will set rotation from 178.72461 to 178.76471
08-03 20:21:18.347  1770  1770 D CompassActivity: will set rotation from 178.76471 to 178.7644
08-03 20:21:18.365  1770  1770 D CompassActivity: will set rotation from 178.7644 to 178.78479
08-03 20:21:18.365  1770  1770 D CompassActivity: will set rotation from 178.78479 to 178.78564
08-03 20:21:18.383  1770  1770 D CompassActivity: will set rotation from 178.78564 to 178.76569
08-03 20:21:18.385  1770  1770 D CompassActivity: will set rotation from 178.76569 to 178.76599
08-03 20:21:18.404  1770  1770 D CompassActivity: will set rotation from 178.76599 to 178.78644
08-03 20:21:18.405  1770  1770 D CompassActivity: will set rotation from 178.78644 to 178.78748
08-03 20:21:18.424  1770  1770 D CompassActivity: will set rotation from 178.78748 to 178.82782
08-03 20:21:18.425  1770  1770 D CompassActivity: will set rotation from 178.82782 to 178.8277
08-03 20:21:18.445  1770  1770 D CompassActivity: will set rotation from 178.8277 to 178.82593
08-03 20:21:18.445  1770  1770 D CompassActivity: will set rotation from 178.82593 to 178.82483
08-03 20:21:18.463  1770  1770 D CompassActivity: will set rotation from 178.82483 to 178.78857
08-03 20:21:18.463  1770  1770 D CompassActivity: will set rotation from 178.78857 to 178.78778
08-03 20:21:18.483  1770  1770 D CompassActivity: will set rotation from 178.78778 to 178.76794
08-03 20:21:18.483  1770  1770 D CompassActivity: will set rotation from 178.76794 to 178.76794
08-03 20:21:18.503  1770  1770 D CompassActivity: will set rotation from 178.76794 to 178.78821
08-03 20:21:18.504  1770  1770 D CompassActivity: will set rotation from 178.78821 to 178.78857
08-03 20:21:18.522  1770  1770 D CompassActivity: will set rotation from 178.78857 to 178.78552
08-03 20:21:18.522  1770  1770 D CompassActivity: will set rotation from 178.78552 to 178.78516
08-03 20:21:18.542  1770  1770 D CompassActivity: will set rotation from 178.78516 to 178.7655
08-03 20:21:18.543  1770  1770 D CompassActivity: will set rotation from 178.7655 to 178.76758
08-03 20:21:18.562  1770  1770 D CompassActivity: will set rotation from 178.76758 to 178.8078
08-03 20:21:18.562  1770  1770 D CompassActivity: will set rotation from 178.8078 to 178.80774
08-03 20:21:18.582  1770  1770 D CompassActivity: will set rotation from 178.80774 to 178.789
08-03 20:21:18.582  1770  1770 D CompassActivity: will set rotation from 178.789 to 178.78821
08-03 20:21:18.602  1770  1770 D CompassActivity: will set rotation from 178.78821 to 178.78851
08-03 20:21:18.603  1770  1770 D CompassActivity: will set rotation from 178.78851 to 178.78925
08-03 20:21:18.623  1770  1770 D CompassActivity: will set rotation from 178.78925 to 178.79163
08-03 20:21:18.624  1770  1770 D CompassActivity: will set rotation from 178.79163 to 178.79059
08-03 20:21:18.642  1770  1770 D CompassActivity: will set rotation from 178.79059 to 178.7539
08-03 20:21:18.642  1770  1770 D CompassActivity: will set rotation from 178.7539 to 178.75342
08-03 20:21:18.661  1770  1770 D CompassActivity: will set rotation from 178.75342 to 178.7359
08-03 20:21:18.662  1770  1770 D CompassActivity: will set rotation from 178.7359 to 178.73547
08-03 20:21:18.682  1770  1770 D CompassActivity: will set rotation from 178.73547 to 178.7367
08-03 20:21:18.682  1770  1770 D CompassActivity: will set rotation from 178.7367 to 178.73724
08-03 20:21:18.685  1770  2379 I art     : Starting a blocking GC Explicit
08-03 20:21:18.702  1770  1770 D CompassActivity: will set rotation from 178.73724 to 178.73944
08-03 20:21:18.703  1770  1770 D CompassActivity: will set rotation from 178.73944 to 178.74042
08-03 20:21:18.727  1770  1770 D CompassActivity: will set rotation from 178.74042 to 178.76123
08-03 20:21:18.727  1770  1770 D CompassActivity: will set rotation from 178.76123 to 178.7605
08-03 20:21:18.740  1770  2379 I art     : Explicit concurrent mark sweep GC freed 2022(121KB) AllocSpace objects, 2(36KB) LOS objects, 7% free, 187MB/203MB, paused 1.581ms total 54.260ms
08-03 20:21:18.745  1770  1770 D CompassActivity: will set rotation from 178.7605 to 178.78137
08-03 20:21:18.746  1770  1770 D CompassActivity: will set rotation from 178.78137 to 178.78027
08-03 20:21:18.758  1770  2379 I art     : Starting a blocking GC Explicit
08-03 20:21:18.763  1770  1770 D CompassActivity: will set rotation from 178.78027 to 178.76404
08-03 20:21:18.763  1770  1770 D CompassActivity: will set rotation from 178.76404 to 178.76355
08-03 20:21:18.781  1770  1770 D CompassActivity: will set rotation from 178.76355 to 178.7472
08-03 20:21:18.782  1770  1770 D CompassActivity: will set rotation from 178.7472 to 178.74554
08-03 20:21:18.801  1770  1770 D CompassActivity: will set rotation from 178.74554 to 178.74493
08-03 20:21:18.802  1770  1770 D CompassActivity: will set rotation from 178.74493 to 178.74701
08-03 20:21:18.808  1770  2379 I art     : Explicit concurrent mark sweep GC freed 809(32KB) AllocSpace objects, 0(0B) LOS objects, 7% free, 187MB/203MB, paused 1.062ms total 49.964ms
08-03 20:21:18.826  1770  1770 D CompassActivity: will set rotation from 178.74701 to 178.7464
08-03 20:21:18.827  1770  1770 D CompassActivity: will set rotation from 178.7464 to 178.74817
08-03 20:21:18.827  1770  2379 I art     : Starting a blocking GC Explicit
08-03 20:21:18.844  1770  1770 D CompassActivity: will set rotation from 178.74817 to 178.75037
08-03 20:21:18.846  1770  1770 D CompassActivity: will set rotation from 178.75037 to 178.74988
08-03 20:21:18.863  1770  1770 D CompassActivity: will set rotation from 178.74988 to 178.73145
08-03 20:21:18.864  1770  1770 D CompassActivity: will set rotation from 178.73145 to 178.73102
08-03 20:21:18.880  1770  2379 I art     : Explicit concurrent mark sweep GC freed 192(8KB) AllocSpace objects, 0(0B) LOS objects, 7% free, 187MB/203MB, paused 1.133ms total 52.386ms
08-03 20:21:18.882  1770  1770 D CompassActivity: will set rotation from 178.73102 to 178.7146
08-03 20:21:18.882  1770  1770 D CompassActivity: will set rotation from 178.7146 to 178.7146
08-03 20:21:18.901  1770  1770 D CompassActivity: will set rotation from 178.7146 to 178.7157
08-03 20:21:18.901  1770  2379 I art     : Starting a blocking GC Explicit
08-03 20:21:18.902  1770  1770 D CompassActivity: will set rotation from 178.7157 to 178.7124
08-03 20:21:18.921  1770  1770 D CompassActivity: will set rotation from 178.7124 to 178.69641
08-03 20:21:18.921  1770  1770 D CompassActivity: will set rotation from 178.69641 to 178.69714
08-03 20:21:18.940  1770  1770 D CompassActivity: will set rotation from 178.69714 to 178.68292
08-03 20:21:18.940  1770  1770 D CompassActivity: will set rotation from 178.68292 to 178.6842
08-03 20:21:18.944  1770  2379 I art     : Explicit concurrent mark sweep GC freed 145(7KB) AllocSpace objects, 0(0B) LOS objects, 7% free, 187MB/203MB, paused 957us total 41.897ms
08-03 20:21:18.960  1770  1770 D CompassActivity: will set rotation from 178.6842 to 178.7038
08-03 20:21:18.960  1770  1770 D CompassActivity: will set rotation from 178.7038 to 178.70251
08-03 20:21:18.962  1770  2379 I art     : Starting a blocking GC Explicit
08-03 20:21:18.980  1770  1770 D CompassActivity: will set rotation from 178.70251 to 178.68579
08-03 20:21:18.980  1770  1770 D CompassActivity: will set rotation from 178.68579 to 178.68481
08-03 20:21:19.000  1770  1770 D CompassActivity: will set rotation from 178.68481 to 178.72174
08-03 20:21:19.000  1770  1770 D CompassActivity: will set rotation from 178.72174 to 178.7201
08-03 20:21:19.004  1770  2379 I art     : Explicit concurrent mark sweep GC freed 149(7KB) AllocSpace objects, 0(0B) LOS objects, 7% free, 187MB/203MB, paused 1.292ms total 41.716ms
08-03 20:21:19.020  1770  1770 D CompassActivity: will set rotation from 178.7201 to 178.7038
08-03 20:21:19.020  1770  1770 D CompassActivity: will set rotation from 178.7038 to 178.70233
08-03 20:21:19.040  1770  1770 D CompassActivity: will set rotation from 178.70233 to 178.68842
08-03 20:21:19.040  1770  1770 D CompassActivity: will set rotation from 178.68842 to 178.68896
08-03 20:21:19.059  1770  1770 D CompassActivity: will set rotation from 178.68896 to 178.69244
08-03 20:21:19.060  1770  1770 D CompassActivity: will set rotation from 178.69244 to 178.69324
08-03 20:21:19.080  1770  1770 D CompassActivity: will set rotation from 178.69324 to 178.6789
08-03 20:21:19.080  1770  1770 D CompassActivity: will set rotation from 178.6789 to 178.67883
08-03 20:21:19.100  1770  1770 D CompassActivity: will set rotation from 178.67883 to 178.68225
08-03 20:21:19.101  1770  1770 D CompassActivity: will set rotation from 178.68225 to 178.6817
08-03 20:21:19.125  1770  1770 D CompassActivity: will set rotation from 178.6817 to 178.68347
08-03 20:21:19.125  1770  1770 D CompassActivity: will set rotation from 178.68347 to 178.68353
08-03 20:21:19.141  1770  1770 D CompassActivity: will set rotation from 178.68353 to 178.72162
08-03 20:21:19.141  1770  1770 D CompassActivity: will set rotation from 178.72162 to 178.72107
08-03 20:21:19.152   518   646 I ThermalEngine: ACTION: GPU - Setting GPU[0] to 390000000
08-03 20:21:19.160  1770  1770 D CompassActivity: will set rotation from 178.72107 to 178.72357
08-03 20:21:19.160  1770  1770 D CompassActivity: will set rotation from 178.72357 to 178.72284
08-03 20:21:19.180  1770  1770 D CompassActivity: will set rotation from 178.72284 to 178.72516
08-03 20:21:19.181  1770  1770 D CompassActivity: will set rotation from 178.72516 to 178.72565
08-03 20:21:19.199  1770  1770 D CompassActivity: will set rotation from 178.72565 to 178.69519
08-03 20:21:19.200  1770  1770 D CompassActivity: will set rotation from 178.69519 to 178.69702
08-03 20:21:19.222  1770  1770 D CompassActivity: will set rotation from 178.69702 to 178.70062
08-03 20:21:19.223  1770  1770 D CompassActivity: will set rotation from 178.70062 to 178.70105
08-03 20:21:19.241  1770  1770 D CompassActivity: will set rotation from 178.70105 to 178.68756
08-03 20:21:19.241  1770  1770 D CompassActivity: will set rotation from 178.68756 to 178.68768
08-03 20:21:19.265  1770  1770 D CompassActivity: will set rotation from 178.68768 to 178.67206
08-03 20:21:19.267  1770  1770 D CompassActivity: will set rotation from 178.67206 to 178.67053
08-03 20:21:19.279  1770  1770 D CompassActivity: will set rotation from 178.67053 to 178.6427
08-03 20:21:19.279  1770  1770 D CompassActivity: will set rotation from 178.6427 to 178.6438
08-03 20:21:19.298  1770  1770 D CompassActivity: will set rotation from 178.6438 to 178.66443
08-03 20:21:19.299  1770  1770 D CompassActivity: will set rotation from 178.66443 to 178.66357
08-03 20:21:19.319  1770  1770 D CompassActivity: will set rotation from 178.66357 to 178.66687
08-03 20:21:19.320  1770  1770 D CompassActivity: will set rotation from 178.66687 to 178.6676
08-03 20:21:19.340  1770  1770 D CompassActivity: will set rotation from 178.6676 to 178.68921
08-03 20:21:19.341  1770  1770 D CompassActivity: will set rotation from 178.68921 to 178.69055
08-03 20:21:19.360  1770  1770 D CompassActivity: will set rotation from 178.69055 to 178.7096
08-03 20:21:19.360  1770  1770 D CompassActivity: will set rotation from 178.7096 to 178.71118
08-03 20:21:19.381  1770  1770 D CompassActivity: will set rotation from 178.71118 to 178.7489
08-03 20:21:19.381  1770  1770 D CompassActivity: will set rotation from 178.7489 to 178.74963
08-03 20:21:19.399  1770  1770 D CompassActivity: will set rotation from 178.74963 to 178.75238
08-03 20:21:19.400  1770  1770 D CompassActivity: will set rotation from 178.75238 to 178.75189
08-03 20:21:19.419  1770  1770 D CompassActivity: will set rotation from 178.75189 to 178.75781
08-03 20:21:19.420  1770  1770 D CompassActivity: will set rotation from 178.75781 to 178.75818
08-03 20:21:19.442  1770  1770 D CompassActivity: will set rotation from 178.75818 to 178.76178
08-03 20:21:19.444  1770  1770 D CompassActivity: will set rotation from 178.76178 to 178.76105
08-03 20:21:19.461  1770  1770 D CompassActivity: will set rotation from 178.76105 to 178.76196
08-03 20:21:19.461  1770  1770 D CompassActivity: will set rotation from 178.76196 to 178.76147
08-03 20:21:19.475  1770  1834 I art     : Starting a blocking GC Explicit
08-03 20:21:19.478  1770  1770 D CompassActivity: will set rotation from 178.76147 to 178.77985
08-03 20:21:19.479  1770  1770 D CompassActivity: will set rotation from 178.77985 to 178.77966
08-03 20:21:19.498  1770  1770 D CompassActivity: will set rotation from 178.77966 to 178.76263
08-03 20:21:19.499  1770  1770 D CompassActivity: will set rotation from 178.76263 to 178.763
08-03 20:21:19.519  1770  1770 D CompassActivity: will set rotation from 178.763 to 178.7826
08-03 20:21:19.520  1770  1770 D CompassActivity: will set rotation from 178.7826 to 178.78125
08-03 20:21:19.544  1770  1770 D CompassActivity: will set rotation from 178.78125 to 178.7655
08-03 20:21:19.544  1770  1834 I art     : Explicit concurrent mark sweep GC freed 2047(122KB) AllocSpace objects, 2(36KB) LOS objects, 7% free, 187MB/203MB, paused 2.783ms total 69.521ms
08-03 20:21:19.545  1770  1770 D CompassActivity: will set rotation from 178.7655 to 178.76526
08-03 20:21:19.560  1770  1770 D CompassActivity: will set rotation from 178.76526 to 178.76581
08-03 20:21:19.560  1770  1770 D CompassActivity: will set rotation from 178.76581 to 178.76532
08-03 20:21:19.574  1770  1834 I art     : Starting a blocking GC Explicit
08-03 20:21:19.579  1770  1770 D CompassActivity: will set rotation from 178.76532 to 178.76599
08-03 20:21:19.579  1770  1770 D CompassActivity: will set rotation from 178.76599 to 178.76642
08-03 20:21:19.598  3323  3323 D AndroidRuntime: >>>>>> START com.android.internal.os.RuntimeInit uid 2000 <<<<<<
08-03 20:21:19.599  1770  1770 D CompassActivity: will set rotation from 178.76642 to 178.80115
08-03 20:21:19.599  1770  1770 D CompassActivity: will set rotation from 178.80115 to 178.79987
08-03 20:21:19.606  3323  3323 D AndroidRuntime: CheckJNI is OFF
08-03 20:21:19.618  1770  1770 D CompassActivity: will set rotation from 178.79987 to 178.83282
08-03 20:21:19.618  1770  1770 D CompassActivity: will set rotation from 178.83282 to 178.83295
08-03 20:21:19.640  1770  1834 I art     : Explicit concurrent mark sweep GC freed 868(34KB) AllocSpace objects, 0(0B) LOS objects, 7% free, 187MB/203MB, paused 2.532ms total 66.102ms
08-03 20:21:19.643  1770  1770 D CompassActivity: will set rotation from 178.83295 to 178.86584
08-03 20:21:19.644  1770  1770 D CompassActivity: will set rotation from 178.86584 to 178.86621
08-03 20:21:19.660  1770  1770 D CompassActivity: will set rotation from 178.86621 to 178.84735
08-03 20:21:19.661  1770  1770 D CompassActivity: will set rotation from 178.84735 to 178.84766
08-03 20:21:19.666  1770  1834 I art     : Starting a blocking GC Explicit
08-03 20:21:19.679  1770  1770 D CompassActivity: will set rotation from 178.84766 to 178.83154
08-03 20:21:19.679  1770  1770 D CompassActivity: will set rotation from 178.83154 to 178.83167
08-03 20:21:19.683  3323  3323 D ICU     : No timezone override file found: /data/misc/zoneinfo/current/icu/icu_tzdata.dat
08-03 20:21:19.697  1770  1770 D CompassActivity: will set rotation from 178.83167 to 178.83136
08-03 20:21:19.699  1770  1770 D CompassActivity: will set rotation from 178.83136 to 178.83142
08-03 20:21:19.717  1770  1770 D CompassActivity: will set rotation from 178.83142 to 178.82971
08-03 20:21:19.717  1770  1770 D CompassActivity: will set rotation from 178.82971 to 178.82916
08-03 20:21:19.721  1770  1834 I art     : Explicit concurrent mark sweep GC freed 218(10KB) AllocSpace objects, 0(0B) LOS objects, 7% free, 187MB/203MB, paused 1.707ms total 54.972ms
08-03 20:21:19.729  5179  5194 D QcrilMsgTunnelSocket: readRilMessage: Buffer = [B@671e81d HexData = [010000000404000011000000514f454d484f4f4bef0308000100000003]
08-03 20:21:19.730  5179  5194 D QcrilMsgTunnelSocket: Rcvd UNSOL response with 28 bytes data for SUB0
08-03 20:21:19.730  5179  5194 D QcrilMsgTunnelSocket: Response ID 525295 is not served in this process.
08-03 20:21:19.730  5179  5194 D QcrilMsgTunnelSocket: To broadcast an Intent via the notifier to external apps
08-03 20:21:19.730  5179  5179 D QcrilMsgTunnelIfaceManager: handleMessage what = 0
08-03 20:21:19.730  5179  5179 D QcrilMsgTunnelIfaceManager: Broadcasting intent ACTION_UNSOL_RESPONSE_OEM_HOOK_RAW
08-03 20:21:19.731  3323  3323 I Radio-JNI: register_android_hardware_Radio DONE
08-03 20:21:19.735  5164  5164 D QC_RIL_OEM_HOOK: Received Broadcast Intent ACTION_UNSOL_RESPONSE_OEM_HOOK_RAW
08-03 20:21:19.736  5164  5164 D QC_RIL_OEM_HOOK: Oem ID in QCRILHOOK UNSOL RESP is QOEMHOOK
08-03 20:21:19.743  1770  1770 D CompassActivity: will set rotation from 178.82916 to 178.85901
08-03 20:21:19.744  1770  1770 D CompassActivity: will set rotation from 178.85901 to 178.85858
08-03 20:21:19.749  1770  1834 I art     : Starting a blocking GC Explicit
08-03 20:21:19.761  1770  1770 D CompassActivity: will set rotation from 178.85858 to 178.85712
08-03 20:21:19.761  1770  1770 D CompassActivity: will set rotation from 178.85712 to 178.85571
08-03 20:21:19.768  3323  3323 D AndroidRuntime: Calling main entry com.android.commands.input.Input
08-03 20:21:19.771  3323  3323 I Input   : injectKeyEvent: KeyEvent { action=ACTION_DOWN, keyCode=KEYCODE_BACK, scanCode=0, metaState=0, flags=0x0, repeatCount=0, eventTime=649296184, downTime=649296184, deviceId=-1, source=0x101 }
08-03 20:21:19.777  1770  1770 D CompassActivity: will set rotation from 178.85571 to 178.83447
08-03 20:21:19.777  1770  1770 D CompassActivity: will set rotation from 178.83447 to 178.8349
08-03 20:21:19.778  3323  3323 I Input   : injectKeyEvent: KeyEvent { action=ACTION_UP, keyCode=KEYCODE_BACK, scanCode=0, metaState=0, flags=0x0, repeatCount=0, eventTime=649296184, downTime=649296184, deviceId=-1, source=0x101 }
08-03 20:21:19.789   918  6111 I sensors : activate
08-03 20:21:19.790  3323  3323 D AndroidRuntime: Shutting down VM
08-03 20:21:19.790   918  5481 I sensors : activate
08-03 20:21:19.795   918  3188 I hubconnection: sensorhub said: 'activate 1 enable:0'
08-03 20:21:19.797   918  3188 I hubconnection: sensorhub said: 'activate 3 enable:0'
08-03 20:21:19.804  1770  1834 I art     : Explicit concurrent mark sweep GC freed 179(8KB) AllocSpace objects, 0(0B) LOS objects, 7% free, 187MB/203MB, paused 1.901ms total 53.877ms
08-03 20:21:19.820  1770  1770 V MainActivity: url = https://project-travel-mate.herokuapp.com/api/number-of-unread-notifications
08-03 20:21:19.825  1770  1834 I art     : Starting a blocking GC Explicit
08-03 20:21:19.878  1770  1834 I art     : Explicit concurrent mark sweep GC freed 465(19KB) AllocSpace objects, 0(0B) LOS objects, 7% free, 187MB/203MB, paused 1.742ms total 52.840ms
08-03 20:21:19.933 13866 13866 I GoogleInputMethodServic: GoogleInputMethodService.onFinishInput():3138 
08-03 20:21:19.933 13866 13866 I GoogleInputMethodServic: GoogleInputMethodService.onStartInput():1808 
08-03 20:21:20.203  1770  1770 D CompassActivity: stop compass
08-03 20:21:20.203   380   380 W SurfaceFlinger: couldn't log to binary event log: overflow.
08-03 20:21:20.288  1770  1834 I art     : Starting a blocking GC Explicit
08-03 20:21:20.347  1770  1834 I art     : Explicit concurrent mark sweep GC freed 4351(233KB) AllocSpace objects, 4(156KB) LOS objects, 7% free, 187MB/203MB, paused 1.778ms total 58.353ms
08-03 20:21:20.356  1770  3363 I NAPPA_EXPERIMENTATION: MetricNetworkRequestExecutionTime: REQUEST_DURATION_SYSTEM='534',REQUEST_DURATION_OKHTTP='40',REQUEST_SYNCHRONOUS='FALSE',RESPONSE_CODE='200',RESPONSE_METHOD='GET',RESPONSE_LENGTH_OKHTTP='36',RESPONSE_LENGTH_HEADER='36',REQUEST_PROTOCOL='http/1.1',REQUEST_URL='https://project-travel-mate.herokuapp.com/api/number-of-unread-notifications',
08-03 20:21:20.369  1770  1834 I art     : Starting a blocking GC Explicit
08-03 20:21:20.457  1770  1834 I art     : Explicit concurrent mark sweep GC freed 2396(209KB) AllocSpace objects, 4(52MB) LOS objects, 10% free, 135MB/151MB, paused 1.877ms total 86.654ms
08-03 20:21:20.482  1770  1834 I art     : Starting a blocking GC Explicit
08-03 20:21:20.539  1770  1834 I art     : Explicit concurrent mark sweep GC freed 102(6KB) AllocSpace objects, 0(0B) LOS objects, 10% free, 135MB/151MB, paused 1.755ms total 56.610ms
08-03 20:21:20.562  1770  1834 I art     : Starting a blocking GC Explicit
08-03 20:21:20.618  1770  1834 I art     : Explicit concurrent mark sweep GC freed 25(1200B) AllocSpace objects, 0(0B) LOS objects, 10% free, 135MB/151MB, paused 1.748ms total 55.982ms
08-03 20:21:20.642  1770  1834 I art     : Starting a blocking GC Explicit
08-03 20:21:20.699  1770  1834 I art     : Explicit concurrent mark sweep GC freed 21(1088B) AllocSpace objects, 0(0B) LOS objects, 10% free, 135MB/151MB, paused 1.902ms total 56.425ms
08-03 20:21:21.139  1770  2041 I art     : Starting a blocking GC Explicit
08-03 20:21:21.194  1770  2041 I art     : Explicit concurrent mark sweep GC freed 1614(92KB) AllocSpace objects, 2(36KB) LOS objects, 10% free, 135MB/151MB, paused 2.440ms total 54.907ms
08-03 20:21:21.217  1770  2041 I art     : Starting a blocking GC Explicit
08-03 20:21:21.271  1770  2041 I art     : Explicit concurrent mark sweep GC freed 28(1024B) AllocSpace objects, 0(0B) LOS objects, 10% free, 135MB/151MB, paused 1.739ms total 53.950ms
08-03 20:21:21.294  1770  2041 I art     : Starting a blocking GC Explicit
08-03 20:21:21.348  1770  2041 I art     : Explicit concurrent mark sweep GC freed 3(96B) AllocSpace objects, 0(0B) LOS objects, 10% free, 135MB/151MB, paused 1.814ms total 53.605ms
08-03 20:21:21.371  1770  2041 I art     : Starting a blocking GC Explicit
08-03 20:21:21.425  1770  2041 I art     : Explicit concurrent mark sweep GC freed 3(96B) AllocSpace objects, 0(0B) LOS objects, 10% free, 135MB/151MB, paused 1.674ms total 53.052ms
08-03 20:21:21.457  1770  2041 I art     : Starting a blocking GC Explicit
08-03 20:21:21.514  1770  2041 I art     : Explicit concurrent mark sweep GC freed 5(160B) AllocSpace objects, 0(0B) LOS objects, 10% free, 135MB/151MB, paused 1.718ms total 57.249ms
08-03 20:21:21.706  3385  3385 D AndroidRuntime: >>>>>> START com.android.internal.os.RuntimeInit uid 2000 <<<<<<
08-03 20:21:21.712  3385  3385 D AndroidRuntime: CheckJNI is OFF
08-03 20:21:21.769  3385  3385 D ICU     : No timezone override file found: /data/misc/zoneinfo/current/icu/icu_tzdata.dat
08-03 20:21:21.813  3385  3385 I Radio-JNI: register_android_hardware_Radio DONE
08-03 20:21:21.845  3385  3385 D AndroidRuntime: Calling main entry com.android.commands.input.Input
08-03 20:21:21.847  3385  3385 I Input   : injectMotionEvent: MotionEvent { action=ACTION_DOWN, actionButton=0, id[0]=0, x[0]=500.0, y[0]=2000.0, toolType[0]=TOOL_TYPE_UNKNOWN, buttonState=0, metaState=0, flags=0x0, edgeFlags=0x0, pointerCount=1, historySize=0, eventTime=649298259, downTime=649298259, deviceId=0, source=0x1002 }
08-03 20:21:21.854  3385  3385 I Input   : injectMotionEvent: MotionEvent { action=ACTION_MOVE, actionButton=0, id[0]=0, x[0]=500.0, y[0]=2000.0, toolType[0]=TOOL_TYPE_UNKNOWN, buttonState=0, metaState=0, flags=0x0, edgeFlags=0x0, pointerCount=1, historySize=0, eventTime=649298259, downTime=649298259, deviceId=0, source=0x1002 }
08-03 20:21:21.873  3385  3385 I Input   : injectMotionEvent: MotionEvent { action=ACTION_MOVE, actionButton=0, id[0]=0, x[0]=500.0, y[0]=1948.7, toolType[0]=TOOL_TYPE_UNKNOWN, buttonState=0, metaState=0, flags=0x0, edgeFlags=0x0, pointerCount=1, historySize=0, eventTime=649298286, downTime=649298286, deviceId=0, source=0x1002 }
08-03 20:21:21.890  3385  3385 I Input   : injectMotionEvent: MotionEvent { action=ACTION_MOVE, actionButton=0, id[0]=0, x[0]=500.0, y[0]=1916.4, toolType[0]=TOOL_TYPE_UNKNOWN, buttonState=0, metaState=0, flags=0x0, edgeFlags=0x0, pointerCount=1, historySize=0, eventTime=649298303, downTime=649298303, deviceId=0, source=0x1002 }
08-03 20:21:21.921  3385  3385 I Input   : injectMotionEvent: MotionEvent { action=ACTION_MOVE, actionButton=0, id[0]=0, x[0]=500.0, y[0]=1857.5, toolType[0]=TOOL_TYPE_UNKNOWN, buttonState=0, metaState=0, flags=0x0, edgeFlags=0x0, pointerCount=1, historySize=0, eventTime=649298334, downTime=649298334, deviceId=0, source=0x1002 }
08-03 20:21:21.942  3385  3385 I Input   : injectMotionEvent: MotionEvent { action=ACTION_MOVE, actionButton=0, id[0]=0, x[0]=500.0, y[0]=1817.6, toolType[0]=TOOL_TYPE_UNKNOWN, buttonState=0, metaState=0, flags=0x0, edgeFlags=0x0, pointerCount=1, historySize=0, eventTime=649298355, downTime=649298355, deviceId=0, source=0x1002 }
08-03 20:21:21.960  3385  3385 I Input   : injectMotionEvent: MotionEvent { action=ACTION_MOVE, actionButton=0, id[0]=0, x[0]=500.0, y[0]=1783.4, toolType[0]=TOOL_TYPE_UNKNOWN, buttonState=0, metaState=0, flags=0x0, edgeFlags=0x0, pointerCount=1, historySize=0, eventTime=649298373, downTime=649298373, deviceId=0, source=0x1002 }
08-03 20:21:21.970  1770  1787 I art     : Starting a blocking GC Explicit
08-03 20:21:21.982  3385  3385 I Input   : injectMotionEvent: MotionEvent { action=ACTION_MOVE, actionButton=0, id[0]=0, x[0]=500.0, y[0]=1741.6, toolType[0]=TOOL_TYPE_UNKNOWN, buttonState=0, metaState=0, flags=0x0, edgeFlags=0x0, pointerCount=1, historySize=0, eventTime=649298395, downTime=649298395, deviceId=0, source=0x1002 }
08-03 20:21:21.995  3385  3385 I Input   : injectMotionEvent: MotionEvent { action=ACTION_MOVE, actionButton=0, id[0]=0, x[0]=500.0, y[0]=1716.9, toolType[0]=TOOL_TYPE_UNKNOWN, buttonState=0, metaState=0, flags=0x0, edgeFlags=0x0, pointerCount=1, historySize=0, eventTime=649298408, downTime=649298408, deviceId=0, source=0x1002 }
08-03 20:21:22.013  3385  3385 I Input   : injectMotionEvent: MotionEvent { action=ACTION_MOVE, actionButton=0, id[0]=0, x[0]=500.0, y[0]=1680.8, toolType[0]=TOOL_TYPE_UNKNOWN, buttonState=0, metaState=0, flags=0x0, edgeFlags=0x0, pointerCount=1, historySize=0, eventTime=649298427, downTime=649298427, deviceId=0, source=0x1002 }
08-03 20:21:22.030  3385  3385 I Input   : injectMotionEvent: MotionEvent { action=ACTION_MOVE, actionButton=0, id[0]=0, x[0]=500.0, y[0]=1650.4, toolType[0]=TOOL_TYPE_UNKNOWN, buttonState=0, metaState=0, flags=0x0, edgeFlags=0x0, pointerCount=1, historySize=0, eventTime=649298443, downTime=649298443, deviceId=0, source=0x1002 }
08-03 20:21:22.043  3385  3385 I Input   : injectMotionEvent: MotionEvent { action=ACTION_MOVE, actionButton=0, id[0]=0, x[0]=500.0, y[0]=1625.7, toolType[0]=TOOL_TYPE_UNKNOWN, buttonState=0, metaState=0, flags=0x0, edgeFlags=0x0, pointerCount=1, historySize=0, eventTime=649298456, downTime=649298456, deviceId=0, source=0x1002 }
08-03 20:21:22.054  1770  1787 I art     : Explicit concurrent mark sweep GC freed 1684(95KB) AllocSpace objects, 2(36KB) LOS objects, 10% free, 135MB/151MB, paused 1.962ms total 83.550ms
08-03 20:21:22.060  3385  3385 I Input   : injectMotionEvent: MotionEvent { action=ACTION_MOVE, actionButton=0, id[0]=0, x[0]=500.0, y[0]=1593.4, toolType[0]=TOOL_TYPE_UNKNOWN, buttonState=0, metaState=0, flags=0x0, edgeFlags=0x0, pointerCount=1, historySize=0, eventTime=649298473, downTime=649298473, deviceId=0, source=0x1002 }
08-03 20:21:22.076  3385  3385 I Input   : injectMotionEvent: MotionEvent { action=ACTION_MOVE, actionButton=0, id[0]=0, x[0]=500.0, y[0]=1563.0, toolType[0]=TOOL_TYPE_UNKNOWN, buttonState=0, metaState=0, flags=0x0, edgeFlags=0x0, pointerCount=1, historySize=0, eventTime=649298489, downTime=649298489, deviceId=0, source=0x1002 }
08-03 20:21:22.077  1770  1787 I art     : Starting a blocking GC Explicit
08-03 20:21:22.094  3385  3385 I Input   : injectMotionEvent: MotionEvent { action=ACTION_MOVE, actionButton=0, id[0]=0, x[0]=500.0, y[0]=1526.9, toolType[0]=TOOL_TYPE_UNKNOWN, buttonState=0, metaState=0, flags=0x0, edgeFlags=0x0, pointerCount=1, historySize=0, eventTime=649298508, downTime=649298508, deviceId=0, source=0x1002 }
08-03 20:21:22.113  3385  3385 I Input   : injectMotionEvent: MotionEvent { action=ACTION_MOVE, actionButton=0, id[0]=0, x[0]=500.0, y[0]=1490.8, toolType[0]=TOOL_TYPE_UNKNOWN, buttonState=0, metaState=0, flags=0x0, edgeFlags=0x0, pointerCount=1, historySize=0, eventTime=649298527, downTime=649298527, deviceId=0, source=0x1002 }
08-03 20:21:22.129  3385  3385 I Input   : injectMotionEvent: MotionEvent { action=ACTION_MOVE, actionButton=0, id[0]=0, x[0]=500.0, y[0]=1462.3, toolType[0]=TOOL_TYPE_UNKNOWN, buttonState=0, metaState=0, flags=0x0, edgeFlags=0x0, pointerCount=1, historySize=0, eventTime=649298542, downTime=649298542, deviceId=0, source=0x1002 }
08-03 20:21:22.141  1770  1787 I art     : Explicit concurrent mark sweep GC freed 47(1888B) AllocSpace objects, 0(0B) LOS objects, 10% free, 135MB/151MB, paused 2.671ms total 63.576ms
08-03 20:21:22.147  3385  3385 I Input   : injectMotionEvent: MotionEvent { action=ACTION_MOVE, actionButton=0, id[0]=0, x[0]=500.0, y[0]=1428.1, toolType[0]=TOOL_TYPE_UNKNOWN, buttonState=0, metaState=0, flags=0x0, edgeFlags=0x0, pointerCount=1, historySize=0, eventTime=649298560, downTime=649298560, deviceId=0, source=0x1002 }
08-03 20:21:22.164  3385  3385 I Input   : injectMotionEvent: MotionEvent { action=ACTION_MOVE, actionButton=0, id[0]=0, x[0]=500.0, y[0]=1395.8, toolType[0]=TOOL_TYPE_UNKNOWN, buttonState=0, metaState=0, flags=0x0, edgeFlags=0x0, pointerCount=1, historySize=0, eventTime=649298577, downTime=649298577, deviceId=0, source=0x1002 }
08-03 20:21:22.169  1770  1787 I art     : Starting a blocking GC Explicit
08-03 20:21:22.180  3385  3385 I Input   : injectMotionEvent: MotionEvent { action=ACTION_MOVE, actionButton=0, id[0]=0, x[0]=500.0, y[0]=1365.4, toolType[0]=TOOL_TYPE_UNKNOWN, buttonState=0, metaState=0, flags=0x0, edgeFlags=0x0, pointerCount=1, historySize=0, eventTime=649298593, downTime=649298593, deviceId=0, source=0x1002 }
08-03 20:21:22.196  3385  3385 I Input   : injectMotionEvent: MotionEvent { action=ACTION_MOVE, actionButton=0, id[0]=0, x[0]=500.0, y[0]=1333.1, toolType[0]=TOOL_TYPE_UNKNOWN, buttonState=0, metaState=0, flags=0x0, edgeFlags=0x0, pointerCount=1, historySize=0, eventTime=649298610, downTime=649298610, deviceId=0, source=0x1002 }
08-03 20:21:22.215  3385  3385 I Input   : injectMotionEvent: MotionEvent { action=ACTION_MOVE, actionButton=0, id[0]=0, x[0]=500.0, y[0]=1298.9, toolType[0]=TOOL_TYPE_UNKNOWN, buttonState=0, metaState=0, flags=0x0, edgeFlags=0x0, pointerCount=1, historySize=0, eventTime=649298628, downTime=649298628, deviceId=0, source=0x1002 }
08-03 20:21:22.230  3385  3385 I Input   : injectMotionEvent: MotionEvent { action=ACTION_MOVE, actionButton=0, id[0]=0, x[0]=500.0, y[0]=1270.3999, toolType[0]=TOOL_TYPE_UNKNOWN, buttonState=0, metaState=0, flags=0x0, edgeFlags=0x0, pointerCount=1, historySize=0, eventTime=649298643, downTime=649298643, deviceId=0, source=0x1002 }
08-03 20:21:22.238  1770  1787 I art     : Explicit concurrent mark sweep GC freed 3(96B) AllocSpace objects, 0(0B) LOS objects, 10% free, 135MB/151MB, paused 2.227ms total 68.146ms
08-03 20:21:22.247  3385  3385 I Input   : injectMotionEvent: MotionEvent { action=ACTION_MOVE, actionButton=0, id[0]=0, x[0]=500.0, y[0]=1238.1001, toolType[0]=TOOL_TYPE_UNKNOWN, buttonState=0, metaState=0, flags=0x0, edgeFlags=0x0, pointerCount=1, historySize=0, eventTime=649298660, downTime=649298660, deviceId=0, source=0x1002 }
08-03 20:21:22.265  1770  1787 I art     : Starting a blocking GC Explicit
08-03 20:21:22.276  3385  3385 I Input   : injectMotionEvent: MotionEvent { action=ACTION_MOVE, actionButton=0, id[0]=0, x[0]=500.0, y[0]=1183.0, toolType[0]=TOOL_TYPE_UNKNOWN, buttonState=0, metaState=0, flags=0x0, edgeFlags=0x0, pointerCount=1, historySize=0, eventTime=649298689, downTime=649298689, deviceId=0, source=0x1002 }
08-03 20:21:22.291  3385  3385 I Input   : injectMotionEvent: MotionEvent { action=ACTION_MOVE, actionButton=0, id[0]=0, x[0]=500.0, y[0]=1154.5, toolType[0]=TOOL_TYPE_UNKNOWN, buttonState=0, metaState=0, flags=0x0, edgeFlags=0x0, pointerCount=1, historySize=0, eventTime=649298704, downTime=649298704, deviceId=0, source=0x1002 }
08-03 20:21:22.331  1770  1787 I art     : Explicit concurrent mark sweep GC freed 38(1376B) AllocSpace objects, 0(0B) LOS objects, 10% free, 135MB/151MB, paused 1.593ms total 65.777ms
08-03 20:21:22.359  1770  1787 I art     : Starting a blocking GC Explicit
08-03 20:21:22.363  3385  3385 I Input   : injectMotionEvent: MotionEvent { action=ACTION_MOVE, actionButton=0, id[0]=0, x[0]=500.0, y[0]=1015.8, toolType[0]=TOOL_TYPE_UNKNOWN, buttonState=0, metaState=0, flags=0x0, edgeFlags=0x0, pointerCount=1, historySize=0, eventTime=649298777, downTime=649298777, deviceId=0, source=0x1002 }
08-03 20:21:22.410  1770  1787 I art     : Explicit concurrent mark sweep GC freed 10(400B) AllocSpace objects, 0(0B) LOS objects, 10% free, 135MB/151MB, paused 1.602ms total 50.914ms
08-03 20:21:22.429  3385  3385 I Input   : injectMotionEvent: MotionEvent { action=ACTION_MOVE, actionButton=0, id[0]=0, x[0]=500.0, y[0]=892.30005, toolType[0]=TOOL_TYPE_UNKNOWN, buttonState=0, metaState=0, flags=0x0, edgeFlags=0x0, pointerCount=1, historySize=0, eventTime=649298842, downTime=649298842, deviceId=0, source=0x1002 }
08-03 20:21:22.487  3385  3385 I Input   : injectMotionEvent: MotionEvent { action=ACTION_MOVE, actionButton=0, id[0]=0, x[0]=500.0, y[0]=782.1001, toolType[0]=TOOL_TYPE_UNKNOWN, buttonState=0, metaState=0, flags=0x0, edgeFlags=0x0, pointerCount=1, historySize=0, eventTime=649298900, downTime=649298900, deviceId=0, source=0x1002 }
08-03 20:21:22.558  3385  3385 I Input   : injectMotionEvent: MotionEvent { action=ACTION_MOVE, actionButton=0, id[0]=0, x[0]=500.0, y[0]=647.19995, toolType[0]=TOOL_TYPE_UNKNOWN, buttonState=0, metaState=0, flags=0x0, edgeFlags=0x0, pointerCount=1, historySize=0, eventTime=649298971, downTime=649298971, deviceId=0, source=0x1002 }
08-03 20:21:22.627  3385  3385 I Input   : injectMotionEvent: MotionEvent { action=ACTION_MOVE, actionButton=0, id[0]=0, x[0]=500.0, y[0]=516.1, toolType[0]=TOOL_TYPE_UNKNOWN, buttonState=0, metaState=0, flags=0x0, edgeFlags=0x0, pointerCount=1, historySize=0, eventTime=649299040, downTime=649299040, deviceId=0, source=0x1002 }
08-03 20:21:22.687  3385  3385 I Input   : injectMotionEvent: MotionEvent { action=ACTION_MOVE, actionButton=0, id[0]=0, x[0]=500.0, y[0]=400.19995, toolType[0]=TOOL_TYPE_UNKNOWN, buttonState=0, metaState=0, flags=0x0, edgeFlags=0x0, pointerCount=1, historySize=0, eventTime=649299101, downTime=649299101, deviceId=0, source=0x1002 }
08-03 20:21:22.787  3385  3385 I Input   : injectMotionEvent: MotionEvent { action=ACTION_MOVE, actionButton=0, id[0]=0, x[0]=500.0, y[0]=212.09998, toolType[0]=TOOL_TYPE_UNKNOWN, buttonState=0, metaState=0, flags=0x0, edgeFlags=0x0, pointerCount=1, historySize=0, eventTime=649299200, downTime=649299200, deviceId=0, source=0x1002 }
08-03 20:21:22.829  1770  1788 I art     : Starting a blocking GC Explicit
08-03 20:21:22.830  3385  3385 I Input   : injectMotionEvent: MotionEvent { action=ACTION_MOVE, actionButton=0, id[0]=0, x[0]=500.0, y[0]=128.5, toolType[0]=TOOL_TYPE_UNKNOWN, buttonState=0, metaState=0, flags=0x0, edgeFlags=0x0, pointerCount=1, historySize=0, eventTime=649299244, downTime=649299244, deviceId=0, source=0x1002 }
08-03 20:21:22.870  3385  3385 I Input   : injectMotionEvent: MotionEvent { action=ACTION_UP, actionButton=0, id[0]=0, x[0]=500.0, y[0]=100.0, toolType[0]=TOOL_TYPE_UNKNOWN, buttonState=0, metaState=0, flags=0x0, edgeFlags=0x0, pointerCount=1, historySize=0, eventTime=649299283, downTime=649299283, deviceId=0, source=0x1002 }
08-03 20:21:22.880  1770  1788 I art     : Explicit concurrent mark sweep GC freed 1630(93KB) AllocSpace objects, 2(36KB) LOS objects, 10% free, 135MB/151MB, paused 2.023ms total 50.189ms
08-03 20:21:22.901  1770  1788 I art     : Starting a blocking GC Explicit
08-03 20:21:22.910  3385  3385 D AndroidRuntime: Shutting down VM
08-03 20:21:22.952  1770  1788 I art     : Explicit concurrent mark sweep GC freed 29(1056B) AllocSpace objects, 0(0B) LOS objects, 10% free, 135MB/151MB, paused 1.454ms total 50.506ms
08-03 20:21:22.972  1770  1788 I art     : Starting a blocking GC Explicit
08-03 20:21:23.023  1770  1788 I art     : Explicit concurrent mark sweep GC freed 19(800B) AllocSpace objects, 0(0B) LOS objects, 10% free, 135MB/151MB, paused 1.596ms total 50.018ms
08-03 20:21:23.045  1770  1788 I art     : Starting a blocking GC Explicit
08-03 20:21:23.105  1770  1788 I art     : Explicit concurrent mark sweep GC freed 15(912B) AllocSpace objects, 0(0B) LOS objects, 10% free, 135MB/151MB, paused 1.806ms total 58.910ms
08-03 20:21:23.131  1770  1788 I art     : Starting a blocking GC Explicit
08-03 20:21:23.185  1770  1788 I art     : Explicit concurrent mark sweep GC freed 3(96B) AllocSpace objects, 0(0B) LOS objects, 10% free, 135MB/151MB, paused 1.583ms total 54.165ms
08-03 20:21:23.651  1770  1788 I art     : Starting a blocking GC Explicit
08-03 20:21:23.704  1770  1788 I art     : Explicit concurrent mark sweep GC freed 1616(93KB) AllocSpace objects, 2(36KB) LOS objects, 10% free, 135MB/151MB, paused 1.698ms total 53.048ms
08-03 20:21:23.728  1770  1788 I art     : Starting a blocking GC Explicit
08-03 20:21:23.787  1770  1788 I art     : Explicit concurrent mark sweep GC freed 46(2016B) AllocSpace objects, 0(0B) LOS objects, 10% free, 135MB/151MB, paused 1.637ms total 58.725ms
08-03 20:21:23.810  1770  1788 I art     : Starting a blocking GC Explicit
08-03 20:21:23.818  3424  3424 D AndroidRuntime: >>>>>> START com.android.internal.os.RuntimeInit uid 2000 <<<<<<
08-03 20:21:23.824  3424  3424 D AndroidRuntime: CheckJNI is OFF
08-03 20:21:23.864  1770  1788 I art     : Explicit concurrent mark sweep GC freed 34(928B) AllocSpace objects, 0(0B) LOS objects, 10% free, 135MB/151MB, paused 1.571ms total 53.557ms
08-03 20:21:23.876  3424  3424 D ICU     : No timezone override file found: /data/misc/zoneinfo/current/icu/icu_tzdata.dat
08-03 20:21:23.886  1770  1788 I art     : Starting a blocking GC Explicit
08-03 20:21:23.920  3424  3424 I Radio-JNI: register_android_hardware_Radio DONE
08-03 20:21:23.941  1770  1788 I art     : Explicit concurrent mark sweep GC freed 3(96B) AllocSpace objects, 0(0B) LOS objects, 10% free, 135MB/151MB, paused 1.678ms total 54.122ms
08-03 20:21:23.955  3424  3424 D AndroidRuntime: Calling main entry com.android.commands.input.Input
08-03 20:21:23.957  3424  3424 I Input   : injectMotionEvent: MotionEvent { action=ACTION_DOWN, actionButton=0, id[0]=0, x[0]=500.0, y[0]=2000.0, toolType[0]=TOOL_TYPE_UNKNOWN, buttonState=0, metaState=0, flags=0x0, edgeFlags=0x0, pointerCount=1, historySize=0, eventTime=649300369, downTime=649300369, deviceId=0, source=0x1002 }
08-03 20:21:23.961  3424  3424 I Input   : injectMotionEvent: MotionEvent { action=ACTION_MOVE, actionButton=0, id[0]=0, x[0]=500.0, y[0]=2000.0, toolType[0]=TOOL_TYPE_UNKNOWN, buttonState=0, metaState=0, flags=0x0, edgeFlags=0x0, pointerCount=1, historySize=0, eventTime=649300369, downTime=649300369, deviceId=0, source=0x1002 }
08-03 20:21:23.964  1770  1788 I art     : Starting a blocking GC Explicit
08-03 20:21:23.976  3424  3424 I Input   : injectMotionEvent: MotionEvent { action=ACTION_MOVE, actionButton=0, id[0]=0, x[0]=500.0, y[0]=1960.1, toolType[0]=TOOL_TYPE_UNKNOWN, buttonState=0, metaState=0, flags=0x0, edgeFlags=0x0, pointerCount=1, historySize=0, eventTime=649300390, downTime=649300390, deviceId=0, source=0x1002 }
08-03 20:21:23.992  3424  3424 I Input   : injectMotionEvent: MotionEvent { action=ACTION_MOVE, actionButton=0, id[0]=0, x[0]=500.0, y[0]=1931.6, toolType[0]=TOOL_TYPE_UNKNOWN, buttonState=0, metaState=0, flags=0x0, edgeFlags=0x0, pointerCount=1, historySize=0, eventTime=649300405, downTime=649300405, deviceId=0, source=0x1002 }
08-03 20:21:24.009  3424  3424 I Input   : injectMotionEvent: MotionEvent { action=ACTION_MOVE, actionButton=0, id[0]=0, x[0]=500.0, y[0]=1899.3, toolType[0]=TOOL_TYPE_UNKNOWN, buttonState=0, metaState=0, flags=0x0, edgeFlags=0x0, pointerCount=1, historySize=0, eventTime=649300422, downTime=649300422, deviceId=0, source=0x1002 }
08-03 20:21:24.020  1770  1788 I art     : Explicit concurrent mark sweep GC freed 13(416B) AllocSpace objects, 0(0B) LOS objects, 10% free, 135MB/151MB, paused 1.911ms total 56.164ms
08-03 20:21:24.053  3424  3424 I Input   : injectMotionEvent: MotionEvent { action=ACTION_MOVE, actionButton=0, id[0]=0, x[0]=500.0, y[0]=1815.7, toolType[0]=TOOL_TYPE_UNKNOWN, buttonState=0, metaState=0, flags=0x0, edgeFlags=0x0, pointerCount=1, historySize=0, eventTime=649300466, downTime=649300466, deviceId=0, source=0x1002 }
08-03 20:21:24.092  3424  3424 I Input   : injectMotionEvent: MotionEvent { action=ACTION_MOVE, actionButton=0, id[0]=0, x[0]=500.0, y[0]=1741.6, toolType[0]=TOOL_TYPE_UNKNOWN, buttonState=0, metaState=0, flags=0x0, edgeFlags=0x0, pointerCount=1, historySize=0, eventTime=649300505, downTime=649300505, deviceId=0, source=0x1002 }
08-03 20:21:24.129  3424  3424 I Input   : injectMotionEvent: MotionEvent { action=ACTION_MOVE, actionButton=0, id[0]=0, x[0]=500.0, y[0]=1671.3, toolType[0]=TOOL_TYPE_UNKNOWN, buttonState=0, metaState=0, flags=0x0, edgeFlags=0x0, pointerCount=1, historySize=0, eventTime=649300542, downTime=649300542, deviceId=0, source=0x1002 }
08-03 20:21:24.166  3424  3424 I Input   : injectMotionEvent: MotionEvent { action=ACTION_MOVE, actionButton=0, id[0]=0, x[0]=500.0, y[0]=1599.1, toolType[0]=TOOL_TYPE_UNKNOWN, buttonState=0, metaState=0, flags=0x0, edgeFlags=0x0, pointerCount=1, historySize=0, eventTime=649300580, downTime=649300580, deviceId=0, source=0x1002 }
08-03 20:21:24.203  3424  3424 I Input   : injectMotionEvent: MotionEvent { action=ACTION_MOVE, actionButton=0, id[0]=0, x[0]=500.0, y[0]=1528.8, toolType[0]=TOOL_TYPE_UNKNOWN, buttonState=0, metaState=0, flags=0x0, edgeFlags=0x0, pointerCount=1, historySize=0, eventTime=649300617, downTime=649300617, deviceId=0, source=0x1002 }
08-03 20:21:24.241  3424  3424 I Input   : injectMotionEvent: MotionEvent { action=ACTION_MOVE, actionButton=0, id[0]=0, x[0]=500.0, y[0]=1458.5, toolType[0]=TOOL_TYPE_UNKNOWN, buttonState=0, metaState=0, flags=0x0, edgeFlags=0x0, pointerCount=1, historySize=0, eventTime=649300654, downTime=649300654, deviceId=0, source=0x1002 }
08-03 20:21:24.279  3424  3424 I Input   : injectMotionEvent: MotionEvent { action=ACTION_MOVE, actionButton=0, id[0]=0, x[0]=500.0, y[0]=1386.3, toolType[0]=TOOL_TYPE_UNKNOWN, buttonState=0, metaState=0, flags=0x0, edgeFlags=0x0, pointerCount=1, historySize=0, eventTime=649300692, downTime=649300692, deviceId=0, source=0x1002 }
08-03 20:21:24.330  3424  3424 I Input   : injectMotionEvent: MotionEvent { action=ACTION_MOVE, actionButton=0, id[0]=0, x[0]=500.0, y[0]=1287.5, toolType[0]=TOOL_TYPE_UNKNOWN, buttonState=0, metaState=0, flags=0x0, edgeFlags=0x0, pointerCount=1, historySize=0, eventTime=649300744, downTime=649300744, deviceId=0, source=0x1002 }
08-03 20:21:24.369  3424  3424 I Input   : injectMotionEvent: MotionEvent { action=ACTION_MOVE, actionButton=0, id[0]=0, x[0]=500.0, y[0]=1215.3, toolType[0]=TOOL_TYPE_UNKNOWN, buttonState=0, metaState=0, flags=0x0, edgeFlags=0x0, pointerCount=1, historySize=0, eventTime=649300782, downTime=649300782, deviceId=0, source=0x1002 }
08-03 20:21:24.409  3424  3424 I Input   : injectMotionEvent: MotionEvent { action=ACTION_MOVE, actionButton=0, id[0]=0, x[0]=500.0, y[0]=1139.3, toolType[0]=TOOL_TYPE_UNKNOWN, buttonState=0, metaState=0, flags=0x0, edgeFlags=0x0, pointerCount=1, historySize=0, eventTime=649300822, downTime=649300822, deviceId=0, source=0x1002 }
08-03 20:21:24.452  3424  3424 I Input   : injectMotionEvent: MotionEvent { action=ACTION_MOVE, actionButton=0, id[0]=0, x[0]=500.0, y[0]=1057.6001, toolType[0]=TOOL_TYPE_UNKNOWN, buttonState=0, metaState=0, flags=0x0, edgeFlags=0x0, pointerCount=1, historySize=0, eventTime=649300865, downTime=649300865, deviceId=0, source=0x1002 }
08-03 20:21:24.470  1770  2041 I art     : Starting a blocking GC Explicit
08-03 20:21:24.490  3424  3424 I Input   : injectMotionEvent: MotionEvent { action=ACTION_MOVE, actionButton=0, id[0]=0, x[0]=500.0, y[0]=983.49994, toolType[0]=TOOL_TYPE_UNKNOWN, buttonState=0, metaState=0, flags=0x0, edgeFlags=0x0, pointerCount=1, historySize=0, eventTime=649300904, downTime=649300904, deviceId=0, source=0x1002 }
08-03 20:21:24.520  1770  2041 I art     : Explicit concurrent mark sweep GC freed 1620(93KB) AllocSpace objects, 2(36KB) LOS objects, 10% free, 135MB/151MB, paused 1.520ms total 49.250ms
08-03 20:21:24.530  3424  3424 I Input   : injectMotionEvent: MotionEvent { action=ACTION_MOVE, actionButton=0, id[0]=0, x[0]=500.0, y[0]=909.4, toolType[0]=TOOL_TYPE_UNKNOWN, buttonState=0, metaState=0, flags=0x0, edgeFlags=0x0, pointerCount=1, historySize=0, eventTime=649300943, downTime=649300943, deviceId=0, source=0x1002 }
08-03 20:21:24.541  1770  2041 I art     : Starting a blocking GC Explicit
08-03 20:21:24.568  3424  3424 I Input   : injectMotionEvent: MotionEvent { action=ACTION_MOVE, actionButton=0, id[0]=0, x[0]=500.0, y[0]=837.2001, toolType[0]=TOOL_TYPE_UNKNOWN, buttonState=0, metaState=0, flags=0x0, edgeFlags=0x0, pointerCount=1, historySize=0, eventTime=649300981, downTime=649300981, deviceId=0, source=0x1002 }
08-03 20:21:24.590  1770  2041 I art     : Explicit concurrent mark sweep GC freed 32(1152B) AllocSpace objects, 0(0B) LOS objects, 10% free, 135MB/151MB, paused 1.500ms total 49.153ms
08-03 20:21:24.609  3424  3424 I Input   : injectMotionEvent: MotionEvent { action=ACTION_MOVE, actionButton=0, id[0]=0, x[0]=500.0, y[0]=759.30005, toolType[0]=TOOL_TYPE_UNKNOWN, buttonState=0, metaState=0, flags=0x0, edgeFlags=0x0, pointerCount=1, historySize=0, eventTime=649301022, downTime=649301022, deviceId=0, source=0x1002 }
08-03 20:21:24.613  1770  2041 I art     : Starting a blocking GC Explicit
08-03 20:21:24.646  3424  3424 I Input   : injectMotionEvent: MotionEvent { action=ACTION_MOVE, actionButton=0, id[0]=0, x[0]=500.0, y[0]=689.0, toolType[0]=TOOL_TYPE_UNKNOWN, buttonState=0, metaState=0, flags=0x0, edgeFlags=0x0, pointerCount=1, historySize=0, eventTime=649301059, downTime=649301059, deviceId=0, source=0x1002 }
08-03 20:21:24.662  1770  2041 I art     : Explicit concurrent mark sweep GC freed 11(352B) AllocSpace objects, 0(0B) LOS objects, 10% free, 135MB/151MB, paused 1.493ms total 48.448ms
08-03 20:21:24.684  3424  3424 I Input   : injectMotionEvent: MotionEvent { action=ACTION_MOVE, actionButton=0, id[0]=0, x[0]=500.0, y[0]=616.80005, toolType[0]=TOOL_TYPE_UNKNOWN, buttonState=0, metaState=0, flags=0x0, edgeFlags=0x0, pointerCount=1, historySize=0, eventTime=649301097, downTime=649301097, deviceId=0, source=0x1002 }
08-03 20:21:24.686  1770  2041 I art     : Starting a blocking GC Explicit
08-03 20:21:24.721  3424  3424 I Input   : injectMotionEvent: MotionEvent { action=ACTION_MOVE, actionButton=0, id[0]=0, x[0]=500.0, y[0]=546.5, toolType[0]=TOOL_TYPE_UNKNOWN, buttonState=0, metaState=0, flags=0x0, edgeFlags=0x0, pointerCount=1, historySize=0, eventTime=649301134, downTime=649301134, deviceId=0, source=0x1002 }
08-03 20:21:24.735  1770  2041 I art     : Explicit concurrent mark sweep GC freed 11(352B) AllocSpace objects, 0(0B) LOS objects, 10% free, 135MB/151MB, paused 1.481ms total 49.202ms
08-03 20:21:24.757  1770  2041 I art     : Starting a blocking GC Explicit
08-03 20:21:24.759  3424  3424 I Input   : injectMotionEvent: MotionEvent { action=ACTION_MOVE, actionButton=0, id[0]=0, x[0]=500.0, y[0]=472.3999, toolType[0]=TOOL_TYPE_UNKNOWN, buttonState=0, metaState=0, flags=0x0, edgeFlags=0x0, pointerCount=1, historySize=0, eventTime=649301173, downTime=649301173, deviceId=0, source=0x1002 }
08-03 20:21:24.797  3424  3424 I Input   : injectMotionEvent: MotionEvent { action=ACTION_MOVE, actionButton=0, id[0]=0, x[0]=500.0, y[0]=402.09998, toolType[0]=TOOL_TYPE_UNKNOWN, buttonState=0, metaState=0, flags=0x0, edgeFlags=0x0, pointerCount=1, historySize=0, eventTime=649301210, downTime=649301210, deviceId=0, source=0x1002 }
08-03 20:21:24.804  1770  2041 I art     : Explicit concurrent mark sweep GC freed 10(320B) AllocSpace objects, 0(0B) LOS objects, 10% free, 135MB/151MB, paused 1.451ms total 46.751ms
08-03 20:21:24.837  3424  3424 I Input   : injectMotionEvent: MotionEvent { action=ACTION_MOVE, actionButton=0, id[0]=0, x[0]=500.0, y[0]=326.09998, toolType[0]=TOOL_TYPE_UNKNOWN, buttonState=0, metaState=0, flags=0x0, edgeFlags=0x0, pointerCount=1, historySize=0, eventTime=649301250, downTime=649301250, deviceId=0, source=0x1002 }
08-03 20:21:24.872  3424  3424 I Input   : injectMotionEvent: MotionEvent { action=ACTION_MOVE, actionButton=0, id[0]=0, x[0]=500.0, y[0]=257.69995, toolType[0]=TOOL_TYPE_UNKNOWN, buttonState=0, metaState=0, flags=0x0, edgeFlags=0x0, pointerCount=1, historySize=0, eventTime=649301286, downTime=649301286, deviceId=0, source=0x1002 }
08-03 20:21:24.910  3424  3424 I Input   : injectMotionEvent: MotionEvent { action=ACTION_MOVE, actionButton=0, id[0]=0, x[0]=500.0, y[0]=187.40002, toolType[0]=TOOL_TYPE_UNKNOWN, buttonState=0, metaState=0, flags=0x0, edgeFlags=0x0, pointerCount=1, historySize=0, eventTime=649301323, downTime=649301323, deviceId=0, source=0x1002 }
08-03 20:21:24.948  3424  3424 I Input   : injectMotionEvent: MotionEvent { action=ACTION_MOVE, actionButton=0, id[0]=0, x[0]=500.0, y[0]=115.20007, toolType[0]=TOOL_TYPE_UNKNOWN, buttonState=0, metaState=0, flags=0x0, edgeFlags=0x0, pointerCount=1, historySize=0, eventTime=649301361, downTime=649301361, deviceId=0, source=0x1002 }
08-03 20:21:24.987  3424  3424 I Input   : injectMotionEvent: MotionEvent { action=ACTION_UP, actionButton=0, id[0]=0, x[0]=500.0, y[0]=100.0, toolType[0]=TOOL_TYPE_UNKNOWN, buttonState=0, metaState=0, flags=0x0, edgeFlags=0x0, pointerCount=1, historySize=0, eventTime=649301400, downTime=649301400, deviceId=0, source=0x1002 }
08-03 20:21:25.023  3424  3424 D AndroidRuntime: Shutting down VM
08-03 20:21:25.237  1770  2379 I art     : Starting a blocking GC Explicit
08-03 20:21:25.295  1770  2379 I art     : Explicit concurrent mark sweep GC freed 1632(93KB) AllocSpace objects, 2(36KB) LOS objects, 10% free, 135MB/151MB, paused 1.600ms total 56.996ms
08-03 20:21:25.317  1770  2379 I art     : Starting a blocking GC Explicit
08-03 20:21:25.368  1770  2379 I art     : Explicit concurrent mark sweep GC freed 30(1104B) AllocSpace objects, 0(0B) LOS objects, 10% free, 135MB/151MB, paused 1.711ms total 51.118ms
08-03 20:21:25.368  1770  1786 I art     : WaitForGcToComplete blocked for 21.462ms for cause HeapTrim
08-03 20:21:25.390  1770  2379 I art     : Starting a blocking GC Explicit
08-03 20:21:25.444  1770  2379 I art     : Explicit concurrent mark sweep GC freed 3(96B) AllocSpace objects, 0(0B) LOS objects, 10% free, 135MB/151MB, paused 1.600ms total 53.789ms
08-03 20:21:25.467  1770  2379 I art     : Starting a blocking GC Explicit
08-03 20:21:25.522  1770  2379 I art     : Explicit concurrent mark sweep GC freed 3(96B) AllocSpace objects, 0(0B) LOS objects, 10% free, 135MB/151MB, paused 1.664ms total 54.192ms
08-03 20:21:25.544  1770  2379 I art     : Starting a blocking GC Explicit
08-03 20:21:25.599  1770  2379 I art     : Explicit concurrent mark sweep GC freed 3(96B) AllocSpace objects, 0(0B) LOS objects, 10% free, 135MB/151MB, paused 1.811ms total 54.402ms
08-03 20:21:25.917  3471  3471 D AndroidRuntime: >>>>>> START com.android.internal.os.RuntimeInit uid 2000 <<<<<<
08-03 20:21:25.923  3471  3471 D AndroidRuntime: CheckJNI is OFF
08-03 20:21:25.976  3471  3471 D ICU     : No timezone override file found: /data/misc/zoneinfo/current/icu/icu_tzdata.dat
08-03 20:21:26.022  3471  3471 I Radio-JNI: register_android_hardware_Radio DONE
08-03 20:21:26.025  1770  2379 I art     : Starting a blocking GC Explicit
08-03 20:21:26.055  3471  3471 D AndroidRuntime: Calling main entry com.android.commands.input.Input
08-03 20:21:26.057  3471  3471 I Input   : injectMotionEvent: MotionEvent { action=ACTION_DOWN, actionButton=0, id[0]=0, x[0]=657.0, y[0]=2080.0, toolType[0]=TOOL_TYPE_UNKNOWN, buttonState=0, metaState=0, flags=0x0, edgeFlags=0x0, pointerCount=1, historySize=0, eventTime=649302470, downTime=649302470, deviceId=0, source=0x1002 }
08-03 20:21:26.063  3471  3471 I Input   : injectMotionEvent: MotionEvent { action=ACTION_UP, actionButton=0, id[0]=0, x[0]=657.0, y[0]=2080.0, toolType[0]=TOOL_TYPE_UNKNOWN, buttonState=0, metaState=0, flags=0x0, edgeFlags=0x0, pointerCount=1, historySize=0, eventTime=649302470, downTime=649302470, deviceId=0, source=0x1002 }
08-03 20:21:26.067   918  6111 I ActivityManager: START u0 {cmp=baseline.io.github.project_travel_mate/.utilities.UpcomingWeekendsActivity} from uid 10623 on display 0
08-03 20:21:26.067   512  2967 D audio_hw_primary: out_set_parameters: enter: usecase(1: low-latency-playback) kvpairs: routing=2
08-03 20:21:26.073  3471  3471 D AndroidRuntime: Shutting down VM
08-03 20:21:26.081  1770  2379 I art     : Explicit concurrent mark sweep GC freed 1620(96KB) AllocSpace objects, 2(36KB) LOS objects, 10% free, 135MB/151MB, paused 1.813ms total 56.067ms
08-03 20:21:26.083   512  2967 D audio_hw_primary: select_devices: out_snd_device(2: speaker) in_snd_device(0: none)
08-03 20:21:26.083   512  2967 D msm8974_platform: platform_send_audio_calibration: sending audio calibration for snd_device(2) acdb_id(15)
08-03 20:21:26.084   512  2967 I soundtrigger: audio_extn_sound_trigger_update_device_status: device 0x2 of type 0 for Event 1
08-03 20:21:26.100   512  2967 D audio_hw_primary: enable_snd_device: snd_device(2: speaker)
08-03 20:21:26.103   512  2967 D audio_hw_primary: enable_audio_route: apply and update mixer path: low-latency-playback speaker
08-03 20:21:26.116  1770  2379 I art     : Starting a blocking GC Explicit
08-03 20:21:26.126  1770  1854 D Gabe    : call	returning from cache
08-03 20:21:26.130  1770  1770 V EXECUTING: https://project-travel-mate.herokuapp.com/api/get-upcoming-holidays/2020
08-03 20:21:26.134  1770  1770 V EXECUTING: https://project-travel-mate.herokuapp.com/api/get-upcoming-holidays/2020
08-03 20:21:26.166  1770  2379 I art     : Explicit concurrent mark sweep GC freed 804(77KB) AllocSpace objects, 0(0B) LOS objects, 10% free, 135MB/151MB, paused 1.914ms total 50.101ms
08-03 20:21:26.188  1770  2379 I art     : Starting a blocking GC Explicit
08-03 20:21:26.229 13866 13866 I GoogleInputMethodServic: GoogleInputMethodService.onFinishInput():3138 
08-03 20:21:26.230 13866 13866 I GoogleInputMethodServic: GoogleInputMethodService.onStartInput():1808 
08-03 20:21:26.240  1770  2379 I art     : Explicit concurrent mark sweep GC freed 974(61KB) AllocSpace objects, 0(0B) LOS objects, 10% free, 139MB/155MB, paused 3.198ms total 52.016ms
08-03 20:21:26.264  1770  2379 I art     : Starting a blocking GC Explicit
08-03 20:21:26.319  1770  2379 I art     : Explicit concurrent mark sweep GC freed 222(12KB) AllocSpace objects, 0(0B) LOS objects, 10% free, 139MB/155MB, paused 2.314ms total 55.413ms
08-03 20:21:26.342  1770  2379 I art     : Starting a blocking GC Explicit
08-03 20:21:26.357   918   936 I ActivityManager: Displayed baseline.io.github.project_travel_mate/.utilities.UpcomingWeekendsActivity: +275ms
08-03 20:21:26.396  1770  2379 I art     : Explicit concurrent mark sweep GC freed 96(2000B) AllocSpace objects, 0(0B) LOS objects, 10% free, 139MB/155MB, paused 1.780ms total 53.256ms
08-03 20:21:26.611   380   380 W SurfaceFlinger: couldn't log to binary event log: overflow.
08-03 20:21:26.649   512  2967 D audio_hw_primary: disable_audio_route: reset and update mixer path: low-latency-playback speaker
08-03 20:21:26.650   512  2967 D audio_hw_primary: disable_snd_device: snd_device(2: speaker)
08-03 20:21:26.661   512  2967 I soundtrigger: audio_extn_sound_trigger_update_device_status: device 0x2 of type 0 for Event 0
08-03 20:21:26.716  1770  3494 I NAPPA_EXPERIMENTATION: MetricNetworkRequestExecutionTime: REQUEST_DURATION_SYSTEM='584',REQUEST_DURATION_OKHTTP='48',REQUEST_SYNCHRONOUS='FALSE',RESPONSE_CODE='200',RESPONSE_METHOD='GET',RESPONSE_LENGTH_OKHTTP='6426',RESPONSE_LENGTH_HEADER='6426',REQUEST_PROTOCOL='http/1.1',REQUEST_URL='https://project-travel-mate.herokuapp.com/api/get-upcoming-holidays/2020',
08-03 20:21:26.750  1770  3495 I NAPPA_EXPERIMENTATION: MetricNetworkRequestExecutionTime: REQUEST_DURATION_SYSTEM='614',REQUEST_DURATION_OKHTTP='76',REQUEST_SYNCHRONOUS='FALSE',RESPONSE_CODE='200',RESPONSE_METHOD='GET',RESPONSE_LENGTH_OKHTTP='6426',RESPONSE_LENGTH_HEADER='6426',REQUEST_PROTOCOL='http/1.1',REQUEST_URL='https://project-travel-mate.herokuapp.com/api/get-upcoming-holidays/2020',
08-03 20:21:26.819  1770  1834 I art     : Starting a blocking GC Explicit
08-03 20:21:26.828  1770  1770 V Response: [{"month":"January","date":1,"day":"Wednesday","name":"New Year's Day","type":"Restricted"},{"month":"January","date":2,"day":"Thursday","name":"Guru Govind Singh Jayanti","type":"Restricted"},{"month":"January","date":14,"day":"Tuesday","name":"Lohri","type":"Restricted"},{"month":"January","date":15,"day":"Wednesday","name":"Pongal","type":"Restricted"},{"month":"January","date":15,"day":"Wednesday","name":"Makar Sankranti","type":"Restricted"},{"month":"January","date":25,"day":"Saturday","name":"Chinese New Year","type":"Observance"},{"month":"January","date":26,"day":"Sunday","name":"Republic Day","type":"Gazetted"},{"month":"January","date":30,"day":"Thursday","name":"Vasant Panchami","type":"Restricted"},{"month":"February","date":9,"day":"Sunday","name":"Guru Ravidas Jayanti","type":"Restricted"},{"month":"February","date":14,"day":"Friday","name":"Valentine's Day","type":"Observance"},{"month":"February","date":18,"day":"Tuesday","name":"Maharishi Dayanand Saraswati Jayanti","type":"Restricted"},{"month":"February","date":19,"day":"Wednesday","name":"Shivaji Jayanti","type":"Restricted"},{"month":"February","date":21,"day":"Friday","name":"Maha Shivaratri/Shivaratri","type":"Gazetted"},{"month":"March","date":9,"day":"Monday","name":"Holika Dahana","type":"Restricted"},{"month":"March","date":9,"day":"Monday","name":"Hazarat Ali's Birthday","type":"Restricted"},{"month":"March","date":10,"day":"Tuesday","name":"Holi","type":"Gazetted"},{"month":"March","date":20,"day":"Friday","name":"March Equinox","type":"Season"},{"month":"March","date":25,"day":"Wednesday","name":"Chaitra Sukhladi","type":"Restricted"},{"month":"April","date":2,"day":"Thursday","name":"Rama Navami","type":"Gazetted"},{"month":"April","date":6,"day":"Monday","name":"Mahavir Jayanti","type":"Gazetted"},{"month":"April","date":9,"day":"Thursday","name":"First day of Passover","type":"Observance"},{"month":"April","date":9,"day":"Thursday","name":"Maundy Thursday","type":"Observance,"},{"month":"April","date":10,"day":"Friday","name":"Good Friday","type":"Gazetted"},{"month":"April","date":12,"day":"Sunday","name":"Easter Day","type":"Restricted"},{"month":"April","date":13,"day":"Monday","name":"Vaisakhi","type":"Restricted"},{"month":"April","date":14,"day":"Tuesday","name":"Mesadi/Vaisakhadi","type":"Restricted"},{"month":"April","date":14,"day":"Tuesday","name":"Ambedkar Jayanti","type":"Central"},{"month":"May","date":1,"day":"Friday","name":"May Day","type":"Observance"},{"month":"May","date":7,"day":"Thursday","name":"Buddha Purnima/Vesak","type":"Gazetted"},{"month":"May","date":7,"day":"Thursday","name":"Birthday of Ravindranath","type":"Restricted"},{"month":"May","date":10,"day":"Sunday","name":"Mother's Day","type":"Observance"},{"month":"May","date":22,"day":"Friday","name":"Jamat Ul-Vida","type":"Restricted"},{"month":"May","date":25,"day":"Monday","name":"Ramzan Id/Eid-ul-Fitar","type":"Gazetted"},{"month":"May","date":25,"day":"Monday","name":"Ramzan Id/Eid-ul-Fitar","type":"Muslim,"},{"month":"June","date":21,"day":"Sunday","name":"June Solstice","type":"Season"},{"month":"June","date":21,"day":"Sunday","name":"Father's Day","type":"Observance"},{"month":"June","date":23,"day":"Tuesday","name":"Rath Yatra","type":"Restricted"},{"month":"July","date":5,"day":"Sunday","name":"Guru Purnima","type":"Observance"},{"month":"July","date":31,"day":"Friday","name":"Bakr Id/Eid ul-Adha","type":"Gazetted"},{"month":"August","date":2,"day":"Sunday","name":"Friendship Day","type":"Observance"},{"month":"August","date":3,"day":"Monday","name":"Raksha Bandhan (Rakhi)","type":"Restricted"},{"month":"August","date":11,"day":"Tuesday","name":"Janmashtami (Smarta)","type":"Restricted"},{"month":"August","date":12,"day":"Wednesday","name":"Janmashtami","type":"Gazetted"},{"month":"August","date":15,"day":"Saturday","name":"Independence Day","type":"Gazetted"},{"month":"August","date":16,"day":"Sunday","name":"Parsi New Year","type":"Restricted"},{"month":"August","date":22,"day":"Saturday","name":"Ganesh Chaturthi/Vin
08-03 20:21:26.873  1770  1834 I art     : Explicit concurrent mark sweep GC freed 11556(552KB) AllocSpace objects, 11(484KB) LOS objects, 10% free, 140MB/156MB, paused 2.144ms total 54.505ms
08-03 20:21:26.894  1770  1834 I art     : Starting a blocking GC Explicit
08-03 20:21:26.933  1770  1770 V Response: [{"month":"January","date":1,"day":"Wednesday","name":"New Year's Day","type":"Restricted"},{"month":"January","date":2,"day":"Thursday","name":"Guru Govind Singh Jayanti","type":"Restricted"},{"month":"January","date":14,"day":"Tuesday","name":"Lohri","type":"Restricted"},{"month":"January","date":15,"day":"Wednesday","name":"Pongal","type":"Restricted"},{"month":"January","date":15,"day":"Wednesday","name":"Makar Sankranti","type":"Restricted"},{"month":"January","date":25,"day":"Saturday","name":"Chinese New Year","type":"Observance"},{"month":"January","date":26,"day":"Sunday","name":"Republic Day","type":"Gazetted"},{"month":"January","date":30,"day":"Thursday","name":"Vasant Panchami","type":"Restricted"},{"month":"February","date":9,"day":"Sunday","name":"Guru Ravidas Jayanti","type":"Restricted"},{"month":"February","date":14,"day":"Friday","name":"Valentine's Day","type":"Observance"},{"month":"February","date":18,"day":"Tuesday","name":"Maharishi Dayanand Saraswati Jayanti","type":"Restricted"},{"month":"February","date":19,"day":"Wednesday","name":"Shivaji Jayanti","type":"Restricted"},{"month":"February","date":21,"day":"Friday","name":"Maha Shivaratri/Shivaratri","type":"Gazetted"},{"month":"March","date":9,"day":"Monday","name":"Holika Dahana","type":"Restricted"},{"month":"March","date":9,"day":"Monday","name":"Hazarat Ali's Birthday","type":"Restricted"},{"month":"March","date":10,"day":"Tuesday","name":"Holi","type":"Gazetted"},{"month":"March","date":20,"day":"Friday","name":"March Equinox","type":"Season"},{"month":"March","date":25,"day":"Wednesday","name":"Chaitra Sukhladi","type":"Restricted"},{"month":"April","date":2,"day":"Thursday","name":"Rama Navami","type":"Gazetted"},{"month":"April","date":6,"day":"Monday","name":"Mahavir Jayanti","type":"Gazetted"},{"month":"April","date":9,"day":"Thursday","name":"First day of Passover","type":"Observance"},{"month":"April","date":9,"day":"Thursday","name":"Maundy Thursday","type":"Observance,"},{"month":"April","date":10,"day":"Friday","name":"Good Friday","type":"Gazetted"},{"month":"April","date":12,"day":"Sunday","name":"Easter Day","type":"Restricted"},{"month":"April","date":13,"day":"Monday","name":"Vaisakhi","type":"Restricted"},{"month":"April","date":14,"day":"Tuesday","name":"Mesadi/Vaisakhadi","type":"Restricted"},{"month":"April","date":14,"day":"Tuesday","name":"Ambedkar Jayanti","type":"Central"},{"month":"May","date":1,"day":"Friday","name":"May Day","type":"Observance"},{"month":"May","date":7,"day":"Thursday","name":"Buddha Purnima/Vesak","type":"Gazetted"},{"month":"May","date":7,"day":"Thursday","name":"Birthday of Ravindranath","type":"Restricted"},{"month":"May","date":10,"day":"Sunday","name":"Mother's Day","type":"Observance"},{"month":"May","date":22,"day":"Friday","name":"Jamat Ul-Vida","type":"Restricted"},{"month":"May","date":25,"day":"Monday","name":"Ramzan Id/Eid-ul-Fitar","type":"Gazetted"},{"month":"May","date":25,"day":"Monday","name":"Ramzan Id/Eid-ul-Fitar","type":"Muslim,"},{"month":"June","date":21,"day":"Sunday","name":"June Solstice","type":"Season"},{"month":"June","date":21,"day":"Sunday","name":"Father's Day","type":"Observance"},{"month":"June","date":23,"day":"Tuesday","name":"Rath Yatra","type":"Restricted"},{"month":"July","date":5,"day":"Sunday","name":"Guru Purnima","type":"Observance"},{"month":"July","date":31,"day":"Friday","name":"Bakr Id/Eid ul-Adha","type":"Gazetted"},{"month":"August","date":2,"day":"Sunday","name":"Friendship Day","type":"Observance"},{"month":"August","date":3,"day":"Monday","name":"Raksha Bandhan (Rakhi)","type":"Restricted"},{"month":"August","date":11,"day":"Tuesday","name":"Janmashtami (Smarta)","type":"Restricted"},{"month":"August","date":12,"day":"Wednesday","name":"Janmashtami","type":"Gazetted"},{"month":"August","date":15,"day":"Saturday","name":"Independence Day","type":"Gazetted"},{"month":"August","date":16,"day":"Sunday","name":"Parsi New Year","type":"Restricted"},{"month":"August","date":22,"day":"Saturday","name":"Ganesh Chaturthi/Vin
08-03 20:21:26.953  1770  1834 I art     : Explicit concurrent mark sweep GC freed 8173(483KB) AllocSpace objects, 0(0B) LOS objects, 10% free, 140MB/156MB, paused 2.305ms total 58.351ms
08-03 20:21:26.975  1770  1834 I art     : Starting a blocking GC Explicit
08-03 20:21:27.032  1770  1834 I art     : Explicit concurrent mark sweep GC freed 3246(119KB) AllocSpace objects, 1(4MB) LOS objects, 10% free, 136MB/152MB, paused 1.662ms total 56.166ms
08-03 20:21:27.053  1770  1834 I art     : Starting a blocking GC Explicit
08-03 20:21:27.109  1770  1834 I art     : Explicit concurrent mark sweep GC freed 425(13KB) AllocSpace objects, 0(0B) LOS objects, 10% free, 136MB/152MB, paused 1.960ms total 56.116ms
08-03 20:21:27.132  1770  1834 I art     : Starting a blocking GC Explicit
08-03 20:21:27.189  1770  1834 I art     : Explicit concurrent mark sweep GC freed 1120(70KB) AllocSpace objects, 11(220KB) LOS objects, 10% free, 136MB/152MB, paused 1.671ms total 56.785ms
08-03 20:21:27.614  1770  2041 I art     : Starting a blocking GC Explicit
08-03 20:21:27.676  1770  2041 I art     : Explicit concurrent mark sweep GC freed 2280(103KB) AllocSpace objects, 2(36KB) LOS objects, 10% free, 136MB/152MB, paused 1.849ms total 61.185ms
08-03 20:21:27.702  1770  2041 I art     : Starting a blocking GC Explicit
08-03 20:21:27.763  1770  2041 I art     : Explicit concurrent mark sweep GC freed 159(3KB) AllocSpace objects, 0(0B) LOS objects, 10% free, 136MB/152MB, paused 1.688ms total 60.707ms
08-03 20:21:27.787  1770  2041 I art     : Starting a blocking GC Explicit
08-03 20:21:27.849  1770  2041 I art     : Explicit concurrent mark sweep GC freed 179(3KB) AllocSpace objects, 0(0B) LOS objects, 10% free, 136MB/152MB, paused 1.990ms total 61.342ms
08-03 20:21:27.873  1770  2041 I art     : Starting a blocking GC Explicit
08-03 20:21:27.934  1770  2041 I art     : Explicit concurrent mark sweep GC freed 136(2336B) AllocSpace objects, 0(0B) LOS objects, 10% free, 136MB/152MB, paused 1.842ms total 60.919ms
08-03 20:21:27.959  1770  2041 I art     : Starting a blocking GC Explicit
08-03 20:21:27.993  1728  1728 I ServiceManager: Waiting for service AtCmdFwd...
08-03 20:21:28.020  1770  2041 I art     : Explicit concurrent mark sweep GC freed 123(2096B) AllocSpace objects, 0(0B) LOS objects, 10% free, 136MB/152MB, paused 1.691ms total 60.136ms
08-03 20:21:28.480  1770  1787 I art     : Starting a blocking GC Explicit
08-03 20:21:28.544  1770  1787 I art     : Explicit concurrent mark sweep GC freed 2327(104KB) AllocSpace objects, 2(36KB) LOS objects, 10% free, 136MB/152MB, paused 1.928ms total 63.218ms
08-03 20:21:28.567  1770  1787 I art     : Starting a blocking GC Explicit
08-03 20:21:28.627  1770  1787 I art     : Explicit concurrent mark sweep GC freed 148(3024B) AllocSpace objects, 0(0B) LOS objects, 10% free, 136MB/152MB, paused 1.627ms total 59.095ms
08-03 20:21:28.651  1770  1787 I art     : Starting a blocking GC Explicit
08-03 20:21:28.712  1770  1787 I art     : Explicit concurrent mark sweep GC freed 123(2096B) AllocSpace objects, 0(0B) LOS objects, 10% free, 136MB/152MB, paused 1.691ms total 60.765ms
08-03 20:21:28.736  1770  1787 I art     : Starting a blocking GC Explicit
08-03 20:21:28.798  1770  1787 I art     : Explicit concurrent mark sweep GC freed 123(2096B) AllocSpace objects, 0(0B) LOS objects, 10% free, 136MB/152MB, paused 1.642ms total 61.075ms
08-03 20:21:28.822  1770  1787 I art     : Starting a blocking GC Explicit
08-03 20:21:28.883  1770  1787 I art     : Explicit concurrent mark sweep GC freed 161(3040B) AllocSpace objects, 0(0B) LOS objects, 10% free, 136MB/152MB, paused 1.916ms total 60.331ms
08-03 20:21:28.993  1728  1728 I ServiceManager: Waiting for service AtCmdFwd...
08-03 20:21:29.334  1770  1788 I art     : Starting a blocking GC Explicit
08-03 20:21:29.396  1770  1788 I art     : Explicit concurrent mark sweep GC freed 2320(104KB) AllocSpace objects, 2(36KB) LOS objects, 10% free, 136MB/152MB, paused 1.702ms total 61.579ms
08-03 20:21:29.420  1770  1788 I art     : Starting a blocking GC Explicit
08-03 20:21:29.481  1770  1788 I art     : Explicit concurrent mark sweep GC freed 148(3024B) AllocSpace objects, 0(0B) LOS objects, 10% free, 136MB/152MB, paused 1.693ms total 60.347ms
08-03 20:21:29.505  1770  1788 I art     : Starting a blocking GC Explicit
08-03 20:21:29.566  1770  1788 I art     : Explicit concurrent mark sweep GC freed 124(2112B) AllocSpace objects, 0(0B) LOS objects, 10% free, 136MB/152MB, paused 1.915ms total 60.887ms
08-03 20:21:29.591  1770  1788 I art     : Starting a blocking GC Explicit
08-03 20:21:29.652  1770  1788 I art     : Explicit concurrent mark sweep GC freed 168(3KB) AllocSpace objects, 0(0B) LOS objects, 10% free, 136MB/152MB, paused 1.811ms total 60.864ms
08-03 20:21:29.676  1770  1788 I art     : Starting a blocking GC Explicit
08-03 20:21:29.736  1770  1788 I art     : Explicit concurrent mark sweep GC freed 149(3KB) AllocSpace objects, 0(0B) LOS objects, 10% free, 136MB/152MB, paused 1.798ms total 59.808ms
08-03 20:21:29.994  1728  1728 I ServiceManager: Waiting for service AtCmdFwd...
08-03 20:21:30.192  1770  2379 I art     : Starting a blocking GC Explicit
08-03 20:21:30.255  1770  2379 I art     : Explicit concurrent mark sweep GC freed 2356(104KB) AllocSpace objects, 2(36KB) LOS objects, 10% free, 136MB/152MB, paused 1.702ms total 61.760ms
08-03 20:21:30.279  1770  2379 I art     : Starting a blocking GC Explicit
08-03 20:21:30.340  1770  2379 I art     : Explicit concurrent mark sweep GC freed 149(3056B) AllocSpace objects, 0(0B) LOS objects, 10% free, 136MB/152MB, paused 1.902ms total 60.542ms
08-03 20:21:30.363  1770  2379 I art     : Starting a blocking GC Explicit
08-03 20:21:30.417  1770  2379 I art     : Explicit concurrent mark sweep GC freed 105(1792B) AllocSpace objects, 0(0B) LOS objects, 10% free, 136MB/152MB, paused 1.810ms total 54.481ms
08-03 20:21:30.441  1770  2379 I art     : Starting a blocking GC Explicit
08-03 20:21:30.498  1770  2379 I art     : Explicit concurrent mark sweep GC freed 117(2000B) AllocSpace objects, 0(0B) LOS objects, 10% free, 136MB/152MB, paused 1.789ms total 57.391ms
08-03 20:21:30.499  1770  1786 I art     : WaitForGcToComplete blocked for 53.910ms for cause HeapTrim
08-03 20:21:30.522  1770  2379 I art     : Starting a blocking GC Explicit
08-03 20:21:30.582  1770  2379 I art     : Explicit concurrent mark sweep GC freed 123(2096B) AllocSpace objects, 0(0B) LOS objects, 10% free, 136MB/152MB, paused 1.785ms total 59.271ms
08-03 20:21:30.637   918  3261 D WifiStateMachine: starting scan for "H369AA63323"WPA_PSK with 2412,5180
08-03 20:21:30.957  3550  3550 D AndroidRuntime: >>>>>> START com.android.internal.os.RuntimeInit uid 2000 <<<<<<
08-03 20:21:30.963  3550  3550 D AndroidRuntime: CheckJNI is OFF
08-03 20:21:30.995  1728  1728 I ServiceManager: Waiting for service AtCmdFwd...
08-03 20:21:31.005  1770  1834 I art     : Starting a blocking GC Explicit
08-03 20:21:31.019  3550  3550 D ICU     : No timezone override file found: /data/misc/zoneinfo/current/icu/icu_tzdata.dat
08-03 20:21:31.064  1770  1834 I art     : Explicit concurrent mark sweep GC freed 2310(104KB) AllocSpace objects, 2(36KB) LOS objects, 10% free, 136MB/152MB, paused 1.669ms total 58.987ms
08-03 20:21:31.065  3550  3550 I Radio-JNI: register_android_hardware_Radio DONE
08-03 20:21:31.088  1770  1834 I art     : Starting a blocking GC Explicit
08-03 20:21:31.097  3550  3550 D AndroidRuntime: Calling main entry com.android.commands.input.Input
08-03 20:21:31.099  3550  3550 I Input   : injectKeyEvent: KeyEvent { action=ACTION_DOWN, keyCode=KEYCODE_BACK, scanCode=0, metaState=0, flags=0x0, repeatCount=0, eventTime=649307512, downTime=649307512, deviceId=-1, source=0x101 }
08-03 20:21:31.105  3550  3550 I Input   : injectKeyEvent: KeyEvent { action=ACTION_UP, keyCode=KEYCODE_BACK, scanCode=0, metaState=0, flags=0x0, repeatCount=0, eventTime=649307512, downTime=649307512, deviceId=-1, source=0x101 }
08-03 20:21:31.111  3550  3550 D AndroidRuntime: Shutting down VM
08-03 20:21:31.123  1770  1770 V MainActivity: url = https://project-travel-mate.herokuapp.com/api/number-of-unread-notifications
08-03 20:21:31.146  1770  1834 I art     : Explicit concurrent mark sweep GC freed 414(14KB) AllocSpace objects, 0(0B) LOS objects, 10% free, 136MB/152MB, paused 1.956ms total 57.466ms
08-03 20:21:31.167   518   646 I ThermalEngine: ACTION: GPU - Setting GPU[0] to 450000000
08-03 20:21:31.171  1770  1834 I art     : Starting a blocking GC Explicit
08-03 20:21:31.218  1770  1834 I art     : Explicit concurrent mark sweep GC freed 91(2960B) AllocSpace objects, 0(0B) LOS objects, 10% free, 136MB/152MB, paused 1.149ms total 44.187ms
08-03 20:21:31.225 13866 13866 I GoogleInputMethodServic: GoogleInputMethodService.onFinishInput():3138 
08-03 20:21:31.226 13866 13866 I GoogleInputMethodServic: GoogleInputMethodService.onStartInput():1808 
08-03 20:21:31.237  1770  1834 I art     : Starting a blocking GC Explicit
08-03 20:21:31.280  1770  1834 I art     : Explicit concurrent mark sweep GC freed 164(7KB) AllocSpace objects, 0(0B) LOS objects, 10% free, 136MB/152MB, paused 1.161ms total 43.248ms
08-03 20:21:31.297  1770  1834 I art     : Starting a blocking GC Explicit
08-03 20:21:31.339  1770  1834 I art     : Explicit concurrent mark sweep GC freed 133(3KB) AllocSpace objects, 0(0B) LOS objects, 10% free, 136MB/152MB, paused 1.056ms total 41.782ms
08-03 20:21:31.515   380   380 W SurfaceFlinger: couldn't log to binary event log: overflow.
08-03 20:21:31.707  1770  2379 I art     : Starting a blocking GC Explicit
08-03 20:21:31.726  1770  3574 I NAPPA_EXPERIMENTATION: MetricNetworkRequestExecutionTime: REQUEST_DURATION_SYSTEM='601',REQUEST_DURATION_OKHTTP='40',REQUEST_SYNCHRONOUS='FALSE',RESPONSE_CODE='200',RESPONSE_METHOD='GET',RESPONSE_LENGTH_OKHTTP='36',RESPONSE_LENGTH_HEADER='36',REQUEST_PROTOCOL='http/1.1',REQUEST_URL='https://project-travel-mate.herokuapp.com/api/number-of-unread-notifications',
08-03 20:21:31.771  1770  2379 I art     : Explicit concurrent mark sweep GC freed 4594(242KB) AllocSpace objects, 6(424KB) LOS objects, 10% free, 136MB/152MB, paused 1.446ms total 63.154ms
08-03 20:21:31.793  1770  2379 I art     : Starting a blocking GC Explicit
08-03 20:21:31.839  1770  2379 I art     : Explicit concurrent mark sweep GC freed 7722(482KB) AllocSpace objects, 13(264KB) LOS objects, 10% free, 135MB/151MB, paused 1.303ms total 46.186ms
08-03 20:21:31.857  1770  2379 I art     : Starting a blocking GC Explicit
08-03 20:21:31.905  1770  2379 I art     : Explicit concurrent mark sweep GC freed 8(320B) AllocSpace objects, 0(0B) LOS objects, 10% free, 135MB/151MB, paused 1.126ms total 47.218ms
08-03 20:21:31.923  1770  2379 I art     : Starting a blocking GC Explicit
08-03 20:21:31.970  1770  2379 I art     : Explicit concurrent mark sweep GC freed 3(96B) AllocSpace objects, 0(0B) LOS objects, 10% free, 135MB/151MB, paused 1.255ms total 47.086ms
08-03 20:21:31.988  1770  2379 I art     : Starting a blocking GC Explicit
08-03 20:21:31.995  1728  1728 I ServiceManager: Waiting for service AtCmdFwd...
08-03 20:21:32.035  1770  2379 I art     : Explicit concurrent mark sweep GC freed 3(96B) AllocSpace objects, 0(0B) LOS objects, 10% free, 135MB/151MB, paused 1.124ms total 47.359ms
08-03 20:21:32.433  1770  1787 I art     : Starting a blocking GC Explicit
08-03 20:21:32.485  1770  1787 I art     : Explicit concurrent mark sweep GC freed 1582(91KB) AllocSpace objects, 2(36KB) LOS objects, 10% free, 135MB/151MB, paused 1.386ms total 51.583ms
08-03 20:21:32.504  1770  1787 I art     : Starting a blocking GC Explicit
08-03 20:21:32.551  1770  1787 I art     : Explicit concurrent mark sweep GC freed 28(1024B) AllocSpace objects, 0(0B) LOS objects, 10% free, 135MB/151MB, paused 1.156ms total 46.436ms
08-03 20:21:32.569  1770  1787 I art     : Starting a blocking GC Explicit
08-03 20:21:32.615  1770  1787 I art     : Explicit concurrent mark sweep GC freed 25(1200B) AllocSpace objects, 0(0B) LOS objects, 10% free, 135MB/151MB, paused 1.181ms total 45.534ms
08-03 20:21:32.632  1770  1787 I art     : Starting a blocking GC Explicit
08-03 20:21:32.678  1770  1787 I art     : Explicit concurrent mark sweep GC freed 21(1088B) AllocSpace objects, 0(0B) LOS objects, 10% free, 135MB/151MB, paused 1.209ms total 45.068ms
08-03 20:21:32.695  1770  1787 I art     : Starting a blocking GC Explicit
08-03 20:21:32.741  1770  1787 I art     : Explicit concurrent mark sweep GC freed 4(128B) AllocSpace objects, 0(0B) LOS objects, 10% free, 135MB/151MB, paused 1.100ms total 45.237ms
08-03 20:21:32.905  3599  3599 D AndroidRuntime: >>>>>> START com.android.internal.os.RuntimeInit uid 2000 <<<<<<
08-03 20:21:32.911  3599  3599 D AndroidRuntime: CheckJNI is OFF
08-03 20:21:32.950  3599  3599 D ICU     : No timezone override file found: /data/misc/zoneinfo/current/icu/icu_tzdata.dat
08-03 20:21:32.990  3599  3599 I Radio-JNI: register_android_hardware_Radio DONE
08-03 20:21:32.995  1728  1728 W Atfwd_Sendcmd: AtCmdFwd service not published, waiting... retryCnt : 3
08-03 20:21:33.019  3599  3599 D AndroidRuntime: Calling main entry com.android.commands.input.Input
08-03 20:21:33.022  3599  3599 I Input   : injectMotionEvent: MotionEvent { action=ACTION_DOWN, actionButton=0, id[0]=0, x[0]=657.0, y[0]=2080.0, toolType[0]=TOOL_TYPE_UNKNOWN, buttonState=0, metaState=0, flags=0x0, edgeFlags=0x0, pointerCount=1, historySize=0, eventTime=649309434, downTime=649309434, deviceId=0, source=0x1002 }
08-03 20:21:33.059  3599  3599 I Input   : injectMotionEvent: MotionEvent { action=ACTION_UP, actionButton=0, id[0]=0, x[0]=657.0, y[0]=2080.0, toolType[0]=TOOL_TYPE_UNKNOWN, buttonState=0, metaState=0, flags=0x0, edgeFlags=0x0, pointerCount=1, historySize=0, eventTime=649309434, downTime=649309434, deviceId=0, source=0x1002 }
08-03 20:21:33.060 28673 28717 E YouTube : Error in sending SendDeviceContextRequest.
08-03 20:21:33.060 28673 28717 E YouTube : aeag: java.util.concurrent.ExecutionException: bwj
08-03 20:21:33.060 28673 28717 E YouTube : 	at adzy.b(PG:19)
08-03 20:21:33.060 28673 28717 E YouTube : 	at akfb.a(PG:163)
08-03 20:21:33.060 28673 28717 E YouTube : 	at abdc.a(PG:4)
08-03 20:21:33.060 28673 28717 E YouTube : 	at com.google.android.libraries.youtube.common.backgroundtask.workmanager.BackgroundTaskWorker.i(PG:7)
08-03 20:21:33.060 28673 28717 E YouTube : 	at bih.run(PG:1)
08-03 20:21:33.060 28673 28717 E YouTube : 	at java.util.concurrent.Executors$RunnableAdapter.call(Executors.java:423)
08-03 20:21:33.060 28673 28717 E YouTube : 	at java.util.concurrent.FutureTask.run(FutureTask.java:237)
08-03 20:21:33.060 28673 28717 E YouTube : 	at java.util.concurrent.ScheduledThreadPoolExecutor$ScheduledFutureTask.run(ScheduledThreadPoolExecutor.java:269)
08-03 20:21:33.060 28673 28717 E YouTube : 	at java.util.concurrent.ThreadPoolExecutor.runWorker(ThreadPoolExecutor.java:1113)
08-03 20:21:33.060 28673 28717 E YouTube : 	at java.util.concurrent.ThreadPoolExecutor$Worker.run(ThreadPoolExecutor.java:588)
08-03 20:21:33.060 28673 28717 E YouTube : 	at abgr.run(PG:12)
08-03 20:21:33.060 28673 28717 E YouTube : 	at java.lang.Thread.run(Thread.java:818)
08-03 20:21:33.060 28673 28717 E YouTube : Caused by: java.util.concurrent.ExecutionException: bwj
08-03 20:21:33.060 28673 28717 E YouTube : 	at asbb.a(PG:127)
08-03 20:21:33.060 28673 28717 E YouTube : 	at asbb.get(PG:83)
08-03 20:21:33.060 28673 28717 E YouTube : 	at adzy.b(PG:18)
08-03 20:21:33.060 28673 28717 E YouTube : 	... 11 more
08-03 20:21:33.060 28673 28717 E YouTube : Caused by: bwj
08-03 20:21:33.060 28673 28717 E YouTube : 	at abpp.run(Unknown Source)
08-03 20:21:33.060 28673 28717 E YouTube : 	... 4 more
08-03 20:21:33.060 28673 28717 E YouTube : Caused by: bljc: Exception in CronetUrlRequest: net::ERR_CONNECTION_CLOSED, ErrorCode=5, InternalErrorCode=-100, Retryable=true
08-03 20:21:33.060 28673 28717 E YouTube : 	at org.chromium.net.impl.CronetUrlRequest.onError(PG:55)
08-03 20:21:33.062  3599  3599 D AndroidRuntime: Shutting down VM
08-03 20:21:33.062   918  4400 I ActivityManager: START u0 {cmp=baseline.io.github.project_travel_mate/.utilities.UpcomingWeekendsActivity} from uid 10623 on display 0
08-03 20:21:33.063   512  2967 D audio_hw_primary: out_set_parameters: enter: usecase(1: low-latency-playback) kvpairs: routing=2
08-03 20:21:33.076   512  2967 D audio_hw_primary: select_devices: out_snd_device(2: speaker) in_snd_device(0: none)
08-03 20:21:33.076   512  2967 D msm8974_platform: platform_send_audio_calibration: sending audio calibration for snd_device(2) acdb_id(15)
08-03 20:21:33.076   512  2967 I soundtrigger: audio_extn_sound_trigger_update_device_status: device 0x2 of type 0 for Event 1
08-03 20:21:33.086   512  2967 D audio_hw_primary: enable_snd_device: snd_device(2: speaker)
08-03 20:21:33.088   512  2967 D audio_hw_primary: enable_audio_route: apply and update mixer path: low-latency-playback speaker
08-03 20:21:33.090  1770  1854 D Gabe    : call	returning from cache
08-03 20:21:33.093  1770  1770 V EXECUTING: https://project-travel-mate.herokuapp.com/api/get-upcoming-holidays/2020
08-03 20:21:33.097   918  6111 I ActivityManager: Killing 11541:com.google.android.apps.gcs/u0a11 (adj 15): empty #17
08-03 20:21:33.131  1770  2041 I art     : Starting a blocking GC Explicit
08-03 20:21:33.156  1770  1770 V EXECUTING: https://project-travel-mate.herokuapp.com/api/get-upcoming-holidays/2020
08-03 20:21:33.176  1770  2041 I art     : Explicit concurrent mark sweep GC freed 2340(149KB) AllocSpace objects, 2(36KB) LOS objects, 10% free, 135MB/151MB, paused 1.319ms total 44.978ms
08-03 20:21:33.194  1770  2041 I art     : Starting a blocking GC Explicit
08-03 20:21:33.236  1770  2041 I art     : Explicit concurrent mark sweep GC freed 687(36KB) AllocSpace objects, 0(0B) LOS objects, 10% free, 135MB/151MB, paused 1.170ms total 41.979ms
08-03 20:21:33.245 13866 13866 I GoogleInputMethodServic: GoogleInputMethodService.onFinishInput():3138 
08-03 20:21:33.246 13866 13866 I GoogleInputMethodServic: GoogleInputMethodService.onStartInput():1808 
08-03 20:21:33.253  1770  2041 I art     : Starting a blocking GC Explicit
08-03 20:21:33.298  1770  2041 I art     : Explicit concurrent mark sweep GC freed 481(14KB) AllocSpace objects, 0(0B) LOS objects, 10% free, 140MB/156MB, paused 1.557ms total 44.701ms
08-03 20:21:33.315  1770  2041 I art     : Starting a blocking GC Explicit
08-03 20:21:33.346   918   936 I ActivityManager: Displayed baseline.io.github.project_travel_mate/.utilities.UpcomingWeekendsActivity: +274ms
08-03 20:21:33.359  1770  2041 I art     : Explicit concurrent mark sweep GC freed 101(2464B) AllocSpace objects, 0(0B) LOS objects, 10% free, 140MB/156MB, paused 1.425ms total 43.890ms
08-03 20:21:33.377  1770  2041 I art     : Starting a blocking GC Explicit
08-03 20:21:33.423  1770  2041 I art     : Explicit concurrent mark sweep GC freed 47(848B) AllocSpace objects, 0(0B) LOS objects, 10% free, 140MB/156MB, paused 1.238ms total 45.886ms
08-03 20:21:33.602   380   380 W SurfaceFlinger: couldn't log to binary event log: overflow.
08-03 20:21:33.619   512  2967 D audio_hw_primary: disable_audio_route: reset and update mixer path: low-latency-playback speaker
08-03 20:21:33.620   512  2967 D audio_hw_primary: disable_snd_device: snd_device(2: speaker)
08-03 20:21:33.628   512  2967 I soundtrigger: audio_extn_sound_trigger_update_device_status: device 0x2 of type 0 for Event 0
08-03 20:21:33.680  1770  3625 I NAPPA_EXPERIMENTATION: MetricNetworkRequestExecutionTime: REQUEST_DURATION_SYSTEM='522',REQUEST_DURATION_OKHTTP='49',REQUEST_SYNCHRONOUS='FALSE',RESPONSE_CODE='200',RESPONSE_METHOD='GET',RESPONSE_LENGTH_OKHTTP='6426',RESPONSE_LENGTH_HEADER='6426',REQUEST_PROTOCOL='http/1.1',REQUEST_URL='https://project-travel-mate.herokuapp.com/api/get-upcoming-holidays/2020',
08-03 20:21:33.686  1770  1770 V Response: [{"month":"January","date":1,"day":"Wednesday","name":"New Year's Day","type":"Restricted"},{"month":"January","date":2,"day":"Thursday","name":"Guru Govind Singh Jayanti","type":"Restricted"},{"month":"January","date":14,"day":"Tuesday","name":"Lohri","type":"Restricted"},{"month":"January","date":15,"day":"Wednesday","name":"Pongal","type":"Restricted"},{"month":"January","date":15,"day":"Wednesday","name":"Makar Sankranti","type":"Restricted"},{"month":"January","date":25,"day":"Saturday","name":"Chinese New Year","type":"Observance"},{"month":"January","date":26,"day":"Sunday","name":"Republic Day","type":"Gazetted"},{"month":"January","date":30,"day":"Thursday","name":"Vasant Panchami","type":"Restricted"},{"month":"February","date":9,"day":"Sunday","name":"Guru Ravidas Jayanti","type":"Restricted"},{"month":"February","date":14,"day":"Friday","name":"Valentine's Day","type":"Observance"},{"month":"February","date":18,"day":"Tuesday","name":"Maharishi Dayanand Saraswati Jayanti","type":"Restricted"},{"month":"February","date":19,"day":"Wednesday","name":"Shivaji Jayanti","type":"Restricted"},{"month":"February","date":21,"day":"Friday","name":"Maha Shivaratri/Shivaratri","type":"Gazetted"},{"month":"March","date":9,"day":"Monday","name":"Holika Dahana","type":"Restricted"},{"month":"March","date":9,"day":"Monday","name":"Hazarat Ali's Birthday","type":"Restricted"},{"month":"March","date":10,"day":"Tuesday","name":"Holi","type":"Gazetted"},{"month":"March","date":20,"day":"Friday","name":"March Equinox","type":"Season"},{"month":"March","date":25,"day":"Wednesday","name":"Chaitra Sukhladi","type":"Restricted"},{"month":"April","date":2,"day":"Thursday","name":"Rama Navami","type":"Gazetted"},{"month":"April","date":6,"day":"Monday","name":"Mahavir Jayanti","type":"Gazetted"},{"month":"April","date":9,"day":"Thursday","name":"First day of Passover","type":"Observance"},{"month":"April","date":9,"day":"Thursday","name":"Maundy Thursday","type":"Observance,"},{"month":"April","date":10,"day":"Friday","name":"Good Friday","type":"Gazetted"},{"month":"April","date":12,"day":"Sunday","name":"Easter Day","type":"Restricted"},{"month":"April","date":13,"day":"Monday","name":"Vaisakhi","type":"Restricted"},{"month":"April","date":14,"day":"Tuesday","name":"Mesadi/Vaisakhadi","type":"Restricted"},{"month":"April","date":14,"day":"Tuesday","name":"Ambedkar Jayanti","type":"Central"},{"month":"May","date":1,"day":"Friday","name":"May Day","type":"Observance"},{"month":"May","date":7,"day":"Thursday","name":"Buddha Purnima/Vesak","type":"Gazetted"},{"month":"May","date":7,"day":"Thursday","name":"Birthday of Ravindranath","type":"Restricted"},{"month":"May","date":10,"day":"Sunday","name":"Mother's Day","type":"Observance"},{"month":"May","date":22,"day":"Friday","name":"Jamat Ul-Vida","type":"Restricted"},{"month":"May","date":25,"day":"Monday","name":"Ramzan Id/Eid-ul-Fitar","type":"Gazetted"},{"month":"May","date":25,"day":"Monday","name":"Ramzan Id/Eid-ul-Fitar","type":"Muslim,"},{"month":"June","date":21,"day":"Sunday","name":"June Solstice","type":"Season"},{"month":"June","date":21,"day":"Sunday","name":"Father's Day","type":"Observance"},{"month":"June","date":23,"day":"Tuesday","name":"Rath Yatra","type":"Restricted"},{"month":"July","date":5,"day":"Sunday","name":"Guru Purnima","type":"Observance"},{"month":"July","date":31,"day":"Friday","name":"Bakr Id/Eid ul-Adha","type":"Gazetted"},{"month":"August","date":2,"day":"Sunday","name":"Friendship Day","type":"Observance"},{"month":"August","date":3,"day":"Monday","name":"Raksha Bandhan (Rakhi)","type":"Restricted"},{"month":"August","date":11,"day":"Tuesday","name":"Janmashtami (Smarta)","type":"Restricted"},{"month":"August","date":12,"day":"Wednesday","name":"Janmashtami","type":"Gazetted"},{"month":"August","date":15,"day":"Saturday","name":"Independence Day","type":"Gazetted"},{"month":"August","date":16,"day":"Sunday","name":"Parsi New Year","type":"Restricted"},{"month":"August","date":22,"day":"Saturday","name":"Ganesh Chaturthi/Vin
08-03 20:21:33.706  1770  3624 I NAPPA_EXPERIMENTATION: MetricNetworkRequestExecutionTime: REQUEST_DURATION_SYSTEM='610',REQUEST_DURATION_OKHTTP='72',REQUEST_SYNCHRONOUS='FALSE',RESPONSE_CODE='200',RESPONSE_METHOD='GET',RESPONSE_LENGTH_OKHTTP='6426',RESPONSE_LENGTH_HEADER='6426',REQUEST_PROTOCOL='http/1.1',REQUEST_URL='https://project-travel-mate.herokuapp.com/api/get-upcoming-holidays/2020',
08-03 20:21:33.757  1770  1770 V Response: [{"month":"January","date":1,"day":"Wednesday","name":"New Year's Day","type":"Restricted"},{"month":"January","date":2,"day":"Thursday","name":"Guru Govind Singh Jayanti","type":"Restricted"},{"month":"January","date":14,"day":"Tuesday","name":"Lohri","type":"Restricted"},{"month":"January","date":15,"day":"Wednesday","name":"Pongal","type":"Restricted"},{"month":"January","date":15,"day":"Wednesday","name":"Makar Sankranti","type":"Restricted"},{"month":"January","date":25,"day":"Saturday","name":"Chinese New Year","type":"Observance"},{"month":"January","date":26,"day":"Sunday","name":"Republic Day","type":"Gazetted"},{"month":"January","date":30,"day":"Thursday","name":"Vasant Panchami","type":"Restricted"},{"month":"February","date":9,"day":"Sunday","name":"Guru Ravidas Jayanti","type":"Restricted"},{"month":"February","date":14,"day":"Friday","name":"Valentine's Day","type":"Observance"},{"month":"February","date":18,"day":"Tuesday","name":"Maharishi Dayanand Saraswati Jayanti","type":"Restricted"},{"month":"February","date":19,"day":"Wednesday","name":"Shivaji Jayanti","type":"Restricted"},{"month":"February","date":21,"day":"Friday","name":"Maha Shivaratri/Shivaratri","type":"Gazetted"},{"month":"March","date":9,"day":"Monday","name":"Holika Dahana","type":"Restricted"},{"month":"March","date":9,"day":"Monday","name":"Hazarat Ali's Birthday","type":"Restricted"},{"month":"March","date":10,"day":"Tuesday","name":"Holi","type":"Gazetted"},{"month":"March","date":20,"day":"Friday","name":"March Equinox","type":"Season"},{"month":"March","date":25,"day":"Wednesday","name":"Chaitra Sukhladi","type":"Restricted"},{"month":"April","date":2,"day":"Thursday","name":"Rama Navami","type":"Gazetted"},{"month":"April","date":6,"day":"Monday","name":"Mahavir Jayanti","type":"Gazetted"},{"month":"April","date":9,"day":"Thursday","name":"First day of Passover","type":"Observance"},{"month":"April","date":9,"day":"Thursday","name":"Maundy Thursday","type":"Observance,"},{"month":"April","date":10,"day":"Friday","name":"Good Friday","type":"Gazetted"},{"month":"April","date":12,"day":"Sunday","name":"Easter Day","type":"Restricted"},{"month":"April","date":13,"day":"Monday","name":"Vaisakhi","type":"Restricted"},{"month":"April","date":14,"day":"Tuesday","name":"Mesadi/Vaisakhadi","type":"Restricted"},{"month":"April","date":14,"day":"Tuesday","name":"Ambedkar Jayanti","type":"Central"},{"month":"May","date":1,"day":"Friday","name":"May Day","type":"Observance"},{"month":"May","date":7,"day":"Thursday","name":"Buddha Purnima/Vesak","type":"Gazetted"},{"month":"May","date":7,"day":"Thursday","name":"Birthday of Ravindranath","type":"Restricted"},{"month":"May","date":10,"day":"Sunday","name":"Mother's Day","type":"Observance"},{"month":"May","date":22,"day":"Friday","name":"Jamat Ul-Vida","type":"Restricted"},{"month":"May","date":25,"day":"Monday","name":"Ramzan Id/Eid-ul-Fitar","type":"Gazetted"},{"month":"May","date":25,"day":"Monday","name":"Ramzan Id/Eid-ul-Fitar","type":"Muslim,"},{"month":"June","date":21,"day":"Sunday","name":"June Solstice","type":"Season"},{"month":"June","date":21,"day":"Sunday","name":"Father's Day","type":"Observance"},{"month":"June","date":23,"day":"Tuesday","name":"Rath Yatra","type":"Restricted"},{"month":"July","date":5,"day":"Sunday","name":"Guru Purnima","type":"Observance"},{"month":"July","date":31,"day":"Friday","name":"Bakr Id/Eid ul-Adha","type":"Gazetted"},{"month":"August","date":2,"day":"Sunday","name":"Friendship Day","type":"Observance"},{"month":"August","date":3,"day":"Monday","name":"Raksha Bandhan (Rakhi)","type":"Restricted"},{"month":"August","date":11,"day":"Tuesday","name":"Janmashtami (Smarta)","type":"Restricted"},{"month":"August","date":12,"day":"Wednesday","name":"Janmashtami","type":"Gazetted"},{"month":"August","date":15,"day":"Saturday","name":"Independence Day","type":"Gazetted"},{"month":"August","date":16,"day":"Sunday","name":"Parsi New Year","type":"Restricted"},{"month":"August","date":22,"day":"Saturday","name":"Ganesh Chaturthi/Vin
08-03 20:21:33.807  1770  1787 I art     : Starting a blocking GC Explicit
08-03 20:21:33.864  1770  1787 I art     : Explicit concurrent mark sweep GC freed 20708(868KB) AllocSpace objects, 12(4MB) LOS objects, 10% free, 136MB/152MB, paused 1.153ms total 56.586ms
08-03 20:21:33.882  1770  1787 I art     : Starting a blocking GC Explicit
08-03 20:21:33.933  1770  1787 I art     : Explicit concurrent mark sweep GC freed 3446(321KB) AllocSpace objects, 0(0B) LOS objects, 10% free, 136MB/152MB, paused 1.238ms total 49.943ms
08-03 20:21:33.951  1770  1787 I art     : Starting a blocking GC Explicit
08-03 20:21:34.002  1770  1787 I art     : Explicit concurrent mark sweep GC freed 98(1664B) AllocSpace objects, 0(0B) LOS objects, 10% free, 136MB/152MB, paused 1.201ms total 51.246ms
08-03 20:21:34.021  1770  1787 I art     : Starting a blocking GC Explicit
08-03 20:21:34.073  1770  1787 I art     : Explicit concurrent mark sweep GC freed 124(2128B) AllocSpace objects, 0(0B) LOS objects, 10% free, 136MB/152MB, paused 1.311ms total 52.148ms
08-03 20:21:34.096  1770  1787 I art     : Starting a blocking GC Explicit
08-03 20:21:34.143  1770  1787 I art     : Explicit concurrent mark sweep GC freed 99(1696B) AllocSpace objects, 0(0B) LOS objects, 10% free, 136MB/152MB, paused 1.191ms total 47.580ms
08-03 20:21:34.529  1770  2379 I art     : Starting a blocking GC Explicit
08-03 20:21:34.580  1770  2379 I art     : Explicit concurrent mark sweep GC freed 2219(102KB) AllocSpace objects, 2(36KB) LOS objects, 10% free, 136MB/152MB, paused 1.115ms total 50.755ms
08-03 20:21:34.599  1770  2379 I art     : Starting a blocking GC Explicit
08-03 20:21:34.650  1770  2379 I art     : Explicit concurrent mark sweep GC freed 138(3056B) AllocSpace objects, 0(0B) LOS objects, 10% free, 136MB/152MB, paused 1.209ms total 51.374ms
08-03 20:21:34.669  1770  2379 I art     : Starting a blocking GC Explicit
08-03 20:21:34.724  1770  2379 I art     : Explicit concurrent mark sweep GC freed 122(2064B) AllocSpace objects, 0(0B) LOS objects, 10% free, 136MB/152MB, paused 1.283ms total 54.517ms
08-03 20:21:34.743  1770  2379 I art     : Starting a blocking GC Explicit
08-03 20:21:34.795  1770  2379 I art     : Explicit concurrent mark sweep GC freed 99(1696B) AllocSpace objects, 0(0B) LOS objects, 10% free, 136MB/152MB, paused 1.200ms total 52.423ms
08-03 20:21:34.814  1770  2379 I art     : Starting a blocking GC Explicit
08-03 20:21:34.870  1770  2379 I art     : Explicit concurrent mark sweep GC freed 131(2560B) AllocSpace objects, 0(0B) LOS objects, 10% free, 136MB/152MB, paused 1.217ms total 55.286ms
08-03 20:21:35.177   518   646 I ThermalEngine: ACTION: GPU - Setting GPU[0] to 390000000
08-03 20:21:35.318  1770  1788 I art     : Starting a blocking GC Explicit
08-03 20:21:35.390  1770  1788 I art     : Explicit concurrent mark sweep GC freed 2338(104KB) AllocSpace objects, 2(36KB) LOS objects, 10% free, 136MB/152MB, paused 2.260ms total 69.437ms
08-03 20:21:35.416  1770  1788 I art     : Starting a blocking GC Explicit
08-03 20:21:35.474  1770  1788 I art     : Explicit concurrent mark sweep GC freed 187(3KB) AllocSpace objects, 0(0B) LOS objects, 10% free, 136MB/152MB, paused 1.742ms total 58.546ms
08-03 20:21:35.498  1770  1788 I art     : Starting a blocking GC Explicit
08-03 20:21:35.559  1770  1788 I art     : Explicit concurrent mark sweep GC freed 123(2096B) AllocSpace objects, 0(0B) LOS objects, 10% free, 136MB/152MB, paused 1.959ms total 60.555ms
08-03 20:21:35.583  1770  1788 I art     : Starting a blocking GC Explicit
08-03 20:21:35.646  1770  1788 I art     : Explicit concurrent mark sweep GC freed 145(3KB) AllocSpace objects, 0(0B) LOS objects, 10% free, 136MB/152MB, paused 1.725ms total 61.849ms
08-03 20:21:35.646  1770  1786 I art     : WaitForGcToComplete blocked for 62.336ms for cause HeapTrim
08-03 20:21:35.670  1770  1788 I art     : Starting a blocking GC Explicit
08-03 20:21:35.734  1770  1788 I art     : Explicit concurrent mark sweep GC freed 150(3KB) AllocSpace objects, 0(0B) LOS objects, 10% free, 136MB/152MB, paused 1.998ms total 63.343ms
08-03 20:21:36.194  1770  2041 I art     : Starting a blocking GC Explicit
08-03 20:21:36.257  1770  2041 I art     : Explicit concurrent mark sweep GC freed 2358(104KB) AllocSpace objects, 2(36KB) LOS objects, 10% free, 136MB/152MB, paused 1.761ms total 62.604ms
08-03 20:21:36.282  1770  2041 I art     : Starting a blocking GC Explicit
08-03 20:21:36.344  1770  2041 I art     : Explicit concurrent mark sweep GC freed 172(3KB) AllocSpace objects, 0(0B) LOS objects, 10% free, 136MB/152MB, paused 1.793ms total 61.654ms
08-03 20:21:36.369  1770  2041 I art     : Starting a blocking GC Explicit
08-03 20:21:36.432  1770  2041 I art     : Explicit concurrent mark sweep GC freed 124(2128B) AllocSpace objects, 0(0B) LOS objects, 10% free, 136MB/152MB, paused 1.820ms total 62.147ms
08-03 20:21:36.456  1770  2041 I art     : Starting a blocking GC Explicit
08-03 20:21:36.520  1770  2041 I art     : Explicit concurrent mark sweep GC freed 123(2096B) AllocSpace objects, 0(0B) LOS objects, 10% free, 136MB/152MB, paused 1.914ms total 63.101ms
08-03 20:21:36.546  1770  2041 I art     : Starting a blocking GC Explicit
08-03 20:21:36.605  1770  2041 I art     : Explicit concurrent mark sweep GC freed 123(2096B) AllocSpace objects, 0(0B) LOS objects, 10% free, 136MB/152MB, paused 1.595ms total 58.144ms
08-03 20:21:37.063  1770  1834 I art     : Starting a blocking GC Explicit
08-03 20:21:37.127  1770  1834 I art     : Explicit concurrent mark sweep GC freed 2381(105KB) AllocSpace objects, 2(36KB) LOS objects, 10% free, 136MB/152MB, paused 1.888ms total 63.299ms
08-03 20:21:37.152  1770  1834 I art     : Starting a blocking GC Explicit
08-03 20:21:37.179   518   646 I ThermalEngine: ACTION: GPU - Setting GPU[0] to 450000000
08-03 20:21:37.207  1770  1834 I art     : Explicit concurrent mark sweep GC freed 137(2832B) AllocSpace objects, 0(0B) LOS objects, 10% free, 136MB/152MB, paused 1.312ms total 55.447ms
08-03 20:21:37.226  1770  1834 I art     : Starting a blocking GC Explicit
08-03 20:21:37.276  1770  1834 I art     : Explicit concurrent mark sweep GC freed 110(1888B) AllocSpace objects, 0(0B) LOS objects, 10% free, 136MB/152MB, paused 1.172ms total 50.126ms
08-03 20:21:37.295  1770  1834 I art     : Starting a blocking GC Explicit
08-03 20:21:37.345  1770  1834 I art     : Explicit concurrent mark sweep GC freed 99(1696B) AllocSpace objects, 0(0B) LOS objects, 10% free, 136MB/152MB, paused 1.055ms total 49.774ms
08-03 20:21:37.363  1770  1834 I art     : Starting a blocking GC Explicit
08-03 20:21:37.411  1770  1834 I art     : Explicit concurrent mark sweep GC freed 99(1696B) AllocSpace objects, 0(0B) LOS objects, 10% free, 136MB/152MB, paused 1.196ms total 48.004ms
08-03 20:21:37.827  1770  1787 I art     : Starting a blocking GC Explicit
08-03 20:21:37.852  3683  3683 D AndroidRuntime: >>>>>> START com.android.internal.os.RuntimeInit uid 2000 <<<<<<
08-03 20:21:37.858  3683  3683 D AndroidRuntime: CheckJNI is OFF
08-03 20:21:37.881  1770  1787 I art     : Explicit concurrent mark sweep GC freed 2285(103KB) AllocSpace objects, 2(36KB) LOS objects, 10% free, 136MB/152MB, paused 1.268ms total 52.909ms
08-03 20:21:37.899  1770  1787 I art     : Starting a blocking GC Explicit
08-03 20:21:37.906  3683  3683 D ICU     : No timezone override file found: /data/misc/zoneinfo/current/icu/icu_tzdata.dat
08-03 20:21:37.950  1770  1787 I art     : Explicit concurrent mark sweep GC freed 124(2624B) AllocSpace objects, 0(0B) LOS objects, 10% free, 136MB/152MB, paused 1.256ms total 50.872ms
08-03 20:21:37.952  3683  3683 I Radio-JNI: register_android_hardware_Radio DONE
08-03 20:21:37.968  1770  1787 I art     : Starting a blocking GC Explicit
08-03 20:21:37.983  3683  3683 D AndroidRuntime: Calling main entry com.android.commands.input.Input
08-03 20:21:37.984  3683  3683 I Input   : injectKeyEvent: KeyEvent { action=ACTION_DOWN, keyCode=KEYCODE_BACK, scanCode=0, metaState=0, flags=0x0, repeatCount=0, eventTime=649314397, downTime=649314397, deviceId=-1, source=0x101 }
08-03 20:21:37.992  3683  3683 I Input   : injectKeyEvent: KeyEvent { action=ACTION_UP, keyCode=KEYCODE_BACK, scanCode=0, metaState=0, flags=0x0, repeatCount=0, eventTime=649314397, downTime=649314397, deviceId=-1, source=0x101 }
08-03 20:21:37.998  3683  3683 D AndroidRuntime: Shutting down VM
08-03 20:21:38.007  1770  1770 V MainActivity: url = https://project-travel-mate.herokuapp.com/api/number-of-unread-notifications
08-03 20:21:38.017  1770  1787 I art     : Explicit concurrent mark sweep GC freed 388(13KB) AllocSpace objects, 0(0B) LOS objects, 10% free, 136MB/152MB, paused 1.368ms total 48.656ms
08-03 20:21:38.035  1770  1787 I art     : Starting a blocking GC Explicit
08-03 20:21:38.041 13866 13866 I GoogleInputMethodServic: GoogleInputMethodService.onFinishInput():3138 
08-03 20:21:38.044 13866 13866 I GoogleInputMethodServic: GoogleInputMethodService.onStartInput():1808 
08-03 20:21:38.084  1770  1787 I art     : Explicit concurrent mark sweep GC freed 126(4KB) AllocSpace objects, 0(0B) LOS objects, 10% free, 136MB/152MB, paused 1.434ms total 49.272ms
08-03 20:21:38.104  1770  1787 I art     : Starting a blocking GC Explicit
08-03 20:21:38.148  1770  1787 I art     : Explicit concurrent mark sweep GC freed 156(7KB) AllocSpace objects, 0(0B) LOS objects, 10% free, 136MB/152MB, paused 1.205ms total 43.860ms
08-03 20:21:38.373   380   380 W SurfaceFlinger: couldn't log to binary event log: overflow.
08-03 20:21:38.514  1770  1787 I art     : Starting a blocking GC Explicit
08-03 20:21:38.564  1770  1787 I art     : Explicit concurrent mark sweep GC freed 4550(231KB) AllocSpace objects, 4(156KB) LOS objects, 10% free, 136MB/152MB, paused 1.502ms total 49.332ms
08-03 20:21:38.581  1770  1787 I art     : Starting a blocking GC Explicit
08-03 20:21:38.586  1770  3708 I NAPPA_EXPERIMENTATION: MetricNetworkRequestExecutionTime: REQUEST_DURATION_SYSTEM='578',REQUEST_DURATION_OKHTTP='37',REQUEST_SYNCHRONOUS='FALSE',RESPONSE_CODE='200',RESPONSE_METHOD='GET',RESPONSE_LENGTH_OKHTTP='36',RESPONSE_LENGTH_HEADER='36',REQUEST_PROTOCOL='http/1.1',REQUEST_URL='https://project-travel-mate.herokuapp.com/api/number-of-unread-notifications',
08-03 20:21:38.629  1770  1787 I art     : Explicit concurrent mark sweep GC freed 7710(488KB) AllocSpace objects, 14(344KB) LOS objects, 10% free, 136MB/152MB, paused 1.285ms total 46.928ms
08-03 20:21:38.646  1770  1787 I art     : Starting a blocking GC Explicit
08-03 20:21:38.694  1770  1787 I art     : Explicit concurrent mark sweep GC freed 155(6KB) AllocSpace objects, 0(0B) LOS objects, 10% free, 136MB/152MB, paused 1.203ms total 47.491ms
08-03 20:21:38.712  1770  1787 I art     : Starting a blocking GC Explicit
08-03 20:21:38.762  1770  1787 I art     : Explicit concurrent mark sweep GC freed 3(96B) AllocSpace objects, 0(0B) LOS objects, 10% free, 136MB/152MB, paused 1.251ms total 49.266ms
08-03 20:21:38.783  1770  1787 I art     : Starting a blocking GC Explicit
08-03 20:21:38.831  1770  1787 I art     : Explicit concurrent mark sweep GC freed 3(96B) AllocSpace objects, 0(0B) LOS objects, 10% free, 136MB/152MB, paused 1.222ms total 47.686ms
08-03 20:21:39.240  1770  1788 I art     : Starting a blocking GC Explicit
08-03 20:21:39.293  1770  1788 I art     : Explicit concurrent mark sweep GC freed 1626(93KB) AllocSpace objects, 2(36KB) LOS objects, 10% free, 136MB/152MB, paused 1.220ms total 52.796ms
08-03 20:21:39.311  1770  1788 I art     : Starting a blocking GC Explicit
08-03 20:21:39.357  1770  1788 I art     : Explicit concurrent mark sweep GC freed 42(1456B) AllocSpace objects, 0(0B) LOS objects, 10% free, 136MB/152MB, paused 1.214ms total 45.925ms
08-03 20:21:39.375  1770  1788 I art     : Starting a blocking GC Explicit
08-03 20:21:39.422  1770  1788 I art     : Explicit concurrent mark sweep GC freed 3(96B) AllocSpace objects, 0(0B) LOS objects, 10% free, 136MB/152MB, paused 1.181ms total 46.563ms
08-03 20:21:39.439  1770  1788 I art     : Starting a blocking GC Explicit
08-03 20:21:39.485  1770  1788 I art     : Explicit concurrent mark sweep GC freed 3(96B) AllocSpace objects, 0(0B) LOS objects, 10% free, 136MB/152MB, paused 1.178ms total 44.951ms
08-03 20:21:39.502  1770  1788 I art     : Starting a blocking GC Explicit
08-03 20:21:39.549  1770  1788 I art     : Explicit concurrent mark sweep GC freed 3(96B) AllocSpace objects, 0(0B) LOS objects, 10% free, 136MB/152MB, paused 1.259ms total 46.746ms
08-03 20:21:39.789  3732  3732 D AndroidRuntime: >>>>>> START com.android.internal.os.RuntimeInit uid 2000 <<<<<<
08-03 20:21:39.795  3732  3732 D AndroidRuntime: CheckJNI is OFF
08-03 20:21:39.837  3732  3732 D ICU     : No timezone override file found: /data/misc/zoneinfo/current/icu/icu_tzdata.dat
08-03 20:21:39.874  3732  3732 I Radio-JNI: register_android_hardware_Radio DONE
08-03 20:21:39.902  3732  3732 D AndroidRuntime: Calling main entry com.android.commands.input.Input
08-03 20:21:39.908  3732  3732 I Input   : injectMotionEvent: MotionEvent { action=ACTION_DOWN, actionButton=0, id[0]=0, x[0]=117.0, y[0]=170.0, toolType[0]=TOOL_TYPE_UNKNOWN, buttonState=0, metaState=0, flags=0x0, edgeFlags=0x0, pointerCount=1, historySize=0, eventTime=649316320, downTime=649316320, deviceId=0, source=0x1002 }
08-03 20:21:39.914  3732  3732 I Input   : injectMotionEvent: MotionEvent { action=ACTION_UP, actionButton=0, id[0]=0, x[0]=117.0, y[0]=170.0, toolType[0]=TOOL_TYPE_UNKNOWN, buttonState=0, metaState=0, flags=0x0, edgeFlags=0x0, pointerCount=1, historySize=0, eventTime=649316320, downTime=649316320, deviceId=0, source=0x1002 }
08-03 20:21:39.952  1770  2379 I art     : Starting a blocking GC Explicit
08-03 20:21:39.956  3732  3732 D AndroidRuntime: Shutting down VM
08-03 20:21:39.965   512  2967 D audio_hw_primary: out_set_parameters: enter: usecase(1: low-latency-playback) kvpairs: routing=2
08-03 20:21:39.978   512  2967 D audio_hw_primary: select_devices: out_snd_device(2: speaker) in_snd_device(0: none)
08-03 20:21:39.978   512  2967 D msm8974_platform: platform_send_audio_calibration: sending audio calibration for snd_device(2) acdb_id(15)
08-03 20:21:39.978   512  2967 I soundtrigger: audio_extn_sound_trigger_update_device_status: device 0x2 of type 0 for Event 1
08-03 20:21:39.988   512  2967 D audio_hw_primary: enable_snd_device: snd_device(2: speaker)
08-03 20:21:39.990   512  2967 D audio_hw_primary: enable_audio_route: apply and update mixer path: low-latency-playback speaker
08-03 20:21:39.996  1770  2379 I art     : Explicit concurrent mark sweep GC freed 1704(96KB) AllocSpace objects, 2(36KB) LOS objects, 10% free, 136MB/152MB, paused 1.186ms total 44.242ms
08-03 20:21:40.014  1770  2379 I art     : Starting a blocking GC Explicit
08-03 20:21:40.059  1770  2379 I art     : Explicit concurrent mark sweep GC freed 69(2416B) AllocSpace objects, 0(0B) LOS objects, 10% free, 136MB/152MB, paused 1.295ms total 44.614ms
08-03 20:21:40.078  1770  2379 I art     : Starting a blocking GC Explicit
08-03 20:21:40.121  1770  2379 I art     : Explicit concurrent mark sweep GC freed 376(19KB) AllocSpace objects, 0(0B) LOS objects, 10% free, 136MB/152MB, paused 1.132ms total 42.006ms
08-03 20:21:40.139  1770  2379 I art     : Starting a blocking GC Explicit
08-03 20:21:40.181  1770  2379 I art     : Explicit concurrent mark sweep GC freed 7(384B) AllocSpace objects, 0(0B) LOS objects, 10% free, 136MB/152MB, paused 1.308ms total 41.978ms
08-03 20:21:40.199  1770  2379 I art     : Starting a blocking GC Explicit
08-03 20:21:40.242  1770  2379 I art     : Explicit concurrent mark sweep GC freed 3(96B) AllocSpace objects, 0(0B) LOS objects, 10% free, 136MB/152MB, paused 1.107ms total 42.652ms
08-03 20:21:40.519   512  2967 D audio_hw_primary: disable_audio_route: reset and update mixer path: low-latency-playback speaker
08-03 20:21:40.520   512  2967 D audio_hw_primary: disable_snd_device: snd_device(2: speaker)
08-03 20:21:40.529   512  2967 I soundtrigger: audio_extn_sound_trigger_update_device_status: device 0x2 of type 0 for Event 0
08-03 20:21:40.613  1770  2041 I art     : Starting a blocking GC Explicit
08-03 20:21:40.656  1770  2041 I art     : Explicit concurrent mark sweep GC freed 1585(92KB) AllocSpace objects, 2(36KB) LOS objects, 10% free, 136MB/152MB, paused 1.153ms total 42.124ms
08-03 20:21:40.673  1770  2041 I art     : Starting a blocking GC Explicit
08-03 20:21:40.700  3760  3760 D AndroidRuntime: >>>>>> START com.android.internal.os.RuntimeInit uid 2000 <<<<<<
08-03 20:21:40.705  3760  3760 D AndroidRuntime: CheckJNI is OFF
08-03 20:21:40.718  1770  2041 I art     : Explicit concurrent mark sweep GC freed 38(1344B) AllocSpace objects, 0(0B) LOS objects, 10% free, 136MB/152MB, paused 1.210ms total 44.919ms
08-03 20:21:40.736  1770  2041 I art     : Starting a blocking GC Explicit
08-03 20:21:40.750  3760  3760 D ICU     : No timezone override file found: /data/misc/zoneinfo/current/icu/icu_tzdata.dat
08-03 20:21:40.780  1770  2041 I art     : Explicit concurrent mark sweep GC freed 5(160B) AllocSpace objects, 0(0B) LOS objects, 10% free, 136MB/152MB, paused 1.201ms total 44.707ms
08-03 20:21:40.781  1770  1786 I art     : WaitForGcToComplete blocked for 45.027ms for cause HeapTrim
08-03 20:21:40.792  3760  3760 I Radio-JNI: register_android_hardware_Radio DONE
08-03 20:21:40.798  1770  2041 I art     : Starting a blocking GC Explicit
08-03 20:21:40.822  3760  3760 D AndroidRuntime: Calling main entry com.android.commands.input.Input
08-03 20:21:40.824  3760  3760 I Input   : injectMotionEvent: MotionEvent { action=ACTION_DOWN, actionButton=0, id[0]=0, x[0]=405.0, y[0]=661.0, toolType[0]=TOOL_TYPE_UNKNOWN, buttonState=0, metaState=0, flags=0x0, edgeFlags=0x0, pointerCount=1, historySize=0, eventTime=649317237, downTime=649317237, deviceId=0, source=0x1002 }
08-03 20:21:40.828  3760  3760 I Input   : injectMotionEvent: MotionEvent { action=ACTION_UP, actionButton=0, id[0]=0, x[0]=405.0, y[0]=661.0, toolType[0]=TOOL_TYPE_UNKNOWN, buttonState=0, metaState=0, flags=0x0, edgeFlags=0x0, pointerCount=1, historySize=0, eventTime=649317237, downTime=649317237, deviceId=0, source=0x1002 }
08-03 20:21:40.831  3760  3760 D AndroidRuntime: Shutting down VM
08-03 20:21:40.843  1770  2041 I art     : Explicit concurrent mark sweep GC freed 38(1024B) AllocSpace objects, 0(0B) LOS objects, 10% free, 136MB/152MB, paused 1.208ms total 45.194ms
08-03 20:21:40.853   512  2967 D audio_hw_primary: out_set_parameters: enter: usecase(1: low-latency-playback) kvpairs: routing=2
08-03 20:21:40.862  1770  2041 I art     : Starting a blocking GC Explicit
08-03 20:21:40.866   512  2967 D audio_hw_primary: select_devices: out_snd_device(2: speaker) in_snd_device(0: none)
08-03 20:21:40.866   512  2967 D msm8974_platform: platform_send_audio_calibration: sending audio calibration for snd_device(2) acdb_id(15)
08-03 20:21:40.866   512  2967 I soundtrigger: audio_extn_sound_trigger_update_device_status: device 0x2 of type 0 for Event 1
08-03 20:21:40.876   512  2967 D audio_hw_primary: enable_snd_device: snd_device(2: speaker)
08-03 20:21:40.878   512  2967 D audio_hw_primary: enable_audio_route: apply and update mixer path: low-latency-playback speaker
08-03 20:21:40.907  1770  2041 I art     : Explicit concurrent mark sweep GC freed 483(74KB) AllocSpace objects, 0(0B) LOS objects, 8% free, 167MB/183MB, paused 1.289ms total 44.137ms
08-03 20:21:40.919   512  2967 D AudioFlinger: mixer(0xf4740000) throttle end: throttle time(12)
08-03 20:21:41.188   518   646 I ThermalEngine: ACTION: GPU - Setting GPU[0] to 390000000
08-03 20:21:41.315  1770  1834 I art     : Starting a blocking GC Explicit
08-03 20:21:41.372  1770  1834 I art     : Explicit concurrent mark sweep GC freed 2345(152KB) AllocSpace objects, 2(36KB) LOS objects, 8% free, 183MB/199MB, paused 1.791ms total 55.625ms
08-03 20:21:41.394  1770  1834 I art     : Starting a blocking GC Explicit
08-03 20:21:41.403   512  2967 D audio_hw_primary: disable_audio_route: reset and update mixer path: low-latency-playback speaker
08-03 20:21:41.405   512  2967 D audio_hw_primary: disable_snd_device: snd_device(2: speaker)
08-03 20:21:41.418   512  2967 I soundtrigger: audio_extn_sound_trigger_update_device_status: device 0x2 of type 0 for Event 0
08-03 20:21:41.448  1770  1834 I art     : Explicit concurrent mark sweep GC freed 973(43KB) AllocSpace objects, 9(252KB) LOS objects, 8% free, 182MB/198MB, paused 1.623ms total 53.521ms
08-03 20:21:41.469  1770  1834 I art     : Starting a blocking GC Explicit
08-03 20:21:41.520  1770  1834 I art     : Explicit concurrent mark sweep GC freed 744(43KB) AllocSpace objects, 0(0B) LOS objects, 8% free, 182MB/198MB, paused 1.635ms total 51.234ms
08-03 20:21:41.543  1770  1834 I art     : Starting a blocking GC Explicit
08-03 20:21:41.596  1770  1834 I art     : Explicit concurrent mark sweep GC freed 14(720B) AllocSpace objects, 0(0B) LOS objects, 8% free, 182MB/198MB, paused 1.759ms total 52.429ms
08-03 20:21:41.620  1770  1834 I art     : Starting a blocking GC Explicit
08-03 20:21:41.681  1770  1834 I art     : Explicit concurrent mark sweep GC freed 26(1328B) AllocSpace objects, 0(0B) LOS objects, 8% free, 182MB/198MB, paused 1.795ms total 60.537ms
08-03 20:21:42.153  1770  2041 I art     : Starting a blocking GC Explicit
08-03 20:21:42.233  1770  2041 I art     : Explicit concurrent mark sweep GC freed 1632(93KB) AllocSpace objects, 2(36KB) LOS objects, 8% free, 182MB/198MB, paused 2.306ms total 80.003ms
08-03 20:21:42.262  1770  2041 I art     : Starting a blocking GC Explicit
08-03 20:21:42.325  1770  2041 I art     : Explicit concurrent mark sweep GC freed 28(1024B) AllocSpace objects, 0(0B) LOS objects, 8% free, 182MB/198MB, paused 1.733ms total 62.419ms
08-03 20:21:42.353  1770  2041 I art     : Starting a blocking GC Explicit
08-03 20:21:42.419  1770  2041 I art     : Explicit concurrent mark sweep GC freed 3(96B) AllocSpace objects, 0(0B) LOS objects, 8% free, 182MB/198MB, paused 2.232ms total 64.786ms
08-03 20:21:42.448  1770  2041 I art     : Starting a blocking GC Explicit
08-03 20:21:42.511  1770  2041 I art     : Explicit concurrent mark sweep GC freed 3(96B) AllocSpace objects, 0(0B) LOS objects, 8% free, 182MB/198MB, paused 2.064ms total 63.153ms
08-03 20:21:42.541  1770  2041 I art     : Starting a blocking GC Explicit
08-03 20:21:42.609  1770  2041 I art     : Explicit concurrent mark sweep GC freed 3(96B) AllocSpace objects, 0(0B) LOS objects, 8% free, 182MB/198MB, paused 2.007ms total 67.768ms
08-03 20:21:43.075  1770  1787 I art     : Starting a blocking GC Explicit
08-03 20:21:43.135  1770  1787 I art     : Explicit concurrent mark sweep GC freed 1613(92KB) AllocSpace objects, 2(36KB) LOS objects, 8% free, 182MB/198MB, paused 1.746ms total 59.575ms
08-03 20:21:43.159  1770  1787 I art     : Starting a blocking GC Explicit
08-03 20:21:43.216  1770  1787 I art     : Explicit concurrent mark sweep GC freed 28(1024B) AllocSpace objects, 0(0B) LOS objects, 8% free, 182MB/198MB, paused 1.724ms total 56.744ms
08-03 20:21:43.240  1770  1787 I art     : Starting a blocking GC Explicit
08-03 20:21:43.298  1770  1787 I art     : Explicit concurrent mark sweep GC freed 3(96B) AllocSpace objects, 0(0B) LOS objects, 8% free, 182MB/198MB, paused 1.670ms total 57.028ms
08-03 20:21:43.321  1770  1787 I art     : Starting a blocking GC Explicit
08-03 20:21:43.380  1770  1787 I art     : Explicit concurrent mark sweep GC freed 3(96B) AllocSpace objects, 0(0B) LOS objects, 8% free, 182MB/198MB, paused 1.862ms total 58.365ms
08-03 20:21:43.403  1770  1787 I art     : Starting a blocking GC Explicit
08-03 20:21:43.461  1770  1787 I art     : Explicit concurrent mark sweep GC freed 3(96B) AllocSpace objects, 0(0B) LOS objects, 8% free, 182MB/198MB, paused 1.809ms total 57.646ms
08-03 20:21:43.722  3835  3835 D AndroidRuntime: >>>>>> START com.android.internal.os.RuntimeInit uid 2000 <<<<<<
08-03 20:21:43.729  3835  3835 D AndroidRuntime: CheckJNI is OFF
08-03 20:21:43.781  3835  3835 D ICU     : No timezone override file found: /data/misc/zoneinfo/current/icu/icu_tzdata.dat
08-03 20:21:43.829  3835  3835 I Radio-JNI: register_android_hardware_Radio DONE
08-03 20:21:43.862  3835  3835 D AndroidRuntime: Calling main entry com.android.commands.input.Input
08-03 20:21:43.865  3835  3835 I Input   : injectMotionEvent: MotionEvent { action=ACTION_DOWN, actionButton=0, id[0]=0, x[0]=117.0, y[0]=170.0, toolType[0]=TOOL_TYPE_UNKNOWN, buttonState=0, metaState=0, flags=0x0, edgeFlags=0x0, pointerCount=1, historySize=0, eventTime=649320277, downTime=649320277, deviceId=0, source=0x1002 }
08-03 20:21:43.871  3835  3835 I Input   : injectMotionEvent: MotionEvent { action=ACTION_UP, actionButton=0, id[0]=0, x[0]=117.0, y[0]=170.0, toolType[0]=TOOL_TYPE_UNKNOWN, buttonState=0, metaState=0, flags=0x0, edgeFlags=0x0, pointerCount=1, historySize=0, eventTime=649320277, downTime=649320277, deviceId=0, source=0x1002 }
08-03 20:21:43.874  3835  3835 D AndroidRuntime: Shutting down VM
08-03 20:21:43.885   512  2967 D audio_hw_primary: out_set_parameters: enter: usecase(1: low-latency-playback) kvpairs: routing=2
08-03 20:21:43.899   512  2967 D audio_hw_primary: select_devices: out_snd_device(2: speaker) in_snd_device(0: none)
08-03 20:21:43.900   512  2967 D msm8974_platform: platform_send_audio_calibration: sending audio calibration for snd_device(2) acdb_id(15)
08-03 20:21:43.901   512  2967 I soundtrigger: audio_extn_sound_trigger_update_device_status: device 0x2 of type 0 for Event 1
08-03 20:21:43.904  1770  1834 I art     : Starting a blocking GC Explicit
08-03 20:21:43.932   512  2967 D audio_hw_primary: enable_snd_device: snd_device(2: speaker)
08-03 20:21:43.935   512  2967 D audio_hw_primary: enable_audio_route: apply and update mixer path: low-latency-playback speaker
08-03 20:21:43.976  1770  1834 I art     : Explicit concurrent mark sweep GC freed 1967(110KB) AllocSpace objects, 2(36KB) LOS objects, 8% free, 182MB/198MB, paused 2.851ms total 71.032ms
08-03 20:21:44.002  1770  1834 I art     : Starting a blocking GC Explicit
08-03 20:21:44.058  1770  1834 I art     : Explicit concurrent mark sweep GC freed 149(5KB) AllocSpace objects, 0(0B) LOS objects, 8% free, 182MB/198MB, paused 1.741ms total 55.547ms
08-03 20:21:44.083  1770  1834 I art     : Starting a blocking GC Explicit
08-03 20:21:44.138  1770  1834 I art     : Explicit concurrent mark sweep GC freed 22(896B) AllocSpace objects, 0(0B) LOS objects, 8% free, 182MB/198MB, paused 1.699ms total 53.996ms
08-03 20:21:44.161  1770  1834 I art     : Starting a blocking GC Explicit
08-03 20:21:44.193   518   646 I ThermalEngine: ACTION: GPU - Setting GPU[0] to 450000000
08-03 20:21:44.211  1770  1834 I art     : Explicit concurrent mark sweep GC freed 19(592B) AllocSpace objects, 0(0B) LOS objects, 8% free, 182MB/198MB, paused 1.171ms total 49.753ms
08-03 20:21:44.228  1770  1834 I art     : Starting a blocking GC Explicit
08-03 20:21:44.272  1770  1834 I art     : Explicit concurrent mark sweep GC freed 3(96B) AllocSpace objects, 0(0B) LOS objects, 8% free, 182MB/198MB, paused 1.063ms total 43.406ms
08-03 20:21:44.479   512  2967 D audio_hw_primary: disable_audio_route: reset and update mixer path: low-latency-playback speaker
08-03 20:21:44.480   512  2967 D audio_hw_primary: disable_snd_device: snd_device(2: speaker)
08-03 20:21:44.488   512  2967 I soundtrigger: audio_extn_sound_trigger_update_device_status: device 0x2 of type 0 for Event 0
08-03 20:21:44.634  3859  3859 D AndroidRuntime: >>>>>> START com.android.internal.os.RuntimeInit uid 2000 <<<<<<
08-03 20:21:44.640  3859  3859 D AndroidRuntime: CheckJNI is OFF
08-03 20:21:44.660  1770  1834 I art     : Starting a blocking GC Explicit
08-03 20:21:44.685  3859  3859 D ICU     : No timezone override file found: /data/misc/zoneinfo/current/icu/icu_tzdata.dat
08-03 20:21:44.708  1770  1834 I art     : Explicit concurrent mark sweep GC freed 1613(93KB) AllocSpace objects, 2(36KB) LOS objects, 8% free, 182MB/198MB, paused 1.334ms total 47.912ms
08-03 20:21:44.726  1770  1834 I art     : Starting a blocking GC Explicit
08-03 20:21:44.728  3859  3859 I Radio-JNI: register_android_hardware_Radio DONE
08-03 20:21:44.757  3859  3859 D AndroidRuntime: Calling main entry com.android.commands.input.Input
08-03 20:21:44.759  3859  3859 I Input   : injectMotionEvent: MotionEvent { action=ACTION_DOWN, actionButton=0, id[0]=0, x[0]=418.0, y[0]=842.0, toolType[0]=TOOL_TYPE_UNKNOWN, buttonState=0, metaState=0, flags=0x0, edgeFlags=0x0, pointerCount=1, historySize=0, eventTime=649321172, downTime=649321172, deviceId=0, source=0x1002 }
08-03 20:21:44.763  3859  3859 I Input   : injectMotionEvent: MotionEvent { action=ACTION_UP, actionButton=0, id[0]=0, x[0]=418.0, y[0]=842.0, toolType[0]=TOOL_TYPE_UNKNOWN, buttonState=0, metaState=0, flags=0x0, edgeFlags=0x0, pointerCount=1, historySize=0, eventTime=649321172, downTime=649321172, deviceId=0, source=0x1002 }
08-03 20:21:44.765  3859  3859 D AndroidRuntime: Shutting down VM
08-03 20:21:44.773  1770  1834 I art     : Explicit concurrent mark sweep GC freed 55(2272B) AllocSpace objects, 0(0B) LOS objects, 8% free, 182MB/198MB, paused 1.156ms total 46.277ms
08-03 20:21:44.782   512  2967 D audio_hw_primary: out_set_parameters: enter: usecase(1: low-latency-playback) kvpairs: routing=2
08-03 20:21:44.786  1770  1854 D Gabe    : call	returning from cache
08-03 20:21:44.792  1770  1834 I art     : Starting a blocking GC Explicit
08-03 20:21:44.795   512  2967 D audio_hw_primary: select_devices: out_snd_device(2: speaker) in_snd_device(0: none)
08-03 20:21:44.795   512  2967 D msm8974_platform: platform_send_audio_calibration: sending audio calibration for snd_device(2) acdb_id(15)
08-03 20:21:44.796   512  2967 I soundtrigger: audio_extn_sound_trigger_update_device_status: device 0x2 of type 0 for Event 1
08-03 20:21:44.807   512  2967 D audio_hw_primary: enable_snd_device: snd_device(2: speaker)
08-03 20:21:44.808  1770  1770 V MainActivity: url = https://project-travel-mate.herokuapp.com/api/number-of-unread-notifications
08-03 20:21:44.810   512  2967 D audio_hw_primary: enable_audio_route: apply and update mixer path: low-latency-playback speaker
08-03 20:21:44.838  1770  1834 I art     : Explicit concurrent mark sweep GC freed 1073(57KB) AllocSpace objects, 0(0B) LOS objects, 8% free, 183MB/199MB, paused 1.684ms total 46.675ms
08-03 20:21:44.851   512  2967 D AudioFlinger: mixer(0xf4740000) throttle end: throttle time(12)
08-03 20:21:44.856  1770  1834 I art     : Starting a blocking GC Explicit
08-03 20:21:44.905  1770  1834 I art     : Explicit concurrent mark sweep GC freed 505(33KB) AllocSpace objects, 0(0B) LOS objects, 8% free, 183MB/199MB, paused 1.882ms total 48.933ms
08-03 20:21:44.922  1770  1834 I art     : Starting a blocking GC Explicit
08-03 20:21:44.973  1770  1834 I art     : Explicit concurrent mark sweep GC freed 405(27KB) AllocSpace objects, 0(0B) LOS objects, 8% free, 183MB/199MB, paused 1.813ms total 50.926ms
08-03 20:21:45.197   518   646 I ThermalEngine: ACTION: GPU - Setting GPU[0] to 390000000
08-03 20:21:45.338   512  2967 D audio_hw_primary: disable_audio_route: reset and update mixer path: low-latency-playback speaker
08-03 20:21:45.340   512  2967 D audio_hw_primary: disable_snd_device: snd_device(2: speaker)
08-03 20:21:45.348   512  2967 I soundtrigger: audio_extn_sound_trigger_update_device_status: device 0x2 of type 0 for Event 0
08-03 20:21:45.352  1770  3886 I NAPPA_EXPERIMENTATION: MetricNetworkRequestExecutionTime: REQUEST_DURATION_SYSTEM='543',REQUEST_DURATION_OKHTTP='43',REQUEST_SYNCHRONOUS='FALSE',RESPONSE_CODE='200',RESPONSE_METHOD='GET',RESPONSE_LENGTH_OKHTTP='36',RESPONSE_LENGTH_HEADER='36',REQUEST_PROTOCOL='http/1.1',REQUEST_URL='https://project-travel-mate.herokuapp.com/api/number-of-unread-notifications',
08-03 20:21:45.394  1770  1770 I Choreographer: Skipped 34 frames!  The application may be doing too much work on its main thread.
08-03 20:21:45.409  1770  1787 I art     : Starting a blocking GC Explicit
08-03 20:21:45.484  1770  1787 I art     : Explicit concurrent mark sweep GC freed 7574(400KB) AllocSpace objects, 14(492KB) LOS objects, 8% free, 183MB/199MB, paused 2.250ms total 74.039ms
08-03 20:21:45.508  1770  1787 I art     : Starting a blocking GC Explicit
08-03 20:21:45.575  1770  1787 I art     : Explicit concurrent mark sweep GC freed 2163(191KB) AllocSpace objects, 0(0B) LOS objects, 8% free, 183MB/199MB, paused 2.272ms total 66.905ms
08-03 20:21:45.600  1770  1787 I art     : Starting a blocking GC Explicit
08-03 20:21:45.664  1770  1787 I art     : Explicit concurrent mark sweep GC freed 1146(40KB) AllocSpace objects, 0(0B) LOS objects, 8% free, 183MB/199MB, paused 1.950ms total 64.281ms
08-03 20:21:45.688  1770  1787 I art     : Starting a blocking GC Explicit
08-03 20:21:45.749  1770  1787 I art     : Explicit concurrent mark sweep GC freed 187(5KB) AllocSpace objects, 0(0B) LOS objects, 8% free, 183MB/199MB, paused 1.846ms total 61.450ms
08-03 20:21:45.775  1770  1787 I art     : Starting a blocking GC Explicit
08-03 20:21:45.841  1770  1787 I art     : Explicit concurrent mark sweep GC freed 179(3KB) AllocSpace objects, 0(0B) LOS objects, 8% free, 183MB/199MB, paused 1.944ms total 65.861ms
08-03 20:21:46.286  1770  2379 I art     : Starting a blocking GC Explicit
08-03 20:21:46.356  1770  2379 I art     : Explicit concurrent mark sweep GC freed 2387(107KB) AllocSpace objects, 2(52KB) LOS objects, 8% free, 183MB/199MB, paused 2.119ms total 69.153ms
08-03 20:21:46.382  1770  2379 I art     : Starting a blocking GC Explicit
08-03 20:21:46.447  1770  2379 I art     : Explicit concurrent mark sweep GC freed 152(3KB) AllocSpace objects, 0(0B) LOS objects, 8% free, 183MB/199MB, paused 1.720ms total 64.647ms
08-03 20:21:46.474  1770  2379 I art     : Starting a blocking GC Explicit
08-03 20:21:46.542  1770  2379 I art     : Explicit concurrent mark sweep GC freed 158(2848B) AllocSpace objects, 0(0B) LOS objects, 8% free, 183MB/199MB, paused 2.414ms total 67.684ms
08-03 20:21:46.569  1770  2379 I art     : Starting a blocking GC Explicit
08-03 20:21:46.646  1770  2379 I art     : Explicit concurrent mark sweep GC freed 159(2880B) AllocSpace objects, 0(0B) LOS objects, 8% free, 183MB/199MB, paused 1.748ms total 76.322ms
08-03 20:21:46.675  1770  2379 I art     : Starting a blocking GC Explicit
08-03 20:21:46.742  1770  2379 I art     : Explicit concurrent mark sweep GC freed 151(2656B) AllocSpace objects, 0(0B) LOS objects, 8% free, 183MB/199MB, paused 1.768ms total 67.148ms
08-03 20:21:47.193  1770  1788 I art     : Starting a blocking GC Explicit
08-03 20:21:47.259  1770  1788 I art     : Explicit concurrent mark sweep GC freed 2361(105KB) AllocSpace objects, 2(52KB) LOS objects, 8% free, 183MB/199MB, paused 1.953ms total 65.372ms
08-03 20:21:47.283  1770  1788 I art     : Starting a blocking GC Explicit
08-03 20:21:47.347  1770  1788 I art     : Explicit concurrent mark sweep GC freed 148(3024B) AllocSpace objects, 0(0B) LOS objects, 8% free, 183MB/199MB, paused 1.820ms total 63.417ms
08-03 20:21:47.372  1770  1788 I art     : Starting a blocking GC Explicit
08-03 20:21:47.437  1770  1788 I art     : Explicit concurrent mark sweep GC freed 147(2496B) AllocSpace objects, 0(0B) LOS objects, 8% free, 183MB/199MB, paused 1.903ms total 64.898ms
08-03 20:21:47.462  1770  1788 I art     : Starting a blocking GC Explicit
08-03 20:21:47.527  1770  1788 I art     : Explicit concurrent mark sweep GC freed 123(2096B) AllocSpace objects, 0(0B) LOS objects, 8% free, 183MB/199MB, paused 1.741ms total 64.315ms
08-03 20:21:47.551  1770  1788 I art     : Starting a blocking GC Explicit
08-03 20:21:47.615  1770  1788 I art     : Explicit concurrent mark sweep GC freed 144(3KB) AllocSpace objects, 0(0B) LOS objects, 8% free, 183MB/199MB, paused 1.902ms total 64.148ms
08-03 20:21:47.649  3923  3923 D AndroidRuntime: >>>>>> START com.android.internal.os.RuntimeInit uid 2000 <<<<<<
08-03 20:21:47.655  3923  3923 D AndroidRuntime: CheckJNI is OFF
08-03 20:21:47.706  3923  3923 D ICU     : No timezone override file found: /data/misc/zoneinfo/current/icu/icu_tzdata.dat
08-03 20:21:47.752  3923  3923 I Radio-JNI: register_android_hardware_Radio DONE
08-03 20:21:47.786  3923  3923 D AndroidRuntime: Calling main entry com.android.commands.input.Input
08-03 20:21:47.789  3923  3923 I Input   : injectMotionEvent: MotionEvent { action=ACTION_DOWN, actionButton=0, id[0]=0, x[0]=117.0, y[0]=170.0, toolType[0]=TOOL_TYPE_UNKNOWN, buttonState=0, metaState=0, flags=0x0, edgeFlags=0x0, pointerCount=1, historySize=0, eventTime=649324202, downTime=649324202, deviceId=0, source=0x1002 }
08-03 20:21:47.796  3923  3923 I Input   : injectMotionEvent: MotionEvent { action=ACTION_UP, actionButton=0, id[0]=0, x[0]=117.0, y[0]=170.0, toolType[0]=TOOL_TYPE_UNKNOWN, buttonState=0, metaState=0, flags=0x0, edgeFlags=0x0, pointerCount=1, historySize=0, eventTime=649324202, downTime=649324202, deviceId=0, source=0x1002 }
08-03 20:21:47.798  3923  3923 D AndroidRuntime: Shutting down VM
08-03 20:21:47.806   512  2967 D audio_hw_primary: out_set_parameters: enter: usecase(1: low-latency-playback) kvpairs: routing=2
08-03 20:21:47.820   512  2967 D audio_hw_primary: select_devices: out_snd_device(2: speaker) in_snd_device(0: none)
08-03 20:21:47.820   512  2967 D msm8974_platform: platform_send_audio_calibration: sending audio calibration for snd_device(2) acdb_id(15)
08-03 20:21:47.820   512  2967 I soundtrigger: audio_extn_sound_trigger_update_device_status: device 0x2 of type 0 for Event 1
08-03 20:21:47.832   512  2967 D audio_hw_primary: enable_snd_device: snd_device(2: speaker)
08-03 20:21:47.834   512  2967 D audio_hw_primary: enable_audio_route: apply and update mixer path: low-latency-playback speaker
08-03 20:21:47.996  1728  1728 I ServiceManager: Waiting for service AtCmdFwd...
08-03 20:21:48.082  1770  1787 I art     : Starting a blocking GC Explicit
08-03 20:21:48.142  1770  1787 I art     : Explicit concurrent mark sweep GC freed 2851(128KB) AllocSpace objects, 2(52KB) LOS objects, 8% free, 183MB/199MB, paused 1.758ms total 59.751ms
08-03 20:21:48.170  1770  1787 I art     : Starting a blocking GC Explicit
08-03 20:21:48.202   518   646 I ThermalEngine: ACTION: GPU - Setting GPU[0] to 450000000
08-03 20:21:48.226  1770  1787 I art     : Explicit concurrent mark sweep GC freed 192(4KB) AllocSpace objects, 0(0B) LOS objects, 8% free, 183MB/199MB, paused 1.121ms total 55.897ms
08-03 20:21:48.244  1770  1787 I art     : Starting a blocking GC Explicit
08-03 20:21:48.291  1770  1787 I art     : Explicit concurrent mark sweep GC freed 106(1920B) AllocSpace objects, 0(0B) LOS objects, 8% free, 183MB/199MB, paused 1.131ms total 47.334ms
08-03 20:21:48.311  1770  1787 I art     : Starting a blocking GC Explicit
08-03 20:21:48.359  1770  1787 I art     : Explicit concurrent mark sweep GC freed 101(1760B) AllocSpace objects, 0(0B) LOS objects, 8% free, 183MB/199MB, paused 1.147ms total 47.474ms
08-03 20:21:48.370   512  2967 D audio_hw_primary: disable_audio_route: reset and update mixer path: low-latency-playback speaker
08-03 20:21:48.371   512  2967 D audio_hw_primary: disable_snd_device: snd_device(2: speaker)
08-03 20:21:48.378  1770  1787 I art     : Starting a blocking GC Explicit
08-03 20:21:48.379   512  2967 I soundtrigger: audio_extn_sound_trigger_update_device_status: device 0x2 of type 0 for Event 0
08-03 20:21:48.428  1770  1787 I art     : Explicit concurrent mark sweep GC freed 99(1696B) AllocSpace objects, 0(0B) LOS objects, 8% free, 183MB/199MB, paused 1.194ms total 49.949ms
08-03 20:21:48.578  3963  3963 D AndroidRuntime: >>>>>> START com.android.internal.os.RuntimeInit uid 2000 <<<<<<
08-03 20:21:48.585  3963  3963 D AndroidRuntime: CheckJNI is OFF
08-03 20:21:48.627  3963  3963 D ICU     : No timezone override file found: /data/misc/zoneinfo/current/icu/icu_tzdata.dat
08-03 20:21:48.668  3963  3963 I Radio-JNI: register_android_hardware_Radio DONE
08-03 20:21:48.697  3963  3963 D AndroidRuntime: Calling main entry com.android.commands.input.Input
08-03 20:21:48.700  3963  3963 I Input   : injectMotionEvent: MotionEvent { action=ACTION_DOWN, actionButton=0, id[0]=0, x[0]=355.0, y[0]=1674.0, toolType[0]=TOOL_TYPE_UNKNOWN, buttonState=0, metaState=0, flags=0x0, edgeFlags=0x0, pointerCount=1, historySize=0, eventTime=649325112, downTime=649325112, deviceId=0, source=0x1002 }
08-03 20:21:48.703  3963  3963 I Input   : injectMotionEvent: MotionEvent { action=ACTION_UP, actionButton=0, id[0]=0, x[0]=355.0, y[0]=1674.0, toolType[0]=TOOL_TYPE_UNKNOWN, buttonState=0, metaState=0, flags=0x0, edgeFlags=0x0, pointerCount=1, historySize=0, eventTime=649325112, downTime=649325112, deviceId=0, source=0x1002 }
08-03 20:21:48.705  3963  3963 D AndroidRuntime: Shutting down VM
08-03 20:21:48.722   512  2967 D audio_hw_primary: out_set_parameters: enter: usecase(1: low-latency-playback) kvpairs: routing=2
08-03 20:21:48.733  1770  1770 V MainActivity: url = https://project-travel-mate.herokuapp.com/api/number-of-unread-notifications
08-03 20:21:48.735   512  2967 D audio_hw_primary: select_devices: out_snd_device(2: speaker) in_snd_device(0: none)
08-03 20:21:48.735   512  2967 D msm8974_platform: platform_send_audio_calibration: sending audio calibration for snd_device(2) acdb_id(15)
08-03 20:21:48.735   512  2967 I soundtrigger: audio_extn_sound_trigger_update_device_status: device 0x2 of type 0 for Event 1
08-03 20:21:48.746   512  2967 D audio_hw_primary: enable_snd_device: snd_device(2: speaker)
08-03 20:21:48.748   512  2967 D audio_hw_primary: enable_audio_route: apply and update mixer path: low-latency-playback speaker
08-03 20:21:48.789   512  2967 D AudioFlinger: mixer(0xf4740000) throttle end: throttle time(12)
08-03 20:21:48.825  1770  1834 I art     : Starting a blocking GC Explicit
08-03 20:21:48.887  1770  1834 I art     : Explicit concurrent mark sweep GC freed 4284(183KB) AllocSpace objects, 2(52KB) LOS objects, 7% free, 184MB/200MB, paused 1.382ms total 61.224ms
08-03 20:21:48.905  1770  1834 I art     : Starting a blocking GC Explicit
08-03 20:21:48.955  1770  1834 I art     : Explicit concurrent mark sweep GC freed 2327(196KB) AllocSpace objects, 9(252KB) LOS objects, 8% free, 183MB/199MB, paused 1.364ms total 49.837ms
08-03 20:21:48.973  1770  1834 I art     : Starting a blocking GC Explicit
08-03 20:21:48.996  1728  1728 I ServiceManager: Waiting for service AtCmdFwd...
08-03 20:21:49.023  1770  1834 I art     : Explicit concurrent mark sweep GC freed 3(96B) AllocSpace objects, 0(0B) LOS objects, 8% free, 183MB/199MB, paused 1.078ms total 49.953ms
08-03 20:21:49.042  1770  1834 I art     : Starting a blocking GC Explicit
08-03 20:21:49.092  1770  1834 I art     : Explicit concurrent mark sweep GC freed 3(96B) AllocSpace objects, 0(0B) LOS objects, 8% free, 183MB/199MB, paused 1.215ms total 50.232ms
08-03 20:21:49.113  1770  1834 I art     : Starting a blocking GC Explicit
08-03 20:21:49.164  1770  1834 I art     : Explicit concurrent mark sweep GC freed 27(864B) AllocSpace objects, 0(0B) LOS objects, 8% free, 183MB/199MB, paused 1.225ms total 50.958ms
08-03 20:21:49.279   512  2967 D audio_hw_primary: disable_audio_route: reset and update mixer path: low-latency-playback speaker
08-03 20:21:49.280   512  2967 D audio_hw_primary: disable_snd_device: snd_device(2: speaker)
08-03 20:21:49.288   512  2967 I soundtrigger: audio_extn_sound_trigger_update_device_status: device 0x2 of type 0 for Event 0
08-03 20:21:49.333  1770  3986 I NAPPA_EXPERIMENTATION: MetricNetworkRequestExecutionTime: REQUEST_DURATION_SYSTEM='599',REQUEST_DURATION_OKHTTP='36',REQUEST_SYNCHRONOUS='FALSE',RESPONSE_CODE='200',RESPONSE_METHOD='GET',RESPONSE_LENGTH_OKHTTP='36',RESPONSE_LENGTH_HEADER='36',REQUEST_PROTOCOL='http/1.1',REQUEST_URL='https://project-travel-mate.herokuapp.com/api/number-of-unread-notifications',
08-03 20:21:49.570  1770  2379 I art     : Starting a blocking GC Explicit
08-03 20:21:49.642  1770  2379 I art     : Explicit concurrent mark sweep GC freed 4394(240KB) AllocSpace objects, 5(248KB) LOS objects, 8% free, 183MB/199MB, paused 1.421ms total 70.249ms
08-03 20:21:49.668  1770  2379 I art     : Starting a blocking GC Explicit
08-03 20:21:49.722  1770  2379 I art     : Explicit concurrent mark sweep GC freed 962(117KB) AllocSpace objects, 0(0B) LOS objects, 8% free, 183MB/199MB, paused 1.141ms total 53.880ms
08-03 20:21:49.741  1770  2379 I art     : Starting a blocking GC Explicit
08-03 20:21:49.799  1770  2379 I art     : Explicit concurrent mark sweep GC freed 3(96B) AllocSpace objects, 0(0B) LOS objects, 8% free, 183MB/199MB, paused 1.524ms total 57.684ms
08-03 20:21:49.822  1770  2379 I art     : Starting a blocking GC Explicit
08-03 20:21:49.881  1770  2379 I art     : Explicit concurrent mark sweep GC freed 34(928B) AllocSpace objects, 0(0B) LOS objects, 8% free, 183MB/199MB, paused 1.357ms total 58.949ms
08-03 20:21:49.902  1770  2379 I art     : Starting a blocking GC Explicit
08-03 20:21:49.959  1770  2379 I art     : Explicit concurrent mark sweep GC freed 3(96B) AllocSpace objects, 0(0B) LOS objects, 8% free, 183MB/199MB, paused 1.250ms total 55.987ms
08-03 20:21:49.997  1728  1728 I ServiceManager: Waiting for service AtCmdFwd...
08-03 20:21:50.209   518   646 I ThermalEngine: ACTION: GPU - Setting GPU[0] to 390000000
08-03 20:21:50.448  1770  1787 I art     : Starting a blocking GC Explicit
08-03 20:21:50.526  1770  1787 I art     : Explicit concurrent mark sweep GC freed 1609(92KB) AllocSpace objects, 2(48KB) LOS objects, 8% free, 183MB/199MB, paused 2.094ms total 77.318ms
08-03 20:21:50.556  1770  1787 I art     : Starting a blocking GC Explicit
08-03 20:21:50.628  1770  1787 I art     : Explicit concurrent mark sweep GC freed 56(2320B) AllocSpace objects, 0(0B) LOS objects, 8% free, 183MB/199MB, paused 1.777ms total 71.652ms
08-03 20:21:50.638   918  3261 D WifiStateMachine: starting scan for "H369AA63323"WPA_PSK with 2412,5180
08-03 20:21:50.653  1770  1787 I art     : Starting a blocking GC Explicit
08-03 20:21:50.718  1770  1787 I art     : Explicit concurrent mark sweep GC freed 22(1120B) AllocSpace objects, 0(0B) LOS objects, 8% free, 183MB/199MB, paused 1.887ms total 65.194ms
08-03 20:21:50.744  1770  1787 I art     : Starting a blocking GC Explicit
08-03 20:21:50.814  1770  1787 I art     : Explicit concurrent mark sweep GC freed 13(608B) AllocSpace objects, 0(0B) LOS objects, 8% free, 183MB/199MB, paused 2.305ms total 69.909ms
08-03 20:21:50.844  1770  1787 I art     : Starting a blocking GC Explicit
08-03 20:21:50.916  1770  1787 I art     : Explicit concurrent mark sweep GC freed 38(1056B) AllocSpace objects, 0(0B) LOS objects, 8% free, 183MB/199MB, paused 2.246ms total 71.371ms
08-03 20:21:50.998  1728  1728 I ServiceManager: Waiting for service AtCmdFwd...
08-03 20:21:51.376  1770  2041 I art     : Starting a blocking GC Explicit
08-03 20:21:51.448  1770  2041 I art     : Explicit concurrent mark sweep GC freed 1595(92KB) AllocSpace objects, 2(48KB) LOS objects, 8% free, 183MB/199MB, paused 2.240ms total 70.281ms
08-03 20:21:51.477  1770  2041 I art     : Starting a blocking GC Explicit
08-03 20:21:51.541  1770  2041 I art     : Explicit concurrent mark sweep GC freed 42(1456B) AllocSpace objects, 0(0B) LOS objects, 8% free, 183MB/199MB, paused 1.838ms total 64.235ms
08-03 20:21:51.566  1770  2041 I art     : Starting a blocking GC Explicit
08-03 20:21:51.620  4008  4008 D AndroidRuntime: >>>>>> START com.android.internal.os.RuntimeInit uid 2000 <<<<<<
08-03 20:21:51.626  4008  4008 D AndroidRuntime: CheckJNI is OFF
08-03 20:21:51.630  1770  2041 I art     : Explicit concurrent mark sweep GC freed 3(96B) AllocSpace objects, 0(0B) LOS objects, 8% free, 183MB/199MB, paused 1.887ms total 63.906ms
08-03 20:21:51.655  1770  2041 I art     : Starting a blocking GC Explicit
08-03 20:21:51.680  4008  4008 D ICU     : No timezone override file found: /data/misc/zoneinfo/current/icu/icu_tzdata.dat
08-03 20:21:51.718  1770  2041 I art     : Explicit concurrent mark sweep GC freed 3(96B) AllocSpace objects, 0(0B) LOS objects, 8% free, 183MB/199MB, paused 1.984ms total 62.533ms
08-03 20:21:51.726  4008  4008 I Radio-JNI: register_android_hardware_Radio DONE
08-03 20:21:51.743  1770  2041 I art     : Starting a blocking GC Explicit
08-03 20:21:51.758  4008  4008 D AndroidRuntime: Calling main entry com.android.commands.input.Input
08-03 20:21:51.761  4008  4008 I Input   : injectMotionEvent: MotionEvent { action=ACTION_DOWN, actionButton=0, id[0]=0, x[0]=747.0, y[0]=608.0, toolType[0]=TOOL_TYPE_UNKNOWN, buttonState=0, metaState=0, flags=0x0, edgeFlags=0x0, pointerCount=1, historySize=0, eventTime=649328174, downTime=649328174, deviceId=0, source=0x1002 }
08-03 20:21:51.766  4008  4008 I Input   : injectMotionEvent: MotionEvent { action=ACTION_UP, actionButton=0, id[0]=0, x[0]=747.0, y[0]=608.0, toolType[0]=TOOL_TYPE_UNKNOWN, buttonState=0, metaState=0, flags=0x0, edgeFlags=0x0, pointerCount=1, historySize=0, eventTime=649328174, downTime=649328174, deviceId=0, source=0x1002 }
08-03 20:21:51.768  4008  4008 D AndroidRuntime: Shutting down VM
08-03 20:21:51.769   918  6029 I ActivityManager: START u0 {cmp=baseline.io.github.project_travel_mate/.utilities.ChecklistActivity} from uid 10623 on display 0
08-03 20:21:51.771   512  2967 D audio_hw_primary: out_set_parameters: enter: usecase(1: low-latency-playback) kvpairs: routing=2
08-03 20:21:51.784   512  2967 D audio_hw_primary: select_devices: out_snd_device(2: speaker) in_snd_device(0: none)
08-03 20:21:51.784   512  2967 D msm8974_platform: platform_send_audio_calibration: sending audio calibration for snd_device(2) acdb_id(15)
08-03 20:21:51.785   512  2967 I soundtrigger: audio_extn_sound_trigger_update_device_status: device 0x2 of type 0 for Event 1
08-03 20:21:51.797   512  2967 D audio_hw_primary: enable_snd_device: snd_device(2: speaker)
08-03 20:21:51.801   512  2967 D audio_hw_primary: enable_audio_route: apply and update mixer path: low-latency-playback speaker
08-03 20:21:51.810  1770  2041 I art     : Explicit concurrent mark sweep GC freed 236(19KB) AllocSpace objects, 0(0B) LOS objects, 8% free, 183MB/199MB, paused 2.020ms total 66.758ms
08-03 20:21:51.903 13866 13866 I GoogleInputMethodServic: GoogleInputMethodService.onFinishInput():3138 
08-03 20:21:51.904 13866 13866 I GoogleInputMethodServic: GoogleInputMethodService.onStartInput():1808 
08-03 20:21:51.906   918   936 I ActivityManager: Displayed baseline.io.github.project_travel_mate/.utilities.ChecklistActivity: +125ms
08-03 20:21:51.998  1728  1728 I ServiceManager: Waiting for service AtCmdFwd...
08-03 20:21:52.137   380   380 W SurfaceFlinger: couldn't log to binary event log: overflow.
08-03 20:21:52.211   518   646 I ThermalEngine: ACTION: GPU - Setting GPU[0] to 450000000
08-03 20:21:52.263  1770  1834 I art     : Starting a blocking GC Explicit
08-03 20:21:52.319  1770  1834 I art     : Explicit concurrent mark sweep GC freed 2414(132KB) AllocSpace objects, 2(48KB) LOS objects, 8% free, 183MB/199MB, paused 1.350ms total 55.814ms
08-03 20:21:52.338  1770  1834 I art     : Starting a blocking GC Explicit
08-03 20:21:52.338   512  2967 D audio_hw_primary: disable_audio_route: reset and update mixer path: low-latency-playback speaker
08-03 20:21:52.340   512  2967 D audio_hw_primary: disable_snd_device: snd_device(2: speaker)
08-03 20:21:52.347   512  2967 I soundtrigger: audio_extn_sound_trigger_update_device_status: device 0x2 of type 0 for Event 0
08-03 20:21:52.394  1770  1834 I art     : Explicit concurrent mark sweep GC freed 255(10KB) AllocSpace objects, 0(0B) LOS objects, 8% free, 183MB/199MB, paused 1.184ms total 55.644ms
08-03 20:21:52.413  1770  1834 I art     : Starting a blocking GC Explicit
08-03 20:21:52.471  1770  1834 I art     : Explicit concurrent mark sweep GC freed 3(96B) AllocSpace objects, 0(0B) LOS objects, 8% free, 183MB/199MB, paused 1.375ms total 57.451ms
08-03 20:21:52.493  1770  1834 I art     : Starting a blocking GC Explicit
08-03 20:21:52.551  1770  1834 I art     : Explicit concurrent mark sweep GC freed 3(96B) AllocSpace objects, 0(0B) LOS objects, 8% free, 183MB/199MB, paused 1.369ms total 58.075ms
08-03 20:21:52.574  1770  1834 I art     : Starting a blocking GC Explicit
08-03 20:21:52.629  1770  1834 I art     : Explicit concurrent mark sweep GC freed 3(96B) AllocSpace objects, 0(0B) LOS objects, 8% free, 183MB/199MB, paused 1.193ms total 54.760ms
08-03 20:21:52.999  1728  1728 W Atfwd_Sendcmd: AtCmdFwd service not published, waiting... retryCnt : 4
08-03 20:21:53.046  1770  1788 I art     : Starting a blocking GC Explicit
08-03 20:21:53.118  1770  1788 I art     : Explicit concurrent mark sweep GC freed 1651(94KB) AllocSpace objects, 2(48KB) LOS objects, 8% free, 183MB/199MB, paused 1.204ms total 71.512ms
08-03 20:21:53.139  1770  1788 I art     : Starting a blocking GC Explicit
08-03 20:21:53.200  1770  1788 I art     : Explicit concurrent mark sweep GC freed 28(1024B) AllocSpace objects, 0(0B) LOS objects, 8% free, 183MB/199MB, paused 1.354ms total 60.903ms
08-03 20:21:53.212   518   646 I ThermalEngine: ACTION: GPU - Setting GPU[0] to 390000000
08-03 20:21:53.222  1770  1788 I art     : Starting a blocking GC Explicit
08-03 20:21:53.282  1770  1788 I art     : Explicit concurrent mark sweep GC freed 3(96B) AllocSpace objects, 0(0B) LOS objects, 8% free, 183MB/199MB, paused 1.298ms total 60.234ms
08-03 20:21:53.304  1770  1788 I art     : Starting a blocking GC Explicit
08-03 20:21:53.361  1770  1788 I art     : Explicit concurrent mark sweep GC freed 3(96B) AllocSpace objects, 0(0B) LOS objects, 8% free, 183MB/199MB, paused 1.219ms total 56.293ms
08-03 20:21:53.380  1770  1788 I art     : Starting a blocking GC Explicit
08-03 20:21:53.439  1770  1788 I art     : Explicit concurrent mark sweep GC freed 3(96B) AllocSpace objects, 0(0B) LOS objects, 8% free, 183MB/199MB, paused 1.210ms total 58.420ms
08-03 20:21:53.858  1770  1787 I art     : Starting a blocking GC Explicit
08-03 20:21:53.933  1770  1787 I art     : Explicit concurrent mark sweep GC freed 1645(94KB) AllocSpace objects, 2(48KB) LOS objects, 8% free, 183MB/199MB, paused 1.290ms total 75.171ms
08-03 20:21:53.955  1770  1787 I art     : Starting a blocking GC Explicit
08-03 20:21:54.017  1770  1787 I art     : Explicit concurrent mark sweep GC freed 56(2560B) AllocSpace objects, 0(0B) LOS objects, 8% free, 183MB/199MB, paused 1.301ms total 62.188ms
08-03 20:21:54.036  1770  1787 I art     : Starting a blocking GC Explicit
08-03 20:21:54.100  1770  1787 I art     : Explicit concurrent mark sweep GC freed 3(96B) AllocSpace objects, 0(0B) LOS objects, 8% free, 183MB/199MB, paused 1.404ms total 63.477ms
08-03 20:21:54.123  1770  1787 I art     : Starting a blocking GC Explicit
08-03 20:21:54.187  1770  1787 I art     : Explicit concurrent mark sweep GC freed 3(96B) AllocSpace objects, 0(0B) LOS objects, 8% free, 183MB/199MB, paused 1.256ms total 63.217ms
08-03 20:21:54.208  1770  1787 I art     : Starting a blocking GC Explicit
08-03 20:21:54.214   518   646 I ThermalEngine: ACTION: GPU - Setting GPU[0] to 450000000
08-03 20:21:54.270  1770  1787 I art     : Explicit concurrent mark sweep GC freed 3(96B) AllocSpace objects, 0(0B) LOS objects, 8% free, 183MB/199MB, paused 1.263ms total 61.639ms
08-03 20:21:54.718  1770  2379 I art     : Starting a blocking GC Explicit
08-03 20:21:54.797  1770  2379 I art     : Explicit concurrent mark sweep GC freed 1586(92KB) AllocSpace objects, 2(48KB) LOS objects, 8% free, 183MB/199MB, paused 1.340ms total 78.253ms
08-03 20:21:54.818  1770  2379 I art     : Starting a blocking GC Explicit
08-03 20:21:54.881  1770  2379 I art     : Explicit concurrent mark sweep GC freed 65(2016B) AllocSpace objects, 0(0B) LOS objects, 8% free, 183MB/199MB, paused 1.286ms total 62.455ms
08-03 20:21:54.901  1770  2379 I art     : Starting a blocking GC Explicit
08-03 20:21:54.963  1770  2379 I art     : Explicit concurrent mark sweep GC freed 3(96B) AllocSpace objects, 0(0B) LOS objects, 8% free, 183MB/199MB, paused 1.370ms total 61.795ms
08-03 20:21:54.985  1770  2379 I art     : Starting a blocking GC Explicit
08-03 20:21:55.047  1770  2379 I art     : Explicit concurrent mark sweep GC freed 3(96B) AllocSpace objects, 0(0B) LOS objects, 8% free, 183MB/199MB, paused 1.269ms total 61.546ms
08-03 20:21:55.070  1770  2379 I art     : Starting a blocking GC Explicit
08-03 20:21:55.131  1770  2379 I art     : Explicit concurrent mark sweep GC freed 3(96B) AllocSpace objects, 0(0B) LOS objects, 8% free, 183MB/199MB, paused 1.134ms total 60.492ms
08-03 20:21:55.579  1770  2041 I art     : Starting a blocking GC Explicit
08-03 20:21:55.662  1770  2041 I art     : Explicit concurrent mark sweep GC freed 1584(92KB) AllocSpace objects, 2(48KB) LOS objects, 8% free, 183MB/199MB, paused 1.385ms total 83.073ms
08-03 20:21:55.685  1770  2041 I art     : Starting a blocking GC Explicit
08-03 20:21:55.745  1770  2041 I art     : Explicit concurrent mark sweep GC freed 28(1024B) AllocSpace objects, 0(0B) LOS objects, 8% free, 183MB/199MB, paused 1.255ms total 60.217ms
08-03 20:21:55.765  1770  2041 I art     : Starting a blocking GC Explicit
08-03 20:21:55.830  1770  2041 I art     : Explicit concurrent mark sweep GC freed 3(96B) AllocSpace objects, 0(0B) LOS objects, 8% free, 183MB/199MB, paused 1.335ms total 65.188ms
08-03 20:21:55.852  1770  2041 I art     : Starting a blocking GC Explicit
08-03 20:21:55.919  1770  2041 I art     : Explicit concurrent mark sweep GC freed 40(1088B) AllocSpace objects, 0(0B) LOS objects, 8% free, 183MB/199MB, paused 1.307ms total 67.110ms
08-03 20:21:55.942  1770  2041 I art     : Starting a blocking GC Explicit
08-03 20:21:56.002  1770  2041 I art     : Explicit concurrent mark sweep GC freed 3(96B) AllocSpace objects, 0(0B) LOS objects, 8% free, 183MB/199MB, paused 1.137ms total 59.692ms
08-03 20:21:56.417  1770  1834 I art     : Starting a blocking GC Explicit
08-03 20:21:56.486  1770  1834 I art     : Explicit concurrent mark sweep GC freed 1586(92KB) AllocSpace objects, 2(48KB) LOS objects, 8% free, 183MB/199MB, paused 1.410ms total 68.350ms
08-03 20:21:56.486  1770  1786 I art     : WaitForGcToComplete blocked for 37.714ms for cause HeapTrim
08-03 20:21:56.507  1770  1834 I art     : Starting a blocking GC Explicit
08-03 20:21:56.563  1770  1834 I art     : Explicit concurrent mark sweep GC freed 28(1024B) AllocSpace objects, 0(0B) LOS objects, 8% free, 183MB/199MB, paused 1.266ms total 56.203ms
08-03 20:21:56.577  4085  4085 D AndroidRuntime: >>>>>> START com.android.internal.os.RuntimeInit uid 2000 <<<<<<
08-03 20:21:56.583  1770  1834 I art     : Starting a blocking GC Explicit
08-03 20:21:56.583  4085  4085 D AndroidRuntime: CheckJNI is OFF
08-03 20:21:56.628  4085  4085 D ICU     : No timezone override file found: /data/misc/zoneinfo/current/icu/icu_tzdata.dat
08-03 20:21:56.639  1770  1834 I art     : Explicit concurrent mark sweep GC freed 25(1200B) AllocSpace objects, 0(0B) LOS objects, 8% free, 183MB/199MB, paused 1.186ms total 56.340ms
08-03 20:21:56.658  1770  1834 I art     : Starting a blocking GC Explicit
08-03 20:21:56.675  4085  4085 I Radio-JNI: register_android_hardware_Radio DONE
08-03 20:21:56.704  4085  4085 D AndroidRuntime: Calling main entry com.android.commands.input.Input
08-03 20:21:56.706  4085  4085 I Input   : injectKeyEvent: KeyEvent { action=ACTION_DOWN, keyCode=KEYCODE_BACK, scanCode=0, metaState=0, flags=0x0, repeatCount=0, eventTime=649333119, downTime=649333119, deviceId=-1, source=0x101 }
08-03 20:21:56.714  1770  1834 I art     : Explicit concurrent mark sweep GC freed 21(1088B) AllocSpace objects, 0(0B) LOS objects, 8% free, 183MB/199MB, paused 1.212ms total 54.841ms
08-03 20:21:56.714  4085  4085 I Input   : injectKeyEvent: KeyEvent { action=ACTION_UP, keyCode=KEYCODE_BACK, scanCode=0, metaState=0, flags=0x0, repeatCount=0, eventTime=649333119, downTime=649333119, deviceId=-1, source=0x101 }
08-03 20:21:56.722  4085  4085 D AndroidRuntime: Shutting down VM
08-03 20:21:56.732  1770  1834 I art     : Starting a blocking GC Explicit
08-03 20:21:56.741  1770  1770 V MainActivity: url = https://project-travel-mate.herokuapp.com/api/number-of-unread-notifications
08-03 20:21:56.768 13866 13866 I GoogleInputMethodServic: GoogleInputMethodService.onFinishInput():3138 
08-03 20:21:56.768 13866 13866 I GoogleInputMethodServic: GoogleInputMethodService.onStartInput():1808 
08-03 20:21:56.780  1770  1834 I art     : Explicit concurrent mark sweep GC freed 374(15KB) AllocSpace objects, 0(0B) LOS objects, 7% free, 184MB/200MB, paused 1.357ms total 47.750ms
08-03 20:21:57.058   380   380 W SurfaceFlinger: couldn't log to binary event log: overflow.
08-03 20:21:57.169  1770  1787 I art     : Starting a blocking GC Explicit
08-03 20:21:57.231  1770  1787 I art     : Explicit concurrent mark sweep GC freed 2205(121KB) AllocSpace objects, 2(48KB) LOS objects, 8% free, 183MB/199MB, paused 1.438ms total 62.006ms
08-03 20:21:57.253  1770  1787 I art     : Starting a blocking GC Explicit
08-03 20:21:57.311  1770  1787 I art     : Explicit concurrent mark sweep GC freed 2751(140KB) AllocSpace objects, 2(120KB) LOS objects, 7% free, 184MB/200MB, paused 1.386ms total 57.985ms
08-03 20:21:57.323  1770  4109 I NAPPA_EXPERIMENTATION: MetricNetworkRequestExecutionTime: REQUEST_DURATION_SYSTEM='581',REQUEST_DURATION_OKHTTP='39',REQUEST_SYNCHRONOUS='FALSE',RESPONSE_CODE='200',RESPONSE_METHOD='GET',RESPONSE_LENGTH_OKHTTP='36',RESPONSE_LENGTH_HEADER='36',REQUEST_PROTOCOL='http/1.1',REQUEST_URL='https://project-travel-mate.herokuapp.com/api/number-of-unread-notifications',
08-03 20:21:57.330  1770  1787 I art     : Starting a blocking GC Explicit
08-03 20:21:57.388  1770  1787 I art     : Explicit concurrent mark sweep GC freed 1080(126KB) AllocSpace objects, 1(80KB) LOS objects, 7% free, 184MB/200MB, paused 1.305ms total 57.468ms
08-03 20:21:57.407  1770  1787 I art     : Starting a blocking GC Explicit
08-03 20:21:57.463  1770  1787 I art     : Explicit concurrent mark sweep GC freed 102(6KB) AllocSpace objects, 0(0B) LOS objects, 7% free, 184MB/200MB, paused 1.240ms total 55.890ms
08-03 20:21:57.482  1770  1787 I art     : Starting a blocking GC Explicit
08-03 20:21:57.540  1770  1787 I art     : Explicit concurrent mark sweep GC freed 3(96B) AllocSpace objects, 0(0B) LOS objects, 7% free, 184MB/200MB, paused 1.175ms total 57.059ms
08-03 20:21:57.964  1770  2041 I art     : Starting a blocking GC Explicit
08-03 20:21:58.023  1770  2041 I art     : Explicit concurrent mark sweep GC freed 1636(93KB) AllocSpace objects, 2(48KB) LOS objects, 7% free, 184MB/200MB, paused 1.314ms total 58.819ms
08-03 20:21:58.042  1770  2041 I art     : Starting a blocking GC Explicit
08-03 20:21:58.096  1770  2041 I art     : Explicit concurrent mark sweep GC freed 42(1456B) AllocSpace objects, 0(0B) LOS objects, 7% free, 184MB/200MB, paused 1.315ms total 53.570ms
08-03 20:21:58.115  1770  2041 I art     : Starting a blocking GC Explicit
08-03 20:21:58.169  1770  2041 I art     : Explicit concurrent mark sweep GC freed 3(96B) AllocSpace objects, 0(0B) LOS objects, 7% free, 184MB/200MB, paused 1.273ms total 53.871ms
08-03 20:21:58.188  1770  2041 I art     : Starting a blocking GC Explicit
08-03 20:21:58.243  1770  2041 I art     : Explicit concurrent mark sweep GC freed 3(96B) AllocSpace objects, 0(0B) LOS objects, 7% free, 184MB/200MB, paused 1.193ms total 54.397ms
08-03 20:21:58.262  1770  2041 I art     : Starting a blocking GC Explicit
08-03 20:21:58.318  1770  2041 I art     : Explicit concurrent mark sweep GC freed 3(96B) AllocSpace objects, 0(0B) LOS objects, 7% free, 184MB/200MB, paused 1.345ms total 55.758ms
08-03 20:21:58.509  4131  4131 D AndroidRuntime: >>>>>> START com.android.internal.os.RuntimeInit uid 2000 <<<<<<
08-03 20:21:58.514  4131  4131 D AndroidRuntime: CheckJNI is OFF
08-03 20:21:58.555  4131  4131 D ICU     : No timezone override file found: /data/misc/zoneinfo/current/icu/icu_tzdata.dat
08-03 20:21:58.598  4131  4131 I Radio-JNI: register_android_hardware_Radio DONE
08-03 20:21:58.627  4131  4131 D AndroidRuntime: Calling main entry com.android.commands.input.Input
08-03 20:21:58.628  4131  4131 I Input   : injectMotionEvent: MotionEvent { action=ACTION_DOWN, actionButton=0, id[0]=0, x[0]=657.0, y[0]=2037.0, toolType[0]=TOOL_TYPE_UNKNOWN, buttonState=0, metaState=0, flags=0x0, edgeFlags=0x0, pointerCount=1, historySize=0, eventTime=649335041, downTime=649335041, deviceId=0, source=0x1002 }
08-03 20:21:58.634  4131  4131 I Input   : injectMotionEvent: MotionEvent { action=ACTION_UP, actionButton=0, id[0]=0, x[0]=657.0, y[0]=2037.0, toolType[0]=TOOL_TYPE_UNKNOWN, buttonState=0, metaState=0, flags=0x0, edgeFlags=0x0, pointerCount=1, historySize=0, eventTime=649335041, downTime=649335041, deviceId=0, source=0x1002 }
08-03 20:21:58.636  4131  4131 D AndroidRuntime: Shutting down VM
08-03 20:21:58.637   918  6111 I ActivityManager: START u0 {cmp=baseline.io.github.project_travel_mate/.utilities.CompassActivity} from uid 10623 on display 0
08-03 20:21:58.641   512  2967 D audio_hw_primary: out_set_parameters: enter: usecase(1: low-latency-playback) kvpairs: routing=2
08-03 20:21:58.654   512  2967 D audio_hw_primary: select_devices: out_snd_device(2: speaker) in_snd_device(0: none)
08-03 20:21:58.654   512  2967 D msm8974_platform: platform_send_audio_calibration: sending audio calibration for snd_device(2) acdb_id(15)
08-03 20:21:58.654   512  2967 I soundtrigger: audio_extn_sound_trigger_update_device_status: device 0x2 of type 0 for Event 1
08-03 20:21:58.663   512  2967 D audio_hw_primary: enable_snd_device: snd_device(2: speaker)
08-03 20:21:58.665   512  2967 D audio_hw_primary: enable_audio_route: apply and update mixer path: low-latency-playback speaker
08-03 20:21:58.719  1770  1834 I art     : Starting a blocking GC Explicit
08-03 20:21:58.774  1770  1834 I art     : Explicit concurrent mark sweep GC freed 1933(125KB) AllocSpace objects, 2(48KB) LOS objects, 6% free, 233MB/249MB, paused 1.375ms total 54.614ms
08-03 20:21:58.793  1770  1834 I art     : Starting a blocking GC Explicit
08-03 20:21:58.847  1770  1834 I art     : Explicit concurrent mark sweep GC freed 222(9KB) AllocSpace objects, 0(0B) LOS objects, 6% free, 233MB/249MB, paused 1.368ms total 54.265ms
08-03 20:21:58.866  1770  1834 I art     : Starting a blocking GC Explicit
08-03 20:21:58.919  1770  1834 I art     : Explicit concurrent mark sweep GC freed 4(128B) AllocSpace objects, 0(0B) LOS objects, 6% free, 233MB/249MB, paused 1.762ms total 52.245ms
08-03 20:21:58.937  1770  1834 I art     : Starting a blocking GC Explicit
08-03 20:21:58.991  1770  1834 I art     : Explicit concurrent mark sweep GC freed 3(96B) AllocSpace objects, 0(0B) LOS objects, 6% free, 233MB/249MB, paused 1.301ms total 52.949ms
08-03 20:21:59.009  1770  1834 I art     : Starting a blocking GC Explicit
08-03 20:21:59.062  1770  1834 I art     : Explicit concurrent mark sweep GC freed 3(96B) AllocSpace objects, 0(0B) LOS objects, 6% free, 233MB/249MB, paused 1.290ms total 52.460ms
08-03 20:21:59.193  1770  1770 D CompassActivity: start compass
08-03 20:21:59.194   918  5481 I sensors : batch
08-03 20:21:59.195   918  5481 I sensors : activate
08-03 20:21:59.195   918  3714 I sensors : batch
08-03 20:21:59.195   918  3714 I sensors : activate
08-03 20:21:59.199   512  2967 D audio_hw_primary: disable_audio_route: reset and update mixer path: low-latency-playback speaker
08-03 20:21:59.200  1770  1770 I Choreographer: Skipped 32 frames!  The application may be doing too much work on its main thread.
08-03 20:21:59.200   512  2967 D audio_hw_primary: disable_snd_device: snd_device(2: speaker)
08-03 20:21:59.203   918  3188 I hubconnection: sensorhub said: 'batch 1 flags:0, sampling_rate_Hz:50.00, max_report_latency_us:0'
08-03 20:21:59.205   918  3188 I hubconnection: sensorhub said: 'activate 1 enable:1'
08-03 20:21:59.206   918  3188 I hubconnection: sensorhub said: 'batch 3 flags:0, sampling_rate_Hz:50.00, max_report_latency_us:0'
08-03 20:21:59.207   918  3188 I hubconnection: sensorhub said: 'activate 3 enable:1'
08-03 20:21:59.209   512  2967 I soundtrigger: audio_extn_sound_trigger_update_device_status: device 0x2 of type 0 for Event 0
08-03 20:21:59.259 13866 13866 I GoogleInputMethodServic: GoogleInputMethodService.onFinishInput():3138 
08-03 20:21:59.259 13866 13866 I GoogleInputMethodServic: GoogleInputMethodService.onStartInput():1808 
08-03 20:21:59.371  1770  1770 D CompassActivity: will set rotation from 0.0 to 177.80719
08-03 20:21:59.372  1770  1770 D CompassActivity: will set rotation from 177.80719 to 178.02045
08-03 20:21:59.372  1770  1770 D CompassActivity: will set rotation from 178.02045 to 178.00867
08-03 20:21:59.377   918   936 I ActivityManager: Displayed baseline.io.github.project_travel_mate/.utilities.CompassActivity: +728ms
08-03 20:21:59.462  1770  1770 D CompassActivity: will set rotation from 178.00867 to 177.74213
08-03 20:21:59.463  1770  1770 D CompassActivity: will set rotation from 177.74213 to 177.75262
08-03 20:21:59.463  1770  1770 D CompassActivity: will set rotation from 177.75262 to 177.65417
08-03 20:21:59.463  1770  1770 D CompassActivity: will set rotation from 177.65417 to 177.65607
08-03 20:21:59.463  1770  1770 D CompassActivity: will set rotation from 177.65607 to 177.46954
08-03 20:21:59.463  1770  1770 D CompassActivity: will set rotation from 177.46954 to 177.46375
08-03 20:21:59.463  1770  1770 D CompassActivity: will set rotation from 177.46375 to 177.52124
08-03 20:21:59.463  1770  1770 D CompassActivity: will set rotation from 177.52124 to 177.52441
08-03 20:21:59.463  1770  1770 D CompassActivity: will set rotation from 177.52441 to 177.54541
08-03 20:21:59.464  1770  1770 D CompassActivity: will set rotation from 177.54541 to 177.54602
08-03 20:21:59.480  1770  2041 I art     : Starting a blocking GC Explicit
08-03 20:21:59.531  1770  2041 I art     : Explicit concurrent mark sweep GC freed 1902(108KB) AllocSpace objects, 2(48KB) LOS objects, 6% free, 236MB/252MB, paused 1.570ms total 50.391ms
08-03 20:21:59.556  1770  2041 I art     : Starting a blocking GC Explicit
08-03 20:21:59.559  1770  1770 D CompassActivity: will set rotation from 177.54602 to 177.70844
08-03 20:21:59.559  1770  1770 D CompassActivity: will set rotation from 177.70844 to 177.70453
08-03 20:21:59.559  1770  1770 D CompassActivity: will set rotation from 177.70453 to 177.64124
08-03 20:21:59.559  1770  1770 D CompassActivity: will set rotation from 177.64124 to 177.64307
08-03 20:21:59.559  1770  1770 D CompassActivity: will set rotation from 177.64307 to 177.65582
08-03 20:21:59.559  1770  1770 D CompassActivity: will set rotation from 177.65582 to 177.65234
08-03 20:21:59.560  1770  1770 D CompassActivity: will set rotation from 177.65234 to 177.7088
08-03 20:21:59.560  1770  1770 D CompassActivity: will set rotation from 177.7088 to 177.70819
08-03 20:21:59.578  1770  1770 D CompassActivity: will set rotation from 177.70819 to 177.75354
08-03 20:21:59.579  1770  1770 D CompassActivity: will set rotation from 177.75354 to 177.75049
08-03 20:21:59.583  1770  1770 D CompassActivity: will set rotation from 177.75049 to 177.79303
08-03 20:21:59.583  1770  1770 D CompassActivity: will set rotation from 177.79303 to 177.79303
08-03 20:21:59.603  1770  1770 D CompassActivity: will set rotation from 177.79303 to 177.8363
08-03 20:21:59.603  1770  1770 D CompassActivity: will set rotation from 177.8363 to 177.83856
08-03 20:21:59.604  1770  2041 I art     : Explicit concurrent mark sweep GC freed 315(15KB) AllocSpace objects, 0(0B) LOS objects, 6% free, 236MB/252MB, paused 1.140ms total 47.434ms
08-03 20:21:59.622  1770  2041 I art     : Starting a blocking GC Explicit
08-03 20:21:59.622  1770  1770 D CompassActivity: will set rotation from 177.83856 to 177.96411
08-03 20:21:59.623  1770  1770 D CompassActivity: will set rotation from 177.96411 to 177.96185
08-03 20:21:59.628   380   380 W SurfaceFlinger: couldn't log to binary event log: overflow.
08-03 20:21:59.644  1770  1770 D CompassActivity: will set rotation from 177.96185 to 178.02417
08-03 20:21:59.644  1770  1770 D CompassActivity: will set rotation from 178.02417 to 178.02441
08-03 20:21:59.662  1770  1770 D CompassActivity: will set rotation from 178.02441 to 178.08563
08-03 20:21:59.662  1770  1770 D CompassActivity: will set rotation from 178.08563 to 178.08496
08-03 20:21:59.668  1770  2041 I art     : Explicit concurrent mark sweep GC freed 226(10KB) AllocSpace objects, 0(0B) LOS objects, 6% free, 236MB/252MB, paused 1.410ms total 46.250ms
08-03 20:21:59.682  1770  1770 D CompassActivity: will set rotation from 178.08496 to 178.2135
08-03 20:21:59.682  1770  1770 D CompassActivity: will set rotation from 178.2135 to 178.21368
08-03 20:21:59.686  1770  2041 I art     : Starting a blocking GC Explicit
08-03 20:21:59.702  1770  1770 D CompassActivity: will set rotation from 178.21368 to 178.2157
08-03 20:21:59.702  1770  1770 D CompassActivity: will set rotation from 178.2157 to 178.21844
08-03 20:21:59.722  1770  1770 D CompassActivity: will set rotation from 178.21844 to 178.25677
08-03 20:21:59.722  1770  1770 D CompassActivity: will set rotation from 178.25677 to 178.25812
08-03 20:21:59.736  1770  2041 I art     : Explicit concurrent mark sweep GC freed 164(8KB) AllocSpace objects, 0(0B) LOS objects, 6% free, 236MB/252MB, paused 1.183ms total 49.244ms
08-03 20:21:59.742  1770  1770 D CompassActivity: will set rotation from 178.25812 to 178.3601
08-03 20:21:59.742  1770  1770 D CompassActivity: will set rotation from 178.3601 to 178.36023
08-03 20:21:59.760  1770  2041 I art     : Starting a blocking GC Explicit
08-03 20:21:59.811  1770  2041 I art     : Explicit concurrent mark sweep GC freed 95(4KB) AllocSpace objects, 0(0B) LOS objects, 6% free, 236MB/252MB, paused 1.327ms total 49.776ms
08-03 20:21:59.838  1770  1770 D CompassActivity: will set rotation from 178.36023 to 178.3927
08-03 20:21:59.839  1770  1770 D CompassActivity: will set rotation from 178.3927 to 178.39026
08-03 20:21:59.839  1770  1770 D CompassActivity: will set rotation from 178.39026 to 178.38074
08-03 20:21:59.839  1770  1770 D CompassActivity: will set rotation from 178.38074 to 178.37915
08-03 20:21:59.839  1770  1770 D CompassActivity: will set rotation from 178.37915 to 178.40424
08-03 20:21:59.839  1770  1770 D CompassActivity: will set rotation from 178.40424 to 178.40283
08-03 20:21:59.839  1770  1770 D CompassActivity: will set rotation from 178.40283 to 178.48218
08-03 20:21:59.839  1770  1770 D CompassActivity: will set rotation from 178.48218 to 178.47986
08-03 20:21:59.842  1770  1770 D CompassActivity: will set rotation from 178.47986 to 178.49707
08-03 20:21:59.842  1770  1770 D CompassActivity: will set rotation from 178.49707 to 178.49902
08-03 20:21:59.862  1770  1770 D CompassActivity: will set rotation from 178.49902 to 178.60364
08-03 20:21:59.862  1770  1770 D CompassActivity: will set rotation from 178.60364 to 178.60175
08-03 20:21:59.883  1770  1770 D CompassActivity: will set rotation from 178.60175 to 178.58948
08-03 20:21:59.883  1770  1770 D CompassActivity: will set rotation from 178.58948 to 178.58783
08-03 20:21:59.901  1770  1770 D CompassActivity: will set rotation from 178.58783 to 178.60022
08-03 20:21:59.901  1770  1770 D CompassActivity: will set rotation from 178.60022 to 178.60101
08-03 20:21:59.921  1770  1770 D CompassActivity: will set rotation from 178.60101 to 178.6134
08-03 20:21:59.922  1770  1770 D CompassActivity: will set rotation from 178.6134 to 178.61346
08-03 20:21:59.941  1770  1770 D CompassActivity: will set rotation from 178.61346 to 178.64923
08-03 20:21:59.941  1770  1770 D CompassActivity: will set rotation from 178.64923 to 178.65228
08-03 20:21:59.962  1770  1770 D CompassActivity: will set rotation from 178.65228 to 178.71301
08-03 20:21:59.962  1770  1770 D CompassActivity: will set rotation from 178.71301 to 178.7146
08-03 20:21:59.983  1770  1770 D CompassActivity: will set rotation from 178.7146 to 178.74707
08-03 20:21:59.984  1770  1770 D CompassActivity: will set rotation from 178.74707 to 178.74768
08-03 20:22:00.008  1770  1770 D CompassActivity: will set rotation from 178.74768 to 178.80383
08-03 20:22:00.009  1770  1770 D CompassActivity: will set rotation from 178.80383 to 178.80219
08-03 20:22:00.022  1770  1770 D CompassActivity: will set rotation from 178.80219 to 178.82306
08-03 20:22:00.023  1770  1770 D CompassActivity: will set rotation from 178.82306 to 178.82062
08-03 20:22:00.041  1770  1770 D CompassActivity: will set rotation from 178.82062 to 178.79718
08-03 20:22:00.042  1770  1770 D CompassActivity: will set rotation from 178.79718 to 178.79584
08-03 20:22:00.060  1770  1770 D CompassActivity: will set rotation from 178.79584 to 178.81952
08-03 20:22:00.061  1770  1770 D CompassActivity: will set rotation from 178.81952 to 178.81897
08-03 20:22:00.081  1770  1770 D CompassActivity: will set rotation from 178.81897 to 178.81567
08-03 20:22:00.082  1770  1770 D CompassActivity: will set rotation from 178.81567 to 178.81433
08-03 20:22:00.100  1770  1770 D CompassActivity: will set rotation from 178.81433 to 178.83612
08-03 20:22:00.100  1770  1770 D CompassActivity: will set rotation from 178.83612 to 178.83441
08-03 20:22:00.120  1770  1770 D CompassActivity: will set rotation from 178.83441 to 178.85358
08-03 20:22:00.120  1770  1770 D CompassActivity: will set rotation from 178.85358 to 178.85358
08-03 20:22:00.140  1770  1770 D CompassActivity: will set rotation from 178.85358 to 178.87573
08-03 20:22:00.141  1770  1770 D CompassActivity: will set rotation from 178.87573 to 178.87659
08-03 20:22:00.160  1770  1770 D CompassActivity: will set rotation from 178.87659 to 178.87
08-03 20:22:00.161  1770  1770 D CompassActivity: will set rotation from 178.87 to 178.87
08-03 20:22:00.181  1770  1770 D CompassActivity: will set rotation from 178.87 to 178.8421
08-03 20:22:00.181  1770  1770 D CompassActivity: will set rotation from 178.8421 to 178.84131
08-03 20:22:00.200  1770  1770 D CompassActivity: will set rotation from 178.84131 to 178.86096
08-03 20:22:00.200  1770  1770 D CompassActivity: will set rotation from 178.86096 to 178.85852
08-03 20:22:00.222  1770  1770 D CompassActivity: will set rotation from 178.85852 to 178.83667
08-03 20:22:00.223  1770  1770 D CompassActivity: will set rotation from 178.83667 to 178.83508
08-03 20:22:00.233   518   646 I ThermalEngine: ACTION: GPU - Setting GPU[0] to 390000000
08-03 20:22:00.240  1770  1834 I art     : Starting a blocking GC Explicit
08-03 20:22:00.243  1770  1770 D CompassActivity: will set rotation from 178.83508 to 178.81274
08-03 20:22:00.244  1770  1770 D CompassActivity: will set rotation from 178.81274 to 178.81445
08-03 20:22:00.266  1770  1770 D CompassActivity: will set rotation from 178.81445 to 178.8601
08-03 20:22:00.267  1770  1770 D CompassActivity: will set rotation from 178.8601 to 178.86005
08-03 20:22:00.282  1770  1770 D CompassActivity: will set rotation from 178.86005 to 178.87988
08-03 20:22:00.283  1770  1770 D CompassActivity: will set rotation from 178.87988 to 178.88074
08-03 20:22:00.299  1770  1770 D CompassActivity: will set rotation from 178.88074 to 178.89783
08-03 20:22:00.300  1770  1770 D CompassActivity: will set rotation from 178.89783 to 178.89838
08-03 20:22:00.320  1770  1770 D CompassActivity: will set rotation from 178.89838 to 178.89587
08-03 20:22:00.320  1770  1770 D CompassActivity: will set rotation from 178.89587 to 178.89624
08-03 20:22:00.333  1770  1834 I art     : Explicit concurrent mark sweep GC freed 2135(126KB) AllocSpace objects, 2(48KB) LOS objects, 6% free, 236MB/252MB, paused 2.535ms total 92.745ms
08-03 20:22:00.340  1770  1770 D CompassActivity: will set rotation from 178.89624 to 178.93683
08-03 20:22:00.340  1770  1770 D CompassActivity: will set rotation from 178.93683 to 178.93561
08-03 20:22:00.359  1770  1770 D CompassActivity: will set rotation from 178.93561 to 178.93054
08-03 20:22:00.360  1770  1770 D CompassActivity: will set rotation from 178.93054 to 178.92944
08-03 20:22:00.361  1770  1834 I art     : Starting a blocking GC Explicit
08-03 20:22:00.382  1770  1770 D CompassActivity: will set rotation from 178.92944 to 178.90765
08-03 20:22:00.382  1770  1770 D CompassActivity: will set rotation from 178.90765 to 178.9071
08-03 20:22:00.400  1770  1770 D CompassActivity: will set rotation from 178.9071 to 178.96484
08-03 20:22:00.401  1770  1770 D CompassActivity: will set rotation from 178.96484 to 178.9649
08-03 20:22:00.419  1770  1770 D CompassActivity: will set rotation from 178.9649 to 179.0166
08-03 20:22:00.419  1770  1770 D CompassActivity: will set rotation from 179.0166 to 179.01892
08-03 20:22:00.436  1770  1834 I art     : Explicit concurrent mark sweep GC freed 911(36KB) AllocSpace objects, 0(0B) LOS objects, 6% free, 236MB/252MB, paused 1.846ms total 74.168ms
08-03 20:22:00.439  1770  1770 D CompassActivity: will set rotation from 179.01892 to 178.99176
08-03 20:22:00.440  1770  1770 D CompassActivity: will set rotation from 178.99176 to 178.99182
08-03 20:22:00.459  1770  1770 D CompassActivity: will set rotation from 178.99182 to 178.98438
08-03 20:22:00.460  1770  1770 D CompassActivity: will set rotation from 178.98438 to 178.9834
08-03 20:22:00.467  1770  1834 I art     : Starting a blocking GC Explicit
08-03 20:22:00.483  1770  1770 D CompassActivity: will set rotation from 178.9834 to 178.99731
08-03 20:22:00.484  1770  1770 D CompassActivity: will set rotation from 178.99731 to 178.99713
08-03 20:22:00.501  1770  1770 D CompassActivity: will set rotation from 178.99713 to 179.04712
08-03 20:22:00.501  1770  1770 D CompassActivity: will set rotation from 179.04712 to 179.04541
08-03 20:22:00.520  1770  1770 D CompassActivity: will set rotation from 179.04541 to 179.07538
08-03 20:22:00.520  1770  1770 D CompassActivity: will set rotation from 179.07538 to 179.07489
08-03 20:22:00.539  1770  1770 D CompassActivity: will set rotation from 179.07489 to 179.10327
08-03 20:22:00.539  1770  1770 D CompassActivity: will set rotation from 179.10327 to 179.10199
08-03 20:22:00.554  1770  1834 I art     : Explicit concurrent mark sweep GC freed 248(12KB) AllocSpace objects, 0(0B) LOS objects, 6% free, 236MB/252MB, paused 3.085ms total 86.560ms
08-03 20:22:00.559  1770  1770 D CompassActivity: will set rotation from 179.10199 to 179.11298
08-03 20:22:00.559  1770  1770 D CompassActivity: will set rotation from 179.11298 to 179.11285
08-03 20:22:00.583  1770  1770 D CompassActivity: will set rotation from 179.11285 to 179.12274
08-03 20:22:00.583  1770  1770 D CompassActivity: will set rotation from 179.12274 to 179.12341
08-03 20:22:00.584  1770  1834 I art     : Starting a blocking GC Explicit
08-03 20:22:00.599  1770  1770 D CompassActivity: will set rotation from 179.12341 to 179.13306
08-03 20:22:00.599  1770  1770 D CompassActivity: will set rotation from 179.13306 to 179.13324
08-03 20:22:00.618  1770  1770 D CompassActivity: will set rotation from 179.13324 to 179.1593
08-03 20:22:00.619  1770  1770 D CompassActivity: will set rotation from 179.1593 to 179.15881
08-03 20:22:00.639  1770  1770 D CompassActivity: will set rotation from 179.15881 to 179.16626
08-03 20:22:00.639  1770  1770 D CompassActivity: will set rotation from 179.16626 to 179.1665
08-03 20:22:00.651  1770  1834 I art     : Explicit concurrent mark sweep GC freed 231(11KB) AllocSpace objects, 0(0B) LOS objects, 6% free, 236MB/252MB, paused 2.855ms total 67.178ms
08-03 20:22:00.658  1770  1770 D CompassActivity: will set rotation from 179.1665 to 179.15308
08-03 20:22:00.659  1770  1770 D CompassActivity: will set rotation from 179.15308 to 179.15302
08-03 20:22:00.678  1770  1770 D CompassActivity: will set rotation from 179.15302 to 179.18018
08-03 20:22:00.679  1770  1770 D CompassActivity: will set rotation from 179.18018 to 179.17957
08-03 20:22:00.680  1770  1834 I art     : Starting a blocking GC Explicit
08-03 20:22:00.700  1770  1770 D CompassActivity: will set rotation from 179.17957 to 179.18158
08-03 20:22:00.700  1770  1770 D CompassActivity: will set rotation from 179.18158 to 179.1831
08-03 20:22:00.718  1770  1770 D CompassActivity: will set rotation from 179.1831 to 179.15234
08-03 20:22:00.718  1770  1770 D CompassActivity: will set rotation from 179.15234 to 179.1535
08-03 20:22:00.738  1770  1770 D CompassActivity: will set rotation from 179.1535 to 179.14368
08-03 20:22:00.738  1770  1770 D CompassActivity: will set rotation from 179.14368 to 179.14374
08-03 20:22:00.756  1770  1834 I art     : Explicit concurrent mark sweep GC freed 218(10KB) AllocSpace objects, 0(0B) LOS objects, 6% free, 236MB/252MB, paused 1.792ms total 75.322ms
08-03 20:22:00.758  1770  1770 D CompassActivity: will set rotation from 179.14374 to 179.16943
08-03 20:22:00.759  1770  1770 D CompassActivity: will set rotation from 179.16943 to 179.1695
08-03 20:22:00.777  1770  1770 D CompassActivity: will set rotation from 179.1695 to 179.1745
08-03 20:22:00.778  1770  1770 D CompassActivity: will set rotation from 179.1745 to 179.17407
08-03 20:22:00.799  1770  1770 D CompassActivity: will set rotation from 179.17407 to 179.12878
08-03 20:22:00.799  1770  1770 D CompassActivity: will set rotation from 179.12878 to 179.12793
08-03 20:22:00.818  1770  1770 D CompassActivity: will set rotation from 179.12793 to 179.08313
08-03 20:22:00.818  1770  1770 D CompassActivity: will set rotation from 179.08313 to 179.0813
08-03 20:22:00.838  1770  1770 D CompassActivity: will set rotation from 179.0813 to 179.07141
08-03 20:22:00.838  1770  1770 D CompassActivity: will set rotation from 179.07141 to 179.06934
08-03 20:22:00.858  1770  1770 D CompassActivity: will set rotation from 179.06934 to 179.06024
08-03 20:22:00.858  1770  1770 D CompassActivity: will set rotation from 179.06024 to 179.06024
08-03 20:22:00.877  1770  1770 D CompassActivity: will set rotation from 179.06024 to 179.07025
08-03 20:22:00.878  1770  1770 D CompassActivity: will set rotation from 179.07025 to 179.07098
08-03 20:22:00.901  1770  1770 D CompassActivity: will set rotation from 179.07098 to 179.09808
08-03 20:22:00.902  1770  1770 D CompassActivity: will set rotation from 179.09808 to 179.0968
08-03 20:22:00.919  1770  1770 D CompassActivity: will set rotation from 179.0968 to 179.14258
08-03 20:22:00.919  1770  1770 D CompassActivity: will set rotation from 179.14258 to 179.14246
08-03 20:22:00.938  1770  1770 D CompassActivity: will set rotation from 179.14246 to 179.13293
08-03 20:22:00.938  1770  1770 D CompassActivity: will set rotation from 179.13293 to 179.13098
08-03 20:22:00.961  1770  1770 D CompassActivity: will set rotation from 179.13098 to 179.08746
08-03 20:22:00.962  1770  1770 D CompassActivity: will set rotation from 179.08746 to 179.08722
08-03 20:22:00.977  1770  1770 D CompassActivity: will set rotation from 179.08722 to 179.13074
08-03 20:22:00.978  1770  1770 D CompassActivity: will set rotation from 179.13074 to 179.13312
08-03 20:22:00.999  1770  1770 D CompassActivity: will set rotation from 179.13312 to 179.15558
08-03 20:22:00.999  1770  1770 D CompassActivity: will set rotation from 179.15558 to 179.15881
08-03 20:22:01.017  1770  1770 D CompassActivity: will set rotation from 179.15881 to 179.1488
08-03 20:22:01.017  1770  1770 D CompassActivity: will set rotation from 179.1488 to 179.14966
08-03 20:22:01.036  1770  1770 D CompassActivity: will set rotation from 179.14966 to 179.17334
08-03 20:22:01.037  1770  1770 D CompassActivity: will set rotation from 179.17334 to 179.1742
08-03 20:22:01.057  1770  1770 D CompassActivity: will set rotation from 179.1742 to 179.17969
08-03 20:22:01.057  1770  1770 D CompassActivity: will set rotation from 179.17969 to 179.17828
08-03 20:22:01.076  1770  1770 D CompassActivity: will set rotation from 179.17828 to 179.18237
08-03 20:22:01.077  1770  1770 D CompassActivity: will set rotation from 179.18237 to 179.18152
08-03 20:22:01.104  1770  1770 D CompassActivity: will set rotation from 179.18152 to 179.2201
08-03 20:22:01.106  1770  1770 D CompassActivity: will set rotation from 179.2201 to 179.22058
08-03 20:22:01.120  1770  1770 D CompassActivity: will set rotation from 179.22058 to 179.20581
08-03 20:22:01.120  1770  1770 D CompassActivity: will set rotation from 179.20581 to 179.2063
08-03 20:22:01.136  1770  1770 D CompassActivity: will set rotation from 179.2063 to 179.19159
08-03 20:22:01.137  1770  1770 D CompassActivity: will set rotation from 179.19159 to 179.18982
08-03 20:22:01.157  1770  1770 D CompassActivity: will set rotation from 179.18982 to 179.16132
08-03 20:22:01.158  1770  1770 D CompassActivity: will set rotation from 179.16132 to 179.16125
08-03 20:22:01.176  1770  1770 D CompassActivity: will set rotation from 179.16125 to 179.1499
08-03 20:22:01.176  1770  1770 D CompassActivity: will set rotation from 179.1499 to 179.14984
08-03 20:22:01.201  1770  1770 D CompassActivity: will set rotation from 179.14984 to 179.13647
08-03 20:22:01.201  1770  1770 D CompassActivity: will set rotation from 179.13647 to 179.1355
08-03 20:22:01.222  1770  1770 D CompassActivity: will set rotation from 179.1355 to 179.14203
08-03 20:22:01.222  1770  1770 D CompassActivity: will set rotation from 179.14203 to 179.14258
08-03 20:22:01.224  1770  1787 I art     : Starting a blocking GC Explicit
08-03 20:22:01.236  1770  1770 D CompassActivity: will set rotation from 179.14258 to 179.16687
08-03 20:22:01.236  1770  1770 D CompassActivity: will set rotation from 179.16687 to 179.1659
08-03 20:22:01.256  1770  1770 D CompassActivity: will set rotation from 179.1659 to 179.17145
08-03 20:22:01.256  1770  1770 D CompassActivity: will set rotation from 179.17145 to 179.1701
08-03 20:22:01.275  1770  1770 D CompassActivity: will set rotation from 179.1701 to 179.12769
08-03 20:22:01.276  1770  1770 D CompassActivity: will set rotation from 179.12769 to 179.12677
08-03 20:22:01.296  1770  1770 D CompassActivity: will set rotation from 179.12677 to 179.13489
08-03 20:22:01.296  1770  1770 D CompassActivity: will set rotation from 179.13489 to 179.13586
08-03 20:22:01.304  1770  1787 I art     : Explicit concurrent mark sweep GC freed 2160(127KB) AllocSpace objects, 2(48KB) LOS objects, 6% free, 236MB/252MB, paused 2.010ms total 79.778ms
08-03 20:22:01.320  1770  1770 D CompassActivity: will set rotation from 179.13586 to 179.1239
08-03 20:22:01.320  1770  1770 D CompassActivity: will set rotation from 179.1239 to 179.12341
08-03 20:22:01.334  1770  1787 I art     : Starting a blocking GC Explicit
08-03 20:22:01.337  1770  1770 D CompassActivity: will set rotation from 179.12341 to 179.1471
08-03 20:22:01.337  1770  1770 D CompassActivity: will set rotation from 179.1471 to 179.14539
08-03 20:22:01.355  1770  1770 D CompassActivity: will set rotation from 179.14539 to 179.13318
08-03 20:22:01.355  1770  1770 D CompassActivity: will set rotation from 179.13318 to 179.13226
08-03 20:22:01.375  1770  1770 D CompassActivity: will set rotation from 179.13226 to 179.17139
08-03 20:22:01.375  1770  1770 D CompassActivity: will set rotation from 179.17139 to 179.17035
08-03 20:22:01.395  1770  1770 D CompassActivity: will set rotation from 179.17035 to 179.19165
08-03 20:22:01.396  1770  1770 D CompassActivity: will set rotation from 179.19165 to 179.19196
08-03 20:22:01.397  1770  1787 I art     : Explicit concurrent mark sweep GC freed 896(35KB) AllocSpace objects, 0(0B) LOS objects, 6% free, 236MB/252MB, paused 1.710ms total 62.995ms
08-03 20:22:01.417  1770  1770 D CompassActivity: will set rotation from 179.19196 to 179.195
08-03 20:22:01.417  1770  1770 D CompassActivity: will set rotation from 179.195 to 179.19519
08-03 20:22:01.422  1770  1787 I art     : Starting a blocking GC Explicit
08-03 20:22:01.435  1770  1770 D CompassActivity: will set rotation from 179.19519 to 179.18481
08-03 20:22:01.436  1770  1770 D CompassActivity: will set rotation from 179.18481 to 179.18439
08-03 20:22:01.456  1770  1770 D CompassActivity: will set rotation from 179.18439 to 179.17212
08-03 20:22:01.456  1770  1770 D CompassActivity: will set rotation from 179.17212 to 179.172
08-03 20:22:01.476  1770  1770 D CompassActivity: will set rotation from 179.172 to 179.1919
08-03 20:22:01.476  1770  1770 D CompassActivity: will set rotation from 179.1919 to 179.19202
08-03 20:22:01.490  1770  1787 I art     : Explicit concurrent mark sweep GC freed 205(10KB) AllocSpace objects, 0(0B) LOS objects, 6% free, 236MB/252MB, paused 2.370ms total 67.246ms
08-03 20:22:01.494  1770  1770 D CompassActivity: will set rotation from 179.19202 to 179.19556
08-03 20:22:01.495  1770  1770 D CompassActivity: will set rotation from 179.19556 to 179.19543
08-03 20:22:01.515  1770  1787 I art     : Starting a blocking GC Explicit
08-03 20:22:01.518  1770  1770 D CompassActivity: will set rotation from 179.19543 to 179.16956
08-03 20:22:01.519  1770  1770 D CompassActivity: will set rotation from 179.16956 to 179.17102
08-03 20:22:01.534  1770  1770 D CompassActivity: will set rotation from 179.17102 to 179.22589
08-03 20:22:01.535  1770  1770 D CompassActivity: will set rotation from 179.22589 to 179.22656
08-03 20:22:01.554  1770  1770 D CompassActivity: will set rotation from 179.22656 to 179.21191
08-03 20:22:01.555  1770  1770 D CompassActivity: will set rotation from 179.21191 to 179.21112
08-03 20:22:01.569  4180  4180 D AndroidRuntime: >>>>>> START com.android.internal.os.RuntimeInit uid 2000 <<<<<<
08-03 20:22:01.576  4180  4180 D AndroidRuntime: CheckJNI is OFF
08-03 20:22:01.576  1770  1770 D CompassActivity: will set rotation from 179.21112 to 179.23163
08-03 20:22:01.577  1770  1770 D CompassActivity: will set rotation from 179.23163 to 179.22998
08-03 20:22:01.582  1770  1787 I art     : Explicit concurrent mark sweep GC freed 202(10KB) AllocSpace objects, 0(0B) LOS objects, 6% free, 236MB/252MB, paused 1.742ms total 66.251ms
08-03 20:22:01.582  1770  1786 I art     : WaitForGcToComplete blocked for 16.783ms for cause HeapTrim
08-03 20:22:01.594  1770  1770 D CompassActivity: will set rotation from 179.22998 to 179.21643
08-03 20:22:01.594  1770  1770 D CompassActivity: will set rotation from 179.21643 to 179.21564
08-03 20:22:01.608  1770  1787 I art     : Starting a blocking GC Explicit
08-03 20:22:01.615  1770  1770 D CompassActivity: will set rotation from 179.21564 to 179.2182
08-03 20:22:01.615  1770  1770 D CompassActivity: will set rotation from 179.2182 to 179.21869
08-03 20:22:01.634  1770  1770 D CompassActivity: will set rotation from 179.21869 to 179.22375
08-03 20:22:01.635  1770  1770 D CompassActivity: will set rotation from 179.22375 to 179.22455
08-03 20:22:01.637  4180  4180 D ICU     : No timezone override file found: /data/misc/zoneinfo/current/icu/icu_tzdata.dat
08-03 20:22:01.655  1770  1770 D CompassActivity: will set rotation from 179.22455 to 179.26074
08-03 20:22:01.656  1770  1770 D CompassActivity: will set rotation from 179.26074 to 179.26099
08-03 20:22:01.674  1770  1770 D CompassActivity: will set rotation from 179.26099 to 179.22852
08-03 20:22:01.674  1770  1770 D CompassActivity: will set rotation from 179.22852 to 179.22748
08-03 20:22:01.675  1770  1787 I art     : Explicit concurrent mark sweep GC freed 204(9KB) AllocSpace objects, 0(0B) LOS objects, 6% free, 236MB/252MB, paused 2.204ms total 66.648ms
08-03 20:22:01.689  4180  4180 I Radio-JNI: register_android_hardware_Radio DONE
08-03 20:22:01.693  1770  1770 D CompassActivity: will set rotation from 179.22748 to 179.23083
08-03 20:22:01.694  1770  1770 D CompassActivity: will set rotation from 179.23083 to 179.23157
08-03 20:22:01.715  1770  1770 D CompassActivity: will set rotation from 179.23157 to 179.20172
08-03 20:22:01.715  1770  1770 D CompassActivity: will set rotation from 179.20172 to 179.20154
08-03 20:22:01.725  4180  4180 D AndroidRuntime: Calling main entry com.android.commands.input.Input
08-03 20:22:01.727  4180  4180 I Input   : injectKeyEvent: KeyEvent { action=ACTION_DOWN, keyCode=KEYCODE_BACK, scanCode=0, metaState=0, flags=0x0, repeatCount=0, eventTime=649338140, downTime=649338140, deviceId=-1, source=0x101 }
08-03 20:22:01.734  4180  4180 I Input   : injectKeyEvent: KeyEvent { action=ACTION_UP, keyCode=KEYCODE_BACK, scanCode=0, metaState=0, flags=0x0, repeatCount=0, eventTime=649338140, downTime=649338140, deviceId=-1, source=0x101 }
08-03 20:22:01.735  1770  1770 D CompassActivity: will set rotation from 179.20154 to 179.17169
08-03 20:22:01.735  1770  1770 D CompassActivity: will set rotation from 179.17169 to 179.17194
08-03 20:22:01.742  4180  4180 D AndroidRuntime: Shutting down VM
08-03 20:22:01.751   918  3359 I sensors : activate
08-03 20:22:01.751   918  6029 I sensors : activate
08-03 20:22:01.756   918  3188 I hubconnection: sensorhub said: 'activate 1 enable:0'
08-03 20:22:01.758   918  3188 I hubconnection: sensorhub said: 'activate 3 enable:0'
08-03 20:22:01.780  1770  1770 V MainActivity: url = https://project-travel-mate.herokuapp.com/api/number-of-unread-notifications
08-03 20:22:01.900 13866 13866 I GoogleInputMethodServic: GoogleInputMethodService.onFinishInput():3138 
08-03 20:22:01.901 13866 13866 I GoogleInputMethodServic: GoogleInputMethodService.onStartInput():1808 
08-03 20:22:02.132  1770  1788 I art     : Starting a blocking GC Explicit
08-03 20:22:02.164  1770  1770 D CompassActivity: stop compass
08-03 20:22:02.164   380   380 W SurfaceFlinger: couldn't log to binary event log: overflow.
08-03 20:22:02.200  1770  1788 I art     : Explicit concurrent mark sweep GC freed 2323(125KB) AllocSpace objects, 2(48KB) LOS objects, 6% free, 236MB/252MB, paused 1.699ms total 67.089ms
08-03 20:22:02.223  1770  1788 I art     : Starting a blocking GC Explicit
08-03 20:22:02.289  1770  1788 I art     : Explicit concurrent mark sweep GC freed 1285(81KB) AllocSpace objects, 2(120KB) LOS objects, 6% free, 236MB/252MB, paused 2.564ms total 65.847ms
08-03 20:22:02.314  1770  1788 I art     : Starting a blocking GC Explicit
08-03 20:22:02.339  1770  4203 I NAPPA_EXPERIMENTATION: MetricNetworkRequestExecutionTime: REQUEST_DURATION_SYSTEM='557',REQUEST_DURATION_OKHTTP='35',REQUEST_SYNCHRONOUS='FALSE',RESPONSE_CODE='200',RESPONSE_METHOD='GET',RESPONSE_LENGTH_OKHTTP='36',RESPONSE_LENGTH_HEADER='36',REQUEST_PROTOCOL='http/1.1',REQUEST_URL='https://project-travel-mate.herokuapp.com/api/number-of-unread-notifications',
08-03 20:22:02.404  1770  1788 I art     : Explicit concurrent mark sweep GC freed 3687(250KB) AllocSpace objects, 4(52MB) LOS objects, 7% free, 184MB/200MB, paused 2.225ms total 89.772ms
08-03 20:22:02.430  1770  1788 I art     : Starting a blocking GC Explicit
08-03 20:22:02.499  1770  1788 I art     : Explicit concurrent mark sweep GC freed 274(22KB) AllocSpace objects, 0(0B) LOS objects, 7% free, 184MB/200MB, paused 2.052ms total 68.660ms
08-03 20:22:02.525  1770  1788 I art     : Starting a blocking GC Explicit
08-03 20:22:02.595  1770  1788 I art     : Explicit concurrent mark sweep GC freed 14(720B) AllocSpace objects, 0(0B) LOS objects, 7% free, 184MB/200MB, paused 1.891ms total 69.448ms
08-03 20:22:03.063  1770  1834 I art     : Starting a blocking GC Explicit
08-03 20:22:03.138  1770  1834 I art     : Explicit concurrent mark sweep GC freed 1646(94KB) AllocSpace objects, 2(48KB) LOS objects, 7% free, 184MB/200MB, paused 1.940ms total 74.102ms
08-03 20:22:03.163  1770  1834 I art     : Starting a blocking GC Explicit
08-03 20:22:03.231  1770  1834 I art     : Explicit concurrent mark sweep GC freed 38(1568B) AllocSpace objects, 0(0B) LOS objects, 7% free, 184MB/200MB, paused 2.001ms total 67.173ms
08-03 20:22:03.256  1770  1834 I art     : Starting a blocking GC Explicit
08-03 20:22:03.322  1770  1834 I art     : Explicit concurrent mark sweep GC freed 3(96B) AllocSpace objects, 0(0B) LOS objects, 7% free, 184MB/200MB, paused 1.978ms total 65.101ms
08-03 20:22:03.347  1770  1834 I art     : Starting a blocking GC Explicit
08-03 20:22:03.417  1770  1834 I art     : Explicit concurrent mark sweep GC freed 4(128B) AllocSpace objects, 0(0B) LOS objects, 7% free, 184MB/200MB, paused 2.033ms total 70.048ms
08-03 20:22:03.451  1770  1834 I art     : Starting a blocking GC Explicit
08-03 20:22:03.522  1770  1834 I art     : Explicit concurrent mark sweep GC freed 11(352B) AllocSpace objects, 0(0B) LOS objects, 7% free, 184MB/200MB, paused 1.706ms total 71.024ms
08-03 20:22:03.612  4225  4225 D AndroidRuntime: >>>>>> START com.android.internal.os.RuntimeInit uid 2000 <<<<<<
08-03 20:22:03.619  4225  4225 D AndroidRuntime: CheckJNI is OFF
08-03 20:22:03.688  4225  4225 D ICU     : No timezone override file found: /data/misc/zoneinfo/current/icu/icu_tzdata.dat
08-03 20:22:03.729  4225  4225 I Radio-JNI: register_android_hardware_Radio DONE
08-03 20:22:03.760  4225  4225 D AndroidRuntime: Calling main entry com.android.commands.input.Input
08-03 20:22:03.762  4225  4225 I Input   : injectMotionEvent: MotionEvent { action=ACTION_DOWN, actionButton=0, id[0]=0, x[0]=500.0, y[0]=2000.0, toolType[0]=TOOL_TYPE_UNKNOWN, buttonState=0, metaState=0, flags=0x0, edgeFlags=0x0, pointerCount=1, historySize=0, eventTime=649340175, downTime=649340175, deviceId=0, source=0x1002 }
08-03 20:22:03.768  4225  4225 I Input   : injectMotionEvent: MotionEvent { action=ACTION_MOVE, actionButton=0, id[0]=0, x[0]=500.0, y[0]=2000.0, toolType[0]=TOOL_TYPE_UNKNOWN, buttonState=0, metaState=0, flags=0x0, edgeFlags=0x0, pointerCount=1, historySize=0, eventTime=649340175, downTime=649340175, deviceId=0, source=0x1002 }
08-03 20:22:03.784  4225  4225 I Input   : injectMotionEvent: MotionEvent { action=ACTION_MOVE, actionButton=0, id[0]=0, x[0]=500.0, y[0]=1958.2, toolType[0]=TOOL_TYPE_UNKNOWN, buttonState=0, metaState=0, flags=0x0, edgeFlags=0x0, pointerCount=1, historySize=0, eventTime=649340197, downTime=649340197, deviceId=0, source=0x1002 }
08-03 20:22:03.801  4225  4225 I Input   : injectMotionEvent: MotionEvent { action=ACTION_MOVE, actionButton=0, id[0]=0, x[0]=500.0, y[0]=1925.9, toolType[0]=TOOL_TYPE_UNKNOWN, buttonState=0, metaState=0, flags=0x0, edgeFlags=0x0, pointerCount=1, historySize=0, eventTime=649340214, downTime=649340214, deviceId=0, source=0x1002 }
08-03 20:22:03.829  4225  4225 I Input   : injectMotionEvent: MotionEvent { action=ACTION_MOVE, actionButton=0, id[0]=0, x[0]=500.0, y[0]=1872.7, toolType[0]=TOOL_TYPE_UNKNOWN, buttonState=0, metaState=0, flags=0x0, edgeFlags=0x0, pointerCount=1, historySize=0, eventTime=649340242, downTime=649340242, deviceId=0, source=0x1002 }
08-03 20:22:03.852  4225  4225 I Input   : injectMotionEvent: MotionEvent { action=ACTION_MOVE, actionButton=0, id[0]=0, x[0]=500.0, y[0]=1829.0, toolType[0]=TOOL_TYPE_UNKNOWN, buttonState=0, metaState=0, flags=0x0, edgeFlags=0x0, pointerCount=1, historySize=0, eventTime=649340265, downTime=649340265, deviceId=0, source=0x1002 }
08-03 20:22:03.871  4225  4225 I Input   : injectMotionEvent: MotionEvent { action=ACTION_MOVE, actionButton=0, id[0]=0, x[0]=500.0, y[0]=1792.9, toolType[0]=TOOL_TYPE_UNKNOWN, buttonState=0, metaState=0, flags=0x0, edgeFlags=0x0, pointerCount=1, historySize=0, eventTime=649340284, downTime=649340284, deviceId=0, source=0x1002 }
08-03 20:22:03.886  4225  4225 I Input   : injectMotionEvent: MotionEvent { action=ACTION_MOVE, actionButton=0, id[0]=0, x[0]=500.0, y[0]=1764.4, toolType[0]=TOOL_TYPE_UNKNOWN, buttonState=0, metaState=0, flags=0x0, edgeFlags=0x0, pointerCount=1, historySize=0, eventTime=649340299, downTime=649340299, deviceId=0, source=0x1002 }
08-03 20:22:03.907  4225  4225 I Input   : injectMotionEvent: MotionEvent { action=ACTION_MOVE, actionButton=0, id[0]=0, x[0]=500.0, y[0]=1722.6, toolType[0]=TOOL_TYPE_UNKNOWN, buttonState=0, metaState=0, flags=0x0, edgeFlags=0x0, pointerCount=1, historySize=0, eventTime=649340321, downTime=649340321, deviceId=0, source=0x1002 }
08-03 20:22:03.926  4225  4225 I Input   : injectMotionEvent: MotionEvent { action=ACTION_MOVE, actionButton=0, id[0]=0, x[0]=500.0, y[0]=1688.4, toolType[0]=TOOL_TYPE_UNKNOWN, buttonState=0, metaState=0, flags=0x0, edgeFlags=0x0, pointerCount=1, historySize=0, eventTime=649340339, downTime=649340339, deviceId=0, source=0x1002 }
08-03 20:22:03.939  4225  4225 I Input   : injectMotionEvent: MotionEvent { action=ACTION_MOVE, actionButton=0, id[0]=0, x[0]=500.0, y[0]=1663.7, toolType[0]=TOOL_TYPE_UNKNOWN, buttonState=0, metaState=0, flags=0x0, edgeFlags=0x0, pointerCount=1, historySize=0, eventTime=649340352, downTime=649340352, deviceId=0, source=0x1002 }
08-03 20:22:03.959  4225  4225 I Input   : injectMotionEvent: MotionEvent { action=ACTION_MOVE, actionButton=0, id[0]=0, x[0]=500.0, y[0]=1625.7, toolType[0]=TOOL_TYPE_UNKNOWN, buttonState=0, metaState=0, flags=0x0, edgeFlags=0x0, pointerCount=1, historySize=0, eventTime=649340372, downTime=649340372, deviceId=0, source=0x1002 }
08-03 20:22:03.970  4225  4225 I Input   : injectMotionEvent: MotionEvent { action=ACTION_MOVE, actionButton=0, id[0]=0, x[0]=500.0, y[0]=1604.8, toolType[0]=TOOL_TYPE_UNKNOWN, buttonState=0, metaState=0, flags=0x0, edgeFlags=0x0, pointerCount=1, historySize=0, eventTime=649340383, downTime=649340383, deviceId=0, source=0x1002 }
08-03 20:22:03.989  4225  4225 I Input   : injectMotionEvent: MotionEvent { action=ACTION_MOVE, actionButton=0, id[0]=0, x[0]=500.0, y[0]=1568.7, toolType[0]=TOOL_TYPE_UNKNOWN, buttonState=0, metaState=0, flags=0x0, edgeFlags=0x0, pointerCount=1, historySize=0, eventTime=649340402, downTime=649340402, deviceId=0, source=0x1002 }
08-03 20:22:04.002  4225  4225 I Input   : injectMotionEvent: MotionEvent { action=ACTION_MOVE, actionButton=0, id[0]=0, x[0]=500.0, y[0]=1544.0, toolType[0]=TOOL_TYPE_UNKNOWN, buttonState=0, metaState=0, flags=0x0, edgeFlags=0x0, pointerCount=1, historySize=0, eventTime=649340415, downTime=649340415, deviceId=0, source=0x1002 }
08-03 20:22:04.014  1770  2379 I art     : Starting a blocking GC Explicit
08-03 20:22:04.021  4225  4225 I Input   : injectMotionEvent: MotionEvent { action=ACTION_MOVE, actionButton=0, id[0]=0, x[0]=500.0, y[0]=1506.0, toolType[0]=TOOL_TYPE_UNKNOWN, buttonState=0, metaState=0, flags=0x0, edgeFlags=0x0, pointerCount=1, historySize=0, eventTime=649340435, downTime=649340435, deviceId=0, source=0x1002 }
08-03 20:22:04.038  4225  4225 I Input   : injectMotionEvent: MotionEvent { action=ACTION_MOVE, actionButton=0, id[0]=0, x[0]=500.0, y[0]=1473.7, toolType[0]=TOOL_TYPE_UNKNOWN, buttonState=0, metaState=0, flags=0x0, edgeFlags=0x0, pointerCount=1, historySize=0, eventTime=649340452, downTime=649340452, deviceId=0, source=0x1002 }
08-03 20:22:04.052  4225  4225 I Input   : injectMotionEvent: MotionEvent { action=ACTION_MOVE, actionButton=0, id[0]=0, x[0]=500.0, y[0]=1449.0, toolType[0]=TOOL_TYPE_UNKNOWN, buttonState=0, metaState=0, flags=0x0, edgeFlags=0x0, pointerCount=1, historySize=0, eventTime=649340465, downTime=649340465, deviceId=0, source=0x1002 }
08-03 20:22:04.073  4225  4225 I Input   : injectMotionEvent: MotionEvent { action=ACTION_MOVE, actionButton=0, id[0]=0, x[0]=500.0, y[0]=1409.1001, toolType[0]=TOOL_TYPE_UNKNOWN, buttonState=0, metaState=0, flags=0x0, edgeFlags=0x0, pointerCount=1, historySize=0, eventTime=649340486, downTime=649340486, deviceId=0, source=0x1002 }
08-03 20:22:04.088  4225  4225 I Input   : injectMotionEvent: MotionEvent { action=ACTION_MOVE, actionButton=0, id[0]=0, x[0]=500.0, y[0]=1380.6, toolType[0]=TOOL_TYPE_UNKNOWN, buttonState=0, metaState=0, flags=0x0, edgeFlags=0x0, pointerCount=1, historySize=0, eventTime=649340501, downTime=649340501, deviceId=0, source=0x1002 }
08-03 20:22:04.094  1770  2379 I art     : Explicit concurrent mark sweep GC freed 1700(95KB) AllocSpace objects, 2(48KB) LOS objects, 7% free, 184MB/200MB, paused 2.182ms total 80.341ms
08-03 20:22:04.106  4225  4225 I Input   : injectMotionEvent: MotionEvent { action=ACTION_MOVE, actionButton=0, id[0]=0, x[0]=500.0, y[0]=1346.3999, toolType[0]=TOOL_TYPE_UNKNOWN, buttonState=0, metaState=0, flags=0x0, edgeFlags=0x0, pointerCount=1, historySize=0, eventTime=649340519, downTime=649340519, deviceId=0, source=0x1002 }
08-03 20:22:04.120  4225  4225 I Input   : injectMotionEvent: MotionEvent { action=ACTION_MOVE, actionButton=0, id[0]=0, x[0]=500.0, y[0]=1317.9, toolType[0]=TOOL_TYPE_UNKNOWN, buttonState=0, metaState=0, flags=0x0, edgeFlags=0x0, pointerCount=1, historySize=0, eventTime=649340534, downTime=649340534, deviceId=0, source=0x1002 }
08-03 20:22:04.127  1770  2379 I art     : Starting a blocking GC Explicit
08-03 20:22:04.141  4225  4225 I Input   : injectMotionEvent: MotionEvent { action=ACTION_MOVE, actionButton=0, id[0]=0, x[0]=500.0, y[0]=1279.8999, toolType[0]=TOOL_TYPE_UNKNOWN, buttonState=0, metaState=0, flags=0x0, edgeFlags=0x0, pointerCount=1, historySize=0, eventTime=649340554, downTime=649340554, deviceId=0, source=0x1002 }
08-03 20:22:04.155  4225  4225 I Input   : injectMotionEvent: MotionEvent { action=ACTION_MOVE, actionButton=0, id[0]=0, x[0]=500.0, y[0]=1253.3, toolType[0]=TOOL_TYPE_UNKNOWN, buttonState=0, metaState=0, flags=0x0, edgeFlags=0x0, pointerCount=1, historySize=0, eventTime=649340568, downTime=649340568, deviceId=0, source=0x1002 }
08-03 20:22:04.172  4225  4225 I Input   : injectMotionEvent: MotionEvent { action=ACTION_MOVE, actionButton=0, id[0]=0, x[0]=500.0, y[0]=1219.1, toolType[0]=TOOL_TYPE_UNKNOWN, buttonState=0, metaState=0, flags=0x0, edgeFlags=0x0, pointerCount=1, historySize=0, eventTime=649340586, downTime=649340586, deviceId=0, source=0x1002 }
08-03 20:22:04.185  4225  4225 I Input   : injectMotionEvent: MotionEvent { action=ACTION_MOVE, actionButton=0, id[0]=0, x[0]=500.0, y[0]=1196.3, toolType[0]=TOOL_TYPE_UNKNOWN, buttonState=0, metaState=0, flags=0x0, edgeFlags=0x0, pointerCount=1, historySize=0, eventTime=649340598, downTime=649340598, deviceId=0, source=0x1002 }
08-03 20:22:04.208  1770  2379 I art     : Explicit concurrent mark sweep GC freed 54(2160B) AllocSpace objects, 0(0B) LOS objects, 7% free, 184MB/200MB, paused 2.559ms total 81.580ms
08-03 20:22:04.233  1770  2379 I art     : Starting a blocking GC Explicit
08-03 20:22:04.262  4225  4225 I Input   : injectMotionEvent: MotionEvent { action=ACTION_MOVE, actionButton=0, id[0]=0, x[0]=500.0, y[0]=1050.0, toolType[0]=TOOL_TYPE_UNKNOWN, buttonState=0, metaState=0, flags=0x0, edgeFlags=0x0, pointerCount=1, historySize=0, eventTime=649340675, downTime=649340675, deviceId=0, source=0x1002 }
08-03 20:22:04.299  1770  2379 I art     : Explicit concurrent mark sweep GC freed 5(160B) AllocSpace objects, 0(0B) LOS objects, 7% free, 184MB/200MB, paused 1.845ms total 65.290ms
08-03 20:22:04.325  1770  2379 I art     : Starting a blocking GC Explicit
08-03 20:22:04.329  4225  4225 I Input   : injectMotionEvent: MotionEvent { action=ACTION_MOVE, actionButton=0, id[0]=0, x[0]=500.0, y[0]=922.7001, toolType[0]=TOOL_TYPE_UNKNOWN, buttonState=0, metaState=0, flags=0x0, edgeFlags=0x0, pointerCount=1, historySize=0, eventTime=649340742, downTime=649340742, deviceId=0, source=0x1002 }
08-03 20:22:04.389  1770  2379 I art     : Explicit concurrent mark sweep GC freed 3(96B) AllocSpace objects, 0(0B) LOS objects, 7% free, 184MB/200MB, paused 1.801ms total 63.864ms
08-03 20:22:04.397  4225  4225 I Input   : injectMotionEvent: MotionEvent { action=ACTION_MOVE, actionButton=0, id[0]=0, x[0]=500.0, y[0]=791.6001, toolType[0]=TOOL_TYPE_UNKNOWN, buttonState=0, metaState=0, flags=0x0, edgeFlags=0x0, pointerCount=1, historySize=0, eventTime=649340811, downTime=649340811, deviceId=0, source=0x1002 }
08-03 20:22:04.411  1770  2379 I art     : Starting a blocking GC Explicit
08-03 20:22:04.463  4225  4225 I Input   : injectMotionEvent: MotionEvent { action=ACTION_MOVE, actionButton=0, id[0]=0, x[0]=500.0, y[0]=668.1001, toolType[0]=TOOL_TYPE_UNKNOWN, buttonState=0, metaState=0, flags=0x0, edgeFlags=0x0, pointerCount=1, historySize=0, eventTime=649340876, downTime=649340876, deviceId=0, source=0x1002 }
08-03 20:22:04.472  1770  2379 I art     : Explicit concurrent mark sweep GC freed 3(96B) AllocSpace objects, 0(0B) LOS objects, 7% free, 184MB/200MB, paused 1.752ms total 60.801ms
08-03 20:22:04.528  4225  4225 I Input   : injectMotionEvent: MotionEvent { action=ACTION_MOVE, actionButton=0, id[0]=0, x[0]=500.0, y[0]=542.69995, toolType[0]=TOOL_TYPE_UNKNOWN, buttonState=0, metaState=0, flags=0x0, edgeFlags=0x0, pointerCount=1, historySize=0, eventTime=649340942, downTime=649340942, deviceId=0, source=0x1002 }
08-03 20:22:04.598  4225  4225 I Input   : injectMotionEvent: MotionEvent { action=ACTION_MOVE, actionButton=0, id[0]=0, x[0]=500.0, y[0]=411.59998, toolType[0]=TOOL_TYPE_UNKNOWN, buttonState=0, metaState=0, flags=0x0, edgeFlags=0x0, pointerCount=1, historySize=0, eventTime=649341011, downTime=649341011, deviceId=0, source=0x1002 }
08-03 20:22:04.653  4225  4225 I Input   : injectMotionEvent: MotionEvent { action=ACTION_MOVE, actionButton=0, id[0]=0, x[0]=500.0, y[0]=307.1001, toolType[0]=TOOL_TYPE_UNKNOWN, buttonState=0, metaState=0, flags=0x0, edgeFlags=0x0, pointerCount=1, historySize=0, eventTime=649341066, downTime=649341066, deviceId=0, source=0x1002 }
08-03 20:22:04.691  4225  4225 I Input   : injectMotionEvent: MotionEvent { action=ACTION_MOVE, actionButton=0, id[0]=0, x[0]=500.0, y[0]=234.8999, toolType[0]=TOOL_TYPE_UNKNOWN, buttonState=0, metaState=0, flags=0x0, edgeFlags=0x0, pointerCount=1, historySize=0, eventTime=649341104, downTime=649341104, deviceId=0, source=0x1002 }
08-03 20:22:04.730  4225  4225 I Input   : injectMotionEvent: MotionEvent { action=ACTION_MOVE, actionButton=0, id[0]=0, x[0]=500.0, y[0]=160.80005, toolType[0]=TOOL_TYPE_UNKNOWN, buttonState=0, metaState=0, flags=0x0, edgeFlags=0x0, pointerCount=1, historySize=0, eventTime=649341143, downTime=649341143, deviceId=0, source=0x1002 }
08-03 20:22:04.771  4225  4225 I Input   : injectMotionEvent: MotionEvent { action=ACTION_UP, actionButton=0, id[0]=0, x[0]=500.0, y[0]=100.0, toolType[0]=TOOL_TYPE_UNKNOWN, buttonState=0, metaState=0, flags=0x0, edgeFlags=0x0, pointerCount=1, historySize=0, eventTime=649341185, downTime=649341185, deviceId=0, source=0x1002 }
08-03 20:22:04.811  4225  4225 D AndroidRuntime: Shutting down VM
08-03 20:22:04.930  1770  1834 I art     : Starting a blocking GC Explicit
08-03 20:22:05.006  1770  1834 I art     : Explicit concurrent mark sweep GC freed 1655(94KB) AllocSpace objects, 2(48KB) LOS objects, 7% free, 184MB/200MB, paused 2.166ms total 75.309ms
08-03 20:22:05.038  1770  1834 I art     : Starting a blocking GC Explicit
08-03 20:22:05.103  1770  1834 I art     : Explicit concurrent mark sweep GC freed 42(1456B) AllocSpace objects, 0(0B) LOS objects, 7% free, 184MB/200MB, paused 1.901ms total 64.425ms
08-03 20:22:05.128  1770  1834 I art     : Starting a blocking GC Explicit
08-03 20:22:05.198  1770  1834 I art     : Explicit concurrent mark sweep GC freed 4(128B) AllocSpace objects, 0(0B) LOS objects, 7% free, 184MB/200MB, paused 2.146ms total 69.218ms
08-03 20:22:05.221  1770  1834 I art     : Starting a blocking GC Explicit
08-03 20:22:05.290  1770  1834 I art     : Explicit concurrent mark sweep GC freed 8(256B) AllocSpace objects, 0(0B) LOS objects, 7% free, 184MB/200MB, paused 1.890ms total 67.895ms
08-03 20:22:05.313  1770  1834 I art     : Starting a blocking GC Explicit
08-03 20:22:05.374  1770  1834 I art     : Explicit concurrent mark sweep GC freed 7(224B) AllocSpace objects, 0(0B) LOS objects, 7% free, 184MB/200MB, paused 1.739ms total 60.789ms
08-03 20:22:05.694  4264  4264 D AndroidRuntime: >>>>>> START com.android.internal.os.RuntimeInit uid 2000 <<<<<<
08-03 20:22:05.702  4264  4264 D AndroidRuntime: CheckJNI is OFF
08-03 20:22:05.764  4264  4264 D ICU     : No timezone override file found: /data/misc/zoneinfo/current/icu/icu_tzdata.dat
08-03 20:22:05.810  4264  4264 I Radio-JNI: register_android_hardware_Radio DONE
08-03 20:22:05.812  1770  2041 I art     : Starting a blocking GC Explicit
08-03 20:22:05.847  4264  4264 D AndroidRuntime: Calling main entry com.android.commands.input.Input
08-03 20:22:05.849  4264  4264 I Input   : injectMotionEvent: MotionEvent { action=ACTION_DOWN, actionButton=0, id[0]=0, x[0]=500.0, y[0]=2000.0, toolType[0]=TOOL_TYPE_UNKNOWN, buttonState=0, metaState=0, flags=0x0, edgeFlags=0x0, pointerCount=1, historySize=0, eventTime=649342262, downTime=649342262, deviceId=0, source=0x1002 }
08-03 20:22:05.854  4264  4264 I Input   : injectMotionEvent: MotionEvent { action=ACTION_MOVE, actionButton=0, id[0]=0, x[0]=500.0, y[0]=2000.0, toolType[0]=TOOL_TYPE_UNKNOWN, buttonState=0, metaState=0, flags=0x0, edgeFlags=0x0, pointerCount=1, historySize=0, eventTime=649342262, downTime=649342262, deviceId=0, source=0x1002 }
08-03 20:22:05.869  4264  4264 I Input   : injectMotionEvent: MotionEvent { action=ACTION_MOVE, actionButton=0, id[0]=0, x[0]=500.0, y[0]=1962.0, toolType[0]=TOOL_TYPE_UNKNOWN, buttonState=0, metaState=0, flags=0x0, edgeFlags=0x0, pointerCount=1, historySize=0, eventTime=649342282, downTime=649342282, deviceId=0, source=0x1002 }
08-03 20:22:05.879  1770  2041 I art     : Explicit concurrent mark sweep GC freed 1647(94KB) AllocSpace objects, 2(48KB) LOS objects, 7% free, 184MB/200MB, paused 2.456ms total 66.802ms
08-03 20:22:05.885  4264  4264 I Input   : injectMotionEvent: MotionEvent { action=ACTION_MOVE, actionButton=0, id[0]=0, x[0]=500.0, y[0]=1929.7, toolType[0]=TOOL_TYPE_UNKNOWN, buttonState=0, metaState=0, flags=0x0, edgeFlags=0x0, pointerCount=1, historySize=0, eventTime=649342299, downTime=649342299, deviceId=0, source=0x1002 }
08-03 20:22:05.903  4264  4264 I Input   : injectMotionEvent: MotionEvent { action=ACTION_MOVE, actionButton=0, id[0]=0, x[0]=500.0, y[0]=1895.5, toolType[0]=TOOL_TYPE_UNKNOWN, buttonState=0, metaState=0, flags=0x0, edgeFlags=0x0, pointerCount=1, historySize=0, eventTime=649342317, downTime=649342317, deviceId=0, source=0x1002 }
08-03 20:22:05.906  1770  2041 I art     : Starting a blocking GC Explicit
08-03 20:22:05.953  4264  4264 I Input   : injectMotionEvent: MotionEvent { action=ACTION_MOVE, actionButton=0, id[0]=0, x[0]=500.0, y[0]=1800.5, toolType[0]=TOOL_TYPE_UNKNOWN, buttonState=0, metaState=0, flags=0x0, edgeFlags=0x0, pointerCount=1, historySize=0, eventTime=649342367, downTime=649342367, deviceId=0, source=0x1002 }
08-03 20:22:05.974  1770  2041 I art     : Explicit concurrent mark sweep GC freed 62(2528B) AllocSpace objects, 0(0B) LOS objects, 7% free, 184MB/200MB, paused 1.801ms total 68.231ms
08-03 20:22:05.993  4264  4264 I Input   : injectMotionEvent: MotionEvent { action=ACTION_MOVE, actionButton=0, id[0]=0, x[0]=500.0, y[0]=1726.4, toolType[0]=TOOL_TYPE_UNKNOWN, buttonState=0, metaState=0, flags=0x0, edgeFlags=0x0, pointerCount=1, historySize=0, eventTime=649342406, downTime=649342406, deviceId=0, source=0x1002 }
08-03 20:22:05.998  1770  2041 I art     : Starting a blocking GC Explicit
08-03 20:22:06.031  4264  4264 I Input   : injectMotionEvent: MotionEvent { action=ACTION_MOVE, actionButton=0, id[0]=0, x[0]=500.0, y[0]=1652.3, toolType[0]=TOOL_TYPE_UNKNOWN, buttonState=0, metaState=0, flags=0x0, edgeFlags=0x0, pointerCount=1, historySize=0, eventTime=649342445, downTime=649342445, deviceId=0, source=0x1002 }
08-03 20:22:06.059  1770  2041 I art     : Explicit concurrent mark sweep GC freed 13(416B) AllocSpace objects, 0(0B) LOS objects, 7% free, 184MB/200MB, paused 1.880ms total 60.553ms
08-03 20:22:06.071  4264  4264 I Input   : injectMotionEvent: MotionEvent { action=ACTION_MOVE, actionButton=0, id[0]=0, x[0]=500.0, y[0]=1578.2, toolType[0]=TOOL_TYPE_UNKNOWN, buttonState=0, metaState=0, flags=0x0, edgeFlags=0x0, pointerCount=1, historySize=0, eventTime=649342484, downTime=649342484, deviceId=0, source=0x1002 }
08-03 20:22:06.082  1770  2041 I art     : Starting a blocking GC Explicit
08-03 20:22:06.108  4264  4264 I Input   : injectMotionEvent: MotionEvent { action=ACTION_MOVE, actionButton=0, id[0]=0, x[0]=500.0, y[0]=1507.9, toolType[0]=TOOL_TYPE_UNKNOWN, buttonState=0, metaState=0, flags=0x0, edgeFlags=0x0, pointerCount=1, historySize=0, eventTime=649342521, downTime=649342521, deviceId=0, source=0x1002 }
08-03 20:22:06.147  1770  2041 I art     : Explicit concurrent mark sweep GC freed 10(320B) AllocSpace objects, 0(0B) LOS objects, 7% free, 184MB/200MB, paused 1.795ms total 64.479ms
08-03 20:22:06.148  4264  4264 I Input   : injectMotionEvent: MotionEvent { action=ACTION_MOVE, actionButton=0, id[0]=0, x[0]=500.0, y[0]=1431.9, toolType[0]=TOOL_TYPE_UNKNOWN, buttonState=0, metaState=0, flags=0x0, edgeFlags=0x0, pointerCount=1, historySize=0, eventTime=649342561, downTime=649342561, deviceId=0, source=0x1002 }
08-03 20:22:06.170  1770  2041 I art     : Starting a blocking GC Explicit
08-03 20:22:06.186  4264  4264 I Input   : injectMotionEvent: MotionEvent { action=ACTION_MOVE, actionButton=0, id[0]=0, x[0]=500.0, y[0]=1359.7, toolType[0]=TOOL_TYPE_UNKNOWN, buttonState=0, metaState=0, flags=0x0, edgeFlags=0x0, pointerCount=1, historySize=0, eventTime=649342599, downTime=649342599, deviceId=0, source=0x1002 }
08-03 20:22:06.223  4264  4264 I Input   : injectMotionEvent: MotionEvent { action=ACTION_MOVE, actionButton=0, id[0]=0, x[0]=500.0, y[0]=1287.5, toolType[0]=TOOL_TYPE_UNKNOWN, buttonState=0, metaState=0, flags=0x0, edgeFlags=0x0, pointerCount=1, historySize=0, eventTime=649342637, downTime=649342637, deviceId=0, source=0x1002 }
08-03 20:22:06.234  1770  2041 I art     : Explicit concurrent mark sweep GC freed 9(288B) AllocSpace objects, 0(0B) LOS objects, 7% free, 184MB/200MB, paused 1.690ms total 64.009ms
08-03 20:22:06.260  4264  4264 I Input   : injectMotionEvent: MotionEvent { action=ACTION_MOVE, actionButton=0, id[0]=0, x[0]=500.0, y[0]=1217.2, toolType[0]=TOOL_TYPE_UNKNOWN, buttonState=0, metaState=0, flags=0x0, edgeFlags=0x0, pointerCount=1, historySize=0, eventTime=649342674, downTime=649342674, deviceId=0, source=0x1002 }
08-03 20:22:06.299  4264  4264 I Input   : injectMotionEvent: MotionEvent { action=ACTION_MOVE, actionButton=0, id[0]=0, x[0]=500.0, y[0]=1145.0, toolType[0]=TOOL_TYPE_UNKNOWN, buttonState=0, metaState=0, flags=0x0, edgeFlags=0x0, pointerCount=1, historySize=0, eventTime=649342712, downTime=649342712, deviceId=0, source=0x1002 }
08-03 20:22:06.335  4264  4264 I Input   : injectMotionEvent: MotionEvent { action=ACTION_MOVE, actionButton=0, id[0]=0, x[0]=500.0, y[0]=1076.6, toolType[0]=TOOL_TYPE_UNKNOWN, buttonState=0, metaState=0, flags=0x0, edgeFlags=0x0, pointerCount=1, historySize=0, eventTime=649342748, downTime=649342748, deviceId=0, source=0x1002 }
08-03 20:22:06.373  4264  4264 I Input   : injectMotionEvent: MotionEvent { action=ACTION_MOVE, actionButton=0, id[0]=0, x[0]=500.0, y[0]=1004.4, toolType[0]=TOOL_TYPE_UNKNOWN, buttonState=0, metaState=0, flags=0x0, edgeFlags=0x0, pointerCount=1, historySize=0, eventTime=649342786, downTime=649342786, deviceId=0, source=0x1002 }
08-03 20:22:06.410  4264  4264 I Input   : injectMotionEvent: MotionEvent { action=ACTION_MOVE, actionButton=0, id[0]=0, x[0]=500.0, y[0]=932.2001, toolType[0]=TOOL_TYPE_UNKNOWN, buttonState=0, metaState=0, flags=0x0, edgeFlags=0x0, pointerCount=1, historySize=0, eventTime=649342824, downTime=649342824, deviceId=0, source=0x1002 }
08-03 20:22:06.451  4264  4264 I Input   : injectMotionEvent: MotionEvent { action=ACTION_MOVE, actionButton=0, id[0]=0, x[0]=500.0, y[0]=856.19995, toolType[0]=TOOL_TYPE_UNKNOWN, buttonState=0, metaState=0, flags=0x0, edgeFlags=0x0, pointerCount=1, historySize=0, eventTime=649342864, downTime=649342864, deviceId=0, source=0x1002 }
08-03 20:22:06.489  4264  4264 I Input   : injectMotionEvent: MotionEvent { action=ACTION_MOVE, actionButton=0, id[0]=0, x[0]=500.0, y[0]=784.0, toolType[0]=TOOL_TYPE_UNKNOWN, buttonState=0, metaState=0, flags=0x0, edgeFlags=0x0, pointerCount=1, historySize=0, eventTime=649342902, downTime=649342902, deviceId=0, source=0x1002 }
08-03 20:22:06.533  4264  4264 I Input   : injectMotionEvent: MotionEvent { action=ACTION_MOVE, actionButton=0, id[0]=0, x[0]=500.0, y[0]=700.4, toolType[0]=TOOL_TYPE_UNKNOWN, buttonState=0, metaState=0, flags=0x0, edgeFlags=0x0, pointerCount=1, historySize=0, eventTime=649342946, downTime=649342946, deviceId=0, source=0x1002 }
08-03 20:22:06.573  4264  4264 I Input   : injectMotionEvent: MotionEvent { action=ACTION_MOVE, actionButton=0, id[0]=0, x[0]=500.0, y[0]=624.4, toolType[0]=TOOL_TYPE_UNKNOWN, buttonState=0, metaState=0, flags=0x0, edgeFlags=0x0, pointerCount=1, historySize=0, eventTime=649342986, downTime=649342986, deviceId=0, source=0x1002 }
08-03 20:22:06.613  4264  4264 I Input   : injectMotionEvent: MotionEvent { action=ACTION_MOVE, actionButton=0, id[0]=0, x[0]=500.0, y[0]=550.2999, toolType[0]=TOOL_TYPE_UNKNOWN, buttonState=0, metaState=0, flags=0x0, edgeFlags=0x0, pointerCount=1, historySize=0, eventTime=649343025, downTime=649343025, deviceId=0, source=0x1002 }
08-03 20:22:06.650  4264  4264 I Input   : injectMotionEvent: MotionEvent { action=ACTION_MOVE, actionButton=0, id[0]=0, x[0]=500.0, y[0]=478.09998, toolType[0]=TOOL_TYPE_UNKNOWN, buttonState=0, metaState=0, flags=0x0, edgeFlags=0x0, pointerCount=1, historySize=0, eventTime=649343063, downTime=649343063, deviceId=0, source=0x1002 }
08-03 20:22:06.695  1770  1788 I art     : Starting a blocking GC Explicit
08-03 20:22:06.697  4264  4264 I Input   : injectMotionEvent: MotionEvent { action=ACTION_MOVE, actionButton=0, id[0]=0, x[0]=500.0, y[0]=388.80005, toolType[0]=TOOL_TYPE_UNKNOWN, buttonState=0, metaState=0, flags=0x0, edgeFlags=0x0, pointerCount=1, historySize=0, eventTime=649343110, downTime=649343110, deviceId=0, source=0x1002 }
08-03 20:22:06.733  4264  4264 I Input   : injectMotionEvent: MotionEvent { action=ACTION_MOVE, actionButton=0, id[0]=0, x[0]=500.0, y[0]=320.40002, toolType[0]=TOOL_TYPE_UNKNOWN, buttonState=0, metaState=0, flags=0x0, edgeFlags=0x0, pointerCount=1, historySize=0, eventTime=649343146, downTime=649343146, deviceId=0, source=0x1002 }
08-03 20:22:06.756  1770  1788 I art     : Explicit concurrent mark sweep GC freed 1623(93KB) AllocSpace objects, 2(48KB) LOS objects, 7% free, 184MB/200MB, paused 1.764ms total 60.573ms
08-03 20:22:06.772  4264  4264 I Input   : injectMotionEvent: MotionEvent { action=ACTION_MOVE, actionButton=0, id[0]=0, x[0]=500.0, y[0]=246.30005, toolType[0]=TOOL_TYPE_UNKNOWN, buttonState=0, metaState=0, flags=0x0, edgeFlags=0x0, pointerCount=1, historySize=0, eventTime=649343185, downTime=649343185, deviceId=0, source=0x1002 }
08-03 20:22:06.779  1770  1788 I art     : Starting a blocking GC Explicit
08-03 20:22:06.812  4264  4264 I Input   : injectMotionEvent: MotionEvent { action=ACTION_MOVE, actionButton=0, id[0]=0, x[0]=500.0, y[0]=170.30005, toolType[0]=TOOL_TYPE_UNKNOWN, buttonState=0, metaState=0, flags=0x0, edgeFlags=0x0, pointerCount=1, historySize=0, eventTime=649343225, downTime=649343225, deviceId=0, source=0x1002 }
08-03 20:22:06.840  1770  1788 I art     : Explicit concurrent mark sweep GC freed 71(2208B) AllocSpace objects, 0(0B) LOS objects, 7% free, 184MB/200MB, paused 1.833ms total 60.430ms
08-03 20:22:06.849  4264  4264 I Input   : injectMotionEvent: MotionEvent { action=ACTION_UP, actionButton=0, id[0]=0, x[0]=500.0, y[0]=100.0, toolType[0]=TOOL_TYPE_UNKNOWN, buttonState=0, metaState=0, flags=0x0, edgeFlags=0x0, pointerCount=1, historySize=0, eventTime=649343263, downTime=649343263, deviceId=0, source=0x1002 }
08-03 20:22:06.863  1770  1788 I art     : Starting a blocking GC Explicit
08-03 20:22:06.886  4264  4264 D AndroidRuntime: Shutting down VM
08-03 20:22:06.923  1770  1788 I art     : Explicit concurrent mark sweep GC freed 9(288B) AllocSpace objects, 0(0B) LOS objects, 7% free, 184MB/200MB, paused 1.678ms total 59.619ms
08-03 20:22:06.946  1770  1788 I art     : Starting a blocking GC Explicit
08-03 20:22:07.014  1770  1788 I art     : Explicit concurrent mark sweep GC freed 3(96B) AllocSpace objects, 0(0B) LOS objects, 7% free, 184MB/200MB, paused 2.024ms total 68.108ms
08-03 20:22:07.041  1770  1788 I art     : Starting a blocking GC Explicit
08-03 20:22:07.111  1770  1788 I art     : Explicit concurrent mark sweep GC freed 5(176B) AllocSpace objects, 0(0B) LOS objects, 7% free, 184MB/200MB, paused 2.124ms total 69.931ms
08-03 20:22:07.572  1770  2041 I art     : Starting a blocking GC Explicit
08-03 20:22:07.641  1770  2041 I art     : Explicit concurrent mark sweep GC freed 1630(94KB) AllocSpace objects, 2(48KB) LOS objects, 7% free, 184MB/200MB, paused 1.945ms total 68.171ms
08-03 20:22:07.666  1770  2041 I art     : Starting a blocking GC Explicit
08-03 20:22:07.732  1770  2041 I art     : Explicit concurrent mark sweep GC freed 28(1024B) AllocSpace objects, 0(0B) LOS objects, 7% free, 184MB/200MB, paused 1.906ms total 66.273ms
08-03 20:22:07.757  1770  2041 I art     : Starting a blocking GC Explicit
08-03 20:22:07.773  4302  4302 D AndroidRuntime: >>>>>> START com.android.internal.os.RuntimeInit uid 2000 <<<<<<
08-03 20:22:07.779  4302  4302 D AndroidRuntime: CheckJNI is OFF
08-03 20:22:07.823  1770  2041 I art     : Explicit concurrent mark sweep GC freed 3(96B) AllocSpace objects, 0(0B) LOS objects, 7% free, 184MB/200MB, paused 1.816ms total 65.005ms
08-03 20:22:07.834  4302  4302 D ICU     : No timezone override file found: /data/misc/zoneinfo/current/icu/icu_tzdata.dat
08-03 20:22:07.847  1770  2041 I art     : Starting a blocking GC Explicit
08-03 20:22:07.878  4302  4302 I Radio-JNI: register_android_hardware_Radio DONE
08-03 20:22:07.909  4302  4302 D AndroidRuntime: Calling main entry com.android.commands.input.Input
08-03 20:22:07.912  4302  4302 I Input   : injectMotionEvent: MotionEvent { action=ACTION_DOWN, actionButton=0, id[0]=0, x[0]=657.0, y[0]=2080.0, toolType[0]=TOOL_TYPE_UNKNOWN, buttonState=0, metaState=0, flags=0x0, edgeFlags=0x0, pointerCount=1, historySize=0, eventTime=649344324, downTime=649344324, deviceId=0, source=0x1002 }
08-03 20:22:07.914  1770  2041 I art     : Explicit concurrent mark sweep GC freed 40(1088B) AllocSpace objects, 0(0B) LOS objects, 7% free, 184MB/200MB, paused 1.931ms total 66.671ms
08-03 20:22:07.918  4302  4302 I Input   : injectMotionEvent: MotionEvent { action=ACTION_UP, actionButton=0, id[0]=0, x[0]=657.0, y[0]=2080.0, toolType[0]=TOOL_TYPE_UNKNOWN, buttonState=0, metaState=0, flags=0x0, edgeFlags=0x0, pointerCount=1, historySize=0, eventTime=649344324, downTime=649344324, deviceId=0, source=0x1002 }
08-03 20:22:07.920  4302  4302 D AndroidRuntime: Shutting down VM
08-03 20:22:07.921   918  5132 I ActivityManager: START u0 {cmp=baseline.io.github.project_travel_mate/.utilities.UpcomingWeekendsActivity} from uid 10623 on display 0
08-03 20:22:07.923   512  2967 D audio_hw_primary: out_set_parameters: enter: usecase(1: low-latency-playback) kvpairs: routing=2
08-03 20:22:07.938   512  2967 D audio_hw_primary: select_devices: out_snd_device(2: speaker) in_snd_device(0: none)
08-03 20:22:07.938   512  2967 D msm8974_platform: platform_send_audio_calibration: sending audio calibration for snd_device(2) acdb_id(15)
08-03 20:22:07.938   512  2967 I soundtrigger: audio_extn_sound_trigger_update_device_status: device 0x2 of type 0 for Event 1
08-03 20:22:07.940  1770  2041 I art     : Starting a blocking GC Explicit
08-03 20:22:07.956   512  2967 D audio_hw_primary: enable_snd_device: snd_device(2: speaker)
08-03 20:22:07.958   512  2967 D audio_hw_primary: enable_audio_route: apply and update mixer path: low-latency-playback speaker
08-03 20:22:07.967  1770  1854 D Gabe    : call	returning from cache
08-03 20:22:07.971  1770  1770 V EXECUTING: https://project-travel-mate.herokuapp.com/api/get-upcoming-holidays/2020
08-03 20:22:07.975  1770  1770 V EXECUTING: https://project-travel-mate.herokuapp.com/api/get-upcoming-holidays/2020
08-03 20:22:08.004  1770  2041 I art     : Explicit concurrent mark sweep GC freed 700(51KB) AllocSpace objects, 0(0B) LOS objects, 7% free, 184MB/200MB, paused 2.019ms total 64.068ms
08-03 20:22:08.072 13866 13866 I GoogleInputMethodServic: GoogleInputMethodService.onFinishInput():3138 
08-03 20:22:08.072 13866 13866 I GoogleInputMethodServic: GoogleInputMethodService.onStartInput():1808 
08-03 20:22:08.180   918   936 I ActivityManager: Displayed baseline.io.github.project_travel_mate/.utilities.UpcomingWeekendsActivity: +244ms
08-03 20:22:08.422   380   380 W SurfaceFlinger: couldn't log to binary event log: overflow.
08-03 20:22:08.450  1770  1787 I art     : Starting a blocking GC Explicit
08-03 20:22:08.492  1770  4327 I NAPPA_EXPERIMENTATION: MetricNetworkRequestExecutionTime: REQUEST_DURATION_SYSTEM='516',REQUEST_DURATION_OKHTTP='44',REQUEST_SYNCHRONOUS='FALSE',RESPONSE_CODE='200',RESPONSE_METHOD='GET',RESPONSE_LENGTH_OKHTTP='6426',RESPONSE_LENGTH_HEADER='6426',REQUEST_PROTOCOL='http/1.1',REQUEST_URL='https://project-travel-mate.herokuapp.com/api/get-upcoming-holidays/2020',
08-03 20:22:08.497  1770  1770 V Response: [{"month":"January","date":1,"day":"Wednesday","name":"New Year's Day","type":"Restricted"},{"month":"January","date":2,"day":"Thursday","name":"Guru Govind Singh Jayanti","type":"Restricted"},{"month":"January","date":14,"day":"Tuesday","name":"Lohri","type":"Restricted"},{"month":"January","date":15,"day":"Wednesday","name":"Pongal","type":"Restricted"},{"month":"January","date":15,"day":"Wednesday","name":"Makar Sankranti","type":"Restricted"},{"month":"January","date":25,"day":"Saturday","name":"Chinese New Year","type":"Observance"},{"month":"January","date":26,"day":"Sunday","name":"Republic Day","type":"Gazetted"},{"month":"January","date":30,"day":"Thursday","name":"Vasant Panchami","type":"Restricted"},{"month":"February","date":9,"day":"Sunday","name":"Guru Ravidas Jayanti","type":"Restricted"},{"month":"February","date":14,"day":"Friday","name":"Valentine's Day","type":"Observance"},{"month":"February","date":18,"day":"Tuesday","name":"Maharishi Dayanand Saraswati Jayanti","type":"Restricted"},{"month":"February","date":19,"day":"Wednesday","name":"Shivaji Jayanti","type":"Restricted"},{"month":"February","date":21,"day":"Friday","name":"Maha Shivaratri/Shivaratri","type":"Gazetted"},{"month":"March","date":9,"day":"Monday","name":"Holika Dahana","type":"Restricted"},{"month":"March","date":9,"day":"Monday","name":"Hazarat Ali's Birthday","type":"Restricted"},{"month":"March","date":10,"day":"Tuesday","name":"Holi","type":"Gazetted"},{"month":"March","date":20,"day":"Friday","name":"March Equinox","type":"Season"},{"month":"March","date":25,"day":"Wednesday","name":"Chaitra Sukhladi","type":"Restricted"},{"month":"April","date":2,"day":"Thursday","name":"Rama Navami","type":"Gazetted"},{"month":"April","date":6,"day":"Monday","name":"Mahavir Jayanti","type":"Gazetted"},{"month":"April","date":9,"day":"Thursday","name":"First day of Passover","type":"Observance"},{"month":"April","date":9,"day":"Thursday","name":"Maundy Thursday","type":"Observance,"},{"month":"April","date":10,"day":"Friday","name":"Good Friday","type":"Gazetted"},{"month":"April","date":12,"day":"Sunday","name":"Easter Day","type":"Restricted"},{"month":"April","date":13,"day":"Monday","name":"Vaisakhi","type":"Restricted"},{"month":"April","date":14,"day":"Tuesday","name":"Mesadi/Vaisakhadi","type":"Restricted"},{"month":"April","date":14,"day":"Tuesday","name":"Ambedkar Jayanti","type":"Central"},{"month":"May","date":1,"day":"Friday","name":"May Day","type":"Observance"},{"month":"May","date":7,"day":"Thursday","name":"Buddha Purnima/Vesak","type":"Gazetted"},{"month":"May","date":7,"day":"Thursday","name":"Birthday of Ravindranath","type":"Restricted"},{"month":"May","date":10,"day":"Sunday","name":"Mother's Day","type":"Observance"},{"month":"May","date":22,"day":"Friday","name":"Jamat Ul-Vida","type":"Restricted"},{"month":"May","date":25,"day":"Monday","name":"Ramzan Id/Eid-ul-Fitar","type":"Gazetted"},{"month":"May","date":25,"day":"Monday","name":"Ramzan Id/Eid-ul-Fitar","type":"Muslim,"},{"month":"June","date":21,"day":"Sunday","name":"June Solstice","type":"Season"},{"month":"June","date":21,"day":"Sunday","name":"Father's Day","type":"Observance"},{"month":"June","date":23,"day":"Tuesday","name":"Rath Yatra","type":"Restricted"},{"month":"July","date":5,"day":"Sunday","name":"Guru Purnima","type":"Observance"},{"month":"July","date":31,"day":"Friday","name":"Bakr Id/Eid ul-Adha","type":"Gazetted"},{"month":"August","date":2,"day":"Sunday","name":"Friendship Day","type":"Observance"},{"month":"August","date":3,"day":"Monday","name":"Raksha Bandhan (Rakhi)","type":"Restricted"},{"month":"August","date":11,"day":"Tuesday","name":"Janmashtami (Smarta)","type":"Restricted"},{"month":"August","date":12,"day":"Wednesday","name":"Janmashtami","type":"Gazetted"},{"month":"August","date":15,"day":"Saturday","name":"Independence Day","type":"Gazetted"},{"month":"August","date":16,"day":"Sunday","name":"Parsi New Year","type":"Restricted"},{"month":"August","date":22,"day":"Saturday","name":"Ganesh Chaturthi/Vin
08-03 20:22:08.518   512  2967 D audio_hw_primary: disable_audio_route: reset and update mixer path: low-latency-playback speaker
08-03 20:22:08.520   512  2967 D audio_hw_primary: disable_snd_device: snd_device(2: speaker)
08-03 20:22:08.528  1770  4326 I NAPPA_EXPERIMENTATION: MetricNetworkRequestExecutionTime: REQUEST_DURATION_SYSTEM='555',REQUEST_DURATION_OKHTTP='79',REQUEST_SYNCHRONOUS='FALSE',RESPONSE_CODE='200',RESPONSE_METHOD='GET',RESPONSE_LENGTH_OKHTTP='6426',RESPONSE_LENGTH_HEADER='6426',REQUEST_PROTOCOL='http/1.1',REQUEST_URL='https://project-travel-mate.herokuapp.com/api/get-upcoming-holidays/2020',
08-03 20:22:08.532   512  2967 I soundtrigger: audio_extn_sound_trigger_update_device_status: device 0x2 of type 0 for Event 0
08-03 20:22:08.533  1770  1787 I art     : Explicit concurrent mark sweep GC freed 11273(531KB) AllocSpace objects, 9(464KB) LOS objects, 7% free, 189MB/205MB, paused 3.786ms total 82.231ms
08-03 20:22:08.557  1770  1787 I art     : Starting a blocking GC Explicit
08-03 20:22:08.591  1770  1770 V Response: [{"month":"January","date":1,"day":"Wednesday","name":"New Year's Day","type":"Restricted"},{"month":"January","date":2,"day":"Thursday","name":"Guru Govind Singh Jayanti","type":"Restricted"},{"month":"January","date":14,"day":"Tuesday","name":"Lohri","type":"Restricted"},{"month":"January","date":15,"day":"Wednesday","name":"Pongal","type":"Restricted"},{"month":"January","date":15,"day":"Wednesday","name":"Makar Sankranti","type":"Restricted"},{"month":"January","date":25,"day":"Saturday","name":"Chinese New Year","type":"Observance"},{"month":"January","date":26,"day":"Sunday","name":"Republic Day","type":"Gazetted"},{"month":"January","date":30,"day":"Thursday","name":"Vasant Panchami","type":"Restricted"},{"month":"February","date":9,"day":"Sunday","name":"Guru Ravidas Jayanti","type":"Restricted"},{"month":"February","date":14,"day":"Friday","name":"Valentine's Day","type":"Observance"},{"month":"February","date":18,"day":"Tuesday","name":"Maharishi Dayanand Saraswati Jayanti","type":"Restricted"},{"month":"February","date":19,"day":"Wednesday","name":"Shivaji Jayanti","type":"Restricted"},{"month":"February","date":21,"day":"Friday","name":"Maha Shivaratri/Shivaratri","type":"Gazetted"},{"month":"March","date":9,"day":"Monday","name":"Holika Dahana","type":"Restricted"},{"month":"March","date":9,"day":"Monday","name":"Hazarat Ali's Birthday","type":"Restricted"},{"month":"March","date":10,"day":"Tuesday","name":"Holi","type":"Gazetted"},{"month":"March","date":20,"day":"Friday","name":"March Equinox","type":"Season"},{"month":"March","date":25,"day":"Wednesday","name":"Chaitra Sukhladi","type":"Restricted"},{"month":"April","date":2,"day":"Thursday","name":"Rama Navami","type":"Gazetted"},{"month":"April","date":6,"day":"Monday","name":"Mahavir Jayanti","type":"Gazetted"},{"month":"April","date":9,"day":"Thursday","name":"First day of Passover","type":"Observance"},{"month":"April","date":9,"day":"Thursday","name":"Maundy Thursday","type":"Observance,"},{"month":"April","date":10,"day":"Friday","name":"Good Friday","type":"Gazetted"},{"month":"April","date":12,"day":"Sunday","name":"Easter Day","type":"Restricted"},{"month":"April","date":13,"day":"Monday","name":"Vaisakhi","type":"Restricted"},{"month":"April","date":14,"day":"Tuesday","name":"Mesadi/Vaisakhadi","type":"Restricted"},{"month":"April","date":14,"day":"Tuesday","name":"Ambedkar Jayanti","type":"Central"},{"month":"May","date":1,"day":"Friday","name":"May Day","type":"Observance"},{"month":"May","date":7,"day":"Thursday","name":"Buddha Purnima/Vesak","type":"Gazetted"},{"month":"May","date":7,"day":"Thursday","name":"Birthday of Ravindranath","type":"Restricted"},{"month":"May","date":10,"day":"Sunday","name":"Mother's Day","type":"Observance"},{"month":"May","date":22,"day":"Friday","name":"Jamat Ul-Vida","type":"Restricted"},{"month":"May","date":25,"day":"Monday","name":"Ramzan Id/Eid-ul-Fitar","type":"Gazetted"},{"month":"May","date":25,"day":"Monday","name":"Ramzan Id/Eid-ul-Fitar","type":"Muslim,"},{"month":"June","date":21,"day":"Sunday","name":"June Solstice","type":"Season"},{"month":"June","date":21,"day":"Sunday","name":"Father's Day","type":"Observance"},{"month":"June","date":23,"day":"Tuesday","name":"Rath Yatra","type":"Restricted"},{"month":"July","date":5,"day":"Sunday","name":"Guru Purnima","type":"Observance"},{"month":"July","date":31,"day":"Friday","name":"Bakr Id/Eid ul-Adha","type":"Gazetted"},{"month":"August","date":2,"day":"Sunday","name":"Friendship Day","type":"Observance"},{"month":"August","date":3,"day":"Monday","name":"Raksha Bandhan (Rakhi)","type":"Restricted"},{"month":"August","date":11,"day":"Tuesday","name":"Janmashtami (Smarta)","type":"Restricted"},{"month":"August","date":12,"day":"Wednesday","name":"Janmashtami","type":"Gazetted"},{"month":"August","date":15,"day":"Saturday","name":"Independence Day","type":"Gazetted"},{"month":"August","date":16,"day":"Sunday","name":"Parsi New Year","type":"Restricted"},{"month":"August","date":22,"day":"Saturday","name":"Ganesh Chaturthi/Vin
08-03 20:22:08.628  1770  1787 I art     : Explicit concurrent mark sweep GC freed 10561(556KB) AllocSpace objects, 2(32KB) LOS objects, 7% free, 189MB/205MB, paused 2.403ms total 70.271ms
08-03 20:22:08.654  1770  1787 I art     : Starting a blocking GC Explicit
08-03 20:22:08.723  1770  1787 I art     : Explicit concurrent mark sweep GC freed 3162(140KB) AllocSpace objects, 0(0B) LOS objects, 7% free, 189MB/205MB, paused 1.909ms total 68.635ms
08-03 20:22:08.748  1770  1787 I art     : Starting a blocking GC Explicit
08-03 20:22:08.816  1770  1787 I art     : Explicit concurrent mark sweep GC freed 528(23KB) AllocSpace objects, 1(4MB) LOS objects, 7% free, 185MB/201MB, paused 2.027ms total 68.053ms
08-03 20:22:08.843  1770  1787 I art     : Starting a blocking GC Explicit
08-03 20:22:08.917  1770  1787 I art     : Explicit concurrent mark sweep GC freed 195(3KB) AllocSpace objects, 0(0B) LOS objects, 7% free, 185MB/201MB, paused 1.898ms total 73.794ms
08-03 20:22:09.371  1770  2379 I art     : Starting a blocking GC Explicit
08-03 20:22:09.448  1770  2379 I art     : Explicit concurrent mark sweep GC freed 2353(104KB) AllocSpace objects, 2(48KB) LOS objects, 7% free, 185MB/201MB, paused 2.070ms total 77.057ms
08-03 20:22:09.476  1770  2379 I art     : Starting a blocking GC Explicit
08-03 20:22:09.551  1770  2379 I art     : Explicit concurrent mark sweep GC freed 173(3KB) AllocSpace objects, 0(0B) LOS objects, 7% free, 185MB/201MB, paused 2.098ms total 73.864ms
08-03 20:22:09.578  1770  2379 I art     : Starting a blocking GC Explicit
08-03 20:22:09.655  1770  2379 I art     : Explicit concurrent mark sweep GC freed 147(2496B) AllocSpace objects, 0(0B) LOS objects, 7% free, 185MB/201MB, paused 2.059ms total 76.399ms
08-03 20:22:09.683  1770  2379 I art     : Starting a blocking GC Explicit
08-03 20:22:09.758  1770  2379 I art     : Explicit concurrent mark sweep GC freed 147(2496B) AllocSpace objects, 0(0B) LOS objects, 7% free, 185MB/201MB, paused 2.156ms total 74.028ms
08-03 20:22:09.785  1770  2379 I art     : Starting a blocking GC Explicit
08-03 20:22:09.861  1770  2379 I art     : Explicit concurrent mark sweep GC freed 191(3KB) AllocSpace objects, 0(0B) LOS objects, 7% free, 185MB/201MB, paused 2.491ms total 75.695ms
08-03 20:22:10.324  1770  2041 I art     : Starting a blocking GC Explicit
08-03 20:22:10.401  1770  2041 I art     : Explicit concurrent mark sweep GC freed 2376(105KB) AllocSpace objects, 2(48KB) LOS objects, 7% free, 185MB/201MB, paused 2.312ms total 76.214ms
08-03 20:22:10.429  1770  2041 I art     : Starting a blocking GC Explicit
08-03 20:22:10.505  1770  2041 I art     : Explicit concurrent mark sweep GC freed 172(3KB) AllocSpace objects, 0(0B) LOS objects, 7% free, 185MB/201MB, paused 1.931ms total 75.463ms
08-03 20:22:10.532  1770  2041 I art     : Starting a blocking GC Explicit
08-03 20:22:10.608  1770  2041 I art     : Explicit concurrent mark sweep GC freed 147(2496B) AllocSpace objects, 0(0B) LOS objects, 7% free, 185MB/201MB, paused 1.872ms total 75.865ms
08-03 20:22:10.636  1770  2041 I art     : Starting a blocking GC Explicit
08-03 20:22:10.641   918  3261 D WifiStateMachine: starting scan for "H369AA63323"WPA_PSK with 2412,5180
08-03 20:22:10.717  1770  2041 I art     : Explicit concurrent mark sweep GC freed 171(2896B) AllocSpace objects, 0(0B) LOS objects, 7% free, 185MB/201MB, paused 2.041ms total 80.735ms
08-03 20:22:10.744  1770  2041 I art     : Starting a blocking GC Explicit
08-03 20:22:10.821  1770  2041 I art     : Explicit concurrent mark sweep GC freed 147(2496B) AllocSpace objects, 0(0B) LOS objects, 7% free, 185MB/201MB, paused 1.990ms total 77.238ms
08-03 20:22:11.297  1770  1834 I art     : Starting a blocking GC Explicit
08-03 20:22:11.371  1770  1834 I art     : Explicit concurrent mark sweep GC freed 2416(106KB) AllocSpace objects, 2(48KB) LOS objects, 7% free, 185MB/201MB, paused 1.900ms total 73.607ms
08-03 20:22:11.398  1770  1834 I art     : Starting a blocking GC Explicit
08-03 20:22:11.473  1770  1834 I art     : Explicit concurrent mark sweep GC freed 172(3KB) AllocSpace objects, 0(0B) LOS objects, 7% free, 185MB/201MB, paused 2.342ms total 74.736ms
08-03 20:22:11.500  1770  1834 I art     : Starting a blocking GC Explicit
08-03 20:22:11.577  1770  1834 I art     : Explicit concurrent mark sweep GC freed 147(2496B) AllocSpace objects, 0(0B) LOS objects, 7% free, 185MB/201MB, paused 2.459ms total 76.425ms
08-03 20:22:11.608  1770  1834 I art     : Starting a blocking GC Explicit
08-03 20:22:11.679  1770  1834 I art     : Explicit concurrent mark sweep GC freed 168(3KB) AllocSpace objects, 0(0B) LOS objects, 7% free, 185MB/201MB, paused 2.205ms total 70.646ms
08-03 20:22:11.705  1770  1834 I art     : Starting a blocking GC Explicit
08-03 20:22:11.776  1770  1834 I art     : Explicit concurrent mark sweep GC freed 166(3KB) AllocSpace objects, 0(0B) LOS objects, 7% free, 185MB/201MB, paused 1.925ms total 71.095ms
08-03 20:22:11.776  1770  1786 I art     : WaitForGcToComplete blocked for 19.663ms for cause HeapTrim
08-03 20:22:12.249  1770  1788 I art     : Starting a blocking GC Explicit
08-03 20:22:12.321  1770  1788 I art     : Explicit concurrent mark sweep GC freed 2415(105KB) AllocSpace objects, 2(48KB) LOS objects, 7% free, 185MB/201MB, paused 1.951ms total 71.197ms
08-03 20:22:12.347  1770  1788 I art     : Starting a blocking GC Explicit
08-03 20:22:12.418  1770  1788 I art     : Explicit concurrent mark sweep GC freed 172(3KB) AllocSpace objects, 0(0B) LOS objects, 7% free, 185MB/201MB, paused 1.937ms total 70.623ms
08-03 20:22:12.444  1770  1788 I art     : Starting a blocking GC Explicit
08-03 20:22:12.515  1770  1788 I art     : Explicit concurrent mark sweep GC freed 147(2496B) AllocSpace objects, 0(0B) LOS objects, 7% free, 185MB/201MB, paused 2.012ms total 70.323ms
08-03 20:22:12.541  1770  1788 I art     : Starting a blocking GC Explicit
08-03 20:22:12.614  1770  1788 I art     : Explicit concurrent mark sweep GC freed 134(2272B) AllocSpace objects, 0(0B) LOS objects, 7% free, 185MB/201MB, paused 2.171ms total 72.167ms
08-03 20:22:12.640  1770  1788 I art     : Starting a blocking GC Explicit
08-03 20:22:12.712  1770  1788 I art     : Explicit concurrent mark sweep GC freed 136(2320B) AllocSpace objects, 0(0B) LOS objects, 7% free, 185MB/201MB, paused 1.967ms total 71.129ms
08-03 20:22:12.797  4381  4381 D AndroidRuntime: >>>>>> START com.android.internal.os.RuntimeInit uid 2000 <<<<<<
08-03 20:22:12.804  4381  4381 D AndroidRuntime: CheckJNI is OFF
08-03 20:22:12.861  4381  4381 D ICU     : No timezone override file found: /data/misc/zoneinfo/current/icu/icu_tzdata.dat
08-03 20:22:12.909  4381  4381 I Radio-JNI: register_android_hardware_Radio DONE
08-03 20:22:12.941  4381  4381 D AndroidRuntime: Calling main entry com.android.commands.input.Input
08-03 20:22:12.945  4381  4381 I Input   : injectKeyEvent: KeyEvent { action=ACTION_DOWN, keyCode=KEYCODE_BACK, scanCode=0, metaState=0, flags=0x0, repeatCount=0, eventTime=649349358, downTime=649349358, deviceId=-1, source=0x101 }
08-03 20:22:12.951  4381  4381 I Input   : injectKeyEvent: KeyEvent { action=ACTION_UP, keyCode=KEYCODE_BACK, scanCode=0, metaState=0, flags=0x0, repeatCount=0, eventTime=649349358, downTime=649349358, deviceId=-1, source=0x101 }
08-03 20:22:12.958  4381  4381 D AndroidRuntime: Shutting down VM
08-03 20:22:12.978  1770  1770 V MainActivity: url = https://project-travel-mate.herokuapp.com/api/number-of-unread-notifications
08-03 20:22:12.999  1728  1728 I ServiceManager: Waiting for service AtCmdFwd...
08-03 20:22:13.007 13866 13866 I GoogleInputMethodServic: GoogleInputMethodService.onFinishInput():3138 
08-03 20:22:13.007 13866 13866 I GoogleInputMethodServic: GoogleInputMethodService.onStartInput():1808 
08-03 20:22:13.158  1770  1787 I art     : Starting a blocking GC Explicit
08-03 20:22:13.234  1770  1787 I art     : Explicit concurrent mark sweep GC freed 2746(125KB) AllocSpace objects, 2(48KB) LOS objects, 7% free, 185MB/201MB, paused 2.363ms total 75.117ms
08-03 20:22:13.267  1770  1787 I art     : Starting a blocking GC Explicit
08-03 20:22:13.343   380   380 W SurfaceFlinger: couldn't log to binary event log: overflow.
08-03 20:22:13.353  1770  1787 I art     : Explicit concurrent mark sweep GC freed 275(7KB) AllocSpace objects, 0(0B) LOS objects, 7% free, 185MB/201MB, paused 2.180ms total 84.581ms
08-03 20:22:13.377  1770  1787 I art     : Starting a blocking GC Explicit
08-03 20:22:13.447  1770  1787 I art     : Explicit concurrent mark sweep GC freed 843(63KB) AllocSpace objects, 2(120KB) LOS objects, 7% free, 185MB/201MB, paused 2.561ms total 69.170ms
08-03 20:22:13.473  1770  1787 I art     : Starting a blocking GC Explicit
08-03 20:22:13.507  1770  4405 I NAPPA_EXPERIMENTATION: MetricNetworkRequestExecutionTime: REQUEST_DURATION_SYSTEM='526',REQUEST_DURATION_OKHTTP='40',REQUEST_SYNCHRONOUS='FALSE',RESPONSE_CODE='200',RESPONSE_METHOD='GET',RESPONSE_LENGTH_OKHTTP='36',RESPONSE_LENGTH_HEADER='36',REQUEST_PROTOCOL='http/1.1',REQUEST_URL='https://project-travel-mate.herokuapp.com/api/number-of-unread-notifications',
08-03 20:22:13.539  1770  1787 I art     : Explicit concurrent mark sweep GC freed 8891(491KB) AllocSpace objects, 14(344KB) LOS objects, 7% free, 184MB/200MB, paused 2.043ms total 65.421ms
08-03 20:22:13.565  1770  1787 I art     : Starting a blocking GC Explicit
08-03 20:22:13.638  1770  1787 I art     : Explicit concurrent mark sweep GC freed 628(69KB) AllocSpace objects, 0(0B) LOS objects, 7% free, 184MB/200MB, paused 2.292ms total 72.657ms
08-03 20:22:14.000  1728  1728 I ServiceManager: Waiting for service AtCmdFwd...
08-03 20:22:14.128  1770  2041 I art     : Starting a blocking GC Explicit
08-03 20:22:14.211  1770  2041 I art     : Explicit concurrent mark sweep GC freed 1623(93KB) AllocSpace objects, 2(48KB) LOS objects, 7% free, 184MB/200MB, paused 2.121ms total 82.146ms
08-03 20:22:14.237  1770  2041 I art     : Starting a blocking GC Explicit
08-03 20:22:14.250   518   646 I ThermalEngine: ACTION: GPU - Setting GPU[0] to 450000000
08-03 20:22:14.305  1770  2041 I art     : Explicit concurrent mark sweep GC freed 28(1024B) AllocSpace objects, 0(0B) LOS objects, 7% free, 184MB/200MB, paused 1.353ms total 67.732ms
08-03 20:22:14.324  1770  2041 I art     : Starting a blocking GC Explicit
08-03 20:22:14.380  1770  2041 I art     : Explicit concurrent mark sweep GC freed 3(96B) AllocSpace objects, 0(0B) LOS objects, 7% free, 184MB/200MB, paused 1.388ms total 56.172ms
08-03 20:22:14.400  1770  2041 I art     : Starting a blocking GC Explicit
08-03 20:22:14.455  1770  2041 I art     : Explicit concurrent mark sweep GC freed 3(96B) AllocSpace objects, 0(0B) LOS objects, 7% free, 184MB/200MB, paused 1.361ms total 55.351ms
08-03 20:22:14.474  1770  2041 I art     : Starting a blocking GC Explicit
08-03 20:22:14.530  1770  2041 I art     : Explicit concurrent mark sweep GC freed 3(96B) AllocSpace objects, 0(0B) LOS objects, 7% free, 184MB/200MB, paused 1.427ms total 55.711ms
08-03 20:22:14.744  4418  4418 D AndroidRuntime: >>>>>> START com.android.internal.os.RuntimeInit uid 2000 <<<<<<
08-03 20:22:14.750  4418  4418 D AndroidRuntime: CheckJNI is OFF
08-03 20:22:14.791  4418  4418 D ICU     : No timezone override file found: /data/misc/zoneinfo/current/icu/icu_tzdata.dat
08-03 20:22:14.828  4418  4418 I Radio-JNI: register_android_hardware_Radio DONE
08-03 20:22:14.857  4418  4418 D AndroidRuntime: Calling main entry com.android.commands.input.Input
08-03 20:22:14.864  4418  4418 I Input   : injectMotionEvent: MotionEvent { action=ACTION_DOWN, actionButton=0, id[0]=0, x[0]=657.0, y[0]=2080.0, toolType[0]=TOOL_TYPE_UNKNOWN, buttonState=0, metaState=0, flags=0x0, edgeFlags=0x0, pointerCount=1, historySize=0, eventTime=649351277, downTime=649351277, deviceId=0, source=0x1002 }
08-03 20:22:14.871  4418  4418 I Input   : injectMotionEvent: MotionEvent { action=ACTION_UP, actionButton=0, id[0]=0, x[0]=657.0, y[0]=2080.0, toolType[0]=TOOL_TYPE_UNKNOWN, buttonState=0, metaState=0, flags=0x0, edgeFlags=0x0, pointerCount=1, historySize=0, eventTime=649351277, downTime=649351277, deviceId=0, source=0x1002 }
08-03 20:22:14.908  4418  4418 D AndroidRuntime: Shutting down VM
08-03 20:22:14.908   918  4413 I ActivityManager: START u0 {cmp=baseline.io.github.project_travel_mate/.utilities.UpcomingWeekendsActivity} from uid 10623 on display 0
08-03 20:22:14.910   512  2967 D audio_hw_primary: out_set_parameters: enter: usecase(1: low-latency-playback) kvpairs: routing=2
08-03 20:22:14.923   512  2967 D audio_hw_primary: select_devices: out_snd_device(2: speaker) in_snd_device(0: none)
08-03 20:22:14.923   512  2967 D msm8974_platform: platform_send_audio_calibration: sending audio calibration for snd_device(2) acdb_id(15)
08-03 20:22:14.923   512  2967 I soundtrigger: audio_extn_sound_trigger_update_device_status: device 0x2 of type 0 for Event 1
08-03 20:22:14.933  1770  1854 D Gabe    : call	returning from cache
08-03 20:22:14.935   512  2967 D audio_hw_primary: enable_snd_device: snd_device(2: speaker)
08-03 20:22:14.935  1770  1770 V EXECUTING: https://project-travel-mate.herokuapp.com/api/get-upcoming-holidays/2020
08-03 20:22:14.937  1770  1834 I art     : Starting a blocking GC Explicit
08-03 20:22:14.937   512  2967 D audio_hw_primary: enable_audio_route: apply and update mixer path: low-latency-playback speaker
08-03 20:22:14.940  1770  1770 V EXECUTING: https://project-travel-mate.herokuapp.com/api/get-upcoming-holidays/2020
08-03 20:22:14.990  1770  1834 I art     : Explicit concurrent mark sweep GC freed 2829(176KB) AllocSpace objects, 2(48KB) LOS objects, 7% free, 184MB/200MB, paused 1.581ms total 52.740ms
08-03 20:22:15.000  1728  1728 I ServiceManager: Waiting for service AtCmdFwd...
08-03 20:22:15.009  1770  1834 I art     : Starting a blocking GC Explicit
08-03 20:22:15.028 13866 13866 I GoogleInputMethodServic: GoogleInputMethodService.onFinishInput():3138 
08-03 20:22:15.030 13866 13866 I GoogleInputMethodServic: GoogleInputMethodService.onStartInput():1808 
08-03 20:22:15.063  1770  1834 I art     : Explicit concurrent mark sweep GC freed 709(25KB) AllocSpace objects, 0(0B) LOS objects, 7% free, 188MB/204MB, paused 1.712ms total 54.114ms
08-03 20:22:15.082  1770  1834 I art     : Starting a blocking GC Explicit
08-03 20:22:15.126   918   936 I ActivityManager: Displayed baseline.io.github.project_travel_mate/.utilities.UpcomingWeekendsActivity: +210ms
08-03 20:22:15.133  1770  1834 I art     : Explicit concurrent mark sweep GC freed 108(3024B) AllocSpace objects, 0(0B) LOS objects, 7% free, 189MB/205MB, paused 1.570ms total 51.275ms
08-03 20:22:15.153  1770  1834 I art     : Starting a blocking GC Explicit
08-03 20:22:15.208  1770  1834 I art     : Explicit concurrent mark sweep GC freed 78(1520B) AllocSpace objects, 0(0B) LOS objects, 7% free, 189MB/205MB, paused 1.484ms total 54.805ms
08-03 20:22:15.226  1770  1834 I art     : Starting a blocking GC Explicit
08-03 20:22:15.277  1770  1834 I art     : Explicit concurrent mark sweep GC freed 104(1936B) AllocSpace objects, 0(0B) LOS objects, 7% free, 189MB/205MB, paused 1.397ms total 50.470ms
08-03 20:22:15.380   380   380 W SurfaceFlinger: couldn't log to binary event log: overflow.
08-03 20:22:15.474  1770  4442 I NAPPA_EXPERIMENTATION: MetricNetworkRequestExecutionTime: REQUEST_DURATION_SYSTEM='538',REQUEST_DURATION_OKHTTP='49',REQUEST_SYNCHRONOUS='FALSE',RESPONSE_CODE='200',RESPONSE_METHOD='GET',RESPONSE_LENGTH_OKHTTP='6426',RESPONSE_LENGTH_HEADER='6426',REQUEST_PROTOCOL='http/1.1',REQUEST_URL='https://project-travel-mate.herokuapp.com/api/get-upcoming-holidays/2020',
08-03 20:22:15.479   512  2967 D audio_hw_primary: disable_audio_route: reset and update mixer path: low-latency-playback speaker
08-03 20:22:15.481   512  2967 D audio_hw_primary: disable_snd_device: snd_device(2: speaker)
08-03 20:22:15.488  1770  1770 V Response: [{"month":"January","date":1,"day":"Wednesday","name":"New Year's Day","type":"Restricted"},{"month":"January","date":2,"day":"Thursday","name":"Guru Govind Singh Jayanti","type":"Restricted"},{"month":"January","date":14,"day":"Tuesday","name":"Lohri","type":"Restricted"},{"month":"January","date":15,"day":"Wednesday","name":"Pongal","type":"Restricted"},{"month":"January","date":15,"day":"Wednesday","name":"Makar Sankranti","type":"Restricted"},{"month":"January","date":25,"day":"Saturday","name":"Chinese New Year","type":"Observance"},{"month":"January","date":26,"day":"Sunday","name":"Republic Day","type":"Gazetted"},{"month":"January","date":30,"day":"Thursday","name":"Vasant Panchami","type":"Restricted"},{"month":"February","date":9,"day":"Sunday","name":"Guru Ravidas Jayanti","type":"Restricted"},{"month":"February","date":14,"day":"Friday","name":"Valentine's Day","type":"Observance"},{"month":"February","date":18,"day":"Tuesday","name":"Maharishi Dayanand Saraswati Jayanti","type":"Restricted"},{"month":"February","date":19,"day":"Wednesday","name":"Shivaji Jayanti","type":"Restricted"},{"month":"February","date":21,"day":"Friday","name":"Maha Shivaratri/Shivaratri","type":"Gazetted"},{"month":"March","date":9,"day":"Monday","name":"Holika Dahana","type":"Restricted"},{"month":"March","date":9,"day":"Monday","name":"Hazarat Ali's Birthday","type":"Restricted"},{"month":"March","date":10,"day":"Tuesday","name":"Holi","type":"Gazetted"},{"month":"March","date":20,"day":"Friday","name":"March Equinox","type":"Season"},{"month":"March","date":25,"day":"Wednesday","name":"Chaitra Sukhladi","type":"Restricted"},{"month":"April","date":2,"day":"Thursday","name":"Rama Navami","type":"Gazetted"},{"month":"April","date":6,"day":"Monday","name":"Mahavir Jayanti","type":"Gazetted"},{"month":"April","date":9,"day":"Thursday","name":"First day of Passover","type":"Observance"},{"month":"April","date":9,"day":"Thursday","name":"Maundy Thursday","type":"Observance,"},{"month":"April","date":10,"day":"Friday","name":"Good Friday","type":"Gazetted"},{"month":"April","date":12,"day":"Sunday","name":"Easter Day","type":"Restricted"},{"month":"April","date":13,"day":"Monday","name":"Vaisakhi","type":"Restricted"},{"month":"April","date":14,"day":"Tuesday","name":"Mesadi/Vaisakhadi","type":"Restricted"},{"month":"April","date":14,"day":"Tuesday","name":"Ambedkar Jayanti","type":"Central"},{"month":"May","date":1,"day":"Friday","name":"May Day","type":"Observance"},{"month":"May","date":7,"day":"Thursday","name":"Buddha Purnima/Vesak","type":"Gazetted"},{"month":"May","date":7,"day":"Thursday","name":"Birthday of Ravindranath","type":"Restricted"},{"month":"May","date":10,"day":"Sunday","name":"Mother's Day","type":"Observance"},{"month":"May","date":22,"day":"Friday","name":"Jamat Ul-Vida","type":"Restricted"},{"month":"May","date":25,"day":"Monday","name":"Ramzan Id/Eid-ul-Fitar","type":"Gazetted"},{"month":"May","date":25,"day":"Monday","name":"Ramzan Id/Eid-ul-Fitar","type":"Muslim,"},{"month":"June","date":21,"day":"Sunday","name":"June Solstice","type":"Season"},{"month":"June","date":21,"day":"Sunday","name":"Father's Day","type":"Observance"},{"month":"June","date":23,"day":"Tuesday","name":"Rath Yatra","type":"Restricted"},{"month":"July","date":5,"day":"Sunday","name":"Guru Purnima","type":"Observance"},{"month":"July","date":31,"day":"Friday","name":"Bakr Id/Eid ul-Adha","type":"Gazetted"},{"month":"August","date":2,"day":"Sunday","name":"Friendship Day","type":"Observance"},{"month":"August","date":3,"day":"Monday","name":"Raksha Bandhan (Rakhi)","type":"Restricted"},{"month":"August","date":11,"day":"Tuesday","name":"Janmashtami (Smarta)","type":"Restricted"},{"month":"August","date":12,"day":"Wednesday","name":"Janmashtami","type":"Gazetted"},{"month":"August","date":15,"day":"Saturday","name":"Independence Day","type":"Gazetted"},{"month":"August","date":16,"day":"Sunday","name":"Parsi New Year","type":"Restricted"},{"month":"August","date":22,"day":"Saturday","name":"Ganesh Chaturthi/Vin
08-03 20:22:15.488  1770  4443 I NAPPA_EXPERIMENTATION: MetricNetworkRequestExecutionTime: REQUEST_DURATION_SYSTEM='547',REQUEST_DURATION_OKHTTP='61',REQUEST_SYNCHRONOUS='FALSE',RESPONSE_CODE='200',RESPONSE_METHOD='GET',RESPONSE_LENGTH_OKHTTP='6426',RESPONSE_LENGTH_HEADER='6426',REQUEST_PROTOCOL='http/1.1',REQUEST_URL='https://project-travel-mate.herokuapp.com/api/get-upcoming-holidays/2020',
08-03 20:22:15.491   512  2967 I soundtrigger: audio_extn_sound_trigger_update_device_status: device 0x2 of type 0 for Event 0
08-03 20:22:15.493  1770  1770 V Response: [{"month":"January","date":1,"day":"Wednesday","name":"New Year's Day","type":"Restricted"},{"month":"January","date":2,"day":"Thursday","name":"Guru Govind Singh Jayanti","type":"Restricted"},{"month":"January","date":14,"day":"Tuesday","name":"Lohri","type":"Restricted"},{"month":"January","date":15,"day":"Wednesday","name":"Pongal","type":"Restricted"},{"month":"January","date":15,"day":"Wednesday","name":"Makar Sankranti","type":"Restricted"},{"month":"January","date":25,"day":"Saturday","name":"Chinese New Year","type":"Observance"},{"month":"January","date":26,"day":"Sunday","name":"Republic Day","type":"Gazetted"},{"month":"January","date":30,"day":"Thursday","name":"Vasant Panchami","type":"Restricted"},{"month":"February","date":9,"day":"Sunday","name":"Guru Ravidas Jayanti","type":"Restricted"},{"month":"February","date":14,"day":"Friday","name":"Valentine's Day","type":"Observance"},{"month":"February","date":18,"day":"Tuesday","name":"Maharishi Dayanand Saraswati Jayanti","type":"Restricted"},{"month":"February","date":19,"day":"Wednesday","name":"Shivaji Jayanti","type":"Restricted"},{"month":"February","date":21,"day":"Friday","name":"Maha Shivaratri/Shivaratri","type":"Gazetted"},{"month":"March","date":9,"day":"Monday","name":"Holika Dahana","type":"Restricted"},{"month":"March","date":9,"day":"Monday","name":"Hazarat Ali's Birthday","type":"Restricted"},{"month":"March","date":10,"day":"Tuesday","name":"Holi","type":"Gazetted"},{"month":"March","date":20,"day":"Friday","name":"March Equinox","type":"Season"},{"month":"March","date":25,"day":"Wednesday","name":"Chaitra Sukhladi","type":"Restricted"},{"month":"April","date":2,"day":"Thursday","name":"Rama Navami","type":"Gazetted"},{"month":"April","date":6,"day":"Monday","name":"Mahavir Jayanti","type":"Gazetted"},{"month":"April","date":9,"day":"Thursday","name":"First day of Passover","type":"Observance"},{"month":"April","date":9,"day":"Thursday","name":"Maundy Thursday","type":"Observance,"},{"month":"April","date":10,"day":"Friday","name":"Good Friday","type":"Gazetted"},{"month":"April","date":12,"day":"Sunday","name":"Easter Day","type":"Restricted"},{"month":"April","date":13,"day":"Monday","name":"Vaisakhi","type":"Restricted"},{"month":"April","date":14,"day":"Tuesday","name":"Mesadi/Vaisakhadi","type":"Restricted"},{"month":"April","date":14,"day":"Tuesday","name":"Ambedkar Jayanti","type":"Central"},{"month":"May","date":1,"day":"Friday","name":"May Day","type":"Observance"},{"month":"May","date":7,"day":"Thursday","name":"Buddha Purnima/Vesak","type":"Gazetted"},{"month":"May","date":7,"day":"Thursday","name":"Birthday of Ravindranath","type":"Restricted"},{"month":"May","date":10,"day":"Sunday","name":"Mother's Day","type":"Observance"},{"month":"May","date":22,"day":"Friday","name":"Jamat Ul-Vida","type":"Restricted"},{"month":"May","date":25,"day":"Monday","name":"Ramzan Id/Eid-ul-Fitar","type":"Gazetted"},{"month":"May","date":25,"day":"Monday","name":"Ramzan Id/Eid-ul-Fitar","type":"Muslim,"},{"month":"June","date":21,"day":"Sunday","name":"June Solstice","type":"Season"},{"month":"June","date":21,"day":"Sunday","name":"Father's Day","type":"Observance"},{"month":"June","date":23,"day":"Tuesday","name":"Rath Yatra","type":"Restricted"},{"month":"July","date":5,"day":"Sunday","name":"Guru Purnima","type":"Observance"},{"month":"July","date":31,"day":"Friday","name":"Bakr Id/Eid ul-Adha","type":"Gazetted"},{"month":"August","date":2,"day":"Sunday","name":"Friendship Day","type":"Observance"},{"month":"August","date":3,"day":"Monday","name":"Raksha Bandhan (Rakhi)","type":"Restricted"},{"month":"August","date":11,"day":"Tuesday","name":"Janmashtami (Smarta)","type":"Restricted"},{"month":"August","date":12,"day":"Wednesday","name":"Janmashtami","type":"Gazetted"},{"month":"August","date":15,"day":"Saturday","name":"Independence Day","type":"Gazetted"},{"month":"August","date":16,"day":"Sunday","name":"Parsi New Year","type":"Restricted"},{"month":"August","date":22,"day":"Saturday","name":"Ganesh Chaturthi/Vin
08-03 20:22:15.670  1770  1787 I art     : Starting a blocking GC Explicit
08-03 20:22:15.737  1770  1787 I art     : Explicit concurrent mark sweep GC freed 16863(726KB) AllocSpace objects, 12(4MB) LOS objects, 7% free, 185MB/201MB, paused 1.524ms total 66.991ms
08-03 20:22:15.757  1770  1787 I art     : Starting a blocking GC Explicit
08-03 20:22:15.817  1770  1787 I art     : Explicit concurrent mark sweep GC freed 2290(246KB) AllocSpace objects, 0(0B) LOS objects, 7% free, 185MB/201MB, paused 1.487ms total 60.447ms
08-03 20:22:15.838  1770  1787 I art     : Starting a blocking GC Explicit
08-03 20:22:15.899  1770  1787 I art     : Explicit concurrent mark sweep GC freed 160(3KB) AllocSpace objects, 0(0B) LOS objects, 7% free, 185MB/201MB, paused 1.488ms total 61.614ms
08-03 20:22:15.919  1770  1787 I art     : Starting a blocking GC Explicit
08-03 20:22:15.982  1770  1787 I art     : Explicit concurrent mark sweep GC freed 107(1824B) AllocSpace objects, 0(0B) LOS objects, 7% free, 185MB/201MB, paused 1.500ms total 62.445ms
08-03 20:22:16.001  1728  1728 I ServiceManager: Waiting for service AtCmdFwd...
08-03 20:22:16.002  1770  1787 I art     : Starting a blocking GC Explicit
08-03 20:22:16.065  1770  1787 I art     : Explicit concurrent mark sweep GC freed 117(2000B) AllocSpace objects, 0(0B) LOS objects, 7% free, 185MB/201MB, paused 1.596ms total 62.677ms
08-03 20:22:16.259   518   646 I ThermalEngine: ACTION: GPU - Setting GPU[0] to 390000000
08-03 20:22:16.517  1770  1788 I art     : Starting a blocking GC Explicit
08-03 20:22:16.593  1770  1788 I art     : Explicit concurrent mark sweep GC freed 2352(104KB) AllocSpace objects, 2(48KB) LOS objects, 7% free, 185MB/201MB, paused 2.106ms total 76.273ms
08-03 20:22:16.623  1770  1788 I art     : Starting a blocking GC Explicit
08-03 20:22:16.697  1770  1788 I art     : Explicit concurrent mark sweep GC freed 172(3KB) AllocSpace objects, 0(0B) LOS objects, 7% free, 185MB/201MB, paused 1.971ms total 73.506ms
08-03 20:22:16.724  1770  1788 I art     : Starting a blocking GC Explicit
08-03 20:22:16.802  1770  1788 I art     : Explicit concurrent mark sweep GC freed 154(2608B) AllocSpace objects, 0(0B) LOS objects, 7% free, 185MB/201MB, paused 2.456ms total 77.414ms
08-03 20:22:16.830  1770  1788 I art     : Starting a blocking GC Explicit
08-03 20:22:16.906  1770  1788 I art     : Explicit concurrent mark sweep GC freed 199(3KB) AllocSpace objects, 0(0B) LOS objects, 7% free, 185MB/201MB, paused 2.112ms total 75.586ms
08-03 20:22:16.933  1770  1788 I art     : Starting a blocking GC Explicit
08-03 20:22:17.001  1728  1728 I ServiceManager: Waiting for service AtCmdFwd...
08-03 20:22:17.010  1770  1788 I art     : Explicit concurrent mark sweep GC freed 149(2560B) AllocSpace objects, 0(0B) LOS objects, 7% free, 185MB/201MB, paused 2.182ms total 76.310ms
08-03 20:22:17.494  1770  2041 I art     : Starting a blocking GC Explicit
08-03 20:22:17.571  1770  2041 I art     : Explicit concurrent mark sweep GC freed 2402(105KB) AllocSpace objects, 2(48KB) LOS objects, 7% free, 185MB/201MB, paused 2.205ms total 76.577ms
08-03 20:22:17.599  1770  2041 I art     : Starting a blocking GC Explicit
08-03 20:22:17.674  1770  2041 I art     : Explicit concurrent mark sweep GC freed 192(4KB) AllocSpace objects, 0(0B) LOS objects, 7% free, 185MB/201MB, paused 2.126ms total 74.586ms
08-03 20:22:17.701  1770  2041 I art     : Starting a blocking GC Explicit
08-03 20:22:17.778  1770  2041 I art     : Explicit concurrent mark sweep GC freed 177(4KB) AllocSpace objects, 0(0B) LOS objects, 7% free, 185MB/201MB, paused 2.008ms total 76.330ms
08-03 20:22:17.805  1770  2041 I art     : Starting a blocking GC Explicit
08-03 20:22:17.881  1770  2041 I art     : Explicit concurrent mark sweep GC freed 184(3KB) AllocSpace objects, 0(0B) LOS objects, 7% free, 185MB/201MB, paused 2.113ms total 75.259ms
08-03 20:22:17.908  1770  2041 I art     : Starting a blocking GC Explicit
08-03 20:22:17.985  1770  2041 I art     : Explicit concurrent mark sweep GC freed 147(2496B) AllocSpace objects, 0(0B) LOS objects, 7% free, 185MB/201MB, paused 2.239ms total 76.345ms
08-03 20:22:18.001  1728  1728 W Atfwd_Sendcmd: AtCmdFwd service not published, waiting... retryCnt : 5
08-03 20:22:18.461  1770  1834 I art     : Starting a blocking GC Explicit
08-03 20:22:18.539  1770  1834 I art     : Explicit concurrent mark sweep GC freed 2397(105KB) AllocSpace objects, 2(48KB) LOS objects, 7% free, 185MB/201MB, paused 2.383ms total 77.447ms
08-03 20:22:18.567  1770  1834 I art     : Starting a blocking GC Explicit
08-03 20:22:18.643  1770  1834 I art     : Explicit concurrent mark sweep GC freed 178(3KB) AllocSpace objects, 0(0B) LOS objects, 7% free, 185MB/201MB, paused 2.208ms total 74.854ms
08-03 20:22:18.671  1770  1834 I art     : Starting a blocking GC Explicit
08-03 20:22:18.742  1770  1834 I art     : Explicit concurrent mark sweep GC freed 147(2496B) AllocSpace objects, 0(0B) LOS objects, 7% free, 185MB/201MB, paused 1.974ms total 70.990ms
08-03 20:22:18.769  1770  1834 I art     : Starting a blocking GC Explicit
08-03 20:22:18.846  1770  1834 I art     : Explicit concurrent mark sweep GC freed 183(3KB) AllocSpace objects, 0(0B) LOS objects, 7% free, 185MB/201MB, paused 2.066ms total 76.273ms
08-03 20:22:18.873  1770  1834 I art     : Starting a blocking GC Explicit
08-03 20:22:18.951  1770  1834 I art     : Explicit concurrent mark sweep GC freed 148(2528B) AllocSpace objects, 0(0B) LOS objects, 7% free, 185MB/201MB, paused 2.751ms total 76.966ms
08-03 20:22:19.261   518   646 I ThermalEngine: ACTION: GPU - Setting GPU[0] to 450000000
08-03 20:22:19.395  1770  2379 I art     : Starting a blocking GC Explicit
08-03 20:22:19.457  1770  2379 I art     : Explicit concurrent mark sweep GC freed 2329(104KB) AllocSpace objects, 2(48KB) LOS objects, 7% free, 185MB/201MB, paused 1.436ms total 61.860ms
08-03 20:22:19.477  1770  2379 I art     : Starting a blocking GC Explicit
08-03 20:22:19.542  1770  2379 I art     : Explicit concurrent mark sweep GC freed 148(3024B) AllocSpace objects, 0(0B) LOS objects, 7% free, 185MB/201MB, paused 1.472ms total 64.299ms
08-03 20:22:19.562  1770  2379 I art     : Starting a blocking GC Explicit
08-03 20:22:19.626  1770  2379 I art     : Explicit concurrent mark sweep GC freed 124(2128B) AllocSpace objects, 0(0B) LOS objects, 7% free, 185MB/201MB, paused 1.467ms total 63.464ms
08-03 20:22:19.646  1770  2379 I art     : Starting a blocking GC Explicit
08-03 20:22:19.708  4496  4496 D AndroidRuntime: >>>>>> START com.android.internal.os.RuntimeInit uid 2000 <<<<<<
08-03 20:22:19.709  1770  2379 I art     : Explicit concurrent mark sweep GC freed 106(1808B) AllocSpace objects, 0(0B) LOS objects, 7% free, 185MB/201MB, paused 2.074ms total 63.582ms
08-03 20:22:19.714  4496  4496 D AndroidRuntime: CheckJNI is OFF
08-03 20:22:19.729  1770  2379 I art     : Starting a blocking GC Explicit
08-03 20:22:19.756  4496  4496 D ICU     : No timezone override file found: /data/misc/zoneinfo/current/icu/icu_tzdata.dat
08-03 20:22:19.789  1770  2379 I art     : Explicit concurrent mark sweep GC freed 140(2384B) AllocSpace objects, 0(0B) LOS objects, 7% free, 185MB/201MB, paused 1.657ms total 59.585ms
08-03 20:22:19.802  4496  4496 I Radio-JNI: register_android_hardware_Radio DONE
08-03 20:22:19.832  4496  4496 D AndroidRuntime: Calling main entry com.android.commands.input.Input
08-03 20:22:19.834  4496  4496 I Input   : injectKeyEvent: KeyEvent { action=ACTION_DOWN, keyCode=KEYCODE_BACK, scanCode=0, metaState=0, flags=0x0, repeatCount=0, eventTime=649356247, downTime=649356247, deviceId=-1, source=0x101 }
08-03 20:22:19.842  4496  4496 I Input   : injectKeyEvent: KeyEvent { action=ACTION_UP, keyCode=KEYCODE_BACK, scanCode=0, metaState=0, flags=0x0, repeatCount=0, eventTime=649356247, downTime=649356247, deviceId=-1, source=0x101 }
08-03 20:22:19.848  4496  4496 D AndroidRuntime: Shutting down VM
08-03 20:22:19.859  1770  1770 V MainActivity: url = https://project-travel-mate.herokuapp.com/api/number-of-unread-notifications
08-03 20:22:19.946 13866 13866 I GoogleInputMethodServic: GoogleInputMethodService.onFinishInput():3138 
08-03 20:22:19.947 13866 13866 I GoogleInputMethodServic: GoogleInputMethodService.onStartInput():1808 
08-03 20:22:20.173  1770  2379 I art     : Starting a blocking GC Explicit
08-03 20:22:20.231  1770  2379 I art     : Explicit concurrent mark sweep GC freed 2640(124KB) AllocSpace objects, 2(48KB) LOS objects, 7% free, 185MB/201MB, paused 1.338ms total 57.099ms
08-03 20:22:20.234   380   380 W SurfaceFlinger: couldn't log to binary event log: overflow.
08-03 20:22:20.251  1770  2379 I art     : Starting a blocking GC Explicit
08-03 20:22:20.308  1770  2379 I art     : Explicit concurrent mark sweep GC freed 125(4KB) AllocSpace objects, 0(0B) LOS objects, 7% free, 185MB/201MB, paused 1.446ms total 57.139ms
08-03 20:22:20.328  1770  2379 I art     : Starting a blocking GC Explicit
08-03 20:22:20.384  1770  2379 I art     : Explicit concurrent mark sweep GC freed 6596(359KB) AllocSpace objects, 13(264KB) LOS objects, 7% free, 184MB/200MB, paused 1.475ms total 55.450ms
08-03 20:22:20.403  1770  2379 I art     : Starting a blocking GC Explicit
08-03 20:22:20.464  1770  2379 I art     : Explicit concurrent mark sweep GC freed 2592(132KB) AllocSpace objects, 2(120KB) LOS objects, 7% free, 185MB/201MB, paused 1.579ms total 60.815ms
08-03 20:22:20.467  1770  4517 I NAPPA_EXPERIMENTATION: MetricNetworkRequestExecutionTime: REQUEST_DURATION_SYSTEM='606',REQUEST_DURATION_OKHTTP='42',REQUEST_SYNCHRONOUS='FALSE',RESPONSE_CODE='200',RESPONSE_METHOD='GET',RESPONSE_LENGTH_OKHTTP='36',RESPONSE_LENGTH_HEADER='36',REQUEST_PROTOCOL='http/1.1',REQUEST_URL='https://project-travel-mate.herokuapp.com/api/number-of-unread-notifications',
08-03 20:22:20.483  1770  2379 I art     : Starting a blocking GC Explicit
08-03 20:22:20.544  1770  2379 I art     : Explicit concurrent mark sweep GC freed 1094(126KB) AllocSpace objects, 1(80KB) LOS objects, 7% free, 184MB/200MB, paused 1.408ms total 60.200ms
08-03 20:22:20.961  1770  2041 I art     : Starting a blocking GC Explicit
08-03 20:22:21.039  1770  2041 I art     : Explicit concurrent mark sweep GC freed 1744(100KB) AllocSpace objects, 2(48KB) LOS objects, 7% free, 184MB/200MB, paused 1.704ms total 77.353ms
08-03 20:22:21.062  1770  2041 I art     : Starting a blocking GC Explicit
08-03 20:22:21.119  1770  2041 I art     : Explicit concurrent mark sweep GC freed 46(2016B) AllocSpace objects, 0(0B) LOS objects, 7% free, 184MB/200MB, paused 1.457ms total 57.389ms
08-03 20:22:21.139  1770  2041 I art     : Starting a blocking GC Explicit
08-03 20:22:21.196  1770  2041 I art     : Explicit concurrent mark sweep GC freed 3(96B) AllocSpace objects, 0(0B) LOS objects, 7% free, 184MB/200MB, paused 1.428ms total 57.249ms
08-03 20:22:21.216  1770  2041 I art     : Starting a blocking GC Explicit
08-03 20:22:21.273  1770  2041 I art     : Explicit concurrent mark sweep GC freed 3(96B) AllocSpace objects, 0(0B) LOS objects, 7% free, 184MB/200MB, paused 1.436ms total 57.236ms
08-03 20:22:21.293  1770  2041 I art     : Starting a blocking GC Explicit
08-03 20:22:21.350  1770  2041 I art     : Explicit concurrent mark sweep GC freed 3(96B) AllocSpace objects, 0(0B) LOS objects, 7% free, 184MB/200MB, paused 1.495ms total 56.900ms
08-03 20:22:21.632  4540  4540 D AndroidRuntime: >>>>>> START com.android.internal.os.RuntimeInit uid 2000 <<<<<<
08-03 20:22:21.637  4540  4540 D AndroidRuntime: CheckJNI is OFF
08-03 20:22:21.676  4540  4540 D ICU     : No timezone override file found: /data/misc/zoneinfo/current/icu/icu_tzdata.dat
08-03 20:22:21.715  4540  4540 I Radio-JNI: register_android_hardware_Radio DONE
08-03 20:22:21.741  4540  4540 D AndroidRuntime: Calling main entry com.android.commands.input.Input
08-03 20:22:21.753  4540  4540 I Input   : injectMotionEvent: MotionEvent { action=ACTION_DOWN, actionButton=0, id[0]=0, x[0]=117.0, y[0]=170.0, toolType[0]=TOOL_TYPE_UNKNOWN, buttonState=0, metaState=0, flags=0x0, edgeFlags=0x0, pointerCount=1, historySize=0, eventTime=649358165, downTime=649358165, deviceId=0, source=0x1002 }
08-03 20:22:21.774  4540  4540 I Input   : injectMotionEvent: MotionEvent { action=ACTION_UP, actionButton=0, id[0]=0, x[0]=117.0, y[0]=170.0, toolType[0]=TOOL_TYPE_UNKNOWN, buttonState=0, metaState=0, flags=0x0, edgeFlags=0x0, pointerCount=1, historySize=0, eventTime=649358165, downTime=649358165, deviceId=0, source=0x1002 }
08-03 20:22:21.780  1770  1788 I art     : Starting a blocking GC Explicit
08-03 20:22:21.812  4540  4540 D AndroidRuntime: Shutting down VM
08-03 20:22:21.824   512  2967 D audio_hw_primary: out_set_parameters: enter: usecase(1: low-latency-playback) kvpairs: routing=2
08-03 20:22:21.834  1770  1788 I art     : Explicit concurrent mark sweep GC freed 1622(93KB) AllocSpace objects, 2(48KB) LOS objects, 7% free, 184MB/200MB, paused 1.369ms total 53.534ms
08-03 20:22:21.837   512  2967 D audio_hw_primary: select_devices: out_snd_device(2: speaker) in_snd_device(0: none)
08-03 20:22:21.837   512  2967 D msm8974_platform: platform_send_audio_calibration: sending audio calibration for snd_device(2) acdb_id(15)
08-03 20:22:21.838   512  2967 I soundtrigger: audio_extn_sound_trigger_update_device_status: device 0x2 of type 0 for Event 1
08-03 20:22:21.847   512  2967 D audio_hw_primary: enable_snd_device: snd_device(2: speaker)
08-03 20:22:21.849   512  2967 D audio_hw_primary: enable_audio_route: apply and update mixer path: low-latency-playback speaker
08-03 20:22:21.852  1770  1788 I art     : Starting a blocking GC Explicit
08-03 20:22:21.905  1770  1788 I art     : Explicit concurrent mark sweep GC freed 77(2560B) AllocSpace objects, 0(0B) LOS objects, 7% free, 184MB/200MB, paused 1.515ms total 52.470ms
08-03 20:22:21.925  1770  1788 I art     : Starting a blocking GC Explicit
08-03 20:22:21.978  1770  1788 I art     : Explicit concurrent mark sweep GC freed 396(20KB) AllocSpace objects, 0(0B) LOS objects, 7% free, 184MB/200MB, paused 1.414ms total 52.856ms
08-03 20:22:21.997  1770  1788 I art     : Starting a blocking GC Explicit
08-03 20:22:22.048  1770  1788 I art     : Explicit concurrent mark sweep GC freed 7(384B) AllocSpace objects, 0(0B) LOS objects, 7% free, 184MB/200MB, paused 1.568ms total 50.729ms
08-03 20:22:22.069  1770  1788 I art     : Starting a blocking GC Explicit
08-03 20:22:22.120  1770  1788 I art     : Explicit concurrent mark sweep GC freed 3(96B) AllocSpace objects, 0(0B) LOS objects, 7% free, 184MB/200MB, paused 1.355ms total 50.691ms
08-03 20:22:22.379   512  2967 D audio_hw_primary: disable_audio_route: reset and update mixer path: low-latency-playback speaker
08-03 20:22:22.380   512  2967 D audio_hw_primary: disable_snd_device: snd_device(2: speaker)
08-03 20:22:22.387   512  2967 I soundtrigger: audio_extn_sound_trigger_update_device_status: device 0x2 of type 0 for Event 0
08-03 20:22:22.523  1770  2379 I art     : Starting a blocking GC Explicit
08-03 20:22:22.568  4563  4563 D AndroidRuntime: >>>>>> START com.android.internal.os.RuntimeInit uid 2000 <<<<<<
08-03 20:22:22.574  4563  4563 D AndroidRuntime: CheckJNI is OFF
08-03 20:22:22.582  1770  2379 I art     : Explicit concurrent mark sweep GC freed 1589(92KB) AllocSpace objects, 2(48KB) LOS objects, 7% free, 184MB/200MB, paused 1.517ms total 58.413ms
08-03 20:22:22.582  1770  1786 I art     : WaitForGcToComplete blocked for 10.314ms for cause HeapTrim
08-03 20:22:22.601  1770  2379 I art     : Starting a blocking GC Explicit
08-03 20:22:22.618  4563  4563 D ICU     : No timezone override file found: /data/misc/zoneinfo/current/icu/icu_tzdata.dat
08-03 20:22:22.657  1770  2379 I art     : Explicit concurrent mark sweep GC freed 40(1408B) AllocSpace objects, 0(0B) LOS objects, 7% free, 184MB/200MB, paused 1.482ms total 55.637ms
08-03 20:22:22.660  4563  4563 I Radio-JNI: register_android_hardware_Radio DONE
08-03 20:22:22.676  1770  2379 I art     : Starting a blocking GC Explicit
08-03 20:22:22.690  4563  4563 D AndroidRuntime: Calling main entry com.android.commands.input.Input
08-03 20:22:22.693  4563  4563 I Input   : injectMotionEvent: MotionEvent { action=ACTION_DOWN, actionButton=0, id[0]=0, x[0]=405.0, y[0]=661.0, toolType[0]=TOOL_TYPE_UNKNOWN, buttonState=0, metaState=0, flags=0x0, edgeFlags=0x0, pointerCount=1, historySize=0, eventTime=649359105, downTime=649359105, deviceId=0, source=0x1002 }
08-03 20:22:22.697  4563  4563 I Input   : injectMotionEvent: MotionEvent { action=ACTION_UP, actionButton=0, id[0]=0, x[0]=405.0, y[0]=661.0, toolType[0]=TOOL_TYPE_UNKNOWN, buttonState=0, metaState=0, flags=0x0, edgeFlags=0x0, pointerCount=1, historySize=0, eventTime=649359105, downTime=649359105, deviceId=0, source=0x1002 }
08-03 20:22:22.699  4563  4563 D AndroidRuntime: Shutting down VM
08-03 20:22:22.714   512  2967 D audio_hw_primary: out_set_parameters: enter: usecase(1: low-latency-playback) kvpairs: routing=2
08-03 20:22:22.727   512  2967 D audio_hw_primary: select_devices: out_snd_device(2: speaker) in_snd_device(0: none)
08-03 20:22:22.727   512  2967 D msm8974_platform: platform_send_audio_calibration: sending audio calibration for snd_device(2) acdb_id(15)
08-03 20:22:22.727   512  2967 I soundtrigger: audio_extn_sound_trigger_update_device_status: device 0x2 of type 0 for Event 1
08-03 20:22:22.735  1770  2379 I art     : Explicit concurrent mark sweep GC freed 734(29KB) AllocSpace objects, 0(0B) LOS objects, 7% free, 184MB/200MB, paused 2.101ms total 58.441ms
08-03 20:22:22.738   512  2967 D audio_hw_primary: enable_snd_device: snd_device(2: speaker)
08-03 20:22:22.740   512  2967 D audio_hw_primary: enable_audio_route: apply and update mixer path: low-latency-playback speaker
08-03 20:22:22.753  1770  2379 I art     : Starting a blocking GC Explicit
08-03 20:22:22.780   512  2967 D AudioFlinger: mixer(0xf4740000) throttle end: throttle time(12)
08-03 20:22:22.814  1770  2379 I art     : Explicit concurrent mark sweep GC freed 1271(42KB) AllocSpace objects, 0(0B) LOS objects, 7% free, 185MB/201MB, paused 1.518ms total 60.296ms
08-03 20:22:22.837  1770  2379 I art     : Starting a blocking GC Explicit
08-03 20:22:22.890  1770  2379 I art     : Explicit concurrent mark sweep GC freed 874(49KB) AllocSpace objects, 0(0B) LOS objects, 7% free, 185MB/201MB, paused 1.503ms total 52.946ms
08-03 20:22:23.271   512  2967 D audio_hw_primary: disable_audio_route: reset and update mixer path: low-latency-playback speaker
08-03 20:22:23.275   512  2967 D audio_hw_primary: disable_snd_device: snd_device(2: speaker)
08-03 20:22:23.277   518   646 I ThermalEngine: ACTION: GPU - Setting GPU[0] to 390000000
08-03 20:22:23.283   512  2967 I soundtrigger: audio_extn_sound_trigger_update_device_status: device 0x2 of type 0 for Event 0
08-03 20:22:23.300  1770  1788 I art     : Starting a blocking GC Explicit
08-03 20:22:23.386  1770  1788 I art     : Explicit concurrent mark sweep GC freed 1652(93KB) AllocSpace objects, 11(300KB) LOS objects, 7% free, 184MB/200MB, paused 2.428ms total 85.360ms
08-03 20:22:23.418  1770  1788 I art     : Starting a blocking GC Explicit
08-03 20:22:23.500  1770  1788 I art     : Explicit concurrent mark sweep GC freed 28(1024B) AllocSpace objects, 0(0B) LOS objects, 7% free, 184MB/200MB, paused 2.785ms total 81.504ms
08-03 20:22:23.529  1770  1788 I art     : Starting a blocking GC Explicit
08-03 20:22:23.605  1770  1788 I art     : Explicit concurrent mark sweep GC freed 14(720B) AllocSpace objects, 0(0B) LOS objects, 7% free, 184MB/200MB, paused 2.244ms total 74.972ms
08-03 20:22:23.632  1770  1788 I art     : Starting a blocking GC Explicit
08-03 20:22:23.712  1770  1788 I art     : Explicit concurrent mark sweep GC freed 26(1328B) AllocSpace objects, 0(0B) LOS objects, 7% free, 184MB/200MB, paused 4.484ms total 79.079ms
08-03 20:22:23.741  1770  1788 I art     : Starting a blocking GC Explicit
08-03 20:22:23.808  1770  1788 I art     : Explicit concurrent mark sweep GC freed 24(1392B) AllocSpace objects, 0(0B) LOS objects, 7% free, 184MB/200MB, paused 2.030ms total 66.031ms
08-03 20:22:24.286  1770  1787 I art     : Starting a blocking GC Explicit
08-03 20:22:24.374  1770  1787 I art     : Explicit concurrent mark sweep GC freed 1623(93KB) AllocSpace objects, 2(48KB) LOS objects, 7% free, 184MB/200MB, paused 2.085ms total 86.642ms
08-03 20:22:24.401  1770  1787 I art     : Starting a blocking GC Explicit
08-03 20:22:24.475  1770  1787 I art     : Explicit concurrent mark sweep GC freed 28(1024B) AllocSpace objects, 0(0B) LOS objects, 7% free, 184MB/200MB, paused 2.045ms total 73.833ms
08-03 20:22:24.507  1770  1787 I art     : Starting a blocking GC Explicit
08-03 20:22:24.586  1770  1787 I art     : Explicit concurrent mark sweep GC freed 3(96B) AllocSpace objects, 0(0B) LOS objects, 7% free, 184MB/200MB, paused 2.474ms total 78.526ms
08-03 20:22:24.618  1770  1787 I art     : Starting a blocking GC Explicit
08-03 20:22:24.698  1770  1787 I art     : Explicit concurrent mark sweep GC freed 3(96B) AllocSpace objects, 0(0B) LOS objects, 7% free, 184MB/200MB, paused 2.346ms total 80.017ms
08-03 20:22:24.729  1770  1787 I art     : Starting a blocking GC Explicit
08-03 20:22:24.813  1770  1787 I art     : Explicit concurrent mark sweep GC freed 3(96B) AllocSpace objects, 0(0B) LOS objects, 7% free, 184MB/200MB, paused 2.505ms total 82.885ms
08-03 20:22:25.281  1770  2041 I art     : Starting a blocking GC Explicit
08-03 20:22:25.369  1770  2041 I art     : Explicit concurrent mark sweep GC freed 1623(93KB) AllocSpace objects, 2(48KB) LOS objects, 7% free, 184MB/200MB, paused 2.537ms total 87.151ms
08-03 20:22:25.397  1770  2041 I art     : Starting a blocking GC Explicit
08-03 20:22:25.470  1770  2041 I art     : Explicit concurrent mark sweep GC freed 28(1024B) AllocSpace objects, 0(0B) LOS objects, 7% free, 184MB/200MB, paused 2.185ms total 72.655ms
08-03 20:22:25.496  1770  2041 I art     : Starting a blocking GC Explicit
08-03 20:22:25.564  1770  2041 I art     : Explicit concurrent mark sweep GC freed 3(96B) AllocSpace objects, 0(0B) LOS objects, 7% free, 184MB/200MB, paused 2.076ms total 66.937ms
08-03 20:22:25.590  1770  2041 I art     : Starting a blocking GC Explicit
08-03 20:22:25.619  4606  4606 D AndroidRuntime: >>>>>> START com.android.internal.os.RuntimeInit uid 2000 <<<<<<
08-03 20:22:25.626  4606  4606 D AndroidRuntime: CheckJNI is OFF
08-03 20:22:25.661  1770  2041 I art     : Explicit concurrent mark sweep GC freed 3(96B) AllocSpace objects, 0(0B) LOS objects, 7% free, 184MB/200MB, paused 2.097ms total 71.010ms
08-03 20:22:25.679  4606  4606 D ICU     : No timezone override file found: /data/misc/zoneinfo/current/icu/icu_tzdata.dat
08-03 20:22:25.687  1770  2041 I art     : Starting a blocking GC Explicit
08-03 20:22:25.726  4606  4606 I Radio-JNI: register_android_hardware_Radio DONE
08-03 20:22:25.756  1770  2041 I art     : Explicit concurrent mark sweep GC freed 3(96B) AllocSpace objects, 0(0B) LOS objects, 7% free, 184MB/200MB, paused 2.009ms total 68.953ms
08-03 20:22:25.758  4606  4606 D AndroidRuntime: Calling main entry com.android.commands.input.Input
08-03 20:22:25.761  4606  4606 I Input   : injectMotionEvent: MotionEvent { action=ACTION_DOWN, actionButton=0, id[0]=0, x[0]=117.0, y[0]=170.0, toolType[0]=TOOL_TYPE_UNKNOWN, buttonState=0, metaState=0, flags=0x0, edgeFlags=0x0, pointerCount=1, historySize=0, eventTime=649362173, downTime=649362173, deviceId=0, source=0x1002 }
08-03 20:22:25.767  4606  4606 I Input   : injectMotionEvent: MotionEvent { action=ACTION_UP, actionButton=0, id[0]=0, x[0]=117.0, y[0]=170.0, toolType[0]=TOOL_TYPE_UNKNOWN, buttonState=0, metaState=0, flags=0x0, edgeFlags=0x0, pointerCount=1, historySize=0, eventTime=649362173, downTime=649362173, deviceId=0, source=0x1002 }
08-03 20:22:25.770  4606  4606 D AndroidRuntime: Shutting down VM
08-03 20:22:25.784   512  2967 D audio_hw_primary: out_set_parameters: enter: usecase(1: low-latency-playback) kvpairs: routing=2
08-03 20:22:25.797   512  2967 D audio_hw_primary: select_devices: out_snd_device(2: speaker) in_snd_device(0: none)
08-03 20:22:25.797   512  2967 D msm8974_platform: platform_send_audio_calibration: sending audio calibration for snd_device(2) acdb_id(15)
08-03 20:22:25.797   512  2967 I soundtrigger: audio_extn_sound_trigger_update_device_status: device 0x2 of type 0 for Event 1
08-03 20:22:25.809   512  2967 D audio_hw_primary: enable_snd_device: snd_device(2: speaker)
08-03 20:22:25.812   512  2967 D audio_hw_primary: enable_audio_route: apply and update mixer path: low-latency-playback speaker
08-03 20:22:26.257  1770  2379 I art     : Starting a blocking GC Explicit
08-03 20:22:26.327  1770  2379 I art     : Explicit concurrent mark sweep GC freed 2050(114KB) AllocSpace objects, 2(48KB) LOS objects, 7% free, 184MB/200MB, paused 2.322ms total 70.288ms
08-03 20:22:26.349   512  2967 D audio_hw_primary: disable_audio_route: reset and update mixer path: low-latency-playback speaker
08-03 20:22:26.350   512  2967 D audio_hw_primary: disable_snd_device: snd_device(2: speaker)
08-03 20:22:26.353  1770  2379 I art     : Starting a blocking GC Explicit
08-03 20:22:26.358   512  2967 I soundtrigger: audio_extn_sound_trigger_update_device_status: device 0x2 of type 0 for Event 0
08-03 20:22:26.422  1770  2379 I art     : Explicit concurrent mark sweep GC freed 52(1968B) AllocSpace objects, 0(0B) LOS objects, 7% free, 184MB/200MB, paused 2.040ms total 68.137ms
08-03 20:22:26.448  1770  2379 I art     : Starting a blocking GC Explicit
08-03 20:22:26.519  1770  2379 I art     : Explicit concurrent mark sweep GC freed 3(96B) AllocSpace objects, 0(0B) LOS objects, 7% free, 184MB/200MB, paused 2.147ms total 70.538ms
08-03 20:22:26.544  1770  2379 I art     : Starting a blocking GC Explicit
08-03 20:22:26.617  1770  2379 I art     : Explicit concurrent mark sweep GC freed 21(1008B) AllocSpace objects, 0(0B) LOS objects, 7% free, 184MB/200MB, paused 2.124ms total 71.845ms
08-03 20:22:26.644  1770  2379 I art     : Starting a blocking GC Explicit
08-03 20:22:26.682  4636  4636 D AndroidRuntime: >>>>>> START com.android.internal.os.RuntimeInit uid 2000 <<<<<<
08-03 20:22:26.688  4636  4636 D AndroidRuntime: CheckJNI is OFF
08-03 20:22:26.715  1770  2379 I art     : Explicit concurrent mark sweep GC freed 23(1120B) AllocSpace objects, 0(0B) LOS objects, 7% free, 184MB/200MB, paused 2.044ms total 70.742ms
08-03 20:22:26.742  4636  4636 D ICU     : No timezone override file found: /data/misc/zoneinfo/current/icu/icu_tzdata.dat
08-03 20:22:26.788  4636  4636 I Radio-JNI: register_android_hardware_Radio DONE
08-03 20:22:26.820  4636  4636 D AndroidRuntime: Calling main entry com.android.commands.input.Input
08-03 20:22:26.822  4636  4636 I Input   : injectMotionEvent: MotionEvent { action=ACTION_DOWN, actionButton=0, id[0]=0, x[0]=418.0, y[0]=842.0, toolType[0]=TOOL_TYPE_UNKNOWN, buttonState=0, metaState=0, flags=0x0, edgeFlags=0x0, pointerCount=1, historySize=0, eventTime=649363235, downTime=649363235, deviceId=0, source=0x1002 }
08-03 20:22:26.827  4636  4636 I Input   : injectMotionEvent: MotionEvent { action=ACTION_UP, actionButton=0, id[0]=0, x[0]=418.0, y[0]=842.0, toolType[0]=TOOL_TYPE_UNKNOWN, buttonState=0, metaState=0, flags=0x0, edgeFlags=0x0, pointerCount=1, historySize=0, eventTime=649363235, downTime=649363235, deviceId=0, source=0x1002 }
08-03 20:22:26.830  4636  4636 D AndroidRuntime: Shutting down VM
08-03 20:22:26.845   512  2967 D audio_hw_primary: out_set_parameters: enter: usecase(1: low-latency-playback) kvpairs: routing=2
08-03 20:22:26.852  1770  1854 D Gabe    : call	returning from cache
08-03 20:22:26.859   512  2967 D audio_hw_primary: select_devices: out_snd_device(2: speaker) in_snd_device(0: none)
08-03 20:22:26.859   512  2967 D msm8974_platform: platform_send_audio_calibration: sending audio calibration for snd_device(2) acdb_id(15)
08-03 20:22:26.859   512  2967 I soundtrigger: audio_extn_sound_trigger_update_device_status: device 0x2 of type 0 for Event 1
08-03 20:22:26.872   512  2967 D audio_hw_primary: enable_snd_device: snd_device(2: speaker)
08-03 20:22:26.875   512  2967 D audio_hw_primary: enable_audio_route: apply and update mixer path: low-latency-playback speaker
08-03 20:22:26.895  1770  1770 V MainActivity: url = https://project-travel-mate.herokuapp.com/api/number-of-unread-notifications
08-03 20:22:26.919   512  2967 D AudioFlinger: mixer(0xf4740000) throttle end: throttle time(12)
08-03 20:22:27.170  1770  2041 I art     : Starting a blocking GC Explicit
08-03 20:22:27.252  1770  2041 I art     : Explicit concurrent mark sweep GC freed 3912(236KB) AllocSpace objects, 2(48KB) LOS objects, 7% free, 185MB/201MB, paused 2.996ms total 80.965ms
08-03 20:22:27.279  1770  2041 I art     : Starting a blocking GC Explicit
08-03 20:22:27.358  1770  2041 I art     : Explicit concurrent mark sweep GC freed 644(37KB) AllocSpace objects, 0(0B) LOS objects, 7% free, 185MB/201MB, paused 2.803ms total 78.337ms
08-03 20:22:27.383  1770  2041 I art     : Starting a blocking GC Explicit
08-03 20:22:27.399   512  2967 D audio_hw_primary: disable_audio_route: reset and update mixer path: low-latency-playback speaker
08-03 20:22:27.400   512  2967 D audio_hw_primary: disable_snd_device: snd_device(2: speaker)
08-03 20:22:27.409   512  2967 I soundtrigger: audio_extn_sound_trigger_update_device_status: device 0x2 of type 0 for Event 0
08-03 20:22:27.462  1770  2041 I art     : Explicit concurrent mark sweep GC freed 282(21KB) AllocSpace objects, 0(0B) LOS objects, 7% free, 185MB/201MB, paused 2.806ms total 78.582ms
08-03 20:22:27.489  1770  2041 I art     : Starting a blocking GC Explicit
08-03 20:22:27.567  1770  2041 I art     : Explicit concurrent mark sweep GC freed 1567(59KB) AllocSpace objects, 0(0B) LOS objects, 7% free, 185MB/201MB, paused 2.275ms total 77.654ms
08-03 20:22:27.584  1770  1770 I Choreographer: Skipped 40 frames!  The application may be doing too much work on its main thread.
08-03 20:22:27.595  1770  2041 I art     : Starting a blocking GC Explicit
08-03 20:22:27.666  1770  2041 I art     : Explicit concurrent mark sweep GC freed 1412(75KB) AllocSpace objects, 9(252KB) LOS objects, 7% free, 185MB/201MB, paused 2.410ms total 70.962ms
08-03 20:22:27.666  1770  1786 I art     : WaitForGcToComplete blocked for 8.817ms for cause HeapTrim
08-03 20:22:27.944  1770  4658 I NAPPA_EXPERIMENTATION: MetricNetworkRequestExecutionTime: REQUEST_DURATION_SYSTEM='1047',REQUEST_DURATION_OKHTTP='38',REQUEST_SYNCHRONOUS='FALSE',RESPONSE_CODE='200',RESPONSE_METHOD='GET',RESPONSE_LENGTH_OKHTTP='36',RESPONSE_LENGTH_HEADER='36',REQUEST_PROTOCOL='http/1.1',REQUEST_URL='https://project-travel-mate.herokuapp.com/api/number-of-unread-notifications',
08-03 20:22:28.146  1770  1787 I art     : Starting a blocking GC Explicit
08-03 20:22:28.231  1770  1787 I art     : Explicit concurrent mark sweep GC freed 6388(312KB) AllocSpace objects, 5(264KB) LOS objects, 7% free, 185MB/201MB, paused 2.219ms total 83.755ms
08-03 20:22:28.259  1770  1787 I art     : Starting a blocking GC Explicit
08-03 20:22:28.342  1770  1787 I art     : Explicit concurrent mark sweep GC freed 1177(121KB) AllocSpace objects, 0(0B) LOS objects, 7% free, 185MB/201MB, paused 2.223ms total 81.992ms
08-03 20:22:28.371  1770  1787 I art     : Starting a blocking GC Explicit
08-03 20:22:28.449  1770  1787 I art     : Explicit concurrent mark sweep GC freed 172(2928B) AllocSpace objects, 0(0B) LOS objects, 7% free, 185MB/201MB, paused 2.265ms total 77.350ms
08-03 20:22:28.477  1770  1787 I art     : Starting a blocking GC Explicit
08-03 20:22:28.562  1770  1787 I art     : Explicit concurrent mark sweep GC freed 153(2720B) AllocSpace objects, 0(0B) LOS objects, 7% free, 185MB/201MB, paused 2.067ms total 84.607ms
08-03 20:22:28.590  1770  1787 I art     : Starting a blocking GC Explicit
08-03 20:22:28.671  1770  1787 I art     : Explicit concurrent mark sweep GC freed 186(3KB) AllocSpace objects, 0(0B) LOS objects, 7% free, 185MB/201MB, paused 2.839ms total 80.166ms
08-03 20:22:29.136  1770  1834 I art     : Starting a blocking GC Explicit
08-03 20:22:29.213  1770  1834 I art     : Explicit concurrent mark sweep GC freed 2402(105KB) AllocSpace objects, 2(64KB) LOS objects, 7% free, 185MB/201MB, paused 2.128ms total 75.805ms
08-03 20:22:29.240  1770  1834 I art     : Starting a blocking GC Explicit
08-03 20:22:29.316  1770  1834 I art     : Explicit concurrent mark sweep GC freed 196(3KB) AllocSpace objects, 0(0B) LOS objects, 7% free, 185MB/201MB, paused 2.145ms total 76.399ms
08-03 20:22:29.343  1770  1834 I art     : Starting a blocking GC Explicit
08-03 20:22:29.420  1770  1834 I art     : Explicit concurrent mark sweep GC freed 146(2464B) AllocSpace objects, 0(0B) LOS objects, 7% free, 185MB/201MB, paused 2.165ms total 76.677ms
08-03 20:22:29.448  1770  1834 I art     : Starting a blocking GC Explicit
08-03 20:22:29.524  1770  1834 I art     : Explicit concurrent mark sweep GC freed 148(2528B) AllocSpace objects, 0(0B) LOS objects, 7% free, 185MB/201MB, paused 2.125ms total 75.762ms
08-03 20:22:29.551  1770  1834 I art     : Starting a blocking GC Explicit
08-03 20:22:29.630  1770  1834 I art     : Explicit concurrent mark sweep GC freed 168(3KB) AllocSpace objects, 0(0B) LOS objects, 7% free, 185MB/201MB, paused 2.459ms total 78.797ms
08-03 20:22:29.753  4690  4690 D AndroidRuntime: >>>>>> START com.android.internal.os.RuntimeInit uid 2000 <<<<<<
08-03 20:22:29.760  4690  4690 D AndroidRuntime: CheckJNI is OFF
08-03 20:22:29.819  4690  4690 D ICU     : No timezone override file found: /data/misc/zoneinfo/current/icu/icu_tzdata.dat
08-03 20:22:29.877  4690  4690 I Radio-JNI: register_android_hardware_Radio DONE
08-03 20:22:29.909  4690  4690 D AndroidRuntime: Calling main entry com.android.commands.am.Am
08-03 20:22:29.917 29687 29687 I Trepn   : Trepn 6.2s: Received intent: com.quicinc.trepn.stop_profiling
08-03 20:22:29.941 29687 29687 I Trepn   : Trepn 6.2s: Trepn has Stopped Profiling.
08-03 20:22:30.083  4690  4690 D AndroidRuntime: Shutting down VM
08-03 20:22:30.089  1770  2041 I art     : Starting a blocking GC Explicit
08-03 20:22:30.089   918  6110 W AppOps  : Finishing op nesting under-run: uid 10078 pkg com.quicinc.trepn code 24 time=0 duration=0 nesting=0
08-03 20:22:30.161  1770  2041 I art     : Explicit concurrent mark sweep GC freed 2411(106KB) AllocSpace objects, 2(64KB) LOS objects, 7% free, 185MB/201MB, paused 1.974ms total 71.803ms
08-03 20:22:30.189  1770  2041 I art     : Starting a blocking GC Explicit
08-03 20:22:30.270  1770  2041 I art     : Explicit concurrent mark sweep GC freed 202(4KB) AllocSpace objects, 0(0B) LOS objects, 7% free, 185MB/201MB, paused 2.252ms total 81.150ms
08-03 20:22:30.284   518   646 I ThermalEngine: ACTION: GPU - Setting GPU[0] to 450000000
08-03 20:22:30.298  1770  2041 I art     : Starting a blocking GC Explicit
08-03 20:22:30.359  1770  2041 I art     : Explicit concurrent mark sweep GC freed 124(2128B) AllocSpace objects, 0(0B) LOS objects, 7% free, 185MB/201MB, paused 1.359ms total 60.920ms
08-03 20:22:30.379  1770  2041 I art     : Starting a blocking GC Explicit
08-03 20:22:30.441  1770  2041 I art     : Explicit concurrent mark sweep GC freed 122(2064B) AllocSpace objects, 0(0B) LOS objects, 7% free, 185MB/201MB, paused 1.267ms total 62.203ms
08-03 20:22:30.461  1770  2041 I art     : Starting a blocking GC Explicit
08-03 20:22:30.523  1770  2041 I art     : Explicit concurrent mark sweep GC freed 123(2096B) AllocSpace objects, 0(0B) LOS objects, 7% free, 185MB/201MB, paused 1.310ms total 61.400ms
08-03 20:22:33.157 28673 28853 E GoogleConversionReporter: Error sending ping
08-03 20:22:33.157 28673 28853 E GoogleConversionReporter: bljc: Exception in CronetUrlRequest: net::ERR_CONNECTION_CLOSED, ErrorCode=5, InternalErrorCode=-100, Retryable=true
08-03 20:22:33.157 28673 28853 E GoogleConversionReporter: 	at org.chromium.net.impl.CronetUrlRequest.onError(PG:55)
