--------- beginning of main
08-05 00:53:11.683 12129 12129 D AndroidRuntime: >>>>>> START com.android.internal.os.RuntimeInit uid 2000 <<<<<<
08-05 00:53:11.689 12129 12129 D AndroidRuntime: CheckJNI is OFF
08-05 00:53:11.715 12129 12129 D ICU     : No timezone override file found: /data/misc/zoneinfo/current/icu/icu_tzdata.dat
08-05 00:53:11.742 12129 12129 I Radio-JNI: register_android_hardware_Radio DONE
08-05 00:53:11.758 12129 12129 D AndroidRuntime: Calling main entry com.android.commands.monkey.Monkey
--------- beginning of system
08-05 00:53:11.773   918   931 W BroadcastQueue: Skipping deliver [background] BroadcastRecord{d2f3409 u-1 android.net.conn.CONNECTIVITY_CHANGE} to ReceiverList{137d82f 12129 (unknown name)/2000/u-1 remote:249f1d3}: process crashing
08-05 00:53:11.783   918  5481 I ActivityManager: START u0 {act=android.intent.action.MAIN cat=[android.intent.category.LAUNCHER] flg=0x10200000 cmp=baseline.io.github.project_travel_mate/.SplashActivity} from uid 2000 on display 0
08-05 00:53:11.820   918  3961 I ActivityManager: Start proc 12138:baseline.io.github.project_travel_mate/u0a674 for activity baseline.io.github.project_travel_mate/.SplashActivity
08-05 00:53:11.821 12138 12138 I art     : Late-enabling -Xcheck:jni
08-05 00:53:11.848 12129 12129 I art     : System.exit called, status: 0
08-05 00:53:11.849 12129 12129 I AndroidRuntime: VM exiting with result code 0.
08-05 00:53:11.892   719 23718 I PBSessionCacheImpl: Deleted sessionId[3163792008073881] from persistence.
08-05 00:53:11.894 12138 12138 W System  : ClassLoader referenced unknown path: /data/app/baseline.io.github.project_travel_mate-1/lib/arm64
08-05 00:53:11.902   719   760 W SearchServiceCore: Abort, client detached.
08-05 00:53:11.903   719   760 I MicroDetectionState: Should stop hotword detection immediately - true
08-05 00:53:11.921 12138 12138 W art     : Before Android 4.1, method android.graphics.PorterDuffColorFilter androidx.vectordrawable.graphics.drawable.VectorDrawableCompat.updateTintFilter(android.graphics.PorterDuffColorFilter, android.content.res.ColorStateList, android.graphics.PorterDuff$Mode) would have incorrectly overridden the package-private method in android.graphics.drawable.Drawable
08-05 00:53:11.939 12138 12138 I art     : Rejecting re-init on previously-failed class java.lang.Class<androidx.core.view.ViewCompat$OnUnhandledKeyEventListenerWrapper>
08-05 00:53:11.939 12138 12138 I art     : Rejecting re-init on previously-failed class java.lang.Class<androidx.core.view.ViewCompat$OnUnhandledKeyEventListenerWrapper>
08-05 00:53:11.970 12138 12154 D OpenGLRenderer: Use EGL_SWAP_BEHAVIOR_PRESERVED: true
08-05 00:53:12.004 12138 12154 I Adreno  : QUALCOMM build                   : fcf4852, I1af360237c
08-05 00:53:12.004 12138 12154 I Adreno  : Build Date                       : 09/23/15
08-05 00:53:12.004 12138 12154 I Adreno  : OpenGL ES Shader Compiler Version: XE031.05.13.02
08-05 00:53:12.004 12138 12154 I Adreno  : Local Branch                     : mybranch14465806
08-05 00:53:12.004 12138 12154 I Adreno  : Remote Branch                    : quic/LA.BF64.1.2.9_v2
08-05 00:53:12.004 12138 12154 I Adreno  : Remote Branch                    : NONE
08-05 00:53:12.004 12138 12154 I Adreno  : Reconstruct Branch               : NOTHING
08-05 00:53:12.011 12138 12154 I OpenGLRenderer: Initialized EGL, version 1.4
08-05 00:53:12.125   918   936 I ActivityManager: Displayed baseline.io.github.project_travel_mate/.SplashActivity: +332ms
08-05 00:53:12.137 13866 13866 I GoogleInputMethodServic: GoogleInputMethodService.onFinishInput():3138 
08-05 00:53:12.139 13866 13866 I GoogleInputMethodServic: GoogleInputMethodService.onStartInput():1808 
08-05 00:53:13.369 12172 12172 D AndroidRuntime: >>>>>> START com.android.internal.os.RuntimeInit uid 2000 <<<<<<
08-05 00:53:13.372 12172 12172 D AndroidRuntime: CheckJNI is OFF
08-05 00:53:13.397 12172 12172 D ICU     : No timezone override file found: /data/misc/zoneinfo/current/icu/icu_tzdata.dat
08-05 00:53:13.422 12172 12172 I Radio-JNI: register_android_hardware_Radio DONE
08-05 00:53:13.437 12172 12172 D AndroidRuntime: Calling main entry com.android.commands.am.Am
08-05 00:53:13.442 24044 24044 I Trepn   : Trepn 6.2s: Received intent: com.quicinc.trepn.start_profiling
08-05 00:53:13.551 24044 24044 W FileUtils: Failed to chmod(/storage/emulated/0/trepn/Trepn_2020.08.05_005313.db): android.system.ErrnoException: chmod failed: EPERM (Operation not permitted)
08-05 00:53:13.643 24044 24044 I Trepn   : Trepn 6.2s: Trepn has Started Profiling.
08-05 00:53:13.644 12172 12172 D AndroidRuntime: Shutting down VM
08-05 00:53:14.038   918   928 I ActivityManager: START u0 {cmp=baseline.io.github.project_travel_mate/.MainActivity} from uid 10674 on display 0
08-05 00:53:14.126 12138 12138 W Settings: Setting airplane_mode_on has moved from android.provider.Settings.System to android.provider.Settings.Global, returning read-only value.
08-05 00:53:14.141 12138 12138 V MainActivity: url=https://project-travel-mate.herokuapp.com/api/get-user
08-05 00:53:14.171 12138 12205 W LOTTIE  : Unknown mask mode mode. Defaulting to Add.
08-05 00:53:14.179 12138 12205 W LOTTIE  : You have 5 images. Lottie should primarily be used with shapes. If you are using Adobe Illustrator, convert the Illustrator layers to shape layers.
08-05 00:53:14.180 12138 12205 W LOTTIE  : Unknown mask mode mode. Defaulting to Add.
08-05 00:53:14.181 12138 12205 W LOTTIE  : Unknown mask mode mode. Defaulting to Add.
08-05 00:53:14.188 12138 12150 I art     : Starting a blocking GC Explicit
08-05 00:53:14.231 12138 12150 I art     : Explicit concurrent mark sweep GC freed 15131(1122KB) AllocSpace objects, 1(20KB) LOS objects, 40% free, 23MB/38MB, paused 257us total 42.653ms
08-05 00:53:14.241 12138 12150 I art     : Starting a blocking GC Explicit
08-05 00:53:14.254 12138 12150 I art     : Explicit concurrent mark sweep GC freed 2126(113KB) AllocSpace objects, 0(0B) LOS objects, 40% free, 22MB/38MB, paused 259us total 12.710ms
08-05 00:53:14.262 12138 12150 I art     : Starting a blocking GC Explicit
08-05 00:53:14.275 12138 12150 I art     : Explicit concurrent mark sweep GC freed 126(5KB) AllocSpace objects, 0(0B) LOS objects, 40% free, 22MB/38MB, paused 234us total 13.219ms
08-05 00:53:14.280 12138 12138 V CityFragment: url=https://project-travel-mate.herokuapp.com/api/get-all-cities/10
08-05 00:53:14.285 12138 12150 I art     : Starting a blocking GC Explicit
08-05 00:53:14.305 12138 12150 I art     : Explicit concurrent mark sweep GC freed 872(44KB) AllocSpace objects, 0(0B) LOS objects, 40% free, 23MB/38MB, paused 426us total 19.370ms
08-05 00:53:14.313 12138 12150 I art     : Starting a blocking GC Explicit
08-05 00:53:14.348 12138 12150 I art     : Explicit concurrent mark sweep GC freed 139(11KB) AllocSpace objects, 0(0B) LOS objects, 40% free, 23MB/38MB, paused 254us total 29.277ms
08-05 00:53:14.820 12138 12138 E RecyclerView: No adapter attached; skipping layout
08-05 00:53:14.853 12138 12204 I NAPPA_EXPERIMENTATION: MetricNetworkRequestExecutionTime: REQUEST_DURATION_SYSTEM='699',REQUEST_DURATION_OKHTTP='46',REQUEST_SYNCHRONOUS='FALSE',RESPONSE_CODE='200',RESPONSE_METHOD='GET',RESPONSE_LENGTH_OKHTTP='185',RESPONSE_LENGTH_HEADER='185',REQUEST_PROTOCOL='http/1.1',REQUEST_URL='https://project-travel-mate.herokuapp.com/api/get-user',
08-05 00:53:14.863 12138 12138 I Choreographer: Skipped 34 frames!  The application may be doing too much work on its main thread.
08-05 00:53:14.886 12138 12208 I NAPPA_EXPERIMENTATION: MetricNetworkRequestExecutionTime: REQUEST_DURATION_SYSTEM='604',REQUEST_DURATION_OKHTTP='77',REQUEST_SYNCHRONOUS='FALSE',RESPONSE_CODE='200',RESPONSE_METHOD='GET',RESPONSE_LENGTH_OKHTTP='1588',RESPONSE_LENGTH_HEADER='1588',REQUEST_PROTOCOL='http/1.1',REQUEST_URL='https://project-travel-mate.herokuapp.com/api/get-all-cities/10',
08-05 00:53:14.940 12138 12159 I art     : Starting a blocking GC Explicit
08-05 00:53:14.956 12138 12159 I art     : Explicit concurrent mark sweep GC freed 11981(716KB) AllocSpace objects, 7(420KB) LOS objects, 36% free, 28MB/44MB, paused 229us total 15.463ms
08-05 00:53:14.966 12138 12159 I art     : Starting a blocking GC Explicit
08-05 00:53:14.970 12138 12138 V MainActivity: url = https://project-travel-mate.herokuapp.com/api/number-of-unread-notifications
08-05 00:53:14.970   918   936 I ActivityManager: Displayed baseline.io.github.project_travel_mate/.MainActivity: +924ms
08-05 00:53:14.980 12138 12159 I art     : Explicit concurrent mark sweep GC freed 2400(284KB) AllocSpace objects, 0(0B) LOS objects, 36% free, 28MB/44MB, paused 756us total 14.041ms
08-05 00:53:14.985 13866 13866 I GoogleInputMethodServic: GoogleInputMethodService.onFinishInput():3138 
08-05 00:53:14.986 13866 13866 I GoogleInputMethodServic: GoogleInputMethodService.onStartInput():1808 
08-05 00:53:14.987 12138 12138 E RecyclerView: No adapter attached; skipping layout
08-05 00:53:14.988 12138 12159 I art     : Starting a blocking GC Explicit
08-05 00:53:15.006 12138 12159 I art     : Explicit concurrent mark sweep GC freed 752(55KB) AllocSpace objects, 0(0B) LOS objects, 36% free, 28MB/44MB, paused 664us total 17.841ms
08-05 00:53:15.016 12138 12159 I art     : Starting a blocking GC Explicit
08-05 00:53:15.034 12138 12159 I art     : Explicit concurrent mark sweep GC freed 94(5KB) AllocSpace objects, 0(0B) LOS objects, 36% free, 28MB/44MB, paused 667us total 18.138ms
08-05 00:53:15.044 12138 12159 I art     : Starting a blocking GC Explicit
08-05 00:53:15.059 12138 12159 I art     : Explicit concurrent mark sweep GC freed 4(128B) AllocSpace objects, 0(0B) LOS objects, 36% free, 28MB/44MB, paused 254us total 14.530ms
08-05 00:53:15.064 12138 12138 V CityFragment: result=[{"id":1,"city_name":"Delhi","facts_count":6,"image":"https://upload.wikimedia.org/wikipedia/commons/9/94/%E0%B4%96%E0%B5%81%E0%B4%A4%E0%B5%8D%E0%B4%AC%E0%B5%8D_%E0%B4%AE%E0%B4%BF%E0%B4%A8%E0%B4%BE%E0%B5%BC1.jpg","visit_count":18186},{"id":2,"city_name":"Mumbai","facts_count":0,"image":"https://static1.squarespace.com/static/55917ae2e4b0984fc8c264c4/t/5ad7a037758d464041bfba27/1524102624280/Victoria_Mumbai.jpg","visit_count":6022},{"id":3,"city_name":"Bangalore","facts_count":0,"image":null,"visit_count":5536},{"id":8,"city_name":"Pune","facts_count":0,"image":"https://www.zricks.com/ImagesPostProject/47929//6557d975-20a9-4c6c-a776-8072a1936a76.jpg","visit_count":3324},{"id":4,"city_name":"Chennai","facts_count":0,"image":"http://lh3.ggpht.com/_YLb7tJ8RoAk/SfazBLdgf3I/AAAAAAAANEg/p52_Zz_URxg/s640/Picture%20009.jpg","visit_count":3061},{"id":5,"city_name":"Kolkata","facts_count":0,"image":"https://i.pinimg.com/originals/05/ec/42/05ec42c545b494d12cc612923483b4f0.jpg","visit_count":2211},{"id":9,"city_name":"Jaipur","facts_count":1,"image":"https://www.trodly.com/pictures/attraction/1943.jpg","visit_count":2007},{"id":6,"city_name":"Hyderabad","facts_count":0,"image":"https://i1.trekearth.com/photos/59194/charminar_020_sm.jpg","visit_count":1633},{"id":150,"city_name":"Panjim","facts_count":0,"image":"http://www.nomad4ever.com/wp-content/uploads/2009/04/palm-trees-at-baga-creek-north-goa1.jpg","visit_count":1488},{"id":7,"city_name":"Ahmedabad","facts_count":0,"image":"https://i.pinimg.com/originals/a5/ed/29/a5ed293271669a61f47059f7b0d9cf2c.jpg","visit_count":1115}]
08-05 00:53:15.147 12138 12138 D CityFragment: get cities cities size = 10
08-05 00:53:15.371 12138 12149 I art     : Starting a blocking GC Explicit
08-05 00:53:15.399 12138 12149 I art     : Explicit concurrent mark sweep GC freed 13491(892KB) AllocSpace objects, 11(504KB) LOS objects, 32% free, 32MB/48MB, paused 635us total 28.010ms
08-05 00:53:15.408 12138 12149 I art     : Starting a blocking GC Explicit
08-05 00:53:15.413   380   380 W SurfaceFlinger: couldn't log to binary event log: overflow.
08-05 00:53:15.426 12138 12149 I art     : Explicit concurrent mark sweep GC freed 3172(275KB) AllocSpace objects, 1(80KB) LOS objects, 33% free, 32MB/48MB, paused 369us total 18.014ms
08-05 00:53:15.431 12138 12226 I NAPPA_EXPERIMENTATION: MetricNetworkRequestExecutionTime: REQUEST_DURATION_SYSTEM='461',REQUEST_DURATION_OKHTTP='50',REQUEST_SYNCHRONOUS='FALSE',RESPONSE_CODE='200',RESPONSE_METHOD='GET',RESPONSE_LENGTH_OKHTTP='36',RESPONSE_LENGTH_HEADER='36',REQUEST_PROTOCOL='http/1.1',REQUEST_URL='https://project-travel-mate.herokuapp.com/api/number-of-unread-notifications',
08-05 00:53:15.435 12138 12149 I art     : Starting a blocking GC Explicit
08-05 00:53:15.461 12138 12149 I art     : Explicit concurrent mark sweep GC freed 356(26KB) AllocSpace objects, 1(4MB) LOS objects, 36% free, 28MB/44MB, paused 609us total 25.976ms
08-05 00:53:15.470 12138 12149 I art     : Starting a blocking GC Explicit
08-05 00:53:15.487 12138 12149 I art     : Explicit concurrent mark sweep GC freed 508(60KB) AllocSpace objects, 0(0B) LOS objects, 36% free, 28MB/44MB, paused 652us total 17.285ms
08-05 00:53:15.495 12138 12149 I art     : Starting a blocking GC Explicit
08-05 00:53:15.513 12138 12149 I art     : Explicit concurrent mark sweep GC freed 520(145KB) AllocSpace objects, 0(0B) LOS objects, 35% free, 29MB/45MB, paused 609us total 17.723ms
08-05 00:53:15.772 12138 12149 I art     : Starting a blocking GC Explicit
08-05 00:53:15.795 12138 12149 I art     : Explicit concurrent mark sweep GC freed 10328(1059KB) AllocSpace objects, 10(328KB) LOS objects, 33% free, 31MB/47MB, paused 674us total 22.664ms
08-05 00:53:15.806 12138 12149 I art     : Starting a blocking GC Explicit
08-05 00:53:15.823 12138 12149 I art     : Explicit concurrent mark sweep GC freed 10110(547KB) AllocSpace objects, 2(56KB) LOS objects, 33% free, 31MB/47MB, paused 362us total 16.990ms
08-05 00:53:15.831 12138 12149 I art     : Starting a blocking GC Explicit
08-05 00:53:15.846 12138 12149 I art     : Explicit concurrent mark sweep GC freed 385(18KB) AllocSpace objects, 3(1292KB) LOS objects, 34% free, 30MB/46MB, paused 303us total 14.941ms
08-05 00:53:15.855 12138 12149 I art     : Starting a blocking GC Explicit
08-05 00:53:15.870 12138 12149 I art     : Explicit concurrent mark sweep GC freed 244(45KB) AllocSpace objects, 0(0B) LOS objects, 33% free, 31MB/47MB, paused 268us total 15.339ms
08-05 00:53:15.878 12138 12149 I art     : Starting a blocking GC Explicit
08-05 00:53:15.894 12138 12149 I art     : Explicit concurrent mark sweep GC freed 106(100KB) AllocSpace objects, 2(56KB) LOS objects, 33% free, 31MB/47MB, paused 274us total 15.548ms
08-05 00:53:16.191 12138 12149 I art     : Starting a blocking GC Explicit
08-05 00:53:16.212 12138 12149 I art     : Explicit concurrent mark sweep GC freed 8293(644KB) AllocSpace objects, 13(1620KB) LOS objects, 32% free, 32MB/48MB, paused 255us total 20.294ms
08-05 00:53:16.221 12138 12149 I art     : Starting a blocking GC Explicit
08-05 00:53:16.239 12138 12149 I art     : Explicit concurrent mark sweep GC freed 267(8KB) AllocSpace objects, 0(0B) LOS objects, 32% free, 32MB/48MB, paused 236us total 17.521ms
08-05 00:53:16.249 12138 12149 I art     : Starting a blocking GC Explicit
08-05 00:53:16.268 12138 12149 I art     : Explicit concurrent mark sweep GC freed 136(5KB) AllocSpace objects, 0(0B) LOS objects, 32% free, 32MB/48MB, paused 950us total 19.115ms
08-05 00:53:16.276 12138 12149 I art     : Starting a blocking GC Explicit
08-05 00:53:16.294 12138 12149 I art     : Explicit concurrent mark sweep GC freed 334(15KB) AllocSpace objects, 0(0B) LOS objects, 32% free, 32MB/48MB, paused 303us total 17.756ms
08-05 00:53:16.303 12138 12149 I art     : Starting a blocking GC Explicit
08-05 00:53:16.320 12138 12149 I art     : Explicit concurrent mark sweep GC freed 61(1616B) AllocSpace objects, 0(0B) LOS objects, 32% free, 32MB/48MB, paused 221us total 16.388ms
08-05 00:53:16.682 12138 12149 I art     : Starting a blocking GC Explicit
08-05 00:53:16.703 12138 12149 I art     : Explicit concurrent mark sweep GC freed 1986(92KB) AllocSpace objects, 2(40KB) LOS objects, 32% free, 32MB/48MB, paused 292us total 20.793ms
08-05 00:53:16.717 12138 12149 I art     : Starting a blocking GC Explicit
08-05 00:53:16.734 12138 12149 I art     : Explicit concurrent mark sweep GC freed 52(1296B) AllocSpace objects, 0(0B) LOS objects, 32% free, 32MB/48MB, paused 305us total 17.752ms
08-05 00:53:16.743 12138 12149 I art     : Starting a blocking GC Explicit
08-05 00:53:16.761 12138 12149 I art     : Explicit concurrent mark sweep GC freed 48(864B) AllocSpace objects, 0(0B) LOS objects, 32% free, 32MB/48MB, paused 248us total 17.088ms
08-05 00:53:16.769 12138 12149 I art     : Starting a blocking GC Explicit
08-05 00:53:16.786 12138 12149 I art     : Explicit concurrent mark sweep GC freed 51(896B) AllocSpace objects, 0(0B) LOS objects, 32% free, 32MB/48MB, paused 249us total 16.774ms
08-05 00:53:16.795 12138 12149 I art     : Starting a blocking GC Explicit
08-05 00:53:16.812 12138 12149 I art     : Explicit concurrent mark sweep GC freed 27(496B) AllocSpace objects, 0(0B) LOS objects, 32% free, 32MB/48MB, paused 252us total 17.161ms
08-05 00:53:17.162 12138 12159 I art     : Starting a blocking GC Explicit
08-05 00:53:17.186 12138 12159 I art     : Explicit concurrent mark sweep GC freed 1970(91KB) AllocSpace objects, 2(40KB) LOS objects, 32% free, 32MB/48MB, paused 297us total 23.759ms
08-05 00:53:17.198 12138 12159 I art     : Starting a blocking GC Explicit
08-05 00:53:17.216 12138 12159 I art     : Explicit concurrent mark sweep GC freed 46(1184B) AllocSpace objects, 0(0B) LOS objects, 32% free, 32MB/48MB, paused 263us total 17.985ms
08-05 00:53:17.216 12138 12148 I art     : WaitForGcToComplete blocked for 11.377ms for cause HeapTrim
08-05 00:53:17.225 12138 12159 I art     : Starting a blocking GC Explicit
08-05 00:53:17.243 12138 12159 I art     : Explicit concurrent mark sweep GC freed 51(896B) AllocSpace objects, 0(0B) LOS objects, 32% free, 32MB/48MB, paused 253us total 17.201ms
08-05 00:53:17.252 12138 12159 I art     : Starting a blocking GC Explicit
08-05 00:53:17.270 12138 12159 I art     : Explicit concurrent mark sweep GC freed 51(896B) AllocSpace objects, 0(0B) LOS objects, 32% free, 32MB/48MB, paused 251us total 17.353ms
08-05 00:53:17.279 12138 12159 I art     : Starting a blocking GC Explicit
08-05 00:53:17.296 12138 12159 I art     : Explicit concurrent mark sweep GC freed 27(496B) AllocSpace objects, 0(0B) LOS objects, 32% free, 32MB/48MB, paused 249us total 16.959ms
08-05 00:53:17.642 12138 12150 I art     : Starting a blocking GC Explicit
08-05 00:53:17.667 12138 12150 I art     : Explicit concurrent mark sweep GC freed 1947(91KB) AllocSpace objects, 2(40KB) LOS objects, 32% free, 32MB/48MB, paused 274us total 23.980ms
08-05 00:53:17.677 12138 12150 I art     : Starting a blocking GC Explicit
08-05 00:53:17.694 12138 12150 I art     : Explicit concurrent mark sweep GC freed 70(1584B) AllocSpace objects, 0(0B) LOS objects, 32% free, 32MB/48MB, paused 226us total 16.414ms
08-05 00:53:17.702 12138 12150 I art     : Starting a blocking GC Explicit
08-05 00:53:17.717 12138 12150 I art     : Explicit concurrent mark sweep GC freed 27(496B) AllocSpace objects, 0(0B) LOS objects, 32% free, 32MB/48MB, paused 355us total 14.449ms
08-05 00:53:17.725 12138 12150 I art     : Starting a blocking GC Explicit
08-05 00:53:17.739 12138 12150 I art     : Explicit concurrent mark sweep GC freed 51(896B) AllocSpace objects, 0(0B) LOS objects, 32% free, 32MB/48MB, paused 221us total 14.524ms
08-05 00:53:17.747 12138 12150 I art     : Starting a blocking GC Explicit
08-05 00:53:17.762 12138 12150 I art     : Explicit concurrent mark sweep GC freed 27(496B) AllocSpace objects, 0(0B) LOS objects, 32% free, 32MB/48MB, paused 222us total 14.101ms
08-05 00:53:18.074 12138 12149 I art     : Starting a blocking GC Explicit
08-05 00:53:18.099 12138 12149 I art     : Explicit concurrent mark sweep GC freed 1900(90KB) AllocSpace objects, 2(40KB) LOS objects, 32% free, 32MB/48MB, paused 273us total 23.965ms
08-05 00:53:18.112 12138 12149 I art     : Starting a blocking GC Explicit
08-05 00:53:18.134 12138 12149 I art     : Explicit concurrent mark sweep GC freed 70(1584B) AllocSpace objects, 0(0B) LOS objects, 32% free, 32MB/48MB, paused 247us total 21.429ms
08-05 00:53:18.143 12138 12149 I art     : Starting a blocking GC Explicit
08-05 00:53:18.161 12138 12149 I art     : Explicit concurrent mark sweep GC freed 51(896B) AllocSpace objects, 0(0B) LOS objects, 32% free, 32MB/48MB, paused 262us total 17.704ms
08-05 00:53:18.171 12138 12149 I art     : Starting a blocking GC Explicit
08-05 00:53:18.188 12138 12149 I art     : Explicit concurrent mark sweep GC freed 51(896B) AllocSpace objects, 0(0B) LOS objects, 32% free, 32MB/48MB, paused 248us total 16.713ms
08-05 00:53:18.196 12138 12149 I art     : Starting a blocking GC Explicit
08-05 00:53:18.214 12138 12149 I art     : Explicit concurrent mark sweep GC freed 27(496B) AllocSpace objects, 0(0B) LOS objects, 32% free, 32MB/48MB, paused 252us total 17.099ms
08-05 00:53:18.562 12138 12159 I art     : Starting a blocking GC Explicit
08-05 00:53:18.587 12138 12159 I art     : Explicit concurrent mark sweep GC freed 1953(91KB) AllocSpace objects, 2(40KB) LOS objects, 32% free, 32MB/48MB, paused 364us total 23.877ms
08-05 00:53:18.599 12138 12159 I art     : Starting a blocking GC Explicit
08-05 00:53:18.617 12138 12159 I art     : Explicit concurrent mark sweep GC freed 64(1488B) AllocSpace objects, 0(0B) LOS objects, 32% free, 32MB/48MB, paused 271us total 17.433ms
08-05 00:53:18.626 12138 12159 I art     : Starting a blocking GC Explicit
08-05 00:53:18.644 12138 12159 I art     : Explicit concurrent mark sweep GC freed 51(896B) AllocSpace objects, 0(0B) LOS objects, 32% free, 32MB/48MB, paused 263us total 17.518ms
08-05 00:53:18.653 12138 12159 I art     : Starting a blocking GC Explicit
08-05 00:53:18.671 12138 12159 I art     : Explicit concurrent mark sweep GC freed 43(736B) AllocSpace objects, 0(0B) LOS objects, 32% free, 32MB/48MB, paused 303us total 18.119ms
08-05 00:53:18.680 12138 12159 I art     : Starting a blocking GC Explicit
08-05 00:53:18.698 12138 12159 I art     : Explicit concurrent mark sweep GC freed 35(656B) AllocSpace objects, 0(0B) LOS objects, 32% free, 32MB/48MB, paused 259us total 17.644ms
08-05 00:53:19.008 12138 12150 I art     : Starting a blocking GC Explicit
08-05 00:53:19.027 12138 12150 I art     : Explicit concurrent mark sweep GC freed 1899(90KB) AllocSpace objects, 2(40KB) LOS objects, 32% free, 32MB/48MB, paused 252us total 18.546ms
08-05 00:53:19.036 12138 12150 I art     : Starting a blocking GC Explicit
08-05 00:53:19.053 12138 12150 I art     : Explicit concurrent mark sweep GC freed 69(1552B) AllocSpace objects, 0(0B) LOS objects, 32% free, 32MB/48MB, paused 248us total 16.620ms
08-05 00:53:19.062 12138 12150 I art     : Starting a blocking GC Explicit
08-05 00:53:19.079 12138 12150 I art     : Explicit concurrent mark sweep GC freed 28(528B) AllocSpace objects, 0(0B) LOS objects, 32% free, 32MB/48MB, paused 250us total 16.795ms
08-05 00:53:19.088 12138 12150 I art     : Starting a blocking GC Explicit
08-05 00:53:19.105 12138 12150 I art     : Explicit concurrent mark sweep GC freed 51(896B) AllocSpace objects, 0(0B) LOS objects, 32% free, 32MB/48MB, paused 250us total 16.888ms
08-05 00:53:19.113 12138 12150 I art     : Starting a blocking GC Explicit
08-05 00:53:19.131 12138 12150 I art     : Explicit concurrent mark sweep GC freed 27(496B) AllocSpace objects, 0(0B) LOS objects, 32% free, 32MB/48MB, paused 246us total 16.971ms
08-05 00:53:19.467 12138 12149 I art     : Starting a blocking GC Explicit
08-05 00:53:19.492 12138 12149 I art     : Explicit concurrent mark sweep GC freed 1947(91KB) AllocSpace objects, 2(40KB) LOS objects, 32% free, 32MB/48MB, paused 273us total 24.369ms
08-05 00:53:19.504 12138 12149 I art     : Starting a blocking GC Explicit
08-05 00:53:19.521 12138 12149 I art     : Explicit concurrent mark sweep GC freed 68(1536B) AllocSpace objects, 0(0B) LOS objects, 32% free, 32MB/48MB, paused 252us total 16.516ms
08-05 00:53:19.529 12138 12149 I art     : Starting a blocking GC Explicit
08-05 00:53:19.546 12138 12149 I art     : Explicit concurrent mark sweep GC freed 29(544B) AllocSpace objects, 0(0B) LOS objects, 32% free, 32MB/48MB, paused 243us total 16.647ms
08-05 00:53:19.555 12138 12149 I art     : Starting a blocking GC Explicit
08-05 00:53:19.572 12138 12149 I art     : Explicit concurrent mark sweep GC freed 37(656B) AllocSpace objects, 0(0B) LOS objects, 32% free, 32MB/48MB, paused 276us total 16.700ms
08-05 00:53:19.580 12138 12149 I art     : Starting a blocking GC Explicit
08-05 00:53:19.597 12138 12149 I art     : Explicit concurrent mark sweep GC freed 41(736B) AllocSpace objects, 0(0B) LOS objects, 32% free, 32MB/48MB, paused 232us total 16.589ms
08-05 00:53:19.945 12138 12159 I art     : Starting a blocking GC Explicit
08-05 00:53:19.966 12138 12159 I art     : Explicit concurrent mark sweep GC freed 1948(91KB) AllocSpace objects, 2(40KB) LOS objects, 32% free, 32MB/48MB, paused 251us total 20.730ms
08-05 00:53:19.975 12138 12159 I art     : Starting a blocking GC Explicit
08-05 00:53:19.993 12138 12159 I art     : Explicit concurrent mark sweep GC freed 70(1584B) AllocSpace objects, 0(0B) LOS objects, 32% free, 32MB/48MB, paused 247us total 17.566ms
08-05 00:53:20.001 12138 12159 I art     : Starting a blocking GC Explicit
08-05 00:53:20.018 12138 12159 I art     : Explicit concurrent mark sweep GC freed 27(496B) AllocSpace objects, 0(0B) LOS objects, 32% free, 32MB/48MB, paused 256us total 16.629ms
08-05 00:53:20.027 12138 12159 I art     : Starting a blocking GC Explicit
08-05 00:53:20.044 12138 12159 I art     : Explicit concurrent mark sweep GC freed 51(896B) AllocSpace objects, 0(0B) LOS objects, 32% free, 32MB/48MB, paused 252us total 16.678ms
08-05 00:53:20.052 12138 12159 I art     : Starting a blocking GC Explicit
08-05 00:53:20.070 12138 12159 I art     : Explicit concurrent mark sweep GC freed 27(496B) AllocSpace objects, 0(0B) LOS objects, 32% free, 32MB/48MB, paused 261us total 17.373ms
08-05 00:53:20.406 12138 12150 I art     : Starting a blocking GC Explicit
08-05 00:53:20.430 12138 12150 I art     : Explicit concurrent mark sweep GC freed 1949(91KB) AllocSpace objects, 2(40KB) LOS objects, 32% free, 32MB/48MB, paused 275us total 24.007ms
08-05 00:53:20.444 12138 12150 I art     : Starting a blocking GC Explicit
08-05 00:53:20.461 12138 12150 I art     : Explicit concurrent mark sweep GC freed 69(1552B) AllocSpace objects, 0(0B) LOS objects, 32% free, 32MB/48MB, paused 262us total 16.972ms
08-05 00:53:20.470 12138 12150 I art     : Starting a blocking GC Explicit
08-05 00:53:20.487 12138 12150 I art     : Explicit concurrent mark sweep GC freed 27(496B) AllocSpace objects, 0(0B) LOS objects, 32% free, 32MB/48MB, paused 282us total 17.237ms
08-05 00:53:20.496 12138 12150 I art     : Starting a blocking GC Explicit
08-05 00:53:20.513 12138 12150 I art     : Explicit concurrent mark sweep GC freed 52(928B) AllocSpace objects, 0(0B) LOS objects, 32% free, 32MB/48MB, paused 257us total 16.856ms
08-05 00:53:20.522 12138 12150 I art     : Starting a blocking GC Explicit
08-05 00:53:20.540 12138 12150 I art     : Explicit concurrent mark sweep GC freed 34(592B) AllocSpace objects, 0(0B) LOS objects, 32% free, 32MB/48MB, paused 270us total 17.686ms
08-05 00:53:20.879 12138 12149 I art     : Starting a blocking GC Explicit
08-05 00:53:20.899 12138 12149 I art     : Explicit concurrent mark sweep GC freed 1941(91KB) AllocSpace objects, 2(40KB) LOS objects, 32% free, 32MB/48MB, paused 258us total 19.735ms
08-05 00:53:20.912 12138 12149 I art     : Starting a blocking GC Explicit
08-05 00:53:20.930 12138 12149 I art     : Explicit concurrent mark sweep GC freed 70(1584B) AllocSpace objects, 0(0B) LOS objects, 32% free, 32MB/48MB, paused 256us total 17.678ms
08-05 00:53:20.939 12138 12149 I art     : Starting a blocking GC Explicit
08-05 00:53:20.959 12138 12149 I art     : Explicit concurrent mark sweep GC freed 46(784B) AllocSpace objects, 0(0B) LOS objects, 32% free, 32MB/48MB, paused 658us total 19.851ms
08-05 00:53:20.968 12138 12149 I art     : Starting a blocking GC Explicit
08-05 00:53:20.985 12138 12149 I art     : Explicit concurrent mark sweep GC freed 32(608B) AllocSpace objects, 0(0B) LOS objects, 32% free, 32MB/48MB, paused 244us total 17.144ms
08-05 00:53:20.994 12138 12149 I art     : Starting a blocking GC Explicit
08-05 00:53:21.011 12138 12149 I art     : Explicit concurrent mark sweep GC freed 52(928B) AllocSpace objects, 0(0B) LOS objects, 32% free, 32MB/48MB, paused 250us total 17.202ms
08-05 00:53:21.302 12138 12159 I art     : Starting a blocking GC Explicit
08-05 00:53:21.320 12138 12159 I art     : Explicit concurrent mark sweep GC freed 1852(89KB) AllocSpace objects, 2(40KB) LOS objects, 32% free, 32MB/48MB, paused 265us total 17.629ms
08-05 00:53:21.329 12138 12159 I art     : Starting a blocking GC Explicit
08-05 00:53:21.346 12138 12159 I art     : Explicit concurrent mark sweep GC freed 70(1584B) AllocSpace objects, 0(0B) LOS objects, 32% free, 32MB/48MB, paused 275us total 17.570ms
08-05 00:53:21.356 12138 12159 I art     : Starting a blocking GC Explicit
08-05 00:53:21.373 12138 12159 I art     : Explicit concurrent mark sweep GC freed 31(544B) AllocSpace objects, 0(0B) LOS objects, 32% free, 32MB/48MB, paused 291us total 17.308ms
08-05 00:53:21.382 12138 12159 I art     : Starting a blocking GC Explicit
08-05 00:53:21.399 12138 12159 I art     : Explicit concurrent mark sweep GC freed 47(848B) AllocSpace objects, 0(0B) LOS objects, 32% free, 32MB/48MB, paused 277us total 16.956ms
08-05 00:53:21.408 12138 12159 I art     : Starting a blocking GC Explicit
08-05 00:53:21.425 12138 12159 I art     : Explicit concurrent mark sweep GC freed 49(832B) AllocSpace objects, 0(0B) LOS objects, 32% free, 32MB/48MB, paused 299us total 17.472ms
08-05 00:53:21.458 12381 12381 D AndroidRuntime: >>>>>> START com.android.internal.os.RuntimeInit uid 2000 <<<<<<
08-05 00:53:21.462 12381 12381 D AndroidRuntime: CheckJNI is OFF
08-05 00:53:21.485 12381 12381 D ICU     : No timezone override file found: /data/misc/zoneinfo/current/icu/icu_tzdata.dat
08-05 00:53:21.511 12381 12381 I Radio-JNI: register_android_hardware_Radio DONE
08-05 00:53:21.527 12381 12381 D AndroidRuntime: Calling main entry com.android.commands.input.Input
08-05 00:53:21.529 12381 12381 I Input   : injectMotionEvent: MotionEvent { action=ACTION_DOWN, actionButton=0, id[0]=0, x[0]=346.0, y[0]=709.0, toolType[0]=TOOL_TYPE_UNKNOWN, buttonState=0, metaState=0, flags=0x0, edgeFlags=0x0, pointerCount=1, historySize=0, eventTime=752017942, downTime=752017942, deviceId=0, source=0x1002 }
08-05 00:53:21.545 12381 12381 I Input   : injectMotionEvent: MotionEvent { action=ACTION_UP, actionButton=0, id[0]=0, x[0]=346.0, y[0]=709.0, toolType[0]=TOOL_TYPE_UNKNOWN, buttonState=0, metaState=0, flags=0x0, edgeFlags=0x0, pointerCount=1, historySize=0, eventTime=752017942, downTime=752017942, deviceId=0, source=0x1002 }
08-05 00:53:21.581   918  3961 I ActivityManager: START u0 {cmp=baseline.io.github.project_travel_mate/.destinations.description.FinalCityInfoActivity (has extras)} from uid 10674 on display 0
08-05 00:53:21.589 12381 12381 D AndroidRuntime: Shutting down VM
08-05 00:53:21.644 12138 12205 D Gabe    : call	returning from cache
08-05 00:53:21.672 12138 12138 V EXECUTING: https://project-travel-mate.herokuapp.com/api/get-city-weather/1
08-05 00:53:21.690 12138 12149 I art     : Starting a blocking GC Explicit
08-05 00:53:21.711 12138 12149 I art     : Explicit concurrent mark sweep GC freed 8522(559KB) AllocSpace objects, 2(40KB) LOS objects, 32% free, 33MB/49MB, paused 334us total 20.862ms
08-05 00:53:21.720 12138 12149 I art     : Starting a blocking GC Explicit
08-05 00:53:21.742 12138 12149 I art     : Explicit concurrent mark sweep GC freed 1129(46KB) AllocSpace objects, 0(0B) LOS objects, 29% free, 37MB/53MB, paused 709us total 21.419ms
08-05 00:53:21.753 12138 12149 I art     : Starting a blocking GC Explicit
08-05 00:53:21.774 12138 12149 I art     : Explicit concurrent mark sweep GC freed 105(4KB) AllocSpace objects, 0(0B) LOS objects, 29% free, 37MB/53MB, paused 566us total 21.229ms
08-05 00:53:21.785 12138 12149 I art     : Starting a blocking GC Explicit
08-05 00:53:21.804 12138 12149 I art     : Explicit concurrent mark sweep GC freed 121(9KB) AllocSpace objects, 0(0B) LOS objects, 29% free, 37MB/53MB, paused 381us total 19.375ms
08-05 00:53:21.813 12138 12149 I art     : Starting a blocking GC Explicit
08-05 00:53:21.815   918   936 I ActivityManager: Displayed baseline.io.github.project_travel_mate/.destinations.description.FinalCityInfoActivity: +227ms
08-05 00:53:21.815 13866 13866 I GoogleInputMethodServic: GoogleInputMethodService.onFinishInput():3138 
08-05 00:53:21.816 13866 13866 I GoogleInputMethodServic: GoogleInputMethodService.onStartInput():1808 
08-05 00:53:21.833 12138 12149 I art     : Explicit concurrent mark sweep GC freed 147(3KB) AllocSpace objects, 0(0B) LOS objects, 29% free, 37MB/53MB, paused 655us total 19.328ms
08-05 00:53:22.055   380   380 W SurfaceFlinger: couldn't log to binary event log: overflow.
08-05 00:53:22.083 12138 12149 I art     : Starting a blocking GC Explicit
08-05 00:53:22.100 12138 12149 I art     : Explicit concurrent mark sweep GC freed 2080(93KB) AllocSpace objects, 2(40KB) LOS objects, 29% free, 37MB/53MB, paused 278us total 16.801ms
08-05 00:53:22.108 12138 12149 I art     : Starting a blocking GC Explicit
08-05 00:53:22.125 12138 12149 I art     : Explicit concurrent mark sweep GC freed 118(2384B) AllocSpace objects, 0(0B) LOS objects, 29% free, 37MB/53MB, paused 273us total 16.575ms
08-05 00:53:22.134 12138 12149 I art     : Starting a blocking GC Explicit
08-05 00:53:22.153 12138 12149 I art     : Explicit concurrent mark sweep GC freed 51(896B) AllocSpace objects, 0(0B) LOS objects, 29% free, 37MB/53MB, paused 303us total 18.460ms
08-05 00:53:22.162 12138 12149 I art     : Starting a blocking GC Explicit
08-05 00:53:22.180 12138 12149 I art     : Explicit concurrent mark sweep GC freed 561(37KB) AllocSpace objects, 0(0B) LOS objects, 29% free, 37MB/53MB, paused 363us total 18.581ms
08-05 00:53:22.190 12138 12149 I art     : Starting a blocking GC Explicit
08-05 00:53:22.214 12138 12149 I art     : Explicit concurrent mark sweep GC freed 3964(167KB) AllocSpace objects, 2(120KB) LOS objects, 29% free, 37MB/53MB, paused 541us total 23.871ms
08-05 00:53:22.269 12138 12416 I NAPPA_EXPERIMENTATION: MetricNetworkRequestExecutionTime: REQUEST_DURATION_SYSTEM='596',REQUEST_DURATION_OKHTTP='49',REQUEST_SYNCHRONOUS='FALSE',RESPONSE_CODE='200',RESPONSE_METHOD='GET',RESPONSE_LENGTH_OKHTTP='238',RESPONSE_LENGTH_HEADER='238',REQUEST_PROTOCOL='http/1.1',REQUEST_URL='https://project-travel-mate.herokuapp.com/api/get-city-weather/1',
08-05 00:53:22.280 12138 12417 I NAPPA_EXPERIMENTATION: MetricNetworkRequestExecutionTime: REQUEST_DURATION_SYSTEM='607',REQUEST_DURATION_OKHTTP='61',REQUEST_SYNCHRONOUS='FALSE',RESPONSE_CODE='200',RESPONSE_METHOD='GET',RESPONSE_LENGTH_OKHTTP='530',RESPONSE_LENGTH_HEADER='530',REQUEST_PROTOCOL='http/1.1',REQUEST_URL='https://project-travel-mate.herokuapp.com/api/get-city/1',
08-05 00:53:22.318 12138 12417 V Response: {"id":1,"city_name":"Delhi","description":"Delhi, officially the National Capital Territory of Delhi, is the Capital territory of India. During the British Raj, Delhi was part of the province of Punjab and is still historically and culturally connected to the Punjab region.","latitude":"28.613900","longitude":"77.209000","facts_count":6,"images":["https://upload.wikimedia.org/wikipedia/commons/9/94/%E0%B4%96%E0%B5%81%E0%B4%A4%E0%B5%8D%E0%B4%AC%E0%B5%8D_%E0%B4%AE%E0%B4%BF%E0%B4%A8%E0%B4%BE%E0%B5%BC1.jpg"],"has_visited":false}
08-05 00:53:22.498 12138 12150 I art     : Starting a blocking GC Explicit
08-05 00:53:22.518 12138 12150 I art     : Explicit concurrent mark sweep GC freed 6163(519KB) AllocSpace objects, 13(5MB) LOS objects, 29% free, 38MB/54MB, paused 255us total 19.781ms
08-05 00:53:22.527 12138 12150 I art     : Starting a blocking GC Explicit
08-05 00:53:22.547 12138 12150 I art     : Explicit concurrent mark sweep GC freed 281(10KB) AllocSpace objects, 0(0B) LOS objects, 29% free, 38MB/54MB, paused 312us total 19.577ms
08-05 00:53:22.556 12138 12150 I art     : Starting a blocking GC Explicit
08-05 00:53:22.577 12138 12150 I art     : Explicit concurrent mark sweep GC freed 99(1696B) AllocSpace objects, 0(0B) LOS objects, 29% free, 38MB/54MB, paused 298us total 20.275ms
08-05 00:53:22.586 12138 12150 I art     : Starting a blocking GC Explicit
08-05 00:53:22.606 12138 12150 I art     : Explicit concurrent mark sweep GC freed 52(912B) AllocSpace objects, 0(0B) LOS objects, 29% free, 38MB/54MB, paused 426us total 19.791ms
08-05 00:53:22.615 12138 12150 I art     : Starting a blocking GC Explicit
08-05 00:53:22.635 12138 12150 I art     : Explicit concurrent mark sweep GC freed 98(1680B) AllocSpace objects, 0(0B) LOS objects, 29% free, 38MB/54MB, paused 287us total 19.836ms
08-05 00:53:22.946 12138 12418 I art     : Starting a blocking GC Explicit
08-05 00:53:22.967 12138 12418 I art     : Explicit concurrent mark sweep GC freed 2444(101KB) AllocSpace objects, 2(40KB) LOS objects, 29% free, 38MB/54MB, paused 306us total 21.419ms
08-05 00:53:22.976 12138 12418 I art     : Starting a blocking GC Explicit
08-05 00:53:22.994 12138 12418 I art     : Explicit concurrent mark sweep GC freed 130(3KB) AllocSpace objects, 0(0B) LOS objects, 29% free, 38MB/54MB, paused 291us total 17.944ms
08-05 00:53:23.003 12138 12418 I art     : Starting a blocking GC Explicit
08-05 00:53:23.021 12138 12418 I art     : Explicit concurrent mark sweep GC freed 51(896B) AllocSpace objects, 0(0B) LOS objects, 29% free, 38MB/54MB, paused 286us total 18.262ms
08-05 00:53:23.030 12138 12418 I art     : Starting a blocking GC Explicit
08-05 00:53:23.049 12138 12418 I art     : Explicit concurrent mark sweep GC freed 99(1696B) AllocSpace objects, 0(0B) LOS objects, 29% free, 38MB/54MB, paused 294us total 19.437ms
08-05 00:53:23.058 12138 12418 I art     : Starting a blocking GC Explicit
08-05 00:53:23.079 12138 12418 I art     : Explicit concurrent mark sweep GC freed 99(1696B) AllocSpace objects, 0(0B) LOS objects, 29% free, 38MB/54MB, paused 292us total 20.700ms
08-05 00:53:23.437 12138 12159 I art     : Starting a blocking GC Explicit
08-05 00:53:23.458 12138 12159 I art     : Explicit concurrent mark sweep GC freed 2527(100KB) AllocSpace objects, 2(40KB) LOS objects, 29% free, 38MB/54MB, paused 341us total 21.439ms
08-05 00:53:23.468 12138 12159 I art     : Starting a blocking GC Explicit
08-05 00:53:23.488 12138 12159 I art     : Explicit concurrent mark sweep GC freed 71(1616B) AllocSpace objects, 0(0B) LOS objects, 29% free, 38MB/54MB, paused 282us total 20.235ms
08-05 00:53:23.497 12138 12159 I art     : Starting a blocking GC Explicit
08-05 00:53:23.516 12138 12159 I art     : Explicit concurrent mark sweep GC freed 99(1696B) AllocSpace objects, 0(0B) LOS objects, 29% free, 38MB/54MB, paused 256us total 18.821ms
08-05 00:53:23.525 12138 12159 I art     : Starting a blocking GC Explicit
08-05 00:53:23.544 12138 12159 I art     : Explicit concurrent mark sweep GC freed 99(1696B) AllocSpace objects, 0(0B) LOS objects, 29% free, 38MB/54MB, paused 293us total 18.759ms
08-05 00:53:23.553 12138 12159 I art     : Starting a blocking GC Explicit
08-05 00:53:23.572 12138 12159 I art     : Explicit concurrent mark sweep GC freed 51(896B) AllocSpace objects, 0(0B) LOS objects, 29% free, 38MB/54MB, paused 280us total 18.460ms
08-05 00:53:23.928 12138 12150 I art     : Starting a blocking GC Explicit
08-05 00:53:23.952 12138 12150 I art     : Explicit concurrent mark sweep GC freed 2527(100KB) AllocSpace objects, 2(40KB) LOS objects, 29% free, 38MB/54MB, paused 305us total 22.946ms
08-05 00:53:23.966 12138 12150 I art     : Starting a blocking GC Explicit
08-05 00:53:23.985 12138 12150 I art     : Explicit concurrent mark sweep GC freed 118(2384B) AllocSpace objects, 0(0B) LOS objects, 29% free, 38MB/54MB, paused 284us total 18.933ms
08-05 00:53:23.994 12138 12150 I art     : Starting a blocking GC Explicit
08-05 00:53:24.014 12138 12150 I art     : Explicit concurrent mark sweep GC freed 99(1696B) AllocSpace objects, 0(0B) LOS objects, 29% free, 38MB/54MB, paused 286us total 19.733ms
08-05 00:53:24.023 12138 12150 I art     : Starting a blocking GC Explicit
08-05 00:53:24.043 12138 12150 I art     : Explicit concurrent mark sweep GC freed 98(1664B) AllocSpace objects, 0(0B) LOS objects, 29% free, 38MB/54MB, paused 298us total 19.512ms
08-05 00:53:24.052 12138 12150 I art     : Starting a blocking GC Explicit
08-05 00:53:24.072 12138 12150 I art     : Explicit concurrent mark sweep GC freed 52(928B) AllocSpace objects, 0(0B) LOS objects, 29% free, 38MB/54MB, paused 294us total 19.818ms
08-05 00:53:24.432 12138 12149 I art     : Starting a blocking GC Explicit
08-05 00:53:24.455 12138 12149 I art     : Explicit concurrent mark sweep GC freed 2528(100KB) AllocSpace objects, 2(40KB) LOS objects, 29% free, 38MB/54MB, paused 326us total 22.273ms
08-05 00:53:24.464 12138 12149 I art     : Starting a blocking GC Explicit
08-05 00:53:24.483 12138 12149 I art     : Explicit concurrent mark sweep GC freed 118(2384B) AllocSpace objects, 0(0B) LOS objects, 29% free, 38MB/54MB, paused 293us total 19.506ms
08-05 00:53:24.492 12138 12149 I art     : Starting a blocking GC Explicit
08-05 00:53:24.512 12138 12149 I art     : Explicit concurrent mark sweep GC freed 99(1696B) AllocSpace objects, 0(0B) LOS objects, 29% free, 38MB/54MB, paused 292us total 19.606ms
08-05 00:53:24.521 12138 12149 I art     : Starting a blocking GC Explicit
08-05 00:53:24.541 12138 12149 I art     : Explicit concurrent mark sweep GC freed 51(896B) AllocSpace objects, 0(0B) LOS objects, 29% free, 38MB/54MB, paused 368us total 19.970ms
08-05 00:53:24.550 12138 12149 I art     : Starting a blocking GC Explicit
08-05 00:53:24.570 12138 12149 I art     : Explicit concurrent mark sweep GC freed 99(1696B) AllocSpace objects, 0(0B) LOS objects, 29% free, 38MB/54MB, paused 305us total 19.542ms
08-05 00:53:24.906 12138 12418 I art     : Starting a blocking GC Explicit
08-05 00:53:24.928 12138 12418 I art     : Explicit concurrent mark sweep GC freed 2481(100KB) AllocSpace objects, 2(40KB) LOS objects, 29% free, 38MB/54MB, paused 292us total 21.228ms
08-05 00:53:24.937 12138 12418 I art     : Starting a blocking GC Explicit
08-05 00:53:24.956 12138 12418 I art     : Explicit concurrent mark sweep GC freed 70(1584B) AllocSpace objects, 0(0B) LOS objects, 29% free, 38MB/54MB, paused 291us total 19.433ms
08-05 00:53:24.965 12138 12418 I art     : Starting a blocking GC Explicit
08-05 00:53:24.985 12138 12418 I art     : Explicit concurrent mark sweep GC freed 99(1696B) AllocSpace objects, 0(0B) LOS objects, 29% free, 38MB/54MB, paused 321us total 19.077ms
08-05 00:53:24.993 12138 12418 I art     : Starting a blocking GC Explicit
08-05 00:53:25.013 12138 12418 I art     : Explicit concurrent mark sweep GC freed 99(1696B) AllocSpace objects, 0(0B) LOS objects, 29% free, 38MB/54MB, paused 289us total 19.815ms
08-05 00:53:25.022 12138 12418 I art     : Starting a blocking GC Explicit
08-05 00:53:25.043 12138 12418 I art     : Explicit concurrent mark sweep GC freed 99(1696B) AllocSpace objects, 0(0B) LOS objects, 29% free, 38MB/54MB, paused 295us total 20.754ms
08-05 00:53:25.390 12138 12159 I art     : Starting a blocking GC Explicit
08-05 00:53:25.413 12138 12159 I art     : Explicit concurrent mark sweep GC freed 2480(100KB) AllocSpace objects, 2(40KB) LOS objects, 29% free, 38MB/54MB, paused 301us total 22.701ms
08-05 00:53:25.423 12138 12159 I art     : Starting a blocking GC Explicit
08-05 00:53:25.444 12138 12159 I art     : Explicit concurrent mark sweep GC freed 117(2352B) AllocSpace objects, 0(0B) LOS objects, 29% free, 38MB/54MB, paused 316us total 20.904ms
08-05 00:53:25.453 12138 12159 I art     : Starting a blocking GC Explicit
08-05 00:53:25.474 12138 12159 I art     : Explicit concurrent mark sweep GC freed 52(928B) AllocSpace objects, 0(0B) LOS objects, 29% free, 38MB/54MB, paused 296us total 20.399ms
08-05 00:53:25.484 12138 12159 I art     : Starting a blocking GC Explicit
08-05 00:53:25.504 12138 12159 I art     : Explicit concurrent mark sweep GC freed 99(1696B) AllocSpace objects, 0(0B) LOS objects, 29% free, 38MB/54MB, paused 281us total 19.822ms
08-05 00:53:25.513 12138 12159 I art     : Starting a blocking GC Explicit
08-05 00:53:25.533 12138 12159 I art     : Explicit concurrent mark sweep GC freed 99(1696B) AllocSpace objects, 0(0B) LOS objects, 29% free, 38MB/54MB, paused 287us total 20.302ms
08-05 00:53:25.907 12138 12150 I art     : Starting a blocking GC Explicit
08-05 00:53:25.929 12138 12150 I art     : Explicit concurrent mark sweep GC freed 2599(102KB) AllocSpace objects, 2(40KB) LOS objects, 29% free, 38MB/54MB, paused 362us total 20.897ms
08-05 00:53:25.938 12138 12150 I art     : Starting a blocking GC Explicit
08-05 00:53:25.957 12138 12150 I art     : Explicit concurrent mark sweep GC freed 80(2128B) AllocSpace objects, 0(0B) LOS objects, 29% free, 38MB/54MB, paused 293us total 18.796ms
08-05 00:53:25.965 12138 12150 I art     : Starting a blocking GC Explicit
08-05 00:53:25.982 12138 12150 I art     : Explicit concurrent mark sweep GC freed 99(1696B) AllocSpace objects, 0(0B) LOS objects, 29% free, 38MB/54MB, paused 280us total 17.066ms
08-05 00:53:25.991 12138 12150 I art     : Starting a blocking GC Explicit
08-05 00:53:26.009 12138 12150 I art     : Explicit concurrent mark sweep GC freed 51(896B) AllocSpace objects, 0(0B) LOS objects, 29% free, 38MB/54MB, paused 270us total 17.734ms
08-05 00:53:26.017 12138 12150 I art     : Starting a blocking GC Explicit
08-05 00:53:26.035 12138 12150 I art     : Explicit concurrent mark sweep GC freed 99(1696B) AllocSpace objects, 0(0B) LOS objects, 29% free, 38MB/54MB, paused 334us total 17.674ms
08-05 00:53:26.161 12512 12512 D AndroidRuntime: >>>>>> START com.android.internal.os.RuntimeInit uid 2000 <<<<<<
08-05 00:53:26.166 12512 12512 D AndroidRuntime: CheckJNI is OFF
08-05 00:53:26.191 12512 12512 D ICU     : No timezone override file found: /data/misc/zoneinfo/current/icu/icu_tzdata.dat
08-05 00:53:26.216 12512 12512 I Radio-JNI: register_android_hardware_Radio DONE
08-05 00:53:26.232 12512 12512 D AndroidRuntime: Calling main entry com.android.commands.input.Input
08-05 00:53:26.234 12512 12512 I Input   : injectMotionEvent: MotionEvent { action=ACTION_DOWN, actionButton=0, id[0]=0, x[0]=693.0, y[0]=1450.0, toolType[0]=TOOL_TYPE_UNKNOWN, buttonState=0, metaState=0, flags=0x0, edgeFlags=0x0, pointerCount=1, historySize=0, eventTime=752022647, downTime=752022647, deviceId=0, source=0x1002 }
08-05 00:53:26.243 12512 12512 I Input   : injectMotionEvent: MotionEvent { action=ACTION_UP, actionButton=0, id[0]=0, x[0]=693.0, y[0]=1450.0, toolType[0]=TOOL_TYPE_UNKNOWN, buttonState=0, metaState=0, flags=0x0, edgeFlags=0x0, pointerCount=1, historySize=0, eventTime=752022647, downTime=752022647, deviceId=0, source=0x1002 }
08-05 00:53:26.246 12512 12512 D AndroidRuntime: Shutting down VM
08-05 00:53:26.247   918  3359 I ActivityManager: START u0 {cmp=baseline.io.github.project_travel_mate/.destinations.description.CityHistoryActivity} from uid 10674 on display 0
08-05 00:53:26.248   512  2967 D audio_hw_primary: out_set_parameters: enter: usecase(1: low-latency-playback) kvpairs: routing=2
08-05 00:53:26.261   512  2967 D audio_hw_primary: select_devices: out_snd_device(2: speaker) in_snd_device(0: none)
08-05 00:53:26.261   512  2967 D msm8974_platform: platform_send_audio_calibration: sending audio calibration for snd_device(2) acdb_id(15)
08-05 00:53:26.261   512  2967 I soundtrigger: audio_extn_sound_trigger_update_device_status: device 0x2 of type 0 for Event 1
08-05 00:53:26.271   512  2967 D audio_hw_primary: enable_snd_device: snd_device(2: speaker)
08-05 00:53:26.273   512  2967 D audio_hw_primary: enable_audio_route: apply and update mixer path: low-latency-playback speaker
08-05 00:53:26.277 12138 12205 D Gabe    : call	returning from cache
08-05 00:53:26.279 12138 12138 V EXECUTING: https://project-travel-mate.herokuapp.com/api/get-city-information/1
08-05 00:53:26.344 12138 12149 I art     : Starting a blocking GC Explicit
08-05 00:53:26.367 12138 12149 I art     : Explicit concurrent mark sweep GC freed 3213(221KB) AllocSpace objects, 2(40KB) LOS objects, 27% free, 42MB/58MB, paused 575us total 22.192ms
08-05 00:53:26.377 12138 12149 I art     : Starting a blocking GC Explicit
08-05 00:53:26.397 12138 12149 I art     : Explicit concurrent mark sweep GC freed 306(15KB) AllocSpace objects, 0(0B) LOS objects, 27% free, 42MB/58MB, paused 319us total 19.874ms
08-05 00:53:26.397 13866 13866 I GoogleInputMethodServic: GoogleInputMethodService.onFinishInput():3138 
08-05 00:53:26.398   918   936 I ActivityManager: Displayed baseline.io.github.project_travel_mate/.destinations.description.CityHistoryActivity: +142ms
08-05 00:53:26.398 13866 13866 I GoogleInputMethodServic: GoogleInputMethodService.onStartInput():1808 
08-05 00:53:26.406 12138 12149 I art     : Starting a blocking GC Explicit
08-05 00:53:26.430 12138 12149 I art     : Explicit concurrent mark sweep GC freed 142(2992B) AllocSpace objects, 0(0B) LOS objects, 27% free, 42MB/58MB, paused 527us total 23.563ms
08-05 00:53:26.441 12138 12149 I art     : Starting a blocking GC Explicit
08-05 00:53:26.463 12138 12149 I art     : Explicit concurrent mark sweep GC freed 82(1440B) AllocSpace objects, 0(0B) LOS objects, 27% free, 42MB/58MB, paused 381us total 21.095ms
08-05 00:53:26.474 12138 12149 I art     : Starting a blocking GC Explicit
08-05 00:53:26.493 12138 12149 I art     : Explicit concurrent mark sweep GC freed 161(2896B) AllocSpace objects, 0(0B) LOS objects, 27% free, 42MB/58MB, paused 360us total 19.169ms
08-05 00:53:26.645   380   380 W SurfaceFlinger: couldn't log to binary event log: overflow.
08-05 00:53:26.784 12138 12150 I art     : Starting a blocking GC Explicit
08-05 00:53:26.805 12138 12150 I art     : Explicit concurrent mark sweep GC freed 2694(103KB) AllocSpace objects, 2(40KB) LOS objects, 27% free, 42MB/58MB, paused 571us total 20.825ms
08-05 00:53:26.814 12138 12150 I art     : Starting a blocking GC Explicit
08-05 00:53:26.818   512  2967 D audio_hw_primary: disable_audio_route: reset and update mixer path: low-latency-playback speaker
08-05 00:53:26.819   512  2967 D audio_hw_primary: disable_snd_device: snd_device(2: speaker)
08-05 00:53:26.827   512  2967 I soundtrigger: audio_extn_sound_trigger_update_device_status: device 0x2 of type 0 for Event 0
08-05 00:53:26.835 12138 12150 I art     : Explicit concurrent mark sweep GC freed 160(3KB) AllocSpace objects, 0(0B) LOS objects, 27% free, 42MB/58MB, paused 487us total 19.986ms
08-05 00:53:26.845 12138 12150 I art     : Starting a blocking GC Explicit
08-05 00:53:26.865 12138 12150 I art     : Explicit concurrent mark sweep GC freed 36(1152B) AllocSpace objects, 0(0B) LOS objects, 27% free, 42MB/58MB, paused 395us total 20.412ms
08-05 00:53:26.875 12138 12150 I art     : Starting a blocking GC Explicit
08-05 00:53:26.894 12138 12150 I art     : Explicit concurrent mark sweep GC freed 18(336B) AllocSpace objects, 0(0B) LOS objects, 27% free, 42MB/58MB, paused 428us total 19.221ms
08-05 00:53:26.904 12138 12150 I art     : Starting a blocking GC Explicit
08-05 00:53:26.925 12138 12150 I art     : Explicit concurrent mark sweep GC freed 128(2160B) AllocSpace objects, 0(0B) LOS objects, 27% free, 42MB/58MB, paused 498us total 20.326ms
08-05 00:53:27.163 12138 12536 I NAPPA_EXPERIMENTATION: MetricNetworkRequestExecutionTime: REQUEST_DURATION_SYSTEM='884',REQUEST_DURATION_OKHTTP='38',REQUEST_SYNCHRONOUS='FALSE',RESPONSE_CODE='200',RESPONSE_METHOD='GET',RESPONSE_LENGTH_OKHTTP='55024',RESPONSE_LENGTH_HEADER='55024',REQUEST_PROTOCOL='http/1.1',REQUEST_URL='https://project-travel-mate.herokuapp.com/api/get-city-information/1',
08-05 00:53:27.209 12138 12418 I art     : Starting a blocking GC Explicit
08-05 00:53:27.229 12138 12418 I art     : Explicit concurrent mark sweep GC freed 5331(702KB) AllocSpace objects, 13(620KB) LOS objects, 26% free, 43MB/59MB, paused 422us total 20.491ms
08-05 00:53:27.238 12138 12418 I art     : Starting a blocking GC Explicit
08-05 00:53:27.257 12138 12418 I art     : Explicit concurrent mark sweep GC freed 1462(525KB) AllocSpace objects, 6(204KB) LOS objects, 27% free, 43MB/59MB, paused 531us total 18.873ms
08-05 00:53:27.265 12138 12418 I art     : Starting a blocking GC Explicit
08-05 00:53:27.284 12138 12418 I art     : Explicit concurrent mark sweep GC freed 650(364KB) AllocSpace objects, 5(96KB) LOS objects, 26% free, 43MB/59MB, paused 281us total 19.090ms
08-05 00:53:27.289 13866 13866 I GoogleInputMethodServic: GoogleInputMethodService.onFinishInput():3138 
08-05 00:53:27.289 13866 13866 I GoogleInputMethodServic: GoogleInputMethodService.onStartInput():1808 
08-05 00:53:27.293 12138 12418 I art     : Starting a blocking GC Explicit
08-05 00:53:27.313 12138 12418 I art     : Explicit concurrent mark sweep GC freed 173(3KB) AllocSpace objects, 1(4MB) LOS objects, 29% free, 39MB/55MB, paused 337us total 19.537ms
08-05 00:53:27.322 12138 12418 I art     : Starting a blocking GC Explicit
08-05 00:53:27.341 12138 12418 I art     : Explicit concurrent mark sweep GC freed 91(1600B) AllocSpace objects, 0(0B) LOS objects, 29% free, 39MB/55MB, paused 291us total 19.442ms
08-05 00:53:27.663 12138 12149 I art     : Starting a blocking GC Explicit
08-05 00:53:27.688 12138 12149 I art     : Explicit concurrent mark sweep GC freed 2935(107KB) AllocSpace objects, 2(40KB) LOS objects, 29% free, 39MB/55MB, paused 351us total 24.586ms
08-05 00:53:27.700 12138 12149 I art     : Starting a blocking GC Explicit
08-05 00:53:27.722 12138 12149 I art     : Explicit concurrent mark sweep GC freed 166(3KB) AllocSpace objects, 0(0B) LOS objects, 29% free, 39MB/55MB, paused 309us total 21.847ms
08-05 00:53:27.731 12138 12149 I art     : Starting a blocking GC Explicit
08-05 00:53:27.752 12138 12149 I art     : Explicit concurrent mark sweep GC freed 147(2496B) AllocSpace objects, 0(0B) LOS objects, 29% free, 39MB/55MB, paused 322us total 21.116ms
08-05 00:53:27.762 12138 12149 I art     : Starting a blocking GC Explicit
08-05 00:53:27.782 12138 12149 I art     : Explicit concurrent mark sweep GC freed 146(2464B) AllocSpace objects, 0(0B) LOS objects, 29% free, 39MB/55MB, paused 377us total 20.536ms
08-05 00:53:27.792 12138 12149 I art     : Starting a blocking GC Explicit
08-05 00:53:27.814 12138 12149 I art     : Explicit concurrent mark sweep GC freed 148(2528B) AllocSpace objects, 0(0B) LOS objects, 29% free, 39MB/55MB, paused 309us total 21.357ms
08-05 00:53:27.847  5347  5347 I ServiceManager: Waiting for service AtCmdFwd...
08-05 00:53:28.137 12138 12418 I art     : Starting a blocking GC Explicit
08-05 00:53:28.163 12138 12418 I art     : Explicit concurrent mark sweep GC freed 2909(107KB) AllocSpace objects, 2(40KB) LOS objects, 29% free, 39MB/55MB, paused 401us total 25.657ms
08-05 00:53:28.174 12138 12418 I art     : Starting a blocking GC Explicit
08-05 00:53:28.194 12138 12418 I art     : Explicit concurrent mark sweep GC freed 153(2976B) AllocSpace objects, 0(0B) LOS objects, 29% free, 39MB/55MB, paused 284us total 20.480ms
08-05 00:53:28.204 12138 12418 I art     : Starting a blocking GC Explicit
08-05 00:53:28.225 12138 12418 I art     : Explicit concurrent mark sweep GC freed 147(2496B) AllocSpace objects, 0(0B) LOS objects, 29% free, 39MB/55MB, paused 306us total 21.326ms
08-05 00:53:28.234 12138 12418 I art     : Starting a blocking GC Explicit
08-05 00:53:28.257 12138 12418 I art     : Explicit concurrent mark sweep GC freed 147(2496B) AllocSpace objects, 0(0B) LOS objects, 29% free, 39MB/55MB, paused 410us total 22.124ms
08-05 00:53:28.266 12138 12418 I art     : Starting a blocking GC Explicit
08-05 00:53:28.289 12138 12418 I art     : Explicit concurrent mark sweep GC freed 147(2496B) AllocSpace objects, 0(0B) LOS objects, 29% free, 39MB/55MB, paused 308us total 22.043ms
08-05 00:53:28.649 12138 12149 I art     : Starting a blocking GC Explicit
08-05 00:53:28.674 12138 12149 I art     : Explicit concurrent mark sweep GC freed 3081(110KB) AllocSpace objects, 2(40KB) LOS objects, 29% free, 39MB/55MB, paused 328us total 24.884ms
08-05 00:53:28.688 12138 12149 I art     : Starting a blocking GC Explicit
08-05 00:53:28.709 12138 12149 I art     : Explicit concurrent mark sweep GC freed 166(3KB) AllocSpace objects, 0(0B) LOS objects, 29% free, 39MB/55MB, paused 313us total 21.616ms
08-05 00:53:28.719 12138 12149 I art     : Starting a blocking GC Explicit
08-05 00:53:28.740 12138 12149 I art     : Explicit concurrent mark sweep GC freed 147(2496B) AllocSpace objects, 0(0B) LOS objects, 29% free, 39MB/55MB, paused 311us total 21.099ms
08-05 00:53:28.749 12138 12149 I art     : Starting a blocking GC Explicit
08-05 00:53:28.771 12138 12149 I art     : Explicit concurrent mark sweep GC freed 147(2496B) AllocSpace objects, 0(0B) LOS objects, 29% free, 39MB/55MB, paused 311us total 21.310ms
08-05 00:53:28.780 12138 12149 I art     : Starting a blocking GC Explicit
08-05 00:53:28.802 12138 12149 I art     : Explicit concurrent mark sweep GC freed 146(2464B) AllocSpace objects, 0(0B) LOS objects, 29% free, 39MB/55MB, paused 420us total 21.982ms
08-05 00:53:28.848  5347  5347 I ServiceManager: Waiting for service AtCmdFwd...
08-05 00:53:29.189 12138 12150 I art     : Starting a blocking GC Explicit
08-05 00:53:29.215 12138 12150 I art     : Explicit concurrent mark sweep GC freed 3172(111KB) AllocSpace objects, 2(40KB) LOS objects, 29% free, 39MB/55MB, paused 501us total 25.573ms
08-05 00:53:29.226 12138 12150 I art     : Starting a blocking GC Explicit
08-05 00:53:29.247 12138 12150 I art     : Explicit concurrent mark sweep GC freed 181(3KB) AllocSpace objects, 0(0B) LOS objects, 29% free, 39MB/55MB, paused 444us total 21.014ms
08-05 00:53:29.257 12138 12150 I art     : Starting a blocking GC Explicit
08-05 00:53:29.278 12138 12150 I art     : Explicit concurrent mark sweep GC freed 142(2416B) AllocSpace objects, 0(0B) LOS objects, 29% free, 39MB/55MB, paused 311us total 21.092ms
08-05 00:53:29.287 12138 12150 I art     : Starting a blocking GC Explicit
08-05 00:53:29.309 12138 12150 I art     : Explicit concurrent mark sweep GC freed 147(2496B) AllocSpace objects, 0(0B) LOS objects, 29% free, 39MB/55MB, paused 310us total 21.255ms
08-05 00:53:29.319 12138 12150 I art     : Starting a blocking GC Explicit
08-05 00:53:29.341 12138 12150 I art     : Explicit concurrent mark sweep GC freed 147(2496B) AllocSpace objects, 0(0B) LOS objects, 29% free, 39MB/55MB, paused 302us total 21.977ms
08-05 00:53:29.703 12138 12159 I art     : Starting a blocking GC Explicit
08-05 00:53:29.727 12138 12159 I art     : Explicit concurrent mark sweep GC freed 3082(110KB) AllocSpace objects, 2(40KB) LOS objects, 29% free, 39MB/55MB, paused 323us total 24.146ms
08-05 00:53:29.736 12138 12159 I art     : Starting a blocking GC Explicit
08-05 00:53:29.758 12138 12159 I art     : Explicit concurrent mark sweep GC freed 166(3KB) AllocSpace objects, 0(0B) LOS objects, 29% free, 39MB/55MB, paused 296us total 21.393ms
08-05 00:53:29.767 12138 12159 I art     : Starting a blocking GC Explicit
08-05 00:53:29.789 12138 12159 I art     : Explicit concurrent mark sweep GC freed 147(2496B) AllocSpace objects, 0(0B) LOS objects, 29% free, 39MB/55MB, paused 300us total 21.256ms
08-05 00:53:29.798 12138 12159 I art     : Starting a blocking GC Explicit
08-05 00:53:29.820 12138 12159 I art     : Explicit concurrent mark sweep GC freed 147(2496B) AllocSpace objects, 0(0B) LOS objects, 29% free, 39MB/55MB, paused 379us total 22.506ms
08-05 00:53:29.830 12138 12159 I art     : Starting a blocking GC Explicit
08-05 00:53:29.849  5347  5347 I ServiceManager: Waiting for service AtCmdFwd...
08-05 00:53:29.852 12138 12159 I art     : Explicit concurrent mark sweep GC freed 146(2464B) AllocSpace objects, 0(0B) LOS objects, 29% free, 39MB/55MB, paused 311us total 21.845ms
08-05 00:53:30.202 12138 12418 I art     : Starting a blocking GC Explicit
08-05 00:53:30.227 12138 12418 I art     : Explicit concurrent mark sweep GC freed 3010(108KB) AllocSpace objects, 2(40KB) LOS objects, 29% free, 39MB/55MB, paused 433us total 24.572ms
08-05 00:53:30.240 12138 12418 I art     : Starting a blocking GC Explicit
08-05 00:53:30.262 12138 12418 I art     : Explicit concurrent mark sweep GC freed 167(3KB) AllocSpace objects, 0(0B) LOS objects, 29% free, 39MB/55MB, paused 343us total 21.410ms
08-05 00:53:30.271 12138 12418 I art     : Starting a blocking GC Explicit
08-05 00:53:30.292 12138 12418 I art     : Explicit concurrent mark sweep GC freed 147(2496B) AllocSpace objects, 0(0B) LOS objects, 29% free, 39MB/55MB, paused 306us total 21.103ms
08-05 00:53:30.301 12138 12418 I art     : Starting a blocking GC Explicit
08-05 00:53:30.323 12138 12418 I art     : Explicit concurrent mark sweep GC freed 147(2496B) AllocSpace objects, 0(0B) LOS objects, 29% free, 39MB/55MB, paused 307us total 21.272ms
08-05 00:53:30.333 12138 12418 I art     : Starting a blocking GC Explicit
08-05 00:53:30.355 12138 12418 I art     : Explicit concurrent mark sweep GC freed 147(2496B) AllocSpace objects, 0(0B) LOS objects, 29% free, 39MB/55MB, paused 309us total 22ms
08-05 00:53:30.653 12138 12149 I art     : Starting a blocking GC Explicit
08-05 00:53:30.676 12138 12149 I art     : Explicit concurrent mark sweep GC freed 2793(105KB) AllocSpace objects, 2(40KB) LOS objects, 29% free, 39MB/55MB, paused 321us total 22.617ms
08-05 00:53:30.686 12138 12149 I art     : Starting a blocking GC Explicit
08-05 00:53:30.709 12138 12149 I art     : Explicit concurrent mark sweep GC freed 166(3KB) AllocSpace objects, 0(0B) LOS objects, 29% free, 39MB/55MB, paused 307us total 22.737ms
08-05 00:53:30.718 12138 12149 I art     : Starting a blocking GC Explicit
08-05 00:53:30.739 12138 12149 I art     : Explicit concurrent mark sweep GC freed 147(2496B) AllocSpace objects, 0(0B) LOS objects, 29% free, 39MB/55MB, paused 300us total 20.792ms
08-05 00:53:30.748 12138 12149 I art     : Starting a blocking GC Explicit
08-05 00:53:30.770 12138 12149 I art     : Explicit concurrent mark sweep GC freed 146(2464B) AllocSpace objects, 0(0B) LOS objects, 29% free, 39MB/55MB, paused 321us total 21.298ms
08-05 00:53:30.779 12138 12149 I art     : Starting a blocking GC Explicit
08-05 00:53:30.799 12138 12149 I art     : Explicit concurrent mark sweep GC freed 122(2064B) AllocSpace objects, 0(0B) LOS objects, 29% free, 39MB/55MB, paused 408us total 20.484ms
08-05 00:53:30.849  5347  5347 I ServiceManager: Waiting for service AtCmdFwd...
08-05 00:53:30.855 12619 12619 D AndroidRuntime: >>>>>> START com.android.internal.os.RuntimeInit uid 2000 <<<<<<
08-05 00:53:30.859 12619 12619 D AndroidRuntime: CheckJNI is OFF
08-05 00:53:30.885 12619 12619 D ICU     : No timezone override file found: /data/misc/zoneinfo/current/icu/icu_tzdata.dat
08-05 00:53:30.912 12619 12619 I Radio-JNI: register_android_hardware_Radio DONE
08-05 00:53:30.929 12619 12619 D AndroidRuntime: Calling main entry com.android.commands.input.Input
08-05 00:53:30.931 12619 12619 I Input   : injectKeyEvent: KeyEvent { action=ACTION_DOWN, keyCode=KEYCODE_BACK, scanCode=0, metaState=0, flags=0x0, repeatCount=0, eventTime=752027344, downTime=752027344, deviceId=-1, source=0x101 }
08-05 00:53:30.937 12619 12619 I Input   : injectKeyEvent: KeyEvent { action=ACTION_UP, keyCode=KEYCODE_BACK, scanCode=0, metaState=0, flags=0x0, repeatCount=0, eventTime=752027344, downTime=752027344, deviceId=-1, source=0x101 }
08-05 00:53:30.947 12619 12619 D AndroidRuntime: Shutting down VM
08-05 00:53:30.990 13866 13866 I GoogleInputMethodServic: GoogleInputMethodService.onFinishInput():3138 
08-05 00:53:30.991 13866 13866 I GoogleInputMethodServic: GoogleInputMethodService.onStartInput():1808 
08-05 00:53:31.069 12138 12150 I art     : Starting a blocking GC Explicit
08-05 00:53:31.091 12138 12150 I art     : Explicit concurrent mark sweep GC freed 2781(107KB) AllocSpace objects, 2(40KB) LOS objects, 29% free, 39MB/55MB, paused 334us total 21.506ms
08-05 00:53:31.100 12138 12150 I art     : Starting a blocking GC Explicit
08-05 00:53:31.124 12138 12150 I art     : Explicit concurrent mark sweep GC freed 170(3KB) AllocSpace objects, 0(0B) LOS objects, 29% free, 39MB/55MB, paused 358us total 23.499ms
08-05 00:53:31.135 12138 12150 I art     : Starting a blocking GC Explicit
08-05 00:53:31.163 12138 12150 I art     : Explicit concurrent mark sweep GC freed 147(2496B) AllocSpace objects, 0(0B) LOS objects, 29% free, 39MB/55MB, paused 375us total 27.938ms
08-05 00:53:31.176 12138 12150 I art     : Starting a blocking GC Explicit
08-05 00:53:31.200 12138 12150 I art     : Explicit concurrent mark sweep GC freed 202(3KB) AllocSpace objects, 0(0B) LOS objects, 29% free, 39MB/55MB, paused 366us total 24.079ms
08-05 00:53:31.213 12138 12150 I art     : Starting a blocking GC Explicit
08-05 00:53:31.244 12138 12150 I art     : Explicit concurrent mark sweep GC freed 164(2800B) AllocSpace objects, 0(0B) LOS objects, 29% free, 39MB/55MB, paused 329us total 30.525ms
08-05 00:53:31.298   380   380 W SurfaceFlinger: couldn't log to binary event log: overflow.
08-05 00:53:31.540 12138 12159 I art     : Starting a blocking GC Explicit
08-05 00:53:31.566 12138 12159 I art     : Explicit concurrent mark sweep GC freed 2459(100KB) AllocSpace objects, 4(404KB) LOS objects, 29% free, 38MB/54MB, paused 332us total 25.387ms
08-05 00:53:31.579 12138 12159 I art     : Starting a blocking GC Explicit
08-05 00:53:31.600 12138 12159 I art     : Explicit concurrent mark sweep GC freed 4837(341KB) AllocSpace objects, 7(132KB) LOS objects, 29% free, 38MB/54MB, paused 388us total 20.685ms
08-05 00:53:31.609 12138 12159 I art     : Starting a blocking GC Explicit
08-05 00:53:31.629 12138 12159 I art     : Explicit concurrent mark sweep GC freed 74(1488B) AllocSpace objects, 0(0B) LOS objects, 29% free, 38MB/54MB, paused 311us total 19.861ms
08-05 00:53:31.638 12138 12159 I art     : Starting a blocking GC Explicit
08-05 00:53:31.658 12138 12159 I art     : Explicit concurrent mark sweep GC freed 99(1696B) AllocSpace objects, 0(0B) LOS objects, 29% free, 38MB/54MB, paused 306us total 19.795ms
08-05 00:53:31.668 12138 12159 I art     : Starting a blocking GC Explicit
08-05 00:53:31.688 12138 12159 I art     : Explicit concurrent mark sweep GC freed 99(1696B) AllocSpace objects, 0(0B) LOS objects, 29% free, 38MB/54MB, paused 350us total 20.610ms
08-05 00:53:31.850  5347  5347 I ServiceManager: Waiting for service AtCmdFwd...
08-05 00:53:32.007 12138 12149 I art     : Starting a blocking GC Explicit
08-05 00:53:32.031 12138 12149 I art     : Explicit concurrent mark sweep GC freed 2409(99KB) AllocSpace objects, 2(40KB) LOS objects, 29% free, 38MB/54MB, paused 321us total 22.839ms
08-05 00:53:32.040 12138 12149 I art     : Starting a blocking GC Explicit
08-05 00:53:32.061 12138 12149 I art     : Explicit concurrent mark sweep GC freed 128(2928B) AllocSpace objects, 0(0B) LOS objects, 29% free, 38MB/54MB, paused 313us total 20.599ms
08-05 00:53:32.071 12138 12149 I art     : Starting a blocking GC Explicit
08-05 00:53:32.092 12138 12149 I art     : Explicit concurrent mark sweep GC freed 99(1696B) AllocSpace objects, 0(0B) LOS objects, 29% free, 38MB/54MB, paused 319us total 20.625ms
08-05 00:53:32.101 12138 12149 I art     : Starting a blocking GC Explicit
08-05 00:53:32.122 12138 12149 I art     : Explicit concurrent mark sweep GC freed 99(1696B) AllocSpace objects, 0(0B) LOS objects, 29% free, 38MB/54MB, paused 311us total 20.366ms
08-05 00:53:32.131 12138 12149 I art     : Starting a blocking GC Explicit
08-05 00:53:32.152 12138 12149 I art     : Explicit concurrent mark sweep GC freed 99(1696B) AllocSpace objects, 0(0B) LOS objects, 29% free, 38MB/54MB, paused 316us total 20.861ms
08-05 00:53:32.436 12138 12150 I art     : Starting a blocking GC Explicit
08-05 00:53:32.458 12138 12150 I art     : Explicit concurrent mark sweep GC freed 2289(97KB) AllocSpace objects, 2(40KB) LOS objects, 29% free, 38MB/54MB, paused 335us total 21.653ms
08-05 00:53:32.468 12138 12150 I art     : Starting a blocking GC Explicit
08-05 00:53:32.488 12138 12150 I art     : Explicit concurrent mark sweep GC freed 118(2384B) AllocSpace objects, 0(0B) LOS objects, 29% free, 38MB/54MB, paused 314us total 19.864ms
08-05 00:53:32.497 12138 12150 I art     : Starting a blocking GC Explicit
08-05 00:53:32.512 12673 12673 D AndroidRuntime: >>>>>> START com.android.internal.os.RuntimeInit uid 2000 <<<<<<
08-05 00:53:32.516 12673 12673 D AndroidRuntime: CheckJNI is OFF
08-05 00:53:32.517 12138 12150 I art     : Explicit concurrent mark sweep GC freed 75(1280B) AllocSpace objects, 0(0B) LOS objects, 29% free, 38MB/54MB, paused 418us total 20.188ms
08-05 00:53:32.526 12138 12150 I art     : Starting a blocking GC Explicit
08-05 00:53:32.543 12673 12673 D ICU     : No timezone override file found: /data/misc/zoneinfo/current/icu/icu_tzdata.dat
08-05 00:53:32.546 12138 12150 I art     : Explicit concurrent mark sweep GC freed 75(1312B) AllocSpace objects, 0(0B) LOS objects, 29% free, 38MB/54MB, paused 313us total 18.925ms
08-05 00:53:32.555 12138 12150 I art     : Starting a blocking GC Explicit
08-05 00:53:32.568 12673 12673 I Radio-JNI: register_android_hardware_Radio DONE
08-05 00:53:32.574 12138 12150 I art     : Explicit concurrent mark sweep GC freed 99(1696B) AllocSpace objects, 0(0B) LOS objects, 29% free, 38MB/54MB, paused 327us total 18.555ms
08-05 00:53:32.584 12673 12673 D AndroidRuntime: Calling main entry com.android.commands.input.Input
08-05 00:53:32.585 12673 12673 I Input   : injectMotionEvent: MotionEvent { action=ACTION_DOWN, actionButton=0, id[0]=0, x[0]=504.0, y[0]=1706.0, toolType[0]=TOOL_TYPE_UNKNOWN, buttonState=0, metaState=0, flags=0x0, edgeFlags=0x0, pointerCount=1, historySize=0, eventTime=752028998, downTime=752028998, deviceId=0, source=0x1002 }
08-05 00:53:32.591 12673 12673 I Input   : injectMotionEvent: MotionEvent { action=ACTION_UP, actionButton=0, id[0]=0, x[0]=504.0, y[0]=1706.0, toolType[0]=TOOL_TYPE_UNKNOWN, buttonState=0, metaState=0, flags=0x0, edgeFlags=0x0, pointerCount=1, historySize=0, eventTime=752028998, downTime=752028998, deviceId=0, source=0x1002 }
08-05 00:53:32.592 12673 12673 D AndroidRuntime: Shutting down VM
08-05 00:53:32.594   512  2967 D audio_hw_primary: out_set_parameters: enter: usecase(1: low-latency-playback) kvpairs: routing=2
08-05 00:53:32.596   918  3696 I ActivityManager: START u0 {cmp=baseline.io.github.project_travel_mate/.destinations.funfacts.FunFactsActivity (has extras)} from uid 10674 on display 0
08-05 00:53:32.602   518   646 I ThermalEngine: ACTION: GPU - Setting GPU[0] to 510000000
08-05 00:53:32.607   512  2967 D audio_hw_primary: select_devices: out_snd_device(2: speaker) in_snd_device(0: none)
08-05 00:53:32.607   512  2967 D msm8974_platform: platform_send_audio_calibration: sending audio calibration for snd_device(2) acdb_id(15)
08-05 00:53:32.607   512  2967 I soundtrigger: audio_extn_sound_trigger_update_device_status: device 0x2 of type 0 for Event 1
08-05 00:53:32.617   512  2967 D audio_hw_primary: enable_snd_device: snd_device(2: speaker)
08-05 00:53:32.619 12138 12205 D Gabe    : call	returning from cache
08-05 00:53:32.619   512  2967 D audio_hw_primary: enable_audio_route: apply and update mixer path: low-latency-playback speaker
08-05 00:53:32.620 12138 12138 V EXECUTING: https://project-travel-mate.herokuapp.com/api/get-city-facts/1
08-05 00:53:32.757   918   936 I ActivityManager: Displayed baseline.io.github.project_travel_mate/.destinations.funfacts.FunFactsActivity: +152ms
08-05 00:53:32.758 13866 13866 I GoogleInputMethodServic: GoogleInputMethodService.onFinishInput():3138 
08-05 00:53:32.759 13866 13866 I GoogleInputMethodServic: GoogleInputMethodService.onStartInput():1808 
08-05 00:53:32.850  5347  5347 W Atfwd_Sendcmd: AtCmdFwd service not published, waiting... retryCnt : 1
08-05 00:53:32.865 12138 12150 I art     : Starting a blocking GC Explicit
08-05 00:53:32.894 12138 12150 I art     : Explicit concurrent mark sweep GC freed 4012(282KB) AllocSpace objects, 2(40KB) LOS objects, 27% free, 42MB/58MB, paused 705us total 29.017ms
08-05 00:53:32.907 12138 12150 I art     : Starting a blocking GC Explicit
08-05 00:53:32.930 12138 12150 I art     : Explicit concurrent mark sweep GC freed 344(9KB) AllocSpace objects, 0(0B) LOS objects, 27% free, 42MB/58MB, paused 424us total 23.352ms
08-05 00:53:32.941 12138 12150 I art     : Starting a blocking GC Explicit
08-05 00:53:32.967 12138 12150 I art     : Explicit concurrent mark sweep GC freed 147(2496B) AllocSpace objects, 0(0B) LOS objects, 27% free, 42MB/58MB, paused 512us total 25.148ms
08-05 00:53:32.980 12138 12150 I art     : Starting a blocking GC Explicit
08-05 00:53:33.008 12138 12150 I art     : Explicit concurrent mark sweep GC freed 219(3KB) AllocSpace objects, 0(0B) LOS objects, 27% free, 42MB/58MB, paused 493us total 28.600ms
08-05 00:53:33.017   380   380 W SurfaceFlinger: couldn't log to binary event log: overflow.
08-05 00:53:33.022 12138 12150 I art     : Starting a blocking GC Explicit
08-05 00:53:33.048 12138 12150 I art     : Explicit concurrent mark sweep GC freed 147(2496B) AllocSpace objects, 0(0B) LOS objects, 27% free, 42MB/58MB, paused 449us total 25.334ms
08-05 00:53:33.149   512  2967 D audio_hw_primary: disable_audio_route: reset and update mixer path: low-latency-playback speaker
08-05 00:53:33.150   512  2967 D audio_hw_primary: disable_snd_device: snd_device(2: speaker)
08-05 00:53:33.159   512  2967 I soundtrigger: audio_extn_sound_trigger_update_device_status: device 0x2 of type 0 for Event 0
08-05 00:53:33.354 12138 12159 I art     : Starting a blocking GC Explicit
08-05 00:53:33.380 12138 12159 I art     : Explicit concurrent mark sweep GC freed 5015(233KB) AllocSpace objects, 4(160KB) LOS objects, 27% free, 43MB/59MB, paused 671us total 25.840ms
08-05 00:53:33.392 12138 12159 I art     : Starting a blocking GC Explicit
08-05 00:53:33.414 12138 12697 I NAPPA_EXPERIMENTATION: MetricNetworkRequestExecutionTime: REQUEST_DURATION_SYSTEM='793',REQUEST_DURATION_OKHTTP='39',REQUEST_SYNCHRONOUS='FALSE',RESPONSE_CODE='200',RESPONSE_METHOD='GET',RESPONSE_LENGTH_OKHTTP='1793',RESPONSE_LENGTH_HEADER='1793',REQUEST_PROTOCOL='http/1.1',REQUEST_URL='https://project-travel-mate.herokuapp.com/api/get-city-facts/1',
08-05 00:53:33.417 12138 12159 I art     : Explicit concurrent mark sweep GC freed 1139(128KB) AllocSpace objects, 1(80KB) LOS objects, 27% free, 43MB/59MB, paused 642us total 24.684ms
08-05 00:53:33.419 12138 12697 V EXECUTING: https://project-travel-mate.herokuapp.com/api/get-city-images/1
08-05 00:53:33.430 12138 12159 I art     : Starting a blocking GC Explicit
08-05 00:53:33.455 12138 12159 I art     : Explicit concurrent mark sweep GC freed 552(38KB) AllocSpace objects, 0(0B) LOS objects, 27% free, 43MB/59MB, paused 707us total 25.309ms
08-05 00:53:33.467 12138 12159 I art     : Starting a blocking GC Explicit
08-05 00:53:33.492 12138 12159 I art     : Explicit concurrent mark sweep GC freed 140(2816B) AllocSpace objects, 0(0B) LOS objects, 27% free, 42MB/58MB, paused 565us total 24.786ms
08-05 00:53:33.504 12138 12159 I art     : Starting a blocking GC Explicit
08-05 00:53:33.529 12138 12159 I art     : Explicit concurrent mark sweep GC freed 123(2064B) AllocSpace objects, 0(0B) LOS objects, 27% free, 42MB/58MB, paused 768us total 24.765ms
08-05 00:53:33.836 12138 12418 I art     : Starting a blocking GC Explicit
08-05 00:53:33.862 12138 12418 I art     : Explicit concurrent mark sweep GC freed 2238(96KB) AllocSpace objects, 2(40KB) LOS objects, 27% free, 43MB/59MB, paused 646us total 24.954ms
08-05 00:53:33.874 12138 12418 I art     : Starting a blocking GC Explicit
08-05 00:53:33.898 12138 12418 I art     : Explicit concurrent mark sweep GC freed 146(2944B) AllocSpace objects, 0(0B) LOS objects, 27% free, 43MB/59MB, paused 617us total 24.219ms
08-05 00:53:33.911 12138 12418 I art     : Starting a blocking GC Explicit
08-05 00:53:33.936 12138 12418 I art     : Explicit concurrent mark sweep GC freed 88(1488B) AllocSpace objects, 0(0B) LOS objects, 27% free, 43MB/59MB, paused 726us total 24.574ms
08-05 00:53:33.948 12138 12418 I art     : Starting a blocking GC Explicit
08-05 00:53:33.973 12138 12418 I art     : Explicit concurrent mark sweep GC freed 61(1040B) AllocSpace objects, 0(0B) LOS objects, 27% free, 43MB/59MB, paused 684us total 25.105ms
08-05 00:53:33.985 12138 12418 I art     : Starting a blocking GC Explicit
08-05 00:53:34.010 12138 12418 I art     : Explicit concurrent mark sweep GC freed 131(2352B) AllocSpace objects, 0(0B) LOS objects, 26% free, 43MB/59MB, paused 652us total 24.471ms
08-05 00:53:34.133 12138 12719 I NAPPA_EXPERIMENTATION: MetricNetworkRequestExecutionTime: REQUEST_DURATION_SYSTEM='713',REQUEST_DURATION_OKHTTP='42',REQUEST_SYNCHRONOUS='FALSE',RESPONSE_CODE='200',RESPONSE_METHOD='GET',RESPONSE_LENGTH_OKHTTP='183',RESPONSE_LENGTH_HEADER='183',REQUEST_PROTOCOL='http/1.1',REQUEST_URL='https://project-travel-mate.herokuapp.com/api/get-city-images/1',
08-05 00:53:34.170 12138 12719 V RESPONSE: [{"id":17,"image_url":"https://upload.wikimedia.org/wikipedia/commons/9/94/%E0%B4%96%E0%B5%81%E0%B4%A4%E0%B5%8D%E0%B4%AC%E0%B5%8D_%E0%B4%AE%E0%B4%BF%E0%B4%A8%E0%B4%BE%E0%B5%BC1.jpg"}]
08-05 00:53:34.301 12138 12159 I art     : Starting a blocking GC Explicit
08-05 00:53:34.332 12138 12159 I art     : Explicit concurrent mark sweep GC freed 8124(435KB) AllocSpace objects, 6(4MB) LOS objects, 28% free, 39MB/55MB, paused 694us total 31.044ms
08-05 00:53:34.347 12138 12159 I art     : Starting a blocking GC Explicit
08-05 00:53:34.373 12138 12159 I art     : Explicit concurrent mark sweep GC freed 1380(129KB) AllocSpace objects, 0(0B) LOS objects, 28% free, 39MB/55MB, paused 478us total 25.605ms
08-05 00:53:34.385 12138 12159 I art     : Starting a blocking GC Explicit
08-05 00:53:34.412 12138 12159 I art     : Explicit concurrent mark sweep GC freed 156(2880B) AllocSpace objects, 0(0B) LOS objects, 28% free, 39MB/55MB, paused 478us total 26.932ms
08-05 00:53:34.424 12138 12159 I art     : Starting a blocking GC Explicit
08-05 00:53:34.454 12138 12159 I art     : Explicit concurrent mark sweep GC freed 186(3KB) AllocSpace objects, 0(0B) LOS objects, 28% free, 39MB/55MB, paused 527us total 29.337ms
08-05 00:53:34.466 12138 12159 I art     : Starting a blocking GC Explicit
08-05 00:53:34.495 12138 12159 I art     : Explicit concurrent mark sweep GC freed 189(3KB) AllocSpace objects, 0(0B) LOS objects, 28% free, 39MB/55MB, paused 464us total 28.514ms
08-05 00:53:34.878 12138 12418 I art     : Starting a blocking GC Explicit
08-05 00:53:34.904 12138 12418 I art     : Explicit concurrent mark sweep GC freed 3216(112KB) AllocSpace objects, 2(40KB) LOS objects, 28% free, 39MB/55MB, paused 530us total 26.054ms
08-05 00:53:34.915 12138 12418 I art     : Starting a blocking GC Explicit
08-05 00:53:34.940 12138 12418 I art     : Explicit concurrent mark sweep GC freed 209(4KB) AllocSpace objects, 0(0B) LOS objects, 28% free, 39MB/55MB, paused 476us total 24.177ms
08-05 00:53:34.951 12138 12418 I art     : Starting a blocking GC Explicit
08-05 00:53:34.976 12138 12418 I art     : Explicit concurrent mark sweep GC freed 163(3KB) AllocSpace objects, 0(0B) LOS objects, 28% free, 39MB/55MB, paused 429us total 24.376ms
08-05 00:53:34.988 12138 12418 I art     : Starting a blocking GC Explicit
08-05 00:53:35.012 12138 12418 I art     : Explicit concurrent mark sweep GC freed 147(2496B) AllocSpace objects, 0(0B) LOS objects, 28% free, 39MB/55MB, paused 463us total 24.327ms
08-05 00:53:35.024 12138 12418 I art     : Starting a blocking GC Explicit
08-05 00:53:35.048 12138 12418 I art     : Explicit concurrent mark sweep GC freed 147(2496B) AllocSpace objects, 0(0B) LOS objects, 28% free, 39MB/55MB, paused 450us total 24.232ms
08-05 00:53:35.220 12752 12752 D AndroidRuntime: >>>>>> START com.android.internal.os.RuntimeInit uid 2000 <<<<<<
08-05 00:53:35.225 12752 12752 D AndroidRuntime: CheckJNI is OFF
08-05 00:53:35.255 12752 12752 D ICU     : No timezone override file found: /data/misc/zoneinfo/current/icu/icu_tzdata.dat
08-05 00:53:35.285 12752 12752 I Radio-JNI: register_android_hardware_Radio DONE
08-05 00:53:35.307 12752 12752 D AndroidRuntime: Calling main entry com.android.commands.input.Input
08-05 00:53:35.308 12752 12752 I Input   : injectKeyEvent: KeyEvent { action=ACTION_DOWN, keyCode=KEYCODE_BACK, scanCode=0, metaState=0, flags=0x0, repeatCount=0, eventTime=752031721, downTime=752031721, deviceId=-1, source=0x101 }
08-05 00:53:35.317 12752 12752 I Input   : injectKeyEvent: KeyEvent { action=ACTION_UP, keyCode=KEYCODE_BACK, scanCode=0, metaState=0, flags=0x0, repeatCount=0, eventTime=752031721, downTime=752031721, deviceId=-1, source=0x101 }
08-05 00:53:35.323 12752 12752 D AndroidRuntime: Shutting down VM
08-05 00:53:35.364 13866 13866 I GoogleInputMethodServic: GoogleInputMethodService.onFinishInput():3138 
08-05 00:53:35.364 13866 13866 I GoogleInputMethodServic: GoogleInputMethodService.onStartInput():1808 
08-05 00:53:35.404 12138 12150 I art     : Starting a blocking GC Explicit
08-05 00:53:35.433 12138 12150 I art     : Explicit concurrent mark sweep GC freed 3115(112KB) AllocSpace objects, 2(40KB) LOS objects, 28% free, 39MB/55MB, paused 462us total 27.939ms
08-05 00:53:35.444 12138 12150 I art     : Starting a blocking GC Explicit
08-05 00:53:35.468 12138 12150 I art     : Explicit concurrent mark sweep GC freed 170(3KB) AllocSpace objects, 0(0B) LOS objects, 28% free, 39MB/55MB, paused 435us total 24.189ms
08-05 00:53:35.481 12138 12150 I art     : Starting a blocking GC Explicit
08-05 00:53:35.506 12138 12150 I art     : Explicit concurrent mark sweep GC freed 219(3KB) AllocSpace objects, 0(0B) LOS objects, 28% free, 39MB/55MB, paused 456us total 25.558ms
08-05 00:53:35.519 12138 12150 I art     : Starting a blocking GC Explicit
08-05 00:53:35.548 12138 12150 I art     : Explicit concurrent mark sweep GC freed 146(2464B) AllocSpace objects, 0(0B) LOS objects, 28% free, 39MB/55MB, paused 456us total 28.093ms
08-05 00:53:35.560 12138 12150 I art     : Starting a blocking GC Explicit
08-05 00:53:35.586 12138 12150 I art     : Explicit concurrent mark sweep GC freed 148(2528B) AllocSpace objects, 0(0B) LOS objects, 28% free, 39MB/55MB, paused 424us total 26.270ms
08-05 00:53:35.670   380   380 W SurfaceFlinger: couldn't log to binary event log: overflow.
08-05 00:53:35.887 12138 12159 I art     : Starting a blocking GC Explicit
08-05 00:53:35.920 12138 12159 I art     : Explicit concurrent mark sweep GC freed 3340(139KB) AllocSpace objects, 5(684KB) LOS objects, 29% free, 38MB/54MB, paused 517us total 32.292ms
08-05 00:53:35.936 12138 12159 I art     : Starting a blocking GC Explicit
08-05 00:53:35.963 12138 12159 I art     : Explicit concurrent mark sweep GC freed 5586(268KB) AllocSpace objects, 1(28KB) LOS objects, 29% free, 38MB/54MB, paused 467us total 26.612ms
08-05 00:53:35.975 12138 12159 I art     : Starting a blocking GC Explicit
08-05 00:53:36.001 12138 12159 I art     : Explicit concurrent mark sweep GC freed 100(1728B) AllocSpace objects, 0(0B) LOS objects, 29% free, 38MB/54MB, paused 466us total 25.900ms
08-05 00:53:36.013 12138 12159 I art     : Starting a blocking GC Explicit
08-05 00:53:36.040 12138 12159 I art     : Explicit concurrent mark sweep GC freed 147(2496B) AllocSpace objects, 0(0B) LOS objects, 29% free, 38MB/54MB, paused 500us total 26.213ms
08-05 00:53:36.052 12138 12159 I art     : Starting a blocking GC Explicit
08-05 00:53:36.079 12138 12159 I art     : Explicit concurrent mark sweep GC freed 99(1696B) AllocSpace objects, 0(0B) LOS objects, 29% free, 38MB/54MB, paused 465us total 26.518ms
08-05 00:53:36.423 12138 12149 I art     : Starting a blocking GC Explicit
08-05 00:53:36.452 12138 12149 I art     : Explicit concurrent mark sweep GC freed 2484(100KB) AllocSpace objects, 2(40KB) LOS objects, 29% free, 38MB/54MB, paused 476us total 28.635ms
08-05 00:53:36.467 12138 12149 I art     : Starting a blocking GC Explicit
08-05 00:53:36.493 12138 12149 I art     : Explicit concurrent mark sweep GC freed 166(3KB) AllocSpace objects, 0(0B) LOS objects, 29% free, 38MB/54MB, paused 477us total 25.804ms
08-05 00:53:36.505 12138 12149 I art     : Starting a blocking GC Explicit
08-05 00:53:36.532 12138 12149 I art     : Explicit concurrent mark sweep GC freed 99(1696B) AllocSpace objects, 0(0B) LOS objects, 29% free, 38MB/54MB, paused 437us total 25.857ms
08-05 00:53:36.543 12138 12149 I art     : Starting a blocking GC Explicit
08-05 00:53:36.568 12138 12149 I art     : Explicit concurrent mark sweep GC freed 99(1696B) AllocSpace objects, 0(0B) LOS objects, 29% free, 38MB/54MB, paused 448us total 25.028ms
08-05 00:53:36.581 12138 12149 I art     : Starting a blocking GC Explicit
08-05 00:53:36.606 12138 12149 I art     : Explicit concurrent mark sweep GC freed 132(2224B) AllocSpace objects, 0(0B) LOS objects, 29% free, 38MB/54MB, paused 551us total 25.562ms
08-05 00:53:36.913 12138 12418 I art     : Starting a blocking GC Explicit
08-05 00:53:36.940 12138 12418 I art     : Explicit concurrent mark sweep GC freed 2356(98KB) AllocSpace objects, 2(40KB) LOS objects, 29% free, 38MB/54MB, paused 544us total 26.590ms
08-05 00:53:36.950 12796 12796 D AndroidRuntime: >>>>>> START com.android.internal.os.RuntimeInit uid 2000 <<<<<<
08-05 00:53:36.953 12138 12418 I art     : Starting a blocking GC Explicit
08-05 00:53:36.955 12796 12796 D AndroidRuntime: CheckJNI is OFF
08-05 00:53:36.980 12138 12418 I art     : Explicit concurrent mark sweep GC freed 164(3KB) AllocSpace objects, 0(0B) LOS objects, 29% free, 38MB/54MB, paused 526us total 26.784ms
08-05 00:53:36.993 12138 12418 I art     : Starting a blocking GC Explicit
08-05 00:53:36.993 12796 12796 D ICU     : No timezone override file found: /data/misc/zoneinfo/current/icu/icu_tzdata.dat
08-05 00:53:37.020 12138 12418 I art     : Explicit concurrent mark sweep GC freed 98(1664B) AllocSpace objects, 0(0B) LOS objects, 29% free, 38MB/54MB, paused 527us total 26.970ms
08-05 00:53:37.028 12796 12796 I Radio-JNI: register_android_hardware_Radio DONE
08-05 00:53:37.032 12138 12418 I art     : Starting a blocking GC Explicit
08-05 00:53:37.050 12796 12796 D AndroidRuntime: Calling main entry com.android.commands.input.Input
08-05 00:53:37.051 12796 12796 I Input   : injectMotionEvent: MotionEvent { action=ACTION_DOWN, actionButton=0, id[0]=0, x[0]=504.0, y[0]=1706.0, toolType[0]=TOOL_TYPE_UNKNOWN, buttonState=0, metaState=0, flags=0x0, edgeFlags=0x0, pointerCount=1, historySize=0, eventTime=752033464, downTime=752033464, deviceId=0, source=0x1002 }
08-05 00:53:37.056 12138 12418 I art     : Explicit concurrent mark sweep GC freed 100(1728B) AllocSpace objects, 0(0B) LOS objects, 29% free, 38MB/54MB, paused 440us total 23.783ms
08-05 00:53:37.057 12796 12796 I Input   : injectMotionEvent: MotionEvent { action=ACTION_UP, actionButton=0, id[0]=0, x[0]=504.0, y[0]=1706.0, toolType[0]=TOOL_TYPE_UNKNOWN, buttonState=0, metaState=0, flags=0x0, edgeFlags=0x0, pointerCount=1, historySize=0, eventTime=752033464, downTime=752033464, deviceId=0, source=0x1002 }
08-05 00:53:37.060 12796 12796 D AndroidRuntime: Shutting down VM
08-05 00:53:37.062   512  2967 D audio_hw_primary: out_set_parameters: enter: usecase(1: low-latency-playback) kvpairs: routing=2
08-05 00:53:37.068 12138 12418 I art     : Starting a blocking GC Explicit
08-05 00:53:37.068   918  4413 I ActivityManager: START u0 {cmp=baseline.io.github.project_travel_mate/.destinations.funfacts.FunFactsActivity (has extras)} from uid 10674 on display 0
08-05 00:53:37.075   512  2967 D audio_hw_primary: select_devices: out_snd_device(2: speaker) in_snd_device(0: none)
08-05 00:53:37.075   512  2967 D msm8974_platform: platform_send_audio_calibration: sending audio calibration for snd_device(2) acdb_id(15)
08-05 00:53:37.075   512  2967 I soundtrigger: audio_extn_sound_trigger_update_device_status: device 0x2 of type 0 for Event 1
08-05 00:53:37.085   512  2967 D audio_hw_primary: enable_snd_device: snd_device(2: speaker)
08-05 00:53:37.087   512  2967 D audio_hw_primary: enable_audio_route: apply and update mixer path: low-latency-playback speaker
08-05 00:53:37.092 12138 12418 I art     : Explicit concurrent mark sweep GC freed 1138(117KB) AllocSpace objects, 0(0B) LOS objects, 29% free, 38MB/54MB, paused 542us total 24.706ms
08-05 00:53:37.112 12138 12205 D Gabe    : call	returning from cache
08-05 00:53:37.116 12138 12138 V EXECUTING: https://project-travel-mate.herokuapp.com/api/get-city-facts/1
08-05 00:53:37.238   918   936 I ActivityManager: Displayed baseline.io.github.project_travel_mate/.destinations.funfacts.FunFactsActivity: +139ms
08-05 00:53:37.242 13866 13866 I GoogleInputMethodServic: GoogleInputMethodService.onFinishInput():3138 
08-05 00:53:37.244 13866 13866 I GoogleInputMethodServic: GoogleInputMethodService.onStartInput():1808 
08-05 00:53:37.388 12138 12149 I art     : Starting a blocking GC Explicit
08-05 00:53:37.430   918  3261 D WifiStateMachine: starting scan for "H369AA63323"WPA_PSK with 2412,5180
08-05 00:53:37.430 12138 12149 I art     : Explicit concurrent mark sweep GC freed 4146(244KB) AllocSpace objects, 2(40KB) LOS objects, 27% free, 42MB/58MB, paused 506us total 41.924ms
08-05 00:53:37.446 12138 12149 I art     : Starting a blocking GC Explicit
08-05 00:53:37.481 12138 12149 I art     : Explicit concurrent mark sweep GC freed 352(9KB) AllocSpace objects, 0(0B) LOS objects, 27% free, 42MB/58MB, paused 470us total 34.648ms
08-05 00:53:37.489   380   380 W SurfaceFlinger: couldn't log to binary event log: overflow.
08-05 00:53:37.495 12138 12149 I art     : Starting a blocking GC Explicit
08-05 00:53:37.521 12138 12149 I art     : Explicit concurrent mark sweep GC freed 147(2496B) AllocSpace objects, 0(0B) LOS objects, 27% free, 42MB/58MB, paused 503us total 25.437ms
08-05 00:53:37.533 12138 12149 I art     : Starting a blocking GC Explicit
08-05 00:53:37.557 12138 12149 I art     : Explicit concurrent mark sweep GC freed 179(3008B) AllocSpace objects, 0(0B) LOS objects, 27% free, 42MB/58MB, paused 615us total 24.316ms
08-05 00:53:37.569 12138 12149 I art     : Starting a blocking GC Explicit
08-05 00:53:37.595 12138 12149 I art     : Explicit concurrent mark sweep GC freed 187(3KB) AllocSpace objects, 0(0B) LOS objects, 27% free, 42MB/58MB, paused 483us total 25.706ms
08-05 00:53:37.619   512  2967 D audio_hw_primary: disable_audio_route: reset and update mixer path: low-latency-playback speaker
08-05 00:53:37.620   512  2967 D audio_hw_primary: disable_snd_device: snd_device(2: speaker)
08-05 00:53:37.628   512  2967 I soundtrigger: audio_extn_sound_trigger_update_device_status: device 0x2 of type 0 for Event 0
08-05 00:53:37.850  5347  5347 I ServiceManager: Waiting for service AtCmdFwd...
08-05 00:53:37.909 12138 12820 I NAPPA_EXPERIMENTATION: MetricNetworkRequestExecutionTime: REQUEST_DURATION_SYSTEM='792',REQUEST_DURATION_OKHTTP='40',REQUEST_SYNCHRONOUS='FALSE',RESPONSE_CODE='200',RESPONSE_METHOD='GET',RESPONSE_LENGTH_OKHTTP='1793',RESPONSE_LENGTH_HEADER='1793',REQUEST_PROTOCOL='http/1.1',REQUEST_URL='https://project-travel-mate.herokuapp.com/api/get-city-facts/1',
08-05 00:53:37.911 12138 12820 V EXECUTING: https://project-travel-mate.herokuapp.com/api/get-city-images/1
08-05 00:53:37.920 12138 12418 I art     : Starting a blocking GC Explicit
08-05 00:53:37.948 12138 12418 I art     : Explicit concurrent mark sweep GC freed 5497(279KB) AllocSpace objects, 5(240KB) LOS objects, 26% free, 43MB/59MB, paused 1.014ms total 27.358ms
08-05 00:53:37.960 12138 12418 I art     : Starting a blocking GC Explicit
08-05 00:53:37.986 12138 12418 I art     : Explicit concurrent mark sweep GC freed 1106(120KB) AllocSpace objects, 0(0B) LOS objects, 26% free, 43MB/59MB, paused 687us total 25.620ms
08-05 00:53:37.998 12138 12418 I art     : Starting a blocking GC Explicit
08-05 00:53:38.024 12138 12418 I art     : Explicit concurrent mark sweep GC freed 43(1280B) AllocSpace objects, 0(0B) LOS objects, 26% free, 43MB/59MB, paused 674us total 25.943ms
08-05 00:53:38.037 12138 12418 I art     : Starting a blocking GC Explicit
08-05 00:53:38.062 12138 12418 I art     : Explicit concurrent mark sweep GC freed 139(2848B) AllocSpace objects, 0(0B) LOS objects, 26% free, 43MB/59MB, paused 823us total 25.643ms
08-05 00:53:38.075 12138 12418 I art     : Starting a blocking GC Explicit
08-05 00:53:38.101 12138 12418 I art     : Explicit concurrent mark sweep GC freed 29(512B) AllocSpace objects, 0(0B) LOS objects, 26% free, 43MB/59MB, paused 808us total 26.363ms
08-05 00:53:38.410 12138 12149 I art     : Starting a blocking GC Explicit
08-05 00:53:38.437 12138 12149 I art     : Explicit concurrent mark sweep GC freed 2331(97KB) AllocSpace objects, 2(40KB) LOS objects, 26% free, 43MB/59MB, paused 777us total 26.326ms
08-05 00:53:38.449 12138 12149 I art     : Starting a blocking GC Explicit
08-05 00:53:38.475 12138 12149 I art     : Explicit concurrent mark sweep GC freed 55(1520B) AllocSpace objects, 0(0B) LOS objects, 26% free, 43MB/59MB, paused 822us total 26.001ms
08-05 00:53:38.487 12138 12149 I art     : Starting a blocking GC Explicit
08-05 00:53:38.514 12138 12149 I art     : Explicit concurrent mark sweep GC freed 129(2208B) AllocSpace objects, 0(0B) LOS objects, 26% free, 43MB/59MB, paused 681us total 26.030ms
08-05 00:53:38.526 12138 12149 I art     : Starting a blocking GC Explicit
08-05 00:53:38.553 12138 12149 I art     : Explicit concurrent mark sweep GC freed 21(400B) AllocSpace objects, 0(0B) LOS objects, 26% free, 43MB/59MB, paused 529us total 26.424ms
08-05 00:53:38.564 12138 12149 I art     : Starting a blocking GC Explicit
08-05 00:53:38.593 12138 12149 I art     : Explicit concurrent mark sweep GC freed 2627(131KB) AllocSpace objects, 1(80KB) LOS objects, 26% free, 44MB/60MB, paused 955us total 28.313ms
08-05 00:53:38.639 12138 12845 I NAPPA_EXPERIMENTATION: MetricNetworkRequestExecutionTime: REQUEST_DURATION_SYSTEM='727',REQUEST_DURATION_OKHTTP='42',REQUEST_SYNCHRONOUS='FALSE',RESPONSE_CODE='200',RESPONSE_METHOD='GET',RESPONSE_LENGTH_OKHTTP='183',RESPONSE_LENGTH_HEADER='183',REQUEST_PROTOCOL='http/1.1',REQUEST_URL='https://project-travel-mate.herokuapp.com/api/get-city-images/1',
08-05 00:53:38.681 12138 12845 V RESPONSE: [{"id":17,"image_url":"https://upload.wikimedia.org/wikipedia/commons/9/94/%E0%B4%96%E0%B5%81%E0%B4%A4%E0%B5%8D%E0%B4%AC%E0%B5%8D_%E0%B4%AE%E0%B4%BF%E0%B4%A8%E0%B4%BE%E0%B5%BC1.jpg"}]
08-05 00:53:38.851  5347  5347 I ServiceManager: Waiting for service AtCmdFwd...
08-05 00:53:38.942 12138 12150 I art     : Starting a blocking GC Explicit
08-05 00:53:39.005 12138 12150 I art     : Explicit concurrent mark sweep GC freed 7265(371KB) AllocSpace objects, 5(4MB) LOS objects, 28% free, 39MB/55MB, paused 887us total 62.761ms
08-05 00:53:39.021 12138 12150 I art     : Starting a blocking GC Explicit
08-05 00:53:39.050 12138 12150 I art     : Explicit concurrent mark sweep GC freed 398(12KB) AllocSpace objects, 0(0B) LOS objects, 28% free, 39MB/55MB, paused 505us total 28.516ms
08-05 00:53:39.062 12138 12150 I art     : Starting a blocking GC Explicit
08-05 00:53:39.091 12138 12150 I art     : Explicit concurrent mark sweep GC freed 147(2496B) AllocSpace objects, 0(0B) LOS objects, 28% free, 39MB/55MB, paused 518us total 28.422ms
08-05 00:53:39.103 12138 12150 I art     : Starting a blocking GC Explicit
08-05 00:53:39.133 12138 12150 I art     : Explicit concurrent mark sweep GC freed 219(3KB) AllocSpace objects, 0(0B) LOS objects, 28% free, 39MB/55MB, paused 521us total 29.423ms
08-05 00:53:39.146 12138 12150 I art     : Starting a blocking GC Explicit
08-05 00:53:39.174 12138 12150 I art     : Explicit concurrent mark sweep GC freed 147(2496B) AllocSpace objects, 0(0B) LOS objects, 28% free, 39MB/55MB, paused 498us total 28.404ms
08-05 00:53:39.503 12138 12159 I art     : Starting a blocking GC Explicit
08-05 00:53:39.535 12138 12159 I art     : Explicit concurrent mark sweep GC freed 3012(108KB) AllocSpace objects, 2(40KB) LOS objects, 28% free, 39MB/55MB, paused 519us total 31.833ms
08-05 00:53:39.551 12138 12159 I art     : Starting a blocking GC Explicit
08-05 00:53:39.578 12138 12159 I art     : Explicit concurrent mark sweep GC freed 237(4KB) AllocSpace objects, 0(0B) LOS objects, 28% free, 39MB/55MB, paused 545us total 27.257ms
08-05 00:53:39.590 12138 12159 I art     : Starting a blocking GC Explicit
08-05 00:53:39.612   518   646 I ThermalEngine: ACTION: GPU - Setting GPU[0] to 450000000
08-05 00:53:39.621 12138 12159 I art     : Explicit concurrent mark sweep GC freed 148(2528B) AllocSpace objects, 0(0B) LOS objects, 28% free, 39MB/55MB, paused 710us total 30.642ms
08-05 00:53:39.638 12138 12159 I art     : Starting a blocking GC Explicit
08-05 00:53:39.675 12138 12159 I art     : Explicit concurrent mark sweep GC freed 219(3KB) AllocSpace objects, 0(0B) LOS objects, 28% free, 39MB/55MB, paused 667us total 36.851ms
08-05 00:53:39.692 12138 12159 I art     : Starting a blocking GC Explicit
08-05 00:53:39.729 12138 12159 I art     : Explicit concurrent mark sweep GC freed 237(3KB) AllocSpace objects, 0(0B) LOS objects, 28% free, 39MB/55MB, paused 853us total 37.436ms
08-05 00:53:39.797 12867 12867 D AndroidRuntime: >>>>>> START com.android.internal.os.RuntimeInit uid 2000 <<<<<<
08-05 00:53:39.803 12867 12867 D AndroidRuntime: CheckJNI is OFF
08-05 00:53:39.847 12867 12867 D ICU     : No timezone override file found: /data/misc/zoneinfo/current/icu/icu_tzdata.dat
08-05 00:53:39.852  5347  5347 I ServiceManager: Waiting for service AtCmdFwd...
08-05 00:53:39.891 12867 12867 I Radio-JNI: register_android_hardware_Radio DONE
08-05 00:53:39.919 12867 12867 D AndroidRuntime: Calling main entry com.android.commands.input.Input
08-05 00:53:39.921 12867 12867 I Input   : injectKeyEvent: KeyEvent { action=ACTION_DOWN, keyCode=KEYCODE_BACK, scanCode=0, metaState=0, flags=0x0, repeatCount=0, eventTime=752036334, downTime=752036334, deviceId=-1, source=0x101 }
08-05 00:53:39.933 12867 12867 I Input   : injectKeyEvent: KeyEvent { action=ACTION_UP, keyCode=KEYCODE_BACK, scanCode=0, metaState=0, flags=0x0, repeatCount=0, eventTime=752036334, downTime=752036334, deviceId=-1, source=0x101 }
08-05 00:53:39.938 12867 12867 D AndroidRuntime: Shutting down VM
08-05 00:53:39.969 13866 13866 I GoogleInputMethodServic: GoogleInputMethodService.onFinishInput():3138 
08-05 00:53:39.970 13866 13866 I GoogleInputMethodServic: GoogleInputMethodService.onStartInput():1808 
08-05 00:53:40.099 12138 12149 I art     : Starting a blocking GC Explicit
08-05 00:53:40.143 12138 12149 I art     : Explicit concurrent mark sweep GC freed 3241(115KB) AllocSpace objects, 2(40KB) LOS objects, 28% free, 39MB/55MB, paused 675us total 42.990ms
08-05 00:53:40.165 12138 12149 I art     : Starting a blocking GC Explicit
08-05 00:53:40.207 12138 12149 I art     : Explicit concurrent mark sweep GC freed 314(5KB) AllocSpace objects, 0(0B) LOS objects, 28% free, 39MB/55MB, paused 738us total 42.329ms
08-05 00:53:40.227 12138 12149 I art     : Starting a blocking GC Explicit
08-05 00:53:40.271 12138 12149 I art     : Explicit concurrent mark sweep GC freed 293(4KB) AllocSpace objects, 0(0B) LOS objects, 28% free, 39MB/55MB, paused 663us total 43.365ms
08-05 00:53:40.288 12138 12149 I art     : Starting a blocking GC Explicit
08-05 00:53:40.292   380   380 W SurfaceFlinger: couldn't log to binary event log: overflow.
08-05 00:53:40.324 12138 12149 I art     : Explicit concurrent mark sweep GC freed 965(38KB) AllocSpace objects, 3(644KB) LOS objects, 29% free, 39MB/55MB, paused 709us total 36.273ms
08-05 00:53:40.341 12138 12149 I art     : Starting a blocking GC Explicit
08-05 00:53:40.373 12138 12149 I art     : Explicit concurrent mark sweep GC freed 5569(268KB) AllocSpace objects, 1(28KB) LOS objects, 29% free, 38MB/54MB, paused 670us total 31.931ms
08-05 00:53:40.753 12138 12418 I art     : Starting a blocking GC Explicit
08-05 00:53:40.789 12138 12418 I art     : Explicit concurrent mark sweep GC freed 2628(102KB) AllocSpace objects, 2(40KB) LOS objects, 29% free, 38MB/54MB, paused 782us total 35.579ms
08-05 00:53:40.807 12138 12418 I art     : Starting a blocking GC Explicit
08-05 00:53:40.840 12138 12418 I art     : Explicit concurrent mark sweep GC freed 166(3KB) AllocSpace objects, 0(0B) LOS objects, 29% free, 38MB/54MB, paused 657us total 32.609ms
08-05 00:53:40.852  5347  5347 I ServiceManager: Waiting for service AtCmdFwd...
08-05 00:53:40.856 12138 12418 I art     : Starting a blocking GC Explicit
08-05 00:53:40.889 12138 12418 I art     : Explicit concurrent mark sweep GC freed 147(2496B) AllocSpace objects, 0(0B) LOS objects, 29% free, 38MB/54MB, paused 662us total 33.258ms
08-05 00:53:40.905 12138 12418 I art     : Starting a blocking GC Explicit
08-05 00:53:40.939 12138 12418 I art     : Explicit concurrent mark sweep GC freed 170(3KB) AllocSpace objects, 0(0B) LOS objects, 29% free, 38MB/54MB, paused 660us total 33.524ms
08-05 00:53:40.955 12138 12418 I art     : Starting a blocking GC Explicit
08-05 00:53:40.988 12138 12418 I art     : Explicit concurrent mark sweep GC freed 163(3KB) AllocSpace objects, 0(0B) LOS objects, 29% free, 38MB/54MB, paused 642us total 31.965ms
08-05 00:53:41.346 12138 12150 I art     : Starting a blocking GC Explicit
08-05 00:53:41.381 12138 12150 I art     : Explicit concurrent mark sweep GC freed 2572(101KB) AllocSpace objects, 2(40KB) LOS objects, 29% free, 38MB/54MB, paused 868us total 35.408ms
08-05 00:53:41.398 12138 12150 I art     : Starting a blocking GC Explicit
08-05 00:53:41.430 12138 12150 I art     : Explicit concurrent mark sweep GC freed 172(3KB) AllocSpace objects, 0(0B) LOS objects, 29% free, 38MB/54MB, paused 718us total 32.573ms
08-05 00:53:41.446 12138 12150 I art     : Starting a blocking GC Explicit
08-05 00:53:41.480 12138 12150 I art     : Explicit concurrent mark sweep GC freed 137(2320B) AllocSpace objects, 0(0B) LOS objects, 29% free, 38MB/54MB, paused 781us total 32.970ms
08-05 00:53:41.496 12138 12150 I art     : Starting a blocking GC Explicit
08-05 00:53:41.528 12138 12150 I art     : Explicit concurrent mark sweep GC freed 118(2032B) AllocSpace objects, 0(0B) LOS objects, 29% free, 38MB/54MB, paused 827us total 32.589ms
08-05 00:53:41.545 12138 12150 I art     : Starting a blocking GC Explicit
08-05 00:53:41.578 12138 12150 I art     : Explicit concurrent mark sweep GC freed 154(2592B) AllocSpace objects, 0(0B) LOS objects, 29% free, 38MB/54MB, paused 766us total 33.644ms
08-05 00:53:41.618   518   646 I ThermalEngine: ACTION: GPU - Setting GPU[0] to 510000000
08-05 00:53:41.712 12918 12918 D AndroidRuntime: >>>>>> START com.android.internal.os.RuntimeInit uid 2000 <<<<<<
08-05 00:53:41.719 12918 12918 D AndroidRuntime: CheckJNI is OFF
08-05 00:53:41.749 12918 12918 D ICU     : No timezone override file found: /data/misc/zoneinfo/current/icu/icu_tzdata.dat
08-05 00:53:41.780 12918 12918 I Radio-JNI: register_android_hardware_Radio DONE
08-05 00:53:41.801 12918 12918 D AndroidRuntime: Calling main entry com.android.commands.input.Input
08-05 00:53:41.802 12918 12918 I Input   : injectMotionEvent: MotionEvent { action=ACTION_DOWN, actionButton=0, id[0]=0, x[0]=693.0, y[0]=1450.0, toolType[0]=TOOL_TYPE_UNKNOWN, buttonState=0, metaState=0, flags=0x0, edgeFlags=0x0, pointerCount=1, historySize=0, eventTime=752038215, downTime=752038215, deviceId=0, source=0x1002 }
08-05 00:53:41.807 12918 12918 I Input   : injectMotionEvent: MotionEvent { action=ACTION_UP, actionButton=0, id[0]=0, x[0]=693.0, y[0]=1450.0, toolType[0]=TOOL_TYPE_UNKNOWN, buttonState=0, metaState=0, flags=0x0, edgeFlags=0x0, pointerCount=1, historySize=0, eventTime=752038215, downTime=752038215, deviceId=0, source=0x1002 }
08-05 00:53:41.808 12918 12918 D AndroidRuntime: Shutting down VM
08-05 00:53:41.809   918  6111 I ActivityManager: START u0 {cmp=baseline.io.github.project_travel_mate/.destinations.description.CityHistoryActivity} from uid 10674 on display 0
08-05 00:53:41.810   512  2967 D audio_hw_primary: out_set_parameters: enter: usecase(1: low-latency-playback) kvpairs: routing=2
08-05 00:53:41.823   512  2967 D audio_hw_primary: select_devices: out_snd_device(2: speaker) in_snd_device(0: none)
08-05 00:53:41.823   512  2967 D msm8974_platform: platform_send_audio_calibration: sending audio calibration for snd_device(2) acdb_id(15)
08-05 00:53:41.824   512  2967 I soundtrigger: audio_extn_sound_trigger_update_device_status: device 0x2 of type 0 for Event 1
08-05 00:53:41.836   512  2967 D audio_hw_primary: enable_snd_device: snd_device(2: speaker)
08-05 00:53:41.838   512  2967 D audio_hw_primary: enable_audio_route: apply and update mixer path: low-latency-playback speaker
08-05 00:53:41.841 12138 12205 D Gabe    : call	returning from cache
08-05 00:53:41.843 12138 12138 V EXECUTING: https://project-travel-mate.herokuapp.com/api/get-city-information/1
08-05 00:53:41.853  5347  5347 I ServiceManager: Waiting for service AtCmdFwd...
08-05 00:53:41.920 12138 12418 I art     : Starting a blocking GC Explicit
08-05 00:53:41.948 12138 12418 I art     : Explicit concurrent mark sweep GC freed 3215(153KB) AllocSpace objects, 2(40KB) LOS objects, 26% free, 43MB/59MB, paused 698us total 27.184ms
08-05 00:53:41.961 12138 12418 I art     : Starting a blocking GC Explicit
08-05 00:53:41.966   918   936 I ActivityManager: Displayed baseline.io.github.project_travel_mate/.destinations.description.CityHistoryActivity: +143ms
08-05 00:53:41.969 13866 13866 I GoogleInputMethodServic: GoogleInputMethodService.onFinishInput():3138 
08-05 00:53:41.969 13866 13866 I GoogleInputMethodServic: GoogleInputMethodService.onStartInput():1808 
08-05 00:53:41.987 12138 12418 I art     : Explicit concurrent mark sweep GC freed 412(17KB) AllocSpace objects, 0(0B) LOS objects, 27% free, 43MB/59MB, paused 729us total 25.785ms
08-05 00:53:42.000 12138 12418 I art     : Starting a blocking GC Explicit
08-05 00:53:42.030 12138 12418 I art     : Explicit concurrent mark sweep GC freed 23(448B) AllocSpace objects, 0(0B) LOS objects, 27% free, 43MB/59MB, paused 695us total 29.238ms
08-05 00:53:42.043 12138 12418 I art     : Starting a blocking GC Explicit
08-05 00:53:42.069 12138 12418 I art     : Explicit concurrent mark sweep GC freed 222(3KB) AllocSpace objects, 0(0B) LOS objects, 27% free, 43MB/59MB, paused 516us total 26.671ms
08-05 00:53:42.082 12138 12418 I art     : Starting a blocking GC Explicit
08-05 00:53:42.107 12138 12418 I art     : Explicit concurrent mark sweep GC freed 149(2576B) AllocSpace objects, 0(0B) LOS objects, 27% free, 43MB/59MB, paused 568us total 25.299ms
08-05 00:53:42.229   380   380 W SurfaceFlinger: couldn't log to binary event log: overflow.
08-05 00:53:42.379   512  2967 D audio_hw_primary: disable_audio_route: reset and update mixer path: low-latency-playback speaker
08-05 00:53:42.380   512  2967 D audio_hw_primary: disable_snd_device: snd_device(2: speaker)
08-05 00:53:42.389   512  2967 I soundtrigger: audio_extn_sound_trigger_update_device_status: device 0x2 of type 0 for Event 0
08-05 00:53:42.418 12138 12159 I art     : Starting a blocking GC Explicit
08-05 00:53:42.446 12138 12159 I art     : Explicit concurrent mark sweep GC freed 2684(104KB) AllocSpace objects, 2(40KB) LOS objects, 26% free, 43MB/59MB, paused 1.826ms total 28.396ms
08-05 00:53:42.459 12138 12159 I art     : Starting a blocking GC Explicit
08-05 00:53:42.486 12138 12159 I art     : Explicit concurrent mark sweep GC freed 144(2864B) AllocSpace objects, 0(0B) LOS objects, 26% free, 43MB/59MB, paused 673us total 27.083ms
08-05 00:53:42.499 12138 12159 I art     : Starting a blocking GC Explicit
08-05 00:53:42.525 12138 12159 I art     : Explicit concurrent mark sweep GC freed 92(1568B) AllocSpace objects, 0(0B) LOS objects, 26% free, 43MB/59MB, paused 777us total 26.288ms
08-05 00:53:42.538 12138 12159 I art     : Starting a blocking GC Explicit
08-05 00:53:42.565 12138 12159 I art     : Explicit concurrent mark sweep GC freed 61(1040B) AllocSpace objects, 0(0B) LOS objects, 26% free, 43MB/59MB, paused 799us total 26.556ms
08-05 00:53:42.576 12138 12159 I art     : Starting a blocking GC Explicit
08-05 00:53:42.603 12138 12159 I art     : Explicit concurrent mark sweep GC freed 131(2256B) AllocSpace objects, 0(0B) LOS objects, 26% free, 43MB/59MB, paused 708us total 26.783ms
08-05 00:53:42.730 12138 12948 I NAPPA_EXPERIMENTATION: MetricNetworkRequestExecutionTime: REQUEST_DURATION_SYSTEM='886',REQUEST_DURATION_OKHTTP='39',REQUEST_SYNCHRONOUS='FALSE',RESPONSE_CODE='200',RESPONSE_METHOD='GET',RESPONSE_LENGTH_OKHTTP='55024',RESPONSE_LENGTH_HEADER='55024',REQUEST_PROTOCOL='http/1.1',REQUEST_URL='https://project-travel-mate.herokuapp.com/api/get-city-information/1',
08-05 00:53:42.853  5347  5347 W Atfwd_Sendcmd: AtCmdFwd service not published, waiting... retryCnt : 2
08-05 00:53:42.882 13866 13866 I GoogleInputMethodServic: GoogleInputMethodService.onFinishInput():3138 
08-05 00:53:42.882 13866 13866 I GoogleInputMethodServic: GoogleInputMethodService.onStartInput():1808 
08-05 00:53:42.903 12138 12418 I art     : Starting a blocking GC Explicit
08-05 00:53:42.933 12138 12418 I art     : Explicit concurrent mark sweep GC freed 6313(1453KB) AllocSpace objects, 25(5MB) LOS objects, 28% free, 39MB/55MB, paused 702us total 29.659ms
08-05 00:53:42.945 12138 12418 I art     : Starting a blocking GC Explicit
08-05 00:53:42.975 12138 12418 I art     : Explicit concurrent mark sweep GC freed 1213(122KB) AllocSpace objects, 0(0B) LOS objects, 28% free, 39MB/55MB, paused 544us total 29.190ms
08-05 00:53:42.975 12138 12148 I art     : WaitForGcToComplete blocked for 26.587ms for cause HeapTrim
08-05 00:53:42.987 12138 12418 I art     : Starting a blocking GC Explicit
08-05 00:53:43.018 12138 12418 I art     : Explicit concurrent mark sweep GC freed 220(3KB) AllocSpace objects, 0(0B) LOS objects, 28% free, 39MB/55MB, paused 565us total 29.864ms
08-05 00:53:43.030 12138 12418 I art     : Starting a blocking GC Explicit
08-05 00:53:43.061 12138 12418 I art     : Explicit concurrent mark sweep GC freed 147(2496B) AllocSpace objects, 0(0B) LOS objects, 28% free, 39MB/55MB, paused 529us total 30.228ms
08-05 00:53:43.074 12138 12418 I art     : Starting a blocking GC Explicit
08-05 00:53:43.103 12138 12418 I art     : Explicit concurrent mark sweep GC freed 219(3KB) AllocSpace objects, 0(0B) LOS objects, 28% free, 39MB/55MB, paused 527us total 29.159ms
08-05 00:53:43.451 12138 12159 I art     : Starting a blocking GC Explicit
08-05 00:53:43.482 12138 12159 I art     : Explicit concurrent mark sweep GC freed 3036(109KB) AllocSpace objects, 2(40KB) LOS objects, 28% free, 39MB/55MB, paused 690us total 30.402ms
08-05 00:53:43.495 12138 12159 I art     : Starting a blocking GC Explicit
08-05 00:53:43.526 12138 12159 I art     : Explicit concurrent mark sweep GC freed 221(4KB) AllocSpace objects, 0(0B) LOS objects, 28% free, 39MB/55MB, paused 543us total 30.677ms
08-05 00:53:43.538 12138 12159 I art     : Starting a blocking GC Explicit
08-05 00:53:43.567 12138 12159 I art     : Explicit concurrent mark sweep GC freed 225(3KB) AllocSpace objects, 0(0B) LOS objects, 28% free, 39MB/55MB, paused 553us total 28.050ms
08-05 00:53:43.579 12138 12159 I art     : Starting a blocking GC Explicit
08-05 00:53:43.609 12138 12159 I art     : Explicit concurrent mark sweep GC freed 150(2592B) AllocSpace objects, 0(0B) LOS objects, 28% free, 39MB/55MB, paused 673us total 29.822ms
08-05 00:53:43.622 12138 12159 I art     : Starting a blocking GC Explicit
08-05 00:53:43.652 12138 12159 I art     : Explicit concurrent mark sweep GC freed 226(3KB) AllocSpace objects, 0(0B) LOS objects, 28% free, 39MB/55MB, paused 495us total 29.348ms
08-05 00:53:44.035 12138 12150 I art     : Starting a blocking GC Explicit
08-05 00:53:44.066 12138 12150 I art     : Explicit concurrent mark sweep GC freed 3231(113KB) AllocSpace objects, 2(40KB) LOS objects, 28% free, 39MB/55MB, paused 608us total 31.227ms
08-05 00:53:44.079 12138 12150 I art     : Starting a blocking GC Explicit
08-05 00:53:44.110 12138 12150 I art     : Explicit concurrent mark sweep GC freed 196(4KB) AllocSpace objects, 0(0B) LOS objects, 28% free, 39MB/55MB, paused 542us total 30.193ms
08-05 00:53:44.122 12138 12150 I art     : Starting a blocking GC Explicit
08-05 00:53:44.153 12138 12150 I art     : Explicit concurrent mark sweep GC freed 220(3KB) AllocSpace objects, 0(0B) LOS objects, 28% free, 39MB/55MB, paused 515us total 29.958ms
08-05 00:53:44.165 12138 12150 I art     : Starting a blocking GC Explicit
08-05 00:53:44.196 12138 12150 I art     : Explicit concurrent mark sweep GC freed 147(2496B) AllocSpace objects, 0(0B) LOS objects, 28% free, 39MB/55MB, paused 600us total 30.296ms
08-05 00:53:44.209 12138 12150 I art     : Starting a blocking GC Explicit
08-05 00:53:44.239 12138 12150 I art     : Explicit concurrent mark sweep GC freed 219(3KB) AllocSpace objects, 0(0B) LOS objects, 28% free, 39MB/55MB, paused 538us total 29.894ms
08-05 00:53:44.598 12138 12418 I art     : Starting a blocking GC Explicit
08-05 00:53:44.632 12138 12418 I art     : Explicit concurrent mark sweep GC freed 3083(110KB) AllocSpace objects, 2(40KB) LOS objects, 28% free, 39MB/55MB, paused 532us total 32.745ms
08-05 00:53:44.646 12138 12418 I art     : Starting a blocking GC Explicit
08-05 00:53:44.674 12138 12418 I art     : Explicit concurrent mark sweep GC freed 238(4KB) AllocSpace objects, 0(0B) LOS objects, 28% free, 39MB/55MB, paused 530us total 28.044ms
08-05 00:53:44.687 12138 12418 I art     : Starting a blocking GC Explicit
08-05 00:53:44.715 12138 12418 I art     : Explicit concurrent mark sweep GC freed 150(2544B) AllocSpace objects, 0(0B) LOS objects, 28% free, 39MB/55MB, paused 661us total 28.730ms
08-05 00:53:44.728 12138 12418 I art     : Starting a blocking GC Explicit
08-05 00:53:44.758 12138 12418 I art     : Explicit concurrent mark sweep GC freed 216(3KB) AllocSpace objects, 0(0B) LOS objects, 28% free, 39MB/55MB, paused 525us total 29.525ms
08-05 00:53:44.770 12138 12418 I art     : Starting a blocking GC Explicit
08-05 00:53:44.800 12138 12418 I art     : Explicit concurrent mark sweep GC freed 203(3KB) AllocSpace objects, 0(0B) LOS objects, 28% free, 39MB/55MB, paused 641us total 29.278ms
08-05 00:53:45.147 12138 12159 I art     : Starting a blocking GC Explicit
08-05 00:53:45.178 12138 12159 I art     : Explicit concurrent mark sweep GC freed 3027(109KB) AllocSpace objects, 2(40KB) LOS objects, 28% free, 39MB/55MB, paused 524us total 30.702ms
08-05 00:53:45.191 12138 12159 I art     : Starting a blocking GC Explicit
08-05 00:53:45.221 12138 12159 I art     : Explicit concurrent mark sweep GC freed 239(4KB) AllocSpace objects, 0(0B) LOS objects, 28% free, 39MB/55MB, paused 531us total 29.977ms
08-05 00:53:45.234 12138 12159 I art     : Starting a blocking GC Explicit
08-05 00:53:45.265 12138 12159 I art     : Explicit concurrent mark sweep GC freed 147(2496B) AllocSpace objects, 0(0B) LOS objects, 28% free, 39MB/55MB, paused 508us total 30.163ms
08-05 00:53:45.277 12138 12159 I art     : Starting a blocking GC Explicit
08-05 00:53:45.308 12138 12159 I art     : Explicit concurrent mark sweep GC freed 219(3KB) AllocSpace objects, 0(0B) LOS objects, 28% free, 39MB/55MB, paused 545us total 30.535ms
08-05 00:53:45.321 12138 12159 I art     : Starting a blocking GC Explicit
08-05 00:53:45.352 12138 12159 I art     : Explicit concurrent mark sweep GC freed 219(3KB) AllocSpace objects, 0(0B) LOS objects, 28% free, 39MB/55MB, paused 532us total 30.610ms
08-05 00:53:45.722 12138 12149 I art     : Starting a blocking GC Explicit
08-05 00:53:45.754 12138 12149 I art     : Explicit concurrent mark sweep GC freed 3156(111KB) AllocSpace objects, 2(40KB) LOS objects, 28% free, 39MB/55MB, paused 540us total 31.366ms
08-05 00:53:45.766 12138 12149 I art     : Starting a blocking GC Explicit
08-05 00:53:45.796 12138 12149 I art     : Explicit concurrent mark sweep GC freed 165(3KB) AllocSpace objects, 0(0B) LOS objects, 28% free, 39MB/55MB, paused 544us total 29.850ms
08-05 00:53:45.809 12138 12149 I art     : Starting a blocking GC Explicit
08-05 00:53:45.839 12138 12149 I art     : Explicit concurrent mark sweep GC freed 220(3KB) AllocSpace objects, 0(0B) LOS objects, 28% free, 39MB/55MB, paused 536us total 29.769ms
08-05 00:53:45.852 12138 12149 I art     : Starting a blocking GC Explicit
08-05 00:53:45.883 12138 12149 I art     : Explicit concurrent mark sweep GC freed 161(2720B) AllocSpace objects, 0(0B) LOS objects, 28% free, 39MB/55MB, paused 703us total 30.901ms
08-05 00:53:45.896 12138 12149 I art     : Starting a blocking GC Explicit
08-05 00:53:45.927 12138 12149 I art     : Explicit concurrent mark sweep GC freed 205(3KB) AllocSpace objects, 0(0B) LOS objects, 28% free, 39MB/55MB, paused 660us total 30.392ms
08-05 00:53:46.253 12138 12150 I art     : Starting a blocking GC Explicit
08-05 00:53:46.284 12138 12150 I art     : Explicit concurrent mark sweep GC freed 2940(107KB) AllocSpace objects, 2(40KB) LOS objects, 28% free, 39MB/55MB, paused 624us total 30.273ms
08-05 00:53:46.297 12138 12150 I art     : Starting a blocking GC Explicit
08-05 00:53:46.326 12138 12150 I art     : Explicit concurrent mark sweep GC freed 237(4KB) AllocSpace objects, 0(0B) LOS objects, 28% free, 39MB/55MB, paused 525us total 29.208ms
08-05 00:53:46.338 12138 12150 I art     : Starting a blocking GC Explicit
08-05 00:53:46.367 12138 12150 I art     : Explicit concurrent mark sweep GC freed 150(2528B) AllocSpace objects, 0(0B) LOS objects, 28% free, 39MB/55MB, paused 804us total 28.843ms
08-05 00:53:46.380 12138 12150 I art     : Starting a blocking GC Explicit
08-05 00:53:46.408 12138 12150 I art     : Explicit concurrent mark sweep GC freed 217(3KB) AllocSpace objects, 0(0B) LOS objects, 28% free, 39MB/55MB, paused 536us total 28.111ms
08-05 00:53:46.421 12138 12150 I art     : Starting a blocking GC Explicit
08-05 00:53:46.450 12138 12150 I art     : Explicit concurrent mark sweep GC freed 146(2464B) AllocSpace objects, 0(0B) LOS objects, 28% free, 39MB/55MB, paused 539us total 28.575ms
08-05 00:53:46.508 13024 13024 D AndroidRuntime: >>>>>> START com.android.internal.os.RuntimeInit uid 2000 <<<<<<
08-05 00:53:46.513 13024 13024 D AndroidRuntime: CheckJNI is OFF
08-05 00:53:46.548 13024 13024 D ICU     : No timezone override file found: /data/misc/zoneinfo/current/icu/icu_tzdata.dat
08-05 00:53:46.581 13024 13024 I Radio-JNI: register_android_hardware_Radio DONE
08-05 00:53:46.603 13024 13024 D AndroidRuntime: Calling main entry com.android.commands.input.Input
08-05 00:53:46.604 13024 13024 I Input   : injectKeyEvent: KeyEvent { action=ACTION_DOWN, keyCode=KEYCODE_BACK, scanCode=0, metaState=0, flags=0x0, repeatCount=0, eventTime=752043017, downTime=752043017, deviceId=-1, source=0x101 }
08-05 00:53:46.611 13024 13024 I Input   : injectKeyEvent: KeyEvent { action=ACTION_UP, keyCode=KEYCODE_BACK, scanCode=0, metaState=0, flags=0x0, repeatCount=0, eventTime=752043017, downTime=752043017, deviceId=-1, source=0x101 }
08-05 00:53:46.619 13024 13024 D AndroidRuntime: Shutting down VM
08-05 00:53:46.658 13866 13866 I GoogleInputMethodServic: GoogleInputMethodService.onFinishInput():3138 
08-05 00:53:46.659 13866 13866 I GoogleInputMethodServic: GoogleInputMethodService.onStartInput():1808 
08-05 00:53:46.768 12138 12418 I art     : Starting a blocking GC Explicit
08-05 00:53:46.811 12138 12418 I art     : Explicit concurrent mark sweep GC freed 3114(112KB) AllocSpace objects, 2(40KB) LOS objects, 28% free, 39MB/55MB, paused 631us total 42.157ms
08-05 00:53:46.825 12138 12418 I art     : Starting a blocking GC Explicit
08-05 00:53:46.863 12138 12418 I art     : Explicit concurrent mark sweep GC freed 242(4KB) AllocSpace objects, 0(0B) LOS objects, 28% free, 39MB/55MB, paused 531us total 37.449ms
08-05 00:53:46.876 12138 12418 I art     : Starting a blocking GC Explicit
08-05 00:53:46.911 12138 12418 I art     : Explicit concurrent mark sweep GC freed 219(3KB) AllocSpace objects, 0(0B) LOS objects, 28% free, 39MB/55MB, paused 772us total 34.255ms
08-05 00:53:46.924 12138 12418 I art     : Starting a blocking GC Explicit
08-05 00:53:46.950   380   380 W SurfaceFlinger: couldn't log to binary event log: overflow.
08-05 00:53:46.957 12138 12418 I art     : Explicit concurrent mark sweep GC freed 238(5KB) AllocSpace objects, 0(0B) LOS objects, 28% free, 39MB/55MB, paused 1.118ms total 32.215ms
08-05 00:53:46.973 12138 12418 I art     : Starting a blocking GC Explicit
08-05 00:53:46.999 12138 12418 I art     : Explicit concurrent mark sweep GC freed 121(2816B) AllocSpace objects, 2(364KB) LOS objects, 28% free, 39MB/55MB, paused 577us total 25.373ms
08-05 00:53:47.343 12138 12150 I art     : Starting a blocking GC Explicit
08-05 00:53:47.372 12138 12150 I art     : Explicit concurrent mark sweep GC freed 7225(439KB) AllocSpace objects, 9(172KB) LOS objects, 29% free, 38MB/54MB, paused 528us total 28.639ms
08-05 00:53:47.386 12138 12150 I art     : Starting a blocking GC Explicit
08-05 00:53:47.414 12138 12150 I art     : Explicit concurrent mark sweep GC freed 118(2384B) AllocSpace objects, 0(0B) LOS objects, 29% free, 38MB/54MB, paused 503us total 27.621ms
08-05 00:53:47.427 12138 12150 I art     : Starting a blocking GC Explicit
08-05 00:53:47.454 12138 12150 I art     : Explicit concurrent mark sweep GC freed 147(2496B) AllocSpace objects, 0(0B) LOS objects, 29% free, 38MB/54MB, paused 539us total 27.551ms
08-05 00:53:47.467 12138 12150 I art     : Starting a blocking GC Explicit
08-05 00:53:47.495 12138 12150 I art     : Explicit concurrent mark sweep GC freed 98(1664B) AllocSpace objects, 0(0B) LOS objects, 29% free, 38MB/54MB, paused 542us total 28.144ms
08-05 00:53:47.508 12138 12150 I art     : Starting a blocking GC Explicit
08-05 00:53:47.537 12138 12150 I art     : Explicit concurrent mark sweep GC freed 147(2496B) AllocSpace objects, 0(0B) LOS objects, 29% free, 38MB/54MB, paused 559us total 28.493ms
08-05 00:53:47.866 12138 13058 I art     : Starting a blocking GC Explicit
08-05 00:53:47.893 12138 13058 I art     : Explicit concurrent mark sweep GC freed 2436(99KB) AllocSpace objects, 2(40KB) LOS objects, 29% free, 38MB/54MB, paused 532us total 26.627ms
08-05 00:53:47.906 12138 13058 I art     : Starting a blocking GC Explicit
08-05 00:53:47.933 12138 13058 I art     : Explicit concurrent mark sweep GC freed 118(2384B) AllocSpace objects, 0(0B) LOS objects, 29% free, 38MB/54MB, paused 523us total 27.126ms
08-05 00:53:47.946 12138 13058 I art     : Starting a blocking GC Explicit
08-05 00:53:47.972 12138 13058 I art     : Explicit concurrent mark sweep GC freed 147(2496B) AllocSpace objects, 0(0B) LOS objects, 29% free, 38MB/54MB, paused 513us total 26.626ms
08-05 00:53:47.985 12138 13058 I art     : Starting a blocking GC Explicit
08-05 00:53:48.012 12138 13058 I art     : Explicit concurrent mark sweep GC freed 98(1664B) AllocSpace objects, 0(0B) LOS objects, 29% free, 38MB/54MB, paused 543us total 27.446ms
08-05 00:53:48.025 12138 13058 I art     : Starting a blocking GC Explicit
08-05 00:53:48.052 12138 13058 I art     : Explicit concurrent mark sweep GC freed 106(1824B) AllocSpace objects, 0(0B) LOS objects, 29% free, 38MB/54MB, paused 676us total 27ms
08-05 00:53:48.052 12138 12148 I art     : WaitForGcToComplete blocked for 27.221ms for cause HeapTrim
08-05 00:53:48.267 13080 13080 D AndroidRuntime: >>>>>> START com.android.internal.os.RuntimeInit uid 2000 <<<<<<
08-05 00:53:48.272 13080 13080 D AndroidRuntime: CheckJNI is OFF
08-05 00:53:48.305 13080 13080 D ICU     : No timezone override file found: /data/misc/zoneinfo/current/icu/icu_tzdata.dat
08-05 00:53:48.341 13080 13080 I Radio-JNI: register_android_hardware_Radio DONE
08-05 00:53:48.363 13080 13080 D AndroidRuntime: Calling main entry com.android.commands.input.Input
08-05 00:53:48.365 13080 13080 I Input   : injectKeyEvent: KeyEvent { action=ACTION_DOWN, keyCode=KEYCODE_BACK, scanCode=0, metaState=0, flags=0x0, repeatCount=0, eventTime=752044778, downTime=752044778, deviceId=-1, source=0x101 }
08-05 00:53:48.365 12138 12159 I art     : Starting a blocking GC Explicit
08-05 00:53:48.371 13080 13080 I Input   : injectKeyEvent: KeyEvent { action=ACTION_UP, keyCode=KEYCODE_BACK, scanCode=0, metaState=0, flags=0x0, repeatCount=0, eventTime=752044778, downTime=752044778, deviceId=-1, source=0x101 }
08-05 00:53:48.376 13080 13080 D AndroidRuntime: Shutting down VM
08-05 00:53:48.386 12138 12138 V MainActivity: url = https://project-travel-mate.herokuapp.com/api/number-of-unread-notifications
08-05 00:53:48.394 12138 12159 I art     : Explicit concurrent mark sweep GC freed 2750(112KB) AllocSpace objects, 2(40KB) LOS objects, 29% free, 38MB/54MB, paused 611us total 28.825ms
08-05 00:53:48.406 12138 12159 I art     : Starting a blocking GC Explicit
08-05 00:53:48.414 13866 13866 I GoogleInputMethodServic: GoogleInputMethodService.onFinishInput():3138 
08-05 00:53:48.415 13866 13866 I GoogleInputMethodServic: GoogleInputMethodService.onStartInput():1808 
08-05 00:53:48.431 12138 12159 I art     : Explicit concurrent mark sweep GC freed 232(7KB) AllocSpace objects, 0(0B) LOS objects, 29% free, 38MB/54MB, paused 664us total 24.595ms
08-05 00:53:48.443 12138 12159 I art     : Starting a blocking GC Explicit
08-05 00:53:48.470 12138 12159 I art     : Explicit concurrent mark sweep GC freed 201(4KB) AllocSpace objects, 0(0B) LOS objects, 29% free, 38MB/54MB, paused 603us total 26.697ms
08-05 00:53:48.482 12138 12159 I art     : Starting a blocking GC Explicit
08-05 00:53:48.506 12138 12159 I art     : Explicit concurrent mark sweep GC freed 159(4KB) AllocSpace objects, 0(0B) LOS objects, 29% free, 38MB/54MB, paused 546us total 23.349ms
08-05 00:53:48.518 12138 12159 I art     : Starting a blocking GC Explicit
08-05 00:53:48.546 12138 12159 I art     : Explicit concurrent mark sweep GC freed 118(4KB) AllocSpace objects, 0(0B) LOS objects, 29% free, 38MB/54MB, paused 541us total 28.030ms
08-05 00:53:48.735   380   380 W SurfaceFlinger: couldn't log to binary event log: overflow.
08-05 00:53:48.859 12138 13058 I art     : Starting a blocking GC Explicit
08-05 00:53:48.891 12138 13058 I art     : Explicit concurrent mark sweep GC freed 2263(98KB) AllocSpace objects, 2(40KB) LOS objects, 29% free, 38MB/54MB, paused 632us total 31.442ms
08-05 00:53:48.904 12138 13058 I art     : Starting a blocking GC Explicit
08-05 00:53:48.934 12138 13058 I art     : Explicit concurrent mark sweep GC freed 210(8KB) AllocSpace objects, 0(0B) LOS objects, 29% free, 38MB/54MB, paused 612us total 30.105ms
08-05 00:53:48.947 12138 13058 I art     : Starting a blocking GC Explicit
08-05 00:53:48.978 12138 13058 I art     : Explicit concurrent mark sweep GC freed 75(1296B) AllocSpace objects, 0(0B) LOS objects, 29% free, 38MB/54MB, paused 636us total 30.049ms
08-05 00:53:48.991 12138 13058 I art     : Starting a blocking GC Explicit
08-05 00:53:49.021 12138 13058 I art     : Explicit concurrent mark sweep GC freed 74(1264B) AllocSpace objects, 0(0B) LOS objects, 29% free, 38MB/54MB, paused 650us total 30.339ms
08-05 00:53:49.034 12138 13058 I art     : Starting a blocking GC Explicit
08-05 00:53:49.064 12138 13058 I art     : Explicit concurrent mark sweep GC freed 52(928B) AllocSpace objects, 0(0B) LOS objects, 29% free, 38MB/54MB, paused 621us total 30.092ms
08-05 00:53:49.293 12138 13103 I NAPPA_EXPERIMENTATION: MetricNetworkRequestExecutionTime: REQUEST_DURATION_SYSTEM='906',REQUEST_DURATION_OKHTTP='41',REQUEST_SYNCHRONOUS='FALSE',RESPONSE_CODE='200',RESPONSE_METHOD='GET',RESPONSE_LENGTH_OKHTTP='36',RESPONSE_LENGTH_HEADER='36',REQUEST_PROTOCOL='http/1.1',REQUEST_URL='https://project-travel-mate.herokuapp.com/api/number-of-unread-notifications',
08-05 00:53:49.395 12138 12418 I art     : Starting a blocking GC Explicit
08-05 00:53:49.427 12138 12418 I art     : Explicit concurrent mark sweep GC freed 4764(240KB) AllocSpace objects, 5(240KB) LOS objects, 29% free, 39MB/55MB, paused 647us total 31.190ms
08-05 00:53:49.442 12138 12418 I art     : Starting a blocking GC Explicit
08-05 00:53:49.470 12138 12418 I art     : Explicit concurrent mark sweep GC freed 1007(117KB) AllocSpace objects, 0(0B) LOS objects, 29% free, 39MB/55MB, paused 634us total 28.248ms
08-05 00:53:49.482 12138 12418 I art     : Starting a blocking GC Explicit
08-05 00:53:49.511 12138 12418 I art     : Explicit concurrent mark sweep GC freed 72(1248B) AllocSpace objects, 0(0B) LOS objects, 29% free, 39MB/55MB, paused 578us total 28.443ms
08-05 00:53:49.524 12138 12418 I art     : Starting a blocking GC Explicit
08-05 00:53:49.553 12138 12418 I art     : Explicit concurrent mark sweep GC freed 51(896B) AllocSpace objects, 0(0B) LOS objects, 29% free, 39MB/55MB, paused 578us total 28.986ms
08-05 00:53:49.566 12138 12418 I art     : Starting a blocking GC Explicit
08-05 00:53:49.594 12138 12418 I art     : Explicit concurrent mark sweep GC freed 75(1296B) AllocSpace objects, 0(0B) LOS objects, 29% free, 39MB/55MB, paused 580us total 28.551ms
08-05 00:53:49.915 12138 12149 I art     : Starting a blocking GC Explicit
08-05 00:53:49.946 12138 12149 I art     : Explicit concurrent mark sweep GC freed 1943(91KB) AllocSpace objects, 2(40KB) LOS objects, 29% free, 39MB/55MB, paused 602us total 30.691ms
08-05 00:53:49.960 12138 12149 I art     : Starting a blocking GC Explicit
08-05 00:53:49.989 12138 12149 I art     : Explicit concurrent mark sweep GC freed 80(2128B) AllocSpace objects, 0(0B) LOS objects, 29% free, 39MB/55MB, paused 690us total 28.416ms
08-05 00:53:50.001 12138 12149 I art     : Starting a blocking GC Explicit
08-05 00:53:50.008 13125 13125 D AndroidRuntime: >>>>>> START com.android.internal.os.RuntimeInit uid 2000 <<<<<<
08-05 00:53:50.013 13125 13125 D AndroidRuntime: CheckJNI is OFF
08-05 00:53:50.033 12138 12149 I art     : Explicit concurrent mark sweep GC freed 78(1392B) AllocSpace objects, 0(0B) LOS objects, 29% free, 39MB/55MB, paused 581us total 31.691ms
08-05 00:53:50.045 12138 12149 I art     : Starting a blocking GC Explicit
08-05 00:53:50.048 13125 13125 D ICU     : No timezone override file found: /data/misc/zoneinfo/current/icu/icu_tzdata.dat
08-05 00:53:50.071 12138 12149 I art     : Explicit concurrent mark sweep GC freed 61(1136B) AllocSpace objects, 0(0B) LOS objects, 29% free, 39MB/55MB, paused 623us total 26.025ms
08-05 00:53:50.081 13125 13125 I Radio-JNI: register_android_hardware_Radio DONE
08-05 00:53:50.083 12138 12149 I art     : Starting a blocking GC Explicit
08-05 00:53:50.102 13125 13125 D AndroidRuntime: Calling main entry com.android.commands.input.Input
08-05 00:53:50.103 13125 13125 I Input   : injectMotionEvent: MotionEvent { action=ACTION_DOWN, actionButton=0, id[0]=0, x[0]=346.0, y[0]=709.0, toolType[0]=TOOL_TYPE_UNKNOWN, buttonState=0, metaState=0, flags=0x0, edgeFlags=0x0, pointerCount=1, historySize=0, eventTime=752046516, downTime=752046516, deviceId=0, source=0x1002 }
08-05 00:53:50.109 12138 12149 I art     : Explicit concurrent mark sweep GC freed 74(1344B) AllocSpace objects, 0(0B) LOS objects, 29% free, 39MB/55MB, paused 674us total 25.627ms
08-05 00:53:50.111 13125 13125 I Input   : injectMotionEvent: MotionEvent { action=ACTION_UP, actionButton=0, id[0]=0, x[0]=346.0, y[0]=709.0, toolType[0]=TOOL_TYPE_UNKNOWN, buttonState=0, metaState=0, flags=0x0, edgeFlags=0x0, pointerCount=1, historySize=0, eventTime=752046516, downTime=752046516, deviceId=0, source=0x1002 }
08-05 00:53:50.120   918  5952 I ActivityManager: START u0 {cmp=baseline.io.github.project_travel_mate/.destinations.description.FinalCityInfoActivity (has extras)} from uid 10674 on display 0
08-05 00:53:50.127 13125 13125 D AndroidRuntime: Shutting down VM
08-05 00:53:50.146 12138 12205 D Gabe    : call	returning from cache
08-05 00:53:50.165 12138 12138 V EXECUTING: https://project-travel-mate.herokuapp.com/api/get-city-weather/1
08-05 00:53:50.293   918   936 I ActivityManager: Displayed baseline.io.github.project_travel_mate/.destinations.description.FinalCityInfoActivity: +163ms
08-05 00:53:50.293 13866 13866 I GoogleInputMethodServic: GoogleInputMethodService.onFinishInput():3138 
08-05 00:53:50.294 13866 13866 I GoogleInputMethodServic: GoogleInputMethodService.onStartInput():1808 
08-05 00:53:50.410 12138 12418 I art     : Starting a blocking GC Explicit
08-05 00:53:50.443 12138 12418 I art     : Explicit concurrent mark sweep GC freed 7192(450KB) AllocSpace objects, 2(40KB) LOS objects, 26% free, 43MB/59MB, paused 878us total 33.471ms
08-05 00:53:50.456 12138 12418 I art     : Starting a blocking GC Explicit
08-05 00:53:50.483 12138 12418 I art     : Explicit concurrent mark sweep GC freed 549(22KB) AllocSpace objects, 0(0B) LOS objects, 26% free, 43MB/59MB, paused 640us total 27.299ms
08-05 00:53:50.495 12138 12418 I art     : Starting a blocking GC Explicit
08-05 00:53:50.526 12138 12418 I art     : Explicit concurrent mark sweep GC freed 147(2496B) AllocSpace objects, 0(0B) LOS objects, 26% free, 43MB/59MB, paused 651us total 31.180ms
08-05 00:53:50.541 12138 12418 I art     : Starting a blocking GC Explicit
08-05 00:53:50.554   380   380 W SurfaceFlinger: couldn't log to binary event log: overflow.
08-05 00:53:50.573 12138 12418 I art     : Explicit concurrent mark sweep GC freed 146(2464B) AllocSpace objects, 0(0B) LOS objects, 26% free, 43MB/59MB, paused 643us total 31.976ms
08-05 00:53:50.585 12138 12418 I art     : Starting a blocking GC Explicit
08-05 00:53:50.611 12138 12418 I art     : Explicit concurrent mark sweep GC freed 100(1728B) AllocSpace objects, 0(0B) LOS objects, 26% free, 43MB/59MB, paused 586us total 25.596ms
08-05 00:53:50.725 12138 13150 I NAPPA_EXPERIMENTATION: MetricNetworkRequestExecutionTime: REQUEST_DURATION_SYSTEM='559',REQUEST_DURATION_OKHTTP='42',REQUEST_SYNCHRONOUS='FALSE',RESPONSE_CODE='200',RESPONSE_METHOD='GET',RESPONSE_LENGTH_OKHTTP='530',RESPONSE_LENGTH_HEADER='530',REQUEST_PROTOCOL='http/1.1',REQUEST_URL='https://project-travel-mate.herokuapp.com/api/get-city/1',
08-05 00:53:50.759 12138 13150 V Response: {"id":1,"city_name":"Delhi","description":"Delhi, officially the National Capital Territory of Delhi, is the Capital territory of India. During the British Raj, Delhi was part of the province of Punjab and is still historically and culturally connected to the Punjab region.","latitude":"28.613900","longitude":"77.209000","facts_count":6,"images":["https://upload.wikimedia.org/wikipedia/commons/9/94/%E0%B4%96%E0%B5%81%E0%B4%A4%E0%B5%8D%E0%B4%AC%E0%B5%8D_%E0%B4%AE%E0%B4%BF%E0%B4%A8%E0%B4%BE%E0%B5%BC1.jpg"],"has_visited":false}
08-05 00:53:50.760 12138 13149 I NAPPA_EXPERIMENTATION: MetricNetworkRequestExecutionTime: REQUEST_DURATION_SYSTEM='595',REQUEST_DURATION_OKHTTP='74',REQUEST_SYNCHRONOUS='FALSE',RESPONSE_CODE='200',RESPONSE_METHOD='GET',RESPONSE_LENGTH_OKHTTP='238',RESPONSE_LENGTH_HEADER='238',REQUEST_PROTOCOL='http/1.1',REQUEST_URL='https://project-travel-mate.herokuapp.com/api/get-city-weather/1',
08-05 00:53:50.912 12138 13058 I art     : Starting a blocking GC Explicit
08-05 00:53:50.946 12138 13058 I art     : Explicit concurrent mark sweep GC freed 8816(435KB) AllocSpace objects, 6(4MB) LOS objects, 28% free, 39MB/55MB, paused 664us total 33.300ms
08-05 00:53:50.959 12138 13058 I art     : Starting a blocking GC Explicit
08-05 00:53:50.990 12138 13058 I art     : Explicit concurrent mark sweep GC freed 1185(122KB) AllocSpace objects, 0(0B) LOS objects, 28% free, 39MB/55MB, paused 690us total 31.235ms
08-05 00:53:51.003 12138 13058 I art     : Starting a blocking GC Explicit
08-05 00:53:51.035 12138 13058 I art     : Explicit concurrent mark sweep GC freed 100(1728B) AllocSpace objects, 0(0B) LOS objects, 28% free, 39MB/55MB, paused 619us total 31.953ms
08-05 00:53:51.048 12138 13058 I art     : Starting a blocking GC Explicit
08-05 00:53:51.081 12138 13058 I art     : Explicit concurrent mark sweep GC freed 147(2496B) AllocSpace objects, 0(0B) LOS objects, 28% free, 39MB/55MB, paused 647us total 33.072ms
08-05 00:53:51.095 12138 13058 I art     : Starting a blocking GC Explicit
08-05 00:53:51.127 12138 13058 I art     : Explicit concurrent mark sweep GC freed 147(2496B) AllocSpace objects, 0(0B) LOS objects, 28% free, 39MB/55MB, paused 722us total 32.574ms
08-05 00:53:51.461 12138 12159 I art     : Starting a blocking GC Explicit
08-05 00:53:51.497 12138 12159 I art     : Explicit concurrent mark sweep GC freed 2506(101KB) AllocSpace objects, 2(40KB) LOS objects, 28% free, 39MB/55MB, paused 655us total 34.755ms
08-05 00:53:51.514 12138 12159 I art     : Starting a blocking GC Explicit
08-05 00:53:51.545 12138 12159 I art     : Explicit concurrent mark sweep GC freed 176(3KB) AllocSpace objects, 0(0B) LOS objects, 28% free, 39MB/55MB, paused 663us total 30.586ms
08-05 00:53:51.557 12138 12159 I art     : Starting a blocking GC Explicit
08-05 00:53:51.588 12138 12159 I art     : Explicit concurrent mark sweep GC freed 99(1696B) AllocSpace objects, 0(0B) LOS objects, 28% free, 39MB/55MB, paused 645us total 30.864ms
08-05 00:53:51.601 12138 12159 I art     : Starting a blocking GC Explicit
08-05 00:53:51.633 12138 12159 I art     : Explicit concurrent mark sweep GC freed 147(2496B) AllocSpace objects, 0(0B) LOS objects, 28% free, 39MB/55MB, paused 639us total 31.463ms
08-05 00:53:51.645 12138 12159 I art     : Starting a blocking GC Explicit
08-05 00:53:51.678 12138 12159 I art     : Explicit concurrent mark sweep GC freed 147(2496B) AllocSpace objects, 0(0B) LOS objects, 28% free, 39MB/55MB, paused 652us total 31.874ms
08-05 00:53:52.058 12138 12149 I art     : Starting a blocking GC Explicit
08-05 00:53:52.093 12138 12149 I art     : Explicit concurrent mark sweep GC freed 2627(102KB) AllocSpace objects, 2(40KB) LOS objects, 28% free, 39MB/55MB, paused 733us total 34.376ms
08-05 00:53:52.107 12138 12149 I art     : Starting a blocking GC Explicit
08-05 00:53:52.139 12138 12149 I art     : Explicit concurrent mark sweep GC freed 119(2416B) AllocSpace objects, 0(0B) LOS objects, 28% free, 39MB/55MB, paused 617us total 31.581ms
08-05 00:53:52.152 12138 12149 I art     : Starting a blocking GC Explicit
08-05 00:53:52.185 12138 12149 I art     : Explicit concurrent mark sweep GC freed 147(2496B) AllocSpace objects, 0(0B) LOS objects, 28% free, 39MB/55MB, paused 635us total 32.302ms
08-05 00:53:52.198 12138 12149 I art     : Starting a blocking GC Explicit
08-05 00:53:52.229 12138 12149 I art     : Explicit concurrent mark sweep GC freed 147(2496B) AllocSpace objects, 0(0B) LOS objects, 28% free, 39MB/55MB, paused 645us total 31.548ms
08-05 00:53:52.242 12138 12149 I art     : Starting a blocking GC Explicit
08-05 00:53:52.275 12138 12149 I art     : Explicit concurrent mark sweep GC freed 110(1872B) AllocSpace objects, 0(0B) LOS objects, 28% free, 39MB/55MB, paused 807us total 32.233ms
08-05 00:53:52.418   918  3188 I hubconnection: sensorhub said: 'set_bias 3: -4.9344, 0.0000, 0.0000'
08-05 00:53:52.631 12138 12150 I art     : Starting a blocking GC Explicit
08-05 00:53:52.664 12138 12150 I art     : Explicit concurrent mark sweep GC freed 2568(101KB) AllocSpace objects, 2(40KB) LOS objects, 28% free, 39MB/55MB, paused 698us total 32.762ms
08-05 00:53:52.676 12138 12150 I art     : Starting a blocking GC Explicit
08-05 00:53:52.708 12138 12150 I art     : Explicit concurrent mark sweep GC freed 144(2816B) AllocSpace objects, 0(0B) LOS objects, 28% free, 39MB/55MB, paused 791us total 31.599ms
08-05 00:53:52.721 12138 12150 I art     : Starting a blocking GC Explicit
08-05 00:53:52.752 12138 12150 I art     : Explicit concurrent mark sweep GC freed 121(2064B) AllocSpace objects, 0(0B) LOS objects, 28% free, 39MB/55MB, paused 636us total 31.245ms
08-05 00:53:52.765 12138 12150 I art     : Starting a blocking GC Explicit
08-05 00:53:52.797 12138 12150 I art     : Explicit concurrent mark sweep GC freed 147(2496B) AllocSpace objects, 0(0B) LOS objects, 28% free, 39MB/55MB, paused 627us total 31.090ms
08-05 00:53:52.810 12138 12150 I art     : Starting a blocking GC Explicit
08-05 00:53:52.841 12138 12150 I art     : Explicit concurrent mark sweep GC freed 109(1856B) AllocSpace objects, 0(0B) LOS objects, 28% free, 39MB/55MB, paused 752us total 31.247ms
08-05 00:53:52.853  5347  5347 I ServiceManager: Waiting for service AtCmdFwd...
08-05 00:53:53.207 12138 13058 I art     : Starting a blocking GC Explicit
08-05 00:53:53.241 12138 13058 I art     : Explicit concurrent mark sweep GC freed 2580(102KB) AllocSpace objects, 2(40KB) LOS objects, 28% free, 39MB/55MB, paused 600us total 33.644ms
08-05 00:53:53.258 12138 13058 I art     : Starting a blocking GC Explicit
08-05 00:53:53.286 12138 13058 I art     : Explicit concurrent mark sweep GC freed 176(3KB) AllocSpace objects, 0(0B) LOS objects, 28% free, 39MB/55MB, paused 563us total 28.391ms
08-05 00:53:53.298 12138 13058 I art     : Starting a blocking GC Explicit
08-05 00:53:53.326 12138 13058 I art     : Explicit concurrent mark sweep GC freed 148(2528B) AllocSpace objects, 0(0B) LOS objects, 28% free, 39MB/55MB, paused 604us total 27.905ms
08-05 00:53:53.339 12138 13058 I art     : Starting a blocking GC Explicit
08-05 00:53:53.369 12138 13058 I art     : Explicit concurrent mark sweep GC freed 100(1728B) AllocSpace objects, 0(0B) LOS objects, 28% free, 39MB/55MB, paused 672us total 30.533ms
08-05 00:53:53.383 12138 13058 I art     : Starting a blocking GC Explicit
08-05 00:53:53.414 12138 13058 I art     : Explicit concurrent mark sweep GC freed 146(2464B) AllocSpace objects, 0(0B) LOS objects, 28% free, 39MB/55MB, paused 601us total 31.087ms
08-05 00:53:53.414 12138 12148 I art     : WaitForGcToComplete blocked for 19.287ms for cause HeapTrim
08-05 00:53:53.788 12138 12418 I art     : Starting a blocking GC Explicit
08-05 00:53:53.822 12138 12418 I art     : Explicit concurrent mark sweep GC freed 2580(101KB) AllocSpace objects, 2(40KB) LOS objects, 28% free, 39MB/55MB, paused 601us total 33.269ms
08-05 00:53:53.841 12138 12418 I art     : Starting a blocking GC Explicit
08-05 00:53:53.854  5347  5347 I ServiceManager: Waiting for service AtCmdFwd...
08-05 00:53:53.871 12138 12418 I art     : Explicit concurrent mark sweep GC freed 165(3KB) AllocSpace objects, 0(0B) LOS objects, 28% free, 39MB/55MB, paused 632us total 30.217ms
08-05 00:53:53.883 12138 12418 I art     : Starting a blocking GC Explicit
08-05 00:53:53.914 12138 12418 I art     : Explicit concurrent mark sweep GC freed 133(2272B) AllocSpace objects, 0(0B) LOS objects, 28% free, 39MB/55MB, paused 653us total 30.102ms
08-05 00:53:53.926 12138 12418 I art     : Starting a blocking GC Explicit
08-05 00:53:53.958 12138 12418 I art     : Explicit concurrent mark sweep GC freed 113(1920B) AllocSpace objects, 0(0B) LOS objects, 28% free, 39MB/55MB, paused 631us total 31.781ms
08-05 00:53:53.971 12138 12418 I art     : Starting a blocking GC Explicit
08-05 00:53:54.002 12138 12418 I art     : Explicit concurrent mark sweep GC freed 148(2528B) AllocSpace objects, 0(0B) LOS objects, 28% free, 39MB/55MB, paused 634us total 30.579ms
08-05 00:53:54.347 12138 12159 I art     : Starting a blocking GC Explicit
08-05 00:53:54.378 12138 12159 I art     : Explicit concurrent mark sweep GC freed 2511(101KB) AllocSpace objects, 2(40KB) LOS objects, 28% free, 39MB/55MB, paused 723us total 30.886ms
08-05 00:53:54.391 12138 12159 I art     : Starting a blocking GC Explicit
08-05 00:53:54.419 12138 12159 I art     : Explicit concurrent mark sweep GC freed 171(3KB) AllocSpace objects, 0(0B) LOS objects, 28% free, 39MB/55MB, paused 577us total 28.441ms
08-05 00:53:54.431 12138 12159 I art     : Starting a blocking GC Explicit
08-05 00:53:54.459 12138 12159 I art     : Explicit concurrent mark sweep GC freed 110(1872B) AllocSpace objects, 0(0B) LOS objects, 28% free, 39MB/55MB, paused 738us total 27.804ms
08-05 00:53:54.471 12138 12159 I art     : Starting a blocking GC Explicit
08-05 00:53:54.502 12138 12159 I art     : Explicit concurrent mark sweep GC freed 136(2320B) AllocSpace objects, 0(0B) LOS objects, 28% free, 39MB/55MB, paused 640us total 30.309ms
08-05 00:53:54.515 12138 12159 I art     : Starting a blocking GC Explicit
08-05 00:53:54.546 12138 12159 I art     : Explicit concurrent mark sweep GC freed 120(2032B) AllocSpace objects, 0(0B) LOS objects, 28% free, 39MB/55MB, paused 762us total 30.992ms
08-05 00:53:54.791 13235 13235 D AndroidRuntime: >>>>>> START com.android.internal.os.RuntimeInit uid 2000 <<<<<<
08-05 00:53:54.796 13235 13235 D AndroidRuntime: CheckJNI is OFF
08-05 00:53:54.828 13235 13235 D ICU     : No timezone override file found: /data/misc/zoneinfo/current/icu/icu_tzdata.dat
08-05 00:53:54.854  5347  5347 I ServiceManager: Waiting for service AtCmdFwd...
08-05 00:53:54.862 13235 13235 I Radio-JNI: register_android_hardware_Radio DONE
08-05 00:53:54.885 13235 13235 D AndroidRuntime: Calling main entry com.android.commands.input.Input
08-05 00:53:54.886 13235 13235 I Input   : injectMotionEvent: MotionEvent { action=ACTION_DOWN, actionButton=0, id[0]=0, x[0]=693.0, y[0]=1450.0, toolType[0]=TOOL_TYPE_UNKNOWN, buttonState=0, metaState=0, flags=0x0, edgeFlags=0x0, pointerCount=1, historySize=0, eventTime=752051299, downTime=752051299, deviceId=0, source=0x1002 }
08-05 00:53:54.891 13235 13235 I Input   : injectMotionEvent: MotionEvent { action=ACTION_UP, actionButton=0, id[0]=0, x[0]=693.0, y[0]=1450.0, toolType[0]=TOOL_TYPE_UNKNOWN, buttonState=0, metaState=0, flags=0x0, edgeFlags=0x0, pointerCount=1, historySize=0, eventTime=752051299, downTime=752051299, deviceId=0, source=0x1002 }
08-05 00:53:54.892 13235 13235 D AndroidRuntime: Shutting down VM
08-05 00:53:54.893   918  5132 I ActivityManager: START u0 {cmp=baseline.io.github.project_travel_mate/.destinations.description.CityHistoryActivity} from uid 10674 on display 0
08-05 00:53:54.895   512  2967 D audio_hw_primary: out_set_parameters: enter: usecase(1: low-latency-playback) kvpairs: routing=2
08-05 00:53:54.899 12138 12418 I art     : Starting a blocking GC Explicit
08-05 00:53:54.908   512  2967 D audio_hw_primary: select_devices: out_snd_device(2: speaker) in_snd_device(0: none)
08-05 00:53:54.908   512  2967 D msm8974_platform: platform_send_audio_calibration: sending audio calibration for snd_device(2) acdb_id(15)
08-05 00:53:54.908   512  2967 I soundtrigger: audio_extn_sound_trigger_update_device_status: device 0x2 of type 0 for Event 1
08-05 00:53:54.918   512  2967 D audio_hw_primary: enable_snd_device: snd_device(2: speaker)
08-05 00:53:54.920   512  2967 D audio_hw_primary: enable_audio_route: apply and update mixer path: low-latency-playback speaker
08-05 00:53:54.925 12138 12205 D Gabe    : call	returning from cache
08-05 00:53:54.927 12138 12138 V EXECUTING: https://project-travel-mate.herokuapp.com/api/get-city-information/1
08-05 00:53:54.933 12138 12418 I art     : Explicit concurrent mark sweep GC freed 2925(130KB) AllocSpace objects, 2(40KB) LOS objects, 28% free, 39MB/55MB, paused 1.231ms total 33.772ms
08-05 00:53:54.946 12138 12418 I art     : Starting a blocking GC Explicit
08-05 00:53:54.974 12138 12418 I art     : Explicit concurrent mark sweep GC freed 277(21KB) AllocSpace objects, 0(0B) LOS objects, 28% free, 39MB/55MB, paused 672us total 28.237ms
08-05 00:53:54.986 12138 12418 I art     : Starting a blocking GC Explicit
08-05 00:53:55.019 12138 12418 I art     : Explicit concurrent mark sweep GC freed 507(13KB) AllocSpace objects, 0(0B) LOS objects, 26% free, 44MB/60MB, paused 856us total 33.045ms
08-05 00:53:55.032 12138 12418 I art     : Starting a blocking GC Explicit
08-05 00:53:55.061 12138 12418 I art     : Explicit concurrent mark sweep GC freed 104(5KB) AllocSpace objects, 0(0B) LOS objects, 26% free, 44MB/60MB, paused 791us total 28.873ms
08-05 00:53:55.071   918   936 I ActivityManager: Displayed baseline.io.github.project_travel_mate/.destinations.description.CityHistoryActivity: +166ms
08-05 00:53:55.072 13866 13866 I GoogleInputMethodServic: GoogleInputMethodService.onFinishInput():3138 
08-05 00:53:55.073 13866 13866 I GoogleInputMethodServic: GoogleInputMethodService.onStartInput():1808 
08-05 00:53:55.073 12138 12418 I art     : Starting a blocking GC Explicit
08-05 00:53:55.105 12138 12418 I art     : Explicit concurrent mark sweep GC freed 159(4KB) AllocSpace objects, 0(0B) LOS objects, 26% free, 44MB/60MB, paused 923us total 31.481ms
08-05 00:53:55.327   380   380 W SurfaceFlinger: couldn't log to binary event log: overflow.
08-05 00:53:55.405 12138 13058 I art     : Starting a blocking GC Explicit
08-05 00:53:55.441 12138 13058 I art     : Explicit concurrent mark sweep GC freed 2647(103KB) AllocSpace objects, 2(40KB) LOS objects, 26% free, 44MB/60MB, paused 709us total 36.112ms
08-05 00:53:55.459   512  2967 D audio_hw_primary: disable_audio_route: reset and update mixer path: low-latency-playback speaker
08-05 00:53:55.459 12138 13058 I art     : Starting a blocking GC Explicit
08-05 00:53:55.460   512  2967 D audio_hw_primary: disable_snd_device: snd_device(2: speaker)
08-05 00:53:55.467   512  2967 I soundtrigger: audio_extn_sound_trigger_update_device_status: device 0x2 of type 0 for Event 0
08-05 00:53:55.492 12138 13058 I art     : Explicit concurrent mark sweep GC freed 148(2896B) AllocSpace objects, 0(0B) LOS objects, 26% free, 44MB/60MB, paused 884us total 32.380ms
08-05 00:53:55.504 12138 13058 I art     : Starting a blocking GC Explicit
08-05 00:53:55.534 12138 13058 I art     : Explicit concurrent mark sweep GC freed 117(2704B) AllocSpace objects, 0(0B) LOS objects, 26% free, 44MB/60MB, paused 802us total 29.256ms
08-05 00:53:55.547 12138 13058 I art     : Starting a blocking GC Explicit
08-05 00:53:55.578 12138 13058 I art     : Explicit concurrent mark sweep GC freed 61(1056B) AllocSpace objects, 0(0B) LOS objects, 26% free, 44MB/60MB, paused 915us total 30.732ms
08-05 00:53:55.591 12138 13058 I art     : Starting a blocking GC Explicit
08-05 00:53:55.621 12138 13058 I art     : Explicit concurrent mark sweep GC freed 132(2224B) AllocSpace objects, 0(0B) LOS objects, 26% free, 44MB/60MB, paused 839us total 30.034ms
08-05 00:53:55.830 12138 13259 I NAPPA_EXPERIMENTATION: MetricNetworkRequestExecutionTime: REQUEST_DURATION_SYSTEM='902',REQUEST_DURATION_OKHTTP='38',REQUEST_SYNCHRONOUS='FALSE',RESPONSE_CODE='200',RESPONSE_METHOD='GET',RESPONSE_LENGTH_OKHTTP='55024',RESPONSE_LENGTH_HEADER='55024',REQUEST_PROTOCOL='http/1.1',REQUEST_URL='https://project-travel-mate.herokuapp.com/api/get-city-information/1',
08-05 00:53:55.855  5347  5347 I ServiceManager: Waiting for service AtCmdFwd...
08-05 00:53:55.926 12138 12149 I art     : Starting a blocking GC Explicit
08-05 00:53:55.957 12138 12149 I art     : Explicit concurrent mark sweep GC freed 6089(1409KB) AllocSpace objects, 23(904KB) LOS objects, 26% free, 44MB/60MB, paused 975us total 31.386ms
08-05 00:53:55.963 13866 13866 I GoogleInputMethodServic: GoogleInputMethodService.onFinishInput():3138 
08-05 00:53:55.964 13866 13866 I GoogleInputMethodServic: GoogleInputMethodService.onStartInput():1808 
08-05 00:53:55.970 12138 12149 I art     : Starting a blocking GC Explicit
08-05 00:53:56.000 12138 12149 I art     : Explicit concurrent mark sweep GC freed 1381(165KB) AllocSpace objects, 2(4MB) LOS objects, 28% free, 40MB/56MB, paused 577us total 29.962ms
08-05 00:53:56.012 12138 12149 I art     : Starting a blocking GC Explicit
08-05 00:53:56.043 12138 12149 I art     : Explicit concurrent mark sweep GC freed 169(3KB) AllocSpace objects, 0(0B) LOS objects, 28% free, 40MB/56MB, paused 644us total 30.851ms
08-05 00:53:56.055 12138 12149 I art     : Starting a blocking GC Explicit
08-05 00:53:56.089 12138 12149 I art     : Explicit concurrent mark sweep GC freed 219(3KB) AllocSpace objects, 0(0B) LOS objects, 28% free, 40MB/56MB, paused 683us total 33.584ms
08-05 00:53:56.102 12138 12149 I art     : Starting a blocking GC Explicit
08-05 00:53:56.136 12138 12149 I art     : Explicit concurrent mark sweep GC freed 219(3KB) AllocSpace objects, 0(0B) LOS objects, 28% free, 40MB/56MB, paused 673us total 33.875ms
08-05 00:53:56.481 12138 12418 I art     : Starting a blocking GC Explicit
08-05 00:53:56.516 12138 12418 I art     : Explicit concurrent mark sweep GC freed 3084(110KB) AllocSpace objects, 2(40KB) LOS objects, 28% free, 40MB/56MB, paused 684us total 34.714ms
08-05 00:53:56.530 12138 12418 I art     : Starting a blocking GC Explicit
08-05 00:53:56.564 12138 12418 I art     : Explicit concurrent mark sweep GC freed 229(4KB) AllocSpace objects, 0(0B) LOS objects, 28% free, 40MB/56MB, paused 787us total 34.250ms
08-05 00:53:56.579 12138 12418 I art     : Starting a blocking GC Explicit
08-05 00:53:56.614 12138 12418 I art     : Explicit concurrent mark sweep GC freed 230(3KB) AllocSpace objects, 0(0B) LOS objects, 28% free, 40MB/56MB, paused 720us total 34.522ms
08-05 00:53:56.627 12138 12418 I art     : Starting a blocking GC Explicit
08-05 00:53:56.662 12138 12418 I art     : Explicit concurrent mark sweep GC freed 157(2784B) AllocSpace objects, 0(0B) LOS objects, 28% free, 40MB/56MB, paused 637us total 34.061ms
08-05 00:53:56.675 12138 12418 I art     : Starting a blocking GC Explicit
08-05 00:53:56.708 12138 12418 I art     : Explicit concurrent mark sweep GC freed 226(3KB) AllocSpace objects, 0(0B) LOS objects, 28% free, 40MB/56MB, paused 671us total 32.953ms
08-05 00:53:56.856  5347  5347 I ServiceManager: Waiting for service AtCmdFwd...
08-05 00:53:57.110 12138 12418 I art     : Starting a blocking GC Explicit
08-05 00:53:57.145 12138 12418 I art     : Explicit concurrent mark sweep GC freed 3310(113KB) AllocSpace objects, 2(40KB) LOS objects, 28% free, 40MB/56MB, paused 610us total 35.582ms
08-05 00:53:57.159 12138 12418 I art     : Starting a blocking GC Explicit
08-05 00:53:57.193 12138 12418 I art     : Explicit concurrent mark sweep GC freed 238(4KB) AllocSpace objects, 0(0B) LOS objects, 28% free, 40MB/56MB, paused 664us total 34.360ms
08-05 00:53:57.207 12138 12418 I art     : Starting a blocking GC Explicit
08-05 00:53:57.240 12138 12418 I art     : Explicit concurrent mark sweep GC freed 219(3KB) AllocSpace objects, 0(0B) LOS objects, 28% free, 40MB/56MB, paused 681us total 33.544ms
08-05 00:53:57.253 12138 12418 I art     : Starting a blocking GC Explicit
08-05 00:53:57.288 12138 12418 I art     : Explicit concurrent mark sweep GC freed 219(3KB) AllocSpace objects, 0(0B) LOS objects, 28% free, 40MB/56MB, paused 812us total 34.029ms
08-05 00:53:57.301 12138 12418 I art     : Starting a blocking GC Explicit
08-05 00:53:57.336 12138 12418 I art     : Explicit concurrent mark sweep GC freed 219(3KB) AllocSpace objects, 0(0B) LOS objects, 28% free, 40MB/56MB, paused 704us total 35.103ms
08-05 00:53:57.433   918  3261 D WifiStateMachine: starting scan for "H369AA63323"WPA_PSK with 2412,5180
08-05 00:53:57.689 12138 12150 I art     : Starting a blocking GC Explicit
08-05 00:53:57.726 12138 12150 I art     : Explicit concurrent mark sweep GC freed 3095(110KB) AllocSpace objects, 2(40KB) LOS objects, 28% free, 40MB/56MB, paused 682us total 36.731ms
08-05 00:53:57.742 12138 12150 I art     : Starting a blocking GC Explicit
08-05 00:53:57.775 12138 12150 I art     : Explicit concurrent mark sweep GC freed 248(4KB) AllocSpace objects, 0(0B) LOS objects, 28% free, 40MB/56MB, paused 652us total 32.672ms
08-05 00:53:57.787 12138 12150 I art     : Starting a blocking GC Explicit
08-05 00:53:57.820 12138 12150 I art     : Explicit concurrent mark sweep GC freed 219(3KB) AllocSpace objects, 0(0B) LOS objects, 28% free, 40MB/56MB, paused 643us total 32.061ms
08-05 00:53:57.833 12138 12150 I art     : Starting a blocking GC Explicit
08-05 00:53:57.856  5347  5347 W Atfwd_Sendcmd: AtCmdFwd service not published, waiting... retryCnt : 3
08-05 00:53:57.866 12138 12150 I art     : Explicit concurrent mark sweep GC freed 218(3KB) AllocSpace objects, 0(0B) LOS objects, 28% free, 40MB/56MB, paused 672us total 33.004ms
08-05 00:53:57.879 12138 12150 I art     : Starting a blocking GC Explicit
08-05 00:53:57.911 12138 12150 I art     : Explicit concurrent mark sweep GC freed 147(2496B) AllocSpace objects, 0(0B) LOS objects, 28% free, 40MB/56MB, paused 616us total 32.157ms
08-05 00:53:58.290 12138 12149 I art     : Starting a blocking GC Explicit
08-05 00:53:58.325 12138 12149 I art     : Explicit concurrent mark sweep GC freed 3231(112KB) AllocSpace objects, 2(40KB) LOS objects, 28% free, 40MB/56MB, paused 647us total 34.201ms
08-05 00:53:58.338 12138 12149 I art     : Starting a blocking GC Explicit
08-05 00:53:58.370 12138 12149 I art     : Explicit concurrent mark sweep GC freed 238(4KB) AllocSpace objects, 0(0B) LOS objects, 28% free, 40MB/56MB, paused 654us total 32.429ms
08-05 00:53:58.383 12138 12149 I art     : Starting a blocking GC Explicit
08-05 00:53:58.417 12138 12149 I art     : Explicit concurrent mark sweep GC freed 218(3KB) AllocSpace objects, 0(0B) LOS objects, 28% free, 40MB/56MB, paused 725us total 33.157ms
08-05 00:53:58.429 12138 12149 I art     : Starting a blocking GC Explicit
08-05 00:53:58.463 12138 12149 I art     : Explicit concurrent mark sweep GC freed 147(2496B) AllocSpace objects, 0(0B) LOS objects, 28% free, 40MB/56MB, paused 654us total 33.722ms
08-05 00:53:58.477 12138 12149 I art     : Starting a blocking GC Explicit
08-05 00:53:58.511 12138 12149 I art     : Explicit concurrent mark sweep GC freed 220(3KB) AllocSpace objects, 0(0B) LOS objects, 28% free, 40MB/56MB, paused 677us total 33.877ms
08-05 00:53:58.882 12138 12159 I art     : Starting a blocking GC Explicit
08-05 00:53:58.919 12138 12159 I art     : Explicit concurrent mark sweep GC freed 3237(113KB) AllocSpace objects, 2(40KB) LOS objects, 28% free, 40MB/56MB, paused 724us total 36.814ms
08-05 00:53:58.935 12138 12159 I art     : Starting a blocking GC Explicit
08-05 00:53:58.968 12138 12159 I art     : Explicit concurrent mark sweep GC freed 250(4KB) AllocSpace objects, 0(0B) LOS objects, 28% free, 40MB/56MB, paused 670us total 32.913ms
08-05 00:53:58.981 12138 12159 I art     : Starting a blocking GC Explicit
08-05 00:53:59.014 12138 12159 I art     : Explicit concurrent mark sweep GC freed 146(2464B) AllocSpace objects, 0(0B) LOS objects, 28% free, 40MB/56MB, paused 674us total 32.675ms
08-05 00:53:59.027 12138 12159 I art     : Starting a blocking GC Explicit
08-05 00:53:59.061 12138 12159 I art     : Explicit concurrent mark sweep GC freed 220(3KB) AllocSpace objects, 0(0B) LOS objects, 28% free, 40MB/56MB, paused 672us total 33.121ms
08-05 00:53:59.074 12138 12159 I art     : Starting a blocking GC Explicit
08-05 00:53:59.107 12138 12159 I art     : Explicit concurrent mark sweep GC freed 219(3KB) AllocSpace objects, 0(0B) LOS objects, 28% free, 40MB/56MB, paused 774us total 33.422ms
08-05 00:53:59.436 12138 13058 I art     : Starting a blocking GC Explicit
08-05 00:53:59.471 12138 13058 I art     : Explicit concurrent mark sweep GC freed 3012(108KB) AllocSpace objects, 2(40KB) LOS objects, 28% free, 40MB/56MB, paused 700us total 35.130ms
08-05 00:53:59.485 12138 13058 I art     : Starting a blocking GC Explicit
08-05 00:53:59.517 12138 13058 I art     : Explicit concurrent mark sweep GC freed 230(4KB) AllocSpace objects, 0(0B) LOS objects, 28% free, 40MB/56MB, paused 815us total 32.363ms
08-05 00:53:59.530 12138 13058 I art     : Starting a blocking GC Explicit
08-05 00:53:59.563 12138 13058 I art     : Explicit concurrent mark sweep GC freed 154(2624B) AllocSpace objects, 0(0B) LOS objects, 28% free, 40MB/56MB, paused 670us total 32.400ms
08-05 00:53:59.577 12138 13058 I art     : Starting a blocking GC Explicit
08-05 00:53:59.584 13335 13335 D AndroidRuntime: >>>>>> START com.android.internal.os.RuntimeInit uid 2000 <<<<<<
08-05 00:53:59.589 13335 13335 D AndroidRuntime: CheckJNI is OFF
08-05 00:53:59.610 12138 13058 I art     : Explicit concurrent mark sweep GC freed 220(3KB) AllocSpace objects, 0(0B) LOS objects, 28% free, 40MB/56MB, paused 667us total 32.400ms
08-05 00:53:59.622 12138 13058 I art     : Starting a blocking GC Explicit
08-05 00:53:59.626 13335 13335 D ICU     : No timezone override file found: /data/misc/zoneinfo/current/icu/icu_tzdata.dat
08-05 00:53:59.655 12138 13058 I art     : Explicit concurrent mark sweep GC freed 219(3KB) AllocSpace objects, 0(0B) LOS objects, 28% free, 40MB/56MB, paused 1.137ms total 32.789ms
08-05 00:53:59.661 13335 13335 I Radio-JNI: register_android_hardware_Radio DONE
08-05 00:53:59.683 13335 13335 D AndroidRuntime: Calling main entry com.android.commands.input.Input
08-05 00:53:59.685 13335 13335 I Input   : injectKeyEvent: KeyEvent { action=ACTION_DOWN, keyCode=KEYCODE_BACK, scanCode=0, metaState=0, flags=0x0, repeatCount=0, eventTime=752056098, downTime=752056098, deviceId=-1, source=0x101 }
08-05 00:53:59.690 13335 13335 I Input   : injectKeyEvent: KeyEvent { action=ACTION_UP, keyCode=KEYCODE_BACK, scanCode=0, metaState=0, flags=0x0, repeatCount=0, eventTime=752056098, downTime=752056098, deviceId=-1, source=0x101 }
08-05 00:53:59.695 13335 13335 D AndroidRuntime: Shutting down VM
08-05 00:53:59.734 13866 13866 I GoogleInputMethodServic: GoogleInputMethodService.onFinishInput():3138 
08-05 00:53:59.734 13866 13866 I GoogleInputMethodServic: GoogleInputMethodService.onStartInput():1808 
08-05 00:53:59.967 12138 13058 I art     : Starting a blocking GC Explicit
08-05 00:54:00.011 12138 13058 I art     : Explicit concurrent mark sweep GC freed 2971(110KB) AllocSpace objects, 2(40KB) LOS objects, 28% free, 40MB/56MB, paused 650us total 43.189ms
08-05 00:54:00.025 12138 13058 I art     : Starting a blocking GC Explicit
08-05 00:54:00.031   380   380 W SurfaceFlinger: couldn't log to binary event log: overflow.
08-05 00:54:00.057 12138 13058 I art     : Explicit concurrent mark sweep GC freed 240(4KB) AllocSpace objects, 1(176KB) LOS objects, 28% free, 40MB/56MB, paused 645us total 32.214ms
08-05 00:54:00.069 12138 13058 I art     : Starting a blocking GC Explicit
08-05 00:54:00.100 12138 13058 I art     : Explicit concurrent mark sweep GC freed 111(2272B) AllocSpace objects, 1(188KB) LOS objects, 28% free, 40MB/56MB, paused 769us total 30.846ms
08-05 00:54:00.113 12138 13058 I art     : Starting a blocking GC Explicit
08-05 00:54:00.143 12138 13058 I art     : Explicit concurrent mark sweep GC freed 4839(341KB) AllocSpace objects, 7(132KB) LOS objects, 28% free, 39MB/55MB, paused 607us total 29.839ms
08-05 00:54:00.156 12138 13058 I art     : Starting a blocking GC Explicit
08-05 00:54:00.188 12138 13058 I art     : Explicit concurrent mark sweep GC freed 147(2496B) AllocSpace objects, 0(0B) LOS objects, 28% free, 39MB/55MB, paused 707us total 31.439ms
08-05 00:54:00.518 12138 12418 I art     : Starting a blocking GC Explicit
08-05 00:54:00.552 12138 12418 I art     : Explicit concurrent mark sweep GC freed 2505(101KB) AllocSpace objects, 2(40KB) LOS objects, 28% free, 39MB/55MB, paused 782us total 33.881ms
08-05 00:54:00.565 12138 12418 I art     : Starting a blocking GC Explicit
08-05 00:54:00.598 12138 12418 I art     : Explicit concurrent mark sweep GC freed 130(3008B) AllocSpace objects, 0(0B) LOS objects, 28% free, 39MB/55MB, paused 691us total 32.336ms
08-05 00:54:00.611 12138 12418 I art     : Starting a blocking GC Explicit
08-05 00:54:00.644 12138 12418 I art     : Explicit concurrent mark sweep GC freed 148(2528B) AllocSpace objects, 0(0B) LOS objects, 28% free, 39MB/55MB, paused 666us total 33.461ms
08-05 00:54:00.658 12138 12418 I art     : Starting a blocking GC Explicit
08-05 00:54:00.690 12138 12418 I art     : Explicit concurrent mark sweep GC freed 147(2496B) AllocSpace objects, 0(0B) LOS objects, 28% free, 39MB/55MB, paused 678us total 32.442ms
08-05 00:54:00.703 12138 12418 I art     : Starting a blocking GC Explicit
08-05 00:54:00.737 12138 12418 I art     : Explicit concurrent mark sweep GC freed 147(2496B) AllocSpace objects, 0(0B) LOS objects, 28% free, 39MB/55MB, paused 797us total 33.388ms
08-05 00:54:01.066 12138 12159 I art     : Starting a blocking GC Explicit
08-05 00:54:01.100 12138 12159 I art     : Explicit concurrent mark sweep GC freed 2435(99KB) AllocSpace objects, 2(40KB) LOS objects, 28% free, 39MB/55MB, paused 653us total 32.975ms
08-05 00:54:01.112 12138 12159 I art     : Starting a blocking GC Explicit
08-05 00:54:01.143 12138 12159 I art     : Explicit concurrent mark sweep GC freed 167(3KB) AllocSpace objects, 0(0B) LOS objects, 28% free, 39MB/55MB, paused 671us total 30.164ms
08-05 00:54:01.155 12138 12159 I art     : Starting a blocking GC Explicit
08-05 00:54:01.185 12138 12159 I art     : Explicit concurrent mark sweep GC freed 146(2464B) AllocSpace objects, 0(0B) LOS objects, 28% free, 39MB/55MB, paused 716us total 30.192ms
08-05 00:54:01.198 12138 12159 I art     : Starting a blocking GC Explicit
08-05 00:54:01.230 12138 12159 I art     : Explicit concurrent mark sweep GC freed 100(1728B) AllocSpace objects, 0(0B) LOS objects, 28% free, 39MB/55MB, paused 668us total 31.242ms
08-05 00:54:01.242 12138 12159 I art     : Starting a blocking GC Explicit
08-05 00:54:01.273 12138 12159 I art     : Explicit concurrent mark sweep GC freed 147(2496B) AllocSpace objects, 0(0B) LOS objects, 28% free, 39MB/55MB, paused 677us total 30.904ms
08-05 00:54:01.360 13385 13385 D AndroidRuntime: >>>>>> START com.android.internal.os.RuntimeInit uid 2000 <<<<<<
08-05 00:54:01.365 13385 13385 D AndroidRuntime: CheckJNI is OFF
08-05 00:54:01.400 13385 13385 D ICU     : No timezone override file found: /data/misc/zoneinfo/current/icu/icu_tzdata.dat
08-05 00:54:01.436 13385 13385 I Radio-JNI: register_android_hardware_Radio DONE
08-05 00:54:01.457 13385 13385 D AndroidRuntime: Calling main entry com.android.commands.input.Input
08-05 00:54:01.458 13385 13385 I Input   : injectKeyEvent: KeyEvent { action=ACTION_DOWN, keyCode=KEYCODE_BACK, scanCode=0, metaState=0, flags=0x0, repeatCount=0, eventTime=752057871, downTime=752057871, deviceId=-1, source=0x101 }
08-05 00:54:01.464 13385 13385 I Input   : injectKeyEvent: KeyEvent { action=ACTION_UP, keyCode=KEYCODE_BACK, scanCode=0, metaState=0, flags=0x0, repeatCount=0, eventTime=752057871, downTime=752057871, deviceId=-1, source=0x101 }
08-05 00:54:01.470 13385 13385 D AndroidRuntime: Shutting down VM
08-05 00:54:01.484 12138 12138 V MainActivity: url = https://project-travel-mate.herokuapp.com/api/number-of-unread-notifications
08-05 00:54:01.514 13866 13866 I GoogleInputMethodServic: GoogleInputMethodService.onFinishInput():3138 
08-05 00:54:01.514 13866 13866 I GoogleInputMethodServic: GoogleInputMethodService.onStartInput():1808 
08-05 00:54:01.602 12138 12159 I art     : Starting a blocking GC Explicit
08-05 00:54:01.630 12138 12159 I art     : Explicit concurrent mark sweep GC freed 2986(123KB) AllocSpace objects, 2(40KB) LOS objects, 28% free, 39MB/55MB, paused 674us total 27.917ms
08-05 00:54:01.642 12138 12159 I art     : Starting a blocking GC Explicit
08-05 00:54:01.669 12138 12159 I art     : Explicit concurrent mark sweep GC freed 231(5KB) AllocSpace objects, 0(0B) LOS objects, 28% free, 39MB/55MB, paused 682us total 27.212ms
08-05 00:54:01.682 12138 12159 I art     : Starting a blocking GC Explicit
08-05 00:54:01.711 12138 12159 I art     : Explicit concurrent mark sweep GC freed 121(2832B) AllocSpace objects, 0(0B) LOS objects, 28% free, 39MB/55MB, paused 609us total 29.393ms
08-05 00:54:01.723 12138 12159 I art     : Starting a blocking GC Explicit
08-05 00:54:01.753 12138 12159 I art     : Explicit concurrent mark sweep GC freed 116(2096B) AllocSpace objects, 0(0B) LOS objects, 28% free, 39MB/55MB, paused 755us total 28.969ms
08-05 00:54:01.766 12138 12159 I art     : Starting a blocking GC Explicit
08-05 00:54:01.796 12138 12159 I art     : Explicit concurrent mark sweep GC freed 134(2288B) AllocSpace objects, 0(0B) LOS objects, 28% free, 39MB/55MB, paused 689us total 30.132ms
08-05 00:54:01.817   380   380 W SurfaceFlinger: couldn't log to binary event log: overflow.
08-05 00:54:02.113 12138 12149 I art     : Starting a blocking GC Explicit
08-05 00:54:02.148 12138 12149 I art     : Explicit concurrent mark sweep GC freed 2011(93KB) AllocSpace objects, 2(40KB) LOS objects, 28% free, 39MB/55MB, paused 844us total 34.359ms
08-05 00:54:02.160 12138 12149 I art     : Starting a blocking GC Explicit
08-05 00:54:02.193 12138 12149 I art     : Explicit concurrent mark sweep GC freed 240(9KB) AllocSpace objects, 0(0B) LOS objects, 28% free, 39MB/55MB, paused 730us total 32.365ms
08-05 00:54:02.206 12138 12149 I art     : Starting a blocking GC Explicit
08-05 00:54:02.239 12138 12149 I art     : Explicit concurrent mark sweep GC freed 75(1296B) AllocSpace objects, 0(0B) LOS objects, 28% free, 39MB/55MB, paused 747us total 32.981ms
08-05 00:54:02.252 12138 12149 I art     : Starting a blocking GC Explicit
08-05 00:54:02.286 12138 12149 I art     : Explicit concurrent mark sweep GC freed 63(1088B) AllocSpace objects, 0(0B) LOS objects, 28% free, 39MB/55MB, paused 928us total 33.555ms
08-05 00:54:02.299 12138 12149 I art     : Starting a blocking GC Explicit
08-05 00:54:02.332 12138 12149 I art     : Explicit concurrent mark sweep GC freed 810(60KB) AllocSpace objects, 2(120KB) LOS objects, 28% free, 39MB/55MB, paused 981us total 33.023ms
08-05 00:54:02.389 12138 13408 I NAPPA_EXPERIMENTATION: MetricNetworkRequestExecutionTime: REQUEST_DURATION_SYSTEM='904',REQUEST_DURATION_OKHTTP='35',REQUEST_SYNCHRONOUS='FALSE',RESPONSE_CODE='200',RESPONSE_METHOD='GET',RESPONSE_LENGTH_OKHTTP='36',RESPONSE_LENGTH_HEADER='36',REQUEST_PROTOCOL='http/1.1',REQUEST_URL='https://project-travel-mate.herokuapp.com/api/number-of-unread-notifications',
08-05 00:54:02.683 12138 13058 I art     : Starting a blocking GC Explicit
08-05 00:54:02.719 12138 13058 I art     : Explicit concurrent mark sweep GC freed 4356(219KB) AllocSpace objects, 3(120KB) LOS objects, 28% free, 39MB/55MB, paused 800us total 35.624ms
08-05 00:54:02.731 12138 13058 I art     : Starting a blocking GC Explicit
08-05 00:54:02.762 12138 13058 I art     : Explicit concurrent mark sweep GC freed 716(80KB) AllocSpace objects, 0(0B) LOS objects, 28% free, 39MB/55MB, paused 731us total 30.842ms
08-05 00:54:02.775 12138 13058 I art     : Starting a blocking GC Explicit
08-05 00:54:02.806 12138 13058 I art     : Explicit concurrent mark sweep GC freed 75(1296B) AllocSpace objects, 0(0B) LOS objects, 28% free, 39MB/55MB, paused 749us total 30.682ms
08-05 00:54:02.819 12138 13058 I art     : Starting a blocking GC Explicit
08-05 00:54:02.852 12138 13058 I art     : Explicit concurrent mark sweep GC freed 51(896B) AllocSpace objects, 0(0B) LOS objects, 28% free, 39MB/55MB, paused 724us total 32.222ms
08-05 00:54:02.864 12138 13058 I art     : Starting a blocking GC Explicit
08-05 00:54:02.895 12138 13058 I art     : Explicit concurrent mark sweep GC freed 75(1296B) AllocSpace objects, 0(0B) LOS objects, 28% free, 39MB/55MB, paused 703us total 30.871ms
08-05 00:54:03.107 13437 13437 D AndroidRuntime: >>>>>> START com.android.internal.os.RuntimeInit uid 2000 <<<<<<
08-05 00:54:03.111 13437 13437 D AndroidRuntime: CheckJNI is OFF
08-05 00:54:03.144 13437 13437 D ICU     : No timezone override file found: /data/misc/zoneinfo/current/icu/icu_tzdata.dat
08-05 00:54:03.178 13437 13437 I Radio-JNI: register_android_hardware_Radio DONE
08-05 00:54:03.200 13437 13437 D AndroidRuntime: Calling main entry com.android.commands.input.Input
08-05 00:54:03.201 13437 13437 I Input   : injectMotionEvent: MotionEvent { action=ACTION_DOWN, actionButton=0, id[0]=0, x[0]=117.0, y[0]=170.0, toolType[0]=TOOL_TYPE_UNKNOWN, buttonState=0, metaState=0, flags=0x0, edgeFlags=0x0, pointerCount=1, historySize=0, eventTime=752059614, downTime=752059614, deviceId=0, source=0x1002 }
08-05 00:54:03.206 13437 13437 I Input   : injectMotionEvent: MotionEvent { action=ACTION_UP, actionButton=0, id[0]=0, x[0]=117.0, y[0]=170.0, toolType[0]=TOOL_TYPE_UNKNOWN, buttonState=0, metaState=0, flags=0x0, edgeFlags=0x0, pointerCount=1, historySize=0, eventTime=752059614, downTime=752059614, deviceId=0, source=0x1002 }
08-05 00:54:03.208 13437 13437 D AndroidRuntime: Shutting down VM
08-05 00:54:03.217 12138 12418 I art     : Starting a blocking GC Explicit
08-05 00:54:03.226   512  2967 D audio_hw_primary: out_set_parameters: enter: usecase(1: low-latency-playback) kvpairs: routing=2
08-05 00:54:03.239   512  2967 D audio_hw_primary: select_devices: out_snd_device(2: speaker) in_snd_device(0: none)
08-05 00:54:03.239   512  2967 D msm8974_platform: platform_send_audio_calibration: sending audio calibration for snd_device(2) acdb_id(15)
08-05 00:54:03.240   512  2967 I soundtrigger: audio_extn_sound_trigger_update_device_status: device 0x2 of type 0 for Event 1
08-05 00:54:03.249   512  2967 D audio_hw_primary: enable_snd_device: snd_device(2: speaker)
08-05 00:54:03.252   512  2967 D audio_hw_primary: enable_audio_route: apply and update mixer path: low-latency-playback speaker
08-05 00:54:03.256 12138 12418 W art     : Suspending all threads took: 6.530ms
08-05 00:54:03.259 12138 12418 I art     : Explicit concurrent mark sweep GC freed 2020(94KB) AllocSpace objects, 2(40KB) LOS objects, 28% free, 40MB/56MB, paused 7.865ms total 41.343ms
08-05 00:54:03.273 12138 12418 I art     : Starting a blocking GC Explicit
08-05 00:54:03.304 12138 12418 I art     : Explicit concurrent mark sweep GC freed 73(2400B) AllocSpace objects, 0(0B) LOS objects, 28% free, 40MB/56MB, paused 814us total 30.708ms
08-05 00:54:03.317 12138 12418 I art     : Starting a blocking GC Explicit
08-05 00:54:03.347 12138 12418 I art     : Explicit concurrent mark sweep GC freed 444(21KB) AllocSpace objects, 0(0B) LOS objects, 28% free, 40MB/56MB, paused 715us total 30.475ms
08-05 00:54:03.359 12138 12418 I art     : Starting a blocking GC Explicit
08-05 00:54:03.390 12138 12418 I art     : Explicit concurrent mark sweep GC freed 90(2208B) AllocSpace objects, 0(0B) LOS objects, 28% free, 40MB/56MB, paused 795us total 30.411ms
08-05 00:54:03.402 12138 12418 I art     : Starting a blocking GC Explicit
08-05 00:54:03.434 12138 12418 I art     : Explicit concurrent mark sweep GC freed 62(1472B) AllocSpace objects, 0(0B) LOS objects, 28% free, 40MB/56MB, paused 851us total 31.669ms
08-05 00:54:03.739 12138 12159 I art     : Starting a blocking GC Explicit
08-05 00:54:03.773 12138 12159 I art     : Explicit concurrent mark sweep GC freed 1934(91KB) AllocSpace objects, 2(40KB) LOS objects, 28% free, 40MB/56MB, paused 1.132ms total 33.248ms
08-05 00:54:03.785 12138 12159 I art     : Starting a blocking GC Explicit
08-05 00:54:03.789   512  2967 D audio_hw_primary: disable_audio_route: reset and update mixer path: low-latency-playback speaker
08-05 00:54:03.790   512  2967 D audio_hw_primary: disable_snd_device: snd_device(2: speaker)
08-05 00:54:03.798   512  2967 I soundtrigger: audio_extn_sound_trigger_update_device_status: device 0x2 of type 0 for Event 0
08-05 00:54:03.816 12138 12159 I art     : Explicit concurrent mark sweep GC freed 79(1872B) AllocSpace objects, 0(0B) LOS objects, 28% free, 40MB/56MB, paused 730us total 30.667ms
08-05 00:54:03.829 12138 12159 I art     : Starting a blocking GC Explicit
08-05 00:54:03.847 13470 13470 D AndroidRuntime: >>>>>> START com.android.internal.os.RuntimeInit uid 2000 <<<<<<
08-05 00:54:03.852 13470 13470 D AndroidRuntime: CheckJNI is OFF
08-05 00:54:03.860 12138 12159 I art     : Explicit concurrent mark sweep GC freed 76(1328B) AllocSpace objects, 0(0B) LOS objects, 28% free, 40MB/56MB, paused 721us total 30.817ms
08-05 00:54:03.873 12138 12159 I art     : Starting a blocking GC Explicit
08-05 00:54:03.885 13470 13470 D ICU     : No timezone override file found: /data/misc/zoneinfo/current/icu/icu_tzdata.dat
08-05 00:54:03.902 12138 12159 I art     : Explicit concurrent mark sweep GC freed 51(896B) AllocSpace objects, 0(0B) LOS objects, 28% free, 40MB/56MB, paused 735us total 29.174ms
08-05 00:54:03.914 12138 12159 I art     : Starting a blocking GC Explicit
08-05 00:54:03.917 13470 13470 I Radio-JNI: register_android_hardware_Radio DONE
08-05 00:54:03.938 13470 13470 D AndroidRuntime: Calling main entry com.android.commands.input.Input
08-05 00:54:03.940 13470 13470 I Input   : injectMotionEvent: MotionEvent { action=ACTION_DOWN, actionButton=0, id[0]=0, x[0]=355.0, y[0]=1674.0, toolType[0]=TOOL_TYPE_UNKNOWN, buttonState=0, metaState=0, flags=0x0, edgeFlags=0x0, pointerCount=1, historySize=0, eventTime=752060353, downTime=752060353, deviceId=0, source=0x1002 }
08-05 00:54:03.944 13470 13470 I Input   : injectMotionEvent: MotionEvent { action=ACTION_UP, actionButton=0, id[0]=0, x[0]=355.0, y[0]=1674.0, toolType[0]=TOOL_TYPE_UNKNOWN, buttonState=0, metaState=0, flags=0x0, edgeFlags=0x0, pointerCount=1, historySize=0, eventTime=752060353, downTime=752060353, deviceId=0, source=0x1002 }
08-05 00:54:03.944 12138 12159 I art     : Explicit concurrent mark sweep GC freed 75(1296B) AllocSpace objects, 0(0B) LOS objects, 28% free, 40MB/56MB, paused 767us total 29.610ms
08-05 00:54:03.944 12138 12148 I art     : WaitForGcToComplete blocked for 24.764ms for cause HeapTrim
08-05 00:54:03.945 13470 13470 D AndroidRuntime: Shutting down VM
08-05 00:54:03.958   512  2967 D audio_hw_primary: out_set_parameters: enter: usecase(1: low-latency-playback) kvpairs: routing=2
08-05 00:54:03.971   512  2967 D audio_hw_primary: select_devices: out_snd_device(2: speaker) in_snd_device(0: none)
08-05 00:54:03.971   512  2967 D msm8974_platform: platform_send_audio_calibration: sending audio calibration for snd_device(2) acdb_id(15)
08-05 00:54:03.971   512  2967 I soundtrigger: audio_extn_sound_trigger_update_device_status: device 0x2 of type 0 for Event 1
08-05 00:54:03.980   512  2967 D audio_hw_primary: enable_snd_device: snd_device(2: speaker)
08-05 00:54:03.983   512  2967 D audio_hw_primary: enable_audio_route: apply and update mixer path: low-latency-playback speaker
08-05 00:54:04.023   512  2967 D AudioFlinger: mixer(0xf4740000) throttle end: throttle time(12)
08-05 00:54:04.246 12138 13058 I art     : Starting a blocking GC Explicit
08-05 00:54:04.279 12138 13058 I art     : Explicit concurrent mark sweep GC freed 1382(141KB) AllocSpace objects, 0(0B) LOS objects, 16% free, 79MB/95MB, paused 833us total 32.977ms
08-05 00:54:04.292 12138 13058 I art     : Waiting for a blocking GC Explicit
08-05 00:54:04.297 12138 13058 I art     : WaitForGcToComplete blocked for 5.631ms for cause Explicit
08-05 00:54:04.298 12138 13058 I art     : Starting a blocking GC Explicit
08-05 00:54:04.328 12138 13058 I art     : Explicit concurrent mark sweep GC freed 11(432B) AllocSpace objects, 0(0B) LOS objects, 12% free, 115MB/131MB, paused 817us total 29.832ms
08-05 00:54:04.328 12138 12148 I art     : WaitForGcToComplete blocked for 30.064ms for cause Background
08-05 00:54:04.340 12138 13058 I art     : Starting a blocking GC Explicit
08-05 00:54:04.369 12138 13058 I art     : Explicit concurrent mark sweep GC freed 5(192B) AllocSpace objects, 0(0B) LOS objects, 12% free, 115MB/131MB, paused 867us total 28.895ms
08-05 00:54:04.381 12138 13058 I art     : Starting a blocking GC Explicit
08-05 00:54:04.410 12138 13058 I art     : Explicit concurrent mark sweep GC freed 3(96B) AllocSpace objects, 0(0B) LOS objects, 12% free, 115MB/131MB, paused 741us total 28.873ms
08-05 00:54:04.422 12138 13058 I art     : Starting a blocking GC Explicit
08-05 00:54:04.451 12138 13058 I art     : Explicit concurrent mark sweep GC freed 3(96B) AllocSpace objects, 0(0B) LOS objects, 12% free, 115MB/131MB, paused 745us total 28.828ms
08-05 00:54:04.520   512  2967 D audio_hw_primary: disable_audio_route: reset and update mixer path: low-latency-playback speaker
08-05 00:54:04.520   512  2967 D audio_hw_primary: disable_snd_device: snd_device(2: speaker)
08-05 00:54:04.528   512  2967 I soundtrigger: audio_extn_sound_trigger_update_device_status: device 0x2 of type 0 for Event 0
08-05 00:54:04.615 12138 12138 I Choreographer: Skipped 38 frames!  The application may be doing too much work on its main thread.
08-05 00:54:04.616 12138 12138 V MainActivity: url = https://project-travel-mate.herokuapp.com/api/number-of-unread-notifications
08-05 00:54:04.809 12138 12149 I art     : Starting a blocking GC Explicit
08-05 00:54:04.852 12138 12149 I art     : Explicit concurrent mark sweep GC freed 1783(68KB) AllocSpace objects, 9(252KB) LOS objects, 10% free, 134MB/150MB, paused 984us total 42.599ms
08-05 00:54:04.872 12138 12149 I art     : Starting a blocking GC Explicit
08-05 00:54:04.915 12138 12149 I art     : Explicit concurrent mark sweep GC freed 906(52KB) AllocSpace objects, 0(0B) LOS objects, 10% free, 134MB/150MB, paused 1.077ms total 42.242ms
08-05 00:54:04.932 12138 12149 I art     : Starting a blocking GC Explicit
08-05 00:54:04.973 12138 12149 I art     : Explicit concurrent mark sweep GC freed 13(576B) AllocSpace objects, 0(0B) LOS objects, 10% free, 134MB/150MB, paused 965us total 41.304ms
08-05 00:54:04.990 12138 12149 I art     : Starting a blocking GC Explicit
08-05 00:54:05.032 12138 12149 I art     : Explicit concurrent mark sweep GC freed 19(928B) AllocSpace objects, 0(0B) LOS objects, 10% free, 134MB/150MB, paused 981us total 41.165ms
08-05 00:54:05.049 12138 12149 I art     : Starting a blocking GC Explicit
08-05 00:54:05.091 12138 12149 I art     : Explicit concurrent mark sweep GC freed 3(96B) AllocSpace objects, 0(0B) LOS objects, 10% free, 134MB/150MB, paused 1.011ms total 41.860ms
08-05 00:54:05.497 12138 13058 I art     : Starting a blocking GC Explicit
08-05 00:54:05.547 12138 13058 I art     : Explicit concurrent mark sweep GC freed 4001(215KB) AllocSpace objects, 5(236KB) LOS objects, 10% free, 134MB/150MB, paused 1.054ms total 49.369ms
08-05 00:54:05.564 12138 13058 I art     : Starting a blocking GC Explicit
08-05 00:54:05.581 12138 13508 I NAPPA_EXPERIMENTATION: MetricNetworkRequestExecutionTime: REQUEST_DURATION_SYSTEM='964',REQUEST_DURATION_OKHTTP='47',REQUEST_SYNCHRONOUS='FALSE',RESPONSE_CODE='200',RESPONSE_METHOD='GET',RESPONSE_LENGTH_OKHTTP='36',RESPONSE_LENGTH_HEADER='36',REQUEST_PROTOCOL='http/1.1',REQUEST_URL='https://project-travel-mate.herokuapp.com/api/number-of-unread-notifications',
08-05 00:54:05.608 12138 13058 I art     : Explicit concurrent mark sweep GC freed 1064(127KB) AllocSpace objects, 0(0B) LOS objects, 10% free, 134MB/150MB, paused 1.225ms total 43.272ms
08-05 00:54:05.625 12138 13058 I art     : Starting a blocking GC Explicit
08-05 00:54:05.656   518   646 I ThermalEngine: ACTION: GPU - Setting GPU[0] to 450000000
08-05 00:54:05.671 12138 13058 I art     : Explicit concurrent mark sweep GC freed 131(5KB) AllocSpace objects, 0(0B) LOS objects, 10% free, 134MB/150MB, paused 1.038ms total 45.705ms
08-05 00:54:05.693 12138 13058 I art     : Starting a blocking GC Explicit
08-05 00:54:05.738 12138 13058 I art     : Explicit concurrent mark sweep GC freed 3(96B) AllocSpace objects, 0(0B) LOS objects, 10% free, 134MB/150MB, paused 1.053ms total 44.884ms
08-05 00:54:05.758 12138 13058 I art     : Starting a blocking GC Explicit
08-05 00:54:05.805 12138 13058 I art     : Explicit concurrent mark sweep GC freed 3(96B) AllocSpace objects, 0(0B) LOS objects, 10% free, 134MB/150MB, paused 997us total 46.111ms
08-05 00:54:06.228 12138 12150 I art     : Starting a blocking GC Explicit
08-05 00:54:06.273 12138 12150 I art     : Explicit concurrent mark sweep GC freed 1432(83KB) AllocSpace objects, 2(36KB) LOS objects, 10% free, 134MB/150MB, paused 1.037ms total 45.310ms
08-05 00:54:06.293 12138 12150 I art     : Starting a blocking GC Explicit
08-05 00:54:06.332 12138 12150 I art     : Explicit concurrent mark sweep GC freed 30(1040B) AllocSpace objects, 0(0B) LOS objects, 10% free, 134MB/150MB, paused 914us total 37.905ms
08-05 00:54:06.349 12138 12150 I art     : Starting a blocking GC Explicit
08-05 00:54:06.386 12138 12150 I art     : Explicit concurrent mark sweep GC freed 21(944B) AllocSpace objects, 0(0B) LOS objects, 10% free, 134MB/150MB, paused 1.107ms total 37.033ms
08-05 00:54:06.403 12138 12150 I art     : Starting a blocking GC Explicit
08-05 00:54:06.443 12138 12150 I art     : Explicit concurrent mark sweep GC freed 19(832B) AllocSpace objects, 0(0B) LOS objects, 10% free, 134MB/150MB, paused 1.942ms total 40.390ms
08-05 00:54:06.460 12138 12150 I art     : Starting a blocking GC Explicit
08-05 00:54:06.503 12138 12150 I art     : Explicit concurrent mark sweep GC freed 8(256B) AllocSpace objects, 0(0B) LOS objects, 10% free, 134MB/150MB, paused 1.083ms total 42.447ms
08-05 00:54:06.727 13545 13545 D AndroidRuntime: >>>>>> START com.android.internal.os.RuntimeInit uid 2000 <<<<<<
08-05 00:54:06.733 13545 13545 D AndroidRuntime: CheckJNI is OFF
08-05 00:54:06.775 13545 13545 D ICU     : No timezone override file found: /data/misc/zoneinfo/current/icu/icu_tzdata.dat
08-05 00:54:06.817 13545 13545 I Radio-JNI: register_android_hardware_Radio DONE
08-05 00:54:06.846 13545 13545 D AndroidRuntime: Calling main entry com.android.commands.input.Input
08-05 00:54:06.848 13545 13545 I Input   : injectMotionEvent: MotionEvent { action=ACTION_DOWN, actionButton=0, id[0]=0, x[0]=747.0, y[0]=608.0, toolType[0]=TOOL_TYPE_UNKNOWN, buttonState=0, metaState=0, flags=0x0, edgeFlags=0x0, pointerCount=1, historySize=0, eventTime=752063261, downTime=752063261, deviceId=0, source=0x1002 }
08-05 00:54:06.853 13545 13545 I Input   : injectMotionEvent: MotionEvent { action=ACTION_UP, actionButton=0, id[0]=0, x[0]=747.0, y[0]=608.0, toolType[0]=TOOL_TYPE_UNKNOWN, buttonState=0, metaState=0, flags=0x0, edgeFlags=0x0, pointerCount=1, historySize=0, eventTime=752063261, downTime=752063261, deviceId=0, source=0x1002 }
08-05 00:54:06.855 13545 13545 D AndroidRuntime: Shutting down VM
08-05 00:54:06.856   918  4413 I ActivityManager: START u0 {cmp=baseline.io.github.project_travel_mate/.utilities.ChecklistActivity} from uid 10674 on display 0
08-05 00:54:06.860   512  2967 D audio_hw_primary: out_set_parameters: enter: usecase(1: low-latency-playback) kvpairs: routing=2
08-05 00:54:06.873   512  2967 D audio_hw_primary: select_devices: out_snd_device(2: speaker) in_snd_device(0: none)
08-05 00:54:06.873   512  2967 D msm8974_platform: platform_send_audio_calibration: sending audio calibration for snd_device(2) acdb_id(15)
08-05 00:54:06.873   512  2967 I soundtrigger: audio_extn_sound_trigger_update_device_status: device 0x2 of type 0 for Event 1
08-05 00:54:06.887   512  2967 D audio_hw_primary: enable_snd_device: snd_device(2: speaker)
08-05 00:54:06.889   512  2967 D audio_hw_primary: enable_audio_route: apply and update mixer path: low-latency-playback speaker
08-05 00:54:06.905 12138 12418 I art     : Starting a blocking GC Explicit
08-05 00:54:06.954 12138 12418 I art     : Explicit concurrent mark sweep GC freed 2011(152KB) AllocSpace objects, 2(36KB) LOS objects, 10% free, 134MB/150MB, paused 3.793ms total 48.275ms
08-05 00:54:06.971 12138 12418 I art     : Starting a blocking GC Explicit
08-05 00:54:07.019 12138 12418 I art     : Explicit concurrent mark sweep GC freed 329(26KB) AllocSpace objects, 0(0B) LOS objects, 10% free, 134MB/150MB, paused 4.364ms total 47.643ms
08-05 00:54:07.039 12138 12418 I art     : Starting a blocking GC Explicit
08-05 00:54:07.086 12138 12418 I art     : Explicit concurrent mark sweep GC freed 608(78KB) AllocSpace objects, 1(20KB) LOS objects, 10% free, 134MB/150MB, paused 2.424ms total 46.835ms
08-05 00:54:07.103 12138 12418 I art     : Starting a blocking GC Explicit
08-05 00:54:07.144 12138 12418 I art     : Explicit concurrent mark sweep GC freed 710(59KB) AllocSpace objects, 0(0B) LOS objects, 10% free, 134MB/150MB, paused 1.117ms total 39.933ms
08-05 00:54:07.161 12138 12418 I art     : Starting a blocking GC Explicit
08-05 00:54:07.204 12138 12418 I art     : Explicit concurrent mark sweep GC freed 15531(653KB) AllocSpace objects, 0(0B) LOS objects, 10% free, 135MB/151MB, paused 1.739ms total 42.622ms
08-05 00:54:07.428   512  2967 D audio_hw_primary: disable_audio_route: reset and update mixer path: low-latency-playback speaker
08-05 00:54:07.429   512  2967 D audio_hw_primary: disable_snd_device: snd_device(2: speaker)
08-05 00:54:07.437   512  2967 I soundtrigger: audio_extn_sound_trigger_update_device_status: device 0x2 of type 0 for Event 0
08-05 00:54:07.604 12138 12159 I art     : Starting a blocking GC Explicit
08-05 00:54:07.657   918   936 I ActivityManager: Displayed baseline.io.github.project_travel_mate/.utilities.ChecklistActivity: +788ms
08-05 00:54:07.662 13866 13866 I GoogleInputMethodServic: GoogleInputMethodService.onFinishInput():3138 
08-05 00:54:07.662 13866 13866 I GoogleInputMethodServic: GoogleInputMethodService.onStartInput():1808 
08-05 00:54:07.670 12138 12159 I art     : Explicit concurrent mark sweep GC freed 123125(4MB) AllocSpace objects, 2(36KB) LOS objects, 10% free, 136MB/152MB, paused 1.816ms total 65.441ms
08-05 00:54:07.688 12138 12159 I art     : Starting a blocking GC Explicit
08-05 00:54:07.734 12138 12159 I art     : Explicit concurrent mark sweep GC freed 3235(305KB) AllocSpace objects, 0(0B) LOS objects, 10% free, 136MB/152MB, paused 1.434ms total 45.937ms
08-05 00:54:07.754 12138 12159 I art     : Starting a blocking GC Explicit
08-05 00:54:07.800 12138 12159 I art     : Explicit concurrent mark sweep GC freed 28(1184B) AllocSpace objects, 0(0B) LOS objects, 10% free, 136MB/152MB, paused 1.244ms total 45.428ms
08-05 00:54:07.818 12138 12159 I art     : Starting a blocking GC Explicit
08-05 00:54:07.872 12138 12159 I art     : Explicit concurrent mark sweep GC freed 19(864B) AllocSpace objects, 0(0B) LOS objects, 10% free, 136MB/152MB, paused 1.451ms total 53.542ms
08-05 00:54:07.891   380   380 W SurfaceFlinger: couldn't log to binary event log: overflow.
08-05 00:54:07.893 12138 12159 I art     : Starting a blocking GC Explicit
08-05 00:54:07.940 12138 12159 I art     : Explicit concurrent mark sweep GC freed 190(7KB) AllocSpace objects, 0(0B) LOS objects, 10% free, 136MB/152MB, paused 1.321ms total 46.893ms
08-05 00:54:08.318 12138 12418 I art     : Starting a blocking GC Explicit
08-05 00:54:08.381 12138 12418 I art     : Explicit concurrent mark sweep GC freed 1684(95KB) AllocSpace objects, 2(36KB) LOS objects, 10% free, 136MB/152MB, paused 1.521ms total 62.560ms
08-05 00:54:08.403 12138 12418 I art     : Starting a blocking GC Explicit
08-05 00:54:08.456 12138 12418 I art     : Explicit concurrent mark sweep GC freed 42(1520B) AllocSpace objects, 0(0B) LOS objects, 10% free, 136MB/152MB, paused 1.365ms total 52.696ms
08-05 00:54:08.475 12138 12418 I art     : Starting a blocking GC Explicit
08-05 00:54:08.530 12138 12418 I art     : Explicit concurrent mark sweep GC freed 3(96B) AllocSpace objects, 0(0B) LOS objects, 10% free, 136MB/152MB, paused 1.507ms total 54.609ms
08-05 00:54:08.553 12138 12418 I art     : Starting a blocking GC Explicit
08-05 00:54:08.613 12138 12418 I art     : Explicit concurrent mark sweep GC freed 3(96B) AllocSpace objects, 0(0B) LOS objects, 10% free, 136MB/152MB, paused 1.533ms total 59.236ms
08-05 00:54:08.636 12138 12418 I art     : Starting a blocking GC Explicit
08-05 00:54:08.694 12138 12418 I art     : Explicit concurrent mark sweep GC freed 3(96B) AllocSpace objects, 0(0B) LOS objects, 10% free, 136MB/152MB, paused 1.413ms total 58.057ms
08-05 00:54:08.720   918  3188 I hubconnection: sensorhub said: 'set_bias 3: -6.1056, 0.0000, 0.0000'
08-05 00:54:09.111 12138 12150 I art     : Starting a blocking GC Explicit
08-05 00:54:09.183 12138 12150 I art     : Explicit concurrent mark sweep GC freed 1623(93KB) AllocSpace objects, 2(36KB) LOS objects, 10% free, 136MB/152MB, paused 1.491ms total 71.333ms
08-05 00:54:09.205 12138 12150 I art     : Starting a blocking GC Explicit
08-05 00:54:09.267 12138 12150 I art     : Explicit concurrent mark sweep GC freed 28(1024B) AllocSpace objects, 0(0B) LOS objects, 10% free, 136MB/152MB, paused 1.462ms total 61.817ms
08-05 00:54:09.289 12138 12150 I art     : Starting a blocking GC Explicit
08-05 00:54:09.352 12138 12150 I art     : Explicit concurrent mark sweep GC freed 9(496B) AllocSpace objects, 0(0B) LOS objects, 10% free, 136MB/152MB, paused 1.563ms total 62.070ms
08-05 00:54:09.374 12138 12150 I art     : Starting a blocking GC Explicit
08-05 00:54:09.428 12138 12150 I art     : Explicit concurrent mark sweep GC freed 15(672B) AllocSpace objects, 0(0B) LOS objects, 10% free, 136MB/152MB, paused 1.438ms total 53.769ms
08-05 00:54:09.448 12138 12150 I art     : Starting a blocking GC Explicit
08-05 00:54:09.506 12138 12150 I art     : Explicit concurrent mark sweep GC freed 7(320B) AllocSpace objects, 0(0B) LOS objects, 10% free, 136MB/152MB, paused 1.413ms total 57.988ms
08-05 00:54:09.669   518   646 I ThermalEngine: ACTION: GPU - Setting GPU[0] to 510000000
08-05 00:54:09.922 12138 13058 I art     : Starting a blocking GC Explicit
08-05 00:54:09.975 12138 13058 I art     : Explicit concurrent mark sweep GC freed 1583(92KB) AllocSpace objects, 2(36KB) LOS objects, 10% free, 136MB/152MB, paused 1.122ms total 52.927ms
08-05 00:54:09.994 12138 13058 I art     : Starting a blocking GC Explicit
08-05 00:54:10.037 12138 13058 I art     : Explicit concurrent mark sweep GC freed 69(2128B) AllocSpace objects, 0(0B) LOS objects, 10% free, 136MB/152MB, paused 1.085ms total 43.183ms
08-05 00:54:10.052 12138 13058 I art     : Starting a blocking GC Explicit
08-05 00:54:10.094 12138 13058 I art     : Explicit concurrent mark sweep GC freed 3(96B) AllocSpace objects, 0(0B) LOS objects, 10% free, 136MB/152MB, paused 1.030ms total 41.935ms
08-05 00:54:10.109 12138 13058 I art     : Starting a blocking GC Explicit
08-05 00:54:10.152 12138 13058 I art     : Explicit concurrent mark sweep GC freed 3(96B) AllocSpace objects, 0(0B) LOS objects, 10% free, 136MB/152MB, paused 985us total 42.895ms
08-05 00:54:10.166 12138 13058 I art     : Starting a blocking GC Explicit
08-05 00:54:10.210 12138 13058 I art     : Explicit concurrent mark sweep GC freed 3(96B) AllocSpace objects, 0(0B) LOS objects, 10% free, 136MB/152MB, paused 1.058ms total 43.116ms
08-05 00:54:10.600 12138 12149 I art     : Starting a blocking GC Explicit
08-05 00:54:10.663 12138 12149 I art     : Explicit concurrent mark sweep GC freed 1583(92KB) AllocSpace objects, 2(36KB) LOS objects, 10% free, 136MB/152MB, paused 1.157ms total 62.503ms
08-05 00:54:10.683 12138 12149 I art     : Starting a blocking GC Explicit
08-05 00:54:10.725 12138 12149 I art     : Explicit concurrent mark sweep GC freed 28(1024B) AllocSpace objects, 0(0B) LOS objects, 10% free, 136MB/152MB, paused 1.041ms total 41.930ms
08-05 00:54:10.740 12138 12149 I art     : Starting a blocking GC Explicit
08-05 00:54:10.782 12138 12149 I art     : Explicit concurrent mark sweep GC freed 3(96B) AllocSpace objects, 0(0B) LOS objects, 10% free, 136MB/152MB, paused 1.059ms total 41.908ms
08-05 00:54:10.797 12138 12149 I art     : Starting a blocking GC Explicit
08-05 00:54:10.840 12138 12149 I art     : Explicit concurrent mark sweep GC freed 3(96B) AllocSpace objects, 0(0B) LOS objects, 10% free, 136MB/152MB, paused 1.058ms total 43.061ms
08-05 00:54:10.855 12138 12149 I art     : Starting a blocking GC Explicit
08-05 00:54:10.898 12138 12149 I art     : Explicit concurrent mark sweep GC freed 3(96B) AllocSpace objects, 0(0B) LOS objects, 10% free, 136MB/152MB, paused 1.075ms total 42.681ms
08-05 00:54:11.121 23763 23791 I Finsky  : [5855] ktr.run(-1): Stats for Executor: BlockingExecutor kvs@7cda228[Running, pool size = 0, active threads = 0, queued tasks = 0, completed tasks = 43]
08-05 00:54:11.122 23763 23791 I Finsky  : [5855] ktr.run(-1): Stats for Executor: LightweightExecutor kvs@ce66b41[Running, pool size = 4, active threads = 0, queued tasks = 0, completed tasks = 76]
08-05 00:54:11.273 12138 12159 I art     : Starting a blocking GC Explicit
08-05 00:54:11.320 12138 12159 I art     : Explicit concurrent mark sweep GC freed 1636(93KB) AllocSpace objects, 2(36KB) LOS objects, 10% free, 136MB/152MB, paused 1.149ms total 46.990ms
08-05 00:54:11.333 23763 23791 I Finsky  : [5855] ktr.run(-1): Stats for Executor: bgExecutor kvs@80fa8e6[Running, pool size = 4, active threads = 0, queued tasks = 0, completed tasks = 145]
08-05 00:54:11.335 12138 12159 I art     : Starting a blocking GC Explicit
08-05 00:54:11.375 12138 12159 I art     : Explicit concurrent mark sweep GC freed 38(1568B) AllocSpace objects, 0(0B) LOS objects, 10% free, 136MB/152MB, paused 1.050ms total 39.780ms
08-05 00:54:11.389 12138 12159 I art     : Starting a blocking GC Explicit
08-05 00:54:11.431 12138 12159 I art     : Explicit concurrent mark sweep GC freed 3(96B) AllocSpace objects, 0(0B) LOS objects, 10% free, 136MB/152MB, paused 1.077ms total 41.697ms
08-05 00:54:11.446 12138 12159 I art     : Starting a blocking GC Explicit
08-05 00:54:11.487 12138 12159 I art     : Explicit concurrent mark sweep GC freed 3(96B) AllocSpace objects, 0(0B) LOS objects, 10% free, 136MB/152MB, paused 1.078ms total 40.798ms
08-05 00:54:11.501 12138 12159 I art     : Starting a blocking GC Explicit
08-05 00:54:11.538 13643 13643 D AndroidRuntime: >>>>>> START com.android.internal.os.RuntimeInit uid 2000 <<<<<<
08-05 00:54:11.541 12138 12159 I art     : Explicit concurrent mark sweep GC freed 3(96B) AllocSpace objects, 0(0B) LOS objects, 10% free, 136MB/152MB, paused 1.155ms total 40.203ms
08-05 00:54:11.543 13643 13643 D AndroidRuntime: CheckJNI is OFF
08-05 00:54:11.577 13643 13643 D ICU     : No timezone override file found: /data/misc/zoneinfo/current/icu/icu_tzdata.dat
08-05 00:54:11.609 13643 13643 I Radio-JNI: register_android_hardware_Radio DONE
08-05 00:54:11.631 13643 13643 D AndroidRuntime: Calling main entry com.android.commands.input.Input
08-05 00:54:11.633 13643 13643 I Input   : injectKeyEvent: KeyEvent { action=ACTION_DOWN, keyCode=KEYCODE_BACK, scanCode=0, metaState=0, flags=0x0, repeatCount=0, eventTime=752068046, downTime=752068046, deviceId=-1, source=0x101 }
08-05 00:54:11.640 13643 13643 I Input   : injectKeyEvent: KeyEvent { action=ACTION_UP, keyCode=KEYCODE_BACK, scanCode=0, metaState=0, flags=0x0, repeatCount=0, eventTime=752068046, downTime=752068046, deviceId=-1, source=0x101 }
08-05 00:54:11.647 13643 13643 D AndroidRuntime: Shutting down VM
08-05 00:54:11.661 12138 12138 V MainActivity: url = https://project-travel-mate.herokuapp.com/api/number-of-unread-notifications
08-05 00:54:11.701 13866 13866 I GoogleInputMethodServic: GoogleInputMethodService.onFinishInput():3138 
08-05 00:54:11.701 13866 13866 I GoogleInputMethodServic: GoogleInputMethodService.onStartInput():1808 
08-05 00:54:11.858 12138 13058 I art     : Starting a blocking GC Explicit
08-05 00:54:11.899 12138 13058 I art     : Explicit concurrent mark sweep GC freed 2060(113KB) AllocSpace objects, 2(36KB) LOS objects, 10% free, 136MB/152MB, paused 1.128ms total 40.465ms
08-05 00:54:11.914 12138 13058 I art     : Starting a blocking GC Explicit
08-05 00:54:11.954 12138 13058 I art     : Explicit concurrent mark sweep GC freed 90(3KB) AllocSpace objects, 0(0B) LOS objects, 10% free, 136MB/152MB, paused 939us total 39.682ms
08-05 00:54:11.969 12138 13058 I art     : Starting a blocking GC Explicit
08-05 00:54:12.007 12138 13058 I art     : Explicit concurrent mark sweep GC freed 3(96B) AllocSpace objects, 0(0B) LOS objects, 10% free, 136MB/152MB, paused 1.225ms total 37.715ms
08-05 00:54:12.012   380   380 W SurfaceFlinger: couldn't log to binary event log: overflow.
08-05 00:54:12.024 12138 13058 I art     : Starting a blocking GC Explicit
08-05 00:54:12.062 12138 13058 I art     : Explicit concurrent mark sweep GC freed 526(22KB) AllocSpace objects, 0(0B) LOS objects, 10% free, 136MB/152MB, paused 1.086ms total 37.495ms
08-05 00:54:12.075 12138 13058 I art     : Starting a blocking GC Explicit
08-05 00:54:12.115 12138 13058 I art     : Explicit concurrent mark sweep GC freed 133(6KB) AllocSpace objects, 0(0B) LOS objects, 10% free, 136MB/152MB, paused 1.114ms total 39.671ms
08-05 00:54:12.464 12138 12150 I art     : Starting a blocking GC Explicit
08-05 00:54:12.520 12138 12150 I art     : Explicit concurrent mark sweep GC freed 4160(224KB) AllocSpace objects, 4(156KB) LOS objects, 10% free, 136MB/152MB, paused 1.302ms total 55.696ms
08-05 00:54:12.532 12138 13664 I NAPPA_EXPERIMENTATION: MetricNetworkRequestExecutionTime: REQUEST_DURATION_SYSTEM='870',REQUEST_DURATION_OKHTTP='36',REQUEST_SYNCHRONOUS='FALSE',RESPONSE_CODE='200',RESPONSE_METHOD='GET',RESPONSE_LENGTH_OKHTTP='36',RESPONSE_LENGTH_HEADER='36',REQUEST_PROTOCOL='http/1.1',REQUEST_URL='https://project-travel-mate.herokuapp.com/api/number-of-unread-notifications',
08-05 00:54:12.535 12138 12150 I art     : Starting a blocking GC Explicit
08-05 00:54:12.579 12138 12150 I art     : Explicit concurrent mark sweep GC freed 1119(129KB) AllocSpace objects, 1(80KB) LOS objects, 10% free, 136MB/152MB, paused 1.077ms total 43.723ms
08-05 00:54:12.594 12138 12150 I art     : Starting a blocking GC Explicit
08-05 00:54:12.639 12138 12150 I art     : Explicit concurrent mark sweep GC freed 99(4KB) AllocSpace objects, 0(0B) LOS objects, 10% free, 136MB/152MB, paused 1.102ms total 45.022ms
08-05 00:54:12.655 12138 12150 I art     : Starting a blocking GC Explicit
08-05 00:54:12.694 12138 12150 I art     : Explicit concurrent mark sweep GC freed 3(96B) AllocSpace objects, 0(0B) LOS objects, 10% free, 136MB/152MB, paused 1.079ms total 39.274ms
08-05 00:54:12.709 12138 12150 I art     : Starting a blocking GC Explicit
08-05 00:54:12.754 12138 12150 I art     : Explicit concurrent mark sweep GC freed 3(96B) AllocSpace objects, 0(0B) LOS objects, 10% free, 136MB/152MB, paused 1.166ms total 44.920ms
08-05 00:54:12.857  5347  5347 I ServiceManager: Waiting for service AtCmdFwd...
08-05 00:54:13.092 12138 12159 I art     : Starting a blocking GC Explicit
08-05 00:54:13.145 12138 12159 I art     : Explicit concurrent mark sweep GC freed 1623(93KB) AllocSpace objects, 2(36KB) LOS objects, 10% free, 136MB/152MB, paused 1.249ms total 52.371ms
08-05 00:54:13.160 12138 12159 I art     : Starting a blocking GC Explicit
08-05 00:54:13.202 12138 12159 I art     : Explicit concurrent mark sweep GC freed 28(1024B) AllocSpace objects, 0(0B) LOS objects, 10% free, 136MB/152MB, paused 1.123ms total 42.419ms
08-05 00:54:13.217 12138 12159 I art     : Starting a blocking GC Explicit
08-05 00:54:13.258 12138 12159 I art     : Explicit concurrent mark sweep GC freed 3(96B) AllocSpace objects, 0(0B) LOS objects, 10% free, 136MB/152MB, paused 1.205ms total 40.554ms
08-05 00:54:13.272 12138 12159 I art     : Starting a blocking GC Explicit
08-05 00:54:13.316 13686 13686 D AndroidRuntime: >>>>>> START com.android.internal.os.RuntimeInit uid 2000 <<<<<<
08-05 00:54:13.320 12138 12159 I art     : Explicit concurrent mark sweep GC freed 7(224B) AllocSpace objects, 0(0B) LOS objects, 10% free, 136MB/152MB, paused 1.237ms total 47.709ms
08-05 00:54:13.321 13686 13686 D AndroidRuntime: CheckJNI is OFF
08-05 00:54:13.337 12138 12159 I art     : Starting a blocking GC Explicit
08-05 00:54:13.361 13686 13686 D ICU     : No timezone override file found: /data/misc/zoneinfo/current/icu/icu_tzdata.dat
08-05 00:54:13.381 12138 12159 I art     : Explicit concurrent mark sweep GC freed 10(320B) AllocSpace objects, 0(0B) LOS objects, 10% free, 136MB/152MB, paused 1.121ms total 43.056ms
08-05 00:54:13.396 13686 13686 I Radio-JNI: register_android_hardware_Radio DONE
08-05 00:54:13.417 13686 13686 D AndroidRuntime: Calling main entry com.android.commands.input.Input
08-05 00:54:13.419 13686 13686 I Input   : injectMotionEvent: MotionEvent { action=ACTION_DOWN, actionButton=0, id[0]=0, x[0]=657.0, y[0]=2037.0, toolType[0]=TOOL_TYPE_UNKNOWN, buttonState=0, metaState=0, flags=0x0, edgeFlags=0x0, pointerCount=1, historySize=0, eventTime=752069832, downTime=752069832, deviceId=0, source=0x1002 }
08-05 00:54:13.425 13686 13686 I Input   : injectMotionEvent: MotionEvent { action=ACTION_UP, actionButton=0, id[0]=0, x[0]=657.0, y[0]=2037.0, toolType[0]=TOOL_TYPE_UNKNOWN, buttonState=0, metaState=0, flags=0x0, edgeFlags=0x0, pointerCount=1, historySize=0, eventTime=752069832, downTime=752069832, deviceId=0, source=0x1002 }
08-05 00:54:13.427 13686 13686 D AndroidRuntime: Shutting down VM
08-05 00:54:13.434   512  2967 D audio_hw_primary: out_set_parameters: enter: usecase(1: low-latency-playback) kvpairs: routing=2
08-05 00:54:13.435   918  3961 I ActivityManager: START u0 {cmp=baseline.io.github.project_travel_mate/.utilities.CompassActivity} from uid 10674 on display 0
08-05 00:54:13.449   512  2967 D audio_hw_primary: select_devices: out_snd_device(2: speaker) in_snd_device(0: none)
08-05 00:54:13.449   512  2967 D msm8974_platform: platform_send_audio_calibration: sending audio calibration for snd_device(2) acdb_id(15)
08-05 00:54:13.449   512  2967 I soundtrigger: audio_extn_sound_trigger_update_device_status: device 0x2 of type 0 for Event 1
08-05 00:54:13.461   512  2967 D audio_hw_primary: enable_snd_device: snd_device(2: speaker)
08-05 00:54:13.463   512  2967 D audio_hw_primary: enable_audio_route: apply and update mixer path: low-latency-playback speaker
08-05 00:54:13.691 12138 12418 I art     : Starting a blocking GC Explicit
08-05 00:54:13.733 12138 12418 I art     : Explicit concurrent mark sweep GC freed 79(7KB) AllocSpace objects, 0(0B) LOS objects, 7% free, 185MB/201MB, paused 1.251ms total 41.827ms
08-05 00:54:13.748 12138 12418 I art     : Starting a blocking GC Explicit
08-05 00:54:13.788 12138 12418 I art     : Explicit concurrent mark sweep GC freed 3(96B) AllocSpace objects, 0(0B) LOS objects, 7% free, 185MB/201MB, paused 1.226ms total 40.340ms
08-05 00:54:13.802 12138 12418 I art     : Starting a blocking GC Explicit
08-05 00:54:13.841 12138 12418 I art     : Explicit concurrent mark sweep GC freed 6(192B) AllocSpace objects, 0(0B) LOS objects, 7% free, 188MB/204MB, paused 1.199ms total 38.429ms
08-05 00:54:13.854 12138 12418 I art     : Starting a blocking GC Explicit
08-05 00:54:13.858  5347  5347 I ServiceManager: Waiting for service AtCmdFwd...
08-05 00:54:13.866 12138 12138 D CompassActivity: start compass
08-05 00:54:13.867   918  4400 I sensors : batch
08-05 00:54:13.867   918  4400 I sensors : activate
08-05 00:54:13.868   918   928 I sensors : batch
08-05 00:54:13.868   918   928 I sensors : activate
08-05 00:54:13.874   918  3188 I hubconnection: sensorhub said: 'batch 1 flags:0, sampling_rate_Hz:50.00, max_report_latency_us:0'
08-05 00:54:13.875   918  3188 I hubconnection: sensorhub said: 'activate 1 enable:1'
08-05 00:54:13.876   918  3188 I hubconnection: sensorhub said: 'batch 3 flags:0, sampling_rate_Hz:50.00, max_report_latency_us:0'
08-05 00:54:13.878   918  3188 I hubconnection: sensorhub said: 'activate 3 enable:1'
08-05 00:54:13.898 12138 12418 I art     : Explicit concurrent mark sweep GC freed 127(6KB) AllocSpace objects, 0(0B) LOS objects, 7% free, 188MB/204MB, paused 1.128ms total 43.910ms
08-05 00:54:13.913 12138 12418 I art     : Starting a blocking GC Explicit
08-05 00:54:13.953 12138 12418 I art     : Explicit concurrent mark sweep GC freed 99(4KB) AllocSpace objects, 0(0B) LOS objects, 7% free, 188MB/204MB, paused 1.008ms total 39.752ms
08-05 00:54:13.999   512  2967 D audio_hw_primary: disable_audio_route: reset and update mixer path: low-latency-playback speaker
08-05 00:54:14.001   512  2967 D audio_hw_primary: disable_snd_device: snd_device(2: speaker)
08-05 00:54:14.008   512  2967 I soundtrigger: audio_extn_sound_trigger_update_device_status: device 0x2 of type 0 for Event 0
08-05 00:54:14.029 12138 12138 D CompassActivity: will set rotation from 0.0 to 177.93982
08-05 00:54:14.030 12138 12138 D CompassActivity: will set rotation from 177.93982 to 177.94403
08-05 00:54:14.036   918   936 I ActivityManager: Displayed baseline.io.github.project_travel_mate/.utilities.CompassActivity: +585ms
08-05 00:54:14.042 13866 13866 I GoogleInputMethodServic: GoogleInputMethodService.onFinishInput():3138 
08-05 00:54:14.043 13866 13866 I GoogleInputMethodServic: GoogleInputMethodService.onStartInput():1808 
08-05 00:54:14.105 12138 12138 D CompassActivity: will set rotation from 177.94403 to 177.88312
08-05 00:54:14.106 12138 12138 D CompassActivity: will set rotation from 177.88312 to 177.88
08-05 00:54:14.106 12138 12138 D CompassActivity: will set rotation from 177.88 to 178.04169
08-05 00:54:14.106 12138 12138 D CompassActivity: will set rotation from 178.04169 to 178.03607
08-05 00:54:14.106 12138 12138 D CompassActivity: will set rotation from 178.03607 to 178.11298
08-05 00:54:14.106 12138 12138 D CompassActivity: will set rotation from 178.11298 to 178.10541
08-05 00:54:14.106 12138 12138 D CompassActivity: will set rotation from 178.10541 to 178.1532
08-05 00:54:14.106 12138 12138 D CompassActivity: will set rotation from 178.1532 to 178.15894
08-05 00:54:14.130 12138 12138 D CompassActivity: will set rotation from 178.15894 to 177.92761
08-05 00:54:14.130 12138 12138 D CompassActivity: will set rotation from 177.92761 to 177.92926
08-05 00:54:14.136 12138 12138 D CompassActivity: will set rotation from 177.92926 to 177.9162
08-05 00:54:14.136 12138 12138 D CompassActivity: will set rotation from 177.9162 to 177.91888
08-05 00:54:14.156 12138 12138 D CompassActivity: will set rotation from 177.91888 to 177.78503
08-05 00:54:14.156 12138 12138 D CompassActivity: will set rotation from 177.78503 to 177.7854
08-05 00:54:14.176 12138 12138 D CompassActivity: will set rotation from 177.7854 to 177.98938
08-05 00:54:14.176 12138 12138 D CompassActivity: will set rotation from 177.98938 to 177.98645
08-05 00:54:14.196 12138 12138 D CompassActivity: will set rotation from 177.98645 to 177.97778
08-05 00:54:14.197 12138 12138 D CompassActivity: will set rotation from 177.97778 to 177.98352
08-05 00:54:14.216 12138 12138 D CompassActivity: will set rotation from 177.98352 to 177.97363
08-05 00:54:14.216 12138 12138 D CompassActivity: will set rotation from 177.97363 to 177.97522
08-05 00:54:14.236 12138 12138 D CompassActivity: will set rotation from 177.97522 to 178.0567
08-05 00:54:14.236 12138 12138 D CompassActivity: will set rotation from 178.0567 to 178.05109
08-05 00:54:14.255 12138 12138 D CompassActivity: will set rotation from 178.05109 to 178.0393
08-05 00:54:14.256 12138 12138 D CompassActivity: will set rotation from 178.0393 to 178.03845
08-05 00:54:14.265   380   380 W SurfaceFlinger: couldn't log to binary event log: overflow.
08-05 00:54:14.275 12138 12138 D CompassActivity: will set rotation from 178.03845 to 177.98438
08-05 00:54:14.276 12138 12138 D CompassActivity: will set rotation from 177.98438 to 177.98492
08-05 00:54:14.295 12138 12138 D CompassActivity: will set rotation from 177.98492 to 178.06061
08-05 00:54:14.296 12138 12138 D CompassActivity: will set rotation from 178.06061 to 178.06067
08-05 00:54:14.307 12138 13058 I art     : Starting a blocking GC Explicit
08-05 00:54:14.316 12138 12138 D CompassActivity: will set rotation from 178.06067 to 178.08795
08-05 00:54:14.316 12138 12138 D CompassActivity: will set rotation from 178.08795 to 178.08789
08-05 00:54:14.335 12138 12138 D CompassActivity: will set rotation from 178.08789 to 178.11365
08-05 00:54:14.335 12138 12138 D CompassActivity: will set rotation from 178.11365 to 178.11157
08-05 00:54:14.345 12138 13058 I art     : Explicit concurrent mark sweep GC freed 1912(113KB) AllocSpace objects, 2(36KB) LOS objects, 7% free, 188MB/204MB, paused 995us total 37.342ms
08-05 00:54:14.355 12138 12138 D CompassActivity: will set rotation from 178.11157 to 178.057
08-05 00:54:14.356 12138 12138 D CompassActivity: will set rotation from 178.057 to 178.05707
08-05 00:54:14.359 12138 13058 I art     : Starting a blocking GC Explicit
08-05 00:54:14.375 12138 12138 D CompassActivity: will set rotation from 178.05707 to 178.08875
08-05 00:54:14.375 12138 12138 D CompassActivity: will set rotation from 178.08875 to 178.0921
08-05 00:54:14.396 12138 12138 D CompassActivity: will set rotation from 178.0921 to 178.15039
08-05 00:54:14.396 12138 12138 D CompassActivity: will set rotation from 178.15039 to 178.14917
08-05 00:54:14.401 12138 13058 I art     : Explicit concurrent mark sweep GC freed 517(21KB) AllocSpace objects, 0(0B) LOS objects, 7% free, 188MB/204MB, paused 1.245ms total 40.931ms
08-05 00:54:14.418 12138 13058 I art     : Starting a blocking GC Explicit
08-05 00:54:14.455 12138 13058 I art     : Explicit concurrent mark sweep GC freed 81(3KB) AllocSpace objects, 0(0B) LOS objects, 7% free, 188MB/204MB, paused 1.377ms total 37.310ms
08-05 00:54:14.465 12138 12138 D CompassActivity: will set rotation from 178.14917 to 178.2027
08-05 00:54:14.466 12138 12138 D CompassActivity: will set rotation from 178.2027 to 178.2041
08-05 00:54:14.466 12138 12138 D CompassActivity: will set rotation from 178.2041 to 178.24597
08-05 00:54:14.466 12138 12138 D CompassActivity: will set rotation from 178.24597 to 178.24536
08-05 00:54:14.466 12138 12138 D CompassActivity: will set rotation from 178.24536 to 178.22571
08-05 00:54:14.466 12138 12138 D CompassActivity: will set rotation from 178.22571 to 178.22388
08-05 00:54:14.471 12138 13058 I art     : Starting a blocking GC Explicit
08-05 00:54:14.475 12138 12138 D CompassActivity: will set rotation from 178.22388 to 178.17639
08-05 00:54:14.476 12138 12138 D CompassActivity: will set rotation from 178.17639 to 178.17468
08-05 00:54:14.495 12138 12138 D CompassActivity: will set rotation from 178.17468 to 178.13062
08-05 00:54:14.495 12138 12138 D CompassActivity: will set rotation from 178.13062 to 178.13159
08-05 00:54:14.510 12138 13058 I art     : Explicit concurrent mark sweep GC freed 127(7KB) AllocSpace objects, 0(0B) LOS objects, 7% free, 188MB/204MB, paused 1.105ms total 38.396ms
08-05 00:54:14.515 12138 12138 D CompassActivity: will set rotation from 178.13159 to 178.11743
08-05 00:54:14.516 12138 12138 D CompassActivity: will set rotation from 178.11743 to 178.11658
08-05 00:54:14.524 12138 13058 I art     : Starting a blocking GC Explicit
08-05 00:54:14.536 12138 12138 D CompassActivity: will set rotation from 178.11658 to 178.12988
08-05 00:54:14.536 12138 12138 D CompassActivity: will set rotation from 178.12988 to 178.13013
08-05 00:54:14.554 12138 12138 D CompassActivity: will set rotation from 178.13013 to 178.11926
08-05 00:54:14.555 12138 12138 D CompassActivity: will set rotation from 178.11926 to 178.11902
08-05 00:54:14.561 12138 13058 I art     : Explicit concurrent mark sweep GC freed 184(8KB) AllocSpace objects, 0(0B) LOS objects, 7% free, 188MB/204MB, paused 1.078ms total 37.633ms
08-05 00:54:14.574 12138 12138 D CompassActivity: will set rotation from 178.11902 to 178.10925
08-05 00:54:14.575 12138 12138 D CompassActivity: will set rotation from 178.10925 to 178.10736
08-05 00:54:14.594 12138 12138 D CompassActivity: will set rotation from 178.10736 to 178.1236
08-05 00:54:14.595 12138 12138 D CompassActivity: will set rotation from 178.1236 to 178.12329
08-05 00:54:14.614 12138 12138 D CompassActivity: will set rotation from 178.12329 to 178.21411
08-05 00:54:14.615 12138 12138 D CompassActivity: will set rotation from 178.21411 to 178.21527
08-05 00:54:14.635 12138 12138 D CompassActivity: will set rotation from 178.21527 to 178.24664
08-05 00:54:14.635 12138 12138 D CompassActivity: will set rotation from 178.24664 to 178.24689
08-05 00:54:14.655 12138 12138 D CompassActivity: will set rotation from 178.24689 to 178.25635
08-05 00:54:14.655 12138 12138 D CompassActivity: will set rotation from 178.25635 to 178.25677
08-05 00:54:14.675 12138 12138 D CompassActivity: will set rotation from 178.25677 to 178.26337
08-05 00:54:14.675 12138 12138 D CompassActivity: will set rotation from 178.26337 to 178.26154
08-05 00:54:14.695 12138 12138 D CompassActivity: will set rotation from 178.26154 to 178.27124
08-05 00:54:14.696 12138 12138 D CompassActivity: will set rotation from 178.27124 to 178.27124
08-05 00:54:14.714 12138 12138 D CompassActivity: will set rotation from 178.27124 to 178.30164
08-05 00:54:14.715 12138 12138 D CompassActivity: will set rotation from 178.30164 to 178.30054
08-05 00:54:14.734 12138 12138 D CompassActivity: will set rotation from 178.30054 to 178.35065
08-05 00:54:14.735 12138 12138 D CompassActivity: will set rotation from 178.35065 to 178.3493
08-05 00:54:14.756 12138 12138 D CompassActivity: will set rotation from 178.3493 to 178.37128
08-05 00:54:14.756 12138 12138 D CompassActivity: will set rotation from 178.37128 to 178.37396
08-05 00:54:14.774 12138 12138 D CompassActivity: will set rotation from 178.37396 to 178.35364
08-05 00:54:14.775 12138 12138 D CompassActivity: will set rotation from 178.35364 to 178.35352
08-05 00:54:14.794 12138 12138 D CompassActivity: will set rotation from 178.35352 to 178.33435
08-05 00:54:14.794 12138 12138 D CompassActivity: will set rotation from 178.33435 to 178.33228
08-05 00:54:14.814 12138 12138 D CompassActivity: will set rotation from 178.33228 to 178.29614
08-05 00:54:14.815 12138 12138 D CompassActivity: will set rotation from 178.29614 to 178.297
08-05 00:54:14.839 12138 12138 D CompassActivity: will set rotation from 178.297 to 178.31915
08-05 00:54:14.839 12138 12138 D CompassActivity: will set rotation from 178.31915 to 178.32062
08-05 00:54:14.854 12138 12138 D CompassActivity: will set rotation from 178.32062 to 178.32532
08-05 00:54:14.854 12138 12138 D CompassActivity: will set rotation from 178.32532 to 178.323
08-05 00:54:14.858  5347  5347 I ServiceManager: Waiting for service AtCmdFwd...
08-05 00:54:14.873 12138 12138 D CompassActivity: will set rotation from 178.323 to 178.30762
08-05 00:54:14.873 12138 12138 D CompassActivity: will set rotation from 178.30762 to 178.30609
08-05 00:54:14.894 12138 12138 D CompassActivity: will set rotation from 178.30609 to 178.33057
08-05 00:54:14.894 12138 12138 D CompassActivity: will set rotation from 178.33057 to 178.33093
08-05 00:54:14.913 12138 12138 D CompassActivity: will set rotation from 178.33093 to 178.33435
08-05 00:54:14.914 12138 12138 D CompassActivity: will set rotation from 178.33435 to 178.3341
08-05 00:54:14.935 12138 12138 D CompassActivity: will set rotation from 178.3341 to 178.33673
08-05 00:54:14.936 12138 12138 D CompassActivity: will set rotation from 178.33673 to 178.33624
08-05 00:54:14.948 12138 12159 I art     : Starting a blocking GC Explicit
08-05 00:54:14.955 12138 12138 D CompassActivity: will set rotation from 178.33624 to 178.35681
08-05 00:54:14.955 12138 12138 D CompassActivity: will set rotation from 178.35681 to 178.35516
08-05 00:54:14.973 12138 12138 D CompassActivity: will set rotation from 178.35516 to 178.33722
08-05 00:54:14.973 12138 12138 D CompassActivity: will set rotation from 178.33722 to 178.33887
08-05 00:54:14.993 12138 12138 D CompassActivity: will set rotation from 178.33887 to 178.30536
08-05 00:54:14.993 12138 12138 D CompassActivity: will set rotation from 178.30536 to 178.30542
08-05 00:54:15.002 12138 12159 I art     : Explicit concurrent mark sweep GC freed 1988(118KB) AllocSpace objects, 2(36KB) LOS objects, 7% free, 188MB/204MB, paused 1.343ms total 53.514ms
08-05 00:54:15.013 12138 12138 D CompassActivity: will set rotation from 178.30542 to 178.29163
08-05 00:54:15.014 12138 12138 D CompassActivity: will set rotation from 178.29163 to 178.29114
08-05 00:54:15.019 12138 12159 I art     : Starting a blocking GC Explicit
08-05 00:54:15.037 12138 12138 D CompassActivity: will set rotation from 178.29114 to 178.31409
08-05 00:54:15.038 12138 12138 D CompassActivity: will set rotation from 178.31409 to 178.31372
08-05 00:54:15.056 12138 12138 D CompassActivity: will set rotation from 178.31372 to 178.3175
08-05 00:54:15.056 12138 12138 D CompassActivity: will set rotation from 178.3175 to 178.31866
08-05 00:54:15.073 12138 12159 I art     : Explicit concurrent mark sweep GC freed 777(29KB) AllocSpace objects, 0(0B) LOS objects, 7% free, 188MB/204MB, paused 1.228ms total 53.387ms
08-05 00:54:15.075 12138 12138 D CompassActivity: will set rotation from 178.31866 to 178.3421
08-05 00:54:15.075 12138 12138 D CompassActivity: will set rotation from 178.3421 to 178.34467
08-05 00:54:15.090 12138 12159 I art     : Starting a blocking GC Explicit
08-05 00:54:15.094 12138 12138 D CompassActivity: will set rotation from 178.34467 to 178.32843
08-05 00:54:15.095 12138 12138 D CompassActivity: will set rotation from 178.32843 to 178.33069
08-05 00:54:15.113 12138 12138 D CompassActivity: will set rotation from 178.33069 to 178.35223
08-05 00:54:15.114 12138 12138 D CompassActivity: will set rotation from 178.35223 to 178.35199
08-05 00:54:15.137 12138 12138 D CompassActivity: will set rotation from 178.35199 to 178.35046
08-05 00:54:15.139 12138 12138 D CompassActivity: will set rotation from 178.35046 to 178.34973
08-05 00:54:15.143 12138 12159 I art     : Explicit concurrent mark sweep GC freed 160(7KB) AllocSpace objects, 0(0B) LOS objects, 7% free, 188MB/204MB, paused 1.085ms total 52.594ms
08-05 00:54:15.155 12138 12138 D CompassActivity: will set rotation from 178.34973 to 178.37079
08-05 00:54:15.156 12138 12138 D CompassActivity: will set rotation from 178.37079 to 178.37048
08-05 00:54:15.162 12138 12159 I art     : Starting a blocking GC Explicit
08-05 00:54:15.173 12138 12138 D CompassActivity: will set rotation from 178.37048 to 178.37128
08-05 00:54:15.174 12138 12138 D CompassActivity: will set rotation from 178.37128 to 178.37213
08-05 00:54:15.193 12138 12138 D CompassActivity: will set rotation from 178.37213 to 178.37476
08-05 00:54:15.193 12138 12138 D CompassActivity: will set rotation from 178.37476 to 178.37378
08-05 00:54:15.213 12138 12138 D CompassActivity: will set rotation from 178.37378 to 178.37854
08-05 00:54:15.213 12138 12159 I art     : Explicit concurrent mark sweep GC freed 147(7KB) AllocSpace objects, 0(0B) LOS objects, 7% free, 188MB/204MB, paused 1.185ms total 50.993ms
08-05 00:54:15.214 12138 12138 D CompassActivity: will set rotation from 178.37854 to 178.37805
08-05 00:54:15.232 12138 12159 I art     : Starting a blocking GC Explicit
08-05 00:54:15.237 12138 12138 D CompassActivity: will set rotation from 178.37805 to 178.38043
08-05 00:54:15.237 12138 12138 D CompassActivity: will set rotation from 178.38043 to 178.37915
08-05 00:54:15.254 12138 12138 D CompassActivity: will set rotation from 178.37915 to 178.36469
08-05 00:54:15.255 12138 12138 D CompassActivity: will set rotation from 178.36469 to 178.36444
08-05 00:54:15.273 12138 12138 D CompassActivity: will set rotation from 178.36444 to 178.38013
08-05 00:54:15.274 12138 12138 D CompassActivity: will set rotation from 178.38013 to 178.38025
08-05 00:54:15.284 12138 12159 I art     : Explicit concurrent mark sweep GC freed 146(7KB) AllocSpace objects, 0(0B) LOS objects, 7% free, 188MB/204MB, paused 1.260ms total 51.593ms
08-05 00:54:15.292 12138 12138 D CompassActivity: will set rotation from 178.38025 to 178.38245
08-05 00:54:15.293 12138 12138 D CompassActivity: will set rotation from 178.38245 to 178.38422
08-05 00:54:15.313 12138 12138 D CompassActivity: will set rotation from 178.38422 to 178.38635
08-05 00:54:15.314 12138 12138 D CompassActivity: will set rotation from 178.38635 to 178.38782
08-05 00:54:15.332 12138 12138 D CompassActivity: will set rotation from 178.38782 to 178.3562
08-05 00:54:15.333 12138 12138 D CompassActivity: will set rotation from 178.3562 to 178.35516
08-05 00:54:15.355 12138 12138 D CompassActivity: will set rotation from 178.35516 to 178.37231
08-05 00:54:15.355 12138 12138 D CompassActivity: will set rotation from 178.37231 to 178.37207
08-05 00:54:15.372 12138 12138 D CompassActivity: will set rotation from 178.37207 to 178.39374
08-05 00:54:15.372 12138 12138 D CompassActivity: will set rotation from 178.39374 to 178.3927
08-05 00:54:15.391 12138 12138 D CompassActivity: will set rotation from 178.3927 to 178.43048
08-05 00:54:15.392 12138 12138 D CompassActivity: will set rotation from 178.43048 to 178.43018
08-05 00:54:15.412 12138 12138 D CompassActivity: will set rotation from 178.43018 to 178.448
08-05 00:54:15.413 12138 12138 D CompassActivity: will set rotation from 178.448 to 178.44788
08-05 00:54:15.432 12138 12138 D CompassActivity: will set rotation from 178.44788 to 178.44818
08-05 00:54:15.433 12138 12138 D CompassActivity: will set rotation from 178.44818 to 178.448
08-05 00:54:15.457 12138 12138 D CompassActivity: will set rotation from 178.448 to 178.46326
08-05 00:54:15.457 12138 12138 D CompassActivity: will set rotation from 178.46326 to 178.46307
08-05 00:54:15.472 12138 12138 D CompassActivity: will set rotation from 178.46307 to 178.48071
08-05 00:54:15.472 12138 12138 D CompassActivity: will set rotation from 178.48071 to 178.48059
08-05 00:54:15.491 12138 12138 D CompassActivity: will set rotation from 178.48059 to 178.49304
08-05 00:54:15.491 12138 12138 D CompassActivity: will set rotation from 178.49304 to 178.49213
08-05 00:54:15.511 12138 12138 D CompassActivity: will set rotation from 178.49213 to 178.49121
08-05 00:54:15.511 12138 12138 D CompassActivity: will set rotation from 178.49121 to 178.49036
08-05 00:54:15.531 12138 12138 D CompassActivity: will set rotation from 178.49036 to 178.47345
08-05 00:54:15.532 12138 12138 D CompassActivity: will set rotation from 178.47345 to 178.47333
08-05 00:54:15.553 12138 12138 D CompassActivity: will set rotation from 178.47333 to 178.45581
08-05 00:54:15.553 12138 12138 D CompassActivity: will set rotation from 178.45581 to 178.45685
08-05 00:54:15.570 12138 12138 D CompassActivity: will set rotation from 178.45685 to 178.47235
08-05 00:54:15.571 12138 12138 D CompassActivity: will set rotation from 178.47235 to 178.47198
08-05 00:54:15.590 12138 12138 D CompassActivity: will set rotation from 178.47198 to 178.48676
08-05 00:54:15.590 12138 12138 D CompassActivity: will set rotation from 178.48676 to 178.48572
08-05 00:54:15.610 12138 12138 D CompassActivity: will set rotation from 178.48572 to 178.50098
08-05 00:54:15.611 12138 12138 D CompassActivity: will set rotation from 178.50098 to 178.49927
08-05 00:54:15.630 12138 12138 D CompassActivity: will set rotation from 178.49927 to 178.52649
08-05 00:54:15.630 12138 12138 D CompassActivity: will set rotation from 178.52649 to 178.52576
08-05 00:54:15.650 12138 12138 D CompassActivity: will set rotation from 178.52576 to 178.52246
08-05 00:54:15.651 12138 12138 D CompassActivity: will set rotation from 178.52246 to 178.52338
08-05 00:54:15.670 12138 12138 D CompassActivity: will set rotation from 178.52338 to 178.48413
08-05 00:54:15.670 12138 12138 D CompassActivity: will set rotation from 178.48413 to 178.48492
08-05 00:54:15.676   518   646 I ThermalEngine: ACTION: GPU - Setting GPU[0] to 450000000
08-05 00:54:15.690 12138 12138 D CompassActivity: will set rotation from 178.48492 to 178.46442
08-05 00:54:15.690 12138 12138 D CompassActivity: will set rotation from 178.46442 to 178.46405
08-05 00:54:15.704 12138 12149 I art     : Starting a blocking GC Explicit
08-05 00:54:15.710 12138 12138 D CompassActivity: will set rotation from 178.46405 to 178.46399
08-05 00:54:15.710 12138 12138 D CompassActivity: will set rotation from 178.46399 to 178.46259
08-05 00:54:15.730 12138 12138 D CompassActivity: will set rotation from 178.46259 to 178.46338
08-05 00:54:15.730 12138 12138 D CompassActivity: will set rotation from 178.46338 to 178.46405
08-05 00:54:15.750 12138 12138 D CompassActivity: will set rotation from 178.46405 to 178.4596
08-05 00:54:15.751 12138 12138 D CompassActivity: will set rotation from 178.4596 to 178.46027
08-05 00:54:15.757 12138 12149 I art     : Explicit concurrent mark sweep GC freed 2059(122KB) AllocSpace objects, 2(36KB) LOS objects, 7% free, 188MB/204MB, paused 1.297ms total 52.175ms
08-05 00:54:15.771 12138 12138 D CompassActivity: will set rotation from 178.46027 to 178.42493
08-05 00:54:15.771 12138 12138 D CompassActivity: will set rotation from 178.42493 to 178.42365
08-05 00:54:15.776 12138 12149 I art     : Starting a blocking GC Explicit
08-05 00:54:15.791 12138 12138 D CompassActivity: will set rotation from 178.42365 to 178.39124
08-05 00:54:15.791 12138 12138 D CompassActivity: will set rotation from 178.39124 to 178.39172
08-05 00:54:15.811 12138 12138 D CompassActivity: will set rotation from 178.39172 to 178.37708
08-05 00:54:15.811 12138 12138 D CompassActivity: will set rotation from 178.37708 to 178.37787
08-05 00:54:15.831 12138 12138 D CompassActivity: will set rotation from 178.37787 to 178.36511
08-05 00:54:15.834 12138 12138 D CompassActivity: will set rotation from 178.36511 to 178.3664
08-05 00:54:15.835 12138 12149 I art     : Explicit concurrent mark sweep GC freed 785(31KB) AllocSpace objects, 0(0B) LOS objects, 7% free, 188MB/204MB, paused 1.893ms total 58.842ms
08-05 00:54:15.856 12138 12138 D CompassActivity: will set rotation from 178.3664 to 178.33612
08-05 00:54:15.857 12138 12138 D CompassActivity: will set rotation from 178.33612 to 178.33691
08-05 00:54:15.858 12138 12149 I art     : Starting a blocking GC Explicit
08-05 00:54:15.859  5347  5347 I ServiceManager: Waiting for service AtCmdFwd...
08-05 00:54:15.873 12138 12138 D CompassActivity: will set rotation from 178.33691 to 178.33905
08-05 00:54:15.873 12138 12138 D CompassActivity: will set rotation from 178.33905 to 178.33813
08-05 00:54:15.891 12138 12138 D CompassActivity: will set rotation from 178.33813 to 178.35767
08-05 00:54:15.891 12138 12138 D CompassActivity: will set rotation from 178.35767 to 178.35669
08-05 00:54:15.910 12138 12138 D CompassActivity: will set rotation from 178.35669 to 178.35876
08-05 00:54:15.910 12138 12138 D CompassActivity: will set rotation from 178.35876 to 178.35675
08-05 00:54:15.917 12138 12149 I art     : Explicit concurrent mark sweep GC freed 166(8KB) AllocSpace objects, 0(0B) LOS objects, 7% free, 188MB/204MB, paused 1.464ms total 59.131ms
08-05 00:54:15.931 12138 12138 D CompassActivity: will set rotation from 178.35675 to 178.34186
08-05 00:54:15.931 12138 12138 D CompassActivity: will set rotation from 178.34186 to 178.34088
08-05 00:54:15.936 12138 12149 I art     : Starting a blocking GC Explicit
08-05 00:54:15.954 12138 12138 D CompassActivity: will set rotation from 178.34088 to 178.34338
08-05 00:54:15.954 12138 12138 D CompassActivity: will set rotation from 178.34338 to 178.3443
08-05 00:54:15.969 12138 12138 D CompassActivity: will set rotation from 178.3443 to 178.34552
08-05 00:54:15.970 12138 12138 D CompassActivity: will set rotation from 178.34552 to 178.34491
08-05 00:54:15.988 12138 12149 I art     : Explicit concurrent mark sweep GC freed 191(8KB) AllocSpace objects, 0(0B) LOS objects, 7% free, 188MB/204MB, paused 1.383ms total 51.535ms
08-05 00:54:15.989 12138 12138 D CompassActivity: will set rotation from 178.34491 to 178.36273
08-05 00:54:15.989 12138 12138 D CompassActivity: will set rotation from 178.36273 to 178.36206
08-05 00:54:16.007 12138 12149 I art     : Starting a blocking GC Explicit
08-05 00:54:16.009 12138 12138 D CompassActivity: will set rotation from 178.36206 to 178.36469
08-05 00:54:16.010 12138 12138 D CompassActivity: will set rotation from 178.36469 to 178.36444
08-05 00:54:16.029 12138 12138 D CompassActivity: will set rotation from 178.36444 to 178.35132
08-05 00:54:16.030 12138 12138 D CompassActivity: will set rotation from 178.35132 to 178.35034
08-05 00:54:16.049 12138 12138 D CompassActivity: will set rotation from 178.35034 to 178.37024
08-05 00:54:16.050 12138 12138 D CompassActivity: will set rotation from 178.37024 to 178.37006
08-05 00:54:16.058 12138 12149 I art     : Explicit concurrent mark sweep GC freed 203(9KB) AllocSpace objects, 0(0B) LOS objects, 7% free, 188MB/204MB, paused 1.407ms total 50.943ms
08-05 00:54:16.070 12138 12138 D CompassActivity: will set rotation from 178.37006 to 178.35529
08-05 00:54:16.071 12138 12138 D CompassActivity: will set rotation from 178.35529 to 178.35614
08-05 00:54:16.090 12138 12138 D CompassActivity: will set rotation from 178.35614 to 178.34094
08-05 00:54:16.091 12138 12138 D CompassActivity: will set rotation from 178.34094 to 178.34137
08-05 00:54:16.109 12138 12138 D CompassActivity: will set rotation from 178.34137 to 178.30048
08-05 00:54:16.109 12138 12138 D CompassActivity: will set rotation from 178.30048 to 178.30066
08-05 00:54:16.129 12138 12138 D CompassActivity: will set rotation from 178.30066 to 178.3089
08-05 00:54:16.130 12138 12138 D CompassActivity: will set rotation from 178.3089 to 178.30939
08-05 00:54:16.149 12138 12138 D CompassActivity: will set rotation from 178.30939 to 178.32959
08-05 00:54:16.149 12138 12138 D CompassActivity: will set rotation from 178.32959 to 178.3299
08-05 00:54:16.170 12138 12138 D CompassActivity: will set rotation from 178.3299 to 178.318
08-05 00:54:16.171 12138 12138 D CompassActivity: will set rotation from 178.318 to 178.31665
08-05 00:54:16.191 12138 12138 D CompassActivity: will set rotation from 178.31665 to 178.3385
08-05 00:54:16.192 12138 12138 D CompassActivity: will set rotation from 178.3385 to 178.33984
08-05 00:54:16.199 13749 13749 D AndroidRuntime: >>>>>> START com.android.internal.os.RuntimeInit uid 2000 <<<<<<
08-05 00:54:16.208 13749 13749 D AndroidRuntime: CheckJNI is OFF
08-05 00:54:16.211 12138 12138 D CompassActivity: will set rotation from 178.33984 to 178.31311
08-05 00:54:16.211 12138 12138 D CompassActivity: will set rotation from 178.31311 to 178.31543
08-05 00:54:16.228 12138 12138 D CompassActivity: will set rotation from 178.31543 to 178.30194
08-05 00:54:16.229 12138 12138 D CompassActivity: will set rotation from 178.30194 to 178.30261
08-05 00:54:16.248 12138 12138 D CompassActivity: will set rotation from 178.30261 to 178.27393
08-05 00:54:16.248 12138 12138 D CompassActivity: will set rotation from 178.27393 to 178.27454
08-05 00:54:16.249 13749 13749 D ICU     : No timezone override file found: /data/misc/zoneinfo/current/icu/icu_tzdata.dat
08-05 00:54:16.273 12138 12138 D CompassActivity: will set rotation from 178.27454 to 178.3263
08-05 00:54:16.274 12138 12138 D CompassActivity: will set rotation from 178.3263 to 178.3255
08-05 00:54:16.289 12138 12138 D CompassActivity: will set rotation from 178.3255 to 178.32935
08-05 00:54:16.289 12138 12138 D CompassActivity: will set rotation from 178.32935 to 178.32928
08-05 00:54:16.299 13749 13749 I Radio-JNI: register_android_hardware_Radio DONE
08-05 00:54:16.308 12138 12138 D CompassActivity: will set rotation from 178.32928 to 178.3172
08-05 00:54:16.309 12138 12138 D CompassActivity: will set rotation from 178.3172 to 178.31781
08-05 00:54:16.328 12138 12138 D CompassActivity: will set rotation from 178.31781 to 178.2926
08-05 00:54:16.328 13749 13749 D AndroidRuntime: Calling main entry com.android.commands.input.Input
08-05 00:54:16.329 12138 12138 D CompassActivity: will set rotation from 178.2926 to 178.2926
08-05 00:54:16.330 13749 13749 I Input   : injectKeyEvent: KeyEvent { action=ACTION_DOWN, keyCode=KEYCODE_BACK, scanCode=0, metaState=0, flags=0x0, repeatCount=0, eventTime=752072743, downTime=752072743, deviceId=-1, source=0x101 }
08-05 00:54:16.346 13749 13749 I Input   : injectKeyEvent: KeyEvent { action=ACTION_UP, keyCode=KEYCODE_BACK, scanCode=0, metaState=0, flags=0x0, repeatCount=0, eventTime=752072743, downTime=752072743, deviceId=-1, source=0x101 }
08-05 00:54:16.347 12138 12138 D CompassActivity: will set rotation from 178.2926 to 178.29437
08-05 00:54:16.347 12138 12138 D CompassActivity: will set rotation from 178.29437 to 178.29541
08-05 00:54:16.354 13749 13749 D AndroidRuntime: Shutting down VM
08-05 00:54:16.355   918  5132 I sensors : activate
08-05 00:54:16.356   918  6110 I sensors : activate
08-05 00:54:16.360   918  3188 I hubconnection: sensorhub said: 'activate 1 enable:0'
08-05 00:54:16.361   918  3188 I hubconnection: sensorhub said: 'activate 3 enable:0'
08-05 00:54:16.384 12138 12138 V MainActivity: url = https://project-travel-mate.herokuapp.com/api/number-of-unread-notifications
08-05 00:54:16.491 12138 13058 I art     : Starting a blocking GC Explicit
08-05 00:54:16.512 13866 13866 I GoogleInputMethodServic: GoogleInputMethodService.onFinishInput():3138 
08-05 00:54:16.513 13866 13866 I GoogleInputMethodServic: GoogleInputMethodService.onStartInput():1808 
08-05 00:54:16.541 12138 13058 I art     : Explicit concurrent mark sweep GC freed 2347(131KB) AllocSpace objects, 2(36KB) LOS objects, 7% free, 188MB/204MB, paused 1.507ms total 49.632ms
08-05 00:54:16.564 12138 13058 I art     : Starting a blocking GC Explicit
08-05 00:54:16.610 12138 13058 I art     : Explicit concurrent mark sweep GC freed 564(21KB) AllocSpace objects, 0(0B) LOS objects, 7% free, 188MB/204MB, paused 1.285ms total 45.755ms
08-05 00:54:16.628 12138 13058 I art     : Starting a blocking GC Explicit
08-05 00:54:16.674 12138 13058 I art     : Explicit concurrent mark sweep GC freed 7(288B) AllocSpace objects, 0(0B) LOS objects, 7% free, 188MB/204MB, paused 1.499ms total 46.048ms
08-05 00:54:16.692 12138 13058 I art     : Starting a blocking GC Explicit
08-05 00:54:16.739 12138 13058 I art     : Explicit concurrent mark sweep GC freed 3(96B) AllocSpace objects, 0(0B) LOS objects, 7% free, 188MB/204MB, paused 1.489ms total 47.078ms
08-05 00:54:16.757 12138 13058 I art     : Starting a blocking GC Explicit
08-05 00:54:16.784 12138 12138 D CompassActivity: stop compass
08-05 00:54:16.784   380   380 W SurfaceFlinger: couldn't log to binary event log: overflow.
08-05 00:54:16.804 12138 13058 I art     : Explicit concurrent mark sweep GC freed 13(576B) AllocSpace objects, 0(0B) LOS objects, 7% free, 188MB/204MB, paused 1.330ms total 46.374ms
08-05 00:54:16.859  5347  5347 I ServiceManager: Waiting for service AtCmdFwd...
08-05 00:54:16.933 12138 13772 I NAPPA_EXPERIMENTATION: MetricNetworkRequestExecutionTime: REQUEST_DURATION_SYSTEM='548',REQUEST_DURATION_OKHTTP='41',REQUEST_SYNCHRONOUS='FALSE',RESPONSE_CODE='200',RESPONSE_METHOD='GET',RESPONSE_LENGTH_OKHTTP='36',RESPONSE_LENGTH_HEADER='36',REQUEST_PROTOCOL='http/1.1',REQUEST_URL='https://project-travel-mate.herokuapp.com/api/number-of-unread-notifications',
08-05 00:54:17.177 12138 12159 I art     : Starting a blocking GC Explicit
08-05 00:54:17.251 12138 12159 I art     : Explicit concurrent mark sweep GC freed 4455(242KB) AllocSpace objects, 5(236KB) LOS objects, 7% free, 188MB/204MB, paused 1.478ms total 73.497ms
08-05 00:54:17.270 12138 12159 I art     : Starting a blocking GC Explicit
08-05 00:54:17.342 12138 12159 I art     : Explicit concurrent mark sweep GC freed 2235(198KB) AllocSpace objects, 3(52MB) LOS objects, 10% free, 136MB/152MB, paused 1.473ms total 71.789ms
08-05 00:54:17.361 12138 12159 I art     : Starting a blocking GC Explicit
08-05 00:54:17.416 12138 12159 I art     : Explicit concurrent mark sweep GC freed 3(96B) AllocSpace objects, 0(0B) LOS objects, 10% free, 136MB/152MB, paused 1.463ms total 53.939ms
08-05 00:54:17.434   918  3261 D WifiStateMachine: starting scan for "H369AA63323"WPA_PSK with 2412,5180
08-05 00:54:17.435 12138 12159 I art     : Starting a blocking GC Explicit
08-05 00:54:17.489 12138 12159 I art     : Explicit concurrent mark sweep GC freed 3(96B) AllocSpace objects, 0(0B) LOS objects, 10% free, 136MB/152MB, paused 1.461ms total 53.966ms
08-05 00:54:17.508 12138 12159 I art     : Starting a blocking GC Explicit
08-05 00:54:17.561 12138 12159 I art     : Explicit concurrent mark sweep GC freed 3(96B) AllocSpace objects, 0(0B) LOS objects, 10% free, 136MB/152MB, paused 1.454ms total 52.676ms
08-05 00:54:17.859  5347  5347 W Atfwd_Sendcmd: AtCmdFwd service not published, waiting... retryCnt : 4
08-05 00:54:17.966 12138 12418 I art     : Starting a blocking GC Explicit
08-05 00:54:18.027 12138 12418 I art     : Explicit concurrent mark sweep GC freed 1624(93KB) AllocSpace objects, 2(36KB) LOS objects, 10% free, 136MB/152MB, paused 1.455ms total 60.344ms
08-05 00:54:18.046 12138 12418 I art     : Starting a blocking GC Explicit
08-05 00:54:18.092 12138 12418 I art     : Explicit concurrent mark sweep GC freed 32(1152B) AllocSpace objects, 0(0B) LOS objects, 10% free, 136MB/152MB, paused 1.374ms total 46.143ms
08-05 00:54:18.110 12138 12418 I art     : Starting a blocking GC Explicit
08-05 00:54:18.134 13785 13785 D AndroidRuntime: >>>>>> START com.android.internal.os.RuntimeInit uid 2000 <<<<<<
08-05 00:54:18.139 13785 13785 D AndroidRuntime: CheckJNI is OFF
08-05 00:54:18.155 12138 12418 I art     : Explicit concurrent mark sweep GC freed 11(352B) AllocSpace objects, 0(0B) LOS objects, 10% free, 136MB/152MB, paused 1.454ms total 44.756ms
08-05 00:54:18.174 12138 12418 I art     : Starting a blocking GC Explicit
08-05 00:54:18.183 13785 13785 D ICU     : No timezone override file found: /data/misc/zoneinfo/current/icu/icu_tzdata.dat
08-05 00:54:18.224 12138 12418 I art     : Explicit concurrent mark sweep GC freed 12(384B) AllocSpace objects, 0(0B) LOS objects, 10% free, 136MB/152MB, paused 1.462ms total 49.510ms
08-05 00:54:18.224 13785 13785 I Radio-JNI: register_android_hardware_Radio DONE
08-05 00:54:18.243 12138 12418 I art     : Starting a blocking GC Explicit
08-05 00:54:18.255 13785 13785 D AndroidRuntime: Calling main entry com.android.commands.input.Input
08-05 00:54:18.257 13785 13785 I Input   : injectMotionEvent: MotionEvent { action=ACTION_DOWN, actionButton=0, id[0]=0, x[0]=500.0, y[0]=2000.0, toolType[0]=TOOL_TYPE_UNKNOWN, buttonState=0, metaState=0, flags=0x0, edgeFlags=0x0, pointerCount=1, historySize=0, eventTime=752074669, downTime=752074669, deviceId=0, source=0x1002 }
08-05 00:54:18.264 13785 13785 I Input   : injectMotionEvent: MotionEvent { action=ACTION_MOVE, actionButton=0, id[0]=0, x[0]=500.0, y[0]=2000.0, toolType[0]=TOOL_TYPE_UNKNOWN, buttonState=0, metaState=0, flags=0x0, edgeFlags=0x0, pointerCount=1, historySize=0, eventTime=752074669, downTime=752074669, deviceId=0, source=0x1002 }
08-05 00:54:18.270 13785 13785 I Input   : injectMotionEvent: MotionEvent { action=ACTION_MOVE, actionButton=0, id[0]=0, x[0]=500.0, y[0]=1973.4, toolType[0]=TOOL_TYPE_UNKNOWN, buttonState=0, metaState=0, flags=0x0, edgeFlags=0x0, pointerCount=1, historySize=0, eventTime=752074683, downTime=752074683, deviceId=0, source=0x1002 }
08-05 00:54:18.287 13785 13785 I Input   : injectMotionEvent: MotionEvent { action=ACTION_MOVE, actionButton=0, id[0]=0, x[0]=500.0, y[0]=1939.2, toolType[0]=TOOL_TYPE_UNKNOWN, buttonState=0, metaState=0, flags=0x0, edgeFlags=0x0, pointerCount=1, historySize=0, eventTime=752074701, downTime=752074701, deviceId=0, source=0x1002 }
08-05 00:54:18.293 12138 12418 I art     : Explicit concurrent mark sweep GC freed 10(320B) AllocSpace objects, 0(0B) LOS objects, 10% free, 136MB/152MB, paused 1.517ms total 49.918ms
08-05 00:54:18.310 13785 13785 I Input   : injectMotionEvent: MotionEvent { action=ACTION_MOVE, actionButton=0, id[0]=0, x[0]=500.0, y[0]=1895.5, toolType[0]=TOOL_TYPE_UNKNOWN, buttonState=0, metaState=0, flags=0x0, edgeFlags=0x0, pointerCount=1, historySize=0, eventTime=752074724, downTime=752074724, deviceId=0, source=0x1002 }
08-05 00:54:18.322 13785 13785 I Input   : injectMotionEvent: MotionEvent { action=ACTION_MOVE, actionButton=0, id[0]=0, x[0]=500.0, y[0]=1874.6, toolType[0]=TOOL_TYPE_UNKNOWN, buttonState=0, metaState=0, flags=0x0, edgeFlags=0x0, pointerCount=1, historySize=0, eventTime=752074735, downTime=752074735, deviceId=0, source=0x1002 }
08-05 00:54:18.336 13785 13785 I Input   : injectMotionEvent: MotionEvent { action=ACTION_MOVE, actionButton=0, id[0]=0, x[0]=500.0, y[0]=1848.0, toolType[0]=TOOL_TYPE_UNKNOWN, buttonState=0, metaState=0, flags=0x0, edgeFlags=0x0, pointerCount=1, historySize=0, eventTime=752074749, downTime=752074749, deviceId=0, source=0x1002 }
08-05 00:54:18.353 13785 13785 I Input   : injectMotionEvent: MotionEvent { action=ACTION_MOVE, actionButton=0, id[0]=0, x[0]=500.0, y[0]=1815.7, toolType[0]=TOOL_TYPE_UNKNOWN, buttonState=0, metaState=0, flags=0x0, edgeFlags=0x0, pointerCount=1, historySize=0, eventTime=752074766, downTime=752074766, deviceId=0, source=0x1002 }
08-05 00:54:18.369 13785 13785 I Input   : injectMotionEvent: MotionEvent { action=ACTION_MOVE, actionButton=0, id[0]=0, x[0]=500.0, y[0]=1783.4, toolType[0]=TOOL_TYPE_UNKNOWN, buttonState=0, metaState=0, flags=0x0, edgeFlags=0x0, pointerCount=1, historySize=0, eventTime=752074783, downTime=752074783, deviceId=0, source=0x1002 }
08-05 00:54:18.386 13785 13785 I Input   : injectMotionEvent: MotionEvent { action=ACTION_MOVE, actionButton=0, id[0]=0, x[0]=500.0, y[0]=1753.0, toolType[0]=TOOL_TYPE_UNKNOWN, buttonState=0, metaState=0, flags=0x0, edgeFlags=0x0, pointerCount=1, historySize=0, eventTime=752074799, downTime=752074799, deviceId=0, source=0x1002 }
08-05 00:54:18.403 13785 13785 I Input   : injectMotionEvent: MotionEvent { action=ACTION_MOVE, actionButton=0, id[0]=0, x[0]=500.0, y[0]=1720.7, toolType[0]=TOOL_TYPE_UNKNOWN, buttonState=0, metaState=0, flags=0x0, edgeFlags=0x0, pointerCount=1, historySize=0, eventTime=752074816, downTime=752074816, deviceId=0, source=0x1002 }
08-05 00:54:18.420 13785 13785 I Input   : injectMotionEvent: MotionEvent { action=ACTION_MOVE, actionButton=0, id[0]=0, x[0]=500.0, y[0]=1688.4, toolType[0]=TOOL_TYPE_UNKNOWN, buttonState=0, metaState=0, flags=0x0, edgeFlags=0x0, pointerCount=1, historySize=0, eventTime=752074833, downTime=752074833, deviceId=0, source=0x1002 }
08-05 00:54:18.437 13785 13785 I Input   : injectMotionEvent: MotionEvent { action=ACTION_MOVE, actionButton=0, id[0]=0, x[0]=500.0, y[0]=1656.1, toolType[0]=TOOL_TYPE_UNKNOWN, buttonState=0, metaState=0, flags=0x0, edgeFlags=0x0, pointerCount=1, historySize=0, eventTime=752074850, downTime=752074850, deviceId=0, source=0x1002 }
08-05 00:54:18.455 13785 13785 I Input   : injectMotionEvent: MotionEvent { action=ACTION_MOVE, actionButton=0, id[0]=0, x[0]=500.0, y[0]=1621.9, toolType[0]=TOOL_TYPE_UNKNOWN, buttonState=0, metaState=0, flags=0x0, edgeFlags=0x0, pointerCount=1, historySize=0, eventTime=752074868, downTime=752074868, deviceId=0, source=0x1002 }
08-05 00:54:18.471 13785 13785 I Input   : injectMotionEvent: MotionEvent { action=ACTION_MOVE, actionButton=0, id[0]=0, x[0]=500.0, y[0]=1591.5, toolType[0]=TOOL_TYPE_UNKNOWN, buttonState=0, metaState=0, flags=0x0, edgeFlags=0x0, pointerCount=1, historySize=0, eventTime=752074884, downTime=752074884, deviceId=0, source=0x1002 }
08-05 00:54:18.490 13785 13785 I Input   : injectMotionEvent: MotionEvent { action=ACTION_MOVE, actionButton=0, id[0]=0, x[0]=500.0, y[0]=1555.4, toolType[0]=TOOL_TYPE_UNKNOWN, buttonState=0, metaState=0, flags=0x0, edgeFlags=0x0, pointerCount=1, historySize=0, eventTime=752074903, downTime=752074903, deviceId=0, source=0x1002 }
08-05 00:54:18.503 13785 13785 I Input   : injectMotionEvent: MotionEvent { action=ACTION_MOVE, actionButton=0, id[0]=0, x[0]=500.0, y[0]=1528.8, toolType[0]=TOOL_TYPE_UNKNOWN, buttonState=0, metaState=0, flags=0x0, edgeFlags=0x0, pointerCount=1, historySize=0, eventTime=752074917, downTime=752074917, deviceId=0, source=0x1002 }
08-05 00:54:18.520 13785 13785 I Input   : injectMotionEvent: MotionEvent { action=ACTION_MOVE, actionButton=0, id[0]=0, x[0]=500.0, y[0]=1498.4, toolType[0]=TOOL_TYPE_UNKNOWN, buttonState=0, metaState=0, flags=0x0, edgeFlags=0x0, pointerCount=1, historySize=0, eventTime=752074933, downTime=752074933, deviceId=0, source=0x1002 }
08-05 00:54:18.537 13785 13785 I Input   : injectMotionEvent: MotionEvent { action=ACTION_MOVE, actionButton=0, id[0]=0, x[0]=500.0, y[0]=1466.1001, toolType[0]=TOOL_TYPE_UNKNOWN, buttonState=0, metaState=0, flags=0x0, edgeFlags=0x0, pointerCount=1, historySize=0, eventTime=752074950, downTime=752074950, deviceId=0, source=0x1002 }
08-05 00:54:18.556 13785 13785 I Input   : injectMotionEvent: MotionEvent { action=ACTION_MOVE, actionButton=0, id[0]=0, x[0]=500.0, y[0]=1430.0, toolType[0]=TOOL_TYPE_UNKNOWN, buttonState=0, metaState=0, flags=0x0, edgeFlags=0x0, pointerCount=1, historySize=0, eventTime=752074969, downTime=752074969, deviceId=0, source=0x1002 }
08-05 00:54:18.572 13785 13785 I Input   : injectMotionEvent: MotionEvent { action=ACTION_MOVE, actionButton=0, id[0]=0, x[0]=500.0, y[0]=1399.6, toolType[0]=TOOL_TYPE_UNKNOWN, buttonState=0, metaState=0, flags=0x0, edgeFlags=0x0, pointerCount=1, historySize=0, eventTime=752074985, downTime=752074985, deviceId=0, source=0x1002 }
08-05 00:54:18.587 13785 13785 I Input   : injectMotionEvent: MotionEvent { action=ACTION_MOVE, actionButton=0, id[0]=0, x[0]=500.0, y[0]=1371.1, toolType[0]=TOOL_TYPE_UNKNOWN, buttonState=0, metaState=0, flags=0x0, edgeFlags=0x0, pointerCount=1, historySize=0, eventTime=752075000, downTime=752075000, deviceId=0, source=0x1002 }
08-05 00:54:18.604 13785 13785 I Input   : injectMotionEvent: MotionEvent { action=ACTION_MOVE, actionButton=0, id[0]=0, x[0]=500.0, y[0]=1338.8, toolType[0]=TOOL_TYPE_UNKNOWN, buttonState=0, metaState=0, flags=0x0, edgeFlags=0x0, pointerCount=1, historySize=0, eventTime=752075017, downTime=752075017, deviceId=0, source=0x1002 }
08-05 00:54:18.620 13785 13785 I Input   : injectMotionEvent: MotionEvent { action=ACTION_MOVE, actionButton=0, id[0]=0, x[0]=500.0, y[0]=1306.5, toolType[0]=TOOL_TYPE_UNKNOWN, buttonState=0, metaState=0, flags=0x0, edgeFlags=0x0, pointerCount=1, historySize=0, eventTime=752075034, downTime=752075034, deviceId=0, source=0x1002 }
08-05 00:54:18.637 13785 13785 I Input   : injectMotionEvent: MotionEvent { action=ACTION_MOVE, actionButton=0, id[0]=0, x[0]=500.0, y[0]=1276.1, toolType[0]=TOOL_TYPE_UNKNOWN, buttonState=0, metaState=0, flags=0x0, edgeFlags=0x0, pointerCount=1, historySize=0, eventTime=752075050, downTime=752075050, deviceId=0, source=0x1002 }
08-05 00:54:18.653 13785 13785 I Input   : injectMotionEvent: MotionEvent { action=ACTION_MOVE, actionButton=0, id[0]=0, x[0]=500.0, y[0]=1243.8, toolType[0]=TOOL_TYPE_UNKNOWN, buttonState=0, metaState=0, flags=0x0, edgeFlags=0x0, pointerCount=1, historySize=0, eventTime=752075067, downTime=752075067, deviceId=0, source=0x1002 }
08-05 00:54:18.672 13785 13785 I Input   : injectMotionEvent: MotionEvent { action=ACTION_MOVE, actionButton=0, id[0]=0, x[0]=500.0, y[0]=1207.7, toolType[0]=TOOL_TYPE_UNKNOWN, buttonState=0, metaState=0, flags=0x0, edgeFlags=0x0, pointerCount=1, historySize=0, eventTime=752075086, downTime=752075086, deviceId=0, source=0x1002 }
08-05 00:54:18.677 12138 12159 I art     : Starting a blocking GC Explicit
08-05 00:54:18.728 12138 12159 I art     : Explicit concurrent mark sweep GC freed 1663(95KB) AllocSpace objects, 2(36KB) LOS objects, 10% free, 136MB/152MB, paused 1.657ms total 50.961ms
08-05 00:54:18.747 13785 13785 I Input   : injectMotionEvent: MotionEvent { action=ACTION_MOVE, actionButton=0, id[0]=0, x[0]=500.0, y[0]=1067.1001, toolType[0]=TOOL_TYPE_UNKNOWN, buttonState=0, metaState=0, flags=0x0, edgeFlags=0x0, pointerCount=1, historySize=0, eventTime=752075160, downTime=752075160, deviceId=0, source=0x1002 }
08-05 00:54:18.752 12138 12159 I art     : Starting a blocking GC Explicit
08-05 00:54:18.798 12138 12159 I art     : Explicit concurrent mark sweep GC freed 59(2528B) AllocSpace objects, 0(0B) LOS objects, 10% free, 136MB/152MB, paused 1.602ms total 46.370ms
08-05 00:54:18.806 13785 13785 I Input   : injectMotionEvent: MotionEvent { action=ACTION_MOVE, actionButton=0, id[0]=0, x[0]=500.0, y[0]=953.1, toolType[0]=TOOL_TYPE_UNKNOWN, buttonState=0, metaState=0, flags=0x0, edgeFlags=0x0, pointerCount=1, historySize=0, eventTime=752075220, downTime=752075220, deviceId=0, source=0x1002 }
08-05 00:54:18.817 12138 12159 I art     : Starting a blocking GC Explicit
08-05 00:54:18.863 12138 12159 I art     : Explicit concurrent mark sweep GC freed 3(96B) AllocSpace objects, 0(0B) LOS objects, 10% free, 136MB/152MB, paused 1.565ms total 46.418ms
08-05 00:54:18.872 13785 13785 I Input   : injectMotionEvent: MotionEvent { action=ACTION_MOVE, actionButton=0, id[0]=0, x[0]=500.0, y[0]=827.7001, toolType[0]=TOOL_TYPE_UNKNOWN, buttonState=0, metaState=0, flags=0x0, edgeFlags=0x0, pointerCount=1, historySize=0, eventTime=752075286, downTime=752075286, deviceId=0, source=0x1002 }
08-05 00:54:18.882 12138 12159 I art     : Starting a blocking GC Explicit
08-05 00:54:18.933 12138 12159 I art     : Explicit concurrent mark sweep GC freed 3(96B) AllocSpace objects, 0(0B) LOS objects, 10% free, 136MB/152MB, paused 1.590ms total 50.423ms
08-05 00:54:18.934 13785 13785 I Input   : injectMotionEvent: MotionEvent { action=ACTION_MOVE, actionButton=0, id[0]=0, x[0]=500.0, y[0]=711.80005, toolType[0]=TOOL_TYPE_UNKNOWN, buttonState=0, metaState=0, flags=0x0, edgeFlags=0x0, pointerCount=1, historySize=0, eventTime=752075347, downTime=752075347, deviceId=0, source=0x1002 }
08-05 00:54:18.951 12138 12159 I art     : Starting a blocking GC Explicit
08-05 00:54:18.998 13785 13785 I Input   : injectMotionEvent: MotionEvent { action=ACTION_MOVE, actionButton=0, id[0]=0, x[0]=500.0, y[0]=590.2001, toolType[0]=TOOL_TYPE_UNKNOWN, buttonState=0, metaState=0, flags=0x0, edgeFlags=0x0, pointerCount=1, historySize=0, eventTime=752075411, downTime=752075411, deviceId=0, source=0x1002 }
08-05 00:54:19.002 12138 12159 I art     : Explicit concurrent mark sweep GC freed 3(96B) AllocSpace objects, 0(0B) LOS objects, 10% free, 136MB/152MB, paused 1.391ms total 50.989ms
08-05 00:54:19.057 13785 13785 I Input   : injectMotionEvent: MotionEvent { action=ACTION_MOVE, actionButton=0, id[0]=0, x[0]=500.0, y[0]=478.09998, toolType[0]=TOOL_TYPE_UNKNOWN, buttonState=0, metaState=0, flags=0x0, edgeFlags=0x0, pointerCount=1, historySize=0, eventTime=752075470, downTime=752075470, deviceId=0, source=0x1002 }
08-05 00:54:19.113 13785 13785 I Input   : injectMotionEvent: MotionEvent { action=ACTION_MOVE, actionButton=0, id[0]=0, x[0]=500.0, y[0]=371.70007, toolType[0]=TOOL_TYPE_UNKNOWN, buttonState=0, metaState=0, flags=0x0, edgeFlags=0x0, pointerCount=1, historySize=0, eventTime=752075526, downTime=752075526, deviceId=0, source=0x1002 }
08-05 00:54:19.199 13785 13785 I Input   : injectMotionEvent: MotionEvent { action=ACTION_MOVE, actionButton=0, id[0]=0, x[0]=500.0, y[0]=208.29993, toolType[0]=TOOL_TYPE_UNKNOWN, buttonState=0, metaState=0, flags=0x0, edgeFlags=0x0, pointerCount=1, historySize=0, eventTime=752075612, downTime=752075612, deviceId=0, source=0x1002 }
08-05 00:54:19.237 13785 13785 I Input   : injectMotionEvent: MotionEvent { action=ACTION_MOVE, actionButton=0, id[0]=0, x[0]=500.0, y[0]=136.09998, toolType[0]=TOOL_TYPE_UNKNOWN, buttonState=0, metaState=0, flags=0x0, edgeFlags=0x0, pointerCount=1, historySize=0, eventTime=752075650, downTime=752075650, deviceId=0, source=0x1002 }
08-05 00:54:19.276 13785 13785 I Input   : injectMotionEvent: MotionEvent { action=ACTION_UP, actionButton=0, id[0]=0, x[0]=500.0, y[0]=100.0, toolType[0]=TOOL_TYPE_UNKNOWN, buttonState=0, metaState=0, flags=0x0, edgeFlags=0x0, pointerCount=1, historySize=0, eventTime=752075689, downTime=752075689, deviceId=0, source=0x1002 }
08-05 00:54:19.312 13785 13785 D AndroidRuntime: Shutting down VM
08-05 00:54:19.394 12138 13058 I art     : Starting a blocking GC Explicit
08-05 00:54:19.440 12138 13058 I art     : Explicit concurrent mark sweep GC freed 1647(93KB) AllocSpace objects, 2(36KB) LOS objects, 10% free, 136MB/152MB, paused 1.533ms total 46.122ms
08-05 00:54:19.458 12138 13058 I art     : Starting a blocking GC Explicit
08-05 00:54:19.504 12138 13058 I art     : Explicit concurrent mark sweep GC freed 28(1024B) AllocSpace objects, 0(0B) LOS objects, 10% free, 136MB/152MB, paused 1.381ms total 45.601ms
08-05 00:54:19.524 12138 13058 I art     : Starting a blocking GC Explicit
08-05 00:54:19.573 12138 13058 I art     : Explicit concurrent mark sweep GC freed 4(128B) AllocSpace objects, 0(0B) LOS objects, 10% free, 136MB/152MB, paused 1.331ms total 49.512ms
08-05 00:54:19.594 12138 13058 I art     : Starting a blocking GC Explicit
08-05 00:54:19.638 12138 13058 I art     : Explicit concurrent mark sweep GC freed 3(96B) AllocSpace objects, 0(0B) LOS objects, 10% free, 136MB/152MB, paused 1.383ms total 43.925ms
08-05 00:54:19.657 12138 13058 I art     : Starting a blocking GC Explicit
08-05 00:54:19.701 12138 13058 I art     : Explicit concurrent mark sweep GC freed 4(128B) AllocSpace objects, 0(0B) LOS objects, 10% free, 136MB/152MB, paused 1.324ms total 43.962ms
08-05 00:54:20.052 13836 13836 D AndroidRuntime: >>>>>> START com.android.internal.os.RuntimeInit uid 2000 <<<<<<
08-05 00:54:20.057 13836 13836 D AndroidRuntime: CheckJNI is OFF
08-05 00:54:20.072 12138 12159 I art     : Starting a blocking GC Explicit
08-05 00:54:20.095 13836 13836 D ICU     : No timezone override file found: /data/misc/zoneinfo/current/icu/icu_tzdata.dat
08-05 00:54:20.123 12138 12159 I art     : Explicit concurrent mark sweep GC freed 1642(93KB) AllocSpace objects, 2(36KB) LOS objects, 10% free, 136MB/152MB, paused 1.323ms total 50.820ms
08-05 00:54:20.133 13836 13836 I Radio-JNI: register_android_hardware_Radio DONE
08-05 00:54:20.141 12138 12159 I art     : Starting a blocking GC Explicit
08-05 00:54:20.160 13836 13836 D AndroidRuntime: Calling main entry com.android.commands.input.Input
08-05 00:54:20.162 13836 13836 I Input   : injectMotionEvent: MotionEvent { action=ACTION_DOWN, actionButton=0, id[0]=0, x[0]=500.0, y[0]=2000.0, toolType[0]=TOOL_TYPE_UNKNOWN, buttonState=0, metaState=0, flags=0x0, edgeFlags=0x0, pointerCount=1, historySize=0, eventTime=752076575, downTime=752076575, deviceId=0, source=0x1002 }
08-05 00:54:20.179 13836 13836 I Input   : injectMotionEvent: MotionEvent { action=ACTION_MOVE, actionButton=0, id[0]=0, x[0]=500.0, y[0]=2000.0, toolType[0]=TOOL_TYPE_UNKNOWN, buttonState=0, metaState=0, flags=0x0, edgeFlags=0x0, pointerCount=1, historySize=0, eventTime=752076575, downTime=752076575, deviceId=0, source=0x1002 }
08-05 00:54:20.189 12138 12159 I art     : Explicit concurrent mark sweep GC freed 38(1568B) AllocSpace objects, 0(0B) LOS objects, 10% free, 136MB/152MB, paused 1.305ms total 47.023ms
08-05 00:54:20.191 13836 13836 I Input   : injectMotionEvent: MotionEvent { action=ACTION_MOVE, actionButton=0, id[0]=0, x[0]=500.0, y[0]=1944.9, toolType[0]=TOOL_TYPE_UNKNOWN, buttonState=0, metaState=0, flags=0x0, edgeFlags=0x0, pointerCount=1, historySize=0, eventTime=752076604, downTime=752076604, deviceId=0, source=0x1002 }
08-05 00:54:20.205 13836 13836 I Input   : injectMotionEvent: MotionEvent { action=ACTION_MOVE, actionButton=0, id[0]=0, x[0]=500.0, y[0]=1918.3, toolType[0]=TOOL_TYPE_UNKNOWN, buttonState=0, metaState=0, flags=0x0, edgeFlags=0x0, pointerCount=1, historySize=0, eventTime=752076618, downTime=752076618, deviceId=0, source=0x1002 }
08-05 00:54:20.207 12138 12159 I art     : Starting a blocking GC Explicit
08-05 00:54:20.223 13836 13836 I Input   : injectMotionEvent: MotionEvent { action=ACTION_MOVE, actionButton=0, id[0]=0, x[0]=500.0, y[0]=1884.1, toolType[0]=TOOL_TYPE_UNKNOWN, buttonState=0, metaState=0, flags=0x0, edgeFlags=0x0, pointerCount=1, historySize=0, eventTime=752076636, downTime=752076636, deviceId=0, source=0x1002 }
08-05 00:54:20.259 12138 12159 I art     : Explicit concurrent mark sweep GC freed 16(512B) AllocSpace objects, 0(0B) LOS objects, 10% free, 136MB/152MB, paused 1.355ms total 51.940ms
08-05 00:54:20.278 12138 12159 I art     : Starting a blocking GC Explicit
08-05 00:54:20.327 12138 12159 I art     : Explicit concurrent mark sweep GC freed 3(96B) AllocSpace objects, 0(0B) LOS objects, 10% free, 136MB/152MB, paused 1.547ms total 49.004ms
08-05 00:54:20.330 13836 13836 I Input   : injectMotionEvent: MotionEvent { action=ACTION_MOVE, actionButton=0, id[0]=0, x[0]=500.0, y[0]=1680.8, toolType[0]=TOOL_TYPE_UNKNOWN, buttonState=0, metaState=0, flags=0x0, edgeFlags=0x0, pointerCount=1, historySize=0, eventTime=752076743, downTime=752076743, deviceId=0, source=0x1002 }
08-05 00:54:20.346 12138 12159 I art     : Starting a blocking GC Explicit
08-05 00:54:20.369 13836 13836 I Input   : injectMotionEvent: MotionEvent { action=ACTION_MOVE, actionButton=0, id[0]=0, x[0]=500.0, y[0]=1606.7, toolType[0]=TOOL_TYPE_UNKNOWN, buttonState=0, metaState=0, flags=0x0, edgeFlags=0x0, pointerCount=1, historySize=0, eventTime=752076782, downTime=752076782, deviceId=0, source=0x1002 }
08-05 00:54:20.394 12138 12159 I art     : Explicit concurrent mark sweep GC freed 9(288B) AllocSpace objects, 0(0B) LOS objects, 10% free, 136MB/152MB, paused 1.544ms total 47.707ms
08-05 00:54:20.409 13836 13836 I Input   : injectMotionEvent: MotionEvent { action=ACTION_MOVE, actionButton=0, id[0]=0, x[0]=500.0, y[0]=1530.7, toolType[0]=TOOL_TYPE_UNKNOWN, buttonState=0, metaState=0, flags=0x0, edgeFlags=0x0, pointerCount=1, historySize=0, eventTime=752076822, downTime=752076822, deviceId=0, source=0x1002 }
08-05 00:54:20.446 13836 13836 I Input   : injectMotionEvent: MotionEvent { action=ACTION_MOVE, actionButton=0, id[0]=0, x[0]=500.0, y[0]=1460.3999, toolType[0]=TOOL_TYPE_UNKNOWN, buttonState=0, metaState=0, flags=0x0, edgeFlags=0x0, pointerCount=1, historySize=0, eventTime=752076859, downTime=752076859, deviceId=0, source=0x1002 }
08-05 00:54:20.481 13836 13836 I Input   : injectMotionEvent: MotionEvent { action=ACTION_MOVE, actionButton=0, id[0]=0, x[0]=500.0, y[0]=1393.8999, toolType[0]=TOOL_TYPE_UNKNOWN, buttonState=0, metaState=0, flags=0x0, edgeFlags=0x0, pointerCount=1, historySize=0, eventTime=752076894, downTime=752076894, deviceId=0, source=0x1002 }
08-05 00:54:20.516 13836 13836 I Input   : injectMotionEvent: MotionEvent { action=ACTION_MOVE, actionButton=0, id[0]=0, x[0]=500.0, y[0]=1327.4, toolType[0]=TOOL_TYPE_UNKNOWN, buttonState=0, metaState=0, flags=0x0, edgeFlags=0x0, pointerCount=1, historySize=0, eventTime=752076929, downTime=752076929, deviceId=0, source=0x1002 }
08-05 00:54:20.550 13836 13836 I Input   : injectMotionEvent: MotionEvent { action=ACTION_MOVE, actionButton=0, id[0]=0, x[0]=500.0, y[0]=1262.8, toolType[0]=TOOL_TYPE_UNKNOWN, buttonState=0, metaState=0, flags=0x0, edgeFlags=0x0, pointerCount=1, historySize=0, eventTime=752076963, downTime=752076963, deviceId=0, source=0x1002 }
08-05 00:54:20.585 13836 13836 I Input   : injectMotionEvent: MotionEvent { action=ACTION_MOVE, actionButton=0, id[0]=0, x[0]=500.0, y[0]=1194.4, toolType[0]=TOOL_TYPE_UNKNOWN, buttonState=0, metaState=0, flags=0x0, edgeFlags=0x0, pointerCount=1, historySize=0, eventTime=752076999, downTime=752076999, deviceId=0, source=0x1002 }
08-05 00:54:20.621 13836 13836 I Input   : injectMotionEvent: MotionEvent { action=ACTION_MOVE, actionButton=0, id[0]=0, x[0]=500.0, y[0]=1127.9, toolType[0]=TOOL_TYPE_UNKNOWN, buttonState=0, metaState=0, flags=0x0, edgeFlags=0x0, pointerCount=1, historySize=0, eventTime=752077034, downTime=752077034, deviceId=0, source=0x1002 }
08-05 00:54:20.659 13836 13836 I Input   : injectMotionEvent: MotionEvent { action=ACTION_MOVE, actionButton=0, id[0]=0, x[0]=500.0, y[0]=1055.7, toolType[0]=TOOL_TYPE_UNKNOWN, buttonState=0, metaState=0, flags=0x0, edgeFlags=0x0, pointerCount=1, historySize=0, eventTime=752077072, downTime=752077072, deviceId=0, source=0x1002 }
08-05 00:54:20.695 13836 13836 I Input   : injectMotionEvent: MotionEvent { action=ACTION_MOVE, actionButton=0, id[0]=0, x[0]=500.0, y[0]=985.4, toolType[0]=TOOL_TYPE_UNKNOWN, buttonState=0, metaState=0, flags=0x0, edgeFlags=0x0, pointerCount=1, historySize=0, eventTime=752077109, downTime=752077109, deviceId=0, source=0x1002 }
08-05 00:54:20.735 13836 13836 I Input   : injectMotionEvent: MotionEvent { action=ACTION_MOVE, actionButton=0, id[0]=0, x[0]=500.0, y[0]=911.2999, toolType[0]=TOOL_TYPE_UNKNOWN, buttonState=0, metaState=0, flags=0x0, edgeFlags=0x0, pointerCount=1, historySize=0, eventTime=752077148, downTime=752077148, deviceId=0, source=0x1002 }
08-05 00:54:20.773 13836 13836 I Input   : injectMotionEvent: MotionEvent { action=ACTION_MOVE, actionButton=0, id[0]=0, x[0]=500.0, y[0]=837.2001, toolType[0]=TOOL_TYPE_UNKNOWN, buttonState=0, metaState=0, flags=0x0, edgeFlags=0x0, pointerCount=1, historySize=0, eventTime=752077187, downTime=752077187, deviceId=0, source=0x1002 }
08-05 00:54:20.787 12138 12418 I art     : Starting a blocking GC Explicit
08-05 00:54:20.809 13836 13836 I Input   : injectMotionEvent: MotionEvent { action=ACTION_MOVE, actionButton=0, id[0]=0, x[0]=500.0, y[0]=770.69995, toolType[0]=TOOL_TYPE_UNKNOWN, buttonState=0, metaState=0, flags=0x0, edgeFlags=0x0, pointerCount=1, historySize=0, eventTime=752077222, downTime=752077222, deviceId=0, source=0x1002 }
08-05 00:54:20.839 12138 12418 I art     : Explicit concurrent mark sweep GC freed 1585(92KB) AllocSpace objects, 2(36KB) LOS objects, 10% free, 136MB/152MB, paused 1.590ms total 51.389ms
08-05 00:54:20.847 13836 13836 I Input   : injectMotionEvent: MotionEvent { action=ACTION_MOVE, actionButton=0, id[0]=0, x[0]=500.0, y[0]=696.6, toolType[0]=TOOL_TYPE_UNKNOWN, buttonState=0, metaState=0, flags=0x0, edgeFlags=0x0, pointerCount=1, historySize=0, eventTime=752077261, downTime=752077261, deviceId=0, source=0x1002 }
08-05 00:54:20.857 12138 12418 I art     : Starting a blocking GC Explicit
08-05 00:54:20.886 13836 13836 I Input   : injectMotionEvent: MotionEvent { action=ACTION_MOVE, actionButton=0, id[0]=0, x[0]=500.0, y[0]=624.4, toolType[0]=TOOL_TYPE_UNKNOWN, buttonState=0, metaState=0, flags=0x0, edgeFlags=0x0, pointerCount=1, historySize=0, eventTime=752077299, downTime=752077299, deviceId=0, source=0x1002 }
08-05 00:54:20.904 12138 12418 I art     : Explicit concurrent mark sweep GC freed 32(1152B) AllocSpace objects, 0(0B) LOS objects, 10% free, 136MB/152MB, paused 1.363ms total 47.008ms
08-05 00:54:20.925 12138 12418 I art     : Starting a blocking GC Explicit
08-05 00:54:20.929 13836 13836 I Input   : injectMotionEvent: MotionEvent { action=ACTION_MOVE, actionButton=0, id[0]=0, x[0]=500.0, y[0]=542.69995, toolType[0]=TOOL_TYPE_UNKNOWN, buttonState=0, metaState=0, flags=0x0, edgeFlags=0x0, pointerCount=1, historySize=0, eventTime=752077342, downTime=752077342, deviceId=0, source=0x1002 }
08-05 00:54:20.967 13836 13836 I Input   : injectMotionEvent: MotionEvent { action=ACTION_MOVE, actionButton=0, id[0]=0, x[0]=500.0, y[0]=470.5, toolType[0]=TOOL_TYPE_UNKNOWN, buttonState=0, metaState=0, flags=0x0, edgeFlags=0x0, pointerCount=1, historySize=0, eventTime=752077380, downTime=752077380, deviceId=0, source=0x1002 }
08-05 00:54:20.972 12138 12418 I art     : Explicit concurrent mark sweep GC freed 6(192B) AllocSpace objects, 0(0B) LOS objects, 10% free, 136MB/152MB, paused 1.485ms total 47.297ms
08-05 00:54:20.992 12138 12418 I art     : Starting a blocking GC Explicit
08-05 00:54:21.005 13836 13836 I Input   : injectMotionEvent: MotionEvent { action=ACTION_MOVE, actionButton=0, id[0]=0, x[0]=500.0, y[0]=396.40002, toolType[0]=TOOL_TYPE_UNKNOWN, buttonState=0, metaState=0, flags=0x0, edgeFlags=0x0, pointerCount=1, historySize=0, eventTime=752077419, downTime=752077419, deviceId=0, source=0x1002 }
08-05 00:54:21.042 12138 12418 I art     : Explicit concurrent mark sweep GC freed 47(1296B) AllocSpace objects, 0(0B) LOS objects, 10% free, 136MB/152MB, paused 1.527ms total 50.634ms
08-05 00:54:21.044 13836 13836 I Input   : injectMotionEvent: MotionEvent { action=ACTION_MOVE, actionButton=0, id[0]=0, x[0]=500.0, y[0]=324.19995, toolType[0]=TOOL_TYPE_UNKNOWN, buttonState=0, metaState=0, flags=0x0, edgeFlags=0x0, pointerCount=1, historySize=0, eventTime=752077457, downTime=752077457, deviceId=0, source=0x1002 }
08-05 00:54:21.061 12138 12418 I art     : Starting a blocking GC Explicit
08-05 00:54:21.087 13836 13836 I Input   : injectMotionEvent: MotionEvent { action=ACTION_MOVE, actionButton=0, id[0]=0, x[0]=500.0, y[0]=242.5, toolType[0]=TOOL_TYPE_UNKNOWN, buttonState=0, metaState=0, flags=0x0, edgeFlags=0x0, pointerCount=1, historySize=0, eventTime=752077500, downTime=752077500, deviceId=0, source=0x1002 }
08-05 00:54:21.108 12138 12418 I art     : Explicit concurrent mark sweep GC freed 7(224B) AllocSpace objects, 0(0B) LOS objects, 10% free, 136MB/152MB, paused 1.474ms total 46.859ms
08-05 00:54:21.128 13836 13836 I Input   : injectMotionEvent: MotionEvent { action=ACTION_MOVE, actionButton=0, id[0]=0, x[0]=500.0, y[0]=164.59998, toolType[0]=TOOL_TYPE_UNKNOWN, buttonState=0, metaState=0, flags=0x0, edgeFlags=0x0, pointerCount=1, historySize=0, eventTime=752077541, downTime=752077541, deviceId=0, source=0x1002 }
08-05 00:54:21.168 13836 13836 I Input   : injectMotionEvent: MotionEvent { action=ACTION_UP, actionButton=0, id[0]=0, x[0]=500.0, y[0]=100.0, toolType[0]=TOOL_TYPE_UNKNOWN, buttonState=0, metaState=0, flags=0x0, edgeFlags=0x0, pointerCount=1, historySize=0, eventTime=752077582, downTime=752077582, deviceId=0, source=0x1002 }
08-05 00:54:21.207 13836 13836 D AndroidRuntime: Shutting down VM
08-05 00:54:21.503 12138 12150 I art     : Starting a blocking GC Explicit
08-05 00:54:21.557 12138 12150 I art     : Explicit concurrent mark sweep GC freed 1596(92KB) AllocSpace objects, 2(36KB) LOS objects, 10% free, 136MB/152MB, paused 1.458ms total 53.933ms
08-05 00:54:21.576 12138 12150 I art     : Starting a blocking GC Explicit
08-05 00:54:21.627 12138 12150 I art     : Explicit concurrent mark sweep GC freed 38(1568B) AllocSpace objects, 0(0B) LOS objects, 10% free, 136MB/152MB, paused 1.498ms total 51.096ms
08-05 00:54:21.646 12138 12150 I art     : Starting a blocking GC Explicit
08-05 00:54:21.699 12138 12150 I art     : Explicit concurrent mark sweep GC freed 3(96B) AllocSpace objects, 0(0B) LOS objects, 10% free, 136MB/152MB, paused 1.470ms total 52.752ms
08-05 00:54:21.718 12138 12150 I art     : Starting a blocking GC Explicit
08-05 00:54:21.772 12138 12150 I art     : Explicit concurrent mark sweep GC freed 3(96B) AllocSpace objects, 0(0B) LOS objects, 10% free, 136MB/152MB, paused 1.495ms total 53.094ms
08-05 00:54:21.791 12138 12150 I art     : Starting a blocking GC Explicit
08-05 00:54:21.843 12138 12150 I art     : Explicit concurrent mark sweep GC freed 3(96B) AllocSpace objects, 0(0B) LOS objects, 10% free, 136MB/152MB, paused 1.428ms total 52.500ms
08-05 00:54:21.989 13897 13897 D AndroidRuntime: >>>>>> START com.android.internal.os.RuntimeInit uid 2000 <<<<<<
08-05 00:54:21.997 13897 13897 D AndroidRuntime: CheckJNI is OFF
08-05 00:54:22.038 13897 13897 D ICU     : No timezone override file found: /data/misc/zoneinfo/current/icu/icu_tzdata.dat
08-05 00:54:22.080 13897 13897 I Radio-JNI: register_android_hardware_Radio DONE
08-05 00:54:22.110 13897 13897 D AndroidRuntime: Calling main entry com.android.commands.input.Input
08-05 00:54:22.112 13897 13897 I Input   : injectMotionEvent: MotionEvent { action=ACTION_DOWN, actionButton=0, id[0]=0, x[0]=657.0, y[0]=2080.0, toolType[0]=TOOL_TYPE_UNKNOWN, buttonState=0, metaState=0, flags=0x0, edgeFlags=0x0, pointerCount=1, historySize=0, eventTime=752078525, downTime=752078525, deviceId=0, source=0x1002 }
08-05 00:54:22.117 13897 13897 I Input   : injectMotionEvent: MotionEvent { action=ACTION_UP, actionButton=0, id[0]=0, x[0]=657.0, y[0]=2080.0, toolType[0]=TOOL_TYPE_UNKNOWN, buttonState=0, metaState=0, flags=0x0, edgeFlags=0x0, pointerCount=1, historySize=0, eventTime=752078525, downTime=752078525, deviceId=0, source=0x1002 }
08-05 00:54:22.118 13897 13897 D AndroidRuntime: Shutting down VM
08-05 00:54:22.120   918  4413 I ActivityManager: START u0 {cmp=baseline.io.github.project_travel_mate/.utilities.UpcomingWeekendsActivity} from uid 10674 on display 0
08-05 00:54:22.120   512  2967 D audio_hw_primary: out_set_parameters: enter: usecase(1: low-latency-playback) kvpairs: routing=2
08-05 00:54:22.133   512  2967 D audio_hw_primary: select_devices: out_snd_device(2: speaker) in_snd_device(0: none)
08-05 00:54:22.133   512  2967 D msm8974_platform: platform_send_audio_calibration: sending audio calibration for snd_device(2) acdb_id(15)
08-05 00:54:22.133   512  2967 I soundtrigger: audio_extn_sound_trigger_update_device_status: device 0x2 of type 0 for Event 1
08-05 00:54:22.144   512  2967 D audio_hw_primary: enable_snd_device: snd_device(2: speaker)
08-05 00:54:22.145   512  2967 D audio_hw_primary: enable_audio_route: apply and update mixer path: low-latency-playback speaker
08-05 00:54:22.154 12138 12205 D Gabe    : call	returning from cache
08-05 00:54:22.158 12138 12138 V EXECUTING: https://project-travel-mate.herokuapp.com/api/get-upcoming-holidays/2020
08-05 00:54:22.161 12138 12138 V EXECUTING: https://project-travel-mate.herokuapp.com/api/get-upcoming-holidays/2020
08-05 00:54:22.234 12138 13058 I art     : Starting a blocking GC Explicit
08-05 00:54:22.254 13866 13866 I GoogleInputMethodServic: GoogleInputMethodService.onFinishInput():3138 
08-05 00:54:22.254 13866 13866 I GoogleInputMethodServic: GoogleInputMethodService.onStartInput():1808 
08-05 00:54:22.286 12138 13058 I art     : Explicit concurrent mark sweep GC freed 3335(236KB) AllocSpace objects, 2(36KB) LOS objects, 10% free, 140MB/156MB, paused 1.912ms total 51.775ms
08-05 00:54:22.305 12138 13058 I art     : Starting a blocking GC Explicit
08-05 00:54:22.353 12138 13058 I art     : Explicit concurrent mark sweep GC freed 286(12KB) AllocSpace objects, 0(0B) LOS objects, 10% free, 140MB/156MB, paused 1.485ms total 48.499ms
08-05 00:54:22.359   918   936 I ActivityManager: Displayed baseline.io.github.project_travel_mate/.utilities.UpcomingWeekendsActivity: +231ms
08-05 00:54:22.372 12138 13058 I art     : Starting a blocking GC Explicit
08-05 00:54:22.423 12138 13058 I art     : Explicit concurrent mark sweep GC freed 117(3KB) AllocSpace objects, 0(0B) LOS objects, 10% free, 140MB/156MB, paused 1.517ms total 51.298ms
08-05 00:54:22.442 12138 13058 I art     : Starting a blocking GC Explicit
08-05 00:54:22.494 12138 13058 I art     : Explicit concurrent mark sweep GC freed 80(1344B) AllocSpace objects, 0(0B) LOS objects, 10% free, 140MB/156MB, paused 1.778ms total 51.734ms
08-05 00:54:22.514 12138 13058 I art     : Starting a blocking GC Explicit
08-05 00:54:22.564 12138 13058 I art     : Explicit concurrent mark sweep GC freed 106(1936B) AllocSpace objects, 0(0B) LOS objects, 10% free, 140MB/156MB, paused 1.386ms total 49.635ms
08-05 00:54:22.597   380   380 W SurfaceFlinger: couldn't log to binary event log: overflow.
08-05 00:54:22.688   512  2967 D audio_hw_primary: disable_audio_route: reset and update mixer path: low-latency-playback speaker
08-05 00:54:22.689 12138 13926 I NAPPA_EXPERIMENTATION: MetricNetworkRequestExecutionTime: REQUEST_DURATION_SYSTEM='529',REQUEST_DURATION_OKHTTP='61',REQUEST_SYNCHRONOUS='FALSE',RESPONSE_CODE='200',RESPONSE_METHOD='GET',RESPONSE_LENGTH_OKHTTP='6426',RESPONSE_LENGTH_HEADER='6426',REQUEST_PROTOCOL='http/1.1',REQUEST_URL='https://project-travel-mate.herokuapp.com/api/get-upcoming-holidays/2020',
08-05 00:54:22.691   512  2967 D audio_hw_primary: disable_snd_device: snd_device(2: speaker)
08-05 00:54:22.693 12138 12138 V Response: [{"month":"January","date":1,"day":"Wednesday","name":"New Year's Day","type":"Restricted"},{"month":"January","date":2,"day":"Thursday","name":"Guru Govind Singh Jayanti","type":"Restricted"},{"month":"January","date":14,"day":"Tuesday","name":"Lohri","type":"Restricted"},{"month":"January","date":15,"day":"Wednesday","name":"Pongal","type":"Restricted"},{"month":"January","date":15,"day":"Wednesday","name":"Makar Sankranti","type":"Restricted"},{"month":"January","date":25,"day":"Saturday","name":"Chinese New Year","type":"Observance"},{"month":"January","date":26,"day":"Sunday","name":"Republic Day","type":"Gazetted"},{"month":"January","date":30,"day":"Thursday","name":"Vasant Panchami","type":"Restricted"},{"month":"February","date":9,"day":"Sunday","name":"Guru Ravidas Jayanti","type":"Restricted"},{"month":"February","date":14,"day":"Friday","name":"Valentine's Day","type":"Observance"},{"month":"February","date":18,"day":"Tuesday","name":"Maharishi Dayanand Saraswati Jayanti","type":"Restricted"},{"month":"February","date":19,"day":"Wednesday","name":"Shivaji Jayanti","type":"Restricted"},{"month":"February","date":21,"day":"Friday","name":"Maha Shivaratri/Shivaratri","type":"Gazetted"},{"month":"March","date":9,"day":"Monday","name":"Holika Dahana","type":"Restricted"},{"month":"March","date":9,"day":"Monday","name":"Hazarat Ali's Birthday","type":"Restricted"},{"month":"March","date":10,"day":"Tuesday","name":"Holi","type":"Gazetted"},{"month":"March","date":20,"day":"Friday","name":"March Equinox","type":"Season"},{"month":"March","date":25,"day":"Wednesday","name":"Chaitra Sukhladi","type":"Restricted"},{"month":"April","date":2,"day":"Thursday","name":"Rama Navami","type":"Gazetted"},{"month":"April","date":6,"day":"Monday","name":"Mahavir Jayanti","type":"Gazetted"},{"month":"April","date":9,"day":"Thursday","name":"First day of Passover","type":"Observance"},{"month":"April","date":9,"day":"Thursday","name":"Maundy Thursday","type":"Observance,"},{"month":"April","date":10,"day":"Friday","name":"Good Friday","type":"Gazetted"},{"month":"April","date":12,"day":"Sunday","name":"Easter Day","type":"Restricted"},{"month":"April","date":13,"day":"Monday","name":"Vaisakhi","type":"Restricted"},{"month":"April","date":14,"day":"Tuesday","name":"Mesadi/Vaisakhadi","type":"Restricted"},{"month":"April","date":14,"day":"Tuesday","name":"Ambedkar Jayanti","type":"Central"},{"month":"May","date":1,"day":"Friday","name":"May Day","type":"Observance"},{"month":"May","date":7,"day":"Thursday","name":"Buddha Purnima/Vesak","type":"Gazetted"},{"month":"May","date":7,"day":"Thursday","name":"Birthday of Ravindranath","type":"Restricted"},{"month":"May","date":10,"day":"Sunday","name":"Mother's Day","type":"Observance"},{"month":"May","date":22,"day":"Friday","name":"Jamat Ul-Vida","type":"Restricted"},{"month":"May","date":25,"day":"Monday","name":"Ramzan Id/Eid-ul-Fitar","type":"Gazetted"},{"month":"May","date":25,"day":"Monday","name":"Ramzan Id/Eid-ul-Fitar","type":"Muslim,"},{"month":"June","date":21,"day":"Sunday","name":"June Solstice","type":"Season"},{"month":"June","date":21,"day":"Sunday","name":"Father's Day","type":"Observance"},{"month":"June","date":23,"day":"Tuesday","name":"Rath Yatra","type":"Restricted"},{"month":"July","date":5,"day":"Sunday","name":"Guru Purnima","type":"Observance"},{"month":"July","date":31,"day":"Friday","name":"Bakr Id/Eid ul-Adha","type":"Gazetted"},{"month":"August","date":2,"day":"Sunday","name":"Friendship Day","type":"Observance"},{"month":"August","date":3,"day":"Monday","name":"Raksha Bandhan (Rakhi)","type":"Restricted"},{"month":"August","date":11,"day":"Tuesday","name":"Janmashtami (Smarta)","type":"Restricted"},{"month":"August","date":12,"day":"Wednesday","name":"Janmashtami","type":"Gazetted"},{"month":"August","date":15,"day":"Saturday","name":"Independence Day","type":"Gazetted"},{"month":"August","date":16,"day":"Sunday","name":"Parsi New Year","type":"Restricted"},{"month":"August","date":22,"day":"Saturday","name":"Ganesh Chaturthi/Vin
08-05 00:54:22.699 12138 13927 I NAPPA_EXPERIMENTATION: MetricNetworkRequestExecutionTime: REQUEST_DURATION_SYSTEM='538',REQUEST_DURATION_OKHTTP='71',REQUEST_SYNCHRONOUS='FALSE',RESPONSE_CODE='200',RESPONSE_METHOD='GET',RESPONSE_LENGTH_OKHTTP='6426',RESPONSE_LENGTH_HEADER='6426',REQUEST_PROTOCOL='http/1.1',REQUEST_URL='https://project-travel-mate.herokuapp.com/api/get-upcoming-holidays/2020',
08-05 00:54:22.700   512  2967 I soundtrigger: audio_extn_sound_trigger_update_device_status: device 0x2 of type 0 for Event 0
08-05 00:54:22.783 12138 12138 V Response: [{"month":"January","date":1,"day":"Wednesday","name":"New Year's Day","type":"Restricted"},{"month":"January","date":2,"day":"Thursday","name":"Guru Govind Singh Jayanti","type":"Restricted"},{"month":"January","date":14,"day":"Tuesday","name":"Lohri","type":"Restricted"},{"month":"January","date":15,"day":"Wednesday","name":"Pongal","type":"Restricted"},{"month":"January","date":15,"day":"Wednesday","name":"Makar Sankranti","type":"Restricted"},{"month":"January","date":25,"day":"Saturday","name":"Chinese New Year","type":"Observance"},{"month":"January","date":26,"day":"Sunday","name":"Republic Day","type":"Gazetted"},{"month":"January","date":30,"day":"Thursday","name":"Vasant Panchami","type":"Restricted"},{"month":"February","date":9,"day":"Sunday","name":"Guru Ravidas Jayanti","type":"Restricted"},{"month":"February","date":14,"day":"Friday","name":"Valentine's Day","type":"Observance"},{"month":"February","date":18,"day":"Tuesday","name":"Maharishi Dayanand Saraswati Jayanti","type":"Restricted"},{"month":"February","date":19,"day":"Wednesday","name":"Shivaji Jayanti","type":"Restricted"},{"month":"February","date":21,"day":"Friday","name":"Maha Shivaratri/Shivaratri","type":"Gazetted"},{"month":"March","date":9,"day":"Monday","name":"Holika Dahana","type":"Restricted"},{"month":"March","date":9,"day":"Monday","name":"Hazarat Ali's Birthday","type":"Restricted"},{"month":"March","date":10,"day":"Tuesday","name":"Holi","type":"Gazetted"},{"month":"March","date":20,"day":"Friday","name":"March Equinox","type":"Season"},{"month":"March","date":25,"day":"Wednesday","name":"Chaitra Sukhladi","type":"Restricted"},{"month":"April","date":2,"day":"Thursday","name":"Rama Navami","type":"Gazetted"},{"month":"April","date":6,"day":"Monday","name":"Mahavir Jayanti","type":"Gazetted"},{"month":"April","date":9,"day":"Thursday","name":"First day of Passover","type":"Observance"},{"month":"April","date":9,"day":"Thursday","name":"Maundy Thursday","type":"Observance,"},{"month":"April","date":10,"day":"Friday","name":"Good Friday","type":"Gazetted"},{"month":"April","date":12,"day":"Sunday","name":"Easter Day","type":"Restricted"},{"month":"April","date":13,"day":"Monday","name":"Vaisakhi","type":"Restricted"},{"month":"April","date":14,"day":"Tuesday","name":"Mesadi/Vaisakhadi","type":"Restricted"},{"month":"April","date":14,"day":"Tuesday","name":"Ambedkar Jayanti","type":"Central"},{"month":"May","date":1,"day":"Friday","name":"May Day","type":"Observance"},{"month":"May","date":7,"day":"Thursday","name":"Buddha Purnima/Vesak","type":"Gazetted"},{"month":"May","date":7,"day":"Thursday","name":"Birthday of Ravindranath","type":"Restricted"},{"month":"May","date":10,"day":"Sunday","name":"Mother's Day","type":"Observance"},{"month":"May","date":22,"day":"Friday","name":"Jamat Ul-Vida","type":"Restricted"},{"month":"May","date":25,"day":"Monday","name":"Ramzan Id/Eid-ul-Fitar","type":"Gazetted"},{"month":"May","date":25,"day":"Monday","name":"Ramzan Id/Eid-ul-Fitar","type":"Muslim,"},{"month":"June","date":21,"day":"Sunday","name":"June Solstice","type":"Season"},{"month":"June","date":21,"day":"Sunday","name":"Father's Day","type":"Observance"},{"month":"June","date":23,"day":"Tuesday","name":"Rath Yatra","type":"Restricted"},{"month":"July","date":5,"day":"Sunday","name":"Guru Purnima","type":"Observance"},{"month":"July","date":31,"day":"Friday","name":"Bakr Id/Eid ul-Adha","type":"Gazetted"},{"month":"August","date":2,"day":"Sunday","name":"Friendship Day","type":"Observance"},{"month":"August","date":3,"day":"Monday","name":"Raksha Bandhan (Rakhi)","type":"Restricted"},{"month":"August","date":11,"day":"Tuesday","name":"Janmashtami (Smarta)","type":"Restricted"},{"month":"August","date":12,"day":"Wednesday","name":"Janmashtami","type":"Gazetted"},{"month":"August","date":15,"day":"Saturday","name":"Independence Day","type":"Gazetted"},{"month":"August","date":16,"day":"Sunday","name":"Parsi New Year","type":"Restricted"},{"month":"August","date":22,"day":"Saturday","name":"Ganesh Chaturthi/Vin
08-05 00:54:22.942 12138 12149 I art     : Starting a blocking GC Explicit
08-05 00:54:23.007 12138 12149 I art     : Explicit concurrent mark sweep GC freed 20725(906KB) AllocSpace objects, 12(4MB) LOS objects, 10% free, 137MB/153MB, paused 1.538ms total 63.740ms
08-05 00:54:23.026 12138 12149 I art     : Starting a blocking GC Explicit
08-05 00:54:23.083 12138 12149 I art     : Explicit concurrent mark sweep GC freed 3528(323KB) AllocSpace objects, 0(0B) LOS objects, 10% free, 137MB/153MB, paused 1.478ms total 56.946ms
08-05 00:54:23.103 12138 12149 I art     : Starting a blocking GC Explicit
08-05 00:54:23.160 12138 12149 I art     : Explicit concurrent mark sweep GC freed 99(1696B) AllocSpace objects, 0(0B) LOS objects, 10% free, 137MB/153MB, paused 1.510ms total 56.620ms
08-05 00:54:23.180 12138 12149 I art     : Starting a blocking GC Explicit
08-05 00:54:23.236 12138 12149 I art     : Explicit concurrent mark sweep GC freed 123(2096B) AllocSpace objects, 0(0B) LOS objects, 10% free, 137MB/153MB, paused 1.457ms total 55.328ms
08-05 00:54:23.256 12138 12149 I art     : Starting a blocking GC Explicit
08-05 00:54:23.314 12138 12149 I art     : Explicit concurrent mark sweep GC freed 123(2096B) AllocSpace objects, 0(0B) LOS objects, 10% free, 137MB/153MB, paused 1.576ms total 57.715ms
08-05 00:54:23.545   918  3188 I hubconnection: sensorhub said: 'set_bias 3: -7.7568, 0.0000, 0.0000'
08-05 00:54:23.705 12138 12150 I art     : Starting a blocking GC Explicit
08-05 00:54:23.763 12138 12150 I art     : Explicit concurrent mark sweep GC freed 2231(102KB) AllocSpace objects, 2(36KB) LOS objects, 10% free, 137MB/153MB, paused 1.428ms total 58.255ms
08-05 00:54:23.783 12138 12150 I art     : Starting a blocking GC Explicit
08-05 00:54:23.846 12138 12150 I art     : Explicit concurrent mark sweep GC freed 128(2688B) AllocSpace objects, 0(0B) LOS objects, 10% free, 137MB/153MB, paused 1.705ms total 62.550ms
08-05 00:54:23.867 12138 12150 I art     : Starting a blocking GC Explicit
08-05 00:54:23.927 12138 12150 I art     : Explicit concurrent mark sweep GC freed 119(2032B) AllocSpace objects, 0(0B) LOS objects, 10% free, 137MB/153MB, paused 1.450ms total 60.386ms
08-05 00:54:23.947 12138 12150 I art     : Starting a blocking GC Explicit
08-05 00:54:24.011 12138 12150 I art     : Explicit concurrent mark sweep GC freed 123(2096B) AllocSpace objects, 0(0B) LOS objects, 10% free, 137MB/153MB, paused 1.433ms total 62.909ms
08-05 00:54:24.035 12138 12150 I art     : Starting a blocking GC Explicit
08-05 00:54:24.094 12138 12150 I art     : Explicit concurrent mark sweep GC freed 164(3KB) AllocSpace objects, 0(0B) LOS objects, 10% free, 137MB/153MB, paused 1.483ms total 58.591ms
08-05 00:54:24.514 12138 12418 I art     : Starting a blocking GC Explicit
08-05 00:54:24.577 12138 12418 I art     : Explicit concurrent mark sweep GC freed 2290(103KB) AllocSpace objects, 2(36KB) LOS objects, 10% free, 137MB/153MB, paused 1.519ms total 62.746ms
08-05 00:54:24.599 12138 12418 I art     : Starting a blocking GC Explicit
08-05 00:54:24.656 12138 12418 I art     : Explicit concurrent mark sweep GC freed 158(3KB) AllocSpace objects, 0(0B) LOS objects, 10% free, 137MB/153MB, paused 1.504ms total 56.093ms
08-05 00:54:24.675 12138 12418 I art     : Starting a blocking GC Explicit
08-05 00:54:24.736 12138 12418 I art     : Explicit concurrent mark sweep GC freed 123(2096B) AllocSpace objects, 0(0B) LOS objects, 10% free, 137MB/153MB, paused 1.506ms total 60.350ms
08-05 00:54:24.756 12138 12418 I art     : Starting a blocking GC Explicit
08-05 00:54:24.822 12138 12418 I art     : Explicit concurrent mark sweep GC freed 105(1792B) AllocSpace objects, 0(0B) LOS objects, 10% free, 137MB/153MB, paused 4.108ms total 66.580ms
08-05 00:54:24.842 12138 12418 I art     : Starting a blocking GC Explicit
08-05 00:54:24.904 12138 12418 I art     : Explicit concurrent mark sweep GC freed 141(2400B) AllocSpace objects, 0(0B) LOS objects, 10% free, 137MB/153MB, paused 1.543ms total 61.524ms
08-05 00:54:25.336 12138 12159 I art     : Starting a blocking GC Explicit
08-05 00:54:25.401 12138 12159 I art     : Explicit concurrent mark sweep GC freed 2325(104KB) AllocSpace objects, 2(36KB) LOS objects, 10% free, 137MB/153MB, paused 1.736ms total 63.955ms
08-05 00:54:25.421 12138 12159 I art     : Starting a blocking GC Explicit
08-05 00:54:25.484 12138 12159 I art     : Explicit concurrent mark sweep GC freed 165(3KB) AllocSpace objects, 0(0B) LOS objects, 10% free, 137MB/153MB, paused 1.698ms total 62.883ms
08-05 00:54:25.507 12138 12159 I art     : Starting a blocking GC Explicit
08-05 00:54:25.564 12138 12159 I art     : Explicit concurrent mark sweep GC freed 108(1856B) AllocSpace objects, 0(0B) LOS objects, 10% free, 137MB/153MB, paused 1.608ms total 57.206ms
08-05 00:54:25.584 12138 12159 I art     : Starting a blocking GC Explicit
08-05 00:54:25.644 12138 12159 I art     : Explicit concurrent mark sweep GC freed 116(1984B) AllocSpace objects, 0(0B) LOS objects, 10% free, 137MB/153MB, paused 1.445ms total 59.408ms
08-05 00:54:25.663 12138 12159 I art     : Starting a blocking GC Explicit
08-05 00:54:25.724 12138 12159 I art     : Explicit concurrent mark sweep GC freed 122(2064B) AllocSpace objects, 0(0B) LOS objects, 10% free, 137MB/153MB, paused 1.442ms total 60.713ms
08-05 00:54:26.140 12138 13058 I art     : Starting a blocking GC Explicit
08-05 00:54:26.205 12138 13058 I art     : Explicit concurrent mark sweep GC freed 2333(105KB) AllocSpace objects, 2(36KB) LOS objects, 10% free, 137MB/153MB, paused 1.576ms total 64.709ms
08-05 00:54:26.228 12138 13058 I art     : Starting a blocking GC Explicit
08-05 00:54:26.287 12138 13058 I art     : Explicit concurrent mark sweep GC freed 157(3KB) AllocSpace objects, 0(0B) LOS objects, 10% free, 137MB/153MB, paused 1.532ms total 58.845ms
08-05 00:54:26.306 12138 13058 I art     : Starting a blocking GC Explicit
08-05 00:54:26.366 12138 13058 I art     : Explicit concurrent mark sweep GC freed 104(1792B) AllocSpace objects, 0(0B) LOS objects, 10% free, 137MB/153MB, paused 1.636ms total 58.907ms
08-05 00:54:26.385 12138 13058 I art     : Starting a blocking GC Explicit
08-05 00:54:26.438 12138 13058 I art     : Explicit concurrent mark sweep GC freed 119(2032B) AllocSpace objects, 0(0B) LOS objects, 10% free, 137MB/153MB, paused 1.553ms total 52.989ms
08-05 00:54:26.457 12138 13058 I art     : Starting a blocking GC Explicit
08-05 00:54:26.511 12138 13058 I art     : Explicit concurrent mark sweep GC freed 99(1696B) AllocSpace objects, 0(0B) LOS objects, 10% free, 137MB/153MB, paused 1.475ms total 53.917ms
08-05 00:54:26.900 13988 13988 D AndroidRuntime: >>>>>> START com.android.internal.os.RuntimeInit uid 2000 <<<<<<
08-05 00:54:26.906 13988 13988 D AndroidRuntime: CheckJNI is OFF
08-05 00:54:26.924 12138 12149 I art     : Starting a blocking GC Explicit
08-05 00:54:26.952 13988 13988 D ICU     : No timezone override file found: /data/misc/zoneinfo/current/icu/icu_tzdata.dat
08-05 00:54:26.985 12138 12149 I art     : Explicit concurrent mark sweep GC freed 2271(103KB) AllocSpace objects, 2(36KB) LOS objects, 10% free, 137MB/153MB, paused 1.660ms total 60.021ms
08-05 00:54:26.999 13988 13988 I Radio-JNI: register_android_hardware_Radio DONE
08-05 00:54:27.004 12138 12149 I art     : Starting a blocking GC Explicit
08-05 00:54:27.028 13988 13988 D AndroidRuntime: Calling main entry com.android.commands.input.Input
08-05 00:54:27.030 13988 13988 I Input   : injectKeyEvent: KeyEvent { action=ACTION_DOWN, keyCode=KEYCODE_BACK, scanCode=0, metaState=0, flags=0x0, repeatCount=0, eventTime=752083443, downTime=752083443, deviceId=-1, source=0x101 }
08-05 00:54:27.036 13988 13988 I Input   : injectKeyEvent: KeyEvent { action=ACTION_UP, keyCode=KEYCODE_BACK, scanCode=0, metaState=0, flags=0x0, repeatCount=0, eventTime=752083443, downTime=752083443, deviceId=-1, source=0x101 }
08-05 00:54:27.042 13988 13988 D AndroidRuntime: Shutting down VM
08-05 00:54:27.051 12138 12138 V MainActivity: url = https://project-travel-mate.herokuapp.com/api/number-of-unread-notifications
08-05 00:54:27.059 12138 12149 I art     : Explicit concurrent mark sweep GC freed 378(12KB) AllocSpace objects, 0(0B) LOS objects, 10% free, 137MB/153MB, paused 2.103ms total 53.933ms
08-05 00:54:27.077 12138 12149 I art     : Starting a blocking GC Explicit
08-05 00:54:27.130 12138 12149 I art     : Explicit concurrent mark sweep GC freed 235(10KB) AllocSpace objects, 0(0B) LOS objects, 10% free, 137MB/153MB, paused 1.612ms total 52.594ms
08-05 00:54:27.145 13866 13866 I GoogleInputMethodServic: GoogleInputMethodService.onFinishInput():3138 
08-05 00:54:27.145 13866 13866 I GoogleInputMethodServic: GoogleInputMethodService.onStartInput():1808 
08-05 00:54:27.149 12138 12149 I art     : Starting a blocking GC Explicit
08-05 00:54:27.200 12138 12149 I art     : Explicit concurrent mark sweep GC freed 113(4KB) AllocSpace objects, 0(0B) LOS objects, 10% free, 137MB/153MB, paused 1.390ms total 50.978ms
08-05 00:54:27.219 12138 12149 I art     : Starting a blocking GC Explicit
08-05 00:54:27.268 12138 12149 I art     : Explicit concurrent mark sweep GC freed 161(3KB) AllocSpace objects, 0(0B) LOS objects, 10% free, 137MB/153MB, paused 1.596ms total 49.099ms
08-05 00:54:27.413   380   380 W SurfaceFlinger: couldn't log to binary event log: overflow.
08-05 00:54:27.578 12138 14011 I NAPPA_EXPERIMENTATION: MetricNetworkRequestExecutionTime: REQUEST_DURATION_SYSTEM='523',REQUEST_DURATION_OKHTTP='36',REQUEST_SYNCHRONOUS='FALSE',RESPONSE_CODE='200',RESPONSE_METHOD='GET',RESPONSE_LENGTH_OKHTTP='36',RESPONSE_LENGTH_HEADER='36',REQUEST_PROTOCOL='http/1.1',REQUEST_URL='https://project-travel-mate.herokuapp.com/api/number-of-unread-notifications',
08-05 00:54:27.645 12138 12149 I art     : Starting a blocking GC Explicit
08-05 00:54:27.720 12138 12149 I art     : Explicit concurrent mark sweep GC freed 4674(246KB) AllocSpace objects, 5(236KB) LOS objects, 10% free, 137MB/153MB, paused 1.704ms total 74.379ms
08-05 00:54:27.743 12138 12149 I art     : Starting a blocking GC Explicit
08-05 00:54:27.785 11377 11478 W FirebaseInstanceId: Token retrieval failed: SERVICE_NOT_AVAILABLE. Will retry token retrieval
08-05 00:54:27.795 12138 12149 I art     : Explicit concurrent mark sweep GC freed 1907(162KB) AllocSpace objects, 0(0B) LOS objects, 10% free, 137MB/153MB, paused 1.397ms total 51.055ms
08-05 00:54:27.814 12138 12149 I art     : Starting a blocking GC Explicit
08-05 00:54:27.867 12138 12149 I art     : Explicit concurrent mark sweep GC freed 5670(315KB) AllocSpace objects, 13(264KB) LOS objects, 10% free, 136MB/152MB, paused 1.492ms total 52.961ms
08-05 00:54:27.887 12138 12149 I art     : Starting a blocking GC Explicit
08-05 00:54:27.944 12138 12149 I art     : Explicit concurrent mark sweep GC freed 3(96B) AllocSpace objects, 0(0B) LOS objects, 10% free, 136MB/152MB, paused 1.593ms total 56.896ms
08-05 00:54:27.967 12138 12149 I art     : Starting a blocking GC Explicit
08-05 00:54:28.018 12138 12149 I art     : Explicit concurrent mark sweep GC freed 43(1168B) AllocSpace objects, 0(0B) LOS objects, 10% free, 136MB/152MB, paused 1.530ms total 51.404ms
08-05 00:54:28.430 12138 12418 I art     : Starting a blocking GC Explicit
08-05 00:54:28.495 12138 12418 I art     : Explicit concurrent mark sweep GC freed 1583(92KB) AllocSpace objects, 2(36KB) LOS objects, 10% free, 136MB/152MB, paused 1.649ms total 65.102ms
08-05 00:54:28.516 12138 12418 I art     : Starting a blocking GC Explicit
08-05 00:54:28.570 12138 12418 I art     : Explicit concurrent mark sweep GC freed 28(1024B) AllocSpace objects, 0(0B) LOS objects, 10% free, 136MB/152MB, paused 1.517ms total 53.628ms
08-05 00:54:28.589 12138 12418 I art     : Starting a blocking GC Explicit
08-05 00:54:28.643 12138 12418 I art     : Explicit concurrent mark sweep GC freed 3(96B) AllocSpace objects, 0(0B) LOS objects, 10% free, 136MB/152MB, paused 1.573ms total 54.342ms
08-05 00:54:28.663 12138 12418 I art     : Starting a blocking GC Explicit
08-05 00:54:28.718 12138 12418 I art     : Explicit concurrent mark sweep GC freed 5(160B) AllocSpace objects, 0(0B) LOS objects, 10% free, 136MB/152MB, paused 1.408ms total 54.014ms
08-05 00:54:28.738 12138 12418 I art     : Starting a blocking GC Explicit
08-05 00:54:28.786 12138 12418 I art     : Explicit concurrent mark sweep GC freed 7(224B) AllocSpace objects, 0(0B) LOS objects, 10% free, 136MB/152MB, paused 1.403ms total 47.541ms
08-05 00:54:28.843 14033 14033 D AndroidRuntime: >>>>>> START com.android.internal.os.RuntimeInit uid 2000 <<<<<<
08-05 00:54:28.849 14033 14033 D AndroidRuntime: CheckJNI is OFF
08-05 00:54:28.887 14033 14033 D ICU     : No timezone override file found: /data/misc/zoneinfo/current/icu/icu_tzdata.dat
08-05 00:54:28.925 14033 14033 I Radio-JNI: register_android_hardware_Radio DONE
08-05 00:54:28.953 14033 14033 D AndroidRuntime: Calling main entry com.android.commands.input.Input
08-05 00:54:28.955 14033 14033 I Input   : injectMotionEvent: MotionEvent { action=ACTION_DOWN, actionButton=0, id[0]=0, x[0]=657.0, y[0]=2080.0, toolType[0]=TOOL_TYPE_UNKNOWN, buttonState=0, metaState=0, flags=0x0, edgeFlags=0x0, pointerCount=1, historySize=0, eventTime=752085368, downTime=752085368, deviceId=0, source=0x1002 }
08-05 00:54:28.972 14033 14033 I Input   : injectMotionEvent: MotionEvent { action=ACTION_UP, actionButton=0, id[0]=0, x[0]=657.0, y[0]=2080.0, toolType[0]=TOOL_TYPE_UNKNOWN, buttonState=0, metaState=0, flags=0x0, edgeFlags=0x0, pointerCount=1, historySize=0, eventTime=752085368, downTime=752085368, deviceId=0, source=0x1002 }
08-05 00:54:29.008 14033 14033 D AndroidRuntime: Shutting down VM
08-05 00:54:29.009   918  6110 I ActivityManager: START u0 {cmp=baseline.io.github.project_travel_mate/.utilities.UpcomingWeekendsActivity} from uid 10674 on display 0
08-05 00:54:29.010   512  2967 D audio_hw_primary: out_set_parameters: enter: usecase(1: low-latency-playback) kvpairs: routing=2
08-05 00:54:29.023   512  2967 D audio_hw_primary: select_devices: out_snd_device(2: speaker) in_snd_device(0: none)
08-05 00:54:29.023   512  2967 D msm8974_platform: platform_send_audio_calibration: sending audio calibration for snd_device(2) acdb_id(15)
08-05 00:54:29.023   512  2967 I soundtrigger: audio_extn_sound_trigger_update_device_status: device 0x2 of type 0 for Event 1
08-05 00:54:29.033   512  2967 D audio_hw_primary: enable_snd_device: snd_device(2: speaker)
08-05 00:54:29.035   512  2967 D audio_hw_primary: enable_audio_route: apply and update mixer path: low-latency-playback speaker
08-05 00:54:29.038 12138 12205 D Gabe    : call	returning from cache
08-05 00:54:29.041 12138 12138 V EXECUTING: https://project-travel-mate.herokuapp.com/api/get-upcoming-holidays/2020
08-05 00:54:29.043 12138 12138 V EXECUTING: https://project-travel-mate.herokuapp.com/api/get-upcoming-holidays/2020
08-05 00:54:29.127 13866 13866 I GoogleInputMethodServic: GoogleInputMethodService.onFinishInput():3138 
08-05 00:54:29.127 13866 13866 I GoogleInputMethodServic: GoogleInputMethodService.onStartInput():1808 
08-05 00:54:29.173 12138 12159 I art     : Starting a blocking GC Explicit
08-05 00:54:29.225 12138 12159 I art     : Explicit concurrent mark sweep GC freed 3337(191KB) AllocSpace objects, 2(36KB) LOS objects, 10% free, 141MB/157MB, paused 1.685ms total 50.646ms
08-05 00:54:29.226   918   936 I ActivityManager: Displayed baseline.io.github.project_travel_mate/.utilities.UpcomingWeekendsActivity: +209ms
08-05 00:54:29.244 12138 12159 I art     : Starting a blocking GC Explicit
08-05 00:54:29.299 12138 12159 I art     : Explicit concurrent mark sweep GC freed 338(13KB) AllocSpace objects, 0(0B) LOS objects, 10% free, 141MB/157MB, paused 1.809ms total 55.120ms
08-05 00:54:29.319 12138 12159 I art     : Starting a blocking GC Explicit
08-05 00:54:29.372 12138 12159 I art     : Explicit concurrent mark sweep GC freed 60(1008B) AllocSpace objects, 0(0B) LOS objects, 10% free, 141MB/157MB, paused 1.912ms total 52.783ms
08-05 00:54:29.391 12138 12159 I art     : Starting a blocking GC Explicit
08-05 00:54:29.440 12138 12159 I art     : Explicit concurrent mark sweep GC freed 126(2272B) AllocSpace objects, 0(0B) LOS objects, 10% free, 141MB/157MB, paused 1.791ms total 49.222ms
08-05 00:54:29.461 12138 12159 I art     : Starting a blocking GC Explicit
08-05 00:54:29.483   380   380 W SurfaceFlinger: couldn't log to binary event log: overflow.
08-05 00:54:29.518 12138 12159 I art     : Explicit concurrent mark sweep GC freed 123(2096B) AllocSpace objects, 0(0B) LOS objects, 10% free, 141MB/157MB, paused 1.496ms total 56.949ms
08-05 00:54:29.579   512  2967 D audio_hw_primary: disable_audio_route: reset and update mixer path: low-latency-playback speaker
08-05 00:54:29.580   512  2967 D audio_hw_primary: disable_snd_device: snd_device(2: speaker)
08-05 00:54:29.591   512  2967 I soundtrigger: audio_extn_sound_trigger_update_device_status: device 0x2 of type 0 for Event 0
08-05 00:54:29.647 12138 14057 I NAPPA_EXPERIMENTATION: MetricNetworkRequestExecutionTime: REQUEST_DURATION_SYSTEM='605',REQUEST_DURATION_OKHTTP='52',REQUEST_SYNCHRONOUS='FALSE',RESPONSE_CODE='200',RESPONSE_METHOD='GET',RESPONSE_LENGTH_OKHTTP='6426',RESPONSE_LENGTH_HEADER='6426',REQUEST_PROTOCOL='http/1.1',REQUEST_URL='https://project-travel-mate.herokuapp.com/api/get-upcoming-holidays/2020',
08-05 00:54:29.681 12138 14058 I NAPPA_EXPERIMENTATION: MetricNetworkRequestExecutionTime: REQUEST_DURATION_SYSTEM='637',REQUEST_DURATION_OKHTTP='83',REQUEST_SYNCHRONOUS='FALSE',RESPONSE_CODE='200',RESPONSE_METHOD='GET',RESPONSE_LENGTH_OKHTTP='6426',RESPONSE_LENGTH_HEADER='6426',REQUEST_PROTOCOL='http/1.1',REQUEST_URL='https://project-travel-mate.herokuapp.com/api/get-upcoming-holidays/2020',
08-05 00:54:29.781 12138 12138 V Response: [{"month":"January","date":1,"day":"Wednesday","name":"New Year's Day","type":"Restricted"},{"month":"January","date":2,"day":"Thursday","name":"Guru Govind Singh Jayanti","type":"Restricted"},{"month":"January","date":14,"day":"Tuesday","name":"Lohri","type":"Restricted"},{"month":"January","date":15,"day":"Wednesday","name":"Pongal","type":"Restricted"},{"month":"January","date":15,"day":"Wednesday","name":"Makar Sankranti","type":"Restricted"},{"month":"January","date":25,"day":"Saturday","name":"Chinese New Year","type":"Observance"},{"month":"January","date":26,"day":"Sunday","name":"Republic Day","type":"Gazetted"},{"month":"January","date":30,"day":"Thursday","name":"Vasant Panchami","type":"Restricted"},{"month":"February","date":9,"day":"Sunday","name":"Guru Ravidas Jayanti","type":"Restricted"},{"month":"February","date":14,"day":"Friday","name":"Valentine's Day","type":"Observance"},{"month":"February","date":18,"day":"Tuesday","name":"Maharishi Dayanand Saraswati Jayanti","type":"Restricted"},{"month":"February","date":19,"day":"Wednesday","name":"Shivaji Jayanti","type":"Restricted"},{"month":"February","date":21,"day":"Friday","name":"Maha Shivaratri/Shivaratri","type":"Gazetted"},{"month":"March","date":9,"day":"Monday","name":"Holika Dahana","type":"Restricted"},{"month":"March","date":9,"day":"Monday","name":"Hazarat Ali's Birthday","type":"Restricted"},{"month":"March","date":10,"day":"Tuesday","name":"Holi","type":"Gazetted"},{"month":"March","date":20,"day":"Friday","name":"March Equinox","type":"Season"},{"month":"March","date":25,"day":"Wednesday","name":"Chaitra Sukhladi","type":"Restricted"},{"month":"April","date":2,"day":"Thursday","name":"Rama Navami","type":"Gazetted"},{"month":"April","date":6,"day":"Monday","name":"Mahavir Jayanti","type":"Gazetted"},{"month":"April","date":9,"day":"Thursday","name":"First day of Passover","type":"Observance"},{"month":"April","date":9,"day":"Thursday","name":"Maundy Thursday","type":"Observance,"},{"month":"April","date":10,"day":"Friday","name":"Good Friday","type":"Gazetted"},{"month":"April","date":12,"day":"Sunday","name":"Easter Day","type":"Restricted"},{"month":"April","date":13,"day":"Monday","name":"Vaisakhi","type":"Restricted"},{"month":"April","date":14,"day":"Tuesday","name":"Mesadi/Vaisakhadi","type":"Restricted"},{"month":"April","date":14,"day":"Tuesday","name":"Ambedkar Jayanti","type":"Central"},{"month":"May","date":1,"day":"Friday","name":"May Day","type":"Observance"},{"month":"May","date":7,"day":"Thursday","name":"Buddha Purnima/Vesak","type":"Gazetted"},{"month":"May","date":7,"day":"Thursday","name":"Birthday of Ravindranath","type":"Restricted"},{"month":"May","date":10,"day":"Sunday","name":"Mother's Day","type":"Observance"},{"month":"May","date":22,"day":"Friday","name":"Jamat Ul-Vida","type":"Restricted"},{"month":"May","date":25,"day":"Monday","name":"Ramzan Id/Eid-ul-Fitar","type":"Gazetted"},{"month":"May","date":25,"day":"Monday","name":"Ramzan Id/Eid-ul-Fitar","type":"Muslim,"},{"month":"June","date":21,"day":"Sunday","name":"June Solstice","type":"Season"},{"month":"June","date":21,"day":"Sunday","name":"Father's Day","type":"Observance"},{"month":"June","date":23,"day":"Tuesday","name":"Rath Yatra","type":"Restricted"},{"month":"July","date":5,"day":"Sunday","name":"Guru Purnima","type":"Observance"},{"month":"July","date":31,"day":"Friday","name":"Bakr Id/Eid ul-Adha","type":"Gazetted"},{"month":"August","date":2,"day":"Sunday","name":"Friendship Day","type":"Observance"},{"month":"August","date":3,"day":"Monday","name":"Raksha Bandhan (Rakhi)","type":"Restricted"},{"month":"August","date":11,"day":"Tuesday","name":"Janmashtami (Smarta)","type":"Restricted"},{"month":"August","date":12,"day":"Wednesday","name":"Janmashtami","type":"Gazetted"},{"month":"August","date":15,"day":"Saturday","name":"Independence Day","type":"Gazetted"},{"month":"August","date":16,"day":"Sunday","name":"Parsi New Year","type":"Restricted"},{"month":"August","date":22,"day":"Saturday","name":"Ganesh Chaturthi/Vin
08-05 00:54:29.785 12138 12138 V Response: [{"month":"January","date":1,"day":"Wednesday","name":"New Year's Day","type":"Restricted"},{"month":"January","date":2,"day":"Thursday","name":"Guru Govind Singh Jayanti","type":"Restricted"},{"month":"January","date":14,"day":"Tuesday","name":"Lohri","type":"Restricted"},{"month":"January","date":15,"day":"Wednesday","name":"Pongal","type":"Restricted"},{"month":"January","date":15,"day":"Wednesday","name":"Makar Sankranti","type":"Restricted"},{"month":"January","date":25,"day":"Saturday","name":"Chinese New Year","type":"Observance"},{"month":"January","date":26,"day":"Sunday","name":"Republic Day","type":"Gazetted"},{"month":"January","date":30,"day":"Thursday","name":"Vasant Panchami","type":"Restricted"},{"month":"February","date":9,"day":"Sunday","name":"Guru Ravidas Jayanti","type":"Restricted"},{"month":"February","date":14,"day":"Friday","name":"Valentine's Day","type":"Observance"},{"month":"February","date":18,"day":"Tuesday","name":"Maharishi Dayanand Saraswati Jayanti","type":"Restricted"},{"month":"February","date":19,"day":"Wednesday","name":"Shivaji Jayanti","type":"Restricted"},{"month":"February","date":21,"day":"Friday","name":"Maha Shivaratri/Shivaratri","type":"Gazetted"},{"month":"March","date":9,"day":"Monday","name":"Holika Dahana","type":"Restricted"},{"month":"March","date":9,"day":"Monday","name":"Hazarat Ali's Birthday","type":"Restricted"},{"month":"March","date":10,"day":"Tuesday","name":"Holi","type":"Gazetted"},{"month":"March","date":20,"day":"Friday","name":"March Equinox","type":"Season"},{"month":"March","date":25,"day":"Wednesday","name":"Chaitra Sukhladi","type":"Restricted"},{"month":"April","date":2,"day":"Thursday","name":"Rama Navami","type":"Gazetted"},{"month":"April","date":6,"day":"Monday","name":"Mahavir Jayanti","type":"Gazetted"},{"month":"April","date":9,"day":"Thursday","name":"First day of Passover","type":"Observance"},{"month":"April","date":9,"day":"Thursday","name":"Maundy Thursday","type":"Observance,"},{"month":"April","date":10,"day":"Friday","name":"Good Friday","type":"Gazetted"},{"month":"April","date":12,"day":"Sunday","name":"Easter Day","type":"Restricted"},{"month":"April","date":13,"day":"Monday","name":"Vaisakhi","type":"Restricted"},{"month":"April","date":14,"day":"Tuesday","name":"Mesadi/Vaisakhadi","type":"Restricted"},{"month":"April","date":14,"day":"Tuesday","name":"Ambedkar Jayanti","type":"Central"},{"month":"May","date":1,"day":"Friday","name":"May Day","type":"Observance"},{"month":"May","date":7,"day":"Thursday","name":"Buddha Purnima/Vesak","type":"Gazetted"},{"month":"May","date":7,"day":"Thursday","name":"Birthday of Ravindranath","type":"Restricted"},{"month":"May","date":10,"day":"Sunday","name":"Mother's Day","type":"Observance"},{"month":"May","date":22,"day":"Friday","name":"Jamat Ul-Vida","type":"Restricted"},{"month":"May","date":25,"day":"Monday","name":"Ramzan Id/Eid-ul-Fitar","type":"Gazetted"},{"month":"May","date":25,"day":"Monday","name":"Ramzan Id/Eid-ul-Fitar","type":"Muslim,"},{"month":"June","date":21,"day":"Sunday","name":"June Solstice","type":"Season"},{"month":"June","date":21,"day":"Sunday","name":"Father's Day","type":"Observance"},{"month":"June","date":23,"day":"Tuesday","name":"Rath Yatra","type":"Restricted"},{"month":"July","date":5,"day":"Sunday","name":"Guru Purnima","type":"Observance"},{"month":"July","date":31,"day":"Friday","name":"Bakr Id/Eid ul-Adha","type":"Gazetted"},{"month":"August","date":2,"day":"Sunday","name":"Friendship Day","type":"Observance"},{"month":"August","date":3,"day":"Monday","name":"Raksha Bandhan (Rakhi)","type":"Restricted"},{"month":"August","date":11,"day":"Tuesday","name":"Janmashtami (Smarta)","type":"Restricted"},{"month":"August","date":12,"day":"Wednesday","name":"Janmashtami","type":"Gazetted"},{"month":"August","date":15,"day":"Saturday","name":"Independence Day","type":"Gazetted"},{"month":"August","date":16,"day":"Sunday","name":"Parsi New Year","type":"Restricted"},{"month":"August","date":22,"day":"Saturday","name":"Ganesh Chaturthi/Vin
08-05 00:54:29.865 12138 12150 I art     : Starting a blocking GC Explicit
08-05 00:54:29.931 12138 12150 I art     : Explicit concurrent mark sweep GC freed 16632(721KB) AllocSpace objects, 12(4MB) LOS objects, 10% free, 138MB/154MB, paused 1.669ms total 65.372ms
08-05 00:54:29.951 12138 12150 I art     : Starting a blocking GC Explicit
08-05 00:54:30.010 12138 12150 I art     : Explicit concurrent mark sweep GC freed 2279(246KB) AllocSpace objects, 0(0B) LOS objects, 10% free, 137MB/153MB, paused 1.633ms total 58.859ms
08-05 00:54:30.030 12138 12150 I art     : Starting a blocking GC Explicit
08-05 00:54:30.089 12138 12150 I art     : Explicit concurrent mark sweep GC freed 163(3KB) AllocSpace objects, 0(0B) LOS objects, 10% free, 137MB/153MB, paused 1.626ms total 59.190ms
08-05 00:54:30.109 12138 12150 I art     : Starting a blocking GC Explicit
08-05 00:54:30.169 12138 12150 I art     : Explicit concurrent mark sweep GC freed 124(2128B) AllocSpace objects, 0(0B) LOS objects, 10% free, 137MB/153MB, paused 1.618ms total 59.829ms
08-05 00:54:30.189 12138 12150 I art     : Starting a blocking GC Explicit
08-05 00:54:30.249 12138 12150 I art     : Explicit concurrent mark sweep GC freed 99(1696B) AllocSpace objects, 0(0B) LOS objects, 10% free, 137MB/153MB, paused 1.628ms total 59.607ms
08-05 00:54:30.645 12138 13058 I art     : Starting a blocking GC Explicit
08-05 00:54:30.713 12138 13058 I art     : Explicit concurrent mark sweep GC freed 2266(103KB) AllocSpace objects, 2(36KB) LOS objects, 10% free, 137MB/153MB, paused 1.669ms total 67.253ms
08-05 00:54:30.735 12138 13058 I art     : Starting a blocking GC Explicit
08-05 00:54:30.795 12138 13058 I art     : Explicit concurrent mark sweep GC freed 168(4KB) AllocSpace objects, 0(0B) LOS objects, 10% free, 137MB/153MB, paused 1.629ms total 59.598ms
08-05 00:54:30.815 12138 13058 I art     : Starting a blocking GC Explicit
08-05 00:54:30.878 12138 13058 I art     : Explicit concurrent mark sweep GC freed 123(2096B) AllocSpace objects, 0(0B) LOS objects, 10% free, 137MB/153MB, paused 1.651ms total 62.862ms
08-05 00:54:30.898 12138 13058 I art     : Starting a blocking GC Explicit
08-05 00:54:30.961 12138 13058 I art     : Explicit concurrent mark sweep GC freed 123(2096B) AllocSpace objects, 0(0B) LOS objects, 10% free, 137MB/153MB, paused 1.675ms total 62.386ms
08-05 00:54:30.982 12138 13058 I art     : Starting a blocking GC Explicit
08-05 00:54:31.045 12138 13058 I art     : Explicit concurrent mark sweep GC freed 164(3KB) AllocSpace objects, 0(0B) LOS objects, 10% free, 137MB/153MB, paused 1.567ms total 62.902ms
08-05 00:54:31.481 12138 12418 I art     : Starting a blocking GC Explicit
08-05 00:54:31.547 12138 12418 I art     : Explicit concurrent mark sweep GC freed 2302(103KB) AllocSpace objects, 2(36KB) LOS objects, 10% free, 137MB/153MB, paused 1.491ms total 65.727ms
08-05 00:54:31.570 12138 12418 I art     : Starting a blocking GC Explicit
08-05 00:54:31.631 12138 12418 I art     : Explicit concurrent mark sweep GC freed 148(3024B) AllocSpace objects, 0(0B) LOS objects, 10% free, 137MB/153MB, paused 1.632ms total 60.644ms
08-05 00:54:31.651 12138 12418 I art     : Starting a blocking GC Explicit
08-05 00:54:31.714 12138 12418 I art     : Explicit concurrent mark sweep GC freed 122(2064B) AllocSpace objects, 0(0B) LOS objects, 10% free, 137MB/153MB, paused 1.498ms total 63.022ms
08-05 00:54:31.734 12138 12418 I art     : Starting a blocking GC Explicit
08-05 00:54:31.798 12138 12418 I art     : Explicit concurrent mark sweep GC freed 124(2128B) AllocSpace objects, 0(0B) LOS objects, 10% free, 137MB/153MB, paused 1.725ms total 63.950ms
08-05 00:54:31.819 12138 12418 I art     : Starting a blocking GC Explicit
08-05 00:54:31.881 12138 12418 I art     : Explicit concurrent mark sweep GC freed 122(2064B) AllocSpace objects, 0(0B) LOS objects, 10% free, 137MB/153MB, paused 1.628ms total 61.743ms
08-05 00:54:32.300 12138 12159 I art     : Starting a blocking GC Explicit
08-05 00:54:32.365 12138 12159 I art     : Explicit concurrent mark sweep GC freed 2333(105KB) AllocSpace objects, 2(36KB) LOS objects, 10% free, 137MB/153MB, paused 1.578ms total 64.233ms
08-05 00:54:32.385 12138 12159 I art     : Starting a blocking GC Explicit
08-05 00:54:32.447 12138 12159 I art     : Explicit concurrent mark sweep GC freed 157(3KB) AllocSpace objects, 0(0B) LOS objects, 10% free, 137MB/153MB, paused 1.684ms total 61.826ms
08-05 00:54:32.467 12138 12159 I art     : Starting a blocking GC Explicit
08-05 00:54:32.530 12138 12159 I art     : Explicit concurrent mark sweep GC freed 124(2128B) AllocSpace objects, 0(0B) LOS objects, 10% free, 137MB/153MB, paused 1.696ms total 62.248ms
08-05 00:54:32.550 12138 12159 I art     : Starting a blocking GC Explicit
08-05 00:54:32.613 12138 12159 I art     : Explicit concurrent mark sweep GC freed 122(2064B) AllocSpace objects, 0(0B) LOS objects, 10% free, 137MB/153MB, paused 1.564ms total 62.283ms
08-05 00:54:32.633 12138 12159 I art     : Starting a blocking GC Explicit
08-05 00:54:32.697 12138 12159 I art     : Explicit concurrent mark sweep GC freed 124(2128B) AllocSpace objects, 0(0B) LOS objects, 10% free, 137MB/153MB, paused 1.655ms total 63.239ms
08-05 00:54:33.126 12138 12149 I art     : Starting a blocking GC Explicit
08-05 00:54:33.193 12138 12149 I art     : Explicit concurrent mark sweep GC freed 2343(104KB) AllocSpace objects, 2(36KB) LOS objects, 10% free, 137MB/153MB, paused 1.632ms total 65.870ms
08-05 00:54:33.215 12138 12149 I art     : Starting a blocking GC Explicit
08-05 00:54:33.272 12138 12149 I art     : Explicit concurrent mark sweep GC freed 128(2688B) AllocSpace objects, 0(0B) LOS objects, 10% free, 137MB/153MB, paused 1.530ms total 57.485ms
08-05 00:54:33.292 12138 12149 I art     : Starting a blocking GC Explicit
08-05 00:54:33.347 12138 12149 I art     : Explicit concurrent mark sweep GC freed 119(2032B) AllocSpace objects, 0(0B) LOS objects, 10% free, 137MB/153MB, paused 1.600ms total 55.024ms
08-05 00:54:33.366 12138 12149 I art     : Starting a blocking GC Explicit
08-05 00:54:33.424 12138 12149 I art     : Explicit concurrent mark sweep GC freed 118(2496B) AllocSpace objects, 0(0B) LOS objects, 10% free, 137MB/153MB, paused 1.910ms total 57.698ms
08-05 00:54:33.444 12138 12149 I art     : Starting a blocking GC Explicit
08-05 00:54:33.503 12138 12149 I art     : Explicit concurrent mark sweep GC freed 139(3KB) AllocSpace objects, 0(0B) LOS objects, 10% free, 137MB/153MB, paused 1.589ms total 58.195ms
08-05 00:54:33.703   518   646 I ThermalEngine: ACTION: GPU - Setting GPU[0] to 510000000
08-05 00:54:33.785 14112 14112 D AndroidRuntime: >>>>>> START com.android.internal.os.RuntimeInit uid 2000 <<<<<<
08-05 00:54:33.790 14112 14112 D AndroidRuntime: CheckJNI is OFF
08-05 00:54:33.824 14112 14112 D ICU     : No timezone override file found: /data/misc/zoneinfo/current/icu/icu_tzdata.dat
08-05 00:54:33.858 14112 14112 I Radio-JNI: register_android_hardware_Radio DONE
08-05 00:54:33.879 12138 12150 I art     : Starting a blocking GC Explicit
08-05 00:54:33.880 14112 14112 D AndroidRuntime: Calling main entry com.android.commands.input.Input
08-05 00:54:33.882 14112 14112 I Input   : injectKeyEvent: KeyEvent { action=ACTION_DOWN, keyCode=KEYCODE_BACK, scanCode=0, metaState=0, flags=0x0, repeatCount=0, eventTime=752090295, downTime=752090295, deviceId=-1, source=0x101 }
08-05 00:54:33.890 14112 14112 I Input   : injectKeyEvent: KeyEvent { action=ACTION_UP, keyCode=KEYCODE_BACK, scanCode=0, metaState=0, flags=0x0, repeatCount=0, eventTime=752090295, downTime=752090295, deviceId=-1, source=0x101 }
08-05 00:54:33.896 14112 14112 D AndroidRuntime: Shutting down VM
08-05 00:54:33.904 12138 12138 V MainActivity: url = https://project-travel-mate.herokuapp.com/api/number-of-unread-notifications
08-05 00:54:33.927 12138 12150 I art     : Explicit concurrent mark sweep GC freed 2486(114KB) AllocSpace objects, 2(36KB) LOS objects, 10% free, 137MB/153MB, paused 1.111ms total 47.292ms
08-05 00:54:33.933 13866 13866 I GoogleInputMethodServic: GoogleInputMethodService.onFinishInput():3138 
08-05 00:54:33.933 13866 13866 I GoogleInputMethodServic: GoogleInputMethodService.onStartInput():1808 
08-05 00:54:33.942 12138 12150 I art     : Starting a blocking GC Explicit
08-05 00:54:33.987 12138 12150 I art     : Explicit concurrent mark sweep GC freed 241(9KB) AllocSpace objects, 0(0B) LOS objects, 10% free, 137MB/153MB, paused 1.132ms total 44.101ms
08-05 00:54:34.005 12138 12150 I art     : Starting a blocking GC Explicit
08-05 00:54:34.045 12138 12150 I art     : Explicit concurrent mark sweep GC freed 161(5KB) AllocSpace objects, 0(0B) LOS objects, 10% free, 137MB/153MB, paused 1.112ms total 39.784ms
08-05 00:54:34.059 12138 12150 I art     : Starting a blocking GC Explicit
08-05 00:54:34.102 12138 12150 I art     : Explicit concurrent mark sweep GC freed 76(1328B) AllocSpace objects, 0(0B) LOS objects, 10% free, 137MB/153MB, paused 1.196ms total 42.222ms
08-05 00:54:34.117 12138 12150 I art     : Starting a blocking GC Explicit
08-05 00:54:34.163 12138 12150 I art     : Explicit concurrent mark sweep GC freed 120(2800B) AllocSpace objects, 0(0B) LOS objects, 10% free, 137MB/153MB, paused 1.168ms total 45.479ms
08-05 00:54:34.254   380   380 W SurfaceFlinger: couldn't log to binary event log: overflow.
08-05 00:54:34.500 12138 12418 I art     : Starting a blocking GC Explicit
08-05 00:54:34.566 12138 12418 I art     : Explicit concurrent mark sweep GC freed 1767(96KB) AllocSpace objects, 3(224KB) LOS objects, 10% free, 137MB/153MB, paused 1.671ms total 65.898ms
08-05 00:54:34.587 12138 12418 I art     : Starting a blocking GC Explicit
08-05 00:54:34.634 12138 12418 I art     : Explicit concurrent mark sweep GC freed 6666(361KB) AllocSpace objects, 13(264KB) LOS objects, 10% free, 137MB/153MB, paused 1.259ms total 45.941ms
08-05 00:54:34.649 12138 12418 I art     : Starting a blocking GC Explicit
08-05 00:54:34.696 12138 12418 I art     : Explicit concurrent mark sweep GC freed 1023(71KB) AllocSpace objects, 2(120KB) LOS objects, 10% free, 137MB/153MB, paused 1.601ms total 47.237ms
08-05 00:54:34.712 12138 12418 I art     : Starting a blocking GC Explicit
08-05 00:54:34.748 12138 14135 I NAPPA_EXPERIMENTATION: MetricNetworkRequestExecutionTime: REQUEST_DURATION_SYSTEM='843',REQUEST_DURATION_OKHTTP='38',REQUEST_SYNCHRONOUS='FALSE',RESPONSE_CODE='200',RESPONSE_METHOD='GET',RESPONSE_LENGTH_OKHTTP='36',RESPONSE_LENGTH_HEADER='36',REQUEST_PROTOCOL='http/1.1',REQUEST_URL='https://project-travel-mate.herokuapp.com/api/number-of-unread-notifications',
08-05 00:54:34.757 12138 12418 I art     : Explicit concurrent mark sweep GC freed 2405(163KB) AllocSpace objects, 1(80KB) LOS objects, 10% free, 137MB/153MB, paused 1.165ms total 44.717ms
08-05 00:54:34.772 12138 12418 I art     : Starting a blocking GC Explicit
08-05 00:54:34.819 12138 12418 I art     : Explicit concurrent mark sweep GC freed 241(26KB) AllocSpace objects, 0(0B) LOS objects, 10% free, 137MB/153MB, paused 1.096ms total 46.219ms
08-05 00:54:35.179 12138 13058 I art     : Starting a blocking GC Explicit
08-05 00:54:35.226 12138 13058 I art     : Explicit concurrent mark sweep GC freed 1718(97KB) AllocSpace objects, 2(36KB) LOS objects, 10% free, 137MB/153MB, paused 1.231ms total 46.715ms
08-05 00:54:35.241 12138 13058 I art     : Starting a blocking GC Explicit
08-05 00:54:35.285 12138 13058 I art     : Explicit concurrent mark sweep GC freed 38(1568B) AllocSpace objects, 0(0B) LOS objects, 10% free, 137MB/153MB, paused 1.199ms total 43.686ms
08-05 00:54:35.300 12138 13058 I art     : Starting a blocking GC Explicit
08-05 00:54:35.344 12138 13058 I art     : Explicit concurrent mark sweep GC freed 3(96B) AllocSpace objects, 0(0B) LOS objects, 10% free, 137MB/153MB, paused 1.190ms total 43.259ms
08-05 00:54:35.358 12138 13058 I art     : Starting a blocking GC Explicit
08-05 00:54:35.403 12138 13058 I art     : Explicit concurrent mark sweep GC freed 3(96B) AllocSpace objects, 0(0B) LOS objects, 10% free, 137MB/153MB, paused 1.203ms total 44.206ms
08-05 00:54:35.418 12138 13058 I art     : Starting a blocking GC Explicit
08-05 00:54:35.462 12138 13058 I art     : Explicit concurrent mark sweep GC freed 3(96B) AllocSpace objects, 0(0B) LOS objects, 10% free, 137MB/153MB, paused 1.197ms total 44.610ms
08-05 00:54:35.568 14157 14157 D AndroidRuntime: >>>>>> START com.android.internal.os.RuntimeInit uid 2000 <<<<<<
08-05 00:54:35.573 14157 14157 D AndroidRuntime: CheckJNI is OFF
08-05 00:54:35.605 14157 14157 D ICU     : No timezone override file found: /data/misc/zoneinfo/current/icu/icu_tzdata.dat
08-05 00:54:35.638 14157 14157 I Radio-JNI: register_android_hardware_Radio DONE
08-05 00:54:35.659 14157 14157 D AndroidRuntime: Calling main entry com.android.commands.input.Input
08-05 00:54:35.661 14157 14157 I Input   : injectMotionEvent: MotionEvent { action=ACTION_DOWN, actionButton=0, id[0]=0, x[0]=117.0, y[0]=170.0, toolType[0]=TOOL_TYPE_UNKNOWN, buttonState=0, metaState=0, flags=0x0, edgeFlags=0x0, pointerCount=1, historySize=0, eventTime=752092074, downTime=752092074, deviceId=0, source=0x1002 }
08-05 00:54:35.668 14157 14157 I Input   : injectMotionEvent: MotionEvent { action=ACTION_UP, actionButton=0, id[0]=0, x[0]=117.0, y[0]=170.0, toolType[0]=TOOL_TYPE_UNKNOWN, buttonState=0, metaState=0, flags=0x0, edgeFlags=0x0, pointerCount=1, historySize=0, eventTime=752092074, downTime=752092074, deviceId=0, source=0x1002 }
08-05 00:54:35.697 14157 14157 D AndroidRuntime: Shutting down VM
08-05 00:54:35.728   512  2967 D audio_hw_primary: out_set_parameters: enter: usecase(1: low-latency-playback) kvpairs: routing=2
08-05 00:54:35.741   512  2967 D audio_hw_primary: select_devices: out_snd_device(2: speaker) in_snd_device(0: none)
08-05 00:54:35.741   512  2967 D msm8974_platform: platform_send_audio_calibration: sending audio calibration for snd_device(2) acdb_id(15)
08-05 00:54:35.741   512  2967 I soundtrigger: audio_extn_sound_trigger_update_device_status: device 0x2 of type 0 for Event 1
08-05 00:54:35.758   512  2967 D audio_hw_primary: enable_snd_device: snd_device(2: speaker)
08-05 00:54:35.760   512  2967 D audio_hw_primary: enable_audio_route: apply and update mixer path: low-latency-playback speaker
08-05 00:54:35.798 12138 12150 I art     : Starting a blocking GC Explicit
08-05 00:54:35.840 12138 12150 I art     : Explicit concurrent mark sweep GC freed 1970(111KB) AllocSpace objects, 2(36KB) LOS objects, 10% free, 137MB/153MB, paused 1.175ms total 41.123ms
08-05 00:54:35.857 12138 12150 I art     : Starting a blocking GC Explicit
08-05 00:54:35.898 12138 12150 I art     : Explicit concurrent mark sweep GC freed 140(5KB) AllocSpace objects, 0(0B) LOS objects, 10% free, 137MB/153MB, paused 1.126ms total 40.847ms
08-05 00:54:35.912 12138 12150 I art     : Starting a blocking GC Explicit
08-05 00:54:35.953 12138 12150 I art     : Explicit concurrent mark sweep GC freed 3(96B) AllocSpace objects, 0(0B) LOS objects, 10% free, 137MB/153MB, paused 1.165ms total 41.259ms
08-05 00:54:35.968 12138 12150 I art     : Starting a blocking GC Explicit
08-05 00:54:36.010 12138 12150 I art     : Explicit concurrent mark sweep GC freed 3(96B) AllocSpace objects, 0(0B) LOS objects, 10% free, 137MB/153MB, paused 1.308ms total 41.384ms
08-05 00:54:36.024 12138 12150 I art     : Starting a blocking GC Explicit
08-05 00:54:36.064 12138 12150 I art     : Explicit concurrent mark sweep GC freed 46(1264B) AllocSpace objects, 0(0B) LOS objects, 10% free, 137MB/153MB, paused 1.296ms total 40.169ms
08-05 00:54:36.288   512  2967 D audio_hw_primary: disable_audio_route: reset and update mixer path: low-latency-playback speaker
08-05 00:54:36.289   512  2967 D audio_hw_primary: disable_snd_device: snd_device(2: speaker)
08-05 00:54:36.298   512  2967 I soundtrigger: audio_extn_sound_trigger_update_device_status: device 0x2 of type 0 for Event 0
08-05 00:54:36.319 14180 14180 D AndroidRuntime: >>>>>> START com.android.internal.os.RuntimeInit uid 2000 <<<<<<
08-05 00:54:36.323 14180 14180 D AndroidRuntime: CheckJNI is OFF
08-05 00:54:36.354 14180 14180 D ICU     : No timezone override file found: /data/misc/zoneinfo/current/icu/icu_tzdata.dat
08-05 00:54:36.387 14180 14180 I Radio-JNI: register_android_hardware_Radio DONE
08-05 00:54:36.409 14180 14180 D AndroidRuntime: Calling main entry com.android.commands.input.Input
08-05 00:54:36.410 12138 12149 I art     : Starting a blocking GC Explicit
08-05 00:54:36.410 14180 14180 I Input   : injectMotionEvent: MotionEvent { action=ACTION_DOWN, actionButton=0, id[0]=0, x[0]=405.0, y[0]=661.0, toolType[0]=TOOL_TYPE_UNKNOWN, buttonState=0, metaState=0, flags=0x0, edgeFlags=0x0, pointerCount=1, historySize=0, eventTime=752092823, downTime=752092823, deviceId=0, source=0x1002 }
08-05 00:54:36.414 14180 14180 I Input   : injectMotionEvent: MotionEvent { action=ACTION_UP, actionButton=0, id[0]=0, x[0]=405.0, y[0]=661.0, toolType[0]=TOOL_TYPE_UNKNOWN, buttonState=0, metaState=0, flags=0x0, edgeFlags=0x0, pointerCount=1, historySize=0, eventTime=752092823, downTime=752092823, deviceId=0, source=0x1002 }
08-05 00:54:36.415 14180 14180 D AndroidRuntime: Shutting down VM
08-05 00:54:36.430   512  2967 D audio_hw_primary: out_set_parameters: enter: usecase(1: low-latency-playback) kvpairs: routing=2
08-05 00:54:36.444   512  2967 D audio_hw_primary: select_devices: out_snd_device(2: speaker) in_snd_device(0: none)
08-05 00:54:36.444   512  2967 D msm8974_platform: platform_send_audio_calibration: sending audio calibration for snd_device(2) acdb_id(15)
08-05 00:54:36.444   512  2967 I soundtrigger: audio_extn_sound_trigger_update_device_status: device 0x2 of type 0 for Event 1
08-05 00:54:36.453   512  2967 D audio_hw_primary: enable_snd_device: snd_device(2: speaker)
08-05 00:54:36.455   512  2967 D audio_hw_primary: enable_audio_route: apply and update mixer path: low-latency-playback speaker
08-05 00:54:36.458 12138 12149 I art     : Explicit concurrent mark sweep GC freed 2020(135KB) AllocSpace objects, 2(36KB) LOS objects, 10% free, 137MB/153MB, paused 2.295ms total 48.410ms
08-05 00:54:36.473 12138 12149 I art     : Starting a blocking GC Explicit
08-05 00:54:36.497   512  2967 D AudioFlinger: mixer(0xf4740000) throttle end: throttle time(12)
08-05 00:54:36.514 12138 12149 I art     : Explicit concurrent mark sweep GC freed 112(33KB) AllocSpace objects, 0(0B) LOS objects, 8% free, 168MB/184MB, paused 1.298ms total 40.757ms
08-05 00:54:36.528 12138 12149 I art     : Starting a blocking GC Explicit
08-05 00:54:36.569 12138 12149 I art     : Explicit concurrent mark sweep GC freed 12(448B) AllocSpace objects, 0(0B) LOS objects, 8% free, 168MB/184MB, paused 1.315ms total 40.893ms
08-05 00:54:36.583 12138 12149 I art     : Starting a blocking GC Explicit
08-05 00:54:36.624 12138 12149 I art     : Explicit concurrent mark sweep GC freed 3(96B) AllocSpace objects, 0(0B) LOS objects, 8% free, 168MB/184MB, paused 1.319ms total 40.762ms
08-05 00:54:36.638 12138 12149 I art     : Starting a blocking GC Explicit
08-05 00:54:36.680 12138 12149 I art     : Explicit concurrent mark sweep GC freed 37(17KB) AllocSpace objects, 0(0B) LOS objects, 8% free, 171MB/187MB, paused 1.456ms total 42.183ms
08-05 00:54:36.712   518   646 I ThermalEngine: ACTION: GPU - Setting GPU[0] to 450000000
08-05 00:54:36.988   512  2967 D audio_hw_primary: disable_audio_route: reset and update mixer path: low-latency-playback speaker
08-05 00:54:36.990   512  2967 D audio_hw_primary: disable_snd_device: snd_device(2: speaker)
08-05 00:54:36.998   512  2967 I soundtrigger: audio_extn_sound_trigger_update_device_status: device 0x2 of type 0 for Event 0
08-05 00:54:37.051 12138 12149 I art     : Starting a blocking GC Explicit
08-05 00:54:37.108 12138 12149 I art     : Explicit concurrent mark sweep GC freed 3256(174KB) AllocSpace objects, 11(288KB) LOS objects, 7% free, 184MB/200MB, paused 1.531ms total 56.978ms
08-05 00:54:37.128 12138 12149 I art     : Starting a blocking GC Explicit
08-05 00:54:37.188 12138 12149 I art     : Explicit concurrent mark sweep GC freed 892(50KB) AllocSpace objects, 0(0B) LOS objects, 7% free, 184MB/200MB, paused 1.616ms total 60.193ms
08-05 00:54:37.209 12138 12149 I art     : Starting a blocking GC Explicit
08-05 00:54:37.267 12138 12149 I art     : Explicit concurrent mark sweep GC freed 3(96B) AllocSpace objects, 0(0B) LOS objects, 7% free, 184MB/200MB, paused 1.597ms total 57.696ms
08-05 00:54:37.287 12138 12149 I art     : Starting a blocking GC Explicit
08-05 00:54:37.349 12138 12149 I art     : Explicit concurrent mark sweep GC freed 3(96B) AllocSpace objects, 0(0B) LOS objects, 7% free, 184MB/200MB, paused 1.818ms total 61.637ms
08-05 00:54:37.372 12138 12149 I art     : Starting a blocking GC Explicit
08-05 00:54:37.435 12138 12149 I art     : Explicit concurrent mark sweep GC freed 3(96B) AllocSpace objects, 0(0B) LOS objects, 7% free, 184MB/200MB, paused 1.668ms total 62.182ms
08-05 00:54:37.437   918  3261 D WifiStateMachine: starting scan for "H369AA63323"WPA_PSK with 2412,5180
08-05 00:54:37.854 12138 13058 I art     : Starting a blocking GC Explicit
08-05 00:54:37.860  5347  5347 I ServiceManager: Waiting for service AtCmdFwd...
08-05 00:54:37.920 12138 13058 I art     : Explicit concurrent mark sweep GC freed 1590(92KB) AllocSpace objects, 2(36KB) LOS objects, 7% free, 184MB/200MB, paused 1.602ms total 64.843ms
08-05 00:54:37.940 12138 13058 I art     : Starting a blocking GC Explicit
08-05 00:54:37.996 12138 13058 I art     : Explicit concurrent mark sweep GC freed 51(2144B) AllocSpace objects, 0(0B) LOS objects, 7% free, 184MB/200MB, paused 1.439ms total 56.132ms
08-05 00:54:38.016 12138 13058 I art     : Starting a blocking GC Explicit
08-05 00:54:38.071 12138 13058 I art     : Explicit concurrent mark sweep GC freed 71(2352B) AllocSpace objects, 0(0B) LOS objects, 7% free, 184MB/200MB, paused 1.589ms total 54.961ms
08-05 00:54:38.090 12138 13058 I art     : Starting a blocking GC Explicit
08-05 00:54:38.149 12138 13058 I art     : Explicit concurrent mark sweep GC freed 3(96B) AllocSpace objects, 0(0B) LOS objects, 7% free, 184MB/200MB, paused 1.624ms total 58.024ms
08-05 00:54:38.168 12138 13058 I art     : Starting a blocking GC Explicit
08-05 00:54:38.224 12138 13058 I art     : Explicit concurrent mark sweep GC freed 3(96B) AllocSpace objects, 0(0B) LOS objects, 7% free, 184MB/200MB, paused 1.427ms total 55.187ms
08-05 00:54:38.650 12138 12418 I art     : Starting a blocking GC Explicit
08-05 00:54:38.710 12138 12418 I art     : Explicit concurrent mark sweep GC freed 1585(92KB) AllocSpace objects, 2(36KB) LOS objects, 7% free, 184MB/200MB, paused 1.409ms total 59.504ms
08-05 00:54:38.729 12138 12418 I art     : Starting a blocking GC Explicit
08-05 00:54:38.784 12138 12418 I art     : Explicit concurrent mark sweep GC freed 38(1536B) AllocSpace objects, 0(0B) LOS objects, 7% free, 184MB/200MB, paused 1.539ms total 54.960ms
08-05 00:54:38.804 12138 12418 I art     : Starting a blocking GC Explicit
08-05 00:54:38.861  5347  5347 I ServiceManager: Waiting for service AtCmdFwd...
08-05 00:54:38.863 12138 12418 I art     : Explicit concurrent mark sweep GC freed 17(528B) AllocSpace objects, 0(0B) LOS objects, 7% free, 184MB/200MB, paused 1.499ms total 58.024ms
08-05 00:54:38.883 12138 12418 I art     : Starting a blocking GC Explicit
08-05 00:54:38.943 12138 12418 I art     : Explicit concurrent mark sweep GC freed 3(96B) AllocSpace objects, 0(0B) LOS objects, 7% free, 184MB/200MB, paused 1.600ms total 59.646ms
08-05 00:54:38.963 12138 12418 I art     : Starting a blocking GC Explicit
08-05 00:54:39.022 12138 12418 I art     : Explicit concurrent mark sweep GC freed 43(1168B) AllocSpace objects, 0(0B) LOS objects, 7% free, 184MB/200MB, paused 1.630ms total 59.407ms
08-05 00:54:39.225 14232 14232 D AndroidRuntime: >>>>>> START com.android.internal.os.RuntimeInit uid 2000 <<<<<<
08-05 00:54:39.231 14232 14232 D AndroidRuntime: CheckJNI is OFF
08-05 00:54:39.271 14232 14232 D ICU     : No timezone override file found: /data/misc/zoneinfo/current/icu/icu_tzdata.dat
08-05 00:54:39.313 14232 14232 I Radio-JNI: register_android_hardware_Radio DONE
08-05 00:54:39.343 14232 14232 D AndroidRuntime: Calling main entry com.android.commands.input.Input
08-05 00:54:39.346 14232 14232 I Input   : injectMotionEvent: MotionEvent { action=ACTION_DOWN, actionButton=0, id[0]=0, x[0]=1341.0, y[0]=197.0, toolType[0]=TOOL_TYPE_UNKNOWN, buttonState=0, metaState=0, flags=0x0, edgeFlags=0x0, pointerCount=1, historySize=0, eventTime=752095758, downTime=752095758, deviceId=0, source=0x1002 }
08-05 00:54:39.351 14232 14232 I Input   : injectMotionEvent: MotionEvent { action=ACTION_UP, actionButton=0, id[0]=0, x[0]=1341.0, y[0]=197.0, toolType[0]=TOOL_TYPE_UNKNOWN, buttonState=0, metaState=0, flags=0x0, edgeFlags=0x0, pointerCount=1, historySize=0, eventTime=752095758, downTime=752095758, deviceId=0, source=0x1002 }
08-05 00:54:39.354 14232 14232 D AndroidRuntime: Shutting down VM
08-05 00:54:39.364   512  2967 D audio_hw_primary: out_set_parameters: enter: usecase(1: low-latency-playback) kvpairs: routing=2
08-05 00:54:39.364   918  6112 I ActivityManager: START u0 {cmp=baseline.io.github.project_travel_mate/.notifications.NotificationsActivity} from uid 10674 on display 0
08-05 00:54:39.377   512  2967 D audio_hw_primary: select_devices: out_snd_device(2: speaker) in_snd_device(0: none)
08-05 00:54:39.378   512  2967 D msm8974_platform: platform_send_audio_calibration: sending audio calibration for snd_device(2) acdb_id(15)
08-05 00:54:39.378   512  2967 I soundtrigger: audio_extn_sound_trigger_update_device_status: device 0x2 of type 0 for Event 1
08-05 00:54:39.392   512  2967 D audio_hw_primary: enable_snd_device: snd_device(2: speaker)
08-05 00:54:39.397   512  2967 D audio_hw_primary: enable_audio_route: apply and update mixer path: low-latency-playback speaker
08-05 00:54:39.406 12138 12205 D Gabe    : call	returning from cache
08-05 00:54:39.412 12138 12138 V EXECUTING: https://project-travel-mate.herokuapp.com/api/get-notifications
08-05 00:54:39.415 12138 12138 V EXECUTING: https://project-travel-mate.herokuapp.com/api/get-notifications
08-05 00:54:39.433 12138 12150 I art     : Starting a blocking GC Explicit
08-05 00:54:39.490 12138 12150 I art     : Explicit concurrent mark sweep GC freed 3457(210KB) AllocSpace objects, 2(36KB) LOS objects, 7% free, 188MB/204MB, paused 2.490ms total 57.455ms
08-05 00:54:39.511 12138 12150 I art     : Starting a blocking GC Explicit
08-05 00:54:39.565 12138 12150 I art     : Explicit concurrent mark sweep GC freed 525(26KB) AllocSpace objects, 0(0B) LOS objects, 7% free, 188MB/204MB, paused 1.664ms total 53.453ms
08-05 00:54:39.587 12138 12150 I art     : Starting a blocking GC Explicit
08-05 00:54:39.588   918   936 I ActivityManager: Displayed baseline.io.github.project_travel_mate/.notifications.NotificationsActivity: +207ms
08-05 00:54:39.589 13866 13866 I GoogleInputMethodServic: GoogleInputMethodService.onFinishInput():3138 
08-05 00:54:39.590 13866 13866 I GoogleInputMethodServic: GoogleInputMethodService.onStartInput():1808 
08-05 00:54:39.643 12138 12150 I art     : Explicit concurrent mark sweep GC freed 166(4KB) AllocSpace objects, 0(0B) LOS objects, 7% free, 188MB/204MB, paused 1.934ms total 55.580ms
08-05 00:54:39.664 12138 12150 I art     : Starting a blocking GC Explicit
08-05 00:54:39.685 12138 12154 D OpenGLRenderer: endAllStagingAnimators on 0x7f7a4dc400 (RippleDrawable) with handle 0x7f79d2b220
08-05 00:54:39.720 12138 12150 I art     : Explicit concurrent mark sweep GC freed 91(1696B) AllocSpace objects, 0(0B) LOS objects, 7% free, 188MB/204MB, paused 1.708ms total 55.742ms
08-05 00:54:39.740 12138 12150 I art     : Starting a blocking GC Explicit
08-05 00:54:39.795 12138 12150 I art     : Explicit concurrent mark sweep GC freed 126(3KB) AllocSpace objects, 0(0B) LOS objects, 7% free, 188MB/204MB, paused 1.570ms total 54.172ms
08-05 00:54:39.827   380   380 W SurfaceFlinger: couldn't log to binary event log: overflow.
08-05 00:54:39.854   918  3188 I hubconnection: sensorhub said: 'set_bias 3: -6.2400, 0.0000, 0.0000'
08-05 00:54:39.861  5347  5347 I ServiceManager: Waiting for service AtCmdFwd...
08-05 00:54:39.929   512  2967 D audio_hw_primary: disable_audio_route: reset and update mixer path: low-latency-playback speaker
08-05 00:54:39.930   512  2967 D audio_hw_primary: disable_snd_device: snd_device(2: speaker)
08-05 00:54:39.938   512  2967 I soundtrigger: audio_extn_sound_trigger_update_device_status: device 0x2 of type 0 for Event 0
08-05 00:54:40.002 12138 14258 I NAPPA_EXPERIMENTATION: MetricNetworkRequestExecutionTime: REQUEST_DURATION_SYSTEM='585',REQUEST_DURATION_OKHTTP='59',REQUEST_SYNCHRONOUS='FALSE',RESPONSE_CODE='200',RESPONSE_METHOD='GET',RESPONSE_LENGTH_OKHTTP='2',RESPONSE_LENGTH_HEADER='2',REQUEST_PROTOCOL='http/1.1',REQUEST_URL='https://project-travel-mate.herokuapp.com/api/get-notifications',
08-05 00:54:40.005 12138 14257 I NAPPA_EXPERIMENTATION: MetricNetworkRequestExecutionTime: REQUEST_DURATION_SYSTEM='592',REQUEST_DURATION_OKHTTP='66',REQUEST_SYNCHRONOUS='FALSE',RESPONSE_CODE='200',RESPONSE_METHOD='GET',RESPONSE_LENGTH_OKHTTP='2',RESPONSE_LENGTH_HEADER='2',REQUEST_PROTOCOL='http/1.1',REQUEST_URL='https://project-travel-mate.herokuapp.com/api/get-notifications',
08-05 00:54:40.147 12138 12138 V Response: [] 
08-05 00:54:40.160 12138 12138 V Response: [] 
08-05 00:54:40.170 12138 12205 W LOTTIE  : Animation contains merge paths. Merge paths are only supported on KitKat+ and must be manually enabled by calling enableMergePathsForKitKatAndAbove().
08-05 00:54:40.174 12138 12159 I art     : Starting a blocking GC Explicit
08-05 00:54:40.179 12138 12205 W LOTTIE  : Animation contains merge paths. Merge paths are only supported on KitKat+ and must be manually enabled by calling enableMergePathsForKitKatAndAbove().
08-05 00:54:40.182 12138 12205 W LOTTIE  : Animation contains merge paths. Merge paths are only supported on KitKat+ and must be manually enabled by calling enableMergePathsForKitKatAndAbove().
08-05 00:54:40.184 12138 12205 W LOTTIE  : Animation contains merge paths. Merge paths are only supported on KitKat+ and must be manually enabled by calling enableMergePathsForKitKatAndAbove().
08-05 00:54:40.187 12138 12205 W LOTTIE  : Animation contains merge paths. Merge paths are only supported on KitKat+ and must be manually enabled by calling enableMergePathsForKitKatAndAbove().
08-05 00:54:40.190 12138 12205 W LOTTIE  : Animation contains merge paths. Merge paths are only supported on KitKat+ and must be manually enabled by calling enableMergePathsForKitKatAndAbove().
08-05 00:54:40.192 12138 12205 W LOTTIE  : Animation contains merge paths. Merge paths are only supported on KitKat+ and must be manually enabled by calling enableMergePathsForKitKatAndAbove().
08-05 00:54:40.193 12138 12138 W LOTTIE  : Animation contains merge paths but they are disabled.
08-05 00:54:40.239 12138 12159 I art     : Explicit concurrent mark sweep GC freed 16575(770KB) AllocSpace objects, 9(624KB) LOS objects, 7% free, 189MB/205MB, paused 1.829ms total 64.402ms
08-05 00:54:40.239 12138 12148 I art     : WaitForGcToComplete blocked for 10.321ms for cause HeapTrim
08-05 00:54:40.259 12138 12159 I art     : Starting a blocking GC Explicit
08-05 00:54:40.311 12138 12159 I art     : Explicit concurrent mark sweep GC freed 4211(337KB) AllocSpace objects, 0(0B) LOS objects, 7% free, 188MB/204MB, paused 1.466ms total 52.202ms
08-05 00:54:40.330 12138 12159 I art     : Starting a blocking GC Explicit
08-05 00:54:40.380 12138 12159 I art     : Explicit concurrent mark sweep GC freed 299(5KB) AllocSpace objects, 0(0B) LOS objects, 7% free, 188MB/204MB, paused 1.535ms total 49.731ms
08-05 00:54:40.398 12138 12159 I art     : Starting a blocking GC Explicit
08-05 00:54:40.449 12138 12159 I art     : Explicit concurrent mark sweep GC freed 326(6KB) AllocSpace objects, 0(0B) LOS objects, 7% free, 188MB/204MB, paused 1.889ms total 50.055ms
08-05 00:54:40.467 12138 12159 I art     : Starting a blocking GC Explicit
08-05 00:54:40.520 12138 12159 I art     : Explicit concurrent mark sweep GC freed 368(7KB) AllocSpace objects, 0(0B) LOS objects, 7% free, 188MB/204MB, paused 1.574ms total 52.230ms
08-05 00:54:40.862  5347  5347 I ServiceManager: Waiting for service AtCmdFwd...
08-05 00:54:40.910 12138 13058 I art     : Starting a blocking GC Explicit
08-05 00:54:40.962 12138 13058 I art     : Explicit concurrent mark sweep GC freed 3649(133KB) AllocSpace objects, 2(36KB) LOS objects, 7% free, 188MB/204MB, paused 1.432ms total 51.407ms
08-05 00:54:40.981 12138 13058 I art     : Starting a blocking GC Explicit
08-05 00:54:41.031 12138 13058 I art     : Explicit concurrent mark sweep GC freed 376(7KB) AllocSpace objects, 0(0B) LOS objects, 7% free, 188MB/204MB, paused 1.591ms total 50.215ms
08-05 00:54:41.050 12138 13058 I art     : Starting a blocking GC Explicit
08-05 00:54:41.100 12138 13058 I art     : Explicit concurrent mark sweep GC freed 291(4KB) AllocSpace objects, 0(0B) LOS objects, 7% free, 188MB/204MB, paused 1.535ms total 50.056ms
08-05 00:54:41.119 12138 13058 I art     : Starting a blocking GC Explicit
08-05 00:54:41.171 12138 13058 I art     : Explicit concurrent mark sweep GC freed 353(5KB) AllocSpace objects, 0(0B) LOS objects, 7% free, 188MB/204MB, paused 1.525ms total 51.777ms
08-05 00:54:41.190 12138 13058 I art     : Starting a blocking GC Explicit
08-05 00:54:41.240 12138 13058 I art     : Explicit concurrent mark sweep GC freed 290(4KB) AllocSpace objects, 0(0B) LOS objects, 7% free, 188MB/204MB, paused 1.694ms total 50.208ms
08-05 00:54:41.639 12138 12418 I art     : Starting a blocking GC Explicit
08-05 00:54:41.690 12138 12418 I art     : Explicit concurrent mark sweep GC freed 3478(122KB) AllocSpace objects, 2(36KB) LOS objects, 7% free, 188MB/204MB, paused 1.405ms total 50.373ms
08-05 00:54:41.709 12138 12418 I art     : Starting a blocking GC Explicit
08-05 00:54:41.759 12138 12418 I art     : Explicit concurrent mark sweep GC freed 308(5KB) AllocSpace objects, 0(0B) LOS objects, 7% free, 188MB/204MB, paused 1.383ms total 49.983ms
08-05 00:54:41.778 12138 12418 I art     : Starting a blocking GC Explicit
08-05 00:54:41.828 12138 12418 I art     : Explicit concurrent mark sweep GC freed 282(4KB) AllocSpace objects, 0(0B) LOS objects, 7% free, 188MB/204MB, paused 1.461ms total 50.022ms
08-05 00:54:41.847 12138 12418 I art     : Starting a blocking GC Explicit
08-05 00:54:41.863  5347  5347 I ServiceManager: Waiting for service AtCmdFwd...
08-05 00:54:41.896 12138 12418 I art     : Explicit concurrent mark sweep GC freed 284(4KB) AllocSpace objects, 0(0B) LOS objects, 7% free, 188MB/204MB, paused 1.397ms total 48.891ms
08-05 00:54:41.915 12138 12418 I art     : Starting a blocking GC Explicit
08-05 00:54:41.967 12138 12418 I art     : Explicit concurrent mark sweep GC freed 292(4KB) AllocSpace objects, 0(0B) LOS objects, 7% free, 188MB/204MB, paused 1.464ms total 51.039ms
08-05 00:54:42.361 12138 13058 I art     : Starting a blocking GC Explicit
08-05 00:54:42.413 12138 13058 I art     : Explicit concurrent mark sweep GC freed 3516(123KB) AllocSpace objects, 2(36KB) LOS objects, 7% free, 188MB/204MB, paused 1.380ms total 51.158ms
08-05 00:54:42.432 12138 13058 I art     : Starting a blocking GC Explicit
08-05 00:54:42.482 12138 13058 I art     : Explicit concurrent mark sweep GC freed 323(6KB) AllocSpace objects, 0(0B) LOS objects, 7% free, 188MB/204MB, paused 1.506ms total 49.594ms
08-05 00:54:42.501 12138 13058 I art     : Starting a blocking GC Explicit
08-05 00:54:42.552 12138 13058 I art     : Explicit concurrent mark sweep GC freed 313(5KB) AllocSpace objects, 0(0B) LOS objects, 7% free, 188MB/204MB, paused 1.525ms total 50.574ms
08-05 00:54:42.570 12138 13058 I art     : Starting a blocking GC Explicit
08-05 00:54:42.619 12138 13058 I art     : Explicit concurrent mark sweep GC freed 269(4KB) AllocSpace objects, 0(0B) LOS objects, 7% free, 188MB/204MB, paused 1.659ms total 48.475ms
08-05 00:54:42.637 12138 13058 I art     : Starting a blocking GC Explicit
08-05 00:54:42.686 12138 13058 I art     : Explicit concurrent mark sweep GC freed 312(4KB) AllocSpace objects, 0(0B) LOS objects, 7% free, 188MB/204MB, paused 1.556ms total 48.488ms
08-05 00:54:42.863  5347  5347 W Atfwd_Sendcmd: AtCmdFwd service not published, waiting... retryCnt : 5
08-05 00:54:43.068 12138 12149 I art     : Starting a blocking GC Explicit
08-05 00:54:43.119 12138 12149 I art     : Explicit concurrent mark sweep GC freed 3423(122KB) AllocSpace objects, 2(36KB) LOS objects, 7% free, 188MB/204MB, paused 1.684ms total 50.334ms
08-05 00:54:43.137 12138 12149 I art     : Starting a blocking GC Explicit
08-05 00:54:43.186 12138 12149 I art     : Explicit concurrent mark sweep GC freed 375(6KB) AllocSpace objects, 0(0B) LOS objects, 7% free, 188MB/204MB, paused 1.432ms total 49.119ms
08-05 00:54:43.205 12138 12149 I art     : Starting a blocking GC Explicit
08-05 00:54:43.256 12138 12149 I art     : Explicit concurrent mark sweep GC freed 283(4KB) AllocSpace objects, 0(0B) LOS objects, 7% free, 188MB/204MB, paused 1.448ms total 50.762ms
08-05 00:54:43.275 12138 12149 I art     : Starting a blocking GC Explicit
08-05 00:54:43.325 12138 12149 I art     : Explicit concurrent mark sweep GC freed 285(4KB) AllocSpace objects, 0(0B) LOS objects, 7% free, 188MB/204MB, paused 1.344ms total 50.153ms
08-05 00:54:43.344 12138 12149 I art     : Starting a blocking GC Explicit
08-05 00:54:43.392 12138 12149 I art     : Explicit concurrent mark sweep GC freed 283(4KB) AllocSpace objects, 0(0B) LOS objects, 7% free, 188MB/204MB, paused 1.321ms total 48.179ms
08-05 00:54:43.771 12138 12149 I art     : Starting a blocking GC Explicit
08-05 00:54:43.827 12138 12149 I art     : Explicit concurrent mark sweep GC freed 3465(123KB) AllocSpace objects, 2(36KB) LOS objects, 7% free, 188MB/204MB, paused 1.903ms total 55.254ms
08-05 00:54:43.846 12138 12149 I art     : Starting a blocking GC Explicit
08-05 00:54:43.896 12138 12149 I art     : Explicit concurrent mark sweep GC freed 477(16KB) AllocSpace objects, 0(0B) LOS objects, 7% free, 188MB/204MB, paused 1.395ms total 50.351ms
08-05 00:54:43.915 12138 12149 I art     : Starting a blocking GC Explicit
08-05 00:54:43.964 12138 12149 I art     : Explicit concurrent mark sweep GC freed 294(5KB) AllocSpace objects, 0(0B) LOS objects, 7% free, 188MB/204MB, paused 1.377ms total 48.485ms
08-05 00:54:43.982 12138 12149 I art     : Starting a blocking GC Explicit
08-05 00:54:44.033 12138 12149 I art     : Explicit concurrent mark sweep GC freed 335(6KB) AllocSpace objects, 0(0B) LOS objects, 7% free, 188MB/204MB, paused 1.412ms total 50.971ms
08-05 00:54:44.052 12138 12149 I art     : Starting a blocking GC Explicit
08-05 00:54:44.099 14318 14318 D AndroidRuntime: >>>>>> START com.android.internal.os.RuntimeInit uid 2000 <<<<<<
08-05 00:54:44.105 14318 14318 D AndroidRuntime: CheckJNI is OFF
08-05 00:54:44.105 12138 12149 I art     : Explicit concurrent mark sweep GC freed 301(4KB) AllocSpace objects, 0(0B) LOS objects, 7% free, 188MB/204MB, paused 1.856ms total 52.495ms
08-05 00:54:44.145 14318 14318 D ICU     : No timezone override file found: /data/misc/zoneinfo/current/icu/icu_tzdata.dat
08-05 00:54:44.184 14318 14318 I Radio-JNI: register_android_hardware_Radio DONE
08-05 00:54:44.211 14318 14318 D AndroidRuntime: Calling main entry com.android.commands.input.Input
08-05 00:54:44.212 14318 14318 I Input   : injectKeyEvent: KeyEvent { action=ACTION_DOWN, keyCode=KEYCODE_BACK, scanCode=0, metaState=0, flags=0x0, repeatCount=0, eventTime=752100625, downTime=752100625, deviceId=-1, source=0x101 }
08-05 00:54:44.225 14318 14318 I Input   : injectKeyEvent: KeyEvent { action=ACTION_UP, keyCode=KEYCODE_BACK, scanCode=0, metaState=0, flags=0x0, repeatCount=0, eventTime=752100625, downTime=752100625, deviceId=-1, source=0x101 }
08-05 00:54:44.232 14318 14318 D AndroidRuntime: Shutting down VM
08-05 00:54:44.250 12138 12138 V MainActivity: url = https://project-travel-mate.herokuapp.com/api/number-of-unread-notifications
08-05 00:54:44.287 13866 13866 I GoogleInputMethodServic: GoogleInputMethodService.onFinishInput():3138 
08-05 00:54:44.288 13866 13866 I GoogleInputMethodServic: GoogleInputMethodService.onStartInput():1808 
08-05 00:54:44.483 12138 12159 I art     : Starting a blocking GC Explicit
08-05 00:54:44.557 12138 12159 I art     : Explicit concurrent mark sweep GC freed 3041(130KB) AllocSpace objects, 2(36KB) LOS objects, 7% free, 188MB/204MB, paused 2.485ms total 73.360ms
08-05 00:54:44.578 12138 12159 I art     : Starting a blocking GC Explicit
08-05 00:54:44.582   380   380 W SurfaceFlinger: couldn't log to binary event log: overflow.
08-05 00:54:44.636 12138 12159 I art     : Explicit concurrent mark sweep GC freed 123(4KB) AllocSpace objects, 1(4MB) LOS objects, 7% free, 184MB/200MB, paused 1.568ms total 57.877ms
08-05 00:54:44.656 12138 12159 I art     : Starting a blocking GC Explicit
08-05 00:54:44.713 12138 12159 I art     : Explicit concurrent mark sweep GC freed 3734(177KB) AllocSpace objects, 2(56KB) LOS objects, 7% free, 184MB/200MB, paused 1.689ms total 57.035ms
08-05 00:54:44.726   518   646 I ThermalEngine: ACTION: GPU - Setting GPU[0] to 390000000
08-05 00:54:44.742 12138 12159 I art     : Starting a blocking GC Explicit
08-05 00:54:44.824 12138 12159 I art     : Explicit concurrent mark sweep GC freed 3(96B) AllocSpace objects, 0(0B) LOS objects, 7% free, 184MB/200MB, paused 2.994ms total 80.803ms
08-05 00:54:44.853 12138 12159 I art     : Starting a blocking GC Explicit
08-05 00:54:44.929 12138 12159 I art     : Explicit concurrent mark sweep GC freed 3(96B) AllocSpace objects, 0(0B) LOS objects, 7% free, 184MB/200MB, paused 2.853ms total 75.410ms
08-05 00:54:45.104 12138 14337 I NAPPA_EXPERIMENTATION: MetricNetworkRequestExecutionTime: REQUEST_DURATION_SYSTEM='853',REQUEST_DURATION_OKHTTP='43',REQUEST_SYNCHRONOUS='FALSE',RESPONSE_CODE='200',RESPONSE_METHOD='GET',RESPONSE_LENGTH_OKHTTP='36',RESPONSE_LENGTH_HEADER='36',REQUEST_PROTOCOL='http/1.1',REQUEST_URL='https://project-travel-mate.herokuapp.com/api/number-of-unread-notifications',
08-05 00:54:45.387 12138 12418 I art     : Starting a blocking GC Explicit
08-05 00:54:45.484 12138 12418 I art     : Explicit concurrent mark sweep GC freed 4445(242KB) AllocSpace objects, 5(236KB) LOS objects, 7% free, 184MB/200MB, paused 3.132ms total 95.659ms
08-05 00:54:45.511 12138 12418 I art     : Starting a blocking GC Explicit
08-05 00:54:45.580 12138 12418 I art     : Explicit concurrent mark sweep GC freed 972(117KB) AllocSpace objects, 0(0B) LOS objects, 7% free, 184MB/200MB, paused 2.427ms total 68.529ms
08-05 00:54:45.607 12138 12418 I art     : Starting a blocking GC Explicit
08-05 00:54:45.676 12138 12418 I art     : Explicit concurrent mark sweep GC freed 3(96B) AllocSpace objects, 0(0B) LOS objects, 7% free, 184MB/200MB, paused 2.372ms total 69.254ms
08-05 00:54:45.704 12138 12418 I art     : Starting a blocking GC Explicit
08-05 00:54:45.728   518   646 I ThermalEngine: ACTION: GPU - Setting GPU[0] to 450000000
08-05 00:54:45.766 12138 12418 I art     : Explicit concurrent mark sweep GC freed 3(96B) AllocSpace objects, 0(0B) LOS objects, 7% free, 184MB/200MB, paused 1.639ms total 62.395ms
08-05 00:54:45.786 12138 12418 I art     : Starting a blocking GC Explicit
08-05 00:54:45.845 12138 12418 I art     : Explicit concurrent mark sweep GC freed 3(96B) AllocSpace objects, 0(0B) LOS objects, 7% free, 184MB/200MB, paused 1.615ms total 58.862ms
08-05 00:54:46.038 14358 14358 D AndroidRuntime: >>>>>> START com.android.internal.os.RuntimeInit uid 2000 <<<<<<
08-05 00:54:46.046 14358 14358 D AndroidRuntime: CheckJNI is OFF
08-05 00:54:46.089 14358 14358 D ICU     : No timezone override file found: /data/misc/zoneinfo/current/icu/icu_tzdata.dat
08-05 00:54:46.130 14358 14358 I Radio-JNI: register_android_hardware_Radio DONE
08-05 00:54:46.159 14358 14358 D AndroidRuntime: Calling main entry com.android.commands.input.Input
08-05 00:54:46.161 14358 14358 I Input   : injectMotionEvent: MotionEvent { action=ACTION_DOWN, actionButton=0, id[0]=0, x[0]=117.0, y[0]=170.0, toolType[0]=TOOL_TYPE_UNKNOWN, buttonState=0, metaState=0, flags=0x0, edgeFlags=0x0, pointerCount=1, historySize=0, eventTime=752102574, downTime=752102574, deviceId=0, source=0x1002 }
08-05 00:54:46.166 14358 14358 I Input   : injectMotionEvent: MotionEvent { action=ACTION_UP, actionButton=0, id[0]=0, x[0]=117.0, y[0]=170.0, toolType[0]=TOOL_TYPE_UNKNOWN, buttonState=0, metaState=0, flags=0x0, edgeFlags=0x0, pointerCount=1, historySize=0, eventTime=752102574, downTime=752102574, deviceId=0, source=0x1002 }
08-05 00:54:46.168 14358 14358 D AndroidRuntime: Shutting down VM
08-05 00:54:46.189   512  2967 D audio_hw_primary: out_set_parameters: enter: usecase(1: low-latency-playback) kvpairs: routing=2
08-05 00:54:46.202   512  2967 D audio_hw_primary: select_devices: out_snd_device(2: speaker) in_snd_device(0: none)
08-05 00:54:46.202   512  2967 D msm8974_platform: platform_send_audio_calibration: sending audio calibration for snd_device(2) acdb_id(15)
08-05 00:54:46.203   512  2967 I soundtrigger: audio_extn_sound_trigger_update_device_status: device 0x2 of type 0 for Event 1
08-05 00:54:46.215   512  2967 D audio_hw_primary: enable_snd_device: snd_device(2: speaker)
08-05 00:54:46.218   512  2967 D audio_hw_primary: enable_audio_route: apply and update mixer path: low-latency-playback speaker
08-05 00:54:46.296 12138 12150 I art     : Starting a blocking GC Explicit
08-05 00:54:46.352 12138 12150 I art     : Explicit concurrent mark sweep GC freed 2032(113KB) AllocSpace objects, 2(36KB) LOS objects, 7% free, 184MB/200MB, paused 1.572ms total 55.694ms
08-05 00:54:46.372 12138 12150 I art     : Starting a blocking GC Explicit
08-05 00:54:46.425 12138 12150 I art     : Explicit concurrent mark sweep GC freed 52(2112B) AllocSpace objects, 0(0B) LOS objects, 7% free, 184MB/200MB, paused 1.436ms total 53.538ms
08-05 00:54:46.445 12138 12150 I art     : Starting a blocking GC Explicit
08-05 00:54:46.497 12138 12150 I art     : Explicit concurrent mark sweep GC freed 5(160B) AllocSpace objects, 0(0B) LOS objects, 7% free, 184MB/200MB, paused 1.572ms total 52.183ms
08-05 00:54:46.517 12138 12150 I art     : Starting a blocking GC Explicit
08-05 00:54:46.573 12138 12150 I art     : Explicit concurrent mark sweep GC freed 3(96B) AllocSpace objects, 0(0B) LOS objects, 7% free, 184MB/200MB, paused 1.630ms total 56.154ms
08-05 00:54:46.594 12138 12150 I art     : Starting a blocking GC Explicit
08-05 00:54:46.648 12138 12150 I art     : Explicit concurrent mark sweep GC freed 12(416B) AllocSpace objects, 0(0B) LOS objects, 7% free, 184MB/200MB, paused 1.663ms total 53.351ms
08-05 00:54:46.758   512  2967 D audio_hw_primary: disable_audio_route: reset and update mixer path: low-latency-playback speaker
08-05 00:54:46.759   512  2967 D audio_hw_primary: disable_snd_device: snd_device(2: speaker)
08-05 00:54:46.768   512  2967 I soundtrigger: audio_extn_sound_trigger_update_device_status: device 0x2 of type 0 for Event 0
08-05 00:54:46.912 14381 14381 D AndroidRuntime: >>>>>> START com.android.internal.os.RuntimeInit uid 2000 <<<<<<
08-05 00:54:46.918 14381 14381 D AndroidRuntime: CheckJNI is OFF
08-05 00:54:46.961 14381 14381 D ICU     : No timezone override file found: /data/misc/zoneinfo/current/icu/icu_tzdata.dat
08-05 00:54:47.004 14381 14381 I Radio-JNI: register_android_hardware_Radio DONE
08-05 00:54:47.034 14381 14381 D AndroidRuntime: Calling main entry com.android.commands.input.Input
08-05 00:54:47.035 12138 12149 I art     : Starting a blocking GC Explicit
08-05 00:54:47.036 14381 14381 I Input   : injectMotionEvent: MotionEvent { action=ACTION_DOWN, actionButton=0, id[0]=0, x[0]=418.0, y[0]=842.0, toolType[0]=TOOL_TYPE_UNKNOWN, buttonState=0, metaState=0, flags=0x0, edgeFlags=0x0, pointerCount=1, historySize=0, eventTime=752103449, downTime=752103449, deviceId=0, source=0x1002 }
08-05 00:54:47.040 14381 14381 I Input   : injectMotionEvent: MotionEvent { action=ACTION_UP, actionButton=0, id[0]=0, x[0]=418.0, y[0]=842.0, toolType[0]=TOOL_TYPE_UNKNOWN, buttonState=0, metaState=0, flags=0x0, edgeFlags=0x0, pointerCount=1, historySize=0, eventTime=752103449, downTime=752103449, deviceId=0, source=0x1002 }
08-05 00:54:47.042 14381 14381 D AndroidRuntime: Shutting down VM
08-05 00:54:47.058 12138 12205 D Gabe    : call	returning from cache
08-05 00:54:47.058   512  2967 D audio_hw_primary: out_set_parameters: enter: usecase(1: low-latency-playback) kvpairs: routing=2
08-05 00:54:47.072   512  2967 D audio_hw_primary: select_devices: out_snd_device(2: speaker) in_snd_device(0: none)
08-05 00:54:47.073   512  2967 D msm8974_platform: platform_send_audio_calibration: sending audio calibration for snd_device(2) acdb_id(15)
08-05 00:54:47.073   512  2967 I soundtrigger: audio_extn_sound_trigger_update_device_status: device 0x2 of type 0 for Event 1
08-05 00:54:47.082 12138 12138 V MainActivity: url = https://project-travel-mate.herokuapp.com/api/number-of-unread-notifications
08-05 00:54:47.084   512  2967 D audio_hw_primary: enable_snd_device: snd_device(2: speaker)
08-05 00:54:47.086   512  2967 D audio_hw_primary: enable_audio_route: apply and update mixer path: low-latency-playback speaker
08-05 00:54:47.097 12138 12149 I art     : Explicit concurrent mark sweep GC freed 2609(143KB) AllocSpace objects, 2(36KB) LOS objects, 7% free, 184MB/200MB, paused 2.188ms total 61.329ms
08-05 00:54:47.116 12138 12149 I art     : Starting a blocking GC Explicit
08-05 00:54:47.132   512  2967 D AudioFlinger: mixer(0xf4740000) throttle end: throttle time(12)
08-05 00:54:47.170 12138 12149 I art     : Explicit concurrent mark sweep GC freed 478(33KB) AllocSpace objects, 0(0B) LOS objects, 7% free, 184MB/200MB, paused 2.088ms total 54.351ms
08-05 00:54:47.190 12138 12149 I art     : Starting a blocking GC Explicit
08-05 00:54:47.251 12138 12149 I art     : Explicit concurrent mark sweep GC freed 626(40KB) AllocSpace objects, 0(0B) LOS objects, 7% free, 184MB/200MB, paused 2.490ms total 60.514ms
08-05 00:54:47.271 12138 12149 I art     : Starting a blocking GC Explicit
08-05 00:54:47.332 12138 12149 I art     : Explicit concurrent mark sweep GC freed 452(26KB) AllocSpace objects, 0(0B) LOS objects, 7% free, 184MB/200MB, paused 2.178ms total 60.321ms
08-05 00:54:47.352 12138 12149 I art     : Starting a blocking GC Explicit
08-05 00:54:47.414 12138 12149 I art     : Explicit concurrent mark sweep GC freed 322(23KB) AllocSpace objects, 0(0B) LOS objects, 7% free, 184MB/200MB, paused 2.315ms total 62.033ms
08-05 00:54:47.623 12138 12138 I Choreographer: Skipped 32 frames!  The application may be doing too much work on its main thread.
08-05 00:54:47.629   512  2967 D audio_hw_primary: disable_audio_route: reset and update mixer path: low-latency-playback speaker
08-05 00:54:47.629   512  2967 D audio_hw_primary: disable_snd_device: snd_device(2: speaker)
08-05 00:54:47.638   512  2967 I soundtrigger: audio_extn_sound_trigger_update_device_status: device 0x2 of type 0 for Event 0
08-05 00:54:47.816 12138 12159 I art     : Starting a blocking GC Explicit
08-05 00:54:47.884 12138 12159 I art     : Explicit concurrent mark sweep GC freed 5374(261KB) AllocSpace objects, 11(296KB) LOS objects, 7% free, 185MB/201MB, paused 1.819ms total 67.467ms
08-05 00:54:47.905 12138 12159 I art     : Starting a blocking GC Explicit
08-05 00:54:47.966 12138 12159 I art     : Explicit concurrent mark sweep GC freed 3729(191KB) AllocSpace objects, 2(120KB) LOS objects, 7% free, 185MB/201MB, paused 1.626ms total 61.312ms
08-05 00:54:47.970 12138 14403 I NAPPA_EXPERIMENTATION: MetricNetworkRequestExecutionTime: REQUEST_DURATION_SYSTEM='887',REQUEST_DURATION_OKHTTP='41',REQUEST_SYNCHRONOUS='FALSE',RESPONSE_CODE='200',RESPONSE_METHOD='GET',RESPONSE_LENGTH_OKHTTP='36',RESPONSE_LENGTH_HEADER='36',REQUEST_PROTOCOL='http/1.1',REQUEST_URL='https://project-travel-mate.herokuapp.com/api/number-of-unread-notifications',
08-05 00:54:47.986 12138 12159 I art     : Starting a blocking GC Explicit
08-05 00:54:48.049 12138 12159 I art     : Explicit concurrent mark sweep GC freed 1254(130KB) AllocSpace objects, 1(80KB) LOS objects, 7% free, 185MB/201MB, paused 2.089ms total 62.910ms
08-05 00:54:48.069 12138 12159 I art     : Starting a blocking GC Explicit
08-05 00:54:48.132 12138 12159 I art     : Explicit concurrent mark sweep GC freed 222(8KB) AllocSpace objects, 0(0B) LOS objects, 7% free, 185MB/201MB, paused 1.619ms total 63.319ms
08-05 00:54:48.152 12138 12159 I art     : Starting a blocking GC Explicit
08-05 00:54:48.218 12138 12159 I art     : Explicit concurrent mark sweep GC freed 123(2096B) AllocSpace objects, 0(0B) LOS objects, 7% free, 185MB/201MB, paused 1.659ms total 65.189ms
08-05 00:54:48.632 12138 12418 I art     : Starting a blocking GC Explicit
08-05 00:54:48.703 12138 12418 I art     : Explicit concurrent mark sweep GC freed 2335(106KB) AllocSpace objects, 2(52KB) LOS objects, 7% free, 185MB/201MB, paused 1.701ms total 70.967ms
08-05 00:54:48.725 12138 12418 I art     : Starting a blocking GC Explicit
08-05 00:54:48.790 12138 12418 I art     : Explicit concurrent mark sweep GC freed 175(4KB) AllocSpace objects, 0(0B) LOS objects, 7% free, 185MB/201MB, paused 1.655ms total 64.400ms
08-05 00:54:48.811 12138 12418 I art     : Starting a blocking GC Explicit
08-05 00:54:48.876 12138 12418 I art     : Explicit concurrent mark sweep GC freed 154(2768B) AllocSpace objects, 0(0B) LOS objects, 7% free, 185MB/201MB, paused 1.765ms total 64.341ms
08-05 00:54:48.898 12138 12418 I art     : Starting a blocking GC Explicit
08-05 00:54:48.963 12138 12418 I art     : Explicit concurrent mark sweep GC freed 134(2416B) AllocSpace objects, 0(0B) LOS objects, 7% free, 185MB/201MB, paused 1.522ms total 64.835ms
08-05 00:54:48.985 12138 12418 I art     : Starting a blocking GC Explicit
08-05 00:54:49.053 12138 12418 I art     : Explicit concurrent mark sweep GC freed 166(3KB) AllocSpace objects, 0(0B) LOS objects, 7% free, 185MB/201MB, paused 1.701ms total 67.876ms
08-05 00:54:49.477 12138 12149 I art     : Starting a blocking GC Explicit
08-05 00:54:49.541 12138 12149 I art     : Explicit concurrent mark sweep GC freed 2294(104KB) AllocSpace objects, 2(52KB) LOS objects, 7% free, 185MB/201MB, paused 1.620ms total 63.724ms
08-05 00:54:49.561 12138 12149 I art     : Starting a blocking GC Explicit
08-05 00:54:49.620 12138 12149 I art     : Explicit concurrent mark sweep GC freed 163(3KB) AllocSpace objects, 0(0B) LOS objects, 7% free, 185MB/201MB, paused 1.577ms total 59.023ms
08-05 00:54:49.640 12138 12149 I art     : Starting a blocking GC Explicit
08-05 00:54:49.702 12138 12149 I art     : Explicit concurrent mark sweep GC freed 122(2064B) AllocSpace objects, 0(0B) LOS objects, 7% free, 185MB/201MB, paused 1.606ms total 61.617ms
08-05 00:54:49.721 12138 12149 I art     : Starting a blocking GC Explicit
08-05 00:54:49.781 12138 12149 I art     : Explicit concurrent mark sweep GC freed 124(2128B) AllocSpace objects, 0(0B) LOS objects, 7% free, 185MB/201MB, paused 1.520ms total 59.596ms
08-05 00:54:49.800 12138 12149 I art     : Starting a blocking GC Explicit
08-05 00:54:49.839 14431 14431 D AndroidRuntime: >>>>>> START com.android.internal.os.RuntimeInit uid 2000 <<<<<<
08-05 00:54:49.844 14431 14431 D AndroidRuntime: CheckJNI is OFF
08-05 00:54:49.862 12138 12149 I art     : Explicit concurrent mark sweep GC freed 122(2064B) AllocSpace objects, 0(0B) LOS objects, 7% free, 185MB/201MB, paused 1.582ms total 60.876ms
08-05 00:54:49.888 14431 14431 D ICU     : No timezone override file found: /data/misc/zoneinfo/current/icu/icu_tzdata.dat
08-05 00:54:49.931 14431 14431 I Radio-JNI: register_android_hardware_Radio DONE
08-05 00:54:49.961 14431 14431 D AndroidRuntime: Calling main entry com.android.commands.input.Input
08-05 00:54:49.964 14431 14431 I Input   : injectMotionEvent: MotionEvent { action=ACTION_DOWN, actionButton=0, id[0]=0, x[0]=117.0, y[0]=170.0, toolType[0]=TOOL_TYPE_UNKNOWN, buttonState=0, metaState=0, flags=0x0, edgeFlags=0x0, pointerCount=1, historySize=0, eventTime=752106376, downTime=752106376, deviceId=0, source=0x1002 }
08-05 00:54:49.969 14431 14431 I Input   : injectMotionEvent: MotionEvent { action=ACTION_UP, actionButton=0, id[0]=0, x[0]=117.0, y[0]=170.0, toolType[0]=TOOL_TYPE_UNKNOWN, buttonState=0, metaState=0, flags=0x0, edgeFlags=0x0, pointerCount=1, historySize=0, eventTime=752106376, downTime=752106376, deviceId=0, source=0x1002 }
08-05 00:54:49.974 14431 14431 D AndroidRuntime: Shutting down VM
08-05 00:54:49.978   512  2967 D audio_hw_primary: out_set_parameters: enter: usecase(1: low-latency-playback) kvpairs: routing=2
08-05 00:54:49.990   512  2967 D audio_hw_primary: select_devices: out_snd_device(2: speaker) in_snd_device(0: none)
08-05 00:54:49.990   512  2967 D msm8974_platform: platform_send_audio_calibration: sending audio calibration for snd_device(2) acdb_id(15)
08-05 00:54:49.991   512  2967 I soundtrigger: audio_extn_sound_trigger_update_device_status: device 0x2 of type 0 for Event 1
08-05 00:54:50.000   512  2967 D audio_hw_primary: enable_snd_device: snd_device(2: speaker)
08-05 00:54:50.002   512  2967 D audio_hw_primary: enable_audio_route: apply and update mixer path: low-latency-playback speaker
08-05 00:54:50.249 12138 13058 I art     : Starting a blocking GC Explicit
08-05 00:54:50.309 12138 13058 I art     : Explicit concurrent mark sweep GC freed 2712(126KB) AllocSpace objects, 2(52KB) LOS objects, 7% free, 185MB/201MB, paused 1.868ms total 60.030ms
08-05 00:54:50.329 12138 13058 I art     : Starting a blocking GC Explicit
08-05 00:54:50.388 12138 13058 I art     : Explicit concurrent mark sweep GC freed 192(4KB) AllocSpace objects, 0(0B) LOS objects, 7% free, 185MB/201MB, paused 1.581ms total 57.890ms
08-05 00:54:50.407 12138 13058 I art     : Starting a blocking GC Explicit
08-05 00:54:50.466 12138 13058 I art     : Explicit concurrent mark sweep GC freed 131(2384B) AllocSpace objects, 0(0B) LOS objects, 7% free, 185MB/201MB, paused 1.808ms total 58.583ms
08-05 00:54:50.485 12138 13058 I art     : Starting a blocking GC Explicit
08-05 00:54:50.539   512  2967 D audio_hw_primary: disable_audio_route: reset and update mixer path: low-latency-playback speaker
08-05 00:54:50.541   512  2967 D audio_hw_primary: disable_snd_device: snd_device(2: speaker)
08-05 00:54:50.545 12138 13058 I art     : Explicit concurrent mark sweep GC freed 125(2160B) AllocSpace objects, 0(0B) LOS objects, 7% free, 185MB/201MB, paused 1.509ms total 59.354ms
08-05 00:54:50.545 12138 12148 I art     : WaitForGcToComplete blocked for 59.669ms for cause HeapTrim
08-05 00:54:50.550   512  2967 I soundtrigger: audio_extn_sound_trigger_update_device_status: device 0x2 of type 0 for Event 0
08-05 00:54:50.566 12138 13058 I art     : Starting a blocking GC Explicit
08-05 00:54:50.626 12138 13058 I art     : Explicit concurrent mark sweep GC freed 124(2128B) AllocSpace objects, 0(0B) LOS objects, 7% free, 185MB/201MB, paused 1.538ms total 60.342ms
08-05 00:54:50.732 14458 14458 D AndroidRuntime: >>>>>> START com.android.internal.os.RuntimeInit uid 2000 <<<<<<
08-05 00:54:50.738 14458 14458 D AndroidRuntime: CheckJNI is OFF
08-05 00:54:50.783 14458 14458 D ICU     : No timezone override file found: /data/misc/zoneinfo/current/icu/icu_tzdata.dat
08-05 00:54:50.823 14458 14458 I Radio-JNI: register_android_hardware_Radio DONE
08-05 00:54:50.852 14458 14458 D AndroidRuntime: Calling main entry com.android.commands.input.Input
08-05 00:54:50.854 14458 14458 I Input   : injectMotionEvent: MotionEvent { action=ACTION_DOWN, actionButton=0, id[0]=0, x[0]=355.0, y[0]=1674.0, toolType[0]=TOOL_TYPE_UNKNOWN, buttonState=0, metaState=0, flags=0x0, edgeFlags=0x0, pointerCount=1, historySize=0, eventTime=752107266, downTime=752107266, deviceId=0, source=0x1002 }
08-05 00:54:50.858 14458 14458 I Input   : injectMotionEvent: MotionEvent { action=ACTION_UP, actionButton=0, id[0]=0, x[0]=355.0, y[0]=1674.0, toolType[0]=TOOL_TYPE_UNKNOWN, buttonState=0, metaState=0, flags=0x0, edgeFlags=0x0, pointerCount=1, historySize=0, eventTime=752107266, downTime=752107266, deviceId=0, source=0x1002 }
08-05 00:54:50.859 14458 14458 D AndroidRuntime: Shutting down VM
08-05 00:54:50.878   512  2967 D audio_hw_primary: out_set_parameters: enter: usecase(1: low-latency-playback) kvpairs: routing=2
08-05 00:54:50.890 12138 12138 V MainActivity: url = https://project-travel-mate.herokuapp.com/api/number-of-unread-notifications
08-05 00:54:50.891   512  2967 D audio_hw_primary: select_devices: out_snd_device(2: speaker) in_snd_device(0: none)
08-05 00:54:50.891   512  2967 D msm8974_platform: platform_send_audio_calibration: sending audio calibration for snd_device(2) acdb_id(15)
08-05 00:54:50.891   512  2967 I soundtrigger: audio_extn_sound_trigger_update_device_status: device 0x2 of type 0 for Event 1
08-05 00:54:50.901   512  2967 D audio_hw_primary: enable_snd_device: snd_device(2: speaker)
08-05 00:54:50.903   512  2967 D audio_hw_primary: enable_audio_route: apply and update mixer path: low-latency-playback speaker
08-05 00:54:50.945   512  2967 D AudioFlinger: mixer(0xf4740000) throttle end: throttle time(12)
08-05 00:54:51.036 12138 12149 I art     : Starting a blocking GC Explicit
08-05 00:54:51.101 12138 12149 I art     : Explicit concurrent mark sweep GC freed 4259(185KB) AllocSpace objects, 11(304KB) LOS objects, 7% free, 185MB/201MB, paused 1.616ms total 64.653ms
08-05 00:54:51.122 12138 12149 I art     : Starting a blocking GC Explicit
08-05 00:54:51.184 12138 12149 I art     : Explicit concurrent mark sweep GC freed 2318(194KB) AllocSpace objects, 0(0B) LOS objects, 7% free, 185MB/201MB, paused 1.579ms total 62.326ms
08-05 00:54:51.205 12138 12149 I art     : Starting a blocking GC Explicit
08-05 00:54:51.266 12138 12149 I art     : Explicit concurrent mark sweep GC freed 3(96B) AllocSpace objects, 0(0B) LOS objects, 7% free, 185MB/201MB, paused 1.455ms total 61.182ms
08-05 00:54:51.289 12138 12149 I art     : Starting a blocking GC Explicit
08-05 00:54:51.356 12138 12149 I art     : Explicit concurrent mark sweep GC freed 33(1264B) AllocSpace objects, 0(0B) LOS objects, 7% free, 185MB/201MB, paused 1.633ms total 66.831ms
08-05 00:54:51.378 12138 12149 I art     : Starting a blocking GC Explicit
08-05 00:54:51.438   512  2967 D audio_hw_primary: disable_audio_route: reset and update mixer path: low-latency-playback speaker
08-05 00:54:51.439   512  2967 D audio_hw_primary: disable_snd_device: snd_device(2: speaker)
08-05 00:54:51.439 12138 12149 I art     : Explicit concurrent mark sweep GC freed 15(672B) AllocSpace objects, 0(0B) LOS objects, 7% free, 185MB/201MB, paused 1.558ms total 61.355ms
08-05 00:54:51.447   512  2967 I soundtrigger: audio_extn_sound_trigger_update_device_status: device 0x2 of type 0 for Event 0
08-05 00:54:51.749 12138 14479 I NAPPA_EXPERIMENTATION: MetricNetworkRequestExecutionTime: REQUEST_DURATION_SYSTEM='858',REQUEST_DURATION_OKHTTP='36',REQUEST_SYNCHRONOUS='FALSE',RESPONSE_CODE='200',RESPONSE_METHOD='GET',RESPONSE_LENGTH_OKHTTP='36',RESPONSE_LENGTH_HEADER='36',REQUEST_PROTOCOL='http/1.1',REQUEST_URL='https://project-travel-mate.herokuapp.com/api/number-of-unread-notifications',
08-05 00:54:51.848 12138 13058 I art     : Starting a blocking GC Explicit
08-05 00:54:51.921 12138 13058 I art     : Explicit concurrent mark sweep GC freed 4409(241KB) AllocSpace objects, 5(248KB) LOS objects, 7% free, 185MB/201MB, paused 1.673ms total 72.946ms
08-05 00:54:51.942 12138 13058 I art     : Starting a blocking GC Explicit
08-05 00:54:52.005 12138 13058 I art     : Explicit concurrent mark sweep GC freed 971(117KB) AllocSpace objects, 0(0B) LOS objects, 7% free, 185MB/201MB, paused 1.632ms total 62.777ms
08-05 00:54:52.026 12138 13058 I art     : Starting a blocking GC Explicit
08-05 00:54:52.092 12138 13058 I art     : Explicit concurrent mark sweep GC freed 44(1200B) AllocSpace objects, 0(0B) LOS objects, 7% free, 185MB/201MB, paused 1.652ms total 66.397ms
08-05 00:54:52.113 12138 13058 I art     : Starting a blocking GC Explicit
08-05 00:54:52.186 12138 13058 I art     : Explicit concurrent mark sweep GC freed 3(96B) AllocSpace objects, 0(0B) LOS objects, 7% free, 185MB/201MB, paused 1.623ms total 72.117ms
08-05 00:54:52.209 12138 13058 I art     : Starting a blocking GC Explicit
08-05 00:54:52.276 12138 13058 I art     : Explicit concurrent mark sweep GC freed 3(96B) AllocSpace objects, 0(0B) LOS objects, 7% free, 185MB/201MB, paused 1.628ms total 65.913ms
08-05 00:54:52.710 12138 12149 I art     : Starting a blocking GC Explicit
08-05 00:54:52.785 12138 12149 I art     : Explicit concurrent mark sweep GC freed 1616(93KB) AllocSpace objects, 2(48KB) LOS objects, 7% free, 185MB/201MB, paused 1.570ms total 74.775ms
08-05 00:54:52.806 12138 12149 I art     : Starting a blocking GC Explicit
08-05 00:54:52.876 12138 12149 I art     : Explicit concurrent mark sweep GC freed 28(1024B) AllocSpace objects, 0(0B) LOS objects, 7% free, 185MB/201MB, paused 1.699ms total 69.541ms
08-05 00:54:52.897 12138 12149 I art     : Starting a blocking GC Explicit
08-05 00:54:52.973 12138 12149 I art     : Explicit concurrent mark sweep GC freed 14(720B) AllocSpace objects, 0(0B) LOS objects, 7% free, 185MB/201MB, paused 1.762ms total 75.791ms
08-05 00:54:52.996 12138 12149 I art     : Starting a blocking GC Explicit
08-05 00:54:53.067 12138 12149 I art     : Explicit concurrent mark sweep GC freed 55(1776B) AllocSpace objects, 0(0B) LOS objects, 7% free, 185MB/201MB, paused 1.645ms total 70.864ms
08-05 00:54:53.088 12138 12149 I art     : Starting a blocking GC Explicit
08-05 00:54:53.144 12138 12149 I art     : Explicit concurrent mark sweep GC freed 3(96B) AllocSpace objects, 0(0B) LOS objects, 7% free, 185MB/201MB, paused 1.502ms total 56.565ms
08-05 00:54:53.569 12138 12150 I art     : Starting a blocking GC Explicit
08-05 00:54:53.646 12138 12150 I art     : Explicit concurrent mark sweep GC freed 1586(92KB) AllocSpace objects, 2(48KB) LOS objects, 7% free, 185MB/201MB, paused 1.796ms total 75.506ms
08-05 00:54:53.654 14501 14501 D AndroidRuntime: >>>>>> START com.android.internal.os.RuntimeInit uid 2000 <<<<<<
08-05 00:54:53.660 14501 14501 D AndroidRuntime: CheckJNI is OFF
08-05 00:54:53.667 12138 12150 I art     : Starting a blocking GC Explicit
08-05 00:54:53.705 14501 14501 D ICU     : No timezone override file found: /data/misc/zoneinfo/current/icu/icu_tzdata.dat
08-05 00:54:53.733 12138 12150 I art     : Explicit concurrent mark sweep GC freed 28(1024B) AllocSpace objects, 0(0B) LOS objects, 7% free, 185MB/201MB, paused 1.738ms total 65.834ms
08-05 00:54:53.752 14501 14501 I Radio-JNI: register_android_hardware_Radio DONE
08-05 00:54:53.753 12138 12150 I art     : Starting a blocking GC Explicit
08-05 00:54:53.782 14501 14501 D AndroidRuntime: Calling main entry com.android.commands.input.Input
08-05 00:54:53.785 14501 14501 I Input   : injectMotionEvent: MotionEvent { action=ACTION_DOWN, actionButton=0, id[0]=0, x[0]=747.0, y[0]=608.0, toolType[0]=TOOL_TYPE_UNKNOWN, buttonState=0, metaState=0, flags=0x0, edgeFlags=0x0, pointerCount=1, historySize=0, eventTime=752110197, downTime=752110197, deviceId=0, source=0x1002 }
08-05 00:54:53.792 14501 14501 I Input   : injectMotionEvent: MotionEvent { action=ACTION_UP, actionButton=0, id[0]=0, x[0]=747.0, y[0]=608.0, toolType[0]=TOOL_TYPE_UNKNOWN, buttonState=0, metaState=0, flags=0x0, edgeFlags=0x0, pointerCount=1, historySize=0, eventTime=752110197, downTime=752110197, deviceId=0, source=0x1002 }
08-05 00:54:53.794 14501 14501 D AndroidRuntime: Shutting down VM
08-05 00:54:53.795   918  4413 I ActivityManager: START u0 {cmp=baseline.io.github.project_travel_mate/.utilities.ChecklistActivity} from uid 10674 on display 0
08-05 00:54:53.796   512  2967 D audio_hw_primary: out_set_parameters: enter: usecase(1: low-latency-playback) kvpairs: routing=2
08-05 00:54:53.809   512  2967 D audio_hw_primary: select_devices: out_snd_device(2: speaker) in_snd_device(0: none)
08-05 00:54:53.809   512  2967 D msm8974_platform: platform_send_audio_calibration: sending audio calibration for snd_device(2) acdb_id(15)
08-05 00:54:53.809   512  2967 I soundtrigger: audio_extn_sound_trigger_update_device_status: device 0x2 of type 0 for Event 1
08-05 00:54:53.821   512  2967 D audio_hw_primary: enable_snd_device: snd_device(2: speaker)
08-05 00:54:53.821 12138 12150 I art     : Explicit concurrent mark sweep GC freed 66(3KB) AllocSpace objects, 0(0B) LOS objects, 7% free, 185MB/201MB, paused 1.920ms total 67.910ms
08-05 00:54:53.823   512  2967 D audio_hw_primary: enable_audio_route: apply and update mixer path: low-latency-playback speaker
08-05 00:54:53.842 12138 12150 I art     : Starting a blocking GC Explicit
08-05 00:54:53.898 12138 12150 I art     : Explicit concurrent mark sweep GC freed 775(47KB) AllocSpace objects, 0(0B) LOS objects, 7% free, 185MB/201MB, paused 1.908ms total 55.539ms
08-05 00:54:53.918 12138 12150 I art     : Starting a blocking GC Explicit
08-05 00:54:53.983 12138 12150 I art     : Explicit concurrent mark sweep GC freed 29795(1184KB) AllocSpace objects, 0(0B) LOS objects, 7% free, 185MB/201MB, paused 2.411ms total 64.747ms
08-05 00:54:54.369   512  2967 D audio_hw_primary: disable_audio_route: reset and update mixer path: low-latency-playback speaker
08-05 00:54:54.371   512  2967 D audio_hw_primary: disable_snd_device: snd_device(2: speaker)
08-05 00:54:54.380   512  2967 I soundtrigger: audio_extn_sound_trigger_update_device_status: device 0x2 of type 0 for Event 0
08-05 00:54:54.380 12138 13058 I art     : Starting a blocking GC Explicit
08-05 00:54:54.385 13866 13866 I GoogleInputMethodServic: GoogleInputMethodService.onFinishInput():3138 
08-05 00:54:54.385 13866 13866 I GoogleInputMethodServic: GoogleInputMethodService.onStartInput():1808 
08-05 00:54:54.386   918   936 I ActivityManager: Displayed baseline.io.github.project_travel_mate/.utilities.ChecklistActivity: +579ms
08-05 00:54:54.456 12138 13058 I art     : Explicit concurrent mark sweep GC freed 112222(4MB) AllocSpace objects, 2(48KB) LOS objects, 7% free, 186MB/202MB, paused 1.728ms total 74.969ms
08-05 00:54:54.476 12138 13058 I art     : Starting a blocking GC Explicit
08-05 00:54:54.540 12138 13058 I art     : Explicit concurrent mark sweep GC freed 2435(253KB) AllocSpace objects, 0(0B) LOS objects, 7% free, 186MB/202MB, paused 1.659ms total 62.987ms
08-05 00:54:54.564 12138 13058 I art     : Starting a blocking GC Explicit
08-05 00:54:54.643 12138 13058 I art     : Explicit concurrent mark sweep GC freed 201(8KB) AllocSpace objects, 0(0B) LOS objects, 7% free, 186MB/202MB, paused 1.624ms total 78.613ms
08-05 00:54:54.645   380   380 W SurfaceFlinger: couldn't log to binary event log: overflow.
08-05 00:54:54.668 12138 13058 I art     : Starting a blocking GC Explicit
08-05 00:54:54.727 12138 13058 I art     : Explicit concurrent mark sweep GC freed 3(96B) AllocSpace objects, 0(0B) LOS objects, 7% free, 186MB/202MB, paused 1.441ms total 59.601ms
08-05 00:54:54.750 12138 13058 I art     : Starting a blocking GC Explicit
08-05 00:54:54.813 12138 13058 I art     : Explicit concurrent mark sweep GC freed 55(1728B) AllocSpace objects, 0(0B) LOS objects, 7% free, 186MB/202MB, paused 1.485ms total 63.320ms
08-05 00:54:55.226 12138 12159 I art     : Starting a blocking GC Explicit
08-05 00:54:55.318 12138 12159 I art     : Explicit concurrent mark sweep GC freed 1634(93KB) AllocSpace objects, 2(48KB) LOS objects, 7% free, 186MB/202MB, paused 1.691ms total 92.408ms
08-05 00:54:55.342 12138 12159 I art     : Starting a blocking GC Explicit
08-05 00:54:55.416 12138 12159 I art     : Explicit concurrent mark sweep GC freed 28(1024B) AllocSpace objects, 0(0B) LOS objects, 7% free, 186MB/202MB, paused 1.523ms total 73.521ms
08-05 00:54:55.443 12138 12159 I art     : Starting a blocking GC Explicit
08-05 00:54:55.527 12138 12159 I art     : Explicit concurrent mark sweep GC freed 3(96B) AllocSpace objects, 0(0B) LOS objects, 7% free, 186MB/202MB, paused 1.759ms total 83.884ms
08-05 00:54:55.554 12138 12159 I art     : Starting a blocking GC Explicit
08-05 00:54:55.640 12138 12159 I art     : Explicit concurrent mark sweep GC freed 3(96B) AllocSpace objects, 0(0B) LOS objects, 7% free, 186MB/202MB, paused 1.753ms total 85.224ms
08-05 00:54:55.641 12138 12148 I art     : WaitForGcToComplete blocked for 13.005ms for cause HeapTrim
08-05 00:54:55.667 12138 12159 I art     : Starting a blocking GC Explicit
08-05 00:54:55.752 12138 12159 I art     : Explicit concurrent mark sweep GC freed 3(96B) AllocSpace objects, 0(0B) LOS objects, 7% free, 186MB/202MB, paused 1.765ms total 84.509ms
08-05 00:54:56.204 12138 12149 I art     : Starting a blocking GC Explicit
08-05 00:54:56.312 12138 12149 I art     : Explicit concurrent mark sweep GC freed 1650(94KB) AllocSpace objects, 2(48KB) LOS objects, 7% free, 186MB/202MB, paused 1.703ms total 107.379ms
08-05 00:54:56.338 12138 12149 I art     : Starting a blocking GC Explicit
08-05 00:54:56.417 12138 12149 I art     : Explicit concurrent mark sweep GC freed 52(2000B) AllocSpace objects, 0(0B) LOS objects, 7% free, 186MB/202MB, paused 1.609ms total 79.157ms
08-05 00:54:56.444 12138 12149 I art     : Starting a blocking GC Explicit
08-05 00:54:56.529 12138 12149 I art     : Explicit concurrent mark sweep GC freed 3(96B) AllocSpace objects, 0(0B) LOS objects, 7% free, 186MB/202MB, paused 1.805ms total 84.488ms
08-05 00:54:56.556 12138 12149 I art     : Starting a blocking GC Explicit
08-05 00:54:56.642 12138 12149 I art     : Explicit concurrent mark sweep GC freed 3(96B) AllocSpace objects, 0(0B) LOS objects, 7% free, 186MB/202MB, paused 1.780ms total 85.395ms
08-05 00:54:56.666 12138 12149 I art     : Starting a blocking GC Explicit
08-05 00:54:56.745 12138 12149 I art     : Explicit concurrent mark sweep GC freed 3(96B) AllocSpace objects, 0(0B) LOS objects, 7% free, 186MB/202MB, paused 1.606ms total 78.255ms
08-05 00:54:57.197 12138 12418 I art     : Starting a blocking GC Explicit
08-05 00:54:57.292 12138 12418 I art     : Explicit concurrent mark sweep GC freed 1625(93KB) AllocSpace objects, 2(48KB) LOS objects, 7% free, 186MB/202MB, paused 1.760ms total 94.797ms
08-05 00:54:57.319 12138 12418 I art     : Starting a blocking GC Explicit
08-05 00:54:57.398 12138 12418 I art     : Explicit concurrent mark sweep GC freed 39(1648B) AllocSpace objects, 0(0B) LOS objects, 7% free, 186MB/202MB, paused 1.704ms total 78.615ms
08-05 00:54:57.421 12138 12418 I art     : Starting a blocking GC Explicit
08-05 00:54:57.439   918  3261 D WifiStateMachine: starting scan for "H369AA63323"WPA_PSK with 2412,5180
08-05 00:54:57.499 12138 12418 I art     : Explicit concurrent mark sweep GC freed 14(672B) AllocSpace objects, 0(0B) LOS objects, 7% free, 186MB/202MB, paused 1.528ms total 77.747ms
08-05 00:54:57.522 12138 12418 I art     : Starting a blocking GC Explicit
08-05 00:54:57.602 12138 12418 I art     : Explicit concurrent mark sweep GC freed 3(96B) AllocSpace objects, 0(0B) LOS objects, 7% free, 186MB/202MB, paused 1.637ms total 79.560ms
08-05 00:54:57.624 12138 12418 I art     : Starting a blocking GC Explicit
08-05 00:54:57.705 12138 12418 I art     : Explicit concurrent mark sweep GC freed 3(96B) AllocSpace objects, 0(0B) LOS objects, 7% free, 186MB/202MB, paused 1.606ms total 80.678ms
08-05 00:54:58.147 12138 12150 I art     : Starting a blocking GC Explicit
08-05 00:54:58.222 12138 12150 I art     : Explicit concurrent mark sweep GC freed 1627(93KB) AllocSpace objects, 2(48KB) LOS objects, 7% free, 186MB/202MB, paused 1.647ms total 74.044ms
08-05 00:54:58.244 12138 12150 I art     : Starting a blocking GC Explicit
08-05 00:54:58.320 12138 12150 I art     : Explicit concurrent mark sweep GC freed 28(1024B) AllocSpace objects, 0(0B) LOS objects, 7% free, 186MB/202MB, paused 1.608ms total 75.640ms
08-05 00:54:58.342 12138 12150 I art     : Starting a blocking GC Explicit
08-05 00:54:58.419 12138 12150 I art     : Explicit concurrent mark sweep GC freed 3(96B) AllocSpace objects, 0(0B) LOS objects, 7% free, 186MB/202MB, paused 1.585ms total 76.135ms
08-05 00:54:58.442 12138 12150 I art     : Starting a blocking GC Explicit
08-05 00:54:58.521 12138 12150 I art     : Explicit concurrent mark sweep GC freed 3(96B) AllocSpace objects, 0(0B) LOS objects, 7% free, 186MB/202MB, paused 1.726ms total 79.117ms
08-05 00:54:58.548 12138 12150 I art     : Starting a blocking GC Explicit
08-05 00:54:58.599 14576 14576 D AndroidRuntime: >>>>>> START com.android.internal.os.RuntimeInit uid 2000 <<<<<<
08-05 00:54:58.605 14576 14576 D AndroidRuntime: CheckJNI is OFF
08-05 00:54:58.622 12138 12150 I art     : Explicit concurrent mark sweep GC freed 3(96B) AllocSpace objects, 0(0B) LOS objects, 7% free, 186MB/202MB, paused 1.581ms total 74.022ms
08-05 00:54:58.654 14576 14576 D ICU     : No timezone override file found: /data/misc/zoneinfo/current/icu/icu_tzdata.dat
08-05 00:54:58.698 14576 14576 I Radio-JNI: register_android_hardware_Radio DONE
08-05 00:54:58.728 14576 14576 D AndroidRuntime: Calling main entry com.android.commands.input.Input
08-05 00:54:58.730 14576 14576 I Input   : injectKeyEvent: KeyEvent { action=ACTION_DOWN, keyCode=KEYCODE_BACK, scanCode=0, metaState=0, flags=0x0, repeatCount=0, eventTime=752115143, downTime=752115143, deviceId=-1, source=0x101 }
08-05 00:54:58.738 14576 14576 I Input   : injectKeyEvent: KeyEvent { action=ACTION_UP, keyCode=KEYCODE_BACK, scanCode=0, metaState=0, flags=0x0, repeatCount=0, eventTime=752115143, downTime=752115143, deviceId=-1, source=0x101 }
08-05 00:54:58.745 14576 14576 D AndroidRuntime: Shutting down VM
08-05 00:54:58.764 12138 12138 V MainActivity: url = https://project-travel-mate.herokuapp.com/api/number-of-unread-notifications
08-05 00:54:58.797 13866 13866 I GoogleInputMethodServic: GoogleInputMethodService.onFinishInput():3138 
08-05 00:54:58.798 13866 13866 I GoogleInputMethodServic: GoogleInputMethodService.onStartInput():1808 
08-05 00:54:59.017 12138 12150 I art     : Starting a blocking GC Explicit
08-05 00:54:59.082   380   380 W SurfaceFlinger: couldn't log to binary event log: overflow.
08-05 00:54:59.097 12138 12150 I art     : Explicit concurrent mark sweep GC freed 2549(134KB) AllocSpace objects, 2(48KB) LOS objects, 7% free, 186MB/202MB, paused 1.589ms total 79.889ms
08-05 00:54:59.120 12138 12150 I art     : Starting a blocking GC Explicit
08-05 00:54:59.184 12138 12150 I art     : Explicit concurrent mark sweep GC freed 181(7KB) AllocSpace objects, 0(0B) LOS objects, 7% free, 186MB/202MB, paused 1.598ms total 63.870ms
08-05 00:54:59.205 12138 12150 I art     : Starting a blocking GC Explicit
08-05 00:54:59.271 12138 12150 I art     : Explicit concurrent mark sweep GC freed 1014(72KB) AllocSpace objects, 2(120KB) LOS objects, 7% free, 186MB/202MB, paused 2.073ms total 66.421ms
08-05 00:54:59.293 12138 12150 I art     : Starting a blocking GC Explicit
08-05 00:54:59.326 12138 14591 I NAPPA_EXPERIMENTATION: MetricNetworkRequestExecutionTime: REQUEST_DURATION_SYSTEM='560',REQUEST_DURATION_OKHTTP='36',REQUEST_SYNCHRONOUS='FALSE',RESPONSE_CODE='200',RESPONSE_METHOD='GET',RESPONSE_LENGTH_OKHTTP='36',RESPONSE_LENGTH_HEADER='36',REQUEST_PROTOCOL='http/1.1',REQUEST_URL='https://project-travel-mate.herokuapp.com/api/number-of-unread-notifications',
08-05 00:54:59.360 12138 12150 I art     : Explicit concurrent mark sweep GC freed 2326(140KB) AllocSpace objects, 1(80KB) LOS objects, 7% free, 186MB/202MB, paused 1.680ms total 66.730ms
08-05 00:54:59.381 12138 12150 I art     : Starting a blocking GC Explicit
08-05 00:54:59.449 12138 12150 I art     : Explicit concurrent mark sweep GC freed 542(58KB) AllocSpace objects, 0(0B) LOS objects, 7% free, 186MB/202MB, paused 1.759ms total 67.550ms
08-05 00:54:59.857 12138 13058 I art     : Starting a blocking GC Explicit
08-05 00:54:59.958 12138 13058 I art     : Explicit concurrent mark sweep GC freed 1586(92KB) AllocSpace objects, 2(48KB) LOS objects, 7% free, 186MB/202MB, paused 1.893ms total 100.038ms
08-05 00:54:59.982 12138 13058 I art     : Starting a blocking GC Explicit
08-05 00:55:00.048 12138 13058 I art     : Explicit concurrent mark sweep GC freed 69(2128B) AllocSpace objects, 0(0B) LOS objects, 7% free, 186MB/202MB, paused 1.669ms total 66.408ms
08-05 00:55:00.069 12138 13058 I art     : Starting a blocking GC Explicit
08-05 00:55:00.137 12138 13058 I art     : Explicit concurrent mark sweep GC freed 3(96B) AllocSpace objects, 0(0B) LOS objects, 7% free, 186MB/202MB, paused 1.616ms total 68.105ms
08-05 00:55:00.159 12138 13058 I art     : Starting a blocking GC Explicit
08-05 00:55:00.230 12138 13058 I art     : Explicit concurrent mark sweep GC freed 3(96B) AllocSpace objects, 0(0B) LOS objects, 7% free, 186MB/202MB, paused 1.741ms total 70.132ms
08-05 00:55:00.252 12138 13058 I art     : Starting a blocking GC Explicit
08-05 00:55:00.324 12138 13058 I art     : Explicit concurrent mark sweep GC freed 3(96B) AllocSpace objects, 0(0B) LOS objects, 7% free, 186MB/202MB, paused 1.605ms total 71.401ms
08-05 00:55:00.512 14612 14612 D AndroidRuntime: >>>>>> START com.android.internal.os.RuntimeInit uid 2000 <<<<<<
08-05 00:55:00.518 14612 14612 D AndroidRuntime: CheckJNI is OFF
08-05 00:55:00.559 14612 14612 D ICU     : No timezone override file found: /data/misc/zoneinfo/current/icu/icu_tzdata.dat
08-05 00:55:00.604 14612 14612 I Radio-JNI: register_android_hardware_Radio DONE
08-05 00:55:00.633 14612 14612 D AndroidRuntime: Calling main entry com.android.commands.input.Input
08-05 00:55:00.635 14612 14612 I Input   : injectMotionEvent: MotionEvent { action=ACTION_DOWN, actionButton=0, id[0]=0, x[0]=657.0, y[0]=2037.0, toolType[0]=TOOL_TYPE_UNKNOWN, buttonState=0, metaState=0, flags=0x0, edgeFlags=0x0, pointerCount=1, historySize=0, eventTime=752117048, downTime=752117048, deviceId=0, source=0x1002 }
08-05 00:55:00.640 14612 14612 I Input   : injectMotionEvent: MotionEvent { action=ACTION_UP, actionButton=0, id[0]=0, x[0]=657.0, y[0]=2037.0, toolType[0]=TOOL_TYPE_UNKNOWN, buttonState=0, metaState=0, flags=0x0, edgeFlags=0x0, pointerCount=1, historySize=0, eventTime=752117048, downTime=752117048, deviceId=0, source=0x1002 }
08-05 00:55:00.642 14612 14612 D AndroidRuntime: Shutting down VM
08-05 00:55:00.653   918  3696 I ActivityManager: START u0 {cmp=baseline.io.github.project_travel_mate/.utilities.CompassActivity} from uid 10674 on display 0
08-05 00:55:00.655   512  2967 D audio_hw_primary: out_set_parameters: enter: usecase(1: low-latency-playback) kvpairs: routing=2
08-05 00:55:00.669   512  2967 D audio_hw_primary: select_devices: out_snd_device(2: speaker) in_snd_device(0: none)
08-05 00:55:00.669   512  2967 D msm8974_platform: platform_send_audio_calibration: sending audio calibration for snd_device(2) acdb_id(15)
08-05 00:55:00.669   512  2967 I soundtrigger: audio_extn_sound_trigger_update_device_status: device 0x2 of type 0 for Event 1
08-05 00:55:00.679   512  2967 D audio_hw_primary: enable_snd_device: snd_device(2: speaker)
08-05 00:55:00.681   512  2967 D audio_hw_primary: enable_audio_route: apply and update mixer path: low-latency-playback speaker
08-05 00:55:00.748 12138 13058 I art     : Waiting for a blocking GC Explicit
08-05 00:55:00.749   518   646 I ThermalEngine: ACTION: GPU - Setting GPU[0] to 510000000
08-05 00:55:00.756 12138 13058 I art     : WaitForGcToComplete blocked for 8.114ms for cause Explicit
08-05 00:55:00.757 12138 13058 I art     : Starting a blocking GC Explicit
08-05 00:55:00.823 12138 13058 I art     : Explicit concurrent mark sweep GC freed 188(35KB) AllocSpace objects, 1(20KB) LOS objects, 6% free, 235MB/251MB, paused 1.541ms total 66.233ms
08-05 00:55:00.823 12138 12148 I art     : WaitForGcToComplete blocked for 63.922ms for cause HeapTrim
08-05 00:55:00.840 12138 13058 I art     : Starting a blocking GC Explicit
08-05 00:55:00.894 12138 13058 I art     : Explicit concurrent mark sweep GC freed 82(6KB) AllocSpace objects, 0(0B) LOS objects, 6% free, 235MB/251MB, paused 1.343ms total 54.056ms
08-05 00:55:00.910 12138 13058 I art     : Starting a blocking GC Explicit
08-05 00:55:00.964 12138 13058 I art     : Explicit concurrent mark sweep GC freed 3(96B) AllocSpace objects, 0(0B) LOS objects, 6% free, 235MB/251MB, paused 1.403ms total 53.046ms
08-05 00:55:00.980 12138 13058 I art     : Starting a blocking GC Explicit
08-05 00:55:01.036 12138 13058 I art     : Explicit concurrent mark sweep GC freed 44(1200B) AllocSpace objects, 0(0B) LOS objects, 6% free, 235MB/251MB, paused 1.455ms total 56.065ms
08-05 00:55:01.053 12138 13058 I art     : Starting a blocking GC Explicit
08-05 00:55:01.099 12138 12138 D CompassActivity: start compass
08-05 00:55:01.100   918  6112 I sensors : batch
08-05 00:55:01.100   918  6112 I sensors : activate
08-05 00:55:01.100   918  5132 I sensors : batch
08-05 00:55:01.100   918  5132 I sensors : activate
08-05 00:55:01.107   918  3188 I hubconnection: sensorhub said: 'batch 1 flags:0, sampling_rate_Hz:50.00, max_report_latency_us:0'
08-05 00:55:01.108 12138 13058 I art     : Explicit concurrent mark sweep GC freed 114(5KB) AllocSpace objects, 0(0B) LOS objects, 6% free, 238MB/254MB, paused 1.593ms total 54.426ms
08-05 00:55:01.109   918  3188 I hubconnection: sensorhub said: 'activate 1 enable:1'
08-05 00:55:01.110   918  3188 I hubconnection: sensorhub said: 'batch 3 flags:0, sampling_rate_Hz:50.00, max_report_latency_us:0'
08-05 00:55:01.111   918  3188 I hubconnection: sensorhub said: 'activate 3 enable:1'
08-05 00:55:01.163 13866 13866 I GoogleInputMethodServic: GoogleInputMethodService.onFinishInput():3138 
08-05 00:55:01.164 13866 13866 I GoogleInputMethodServic: GoogleInputMethodService.onStartInput():1808 
08-05 00:55:01.220   512  2967 D audio_hw_primary: disable_audio_route: reset and update mixer path: low-latency-playback speaker
08-05 00:55:01.222   512  2967 D audio_hw_primary: disable_snd_device: snd_device(2: speaker)
08-05 00:55:01.229   512  2967 I soundtrigger: audio_extn_sound_trigger_update_device_status: device 0x2 of type 0 for Event 0
08-05 00:55:01.272   918   936 I ActivityManager: Displayed baseline.io.github.project_travel_mate/.utilities.CompassActivity: +609ms
08-05 00:55:01.327 12138 12138 D CompassActivity: will set rotation from 0.0 to 177.62646
08-05 00:55:01.328 12138 12138 D CompassActivity: will set rotation from 177.62646 to 177.80792
08-05 00:55:01.328 12138 12138 D CompassActivity: will set rotation from 177.80792 to 177.80554
08-05 00:55:01.328 12138 12138 D CompassActivity: will set rotation from 177.80554 to 177.91235
08-05 00:55:01.328 12138 12138 D CompassActivity: will set rotation from 177.91235 to 177.91022
08-05 00:55:01.328 12138 12138 D CompassActivity: will set rotation from 177.91022 to 178.06885
08-05 00:55:01.328 12138 12138 D CompassActivity: will set rotation from 178.06885 to 178.06036
08-05 00:55:01.356 12138 12138 D CompassActivity: will set rotation from 178.06036 to 177.88782
08-05 00:55:01.356 12138 12138 D CompassActivity: will set rotation from 177.88782 to 177.88452
08-05 00:55:01.359 12138 12138 D CompassActivity: will set rotation from 177.88452 to 177.92273
08-05 00:55:01.359 12138 12138 D CompassActivity: will set rotation from 177.92273 to 177.92676
08-05 00:55:01.378 12138 12138 D CompassActivity: will set rotation from 177.92676 to 177.95795
08-05 00:55:01.378 12138 12138 D CompassActivity: will set rotation from 177.95795 to 177.96436
08-05 00:55:01.398 12138 12138 D CompassActivity: will set rotation from 177.96436 to 177.99841
08-05 00:55:01.398 12138 12138 D CompassActivity: will set rotation from 177.99841 to 178.00128
08-05 00:55:01.418 12138 12138 D CompassActivity: will set rotation from 178.00128 to 178.07678
08-05 00:55:01.418 12138 12138 D CompassActivity: will set rotation from 178.07678 to 178.07117
08-05 00:55:01.438 12138 12138 D CompassActivity: will set rotation from 178.07117 to 178.08008
08-05 00:55:01.439 12138 12138 D CompassActivity: will set rotation from 178.08008 to 178.08173
08-05 00:55:01.451 12138 12418 I art     : Starting a blocking GC Explicit
08-05 00:55:01.458 12138 12138 D CompassActivity: will set rotation from 178.08173 to 178.03998
08-05 00:55:01.458 12138 12138 D CompassActivity: will set rotation from 178.03998 to 178.04541
08-05 00:55:01.477 12138 12138 D CompassActivity: will set rotation from 178.04541 to 178.06702
08-05 00:55:01.478 12138 12138 D CompassActivity: will set rotation from 178.06702 to 178.07043
08-05 00:55:01.498 12138 12138 D CompassActivity: will set rotation from 178.07043 to 178.08154
08-05 00:55:01.499 12138 12138 D CompassActivity: will set rotation from 178.08154 to 178.08075
08-05 00:55:01.504 12138 12418 I art     : Explicit concurrent mark sweep GC freed 1872(108KB) AllocSpace objects, 2(48KB) LOS objects, 6% free, 238MB/254MB, paused 1.196ms total 52.890ms
08-05 00:55:01.518 12138 12138 D CompassActivity: will set rotation from 178.08075 to 178.1305
08-05 00:55:01.518 12138 12138 D CompassActivity: will set rotation from 178.1305 to 178.13354
08-05 00:55:01.519   380   380 W SurfaceFlinger: couldn't log to binary event log: overflow.
08-05 00:55:01.521 12138 12418 I art     : Starting a blocking GC Explicit
08-05 00:55:01.538 12138 12138 D CompassActivity: will set rotation from 178.13354 to 178.17188
08-05 00:55:01.538 12138 12138 D CompassActivity: will set rotation from 178.17188 to 178.17468
08-05 00:55:01.557 12138 12138 D CompassActivity: will set rotation from 178.17468 to 178.21686
08-05 00:55:01.557 12138 12138 D CompassActivity: will set rotation from 178.21686 to 178.21985
08-05 00:55:01.571 12138 12418 I art     : Explicit concurrent mark sweep GC freed 384(16KB) AllocSpace objects, 0(0B) LOS objects, 6% free, 238MB/254MB, paused 1.112ms total 50.533ms
08-05 00:55:01.577 12138 12138 D CompassActivity: will set rotation from 178.21985 to 178.328
08-05 00:55:01.577 12138 12138 D CompassActivity: will set rotation from 178.328 to 178.33014
08-05 00:55:01.587 12138 12418 I art     : Starting a blocking GC Explicit
08-05 00:55:01.597 12138 12138 D CompassActivity: will set rotation from 178.33014 to 178.32324
08-05 00:55:01.598 12138 12138 D CompassActivity: will set rotation from 178.32324 to 178.3258
08-05 00:55:01.617 12138 12138 D CompassActivity: will set rotation from 178.3258 to 178.2876
08-05 00:55:01.618 12138 12138 D CompassActivity: will set rotation from 178.2876 to 178.28369
08-05 00:55:01.641 12138 12418 I art     : Explicit concurrent mark sweep GC freed 136(6KB) AllocSpace objects, 0(0B) LOS objects, 6% free, 238MB/254MB, paused 1.321ms total 54.222ms
08-05 00:55:01.659 12138 12418 I art     : Starting a blocking GC Explicit
08-05 00:55:01.700 12138 12138 D CompassActivity: will set rotation from 178.28369 to 178.24658
08-05 00:55:01.701 12138 12138 D CompassActivity: will set rotation from 178.24658 to 178.24298
08-05 00:55:01.701 12138 12138 D CompassActivity: will set rotation from 178.24298 to 178.24268
08-05 00:55:01.701 12138 12138 D CompassActivity: will set rotation from 178.24268 to 178.24414
08-05 00:55:01.701 12138 12138 D CompassActivity: will set rotation from 178.24414 to 178.2699
08-05 00:55:01.701 12138 12138 D CompassActivity: will set rotation from 178.2699 to 178.26746
08-05 00:55:01.701 12138 12138 D CompassActivity: will set rotation from 178.26746 to 178.26648
08-05 00:55:01.701 12138 12138 D CompassActivity: will set rotation from 178.26648 to 178.26123
08-05 00:55:01.712 12138 12418 I art     : Explicit concurrent mark sweep GC freed 204(9KB) AllocSpace objects, 0(0B) LOS objects, 6% free, 238MB/254MB, paused 1.349ms total 53.235ms
08-05 00:55:01.717 12138 12138 D CompassActivity: will set rotation from 178.26123 to 178.23163
08-05 00:55:01.717 12138 12138 D CompassActivity: will set rotation from 178.23163 to 178.23083
08-05 00:55:01.729 12138 12418 I art     : Starting a blocking GC Explicit
08-05 00:55:01.737 12138 12138 D CompassActivity: will set rotation from 178.23083 to 178.2287
08-05 00:55:01.738 12138 12138 D CompassActivity: will set rotation from 178.2287 to 178.22894
08-05 00:55:01.753   518   646 I ThermalEngine: ACTION: GPU - Setting GPU[0] to 450000000
08-05 00:55:01.757 12138 12138 D CompassActivity: will set rotation from 178.22894 to 178.20007
08-05 00:55:01.757 12138 12138 D CompassActivity: will set rotation from 178.20007 to 178.20172
08-05 00:55:01.776 12138 12138 D CompassActivity: will set rotation from 178.20172 to 178.17847
08-05 00:55:01.776 12138 12138 D CompassActivity: will set rotation from 178.17847 to 178.17499
08-05 00:55:01.790 12138 12418 I art     : Explicit concurrent mark sweep GC freed 181(8KB) AllocSpace objects, 0(0B) LOS objects, 6% free, 238MB/254MB, paused 1.493ms total 61.285ms
08-05 00:55:01.796 12138 12138 D CompassActivity: will set rotation from 178.17499 to 178.17694
08-05 00:55:01.797 12138 12138 D CompassActivity: will set rotation from 178.17694 to 178.1756
08-05 00:55:01.816 12138 12138 D CompassActivity: will set rotation from 178.1756 to 178.17676
08-05 00:55:01.817 12138 12138 D CompassActivity: will set rotation from 178.17676 to 178.17725
08-05 00:55:01.838 12138 12138 D CompassActivity: will set rotation from 178.17725 to 178.1308
08-05 00:55:01.838 12138 12138 D CompassActivity: will set rotation from 178.1308 to 178.12866
08-05 00:55:01.856 12138 12138 D CompassActivity: will set rotation from 178.12866 to 178.13281
08-05 00:55:01.856 12138 12138 D CompassActivity: will set rotation from 178.13281 to 178.1297
08-05 00:55:01.876 12138 12138 D CompassActivity: will set rotation from 178.1297 to 178.15979
08-05 00:55:01.876 12138 12138 D CompassActivity: will set rotation from 178.15979 to 178.15698
08-05 00:55:01.896 12138 12138 D CompassActivity: will set rotation from 178.15698 to 178.18726
08-05 00:55:01.896 12138 12138 D CompassActivity: will set rotation from 178.18726 to 178.18549
08-05 00:55:01.916 12138 12138 D CompassActivity: will set rotation from 178.18549 to 178.21082
08-05 00:55:01.916 12138 12138 D CompassActivity: will set rotation from 178.21082 to 178.21301
08-05 00:55:01.937 12138 12138 D CompassActivity: will set rotation from 178.21301 to 178.19354
08-05 00:55:01.937 12138 12138 D CompassActivity: will set rotation from 178.19354 to 178.2005
08-05 00:55:01.956 12138 12138 D CompassActivity: will set rotation from 178.2005 to 178.20337
08-05 00:55:01.956 12138 12138 D CompassActivity: will set rotation from 178.20337 to 178.20642
08-05 00:55:01.975 12138 12138 D CompassActivity: will set rotation from 178.20642 to 178.23077
08-05 00:55:01.976 12138 12138 D CompassActivity: will set rotation from 178.23077 to 178.22595
08-05 00:55:01.995 12138 12138 D CompassActivity: will set rotation from 178.22595 to 178.24841
08-05 00:55:01.996 12138 12138 D CompassActivity: will set rotation from 178.24841 to 178.24103
08-05 00:55:02.015 12138 12138 D CompassActivity: will set rotation from 178.24103 to 178.2456
08-05 00:55:02.016 12138 12138 D CompassActivity: will set rotation from 178.2456 to 178.23804
08-05 00:55:02.036 12138 12138 D CompassActivity: will set rotation from 178.23804 to 178.27924
08-05 00:55:02.037 12138 12138 D CompassActivity: will set rotation from 178.27924 to 178.27942
08-05 00:55:02.055 12138 12138 D CompassActivity: will set rotation from 178.27942 to 178.27911
08-05 00:55:02.055 12138 12138 D CompassActivity: will set rotation from 178.27911 to 178.28638
08-05 00:55:02.075 12138 12138 D CompassActivity: will set rotation from 178.28638 to 178.3067
08-05 00:55:02.075 12138 12138 D CompassActivity: will set rotation from 178.3067 to 178.31091
08-05 00:55:02.095 12138 12138 D CompassActivity: will set rotation from 178.31091 to 178.32532
08-05 00:55:02.096 12138 12138 D CompassActivity: will set rotation from 178.32532 to 178.32727
08-05 00:55:02.115 12138 12138 D CompassActivity: will set rotation from 178.32727 to 178.32153
08-05 00:55:02.115 12138 12138 D CompassActivity: will set rotation from 178.32153 to 178.32172
08-05 00:55:02.137 12138 12138 D CompassActivity: will set rotation from 178.32172 to 178.35852
08-05 00:55:02.138 12138 12138 D CompassActivity: will set rotation from 178.35852 to 178.35388
08-05 00:55:02.156 12138 12138 D CompassActivity: will set rotation from 178.35388 to 178.34692
08-05 00:55:02.156 12138 12138 D CompassActivity: will set rotation from 178.34692 to 178.34155
08-05 00:55:02.175 12138 12138 D CompassActivity: will set rotation from 178.34155 to 178.3584
08-05 00:55:02.176 12138 12138 D CompassActivity: will set rotation from 178.3584 to 178.35632
08-05 00:55:02.195 12138 12138 D CompassActivity: will set rotation from 178.35632 to 178.33081
08-05 00:55:02.195 12138 12138 D CompassActivity: will set rotation from 178.33081 to 178.33136
08-05 00:55:02.206 12138 12159 I art     : Starting a blocking GC Explicit
08-05 00:55:02.215 12138 12138 D CompassActivity: will set rotation from 178.33136 to 178.36456
08-05 00:55:02.216 12138 12138 D CompassActivity: will set rotation from 178.36456 to 178.36926
08-05 00:55:02.236 12138 12138 D CompassActivity: will set rotation from 178.36926 to 178.36578
08-05 00:55:02.236 12138 12138 D CompassActivity: will set rotation from 178.36578 to 178.37048
08-05 00:55:02.256 12138 12138 D CompassActivity: will set rotation from 178.37048 to 178.34937
08-05 00:55:02.257 12138 12138 D CompassActivity: will set rotation from 178.34937 to 178.34973
08-05 00:55:02.275 12138 12138 D CompassActivity: will set rotation from 178.34973 to 178.3471
08-05 00:55:02.276 12138 12138 D CompassActivity: will set rotation from 178.3471 to 178.34314
08-05 00:55:02.293 12138 12159 I art     : Explicit concurrent mark sweep GC freed 2089(123KB) AllocSpace objects, 2(48KB) LOS objects, 6% free, 238MB/254MB, paused 2.231ms total 86.354ms
08-05 00:55:02.295 12138 12138 D CompassActivity: will set rotation from 178.34314 to 178.3233
08-05 00:55:02.296 12138 12138 D CompassActivity: will set rotation from 178.3233 to 178.31976
08-05 00:55:02.316 12138 12138 D CompassActivity: will set rotation from 178.31976 to 178.31763
08-05 00:55:02.317 12138 12138 D CompassActivity: will set rotation from 178.31763 to 178.31396
08-05 00:55:02.319 12138 12159 I art     : Starting a blocking GC Explicit
08-05 00:55:02.336 12138 12138 D CompassActivity: will set rotation from 178.31396 to 178.34656
08-05 00:55:02.337 12138 12138 D CompassActivity: will set rotation from 178.34656 to 178.34558
08-05 00:55:02.357 12138 12138 D CompassActivity: will set rotation from 178.34558 to 178.37872
08-05 00:55:02.357 12138 12138 D CompassActivity: will set rotation from 178.37872 to 178.38269
08-05 00:55:02.375 12138 12138 D CompassActivity: will set rotation from 178.38269 to 178.37653
08-05 00:55:02.375 12138 12138 D CompassActivity: will set rotation from 178.37653 to 178.38037
08-05 00:55:02.395 12138 12138 D CompassActivity: will set rotation from 178.38037 to 178.375
08-05 00:55:02.395 12138 12138 D CompassActivity: will set rotation from 178.375 to 178.3761
08-05 00:55:02.404 12138 12159 I art     : Explicit concurrent mark sweep GC freed 851(34KB) AllocSpace objects, 0(0B) LOS objects, 6% free, 238MB/254MB, paused 1.890ms total 84.179ms
08-05 00:55:02.415 12138 12138 D CompassActivity: will set rotation from 178.3761 to 178.33673
08-05 00:55:02.415 12138 12138 D CompassActivity: will set rotation from 178.33673 to 178.33392
08-05 00:55:02.430 12138 12159 I art     : Starting a blocking GC Explicit
08-05 00:55:02.435 12138 12138 D CompassActivity: will set rotation from 178.33392 to 178.3324
08-05 00:55:02.436 12138 12138 D CompassActivity: will set rotation from 178.3324 to 178.3305
08-05 00:55:02.456 12138 12138 D CompassActivity: will set rotation from 178.3305 to 178.32727
08-05 00:55:02.457 12138 12138 D CompassActivity: will set rotation from 178.32727 to 178.32495
08-05 00:55:02.474 12138 12138 D CompassActivity: will set rotation from 178.32495 to 178.30756
08-05 00:55:02.475 12138 12138 D CompassActivity: will set rotation from 178.30756 to 178.30835
08-05 00:55:02.494 12138 12138 D CompassActivity: will set rotation from 178.30835 to 178.32288
08-05 00:55:02.495 12138 12138 D CompassActivity: will set rotation from 178.32288 to 178.3244
08-05 00:55:02.506 12138 12159 I art     : Explicit concurrent mark sweep GC freed 247(11KB) AllocSpace objects, 0(0B) LOS objects, 6% free, 238MB/254MB, paused 1.914ms total 75.996ms
08-05 00:55:02.514 12138 12138 D CompassActivity: will set rotation from 178.3244 to 178.33777
08-05 00:55:02.515 12138 12138 D CompassActivity: will set rotation from 178.33777 to 178.33917
08-05 00:55:02.531 12138 12159 I art     : Starting a blocking GC Explicit
08-05 00:55:02.535 12138 12138 D CompassActivity: will set rotation from 178.33917 to 178.35156
08-05 00:55:02.536 12138 12138 D CompassActivity: will set rotation from 178.35156 to 178.35449
08-05 00:55:02.556 12138 12138 D CompassActivity: will set rotation from 178.35449 to 178.36475
08-05 00:55:02.557 12138 12138 D CompassActivity: will set rotation from 178.36475 to 178.36389
08-05 00:55:02.575 12138 12138 D CompassActivity: will set rotation from 178.36389 to 178.3952
08-05 00:55:02.575 12138 12138 D CompassActivity: will set rotation from 178.3952 to 178.39294
08-05 00:55:02.594 12138 12138 D CompassActivity: will set rotation from 178.39294 to 178.40472
08-05 00:55:02.594 12138 12138 D CompassActivity: will set rotation from 178.40472 to 178.4018
08-05 00:55:02.611 12138 12159 I art     : Explicit concurrent mark sweep GC freed 248(11KB) AllocSpace objects, 0(0B) LOS objects, 6% free, 238MB/254MB, paused 1.527ms total 80.364ms
08-05 00:55:02.614 12138 12138 D CompassActivity: will set rotation from 178.4018 to 178.38141
08-05 00:55:02.614 12138 12138 D CompassActivity: will set rotation from 178.38141 to 178.38007
08-05 00:55:02.634 12138 12138 D CompassActivity: will set rotation from 178.38007 to 178.39459
08-05 00:55:02.635 12138 12138 D CompassActivity: will set rotation from 178.39459 to 178.39532
08-05 00:55:02.636 12138 12159 I art     : Starting a blocking GC Explicit
08-05 00:55:02.657 12138 12138 D CompassActivity: will set rotation from 178.39532 to 178.38861
08-05 00:55:02.657 12138 12138 D CompassActivity: will set rotation from 178.38861 to 178.39368
08-05 00:55:02.675 12138 12138 D CompassActivity: will set rotation from 178.39368 to 178.3722
08-05 00:55:02.676 12138 12138 D CompassActivity: will set rotation from 178.3722 to 178.375
08-05 00:55:02.693 12138 12138 D CompassActivity: will set rotation from 178.375 to 178.36792
08-05 00:55:02.694 12138 12138 D CompassActivity: will set rotation from 178.36792 to 178.36926
08-05 00:55:02.714 12138 12138 D CompassActivity: will set rotation from 178.36926 to 178.36426
08-05 00:55:02.715 12138 12138 D CompassActivity: will set rotation from 178.36426 to 178.36371
08-05 00:55:02.716 12138 12159 I art     : Explicit concurrent mark sweep GC freed 218(10KB) AllocSpace objects, 0(0B) LOS objects, 6% free, 238MB/254MB, paused 1.738ms total 79.608ms
08-05 00:55:02.733 12138 12138 D CompassActivity: will set rotation from 178.36371 to 178.37714
08-05 00:55:02.734 12138 12138 D CompassActivity: will set rotation from 178.37714 to 178.3747
08-05 00:55:02.756 12138 12138 D CompassActivity: will set rotation from 178.3747 to 178.35376
08-05 00:55:02.757 12138 12138 D CompassActivity: will set rotation from 178.35376 to 178.35193
08-05 00:55:02.775 12138 12138 D CompassActivity: will set rotation from 178.35193 to 178.34967
08-05 00:55:02.776 12138 12138 D CompassActivity: will set rotation from 178.34967 to 178.35071
08-05 00:55:02.794 12138 12138 D CompassActivity: will set rotation from 178.35071 to 178.3656
08-05 00:55:02.794 12138 12138 D CompassActivity: will set rotation from 178.3656 to 178.36896
08-05 00:55:02.813 12138 12138 D CompassActivity: will set rotation from 178.36896 to 178.38367
08-05 00:55:02.813 12138 12138 D CompassActivity: will set rotation from 178.38367 to 178.38617
08-05 00:55:02.833 12138 12138 D CompassActivity: will set rotation from 178.38617 to 178.4021
08-05 00:55:02.833 12138 12138 D CompassActivity: will set rotation from 178.4021 to 178.40356
08-05 00:55:02.853 12138 12138 D CompassActivity: will set rotation from 178.40356 to 178.43225
08-05 00:55:02.857 12138 12138 D CompassActivity: will set rotation from 178.43225 to 178.43121
08-05 00:55:02.882 12138 12138 D CompassActivity: will set rotation from 178.43121 to 178.40887
08-05 00:55:02.883 12138 12138 D CompassActivity: will set rotation from 178.40887 to 178.4054
08-05 00:55:02.901 12138 12138 D CompassActivity: will set rotation from 178.4054 to 178.40015
08-05 00:55:02.901 12138 12138 D CompassActivity: will set rotation from 178.40015 to 178.39624
08-05 00:55:02.915 12138 12138 D CompassActivity: will set rotation from 178.39624 to 178.39319
08-05 00:55:02.915 12138 12138 D CompassActivity: will set rotation from 178.39319 to 178.39154
08-05 00:55:02.940 12138 12138 D CompassActivity: will set rotation from 178.39154 to 178.38531
08-05 00:55:02.941 12138 12138 D CompassActivity: will set rotation from 178.38531 to 178.38696
08-05 00:55:02.951 12138 12138 D CompassActivity: will set rotation from 178.38696 to 178.3971
08-05 00:55:02.952 12138 12138 D CompassActivity: will set rotation from 178.3971 to 178.39862
08-05 00:55:02.972 12138 12138 D CompassActivity: will set rotation from 178.39862 to 178.40881
08-05 00:55:02.973 12138 12138 D CompassActivity: will set rotation from 178.40881 to 178.40997
08-05 00:55:02.991 12138 12138 D CompassActivity: will set rotation from 178.40997 to 178.4226
08-05 00:55:02.992 12138 12138 D CompassActivity: will set rotation from 178.4226 to 178.42365
08-05 00:55:03.011 12138 12138 D CompassActivity: will set rotation from 178.42365 to 178.40198
08-05 00:55:03.011 12138 12138 D CompassActivity: will set rotation from 178.40198 to 178.39948
08-05 00:55:03.031 12138 12138 D CompassActivity: will set rotation from 178.39948 to 178.4112
08-05 00:55:03.032 12138 12138 D CompassActivity: will set rotation from 178.4112 to 178.40881
08-05 00:55:03.051 12138 12138 D CompassActivity: will set rotation from 178.40881 to 178.38751
08-05 00:55:03.052 12138 12138 D CompassActivity: will set rotation from 178.38751 to 178.38696
08-05 00:55:03.072 12138 12138 D CompassActivity: will set rotation from 178.38696 to 178.41022
08-05 00:55:03.072 12138 12138 D CompassActivity: will set rotation from 178.41022 to 178.41052
08-05 00:55:03.092 12138 12138 D CompassActivity: will set rotation from 178.41052 to 178.40472
08-05 00:55:03.093 12138 12138 D CompassActivity: will set rotation from 178.40472 to 178.40631
08-05 00:55:03.111 12138 12138 D CompassActivity: will set rotation from 178.40631 to 178.39978
08-05 00:55:03.111 12138 12138 D CompassActivity: will set rotation from 178.39978 to 178.40137
08-05 00:55:03.131 12138 12138 D CompassActivity: will set rotation from 178.40137 to 178.39679
08-05 00:55:03.132 12138 12138 D CompassActivity: will set rotation from 178.39679 to 178.39691
08-05 00:55:03.151 12138 12138 D CompassActivity: will set rotation from 178.39691 to 178.39008
08-05 00:55:03.152 12138 12138 D CompassActivity: will set rotation from 178.39008 to 178.38806
08-05 00:55:03.161 12138 13058 I art     : Starting a blocking GC Explicit
08-05 00:55:03.174 12138 12138 D CompassActivity: will set rotation from 178.38806 to 178.38342
08-05 00:55:03.174 12138 12138 D CompassActivity: will set rotation from 178.38342 to 178.38232
08-05 00:55:03.191 12138 12138 D CompassActivity: will set rotation from 178.38232 to 178.37701
08-05 00:55:03.192 12138 12138 D CompassActivity: will set rotation from 178.37701 to 178.37805
08-05 00:55:03.211 12138 12138 D CompassActivity: will set rotation from 178.37805 to 178.32977
08-05 00:55:03.211 12138 12138 D CompassActivity: will set rotation from 178.32977 to 178.3294
08-05 00:55:03.231 12138 12138 D CompassActivity: will set rotation from 178.3294 to 178.34143
08-05 00:55:03.231 12138 12138 D CompassActivity: will set rotation from 178.34143 to 178.344
08-05 00:55:03.240 12138 13058 I art     : Explicit concurrent mark sweep GC freed 2166(127KB) AllocSpace objects, 2(48KB) LOS objects, 6% free, 238MB/254MB, paused 2.209ms total 78.434ms
08-05 00:55:03.252 12138 12138 D CompassActivity: will set rotation from 178.344 to 178.34167
08-05 00:55:03.253 12138 12138 D CompassActivity: will set rotation from 178.34167 to 178.3432
08-05 00:55:03.264 12138 13058 I art     : Starting a blocking GC Explicit
08-05 00:55:03.272 12138 12138 D CompassActivity: will set rotation from 178.3432 to 178.35559
08-05 00:55:03.273 12138 12138 D CompassActivity: will set rotation from 178.35559 to 178.35608
08-05 00:55:03.292 12138 12138 D CompassActivity: will set rotation from 178.35608 to 178.33777
08-05 00:55:03.292 12138 12138 D CompassActivity: will set rotation from 178.33777 to 178.33826
08-05 00:55:03.311 12138 12138 D CompassActivity: will set rotation from 178.33826 to 178.33612
08-05 00:55:03.312 12138 12138 D CompassActivity: will set rotation from 178.33612 to 178.33588
08-05 00:55:03.331 12138 12138 D CompassActivity: will set rotation from 178.33588 to 178.315
08-05 00:55:03.332 12138 12138 D CompassActivity: will set rotation from 178.315 to 178.31433
08-05 00:55:03.336 12138 13058 I art     : Explicit concurrent mark sweep GC freed 862(34KB) AllocSpace objects, 0(0B) LOS objects, 6% free, 238MB/254MB, paused 1.630ms total 71.570ms
08-05 00:55:03.350 12138 12138 D CompassActivity: will set rotation from 178.31433 to 178.28186
08-05 00:55:03.351 12138 12138 D CompassActivity: will set rotation from 178.28186 to 178.28082
08-05 00:55:03.358 12138 13058 I art     : Starting a blocking GC Explicit
08-05 00:55:03.373 12138 12138 D CompassActivity: will set rotation from 178.28082 to 178.27954
08-05 00:55:03.373 12138 12138 D CompassActivity: will set rotation from 178.27954 to 178.28094
08-05 00:55:03.391 12138 12138 D CompassActivity: will set rotation from 178.28094 to 178.29517
08-05 00:55:03.391 12138 12138 D CompassActivity: will set rotation from 178.29517 to 178.29663
08-05 00:55:03.413 12138 12138 D CompassActivity: will set rotation from 178.29663 to 178.2956
08-05 00:55:03.414 12138 12138 D CompassActivity: will set rotation from 178.2956 to 178.29797
08-05 00:55:03.431 12138 12138 D CompassActivity: will set rotation from 178.29797 to 178.31152
08-05 00:55:03.431 12138 12138 D CompassActivity: will set rotation from 178.31152 to 178.31213
08-05 00:55:03.442 12138 13058 I art     : Explicit concurrent mark sweep GC freed 230(11KB) AllocSpace objects, 0(0B) LOS objects, 6% free, 238MB/254MB, paused 1.784ms total 83.897ms
08-05 00:55:03.450 12138 12138 D CompassActivity: will set rotation from 178.31213 to 178.32477
08-05 00:55:03.451 12138 12138 D CompassActivity: will set rotation from 178.32477 to 178.32483
08-05 00:55:03.469 12138 13058 I art     : Starting a blocking GC Explicit
08-05 00:55:03.470 12138 12138 D CompassActivity: will set rotation from 178.32483 to 178.32166
08-05 00:55:03.471 12138 12138 D CompassActivity: will set rotation from 178.32166 to 178.31879
08-05 00:55:03.475 14658 14658 D AndroidRuntime: >>>>>> START com.android.internal.os.RuntimeInit uid 2000 <<<<<<
08-05 00:55:03.481 14658 14658 D AndroidRuntime: CheckJNI is OFF
08-05 00:55:03.494 12138 12138 D CompassActivity: will set rotation from 178.31879 to 178.33197
08-05 00:55:03.494 12138 12138 D CompassActivity: will set rotation from 178.33197 to 178.32953
08-05 00:55:03.510 12138 12138 D CompassActivity: will set rotation from 178.32953 to 178.3446
08-05 00:55:03.510 12138 12138 D CompassActivity: will set rotation from 178.3446 to 178.34448
08-05 00:55:03.524 14658 14658 D ICU     : No timezone override file found: /data/misc/zoneinfo/current/icu/icu_tzdata.dat
08-05 00:55:03.531 12138 12138 D CompassActivity: will set rotation from 178.34448 to 178.3244
08-05 00:55:03.531 12138 12138 D CompassActivity: will set rotation from 178.3244 to 178.32617
08-05 00:55:03.541 12138 13058 I art     : Explicit concurrent mark sweep GC freed 228(11KB) AllocSpace objects, 0(0B) LOS objects, 6% free, 238MB/254MB, paused 1.618ms total 72.408ms
08-05 00:55:03.550 12138 12138 D CompassActivity: will set rotation from 178.32617 to 178.32007
08-05 00:55:03.550 12138 12138 D CompassActivity: will set rotation from 178.32007 to 178.32178
08-05 00:55:03.564 12138 13058 I art     : Starting a blocking GC Explicit
08-05 00:55:03.569 12138 12138 D CompassActivity: will set rotation from 178.32178 to 178.3352
08-05 00:55:03.569 12138 12138 D CompassActivity: will set rotation from 178.3352 to 178.33557
08-05 00:55:03.572 14658 14658 I Radio-JNI: register_android_hardware_Radio DONE
08-05 00:55:03.590 12138 12138 D CompassActivity: will set rotation from 178.33557 to 178.33441
08-05 00:55:03.590 12138 12138 D CompassActivity: will set rotation from 178.33441 to 178.33374
08-05 00:55:03.602 14658 14658 D AndroidRuntime: Calling main entry com.android.commands.input.Input
08-05 00:55:03.605 14658 14658 I Input   : injectKeyEvent: KeyEvent { action=ACTION_DOWN, keyCode=KEYCODE_BACK, scanCode=0, metaState=0, flags=0x0, repeatCount=0, eventTime=752120018, downTime=752120018, deviceId=-1, source=0x101 }
08-05 00:55:03.609 12138 12138 D CompassActivity: will set rotation from 178.33374 to 178.32947
08-05 00:55:03.610 12138 12138 D CompassActivity: will set rotation from 178.32947 to 178.32886
08-05 00:55:03.612 14658 14658 I Input   : injectKeyEvent: KeyEvent { action=ACTION_UP, keyCode=KEYCODE_BACK, scanCode=0, metaState=0, flags=0x0, repeatCount=0, eventTime=752120018, downTime=752120018, deviceId=-1, source=0x101 }
08-05 00:55:03.619 14658 14658 D AndroidRuntime: Shutting down VM
08-05 00:55:03.621   918  6029 I sensors : activate
08-05 00:55:03.621   918  3961 I sensors : activate
08-05 00:55:03.626   918  3188 I hubconnection: sensorhub said: 'activate 1 enable:0'
08-05 00:55:03.628   918  3188 I hubconnection: sensorhub said: 'activate 3 enable:0'
08-05 00:55:03.637 12138 13058 I art     : Explicit concurrent mark sweep GC freed 209(9KB) AllocSpace objects, 0(0B) LOS objects, 6% free, 238MB/254MB, paused 1.522ms total 72.125ms
08-05 00:55:03.653 12138 12138 V MainActivity: url = https://project-travel-mate.herokuapp.com/api/number-of-unread-notifications
08-05 00:55:03.763 13866 13866 I GoogleInputMethodServic: GoogleInputMethodService.onFinishInput():3138 
08-05 00:55:03.764 13866 13866 I GoogleInputMethodServic: GoogleInputMethodService.onStartInput():1808 
08-05 00:55:04.026 12138 12150 I art     : Starting a blocking GC Explicit
08-05 00:55:04.054 12138 12138 D CompassActivity: stop compass
08-05 00:55:04.054   380   380 W SurfaceFlinger: couldn't log to binary event log: overflow.
08-05 00:55:04.097 12138 12150 I art     : Explicit concurrent mark sweep GC freed 2266(121KB) AllocSpace objects, 2(48KB) LOS objects, 6% free, 238MB/254MB, paused 1.644ms total 70.379ms
08-05 00:55:04.119 12138 12150 I art     : Starting a blocking GC Explicit
08-05 00:55:04.192 12138 12150 I art     : Explicit concurrent mark sweep GC freed 119(4KB) AllocSpace objects, 0(0B) LOS objects, 6% free, 238MB/254MB, paused 1.760ms total 73.405ms
08-05 00:55:04.214 12138 12150 I art     : Starting a blocking GC Explicit
08-05 00:55:04.309 12138 12150 I art     : Explicit concurrent mark sweep GC freed 1266(81KB) AllocSpace objects, 3(52MB) LOS objects, 7% free, 186MB/202MB, paused 1.800ms total 94.328ms
08-05 00:55:04.335 12138 12150 I art     : Starting a blocking GC Explicit
08-05 00:55:04.411 12138 12150 I art     : Explicit concurrent mark sweep GC freed 2512(129KB) AllocSpace objects, 3(200KB) LOS objects, 7% free, 186MB/202MB, paused 2.410ms total 75.580ms
08-05 00:55:04.433 12138 12150 I art     : Starting a blocking GC Explicit
08-05 00:55:04.448 12138 14679 I NAPPA_EXPERIMENTATION: MetricNetworkRequestExecutionTime: REQUEST_DURATION_SYSTEM='794',REQUEST_DURATION_OKHTTP='38',REQUEST_SYNCHRONOUS='FALSE',RESPONSE_CODE='200',RESPONSE_METHOD='GET',RESPONSE_LENGTH_OKHTTP='36',RESPONSE_LENGTH_HEADER='36',REQUEST_PROTOCOL='http/1.1',REQUEST_URL='https://project-travel-mate.herokuapp.com/api/number-of-unread-notifications',
08-05 00:55:04.509 12138 12150 I art     : Explicit concurrent mark sweep GC freed 1148(131KB) AllocSpace objects, 0(0B) LOS objects, 7% free, 186MB/202MB, paused 1.870ms total 76.085ms
08-05 00:55:04.939 12138 12149 I art     : Starting a blocking GC Explicit
08-05 00:55:05.028 12138 12149 I art     : Explicit concurrent mark sweep GC freed 1727(97KB) AllocSpace objects, 2(48KB) LOS objects, 7% free, 186MB/202MB, paused 1.943ms total 88.704ms
08-05 00:55:05.052 12138 12149 I art     : Starting a blocking GC Explicit
08-05 00:55:05.126 12138 12149 I art     : Explicit concurrent mark sweep GC freed 39(1600B) AllocSpace objects, 0(0B) LOS objects, 7% free, 186MB/202MB, paused 1.642ms total 73.657ms
08-05 00:55:05.149 12138 12149 I art     : Starting a blocking GC Explicit
08-05 00:55:05.216 12138 12149 I art     : Explicit concurrent mark sweep GC freed 3(96B) AllocSpace objects, 0(0B) LOS objects, 7% free, 186MB/202MB, paused 1.688ms total 67.439ms
08-05 00:55:05.239 12138 12149 I art     : Starting a blocking GC Explicit
08-05 00:55:05.311 12138 12149 I art     : Explicit concurrent mark sweep GC freed 4(128B) AllocSpace objects, 0(0B) LOS objects, 7% free, 186MB/202MB, paused 1.575ms total 71.524ms
08-05 00:55:05.334 12138 12149 I art     : Starting a blocking GC Explicit
08-05 00:55:05.397 12138 12149 I art     : Explicit concurrent mark sweep GC freed 12(384B) AllocSpace objects, 0(0B) LOS objects, 7% free, 186MB/202MB, paused 1.497ms total 62.954ms
08-05 00:55:05.414 14701 14701 D AndroidRuntime: >>>>>> START com.android.internal.os.RuntimeInit uid 2000 <<<<<<
08-05 00:55:05.419 14701 14701 D AndroidRuntime: CheckJNI is OFF
08-05 00:55:05.458 14701 14701 D ICU     : No timezone override file found: /data/misc/zoneinfo/current/icu/icu_tzdata.dat
08-05 00:55:05.499 14701 14701 I Radio-JNI: register_android_hardware_Radio DONE
08-05 00:55:05.529 14701 14701 D AndroidRuntime: Calling main entry com.android.commands.input.Input
08-05 00:55:05.531 14701 14701 I Input   : injectMotionEvent: MotionEvent { action=ACTION_DOWN, actionButton=0, id[0]=0, x[0]=500.0, y[0]=2000.0, toolType[0]=TOOL_TYPE_UNKNOWN, buttonState=0, metaState=0, flags=0x0, edgeFlags=0x0, pointerCount=1, historySize=0, eventTime=752121943, downTime=752121943, deviceId=0, source=0x1002 }
08-05 00:55:05.538 14701 14701 I Input   : injectMotionEvent: MotionEvent { action=ACTION_MOVE, actionButton=0, id[0]=0, x[0]=500.0, y[0]=2000.0, toolType[0]=TOOL_TYPE_UNKNOWN, buttonState=0, metaState=0, flags=0x0, edgeFlags=0x0, pointerCount=1, historySize=0, eventTime=752121943, downTime=752121943, deviceId=0, source=0x1002 }
08-05 00:55:05.542 14701 14701 I Input   : injectMotionEvent: MotionEvent { action=ACTION_MOVE, actionButton=0, id[0]=0, x[0]=500.0, y[0]=1977.2, toolType[0]=TOOL_TYPE_UNKNOWN, buttonState=0, metaState=0, flags=0x0, edgeFlags=0x0, pointerCount=1, historySize=0, eventTime=752121955, downTime=752121955, deviceId=0, source=0x1002 }
08-05 00:55:05.557 14701 14701 I Input   : injectMotionEvent: MotionEvent { action=ACTION_MOVE, actionButton=0, id[0]=0, x[0]=500.0, y[0]=1948.7, toolType[0]=TOOL_TYPE_UNKNOWN, buttonState=0, metaState=0, flags=0x0, edgeFlags=0x0, pointerCount=1, historySize=0, eventTime=752121970, downTime=752121970, deviceId=0, source=0x1002 }
08-05 00:55:05.578 14701 14701 I Input   : injectMotionEvent: MotionEvent { action=ACTION_MOVE, actionButton=0, id[0]=0, x[0]=500.0, y[0]=1908.8, toolType[0]=TOOL_TYPE_UNKNOWN, buttonState=0, metaState=0, flags=0x0, edgeFlags=0x0, pointerCount=1, historySize=0, eventTime=752121991, downTime=752121991, deviceId=0, source=0x1002 }
08-05 00:55:05.590 14701 14701 I Input   : injectMotionEvent: MotionEvent { action=ACTION_MOVE, actionButton=0, id[0]=0, x[0]=500.0, y[0]=1886.0, toolType[0]=TOOL_TYPE_UNKNOWN, buttonState=0, metaState=0, flags=0x0, edgeFlags=0x0, pointerCount=1, historySize=0, eventTime=752122003, downTime=752122003, deviceId=0, source=0x1002 }
08-05 00:55:05.606 14701 14701 I Input   : injectMotionEvent: MotionEvent { action=ACTION_MOVE, actionButton=0, id[0]=0, x[0]=500.0, y[0]=1853.7, toolType[0]=TOOL_TYPE_UNKNOWN, buttonState=0, metaState=0, flags=0x0, edgeFlags=0x0, pointerCount=1, historySize=0, eventTime=752122020, downTime=752122020, deviceId=0, source=0x1002 }
08-05 00:55:05.623 14701 14701 I Input   : injectMotionEvent: MotionEvent { action=ACTION_MOVE, actionButton=0, id[0]=0, x[0]=500.0, y[0]=1823.3, toolType[0]=TOOL_TYPE_UNKNOWN, buttonState=0, metaState=0, flags=0x0, edgeFlags=0x0, pointerCount=1, historySize=0, eventTime=752122036, downTime=752122036, deviceId=0, source=0x1002 }
08-05 00:55:05.640 14701 14701 I Input   : injectMotionEvent: MotionEvent { action=ACTION_MOVE, actionButton=0, id[0]=0, x[0]=500.0, y[0]=1791.0, toolType[0]=TOOL_TYPE_UNKNOWN, buttonState=0, metaState=0, flags=0x0, edgeFlags=0x0, pointerCount=1, historySize=0, eventTime=752122053, downTime=752122053, deviceId=0, source=0x1002 }
08-05 00:55:05.656 14701 14701 I Input   : injectMotionEvent: MotionEvent { action=ACTION_MOVE, actionButton=0, id[0]=0, x[0]=500.0, y[0]=1760.6, toolType[0]=TOOL_TYPE_UNKNOWN, buttonState=0, metaState=0, flags=0x0, edgeFlags=0x0, pointerCount=1, historySize=0, eventTime=752122069, downTime=752122069, deviceId=0, source=0x1002 }
08-05 00:55:05.673 14701 14701 I Input   : injectMotionEvent: MotionEvent { action=ACTION_MOVE, actionButton=0, id[0]=0, x[0]=500.0, y[0]=1728.3, toolType[0]=TOOL_TYPE_UNKNOWN, buttonState=0, metaState=0, flags=0x0, edgeFlags=0x0, pointerCount=1, historySize=0, eventTime=752122086, downTime=752122086, deviceId=0, source=0x1002 }
08-05 00:55:05.689 14701 14701 I Input   : injectMotionEvent: MotionEvent { action=ACTION_MOVE, actionButton=0, id[0]=0, x[0]=500.0, y[0]=1696.0, toolType[0]=TOOL_TYPE_UNKNOWN, buttonState=0, metaState=0, flags=0x0, edgeFlags=0x0, pointerCount=1, historySize=0, eventTime=752122103, downTime=752122103, deviceId=0, source=0x1002 }
08-05 00:55:05.706 14701 14701 I Input   : injectMotionEvent: MotionEvent { action=ACTION_MOVE, actionButton=0, id[0]=0, x[0]=500.0, y[0]=1665.6, toolType[0]=TOOL_TYPE_UNKNOWN, buttonState=0, metaState=0, flags=0x0, edgeFlags=0x0, pointerCount=1, historySize=0, eventTime=752122119, downTime=752122119, deviceId=0, source=0x1002 }
08-05 00:55:05.723 14701 14701 I Input   : injectMotionEvent: MotionEvent { action=ACTION_MOVE, actionButton=0, id[0]=0, x[0]=500.0, y[0]=1631.4, toolType[0]=TOOL_TYPE_UNKNOWN, buttonState=0, metaState=0, flags=0x0, edgeFlags=0x0, pointerCount=1, historySize=0, eventTime=752122137, downTime=752122137, deviceId=0, source=0x1002 }
08-05 00:55:05.740 14701 14701 I Input   : injectMotionEvent: MotionEvent { action=ACTION_MOVE, actionButton=0, id[0]=0, x[0]=500.0, y[0]=1601.0, toolType[0]=TOOL_TYPE_UNKNOWN, buttonState=0, metaState=0, flags=0x0, edgeFlags=0x0, pointerCount=1, historySize=0, eventTime=752122153, downTime=752122153, deviceId=0, source=0x1002 }
08-05 00:55:05.758 14701 14701 I Input   : injectMotionEvent: MotionEvent { action=ACTION_MOVE, actionButton=0, id[0]=0, x[0]=500.0, y[0]=1568.7, toolType[0]=TOOL_TYPE_UNKNOWN, buttonState=0, metaState=0, flags=0x0, edgeFlags=0x0, pointerCount=1, historySize=0, eventTime=752122170, downTime=752122170, deviceId=0, source=0x1002 }
08-05 00:55:05.773 14701 14701 I Input   : injectMotionEvent: MotionEvent { action=ACTION_MOVE, actionButton=0, id[0]=0, x[0]=500.0, y[0]=1538.3, toolType[0]=TOOL_TYPE_UNKNOWN, buttonState=0, metaState=0, flags=0x0, edgeFlags=0x0, pointerCount=1, historySize=0, eventTime=752122186, downTime=752122186, deviceId=0, source=0x1002 }
08-05 00:55:05.790 14701 14701 I Input   : injectMotionEvent: MotionEvent { action=ACTION_MOVE, actionButton=0, id[0]=0, x[0]=500.0, y[0]=1506.0, toolType[0]=TOOL_TYPE_UNKNOWN, buttonState=0, metaState=0, flags=0x0, edgeFlags=0x0, pointerCount=1, historySize=0, eventTime=752122203, downTime=752122203, deviceId=0, source=0x1002 }
08-05 00:55:05.800 12138 13058 I art     : Starting a blocking GC Explicit
08-05 00:55:05.807 14701 14701 I Input   : injectMotionEvent: MotionEvent { action=ACTION_MOVE, actionButton=0, id[0]=0, x[0]=500.0, y[0]=1473.7, toolType[0]=TOOL_TYPE_UNKNOWN, buttonState=0, metaState=0, flags=0x0, edgeFlags=0x0, pointerCount=1, historySize=0, eventTime=752122220, downTime=752122220, deviceId=0, source=0x1002 }
08-05 00:55:05.824 14701 14701 I Input   : injectMotionEvent: MotionEvent { action=ACTION_MOVE, actionButton=0, id[0]=0, x[0]=500.0, y[0]=1439.5, toolType[0]=TOOL_TYPE_UNKNOWN, buttonState=0, metaState=0, flags=0x0, edgeFlags=0x0, pointerCount=1, historySize=0, eventTime=752122238, downTime=752122238, deviceId=0, source=0x1002 }
08-05 00:55:05.843 14701 14701 I Input   : injectMotionEvent: MotionEvent { action=ACTION_MOVE, actionButton=0, id[0]=0, x[0]=500.0, y[0]=1407.2, toolType[0]=TOOL_TYPE_UNKNOWN, buttonState=0, metaState=0, flags=0x0, edgeFlags=0x0, pointerCount=1, historySize=0, eventTime=752122255, downTime=752122255, deviceId=0, source=0x1002 }
08-05 00:55:05.859 14701 14701 I Input   : injectMotionEvent: MotionEvent { action=ACTION_MOVE, actionButton=0, id[0]=0, x[0]=500.0, y[0]=1374.9, toolType[0]=TOOL_TYPE_UNKNOWN, buttonState=0, metaState=0, flags=0x0, edgeFlags=0x0, pointerCount=1, historySize=0, eventTime=752122272, downTime=752122272, deviceId=0, source=0x1002 }
08-05 00:55:05.874 14701 14701 I Input   : injectMotionEvent: MotionEvent { action=ACTION_MOVE, actionButton=0, id[0]=0, x[0]=500.0, y[0]=1346.3999, toolType[0]=TOOL_TYPE_UNKNOWN, buttonState=0, metaState=0, flags=0x0, edgeFlags=0x0, pointerCount=1, historySize=0, eventTime=752122287, downTime=752122287, deviceId=0, source=0x1002 }
08-05 00:55:05.887 12138 13058 I art     : Explicit concurrent mark sweep GC freed 1675(95KB) AllocSpace objects, 2(48KB) LOS objects, 7% free, 186MB/202MB, paused 1.677ms total 87.514ms
08-05 00:55:05.891 14701 14701 I Input   : injectMotionEvent: MotionEvent { action=ACTION_MOVE, actionButton=0, id[0]=0, x[0]=500.0, y[0]=1316.0, toolType[0]=TOOL_TYPE_UNKNOWN, buttonState=0, metaState=0, flags=0x0, edgeFlags=0x0, pointerCount=1, historySize=0, eventTime=752122303, downTime=752122303, deviceId=0, source=0x1002 }
08-05 00:55:05.907 14701 14701 I Input   : injectMotionEvent: MotionEvent { action=ACTION_MOVE, actionButton=0, id[0]=0, x[0]=500.0, y[0]=1283.7, toolType[0]=TOOL_TYPE_UNKNOWN, buttonState=0, metaState=0, flags=0x0, edgeFlags=0x0, pointerCount=1, historySize=0, eventTime=752122320, downTime=752122320, deviceId=0, source=0x1002 }
08-05 00:55:05.909 12138 13058 I art     : Starting a blocking GC Explicit
08-05 00:55:05.923 14701 14701 I Input   : injectMotionEvent: MotionEvent { action=ACTION_MOVE, actionButton=0, id[0]=0, x[0]=500.0, y[0]=1251.4, toolType[0]=TOOL_TYPE_UNKNOWN, buttonState=0, metaState=0, flags=0x0, edgeFlags=0x0, pointerCount=1, historySize=0, eventTime=752122337, downTime=752122337, deviceId=0, source=0x1002 }
08-05 00:55:05.942 14701 14701 I Input   : injectMotionEvent: MotionEvent { action=ACTION_MOVE, actionButton=0, id[0]=0, x[0]=500.0, y[0]=1217.2, toolType[0]=TOOL_TYPE_UNKNOWN, buttonState=0, metaState=0, flags=0x0, edgeFlags=0x0, pointerCount=1, historySize=0, eventTime=752122355, downTime=752122355, deviceId=0, source=0x1002 }
08-05 00:55:05.981 12138 13058 I art     : Explicit concurrent mark sweep GC freed 69(2624B) AllocSpace objects, 0(0B) LOS objects, 7% free, 186MB/202MB, paused 1.755ms total 70.900ms
08-05 00:55:05.981 12138 12148 I art     : WaitForGcToComplete blocked for 71.361ms for cause HeapTrim
08-05 00:55:06.010 14701 14701 I Input   : injectMotionEvent: MotionEvent { action=ACTION_MOVE, actionButton=0, id[0]=0, x[0]=500.0, y[0]=1086.1, toolType[0]=TOOL_TYPE_UNKNOWN, buttonState=0, metaState=0, flags=0x0, edgeFlags=0x0, pointerCount=1, historySize=0, eventTime=752122424, downTime=752122424, deviceId=0, source=0x1002 }
08-05 00:55:06.016 12138 13058 I art     : Starting a blocking GC Explicit
08-05 00:55:06.074 14701 14701 I Input   : injectMotionEvent: MotionEvent { action=ACTION_MOVE, actionButton=0, id[0]=0, x[0]=500.0, y[0]=966.3999, toolType[0]=TOOL_TYPE_UNKNOWN, buttonState=0, metaState=0, flags=0x0, edgeFlags=0x0, pointerCount=1, historySize=0, eventTime=752122487, downTime=752122487, deviceId=0, source=0x1002 }
08-05 00:55:06.085 12138 13058 I art     : Explicit concurrent mark sweep GC freed 45(1232B) AllocSpace objects, 0(0B) LOS objects, 7% free, 186MB/202MB, paused 1.554ms total 67.935ms
08-05 00:55:06.106 12138 13058 I art     : Starting a blocking GC Explicit
08-05 00:55:06.138 14701 14701 I Input   : injectMotionEvent: MotionEvent { action=ACTION_MOVE, actionButton=0, id[0]=0, x[0]=500.0, y[0]=844.80005, toolType[0]=TOOL_TYPE_UNKNOWN, buttonState=0, metaState=0, flags=0x0, edgeFlags=0x0, pointerCount=1, historySize=0, eventTime=752122551, downTime=752122551, deviceId=0, source=0x1002 }
08-05 00:55:06.171 12138 13058 I art     : Explicit concurrent mark sweep GC freed 3(96B) AllocSpace objects, 0(0B) LOS objects, 7% free, 186MB/202MB, paused 1.599ms total 64.787ms
08-05 00:55:06.193 12138 13058 I art     : Starting a blocking GC Explicit
08-05 00:55:06.203 14701 14701 I Input   : injectMotionEvent: MotionEvent { action=ACTION_MOVE, actionButton=0, id[0]=0, x[0]=500.0, y[0]=719.3999, toolType[0]=TOOL_TYPE_UNKNOWN, buttonState=0, metaState=0, flags=0x0, edgeFlags=0x0, pointerCount=1, historySize=0, eventTime=752122617, downTime=752122617, deviceId=0, source=0x1002 }
08-05 00:55:06.261 12138 13058 I art     : Explicit concurrent mark sweep GC freed 3(96B) AllocSpace objects, 0(0B) LOS objects, 7% free, 186MB/202MB, paused 1.729ms total 67.511ms
08-05 00:55:06.268 14701 14701 I Input   : injectMotionEvent: MotionEvent { action=ACTION_MOVE, actionButton=0, id[0]=0, x[0]=500.0, y[0]=595.8999, toolType[0]=TOOL_TYPE_UNKNOWN, buttonState=0, metaState=0, flags=0x0, edgeFlags=0x0, pointerCount=1, historySize=0, eventTime=752122682, downTime=752122682, deviceId=0, source=0x1002 }
08-05 00:55:06.325 14701 14701 I Input   : injectMotionEvent: MotionEvent { action=ACTION_MOVE, actionButton=0, id[0]=0, x[0]=500.0, y[0]=487.59998, toolType[0]=TOOL_TYPE_UNKNOWN, buttonState=0, metaState=0, flags=0x0, edgeFlags=0x0, pointerCount=1, historySize=0, eventTime=752122739, downTime=752122739, deviceId=0, source=0x1002 }
08-05 00:55:06.383 14701 14701 I Input   : injectMotionEvent: MotionEvent { action=ACTION_MOVE, actionButton=0, id[0]=0, x[0]=500.0, y[0]=379.30005, toolType[0]=TOOL_TYPE_UNKNOWN, buttonState=0, metaState=0, flags=0x0, edgeFlags=0x0, pointerCount=1, historySize=0, eventTime=752122796, downTime=752122796, deviceId=0, source=0x1002 }
08-05 00:55:06.473 14701 14701 I Input   : injectMotionEvent: MotionEvent { action=ACTION_MOVE, actionButton=0, id[0]=0, x[0]=500.0, y[0]=208.29993, toolType[0]=TOOL_TYPE_UNKNOWN, buttonState=0, metaState=0, flags=0x0, edgeFlags=0x0, pointerCount=1, historySize=0, eventTime=752122886, downTime=752122886, deviceId=0, source=0x1002 }
08-05 00:55:06.520 14701 14701 I Input   : injectMotionEvent: MotionEvent { action=ACTION_MOVE, actionButton=0, id[0]=0, x[0]=500.0, y[0]=119.0, toolType[0]=TOOL_TYPE_UNKNOWN, buttonState=0, metaState=0, flags=0x0, edgeFlags=0x0, pointerCount=1, historySize=0, eventTime=752122933, downTime=752122933, deviceId=0, source=0x1002 }
08-05 00:55:06.560 14701 14701 I Input   : injectMotionEvent: MotionEvent { action=ACTION_UP, actionButton=0, id[0]=0, x[0]=500.0, y[0]=100.0, toolType[0]=TOOL_TYPE_UNKNOWN, buttonState=0, metaState=0, flags=0x0, edgeFlags=0x0, pointerCount=1, historySize=0, eventTime=752122973, downTime=752122973, deviceId=0, source=0x1002 }
08-05 00:55:06.598 14701 14701 D AndroidRuntime: Shutting down VM
08-05 00:55:06.656 12138 12159 I art     : Starting a blocking GC Explicit
08-05 00:55:06.725 12138 12159 I art     : Explicit concurrent mark sweep GC freed 1613(93KB) AllocSpace objects, 2(48KB) LOS objects, 7% free, 186MB/202MB, paused 1.730ms total 69.176ms
08-05 00:55:06.748 12138 12159 I art     : Starting a blocking GC Explicit
08-05 00:55:06.822 12138 12159 I art     : Explicit concurrent mark sweep GC freed 38(1568B) AllocSpace objects, 0(0B) LOS objects, 7% free, 186MB/202MB, paused 1.542ms total 73.579ms
08-05 00:55:06.845 12138 12159 I art     : Starting a blocking GC Explicit
08-05 00:55:06.916 12138 12159 I art     : Explicit concurrent mark sweep GC freed 3(96B) AllocSpace objects, 0(0B) LOS objects, 7% free, 186MB/202MB, paused 1.726ms total 71.055ms
08-05 00:55:06.938 12138 12159 I art     : Starting a blocking GC Explicit
08-05 00:55:07.008 12138 12159 I art     : Explicit concurrent mark sweep GC freed 4(128B) AllocSpace objects, 0(0B) LOS objects, 7% free, 186MB/202MB, paused 1.567ms total 69.454ms
08-05 00:55:07.028 12138 12159 I art     : Starting a blocking GC Explicit
08-05 00:55:07.091 12138 12159 I art     : Explicit concurrent mark sweep GC freed 54(1712B) AllocSpace objects, 0(0B) LOS objects, 7% free, 186MB/202MB, paused 1.548ms total 62.010ms
08-05 00:55:07.372 14740 14740 D AndroidRuntime: >>>>>> START com.android.internal.os.RuntimeInit uid 2000 <<<<<<
08-05 00:55:07.378 14740 14740 D AndroidRuntime: CheckJNI is OFF
08-05 00:55:07.421 14740 14740 D ICU     : No timezone override file found: /data/misc/zoneinfo/current/icu/icu_tzdata.dat
08-05 00:55:07.464 14740 14740 I Radio-JNI: register_android_hardware_Radio DONE
08-05 00:55:07.480 12138 12418 I art     : Starting a blocking GC Explicit
08-05 00:55:07.494 14740 14740 D AndroidRuntime: Calling main entry com.android.commands.input.Input
08-05 00:55:07.496 14740 14740 I Input   : injectMotionEvent: MotionEvent { action=ACTION_DOWN, actionButton=0, id[0]=0, x[0]=500.0, y[0]=2000.0, toolType[0]=TOOL_TYPE_UNKNOWN, buttonState=0, metaState=0, flags=0x0, edgeFlags=0x0, pointerCount=1, historySize=0, eventTime=752123909, downTime=752123909, deviceId=0, source=0x1002 }
08-05 00:55:07.501 14740 14740 I Input   : injectMotionEvent: MotionEvent { action=ACTION_MOVE, actionButton=0, id[0]=0, x[0]=500.0, y[0]=2000.0, toolType[0]=TOOL_TYPE_UNKNOWN, buttonState=0, metaState=0, flags=0x0, edgeFlags=0x0, pointerCount=1, historySize=0, eventTime=752123909, downTime=752123909, deviceId=0, source=0x1002 }
08-05 00:55:07.508 14740 14740 I Input   : injectMotionEvent: MotionEvent { action=ACTION_MOVE, actionButton=0, id[0]=0, x[0]=500.0, y[0]=1975.3, toolType[0]=TOOL_TYPE_UNKNOWN, buttonState=0, metaState=0, flags=0x0, edgeFlags=0x0, pointerCount=1, historySize=0, eventTime=752123922, downTime=752123922, deviceId=0, source=0x1002 }
08-05 00:55:07.525 14740 14740 I Input   : injectMotionEvent: MotionEvent { action=ACTION_MOVE, actionButton=0, id[0]=0, x[0]=500.0, y[0]=1944.9, toolType[0]=TOOL_TYPE_UNKNOWN, buttonState=0, metaState=0, flags=0x0, edgeFlags=0x0, pointerCount=1, historySize=0, eventTime=752123938, downTime=752123938, deviceId=0, source=0x1002 }
08-05 00:55:07.543 14740 14740 I Input   : injectMotionEvent: MotionEvent { action=ACTION_MOVE, actionButton=0, id[0]=0, x[0]=500.0, y[0]=1910.7, toolType[0]=TOOL_TYPE_UNKNOWN, buttonState=0, metaState=0, flags=0x0, edgeFlags=0x0, pointerCount=1, historySize=0, eventTime=752123956, downTime=752123956, deviceId=0, source=0x1002 }
08-05 00:55:07.558 12138 12418 I art     : Explicit concurrent mark sweep GC freed 1646(94KB) AllocSpace objects, 2(48KB) LOS objects, 7% free, 186MB/202MB, paused 1.699ms total 77.499ms
08-05 00:55:07.582 12138 12418 I art     : Starting a blocking GC Explicit
08-05 00:55:07.590 14740 14740 I Input   : injectMotionEvent: MotionEvent { action=ACTION_MOVE, actionButton=0, id[0]=0, x[0]=500.0, y[0]=1821.4, toolType[0]=TOOL_TYPE_UNKNOWN, buttonState=0, metaState=0, flags=0x0, edgeFlags=0x0, pointerCount=1, historySize=0, eventTime=752124003, downTime=752124003, deviceId=0, source=0x1002 }
08-05 00:55:07.630 14740 14740 I Input   : injectMotionEvent: MotionEvent { action=ACTION_MOVE, actionButton=0, id[0]=0, x[0]=500.0, y[0]=1745.4, toolType[0]=TOOL_TYPE_UNKNOWN, buttonState=0, metaState=0, flags=0x0, edgeFlags=0x0, pointerCount=1, historySize=0, eventTime=752124043, downTime=752124043, deviceId=0, source=0x1002 }
08-05 00:55:07.645 12138 12418 I art     : Explicit concurrent mark sweep GC freed 39(1376B) AllocSpace objects, 0(0B) LOS objects, 7% free, 186MB/202MB, paused 1.468ms total 63.094ms
08-05 00:55:07.669 12138 12418 I art     : Starting a blocking GC Explicit
08-05 00:55:07.670 14740 14740 I Input   : injectMotionEvent: MotionEvent { action=ACTION_MOVE, actionButton=0, id[0]=0, x[0]=500.0, y[0]=1667.5, toolType[0]=TOOL_TYPE_UNKNOWN, buttonState=0, metaState=0, flags=0x0, edgeFlags=0x0, pointerCount=1, historySize=0, eventTime=752124084, downTime=752124084, deviceId=0, source=0x1002 }
08-05 00:55:07.710 14740 14740 I Input   : injectMotionEvent: MotionEvent { action=ACTION_MOVE, actionButton=0, id[0]=0, x[0]=500.0, y[0]=1591.5, toolType[0]=TOOL_TYPE_UNKNOWN, buttonState=0, metaState=0, flags=0x0, edgeFlags=0x0, pointerCount=1, historySize=0, eventTime=752124124, downTime=752124124, deviceId=0, source=0x1002 }
08-05 00:55:07.734 12138 12418 I art     : Explicit concurrent mark sweep GC freed 12(384B) AllocSpace objects, 0(0B) LOS objects, 7% free, 186MB/202MB, paused 1.733ms total 64.736ms
08-05 00:55:07.749 14740 14740 I Input   : injectMotionEvent: MotionEvent { action=ACTION_MOVE, actionButton=0, id[0]=0, x[0]=500.0, y[0]=1519.3, toolType[0]=TOOL_TYPE_UNKNOWN, buttonState=0, metaState=0, flags=0x0, edgeFlags=0x0, pointerCount=1, historySize=0, eventTime=752124162, downTime=752124162, deviceId=0, source=0x1002 }
08-05 00:55:07.755 12138 12418 I art     : Starting a blocking GC Explicit
08-05 00:55:07.789 14740 14740 I Input   : injectMotionEvent: MotionEvent { action=ACTION_MOVE, actionButton=0, id[0]=0, x[0]=500.0, y[0]=1443.3, toolType[0]=TOOL_TYPE_UNKNOWN, buttonState=0, metaState=0, flags=0x0, edgeFlags=0x0, pointerCount=1, historySize=0, eventTime=752124202, downTime=752124202, deviceId=0, source=0x1002 }
08-05 00:55:07.821 12138 12418 I art     : Explicit concurrent mark sweep GC freed 8(256B) AllocSpace objects, 0(0B) LOS objects, 7% free, 186MB/202MB, paused 1.741ms total 65.875ms
08-05 00:55:07.828 14740 14740 I Input   : injectMotionEvent: MotionEvent { action=ACTION_MOVE, actionButton=0, id[0]=0, x[0]=500.0, y[0]=1369.2, toolType[0]=TOOL_TYPE_UNKNOWN, buttonState=0, metaState=0, flags=0x0, edgeFlags=0x0, pointerCount=1, historySize=0, eventTime=752124241, downTime=752124241, deviceId=0, source=0x1002 }
08-05 00:55:07.843 12138 12418 I art     : Starting a blocking GC Explicit
08-05 00:55:07.863  5347  5347 I Atfwd_Sendcmd: AtCmdFwd service not ready - Exhausted retry attempts - :6
08-05 00:55:07.864  5347  5347 I Atfwd_Daemon: result : -1 	 ,Init step :2 	 ,qmiErrorCode: 0
08-05 00:55:07.867 14740 14740 I Input   : injectMotionEvent: MotionEvent { action=ACTION_MOVE, actionButton=0, id[0]=0, x[0]=500.0, y[0]=1295.1001, toolType[0]=TOOL_TYPE_UNKNOWN, buttonState=0, metaState=0, flags=0x0, edgeFlags=0x0, pointerCount=1, historySize=0, eventTime=752124280, downTime=752124280, deviceId=0, source=0x1002 }
08-05 00:55:07.906 14740 14740 I Input   : injectMotionEvent: MotionEvent { action=ACTION_MOVE, actionButton=0, id[0]=0, x[0]=500.0, y[0]=1221.0, toolType[0]=TOOL_TYPE_UNKNOWN, buttonState=0, metaState=0, flags=0x0, edgeFlags=0x0, pointerCount=1, historySize=0, eventTime=752124319, downTime=752124319, deviceId=0, source=0x1002 }
08-05 00:55:07.910 12138 12418 I art     : Explicit concurrent mark sweep GC freed 9(288B) AllocSpace objects, 0(0B) LOS objects, 7% free, 186MB/202MB, paused 1.835ms total 66.761ms
08-05 00:55:07.947 14740 14740 I Input   : injectMotionEvent: MotionEvent { action=ACTION_MOVE, actionButton=0, id[0]=0, x[0]=500.0, y[0]=1143.1, toolType[0]=TOOL_TYPE_UNKNOWN, buttonState=0, metaState=0, flags=0x0, edgeFlags=0x0, pointerCount=1, historySize=0, eventTime=752124360, downTime=752124360, deviceId=0, source=0x1002 }
08-05 00:55:07.981 14740 14740 I Input   : injectMotionEvent: MotionEvent { action=ACTION_MOVE, actionButton=0, id[0]=0, x[0]=500.0, y[0]=1078.5, toolType[0]=TOOL_TYPE_UNKNOWN, buttonState=0, metaState=0, flags=0x0, edgeFlags=0x0, pointerCount=1, historySize=0, eventTime=752124394, downTime=752124394, deviceId=0, source=0x1002 }
08-05 00:55:08.017 14740 14740 I Input   : injectMotionEvent: MotionEvent { action=ACTION_MOVE, actionButton=0, id[0]=0, x[0]=500.0, y[0]=1010.1, toolType[0]=TOOL_TYPE_UNKNOWN, buttonState=0, metaState=0, flags=0x0, edgeFlags=0x0, pointerCount=1, historySize=0, eventTime=752124430, downTime=752124430, deviceId=0, source=0x1002 }
08-05 00:55:08.052 14740 14740 I Input   : injectMotionEvent: MotionEvent { action=ACTION_MOVE, actionButton=0, id[0]=0, x[0]=500.0, y[0]=943.6, toolType[0]=TOOL_TYPE_UNKNOWN, buttonState=0, metaState=0, flags=0x0, edgeFlags=0x0, pointerCount=1, historySize=0, eventTime=752124465, downTime=752124465, deviceId=0, source=0x1002 }
08-05 00:55:08.092 14740 14740 I Input   : injectMotionEvent: MotionEvent { action=ACTION_MOVE, actionButton=0, id[0]=0, x[0]=500.0, y[0]=867.6, toolType[0]=TOOL_TYPE_UNKNOWN, buttonState=0, metaState=0, flags=0x0, edgeFlags=0x0, pointerCount=1, historySize=0, eventTime=752124505, downTime=752124505, deviceId=0, source=0x1002 }
08-05 00:55:08.129 14740 14740 I Input   : injectMotionEvent: MotionEvent { action=ACTION_MOVE, actionButton=0, id[0]=0, x[0]=500.0, y[0]=797.2999, toolType[0]=TOOL_TYPE_UNKNOWN, buttonState=0, metaState=0, flags=0x0, edgeFlags=0x0, pointerCount=1, historySize=0, eventTime=752124542, downTime=752124542, deviceId=0, source=0x1002 }
08-05 00:55:08.168 14740 14740 I Input   : injectMotionEvent: MotionEvent { action=ACTION_MOVE, actionButton=0, id[0]=0, x[0]=500.0, y[0]=723.2001, toolType[0]=TOOL_TYPE_UNKNOWN, buttonState=0, metaState=0, flags=0x0, edgeFlags=0x0, pointerCount=1, historySize=0, eventTime=752124581, downTime=752124581, deviceId=0, source=0x1002 }
08-05 00:55:08.209 14740 14740 I Input   : injectMotionEvent: MotionEvent { action=ACTION_MOVE, actionButton=0, id[0]=0, x[0]=500.0, y[0]=645.30005, toolType[0]=TOOL_TYPE_UNKNOWN, buttonState=0, metaState=0, flags=0x0, edgeFlags=0x0, pointerCount=1, historySize=0, eventTime=752124622, downTime=752124622, deviceId=0, source=0x1002 }
08-05 00:55:08.248 14740 14740 I Input   : injectMotionEvent: MotionEvent { action=ACTION_MOVE, actionButton=0, id[0]=0, x[0]=500.0, y[0]=571.2001, toolType[0]=TOOL_TYPE_UNKNOWN, buttonState=0, metaState=0, flags=0x0, edgeFlags=0x0, pointerCount=1, historySize=0, eventTime=752124661, downTime=752124661, deviceId=0, source=0x1002 }
08-05 00:55:08.285 14740 14740 I Input   : injectMotionEvent: MotionEvent { action=ACTION_MOVE, actionButton=0, id[0]=0, x[0]=500.0, y[0]=500.90002, toolType[0]=TOOL_TYPE_UNKNOWN, buttonState=0, metaState=0, flags=0x0, edgeFlags=0x0, pointerCount=1, historySize=0, eventTime=752124698, downTime=752124698, deviceId=0, source=0x1002 }
08-05 00:55:08.324 12138 12149 I art     : Starting a blocking GC Explicit
08-05 00:55:08.325 14740 14740 I Input   : injectMotionEvent: MotionEvent { action=ACTION_MOVE, actionButton=0, id[0]=0, x[0]=500.0, y[0]=423.0, toolType[0]=TOOL_TYPE_UNKNOWN, buttonState=0, metaState=0, flags=0x0, edgeFlags=0x0, pointerCount=1, historySize=0, eventTime=752124739, downTime=752124739, deviceId=0, source=0x1002 }
08-05 00:55:08.364 14740 14740 I Input   : injectMotionEvent: MotionEvent { action=ACTION_MOVE, actionButton=0, id[0]=0, x[0]=500.0, y[0]=350.80005, toolType[0]=TOOL_TYPE_UNKNOWN, buttonState=0, metaState=0, flags=0x0, edgeFlags=0x0, pointerCount=1, historySize=0, eventTime=752124777, downTime=752124777, deviceId=0, source=0x1002 }
08-05 00:55:08.390 12138 12149 I art     : Explicit concurrent mark sweep GC freed 1674(94KB) AllocSpace objects, 2(48KB) LOS objects, 7% free, 186MB/202MB, paused 1.738ms total 66.536ms
08-05 00:55:08.405 14740 14740 I Input   : injectMotionEvent: MotionEvent { action=ACTION_MOVE, actionButton=0, id[0]=0, x[0]=500.0, y[0]=272.90002, toolType[0]=TOOL_TYPE_UNKNOWN, buttonState=0, metaState=0, flags=0x0, edgeFlags=0x0, pointerCount=1, historySize=0, eventTime=752124818, downTime=752124818, deviceId=0, source=0x1002 }
08-05 00:55:08.412 12138 12149 I art     : Starting a blocking GC Explicit
08-05 00:55:08.445 14740 14740 I Input   : injectMotionEvent: MotionEvent { action=ACTION_MOVE, actionButton=0, id[0]=0, x[0]=500.0, y[0]=196.90002, toolType[0]=TOOL_TYPE_UNKNOWN, buttonState=0, metaState=0, flags=0x0, edgeFlags=0x0, pointerCount=1, historySize=0, eventTime=752124858, downTime=752124858, deviceId=0, source=0x1002 }
08-05 00:55:08.476 12138 12149 I art     : Explicit concurrent mark sweep GC freed 45(1792B) AllocSpace objects, 0(0B) LOS objects, 7% free, 186MB/202MB, paused 1.709ms total 64.692ms
08-05 00:55:08.485 14740 14740 I Input   : injectMotionEvent: MotionEvent { action=ACTION_MOVE, actionButton=0, id[0]=0, x[0]=500.0, y[0]=120.8999, toolType[0]=TOOL_TYPE_UNKNOWN, buttonState=0, metaState=0, flags=0x0, edgeFlags=0x0, pointerCount=1, historySize=0, eventTime=752124898, downTime=752124898, deviceId=0, source=0x1002 }
08-05 00:55:08.498 12138 12149 I art     : Starting a blocking GC Explicit
08-05 00:55:08.524 14740 14740 I Input   : injectMotionEvent: MotionEvent { action=ACTION_UP, actionButton=0, id[0]=0, x[0]=500.0, y[0]=100.0, toolType[0]=TOOL_TYPE_UNKNOWN, buttonState=0, metaState=0, flags=0x0, edgeFlags=0x0, pointerCount=1, historySize=0, eventTime=752124937, downTime=752124937, deviceId=0, source=0x1002 }
08-05 00:55:08.563 14740 14740 D AndroidRuntime: Shutting down VM
08-05 00:55:08.563 12138 12149 I art     : Explicit concurrent mark sweep GC freed 7(224B) AllocSpace objects, 0(0B) LOS objects, 7% free, 186MB/202MB, paused 1.810ms total 65.165ms
08-05 00:55:08.584 12138 12149 I art     : Starting a blocking GC Explicit
08-05 00:55:08.650 12138 12149 I art     : Explicit concurrent mark sweep GC freed 6(192B) AllocSpace objects, 0(0B) LOS objects, 7% free, 186MB/202MB, paused 1.654ms total 65.461ms
08-05 00:55:08.672 12138 12149 I art     : Starting a blocking GC Explicit
08-05 00:55:08.746 12138 12149 I art     : Explicit concurrent mark sweep GC freed 5(176B) AllocSpace objects, 0(0B) LOS objects, 7% free, 186MB/202MB, paused 1.775ms total 73.370ms
08-05 00:55:08.769   518   646 I ThermalEngine: ACTION: GPU - Setting GPU[0] to 390000000
08-05 00:55:09.218 12138 12418 I art     : Starting a blocking GC Explicit
08-05 00:55:09.314 12138 12418 I art     : Explicit concurrent mark sweep GC freed 1627(93KB) AllocSpace objects, 2(48KB) LOS objects, 7% free, 186MB/202MB, paused 2.388ms total 95.355ms
08-05 00:55:09.345 12138 12418 I art     : Starting a blocking GC Explicit
08-05 00:55:09.430 12138 12418 I art     : Explicit concurrent mark sweep GC freed 40(1680B) AllocSpace objects, 0(0B) LOS objects, 7% free, 186MB/202MB, paused 2.504ms total 85.193ms
08-05 00:55:09.456 14775 14775 D AndroidRuntime: >>>>>> START com.android.internal.os.RuntimeInit uid 2000 <<<<<<
08-05 00:55:09.461 12138 12418 I art     : Starting a blocking GC Explicit
08-05 00:55:09.462 14775 14775 D AndroidRuntime: CheckJNI is OFF
08-05 00:55:09.517 14775 14775 D ICU     : No timezone override file found: /data/misc/zoneinfo/current/icu/icu_tzdata.dat
08-05 00:55:09.547 12138 12418 I art     : Explicit concurrent mark sweep GC freed 13(640B) AllocSpace objects, 0(0B) LOS objects, 7% free, 186MB/202MB, paused 2.395ms total 85.634ms
08-05 00:55:09.561 14775 14775 I Radio-JNI: register_android_hardware_Radio DONE
08-05 00:55:09.577 12138 12418 I art     : Starting a blocking GC Explicit
08-05 00:55:09.593 14775 14775 D AndroidRuntime: Calling main entry com.android.commands.input.Input
08-05 00:55:09.596 14775 14775 I Input   : injectMotionEvent: MotionEvent { action=ACTION_DOWN, actionButton=0, id[0]=0, x[0]=657.0, y[0]=2080.0, toolType[0]=TOOL_TYPE_UNKNOWN, buttonState=0, metaState=0, flags=0x0, edgeFlags=0x0, pointerCount=1, historySize=0, eventTime=752126008, downTime=752126008, deviceId=0, source=0x1002 }
08-05 00:55:09.601 14775 14775 I Input   : injectMotionEvent: MotionEvent { action=ACTION_UP, actionButton=0, id[0]=0, x[0]=657.0, y[0]=2080.0, toolType[0]=TOOL_TYPE_UNKNOWN, buttonState=0, metaState=0, flags=0x0, edgeFlags=0x0, pointerCount=1, historySize=0, eventTime=752126008, downTime=752126008, deviceId=0, source=0x1002 }
08-05 00:55:09.603 14775 14775 D AndroidRuntime: Shutting down VM
08-05 00:55:09.603   918  5952 I ActivityManager: START u0 {cmp=baseline.io.github.project_travel_mate/.utilities.UpcomingWeekendsActivity} from uid 10674 on display 0
08-05 00:55:09.605   512  2967 D audio_hw_primary: out_set_parameters: enter: usecase(1: low-latency-playback) kvpairs: routing=2
08-05 00:55:09.619   512  2967 D audio_hw_primary: select_devices: out_snd_device(2: speaker) in_snd_device(0: none)
08-05 00:55:09.619   512  2967 D msm8974_platform: platform_send_audio_calibration: sending audio calibration for snd_device(2) acdb_id(15)
08-05 00:55:09.619   512  2967 I soundtrigger: audio_extn_sound_trigger_update_device_status: device 0x2 of type 0 for Event 1
08-05 00:55:09.633   512  2967 D audio_hw_primary: enable_snd_device: snd_device(2: speaker)
08-05 00:55:09.635   512  2967 D audio_hw_primary: enable_audio_route: apply and update mixer path: low-latency-playback speaker
08-05 00:55:09.649 12138 12205 D Gabe    : call	returning from cache
08-05 00:55:09.653 12138 12138 V EXECUTING: https://project-travel-mate.herokuapp.com/api/get-upcoming-holidays/2020
08-05 00:55:09.657 12138 12138 V EXECUTING: https://project-travel-mate.herokuapp.com/api/get-upcoming-holidays/2020
08-05 00:55:09.662 12138 12418 I art     : Explicit concurrent mark sweep GC freed 506(28KB) AllocSpace objects, 0(0B) LOS objects, 7% free, 186MB/202MB, paused 3.063ms total 84.825ms
08-05 00:55:09.691 12138 12418 I art     : Starting a blocking GC Explicit
08-05 00:55:09.758 13866 13866 I GoogleInputMethodServic: GoogleInputMethodService.onFinishInput():3138 
08-05 00:55:09.759 13866 13866 I GoogleInputMethodServic: GoogleInputMethodService.onStartInput():1808 
08-05 00:55:09.778 12138 12418 I art     : Explicit concurrent mark sweep GC freed 1220(70KB) AllocSpace objects, 0(0B) LOS objects, 7% free, 191MB/207MB, paused 3.020ms total 86.337ms
08-05 00:55:09.863   918   936 I ActivityManager: Displayed baseline.io.github.project_travel_mate/.utilities.UpcomingWeekendsActivity: +246ms
08-05 00:55:10.111   380   380 W SurfaceFlinger: couldn't log to binary event log: overflow.
08-05 00:55:10.179   512  2967 D audio_hw_primary: disable_audio_route: reset and update mixer path: low-latency-playback speaker
08-05 00:55:10.180   512  2967 D audio_hw_primary: disable_snd_device: snd_device(2: speaker)
08-05 00:55:10.187   512  2967 I soundtrigger: audio_extn_sound_trigger_update_device_status: device 0x2 of type 0 for Event 0
08-05 00:55:10.193 12138 14799 I NAPPA_EXPERIMENTATION: MetricNetworkRequestExecutionTime: REQUEST_DURATION_SYSTEM='532',REQUEST_DURATION_OKHTTP='44',REQUEST_SYNCHRONOUS='FALSE',RESPONSE_CODE='200',RESPONSE_METHOD='GET',RESPONSE_LENGTH_OKHTTP='6426',RESPONSE_LENGTH_HEADER='6426',REQUEST_PROTOCOL='http/1.1',REQUEST_URL='https://project-travel-mate.herokuapp.com/api/get-upcoming-holidays/2020',
08-05 00:55:10.197 12138 12138 V Response: [{"month":"January","date":1,"day":"Wednesday","name":"New Year's Day","type":"Restricted"},{"month":"January","date":2,"day":"Thursday","name":"Guru Govind Singh Jayanti","type":"Restricted"},{"month":"January","date":14,"day":"Tuesday","name":"Lohri","type":"Restricted"},{"month":"January","date":15,"day":"Wednesday","name":"Pongal","type":"Restricted"},{"month":"January","date":15,"day":"Wednesday","name":"Makar Sankranti","type":"Restricted"},{"month":"January","date":25,"day":"Saturday","name":"Chinese New Year","type":"Observance"},{"month":"January","date":26,"day":"Sunday","name":"Republic Day","type":"Gazetted"},{"month":"January","date":30,"day":"Thursday","name":"Vasant Panchami","type":"Restricted"},{"month":"February","date":9,"day":"Sunday","name":"Guru Ravidas Jayanti","type":"Restricted"},{"month":"February","date":14,"day":"Friday","name":"Valentine's Day","type":"Observance"},{"month":"February","date":18,"day":"Tuesday","name":"Maharishi Dayanand Saraswati Jayanti","type":"Restricted"},{"month":"February","date":19,"day":"Wednesday","name":"Shivaji Jayanti","type":"Restricted"},{"month":"February","date":21,"day":"Friday","name":"Maha Shivaratri/Shivaratri","type":"Gazetted"},{"month":"March","date":9,"day":"Monday","name":"Holika Dahana","type":"Restricted"},{"month":"March","date":9,"day":"Monday","name":"Hazarat Ali's Birthday","type":"Restricted"},{"month":"March","date":10,"day":"Tuesday","name":"Holi","type":"Gazetted"},{"month":"March","date":20,"day":"Friday","name":"March Equinox","type":"Season"},{"month":"March","date":25,"day":"Wednesday","name":"Chaitra Sukhladi","type":"Restricted"},{"month":"April","date":2,"day":"Thursday","name":"Rama Navami","type":"Gazetted"},{"month":"April","date":6,"day":"Monday","name":"Mahavir Jayanti","type":"Gazetted"},{"month":"April","date":9,"day":"Thursday","name":"First day of Passover","type":"Observance"},{"month":"April","date":9,"day":"Thursday","name":"Maundy Thursday","type":"Observance,"},{"month":"April","date":10,"day":"Friday","name":"Good Friday","type":"Gazetted"},{"month":"April","date":12,"day":"Sunday","name":"Easter Day","type":"Restricted"},{"month":"April","date":13,"day":"Monday","name":"Vaisakhi","type":"Restricted"},{"month":"April","date":14,"day":"Tuesday","name":"Mesadi/Vaisakhadi","type":"Restricted"},{"month":"April","date":14,"day":"Tuesday","name":"Ambedkar Jayanti","type":"Central"},{"month":"May","date":1,"day":"Friday","name":"May Day","type":"Observance"},{"month":"May","date":7,"day":"Thursday","name":"Buddha Purnima/Vesak","type":"Gazetted"},{"month":"May","date":7,"day":"Thursday","name":"Birthday of Ravindranath","type":"Restricted"},{"month":"May","date":10,"day":"Sunday","name":"Mother's Day","type":"Observance"},{"month":"May","date":22,"day":"Friday","name":"Jamat Ul-Vida","type":"Restricted"},{"month":"May","date":25,"day":"Monday","name":"Ramzan Id/Eid-ul-Fitar","type":"Gazetted"},{"month":"May","date":25,"day":"Monday","name":"Ramzan Id/Eid-ul-Fitar","type":"Muslim,"},{"month":"June","date":21,"day":"Sunday","name":"June Solstice","type":"Season"},{"month":"June","date":21,"day":"Sunday","name":"Father's Day","type":"Observance"},{"month":"June","date":23,"day":"Tuesday","name":"Rath Yatra","type":"Restricted"},{"month":"July","date":5,"day":"Sunday","name":"Guru Purnima","type":"Observance"},{"month":"July","date":31,"day":"Friday","name":"Bakr Id/Eid ul-Adha","type":"Gazetted"},{"month":"August","date":2,"day":"Sunday","name":"Friendship Day","type":"Observance"},{"month":"August","date":3,"day":"Monday","name":"Raksha Bandhan (Rakhi)","type":"Restricted"},{"month":"August","date":11,"day":"Tuesday","name":"Janmashtami (Smarta)","type":"Restricted"},{"month":"August","date":12,"day":"Wednesday","name":"Janmashtami","type":"Gazetted"},{"month":"August","date":15,"day":"Saturday","name":"Independence Day","type":"Gazetted"},{"month":"August","date":16,"day":"Sunday","name":"Parsi New Year","type":"Restricted"},{"month":"August","date":22,"day":"Saturday","name":"Ganesh Chaturthi/Vin
08-05 00:55:10.231 12138 14798 I NAPPA_EXPERIMENTATION: MetricNetworkRequestExecutionTime: REQUEST_DURATION_SYSTEM='576',REQUEST_DURATION_OKHTTP='73',REQUEST_SYNCHRONOUS='FALSE',RESPONSE_CODE='200',RESPONSE_METHOD='GET',RESPONSE_LENGTH_OKHTTP='6426',RESPONSE_LENGTH_HEADER='6426',REQUEST_PROTOCOL='http/1.1',REQUEST_URL='https://project-travel-mate.herokuapp.com/api/get-upcoming-holidays/2020',
08-05 00:55:10.239 12138 12149 I art     : Starting a blocking GC Explicit
08-05 00:55:10.313 12138 12138 V Response: [{"month":"January","date":1,"day":"Wednesday","name":"New Year's Day","type":"Restricted"},{"month":"January","date":2,"day":"Thursday","name":"Guru Govind Singh Jayanti","type":"Restricted"},{"month":"January","date":14,"day":"Tuesday","name":"Lohri","type":"Restricted"},{"month":"January","date":15,"day":"Wednesday","name":"Pongal","type":"Restricted"},{"month":"January","date":15,"day":"Wednesday","name":"Makar Sankranti","type":"Restricted"},{"month":"January","date":25,"day":"Saturday","name":"Chinese New Year","type":"Observance"},{"month":"January","date":26,"day":"Sunday","name":"Republic Day","type":"Gazetted"},{"month":"January","date":30,"day":"Thursday","name":"Vasant Panchami","type":"Restricted"},{"month":"February","date":9,"day":"Sunday","name":"Guru Ravidas Jayanti","type":"Restricted"},{"month":"February","date":14,"day":"Friday","name":"Valentine's Day","type":"Observance"},{"month":"February","date":18,"day":"Tuesday","name":"Maharishi Dayanand Saraswati Jayanti","type":"Restricted"},{"month":"February","date":19,"day":"Wednesday","name":"Shivaji Jayanti","type":"Restricted"},{"month":"February","date":21,"day":"Friday","name":"Maha Shivaratri/Shivaratri","type":"Gazetted"},{"month":"March","date":9,"day":"Monday","name":"Holika Dahana","type":"Restricted"},{"month":"March","date":9,"day":"Monday","name":"Hazarat Ali's Birthday","type":"Restricted"},{"month":"March","date":10,"day":"Tuesday","name":"Holi","type":"Gazetted"},{"month":"March","date":20,"day":"Friday","name":"March Equinox","type":"Season"},{"month":"March","date":25,"day":"Wednesday","name":"Chaitra Sukhladi","type":"Restricted"},{"month":"April","date":2,"day":"Thursday","name":"Rama Navami","type":"Gazetted"},{"month":"April","date":6,"day":"Monday","name":"Mahavir Jayanti","type":"Gazetted"},{"month":"April","date":9,"day":"Thursday","name":"First day of Passover","type":"Observance"},{"month":"April","date":9,"day":"Thursday","name":"Maundy Thursday","type":"Observance,"},{"month":"April","date":10,"day":"Friday","name":"Good Friday","type":"Gazetted"},{"month":"April","date":12,"day":"Sunday","name":"Easter Day","type":"Restricted"},{"month":"April","date":13,"day":"Monday","name":"Vaisakhi","type":"Restricted"},{"month":"April","date":14,"day":"Tuesday","name":"Mesadi/Vaisakhadi","type":"Restricted"},{"month":"April","date":14,"day":"Tuesday","name":"Ambedkar Jayanti","type":"Central"},{"month":"May","date":1,"day":"Friday","name":"May Day","type":"Observance"},{"month":"May","date":7,"day":"Thursday","name":"Buddha Purnima/Vesak","type":"Gazetted"},{"month":"May","date":7,"day":"Thursday","name":"Birthday of Ravindranath","type":"Restricted"},{"month":"May","date":10,"day":"Sunday","name":"Mother's Day","type":"Observance"},{"month":"May","date":22,"day":"Friday","name":"Jamat Ul-Vida","type":"Restricted"},{"month":"May","date":25,"day":"Monday","name":"Ramzan Id/Eid-ul-Fitar","type":"Gazetted"},{"month":"May","date":25,"day":"Monday","name":"Ramzan Id/Eid-ul-Fitar","type":"Muslim,"},{"month":"June","date":21,"day":"Sunday","name":"June Solstice","type":"Season"},{"month":"June","date":21,"day":"Sunday","name":"Father's Day","type":"Observance"},{"month":"June","date":23,"day":"Tuesday","name":"Rath Yatra","type":"Restricted"},{"month":"July","date":5,"day":"Sunday","name":"Guru Purnima","type":"Observance"},{"month":"July","date":31,"day":"Friday","name":"Bakr Id/Eid ul-Adha","type":"Gazetted"},{"month":"August","date":2,"day":"Sunday","name":"Friendship Day","type":"Observance"},{"month":"August","date":3,"day":"Monday","name":"Raksha Bandhan (Rakhi)","type":"Restricted"},{"month":"August","date":11,"day":"Tuesday","name":"Janmashtami (Smarta)","type":"Restricted"},{"month":"August","date":12,"day":"Wednesday","name":"Janmashtami","type":"Gazetted"},{"month":"August","date":15,"day":"Saturday","name":"Independence Day","type":"Gazetted"},{"month":"August","date":16,"day":"Sunday","name":"Parsi New Year","type":"Restricted"},{"month":"August","date":22,"day":"Saturday","name":"Ganesh Chaturthi/Vin
08-05 00:55:10.337 12138 12149 I art     : Explicit concurrent mark sweep GC freed 17527(755KB) AllocSpace objects, 11(496KB) LOS objects, 7% free, 192MB/208MB, paused 3.120ms total 97.221ms
08-05 00:55:10.367 12138 12149 I art     : Starting a blocking GC Explicit
08-05 00:55:10.457 12138 12149 I art     : Explicit concurrent mark sweep GC freed 5739(372KB) AllocSpace objects, 1(4MB) LOS objects, 7% free, 187MB/203MB, paused 2.528ms total 89.660ms
08-05 00:55:10.488 12138 12149 I art     : Starting a blocking GC Explicit
08-05 00:55:10.585 12138 12149 I art     : Explicit concurrent mark sweep GC freed 1457(81KB) AllocSpace objects, 11(220KB) LOS objects, 7% free, 187MB/203MB, paused 2.600ms total 96.538ms
08-05 00:55:10.618 12138 12149 I art     : Starting a blocking GC Explicit
08-05 00:55:10.713 12138 12149 I art     : Explicit concurrent mark sweep GC freed 173(2992B) AllocSpace objects, 0(0B) LOS objects, 7% free, 187MB/203MB, paused 2.679ms total 94.896ms
08-05 00:55:10.745 12138 12149 I art     : Starting a blocking GC Explicit
08-05 00:55:10.841 12138 12149 I art     : Explicit concurrent mark sweep GC freed 194(3KB) AllocSpace objects, 0(0B) LOS objects, 7% free, 187MB/203MB, paused 2.708ms total 95.170ms
08-05 00:55:11.308 12138 12150 I art     : Starting a blocking GC Explicit
08-05 00:55:11.406 12138 12150 I art     : Explicit concurrent mark sweep GC freed 2456(107KB) AllocSpace objects, 2(48KB) LOS objects, 7% free, 187MB/203MB, paused 2.549ms total 97.085ms
08-05 00:55:11.437 12138 12150 I art     : Starting a blocking GC Explicit
08-05 00:55:11.533 12138 12150 I art     : Explicit concurrent mark sweep GC freed 216(4KB) AllocSpace objects, 0(0B) LOS objects, 7% free, 187MB/203MB, paused 2.638ms total 95.814ms
08-05 00:55:11.565 12138 12150 I art     : Starting a blocking GC Explicit
08-05 00:55:11.662 12138 12150 I art     : Explicit concurrent mark sweep GC freed 195(3KB) AllocSpace objects, 0(0B) LOS objects, 7% free, 187MB/203MB, paused 2.566ms total 96.602ms
08-05 00:55:11.695 12138 12150 I art     : Starting a blocking GC Explicit
08-05 00:55:11.773   518   646 I ThermalEngine: ACTION: GPU - Setting GPU[0] to 450000000
08-05 00:55:11.790 12138 12150 I art     : Explicit concurrent mark sweep GC freed 194(3KB) AllocSpace objects, 0(0B) LOS objects, 7% free, 187MB/203MB, paused 1.702ms total 94.177ms
08-05 00:55:11.813 12138 12150 I art     : Starting a blocking GC Explicit
08-05 00:55:11.894 12138 12150 I art     : Explicit concurrent mark sweep GC freed 147(2496B) AllocSpace objects, 0(0B) LOS objects, 7% free, 187MB/203MB, paused 1.774ms total 80.901ms
08-05 00:55:12.350 12138 12159 I art     : Starting a blocking GC Explicit
08-05 00:55:12.437 12138 12159 I art     : Explicit concurrent mark sweep GC freed 2416(106KB) AllocSpace objects, 2(48KB) LOS objects, 7% free, 187MB/203MB, paused 1.928ms total 86.624ms
08-05 00:55:12.462 12138 12159 I art     : Starting a blocking GC Explicit
08-05 00:55:12.543 12138 12159 I art     : Explicit concurrent mark sweep GC freed 198(4KB) AllocSpace objects, 0(0B) LOS objects, 7% free, 187MB/203MB, paused 1.726ms total 80.258ms
08-05 00:55:12.565 12138 12159 I art     : Starting a blocking GC Explicit
08-05 00:55:12.646 12138 12159 I art     : Explicit concurrent mark sweep GC freed 150(2592B) AllocSpace objects, 0(0B) LOS objects, 7% free, 187MB/203MB, paused 1.883ms total 80.268ms
08-05 00:55:12.669 12138 12159 I art     : Starting a blocking GC Explicit
08-05 00:55:12.753 12138 12159 I art     : Explicit concurrent mark sweep GC freed 165(3KB) AllocSpace objects, 0(0B) LOS objects, 7% free, 187MB/203MB, paused 1.997ms total 83.954ms
08-05 00:55:12.780 12138 12159 I art     : Starting a blocking GC Explicit
08-05 00:55:12.860 12138 12159 I art     : Explicit concurrent mark sweep GC freed 178(3KB) AllocSpace objects, 0(0B) LOS objects, 7% free, 187MB/203MB, paused 1.814ms total 79.889ms
08-05 00:55:13.316 12138 13058 I art     : Starting a blocking GC Explicit
08-05 00:55:13.404 12138 13058 I art     : Explicit concurrent mark sweep GC freed 2411(105KB) AllocSpace objects, 2(48KB) LOS objects, 7% free, 187MB/203MB, paused 2.015ms total 87.659ms
08-05 00:55:13.429 12138 13058 I art     : Starting a blocking GC Explicit
08-05 00:55:13.513 12138 13058 I art     : Explicit concurrent mark sweep GC freed 180(3KB) AllocSpace objects, 0(0B) LOS objects, 7% free, 187MB/203MB, paused 1.834ms total 83.172ms
08-05 00:55:13.536 12138 13058 I art     : Starting a blocking GC Explicit
08-05 00:55:13.619 12138 13058 I art     : Explicit concurrent mark sweep GC freed 146(2464B) AllocSpace objects, 0(0B) LOS objects, 7% free, 187MB/203MB, paused 1.925ms total 82.268ms
08-05 00:55:13.644 12138 13058 I art     : Starting a blocking GC Explicit
08-05 00:55:13.726 12138 13058 I art     : Explicit concurrent mark sweep GC freed 172(2928B) AllocSpace objects, 0(0B) LOS objects, 7% free, 187MB/203MB, paused 1.838ms total 81.900ms
08-05 00:55:13.749 12138 13058 I art     : Starting a blocking GC Explicit
08-05 00:55:13.832 12138 13058 I art     : Explicit concurrent mark sweep GC freed 147(2496B) AllocSpace objects, 0(0B) LOS objects, 7% free, 187MB/203MB, paused 1.814ms total 82.170ms
08-05 00:55:14.251 12138 12418 I art     : Starting a blocking GC Explicit
08-05 00:55:14.335 12138 12418 I art     : Explicit concurrent mark sweep GC freed 2358(105KB) AllocSpace objects, 2(48KB) LOS objects, 7% free, 187MB/203MB, paused 1.819ms total 83.164ms
08-05 00:55:14.358 12138 12418 I art     : Starting a blocking GC Explicit
08-05 00:55:14.403 14844 14844 D AndroidRuntime: >>>>>> START com.android.internal.os.RuntimeInit uid 2000 <<<<<<
08-05 00:55:14.408 14844 14844 D AndroidRuntime: CheckJNI is OFF
08-05 00:55:14.437 12138 12418 I art     : Explicit concurrent mark sweep GC freed 189(4KB) AllocSpace objects, 0(0B) LOS objects, 7% free, 187MB/203MB, paused 1.925ms total 78.850ms
08-05 00:55:14.457 14844 14844 D ICU     : No timezone override file found: /data/misc/zoneinfo/current/icu/icu_tzdata.dat
08-05 00:55:14.459 12138 12418 I art     : Starting a blocking GC Explicit
08-05 00:55:14.502 14844 14844 I Radio-JNI: register_android_hardware_Radio DONE
08-05 00:55:14.530 14844 14844 D AndroidRuntime: Calling main entry com.android.commands.input.Input
08-05 00:55:14.532 14844 14844 I Input   : injectKeyEvent: KeyEvent { action=ACTION_DOWN, keyCode=KEYCODE_BACK, scanCode=0, metaState=0, flags=0x0, repeatCount=0, eventTime=752130945, downTime=752130945, deviceId=-1, source=0x101 }
08-05 00:55:14.537 12138 12418 I art     : Explicit concurrent mark sweep GC freed 153(2592B) AllocSpace objects, 0(0B) LOS objects, 7% free, 187MB/203MB, paused 1.951ms total 77.676ms
08-05 00:55:14.540 14844 14844 I Input   : injectKeyEvent: KeyEvent { action=ACTION_UP, keyCode=KEYCODE_BACK, scanCode=0, metaState=0, flags=0x0, repeatCount=0, eventTime=752130945, downTime=752130945, deviceId=-1, source=0x101 }
08-05 00:55:14.546 14844 14844 D AndroidRuntime: Shutting down VM
08-05 00:55:14.557 12138 12138 V MainActivity: url = https://project-travel-mate.herokuapp.com/api/number-of-unread-notifications
08-05 00:55:14.560 12138 12418 I art     : Starting a blocking GC Explicit
08-05 00:55:14.629 12138 12418 I art     : Explicit concurrent mark sweep GC freed 502(21KB) AllocSpace objects, 0(0B) LOS objects, 7% free, 187MB/203MB, paused 2.074ms total 68.360ms
08-05 00:55:14.654 13866 13866 I GoogleInputMethodServic: GoogleInputMethodService.onFinishInput():3138 
08-05 00:55:14.654 12138 12418 I art     : Starting a blocking GC Explicit
08-05 00:55:14.655 13866 13866 I GoogleInputMethodServic: GoogleInputMethodService.onStartInput():1808 
08-05 00:55:14.721 12138 12418 I art     : Explicit concurrent mark sweep GC freed 172(4KB) AllocSpace objects, 0(0B) LOS objects, 7% free, 187MB/203MB, paused 1.755ms total 66.593ms
08-05 00:55:14.933   380   380 W SurfaceFlinger: couldn't log to binary event log: overflow.
08-05 00:55:15.106 12138 12418 I art     : Starting a blocking GC Explicit
08-05 00:55:15.179 12138 12418 I art     : Explicit concurrent mark sweep GC freed 2008(101KB) AllocSpace objects, 2(48KB) LOS objects, 7% free, 187MB/203MB, paused 1.735ms total 72.906ms
08-05 00:55:15.201 12138 12418 I art     : Starting a blocking GC Explicit
08-05 00:55:15.267 12138 12418 I art     : Explicit concurrent mark sweep GC freed 6626(360KB) AllocSpace objects, 13(264KB) LOS objects, 7% free, 186MB/202MB, paused 1.636ms total 65.611ms
08-05 00:55:15.288 12138 12418 I art     : Starting a blocking GC Explicit
08-05 00:55:15.356 12138 12418 I art     : Explicit concurrent mark sweep GC freed 1144(77KB) AllocSpace objects, 2(120KB) LOS objects, 7% free, 187MB/203MB, paused 2.256ms total 68.092ms
08-05 00:55:15.377 12138 12418 I art     : Starting a blocking GC Explicit
08-05 00:55:15.406 12138 14868 I NAPPA_EXPERIMENTATION: MetricNetworkRequestExecutionTime: REQUEST_DURATION_SYSTEM='847',REQUEST_DURATION_OKHTTP='40',REQUEST_SYNCHRONOUS='FALSE',RESPONSE_CODE='200',RESPONSE_METHOD='GET',RESPONSE_LENGTH_OKHTTP='36',RESPONSE_LENGTH_HEADER='36',REQUEST_PROTOCOL='http/1.1',REQUEST_URL='https://project-travel-mate.herokuapp.com/api/number-of-unread-notifications',
08-05 00:55:15.445 12138 12418 I art     : Explicit concurrent mark sweep GC freed 2488(182KB) AllocSpace objects, 1(80KB) LOS objects, 7% free, 187MB/203MB, paused 1.552ms total 68.395ms
08-05 00:55:15.467 12138 12418 I art     : Starting a blocking GC Explicit
08-05 00:55:15.539 12138 12418 I art     : Explicit concurrent mark sweep GC freed 148(6KB) AllocSpace objects, 0(0B) LOS objects, 7% free, 187MB/203MB, paused 1.643ms total 72.200ms
08-05 00:55:15.948 12138 12159 I art     : Starting a blocking GC Explicit
08-05 00:55:16.039 12138 12159 I art     : Explicit concurrent mark sweep GC freed 1627(93KB) AllocSpace objects, 2(48KB) LOS objects, 7% free, 187MB/203MB, paused 1.826ms total 89.855ms
08-05 00:55:16.061 12138 12159 I art     : Starting a blocking GC Explicit
08-05 00:55:16.141 12138 12159 I art     : Explicit concurrent mark sweep GC freed 28(1024B) AllocSpace objects, 0(0B) LOS objects, 7% free, 187MB/203MB, paused 2.079ms total 79.656ms
08-05 00:55:16.164 12138 12159 I art     : Starting a blocking GC Explicit
08-05 00:55:16.237 12138 12159 I art     : Explicit concurrent mark sweep GC freed 5(160B) AllocSpace objects, 0(0B) LOS objects, 7% free, 187MB/203MB, paused 1.617ms total 73.177ms
08-05 00:55:16.259 12138 12159 I art     : Starting a blocking GC Explicit
08-05 00:55:16.317 14891 14891 D AndroidRuntime: >>>>>> START com.android.internal.os.RuntimeInit uid 2000 <<<<<<
08-05 00:55:16.322 14891 14891 D AndroidRuntime: CheckJNI is OFF
08-05 00:55:16.328 12138 12159 I art     : Explicit concurrent mark sweep GC freed 9(288B) AllocSpace objects, 0(0B) LOS objects, 7% free, 187MB/203MB, paused 1.736ms total 69.413ms
08-05 00:55:16.350 12138 12159 I art     : Starting a blocking GC Explicit
08-05 00:55:16.362 14891 14891 D ICU     : No timezone override file found: /data/misc/zoneinfo/current/icu/icu_tzdata.dat
08-05 00:55:16.402 14891 14891 I Radio-JNI: register_android_hardware_Radio DONE
08-05 00:55:16.418 12138 12159 I art     : Explicit concurrent mark sweep GC freed 7(224B) AllocSpace objects, 0(0B) LOS objects, 7% free, 187MB/203MB, paused 1.678ms total 68.125ms
08-05 00:55:16.418 12138 12148 I art     : WaitForGcToComplete blocked for 12.512ms for cause HeapTrim
08-05 00:55:16.431 14891 14891 D AndroidRuntime: Calling main entry com.android.commands.input.Input
08-05 00:55:16.433 14891 14891 I Input   : injectMotionEvent: MotionEvent { action=ACTION_DOWN, actionButton=0, id[0]=0, x[0]=657.0, y[0]=2080.0, toolType[0]=TOOL_TYPE_UNKNOWN, buttonState=0, metaState=0, flags=0x0, edgeFlags=0x0, pointerCount=1, historySize=0, eventTime=752132846, downTime=752132846, deviceId=0, source=0x1002 }
08-05 00:55:16.467 14891 14891 I Input   : injectMotionEvent: MotionEvent { action=ACTION_UP, actionButton=0, id[0]=0, x[0]=657.0, y[0]=2080.0, toolType[0]=TOOL_TYPE_UNKNOWN, buttonState=0, metaState=0, flags=0x0, edgeFlags=0x0, pointerCount=1, historySize=0, eventTime=752132846, downTime=752132846, deviceId=0, source=0x1002 }
08-05 00:55:16.504 14891 14891 D AndroidRuntime: Shutting down VM
08-05 00:55:16.504   918  3714 I ActivityManager: START u0 {cmp=baseline.io.github.project_travel_mate/.utilities.UpcomingWeekendsActivity} from uid 10674 on display 0
08-05 00:55:16.506   512  2967 D audio_hw_primary: out_set_parameters: enter: usecase(1: low-latency-playback) kvpairs: routing=2
08-05 00:55:16.518   512  2967 D audio_hw_primary: select_devices: out_snd_device(2: speaker) in_snd_device(0: none)
08-05 00:55:16.519   512  2967 D msm8974_platform: platform_send_audio_calibration: sending audio calibration for snd_device(2) acdb_id(15)
08-05 00:55:16.519   512  2967 I soundtrigger: audio_extn_sound_trigger_update_device_status: device 0x2 of type 0 for Event 1
08-05 00:55:16.528   512  2967 D audio_hw_primary: enable_snd_device: snd_device(2: speaker)
08-05 00:55:16.530 12138 12205 D Gabe    : call	returning from cache
08-05 00:55:16.530   512  2967 D audio_hw_primary: enable_audio_route: apply and update mixer path: low-latency-playback speaker
08-05 00:55:16.533 12138 12138 V EXECUTING: https://project-travel-mate.herokuapp.com/api/get-upcoming-holidays/2020
08-05 00:55:16.535 12138 12138 V EXECUTING: https://project-travel-mate.herokuapp.com/api/get-upcoming-holidays/2020
08-05 00:55:16.613 13866 13866 I GoogleInputMethodServic: GoogleInputMethodService.onFinishInput():3138 
08-05 00:55:16.614 13866 13866 I GoogleInputMethodServic: GoogleInputMethodService.onStartInput():1808 
08-05 00:55:16.709   918   936 I ActivityManager: Displayed baseline.io.github.project_travel_mate/.utilities.UpcomingWeekendsActivity: +197ms
08-05 00:55:16.798 12138 12149 I art     : Starting a blocking GC Explicit
08-05 00:55:16.870 12138 12149 I art     : Explicit concurrent mark sweep GC freed 3487(192KB) AllocSpace objects, 2(48KB) LOS objects, 7% free, 191MB/207MB, paused 1.822ms total 70.970ms
08-05 00:55:16.892 12138 12149 I art     : Starting a blocking GC Explicit
08-05 00:55:16.970   380   380 W SurfaceFlinger: couldn't log to binary event log: overflow.
08-05 00:55:16.980 12138 12149 I art     : Explicit concurrent mark sweep GC freed 1122(48KB) AllocSpace objects, 0(0B) LOS objects, 7% free, 191MB/207MB, paused 2.905ms total 87.992ms
08-05 00:55:17.004 12138 12149 I art     : Starting a blocking GC Explicit
08-05 00:55:17.060 12138 14907 I NAPPA_EXPERIMENTATION: MetricNetworkRequestExecutionTime: REQUEST_DURATION_SYSTEM='524',REQUEST_DURATION_OKHTTP='42',REQUEST_SYNCHRONOUS='FALSE',RESPONSE_CODE='200',RESPONSE_METHOD='GET',RESPONSE_LENGTH_OKHTTP='6426',RESPONSE_LENGTH_HEADER='6426',REQUEST_PROTOCOL='http/1.1',REQUEST_URL='https://project-travel-mate.herokuapp.com/api/get-upcoming-holidays/2020',
08-05 00:55:17.064 12138 12138 V Response: [{"month":"January","date":1,"day":"Wednesday","name":"New Year's Day","type":"Restricted"},{"month":"January","date":2,"day":"Thursday","name":"Guru Govind Singh Jayanti","type":"Restricted"},{"month":"January","date":14,"day":"Tuesday","name":"Lohri","type":"Restricted"},{"month":"January","date":15,"day":"Wednesday","name":"Pongal","type":"Restricted"},{"month":"January","date":15,"day":"Wednesday","name":"Makar Sankranti","type":"Restricted"},{"month":"January","date":25,"day":"Saturday","name":"Chinese New Year","type":"Observance"},{"month":"January","date":26,"day":"Sunday","name":"Republic Day","type":"Gazetted"},{"month":"January","date":30,"day":"Thursday","name":"Vasant Panchami","type":"Restricted"},{"month":"February","date":9,"day":"Sunday","name":"Guru Ravidas Jayanti","type":"Restricted"},{"month":"February","date":14,"day":"Friday","name":"Valentine's Day","type":"Observance"},{"month":"February","date":18,"day":"Tuesday","name":"Maharishi Dayanand Saraswati Jayanti","type":"Restricted"},{"month":"February","date":19,"day":"Wednesday","name":"Shivaji Jayanti","type":"Restricted"},{"month":"February","date":21,"day":"Friday","name":"Maha Shivaratri/Shivaratri","type":"Gazetted"},{"month":"March","date":9,"day":"Monday","name":"Holika Dahana","type":"Restricted"},{"month":"March","date":9,"day":"Monday","name":"Hazarat Ali's Birthday","type":"Restricted"},{"month":"March","date":10,"day":"Tuesday","name":"Holi","type":"Gazetted"},{"month":"March","date":20,"day":"Friday","name":"March Equinox","type":"Season"},{"month":"March","date":25,"day":"Wednesday","name":"Chaitra Sukhladi","type":"Restricted"},{"month":"April","date":2,"day":"Thursday","name":"Rama Navami","type":"Gazetted"},{"month":"April","date":6,"day":"Monday","name":"Mahavir Jayanti","type":"Gazetted"},{"month":"April","date":9,"day":"Thursday","name":"First day of Passover","type":"Observance"},{"month":"April","date":9,"day":"Thursday","name":"Maundy Thursday","type":"Observance,"},{"month":"April","date":10,"day":"Friday","name":"Good Friday","type":"Gazetted"},{"month":"April","date":12,"day":"Sunday","name":"Easter Day","type":"Restricted"},{"month":"April","date":13,"day":"Monday","name":"Vaisakhi","type":"Restricted"},{"month":"April","date":14,"day":"Tuesday","name":"Mesadi/Vaisakhadi","type":"Restricted"},{"month":"April","date":14,"day":"Tuesday","name":"Ambedkar Jayanti","type":"Central"},{"month":"May","date":1,"day":"Friday","name":"May Day","type":"Observance"},{"month":"May","date":7,"day":"Thursday","name":"Buddha Purnima/Vesak","type":"Gazetted"},{"month":"May","date":7,"day":"Thursday","name":"Birthday of Ravindranath","type":"Restricted"},{"month":"May","date":10,"day":"Sunday","name":"Mother's Day","type":"Observance"},{"month":"May","date":22,"day":"Friday","name":"Jamat Ul-Vida","type":"Restricted"},{"month":"May","date":25,"day":"Monday","name":"Ramzan Id/Eid-ul-Fitar","type":"Gazetted"},{"month":"May","date":25,"day":"Monday","name":"Ramzan Id/Eid-ul-Fitar","type":"Muslim,"},{"month":"June","date":21,"day":"Sunday","name":"June Solstice","type":"Season"},{"month":"June","date":21,"day":"Sunday","name":"Father's Day","type":"Observance"},{"month":"June","date":23,"day":"Tuesday","name":"Rath Yatra","type":"Restricted"},{"month":"July","date":5,"day":"Sunday","name":"Guru Purnima","type":"Observance"},{"month":"July","date":31,"day":"Friday","name":"Bakr Id/Eid ul-Adha","type":"Gazetted"},{"month":"August","date":2,"day":"Sunday","name":"Friendship Day","type":"Observance"},{"month":"August","date":3,"day":"Monday","name":"Raksha Bandhan (Rakhi)","type":"Restricted"},{"month":"August","date":11,"day":"Tuesday","name":"Janmashtami (Smarta)","type":"Restricted"},{"month":"August","date":12,"day":"Wednesday","name":"Janmashtami","type":"Gazetted"},{"month":"August","date":15,"day":"Saturday","name":"Independence Day","type":"Gazetted"},{"month":"August","date":16,"day":"Sunday","name":"Parsi New Year","type":"Restricted"},{"month":"August","date":22,"day":"Saturday","name":"Ganesh Chaturthi/Vin
08-05 00:55:17.070   512  2967 D audio_hw_primary: disable_audio_route: reset and update mixer path: low-latency-playback speaker
08-05 00:55:17.071   512  2967 D audio_hw_primary: disable_snd_device: snd_device(2: speaker)
08-05 00:55:17.075 12138 12149 I art     : Explicit concurrent mark sweep GC freed 5720(282KB) AllocSpace objects, 7(416KB) LOS objects, 7% free, 192MB/208MB, paused 2.294ms total 70.832ms
08-05 00:55:17.080   512  2967 I soundtrigger: audio_extn_sound_trigger_update_device_status: device 0x2 of type 0 for Event 0
08-05 00:55:17.094 12138 14906 I NAPPA_EXPERIMENTATION: MetricNetworkRequestExecutionTime: REQUEST_DURATION_SYSTEM='560',REQUEST_DURATION_OKHTTP='72',REQUEST_SYNCHRONOUS='FALSE',RESPONSE_CODE='200',RESPONSE_METHOD='GET',RESPONSE_LENGTH_OKHTTP='6426',RESPONSE_LENGTH_HEADER='6426',REQUEST_PROTOCOL='http/1.1',REQUEST_URL='https://project-travel-mate.herokuapp.com/api/get-upcoming-holidays/2020',
08-05 00:55:17.097 12138 12149 I art     : Starting a blocking GC Explicit
08-05 00:55:17.143 12138 12138 V Response: [{"month":"January","date":1,"day":"Wednesday","name":"New Year's Day","type":"Restricted"},{"month":"January","date":2,"day":"Thursday","name":"Guru Govind Singh Jayanti","type":"Restricted"},{"month":"January","date":14,"day":"Tuesday","name":"Lohri","type":"Restricted"},{"month":"January","date":15,"day":"Wednesday","name":"Pongal","type":"Restricted"},{"month":"January","date":15,"day":"Wednesday","name":"Makar Sankranti","type":"Restricted"},{"month":"January","date":25,"day":"Saturday","name":"Chinese New Year","type":"Observance"},{"month":"January","date":26,"day":"Sunday","name":"Republic Day","type":"Gazetted"},{"month":"January","date":30,"day":"Thursday","name":"Vasant Panchami","type":"Restricted"},{"month":"February","date":9,"day":"Sunday","name":"Guru Ravidas Jayanti","type":"Restricted"},{"month":"February","date":14,"day":"Friday","name":"Valentine's Day","type":"Observance"},{"month":"February","date":18,"day":"Tuesday","name":"Maharishi Dayanand Saraswati Jayanti","type":"Restricted"},{"month":"February","date":19,"day":"Wednesday","name":"Shivaji Jayanti","type":"Restricted"},{"month":"February","date":21,"day":"Friday","name":"Maha Shivaratri/Shivaratri","type":"Gazetted"},{"month":"March","date":9,"day":"Monday","name":"Holika Dahana","type":"Restricted"},{"month":"March","date":9,"day":"Monday","name":"Hazarat Ali's Birthday","type":"Restricted"},{"month":"March","date":10,"day":"Tuesday","name":"Holi","type":"Gazetted"},{"month":"March","date":20,"day":"Friday","name":"March Equinox","type":"Season"},{"month":"March","date":25,"day":"Wednesday","name":"Chaitra Sukhladi","type":"Restricted"},{"month":"April","date":2,"day":"Thursday","name":"Rama Navami","type":"Gazetted"},{"month":"April","date":6,"day":"Monday","name":"Mahavir Jayanti","type":"Gazetted"},{"month":"April","date":9,"day":"Thursday","name":"First day of Passover","type":"Observance"},{"month":"April","date":9,"day":"Thursday","name":"Maundy Thursday","type":"Observance,"},{"month":"April","date":10,"day":"Friday","name":"Good Friday","type":"Gazetted"},{"month":"April","date":12,"day":"Sunday","name":"Easter Day","type":"Restricted"},{"month":"April","date":13,"day":"Monday","name":"Vaisakhi","type":"Restricted"},{"month":"April","date":14,"day":"Tuesday","name":"Mesadi/Vaisakhadi","type":"Restricted"},{"month":"April","date":14,"day":"Tuesday","name":"Ambedkar Jayanti","type":"Central"},{"month":"May","date":1,"day":"Friday","name":"May Day","type":"Observance"},{"month":"May","date":7,"day":"Thursday","name":"Buddha Purnima/Vesak","type":"Gazetted"},{"month":"May","date":7,"day":"Thursday","name":"Birthday of Ravindranath","type":"Restricted"},{"month":"May","date":10,"day":"Sunday","name":"Mother's Day","type":"Observance"},{"month":"May","date":22,"day":"Friday","name":"Jamat Ul-Vida","type":"Restricted"},{"month":"May","date":25,"day":"Monday","name":"Ramzan Id/Eid-ul-Fitar","type":"Gazetted"},{"month":"May","date":25,"day":"Monday","name":"Ramzan Id/Eid-ul-Fitar","type":"Muslim,"},{"month":"June","date":21,"day":"Sunday","name":"June Solstice","type":"Season"},{"month":"June","date":21,"day":"Sunday","name":"Father's Day","type":"Observance"},{"month":"June","date":23,"day":"Tuesday","name":"Rath Yatra","type":"Restricted"},{"month":"July","date":5,"day":"Sunday","name":"Guru Purnima","type":"Observance"},{"month":"July","date":31,"day":"Friday","name":"Bakr Id/Eid ul-Adha","type":"Gazetted"},{"month":"August","date":2,"day":"Sunday","name":"Friendship Day","type":"Observance"},{"month":"August","date":3,"day":"Monday","name":"Raksha Bandhan (Rakhi)","type":"Restricted"},{"month":"August","date":11,"day":"Tuesday","name":"Janmashtami (Smarta)","type":"Restricted"},{"month":"August","date":12,"day":"Wednesday","name":"Janmashtami","type":"Gazetted"},{"month":"August","date":15,"day":"Saturday","name":"Independence Day","type":"Gazetted"},{"month":"August","date":16,"day":"Sunday","name":"Parsi New Year","type":"Restricted"},{"month":"August","date":22,"day":"Saturday","name":"Ganesh Chaturthi/Vin
08-05 00:55:17.172 12138 12149 I art     : Explicit concurrent mark sweep GC freed 12782(634KB) AllocSpace objects, 2(32KB) LOS objects, 7% free, 192MB/208MB, paused 2.282ms total 75.001ms
08-05 00:55:17.195 12138 12149 I art     : Starting a blocking GC Explicit
08-05 00:55:17.266 12138 12149 I art     : Explicit concurrent mark sweep GC freed 2725(117KB) AllocSpace objects, 1(4MB) LOS objects, 7% free, 188MB/204MB, paused 1.560ms total 71.096ms
08-05 00:55:17.444   918  3261 D WifiStateMachine: starting scan for "H369AA63323"WPA_PSK with 2412,5180
08-05 00:55:17.683 12138 12150 I art     : Starting a blocking GC Explicit
08-05 00:55:17.765 12138 12150 I art     : Explicit concurrent mark sweep GC freed 2842(136KB) AllocSpace objects, 13(268KB) LOS objects, 7% free, 187MB/203MB, paused 1.868ms total 81.497ms
08-05 00:55:17.791 12138 12150 I art     : Starting a blocking GC Explicit
08-05 00:55:17.866 12138 12150 I art     : Explicit concurrent mark sweep GC freed 174(3KB) AllocSpace objects, 0(0B) LOS objects, 7% free, 187MB/203MB, paused 1.766ms total 75.160ms
08-05 00:55:17.889 12138 12150 I art     : Starting a blocking GC Explicit
08-05 00:55:17.965 12138 12150 I art     : Explicit concurrent mark sweep GC freed 147(2496B) AllocSpace objects, 0(0B) LOS objects, 7% free, 187MB/203MB, paused 1.784ms total 75.859ms
08-05 00:55:17.989 12138 12150 I art     : Starting a blocking GC Explicit
08-05 00:55:18.067 12138 12150 I art     : Explicit concurrent mark sweep GC freed 188(3KB) AllocSpace objects, 0(0B) LOS objects, 7% free, 187MB/203MB, paused 1.822ms total 77.759ms
08-05 00:55:18.090 12138 12150 I art     : Starting a blocking GC Explicit
08-05 00:55:18.170 12138 12150 I art     : Explicit concurrent mark sweep GC freed 147(2496B) AllocSpace objects, 0(0B) LOS objects, 7% free, 187MB/203MB, paused 1.852ms total 79.380ms
08-05 00:55:18.617 12138 12159 I art     : Starting a blocking GC Explicit
08-05 00:55:18.703 12138 12159 I art     : Explicit concurrent mark sweep GC freed 2366(105KB) AllocSpace objects, 2(48KB) LOS objects, 7% free, 187MB/203MB, paused 1.945ms total 85.812ms
08-05 00:55:18.726 12138 12159 I art     : Starting a blocking GC Explicit
08-05 00:55:18.812 12138 12159 I art     : Explicit concurrent mark sweep GC freed 216(4KB) AllocSpace objects, 0(0B) LOS objects, 7% free, 187MB/203MB, paused 2.009ms total 84.969ms
08-05 00:55:18.835 12138 12159 I art     : Starting a blocking GC Explicit
08-05 00:55:18.923 12138 12159 I art     : Explicit concurrent mark sweep GC freed 147(2496B) AllocSpace objects, 0(0B) LOS objects, 7% free, 187MB/203MB, paused 1.944ms total 87.260ms
08-05 00:55:18.947 12138 12159 I art     : Starting a blocking GC Explicit
08-05 00:55:19.032 12138 12159 I art     : Explicit concurrent mark sweep GC freed 211(3KB) AllocSpace objects, 0(0B) LOS objects, 7% free, 187MB/203MB, paused 1.982ms total 84.316ms
08-05 00:55:19.057 12138 12159 I art     : Starting a blocking GC Explicit
08-05 00:55:19.144 12138 12159 I art     : Explicit concurrent mark sweep GC freed 151(2576B) AllocSpace objects, 0(0B) LOS objects, 7% free, 187MB/203MB, paused 1.929ms total 86.142ms
08-05 00:55:19.583 12138 12418 I art     : Starting a blocking GC Explicit
08-05 00:55:19.671 12138 12418 I art     : Explicit concurrent mark sweep GC freed 2351(104KB) AllocSpace objects, 2(48KB) LOS objects, 7% free, 187MB/203MB, paused 1.912ms total 87.444ms
08-05 00:55:19.697 12138 12418 I art     : Starting a blocking GC Explicit
08-05 00:55:19.779 12138 12418 I art     : Explicit concurrent mark sweep GC freed 196(3KB) AllocSpace objects, 0(0B) LOS objects, 7% free, 187MB/203MB, paused 2.247ms total 81.959ms
08-05 00:55:19.802 12138 12418 I art     : Starting a blocking GC Explicit
08-05 00:55:19.887 12138 12418 I art     : Explicit concurrent mark sweep GC freed 148(2528B) AllocSpace objects, 0(0B) LOS objects, 7% free, 187MB/203MB, paused 1.881ms total 84.451ms
08-05 00:55:19.913 12138 12418 I art     : Starting a blocking GC Explicit
08-05 00:55:19.997 12138 12418 I art     : Explicit concurrent mark sweep GC freed 183(3KB) AllocSpace objects, 0(0B) LOS objects, 7% free, 187MB/203MB, paused 1.954ms total 84.457ms
08-05 00:55:20.022 12138 12418 I art     : Starting a blocking GC Explicit
08-05 00:55:20.108 12138 12418 I art     : Explicit concurrent mark sweep GC freed 197(4KB) AllocSpace objects, 0(0B) LOS objects, 7% free, 187MB/203MB, paused 1.934ms total 85.231ms
08-05 00:55:20.550 12138 13058 I art     : Starting a blocking GC Explicit
08-05 00:55:20.637 12138 13058 I art     : Explicit concurrent mark sweep GC freed 2355(104KB) AllocSpace objects, 2(48KB) LOS objects, 7% free, 187MB/203MB, paused 1.868ms total 86.383ms
08-05 00:55:20.663 12138 13058 I art     : Starting a blocking GC Explicit
08-05 00:55:20.747 12138 13058 I art     : Explicit concurrent mark sweep GC freed 188(3KB) AllocSpace objects, 0(0B) LOS objects, 7% free, 187MB/203MB, paused 1.849ms total 83.060ms
08-05 00:55:20.770 12138 13058 I art     : Starting a blocking GC Explicit
08-05 00:55:20.845 12138 13058 I art     : Explicit concurrent mark sweep GC freed 155(2640B) AllocSpace objects, 0(0B) LOS objects, 7% free, 187MB/203MB, paused 1.838ms total 73.998ms
08-05 00:55:20.867 12138 13058 I art     : Starting a blocking GC Explicit
08-05 00:55:20.944 12138 13058 I art     : Explicit concurrent mark sweep GC freed 130(2208B) AllocSpace objects, 0(0B) LOS objects, 7% free, 187MB/203MB, paused 1.974ms total 76.454ms
08-05 00:55:20.967 12138 13058 I art     : Starting a blocking GC Explicit
08-05 00:55:21.049 12138 13058 I art     : Explicit concurrent mark sweep GC freed 204(3KB) AllocSpace objects, 0(0B) LOS objects, 7% free, 187MB/203MB, paused 2.003ms total 81.932ms
08-05 00:55:21.302 14961 14961 D AndroidRuntime: >>>>>> START com.android.internal.os.RuntimeInit uid 2000 <<<<<<
08-05 00:55:21.307 14961 14961 D AndroidRuntime: CheckJNI is OFF
08-05 00:55:21.349 14961 14961 D ICU     : No timezone override file found: /data/misc/zoneinfo/current/icu/icu_tzdata.dat
08-05 00:55:21.391 14961 14961 I Radio-JNI: register_android_hardware_Radio DONE
08-05 00:55:21.421 14961 14961 D AndroidRuntime: Calling main entry com.android.commands.input.Input
08-05 00:55:21.423 14961 14961 I Input   : injectKeyEvent: KeyEvent { action=ACTION_DOWN, keyCode=KEYCODE_BACK, scanCode=0, metaState=0, flags=0x0, repeatCount=0, eventTime=752137836, downTime=752137836, deviceId=-1, source=0x101 }
08-05 00:55:21.430 14961 14961 I Input   : injectKeyEvent: KeyEvent { action=ACTION_UP, keyCode=KEYCODE_BACK, scanCode=0, metaState=0, flags=0x0, repeatCount=0, eventTime=752137836, downTime=752137836, deviceId=-1, source=0x101 }
08-05 00:55:21.436 14961 14961 D AndroidRuntime: Shutting down VM
08-05 00:55:21.445 12138 12138 V MainActivity: url = https://project-travel-mate.herokuapp.com/api/number-of-unread-notifications
08-05 00:55:21.476 12138 13058 I art     : Starting a blocking GC Explicit
08-05 00:55:21.483 13866 13866 I GoogleInputMethodServic: GoogleInputMethodService.onFinishInput():3138 
08-05 00:55:21.484 13866 13866 I GoogleInputMethodServic: GoogleInputMethodService.onStartInput():1808 
08-05 00:55:21.548 12138 13058 I art     : Explicit concurrent mark sweep GC freed 2682(123KB) AllocSpace objects, 2(48KB) LOS objects, 7% free, 187MB/203MB, paused 1.779ms total 71.575ms
08-05 00:55:21.571 12138 13058 I art     : Starting a blocking GC Explicit
08-05 00:55:21.640 12138 13058 I art     : Explicit concurrent mark sweep GC freed 192(6KB) AllocSpace objects, 0(0B) LOS objects, 7% free, 187MB/203MB, paused 1.811ms total 68.136ms
08-05 00:55:21.662 12138 13058 I art     : Starting a blocking GC Explicit
08-05 00:55:21.734 12138 13058 I art     : Explicit concurrent mark sweep GC freed 169(3KB) AllocSpace objects, 0(0B) LOS objects, 7% free, 187MB/203MB, paused 1.619ms total 71.530ms
08-05 00:55:21.756 12138 13058 I art     : Starting a blocking GC Explicit
08-05 00:55:21.830 12138 13058 I art     : Explicit concurrent mark sweep GC freed 151(2688B) AllocSpace objects, 0(0B) LOS objects, 7% free, 187MB/203MB, paused 1.745ms total 73.194ms
08-05 00:55:21.841   380   380 W SurfaceFlinger: couldn't log to binary event log: overflow.
08-05 00:55:21.854 12138 13058 I art     : Starting a blocking GC Explicit
08-05 00:55:21.928 12138 13058 I art     : Explicit concurrent mark sweep GC freed 49(1424B) AllocSpace objects, 0(0B) LOS objects, 7% free, 187MB/203MB, paused 1.870ms total 73.402ms
08-05 00:55:21.928 12138 12148 I art     : WaitForGcToComplete blocked for 57.822ms for cause HeapTrim
08-05 00:55:22.257 12138 14985 I NAPPA_EXPERIMENTATION: MetricNetworkRequestExecutionTime: REQUEST_DURATION_SYSTEM='811',REQUEST_DURATION_OKHTTP='34',REQUEST_SYNCHRONOUS='FALSE',RESPONSE_CODE='200',RESPONSE_METHOD='GET',RESPONSE_LENGTH_OKHTTP='36',RESPONSE_LENGTH_HEADER='36',REQUEST_PROTOCOL='http/1.1',REQUEST_URL='https://project-travel-mate.herokuapp.com/api/number-of-unread-notifications',
08-05 00:55:22.351 12138 12159 I art     : Starting a blocking GC Explicit
08-05 00:55:22.447 12138 12159 I art     : Explicit concurrent mark sweep GC freed 11074(603KB) AllocSpace objects, 18(512KB) LOS objects, 7% free, 187MB/203MB, paused 2.089ms total 94.693ms
08-05 00:55:22.473 12138 12159 I art     : Starting a blocking GC Explicit
08-05 00:55:22.551 12138 12159 I art     : Explicit concurrent mark sweep GC freed 962(117KB) AllocSpace objects, 0(0B) LOS objects, 7% free, 187MB/203MB, paused 1.937ms total 77.951ms
08-05 00:55:22.574 12138 12159 I art     : Starting a blocking GC Explicit
08-05 00:55:22.653 12138 12159 I art     : Explicit concurrent mark sweep GC freed 3(96B) AllocSpace objects, 0(0B) LOS objects, 7% free, 187MB/203MB, paused 1.883ms total 79.201ms
08-05 00:55:22.677 12138 12159 I art     : Starting a blocking GC Explicit
08-05 00:55:22.750 12138 12159 I art     : Explicit concurrent mark sweep GC freed 11(352B) AllocSpace objects, 0(0B) LOS objects, 7% free, 187MB/203MB, paused 1.875ms total 72.374ms
08-05 00:55:22.772 12138 12159 I art     : Starting a blocking GC Explicit
08-05 00:55:22.847 12138 12159 I art     : Explicit concurrent mark sweep GC freed 21(1056B) AllocSpace objects, 0(0B) LOS objects, 7% free, 187MB/203MB, paused 1.845ms total 74.708ms
08-05 00:55:23.183 14997 14997 D AndroidRuntime: >>>>>> START com.android.internal.os.RuntimeInit uid 2000 <<<<<<
08-05 00:55:23.188 14997 14997 D AndroidRuntime: CheckJNI is OFF
08-05 00:55:23.226 14997 14997 D ICU     : No timezone override file found: /data/misc/zoneinfo/current/icu/icu_tzdata.dat
08-05 00:55:23.264 14997 14997 I Radio-JNI: register_android_hardware_Radio DONE
08-05 00:55:23.290 12138 12150 I art     : Starting a blocking GC Explicit
08-05 00:55:23.291 14997 14997 D AndroidRuntime: Calling main entry com.android.commands.input.Input
08-05 00:55:23.293 14997 14997 I Input   : injectMotionEvent: MotionEvent { action=ACTION_DOWN, actionButton=0, id[0]=0, x[0]=117.0, y[0]=170.0, toolType[0]=TOOL_TYPE_UNKNOWN, buttonState=0, metaState=0, flags=0x0, edgeFlags=0x0, pointerCount=1, historySize=0, eventTime=752139706, downTime=752139706, deviceId=0, source=0x1002 }
08-05 00:55:23.316 14997 14997 I Input   : injectMotionEvent: MotionEvent { action=ACTION_UP, actionButton=0, id[0]=0, x[0]=117.0, y[0]=170.0, toolType[0]=TOOL_TYPE_UNKNOWN, buttonState=0, metaState=0, flags=0x0, edgeFlags=0x0, pointerCount=1, historySize=0, eventTime=752139706, downTime=752139706, deviceId=0, source=0x1002 }
08-05 00:55:23.358 14997 14997 D AndroidRuntime: Shutting down VM
08-05 00:55:23.359 12138 12150 I art     : Explicit concurrent mark sweep GC freed 1683(95KB) AllocSpace objects, 2(48KB) LOS objects, 7% free, 187MB/203MB, paused 2.233ms total 68.457ms
08-05 00:55:23.380 12138 12150 I art     : Starting a blocking GC Explicit
08-05 00:55:23.400   512  2967 D audio_hw_primary: out_set_parameters: enter: usecase(1: low-latency-playback) kvpairs: routing=2
08-05 00:55:23.413   512  2967 D audio_hw_primary: select_devices: out_snd_device(2: speaker) in_snd_device(0: none)
08-05 00:55:23.413   512  2967 D msm8974_platform: platform_send_audio_calibration: sending audio calibration for snd_device(2) acdb_id(15)
08-05 00:55:23.413   512  2967 I soundtrigger: audio_extn_sound_trigger_update_device_status: device 0x2 of type 0 for Event 1
08-05 00:55:23.422   512  2967 D audio_hw_primary: enable_snd_device: snd_device(2: speaker)
08-05 00:55:23.425   512  2967 D audio_hw_primary: enable_audio_route: apply and update mixer path: low-latency-playback speaker
08-05 00:55:23.450 12138 12150 I art     : Explicit concurrent mark sweep GC freed 61(2352B) AllocSpace objects, 0(0B) LOS objects, 7% free, 187MB/203MB, paused 1.728ms total 69.475ms
08-05 00:55:23.472 12138 12150 I art     : Starting a blocking GC Explicit
08-05 00:55:23.542 12138 12150 I art     : Explicit concurrent mark sweep GC freed 389(20KB) AllocSpace objects, 0(0B) LOS objects, 7% free, 187MB/203MB, paused 1.689ms total 69.740ms
08-05 00:55:23.566 12138 12150 I art     : Starting a blocking GC Explicit
08-05 00:55:23.632 12138 12150 I art     : Explicit concurrent mark sweep GC freed 23(1024B) AllocSpace objects, 0(0B) LOS objects, 7% free, 187MB/203MB, paused 1.730ms total 65.600ms
08-05 00:55:23.654 12138 12150 I art     : Starting a blocking GC Explicit
08-05 00:55:23.723 12138 12150 I art     : Explicit concurrent mark sweep GC freed 3(96B) AllocSpace objects, 0(0B) LOS objects, 7% free, 187MB/203MB, paused 1.754ms total 68.218ms
08-05 00:55:23.958   512  2967 D audio_hw_primary: disable_audio_route: reset and update mixer path: low-latency-playback speaker
08-05 00:55:23.960   512  2967 D audio_hw_primary: disable_snd_device: snd_device(2: speaker)
08-05 00:55:23.967   512  2967 I soundtrigger: audio_extn_sound_trigger_update_device_status: device 0x2 of type 0 for Event 0
08-05 00:55:24.123 15020 15020 D AndroidRuntime: >>>>>> START com.android.internal.os.RuntimeInit uid 2000 <<<<<<
08-05 00:55:24.129 15020 15020 D AndroidRuntime: CheckJNI is OFF
08-05 00:55:24.134 12138 12418 I art     : Starting a blocking GC Explicit
08-05 00:55:24.173 15020 15020 D ICU     : No timezone override file found: /data/misc/zoneinfo/current/icu/icu_tzdata.dat
08-05 00:55:24.211 12138 12418 I art     : Explicit concurrent mark sweep GC freed 1632(93KB) AllocSpace objects, 2(48KB) LOS objects, 7% free, 187MB/203MB, paused 1.879ms total 76.672ms
08-05 00:55:24.217 15020 15020 I Radio-JNI: register_android_hardware_Radio DONE
08-05 00:55:24.234 12138 12418 I art     : Starting a blocking GC Explicit
08-05 00:55:24.247 15020 15020 D AndroidRuntime: Calling main entry com.android.commands.input.Input
08-05 00:55:24.249 15020 15020 I Input   : injectMotionEvent: MotionEvent { action=ACTION_DOWN, actionButton=0, id[0]=0, x[0]=405.0, y[0]=661.0, toolType[0]=TOOL_TYPE_UNKNOWN, buttonState=0, metaState=0, flags=0x0, edgeFlags=0x0, pointerCount=1, historySize=0, eventTime=752140662, downTime=752140662, deviceId=0, source=0x1002 }
08-05 00:55:24.253 15020 15020 I Input   : injectMotionEvent: MotionEvent { action=ACTION_UP, actionButton=0, id[0]=0, x[0]=405.0, y[0]=661.0, toolType[0]=TOOL_TYPE_UNKNOWN, buttonState=0, metaState=0, flags=0x0, edgeFlags=0x0, pointerCount=1, historySize=0, eventTime=752140662, downTime=752140662, deviceId=0, source=0x1002 }
08-05 00:55:24.255 15020 15020 D AndroidRuntime: Shutting down VM
08-05 00:55:24.270   512  2967 D audio_hw_primary: out_set_parameters: enter: usecase(1: low-latency-playback) kvpairs: routing=2
08-05 00:55:24.283   512  2967 D audio_hw_primary: select_devices: out_snd_device(2: speaker) in_snd_device(0: none)
08-05 00:55:24.283   512  2967 D msm8974_platform: platform_send_audio_calibration: sending audio calibration for snd_device(2) acdb_id(15)
08-05 00:55:24.283   512  2967 I soundtrigger: audio_extn_sound_trigger_update_device_status: device 0x2 of type 0 for Event 1
08-05 00:55:24.294   512  2967 D audio_hw_primary: enable_snd_device: snd_device(2: speaker)
08-05 00:55:24.296   512  2967 D audio_hw_primary: enable_audio_route: apply and update mixer path: low-latency-playback speaker
08-05 00:55:24.308 12138 12418 I art     : Explicit concurrent mark sweep GC freed 1115(43KB) AllocSpace objects, 0(0B) LOS objects, 7% free, 187MB/203MB, paused 2.347ms total 73.968ms
08-05 00:55:24.334 12138 12418 I art     : Starting a blocking GC Explicit
08-05 00:55:24.338   512  2967 D AudioFlinger: mixer(0xf4740000) throttle end: throttle time(12)
08-05 00:55:24.404 12138 12418 I art     : Explicit concurrent mark sweep GC freed 1009(34KB) AllocSpace objects, 0(0B) LOS objects, 7% free, 187MB/203MB, paused 1.704ms total 69.349ms
08-05 00:55:24.425 12138 12418 I art     : Starting a blocking GC Explicit
08-05 00:55:24.494 12138 12418 I art     : Explicit concurrent mark sweep GC freed 810(47KB) AllocSpace objects, 0(0B) LOS objects, 7% free, 187MB/203MB, paused 1.716ms total 68.217ms
08-05 00:55:24.516 12138 12418 I art     : Starting a blocking GC Explicit
08-05 00:55:24.594 12138 12418 I art     : Explicit concurrent mark sweep GC freed 15(672B) AllocSpace objects, 9(252KB) LOS objects, 7% free, 187MB/203MB, paused 1.846ms total 77.347ms
08-05 00:55:24.819   512  2967 D audio_hw_primary: disable_audio_route: reset and update mixer path: low-latency-playback speaker
08-05 00:55:24.821   512  2967 D audio_hw_primary: disable_snd_device: snd_device(2: speaker)
08-05 00:55:24.829   512  2967 I soundtrigger: audio_extn_sound_trigger_update_device_status: device 0x2 of type 0 for Event 0
08-05 00:55:25.030 12138 12159 I art     : Starting a blocking GC Explicit
08-05 00:55:25.131 12138 12159 I art     : Explicit concurrent mark sweep GC freed 1666(94KB) AllocSpace objects, 2(48KB) LOS objects, 7% free, 187MB/203MB, paused 2.022ms total 100.455ms
08-05 00:55:25.156 12138 12159 I art     : Starting a blocking GC Explicit
08-05 00:55:25.235 12138 12159 I art     : Explicit concurrent mark sweep GC freed 28(1024B) AllocSpace objects, 0(0B) LOS objects, 7% free, 187MB/203MB, paused 1.729ms total 78.810ms
08-05 00:55:25.259 12138 12159 I art     : Starting a blocking GC Explicit
08-05 00:55:25.342 12138 12159 I art     : Explicit concurrent mark sweep GC freed 3(96B) AllocSpace objects, 0(0B) LOS objects, 7% free, 187MB/203MB, paused 1.926ms total 82.743ms
08-05 00:55:25.368 12138 12159 I art     : Starting a blocking GC Explicit
08-05 00:55:25.449 12138 12159 I art     : Explicit concurrent mark sweep GC freed 3(96B) AllocSpace objects, 0(0B) LOS objects, 7% free, 187MB/203MB, paused 1.851ms total 80.837ms
08-05 00:55:25.476 12138 12159 I art     : Starting a blocking GC Explicit
08-05 00:55:25.555 12138 12159 I art     : Explicit concurrent mark sweep GC freed 3(96B) AllocSpace objects, 0(0B) LOS objects, 7% free, 187MB/203MB, paused 1.802ms total 78.935ms
08-05 00:55:25.998 12138 12418 I art     : Starting a blocking GC Explicit
08-05 00:55:26.110 12138 12418 I art     : Explicit concurrent mark sweep GC freed 1639(93KB) AllocSpace objects, 2(48KB) LOS objects, 7% free, 187MB/203MB, paused 2.193ms total 111.527ms
08-05 00:55:26.137 12138 12418 I art     : Starting a blocking GC Explicit
08-05 00:55:26.230 12138 12418 I art     : Explicit concurrent mark sweep GC freed 38(1568B) AllocSpace objects, 0(0B) LOS objects, 7% free, 187MB/203MB, paused 2.317ms total 93.283ms
08-05 00:55:26.258 12138 12418 I art     : Starting a blocking GC Explicit
08-05 00:55:26.341 12138 12418 I art     : Explicit concurrent mark sweep GC freed 3(96B) AllocSpace objects, 0(0B) LOS objects, 7% free, 187MB/203MB, paused 1.976ms total 82.920ms
08-05 00:55:26.365 12138 12418 I art     : Starting a blocking GC Explicit
08-05 00:55:26.454 12138 12418 I art     : Explicit concurrent mark sweep GC freed 3(96B) AllocSpace objects, 0(0B) LOS objects, 7% free, 187MB/203MB, paused 1.990ms total 88.928ms
08-05 00:55:26.480 12138 12418 I art     : Starting a blocking GC Explicit
08-05 00:55:26.558 12138 12418 I art     : Explicit concurrent mark sweep GC freed 3(96B) AllocSpace objects, 0(0B) LOS objects, 7% free, 187MB/203MB, paused 1.872ms total 77.517ms
08-05 00:55:27.013 12138 13058 I art     : Starting a blocking GC Explicit
08-05 00:55:27.051 15064 15064 D AndroidRuntime: >>>>>> START com.android.internal.os.RuntimeInit uid 2000 <<<<<<
08-05 00:55:27.058 15064 15064 D AndroidRuntime: CheckJNI is OFF
08-05 00:55:27.103 12138 13058 I art     : Explicit concurrent mark sweep GC freed 1627(93KB) AllocSpace objects, 2(48KB) LOS objects, 7% free, 187MB/203MB, paused 1.922ms total 89.465ms
08-05 00:55:27.103 15064 15064 D ICU     : No timezone override file found: /data/misc/zoneinfo/current/icu/icu_tzdata.dat
08-05 00:55:27.126 12138 13058 I art     : Starting a blocking GC Explicit
08-05 00:55:27.150 15064 15064 I Radio-JNI: register_android_hardware_Radio DONE
08-05 00:55:27.179 15064 15064 D AndroidRuntime: Calling main entry com.android.commands.input.Input
08-05 00:55:27.182 15064 15064 I Input   : injectMotionEvent: MotionEvent { action=ACTION_DOWN, actionButton=0, id[0]=0, x[0]=1341.0, y[0]=197.0, toolType[0]=TOOL_TYPE_UNKNOWN, buttonState=0, metaState=0, flags=0x0, edgeFlags=0x0, pointerCount=1, historySize=0, eventTime=752143594, downTime=752143594, deviceId=0, source=0x1002 }
08-05 00:55:27.187 15064 15064 I Input   : injectMotionEvent: MotionEvent { action=ACTION_UP, actionButton=0, id[0]=0, x[0]=1341.0, y[0]=197.0, toolType[0]=TOOL_TYPE_UNKNOWN, buttonState=0, metaState=0, flags=0x0, edgeFlags=0x0, pointerCount=1, historySize=0, eventTime=752143594, downTime=752143594, deviceId=0, source=0x1002 }
08-05 00:55:27.190 15064 15064 D AndroidRuntime: Shutting down VM
08-05 00:55:27.200   918  6110 I ActivityManager: START u0 {cmp=baseline.io.github.project_travel_mate/.notifications.NotificationsActivity} from uid 10674 on display 0
08-05 00:55:27.201   512  2967 D audio_hw_primary: out_set_parameters: enter: usecase(1: low-latency-playback) kvpairs: routing=2
08-05 00:55:27.205 12138 13058 I art     : Explicit concurrent mark sweep GC freed 51(1760B) AllocSpace objects, 0(0B) LOS objects, 7% free, 187MB/203MB, paused 2.091ms total 78.655ms
08-05 00:55:27.215   512  2967 D audio_hw_primary: select_devices: out_snd_device(2: speaker) in_snd_device(0: none)
08-05 00:55:27.215   512  2967 D msm8974_platform: platform_send_audio_calibration: sending audio calibration for snd_device(2) acdb_id(15)
08-05 00:55:27.216   512  2967 I soundtrigger: audio_extn_sound_trigger_update_device_status: device 0x2 of type 0 for Event 1
08-05 00:55:27.228   512  2967 D audio_hw_primary: enable_snd_device: snd_device(2: speaker)
08-05 00:55:27.230   512  2967 D audio_hw_primary: enable_audio_route: apply and update mixer path: low-latency-playback speaker
08-05 00:55:27.235 12138 13058 I art     : Starting a blocking GC Explicit
08-05 00:55:27.239 12138 12205 D Gabe    : call	returning from cache
08-05 00:55:27.244 12138 12138 V EXECUTING: https://project-travel-mate.herokuapp.com/api/get-notifications
08-05 00:55:27.247 12138 12138 V EXECUTING: https://project-travel-mate.herokuapp.com/api/get-notifications
08-05 00:55:27.298 12138 13058 I art     : Explicit concurrent mark sweep GC freed 1419(92KB) AllocSpace objects, 0(0B) LOS objects, 7% free, 187MB/203MB, paused 2.722ms total 62.664ms
08-05 00:55:27.319 12138 13058 I art     : Starting a blocking GC Explicit
08-05 00:55:27.389 12138 13058 I art     : Explicit concurrent mark sweep GC freed 841(35KB) AllocSpace objects, 0(0B) LOS objects, 7% free, 191MB/207MB, paused 1.991ms total 69.643ms
08-05 00:55:27.400   918   936 I ActivityManager: Displayed baseline.io.github.project_travel_mate/.notifications.NotificationsActivity: +188ms
08-05 00:55:27.403 13866 13866 I GoogleInputMethodServic: GoogleInputMethodService.onFinishInput():3138 
08-05 00:55:27.404 13866 13866 I GoogleInputMethodServic: GoogleInputMethodService.onStartInput():1808 
08-05 00:55:27.411 12138 13058 I art     : Starting a blocking GC Explicit
08-05 00:55:27.485 12138 13058 I art     : Explicit concurrent mark sweep GC freed 224(7KB) AllocSpace objects, 0(0B) LOS objects, 7% free, 191MB/207MB, paused 2.005ms total 73.817ms
08-05 00:55:27.486 12138 12148 I art     : WaitForGcToComplete blocked for 39.036ms for cause HeapTrim
08-05 00:55:27.488 12138 12154 D OpenGLRenderer: endAllStagingAnimators on 0x7f7a4dc400 (RippleDrawable) with handle 0x7f79d2b200
08-05 00:55:27.649   380   380 W SurfaceFlinger: couldn't log to binary event log: overflow.
08-05 00:55:27.761   512  2967 D audio_hw_primary: disable_audio_route: reset and update mixer path: low-latency-playback speaker
08-05 00:55:27.763   512  2967 D audio_hw_primary: disable_snd_device: snd_device(2: speaker)
08-05 00:55:27.773   512  2967 I soundtrigger: audio_extn_sound_trigger_update_device_status: device 0x2 of type 0 for Event 0
08-05 00:55:27.901 12138 12418 I art     : Starting a blocking GC Explicit
08-05 00:55:27.974 12138 12418 I art     : Explicit concurrent mark sweep GC freed 7598(375KB) AllocSpace objects, 8(448KB) LOS objects, 7% free, 192MB/208MB, paused 2.703ms total 72.628ms
08-05 00:55:27.995 12138 12418 I art     : Starting a blocking GC Explicit
08-05 00:55:28.023 12138 15097 I NAPPA_EXPERIMENTATION: MetricNetworkRequestExecutionTime: REQUEST_DURATION_SYSTEM='778',REQUEST_DURATION_OKHTTP='61',REQUEST_SYNCHRONOUS='FALSE',RESPONSE_CODE='200',RESPONSE_METHOD='GET',RESPONSE_LENGTH_OKHTTP='2',RESPONSE_LENGTH_HEADER='2',REQUEST_PROTOCOL='http/1.1',REQUEST_URL='https://project-travel-mate.herokuapp.com/api/get-notifications',
08-05 00:55:28.025 12138 15098 I NAPPA_EXPERIMENTATION: MetricNetworkRequestExecutionTime: REQUEST_DURATION_SYSTEM='777',REQUEST_DURATION_OKHTTP='65',REQUEST_SYNCHRONOUS='FALSE',RESPONSE_CODE='200',RESPONSE_METHOD='GET',RESPONSE_LENGTH_OKHTTP='2',RESPONSE_LENGTH_HEADER='2',REQUEST_PROTOCOL='http/1.1',REQUEST_URL='https://project-travel-mate.herokuapp.com/api/get-notifications',
08-05 00:55:28.064 12138 12418 I art     : Explicit concurrent mark sweep GC freed 2315(258KB) AllocSpace objects, 0(0B) LOS objects, 7% free, 192MB/208MB, paused 1.966ms total 68.710ms
08-05 00:55:28.086 12138 12418 I art     : Starting a blocking GC Explicit
08-05 00:55:28.117 12138 12138 V Response: [] 
08-05 00:55:28.122 12138 12205 D Gabe    : call	returning from cache
08-05 00:55:28.122 12138 12138 V Response: [] 
08-05 00:55:28.126 12138 12205 D Gabe    : call	returning from cache
08-05 00:55:28.155 12138 12418 I art     : Explicit concurrent mark sweep GC freed 702(24KB) AllocSpace objects, 0(0B) LOS objects, 7% free, 192MB/208MB, paused 2.139ms total 69.575ms
08-05 00:55:28.177 12138 12418 I art     : Starting a blocking GC Explicit
08-05 00:55:28.244 12138 12418 I art     : Explicit concurrent mark sweep GC freed 1839(64KB) AllocSpace objects, 1(188KB) LOS objects, 7% free, 192MB/208MB, paused 1.613ms total 67.203ms
08-05 00:55:28.266 12138 12418 I art     : Starting a blocking GC Explicit
08-05 00:55:28.333 12138 12418 I art     : Explicit concurrent mark sweep GC freed 1896(67KB) AllocSpace objects, 0(0B) LOS objects, 7% free, 192MB/208MB, paused 1.633ms total 66.805ms
08-05 00:55:28.732 12138 12150 I art     : Starting a blocking GC Explicit
08-05 00:55:28.800 12138 12150 I art     : Explicit concurrent mark sweep GC freed 3711(129KB) AllocSpace objects, 2(48KB) LOS objects, 7% free, 192MB/208MB, paused 1.725ms total 68.228ms
08-05 00:55:28.823 12138 12150 I art     : Starting a blocking GC Explicit
08-05 00:55:28.852 11377 11536 E GoogleConversionReporter: Error sending ping
08-05 00:55:28.852 11377 11536 E GoogleConversionReporter: bljc: Exception in CronetUrlRequest: net::ERR_CONNECTION_CLOSED, ErrorCode=5, InternalErrorCode=-100, Retryable=true
08-05 00:55:28.852 11377 11536 E GoogleConversionReporter: 	at org.chromium.net.impl.CronetUrlRequest.onError(PG:55)
08-05 00:55:28.891 12138 12150 I art     : Explicit concurrent mark sweep GC freed 587(17KB) AllocSpace objects, 0(0B) LOS objects, 7% free, 192MB/208MB, paused 1.844ms total 67.606ms
08-05 00:55:28.913 12138 12150 I art     : Starting a blocking GC Explicit
08-05 00:55:28.978 12138 12150 I art     : Explicit concurrent mark sweep GC freed 379(6KB) AllocSpace objects, 0(0B) LOS objects, 7% free, 192MB/208MB, paused 1.697ms total 65.058ms
08-05 00:55:28.999 12138 12150 I art     : Starting a blocking GC Explicit
08-05 00:55:29.064 12138 12150 I art     : Explicit concurrent mark sweep GC freed 422(7KB) AllocSpace objects, 0(0B) LOS objects, 7% free, 192MB/208MB, paused 1.591ms total 64.912ms
08-05 00:55:29.085 12138 12150 I art     : Starting a blocking GC Explicit
08-05 00:55:29.151 12138 12150 I art     : Explicit concurrent mark sweep GC freed 359(5KB) AllocSpace objects, 0(0B) LOS objects, 7% free, 192MB/208MB, paused 1.710ms total 65.496ms
08-05 00:55:29.571 12138 12150 I art     : Starting a blocking GC Explicit
08-05 00:55:29.639 12138 12150 I art     : Explicit concurrent mark sweep GC freed 3638(124KB) AllocSpace objects, 2(48KB) LOS objects, 7% free, 192MB/208MB, paused 2.015ms total 67.613ms
08-05 00:55:29.660 12138 12150 I art     : Starting a blocking GC Explicit
08-05 00:55:29.728 12138 12150 I art     : Explicit concurrent mark sweep GC freed 443(8KB) AllocSpace objects, 0(0B) LOS objects, 7% free, 192MB/208MB, paused 1.661ms total 67.317ms
08-05 00:55:29.749 12138 12150 I art     : Starting a blocking GC Explicit
08-05 00:55:29.817 12138 12150 I art     : Explicit concurrent mark sweep GC freed 375(6KB) AllocSpace objects, 0(0B) LOS objects, 7% free, 192MB/208MB, paused 1.582ms total 67.495ms
08-05 00:55:29.838 12138 12150 I art     : Starting a blocking GC Explicit
08-05 00:55:29.908 12138 12150 I art     : Explicit concurrent mark sweep GC freed 438(7KB) AllocSpace objects, 0(0B) LOS objects, 7% free, 192MB/208MB, paused 1.874ms total 69.693ms
08-05 00:55:29.930 12138 12150 I art     : Starting a blocking GC Explicit
08-05 00:55:30.000 12138 12150 I art     : Explicit concurrent mark sweep GC freed 353(5KB) AllocSpace objects, 0(0B) LOS objects, 7% free, 192MB/208MB, paused 1.653ms total 68.951ms
08-05 00:55:30.429 12138 12418 I art     : Starting a blocking GC Explicit
08-05 00:55:30.498 12138 12418 I art     : Explicit concurrent mark sweep GC freed 3739(127KB) AllocSpace objects, 2(48KB) LOS objects, 7% free, 192MB/208MB, paused 1.617ms total 69.429ms
08-05 00:55:30.521 12138 12418 I art     : Starting a blocking GC Explicit
08-05 00:55:30.587 12138 12418 I art     : Explicit concurrent mark sweep GC freed 388(7KB) AllocSpace objects, 0(0B) LOS objects, 7% free, 192MB/208MB, paused 1.641ms total 65.309ms
08-05 00:55:30.608 12138 12418 I art     : Starting a blocking GC Explicit
08-05 00:55:30.675 12138 12418 I art     : Explicit concurrent mark sweep GC freed 412(6KB) AllocSpace objects, 0(0B) LOS objects, 7% free, 192MB/208MB, paused 1.943ms total 67.035ms
08-05 00:55:30.697 12138 12418 I art     : Starting a blocking GC Explicit
08-05 00:55:30.763 12138 12418 I art     : Explicit concurrent mark sweep GC freed 364(5KB) AllocSpace objects, 0(0B) LOS objects, 7% free, 192MB/208MB, paused 1.562ms total 65.658ms
08-05 00:55:30.785 12138 12418 I art     : Starting a blocking GC Explicit
08-05 00:55:30.851 12138 12418 I art     : Explicit concurrent mark sweep GC freed 352(5KB) AllocSpace objects, 0(0B) LOS objects, 7% free, 192MB/208MB, paused 1.585ms total 66.264ms
08-05 00:55:31.271 12138 12149 I art     : Starting a blocking GC Explicit
08-05 00:55:31.343 12138 12149 I art     : Explicit concurrent mark sweep GC freed 3721(126KB) AllocSpace objects, 2(48KB) LOS objects, 7% free, 192MB/208MB, paused 1.827ms total 71.812ms
08-05 00:55:31.364 12138 12149 I art     : Starting a blocking GC Explicit
08-05 00:55:31.430 12138 12149 I art     : Explicit concurrent mark sweep GC freed 387(6KB) AllocSpace objects, 0(0B) LOS objects, 7% free, 192MB/208MB, paused 1.653ms total 65.329ms
08-05 00:55:31.452 12138 12149 I art     : Starting a blocking GC Explicit
08-05 00:55:31.517 12138 12149 I art     : Explicit concurrent mark sweep GC freed 364(6KB) AllocSpace objects, 0(0B) LOS objects, 7% free, 192MB/208MB, paused 1.533ms total 64.848ms
08-05 00:55:31.538 12138 12149 I art     : Starting a blocking GC Explicit
08-05 00:55:31.605 12138 12149 I art     : Explicit concurrent mark sweep GC freed 364(5KB) AllocSpace objects, 0(0B) LOS objects, 7% free, 192MB/208MB, paused 1.753ms total 66.923ms
08-05 00:55:31.626 12138 12149 I art     : Starting a blocking GC Explicit
08-05 00:55:31.693 12138 12149 I art     : Explicit concurrent mark sweep GC freed 414(7KB) AllocSpace objects, 0(0B) LOS objects, 7% free, 192MB/208MB, paused 1.910ms total 66.556ms
08-05 00:55:31.917 15153 15153 D AndroidRuntime: >>>>>> START com.android.internal.os.RuntimeInit uid 2000 <<<<<<
08-05 00:55:31.922 15153 15153 D AndroidRuntime: CheckJNI is OFF
08-05 00:55:31.962 15153 15153 D ICU     : No timezone override file found: /data/misc/zoneinfo/current/icu/icu_tzdata.dat
08-05 00:55:32.000 15153 15153 I Radio-JNI: register_android_hardware_Radio DONE
08-05 00:55:32.027 15153 15153 D AndroidRuntime: Calling main entry com.android.commands.input.Input
08-05 00:55:32.029 15153 15153 I Input   : injectKeyEvent: KeyEvent { action=ACTION_DOWN, keyCode=KEYCODE_BACK, scanCode=0, metaState=0, flags=0x0, repeatCount=0, eventTime=752148442, downTime=752148442, deviceId=-1, source=0x101 }
08-05 00:55:32.034 15153 15153 I Input   : injectKeyEvent: KeyEvent { action=ACTION_UP, keyCode=KEYCODE_BACK, scanCode=0, metaState=0, flags=0x0, repeatCount=0, eventTime=752148442, downTime=752148442, deviceId=-1, source=0x101 }
08-05 00:55:32.049 15153 15153 D AndroidRuntime: Shutting down VM
08-05 00:55:32.057 12138 12138 V MainActivity: url = https://project-travel-mate.herokuapp.com/api/number-of-unread-notifications
08-05 00:55:32.092 13866 13866 I GoogleInputMethodServic: GoogleInputMethodService.onFinishInput():3138 
08-05 00:55:32.093 13866 13866 I GoogleInputMethodServic: GoogleInputMethodService.onStartInput():1808 
08-05 00:55:32.103 12138 12150 I art     : Starting a blocking GC Explicit
08-05 00:55:32.172 12138 12150 I art     : Explicit concurrent mark sweep GC freed 3889(143KB) AllocSpace objects, 2(48KB) LOS objects, 7% free, 192MB/208MB, paused 1.707ms total 69.347ms
08-05 00:55:32.194 12138 12150 I art     : Starting a blocking GC Explicit
08-05 00:55:32.265 12138 12150 I art     : Explicit concurrent mark sweep GC freed 311(16KB) AllocSpace objects, 0(0B) LOS objects, 7% free, 192MB/208MB, paused 1.773ms total 71.118ms
08-05 00:55:32.289 12138 12150 I art     : Starting a blocking GC Explicit
08-05 00:55:32.376 12138 12150 I art     : Explicit concurrent mark sweep GC freed 84(2272B) AllocSpace objects, 0(0B) LOS objects, 7% free, 192MB/208MB, paused 1.644ms total 86.776ms
08-05 00:55:32.386   380   380 W SurfaceFlinger: couldn't log to binary event log: overflow.
08-05 00:55:32.399 12138 12150 I art     : Starting a blocking GC Explicit
08-05 00:55:32.476 12138 12150 I art     : Explicit concurrent mark sweep GC freed 39(1376B) AllocSpace objects, 1(4MB) LOS objects, 7% free, 187MB/203MB, paused 1.954ms total 75.968ms
08-05 00:55:32.499 12138 12150 I art     : Starting a blocking GC Explicit
08-05 00:55:32.581 12138 12150 I art     : Explicit concurrent mark sweep GC freed 3728(177KB) AllocSpace objects, 2(56KB) LOS objects, 7% free, 187MB/203MB, paused 2.106ms total 81.724ms
08-05 00:55:32.810   518   646 I ThermalEngine: ACTION: GPU - Setting GPU[0] to 390000000
08-05 00:55:32.868  5347  5349 E QC-QMI  : qmi_client [5347] 536: failed to locate client data
08-05 00:55:32.869   519   519 E QC-QMI  : qmuxd: RX on fd=18 returned error=0 errno[2:No such file or directory]
08-05 00:55:32.869   519   519 E QC-QMI  : QMUX qmux_client_id=536 not found in qmux client list, unable to remove
08-05 00:55:32.871  5347  5347 I Atfwd_Daemon: Stop the daemon....
08-05 00:55:32.879 15190 15190 W ATFWD-daemon: type=1400 audit(0.0:739194): avc: denied { read write } for name="diag" dev="tmpfs" ino=1296 scontext=u:r:atfwd:s0 tcontext=u:object_r:diag_device:s0 tclass=chr_file permissive=0
08-05 00:55:32.895 15190 15190 I libmdmdetect: ESOC framework not supported
08-05 00:55:32.895 15190 15190 I libmdmdetect: Found internal modem: modem
08-05 00:55:32.896 15190 15190 E Diag_Lib:  Diag_LSM_Init: Failed to open handle to diag driver, error = 13
08-05 00:55:32.901 15190 15190 I Atfwd_Daemon: result : 255 	 ,Init step :0 	 ,qmiErrorCode: 0
08-05 00:55:32.901 15190 15190 I Atfwd_Daemon: result : 0 	 ,Init step :1 	 ,qmiErrorCode: 0
08-05 00:55:32.902 15190 15190 I ServiceManager: Waiting for service AtCmdFwd...
08-05 00:55:32.910 12138 15176 I NAPPA_EXPERIMENTATION: MetricNetworkRequestExecutionTime: REQUEST_DURATION_SYSTEM='852',REQUEST_DURATION_OKHTTP='37',REQUEST_SYNCHRONOUS='FALSE',RESPONSE_CODE='200',RESPONSE_METHOD='GET',RESPONSE_LENGTH_OKHTTP='36',RESPONSE_LENGTH_HEADER='36',REQUEST_PROTOCOL='http/1.1',REQUEST_URL='https://project-travel-mate.herokuapp.com/api/number-of-unread-notifications',
08-05 00:55:33.049 12138 12418 I art     : Starting a blocking GC Explicit
08-05 00:55:33.165 12138 12418 I art     : Explicit concurrent mark sweep GC freed 4436(241KB) AllocSpace objects, 5(248KB) LOS objects, 7% free, 187MB/203MB, paused 3.401ms total 114.685ms
08-05 00:55:33.199 12138 12418 I art     : Starting a blocking GC Explicit
08-05 00:55:33.290 12138 12418 I art     : Explicit concurrent mark sweep GC freed 962(117KB) AllocSpace objects, 0(0B) LOS objects, 7% free, 187MB/203MB, paused 2.811ms total 91.075ms
08-05 00:55:33.326 12138 12418 I art     : Starting a blocking GC Explicit
08-05 00:55:33.353   918   927 I art     : Background sticky concurrent mark sweep GC freed 77759(7MB) AllocSpace objects, 174(4MB) LOS objects, 13% free, 72MB/84MB, paused 2.160ms total 156.363ms
08-05 00:55:33.406 12138 12418 I art     : Explicit concurrent mark sweep GC freed 14(720B) AllocSpace objects, 0(0B) LOS objects, 7% free, 187MB/203MB, paused 2.344ms total 79.785ms
08-05 00:55:33.436 12138 12418 I art     : Starting a blocking GC Explicit
08-05 00:55:33.530 12138 12418 I art     : Explicit concurrent mark sweep GC freed 14(672B) AllocSpace objects, 0(0B) LOS objects, 7% free, 187MB/203MB, paused 2.735ms total 93.631ms
08-05 00:55:33.562 12138 12418 I art     : Starting a blocking GC Explicit
08-05 00:55:33.653 12138 12418 I art     : Explicit concurrent mark sweep GC freed 15(544B) AllocSpace objects, 0(0B) LOS objects, 7% free, 187MB/203MB, paused 2.638ms total 91.362ms
08-05 00:55:33.902 15190 15190 I ServiceManager: Waiting for service AtCmdFwd...
08-05 00:55:33.925 15194 15194 D AndroidRuntime: >>>>>> START com.android.internal.os.RuntimeInit uid 2000 <<<<<<
08-05 00:55:33.931 15194 15194 D AndroidRuntime: CheckJNI is OFF
08-05 00:55:33.985 15194 15194 D ICU     : No timezone override file found: /data/misc/zoneinfo/current/icu/icu_tzdata.dat
08-05 00:55:34.030 15194 15194 I Radio-JNI: register_android_hardware_Radio DONE
08-05 00:55:34.062 15194 15194 D AndroidRuntime: Calling main entry com.android.commands.input.Input
08-05 00:55:34.065 15194 15194 I Input   : injectMotionEvent: MotionEvent { action=ACTION_DOWN, actionButton=0, id[0]=0, x[0]=117.0, y[0]=170.0, toolType[0]=TOOL_TYPE_UNKNOWN, buttonState=0, metaState=0, flags=0x0, edgeFlags=0x0, pointerCount=1, historySize=0, eventTime=752150477, downTime=752150477, deviceId=0, source=0x1002 }
08-05 00:55:34.070 15194 15194 I Input   : injectMotionEvent: MotionEvent { action=ACTION_UP, actionButton=0, id[0]=0, x[0]=117.0, y[0]=170.0, toolType[0]=TOOL_TYPE_UNKNOWN, buttonState=0, metaState=0, flags=0x0, edgeFlags=0x0, pointerCount=1, historySize=0, eventTime=752150477, downTime=752150477, deviceId=0, source=0x1002 }
08-05 00:55:34.074 15194 15194 D AndroidRuntime: Shutting down VM
08-05 00:55:34.097   512  2967 D audio_hw_primary: out_set_parameters: enter: usecase(1: low-latency-playback) kvpairs: routing=2
08-05 00:55:34.111   512  2967 D audio_hw_primary: select_devices: out_snd_device(2: speaker) in_snd_device(0: none)
08-05 00:55:34.111   512  2967 D msm8974_platform: platform_send_audio_calibration: sending audio calibration for snd_device(2) acdb_id(15)
08-05 00:55:34.111   512  2967 I soundtrigger: audio_extn_sound_trigger_update_device_status: device 0x2 of type 0 for Event 1
08-05 00:55:34.127   512  2967 D audio_hw_primary: enable_snd_device: snd_device(2: speaker)
08-05 00:55:34.129   512  2967 D audio_hw_primary: enable_audio_route: apply and update mixer path: low-latency-playback speaker
08-05 00:55:34.155 12138 12159 I art     : Starting a blocking GC Explicit
08-05 00:55:34.260 12138 12159 I art     : Explicit concurrent mark sweep GC freed 2036(113KB) AllocSpace objects, 2(48KB) LOS objects, 7% free, 187MB/203MB, paused 3.200ms total 104.535ms
08-05 00:55:34.296 12138 12159 I art     : Starting a blocking GC Explicit
08-05 00:55:34.389 12138 12159 I art     : Explicit concurrent mark sweep GC freed 52(2112B) AllocSpace objects, 0(0B) LOS objects, 7% free, 187MB/203MB, paused 2.795ms total 92.568ms
08-05 00:55:34.419 12138 12159 I art     : Starting a blocking GC Explicit
08-05 00:55:34.506 12138 12159 I art     : Explicit concurrent mark sweep GC freed 7(256B) AllocSpace objects, 0(0B) LOS objects, 7% free, 187MB/203MB, paused 2.788ms total 86.093ms
08-05 00:55:34.536 12138 12159 I art     : Starting a blocking GC Explicit
08-05 00:55:34.626 12138 12159 I art     : Explicit concurrent mark sweep GC freed 25(1104B) AllocSpace objects, 0(0B) LOS objects, 7% free, 187MB/203MB, paused 2.550ms total 89.207ms
08-05 00:55:34.656 12138 12159 I art     : Starting a blocking GC Explicit
08-05 00:55:34.669   512  2967 D audio_hw_primary: disable_audio_route: reset and update mixer path: low-latency-playback speaker
08-05 00:55:34.670   512  2967 D audio_hw_primary: disable_snd_device: snd_device(2: speaker)
08-05 00:55:34.683   512  2967 I soundtrigger: audio_extn_sound_trigger_update_device_status: device 0x2 of type 0 for Event 0
08-05 00:55:34.746 12138 12159 I art     : Explicit concurrent mark sweep GC freed 13(416B) AllocSpace objects, 0(0B) LOS objects, 7% free, 187MB/203MB, paused 2.463ms total 89.223ms
08-05 00:55:34.811   518   646 I ThermalEngine: ACTION: GPU - Setting GPU[0] to 450000000
08-05 00:55:34.903 15190 15190 I ServiceManager: Waiting for service AtCmdFwd...
08-05 00:55:34.927 15217 15217 D AndroidRuntime: >>>>>> START com.android.internal.os.RuntimeInit uid 2000 <<<<<<
08-05 00:55:34.933 15217 15217 D AndroidRuntime: CheckJNI is OFF
08-05 00:55:34.975 15217 15217 D ICU     : No timezone override file found: /data/misc/zoneinfo/current/icu/icu_tzdata.dat
08-05 00:55:35.018 15217 15217 I Radio-JNI: register_android_hardware_Radio DONE
08-05 00:55:35.046 15217 15217 D AndroidRuntime: Calling main entry com.android.commands.input.Input
08-05 00:55:35.048 15217 15217 I Input   : injectMotionEvent: MotionEvent { action=ACTION_DOWN, actionButton=0, id[0]=0, x[0]=418.0, y[0]=842.0, toolType[0]=TOOL_TYPE_UNKNOWN, buttonState=0, metaState=0, flags=0x0, edgeFlags=0x0, pointerCount=1, historySize=0, eventTime=752151460, downTime=752151460, deviceId=0, source=0x1002 }
08-05 00:55:35.051 15217 15217 I Input   : injectMotionEvent: MotionEvent { action=ACTION_UP, actionButton=0, id[0]=0, x[0]=418.0, y[0]=842.0, toolType[0]=TOOL_TYPE_UNKNOWN, buttonState=0, metaState=0, flags=0x0, edgeFlags=0x0, pointerCount=1, historySize=0, eventTime=752151460, downTime=752151460, deviceId=0, source=0x1002 }
08-05 00:55:35.053 15217 15217 D AndroidRuntime: Shutting down VM
08-05 00:55:35.060   512  2967 D audio_hw_primary: out_set_parameters: enter: usecase(1: low-latency-playback) kvpairs: routing=2
08-05 00:55:35.064 12138 12205 D Gabe    : call	returning from cache
08-05 00:55:35.073   512  2967 D audio_hw_primary: select_devices: out_snd_device(2: speaker) in_snd_device(0: none)
08-05 00:55:35.073   512  2967 D msm8974_platform: platform_send_audio_calibration: sending audio calibration for snd_device(2) acdb_id(15)
08-05 00:55:35.074   512  2967 I soundtrigger: audio_extn_sound_trigger_update_device_status: device 0x2 of type 0 for Event 1
08-05 00:55:35.086   512  2967 D audio_hw_primary: enable_snd_device: snd_device(2: speaker)
08-05 00:55:35.088   512  2967 D audio_hw_primary: enable_audio_route: apply and update mixer path: low-latency-playback speaker
08-05 00:55:35.091 12138 12138 V MainActivity: url = https://project-travel-mate.herokuapp.com/api/number-of-unread-notifications
08-05 00:55:35.134   512  2967 D AudioFlinger: mixer(0xf4740000) throttle end: throttle time(12)
08-05 00:55:35.164 12138 12150 I art     : Starting a blocking GC Explicit
08-05 00:55:35.245 12138 12150 I art     : Explicit concurrent mark sweep GC freed 3150(188KB) AllocSpace objects, 2(48KB) LOS objects, 7% free, 187MB/203MB, paused 2.517ms total 80.359ms
08-05 00:55:35.271 12138 12150 I art     : Starting a blocking GC Explicit
08-05 00:55:35.351 12138 12150 I art     : Explicit concurrent mark sweep GC freed 1032(59KB) AllocSpace objects, 0(0B) LOS objects, 7% free, 188MB/204MB, paused 2.557ms total 79.544ms
08-05 00:55:35.374 12138 12150 I art     : Starting a blocking GC Explicit
08-05 00:55:35.457 12138 12150 I art     : Explicit concurrent mark sweep GC freed 385(26KB) AllocSpace objects, 0(0B) LOS objects, 7% free, 188MB/204MB, paused 2.487ms total 82.188ms
08-05 00:55:35.480 12138 12150 I art     : Starting a blocking GC Explicit
08-05 00:55:35.561 12138 12150 I art     : Explicit concurrent mark sweep GC freed 400(31KB) AllocSpace objects, 0(0B) LOS objects, 7% free, 188MB/204MB, paused 2.647ms total 80.873ms
08-05 00:55:35.584 12138 12150 I art     : Starting a blocking GC Explicit
08-05 00:55:35.630   512  2967 D audio_hw_primary: disable_audio_route: reset and update mixer path: low-latency-playback speaker
08-05 00:55:35.631   512  2967 D audio_hw_primary: disable_snd_device: snd_device(2: speaker)
08-05 00:55:35.635 12138 12138 I Choreographer: Skipped 31 frames!  The application may be doing too much work on its main thread.
08-05 00:55:35.638   512  2967 I soundtrigger: audio_extn_sound_trigger_update_device_status: device 0x2 of type 0 for Event 0
08-05 00:55:35.670 12138 12150 I art     : Explicit concurrent mark sweep GC freed 1886(65KB) AllocSpace objects, 0(0B) LOS objects, 7% free, 188MB/204MB, paused 2.611ms total 85.484ms
08-05 00:55:35.903 15190 15190 I ServiceManager: Waiting for service AtCmdFwd...
08-05 00:55:35.979 12138 15239 I NAPPA_EXPERIMENTATION: MetricNetworkRequestExecutionTime: REQUEST_DURATION_SYSTEM='887',REQUEST_DURATION_OKHTTP='35',REQUEST_SYNCHRONOUS='FALSE',RESPONSE_CODE='200',RESPONSE_METHOD='GET',RESPONSE_LENGTH_OKHTTP='36',RESPONSE_LENGTH_HEADER='36',REQUEST_PROTOCOL='http/1.1',REQUEST_URL='https://project-travel-mate.herokuapp.com/api/number-of-unread-notifications',
08-05 00:55:36.087 12138 12418 I art     : Starting a blocking GC Explicit
08-05 00:55:36.180 12138 12418 I art     : Explicit concurrent mark sweep GC freed 7199(366KB) AllocSpace objects, 14(516KB) LOS objects, 7% free, 188MB/204MB, paused 2.037ms total 92.222ms
08-05 00:55:36.206 12138 12418 I art     : Starting a blocking GC Explicit
08-05 00:55:36.287 12138 12418 I art     : Explicit concurrent mark sweep GC freed 1226(123KB) AllocSpace objects, 0(0B) LOS objects, 7% free, 188MB/204MB, paused 1.696ms total 80.770ms
08-05 00:55:36.309 12138 12418 I art     : Starting a blocking GC Explicit
08-05 00:55:36.391 12138 12418 I art     : Explicit concurrent mark sweep GC freed 158(3KB) AllocSpace objects, 0(0B) LOS objects, 7% free, 188MB/204MB, paused 1.879ms total 81.338ms
08-05 00:55:36.415 12138 12418 I art     : Starting a blocking GC Explicit
08-05 00:55:36.498 12138 12418 I art     : Explicit concurrent mark sweep GC freed 182(3KB) AllocSpace objects, 0(0B) LOS objects, 7% free, 188MB/204MB, paused 1.947ms total 82.537ms
08-05 00:55:36.521 12138 12418 I art     : Starting a blocking GC Explicit
08-05 00:55:36.608 12138 12418 I art     : Explicit concurrent mark sweep GC freed 154(2832B) AllocSpace objects, 0(0B) LOS objects, 7% free, 188MB/204MB, paused 1.872ms total 86.253ms
08-05 00:55:36.904 15190 15190 I ServiceManager: Waiting for service AtCmdFwd...
08-05 00:55:37.037 12138 12149 I art     : Starting a blocking GC Explicit
08-05 00:55:37.131 12138 12149 I art     : Explicit concurrent mark sweep GC freed 2424(106KB) AllocSpace objects, 2(64KB) LOS objects, 7% free, 188MB/204MB, paused 2.201ms total 93.348ms
08-05 00:55:37.155 12138 12149 I art     : Starting a blocking GC Explicit
08-05 00:55:37.246 12138 12149 I art     : Explicit concurrent mark sweep GC freed 178(3KB) AllocSpace objects, 0(0B) LOS objects, 7% free, 188MB/204MB, paused 2.106ms total 90.388ms
08-05 00:55:37.270 12138 12149 I art     : Starting a blocking GC Explicit
08-05 00:55:37.356 12138 12149 I art     : Explicit concurrent mark sweep GC freed 168(2848B) AllocSpace objects, 0(0B) LOS objects, 7% free, 188MB/204MB, paused 1.721ms total 85.348ms
08-05 00:55:37.380 12138 12149 I art     : Starting a blocking GC Explicit
08-05 00:55:37.447   918  3261 D WifiStateMachine: starting scan for "H369AA63323"WPA_PSK with 2412,5180
08-05 00:55:37.458 12138 12149 I art     : Explicit concurrent mark sweep GC freed 147(2496B) AllocSpace objects, 0(0B) LOS objects, 7% free, 188MB/204MB, paused 1.833ms total 78.233ms
08-05 00:55:37.481 12138 12149 I art     : Starting a blocking GC Explicit
08-05 00:55:37.565 12138 12149 I art     : Explicit concurrent mark sweep GC freed 167(2816B) AllocSpace objects, 0(0B) LOS objects, 7% free, 188MB/204MB, paused 2.076ms total 83.751ms
08-05 00:55:37.899 15265 15265 D AndroidRuntime: >>>>>> START com.android.internal.os.RuntimeInit uid 2000 <<<<<<
08-05 00:55:37.904 15190 15190 W Atfwd_Sendcmd: AtCmdFwd service not published, waiting... retryCnt : 1
08-05 00:55:37.905 15265 15265 D AndroidRuntime: CheckJNI is OFF
08-05 00:55:37.948 15265 15265 D ICU     : No timezone override file found: /data/misc/zoneinfo/current/icu/icu_tzdata.dat
08-05 00:55:38.001 15265 15265 I Radio-JNI: register_android_hardware_Radio DONE
08-05 00:55:38.016 12138 12418 I art     : Starting a blocking GC Explicit
08-05 00:55:38.031 15265 15265 D AndroidRuntime: Calling main entry com.android.commands.am.Am
08-05 00:55:38.041 24044 24044 I Trepn   : Trepn 6.2s: Received intent: com.quicinc.trepn.stop_profiling
08-05 00:55:38.091 24044 24044 I Trepn   : Trepn 6.2s: Trepn has Stopped Profiling.
08-05 00:55:38.098 12138 12418 I art     : Explicit concurrent mark sweep GC freed 2412(106KB) AllocSpace objects, 2(64KB) LOS objects, 7% free, 188MB/204MB, paused 2.425ms total 82.202ms
08-05 00:55:38.122 12138 12418 I art     : Starting a blocking GC Explicit
08-05 00:55:38.207 12138 12418 I art     : Explicit concurrent mark sweep GC freed 182(3KB) AllocSpace objects, 0(0B) LOS objects, 7% free, 188MB/204MB, paused 1.791ms total 85.249ms
08-05 00:55:38.208 12138 12148 I art     : WaitForGcToComplete blocked for 42.199ms for cause HeapTrim
08-05 00:55:38.231 12138 12418 I art     : Starting a blocking GC Explicit
08-05 00:55:38.256 15265 15265 D AndroidRuntime: Shutting down VM
08-05 00:55:38.260   918   929 W AppOps  : Finishing op nesting under-run: uid 10078 pkg com.quicinc.trepn code 24 time=0 duration=0 nesting=0
08-05 00:55:38.302 12138 12418 I art     : Explicit concurrent mark sweep GC freed 147(2496B) AllocSpace objects, 0(0B) LOS objects, 7% free, 188MB/204MB, paused 1.581ms total 71.591ms
08-05 00:55:38.325 12138 12418 I art     : Starting a blocking GC Explicit
08-05 00:55:38.406 12138 12418 I art     : Explicit concurrent mark sweep GC freed 147(2496B) AllocSpace objects, 0(0B) LOS objects, 7% free, 188MB/204MB, paused 1.883ms total 81.157ms
08-05 00:55:38.433 12138 12418 I art     : Starting a blocking GC Explicit
08-05 00:55:38.515 12138 12418 I art     : Explicit concurrent mark sweep GC freed 171(2896B) AllocSpace objects, 0(0B) LOS objects, 7% free, 188MB/204MB, paused 1.785ms total 81.536ms
08-05 00:55:38.933 12138 12150 I art     : Starting a blocking GC Explicit
08-05 00:55:39.018 12138 12150 I art     : Explicit concurrent mark sweep GC freed 2348(104KB) AllocSpace objects, 2(64KB) LOS objects, 7% free, 188MB/204MB, paused 1.909ms total 84.570ms
08-05 00:55:39.042 12138 12150 I art     : Starting a blocking GC Explicit
08-05 00:55:39.123 12138 12150 I art     : Explicit concurrent mark sweep GC freed 173(3KB) AllocSpace objects, 0(0B) LOS objects, 7% free, 188MB/204MB, paused 1.737ms total 80.360ms
08-05 00:55:39.146 12138 12150 I art     : Starting a blocking GC Explicit
08-05 00:55:39.225 12138 12150 I art     : Explicit concurrent mark sweep GC freed 147(2496B) AllocSpace objects, 0(0B) LOS objects, 7% free, 188MB/204MB, paused 1.765ms total 78.184ms
08-05 00:55:39.248 12138 12150 I art     : Starting a blocking GC Explicit
08-05 00:55:39.328 12138 12150 I art     : Explicit concurrent mark sweep GC freed 147(2496B) AllocSpace objects, 0(0B) LOS objects, 7% free, 188MB/204MB, paused 1.907ms total 79.663ms
08-05 00:55:39.351 12138 12150 I art     : Starting a blocking GC Explicit
08-05 00:55:39.430 12138 12150 I art     : Explicit concurrent mark sweep GC freed 156(2816B) AllocSpace objects, 0(0B) LOS objects, 7% free, 188MB/204MB, paused 2.069ms total 79.100ms
