--------- beginning of main
08-05 14:46:19.815  7299  7299 D AndroidRuntime: >>>>>> START com.android.internal.os.RuntimeInit uid 2000 <<<<<<
08-05 14:46:19.822  7299  7299 D AndroidRuntime: CheckJNI is OFF
08-05 14:46:19.850  7299  7299 D ICU     : No timezone override file found: /data/misc/zoneinfo/current/icu/icu_tzdata.dat
08-05 14:46:19.879  7299  7299 I Radio-JNI: register_android_hardware_Radio DONE
08-05 14:46:19.895  7299  7299 D AndroidRuntime: Calling main entry com.android.commands.monkey.Monkey
--------- beginning of system
08-05 14:46:19.911   918   931 W BroadcastQueue: Skipping deliver [background] BroadcastRecord{afcbf68 u-1 android.net.conn.CONNECTIVITY_CHANGE} to ReceiverList{7b2826 7299 (unknown name)/2000/u-1 remote:7b7605a}: process crashing
08-05 14:46:19.922   918  3359 I ActivityManager: START u0 {act=android.intent.action.MAIN cat=[android.intent.category.LAUNCHER] flg=0x10200000 cmp=baseline.io.github.project_travel_mate/.SplashActivity} from uid 2000 on display 0
08-05 14:46:19.952  7308  7308 I art     : Late-enabling -Xcheck:jni
08-05 14:46:19.955   918  6029 I ActivityManager: Start proc 7308:baseline.io.github.project_travel_mate/u0a674 for activity baseline.io.github.project_travel_mate/.SplashActivity
08-05 14:46:19.960  7299  7299 I art     : System.exit called, status: 0
08-05 14:46:19.960  7299  7299 I AndroidRuntime: VM exiting with result code 0.
08-05 14:46:20.028 16458 15483 I PBSessionCacheImpl: Deleted sessionId[72384646105454640] from persistence.
08-05 14:46:20.031 16458 16488 W SearchServiceCore: Abort, client detached.
08-05 14:46:20.032 16458 16488 I MicroDetectionState: Should stop hotword detection immediately - true
08-05 14:46:20.050  7308  7308 W System  : ClassLoader referenced unknown path: /data/app/baseline.io.github.project_travel_mate-1/lib/arm64
08-05 14:46:20.219  7308  7308 W art     : Before Android 4.1, method android.graphics.PorterDuffColorFilter androidx.vectordrawable.graphics.drawable.VectorDrawableCompat.updateTintFilter(android.graphics.PorterDuffColorFilter, android.content.res.ColorStateList, android.graphics.PorterDuff$Mode) would have incorrectly overridden the package-private method in android.graphics.drawable.Drawable
08-05 14:46:20.271  7308  7308 I art     : Rejecting re-init on previously-failed class java.lang.Class<androidx.core.view.ViewCompat$OnUnhandledKeyEventListenerWrapper>
08-05 14:46:20.272  7308  7308 I art     : Rejecting re-init on previously-failed class java.lang.Class<androidx.core.view.ViewCompat$OnUnhandledKeyEventListenerWrapper>
08-05 14:46:20.343  7308  7324 D OpenGLRenderer: Use EGL_SWAP_BEHAVIOR_PRESERVED: true
08-05 14:46:20.402  7308  7324 I Adreno  : QUALCOMM build                   : fcf4852, I1af360237c
08-05 14:46:20.402  7308  7324 I Adreno  : Build Date                       : 09/23/15
08-05 14:46:20.402  7308  7324 I Adreno  : OpenGL ES Shader Compiler Version: XE031.05.13.02
08-05 14:46:20.402  7308  7324 I Adreno  : Local Branch                     : mybranch14465806
08-05 14:46:20.402  7308  7324 I Adreno  : Remote Branch                    : quic/LA.BF64.1.2.9_v2
08-05 14:46:20.402  7308  7324 I Adreno  : Remote Branch                    : NONE
08-05 14:46:20.402  7308  7324 I Adreno  : Reconstruct Branch               : NOTHING
08-05 14:46:20.415  7308  7324 I OpenGLRenderer: Initialized EGL, version 1.4
08-05 14:46:20.556   918   936 I ActivityManager: Displayed baseline.io.github.project_travel_mate/.SplashActivity: +626ms
08-05 14:46:20.564 13866 13866 I GoogleInputMethodServic: GoogleInputMethodService.onFinishInput():3138 
08-05 14:46:20.567 13866 13866 I GoogleInputMethodServic: GoogleInputMethodService.onStartInput():1808 
08-05 14:46:20.989   918  3188 I hubconnection: sensorhub said: 'set_bias 3: -6.2112, 0.0000, 0.0000'
08-05 14:46:21.442  7339  7339 D AndroidRuntime: >>>>>> START com.android.internal.os.RuntimeInit uid 2000 <<<<<<
08-05 14:46:21.446  7339  7339 D AndroidRuntime: CheckJNI is OFF
08-05 14:46:21.474  7339  7339 D ICU     : No timezone override file found: /data/misc/zoneinfo/current/icu/icu_tzdata.dat
08-05 14:46:21.505  7339  7339 I Radio-JNI: register_android_hardware_Radio DONE
08-05 14:46:21.521  7339  7339 D AndroidRuntime: Calling main entry com.android.commands.am.Am
08-05 14:46:21.527 16924 16924 I Trepn   : Trepn 6.2s: Received intent: com.quicinc.trepn.start_profiling
08-05 14:46:21.626 16924 16924 W FileUtils: Failed to chmod(/storage/emulated/0/trepn/Trepn_2020.08.05_144621.db): android.system.ErrnoException: chmod failed: EPERM (Operation not permitted)
08-05 14:46:21.895 16924 16924 I Trepn   : Trepn 6.2s: Trepn has Started Profiling.
08-05 14:46:21.897  7339  7339 D AndroidRuntime: Shutting down VM
08-05 14:46:22.387  7308  7322 I art     : Starting a blocking GC Explicit
08-05 14:46:22.445   918   929 I ActivityManager: START u0 {cmp=baseline.io.github.project_travel_mate/.MainActivity} from uid 10674 on display 0
08-05 14:46:22.460  7308  7322 I art     : Explicit concurrent mark sweep GC freed 61012(3MB) AllocSpace objects, 2(40KB) LOS objects, 40% free, 20MB/34MB, paused 550us total 73.037ms
08-05 14:46:22.488  7308  7322 I art     : Starting a blocking GC Explicit
08-05 14:46:22.534  7308  7322 I art     : Explicit concurrent mark sweep GC freed 2447(173KB) AllocSpace objects, 0(0B) LOS objects, 40% free, 20MB/34MB, paused 970us total 46.365ms
08-05 14:46:22.548  7308  7322 I art     : Starting a blocking GC Explicit
08-05 14:46:22.586  7308  7322 W art     : Suspending all threads took: 7.737ms
08-05 14:46:22.594  7308  7322 I art     : Explicit concurrent mark sweep GC freed 260(29KB) AllocSpace objects, 0(0B) LOS objects, 40% free, 20MB/34MB, paused 15.349ms total 46.341ms
08-05 14:46:22.602  7308  7322 I art     : Starting a blocking GC Explicit
08-05 14:46:22.661  7308  7322 I art     : Explicit concurrent mark sweep GC freed 63(14KB) AllocSpace objects, 0(0B) LOS objects, 40% free, 20MB/34MB, paused 667us total 59.253ms
08-05 14:46:22.669  7308  7322 I art     : Starting a blocking GC Explicit
08-05 14:46:22.681  7308  7322 I art     : Explicit concurrent mark sweep GC freed 111(65KB) AllocSpace objects, 0(0B) LOS objects, 40% free, 20MB/34MB, paused 201us total 11.497ms
08-05 14:46:22.773  7308  7308 W Settings: Setting airplane_mode_on has moved from android.provider.Settings.System to android.provider.Settings.Global, returning read-only value.
08-05 14:46:22.790  7308  7308 V MainActivity: url=https://project-travel-mate.herokuapp.com/api/get-user
08-05 14:46:22.833  7308  7381 W LOTTIE  : Unknown mask mode mode. Defaulting to Add.
08-05 14:46:22.840  7308  7381 W LOTTIE  : You have 5 images. Lottie should primarily be used with shapes. If you are using Adobe Illustrator, convert the Illustrator layers to shape layers.
08-05 14:46:22.841  7308  7381 W LOTTIE  : Unknown mask mode mode. Defaulting to Add.
08-05 14:46:22.842  7308  7381 W LOTTIE  : Unknown mask mode mode. Defaulting to Add.
08-05 14:46:22.904  7308  7308 V CityFragment: url=https://project-travel-mate.herokuapp.com/api/get-all-cities/10
08-05 14:46:23.552  2820  2820 I ServiceManager: Waiting for service AtCmdFwd...
08-05 14:46:23.812  7308  7321 I art     : Starting a blocking GC Explicit
08-05 14:46:23.892  7308  7321 I art     : Explicit concurrent mark sweep GC freed 19938(1279KB) AllocSpace objects, 8(440KB) LOS objects, 40% free, 23MB/39MB, paused 1.079ms total 79.570ms
08-05 14:46:23.900  7308  7308 E RecyclerView: No adapter attached; skipping layout
08-05 14:46:23.922  7308  7321 I art     : Starting a blocking GC Explicit
08-05 14:46:23.946  7308  7321 I art     : Explicit concurrent mark sweep GC freed 4312(435KB) AllocSpace objects, 0(0B) LOS objects, 40% free, 23MB/38MB, paused 808us total 23.241ms
08-05 14:46:23.958  7308  7321 I art     : Starting a blocking GC Explicit
08-05 14:46:23.976  7308  7321 I art     : Explicit concurrent mark sweep GC freed 1985(73KB) AllocSpace objects, 0(0B) LOS objects, 40% free, 23MB/39MB, paused 453us total 17.470ms
08-05 14:46:23.981  7308  7392 I NAPPA_EXPERIMENTATION: MetricNetworkRequestExecutionTime: REQUEST_DURATION_SYSTEM='1076',REQUEST_DURATION_OKHTTP='62',REQUEST_SYNCHRONOUS='FALSE',RESPONSE_CODE='200',RESPONSE_METHOD='GET',RESPONSE_LENGTH_OKHTTP='1588',RESPONSE_LENGTH_HEADER='1588',REQUEST_PROTOCOL='http/1.1',REQUEST_URL='https://project-travel-mate.herokuapp.com/api/get-all-cities/10',
08-05 14:46:23.987  7308  7321 I art     : Starting a blocking GC Explicit
08-05 14:46:23.988  7308  7308 I Choreographer: Skipped 64 frames!  The application may be doing too much work on its main thread.
08-05 14:46:23.992  7308  7380 I NAPPA_EXPERIMENTATION: MetricNetworkRequestExecutionTime: REQUEST_DURATION_SYSTEM='1182',REQUEST_DURATION_OKHTTP='73',REQUEST_SYNCHRONOUS='FALSE',RESPONSE_CODE='200',RESPONSE_METHOD='GET',RESPONSE_LENGTH_OKHTTP='185',RESPONSE_LENGTH_HEADER='185',REQUEST_PROTOCOL='http/1.1',REQUEST_URL='https://project-travel-mate.herokuapp.com/api/get-user',
08-05 14:46:24.004  7308  7321 I art     : Explicit concurrent mark sweep GC freed 1564(89KB) AllocSpace objects, 0(0B) LOS objects, 36% free, 27MB/43MB, paused 402us total 16.310ms
08-05 14:46:24.013  7308  7321 I art     : Starting a blocking GC Explicit
08-05 14:46:24.028  7308  7321 I art     : Explicit concurrent mark sweep GC freed 79(3KB) AllocSpace objects, 0(0B) LOS objects, 36% free, 27MB/43MB, paused 473us total 15.416ms
08-05 14:46:24.106  7308  7308 V MainActivity: url = https://project-travel-mate.herokuapp.com/api/number-of-unread-notifications
08-05 14:46:24.111   918   936 I ActivityManager: Displayed baseline.io.github.project_travel_mate/.MainActivity: +1s656ms
08-05 14:46:24.137  7308  7308 V CityFragment: result=[{"id":1,"city_name":"Delhi","facts_count":6,"image":"https://upload.wikimedia.org/wikipedia/commons/9/94/%E0%B4%96%E0%B5%81%E0%B4%A4%E0%B5%8D%E0%B4%AC%E0%B5%8D_%E0%B4%AE%E0%B4%BF%E0%B4%A8%E0%B4%BE%E0%B5%BC1.jpg","visit_count":18186},{"id":2,"city_name":"Mumbai","facts_count":0,"image":"https://static1.squarespace.com/static/55917ae2e4b0984fc8c264c4/t/5ad7a037758d464041bfba27/1524102624280/Victoria_Mumbai.jpg","visit_count":6022},{"id":3,"city_name":"Bangalore","facts_count":0,"image":null,"visit_count":5536},{"id":8,"city_name":"Pune","facts_count":0,"image":"https://www.zricks.com/ImagesPostProject/47929//6557d975-20a9-4c6c-a776-8072a1936a76.jpg","visit_count":3324},{"id":4,"city_name":"Chennai","facts_count":0,"image":"http://lh3.ggpht.com/_YLb7tJ8RoAk/SfazBLdgf3I/AAAAAAAANEg/p52_Zz_URxg/s640/Picture%20009.jpg","visit_count":3061},{"id":5,"city_name":"Kolkata","facts_count":0,"image":"https://i.pinimg.com/originals/05/ec/42/05ec42c545b494d12cc612923483b4f0.jpg","visit_count":2211},{"id":9,"city_name":"Jaipur","facts_count":1,"image":"https://www.trodly.com/pictures/attraction/1943.jpg","visit_count":2007},{"id":6,"city_name":"Hyderabad","facts_count":0,"image":"https://i1.trekearth.com/photos/59194/charminar_020_sm.jpg","visit_count":1633},{"id":150,"city_name":"Panjim","facts_count":0,"image":"http://www.nomad4ever.com/wp-content/uploads/2009/04/palm-trees-at-baga-creek-north-goa1.jpg","visit_count":1488},{"id":7,"city_name":"Ahmedabad","facts_count":0,"image":"https://i.pinimg.com/originals/a5/ed/29/a5ed293271669a61f47059f7b0d9cf2c.jpg","visit_count":1115}]
08-05 14:46:24.137 13866 13866 I GoogleInputMethodServic: GoogleInputMethodService.onFinishInput():3138 
08-05 14:46:24.138 13866 13866 I GoogleInputMethodServic: GoogleInputMethodService.onStartInput():1808 
08-05 14:46:24.203  7308  7308 D CityFragment: get cities cities size = 10
08-05 14:46:24.235  7308  7321 I art     : Starting a blocking GC Explicit
08-05 14:46:24.251  7308  7321 I art     : Explicit concurrent mark sweep GC freed 3195(247KB) AllocSpace objects, 2(40KB) LOS objects, 34% free, 30MB/46MB, paused 381us total 15.957ms
08-05 14:46:24.260  7308  7321 I art     : Starting a blocking GC Explicit
08-05 14:46:24.277  7308  7321 I art     : Explicit concurrent mark sweep GC freed 736(46KB) AllocSpace objects, 0(0B) LOS objects, 34% free, 30MB/46MB, paused 607us total 16.978ms
08-05 14:46:24.285  7308  7321 I art     : Starting a blocking GC Explicit
08-05 14:46:24.302  7308  7321 I art     : Explicit concurrent mark sweep GC freed 223(18KB) AllocSpace objects, 0(0B) LOS objects, 34% free, 30MB/46MB, paused 441us total 16.614ms
08-05 14:46:24.311  7308  7321 I art     : Starting a blocking GC Explicit
08-05 14:46:24.320  7308  7308 E RecyclerView: No adapter attached; skipping layout
08-05 14:46:24.329  7308  7321 I art     : Explicit concurrent mark sweep GC freed 781(38KB) AllocSpace objects, 0(0B) LOS objects, 34% free, 30MB/46MB, paused 698us total 17.257ms
08-05 14:46:24.337  7308  7321 I art     : Starting a blocking GC Explicit
08-05 14:46:24.354  7308  7321 I art     : Explicit concurrent mark sweep GC freed 319(19KB) AllocSpace objects, 0(0B) LOS objects, 34% free, 30MB/46MB, paused 491us total 16.699ms
08-05 14:46:24.553  2820  2820 I ServiceManager: Waiting for service AtCmdFwd...
08-05 14:46:24.618   380   380 W SurfaceFlinger: couldn't log to binary event log: overflow.
08-05 14:46:24.619  7308  7322 I art     : Starting a blocking GC Explicit
08-05 14:46:24.640  7308  7322 I art     : Explicit concurrent mark sweep GC freed 15511(1334KB) AllocSpace objects, 14(4MB) LOS objects, 34% free, 29MB/45MB, paused 419us total 21.238ms
08-05 14:46:24.649  7308  7322 I art     : Starting a blocking GC Explicit
08-05 14:46:24.659  7308  7402 I NAPPA_EXPERIMENTATION: MetricNetworkRequestExecutionTime: REQUEST_DURATION_SYSTEM='553',REQUEST_DURATION_OKHTTP='46',REQUEST_SYNCHRONOUS='FALSE',RESPONSE_CODE='200',RESPONSE_METHOD='GET',RESPONSE_LENGTH_OKHTTP='36',RESPONSE_LENGTH_HEADER='36',REQUEST_PROTOCOL='http/1.1',REQUEST_URL='https://project-travel-mate.herokuapp.com/api/number-of-unread-notifications',
08-05 14:46:24.665  7308  7322 I art     : Explicit concurrent mark sweep GC freed 2534(266KB) AllocSpace objects, 2(88KB) LOS objects, 35% free, 29MB/45MB, paused 331us total 16.013ms
08-05 14:46:24.673  7308  7322 I art     : Starting a blocking GC Explicit
08-05 14:46:24.690  7308  7322 I art     : Explicit concurrent mark sweep GC freed 81(2032B) AllocSpace objects, 0(0B) LOS objects, 35% free, 29MB/45MB, paused 294us total 16.356ms
08-05 14:46:24.698  7308  7322 I art     : Starting a blocking GC Explicit
08-05 14:46:24.715  7308  7322 I art     : Explicit concurrent mark sweep GC freed 313(45KB) AllocSpace objects, 0(0B) LOS objects, 35% free, 29MB/45MB, paused 329us total 17.083ms
08-05 14:46:24.724  7308  7322 I art     : Starting a blocking GC Explicit
08-05 14:46:24.749  7308  7322 I art     : Explicit concurrent mark sweep GC freed 1273(55KB) AllocSpace objects, 0(0B) LOS objects, 35% free, 29MB/45MB, paused 394us total 25.372ms
08-05 14:46:25.061  7308  7321 I art     : Starting a blocking GC Explicit
08-05 14:46:25.084  7308  7321 I art     : Explicit concurrent mark sweep GC freed 12070(1140KB) AllocSpace objects, 15(1676KB) LOS objects, 33% free, 31MB/47MB, paused 625us total 23.188ms
08-05 14:46:25.093  7308  7321 I art     : Starting a blocking GC Explicit
08-05 14:46:25.110  7308  7321 I art     : Explicit concurrent mark sweep GC freed 884(170KB) AllocSpace objects, 2(56KB) LOS objects, 32% free, 33MB/49MB, paused 274us total 16.555ms
08-05 14:46:25.118  7308  7321 I art     : Starting a blocking GC Explicit
08-05 14:46:25.136  7308  7321 I art     : Explicit concurrent mark sweep GC freed 7700(258KB) AllocSpace objects, 2(88KB) LOS objects, 32% free, 32MB/48MB, paused 350us total 17.843ms
08-05 14:46:25.144  7308  7321 I art     : Starting a blocking GC Explicit
08-05 14:46:25.160  7308  7321 I art     : Explicit concurrent mark sweep GC freed 84(2048B) AllocSpace objects, 0(0B) LOS objects, 32% free, 32MB/48MB, paused 247us total 15.014ms
08-05 14:46:25.168  7308  7321 I art     : Starting a blocking GC Explicit
08-05 14:46:25.184  7308  7321 I art     : Explicit concurrent mark sweep GC freed 1609(62KB) AllocSpace objects, 0(0B) LOS objects, 32% free, 32MB/48MB, paused 264us total 15.667ms
08-05 14:46:25.497  7308  7328 I art     : Starting a blocking GC Explicit
08-05 14:46:25.554  2820  2820 I ServiceManager: Waiting for service AtCmdFwd...
08-05 14:46:25.555  7308  7328 I art     : Explicit concurrent mark sweep GC freed 3141(275KB) AllocSpace objects, 7(1388KB) LOS objects, 32% free, 32MB/48MB, paused 796us total 57.574ms
08-05 14:46:25.574  7308  7328 I art     : Starting a blocking GC Explicit
08-05 14:46:25.604  7308  7328 I art     : Explicit concurrent mark sweep GC freed 181(5KB) AllocSpace objects, 0(0B) LOS objects, 32% free, 32MB/48MB, paused 446us total 30.520ms
08-05 14:46:25.617  7308  7328 I art     : Starting a blocking GC Explicit
08-05 14:46:25.637  7308  7328 I art     : Explicit concurrent mark sweep GC freed 35(640B) AllocSpace objects, 0(0B) LOS objects, 32% free, 32MB/48MB, paused 545us total 19.952ms
08-05 14:46:25.647  7308  7328 I art     : Starting a blocking GC Explicit
08-05 14:46:25.665  7308  7328 I art     : Explicit concurrent mark sweep GC freed 50(880B) AllocSpace objects, 0(0B) LOS objects, 32% free, 32MB/48MB, paused 251us total 17.205ms
08-05 14:46:25.673  7308  7328 I art     : Starting a blocking GC Explicit
08-05 14:46:25.690  7308  7328 I art     : Explicit concurrent mark sweep GC freed 51(896B) AllocSpace objects, 0(0B) LOS objects, 32% free, 32MB/48MB, paused 245us total 16.705ms
08-05 14:46:26.028  7308  7328 I art     : Starting a blocking GC Explicit
08-05 14:46:26.045  7308  7328 I art     : Explicit concurrent mark sweep GC freed 1943(92KB) AllocSpace objects, 2(40KB) LOS objects, 32% free, 32MB/48MB, paused 232us total 16.806ms
08-05 14:46:26.053  7308  7328 I art     : Starting a blocking GC Explicit
08-05 14:46:26.070  7308  7328 I art     : Explicit concurrent mark sweep GC freed 45(1152B) AllocSpace objects, 0(0B) LOS objects, 32% free, 32MB/48MB, paused 267us total 16.531ms
08-05 14:46:26.078  7308  7328 I art     : Starting a blocking GC Explicit
08-05 14:46:26.094  7308  7328 I art     : Explicit concurrent mark sweep GC freed 52(928B) AllocSpace objects, 0(0B) LOS objects, 32% free, 32MB/48MB, paused 245us total 15.210ms
08-05 14:46:26.102  7308  7328 I art     : Starting a blocking GC Explicit
08-05 14:46:26.118  7308  7328 I art     : Explicit concurrent mark sweep GC freed 27(496B) AllocSpace objects, 0(0B) LOS objects, 32% free, 32MB/48MB, paused 246us total 15.448ms
08-05 14:46:26.126  7308  7328 I art     : Starting a blocking GC Explicit
08-05 14:46:26.142  7308  7328 I art     : Explicit concurrent mark sweep GC freed 51(896B) AllocSpace objects, 0(0B) LOS objects, 32% free, 32MB/48MB, paused 243us total 15.945ms
08-05 14:46:26.481  7308  7322 I art     : Starting a blocking GC Explicit
08-05 14:46:26.505  7308  7322 I art     : Explicit concurrent mark sweep GC freed 1928(91KB) AllocSpace objects, 2(40KB) LOS objects, 32% free, 32MB/48MB, paused 363us total 23.716ms
08-05 14:46:26.519  7308  7322 I art     : Starting a blocking GC Explicit
08-05 14:46:26.537  7308  7322 I art     : Explicit concurrent mark sweep GC freed 69(1568B) AllocSpace objects, 0(0B) LOS objects, 32% free, 32MB/48MB, paused 310us total 17.378ms
08-05 14:46:26.545  7308  7322 I art     : Starting a blocking GC Explicit
08-05 14:46:26.554  2820  2820 I ServiceManager: Waiting for service AtCmdFwd...
08-05 14:46:26.562  7308  7322 I art     : Explicit concurrent mark sweep GC freed 51(896B) AllocSpace objects, 0(0B) LOS objects, 32% free, 32MB/48MB, paused 251us total 16.844ms
08-05 14:46:26.571  7308  7322 I art     : Starting a blocking GC Explicit
08-05 14:46:26.588  7308  7322 I art     : Explicit concurrent mark sweep GC freed 27(496B) AllocSpace objects, 0(0B) LOS objects, 32% free, 32MB/48MB, paused 270us total 16.402ms
08-05 14:46:26.597  7308  7322 I art     : Starting a blocking GC Explicit
08-05 14:46:26.614  7308  7322 I art     : Explicit concurrent mark sweep GC freed 51(896B) AllocSpace objects, 0(0B) LOS objects, 32% free, 32MB/48MB, paused 253us total 16.744ms
08-05 14:46:26.940  7308  7321 I art     : Starting a blocking GC Explicit
08-05 14:46:26.959  7308  7321 I art     : Explicit concurrent mark sweep GC freed 1927(91KB) AllocSpace objects, 2(40KB) LOS objects, 32% free, 32MB/48MB, paused 255us total 18.056ms
08-05 14:46:26.968  7308  7321 I art     : Starting a blocking GC Explicit
08-05 14:46:26.985  7308  7321 I art     : Explicit concurrent mark sweep GC freed 46(1184B) AllocSpace objects, 0(0B) LOS objects, 32% free, 32MB/48MB, paused 252us total 16.918ms
08-05 14:46:26.994  7308  7321 I art     : Starting a blocking GC Explicit
08-05 14:46:27.010  7308  7321 I art     : Explicit concurrent mark sweep GC freed 51(896B) AllocSpace objects, 0(0B) LOS objects, 32% free, 32MB/48MB, paused 253us total 16.229ms
08-05 14:46:27.019  7308  7321 I art     : Starting a blocking GC Explicit
08-05 14:46:27.035  7308  7321 I art     : Explicit concurrent mark sweep GC freed 27(496B) AllocSpace objects, 0(0B) LOS objects, 32% free, 32MB/48MB, paused 225us total 15.909ms
08-05 14:46:27.044  7308  7321 I art     : Starting a blocking GC Explicit
08-05 14:46:27.059  7308  7321 I art     : Explicit concurrent mark sweep GC freed 52(928B) AllocSpace objects, 0(0B) LOS objects, 32% free, 32MB/48MB, paused 241us total 15.453ms
08-05 14:46:27.413  7308  7328 I art     : Starting a blocking GC Explicit
08-05 14:46:27.437  7308  7328 I art     : Explicit concurrent mark sweep GC freed 1950(91KB) AllocSpace objects, 2(40KB) LOS objects, 32% free, 32MB/48MB, paused 288us total 23.429ms
08-05 14:46:27.450  7308  7328 I art     : Starting a blocking GC Explicit
08-05 14:46:27.467  7308  7328 I art     : Explicit concurrent mark sweep GC freed 70(1584B) AllocSpace objects, 0(0B) LOS objects, 32% free, 32MB/48MB, paused 319us total 16.540ms
08-05 14:46:27.467  7308  7320 I art     : WaitForGcToComplete blocked for 6.633ms for cause HeapTrim
08-05 14:46:27.475  7308  7328 I art     : Starting a blocking GC Explicit
08-05 14:46:27.492  7308  7328 I art     : Explicit concurrent mark sweep GC freed 51(896B) AllocSpace objects, 0(0B) LOS objects, 32% free, 32MB/48MB, paused 247us total 16.683ms
08-05 14:46:27.501  7308  7328 I art     : Starting a blocking GC Explicit
08-05 14:46:27.518  7308  7328 I art     : Explicit concurrent mark sweep GC freed 27(496B) AllocSpace objects, 0(0B) LOS objects, 32% free, 32MB/48MB, paused 244us total 16.718ms
08-05 14:46:27.526  7308  7328 I art     : Starting a blocking GC Explicit
08-05 14:46:27.544  7308  7328 I art     : Explicit concurrent mark sweep GC freed 47(816B) AllocSpace objects, 0(0B) LOS objects, 32% free, 32MB/48MB, paused 300us total 17.731ms
08-05 14:46:27.555  2820  2820 I ServiceManager: Waiting for service AtCmdFwd...
08-05 14:46:27.890  7308  7322 I art     : Starting a blocking GC Explicit
08-05 14:46:27.914  7308  7322 I art     : Explicit concurrent mark sweep GC freed 1954(91KB) AllocSpace objects, 2(40KB) LOS objects, 32% free, 32MB/48MB, paused 280us total 23.535ms
08-05 14:46:27.927  7308  7322 I art     : Starting a blocking GC Explicit
08-05 14:46:27.944  7308  7322 I art     : Explicit concurrent mark sweep GC freed 70(1584B) AllocSpace objects, 0(0B) LOS objects, 32% free, 32MB/48MB, paused 255us total 16.730ms
08-05 14:46:27.953  7308  7322 I art     : Starting a blocking GC Explicit
08-05 14:46:27.970  7308  7322 I art     : Explicit concurrent mark sweep GC freed 27(496B) AllocSpace objects, 0(0B) LOS objects, 32% free, 32MB/48MB, paused 251us total 16.535ms
08-05 14:46:27.978  7308  7322 I art     : Starting a blocking GC Explicit
08-05 14:46:27.995  7308  7322 I art     : Explicit concurrent mark sweep GC freed 51(896B) AllocSpace objects, 0(0B) LOS objects, 32% free, 32MB/48MB, paused 242us total 16.748ms
08-05 14:46:28.004  7308  7322 I art     : Starting a blocking GC Explicit
08-05 14:46:28.021  7308  7322 I art     : Explicit concurrent mark sweep GC freed 27(496B) AllocSpace objects, 0(0B) LOS objects, 32% free, 32MB/48MB, paused 254us total 17.342ms
08-05 14:46:28.371  7308  7321 I art     : Starting a blocking GC Explicit
08-05 14:46:28.394  7308  7321 I art     : Explicit concurrent mark sweep GC freed 1974(91KB) AllocSpace objects, 2(40KB) LOS objects, 32% free, 32MB/48MB, paused 283us total 23.386ms
08-05 14:46:28.405  7308  7321 I art     : Starting a blocking GC Explicit
08-05 14:46:28.423  7308  7321 I art     : Explicit concurrent mark sweep GC freed 46(1184B) AllocSpace objects, 0(0B) LOS objects, 32% free, 32MB/48MB, paused 271us total 17.671ms
08-05 14:46:28.433  7308  7321 I art     : Starting a blocking GC Explicit
08-05 14:46:28.450  7308  7321 I art     : Explicit concurrent mark sweep GC freed 51(896B) AllocSpace objects, 0(0B) LOS objects, 32% free, 32MB/48MB, paused 250us total 17.133ms
08-05 14:46:28.459  7308  7321 I art     : Starting a blocking GC Explicit
08-05 14:46:28.477  7308  7321 I art     : Explicit concurrent mark sweep GC freed 45(768B) AllocSpace objects, 0(0B) LOS objects, 32% free, 32MB/48MB, paused 373us total 17.527ms
08-05 14:46:28.486  7308  7321 I art     : Starting a blocking GC Explicit
08-05 14:46:28.504  7308  7321 I art     : Explicit concurrent mark sweep GC freed 33(624B) AllocSpace objects, 0(0B) LOS objects, 32% free, 32MB/48MB, paused 263us total 17.672ms
08-05 14:46:28.556  2820  2820 W Atfwd_Sendcmd: AtCmdFwd service not published, waiting... retryCnt : 4
08-05 14:46:28.865  7308  7328 I art     : Starting a blocking GC Explicit
08-05 14:46:28.885  7308  7328 I art     : Explicit concurrent mark sweep GC freed 1974(91KB) AllocSpace objects, 2(40KB) LOS objects, 32% free, 32MB/48MB, paused 286us total 20.564ms
08-05 14:46:28.898  7308  7328 I art     : Starting a blocking GC Explicit
08-05 14:46:28.915  7308  7328 I art     : Explicit concurrent mark sweep GC freed 70(1584B) AllocSpace objects, 0(0B) LOS objects, 32% free, 32MB/48MB, paused 241us total 16.861ms
08-05 14:46:28.924  7308  7328 I art     : Starting a blocking GC Explicit
08-05 14:46:28.942  7308  7328 I art     : Explicit concurrent mark sweep GC freed 39(672B) AllocSpace objects, 0(0B) LOS objects, 32% free, 32MB/48MB, paused 295us total 17.574ms
08-05 14:46:28.951  7308  7328 I art     : Starting a blocking GC Explicit
08-05 14:46:28.968  7308  7328 I art     : Explicit concurrent mark sweep GC freed 39(720B) AllocSpace objects, 0(0B) LOS objects, 32% free, 32MB/48MB, paused 259us total 16.864ms
08-05 14:46:28.977  7308  7328 I art     : Starting a blocking GC Explicit
08-05 14:46:28.994  7308  7328 I art     : Explicit concurrent mark sweep GC freed 51(896B) AllocSpace objects, 0(0B) LOS objects, 32% free, 32MB/48MB, paused 248us total 17.161ms
08-05 14:46:29.274  7308  7322 I art     : Starting a blocking GC Explicit
08-05 14:46:29.293  7308  7322 I art     : Explicit concurrent mark sweep GC freed 1847(89KB) AllocSpace objects, 2(40KB) LOS objects, 32% free, 32MB/48MB, paused 304us total 18.800ms
08-05 14:46:29.302  7308  7322 I art     : Starting a blocking GC Explicit
08-05 14:46:29.319  7308  7322 I art     : Explicit concurrent mark sweep GC freed 54(1344B) AllocSpace objects, 0(0B) LOS objects, 32% free, 32MB/48MB, paused 258us total 16.787ms
08-05 14:46:29.328  7308  7322 I art     : Starting a blocking GC Explicit
08-05 14:46:29.345  7308  7322 I art     : Explicit concurrent mark sweep GC freed 51(896B) AllocSpace objects, 0(0B) LOS objects, 32% free, 32MB/48MB, paused 252us total 16.873ms
08-05 14:46:29.354  7308  7322 I art     : Starting a blocking GC Explicit
08-05 14:46:29.371  7308  7322 I art     : Explicit concurrent mark sweep GC freed 27(496B) AllocSpace objects, 0(0B) LOS objects, 32% free, 32MB/48MB, paused 260us total 16.484ms
08-05 14:46:29.380  7308  7322 I art     : Starting a blocking GC Explicit
08-05 14:46:29.397  7308  7322 I art     : Explicit concurrent mark sweep GC freed 51(896B) AllocSpace objects, 0(0B) LOS objects, 32% free, 32MB/48MB, paused 311us total 16.991ms
08-05 14:46:29.422  7532  7532 D AndroidRuntime: >>>>>> START com.android.internal.os.RuntimeInit uid 2000 <<<<<<
08-05 14:46:29.426  7532  7532 D AndroidRuntime: CheckJNI is OFF
08-05 14:46:29.451  7532  7532 D ICU     : No timezone override file found: /data/misc/zoneinfo/current/icu/icu_tzdata.dat
08-05 14:46:29.476  7532  7532 I Radio-JNI: register_android_hardware_Radio DONE
08-05 14:46:29.492  7532  7532 D AndroidRuntime: Calling main entry com.android.commands.input.Input
08-05 14:46:29.494  7532  7532 I Input   : injectMotionEvent: MotionEvent { action=ACTION_DOWN, actionButton=0, id[0]=0, x[0]=346.0, y[0]=709.0, toolType[0]=TOOL_TYPE_UNKNOWN, buttonState=0, metaState=0, flags=0x0, edgeFlags=0x0, pointerCount=1, historySize=0, eventTime=802005907, downTime=802005907, deviceId=0, source=0x1002 }
08-05 14:46:29.500  7532  7532 I Input   : injectMotionEvent: MotionEvent { action=ACTION_UP, actionButton=0, id[0]=0, x[0]=346.0, y[0]=709.0, toolType[0]=TOOL_TYPE_UNKNOWN, buttonState=0, metaState=0, flags=0x0, edgeFlags=0x0, pointerCount=1, historySize=0, eventTime=802005907, downTime=802005907, deviceId=0, source=0x1002 }
08-05 14:46:29.512   918  6112 I ActivityManager: START u0 {cmp=baseline.io.github.project_travel_mate/.destinations.description.FinalCityInfoActivity (has extras)} from uid 10674 on display 0
08-05 14:46:29.520  7532  7532 D AndroidRuntime: Shutting down VM
08-05 14:46:29.547  7308  7381 D Gabe    : call	returning from cache
08-05 14:46:29.621  7308  7308 V EXECUTING: https://project-travel-mate.herokuapp.com/api/get-city-weather/1
08-05 14:46:29.652  7308  7328 I art     : Starting a blocking GC Explicit
08-05 14:46:29.674  7308  7328 I art     : Explicit concurrent mark sweep GC freed 8656(570KB) AllocSpace objects, 2(40KB) LOS objects, 32% free, 33MB/49MB, paused 719us total 22.169ms
08-05 14:46:29.685  7308  7328 I art     : Starting a blocking GC Explicit
08-05 14:46:29.707  7308  7328 I art     : Explicit concurrent mark sweep GC freed 1074(44KB) AllocSpace objects, 0(0B) LOS objects, 29% free, 37MB/53MB, paused 565us total 21.780ms
08-05 14:46:29.717  7308  7328 I art     : Starting a blocking GC Explicit
08-05 14:46:29.737  7308  7328 I art     : Explicit concurrent mark sweep GC freed 22(1056B) AllocSpace objects, 0(0B) LOS objects, 29% free, 37MB/53MB, paused 503us total 19.891ms
08-05 14:46:29.746  7308  7328 I art     : Starting a blocking GC Explicit
08-05 14:46:29.751   918   936 I ActivityManager: Displayed baseline.io.github.project_travel_mate/.destinations.description.FinalCityInfoActivity: +230ms
08-05 14:46:29.751 13866 13866 I GoogleInputMethodServic: GoogleInputMethodService.onFinishInput():3138 
08-05 14:46:29.752 13866 13866 I GoogleInputMethodServic: GoogleInputMethodService.onStartInput():1808 
08-05 14:46:29.765  7308  7328 I art     : Explicit concurrent mark sweep GC freed 133(3KB) AllocSpace objects, 0(0B) LOS objects, 29% free, 37MB/53MB, paused 600us total 19.274ms
08-05 14:46:29.775  7308  7328 I art     : Starting a blocking GC Explicit
08-05 14:46:29.799  7308  7328 I art     : Explicit concurrent mark sweep GC freed 23(448B) AllocSpace objects, 0(0B) LOS objects, 29% free, 37MB/53MB, paused 771us total 23.451ms
08-05 14:46:30.017   380   380 W SurfaceFlinger: couldn't log to binary event log: overflow.
08-05 14:46:30.075  7308  7568 I art     : Starting a blocking GC Explicit
08-05 14:46:30.093  7308  7568 I art     : Explicit concurrent mark sweep GC freed 2293(97KB) AllocSpace objects, 2(40KB) LOS objects, 29% free, 37MB/53MB, paused 279us total 17.567ms
08-05 14:46:30.102  7308  7568 I art     : Starting a blocking GC Explicit
08-05 14:46:30.120  7308  7568 I art     : Explicit concurrent mark sweep GC freed 70(1584B) AllocSpace objects, 0(0B) LOS objects, 29% free, 37MB/53MB, paused 284us total 17.948ms
08-05 14:46:30.129  7308  7568 I art     : Starting a blocking GC Explicit
08-05 14:46:30.150  7308  7568 I art     : Explicit concurrent mark sweep GC freed 101(1712B) AllocSpace objects, 0(0B) LOS objects, 29% free, 37MB/53MB, paused 422us total 20.891ms
08-05 14:46:30.160  7308  7568 I art     : Starting a blocking GC Explicit
08-05 14:46:30.179  7308  7568 I art     : Explicit concurrent mark sweep GC freed 27(704B) AllocSpace objects, 0(0B) LOS objects, 29% free, 37MB/53MB, paused 462us total 19.323ms
08-05 14:46:30.189  7308  7568 I art     : Starting a blocking GC Explicit
08-05 14:46:30.210  7308  7568 I art     : Explicit concurrent mark sweep GC freed 166(5KB) AllocSpace objects, 0(0B) LOS objects, 29% free, 37MB/53MB, paused 511us total 20.920ms
08-05 14:46:30.487  7308  7566 I NAPPA_EXPERIMENTATION: MetricNetworkRequestExecutionTime: REQUEST_DURATION_SYSTEM='864',REQUEST_DURATION_OKHTTP='71',REQUEST_SYNCHRONOUS='FALSE',RESPONSE_CODE='200',RESPONSE_METHOD='GET',RESPONSE_LENGTH_OKHTTP='238',RESPONSE_LENGTH_HEADER='238',REQUEST_PROTOCOL='http/1.1',REQUEST_URL='https://project-travel-mate.herokuapp.com/api/get-city-weather/1',
08-05 14:46:30.494  7308  7567 I NAPPA_EXPERIMENTATION: MetricNetworkRequestExecutionTime: REQUEST_DURATION_SYSTEM='871',REQUEST_DURATION_OKHTTP='80',REQUEST_SYNCHRONOUS='FALSE',RESPONSE_CODE='200',RESPONSE_METHOD='GET',RESPONSE_LENGTH_OKHTTP='530',RESPONSE_LENGTH_HEADER='530',REQUEST_PROTOCOL='http/1.1',REQUEST_URL='https://project-travel-mate.herokuapp.com/api/get-city/1',
08-05 14:46:30.503  7308  7328 I art     : Starting a blocking GC Explicit
08-05 14:46:30.524  7308  7328 I art     : Explicit concurrent mark sweep GC freed 6983(335KB) AllocSpace objects, 5(240KB) LOS objects, 29% free, 37MB/53MB, paused 458us total 20.814ms
08-05 14:46:30.529  7308  7567 V Response: {"id":1,"city_name":"Delhi","description":"Delhi, officially the National Capital Territory of Delhi, is the Capital territory of India. During the British Raj, Delhi was part of the province of Punjab and is still historically and culturally connected to the Punjab region.","latitude":"28.613900","longitude":"77.209000","facts_count":6,"images":["https://upload.wikimedia.org/wikipedia/commons/9/94/%E0%B4%96%E0%B5%81%E0%B4%A4%E0%B5%8D%E0%B4%AC%E0%B5%8D_%E0%B4%AE%E0%B4%BF%E0%B4%A8%E0%B4%BE%E0%B5%BC1.jpg"],"has_visited":false}
08-05 14:46:30.533  7308  7328 I art     : Starting a blocking GC Explicit
08-05 14:46:30.552  7308  7328 I art     : Explicit concurrent mark sweep GC freed 1297(133KB) AllocSpace objects, 0(0B) LOS objects, 29% free, 37MB/53MB, paused 436us total 18.324ms
08-05 14:46:30.561  7308  7328 I art     : Starting a blocking GC Explicit
08-05 14:46:30.580  7308  7328 I art     : Explicit concurrent mark sweep GC freed 28(560B) AllocSpace objects, 0(0B) LOS objects, 29% free, 37MB/53MB, paused 407us total 18.810ms
08-05 14:46:30.590  7308  7328 I art     : Starting a blocking GC Explicit
08-05 14:46:30.608  7308  7328 I art     : Explicit concurrent mark sweep GC freed 1588(91KB) AllocSpace objects, 0(0B) LOS objects, 29% free, 37MB/53MB, paused 566us total 18.227ms
08-05 14:46:30.616  7308  7328 I art     : Starting a blocking GC Explicit
08-05 14:46:30.635  7308  7328 I art     : Explicit concurrent mark sweep GC freed 615(76KB) AllocSpace objects, 4(4MB) LOS objects, 31% free, 35MB/51MB, paused 321us total 18.448ms
08-05 14:46:30.960  7308  7321 I art     : Starting a blocking GC Explicit
08-05 14:46:30.983  7308  7321 I art     : Explicit concurrent mark sweep GC freed 2863(182KB) AllocSpace objects, 7(1372KB) LOS objects, 29% free, 38MB/54MB, paused 315us total 22.004ms
08-05 14:46:30.992  7308  7321 I art     : Starting a blocking GC Explicit
08-05 14:46:31.012  7308  7321 I art     : Explicit concurrent mark sweep GC freed 169(4KB) AllocSpace objects, 0(0B) LOS objects, 29% free, 38MB/54MB, paused 269us total 20.329ms
08-05 14:46:31.022  7308  7321 I art     : Starting a blocking GC Explicit
08-05 14:46:31.041  7308  7321 I art     : Explicit concurrent mark sweep GC freed 52(928B) AllocSpace objects, 0(0B) LOS objects, 29% free, 38MB/54MB, paused 319us total 19.169ms
08-05 14:46:31.051  7308  7321 I art     : Starting a blocking GC Explicit
08-05 14:46:31.069  7308  7321 I art     : Explicit concurrent mark sweep GC freed 99(1696B) AllocSpace objects, 0(0B) LOS objects, 29% free, 38MB/54MB, paused 270us total 17.888ms
08-05 14:46:31.078  7308  7321 I art     : Starting a blocking GC Explicit
08-05 14:46:31.096  7308  7321 I art     : Explicit concurrent mark sweep GC freed 99(1696B) AllocSpace objects, 0(0B) LOS objects, 29% free, 38MB/54MB, paused 253us total 17.720ms
08-05 14:46:31.451  7308  7328 I art     : Starting a blocking GC Explicit
08-05 14:46:31.473  7308  7328 I art     : Explicit concurrent mark sweep GC freed 2503(101KB) AllocSpace objects, 2(40KB) LOS objects, 29% free, 38MB/54MB, paused 370us total 21.735ms
08-05 14:46:31.483  7308  7328 I art     : Starting a blocking GC Explicit
08-05 14:46:31.502  7308  7328 I art     : Explicit concurrent mark sweep GC freed 128(2928B) AllocSpace objects, 0(0B) LOS objects, 29% free, 38MB/54MB, paused 271us total 19.673ms
08-05 14:46:31.512  7308  7328 I art     : Starting a blocking GC Explicit
08-05 14:46:31.532  7308  7328 I art     : Explicit concurrent mark sweep GC freed 99(1696B) AllocSpace objects, 0(0B) LOS objects, 29% free, 38MB/54MB, paused 281us total 20.085ms
08-05 14:46:31.541  7308  7328 I art     : Starting a blocking GC Explicit
08-05 14:46:31.561  7308  7328 I art     : Explicit concurrent mark sweep GC freed 98(1664B) AllocSpace objects, 0(0B) LOS objects, 29% free, 38MB/54MB, paused 303us total 19.817ms
08-05 14:46:31.570  7308  7328 I art     : Starting a blocking GC Explicit
08-05 14:46:31.590  7308  7328 I art     : Explicit concurrent mark sweep GC freed 52(928B) AllocSpace objects, 0(0B) LOS objects, 29% free, 38MB/54MB, paused 284us total 19.769ms
08-05 14:46:31.939  7308  7568 I art     : Starting a blocking GC Explicit
08-05 14:46:31.961  7308  7568 I art     : Explicit concurrent mark sweep GC freed 2503(100KB) AllocSpace objects, 2(40KB) LOS objects, 29% free, 38MB/54MB, paused 373us total 22.057ms
08-05 14:46:31.971  7308  7568 I art     : Starting a blocking GC Explicit
08-05 14:46:31.991  7308  7568 I art     : Explicit concurrent mark sweep GC freed 95(2016B) AllocSpace objects, 0(0B) LOS objects, 29% free, 38MB/54MB, paused 284us total 20.405ms
08-05 14:46:32.000  7308  7568 I art     : Starting a blocking GC Explicit
08-05 14:46:32.020  7308  7568 I art     : Explicit concurrent mark sweep GC freed 99(1696B) AllocSpace objects, 0(0B) LOS objects, 29% free, 38MB/54MB, paused 286us total 19.646ms
08-05 14:46:32.029  7308  7568 I art     : Starting a blocking GC Explicit
08-05 14:46:32.049  7308  7568 I art     : Explicit concurrent mark sweep GC freed 99(1696B) AllocSpace objects, 0(0B) LOS objects, 29% free, 38MB/54MB, paused 283us total 19.916ms
08-05 14:46:32.059  7308  7568 I art     : Starting a blocking GC Explicit
08-05 14:46:32.078  7308  7568 I art     : Explicit concurrent mark sweep GC freed 97(1648B) AllocSpace objects, 0(0B) LOS objects, 29% free, 38MB/54MB, paused 344us total 19.665ms
08-05 14:46:32.435  7308  7321 I art     : Starting a blocking GC Explicit
08-05 14:46:32.458  7308  7321 I art     : Explicit concurrent mark sweep GC freed 2481(100KB) AllocSpace objects, 2(40KB) LOS objects, 29% free, 38MB/54MB, paused 319us total 22.642ms
08-05 14:46:32.472  7308  7321 I art     : Starting a blocking GC Explicit
08-05 14:46:32.492  7308  7321 I art     : Explicit concurrent mark sweep GC freed 118(2384B) AllocSpace objects, 0(0B) LOS objects, 29% free, 38MB/54MB, paused 280us total 19.359ms
08-05 14:46:32.501  7308  7321 I art     : Starting a blocking GC Explicit
08-05 14:46:32.520  7308  7321 I art     : Explicit concurrent mark sweep GC freed 99(1696B) AllocSpace objects, 0(0B) LOS objects, 29% free, 38MB/54MB, paused 274us total 19.123ms
08-05 14:46:32.521  7308  7320 I art     : WaitForGcToComplete blocked for 19.849ms for cause HeapTrim
08-05 14:46:32.529  7308  7321 I art     : Starting a blocking GC Explicit
08-05 14:46:32.548  7308  7321 I art     : Explicit concurrent mark sweep GC freed 99(1696B) AllocSpace objects, 0(0B) LOS objects, 29% free, 38MB/54MB, paused 287us total 19.378ms
08-05 14:46:32.557  7308  7321 I art     : Starting a blocking GC Explicit
08-05 14:46:32.577  7308  7321 I art     : Explicit concurrent mark sweep GC freed 51(896B) AllocSpace objects, 0(0B) LOS objects, 29% free, 38MB/54MB, paused 287us total 19.215ms
08-05 14:46:32.938  7308  7322 I art     : Starting a blocking GC Explicit
08-05 14:46:32.961  7308  7322 I art     : Explicit concurrent mark sweep GC freed 2528(100KB) AllocSpace objects, 2(40KB) LOS objects, 29% free, 38MB/54MB, paused 284us total 21.927ms
08-05 14:46:32.973  7308  7322 I art     : Starting a blocking GC Explicit
08-05 14:46:32.992  7308  7322 I art     : Explicit concurrent mark sweep GC freed 118(2384B) AllocSpace objects, 0(0B) LOS objects, 29% free, 38MB/54MB, paused 283us total 19.055ms
08-05 14:46:33.001  7308  7322 I art     : Starting a blocking GC Explicit
08-05 14:46:33.020  7308  7322 I art     : Explicit concurrent mark sweep GC freed 99(1696B) AllocSpace objects, 0(0B) LOS objects, 29% free, 38MB/54MB, paused 273us total 19.158ms
08-05 14:46:33.029  7308  7322 I art     : Starting a blocking GC Explicit
08-05 14:46:33.049  7308  7322 I art     : Explicit concurrent mark sweep GC freed 99(1696B) AllocSpace objects, 0(0B) LOS objects, 29% free, 38MB/54MB, paused 274us total 19.438ms
08-05 14:46:33.058  7308  7322 I art     : Starting a blocking GC Explicit
08-05 14:46:33.078  7308  7322 I art     : Explicit concurrent mark sweep GC freed 60(1040B) AllocSpace objects, 0(0B) LOS objects, 29% free, 38MB/54MB, paused 348us total 19.946ms
08-05 14:46:33.428  7308  7328 I art     : Starting a blocking GC Explicit
08-05 14:46:33.451  7308  7328 I art     : Explicit concurrent mark sweep GC freed 2518(100KB) AllocSpace objects, 2(40KB) LOS objects, 29% free, 38MB/54MB, paused 295us total 22.404ms
08-05 14:46:33.460  7308  7328 I art     : Starting a blocking GC Explicit
08-05 14:46:33.481  7308  7328 I art     : Explicit concurrent mark sweep GC freed 118(2384B) AllocSpace objects, 0(0B) LOS objects, 29% free, 38MB/54MB, paused 296us total 20.849ms
08-05 14:46:33.490  7308  7328 I art     : Starting a blocking GC Explicit
08-05 14:46:33.510  7308  7328 I art     : Explicit concurrent mark sweep GC freed 52(928B) AllocSpace objects, 0(0B) LOS objects, 29% free, 38MB/54MB, paused 272us total 19.648ms
08-05 14:46:33.519  7308  7328 I art     : Starting a blocking GC Explicit
08-05 14:46:33.539  7308  7328 I art     : Explicit concurrent mark sweep GC freed 99(1696B) AllocSpace objects, 0(0B) LOS objects, 29% free, 38MB/54MB, paused 281us total 19.616ms
08-05 14:46:33.548  7308  7328 I art     : Starting a blocking GC Explicit
08-05 14:46:33.568  7308  7328 I art     : Explicit concurrent mark sweep GC freed 99(1696B) AllocSpace objects, 0(0B) LOS objects, 29% free, 38MB/54MB, paused 279us total 20.072ms
08-05 14:46:33.906  7308  7568 I art     : Starting a blocking GC Explicit
08-05 14:46:33.927  7308  7568 I art     : Explicit concurrent mark sweep GC freed 2431(99KB) AllocSpace objects, 2(40KB) LOS objects, 29% free, 38MB/54MB, paused 296us total 19.740ms
08-05 14:46:33.936  7308  7568 I art     : Starting a blocking GC Explicit
08-05 14:46:33.955  7308  7568 I art     : Explicit concurrent mark sweep GC freed 118(2384B) AllocSpace objects, 0(0B) LOS objects, 29% free, 38MB/54MB, paused 294us total 19.243ms
08-05 14:46:33.964  7308  7568 I art     : Starting a blocking GC Explicit
08-05 14:46:33.984  7308  7568 I art     : Explicit concurrent mark sweep GC freed 99(1696B) AllocSpace objects, 0(0B) LOS objects, 29% free, 38MB/54MB, paused 302us total 19.399ms
08-05 14:46:33.993  7308  7568 I art     : Starting a blocking GC Explicit
08-05 14:46:34.013  7308  7568 I art     : Explicit concurrent mark sweep GC freed 51(896B) AllocSpace objects, 0(0B) LOS objects, 29% free, 38MB/54MB, paused 419us total 20.161ms
08-05 14:46:34.022  7308  7568 I art     : Starting a blocking GC Explicit
08-05 14:46:34.041  7308  7568 I art     : Explicit concurrent mark sweep GC freed 99(1696B) AllocSpace objects, 0(0B) LOS objects, 29% free, 38MB/54MB, paused 285us total 18.860ms
08-05 14:46:34.110  7655  7655 D AndroidRuntime: >>>>>> START com.android.internal.os.RuntimeInit uid 2000 <<<<<<
08-05 14:46:34.114  7655  7655 D AndroidRuntime: CheckJNI is OFF
08-05 14:46:34.141  7655  7655 D ICU     : No timezone override file found: /data/misc/zoneinfo/current/icu/icu_tzdata.dat
08-05 14:46:34.167  7655  7655 I Radio-JNI: register_android_hardware_Radio DONE
08-05 14:46:34.183  7655  7655 D AndroidRuntime: Calling main entry com.android.commands.input.Input
08-05 14:46:34.185  7655  7655 I Input   : injectMotionEvent: MotionEvent { action=ACTION_DOWN, actionButton=0, id[0]=0, x[0]=693.0, y[0]=1450.0, toolType[0]=TOOL_TYPE_UNKNOWN, buttonState=0, metaState=0, flags=0x0, edgeFlags=0x0, pointerCount=1, historySize=0, eventTime=802010597, downTime=802010597, deviceId=0, source=0x1002 }
08-05 14:46:34.191  7655  7655 I Input   : injectMotionEvent: MotionEvent { action=ACTION_UP, actionButton=0, id[0]=0, x[0]=693.0, y[0]=1450.0, toolType[0]=TOOL_TYPE_UNKNOWN, buttonState=0, metaState=0, flags=0x0, edgeFlags=0x0, pointerCount=1, historySize=0, eventTime=802010597, downTime=802010597, deviceId=0, source=0x1002 }
08-05 14:46:34.193  7655  7655 D AndroidRuntime: Shutting down VM
08-05 14:46:34.194   918  3714 I ActivityManager: START u0 {cmp=baseline.io.github.project_travel_mate/.destinations.description.CityHistoryActivity} from uid 10674 on display 0
08-05 14:46:34.195   512  2967 D audio_hw_primary: out_set_parameters: enter: usecase(1: low-latency-playback) kvpairs: routing=2
08-05 14:46:34.208   512  2967 D audio_hw_primary: select_devices: out_snd_device(2: speaker) in_snd_device(0: none)
08-05 14:46:34.208   512  2967 D msm8974_platform: platform_send_audio_calibration: sending audio calibration for snd_device(2) acdb_id(15)
08-05 14:46:34.208   512  2967 I soundtrigger: audio_extn_sound_trigger_update_device_status: device 0x2 of type 0 for Event 1
08-05 14:46:34.218   512  2967 D audio_hw_primary: enable_snd_device: snd_device(2: speaker)
08-05 14:46:34.219   512  2967 D audio_hw_primary: enable_audio_route: apply and update mixer path: low-latency-playback speaker
08-05 14:46:34.228  7308  7381 D Gabe    : call	returning from cache
08-05 14:46:34.230  7308  7308 V EXECUTING: https://project-travel-mate.herokuapp.com/api/get-city-information/1
08-05 14:46:34.328  7308  7568 I art     : Starting a blocking GC Explicit
08-05 14:46:34.347   918   936 I ActivityManager: Displayed baseline.io.github.project_travel_mate/.destinations.description.CityHistoryActivity: +144ms
08-05 14:46:34.349 13866 13866 I GoogleInputMethodServic: GoogleInputMethodService.onFinishInput():3138 
08-05 14:46:34.349 13866 13866 I GoogleInputMethodServic: GoogleInputMethodService.onStartInput():1808 
08-05 14:46:34.349  7308  7568 I art     : Explicit concurrent mark sweep GC freed 3186(226KB) AllocSpace objects, 2(40KB) LOS objects, 27% free, 42MB/58MB, paused 365us total 20.824ms
08-05 14:46:34.359  7308  7568 I art     : Starting a blocking GC Explicit
08-05 14:46:34.383  7308  7568 I art     : Explicit concurrent mark sweep GC freed 361(12KB) AllocSpace objects, 0(0B) LOS objects, 27% free, 42MB/58MB, paused 555us total 24.078ms
08-05 14:46:34.395  7308  7568 I art     : Starting a blocking GC Explicit
08-05 14:46:34.418  7308  7568 I art     : Explicit concurrent mark sweep GC freed 81(1408B) AllocSpace objects, 0(0B) LOS objects, 27% free, 42MB/58MB, paused 395us total 22.256ms
08-05 14:46:34.429  7308  7568 I art     : Starting a blocking GC Explicit
08-05 14:46:34.448  7308  7568 I art     : Explicit concurrent mark sweep GC freed 151(2720B) AllocSpace objects, 0(0B) LOS objects, 27% free, 42MB/58MB, paused 310us total 19.144ms
08-05 14:46:34.457  7308  7568 I art     : Starting a blocking GC Explicit
08-05 14:46:34.476  7308  7568 I art     : Explicit concurrent mark sweep GC freed 77(1360B) AllocSpace objects, 0(0B) LOS objects, 27% free, 42MB/58MB, paused 300us total 18.505ms
08-05 14:46:34.597   380   380 W SurfaceFlinger: couldn't log to binary event log: overflow.
08-05 14:46:34.759   512  2967 D audio_hw_primary: disable_audio_route: reset and update mixer path: low-latency-playback speaker
08-05 14:46:34.760   512  2967 D audio_hw_primary: disable_snd_device: snd_device(2: speaker)
08-05 14:46:34.768   512  2967 I soundtrigger: audio_extn_sound_trigger_update_device_status: device 0x2 of type 0 for Event 0
08-05 14:46:34.770  7308  7322 I art     : Starting a blocking GC Explicit
08-05 14:46:34.791  7308  7322 I art     : Explicit concurrent mark sweep GC freed 2710(104KB) AllocSpace objects, 2(40KB) LOS objects, 27% free, 42MB/58MB, paused 508us total 20.363ms
08-05 14:46:34.801  7308  7322 I art     : Starting a blocking GC Explicit
08-05 14:46:34.823  7308  7322 I art     : Explicit concurrent mark sweep GC freed 45(1680B) AllocSpace objects, 0(0B) LOS objects, 27% free, 42MB/58MB, paused 579us total 21.250ms
08-05 14:46:34.832  7308  7322 I art     : Starting a blocking GC Explicit
08-05 14:46:34.852  7308  7322 I art     : Explicit concurrent mark sweep GC freed 88(1504B) AllocSpace objects, 0(0B) LOS objects, 27% free, 42MB/58MB, paused 570us total 19.537ms
08-05 14:46:34.862  7308  7322 I art     : Starting a blocking GC Explicit
08-05 14:46:34.882  7308  7322 I art     : Explicit concurrent mark sweep GC freed 56(960B) AllocSpace objects, 0(0B) LOS objects, 27% free, 42MB/58MB, paused 449us total 20.583ms
08-05 14:46:34.893  7308  7322 I art     : Starting a blocking GC Explicit
08-05 14:46:34.912  7308  7322 I art     : Explicit concurrent mark sweep GC freed 20(368B) AllocSpace objects, 0(0B) LOS objects, 27% free, 42MB/58MB, paused 302us total 19.402ms
08-05 14:46:35.051  7308  7684 I NAPPA_EXPERIMENTATION: MetricNetworkRequestExecutionTime: REQUEST_DURATION_SYSTEM='820',REQUEST_DURATION_OKHTTP='39',REQUEST_SYNCHRONOUS='FALSE',RESPONSE_CODE='200',RESPONSE_METHOD='GET',RESPONSE_LENGTH_OKHTTP='55024',RESPONSE_LENGTH_HEADER='55024',REQUEST_PROTOCOL='http/1.1',REQUEST_URL='https://project-travel-mate.herokuapp.com/api/get-city-information/1',
08-05 14:46:35.166 13866 13866 I GoogleInputMethodServic: GoogleInputMethodService.onFinishInput():3138 
08-05 14:46:35.168 13866 13866 I GoogleInputMethodServic: GoogleInputMethodService.onStartInput():1808 
08-05 14:46:35.173  7308  7321 I art     : Starting a blocking GC Explicit
08-05 14:46:35.195  7308  7321 I art     : Explicit concurrent mark sweep GC freed 6354(1472KB) AllocSpace objects, 25(5MB) LOS objects, 28% free, 39MB/55MB, paused 318us total 21.780ms
08-05 14:46:35.204  7308  7321 I art     : Starting a blocking GC Explicit
08-05 14:46:35.224  7308  7321 I art     : Explicit concurrent mark sweep GC freed 1145(121KB) AllocSpace objects, 0(0B) LOS objects, 29% free, 39MB/55MB, paused 298us total 19.664ms
08-05 14:46:35.233  7308  7321 I art     : Starting a blocking GC Explicit
08-05 14:46:35.253  7308  7321 I art     : Explicit concurrent mark sweep GC freed 147(2496B) AllocSpace objects, 0(0B) LOS objects, 29% free, 39MB/55MB, paused 328us total 19.770ms
08-05 14:46:35.261  7308  7321 I art     : Starting a blocking GC Explicit
08-05 14:46:35.283  7308  7321 I art     : Explicit concurrent mark sweep GC freed 147(2496B) AllocSpace objects, 0(0B) LOS objects, 29% free, 39MB/55MB, paused 300us total 21.419ms
08-05 14:46:35.292  7308  7321 I art     : Starting a blocking GC Explicit
08-05 14:46:35.314  7308  7321 I art     : Explicit concurrent mark sweep GC freed 96(1632B) AllocSpace objects, 0(0B) LOS objects, 29% free, 39MB/55MB, paused 376us total 21.811ms
08-05 14:46:35.634  7308  7568 I art     : Starting a blocking GC Explicit
08-05 14:46:35.659  7308  7568 I art     : Explicit concurrent mark sweep GC freed 2916(107KB) AllocSpace objects, 2(40KB) LOS objects, 29% free, 39MB/55MB, paused 316us total 24.339ms
08-05 14:46:35.668  7308  7568 I art     : Starting a blocking GC Explicit
08-05 14:46:35.676   518   646 I ThermalEngine: ACTION: GPU - Setting GPU[0] to 510000000
08-05 14:46:35.693  7308  7568 I art     : Explicit concurrent mark sweep GC freed 166(3KB) AllocSpace objects, 0(0B) LOS objects, 29% free, 39MB/55MB, paused 412us total 24.669ms
08-05 14:46:35.705  7308  7568 I art     : Starting a blocking GC Explicit
08-05 14:46:35.731  7308  7568 I art     : Explicit concurrent mark sweep GC freed 150(2544B) AllocSpace objects, 0(0B) LOS objects, 29% free, 39MB/55MB, paused 521us total 26.215ms
08-05 14:46:35.743  7308  7568 I art     : Starting a blocking GC Explicit
08-05 14:46:35.770  7308  7568 I art     : Explicit concurrent mark sweep GC freed 216(3KB) AllocSpace objects, 0(0B) LOS objects, 29% free, 39MB/55MB, paused 415us total 26.505ms
08-05 14:46:35.782  7308  7568 I art     : Starting a blocking GC Explicit
08-05 14:46:35.809  7308  7568 I art     : Explicit concurrent mark sweep GC freed 147(2496B) AllocSpace objects, 0(0B) LOS objects, 29% free, 39MB/55MB, paused 411us total 26.876ms
08-05 14:46:36.182  7308  7322 I art     : Starting a blocking GC Explicit
08-05 14:46:36.212  7308  7322 I art     : Explicit concurrent mark sweep GC freed 3184(112KB) AllocSpace objects, 2(40KB) LOS objects, 29% free, 39MB/55MB, paused 433us total 29.891ms
08-05 14:46:36.228  7308  7322 I art     : Starting a blocking GC Explicit
08-05 14:46:36.254  7308  7322 I art     : Explicit concurrent mark sweep GC freed 238(4KB) AllocSpace objects, 0(0B) LOS objects, 29% free, 39MB/55MB, paused 415us total 26.019ms
08-05 14:46:36.266  7308  7322 I art     : Starting a blocking GC Explicit
08-05 14:46:36.293  7308  7322 I art     : Explicit concurrent mark sweep GC freed 148(2528B) AllocSpace objects, 0(0B) LOS objects, 29% free, 39MB/55MB, paused 474us total 26.390ms
08-05 14:46:36.305  7308  7322 I art     : Starting a blocking GC Explicit
08-05 14:46:36.332  7308  7322 I art     : Explicit concurrent mark sweep GC freed 147(2496B) AllocSpace objects, 0(0B) LOS objects, 29% free, 39MB/55MB, paused 554us total 26.962ms
08-05 14:46:36.344  7308  7322 I art     : Starting a blocking GC Explicit
08-05 14:46:36.371  7308  7322 I art     : Explicit concurrent mark sweep GC freed 219(3KB) AllocSpace objects, 0(0B) LOS objects, 29% free, 39MB/55MB, paused 427us total 26.544ms
08-05 14:46:36.737  7308  7321 I art     : Starting a blocking GC Explicit
08-05 14:46:36.768  7308  7321 I art     : Explicit concurrent mark sweep GC freed 3105(110KB) AllocSpace objects, 2(40KB) LOS objects, 29% free, 39MB/55MB, paused 618us total 30.327ms
08-05 14:46:36.784  7308  7321 I art     : Starting a blocking GC Explicit
08-05 14:46:36.810  7308  7321 I art     : Explicit concurrent mark sweep GC freed 215(3KB) AllocSpace objects, 0(0B) LOS objects, 29% free, 39MB/55MB, paused 419us total 26.492ms
08-05 14:46:36.822  7308  7321 I art     : Starting a blocking GC Explicit
08-05 14:46:36.849  7308  7321 I art     : Explicit concurrent mark sweep GC freed 149(2528B) AllocSpace objects, 0(0B) LOS objects, 29% free, 39MB/55MB, paused 562us total 26.515ms
08-05 14:46:36.861  7308  7321 I art     : Starting a blocking GC Explicit
08-05 14:46:36.888  7308  7321 I art     : Explicit concurrent mark sweep GC freed 217(3KB) AllocSpace objects, 0(0B) LOS objects, 29% free, 39MB/55MB, paused 410us total 26.860ms
08-05 14:46:36.901  7308  7321 I art     : Starting a blocking GC Explicit
08-05 14:46:36.927  7308  7321 I art     : Explicit concurrent mark sweep GC freed 147(2496B) AllocSpace objects, 0(0B) LOS objects, 29% free, 39MB/55MB, paused 480us total 26.222ms
08-05 14:46:37.285  7308  7568 I art     : Starting a blocking GC Explicit
08-05 14:46:37.316  7308  7568 I art     : Explicit concurrent mark sweep GC freed 3093(110KB) AllocSpace objects, 2(40KB) LOS objects, 29% free, 39MB/55MB, paused 424us total 30.273ms
08-05 14:46:37.332  7308  7568 I art     : Starting a blocking GC Explicit
08-05 14:46:37.359  7308  7568 I art     : Explicit concurrent mark sweep GC freed 254(5KB) AllocSpace objects, 0(0B) LOS objects, 29% free, 39MB/55MB, paused 422us total 26.708ms
08-05 14:46:37.371  7308  7568 I art     : Starting a blocking GC Explicit
08-05 14:46:37.396  7308  7568 I art     : Explicit concurrent mark sweep GC freed 148(2528B) AllocSpace objects, 0(0B) LOS objects, 29% free, 39MB/55MB, paused 402us total 25.516ms
08-05 14:46:37.408  7308  7568 I art     : Starting a blocking GC Explicit
08-05 14:46:37.435  7308  7568 I art     : Explicit concurrent mark sweep GC freed 174(2928B) AllocSpace objects, 0(0B) LOS objects, 29% free, 39MB/55MB, paused 472us total 26.278ms
08-05 14:46:37.447  7308  7568 I art     : Starting a blocking GC Explicit
08-05 14:46:37.474  7308  7568 I art     : Explicit concurrent mark sweep GC freed 192(3KB) AllocSpace objects, 0(0B) LOS objects, 29% free, 39MB/55MB, paused 418us total 26.613ms
08-05 14:46:37.844  7308  7328 I art     : Starting a blocking GC Explicit
08-05 14:46:37.874  7308  7328 I art     : Explicit concurrent mark sweep GC freed 3153(111KB) AllocSpace objects, 2(40KB) LOS objects, 29% free, 39MB/55MB, paused 397us total 29.660ms
08-05 14:46:37.890  7308  7328 I art     : Starting a blocking GC Explicit
08-05 14:46:37.916  7308  7328 I art     : Explicit concurrent mark sweep GC freed 166(3KB) AllocSpace objects, 0(0B) LOS objects, 29% free, 39MB/55MB, paused 406us total 25.654ms
08-05 14:46:37.928  7308  7328 I art     : Starting a blocking GC Explicit
08-05 14:46:37.954  7308  7328 I art     : Explicit concurrent mark sweep GC freed 219(3KB) AllocSpace objects, 0(0B) LOS objects, 29% free, 39MB/55MB, paused 394us total 25.992ms
08-05 14:46:37.966  7308  7328 I art     : Starting a blocking GC Explicit
08-05 14:46:37.994  7308  7328 I art     : Explicit concurrent mark sweep GC freed 146(2464B) AllocSpace objects, 0(0B) LOS objects, 29% free, 39MB/55MB, paused 427us total 27.133ms
08-05 14:46:38.006  7308  7328 I art     : Starting a blocking GC Explicit
08-05 14:46:38.032  7308  7328 I art     : Explicit concurrent mark sweep GC freed 148(2528B) AllocSpace objects, 0(0B) LOS objects, 29% free, 39MB/55MB, paused 397us total 26.088ms
08-05 14:46:38.419  7308  7322 I art     : Starting a blocking GC Explicit
08-05 14:46:38.447  7308  7322 I art     : Explicit concurrent mark sweep GC freed 3225(112KB) AllocSpace objects, 2(40KB) LOS objects, 29% free, 39MB/55MB, paused 448us total 27.445ms
08-05 14:46:38.458  7308  7322 I art     : Starting a blocking GC Explicit
08-05 14:46:38.483  7308  7322 I art     : Explicit concurrent mark sweep GC freed 166(3KB) AllocSpace objects, 0(0B) LOS objects, 29% free, 39MB/55MB, paused 378us total 23.559ms
08-05 14:46:38.495  7308  7322 I art     : Starting a blocking GC Explicit
08-05 14:46:38.518  7308  7322 I art     : Explicit concurrent mark sweep GC freed 183(3KB) AllocSpace objects, 0(0B) LOS objects, 29% free, 39MB/55MB, paused 481us total 22.979ms
08-05 14:46:38.530  7308  7322 I art     : Starting a blocking GC Explicit
08-05 14:46:38.553  7308  7322 I art     : Explicit concurrent mark sweep GC freed 182(3KB) AllocSpace objects, 0(0B) LOS objects, 29% free, 39MB/55MB, paused 409us total 22.709ms
08-05 14:46:38.564  7308  7322 I art     : Starting a blocking GC Explicit
08-05 14:46:38.587  7308  7322 I art     : Explicit concurrent mark sweep GC freed 148(2528B) AllocSpace objects, 0(0B) LOS objects, 29% free, 39MB/55MB, paused 421us total 22.974ms
08-05 14:46:38.824  7776  7776 D AndroidRuntime: >>>>>> START com.android.internal.os.RuntimeInit uid 2000 <<<<<<
08-05 14:46:38.829  7776  7776 D AndroidRuntime: CheckJNI is OFF
08-05 14:46:38.860  7776  7776 D ICU     : No timezone override file found: /data/misc/zoneinfo/current/icu/icu_tzdata.dat
08-05 14:46:38.892  7776  7776 I Radio-JNI: register_android_hardware_Radio DONE
08-05 14:46:38.914  7776  7776 D AndroidRuntime: Calling main entry com.android.commands.input.Input
08-05 14:46:38.915  7776  7776 I Input   : injectKeyEvent: KeyEvent { action=ACTION_DOWN, keyCode=KEYCODE_BACK, scanCode=0, metaState=0, flags=0x0, repeatCount=0, eventTime=802015328, downTime=802015328, deviceId=-1, source=0x101 }
08-05 14:46:38.920  7776  7776 I Input   : injectKeyEvent: KeyEvent { action=ACTION_UP, keyCode=KEYCODE_BACK, scanCode=0, metaState=0, flags=0x0, repeatCount=0, eventTime=802015328, downTime=802015328, deviceId=-1, source=0x101 }
08-05 14:46:38.924  7308  7321 I art     : Starting a blocking GC Explicit
08-05 14:46:38.925  7776  7776 D AndroidRuntime: Shutting down VM
08-05 14:46:38.950  7308  7321 I art     : Explicit concurrent mark sweep GC freed 2990(110KB) AllocSpace objects, 2(40KB) LOS objects, 29% free, 39MB/55MB, paused 396us total 25.793ms
08-05 14:46:38.962  7308  7321 I art     : Starting a blocking GC Explicit
08-05 14:46:38.962 13866 13866 I GoogleInputMethodServic: GoogleInputMethodService.onFinishInput():3138 
08-05 14:46:38.963 13866 13866 I GoogleInputMethodServic: GoogleInputMethodService.onStartInput():1808 
08-05 14:46:38.987  7308  7321 I art     : Explicit concurrent mark sweep GC freed 287(6KB) AllocSpace objects, 0(0B) LOS objects, 29% free, 39MB/55MB, paused 507us total 25.210ms
08-05 14:46:39.001  7308  7321 I art     : Starting a blocking GC Explicit
08-05 14:46:39.024  7308  7321 I art     : Explicit concurrent mark sweep GC freed 154(2752B) AllocSpace objects, 0(0B) LOS objects, 29% free, 39MB/55MB, paused 364us total 22.817ms
08-05 14:46:39.036  7308  7321 I art     : Starting a blocking GC Explicit
08-05 14:46:39.061  7308  7321 I art     : Explicit concurrent mark sweep GC freed 148(2528B) AllocSpace objects, 0(0B) LOS objects, 29% free, 39MB/55MB, paused 369us total 24.928ms
08-05 14:46:39.073  7308  7321 I art     : Starting a blocking GC Explicit
08-05 14:46:39.101  7308  7321 I art     : Explicit concurrent mark sweep GC freed 147(2496B) AllocSpace objects, 0(0B) LOS objects, 29% free, 39MB/55MB, paused 403us total 27.893ms
08-05 14:46:39.252   380   380 W SurfaceFlinger: couldn't log to binary event log: overflow.
08-05 14:46:39.399  7308  7321 I art     : Starting a blocking GC Explicit
08-05 14:46:39.427  7308  7321 I art     : Explicit concurrent mark sweep GC freed 2628(103KB) AllocSpace objects, 4(404KB) LOS objects, 29% free, 38MB/54MB, paused 462us total 27.785ms
08-05 14:46:39.440  7308  7321 I art     : Starting a blocking GC Explicit
08-05 14:46:39.466  7308  7321 I art     : Explicit concurrent mark sweep GC freed 4812(341KB) AllocSpace objects, 7(132KB) LOS objects, 29% free, 38MB/54MB, paused 403us total 26.273ms
08-05 14:46:39.478  7308  7321 I art     : Starting a blocking GC Explicit
08-05 14:46:39.503  7308  7321 I art     : Explicit concurrent mark sweep GC freed 145(2448B) AllocSpace objects, 0(0B) LOS objects, 29% free, 38MB/54MB, paused 440us total 24.861ms
08-05 14:46:39.516  7308  7321 I art     : Starting a blocking GC Explicit
08-05 14:46:39.541  7308  7321 I art     : Explicit concurrent mark sweep GC freed 101(1744B) AllocSpace objects, 0(0B) LOS objects, 29% free, 38MB/54MB, paused 401us total 25.518ms
08-05 14:46:39.554  7308  7321 I art     : Starting a blocking GC Explicit
08-05 14:46:39.581  7308  7321 I art     : Explicit concurrent mark sweep GC freed 99(1696B) AllocSpace objects, 0(0B) LOS objects, 29% free, 38MB/54MB, paused 409us total 26.728ms
08-05 14:46:39.920  7308  7322 I art     : Starting a blocking GC Explicit
08-05 14:46:39.946  7308  7322 I art     : Explicit concurrent mark sweep GC freed 2482(100KB) AllocSpace objects, 2(40KB) LOS objects, 29% free, 38MB/54MB, paused 409us total 25.429ms
08-05 14:46:39.959  7308  7322 I art     : Starting a blocking GC Explicit
08-05 14:46:39.985  7308  7322 I art     : Explicit concurrent mark sweep GC freed 118(2384B) AllocSpace objects, 0(0B) LOS objects, 29% free, 38MB/54MB, paused 524us total 25.783ms
08-05 14:46:39.998  7308  7322 I art     : Starting a blocking GC Explicit
08-05 14:46:40.024  7308  7322 I art     : Explicit concurrent mark sweep GC freed 147(2496B) AllocSpace objects, 0(0B) LOS objects, 29% free, 38MB/54MB, paused 404us total 25.145ms
08-05 14:46:40.036  7308  7322 I art     : Starting a blocking GC Explicit
08-05 14:46:40.062  7308  7322 I art     : Explicit concurrent mark sweep GC freed 98(1664B) AllocSpace objects, 0(0B) LOS objects, 29% free, 38MB/54MB, paused 411us total 26.137ms
08-05 14:46:40.074  7308  7322 I art     : Starting a blocking GC Explicit
08-05 14:46:40.101  7308  7322 I art     : Explicit concurrent mark sweep GC freed 100(1728B) AllocSpace objects, 0(0B) LOS objects, 29% free, 38MB/54MB, paused 417us total 25.963ms
08-05 14:46:40.229   918  3188 I hubconnection: sensorhub said: 'set_bias 3: -6.2400, 0.0000, 0.0000'
08-05 14:46:40.412  7308  7328 I art     : Starting a blocking GC Explicit
08-05 14:46:40.438  7308  7328 I art     : Explicit concurrent mark sweep GC freed 2455(100KB) AllocSpace objects, 2(40KB) LOS objects, 29% free, 38MB/54MB, paused 473us total 26.221ms
08-05 14:46:40.450  7308  7328 I art     : Starting a blocking GC Explicit
08-05 14:46:40.474  7308  7328 I art     : Explicit concurrent mark sweep GC freed 129(2960B) AllocSpace objects, 0(0B) LOS objects, 29% free, 38MB/54MB, paused 454us total 23.080ms
08-05 14:46:40.485  7308  7328 I art     : Starting a blocking GC Explicit
08-05 14:46:40.509  7308  7328 I art     : Explicit concurrent mark sweep GC freed 98(1664B) AllocSpace objects, 0(0B) LOS objects, 29% free, 38MB/54MB, paused 426us total 23.145ms
08-05 14:46:40.520  7308  7328 I art     : Starting a blocking GC Explicit
08-05 14:46:40.542  7308  7328 I art     : Explicit concurrent mark sweep GC freed 99(1696B) AllocSpace objects, 0(0B) LOS objects, 29% free, 38MB/54MB, paused 464us total 21.742ms
08-05 14:46:40.553  7308  7328 I art     : Starting a blocking GC Explicit
08-05 14:46:40.575  7308  7328 I art     : Explicit concurrent mark sweep GC freed 99(1696B) AllocSpace objects, 0(0B) LOS objects, 29% free, 38MB/54MB, paused 416us total 22.332ms
08-05 14:46:40.578  7828  7828 D AndroidRuntime: >>>>>> START com.android.internal.os.RuntimeInit uid 2000 <<<<<<
08-05 14:46:40.582  7828  7828 D AndroidRuntime: CheckJNI is OFF
08-05 14:46:40.613  7828  7828 D ICU     : No timezone override file found: /data/misc/zoneinfo/current/icu/icu_tzdata.dat
08-05 14:46:40.643  7828  7828 I Radio-JNI: register_android_hardware_Radio DONE
08-05 14:46:40.663  7828  7828 D AndroidRuntime: Calling main entry com.android.commands.input.Input
08-05 14:46:40.665  7828  7828 I Input   : injectMotionEvent: MotionEvent { action=ACTION_DOWN, actionButton=0, id[0]=0, x[0]=504.0, y[0]=1706.0, toolType[0]=TOOL_TYPE_UNKNOWN, buttonState=0, metaState=0, flags=0x0, edgeFlags=0x0, pointerCount=1, historySize=0, eventTime=802017078, downTime=802017078, deviceId=0, source=0x1002 }
08-05 14:46:40.671  7828  7828 I Input   : injectMotionEvent: MotionEvent { action=ACTION_UP, actionButton=0, id[0]=0, x[0]=504.0, y[0]=1706.0, toolType[0]=TOOL_TYPE_UNKNOWN, buttonState=0, metaState=0, flags=0x0, edgeFlags=0x0, pointerCount=1, historySize=0, eventTime=802017078, downTime=802017078, deviceId=0, source=0x1002 }
08-05 14:46:40.672  7828  7828 D AndroidRuntime: Shutting down VM
08-05 14:46:40.674   512  2967 D audio_hw_primary: out_set_parameters: enter: usecase(1: low-latency-playback) kvpairs: routing=2
08-05 14:46:40.676   918  3961 I ActivityManager: START u0 {cmp=baseline.io.github.project_travel_mate/.destinations.funfacts.FunFactsActivity (has extras)} from uid 10674 on display 0
08-05 14:46:40.686   512  2967 D audio_hw_primary: select_devices: out_snd_device(2: speaker) in_snd_device(0: none)
08-05 14:46:40.686   512  2967 D msm8974_platform: platform_send_audio_calibration: sending audio calibration for snd_device(2) acdb_id(15)
08-05 14:46:40.687   512  2967 I soundtrigger: audio_extn_sound_trigger_update_device_status: device 0x2 of type 0 for Event 1
08-05 14:46:40.695  7308  7381 D Gabe    : call	returning from cache
08-05 14:46:40.697  7308  7308 V EXECUTING: https://project-travel-mate.herokuapp.com/api/get-city-facts/1
08-05 14:46:40.697   512  2967 D audio_hw_primary: enable_snd_device: snd_device(2: speaker)
08-05 14:46:40.699   512  2967 D audio_hw_primary: enable_audio_route: apply and update mixer path: low-latency-playback speaker
08-05 14:46:40.823 13866 13866 I GoogleInputMethodServic: GoogleInputMethodService.onFinishInput():3138 
08-05 14:46:40.824 13866 13866 I GoogleInputMethodServic: GoogleInputMethodService.onStartInput():1808 
08-05 14:46:40.824   918   936 I ActivityManager: Displayed baseline.io.github.project_travel_mate/.destinations.funfacts.FunFactsActivity: +140ms
08-05 14:46:40.870  7308  7322 I art     : Starting a blocking GC Explicit
08-05 14:46:40.898  7308  7322 I art     : Explicit concurrent mark sweep GC freed 4150(284KB) AllocSpace objects, 2(40KB) LOS objects, 27% free, 42MB/58MB, paused 467us total 27.711ms
08-05 14:46:40.911  7308  7322 I art     : Starting a blocking GC Explicit
08-05 14:46:40.935  7308  7322 I art     : Explicit concurrent mark sweep GC freed 271(8KB) AllocSpace objects, 0(0B) LOS objects, 27% free, 42MB/58MB, paused 451us total 24.245ms
08-05 14:46:40.947  7308  7322 I art     : Starting a blocking GC Explicit
08-05 14:46:40.971  7308  7322 I art     : Explicit concurrent mark sweep GC freed 189(3KB) AllocSpace objects, 0(0B) LOS objects, 27% free, 42MB/58MB, paused 498us total 24.328ms
08-05 14:46:40.984  7308  7322 I art     : Starting a blocking GC Explicit
08-05 14:46:41.011  7308  7322 I art     : Explicit concurrent mark sweep GC freed 178(3040B) AllocSpace objects, 0(0B) LOS objects, 27% free, 42MB/58MB, paused 496us total 26.388ms
08-05 14:46:41.025  7308  7322 I art     : Starting a blocking GC Explicit
08-05 14:46:41.056  7308  7322 I art     : Explicit concurrent mark sweep GC freed 218(3KB) AllocSpace objects, 0(0B) LOS objects, 27% free, 42MB/58MB, paused 444us total 30.296ms
08-05 14:46:41.070   380   380 W SurfaceFlinger: couldn't log to binary event log: overflow.
08-05 14:46:41.238   512  2967 D audio_hw_primary: disable_audio_route: reset and update mixer path: low-latency-playback speaker
08-05 14:46:41.239   512  2967 D audio_hw_primary: disable_snd_device: snd_device(2: speaker)
08-05 14:46:41.247   512  2967 I soundtrigger: audio_extn_sound_trigger_update_device_status: device 0x2 of type 0 for Event 0
08-05 14:46:41.385  7308  7328 I art     : Starting a blocking GC Explicit
08-05 14:46:41.389  7308  7852 I NAPPA_EXPERIMENTATION: MetricNetworkRequestExecutionTime: REQUEST_DURATION_SYSTEM='691',REQUEST_DURATION_OKHTTP='38',REQUEST_SYNCHRONOUS='FALSE',RESPONSE_CODE='200',RESPONSE_METHOD='GET',RESPONSE_LENGTH_OKHTTP='1793',RESPONSE_LENGTH_HEADER='1793',REQUEST_PROTOCOL='http/1.1',REQUEST_URL='https://project-travel-mate.herokuapp.com/api/get-city-facts/1',
08-05 14:46:41.390  7308  7852 V EXECUTING: https://project-travel-mate.herokuapp.com/api/get-city-images/1
08-05 14:46:41.414  7308  7328 I art     : Explicit concurrent mark sweep GC freed 5553(278KB) AllocSpace objects, 5(240KB) LOS objects, 27% free, 43MB/59MB, paused 570us total 28.337ms
08-05 14:46:41.426  7308  7328 I art     : Starting a blocking GC Explicit
08-05 14:46:41.451  7308  7328 I art     : Explicit concurrent mark sweep GC freed 1163(122KB) AllocSpace objects, 0(0B) LOS objects, 27% free, 43MB/59MB, paused 643us total 25.236ms
08-05 14:46:41.463  7308  7328 I art     : Starting a blocking GC Explicit
08-05 14:46:41.489  7308  7328 I art     : Explicit concurrent mark sweep GC freed 125(2144B) AllocSpace objects, 0(0B) LOS objects, 27% free, 43MB/59MB, paused 600us total 25.226ms
08-05 14:46:41.501  7308  7328 I art     : Starting a blocking GC Explicit
08-05 14:46:41.525  7308  7328 I art     : Explicit concurrent mark sweep GC freed 131(2192B) AllocSpace objects, 0(0B) LOS objects, 27% free, 43MB/59MB, paused 637us total 24.295ms
08-05 14:46:41.538  7308  7328 I art     : Starting a blocking GC Explicit
08-05 14:46:41.562  7308  7328 I art     : Explicit concurrent mark sweep GC freed 26(464B) AllocSpace objects, 0(0B) LOS objects, 27% free, 43MB/59MB, paused 526us total 24.345ms
08-05 14:46:41.872  7308  7568 I art     : Starting a blocking GC Explicit
08-05 14:46:41.899  7308  7874 I NAPPA_EXPERIMENTATION: MetricNetworkRequestExecutionTime: REQUEST_DURATION_SYSTEM='508',REQUEST_DURATION_OKHTTP='39',REQUEST_SYNCHRONOUS='FALSE',RESPONSE_CODE='200',RESPONSE_METHOD='GET',RESPONSE_LENGTH_OKHTTP='183',RESPONSE_LENGTH_HEADER='183',REQUEST_PROTOCOL='http/1.1',REQUEST_URL='https://project-travel-mate.herokuapp.com/api/get-city-images/1',
08-05 14:46:41.900  7308  7568 I art     : Explicit concurrent mark sweep GC freed 4816(228KB) AllocSpace objects, 5(240KB) LOS objects, 26% free, 43MB/59MB, paused 653us total 27.097ms
08-05 14:46:41.911  7308  7568 I art     : Starting a blocking GC Explicit
08-05 14:46:41.937  7308  7568 I art     : Explicit concurrent mark sweep GC freed 1198(129KB) AllocSpace objects, 0(0B) LOS objects, 26% free, 43MB/59MB, paused 638us total 25.790ms
08-05 14:46:41.939  7308  7874 V RESPONSE: [{"id":17,"image_url":"https://upload.wikimedia.org/wikipedia/commons/9/94/%E0%B4%96%E0%B5%81%E0%B4%A4%E0%B5%8D%E0%B4%AC%E0%B5%8D_%E0%B4%AE%E0%B4%BF%E0%B4%A8%E0%B4%BE%E0%B5%BC1.jpg"}]
08-05 14:46:41.950  7308  7568 I art     : Starting a blocking GC Explicit
08-05 14:46:41.975  7308  7568 I art     : Explicit concurrent mark sweep GC freed 249(8KB) AllocSpace objects, 0(0B) LOS objects, 26% free, 43MB/59MB, paused 592us total 25.236ms
08-05 14:46:41.987  7308  7568 I art     : Starting a blocking GC Explicit
08-05 14:46:42.013  7308  7568 I art     : Explicit concurrent mark sweep GC freed 190(26KB) AllocSpace objects, 0(0B) LOS objects, 26% free, 43MB/59MB, paused 586us total 25.645ms
08-05 14:46:42.025  7308  7568 I art     : Starting a blocking GC Explicit
08-05 14:46:42.052  7308  7568 I art     : Explicit concurrent mark sweep GC freed 3065(157KB) AllocSpace objects, 0(0B) LOS objects, 26% free, 43MB/59MB, paused 839us total 26.608ms
08-05 14:46:42.364  7308  7322 I art     : Starting a blocking GC Explicit
08-05 14:46:42.396  7308  7322 I art     : Explicit concurrent mark sweep GC freed 3006(123KB) AllocSpace objects, 3(4MB) LOS objects, 28% free, 39MB/55MB, paused 462us total 32.589ms
08-05 14:46:42.413  7308  7322 I art     : Starting a blocking GC Explicit
08-05 14:46:42.441  7308  7322 I art     : Explicit concurrent mark sweep GC freed 255(5KB) AllocSpace objects, 0(0B) LOS objects, 28% free, 39MB/55MB, paused 479us total 27.257ms
08-05 14:46:42.453  7308  7322 I art     : Starting a blocking GC Explicit
08-05 14:46:42.480  7308  7322 I art     : Explicit concurrent mark sweep GC freed 148(2528B) AllocSpace objects, 0(0B) LOS objects, 28% free, 39MB/55MB, paused 448us total 26.695ms
08-05 14:46:42.492  7308  7322 I art     : Starting a blocking GC Explicit
08-05 14:46:42.521  7308  7322 I art     : Explicit concurrent mark sweep GC freed 147(2496B) AllocSpace objects, 0(0B) LOS objects, 28% free, 39MB/55MB, paused 433us total 28.338ms
08-05 14:46:42.533  7308  7322 I art     : Starting a blocking GC Explicit
08-05 14:46:42.561  7308  7322 I art     : Explicit concurrent mark sweep GC freed 219(3KB) AllocSpace objects, 0(0B) LOS objects, 28% free, 39MB/55MB, paused 462us total 27.891ms
08-05 14:46:42.928  7308  7568 I art     : Starting a blocking GC Explicit
08-05 14:46:42.956  7308  7568 I art     : Explicit concurrent mark sweep GC freed 3087(110KB) AllocSpace objects, 2(40KB) LOS objects, 28% free, 39MB/55MB, paused 568us total 27.363ms
08-05 14:46:42.967  7308  7568 I art     : Starting a blocking GC Explicit
08-05 14:46:42.994  7308  7568 I art     : Explicit concurrent mark sweep GC freed 234(4KB) AllocSpace objects, 0(0B) LOS objects, 28% free, 39MB/55MB, paused 452us total 26.627ms
08-05 14:46:43.006  7308  7568 I art     : Starting a blocking GC Explicit
08-05 14:46:43.034  7308  7568 I art     : Explicit concurrent mark sweep GC freed 147(2496B) AllocSpace objects, 0(0B) LOS objects, 28% free, 39MB/55MB, paused 452us total 27.298ms
08-05 14:46:43.046  7308  7568 I art     : Starting a blocking GC Explicit
08-05 14:46:43.073  7308  7568 I art     : Explicit concurrent mark sweep GC freed 173(2912B) AllocSpace objects, 0(0B) LOS objects, 28% free, 39MB/55MB, paused 545us total 26.920ms
08-05 14:46:43.086  7308  7568 I art     : Starting a blocking GC Explicit
08-05 14:46:43.113  7308  7568 I art     : Explicit concurrent mark sweep GC freed 199(3KB) AllocSpace objects, 0(0B) LOS objects, 28% free, 39MB/55MB, paused 484us total 27.189ms
08-05 14:46:43.325  7907  7907 D AndroidRuntime: >>>>>> START com.android.internal.os.RuntimeInit uid 2000 <<<<<<
08-05 14:46:43.329  7907  7907 D AndroidRuntime: CheckJNI is OFF
08-05 14:46:43.360  7907  7907 D ICU     : No timezone override file found: /data/misc/zoneinfo/current/icu/icu_tzdata.dat
08-05 14:46:43.391  7907  7907 I Radio-JNI: register_android_hardware_Radio DONE
08-05 14:46:43.413  7907  7907 D AndroidRuntime: Calling main entry com.android.commands.input.Input
08-05 14:46:43.415  7907  7907 I Input   : injectKeyEvent: KeyEvent { action=ACTION_DOWN, keyCode=KEYCODE_BACK, scanCode=0, metaState=0, flags=0x0, repeatCount=0, eventTime=802019828, downTime=802019828, deviceId=-1, source=0x101 }
08-05 14:46:43.419  7907  7907 I Input   : injectKeyEvent: KeyEvent { action=ACTION_UP, keyCode=KEYCODE_BACK, scanCode=0, metaState=0, flags=0x0, repeatCount=0, eventTime=802019828, downTime=802019828, deviceId=-1, source=0x101 }
08-05 14:46:43.426  7907  7907 D AndroidRuntime: Shutting down VM
08-05 14:46:43.458  7308  7321 I art     : Starting a blocking GC Explicit
08-05 14:46:43.465 13866 13866 I GoogleInputMethodServic: GoogleInputMethodService.onFinishInput():3138 
08-05 14:46:43.466 13866 13866 I GoogleInputMethodServic: GoogleInputMethodService.onStartInput():1808 
08-05 14:46:43.488  7308  7321 I art     : Explicit concurrent mark sweep GC freed 3068(112KB) AllocSpace objects, 2(40KB) LOS objects, 28% free, 39MB/55MB, paused 699us total 29.353ms
08-05 14:46:43.502  7308  7321 I art     : Starting a blocking GC Explicit
08-05 14:46:43.526  7308  7321 I art     : Explicit concurrent mark sweep GC freed 311(5KB) AllocSpace objects, 0(0B) LOS objects, 28% free, 39MB/55MB, paused 434us total 23.902ms
08-05 14:46:43.538  7308  7321 I art     : Starting a blocking GC Explicit
08-05 14:46:43.564  7308  7321 I art     : Explicit concurrent mark sweep GC freed 147(2496B) AllocSpace objects, 0(0B) LOS objects, 28% free, 39MB/55MB, paused 415us total 25.899ms
08-05 14:46:43.576  7308  7321 I art     : Starting a blocking GC Explicit
08-05 14:46:43.602  7308  7321 I art     : Explicit concurrent mark sweep GC freed 147(2496B) AllocSpace objects, 0(0B) LOS objects, 28% free, 39MB/55MB, paused 439us total 25.594ms
08-05 14:46:43.615  7308  7321 I art     : Starting a blocking GC Explicit
08-05 14:46:43.642  7308  7321 I art     : Explicit concurrent mark sweep GC freed 214(3KB) AllocSpace objects, 0(0B) LOS objects, 28% free, 39MB/55MB, paused 728us total 26.550ms
08-05 14:46:43.756   380   380 W SurfaceFlinger: couldn't log to binary event log: overflow.
08-05 14:46:43.951  7308  7568 I art     : Starting a blocking GC Explicit
08-05 14:46:43.981  7308  7568 I art     : Explicit concurrent mark sweep GC freed 3407(141KB) AllocSpace objects, 4(404KB) LOS objects, 29% free, 38MB/54MB, paused 557us total 29.258ms
08-05 14:46:43.993  7308  7568 I art     : Starting a blocking GC Explicit
08-05 14:46:44.018  7308  7568 I art     : Explicit concurrent mark sweep GC freed 5510(267KB) AllocSpace objects, 1(28KB) LOS objects, 29% free, 38MB/54MB, paused 562us total 24.154ms
08-05 14:46:44.029  7308  7568 I art     : Starting a blocking GC Explicit
08-05 14:46:44.054  7308  7568 I art     : Explicit concurrent mark sweep GC freed 105(1984B) AllocSpace objects, 0(0B) LOS objects, 29% free, 38MB/54MB, paused 461us total 24.595ms
08-05 14:46:44.066  7308  7568 I art     : Starting a blocking GC Explicit
08-05 14:46:44.091  7308  7568 I art     : Explicit concurrent mark sweep GC freed 128(2160B) AllocSpace objects, 0(0B) LOS objects, 29% free, 38MB/54MB, paused 577us total 25.055ms
08-05 14:46:44.103  7308  7568 I art     : Starting a blocking GC Explicit
08-05 14:46:44.129  7308  7568 I art     : Explicit concurrent mark sweep GC freed 118(2032B) AllocSpace objects, 0(0B) LOS objects, 29% free, 38MB/54MB, paused 459us total 26.274ms
08-05 14:46:44.465  7308  7322 I art     : Starting a blocking GC Explicit
08-05 14:46:44.493  7308  7322 I art     : Explicit concurrent mark sweep GC freed 2482(100KB) AllocSpace objects, 2(40KB) LOS objects, 29% free, 38MB/54MB, paused 478us total 28.255ms
08-05 14:46:44.508  7308  7322 I art     : Starting a blocking GC Explicit
08-05 14:46:44.533  7308  7322 I art     : Explicit concurrent mark sweep GC freed 119(2416B) AllocSpace objects, 0(0B) LOS objects, 29% free, 38MB/54MB, paused 477us total 25.426ms
08-05 14:46:44.545  7308  7322 I art     : Starting a blocking GC Explicit
08-05 14:46:44.571  7308  7322 I art     : Explicit concurrent mark sweep GC freed 99(1696B) AllocSpace objects, 0(0B) LOS objects, 29% free, 38MB/54MB, paused 460us total 25.529ms
08-05 14:46:44.583  7308  7322 I art     : Starting a blocking GC Explicit
08-05 14:46:44.609  7308  7322 I art     : Explicit concurrent mark sweep GC freed 146(2464B) AllocSpace objects, 0(0B) LOS objects, 29% free, 38MB/54MB, paused 483us total 25.798ms
08-05 14:46:44.621  7308  7322 I art     : Starting a blocking GC Explicit
08-05 14:46:44.647  7308  7322 I art     : Explicit concurrent mark sweep GC freed 100(1728B) AllocSpace objects, 0(0B) LOS objects, 29% free, 38MB/54MB, paused 492us total 25.643ms
08-05 14:46:44.961  7308  7328 I art     : Starting a blocking GC Explicit
08-05 14:46:44.988  7308  7328 I art     : Explicit concurrent mark sweep GC freed 2387(98KB) AllocSpace objects, 2(40KB) LOS objects, 29% free, 38MB/54MB, paused 478us total 27.098ms
08-05 14:46:45.001  7308  7328 I art     : Starting a blocking GC Explicit
08-05 14:46:45.027  7308  7328 I art     : Explicit concurrent mark sweep GC freed 166(3KB) AllocSpace objects, 0(0B) LOS objects, 29% free, 38MB/54MB, paused 516us total 25.594ms
08-05 14:46:45.039  7308  7328 I art     : Starting a blocking GC Explicit
08-05 14:46:45.065  7308  7328 I art     : Explicit concurrent mark sweep GC freed 99(1696B) AllocSpace objects, 0(0B) LOS objects, 29% free, 38MB/54MB, paused 495us total 25.716ms
08-05 14:46:45.073  7950  7950 D AndroidRuntime: >>>>>> START com.android.internal.os.RuntimeInit uid 2000 <<<<<<
08-05 14:46:45.077  7308  7328 I art     : Starting a blocking GC Explicit
08-05 14:46:45.077  7950  7950 D AndroidRuntime: CheckJNI is OFF
08-05 14:46:45.102  7308  7328 I art     : Explicit concurrent mark sweep GC freed 99(1696B) AllocSpace objects, 0(0B) LOS objects, 29% free, 38MB/54MB, paused 472us total 24.870ms
08-05 14:46:45.113  7950  7950 D ICU     : No timezone override file found: /data/misc/zoneinfo/current/icu/icu_tzdata.dat
08-05 14:46:45.114  7308  7328 I art     : Starting a blocking GC Explicit
08-05 14:46:45.140  7308  7328 I art     : Explicit concurrent mark sweep GC freed 100(1728B) AllocSpace objects, 0(0B) LOS objects, 29% free, 38MB/54MB, paused 454us total 25.794ms
08-05 14:46:45.150  7950  7950 I Radio-JNI: register_android_hardware_Radio DONE
08-05 14:46:45.172  7950  7950 D AndroidRuntime: Calling main entry com.android.commands.input.Input
08-05 14:46:45.173  7950  7950 I Input   : injectMotionEvent: MotionEvent { action=ACTION_DOWN, actionButton=0, id[0]=0, x[0]=504.0, y[0]=1706.0, toolType[0]=TOOL_TYPE_UNKNOWN, buttonState=0, metaState=0, flags=0x0, edgeFlags=0x0, pointerCount=1, historySize=0, eventTime=802021586, downTime=802021586, deviceId=0, source=0x1002 }
08-05 14:46:45.179  7950  7950 I Input   : injectMotionEvent: MotionEvent { action=ACTION_UP, actionButton=0, id[0]=0, x[0]=504.0, y[0]=1706.0, toolType[0]=TOOL_TYPE_UNKNOWN, buttonState=0, metaState=0, flags=0x0, edgeFlags=0x0, pointerCount=1, historySize=0, eventTime=802021586, downTime=802021586, deviceId=0, source=0x1002 }
08-05 14:46:45.180  7950  7950 D AndroidRuntime: Shutting down VM
08-05 14:46:45.182   512  2967 D audio_hw_primary: out_set_parameters: enter: usecase(1: low-latency-playback) kvpairs: routing=2
08-05 14:46:45.184   918   929 I ActivityManager: START u0 {cmp=baseline.io.github.project_travel_mate/.destinations.funfacts.FunFactsActivity (has extras)} from uid 10674 on display 0
08-05 14:46:45.195   512  2967 D audio_hw_primary: select_devices: out_snd_device(2: speaker) in_snd_device(0: none)
08-05 14:46:45.195   512  2967 D msm8974_platform: platform_send_audio_calibration: sending audio calibration for snd_device(2) acdb_id(15)
08-05 14:46:45.195   512  2967 I soundtrigger: audio_extn_sound_trigger_update_device_status: device 0x2 of type 0 for Event 1
08-05 14:46:45.207   512  2967 D audio_hw_primary: enable_snd_device: snd_device(2: speaker)
08-05 14:46:45.209   512  2967 D audio_hw_primary: enable_audio_route: apply and update mixer path: low-latency-playback speaker
08-05 14:46:45.211  7308  7381 D Gabe    : call	returning from cache
08-05 14:46:45.213  7308  7308 V EXECUTING: https://project-travel-mate.herokuapp.com/api/get-city-facts/1
08-05 14:46:45.347   918   936 I ActivityManager: Displayed baseline.io.github.project_travel_mate/.destinations.funfacts.FunFactsActivity: +156ms
08-05 14:46:45.347 13866 13866 I GoogleInputMethodServic: GoogleInputMethodService.onFinishInput():3138 
08-05 14:46:45.348 13866 13866 I GoogleInputMethodServic: GoogleInputMethodService.onStartInput():1808 
08-05 14:46:45.439  7308  7322 I art     : Starting a blocking GC Explicit
08-05 14:46:45.464  7308  7322 I art     : Explicit concurrent mark sweep GC freed 4249(273KB) AllocSpace objects, 2(40KB) LOS objects, 27% free, 43MB/59MB, paused 461us total 25.059ms
08-05 14:46:45.476  7308  7322 I art     : Starting a blocking GC Explicit
08-05 14:46:45.501  7308  7322 I art     : Explicit concurrent mark sweep GC freed 274(8KB) AllocSpace objects, 0(0B) LOS objects, 27% free, 43MB/59MB, paused 460us total 24.455ms
08-05 14:46:45.513  7308  7322 I art     : Starting a blocking GC Explicit
08-05 14:46:45.544  7308  7322 I art     : Explicit concurrent mark sweep GC freed 218(3KB) AllocSpace objects, 0(0B) LOS objects, 27% free, 43MB/59MB, paused 507us total 31.332ms
08-05 14:46:45.560  7308  7322 I art     : Starting a blocking GC Explicit
08-05 14:46:45.589  7308  7322 I art     : Explicit concurrent mark sweep GC freed 148(2528B) AllocSpace objects, 0(0B) LOS objects, 27% free, 43MB/59MB, paused 538us total 29.493ms
08-05 14:46:45.605  7308  7322 I art     : Starting a blocking GC Explicit
08-05 14:46:45.608   380   380 W SurfaceFlinger: couldn't log to binary event log: overflow.
08-05 14:46:45.633  7308  7322 I art     : Explicit concurrent mark sweep GC freed 219(3KB) AllocSpace objects, 0(0B) LOS objects, 27% free, 43MB/59MB, paused 477us total 28.265ms
08-05 14:46:45.749   512  2967 D audio_hw_primary: disable_audio_route: reset and update mixer path: low-latency-playback speaker
08-05 14:46:45.750   512  2967 D audio_hw_primary: disable_snd_device: snd_device(2: speaker)
08-05 14:46:45.760   512  2967 I soundtrigger: audio_extn_sound_trigger_update_device_status: device 0x2 of type 0 for Event 0
08-05 14:46:45.955  7308  7328 I art     : Starting a blocking GC Explicit
08-05 14:46:45.981  7308  7328 I art     : Explicit concurrent mark sweep GC freed 2428(100KB) AllocSpace objects, 2(40KB) LOS objects, 27% free, 43MB/59MB, paused 663us total 26.153ms
08-05 14:46:45.994  7308  7328 I art     : Starting a blocking GC Explicit
08-05 14:46:46.019  7308  7328 I art     : Explicit concurrent mark sweep GC freed 145(2912B) AllocSpace objects, 0(0B) LOS objects, 27% free, 43MB/59MB, paused 687us total 25.115ms
08-05 14:46:46.032  7308  7328 I art     : Starting a blocking GC Explicit
08-05 14:46:46.059  7308  7328 I art     : Explicit concurrent mark sweep GC freed 1590(92KB) AllocSpace objects, 3(200KB) LOS objects, 26% free, 43MB/59MB, paused 1.061ms total 26.928ms
08-05 14:46:46.080  7308  7328 I art     : Starting a blocking GC Explicit
08-05 14:46:46.104  7308  7974 I NAPPA_EXPERIMENTATION: MetricNetworkRequestExecutionTime: REQUEST_DURATION_SYSTEM='889',REQUEST_DURATION_OKHTTP='35',REQUEST_SYNCHRONOUS='FALSE',RESPONSE_CODE='200',RESPONSE_METHOD='GET',RESPONSE_LENGTH_OKHTTP='1793',RESPONSE_LENGTH_HEADER='1793',REQUEST_PROTOCOL='http/1.1',REQUEST_URL='https://project-travel-mate.herokuapp.com/api/get-city-facts/1',
08-05 14:46:46.105  7308  7328 I art     : Explicit concurrent mark sweep GC freed 2170(168KB) AllocSpace objects, 0(0B) LOS objects, 26% free, 43MB/59MB, paused 544us total 25.479ms
08-05 14:46:46.105  7308  7974 V EXECUTING: https://project-travel-mate.herokuapp.com/api/get-city-images/1
08-05 14:46:46.118  7308  7328 I art     : Starting a blocking GC Explicit
08-05 14:46:46.145  7308  7328 I art     : Explicit concurrent mark sweep GC freed 621(39KB) AllocSpace objects, 0(0B) LOS objects, 26% free, 43MB/59MB, paused 694us total 26.766ms
08-05 14:46:46.465  7308  7322 I art     : Starting a blocking GC Explicit
08-05 14:46:46.491  7308  7322 I art     : Explicit concurrent mark sweep GC freed 2328(98KB) AllocSpace objects, 2(40KB) LOS objects, 26% free, 43MB/59MB, paused 588us total 25.847ms
08-05 14:46:46.504  7308  7322 I art     : Starting a blocking GC Explicit
08-05 14:46:46.530  7308  7322 I art     : Explicit concurrent mark sweep GC freed 110(3024B) AllocSpace objects, 0(0B) LOS objects, 26% free, 43MB/59MB, paused 722us total 26.672ms
08-05 14:46:46.542  7308  7322 I art     : Starting a blocking GC Explicit
08-05 14:46:46.570  7308  7322 I art     : Explicit concurrent mark sweep GC freed 1523(88KB) AllocSpace objects, 3(200KB) LOS objects, 26% free, 43MB/59MB, paused 994us total 28.061ms
08-05 14:46:46.590  7308  7322 I art     : Starting a blocking GC Explicit
08-05 14:46:46.616  7308  7322 I art     : Explicit concurrent mark sweep GC freed 2228(162KB) AllocSpace objects, 0(0B) LOS objects, 26% free, 43MB/59MB, paused 698us total 26.335ms
08-05 14:46:46.622  7308  7999 I NAPPA_EXPERIMENTATION: MetricNetworkRequestExecutionTime: REQUEST_DURATION_SYSTEM='515',REQUEST_DURATION_OKHTTP='41',REQUEST_SYNCHRONOUS='FALSE',RESPONSE_CODE='200',RESPONSE_METHOD='GET',RESPONSE_LENGTH_OKHTTP='183',RESPONSE_LENGTH_HEADER='183',REQUEST_PROTOCOL='http/1.1',REQUEST_URL='https://project-travel-mate.herokuapp.com/api/get-city-images/1',
08-05 14:46:46.629  7308  7322 I art     : Starting a blocking GC Explicit
08-05 14:46:46.656  7308  7322 I art     : Explicit concurrent mark sweep GC freed 174(12KB) AllocSpace objects, 0(0B) LOS objects, 26% free, 43MB/59MB, paused 677us total 26.327ms
08-05 14:46:46.659  7308  7999 V RESPONSE: [{"id":17,"image_url":"https://upload.wikimedia.org/wikipedia/commons/9/94/%E0%B4%96%E0%B5%81%E0%B4%A4%E0%B5%8D%E0%B4%AC%E0%B5%8D_%E0%B4%AE%E0%B4%BF%E0%B4%A8%E0%B4%BE%E0%B5%BC1.jpg"}]
08-05 14:46:47.013  7308  7328 I art     : Starting a blocking GC Explicit
08-05 14:46:47.048  7308  7328 I art     : Explicit concurrent mark sweep GC freed 6254(243KB) AllocSpace objects, 3(4MB) LOS objects, 28% free, 39MB/55MB, paused 787us total 34.711ms
08-05 14:46:47.060  7308  7328 I art     : Starting a blocking GC Explicit
08-05 14:46:47.089  7308  7328 I art     : Explicit concurrent mark sweep GC freed 343(11KB) AllocSpace objects, 0(0B) LOS objects, 28% free, 39MB/55MB, paused 504us total 28.745ms
08-05 14:46:47.101  7308  7328 I art     : Starting a blocking GC Explicit
08-05 14:46:47.129  7308  7328 I art     : Explicit concurrent mark sweep GC freed 220(3KB) AllocSpace objects, 0(0B) LOS objects, 28% free, 39MB/55MB, paused 478us total 27.840ms
08-05 14:46:47.142  7308  7328 I art     : Starting a blocking GC Explicit
08-05 14:46:47.170  7308  7328 I art     : Explicit concurrent mark sweep GC freed 147(2496B) AllocSpace objects, 0(0B) LOS objects, 28% free, 39MB/55MB, paused 487us total 28.096ms
08-05 14:46:47.182  7308  7328 I art     : Starting a blocking GC Explicit
08-05 14:46:47.212  7308  7328 I art     : Explicit concurrent mark sweep GC freed 206(3KB) AllocSpace objects, 0(0B) LOS objects, 28% free, 39MB/55MB, paused 628us total 29.160ms
08-05 14:46:47.526   918  3261 D WifiStateMachine: starting scan for "H369AA63323"WPA_PSK with 2412,5180
08-05 14:46:47.553  7308  7321 I art     : Starting a blocking GC Explicit
08-05 14:46:47.582  7308  7321 I art     : Explicit concurrent mark sweep GC freed 2988(108KB) AllocSpace objects, 2(40KB) LOS objects, 28% free, 39MB/55MB, paused 535us total 28.448ms
08-05 14:46:47.594  7308  7321 I art     : Starting a blocking GC Explicit
08-05 14:46:47.623  7308  7321 I art     : Explicit concurrent mark sweep GC freed 201(3KB) AllocSpace objects, 0(0B) LOS objects, 28% free, 39MB/55MB, paused 542us total 29.065ms
08-05 14:46:47.636  7308  7321 I art     : Starting a blocking GC Explicit
08-05 14:46:47.664  7308  7321 I art     : Explicit concurrent mark sweep GC freed 209(3KB) AllocSpace objects, 0(0B) LOS objects, 28% free, 39MB/55MB, paused 542us total 27.571ms
08-05 14:46:47.677  7308  7321 I art     : Starting a blocking GC Explicit
08-05 14:46:47.704  7308  7321 I art     : Explicit concurrent mark sweep GC freed 157(2656B) AllocSpace objects, 0(0B) LOS objects, 28% free, 39MB/55MB, paused 540us total 27.449ms
08-05 14:46:47.718  7308  7321 I art     : Starting a blocking GC Explicit
08-05 14:46:47.746  7308  7321 I art     : Explicit concurrent mark sweep GC freed 159(2704B) AllocSpace objects, 0(0B) LOS objects, 28% free, 39MB/55MB, paused 567us total 28.274ms
08-05 14:46:47.845  8027  8027 D AndroidRuntime: >>>>>> START com.android.internal.os.RuntimeInit uid 2000 <<<<<<
08-05 14:46:47.850  8027  8027 D AndroidRuntime: CheckJNI is OFF
08-05 14:46:47.884  8027  8027 D ICU     : No timezone override file found: /data/misc/zoneinfo/current/icu/icu_tzdata.dat
08-05 14:46:47.917  8027  8027 I Radio-JNI: register_android_hardware_Radio DONE
08-05 14:46:47.938  8027  8027 D AndroidRuntime: Calling main entry com.android.commands.input.Input
08-05 14:46:47.940  8027  8027 I Input   : injectKeyEvent: KeyEvent { action=ACTION_DOWN, keyCode=KEYCODE_BACK, scanCode=0, metaState=0, flags=0x0, repeatCount=0, eventTime=802024353, downTime=802024353, deviceId=-1, source=0x101 }
08-05 14:46:47.948  8027  8027 I Input   : injectKeyEvent: KeyEvent { action=ACTION_UP, keyCode=KEYCODE_BACK, scanCode=0, metaState=0, flags=0x0, repeatCount=0, eventTime=802024353, downTime=802024353, deviceId=-1, source=0x101 }
08-05 14:46:47.953  8027  8027 D AndroidRuntime: Shutting down VM
08-05 14:46:47.988 13866 13866 I GoogleInputMethodServic: GoogleInputMethodService.onFinishInput():3138 
08-05 14:46:47.988 13866 13866 I GoogleInputMethodServic: GoogleInputMethodService.onStartInput():1808 
08-05 14:46:48.078  7308  7568 I art     : Starting a blocking GC Explicit
08-05 14:46:48.110  7308  7568 I art     : Explicit concurrent mark sweep GC freed 3104(112KB) AllocSpace objects, 2(40KB) LOS objects, 28% free, 39MB/55MB, paused 501us total 31.293ms
08-05 14:46:48.124  7308  7568 I art     : Starting a blocking GC Explicit
08-05 14:46:48.158  7308  7568 I art     : Explicit concurrent mark sweep GC freed 242(4KB) AllocSpace objects, 0(0B) LOS objects, 28% free, 39MB/55MB, paused 503us total 33.667ms
08-05 14:46:48.173  7308  7568 I art     : Starting a blocking GC Explicit
08-05 14:46:48.208  7308  7568 I art     : Explicit concurrent mark sweep GC freed 220(3KB) AllocSpace objects, 0(0B) LOS objects, 28% free, 39MB/55MB, paused 511us total 35.122ms
08-05 14:46:48.223  7308  7568 I art     : Starting a blocking GC Explicit
08-05 14:46:48.259  7308  7568 I art     : Explicit concurrent mark sweep GC freed 219(3KB) AllocSpace objects, 0(0B) LOS objects, 28% free, 39MB/55MB, paused 496us total 35.904ms
08-05 14:46:48.272  7308  7568 I art     : Starting a blocking GC Explicit
08-05 14:46:48.277   380   380 W SurfaceFlinger: couldn't log to binary event log: overflow.
08-05 14:46:48.303  7308  7568 I art     : Explicit concurrent mark sweep GC freed 986(39KB) AllocSpace objects, 3(644KB) LOS objects, 29% free, 39MB/55MB, paused 472us total 30.409ms
08-05 14:46:48.556  2820  2820 I ServiceManager: Waiting for service AtCmdFwd...
08-05 14:46:48.635  7308  7322 I art     : Starting a blocking GC Explicit
08-05 14:46:48.668  7308  7322 I art     : Explicit concurrent mark sweep GC freed 2499(101KB) AllocSpace objects, 2(40KB) LOS objects, 29% free, 39MB/55MB, paused 620us total 32.649ms
08-05 14:46:48.683  7308  7322 I art     : Starting a blocking GC Explicit
08-05 14:46:48.710  7308  7322 I art     : Explicit concurrent mark sweep GC freed 5529(267KB) AllocSpace objects, 1(28KB) LOS objects, 29% free, 38MB/54MB, paused 488us total 26.423ms
08-05 14:46:48.721  7308  7322 I art     : Starting a blocking GC Explicit
08-05 14:46:48.748  7308  7322 I art     : Explicit concurrent mark sweep GC freed 147(2496B) AllocSpace objects, 0(0B) LOS objects, 29% free, 38MB/54MB, paused 507us total 25.989ms
08-05 14:46:48.760  7308  7322 I art     : Starting a blocking GC Explicit
08-05 14:46:48.787  7308  7322 I art     : Explicit concurrent mark sweep GC freed 99(1696B) AllocSpace objects, 0(0B) LOS objects, 29% free, 38MB/54MB, paused 523us total 26.646ms
08-05 14:46:48.799  7308  7322 I art     : Starting a blocking GC Explicit
08-05 14:46:48.826  7308  7322 I art     : Explicit concurrent mark sweep GC freed 99(1696B) AllocSpace objects, 0(0B) LOS objects, 29% free, 38MB/54MB, paused 503us total 26.777ms
08-05 14:46:49.176  7308  7321 I art     : Starting a blocking GC Explicit
08-05 14:46:49.205  7308  7321 I art     : Explicit concurrent mark sweep GC freed 2554(102KB) AllocSpace objects, 2(40KB) LOS objects, 29% free, 38MB/54MB, paused 731us total 29.072ms
08-05 14:46:49.218  7308  7321 I art     : Starting a blocking GC Explicit
08-05 14:46:49.244  7308  7321 I art     : Explicit concurrent mark sweep GC freed 134(3KB) AllocSpace objects, 0(0B) LOS objects, 29% free, 38MB/54MB, paused 512us total 26.424ms
08-05 14:46:49.257  7308  7321 I art     : Starting a blocking GC Explicit
08-05 14:46:49.282  7308  7321 I art     : Explicit concurrent mark sweep GC freed 147(2496B) AllocSpace objects, 0(0B) LOS objects, 29% free, 38MB/54MB, paused 487us total 25.137ms
08-05 14:46:49.294  7308  7321 I art     : Starting a blocking GC Explicit
08-05 14:46:49.321  7308  7321 I art     : Explicit concurrent mark sweep GC freed 98(1664B) AllocSpace objects, 0(0B) LOS objects, 29% free, 38MB/54MB, paused 552us total 26.798ms
08-05 14:46:49.333  7308  7321 I art     : Starting a blocking GC Explicit
08-05 14:46:49.360  7308  7321 I art     : Explicit concurrent mark sweep GC freed 100(1728B) AllocSpace objects, 0(0B) LOS objects, 29% free, 38MB/54MB, paused 522us total 26.481ms
08-05 14:46:49.556  2820  2820 I ServiceManager: Waiting for service AtCmdFwd...
08-05 14:46:49.598  8077  8077 D AndroidRuntime: >>>>>> START com.android.internal.os.RuntimeInit uid 2000 <<<<<<
08-05 14:46:49.603  8077  8077 D AndroidRuntime: CheckJNI is OFF
08-05 14:46:49.637  8077  8077 D ICU     : No timezone override file found: /data/misc/zoneinfo/current/icu/icu_tzdata.dat
08-05 14:46:49.671  8077  8077 I Radio-JNI: register_android_hardware_Radio DONE
08-05 14:46:49.685  7308  7568 I art     : Starting a blocking GC Explicit
08-05 14:46:49.694  8077  8077 D AndroidRuntime: Calling main entry com.android.commands.input.Input
08-05 14:46:49.696  8077  8077 I Input   : injectMotionEvent: MotionEvent { action=ACTION_DOWN, actionButton=0, id[0]=0, x[0]=693.0, y[0]=1450.0, toolType[0]=TOOL_TYPE_UNKNOWN, buttonState=0, metaState=0, flags=0x0, edgeFlags=0x0, pointerCount=1, historySize=0, eventTime=802026109, downTime=802026109, deviceId=0, source=0x1002 }
08-05 14:46:49.702  8077  8077 I Input   : injectMotionEvent: MotionEvent { action=ACTION_UP, actionButton=0, id[0]=0, x[0]=693.0, y[0]=1450.0, toolType[0]=TOOL_TYPE_UNKNOWN, buttonState=0, metaState=0, flags=0x0, edgeFlags=0x0, pointerCount=1, historySize=0, eventTime=802026109, downTime=802026109, deviceId=0, source=0x1002 }
08-05 14:46:49.704  8077  8077 D AndroidRuntime: Shutting down VM
08-05 14:46:49.705   918  3714 I ActivityManager: START u0 {cmp=baseline.io.github.project_travel_mate/.destinations.description.CityHistoryActivity} from uid 10674 on display 0
08-05 14:46:49.707   512  2967 D audio_hw_primary: out_set_parameters: enter: usecase(1: low-latency-playback) kvpairs: routing=2
08-05 14:46:49.713  7308  7568 I art     : Explicit concurrent mark sweep GC freed 2437(99KB) AllocSpace objects, 2(40KB) LOS objects, 29% free, 38MB/54MB, paused 606us total 28.054ms
08-05 14:46:49.720   512  2967 D audio_hw_primary: select_devices: out_snd_device(2: speaker) in_snd_device(0: none)
08-05 14:46:49.720   512  2967 D msm8974_platform: platform_send_audio_calibration: sending audio calibration for snd_device(2) acdb_id(15)
08-05 14:46:49.721   512  2967 I soundtrigger: audio_extn_sound_trigger_update_device_status: device 0x2 of type 0 for Event 1
08-05 14:46:49.726  7308  7568 I art     : Starting a blocking GC Explicit
08-05 14:46:49.731   512  2967 D audio_hw_primary: enable_snd_device: snd_device(2: speaker)
08-05 14:46:49.734   512  2967 D audio_hw_primary: enable_audio_route: apply and update mixer path: low-latency-playback speaker
08-05 14:46:49.737  7308  7381 D Gabe    : call	returning from cache
08-05 14:46:49.739  7308  7308 V EXECUTING: https://project-travel-mate.herokuapp.com/api/get-city-information/1
08-05 14:46:49.753  7308  7568 I art     : Explicit concurrent mark sweep GC freed 628(45KB) AllocSpace objects, 0(0B) LOS objects, 29% free, 38MB/54MB, paused 667us total 26.187ms
08-05 14:46:49.765  7308  7568 I art     : Starting a blocking GC Explicit
08-05 14:46:49.791  7308  7568 I art     : Explicit concurrent mark sweep GC freed 578(19KB) AllocSpace objects, 0(0B) LOS objects, 27% free, 43MB/59MB, paused 1.023ms total 25.664ms
08-05 14:46:49.803  7308  7568 I art     : Starting a blocking GC Explicit
08-05 14:46:49.831  7308  7568 I art     : Explicit concurrent mark sweep GC freed 102(3KB) AllocSpace objects, 0(0B) LOS objects, 27% free, 43MB/59MB, paused 896us total 27.880ms
08-05 14:46:49.844  7308  7568 I art     : Starting a blocking GC Explicit
08-05 14:46:49.868   918   936 I ActivityManager: Displayed baseline.io.github.project_travel_mate/.destinations.description.CityHistoryActivity: +152ms
08-05 14:46:49.869 13866 13866 I GoogleInputMethodServic: GoogleInputMethodService.onFinishInput():3138 
08-05 14:46:49.869 13866 13866 I GoogleInputMethodServic: GoogleInputMethodService.onStartInput():1808 
08-05 14:46:49.869  7308  7568 I art     : Explicit concurrent mark sweep GC freed 105(6KB) AllocSpace objects, 0(0B) LOS objects, 26% free, 43MB/59MB, paused 572us total 25.645ms
08-05 14:46:50.129   380   380 W SurfaceFlinger: couldn't log to binary event log: overflow.
08-05 14:46:50.160  7308  7568 I art     : Starting a blocking GC Explicit
08-05 14:46:50.186  7308  7568 I art     : Explicit concurrent mark sweep GC freed 2499(101KB) AllocSpace objects, 2(40KB) LOS objects, 26% free, 43MB/59MB, paused 487us total 25.754ms
08-05 14:46:50.198  7308  7568 I art     : Starting a blocking GC Explicit
08-05 14:46:50.226  7308  7568 I art     : Explicit concurrent mark sweep GC freed 177(3KB) AllocSpace objects, 0(0B) LOS objects, 26% free, 43MB/59MB, paused 590us total 27.542ms
08-05 14:46:50.239  7308  7568 I art     : Starting a blocking GC Explicit
08-05 14:46:50.270   512  2967 D audio_hw_primary: disable_audio_route: reset and update mixer path: low-latency-playback speaker
08-05 14:46:50.271  7308  7568 I art     : Explicit concurrent mark sweep GC freed 186(3KB) AllocSpace objects, 0(0B) LOS objects, 26% free, 43MB/59MB, paused 1.583ms total 32.421ms
08-05 14:46:50.273   512  2967 D audio_hw_primary: disable_snd_device: snd_device(2: speaker)
08-05 14:46:50.280   512  2967 I soundtrigger: audio_extn_sound_trigger_update_device_status: device 0x2 of type 0 for Event 0
08-05 14:46:50.283  7308  7568 I art     : Starting a blocking GC Explicit
08-05 14:46:50.311  7308  7568 I art     : Explicit concurrent mark sweep GC freed 36(832B) AllocSpace objects, 0(0B) LOS objects, 26% free, 43MB/59MB, paused 717us total 27.382ms
08-05 14:46:50.323  7308  7568 I art     : Starting a blocking GC Explicit
08-05 14:46:50.350  7308  7568 I art     : Explicit concurrent mark sweep GC freed 145(3KB) AllocSpace objects, 0(0B) LOS objects, 26% free, 43MB/59MB, paused 899us total 26.922ms
08-05 14:46:50.557  2820  2820 I ServiceManager: Waiting for service AtCmdFwd...
08-05 14:46:50.609  7308  8101 I NAPPA_EXPERIMENTATION: MetricNetworkRequestExecutionTime: REQUEST_DURATION_SYSTEM='869',REQUEST_DURATION_OKHTTP='41',REQUEST_SYNCHRONOUS='FALSE',RESPONSE_CODE='200',RESPONSE_METHOD='GET',RESPONSE_LENGTH_OKHTTP='55024',RESPONSE_LENGTH_HEADER='55024',REQUEST_PROTOCOL='http/1.1',REQUEST_URL='https://project-travel-mate.herokuapp.com/api/get-city-information/1',
08-05 14:46:50.667  7308  7328 I art     : Starting a blocking GC Explicit
08-05 14:46:50.695  7308  7328 I art     : Explicit concurrent mark sweep GC freed 5037(243KB) AllocSpace objects, 8(512KB) LOS objects, 26% free, 43MB/59MB, paused 863us total 27.684ms
08-05 14:46:50.698   518   646 I ThermalEngine: ACTION: GPU - Setting GPU[0] to 450000000
08-05 14:46:50.714  7308  7328 I art     : Starting a blocking GC Explicit
08-05 14:46:50.748  7308  7328 I art     : Explicit concurrent mark sweep GC freed 986(117KB) AllocSpace objects, 0(0B) LOS objects, 26% free, 43MB/59MB, paused 1.149ms total 33.775ms
08-05 14:46:50.763  7308  7328 I art     : Starting a blocking GC Explicit
08-05 14:46:50.797  7308  7328 I art     : Explicit concurrent mark sweep GC freed 1238(1207KB) AllocSpace objects, 16(408KB) LOS objects, 26% free, 43MB/59MB, paused 867us total 33.541ms
08-05 14:46:50.798 13866 13866 I GoogleInputMethodServic: GoogleInputMethodService.onFinishInput():3138 
08-05 14:46:50.799 13866 13866 I GoogleInputMethodServic: GoogleInputMethodService.onStartInput():1808 
08-05 14:46:50.813  7308  7328 I art     : Starting a blocking GC Explicit
08-05 14:46:50.848  7308  7328 I art     : Explicit concurrent mark sweep GC freed 316(7KB) AllocSpace objects, 1(4MB) LOS objects, 28% free, 39MB/55MB, paused 694us total 34.622ms
08-05 14:46:50.863  7308  7328 I art     : Starting a blocking GC Explicit
08-05 14:46:50.900  7308  7328 I art     : Explicit concurrent mark sweep GC freed 284(4KB) AllocSpace objects, 0(0B) LOS objects, 28% free, 39MB/55MB, paused 852us total 36.328ms
08-05 14:46:51.277  7308  7321 I art     : Starting a blocking GC Explicit
08-05 14:46:51.318  7308  7321 I art     : Explicit concurrent mark sweep GC freed 3219(112KB) AllocSpace objects, 2(40KB) LOS objects, 28% free, 39MB/55MB, paused 987us total 40.288ms
08-05 14:46:51.337  7308  7321 I art     : Starting a blocking GC Explicit
08-05 14:46:51.376  7308  7321 I art     : Explicit concurrent mark sweep GC freed 264(4KB) AllocSpace objects, 0(0B) LOS objects, 28% free, 39MB/55MB, paused 686us total 38.907ms
08-05 14:46:51.394  7308  7321 I art     : Starting a blocking GC Explicit
08-05 14:46:51.431  7308  7321 I art     : Explicit concurrent mark sweep GC freed 225(3KB) AllocSpace objects, 0(0B) LOS objects, 28% free, 39MB/55MB, paused 674us total 36.714ms
08-05 14:46:51.447  7308  7321 I art     : Starting a blocking GC Explicit
08-05 14:46:51.485  7308  7321 I art     : Explicit concurrent mark sweep GC freed 296(4KB) AllocSpace objects, 0(0B) LOS objects, 28% free, 39MB/55MB, paused 984us total 37.336ms
08-05 14:46:51.502  7308  7321 I art     : Starting a blocking GC Explicit
08-05 14:46:51.539  7308  7321 I art     : Explicit concurrent mark sweep GC freed 228(3KB) AllocSpace objects, 0(0B) LOS objects, 28% free, 39MB/55MB, paused 653us total 36.977ms
08-05 14:46:51.558  2820  2820 I ServiceManager: Waiting for service AtCmdFwd...
08-05 14:46:51.938  7308  7322 I art     : Starting a blocking GC Explicit
08-05 14:46:51.980  7308  7322 I art     : Explicit concurrent mark sweep GC freed 3307(113KB) AllocSpace objects, 2(40KB) LOS objects, 28% free, 39MB/55MB, paused 735us total 40.823ms
08-05 14:46:52.000  7308  7322 I art     : Starting a blocking GC Explicit
08-05 14:46:52.038  7308  7322 I art     : Explicit concurrent mark sweep GC freed 310(5KB) AllocSpace objects, 0(0B) LOS objects, 28% free, 39MB/55MB, paused 747us total 37.705ms
08-05 14:46:52.055  7308  7322 I art     : Starting a blocking GC Explicit
08-05 14:46:52.085   918  3188 I hubconnection: sensorhub said: 'set_bias 3: -5.4912, 0.0000, 0.0000'
08-05 14:46:52.091  7308  7322 I art     : Explicit concurrent mark sweep GC freed 219(3KB) AllocSpace objects, 0(0B) LOS objects, 28% free, 39MB/55MB, paused 713us total 36.604ms
08-05 14:46:52.108  7308  7322 I art     : Starting a blocking GC Explicit
08-05 14:46:52.147  7308  7322 I art     : Explicit concurrent mark sweep GC freed 231(4KB) AllocSpace objects, 0(0B) LOS objects, 28% free, 39MB/55MB, paused 728us total 37.911ms
08-05 14:46:52.163  7308  7322 I art     : Starting a blocking GC Explicit
08-05 14:46:52.201  7308  7322 I art     : Explicit concurrent mark sweep GC freed 283(5KB) AllocSpace objects, 0(0B) LOS objects, 28% free, 39MB/55MB, paused 845us total 37.554ms
08-05 14:46:52.558  2820  2820 I ServiceManager: Waiting for service AtCmdFwd...
08-05 14:46:52.590  7308  7321 I art     : Starting a blocking GC Explicit
08-05 14:46:52.630  7308  7321 I art     : Explicit concurrent mark sweep GC freed 3251(112KB) AllocSpace objects, 2(40KB) LOS objects, 28% free, 39MB/55MB, paused 729us total 40.058ms
08-05 14:46:52.647  7308  7321 I art     : Starting a blocking GC Explicit
08-05 14:46:52.688  7308  7321 I art     : Explicit concurrent mark sweep GC freed 310(5KB) AllocSpace objects, 0(0B) LOS objects, 28% free, 39MB/55MB, paused 760us total 40.843ms
08-05 14:46:52.705  7308  7321 I art     : Starting a blocking GC Explicit
08-05 14:46:52.743  7308  7321 I art     : Explicit concurrent mark sweep GC freed 219(3KB) AllocSpace objects, 0(0B) LOS objects, 28% free, 39MB/55MB, paused 744us total 36.911ms
08-05 14:46:52.760  7308  7321 I art     : Starting a blocking GC Explicit
08-05 14:46:52.801  7308  7321 I art     : Explicit concurrent mark sweep GC freed 239(3KB) AllocSpace objects, 0(0B) LOS objects, 28% free, 39MB/55MB, paused 912us total 40.676ms
08-05 14:46:52.818  7308  7321 I art     : Starting a blocking GC Explicit
08-05 14:46:52.858  7308  7321 I art     : Explicit concurrent mark sweep GC freed 271(4KB) AllocSpace objects, 0(0B) LOS objects, 28% free, 39MB/55MB, paused 888us total 39.587ms
08-05 14:46:53.270  7308  7328 I art     : Starting a blocking GC Explicit
08-05 14:46:53.312  7308  7328 I art     : Explicit concurrent mark sweep GC freed 3372(114KB) AllocSpace objects, 2(40KB) LOS objects, 28% free, 39MB/55MB, paused 713us total 41.784ms
08-05 14:46:53.333  7308  7328 I art     : Starting a blocking GC Explicit
08-05 14:46:53.371  7308  7328 I art     : Explicit concurrent mark sweep GC freed 308(5KB) AllocSpace objects, 0(0B) LOS objects, 28% free, 39MB/55MB, paused 763us total 37.611ms
08-05 14:46:53.388  7308  7328 I art     : Starting a blocking GC Explicit
08-05 14:46:53.426  7308  7328 I art     : Explicit concurrent mark sweep GC freed 221(3KB) AllocSpace objects, 0(0B) LOS objects, 28% free, 39MB/55MB, paused 690us total 37.931ms
08-05 14:46:53.442  7308  7328 I art     : Starting a blocking GC Explicit
08-05 14:46:53.480  7308  7328 I art     : Explicit concurrent mark sweep GC freed 219(3KB) AllocSpace objects, 0(0B) LOS objects, 28% free, 39MB/55MB, paused 713us total 37.035ms
08-05 14:46:53.496  7308  7328 I art     : Starting a blocking GC Explicit
08-05 14:46:53.535  7308  7328 I art     : Explicit concurrent mark sweep GC freed 222(3KB) AllocSpace objects, 0(0B) LOS objects, 28% free, 39MB/55MB, paused 915us total 38.477ms
08-05 14:46:53.559  2820  2820 W Atfwd_Sendcmd: AtCmdFwd service not published, waiting... retryCnt : 5
08-05 14:46:53.703   518   646 I ThermalEngine: ACTION: GPU - Setting GPU[0] to 510000000
08-05 14:46:53.903  7308  7568 I art     : Starting a blocking GC Explicit
08-05 14:46:53.936  7308  7568 I art     : Explicit concurrent mark sweep GC freed 3160(111KB) AllocSpace objects, 2(40KB) LOS objects, 28% free, 39MB/55MB, paused 790us total 32.726ms
08-05 14:46:53.952  7308  7568 I art     : Starting a blocking GC Explicit
08-05 14:46:53.979  7308  7568 I art     : Explicit concurrent mark sweep GC freed 230(4KB) AllocSpace objects, 0(0B) LOS objects, 28% free, 39MB/55MB, paused 508us total 26.864ms
08-05 14:46:53.991  7308  7568 I art     : Starting a blocking GC Explicit
08-05 14:46:54.018  7308  7568 I art     : Explicit concurrent mark sweep GC freed 191(3KB) AllocSpace objects, 0(0B) LOS objects, 28% free, 39MB/55MB, paused 643us total 27.211ms
08-05 14:46:54.031  7308  7568 I art     : Starting a blocking GC Explicit
08-05 14:46:54.059  7308  7568 I art     : Explicit concurrent mark sweep GC freed 175(2992B) AllocSpace objects, 0(0B) LOS objects, 28% free, 39MB/55MB, paused 527us total 28.524ms
08-05 14:46:54.072  7308  7568 I art     : Starting a blocking GC Explicit
08-05 14:46:54.101  7308  7568 I art     : Explicit concurrent mark sweep GC freed 154(2608B) AllocSpace objects, 0(0B) LOS objects, 28% free, 39MB/55MB, paused 676us total 28.598ms
08-05 14:46:54.356  8176  8176 D AndroidRuntime: >>>>>> START com.android.internal.os.RuntimeInit uid 2000 <<<<<<
08-05 14:46:54.361  8176  8176 D AndroidRuntime: CheckJNI is OFF
08-05 14:46:54.394  8176  8176 D ICU     : No timezone override file found: /data/misc/zoneinfo/current/icu/icu_tzdata.dat
08-05 14:46:54.427  8176  8176 I Radio-JNI: register_android_hardware_Radio DONE
08-05 14:46:54.449  8176  8176 D AndroidRuntime: Calling main entry com.android.commands.input.Input
08-05 14:46:54.450  8176  8176 I Input   : injectKeyEvent: KeyEvent { action=ACTION_DOWN, keyCode=KEYCODE_BACK, scanCode=0, metaState=0, flags=0x0, repeatCount=0, eventTime=802030863, downTime=802030863, deviceId=-1, source=0x101 }
08-05 14:46:54.455  8176  8176 I Input   : injectKeyEvent: KeyEvent { action=ACTION_UP, keyCode=KEYCODE_BACK, scanCode=0, metaState=0, flags=0x0, repeatCount=0, eventTime=802030863, downTime=802030863, deviceId=-1, source=0x101 }
08-05 14:46:54.458  7308  7322 I art     : Starting a blocking GC Explicit
08-05 14:46:54.460  8176  8176 D AndroidRuntime: Shutting down VM
08-05 14:46:54.486  7308  7322 I art     : Explicit concurrent mark sweep GC freed 3127(112KB) AllocSpace objects, 2(40KB) LOS objects, 28% free, 39MB/55MB, paused 488us total 27.769ms
08-05 14:46:54.493 13866 13866 I GoogleInputMethodServic: GoogleInputMethodService.onFinishInput():3138 
08-05 14:46:54.493 13866 13866 I GoogleInputMethodServic: GoogleInputMethodService.onStartInput():1808 
08-05 14:46:54.498  7308  7322 I art     : Starting a blocking GC Explicit
08-05 14:46:54.527  7308  7322 I art     : Explicit concurrent mark sweep GC freed 289(6KB) AllocSpace objects, 0(0B) LOS objects, 28% free, 39MB/55MB, paused 705us total 28.519ms
08-05 14:46:54.539  7308  7322 I art     : Starting a blocking GC Explicit
08-05 14:46:54.564  7308  7322 I art     : Explicit concurrent mark sweep GC freed 152(2688B) AllocSpace objects, 0(0B) LOS objects, 28% free, 39MB/55MB, paused 503us total 25.034ms
08-05 14:46:54.576  7308  7322 I art     : Starting a blocking GC Explicit
08-05 14:46:54.601  7308  7322 I art     : Explicit concurrent mark sweep GC freed 150(2544B) AllocSpace objects, 0(0B) LOS objects, 28% free, 39MB/55MB, paused 570us total 25.518ms
08-05 14:46:54.614  7308  7322 I art     : Starting a blocking GC Explicit
08-05 14:46:54.645  7308  7322 I art     : Explicit concurrent mark sweep GC freed 216(3KB) AllocSpace objects, 0(0B) LOS objects, 28% free, 39MB/55MB, paused 554us total 30.967ms
08-05 14:46:54.784   380   380 W SurfaceFlinger: couldn't log to binary event log: overflow.
08-05 14:46:54.950  7308  7322 I art     : Starting a blocking GC Explicit
08-05 14:46:54.981  7308  7322 I art     : Explicit concurrent mark sweep GC freed 2629(103KB) AllocSpace objects, 4(404KB) LOS objects, 28% free, 39MB/55MB, paused 620us total 30.621ms
08-05 14:46:54.994  7308  7322 I art     : Starting a blocking GC Explicit
08-05 14:46:55.023  7308  7322 I art     : Explicit concurrent mark sweep GC freed 4867(342KB) AllocSpace objects, 7(132KB) LOS objects, 29% free, 38MB/54MB, paused 526us total 28.412ms
08-05 14:46:55.035  7308  7322 I art     : Starting a blocking GC Explicit
08-05 14:46:55.063  7308  7322 I art     : Explicit concurrent mark sweep GC freed 99(1696B) AllocSpace objects, 0(0B) LOS objects, 29% free, 38MB/54MB, paused 517us total 27.721ms
08-05 14:46:55.076  7308  7322 I art     : Starting a blocking GC Explicit
08-05 14:46:55.103  7308  7322 I art     : Explicit concurrent mark sweep GC freed 131(2208B) AllocSpace objects, 0(0B) LOS objects, 29% free, 38MB/54MB, paused 625us total 26.640ms
08-05 14:46:55.115  7308  7322 I art     : Starting a blocking GC Explicit
08-05 14:46:55.143  7308  7322 I art     : Explicit concurrent mark sweep GC freed 138(3024B) AllocSpace objects, 0(0B) LOS objects, 29% free, 38MB/54MB, paused 505us total 27.777ms
08-05 14:46:55.484  7308  7321 I art     : Starting a blocking GC Explicit
08-05 14:46:55.514  7308  7321 I art     : Explicit concurrent mark sweep GC freed 2492(100KB) AllocSpace objects, 2(40KB) LOS objects, 29% free, 38MB/54MB, paused 540us total 29.952ms
08-05 14:46:55.529  7308  7321 I art     : Starting a blocking GC Explicit
08-05 14:46:55.557  7308  7321 I art     : Explicit concurrent mark sweep GC freed 167(3KB) AllocSpace objects, 0(0B) LOS objects, 29% free, 38MB/54MB, paused 511us total 26.879ms
08-05 14:46:55.569  7308  7321 I art     : Starting a blocking GC Explicit
08-05 14:46:55.596  7308  7321 I art     : Explicit concurrent mark sweep GC freed 99(1696B) AllocSpace objects, 0(0B) LOS objects, 29% free, 38MB/54MB, paused 515us total 27.104ms
08-05 14:46:55.608  7308  7321 I art     : Starting a blocking GC Explicit
08-05 14:46:55.636  7308  7321 I art     : Explicit concurrent mark sweep GC freed 120(2032B) AllocSpace objects, 0(0B) LOS objects, 29% free, 38MB/54MB, paused 631us total 27.576ms
08-05 14:46:55.649  7308  7321 I art     : Starting a blocking GC Explicit
08-05 14:46:55.676  7308  7321 I art     : Explicit concurrent mark sweep GC freed 126(2160B) AllocSpace objects, 0(0B) LOS objects, 29% free, 38MB/54MB, paused 521us total 27.514ms
08-05 14:46:55.997  7308  7568 I art     : Starting a blocking GC Explicit
08-05 14:46:56.054  7308  7568 I art     : Explicit concurrent mark sweep GC freed 2483(100KB) AllocSpace objects, 2(40KB) LOS objects, 29% free, 38MB/54MB, paused 1.361ms total 56.912ms
08-05 14:46:56.073  7308  7568 I art     : Starting a blocking GC Explicit
08-05 14:46:56.100  7308  7568 I art     : Explicit concurrent mark sweep GC freed 178(3KB) AllocSpace objects, 0(0B) LOS objects, 29% free, 38MB/54MB, paused 551us total 27.157ms
08-05 14:46:56.104  8220  8220 D AndroidRuntime: >>>>>> START com.android.internal.os.RuntimeInit uid 2000 <<<<<<
08-05 14:46:56.109  8220  8220 D AndroidRuntime: CheckJNI is OFF
08-05 14:46:56.113  7308  7568 I art     : Starting a blocking GC Explicit
08-05 14:46:56.139  7308  7568 I art     : Explicit concurrent mark sweep GC freed 147(2496B) AllocSpace objects, 0(0B) LOS objects, 29% free, 38MB/54MB, paused 538us total 25.735ms
08-05 14:46:56.144  8220  8220 D ICU     : No timezone override file found: /data/misc/zoneinfo/current/icu/icu_tzdata.dat
08-05 14:46:56.151  7308  7568 I art     : Starting a blocking GC Explicit
08-05 14:46:56.176  8220  8220 I Radio-JNI: register_android_hardware_Radio DONE
08-05 14:46:56.178  7308  7568 I art     : Explicit concurrent mark sweep GC freed 98(1664B) AllocSpace objects, 0(0B) LOS objects, 29% free, 38MB/54MB, paused 568us total 26.955ms
08-05 14:46:56.190  7308  7568 I art     : Starting a blocking GC Explicit
08-05 14:46:56.199  8220  8220 D AndroidRuntime: Calling main entry com.android.commands.input.Input
08-05 14:46:56.201  8220  8220 I Input   : injectKeyEvent: KeyEvent { action=ACTION_DOWN, keyCode=KEYCODE_BACK, scanCode=0, metaState=0, flags=0x0, repeatCount=0, eventTime=802032614, downTime=802032614, deviceId=-1, source=0x101 }
08-05 14:46:56.207  8220  8220 I Input   : injectKeyEvent: KeyEvent { action=ACTION_UP, keyCode=KEYCODE_BACK, scanCode=0, metaState=0, flags=0x0, repeatCount=0, eventTime=802032614, downTime=802032614, deviceId=-1, source=0x101 }
08-05 14:46:56.214  8220  8220 D AndroidRuntime: Shutting down VM
08-05 14:46:56.216  7308  7568 I art     : Explicit concurrent mark sweep GC freed 105(1984B) AllocSpace objects, 0(0B) LOS objects, 29% free, 38MB/54MB, paused 541us total 25.740ms
08-05 14:46:56.224  7308  7308 V MainActivity: url = https://project-travel-mate.herokuapp.com/api/number-of-unread-notifications
08-05 14:46:56.253 13866 13866 I GoogleInputMethodServic: GoogleInputMethodService.onFinishInput():3138 
08-05 14:46:56.254 13866 13866 I GoogleInputMethodServic: GoogleInputMethodService.onStartInput():1808 
08-05 14:46:56.540  7308  7321 I art     : Starting a blocking GC Explicit
08-05 14:46:56.570  7308  7321 I art     : Explicit concurrent mark sweep GC freed 2963(124KB) AllocSpace objects, 2(40KB) LOS objects, 29% free, 38MB/54MB, paused 729us total 29.701ms
08-05 14:46:56.571   380   380 W SurfaceFlinger: couldn't log to binary event log: overflow.
08-05 14:46:56.584  7308  7321 I art     : Starting a blocking GC Explicit
08-05 14:46:56.609  7308  7321 I art     : Explicit concurrent mark sweep GC freed 200(5KB) AllocSpace objects, 0(0B) LOS objects, 29% free, 38MB/54MB, paused 572us total 25.074ms
08-05 14:46:56.621  7308  7321 I art     : Starting a blocking GC Explicit
08-05 14:46:56.650  7308  7321 I art     : Explicit concurrent mark sweep GC freed 187(7KB) AllocSpace objects, 0(0B) LOS objects, 29% free, 38MB/54MB, paused 606us total 28.570ms
08-05 14:46:56.662  7308  7321 I art     : Starting a blocking GC Explicit
08-05 14:46:56.691  7308  7321 I art     : Explicit concurrent mark sweep GC freed 75(1296B) AllocSpace objects, 0(0B) LOS objects, 29% free, 38MB/54MB, paused 614us total 28.883ms
08-05 14:46:56.704  7308  7321 I art     : Starting a blocking GC Explicit
08-05 14:46:56.734  7308  7321 I art     : Explicit concurrent mark sweep GC freed 51(896B) AllocSpace objects, 0(0B) LOS objects, 29% free, 38MB/54MB, paused 644us total 29.525ms
08-05 14:46:56.962  7308  8243 I NAPPA_EXPERIMENTATION: MetricNetworkRequestExecutionTime: REQUEST_DURATION_SYSTEM='737',REQUEST_DURATION_OKHTTP='41',REQUEST_SYNCHRONOUS='FALSE',RESPONSE_CODE='200',RESPONSE_METHOD='GET',RESPONSE_LENGTH_OKHTTP='36',RESPONSE_LENGTH_HEADER='36',REQUEST_PROTOCOL='http/1.1',REQUEST_URL='https://project-travel-mate.herokuapp.com/api/number-of-unread-notifications',
08-05 14:46:57.068  7308  7328 I art     : Starting a blocking GC Explicit
08-05 14:46:57.099  7308  7328 I art     : Explicit concurrent mark sweep GC freed 4756(239KB) AllocSpace objects, 5(240KB) LOS objects, 29% free, 39MB/55MB, paused 645us total 30.766ms
08-05 14:46:57.111  7308  7328 I art     : Starting a blocking GC Explicit
08-05 14:46:57.140  7308  7328 I art     : Explicit concurrent mark sweep GC freed 1028(118KB) AllocSpace objects, 0(0B) LOS objects, 29% free, 39MB/55MB, paused 575us total 28.790ms
08-05 14:46:57.153  7308  7328 I art     : Starting a blocking GC Explicit
08-05 14:46:57.182  7308  7328 I art     : Explicit concurrent mark sweep GC freed 51(896B) AllocSpace objects, 0(0B) LOS objects, 29% free, 39MB/55MB, paused 642us total 29.247ms
08-05 14:46:57.195  7308  7328 I art     : Starting a blocking GC Explicit
08-05 14:46:57.224  7308  7328 I art     : Explicit concurrent mark sweep GC freed 75(1296B) AllocSpace objects, 0(0B) LOS objects, 29% free, 39MB/55MB, paused 577us total 29.254ms
08-05 14:46:57.237  7308  7328 I art     : Starting a blocking GC Explicit
08-05 14:46:57.268  7308  7328 I art     : Explicit concurrent mark sweep GC freed 51(896B) AllocSpace objects, 0(0B) LOS objects, 29% free, 39MB/55MB, paused 627us total 30.094ms
08-05 14:46:57.575  7308  7568 I art     : Starting a blocking GC Explicit
08-05 14:46:57.605  7308  7568 I art     : Explicit concurrent mark sweep GC freed 1908(90KB) AllocSpace objects, 2(40KB) LOS objects, 29% free, 39MB/55MB, paused 783us total 29.761ms
08-05 14:46:57.618  7308  7568 I art     : Starting a blocking GC Explicit
08-05 14:46:57.647  7308  7568 I art     : Explicit concurrent mark sweep GC freed 93(1968B) AllocSpace objects, 0(0B) LOS objects, 29% free, 39MB/55MB, paused 586us total 28.922ms
08-05 14:46:57.659  7308  7568 I art     : Starting a blocking GC Explicit
08-05 14:46:57.688  7308  7568 I art     : Explicit concurrent mark sweep GC freed 52(912B) AllocSpace objects, 0(0B) LOS objects, 29% free, 39MB/55MB, paused 738us total 28.370ms
08-05 14:46:57.701  7308  7568 I art     : Starting a blocking GC Explicit
08-05 14:46:57.728  7308  7568 I art     : Explicit concurrent mark sweep GC freed 74(1280B) AllocSpace objects, 0(0B) LOS objects, 29% free, 39MB/55MB, paused 581us total 27.748ms
08-05 14:46:57.741  7308  7568 I art     : Starting a blocking GC Explicit
08-05 14:46:57.769  7308  7568 I art     : Explicit concurrent mark sweep GC freed 52(928B) AllocSpace objects, 0(0B) LOS objects, 29% free, 39MB/55MB, paused 621us total 28.224ms
08-05 14:46:57.882  8271  8271 D AndroidRuntime: >>>>>> START com.android.internal.os.RuntimeInit uid 2000 <<<<<<
08-05 14:46:57.887  8271  8271 D AndroidRuntime: CheckJNI is OFF
08-05 14:46:57.919  8271  8271 D ICU     : No timezone override file found: /data/misc/zoneinfo/current/icu/icu_tzdata.dat
08-05 14:46:57.952  8271  8271 I Radio-JNI: register_android_hardware_Radio DONE
08-05 14:46:57.973  8271  8271 D AndroidRuntime: Calling main entry com.android.commands.input.Input
08-05 14:46:57.975  8271  8271 I Input   : injectMotionEvent: MotionEvent { action=ACTION_DOWN, actionButton=0, id[0]=0, x[0]=346.0, y[0]=709.0, toolType[0]=TOOL_TYPE_UNKNOWN, buttonState=0, metaState=0, flags=0x0, edgeFlags=0x0, pointerCount=1, historySize=0, eventTime=802034387, downTime=802034387, deviceId=0, source=0x1002 }
08-05 14:46:57.980  8271  8271 I Input   : injectMotionEvent: MotionEvent { action=ACTION_UP, actionButton=0, id[0]=0, x[0]=346.0, y[0]=709.0, toolType[0]=TOOL_TYPE_UNKNOWN, buttonState=0, metaState=0, flags=0x0, edgeFlags=0x0, pointerCount=1, historySize=0, eventTime=802034387, downTime=802034387, deviceId=0, source=0x1002 }
08-05 14:46:57.988   918   929 I ActivityManager: START u0 {cmp=baseline.io.github.project_travel_mate/.destinations.description.FinalCityInfoActivity (has extras)} from uid 10674 on display 0
08-05 14:46:57.996  8271  8271 D AndroidRuntime: Shutting down VM
08-05 14:46:58.016  7308  7381 D Gabe    : call	returning from cache
08-05 14:46:58.035  7308  7308 V EXECUTING: https://project-travel-mate.herokuapp.com/api/get-city-weather/1
08-05 14:46:58.096  7308  7328 I art     : Starting a blocking GC Explicit
08-05 14:46:58.128  7308  7328 I art     : Explicit concurrent mark sweep GC freed 7130(442KB) AllocSpace objects, 2(40KB) LOS objects, 26% free, 43MB/59MB, paused 952us total 32.169ms
08-05 14:46:58.142  7308  7328 I art     : Starting a blocking GC Explicit
08-05 14:46:58.164   918   936 I ActivityManager: Displayed baseline.io.github.project_travel_mate/.destinations.description.FinalCityInfoActivity: +165ms
08-05 14:46:58.165 13866 13866 I GoogleInputMethodServic: GoogleInputMethodService.onFinishInput():3138 
08-05 14:46:58.166 13866 13866 I GoogleInputMethodServic: GoogleInputMethodService.onStartInput():1808 
08-05 14:46:58.170  7308  7328 I art     : Explicit concurrent mark sweep GC freed 666(32KB) AllocSpace objects, 0(0B) LOS objects, 26% free, 43MB/59MB, paused 959us total 28.100ms
08-05 14:46:58.183  7308  7328 I art     : Starting a blocking GC Explicit
08-05 14:46:58.217  7308  7328 I art     : Explicit concurrent mark sweep GC freed 60(1232B) AllocSpace objects, 0(0B) LOS objects, 26% free, 43MB/59MB, paused 887us total 33.103ms
08-05 14:46:58.230  7308  7328 I art     : Starting a blocking GC Explicit
08-05 14:46:58.263  7308  7328 I art     : Explicit concurrent mark sweep GC freed 110(2368B) AllocSpace objects, 0(0B) LOS objects, 26% free, 43MB/59MB, paused 1.010ms total 32.123ms
08-05 14:46:58.277  7308  7328 I art     : Starting a blocking GC Explicit
08-05 14:46:58.309  7308  7328 I art     : Explicit concurrent mark sweep GC freed 63(2048B) AllocSpace objects, 0(0B) LOS objects, 26% free, 43MB/59MB, paused 954us total 31.515ms
08-05 14:46:58.421   380   380 W SurfaceFlinger: couldn't log to binary event log: overflow.
08-05 14:46:58.627  7308  7322 I art     : Starting a blocking GC Explicit
08-05 14:46:58.630  7308  8301 I NAPPA_EXPERIMENTATION: MetricNetworkRequestExecutionTime: REQUEST_DURATION_SYSTEM='594',REQUEST_DURATION_OKHTTP='75',REQUEST_SYNCHRONOUS='FALSE',RESPONSE_CODE='200',RESPONSE_METHOD='GET',RESPONSE_LENGTH_OKHTTP='530',RESPONSE_LENGTH_HEADER='530',REQUEST_PROTOCOL='http/1.1',REQUEST_URL='https://project-travel-mate.herokuapp.com/api/get-city/1',
08-05 14:46:58.636  7308  8300 I NAPPA_EXPERIMENTATION: MetricNetworkRequestExecutionTime: REQUEST_DURATION_SYSTEM='601',REQUEST_DURATION_OKHTTP='80',REQUEST_SYNCHRONOUS='FALSE',RESPONSE_CODE='200',RESPONSE_METHOD='GET',RESPONSE_LENGTH_OKHTTP='238',RESPONSE_LENGTH_HEADER='238',REQUEST_PROTOCOL='http/1.1',REQUEST_URL='https://project-travel-mate.herokuapp.com/api/get-city-weather/1',
08-05 14:46:58.658  7308  7322 I art     : Explicit concurrent mark sweep GC freed 7041(327KB) AllocSpace objects, 5(240KB) LOS objects, 26% free, 43MB/59MB, paused 872us total 30.701ms
08-05 14:46:58.659  7308  8301 V Response: {"id":1,"city_name":"Delhi","description":"Delhi, officially the National Capital Territory of Delhi, is the Capital territory of India. During the British Raj, Delhi was part of the province of Punjab and is still historically and culturally connected to the Punjab region.","latitude":"28.613900","longitude":"77.209000","facts_count":6,"images":["https://upload.wikimedia.org/wikipedia/commons/9/94/%E0%B4%96%E0%B5%81%E0%B4%A4%E0%B5%8D%E0%B4%AC%E0%B5%8D_%E0%B4%AE%E0%B4%BF%E0%B4%A8%E0%B4%BE%E0%B5%BC1.jpg"],"has_visited":false}
08-05 14:46:58.671  7308  7322 I art     : Starting a blocking GC Explicit
08-05 14:46:58.700  7308  7322 I art     : Explicit concurrent mark sweep GC freed 1345(137KB) AllocSpace objects, 0(0B) LOS objects, 26% free, 43MB/59MB, paused 645us total 28.806ms
08-05 14:46:58.712  7308  7322 I art     : Starting a blocking GC Explicit
08-05 14:46:58.742  7308  7322 I art     : Explicit concurrent mark sweep GC freed 114(1920B) AllocSpace objects, 0(0B) LOS objects, 26% free, 43MB/59MB, paused 961us total 29.287ms
08-05 14:46:58.754  7308  7322 I art     : Starting a blocking GC Explicit
08-05 14:46:58.781  7308  7322 I art     : Explicit concurrent mark sweep GC freed 747(40KB) AllocSpace objects, 0(0B) LOS objects, 26% free, 44MB/60MB, paused 613us total 27.371ms
08-05 14:46:58.794  7308  7322 I art     : Starting a blocking GC Explicit
08-05 14:46:58.823  7308  7322 I art     : Explicit concurrent mark sweep GC freed 1021(54KB) AllocSpace objects, 1(4MB) LOS objects, 28% free, 39MB/55MB, paused 688us total 28.892ms
08-05 14:46:59.173  7308  7568 I art     : Starting a blocking GC Explicit
08-05 14:46:59.207  7308  7568 I art     : Explicit concurrent mark sweep GC freed 2542(101KB) AllocSpace objects, 2(40KB) LOS objects, 28% free, 39MB/55MB, paused 857us total 33.988ms
08-05 14:46:59.222  7308  7568 I art     : Starting a blocking GC Explicit
08-05 14:46:59.252  7308  7568 I art     : Explicit concurrent mark sweep GC freed 152(2944B) AllocSpace objects, 0(0B) LOS objects, 28% free, 39MB/55MB, paused 636us total 30.492ms
08-05 14:46:59.265  7308  7568 I art     : Starting a blocking GC Explicit
08-05 14:46:59.294  7308  7568 I art     : Explicit concurrent mark sweep GC freed 171(3KB) AllocSpace objects, 0(0B) LOS objects, 28% free, 39MB/55MB, paused 594us total 28.726ms
08-05 14:46:59.306  7308  7568 I art     : Starting a blocking GC Explicit
08-05 14:46:59.336  7308  7568 I art     : Explicit concurrent mark sweep GC freed 109(2240B) AllocSpace objects, 0(0B) LOS objects, 28% free, 39MB/55MB, paused 644us total 29.632ms
08-05 14:46:59.348  7308  7568 I art     : Starting a blocking GC Explicit
08-05 14:46:59.379  7308  7568 I art     : Explicit concurrent mark sweep GC freed 147(2496B) AllocSpace objects, 0(0B) LOS objects, 28% free, 39MB/55MB, paused 624us total 30.582ms
08-05 14:46:59.714   518   646 I ThermalEngine: ACTION: GPU - Setting GPU[0] to 450000000
08-05 14:46:59.734  7308  7328 I art     : Starting a blocking GC Explicit
08-05 14:46:59.779  7308  7328 I art     : Explicit concurrent mark sweep GC freed 2578(101KB) AllocSpace objects, 2(40KB) LOS objects, 28% free, 39MB/55MB, paused 1.090ms total 44.173ms
08-05 14:46:59.799  7308  7328 I art     : Starting a blocking GC Explicit
08-05 14:46:59.841  7308  7328 I art     : Explicit concurrent mark sweep GC freed 171(3KB) AllocSpace objects, 0(0B) LOS objects, 28% free, 39MB/55MB, paused 1.077ms total 41.298ms
08-05 14:46:59.857  7308  7328 I art     : Starting a blocking GC Explicit
08-05 14:46:59.899  7308  7328 I art     : Explicit concurrent mark sweep GC freed 191(3KB) AllocSpace objects, 0(0B) LOS objects, 28% free, 39MB/55MB, paused 860us total 41.571ms
08-05 14:46:59.916  7308  7328 I art     : Starting a blocking GC Explicit
08-05 14:46:59.956  7308  7328 I art     : Explicit concurrent mark sweep GC freed 147(2496B) AllocSpace objects, 0(0B) LOS objects, 28% free, 39MB/55MB, paused 848us total 39.770ms
08-05 14:46:59.973  7308  7328 I art     : Starting a blocking GC Explicit
08-05 14:47:00.014  7308  7328 I art     : Explicit concurrent mark sweep GC freed 194(3KB) AllocSpace objects, 0(0B) LOS objects, 28% free, 39MB/55MB, paused 813us total 40.792ms
08-05 14:47:00.424  7308  7322 I art     : Starting a blocking GC Explicit
08-05 14:47:00.469  7308  7322 I art     : Explicit concurrent mark sweep GC freed 2724(104KB) AllocSpace objects, 2(40KB) LOS objects, 28% free, 39MB/55MB, paused 924us total 44.240ms
08-05 14:47:00.488  7308  7322 I art     : Starting a blocking GC Explicit
08-05 14:47:00.530  7308  7322 I art     : Explicit concurrent mark sweep GC freed 214(3KB) AllocSpace objects, 0(0B) LOS objects, 28% free, 39MB/55MB, paused 780us total 41.093ms
08-05 14:47:00.546  7308  7322 I art     : Starting a blocking GC Explicit
08-05 14:47:00.588  7308  7322 I art     : Explicit concurrent mark sweep GC freed 147(2496B) AllocSpace objects, 0(0B) LOS objects, 28% free, 39MB/55MB, paused 860us total 41.304ms
08-05 14:47:00.605  7308  7322 I art     : Starting a blocking GC Explicit
08-05 14:47:00.647  7308  7322 I art     : Explicit concurrent mark sweep GC freed 195(3KB) AllocSpace objects, 0(0B) LOS objects, 28% free, 39MB/55MB, paused 886us total 42.012ms
08-05 14:47:00.664  7308  7322 I art     : Starting a blocking GC Explicit
08-05 14:47:00.701  7308  7322 I art     : Explicit concurrent mark sweep GC freed 147(2496B) AllocSpace objects, 0(0B) LOS objects, 28% free, 39MB/55MB, paused 832us total 37.609ms
08-05 14:47:01.098  7308  7321 I art     : Starting a blocking GC Explicit
08-05 14:47:01.140  7308  7321 I art     : Explicit concurrent mark sweep GC freed 2688(104KB) AllocSpace objects, 2(40KB) LOS objects, 28% free, 39MB/55MB, paused 860us total 41.434ms
08-05 14:47:01.156  7308  7321 I art     : Starting a blocking GC Explicit
08-05 14:47:01.195  7308  7321 I art     : Explicit concurrent mark sweep GC freed 204(4KB) AllocSpace objects, 0(0B) LOS objects, 28% free, 39MB/55MB, paused 935us total 38.589ms
08-05 14:47:01.212  7308  7321 I art     : Starting a blocking GC Explicit
08-05 14:47:01.253  7308  7321 I art     : Explicit concurrent mark sweep GC freed 168(2864B) AllocSpace objects, 0(0B) LOS objects, 28% free, 39MB/55MB, paused 772us total 40.738ms
08-05 14:47:01.270  7308  7321 I art     : Starting a blocking GC Explicit
08-05 14:47:01.310  7308  7321 I art     : Explicit concurrent mark sweep GC freed 149(2528B) AllocSpace objects, 0(0B) LOS objects, 28% free, 39MB/55MB, paused 902us total 39.813ms
08-05 14:47:01.327  7308  7321 I art     : Starting a blocking GC Explicit
08-05 14:47:01.368  7308  7321 I art     : Explicit concurrent mark sweep GC freed 192(3KB) AllocSpace objects, 0(0B) LOS objects, 28% free, 39MB/55MB, paused 851us total 41.383ms
08-05 14:47:01.720   518   646 I ThermalEngine: ACTION: GPU - Setting GPU[0] to 510000000
08-05 14:47:01.780  7308  7568 I art     : Starting a blocking GC Explicit
08-05 14:47:01.813  7308  7568 I art     : Explicit concurrent mark sweep GC freed 2716(104KB) AllocSpace objects, 2(40KB) LOS objects, 28% free, 39MB/55MB, paused 724us total 32.724ms
08-05 14:47:01.827  7308  7568 I art     : Starting a blocking GC Explicit
08-05 14:47:01.859  7308  7568 I art     : Explicit concurrent mark sweep GC freed 125(2496B) AllocSpace objects, 0(0B) LOS objects, 28% free, 39MB/55MB, paused 657us total 31.814ms
08-05 14:47:01.871  7308  7568 I art     : Starting a blocking GC Explicit
08-05 14:47:01.903  7308  7568 I art     : Explicit concurrent mark sweep GC freed 148(2528B) AllocSpace objects, 0(0B) LOS objects, 28% free, 39MB/55MB, paused 590us total 31.138ms
08-05 14:47:01.916  7308  7568 I art     : Starting a blocking GC Explicit
08-05 14:47:01.948  7308  7568 I art     : Explicit concurrent mark sweep GC freed 146(2464B) AllocSpace objects, 0(0B) LOS objects, 28% free, 39MB/55MB, paused 641us total 31.529ms
08-05 14:47:01.961  7308  7568 I art     : Starting a blocking GC Explicit
08-05 14:47:01.993  7308  7568 I art     : Explicit concurrent mark sweep GC freed 98(1680B) AllocSpace objects, 0(0B) LOS objects, 28% free, 39MB/55MB, paused 702us total 32.249ms
08-05 14:47:02.383  7308  7321 I art     : Starting a blocking GC Explicit
08-05 14:47:02.414  7308  7321 I art     : Explicit concurrent mark sweep GC freed 2700(104KB) AllocSpace objects, 2(40KB) LOS objects, 28% free, 39MB/55MB, paused 642us total 31.007ms
08-05 14:47:02.428  7308  7321 I art     : Starting a blocking GC Explicit
08-05 14:47:02.459  7308  7321 I art     : Explicit concurrent mark sweep GC freed 128(2928B) AllocSpace objects, 0(0B) LOS objects, 28% free, 39MB/55MB, paused 619us total 31.082ms
08-05 14:47:02.472  7308  7321 I art     : Starting a blocking GC Explicit
08-05 14:47:02.502  7308  7321 I art     : Explicit concurrent mark sweep GC freed 147(2496B) AllocSpace objects, 0(0B) LOS objects, 28% free, 39MB/55MB, paused 631us total 30.307ms
08-05 14:47:02.515  7308  7321 I art     : Starting a blocking GC Explicit
08-05 14:47:02.546  7308  7321 I art     : Explicit concurrent mark sweep GC freed 118(1984B) AllocSpace objects, 0(0B) LOS objects, 28% free, 39MB/55MB, paused 740us total 30.618ms
08-05 14:47:02.559  7308  7321 I art     : Starting a blocking GC Explicit
08-05 14:47:02.590  7308  7321 I art     : Explicit concurrent mark sweep GC freed 127(2176B) AllocSpace objects, 0(0B) LOS objects, 28% free, 39MB/55MB, paused 627us total 30.541ms
08-05 14:47:02.675  8371  8371 D AndroidRuntime: >>>>>> START com.android.internal.os.RuntimeInit uid 2000 <<<<<<
08-05 14:47:02.681  8371  8371 D AndroidRuntime: CheckJNI is OFF
08-05 14:47:02.714  8371  8371 D ICU     : No timezone override file found: /data/misc/zoneinfo/current/icu/icu_tzdata.dat
08-05 14:47:02.748  8371  8371 I Radio-JNI: register_android_hardware_Radio DONE
08-05 14:47:02.770  8371  8371 D AndroidRuntime: Calling main entry com.android.commands.input.Input
08-05 14:47:02.772  8371  8371 I Input   : injectMotionEvent: MotionEvent { action=ACTION_DOWN, actionButton=0, id[0]=0, x[0]=693.0, y[0]=1450.0, toolType[0]=TOOL_TYPE_UNKNOWN, buttonState=0, metaState=0, flags=0x0, edgeFlags=0x0, pointerCount=1, historySize=0, eventTime=802039185, downTime=802039185, deviceId=0, source=0x1002 }
08-05 14:47:02.778  8371  8371 I Input   : injectMotionEvent: MotionEvent { action=ACTION_UP, actionButton=0, id[0]=0, x[0]=693.0, y[0]=1450.0, toolType[0]=TOOL_TYPE_UNKNOWN, buttonState=0, metaState=0, flags=0x0, edgeFlags=0x0, pointerCount=1, historySize=0, eventTime=802039185, downTime=802039185, deviceId=0, source=0x1002 }
08-05 14:47:02.784  8371  8371 D AndroidRuntime: Shutting down VM
08-05 14:47:02.785   918  4413 I ActivityManager: START u0 {cmp=baseline.io.github.project_travel_mate/.destinations.description.CityHistoryActivity} from uid 10674 on display 0
08-05 14:47:02.785   512  2967 D audio_hw_primary: out_set_parameters: enter: usecase(1: low-latency-playback) kvpairs: routing=2
08-05 14:47:02.798   512  2967 D audio_hw_primary: select_devices: out_snd_device(2: speaker) in_snd_device(0: none)
08-05 14:47:02.798   512  2967 D msm8974_platform: platform_send_audio_calibration: sending audio calibration for snd_device(2) acdb_id(15)
08-05 14:47:02.799   512  2967 I soundtrigger: audio_extn_sound_trigger_update_device_status: device 0x2 of type 0 for Event 1
08-05 14:47:02.808   512  2967 D audio_hw_primary: enable_snd_device: snd_device(2: speaker)
08-05 14:47:02.810   512  2967 D audio_hw_primary: enable_audio_route: apply and update mixer path: low-latency-playback speaker
08-05 14:47:02.814  7308  7381 D Gabe    : call	returning from cache
08-05 14:47:02.815  7308  7308 V EXECUTING: https://project-travel-mate.herokuapp.com/api/get-city-information/1
08-05 14:47:02.925  7308  7322 I art     : Starting a blocking GC Explicit
08-05 14:47:02.946 13866 13866 I GoogleInputMethodServic: GoogleInputMethodService.onFinishInput():3138 
08-05 14:47:02.946 13866 13866 I GoogleInputMethodServic: GoogleInputMethodService.onStartInput():1808 
08-05 14:47:02.950   918   936 I ActivityManager: Displayed baseline.io.github.project_travel_mate/.destinations.description.CityHistoryActivity: +152ms
08-05 14:47:02.956  7308  7322 I art     : Explicit concurrent mark sweep GC freed 3312(157KB) AllocSpace objects, 2(40KB) LOS objects, 26% free, 44MB/60MB, paused 918us total 30.069ms
08-05 14:47:02.969  7308  7322 I art     : Starting a blocking GC Explicit
08-05 14:47:03.004  7308  7322 I art     : Explicit concurrent mark sweep GC freed 246(11KB) AllocSpace objects, 0(0B) LOS objects, 26% free, 44MB/60MB, paused 1.059ms total 35.009ms
08-05 14:47:03.017  7308  7322 I art     : Starting a blocking GC Explicit
08-05 14:47:03.049  7308  7322 I art     : Explicit concurrent mark sweep GC freed 116(1984B) AllocSpace objects, 0(0B) LOS objects, 26% free, 44MB/60MB, paused 886us total 31.456ms
08-05 14:47:03.064  7308  7322 I art     : Starting a blocking GC Explicit
08-05 14:47:03.097  7308  7322 I art     : Explicit concurrent mark sweep GC freed 95(1664B) AllocSpace objects, 0(0B) LOS objects, 26% free, 44MB/60MB, paused 863us total 33.214ms
08-05 14:47:03.109  7308  7322 I art     : Starting a blocking GC Explicit
08-05 14:47:03.138  7308  7322 I art     : Explicit concurrent mark sweep GC freed 150(2672B) AllocSpace objects, 0(0B) LOS objects, 26% free, 44MB/60MB, paused 615us total 28.439ms
08-05 14:47:03.193   380   380 W SurfaceFlinger: couldn't log to binary event log: overflow.
08-05 14:47:03.349   512  2967 D audio_hw_primary: disable_audio_route: reset and update mixer path: low-latency-playback speaker
08-05 14:47:03.350   512  2967 D audio_hw_primary: disable_snd_device: snd_device(2: speaker)
08-05 14:47:03.360   512  2967 I soundtrigger: audio_extn_sound_trigger_update_device_status: device 0x2 of type 0 for Event 0
08-05 14:47:03.465  7308  7321 I art     : Starting a blocking GC Explicit
08-05 14:47:03.495  7308  7321 I art     : Explicit concurrent mark sweep GC freed 2581(102KB) AllocSpace objects, 2(40KB) LOS objects, 26% free, 44MB/60MB, paused 749us total 29.354ms
08-05 14:47:03.508  7308  7321 I art     : Starting a blocking GC Explicit
08-05 14:47:03.539  7308  7321 I art     : Explicit concurrent mark sweep GC freed 99(2064B) AllocSpace objects, 0(0B) LOS objects, 26% free, 44MB/60MB, paused 640us total 30.084ms
08-05 14:47:03.551  7308  7321 I art     : Starting a blocking GC Explicit
08-05 14:47:03.582  7308  7321 I art     : Explicit concurrent mark sweep GC freed 132(2208B) AllocSpace objects, 0(0B) LOS objects, 26% free, 44MB/60MB, paused 847us total 30.521ms
08-05 14:47:03.594  7308  7321 I art     : Starting a blocking GC Explicit
08-05 14:47:03.624  7308  7321 I art     : Explicit concurrent mark sweep GC freed 130(2224B) AllocSpace objects, 0(0B) LOS objects, 26% free, 44MB/60MB, paused 830us total 30.179ms
08-05 14:47:03.637  7308  7321 I art     : Starting a blocking GC Explicit
08-05 14:47:03.669  7308  7321 I art     : Explicit concurrent mark sweep GC freed 1233(77KB) AllocSpace objects, 2(120KB) LOS objects, 26% free, 44MB/60MB, paused 1.079ms total 31.419ms
08-05 14:47:03.669  7308  7320 I art     : WaitForGcToComplete blocked for 10.726ms for cause HeapTrim
08-05 14:47:03.722  7308  8399 I NAPPA_EXPERIMENTATION: MetricNetworkRequestExecutionTime: REQUEST_DURATION_SYSTEM='905',REQUEST_DURATION_OKHTTP='40',REQUEST_SYNCHRONOUS='FALSE',RESPONSE_CODE='200',RESPONSE_METHOD='GET',RESPONSE_LENGTH_OKHTTP='55024',RESPONSE_LENGTH_HEADER='55024',REQUEST_PROTOCOL='http/1.1',REQUEST_URL='https://project-travel-mate.herokuapp.com/api/get-city-information/1',
08-05 14:47:03.848 13866 13866 I GoogleInputMethodServic: GoogleInputMethodService.onFinishInput():3138 
08-05 14:47:03.849 13866 13866 I GoogleInputMethodServic: GoogleInputMethodService.onStartInput():1808 
08-05 14:47:03.982  7308  7322 I art     : Starting a blocking GC Explicit
08-05 14:47:04.023  7308  7322 I art     : Explicit concurrent mark sweep GC freed 6364(1492KB) AllocSpace objects, 23(4MB) LOS objects, 28% free, 40MB/56MB, paused 682us total 40.063ms
08-05 14:47:04.036  7308  7322 I art     : Starting a blocking GC Explicit
08-05 14:47:04.069  7308  7322 I art     : Explicit concurrent mark sweep GC freed 361(13KB) AllocSpace objects, 0(0B) LOS objects, 28% free, 40MB/56MB, paused 663us total 33.381ms
08-05 14:47:04.082  7308  7322 I art     : Starting a blocking GC Explicit
08-05 14:47:04.115  7308  7322 I art     : Explicit concurrent mark sweep GC freed 230(4KB) AllocSpace objects, 0(0B) LOS objects, 28% free, 40MB/56MB, paused 650us total 32.886ms
08-05 14:47:04.129  7308  7322 I art     : Starting a blocking GC Explicit
08-05 14:47:04.163  7308  7322 I art     : Explicit concurrent mark sweep GC freed 212(3KB) AllocSpace objects, 0(0B) LOS objects, 28% free, 40MB/56MB, paused 770us total 34.320ms
08-05 14:47:04.176  7308  7322 I art     : Starting a blocking GC Explicit
08-05 14:47:04.211  7308  7322 I art     : Explicit concurrent mark sweep GC freed 170(3024B) AllocSpace objects, 0(0B) LOS objects, 28% free, 40MB/56MB, paused 662us total 34.213ms
08-05 14:47:04.577  7308  7322 I art     : Starting a blocking GC Explicit
08-05 14:47:04.612  7308  7322 I art     : Explicit concurrent mark sweep GC freed 3177(111KB) AllocSpace objects, 2(40KB) LOS objects, 28% free, 40MB/56MB, paused 725us total 34.823ms
08-05 14:47:04.625  7308  7322 I art     : Starting a blocking GC Explicit
08-05 14:47:04.658  7308  7322 I art     : Explicit concurrent mark sweep GC freed 245(4KB) AllocSpace objects, 0(0B) LOS objects, 28% free, 40MB/56MB, paused 666us total 32.577ms
08-05 14:47:04.671  7308  7322 I art     : Starting a blocking GC Explicit
08-05 14:47:04.702  7308  7322 I art     : Explicit concurrent mark sweep GC freed 222(3KB) AllocSpace objects, 0(0B) LOS objects, 28% free, 40MB/56MB, paused 582us total 30.836ms
08-05 14:47:04.715  7308  7322 I art     : Starting a blocking GC Explicit
08-05 14:47:04.748  7308  7322 I art     : Explicit concurrent mark sweep GC freed 218(3KB) AllocSpace objects, 0(0B) LOS objects, 28% free, 40MB/56MB, paused 649us total 32.494ms
08-05 14:47:04.761  7308  7322 I art     : Starting a blocking GC Explicit
08-05 14:47:04.795  7308  7322 I art     : Explicit concurrent mark sweep GC freed 147(2496B) AllocSpace objects, 0(0B) LOS objects, 28% free, 40MB/56MB, paused 692us total 33.773ms
08-05 14:47:05.162  7308  7328 I art     : Starting a blocking GC Explicit
08-05 14:47:05.199  7308  7328 I art     : Explicit concurrent mark sweep GC freed 3198(111KB) AllocSpace objects, 2(40KB) LOS objects, 28% free, 40MB/56MB, paused 810us total 36.932ms
08-05 14:47:05.214  7308  7328 I art     : Starting a blocking GC Explicit
08-05 14:47:05.247  7308  7328 I art     : Explicit concurrent mark sweep GC freed 226(4KB) AllocSpace objects, 0(0B) LOS objects, 28% free, 40MB/56MB, paused 897us total 32.651ms
08-05 14:47:05.260  7308  7328 I art     : Starting a blocking GC Explicit
08-05 14:47:05.292  7308  7328 I art     : Explicit concurrent mark sweep GC freed 201(3KB) AllocSpace objects, 0(0B) LOS objects, 28% free, 40MB/56MB, paused 656us total 32.475ms
08-05 14:47:05.306  7308  7328 I art     : Starting a blocking GC Explicit
08-05 14:47:05.338  7308  7328 I art     : Explicit concurrent mark sweep GC freed 229(4KB) AllocSpace objects, 0(0B) LOS objects, 28% free, 40MB/56MB, paused 655us total 32.026ms
08-05 14:47:05.351  7308  7328 I art     : Starting a blocking GC Explicit
08-05 14:47:05.385  7308  7328 I art     : Explicit concurrent mark sweep GC freed 219(3KB) AllocSpace objects, 0(0B) LOS objects, 28% free, 40MB/56MB, paused 658us total 33.219ms
08-05 14:47:05.760  7308  7321 I art     : Starting a blocking GC Explicit
08-05 14:47:05.797  7308  7321 I art     : Explicit concurrent mark sweep GC freed 3155(111KB) AllocSpace objects, 2(40KB) LOS objects, 28% free, 40MB/56MB, paused 614us total 36.183ms
08-05 14:47:05.812  7308  7321 I art     : Starting a blocking GC Explicit
08-05 14:47:05.845  7308  7321 I art     : Explicit concurrent mark sweep GC freed 237(4KB) AllocSpace objects, 0(0B) LOS objects, 28% free, 40MB/56MB, paused 654us total 32.745ms
08-05 14:47:05.857  7308  7321 I art     : Starting a blocking GC Explicit
08-05 14:47:05.889  7308  7321 I art     : Explicit concurrent mark sweep GC freed 220(3KB) AllocSpace objects, 0(0B) LOS objects, 28% free, 40MB/56MB, paused 646us total 31.902ms
08-05 14:47:05.902  7308  7321 I art     : Starting a blocking GC Explicit
08-05 14:47:05.935  7308  7321 I art     : Explicit concurrent mark sweep GC freed 219(3KB) AllocSpace objects, 0(0B) LOS objects, 28% free, 40MB/56MB, paused 645us total 32.270ms
08-05 14:47:05.948  7308  7321 I art     : Starting a blocking GC Explicit
08-05 14:47:05.981  7308  7321 I art     : Explicit concurrent mark sweep GC freed 164(2784B) AllocSpace objects, 0(0B) LOS objects, 28% free, 40MB/56MB, paused 778us total 33.494ms
08-05 14:47:06.353  7308  7568 I art     : Starting a blocking GC Explicit
08-05 14:47:06.390  7308  7568 I art     : Explicit concurrent mark sweep GC freed 3211(112KB) AllocSpace objects, 2(40KB) LOS objects, 28% free, 40MB/56MB, paused 670us total 36.674ms
08-05 14:47:06.405  7308  7568 I art     : Starting a blocking GC Explicit
08-05 14:47:06.437  7308  7568 I art     : Explicit concurrent mark sweep GC freed 238(4KB) AllocSpace objects, 0(0B) LOS objects, 28% free, 40MB/56MB, paused 720us total 31.750ms
08-05 14:47:06.450  7308  7568 I art     : Starting a blocking GC Explicit
08-05 14:47:06.482  7308  7568 I art     : Explicit concurrent mark sweep GC freed 196(3KB) AllocSpace objects, 0(0B) LOS objects, 28% free, 40MB/56MB, paused 754us total 32.204ms
08-05 14:47:06.496  7308  7568 I art     : Starting a blocking GC Explicit
08-05 14:47:06.529  7308  7568 I art     : Explicit concurrent mark sweep GC freed 170(2896B) AllocSpace objects, 0(0B) LOS objects, 28% free, 40MB/56MB, paused 620us total 32.823ms
08-05 14:47:06.541  7308  7568 I art     : Starting a blocking GC Explicit
08-05 14:47:06.574  7308  7568 I art     : Explicit concurrent mark sweep GC freed 219(3KB) AllocSpace objects, 0(0B) LOS objects, 28% free, 40MB/56MB, paused 633us total 32.805ms
08-05 14:47:06.956  7308  7322 I art     : Starting a blocking GC Explicit
08-05 14:47:06.990  7308  7322 I art     : Explicit concurrent mark sweep GC freed 3228(112KB) AllocSpace objects, 2(40KB) LOS objects, 28% free, 40MB/56MB, paused 667us total 34.426ms
08-05 14:47:07.004  7308  7322 I art     : Starting a blocking GC Explicit
08-05 14:47:07.036  7308  7322 I art     : Explicit concurrent mark sweep GC freed 238(4KB) AllocSpace objects, 0(0B) LOS objects, 28% free, 40MB/56MB, paused 618us total 31.762ms
08-05 14:47:07.049  7308  7322 I art     : Starting a blocking GC Explicit
08-05 14:47:07.081  7308  7322 I art     : Explicit concurrent mark sweep GC freed 150(2528B) AllocSpace objects, 0(0B) LOS objects, 28% free, 40MB/56MB, paused 850us total 32.329ms
08-05 14:47:07.094  7308  7322 I art     : Starting a blocking GC Explicit
08-05 14:47:07.127  7308  7322 I art     : Explicit concurrent mark sweep GC freed 227(4KB) AllocSpace objects, 0(0B) LOS objects, 28% free, 40MB/56MB, paused 651us total 32.124ms
08-05 14:47:07.139  7308  7322 I art     : Starting a blocking GC Explicit
08-05 14:47:07.171  7308  7322 I art     : Explicit concurrent mark sweep GC freed 230(4KB) AllocSpace objects, 0(0B) LOS objects, 28% free, 40MB/56MB, paused 667us total 31.832ms
08-05 14:47:07.448  8472  8472 D AndroidRuntime: >>>>>> START com.android.internal.os.RuntimeInit uid 2000 <<<<<<
08-05 14:47:07.453  8472  8472 D AndroidRuntime: CheckJNI is OFF
08-05 14:47:07.488  8472  8472 D ICU     : No timezone override file found: /data/misc/zoneinfo/current/icu/icu_tzdata.dat
08-05 14:47:07.522  8472  8472 I Radio-JNI: register_android_hardware_Radio DONE
08-05 14:47:07.528   918  3261 D WifiStateMachine: starting scan for "H369AA63323"WPA_PSK with 2412,5180
08-05 14:47:07.537  7308  7328 I art     : Starting a blocking GC Explicit
08-05 14:47:07.544  8472  8472 D AndroidRuntime: Calling main entry com.android.commands.input.Input
08-05 14:47:07.546  8472  8472 I Input   : injectKeyEvent: KeyEvent { action=ACTION_DOWN, keyCode=KEYCODE_BACK, scanCode=0, metaState=0, flags=0x0, repeatCount=0, eventTime=802043959, downTime=802043959, deviceId=-1, source=0x101 }
08-05 14:47:07.553  8472  8472 I Input   : injectKeyEvent: KeyEvent { action=ACTION_UP, keyCode=KEYCODE_BACK, scanCode=0, metaState=0, flags=0x0, repeatCount=0, eventTime=802043959, downTime=802043959, deviceId=-1, source=0x101 }
08-05 14:47:07.560  8472  8472 D AndroidRuntime: Shutting down VM
08-05 14:47:07.572  7308  7328 I art     : Explicit concurrent mark sweep GC freed 3205(113KB) AllocSpace objects, 2(40KB) LOS objects, 28% free, 40MB/56MB, paused 672us total 33.885ms
08-05 14:47:07.584  7308  7328 I art     : Starting a blocking GC Explicit
08-05 14:47:07.593 13866 13866 I GoogleInputMethodServic: GoogleInputMethodService.onFinishInput():3138 
08-05 14:47:07.593 13866 13866 I GoogleInputMethodServic: GoogleInputMethodService.onStartInput():1808 
08-05 14:47:07.614  7308  7328 I art     : Explicit concurrent mark sweep GC freed 216(4KB) AllocSpace objects, 0(0B) LOS objects, 28% free, 40MB/56MB, paused 673us total 29.082ms
08-05 14:47:07.626  7308  7328 I art     : Starting a blocking GC Explicit
08-05 14:47:07.654  7308  7328 I art     : Explicit concurrent mark sweep GC freed 228(3KB) AllocSpace objects, 0(0B) LOS objects, 28% free, 40MB/56MB, paused 564us total 27.731ms
08-05 14:47:07.666  7308  7328 I art     : Starting a blocking GC Explicit
08-05 14:47:07.702  7308  7328 I art     : Explicit concurrent mark sweep GC freed 218(3KB) AllocSpace objects, 0(0B) LOS objects, 28% free, 40MB/56MB, paused 1.001ms total 35.040ms
08-05 14:47:07.718  7308  7328 I art     : Starting a blocking GC Explicit
08-05 14:47:07.758  7308  7328 I art     : Explicit concurrent mark sweep GC freed 220(3KB) AllocSpace objects, 0(0B) LOS objects, 28% free, 40MB/56MB, paused 859us total 38.883ms
08-05 14:47:07.881   380   380 W SurfaceFlinger: couldn't log to binary event log: overflow.
08-05 14:47:08.070  7308  7322 I art     : Starting a blocking GC Explicit
08-05 14:47:08.102  7308  7322 I art     : Explicit concurrent mark sweep GC freed 2627(103KB) AllocSpace objects, 4(404KB) LOS objects, 28% free, 40MB/56MB, paused 787us total 31.411ms
08-05 14:47:08.115  7308  7322 I art     : Starting a blocking GC Explicit
08-05 14:47:08.143  7308  7322 I art     : Explicit concurrent mark sweep GC freed 4837(341KB) AllocSpace objects, 7(132KB) LOS objects, 28% free, 39MB/55MB, paused 675us total 28.791ms
08-05 14:47:08.155  7308  7322 I art     : Starting a blocking GC Explicit
08-05 14:47:08.184  7308  7322 I art     : Explicit concurrent mark sweep GC freed 153(2784B) AllocSpace objects, 0(0B) LOS objects, 28% free, 39MB/55MB, paused 668us total 28.151ms
08-05 14:47:08.196  7308  7322 I art     : Starting a blocking GC Explicit
08-05 14:47:08.225  7308  7322 I art     : Explicit concurrent mark sweep GC freed 100(1728B) AllocSpace objects, 0(0B) LOS objects, 28% free, 39MB/55MB, paused 624us total 29.186ms
08-05 14:47:08.238  7308  7322 I art     : Starting a blocking GC Explicit
08-05 14:47:08.267  7308  7322 I art     : Explicit concurrent mark sweep GC freed 143(2704B) AllocSpace objects, 0(0B) LOS objects, 28% free, 39MB/55MB, paused 811us total 29.193ms
08-05 14:47:08.607  7308  7568 I art     : Starting a blocking GC Explicit
08-05 14:47:08.639  7308  7568 I art     : Explicit concurrent mark sweep GC freed 2516(101KB) AllocSpace objects, 2(40KB) LOS objects, 28% free, 39MB/55MB, paused 653us total 31.852ms
08-05 14:47:08.652  7308  7568 I art     : Starting a blocking GC Explicit
08-05 14:47:08.683  7308  7568 I art     : Explicit concurrent mark sweep GC freed 144(2960B) AllocSpace objects, 0(0B) LOS objects, 28% free, 39MB/55MB, paused 827us total 31.598ms
08-05 14:47:08.696  7308  7568 I art     : Starting a blocking GC Explicit
08-05 14:47:08.729  7308  7568 I art     : Explicit concurrent mark sweep GC freed 125(2144B) AllocSpace objects, 0(0B) LOS objects, 28% free, 39MB/55MB, paused 638us total 32.199ms
08-05 14:47:08.742  7308  7568 I art     : Starting a blocking GC Explicit
08-05 14:47:08.774  7308  7568 I art     : Explicit concurrent mark sweep GC freed 147(2496B) AllocSpace objects, 0(0B) LOS objects, 28% free, 39MB/55MB, paused 640us total 31.952ms
08-05 14:47:08.787  7308  7568 I art     : Starting a blocking GC Explicit
08-05 14:47:08.818  7308  7568 I art     : Explicit concurrent mark sweep GC freed 140(2352B) AllocSpace objects, 0(0B) LOS objects, 28% free, 39MB/55MB, paused 851us total 31.084ms
08-05 14:47:09.154  7308  7328 I art     : Starting a blocking GC Explicit
08-05 14:47:09.188  7308  7328 I art     : Explicit concurrent mark sweep GC freed 2490(100KB) AllocSpace objects, 2(40KB) LOS objects, 28% free, 39MB/55MB, paused 745us total 33.775ms
08-05 14:47:09.201  7308  7328 I art     : Starting a blocking GC Explicit
08-05 14:47:09.211  8515  8515 D AndroidRuntime: >>>>>> START com.android.internal.os.RuntimeInit uid 2000 <<<<<<
08-05 14:47:09.216  8515  8515 D AndroidRuntime: CheckJNI is OFF
08-05 14:47:09.232  7308  7328 I art     : Explicit concurrent mark sweep GC freed 118(2384B) AllocSpace objects, 0(0B) LOS objects, 28% free, 39MB/55MB, paused 658us total 31.313ms
08-05 14:47:09.244  7308  7328 I art     : Starting a blocking GC Explicit
08-05 14:47:09.252  8515  8515 D ICU     : No timezone override file found: /data/misc/zoneinfo/current/icu/icu_tzdata.dat
08-05 14:47:09.274  7308  7328 I art     : Explicit concurrent mark sweep GC freed 147(2496B) AllocSpace objects, 0(0B) LOS objects, 28% free, 39MB/55MB, paused 675us total 29.669ms
08-05 14:47:09.287  7308  7328 I art     : Starting a blocking GC Explicit
08-05 14:47:09.287  8515  8515 I Radio-JNI: register_android_hardware_Radio DONE
08-05 14:47:09.310  8515  8515 D AndroidRuntime: Calling main entry com.android.commands.input.Input
08-05 14:47:09.312  8515  8515 I Input   : injectKeyEvent: KeyEvent { action=ACTION_DOWN, keyCode=KEYCODE_BACK, scanCode=0, metaState=0, flags=0x0, repeatCount=0, eventTime=802045725, downTime=802045725, deviceId=-1, source=0x101 }
08-05 14:47:09.317  7308  7328 I art     : Explicit concurrent mark sweep GC freed 123(2096B) AllocSpace objects, 0(0B) LOS objects, 28% free, 39MB/55MB, paused 777us total 30.483ms
08-05 14:47:09.319  8515  8515 I Input   : injectKeyEvent: KeyEvent { action=ACTION_UP, keyCode=KEYCODE_BACK, scanCode=0, metaState=0, flags=0x0, repeatCount=0, eventTime=802045725, downTime=802045725, deviceId=-1, source=0x101 }
08-05 14:47:09.326  8515  8515 D AndroidRuntime: Shutting down VM
08-05 14:47:09.330  7308  7328 I art     : Starting a blocking GC Explicit
08-05 14:47:09.336  7308  7308 V MainActivity: url = https://project-travel-mate.herokuapp.com/api/number-of-unread-notifications
08-05 14:47:09.359  7308  7328 I art     : Explicit concurrent mark sweep GC freed 426(15KB) AllocSpace objects, 0(0B) LOS objects, 28% free, 39MB/55MB, paused 644us total 29.419ms
08-05 14:47:09.365 13866 13866 I GoogleInputMethodServic: GoogleInputMethodService.onFinishInput():3138 
08-05 14:47:09.365 13866 13866 I GoogleInputMethodServic: GoogleInputMethodService.onStartInput():1808 
08-05 14:47:09.651   380   380 W SurfaceFlinger: couldn't log to binary event log: overflow.
08-05 14:47:09.670  7308  7322 I art     : Starting a blocking GC Explicit
08-05 14:47:09.703  7308  7322 I art     : Explicit concurrent mark sweep GC freed 2644(112KB) AllocSpace objects, 2(40KB) LOS objects, 28% free, 39MB/55MB, paused 772us total 32.445ms
08-05 14:47:09.715  7308  7322 I art     : Starting a blocking GC Explicit
08-05 14:47:09.748  7308  7322 I art     : Explicit concurrent mark sweep GC freed 237(9KB) AllocSpace objects, 0(0B) LOS objects, 28% free, 39MB/55MB, paused 765us total 32.161ms
08-05 14:47:09.761  7308  7322 I art     : Starting a blocking GC Explicit
08-05 14:47:09.793  7308  7322 I art     : Explicit concurrent mark sweep GC freed 75(1296B) AllocSpace objects, 0(0B) LOS objects, 28% free, 39MB/55MB, paused 825us total 32.514ms
08-05 14:47:09.806  7308  7322 I art     : Starting a blocking GC Explicit
08-05 14:47:09.839  7308  7322 I art     : Explicit concurrent mark sweep GC freed 75(1296B) AllocSpace objects, 0(0B) LOS objects, 28% free, 39MB/55MB, paused 754us total 32.830ms
08-05 14:47:09.852  7308  7322 I art     : Starting a blocking GC Explicit
08-05 14:47:09.886  7308  7322 I art     : Explicit concurrent mark sweep GC freed 74(1264B) AllocSpace objects, 0(0B) LOS objects, 28% free, 39MB/55MB, paused 799us total 33.339ms
08-05 14:47:10.172  7308  8538 I NAPPA_EXPERIMENTATION: MetricNetworkRequestExecutionTime: REQUEST_DURATION_SYSTEM='835',REQUEST_DURATION_OKHTTP='37',REQUEST_SYNCHRONOUS='FALSE',RESPONSE_CODE='200',RESPONSE_METHOD='GET',RESPONSE_LENGTH_OKHTTP='36',RESPONSE_LENGTH_HEADER='36',REQUEST_PROTOCOL='http/1.1',REQUEST_URL='https://project-travel-mate.herokuapp.com/api/number-of-unread-notifications',
08-05 14:47:10.222  7308  7568 I art     : Starting a blocking GC Explicit
08-05 14:47:10.259  7308  7568 I art     : Explicit concurrent mark sweep GC freed 4771(240KB) AllocSpace objects, 5(240KB) LOS objects, 28% free, 39MB/55MB, paused 741us total 37.328ms
08-05 14:47:10.274  7308  7568 I art     : Starting a blocking GC Explicit
08-05 14:47:10.306  7308  7568 I art     : Explicit concurrent mark sweep GC freed 1038(118KB) AllocSpace objects, 0(0B) LOS objects, 28% free, 39MB/55MB, paused 694us total 31.774ms
08-05 14:47:10.319  7308  7568 I art     : Starting a blocking GC Explicit
08-05 14:47:10.351  7308  7568 I art     : Explicit concurrent mark sweep GC freed 51(896B) AllocSpace objects, 0(0B) LOS objects, 28% free, 39MB/55MB, paused 686us total 31.564ms
08-05 14:47:10.364  7308  7568 I art     : Starting a blocking GC Explicit
08-05 14:47:10.396  7308  7568 I art     : Explicit concurrent mark sweep GC freed 75(1296B) AllocSpace objects, 0(0B) LOS objects, 28% free, 39MB/55MB, paused 744us total 32.183ms
08-05 14:47:10.409  7308  7568 I art     : Starting a blocking GC Explicit
08-05 14:47:10.442  7308  7568 I art     : Explicit concurrent mark sweep GC freed 75(1296B) AllocSpace objects, 0(0B) LOS objects, 28% free, 39MB/55MB, paused 697us total 32.353ms
08-05 14:47:10.756  7308  7328 I art     : Starting a blocking GC Explicit
08-05 14:47:10.792  7308  7328 I art     : Explicit concurrent mark sweep GC freed 1931(91KB) AllocSpace objects, 2(40KB) LOS objects, 28% free, 39MB/55MB, paused 735us total 35.782ms
08-05 14:47:10.806  7308  7328 I art     : Starting a blocking GC Explicit
08-05 14:47:10.838  7308  7328 I art     : Explicit concurrent mark sweep GC freed 94(1984B) AllocSpace objects, 0(0B) LOS objects, 28% free, 39MB/55MB, paused 763us total 32.440ms
08-05 14:47:10.851  7308  7328 I art     : Starting a blocking GC Explicit
08-05 14:47:10.884  7308  7328 I art     : Explicit concurrent mark sweep GC freed 50(864B) AllocSpace objects, 0(0B) LOS objects, 28% free, 39MB/55MB, paused 695us total 32.476ms
08-05 14:47:10.896  7308  7328 I art     : Starting a blocking GC Explicit
08-05 14:47:10.928  7308  7328 I art     : Explicit concurrent mark sweep GC freed 76(1328B) AllocSpace objects, 0(0B) LOS objects, 28% free, 39MB/55MB, paused 726us total 31.294ms
08-05 14:47:10.940  7308  7328 I art     : Starting a blocking GC Explicit
08-05 14:47:10.973  7308  7328 I art     : Explicit concurrent mark sweep GC freed 78(1392B) AllocSpace objects, 0(0B) LOS objects, 28% free, 39MB/55MB, paused 701us total 32.488ms
08-05 14:47:10.994  8560  8560 D AndroidRuntime: >>>>>> START com.android.internal.os.RuntimeInit uid 2000 <<<<<<
08-05 14:47:10.999  8560  8560 D AndroidRuntime: CheckJNI is OFF
08-05 14:47:11.030  8560  8560 D ICU     : No timezone override file found: /data/misc/zoneinfo/current/icu/icu_tzdata.dat
08-05 14:47:11.062  8560  8560 I Radio-JNI: register_android_hardware_Radio DONE
08-05 14:47:11.084  8560  8560 D AndroidRuntime: Calling main entry com.android.commands.input.Input
08-05 14:47:11.086  8560  8560 I Input   : injectMotionEvent: MotionEvent { action=ACTION_DOWN, actionButton=0, id[0]=0, x[0]=117.0, y[0]=170.0, toolType[0]=TOOL_TYPE_UNKNOWN, buttonState=0, metaState=0, flags=0x0, edgeFlags=0x0, pointerCount=1, historySize=0, eventTime=802047498, downTime=802047498, deviceId=0, source=0x1002 }
08-05 14:47:11.091  8560  8560 I Input   : injectMotionEvent: MotionEvent { action=ACTION_UP, actionButton=0, id[0]=0, x[0]=117.0, y[0]=170.0, toolType[0]=TOOL_TYPE_UNKNOWN, buttonState=0, metaState=0, flags=0x0, edgeFlags=0x0, pointerCount=1, historySize=0, eventTime=802047498, downTime=802047498, deviceId=0, source=0x1002 }
08-05 14:47:11.094  8560  8560 D AndroidRuntime: Shutting down VM
08-05 14:47:11.108   512  2967 D audio_hw_primary: out_set_parameters: enter: usecase(1: low-latency-playback) kvpairs: routing=2
08-05 14:47:11.121   512  2967 D audio_hw_primary: select_devices: out_snd_device(2: speaker) in_snd_device(0: none)
08-05 14:47:11.121   512  2967 D msm8974_platform: platform_send_audio_calibration: sending audio calibration for snd_device(2) acdb_id(15)
08-05 14:47:11.121   512  2967 I soundtrigger: audio_extn_sound_trigger_update_device_status: device 0x2 of type 0 for Event 1
08-05 14:47:11.132   512  2967 D audio_hw_primary: enable_snd_device: snd_device(2: speaker)
08-05 14:47:11.134   512  2967 D audio_hw_primary: enable_audio_route: apply and update mixer path: low-latency-playback speaker
08-05 14:47:11.286  7308  7328 I art     : Starting a blocking GC Explicit
08-05 14:47:11.321  7308  7328 I art     : Explicit concurrent mark sweep GC freed 2381(114KB) AllocSpace objects, 2(40KB) LOS objects, 28% free, 40MB/56MB, paused 940us total 34.495ms
08-05 14:47:11.333  7308  7328 I art     : Starting a blocking GC Explicit
08-05 14:47:11.351   918  3188 I hubconnection: sensorhub said: 'set_bias 3: -6.2400, 0.0000, 0.0000'
08-05 14:47:11.363  7308  7328 I art     : Explicit concurrent mark sweep GC freed 107(3KB) AllocSpace objects, 0(0B) LOS objects, 28% free, 40MB/56MB, paused 666us total 29.712ms
08-05 14:47:11.376  7308  7328 I art     : Starting a blocking GC Explicit
08-05 14:47:11.406  7308  7328 I art     : Explicit concurrent mark sweep GC freed 77(1360B) AllocSpace objects, 0(0B) LOS objects, 28% free, 40MB/56MB, paused 837us total 29.812ms
08-05 14:47:11.418  7308  7328 I art     : Starting a blocking GC Explicit
08-05 14:47:11.447  7308  7328 I art     : Explicit concurrent mark sweep GC freed 50(864B) AllocSpace objects, 0(0B) LOS objects, 28% free, 40MB/56MB, paused 818us total 29.190ms
08-05 14:47:11.460  7308  7328 I art     : Starting a blocking GC Explicit
08-05 14:47:11.490  7308  7328 I art     : Explicit concurrent mark sweep GC freed 76(1328B) AllocSpace objects, 0(0B) LOS objects, 28% free, 40MB/56MB, paused 890us total 29.831ms
08-05 14:47:11.678   512  2967 D audio_hw_primary: disable_audio_route: reset and update mixer path: low-latency-playback speaker
08-05 14:47:11.680   512  2967 D audio_hw_primary: disable_snd_device: snd_device(2: speaker)
08-05 14:47:11.688   512  2967 I soundtrigger: audio_extn_sound_trigger_update_device_status: device 0x2 of type 0 for Event 0
08-05 14:47:11.714  8598  8598 D AndroidRuntime: >>>>>> START com.android.internal.os.RuntimeInit uid 2000 <<<<<<
08-05 14:47:11.719  8598  8598 D AndroidRuntime: CheckJNI is OFF
08-05 14:47:11.737   518   646 I ThermalEngine: ACTION: GPU - Setting GPU[0] to 450000000
08-05 14:47:11.757  8598  8598 D ICU     : No timezone override file found: /data/misc/zoneinfo/current/icu/icu_tzdata.dat
08-05 14:47:11.799  8598  8598 I Radio-JNI: register_android_hardware_Radio DONE
08-05 14:47:11.828  8598  8598 D AndroidRuntime: Calling main entry com.android.commands.input.Input
08-05 14:47:11.830  8598  8598 I Input   : injectMotionEvent: MotionEvent { action=ACTION_DOWN, actionButton=0, id[0]=0, x[0]=355.0, y[0]=1674.0, toolType[0]=TOOL_TYPE_UNKNOWN, buttonState=0, metaState=0, flags=0x0, edgeFlags=0x0, pointerCount=1, historySize=0, eventTime=802048242, downTime=802048242, deviceId=0, source=0x1002 }
08-05 14:47:11.834  8598  8598 I Input   : injectMotionEvent: MotionEvent { action=ACTION_UP, actionButton=0, id[0]=0, x[0]=355.0, y[0]=1674.0, toolType[0]=TOOL_TYPE_UNKNOWN, buttonState=0, metaState=0, flags=0x0, edgeFlags=0x0, pointerCount=1, historySize=0, eventTime=802048242, downTime=802048242, deviceId=0, source=0x1002 }
08-05 14:47:11.836  8598  8598 D AndroidRuntime: Shutting down VM
08-05 14:47:11.843   512  2967 D audio_hw_primary: out_set_parameters: enter: usecase(1: low-latency-playback) kvpairs: routing=2
08-05 14:47:11.855  7308  7321 I art     : Starting a blocking GC Explicit
08-05 14:47:11.856   512  2967 D audio_hw_primary: select_devices: out_snd_device(2: speaker) in_snd_device(0: none)
08-05 14:47:11.857   512  2967 D msm8974_platform: platform_send_audio_calibration: sending audio calibration for snd_device(2) acdb_id(15)
08-05 14:47:11.857   512  2967 I soundtrigger: audio_extn_sound_trigger_update_device_status: device 0x2 of type 0 for Event 1
08-05 14:47:11.866   512  2967 D audio_hw_primary: enable_snd_device: snd_device(2: speaker)
08-05 14:47:11.868   512  2967 D audio_hw_primary: enable_audio_route: apply and update mixer path: low-latency-playback speaker
08-05 14:47:11.894  7308  7321 I art     : Explicit concurrent mark sweep GC freed 2381(115KB) AllocSpace objects, 2(40KB) LOS objects, 27% free, 42MB/58MB, paused 1.016ms total 37.792ms
08-05 14:47:11.911  7308  7321 I art     : Starting a blocking GC Explicit
08-05 14:47:11.914   512  2967 D AudioFlinger: mixer(0xf4740000) throttle end: throttle time(12)
08-05 14:47:11.950  7308  7321 I art     : Explicit concurrent mark sweep GC freed 1393(141KB) AllocSpace objects, 0(0B) LOS objects, 23% free, 50MB/66MB, paused 1.007ms total 38.632ms
08-05 14:47:11.966  7308  7321 I art     : Starting a blocking GC Explicit
08-05 14:47:12.005  7308  7321 I art     : Explicit concurrent mark sweep GC freed 8(320B) AllocSpace objects, 0(0B) LOS objects, 23% free, 50MB/66MB, paused 993us total 38.328ms
08-05 14:47:12.022  7308  7321 I art     : Starting a blocking GC Explicit
08-05 14:47:12.066  7308  7321 I art     : Explicit concurrent mark sweep GC freed 6(240B) AllocSpace objects, 0(0B) LOS objects, 17% free, 73MB/89MB, paused 1.011ms total 43.972ms
08-05 14:47:12.083  7308  7321 I art     : Starting a blocking GC Explicit
08-05 14:47:12.119  7308  7321 I art     : Explicit concurrent mark sweep GC freed 5(192B) AllocSpace objects, 0(0B) LOS objects, 17% free, 73MB/89MB, paused 984us total 35.832ms
08-05 14:47:12.409   512  2967 D audio_hw_primary: disable_audio_route: reset and update mixer path: low-latency-playback speaker
08-05 14:47:12.411   512  2967 D audio_hw_primary: disable_snd_device: snd_device(2: speaker)
08-05 14:47:12.419   512  2967 I soundtrigger: audio_extn_sound_trigger_update_device_status: device 0x2 of type 0 for Event 0
08-05 14:47:12.478  7308  7328 I art     : Waiting for a blocking GC Explicit
08-05 14:47:12.517  7308  7328 I art     : WaitForGcToComplete blocked for 39.341ms for cause Explicit
08-05 14:47:12.517  7308  7328 I art     : Starting a blocking GC Explicit
08-05 14:47:12.557  7308  7328 I art     : Explicit concurrent mark sweep GC freed 20(720B) AllocSpace objects, 0(0B) LOS objects, 12% free, 115MB/131MB, paused 1.074ms total 39.728ms
08-05 14:47:12.574  7308  7328 I art     : Starting a blocking GC Explicit
08-05 14:47:12.612  7308  7328 I art     : Explicit concurrent mark sweep GC freed 3(96B) AllocSpace objects, 0(0B) LOS objects, 12% free, 115MB/131MB, paused 1.015ms total 38.300ms
08-05 14:47:12.629  7308  7328 I art     : Waiting for a blocking GC Explicit
08-05 14:47:12.637  7308  7328 I art     : WaitForGcToComplete blocked for 8.685ms for cause Explicit
08-05 14:47:12.637  7308  7328 I art     : Starting a blocking GC Explicit
08-05 14:47:12.676  7308  7328 I art     : Explicit concurrent mark sweep GC freed 9(336B) AllocSpace objects, 0(0B) LOS objects, 10% free, 134MB/150MB, paused 1.012ms total 38.349ms
08-05 14:47:12.676  7308  7320 I art     : WaitForGcToComplete blocked for 38.636ms for cause Background
08-05 14:47:12.692  7308  7328 I art     : Starting a blocking GC Explicit
08-05 14:47:12.731  7308  7328 I art     : Explicit concurrent mark sweep GC freed 5(192B) AllocSpace objects, 0(0B) LOS objects, 10% free, 134MB/150MB, paused 979us total 38.164ms
08-05 14:47:12.747  7308  7328 I art     : Starting a blocking GC Explicit
08-05 14:47:12.787  7308  7328 I art     : Explicit concurrent mark sweep GC freed 7(640B) AllocSpace objects, 0(0B) LOS objects, 10% free, 134MB/150MB, paused 1.332ms total 38.998ms
08-05 14:47:12.787  7308  7308 I Choreographer: Skipped 56 frames!  The application may be doing too much work on its main thread.
08-05 14:47:12.788  7308  7308 V MainActivity: url = https://project-travel-mate.herokuapp.com/api/number-of-unread-notifications
08-05 14:47:13.153  7308  7328 I art     : Starting a blocking GC Explicit
08-05 14:47:13.204  7308  7328 I art     : Explicit concurrent mark sweep GC freed 3195(150KB) AllocSpace objects, 11(288KB) LOS objects, 10% free, 134MB/150MB, paused 1.056ms total 50.914ms
08-05 14:47:13.225  7308  7328 I art     : Starting a blocking GC Explicit
08-05 14:47:13.270  7308  7328 I art     : Explicit concurrent mark sweep GC freed 940(54KB) AllocSpace objects, 0(0B) LOS objects, 10% free, 134MB/150MB, paused 1.028ms total 44.963ms
08-05 14:47:13.287  7308  7328 I art     : Starting a blocking GC Explicit
08-05 14:47:13.328  7308  7328 I art     : Explicit concurrent mark sweep GC freed 3(96B) AllocSpace objects, 0(0B) LOS objects, 10% free, 134MB/150MB, paused 1.019ms total 40.988ms
08-05 14:47:13.345  7308  7328 I art     : Starting a blocking GC Explicit
08-05 14:47:13.387  7308  7328 I art     : Explicit concurrent mark sweep GC freed 3(96B) AllocSpace objects, 0(0B) LOS objects, 10% free, 134MB/150MB, paused 1.006ms total 41.607ms
08-05 14:47:13.407  7308  7328 I art     : Starting a blocking GC Explicit
08-05 14:47:13.449  7308  7328 I art     : Explicit concurrent mark sweep GC freed 3(96B) AllocSpace objects, 0(0B) LOS objects, 10% free, 134MB/150MB, paused 1.020ms total 41.183ms
08-05 14:47:13.545  7308  8630 I NAPPA_EXPERIMENTATION: MetricNetworkRequestExecutionTime: REQUEST_DURATION_SYSTEM='756',REQUEST_DURATION_OKHTTP='36',REQUEST_SYNCHRONOUS='FALSE',RESPONSE_CODE='200',RESPONSE_METHOD='GET',RESPONSE_LENGTH_OKHTTP='36',RESPONSE_LENGTH_HEADER='36',REQUEST_PROTOCOL='http/1.1',REQUEST_URL='https://project-travel-mate.herokuapp.com/api/number-of-unread-notifications',
08-05 14:47:13.874  7308  7322 I art     : Starting a blocking GC Explicit
08-05 14:47:13.932  7308  7322 I art     : Explicit concurrent mark sweep GC freed 4228(230KB) AllocSpace objects, 5(236KB) LOS objects, 10% free, 134MB/150MB, paused 1.331ms total 57.620ms
08-05 14:47:13.953  7308  7322 I art     : Starting a blocking GC Explicit
08-05 14:47:14.001  7308  7322 I art     : Explicit concurrent mark sweep GC freed 956(116KB) AllocSpace objects, 0(0B) LOS objects, 10% free, 134MB/150MB, paused 1.045ms total 48.209ms
08-05 14:47:14.019  7308  7322 I art     : Starting a blocking GC Explicit
08-05 14:47:14.064  7308  7322 I art     : Explicit concurrent mark sweep GC freed 3(96B) AllocSpace objects, 0(0B) LOS objects, 10% free, 134MB/150MB, paused 1.001ms total 45.226ms
08-05 14:47:14.082  7308  7322 I art     : Starting a blocking GC Explicit
08-05 14:47:14.123  7308  7322 I art     : Explicit concurrent mark sweep GC freed 3(96B) AllocSpace objects, 0(0B) LOS objects, 10% free, 134MB/150MB, paused 912us total 40.172ms
08-05 14:47:14.139  7308  7322 I art     : Starting a blocking GC Explicit
08-05 14:47:14.180  7308  7322 I art     : Explicit concurrent mark sweep GC freed 3(96B) AllocSpace objects, 0(0B) LOS objects, 10% free, 134MB/150MB, paused 992us total 40.158ms
08-05 14:47:14.585  7308  7321 I art     : Starting a blocking GC Explicit
08-05 14:47:14.631  8660  8660 D AndroidRuntime: >>>>>> START com.android.internal.os.RuntimeInit uid 2000 <<<<<<
08-05 14:47:14.633  7308  7321 I art     : Explicit concurrent mark sweep GC freed 1468(84KB) AllocSpace objects, 2(36KB) LOS objects, 10% free, 134MB/150MB, paused 1.387ms total 46.821ms
08-05 14:47:14.638  8660  8660 D AndroidRuntime: CheckJNI is OFF
08-05 14:47:14.651  7308  7321 I art     : Starting a blocking GC Explicit
08-05 14:47:14.684  8660  8660 D ICU     : No timezone override file found: /data/misc/zoneinfo/current/icu/icu_tzdata.dat
08-05 14:47:14.694  7308  7321 I art     : Explicit concurrent mark sweep GC freed 33(1360B) AllocSpace objects, 0(0B) LOS objects, 10% free, 134MB/150MB, paused 919us total 42.644ms
08-05 14:47:14.710  7308  7321 I art     : Starting a blocking GC Explicit
08-05 14:47:14.729  8660  8660 I Radio-JNI: register_android_hardware_Radio DONE
08-05 14:47:14.752  7308  7321 I art     : Explicit concurrent mark sweep GC freed 3(96B) AllocSpace objects, 0(0B) LOS objects, 10% free, 134MB/150MB, paused 978us total 41.066ms
08-05 14:47:14.758  8660  8660 D AndroidRuntime: Calling main entry com.android.commands.input.Input
08-05 14:47:14.760  8660  8660 I Input   : injectMotionEvent: MotionEvent { action=ACTION_DOWN, actionButton=0, id[0]=0, x[0]=747.0, y[0]=608.0, toolType[0]=TOOL_TYPE_UNKNOWN, buttonState=0, metaState=0, flags=0x0, edgeFlags=0x0, pointerCount=1, historySize=0, eventTime=802051173, downTime=802051173, deviceId=0, source=0x1002 }
08-05 14:47:14.767  8660  8660 I Input   : injectMotionEvent: MotionEvent { action=ACTION_UP, actionButton=0, id[0]=0, x[0]=747.0, y[0]=608.0, toolType[0]=TOOL_TYPE_UNKNOWN, buttonState=0, metaState=0, flags=0x0, edgeFlags=0x0, pointerCount=1, historySize=0, eventTime=802051173, downTime=802051173, deviceId=0, source=0x1002 }
08-05 14:47:14.769  7308  7321 I art     : Starting a blocking GC Explicit
08-05 14:47:14.769  8660  8660 D AndroidRuntime: Shutting down VM
08-05 14:47:14.772   512  2967 D audio_hw_primary: out_set_parameters: enter: usecase(1: low-latency-playback) kvpairs: routing=2
08-05 14:47:14.781   918   929 I ActivityManager: START u0 {cmp=baseline.io.github.project_travel_mate/.utilities.ChecklistActivity} from uid 10674 on display 0
08-05 14:47:14.785   512  2967 D audio_hw_primary: select_devices: out_snd_device(2: speaker) in_snd_device(0: none)
08-05 14:47:14.785   512  2967 D msm8974_platform: platform_send_audio_calibration: sending audio calibration for snd_device(2) acdb_id(15)
08-05 14:47:14.786   512  2967 I soundtrigger: audio_extn_sound_trigger_update_device_status: device 0x2 of type 0 for Event 1
08-05 14:47:14.797   512  2967 D audio_hw_primary: enable_snd_device: snd_device(2: speaker)
08-05 14:47:14.799   512  2967 D audio_hw_primary: enable_audio_route: apply and update mixer path: low-latency-playback speaker
08-05 14:47:14.809  7308  7321 I art     : Explicit concurrent mark sweep GC freed 253(24KB) AllocSpace objects, 0(0B) LOS objects, 10% free, 134MB/150MB, paused 1.346ms total 39.777ms
08-05 14:47:14.825  7308  7321 I art     : Starting a blocking GC Explicit
08-05 14:47:14.875  7308  7321 W art     : Suspending all threads took: 7.054ms
08-05 14:47:14.878  7308  7321 I art     : Explicit concurrent mark sweep GC freed 453(52KB) AllocSpace objects, 0(0B) LOS objects, 10% free, 134MB/150MB, paused 8.437ms total 52.390ms
08-05 14:47:14.978 13866 13866 I GoogleInputMethodServic: GoogleInputMethodService.onFinishInput():3138 
08-05 14:47:14.979 13866 13866 I GoogleInputMethodServic: GoogleInputMethodService.onStartInput():1808 
08-05 14:47:14.979   918   936 I ActivityManager: Displayed baseline.io.github.project_travel_mate/.utilities.ChecklistActivity: +189ms
08-05 14:47:15.207   380   380 W SurfaceFlinger: couldn't log to binary event log: overflow.
08-05 14:47:15.255  7308  7321 I art     : Starting a blocking GC Explicit
08-05 14:47:15.296  7308  7321 I art     : Explicit concurrent mark sweep GC freed 2672(219KB) AllocSpace objects, 2(36KB) LOS objects, 10% free, 135MB/151MB, paused 990us total 41.284ms
08-05 14:47:15.314  7308  7321 I art     : Starting a blocking GC Explicit
08-05 14:47:15.329   512  2967 D audio_hw_primary: disable_audio_route: reset and update mixer path: low-latency-playback speaker
08-05 14:47:15.330   512  2967 D audio_hw_primary: disable_snd_device: snd_device(2: speaker)
08-05 14:47:15.338   512  2967 I soundtrigger: audio_extn_sound_trigger_update_device_status: device 0x2 of type 0 for Event 0
08-05 14:47:15.358  7308  7321 I art     : Explicit concurrent mark sweep GC freed 221(8KB) AllocSpace objects, 0(0B) LOS objects, 10% free, 135MB/151MB, paused 1.216ms total 44.452ms
08-05 14:47:15.375  7308  7321 I art     : Starting a blocking GC Explicit
08-05 14:47:15.416  7308  7321 I art     : Explicit concurrent mark sweep GC freed 23(1264B) AllocSpace objects, 0(0B) LOS objects, 10% free, 135MB/151MB, paused 1.045ms total 40.257ms
08-05 14:47:15.432  7308  7321 I art     : Starting a blocking GC Explicit
08-05 14:47:15.476  7308  7321 I art     : Explicit concurrent mark sweep GC freed 11(352B) AllocSpace objects, 0(0B) LOS objects, 10% free, 135MB/151MB, paused 1.097ms total 43.568ms
08-05 14:47:15.494  7308  7321 I art     : Starting a blocking GC Explicit
08-05 14:47:15.539  7308  7321 I art     : Explicit concurrent mark sweep GC freed 3(96B) AllocSpace objects, 0(0B) LOS objects, 10% free, 135MB/151MB, paused 1.129ms total 44.918ms
08-05 14:47:15.936  7308  7568 I art     : Starting a blocking GC Explicit
08-05 14:47:15.990  7308  7568 I art     : Explicit concurrent mark sweep GC freed 1617(93KB) AllocSpace objects, 2(36KB) LOS objects, 10% free, 135MB/151MB, paused 1.200ms total 52.832ms
08-05 14:47:16.010  7308  7568 I art     : Starting a blocking GC Explicit
08-05 14:47:16.055  7308  7568 I art     : Explicit concurrent mark sweep GC freed 28(1024B) AllocSpace objects, 0(0B) LOS objects, 10% free, 135MB/151MB, paused 1.036ms total 45.030ms
08-05 14:47:16.073  7308  7568 I art     : Starting a blocking GC Explicit
08-05 14:47:16.115  7308  7568 I art     : Explicit concurrent mark sweep GC freed 14(720B) AllocSpace objects, 0(0B) LOS objects, 10% free, 135MB/151MB, paused 1.088ms total 42.547ms
08-05 14:47:16.133  7308  7568 I art     : Starting a blocking GC Explicit
08-05 14:47:16.175  7308  7568 I art     : Explicit concurrent mark sweep GC freed 14(672B) AllocSpace objects, 0(0B) LOS objects, 10% free, 135MB/151MB, paused 1.059ms total 41.718ms
08-05 14:47:16.192  7308  7568 I art     : Starting a blocking GC Explicit
08-05 14:47:16.237  7308  7568 I art     : Explicit concurrent mark sweep GC freed 10(368B) AllocSpace objects, 0(0B) LOS objects, 10% free, 135MB/151MB, paused 1.067ms total 44.275ms
08-05 14:47:16.639  7308  7322 I art     : Starting a blocking GC Explicit
08-05 14:47:16.701  7308  7322 I art     : Explicit concurrent mark sweep GC freed 1581(91KB) AllocSpace objects, 2(36KB) LOS objects, 10% free, 135MB/151MB, paused 1.248ms total 61.209ms
08-05 14:47:16.721  7308  7322 I art     : Starting a blocking GC Explicit
08-05 14:47:16.769  7308  7322 I art     : Explicit concurrent mark sweep GC freed 28(1024B) AllocSpace objects, 0(0B) LOS objects, 10% free, 135MB/151MB, paused 1.358ms total 47.158ms
08-05 14:47:16.791  7308  7322 I art     : Starting a blocking GC Explicit
08-05 14:47:16.840  7308  7322 I art     : Explicit concurrent mark sweep GC freed 3(96B) AllocSpace objects, 0(0B) LOS objects, 10% free, 135MB/151MB, paused 1.143ms total 49.313ms
08-05 14:47:16.858  7308  7322 I art     : Starting a blocking GC Explicit
08-05 14:47:16.903  7308  7322 I art     : Explicit concurrent mark sweep GC freed 34(928B) AllocSpace objects, 0(0B) LOS objects, 10% free, 135MB/151MB, paused 1.122ms total 45.006ms
08-05 14:47:16.921  7308  7322 I art     : Starting a blocking GC Explicit
08-05 14:47:16.970  7308  7322 I art     : Explicit concurrent mark sweep GC freed 3(96B) AllocSpace objects, 0(0B) LOS objects, 10% free, 135MB/151MB, paused 1.130ms total 48.495ms
08-05 14:47:17.398  7308  7328 I art     : Starting a blocking GC Explicit
08-05 14:47:17.456  7308  7328 I art     : Explicit concurrent mark sweep GC freed 1594(92KB) AllocSpace objects, 2(36KB) LOS objects, 10% free, 135MB/151MB, paused 1.212ms total 57.231ms
08-05 14:47:17.477  7308  7328 I art     : Starting a blocking GC Explicit
08-05 14:47:17.526  7308  7328 I art     : Explicit concurrent mark sweep GC freed 38(1568B) AllocSpace objects, 0(0B) LOS objects, 10% free, 135MB/151MB, paused 1.152ms total 48.567ms
08-05 14:47:17.547  7308  7328 I art     : Starting a blocking GC Explicit
08-05 14:47:17.596  7308  7328 I art     : Explicit concurrent mark sweep GC freed 3(96B) AllocSpace objects, 0(0B) LOS objects, 10% free, 135MB/151MB, paused 1.114ms total 48.944ms
08-05 14:47:17.616  7308  7328 I art     : Starting a blocking GC Explicit
08-05 14:47:17.667  7308  7328 I art     : Explicit concurrent mark sweep GC freed 3(96B) AllocSpace objects, 0(0B) LOS objects, 10% free, 135MB/151MB, paused 1.114ms total 50.330ms
08-05 14:47:17.684  7308  7328 I art     : Starting a blocking GC Explicit
08-05 14:47:17.734  7308  7328 I art     : Explicit concurrent mark sweep GC freed 3(96B) AllocSpace objects, 0(0B) LOS objects, 10% free, 135MB/151MB, paused 1.180ms total 49.629ms
08-05 14:47:17.751   518   646 I ThermalEngine: ACTION: GPU - Setting GPU[0] to 510000000
08-05 14:47:18.151  7308  7321 I art     : Starting a blocking GC Explicit
08-05 14:47:18.197  7308  7321 I art     : Explicit concurrent mark sweep GC freed 1616(93KB) AllocSpace objects, 2(36KB) LOS objects, 10% free, 135MB/151MB, paused 911us total 45.722ms
08-05 14:47:18.212  7308  7321 I art     : Starting a blocking GC Explicit
08-05 14:47:18.249  7308  7321 I art     : Explicit concurrent mark sweep GC freed 28(1024B) AllocSpace objects, 0(0B) LOS objects, 10% free, 135MB/151MB, paused 791us total 36.057ms
08-05 14:47:18.262  7308  7321 I art     : Starting a blocking GC Explicit
08-05 14:47:18.297  7308  7321 I art     : Explicit concurrent mark sweep GC freed 3(96B) AllocSpace objects, 0(0B) LOS objects, 10% free, 135MB/151MB, paused 855us total 35.398ms
08-05 14:47:18.311  7308  7321 I art     : Starting a blocking GC Explicit
08-05 14:47:18.347  7308  7321 I art     : Explicit concurrent mark sweep GC freed 3(96B) AllocSpace objects, 0(0B) LOS objects, 10% free, 135MB/151MB, paused 817us total 35.718ms
08-05 14:47:18.360  7308  7321 I art     : Starting a blocking GC Explicit
08-05 14:47:18.395  7308  7321 I art     : Explicit concurrent mark sweep GC freed 3(96B) AllocSpace objects, 0(0B) LOS objects, 10% free, 135MB/151MB, paused 776us total 34.779ms
08-05 14:47:18.560  2820  2820 I Atfwd_Sendcmd: AtCmdFwd service not ready - Exhausted retry attempts - :6
08-05 14:47:18.560  2820  2820 I Atfwd_Daemon: result : -1 	 ,Init step :2 	 ,qmiErrorCode: 0
08-05 14:47:18.817  7308  7568 I art     : Starting a blocking GC Explicit
08-05 14:47:18.869  7308  7568 I art     : Explicit concurrent mark sweep GC freed 1612(92KB) AllocSpace objects, 2(36KB) LOS objects, 10% free, 135MB/151MB, paused 938us total 51.518ms
08-05 14:47:18.887  7308  7568 I art     : Starting a blocking GC Explicit
08-05 14:47:18.921  7308  7568 I art     : Explicit concurrent mark sweep GC freed 29(1056B) AllocSpace objects, 0(0B) LOS objects, 10% free, 135MB/151MB, paused 830us total 33.977ms
08-05 14:47:18.934  7308  7568 I art     : Starting a blocking GC Explicit
08-05 14:47:18.970  7308  7568 I art     : Explicit concurrent mark sweep GC freed 3(96B) AllocSpace objects, 0(0B) LOS objects, 10% free, 135MB/151MB, paused 738us total 35.135ms
08-05 14:47:18.983  7308  7568 I art     : Starting a blocking GC Explicit
08-05 14:47:19.019  7308  7568 I art     : Explicit concurrent mark sweep GC freed 3(96B) AllocSpace objects, 0(0B) LOS objects, 10% free, 135MB/151MB, paused 834us total 35.282ms
08-05 14:47:19.032  7308  7568 I art     : Starting a blocking GC Explicit
08-05 14:47:19.065  7308  7568 I art     : Explicit concurrent mark sweep GC freed 3(96B) AllocSpace objects, 0(0B) LOS objects, 10% free, 135MB/151MB, paused 744us total 33.573ms
08-05 14:47:19.441  7308  7322 I art     : Starting a blocking GC Explicit
08-05 14:47:19.445  8751  8751 D AndroidRuntime: >>>>>> START com.android.internal.os.RuntimeInit uid 2000 <<<<<<
08-05 14:47:19.451  8751  8751 D AndroidRuntime: CheckJNI is OFF
08-05 14:47:19.479  7308  7322 I art     : Explicit concurrent mark sweep GC freed 1594(92KB) AllocSpace objects, 2(36KB) LOS objects, 10% free, 135MB/151MB, paused 890us total 38.395ms
08-05 14:47:19.488  8751  8751 D ICU     : No timezone override file found: /data/misc/zoneinfo/current/icu/icu_tzdata.dat
08-05 14:47:19.493  7308  7322 I art     : Starting a blocking GC Explicit
08-05 14:47:19.523  8751  8751 I Radio-JNI: register_android_hardware_Radio DONE
08-05 14:47:19.526  7308  7322 I art     : Explicit concurrent mark sweep GC freed 38(1568B) AllocSpace objects, 0(0B) LOS objects, 10% free, 135MB/151MB, paused 887us total 32.729ms
08-05 14:47:19.539  7308  7322 I art     : Starting a blocking GC Explicit
08-05 14:47:19.545  8751  8751 D AndroidRuntime: Calling main entry com.android.commands.input.Input
08-05 14:47:19.547  8751  8751 I Input   : injectKeyEvent: KeyEvent { action=ACTION_DOWN, keyCode=KEYCODE_BACK, scanCode=0, metaState=0, flags=0x0, repeatCount=0, eventTime=802055960, downTime=802055960, deviceId=-1, source=0x101 }
08-05 14:47:19.553  8751  8751 I Input   : injectKeyEvent: KeyEvent { action=ACTION_UP, keyCode=KEYCODE_BACK, scanCode=0, metaState=0, flags=0x0, repeatCount=0, eventTime=802055960, downTime=802055960, deviceId=-1, source=0x101 }
08-05 14:47:19.558  8751  8751 D AndroidRuntime: Shutting down VM
08-05 14:47:19.572  7308  7322 I art     : Explicit concurrent mark sweep GC freed 112(4KB) AllocSpace objects, 0(0B) LOS objects, 10% free, 135MB/151MB, paused 851us total 32.619ms
08-05 14:47:19.577  7308  7308 V MainActivity: url = https://project-travel-mate.herokuapp.com/api/number-of-unread-notifications
08-05 14:47:19.585  7308  7322 I art     : Starting a blocking GC Explicit
08-05 14:47:19.607 13866 13866 I GoogleInputMethodServic: GoogleInputMethodService.onFinishInput():3138 
08-05 14:47:19.608 13866 13866 I GoogleInputMethodServic: GoogleInputMethodService.onStartInput():1808 
08-05 14:47:19.616  7308  7322 I art     : Explicit concurrent mark sweep GC freed 224(9KB) AllocSpace objects, 0(0B) LOS objects, 10% free, 135MB/151MB, paused 810us total 30.786ms
08-05 14:47:19.630  7308  7322 I art     : Starting a blocking GC Explicit
08-05 14:47:19.662  7308  7322 I art     : Explicit concurrent mark sweep GC freed 144(7KB) AllocSpace objects, 0(0B) LOS objects, 10% free, 135MB/151MB, paused 873us total 31.679ms
08-05 14:47:19.662  7308  7320 I art     : WaitForGcToComplete blocked for 29.442ms for cause HeapTrim
08-05 14:47:19.895   380   380 W SurfaceFlinger: couldn't log to binary event log: overflow.
08-05 14:47:19.984  7308  7328 I art     : Starting a blocking GC Explicit
08-05 14:47:20.020  7308  7328 I art     : Explicit concurrent mark sweep GC freed 2076(113KB) AllocSpace objects, 2(36KB) LOS objects, 10% free, 135MB/151MB, paused 891us total 35.289ms
08-05 14:47:20.033  7308  7328 I art     : Starting a blocking GC Explicit
08-05 14:47:20.068  7308  7328 I art     : Explicit concurrent mark sweep GC freed 160(7KB) AllocSpace objects, 0(0B) LOS objects, 10% free, 135MB/151MB, paused 921us total 34.981ms
08-05 14:47:20.081  7308  7328 I art     : Starting a blocking GC Explicit
08-05 14:47:20.117  7308  7328 I art     : Explicit concurrent mark sweep GC freed 3(96B) AllocSpace objects, 0(0B) LOS objects, 10% free, 135MB/151MB, paused 971us total 35.874ms
08-05 14:47:20.131  7308  7328 I art     : Starting a blocking GC Explicit
08-05 14:47:20.168  7308  7328 I art     : Explicit concurrent mark sweep GC freed 3(96B) AllocSpace objects, 0(0B) LOS objects, 10% free, 135MB/151MB, paused 1.063ms total 36.472ms
08-05 14:47:20.181  7308  7328 I art     : Starting a blocking GC Explicit
08-05 14:47:20.218  7308  7328 I art     : Explicit concurrent mark sweep GC freed 3(96B) AllocSpace objects, 0(0B) LOS objects, 10% free, 135MB/151MB, paused 941us total 36.584ms
08-05 14:47:20.408  7308  8775 I NAPPA_EXPERIMENTATION: MetricNetworkRequestExecutionTime: REQUEST_DURATION_SYSTEM='830',REQUEST_DURATION_OKHTTP='37',REQUEST_SYNCHRONOUS='FALSE',RESPONSE_CODE='200',RESPONSE_METHOD='GET',RESPONSE_LENGTH_OKHTTP='36',RESPONSE_LENGTH_HEADER='36',REQUEST_PROTOCOL='http/1.1',REQUEST_URL='https://project-travel-mate.herokuapp.com/api/number-of-unread-notifications',
08-05 14:47:20.550  7308  7568 I art     : Starting a blocking GC Explicit
08-05 14:47:20.601  7308  7568 I art     : Explicit concurrent mark sweep GC freed 4395(240KB) AllocSpace objects, 5(236KB) LOS objects, 10% free, 135MB/151MB, paused 1.033ms total 50.790ms
08-05 14:47:20.619  7308  7568 I art     : Starting a blocking GC Explicit
08-05 14:47:20.656  7308  7568 I art     : Explicit concurrent mark sweep GC freed 972(117KB) AllocSpace objects, 0(0B) LOS objects, 10% free, 135MB/151MB, paused 850us total 36.743ms
08-05 14:47:20.669  7308  7568 I art     : Starting a blocking GC Explicit
08-05 14:47:20.706  7308  7568 I art     : Explicit concurrent mark sweep GC freed 3(96B) AllocSpace objects, 0(0B) LOS objects, 10% free, 135MB/151MB, paused 862us total 36.691ms
08-05 14:47:20.720  7308  7568 I art     : Starting a blocking GC Explicit
08-05 14:47:20.757  7308  7568 I art     : Explicit concurrent mark sweep GC freed 3(96B) AllocSpace objects, 0(0B) LOS objects, 10% free, 135MB/151MB, paused 914us total 36.702ms
08-05 14:47:20.770  7308  7568 I art     : Starting a blocking GC Explicit
08-05 14:47:20.806  7308  7568 I art     : Explicit concurrent mark sweep GC freed 3(96B) AllocSpace objects, 0(0B) LOS objects, 10% free, 135MB/151MB, paused 798us total 35.285ms
08-05 14:47:21.150  7308  7321 I art     : Starting a blocking GC Explicit
08-05 14:47:21.192  7308  7321 I art     : Explicit concurrent mark sweep GC freed 1614(92KB) AllocSpace objects, 2(36KB) LOS objects, 10% free, 135MB/151MB, paused 1.019ms total 41.692ms
08-05 14:47:21.210  7308  7321 I art     : Starting a blocking GC Explicit
08-05 14:47:21.220  8798  8798 D AndroidRuntime: >>>>>> START com.android.internal.os.RuntimeInit uid 2000 <<<<<<
08-05 14:47:21.225  8798  8798 D AndroidRuntime: CheckJNI is OFF
08-05 14:47:21.251  7308  7321 I art     : Explicit concurrent mark sweep GC freed 35(1248B) AllocSpace objects, 0(0B) LOS objects, 10% free, 135MB/151MB, paused 1.057ms total 40.533ms
08-05 14:47:21.264  7308  7321 I art     : Starting a blocking GC Explicit
08-05 14:47:21.265  8798  8798 D ICU     : No timezone override file found: /data/misc/zoneinfo/current/icu/icu_tzdata.dat
08-05 14:47:21.298  7308  7321 I art     : Explicit concurrent mark sweep GC freed 8(256B) AllocSpace objects, 0(0B) LOS objects, 10% free, 135MB/151MB, paused 972us total 34.295ms
08-05 14:47:21.300  8798  8798 I Radio-JNI: register_android_hardware_Radio DONE
08-05 14:47:21.311  7308  7321 I art     : Starting a blocking GC Explicit
08-05 14:47:21.323  8798  8798 D AndroidRuntime: Calling main entry com.android.commands.input.Input
08-05 14:47:21.326  8798  8798 I Input   : injectMotionEvent: MotionEvent { action=ACTION_DOWN, actionButton=0, id[0]=0, x[0]=657.0, y[0]=2037.0, toolType[0]=TOOL_TYPE_UNKNOWN, buttonState=0, metaState=0, flags=0x0, edgeFlags=0x0, pointerCount=1, historySize=0, eventTime=802057738, downTime=802057738, deviceId=0, source=0x1002 }
08-05 14:47:21.333  8798  8798 I Input   : injectMotionEvent: MotionEvent { action=ACTION_UP, actionButton=0, id[0]=0, x[0]=657.0, y[0]=2037.0, toolType[0]=TOOL_TYPE_UNKNOWN, buttonState=0, metaState=0, flags=0x0, edgeFlags=0x0, pointerCount=1, historySize=0, eventTime=802057738, downTime=802057738, deviceId=0, source=0x1002 }
08-05 14:47:21.334  8798  8798 D AndroidRuntime: Shutting down VM
08-05 14:47:21.345  7308  7321 I art     : Explicit concurrent mark sweep GC freed 11(352B) AllocSpace objects, 0(0B) LOS objects, 10% free, 135MB/151MB, paused 869us total 33.877ms
08-05 14:47:21.348   918  6029 I ActivityManager: START u0 {cmp=baseline.io.github.project_travel_mate/.utilities.CompassActivity} from uid 10674 on display 0
08-05 14:47:21.350   512  2967 D audio_hw_primary: out_set_parameters: enter: usecase(1: low-latency-playback) kvpairs: routing=2
08-05 14:47:21.359  7308  7321 I art     : Starting a blocking GC Explicit
08-05 14:47:21.363   512  2967 D audio_hw_primary: select_devices: out_snd_device(2: speaker) in_snd_device(0: none)
08-05 14:47:21.363   512  2967 D msm8974_platform: platform_send_audio_calibration: sending audio calibration for snd_device(2) acdb_id(15)
08-05 14:47:21.363   512  2967 I soundtrigger: audio_extn_sound_trigger_update_device_status: device 0x2 of type 0 for Event 1
08-05 14:47:21.373   512  2967 D audio_hw_primary: enable_snd_device: snd_device(2: speaker)
08-05 14:47:21.375   512  2967 D audio_hw_primary: enable_audio_route: apply and update mixer path: low-latency-playback speaker
08-05 14:47:21.395  7308  7321 I art     : Explicit concurrent mark sweep GC freed 283(25KB) AllocSpace objects, 0(0B) LOS objects, 10% free, 135MB/151MB, paused 1.388ms total 34.916ms
08-05 14:47:21.704  7308  7322 I art     : Starting a blocking GC Explicit
08-05 14:47:21.739  7308  7322 I art     : Explicit concurrent mark sweep GC freed 80(4KB) AllocSpace objects, 0(0B) LOS objects, 7% free, 184MB/200MB, paused 1.062ms total 34.600ms
08-05 14:47:21.752  7308  7322 I art     : Starting a blocking GC Explicit
08-05 14:47:21.787  7308  7322 I art     : Explicit concurrent mark sweep GC freed 6(192B) AllocSpace objects, 0(0B) LOS objects, 7% free, 187MB/203MB, paused 999us total 34.535ms
08-05 14:47:21.796  7308  7308 D CompassActivity: start compass
08-05 14:47:21.797   918  3714 I sensors : batch
08-05 14:47:21.797   918  3714 I sensors : activate
08-05 14:47:21.797   918  5481 I sensors : batch
08-05 14:47:21.797   918  5481 I sensors : activate
08-05 14:47:21.800  7308  7322 I art     : Starting a blocking GC Explicit
08-05 14:47:21.803   918  3188 I hubconnection: sensorhub said: 'batch 1 flags:0, sampling_rate_Hz:50.00, max_report_latency_us:0'
08-05 14:47:21.805   918  3188 I hubconnection: sensorhub said: 'activate 1 enable:1'
08-05 14:47:21.806   918  3188 I hubconnection: sensorhub said: 'batch 3 flags:0, sampling_rate_Hz:50.00, max_report_latency_us:0'
08-05 14:47:21.807   918  3188 I hubconnection: sensorhub said: 'activate 3 enable:1'
08-05 14:47:21.834  7308  7322 I art     : Explicit concurrent mark sweep GC freed 158(8KB) AllocSpace objects, 0(0B) LOS objects, 7% free, 187MB/203MB, paused 772us total 33.649ms
08-05 14:47:21.846  7308  7322 I art     : Starting a blocking GC Explicit
08-05 14:47:21.880  7308  7322 I art     : Explicit concurrent mark sweep GC freed 104(3KB) AllocSpace objects, 0(0B) LOS objects, 7% free, 187MB/203MB, paused 918us total 32.910ms
08-05 14:47:21.893  7308  7322 I art     : Starting a blocking GC Explicit
08-05 14:47:21.923  7308  7322 I art     : Explicit concurrent mark sweep GC freed 14(480B) AllocSpace objects, 0(0B) LOS objects, 7% free, 187MB/203MB, paused 745us total 29.028ms
08-05 14:47:21.928   512  2967 D audio_hw_primary: disable_audio_route: reset and update mixer path: low-latency-playback speaker
08-05 14:47:21.929   512  2967 D audio_hw_primary: disable_snd_device: snd_device(2: speaker)
08-05 14:47:21.936   512  2967 I soundtrigger: audio_extn_sound_trigger_update_device_status: device 0x2 of type 0 for Event 0
08-05 14:47:21.967   918   936 I ActivityManager: Displayed baseline.io.github.project_travel_mate/.utilities.CompassActivity: +602ms
08-05 14:47:21.968 13866 13866 I GoogleInputMethodServic: GoogleInputMethodService.onFinishInput():3138 
08-05 14:47:21.968 13866 13866 I GoogleInputMethodServic: GoogleInputMethodService.onStartInput():1808 
08-05 14:47:22.036  7308  7308 D CompassActivity: will set rotation from 0.0 to 178.61621
08-05 14:47:22.037  7308  7308 D CompassActivity: will set rotation from 178.61621 to 178.79108
08-05 14:47:22.037  7308  7308 D CompassActivity: will set rotation from 178.79108 to 178.76733
08-05 14:47:22.038  7308  7308 D CompassActivity: will set rotation from 178.76733 to 178.6004
08-05 14:47:22.038  7308  7308 D CompassActivity: will set rotation from 178.6004 to 178.59064
08-05 14:47:22.038  7308  7308 D CompassActivity: will set rotation from 178.59064 to 178.5852
08-05 14:47:22.038  7308  7308 D CompassActivity: will set rotation from 178.5852 to 178.57556
08-05 14:47:22.046  7308  7308 D CompassActivity: will set rotation from 178.57556 to 178.6665
08-05 14:47:22.046  7308  7308 D CompassActivity: will set rotation from 178.6665 to 178.6466
08-05 14:47:22.067  7308  7308 D CompassActivity: will set rotation from 178.6466 to 178.71582
08-05 14:47:22.067  7308  7308 D CompassActivity: will set rotation from 178.71582 to 178.71387
08-05 14:47:22.086  7308  7308 D CompassActivity: will set rotation from 178.71387 to 178.63525
08-05 14:47:22.086  7308  7308 D CompassActivity: will set rotation from 178.63525 to 178.63757
08-05 14:47:22.106  7308  7308 D CompassActivity: will set rotation from 178.63757 to 178.70447
08-05 14:47:22.106  7308  7308 D CompassActivity: will set rotation from 178.70447 to 178.70905
08-05 14:47:22.127  7308  7308 D CompassActivity: will set rotation from 178.70905 to 178.70013
08-05 14:47:22.127  7308  7308 D CompassActivity: will set rotation from 178.70013 to 178.70105
08-05 14:47:22.147  7308  7308 D CompassActivity: will set rotation from 178.70105 to 178.69379
08-05 14:47:22.147  7308  7308 D CompassActivity: will set rotation from 178.69379 to 178.69464
08-05 14:47:22.166  7308  7308 D CompassActivity: will set rotation from 178.69464 to 178.88263
08-05 14:47:22.167  7308  7308 D CompassActivity: will set rotation from 178.88263 to 178.87463
08-05 14:47:22.186  7308  7308 D CompassActivity: will set rotation from 178.87463 to 178.85175
08-05 14:47:22.186  7308  7308 D CompassActivity: will set rotation from 178.85175 to 178.84766
08-05 14:47:22.206  7308  7308 D CompassActivity: will set rotation from 178.84766 to 178.83044
08-05 14:47:22.206  7308  7308 D CompassActivity: will set rotation from 178.83044 to 178.8338
08-05 14:47:22.214   380   380 W SurfaceFlinger: couldn't log to binary event log: overflow.
08-05 14:47:22.227  7308  7308 D CompassActivity: will set rotation from 178.8338 to 178.85645
08-05 14:47:22.228  7308  7308 D CompassActivity: will set rotation from 178.85645 to 178.85522
08-05 14:47:22.245  7308  7308 D CompassActivity: will set rotation from 178.85522 to 178.91675
08-05 14:47:22.245  7308  7308 D CompassActivity: will set rotation from 178.91675 to 178.91211
08-05 14:47:22.264  7308  7321 I art     : Starting a blocking GC Explicit
08-05 14:47:22.265  7308  7308 D CompassActivity: will set rotation from 178.91211 to 178.92847
08-05 14:47:22.265  7308  7308 D CompassActivity: will set rotation from 178.92847 to 178.92938
08-05 14:47:22.285  7308  7308 D CompassActivity: will set rotation from 178.92938 to 178.97595
08-05 14:47:22.285  7308  7308 D CompassActivity: will set rotation from 178.97595 to 178.97937
08-05 14:47:22.297  7308  7321 I art     : Explicit concurrent mark sweep GC freed 1858(112KB) AllocSpace objects, 2(36KB) LOS objects, 7% free, 187MB/203MB, paused 863us total 32.571ms
08-05 14:47:22.305  7308  7308 D CompassActivity: will set rotation from 178.97937 to 178.9544
08-05 14:47:22.305  7308  7308 D CompassActivity: will set rotation from 178.9544 to 178.95111
08-05 14:47:22.311  7308  7321 I art     : Starting a blocking GC Explicit
08-05 14:47:22.326  7308  7308 D CompassActivity: will set rotation from 178.95111 to 178.93439
08-05 14:47:22.326  7308  7308 D CompassActivity: will set rotation from 178.93439 to 178.93097
08-05 14:47:22.345  7308  7321 I art     : Explicit concurrent mark sweep GC freed 480(19KB) AllocSpace objects, 0(0B) LOS objects, 7% free, 187MB/203MB, paused 878us total 34.074ms
08-05 14:47:22.359  7308  7321 I art     : Starting a blocking GC Explicit
08-05 14:47:22.392  7308  7321 I art     : Explicit concurrent mark sweep GC freed 55(2208B) AllocSpace objects, 0(0B) LOS objects, 7% free, 187MB/203MB, paused 1.087ms total 33.270ms
08-05 14:47:22.398  7308  7308 D CompassActivity: will set rotation from 178.93097 to 178.9436
08-05 14:47:22.398  7308  7308 D CompassActivity: will set rotation from 178.9436 to 178.94116
08-05 14:47:22.398  7308  7308 D CompassActivity: will set rotation from 178.94116 to 178.89294
08-05 14:47:22.398  7308  7308 D CompassActivity: will set rotation from 178.89294 to 178.8927
08-05 14:47:22.399  7308  7308 D CompassActivity: will set rotation from 178.8927 to 178.84674
08-05 14:47:22.399  7308  7308 D CompassActivity: will set rotation from 178.84674 to 178.85571
08-05 14:47:22.406  7308  7321 I art     : Starting a blocking GC Explicit
08-05 14:47:22.407  7308  7308 D CompassActivity: will set rotation from 178.85571 to 178.81763
08-05 14:47:22.407  7308  7308 D CompassActivity: will set rotation from 178.81763 to 178.81995
08-05 14:47:22.425  7308  7308 D CompassActivity: will set rotation from 178.81995 to 178.83685
08-05 14:47:22.425  7308  7308 D CompassActivity: will set rotation from 178.83685 to 178.83337
08-05 14:47:22.438  7308  7321 I art     : Explicit concurrent mark sweep GC freed 127(7KB) AllocSpace objects, 0(0B) LOS objects, 7% free, 187MB/203MB, paused 757us total 32.033ms
08-05 14:47:22.445  7308  7308 D CompassActivity: will set rotation from 178.83337 to 178.79352
08-05 14:47:22.445  7308  7308 D CompassActivity: will set rotation from 178.79352 to 178.79077
08-05 14:47:22.451  7308  7321 I art     : Starting a blocking GC Explicit
08-05 14:47:22.465  7308  7308 D CompassActivity: will set rotation from 178.79077 to 178.75403
08-05 14:47:22.465  7308  7308 D CompassActivity: will set rotation from 178.75403 to 178.75354
08-05 14:47:22.484  7308  7321 I art     : Explicit concurrent mark sweep GC freed 154(6KB) AllocSpace objects, 0(0B) LOS objects, 7% free, 187MB/203MB, paused 1.574ms total 32.602ms
08-05 14:47:22.485  7308  7308 D CompassActivity: will set rotation from 178.75354 to 178.76831
08-05 14:47:22.485  7308  7308 D CompassActivity: will set rotation from 178.76831 to 178.76917
08-05 14:47:22.504  7308  7308 D CompassActivity: will set rotation from 178.76917 to 178.7384
08-05 14:47:22.505  7308  7308 D CompassActivity: will set rotation from 178.7384 to 178.73889
08-05 14:47:22.525  7308  7308 D CompassActivity: will set rotation from 178.73889 to 178.68604
08-05 14:47:22.525  7308  7308 D CompassActivity: will set rotation from 178.68604 to 178.68872
08-05 14:47:22.544  7308  7308 D CompassActivity: will set rotation from 178.68872 to 178.73822
08-05 14:47:22.545  7308  7308 D CompassActivity: will set rotation from 178.73822 to 178.73901
08-05 14:47:22.565  7308  7308 D CompassActivity: will set rotation from 178.73901 to 178.73364
08-05 14:47:22.565  7308  7308 D CompassActivity: will set rotation from 178.73364 to 178.73212
08-05 14:47:22.584  7308  7308 D CompassActivity: will set rotation from 178.73212 to 178.75317
08-05 14:47:22.585  7308  7308 D CompassActivity: will set rotation from 178.75317 to 178.7528
08-05 14:47:22.604  7308  7308 D CompassActivity: will set rotation from 178.7528 to 178.79547
08-05 14:47:22.604  7308  7308 D CompassActivity: will set rotation from 178.79547 to 178.79492
08-05 14:47:22.624  7308  7308 D CompassActivity: will set rotation from 178.79492 to 178.81354
08-05 14:47:22.624  7308  7308 D CompassActivity: will set rotation from 178.81354 to 178.81494
08-05 14:47:22.645  7308  7308 D CompassActivity: will set rotation from 178.81494 to 178.82916
08-05 14:47:22.646  7308  7308 D CompassActivity: will set rotation from 178.82916 to 178.82849
08-05 14:47:22.665  7308  7308 D CompassActivity: will set rotation from 178.82849 to 178.8653
08-05 14:47:22.666  7308  7308 D CompassActivity: will set rotation from 178.8653 to 178.86542
08-05 14:47:22.686  7308  7308 D CompassActivity: will set rotation from 178.86542 to 178.85364
08-05 14:47:22.686  7308  7308 D CompassActivity: will set rotation from 178.85364 to 178.8534
08-05 14:47:22.704  7308  7308 D CompassActivity: will set rotation from 178.8534 to 178.84888
08-05 14:47:22.704  7308  7308 D CompassActivity: will set rotation from 178.84888 to 178.84888
08-05 14:47:22.724  7308  7308 D CompassActivity: will set rotation from 178.84888 to 178.8623
08-05 14:47:22.724  7308  7308 D CompassActivity: will set rotation from 178.8623 to 178.86328
08-05 14:47:22.745  7308  7308 D CompassActivity: will set rotation from 178.86328 to 178.91522
08-05 14:47:22.745  7308  7308 D CompassActivity: will set rotation from 178.91522 to 178.91528
08-05 14:47:22.763  7308  7308 D CompassActivity: will set rotation from 178.91528 to 178.94617
08-05 14:47:22.764  7308  7308 D CompassActivity: will set rotation from 178.94617 to 178.94305
08-05 14:47:22.784  7308  7308 D CompassActivity: will set rotation from 178.94305 to 178.97198
08-05 14:47:22.785  7308  7308 D CompassActivity: will set rotation from 178.97198 to 178.96936
08-05 14:47:22.803  7308  7308 D CompassActivity: will set rotation from 178.96936 to 178.9364
08-05 14:47:22.803  7308  7308 D CompassActivity: will set rotation from 178.9364 to 178.9347
08-05 14:47:22.823  7308  7308 D CompassActivity: will set rotation from 178.9347 to 178.90576
08-05 14:47:22.824  7308  7308 D CompassActivity: will set rotation from 178.90576 to 178.9035
08-05 14:47:22.843  7308  7308 D CompassActivity: will set rotation from 178.9035 to 178.93091
08-05 14:47:22.844  7308  7308 D CompassActivity: will set rotation from 178.93091 to 178.92908
08-05 14:47:22.853  7308  7328 I art     : Starting a blocking GC Explicit
08-05 14:47:22.865  7308  7308 D CompassActivity: will set rotation from 178.92908 to 178.93762
08-05 14:47:22.870  7308  7308 D CompassActivity: will set rotation from 178.93762 to 178.93744
08-05 14:47:22.886  7308  7308 D CompassActivity: will set rotation from 178.93744 to 178.92737
08-05 14:47:22.887  7308  7308 D CompassActivity: will set rotation from 178.92737 to 178.92761
08-05 14:47:22.907  7308  7308 D CompassActivity: will set rotation from 178.92761 to 178.93433
08-05 14:47:22.908  7308  7308 D CompassActivity: will set rotation from 178.93433 to 178.93573
08-05 14:47:22.908  7308  7328 I art     : Explicit concurrent mark sweep GC freed 1966(116KB) AllocSpace objects, 2(36KB) LOS objects, 7% free, 187MB/203MB, paused 1.222ms total 54.291ms
08-05 14:47:22.924  7308  7308 D CompassActivity: will set rotation from 178.93573 to 178.92303
08-05 14:47:22.924  7308  7308 D CompassActivity: will set rotation from 178.92303 to 178.92163
08-05 14:47:22.925  7308  7328 I art     : Starting a blocking GC Explicit
08-05 14:47:22.943  7308  7308 D CompassActivity: will set rotation from 178.92163 to 178.87567
08-05 14:47:22.943  7308  7308 D CompassActivity: will set rotation from 178.87567 to 178.87372
08-05 14:47:22.963  7308  7308 D CompassActivity: will set rotation from 178.87372 to 178.90186
08-05 14:47:22.963  7308  7308 D CompassActivity: will set rotation from 178.90186 to 178.90033
08-05 14:47:22.970  7308  7328 I art     : Explicit concurrent mark sweep GC freed 693(27KB) AllocSpace objects, 0(0B) LOS objects, 7% free, 187MB/203MB, paused 1.048ms total 44.503ms
08-05 14:47:22.985  7308  7328 I art     : Starting a blocking GC Explicit
08-05 14:47:22.986  7308  7308 D CompassActivity: will set rotation from 178.90033 to 178.87152
08-05 14:47:22.987  7308  7308 D CompassActivity: will set rotation from 178.87152 to 178.86926
08-05 14:47:23.005  7308  7308 D CompassActivity: will set rotation from 178.86926 to 178.87732
08-05 14:47:23.005  7308  7308 D CompassActivity: will set rotation from 178.87732 to 178.87732
08-05 14:47:23.023  7308  7308 D CompassActivity: will set rotation from 178.87732 to 178.86902
08-05 14:47:23.023  7308  7308 D CompassActivity: will set rotation from 178.86902 to 178.86841
08-05 14:47:23.027  7308  7328 I art     : Explicit concurrent mark sweep GC freed 160(7KB) AllocSpace objects, 0(0B) LOS objects, 7% free, 187MB/203MB, paused 862us total 41.554ms
08-05 14:47:23.042  7308  7308 D CompassActivity: will set rotation from 178.86841 to 178.89294
08-05 14:47:23.043  7308  7328 I art     : Starting a blocking GC Explicit
08-05 14:47:23.043  7308  7308 D CompassActivity: will set rotation from 178.89294 to 178.89337
08-05 14:47:23.063  7308  7308 D CompassActivity: will set rotation from 178.89337 to 178.88531
08-05 14:47:23.063  7308  7308 D CompassActivity: will set rotation from 178.88531 to 178.88843
08-05 14:47:23.085  7308  7328 I art     : Explicit concurrent mark sweep GC freed 105(4KB) AllocSpace objects, 0(0B) LOS objects, 7% free, 187MB/203MB, paused 1.097ms total 41.930ms
08-05 14:47:23.087  7308  7308 D CompassActivity: will set rotation from 178.88843 to 178.91455
08-05 14:47:23.088  7308  7308 D CompassActivity: will set rotation from 178.91455 to 178.91693
08-05 14:47:23.100  7308  7328 I art     : Starting a blocking GC Explicit
08-05 14:47:23.108  7308  7308 D CompassActivity: will set rotation from 178.91693 to 178.89099
08-05 14:47:23.109  7308  7308 D CompassActivity: will set rotation from 178.89099 to 178.88965
08-05 14:47:23.125  7308  7308 D CompassActivity: will set rotation from 178.88965 to 178.89777
08-05 14:47:23.126  7308  7308 D CompassActivity: will set rotation from 178.89777 to 178.89673
08-05 14:47:23.143  7308  7308 D CompassActivity: will set rotation from 178.89673 to 178.88556
08-05 14:47:23.144  7308  7308 D CompassActivity: will set rotation from 178.88556 to 178.88385
08-05 14:47:23.144  7308  7328 I art     : Explicit concurrent mark sweep GC freed 117(5KB) AllocSpace objects, 0(0B) LOS objects, 7% free, 187MB/203MB, paused 921us total 43.278ms
08-05 14:47:23.162  7308  7308 D CompassActivity: will set rotation from 178.88385 to 178.89246
08-05 14:47:23.163  7308  7308 D CompassActivity: will set rotation from 178.89246 to 178.89404
08-05 14:47:23.185  7308  7308 D CompassActivity: will set rotation from 178.89404 to 178.89948
08-05 14:47:23.187  7308  7308 D CompassActivity: will set rotation from 178.89948 to 178.89716
08-05 14:47:23.205  7308  7308 D CompassActivity: will set rotation from 178.89716 to 178.90576
08-05 14:47:23.206  7308  7308 D CompassActivity: will set rotation from 178.90576 to 178.90363
08-05 14:47:23.223  7308  7308 D CompassActivity: will set rotation from 178.90363 to 178.96295
08-05 14:47:23.223  7308  7308 D CompassActivity: will set rotation from 178.96295 to 178.96423
08-05 14:47:23.243  7308  7308 D CompassActivity: will set rotation from 178.96423 to 178.98718
08-05 14:47:23.244  7308  7308 D CompassActivity: will set rotation from 178.98718 to 178.99072
08-05 14:47:23.262  7308  7308 D CompassActivity: will set rotation from 178.99072 to 178.94763
08-05 14:47:23.263  7308  7308 D CompassActivity: will set rotation from 178.94763 to 178.9502
08-05 14:47:23.286  7308  7308 D CompassActivity: will set rotation from 178.9502 to 178.95575
08-05 14:47:23.287  7308  7308 D CompassActivity: will set rotation from 178.95575 to 178.95422
08-05 14:47:23.304  7308  7308 D CompassActivity: will set rotation from 178.95422 to 178.97748
08-05 14:47:23.305  7308  7308 D CompassActivity: will set rotation from 178.97748 to 178.97534
08-05 14:47:23.322  7308  7308 D CompassActivity: will set rotation from 178.97534 to 178.9964
08-05 14:47:23.323  7308  7308 D CompassActivity: will set rotation from 178.9964 to 178.99512
08-05 14:47:23.342  7308  7308 D CompassActivity: will set rotation from 178.99512 to 178.98413
08-05 14:47:23.343  7308  7308 D CompassActivity: will set rotation from 178.98413 to 178.98254
08-05 14:47:23.362  7308  7308 D CompassActivity: will set rotation from 178.98254 to 178.97229
08-05 14:47:23.362  7308  7308 D CompassActivity: will set rotation from 178.97229 to 178.96924
08-05 14:47:23.382  7308  7308 D CompassActivity: will set rotation from 178.96924 to 178.9751
08-05 14:47:23.383  7308  7308 D CompassActivity: will set rotation from 178.9751 to 178.97406
08-05 14:47:23.406  7308  7308 D CompassActivity: will set rotation from 178.97406 to 178.96167
08-05 14:47:23.406  7308  7308 D CompassActivity: will set rotation from 178.96167 to 178.96289
08-05 14:47:23.422  7308  7308 D CompassActivity: will set rotation from 178.96289 to 178.96747
08-05 14:47:23.422  7308  7308 D CompassActivity: will set rotation from 178.96747 to 178.97058
08-05 14:47:23.441  7308  7308 D CompassActivity: will set rotation from 178.97058 to 178.95972
08-05 14:47:23.442  7308  7308 D CompassActivity: will set rotation from 178.95972 to 178.96259
08-05 14:47:23.461  7308  7308 D CompassActivity: will set rotation from 178.96259 to 178.95099
08-05 14:47:23.462  7308  7308 D CompassActivity: will set rotation from 178.95099 to 178.95374
08-05 14:47:23.481  7308  7308 D CompassActivity: will set rotation from 178.95374 to 178.95892
08-05 14:47:23.482  7308  7308 D CompassActivity: will set rotation from 178.95892 to 178.95898
08-05 14:47:23.503  7308  7308 D CompassActivity: will set rotation from 178.95898 to 178.9469
08-05 14:47:23.504  7308  7308 D CompassActivity: will set rotation from 178.9469 to 178.94592
08-05 14:47:23.521  7308  7308 D CompassActivity: will set rotation from 178.94592 to 178.91998
08-05 14:47:23.521  7308  7308 D CompassActivity: will set rotation from 178.91998 to 178.91815
08-05 14:47:23.541  7308  7308 D CompassActivity: will set rotation from 178.91815 to 178.89148
08-05 14:47:23.541  7308  7308 D CompassActivity: will set rotation from 178.89148 to 178.88788
08-05 14:47:23.547  7308  7322 I art     : Starting a blocking GC Explicit
08-05 14:47:23.561  7308  7308 D CompassActivity: will set rotation from 178.88788 to 178.86523
08-05 14:47:23.561  7308  7308 D CompassActivity: will set rotation from 178.86523 to 178.86328
08-05 14:47:23.581  7308  7308 D CompassActivity: will set rotation from 178.86328 to 178.85498
08-05 14:47:23.581  7308  7308 D CompassActivity: will set rotation from 178.85498 to 178.85687
08-05 14:47:23.593  7308  7322 I art     : Explicit concurrent mark sweep GC freed 2019(120KB) AllocSpace objects, 2(36KB) LOS objects, 7% free, 187MB/203MB, paused 862us total 45.165ms
08-05 14:47:23.610  7308  7308 D CompassActivity: will set rotation from 178.85687 to 178.84888
08-05 14:47:23.611  7308  7308 D CompassActivity: will set rotation from 178.84888 to 178.85388
08-05 14:47:23.611  7308  7322 I art     : Starting a blocking GC Explicit
08-05 14:47:23.621  7308  7308 D CompassActivity: will set rotation from 178.85388 to 178.828
08-05 14:47:23.621  7308  7308 D CompassActivity: will set rotation from 178.828 to 178.83301
08-05 14:47:23.640  7308  7308 D CompassActivity: will set rotation from 178.83301 to 178.77856
08-05 14:47:23.640  7308  7308 D CompassActivity: will set rotation from 178.77856 to 178.78046
08-05 14:47:23.645  7308  7322 I art     : Explicit concurrent mark sweep GC freed 731(28KB) AllocSpace objects, 0(0B) LOS objects, 7% free, 187MB/203MB, paused 878us total 33.773ms
08-05 14:47:23.658  7308  7322 I art     : Starting a blocking GC Explicit
08-05 14:47:23.660  7308  7308 D CompassActivity: will set rotation from 178.78046 to 178.79297
08-05 14:47:23.660  7308  7308 D CompassActivity: will set rotation from 178.79297 to 178.7915
08-05 14:47:23.680  7308  7308 D CompassActivity: will set rotation from 178.7915 to 178.77039
08-05 14:47:23.680  7308  7308 D CompassActivity: will set rotation from 178.77039 to 178.76935
08-05 14:47:23.692  7308  7322 I art     : Explicit concurrent mark sweep GC freed 118(5KB) AllocSpace objects, 0(0B) LOS objects, 7% free, 187MB/203MB, paused 841us total 33.421ms
08-05 14:47:23.700  7308  7308 D CompassActivity: will set rotation from 178.76935 to 178.76416
08-05 14:47:23.700  7308  7308 D CompassActivity: will set rotation from 178.76416 to 178.76355
08-05 14:47:23.706  7308  7322 I art     : Starting a blocking GC Explicit
08-05 14:47:23.721  7308  7308 D CompassActivity: will set rotation from 178.76355 to 178.75726
08-05 14:47:23.722  7308  7308 D CompassActivity: will set rotation from 178.75726 to 178.75781
08-05 14:47:23.740  7308  7308 D CompassActivity: will set rotation from 178.75781 to 178.73645
08-05 14:47:23.740  7308  7308 D CompassActivity: will set rotation from 178.73645 to 178.73364
08-05 14:47:23.746  7308  7322 I art     : Explicit concurrent mark sweep GC freed 103(5KB) AllocSpace objects, 0(0B) LOS objects, 7% free, 187MB/203MB, paused 937us total 39.330ms
08-05 14:47:23.759   518   646 I ThermalEngine: ACTION: GPU - Setting GPU[0] to 450000000
08-05 14:47:23.763  7308  7322 I art     : Starting a blocking GC Explicit
08-05 14:47:23.767  7308  7308 D CompassActivity: will set rotation from 178.73364 to 178.72876
08-05 14:47:23.767  7308  7308 D CompassActivity: will set rotation from 178.72876 to 178.72754
08-05 14:47:23.780  7308  7308 D CompassActivity: will set rotation from 178.72754 to 178.70886
08-05 14:47:23.780  7308  7308 D CompassActivity: will set rotation from 178.70886 to 178.7107
08-05 14:47:23.803  7308  7308 D CompassActivity: will set rotation from 178.7107 to 178.7569
08-05 14:47:23.804  7308  7308 D CompassActivity: will set rotation from 178.7569 to 178.76086
08-05 14:47:23.812  7308  7322 I art     : Explicit concurrent mark sweep GC freed 132(6KB) AllocSpace objects, 0(0B) LOS objects, 7% free, 187MB/203MB, paused 1.235ms total 48.610ms
08-05 14:47:23.820  7308  7308 D CompassActivity: will set rotation from 178.76086 to 178.77216
08-05 14:47:23.821  7308  7308 D CompassActivity: will set rotation from 178.77216 to 178.7727
08-05 14:47:23.842  7308  7308 D CompassActivity: will set rotation from 178.7727 to 178.76941
08-05 14:47:23.843  7308  7308 D CompassActivity: will set rotation from 178.76941 to 178.77002
08-05 14:47:23.860  7308  7308 D CompassActivity: will set rotation from 178.77002 to 178.76556
08-05 14:47:23.861  7308  7308 D CompassActivity: will set rotation from 178.76556 to 178.76477
08-05 14:47:23.880  7308  7308 D CompassActivity: will set rotation from 178.76477 to 178.79248
08-05 14:47:23.881  7308  7308 D CompassActivity: will set rotation from 178.79248 to 178.79175
08-05 14:47:23.903  7308  7308 D CompassActivity: will set rotation from 178.79175 to 178.80444
08-05 14:47:23.904  7308  7308 D CompassActivity: will set rotation from 178.80444 to 178.802
08-05 14:47:23.921  7308  7308 D CompassActivity: will set rotation from 178.802 to 178.81177
08-05 14:47:23.922  7308  7308 D CompassActivity: will set rotation from 178.81177 to 178.80975
08-05 14:47:23.940  7308  7308 D CompassActivity: will set rotation from 178.80975 to 178.78925
08-05 14:47:23.940  7308  7308 D CompassActivity: will set rotation from 178.78925 to 178.79022
08-05 14:47:23.959  7308  7308 D CompassActivity: will set rotation from 178.79022 to 178.80212
08-05 14:47:23.960  7308  7308 D CompassActivity: will set rotation from 178.80212 to 178.80273
08-05 14:47:23.980  7308  7308 D CompassActivity: will set rotation from 178.80273 to 178.81079
08-05 14:47:23.980  7308  7308 D CompassActivity: will set rotation from 178.81079 to 178.81213
08-05 14:47:24.004  7308  7308 D CompassActivity: will set rotation from 178.81213 to 178.82245
08-05 14:47:24.004  7308  7308 D CompassActivity: will set rotation from 178.82245 to 178.82349
08-05 14:47:24.022  7308  7308 D CompassActivity: will set rotation from 178.82349 to 178.83313
08-05 14:47:24.023  7308  7308 D CompassActivity: will set rotation from 178.83313 to 178.83093
08-05 14:47:24.040  7308  7308 D CompassActivity: will set rotation from 178.83093 to 178.82806
08-05 14:47:24.041  7308  7308 D CompassActivity: will set rotation from 178.82806 to 178.8244
08-05 14:47:24.059  7308  7308 D CompassActivity: will set rotation from 178.8244 to 178.82092
08-05 14:47:24.059  7308  7308 D CompassActivity: will set rotation from 178.82092 to 178.81958
08-05 14:47:24.079  7308  7308 D CompassActivity: will set rotation from 178.81958 to 178.83142
08-05 14:47:24.079  8862  8862 D AndroidRuntime: >>>>>> START com.android.internal.os.RuntimeInit uid 2000 <<<<<<
08-05 14:47:24.079  7308  7308 D CompassActivity: will set rotation from 178.83142 to 178.83179
08-05 14:47:24.087  8862  8862 D AndroidRuntime: CheckJNI is OFF
08-05 14:47:24.099  7308  7308 D CompassActivity: will set rotation from 178.83179 to 178.85889
08-05 14:47:24.100  7308  7308 D CompassActivity: will set rotation from 178.85889 to 178.86023
08-05 14:47:24.120  7308  7308 D CompassActivity: will set rotation from 178.86023 to 178.86609
08-05 14:47:24.121  7308  7308 D CompassActivity: will set rotation from 178.86609 to 178.86511
08-05 14:47:24.135  8862  8862 D ICU     : No timezone override file found: /data/misc/zoneinfo/current/icu/icu_tzdata.dat
08-05 14:47:24.139  7308  7308 D CompassActivity: will set rotation from 178.86511 to 178.8711
08-05 14:47:24.139  7308  7308 D CompassActivity: will set rotation from 178.8711 to 178.87146
08-05 14:47:24.158  7308  7308 D CompassActivity: will set rotation from 178.87146 to 178.84766
08-05 14:47:24.158  7308  7308 D CompassActivity: will set rotation from 178.84766 to 178.84875
08-05 14:47:24.178  7308  7308 D CompassActivity: will set rotation from 178.84875 to 178.84338
08-05 14:47:24.178  7308  7308 D CompassActivity: will set rotation from 178.84338 to 178.84418
08-05 14:47:24.181  8862  8862 I Radio-JNI: register_android_hardware_Radio DONE
08-05 14:47:24.198  7308  7308 D CompassActivity: will set rotation from 178.84418 to 178.8363
08-05 14:47:24.199  7308  7308 D CompassActivity: will set rotation from 178.8363 to 178.83441
08-05 14:47:24.211  8862  8862 D AndroidRuntime: Calling main entry com.android.commands.input.Input
08-05 14:47:24.214  8862  8862 I Input   : injectKeyEvent: KeyEvent { action=ACTION_DOWN, keyCode=KEYCODE_BACK, scanCode=0, metaState=0, flags=0x0, repeatCount=0, eventTime=802060627, downTime=802060627, deviceId=-1, source=0x101 }
08-05 14:47:24.221  7308  7308 D CompassActivity: will set rotation from 178.83441 to 178.84131
08-05 14:47:24.221  7308  7308 D CompassActivity: will set rotation from 178.84131 to 178.83984
08-05 14:47:24.224  8862  8862 I Input   : injectKeyEvent: KeyEvent { action=ACTION_UP, keyCode=KEYCODE_BACK, scanCode=0, metaState=0, flags=0x0, repeatCount=0, eventTime=802060627, downTime=802060627, deviceId=-1, source=0x101 }
08-05 14:47:24.234  8862  8862 D AndroidRuntime: Shutting down VM
08-05 14:47:24.242  7308  7308 D CompassActivity: will set rotation from 178.83984 to 178.80255
08-05 14:47:24.242  7308  7308 D CompassActivity: will set rotation from 178.80255 to 178.79962
08-05 14:47:24.243   918  3714 I sensors : activate
08-05 14:47:24.244   918  5481 I sensors : activate
08-05 14:47:24.248   918  3188 I hubconnection: sensorhub said: 'activate 1 enable:0'
08-05 14:47:24.249  7308  7321 I art     : Starting a blocking GC Explicit
08-05 14:47:24.250   918  3188 I hubconnection: sensorhub said: 'activate 3 enable:0'
08-05 14:47:24.267  7308  7308 V MainActivity: url = https://project-travel-mate.herokuapp.com/api/number-of-unread-notifications
08-05 14:47:24.299  7308  7321 I art     : Explicit concurrent mark sweep GC freed 2345(132KB) AllocSpace objects, 2(36KB) LOS objects, 7% free, 187MB/203MB, paused 1.192ms total 49.380ms
08-05 14:47:24.321  7308  7321 I art     : Starting a blocking GC Explicit
08-05 14:47:24.362  7308  7321 I art     : Explicit concurrent mark sweep GC freed 844(33KB) AllocSpace objects, 0(0B) LOS objects, 7% free, 187MB/203MB, paused 1.336ms total 41.153ms
08-05 14:47:24.383  7308  7321 I art     : Starting a blocking GC Explicit
08-05 14:47:24.389 13866 13866 I GoogleInputMethodServic: GoogleInputMethodService.onFinishInput():3138 
08-05 14:47:24.389 13866 13866 I GoogleInputMethodServic: GoogleInputMethodService.onStartInput():1808 
08-05 14:47:24.423  7308  7321 I art     : Explicit concurrent mark sweep GC freed 53(2992B) AllocSpace objects, 0(0B) LOS objects, 7% free, 187MB/203MB, paused 1.286ms total 40.027ms
08-05 14:47:24.443  7308  7321 I art     : Starting a blocking GC Explicit
08-05 14:47:24.487  7308  7321 I art     : Explicit concurrent mark sweep GC freed 43(1920B) AllocSpace objects, 0(0B) LOS objects, 7% free, 187MB/203MB, paused 1.033ms total 43.399ms
08-05 14:47:24.504  7308  7321 I art     : Starting a blocking GC Explicit
08-05 14:47:24.547  7308  7321 I art     : Explicit concurrent mark sweep GC freed 10(400B) AllocSpace objects, 0(0B) LOS objects, 7% free, 187MB/203MB, paused 1.059ms total 42.817ms
08-05 14:47:24.666  7308  7308 D CompassActivity: stop compass
08-05 14:47:24.667   380   380 W SurfaceFlinger: couldn't log to binary event log: overflow.
08-05 14:47:24.928  7308  7322 I art     : Starting a blocking GC Explicit
08-05 14:47:24.989  7308  7322 I art     : Explicit concurrent mark sweep GC freed 1647(94KB) AllocSpace objects, 2(36KB) LOS objects, 7% free, 187MB/203MB, paused 1.437ms total 60.865ms
08-05 14:47:25.013  7308  7322 I art     : Starting a blocking GC Explicit
08-05 14:47:25.073  7308  7322 I art     : Explicit concurrent mark sweep GC freed 1937(136KB) AllocSpace objects, 3(52MB) LOS objects, 10% free, 135MB/151MB, paused 1.416ms total 59.336ms
08-05 14:47:25.073  7308  7320 I art     : WaitForGcToComplete blocked for 53.265ms for cause HeapTrim
08-05 14:47:25.091  7308  7322 I art     : Starting a blocking GC Explicit
08-05 14:47:25.121  7308  8885 I NAPPA_EXPERIMENTATION: MetricNetworkRequestExecutionTime: REQUEST_DURATION_SYSTEM='852',REQUEST_DURATION_OKHTTP='39',REQUEST_SYNCHRONOUS='FALSE',RESPONSE_CODE='200',RESPONSE_METHOD='GET',RESPONSE_LENGTH_OKHTTP='36',RESPONSE_LENGTH_HEADER='36',REQUEST_PROTOCOL='http/1.1',REQUEST_URL='https://project-travel-mate.herokuapp.com/api/number-of-unread-notifications',
08-05 14:47:25.136  7308  7322 I art     : Explicit concurrent mark sweep GC freed 2204(103KB) AllocSpace objects, 3(200KB) LOS objects, 10% free, 135MB/151MB, paused 1.150ms total 44.629ms
08-05 14:47:25.153  7308  7322 I art     : Starting a blocking GC Explicit
08-05 14:47:25.199  7308  7322 I art     : Explicit concurrent mark sweep GC freed 844(103KB) AllocSpace objects, 0(0B) LOS objects, 10% free, 135MB/151MB, paused 1.177ms total 45.231ms
08-05 14:47:25.219  7308  7322 I art     : Starting a blocking GC Explicit
08-05 14:47:25.265  7308  7322 I art     : Explicit concurrent mark sweep GC freed 86(3KB) AllocSpace objects, 0(0B) LOS objects, 10% free, 135MB/151MB, paused 1.073ms total 45.387ms
08-05 14:47:25.654  7308  7568 I art     : Starting a blocking GC Explicit
08-05 14:47:25.704  7308  7568 I art     : Explicit concurrent mark sweep GC freed 1583(92KB) AllocSpace objects, 2(36KB) LOS objects, 10% free, 135MB/151MB, paused 1.105ms total 49.545ms
08-05 14:47:25.721  7308  7568 I art     : Starting a blocking GC Explicit
08-05 14:47:25.764  7308  7568 I art     : Explicit concurrent mark sweep GC freed 28(1024B) AllocSpace objects, 0(0B) LOS objects, 10% free, 135MB/151MB, paused 1.097ms total 42.504ms
08-05 14:47:25.781  7308  7568 I art     : Starting a blocking GC Explicit
08-05 14:47:25.825  7308  7568 I art     : Explicit concurrent mark sweep GC freed 3(96B) AllocSpace objects, 0(0B) LOS objects, 10% free, 135MB/151MB, paused 1.132ms total 43.154ms
08-05 14:47:25.842  7308  7568 I art     : Starting a blocking GC Explicit
08-05 14:47:25.886  7308  7568 I art     : Explicit concurrent mark sweep GC freed 34(928B) AllocSpace objects, 0(0B) LOS objects, 10% free, 135MB/151MB, paused 1.089ms total 43.652ms
08-05 14:47:25.904  7308  7568 I art     : Starting a blocking GC Explicit
08-05 14:47:25.944  7308  7568 I art     : Explicit concurrent mark sweep GC freed 5(160B) AllocSpace objects, 0(0B) LOS objects, 10% free, 135MB/151MB, paused 1.020ms total 39.922ms
08-05 14:47:26.033  8904  8904 D AndroidRuntime: >>>>>> START com.android.internal.os.RuntimeInit uid 2000 <<<<<<
08-05 14:47:26.039  8904  8904 D AndroidRuntime: CheckJNI is OFF
08-05 14:47:26.081  8904  8904 D ICU     : No timezone override file found: /data/misc/zoneinfo/current/icu/icu_tzdata.dat
08-05 14:47:26.125  8904  8904 I Radio-JNI: register_android_hardware_Radio DONE
08-05 14:47:26.155  8904  8904 D AndroidRuntime: Calling main entry com.android.commands.input.Input
08-05 14:47:26.158  8904  8904 I Input   : injectMotionEvent: MotionEvent { action=ACTION_DOWN, actionButton=0, id[0]=0, x[0]=500.0, y[0]=2000.0, toolType[0]=TOOL_TYPE_UNKNOWN, buttonState=0, metaState=0, flags=0x0, edgeFlags=0x0, pointerCount=1, historySize=0, eventTime=802062571, downTime=802062571, deviceId=0, source=0x1002 }
08-05 14:47:26.164  8904  8904 I Input   : injectMotionEvent: MotionEvent { action=ACTION_MOVE, actionButton=0, id[0]=0, x[0]=500.0, y[0]=2000.0, toolType[0]=TOOL_TYPE_UNKNOWN, buttonState=0, metaState=0, flags=0x0, edgeFlags=0x0, pointerCount=1, historySize=0, eventTime=802062571, downTime=802062571, deviceId=0, source=0x1002 }
08-05 14:47:26.170  8904  8904 I Input   : injectMotionEvent: MotionEvent { action=ACTION_MOVE, actionButton=0, id[0]=0, x[0]=500.0, y[0]=1977.2, toolType[0]=TOOL_TYPE_UNKNOWN, buttonState=0, metaState=0, flags=0x0, edgeFlags=0x0, pointerCount=1, historySize=0, eventTime=802062583, downTime=802062583, deviceId=0, source=0x1002 }
08-05 14:47:26.186  8904  8904 I Input   : injectMotionEvent: MotionEvent { action=ACTION_MOVE, actionButton=0, id[0]=0, x[0]=500.0, y[0]=1946.8, toolType[0]=TOOL_TYPE_UNKNOWN, buttonState=0, metaState=0, flags=0x0, edgeFlags=0x0, pointerCount=1, historySize=0, eventTime=802062599, downTime=802062599, deviceId=0, source=0x1002 }
08-05 14:47:26.211  8904  8904 I Input   : injectMotionEvent: MotionEvent { action=ACTION_MOVE, actionButton=0, id[0]=0, x[0]=500.0, y[0]=1897.4, toolType[0]=TOOL_TYPE_UNKNOWN, buttonState=0, metaState=0, flags=0x0, edgeFlags=0x0, pointerCount=1, historySize=0, eventTime=802062625, downTime=802062625, deviceId=0, source=0x1002 }
08-05 14:47:26.220  8904  8904 I Input   : injectMotionEvent: MotionEvent { action=ACTION_MOVE, actionButton=0, id[0]=0, x[0]=500.0, y[0]=1882.2, toolType[0]=TOOL_TYPE_UNKNOWN, buttonState=0, metaState=0, flags=0x0, edgeFlags=0x0, pointerCount=1, historySize=0, eventTime=802062633, downTime=802062633, deviceId=0, source=0x1002 }
08-05 14:47:26.236  8904  8904 I Input   : injectMotionEvent: MotionEvent { action=ACTION_MOVE, actionButton=0, id[0]=0, x[0]=500.0, y[0]=1851.8, toolType[0]=TOOL_TYPE_UNKNOWN, buttonState=0, metaState=0, flags=0x0, edgeFlags=0x0, pointerCount=1, historySize=0, eventTime=802062649, downTime=802062649, deviceId=0, source=0x1002 }
08-05 14:47:26.252  8904  8904 I Input   : injectMotionEvent: MotionEvent { action=ACTION_MOVE, actionButton=0, id[0]=0, x[0]=500.0, y[0]=1819.5, toolType[0]=TOOL_TYPE_UNKNOWN, buttonState=0, metaState=0, flags=0x0, edgeFlags=0x0, pointerCount=1, historySize=0, eventTime=802062666, downTime=802062666, deviceId=0, source=0x1002 }
08-05 14:47:26.270  8904  8904 I Input   : injectMotionEvent: MotionEvent { action=ACTION_MOVE, actionButton=0, id[0]=0, x[0]=500.0, y[0]=1787.2, toolType[0]=TOOL_TYPE_UNKNOWN, buttonState=0, metaState=0, flags=0x0, edgeFlags=0x0, pointerCount=1, historySize=0, eventTime=802062683, downTime=802062683, deviceId=0, source=0x1002 }
08-05 14:47:26.287  8904  8904 I Input   : injectMotionEvent: MotionEvent { action=ACTION_MOVE, actionButton=0, id[0]=0, x[0]=500.0, y[0]=1754.9, toolType[0]=TOOL_TYPE_UNKNOWN, buttonState=0, metaState=0, flags=0x0, edgeFlags=0x0, pointerCount=1, historySize=0, eventTime=802062700, downTime=802062700, deviceId=0, source=0x1002 }
08-05 14:47:26.303  8904  8904 I Input   : injectMotionEvent: MotionEvent { action=ACTION_MOVE, actionButton=0, id[0]=0, x[0]=500.0, y[0]=1724.5, toolType[0]=TOOL_TYPE_UNKNOWN, buttonState=0, metaState=0, flags=0x0, edgeFlags=0x0, pointerCount=1, historySize=0, eventTime=802062716, downTime=802062716, deviceId=0, source=0x1002 }
08-05 14:47:26.320  8904  8904 I Input   : injectMotionEvent: MotionEvent { action=ACTION_MOVE, actionButton=0, id[0]=0, x[0]=500.0, y[0]=1692.2, toolType[0]=TOOL_TYPE_UNKNOWN, buttonState=0, metaState=0, flags=0x0, edgeFlags=0x0, pointerCount=1, historySize=0, eventTime=802062733, downTime=802062733, deviceId=0, source=0x1002 }
08-05 14:47:26.336  8904  8904 I Input   : injectMotionEvent: MotionEvent { action=ACTION_MOVE, actionButton=0, id[0]=0, x[0]=500.0, y[0]=1661.8, toolType[0]=TOOL_TYPE_UNKNOWN, buttonState=0, metaState=0, flags=0x0, edgeFlags=0x0, pointerCount=1, historySize=0, eventTime=802062749, downTime=802062749, deviceId=0, source=0x1002 }
08-05 14:47:26.343  7308  7321 I art     : Starting a blocking GC Explicit
08-05 14:47:26.353  8904  8904 I Input   : injectMotionEvent: MotionEvent { action=ACTION_MOVE, actionButton=0, id[0]=0, x[0]=500.0, y[0]=1627.6, toolType[0]=TOOL_TYPE_UNKNOWN, buttonState=0, metaState=0, flags=0x0, edgeFlags=0x0, pointerCount=1, historySize=0, eventTime=802062767, downTime=802062767, deviceId=0, source=0x1002 }
08-05 14:47:26.371  8904  8904 I Input   : injectMotionEvent: MotionEvent { action=ACTION_MOVE, actionButton=0, id[0]=0, x[0]=500.0, y[0]=1597.2, toolType[0]=TOOL_TYPE_UNKNOWN, buttonState=0, metaState=0, flags=0x0, edgeFlags=0x0, pointerCount=1, historySize=0, eventTime=802062783, downTime=802062783, deviceId=0, source=0x1002 }
08-05 14:47:26.387  8904  8904 I Input   : injectMotionEvent: MotionEvent { action=ACTION_MOVE, actionButton=0, id[0]=0, x[0]=500.0, y[0]=1564.9, toolType[0]=TOOL_TYPE_UNKNOWN, buttonState=0, metaState=0, flags=0x0, edgeFlags=0x0, pointerCount=1, historySize=0, eventTime=802062800, downTime=802062800, deviceId=0, source=0x1002 }
08-05 14:47:26.395  7308  7321 I art     : Explicit concurrent mark sweep GC freed 1680(95KB) AllocSpace objects, 2(36KB) LOS objects, 10% free, 135MB/151MB, paused 1.384ms total 51.325ms
08-05 14:47:26.404  8904  8904 I Input   : injectMotionEvent: MotionEvent { action=ACTION_MOVE, actionButton=0, id[0]=0, x[0]=500.0, y[0]=1532.6, toolType[0]=TOOL_TYPE_UNKNOWN, buttonState=0, metaState=0, flags=0x0, edgeFlags=0x0, pointerCount=1, historySize=0, eventTime=802062817, downTime=802062817, deviceId=0, source=0x1002 }
08-05 14:47:26.414  7308  7321 I art     : Starting a blocking GC Explicit
08-05 14:47:26.422  8904  8904 I Input   : injectMotionEvent: MotionEvent { action=ACTION_MOVE, actionButton=0, id[0]=0, x[0]=500.0, y[0]=1496.5, toolType[0]=TOOL_TYPE_UNKNOWN, buttonState=0, metaState=0, flags=0x0, edgeFlags=0x0, pointerCount=1, historySize=0, eventTime=802062836, downTime=802062836, deviceId=0, source=0x1002 }
08-05 14:47:26.436  8904  8904 I Input   : injectMotionEvent: MotionEvent { action=ACTION_MOVE, actionButton=0, id[0]=0, x[0]=500.0, y[0]=1471.8, toolType[0]=TOOL_TYPE_UNKNOWN, buttonState=0, metaState=0, flags=0x0, edgeFlags=0x0, pointerCount=1, historySize=0, eventTime=802062849, downTime=802062849, deviceId=0, source=0x1002 }
08-05 14:47:26.455  8904  8904 I Input   : injectMotionEvent: MotionEvent { action=ACTION_MOVE, actionButton=0, id[0]=0, x[0]=500.0, y[0]=1439.5, toolType[0]=TOOL_TYPE_UNKNOWN, buttonState=0, metaState=0, flags=0x0, edgeFlags=0x0, pointerCount=1, historySize=0, eventTime=802062866, downTime=802062866, deviceId=0, source=0x1002 }
08-05 14:47:26.464  7308  7321 I art     : Explicit concurrent mark sweep GC freed 59(2528B) AllocSpace objects, 0(0B) LOS objects, 10% free, 135MB/151MB, paused 1.043ms total 49.188ms
08-05 14:47:26.471  8904  8904 I Input   : injectMotionEvent: MotionEvent { action=ACTION_MOVE, actionButton=0, id[0]=0, x[0]=500.0, y[0]=1405.3, toolType[0]=TOOL_TYPE_UNKNOWN, buttonState=0, metaState=0, flags=0x0, edgeFlags=0x0, pointerCount=1, historySize=0, eventTime=802062884, downTime=802062884, deviceId=0, source=0x1002 }
08-05 14:47:26.482  7308  7321 I art     : Starting a blocking GC Explicit
08-05 14:47:26.486  8904  8904 I Input   : injectMotionEvent: MotionEvent { action=ACTION_MOVE, actionButton=0, id[0]=0, x[0]=500.0, y[0]=1374.9, toolType[0]=TOOL_TYPE_UNKNOWN, buttonState=0, metaState=0, flags=0x0, edgeFlags=0x0, pointerCount=1, historySize=0, eventTime=802062900, downTime=802062900, deviceId=0, source=0x1002 }
08-05 14:47:26.504  8904  8904 I Input   : injectMotionEvent: MotionEvent { action=ACTION_MOVE, actionButton=0, id[0]=0, x[0]=500.0, y[0]=1342.6001, toolType[0]=TOOL_TYPE_UNKNOWN, buttonState=0, metaState=0, flags=0x0, edgeFlags=0x0, pointerCount=1, historySize=0, eventTime=802062917, downTime=802062917, deviceId=0, source=0x1002 }
08-05 14:47:26.520  8904  8904 I Input   : injectMotionEvent: MotionEvent { action=ACTION_MOVE, actionButton=0, id[0]=0, x[0]=500.0, y[0]=1310.3, toolType[0]=TOOL_TYPE_UNKNOWN, buttonState=0, metaState=0, flags=0x0, edgeFlags=0x0, pointerCount=1, historySize=0, eventTime=802062934, downTime=802062934, deviceId=0, source=0x1002 }
08-05 14:47:26.525  7308  7321 I art     : Explicit concurrent mark sweep GC freed 3(96B) AllocSpace objects, 0(0B) LOS objects, 10% free, 135MB/151MB, paused 1.113ms total 42.803ms
08-05 14:47:26.536  8904  8904 I Input   : injectMotionEvent: MotionEvent { action=ACTION_MOVE, actionButton=0, id[0]=0, x[0]=500.0, y[0]=1279.8999, toolType[0]=TOOL_TYPE_UNKNOWN, buttonState=0, metaState=0, flags=0x0, edgeFlags=0x0, pointerCount=1, historySize=0, eventTime=802062950, downTime=802062950, deviceId=0, source=0x1002 }
08-05 14:47:26.543  7308  7321 I art     : Starting a blocking GC Explicit
08-05 14:47:26.555  8904  8904 I Input   : injectMotionEvent: MotionEvent { action=ACTION_MOVE, actionButton=0, id[0]=0, x[0]=500.0, y[0]=1245.7, toolType[0]=TOOL_TYPE_UNKNOWN, buttonState=0, metaState=0, flags=0x0, edgeFlags=0x0, pointerCount=1, historySize=0, eventTime=802062968, downTime=802062968, deviceId=0, source=0x1002 }
08-05 14:47:26.570  8904  8904 I Input   : injectMotionEvent: MotionEvent { action=ACTION_MOVE, actionButton=0, id[0]=0, x[0]=500.0, y[0]=1217.2, toolType[0]=TOOL_TYPE_UNKNOWN, buttonState=0, metaState=0, flags=0x0, edgeFlags=0x0, pointerCount=1, historySize=0, eventTime=802062983, downTime=802062983, deviceId=0, source=0x1002 }
08-05 14:47:26.585  7308  7321 I art     : Explicit concurrent mark sweep GC freed 10(336B) AllocSpace objects, 0(0B) LOS objects, 10% free, 135MB/151MB, paused 1.027ms total 41.523ms
08-05 14:47:26.604  7308  7321 I art     : Starting a blocking GC Explicit
08-05 14:47:26.633  8904  8904 I Input   : injectMotionEvent: MotionEvent { action=ACTION_MOVE, actionButton=0, id[0]=0, x[0]=500.0, y[0]=1095.6, toolType[0]=TOOL_TYPE_UNKNOWN, buttonState=0, metaState=0, flags=0x0, edgeFlags=0x0, pointerCount=1, historySize=0, eventTime=802063047, downTime=802063047, deviceId=0, source=0x1002 }
08-05 14:47:26.645  7308  7321 I art     : Explicit concurrent mark sweep GC freed 3(96B) AllocSpace objects, 0(0B) LOS objects, 10% free, 135MB/151MB, paused 1.060ms total 40.299ms
08-05 14:47:26.691  8904  8904 I Input   : injectMotionEvent: MotionEvent { action=ACTION_MOVE, actionButton=0, id[0]=0, x[0]=500.0, y[0]=987.3, toolType[0]=TOOL_TYPE_UNKNOWN, buttonState=0, metaState=0, flags=0x0, edgeFlags=0x0, pointerCount=1, historySize=0, eventTime=802063104, downTime=802063104, deviceId=0, source=0x1002 }
08-05 14:47:26.746  8904  8904 I Input   : injectMotionEvent: MotionEvent { action=ACTION_MOVE, actionButton=0, id[0]=0, x[0]=500.0, y[0]=882.80005, toolType[0]=TOOL_TYPE_UNKNOWN, buttonState=0, metaState=0, flags=0x0, edgeFlags=0x0, pointerCount=1, historySize=0, eventTime=802063159, downTime=802063159, deviceId=0, source=0x1002 }
08-05 14:47:26.803  8904  8904 I Input   : injectMotionEvent: MotionEvent { action=ACTION_MOVE, actionButton=0, id[0]=0, x[0]=500.0, y[0]=774.5, toolType[0]=TOOL_TYPE_UNKNOWN, buttonState=0, metaState=0, flags=0x0, edgeFlags=0x0, pointerCount=1, historySize=0, eventTime=802063216, downTime=802063216, deviceId=0, source=0x1002 }
08-05 14:47:26.861  8904  8904 I Input   : injectMotionEvent: MotionEvent { action=ACTION_MOVE, actionButton=0, id[0]=0, x[0]=500.0, y[0]=664.2999, toolType[0]=TOOL_TYPE_UNKNOWN, buttonState=0, metaState=0, flags=0x0, edgeFlags=0x0, pointerCount=1, historySize=0, eventTime=802063274, downTime=802063274, deviceId=0, source=0x1002 }
08-05 14:47:26.923  8904  8904 I Input   : injectMotionEvent: MotionEvent { action=ACTION_MOVE, actionButton=0, id[0]=0, x[0]=500.0, y[0]=546.5, toolType[0]=TOOL_TYPE_UNKNOWN, buttonState=0, metaState=0, flags=0x0, edgeFlags=0x0, pointerCount=1, historySize=0, eventTime=802063336, downTime=802063336, deviceId=0, source=0x1002 }
08-05 14:47:26.986  8904  8904 I Input   : injectMotionEvent: MotionEvent { action=ACTION_MOVE, actionButton=0, id[0]=0, x[0]=500.0, y[0]=424.90002, toolType[0]=TOOL_TYPE_UNKNOWN, buttonState=0, metaState=0, flags=0x0, edgeFlags=0x0, pointerCount=1, historySize=0, eventTime=802063400, downTime=802063400, deviceId=0, source=0x1002 }
08-05 14:47:27.012  7308  7322 I art     : Starting a blocking GC Explicit
08-05 14:47:27.048  8904  8904 I Input   : injectMotionEvent: MotionEvent { action=ACTION_MOVE, actionButton=0, id[0]=0, x[0]=500.0, y[0]=307.1001, toolType[0]=TOOL_TYPE_UNKNOWN, buttonState=0, metaState=0, flags=0x0, edgeFlags=0x0, pointerCount=1, historySize=0, eventTime=802063462, downTime=802063462, deviceId=0, source=0x1002 }
08-05 14:47:27.052  7308  7322 I art     : Explicit concurrent mark sweep GC freed 1620(93KB) AllocSpace objects, 2(36KB) LOS objects, 10% free, 135MB/151MB, paused 1.260ms total 40.125ms
08-05 14:47:27.070  7308  7322 I art     : Starting a blocking GC Explicit
08-05 14:47:27.087  8904  8904 I Input   : injectMotionEvent: MotionEvent { action=ACTION_MOVE, actionButton=0, id[0]=0, x[0]=500.0, y[0]=234.8999, toolType[0]=TOOL_TYPE_UNKNOWN, buttonState=0, metaState=0, flags=0x0, edgeFlags=0x0, pointerCount=1, historySize=0, eventTime=802063500, downTime=802063500, deviceId=0, source=0x1002 }
08-05 14:47:27.111  7308  7322 I art     : Explicit concurrent mark sweep GC freed 32(1152B) AllocSpace objects, 0(0B) LOS objects, 10% free, 135MB/151MB, paused 1.540ms total 40.930ms
08-05 14:47:27.128  8904  8904 I Input   : injectMotionEvent: MotionEvent { action=ACTION_MOVE, actionButton=0, id[0]=0, x[0]=500.0, y[0]=157.0, toolType[0]=TOOL_TYPE_UNKNOWN, buttonState=0, metaState=0, flags=0x0, edgeFlags=0x0, pointerCount=1, historySize=0, eventTime=802063541, downTime=802063541, deviceId=0, source=0x1002 }
08-05 14:47:27.130  7308  7322 I art     : Starting a blocking GC Explicit
08-05 14:47:27.168  8904  8904 I Input   : injectMotionEvent: MotionEvent { action=ACTION_UP, actionButton=0, id[0]=0, x[0]=500.0, y[0]=100.0, toolType[0]=TOOL_TYPE_UNKNOWN, buttonState=0, metaState=0, flags=0x0, edgeFlags=0x0, pointerCount=1, historySize=0, eventTime=802063581, downTime=802063581, deviceId=0, source=0x1002 }
08-05 14:47:27.171  7308  7322 I art     : Explicit concurrent mark sweep GC freed 8(256B) AllocSpace objects, 0(0B) LOS objects, 10% free, 135MB/151MB, paused 1.262ms total 40.202ms
08-05 14:47:27.188  7308  7322 I art     : Starting a blocking GC Explicit
08-05 14:47:27.209  8904  8904 D AndroidRuntime: Shutting down VM
08-05 14:47:27.228  7308  7322 I art     : Explicit concurrent mark sweep GC freed 5(160B) AllocSpace objects, 0(0B) LOS objects, 10% free, 135MB/151MB, paused 1.197ms total 39.854ms
08-05 14:47:27.248  7308  7322 I art     : Starting a blocking GC Explicit
08-05 14:47:27.286  7308  7322 I art     : Explicit concurrent mark sweep GC freed 3(96B) AllocSpace objects, 0(0B) LOS objects, 10% free, 135MB/151MB, paused 980us total 37.422ms
08-05 14:47:27.531   918  3261 D WifiStateMachine: starting scan for "H369AA63323"WPA_PSK with 2412,5180
08-05 14:47:27.671  7308  7568 I art     : Starting a blocking GC Explicit
08-05 14:47:27.712  7308  7568 I art     : Explicit concurrent mark sweep GC freed 1591(92KB) AllocSpace objects, 2(36KB) LOS objects, 10% free, 135MB/151MB, paused 1.025ms total 40.814ms
08-05 14:47:27.731  7308  7568 I art     : Starting a blocking GC Explicit
08-05 14:47:27.772  7308  7568 I art     : Explicit concurrent mark sweep GC freed 32(1152B) AllocSpace objects, 0(0B) LOS objects, 10% free, 135MB/151MB, paused 1.057ms total 41.254ms
08-05 14:47:27.790  7308  7568 I art     : Starting a blocking GC Explicit
08-05 14:47:27.831  7308  7568 I art     : Explicit concurrent mark sweep GC freed 5(160B) AllocSpace objects, 0(0B) LOS objects, 10% free, 135MB/151MB, paused 1.046ms total 40.212ms
08-05 14:47:27.848  7308  7568 I art     : Starting a blocking GC Explicit
08-05 14:47:27.886  7308  7568 I art     : Explicit concurrent mark sweep GC freed 34(928B) AllocSpace objects, 0(0B) LOS objects, 10% free, 135MB/151MB, paused 1.029ms total 38.380ms
08-05 14:47:27.906  7308  7568 I art     : Starting a blocking GC Explicit
08-05 14:47:27.944  7308  7568 I art     : Explicit concurrent mark sweep GC freed 3(96B) AllocSpace objects, 0(0B) LOS objects, 10% free, 135MB/151MB, paused 1.001ms total 37.837ms
08-05 14:47:27.964  8948  8948 D AndroidRuntime: >>>>>> START com.android.internal.os.RuntimeInit uid 2000 <<<<<<
08-05 14:47:27.970  8948  8948 D AndroidRuntime: CheckJNI is OFF
08-05 14:47:28.011  8948  8948 D ICU     : No timezone override file found: /data/misc/zoneinfo/current/icu/icu_tzdata.dat
08-05 14:47:28.054  8948  8948 I Radio-JNI: register_android_hardware_Radio DONE
08-05 14:47:28.085  8948  8948 D AndroidRuntime: Calling main entry com.android.commands.input.Input
08-05 14:47:28.089  8948  8948 I Input   : injectMotionEvent: MotionEvent { action=ACTION_DOWN, actionButton=0, id[0]=0, x[0]=500.0, y[0]=2000.0, toolType[0]=TOOL_TYPE_UNKNOWN, buttonState=0, metaState=0, flags=0x0, edgeFlags=0x0, pointerCount=1, historySize=0, eventTime=802064500, downTime=802064500, deviceId=0, source=0x1002 }
08-05 14:47:28.097  8948  8948 I Input   : injectMotionEvent: MotionEvent { action=ACTION_MOVE, actionButton=0, id[0]=0, x[0]=500.0, y[0]=2000.0, toolType[0]=TOOL_TYPE_UNKNOWN, buttonState=0, metaState=0, flags=0x0, edgeFlags=0x0, pointerCount=1, historySize=0, eventTime=802064500, downTime=802064500, deviceId=0, source=0x1002 }
08-05 14:47:28.105  8948  8948 I Input   : injectMotionEvent: MotionEvent { action=ACTION_MOVE, actionButton=0, id[0]=0, x[0]=500.0, y[0]=1965.8, toolType[0]=TOOL_TYPE_UNKNOWN, buttonState=0, metaState=0, flags=0x0, edgeFlags=0x0, pointerCount=1, historySize=0, eventTime=802064518, downTime=802064518, deviceId=0, source=0x1002 }
08-05 14:47:28.121  8948  8948 I Input   : injectMotionEvent: MotionEvent { action=ACTION_MOVE, actionButton=0, id[0]=0, x[0]=500.0, y[0]=1933.5, toolType[0]=TOOL_TYPE_UNKNOWN, buttonState=0, metaState=0, flags=0x0, edgeFlags=0x0, pointerCount=1, historySize=0, eventTime=802064535, downTime=802064535, deviceId=0, source=0x1002 }
08-05 14:47:28.139  8948  8948 I Input   : injectMotionEvent: MotionEvent { action=ACTION_MOVE, actionButton=0, id[0]=0, x[0]=500.0, y[0]=1901.2, toolType[0]=TOOL_TYPE_UNKNOWN, buttonState=0, metaState=0, flags=0x0, edgeFlags=0x0, pointerCount=1, historySize=0, eventTime=802064552, downTime=802064552, deviceId=0, source=0x1002 }
08-05 14:47:28.181  8948  8948 I Input   : injectMotionEvent: MotionEvent { action=ACTION_MOVE, actionButton=0, id[0]=0, x[0]=500.0, y[0]=1819.5, toolType[0]=TOOL_TYPE_UNKNOWN, buttonState=0, metaState=0, flags=0x0, edgeFlags=0x0, pointerCount=1, historySize=0, eventTime=802064595, downTime=802064595, deviceId=0, source=0x1002 }
08-05 14:47:28.221  8948  8948 I Input   : injectMotionEvent: MotionEvent { action=ACTION_MOVE, actionButton=0, id[0]=0, x[0]=500.0, y[0]=1745.4, toolType[0]=TOOL_TYPE_UNKNOWN, buttonState=0, metaState=0, flags=0x0, edgeFlags=0x0, pointerCount=1, historySize=0, eventTime=802064634, downTime=802064634, deviceId=0, source=0x1002 }
08-05 14:47:28.261  8948  8948 I Input   : injectMotionEvent: MotionEvent { action=ACTION_MOVE, actionButton=0, id[0]=0, x[0]=500.0, y[0]=1669.4, toolType[0]=TOOL_TYPE_UNKNOWN, buttonState=0, metaState=0, flags=0x0, edgeFlags=0x0, pointerCount=1, historySize=0, eventTime=802064674, downTime=802064674, deviceId=0, source=0x1002 }
08-05 14:47:28.298  8948  8948 I Input   : injectMotionEvent: MotionEvent { action=ACTION_MOVE, actionButton=0, id[0]=0, x[0]=500.0, y[0]=1597.2, toolType[0]=TOOL_TYPE_UNKNOWN, buttonState=0, metaState=0, flags=0x0, edgeFlags=0x0, pointerCount=1, historySize=0, eventTime=802064712, downTime=802064712, deviceId=0, source=0x1002 }
08-05 14:47:28.335  7308  7321 I art     : Starting a blocking GC Explicit
08-05 14:47:28.340  8948  8948 I Input   : injectMotionEvent: MotionEvent { action=ACTION_MOVE, actionButton=0, id[0]=0, x[0]=500.0, y[0]=1519.3, toolType[0]=TOOL_TYPE_UNKNOWN, buttonState=0, metaState=0, flags=0x0, edgeFlags=0x0, pointerCount=1, historySize=0, eventTime=802064753, downTime=802064753, deviceId=0, source=0x1002 }
08-05 14:47:28.377  8948  8948 I Input   : injectMotionEvent: MotionEvent { action=ACTION_MOVE, actionButton=0, id[0]=0, x[0]=500.0, y[0]=1449.0, toolType[0]=TOOL_TYPE_UNKNOWN, buttonState=0, metaState=0, flags=0x0, edgeFlags=0x0, pointerCount=1, historySize=0, eventTime=802064790, downTime=802064790, deviceId=0, source=0x1002 }
08-05 14:47:28.383  7308  7321 I art     : Explicit concurrent mark sweep GC freed 1674(95KB) AllocSpace objects, 2(36KB) LOS objects, 10% free, 135MB/151MB, paused 1.151ms total 47.160ms
08-05 14:47:28.400  7308  7321 I art     : Starting a blocking GC Explicit
08-05 14:47:28.416  8948  8948 I Input   : injectMotionEvent: MotionEvent { action=ACTION_MOVE, actionButton=0, id[0]=0, x[0]=500.0, y[0]=1374.9, toolType[0]=TOOL_TYPE_UNKNOWN, buttonState=0, metaState=0, flags=0x0, edgeFlags=0x0, pointerCount=1, historySize=0, eventTime=802064829, downTime=802064829, deviceId=0, source=0x1002 }
08-05 14:47:28.440  7308  7321 I art     : Explicit concurrent mark sweep GC freed 40(1632B) AllocSpace objects, 0(0B) LOS objects, 10% free, 135MB/151MB, paused 1.267ms total 40.634ms
08-05 14:47:28.453  8948  8948 I Input   : injectMotionEvent: MotionEvent { action=ACTION_MOVE, actionButton=0, id[0]=0, x[0]=500.0, y[0]=1304.6001, toolType[0]=TOOL_TYPE_UNKNOWN, buttonState=0, metaState=0, flags=0x0, edgeFlags=0x0, pointerCount=1, historySize=0, eventTime=802064866, downTime=802064866, deviceId=0, source=0x1002 }
08-05 14:47:28.459  7308  7321 I art     : Starting a blocking GC Explicit
08-05 14:47:28.493  8948  8948 I Input   : injectMotionEvent: MotionEvent { action=ACTION_MOVE, actionButton=0, id[0]=0, x[0]=500.0, y[0]=1228.6001, toolType[0]=TOOL_TYPE_UNKNOWN, buttonState=0, metaState=0, flags=0x0, edgeFlags=0x0, pointerCount=1, historySize=0, eventTime=802064906, downTime=802064906, deviceId=0, source=0x1002 }
08-05 14:47:28.499  7308  7321 I art     : Explicit concurrent mark sweep GC freed 7(224B) AllocSpace objects, 0(0B) LOS objects, 10% free, 135MB/151MB, paused 1.049ms total 39.476ms
08-05 14:47:28.517  7308  7321 I art     : Starting a blocking GC Explicit
08-05 14:47:28.532  8948  8948 I Input   : injectMotionEvent: MotionEvent { action=ACTION_MOVE, actionButton=0, id[0]=0, x[0]=500.0, y[0]=1154.5, toolType[0]=TOOL_TYPE_UNKNOWN, buttonState=0, metaState=0, flags=0x0, edgeFlags=0x0, pointerCount=1, historySize=0, eventTime=802064945, downTime=802064945, deviceId=0, source=0x1002 }
08-05 14:47:28.559  7308  7321 I art     : Explicit concurrent mark sweep GC freed 5(160B) AllocSpace objects, 0(0B) LOS objects, 10% free, 135MB/151MB, paused 1.258ms total 41.481ms
08-05 14:47:28.571  8948  8948 I Input   : injectMotionEvent: MotionEvent { action=ACTION_MOVE, actionButton=0, id[0]=0, x[0]=500.0, y[0]=1078.5, toolType[0]=TOOL_TYPE_UNKNOWN, buttonState=0, metaState=0, flags=0x0, edgeFlags=0x0, pointerCount=1, historySize=0, eventTime=802064985, downTime=802064985, deviceId=0, source=0x1002 }
08-05 14:47:28.578  7308  7321 I art     : Starting a blocking GC Explicit
08-05 14:47:28.612  8948  8948 I Input   : injectMotionEvent: MotionEvent { action=ACTION_MOVE, actionButton=0, id[0]=0, x[0]=500.0, y[0]=1000.6, toolType[0]=TOOL_TYPE_UNKNOWN, buttonState=0, metaState=0, flags=0x0, edgeFlags=0x0, pointerCount=1, historySize=0, eventTime=802065026, downTime=802065026, deviceId=0, source=0x1002 }
08-05 14:47:28.618  7308  7321 I art     : Explicit concurrent mark sweep GC freed 7(224B) AllocSpace objects, 0(0B) LOS objects, 10% free, 135MB/151MB, paused 1.155ms total 39.521ms
08-05 14:47:28.657  8948  8948 I Input   : injectMotionEvent: MotionEvent { action=ACTION_MOVE, actionButton=0, id[0]=0, x[0]=500.0, y[0]=917.0, toolType[0]=TOOL_TYPE_UNKNOWN, buttonState=0, metaState=0, flags=0x0, edgeFlags=0x0, pointerCount=1, historySize=0, eventTime=802065070, downTime=802065070, deviceId=0, source=0x1002 }
08-05 14:47:28.695  8948  8948 I Input   : injectMotionEvent: MotionEvent { action=ACTION_MOVE, actionButton=0, id[0]=0, x[0]=500.0, y[0]=844.80005, toolType[0]=TOOL_TYPE_UNKNOWN, buttonState=0, metaState=0, flags=0x0, edgeFlags=0x0, pointerCount=1, historySize=0, eventTime=802065108, downTime=802065108, deviceId=0, source=0x1002 }
08-05 14:47:28.734  8948  8948 I Input   : injectMotionEvent: MotionEvent { action=ACTION_MOVE, actionButton=0, id[0]=0, x[0]=500.0, y[0]=770.69995, toolType[0]=TOOL_TYPE_UNKNOWN, buttonState=0, metaState=0, flags=0x0, edgeFlags=0x0, pointerCount=1, historySize=0, eventTime=802065147, downTime=802065147, deviceId=0, source=0x1002 }
08-05 14:47:28.773  8948  8948 I Input   : injectMotionEvent: MotionEvent { action=ACTION_MOVE, actionButton=0, id[0]=0, x[0]=500.0, y[0]=694.7001, toolType[0]=TOOL_TYPE_UNKNOWN, buttonState=0, metaState=0, flags=0x0, edgeFlags=0x0, pointerCount=1, historySize=0, eventTime=802065187, downTime=802065187, deviceId=0, source=0x1002 }
08-05 14:47:28.812  8948  8948 I Input   : injectMotionEvent: MotionEvent { action=ACTION_MOVE, actionButton=0, id[0]=0, x[0]=500.0, y[0]=622.5, toolType[0]=TOOL_TYPE_UNKNOWN, buttonState=0, metaState=0, flags=0x0, edgeFlags=0x0, pointerCount=1, historySize=0, eventTime=802065225, downTime=802065225, deviceId=0, source=0x1002 }
08-05 14:47:28.851  8948  8948 I Input   : injectMotionEvent: MotionEvent { action=ACTION_MOVE, actionButton=0, id[0]=0, x[0]=500.0, y[0]=548.4, toolType[0]=TOOL_TYPE_UNKNOWN, buttonState=0, metaState=0, flags=0x0, edgeFlags=0x0, pointerCount=1, historySize=0, eventTime=802065264, downTime=802065264, deviceId=0, source=0x1002 }
08-05 14:47:28.888  8948  8948 I Input   : injectMotionEvent: MotionEvent { action=ACTION_MOVE, actionButton=0, id[0]=0, x[0]=500.0, y[0]=478.09998, toolType[0]=TOOL_TYPE_UNKNOWN, buttonState=0, metaState=0, flags=0x0, edgeFlags=0x0, pointerCount=1, historySize=0, eventTime=802065301, downTime=802065301, deviceId=0, source=0x1002 }
08-05 14:47:28.932  8948  8948 I Input   : injectMotionEvent: MotionEvent { action=ACTION_MOVE, actionButton=0, id[0]=0, x[0]=500.0, y[0]=394.5, toolType[0]=TOOL_TYPE_UNKNOWN, buttonState=0, metaState=0, flags=0x0, edgeFlags=0x0, pointerCount=1, historySize=0, eventTime=802065345, downTime=802065345, deviceId=0, source=0x1002 }
08-05 14:47:28.971  8948  8948 I Input   : injectMotionEvent: MotionEvent { action=ACTION_MOVE, actionButton=0, id[0]=0, x[0]=500.0, y[0]=318.5, toolType[0]=TOOL_TYPE_UNKNOWN, buttonState=0, metaState=0, flags=0x0, edgeFlags=0x0, pointerCount=1, historySize=0, eventTime=802065385, downTime=802065385, deviceId=0, source=0x1002 }
08-05 14:47:29.009  8948  8948 I Input   : injectMotionEvent: MotionEvent { action=ACTION_MOVE, actionButton=0, id[0]=0, x[0]=500.0, y[0]=248.20007, toolType[0]=TOOL_TYPE_UNKNOWN, buttonState=0, metaState=0, flags=0x0, edgeFlags=0x0, pointerCount=1, historySize=0, eventTime=802065422, downTime=802065422, deviceId=0, source=0x1002 }
08-05 14:47:29.022  7308  7321 I art     : Starting a blocking GC Explicit
08-05 14:47:29.046  8948  8948 I Input   : injectMotionEvent: MotionEvent { action=ACTION_MOVE, actionButton=0, id[0]=0, x[0]=500.0, y[0]=177.90002, toolType[0]=TOOL_TYPE_UNKNOWN, buttonState=0, metaState=0, flags=0x0, edgeFlags=0x0, pointerCount=1, historySize=0, eventTime=802065459, downTime=802065459, deviceId=0, source=0x1002 }
08-05 14:47:29.063  7308  7321 I art     : Explicit concurrent mark sweep GC freed 1649(93KB) AllocSpace objects, 2(36KB) LOS objects, 10% free, 135MB/151MB, paused 1.101ms total 40.408ms
08-05 14:47:29.080  7308  7321 I art     : Starting a blocking GC Explicit
08-05 14:47:29.085  8948  8948 I Input   : injectMotionEvent: MotionEvent { action=ACTION_MOVE, actionButton=0, id[0]=0, x[0]=500.0, y[0]=103.79993, toolType[0]=TOOL_TYPE_UNKNOWN, buttonState=0, metaState=0, flags=0x0, edgeFlags=0x0, pointerCount=1, historySize=0, eventTime=802065498, downTime=802065498, deviceId=0, source=0x1002 }
08-05 14:47:29.121  7308  7321 I art     : Explicit concurrent mark sweep GC freed 30(1088B) AllocSpace objects, 0(0B) LOS objects, 10% free, 135MB/151MB, paused 984us total 40.419ms
08-05 14:47:29.128  8948  8948 I Input   : injectMotionEvent: MotionEvent { action=ACTION_UP, actionButton=0, id[0]=0, x[0]=500.0, y[0]=100.0, toolType[0]=TOOL_TYPE_UNKNOWN, buttonState=0, metaState=0, flags=0x0, edgeFlags=0x0, pointerCount=1, historySize=0, eventTime=802065541, downTime=802065541, deviceId=0, source=0x1002 }
08-05 14:47:29.138  7308  7321 I art     : Starting a blocking GC Explicit
08-05 14:47:29.167  8948  8948 D AndroidRuntime: Shutting down VM
08-05 14:47:29.178  7308  7321 I art     : Explicit concurrent mark sweep GC freed 9(288B) AllocSpace objects, 0(0B) LOS objects, 10% free, 135MB/151MB, paused 1.041ms total 39.987ms
08-05 14:47:29.196  7308  7321 I art     : Starting a blocking GC Explicit
08-05 14:47:29.237  7308  7321 I art     : Explicit concurrent mark sweep GC freed 4(128B) AllocSpace objects, 0(0B) LOS objects, 10% free, 135MB/151MB, paused 1.100ms total 41.003ms
08-05 14:47:29.254  7308  7321 I art     : Starting a blocking GC Explicit
08-05 14:47:29.292  7308  7321 I art     : Explicit concurrent mark sweep GC freed 17(832B) AllocSpace objects, 0(0B) LOS objects, 10% free, 135MB/151MB, paused 1.019ms total 37.941ms
08-05 14:47:29.670  7308  7568 I art     : Starting a blocking GC Explicit
08-05 14:47:29.722  7308  7568 I art     : Explicit concurrent mark sweep GC freed 1592(92KB) AllocSpace objects, 2(36KB) LOS objects, 10% free, 135MB/151MB, paused 1.118ms total 51.182ms
08-05 14:47:29.739  7308  7568 I art     : Starting a blocking GC Explicit
08-05 14:47:29.783  7308  7568 I art     : Explicit concurrent mark sweep GC freed 28(1024B) AllocSpace objects, 0(0B) LOS objects, 10% free, 135MB/151MB, paused 1.099ms total 43.377ms
08-05 14:47:29.800  7308  7568 I art     : Starting a blocking GC Explicit
08-05 14:47:29.844  7308  7568 I art     : Explicit concurrent mark sweep GC freed 3(96B) AllocSpace objects, 0(0B) LOS objects, 10% free, 135MB/151MB, paused 1.117ms total 43.410ms
08-05 14:47:29.861  7308  7568 I art     : Starting a blocking GC Explicit
08-05 14:47:29.905  7308  7568 I art     : Explicit concurrent mark sweep GC freed 34(928B) AllocSpace objects, 0(0B) LOS objects, 10% free, 135MB/151MB, paused 1.122ms total 43.650ms
08-05 14:47:29.922  7308  7568 I art     : Starting a blocking GC Explicit
08-05 14:47:29.960  8991  8991 D AndroidRuntime: >>>>>> START com.android.internal.os.RuntimeInit uid 2000 <<<<<<
08-05 14:47:29.965  7308  7568 I art     : Explicit concurrent mark sweep GC freed 3(96B) AllocSpace objects, 0(0B) LOS objects, 10% free, 135MB/151MB, paused 1.160ms total 42.618ms
08-05 14:47:29.966  8991  8991 D AndroidRuntime: CheckJNI is OFF
08-05 14:47:30.009  8991  8991 D ICU     : No timezone override file found: /data/misc/zoneinfo/current/icu/icu_tzdata.dat
08-05 14:47:30.051  8991  8991 I Radio-JNI: register_android_hardware_Radio DONE
08-05 14:47:30.081  8991  8991 D AndroidRuntime: Calling main entry com.android.commands.input.Input
08-05 14:47:30.083  8991  8991 I Input   : injectMotionEvent: MotionEvent { action=ACTION_DOWN, actionButton=0, id[0]=0, x[0]=657.0, y[0]=2080.0, toolType[0]=TOOL_TYPE_UNKNOWN, buttonState=0, metaState=0, flags=0x0, edgeFlags=0x0, pointerCount=1, historySize=0, eventTime=802066496, downTime=802066496, deviceId=0, source=0x1002 }
08-05 14:47:30.087  8991  8991 I Input   : injectMotionEvent: MotionEvent { action=ACTION_UP, actionButton=0, id[0]=0, x[0]=657.0, y[0]=2080.0, toolType[0]=TOOL_TYPE_UNKNOWN, buttonState=0, metaState=0, flags=0x0, edgeFlags=0x0, pointerCount=1, historySize=0, eventTime=802066496, downTime=802066496, deviceId=0, source=0x1002 }
08-05 14:47:30.090   918  4400 I ActivityManager: START u0 {cmp=baseline.io.github.project_travel_mate/.utilities.UpcomingWeekendsActivity} from uid 10674 on display 0
08-05 14:47:30.090  8991  8991 D AndroidRuntime: Shutting down VM
08-05 14:47:30.091   512  2967 D audio_hw_primary: out_set_parameters: enter: usecase(1: low-latency-playback) kvpairs: routing=2
08-05 14:47:30.104   512  2967 D audio_hw_primary: select_devices: out_snd_device(2: speaker) in_snd_device(0: none)
08-05 14:47:30.104   512  2967 D msm8974_platform: platform_send_audio_calibration: sending audio calibration for snd_device(2) acdb_id(15)
08-05 14:47:30.104   512  2967 I soundtrigger: audio_extn_sound_trigger_update_device_status: device 0x2 of type 0 for Event 1
08-05 14:47:30.116   512  2967 D audio_hw_primary: enable_snd_device: snd_device(2: speaker)
08-05 14:47:30.118   512  2967 D audio_hw_primary: enable_audio_route: apply and update mixer path: low-latency-playback speaker
08-05 14:47:30.124  7308  7381 D Gabe    : call	returning from cache
08-05 14:47:30.127  7308  7308 V EXECUTING: https://project-travel-mate.herokuapp.com/api/get-upcoming-holidays/2020
08-05 14:47:30.130  7308  7308 V EXECUTING: https://project-travel-mate.herokuapp.com/api/get-upcoming-holidays/2020
08-05 14:47:30.218 13866 13866 I GoogleInputMethodServic: GoogleInputMethodService.onFinishInput():3138 
08-05 14:47:30.218 13866 13866 I GoogleInputMethodServic: GoogleInputMethodService.onStartInput():1808 
08-05 14:47:30.326  7308  7568 I art     : Starting a blocking GC Explicit
08-05 14:47:30.326   918   936 I ActivityManager: Displayed baseline.io.github.project_travel_mate/.utilities.UpcomingWeekendsActivity: +225ms
08-05 14:47:30.371  7308  7568 I art     : Explicit concurrent mark sweep GC freed 3414(237KB) AllocSpace objects, 2(36KB) LOS objects, 10% free, 139MB/155MB, paused 1.511ms total 44.666ms
08-05 14:47:30.388  7308  7568 I art     : Starting a blocking GC Explicit
08-05 14:47:30.432  7308  7568 I art     : Explicit concurrent mark sweep GC freed 316(12KB) AllocSpace objects, 0(0B) LOS objects, 10% free, 139MB/155MB, paused 1.412ms total 42.787ms
08-05 14:47:30.450  7308  7568 I art     : Starting a blocking GC Explicit
08-05 14:47:30.494  7308  7568 I art     : Explicit concurrent mark sweep GC freed 72(1360B) AllocSpace objects, 0(0B) LOS objects, 10% free, 139MB/155MB, paused 1.142ms total 43.056ms
08-05 14:47:30.511  7308  7568 I art     : Starting a blocking GC Explicit
08-05 14:47:30.551  7308  7568 I art     : Explicit concurrent mark sweep GC freed 83(1552B) AllocSpace objects, 0(0B) LOS objects, 10% free, 139MB/155MB, paused 1.057ms total 40.364ms
08-05 14:47:30.569  7308  7568 I art     : Starting a blocking GC Explicit
08-05 14:47:30.574   380   380 W SurfaceFlinger: couldn't log to binary event log: overflow.
08-05 14:47:30.614  7308  7568 I art     : Explicit concurrent mark sweep GC freed 5139(261KB) AllocSpace objects, 6(400KB) LOS objects, 10% free, 140MB/156MB, paused 1.595ms total 45.344ms
08-05 14:47:30.656  7308  9020 I NAPPA_EXPERIMENTATION: MetricNetworkRequestExecutionTime: REQUEST_DURATION_SYSTEM='524',REQUEST_DURATION_OKHTTP='41',REQUEST_SYNCHRONOUS='FALSE',RESPONSE_CODE='200',RESPONSE_METHOD='GET',RESPONSE_LENGTH_OKHTTP='6426',RESPONSE_LENGTH_HEADER='6426',REQUEST_PROTOCOL='http/1.1',REQUEST_URL='https://project-travel-mate.herokuapp.com/api/get-upcoming-holidays/2020',
08-05 14:47:30.659  7308  7308 V Response: [{"month":"January","date":1,"day":"Wednesday","name":"New Year's Day","type":"Restricted"},{"month":"January","date":2,"day":"Thursday","name":"Guru Govind Singh Jayanti","type":"Restricted"},{"month":"January","date":14,"day":"Tuesday","name":"Lohri","type":"Restricted"},{"month":"January","date":15,"day":"Wednesday","name":"Pongal","type":"Restricted"},{"month":"January","date":15,"day":"Wednesday","name":"Makar Sankranti","type":"Restricted"},{"month":"January","date":25,"day":"Saturday","name":"Chinese New Year","type":"Observance"},{"month":"January","date":26,"day":"Sunday","name":"Republic Day","type":"Gazetted"},{"month":"January","date":30,"day":"Thursday","name":"Vasant Panchami","type":"Restricted"},{"month":"February","date":9,"day":"Sunday","name":"Guru Ravidas Jayanti","type":"Restricted"},{"month":"February","date":14,"day":"Friday","name":"Valentine's Day","type":"Observance"},{"month":"February","date":18,"day":"Tuesday","name":"Maharishi Dayanand Saraswati Jayanti","type":"Restricted"},{"month":"February","date":19,"day":"Wednesday","name":"Shivaji Jayanti","type":"Restricted"},{"month":"February","date":21,"day":"Friday","name":"Maha Shivaratri/Shivaratri","type":"Gazetted"},{"month":"March","date":9,"day":"Monday","name":"Holika Dahana","type":"Restricted"},{"month":"March","date":9,"day":"Monday","name":"Hazarat Ali's Birthday","type":"Restricted"},{"month":"March","date":10,"day":"Tuesday","name":"Holi","type":"Gazetted"},{"month":"March","date":20,"day":"Friday","name":"March Equinox","type":"Season"},{"month":"March","date":25,"day":"Wednesday","name":"Chaitra Sukhladi","type":"Restricted"},{"month":"April","date":2,"day":"Thursday","name":"Rama Navami","type":"Gazetted"},{"month":"April","date":6,"day":"Monday","name":"Mahavir Jayanti","type":"Gazetted"},{"month":"April","date":9,"day":"Thursday","name":"First day of Passover","type":"Observance"},{"month":"April","date":9,"day":"Thursday","name":"Maundy Thursday","type":"Observance,"},{"month":"April","date":10,"day":"Friday","name":"Good Friday","type":"Gazetted"},{"month":"April","date":12,"day":"Sunday","name":"Easter Day","type":"Restricted"},{"month":"April","date":13,"day":"Monday","name":"Vaisakhi","type":"Restricted"},{"month":"April","date":14,"day":"Tuesday","name":"Mesadi/Vaisakhadi","type":"Restricted"},{"month":"April","date":14,"day":"Tuesday","name":"Ambedkar Jayanti","type":"Central"},{"month":"May","date":1,"day":"Friday","name":"May Day","type":"Observance"},{"month":"May","date":7,"day":"Thursday","name":"Buddha Purnima/Vesak","type":"Gazetted"},{"month":"May","date":7,"day":"Thursday","name":"Birthday of Ravindranath","type":"Restricted"},{"month":"May","date":10,"day":"Sunday","name":"Mother's Day","type":"Observance"},{"month":"May","date":22,"day":"Friday","name":"Jamat Ul-Vida","type":"Restricted"},{"month":"May","date":25,"day":"Monday","name":"Ramzan Id/Eid-ul-Fitar","type":"Gazetted"},{"month":"May","date":25,"day":"Monday","name":"Ramzan Id/Eid-ul-Fitar","type":"Muslim,"},{"month":"June","date":21,"day":"Sunday","name":"June Solstice","type":"Season"},{"month":"June","date":21,"day":"Sunday","name":"Father's Day","type":"Observance"},{"month":"June","date":23,"day":"Tuesday","name":"Rath Yatra","type":"Restricted"},{"month":"July","date":5,"day":"Sunday","name":"Guru Purnima","type":"Observance"},{"month":"July","date":31,"day":"Friday","name":"Bakr Id/Eid ul-Adha","type":"Gazetted"},{"month":"August","date":2,"day":"Sunday","name":"Friendship Day","type":"Observance"},{"month":"August","date":3,"day":"Monday","name":"Raksha Bandhan (Rakhi)","type":"Restricted"},{"month":"August","date":11,"day":"Tuesday","name":"Janmashtami (Smarta)","type":"Restricted"},{"month":"August","date":12,"day":"Wednesday","name":"Janmashtami","type":"Gazetted"},{"month":"August","date":15,"day":"Saturday","name":"Independence Day","type":"Gazetted"},{"month":"August","date":16,"day":"Sunday","name":"Parsi New Year","type":"Restricted"},{"month":"August","date":22,"day":"Saturday","name":"Ganesh Chaturthi/Vin
08-05 14:47:30.659   512  2967 D audio_hw_primary: disable_audio_route: reset and update mixer path: low-latency-playback speaker
08-05 14:47:30.660   512  2967 D audio_hw_primary: disable_snd_device: snd_device(2: speaker)
08-05 14:47:30.667   512  2967 I soundtrigger: audio_extn_sound_trigger_update_device_status: device 0x2 of type 0 for Event 0
08-05 14:47:30.690  7308  9019 I NAPPA_EXPERIMENTATION: MetricNetworkRequestExecutionTime: REQUEST_DURATION_SYSTEM='561',REQUEST_DURATION_OKHTTP='75',REQUEST_SYNCHRONOUS='FALSE',RESPONSE_CODE='200',RESPONSE_METHOD='GET',RESPONSE_LENGTH_OKHTTP='6426',RESPONSE_LENGTH_HEADER='6426',REQUEST_PROTOCOL='http/1.1',REQUEST_URL='https://project-travel-mate.herokuapp.com/api/get-upcoming-holidays/2020',
08-05 14:47:30.732  7308  7308 V Response: [{"month":"January","date":1,"day":"Wednesday","name":"New Year's Day","type":"Restricted"},{"month":"January","date":2,"day":"Thursday","name":"Guru Govind Singh Jayanti","type":"Restricted"},{"month":"January","date":14,"day":"Tuesday","name":"Lohri","type":"Restricted"},{"month":"January","date":15,"day":"Wednesday","name":"Pongal","type":"Restricted"},{"month":"January","date":15,"day":"Wednesday","name":"Makar Sankranti","type":"Restricted"},{"month":"January","date":25,"day":"Saturday","name":"Chinese New Year","type":"Observance"},{"month":"January","date":26,"day":"Sunday","name":"Republic Day","type":"Gazetted"},{"month":"January","date":30,"day":"Thursday","name":"Vasant Panchami","type":"Restricted"},{"month":"February","date":9,"day":"Sunday","name":"Guru Ravidas Jayanti","type":"Restricted"},{"month":"February","date":14,"day":"Friday","name":"Valentine's Day","type":"Observance"},{"month":"February","date":18,"day":"Tuesday","name":"Maharishi Dayanand Saraswati Jayanti","type":"Restricted"},{"month":"February","date":19,"day":"Wednesday","name":"Shivaji Jayanti","type":"Restricted"},{"month":"February","date":21,"day":"Friday","name":"Maha Shivaratri/Shivaratri","type":"Gazetted"},{"month":"March","date":9,"day":"Monday","name":"Holika Dahana","type":"Restricted"},{"month":"March","date":9,"day":"Monday","name":"Hazarat Ali's Birthday","type":"Restricted"},{"month":"March","date":10,"day":"Tuesday","name":"Holi","type":"Gazetted"},{"month":"March","date":20,"day":"Friday","name":"March Equinox","type":"Season"},{"month":"March","date":25,"day":"Wednesday","name":"Chaitra Sukhladi","type":"Restricted"},{"month":"April","date":2,"day":"Thursday","name":"Rama Navami","type":"Gazetted"},{"month":"April","date":6,"day":"Monday","name":"Mahavir Jayanti","type":"Gazetted"},{"month":"April","date":9,"day":"Thursday","name":"First day of Passover","type":"Observance"},{"month":"April","date":9,"day":"Thursday","name":"Maundy Thursday","type":"Observance,"},{"month":"April","date":10,"day":"Friday","name":"Good Friday","type":"Gazetted"},{"month":"April","date":12,"day":"Sunday","name":"Easter Day","type":"Restricted"},{"month":"April","date":13,"day":"Monday","name":"Vaisakhi","type":"Restricted"},{"month":"April","date":14,"day":"Tuesday","name":"Mesadi/Vaisakhadi","type":"Restricted"},{"month":"April","date":14,"day":"Tuesday","name":"Ambedkar Jayanti","type":"Central"},{"month":"May","date":1,"day":"Friday","name":"May Day","type":"Observance"},{"month":"May","date":7,"day":"Thursday","name":"Buddha Purnima/Vesak","type":"Gazetted"},{"month":"May","date":7,"day":"Thursday","name":"Birthday of Ravindranath","type":"Restricted"},{"month":"May","date":10,"day":"Sunday","name":"Mother's Day","type":"Observance"},{"month":"May","date":22,"day":"Friday","name":"Jamat Ul-Vida","type":"Restricted"},{"month":"May","date":25,"day":"Monday","name":"Ramzan Id/Eid-ul-Fitar","type":"Gazetted"},{"month":"May","date":25,"day":"Monday","name":"Ramzan Id/Eid-ul-Fitar","type":"Muslim,"},{"month":"June","date":21,"day":"Sunday","name":"June Solstice","type":"Season"},{"month":"June","date":21,"day":"Sunday","name":"Father's Day","type":"Observance"},{"month":"June","date":23,"day":"Tuesday","name":"Rath Yatra","type":"Restricted"},{"month":"July","date":5,"day":"Sunday","name":"Guru Purnima","type":"Observance"},{"month":"July","date":31,"day":"Friday","name":"Bakr Id/Eid ul-Adha","type":"Gazetted"},{"month":"August","date":2,"day":"Sunday","name":"Friendship Day","type":"Observance"},{"month":"August","date":3,"day":"Monday","name":"Raksha Bandhan (Rakhi)","type":"Restricted"},{"month":"August","date":11,"day":"Tuesday","name":"Janmashtami (Smarta)","type":"Restricted"},{"month":"August","date":12,"day":"Wednesday","name":"Janmashtami","type":"Gazetted"},{"month":"August","date":15,"day":"Saturday","name":"Independence Day","type":"Gazetted"},{"month":"August","date":16,"day":"Sunday","name":"Parsi New Year","type":"Restricted"},{"month":"August","date":22,"day":"Saturday","name":"Ganesh Chaturthi/Vin
08-05 14:47:30.981  7308  7321 I art     : Starting a blocking GC Explicit
08-05 14:47:31.035  7308  7321 I art     : Explicit concurrent mark sweep GC freed 17564(878KB) AllocSpace objects, 6(4MB) LOS objects, 10% free, 136MB/152MB, paused 1.158ms total 53.432ms
08-05 14:47:31.053  7308  7321 I art     : Starting a blocking GC Explicit
08-05 14:47:31.102  7308  7321 I art     : Explicit concurrent mark sweep GC freed 1613(90KB) AllocSpace objects, 0(0B) LOS objects, 10% free, 136MB/152MB, paused 1.104ms total 48.147ms
08-05 14:47:31.119  7308  7321 I art     : Starting a blocking GC Explicit
08-05 14:47:31.168  7308  7321 I art     : Explicit concurrent mark sweep GC freed 111(2352B) AllocSpace objects, 0(0B) LOS objects, 10% free, 136MB/152MB, paused 1.072ms total 48.482ms
08-05 14:47:31.186  7308  7321 I art     : Starting a blocking GC Explicit
08-05 14:47:31.236  7308  7321 I art     : Explicit concurrent mark sweep GC freed 117(2656B) AllocSpace objects, 0(0B) LOS objects, 10% free, 136MB/152MB, paused 1.051ms total 48.878ms
08-05 14:47:31.257  7308  7321 I art     : Starting a blocking GC Explicit
08-05 14:47:31.303  7308  7321 I art     : Explicit concurrent mark sweep GC freed 98(1664B) AllocSpace objects, 0(0B) LOS objects, 10% free, 136MB/152MB, paused 1.107ms total 45.599ms
08-05 14:47:31.691  7308  7328 I art     : Starting a blocking GC Explicit
08-05 14:47:31.744  7308  7328 I art     : Explicit concurrent mark sweep GC freed 2206(102KB) AllocSpace objects, 2(36KB) LOS objects, 10% free, 136MB/152MB, paused 1.095ms total 52.009ms
08-05 14:47:31.762  7308  7328 I art     : Starting a blocking GC Explicit
08-05 14:47:31.815  7308  7328 I art     : Explicit concurrent mark sweep GC freed 148(3024B) AllocSpace objects, 0(0B) LOS objects, 10% free, 136MB/152MB, paused 1.153ms total 52.773ms
08-05 14:47:31.834  7308  7328 I art     : Starting a blocking GC Explicit
08-05 14:47:31.886  7308  7328 I art     : Explicit concurrent mark sweep GC freed 131(2560B) AllocSpace objects, 0(0B) LOS objects, 10% free, 136MB/152MB, paused 1.103ms total 51.533ms
08-05 14:47:31.904  7308  7328 I art     : Starting a blocking GC Explicit
08-05 14:47:31.956  7308  7328 I art     : Explicit concurrent mark sweep GC freed 99(1696B) AllocSpace objects, 0(0B) LOS objects, 10% free, 136MB/152MB, paused 1.153ms total 52.028ms
08-05 14:47:31.975  7308  7328 I art     : Starting a blocking GC Explicit
08-05 14:47:32.026  7308  7328 I art     : Explicit concurrent mark sweep GC freed 99(1696B) AllocSpace objects, 0(0B) LOS objects, 10% free, 136MB/152MB, paused 1.085ms total 51.061ms
08-05 14:47:32.446  7308  7322 I art     : Starting a blocking GC Explicit
08-05 14:47:32.498  7308  7322 I art     : Explicit concurrent mark sweep GC freed 2289(103KB) AllocSpace objects, 2(36KB) LOS objects, 10% free, 136MB/152MB, paused 1.234ms total 51.191ms
08-05 14:47:32.516  7308  7322 I art     : Starting a blocking GC Explicit
08-05 14:47:32.569  7308  7322 I art     : Explicit concurrent mark sweep GC freed 136(3KB) AllocSpace objects, 0(0B) LOS objects, 10% free, 136MB/152MB, paused 1.119ms total 52.232ms
08-05 14:47:32.589  7308  7322 I art     : Starting a blocking GC Explicit
08-05 14:47:32.639  7308  7322 I art     : Explicit concurrent mark sweep GC freed 99(1696B) AllocSpace objects, 0(0B) LOS objects, 10% free, 136MB/152MB, paused 1.135ms total 49.281ms
08-05 14:47:32.657  7308  7322 I art     : Starting a blocking GC Explicit
08-05 14:47:32.708  7308  7322 I art     : Explicit concurrent mark sweep GC freed 99(1696B) AllocSpace objects, 0(0B) LOS objects, 10% free, 136MB/152MB, paused 1.225ms total 51.152ms
08-05 14:47:32.726  7308  7322 I art     : Starting a blocking GC Explicit
08-05 14:47:32.777  7308  7322 I art     : Explicit concurrent mark sweep GC freed 98(1664B) AllocSpace objects, 0(0B) LOS objects, 10% free, 136MB/152MB, paused 1.102ms total 50.798ms
08-05 14:47:33.192  7308  7568 I art     : Starting a blocking GC Explicit
08-05 14:47:33.246  7308  7568 I art     : Explicit concurrent mark sweep GC freed 2286(103KB) AllocSpace objects, 2(36KB) LOS objects, 10% free, 136MB/152MB, paused 1.203ms total 53.141ms
08-05 14:47:33.267  7308  7568 I art     : Starting a blocking GC Explicit
08-05 14:47:33.317  7308  7568 I art     : Explicit concurrent mark sweep GC freed 147(3008B) AllocSpace objects, 0(0B) LOS objects, 10% free, 136MB/152MB, paused 1.211ms total 50.315ms
08-05 14:47:33.335  7308  7568 I art     : Starting a blocking GC Explicit
08-05 14:47:33.385  7308  7568 I art     : Explicit concurrent mark sweep GC freed 100(1712B) AllocSpace objects, 0(0B) LOS objects, 10% free, 136MB/152MB, paused 1.157ms total 49.793ms
08-05 14:47:33.403  7308  7568 I art     : Starting a blocking GC Explicit
08-05 14:47:33.453  7308  7568 I art     : Explicit concurrent mark sweep GC freed 99(1696B) AllocSpace objects, 0(0B) LOS objects, 10% free, 136MB/152MB, paused 1.076ms total 49.384ms
08-05 14:47:33.471  7308  7568 I art     : Starting a blocking GC Explicit
08-05 14:47:33.522  7308  7568 I art     : Explicit concurrent mark sweep GC freed 100(1728B) AllocSpace objects, 0(0B) LOS objects, 10% free, 136MB/152MB, paused 1.090ms total 50.661ms
08-05 14:47:33.951  7308  7321 I art     : Starting a blocking GC Explicit
08-05 14:47:34.006  7308  7321 I art     : Explicit concurrent mark sweep GC freed 2308(104KB) AllocSpace objects, 2(36KB) LOS objects, 10% free, 136MB/152MB, paused 1.172ms total 54.408ms
08-05 14:47:34.024  7308  7321 I art     : Starting a blocking GC Explicit
08-05 14:47:34.075  7308  7321 I art     : Explicit concurrent mark sweep GC freed 125(2656B) AllocSpace objects, 0(0B) LOS objects, 10% free, 136MB/152MB, paused 1.115ms total 50.595ms
08-05 14:47:34.093  7308  7321 I art     : Starting a blocking GC Explicit
08-05 14:47:34.145  7308  7321 I art     : Explicit concurrent mark sweep GC freed 109(2288B) AllocSpace objects, 0(0B) LOS objects, 10% free, 136MB/152MB, paused 1.123ms total 51.538ms
08-05 14:47:34.163  7308  7321 I art     : Starting a blocking GC Explicit
08-05 14:47:34.216  7308  7321 I art     : Explicit concurrent mark sweep GC freed 118(2416B) AllocSpace objects, 0(0B) LOS objects, 10% free, 136MB/152MB, paused 1.302ms total 51.885ms
08-05 14:47:34.235  7308  7321 I art     : Starting a blocking GC Explicit
08-05 14:47:34.288  7308  7321 I art     : Explicit concurrent mark sweep GC freed 116(1984B) AllocSpace objects, 0(0B) LOS objects, 10% free, 136MB/152MB, paused 1.293ms total 52.751ms
08-05 14:47:34.669  7308  7328 I art     : Starting a blocking GC Explicit
08-05 14:47:34.722  7308  7328 I art     : Explicit concurrent mark sweep GC freed 2206(102KB) AllocSpace objects, 2(36KB) LOS objects, 10% free, 136MB/152MB, paused 1.169ms total 52.670ms
08-05 14:47:34.741  7308  7328 I art     : Starting a blocking GC Explicit
08-05 14:47:34.792  7308  7328 I art     : Explicit concurrent mark sweep GC freed 124(2624B) AllocSpace objects, 0(0B) LOS objects, 10% free, 136MB/152MB, paused 1.169ms total 50.840ms
08-05 14:47:34.809  7308  7328 I art     : Starting a blocking GC Explicit
08-05 14:47:34.859  7308  7328 I art     : Explicit concurrent mark sweep GC freed 129(2496B) AllocSpace objects, 0(0B) LOS objects, 10% free, 136MB/152MB, paused 1.229ms total 49.007ms
08-05 14:47:34.877  7308  7328 I art     : Starting a blocking GC Explicit
08-05 14:47:34.904  9082  9082 D AndroidRuntime: >>>>>> START com.android.internal.os.RuntimeInit uid 2000 <<<<<<
08-05 14:47:34.910  9082  9082 D AndroidRuntime: CheckJNI is OFF
08-05 14:47:34.927  7308  7328 I art     : Explicit concurrent mark sweep GC freed 100(1728B) AllocSpace objects, 0(0B) LOS objects, 10% free, 136MB/152MB, paused 1.251ms total 50.142ms
08-05 14:47:34.945  7308  7328 I art     : Starting a blocking GC Explicit
08-05 14:47:34.957  9082  9082 D ICU     : No timezone override file found: /data/misc/zoneinfo/current/icu/icu_tzdata.dat
08-05 14:47:34.994  7308  7328 I art     : Explicit concurrent mark sweep GC freed 99(1696B) AllocSpace objects, 0(0B) LOS objects, 10% free, 136MB/152MB, paused 1.166ms total 49.052ms
08-05 14:47:35.003  9082  9082 I Radio-JNI: register_android_hardware_Radio DONE
08-05 14:47:35.032  9082  9082 D AndroidRuntime: Calling main entry com.android.commands.input.Input
08-05 14:47:35.035  9082  9082 I Input   : injectKeyEvent: KeyEvent { action=ACTION_DOWN, keyCode=KEYCODE_BACK, scanCode=0, metaState=0, flags=0x0, repeatCount=0, eventTime=802071448, downTime=802071448, deviceId=-1, source=0x101 }
08-05 14:47:35.042  9082  9082 I Input   : injectKeyEvent: KeyEvent { action=ACTION_UP, keyCode=KEYCODE_BACK, scanCode=0, metaState=0, flags=0x0, repeatCount=0, eventTime=802071448, downTime=802071448, deviceId=-1, source=0x101 }
08-05 14:47:35.048  9082  9082 D AndroidRuntime: Shutting down VM
08-05 14:47:35.063  7308  7308 V MainActivity: url = https://project-travel-mate.herokuapp.com/api/number-of-unread-notifications
08-05 14:47:35.093 13866 13866 I GoogleInputMethodServic: GoogleInputMethodService.onFinishInput():3138 
08-05 14:47:35.094 13866 13866 I GoogleInputMethodServic: GoogleInputMethodService.onStartInput():1808 
08-05 14:47:35.362  7308  7322 I art     : Starting a blocking GC Explicit
08-05 14:47:35.412  7308  7322 I art     : Explicit concurrent mark sweep GC freed 2586(123KB) AllocSpace objects, 2(36KB) LOS objects, 10% free, 136MB/152MB, paused 1.190ms total 50.077ms
08-05 14:47:35.413  7308  7320 I art     : WaitForGcToComplete blocked for 41.229ms for cause HeapTrim
08-05 14:47:35.413   380   380 W SurfaceFlinger: couldn't log to binary event log: overflow.
08-05 14:47:35.432  7308  7322 I art     : Starting a blocking GC Explicit
08-05 14:47:35.477  7308  7322 I art     : Explicit concurrent mark sweep GC freed 149(5KB) AllocSpace objects, 0(0B) LOS objects, 10% free, 136MB/152MB, paused 1.131ms total 43.976ms
08-05 14:47:35.494  7308  7322 I art     : Starting a blocking GC Explicit
08-05 14:47:35.540  7308  7322 I art     : Explicit concurrent mark sweep GC freed 6603(359KB) AllocSpace objects, 13(264KB) LOS objects, 10% free, 135MB/151MB, paused 1.135ms total 45.445ms
08-05 14:47:35.557  7308  7322 I art     : Starting a blocking GC Explicit
08-05 14:47:35.603  7308  7322 I art     : Explicit concurrent mark sweep GC freed 3(96B) AllocSpace objects, 0(0B) LOS objects, 10% free, 135MB/151MB, paused 1.184ms total 45.480ms
08-05 14:47:35.620  7308  7322 I art     : Starting a blocking GC Explicit
08-05 14:47:35.666  7308  7322 I art     : Explicit concurrent mark sweep GC freed 3(96B) AllocSpace objects, 0(0B) LOS objects, 10% free, 135MB/151MB, paused 1.172ms total 45.931ms
08-05 14:47:35.883  7308  9105 I NAPPA_EXPERIMENTATION: MetricNetworkRequestExecutionTime: REQUEST_DURATION_SYSTEM='818',REQUEST_DURATION_OKHTTP='38',REQUEST_SYNCHRONOUS='FALSE',RESPONSE_CODE='200',RESPONSE_METHOD='GET',RESPONSE_LENGTH_OKHTTP='36',RESPONSE_LENGTH_HEADER='36',REQUEST_PROTOCOL='http/1.1',REQUEST_URL='https://project-travel-mate.herokuapp.com/api/number-of-unread-notifications',
08-05 14:47:36.055  7308  7568 I art     : Starting a blocking GC Explicit
08-05 14:47:36.116  7308  7568 I art     : Explicit concurrent mark sweep GC freed 4415(240KB) AllocSpace objects, 5(236KB) LOS objects, 10% free, 135MB/151MB, paused 1.457ms total 60.132ms
08-05 14:47:36.136  7308  7568 I art     : Starting a blocking GC Explicit
08-05 14:47:36.183  7308  7568 I art     : Explicit concurrent mark sweep GC freed 962(117KB) AllocSpace objects, 0(0B) LOS objects, 10% free, 135MB/151MB, paused 1.127ms total 47.186ms
08-05 14:47:36.201  7308  7568 I art     : Starting a blocking GC Explicit
08-05 14:47:36.247  7308  7568 I art     : Explicit concurrent mark sweep GC freed 3(96B) AllocSpace objects, 0(0B) LOS objects, 10% free, 135MB/151MB, paused 1.214ms total 46.254ms
08-05 14:47:36.265  7308  7568 I art     : Starting a blocking GC Explicit
08-05 14:47:36.310  7308  7568 I art     : Explicit concurrent mark sweep GC freed 3(96B) AllocSpace objects, 0(0B) LOS objects, 10% free, 135MB/151MB, paused 1.142ms total 44.864ms
08-05 14:47:36.328  7308  7568 I art     : Starting a blocking GC Explicit
08-05 14:47:36.373  7308  7568 I art     : Explicit concurrent mark sweep GC freed 3(96B) AllocSpace objects, 0(0B) LOS objects, 10% free, 135MB/151MB, paused 1.170ms total 44.572ms
08-05 14:47:36.755  7308  7321 I art     : Starting a blocking GC Explicit
08-05 14:47:36.796  7308  7321 I art     : Explicit concurrent mark sweep GC freed 1588(92KB) AllocSpace objects, 2(36KB) LOS objects, 10% free, 135MB/151MB, paused 1.096ms total 41.321ms
08-05 14:47:36.816  7308  7321 I art     : Starting a blocking GC Explicit
08-05 14:47:36.821  9128  9128 D AndroidRuntime: >>>>>> START com.android.internal.os.RuntimeInit uid 2000 <<<<<<
08-05 14:47:36.826  9128  9128 D AndroidRuntime: CheckJNI is OFF
08-05 14:47:36.857  7308  7321 I art     : Explicit concurrent mark sweep GC freed 61(1920B) AllocSpace objects, 0(0B) LOS objects, 10% free, 135MB/151MB, paused 1.327ms total 40.816ms
08-05 14:47:36.867  9128  9128 D ICU     : No timezone override file found: /data/misc/zoneinfo/current/icu/icu_tzdata.dat
08-05 14:47:36.875  7308  7321 I art     : Starting a blocking GC Explicit
08-05 14:47:36.908  9128  9128 I Radio-JNI: register_android_hardware_Radio DONE
08-05 14:47:36.918  7308  7321 I art     : Explicit concurrent mark sweep GC freed 7(224B) AllocSpace objects, 0(0B) LOS objects, 10% free, 135MB/151MB, paused 1.242ms total 42.774ms
08-05 14:47:36.934  7308  7321 I art     : Starting a blocking GC Explicit
08-05 14:47:36.936  9128  9128 D AndroidRuntime: Calling main entry com.android.commands.input.Input
08-05 14:47:36.942  9128  9128 I Input   : injectMotionEvent: MotionEvent { action=ACTION_DOWN, actionButton=0, id[0]=0, x[0]=657.0, y[0]=2080.0, toolType[0]=TOOL_TYPE_UNKNOWN, buttonState=0, metaState=0, flags=0x0, edgeFlags=0x0, pointerCount=1, historySize=0, eventTime=802073355, downTime=802073355, deviceId=0, source=0x1002 }
08-05 14:47:36.961  9128  9128 I Input   : injectMotionEvent: MotionEvent { action=ACTION_UP, actionButton=0, id[0]=0, x[0]=657.0, y[0]=2080.0, toolType[0]=TOOL_TYPE_UNKNOWN, buttonState=0, metaState=0, flags=0x0, edgeFlags=0x0, pointerCount=1, historySize=0, eventTime=802073355, downTime=802073355, deviceId=0, source=0x1002 }
08-05 14:47:36.977  7308  7321 I art     : Explicit concurrent mark sweep GC freed 3(96B) AllocSpace objects, 0(0B) LOS objects, 10% free, 135MB/151MB, paused 1.112ms total 41.875ms
08-05 14:47:36.995  7308  7321 I art     : Starting a blocking GC Explicit
08-05 14:47:37.000  9128  9128 D AndroidRuntime: Shutting down VM
08-05 14:47:37.000   918  6110 I ActivityManager: START u0 {cmp=baseline.io.github.project_travel_mate/.utilities.UpcomingWeekendsActivity} from uid 10674 on display 0
08-05 14:47:37.001   512  2967 D audio_hw_primary: out_set_parameters: enter: usecase(1: low-latency-playback) kvpairs: routing=2
08-05 14:47:37.014   512  2967 D audio_hw_primary: select_devices: out_snd_device(2: speaker) in_snd_device(0: none)
08-05 14:47:37.014   512  2967 D msm8974_platform: platform_send_audio_calibration: sending audio calibration for snd_device(2) acdb_id(15)
08-05 14:47:37.015   512  2967 I soundtrigger: audio_extn_sound_trigger_update_device_status: device 0x2 of type 0 for Event 1
08-05 14:47:37.024   512  2967 D audio_hw_primary: enable_snd_device: snd_device(2: speaker)
08-05 14:47:37.025  7308  7381 D Gabe    : call	returning from cache
08-05 14:47:37.026   512  2967 D audio_hw_primary: enable_audio_route: apply and update mixer path: low-latency-playback speaker
08-05 14:47:37.028  7308  7308 V EXECUTING: https://project-travel-mate.herokuapp.com/api/get-upcoming-holidays/2020
08-05 14:47:37.030  7308  7308 V EXECUTING: https://project-travel-mate.herokuapp.com/api/get-upcoming-holidays/2020
08-05 14:47:37.039  7308  7321 I art     : Explicit concurrent mark sweep GC freed 659(36KB) AllocSpace objects, 0(0B) LOS objects, 10% free, 135MB/151MB, paused 1.551ms total 44.250ms
08-05 14:47:37.131 13866 13866 I GoogleInputMethodServic: GoogleInputMethodService.onFinishInput():3138 
08-05 14:47:37.132 13866 13866 I GoogleInputMethodServic: GoogleInputMethodService.onStartInput():1808 
08-05 14:47:37.226   918   936 I ActivityManager: Displayed baseline.io.github.project_travel_mate/.utilities.UpcomingWeekendsActivity: +218ms
08-05 14:47:37.408  7308  7322 I art     : Starting a blocking GC Explicit
08-05 14:47:37.452  7308  7322 I art     : Explicit concurrent mark sweep GC freed 3050(164KB) AllocSpace objects, 2(36KB) LOS objects, 10% free, 140MB/156MB, paused 1.435ms total 44.386ms
08-05 14:47:37.471  7308  7322 I art     : Starting a blocking GC Explicit
08-05 14:47:37.482   380   380 W SurfaceFlinger: couldn't log to binary event log: overflow.
08-05 14:47:37.516  7308  7322 I art     : Explicit concurrent mark sweep GC freed 205(7KB) AllocSpace objects, 0(0B) LOS objects, 10% free, 140MB/156MB, paused 1.353ms total 45.330ms
08-05 14:47:37.533  7308  7322 I art     : Starting a blocking GC Explicit
08-05 14:47:37.558   512  2967 D audio_hw_primary: disable_audio_route: reset and update mixer path: low-latency-playback speaker
08-05 14:47:37.559   512  2967 D audio_hw_primary: disable_snd_device: snd_device(2: speaker)
08-05 14:47:37.568   512  2967 I soundtrigger: audio_extn_sound_trigger_update_device_status: device 0x2 of type 0 for Event 0
08-05 14:47:37.575  7308  7322 I art     : Explicit concurrent mark sweep GC freed 98(1680B) AllocSpace objects, 0(0B) LOS objects, 10% free, 140MB/156MB, paused 1.141ms total 41.781ms
08-05 14:47:37.593  7308  7322 I art     : Starting a blocking GC Explicit
08-05 14:47:37.638  7308  7322 I art     : Explicit concurrent mark sweep GC freed 100(1680B) AllocSpace objects, 0(0B) LOS objects, 10% free, 140MB/156MB, paused 1.374ms total 45.071ms
08-05 14:47:37.655  7308  7322 I art     : Starting a blocking GC Explicit
08-05 14:47:37.700  7308  7322 I art     : Explicit concurrent mark sweep GC freed 5152(263KB) AllocSpace objects, 4(240KB) LOS objects, 10% free, 140MB/156MB, paused 1.266ms total 45.164ms
08-05 14:47:37.720  7308  9154 I NAPPA_EXPERIMENTATION: MetricNetworkRequestExecutionTime: REQUEST_DURATION_SYSTEM='689',REQUEST_DURATION_OKHTTP='42',REQUEST_SYNCHRONOUS='FALSE',RESPONSE_CODE='200',RESPONSE_METHOD='GET',RESPONSE_LENGTH_OKHTTP='6426',RESPONSE_LENGTH_HEADER='6426',REQUEST_PROTOCOL='http/1.1',REQUEST_URL='https://project-travel-mate.herokuapp.com/api/get-upcoming-holidays/2020',
08-05 14:47:37.754  7308  9152 I NAPPA_EXPERIMENTATION: MetricNetworkRequestExecutionTime: REQUEST_DURATION_SYSTEM='726',REQUEST_DURATION_OKHTTP='72',REQUEST_SYNCHRONOUS='FALSE',RESPONSE_CODE='200',RESPONSE_METHOD='GET',RESPONSE_LENGTH_OKHTTP='6426',RESPONSE_LENGTH_HEADER='6426',REQUEST_PROTOCOL='http/1.1',REQUEST_URL='https://project-travel-mate.herokuapp.com/api/get-upcoming-holidays/2020',
08-05 14:47:37.841  7308  7308 V Response: [{"month":"January","date":1,"day":"Wednesday","name":"New Year's Day","type":"Restricted"},{"month":"January","date":2,"day":"Thursday","name":"Guru Govind Singh Jayanti","type":"Restricted"},{"month":"January","date":14,"day":"Tuesday","name":"Lohri","type":"Restricted"},{"month":"January","date":15,"day":"Wednesday","name":"Pongal","type":"Restricted"},{"month":"January","date":15,"day":"Wednesday","name":"Makar Sankranti","type":"Restricted"},{"month":"January","date":25,"day":"Saturday","name":"Chinese New Year","type":"Observance"},{"month":"January","date":26,"day":"Sunday","name":"Republic Day","type":"Gazetted"},{"month":"January","date":30,"day":"Thursday","name":"Vasant Panchami","type":"Restricted"},{"month":"February","date":9,"day":"Sunday","name":"Guru Ravidas Jayanti","type":"Restricted"},{"month":"February","date":14,"day":"Friday","name":"Valentine's Day","type":"Observance"},{"month":"February","date":18,"day":"Tuesday","name":"Maharishi Dayanand Saraswati Jayanti","type":"Restricted"},{"month":"February","date":19,"day":"Wednesday","name":"Shivaji Jayanti","type":"Restricted"},{"month":"February","date":21,"day":"Friday","name":"Maha Shivaratri/Shivaratri","type":"Gazetted"},{"month":"March","date":9,"day":"Monday","name":"Holika Dahana","type":"Restricted"},{"month":"March","date":9,"day":"Monday","name":"Hazarat Ali's Birthday","type":"Restricted"},{"month":"March","date":10,"day":"Tuesday","name":"Holi","type":"Gazetted"},{"month":"March","date":20,"day":"Friday","name":"March Equinox","type":"Season"},{"month":"March","date":25,"day":"Wednesday","name":"Chaitra Sukhladi","type":"Restricted"},{"month":"April","date":2,"day":"Thursday","name":"Rama Navami","type":"Gazetted"},{"month":"April","date":6,"day":"Monday","name":"Mahavir Jayanti","type":"Gazetted"},{"month":"April","date":9,"day":"Thursday","name":"First day of Passover","type":"Observance"},{"month":"April","date":9,"day":"Thursday","name":"Maundy Thursday","type":"Observance,"},{"month":"April","date":10,"day":"Friday","name":"Good Friday","type":"Gazetted"},{"month":"April","date":12,"day":"Sunday","name":"Easter Day","type":"Restricted"},{"month":"April","date":13,"day":"Monday","name":"Vaisakhi","type":"Restricted"},{"month":"April","date":14,"day":"Tuesday","name":"Mesadi/Vaisakhadi","type":"Restricted"},{"month":"April","date":14,"day":"Tuesday","name":"Ambedkar Jayanti","type":"Central"},{"month":"May","date":1,"day":"Friday","name":"May Day","type":"Observance"},{"month":"May","date":7,"day":"Thursday","name":"Buddha Purnima/Vesak","type":"Gazetted"},{"month":"May","date":7,"day":"Thursday","name":"Birthday of Ravindranath","type":"Restricted"},{"month":"May","date":10,"day":"Sunday","name":"Mother's Day","type":"Observance"},{"month":"May","date":22,"day":"Friday","name":"Jamat Ul-Vida","type":"Restricted"},{"month":"May","date":25,"day":"Monday","name":"Ramzan Id/Eid-ul-Fitar","type":"Gazetted"},{"month":"May","date":25,"day":"Monday","name":"Ramzan Id/Eid-ul-Fitar","type":"Muslim,"},{"month":"June","date":21,"day":"Sunday","name":"June Solstice","type":"Season"},{"month":"June","date":21,"day":"Sunday","name":"Father's Day","type":"Observance"},{"month":"June","date":23,"day":"Tuesday","name":"Rath Yatra","type":"Restricted"},{"month":"July","date":5,"day":"Sunday","name":"Guru Purnima","type":"Observance"},{"month":"July","date":31,"day":"Friday","name":"Bakr Id/Eid ul-Adha","type":"Gazetted"},{"month":"August","date":2,"day":"Sunday","name":"Friendship Day","type":"Observance"},{"month":"August","date":3,"day":"Monday","name":"Raksha Bandhan (Rakhi)","type":"Restricted"},{"month":"August","date":11,"day":"Tuesday","name":"Janmashtami (Smarta)","type":"Restricted"},{"month":"August","date":12,"day":"Wednesday","name":"Janmashtami","type":"Gazetted"},{"month":"August","date":15,"day":"Saturday","name":"Independence Day","type":"Gazetted"},{"month":"August","date":16,"day":"Sunday","name":"Parsi New Year","type":"Restricted"},{"month":"August","date":22,"day":"Saturday","name":"Ganesh Chaturthi/Vin
08-05 14:47:37.845  7308  7308 V Response: [{"month":"January","date":1,"day":"Wednesday","name":"New Year's Day","type":"Restricted"},{"month":"January","date":2,"day":"Thursday","name":"Guru Govind Singh Jayanti","type":"Restricted"},{"month":"January","date":14,"day":"Tuesday","name":"Lohri","type":"Restricted"},{"month":"January","date":15,"day":"Wednesday","name":"Pongal","type":"Restricted"},{"month":"January","date":15,"day":"Wednesday","name":"Makar Sankranti","type":"Restricted"},{"month":"January","date":25,"day":"Saturday","name":"Chinese New Year","type":"Observance"},{"month":"January","date":26,"day":"Sunday","name":"Republic Day","type":"Gazetted"},{"month":"January","date":30,"day":"Thursday","name":"Vasant Panchami","type":"Restricted"},{"month":"February","date":9,"day":"Sunday","name":"Guru Ravidas Jayanti","type":"Restricted"},{"month":"February","date":14,"day":"Friday","name":"Valentine's Day","type":"Observance"},{"month":"February","date":18,"day":"Tuesday","name":"Maharishi Dayanand Saraswati Jayanti","type":"Restricted"},{"month":"February","date":19,"day":"Wednesday","name":"Shivaji Jayanti","type":"Restricted"},{"month":"February","date":21,"day":"Friday","name":"Maha Shivaratri/Shivaratri","type":"Gazetted"},{"month":"March","date":9,"day":"Monday","name":"Holika Dahana","type":"Restricted"},{"month":"March","date":9,"day":"Monday","name":"Hazarat Ali's Birthday","type":"Restricted"},{"month":"March","date":10,"day":"Tuesday","name":"Holi","type":"Gazetted"},{"month":"March","date":20,"day":"Friday","name":"March Equinox","type":"Season"},{"month":"March","date":25,"day":"Wednesday","name":"Chaitra Sukhladi","type":"Restricted"},{"month":"April","date":2,"day":"Thursday","name":"Rama Navami","type":"Gazetted"},{"month":"April","date":6,"day":"Monday","name":"Mahavir Jayanti","type":"Gazetted"},{"month":"April","date":9,"day":"Thursday","name":"First day of Passover","type":"Observance"},{"month":"April","date":9,"day":"Thursday","name":"Maundy Thursday","type":"Observance,"},{"month":"April","date":10,"day":"Friday","name":"Good Friday","type":"Gazetted"},{"month":"April","date":12,"day":"Sunday","name":"Easter Day","type":"Restricted"},{"month":"April","date":13,"day":"Monday","name":"Vaisakhi","type":"Restricted"},{"month":"April","date":14,"day":"Tuesday","name":"Mesadi/Vaisakhadi","type":"Restricted"},{"month":"April","date":14,"day":"Tuesday","name":"Ambedkar Jayanti","type":"Central"},{"month":"May","date":1,"day":"Friday","name":"May Day","type":"Observance"},{"month":"May","date":7,"day":"Thursday","name":"Buddha Purnima/Vesak","type":"Gazetted"},{"month":"May","date":7,"day":"Thursday","name":"Birthday of Ravindranath","type":"Restricted"},{"month":"May","date":10,"day":"Sunday","name":"Mother's Day","type":"Observance"},{"month":"May","date":22,"day":"Friday","name":"Jamat Ul-Vida","type":"Restricted"},{"month":"May","date":25,"day":"Monday","name":"Ramzan Id/Eid-ul-Fitar","type":"Gazetted"},{"month":"May","date":25,"day":"Monday","name":"Ramzan Id/Eid-ul-Fitar","type":"Muslim,"},{"month":"June","date":21,"day":"Sunday","name":"June Solstice","type":"Season"},{"month":"June","date":21,"day":"Sunday","name":"Father's Day","type":"Observance"},{"month":"June","date":23,"day":"Tuesday","name":"Rath Yatra","type":"Restricted"},{"month":"July","date":5,"day":"Sunday","name":"Guru Purnima","type":"Observance"},{"month":"July","date":31,"day":"Friday","name":"Bakr Id/Eid ul-Adha","type":"Gazetted"},{"month":"August","date":2,"day":"Sunday","name":"Friendship Day","type":"Observance"},{"month":"August","date":3,"day":"Monday","name":"Raksha Bandhan (Rakhi)","type":"Restricted"},{"month":"August","date":11,"day":"Tuesday","name":"Janmashtami (Smarta)","type":"Restricted"},{"month":"August","date":12,"day":"Wednesday","name":"Janmashtami","type":"Gazetted"},{"month":"August","date":15,"day":"Saturday","name":"Independence Day","type":"Gazetted"},{"month":"August","date":16,"day":"Sunday","name":"Parsi New Year","type":"Restricted"},{"month":"August","date":22,"day":"Saturday","name":"Ganesh Chaturthi/Vin
08-05 14:47:38.086  7308  7321 I art     : Starting a blocking GC Explicit
08-05 14:47:38.142  7308  7321 I art     : Explicit concurrent mark sweep GC freed 13490(689KB) AllocSpace objects, 8(4MB) LOS objects, 10% free, 136MB/152MB, paused 1.373ms total 55.733ms
08-05 14:47:38.163  7308  7321 I art     : Starting a blocking GC Explicit
08-05 14:47:38.211  7308  7321 I art     : Explicit concurrent mark sweep GC freed 413(16KB) AllocSpace objects, 0(0B) LOS objects, 10% free, 136MB/152MB, paused 1.185ms total 47.838ms
08-05 14:47:38.229  7308  7321 I art     : Starting a blocking GC Explicit
08-05 14:47:38.277  7308  7321 I art     : Explicit concurrent mark sweep GC freed 110(2320B) AllocSpace objects, 0(0B) LOS objects, 10% free, 136MB/152MB, paused 1.299ms total 48.663ms
08-05 14:47:38.295  7308  7321 I art     : Starting a blocking GC Explicit
08-05 14:47:38.344  7308  7321 I art     : Explicit concurrent mark sweep GC freed 110(2272B) AllocSpace objects, 0(0B) LOS objects, 10% free, 136MB/152MB, paused 1.188ms total 48.849ms
08-05 14:47:38.363  7308  7321 I art     : Starting a blocking GC Explicit
08-05 14:47:38.413  7308  7321 I art     : Explicit concurrent mark sweep GC freed 109(2320B) AllocSpace objects, 0(0B) LOS objects, 10% free, 136MB/152MB, paused 1.192ms total 49.821ms
08-05 14:47:38.561  2820  2820 I ServiceManager: Waiting for service AtCmdFwd...
08-05 14:47:38.808  7308  7322 I art     : Starting a blocking GC Explicit
08-05 14:47:38.860  7308  7322 I art     : Explicit concurrent mark sweep GC freed 2260(103KB) AllocSpace objects, 2(36KB) LOS objects, 10% free, 136MB/152MB, paused 1.333ms total 51.654ms
08-05 14:47:38.878  7308  7322 I art     : Starting a blocking GC Explicit
08-05 14:47:38.931  7308  7322 I art     : Explicit concurrent mark sweep GC freed 125(2656B) AllocSpace objects, 0(0B) LOS objects, 10% free, 136MB/152MB, paused 1.148ms total 53.059ms
08-05 14:47:38.950  7308  7322 I art     : Starting a blocking GC Explicit
08-05 14:47:39.003  7308  7322 I art     : Explicit concurrent mark sweep GC freed 105(1776B) AllocSpace objects, 0(0B) LOS objects, 10% free, 136MB/152MB, paused 1.274ms total 52.526ms
08-05 14:47:39.021  7308  7322 I art     : Starting a blocking GC Explicit
08-05 14:47:39.075  7308  7322 I art     : Explicit concurrent mark sweep GC freed 116(1984B) AllocSpace objects, 0(0B) LOS objects, 10% free, 136MB/152MB, paused 1.170ms total 53.018ms
08-05 14:47:39.097  7308  7322 I art     : Starting a blocking GC Explicit
08-05 14:47:39.149  7308  7322 I art     : Explicit concurrent mark sweep GC freed 100(1728B) AllocSpace objects, 0(0B) LOS objects, 10% free, 136MB/152MB, paused 1.258ms total 51.438ms
08-05 14:47:39.555  7308  7328 I art     : Starting a blocking GC Explicit
08-05 14:47:39.561  2820  2820 I ServiceManager: Waiting for service AtCmdFwd...
08-05 14:47:39.609  7308  7328 I art     : Explicit concurrent mark sweep GC freed 2254(102KB) AllocSpace objects, 2(36KB) LOS objects, 10% free, 136MB/152MB, paused 1.290ms total 53.781ms
08-05 14:47:39.627  7308  7328 I art     : Starting a blocking GC Explicit
08-05 14:47:39.681  7308  7328 I art     : Explicit concurrent mark sweep GC freed 124(2624B) AllocSpace objects, 0(0B) LOS objects, 10% free, 136MB/152MB, paused 1.262ms total 53.627ms
08-05 14:47:39.704  7308  7328 I art     : Starting a blocking GC Explicit
08-05 14:47:39.755  7308  7328 I art     : Explicit concurrent mark sweep GC freed 120(2032B) AllocSpace objects, 0(0B) LOS objects, 10% free, 136MB/152MB, paused 1.364ms total 51.105ms
08-05 14:47:39.773  7308  7328 I art     : Starting a blocking GC Explicit
08-05 14:47:39.825  7308  7328 I art     : Explicit concurrent mark sweep GC freed 101(1728B) AllocSpace objects, 0(0B) LOS objects, 10% free, 136MB/152MB, paused 1.105ms total 51.306ms
08-05 14:47:39.843  7308  7328 I art     : Starting a blocking GC Explicit
08-05 14:47:39.896  7308  7328 I art     : Explicit concurrent mark sweep GC freed 131(2560B) AllocSpace objects, 0(0B) LOS objects, 10% free, 136MB/152MB, paused 1.246ms total 52.725ms
08-05 14:47:40.316  7308  9116 I art     : Starting a blocking GC Explicit
08-05 14:47:40.373  7308  9116 I art     : Explicit concurrent mark sweep GC freed 2291(103KB) AllocSpace objects, 2(36KB) LOS objects, 10% free, 136MB/152MB, paused 1.254ms total 56.101ms
08-05 14:47:40.392  7308  9116 I art     : Starting a blocking GC Explicit
08-05 14:47:40.443  7308  9116 I art     : Explicit concurrent mark sweep GC freed 133(3KB) AllocSpace objects, 0(0B) LOS objects, 10% free, 136MB/152MB, paused 1.197ms total 51.414ms
08-05 14:47:40.462  7308  9116 I art     : Starting a blocking GC Explicit
08-05 14:47:40.516  7308  9116 I art     : Explicit concurrent mark sweep GC freed 100(1728B) AllocSpace objects, 0(0B) LOS objects, 10% free, 136MB/152MB, paused 1.212ms total 54.096ms
08-05 14:47:40.517  7308  7320 I art     : WaitForGcToComplete blocked for 39.315ms for cause HeapTrim
08-05 14:47:40.538  7308  9116 I art     : Starting a blocking GC Explicit
08-05 14:47:40.562  2820  2820 I ServiceManager: Waiting for service AtCmdFwd...
08-05 14:47:40.588  7308  9116 I art     : Explicit concurrent mark sweep GC freed 116(1968B) AllocSpace objects, 0(0B) LOS objects, 10% free, 136MB/152MB, paused 1.348ms total 50.184ms
08-05 14:47:40.607  7308  9116 I art     : Starting a blocking GC Explicit
08-05 14:47:40.658  7308  9116 I art     : Explicit concurrent mark sweep GC freed 105(1792B) AllocSpace objects, 0(0B) LOS objects, 10% free, 136MB/152MB, paused 1.335ms total 51.420ms
08-05 14:47:41.090  7308  7568 I art     : Starting a blocking GC Explicit
08-05 14:47:41.147  7308  7568 I art     : Explicit concurrent mark sweep GC freed 2310(104KB) AllocSpace objects, 2(36KB) LOS objects, 10% free, 136MB/152MB, paused 1.276ms total 56.029ms
08-05 14:47:41.168  7308  7568 I art     : Starting a blocking GC Explicit
08-05 14:47:41.218  7308  7568 I art     : Explicit concurrent mark sweep GC freed 124(2624B) AllocSpace objects, 0(0B) LOS objects, 10% free, 136MB/152MB, paused 1.118ms total 50.332ms
08-05 14:47:41.237  7308  7568 I art     : Starting a blocking GC Explicit
08-05 14:47:41.285  7308  7568 I art     : Explicit concurrent mark sweep GC freed 109(2288B) AllocSpace objects, 0(0B) LOS objects, 10% free, 136MB/152MB, paused 1.102ms total 48.263ms
08-05 14:47:41.303  7308  7568 I art     : Starting a blocking GC Explicit
08-05 14:47:41.351  7308  7568 I art     : Explicit concurrent mark sweep GC freed 111(2304B) AllocSpace objects, 0(0B) LOS objects, 10% free, 136MB/152MB, paused 1.205ms total 47.084ms
08-05 14:47:41.368  7308  7568 I art     : Starting a blocking GC Explicit
08-05 14:47:41.417  7308  7568 I art     : Explicit concurrent mark sweep GC freed 101(1760B) AllocSpace objects, 0(0B) LOS objects, 10% free, 136MB/152MB, paused 1.272ms total 48.712ms
08-05 14:47:41.562  2820  2820 I ServiceManager: Waiting for service AtCmdFwd...
08-05 14:47:41.783  9217  9217 D AndroidRuntime: >>>>>> START com.android.internal.os.RuntimeInit uid 2000 <<<<<<
08-05 14:47:41.789  9217  9217 D AndroidRuntime: CheckJNI is OFF
08-05 14:47:41.826  7308  7321 I art     : Starting a blocking GC Explicit
08-05 14:47:41.835  9217  9217 D ICU     : No timezone override file found: /data/misc/zoneinfo/current/icu/icu_tzdata.dat
08-05 14:47:41.879  7308  7321 I art     : Explicit concurrent mark sweep GC freed 2296(104KB) AllocSpace objects, 2(36KB) LOS objects, 10% free, 136MB/152MB, paused 1.308ms total 52.626ms
08-05 14:47:41.881  9217  9217 I Radio-JNI: register_android_hardware_Radio DONE
08-05 14:47:41.897  7308  7321 I art     : Starting a blocking GC Explicit
08-05 14:47:41.912  9217  9217 D AndroidRuntime: Calling main entry com.android.commands.input.Input
08-05 14:47:41.913  9217  9217 I Input   : injectKeyEvent: KeyEvent { action=ACTION_DOWN, keyCode=KEYCODE_BACK, scanCode=0, metaState=0, flags=0x0, repeatCount=0, eventTime=802078326, downTime=802078326, deviceId=-1, source=0x101 }
08-05 14:47:41.923  9217  9217 I Input   : injectKeyEvent: KeyEvent { action=ACTION_UP, keyCode=KEYCODE_BACK, scanCode=0, metaState=0, flags=0x0, repeatCount=0, eventTime=802078326, downTime=802078326, deviceId=-1, source=0x101 }
08-05 14:47:41.929  9217  9217 D AndroidRuntime: Shutting down VM
08-05 14:47:41.937  7308  7308 V MainActivity: url = https://project-travel-mate.herokuapp.com/api/number-of-unread-notifications
08-05 14:47:41.948  7308  7321 I art     : Explicit concurrent mark sweep GC freed 427(14KB) AllocSpace objects, 0(0B) LOS objects, 10% free, 136MB/152MB, paused 1.805ms total 50.014ms
08-05 14:47:41.965  7308  7321 I art     : Starting a blocking GC Explicit
08-05 14:47:41.971 13866 13866 I GoogleInputMethodServic: GoogleInputMethodService.onFinishInput():3138 
08-05 14:47:41.971 13866 13866 I GoogleInputMethodServic: GoogleInputMethodService.onStartInput():1808 
08-05 14:47:42.012  7308  7321 I art     : Explicit concurrent mark sweep GC freed 140(4KB) AllocSpace objects, 0(0B) LOS objects, 10% free, 136MB/152MB, paused 1.419ms total 46.832ms
08-05 14:47:42.034  7308  7321 I art     : Starting a blocking GC Explicit
08-05 14:47:42.079  7308  7321 I art     : Explicit concurrent mark sweep GC freed 167(6KB) AllocSpace objects, 0(0B) LOS objects, 10% free, 136MB/152MB, paused 1.226ms total 44.295ms
08-05 14:47:42.096  7308  7321 I art     : Starting a blocking GC Explicit
08-05 14:47:42.140  7308  7321 I art     : Explicit concurrent mark sweep GC freed 134(3KB) AllocSpace objects, 0(0B) LOS objects, 10% free, 136MB/152MB, paused 1.301ms total 43.718ms
08-05 14:47:42.303   380   380 W SurfaceFlinger: couldn't log to binary event log: overflow.
08-05 14:47:42.503  7308  7321 I art     : Starting a blocking GC Explicit
08-05 14:47:42.563  2820  2820 I ServiceManager: Waiting for service AtCmdFwd...
08-05 14:47:42.564  7308  7321 I art     : Explicit concurrent mark sweep GC freed 1867(97KB) AllocSpace objects, 3(224KB) LOS objects, 10% free, 136MB/152MB, paused 1.439ms total 60.563ms
08-05 14:47:42.588  7308  7321 I art     : Starting a blocking GC Explicit
08-05 14:47:42.633  7308  7321 I art     : Explicit concurrent mark sweep GC freed 1033(48KB) AllocSpace objects, 0(0B) LOS objects, 10% free, 136MB/152MB, paused 1.151ms total 44.768ms
08-05 14:47:42.650  7308  7321 I art     : Starting a blocking GC Explicit
08-05 14:47:42.696  7308  7321 I art     : Explicit concurrent mark sweep GC freed 5628(312KB) AllocSpace objects, 13(264KB) LOS objects, 10% free, 135MB/151MB, paused 1.205ms total 45.956ms
08-05 14:47:42.714  7308  7321 I art     : Starting a blocking GC Explicit
08-05 14:47:42.761  7308  7321 I art     : Explicit concurrent mark sweep GC freed 3(96B) AllocSpace objects, 0(0B) LOS objects, 10% free, 135MB/151MB, paused 1.186ms total 47.007ms
08-05 14:47:42.779  7308  7321 I art     : Starting a blocking GC Explicit
08-05 14:47:42.789   518   646 I ThermalEngine: ACTION: GPU - Setting GPU[0] to 510000000
08-05 14:47:42.828  7308  7321 I art     : Explicit concurrent mark sweep GC freed 2561(131KB) AllocSpace objects, 2(120KB) LOS objects, 10% free, 136MB/152MB, paused 1.393ms total 49.007ms
08-05 14:47:42.839  7308  9240 I NAPPA_EXPERIMENTATION: MetricNetworkRequestExecutionTime: REQUEST_DURATION_SYSTEM='901',REQUEST_DURATION_OKHTTP='43',REQUEST_SYNCHRONOUS='FALSE',RESPONSE_CODE='200',RESPONSE_METHOD='GET',RESPONSE_LENGTH_OKHTTP='36',RESPONSE_LENGTH_HEADER='36',REQUEST_PROTOCOL='http/1.1',REQUEST_URL='https://project-travel-mate.herokuapp.com/api/number-of-unread-notifications',
08-05 14:47:43.177  7308  7328 I art     : Starting a blocking GC Explicit
08-05 14:47:43.221  7308  7328 I art     : Explicit concurrent mark sweep GC freed 2789(225KB) AllocSpace objects, 3(116KB) LOS objects, 10% free, 136MB/152MB, paused 940us total 43.670ms
08-05 14:47:43.235  7308  7328 I art     : Starting a blocking GC Explicit
08-05 14:47:43.272  7308  7328 I art     : Explicit concurrent mark sweep GC freed 51(2128B) AllocSpace objects, 0(0B) LOS objects, 10% free, 136MB/152MB, paused 923us total 36.879ms
08-05 14:47:43.285  7308  7328 I art     : Starting a blocking GC Explicit
08-05 14:47:43.322  7308  7328 I art     : Explicit concurrent mark sweep GC freed 3(96B) AllocSpace objects, 0(0B) LOS objects, 10% free, 136MB/152MB, paused 936us total 36.377ms
08-05 14:47:43.335  7308  7328 I art     : Starting a blocking GC Explicit
08-05 14:47:43.372  7308  7328 I art     : Explicit concurrent mark sweep GC freed 3(96B) AllocSpace objects, 0(0B) LOS objects, 10% free, 136MB/152MB, paused 954us total 37.052ms
08-05 14:47:43.386  7308  7328 I art     : Starting a blocking GC Explicit
08-05 14:47:43.423  7308  7328 I art     : Explicit concurrent mark sweep GC freed 3(96B) AllocSpace objects, 0(0B) LOS objects, 10% free, 136MB/152MB, paused 915us total 36.888ms
08-05 14:47:43.563  2820  2820 W Atfwd_Sendcmd: AtCmdFwd service not published, waiting... retryCnt : 1
08-05 14:47:43.600  9263  9263 D AndroidRuntime: >>>>>> START com.android.internal.os.RuntimeInit uid 2000 <<<<<<
08-05 14:47:43.605  9263  9263 D AndroidRuntime: CheckJNI is OFF
08-05 14:47:43.640  9263  9263 D ICU     : No timezone override file found: /data/misc/zoneinfo/current/icu/icu_tzdata.dat
08-05 14:47:43.671  9263  9263 I Radio-JNI: register_android_hardware_Radio DONE
08-05 14:47:43.692  9263  9263 D AndroidRuntime: Calling main entry com.android.commands.input.Input
08-05 14:47:43.694  9263  9263 I Input   : injectMotionEvent: MotionEvent { action=ACTION_DOWN, actionButton=0, id[0]=0, x[0]=117.0, y[0]=170.0, toolType[0]=TOOL_TYPE_UNKNOWN, buttonState=0, metaState=0, flags=0x0, edgeFlags=0x0, pointerCount=1, historySize=0, eventTime=802080106, downTime=802080106, deviceId=0, source=0x1002 }
08-05 14:47:43.707  9263  9263 I Input   : injectMotionEvent: MotionEvent { action=ACTION_UP, actionButton=0, id[0]=0, x[0]=117.0, y[0]=170.0, toolType[0]=TOOL_TYPE_UNKNOWN, buttonState=0, metaState=0, flags=0x0, edgeFlags=0x0, pointerCount=1, historySize=0, eventTime=802080106, downTime=802080106, deviceId=0, source=0x1002 }
08-05 14:47:43.736  9263  9263 D AndroidRuntime: Shutting down VM
08-05 14:47:43.768   512  2967 D audio_hw_primary: out_set_parameters: enter: usecase(1: low-latency-playback) kvpairs: routing=2
08-05 14:47:43.776  7308  7568 I art     : Starting a blocking GC Explicit
08-05 14:47:43.781   512  2967 D audio_hw_primary: select_devices: out_snd_device(2: speaker) in_snd_device(0: none)
08-05 14:47:43.781   512  2967 D msm8974_platform: platform_send_audio_calibration: sending audio calibration for snd_device(2) acdb_id(15)
08-05 14:47:43.782   512  2967 I soundtrigger: audio_extn_sound_trigger_update_device_status: device 0x2 of type 0 for Event 1
08-05 14:47:43.790   512  2967 D audio_hw_primary: enable_snd_device: snd_device(2: speaker)
08-05 14:47:43.792   512  2967 D audio_hw_primary: enable_audio_route: apply and update mixer path: low-latency-playback speaker
08-05 14:47:43.811  7308  7568 I art     : Explicit concurrent mark sweep GC freed 1662(94KB) AllocSpace objects, 2(36KB) LOS objects, 10% free, 136MB/152MB, paused 885us total 35.515ms
08-05 14:47:43.825  7308  7568 I art     : Starting a blocking GC Explicit
08-05 14:47:43.863  7308  7568 I art     : Explicit concurrent mark sweep GC freed 93(3KB) AllocSpace objects, 0(0B) LOS objects, 10% free, 136MB/152MB, paused 1.047ms total 38.483ms
08-05 14:47:43.877  7308  7568 I art     : Starting a blocking GC Explicit
08-05 14:47:43.911  7308  7568 I art     : Explicit concurrent mark sweep GC freed 385(19KB) AllocSpace objects, 0(0B) LOS objects, 10% free, 136MB/152MB, paused 888us total 34.247ms
08-05 14:47:43.925  7308  7568 I art     : Starting a blocking GC Explicit
08-05 14:47:43.962  7308  7568 I art     : Explicit concurrent mark sweep GC freed 7(384B) AllocSpace objects, 0(0B) LOS objects, 10% free, 136MB/152MB, paused 1.191ms total 37.041ms
08-05 14:47:43.975  7308  7568 I art     : Starting a blocking GC Explicit
08-05 14:47:44.009  7308  7568 I art     : Explicit concurrent mark sweep GC freed 3(96B) AllocSpace objects, 0(0B) LOS objects, 10% free, 136MB/152MB, paused 1.011ms total 33.664ms
08-05 14:47:44.329   512  2967 D audio_hw_primary: disable_audio_route: reset and update mixer path: low-latency-playback speaker
08-05 14:47:44.330   512  2967 D audio_hw_primary: disable_snd_device: snd_device(2: speaker)
08-05 14:47:44.331  7308  7328 I art     : Starting a blocking GC Explicit
08-05 14:47:44.339   512  2967 I soundtrigger: audio_extn_sound_trigger_update_device_status: device 0x2 of type 0 for Event 0
08-05 14:47:44.368  7308  7328 I art     : Explicit concurrent mark sweep GC freed 1597(92KB) AllocSpace objects, 2(36KB) LOS objects, 10% free, 136MB/152MB, paused 995us total 36.326ms
08-05 14:47:44.368  9286  9286 D AndroidRuntime: >>>>>> START com.android.internal.os.RuntimeInit uid 2000 <<<<<<
08-05 14:47:44.373  9286  9286 D AndroidRuntime: CheckJNI is OFF
08-05 14:47:44.381  7308  7328 I art     : Starting a blocking GC Explicit
08-05 14:47:44.407  9286  9286 D ICU     : No timezone override file found: /data/misc/zoneinfo/current/icu/icu_tzdata.dat
08-05 14:47:44.416  7308  7328 I art     : Explicit concurrent mark sweep GC freed 48(1888B) AllocSpace objects, 0(0B) LOS objects, 10% free, 136MB/152MB, paused 958us total 35.288ms
08-05 14:47:44.429  7308  7328 I art     : Starting a blocking GC Explicit
08-05 14:47:44.438  9286  9286 I Radio-JNI: register_android_hardware_Radio DONE
08-05 14:47:44.459  9286  9286 D AndroidRuntime: Calling main entry com.android.commands.input.Input
08-05 14:47:44.461  9286  9286 I Input   : injectMotionEvent: MotionEvent { action=ACTION_DOWN, actionButton=0, id[0]=0, x[0]=405.0, y[0]=661.0, toolType[0]=TOOL_TYPE_UNKNOWN, buttonState=0, metaState=0, flags=0x0, edgeFlags=0x0, pointerCount=1, historySize=0, eventTime=802080874, downTime=802080874, deviceId=0, source=0x1002 }
08-05 14:47:44.463  7308  7328 I art     : Explicit concurrent mark sweep GC freed 3(96B) AllocSpace objects, 0(0B) LOS objects, 10% free, 136MB/152MB, paused 969us total 33.459ms
08-05 14:47:44.465  9286  9286 I Input   : injectMotionEvent: MotionEvent { action=ACTION_UP, actionButton=0, id[0]=0, x[0]=405.0, y[0]=661.0, toolType[0]=TOOL_TYPE_UNKNOWN, buttonState=0, metaState=0, flags=0x0, edgeFlags=0x0, pointerCount=1, historySize=0, eventTime=802080874, downTime=802080874, deviceId=0, source=0x1002 }
08-05 14:47:44.467  9286  9286 D AndroidRuntime: Shutting down VM
08-05 14:47:44.476  7308  7328 I art     : Starting a blocking GC Explicit
08-05 14:47:44.481   512  2967 D audio_hw_primary: out_set_parameters: enter: usecase(1: low-latency-playback) kvpairs: routing=2
08-05 14:47:44.493   512  2967 D audio_hw_primary: select_devices: out_snd_device(2: speaker) in_snd_device(0: none)
08-05 14:47:44.493   512  2967 D msm8974_platform: platform_send_audio_calibration: sending audio calibration for snd_device(2) acdb_id(15)
08-05 14:47:44.494   512  2967 I soundtrigger: audio_extn_sound_trigger_update_device_status: device 0x2 of type 0 for Event 1
08-05 14:47:44.502   512  2967 D audio_hw_primary: enable_snd_device: snd_device(2: speaker)
08-05 14:47:44.504   512  2967 D audio_hw_primary: enable_audio_route: apply and update mixer path: low-latency-playback speaker
08-05 14:47:44.513  7308  7328 I art     : Explicit concurrent mark sweep GC freed 445(45KB) AllocSpace objects, 0(0B) LOS objects, 8% free, 167MB/183MB, paused 1.131ms total 36.573ms
08-05 14:47:44.526  7308  7328 I art     : Starting a blocking GC Explicit
08-05 14:47:44.550   512  2967 D AudioFlinger: mixer(0xf4740000) throttle end: throttle time(12)
08-05 14:47:44.560  7308  7328 I art     : Explicit concurrent mark sweep GC freed 59(29KB) AllocSpace objects, 0(0B) LOS objects, 8% free, 167MB/183MB, paused 1.019ms total 34.385ms
08-05 14:47:44.796   518   646 I ThermalEngine: ACTION: GPU - Setting GPU[0] to 450000000
08-05 14:47:44.911  7308  7322 I art     : Starting a blocking GC Explicit
08-05 14:47:44.955  7308  7322 I art     : Explicit concurrent mark sweep GC freed 3194(188KB) AllocSpace objects, 2(36KB) LOS objects, 8% free, 183MB/199MB, paused 1.292ms total 43.769ms
08-05 14:47:44.973  7308  7322 I art     : Starting a blocking GC Explicit
08-05 14:47:45.015  7308  7322 I art     : Explicit concurrent mark sweep GC freed 945(52KB) AllocSpace objects, 0(0B) LOS objects, 8% free, 183MB/199MB, paused 1.126ms total 42.061ms
08-05 14:47:45.032  7308  7322 I art     : Starting a blocking GC Explicit
08-05 14:47:45.049   512  2967 D audio_hw_primary: disable_audio_route: reset and update mixer path: low-latency-playback speaker
08-05 14:47:45.050   512  2967 D audio_hw_primary: disable_snd_device: snd_device(2: speaker)
08-05 14:47:45.058   512  2967 I soundtrigger: audio_extn_sound_trigger_update_device_status: device 0x2 of type 0 for Event 0
08-05 14:47:45.076  7308  7322 I art     : Explicit concurrent mark sweep GC freed 24(608B) AllocSpace objects, 9(252KB) LOS objects, 8% free, 182MB/198MB, paused 1.085ms total 43.439ms
08-05 14:47:45.094  7308  7322 I art     : Starting a blocking GC Explicit
08-05 14:47:45.141  7308  7322 I art     : Explicit concurrent mark sweep GC freed 3(96B) AllocSpace objects, 0(0B) LOS objects, 8% free, 182MB/198MB, paused 1.183ms total 46.586ms
08-05 14:47:45.160  7308  7322 I art     : Starting a blocking GC Explicit
08-05 14:47:45.208  7308  7322 I art     : Explicit concurrent mark sweep GC freed 3(96B) AllocSpace objects, 0(0B) LOS objects, 8% free, 182MB/198MB, paused 1.223ms total 48.250ms
08-05 14:47:45.638  7308  7568 I art     : Starting a blocking GC Explicit
08-05 14:47:45.691  7308  7568 I art     : Explicit concurrent mark sweep GC freed 1582(91KB) AllocSpace objects, 2(36KB) LOS objects, 8% free, 182MB/198MB, paused 1.215ms total 52.404ms
08-05 14:47:45.709  7308  7568 I art     : Starting a blocking GC Explicit
08-05 14:47:45.758  7308  7568 I art     : Explicit concurrent mark sweep GC freed 28(1024B) AllocSpace objects, 0(0B) LOS objects, 8% free, 182MB/198MB, paused 1.299ms total 49.082ms
08-05 14:47:45.780  7308  7568 I art     : Starting a blocking GC Explicit
08-05 14:47:45.829  7308  7568 I art     : Explicit concurrent mark sweep GC freed 3(96B) AllocSpace objects, 0(0B) LOS objects, 8% free, 182MB/198MB, paused 1.293ms total 48.385ms
08-05 14:47:45.850  7308  7568 I art     : Starting a blocking GC Explicit
08-05 14:47:45.898  7308  7568 I art     : Explicit concurrent mark sweep GC freed 34(928B) AllocSpace objects, 0(0B) LOS objects, 8% free, 182MB/198MB, paused 1.245ms total 48.398ms
08-05 14:47:45.917  7308  7568 I art     : Starting a blocking GC Explicit
08-05 14:47:45.966  7308  7568 I art     : Explicit concurrent mark sweep GC freed 3(96B) AllocSpace objects, 0(0B) LOS objects, 8% free, 182MB/198MB, paused 1.339ms total 48.623ms
08-05 14:47:46.372  7308  9116 I art     : Starting a blocking GC Explicit
08-05 14:47:46.435  7308  9116 I art     : Explicit concurrent mark sweep GC freed 1607(93KB) AllocSpace objects, 2(36KB) LOS objects, 8% free, 182MB/198MB, paused 1.321ms total 62.901ms
08-05 14:47:46.456  7308  9116 I art     : Starting a blocking GC Explicit
08-05 14:47:46.464  5179  5194 D QcrilMsgTunnelSocket: readRilMessage: Buffer = [B@671e81d HexData = [010000000404000011000000514f454d484f4f4bef0308000100000003]
08-05 14:47:46.465  5179  5194 D QcrilMsgTunnelSocket: Rcvd UNSOL response with 28 bytes data for SUB0
08-05 14:47:46.465  5179  5194 D QcrilMsgTunnelSocket: Response ID 525295 is not served in this process.
08-05 14:47:46.465  5179  5194 D QcrilMsgTunnelSocket: To broadcast an Intent via the notifier to external apps
08-05 14:47:46.465  5179  5179 D QcrilMsgTunnelIfaceManager: handleMessage what = 0
08-05 14:47:46.466  5179  5179 D QcrilMsgTunnelIfaceManager: Broadcasting intent ACTION_UNSOL_RESPONSE_OEM_HOOK_RAW
08-05 14:47:46.469  5164  5164 D QC_RIL_OEM_HOOK: Received Broadcast Intent ACTION_UNSOL_RESPONSE_OEM_HOOK_RAW
08-05 14:47:46.469  5164  5164 D QC_RIL_OEM_HOOK: Oem ID in QCRILHOOK UNSOL RESP is QOEMHOOK
08-05 14:47:46.503  7308  9116 I art     : Explicit concurrent mark sweep GC freed 61(2496B) AllocSpace objects, 0(0B) LOS objects, 8% free, 182MB/198MB, paused 1.241ms total 47.060ms
08-05 14:47:46.522  7308  9116 I art     : Starting a blocking GC Explicit
08-05 14:47:46.575  7308  9116 I art     : Explicit concurrent mark sweep GC freed 3(96B) AllocSpace objects, 0(0B) LOS objects, 8% free, 182MB/198MB, paused 1.238ms total 53.062ms
08-05 14:47:46.596  7308  9116 I art     : Starting a blocking GC Explicit
08-05 14:47:46.651  7308  9116 I art     : Explicit concurrent mark sweep GC freed 3(96B) AllocSpace objects, 0(0B) LOS objects, 8% free, 182MB/198MB, paused 1.242ms total 54.643ms
08-05 14:47:46.669  7308  9116 I art     : Starting a blocking GC Explicit
08-05 14:47:46.720  7308  9116 I art     : Explicit concurrent mark sweep GC freed 16(704B) AllocSpace objects, 0(0B) LOS objects, 8% free, 182MB/198MB, paused 1.069ms total 50.456ms
08-05 14:47:47.112  7308  7321 I art     : Starting a blocking GC Explicit
08-05 14:47:47.172  7308  7321 I art     : Explicit concurrent mark sweep GC freed 1627(93KB) AllocSpace objects, 2(36KB) LOS objects, 8% free, 182MB/198MB, paused 1.384ms total 60.039ms
08-05 14:47:47.192  7308  7321 I art     : Starting a blocking GC Explicit
08-05 14:47:47.243  7308  7321 I art     : Explicit concurrent mark sweep GC freed 28(1024B) AllocSpace objects, 0(0B) LOS objects, 8% free, 182MB/198MB, paused 1.230ms total 50.077ms
08-05 14:47:47.260  9345  9345 D AndroidRuntime: >>>>>> START com.android.internal.os.RuntimeInit uid 2000 <<<<<<
08-05 14:47:47.262  7308  7321 I art     : Starting a blocking GC Explicit
08-05 14:47:47.266  9345  9345 D AndroidRuntime: CheckJNI is OFF
08-05 14:47:47.311  7308  7321 I art     : Explicit concurrent mark sweep GC freed 15(752B) AllocSpace objects, 0(0B) LOS objects, 8% free, 182MB/198MB, paused 1.250ms total 49.098ms
08-05 14:47:47.311  9345  9345 D ICU     : No timezone override file found: /data/misc/zoneinfo/current/icu/icu_tzdata.dat
08-05 14:47:47.329  7308  7321 I art     : Starting a blocking GC Explicit
08-05 14:47:47.358  9345  9345 I Radio-JNI: register_android_hardware_Radio DONE
08-05 14:47:47.379  7308  7321 I art     : Explicit concurrent mark sweep GC freed 13(640B) AllocSpace objects, 0(0B) LOS objects, 8% free, 182MB/198MB, paused 1.284ms total 49.973ms
08-05 14:47:47.388  9345  9345 D AndroidRuntime: Calling main entry com.android.commands.input.Input
08-05 14:47:47.390  9345  9345 I Input   : injectMotionEvent: MotionEvent { action=ACTION_DOWN, actionButton=0, id[0]=0, x[0]=1341.0, y[0]=197.0, toolType[0]=TOOL_TYPE_UNKNOWN, buttonState=0, metaState=0, flags=0x0, edgeFlags=0x0, pointerCount=1, historySize=0, eventTime=802083803, downTime=802083803, deviceId=0, source=0x1002 }
08-05 14:47:47.396  9345  9345 I Input   : injectMotionEvent: MotionEvent { action=ACTION_UP, actionButton=0, id[0]=0, x[0]=1341.0, y[0]=197.0, toolType[0]=TOOL_TYPE_UNKNOWN, buttonState=0, metaState=0, flags=0x0, edgeFlags=0x0, pointerCount=1, historySize=0, eventTime=802083803, downTime=802083803, deviceId=0, source=0x1002 }
08-05 14:47:47.397  7308  7321 I art     : Starting a blocking GC Explicit
08-05 14:47:47.399  9345  9345 D AndroidRuntime: Shutting down VM
08-05 14:47:47.412   512  2967 D audio_hw_primary: out_set_parameters: enter: usecase(1: low-latency-playback) kvpairs: routing=2
08-05 14:47:47.415   918  5481 I ActivityManager: START u0 {cmp=baseline.io.github.project_travel_mate/.notifications.NotificationsActivity} from uid 10674 on display 0
08-05 14:47:47.425   512  2967 D audio_hw_primary: select_devices: out_snd_device(2: speaker) in_snd_device(0: none)
08-05 14:47:47.425   512  2967 D msm8974_platform: platform_send_audio_calibration: sending audio calibration for snd_device(2) acdb_id(15)
08-05 14:47:47.426   512  2967 I soundtrigger: audio_extn_sound_trigger_update_device_status: device 0x2 of type 0 for Event 1
08-05 14:47:47.439   512  2967 D audio_hw_primary: enable_snd_device: snd_device(2: speaker)
08-05 14:47:47.441   512  2967 D audio_hw_primary: enable_audio_route: apply and update mixer path: low-latency-playback speaker
08-05 14:47:47.449  7308  7321 I art     : Explicit concurrent mark sweep GC freed 543(30KB) AllocSpace objects, 0(0B) LOS objects, 8% free, 182MB/198MB, paused 1.505ms total 52.028ms
08-05 14:47:47.460  7308  7381 D Gabe    : call	returning from cache
08-05 14:47:47.468  7308  7308 V EXECUTING: https://project-travel-mate.herokuapp.com/api/get-notifications
08-05 14:47:47.474  7308  7308 V EXECUTING: https://project-travel-mate.herokuapp.com/api/get-notifications
08-05 14:47:47.532   918  3261 D WifiStateMachine: starting scan for "H369AA63323"WPA_PSK with 2412,5180
08-05 14:47:47.626   918   936 I ActivityManager: Displayed baseline.io.github.project_travel_mate/.notifications.NotificationsActivity: +202ms
08-05 14:47:47.630 13866 13866 I GoogleInputMethodServic: GoogleInputMethodService.onFinishInput():3138 
08-05 14:47:47.631 13866 13866 I GoogleInputMethodServic: GoogleInputMethodService.onStartInput():1808 
08-05 14:47:47.737  7308  7324 D OpenGLRenderer: endAllStagingAnimators on 0x7f7753c400 (RippleDrawable) with handle 0x7f7c0b9100
08-05 14:47:47.815  7308  7328 I art     : Starting a blocking GC Explicit
08-05 14:47:47.874  7308  7328 I art     : Explicit concurrent mark sweep GC freed 3619(203KB) AllocSpace objects, 2(36KB) LOS objects, 7% free, 187MB/203MB, paused 1.346ms total 58.277ms
08-05 14:47:47.877   380   380 W SurfaceFlinger: couldn't log to binary event log: overflow.
08-05 14:47:47.895  7308  7328 I art     : Starting a blocking GC Explicit
08-05 14:47:47.939  7308  7328 I art     : Explicit concurrent mark sweep GC freed 348(12KB) AllocSpace objects, 0(0B) LOS objects, 7% free, 187MB/203MB, paused 1.263ms total 43.831ms
08-05 14:47:47.957  7308  7328 I art     : Starting a blocking GC Explicit
08-05 14:47:47.979   512  2967 D audio_hw_primary: disable_audio_route: reset and update mixer path: low-latency-playback speaker
08-05 14:47:47.981   512  2967 D audio_hw_primary: disable_snd_device: snd_device(2: speaker)
08-05 14:47:47.989   512  2967 I soundtrigger: audio_extn_sound_trigger_update_device_status: device 0x2 of type 0 for Event 0
08-05 14:47:48.005  7308  7328 I art     : Explicit concurrent mark sweep GC freed 137(2304B) AllocSpace objects, 0(0B) LOS objects, 7% free, 187MB/203MB, paused 1.580ms total 48.247ms
08-05 14:47:48.023  7308  7328 I art     : Starting a blocking GC Explicit
08-05 14:47:48.069  7308  7328 I art     : Explicit concurrent mark sweep GC freed 37(848B) AllocSpace objects, 0(0B) LOS objects, 7% free, 187MB/203MB, paused 1.489ms total 45.654ms
08-05 14:47:48.087  7308  7328 I art     : Starting a blocking GC Explicit
08-05 14:47:48.134  7308  7328 I art     : Explicit concurrent mark sweep GC freed 193(5KB) AllocSpace objects, 0(0B) LOS objects, 7% free, 187MB/203MB, paused 1.591ms total 46.964ms
08-05 14:47:48.281  7308  9371 I NAPPA_EXPERIMENTATION: MetricNetworkRequestExecutionTime: REQUEST_DURATION_SYSTEM='812',REQUEST_DURATION_OKHTTP='59',REQUEST_SYNCHRONOUS='FALSE',RESPONSE_CODE='200',RESPONSE_METHOD='GET',RESPONSE_LENGTH_OKHTTP='2',RESPONSE_LENGTH_HEADER='2',REQUEST_PROTOCOL='http/1.1',REQUEST_URL='https://project-travel-mate.herokuapp.com/api/get-notifications',
08-05 14:47:48.294  7308  9372 I NAPPA_EXPERIMENTATION: MetricNetworkRequestExecutionTime: REQUEST_DURATION_SYSTEM='819',REQUEST_DURATION_OKHTTP='75',REQUEST_SYNCHRONOUS='FALSE',RESPONSE_CODE='200',RESPONSE_METHOD='GET',RESPONSE_LENGTH_OKHTTP='2',RESPONSE_LENGTH_HEADER='2',REQUEST_PROTOCOL='http/1.1',REQUEST_URL='https://project-travel-mate.herokuapp.com/api/get-notifications',
08-05 14:47:48.420  7308  7308 V Response: [] 
08-05 14:47:48.445  7308  7308 V Response: [] 
08-05 14:47:48.454  7308  7381 W LOTTIE  : Animation contains merge paths. Merge paths are only supported on KitKat+ and must be manually enabled by calling enableMergePathsForKitKatAndAbove().
08-05 14:47:48.462  7308  7381 W LOTTIE  : Animation contains merge paths. Merge paths are only supported on KitKat+ and must be manually enabled by calling enableMergePathsForKitKatAndAbove().
08-05 14:47:48.465  7308  7381 W LOTTIE  : Animation contains merge paths. Merge paths are only supported on KitKat+ and must be manually enabled by calling enableMergePathsForKitKatAndAbove().
08-05 14:47:48.468  7308  7381 W LOTTIE  : Animation contains merge paths. Merge paths are only supported on KitKat+ and must be manually enabled by calling enableMergePathsForKitKatAndAbove().
08-05 14:47:48.471  7308  7381 W LOTTIE  : Animation contains merge paths. Merge paths are only supported on KitKat+ and must be manually enabled by calling enableMergePathsForKitKatAndAbove().
08-05 14:47:48.473  7308  7381 W LOTTIE  : Animation contains merge paths. Merge paths are only supported on KitKat+ and must be manually enabled by calling enableMergePathsForKitKatAndAbove().
08-05 14:47:48.476  7308  7381 W LOTTIE  : Animation contains merge paths. Merge paths are only supported on KitKat+ and must be manually enabled by calling enableMergePathsForKitKatAndAbove().
08-05 14:47:48.478  7308  7308 W LOTTIE  : Animation contains merge paths but they are disabled.
08-05 14:47:48.487  7308  7322 I art     : Starting a blocking GC Explicit
08-05 14:47:48.536  7308  7322 I art     : Explicit concurrent mark sweep GC freed 16771(796KB) AllocSpace objects, 10(800KB) LOS objects, 7% free, 187MB/203MB, paused 1.361ms total 49.326ms
08-05 14:47:48.554  7308  7322 I art     : Starting a blocking GC Explicit
08-05 14:47:48.564  2820  2820 I ServiceManager: Waiting for service AtCmdFwd...
08-05 14:47:48.599  7308  7322 I art     : Explicit concurrent mark sweep GC freed 3776(305KB) AllocSpace objects, 0(0B) LOS objects, 7% free, 187MB/203MB, paused 1.384ms total 44.931ms
08-05 14:47:48.617  7308  7322 I art     : Starting a blocking GC Explicit
08-05 14:47:48.660  7308  7322 I art     : Explicit concurrent mark sweep GC freed 278(4KB) AllocSpace objects, 0(0B) LOS objects, 7% free, 187MB/203MB, paused 1.128ms total 43.593ms
08-05 14:47:48.678  7308  7322 I art     : Starting a blocking GC Explicit
08-05 14:47:48.720  7308  7322 I art     : Explicit concurrent mark sweep GC freed 309(5KB) AllocSpace objects, 0(0B) LOS objects, 7% free, 187MB/203MB, paused 1.262ms total 42.441ms
08-05 14:47:48.737  7308  7322 I art     : Starting a blocking GC Explicit
08-05 14:47:48.780  7308  7322 I art     : Explicit concurrent mark sweep GC freed 315(7KB) AllocSpace objects, 0(0B) LOS objects, 7% free, 187MB/203MB, paused 1.252ms total 42.364ms
08-05 14:47:49.163  7308  7321 I art     : Starting a blocking GC Explicit
08-05 14:47:49.208  7308  7321 I art     : Explicit concurrent mark sweep GC freed 3633(134KB) AllocSpace objects, 2(36KB) LOS objects, 7% free, 187MB/203MB, paused 1.143ms total 43.975ms
08-05 14:47:49.225  7308  7321 I art     : Starting a blocking GC Explicit
08-05 14:47:49.269  7308  7321 I art     : Explicit concurrent mark sweep GC freed 316(6KB) AllocSpace objects, 0(0B) LOS objects, 7% free, 187MB/203MB, paused 1.195ms total 43.169ms
08-05 14:47:49.286  7308  7321 I art     : Starting a blocking GC Explicit
08-05 14:47:49.329  7308  7321 I art     : Explicit concurrent mark sweep GC freed 237(3KB) AllocSpace objects, 0(0B) LOS objects, 7% free, 187MB/203MB, paused 1.543ms total 42.620ms
08-05 14:47:49.346  7308  7321 I art     : Starting a blocking GC Explicit
08-05 14:47:49.390  7308  7321 I art     : Explicit concurrent mark sweep GC freed 285(4KB) AllocSpace objects, 0(0B) LOS objects, 7% free, 187MB/203MB, paused 1.088ms total 43.461ms
08-05 14:47:49.407  7308  7321 I art     : Starting a blocking GC Explicit
08-05 14:47:49.450  7308  7321 I art     : Explicit concurrent mark sweep GC freed 242(3KB) AllocSpace objects, 0(0B) LOS objects, 7% free, 187MB/203MB, paused 1.427ms total 42.366ms
08-05 14:47:49.564  2820  2820 I ServiceManager: Waiting for service AtCmdFwd...
08-05 14:47:49.842  7308  7321 I art     : Starting a blocking GC Explicit
08-05 14:47:49.887  7308  7321 I art     : Explicit concurrent mark sweep GC freed 3474(122KB) AllocSpace objects, 2(36KB) LOS objects, 7% free, 187MB/203MB, paused 1.183ms total 45.417ms
08-05 14:47:49.905  7308  7321 I art     : Starting a blocking GC Explicit
08-05 14:47:49.947  7308  7321 I art     : Explicit concurrent mark sweep GC freed 239(4KB) AllocSpace objects, 0(0B) LOS objects, 7% free, 187MB/203MB, paused 1.234ms total 42.313ms
08-05 14:47:49.965  7308  7321 I art     : Starting a blocking GC Explicit
08-05 14:47:50.008  7308  7321 I art     : Explicit concurrent mark sweep GC freed 282(4KB) AllocSpace objects, 0(0B) LOS objects, 7% free, 187MB/203MB, paused 1.123ms total 43.434ms
08-05 14:47:50.025  7308  7321 I art     : Starting a blocking GC Explicit
08-05 14:47:50.068  7308  7321 I art     : Explicit concurrent mark sweep GC freed 274(4KB) AllocSpace objects, 0(0B) LOS objects, 7% free, 187MB/203MB, paused 1.293ms total 41.866ms
08-05 14:47:50.084  7308  7321 I art     : Starting a blocking GC Explicit
08-05 14:47:50.126  7308  7321 I art     : Explicit concurrent mark sweep GC freed 222(3KB) AllocSpace objects, 0(0B) LOS objects, 7% free, 187MB/203MB, paused 1.060ms total 41.409ms
08-05 14:47:50.508  7308  7321 I art     : Starting a blocking GC Explicit
08-05 14:47:50.553  7308  7321 I art     : Explicit concurrent mark sweep GC freed 3399(121KB) AllocSpace objects, 2(36KB) LOS objects, 7% free, 187MB/203MB, paused 1.223ms total 44.289ms
08-05 14:47:50.565  2820  2820 I ServiceManager: Waiting for service AtCmdFwd...
08-05 14:47:50.570  7308  7321 I art     : Starting a blocking GC Explicit
08-05 14:47:50.616  7308  7321 I art     : Explicit concurrent mark sweep GC freed 272(5KB) AllocSpace objects, 0(0B) LOS objects, 7% free, 187MB/203MB, paused 1.253ms total 45.308ms
08-05 14:47:50.633  7308  7321 I art     : Starting a blocking GC Explicit
08-05 14:47:50.678  7308  7321 I art     : Explicit concurrent mark sweep GC freed 287(4KB) AllocSpace objects, 0(0B) LOS objects, 7% free, 187MB/203MB, paused 1.235ms total 44.471ms
08-05 14:47:50.696  7308  7321 I art     : Starting a blocking GC Explicit
08-05 14:47:50.741  7308  7321 I art     : Explicit concurrent mark sweep GC freed 294(4KB) AllocSpace objects, 0(0B) LOS objects, 7% free, 187MB/203MB, paused 1.346ms total 45.419ms
08-05 14:47:50.742  7308  7320 I art     : WaitForGcToComplete blocked for 45.592ms for cause HeapTrim
08-05 14:47:50.759  7308  7321 I art     : Starting a blocking GC Explicit
08-05 14:47:50.803  7308  7321 I art     : Explicit concurrent mark sweep GC freed 227(3KB) AllocSpace objects, 0(0B) LOS objects, 7% free, 187MB/203MB, paused 1.268ms total 44.147ms
08-05 14:47:51.203  7308  9116 I art     : Starting a blocking GC Explicit
08-05 14:47:51.247  7308  9116 I art     : Explicit concurrent mark sweep GC freed 3492(122KB) AllocSpace objects, 2(36KB) LOS objects, 7% free, 187MB/203MB, paused 1.093ms total 44.390ms
08-05 14:47:51.265  7308  9116 I art     : Starting a blocking GC Explicit
08-05 14:47:51.308  7308  9116 I art     : Explicit concurrent mark sweep GC freed 308(5KB) AllocSpace objects, 0(0B) LOS objects, 7% free, 187MB/203MB, paused 1.606ms total 42.556ms
08-05 14:47:51.325  7308  9116 I art     : Starting a blocking GC Explicit
08-05 14:47:51.369  7308  9116 I art     : Explicit concurrent mark sweep GC freed 278(4KB) AllocSpace objects, 0(0B) LOS objects, 7% free, 187MB/203MB, paused 1.224ms total 43.727ms
08-05 14:47:51.386  7308  9116 I art     : Starting a blocking GC Explicit
08-05 14:47:51.428  7308  9116 I art     : Explicit concurrent mark sweep GC freed 218(3KB) AllocSpace objects, 0(0B) LOS objects, 7% free, 187MB/203MB, paused 1.194ms total 41.437ms
08-05 14:47:51.445  7308  9116 I art     : Starting a blocking GC Explicit
08-05 14:47:51.487  7308  9116 I art     : Explicit concurrent mark sweep GC freed 276(4KB) AllocSpace objects, 0(0B) LOS objects, 7% free, 187MB/203MB, paused 1.282ms total 41.762ms
08-05 14:47:51.565  2820  2820 I ServiceManager: Waiting for service AtCmdFwd...
08-05 14:47:51.863  7308  7321 I art     : Starting a blocking GC Explicit
08-05 14:47:51.907  7308  7321 I art     : Explicit concurrent mark sweep GC freed 3383(121KB) AllocSpace objects, 2(36KB) LOS objects, 7% free, 187MB/203MB, paused 1.154ms total 43.534ms
08-05 14:47:51.925  7308  7321 I art     : Starting a blocking GC Explicit
08-05 14:47:51.968  7308  7321 I art     : Explicit concurrent mark sweep GC freed 277(5KB) AllocSpace objects, 0(0B) LOS objects, 7% free, 187MB/203MB, paused 1.378ms total 43.060ms
08-05 14:47:51.985  7308  7321 I art     : Starting a blocking GC Explicit
08-05 14:47:52.029  7308  7321 I art     : Explicit concurrent mark sweep GC freed 304(5KB) AllocSpace objects, 0(0B) LOS objects, 7% free, 187MB/203MB, paused 1.121ms total 43.283ms
08-05 14:47:52.047  7308  7321 I art     : Starting a blocking GC Explicit
08-05 14:47:52.091  7308  7321 I art     : Explicit concurrent mark sweep GC freed 285(4KB) AllocSpace objects, 0(0B) LOS objects, 7% free, 187MB/203MB, paused 1.272ms total 43.787ms
08-05 14:47:52.108  7308  7321 I art     : Starting a blocking GC Explicit
08-05 14:47:52.152  7308  7321 I art     : Explicit concurrent mark sweep GC freed 393(14KB) AllocSpace objects, 0(0B) LOS objects, 7% free, 187MB/203MB, paused 1.333ms total 43.935ms
08-05 14:47:52.155  9439  9439 D AndroidRuntime: >>>>>> START com.android.internal.os.RuntimeInit uid 2000 <<<<<<
08-05 14:47:52.160  9439  9439 D AndroidRuntime: CheckJNI is OFF
08-05 14:47:52.198  9439  9439 D ICU     : No timezone override file found: /data/misc/zoneinfo/current/icu/icu_tzdata.dat
08-05 14:47:52.236  9439  9439 I Radio-JNI: register_android_hardware_Radio DONE
08-05 14:47:52.263  9439  9439 D AndroidRuntime: Calling main entry com.android.commands.input.Input
08-05 14:47:52.265  9439  9439 I Input   : injectKeyEvent: KeyEvent { action=ACTION_DOWN, keyCode=KEYCODE_BACK, scanCode=0, metaState=0, flags=0x0, repeatCount=0, eventTime=802088678, downTime=802088678, deviceId=-1, source=0x101 }
08-05 14:47:52.275  9439  9439 I Input   : injectKeyEvent: KeyEvent { action=ACTION_UP, keyCode=KEYCODE_BACK, scanCode=0, metaState=0, flags=0x0, repeatCount=0, eventTime=802088678, downTime=802088678, deviceId=-1, source=0x101 }
08-05 14:47:52.282  9439  9439 D AndroidRuntime: Shutting down VM
08-05 14:47:52.299  7308  7308 V MainActivity: url = https://project-travel-mate.herokuapp.com/api/number-of-unread-notifications
08-05 14:47:52.337 13866 13866 I GoogleInputMethodServic: GoogleInputMethodService.onFinishInput():3138 
08-05 14:47:52.337 13866 13866 I GoogleInputMethodServic: GoogleInputMethodService.onStartInput():1808 
08-05 14:47:52.527  7308  7568 I art     : Starting a blocking GC Explicit
08-05 14:47:52.566  2820  2820 I ServiceManager: Waiting for service AtCmdFwd...
08-05 14:47:52.589  7308  7568 I art     : Explicit concurrent mark sweep GC freed 3050(130KB) AllocSpace objects, 2(36KB) LOS objects, 7% free, 187MB/203MB, paused 1.545ms total 61.330ms
08-05 14:47:52.609  7308  7568 I art     : Starting a blocking GC Explicit
08-05 14:47:52.648   380   380 W SurfaceFlinger: couldn't log to binary event log: overflow.
08-05 14:47:52.662  7308  7568 I art     : Explicit concurrent mark sweep GC freed 118(4KB) AllocSpace objects, 0(0B) LOS objects, 7% free, 187MB/203MB, paused 1.334ms total 52.739ms
08-05 14:47:52.681  7308  7568 I art     : Starting a blocking GC Explicit
08-05 14:47:52.732  7308  7568 I art     : Explicit concurrent mark sweep GC freed 14(512B) AllocSpace objects, 1(4MB) LOS objects, 8% free, 183MB/199MB, paused 1.351ms total 50.408ms
08-05 14:47:52.750  7308  7568 I art     : Starting a blocking GC Explicit
08-05 14:47:52.800  7308  7568 I art     : Explicit concurrent mark sweep GC freed 3733(177KB) AllocSpace objects, 2(56KB) LOS objects, 8% free, 183MB/199MB, paused 1.290ms total 49.791ms
08-05 14:47:52.811   518   646 I ThermalEngine: ACTION: GPU - Setting GPU[0] to 390000000
08-05 14:47:52.827  7308  7568 I art     : Starting a blocking GC Explicit
08-05 14:47:52.890  7308  7568 I art     : Explicit concurrent mark sweep GC freed 34(928B) AllocSpace objects, 0(0B) LOS objects, 8% free, 183MB/199MB, paused 2.008ms total 62.810ms
08-05 14:47:53.177  7308  9462 I NAPPA_EXPERIMENTATION: MetricNetworkRequestExecutionTime: REQUEST_DURATION_SYSTEM='877',REQUEST_DURATION_OKHTTP='36',REQUEST_SYNCHRONOUS='FALSE',RESPONSE_CODE='200',RESPONSE_METHOD='GET',RESPONSE_LENGTH_OKHTTP='36',RESPONSE_LENGTH_HEADER='36',REQUEST_PROTOCOL='http/1.1',REQUEST_URL='https://project-travel-mate.herokuapp.com/api/number-of-unread-notifications',
08-05 14:47:53.352  7308  7321 I art     : Starting a blocking GC Explicit
08-05 14:47:53.431  7308  7321 I art     : Explicit concurrent mark sweep GC freed 4396(240KB) AllocSpace objects, 5(236KB) LOS objects, 8% free, 183MB/199MB, paused 2.011ms total 77.887ms
08-05 14:47:53.456  7308  7321 I art     : Starting a blocking GC Explicit
08-05 14:47:53.524  7308  7321 I art     : Explicit concurrent mark sweep GC freed 972(117KB) AllocSpace objects, 0(0B) LOS objects, 8% free, 183MB/199MB, paused 2.768ms total 67.523ms
08-05 14:47:53.552  7308  7321 I art     : Starting a blocking GC Explicit
08-05 14:47:53.566  2820  2820 W Atfwd_Sendcmd: AtCmdFwd service not published, waiting... retryCnt : 2
08-05 14:47:53.611  7308  7321 I art     : Explicit concurrent mark sweep GC freed 3(96B) AllocSpace objects, 0(0B) LOS objects, 8% free, 183MB/199MB, paused 1.863ms total 58.835ms
08-05 14:47:53.635  7308  7321 I art     : Starting a blocking GC Explicit
08-05 14:47:53.697  7308  7321 I art     : Explicit concurrent mark sweep GC freed 3(96B) AllocSpace objects, 0(0B) LOS objects, 8% free, 183MB/199MB, paused 1.834ms total 61.114ms
08-05 14:47:53.722  7308  7321 I art     : Starting a blocking GC Explicit
08-05 14:47:53.783  7308  7321 I art     : Explicit concurrent mark sweep GC freed 3(96B) AllocSpace objects, 0(0B) LOS objects, 8% free, 183MB/199MB, paused 1.862ms total 61.344ms
08-05 14:47:54.142  5179  5194 D QcrilMsgTunnelSocket: readRilMessage: Buffer = [B@671e81d HexData = [010000000404000011000000514f454d484f4f4bef0308000100000003]
08-05 14:47:54.142  5179  5194 D QcrilMsgTunnelSocket: Rcvd UNSOL response with 28 bytes data for SUB0
08-05 14:47:54.142  5179  5194 D QcrilMsgTunnelSocket: Response ID 525295 is not served in this process.
08-05 14:47:54.142  5179  5194 D QcrilMsgTunnelSocket: To broadcast an Intent via the notifier to external apps
08-05 14:47:54.143  5179  5179 D QcrilMsgTunnelIfaceManager: handleMessage what = 0
08-05 14:47:54.143  5179  5179 D QcrilMsgTunnelIfaceManager: Broadcasting intent ACTION_UNSOL_RESPONSE_OEM_HOOK_RAW
08-05 14:47:54.145  5164  5164 D QC_RIL_OEM_HOOK: Received Broadcast Intent ACTION_UNSOL_RESPONSE_OEM_HOOK_RAW
08-05 14:47:54.146  5164  5164 D QC_RIL_OEM_HOOK: Oem ID in QCRILHOOK UNSOL RESP is QOEMHOOK
08-05 14:47:54.159  9483  9483 D AndroidRuntime: >>>>>> START com.android.internal.os.RuntimeInit uid 2000 <<<<<<
08-05 14:47:54.165  9483  9483 D AndroidRuntime: CheckJNI is OFF
08-05 14:47:54.220  9483  9483 D ICU     : No timezone override file found: /data/misc/zoneinfo/current/icu/icu_tzdata.dat
08-05 14:47:54.227  7308  9116 I art     : Starting a blocking GC Explicit
08-05 14:47:54.265  9483  9483 I Radio-JNI: register_android_hardware_Radio DONE
08-05 14:47:54.289  7308  9116 I art     : Explicit concurrent mark sweep GC freed 1613(92KB) AllocSpace objects, 2(36KB) LOS objects, 8% free, 183MB/199MB, paused 2.083ms total 61.794ms
08-05 14:47:54.297  9483  9483 D AndroidRuntime: Calling main entry com.android.commands.input.Input
08-05 14:47:54.300  9483  9483 I Input   : injectMotionEvent: MotionEvent { action=ACTION_DOWN, actionButton=0, id[0]=0, x[0]=117.0, y[0]=170.0, toolType[0]=TOOL_TYPE_UNKNOWN, buttonState=0, metaState=0, flags=0x0, edgeFlags=0x0, pointerCount=1, historySize=0, eventTime=802090712, downTime=802090712, deviceId=0, source=0x1002 }
08-05 14:47:54.306  9483  9483 I Input   : injectMotionEvent: MotionEvent { action=ACTION_UP, actionButton=0, id[0]=0, x[0]=117.0, y[0]=170.0, toolType[0]=TOOL_TYPE_UNKNOWN, buttonState=0, metaState=0, flags=0x0, edgeFlags=0x0, pointerCount=1, historySize=0, eventTime=802090712, downTime=802090712, deviceId=0, source=0x1002 }
08-05 14:47:54.309  9483  9483 D AndroidRuntime: Shutting down VM
08-05 14:47:54.313  7308  9116 I art     : Starting a blocking GC Explicit
08-05 14:47:54.323   512  2967 D audio_hw_primary: out_set_parameters: enter: usecase(1: low-latency-playback) kvpairs: routing=2
08-05 14:47:54.336   512  2967 D audio_hw_primary: select_devices: out_snd_device(2: speaker) in_snd_device(0: none)
08-05 14:47:54.336   512  2967 D msm8974_platform: platform_send_audio_calibration: sending audio calibration for snd_device(2) acdb_id(15)
08-05 14:47:54.337   512  2967 I soundtrigger: audio_extn_sound_trigger_update_device_status: device 0x2 of type 0 for Event 1
08-05 14:47:54.343   918  3188 I hubconnection: sensorhub said: 'set_bias 3: -6.0096, 0.0000, 0.0000'
08-05 14:47:54.351   512  2967 D audio_hw_primary: enable_snd_device: snd_device(2: speaker)
08-05 14:47:54.353   512  2967 D audio_hw_primary: enable_audio_route: apply and update mixer path: low-latency-playback speaker
08-05 14:47:54.379  7308  9116 I art     : Explicit concurrent mark sweep GC freed 52(1792B) AllocSpace objects, 0(0B) LOS objects, 8% free, 183MB/199MB, paused 2.150ms total 65.088ms
08-05 14:47:54.405  7308  9116 I art     : Starting a blocking GC Explicit
08-05 14:47:54.469  7308  9116 I art     : Explicit concurrent mark sweep GC freed 390(20KB) AllocSpace objects, 0(0B) LOS objects, 8% free, 183MB/199MB, paused 1.905ms total 63.724ms
08-05 14:47:54.495  7308  9116 I art     : Starting a blocking GC Explicit
08-05 14:47:54.560  7308  9116 I art     : Explicit concurrent mark sweep GC freed 25(1104B) AllocSpace objects, 0(0B) LOS objects, 8% free, 183MB/199MB, paused 1.934ms total 65.190ms
08-05 14:47:54.587  7308  9116 I art     : Starting a blocking GC Explicit
08-05 14:47:54.644  7308  9116 I art     : Explicit concurrent mark sweep GC freed 5(160B) AllocSpace objects, 0(0B) LOS objects, 8% free, 183MB/199MB, paused 1.687ms total 56.069ms
08-05 14:47:54.814   518   646 I ThermalEngine: ACTION: GPU - Setting GPU[0] to 450000000
08-05 14:47:54.898   512  2967 D audio_hw_primary: disable_audio_route: reset and update mixer path: low-latency-playback speaker
08-05 14:47:54.899   512  2967 D audio_hw_primary: disable_snd_device: snd_device(2: speaker)
08-05 14:47:54.908   512  2967 I soundtrigger: audio_extn_sound_trigger_update_device_status: device 0x2 of type 0 for Event 0
08-05 14:47:55.045  7308  9116 I art     : Starting a blocking GC Explicit
08-05 14:47:55.095  7308  9116 I art     : Explicit concurrent mark sweep GC freed 1616(92KB) AllocSpace objects, 2(36KB) LOS objects, 8% free, 183MB/199MB, paused 1.221ms total 49.878ms
08-05 14:47:55.111  9513  9513 D AndroidRuntime: >>>>>> START com.android.internal.os.RuntimeInit uid 2000 <<<<<<
08-05 14:47:55.114  7308  9116 I art     : Starting a blocking GC Explicit
08-05 14:47:55.116  9513  9513 D AndroidRuntime: CheckJNI is OFF
08-05 14:47:55.160  9513  9513 D ICU     : No timezone override file found: /data/misc/zoneinfo/current/icu/icu_tzdata.dat
08-05 14:47:55.163  7308  9116 I art     : Explicit concurrent mark sweep GC freed 50(2000B) AllocSpace objects, 0(0B) LOS objects, 8% free, 183MB/199MB, paused 1.359ms total 48.792ms
08-05 14:47:55.181  7308  9116 I art     : Starting a blocking GC Explicit
08-05 14:47:55.203  9513  9513 I Radio-JNI: register_android_hardware_Radio DONE
08-05 14:47:55.228  7308  9116 I art     : Explicit concurrent mark sweep GC freed 13(640B) AllocSpace objects, 0(0B) LOS objects, 8% free, 183MB/199MB, paused 1.220ms total 47.037ms
08-05 14:47:55.232  9513  9513 D AndroidRuntime: Calling main entry com.android.commands.input.Input
08-05 14:47:55.235  9513  9513 I Input   : injectMotionEvent: MotionEvent { action=ACTION_DOWN, actionButton=0, id[0]=0, x[0]=418.0, y[0]=842.0, toolType[0]=TOOL_TYPE_UNKNOWN, buttonState=0, metaState=0, flags=0x0, edgeFlags=0x0, pointerCount=1, historySize=0, eventTime=802091647, downTime=802091647, deviceId=0, source=0x1002 }
08-05 14:47:55.239  9513  9513 I Input   : injectMotionEvent: MotionEvent { action=ACTION_UP, actionButton=0, id[0]=0, x[0]=418.0, y[0]=842.0, toolType[0]=TOOL_TYPE_UNKNOWN, buttonState=0, metaState=0, flags=0x0, edgeFlags=0x0, pointerCount=1, historySize=0, eventTime=802091647, downTime=802091647, deviceId=0, source=0x1002 }
08-05 14:47:55.241  9513  9513 D AndroidRuntime: Shutting down VM
08-05 14:47:55.247  7308  9116 I art     : Starting a blocking GC Explicit
08-05 14:47:55.255   512  2967 D audio_hw_primary: out_set_parameters: enter: usecase(1: low-latency-playback) kvpairs: routing=2
08-05 14:47:55.259  7308  7381 D Gabe    : call	returning from cache
08-05 14:47:55.268   512  2967 D audio_hw_primary: select_devices: out_snd_device(2: speaker) in_snd_device(0: none)
08-05 14:47:55.269   512  2967 D msm8974_platform: platform_send_audio_calibration: sending audio calibration for snd_device(2) acdb_id(15)
08-05 14:47:55.269   512  2967 I soundtrigger: audio_extn_sound_trigger_update_device_status: device 0x2 of type 0 for Event 1
08-05 14:47:55.279   512  2967 D audio_hw_primary: enable_snd_device: snd_device(2: speaker)
08-05 14:47:55.280  7308  7308 V MainActivity: url = https://project-travel-mate.herokuapp.com/api/number-of-unread-notifications
08-05 14:47:55.281   512  2967 D audio_hw_primary: enable_audio_route: apply and update mixer path: low-latency-playback speaker
08-05 14:47:55.294  7308  9116 I art     : Explicit concurrent mark sweep GC freed 1001(49KB) AllocSpace objects, 0(0B) LOS objects, 8% free, 183MB/199MB, paused 1.764ms total 47.707ms
08-05 14:47:55.312  7308  9116 I art     : Starting a blocking GC Explicit
08-05 14:47:55.327   512  2967 D AudioFlinger: mixer(0xf4740000) throttle end: throttle time(12)
08-05 14:47:55.361  7308  9116 I art     : Explicit concurrent mark sweep GC freed 404(28KB) AllocSpace objects, 0(0B) LOS objects, 8% free, 183MB/199MB, paused 1.770ms total 48.038ms
08-05 14:47:55.738  7308  7322 I art     : Starting a blocking GC Explicit
08-05 14:47:55.802  7308  7308 I Choreographer: Skipped 31 frames!  The application may be doing too much work on its main thread.
08-05 14:47:55.805  7308  7322 I art     : Explicit concurrent mark sweep GC freed 4947(271KB) AllocSpace objects, 2(40KB) LOS objects, 7% free, 184MB/200MB, paused 2.409ms total 65.817ms
08-05 14:47:55.819   512  2967 D audio_hw_primary: disable_audio_route: reset and update mixer path: low-latency-playback speaker
08-05 14:47:55.822  7308  7322 I art     : Starting a blocking GC Explicit
08-05 14:47:55.823   512  2967 D audio_hw_primary: disable_snd_device: snd_device(2: speaker)
08-05 14:47:55.830   512  2967 I soundtrigger: audio_extn_sound_trigger_update_device_status: device 0x2 of type 0 for Event 0
08-05 14:47:55.875  7308  7322 I art     : Explicit concurrent mark sweep GC freed 1396(75KB) AllocSpace objects, 9(252KB) LOS objects, 8% free, 183MB/199MB, paused 1.704ms total 52.119ms
08-05 14:47:55.893  7308  7322 I art     : Starting a blocking GC Explicit
08-05 14:47:55.950  7308  7322 I art     : Explicit concurrent mark sweep GC freed 260(21KB) AllocSpace objects, 0(0B) LOS objects, 8% free, 183MB/199MB, paused 1.876ms total 56.780ms
08-05 14:47:55.969  7308  7322 I art     : Starting a blocking GC Explicit
08-05 14:47:56.028  7308  7322 I art     : Explicit concurrent mark sweep GC freed 1118(39KB) AllocSpace objects, 0(0B) LOS objects, 8% free, 183MB/199MB, paused 1.311ms total 58.994ms
08-05 14:47:56.049  7308  7322 I art     : Starting a blocking GC Explicit
08-05 14:47:56.105  7308  7322 I art     : Explicit concurrent mark sweep GC freed 1543(90KB) AllocSpace objects, 2(120KB) LOS objects, 7% free, 184MB/200MB, paused 1.770ms total 55.384ms
08-05 14:47:56.154  7308  9536 I NAPPA_EXPERIMENTATION: MetricNetworkRequestExecutionTime: REQUEST_DURATION_SYSTEM='873',REQUEST_DURATION_OKHTTP='40',REQUEST_SYNCHRONOUS='FALSE',RESPONSE_CODE='200',RESPONSE_METHOD='GET',RESPONSE_LENGTH_OKHTTP='36',RESPONSE_LENGTH_HEADER='36',REQUEST_PROTOCOL='http/1.1',REQUEST_URL='https://project-travel-mate.herokuapp.com/api/number-of-unread-notifications',
08-05 14:47:56.503  7308  7328 I art     : Starting a blocking GC Explicit
08-05 14:47:56.558  7308  7328 I art     : Explicit concurrent mark sweep GC freed 4597(281KB) AllocSpace objects, 3(132KB) LOS objects, 8% free, 183MB/199MB, paused 1.303ms total 53.984ms
08-05 14:47:56.577  7308  7328 I art     : Starting a blocking GC Explicit
08-05 14:47:56.630  7308  7328 I art     : Explicit concurrent mark sweep GC freed 173(4KB) AllocSpace objects, 0(0B) LOS objects, 8% free, 183MB/199MB, paused 1.280ms total 52.613ms
08-05 14:47:56.648  7308  7328 I art     : Starting a blocking GC Explicit
08-05 14:47:56.703  7308  7328 I art     : Explicit concurrent mark sweep GC freed 99(1696B) AllocSpace objects, 0(0B) LOS objects, 8% free, 183MB/199MB, paused 1.222ms total 54.262ms
08-05 14:47:56.722  7308  7328 I art     : Starting a blocking GC Explicit
08-05 14:47:56.776  7308  7328 I art     : Explicit concurrent mark sweep GC freed 123(2096B) AllocSpace objects, 0(0B) LOS objects, 8% free, 183MB/199MB, paused 1.253ms total 53.953ms
08-05 14:47:56.795  7308  7328 I art     : Starting a blocking GC Explicit
08-05 14:47:56.852  7308  7328 I art     : Explicit concurrent mark sweep GC freed 99(1696B) AllocSpace objects, 0(0B) LOS objects, 8% free, 183MB/199MB, paused 1.297ms total 56.200ms
08-05 14:47:57.274  7308  7322 I art     : Starting a blocking GC Explicit
08-05 14:47:57.334  7308  7322 I art     : Explicit concurrent mark sweep GC freed 2357(105KB) AllocSpace objects, 2(52KB) LOS objects, 8% free, 183MB/199MB, paused 1.308ms total 59.455ms
08-05 14:47:57.354  7308  7322 I art     : Starting a blocking GC Explicit
08-05 14:47:57.415  7308  7322 I art     : Explicit concurrent mark sweep GC freed 160(3KB) AllocSpace objects, 0(0B) LOS objects, 8% free, 183MB/199MB, paused 1.350ms total 60.400ms
08-05 14:47:57.436  7308  7322 I art     : Starting a blocking GC Explicit
08-05 14:47:57.492  7308  7322 I art     : Explicit concurrent mark sweep GC freed 121(2080B) AllocSpace objects, 0(0B) LOS objects, 8% free, 183MB/199MB, paused 1.423ms total 55.307ms
08-05 14:47:57.510  7308  7322 I art     : Starting a blocking GC Explicit
08-05 14:47:57.563  7308  7322 I art     : Explicit concurrent mark sweep GC freed 103(1776B) AllocSpace objects, 0(0B) LOS objects, 8% free, 183MB/199MB, paused 1.227ms total 51.846ms
08-05 14:47:57.581  7308  7322 I art     : Starting a blocking GC Explicit
08-05 14:47:57.634  7308  7322 I art     : Explicit concurrent mark sweep GC freed 99(1696B) AllocSpace objects, 0(0B) LOS objects, 8% free, 183MB/199MB, paused 1.312ms total 53.123ms
08-05 14:47:58.025  9568  9568 D AndroidRuntime: >>>>>> START com.android.internal.os.RuntimeInit uid 2000 <<<<<<
08-05 14:47:58.031  9568  9568 D AndroidRuntime: CheckJNI is OFF
08-05 14:47:58.052  7308  9116 I art     : Starting a blocking GC Explicit
08-05 14:47:58.076  9568  9568 D ICU     : No timezone override file found: /data/misc/zoneinfo/current/icu/icu_tzdata.dat
08-05 14:47:58.111  7308  9116 I art     : Explicit concurrent mark sweep GC freed 2312(104KB) AllocSpace objects, 2(52KB) LOS objects, 8% free, 183MB/199MB, paused 1.344ms total 58.340ms
08-05 14:47:58.122  9568  9568 I Radio-JNI: register_android_hardware_Radio DONE
08-05 14:47:58.130  7308  9116 I art     : Starting a blocking GC Explicit
08-05 14:47:58.152  9568  9568 D AndroidRuntime: Calling main entry com.android.commands.input.Input
08-05 14:47:58.155  9568  9568 I Input   : injectMotionEvent: MotionEvent { action=ACTION_DOWN, actionButton=0, id[0]=0, x[0]=117.0, y[0]=170.0, toolType[0]=TOOL_TYPE_UNKNOWN, buttonState=0, metaState=0, flags=0x0, edgeFlags=0x0, pointerCount=1, historySize=0, eventTime=802094567, downTime=802094567, deviceId=0, source=0x1002 }
08-05 14:47:58.160  9568  9568 I Input   : injectMotionEvent: MotionEvent { action=ACTION_UP, actionButton=0, id[0]=0, x[0]=117.0, y[0]=170.0, toolType[0]=TOOL_TYPE_UNKNOWN, buttonState=0, metaState=0, flags=0x0, edgeFlags=0x0, pointerCount=1, historySize=0, eventTime=802094567, downTime=802094567, deviceId=0, source=0x1002 }
08-05 14:47:58.163  9568  9568 D AndroidRuntime: Shutting down VM
08-05 14:47:58.176   512  2967 D audio_hw_primary: out_set_parameters: enter: usecase(1: low-latency-playback) kvpairs: routing=2
08-05 14:47:58.186  7308  9116 I art     : Explicit concurrent mark sweep GC freed 160(3KB) AllocSpace objects, 0(0B) LOS objects, 8% free, 183MB/199MB, paused 1.405ms total 55.822ms
08-05 14:47:58.189   512  2967 D audio_hw_primary: select_devices: out_snd_device(2: speaker) in_snd_device(0: none)
08-05 14:47:58.189   512  2967 D msm8974_platform: platform_send_audio_calibration: sending audio calibration for snd_device(2) acdb_id(15)
08-05 14:47:58.189   512  2967 I soundtrigger: audio_extn_sound_trigger_update_device_status: device 0x2 of type 0 for Event 1
08-05 14:47:58.199   512  2967 D audio_hw_primary: enable_snd_device: snd_device(2: speaker)
08-05 14:47:58.202   512  2967 D audio_hw_primary: enable_audio_route: apply and update mixer path: low-latency-playback speaker
08-05 14:47:58.209  7308  9116 I art     : Starting a blocking GC Explicit
08-05 14:47:58.263  7308  9116 I art     : Explicit concurrent mark sweep GC freed 466(19KB) AllocSpace objects, 0(0B) LOS objects, 7% free, 184MB/200MB, paused 1.487ms total 53.239ms
08-05 14:47:58.281  7308  9116 I art     : Starting a blocking GC Explicit
08-05 14:47:58.331  7308  9116 I art     : Explicit concurrent mark sweep GC freed 215(6KB) AllocSpace objects, 0(0B) LOS objects, 7% free, 184MB/200MB, paused 1.179ms total 49.501ms
08-05 14:47:58.350  7308  9116 I art     : Starting a blocking GC Explicit
08-05 14:47:58.404  7308  9116 I art     : Explicit concurrent mark sweep GC freed 107(1952B) AllocSpace objects, 0(0B) LOS objects, 7% free, 184MB/200MB, paused 1.369ms total 54.019ms
08-05 14:47:58.741   512  2967 D audio_hw_primary: disable_audio_route: reset and update mixer path: low-latency-playback speaker
08-05 14:47:58.743   512  2967 D audio_hw_primary: disable_snd_device: snd_device(2: speaker)
08-05 14:47:58.752   512  2967 I soundtrigger: audio_extn_sound_trigger_update_device_status: device 0x2 of type 0 for Event 0
08-05 14:47:58.778  7308  9116 I art     : Starting a blocking GC Explicit
08-05 14:47:58.833  7308  9116 I art     : Explicit concurrent mark sweep GC freed 2243(103KB) AllocSpace objects, 2(52KB) LOS objects, 7% free, 184MB/200MB, paused 1.290ms total 54.397ms
08-05 14:47:58.852  7308  9116 I art     : Starting a blocking GC Explicit
08-05 14:47:58.905  7308  9116 I art     : Explicit concurrent mark sweep GC freed 164(3KB) AllocSpace objects, 0(0B) LOS objects, 7% free, 184MB/200MB, paused 1.200ms total 52.766ms
08-05 14:47:58.924  7308  9116 I art     : Starting a blocking GC Explicit
08-05 14:47:58.929  9592  9592 D AndroidRuntime: >>>>>> START com.android.internal.os.RuntimeInit uid 2000 <<<<<<
08-05 14:47:58.935  9592  9592 D AndroidRuntime: CheckJNI is OFF
08-05 14:47:58.977  7308  9116 I art     : Explicit concurrent mark sweep GC freed 125(2160B) AllocSpace objects, 0(0B) LOS objects, 7% free, 184MB/200MB, paused 1.382ms total 52.575ms
08-05 14:47:58.977  9592  9592 D ICU     : No timezone override file found: /data/misc/zoneinfo/current/icu/icu_tzdata.dat
08-05 14:47:58.995  7308  9116 I art     : Starting a blocking GC Explicit
08-05 14:47:59.019  9592  9592 I Radio-JNI: register_android_hardware_Radio DONE
08-05 14:47:59.047  9592  9592 D AndroidRuntime: Calling main entry com.android.commands.input.Input
08-05 14:47:59.049  7308  9116 I art     : Explicit concurrent mark sweep GC freed 99(1696B) AllocSpace objects, 0(0B) LOS objects, 7% free, 184MB/200MB, paused 1.365ms total 53.221ms
08-05 14:47:59.050  9592  9592 I Input   : injectMotionEvent: MotionEvent { action=ACTION_DOWN, actionButton=0, id[0]=0, x[0]=355.0, y[0]=1674.0, toolType[0]=TOOL_TYPE_UNKNOWN, buttonState=0, metaState=0, flags=0x0, edgeFlags=0x0, pointerCount=1, historySize=0, eventTime=802095463, downTime=802095463, deviceId=0, source=0x1002 }
08-05 14:47:59.054  9592  9592 I Input   : injectMotionEvent: MotionEvent { action=ACTION_UP, actionButton=0, id[0]=0, x[0]=355.0, y[0]=1674.0, toolType[0]=TOOL_TYPE_UNKNOWN, buttonState=0, metaState=0, flags=0x0, edgeFlags=0x0, pointerCount=1, historySize=0, eventTime=802095463, downTime=802095463, deviceId=0, source=0x1002 }
08-05 14:47:59.057  9592  9592 D AndroidRuntime: Shutting down VM
08-05 14:47:59.067  7308  9116 I art     : Starting a blocking GC Explicit
08-05 14:47:59.078   512  2967 D audio_hw_primary: out_set_parameters: enter: usecase(1: low-latency-playback) kvpairs: routing=2
08-05 14:47:59.088  7308  7308 V MainActivity: url = https://project-travel-mate.herokuapp.com/api/number-of-unread-notifications
08-05 14:47:59.091   512  2967 D audio_hw_primary: select_devices: out_snd_device(2: speaker) in_snd_device(0: none)
08-05 14:47:59.091   512  2967 D msm8974_platform: platform_send_audio_calibration: sending audio calibration for snd_device(2) acdb_id(15)
08-05 14:47:59.091   512  2967 I soundtrigger: audio_extn_sound_trigger_update_device_status: device 0x2 of type 0 for Event 1
08-05 14:47:59.102   512  2967 D audio_hw_primary: enable_snd_device: snd_device(2: speaker)
08-05 14:47:59.104   512  2967 D audio_hw_primary: enable_audio_route: apply and update mixer path: low-latency-playback speaker
08-05 14:47:59.121  7308  9116 I art     : Explicit concurrent mark sweep GC freed 1243(47KB) AllocSpace objects, 0(0B) LOS objects, 7% free, 184MB/200MB, paused 1.900ms total 53.281ms
08-05 14:47:59.145   512  2967 D AudioFlinger: mixer(0xf4740000) throttle end: throttle time(12)
08-05 14:47:59.507  7308  7568 I art     : Starting a blocking GC Explicit
08-05 14:47:59.565  7308  7568 I art     : Explicit concurrent mark sweep GC freed 4194(278KB) AllocSpace objects, 11(300KB) LOS objects, 7% free, 184MB/200MB, paused 1.333ms total 57.622ms
08-05 14:47:59.583  7308  7568 I art     : Starting a blocking GC Explicit
08-05 14:47:59.629   512  2967 D audio_hw_primary: disable_audio_route: reset and update mixer path: low-latency-playback speaker
08-05 14:47:59.630   512  2967 D audio_hw_primary: disable_snd_device: snd_device(2: speaker)
08-05 14:47:59.637   512  2967 I soundtrigger: audio_extn_sound_trigger_update_device_status: device 0x2 of type 0 for Event 0
08-05 14:47:59.638  7308  7568 I art     : Explicit concurrent mark sweep GC freed 836(49KB) AllocSpace objects, 0(0B) LOS objects, 7% free, 184MB/200MB, paused 1.393ms total 54.543ms
08-05 14:47:59.658  7308  7568 I art     : Starting a blocking GC Explicit
08-05 14:47:59.715  7308  7568 I art     : Explicit concurrent mark sweep GC freed 3(96B) AllocSpace objects, 0(0B) LOS objects, 7% free, 184MB/200MB, paused 1.311ms total 57.106ms
08-05 14:47:59.734  7308  7568 I art     : Starting a blocking GC Explicit
08-05 14:47:59.792  7308  7568 I art     : Explicit concurrent mark sweep GC freed 3(96B) AllocSpace objects, 0(0B) LOS objects, 7% free, 184MB/200MB, paused 1.390ms total 57.273ms
08-05 14:47:59.811  7308  7568 I art     : Starting a blocking GC Explicit
08-05 14:47:59.868  7308  7568 I art     : Explicit concurrent mark sweep GC freed 551(50KB) AllocSpace objects, 0(0B) LOS objects, 7% free, 184MB/200MB, paused 1.564ms total 57.415ms
08-05 14:47:59.938  7308  9613 I NAPPA_EXPERIMENTATION: MetricNetworkRequestExecutionTime: REQUEST_DURATION_SYSTEM='848',REQUEST_DURATION_OKHTTP='39',REQUEST_SYNCHRONOUS='FALSE',RESPONSE_CODE='200',RESPONSE_METHOD='GET',RESPONSE_LENGTH_OKHTTP='36',RESPONSE_LENGTH_HEADER='36',REQUEST_PROTOCOL='http/1.1',REQUEST_URL='https://project-travel-mate.herokuapp.com/api/number-of-unread-notifications',
08-05 14:48:00.276  7308  7322 I art     : Starting a blocking GC Explicit
08-05 14:48:00.355  7308  7322 I art     : Explicit concurrent mark sweep GC freed 3906(191KB) AllocSpace objects, 5(248KB) LOS objects, 7% free, 184MB/200MB, paused 1.441ms total 78.916ms
08-05 14:48:00.378  7308  7322 I art     : Starting a blocking GC Explicit
08-05 14:48:00.439  7308  7322 I art     : Explicit concurrent mark sweep GC freed 926(116KB) AllocSpace objects, 0(0B) LOS objects, 7% free, 184MB/200MB, paused 1.411ms total 59.787ms
08-05 14:48:00.462  7308  7322 I art     : Starting a blocking GC Explicit
08-05 14:48:00.519  7308  7322 I art     : Explicit concurrent mark sweep GC freed 3(96B) AllocSpace objects, 0(0B) LOS objects, 7% free, 184MB/200MB, paused 1.281ms total 56.950ms
08-05 14:48:00.538  7308  7322 I art     : Starting a blocking GC Explicit
08-05 14:48:00.594  7308  7322 I art     : Explicit concurrent mark sweep GC freed 3(96B) AllocSpace objects, 0(0B) LOS objects, 7% free, 184MB/200MB, paused 1.263ms total 55.716ms
08-05 14:48:00.613  7308  7322 I art     : Starting a blocking GC Explicit
08-05 14:48:00.672  7308  7322 I art     : Explicit concurrent mark sweep GC freed 3(96B) AllocSpace objects, 0(0B) LOS objects, 7% free, 184MB/200MB, paused 1.222ms total 58.003ms
08-05 14:48:01.105  7308  7322 I art     : Starting a blocking GC Explicit
08-05 14:48:01.177  7308  7322 I art     : Explicit concurrent mark sweep GC freed 1659(94KB) AllocSpace objects, 2(48KB) LOS objects, 7% free, 184MB/200MB, paused 1.353ms total 71.244ms
08-05 14:48:01.200  7308  7322 I art     : Starting a blocking GC Explicit
08-05 14:48:01.265  7308  7322 I art     : Explicit concurrent mark sweep GC freed 38(1568B) AllocSpace objects, 0(0B) LOS objects, 7% free, 184MB/200MB, paused 1.293ms total 64.742ms
08-05 14:48:01.284  7308  7322 I art     : Starting a blocking GC Explicit
08-05 14:48:01.342  7308  7322 I art     : Explicit concurrent mark sweep GC freed 3(96B) AllocSpace objects, 0(0B) LOS objects, 7% free, 184MB/200MB, paused 1.200ms total 57.200ms
08-05 14:48:01.361  7308  7322 I art     : Starting a blocking GC Explicit
08-05 14:48:01.415  7308  7322 I art     : Explicit concurrent mark sweep GC freed 3(96B) AllocSpace objects, 0(0B) LOS objects, 7% free, 184MB/200MB, paused 1.242ms total 53.677ms
08-05 14:48:01.434  7308  7322 I art     : Starting a blocking GC Explicit
08-05 14:48:01.490  7308  7322 I art     : Explicit concurrent mark sweep GC freed 3(96B) AllocSpace objects, 0(0B) LOS objects, 7% free, 184MB/200MB, paused 1.340ms total 56.316ms
08-05 14:48:01.866  9646  9646 D AndroidRuntime: >>>>>> START com.android.internal.os.RuntimeInit uid 2000 <<<<<<
08-05 14:48:01.874  9646  9646 D AndroidRuntime: CheckJNI is OFF
08-05 14:48:01.920  7308  7328 I art     : Starting a blocking GC Explicit
08-05 14:48:01.924  9646  9646 D ICU     : No timezone override file found: /data/misc/zoneinfo/current/icu/icu_tzdata.dat
08-05 14:48:01.974  9646  9646 I Radio-JNI: register_android_hardware_Radio DONE
08-05 14:48:01.983  7308  7328 I art     : Explicit concurrent mark sweep GC freed 1617(92KB) AllocSpace objects, 2(48KB) LOS objects, 7% free, 184MB/200MB, paused 1.343ms total 61.676ms
08-05 14:48:02.002  7308  7328 I art     : Starting a blocking GC Explicit
08-05 14:48:02.005  9646  9646 D AndroidRuntime: Calling main entry com.android.commands.input.Input
08-05 14:48:02.008  9646  9646 I Input   : injectMotionEvent: MotionEvent { action=ACTION_DOWN, actionButton=0, id[0]=0, x[0]=747.0, y[0]=608.0, toolType[0]=TOOL_TYPE_UNKNOWN, buttonState=0, metaState=0, flags=0x0, edgeFlags=0x0, pointerCount=1, historySize=0, eventTime=802098419, downTime=802098419, deviceId=0, source=0x1002 }
08-05 14:48:02.014  9646  9646 I Input   : injectMotionEvent: MotionEvent { action=ACTION_UP, actionButton=0, id[0]=0, x[0]=747.0, y[0]=608.0, toolType[0]=TOOL_TYPE_UNKNOWN, buttonState=0, metaState=0, flags=0x0, edgeFlags=0x0, pointerCount=1, historySize=0, eventTime=802098419, downTime=802098419, deviceId=0, source=0x1002 }
08-05 14:48:02.017   918  6029 I ActivityManager: START u0 {cmp=baseline.io.github.project_travel_mate/.utilities.ChecklistActivity} from uid 10674 on display 0
08-05 14:48:02.017  9646  9646 D AndroidRuntime: Shutting down VM
08-05 14:48:02.018   512  2967 D audio_hw_primary: out_set_parameters: enter: usecase(1: low-latency-playback) kvpairs: routing=2
08-05 14:48:02.031   512  2967 D audio_hw_primary: select_devices: out_snd_device(2: speaker) in_snd_device(0: none)
08-05 14:48:02.031   512  2967 D msm8974_platform: platform_send_audio_calibration: sending audio calibration for snd_device(2) acdb_id(15)
08-05 14:48:02.031   512  2967 I soundtrigger: audio_extn_sound_trigger_update_device_status: device 0x2 of type 0 for Event 1
08-05 14:48:02.044   512  2967 D audio_hw_primary: enable_snd_device: snd_device(2: speaker)
08-05 14:48:02.046   512  2967 D audio_hw_primary: enable_audio_route: apply and update mixer path: low-latency-playback speaker
08-05 14:48:02.058  7308  7328 I art     : Explicit concurrent mark sweep GC freed 536(30KB) AllocSpace objects, 0(0B) LOS objects, 7% free, 184MB/200MB, paused 1.982ms total 56.536ms
08-05 14:48:02.077  7308  7328 I art     : Starting a blocking GC Explicit
08-05 14:48:02.124 13866 13866 I GoogleInputMethodServic: GoogleInputMethodService.onFinishInput():3138 
08-05 14:48:02.124 13866 13866 I GoogleInputMethodServic: GoogleInputMethodService.onStartInput():1808 
08-05 14:48:02.125   918   936 I ActivityManager: Displayed baseline.io.github.project_travel_mate/.utilities.ChecklistActivity: +98ms
08-05 14:48:02.127  7308  7328 I art     : Explicit concurrent mark sweep GC freed 564(32KB) AllocSpace objects, 0(0B) LOS objects, 7% free, 184MB/200MB, paused 1.512ms total 49.945ms
08-05 14:48:02.147  7308  7328 I art     : Starting a blocking GC Explicit
08-05 14:48:02.198  7308  7328 I art     : Explicit concurrent mark sweep GC freed 120(4KB) AllocSpace objects, 0(0B) LOS objects, 7% free, 184MB/200MB, paused 1.267ms total 50.407ms
08-05 14:48:02.216  7308  7328 I art     : Starting a blocking GC Explicit
08-05 14:48:02.272  7308  7328 I art     : Explicit concurrent mark sweep GC freed 20(912B) AllocSpace objects, 0(0B) LOS objects, 7% free, 184MB/200MB, paused 1.321ms total 55.683ms
08-05 14:48:02.377   380   380 W SurfaceFlinger: couldn't log to binary event log: overflow.
08-05 14:48:02.579   512  2967 D audio_hw_primary: disable_audio_route: reset and update mixer path: low-latency-playback speaker
08-05 14:48:02.580   512  2967 D audio_hw_primary: disable_snd_device: snd_device(2: speaker)
08-05 14:48:02.588   512  2967 I soundtrigger: audio_extn_sound_trigger_update_device_status: device 0x2 of type 0 for Event 0
08-05 14:48:02.654  7308  7321 I art     : Starting a blocking GC Explicit
08-05 14:48:02.724  7308  7321 I art     : Explicit concurrent mark sweep GC freed 1651(94KB) AllocSpace objects, 2(48KB) LOS objects, 7% free, 184MB/200MB, paused 1.470ms total 69.822ms
08-05 14:48:02.746  7308  7321 I art     : Starting a blocking GC Explicit
08-05 14:48:02.802  7308  7321 I art     : Explicit concurrent mark sweep GC freed 50(2064B) AllocSpace objects, 0(0B) LOS objects, 7% free, 184MB/200MB, paused 1.285ms total 56.489ms
08-05 14:48:02.822  7308  7321 I art     : Starting a blocking GC Explicit
08-05 14:48:02.880  7308  7321 I art     : Explicit concurrent mark sweep GC freed 40(1088B) AllocSpace objects, 0(0B) LOS objects, 7% free, 184MB/200MB, paused 1.516ms total 57.831ms
08-05 14:48:02.899  7308  7321 I art     : Starting a blocking GC Explicit
08-05 14:48:02.958  7308  7321 I art     : Explicit concurrent mark sweep GC freed 3(96B) AllocSpace objects, 0(0B) LOS objects, 7% free, 184MB/200MB, paused 1.303ms total 58.074ms
08-05 14:48:02.981  7308  7321 I art     : Starting a blocking GC Explicit
08-05 14:48:03.040  7308  7321 I art     : Explicit concurrent mark sweep GC freed 3(96B) AllocSpace objects, 0(0B) LOS objects, 7% free, 184MB/200MB, paused 1.429ms total 58.533ms
08-05 14:48:03.451  7308  7322 I art     : Starting a blocking GC Explicit
08-05 14:48:03.531  7308  7322 I art     : Explicit concurrent mark sweep GC freed 1586(92KB) AllocSpace objects, 2(48KB) LOS objects, 7% free, 184MB/200MB, paused 1.485ms total 79.011ms
08-05 14:48:03.552  7308  7322 I art     : Starting a blocking GC Explicit
08-05 14:48:03.567  2820  2820 I ServiceManager: Waiting for service AtCmdFwd...
08-05 14:48:03.609  7308  7322 I art     : Explicit concurrent mark sweep GC freed 28(1024B) AllocSpace objects, 0(0B) LOS objects, 7% free, 184MB/200MB, paused 1.354ms total 57.653ms
08-05 14:48:03.629  7308  7322 I art     : Starting a blocking GC Explicit
08-05 14:48:03.689  7308  7322 I art     : Explicit concurrent mark sweep GC freed 3(96B) AllocSpace objects, 0(0B) LOS objects, 7% free, 184MB/200MB, paused 1.485ms total 60.084ms
08-05 14:48:03.712  7308  7322 I art     : Starting a blocking GC Explicit
08-05 14:48:03.771  7308  7322 I art     : Explicit concurrent mark sweep GC freed 6(192B) AllocSpace objects, 0(0B) LOS objects, 7% free, 184MB/200MB, paused 1.292ms total 58.833ms
08-05 14:48:03.791  7308  7322 I art     : Starting a blocking GC Explicit
08-05 14:48:03.859  7308  7322 I art     : Explicit concurrent mark sweep GC freed 49(1568B) AllocSpace objects, 0(0B) LOS objects, 7% free, 184MB/200MB, paused 1.594ms total 67.928ms
08-05 14:48:04.317  7308  9116 I art     : Starting a blocking GC Explicit
08-05 14:48:04.397  7308  9116 I art     : Explicit concurrent mark sweep GC freed 1613(93KB) AllocSpace objects, 2(48KB) LOS objects, 7% free, 184MB/200MB, paused 1.483ms total 79.532ms
08-05 14:48:04.418  7308  9116 I art     : Starting a blocking GC Explicit
08-05 14:48:04.483  7308  9116 I art     : Explicit concurrent mark sweep GC freed 38(1568B) AllocSpace objects, 0(0B) LOS objects, 7% free, 184MB/200MB, paused 1.210ms total 64.859ms
08-05 14:48:04.502  7308  9116 I art     : Starting a blocking GC Explicit
08-05 14:48:04.564  7308  9116 I art     : Explicit concurrent mark sweep GC freed 3(96B) AllocSpace objects, 0(0B) LOS objects, 7% free, 184MB/200MB, paused 1.345ms total 61.751ms
08-05 14:48:04.567  2820  2820 I ServiceManager: Waiting for service AtCmdFwd...
08-05 14:48:04.584  7308  9116 I art     : Starting a blocking GC Explicit
08-05 14:48:04.651  7308  9116 I art     : Explicit concurrent mark sweep GC freed 3(96B) AllocSpace objects, 0(0B) LOS objects, 7% free, 184MB/200MB, paused 1.513ms total 66.519ms
08-05 14:48:04.673  7308  9116 I art     : Starting a blocking GC Explicit
08-05 14:48:04.738  7308  9116 I art     : Explicit concurrent mark sweep GC freed 3(96B) AllocSpace objects, 0(0B) LOS objects, 7% free, 184MB/200MB, paused 1.420ms total 63.823ms
08-05 14:48:05.192  7308  7568 I art     : Starting a blocking GC Explicit
08-05 14:48:05.281  7308  7568 I art     : Explicit concurrent mark sweep GC freed 1632(93KB) AllocSpace objects, 2(48KB) LOS objects, 7% free, 184MB/200MB, paused 1.855ms total 87.324ms
08-05 14:48:05.302  7308  7568 I art     : Starting a blocking GC Explicit
08-05 14:48:05.367  7308  7568 I art     : Explicit concurrent mark sweep GC freed 39(1600B) AllocSpace objects, 0(0B) LOS objects, 7% free, 184MB/200MB, paused 1.370ms total 64.892ms
08-05 14:48:05.387  7308  7568 I art     : Starting a blocking GC Explicit
08-05 14:48:05.455  7308  7568 I art     : Explicit concurrent mark sweep GC freed 3(96B) AllocSpace objects, 0(0B) LOS objects, 7% free, 184MB/200MB, paused 1.425ms total 67.879ms
08-05 14:48:05.478  7308  7568 I art     : Starting a blocking GC Explicit
08-05 14:48:05.538  7308  7568 I art     : Explicit concurrent mark sweep GC freed 3(96B) AllocSpace objects, 0(0B) LOS objects, 7% free, 184MB/200MB, paused 1.391ms total 59.642ms
08-05 14:48:05.558  7308  7568 I art     : Starting a blocking GC Explicit
08-05 14:48:05.568  2820  2820 I ServiceManager: Waiting for service AtCmdFwd...
08-05 14:48:05.621  7308  7568 I art     : Explicit concurrent mark sweep GC freed 3(96B) AllocSpace objects, 0(0B) LOS objects, 7% free, 184MB/200MB, paused 1.340ms total 63.223ms
08-05 14:48:06.064  7308  7328 I art     : Starting a blocking GC Explicit
08-05 14:48:06.133  7308  7328 I art     : Explicit concurrent mark sweep GC freed 1623(93KB) AllocSpace objects, 2(48KB) LOS objects, 7% free, 184MB/200MB, paused 1.372ms total 68.298ms
08-05 14:48:06.155  7308  7328 I art     : Starting a blocking GC Explicit
08-05 14:48:06.221  7308  7328 I art     : Explicit concurrent mark sweep GC freed 28(1024B) AllocSpace objects, 0(0B) LOS objects, 7% free, 184MB/200MB, paused 1.364ms total 65.382ms
08-05 14:48:06.222  7308  7320 I art     : WaitForGcToComplete blocked for 43.765ms for cause HeapTrim
08-05 14:48:06.241  7308  7328 I art     : Starting a blocking GC Explicit
08-05 14:48:06.300  7308  7328 I art     : Explicit concurrent mark sweep GC freed 3(96B) AllocSpace objects, 0(0B) LOS objects, 7% free, 184MB/200MB, paused 1.267ms total 58.938ms
08-05 14:48:06.320  7308  7328 I art     : Starting a blocking GC Explicit
08-05 14:48:06.374  7308  7328 I art     : Explicit concurrent mark sweep GC freed 3(96B) AllocSpace objects, 0(0B) LOS objects, 7% free, 184MB/200MB, paused 1.294ms total 54.315ms
08-05 14:48:06.393  7308  7328 I art     : Starting a blocking GC Explicit
08-05 14:48:06.453  7308  7328 I art     : Explicit concurrent mark sweep GC freed 3(96B) AllocSpace objects, 0(0B) LOS objects, 7% free, 184MB/200MB, paused 1.353ms total 59.221ms
08-05 14:48:06.569  2820  2820 I ServiceManager: Waiting for service AtCmdFwd...
08-05 14:48:06.809  9723  9723 D AndroidRuntime: >>>>>> START com.android.internal.os.RuntimeInit uid 2000 <<<<<<
08-05 14:48:06.815  9723  9723 D AndroidRuntime: CheckJNI is OFF
08-05 14:48:06.831   518   646 I ThermalEngine: ACTION: GPU - Setting GPU[0] to 510000000
08-05 14:48:06.865  9723  9723 D ICU     : No timezone override file found: /data/misc/zoneinfo/current/icu/icu_tzdata.dat
08-05 14:48:06.891  7308  7321 I art     : Starting a blocking GC Explicit
08-05 14:48:06.909  9723  9723 I Radio-JNI: register_android_hardware_Radio DONE
08-05 14:48:06.931  9723  9723 D AndroidRuntime: Calling main entry com.android.commands.input.Input
08-05 14:48:06.933  9723  9723 I Input   : injectKeyEvent: KeyEvent { action=ACTION_DOWN, keyCode=KEYCODE_BACK, scanCode=0, metaState=0, flags=0x0, repeatCount=0, eventTime=802103346, downTime=802103346, deviceId=-1, source=0x101 }
08-05 14:48:06.941  9723  9723 I Input   : injectKeyEvent: KeyEvent { action=ACTION_UP, keyCode=KEYCODE_BACK, scanCode=0, metaState=0, flags=0x0, repeatCount=0, eventTime=802103346, downTime=802103346, deviceId=-1, source=0x101 }
08-05 14:48:06.941  7308  7321 I art     : Explicit concurrent mark sweep GC freed 1623(93KB) AllocSpace objects, 2(48KB) LOS objects, 7% free, 184MB/200MB, paused 1.070ms total 49.690ms
08-05 14:48:06.947  9723  9723 D AndroidRuntime: Shutting down VM
08-05 14:48:06.956  7308  7321 I art     : Starting a blocking GC Explicit
08-05 14:48:06.964  7308  7308 V MainActivity: url = https://project-travel-mate.herokuapp.com/api/number-of-unread-notifications
08-05 14:48:06.990 13866 13866 I GoogleInputMethodServic: GoogleInputMethodService.onFinishInput():3138 
08-05 14:48:06.991 13866 13866 I GoogleInputMethodServic: GoogleInputMethodService.onStartInput():1808 
08-05 14:48:06.998  7308  7321 I art     : Explicit concurrent mark sweep GC freed 399(16KB) AllocSpace objects, 0(0B) LOS objects, 7% free, 184MB/200MB, paused 1.149ms total 41.413ms
08-05 14:48:07.013  7308  7321 I art     : Starting a blocking GC Explicit
08-05 14:48:07.053  7308  7321 I art     : Explicit concurrent mark sweep GC freed 145(7KB) AllocSpace objects, 0(0B) LOS objects, 7% free, 184MB/200MB, paused 890us total 39.914ms
08-05 14:48:07.066  7308  7321 I art     : Starting a blocking GC Explicit
08-05 14:48:07.106  7308  7321 I art     : Explicit concurrent mark sweep GC freed 36(2400B) AllocSpace objects, 0(0B) LOS objects, 7% free, 184MB/200MB, paused 863us total 39.818ms
08-05 14:48:07.122  7308  7321 I art     : Starting a blocking GC Explicit
08-05 14:48:07.171  7308  7321 I art     : Explicit concurrent mark sweep GC freed 19(864B) AllocSpace objects, 0(0B) LOS objects, 7% free, 184MB/200MB, paused 1.280ms total 48.089ms
08-05 14:48:07.298   380   380 W SurfaceFlinger: couldn't log to binary event log: overflow.
08-05 14:48:07.512  7308  9116 I art     : Starting a blocking GC Explicit
08-05 14:48:07.535   918  3261 D WifiStateMachine: starting scan for "H369AA63323"WPA_PSK with 2412,5180
08-05 14:48:07.569  2820  2820 I ServiceManager: Waiting for service AtCmdFwd...
08-05 14:48:07.572  7308  9116 I art     : Explicit concurrent mark sweep GC freed 2025(112KB) AllocSpace objects, 2(48KB) LOS objects, 7% free, 184MB/200MB, paused 1.077ms total 59.831ms
08-05 14:48:07.587  7308  9116 I art     : Starting a blocking GC Explicit
08-05 14:48:07.634  7308  9116 I art     : Explicit concurrent mark sweep GC freed 158(7KB) AllocSpace objects, 0(0B) LOS objects, 7% free, 184MB/200MB, paused 1.059ms total 46.431ms
08-05 14:48:07.649  7308  9116 I art     : Starting a blocking GC Explicit
08-05 14:48:07.697  7308  9116 I art     : Explicit concurrent mark sweep GC freed 2569(132KB) AllocSpace objects, 3(200KB) LOS objects, 7% free, 184MB/200MB, paused 1.289ms total 48.427ms
08-05 14:48:07.712  7308  9116 I art     : Starting a blocking GC Explicit
08-05 14:48:07.722  7308  9746 I NAPPA_EXPERIMENTATION: MetricNetworkRequestExecutionTime: REQUEST_DURATION_SYSTEM='757',REQUEST_DURATION_OKHTTP='39',REQUEST_SYNCHRONOUS='FALSE',RESPONSE_CODE='200',RESPONSE_METHOD='GET',RESPONSE_LENGTH_OKHTTP='36',RESPONSE_LENGTH_HEADER='36',REQUEST_PROTOCOL='http/1.1',REQUEST_URL='https://project-travel-mate.herokuapp.com/api/number-of-unread-notifications',
08-05 14:48:07.760  7308  9116 I art     : Explicit concurrent mark sweep GC freed 1048(126KB) AllocSpace objects, 0(0B) LOS objects, 7% free, 184MB/200MB, paused 1.086ms total 47.369ms
08-05 14:48:07.775  7308  9116 I art     : Starting a blocking GC Explicit
08-05 14:48:07.822  7308  9116 I art     : Explicit concurrent mark sweep GC freed 127(5KB) AllocSpace objects, 0(0B) LOS objects, 7% free, 184MB/200MB, paused 1.024ms total 47.440ms
08-05 14:48:08.172  7308  7568 I art     : Starting a blocking GC Explicit
08-05 14:48:08.228  7308  7568 I art     : Explicit concurrent mark sweep GC freed 1623(93KB) AllocSpace objects, 2(48KB) LOS objects, 7% free, 184MB/200MB, paused 1.143ms total 56.114ms
08-05 14:48:08.243  7308  7568 I art     : Starting a blocking GC Explicit
08-05 14:48:08.287  7308  7568 I art     : Explicit concurrent mark sweep GC freed 39(1648B) AllocSpace objects, 0(0B) LOS objects, 7% free, 184MB/200MB, paused 1.020ms total 43.879ms
08-05 14:48:08.302  7308  7568 I art     : Starting a blocking GC Explicit
08-05 14:48:08.348  7308  7568 I art     : Explicit concurrent mark sweep GC freed 14(672B) AllocSpace objects, 0(0B) LOS objects, 7% free, 184MB/200MB, paused 1.045ms total 45.986ms
08-05 14:48:08.362  7308  7568 I art     : Starting a blocking GC Explicit
08-05 14:48:08.407  7308  7568 I art     : Explicit concurrent mark sweep GC freed 3(96B) AllocSpace objects, 0(0B) LOS objects, 7% free, 184MB/200MB, paused 1.092ms total 44.594ms
08-05 14:48:08.422  7308  7568 I art     : Starting a blocking GC Explicit
08-05 14:48:08.466  7308  7568 I art     : Explicit concurrent mark sweep GC freed 3(96B) AllocSpace objects, 0(0B) LOS objects, 7% free, 184MB/200MB, paused 1.168ms total 44.489ms
08-05 14:48:08.570  2820  2820 W Atfwd_Sendcmd: AtCmdFwd service not published, waiting... retryCnt : 3
08-05 14:48:08.603  9769  9769 D AndroidRuntime: >>>>>> START com.android.internal.os.RuntimeInit uid 2000 <<<<<<
08-05 14:48:08.615  9769  9769 D AndroidRuntime: CheckJNI is OFF
08-05 14:48:08.654  9769  9769 D ICU     : No timezone override file found: /data/misc/zoneinfo/current/icu/icu_tzdata.dat
08-05 14:48:08.687  9769  9769 I Radio-JNI: register_android_hardware_Radio DONE
08-05 14:48:08.707  9769  9769 D AndroidRuntime: Calling main entry com.android.commands.input.Input
08-05 14:48:08.709  9769  9769 I Input   : injectMotionEvent: MotionEvent { action=ACTION_DOWN, actionButton=0, id[0]=0, x[0]=657.0, y[0]=2037.0, toolType[0]=TOOL_TYPE_UNKNOWN, buttonState=0, metaState=0, flags=0x0, edgeFlags=0x0, pointerCount=1, historySize=0, eventTime=802105122, downTime=802105122, deviceId=0, source=0x1002 }
08-05 14:48:08.714  9769  9769 I Input   : injectMotionEvent: MotionEvent { action=ACTION_UP, actionButton=0, id[0]=0, x[0]=657.0, y[0]=2037.0, toolType[0]=TOOL_TYPE_UNKNOWN, buttonState=0, metaState=0, flags=0x0, edgeFlags=0x0, pointerCount=1, historySize=0, eventTime=802105122, downTime=802105122, deviceId=0, source=0x1002 }
08-05 14:48:08.717  9769  9769 D AndroidRuntime: Shutting down VM
08-05 14:48:08.720   918  3670 I ActivityManager: START u0 {cmp=baseline.io.github.project_travel_mate/.utilities.CompassActivity} from uid 10674 on display 0
08-05 14:48:08.721   512  2967 D audio_hw_primary: out_set_parameters: enter: usecase(1: low-latency-playback) kvpairs: routing=2
08-05 14:48:08.734   512  2967 D audio_hw_primary: select_devices: out_snd_device(2: speaker) in_snd_device(0: none)
08-05 14:48:08.735   512  2967 D msm8974_platform: platform_send_audio_calibration: sending audio calibration for snd_device(2) acdb_id(15)
08-05 14:48:08.735   512  2967 I soundtrigger: audio_extn_sound_trigger_update_device_status: device 0x2 of type 0 for Event 1
08-05 14:48:08.746   512  2967 D audio_hw_primary: enable_snd_device: snd_device(2: speaker)
08-05 14:48:08.749   512  2967 D audio_hw_primary: enable_audio_route: apply and update mixer path: low-latency-playback speaker
08-05 14:48:08.829  7308  7568 I art     : Waiting for a blocking GC Explicit
08-05 14:48:08.868  7308  7568 I art     : WaitForGcToComplete blocked for 39.347ms for cause Explicit
08-05 14:48:08.868  7308  7568 I art     : Starting a blocking GC Explicit
08-05 14:48:08.913  7308  7568 I art     : Explicit concurrent mark sweep GC freed 89(3KB) AllocSpace objects, 0(0B) LOS objects, 6% free, 233MB/249MB, paused 1.231ms total 45.158ms
08-05 14:48:08.928  7308  7568 I art     : Starting a blocking GC Explicit
08-05 14:48:08.970  7308  7568 I art     : Explicit concurrent mark sweep GC freed 2(64B) AllocSpace objects, 0(0B) LOS objects, 6% free, 233MB/249MB, paused 1.141ms total 41.791ms
08-05 14:48:08.984  7308  7568 I art     : Starting a blocking GC Explicit
08-05 14:48:09.028  7308  7568 I art     : Explicit concurrent mark sweep GC freed 3(96B) AllocSpace objects, 0(0B) LOS objects, 6% free, 233MB/249MB, paused 1.117ms total 43.684ms
08-05 14:48:09.042  7308  7568 I art     : Starting a blocking GC Explicit
08-05 14:48:09.083  7308  7568 I art     : Explicit concurrent mark sweep GC freed 3(96B) AllocSpace objects, 0(0B) LOS objects, 6% free, 233MB/249MB, paused 1.038ms total 41.126ms
08-05 14:48:09.097  7308  7568 I art     : Starting a blocking GC Explicit
08-05 14:48:09.139  7308  7568 I art     : Explicit concurrent mark sweep GC freed 7(224B) AllocSpace objects, 0(0B) LOS objects, 6% free, 236MB/252MB, paused 1.126ms total 41.487ms
08-05 14:48:09.161  7308  7308 D CompassActivity: start compass
08-05 14:48:09.161   918  3670 I sensors : batch
08-05 14:48:09.162   918  3670 I sensors : activate
08-05 14:48:09.162   918   928 I sensors : batch
08-05 14:48:09.162   918   928 I sensors : activate
08-05 14:48:09.168   918  3188 I hubconnection: sensorhub said: 'batch 1 flags:0, sampling_rate_Hz:50.00, max_report_latency_us:0'
08-05 14:48:09.169   918  3188 I hubconnection: sensorhub said: 'activate 1 enable:1'
08-05 14:48:09.170   918  3188 I hubconnection: sensorhub said: 'batch 3 flags:0, sampling_rate_Hz:50.00, max_report_latency_us:0'
08-05 14:48:09.171   918  3188 I hubconnection: sensorhub said: 'activate 3 enable:1'
08-05 14:48:09.288   512  2967 D audio_hw_primary: disable_audio_route: reset and update mixer path: low-latency-playback speaker
08-05 14:48:09.290   512  2967 D audio_hw_primary: disable_snd_device: snd_device(2: speaker)
08-05 14:48:09.298   512  2967 I soundtrigger: audio_extn_sound_trigger_update_device_status: device 0x2 of type 0 for Event 0
08-05 14:48:09.316   918   936 I ActivityManager: Displayed baseline.io.github.project_travel_mate/.utilities.CompassActivity: +581ms
08-05 14:48:09.317 13866 13866 I GoogleInputMethodServic: GoogleInputMethodService.onFinishInput():3138 
08-05 14:48:09.317 13866 13866 I GoogleInputMethodServic: GoogleInputMethodService.onStartInput():1808 
08-05 14:48:09.386  7308  7308 D CompassActivity: will set rotation from 0.0 to 178.38269
08-05 14:48:09.387  7308  7308 D CompassActivity: will set rotation from 178.38269 to 178.46722
08-05 14:48:09.387  7308  7308 D CompassActivity: will set rotation from 178.46722 to 178.45874
08-05 14:48:09.387  7308  7308 D CompassActivity: will set rotation from 178.45874 to 178.46008
08-05 14:48:09.387  7308  7308 D CompassActivity: will set rotation from 178.46008 to 178.45361
08-05 14:48:09.387  7308  7308 D CompassActivity: will set rotation from 178.45361 to 178.54034
08-05 14:48:09.387  7308  7308 D CompassActivity: will set rotation from 178.54034 to 178.52899
08-05 14:48:09.397  7308  7308 D CompassActivity: will set rotation from 178.52899 to 178.59784
08-05 14:48:09.397  7308  7308 D CompassActivity: will set rotation from 178.59784 to 178.59106
08-05 14:48:09.417  7308  7308 D CompassActivity: will set rotation from 178.59106 to 178.6399
08-05 14:48:09.418  7308  7308 D CompassActivity: will set rotation from 178.6399 to 178.63586
08-05 14:48:09.437  7308  7308 D CompassActivity: will set rotation from 178.63586 to 178.68231
08-05 14:48:09.438  7308  7308 D CompassActivity: will set rotation from 178.68231 to 178.68121
08-05 14:48:09.456  7308  7308 D CompassActivity: will set rotation from 178.68121 to 178.77008
08-05 14:48:09.457  7308  7308 D CompassActivity: will set rotation from 178.77008 to 178.76831
08-05 14:48:09.477  7308  7308 D CompassActivity: will set rotation from 178.76831 to 178.79938
08-05 14:48:09.477  7308  7308 D CompassActivity: will set rotation from 178.79938 to 178.79895
08-05 14:48:09.497  7308  7308 D CompassActivity: will set rotation from 178.79895 to 178.81348
08-05 14:48:09.497  7308  7308 D CompassActivity: will set rotation from 178.81348 to 178.81122
08-05 14:48:09.517  7308  7308 D CompassActivity: will set rotation from 178.81122 to 178.979
08-05 14:48:09.517  7308  7308 D CompassActivity: will set rotation from 178.979 to 178.98187
08-05 14:48:09.537  7308  7308 D CompassActivity: will set rotation from 178.98187 to 178.9284
08-05 14:48:09.538  7308  7308 D CompassActivity: will set rotation from 178.9284 to 178.92572
08-05 14:48:09.557  7308  7308 D CompassActivity: will set rotation from 178.92572 to 178.9643
08-05 14:48:09.558  7308  7308 D CompassActivity: will set rotation from 178.9643 to 178.96606
08-05 14:48:09.568   380   380 W SurfaceFlinger: couldn't log to binary event log: overflow.
08-05 14:48:09.577  7308  7308 D CompassActivity: will set rotation from 178.96606 to 178.9165
08-05 14:48:09.577  7308  7308 D CompassActivity: will set rotation from 178.9165 to 178.92114
08-05 14:48:09.596  7308  7308 D CompassActivity: will set rotation from 178.92114 to 178.92523
08-05 14:48:09.596  7308  7308 D CompassActivity: will set rotation from 178.92523 to 178.92395
08-05 14:48:09.596  7308  7328 I art     : Starting a blocking GC Explicit
08-05 14:48:09.616  7308  7308 D CompassActivity: will set rotation from 178.92395 to 178.92651
08-05 14:48:09.616  7308  7308 D CompassActivity: will set rotation from 178.92651 to 178.92456
08-05 14:48:09.636  7308  7308 D CompassActivity: will set rotation from 178.92456 to 178.92957
08-05 14:48:09.636  7308  7328 I art     : Explicit concurrent mark sweep GC freed 2019(117KB) AllocSpace objects, 2(48KB) LOS objects, 6% free, 236MB/252MB, paused 867us total 39.695ms
08-05 14:48:09.636  7308  7308 D CompassActivity: will set rotation from 178.92957 to 178.93115
08-05 14:48:09.650  7308  7328 I art     : Starting a blocking GC Explicit
08-05 14:48:09.656  7308  7308 D CompassActivity: will set rotation from 178.93115 to 178.92572
08-05 14:48:09.656  7308  7308 D CompassActivity: will set rotation from 178.92572 to 178.92859
08-05 14:48:09.675  7308  7308 D CompassActivity: will set rotation from 178.92859 to 178.96106
08-05 14:48:09.676  7308  7308 D CompassActivity: will set rotation from 178.96106 to 178.9624
08-05 14:48:09.695  7308  7328 I art     : Explicit concurrent mark sweep GC freed 477(20KB) AllocSpace objects, 0(0B) LOS objects, 6% free, 236MB/252MB, paused 1.054ms total 44.311ms
08-05 14:48:09.710  7308  7328 I art     : Starting a blocking GC Explicit
08-05 14:48:09.748  7308  7308 D CompassActivity: will set rotation from 178.9624 to 178.92993
08-05 14:48:09.748  7308  7308 D CompassActivity: will set rotation from 178.92993 to 178.93
08-05 14:48:09.748  7308  7308 D CompassActivity: will set rotation from 178.93 to 178.89905
08-05 14:48:09.748  7308  7308 D CompassActivity: will set rotation from 178.89905 to 178.8977
08-05 14:48:09.748  7308  7308 D CompassActivity: will set rotation from 178.8977 to 178.87024
08-05 14:48:09.748  7308  7308 D CompassActivity: will set rotation from 178.87024 to 178.86609
08-05 14:48:09.754  7308  7328 I art     : Explicit concurrent mark sweep GC freed 180(8KB) AllocSpace objects, 0(0B) LOS objects, 6% free, 236MB/252MB, paused 1.132ms total 43.289ms
08-05 14:48:09.756  7308  7308 D CompassActivity: will set rotation from 178.86609 to 178.8659
08-05 14:48:09.757  7308  7308 D CompassActivity: will set rotation from 178.8659 to 178.86334
08-05 14:48:09.768  7308  7328 I art     : Starting a blocking GC Explicit
08-05 14:48:09.776  7308  7308 D CompassActivity: will set rotation from 178.86334 to 178.92072
08-05 14:48:09.776  7308  7308 D CompassActivity: will set rotation from 178.92072 to 178.92126
08-05 14:48:09.795  7308  7308 D CompassActivity: will set rotation from 178.92126 to 178.8595
08-05 14:48:09.796  7308  7308 D CompassActivity: will set rotation from 178.8595 to 178.85767
08-05 14:48:09.808  7308  7328 I art     : Explicit concurrent mark sweep GC freed 138(6KB) AllocSpace objects, 0(0B) LOS objects, 6% free, 236MB/252MB, paused 892us total 39.882ms
08-05 14:48:09.815  7308  7308 D CompassActivity: will set rotation from 178.85767 to 178.83331
08-05 14:48:09.815  7308  7308 D CompassActivity: will set rotation from 178.83331 to 178.83209
08-05 14:48:09.822  7308  7328 I art     : Starting a blocking GC Explicit
08-05 14:48:09.836  7308  7308 D CompassActivity: will set rotation from 178.83209 to 178.83295
08-05 14:48:09.836  7308  7308 D CompassActivity: will set rotation from 178.83295 to 178.83362
08-05 14:48:09.838   518   646 I ThermalEngine: ACTION: GPU - Setting GPU[0] to 450000000
08-05 14:48:09.855  7308  7308 D CompassActivity: will set rotation from 178.83362 to 178.8357
08-05 14:48:09.855  7308  7308 D CompassActivity: will set rotation from 178.8357 to 178.83801
08-05 14:48:09.873  7308  7328 I art     : Explicit concurrent mark sweep GC freed 166(7KB) AllocSpace objects, 0(0B) LOS objects, 6% free, 236MB/252MB, paused 1.201ms total 50.687ms
08-05 14:48:09.875  7308  7308 D CompassActivity: will set rotation from 178.83801 to 178.79517
08-05 14:48:09.875  7308  7308 D CompassActivity: will set rotation from 178.79517 to 178.79608
08-05 14:48:09.895  7308  7308 D CompassActivity: will set rotation from 178.79608 to 178.85059
08-05 14:48:09.895  7308  7308 D CompassActivity: will set rotation from 178.85059 to 178.85046
08-05 14:48:09.915  7308  7308 D CompassActivity: will set rotation from 178.85046 to 178.8263
08-05 14:48:09.915  7308  7308 D CompassActivity: will set rotation from 178.8263 to 178.8252
08-05 14:48:09.935  7308  7308 D CompassActivity: will set rotation from 178.8252 to 178.83472
08-05 14:48:09.935  7308  7308 D CompassActivity: will set rotation from 178.83472 to 178.83551
08-05 14:48:09.957  7308  7308 D CompassActivity: will set rotation from 178.83551 to 178.8617
08-05 14:48:09.957  7308  7308 D CompassActivity: will set rotation from 178.8617 to 178.85956
08-05 14:48:09.975  7308  7308 D CompassActivity: will set rotation from 178.85956 to 178.8905
08-05 14:48:09.975  7308  7308 D CompassActivity: will set rotation from 178.8905 to 178.88824
08-05 14:48:09.995  7308  7308 D CompassActivity: will set rotation from 178.88824 to 178.9137
08-05 14:48:09.995  7308  7308 D CompassActivity: will set rotation from 178.9137 to 178.91595
08-05 14:48:10.015  7308  7308 D CompassActivity: will set rotation from 178.91595 to 178.98474
08-05 14:48:10.016  7308  7308 D CompassActivity: will set rotation from 178.98474 to 178.98462
08-05 14:48:10.039  7308  7308 D CompassActivity: will set rotation from 178.98462 to 179.02557
08-05 14:48:10.039  7308  7308 D CompassActivity: will set rotation from 179.02557 to 179.02625
08-05 14:48:10.056  7308  7308 D CompassActivity: will set rotation from 179.02625 to 179.04468
08-05 14:48:10.056  7308  7308 D CompassActivity: will set rotation from 179.04468 to 179.04492
08-05 14:48:10.075  7308  7308 D CompassActivity: will set rotation from 179.04492 to 179.04285
08-05 14:48:10.075  7308  7308 D CompassActivity: will set rotation from 179.04285 to 179.04224
08-05 14:48:10.094  7308  7308 D CompassActivity: will set rotation from 179.04224 to 179.03882
08-05 14:48:10.095  7308  7308 D CompassActivity: will set rotation from 179.03882 to 179.03693
08-05 14:48:10.115  7308  7308 D CompassActivity: will set rotation from 179.03693 to 179.05518
08-05 14:48:10.115  7308  7308 D CompassActivity: will set rotation from 179.05518 to 179.05334
08-05 14:48:10.137  7308  7308 D CompassActivity: will set rotation from 179.05334 to 179.12994
08-05 14:48:10.139  7308  7308 D CompassActivity: will set rotation from 179.12994 to 179.12952
08-05 14:48:10.156  7308  7308 D CompassActivity: will set rotation from 179.12952 to 179.1394
08-05 14:48:10.157  7308  7308 D CompassActivity: will set rotation from 179.1394 to 179.13953
08-05 14:48:10.174  7308  7308 D CompassActivity: will set rotation from 179.13953 to 179.1518
08-05 14:48:10.174  7308  7308 D CompassActivity: will set rotation from 179.1518 to 179.15265
08-05 14:48:10.194  7308  7308 D CompassActivity: will set rotation from 179.15265 to 179.1471
08-05 14:48:10.194  7308  7308 D CompassActivity: will set rotation from 179.1471 to 179.15009
08-05 14:48:10.214  7308  7308 D CompassActivity: will set rotation from 179.15009 to 179.13977
08-05 14:48:10.214  7308  7308 D CompassActivity: will set rotation from 179.13977 to 179.14166
08-05 14:48:10.234  7308  7308 D CompassActivity: will set rotation from 179.14166 to 179.1521
08-05 14:48:10.235  7308  7308 D CompassActivity: will set rotation from 179.1521 to 179.15198
08-05 14:48:10.256  7308  7308 D CompassActivity: will set rotation from 179.15198 to 179.2002
08-05 14:48:10.256  7308  7308 D CompassActivity: will set rotation from 179.2002 to 179.19727
08-05 14:48:10.274  7308  7308 D CompassActivity: will set rotation from 179.19727 to 179.1861
08-05 14:48:10.274  7308  7308 D CompassActivity: will set rotation from 179.1861 to 179.18298
08-05 14:48:10.293  7308  7308 D CompassActivity: will set rotation from 179.18298 to 179.19531
08-05 14:48:10.294  7308  7308 D CompassActivity: will set rotation from 179.19531 to 179.1947
08-05 14:48:10.307  7308  7568 I art     : Starting a blocking GC Explicit
08-05 14:48:10.314  7308  7308 D CompassActivity: will set rotation from 179.1947 to 179.20331
08-05 14:48:10.315  7308  7308 D CompassActivity: will set rotation from 179.20331 to 179.20337
08-05 14:48:10.334  7308  7308 D CompassActivity: will set rotation from 179.20337 to 179.22864
08-05 14:48:10.335  7308  7308 D CompassActivity: will set rotation from 179.22864 to 179.22955
08-05 14:48:10.356  7308  7308 D CompassActivity: will set rotation from 179.22955 to 179.22198
08-05 14:48:10.357  7308  7308 D CompassActivity: will set rotation from 179.22198 to 179.2232
08-05 14:48:10.376  7308  7308 D CompassActivity: will set rotation from 179.2232 to 179.19745
08-05 14:48:10.376  7308  7308 D CompassActivity: will set rotation from 179.19745 to 179.19641
08-05 14:48:10.377  7308  7568 I art     : Explicit concurrent mark sweep GC freed 2048(122KB) AllocSpace objects, 2(48KB) LOS objects, 6% free, 236MB/252MB, paused 1.326ms total 69.558ms
08-05 14:48:10.394  7308  7308 D CompassActivity: will set rotation from 179.19641 to 179.18866
08-05 14:48:10.395  7308  7308 D CompassActivity: will set rotation from 179.18866 to 179.18756
08-05 14:48:10.400  7308  7568 I art     : Starting a blocking GC Explicit
08-05 14:48:10.413  7308  7308 D CompassActivity: will set rotation from 179.18756 to 179.19733
08-05 14:48:10.414  7308  7308 D CompassActivity: will set rotation from 179.19733 to 179.19568
08-05 14:48:10.433  7308  7308 D CompassActivity: will set rotation from 179.19568 to 179.2395
08-05 14:48:10.434  7308  7308 D CompassActivity: will set rotation from 179.2395 to 179.23926
08-05 14:48:10.459  7308  7308 D CompassActivity: will set rotation from 179.23926 to 179.23053
08-05 14:48:10.459  7308  7308 D CompassActivity: will set rotation from 179.23053 to 179.23218
08-05 14:48:10.469  7308  7568 I art     : Explicit concurrent mark sweep GC freed 854(34KB) AllocSpace objects, 0(0B) LOS objects, 6% free, 236MB/252MB, paused 1.558ms total 67.796ms
08-05 14:48:10.476  7308  7308 D CompassActivity: will set rotation from 179.23218 to 179.2055
08-05 14:48:10.476  7308  7308 D CompassActivity: will set rotation from 179.2055 to 179.20825
08-05 14:48:10.492  7308  7568 I art     : Starting a blocking GC Explicit
08-05 14:48:10.495  7308  7308 D CompassActivity: will set rotation from 179.20825 to 179.19995
08-05 14:48:10.496  7308  7308 D CompassActivity: will set rotation from 179.19995 to 179.20313
08-05 14:48:10.513  7308  7308 D CompassActivity: will set rotation from 179.20313 to 179.17737
08-05 14:48:10.514  7308  7308 D CompassActivity: will set rotation from 179.17737 to 179.17908
08-05 14:48:10.533  7308  7308 D CompassActivity: will set rotation from 179.17908 to 179.17053
08-05 14:48:10.533  7308  7308 D CompassActivity: will set rotation from 179.17053 to 179.16925
08-05 14:48:10.550  7308  7568 I art     : Explicit concurrent mark sweep GC freed 204(9KB) AllocSpace objects, 0(0B) LOS objects, 6% free, 236MB/252MB, paused 1.413ms total 57.907ms
08-05 14:48:10.555  7308  7308 D CompassActivity: will set rotation from 179.16925 to 179.17773
08-05 14:48:10.556  7308  7308 D CompassActivity: will set rotation from 179.17773 to 179.17615
08-05 14:48:10.571  7308  7568 I art     : Starting a blocking GC Explicit
08-05 14:48:10.575  7308  7308 D CompassActivity: will set rotation from 179.17615 to 179.18555
08-05 14:48:10.576  7308  7308 D CompassActivity: will set rotation from 179.18555 to 179.18549
08-05 14:48:10.593  7308  7308 D CompassActivity: will set rotation from 179.18549 to 179.17804
08-05 14:48:10.593  7308  7308 D CompassActivity: will set rotation from 179.17804 to 179.17694
08-05 14:48:10.614  7308  7308 D CompassActivity: will set rotation from 179.17694 to 179.16943
08-05 14:48:10.615  7308  7308 D CompassActivity: will set rotation from 179.16943 to 179.1701
08-05 14:48:10.633  7308  7308 D CompassActivity: will set rotation from 179.1701 to 179.1806
08-05 14:48:10.633  7308  7308 D CompassActivity: will set rotation from 179.1806 to 179.18304
08-05 14:48:10.639  7308  7568 I art     : Explicit concurrent mark sweep GC freed 189(9KB) AllocSpace objects, 0(0B) LOS objects, 6% free, 236MB/252MB, paused 1.830ms total 67.398ms
08-05 14:48:10.657  7308  7308 D CompassActivity: will set rotation from 179.18304 to 179.20825
08-05 14:48:10.658  7308  7308 D CompassActivity: will set rotation from 179.20825 to 179.20801
08-05 14:48:10.661  7308  7568 I art     : Starting a blocking GC Explicit
08-05 14:48:10.674  7308  7308 D CompassActivity: will set rotation from 179.20801 to 179.23047
08-05 14:48:10.674  7308  7308 D CompassActivity: will set rotation from 179.23047 to 179.23206
08-05 14:48:10.692  7308  7308 D CompassActivity: will set rotation from 179.23206 to 179.23792
08-05 14:48:10.693  7308  7308 D CompassActivity: will set rotation from 179.23792 to 179.23889
08-05 14:48:10.712  7308  7308 D CompassActivity: will set rotation from 179.23889 to 179.26245
08-05 14:48:10.713  7308  7308 D CompassActivity: will set rotation from 179.26245 to 179.2616
08-05 14:48:10.730  7308  7568 I art     : Explicit concurrent mark sweep GC freed 204(9KB) AllocSpace objects, 0(0B) LOS objects, 6% free, 236MB/252MB, paused 1.468ms total 69.071ms
08-05 14:48:10.732  7308  7308 D CompassActivity: will set rotation from 179.2616 to 179.2345
08-05 14:48:10.733  7308  7308 D CompassActivity: will set rotation from 179.2345 to 179.23297
08-05 14:48:10.758  7308  7308 D CompassActivity: will set rotation from 179.23297 to 179.2251
08-05 14:48:10.758  7308  7308 D CompassActivity: will set rotation from 179.2251 to 179.22418
08-05 14:48:10.774  7308  7308 D CompassActivity: will set rotation from 179.22418 to 179.2149
08-05 14:48:10.775  7308  7308 D CompassActivity: will set rotation from 179.2149 to 179.21484
08-05 14:48:10.793  7308  7308 D CompassActivity: will set rotation from 179.21484 to 179.25647
08-05 14:48:10.793  7308  7308 D CompassActivity: will set rotation from 179.25647 to 179.258
08-05 14:48:10.812  7308  7308 D CompassActivity: will set rotation from 179.258 to 179.25049
08-05 14:48:10.812  7308  7308 D CompassActivity: will set rotation from 179.25049 to 179.25055
08-05 14:48:10.832  7308  7308 D CompassActivity: will set rotation from 179.25055 to 179.25726
08-05 14:48:10.832  7308  7308 D CompassActivity: will set rotation from 179.25726 to 179.25684
08-05 14:48:10.858  7308  7308 D CompassActivity: will set rotation from 179.25684 to 179.26202
08-05 14:48:10.858  7308  7308 D CompassActivity: will set rotation from 179.26202 to 179.26123
08-05 14:48:10.873  7308  7308 D CompassActivity: will set rotation from 179.26123 to 179.27063
08-05 14:48:10.874  7308  7308 D CompassActivity: will set rotation from 179.27063 to 179.27002
08-05 14:48:10.893  7308  7308 D CompassActivity: will set rotation from 179.27002 to 179.30975
08-05 14:48:10.893  7308  7308 D CompassActivity: will set rotation from 179.30975 to 179.3089
08-05 14:48:10.912  7308  7308 D CompassActivity: will set rotation from 179.3089 to 179.31592
08-05 14:48:10.912  7308  7308 D CompassActivity: will set rotation from 179.31592 to 179.31348
08-05 14:48:10.931  7308  7308 D CompassActivity: will set rotation from 179.31348 to 179.33362
08-05 14:48:10.932  7308  7308 D CompassActivity: will set rotation from 179.33362 to 179.33069
08-05 14:48:10.951  7308  7308 D CompassActivity: will set rotation from 179.33069 to 179.35156
08-05 14:48:10.952  7308  7308 D CompassActivity: will set rotation from 179.35156 to 179.3501
08-05 14:48:10.974  7308  7308 D CompassActivity: will set rotation from 179.3501 to 179.32068
08-05 14:48:10.975  7308  7308 D CompassActivity: will set rotation from 179.32068 to 179.32141
08-05 14:48:10.991  7308  7308 D CompassActivity: will set rotation from 179.32141 to 179.31042
08-05 14:48:10.991  7308  7308 D CompassActivity: will set rotation from 179.31042 to 179.31177
08-05 14:48:11.010  7308  7308 D CompassActivity: will set rotation from 179.31177 to 179.32971
08-05 14:48:11.011  7308  7308 D CompassActivity: will set rotation from 179.32971 to 179.33118
08-05 14:48:11.030  7308  7308 D CompassActivity: will set rotation from 179.33118 to 179.34888
08-05 14:48:11.031  7308  7308 D CompassActivity: will set rotation from 179.34888 to 179.35028
08-05 14:48:11.050  7308  7308 D CompassActivity: will set rotation from 179.35028 to 179.3515
08-05 14:48:11.051  7308  7308 D CompassActivity: will set rotation from 179.3515 to 179.35236
08-05 14:48:11.073  7308  7308 D CompassActivity: will set rotation from 179.35236 to 179.32336
08-05 14:48:11.074  7308  7308 D CompassActivity: will set rotation from 179.32336 to 179.32202
08-05 14:48:11.091  7308  7308 D CompassActivity: will set rotation from 179.32202 to 179.3241
08-05 14:48:11.091  7308  7308 D CompassActivity: will set rotation from 179.3241 to 179.3222
08-05 14:48:11.110  7308  7308 D CompassActivity: will set rotation from 179.3222 to 179.31
08-05 14:48:11.110  7308  7308 D CompassActivity: will set rotation from 179.31 to 179.30853
08-05 14:48:11.131  7308  7308 D CompassActivity: will set rotation from 179.30853 to 179.29706
08-05 14:48:11.131  7308  7308 D CompassActivity: will set rotation from 179.29706 to 179.2959
08-05 14:48:11.150  7308  7308 D CompassActivity: will set rotation from 179.2959 to 179.2995
08-05 14:48:11.151  7308  7308 D CompassActivity: will set rotation from 179.2995 to 179.30078
08-05 14:48:11.167  7308  7328 I art     : Starting a blocking GC Explicit
08-05 14:48:11.174  7308  7308 D CompassActivity: will set rotation from 179.30078 to 179.28784
08-05 14:48:11.174  7308  7308 D CompassActivity: will set rotation from 179.28784 to 179.29138
08-05 14:48:11.191  7308  7308 D CompassActivity: will set rotation from 179.29138 to 179.27661
08-05 14:48:11.191  7308  7308 D CompassActivity: will set rotation from 179.27661 to 179.27954
08-05 14:48:11.210  7308  7308 D CompassActivity: will set rotation from 179.27954 to 179.26855
08-05 14:48:11.210  7308  7308 D CompassActivity: will set rotation from 179.26855 to 179.26709
08-05 14:48:11.230  7308  7308 D CompassActivity: will set rotation from 179.26709 to 179.22656
08-05 14:48:11.231  7308  7308 D CompassActivity: will set rotation from 179.22656 to 179.2221
08-05 14:48:11.238  7308  7328 I art     : Explicit concurrent mark sweep GC freed 2102(124KB) AllocSpace objects, 2(48KB) LOS objects, 6% free, 236MB/252MB, paused 1.524ms total 69.892ms
08-05 14:48:11.250  7308  7308 D CompassActivity: will set rotation from 179.2221 to 179.19775
08-05 14:48:11.251  7308  7308 D CompassActivity: will set rotation from 179.19775 to 179.19397
08-05 14:48:11.259  7308  7328 I art     : Starting a blocking GC Explicit
08-05 14:48:11.274  7308  7308 D CompassActivity: will set rotation from 179.19397 to 179.18298
08-05 14:48:11.274  7308  7308 D CompassActivity: will set rotation from 179.18298 to 179.18323
08-05 14:48:11.290  7308  7308 D CompassActivity: will set rotation from 179.18323 to 179.17126
08-05 14:48:11.290  7308  7308 D CompassActivity: will set rotation from 179.17126 to 179.17517
08-05 14:48:11.309  7308  7308 D CompassActivity: will set rotation from 179.17517 to 179.16827
08-05 14:48:11.309  7308  7308 D CompassActivity: will set rotation from 179.16827 to 179.1701
08-05 14:48:11.322  7308  7328 I art     : Explicit concurrent mark sweep GC freed 849(33KB) AllocSpace objects, 0(0B) LOS objects, 6% free, 236MB/252MB, paused 1.867ms total 62.672ms
08-05 14:48:11.323  7308  7320 I art     : WaitForGcToComplete blocked for 22.120ms for cause HeapTrim
08-05 14:48:11.330  7308  7308 D CompassActivity: will set rotation from 179.1701 to 179.1612
08-05 14:48:11.331  7308  7308 D CompassActivity: will set rotation from 179.1612 to 179.16138
08-05 14:48:11.342  7308  7328 I art     : Starting a blocking GC Explicit
08-05 14:48:11.350  7308  7308 D CompassActivity: will set rotation from 179.16138 to 179.17108
08-05 14:48:11.350  7308  7308 D CompassActivity: will set rotation from 179.17108 to 179.17029
08-05 14:48:11.371  7308  7308 D CompassActivity: will set rotation from 179.17029 to 179.1773
08-05 14:48:11.371  7308  7308 D CompassActivity: will set rotation from 179.1773 to 179.17474
08-05 14:48:11.390  7308  7308 D CompassActivity: will set rotation from 179.17474 to 179.15033
08-05 14:48:11.390  7308  7308 D CompassActivity: will set rotation from 179.15033 to 179.14783
08-05 14:48:11.398  7308  7328 I art     : Explicit concurrent mark sweep GC freed 186(9KB) AllocSpace objects, 0(0B) LOS objects, 6% free, 236MB/252MB, paused 1.469ms total 55.606ms
08-05 14:48:11.409  7308  7308 D CompassActivity: will set rotation from 179.14783 to 179.12451
08-05 14:48:11.412  7308  7308 D CompassActivity: will set rotation from 179.12451 to 179.12213
08-05 14:48:11.418  7308  7328 I art     : Starting a blocking GC Explicit
08-05 14:48:11.430  7308  7308 D CompassActivity: will set rotation from 179.12213 to 179.11584
08-05 14:48:11.430  7308  7308 D CompassActivity: will set rotation from 179.11584 to 179.11389
08-05 14:48:11.450  7308  7308 D CompassActivity: will set rotation from 179.11389 to 179.1095
08-05 14:48:11.451  7308  7308 D CompassActivity: will set rotation from 179.1095 to 179.11182
08-05 14:48:11.472  7308  7308 D CompassActivity: will set rotation from 179.11182 to 179.10596
08-05 14:48:11.474  7308  7308 D CompassActivity: will set rotation from 179.10596 to 179.1101
08-05 14:48:11.474  7308  7328 I art     : Explicit concurrent mark sweep GC freed 166(7KB) AllocSpace objects, 0(0B) LOS objects, 6% free, 236MB/252MB, paused 1.289ms total 56.527ms
08-05 14:48:11.491  7308  7308 D CompassActivity: will set rotation from 179.1101 to 179.09143
08-05 14:48:11.492  7308  7308 D CompassActivity: will set rotation from 179.09143 to 179.09186
08-05 14:48:11.494  7308  7328 I art     : Starting a blocking GC Explicit
08-05 14:48:11.510  7308  7308 D CompassActivity: will set rotation from 179.09186 to 179.10175
08-05 14:48:11.510  7308  7308 D CompassActivity: will set rotation from 179.10175 to 179.10034
08-05 14:48:11.530  7308  7308 D CompassActivity: will set rotation from 179.10034 to 179.09692
08-05 14:48:11.531  7308  7308 D CompassActivity: will set rotation from 179.09692 to 179.09491
08-05 14:48:11.543  9818  9818 D AndroidRuntime: >>>>>> START com.android.internal.os.RuntimeInit uid 2000 <<<<<<
08-05 14:48:11.549  9818  9818 D AndroidRuntime: CheckJNI is OFF
08-05 14:48:11.550  7308  7308 D CompassActivity: will set rotation from 179.09491 to 179.09027
08-05 14:48:11.550  7308  7328 I art     : Explicit concurrent mark sweep GC freed 141(7KB) AllocSpace objects, 0(0B) LOS objects, 6% free, 236MB/252MB, paused 1.536ms total 56.200ms
08-05 14:48:11.551  7308  7308 D CompassActivity: will set rotation from 179.09027 to 179.08899
08-05 14:48:11.574  7308  7308 D CompassActivity: will set rotation from 179.08899 to 179.12714
08-05 14:48:11.575  7308  7308 D CompassActivity: will set rotation from 179.12714 to 179.12573
08-05 14:48:11.590  7308  7308 D CompassActivity: will set rotation from 179.12573 to 179.10425
08-05 14:48:11.591  7308  7308 D CompassActivity: will set rotation from 179.10425 to 179.10333
08-05 14:48:11.595  9818  9818 D ICU     : No timezone override file found: /data/misc/zoneinfo/current/icu/icu_tzdata.dat
08-05 14:48:11.609  7308  7308 D CompassActivity: will set rotation from 179.10333 to 179.08191
08-05 14:48:11.610  7308  7308 D CompassActivity: will set rotation from 179.08191 to 179.08325
08-05 14:48:11.629  7308  7308 D CompassActivity: will set rotation from 179.08325 to 179.0943
08-05 14:48:11.629  7308  7308 D CompassActivity: will set rotation from 179.0943 to 179.09589
08-05 14:48:11.648  7308  7308 D CompassActivity: will set rotation from 179.09589 to 179.09143
08-05 14:48:11.649  7308  7308 D CompassActivity: will set rotation from 179.09143 to 179.09143
08-05 14:48:11.661  9818  9818 I Radio-JNI: register_android_hardware_Radio DONE
08-05 14:48:11.668  7308  7308 D CompassActivity: will set rotation from 179.09143 to 179.08618
08-05 14:48:11.669  7308  7308 D CompassActivity: will set rotation from 179.08618 to 179.08643
08-05 14:48:11.690  7308  7308 D CompassActivity: will set rotation from 179.08643 to 179.08081
08-05 14:48:11.691  7308  7308 D CompassActivity: will set rotation from 179.08081 to 179.08038
08-05 14:48:11.692  9818  9818 D AndroidRuntime: Calling main entry com.android.commands.input.Input
08-05 14:48:11.693  9818  9818 I Input   : injectKeyEvent: KeyEvent { action=ACTION_DOWN, keyCode=KEYCODE_BACK, scanCode=0, metaState=0, flags=0x0, repeatCount=0, eventTime=802108106, downTime=802108106, deviceId=-1, source=0x101 }
08-05 14:48:11.701  9818  9818 I Input   : injectKeyEvent: KeyEvent { action=ACTION_UP, keyCode=KEYCODE_BACK, scanCode=0, metaState=0, flags=0x0, repeatCount=0, eventTime=802108106, downTime=802108106, deviceId=-1, source=0x101 }
08-05 14:48:11.708  9818  9818 D AndroidRuntime: Shutting down VM
08-05 14:48:11.710  7308  7308 D CompassActivity: will set rotation from 179.08038 to 179.05908
08-05 14:48:11.710  7308  7308 D CompassActivity: will set rotation from 179.05908 to 179.05737
08-05 14:48:11.710   918  5132 I sensors : activate
08-05 14:48:11.711   918  3670 I sensors : activate
08-05 14:48:11.717   918  3188 I hubconnection: sensorhub said: 'activate 1 enable:0'
08-05 14:48:11.718   918  3188 I hubconnection: sensorhub said: 'activate 3 enable:0'
08-05 14:48:11.739  7308  7308 V MainActivity: url = https://project-travel-mate.herokuapp.com/api/number-of-unread-notifications
08-05 14:48:11.851 13866 13866 I GoogleInputMethodServic: GoogleInputMethodService.onFinishInput():3138 
08-05 14:48:11.851 13866 13866 I GoogleInputMethodServic: GoogleInputMethodService.onStartInput():1808 
08-05 14:48:11.957  7308  9116 I art     : Starting a blocking GC Explicit
08-05 14:48:12.016  7308  9116 I art     : Explicit concurrent mark sweep GC freed 2383(130KB) AllocSpace objects, 2(48KB) LOS objects, 6% free, 236MB/252MB, paused 1.262ms total 58.464ms
08-05 14:48:12.037  7308  9116 I art     : Starting a blocking GC Explicit
08-05 14:48:12.105  7308  9116 I art     : Explicit concurrent mark sweep GC freed 371(14KB) AllocSpace objects, 0(0B) LOS objects, 6% free, 236MB/252MB, paused 1.286ms total 67.507ms
08-05 14:48:12.119  7308  7308 D CompassActivity: stop compass
08-05 14:48:12.120   380   380 W SurfaceFlinger: couldn't log to binary event log: overflow.
08-05 14:48:12.126  7308  9116 I art     : Starting a blocking GC Explicit
08-05 14:48:12.178  7308  9116 I art     : Explicit concurrent mark sweep GC freed 19(672B) AllocSpace objects, 0(0B) LOS objects, 6% free, 236MB/252MB, paused 1.425ms total 52.069ms
08-05 14:48:12.197  7308  9116 I art     : Starting a blocking GC Explicit
08-05 14:48:12.252  7308  9116 I art     : Explicit concurrent mark sweep GC freed 131(6KB) AllocSpace objects, 0(0B) LOS objects, 6% free, 236MB/252MB, paused 1.385ms total 54.956ms
08-05 14:48:12.271  7308  9116 I art     : Starting a blocking GC Explicit
08-05 14:48:12.345  7308  9116 I art     : Explicit concurrent mark sweep GC freed 1141(75KB) AllocSpace objects, 3(52MB) LOS objects, 7% free, 184MB/200MB, paused 1.360ms total 74.006ms
08-05 14:48:12.646  7308  9841 I NAPPA_EXPERIMENTATION: MetricNetworkRequestExecutionTime: REQUEST_DURATION_SYSTEM='905',REQUEST_DURATION_OKHTTP='40',REQUEST_SYNCHRONOUS='FALSE',RESPONSE_CODE='200',RESPONSE_METHOD='GET',RESPONSE_LENGTH_OKHTTP='36',RESPONSE_LENGTH_HEADER='36',REQUEST_PROTOCOL='http/1.1',REQUEST_URL='https://project-travel-mate.herokuapp.com/api/number-of-unread-notifications',
08-05 14:48:12.756  7308  7321 I art     : Starting a blocking GC Explicit
08-05 14:48:12.833  7308  7321 I art     : Explicit concurrent mark sweep GC freed 4387(240KB) AllocSpace objects, 5(248KB) LOS objects, 7% free, 184MB/200MB, paused 1.488ms total 75.816ms
08-05 14:48:12.852   518   646 I ThermalEngine: ACTION: GPU - Setting GPU[0] to 390000000
08-05 14:48:12.863  7308  7321 I art     : Starting a blocking GC Explicit
08-05 14:48:12.935  7308  7321 I art     : Explicit concurrent mark sweep GC freed 999(118KB) AllocSpace objects, 0(0B) LOS objects, 7% free, 184MB/200MB, paused 2.078ms total 71.287ms
08-05 14:48:12.961  7308  7321 I art     : Starting a blocking GC Explicit
08-05 14:48:13.031  7308  7321 I art     : Explicit concurrent mark sweep GC freed 3(96B) AllocSpace objects, 0(0B) LOS objects, 7% free, 184MB/200MB, paused 2.077ms total 69.541ms
08-05 14:48:13.057  7308  7321 I art     : Starting a blocking GC Explicit
08-05 14:48:13.128  7308  7321 I art     : Explicit concurrent mark sweep GC freed 14(720B) AllocSpace objects, 0(0B) LOS objects, 7% free, 184MB/200MB, paused 2.024ms total 69.931ms
08-05 14:48:13.153  7308  7321 I art     : Starting a blocking GC Explicit
08-05 14:48:13.223  7308  7321 I art     : Explicit concurrent mark sweep GC freed 14(672B) AllocSpace objects, 0(0B) LOS objects, 7% free, 184MB/200MB, paused 2.032ms total 69.753ms
08-05 14:48:13.599  9857  9857 D AndroidRuntime: >>>>>> START com.android.internal.os.RuntimeInit uid 2000 <<<<<<
08-05 14:48:13.608  9857  9857 D AndroidRuntime: CheckJNI is OFF
08-05 14:48:13.616   918  3188 I hubconnection: sensorhub said: 'set_bias 3: -6.2400, 0.0000, 0.0000'
08-05 14:48:13.666  9857  9857 D ICU     : No timezone override file found: /data/misc/zoneinfo/current/icu/icu_tzdata.dat
08-05 14:48:13.688  7308  7328 I art     : Starting a blocking GC Explicit
08-05 14:48:13.711  9857  9857 I Radio-JNI: register_android_hardware_Radio DONE
08-05 14:48:13.743  9857  9857 D AndroidRuntime: Calling main entry com.android.commands.input.Input
08-05 14:48:13.745  9857  9857 I Input   : injectMotionEvent: MotionEvent { action=ACTION_DOWN, actionButton=0, id[0]=0, x[0]=500.0, y[0]=2000.0, toolType[0]=TOOL_TYPE_UNKNOWN, buttonState=0, metaState=0, flags=0x0, edgeFlags=0x0, pointerCount=1, historySize=0, eventTime=802110158, downTime=802110158, deviceId=0, source=0x1002 }
08-05 14:48:13.752  9857  9857 I Input   : injectMotionEvent: MotionEvent { action=ACTION_MOVE, actionButton=0, id[0]=0, x[0]=500.0, y[0]=2000.0, toolType[0]=TOOL_TYPE_UNKNOWN, buttonState=0, metaState=0, flags=0x0, edgeFlags=0x0, pointerCount=1, historySize=0, eventTime=802110158, downTime=802110158, deviceId=0, source=0x1002 }
08-05 14:48:13.758  9857  9857 I Input   : injectMotionEvent: MotionEvent { action=ACTION_MOVE, actionButton=0, id[0]=0, x[0]=500.0, y[0]=1975.3, toolType[0]=TOOL_TYPE_UNKNOWN, buttonState=0, metaState=0, flags=0x0, edgeFlags=0x0, pointerCount=1, historySize=0, eventTime=802110171, downTime=802110171, deviceId=0, source=0x1002 }
08-05 14:48:13.759  7308  7328 I art     : Explicit concurrent mark sweep GC freed 1623(93KB) AllocSpace objects, 2(48KB) LOS objects, 7% free, 184MB/200MB, paused 2.064ms total 69.822ms
08-05 14:48:13.773  9857  9857 I Input   : injectMotionEvent: MotionEvent { action=ACTION_MOVE, actionButton=0, id[0]=0, x[0]=500.0, y[0]=1946.8, toolType[0]=TOOL_TYPE_UNKNOWN, buttonState=0, metaState=0, flags=0x0, edgeFlags=0x0, pointerCount=1, historySize=0, eventTime=802110186, downTime=802110186, deviceId=0, source=0x1002 }
08-05 14:48:13.785  7308  7328 I art     : Starting a blocking GC Explicit
08-05 14:48:13.799  9857  9857 I Input   : injectMotionEvent: MotionEvent { action=ACTION_MOVE, actionButton=0, id[0]=0, x[0]=500.0, y[0]=1897.4, toolType[0]=TOOL_TYPE_UNKNOWN, buttonState=0, metaState=0, flags=0x0, edgeFlags=0x0, pointerCount=1, historySize=0, eventTime=802110212, downTime=802110212, deviceId=0, source=0x1002 }
08-05 14:48:13.809  9857  9857 I Input   : injectMotionEvent: MotionEvent { action=ACTION_MOVE, actionButton=0, id[0]=0, x[0]=500.0, y[0]=1878.4, toolType[0]=TOOL_TYPE_UNKNOWN, buttonState=0, metaState=0, flags=0x0, edgeFlags=0x0, pointerCount=1, historySize=0, eventTime=802110222, downTime=802110222, deviceId=0, source=0x1002 }
08-05 14:48:13.829  9857  9857 I Input   : injectMotionEvent: MotionEvent { action=ACTION_MOVE, actionButton=0, id[0]=0, x[0]=500.0, y[0]=1840.4, toolType[0]=TOOL_TYPE_UNKNOWN, buttonState=0, metaState=0, flags=0x0, edgeFlags=0x0, pointerCount=1, historySize=0, eventTime=802110242, downTime=802110242, deviceId=0, source=0x1002 }
08-05 14:48:13.840  9857  9857 I Input   : injectMotionEvent: MotionEvent { action=ACTION_MOVE, actionButton=0, id[0]=0, x[0]=500.0, y[0]=1817.6, toolType[0]=TOOL_TYPE_UNKNOWN, buttonState=0, metaState=0, flags=0x0, edgeFlags=0x0, pointerCount=1, historySize=0, eventTime=802110254, downTime=802110254, deviceId=0, source=0x1002 }
08-05 14:48:13.851   518   646 I ThermalEngine: ACTION: GPU - Setting GPU[0] to 450000000
08-05 14:48:13.856  9857  9857 I Input   : injectMotionEvent: MotionEvent { action=ACTION_MOVE, actionButton=0, id[0]=0, x[0]=500.0, y[0]=1789.1, toolType[0]=TOOL_TYPE_UNKNOWN, buttonState=0, metaState=0, flags=0x0, edgeFlags=0x0, pointerCount=1, historySize=0, eventTime=802110269, downTime=802110269, deviceId=0, source=0x1002 }
08-05 14:48:13.868  7308  7328 I art     : Explicit concurrent mark sweep GC freed 136(4KB) AllocSpace objects, 0(0B) LOS objects, 7% free, 184MB/200MB, paused 1.538ms total 81.999ms
08-05 14:48:13.873  9857  9857 I Input   : injectMotionEvent: MotionEvent { action=ACTION_MOVE, actionButton=0, id[0]=0, x[0]=500.0, y[0]=1756.8, toolType[0]=TOOL_TYPE_UNKNOWN, buttonState=0, metaState=0, flags=0x0, edgeFlags=0x0, pointerCount=1, historySize=0, eventTime=802110286, downTime=802110286, deviceId=0, source=0x1002 }
08-05 14:48:13.888  7308  7328 I art     : Starting a blocking GC Explicit
08-05 14:48:13.892  9857  9857 I Input   : injectMotionEvent: MotionEvent { action=ACTION_MOVE, actionButton=0, id[0]=0, x[0]=500.0, y[0]=1720.7, toolType[0]=TOOL_TYPE_UNKNOWN, buttonState=0, metaState=0, flags=0x0, edgeFlags=0x0, pointerCount=1, historySize=0, eventTime=802110305, downTime=802110305, deviceId=0, source=0x1002 }
08-05 14:48:13.906  9857  9857 I Input   : injectMotionEvent: MotionEvent { action=ACTION_MOVE, actionButton=0, id[0]=0, x[0]=500.0, y[0]=1694.1, toolType[0]=TOOL_TYPE_UNKNOWN, buttonState=0, metaState=0, flags=0x0, edgeFlags=0x0, pointerCount=1, historySize=0, eventTime=802110319, downTime=802110319, deviceId=0, source=0x1002 }
08-05 14:48:13.923  9857  9857 I Input   : injectMotionEvent: MotionEvent { action=ACTION_MOVE, actionButton=0, id[0]=0, x[0]=500.0, y[0]=1661.8, toolType[0]=TOOL_TYPE_UNKNOWN, buttonState=0, metaState=0, flags=0x0, edgeFlags=0x0, pointerCount=1, historySize=0, eventTime=802110336, downTime=802110336, deviceId=0, source=0x1002 }
08-05 14:48:13.942  9857  9857 I Input   : injectMotionEvent: MotionEvent { action=ACTION_MOVE, actionButton=0, id[0]=0, x[0]=500.0, y[0]=1627.6, toolType[0]=TOOL_TYPE_UNKNOWN, buttonState=0, metaState=0, flags=0x0, edgeFlags=0x0, pointerCount=1, historySize=0, eventTime=802110354, downTime=802110354, deviceId=0, source=0x1002 }
08-05 14:48:13.949  7308  7328 I art     : Explicit concurrent mark sweep GC freed 27(1088B) AllocSpace objects, 0(0B) LOS objects, 7% free, 184MB/200MB, paused 1.903ms total 61.228ms
08-05 14:48:13.957  9857  9857 I Input   : injectMotionEvent: MotionEvent { action=ACTION_MOVE, actionButton=0, id[0]=0, x[0]=500.0, y[0]=1597.2, toolType[0]=TOOL_TYPE_UNKNOWN, buttonState=0, metaState=0, flags=0x0, edgeFlags=0x0, pointerCount=1, historySize=0, eventTime=802110370, downTime=802110370, deviceId=0, source=0x1002 }
08-05 14:48:13.973  7308  7328 I art     : Starting a blocking GC Explicit
08-05 14:48:13.973  9857  9857 I Input   : injectMotionEvent: MotionEvent { action=ACTION_MOVE, actionButton=0, id[0]=0, x[0]=500.0, y[0]=1566.8, toolType[0]=TOOL_TYPE_UNKNOWN, buttonState=0, metaState=0, flags=0x0, edgeFlags=0x0, pointerCount=1, historySize=0, eventTime=802110386, downTime=802110386, deviceId=0, source=0x1002 }
08-05 14:48:13.989  9857  9857 I Input   : injectMotionEvent: MotionEvent { action=ACTION_MOVE, actionButton=0, id[0]=0, x[0]=500.0, y[0]=1536.4, toolType[0]=TOOL_TYPE_UNKNOWN, buttonState=0, metaState=0, flags=0x0, edgeFlags=0x0, pointerCount=1, historySize=0, eventTime=802110402, downTime=802110402, deviceId=0, source=0x1002 }
08-05 14:48:14.006  9857  9857 I Input   : injectMotionEvent: MotionEvent { action=ACTION_MOVE, actionButton=0, id[0]=0, x[0]=500.0, y[0]=1504.1, toolType[0]=TOOL_TYPE_UNKNOWN, buttonState=0, metaState=0, flags=0x0, edgeFlags=0x0, pointerCount=1, historySize=0, eventTime=802110419, downTime=802110419, deviceId=0, source=0x1002 }
08-05 14:48:14.023  9857  9857 I Input   : injectMotionEvent: MotionEvent { action=ACTION_MOVE, actionButton=0, id[0]=0, x[0]=500.0, y[0]=1471.8, toolType[0]=TOOL_TYPE_UNKNOWN, buttonState=0, metaState=0, flags=0x0, edgeFlags=0x0, pointerCount=1, historySize=0, eventTime=802110436, downTime=802110436, deviceId=0, source=0x1002 }
08-05 14:48:14.033  7308  7328 I art     : Explicit concurrent mark sweep GC freed 5(192B) AllocSpace objects, 0(0B) LOS objects, 7% free, 184MB/200MB, paused 1.330ms total 59.990ms
08-05 14:48:14.040  9857  9857 I Input   : injectMotionEvent: MotionEvent { action=ACTION_MOVE, actionButton=0, id[0]=0, x[0]=500.0, y[0]=1439.5, toolType[0]=TOOL_TYPE_UNKNOWN, buttonState=0, metaState=0, flags=0x0, edgeFlags=0x0, pointerCount=1, historySize=0, eventTime=802110453, downTime=802110453, deviceId=0, source=0x1002 }
08-05 14:48:14.053  7308  7328 I art     : Starting a blocking GC Explicit
08-05 14:48:14.057  9857  9857 I Input   : injectMotionEvent: MotionEvent { action=ACTION_MOVE, actionButton=0, id[0]=0, x[0]=500.0, y[0]=1407.2, toolType[0]=TOOL_TYPE_UNKNOWN, buttonState=0, metaState=0, flags=0x0, edgeFlags=0x0, pointerCount=1, historySize=0, eventTime=802110470, downTime=802110470, deviceId=0, source=0x1002 }
08-05 14:48:14.073  9857  9857 I Input   : injectMotionEvent: MotionEvent { action=ACTION_MOVE, actionButton=0, id[0]=0, x[0]=500.0, y[0]=1376.8, toolType[0]=TOOL_TYPE_UNKNOWN, buttonState=0, metaState=0, flags=0x0, edgeFlags=0x0, pointerCount=1, historySize=0, eventTime=802110486, downTime=802110486, deviceId=0, source=0x1002 }
08-05 14:48:14.089  9857  9857 I Input   : injectMotionEvent: MotionEvent { action=ACTION_MOVE, actionButton=0, id[0]=0, x[0]=500.0, y[0]=1344.5, toolType[0]=TOOL_TYPE_UNKNOWN, buttonState=0, metaState=0, flags=0x0, edgeFlags=0x0, pointerCount=1, historySize=0, eventTime=802110503, downTime=802110503, deviceId=0, source=0x1002 }
08-05 14:48:14.106  9857  9857 I Input   : injectMotionEvent: MotionEvent { action=ACTION_MOVE, actionButton=0, id[0]=0, x[0]=500.0, y[0]=1314.1, toolType[0]=TOOL_TYPE_UNKNOWN, buttonState=0, metaState=0, flags=0x0, edgeFlags=0x0, pointerCount=1, historySize=0, eventTime=802110519, downTime=802110519, deviceId=0, source=0x1002 }
08-05 14:48:14.109  7308  7328 I art     : Explicit concurrent mark sweep GC freed 3(96B) AllocSpace objects, 0(0B) LOS objects, 7% free, 184MB/200MB, paused 1.488ms total 55.787ms
08-05 14:48:14.123  9857  9857 I Input   : injectMotionEvent: MotionEvent { action=ACTION_MOVE, actionButton=0, id[0]=0, x[0]=500.0, y[0]=1281.8, toolType[0]=TOOL_TYPE_UNKNOWN, buttonState=0, metaState=0, flags=0x0, edgeFlags=0x0, pointerCount=1, historySize=0, eventTime=802110536, downTime=802110536, deviceId=0, source=0x1002 }
08-05 14:48:14.140  9857  9857 I Input   : injectMotionEvent: MotionEvent { action=ACTION_MOVE, actionButton=0, id[0]=0, x[0]=500.0, y[0]=1249.5, toolType[0]=TOOL_TYPE_UNKNOWN, buttonState=0, metaState=0, flags=0x0, edgeFlags=0x0, pointerCount=1, historySize=0, eventTime=802110553, downTime=802110553, deviceId=0, source=0x1002 }
08-05 14:48:14.157  9857  9857 I Input   : injectMotionEvent: MotionEvent { action=ACTION_MOVE, actionButton=0, id[0]=0, x[0]=500.0, y[0]=1217.2, toolType[0]=TOOL_TYPE_UNKNOWN, buttonState=0, metaState=0, flags=0x0, edgeFlags=0x0, pointerCount=1, historySize=0, eventTime=802110570, downTime=802110570, deviceId=0, source=0x1002 }
08-05 14:48:14.217  9857  9857 I Input   : injectMotionEvent: MotionEvent { action=ACTION_MOVE, actionButton=0, id[0]=0, x[0]=500.0, y[0]=1103.2, toolType[0]=TOOL_TYPE_UNKNOWN, buttonState=0, metaState=0, flags=0x0, edgeFlags=0x0, pointerCount=1, historySize=0, eventTime=802110630, downTime=802110630, deviceId=0, source=0x1002 }
08-05 14:48:14.272  9857  9857 I Input   : injectMotionEvent: MotionEvent { action=ACTION_MOVE, actionButton=0, id[0]=0, x[0]=500.0, y[0]=996.8, toolType[0]=TOOL_TYPE_UNKNOWN, buttonState=0, metaState=0, flags=0x0, edgeFlags=0x0, pointerCount=1, historySize=0, eventTime=802110686, downTime=802110686, deviceId=0, source=0x1002 }
08-05 14:48:14.330  9857  9857 I Input   : injectMotionEvent: MotionEvent { action=ACTION_MOVE, actionButton=0, id[0]=0, x[0]=500.0, y[0]=886.6, toolType[0]=TOOL_TYPE_UNKNOWN, buttonState=0, metaState=0, flags=0x0, edgeFlags=0x0, pointerCount=1, historySize=0, eventTime=802110744, downTime=802110744, deviceId=0, source=0x1002 }
08-05 14:48:14.393  9857  9857 I Input   : injectMotionEvent: MotionEvent { action=ACTION_MOVE, actionButton=0, id[0]=0, x[0]=500.0, y[0]=768.80005, toolType[0]=TOOL_TYPE_UNKNOWN, buttonState=0, metaState=0, flags=0x0, edgeFlags=0x0, pointerCount=1, historySize=0, eventTime=802110806, downTime=802110806, deviceId=0, source=0x1002 }
08-05 14:48:14.456  9857  9857 I Input   : injectMotionEvent: MotionEvent { action=ACTION_MOVE, actionButton=0, id[0]=0, x[0]=500.0, y[0]=647.19995, toolType[0]=TOOL_TYPE_UNKNOWN, buttonState=0, metaState=0, flags=0x0, edgeFlags=0x0, pointerCount=1, historySize=0, eventTime=802110870, downTime=802110870, deviceId=0, source=0x1002 }
08-05 14:48:14.507  7308  7322 I art     : Starting a blocking GC Explicit
08-05 14:48:14.525  9857  9857 I Input   : injectMotionEvent: MotionEvent { action=ACTION_MOVE, actionButton=0, id[0]=0, x[0]=500.0, y[0]=518.0, toolType[0]=TOOL_TYPE_UNKNOWN, buttonState=0, metaState=0, flags=0x0, edgeFlags=0x0, pointerCount=1, historySize=0, eventTime=802110938, downTime=802110938, deviceId=0, source=0x1002 }
08-05 14:48:14.562  7308  7322 I art     : Explicit concurrent mark sweep GC freed 1605(93KB) AllocSpace objects, 2(48KB) LOS objects, 7% free, 184MB/200MB, paused 1.490ms total 54.700ms
08-05 14:48:14.581  7308  7322 I art     : Starting a blocking GC Explicit
08-05 14:48:14.589  9857  9857 I Input   : injectMotionEvent: MotionEvent { action=ACTION_MOVE, actionButton=0, id[0]=0, x[0]=500.0, y[0]=394.5, toolType[0]=TOOL_TYPE_UNKNOWN, buttonState=0, metaState=0, flags=0x0, edgeFlags=0x0, pointerCount=1, historySize=0, eventTime=802111003, downTime=802111003, deviceId=0, source=0x1002 }
08-05 14:48:14.638  7308  7322 I art     : Explicit concurrent mark sweep GC freed 43(1728B) AllocSpace objects, 0(0B) LOS objects, 7% free, 184MB/200MB, paused 1.519ms total 56.088ms
08-05 14:48:14.656  7308  7322 I art     : Starting a blocking GC Explicit
08-05 14:48:14.686  9857  9857 I Input   : injectMotionEvent: MotionEvent { action=ACTION_MOVE, actionButton=0, id[0]=0, x[0]=500.0, y[0]=212.09998, toolType[0]=TOOL_TYPE_UNKNOWN, buttonState=0, metaState=0, flags=0x0, edgeFlags=0x0, pointerCount=1, historySize=0, eventTime=802111099, downTime=802111099, deviceId=0, source=0x1002 }
08-05 14:48:14.709  7308  7322 I art     : Explicit concurrent mark sweep GC freed 6(192B) AllocSpace objects, 0(0B) LOS objects, 7% free, 184MB/200MB, paused 1.552ms total 52.343ms
08-05 14:48:14.725  9857  9857 I Input   : injectMotionEvent: MotionEvent { action=ACTION_MOVE, actionButton=0, id[0]=0, x[0]=500.0, y[0]=138.0, toolType[0]=TOOL_TYPE_UNKNOWN, buttonState=0, metaState=0, flags=0x0, edgeFlags=0x0, pointerCount=1, historySize=0, eventTime=802111138, downTime=802111138, deviceId=0, source=0x1002 }
08-05 14:48:14.730  7308  7322 I art     : Starting a blocking GC Explicit
08-05 14:48:14.764  9857  9857 I Input   : injectMotionEvent: MotionEvent { action=ACTION_UP, actionButton=0, id[0]=0, x[0]=500.0, y[0]=100.0, toolType[0]=TOOL_TYPE_UNKNOWN, buttonState=0, metaState=0, flags=0x0, edgeFlags=0x0, pointerCount=1, historySize=0, eventTime=802111177, downTime=802111177, deviceId=0, source=0x1002 }
08-05 14:48:14.782  7308  7322 I art     : Explicit concurrent mark sweep GC freed 9(288B) AllocSpace objects, 0(0B) LOS objects, 7% free, 184MB/200MB, paused 1.276ms total 51.947ms
08-05 14:48:14.803  9857  9857 D AndroidRuntime: Shutting down VM
08-05 14:48:14.804  7308  7322 I art     : Starting a blocking GC Explicit
08-05 14:48:14.856  7308  7322 I art     : Explicit concurrent mark sweep GC freed 11(352B) AllocSpace objects, 0(0B) LOS objects, 7% free, 184MB/200MB, paused 1.277ms total 51.600ms
08-05 14:48:15.262  7308  7321 I art     : Starting a blocking GC Explicit
08-05 14:48:15.312  7308  7321 I art     : Explicit concurrent mark sweep GC freed 1678(95KB) AllocSpace objects, 2(48KB) LOS objects, 7% free, 184MB/200MB, paused 1.249ms total 49.460ms
08-05 14:48:15.336  7308  7321 I art     : Starting a blocking GC Explicit
08-05 14:48:15.384  7308  7321 I art     : Explicit concurrent mark sweep GC freed 30(1088B) AllocSpace objects, 0(0B) LOS objects, 7% free, 184MB/200MB, paused 1.233ms total 48.311ms
08-05 14:48:15.403  7308  7321 I art     : Starting a blocking GC Explicit
08-05 14:48:15.453  7308  7321 I art     : Explicit concurrent mark sweep GC freed 5(160B) AllocSpace objects, 0(0B) LOS objects, 7% free, 184MB/200MB, paused 1.291ms total 49.414ms
08-05 14:48:15.472  7308  7321 I art     : Starting a blocking GC Explicit
08-05 14:48:15.522  7308  7321 I art     : Explicit concurrent mark sweep GC freed 3(96B) AllocSpace objects, 0(0B) LOS objects, 7% free, 184MB/200MB, paused 1.280ms total 49.470ms
08-05 14:48:15.524  9898  9898 D AndroidRuntime: >>>>>> START com.android.internal.os.RuntimeInit uid 2000 <<<<<<
08-05 14:48:15.529  9898  9898 D AndroidRuntime: CheckJNI is OFF
08-05 14:48:15.543  7308  7321 I art     : Starting a blocking GC Explicit
08-05 14:48:15.568  9898  9898 D ICU     : No timezone override file found: /data/misc/zoneinfo/current/icu/icu_tzdata.dat
08-05 14:48:15.593  7308  7321 I art     : Explicit concurrent mark sweep GC freed 3(96B) AllocSpace objects, 0(0B) LOS objects, 7% free, 184MB/200MB, paused 1.269ms total 48.610ms
08-05 14:48:15.607  9898  9898 I Radio-JNI: register_android_hardware_Radio DONE
08-05 14:48:15.635  9898  9898 D AndroidRuntime: Calling main entry com.android.commands.input.Input
08-05 14:48:15.637  9898  9898 I Input   : injectMotionEvent: MotionEvent { action=ACTION_DOWN, actionButton=0, id[0]=0, x[0]=500.0, y[0]=2000.0, toolType[0]=TOOL_TYPE_UNKNOWN, buttonState=0, metaState=0, flags=0x0, edgeFlags=0x0, pointerCount=1, historySize=0, eventTime=802112050, downTime=802112050, deviceId=0, source=0x1002 }
08-05 14:48:15.726  9898  9898 I Input   : injectMotionEvent: MotionEvent { action=ACTION_MOVE, actionButton=0, id[0]=0, x[0]=500.0, y[0]=2000.0, toolType[0]=TOOL_TYPE_UNKNOWN, buttonState=0, metaState=0, flags=0x0, edgeFlags=0x0, pointerCount=1, historySize=0, eventTime=802112050, downTime=802112050, deviceId=0, source=0x1002 }
08-05 14:48:15.742  9898  9898 I Input   : injectMotionEvent: MotionEvent { action=ACTION_MOVE, actionButton=0, id[0]=0, x[0]=500.0, y[0]=1800.5, toolType[0]=TOOL_TYPE_UNKNOWN, buttonState=0, metaState=0, flags=0x0, edgeFlags=0x0, pointerCount=1, historySize=0, eventTime=802112155, downTime=802112155, deviceId=0, source=0x1002 }
08-05 14:48:15.757  9898  9898 I Input   : injectMotionEvent: MotionEvent { action=ACTION_MOVE, actionButton=0, id[0]=0, x[0]=500.0, y[0]=1770.1, toolType[0]=TOOL_TYPE_UNKNOWN, buttonState=0, metaState=0, flags=0x0, edgeFlags=0x0, pointerCount=1, historySize=0, eventTime=802112171, downTime=802112171, deviceId=0, source=0x1002 }
08-05 14:48:15.775  9898  9898 I Input   : injectMotionEvent: MotionEvent { action=ACTION_MOVE, actionButton=0, id[0]=0, x[0]=500.0, y[0]=1737.8, toolType[0]=TOOL_TYPE_UNKNOWN, buttonState=0, metaState=0, flags=0x0, edgeFlags=0x0, pointerCount=1, historySize=0, eventTime=802112188, downTime=802112188, deviceId=0, source=0x1002 }
08-05 14:48:15.876  9898  9898 I Input   : injectMotionEvent: MotionEvent { action=ACTION_MOVE, actionButton=0, id[0]=0, x[0]=500.0, y[0]=1545.9, toolType[0]=TOOL_TYPE_UNKNOWN, buttonState=0, metaState=0, flags=0x0, edgeFlags=0x0, pointerCount=1, historySize=0, eventTime=802112289, downTime=802112289, deviceId=0, source=0x1002 }
08-05 14:48:15.993  9898  9898 I Input   : injectMotionEvent: MotionEvent { action=ACTION_MOVE, actionButton=0, id[0]=0, x[0]=500.0, y[0]=1323.6, toolType[0]=TOOL_TYPE_UNKNOWN, buttonState=0, metaState=0, flags=0x0, edgeFlags=0x0, pointerCount=1, historySize=0, eventTime=802112406, downTime=802112406, deviceId=0, source=0x1002 }
08-05 14:48:15.994  7308  7328 I art     : Starting a blocking GC Explicit
08-05 14:48:16.031  9898  9898 I Input   : injectMotionEvent: MotionEvent { action=ACTION_MOVE, actionButton=0, id[0]=0, x[0]=500.0, y[0]=1251.4, toolType[0]=TOOL_TYPE_UNKNOWN, buttonState=0, metaState=0, flags=0x0, edgeFlags=0x0, pointerCount=1, historySize=0, eventTime=802112444, downTime=802112444, deviceId=0, source=0x1002 }
08-05 14:48:16.047  7308  7328 I art     : Explicit concurrent mark sweep GC freed 1642(93KB) AllocSpace objects, 2(48KB) LOS objects, 7% free, 184MB/200MB, paused 1.365ms total 52.822ms
08-05 14:48:16.066  7308  7328 I art     : Starting a blocking GC Explicit
08-05 14:48:16.073  9898  9898 I Input   : injectMotionEvent: MotionEvent { action=ACTION_MOVE, actionButton=0, id[0]=0, x[0]=500.0, y[0]=1169.7, toolType[0]=TOOL_TYPE_UNKNOWN, buttonState=0, metaState=0, flags=0x0, edgeFlags=0x0, pointerCount=1, historySize=0, eventTime=802112487, downTime=802112487, deviceId=0, source=0x1002 }
08-05 14:48:16.112  9898  9898 I Input   : injectMotionEvent: MotionEvent { action=ACTION_MOVE, actionButton=0, id[0]=0, x[0]=500.0, y[0]=1097.5, toolType[0]=TOOL_TYPE_UNKNOWN, buttonState=0, metaState=0, flags=0x0, edgeFlags=0x0, pointerCount=1, historySize=0, eventTime=802112525, downTime=802112525, deviceId=0, source=0x1002 }
08-05 14:48:16.121  7308  7328 I art     : Explicit concurrent mark sweep GC freed 28(1024B) AllocSpace objects, 0(0B) LOS objects, 7% free, 184MB/200MB, paused 1.294ms total 53.981ms
08-05 14:48:16.140  7308  7328 I art     : Starting a blocking GC Explicit
08-05 14:48:16.151  9898  9898 I Input   : injectMotionEvent: MotionEvent { action=ACTION_MOVE, actionButton=0, id[0]=0, x[0]=500.0, y[0]=1021.5, toolType[0]=TOOL_TYPE_UNKNOWN, buttonState=0, metaState=0, flags=0x0, edgeFlags=0x0, pointerCount=1, historySize=0, eventTime=802112565, downTime=802112565, deviceId=0, source=0x1002 }
08-05 14:48:16.194  7308  7328 I art     : Explicit concurrent mark sweep GC freed 15(752B) AllocSpace objects, 0(0B) LOS objects, 7% free, 184MB/200MB, paused 1.319ms total 53.227ms
08-05 14:48:16.194  9898  9898 I Input   : injectMotionEvent: MotionEvent { action=ACTION_MOVE, actionButton=0, id[0]=0, x[0]=500.0, y[0]=941.7001, toolType[0]=TOOL_TYPE_UNKNOWN, buttonState=0, metaState=0, flags=0x0, edgeFlags=0x0, pointerCount=1, historySize=0, eventTime=802112607, downTime=802112607, deviceId=0, source=0x1002 }
08-05 14:48:16.213  7308  7328 I art     : Starting a blocking GC Explicit
08-05 14:48:16.233  9898  9898 I Input   : injectMotionEvent: MotionEvent { action=ACTION_MOVE, actionButton=0, id[0]=0, x[0]=500.0, y[0]=867.6, toolType[0]=TOOL_TYPE_UNKNOWN, buttonState=0, metaState=0, flags=0x0, edgeFlags=0x0, pointerCount=1, historySize=0, eventTime=802112646, downTime=802112646, deviceId=0, source=0x1002 }
08-05 14:48:16.269  7308  7328 I art     : Explicit concurrent mark sweep GC freed 13(640B) AllocSpace objects, 0(0B) LOS objects, 7% free, 184MB/200MB, paused 1.324ms total 56.086ms
08-05 14:48:16.271  9898  9898 I Input   : injectMotionEvent: MotionEvent { action=ACTION_MOVE, actionButton=0, id[0]=0, x[0]=500.0, y[0]=795.4, toolType[0]=TOOL_TYPE_UNKNOWN, buttonState=0, metaState=0, flags=0x0, edgeFlags=0x0, pointerCount=1, historySize=0, eventTime=802112684, downTime=802112684, deviceId=0, source=0x1002 }
08-05 14:48:16.288  7308  7328 I art     : Starting a blocking GC Explicit
08-05 14:48:16.310  9898  9898 I Input   : injectMotionEvent: MotionEvent { action=ACTION_MOVE, actionButton=0, id[0]=0, x[0]=500.0, y[0]=721.30005, toolType[0]=TOOL_TYPE_UNKNOWN, buttonState=0, metaState=0, flags=0x0, edgeFlags=0x0, pointerCount=1, historySize=0, eventTime=802112723, downTime=802112723, deviceId=0, source=0x1002 }
08-05 14:48:16.341  7308  7328 I art     : Explicit concurrent mark sweep GC freed 3(96B) AllocSpace objects, 0(0B) LOS objects, 7% free, 184MB/200MB, paused 1.466ms total 52.353ms
08-05 14:48:16.347  9898  9898 I Input   : injectMotionEvent: MotionEvent { action=ACTION_MOVE, actionButton=0, id[0]=0, x[0]=500.0, y[0]=649.1, toolType[0]=TOOL_TYPE_UNKNOWN, buttonState=0, metaState=0, flags=0x0, edgeFlags=0x0, pointerCount=1, historySize=0, eventTime=802112761, downTime=802112761, deviceId=0, source=0x1002 }
08-05 14:48:16.382  9898  9898 I Input   : injectMotionEvent: MotionEvent { action=ACTION_MOVE, actionButton=0, id[0]=0, x[0]=500.0, y[0]=582.6, toolType[0]=TOOL_TYPE_UNKNOWN, buttonState=0, metaState=0, flags=0x0, edgeFlags=0x0, pointerCount=1, historySize=0, eventTime=802112796, downTime=802112796, deviceId=0, source=0x1002 }
08-05 14:48:16.418  9898  9898 I Input   : injectMotionEvent: MotionEvent { action=ACTION_MOVE, actionButton=0, id[0]=0, x[0]=500.0, y[0]=516.1, toolType[0]=TOOL_TYPE_UNKNOWN, buttonState=0, metaState=0, flags=0x0, edgeFlags=0x0, pointerCount=1, historySize=0, eventTime=802112831, downTime=802112831, deviceId=0, source=0x1002 }
08-05 14:48:16.452  9898  9898 I Input   : injectMotionEvent: MotionEvent { action=ACTION_MOVE, actionButton=0, id[0]=0, x[0]=500.0, y[0]=451.5, toolType[0]=TOOL_TYPE_UNKNOWN, buttonState=0, metaState=0, flags=0x0, edgeFlags=0x0, pointerCount=1, historySize=0, eventTime=802112865, downTime=802112865, deviceId=0, source=0x1002 }
08-05 14:48:16.487  9898  9898 I Input   : injectMotionEvent: MotionEvent { action=ACTION_MOVE, actionButton=0, id[0]=0, x[0]=500.0, y[0]=383.09998, toolType[0]=TOOL_TYPE_UNKNOWN, buttonState=0, metaState=0, flags=0x0, edgeFlags=0x0, pointerCount=1, historySize=0, eventTime=802112901, downTime=802112901, deviceId=0, source=0x1002 }
08-05 14:48:16.525  9898  9898 I Input   : injectMotionEvent: MotionEvent { action=ACTION_MOVE, actionButton=0, id[0]=0, x[0]=500.0, y[0]=312.79993, toolType[0]=TOOL_TYPE_UNKNOWN, buttonState=0, metaState=0, flags=0x0, edgeFlags=0x0, pointerCount=1, historySize=0, eventTime=802112938, downTime=802112938, deviceId=0, source=0x1002 }
08-05 14:48:16.562  9898  9898 I Input   : injectMotionEvent: MotionEvent { action=ACTION_MOVE, actionButton=0, id[0]=0, x[0]=500.0, y[0]=242.5, toolType[0]=TOOL_TYPE_UNKNOWN, buttonState=0, metaState=0, flags=0x0, edgeFlags=0x0, pointerCount=1, historySize=0, eventTime=802112975, downTime=802112975, deviceId=0, source=0x1002 }
08-05 14:48:16.602  9898  9898 I Input   : injectMotionEvent: MotionEvent { action=ACTION_MOVE, actionButton=0, id[0]=0, x[0]=500.0, y[0]=164.59998, toolType[0]=TOOL_TYPE_UNKNOWN, buttonState=0, metaState=0, flags=0x0, edgeFlags=0x0, pointerCount=1, historySize=0, eventTime=802113016, downTime=802113016, deviceId=0, source=0x1002 }
08-05 14:48:16.643  9898  9898 I Input   : injectMotionEvent: MotionEvent { action=ACTION_UP, actionButton=0, id[0]=0, x[0]=500.0, y[0]=100.0, toolType[0]=TOOL_TYPE_UNKNOWN, buttonState=0, metaState=0, flags=0x0, edgeFlags=0x0, pointerCount=1, historySize=0, eventTime=802113056, downTime=802113056, deviceId=0, source=0x1002 }
08-05 14:48:16.682  9898  9898 D AndroidRuntime: Shutting down VM
08-05 14:48:16.737  7308  7322 I art     : Starting a blocking GC Explicit
08-05 14:48:16.794  7308  7322 I art     : Explicit concurrent mark sweep GC freed 1601(92KB) AllocSpace objects, 2(48KB) LOS objects, 7% free, 184MB/200MB, paused 1.460ms total 56.219ms
08-05 14:48:16.814  7308  7322 I art     : Starting a blocking GC Explicit
08-05 14:48:16.859   518   646 I ThermalEngine: ACTION: GPU - Setting GPU[0] to 390000000
08-05 14:48:16.878  7308  7322 I art     : Explicit concurrent mark sweep GC freed 64(1984B) AllocSpace objects, 0(0B) LOS objects, 7% free, 184MB/200MB, paused 1.895ms total 63.155ms
08-05 14:48:16.901  7308  7322 I art     : Starting a blocking GC Explicit
08-05 14:48:16.968  7308  7322 I art     : Explicit concurrent mark sweep GC freed 4(128B) AllocSpace objects, 0(0B) LOS objects, 7% free, 184MB/200MB, paused 2.071ms total 66.770ms
08-05 14:48:16.995  7308  7322 I art     : Starting a blocking GC Explicit
08-05 14:48:17.063  7308  7322 I art     : Explicit concurrent mark sweep GC freed 3(96B) AllocSpace objects, 0(0B) LOS objects, 7% free, 184MB/200MB, paused 2.010ms total 67.460ms
08-05 14:48:17.089  7308  7322 I art     : Starting a blocking GC Explicit
08-05 14:48:17.159  7308  7322 I art     : Explicit concurrent mark sweep GC freed 3(96B) AllocSpace objects, 0(0B) LOS objects, 7% free, 184MB/200MB, paused 2.093ms total 69.747ms
08-05 14:48:17.594  9943  9943 D AndroidRuntime: >>>>>> START com.android.internal.os.RuntimeInit uid 2000 <<<<<<
08-05 14:48:17.601  9943  9943 D AndroidRuntime: CheckJNI is OFF
08-05 14:48:17.626  7308  7328 I art     : Starting a blocking GC Explicit
08-05 14:48:17.654  9943  9943 D ICU     : No timezone override file found: /data/misc/zoneinfo/current/icu/icu_tzdata.dat
08-05 14:48:17.696  7308  7328 I art     : Explicit concurrent mark sweep GC freed 1598(92KB) AllocSpace objects, 2(48KB) LOS objects, 7% free, 184MB/200MB, paused 2.049ms total 69.161ms
08-05 14:48:17.700  9943  9943 I Radio-JNI: register_android_hardware_Radio DONE
08-05 14:48:17.722  7308  7328 I art     : Starting a blocking GC Explicit
08-05 14:48:17.733  9943  9943 D AndroidRuntime: Calling main entry com.android.commands.input.Input
08-05 14:48:17.735  9943  9943 I Input   : injectMotionEvent: MotionEvent { action=ACTION_DOWN, actionButton=0, id[0]=0, x[0]=657.0, y[0]=2080.0, toolType[0]=TOOL_TYPE_UNKNOWN, buttonState=0, metaState=0, flags=0x0, edgeFlags=0x0, pointerCount=1, historySize=0, eventTime=802114148, downTime=802114148, deviceId=0, source=0x1002 }
08-05 14:48:17.740  9943  9943 I Input   : injectMotionEvent: MotionEvent { action=ACTION_UP, actionButton=0, id[0]=0, x[0]=657.0, y[0]=2080.0, toolType[0]=TOOL_TYPE_UNKNOWN, buttonState=0, metaState=0, flags=0x0, edgeFlags=0x0, pointerCount=1, historySize=0, eventTime=802114148, downTime=802114148, deviceId=0, source=0x1002 }
08-05 14:48:17.743  9943  9943 D AndroidRuntime: Shutting down VM
08-05 14:48:17.743   918  6029 I ActivityManager: START u0 {cmp=baseline.io.github.project_travel_mate/.utilities.UpcomingWeekendsActivity} from uid 10674 on display 0
08-05 14:48:17.746   512  2967 D audio_hw_primary: out_set_parameters: enter: usecase(1: low-latency-playback) kvpairs: routing=2
08-05 14:48:17.759   512  2967 D audio_hw_primary: select_devices: out_snd_device(2: speaker) in_snd_device(0: none)
08-05 14:48:17.759   512  2967 D msm8974_platform: platform_send_audio_calibration: sending audio calibration for snd_device(2) acdb_id(15)
08-05 14:48:17.759   512  2967 I soundtrigger: audio_extn_sound_trigger_update_device_status: device 0x2 of type 0 for Event 1
08-05 14:48:17.774   512  2967 D audio_hw_primary: enable_snd_device: snd_device(2: speaker)
08-05 14:48:17.777   512  2967 D audio_hw_primary: enable_audio_route: apply and update mixer path: low-latency-playback speaker
08-05 14:48:17.791  7308  7381 D Gabe    : call	returning from cache
08-05 14:48:17.793  7308  7328 I art     : Explicit concurrent mark sweep GC freed 320(19KB) AllocSpace objects, 0(0B) LOS objects, 7% free, 184MB/200MB, paused 2.537ms total 70.298ms
08-05 14:48:17.797  7308  7308 V EXECUTING: https://project-travel-mate.herokuapp.com/api/get-upcoming-holidays/2020
08-05 14:48:17.801  7308  7308 V EXECUTING: https://project-travel-mate.herokuapp.com/api/get-upcoming-holidays/2020
08-05 14:48:17.817  7308  7328 I art     : Starting a blocking GC Explicit
08-05 14:48:17.883  7308  7328 I art     : Explicit concurrent mark sweep GC freed 898(59KB) AllocSpace objects, 0(0B) LOS objects, 7% free, 184MB/200MB, paused 1.945ms total 65.558ms
08-05 14:48:17.891 13866 13866 I GoogleInputMethodServic: GoogleInputMethodService.onFinishInput():3138 
08-05 14:48:17.892 13866 13866 I GoogleInputMethodServic: GoogleInputMethodService.onStartInput():1808 
08-05 14:48:17.906  7308  7328 I art     : Starting a blocking GC Explicit
08-05 14:48:17.969  7308  7328 I art     : Explicit concurrent mark sweep GC freed 719(28KB) AllocSpace objects, 0(0B) LOS objects, 7% free, 189MB/205MB, paused 2.176ms total 62.546ms
08-05 14:48:17.992  7308  7328 I art     : Starting a blocking GC Explicit
08-05 14:48:17.995   918   936 I ActivityManager: Displayed baseline.io.github.project_travel_mate/.utilities.UpcomingWeekendsActivity: +237ms
08-05 14:48:18.060  7308  7328 I art     : Explicit concurrent mark sweep GC freed 119(3008B) AllocSpace objects, 0(0B) LOS objects, 7% free, 189MB/205MB, paused 2.190ms total 67.416ms
08-05 14:48:18.243   380   380 W SurfaceFlinger: couldn't log to binary event log: overflow.
08-05 14:48:18.319   512  2967 D audio_hw_primary: disable_audio_route: reset and update mixer path: low-latency-playback speaker
08-05 14:48:18.320   512  2967 D audio_hw_primary: disable_snd_device: snd_device(2: speaker)
08-05 14:48:18.330   512  2967 I soundtrigger: audio_extn_sound_trigger_update_device_status: device 0x2 of type 0 for Event 0
08-05 14:48:18.482  7308  9967 I NAPPA_EXPERIMENTATION: MetricNetworkRequestExecutionTime: REQUEST_DURATION_SYSTEM='680',REQUEST_DURATION_OKHTTP='43',REQUEST_SYNCHRONOUS='FALSE',RESPONSE_CODE='200',RESPONSE_METHOD='GET',RESPONSE_LENGTH_OKHTTP='6426',RESPONSE_LENGTH_HEADER='6426',REQUEST_PROTOCOL='http/1.1',REQUEST_URL='https://project-travel-mate.herokuapp.com/api/get-upcoming-holidays/2020',
08-05 14:48:18.505  7308  7322 I art     : Starting a blocking GC Explicit
08-05 14:48:18.519  7308  9966 I NAPPA_EXPERIMENTATION: MetricNetworkRequestExecutionTime: REQUEST_DURATION_SYSTEM='721',REQUEST_DURATION_OKHTTP='74',REQUEST_SYNCHRONOUS='FALSE',RESPONSE_CODE='200',RESPONSE_METHOD='GET',RESPONSE_LENGTH_OKHTTP='6426',RESPONSE_LENGTH_HEADER='6426',REQUEST_PROTOCOL='http/1.1',REQUEST_URL='https://project-travel-mate.herokuapp.com/api/get-upcoming-holidays/2020',
08-05 14:48:18.572  7308  7322 I art     : Explicit concurrent mark sweep GC freed 7648(391KB) AllocSpace objects, 11(496KB) LOS objects, 7% free, 189MB/205MB, paused 2.293ms total 67.448ms
08-05 14:48:18.597  7308  7322 I art     : Starting a blocking GC Explicit
08-05 14:48:18.624  7308  7308 V Response: [{"month":"January","date":1,"day":"Wednesday","name":"New Year's Day","type":"Restricted"},{"month":"January","date":2,"day":"Thursday","name":"Guru Govind Singh Jayanti","type":"Restricted"},{"month":"January","date":14,"day":"Tuesday","name":"Lohri","type":"Restricted"},{"month":"January","date":15,"day":"Wednesday","name":"Pongal","type":"Restricted"},{"month":"January","date":15,"day":"Wednesday","name":"Makar Sankranti","type":"Restricted"},{"month":"January","date":25,"day":"Saturday","name":"Chinese New Year","type":"Observance"},{"month":"January","date":26,"day":"Sunday","name":"Republic Day","type":"Gazetted"},{"month":"January","date":30,"day":"Thursday","name":"Vasant Panchami","type":"Restricted"},{"month":"February","date":9,"day":"Sunday","name":"Guru Ravidas Jayanti","type":"Restricted"},{"month":"February","date":14,"day":"Friday","name":"Valentine's Day","type":"Observance"},{"month":"February","date":18,"day":"Tuesday","name":"Maharishi Dayanand Saraswati Jayanti","type":"Restricted"},{"month":"February","date":19,"day":"Wednesday","name":"Shivaji Jayanti","type":"Restricted"},{"month":"February","date":21,"day":"Friday","name":"Maha Shivaratri/Shivaratri","type":"Gazetted"},{"month":"March","date":9,"day":"Monday","name":"Holika Dahana","type":"Restricted"},{"month":"March","date":9,"day":"Monday","name":"Hazarat Ali's Birthday","type":"Restricted"},{"month":"March","date":10,"day":"Tuesday","name":"Holi","type":"Gazetted"},{"month":"March","date":20,"day":"Friday","name":"March Equinox","type":"Season"},{"month":"March","date":25,"day":"Wednesday","name":"Chaitra Sukhladi","type":"Restricted"},{"month":"April","date":2,"day":"Thursday","name":"Rama Navami","type":"Gazetted"},{"month":"April","date":6,"day":"Monday","name":"Mahavir Jayanti","type":"Gazetted"},{"month":"April","date":9,"day":"Thursday","name":"First day of Passover","type":"Observance"},{"month":"April","date":9,"day":"Thursday","name":"Maundy Thursday","type":"Observance,"},{"month":"April","date":10,"day":"Friday","name":"Good Friday","type":"Gazetted"},{"month":"April","date":12,"day":"Sunday","name":"Easter Day","type":"Restricted"},{"month":"April","date":13,"day":"Monday","name":"Vaisakhi","type":"Restricted"},{"month":"April","date":14,"day":"Tuesday","name":"Mesadi/Vaisakhadi","type":"Restricted"},{"month":"April","date":14,"day":"Tuesday","name":"Ambedkar Jayanti","type":"Central"},{"month":"May","date":1,"day":"Friday","name":"May Day","type":"Observance"},{"month":"May","date":7,"day":"Thursday","name":"Buddha Purnima/Vesak","type":"Gazetted"},{"month":"May","date":7,"day":"Thursday","name":"Birthday of Ravindranath","type":"Restricted"},{"month":"May","date":10,"day":"Sunday","name":"Mother's Day","type":"Observance"},{"month":"May","date":22,"day":"Friday","name":"Jamat Ul-Vida","type":"Restricted"},{"month":"May","date":25,"day":"Monday","name":"Ramzan Id/Eid-ul-Fitar","type":"Gazetted"},{"month":"May","date":25,"day":"Monday","name":"Ramzan Id/Eid-ul-Fitar","type":"Muslim,"},{"month":"June","date":21,"day":"Sunday","name":"June Solstice","type":"Season"},{"month":"June","date":21,"day":"Sunday","name":"Father's Day","type":"Observance"},{"month":"June","date":23,"day":"Tuesday","name":"Rath Yatra","type":"Restricted"},{"month":"July","date":5,"day":"Sunday","name":"Guru Purnima","type":"Observance"},{"month":"July","date":31,"day":"Friday","name":"Bakr Id/Eid ul-Adha","type":"Gazetted"},{"month":"August","date":2,"day":"Sunday","name":"Friendship Day","type":"Observance"},{"month":"August","date":3,"day":"Monday","name":"Raksha Bandhan (Rakhi)","type":"Restricted"},{"month":"August","date":11,"day":"Tuesday","name":"Janmashtami (Smarta)","type":"Restricted"},{"month":"August","date":12,"day":"Wednesday","name":"Janmashtami","type":"Gazetted"},{"month":"August","date":15,"day":"Saturday","name":"Independence Day","type":"Gazetted"},{"month":"August","date":16,"day":"Sunday","name":"Parsi New Year","type":"Restricted"},{"month":"August","date":22,"day":"Saturday","name":"Ganesh Chaturthi/Vin
08-05 14:48:18.628  7308  7308 V Response: [{"month":"January","date":1,"day":"Wednesday","name":"New Year's Day","type":"Restricted"},{"month":"January","date":2,"day":"Thursday","name":"Guru Govind Singh Jayanti","type":"Restricted"},{"month":"January","date":14,"day":"Tuesday","name":"Lohri","type":"Restricted"},{"month":"January","date":15,"day":"Wednesday","name":"Pongal","type":"Restricted"},{"month":"January","date":15,"day":"Wednesday","name":"Makar Sankranti","type":"Restricted"},{"month":"January","date":25,"day":"Saturday","name":"Chinese New Year","type":"Observance"},{"month":"January","date":26,"day":"Sunday","name":"Republic Day","type":"Gazetted"},{"month":"January","date":30,"day":"Thursday","name":"Vasant Panchami","type":"Restricted"},{"month":"February","date":9,"day":"Sunday","name":"Guru Ravidas Jayanti","type":"Restricted"},{"month":"February","date":14,"day":"Friday","name":"Valentine's Day","type":"Observance"},{"month":"February","date":18,"day":"Tuesday","name":"Maharishi Dayanand Saraswati Jayanti","type":"Restricted"},{"month":"February","date":19,"day":"Wednesday","name":"Shivaji Jayanti","type":"Restricted"},{"month":"February","date":21,"day":"Friday","name":"Maha Shivaratri/Shivaratri","type":"Gazetted"},{"month":"March","date":9,"day":"Monday","name":"Holika Dahana","type":"Restricted"},{"month":"March","date":9,"day":"Monday","name":"Hazarat Ali's Birthday","type":"Restricted"},{"month":"March","date":10,"day":"Tuesday","name":"Holi","type":"Gazetted"},{"month":"March","date":20,"day":"Friday","name":"March Equinox","type":"Season"},{"month":"March","date":25,"day":"Wednesday","name":"Chaitra Sukhladi","type":"Restricted"},{"month":"April","date":2,"day":"Thursday","name":"Rama Navami","type":"Gazetted"},{"month":"April","date":6,"day":"Monday","name":"Mahavir Jayanti","type":"Gazetted"},{"month":"April","date":9,"day":"Thursday","name":"First day of Passover","type":"Observance"},{"month":"April","date":9,"day":"Thursday","name":"Maundy Thursday","type":"Observance,"},{"month":"April","date":10,"day":"Friday","name":"Good Friday","type":"Gazetted"},{"month":"April","date":12,"day":"Sunday","name":"Easter Day","type":"Restricted"},{"month":"April","date":13,"day":"Monday","name":"Vaisakhi","type":"Restricted"},{"month":"April","date":14,"day":"Tuesday","name":"Mesadi/Vaisakhadi","type":"Restricted"},{"month":"April","date":14,"day":"Tuesday","name":"Ambedkar Jayanti","type":"Central"},{"month":"May","date":1,"day":"Friday","name":"May Day","type":"Observance"},{"month":"May","date":7,"day":"Thursday","name":"Buddha Purnima/Vesak","type":"Gazetted"},{"month":"May","date":7,"day":"Thursday","name":"Birthday of Ravindranath","type":"Restricted"},{"month":"May","date":10,"day":"Sunday","name":"Mother's Day","type":"Observance"},{"month":"May","date":22,"day":"Friday","name":"Jamat Ul-Vida","type":"Restricted"},{"month":"May","date":25,"day":"Monday","name":"Ramzan Id/Eid-ul-Fitar","type":"Gazetted"},{"month":"May","date":25,"day":"Monday","name":"Ramzan Id/Eid-ul-Fitar","type":"Muslim,"},{"month":"June","date":21,"day":"Sunday","name":"June Solstice","type":"Season"},{"month":"June","date":21,"day":"Sunday","name":"Father's Day","type":"Observance"},{"month":"June","date":23,"day":"Tuesday","name":"Rath Yatra","type":"Restricted"},{"month":"July","date":5,"day":"Sunday","name":"Guru Purnima","type":"Observance"},{"month":"July","date":31,"day":"Friday","name":"Bakr Id/Eid ul-Adha","type":"Gazetted"},{"month":"August","date":2,"day":"Sunday","name":"Friendship Day","type":"Observance"},{"month":"August","date":3,"day":"Monday","name":"Raksha Bandhan (Rakhi)","type":"Restricted"},{"month":"August","date":11,"day":"Tuesday","name":"Janmashtami (Smarta)","type":"Restricted"},{"month":"August","date":12,"day":"Wednesday","name":"Janmashtami","type":"Gazetted"},{"month":"August","date":15,"day":"Saturday","name":"Independence Day","type":"Gazetted"},{"month":"August","date":16,"day":"Sunday","name":"Parsi New Year","type":"Restricted"},{"month":"August","date":22,"day":"Saturday","name":"Ganesh Chaturthi/Vin
08-05 14:48:18.667  7308  7322 I art     : Explicit concurrent mark sweep GC freed 8575(475KB) AllocSpace objects, 0(0B) LOS objects, 7% free, 189MB/205MB, paused 5.711ms total 69.205ms
08-05 14:48:18.690  7308  7322 I art     : Starting a blocking GC Explicit
08-05 14:48:18.767  7308  7322 I art     : Explicit concurrent mark sweep GC freed 2718(97KB) AllocSpace objects, 0(0B) LOS objects, 7% free, 189MB/205MB, paused 2.122ms total 76.173ms
08-05 14:48:18.793  7308  7322 I art     : Starting a blocking GC Explicit
08-05 14:48:18.872  7308  7322 I art     : Explicit concurrent mark sweep GC freed 375(11KB) AllocSpace objects, 1(4MB) LOS objects, 7% free, 185MB/201MB, paused 2.127ms total 78.227ms
08-05 14:48:18.900  7308  7322 I art     : Starting a blocking GC Explicit
08-05 14:48:18.977  7308  7322 I art     : Explicit concurrent mark sweep GC freed 151(2656B) AllocSpace objects, 0(0B) LOS objects, 7% free, 185MB/201MB, paused 2.022ms total 76.308ms
08-05 14:48:19.429  7308  9116 I art     : Starting a blocking GC Explicit
08-05 14:48:19.507  7308  9116 I art     : Explicit concurrent mark sweep GC freed 2366(105KB) AllocSpace objects, 2(48KB) LOS objects, 7% free, 185MB/201MB, paused 2.126ms total 77.465ms
08-05 14:48:19.534  7308  9116 I art     : Starting a blocking GC Explicit
08-05 14:48:19.612  7308  9116 I art     : Explicit concurrent mark sweep GC freed 192(4KB) AllocSpace objects, 0(0B) LOS objects, 7% free, 185MB/201MB, paused 2.220ms total 77.081ms
08-05 14:48:19.640  7308  9116 I art     : Starting a blocking GC Explicit
08-05 14:48:19.715  7308  9116 I art     : Explicit concurrent mark sweep GC freed 151(2560B) AllocSpace objects, 0(0B) LOS objects, 7% free, 185MB/201MB, paused 2.343ms total 74.775ms
08-05 14:48:19.743  7308  9116 I art     : Starting a blocking GC Explicit
08-05 14:48:19.820  7308  9116 I art     : Explicit concurrent mark sweep GC freed 166(2800B) AllocSpace objects, 0(0B) LOS objects, 7% free, 185MB/201MB, paused 2.330ms total 76.961ms
08-05 14:48:19.848  7308  9116 I art     : Starting a blocking GC Explicit
08-05 14:48:19.925  7308  9116 I art     : Explicit concurrent mark sweep GC freed 185(3KB) AllocSpace objects, 0(0B) LOS objects, 7% free, 185MB/201MB, paused 2.104ms total 76.962ms
08-05 14:48:20.392  7308  7328 I art     : Starting a blocking GC Explicit
08-05 14:48:20.470  7308  7328 I art     : Explicit concurrent mark sweep GC freed 2392(105KB) AllocSpace objects, 2(48KB) LOS objects, 7% free, 185MB/201MB, paused 2.346ms total 77.663ms
08-05 14:48:20.498  7308  7328 I art     : Starting a blocking GC Explicit
08-05 14:48:20.575  7308  7328 I art     : Explicit concurrent mark sweep GC freed 193(4KB) AllocSpace objects, 0(0B) LOS objects, 7% free, 185MB/201MB, paused 2.034ms total 76.604ms
08-05 14:48:20.603  7308  7328 I art     : Starting a blocking GC Explicit
08-05 14:48:20.680  7308  7328 I art     : Explicit concurrent mark sweep GC freed 161(2928B) AllocSpace objects, 0(0B) LOS objects, 7% free, 185MB/201MB, paused 2.111ms total 76.823ms
08-05 14:48:20.708  7308  7328 I art     : Starting a blocking GC Explicit
08-05 14:48:20.785  7308  7328 I art     : Explicit concurrent mark sweep GC freed 171(2896B) AllocSpace objects, 0(0B) LOS objects, 7% free, 185MB/201MB, paused 2.110ms total 75.937ms
08-05 14:48:20.812  7308  7328 I art     : Starting a blocking GC Explicit
08-05 14:48:20.865   518   646 I ThermalEngine: ACTION: GPU - Setting GPU[0] to 450000000
08-05 14:48:20.884  7308  7328 I art     : Explicit concurrent mark sweep GC freed 183(3KB) AllocSpace objects, 0(0B) LOS objects, 7% free, 185MB/201MB, paused 1.347ms total 71.248ms
08-05 14:48:21.309  7308  7568 I art     : Starting a blocking GC Explicit
08-05 14:48:21.378  7308  7568 I art     : Explicit concurrent mark sweep GC freed 2284(103KB) AllocSpace objects, 2(48KB) LOS objects, 7% free, 185MB/201MB, paused 1.353ms total 68.483ms
08-05 14:48:21.401  7308  7568 I art     : Starting a blocking GC Explicit
08-05 14:48:21.467  7308  7568 I art     : Explicit concurrent mark sweep GC freed 156(3KB) AllocSpace objects, 0(0B) LOS objects, 7% free, 185MB/201MB, paused 1.524ms total 65.549ms
08-05 14:48:21.487  7308  7568 I art     : Starting a blocking GC Explicit
08-05 14:48:21.553  7308  7568 I art     : Explicit concurrent mark sweep GC freed 138(2336B) AllocSpace objects, 0(0B) LOS objects, 7% free, 185MB/201MB, paused 1.471ms total 65.544ms
08-05 14:48:21.573  7308  7568 I art     : Starting a blocking GC Explicit
08-05 14:48:21.639  7308  7568 I art     : Explicit concurrent mark sweep GC freed 123(2096B) AllocSpace objects, 0(0B) LOS objects, 7% free, 185MB/201MB, paused 1.472ms total 65.975ms
08-05 14:48:21.661  7308  7568 I art     : Starting a blocking GC Explicit
08-05 14:48:21.727  7308  7568 I art     : Explicit concurrent mark sweep GC freed 124(2128B) AllocSpace objects, 0(0B) LOS objects, 7% free, 185MB/201MB, paused 1.475ms total 65.828ms
08-05 14:48:22.163  7308  7321 I art     : Starting a blocking GC Explicit
08-05 14:48:22.225  7308  7321 I art     : Explicit concurrent mark sweep GC freed 2354(105KB) AllocSpace objects, 2(48KB) LOS objects, 7% free, 185MB/201MB, paused 1.424ms total 61.460ms
08-05 14:48:22.245  7308  7321 I art     : Starting a blocking GC Explicit
08-05 14:48:22.310  7308  7321 I art     : Explicit concurrent mark sweep GC freed 159(3KB) AllocSpace objects, 0(0B) LOS objects, 7% free, 185MB/201MB, paused 1.500ms total 64.370ms
08-05 14:48:22.330  7308  7321 I art     : Starting a blocking GC Explicit
08-05 14:48:22.395  7308  7321 I art     : Explicit concurrent mark sweep GC freed 123(2096B) AllocSpace objects, 0(0B) LOS objects, 7% free, 185MB/201MB, paused 1.451ms total 65.183ms
08-05 14:48:22.416  7308  7321 I art     : Starting a blocking GC Explicit
08-05 14:48:22.483  7308  7321 I art     : Explicit concurrent mark sweep GC freed 122(2064B) AllocSpace objects, 0(0B) LOS objects, 7% free, 185MB/201MB, paused 1.409ms total 66.074ms
08-05 14:48:22.503  7308  7321 I art     : Starting a blocking GC Explicit
08-05 14:48:22.529 10020 10020 D AndroidRuntime: >>>>>> START com.android.internal.os.RuntimeInit uid 2000 <<<<<<
08-05 14:48:22.534 10020 10020 D AndroidRuntime: CheckJNI is OFF
08-05 14:48:22.566  7308  7321 I art     : Explicit concurrent mark sweep GC freed 124(2128B) AllocSpace objects, 0(0B) LOS objects, 7% free, 185MB/201MB, paused 1.559ms total 63.015ms
08-05 14:48:22.583 10020 10020 D ICU     : No timezone override file found: /data/misc/zoneinfo/current/icu/icu_tzdata.dat
08-05 14:48:22.627 10020 10020 I Radio-JNI: register_android_hardware_Radio DONE
08-05 14:48:22.657 10020 10020 D AndroidRuntime: Calling main entry com.android.commands.input.Input
08-05 14:48:22.659 10020 10020 I Input   : injectKeyEvent: KeyEvent { action=ACTION_DOWN, keyCode=KEYCODE_BACK, scanCode=0, metaState=0, flags=0x0, repeatCount=0, eventTime=802119072, downTime=802119072, deviceId=-1, source=0x101 }
08-05 14:48:22.667 10020 10020 I Input   : injectKeyEvent: KeyEvent { action=ACTION_UP, keyCode=KEYCODE_BACK, scanCode=0, metaState=0, flags=0x0, repeatCount=0, eventTime=802119072, downTime=802119072, deviceId=-1, source=0x101 }
08-05 14:48:22.674 10020 10020 D AndroidRuntime: Shutting down VM
08-05 14:48:22.683  7308  7308 V MainActivity: url = https://project-travel-mate.herokuapp.com/api/number-of-unread-notifications
08-05 14:48:22.716 13866 13866 I GoogleInputMethodServic: GoogleInputMethodService.onFinishInput():3138 
08-05 14:48:22.717 13866 13866 I GoogleInputMethodServic: GoogleInputMethodService.onStartInput():1808 
08-05 14:48:22.956  7308  7321 I art     : Starting a blocking GC Explicit
08-05 14:48:23.024  7308  7321 I art     : Explicit concurrent mark sweep GC freed 2691(125KB) AllocSpace objects, 2(48KB) LOS objects, 7% free, 185MB/201MB, paused 1.707ms total 67.633ms
08-05 14:48:23.044  7308  7321 I art     : Starting a blocking GC Explicit
08-05 14:48:23.048   380   380 W SurfaceFlinger: couldn't log to binary event log: overflow.
08-05 14:48:23.101  7308  7321 I art     : Explicit concurrent mark sweep GC freed 150(4KB) AllocSpace objects, 1(188KB) LOS objects, 7% free, 185MB/201MB, paused 1.344ms total 56.888ms
08-05 14:48:23.120  7308  7321 I art     : Starting a blocking GC Explicit
08-05 14:48:23.181  7308  7321 I art     : Explicit concurrent mark sweep GC freed 6627(360KB) AllocSpace objects, 13(264KB) LOS objects, 7% free, 184MB/200MB, paused 1.533ms total 59.911ms
08-05 14:48:23.200  7308  7321 I art     : Starting a blocking GC Explicit
08-05 14:48:23.263  7308  7321 I art     : Explicit concurrent mark sweep GC freed 6(208B) AllocSpace objects, 0(0B) LOS objects, 7% free, 184MB/200MB, paused 1.785ms total 62.659ms
08-05 14:48:23.286  7308  7321 I art     : Starting a blocking GC Explicit
08-05 14:48:23.347  7308  7321 I art     : Explicit concurrent mark sweep GC freed 17(848B) AllocSpace objects, 0(0B) LOS objects, 7% free, 184MB/200MB, paused 1.453ms total 60.433ms
08-05 14:48:23.570  2820  2820 I ServiceManager: Waiting for service AtCmdFwd...
08-05 14:48:23.602  7308 10035 I NAPPA_EXPERIMENTATION: MetricNetworkRequestExecutionTime: REQUEST_DURATION_SYSTEM='918',REQUEST_DURATION_OKHTTP='33',REQUEST_SYNCHRONOUS='FALSE',RESPONSE_CODE='200',RESPONSE_METHOD='GET',RESPONSE_LENGTH_OKHTTP='36',RESPONSE_LENGTH_HEADER='36',REQUEST_PROTOCOL='http/1.1',REQUEST_URL='https://project-travel-mate.herokuapp.com/api/number-of-unread-notifications',
08-05 14:48:23.764  7308  7328 I art     : Starting a blocking GC Explicit
08-05 14:48:23.854  7308  7328 I art     : Explicit concurrent mark sweep GC freed 4395(240KB) AllocSpace objects, 5(248KB) LOS objects, 7% free, 185MB/201MB, paused 1.635ms total 89.028ms
08-05 14:48:23.879  7308  7328 I art     : Starting a blocking GC Explicit
08-05 14:48:23.936  7308  7328 I art     : Explicit concurrent mark sweep GC freed 999(118KB) AllocSpace objects, 0(0B) LOS objects, 7% free, 184MB/200MB, paused 1.493ms total 56.755ms
08-05 14:48:23.956  7308  7328 I art     : Starting a blocking GC Explicit
08-05 14:48:24.012  7308  7328 I art     : Explicit concurrent mark sweep GC freed 3(96B) AllocSpace objects, 0(0B) LOS objects, 7% free, 184MB/200MB, paused 1.420ms total 56.212ms
08-05 14:48:24.032  7308  7328 I art     : Starting a blocking GC Explicit
08-05 14:48:24.090  7308  7328 I art     : Explicit concurrent mark sweep GC freed 3(96B) AllocSpace objects, 0(0B) LOS objects, 7% free, 184MB/200MB, paused 1.539ms total 57.885ms
08-05 14:48:24.109  7308  7328 I art     : Starting a blocking GC Explicit
08-05 14:48:24.168  7308  7328 I art     : Explicit concurrent mark sweep GC freed 3(96B) AllocSpace objects, 0(0B) LOS objects, 7% free, 184MB/200MB, paused 1.575ms total 57.970ms
08-05 14:48:24.449 10058 10058 D AndroidRuntime: >>>>>> START com.android.internal.os.RuntimeInit uid 2000 <<<<<<
08-05 14:48:24.454 10058 10058 D AndroidRuntime: CheckJNI is OFF
08-05 14:48:24.494 10058 10058 D ICU     : No timezone override file found: /data/misc/zoneinfo/current/icu/icu_tzdata.dat
08-05 14:48:24.533 10058 10058 I Radio-JNI: register_android_hardware_Radio DONE
08-05 14:48:24.561 10058 10058 D AndroidRuntime: Calling main entry com.android.commands.input.Input
08-05 14:48:24.562 10058 10058 I Input   : injectMotionEvent: MotionEvent { action=ACTION_DOWN, actionButton=0, id[0]=0, x[0]=657.0, y[0]=2080.0, toolType[0]=TOOL_TYPE_UNKNOWN, buttonState=0, metaState=0, flags=0x0, edgeFlags=0x0, pointerCount=1, historySize=0, eventTime=802120975, downTime=802120975, deviceId=0, source=0x1002 }
08-05 14:48:24.571  2820  2820 I ServiceManager: Waiting for service AtCmdFwd...
08-05 14:48:24.599 10058 10058 I Input   : injectMotionEvent: MotionEvent { action=ACTION_UP, actionButton=0, id[0]=0, x[0]=657.0, y[0]=2080.0, toolType[0]=TOOL_TYPE_UNKNOWN, buttonState=0, metaState=0, flags=0x0, edgeFlags=0x0, pointerCount=1, historySize=0, eventTime=802120975, downTime=802120975, deviceId=0, source=0x1002 }
08-05 14:48:24.607  7308  7568 I art     : Starting a blocking GC Explicit
08-05 14:48:24.637 10058 10058 D AndroidRuntime: Shutting down VM
08-05 14:48:24.637   918  5132 I ActivityManager: START u0 {cmp=baseline.io.github.project_travel_mate/.utilities.UpcomingWeekendsActivity} from uid 10674 on display 0
08-05 14:48:24.639   512  2967 D audio_hw_primary: out_set_parameters: enter: usecase(1: low-latency-playback) kvpairs: routing=2
08-05 14:48:24.651   512  2967 D audio_hw_primary: select_devices: out_snd_device(2: speaker) in_snd_device(0: none)
08-05 14:48:24.652   512  2967 D msm8974_platform: platform_send_audio_calibration: sending audio calibration for snd_device(2) acdb_id(15)
08-05 14:48:24.652   512  2967 I soundtrigger: audio_extn_sound_trigger_update_device_status: device 0x2 of type 0 for Event 1
08-05 14:48:24.661   512  2967 D audio_hw_primary: enable_snd_device: snd_device(2: speaker)
08-05 14:48:24.663  7308  7568 I art     : Explicit concurrent mark sweep GC freed 1831(104KB) AllocSpace objects, 2(48KB) LOS objects, 7% free, 185MB/201MB, paused 1.872ms total 56.009ms
08-05 14:48:24.663   512  2967 D audio_hw_primary: enable_audio_route: apply and update mixer path: low-latency-playback speaker
08-05 14:48:24.667  7308  7381 D Gabe    : call	returning from cache
08-05 14:48:24.670  7308  7308 V EXECUTING: https://project-travel-mate.herokuapp.com/api/get-upcoming-holidays/2020
08-05 14:48:24.673  7308  7308 V EXECUTING: https://project-travel-mate.herokuapp.com/api/get-upcoming-holidays/2020
08-05 14:48:24.682  7308  7568 I art     : Starting a blocking GC Explicit
08-05 14:48:24.737  7308  7568 I art     : Explicit concurrent mark sweep GC freed 884(63KB) AllocSpace objects, 0(0B) LOS objects, 7% free, 185MB/201MB, paused 1.588ms total 55.533ms
08-05 14:48:24.755  7308  7568 I art     : Starting a blocking GC Explicit
08-05 14:48:24.765 13866 13866 I GoogleInputMethodServic: GoogleInputMethodService.onFinishInput():3138 
08-05 14:48:24.766 13866 13866 I GoogleInputMethodServic: GoogleInputMethodService.onStartInput():1808 
08-05 14:48:24.811  7308  7568 I art     : Explicit concurrent mark sweep GC freed 755(30KB) AllocSpace objects, 0(0B) LOS objects, 7% free, 189MB/205MB, paused 1.816ms total 55.630ms
08-05 14:48:24.830  7308  7568 I art     : Starting a blocking GC Explicit
08-05 14:48:24.858   918   936 I ActivityManager: Displayed baseline.io.github.project_travel_mate/.utilities.UpcomingWeekendsActivity: +213ms
08-05 14:48:24.884  7308  7568 I art     : Explicit concurrent mark sweep GC freed 151(4KB) AllocSpace objects, 0(0B) LOS objects, 7% free, 189MB/205MB, paused 1.734ms total 53.578ms
08-05 14:48:24.905  7308  7568 I art     : Starting a blocking GC Explicit
08-05 14:48:24.960  7308  7568 I art     : Explicit concurrent mark sweep GC freed 97(1808B) AllocSpace objects, 0(0B) LOS objects, 7% free, 189MB/205MB, paused 1.515ms total 55.599ms
08-05 14:48:25.117   380   380 W SurfaceFlinger: couldn't log to binary event log: overflow.
08-05 14:48:25.199   512  2967 D audio_hw_primary: disable_audio_route: reset and update mixer path: low-latency-playback speaker
08-05 14:48:25.201   512  2967 D audio_hw_primary: disable_snd_device: snd_device(2: speaker)
08-05 14:48:25.208   512  2967 I soundtrigger: audio_extn_sound_trigger_update_device_status: device 0x2 of type 0 for Event 0
08-05 14:48:25.360  7308  7322 I art     : Starting a blocking GC Explicit
08-05 14:48:25.415  7308  7322 I art     : Explicit concurrent mark sweep GC freed 2266(105KB) AllocSpace objects, 2(48KB) LOS objects, 7% free, 189MB/205MB, paused 1.655ms total 54.293ms
08-05 14:48:25.434  7308  7322 I art     : Starting a blocking GC Explicit
08-05 14:48:25.488  7308  7322 I art     : Explicit concurrent mark sweep GC freed 162(4KB) AllocSpace objects, 0(0B) LOS objects, 7% free, 189MB/205MB, paused 1.902ms total 52.955ms
08-05 14:48:25.507  7308  7322 I art     : Starting a blocking GC Explicit
08-05 14:48:25.561  7308  7322 I art     : Explicit concurrent mark sweep GC freed 151(2496B) AllocSpace objects, 0(0B) LOS objects, 7% free, 189MB/205MB, paused 1.655ms total 53.646ms
08-05 14:48:25.571  2820  2820 I ServiceManager: Waiting for service AtCmdFwd...
08-05 14:48:25.580  7308  7322 I art     : Starting a blocking GC Explicit
08-05 14:48:25.637  7308  7322 I art     : Explicit concurrent mark sweep GC freed 5214(264KB) AllocSpace objects, 4(240KB) LOS objects, 7% free, 190MB/206MB, paused 1.673ms total 56.217ms
08-05 14:48:25.644  7308 10083 I NAPPA_EXPERIMENTATION: MetricNetworkRequestExecutionTime: REQUEST_DURATION_SYSTEM='970',REQUEST_DURATION_OKHTTP='43',REQUEST_SYNCHRONOUS='FALSE',RESPONSE_CODE='200',RESPONSE_METHOD='GET',RESPONSE_LENGTH_OKHTTP='6426',RESPONSE_LENGTH_HEADER='6426',REQUEST_PROTOCOL='http/1.1',REQUEST_URL='https://project-travel-mate.herokuapp.com/api/get-upcoming-holidays/2020',
08-05 14:48:25.655  7308  7322 I art     : Starting a blocking GC Explicit
08-05 14:48:25.682  7308 10082 I NAPPA_EXPERIMENTATION: MetricNetworkRequestExecutionTime: REQUEST_DURATION_SYSTEM='1011',REQUEST_DURATION_OKHTTP='74',REQUEST_SYNCHRONOUS='FALSE',RESPONSE_CODE='200',RESPONSE_METHOD='GET',RESPONSE_LENGTH_OKHTTP='6426',RESPONSE_LENGTH_HEADER='6426',REQUEST_PROTOCOL='http/1.1',REQUEST_URL='https://project-travel-mate.herokuapp.com/api/get-upcoming-holidays/2020',
08-05 14:48:25.710  7308  7322 I art     : Explicit concurrent mark sweep GC freed 2210(254KB) AllocSpace objects, 4(192KB) LOS objects, 7% free, 189MB/205MB, paused 1.721ms total 53.932ms
08-05 14:48:25.762  7308  7308 V Response: [{"month":"January","date":1,"day":"Wednesday","name":"New Year's Day","type":"Restricted"},{"month":"January","date":2,"day":"Thursday","name":"Guru Govind Singh Jayanti","type":"Restricted"},{"month":"January","date":14,"day":"Tuesday","name":"Lohri","type":"Restricted"},{"month":"January","date":15,"day":"Wednesday","name":"Pongal","type":"Restricted"},{"month":"January","date":15,"day":"Wednesday","name":"Makar Sankranti","type":"Restricted"},{"month":"January","date":25,"day":"Saturday","name":"Chinese New Year","type":"Observance"},{"month":"January","date":26,"day":"Sunday","name":"Republic Day","type":"Gazetted"},{"month":"January","date":30,"day":"Thursday","name":"Vasant Panchami","type":"Restricted"},{"month":"February","date":9,"day":"Sunday","name":"Guru Ravidas Jayanti","type":"Restricted"},{"month":"February","date":14,"day":"Friday","name":"Valentine's Day","type":"Observance"},{"month":"February","date":18,"day":"Tuesday","name":"Maharishi Dayanand Saraswati Jayanti","type":"Restricted"},{"month":"February","date":19,"day":"Wednesday","name":"Shivaji Jayanti","type":"Restricted"},{"month":"February","date":21,"day":"Friday","name":"Maha Shivaratri/Shivaratri","type":"Gazetted"},{"month":"March","date":9,"day":"Monday","name":"Holika Dahana","type":"Restricted"},{"month":"March","date":9,"day":"Monday","name":"Hazarat Ali's Birthday","type":"Restricted"},{"month":"March","date":10,"day":"Tuesday","name":"Holi","type":"Gazetted"},{"month":"March","date":20,"day":"Friday","name":"March Equinox","type":"Season"},{"month":"March","date":25,"day":"Wednesday","name":"Chaitra Sukhladi","type":"Restricted"},{"month":"April","date":2,"day":"Thursday","name":"Rama Navami","type":"Gazetted"},{"month":"April","date":6,"day":"Monday","name":"Mahavir Jayanti","type":"Gazetted"},{"month":"April","date":9,"day":"Thursday","name":"First day of Passover","type":"Observance"},{"month":"April","date":9,"day":"Thursday","name":"Maundy Thursday","type":"Observance,"},{"month":"April","date":10,"day":"Friday","name":"Good Friday","type":"Gazetted"},{"month":"April","date":12,"day":"Sunday","name":"Easter Day","type":"Restricted"},{"month":"April","date":13,"day":"Monday","name":"Vaisakhi","type":"Restricted"},{"month":"April","date":14,"day":"Tuesday","name":"Mesadi/Vaisakhadi","type":"Restricted"},{"month":"April","date":14,"day":"Tuesday","name":"Ambedkar Jayanti","type":"Central"},{"month":"May","date":1,"day":"Friday","name":"May Day","type":"Observance"},{"month":"May","date":7,"day":"Thursday","name":"Buddha Purnima/Vesak","type":"Gazetted"},{"month":"May","date":7,"day":"Thursday","name":"Birthday of Ravindranath","type":"Restricted"},{"month":"May","date":10,"day":"Sunday","name":"Mother's Day","type":"Observance"},{"month":"May","date":22,"day":"Friday","name":"Jamat Ul-Vida","type":"Restricted"},{"month":"May","date":25,"day":"Monday","name":"Ramzan Id/Eid-ul-Fitar","type":"Gazetted"},{"month":"May","date":25,"day":"Monday","name":"Ramzan Id/Eid-ul-Fitar","type":"Muslim,"},{"month":"June","date":21,"day":"Sunday","name":"June Solstice","type":"Season"},{"month":"June","date":21,"day":"Sunday","name":"Father's Day","type":"Observance"},{"month":"June","date":23,"day":"Tuesday","name":"Rath Yatra","type":"Restricted"},{"month":"July","date":5,"day":"Sunday","name":"Guru Purnima","type":"Observance"},{"month":"July","date":31,"day":"Friday","name":"Bakr Id/Eid ul-Adha","type":"Gazetted"},{"month":"August","date":2,"day":"Sunday","name":"Friendship Day","type":"Observance"},{"month":"August","date":3,"day":"Monday","name":"Raksha Bandhan (Rakhi)","type":"Restricted"},{"month":"August","date":11,"day":"Tuesday","name":"Janmashtami (Smarta)","type":"Restricted"},{"month":"August","date":12,"day":"Wednesday","name":"Janmashtami","type":"Gazetted"},{"month":"August","date":15,"day":"Saturday","name":"Independence Day","type":"Gazetted"},{"month":"August","date":16,"day":"Sunday","name":"Parsi New Year","type":"Restricted"},{"month":"August","date":22,"day":"Saturday","name":"Ganesh Chaturthi/Vin
08-05 14:48:25.766  7308  7308 V Response: [{"month":"January","date":1,"day":"Wednesday","name":"New Year's Day","type":"Restricted"},{"month":"January","date":2,"day":"Thursday","name":"Guru Govind Singh Jayanti","type":"Restricted"},{"month":"January","date":14,"day":"Tuesday","name":"Lohri","type":"Restricted"},{"month":"January","date":15,"day":"Wednesday","name":"Pongal","type":"Restricted"},{"month":"January","date":15,"day":"Wednesday","name":"Makar Sankranti","type":"Restricted"},{"month":"January","date":25,"day":"Saturday","name":"Chinese New Year","type":"Observance"},{"month":"January","date":26,"day":"Sunday","name":"Republic Day","type":"Gazetted"},{"month":"January","date":30,"day":"Thursday","name":"Vasant Panchami","type":"Restricted"},{"month":"February","date":9,"day":"Sunday","name":"Guru Ravidas Jayanti","type":"Restricted"},{"month":"February","date":14,"day":"Friday","name":"Valentine's Day","type":"Observance"},{"month":"February","date":18,"day":"Tuesday","name":"Maharishi Dayanand Saraswati Jayanti","type":"Restricted"},{"month":"February","date":19,"day":"Wednesday","name":"Shivaji Jayanti","type":"Restricted"},{"month":"February","date":21,"day":"Friday","name":"Maha Shivaratri/Shivaratri","type":"Gazetted"},{"month":"March","date":9,"day":"Monday","name":"Holika Dahana","type":"Restricted"},{"month":"March","date":9,"day":"Monday","name":"Hazarat Ali's Birthday","type":"Restricted"},{"month":"March","date":10,"day":"Tuesday","name":"Holi","type":"Gazetted"},{"month":"March","date":20,"day":"Friday","name":"March Equinox","type":"Season"},{"month":"March","date":25,"day":"Wednesday","name":"Chaitra Sukhladi","type":"Restricted"},{"month":"April","date":2,"day":"Thursday","name":"Rama Navami","type":"Gazetted"},{"month":"April","date":6,"day":"Monday","name":"Mahavir Jayanti","type":"Gazetted"},{"month":"April","date":9,"day":"Thursday","name":"First day of Passover","type":"Observance"},{"month":"April","date":9,"day":"Thursday","name":"Maundy Thursday","type":"Observance,"},{"month":"April","date":10,"day":"Friday","name":"Good Friday","type":"Gazetted"},{"month":"April","date":12,"day":"Sunday","name":"Easter Day","type":"Restricted"},{"month":"April","date":13,"day":"Monday","name":"Vaisakhi","type":"Restricted"},{"month":"April","date":14,"day":"Tuesday","name":"Mesadi/Vaisakhadi","type":"Restricted"},{"month":"April","date":14,"day":"Tuesday","name":"Ambedkar Jayanti","type":"Central"},{"month":"May","date":1,"day":"Friday","name":"May Day","type":"Observance"},{"month":"May","date":7,"day":"Thursday","name":"Buddha Purnima/Vesak","type":"Gazetted"},{"month":"May","date":7,"day":"Thursday","name":"Birthday of Ravindranath","type":"Restricted"},{"month":"May","date":10,"day":"Sunday","name":"Mother's Day","type":"Observance"},{"month":"May","date":22,"day":"Friday","name":"Jamat Ul-Vida","type":"Restricted"},{"month":"May","date":25,"day":"Monday","name":"Ramzan Id/Eid-ul-Fitar","type":"Gazetted"},{"month":"May","date":25,"day":"Monday","name":"Ramzan Id/Eid-ul-Fitar","type":"Muslim,"},{"month":"June","date":21,"day":"Sunday","name":"June Solstice","type":"Season"},{"month":"June","date":21,"day":"Sunday","name":"Father's Day","type":"Observance"},{"month":"June","date":23,"day":"Tuesday","name":"Rath Yatra","type":"Restricted"},{"month":"July","date":5,"day":"Sunday","name":"Guru Purnima","type":"Observance"},{"month":"July","date":31,"day":"Friday","name":"Bakr Id/Eid ul-Adha","type":"Gazetted"},{"month":"August","date":2,"day":"Sunday","name":"Friendship Day","type":"Observance"},{"month":"August","date":3,"day":"Monday","name":"Raksha Bandhan (Rakhi)","type":"Restricted"},{"month":"August","date":11,"day":"Tuesday","name":"Janmashtami (Smarta)","type":"Restricted"},{"month":"August","date":12,"day":"Wednesday","name":"Janmashtami","type":"Gazetted"},{"month":"August","date":15,"day":"Saturday","name":"Independence Day","type":"Gazetted"},{"month":"August","date":16,"day":"Sunday","name":"Parsi New Year","type":"Restricted"},{"month":"August","date":22,"day":"Saturday","name":"Ganesh Chaturthi/Vin
08-05 14:48:26.109  7308  9116 I art     : Starting a blocking GC Explicit
08-05 14:48:26.177  7308  9116 I art     : Explicit concurrent mark sweep GC freed 11397(439KB) AllocSpace objects, 4(4MB) LOS objects, 7% free, 186MB/202MB, paused 1.487ms total 67.624ms
08-05 14:48:26.198  7308  9116 I art     : Starting a blocking GC Explicit
08-05 14:48:26.261  7308  9116 I art     : Explicit concurrent mark sweep GC freed 404(13KB) AllocSpace objects, 0(0B) LOS objects, 7% free, 186MB/202MB, paused 1.395ms total 63.247ms
08-05 14:48:26.282  7308  9116 I art     : Starting a blocking GC Explicit
08-05 14:48:26.352  7308  9116 I art     : Explicit concurrent mark sweep GC freed 135(2752B) AllocSpace objects, 0(0B) LOS objects, 7% free, 186MB/202MB, paused 1.528ms total 69.327ms
08-05 14:48:26.373  7308  9116 I art     : Starting a blocking GC Explicit
08-05 14:48:26.443  7308  9116 I art     : Explicit concurrent mark sweep GC freed 167(3KB) AllocSpace objects, 0(0B) LOS objects, 7% free, 186MB/202MB, paused 1.403ms total 69.705ms
08-05 14:48:26.463  7308  9116 I art     : Starting a blocking GC Explicit
08-05 14:48:26.535  7308  9116 I art     : Explicit concurrent mark sweep GC freed 123(2096B) AllocSpace objects, 0(0B) LOS objects, 7% free, 186MB/202MB, paused 1.444ms total 71.430ms
08-05 14:48:26.572  2820  2820 I ServiceManager: Waiting for service AtCmdFwd...
08-05 14:48:26.965  7308  7328 I art     : Starting a blocking GC Explicit
08-05 14:48:27.035  7308  7328 I art     : Explicit concurrent mark sweep GC freed 2343(104KB) AllocSpace objects, 2(48KB) LOS objects, 7% free, 186MB/202MB, paused 1.538ms total 68.868ms
08-05 14:48:27.055  7308  7328 I art     : Starting a blocking GC Explicit
08-05 14:48:27.123  7308  7328 I art     : Explicit concurrent mark sweep GC freed 148(3024B) AllocSpace objects, 0(0B) LOS objects, 7% free, 186MB/202MB, paused 1.694ms total 67.829ms
08-05 14:48:27.143  7308  7328 I art     : Starting a blocking GC Explicit
08-05 14:48:27.213  7308  7328 I art     : Explicit concurrent mark sweep GC freed 147(2496B) AllocSpace objects, 0(0B) LOS objects, 7% free, 186MB/202MB, paused 1.556ms total 69.696ms
08-05 14:48:27.234  7308  7328 I art     : Starting a blocking GC Explicit
08-05 14:48:27.301  7308  7328 I art     : Explicit concurrent mark sweep GC freed 123(2096B) AllocSpace objects, 0(0B) LOS objects, 7% free, 186MB/202MB, paused 1.584ms total 66.454ms
08-05 14:48:27.301  7308  7320 I art     : WaitForGcToComplete blocked for 66.134ms for cause HeapTrim
08-05 14:48:27.322  7308  7328 I art     : Starting a blocking GC Explicit
08-05 14:48:27.391  7308  7328 I art     : Explicit concurrent mark sweep GC freed 128(2176B) AllocSpace objects, 0(0B) LOS objects, 7% free, 186MB/202MB, paused 1.652ms total 68.668ms
08-05 14:48:27.538   918  3261 D WifiStateMachine: starting scan for "H369AA63323"WPA_PSK with 2412,5180
08-05 14:48:27.572  2820  2820 I ServiceManager: Waiting for service AtCmdFwd...
08-05 14:48:27.809  7308  7322 I art     : Starting a blocking GC Explicit
08-05 14:48:27.880  7308  7322 I art     : Explicit concurrent mark sweep GC freed 2339(104KB) AllocSpace objects, 2(48KB) LOS objects, 7% free, 186MB/202MB, paused 1.441ms total 70.761ms
08-05 14:48:27.902  7308  7322 I art     : Starting a blocking GC Explicit
08-05 14:48:27.969  7308  7322 I art     : Explicit concurrent mark sweep GC freed 148(3024B) AllocSpace objects, 0(0B) LOS objects, 7% free, 186MB/202MB, paused 1.490ms total 67.045ms
08-05 14:48:27.990  7308  7322 I art     : Starting a blocking GC Explicit
08-05 14:48:28.057  7308  7322 I art     : Explicit concurrent mark sweep GC freed 128(2160B) AllocSpace objects, 0(0B) LOS objects, 7% free, 186MB/202MB, paused 1.596ms total 67.002ms
08-05 14:48:28.078  7308  7322 I art     : Starting a blocking GC Explicit
08-05 14:48:28.146  7308  7322 I art     : Explicit concurrent mark sweep GC freed 153(3056B) AllocSpace objects, 0(0B) LOS objects, 7% free, 186MB/202MB, paused 1.570ms total 68.050ms
08-05 14:48:28.168  7308  7322 I art     : Starting a blocking GC Explicit
08-05 14:48:28.238  7308  7322 I art     : Explicit concurrent mark sweep GC freed 134(2672B) AllocSpace objects, 0(0B) LOS objects, 7% free, 186MB/202MB, paused 1.601ms total 69.565ms
08-05 14:48:28.572  2820  2820 W Atfwd_Sendcmd: AtCmdFwd service not published, waiting... retryCnt : 4
08-05 14:48:28.670  7308  7321 I art     : Starting a blocking GC Explicit
08-05 14:48:28.746  7308  7321 I art     : Explicit concurrent mark sweep GC freed 2328(104KB) AllocSpace objects, 2(48KB) LOS objects, 7% free, 186MB/202MB, paused 1.586ms total 75.169ms
08-05 14:48:28.770  7308  7321 I art     : Starting a blocking GC Explicit
08-05 14:48:28.836  7308  7321 I art     : Explicit concurrent mark sweep GC freed 150(3KB) AllocSpace objects, 0(0B) LOS objects, 7% free, 186MB/202MB, paused 1.484ms total 65.769ms
08-05 14:48:28.856  7308  7321 I art     : Starting a blocking GC Explicit
08-05 14:48:28.918  7308  7321 I art     : Explicit concurrent mark sweep GC freed 159(3056B) AllocSpace objects, 0(0B) LOS objects, 7% free, 186MB/202MB, paused 1.466ms total 61.444ms
08-05 14:48:28.937  7308  7321 I art     : Starting a blocking GC Explicit
08-05 14:48:28.998  7308  7321 I art     : Explicit concurrent mark sweep GC freed 123(2096B) AllocSpace objects, 0(0B) LOS objects, 7% free, 186MB/202MB, paused 1.539ms total 60.114ms
08-05 14:48:29.017  7308  7321 I art     : Starting a blocking GC Explicit
08-05 14:48:29.081  7308  7321 I art     : Explicit concurrent mark sweep GC freed 124(2128B) AllocSpace objects, 0(0B) LOS objects, 7% free, 186MB/202MB, paused 1.525ms total 63.707ms
08-05 14:48:29.408 10137 10137 D AndroidRuntime: >>>>>> START com.android.internal.os.RuntimeInit uid 2000 <<<<<<
08-05 14:48:29.414 10137 10137 D AndroidRuntime: CheckJNI is OFF
08-05 14:48:29.458 10137 10137 D ICU     : No timezone override file found: /data/misc/zoneinfo/current/icu/icu_tzdata.dat
08-05 14:48:29.504 10137 10137 I Radio-JNI: register_android_hardware_Radio DONE
08-05 14:48:29.512  7308  7568 I art     : Starting a blocking GC Explicit
08-05 14:48:29.534 10137 10137 D AndroidRuntime: Calling main entry com.android.commands.input.Input
08-05 14:48:29.536 10137 10137 I Input   : injectKeyEvent: KeyEvent { action=ACTION_DOWN, keyCode=KEYCODE_BACK, scanCode=0, metaState=0, flags=0x0, repeatCount=0, eventTime=802125949, downTime=802125949, deviceId=-1, source=0x101 }
08-05 14:48:29.543 10137 10137 I Input   : injectKeyEvent: KeyEvent { action=ACTION_UP, keyCode=KEYCODE_BACK, scanCode=0, metaState=0, flags=0x0, repeatCount=0, eventTime=802125949, downTime=802125949, deviceId=-1, source=0x101 }
08-05 14:48:29.549 10137 10137 D AndroidRuntime: Shutting down VM
08-05 14:48:29.558  7308  7308 V MainActivity: url = https://project-travel-mate.herokuapp.com/api/number-of-unread-notifications
08-05 14:48:29.575  7308  7568 I art     : Explicit concurrent mark sweep GC freed 2625(117KB) AllocSpace objects, 2(48KB) LOS objects, 7% free, 186MB/202MB, paused 1.478ms total 62.717ms
08-05 14:48:29.589 13866 13866 I GoogleInputMethodServic: GoogleInputMethodService.onFinishInput():3138 
08-05 14:48:29.590 13866 13866 I GoogleInputMethodServic: GoogleInputMethodService.onStartInput():1808 
08-05 14:48:29.594  7308  7568 I art     : Starting a blocking GC Explicit
08-05 14:48:29.651  7308  7568 I art     : Explicit concurrent mark sweep GC freed 186(6KB) AllocSpace objects, 0(0B) LOS objects, 7% free, 186MB/202MB, paused 1.443ms total 56.944ms
08-05 14:48:29.671  7308  7568 I art     : Starting a blocking GC Explicit
08-05 14:48:29.728  7308  7568 I art     : Explicit concurrent mark sweep GC freed 204(8KB) AllocSpace objects, 0(0B) LOS objects, 7% free, 186MB/202MB, paused 1.505ms total 56.267ms
08-05 14:48:29.747  7308  7568 I art     : Starting a blocking GC Explicit
08-05 14:48:29.809  7308  7568 I art     : Explicit concurrent mark sweep GC freed 141(3KB) AllocSpace objects, 0(0B) LOS objects, 7% free, 186MB/202MB, paused 1.642ms total 61.528ms
08-05 14:48:29.831  7308  7568 I art     : Starting a blocking GC Explicit
08-05 14:48:29.902  7308  7568 I art     : Explicit concurrent mark sweep GC freed 174(3KB) AllocSpace objects, 0(0B) LOS objects, 7% free, 186MB/202MB, paused 1.523ms total 70.376ms
08-05 14:48:29.922   380   380 W SurfaceFlinger: couldn't log to binary event log: overflow.
08-05 14:48:30.301  7308  7328 I art     : Starting a blocking GC Explicit
08-05 14:48:30.387  7308  7328 I art     : Explicit concurrent mark sweep GC freed 1933(106KB) AllocSpace objects, 4(412KB) LOS objects, 7% free, 185MB/201MB, paused 1.876ms total 85.699ms
08-05 14:48:30.415  7308  7328 I art     : Starting a blocking GC Explicit
08-05 14:48:30.466  7308 10160 I NAPPA_EXPERIMENTATION: MetricNetworkRequestExecutionTime: REQUEST_DURATION_SYSTEM='907',REQUEST_DURATION_OKHTTP='41',REQUEST_SYNCHRONOUS='FALSE',RESPONSE_CODE='200',RESPONSE_METHOD='GET',RESPONSE_LENGTH_OKHTTP='36',RESPONSE_LENGTH_HEADER='36',REQUEST_PROTOCOL='http/1.1',REQUEST_URL='https://project-travel-mate.herokuapp.com/api/number-of-unread-notifications',
08-05 14:48:30.473  7308  7328 I art     : Explicit concurrent mark sweep GC freed 8983(489KB) AllocSpace objects, 16(464KB) LOS objects, 7% free, 185MB/201MB, paused 1.690ms total 57.672ms
08-05 14:48:30.492  7308  7328 I art     : Starting a blocking GC Explicit
08-05 14:48:30.551  7308  7328 I art     : Explicit concurrent mark sweep GC freed 1068(120KB) AllocSpace objects, 0(0B) LOS objects, 7% free, 185MB/201MB, paused 1.528ms total 59.327ms
08-05 14:48:30.571  7308  7328 I art     : Starting a blocking GC Explicit
08-05 14:48:30.634  7308  7328 I art     : Explicit concurrent mark sweep GC freed 92(3KB) AllocSpace objects, 0(0B) LOS objects, 7% free, 185MB/201MB, paused 1.741ms total 62.365ms
08-05 14:48:30.657  7308  7328 I art     : Starting a blocking GC Explicit
08-05 14:48:30.717  7308  7328 I art     : Explicit concurrent mark sweep GC freed 10(320B) AllocSpace objects, 0(0B) LOS objects, 7% free, 185MB/201MB, paused 1.445ms total 59.074ms
08-05 14:48:31.133  7308  7322 I art     : Starting a blocking GC Explicit
08-05 14:48:31.203  7308  7322 I art     : Explicit concurrent mark sweep GC freed 1655(94KB) AllocSpace objects, 2(48KB) LOS objects, 7% free, 185MB/201MB, paused 1.498ms total 70.335ms
08-05 14:48:31.225  7308  7322 I art     : Starting a blocking GC Explicit
08-05 14:48:31.281  7308  7322 I art     : Explicit concurrent mark sweep GC freed 69(2528B) AllocSpace objects, 0(0B) LOS objects, 7% free, 185MB/201MB, paused 1.559ms total 55.858ms
08-05 14:48:31.300  7308  7322 I art     : Starting a blocking GC Explicit
08-05 14:48:31.333 10172 10172 D AndroidRuntime: >>>>>> START com.android.internal.os.RuntimeInit uid 2000 <<<<<<
08-05 14:48:31.339 10172 10172 D AndroidRuntime: CheckJNI is OFF
08-05 14:48:31.359  7308  7322 I art     : Explicit concurrent mark sweep GC freed 7(224B) AllocSpace objects, 0(0B) LOS objects, 7% free, 185MB/201MB, paused 1.570ms total 58.340ms
08-05 14:48:31.378  7308  7322 I art     : Starting a blocking GC Explicit
08-05 14:48:31.381 10172 10172 D ICU     : No timezone override file found: /data/misc/zoneinfo/current/icu/icu_tzdata.dat
08-05 14:48:31.420 10172 10172 I Radio-JNI: register_android_hardware_Radio DONE
08-05 14:48:31.432  7308  7322 I art     : Explicit concurrent mark sweep GC freed 7(224B) AllocSpace objects, 0(0B) LOS objects, 7% free, 185MB/201MB, paused 1.478ms total 53.027ms
08-05 14:48:31.449 10172 10172 D AndroidRuntime: Calling main entry com.android.commands.input.Input
08-05 14:48:31.450  7308  7322 I art     : Starting a blocking GC Explicit
08-05 14:48:31.451 10172 10172 I Input   : injectMotionEvent: MotionEvent { action=ACTION_DOWN, actionButton=0, id[0]=0, x[0]=117.0, y[0]=170.0, toolType[0]=TOOL_TYPE_UNKNOWN, buttonState=0, metaState=0, flags=0x0, edgeFlags=0x0, pointerCount=1, historySize=0, eventTime=802127863, downTime=802127863, deviceId=0, source=0x1002 }
08-05 14:48:31.478 10172 10172 I Input   : injectMotionEvent: MotionEvent { action=ACTION_UP, actionButton=0, id[0]=0, x[0]=117.0, y[0]=170.0, toolType[0]=TOOL_TYPE_UNKNOWN, buttonState=0, metaState=0, flags=0x0, edgeFlags=0x0, pointerCount=1, historySize=0, eventTime=802127863, downTime=802127863, deviceId=0, source=0x1002 }
08-05 14:48:31.505  7308  7322 I art     : Explicit concurrent mark sweep GC freed 3(96B) AllocSpace objects, 0(0B) LOS objects, 7% free, 185MB/201MB, paused 1.522ms total 54.207ms
08-05 14:48:31.521 10172 10172 D AndroidRuntime: Shutting down VM
08-05 14:48:31.530   512  2967 D audio_hw_primary: out_set_parameters: enter: usecase(1: low-latency-playback) kvpairs: routing=2
08-05 14:48:31.543   512  2967 D audio_hw_primary: select_devices: out_snd_device(2: speaker) in_snd_device(0: none)
08-05 14:48:31.543   512  2967 D msm8974_platform: platform_send_audio_calibration: sending audio calibration for snd_device(2) acdb_id(15)
08-05 14:48:31.543   512  2967 I soundtrigger: audio_extn_sound_trigger_update_device_status: device 0x2 of type 0 for Event 1
08-05 14:48:31.553   512  2967 D audio_hw_primary: enable_snd_device: snd_device(2: speaker)
08-05 14:48:31.555   512  2967 D audio_hw_primary: enable_audio_route: apply and update mixer path: low-latency-playback speaker
08-05 14:48:31.912  7308  7568 I art     : Starting a blocking GC Explicit
08-05 14:48:31.965  7308  7568 I art     : Explicit concurrent mark sweep GC freed 2048(114KB) AllocSpace objects, 2(48KB) LOS objects, 7% free, 185MB/201MB, paused 1.355ms total 53.100ms
08-05 14:48:31.985  7308  7568 I art     : Starting a blocking GC Explicit
08-05 14:48:32.038  7308  7568 I art     : Explicit concurrent mark sweep GC freed 54(2176B) AllocSpace objects, 0(0B) LOS objects, 7% free, 185MB/201MB, paused 1.451ms total 52.850ms
08-05 14:48:32.059  7308  7568 I art     : Starting a blocking GC Explicit
08-05 14:48:32.099   512  2967 D audio_hw_primary: disable_audio_route: reset and update mixer path: low-latency-playback speaker
08-05 14:48:32.100   512  2967 D audio_hw_primary: disable_snd_device: snd_device(2: speaker)
08-05 14:48:32.109   512  2967 I soundtrigger: audio_extn_sound_trigger_update_device_status: device 0x2 of type 0 for Event 0
08-05 14:48:32.111  7308  7568 I art     : Explicit concurrent mark sweep GC freed 12(416B) AllocSpace objects, 0(0B) LOS objects, 7% free, 185MB/201MB, paused 1.302ms total 51.577ms
08-05 14:48:32.130  7308  7568 I art     : Starting a blocking GC Explicit
08-05 14:48:32.182  7308  7568 I art     : Explicit concurrent mark sweep GC freed 5(160B) AllocSpace objects, 0(0B) LOS objects, 7% free, 185MB/201MB, paused 1.379ms total 51.627ms
08-05 14:48:32.201  7308  7568 I art     : Starting a blocking GC Explicit
08-05 14:48:32.257  7308  7568 I art     : Explicit concurrent mark sweep GC freed 3(96B) AllocSpace objects, 0(0B) LOS objects, 7% free, 185MB/201MB, paused 1.464ms total 56.060ms
08-05 14:48:32.278 10206 10206 D AndroidRuntime: >>>>>> START com.android.internal.os.RuntimeInit uid 2000 <<<<<<
08-05 14:48:32.284 10206 10206 D AndroidRuntime: CheckJNI is OFF
08-05 14:48:32.326 10206 10206 D ICU     : No timezone override file found: /data/misc/zoneinfo/current/icu/icu_tzdata.dat
08-05 14:48:32.369 10206 10206 I Radio-JNI: register_android_hardware_Radio DONE
08-05 14:48:32.398 10206 10206 D AndroidRuntime: Calling main entry com.android.commands.input.Input
08-05 14:48:32.400 10206 10206 I Input   : injectMotionEvent: MotionEvent { action=ACTION_DOWN, actionButton=0, id[0]=0, x[0]=405.0, y[0]=661.0, toolType[0]=TOOL_TYPE_UNKNOWN, buttonState=0, metaState=0, flags=0x0, edgeFlags=0x0, pointerCount=1, historySize=0, eventTime=802128813, downTime=802128813, deviceId=0, source=0x1002 }
08-05 14:48:32.404 10206 10206 I Input   : injectMotionEvent: MotionEvent { action=ACTION_UP, actionButton=0, id[0]=0, x[0]=405.0, y[0]=661.0, toolType[0]=TOOL_TYPE_UNKNOWN, buttonState=0, metaState=0, flags=0x0, edgeFlags=0x0, pointerCount=1, historySize=0, eventTime=802128813, downTime=802128813, deviceId=0, source=0x1002 }
08-05 14:48:32.408 10206 10206 D AndroidRuntime: Shutting down VM
08-05 14:48:32.418   512  2967 D audio_hw_primary: out_set_parameters: enter: usecase(1: low-latency-playback) kvpairs: routing=2
08-05 14:48:32.431   512  2967 D audio_hw_primary: select_devices: out_snd_device(2: speaker) in_snd_device(0: none)
08-05 14:48:32.431   512  2967 D msm8974_platform: platform_send_audio_calibration: sending audio calibration for snd_device(2) acdb_id(15)
08-05 14:48:32.431   512  2967 I soundtrigger: audio_extn_sound_trigger_update_device_status: device 0x2 of type 0 for Event 1
08-05 14:48:32.443   512  2967 D audio_hw_primary: enable_snd_device: snd_device(2: speaker)
08-05 14:48:32.445   512  2967 D audio_hw_primary: enable_audio_route: apply and update mixer path: low-latency-playback speaker
08-05 14:48:32.491   512  2967 D AudioFlinger: mixer(0xf4740000) throttle end: throttle time(12)
08-05 14:48:32.655  7308  7322 I art     : Starting a blocking GC Explicit
08-05 14:48:32.719  7308  7322 I art     : Explicit concurrent mark sweep GC freed 3578(163KB) AllocSpace objects, 11(300KB) LOS objects, 7% free, 185MB/201MB, paused 1.395ms total 63.174ms
08-05 14:48:32.741  7308  7322 I art     : Starting a blocking GC Explicit
08-05 14:48:32.815  7308  7322 I art     : Explicit concurrent mark sweep GC freed 914(52KB) AllocSpace objects, 0(0B) LOS objects, 7% free, 185MB/201MB, paused 2.367ms total 73.316ms
08-05 14:48:32.839  7308  7322 I art     : Starting a blocking GC Explicit
08-05 14:48:32.896  7308  7322 I art     : Explicit concurrent mark sweep GC freed 64(1856B) AllocSpace objects, 0(0B) LOS objects, 7% free, 185MB/201MB, paused 1.300ms total 56.751ms
08-05 14:48:32.915  7308  7322 I art     : Starting a blocking GC Explicit
08-05 14:48:32.975  7308  7322 I art     : Explicit concurrent mark sweep GC freed 3(96B) AllocSpace objects, 0(0B) LOS objects, 7% free, 185MB/201MB, paused 1.550ms total 60.047ms
08-05 14:48:32.988   512  2967 D audio_hw_primary: disable_audio_route: reset and update mixer path: low-latency-playback speaker
08-05 14:48:32.989   512  2967 D audio_hw_primary: disable_snd_device: snd_device(2: speaker)
08-05 14:48:32.995  7308  7322 I art     : Starting a blocking GC Explicit
08-05 14:48:32.997   512  2967 I soundtrigger: audio_extn_sound_trigger_update_device_status: device 0x2 of type 0 for Event 0
08-05 14:48:33.057  7308  7322 I art     : Explicit concurrent mark sweep GC freed 3(96B) AllocSpace objects, 0(0B) LOS objects, 7% free, 185MB/201MB, paused 1.527ms total 61.969ms
08-05 14:48:33.479  7308  7321 I art     : Starting a blocking GC Explicit
08-05 14:48:33.559  7308  7321 I art     : Explicit concurrent mark sweep GC freed 1586(92KB) AllocSpace objects, 2(48KB) LOS objects, 7% free, 185MB/201MB, paused 1.698ms total 79.308ms
08-05 14:48:33.583  7308  7321 I art     : Starting a blocking GC Explicit
08-05 14:48:33.644  7308  7321 I art     : Explicit concurrent mark sweep GC freed 28(1024B) AllocSpace objects, 0(0B) LOS objects, 7% free, 185MB/201MB, paused 1.420ms total 60.921ms
08-05 14:48:33.664  7308  7321 I art     : Starting a blocking GC Explicit
08-05 14:48:33.731  7308  7321 I art     : Explicit concurrent mark sweep GC freed 3(96B) AllocSpace objects, 0(0B) LOS objects, 7% free, 185MB/201MB, paused 1.628ms total 65.950ms
08-05 14:48:33.753  7308  7321 I art     : Starting a blocking GC Explicit
08-05 14:48:33.817  7308  7321 I art     : Explicit concurrent mark sweep GC freed 3(96B) AllocSpace objects, 0(0B) LOS objects, 7% free, 185MB/201MB, paused 1.390ms total 62.995ms
08-05 14:48:33.837  7308  7321 I art     : Starting a blocking GC Explicit
08-05 14:48:33.907  7308  7321 I art     : Explicit concurrent mark sweep GC freed 40(1088B) AllocSpace objects, 0(0B) LOS objects, 7% free, 185MB/201MB, paused 1.538ms total 69.883ms
08-05 14:48:34.373  7308  9116 I art     : Starting a blocking GC Explicit
08-05 14:48:34.462  7308  9116 I art     : Explicit concurrent mark sweep GC freed 1598(92KB) AllocSpace objects, 2(48KB) LOS objects, 7% free, 185MB/201MB, paused 1.696ms total 88.428ms
08-05 14:48:34.484  7308  9116 I art     : Starting a blocking GC Explicit
08-05 14:48:34.553  7308  9116 I art     : Explicit concurrent mark sweep GC freed 49(2320B) AllocSpace objects, 0(0B) LOS objects, 7% free, 185MB/201MB, paused 1.442ms total 69.154ms
08-05 14:48:34.574  7308  9116 I art     : Starting a blocking GC Explicit
08-05 14:48:34.644  7308  9116 I art     : Explicit concurrent mark sweep GC freed 3(96B) AllocSpace objects, 0(0B) LOS objects, 7% free, 185MB/201MB, paused 1.476ms total 69.719ms
08-05 14:48:34.664  7308  9116 I art     : Starting a blocking GC Explicit
08-05 14:48:34.725  7308  9116 I art     : Explicit concurrent mark sweep GC freed 3(96B) AllocSpace objects, 0(0B) LOS objects, 7% free, 185MB/201MB, paused 1.443ms total 60.453ms
08-05 14:48:34.744  7308  9116 I art     : Starting a blocking GC Explicit
08-05 14:48:34.806  7308  9116 I art     : Explicit concurrent mark sweep GC freed 3(96B) AllocSpace objects, 0(0B) LOS objects, 7% free, 185MB/201MB, paused 1.475ms total 61.288ms
08-05 14:48:35.211 10248 10248 D AndroidRuntime: >>>>>> START com.android.internal.os.RuntimeInit uid 2000 <<<<<<
08-05 14:48:35.218 10248 10248 D AndroidRuntime: CheckJNI is OFF
08-05 14:48:35.252  7308  7568 I art     : Starting a blocking GC Explicit
08-05 14:48:35.270 10248 10248 D ICU     : No timezone override file found: /data/misc/zoneinfo/current/icu/icu_tzdata.dat
08-05 14:48:35.317 10248 10248 I Radio-JNI: register_android_hardware_Radio DONE
08-05 14:48:35.318  7308  7568 I art     : Explicit concurrent mark sweep GC freed 1635(93KB) AllocSpace objects, 2(48KB) LOS objects, 7% free, 185MB/201MB, paused 1.686ms total 65.758ms
08-05 14:48:35.338  7308  7568 I art     : Starting a blocking GC Explicit
08-05 14:48:35.349 10248 10248 D AndroidRuntime: Calling main entry com.android.commands.input.Input
08-05 14:48:35.351 10248 10248 I Input   : injectMotionEvent: MotionEvent { action=ACTION_DOWN, actionButton=0, id[0]=0, x[0]=1341.0, y[0]=197.0, toolType[0]=TOOL_TYPE_UNKNOWN, buttonState=0, metaState=0, flags=0x0, edgeFlags=0x0, pointerCount=1, historySize=0, eventTime=802131763, downTime=802131763, deviceId=0, source=0x1002 }
08-05 14:48:35.358 10248 10248 I Input   : injectMotionEvent: MotionEvent { action=ACTION_UP, actionButton=0, id[0]=0, x[0]=1341.0, y[0]=197.0, toolType[0]=TOOL_TYPE_UNKNOWN, buttonState=0, metaState=0, flags=0x0, edgeFlags=0x0, pointerCount=1, historySize=0, eventTime=802131763, downTime=802131763, deviceId=0, source=0x1002 }
08-05 14:48:35.360 10248 10248 D AndroidRuntime: Shutting down VM
08-05 14:48:35.363   918  4413 I ActivityManager: START u0 {cmp=baseline.io.github.project_travel_mate/.notifications.NotificationsActivity} from uid 10674 on display 0
08-05 14:48:35.365   512  2967 D audio_hw_primary: out_set_parameters: enter: usecase(1: low-latency-playback) kvpairs: routing=2
08-05 14:48:35.378   512  2967 D audio_hw_primary: select_devices: out_snd_device(2: speaker) in_snd_device(0: none)
08-05 14:48:35.378   512  2967 D msm8974_platform: platform_send_audio_calibration: sending audio calibration for snd_device(2) acdb_id(15)
08-05 14:48:35.378   512  2967 I soundtrigger: audio_extn_sound_trigger_update_device_status: device 0x2 of type 0 for Event 1
08-05 14:48:35.392   512  2967 D audio_hw_primary: enable_snd_device: snd_device(2: speaker)
08-05 14:48:35.395   512  2967 D audio_hw_primary: enable_audio_route: apply and update mixer path: low-latency-playback speaker
08-05 14:48:35.400  7308  7568 I art     : Explicit concurrent mark sweep GC freed 383(19KB) AllocSpace objects, 0(0B) LOS objects, 7% free, 185MB/201MB, paused 1.680ms total 62.119ms
08-05 14:48:35.412  7308  7381 D Gabe    : call	returning from cache
08-05 14:48:35.421  7308  7308 V EXECUTING: https://project-travel-mate.herokuapp.com/api/get-notifications
08-05 14:48:35.421  7308  7568 I art     : Starting a blocking GC Explicit
08-05 14:48:35.439  7308  7308 V EXECUTING: https://project-travel-mate.herokuapp.com/api/get-notifications
08-05 14:48:35.493  7308  7568 I art     : Explicit concurrent mark sweep GC freed 966(72KB) AllocSpace objects, 0(0B) LOS objects, 7% free, 185MB/201MB, paused 2.133ms total 71.532ms
08-05 14:48:35.513  7308  7568 I art     : Starting a blocking GC Explicit
08-05 14:48:35.571  7308  7568 I art     : Explicit concurrent mark sweep GC freed 975(39KB) AllocSpace objects, 0(0B) LOS objects, 7% free, 189MB/205MB, paused 1.949ms total 57.179ms
08-05 14:48:35.590  7308  7568 I art     : Starting a blocking GC Explicit
08-05 14:48:35.602 13866 13866 I GoogleInputMethodServic: GoogleInputMethodService.onFinishInput():3138 
08-05 14:48:35.602 13866 13866 I GoogleInputMethodServic: GoogleInputMethodService.onStartInput():1808 
08-05 14:48:35.607   918   936 I ActivityManager: Displayed baseline.io.github.project_travel_mate/.notifications.NotificationsActivity: +231ms
08-05 14:48:35.650  7308  7568 I art     : Explicit concurrent mark sweep GC freed 201(6KB) AllocSpace objects, 0(0B) LOS objects, 7% free, 189MB/205MB, paused 1.726ms total 60.102ms
08-05 14:48:35.694  7308  7324 D OpenGLRenderer: endAllStagingAnimators on 0x7f7753c400 (RippleDrawable) with handle 0x7f7a7f7120
08-05 14:48:35.862   380   380 W SurfaceFlinger: couldn't log to binary event log: overflow.
08-05 14:48:35.928   512  2967 D audio_hw_primary: disable_audio_route: reset and update mixer path: low-latency-playback speaker
08-05 14:48:35.929   512  2967 D audio_hw_primary: disable_snd_device: snd_device(2: speaker)
08-05 14:48:35.937   512  2967 I soundtrigger: audio_extn_sound_trigger_update_device_status: device 0x2 of type 0 for Event 0
08-05 14:48:36.041  7308  9116 I art     : Starting a blocking GC Explicit
08-05 14:48:36.097  7308  9116 I art     : Explicit concurrent mark sweep GC freed 2294(106KB) AllocSpace objects, 2(48KB) LOS objects, 7% free, 190MB/206MB, paused 1.756ms total 55.524ms
08-05 14:48:36.116  7308  9116 I art     : Starting a blocking GC Explicit
08-05 14:48:36.175  7308  9116 I art     : Explicit concurrent mark sweep GC freed 5350(269KB) AllocSpace objects, 4(280KB) LOS objects, 7% free, 190MB/206MB, paused 1.884ms total 58.628ms
08-05 14:48:36.194  7308  9116 I art     : Starting a blocking GC Explicit
08-05 14:48:36.207  7308 10272 I NAPPA_EXPERIMENTATION: MetricNetworkRequestExecutionTime: REQUEST_DURATION_SYSTEM='786',REQUEST_DURATION_OKHTTP='55',REQUEST_SYNCHRONOUS='FALSE',RESPONSE_CODE='200',RESPONSE_METHOD='GET',RESPONSE_LENGTH_OKHTTP='2',RESPONSE_LENGTH_HEADER='2',REQUEST_PROTOCOL='http/1.1',REQUEST_URL='https://project-travel-mate.herokuapp.com/api/get-notifications',
08-05 14:48:36.218  7308 10273 I NAPPA_EXPERIMENTATION: MetricNetworkRequestExecutionTime: REQUEST_DURATION_SYSTEM='778',REQUEST_DURATION_OKHTTP='72',REQUEST_SYNCHRONOUS='FALSE',RESPONSE_CODE='200',RESPONSE_METHOD='GET',RESPONSE_LENGTH_OKHTTP='2',RESPONSE_LENGTH_HEADER='2',REQUEST_PROTOCOL='http/1.1',REQUEST_URL='https://project-travel-mate.herokuapp.com/api/get-notifications',
08-05 14:48:36.250  7308  9116 I art     : Explicit concurrent mark sweep GC freed 2200(255KB) AllocSpace objects, 2(120KB) LOS objects, 7% free, 190MB/206MB, paused 1.709ms total 55.969ms
08-05 14:48:36.270  7308  9116 I art     : Starting a blocking GC Explicit
08-05 14:48:36.325  7308  9116 I art     : Explicit concurrent mark sweep GC freed 163(4KB) AllocSpace objects, 0(0B) LOS objects, 7% free, 190MB/206MB, paused 1.754ms total 55.583ms
08-05 14:48:36.333  7308  7308 V Response: [] 
08-05 14:48:36.338  7308  7381 D Gabe    : call	returning from cache
08-05 14:48:36.339  7308  7308 V Response: [] 
08-05 14:48:36.342  7308  7381 D Gabe    : call	returning from cache
08-05 14:48:36.346  7308  9116 I art     : Starting a blocking GC Explicit
08-05 14:48:36.402  7308  9116 I art     : Explicit concurrent mark sweep GC freed 2088(74KB) AllocSpace objects, 1(188KB) LOS objects, 7% free, 190MB/206MB, paused 1.747ms total 56.160ms
08-05 14:48:36.805  7308  7328 I art     : Starting a blocking GC Explicit
08-05 14:48:36.859  7308  7328 I art     : Explicit concurrent mark sweep GC freed 5284(195KB) AllocSpace objects, 2(48KB) LOS objects, 7% free, 190MB/206MB, paused 1.342ms total 54.506ms
08-05 14:48:36.879  7308  7328 I art     : Starting a blocking GC Explicit
08-05 14:48:36.931  7308  7328 I art     : Explicit concurrent mark sweep GC freed 480(16KB) AllocSpace objects, 0(0B) LOS objects, 7% free, 189MB/205MB, paused 1.491ms total 52.200ms
08-05 14:48:36.950  7308  7328 I art     : Starting a blocking GC Explicit
08-05 14:48:37.006  7308  7328 I art     : Explicit concurrent mark sweep GC freed 364(6KB) AllocSpace objects, 0(0B) LOS objects, 7% free, 189MB/205MB, paused 1.801ms total 55.749ms
08-05 14:48:37.024  7308  7328 I art     : Starting a blocking GC Explicit
08-05 14:48:37.077  7308  7328 I art     : Explicit concurrent mark sweep GC freed 285(4KB) AllocSpace objects, 0(0B) LOS objects, 7% free, 189MB/205MB, paused 1.321ms total 52.354ms
08-05 14:48:37.096  7308  7328 I art     : Starting a blocking GC Explicit
08-05 14:48:37.148  7308  7328 I art     : Explicit concurrent mark sweep GC freed 296(5KB) AllocSpace objects, 0(0B) LOS objects, 7% free, 189MB/205MB, paused 1.290ms total 51.765ms
08-05 14:48:37.544  7308  7321 I art     : Starting a blocking GC Explicit
08-05 14:48:37.601  7308  7321 I art     : Explicit concurrent mark sweep GC freed 3527(123KB) AllocSpace objects, 2(48KB) LOS objects, 7% free, 189MB/205MB, paused 1.557ms total 57.171ms
08-05 14:48:37.620  7308  7321 I art     : Starting a blocking GC Explicit
08-05 14:48:37.675  7308  7321 I art     : Explicit concurrent mark sweep GC freed 372(6KB) AllocSpace objects, 0(0B) LOS objects, 7% free, 189MB/205MB, paused 1.329ms total 54.632ms
08-05 14:48:37.694  7308  7321 I art     : Starting a blocking GC Explicit
08-05 14:48:37.750  7308  7321 I art     : Explicit concurrent mark sweep GC freed 295(4KB) AllocSpace objects, 0(0B) LOS objects, 7% free, 189MB/205MB, paused 1.684ms total 55.779ms
08-05 14:48:37.751  7308  7320 I art     : WaitForGcToComplete blocked for 31.205ms for cause HeapTrim
08-05 14:48:37.769  7308  7321 I art     : Starting a blocking GC Explicit
08-05 14:48:37.824  7308  7321 I art     : Explicit concurrent mark sweep GC freed 367(6KB) AllocSpace objects, 0(0B) LOS objects, 7% free, 189MB/205MB, paused 1.338ms total 54.501ms
08-05 14:48:37.843  7308  7321 I art     : Starting a blocking GC Explicit
08-05 14:48:37.895  7308  7321 I art     : Explicit concurrent mark sweep GC freed 348(6KB) AllocSpace objects, 0(0B) LOS objects, 7% free, 189MB/205MB, paused 1.261ms total 51.885ms
08-05 14:48:38.303  7308  9116 I art     : Starting a blocking GC Explicit
08-05 14:48:38.360  7308  9116 I art     : Explicit concurrent mark sweep GC freed 3558(123KB) AllocSpace objects, 2(48KB) LOS objects, 7% free, 189MB/205MB, paused 1.304ms total 56.322ms
08-05 14:48:38.379  7308  9116 I art     : Starting a blocking GC Explicit
08-05 14:48:38.436  7308  9116 I art     : Explicit concurrent mark sweep GC freed 364(6KB) AllocSpace objects, 0(0B) LOS objects, 7% free, 189MB/205MB, paused 1.632ms total 56.069ms
08-05 14:48:38.454  7308  9116 I art     : Starting a blocking GC Explicit
08-05 14:48:38.509  7308  9116 I art     : Explicit concurrent mark sweep GC freed 307(4KB) AllocSpace objects, 0(0B) LOS objects, 7% free, 189MB/205MB, paused 1.331ms total 54.836ms
08-05 14:48:38.529  7308  9116 I art     : Starting a blocking GC Explicit
08-05 14:48:38.582  7308  9116 I art     : Explicit concurrent mark sweep GC freed 283(4KB) AllocSpace objects, 0(0B) LOS objects, 7% free, 189MB/205MB, paused 1.344ms total 53.021ms
08-05 14:48:38.601  7308  9116 I art     : Starting a blocking GC Explicit
08-05 14:48:38.657  7308  9116 I art     : Explicit concurrent mark sweep GC freed 353(5KB) AllocSpace objects, 0(0B) LOS objects, 7% free, 189MB/205MB, paused 1.570ms total 56.080ms
08-05 14:48:38.900   518   646 I ThermalEngine: ACTION: GPU - Setting GPU[0] to 390000000
08-05 14:48:39.118  7308  9116 I art     : Starting a blocking GC Explicit
08-05 14:48:39.186  7308  9116 I art     : Explicit concurrent mark sweep GC freed 3798(127KB) AllocSpace objects, 2(48KB) LOS objects, 7% free, 189MB/205MB, paused 2.519ms total 67.709ms
08-05 14:48:39.211  7308  9116 I art     : Starting a blocking GC Explicit
08-05 14:48:39.277  7308  9116 I art     : Explicit concurrent mark sweep GC freed 443(7KB) AllocSpace objects, 0(0B) LOS objects, 7% free, 189MB/205MB, paused 1.992ms total 65.067ms
08-05 14:48:39.301  7308  9116 I art     : Starting a blocking GC Explicit
08-05 14:48:39.367  7308  9116 I art     : Explicit concurrent mark sweep GC freed 353(5KB) AllocSpace objects, 0(0B) LOS objects, 7% free, 189MB/205MB, paused 2.263ms total 66.388ms
08-05 14:48:39.393  7308  9116 I art     : Starting a blocking GC Explicit
08-05 14:48:39.458  7308  9116 I art     : Explicit concurrent mark sweep GC freed 423(6KB) AllocSpace objects, 0(0B) LOS objects, 7% free, 189MB/205MB, paused 2.110ms total 65.405ms
08-05 14:48:39.484  7308  9116 I art     : Starting a blocking GC Explicit
08-05 14:48:39.549  7308  9116 I art     : Explicit concurrent mark sweep GC freed 355(5KB) AllocSpace objects, 0(0B) LOS objects, 7% free, 189MB/205MB, paused 2.074ms total 64.678ms
08-05 14:48:40.014  7308  7322 I art     : Starting a blocking GC Explicit
08-05 14:48:40.080  7308  7322 I art     : Explicit concurrent mark sweep GC freed 3936(131KB) AllocSpace objects, 2(48KB) LOS objects, 7% free, 189MB/205MB, paused 2.701ms total 66.236ms
08-05 14:48:40.105  7308  7322 I art     : Starting a blocking GC Explicit
08-05 14:48:40.172  7308  7322 I art     : Explicit concurrent mark sweep GC freed 583(18KB) AllocSpace objects, 0(0B) LOS objects, 7% free, 189MB/205MB, paused 2.093ms total 66.416ms
08-05 14:48:40.196  7308  7322 I art     : Starting a blocking GC Explicit
08-05 14:48:40.245 10330 10330 D AndroidRuntime: >>>>>> START com.android.internal.os.RuntimeInit uid 2000 <<<<<<
08-05 14:48:40.251 10330 10330 D AndroidRuntime: CheckJNI is OFF
08-05 14:48:40.261  7308  7322 I art     : Explicit concurrent mark sweep GC freed 399(6KB) AllocSpace objects, 0(0B) LOS objects, 7% free, 189MB/205MB, paused 1.983ms total 64.140ms
08-05 14:48:40.285  7308  7322 I art     : Starting a blocking GC Explicit
08-05 14:48:40.303 10330 10330 D ICU     : No timezone override file found: /data/misc/zoneinfo/current/icu/icu_tzdata.dat
08-05 14:48:40.348 10330 10330 I Radio-JNI: register_android_hardware_Radio DONE
08-05 14:48:40.351  7308  7322 I art     : Explicit concurrent mark sweep GC freed 353(5KB) AllocSpace objects, 0(0B) LOS objects, 7% free, 189MB/205MB, paused 1.990ms total 65.523ms
08-05 14:48:40.376  7308  7322 I art     : Starting a blocking GC Explicit
08-05 14:48:40.379 10330 10330 D AndroidRuntime: Calling main entry com.android.commands.input.Input
08-05 14:48:40.381 10330 10330 I Input   : injectKeyEvent: KeyEvent { action=ACTION_DOWN, keyCode=KEYCODE_BACK, scanCode=0, metaState=0, flags=0x0, repeatCount=0, eventTime=802136794, downTime=802136794, deviceId=-1, source=0x101 }
08-05 14:48:40.397 10330 10330 I Input   : injectKeyEvent: KeyEvent { action=ACTION_UP, keyCode=KEYCODE_BACK, scanCode=0, metaState=0, flags=0x0, repeatCount=0, eventTime=802136794, downTime=802136794, deviceId=-1, source=0x101 }
08-05 14:48:40.404 10330 10330 D AndroidRuntime: Shutting down VM
08-05 14:48:40.425  7308  7308 V MainActivity: url = https://project-travel-mate.herokuapp.com/api/number-of-unread-notifications
08-05 14:48:40.443  7308  7322 I art     : Explicit concurrent mark sweep GC freed 631(18KB) AllocSpace objects, 0(0B) LOS objects, 7% free, 189MB/205MB, paused 1.979ms total 66.558ms
08-05 14:48:40.497 13866 13866 I GoogleInputMethodServic: GoogleInputMethodService.onFinishInput():3138 
08-05 14:48:40.498 13866 13866 I GoogleInputMethodServic: GoogleInputMethodService.onStartInput():1808 
08-05 14:48:40.749   380   380 W SurfaceFlinger: couldn't log to binary event log: overflow.
08-05 14:48:40.914  7308  7322 I art     : Starting a blocking GC Explicit
08-05 14:48:41.008  7308  7322 I art     : Explicit concurrent mark sweep GC freed 2177(109KB) AllocSpace objects, 3(4MB) LOS objects, 7% free, 185MB/201MB, paused 2.686ms total 93.026ms
08-05 14:48:41.041  7308  7322 I art     : Starting a blocking GC Explicit
08-05 14:48:41.113  7308  7322 I art     : Explicit concurrent mark sweep GC freed 3792(180KB) AllocSpace objects, 2(56KB) LOS objects, 7% free, 185MB/201MB, paused 2.363ms total 70.990ms
08-05 14:48:41.141  7308  7322 I art     : Starting a blocking GC Explicit
08-05 14:48:41.218  7308  7322 I art     : Explicit concurrent mark sweep GC freed 3(96B) AllocSpace objects, 0(0B) LOS objects, 7% free, 185MB/201MB, paused 2.439ms total 76.760ms
08-05 14:48:41.232 26467 26632 E GoogleConversionReporter: Error sending ping
08-05 14:48:41.232 26467 26632 E GoogleConversionReporter: bljc: Exception in CronetUrlRequest: net::ERR_CONNECTION_CLOSED, ErrorCode=5, InternalErrorCode=-100, Retryable=true
08-05 14:48:41.232 26467 26632 E GoogleConversionReporter: 	at org.chromium.net.impl.CronetUrlRequest.onError(PG:55)
08-05 14:48:41.246  7308  7322 I art     : Starting a blocking GC Explicit
08-05 14:48:41.307  7308 10353 I NAPPA_EXPERIMENTATION: MetricNetworkRequestExecutionTime: REQUEST_DURATION_SYSTEM='881',REQUEST_DURATION_OKHTTP='35',REQUEST_SYNCHRONOUS='FALSE',RESPONSE_CODE='200',RESPONSE_METHOD='GET',RESPONSE_LENGTH_OKHTTP='36',RESPONSE_LENGTH_HEADER='36',REQUEST_PROTOCOL='http/1.1',REQUEST_URL='https://project-travel-mate.herokuapp.com/api/number-of-unread-notifications',
08-05 14:48:41.325  7308  7322 I art     : Explicit concurrent mark sweep GC freed 2676(142KB) AllocSpace objects, 2(120KB) LOS objects, 7% free, 185MB/201MB, paused 2.368ms total 78.551ms
08-05 14:48:41.353  7308  7322 I art     : Starting a blocking GC Explicit
08-05 14:48:41.431  7308  7322 I art     : Explicit concurrent mark sweep GC freed 1077(120KB) AllocSpace objects, 1(80KB) LOS objects, 7% free, 185MB/201MB, paused 2.266ms total 77.954ms
08-05 14:48:41.904  7308  7321 I art     : Starting a blocking GC Explicit
08-05 14:48:41.991  7308  7321 I art     : Explicit concurrent mark sweep GC freed 1633(95KB) AllocSpace objects, 2(48KB) LOS objects, 7% free, 185MB/201MB, paused 2.548ms total 85.958ms
08-05 14:48:42.019  7308  7321 I art     : Starting a blocking GC Explicit
08-05 14:48:42.094  7308  7321 I art     : Explicit concurrent mark sweep GC freed 28(1024B) AllocSpace objects, 0(0B) LOS objects, 7% free, 185MB/201MB, paused 2.212ms total 75.224ms
08-05 14:48:42.122  7308  7321 I art     : Starting a blocking GC Explicit
08-05 14:48:42.198  7308  7321 I art     : Explicit concurrent mark sweep GC freed 3(96B) AllocSpace objects, 0(0B) LOS objects, 7% free, 185MB/201MB, paused 2.272ms total 75.638ms
08-05 14:48:42.225  7308  7321 I art     : Starting a blocking GC Explicit
08-05 14:48:42.279 10369 10369 D AndroidRuntime: >>>>>> START com.android.internal.os.RuntimeInit uid 2000 <<<<<<
08-05 14:48:42.285 10369 10369 D AndroidRuntime: CheckJNI is OFF
08-05 14:48:42.300  7308  7321 I art     : Explicit concurrent mark sweep GC freed 3(96B) AllocSpace objects, 0(0B) LOS objects, 7% free, 185MB/201MB, paused 2.438ms total 74.178ms
08-05 14:48:42.327  7308  7321 I art     : Starting a blocking GC Explicit
08-05 14:48:42.339 10369 10369 D ICU     : No timezone override file found: /data/misc/zoneinfo/current/icu/icu_tzdata.dat
08-05 14:48:42.383 10369 10369 I Radio-JNI: register_android_hardware_Radio DONE
08-05 14:48:42.401  7308  7321 I art     : Explicit concurrent mark sweep GC freed 3(96B) AllocSpace objects, 0(0B) LOS objects, 7% free, 185MB/201MB, paused 2.291ms total 73.910ms
08-05 14:48:42.415 10369 10369 D AndroidRuntime: Calling main entry com.android.commands.input.Input
08-05 14:48:42.418 10369 10369 I Input   : injectMotionEvent: MotionEvent { action=ACTION_DOWN, actionButton=0, id[0]=0, x[0]=117.0, y[0]=170.0, toolType[0]=TOOL_TYPE_UNKNOWN, buttonState=0, metaState=0, flags=0x0, edgeFlags=0x0, pointerCount=1, historySize=0, eventTime=802138830, downTime=802138830, deviceId=0, source=0x1002 }
08-05 14:48:42.424 10369 10369 I Input   : injectMotionEvent: MotionEvent { action=ACTION_UP, actionButton=0, id[0]=0, x[0]=117.0, y[0]=170.0, toolType[0]=TOOL_TYPE_UNKNOWN, buttonState=0, metaState=0, flags=0x0, edgeFlags=0x0, pointerCount=1, historySize=0, eventTime=802138830, downTime=802138830, deviceId=0, source=0x1002 }
08-05 14:48:42.427 10369 10369 D AndroidRuntime: Shutting down VM
08-05 14:48:42.440   512  2967 D audio_hw_primary: out_set_parameters: enter: usecase(1: low-latency-playback) kvpairs: routing=2
08-05 14:48:42.453   512  2967 D audio_hw_primary: select_devices: out_snd_device(2: speaker) in_snd_device(0: none)
08-05 14:48:42.453   512  2967 D msm8974_platform: platform_send_audio_calibration: sending audio calibration for snd_device(2) acdb_id(15)
08-05 14:48:42.454   512  2967 I soundtrigger: audio_extn_sound_trigger_update_device_status: device 0x2 of type 0 for Event 1
08-05 14:48:42.464   512  2967 D audio_hw_primary: enable_snd_device: snd_device(2: speaker)
08-05 14:48:42.468   512  2967 D audio_hw_primary: enable_audio_route: apply and update mixer path: low-latency-playback speaker
08-05 14:48:42.903  7308  7321 I art     : Starting a blocking GC Explicit
08-05 14:48:42.905   518   646 I ThermalEngine: ACTION: GPU - Setting GPU[0] to 450000000
08-05 14:48:42.967  7308  7321 I art     : Explicit concurrent mark sweep GC freed 2048(114KB) AllocSpace objects, 2(48KB) LOS objects, 7% free, 185MB/201MB, paused 1.472ms total 62.707ms
08-05 14:48:42.986  7308  7321 I art     : Starting a blocking GC Explicit
08-05 14:48:43.008   512  2967 D audio_hw_primary: disable_audio_route: reset and update mixer path: low-latency-playback speaker
08-05 14:48:43.009   512  2967 D audio_hw_primary: disable_snd_device: snd_device(2: speaker)
08-05 14:48:43.017   512  2967 I soundtrigger: audio_extn_sound_trigger_update_device_status: device 0x2 of type 0 for Event 0
08-05 14:48:43.041  7308  7321 I art     : Explicit concurrent mark sweep GC freed 76(2864B) AllocSpace objects, 0(0B) LOS objects, 7% free, 185MB/201MB, paused 1.411ms total 55.348ms
08-05 14:48:43.061  7308  7321 I art     : Starting a blocking GC Explicit
08-05 14:48:43.120  7308  7321 I art     : Explicit concurrent mark sweep GC freed 4(128B) AllocSpace objects, 0(0B) LOS objects, 7% free, 185MB/201MB, paused 1.440ms total 58.265ms
08-05 14:48:43.140  7308  7321 I art     : Starting a blocking GC Explicit
08-05 14:48:43.200  7308  7321 I art     : Explicit concurrent mark sweep GC freed 14(720B) AllocSpace objects, 0(0B) LOS objects, 7% free, 185MB/201MB, paused 1.449ms total 60.695ms
08-05 14:48:43.220  7308  7321 I art     : Starting a blocking GC Explicit
08-05 14:48:43.250 10398 10398 D AndroidRuntime: >>>>>> START com.android.internal.os.RuntimeInit uid 2000 <<<<<<
08-05 14:48:43.255 10398 10398 D AndroidRuntime: CheckJNI is OFF
08-05 14:48:43.280  7308  7321 I art     : Explicit concurrent mark sweep GC freed 15(704B) AllocSpace objects, 0(0B) LOS objects, 7% free, 185MB/201MB, paused 1.489ms total 59.934ms
08-05 14:48:43.304 10398 10398 D ICU     : No timezone override file found: /data/misc/zoneinfo/current/icu/icu_tzdata.dat
08-05 14:48:43.346 10398 10398 I Radio-JNI: register_android_hardware_Radio DONE
08-05 14:48:43.375 10398 10398 D AndroidRuntime: Calling main entry com.android.commands.input.Input
08-05 14:48:43.378 10398 10398 I Input   : injectMotionEvent: MotionEvent { action=ACTION_DOWN, actionButton=0, id[0]=0, x[0]=418.0, y[0]=842.0, toolType[0]=TOOL_TYPE_UNKNOWN, buttonState=0, metaState=0, flags=0x0, edgeFlags=0x0, pointerCount=1, historySize=0, eventTime=802139790, downTime=802139790, deviceId=0, source=0x1002 }
08-05 14:48:43.382 10398 10398 I Input   : injectMotionEvent: MotionEvent { action=ACTION_UP, actionButton=0, id[0]=0, x[0]=418.0, y[0]=842.0, toolType[0]=TOOL_TYPE_UNKNOWN, buttonState=0, metaState=0, flags=0x0, edgeFlags=0x0, pointerCount=1, historySize=0, eventTime=802139790, downTime=802139790, deviceId=0, source=0x1002 }
08-05 14:48:43.384 10398 10398 D AndroidRuntime: Shutting down VM
08-05 14:48:43.389   512  2967 D audio_hw_primary: out_set_parameters: enter: usecase(1: low-latency-playback) kvpairs: routing=2
08-05 14:48:43.391  7308  7381 D Gabe    : call	returning from cache
08-05 14:48:43.402   512  2967 D audio_hw_primary: select_devices: out_snd_device(2: speaker) in_snd_device(0: none)
08-05 14:48:43.402   512  2967 D msm8974_platform: platform_send_audio_calibration: sending audio calibration for snd_device(2) acdb_id(15)
08-05 14:48:43.403   512  2967 I soundtrigger: audio_extn_sound_trigger_update_device_status: device 0x2 of type 0 for Event 1
08-05 14:48:43.413  7308  7308 V MainActivity: url = https://project-travel-mate.herokuapp.com/api/number-of-unread-notifications
08-05 14:48:43.415   512  2967 D audio_hw_primary: enable_snd_device: snd_device(2: speaker)
08-05 14:48:43.417   512  2967 D audio_hw_primary: enable_audio_route: apply and update mixer path: low-latency-playback speaker
08-05 14:48:43.460   512  2967 D AudioFlinger: mixer(0xf4740000) throttle end: throttle time(12)
08-05 14:48:43.667  7308  9116 I art     : Starting a blocking GC Explicit
08-05 14:48:43.738  7308  9116 I art     : Explicit concurrent mark sweep GC freed 4048(248KB) AllocSpace objects, 2(48KB) LOS objects, 7% free, 186MB/202MB, paused 2.080ms total 71.243ms
08-05 14:48:43.759  7308  9116 I art     : Starting a blocking GC Explicit
08-05 14:48:43.827  7308  9116 I art     : Explicit concurrent mark sweep GC freed 623(38KB) AllocSpace objects, 0(0B) LOS objects, 7% free, 186MB/202MB, paused 2.082ms total 67.504ms
08-05 14:48:43.847  7308  9116 I art     : Starting a blocking GC Explicit
08-05 14:48:43.921  7308  9116 I art     : Explicit concurrent mark sweep GC freed 843(38KB) AllocSpace objects, 0(0B) LOS objects, 7% free, 186MB/202MB, paused 1.733ms total 74.394ms
08-05 14:48:43.942  7308  9116 I art     : Starting a blocking GC Explicit
08-05 14:48:43.948   512  2967 D audio_hw_primary: disable_audio_route: reset and update mixer path: low-latency-playback speaker
08-05 14:48:43.949   512  2967 D audio_hw_primary: disable_snd_device: snd_device(2: speaker)
08-05 14:48:43.950  7308  7308 I Choreographer: Skipped 31 frames!  The application may be doing too much work on its main thread.
08-05 14:48:43.957   512  2967 I soundtrigger: audio_extn_sound_trigger_update_device_status: device 0x2 of type 0 for Event 0
08-05 14:48:44.009  7308  9116 I art     : Explicit concurrent mark sweep GC freed 1490(55KB) AllocSpace objects, 9(252KB) LOS objects, 7% free, 186MB/202MB, paused 2.001ms total 65.961ms
08-05 14:48:44.029  7308  9116 I art     : Starting a blocking GC Explicit
08-05 14:48:44.100  7308  9116 I art     : Explicit concurrent mark sweep GC freed 1002(65KB) AllocSpace objects, 0(0B) LOS objects, 7% free, 186MB/202MB, paused 2.076ms total 70.317ms
08-05 14:48:44.391  7308 10411 I NAPPA_EXPERIMENTATION: MetricNetworkRequestExecutionTime: REQUEST_DURATION_SYSTEM='977',REQUEST_DURATION_OKHTTP='41',REQUEST_SYNCHRONOUS='FALSE',RESPONSE_CODE='200',RESPONSE_METHOD='GET',RESPONSE_LENGTH_OKHTTP='36',RESPONSE_LENGTH_HEADER='36',REQUEST_PROTOCOL='http/1.1',REQUEST_URL='https://project-travel-mate.herokuapp.com/api/number-of-unread-notifications',
08-05 14:48:44.513  7308  7568 I art     : Starting a blocking GC Explicit
08-05 14:48:44.584  7308  7568 I art     : Explicit concurrent mark sweep GC freed 6168(293KB) AllocSpace objects, 5(264KB) LOS objects, 7% free, 186MB/202MB, paused 1.539ms total 70.470ms
08-05 14:48:44.605  7308  7568 I art     : Starting a blocking GC Explicit
08-05 14:48:44.673  7308  7568 I art     : Explicit concurrent mark sweep GC freed 1141(121KB) AllocSpace objects, 0(0B) LOS objects, 7% free, 186MB/202MB, paused 1.676ms total 68.494ms
08-05 14:48:44.694  7308  7568 I art     : Starting a blocking GC Explicit
08-05 14:48:44.765  7308  7568 I art     : Explicit concurrent mark sweep GC freed 123(2096B) AllocSpace objects, 0(0B) LOS objects, 7% free, 186MB/202MB, paused 1.583ms total 70.583ms
08-05 14:48:44.786  7308  7568 I art     : Starting a blocking GC Explicit
08-05 14:48:44.853  7308  7568 I art     : Explicit concurrent mark sweep GC freed 122(2064B) AllocSpace objects, 0(0B) LOS objects, 7% free, 186MB/202MB, paused 1.532ms total 66.167ms
08-05 14:48:44.873  7308  7568 I art     : Starting a blocking GC Explicit
08-05 14:48:44.943  7308  7568 I art     : Explicit concurrent mark sweep GC freed 184(3KB) AllocSpace objects, 0(0B) LOS objects, 7% free, 186MB/202MB, paused 1.577ms total 69.347ms
08-05 14:48:45.377  7308  7321 I art     : Starting a blocking GC Explicit
08-05 14:48:45.455  7308  7321 I art     : Explicit concurrent mark sweep GC freed 2339(104KB) AllocSpace objects, 2(64KB) LOS objects, 7% free, 186MB/202MB, paused 1.578ms total 78.162ms
08-05 14:48:45.480  7308  7321 I art     : Starting a blocking GC Explicit
08-05 14:48:45.551  7308  7321 I art     : Explicit concurrent mark sweep GC freed 172(3KB) AllocSpace objects, 0(0B) LOS objects, 7% free, 186MB/202MB, paused 1.545ms total 70.729ms
08-05 14:48:45.572  7308  7321 I art     : Starting a blocking GC Explicit
08-05 14:48:45.641  7308  7321 I art     : Explicit concurrent mark sweep GC freed 131(2208B) AllocSpace objects, 0(0B) LOS objects, 7% free, 186MB/202MB, paused 1.679ms total 69.426ms
08-05 14:48:45.662  7308  7321 I art     : Starting a blocking GC Explicit
08-05 14:48:45.727  7308  7321 I art     : Explicit concurrent mark sweep GC freed 138(2352B) AllocSpace objects, 0(0B) LOS objects, 7% free, 186MB/202MB, paused 1.481ms total 64.700ms
08-05 14:48:45.748  7308  7321 I art     : Starting a blocking GC Explicit
08-05 14:48:45.810  7308  7321 I art     : Explicit concurrent mark sweep GC freed 123(2096B) AllocSpace objects, 0(0B) LOS objects, 7% free, 186MB/202MB, paused 1.454ms total 61.683ms
08-05 14:48:46.243 10449 10449 D AndroidRuntime: >>>>>> START com.android.internal.os.RuntimeInit uid 2000 <<<<<<
08-05 14:48:46.245  7308  7568 I art     : Starting a blocking GC Explicit
08-05 14:48:46.249 10449 10449 D AndroidRuntime: CheckJNI is OFF
08-05 14:48:46.294 10449 10449 D ICU     : No timezone override file found: /data/misc/zoneinfo/current/icu/icu_tzdata.dat
08-05 14:48:46.316  7308  7568 I art     : Explicit concurrent mark sweep GC freed 2357(105KB) AllocSpace objects, 2(64KB) LOS objects, 7% free, 186MB/202MB, paused 1.531ms total 71.490ms
08-05 14:48:46.337  7308  7568 I art     : Starting a blocking GC Explicit
08-05 14:48:46.344 10449 10449 I Radio-JNI: register_android_hardware_Radio DONE
08-05 14:48:46.373 10449 10449 D AndroidRuntime: Calling main entry com.android.commands.am.Am
08-05 14:48:46.385 16924 16924 I Trepn   : Trepn 6.2s: Received intent: com.quicinc.trepn.stop_profiling
08-05 14:48:46.405  7308  7568 I art     : Explicit concurrent mark sweep GC freed 158(3KB) AllocSpace objects, 0(0B) LOS objects, 7% free, 186MB/202MB, paused 1.396ms total 67.705ms
08-05 14:48:46.420 16924 16924 I Trepn   : Trepn 6.2s: Trepn has Stopped Profiling.
08-05 14:48:46.425  7308  7568 I art     : Starting a blocking GC Explicit
08-05 14:48:46.489  7308  7568 I art     : Explicit concurrent mark sweep GC freed 123(2096B) AllocSpace objects, 0(0B) LOS objects, 7% free, 186MB/202MB, paused 1.416ms total 63.416ms
08-05 14:48:46.510  7308  7568 I art     : Starting a blocking GC Explicit
08-05 14:48:46.527 10449 10449 D AndroidRuntime: Shutting down VM
08-05 14:48:46.530   918  4400 W AppOps  : Finishing op nesting under-run: uid 10078 pkg com.quicinc.trepn code 24 time=0 duration=0 nesting=0
08-05 14:48:46.570  7308  7568 I art     : Explicit concurrent mark sweep GC freed 123(2096B) AllocSpace objects, 0(0B) LOS objects, 7% free, 186MB/202MB, paused 1.442ms total 60.151ms
08-05 14:48:46.590  7308  7568 I art     : Starting a blocking GC Explicit
08-05 14:48:46.655  7308  7568 I art     : Explicit concurrent mark sweep GC freed 123(2096B) AllocSpace objects, 0(0B) LOS objects, 7% free, 186MB/202MB, paused 1.590ms total 65.063ms
08-05 14:48:47.065  7308  9116 I art     : Starting a blocking GC Explicit
08-05 14:48:47.134  7308  9116 I art     : Explicit concurrent mark sweep GC freed 2321(104KB) AllocSpace objects, 2(64KB) LOS objects, 7% free, 186MB/202MB, paused 1.527ms total 68.425ms
08-05 14:48:47.154  7308  9116 I art     : Starting a blocking GC Explicit
08-05 14:48:47.219  7308  9116 I art     : Explicit concurrent mark sweep GC freed 148(3024B) AllocSpace objects, 0(0B) LOS objects, 7% free, 186MB/202MB, paused 1.526ms total 64.387ms
08-05 14:48:47.240  7308  9116 I art     : Starting a blocking GC Explicit
08-05 14:48:47.305  7308  9116 I art     : Explicit concurrent mark sweep GC freed 134(2720B) AllocSpace objects, 0(0B) LOS objects, 7% free, 186MB/202MB, paused 1.666ms total 64.769ms
08-05 14:48:47.326  7308  9116 I art     : Starting a blocking GC Explicit
08-05 14:48:47.392  7308  9116 I art     : Explicit concurrent mark sweep GC freed 140(2768B) AllocSpace objects, 0(0B) LOS objects, 7% free, 186MB/202MB, paused 1.524ms total 65.822ms
08-05 14:48:47.413  7308  9116 I art     : Starting a blocking GC Explicit
08-05 14:48:47.477  7308  9116 I art     : Explicit concurrent mark sweep GC freed 141(2400B) AllocSpace objects, 0(0B) LOS objects, 7% free, 186MB/202MB, paused 1.485ms total 63.979ms
08-05 14:48:47.539   918  3261 D WifiStateMachine: starting scan for "H369AA63323"WPA_PSK with 2412,5180
08-05 14:48:48.573  2820  2820 I ServiceManager: Waiting for service AtCmdFwd...
08-05 14:48:49.574  2820  2820 I ServiceManager: Waiting for service AtCmdFwd...
