--------- beginning of main
08-05 20:58:56.276   918  3247 I InputReader: Reconfiguring input devices.  changes=0x00000010
08-05 20:58:56.298 24365 24365 I GeofencerStateMachine: removeGeofences: removeRequest=RemoveGeofencingRequest[REMOVE_ALL packageName=baseline.org.quantumbadger.redreader]
08-05 20:58:56.304  3784  3784 D CarrierServiceBindHelper: Receive action: android.intent.action.PACKAGE_REMOVED
08-05 20:58:56.316 28221  4719 D VoicemailCleanupService: Cleaning up data for package: baseline.org.quantumbadger.redreader
08-05 20:58:56.436 15866 15866 I Finsky  : [1] uah.a(18): PackageMonitorReceiverImpl - Received: android.intent.action.PACKAGE_REMOVED, [ocpw8ddNLhG67i_cxGNvtEQwqY1k5QNC_my-vN553D4]
08-05 20:58:56.436 15866 15866 I Finsky  : [1] ubi.d(9): Invalidating cached PackageState for baseline.org.quantumbadger.redreader
08-05 20:58:56.439 24365  4730 I Fitness : FitCleanupIntentOperation received Intent android.intent.action.PACKAGE_REMOVED [CONTEXT service_id=17 ]
08-05 20:58:56.447 15866 15866 I Finsky  : [1] ubi.j(3): Package no longer installed: baseline.org.quantumbadger.redreader
08-05 20:58:56.456   918  6112 I AccountManagerService: getTypesVisibleToCaller: isPermitted? true
08-05 20:58:56.486 15866 15866 I Finsky  : [1] nqb.c(3): Installer: package baseline.org.quantumbadger.redreader was removed. replacing: false
08-05 20:58:56.488 15866 15866 I Finsky  : [1] nra.a(188): Installer: Notifying status update. package=baseline.org.quantumbadger.redreader, status=UNINSTALLED
08-05 20:58:56.492 24577 24587 W art     : Suspending all threads took: 29.385ms
08-05 20:58:56.588 15866 15866 I Finsky  : [1] agsx.a(4): Do not start WearSupportService due to Wear service optimization
08-05 20:58:56.589 15866 15866 I Finsky  : [1] agsx.a(4): Do not start WearSupportService due to Wear service optimization
08-05 20:58:56.591 15866  4734 I Finsky  : [6268] lyx.run(-1): Frosting DB delete succeeded: true
08-05 20:58:56.631 15866 15866 I Finsky  : [1] zko.a(1): Clearing split related stale data.
08-05 20:58:56.673 24577 11777 I ContentMaintenance: Internal cache bytes used: 0; limit: 100000000; download size: 0
08-05 20:58:56.676 15866 15866 I Finsky  : [1] ubi.j(3): Package no longer installed: baseline.org.quantumbadger.redreader
08-05 20:58:56.678 15866  4734 I Finsky  : [6268] lyx.run(-1): Frosting DB delete succeeded: false
08-05 20:58:56.692 24577  4765 I Icing   : doRemovePackageData baseline.org.quantumbadger.redreader
08-05 20:58:56.698 15866  4761 I Finsky  : [6270] eji.a(-1): Asset module storage cleared for package baseline.org.quantumbadger.redreader.
08-05 20:58:56.725 15866 15866 I Finsky  : [1] nra.a(220): Installer: found apps to install. isMultiUserMode=false, apps=[]
--------- beginning of system
08-05 20:58:56.736   918   918 W BroadcastQueue: Unable to launch app com.android.documentsui/10042 for broadcast Intent { act=android.intent.action.PACKAGE_FULLY_REMOVED dat=package:baseline.org.quantumbadger.redreader flg=0x4000010 (has extras) }: process is bad
08-05 20:58:56.761 15866 16054 I Finsky  : [6134] odj.b(52): IQ: Notifying installation update. package=baseline.org.quantumbadger.redreader, status=UNINSTALLED
08-05 20:58:56.804 24577 11777 I RealtimeCacheCleanup: Beginning Realtime garbage collection.
08-05 20:58:56.805 24577 11777 I RealtimeCacheCleanup: Finished Realtime garbage collection.
08-05 20:58:56.834 24577 13316 I Icing   : IndexChimeraService.getServiceInterface callingPackage=com.google.android.gms componentName=AppsCorpus serviceId=36
08-05 20:58:56.839 15866 16054 I Finsky  : [6134] odj.b(40): IQ: No matching installs to run for jobs: []
08-05 20:58:56.863  4748  4748 D AndroidRuntime: >>>>>> START com.android.internal.os.RuntimeInit uid 2000 <<<<<<
08-05 20:58:56.867  4748  4748 D AndroidRuntime: CheckJNI is OFF
08-05 20:58:56.890 24577  4765 W Icing   : No valid account for uploading user actions
08-05 20:58:56.890  4748  4748 D ICU     : No timezone override file found: /data/misc/zoneinfo/current/icu/icu_tzdata.dat
08-05 20:58:56.900 15866 15866 I Finsky  : [1] uah.a(18): PackageMonitorReceiverImpl - Received: android.intent.action.PACKAGE_FULLY_REMOVED, [ocpw8ddNLhG67i_cxGNvtEQwqY1k5QNC_my-vN553D4]
08-05 20:58:56.901 15866 15866 I Finsky  : [1] ubi.d(9): Invalidating cached PackageState for baseline.org.quantumbadger.redreader
08-05 20:58:56.902 15866 15866 I Finsky  : [1] ubi.j(3): Package no longer installed: baseline.org.quantumbadger.redreader
08-05 20:58:56.903 15866  4734 I Finsky  : [6268] lyx.run(-1): Frosting DB delete succeeded: false
08-05 20:58:56.908 15866 15866 I Finsky  : [1] uah.a(21): PackageMonitorReceiverImpl - Deduping intent android.intent.action.PACKAGE_FULLY_REMOVED
08-05 20:58:56.918  4748  4748 I Radio-JNI: register_android_hardware_Radio DONE
08-05 20:58:56.920 24577  4765 I Icing   : Usage reports ok 0, Failed Usage reports 0, indexed 0, rejected 0
08-05 20:58:56.922 24577 13316 I Icing   : IndexChimeraService.getServiceInterface callingPackage=com.google.android.gms componentName=null serviceId=36
08-05 20:58:56.928 24577 13294 I Icing   : IndexChimeraService.getServiceInterface callingPackage=com.google.android.gms componentName=null serviceId=30
08-05 20:58:56.933  4748  4748 D AndroidRuntime: Calling main entry com.android.commands.monkey.Monkey
08-05 20:58:56.943 24577  4765 W Icing   : No valid account for uploading user actions
08-05 20:58:56.946   918   931 W BroadcastQueue: Skipping deliver [background] BroadcastRecord{c559c7b u-1 android.net.conn.CONNECTIVITY_CHANGE} to ReceiverList{8434a98 4748 (unknown name)/2000/u-1 remote:cbad475}: process crashing
08-05 20:58:56.952 24577  4765 I Icing   : Usage reports ok 0, Failed Usage reports 0, indexed 0, rejected 0
08-05 20:58:56.955 24577  4765 W Icing   : No valid account for uploading user actions
08-05 20:58:56.957   918  6111 I ActivityManager: START u0 {act=android.intent.action.MAIN cat=[android.intent.category.LAUNCHER] flg=0x10200000 cmp=baseline.io.github.project_travel_mate/.SplashActivity} from uid 2000 on display 0
08-05 20:58:56.966 24577  4765 I Icing   : Usage reports ok 0, Failed Usage reports 0, indexed 0, rejected 0
08-05 20:58:56.975   918  4400 I ActivityManager: Start proc 4787:baseline.io.github.project_travel_mate/u0a674 for activity baseline.io.github.project_travel_mate/.SplashActivity
08-05 20:58:56.975  4787  4787 I art     : Late-enabling -Xcheck:jni
08-05 20:58:56.977  4748  4748 I art     : System.exit called, status: 0
08-05 20:58:56.977  4748  4748 I AndroidRuntime: VM exiting with result code 0.
08-05 20:58:56.992 15866 15866 I Finsky  : [1] xmu.a(8): SCH: Jobs in database: 1-1337 3-219 3-220 12-1 24-77777777 26-1414141414 
08-05 20:58:56.995 15866 15866 I Finsky  : [1] xio.a(57): SCH: ConstraintMapping: 24-77777777,  -> L: 0ms, D: 663525ms, C: false, I: true, N: 0
08-05 20:58:56.996 15866 15866 I Finsky  : [1] xio.a(57): SCH: ConstraintMapping: 1-1337, 12-1,  -> L: 14611ms, D: 47215922ms, C: false, I: false, N: 1
08-05 20:58:56.997 15866 15866 I Finsky  : [1] xio.a(57): SCH: ConstraintMapping: 3-219,  -> L: 0ms, D: 79226529ms, C: false, I: true, N: 2
08-05 20:58:56.997 15866 15866 I Finsky  : [1] xio.a(57): SCH: ConstraintMapping: 3-220,  -> L: 0ms, D: 79226570ms, C: true, I: true, N: 2
08-05 20:58:56.998 15866 15866 I Finsky  : [1] xio.a(57): SCH: ConstraintMapping: 26-1414141414,  -> L: 8663384ms, D: 9563384ms, C: false, I: false, N: 0
08-05 20:58:57.000 15866  4750 I Finsky  : [6269] gzn.a(-1): [ContentSync] finished, scheduled=true
08-05 20:58:57.022  4787  4787 W System  : ClassLoader referenced unknown path: /data/app/baseline.io.github.project_travel_mate-1/lib/arm64
08-05 20:58:57.030 15866 15866 I Finsky  : [1] xle.a(34): Cancelling existing jobscheduler jobs: 9006 9003 9007 9010 9008 9015 9005 9001 9004 9009 
08-05 20:58:57.031 15866 15866 I Finsky  : [1] xle.a(27): Scheduling job Id: 9000, L: 0, D: 663525, C: false, I: true, N: 0
08-05 20:58:57.032 15866 15866 I Finsky  : [1] xle.a(27): Scheduling job Id: 9002, L: 14611, D: 47215922, C: false, I: false, N: 1
08-05 20:58:57.037 15866 15866 I Finsky  : [1] xle.a(27): Scheduling job Id: 9011, L: 0, D: 79226529, C: false, I: true, N: 2
08-05 20:58:57.039 15866 15866 I Finsky  : [1] xle.a(27): Scheduling job Id: 9012, L: 0, D: 79226570, C: true, I: true, N: 2
08-05 20:58:57.040 15866 15866 I Finsky  : [1] xle.a(27): Scheduling job Id: 9013, L: 8663384, D: 9563384, C: false, I: false, N: 0
08-05 20:58:57.041 15866 15866 I Finsky  : [1] xle.a(27): Scheduling job Id: 9014, L: 0, D: 663525, C: false, I: true, N: 0
08-05 20:58:57.042 15866 15866 I Finsky  : [1] xle.a(27): Scheduling job Id: 9016, L: 14611, D: 47215922, C: false, I: false, N: 1
08-05 20:58:57.044 15866 15866 I Finsky  : [1] xle.a(27): Scheduling job Id: 9017, L: 0, D: 79226529, C: false, I: true, N: 2
08-05 20:58:57.045 15866 15866 I Finsky  : [1] xle.a(27): Scheduling job Id: 9018, L: 0, D: 79226570, C: true, I: true, N: 2
08-05 20:58:57.046  4787  4787 W art     : Before Android 4.1, method android.graphics.PorterDuffColorFilter androidx.vectordrawable.graphics.drawable.VectorDrawableCompat.updateTintFilter(android.graphics.PorterDuffColorFilter, android.content.res.ColorStateList, android.graphics.PorterDuff$Mode) would have incorrectly overridden the package-private method in android.graphics.drawable.Drawable
08-05 20:58:57.046 15866 15866 I Finsky  : [1] xle.a(27): Scheduling job Id: 9019, L: 8663384, D: 9563384, C: false, I: false, N: 0
08-05 20:58:57.060  4787  4787 I art     : Rejecting re-init on previously-failed class java.lang.Class<androidx.core.view.ViewCompat$OnUnhandledKeyEventListenerWrapper>
08-05 20:58:57.060  4787  4787 I art     : Rejecting re-init on previously-failed class java.lang.Class<androidx.core.view.ViewCompat$OnUnhandledKeyEventListenerWrapper>
08-05 20:58:57.062 16458 19558 I PBSessionCacheImpl: Deleted sessionId[72384646105454640] from persistence.
08-05 20:58:57.066 16458 16488 W SearchServiceCore: Abort, client detached.
08-05 20:58:57.066 16458 16488 I MicroDetectionState: Should stop hotword detection immediately - true
08-05 20:58:57.089  4787  4803 D OpenGLRenderer: Use EGL_SWAP_BEHAVIOR_PRESERVED: true
08-05 20:58:57.126  4787  4803 I Adreno  : QUALCOMM build                   : fcf4852, I1af360237c
08-05 20:58:57.126  4787  4803 I Adreno  : Build Date                       : 09/23/15
08-05 20:58:57.126  4787  4803 I Adreno  : OpenGL ES Shader Compiler Version: XE031.05.13.02
08-05 20:58:57.126  4787  4803 I Adreno  : Local Branch                     : mybranch14465806
08-05 20:58:57.126  4787  4803 I Adreno  : Remote Branch                    : quic/LA.BF64.1.2.9_v2
08-05 20:58:57.126  4787  4803 I Adreno  : Remote Branch                    : NONE
08-05 20:58:57.126  4787  4803 I Adreno  : Reconstruct Branch               : NOTHING
08-05 20:58:57.131  4787  4803 I OpenGLRenderer: Initialized EGL, version 1.4
08-05 20:58:57.232   918   936 I ActivityManager: Displayed baseline.io.github.project_travel_mate/.SplashActivity: +270ms
08-05 20:58:57.241 13866 13866 I GoogleInputMethodServic: GoogleInputMethodService.onFinishInput():3138 
08-05 20:58:57.242 13866 13866 I GoogleInputMethodServic: GoogleInputMethodService.onStartInput():1808 
08-05 20:58:57.925 24577  4765 I Icing   : Indexing com.google.android.gms-apps from com.google.android.gms
08-05 20:58:57.954 24577  4765 I Icing   : Indexing done com.google.android.gms-apps
08-05 20:58:58.503  4819  4819 D AndroidRuntime: >>>>>> START com.android.internal.os.RuntimeInit uid 2000 <<<<<<
08-05 20:58:58.507  4819  4819 D AndroidRuntime: CheckJNI is OFF
08-05 20:58:58.531  4819  4819 D ICU     : No timezone override file found: /data/misc/zoneinfo/current/icu/icu_tzdata.dat
08-05 20:58:58.559  4819  4819 I Radio-JNI: register_android_hardware_Radio DONE
08-05 20:58:58.574  4819  4819 D AndroidRuntime: Calling main entry com.android.commands.am.Am
08-05 20:58:58.580 19822 19822 I Trepn   : Trepn 6.2s: Received intent: com.quicinc.trepn.start_profiling
08-05 20:58:58.700 19822 19822 W FileUtils: Failed to chmod(/storage/emulated/0/trepn/Trepn_2020.08.05_205858.db): android.system.ErrnoException: chmod failed: EPERM (Operation not permitted)
08-05 20:58:58.811 19822 19822 I Trepn   : Trepn 6.2s: Trepn has Started Profiling.
08-05 20:58:58.812  4819  4819 D AndroidRuntime: Shutting down VM
08-05 20:58:59.158   918  3961 I ActivityManager: START u0 {cmp=baseline.io.github.project_travel_mate/.MainActivity} from uid 10674 on display 0
08-05 20:58:59.232  4787  4787 W Settings: Setting airplane_mode_on has moved from android.provider.Settings.System to android.provider.Settings.Global, returning read-only value.
08-05 20:58:59.243  4787  4787 V MainActivity: url=https://project-travel-mate.herokuapp.com/api/get-user
08-05 20:58:59.271  4787  4853 W LOTTIE  : Unknown mask mode mode. Defaulting to Add.
08-05 20:58:59.279  4787  4853 W LOTTIE  : You have 5 images. Lottie should primarily be used with shapes. If you are using Adobe Illustrator, convert the Illustrator layers to shape layers.
08-05 20:58:59.281  4787  4853 W LOTTIE  : Unknown mask mode mode. Defaulting to Add.
08-05 20:58:59.281  4787  4853 W LOTTIE  : Unknown mask mode mode. Defaulting to Add.
08-05 20:58:59.324  4787  4787 V CityFragment: url=https://project-travel-mate.herokuapp.com/api/get-all-cities/10
08-05 20:58:59.331  4787  4806 I art     : Starting a blocking GC Explicit
08-05 20:58:59.349  4787  4806 I art     : Explicit concurrent mark sweep GC freed 24933(1585KB) AllocSpace objects, 1(20KB) LOS objects, 40% free, 23MB/38MB, paused 307us total 17.541ms
08-05 20:58:59.358  4787  4806 I art     : Starting a blocking GC Explicit
08-05 20:58:59.373  4787  4806 I art     : Explicit concurrent mark sweep GC freed 956(48KB) AllocSpace objects, 0(0B) LOS objects, 40% free, 23MB/38MB, paused 280us total 14.511ms
08-05 20:58:59.388  4787  4806 I art     : Starting a blocking GC Explicit
08-05 20:58:59.401  4787  4806 I art     : Explicit concurrent mark sweep GC freed 1815(82KB) AllocSpace objects, 0(0B) LOS objects, 40% free, 23MB/38MB, paused 226us total 12.782ms
08-05 20:58:59.414  4787  4806 I art     : Starting a blocking GC Explicit
08-05 20:58:59.426  4787  4806 I art     : Explicit concurrent mark sweep GC freed 3(96B) AllocSpace objects, 0(0B) LOS objects, 40% free, 23MB/38MB, paused 199us total 12.121ms
08-05 20:58:59.434  4787  4806 I art     : Starting a blocking GC Explicit
08-05 20:58:59.445  4787  4806 I art     : Explicit concurrent mark sweep GC freed 3(96B) AllocSpace objects, 0(0B) LOS objects, 40% free, 23MB/38MB, paused 195us total 11.301ms
08-05 20:58:59.451  4787  4787 E RecyclerView: No adapter attached; skipping layout
08-05 20:58:59.599  4787  4787 V MainActivity: url = https://project-travel-mate.herokuapp.com/api/number-of-unread-notifications
08-05 20:58:59.602   918   936 I ActivityManager: Displayed baseline.io.github.project_travel_mate/.MainActivity: +434ms
08-05 20:58:59.608 13866 13866 I GoogleInputMethodServic: GoogleInputMethodService.onFinishInput():3138 
08-05 20:58:59.608 13866 13866 I GoogleInputMethodServic: GoogleInputMethodService.onStartInput():1808 
08-05 20:58:59.609  4787  4787 E RecyclerView: No adapter attached; skipping layout
08-05 20:58:59.710  4787  4800 I art     : Starting a blocking GC Explicit
08-05 20:58:59.726  4787  4800 I art     : Explicit concurrent mark sweep GC freed 12633(771KB) AllocSpace objects, 7(420KB) LOS objects, 36% free, 28MB/44MB, paused 235us total 15.786ms
08-05 20:58:59.734  4787  4800 I art     : Starting a blocking GC Explicit
08-05 20:58:59.745   918  1209 D NetworkMonitor/NetworkAgentInfo [WIFI () - 159]: Checking http://connectivitycheck.gstatic.com/generate_204 on "H369AA63323", 192.168.2.12=192.168.2.12
08-05 20:58:59.748  4787  4800 I art     : Explicit concurrent mark sweep GC freed 2324(255KB) AllocSpace objects, 0(0B) LOS objects, 36% free, 28MB/44MB, paused 263us total 13.952ms
08-05 20:58:59.750  4787  4852 I NAPPA_EXPERIMENTATION: MetricNetworkRequestExecutionTime: REQUEST_DURATION_SYSTEM='495',REQUEST_DURATION_OKHTTP='59',REQUEST_SYNCHRONOUS='FALSE',RESPONSE_CODE='200',RESPONSE_METHOD='GET',RESPONSE_LENGTH_OKHTTP='185',RESPONSE_LENGTH_HEADER='185',REQUEST_PROTOCOL='http/1.1',REQUEST_URL='https://project-travel-mate.herokuapp.com/api/get-user',
08-05 20:58:59.756  4787  4800 I art     : Starting a blocking GC Explicit
08-05 20:58:59.770  4787  4800 I art     : Explicit concurrent mark sweep GC freed 219(16KB) AllocSpace objects, 0(0B) LOS objects, 36% free, 28MB/44MB, paused 288us total 13.416ms
08-05 20:58:59.778  4787  4800 I art     : Starting a blocking GC Explicit
08-05 20:58:59.784  4787  4856 I NAPPA_EXPERIMENTATION: MetricNetworkRequestExecutionTime: REQUEST_DURATION_SYSTEM='460',REQUEST_DURATION_OKHTTP='69',REQUEST_SYNCHRONOUS='FALSE',RESPONSE_CODE='200',RESPONSE_METHOD='GET',RESPONSE_LENGTH_OKHTTP='1588',RESPONSE_LENGTH_HEADER='1588',REQUEST_PROTOCOL='http/1.1',REQUEST_URL='https://project-travel-mate.herokuapp.com/api/get-all-cities/10',
08-05 20:58:59.787  4787  4787 V CityFragment: result=[{"id":1,"city_name":"Delhi","facts_count":6,"image":"https://upload.wikimedia.org/wikipedia/commons/9/94/%E0%B4%96%E0%B5%81%E0%B4%A4%E0%B5%8D%E0%B4%AC%E0%B5%8D_%E0%B4%AE%E0%B4%BF%E0%B4%A8%E0%B4%BE%E0%B5%BC1.jpg","visit_count":18186},{"id":2,"city_name":"Mumbai","facts_count":0,"image":"https://static1.squarespace.com/static/55917ae2e4b0984fc8c264c4/t/5ad7a037758d464041bfba27/1524102624280/Victoria_Mumbai.jpg","visit_count":6022},{"id":3,"city_name":"Bangalore","facts_count":0,"image":null,"visit_count":5536},{"id":8,"city_name":"Pune","facts_count":0,"image":"https://www.zricks.com/ImagesPostProject/47929//6557d975-20a9-4c6c-a776-8072a1936a76.jpg","visit_count":3324},{"id":4,"city_name":"Chennai","facts_count":0,"image":"http://lh3.ggpht.com/_YLb7tJ8RoAk/SfazBLdgf3I/AAAAAAAANEg/p52_Zz_URxg/s640/Picture%20009.jpg","visit_count":3061},{"id":5,"city_name":"Kolkata","facts_count":0,"image":"https://i.pinimg.com/originals/05/ec/42/05ec42c545b494d12cc612923483b4f0.jpg","visit_count":2211},{"id":9,"city_name":"Jaipur","facts_count":1,"image":"https://www.trodly.com/pictures/attraction/1943.jpg","visit_count":2007},{"id":6,"city_name":"Hyderabad","facts_count":0,"image":"https://i1.trekearth.com/photos/59194/charminar_020_sm.jpg","visit_count":1633},{"id":150,"city_name":"Panjim","facts_count":0,"image":"http://www.nomad4ever.com/wp-content/uploads/2009/04/palm-trees-at-baga-creek-north-goa1.jpg","visit_count":1488},{"id":7,"city_name":"Ahmedabad","facts_count":0,"image":"https://i.pinimg.com/originals/a5/ed/29/a5ed293271669a61f47059f7b0d9cf2c.jpg","visit_count":1115}]
08-05 20:58:59.802  4787  4800 I art     : Explicit concurrent mark sweep GC freed 292(30KB) AllocSpace objects, 0(0B) LOS objects, 36% free, 28MB/44MB, paused 312us total 23.805ms
08-05 20:58:59.805   918  1209 D NetworkMonitor/NetworkAgentInfo [WIFI () - 159]: Probably not a portal: exception java.io.IOException: unexpected end of stream on Connection{connectivitycheck.gstatic.com:80, proxy=HTTP@/192.168.2.12:8080 hostAddress=192.168.2.12 cipherSuite=none protocol=http/1.1} (recycle count=0)
08-05 20:58:59.805   918  3263 D ConnectivityService: NetworkAgentInfo [WIFI () - 159] validation failed
08-05 20:58:59.806   918  3261 E WifiConfigStore:  rewrite network history for "H369AA63323"WPA_PSK
08-05 20:58:59.811  4787  4800 I art     : Starting a blocking GC Explicit
08-05 20:58:59.827  4787  4800 I art     : Explicit concurrent mark sweep GC freed 214(8KB) AllocSpace objects, 0(0B) LOS objects, 36% free, 28MB/44MB, paused 310us total 15.864ms
08-05 20:58:59.851  4787  4787 D CityFragment: get cities cities size = 10
08-05 20:58:59.853   380   380 W SurfaceFlinger: couldn't log to binary event log: overflow.
08-05 20:59:00.089  4787  4806 I art     : Starting a blocking GC Explicit
08-05 20:59:00.110  4787  4806 I art     : Explicit concurrent mark sweep GC freed 11056(712KB) AllocSpace objects, 9(384KB) LOS objects, 33% free, 32MB/48MB, paused 660us total 21.094ms
08-05 20:59:00.120  4787  4806 I art     : Starting a blocking GC Explicit
08-05 20:59:00.139  4787  4806 I art     : Explicit concurrent mark sweep GC freed 1591(143KB) AllocSpace objects, 1(4MB) LOS objects, 36% free, 28MB/44MB, paused 531us total 18.410ms
08-05 20:59:00.147  4787  4806 I art     : Starting a blocking GC Explicit
08-05 20:59:00.163  4787  4806 I art     : Explicit concurrent mark sweep GC freed 8536(341KB) AllocSpace objects, 0(0B) LOS objects, 36% free, 27MB/43MB, paused 602us total 15.938ms
08-05 20:59:00.171  4787  4806 I art     : Starting a blocking GC Explicit
08-05 20:59:00.189  4787  4806 I art     : Explicit concurrent mark sweep GC freed 429(69KB) AllocSpace objects, 0(0B) LOS objects, 35% free, 29MB/45MB, paused 524us total 17.095ms
08-05 20:59:00.197  4787  4806 I art     : Starting a blocking GC Explicit
08-05 20:59:00.214  4787  4806 I art     : Explicit concurrent mark sweep GC freed 1155(193KB) AllocSpace objects, 2(56KB) LOS objects, 35% free, 29MB/45MB, paused 646us total 17.223ms
08-05 20:59:00.328  4787  4868 I NAPPA_EXPERIMENTATION: MetricNetworkRequestExecutionTime: REQUEST_DURATION_SYSTEM='728',REQUEST_DURATION_OKHTTP='65',REQUEST_SYNCHRONOUS='FALSE',RESPONSE_CODE='200',RESPONSE_METHOD='GET',RESPONSE_LENGTH_OKHTTP='36',RESPONSE_LENGTH_HEADER='36',REQUEST_PROTOCOL='http/1.1',REQUEST_URL='https://project-travel-mate.herokuapp.com/api/number-of-unread-notifications',
08-05 20:59:00.545  4787  4800 I art     : Starting a blocking GC Explicit
08-05 20:59:00.565  4787  4800 I art     : Explicit concurrent mark sweep GC freed 13502(1329KB) AllocSpace objects, 13(528KB) LOS objects, 33% free, 31MB/47MB, paused 332us total 20.177ms
08-05 20:59:00.574  4787  4800 I art     : Starting a blocking GC Explicit
08-05 20:59:00.593  4787  4800 I art     : Explicit concurrent mark sweep GC freed 1509(141KB) AllocSpace objects, 3(1292KB) LOS objects, 34% free, 30MB/46MB, paused 306us total 18.594ms
08-05 20:59:00.602  4787  4800 I art     : Starting a blocking GC Explicit
08-05 20:59:00.619  4787  4800 I art     : Explicit concurrent mark sweep GC freed 3200(181KB) AllocSpace objects, 2(56KB) LOS objects, 33% free, 31MB/47MB, paused 341us total 17.096ms
08-05 20:59:00.628  4787  4800 I art     : Starting a blocking GC Explicit
08-05 20:59:00.645  4787  4800 I art     : Explicit concurrent mark sweep GC freed 1163(126KB) AllocSpace objects, 2(88KB) LOS objects, 33% free, 31MB/47MB, paused 271us total 16.362ms
08-05 20:59:00.653  4787  4800 I art     : Starting a blocking GC Explicit
08-05 20:59:00.670  4787  4800 I art     : Explicit concurrent mark sweep GC freed 204(11KB) AllocSpace objects, 0(0B) LOS objects, 33% free, 31MB/47MB, paused 310us total 17.123ms
08-05 20:59:00.990  4787  4800 I art     : Starting a blocking GC Explicit
08-05 20:59:01.012  4787  4800 I art     : Explicit concurrent mark sweep GC freed 4958(507KB) AllocSpace objects, 11(1532KB) LOS objects, 32% free, 32MB/48MB, paused 238us total 21.774ms
08-05 20:59:01.022  4787  4800 I art     : Starting a blocking GC Explicit
08-05 20:59:01.042  4787  4800 I art     : Explicit concurrent mark sweep GC freed 208(6KB) AllocSpace objects, 0(0B) LOS objects, 32% free, 32MB/48MB, paused 271us total 19.433ms
08-05 20:59:01.051  4787  4800 I art     : Starting a blocking GC Explicit
08-05 20:59:01.068  4787  4800 I art     : Explicit concurrent mark sweep GC freed 29(560B) AllocSpace objects, 0(0B) LOS objects, 32% free, 32MB/48MB, paused 250us total 17.314ms
08-05 20:59:01.077  4787  4800 I art     : Starting a blocking GC Explicit
08-05 20:59:01.094  4787  4800 I art     : Explicit concurrent mark sweep GC freed 54(992B) AllocSpace objects, 0(0B) LOS objects, 32% free, 32MB/48MB, paused 234us total 17.233ms
08-05 20:59:01.104  4787  4800 I art     : Starting a blocking GC Explicit
08-05 20:59:01.122  4787  4800 I art     : Explicit concurrent mark sweep GC freed 410(19KB) AllocSpace objects, 0(0B) LOS objects, 32% free, 32MB/48MB, paused 450us total 17.712ms
08-05 20:59:01.472  4787  4806 I art     : Starting a blocking GC Explicit
08-05 20:59:01.495  4787  4806 I art     : Explicit concurrent mark sweep GC freed 2019(94KB) AllocSpace objects, 2(40KB) LOS objects, 32% free, 32MB/48MB, paused 282us total 22.387ms
08-05 20:59:01.505  4787  4806 I art     : Starting a blocking GC Explicit
08-05 20:59:01.524  4787  4806 I art     : Explicit concurrent mark sweep GC freed 49(1232B) AllocSpace objects, 0(0B) LOS objects, 32% free, 32MB/48MB, paused 292us total 18.775ms
08-05 20:59:01.532  4787  4806 I art     : Starting a blocking GC Explicit
08-05 20:59:01.550  4787  4806 I art     : Explicit concurrent mark sweep GC freed 49(880B) AllocSpace objects, 0(0B) LOS objects, 32% free, 32MB/48MB, paused 270us total 17.342ms
08-05 20:59:01.559  4787  4806 I art     : Starting a blocking GC Explicit
08-05 20:59:01.576  4787  4806 I art     : Explicit concurrent mark sweep GC freed 46(800B) AllocSpace objects, 0(0B) LOS objects, 32% free, 32MB/48MB, paused 280us total 17.278ms
08-05 20:59:01.585  4787  4806 I art     : Starting a blocking GC Explicit
08-05 20:59:01.602  4787  4806 I art     : Explicit concurrent mark sweep GC freed 32(592B) AllocSpace objects, 0(0B) LOS objects, 32% free, 32MB/48MB, paused 266us total 16.869ms
08-05 20:59:01.668   518   646 I ThermalEngine: ACTION: GPU - Setting GPU[0] to 510000000
08-05 20:59:01.949  4787  4800 I art     : Starting a blocking GC Explicit
08-05 20:59:01.973  4787  4800 I art     : Explicit concurrent mark sweep GC freed 1949(91KB) AllocSpace objects, 2(40KB) LOS objects, 32% free, 32MB/48MB, paused 345us total 23.788ms
08-05 20:59:01.987  4787  4800 I art     : Starting a blocking GC Explicit
08-05 20:59:02.008  4787  4800 I art     : Explicit concurrent mark sweep GC freed 78(1712B) AllocSpace objects, 0(0B) LOS objects, 32% free, 32MB/48MB, paused 399us total 21.272ms
08-05 20:59:02.020  4787  4800 I art     : Starting a blocking GC Explicit
08-05 20:59:02.042  4787  4800 I art     : Explicit concurrent mark sweep GC freed 53(928B) AllocSpace objects, 0(0B) LOS objects, 32% free, 32MB/48MB, paused 389us total 21.627ms
08-05 20:59:02.053  4787  4800 I art     : Starting a blocking GC Explicit
08-05 20:59:02.075  4787  4800 I art     : Explicit concurrent mark sweep GC freed 44(784B) AllocSpace objects, 0(0B) LOS objects, 32% free, 32MB/48MB, paused 375us total 21.101ms
08-05 20:59:02.087  4787  4800 I art     : Starting a blocking GC Explicit
08-05 20:59:02.108  4787  4800 I art     : Explicit concurrent mark sweep GC freed 60(1040B) AllocSpace objects, 0(0B) LOS objects, 32% free, 32MB/48MB, paused 387us total 21.210ms
08-05 20:59:02.242 13866 13882 I PeriodicStatsRunner: PeriodicStatsRunner.call():175 call()
08-05 20:59:02.242 13866 13882 I PeriodicStatsRunner: PeriodicStatsRunner.call():179 No submit PeriodicStats since input started.
08-05 20:59:02.474  4787  4801 I art     : Starting a blocking GC Explicit
08-05 20:59:02.499  4787  4801 I art     : Explicit concurrent mark sweep GC freed 1986(92KB) AllocSpace objects, 2(40KB) LOS objects, 32% free, 32MB/48MB, paused 357us total 25.047ms
08-05 20:59:02.511  4787  4801 I art     : Starting a blocking GC Explicit
08-05 20:59:02.534  4787  4801 I art     : Explicit concurrent mark sweep GC freed 71(1616B) AllocSpace objects, 0(0B) LOS objects, 32% free, 32MB/48MB, paused 346us total 22.501ms
08-05 20:59:02.546  4787  4801 I art     : Starting a blocking GC Explicit
08-05 20:59:02.568  4787  4801 I art     : Explicit concurrent mark sweep GC freed 52(928B) AllocSpace objects, 0(0B) LOS objects, 32% free, 32MB/48MB, paused 346us total 21.988ms
08-05 20:59:02.580  4787  4801 I art     : Starting a blocking GC Explicit
08-05 20:59:02.602  4787  4801 I art     : Explicit concurrent mark sweep GC freed 51(896B) AllocSpace objects, 0(0B) LOS objects, 32% free, 32MB/48MB, paused 334us total 21.652ms
08-05 20:59:02.614  4787  4801 I art     : Starting a blocking GC Explicit
08-05 20:59:02.637  4787  4801 I art     : Explicit concurrent mark sweep GC freed 51(896B) AllocSpace objects, 0(0B) LOS objects, 32% free, 32MB/48MB, paused 398us total 22.843ms
08-05 20:59:02.985  4787  4806 I art     : Starting a blocking GC Explicit
08-05 20:59:03.006  4787  4806 I art     : Explicit concurrent mark sweep GC freed 1950(91KB) AllocSpace objects, 2(40KB) LOS objects, 32% free, 32MB/48MB, paused 380us total 21.336ms
08-05 20:59:03.018  4787  4806 I art     : Starting a blocking GC Explicit
08-05 20:59:03.037  4787  4806 I art     : Explicit concurrent mark sweep GC freed 70(1584B) AllocSpace objects, 0(0B) LOS objects, 32% free, 32MB/48MB, paused 319us total 18.530ms
08-05 20:59:03.048  4787  4806 I art     : Starting a blocking GC Explicit
08-05 20:59:03.068  4787  4806 I art     : Explicit concurrent mark sweep GC freed 51(896B) AllocSpace objects, 0(0B) LOS objects, 32% free, 32MB/48MB, paused 323us total 20.010ms
08-05 20:59:03.079  4787  4806 I art     : Starting a blocking GC Explicit
08-05 20:59:03.101  4787  4806 I art     : Explicit concurrent mark sweep GC freed 51(896B) AllocSpace objects, 0(0B) LOS objects, 32% free, 32MB/48MB, paused 343us total 21.117ms
08-05 20:59:03.112  4787  4806 I art     : Starting a blocking GC Explicit
08-05 20:59:03.134  4787  4806 I art     : Explicit concurrent mark sweep GC freed 51(896B) AllocSpace objects, 0(0B) LOS objects, 32% free, 32MB/48MB, paused 349us total 21.781ms
08-05 20:59:03.491  4787  4800 I art     : Starting a blocking GC Explicit
08-05 20:59:03.520  4787  4800 I art     : Explicit concurrent mark sweep GC freed 1973(91KB) AllocSpace objects, 2(40KB) LOS objects, 32% free, 32MB/48MB, paused 377us total 28.352ms
08-05 20:59:03.532  4787  4800 I art     : Starting a blocking GC Explicit
08-05 20:59:03.554  4787  4800 I art     : Explicit concurrent mark sweep GC freed 71(1616B) AllocSpace objects, 0(0B) LOS objects, 32% free, 32MB/48MB, paused 332us total 21.728ms
08-05 20:59:03.566  4787  4800 I art     : Starting a blocking GC Explicit
08-05 20:59:03.588  4787  4800 I art     : Explicit concurrent mark sweep GC freed 51(896B) AllocSpace objects, 0(0B) LOS objects, 32% free, 32MB/48MB, paused 343us total 21.477ms
08-05 20:59:03.599  4787  4800 I art     : Starting a blocking GC Explicit
08-05 20:59:03.621  4787  4800 I art     : Explicit concurrent mark sweep GC freed 51(896B) AllocSpace objects, 0(0B) LOS objects, 32% free, 32MB/48MB, paused 346us total 21.490ms
08-05 20:59:03.633  4787  4800 I art     : Starting a blocking GC Explicit
08-05 20:59:03.653  4787  4800 I art     : Explicit concurrent mark sweep GC freed 51(896B) AllocSpace objects, 0(0B) LOS objects, 32% free, 32MB/48MB, paused 337us total 19.812ms
08-05 20:59:03.981  4787  4801 I art     : Starting a blocking GC Explicit
08-05 20:59:04.010  4787  4801 I art     : Explicit concurrent mark sweep GC freed 1926(91KB) AllocSpace objects, 2(40KB) LOS objects, 32% free, 32MB/48MB, paused 452us total 28.346ms
08-05 20:59:04.026  4787  4801 I art     : Starting a blocking GC Explicit
08-05 20:59:04.048  4787  4801 I art     : Explicit concurrent mark sweep GC freed 94(1984B) AllocSpace objects, 0(0B) LOS objects, 32% free, 32MB/48MB, paused 347us total 22.250ms
08-05 20:59:04.060  4787  4801 I art     : Starting a blocking GC Explicit
08-05 20:59:04.083  4787  4801 I art     : Explicit concurrent mark sweep GC freed 50(864B) AllocSpace objects, 0(0B) LOS objects, 32% free, 32MB/48MB, paused 348us total 22.925ms
08-05 20:59:04.095  4787  4801 I art     : Starting a blocking GC Explicit
08-05 20:59:04.117  4787  4801 I art     : Explicit concurrent mark sweep GC freed 52(928B) AllocSpace objects, 0(0B) LOS objects, 32% free, 32MB/48MB, paused 353us total 21.907ms
08-05 20:59:04.129  4787  4801 I art     : Starting a blocking GC Explicit
08-05 20:59:04.151  4787  4801 I art     : Explicit concurrent mark sweep GC freed 51(896B) AllocSpace objects, 0(0B) LOS objects, 32% free, 32MB/48MB, paused 347us total 22.016ms
08-05 20:59:04.515  4787  4806 I art     : Starting a blocking GC Explicit
08-05 20:59:04.544  4787  4806 I art     : Explicit concurrent mark sweep GC freed 1975(91KB) AllocSpace objects, 2(40KB) LOS objects, 32% free, 32MB/48MB, paused 465us total 28.370ms
08-05 20:59:04.558  4787  4806 I art     : Starting a blocking GC Explicit
08-05 20:59:04.581  4787  4806 I art     : Explicit concurrent mark sweep GC freed 93(1968B) AllocSpace objects, 0(0B) LOS objects, 32% free, 32MB/48MB, paused 358us total 22.547ms
08-05 20:59:04.593  4787  4806 I art     : Starting a blocking GC Explicit
08-05 20:59:04.609 13866 13882 I PeriodicStatsRunner: PeriodicStatsRunner.call():175 call()
08-05 20:59:04.610 13866 13882 I PeriodicStatsRunner: PeriodicStatsRunner.call():179 No submit PeriodicStats since input started.
08-05 20:59:04.615  4787  4806 I art     : Explicit concurrent mark sweep GC freed 50(864B) AllocSpace objects, 0(0B) LOS objects, 32% free, 32MB/48MB, paused 420us total 22.201ms
08-05 20:59:04.628  4787  4806 I art     : Starting a blocking GC Explicit
08-05 20:59:04.650  4787  4806 I art     : Explicit concurrent mark sweep GC freed 52(928B) AllocSpace objects, 0(0B) LOS objects, 32% free, 32MB/48MB, paused 351us total 22.614ms
08-05 20:59:04.662  4787  4806 I art     : Starting a blocking GC Explicit
08-05 20:59:04.685  4787  4806 I art     : Explicit concurrent mark sweep GC freed 51(896B) AllocSpace objects, 0(0B) LOS objects, 32% free, 32MB/48MB, paused 368us total 22.364ms
08-05 20:59:05.042  4787  4800 I art     : Starting a blocking GC Explicit
08-05 20:59:05.072  4787  4800 I art     : Explicit concurrent mark sweep GC freed 1974(91KB) AllocSpace objects, 2(40KB) LOS objects, 32% free, 32MB/48MB, paused 401us total 28.910ms
08-05 20:59:05.086  4787  4800 I art     : Starting a blocking GC Explicit
08-05 20:59:05.108  4787  4800 I art     : Explicit concurrent mark sweep GC freed 71(1616B) AllocSpace objects, 0(0B) LOS objects, 32% free, 32MB/48MB, paused 361us total 22.016ms
08-05 20:59:05.120  4787  4800 I art     : Starting a blocking GC Explicit
08-05 20:59:05.143  4787  4800 I art     : Explicit concurrent mark sweep GC freed 51(896B) AllocSpace objects, 0(0B) LOS objects, 32% free, 32MB/48MB, paused 369us total 22.219ms
08-05 20:59:05.154  4787  4800 I art     : Starting a blocking GC Explicit
08-05 20:59:05.177  4787  4800 I art     : Explicit concurrent mark sweep GC freed 51(896B) AllocSpace objects, 0(0B) LOS objects, 32% free, 32MB/48MB, paused 478us total 22.229ms
08-05 20:59:05.189  4787  4800 I art     : Starting a blocking GC Explicit
08-05 20:59:05.211  4787  4800 I art     : Explicit concurrent mark sweep GC freed 51(896B) AllocSpace objects, 0(0B) LOS objects, 32% free, 32MB/48MB, paused 381us total 21.751ms
08-05 20:59:05.604  4787  4801 I art     : Starting a blocking GC Explicit
08-05 20:59:05.633  4787  4801 I art     : Explicit concurrent mark sweep GC freed 2048(93KB) AllocSpace objects, 2(40KB) LOS objects, 32% free, 32MB/48MB, paused 377us total 28.275ms
08-05 20:59:05.647  4787  4801 I art     : Starting a blocking GC Explicit
08-05 20:59:05.670  4787  4801 I art     : Explicit concurrent mark sweep GC freed 70(1584B) AllocSpace objects, 0(0B) LOS objects, 32% free, 32MB/48MB, paused 357us total 22.566ms
08-05 20:59:05.682  4787  4801 I art     : Starting a blocking GC Explicit
08-05 20:59:05.704  4787  4801 I art     : Explicit concurrent mark sweep GC freed 51(896B) AllocSpace objects, 0(0B) LOS objects, 32% free, 32MB/48MB, paused 339us total 21.985ms
08-05 20:59:05.716  4787  4801 I art     : Starting a blocking GC Explicit
08-05 20:59:05.738  4787  4801 I art     : Explicit concurrent mark sweep GC freed 51(896B) AllocSpace objects, 0(0B) LOS objects, 32% free, 32MB/48MB, paused 322us total 21.763ms
08-05 20:59:05.749  4787  4801 I art     : Starting a blocking GC Explicit
08-05 20:59:05.771  4787  4801 I art     : Explicit concurrent mark sweep GC freed 51(896B) AllocSpace objects, 0(0B) LOS objects, 32% free, 32MB/48MB, paused 355us total 21.481ms
08-05 20:59:05.973   918  3188 I hubconnection: sensorhub said: 'set_bias 3: -5.7312, 0.0000, 0.0000'
08-05 20:59:06.087  4787  4806 I art     : Starting a blocking GC Explicit
08-05 20:59:06.115  4787  4806 I art     : Explicit concurrent mark sweep GC freed 1921(91KB) AllocSpace objects, 2(40KB) LOS objects, 32% free, 32MB/48MB, paused 447us total 27.555ms
08-05 20:59:06.131  4787  4806 I art     : Starting a blocking GC Explicit
08-05 20:59:06.153  4787  4806 I art     : Explicit concurrent mark sweep GC freed 76(1696B) AllocSpace objects, 0(0B) LOS objects, 32% free, 32MB/48MB, paused 373us total 21.420ms
08-05 20:59:06.165  4787  4806 I art     : Starting a blocking GC Explicit
08-05 20:59:06.186  4787  4806 I art     : Explicit concurrent mark sweep GC freed 51(896B) AllocSpace objects, 0(0B) LOS objects, 32% free, 32MB/48MB, paused 347us total 21.456ms
08-05 20:59:06.198  4787  4806 I art     : Starting a blocking GC Explicit
08-05 20:59:06.219  4787  4806 I art     : Explicit concurrent mark sweep GC freed 51(896B) AllocSpace objects, 0(0B) LOS objects, 32% free, 32MB/48MB, paused 354us total 21.405ms
08-05 20:59:06.231  4787  4806 I art     : Starting a blocking GC Explicit
08-05 20:59:06.253  4787  4806 I art     : Explicit concurrent mark sweep GC freed 51(896B) AllocSpace objects, 0(0B) LOS objects, 32% free, 32MB/48MB, paused 341us total 21.577ms
08-05 20:59:06.305  5024  5024 D AndroidRuntime: >>>>>> START com.android.internal.os.RuntimeInit uid 2000 <<<<<<
08-05 20:59:06.310  5024  5024 D AndroidRuntime: CheckJNI is OFF
08-05 20:59:06.344  5024  5024 D ICU     : No timezone override file found: /data/misc/zoneinfo/current/icu/icu_tzdata.dat
08-05 20:59:06.377  5024  5024 I Radio-JNI: register_android_hardware_Radio DONE
08-05 20:59:06.399  5024  5024 D AndroidRuntime: Calling main entry com.android.commands.input.Input
08-05 20:59:06.401  5024  5024 I Input   : injectMotionEvent: MotionEvent { action=ACTION_DOWN, actionButton=0, id[0]=0, x[0]=346.0, y[0]=709.0, toolType[0]=TOOL_TYPE_UNKNOWN, buttonState=0, metaState=0, flags=0x0, edgeFlags=0x0, pointerCount=1, historySize=0, eventTime=824362814, downTime=824362814, deviceId=0, source=0x1002 }
08-05 20:59:06.407  5024  5024 I Input   : injectMotionEvent: MotionEvent { action=ACTION_UP, actionButton=0, id[0]=0, x[0]=346.0, y[0]=709.0, toolType[0]=TOOL_TYPE_UNKNOWN, buttonState=0, metaState=0, flags=0x0, edgeFlags=0x0, pointerCount=1, historySize=0, eventTime=824362814, downTime=824362814, deviceId=0, source=0x1002 }
08-05 20:59:06.425   918  6029 I ActivityManager: START u0 {cmp=baseline.io.github.project_travel_mate/.destinations.description.FinalCityInfoActivity (has extras)} from uid 10674 on display 0
08-05 20:59:06.435  5024  5024 D AndroidRuntime: Shutting down VM
08-05 20:59:06.457  4787  4853 D Gabe    : call	returning from cache
08-05 20:59:06.484  4787  4787 V EXECUTING: https://project-travel-mate.herokuapp.com/api/get-city-weather/1
08-05 20:59:06.554  4787  4800 I art     : Starting a blocking GC Explicit
08-05 20:59:06.582  4787  4800 I art     : Explicit concurrent mark sweep GC freed 9245(584KB) AllocSpace objects, 2(40KB) LOS objects, 29% free, 37MB/53MB, paused 606us total 27.973ms
08-05 20:59:06.595  4787  4800 I art     : Starting a blocking GC Explicit
08-05 20:59:06.617  4787  4800 I art     : Explicit concurrent mark sweep GC freed 571(31KB) AllocSpace objects, 0(0B) LOS objects, 29% free, 37MB/53MB, paused 524us total 22.002ms
08-05 20:59:06.628  4787  4800 I art     : Starting a blocking GC Explicit
08-05 20:59:06.632 13866 13866 I GoogleInputMethodServic: GoogleInputMethodService.onFinishInput():3138 
08-05 20:59:06.632 13866 13866 I GoogleInputMethodServic: GoogleInputMethodService.onStartInput():1808 
08-05 20:59:06.633   918   936 I ActivityManager: Displayed baseline.io.github.project_travel_mate/.destinations.description.FinalCityInfoActivity: +197ms
08-05 20:59:06.651  4787  4800 I art     : Explicit concurrent mark sweep GC freed 133(3KB) AllocSpace objects, 0(0B) LOS objects, 29% free, 37MB/53MB, paused 819us total 23.144ms
08-05 20:59:06.665  4787  4800 I art     : Starting a blocking GC Explicit
08-05 20:59:06.692  4787  4800 I art     : Explicit concurrent mark sweep GC freed 23(448B) AllocSpace objects, 0(0B) LOS objects, 29% free, 37MB/53MB, paused 716us total 26.062ms
08-05 20:59:06.705  4787  4800 I art     : Starting a blocking GC Explicit
08-05 20:59:06.729  4787  4800 I art     : Explicit concurrent mark sweep GC freed 149(2640B) AllocSpace objects, 0(0B) LOS objects, 29% free, 37MB/53MB, paused 490us total 23.827ms
08-05 20:59:06.871   380   380 W SurfaceFlinger: couldn't log to binary event log: overflow.
08-05 20:59:07.062  4787  4800 I art     : Starting a blocking GC Explicit
08-05 20:59:07.069  4787  5059 I NAPPA_EXPERIMENTATION: MetricNetworkRequestExecutionTime: REQUEST_DURATION_SYSTEM='584',REQUEST_DURATION_OKHTTP='67',REQUEST_SYNCHRONOUS='FALSE',RESPONSE_CODE='200',RESPONSE_METHOD='GET',RESPONSE_LENGTH_OKHTTP='238',RESPONSE_LENGTH_HEADER='238',REQUEST_PROTOCOL='http/1.1',REQUEST_URL='https://project-travel-mate.herokuapp.com/api/get-city-weather/1',
08-05 20:59:07.081  4787  5060 I NAPPA_EXPERIMENTATION: MetricNetworkRequestExecutionTime: REQUEST_DURATION_SYSTEM='596',REQUEST_DURATION_OKHTTP='78',REQUEST_SYNCHRONOUS='FALSE',RESPONSE_CODE='200',RESPONSE_METHOD='GET',RESPONSE_LENGTH_OKHTTP='530',RESPONSE_LENGTH_HEADER='530',REQUEST_PROTOCOL='http/1.1',REQUEST_URL='https://project-travel-mate.herokuapp.com/api/get-city/1',
08-05 20:59:07.088  4787  4800 I art     : Explicit concurrent mark sweep GC freed 7287(364KB) AllocSpace objects, 5(240KB) LOS objects, 29% free, 37MB/53MB, paused 616us total 24.931ms
08-05 20:59:07.100  4787  4800 I art     : Starting a blocking GC Explicit
08-05 20:59:07.118  4787  5060 V Response: {"id":1,"city_name":"Delhi","description":"Delhi, officially the National Capital Territory of Delhi, is the Capital territory of India. During the British Raj, Delhi was part of the province of Punjab and is still historically and culturally connected to the Punjab region.","latitude":"28.613900","longitude":"77.209000","facts_count":6,"images":["https://upload.wikimedia.org/wikipedia/commons/9/94/%E0%B4%96%E0%B5%81%E0%B4%A4%E0%B5%8D%E0%B4%AC%E0%B5%8D_%E0%B4%AE%E0%B4%BF%E0%B4%A8%E0%B4%BE%E0%B5%BC1.jpg"],"has_visited":false}
08-05 20:59:07.124  4787  4800 I art     : Explicit concurrent mark sweep GC freed 1337(140KB) AllocSpace objects, 0(0B) LOS objects, 29% free, 37MB/53MB, paused 530us total 23.585ms
08-05 20:59:07.136  4787  4800 I art     : Starting a blocking GC Explicit
08-05 20:59:07.159  4787  4800 I art     : Explicit concurrent mark sweep GC freed 159(6KB) AllocSpace objects, 0(0B) LOS objects, 29% free, 37MB/53MB, paused 438us total 23.048ms
08-05 20:59:07.170  4787  4800 I art     : Starting a blocking GC Explicit
08-05 20:59:07.193  4787  4800 I art     : Explicit concurrent mark sweep GC freed 110(1856B) AllocSpace objects, 0(0B) LOS objects, 29% free, 37MB/53MB, paused 555us total 22.985ms
08-05 20:59:07.206  4787  4800 I art     : Starting a blocking GC Explicit
08-05 20:59:07.230  4787  4800 I art     : Explicit concurrent mark sweep GC freed 1861(124KB) AllocSpace objects, 0(0B) LOS objects, 29% free, 38MB/54MB, paused 1.424ms total 24.617ms
08-05 20:59:07.560  4787  4806 I art     : Starting a blocking GC Explicit
08-05 20:59:07.587  4787  4806 I art     : Explicit concurrent mark sweep GC freed 3171(224KB) AllocSpace objects, 11(5MB) LOS objects, 29% free, 38MB/54MB, paused 391us total 26.902ms
08-05 20:59:07.600  4787  4806 I art     : Starting a blocking GC Explicit
08-05 20:59:07.627  4787  4806 I art     : Explicit concurrent mark sweep GC freed 203(5KB) AllocSpace objects, 0(0B) LOS objects, 29% free, 38MB/54MB, paused 467us total 27.053ms
08-05 20:59:07.639  4787  4806 I art     : Starting a blocking GC Explicit
08-05 20:59:07.663  4787  4806 I art     : Explicit concurrent mark sweep GC freed 109(1856B) AllocSpace objects, 0(0B) LOS objects, 29% free, 38MB/54MB, paused 419us total 23.635ms
08-05 20:59:07.675  4787  4806 I art     : Starting a blocking GC Explicit
08-05 20:59:07.698  4787  4806 I art     : Explicit concurrent mark sweep GC freed 137(2336B) AllocSpace objects, 0(0B) LOS objects, 29% free, 38MB/54MB, paused 361us total 23.541ms
08-05 20:59:07.710  4787  4806 I art     : Starting a blocking GC Explicit
08-05 20:59:07.735  4787  4806 I art     : Explicit concurrent mark sweep GC freed 122(2736B) AllocSpace objects, 0(0B) LOS objects, 29% free, 38MB/54MB, paused 403us total 24.651ms
08-05 20:59:08.079  4787  4801 I art     : Starting a blocking GC Explicit
08-05 20:59:08.141  4787  4801 I art     : Explicit concurrent mark sweep GC freed 2585(102KB) AllocSpace objects, 2(40KB) LOS objects, 29% free, 38MB/54MB, paused 719us total 62.164ms
08-05 20:59:08.163  4787  4801 I art     : Starting a blocking GC Explicit
08-05 20:59:08.197  4787  4801 I art     : Explicit concurrent mark sweep GC freed 199(3KB) AllocSpace objects, 0(0B) LOS objects, 29% free, 38MB/54MB, paused 515us total 34.240ms
08-05 20:59:08.210  4787  4801 I art     : Starting a blocking GC Explicit
08-05 20:59:08.235  4787  4801 I art     : Explicit concurrent mark sweep GC freed 115(2000B) AllocSpace objects, 0(0B) LOS objects, 29% free, 38MB/54MB, paused 376us total 24.857ms
08-05 20:59:08.248  4787  4801 I art     : Starting a blocking GC Explicit
08-05 20:59:08.273  4787  4801 I art     : Explicit concurrent mark sweep GC freed 99(1696B) AllocSpace objects, 0(0B) LOS objects, 29% free, 38MB/54MB, paused 388us total 24.612ms
08-05 20:59:08.285  4787  4801 I art     : Starting a blocking GC Explicit
08-05 20:59:08.311  4787  4801 I art     : Explicit concurrent mark sweep GC freed 99(1696B) AllocSpace objects, 0(0B) LOS objects, 29% free, 38MB/54MB, paused 385us total 25.346ms
08-05 20:59:08.677  4787  4800 I art     : Starting a blocking GC Explicit
08-05 20:59:08.703  4787  4800 I art     : Explicit concurrent mark sweep GC freed 2575(101KB) AllocSpace objects, 2(40KB) LOS objects, 29% free, 38MB/54MB, paused 395us total 24.999ms
08-05 20:59:08.716  4787  4800 I art     : Starting a blocking GC Explicit
08-05 20:59:08.742  4787  4800 I art     : Explicit concurrent mark sweep GC freed 118(2384B) AllocSpace objects, 0(0B) LOS objects, 29% free, 38MB/54MB, paused 399us total 25.923ms
08-05 20:59:08.754  4787  4800 I art     : Starting a blocking GC Explicit
08-05 20:59:08.779  4787  4800 I art     : Explicit concurrent mark sweep GC freed 100(1728B) AllocSpace objects, 0(0B) LOS objects, 29% free, 38MB/54MB, paused 384us total 24.390ms
08-05 20:59:08.791  4787  4800 I art     : Starting a blocking GC Explicit
08-05 20:59:08.815  4787  4800 I art     : Explicit concurrent mark sweep GC freed 105(1792B) AllocSpace objects, 0(0B) LOS objects, 29% free, 38MB/54MB, paused 417us total 24.364ms
08-05 20:59:08.827  4787  4800 I art     : Starting a blocking GC Explicit
08-05 20:59:08.853  4787  4800 I art     : Explicit concurrent mark sweep GC freed 120(2048B) AllocSpace objects, 0(0B) LOS objects, 29% free, 38MB/54MB, paused 524us total 25.293ms
08-05 20:59:09.232  4787  4806 I art     : Starting a blocking GC Explicit
08-05 20:59:09.259  4787  4806 I art     : Explicit concurrent mark sweep GC freed 2596(102KB) AllocSpace objects, 2(40KB) LOS objects, 29% free, 38MB/54MB, paused 412us total 27.154ms
08-05 20:59:09.271  4787  4806 I art     : Starting a blocking GC Explicit
08-05 20:59:09.296  4787  4806 I art     : Explicit concurrent mark sweep GC freed 119(2416B) AllocSpace objects, 0(0B) LOS objects, 29% free, 38MB/54MB, paused 382us total 24.933ms
08-05 20:59:09.309  4787  4806 I art     : Starting a blocking GC Explicit
08-05 20:59:09.334  4787  4806 I art     : Explicit concurrent mark sweep GC freed 114(1936B) AllocSpace objects, 0(0B) LOS objects, 29% free, 38MB/54MB, paused 411us total 24.937ms
08-05 20:59:09.347  4787  4806 I art     : Starting a blocking GC Explicit
08-05 20:59:09.371  4787  4806 I art     : Explicit concurrent mark sweep GC freed 132(2256B) AllocSpace objects, 0(0B) LOS objects, 29% free, 38MB/54MB, paused 429us total 24.472ms
08-05 20:59:09.383  4787  4806 I art     : Starting a blocking GC Explicit
08-05 20:59:09.409  4787  4806 I art     : Explicit concurrent mark sweep GC freed 98(1664B) AllocSpace objects, 0(0B) LOS objects, 29% free, 38MB/54MB, paused 406us total 25.216ms
08-05 20:59:09.783  4787  5061 I art     : Starting a blocking GC Explicit
08-05 20:59:09.810  4787  5061 I art     : Explicit concurrent mark sweep GC freed 2576(101KB) AllocSpace objects, 2(40KB) LOS objects, 29% free, 38MB/54MB, paused 409us total 26.852ms
08-05 20:59:09.825  4787  5061 I art     : Starting a blocking GC Explicit
08-05 20:59:09.849  4787  5061 I art     : Explicit concurrent mark sweep GC freed 119(2416B) AllocSpace objects, 0(0B) LOS objects, 29% free, 38MB/54MB, paused 424us total 23.765ms
08-05 20:59:09.861  4787  5061 I art     : Starting a blocking GC Explicit
08-05 20:59:09.885  4787  5061 I art     : Explicit concurrent mark sweep GC freed 124(2096B) AllocSpace objects, 0(0B) LOS objects, 29% free, 38MB/54MB, paused 434us total 23.606ms
08-05 20:59:09.896  4787  5061 I art     : Starting a blocking GC Explicit
08-05 20:59:09.921  4787  5061 I art     : Explicit concurrent mark sweep GC freed 116(1984B) AllocSpace objects, 0(0B) LOS objects, 29% free, 38MB/54MB, paused 431us total 24.087ms
08-05 20:59:09.933  4787  5061 I art     : Starting a blocking GC Explicit
08-05 20:59:09.958  4787  5061 I art     : Explicit concurrent mark sweep GC freed 104(1776B) AllocSpace objects, 0(0B) LOS objects, 29% free, 38MB/54MB, paused 408us total 24.870ms
08-05 20:59:10.319  4787  4801 I art     : Starting a blocking GC Explicit
08-05 20:59:10.349  4787  4801 I art     : Explicit concurrent mark sweep GC freed 2528(100KB) AllocSpace objects, 2(40KB) LOS objects, 29% free, 38MB/54MB, paused 448us total 30.054ms
08-05 20:59:10.363  4787  4801 I art     : Starting a blocking GC Explicit
08-05 20:59:10.386  4787  4801 I art     : Explicit concurrent mark sweep GC freed 152(2944B) AllocSpace objects, 0(0B) LOS objects, 29% free, 38MB/54MB, paused 404us total 22.994ms
08-05 20:59:10.398  4787  4801 I art     : Starting a blocking GC Explicit
08-05 20:59:10.422  4787  4801 I art     : Explicit concurrent mark sweep GC freed 113(1936B) AllocSpace objects, 0(0B) LOS objects, 29% free, 38MB/54MB, paused 376us total 23.904ms
08-05 20:59:10.434  4787  4801 I art     : Starting a blocking GC Explicit
08-05 20:59:10.459  4787  4801 I art     : Explicit concurrent mark sweep GC freed 98(1664B) AllocSpace objects, 0(0B) LOS objects, 29% free, 38MB/54MB, paused 405us total 24.795ms
08-05 20:59:10.471  4787  4801 I art     : Starting a blocking GC Explicit
08-05 20:59:10.495  4787  4801 I art     : Explicit concurrent mark sweep GC freed 100(1728B) AllocSpace objects, 0(0B) LOS objects, 29% free, 38MB/54MB, paused 423us total 23.925ms
08-05 20:59:10.834  4787  4806 I art     : Starting a blocking GC Explicit
08-05 20:59:10.861  4787  4806 I art     : Explicit concurrent mark sweep GC freed 2502(101KB) AllocSpace objects, 2(40KB) LOS objects, 29% free, 38MB/54MB, paused 411us total 26.099ms
08-05 20:59:10.873  4787  4806 I art     : Starting a blocking GC Explicit
08-05 20:59:10.897  4787  4806 I art     : Explicit concurrent mark sweep GC freed 129(2960B) AllocSpace objects, 0(0B) LOS objects, 29% free, 38MB/54MB, paused 445us total 23.936ms
08-05 20:59:10.909  4787  4806 I art     : Starting a blocking GC Explicit
08-05 20:59:10.933  4787  4806 I art     : Explicit concurrent mark sweep GC freed 99(1696B) AllocSpace objects, 0(0B) LOS objects, 29% free, 38MB/54MB, paused 445us total 23.825ms
08-05 20:59:10.944  4787  4806 I art     : Starting a blocking GC Explicit
08-05 20:59:10.968  4787  4806 I art     : Explicit concurrent mark sweep GC freed 107(1824B) AllocSpace objects, 0(0B) LOS objects, 29% free, 38MB/54MB, paused 400us total 23.737ms
08-05 20:59:10.980  4787  4806 I art     : Starting a blocking GC Explicit
08-05 20:59:11.004  4787  4806 I art     : Explicit concurrent mark sweep GC freed 139(2368B) AllocSpace objects, 0(0B) LOS objects, 29% free, 38MB/54MB, paused 399us total 24.033ms
08-05 20:59:11.094  5139  5139 D AndroidRuntime: >>>>>> START com.android.internal.os.RuntimeInit uid 2000 <<<<<<
08-05 20:59:11.099  5139  5139 D AndroidRuntime: CheckJNI is OFF
08-05 20:59:11.133  5139  5139 D ICU     : No timezone override file found: /data/misc/zoneinfo/current/icu/icu_tzdata.dat
08-05 20:59:11.165  5139  5139 I Radio-JNI: register_android_hardware_Radio DONE
08-05 20:59:11.186  5139  5139 D AndroidRuntime: Calling main entry com.android.commands.input.Input
08-05 20:59:11.187   918  3261 D WifiStateMachine: starting scan for "H369AA63323"WPA_PSK with 2412,5180
08-05 20:59:11.188  5139  5139 I Input   : injectMotionEvent: MotionEvent { action=ACTION_DOWN, actionButton=0, id[0]=0, x[0]=693.0, y[0]=1450.0, toolType[0]=TOOL_TYPE_UNKNOWN, buttonState=0, metaState=0, flags=0x0, edgeFlags=0x0, pointerCount=1, historySize=0, eventTime=824367601, downTime=824367601, deviceId=0, source=0x1002 }
08-05 20:59:11.194  5139  5139 I Input   : injectMotionEvent: MotionEvent { action=ACTION_UP, actionButton=0, id[0]=0, x[0]=693.0, y[0]=1450.0, toolType[0]=TOOL_TYPE_UNKNOWN, buttonState=0, metaState=0, flags=0x0, edgeFlags=0x0, pointerCount=1, historySize=0, eventTime=824367601, downTime=824367601, deviceId=0, source=0x1002 }
08-05 20:59:11.195  5139  5139 D AndroidRuntime: Shutting down VM
08-05 20:59:11.198   512  2967 D audio_hw_primary: out_set_parameters: enter: usecase(1: low-latency-playback) kvpairs: routing=2
08-05 20:59:11.199   918  4400 I ActivityManager: START u0 {cmp=baseline.io.github.project_travel_mate/.destinations.description.CityHistoryActivity} from uid 10674 on display 0
08-05 20:59:11.211   512  2967 D audio_hw_primary: select_devices: out_snd_device(2: speaker) in_snd_device(0: none)
08-05 20:59:11.211   512  2967 D msm8974_platform: platform_send_audio_calibration: sending audio calibration for snd_device(2) acdb_id(15)
08-05 20:59:11.212   512  2967 I soundtrigger: audio_extn_sound_trigger_update_device_status: device 0x2 of type 0 for Event 1
08-05 20:59:11.224   512  2967 D audio_hw_primary: enable_snd_device: snd_device(2: speaker)
08-05 20:59:11.226   512  2967 D audio_hw_primary: enable_audio_route: apply and update mixer path: low-latency-playback speaker
08-05 20:59:11.230  4787  4853 D Gabe    : call	returning from cache
08-05 20:59:11.232  4787  4787 V EXECUTING: https://project-travel-mate.herokuapp.com/api/get-city-information/1
08-05 20:59:11.331  4787  5061 I art     : Starting a blocking GC Explicit
08-05 20:59:11.357  4787  5061 I art     : Explicit concurrent mark sweep GC freed 3246(226KB) AllocSpace objects, 2(40KB) LOS objects, 27% free, 42MB/58MB, paused 424us total 25.360ms
08-05 20:59:11.366   918   936 I ActivityManager: Displayed baseline.io.github.project_travel_mate/.destinations.description.CityHistoryActivity: +158ms
08-05 20:59:11.367 13866 13866 I GoogleInputMethodServic: GoogleInputMethodService.onFinishInput():3138 
08-05 20:59:11.368  4787  5061 I art     : Starting a blocking GC Explicit
08-05 20:59:11.369 13866 13866 I GoogleInputMethodServic: GoogleInputMethodService.onStartInput():1808 
08-05 20:59:11.395  4787  5061 I art     : Explicit concurrent mark sweep GC freed 361(12KB) AllocSpace objects, 0(0B) LOS objects, 27% free, 42MB/58MB, paused 661us total 26.115ms
08-05 20:59:11.408  4787  5061 I art     : Starting a blocking GC Explicit
08-05 20:59:11.434  4787  5061 I art     : Explicit concurrent mark sweep GC freed 13(304B) AllocSpace objects, 0(0B) LOS objects, 27% free, 42MB/58MB, paused 487us total 26.523ms
08-05 20:59:11.447  4787  5061 I art     : Starting a blocking GC Explicit
08-05 20:59:11.470  4787  5061 I art     : Explicit concurrent mark sweep GC freed 224(3KB) AllocSpace objects, 0(0B) LOS objects, 27% free, 42MB/58MB, paused 413us total 22.974ms
08-05 20:59:11.482  4787  5061 I art     : Starting a blocking GC Explicit
08-05 20:59:11.505  4787  5061 I art     : Explicit concurrent mark sweep GC freed 146(2464B) AllocSpace objects, 0(0B) LOS objects, 27% free, 42MB/58MB, paused 404us total 23.106ms
08-05 20:59:11.600   380   380 W SurfaceFlinger: couldn't log to binary event log: overflow.
08-05 20:59:11.632 13866 13882 I PeriodicStatsRunner: PeriodicStatsRunner.call():175 call()
08-05 20:59:11.633 13866 13882 I PeriodicStatsRunner: PeriodicStatsRunner.call():179 No submit PeriodicStats since input started.
08-05 20:59:11.664  5206  5206 I art     : Late-enabling -Xcheck:jni
08-05 20:59:11.664   918   918 I ActivityManager: Start proc 5206:baseline.com.newsblur/u0a676 for service baseline.com.newsblur/.service.NBSyncService
08-05 20:59:11.673 15866 15866 I Finsky  : [1] xow.onStartJob(3): SCH: onJobSchedulerWakeup with jobId 9002
08-05 20:59:11.680 15866 15866 I Finsky  : [1] xjw.a(9): Scheduling fallback in 43199995 (absolute: 1850955549)
08-05 20:59:11.685 15866 15866 I Finsky  : [1] xjw.a(9): Scheduling fallback in 64799998 (absolute: 1872555558)
08-05 20:59:11.721  5206  5206 W System  : ClassLoader referenced unknown path: /data/app/baseline.com.newsblur-1/lib/arm64
08-05 20:59:11.739 15866 15866 I Finsky  : [1] xkf.handleMessage(8): SCH: DeviceState: DeviceState{currentTime=1596653951735, isCharging=false, isIdle=false, netAny=true, netNotRoaming=true, netUnmetered=true, batteryPercent=100.0}
08-05 20:59:11.745 15866  4750 I Finsky  : [6269] xmu.a(8): SCH: Jobs in database: 1-1337 3-219 3-220 12-1 24-77777777 26-1414141414 
08-05 20:59:11.748 15866 15866 I Finsky  : [1] xkg.a(16): SCH: Running job: 12-1
08-05 20:59:11.750 15866 15866 I Finsky  : [1] ContentSyncJob.a(16): [ContentSync] job started
08-05 20:59:11.752 15866 15866 I Finsky  : [1] xkf.handleMessage(61): SCH: RunningQueue size: 1, PendingQueue size: 0
08-05 20:59:11.753 15866 15866 I Finsky  : [1] xkf.handleMessage(64): SCH: Running queue: 12-1 
08-05 20:59:11.769   512  2967 D audio_hw_primary: disable_audio_route: reset and update mixer path: low-latency-playback speaker
08-05 20:59:11.770   512  2967 D audio_hw_primary: disable_snd_device: snd_device(2: speaker)
08-05 20:59:11.778   512  2967 I soundtrigger: audio_extn_sound_trigger_update_device_status: device 0x2 of type 0 for Event 0
08-05 20:59:11.801  4787  4801 I art     : Starting a blocking GC Explicit
08-05 20:59:11.829  4787  4801 I art     : Explicit concurrent mark sweep GC freed 5138(232KB) AllocSpace objects, 4(160KB) LOS objects, 27% free, 43MB/59MB, paused 851us total 27.619ms
08-05 20:59:11.841  4787  4801 I art     : Starting a blocking GC Explicit
08-05 20:59:11.852 15866  4773 I Finsky  : [6280] dzn.a(22): Completed 0 account content syncs with 0 successful.
08-05 20:59:11.853 15866 15866 I Finsky  : [1] ContentSyncJob.a(1): [ContentSync] Installation state replication succeeded.
08-05 20:59:11.853 15866 15866 I Finsky  : [1] xlr.a(13): SCH: jobFinished: 12-1. TimeElapsed: 104ms.
08-05 20:59:11.853 15866 15866 I Finsky  : [1] xkg.a(36): SCH: Job 12-1 finished. Not rescheduling.
08-05 20:59:11.854 15866 15866 I Finsky  : [1] xkf.handleMessage(61): SCH: RunningQueue size: 0, PendingQueue size: 0
08-05 20:59:11.854 15866 15866 I Finsky  : [1] xkf.handleMessage(25): Executor finished
08-05 20:59:11.867  4787  4801 I art     : Explicit concurrent mark sweep GC freed 1060(120KB) AllocSpace objects, 1(80KB) LOS objects, 27% free, 42MB/58MB, paused 559us total 25.269ms
08-05 20:59:11.871  4787  5199 I NAPPA_EXPERIMENTATION: MetricNetworkRequestExecutionTime: REQUEST_DURATION_SYSTEM='638',REQUEST_DURATION_OKHTTP='38',REQUEST_SYNCHRONOUS='FALSE',RESPONSE_CODE='200',RESPONSE_METHOD='GET',RESPONSE_LENGTH_OKHTTP='55024',RESPONSE_LENGTH_HEADER='55024',REQUEST_PROTOCOL='http/1.1',REQUEST_URL='https://project-travel-mate.herokuapp.com/api/get-city-information/1',
08-05 20:59:11.872 15866 15866 I Finsky  : [1] xmu.a(8): SCH: Jobs in database: 1-1337 3-219 3-220 24-77777777 26-1414141414 
08-05 20:59:11.876 15866 15866 I Finsky  : [1] xio.a(57): SCH: ConstraintMapping: 24-77777777,  -> L: 0ms, D: 648644ms, C: false, I: true, N: 0
08-05 20:59:11.878 15866 15866 I Finsky  : [1] xio.a(57): SCH: ConstraintMapping: 1-1337,  -> L: 4001042ms, D: 47201042ms, C: false, I: false, N: 1
08-05 20:59:11.879  4787  4801 I art     : Starting a blocking GC Explicit
08-05 20:59:11.879 15866 15866 I Finsky  : [1] xio.a(57): SCH: ConstraintMapping: 3-219,  -> L: 0ms, D: 79211648ms, C: false, I: true, N: 2
08-05 20:59:11.879 15866 15866 I Finsky  : [1] xio.a(57): SCH: ConstraintMapping: 3-220,  -> L: 0ms, D: 79211689ms, C: true, I: true, N: 2
08-05 20:59:11.880 15866 15866 I Finsky  : [1] xio.a(57): SCH: ConstraintMapping: 26-1414141414,  -> L: 8648503ms, D: 9548503ms, C: false, I: false, N: 0
08-05 20:59:11.894 15866 15866 I Finsky  : [1] xle.a(34): Cancelling existing jobscheduler jobs: 9019 9016 9018 9011 9013 9000 9017 9014 9012 
08-05 20:59:11.894 15866 15866 I Finsky  : [1] xle.a(10): Throttling wakeup for job 9001 (expected to run in 0 ms) due to recent wakeup
08-05 20:59:11.894 15866 15866 I Finsky  : [1] xle.a(27): Scheduling job Id: 9001, L: 30000, D: 648644, C: false, I: true, N: 0
08-05 20:59:11.896 15866 15866 I Finsky  : [1] xle.a(27): Scheduling job Id: 9003, L: 4001042, D: 47201042, C: false, I: false, N: 1
08-05 20:59:11.898 15866 15866 I Finsky  : [1] xle.a(10): Throttling wakeup for job 9004 (expected to run in 0 ms) due to recent wakeup
08-05 20:59:11.898 15866 15866 I Finsky  : [1] xle.a(27): Scheduling job Id: 9004, L: 30000, D: 79211648, C: false, I: true, N: 2
08-05 20:59:11.901 15866 15866 I Finsky  : [1] xle.a(10): Throttling wakeup for job 9005 (expected to run in 0 ms) due to recent wakeup
08-05 20:59:11.901 15866 15866 I Finsky  : [1] xle.a(27): Scheduling job Id: 9005, L: 30000, D: 79211689, C: true, I: true, N: 2
08-05 20:59:11.903 15866 15866 I Finsky  : [1] xle.a(27): Scheduling job Id: 9006, L: 8648503, D: 9548503, C: false, I: false, N: 0
08-05 20:59:11.903  4787  4801 I art     : Explicit concurrent mark sweep GC freed 270(13KB) AllocSpace objects, 3(272KB) LOS objects, 27% free, 43MB/59MB, paused 683us total 24.382ms
08-05 20:59:11.904 15866 15866 I Finsky  : [1] xle.a(10): Throttling wakeup for job 9007 (expected to run in 0 ms) due to recent wakeup
08-05 20:59:11.905 15866 15866 I Finsky  : [1] xle.a(27): Scheduling job Id: 9007, L: 30000, D: 648644, C: false, I: true, N: 0
08-05 20:59:11.906 15866 15866 I Finsky  : [1] xle.a(27): Scheduling job Id: 9008, L: 4001042, D: 47201042, C: false, I: false, N: 1
08-05 20:59:11.908 15866 15866 I Finsky  : [1] xle.a(10): Throttling wakeup for job 9009 (expected to run in 0 ms) due to recent wakeup
08-05 20:59:11.908 15866 15866 I Finsky  : [1] xle.a(27): Scheduling job Id: 9009, L: 30000, D: 79211648, C: false, I: true, N: 2
08-05 20:59:11.910 15866 15866 I Finsky  : [1] xle.a(10): Throttling wakeup for job 9010 (expected to run in 0 ms) due to recent wakeup
08-05 20:59:11.910 15866 15866 I Finsky  : [1] xle.a(27): Scheduling job Id: 9010, L: 30000, D: 79211689, C: true, I: true, N: 2
08-05 20:59:11.911 15866 15866 I Finsky  : [1] xle.a(27): Scheduling job Id: 9015, L: 8648503, D: 9548503, C: false, I: false, N: 0
08-05 20:59:11.915  4787  4801 I art     : Starting a blocking GC Explicit
08-05 20:59:11.940  4787  4801 I art     : Explicit concurrent mark sweep GC freed 571(567KB) AllocSpace objects, 6(216KB) LOS objects, 27% free, 43MB/59MB, paused 735us total 24.673ms
08-05 20:59:11.945   918  3961 I ActivityManager: Killing 28388:com.google.android.partnersetup/u0a18 (adj 15): empty #17
08-05 20:59:11.951  4787  4801 I art     : Starting a blocking GC Explicit
08-05 20:59:11.975  4787  4801 I art     : Explicit concurrent mark sweep GC freed 618(520KB) AllocSpace objects, 8(152KB) LOS objects, 27% free, 43MB/59MB, paused 612us total 23.870ms
08-05 20:59:11.987 13866 13866 I GoogleInputMethodServic: GoogleInputMethodService.onFinishInput():3138 
08-05 20:59:11.987 13866 13866 I GoogleInputMethodServic: GoogleInputMethodService.onStartInput():1808 
08-05 20:59:12.316  4787  4806 I art     : Starting a blocking GC Explicit
08-05 20:59:12.348  4787  4806 I art     : Explicit concurrent mark sweep GC freed 3328(256KB) AllocSpace objects, 5(4MB) LOS objects, 29% free, 38MB/54MB, paused 400us total 31.204ms
08-05 20:59:12.361  4787  4806 I art     : Starting a blocking GC Explicit
08-05 20:59:12.386  4787  4806 I art     : Explicit concurrent mark sweep GC freed 242(4KB) AllocSpace objects, 0(0B) LOS objects, 29% free, 38MB/54MB, paused 547us total 24.910ms
08-05 20:59:12.398  4787  4806 I art     : Starting a blocking GC Explicit
08-05 20:59:12.425  4787  4806 I art     : Explicit concurrent mark sweep GC freed 156(2672B) AllocSpace objects, 0(0B) LOS objects, 29% free, 38MB/54MB, paused 427us total 27.064ms
08-05 20:59:12.437  4787  4806 I art     : Starting a blocking GC Explicit
08-05 20:59:12.465  4787  4806 I art     : Explicit concurrent mark sweep GC freed 147(2496B) AllocSpace objects, 0(0B) LOS objects, 29% free, 38MB/54MB, paused 422us total 27.449ms
08-05 20:59:12.478  4787  4806 I art     : Starting a blocking GC Explicit
08-05 20:59:12.506  4787  4806 I art     : Explicit concurrent mark sweep GC freed 219(3KB) AllocSpace objects, 0(0B) LOS objects, 29% free, 38MB/54MB, paused 421us total 27.965ms
08-05 20:59:12.848  4787  5061 I art     : Starting a blocking GC Explicit
08-05 20:59:12.879  4787  5061 I art     : Explicit concurrent mark sweep GC freed 3014(108KB) AllocSpace objects, 2(40KB) LOS objects, 29% free, 38MB/54MB, paused 397us total 30.693ms
08-05 20:59:12.891  4787  5061 I art     : Starting a blocking GC Explicit
08-05 20:59:12.915  4787  5061 I art     : Explicit concurrent mark sweep GC freed 171(3KB) AllocSpace objects, 0(0B) LOS objects, 29% free, 38MB/54MB, paused 384us total 24.087ms
08-05 20:59:12.927  4787  5061 I art     : Starting a blocking GC Explicit
08-05 20:59:12.950  4787  5061 I art     : Explicit concurrent mark sweep GC freed 151(2624B) AllocSpace objects, 0(0B) LOS objects, 29% free, 38MB/54MB, paused 398us total 22.741ms
08-05 20:59:12.961  4787  5061 I art     : Starting a blocking GC Explicit
08-05 20:59:12.984  4787  5061 I art     : Explicit concurrent mark sweep GC freed 151(2624B) AllocSpace objects, 0(0B) LOS objects, 29% free, 38MB/54MB, paused 364us total 22.783ms
08-05 20:59:12.995  4787  5061 I art     : Starting a blocking GC Explicit
08-05 20:59:13.018  4787  5061 I art     : Explicit concurrent mark sweep GC freed 151(2624B) AllocSpace objects, 0(0B) LOS objects, 29% free, 38MB/54MB, paused 438us total 22.682ms
08-05 20:59:13.374  4787  5061 I art     : Starting a blocking GC Explicit
08-05 20:59:13.401  4787  5061 I art     : Explicit concurrent mark sweep GC freed 3091(110KB) AllocSpace objects, 2(40KB) LOS objects, 29% free, 38MB/54MB, paused 412us total 27.129ms
08-05 20:59:13.413  4787  5061 I art     : Starting a blocking GC Explicit
08-05 20:59:13.440  4787  5061 I art     : Explicit concurrent mark sweep GC freed 238(4KB) AllocSpace objects, 0(0B) LOS objects, 29% free, 38MB/54MB, paused 432us total 26.156ms
08-05 20:59:13.452  4787  5061 I art     : Starting a blocking GC Explicit
08-05 20:59:13.480  4787  5061 I art     : Explicit concurrent mark sweep GC freed 146(2464B) AllocSpace objects, 0(0B) LOS objects, 29% free, 38MB/54MB, paused 424us total 27.497ms
08-05 20:59:13.492  4787  5061 I art     : Starting a blocking GC Explicit
08-05 20:59:13.519  4787  5061 I art     : Explicit concurrent mark sweep GC freed 158(2688B) AllocSpace objects, 0(0B) LOS objects, 29% free, 38MB/54MB, paused 516us total 27.277ms
08-05 20:59:13.532  4787  5061 I art     : Starting a blocking GC Explicit
08-05 20:59:13.559  4787  5061 I art     : Explicit concurrent mark sweep GC freed 209(3KB) AllocSpace objects, 0(0B) LOS objects, 29% free, 38MB/54MB, paused 402us total 26.979ms
08-05 20:59:13.887  4787  4800 I art     : Starting a blocking GC Explicit
08-05 20:59:13.917  4787  4800 I art     : Explicit concurrent mark sweep GC freed 2949(108KB) AllocSpace objects, 2(40KB) LOS objects, 29% free, 38MB/54MB, paused 427us total 29.153ms
08-05 20:59:13.933  4787  4800 I art     : Starting a blocking GC Explicit
08-05 20:59:13.959  4787  4800 I art     : Explicit concurrent mark sweep GC freed 254(5KB) AllocSpace objects, 0(0B) LOS objects, 29% free, 38MB/54MB, paused 415us total 26.660ms
08-05 20:59:13.971  4787  4800 I art     : Starting a blocking GC Explicit
08-05 20:59:13.998  4787  4800 I art     : Explicit concurrent mark sweep GC freed 147(2496B) AllocSpace objects, 0(0B) LOS objects, 29% free, 38MB/54MB, paused 423us total 26.677ms
08-05 20:59:14.010  4787  4800 I art     : Starting a blocking GC Explicit
08-05 20:59:14.037  4787  4800 I art     : Explicit concurrent mark sweep GC freed 168(2832B) AllocSpace objects, 0(0B) LOS objects, 29% free, 38MB/54MB, paused 561us total 26.376ms
08-05 20:59:14.049  4787  4800 I art     : Starting a blocking GC Explicit
08-05 20:59:14.077  4787  4800 I art     : Explicit concurrent mark sweep GC freed 198(3KB) AllocSpace objects, 0(0B) LOS objects, 29% free, 38MB/54MB, paused 423us total 26.954ms
08-05 20:59:14.431  4787  4806 I art     : Starting a blocking GC Explicit
08-05 20:59:14.461  4787  4806 I art     : Explicit concurrent mark sweep GC freed 3082(110KB) AllocSpace objects, 2(40KB) LOS objects, 29% free, 38MB/54MB, paused 436us total 30.395ms
08-05 20:59:14.477  4787  4806 I art     : Starting a blocking GC Explicit
08-05 20:59:14.502  4787  4806 I art     : Explicit concurrent mark sweep GC freed 166(3KB) AllocSpace objects, 0(0B) LOS objects, 29% free, 38MB/54MB, paused 409us total 25.479ms
08-05 20:59:14.515  4787  4806 I art     : Starting a blocking GC Explicit
08-05 20:59:14.541  4787  4806 I art     : Explicit concurrent mark sweep GC freed 219(3KB) AllocSpace objects, 0(0B) LOS objects, 29% free, 38MB/54MB, paused 410us total 25.917ms
08-05 20:59:14.553  4787  4806 I art     : Starting a blocking GC Explicit
08-05 20:59:14.580  4787  4806 I art     : Explicit concurrent mark sweep GC freed 146(2464B) AllocSpace objects, 0(0B) LOS objects, 29% free, 38MB/54MB, paused 438us total 27.145ms
08-05 20:59:14.592  4787  4806 I art     : Starting a blocking GC Explicit
08-05 20:59:14.619  4787  4806 I art     : Explicit concurrent mark sweep GC freed 148(2528B) AllocSpace objects, 0(0B) LOS objects, 29% free, 38MB/54MB, paused 394us total 26.011ms
08-05 20:59:14.993  4787  4801 I art     : Starting a blocking GC Explicit
08-05 20:59:15.022  4787  4801 I art     : Explicit concurrent mark sweep GC freed 3176(111KB) AllocSpace objects, 2(40KB) LOS objects, 29% free, 38MB/54MB, paused 552us total 28.825ms
08-05 20:59:15.034  4787  4801 I art     : Starting a blocking GC Explicit
08-05 20:59:15.062  4787  4801 I art     : Explicit concurrent mark sweep GC freed 216(3KB) AllocSpace objects, 0(0B) LOS objects, 29% free, 38MB/54MB, paused 411us total 27.778ms
08-05 20:59:15.075  4787  4801 I art     : Starting a blocking GC Explicit
08-05 20:59:15.102  4787  4801 I art     : Explicit concurrent mark sweep GC freed 147(2496B) AllocSpace objects, 0(0B) LOS objects, 29% free, 38MB/54MB, paused 407us total 27.431ms
08-05 20:59:15.115  4787  4801 I art     : Starting a blocking GC Explicit
08-05 20:59:15.143  4787  4801 I art     : Explicit concurrent mark sweep GC freed 219(3KB) AllocSpace objects, 0(0B) LOS objects, 29% free, 38MB/54MB, paused 427us total 28.143ms
08-05 20:59:15.156  4787  4801 I art     : Starting a blocking GC Explicit
08-05 20:59:15.184  4787  4801 I art     : Explicit concurrent mark sweep GC freed 147(2496B) AllocSpace objects, 0(0B) LOS objects, 29% free, 38MB/54MB, paused 420us total 28.037ms
08-05 20:59:15.530  4787  5061 I art     : Starting a blocking GC Explicit
08-05 20:59:15.558  4787  5061 I art     : Explicit concurrent mark sweep GC freed 3081(110KB) AllocSpace objects, 2(40KB) LOS objects, 29% free, 38MB/54MB, paused 444us total 27.544ms
08-05 20:59:15.571  4787  5061 I art     : Starting a blocking GC Explicit
08-05 20:59:15.598  4787  5061 I art     : Explicit concurrent mark sweep GC freed 165(3KB) AllocSpace objects, 0(0B) LOS objects, 29% free, 38MB/54MB, paused 439us total 26.699ms
08-05 20:59:15.610  4787  5061 I art     : Starting a blocking GC Explicit
08-05 20:59:15.636  4787  5061 I art     : Explicit concurrent mark sweep GC freed 148(2528B) AllocSpace objects, 0(0B) LOS objects, 29% free, 38MB/54MB, paused 417us total 25.853ms
08-05 20:59:15.648  4787  5061 I art     : Starting a blocking GC Explicit
08-05 20:59:15.674  4787  5061 I art     : Explicit concurrent mark sweep GC freed 163(2752B) AllocSpace objects, 0(0B) LOS objects, 29% free, 38MB/54MB, paused 469us total 25.902ms
08-05 20:59:15.686  4787  5061 I art     : Starting a blocking GC Explicit
08-05 20:59:15.712  4787  5061 I art     : Explicit concurrent mark sweep GC freed 202(3KB) AllocSpace objects, 0(0B) LOS objects, 29% free, 38MB/54MB, paused 430us total 25.714ms
08-05 20:59:15.841  5299  5299 D AndroidRuntime: >>>>>> START com.android.internal.os.RuntimeInit uid 2000 <<<<<<
08-05 20:59:15.847  5299  5299 D AndroidRuntime: CheckJNI is OFF
08-05 20:59:15.880  5299  5299 D ICU     : No timezone override file found: /data/misc/zoneinfo/current/icu/icu_tzdata.dat
08-05 20:59:15.912  5299  5299 I Radio-JNI: register_android_hardware_Radio DONE
08-05 20:59:15.933  5299  5299 D AndroidRuntime: Calling main entry com.android.commands.input.Input
08-05 20:59:15.935  5299  5299 I Input   : injectKeyEvent: KeyEvent { action=ACTION_DOWN, keyCode=KEYCODE_BACK, scanCode=0, metaState=0, flags=0x0, repeatCount=0, eventTime=824372348, downTime=824372348, deviceId=-1, source=0x101 }
08-05 20:59:15.943  5299  5299 I Input   : injectKeyEvent: KeyEvent { action=ACTION_UP, keyCode=KEYCODE_BACK, scanCode=0, metaState=0, flags=0x0, repeatCount=0, eventTime=824372348, downTime=824372348, deviceId=-1, source=0x101 }
08-05 20:59:15.950  5299  5299 D AndroidRuntime: Shutting down VM
08-05 20:59:15.983 13866 13866 I GoogleInputMethodServic: GoogleInputMethodService.onFinishInput():3138 
08-05 20:59:15.984 13866 13866 I GoogleInputMethodServic: GoogleInputMethodService.onStartInput():1808 
08-05 20:59:16.055  4787  4806 I art     : Starting a blocking GC Explicit
08-05 20:59:16.081  4787  4806 I art     : Explicit concurrent mark sweep GC freed 3115(113KB) AllocSpace objects, 2(40KB) LOS objects, 29% free, 38MB/54MB, paused 422us total 25.534ms
08-05 20:59:16.093  4787  4806 I art     : Starting a blocking GC Explicit
08-05 20:59:16.121  4787  4806 I art     : Explicit concurrent mark sweep GC freed 171(3KB) AllocSpace objects, 0(0B) LOS objects, 29% free, 38MB/54MB, paused 383us total 27.392ms
08-05 20:59:16.136  4787  4806 I art     : Starting a blocking GC Explicit
08-05 20:59:16.170  4787  4806 I art     : Explicit concurrent mark sweep GC freed 219(3KB) AllocSpace objects, 0(0B) LOS objects, 29% free, 38MB/54MB, paused 465us total 33.574ms
08-05 20:59:16.186  4787  4806 I art     : Starting a blocking GC Explicit
08-05 20:59:16.217  4787  4806 I art     : Explicit concurrent mark sweep GC freed 219(3KB) AllocSpace objects, 0(0B) LOS objects, 29% free, 38MB/54MB, paused 466us total 30.451ms
08-05 20:59:16.230  4787  4806 I art     : Starting a blocking GC Explicit
08-05 20:59:16.262  4787  4806 I art     : Explicit concurrent mark sweep GC freed 219(3KB) AllocSpace objects, 0(0B) LOS objects, 29% free, 38MB/54MB, paused 491us total 30.993ms
08-05 20:59:16.288   380   380 W SurfaceFlinger: couldn't log to binary event log: overflow.
08-05 20:59:16.367 13866 13882 I PeriodicStatsRunner: PeriodicStatsRunner.call():175 call()
08-05 20:59:16.368 13866 13882 I PeriodicStatsRunner: PeriodicStatsRunner.call():179 No submit PeriodicStats since input started.
08-05 20:59:16.600  4787  4801 I art     : Starting a blocking GC Explicit
08-05 20:59:16.632  4787  4801 I art     : Explicit concurrent mark sweep GC freed 2553(101KB) AllocSpace objects, 3(228KB) LOS objects, 29% free, 38MB/54MB, paused 464us total 31.581ms
08-05 20:59:16.646  4787  4801 I art     : Starting a blocking GC Explicit
08-05 20:59:16.671  4787  4801 I art     : Explicit concurrent mark sweep GC freed 4784(340KB) AllocSpace objects, 7(132KB) LOS objects, 29% free, 38MB/54MB, paused 410us total 24.438ms
08-05 20:59:16.683  4787  4801 I art     : Starting a blocking GC Explicit
08-05 20:59:16.705  4787  4801 I art     : Explicit concurrent mark sweep GC freed 105(1984B) AllocSpace objects, 0(0B) LOS objects, 29% free, 38MB/54MB, paused 448us total 22.108ms
08-05 20:59:16.718  4787  4801 I art     : Starting a blocking GC Explicit
08-05 20:59:16.743  4787  4801 I art     : Explicit concurrent mark sweep GC freed 170(3KB) AllocSpace objects, 0(0B) LOS objects, 29% free, 38MB/54MB, paused 408us total 24.787ms
08-05 20:59:16.755  4787  4801 I art     : Starting a blocking GC Explicit
08-05 20:59:16.779  4787  4801 I art     : Explicit concurrent mark sweep GC freed 108(2208B) AllocSpace objects, 0(0B) LOS objects, 29% free, 38MB/54MB, paused 390us total 24.184ms
08-05 20:59:16.996 13866 13882 I PeriodicStatsRunner: PeriodicStatsRunner.call():175 call()
08-05 20:59:16.997 13866 13882 I PeriodicStatsRunner: PeriodicStatsRunner.call():179 No submit PeriodicStats since input started.
08-05 20:59:17.117  4787  4800 I art     : Starting a blocking GC Explicit
08-05 20:59:17.142  4787  4800 I art     : Explicit concurrent mark sweep GC freed 2482(100KB) AllocSpace objects, 2(40KB) LOS objects, 29% free, 38MB/54MB, paused 441us total 24.484ms
08-05 20:59:17.154  4787  4800 I art     : Starting a blocking GC Explicit
08-05 20:59:17.168 32448 32448 I Atfwd_Sendcmd: AtCmdFwd service not ready - Exhausted retry attempts - :6
08-05 20:59:17.168 32448 32448 I Atfwd_Daemon: result : -1 	 ,Init step :2 	 ,qmiErrorCode: 0
08-05 20:59:17.179  4787  4800 I art     : Explicit concurrent mark sweep GC freed 119(2416B) AllocSpace objects, 0(0B) LOS objects, 29% free, 38MB/54MB, paused 459us total 24.948ms
08-05 20:59:17.191  4787  4800 I art     : Starting a blocking GC Explicit
08-05 20:59:17.216  4787  4800 I art     : Explicit concurrent mark sweep GC freed 99(1696B) AllocSpace objects, 0(0B) LOS objects, 29% free, 38MB/54MB, paused 420us total 24.488ms
08-05 20:59:17.228  4787  4800 I art     : Starting a blocking GC Explicit
08-05 20:59:17.253  4787  4800 I art     : Explicit concurrent mark sweep GC freed 99(1696B) AllocSpace objects, 0(0B) LOS objects, 29% free, 38MB/54MB, paused 415us total 25.040ms
08-05 20:59:17.265  4787  4800 I art     : Starting a blocking GC Explicit
08-05 20:59:17.289  4787  4800 I art     : Explicit concurrent mark sweep GC freed 99(1696B) AllocSpace objects, 0(0B) LOS objects, 29% free, 38MB/54MB, paused 429us total 24.042ms
08-05 20:59:17.593  5345  5345 D AndroidRuntime: >>>>>> START com.android.internal.os.RuntimeInit uid 2000 <<<<<<
08-05 20:59:17.598  5345  5345 D AndroidRuntime: CheckJNI is OFF
08-05 20:59:17.600  4787  4806 I art     : Starting a blocking GC Explicit
08-05 20:59:17.625  4787  4806 I art     : Explicit concurrent mark sweep GC freed 2415(99KB) AllocSpace objects, 2(40KB) LOS objects, 29% free, 38MB/54MB, paused 530us total 25.041ms
08-05 20:59:17.635  5345  5345 D ICU     : No timezone override file found: /data/misc/zoneinfo/current/icu/icu_tzdata.dat
08-05 20:59:17.638  4787  4806 I art     : Starting a blocking GC Explicit
08-05 20:59:17.663  4787  4806 I art     : Explicit concurrent mark sweep GC freed 136(2704B) AllocSpace objects, 0(0B) LOS objects, 29% free, 38MB/54MB, paused 449us total 24.791ms
08-05 20:59:17.670  5345  5345 I Radio-JNI: register_android_hardware_Radio DONE
08-05 20:59:17.675  4787  4806 I art     : Starting a blocking GC Explicit
08-05 20:59:17.691  5345  5345 D AndroidRuntime: Calling main entry com.android.commands.input.Input
08-05 20:59:17.693  5345  5345 I Input   : injectMotionEvent: MotionEvent { action=ACTION_DOWN, actionButton=0, id[0]=0, x[0]=504.0, y[0]=1706.0, toolType[0]=TOOL_TYPE_UNKNOWN, buttonState=0, metaState=0, flags=0x0, edgeFlags=0x0, pointerCount=1, historySize=0, eventTime=824374106, downTime=824374106, deviceId=0, source=0x1002 }
08-05 20:59:17.698  4787  4806 I art     : Explicit concurrent mark sweep GC freed 99(1696B) AllocSpace objects, 0(0B) LOS objects, 29% free, 38MB/54MB, paused 374us total 22.971ms
08-05 20:59:17.699  5345  5345 I Input   : injectMotionEvent: MotionEvent { action=ACTION_UP, actionButton=0, id[0]=0, x[0]=504.0, y[0]=1706.0, toolType[0]=TOOL_TYPE_UNKNOWN, buttonState=0, metaState=0, flags=0x0, edgeFlags=0x0, pointerCount=1, historySize=0, eventTime=824374106, downTime=824374106, deviceId=0, source=0x1002 }
08-05 20:59:17.700  5345  5345 D AndroidRuntime: Shutting down VM
08-05 20:59:17.702   512  2967 D audio_hw_primary: out_set_parameters: enter: usecase(1: low-latency-playback) kvpairs: routing=2
08-05 20:59:17.705   918  6029 I ActivityManager: START u0 {cmp=baseline.io.github.project_travel_mate/.destinations.funfacts.FunFactsActivity (has extras)} from uid 10674 on display 0
08-05 20:59:17.710  4787  4806 I art     : Starting a blocking GC Explicit
08-05 20:59:17.715   512  2967 D audio_hw_primary: select_devices: out_snd_device(2: speaker) in_snd_device(0: none)
08-05 20:59:17.715   512  2967 D msm8974_platform: platform_send_audio_calibration: sending audio calibration for snd_device(2) acdb_id(15)
08-05 20:59:17.715   512  2967 I soundtrigger: audio_extn_sound_trigger_update_device_status: device 0x2 of type 0 for Event 1
08-05 20:59:17.724  4787  4853 D Gabe    : call	returning from cache
08-05 20:59:17.726   512  2967 D audio_hw_primary: enable_snd_device: snd_device(2: speaker)
08-05 20:59:17.726  4787  4787 V EXECUTING: https://project-travel-mate.herokuapp.com/api/get-city-facts/1
08-05 20:59:17.728   512  2967 D audio_hw_primary: enable_audio_route: apply and update mixer path: low-latency-playback speaker
08-05 20:59:17.734  4787  4806 I art     : Explicit concurrent mark sweep GC freed 1605(154KB) AllocSpace objects, 0(0B) LOS objects, 29% free, 38MB/54MB, paused 599us total 24.355ms
08-05 20:59:17.746  4787  4806 I art     : Starting a blocking GC Explicit
08-05 20:59:17.770  4787  4806 I art     : Explicit concurrent mark sweep GC freed 183(24KB) AllocSpace objects, 0(0B) LOS objects, 29% free, 38MB/54MB, paused 432us total 23.014ms
08-05 20:59:17.857   918   936 I ActivityManager: Displayed baseline.io.github.project_travel_mate/.destinations.funfacts.FunFactsActivity: +143ms
08-05 20:59:17.858 13866 13866 I GoogleInputMethodServic: GoogleInputMethodService.onFinishInput():3138 
08-05 20:59:17.861 13866 13866 I GoogleInputMethodServic: GoogleInputMethodService.onStartInput():1808 
08-05 20:59:18.061  4787  4806 I art     : Starting a blocking GC Explicit
08-05 20:59:18.098  4787  4806 I art     : Explicit concurrent mark sweep GC freed 2950(118KB) AllocSpace objects, 2(40KB) LOS objects, 27% free, 42MB/58MB, paused 525us total 36.323ms
08-05 20:59:18.108   380   380 W SurfaceFlinger: couldn't log to binary event log: overflow.
08-05 20:59:18.111  4787  4806 I art     : Starting a blocking GC Explicit
08-05 20:59:18.137  4787  4806 I art     : Explicit concurrent mark sweep GC freed 170(3KB) AllocSpace objects, 0(0B) LOS objects, 27% free, 42MB/58MB, paused 511us total 25.081ms
08-05 20:59:18.148  4787  4806 I art     : Starting a blocking GC Explicit
08-05 20:59:18.172  4787  4806 I art     : Explicit concurrent mark sweep GC freed 147(2496B) AllocSpace objects, 0(0B) LOS objects, 27% free, 42MB/58MB, paused 443us total 23.377ms
08-05 20:59:18.184  4787  4806 I art     : Starting a blocking GC Explicit
08-05 20:59:18.209  4787  4806 I art     : Explicit concurrent mark sweep GC freed 200(3KB) AllocSpace objects, 0(0B) LOS objects, 27% free, 42MB/58MB, paused 503us total 25.370ms
08-05 20:59:18.222  4787  4806 I art     : Starting a blocking GC Explicit
08-05 20:59:18.248  4787  4806 I art     : Explicit concurrent mark sweep GC freed 142(2400B) AllocSpace objects, 0(0B) LOS objects, 27% free, 42MB/58MB, paused 548us total 25.962ms
08-05 20:59:18.258   512  2967 D audio_hw_primary: disable_audio_route: reset and update mixer path: low-latency-playback speaker
08-05 20:59:18.259   512  2967 D audio_hw_primary: disable_snd_device: snd_device(2: speaker)
08-05 20:59:18.267   512  2967 I soundtrigger: audio_extn_sound_trigger_update_device_status: device 0x2 of type 0 for Event 0
08-05 20:59:18.506  4787  5369 I NAPPA_EXPERIMENTATION: MetricNetworkRequestExecutionTime: REQUEST_DURATION_SYSTEM='780',REQUEST_DURATION_OKHTTP='39',REQUEST_SYNCHRONOUS='FALSE',RESPONSE_CODE='200',RESPONSE_METHOD='GET',RESPONSE_LENGTH_OKHTTP='1793',RESPONSE_LENGTH_HEADER='1793',REQUEST_PROTOCOL='http/1.1',REQUEST_URL='https://project-travel-mate.herokuapp.com/api/get-city-facts/1',
08-05 20:59:18.509  4787  5369 V EXECUTING: https://project-travel-mate.herokuapp.com/api/get-city-images/1
08-05 20:59:18.553  4787  4801 I art     : Starting a blocking GC Explicit
08-05 20:59:18.579  4787  4801 I art     : Explicit concurrent mark sweep GC freed 5418(277KB) AllocSpace objects, 5(240KB) LOS objects, 27% free, 43MB/59MB, paused 696us total 26.149ms
08-05 20:59:18.592  4787  4801 I art     : Starting a blocking GC Explicit
08-05 20:59:18.616  4787  4801 I art     : Explicit concurrent mark sweep GC freed 1005(117KB) AllocSpace objects, 0(0B) LOS objects, 27% free, 43MB/59MB, paused 526us total 24.718ms
08-05 20:59:18.628  4787  4801 I art     : Starting a blocking GC Explicit
08-05 20:59:18.653  4787  4801 I art     : Explicit concurrent mark sweep GC freed 128(2144B) AllocSpace objects, 0(0B) LOS objects, 27% free, 43MB/59MB, paused 576us total 24.520ms
08-05 20:59:18.665  4787  4801 I art     : Starting a blocking GC Explicit
08-05 20:59:18.689  4787  4801 I art     : Explicit concurrent mark sweep GC freed 96(1776B) AllocSpace objects, 0(0B) LOS objects, 27% free, 43MB/59MB, paused 719us total 24.372ms
08-05 20:59:18.697   518   646 I ThermalEngine: ACTION: GPU - Setting GPU[0] to 450000000
08-05 20:59:18.704  4787  4801 I art     : Starting a blocking GC Explicit
08-05 20:59:18.735  4787  4801 I art     : Explicit concurrent mark sweep GC freed 63(1136B) AllocSpace objects, 0(0B) LOS objects, 27% free, 43MB/59MB, paused 888us total 30.880ms
08-05 20:59:19.016  4787  5391 I NAPPA_EXPERIMENTATION: MetricNetworkRequestExecutionTime: REQUEST_DURATION_SYSTEM='506',REQUEST_DURATION_OKHTTP='39',REQUEST_SYNCHRONOUS='FALSE',RESPONSE_CODE='200',RESPONSE_METHOD='GET',RESPONSE_LENGTH_OKHTTP='183',RESPONSE_LENGTH_HEADER='183',REQUEST_PROTOCOL='http/1.1',REQUEST_URL='https://project-travel-mate.herokuapp.com/api/get-city-images/1',
08-05 20:59:19.049  4787  5391 V RESPONSE: [{"id":17,"image_url":"https://upload.wikimedia.org/wikipedia/commons/9/94/%E0%B4%96%E0%B5%81%E0%B4%A4%E0%B5%8D%E0%B4%AC%E0%B5%8D_%E0%B4%AE%E0%B4%BF%E0%B4%A8%E0%B4%BE%E0%B5%BC1.jpg"}]
08-05 20:59:19.079  4787  4800 I art     : Starting a blocking GC Explicit
08-05 20:59:19.112  4787  4800 I art     : Explicit concurrent mark sweep GC freed 5047(245KB) AllocSpace objects, 5(240KB) LOS objects, 26% free, 43MB/59MB, paused 802us total 32.786ms
08-05 20:59:19.128  4787  4800 I art     : Starting a blocking GC Explicit
08-05 20:59:19.163  4787  4800 I art     : Explicit concurrent mark sweep GC freed 4104(278KB) AllocSpace objects, 0(0B) LOS objects, 26% free, 43MB/59MB, paused 1.259ms total 34.818ms
08-05 20:59:19.178  4787  4800 I art     : Starting a blocking GC Explicit
08-05 20:59:19.211  4787  4800 I art     : Explicit concurrent mark sweep GC freed 409(40KB) AllocSpace objects, 1(4MB) LOS objects, 28% free, 39MB/55MB, paused 615us total 33.046ms
08-05 20:59:19.227  4787  4800 I art     : Starting a blocking GC Explicit
08-05 20:59:19.261  4787  4800 I art     : Explicit concurrent mark sweep GC freed 28(1152B) AllocSpace objects, 0(0B) LOS objects, 28% free, 39MB/55MB, paused 700us total 33.944ms
08-05 20:59:19.279  4787  4800 I art     : Starting a blocking GC Explicit
08-05 20:59:19.310  4787  4800 I art     : Explicit concurrent mark sweep GC freed 291(4KB) AllocSpace objects, 0(0B) LOS objects, 28% free, 39MB/55MB, paused 576us total 31.580ms
08-05 20:59:19.697  4787  4801 I art     : Starting a blocking GC Explicit
08-05 20:59:19.739  4787  4801 I art     : Explicit concurrent mark sweep GC freed 3269(114KB) AllocSpace objects, 2(40KB) LOS objects, 28% free, 39MB/55MB, paused 683us total 41.576ms
08-05 20:59:19.758  4787  4801 I art     : Starting a blocking GC Explicit
08-05 20:59:19.795  4787  4801 I art     : Explicit concurrent mark sweep GC freed 300(5KB) AllocSpace objects, 0(0B) LOS objects, 28% free, 39MB/55MB, paused 760us total 36.886ms
08-05 20:59:19.812  4787  4801 I art     : Starting a blocking GC Explicit
08-05 20:59:19.850  4787  4801 I art     : Explicit concurrent mark sweep GC freed 251(4KB) AllocSpace objects, 0(0B) LOS objects, 28% free, 39MB/55MB, paused 641us total 38.114ms
08-05 20:59:19.867  4787  4801 I art     : Starting a blocking GC Explicit
08-05 20:59:19.902  4787  4801 I art     : Explicit concurrent mark sweep GC freed 219(3KB) AllocSpace objects, 0(0B) LOS objects, 28% free, 39MB/55MB, paused 721us total 35.396ms
08-05 20:59:19.919  4787  4801 I art     : Starting a blocking GC Explicit
08-05 20:59:19.955  4787  4801 I art     : Explicit concurrent mark sweep GC freed 219(3KB) AllocSpace objects, 0(0B) LOS objects, 28% free, 39MB/55MB, paused 653us total 35.662ms
08-05 20:59:20.310  4787  5061 I art     : Starting a blocking GC Explicit
08-05 20:59:20.347  4787  5061 I art     : Explicit concurrent mark sweep GC freed 3104(110KB) AllocSpace objects, 2(40KB) LOS objects, 28% free, 39MB/55MB, paused 701us total 36.740ms
08-05 20:59:20.364  4787  5061 I art     : Starting a blocking GC Explicit
08-05 20:59:20.400  4787  5061 I art     : Explicit concurrent mark sweep GC freed 266(4KB) AllocSpace objects, 0(0B) LOS objects, 28% free, 39MB/55MB, paused 705us total 35.902ms
08-05 20:59:20.416  4787  5061 I art     : Starting a blocking GC Explicit
08-05 20:59:20.454  4787  5061 I art     : Explicit concurrent mark sweep GC freed 238(3KB) AllocSpace objects, 0(0B) LOS objects, 28% free, 39MB/55MB, paused 741us total 37.667ms
08-05 20:59:20.470  4787  5061 I art     : Starting a blocking GC Explicit
08-05 20:59:20.489  5414  5414 D AndroidRuntime: >>>>>> START com.android.internal.os.RuntimeInit uid 2000 <<<<<<
08-05 20:59:20.495  5414  5414 D AndroidRuntime: CheckJNI is OFF
08-05 20:59:20.507  4787  5061 I art     : Explicit concurrent mark sweep GC freed 223(3KB) AllocSpace objects, 0(0B) LOS objects, 28% free, 39MB/55MB, paused 638us total 36.160ms
08-05 20:59:20.523  4787  5061 I art     : Starting a blocking GC Explicit
08-05 20:59:20.541  5414  5414 D ICU     : No timezone override file found: /data/misc/zoneinfo/current/icu/icu_tzdata.dat
08-05 20:59:20.558  4787  5061 I art     : Explicit concurrent mark sweep GC freed 219(3KB) AllocSpace objects, 0(0B) LOS objects, 28% free, 39MB/55MB, paused 646us total 35.297ms
08-05 20:59:20.586  5414  5414 I Radio-JNI: register_android_hardware_Radio DONE
08-05 20:59:20.614  5414  5414 D AndroidRuntime: Calling main entry com.android.commands.input.Input
08-05 20:59:20.616  5414  5414 I Input   : injectKeyEvent: KeyEvent { action=ACTION_DOWN, keyCode=KEYCODE_BACK, scanCode=0, metaState=0, flags=0x0, repeatCount=0, eventTime=824377029, downTime=824377029, deviceId=-1, source=0x101 }
08-05 20:59:20.622  5414  5414 I Input   : injectKeyEvent: KeyEvent { action=ACTION_UP, keyCode=KEYCODE_BACK, scanCode=0, metaState=0, flags=0x0, repeatCount=0, eventTime=824377029, downTime=824377029, deviceId=-1, source=0x101 }
08-05 20:59:20.627  5414  5414 D AndroidRuntime: Shutting down VM
08-05 20:59:20.672 13866 13866 I GoogleInputMethodServic: GoogleInputMethodService.onFinishInput():3138 
08-05 20:59:20.673 13866 13866 I GoogleInputMethodServic: GoogleInputMethodService.onStartInput():1808 
08-05 20:59:20.911  4787  5061 I art     : Starting a blocking GC Explicit
08-05 20:59:20.949  4787  5061 I art     : Explicit concurrent mark sweep GC freed 3268(115KB) AllocSpace objects, 2(40KB) LOS objects, 28% free, 39MB/55MB, paused 1.028ms total 37.323ms
08-05 20:59:20.960   380   380 W SurfaceFlinger: couldn't log to binary event log: overflow.
08-05 20:59:20.966  4787  5061 I art     : Starting a blocking GC Explicit
08-05 20:59:20.983 13866 13882 I PeriodicStatsRunner: PeriodicStatsRunner.call():175 call()
08-05 20:59:20.984 13866 13882 I PeriodicStatsRunner: PeriodicStatsRunner.call():179 No submit PeriodicStats since input started.
08-05 20:59:20.998  4787  5061 I art     : Explicit concurrent mark sweep GC freed 961(40KB) AllocSpace objects, 3(644KB) LOS objects, 29% free, 38MB/54MB, paused 704us total 31.729ms
08-05 20:59:21.015  4787  5061 I art     : Starting a blocking GC Explicit
08-05 20:59:21.045  4787  5061 I art     : Explicit concurrent mark sweep GC freed 5541(267KB) AllocSpace objects, 1(28KB) LOS objects, 29% free, 38MB/54MB, paused 707us total 30.585ms
08-05 20:59:21.062  4787  5061 I art     : Starting a blocking GC Explicit
08-05 20:59:21.095  4787  5061 I art     : Explicit concurrent mark sweep GC freed 146(2480B) AllocSpace objects, 0(0B) LOS objects, 29% free, 38MB/54MB, paused 735us total 32.944ms
08-05 20:59:21.111  4787  5061 I art     : Starting a blocking GC Explicit
08-05 20:59:21.145  4787  5061 I art     : Explicit concurrent mark sweep GC freed 147(2480B) AllocSpace objects, 0(0B) LOS objects, 29% free, 38MB/54MB, paused 692us total 33.991ms
08-05 20:59:21.515  4787  4800 I art     : Starting a blocking GC Explicit
08-05 20:59:21.550  4787  4800 I art     : Explicit concurrent mark sweep GC freed 2618(102KB) AllocSpace objects, 2(40KB) LOS objects, 29% free, 38MB/54MB, paused 627us total 34.227ms
08-05 20:59:21.567  4787  4800 I art     : Starting a blocking GC Explicit
08-05 20:59:21.600  4787  4800 I art     : Explicit concurrent mark sweep GC freed 166(3KB) AllocSpace objects, 0(0B) LOS objects, 29% free, 38MB/54MB, paused 622us total 32.141ms
08-05 20:59:21.616  4787  4800 I art     : Starting a blocking GC Explicit
08-05 20:59:21.649  4787  4800 I art     : Explicit concurrent mark sweep GC freed 147(2496B) AllocSpace objects, 0(0B) LOS objects, 29% free, 38MB/54MB, paused 633us total 32.573ms
08-05 20:59:21.665  4787  4800 I art     : Starting a blocking GC Explicit
08-05 20:59:21.698  4787  4800 I art     : Explicit concurrent mark sweep GC freed 145(2448B) AllocSpace objects, 0(0B) LOS objects, 29% free, 38MB/54MB, paused 737us total 33.182ms
08-05 20:59:21.714  4787  4800 I art     : Starting a blocking GC Explicit
08-05 20:59:21.748  4787  4800 I art     : Explicit concurrent mark sweep GC freed 148(2512B) AllocSpace objects, 0(0B) LOS objects, 29% free, 38MB/54MB, paused 648us total 33.489ms
08-05 20:59:22.095  4787  4806 I art     : Starting a blocking GC Explicit
08-05 20:59:22.130  4787  4806 I art     : Explicit concurrent mark sweep GC freed 2487(100KB) AllocSpace objects, 2(40KB) LOS objects, 29% free, 38MB/54MB, paused 723us total 34.283ms
08-05 20:59:22.146  4787  4806 I art     : Starting a blocking GC Explicit
08-05 20:59:22.179  4787  4806 I art     : Explicit concurrent mark sweep GC freed 165(3KB) AllocSpace objects, 0(0B) LOS objects, 29% free, 38MB/54MB, paused 721us total 33.134ms
08-05 20:59:22.195  4787  4806 I art     : Starting a blocking GC Explicit
08-05 20:59:22.228  4787  4806 I art     : Explicit concurrent mark sweep GC freed 145(2464B) AllocSpace objects, 0(0B) LOS objects, 29% free, 38MB/54MB, paused 673us total 32.568ms
08-05 20:59:22.244  4787  4806 I art     : Starting a blocking GC Explicit
08-05 20:59:22.275   918  3188 I hubconnection: sensorhub said: 'set_bias 3: -6.2400, 0.0000, 0.0000'
08-05 20:59:22.276  4787  4806 I art     : Explicit concurrent mark sweep GC freed 148(2528B) AllocSpace objects, 0(0B) LOS objects, 29% free, 38MB/54MB, paused 617us total 32.498ms
08-05 20:59:22.292  4787  4806 I art     : Starting a blocking GC Explicit
08-05 20:59:22.327  4787  4806 I art     : Explicit concurrent mark sweep GC freed 147(2496B) AllocSpace objects, 0(0B) LOS objects, 29% free, 38MB/54MB, paused 746us total 34.430ms
08-05 20:59:22.422  5458  5458 D AndroidRuntime: >>>>>> START com.android.internal.os.RuntimeInit uid 2000 <<<<<<
08-05 20:59:22.429  5458  5458 D AndroidRuntime: CheckJNI is OFF
08-05 20:59:22.473  5458  5458 D ICU     : No timezone override file found: /data/misc/zoneinfo/current/icu/icu_tzdata.dat
08-05 20:59:22.517  5458  5458 I Radio-JNI: register_android_hardware_Radio DONE
08-05 20:59:22.545  5458  5458 D AndroidRuntime: Calling main entry com.android.commands.input.Input
08-05 20:59:22.547  5458  5458 I Input   : injectMotionEvent: MotionEvent { action=ACTION_DOWN, actionButton=0, id[0]=0, x[0]=504.0, y[0]=1706.0, toolType[0]=TOOL_TYPE_UNKNOWN, buttonState=0, metaState=0, flags=0x0, edgeFlags=0x0, pointerCount=1, historySize=0, eventTime=824378959, downTime=824378959, deviceId=0, source=0x1002 }
08-05 20:59:22.552  5458  5458 I Input   : injectMotionEvent: MotionEvent { action=ACTION_UP, actionButton=0, id[0]=0, x[0]=504.0, y[0]=1706.0, toolType[0]=TOOL_TYPE_UNKNOWN, buttonState=0, metaState=0, flags=0x0, edgeFlags=0x0, pointerCount=1, historySize=0, eventTime=824378959, downTime=824378959, deviceId=0, source=0x1002 }
08-05 20:59:22.554  5458  5458 D AndroidRuntime: Shutting down VM
08-05 20:59:22.558   512  2967 D audio_hw_primary: out_set_parameters: enter: usecase(1: low-latency-playback) kvpairs: routing=2
08-05 20:59:22.560   918  3714 I ActivityManager: START u0 {cmp=baseline.io.github.project_travel_mate/.destinations.funfacts.FunFactsActivity (has extras)} from uid 10674 on display 0
08-05 20:59:22.571   512  2967 D audio_hw_primary: select_devices: out_snd_device(2: speaker) in_snd_device(0: none)
08-05 20:59:22.571   512  2967 D msm8974_platform: platform_send_audio_calibration: sending audio calibration for snd_device(2) acdb_id(15)
08-05 20:59:22.572   512  2967 I soundtrigger: audio_extn_sound_trigger_update_device_status: device 0x2 of type 0 for Event 1
08-05 20:59:22.581   512  2967 D audio_hw_primary: enable_snd_device: snd_device(2: speaker)
08-05 20:59:22.583   512  2967 D audio_hw_primary: enable_audio_route: apply and update mixer path: low-latency-playback speaker
08-05 20:59:22.583  4787  4853 D Gabe    : call	returning from cache
08-05 20:59:22.585  4787  4787 V EXECUTING: https://project-travel-mate.herokuapp.com/api/get-city-facts/1
08-05 20:59:22.717  4787  4800 I art     : Starting a blocking GC Explicit
08-05 20:59:22.734 13866 13866 I GoogleInputMethodServic: GoogleInputMethodService.onFinishInput():3138 
08-05 20:59:22.735 13866 13866 I GoogleInputMethodServic: GoogleInputMethodService.onStartInput():1808 
08-05 20:59:22.735   918   936 I ActivityManager: Displayed baseline.io.github.project_travel_mate/.destinations.funfacts.FunFactsActivity: +164ms
08-05 20:59:22.750  4787  4800 I art     : Explicit concurrent mark sweep GC freed 4468(276KB) AllocSpace objects, 2(40KB) LOS objects, 27% free, 43MB/59MB, paused 952us total 32.134ms
08-05 20:59:22.767  4787  4800 I art     : Starting a blocking GC Explicit
08-05 20:59:22.801  4787  4800 I art     : Explicit concurrent mark sweep GC freed 147(6KB) AllocSpace objects, 0(0B) LOS objects, 27% free, 43MB/59MB, paused 1.047ms total 33.826ms
08-05 20:59:22.818  4787  4800 I art     : Starting a blocking GC Explicit
08-05 20:59:22.850  4787  4800 I art     : Explicit concurrent mark sweep GC freed 244(4KB) AllocSpace objects, 0(0B) LOS objects, 27% free, 43MB/59MB, paused 708us total 31.523ms
08-05 20:59:22.858 13866 13882 I PeriodicStatsRunner: PeriodicStatsRunner.call():175 call()
08-05 20:59:22.859 13866 13882 I PeriodicStatsRunner: PeriodicStatsRunner.call():179 No submit PeriodicStats since input started.
08-05 20:59:22.865  4787  4800 I art     : Starting a blocking GC Explicit
08-05 20:59:22.897  4787  4800 I art     : Explicit concurrent mark sweep GC freed 174(3KB) AllocSpace objects, 0(0B) LOS objects, 27% free, 43MB/59MB, paused 720us total 31.239ms
08-05 20:59:22.913  4787  4800 I art     : Starting a blocking GC Explicit
08-05 20:59:22.949  4787  4800 I art     : Explicit concurrent mark sweep GC freed 283(4KB) AllocSpace objects, 0(0B) LOS objects, 27% free, 43MB/59MB, paused 765us total 36.450ms
08-05 20:59:22.979   380   380 W SurfaceFlinger: couldn't log to binary event log: overflow.
08-05 20:59:23.119   512  2967 D audio_hw_primary: disable_audio_route: reset and update mixer path: low-latency-playback speaker
08-05 20:59:23.120   512  2967 D audio_hw_primary: disable_snd_device: snd_device(2: speaker)
08-05 20:59:23.129   512  2967 I soundtrigger: audio_extn_sound_trigger_update_device_status: device 0x2 of type 0 for Event 0
08-05 20:59:23.307  4787  4801 I art     : Starting a blocking GC Explicit
08-05 20:59:23.338  4787  4801 I art     : Explicit concurrent mark sweep GC freed 2447(100KB) AllocSpace objects, 2(40KB) LOS objects, 27% free, 43MB/59MB, paused 666us total 31.287ms
08-05 20:59:23.354  4787  4801 I art     : Starting a blocking GC Explicit
08-05 20:59:23.389  4787  4801 I art     : Explicit concurrent mark sweep GC freed 2706(134KB) AllocSpace objects, 3(200KB) LOS objects, 26% free, 43MB/59MB, paused 1.360ms total 34.002ms
08-05 20:59:23.404  4787  4801 I art     : Starting a blocking GC Explicit
08-05 20:59:23.429  4787  5494 I NAPPA_EXPERIMENTATION: MetricNetworkRequestExecutionTime: REQUEST_DURATION_SYSTEM='843',REQUEST_DURATION_OKHTTP='41',REQUEST_SYNCHRONOUS='FALSE',RESPONSE_CODE='200',RESPONSE_METHOD='GET',RESPONSE_LENGTH_OKHTTP='1793',RESPONSE_LENGTH_HEADER='1793',REQUEST_PROTOCOL='http/1.1',REQUEST_URL='https://project-travel-mate.herokuapp.com/api/get-city-facts/1',
08-05 20:59:23.431  4787  5494 V EXECUTING: https://project-travel-mate.herokuapp.com/api/get-city-images/1
08-05 20:59:23.437  4787  4801 I art     : Explicit concurrent mark sweep GC freed 1528(158KB) AllocSpace objects, 0(0B) LOS objects, 26% free, 43MB/59MB, paused 990us total 31.953ms
08-05 20:59:23.453  4787  4801 I art     : Starting a blocking GC Explicit
08-05 20:59:23.484  4787  4801 I art     : Explicit concurrent mark sweep GC freed 297(11KB) AllocSpace objects, 0(0B) LOS objects, 26% free, 43MB/59MB, paused 870us total 31.350ms
08-05 20:59:23.500  4787  4801 I art     : Starting a blocking GC Explicit
08-05 20:59:23.531  4787  4801 I art     : Explicit concurrent mark sweep GC freed 26(640B) AllocSpace objects, 0(0B) LOS objects, 26% free, 43MB/59MB, paused 679us total 31.283ms
08-05 20:59:23.878  4787  4806 I art     : Starting a blocking GC Explicit
08-05 20:59:23.912  4787  4806 I art     : Explicit concurrent mark sweep GC freed 4890(228KB) AllocSpace objects, 4(160KB) LOS objects, 26% free, 43MB/59MB, paused 1.032ms total 33.616ms
08-05 20:59:23.928  4787  4806 I art     : Starting a blocking GC Explicit
08-05 20:59:23.945  4787  5506 I NAPPA_EXPERIMENTATION: MetricNetworkRequestExecutionTime: REQUEST_DURATION_SYSTEM='513',REQUEST_DURATION_OKHTTP='43',REQUEST_SYNCHRONOUS='FALSE',RESPONSE_CODE='200',RESPONSE_METHOD='GET',RESPONSE_LENGTH_OKHTTP='183',RESPONSE_LENGTH_HEADER='183',REQUEST_PROTOCOL='http/1.1',REQUEST_URL='https://project-travel-mate.herokuapp.com/api/get-city-images/1',
08-05 20:59:23.961  4787  4806 I art     : Explicit concurrent mark sweep GC freed 1102(128KB) AllocSpace objects, 1(80KB) LOS objects, 26% free, 43MB/59MB, paused 962us total 32.597ms
08-05 20:59:23.976  4787  4806 I art     : Starting a blocking GC Explicit
08-05 20:59:23.979  4787  5506 V RESPONSE: [{"id":17,"image_url":"https://upload.wikimedia.org/wikipedia/commons/9/94/%E0%B4%96%E0%B5%81%E0%B4%A4%E0%B5%8D%E0%B4%AC%E0%B5%8D_%E0%B4%AE%E0%B4%BF%E0%B4%A8%E0%B4%BE%E0%B5%BC1.jpg"}]
08-05 20:59:24.009  4787  4806 I art     : Explicit concurrent mark sweep GC freed 183(5KB) AllocSpace objects, 0(0B) LOS objects, 26% free, 43MB/59MB, paused 847us total 32.039ms
08-05 20:59:24.024  4787  4806 I art     : Starting a blocking GC Explicit
08-05 20:59:24.058  4787  4806 I art     : Explicit concurrent mark sweep GC freed 1011(39KB) AllocSpace objects, 0(0B) LOS objects, 26% free, 43MB/59MB, paused 1.059ms total 32.934ms
08-05 20:59:24.073  4787  4806 I art     : Starting a blocking GC Explicit
08-05 20:59:24.105  4787  4806 I art     : Explicit concurrent mark sweep GC freed 2493(97KB) AllocSpace objects, 0(0B) LOS objects, 26% free, 43MB/59MB, paused 668us total 31.820ms
08-05 20:59:24.493  4787  4800 I art     : Starting a blocking GC Explicit
08-05 20:59:24.535  4787  4800 I art     : Explicit concurrent mark sweep GC freed 3389(120KB) AllocSpace objects, 3(4MB) LOS objects, 28% free, 39MB/55MB, paused 837us total 41.873ms
08-05 20:59:24.552  4787  4800 I art     : Starting a blocking GC Explicit
08-05 20:59:24.589  4787  4800 I art     : Explicit concurrent mark sweep GC freed 288(5KB) AllocSpace objects, 0(0B) LOS objects, 28% free, 39MB/55MB, paused 673us total 37.120ms
08-05 20:59:24.606  4787  4800 I art     : Starting a blocking GC Explicit
08-05 20:59:24.645  4787  4800 I art     : Explicit concurrent mark sweep GC freed 219(3KB) AllocSpace objects, 0(0B) LOS objects, 28% free, 39MB/55MB, paused 697us total 38.984ms
08-05 20:59:24.662  4787  4800 I art     : Starting a blocking GC Explicit
08-05 20:59:24.703  4787  4800 I art     : Explicit concurrent mark sweep GC freed 291(4KB) AllocSpace objects, 0(0B) LOS objects, 28% free, 39MB/55MB, paused 690us total 40.655ms
08-05 20:59:24.720  4787  4800 I art     : Starting a blocking GC Explicit
08-05 20:59:24.760  4787  4800 I art     : Explicit concurrent mark sweep GC freed 219(3KB) AllocSpace objects, 0(0B) LOS objects, 28% free, 39MB/55MB, paused 665us total 39.941ms
08-05 20:59:25.116  4787  5061 I art     : Starting a blocking GC Explicit
08-05 20:59:25.180  4787  5061 I art     : Explicit concurrent mark sweep GC freed 3227(112KB) AllocSpace objects, 2(40KB) LOS objects, 28% free, 39MB/55MB, paused 1.036ms total 62.815ms
08-05 20:59:25.200  4787  5061 I art     : Starting a blocking GC Explicit
08-05 20:59:25.236  4787  5061 I art     : Explicit concurrent mark sweep GC freed 309(5KB) AllocSpace objects, 0(0B) LOS objects, 28% free, 39MB/55MB, paused 730us total 35.847ms
08-05 20:59:25.252  4787  5061 I art     : Starting a blocking GC Explicit
08-05 20:59:25.288  4787  5061 I art     : Explicit concurrent mark sweep GC freed 221(3KB) AllocSpace objects, 0(0B) LOS objects, 28% free, 39MB/55MB, paused 723us total 35.799ms
08-05 20:59:25.305  4787  5061 I art     : Starting a blocking GC Explicit
08-05 20:59:25.343  4787  5061 I art     : Explicit concurrent mark sweep GC freed 217(3KB) AllocSpace objects, 0(0B) LOS objects, 28% free, 39MB/55MB, paused 751us total 37.454ms
08-05 20:59:25.352  5528  5528 D AndroidRuntime: >>>>>> START com.android.internal.os.RuntimeInit uid 2000 <<<<<<
08-05 20:59:25.358  5528  5528 D AndroidRuntime: CheckJNI is OFF
08-05 20:59:25.359  4787  5061 I art     : Starting a blocking GC Explicit
08-05 20:59:25.396  4787  5061 I art     : Explicit concurrent mark sweep GC freed 221(3KB) AllocSpace objects, 0(0B) LOS objects, 28% free, 39MB/55MB, paused 739us total 36.885ms
08-05 20:59:25.403  5528  5528 D ICU     : No timezone override file found: /data/misc/zoneinfo/current/icu/icu_tzdata.dat
08-05 20:59:25.449  5528  5528 I Radio-JNI: register_android_hardware_Radio DONE
08-05 20:59:25.478  5528  5528 D AndroidRuntime: Calling main entry com.android.commands.input.Input
08-05 20:59:25.480  5528  5528 I Input   : injectKeyEvent: KeyEvent { action=ACTION_DOWN, keyCode=KEYCODE_BACK, scanCode=0, metaState=0, flags=0x0, repeatCount=0, eventTime=824381893, downTime=824381893, deviceId=-1, source=0x101 }
08-05 20:59:25.488  5528  5528 I Input   : injectKeyEvent: KeyEvent { action=ACTION_UP, keyCode=KEYCODE_BACK, scanCode=0, metaState=0, flags=0x0, repeatCount=0, eventTime=824381893, downTime=824381893, deviceId=-1, source=0x101 }
08-05 20:59:25.494  5528  5528 D AndroidRuntime: Shutting down VM
08-05 20:59:25.536 13866 13866 I GoogleInputMethodServic: GoogleInputMethodService.onFinishInput():3138 
08-05 20:59:25.537 13866 13866 I GoogleInputMethodServic: GoogleInputMethodService.onStartInput():1808 
08-05 20:59:25.673 13866 13882 I PeriodicStatsRunner: PeriodicStatsRunner.call():175 call()
08-05 20:59:25.674 13866 13882 I PeriodicStatsRunner: PeriodicStatsRunner.call():179 No submit PeriodicStats since input started.
08-05 20:59:25.759  4787  4806 I art     : Starting a blocking GC Explicit
08-05 20:59:25.802  4787  4806 I art     : Explicit concurrent mark sweep GC freed 3202(114KB) AllocSpace objects, 2(40KB) LOS objects, 28% free, 39MB/55MB, paused 789us total 42.297ms
08-05 20:59:25.822  4787  4806 I art     : Starting a blocking GC Explicit
08-05 20:59:25.834   380   380 W SurfaceFlinger: couldn't log to binary event log: overflow.
08-05 20:59:25.858  4787  4806 I art     : Explicit concurrent mark sweep GC freed 1057(40KB) AllocSpace objects, 0(0B) LOS objects, 28% free, 39MB/55MB, paused 758us total 35.537ms
08-05 20:59:25.873  4787  4806 I art     : Starting a blocking GC Explicit
08-05 20:59:25.908  4787  4806 I art     : Explicit concurrent mark sweep GC freed 188(4KB) AllocSpace objects, 3(644KB) LOS objects, 29% free, 39MB/55MB, paused 708us total 34.020ms
08-05 20:59:25.923  4787  4806 I art     : Starting a blocking GC Explicit
08-05 20:59:25.957  4787  4806 I art     : Explicit concurrent mark sweep GC freed 5570(268KB) AllocSpace objects, 1(28KB) LOS objects, 29% free, 38MB/54MB, paused 685us total 33.449ms
08-05 20:59:25.973  4787  4806 I art     : Starting a blocking GC Explicit
08-05 20:59:26.008  4787  4806 I art     : Explicit concurrent mark sweep GC freed 147(2496B) AllocSpace objects, 0(0B) LOS objects, 29% free, 38MB/54MB, paused 777us total 34.724ms
08-05 20:59:26.374  4787  5061 I art     : Starting a blocking GC Explicit
08-05 20:59:26.408  4787  5061 I art     : Explicit concurrent mark sweep GC freed 2577(101KB) AllocSpace objects, 2(40KB) LOS objects, 29% free, 38MB/54MB, paused 853us total 33.420ms
08-05 20:59:26.424  4787  5061 I art     : Starting a blocking GC Explicit
08-05 20:59:26.456  4787  5061 I art     : Explicit concurrent mark sweep GC freed 166(3KB) AllocSpace objects, 0(0B) LOS objects, 29% free, 38MB/54MB, paused 653us total 31.963ms
08-05 20:59:26.472  4787  5061 I art     : Starting a blocking GC Explicit
08-05 20:59:26.505  4787  5061 I art     : Explicit concurrent mark sweep GC freed 147(2496B) AllocSpace objects, 0(0B) LOS objects, 29% free, 38MB/54MB, paused 683us total 33.252ms
08-05 20:59:26.522  4787  5061 I art     : Starting a blocking GC Explicit
08-05 20:59:26.555  4787  5061 I art     : Explicit concurrent mark sweep GC freed 147(2496B) AllocSpace objects, 0(0B) LOS objects, 29% free, 38MB/54MB, paused 665us total 33.017ms
08-05 20:59:26.571  4787  5061 I art     : Starting a blocking GC Explicit
08-05 20:59:26.605  4787  5061 I art     : Explicit concurrent mark sweep GC freed 147(2496B) AllocSpace objects, 0(0B) LOS objects, 29% free, 38MB/54MB, paused 718us total 33.825ms
08-05 20:59:26.956  4787  4800 I art     : Starting a blocking GC Explicit
08-05 20:59:26.993  4787  4800 I art     : Explicit concurrent mark sweep GC freed 2531(101KB) AllocSpace objects, 2(40KB) LOS objects, 29% free, 38MB/54MB, paused 693us total 35.664ms
08-05 20:59:27.010  4787  4800 I art     : Starting a blocking GC Explicit
08-05 20:59:27.044  4787  4800 I art     : Explicit concurrent mark sweep GC freed 166(3KB) AllocSpace objects, 0(0B) LOS objects, 29% free, 38MB/54MB, paused 692us total 32.978ms
08-05 20:59:27.060  4787  4800 I art     : Starting a blocking GC Explicit
08-05 20:59:27.093  4787  4800 I art     : Explicit concurrent mark sweep GC freed 147(2496B) AllocSpace objects, 0(0B) LOS objects, 29% free, 38MB/54MB, paused 677us total 32.754ms
08-05 20:59:27.109  4787  4800 I art     : Starting a blocking GC Explicit
08-05 20:59:27.143  4787  4800 I art     : Explicit concurrent mark sweep GC freed 147(2496B) AllocSpace objects, 0(0B) LOS objects, 29% free, 38MB/54MB, paused 698us total 33.615ms
08-05 20:59:27.160  4787  4800 I art     : Starting a blocking GC Explicit
08-05 20:59:27.196  4787  4800 I art     : Explicit concurrent mark sweep GC freed 148(2528B) AllocSpace objects, 0(0B) LOS objects, 29% free, 38MB/54MB, paused 705us total 35.154ms
08-05 20:59:27.272  5571  5571 D AndroidRuntime: >>>>>> START com.android.internal.os.RuntimeInit uid 2000 <<<<<<
08-05 20:59:27.278  5571  5571 D AndroidRuntime: CheckJNI is OFF
08-05 20:59:27.323  5571  5571 D ICU     : No timezone override file found: /data/misc/zoneinfo/current/icu/icu_tzdata.dat
08-05 20:59:27.367  5571  5571 I Radio-JNI: register_android_hardware_Radio DONE
08-05 20:59:27.396  5571  5571 D AndroidRuntime: Calling main entry com.android.commands.input.Input
08-05 20:59:27.398  5571  5571 I Input   : injectMotionEvent: MotionEvent { action=ACTION_DOWN, actionButton=0, id[0]=0, x[0]=693.0, y[0]=1450.0, toolType[0]=TOOL_TYPE_UNKNOWN, buttonState=0, metaState=0, flags=0x0, edgeFlags=0x0, pointerCount=1, historySize=0, eventTime=824383811, downTime=824383811, deviceId=0, source=0x1002 }
08-05 20:59:27.406  5571  5571 I Input   : injectMotionEvent: MotionEvent { action=ACTION_UP, actionButton=0, id[0]=0, x[0]=693.0, y[0]=1450.0, toolType[0]=TOOL_TYPE_UNKNOWN, buttonState=0, metaState=0, flags=0x0, edgeFlags=0x0, pointerCount=1, historySize=0, eventTime=824383811, downTime=824383811, deviceId=0, source=0x1002 }
08-05 20:59:27.407  5571  5571 D AndroidRuntime: Shutting down VM
08-05 20:59:27.407   918  6112 I ActivityManager: START u0 {cmp=baseline.io.github.project_travel_mate/.destinations.description.CityHistoryActivity} from uid 10674 on display 0
08-05 20:59:27.410   512  2967 D audio_hw_primary: out_set_parameters: enter: usecase(1: low-latency-playback) kvpairs: routing=2
08-05 20:59:27.423   512  2967 D audio_hw_primary: select_devices: out_snd_device(2: speaker) in_snd_device(0: none)
08-05 20:59:27.423   512  2967 D msm8974_platform: platform_send_audio_calibration: sending audio calibration for snd_device(2) acdb_id(15)
08-05 20:59:27.423   512  2967 I soundtrigger: audio_extn_sound_trigger_update_device_status: device 0x2 of type 0 for Event 1
08-05 20:59:27.438   512  2967 D audio_hw_primary: enable_snd_device: snd_device(2: speaker)
08-05 20:59:27.441   512  2967 D audio_hw_primary: enable_audio_route: apply and update mixer path: low-latency-playback speaker
08-05 20:59:27.448  4787  4853 D Gabe    : call	returning from cache
08-05 20:59:27.452  4787  4787 V EXECUTING: https://project-travel-mate.herokuapp.com/api/get-city-information/1
08-05 20:59:27.584  4787  5061 I art     : Starting a blocking GC Explicit
08-05 20:59:27.604 13866 13866 I GoogleInputMethodServic: GoogleInputMethodService.onFinishInput():3138 
08-05 20:59:27.605 13866 13866 I GoogleInputMethodServic: GoogleInputMethodService.onStartInput():1808 
08-05 20:59:27.605   918   936 I ActivityManager: Displayed baseline.io.github.project_travel_mate/.destinations.description.CityHistoryActivity: +183ms
08-05 20:59:27.618  4787  5061 I art     : Explicit concurrent mark sweep GC freed 3368(159KB) AllocSpace objects, 2(40KB) LOS objects, 26% free, 43MB/59MB, paused 1.164ms total 33.510ms
08-05 20:59:27.635  4787  5061 I art     : Starting a blocking GC Explicit
08-05 20:59:27.671  4787  5061 I art     : Explicit concurrent mark sweep GC freed 253(11KB) AllocSpace objects, 0(0B) LOS objects, 26% free, 43MB/59MB, paused 1.189ms total 35.173ms
08-05 20:59:27.688  4787  5061 I art     : Starting a blocking GC Explicit
08-05 20:59:27.721  4787  5061 I art     : Explicit concurrent mark sweep GC freed 207(3KB) AllocSpace objects, 0(0B) LOS objects, 26% free, 43MB/59MB, paused 835us total 32.934ms
08-05 20:59:27.735 13866 13882 I PeriodicStatsRunner: PeriodicStatsRunner.call():175 call()
08-05 20:59:27.735 13866 13882 I PeriodicStatsRunner: PeriodicStatsRunner.call():179 No submit PeriodicStats since input started.
08-05 20:59:27.737  4787  5061 I art     : Starting a blocking GC Explicit
08-05 20:59:27.769  4787  5061 I art     : Explicit concurrent mark sweep GC freed 178(3KB) AllocSpace objects, 0(0B) LOS objects, 26% free, 43MB/59MB, paused 798us total 31.519ms
08-05 20:59:27.785  4787  5061 I art     : Starting a blocking GC Explicit
08-05 20:59:27.822  4787  5061 I art     : Explicit concurrent mark sweep GC freed 277(4KB) AllocSpace objects, 0(0B) LOS objects, 26% free, 43MB/59MB, paused 780us total 37.135ms
08-05 20:59:27.852   380   380 W SurfaceFlinger: couldn't log to binary event log: overflow.
08-05 20:59:27.979   512  2967 D audio_hw_primary: disable_audio_route: reset and update mixer path: low-latency-playback speaker
08-05 20:59:27.980   512  2967 D audio_hw_primary: disable_snd_device: snd_device(2: speaker)
08-05 20:59:27.989   512  2967 I soundtrigger: audio_extn_sound_trigger_update_device_status: device 0x2 of type 0 for Event 0
08-05 20:59:28.047  4787  5605 I NAPPA_EXPERIMENTATION: MetricNetworkRequestExecutionTime: REQUEST_DURATION_SYSTEM='594',REQUEST_DURATION_OKHTTP='36',REQUEST_SYNCHRONOUS='FALSE',RESPONSE_CODE='200',RESPONSE_METHOD='GET',RESPONSE_LENGTH_OKHTTP='55024',RESPONSE_LENGTH_HEADER='55024',REQUEST_PROTOCOL='http/1.1',REQUEST_URL='https://project-travel-mate.herokuapp.com/api/get-city-information/1',
08-05 20:59:28.184  4787  4801 I art     : Starting a blocking GC Explicit
08-05 20:59:28.196 13866 13866 I GoogleInputMethodServic: GoogleInputMethodService.onFinishInput():3138 
08-05 20:59:28.197 13866 13866 I GoogleInputMethodServic: GoogleInputMethodService.onStartInput():1808 
08-05 20:59:28.220  4787  4801 I art     : Explicit concurrent mark sweep GC freed 6582(1457KB) AllocSpace objects, 24(920KB) LOS objects, 26% free, 43MB/59MB, paused 728us total 35.228ms
08-05 20:59:28.235  4787  4801 I art     : Starting a blocking GC Explicit
08-05 20:59:28.271  4787  4801 I art     : Explicit concurrent mark sweep GC freed 1223(122KB) AllocSpace objects, 1(4MB) LOS objects, 28% free, 39MB/55MB, paused 878us total 35.402ms
08-05 20:59:28.286  4787  4801 I art     : Starting a blocking GC Explicit
08-05 20:59:28.321  4787  4801 I art     : Explicit concurrent mark sweep GC freed 272(4KB) AllocSpace objects, 0(0B) LOS objects, 28% free, 39MB/55MB, paused 792us total 34.369ms
08-05 20:59:28.337  4787  4801 I art     : Starting a blocking GC Explicit
08-05 20:59:28.371  4787  4801 I art     : Explicit concurrent mark sweep GC freed 212(3KB) AllocSpace objects, 0(0B) LOS objects, 28% free, 39MB/55MB, paused 833us total 33.817ms
08-05 20:59:28.371  4787  4799 I art     : WaitForGcToComplete blocked for 32.582ms for cause HeapTrim
08-05 20:59:28.388  4787  4801 I art     : Starting a blocking GC Explicit
08-05 20:59:28.423  4787  4801 I art     : Explicit concurrent mark sweep GC freed 241(3KB) AllocSpace objects, 0(0B) LOS objects, 28% free, 39MB/55MB, paused 710us total 35.570ms
08-05 20:59:28.787  4787  5061 I art     : Starting a blocking GC Explicit
08-05 20:59:28.825  4787  5061 I art     : Explicit concurrent mark sweep GC freed 3167(111KB) AllocSpace objects, 2(40KB) LOS objects, 28% free, 39MB/55MB, paused 721us total 37.999ms
08-05 20:59:28.841  4787  5061 I art     : Starting a blocking GC Explicit
08-05 20:59:28.878  4787  5061 I art     : Explicit concurrent mark sweep GC freed 254(5KB) AllocSpace objects, 0(0B) LOS objects, 28% free, 39MB/55MB, paused 711us total 35.902ms
08-05 20:59:28.894  4787  5061 I art     : Starting a blocking GC Explicit
08-05 20:59:28.932  4787  5061 I art     : Explicit concurrent mark sweep GC freed 219(3KB) AllocSpace objects, 0(0B) LOS objects, 28% free, 39MB/55MB, paused 731us total 37.526ms
08-05 20:59:28.949  4787  5061 I art     : Starting a blocking GC Explicit
08-05 20:59:28.987  4787  5061 I art     : Explicit concurrent mark sweep GC freed 220(3KB) AllocSpace objects, 0(0B) LOS objects, 28% free, 39MB/55MB, paused 930us total 37.586ms
08-05 20:59:29.004  4787  5061 I art     : Starting a blocking GC Explicit
08-05 20:59:29.041  4787  5061 I art     : Explicit concurrent mark sweep GC freed 289(4KB) AllocSpace objects, 0(0B) LOS objects, 28% free, 39MB/55MB, paused 724us total 37.372ms
08-05 20:59:29.451  4787  4806 I art     : Starting a blocking GC Explicit
08-05 20:59:29.492  4787  4806 I art     : Explicit concurrent mark sweep GC freed 3401(115KB) AllocSpace objects, 2(40KB) LOS objects, 28% free, 39MB/55MB, paused 749us total 40.855ms
08-05 20:59:29.512  4787  4806 I art     : Starting a blocking GC Explicit
08-05 20:59:29.551  4787  4806 I art     : Explicit concurrent mark sweep GC freed 239(4KB) AllocSpace objects, 0(0B) LOS objects, 28% free, 39MB/55MB, paused 728us total 38.839ms
08-05 20:59:29.568  4787  4806 I art     : Starting a blocking GC Explicit
08-05 20:59:29.606  4787  4806 I art     : Explicit concurrent mark sweep GC freed 255(4KB) AllocSpace objects, 0(0B) LOS objects, 28% free, 39MB/55MB, paused 866us total 37.872ms
08-05 20:59:29.623  4787  4806 I art     : Starting a blocking GC Explicit
08-05 20:59:29.662  4787  4806 I art     : Explicit concurrent mark sweep GC freed 255(4KB) AllocSpace objects, 0(0B) LOS objects, 28% free, 39MB/55MB, paused 736us total 38.714ms
08-05 20:59:29.678  4787  4806 I art     : Starting a blocking GC Explicit
08-05 20:59:29.718  4787  4806 I art     : Explicit concurrent mark sweep GC freed 219(3KB) AllocSpace objects, 0(0B) LOS objects, 28% free, 39MB/55MB, paused 751us total 39.386ms
08-05 20:59:30.124  4787  4801 I art     : Starting a blocking GC Explicit
08-05 20:59:30.166  4787  4801 I art     : Explicit concurrent mark sweep GC freed 3371(114KB) AllocSpace objects, 2(40KB) LOS objects, 28% free, 39MB/55MB, paused 753us total 41.775ms
08-05 20:59:30.183  4787  4801 I art     : Starting a blocking GC Explicit
08-05 20:59:30.223  4787  4801 I art     : Explicit concurrent mark sweep GC freed 266(4KB) AllocSpace objects, 0(0B) LOS objects, 28% free, 39MB/55MB, paused 854us total 39.703ms
08-05 20:59:30.240  4787  4801 I art     : Starting a blocking GC Explicit
08-05 20:59:30.280  4787  4801 I art     : Explicit concurrent mark sweep GC freed 264(4KB) AllocSpace objects, 0(0B) LOS objects, 28% free, 39MB/55MB, paused 756us total 39.566ms
08-05 20:59:30.296  4787  4801 I art     : Starting a blocking GC Explicit
08-05 20:59:30.333  4787  4801 I art     : Explicit concurrent mark sweep GC freed 219(3KB) AllocSpace objects, 0(0B) LOS objects, 28% free, 39MB/55MB, paused 671us total 36.087ms
08-05 20:59:30.350  4787  4801 I art     : Starting a blocking GC Explicit
08-05 20:59:30.384  4787  4801 I art     : Explicit concurrent mark sweep GC freed 219(3KB) AllocSpace objects, 0(0B) LOS objects, 28% free, 39MB/55MB, paused 730us total 34.382ms
08-05 20:59:30.537 13866 13882 I PeriodicStatsRunner: PeriodicStatsRunner.call():175 call()
08-05 20:59:30.538 13866 13882 I PeriodicStatsRunner: PeriodicStatsRunner.call():179 No submit PeriodicStats since input started.
08-05 20:59:30.763  4787  5061 I art     : Starting a blocking GC Explicit
08-05 20:59:30.801  4787  5061 I art     : Explicit concurrent mark sweep GC freed 3228(112KB) AllocSpace objects, 2(40KB) LOS objects, 28% free, 39MB/55MB, paused 717us total 38.016ms
08-05 20:59:30.821  4787  5061 I art     : Starting a blocking GC Explicit
08-05 20:59:30.858  4787  5061 I art     : Explicit concurrent mark sweep GC freed 246(4KB) AllocSpace objects, 0(0B) LOS objects, 28% free, 39MB/55MB, paused 772us total 36.331ms
08-05 20:59:30.874  4787  5061 I art     : Starting a blocking GC Explicit
08-05 20:59:30.912  4787  5061 I art     : Explicit concurrent mark sweep GC freed 279(4KB) AllocSpace objects, 0(0B) LOS objects, 28% free, 39MB/55MB, paused 846us total 38.044ms
08-05 20:59:30.929  4787  5061 I art     : Starting a blocking GC Explicit
08-05 20:59:30.967  4787  5061 I art     : Explicit concurrent mark sweep GC freed 223(3KB) AllocSpace objects, 0(0B) LOS objects, 28% free, 39MB/55MB, paused 792us total 37.951ms
08-05 20:59:30.984  4787  5061 I art     : Starting a blocking GC Explicit
08-05 20:59:31.022  4787  5061 I art     : Explicit concurrent mark sweep GC freed 219(3KB) AllocSpace objects, 0(0B) LOS objects, 28% free, 39MB/55MB, paused 750us total 37.951ms
08-05 20:59:31.190   918  3261 D WifiStateMachine: starting scan for "H369AA63323"WPA_PSK with 2412,5180
08-05 20:59:31.421  4787  4800 I art     : Starting a blocking GC Explicit
08-05 20:59:31.462  4787  4800 I art     : Explicit concurrent mark sweep GC freed 3335(114KB) AllocSpace objects, 2(40KB) LOS objects, 28% free, 39MB/55MB, paused 865us total 40.464ms
08-05 20:59:31.481  4787  4800 I art     : Starting a blocking GC Explicit
08-05 20:59:31.518  4787  4800 I art     : Explicit concurrent mark sweep GC freed 275(4KB) AllocSpace objects, 0(0B) LOS objects, 28% free, 39MB/55MB, paused 740us total 37.010ms
08-05 20:59:31.535  4787  4800 I art     : Starting a blocking GC Explicit
08-05 20:59:31.572  4787  4800 I art     : Explicit concurrent mark sweep GC freed 219(3KB) AllocSpace objects, 0(0B) LOS objects, 28% free, 39MB/55MB, paused 700us total 36.874ms
08-05 20:59:31.589  4787  4800 I art     : Starting a blocking GC Explicit
08-05 20:59:31.626  4787  4800 I art     : Explicit concurrent mark sweep GC freed 248(4KB) AllocSpace objects, 0(0B) LOS objects, 28% free, 39MB/55MB, paused 856us total 37.297ms
08-05 20:59:31.643  4787  4800 I art     : Starting a blocking GC Explicit
08-05 20:59:31.679  4787  4800 I art     : Explicit concurrent mark sweep GC freed 261(4KB) AllocSpace objects, 0(0B) LOS objects, 28% free, 39MB/55MB, paused 701us total 36.230ms
08-05 20:59:32.038  4787  4806 I art     : Starting a blocking GC Explicit
08-05 20:59:32.079  4787  4806 I art     : Explicit concurrent mark sweep GC freed 3159(111KB) AllocSpace objects, 2(40KB) LOS objects, 28% free, 39MB/55MB, paused 881us total 40.912ms
08-05 20:59:32.097  4787  4806 I art     : Starting a blocking GC Explicit
08-05 20:59:32.134  4787  4806 I art     : Explicit concurrent mark sweep GC freed 257(4KB) AllocSpace objects, 0(0B) LOS objects, 28% free, 39MB/55MB, paused 706us total 36.867ms
08-05 20:59:32.151  4787  4806 I art     : Starting a blocking GC Explicit
08-05 20:59:32.168 32448 32448 I ServiceManager: Waiting for service AtCmdFwd...
08-05 20:59:32.186  4787  4806 I art     : Explicit concurrent mark sweep GC freed 219(3KB) AllocSpace objects, 0(0B) LOS objects, 28% free, 39MB/55MB, paused 702us total 34.924ms
08-05 20:59:32.195  5670  5670 D AndroidRuntime: >>>>>> START com.android.internal.os.RuntimeInit uid 2000 <<<<<<
08-05 20:59:32.201  5670  5670 D AndroidRuntime: CheckJNI is OFF
08-05 20:59:32.202  4787  4806 I art     : Starting a blocking GC Explicit
08-05 20:59:32.236  4787  4806 I art     : Explicit concurrent mark sweep GC freed 219(3KB) AllocSpace objects, 0(0B) LOS objects, 28% free, 39MB/55MB, paused 729us total 33.717ms
08-05 20:59:32.242  5670  5670 D ICU     : No timezone override file found: /data/misc/zoneinfo/current/icu/icu_tzdata.dat
08-05 20:59:32.252  4787  4806 I art     : Starting a blocking GC Explicit
08-05 20:59:32.285  4787  4806 I art     : Explicit concurrent mark sweep GC freed 219(3KB) AllocSpace objects, 0(0B) LOS objects, 28% free, 39MB/55MB, paused 772us total 33.484ms
08-05 20:59:32.286  5670  5670 I Radio-JNI: register_android_hardware_Radio DONE
08-05 20:59:32.315  5670  5670 D AndroidRuntime: Calling main entry com.android.commands.input.Input
08-05 20:59:32.316  5670  5670 I Input   : injectKeyEvent: KeyEvent { action=ACTION_DOWN, keyCode=KEYCODE_BACK, scanCode=0, metaState=0, flags=0x0, repeatCount=0, eventTime=824388729, downTime=824388729, deviceId=-1, source=0x101 }
08-05 20:59:32.322  5670  5670 I Input   : injectKeyEvent: KeyEvent { action=ACTION_UP, keyCode=KEYCODE_BACK, scanCode=0, metaState=0, flags=0x0, repeatCount=0, eventTime=824388729, downTime=824388729, deviceId=-1, source=0x101 }
08-05 20:59:32.330  5670  5670 D AndroidRuntime: Shutting down VM
08-05 20:59:32.365 13866 13866 I GoogleInputMethodServic: GoogleInputMethodService.onFinishInput():3138 
08-05 20:59:32.365 13866 13866 I GoogleInputMethodServic: GoogleInputMethodService.onStartInput():1808 
08-05 20:59:32.605 13866 13882 I PeriodicStatsRunner: PeriodicStatsRunner.call():175 call()
08-05 20:59:32.605 13866 13882 I PeriodicStatsRunner: PeriodicStatsRunner.call():179 No submit PeriodicStats since input started.
08-05 20:59:32.632  4787  4801 I art     : Starting a blocking GC Explicit
08-05 20:59:32.666  4787  4801 I art     : Explicit concurrent mark sweep GC freed 3185(114KB) AllocSpace objects, 2(40KB) LOS objects, 28% free, 39MB/55MB, paused 665us total 33.475ms
08-05 20:59:32.674   380   380 W SurfaceFlinger: couldn't log to binary event log: overflow.
08-05 20:59:32.683  4787  4801 I art     : Starting a blocking GC Explicit
08-05 20:59:32.717  4787  4801 I art     : Explicit concurrent mark sweep GC freed 219(4KB) AllocSpace objects, 1(188KB) LOS objects, 28% free, 39MB/55MB, paused 716us total 34.350ms
08-05 20:59:32.733  4787  4801 I art     : Starting a blocking GC Explicit
08-05 20:59:32.766  4787  4801 I art     : Explicit concurrent mark sweep GC freed 4823(340KB) AllocSpace objects, 7(132KB) LOS objects, 29% free, 38MB/54MB, paused 714us total 33.004ms
08-05 20:59:32.782  4787  4801 I art     : Starting a blocking GC Explicit
08-05 20:59:32.817  4787  4801 I art     : Explicit concurrent mark sweep GC freed 147(2496B) AllocSpace objects, 0(0B) LOS objects, 29% free, 38MB/54MB, paused 792us total 34.928ms
08-05 20:59:32.833  4787  4801 I art     : Starting a blocking GC Explicit
08-05 20:59:32.869  4787  4801 I art     : Explicit concurrent mark sweep GC freed 147(2496B) AllocSpace objects, 0(0B) LOS objects, 29% free, 38MB/54MB, paused 726us total 35.422ms
08-05 20:59:33.169 32448 32448 I ServiceManager: Waiting for service AtCmdFwd...
08-05 20:59:33.197 13866 13882 I PeriodicStatsRunner: PeriodicStatsRunner.call():175 call()
08-05 20:59:33.197 13866 13882 I PeriodicStatsRunner: PeriodicStatsRunner.call():179 No submit PeriodicStats since input started.
08-05 20:59:33.237  4787  4800 I art     : Starting a blocking GC Explicit
08-05 20:59:33.273  4787  4800 I art     : Explicit concurrent mark sweep GC freed 2579(101KB) AllocSpace objects, 2(40KB) LOS objects, 29% free, 38MB/54MB, paused 708us total 35.975ms
08-05 20:59:33.289  4787  4800 I art     : Starting a blocking GC Explicit
08-05 20:59:33.324  4787  4800 I art     : Explicit concurrent mark sweep GC freed 167(3KB) AllocSpace objects, 0(0B) LOS objects, 29% free, 38MB/54MB, paused 752us total 34.592ms
08-05 20:59:33.340  4787  4800 I art     : Starting a blocking GC Explicit
08-05 20:59:33.377  4787  4800 I art     : Explicit concurrent mark sweep GC freed 193(3KB) AllocSpace objects, 0(0B) LOS objects, 29% free, 38MB/54MB, paused 761us total 36.021ms
08-05 20:59:33.394  4787  4800 I art     : Starting a blocking GC Explicit
08-05 20:59:33.428  4787  4800 I art     : Explicit concurrent mark sweep GC freed 149(2560B) AllocSpace objects, 0(0B) LOS objects, 29% free, 38MB/54MB, paused 698us total 34.176ms
08-05 20:59:33.444  4787  4800 I art     : Starting a blocking GC Explicit
08-05 20:59:33.480  4787  4800 I art     : Explicit concurrent mark sweep GC freed 147(2496B) AllocSpace objects, 0(0B) LOS objects, 29% free, 38MB/54MB, paused 702us total 35.645ms
08-05 20:59:33.834  4787  5061 I art     : Starting a blocking GC Explicit
08-05 20:59:33.870  4787  5061 I art     : Explicit concurrent mark sweep GC freed 2531(101KB) AllocSpace objects, 2(40KB) LOS objects, 29% free, 38MB/54MB, paused 731us total 35.364ms
08-05 20:59:33.886  4787  5061 I art     : Starting a blocking GC Explicit
08-05 20:59:33.920  4787  5061 I art     : Explicit concurrent mark sweep GC freed 166(3KB) AllocSpace objects, 0(0B) LOS objects, 29% free, 38MB/54MB, paused 763us total 33.656ms
08-05 20:59:33.936  4787  5061 I art     : Starting a blocking GC Explicit
08-05 20:59:33.970  4787  5061 I art     : Explicit concurrent mark sweep GC freed 147(2496B) AllocSpace objects, 0(0B) LOS objects, 29% free, 38MB/54MB, paused 730us total 33.595ms
08-05 20:59:33.986  4787  5061 I art     : Starting a blocking GC Explicit
08-05 20:59:34.023  4787  5061 I art     : Explicit concurrent mark sweep GC freed 147(2496B) AllocSpace objects, 0(0B) LOS objects, 29% free, 38MB/54MB, paused 731us total 36.227ms
08-05 20:59:34.039  4787  5061 I art     : Starting a blocking GC Explicit
08-05 20:59:34.075  4787  5061 I art     : Explicit concurrent mark sweep GC freed 147(2496B) AllocSpace objects, 0(0B) LOS objects, 29% free, 38MB/54MB, paused 711us total 35.453ms
08-05 20:59:34.117  5713  5713 D AndroidRuntime: >>>>>> START com.android.internal.os.RuntimeInit uid 2000 <<<<<<
08-05 20:59:34.123  5713  5713 D AndroidRuntime: CheckJNI is OFF
08-05 20:59:34.168  5713  5713 D ICU     : No timezone override file found: /data/misc/zoneinfo/current/icu/icu_tzdata.dat
08-05 20:59:34.170 32448 32448 I ServiceManager: Waiting for service AtCmdFwd...
08-05 20:59:34.214  5713  5713 I Radio-JNI: register_android_hardware_Radio DONE
08-05 20:59:34.242  5713  5713 D AndroidRuntime: Calling main entry com.android.commands.input.Input
08-05 20:59:34.244  5713  5713 I Input   : injectKeyEvent: KeyEvent { action=ACTION_DOWN, keyCode=KEYCODE_BACK, scanCode=0, metaState=0, flags=0x0, repeatCount=0, eventTime=824390657, downTime=824390657, deviceId=-1, source=0x101 }
08-05 20:59:34.249  5713  5713 I Input   : injectKeyEvent: KeyEvent { action=ACTION_UP, keyCode=KEYCODE_BACK, scanCode=0, metaState=0, flags=0x0, repeatCount=0, eventTime=824390657, downTime=824390657, deviceId=-1, source=0x101 }
08-05 20:59:34.255  5713  5713 D AndroidRuntime: Shutting down VM
08-05 20:59:34.266  4787  4787 V MainActivity: url = https://project-travel-mate.herokuapp.com/api/number-of-unread-notifications
08-05 20:59:34.323 13866 13866 I GoogleInputMethodServic: GoogleInputMethodService.onFinishInput():3138 
08-05 20:59:34.324 13866 13866 I GoogleInputMethodServic: GoogleInputMethodService.onStartInput():1808 
08-05 20:59:34.452  4787  4801 I art     : Starting a blocking GC Explicit
08-05 20:59:34.494  4787  4801 I art     : Explicit concurrent mark sweep GC freed 3162(127KB) AllocSpace objects, 2(40KB) LOS objects, 29% free, 38MB/54MB, paused 891us total 41.646ms
08-05 20:59:34.515  4787  4801 I art     : Starting a blocking GC Explicit
08-05 20:59:34.557  4787  4801 I art     : Explicit concurrent mark sweep GC freed 267(6KB) AllocSpace objects, 0(0B) LOS objects, 29% free, 38MB/54MB, paused 781us total 41.108ms
08-05 20:59:34.577  4787  4801 I art     : Starting a blocking GC Explicit
08-05 20:59:34.609  4787  4801 I art     : Explicit concurrent mark sweep GC freed 164(3KB) AllocSpace objects, 0(0B) LOS objects, 29% free, 38MB/54MB, paused 711us total 31.589ms
08-05 20:59:34.624  4787  4801 I art     : Starting a blocking GC Explicit
08-05 20:59:34.658  4787  4801 I art     : Explicit concurrent mark sweep GC freed 82(1600B) AllocSpace objects, 0(0B) LOS objects, 29% free, 38MB/54MB, paused 829us total 33.669ms
08-05 20:59:34.674  4787  4801 I art     : Starting a blocking GC Explicit
08-05 20:59:34.710  4787  4801 I art     : Explicit concurrent mark sweep GC freed 208(8KB) AllocSpace objects, 0(0B) LOS objects, 29% free, 38MB/54MB, paused 1.009ms total 35.829ms
08-05 20:59:34.789  4787  5742 I NAPPA_EXPERIMENTATION: MetricNetworkRequestExecutionTime: REQUEST_DURATION_SYSTEM='522',REQUEST_DURATION_OKHTTP='38',REQUEST_SYNCHRONOUS='FALSE',RESPONSE_CODE='200',RESPONSE_METHOD='GET',RESPONSE_LENGTH_OKHTTP='36',RESPONSE_LENGTH_HEADER='36',REQUEST_PROTOCOL='http/1.1',REQUEST_URL='https://project-travel-mate.herokuapp.com/api/number-of-unread-notifications',
08-05 20:59:35.080  4787  5061 I art     : Starting a blocking GC Explicit
08-05 20:59:35.120  4787  5061 I art     : Explicit concurrent mark sweep GC freed 4837(241KB) AllocSpace objects, 5(240KB) LOS objects, 29% free, 39MB/55MB, paused 833us total 39.524ms
08-05 20:59:35.138  4787  5061 I art     : Starting a blocking GC Explicit
08-05 20:59:35.170 32448 32448 I ServiceManager: Waiting for service AtCmdFwd...
08-05 20:59:35.173  4787  5061 I art     : Explicit concurrent mark sweep GC freed 1038(118KB) AllocSpace objects, 0(0B) LOS objects, 29% free, 39MB/55MB, paused 749us total 34.585ms
08-05 20:59:35.189  4787  5061 I art     : Starting a blocking GC Explicit
08-05 20:59:35.224  4787  5061 I art     : Explicit concurrent mark sweep GC freed 75(1296B) AllocSpace objects, 0(0B) LOS objects, 29% free, 39MB/55MB, paused 780us total 34.918ms
08-05 20:59:35.240  4787  5061 I art     : Starting a blocking GC Explicit
08-05 20:59:35.275  4787  5061 I art     : Explicit concurrent mark sweep GC freed 75(1296B) AllocSpace objects, 0(0B) LOS objects, 29% free, 39MB/55MB, paused 760us total 34.556ms
08-05 20:59:35.291  4787  5061 I art     : Starting a blocking GC Explicit
08-05 20:59:35.327  4787  5061 I art     : Explicit concurrent mark sweep GC freed 76(1312B) AllocSpace objects, 0(0B) LOS objects, 29% free, 39MB/55MB, paused 884us total 35.666ms
08-05 20:59:35.686  4787  4806 I art     : Starting a blocking GC Explicit
08-05 20:59:35.722  4787  4806 I art     : Explicit concurrent mark sweep GC freed 2002(92KB) AllocSpace objects, 2(40KB) LOS objects, 29% free, 39MB/55MB, paused 764us total 35.818ms
08-05 20:59:35.738  4787  4806 I art     : Starting a blocking GC Explicit
08-05 20:59:35.773  4787  4806 I art     : Explicit concurrent mark sweep GC freed 94(1984B) AllocSpace objects, 0(0B) LOS objects, 29% free, 39MB/55MB, paused 814us total 34.704ms
08-05 20:59:35.789  4787  4806 I art     : Starting a blocking GC Explicit
08-05 20:59:35.826  4787  4806 I art     : Explicit concurrent mark sweep GC freed 75(1296B) AllocSpace objects, 0(0B) LOS objects, 29% free, 39MB/55MB, paused 800us total 36.619ms
08-05 20:59:35.842  4787  4806 I art     : Starting a blocking GC Explicit
08-05 20:59:35.881  4787  4806 I art     : Explicit concurrent mark sweep GC freed 94(1600B) AllocSpace objects, 0(0B) LOS objects, 29% free, 39MB/55MB, paused 934us total 38.641ms
08-05 20:59:35.898  4787  4806 I art     : Starting a blocking GC Explicit
08-05 20:59:35.941  4787  4806 I art     : Explicit concurrent mark sweep GC freed 88(1648B) AllocSpace objects, 0(0B) LOS objects, 29% free, 39MB/55MB, paused 855us total 42.347ms
08-05 20:59:36.038  5760  5760 D AndroidRuntime: >>>>>> START com.android.internal.os.RuntimeInit uid 2000 <<<<<<
08-05 20:59:36.044  5760  5760 D AndroidRuntime: CheckJNI is OFF
08-05 20:59:36.087  5760  5760 D ICU     : No timezone override file found: /data/misc/zoneinfo/current/icu/icu_tzdata.dat
08-05 20:59:36.130  5760  5760 I Radio-JNI: register_android_hardware_Radio DONE
08-05 20:59:36.159  5760  5760 D AndroidRuntime: Calling main entry com.android.commands.input.Input
08-05 20:59:36.161  5760  5760 I Input   : injectMotionEvent: MotionEvent { action=ACTION_DOWN, actionButton=0, id[0]=0, x[0]=346.0, y[0]=709.0, toolType[0]=TOOL_TYPE_UNKNOWN, buttonState=0, metaState=0, flags=0x0, edgeFlags=0x0, pointerCount=1, historySize=0, eventTime=824392573, downTime=824392573, deviceId=0, source=0x1002 }
08-05 20:59:36.165  5760  5760 I Input   : injectMotionEvent: MotionEvent { action=ACTION_UP, actionButton=0, id[0]=0, x[0]=346.0, y[0]=709.0, toolType[0]=TOOL_TYPE_UNKNOWN, buttonState=0, metaState=0, flags=0x0, edgeFlags=0x0, pointerCount=1, historySize=0, eventTime=824392573, downTime=824392573, deviceId=0, source=0x1002 }
08-05 20:59:36.170 32448 32448 I ServiceManager: Waiting for service AtCmdFwd...
08-05 20:59:36.174   918  3359 I ActivityManager: START u0 {cmp=baseline.io.github.project_travel_mate/.destinations.description.FinalCityInfoActivity (has extras)} from uid 10674 on display 0
08-05 20:59:36.182  5760  5760 D AndroidRuntime: Shutting down VM
08-05 20:59:36.203  4787  4853 D Gabe    : call	returning from cache
08-05 20:59:36.231  4787  4787 V EXECUTING: https://project-travel-mate.herokuapp.com/api/get-city-weather/1
08-05 20:59:36.332  4787  4800 I art     : Starting a blocking GC Explicit
08-05 20:59:36.369  4787  4800 I art     : Explicit concurrent mark sweep GC freed 7268(452KB) AllocSpace objects, 2(40KB) LOS objects, 26% free, 43MB/59MB, paused 980us total 36.074ms
08-05 20:59:36.382   918   936 I ActivityManager: Displayed baseline.io.github.project_travel_mate/.destinations.description.FinalCityInfoActivity: +200ms
08-05 20:59:36.383 13866 13866 I GoogleInputMethodServic: GoogleInputMethodService.onFinishInput():3138 
08-05 20:59:36.383 13866 13866 I GoogleInputMethodServic: GoogleInputMethodService.onStartInput():1808 
08-05 20:59:36.384  4787  4800 I art     : Starting a blocking GC Explicit
08-05 20:59:36.420  4787  4800 I art     : Explicit concurrent mark sweep GC freed 589(24KB) AllocSpace objects, 0(0B) LOS objects, 26% free, 43MB/59MB, paused 1.211ms total 35.278ms
08-05 20:59:36.436  4787  4800 I art     : Starting a blocking GC Explicit
08-05 20:59:36.472  4787  4800 I art     : Explicit concurrent mark sweep GC freed 74(1312B) AllocSpace objects, 0(0B) LOS objects, 26% free, 43MB/59MB, paused 1.006ms total 36.096ms
08-05 20:59:36.490  4787  4800 I art     : Starting a blocking GC Explicit
08-05 20:59:36.528  4787  4800 I art     : Explicit concurrent mark sweep GC freed 49(864B) AllocSpace objects, 0(0B) LOS objects, 26% free, 43MB/59MB, paused 1.350ms total 37.336ms
08-05 20:59:36.547  4787  4800 I art     : Starting a blocking GC Explicit
08-05 20:59:36.581  4787  4800 I art     : Explicit concurrent mark sweep GC freed 197(3KB) AllocSpace objects, 0(0B) LOS objects, 26% free, 43MB/59MB, paused 846us total 33.649ms
08-05 20:59:36.644   380   380 W SurfaceFlinger: couldn't log to binary event log: overflow.
08-05 20:59:36.749  4787  5793 I NAPPA_EXPERIMENTATION: MetricNetworkRequestExecutionTime: REQUEST_DURATION_SYSTEM='516',REQUEST_DURATION_OKHTTP='45',REQUEST_SYNCHRONOUS='FALSE',RESPONSE_CODE='200',RESPONSE_METHOD='GET',RESPONSE_LENGTH_OKHTTP='530',RESPONSE_LENGTH_HEADER='530',REQUEST_PROTOCOL='http/1.1',REQUEST_URL='https://project-travel-mate.herokuapp.com/api/get-city/1',
08-05 20:59:36.782  4787  5792 I NAPPA_EXPERIMENTATION: MetricNetworkRequestExecutionTime: REQUEST_DURATION_SYSTEM='551',REQUEST_DURATION_OKHTTP='79',REQUEST_SYNCHRONOUS='FALSE',RESPONSE_CODE='200',RESPONSE_METHOD='GET',RESPONSE_LENGTH_OKHTTP='238',RESPONSE_LENGTH_HEADER='238',REQUEST_PROTOCOL='http/1.1',REQUEST_URL='https://project-travel-mate.herokuapp.com/api/get-city-weather/1',
08-05 20:59:36.788  4787  5793 V Response: {"id":1,"city_name":"Delhi","description":"Delhi, officially the National Capital Territory of Delhi, is the Capital territory of India. During the British Raj, Delhi was part of the province of Punjab and is still historically and culturally connected to the Punjab region.","latitude":"28.613900","longitude":"77.209000","facts_count":6,"images":["https://upload.wikimedia.org/wikipedia/commons/9/94/%E0%B4%96%E0%B5%81%E0%B4%A4%E0%B5%8D%E0%B4%AC%E0%B5%8D_%E0%B4%AE%E0%B4%BF%E0%B4%A8%E0%B4%BE%E0%B5%BC1.jpg"],"has_visited":false}
08-05 20:59:36.931  4787  4801 I art     : Starting a blocking GC Explicit
08-05 20:59:36.969  4787  4801 I art     : Explicit concurrent mark sweep GC freed 8973(468KB) AllocSpace objects, 5(240KB) LOS objects, 26% free, 44MB/60MB, paused 1.381ms total 37.861ms
08-05 20:59:36.985  4787  4801 I art     : Starting a blocking GC Explicit
08-05 20:59:37.020  4787  4801 I art     : Explicit concurrent mark sweep GC freed 1241(124KB) AllocSpace objects, 1(4MB) LOS objects, 28% free, 39MB/55MB, paused 759us total 34.754ms
08-05 20:59:37.036  4787  4801 I art     : Starting a blocking GC Explicit
08-05 20:59:37.074  4787  4801 I art     : Explicit concurrent mark sweep GC freed 171(3KB) AllocSpace objects, 0(0B) LOS objects, 28% free, 39MB/55MB, paused 809us total 37.541ms
08-05 20:59:37.091  4787  4801 I art     : Starting a blocking GC Explicit
08-05 20:59:37.130  4787  4801 I art     : Explicit concurrent mark sweep GC freed 168(2832B) AllocSpace objects, 0(0B) LOS objects, 28% free, 39MB/55MB, paused 1.052ms total 39.072ms
08-05 20:59:37.148  4787  4801 I art     : Starting a blocking GC Explicit
08-05 20:59:37.171 32448 32448 W Atfwd_Sendcmd: AtCmdFwd service not published, waiting... retryCnt : 1
08-05 20:59:37.188  4787  4801 I art     : Explicit concurrent mark sweep GC freed 174(2960B) AllocSpace objects, 0(0B) LOS objects, 28% free, 39MB/55MB, paused 789us total 39.920ms
08-05 20:59:37.366 13866 13882 I PeriodicStatsRunner: PeriodicStatsRunner.call():175 call()
08-05 20:59:37.367 13866 13882 I PeriodicStatsRunner: PeriodicStatsRunner.call():179 No submit PeriodicStats since input started.
08-05 20:59:37.559  4787  5061 I art     : Starting a blocking GC Explicit
08-05 20:59:37.602  4787  5061 I art     : Explicit concurrent mark sweep GC freed 2650(103KB) AllocSpace objects, 2(40KB) LOS objects, 28% free, 39MB/55MB, paused 889us total 42.291ms
08-05 20:59:37.619  4787  5061 I art     : Starting a blocking GC Explicit
08-05 20:59:37.658  4787  5061 I art     : Explicit concurrent mark sweep GC freed 176(3KB) AllocSpace objects, 0(0B) LOS objects, 28% free, 39MB/55MB, paused 877us total 39.239ms
08-05 20:59:37.675  4787  5061 I art     : Starting a blocking GC Explicit
08-05 20:59:37.715  4787  5061 I art     : Explicit concurrent mark sweep GC freed 194(3KB) AllocSpace objects, 0(0B) LOS objects, 28% free, 39MB/55MB, paused 829us total 39.924ms
08-05 20:59:37.732  4787  5061 I art     : Starting a blocking GC Explicit
08-05 20:59:37.773  4787  5061 I art     : Explicit concurrent mark sweep GC freed 160(3KB) AllocSpace objects, 0(0B) LOS objects, 28% free, 39MB/55MB, paused 833us total 40.325ms
08-05 20:59:37.790  4787  5061 I art     : Starting a blocking GC Explicit
08-05 20:59:37.830  4787  5061 I art     : Explicit concurrent mark sweep GC freed 159(3KB) AllocSpace objects, 0(0B) LOS objects, 28% free, 39MB/55MB, paused 1.074ms total 40.095ms
08-05 20:59:38.235  4787  4806 I art     : Starting a blocking GC Explicit
08-05 20:59:38.278  4787  4806 I art     : Explicit concurrent mark sweep GC freed 2721(104KB) AllocSpace objects, 2(40KB) LOS objects, 28% free, 39MB/55MB, paused 964us total 43.096ms
08-05 20:59:38.298  4787  4806 I art     : Starting a blocking GC Explicit
08-05 20:59:38.339  4787  4806 I art     : Explicit concurrent mark sweep GC freed 214(3KB) AllocSpace objects, 0(0B) LOS objects, 28% free, 39MB/55MB, paused 846us total 40.834ms
08-05 20:59:38.356  4787  4806 I art     : Starting a blocking GC Explicit
08-05 20:59:38.396  4787  4806 I art     : Explicit concurrent mark sweep GC freed 147(2496B) AllocSpace objects, 0(0B) LOS objects, 28% free, 39MB/55MB, paused 760us total 39.812ms
08-05 20:59:38.413  4787  4806 I art     : Starting a blocking GC Explicit
08-05 20:59:38.456  4787  4806 I art     : Explicit concurrent mark sweep GC freed 194(3KB) AllocSpace objects, 0(0B) LOS objects, 28% free, 39MB/55MB, paused 869us total 42.156ms
08-05 20:59:38.473  4787  4806 I art     : Starting a blocking GC Explicit
08-05 20:59:38.514  4787  4806 I art     : Explicit concurrent mark sweep GC freed 149(2544B) AllocSpace objects, 0(0B) LOS objects, 28% free, 39MB/55MB, paused 1.031ms total 41.470ms
08-05 20:59:38.515  4787  4799 I art     : WaitForGcToComplete blocked for 34.000ms for cause HeapTrim
08-05 20:59:38.908  4787  4801 I art     : Starting a blocking GC Explicit
08-05 20:59:38.952  4787  4801 I art     : Explicit concurrent mark sweep GC freed 2721(104KB) AllocSpace objects, 2(40KB) LOS objects, 28% free, 39MB/55MB, paused 898us total 43.289ms
08-05 20:59:38.969  4787  4801 I art     : Starting a blocking GC Explicit
08-05 20:59:39.012  4787  4801 I art     : Explicit concurrent mark sweep GC freed 167(3KB) AllocSpace objects, 0(0B) LOS objects, 28% free, 39MB/55MB, paused 807us total 41.763ms
08-05 20:59:39.029  4787  4801 I art     : Starting a blocking GC Explicit
08-05 20:59:39.072  4787  4801 I art     : Explicit concurrent mark sweep GC freed 195(3KB) AllocSpace objects, 0(0B) LOS objects, 28% free, 39MB/55MB, paused 875us total 42.604ms
08-05 20:59:39.089  4787  4801 I art     : Starting a blocking GC Explicit
08-05 20:59:39.133  4787  4801 I art     : Explicit concurrent mark sweep GC freed 161(2720B) AllocSpace objects, 0(0B) LOS objects, 28% free, 39MB/55MB, paused 1.115ms total 43.069ms
08-05 20:59:39.150  4787  4801 I art     : Starting a blocking GC Explicit
08-05 20:59:39.192  4787  4801 I art     : Explicit concurrent mark sweep GC freed 181(3KB) AllocSpace objects, 0(0B) LOS objects, 28% free, 39MB/55MB, paused 902us total 41.978ms
08-05 20:59:39.324 13866 13882 I PeriodicStatsRunner: PeriodicStatsRunner.call():175 call()
08-05 20:59:39.325 13866 13882 I PeriodicStatsRunner: PeriodicStatsRunner.call():179 No submit PeriodicStats since input started.
08-05 20:59:39.599  4787  4800 I art     : Starting a blocking GC Explicit
08-05 20:59:39.641  4787  4800 I art     : Explicit concurrent mark sweep GC freed 2724(104KB) AllocSpace objects, 2(40KB) LOS objects, 28% free, 39MB/55MB, paused 837us total 41.901ms
08-05 20:59:39.658  4787  4800 I art     : Starting a blocking GC Explicit
08-05 20:59:39.700  4787  4800 I art     : Explicit concurrent mark sweep GC freed 175(3KB) AllocSpace objects, 0(0B) LOS objects, 28% free, 39MB/55MB, paused 936us total 41.835ms
08-05 20:59:39.717  4787  4800 I art     : Starting a blocking GC Explicit
08-05 20:59:39.759  4787  4800 I art     : Explicit concurrent mark sweep GC freed 186(3KB) AllocSpace objects, 0(0B) LOS objects, 28% free, 39MB/55MB, paused 810us total 41.876ms
08-05 20:59:39.776  4787  4800 I art     : Starting a blocking GC Explicit
08-05 20:59:39.819  4787  4800 I art     : Explicit concurrent mark sweep GC freed 167(2832B) AllocSpace objects, 0(0B) LOS objects, 28% free, 39MB/55MB, paused 986us total 42.873ms
08-05 20:59:39.836  4787  4800 I art     : Starting a blocking GC Explicit
08-05 20:59:39.880  4787  4800 I art     : Explicit concurrent mark sweep GC freed 175(2960B) AllocSpace objects, 0(0B) LOS objects, 28% free, 39MB/55MB, paused 813us total 43.122ms
08-05 20:59:40.294  4787  5061 I art     : Starting a blocking GC Explicit
08-05 20:59:40.338  4787  5061 I art     : Explicit concurrent mark sweep GC freed 2747(104KB) AllocSpace objects, 2(40KB) LOS objects, 28% free, 39MB/55MB, paused 1.184ms total 43.669ms
08-05 20:59:40.357  4787  5061 I art     : Starting a blocking GC Explicit
08-05 20:59:40.398  4787  5061 I art     : Explicit concurrent mark sweep GC freed 191(3KB) AllocSpace objects, 0(0B) LOS objects, 28% free, 39MB/55MB, paused 783us total 40.211ms
08-05 20:59:40.414  4787  5061 I art     : Starting a blocking GC Explicit
08-05 20:59:40.452  4787  5061 I art     : Explicit concurrent mark sweep GC freed 187(3KB) AllocSpace objects, 0(0B) LOS objects, 28% free, 39MB/55MB, paused 887us total 37.748ms
08-05 20:59:40.469  4787  5061 I art     : Starting a blocking GC Explicit
08-05 20:59:40.505  4787  5061 I art     : Explicit concurrent mark sweep GC freed 178(3KB) AllocSpace objects, 0(0B) LOS objects, 28% free, 39MB/55MB, paused 812us total 36.021ms
08-05 20:59:40.521  4787  5061 I art     : Starting a blocking GC Explicit
08-05 20:59:40.555  4787  5061 I art     : Explicit concurrent mark sweep GC freed 157(3040B) AllocSpace objects, 0(0B) LOS objects, 28% free, 39MB/55MB, paused 825us total 34.300ms
08-05 20:59:40.945  5856  5856 D AndroidRuntime: >>>>>> START com.android.internal.os.RuntimeInit uid 2000 <<<<<<
08-05 20:59:40.951  5856  5856 D AndroidRuntime: CheckJNI is OFF
08-05 20:59:40.954  4787  4801 I art     : Starting a blocking GC Explicit
08-05 20:59:40.996  4787  4801 I art     : Explicit concurrent mark sweep GC freed 2687(104KB) AllocSpace objects, 2(40KB) LOS objects, 28% free, 39MB/55MB, paused 903us total 40.985ms
08-05 20:59:40.997  5856  5856 D ICU     : No timezone override file found: /data/misc/zoneinfo/current/icu/icu_tzdata.dat
08-05 20:59:41.012  4787  4801 I art     : Starting a blocking GC Explicit
08-05 20:59:41.043  5856  5856 I Radio-JNI: register_android_hardware_Radio DONE
08-05 20:59:41.053  4787  4801 I art     : Explicit concurrent mark sweep GC freed 187(3KB) AllocSpace objects, 0(0B) LOS objects, 28% free, 39MB/55MB, paused 1.060ms total 39.969ms
08-05 20:59:41.069  4787  4801 I art     : Starting a blocking GC Explicit
08-05 20:59:41.072  5856  5856 D AndroidRuntime: Calling main entry com.android.commands.input.Input
08-05 20:59:41.074  5856  5856 I Input   : injectMotionEvent: MotionEvent { action=ACTION_DOWN, actionButton=0, id[0]=0, x[0]=693.0, y[0]=1450.0, toolType[0]=TOOL_TYPE_UNKNOWN, buttonState=0, metaState=0, flags=0x0, edgeFlags=0x0, pointerCount=1, historySize=0, eventTime=824397486, downTime=824397486, deviceId=0, source=0x1002 }
08-05 20:59:41.080  5856  5856 I Input   : injectMotionEvent: MotionEvent { action=ACTION_UP, actionButton=0, id[0]=0, x[0]=693.0, y[0]=1450.0, toolType[0]=TOOL_TYPE_UNKNOWN, buttonState=0, metaState=0, flags=0x0, edgeFlags=0x0, pointerCount=1, historySize=0, eventTime=824397486, downTime=824397486, deviceId=0, source=0x1002 }
08-05 20:59:41.081  5856  5856 D AndroidRuntime: Shutting down VM
08-05 20:59:41.082   918  3696 I ActivityManager: START u0 {cmp=baseline.io.github.project_travel_mate/.destinations.description.CityHistoryActivity} from uid 10674 on display 0
08-05 20:59:41.084   512  2967 D audio_hw_primary: out_set_parameters: enter: usecase(1: low-latency-playback) kvpairs: routing=2
08-05 20:59:41.097   512  2967 D audio_hw_primary: select_devices: out_snd_device(2: speaker) in_snd_device(0: none)
08-05 20:59:41.097   512  2967 D msm8974_platform: platform_send_audio_calibration: sending audio calibration for snd_device(2) acdb_id(15)
08-05 20:59:41.097   512  2967 I soundtrigger: audio_extn_sound_trigger_update_device_status: device 0x2 of type 0 for Event 1
08-05 20:59:41.109  4787  4801 I art     : Explicit concurrent mark sweep GC freed 227(12KB) AllocSpace objects, 0(0B) LOS objects, 28% free, 39MB/55MB, paused 1.291ms total 39.147ms
08-05 20:59:41.109   512  2967 D audio_hw_primary: enable_snd_device: snd_device(2: speaker)
08-05 20:59:41.112   512  2967 D audio_hw_primary: enable_audio_route: apply and update mixer path: low-latency-playback speaker
08-05 20:59:41.114  4787  4853 D Gabe    : call	returning from cache
08-05 20:59:41.118  4787  4787 V EXECUTING: https://project-travel-mate.herokuapp.com/api/get-city-information/1
08-05 20:59:41.126  4787  4801 I art     : Starting a blocking GC Explicit
08-05 20:59:41.162  4787  4801 I art     : Explicit concurrent mark sweep GC freed 547(36KB) AllocSpace objects, 0(0B) LOS objects, 28% free, 39MB/55MB, paused 867us total 35.488ms
08-05 20:59:41.178  4787  4801 I art     : Starting a blocking GC Explicit
08-05 20:59:41.217  4787  4801 I art     : Explicit concurrent mark sweep GC freed 659(23KB) AllocSpace objects, 0(0B) LOS objects, 26% free, 44MB/60MB, paused 1.030ms total 38.358ms
08-05 20:59:41.272   918   936 I ActivityManager: Displayed baseline.io.github.project_travel_mate/.destinations.description.CityHistoryActivity: +179ms
08-05 20:59:41.273 13866 13866 I GoogleInputMethodServic: GoogleInputMethodService.onFinishInput():3138 
08-05 20:59:41.273 13866 13866 I GoogleInputMethodServic: GoogleInputMethodService.onStartInput():1808 
08-05 20:59:41.383 13866 13882 I PeriodicStatsRunner: PeriodicStatsRunner.call():175 call()
08-05 20:59:41.383 13866 13882 I PeriodicStatsRunner: PeriodicStatsRunner.call():179 No submit PeriodicStats since input started.
08-05 20:59:41.533   380   380 W SurfaceFlinger: couldn't log to binary event log: overflow.
08-05 20:59:41.569  4787  4806 I art     : Starting a blocking GC Explicit
08-05 20:59:41.605  4787  4806 I art     : Explicit concurrent mark sweep GC freed 2613(104KB) AllocSpace objects, 2(40KB) LOS objects, 26% free, 44MB/60MB, paused 836us total 35.506ms
08-05 20:59:41.621  4787  4806 I art     : Starting a blocking GC Explicit
08-05 20:59:41.648   512  2967 D audio_hw_primary: disable_audio_route: reset and update mixer path: low-latency-playback speaker
08-05 20:59:41.650   512  2967 D audio_hw_primary: disable_snd_device: snd_device(2: speaker)
08-05 20:59:41.659   512  2967 I soundtrigger: audio_extn_sound_trigger_update_device_status: device 0x2 of type 0 for Event 0
08-05 20:59:41.659  4787  4806 I art     : Explicit concurrent mark sweep GC freed 282(5KB) AllocSpace objects, 0(0B) LOS objects, 26% free, 44MB/60MB, paused 931us total 37.854ms
08-05 20:59:41.677  4787  4806 I art     : Starting a blocking GC Explicit
08-05 20:59:41.714  4787  4806 I art     : Explicit concurrent mark sweep GC freed 22(400B) AllocSpace objects, 0(0B) LOS objects, 26% free, 44MB/60MB, paused 1.192ms total 37.186ms
08-05 20:59:41.730  4787  4806 I art     : Starting a blocking GC Explicit
08-05 20:59:41.767  4787  4806 I art     : Explicit concurrent mark sweep GC freed 152(3KB) AllocSpace objects, 0(0B) LOS objects, 26% free, 44MB/60MB, paused 1.102ms total 36.426ms
08-05 20:59:41.784  4787  4806 I art     : Starting a blocking GC Explicit
08-05 20:59:41.821  4787  4806 I art     : Explicit concurrent mark sweep GC freed 31(560B) AllocSpace objects, 0(0B) LOS objects, 26% free, 44MB/60MB, paused 1.054ms total 36.396ms
08-05 20:59:41.945 24365 12324 I NetworkScheduler.Stats: Task com.google.android.gms/com.google.android.gms.icing.service.IcingGcmTaskService started execution. cause:4 exec_start_elapsed_seconds: 1807785 [CONTEXT service_id=218 ]
08-05 20:59:41.961 24365 17236 I NetworkScheduler.Stats: Task com.google.android.gms/com.google.android.gms.icing.service.IcingGcmTaskService finished executing. cause:4 result: 1 elapsed_millis: 35 uptime_millis: 36 exec_start_elapsed_seconds: 1807785 [CONTEXT service_id=218 ]
08-05 20:59:41.963  4787  5880 I NAPPA_EXPERIMENTATION: MetricNetworkRequestExecutionTime: REQUEST_DURATION_SYSTEM='844',REQUEST_DURATION_OKHTTP='39',REQUEST_SYNCHRONOUS='FALSE',RESPONSE_CODE='200',RESPONSE_METHOD='GET',RESPONSE_LENGTH_OKHTTP='55024',RESPONSE_LENGTH_HEADER='55024',REQUEST_PROTOCOL='http/1.1',REQUEST_URL='https://project-travel-mate.herokuapp.com/api/get-city-information/1',
08-05 20:59:42.011 24365 12324 I NetworkScheduler.Stats: Task com.google.android.gms/com.google.android.gms.clearcut.uploader.QosUploaderService started execution. cause:5 exec_start_elapsed_seconds: 1807785 [CONTEXT service_id=218 ]
08-05 20:59:42.043 24365 23174 I NetworkScheduler.Stats: Task com.google.android.gms/com.google.android.gms.clearcut.uploader.QosUploaderService finished executing. cause:5 result: 1 elapsed_millis: 58 uptime_millis: 57 exec_start_elapsed_seconds: 1807785 [CONTEXT service_id=218 ]
08-05 20:59:42.126 13866 13866 I GoogleInputMethodServic: GoogleInputMethodService.onFinishInput():3138 
08-05 20:59:42.126 13866 13866 I GoogleInputMethodServic: GoogleInputMethodService.onStartInput():1808 
08-05 20:59:42.162  4787  4801 I art     : Starting a blocking GC Explicit
08-05 20:59:42.171 32448 32448 I ServiceManager: Waiting for service AtCmdFwd...
08-05 20:59:42.208  4787  4801 I art     : Explicit concurrent mark sweep GC freed 6517(1455KB) AllocSpace objects, 25(5MB) LOS objects, 28% free, 40MB/56MB, paused 961us total 45.948ms
08-05 20:59:42.225  4787  4801 I art     : Starting a blocking GC Explicit
08-05 20:59:42.267  4787  4801 I art     : Explicit concurrent mark sweep GC freed 1220(122KB) AllocSpace objects, 0(0B) LOS objects, 28% free, 40MB/56MB, paused 889us total 41.125ms
08-05 20:59:42.284  4787  4801 I art     : Starting a blocking GC Explicit
08-05 20:59:42.327  4787  4801 I art     : Explicit concurrent mark sweep GC freed 290(4KB) AllocSpace objects, 0(0B) LOS objects, 28% free, 40MB/56MB, paused 1.023ms total 43.333ms
08-05 20:59:42.344  4787  4801 I art     : Starting a blocking GC Explicit
08-05 20:59:42.387  4787  4801 I art     : Explicit concurrent mark sweep GC freed 239(3KB) AllocSpace objects, 0(0B) LOS objects, 28% free, 40MB/56MB, paused 1.060ms total 42.500ms
08-05 20:59:42.404  4787  4801 I art     : Starting a blocking GC Explicit
08-05 20:59:42.448  4787  4801 I art     : Explicit concurrent mark sweep GC freed 273(4KB) AllocSpace objects, 0(0B) LOS objects, 28% free, 40MB/56MB, paused 1.026ms total 42.988ms
08-05 20:59:42.828  4787  4800 I art     : Starting a blocking GC Explicit
08-05 20:59:42.874  4787  4800 I art     : Explicit concurrent mark sweep GC freed 3316(114KB) AllocSpace objects, 2(40KB) LOS objects, 28% free, 40MB/56MB, paused 983us total 45.379ms
08-05 20:59:42.893  4787  4800 I art     : Starting a blocking GC Explicit
08-05 20:59:42.936  4787  4800 I art     : Explicit concurrent mark sweep GC freed 247(4KB) AllocSpace objects, 0(0B) LOS objects, 28% free, 40MB/56MB, paused 974us total 43.072ms
08-05 20:59:42.953  4787  4800 I art     : Starting a blocking GC Explicit
08-05 20:59:42.998  4787  4800 I art     : Explicit concurrent mark sweep GC freed 296(4KB) AllocSpace objects, 0(0B) LOS objects, 28% free, 40MB/56MB, paused 932us total 44.471ms
08-05 20:59:43.015  4787  4800 I art     : Starting a blocking GC Explicit
08-05 20:59:43.057  4787  4800 I art     : Explicit concurrent mark sweep GC freed 290(4KB) AllocSpace objects, 0(0B) LOS objects, 28% free, 40MB/56MB, paused 885us total 41.266ms
08-05 20:59:43.074  4787  4800 I art     : Starting a blocking GC Explicit
08-05 20:59:43.120  4787  4800 I art     : Explicit concurrent mark sweep GC freed 235(3KB) AllocSpace objects, 0(0B) LOS objects, 28% free, 40MB/56MB, paused 1.164ms total 46.113ms
08-05 20:59:43.172 32448 32448 I ServiceManager: Waiting for service AtCmdFwd...
08-05 20:59:43.511  4787  5061 I art     : Starting a blocking GC Explicit
08-05 20:59:43.556  4787  5061 I art     : Explicit concurrent mark sweep GC freed 3342(114KB) AllocSpace objects, 2(40KB) LOS objects, 28% free, 40MB/56MB, paused 995us total 44.634ms
08-05 20:59:43.574  4787  5061 I art     : Starting a blocking GC Explicit
08-05 20:59:43.619  4787  5061 I art     : Explicit concurrent mark sweep GC freed 280(5KB) AllocSpace objects, 0(0B) LOS objects, 28% free, 40MB/56MB, paused 914us total 45.178ms
08-05 20:59:43.637  4787  5061 I art     : Starting a blocking GC Explicit
08-05 20:59:43.682  4787  5061 I art     : Explicit concurrent mark sweep GC freed 290(4KB) AllocSpace objects, 0(0B) LOS objects, 28% free, 40MB/56MB, paused 871us total 44.319ms
08-05 20:59:43.699  4787  5061 I art     : Starting a blocking GC Explicit
08-05 20:59:43.746  4787  5061 I art     : Explicit concurrent mark sweep GC freed 303(5KB) AllocSpace objects, 0(0B) LOS objects, 28% free, 40MB/56MB, paused 880us total 46.370ms
08-05 20:59:43.763  4787  5061 I art     : Starting a blocking GC Explicit
08-05 20:59:43.809  4787  5061 I art     : Explicit concurrent mark sweep GC freed 302(5KB) AllocSpace objects, 0(0B) LOS objects, 28% free, 40MB/56MB, paused 909us total 45.603ms
08-05 20:59:44.173 32448 32448 I ServiceManager: Waiting for service AtCmdFwd...
08-05 20:59:44.199  4787  4801 I art     : Starting a blocking GC Explicit
08-05 20:59:44.247  4787  4801 I art     : Explicit concurrent mark sweep GC freed 3299(113KB) AllocSpace objects, 2(40KB) LOS objects, 28% free, 40MB/56MB, paused 881us total 47.690ms
08-05 20:59:44.267  4787  4801 I art     : Starting a blocking GC Explicit
08-05 20:59:44.309  4787  4801 I art     : Explicit concurrent mark sweep GC freed 311(5KB) AllocSpace objects, 0(0B) LOS objects, 28% free, 40MB/56MB, paused 1.041ms total 41.968ms
08-05 20:59:44.326  4787  4801 I art     : Starting a blocking GC Explicit
08-05 20:59:44.370  4787  4801 I art     : Explicit concurrent mark sweep GC freed 219(3KB) AllocSpace objects, 0(0B) LOS objects, 28% free, 40MB/56MB, paused 902us total 43.529ms
08-05 20:59:44.388  4787  4801 I art     : Starting a blocking GC Explicit
08-05 20:59:44.431  4787  4801 I art     : Explicit concurrent mark sweep GC freed 291(4KB) AllocSpace objects, 0(0B) LOS objects, 28% free, 40MB/56MB, paused 897us total 43.363ms
08-05 20:59:44.449  4787  4801 I art     : Starting a blocking GC Explicit
08-05 20:59:44.494  4787  4801 I art     : Explicit concurrent mark sweep GC freed 291(4KB) AllocSpace objects, 0(0B) LOS objects, 28% free, 40MB/56MB, paused 916us total 45.510ms
08-05 20:59:44.897  4787  4806 I art     : Starting a blocking GC Explicit
08-05 20:59:44.944  4787  4806 I art     : Explicit concurrent mark sweep GC freed 3370(114KB) AllocSpace objects, 2(40KB) LOS objects, 28% free, 40MB/56MB, paused 883us total 46.562ms
08-05 20:59:44.961  4787  4806 I art     : Starting a blocking GC Explicit
08-05 20:59:45.008  4787  4806 I art     : Explicit concurrent mark sweep GC freed 286(5KB) AllocSpace objects, 0(0B) LOS objects, 28% free, 40MB/56MB, paused 1.164ms total 46.364ms
08-05 20:59:45.027  4787  4806 I art     : Starting a blocking GC Explicit
08-05 20:59:45.071  4787  4806 I art     : Explicit concurrent mark sweep GC freed 244(4KB) AllocSpace objects, 0(0B) LOS objects, 28% free, 40MB/56MB, paused 912us total 43.626ms
08-05 20:59:45.089  4787  4806 I art     : Starting a blocking GC Explicit
08-05 20:59:45.135  4787  4806 I art     : Explicit concurrent mark sweep GC freed 290(4KB) AllocSpace objects, 0(0B) LOS objects, 28% free, 40MB/56MB, paused 945us total 46.237ms
08-05 20:59:45.153  4787  4806 I art     : Starting a blocking GC Explicit
08-05 20:59:45.174 32448 32448 I ServiceManager: Waiting for service AtCmdFwd...
08-05 20:59:45.196  4787  4806 I art     : Explicit concurrent mark sweep GC freed 292(4KB) AllocSpace objects, 0(0B) LOS objects, 28% free, 40MB/56MB, paused 896us total 43.260ms
08-05 20:59:45.554  4787  4800 I art     : Starting a blocking GC Explicit
08-05 20:59:45.597  4787  4800 I art     : Explicit concurrent mark sweep GC freed 3154(111KB) AllocSpace objects, 2(40KB) LOS objects, 28% free, 40MB/56MB, paused 964us total 43.239ms
08-05 20:59:45.614  4787  4800 I art     : Starting a blocking GC Explicit
08-05 20:59:45.656  4787  4800 I art     : Explicit concurrent mark sweep GC freed 246(4KB) AllocSpace objects, 0(0B) LOS objects, 28% free, 40MB/56MB, paused 886us total 41.873ms
08-05 20:59:45.673  4787  4800 I art     : Starting a blocking GC Explicit
08-05 20:59:45.717  4787  4800 I art     : Explicit concurrent mark sweep GC freed 285(4KB) AllocSpace objects, 0(0B) LOS objects, 28% free, 40MB/56MB, paused 971us total 43.700ms
08-05 20:59:45.734  4787  4800 I art     : Starting a blocking GC Explicit
08-05 20:59:45.777  4787  4800 I art     : Explicit concurrent mark sweep GC freed 265(4KB) AllocSpace objects, 0(0B) LOS objects, 28% free, 40MB/56MB, paused 1.070ms total 42.445ms
08-05 20:59:45.795  4787  4800 I art     : Starting a blocking GC Explicit
08-05 20:59:45.837  4787  4800 I art     : Explicit concurrent mark sweep GC freed 246(4KB) AllocSpace objects, 0(0B) LOS objects, 28% free, 40MB/56MB, paused 902us total 41.652ms
08-05 20:59:45.890  5943  5943 D AndroidRuntime: >>>>>> START com.android.internal.os.RuntimeInit uid 2000 <<<<<<
08-05 20:59:45.897  5943  5943 D AndroidRuntime: CheckJNI is OFF
08-05 20:59:45.939  5943  5943 D ICU     : No timezone override file found: /data/misc/zoneinfo/current/icu/icu_tzdata.dat
08-05 20:59:45.983  5943  5943 I Radio-JNI: register_android_hardware_Radio DONE
08-05 20:59:46.011  5943  5943 D AndroidRuntime: Calling main entry com.android.commands.input.Input
08-05 20:59:46.013  5943  5943 I Input   : injectKeyEvent: KeyEvent { action=ACTION_DOWN, keyCode=KEYCODE_BACK, scanCode=0, metaState=0, flags=0x0, repeatCount=0, eventTime=824402426, downTime=824402426, deviceId=-1, source=0x101 }
08-05 20:59:46.020  5943  5943 I Input   : injectKeyEvent: KeyEvent { action=ACTION_UP, keyCode=KEYCODE_BACK, scanCode=0, metaState=0, flags=0x0, repeatCount=0, eventTime=824402426, downTime=824402426, deviceId=-1, source=0x101 }
08-05 20:59:46.029  5943  5943 D AndroidRuntime: Shutting down VM
08-05 20:59:46.068 13866 13866 I GoogleInputMethodServic: GoogleInputMethodService.onFinishInput():3138 
08-05 20:59:46.069 13866 13866 I GoogleInputMethodServic: GoogleInputMethodService.onStartInput():1808 
08-05 20:59:46.175 32448 32448 I ServiceManager: Waiting for service AtCmdFwd...
08-05 20:59:46.207  4787  4800 I art     : Starting a blocking GC Explicit
08-05 20:59:46.258  4787  4800 I art     : Explicit concurrent mark sweep GC freed 3271(115KB) AllocSpace objects, 2(40KB) LOS objects, 28% free, 40MB/56MB, paused 1.107ms total 50.494ms
08-05 20:59:46.273 13866 13882 I PeriodicStatsRunner: PeriodicStatsRunner.call():175 call()
08-05 20:59:46.274 13866 13882 I PeriodicStatsRunner: PeriodicStatsRunner.call():179 No submit PeriodicStats since input started.
08-05 20:59:46.280  4787  4800 I art     : Starting a blocking GC Explicit
08-05 20:59:46.329  4787  4800 I art     : Explicit concurrent mark sweep GC freed 373(6KB) AllocSpace objects, 0(0B) LOS objects, 28% free, 40MB/56MB, paused 1.018ms total 48.520ms
08-05 20:59:46.349  4787  4800 I art     : Starting a blocking GC Explicit
08-05 20:59:46.372   380   380 W SurfaceFlinger: couldn't log to binary event log: overflow.
08-05 20:59:46.390  4787  4800 I art     : Explicit concurrent mark sweep GC freed 225(4KB) AllocSpace objects, 2(364KB) LOS objects, 28% free, 40MB/56MB, paused 908us total 41.346ms
08-05 20:59:46.407  4787  4800 I art     : Starting a blocking GC Explicit
08-05 20:59:46.447  4787  4800 I art     : Explicit concurrent mark sweep GC freed 202(3KB) AllocSpace objects, 0(0B) LOS objects, 28% free, 40MB/56MB, paused 893us total 40.395ms
08-05 20:59:46.464  4787  4800 I art     : Starting a blocking GC Explicit
08-05 20:59:46.505  4787  4800 I art     : Explicit concurrent mark sweep GC freed 4860(341KB) AllocSpace objects, 7(132KB) LOS objects, 28% free, 39MB/55MB, paused 936us total 41.296ms
08-05 20:59:46.888  4787  4801 I art     : Starting a blocking GC Explicit
08-05 20:59:46.930  4787  4801 I art     : Explicit concurrent mark sweep GC freed 2695(104KB) AllocSpace objects, 2(40KB) LOS objects, 28% free, 39MB/55MB, paused 895us total 42.102ms
08-05 20:59:46.949  4787  4801 I art     : Starting a blocking GC Explicit
08-05 20:59:46.987  4787  4801 I art     : Explicit concurrent mark sweep GC freed 176(3KB) AllocSpace objects, 0(0B) LOS objects, 28% free, 39MB/55MB, paused 926us total 38.159ms
08-05 20:59:47.004  4787  4801 I art     : Starting a blocking GC Explicit
08-05 20:59:47.041  4787  4801 I art     : Explicit concurrent mark sweep GC freed 149(2528B) AllocSpace objects, 0(0B) LOS objects, 28% free, 39MB/55MB, paused 939us total 36.574ms
08-05 20:59:47.057  4787  4801 I art     : Starting a blocking GC Explicit
08-05 20:59:47.096  4787  4801 I art     : Explicit concurrent mark sweep GC freed 192(3KB) AllocSpace objects, 0(0B) LOS objects, 28% free, 39MB/55MB, paused 866us total 38.703ms
08-05 20:59:47.113  4787  4801 I art     : Starting a blocking GC Explicit
08-05 20:59:47.127 13866 13882 I PeriodicStatsRunner: PeriodicStatsRunner.call():175 call()
08-05 20:59:47.127 13866 13882 I PeriodicStatsRunner: PeriodicStatsRunner.call():179 No submit PeriodicStats since input started.
08-05 20:59:47.152  4787  4801 I art     : Explicit concurrent mark sweep GC freed 148(2528B) AllocSpace objects, 0(0B) LOS objects, 28% free, 39MB/55MB, paused 871us total 38.830ms
08-05 20:59:47.175 32448 32448 W Atfwd_Sendcmd: AtCmdFwd service not published, waiting... retryCnt : 2
08-05 20:59:47.500  4787  5061 I art     : Starting a blocking GC Explicit
08-05 20:59:47.541  4787  5061 I art     : Explicit concurrent mark sweep GC freed 2531(101KB) AllocSpace objects, 2(40KB) LOS objects, 28% free, 39MB/55MB, paused 868us total 40.827ms
08-05 20:59:47.558  4787  5061 I art     : Starting a blocking GC Explicit
08-05 20:59:47.597  4787  5061 I art     : Explicit concurrent mark sweep GC freed 213(3KB) AllocSpace objects, 0(0B) LOS objects, 28% free, 39MB/55MB, paused 976us total 39.136ms
08-05 20:59:47.614  4787  5061 I art     : Starting a blocking GC Explicit
08-05 20:59:47.655  4787  5061 I art     : Explicit concurrent mark sweep GC freed 148(2528B) AllocSpace objects, 0(0B) LOS objects, 28% free, 39MB/55MB, paused 871us total 40.933ms
08-05 20:59:47.672  4787  5061 I art     : Starting a blocking GC Explicit
08-05 20:59:47.714  4787  5061 I art     : Explicit concurrent mark sweep GC freed 194(3KB) AllocSpace objects, 0(0B) LOS objects, 28% free, 39MB/55MB, paused 934us total 41.345ms
08-05 20:59:47.731  4787  5061 I art     : Starting a blocking GC Explicit
08-05 20:59:47.771  4787  5061 I art     : Explicit concurrent mark sweep GC freed 148(2528B) AllocSpace objects, 0(0B) LOS objects, 28% free, 39MB/55MB, paused 927us total 40.251ms
08-05 20:59:47.829  5987  5987 D AndroidRuntime: >>>>>> START com.android.internal.os.RuntimeInit uid 2000 <<<<<<
08-05 20:59:47.836  5987  5987 D AndroidRuntime: CheckJNI is OFF
08-05 20:59:47.879  5987  5987 D ICU     : No timezone override file found: /data/misc/zoneinfo/current/icu/icu_tzdata.dat
08-05 20:59:47.923  5987  5987 I Radio-JNI: register_android_hardware_Radio DONE
08-05 20:59:47.952  5987  5987 D AndroidRuntime: Calling main entry com.android.commands.input.Input
08-05 20:59:47.954  5987  5987 I Input   : injectKeyEvent: KeyEvent { action=ACTION_DOWN, keyCode=KEYCODE_BACK, scanCode=0, metaState=0, flags=0x0, repeatCount=0, eventTime=824404367, downTime=824404367, deviceId=-1, source=0x101 }
08-05 20:59:47.961  5987  5987 I Input   : injectKeyEvent: KeyEvent { action=ACTION_UP, keyCode=KEYCODE_BACK, scanCode=0, metaState=0, flags=0x0, repeatCount=0, eventTime=824404367, downTime=824404367, deviceId=-1, source=0x101 }
08-05 20:59:47.971  5987  5987 D AndroidRuntime: Shutting down VM
08-05 20:59:47.992  4787  4787 V MainActivity: url = https://project-travel-mate.herokuapp.com/api/number-of-unread-notifications
08-05 20:59:48.021 13866 13866 I GoogleInputMethodServic: GoogleInputMethodService.onFinishInput():3138 
08-05 20:59:48.021 13866 13866 I GoogleInputMethodServic: GoogleInputMethodService.onStartInput():1808 
08-05 20:59:48.141  4787  5061 I art     : Starting a blocking GC Explicit
08-05 20:59:48.184  4787  5061 I art     : Explicit concurrent mark sweep GC freed 3181(127KB) AllocSpace objects, 2(40KB) LOS objects, 28% free, 39MB/55MB, paused 1.154ms total 43.173ms
08-05 20:59:48.201  4787  5061 I art     : Starting a blocking GC Explicit
08-05 20:59:48.244  4787  5061 I art     : Explicit concurrent mark sweep GC freed 270(7KB) AllocSpace objects, 0(0B) LOS objects, 28% free, 39MB/55MB, paused 975us total 42.273ms
08-05 20:59:48.264  4787  5061 I art     : Starting a blocking GC Explicit
08-05 20:59:48.310  4787  5061 I art     : Explicit concurrent mark sweep GC freed 205(3KB) AllocSpace objects, 0(0B) LOS objects, 28% free, 39MB/55MB, paused 1.087ms total 46.079ms
08-05 20:59:48.324   380   380 W SurfaceFlinger: couldn't log to binary event log: overflow.
08-05 20:59:48.327  4787  5061 I art     : Starting a blocking GC Explicit
08-05 20:59:48.367  4787  5061 I art     : Explicit concurrent mark sweep GC freed 115(2496B) AllocSpace objects, 0(0B) LOS objects, 28% free, 39MB/55MB, paused 1.081ms total 39.496ms
08-05 20:59:48.384  4787  5061 I art     : Starting a blocking GC Explicit
08-05 20:59:48.422  4787  5061 I art     : Explicit concurrent mark sweep GC freed 211(8KB) AllocSpace objects, 0(0B) LOS objects, 28% free, 39MB/55MB, paused 986us total 38.062ms
08-05 20:59:48.798  4787  4806 I art     : Starting a blocking GC Explicit
08-05 20:59:48.820  4787  6020 I NAPPA_EXPERIMENTATION: MetricNetworkRequestExecutionTime: REQUEST_DURATION_SYSTEM='827',REQUEST_DURATION_OKHTTP='36',REQUEST_SYNCHRONOUS='FALSE',RESPONSE_CODE='200',RESPONSE_METHOD='GET',RESPONSE_LENGTH_OKHTTP='36',RESPONSE_LENGTH_HEADER='36',REQUEST_PROTOCOL='http/1.1',REQUEST_URL='https://project-travel-mate.herokuapp.com/api/number-of-unread-notifications',
08-05 20:59:48.842  4787  4806 I art     : Explicit concurrent mark sweep GC freed 4710(235KB) AllocSpace objects, 5(240KB) LOS objects, 28% free, 39MB/55MB, paused 945us total 44.203ms
08-05 20:59:48.859  4787  4806 I art     : Starting a blocking GC Explicit
08-05 20:59:48.900  4787  4806 I art     : Explicit concurrent mark sweep GC freed 1169(123KB) AllocSpace objects, 0(0B) LOS objects, 28% free, 39MB/55MB, paused 1.011ms total 40.762ms
08-05 20:59:48.918  4787  4806 I art     : Starting a blocking GC Explicit
08-05 20:59:48.954  4787  4806 I art     : Explicit concurrent mark sweep GC freed 75(1296B) AllocSpace objects, 0(0B) LOS objects, 28% free, 39MB/55MB, paused 839us total 35.738ms
08-05 20:59:48.970  4787  4806 I art     : Starting a blocking GC Explicit
08-05 20:59:49.010  4787  4806 I art     : Explicit concurrent mark sweep GC freed 85(1456B) AllocSpace objects, 0(0B) LOS objects, 28% free, 39MB/55MB, paused 1.014ms total 40.073ms
08-05 20:59:49.027  4787  4806 I art     : Starting a blocking GC Explicit
08-05 20:59:49.069  4787  4806 I art     : Explicit concurrent mark sweep GC freed 89(1536B) AllocSpace objects, 0(0B) LOS objects, 28% free, 39MB/55MB, paused 952us total 41.820ms
08-05 20:59:49.420  4787  4801 I art     : Starting a blocking GC Explicit
08-05 20:59:49.461  4787  4801 I art     : Explicit concurrent mark sweep GC freed 1985(92KB) AllocSpace objects, 2(40KB) LOS objects, 28% free, 39MB/55MB, paused 1.047ms total 40.640ms
08-05 20:59:49.478  4787  4801 I art     : Starting a blocking GC Explicit
08-05 20:59:49.516  4787  4801 I art     : Explicit concurrent mark sweep GC freed 130(2960B) AllocSpace objects, 0(0B) LOS objects, 28% free, 39MB/55MB, paused 893us total 38.080ms
08-05 20:59:49.533  4787  4801 I art     : Starting a blocking GC Explicit
08-05 20:59:49.573  4787  4801 I art     : Explicit concurrent mark sweep GC freed 79(1520B) AllocSpace objects, 0(0B) LOS objects, 28% free, 39MB/55MB, paused 1.056ms total 39.762ms
08-05 20:59:49.590  4787  4801 I art     : Starting a blocking GC Explicit
08-05 20:59:49.632  4787  4801 I art     : Explicit concurrent mark sweep GC freed 99(1696B) AllocSpace objects, 0(0B) LOS objects, 28% free, 39MB/55MB, paused 1.319ms total 41.939ms
08-05 20:59:49.650  4787  4801 I art     : Starting a blocking GC Explicit
08-05 20:59:49.692  4787  4801 I art     : Explicit concurrent mark sweep GC freed 84(1584B) AllocSpace objects, 0(0B) LOS objects, 28% free, 39MB/55MB, paused 952us total 41.345ms
08-05 20:59:49.763  6034  6034 D AndroidRuntime: >>>>>> START com.android.internal.os.RuntimeInit uid 2000 <<<<<<
08-05 20:59:49.769  6034  6034 D AndroidRuntime: CheckJNI is OFF
08-05 20:59:49.812  6034  6034 D ICU     : No timezone override file found: /data/misc/zoneinfo/current/icu/icu_tzdata.dat
08-05 20:59:49.858  6034  6034 I Radio-JNI: register_android_hardware_Radio DONE
08-05 20:59:49.886  6034  6034 D AndroidRuntime: Calling main entry com.android.commands.input.Input
08-05 20:59:49.888  6034  6034 I Input   : injectMotionEvent: MotionEvent { action=ACTION_DOWN, actionButton=0, id[0]=0, x[0]=117.0, y[0]=170.0, toolType[0]=TOOL_TYPE_UNKNOWN, buttonState=0, metaState=0, flags=0x0, edgeFlags=0x0, pointerCount=1, historySize=0, eventTime=824406300, downTime=824406300, deviceId=0, source=0x1002 }
08-05 20:59:49.896  6034  6034 I Input   : injectMotionEvent: MotionEvent { action=ACTION_UP, actionButton=0, id[0]=0, x[0]=117.0, y[0]=170.0, toolType[0]=TOOL_TYPE_UNKNOWN, buttonState=0, metaState=0, flags=0x0, edgeFlags=0x0, pointerCount=1, historySize=0, eventTime=824406300, downTime=824406300, deviceId=0, source=0x1002 }
08-05 20:59:49.899  6034  6034 D AndroidRuntime: Shutting down VM
08-05 20:59:49.914   512  2967 D audio_hw_primary: out_set_parameters: enter: usecase(1: low-latency-playback) kvpairs: routing=2
08-05 20:59:49.928   512  2967 D audio_hw_primary: select_devices: out_snd_device(2: speaker) in_snd_device(0: none)
08-05 20:59:49.928   512  2967 D msm8974_platform: platform_send_audio_calibration: sending audio calibration for snd_device(2) acdb_id(15)
08-05 20:59:49.928   512  2967 I soundtrigger: audio_extn_sound_trigger_update_device_status: device 0x2 of type 0 for Event 1
08-05 20:59:49.938   512  2967 D audio_hw_primary: enable_snd_device: snd_device(2: speaker)
08-05 20:59:49.940   512  2967 D audio_hw_primary: enable_audio_route: apply and update mixer path: low-latency-playback speaker
08-05 20:59:50.071  4787  4801 I art     : Starting a blocking GC Explicit
08-05 20:59:50.112  4787  4801 I art     : Explicit concurrent mark sweep GC freed 2447(115KB) AllocSpace objects, 2(40KB) LOS objects, 28% free, 40MB/56MB, paused 1.062ms total 41.268ms
08-05 20:59:50.129  4787  4801 I art     : Starting a blocking GC Explicit
08-05 20:59:50.166  4787  4801 I art     : Explicit concurrent mark sweep GC freed 135(3KB) AllocSpace objects, 0(0B) LOS objects, 28% free, 40MB/56MB, paused 885us total 37.004ms
08-05 20:59:50.182  4787  4801 I art     : Starting a blocking GC Explicit
08-05 20:59:50.218  4787  4801 I art     : Explicit concurrent mark sweep GC freed 77(1360B) AllocSpace objects, 0(0B) LOS objects, 28% free, 40MB/56MB, paused 899us total 35.953ms
08-05 20:59:50.235  4787  4801 I art     : Starting a blocking GC Explicit
08-05 20:59:50.271  4787  4801 I art     : Explicit concurrent mark sweep GC freed 75(1296B) AllocSpace objects, 0(0B) LOS objects, 28% free, 40MB/56MB, paused 885us total 35.776ms
08-05 20:59:50.287  4787  4801 I art     : Starting a blocking GC Explicit
08-05 20:59:50.324  4787  4801 I art     : Explicit concurrent mark sweep GC freed 75(1296B) AllocSpace objects, 0(0B) LOS objects, 28% free, 40MB/56MB, paused 851us total 35.872ms
08-05 20:59:50.489   512  2967 D audio_hw_primary: disable_audio_route: reset and update mixer path: low-latency-playback speaker
08-05 20:59:50.491   512  2967 D audio_hw_primary: disable_snd_device: snd_device(2: speaker)
08-05 20:59:50.498   512  2967 I soundtrigger: audio_extn_sound_trigger_update_device_status: device 0x2 of type 0 for Event 0
08-05 20:59:50.656  6068  6068 D AndroidRuntime: >>>>>> START com.android.internal.os.RuntimeInit uid 2000 <<<<<<
08-05 20:59:50.662  6068  6068 D AndroidRuntime: CheckJNI is OFF
08-05 20:59:50.688  4787  4806 I art     : Starting a blocking GC Explicit
08-05 20:59:50.706  6068  6068 D ICU     : No timezone override file found: /data/misc/zoneinfo/current/icu/icu_tzdata.dat
08-05 20:59:50.728  4787  4806 I art     : Explicit concurrent mark sweep GC freed 2010(92KB) AllocSpace objects, 2(40KB) LOS objects, 28% free, 40MB/56MB, paused 1.035ms total 40.483ms
08-05 20:59:50.745  4787  4806 I art     : Starting a blocking GC Explicit
08-05 20:59:50.750  6068  6068 I Radio-JNI: register_android_hardware_Radio DONE
08-05 20:59:50.779  6068  6068 D AndroidRuntime: Calling main entry com.android.commands.input.Input
08-05 20:59:50.781  6068  6068 I Input   : injectMotionEvent: MotionEvent { action=ACTION_DOWN, actionButton=0, id[0]=0, x[0]=355.0, y[0]=1674.0, toolType[0]=TOOL_TYPE_UNKNOWN, buttonState=0, metaState=0, flags=0x0, edgeFlags=0x0, pointerCount=1, historySize=0, eventTime=824407194, downTime=824407194, deviceId=0, source=0x1002 }
08-05 20:59:50.785  4787  4806 I art     : Explicit concurrent mark sweep GC freed 122(2512B) AllocSpace objects, 0(0B) LOS objects, 28% free, 40MB/56MB, paused 936us total 39.221ms
08-05 20:59:50.785  6068  6068 I Input   : injectMotionEvent: MotionEvent { action=ACTION_UP, actionButton=0, id[0]=0, x[0]=355.0, y[0]=1674.0, toolType[0]=TOOL_TYPE_UNKNOWN, buttonState=0, metaState=0, flags=0x0, edgeFlags=0x0, pointerCount=1, historySize=0, eventTime=824407194, downTime=824407194, deviceId=0, source=0x1002 }
08-05 20:59:50.787  6068  6068 D AndroidRuntime: Shutting down VM
08-05 20:59:50.798   512  2967 D audio_hw_primary: out_set_parameters: enter: usecase(1: low-latency-playback) kvpairs: routing=2
08-05 20:59:50.801  4787  4806 I art     : Starting a blocking GC Explicit
08-05 20:59:50.813   512  2967 D audio_hw_primary: select_devices: out_snd_device(2: speaker) in_snd_device(0: none)
08-05 20:59:50.813   512  2967 D msm8974_platform: platform_send_audio_calibration: sending audio calibration for snd_device(2) acdb_id(15)
08-05 20:59:50.814   512  2967 I soundtrigger: audio_extn_sound_trigger_update_device_status: device 0x2 of type 0 for Event 1
08-05 20:59:50.822   512  2967 D audio_hw_primary: enable_snd_device: snd_device(2: speaker)
08-05 20:59:50.825   512  2967 D audio_hw_primary: enable_audio_route: apply and update mixer path: low-latency-playback speaker
08-05 20:59:50.841  4787  4806 I art     : Explicit concurrent mark sweep GC freed 475(24KB) AllocSpace objects, 0(0B) LOS objects, 23% free, 51MB/67MB, paused 1ms total 39.471ms
08-05 20:59:50.858  4787  4806 I art     : Starting a blocking GC Explicit
08-05 20:59:50.866   512  2967 D AudioFlinger: mixer(0xf4740000) throttle end: throttle time(12)
08-05 20:59:50.895  4787  4806 I art     : Explicit concurrent mark sweep GC freed 1368(140KB) AllocSpace objects, 0(0B) LOS objects, 23% free, 50MB/66MB, paused 1.006ms total 37.152ms
08-05 20:59:50.912  4787  4806 I art     : Starting a blocking GC Explicit
08-05 20:59:50.951  4787  4806 I art     : Explicit concurrent mark sweep GC freed 7(272B) AllocSpace objects, 0(0B) LOS objects, 23% free, 50MB/66MB, paused 1.018ms total 38.911ms
08-05 20:59:51.069 13866 13882 I PeriodicStatsRunner: PeriodicStatsRunner.call():175 call()
08-05 20:59:51.069 13866 13882 I PeriodicStatsRunner: PeriodicStatsRunner.call():179 No submit PeriodicStats since input started.
08-05 20:59:51.192   918  3261 D WifiStateMachine: starting scan for "H369AA63323"WPA_PSK with 2412,5180
08-05 20:59:51.310  4787  5061 I art     : Starting a blocking GC Explicit
08-05 20:59:51.348  4787  5061 I art     : Explicit concurrent mark sweep GC freed 6(1216B) AllocSpace objects, 0(0B) LOS objects, 12% free, 115MB/131MB, paused 1.009ms total 38.385ms
08-05 20:59:51.358   512  2967 D audio_hw_primary: disable_audio_route: reset and update mixer path: low-latency-playback speaker
08-05 20:59:51.360   512  2967 D audio_hw_primary: disable_snd_device: snd_device(2: speaker)
08-05 20:59:51.365  4787  5061 I art     : Starting a blocking GC Explicit
08-05 20:59:51.367   512  2967 I soundtrigger: audio_extn_sound_trigger_update_device_status: device 0x2 of type 0 for Event 0
08-05 20:59:51.403  4787  5061 I art     : Explicit concurrent mark sweep GC freed 3(96B) AllocSpace objects, 0(0B) LOS objects, 12% free, 115MB/131MB, paused 1.020ms total 38.369ms
08-05 20:59:51.420  4787  5061 I art     : Starting a blocking GC Explicit
08-05 20:59:51.458  4787  5061 I art     : Explicit concurrent mark sweep GC freed 3(96B) AllocSpace objects, 0(0B) LOS objects, 12% free, 115MB/131MB, paused 1.052ms total 37.639ms
08-05 20:59:51.474  4787  5061 I art     : Starting a blocking GC Explicit
08-05 20:59:51.513  4787  5061 I art     : Explicit concurrent mark sweep GC freed 3(96B) AllocSpace objects, 0(0B) LOS objects, 12% free, 115MB/131MB, paused 1.024ms total 38.793ms
08-05 20:59:51.530  4787  5061 I art     : Starting a blocking GC Explicit
08-05 20:59:51.569  4787  5061 I art     : Explicit concurrent mark sweep GC freed 4(128B) AllocSpace objects, 0(0B) LOS objects, 10% free, 134MB/150MB, paused 1.012ms total 38.967ms
08-05 20:59:51.710  4787  4787 I Choreographer: Skipped 54 frames!  The application may be doing too much work on its main thread.
08-05 20:59:51.710  4787  4787 V MainActivity: url = https://project-travel-mate.herokuapp.com/api/number-of-unread-notifications
08-05 20:59:51.939  4787  5061 I art     : Starting a blocking GC Explicit
08-05 20:59:51.983  4787  5061 I art     : Explicit concurrent mark sweep GC freed 3193(150KB) AllocSpace objects, 11(288KB) LOS objects, 10% free, 134MB/150MB, paused 994us total 44.015ms
08-05 20:59:52.004  4787  5061 I art     : Starting a blocking GC Explicit
08-05 20:59:52.045  4787  5061 I art     : Explicit concurrent mark sweep GC freed 921(53KB) AllocSpace objects, 0(0B) LOS objects, 10% free, 134MB/150MB, paused 961us total 40.265ms
08-05 20:59:52.062  4787  5061 I art     : Starting a blocking GC Explicit
08-05 20:59:52.102  4787  5061 I art     : Explicit concurrent mark sweep GC freed 3(96B) AllocSpace objects, 0(0B) LOS objects, 10% free, 134MB/150MB, paused 983us total 40.280ms
08-05 20:59:52.119  4787  5061 I art     : Starting a blocking GC Explicit
08-05 20:59:52.160  4787  5061 I art     : Explicit concurrent mark sweep GC freed 3(96B) AllocSpace objects, 0(0B) LOS objects, 10% free, 134MB/150MB, paused 951us total 41.183ms
08-05 20:59:52.177  4787  5061 I art     : Starting a blocking GC Explicit
08-05 20:59:52.219  4787  5061 I art     : Explicit concurrent mark sweep GC freed 3(96B) AllocSpace objects, 0(0B) LOS objects, 10% free, 134MB/150MB, paused 1.026ms total 41.517ms
08-05 20:59:52.302  4787  6102 I NAPPA_EXPERIMENTATION: MetricNetworkRequestExecutionTime: REQUEST_DURATION_SYSTEM='591',REQUEST_DURATION_OKHTTP='36',REQUEST_SYNCHRONOUS='FALSE',RESPONSE_CODE='200',RESPONSE_METHOD='GET',RESPONSE_LENGTH_OKHTTP='36',RESPONSE_LENGTH_HEADER='36',REQUEST_PROTOCOL='http/1.1',REQUEST_URL='https://project-travel-mate.herokuapp.com/api/number-of-unread-notifications',
08-05 20:59:52.627  4787  4800 I art     : Starting a blocking GC Explicit
08-05 20:59:52.675  4787  4800 I art     : Explicit concurrent mark sweep GC freed 4240(231KB) AllocSpace objects, 5(236KB) LOS objects, 10% free, 134MB/150MB, paused 907us total 47.574ms
08-05 20:59:52.692  4787  4800 I art     : Starting a blocking GC Explicit
08-05 20:59:52.736  4787  4800 I art     : Explicit concurrent mark sweep GC freed 987(118KB) AllocSpace objects, 0(0B) LOS objects, 10% free, 134MB/150MB, paused 981us total 43.937ms
08-05 20:59:52.757  4787  4800 I art     : Starting a blocking GC Explicit
08-05 20:59:52.801  4787  4800 I art     : Explicit concurrent mark sweep GC freed 14(672B) AllocSpace objects, 0(0B) LOS objects, 10% free, 134MB/150MB, paused 984us total 44.217ms
08-05 20:59:52.819  4787  4800 I art     : Starting a blocking GC Explicit
08-05 20:59:52.866  4787  4800 I art     : Explicit concurrent mark sweep GC freed 3(96B) AllocSpace objects, 0(0B) LOS objects, 10% free, 134MB/150MB, paused 1.088ms total 46.742ms
08-05 20:59:52.886  4787  4800 I art     : Starting a blocking GC Explicit
08-05 20:59:52.932  4787  4800 I art     : Explicit concurrent mark sweep GC freed 3(96B) AllocSpace objects, 0(0B) LOS objects, 10% free, 134MB/150MB, paused 894us total 45.458ms
08-05 20:59:53.028 13866 13882 I PeriodicStatsRunner: PeriodicStatsRunner.call():175 call()
08-05 20:59:53.028 13866 13882 I PeriodicStatsRunner: PeriodicStatsRunner.call():179 No submit PeriodicStats since input started.
08-05 20:59:53.308  4787  4801 I art     : Starting a blocking GC Explicit
08-05 20:59:53.353  4787  4801 I art     : Explicit concurrent mark sweep GC freed 1432(83KB) AllocSpace objects, 2(36KB) LOS objects, 10% free, 134MB/150MB, paused 1.132ms total 44.194ms
08-05 20:59:53.371  4787  4801 I art     : Starting a blocking GC Explicit
08-05 20:59:53.410  4787  4801 I art     : Explicit concurrent mark sweep GC freed 28(976B) AllocSpace objects, 0(0B) LOS objects, 10% free, 134MB/150MB, paused 1.166ms total 38.938ms
08-05 20:59:53.428  4787  4801 I art     : Starting a blocking GC Explicit
08-05 20:59:53.468  4787  4801 I art     : Explicit concurrent mark sweep GC freed 11(352B) AllocSpace objects, 0(0B) LOS objects, 10% free, 134MB/150MB, paused 926us total 40.103ms
08-05 20:59:53.486  4787  4801 I art     : Starting a blocking GC Explicit
08-05 20:59:53.530  4787  4801 I art     : Explicit concurrent mark sweep GC freed 9(288B) AllocSpace objects, 0(0B) LOS objects, 10% free, 134MB/150MB, paused 1.126ms total 44.430ms
08-05 20:59:53.548  4787  4801 I art     : Starting a blocking GC Explicit
08-05 20:59:53.591  4787  4801 I art     : Explicit concurrent mark sweep GC freed 8(256B) AllocSpace objects, 0(0B) LOS objects, 10% free, 134MB/150MB, paused 1.068ms total 42.851ms
08-05 20:59:53.606  6133  6133 D AndroidRuntime: >>>>>> START com.android.internal.os.RuntimeInit uid 2000 <<<<<<
08-05 20:59:53.612  6133  6133 D AndroidRuntime: CheckJNI is OFF
08-05 20:59:53.653  6133  6133 D ICU     : No timezone override file found: /data/misc/zoneinfo/current/icu/icu_tzdata.dat
08-05 20:59:53.698  6133  6133 I Radio-JNI: register_android_hardware_Radio DONE
08-05 20:59:53.729  6133  6133 D AndroidRuntime: Calling main entry com.android.commands.input.Input
08-05 20:59:53.732  6133  6133 I Input   : injectMotionEvent: MotionEvent { action=ACTION_DOWN, actionButton=0, id[0]=0, x[0]=747.0, y[0]=608.0, toolType[0]=TOOL_TYPE_UNKNOWN, buttonState=0, metaState=0, flags=0x0, edgeFlags=0x0, pointerCount=1, historySize=0, eventTime=824410144, downTime=824410144, deviceId=0, source=0x1002 }
08-05 20:59:53.744  6133  6133 I Input   : injectMotionEvent: MotionEvent { action=ACTION_UP, actionButton=0, id[0]=0, x[0]=747.0, y[0]=608.0, toolType[0]=TOOL_TYPE_UNKNOWN, buttonState=0, metaState=0, flags=0x0, edgeFlags=0x0, pointerCount=1, historySize=0, eventTime=824410144, downTime=824410144, deviceId=0, source=0x1002 }
08-05 20:59:53.746  6133  6133 D AndroidRuntime: Shutting down VM
08-05 20:59:53.747   918  5952 I ActivityManager: START u0 {cmp=baseline.io.github.project_travel_mate/.utilities.ChecklistActivity} from uid 10674 on display 0
08-05 20:59:53.750   512  2967 D audio_hw_primary: out_set_parameters: enter: usecase(1: low-latency-playback) kvpairs: routing=2
08-05 20:59:53.763   512  2967 D audio_hw_primary: select_devices: out_snd_device(2: speaker) in_snd_device(0: none)
08-05 20:59:53.763   512  2967 D msm8974_platform: platform_send_audio_calibration: sending audio calibration for snd_device(2) acdb_id(15)
08-05 20:59:53.763   512  2967 I soundtrigger: audio_extn_sound_trigger_update_device_status: device 0x2 of type 0 for Event 1
08-05 20:59:53.774   512  2967 D audio_hw_primary: enable_snd_device: snd_device(2: speaker)
08-05 20:59:53.776   512  2967 D audio_hw_primary: enable_audio_route: apply and update mixer path: low-latency-playback speaker
08-05 20:59:53.862   918   936 I ActivityManager: Displayed baseline.io.github.project_travel_mate/.utilities.ChecklistActivity: +104ms
08-05 20:59:53.863 13866 13866 I GoogleInputMethodServic: GoogleInputMethodService.onFinishInput():3138 
08-05 20:59:53.863 13866 13866 I GoogleInputMethodServic: GoogleInputMethodService.onStartInput():1808 
08-05 20:59:53.978  4787  4801 I art     : Starting a blocking GC Explicit
08-05 20:59:54.019  4787  4801 I art     : Explicit concurrent mark sweep GC freed 3192(288KB) AllocSpace objects, 2(36KB) LOS objects, 10% free, 135MB/151MB, paused 1.035ms total 40.816ms
08-05 20:59:54.036  4787  4801 I art     : Starting a blocking GC Explicit
08-05 20:59:54.076  4787  4801 I art     : Explicit concurrent mark sweep GC freed 416(17KB) AllocSpace objects, 0(0B) LOS objects, 10% free, 135MB/151MB, paused 1.017ms total 40.393ms
08-05 20:59:54.093  4787  4801 I art     : Starting a blocking GC Explicit
08-05 20:59:54.114   380   380 W SurfaceFlinger: couldn't log to binary event log: overflow.
08-05 20:59:54.133  4787  4801 I art     : Explicit concurrent mark sweep GC freed 3(96B) AllocSpace objects, 0(0B) LOS objects, 10% free, 135MB/151MB, paused 949us total 39.367ms
08-05 20:59:54.149  4787  4801 I art     : Starting a blocking GC Explicit
08-05 20:59:54.187  4787  4801 I art     : Explicit concurrent mark sweep GC freed 3(96B) AllocSpace objects, 0(0B) LOS objects, 10% free, 135MB/151MB, paused 1.029ms total 37.625ms
08-05 20:59:54.205  4787  4801 I art     : Starting a blocking GC Explicit
08-05 20:59:54.245  4787  4801 I art     : Explicit concurrent mark sweep GC freed 35(1280B) AllocSpace objects, 0(0B) LOS objects, 10% free, 135MB/151MB, paused 1.038ms total 40.672ms
08-05 20:59:54.310   512  2967 D audio_hw_primary: disable_audio_route: reset and update mixer path: low-latency-playback speaker
08-05 20:59:54.311   512  2967 D audio_hw_primary: disable_snd_device: snd_device(2: speaker)
08-05 20:59:54.319   512  2967 I soundtrigger: audio_extn_sound_trigger_update_device_status: device 0x2 of type 0 for Event 0
08-05 20:59:54.635  4787  5061 I art     : Starting a blocking GC Explicit
08-05 20:59:54.694  4787  5061 I art     : Explicit concurrent mark sweep GC freed 1639(95KB) AllocSpace objects, 2(36KB) LOS objects, 10% free, 135MB/151MB, paused 1.172ms total 57.887ms
08-05 20:59:54.714  4787  5061 I art     : Starting a blocking GC Explicit
08-05 20:59:54.760  4787  5061 I art     : Explicit concurrent mark sweep GC freed 38(1360B) AllocSpace objects, 0(0B) LOS objects, 10% free, 135MB/151MB, paused 1.185ms total 45.305ms
08-05 20:59:54.782  4787  5061 I art     : Starting a blocking GC Explicit
08-05 20:59:54.825  4787  5061 I art     : Explicit concurrent mark sweep GC freed 36(1008B) AllocSpace objects, 0(0B) LOS objects, 10% free, 135MB/151MB, paused 1.105ms total 43.280ms
08-05 20:59:54.843  4787  5061 I art     : Starting a blocking GC Explicit
08-05 20:59:54.888  4787  5061 I art     : Explicit concurrent mark sweep GC freed 5(384B) AllocSpace objects, 0(0B) LOS objects, 10% free, 135MB/151MB, paused 1.101ms total 44.717ms
08-05 20:59:54.905  4787  5061 I art     : Starting a blocking GC Explicit
08-05 20:59:54.950  4787  5061 I art     : Explicit concurrent mark sweep GC freed 3(96B) AllocSpace objects, 0(0B) LOS objects, 10% free, 135MB/151MB, paused 1.138ms total 44.745ms
08-05 20:59:55.357  4787  4800 I art     : Starting a blocking GC Explicit
08-05 20:59:55.413  4787  4800 I art     : Explicit concurrent mark sweep GC freed 1618(94KB) AllocSpace objects, 2(36KB) LOS objects, 10% free, 135MB/151MB, paused 1.202ms total 56.107ms
08-05 20:59:55.436  4787  4800 I art     : Starting a blocking GC Explicit
08-05 20:59:55.485  4787  4800 I art     : Explicit concurrent mark sweep GC freed 41(1728B) AllocSpace objects, 0(0B) LOS objects, 10% free, 135MB/151MB, paused 1.125ms total 48.714ms
08-05 20:59:55.503  4787  4800 I art     : Starting a blocking GC Explicit
08-05 20:59:55.552  4787  4800 I art     : Explicit concurrent mark sweep GC freed 14(672B) AllocSpace objects, 0(0B) LOS objects, 10% free, 135MB/151MB, paused 1.154ms total 48.951ms
08-05 20:59:55.570  4787  4800 I art     : Starting a blocking GC Explicit
08-05 20:59:55.618  4787  4800 I art     : Explicit concurrent mark sweep GC freed 10(368B) AllocSpace objects, 0(0B) LOS objects, 10% free, 135MB/151MB, paused 1.263ms total 48.041ms
08-05 20:59:55.636  4787  4800 I art     : Starting a blocking GC Explicit
08-05 20:59:55.686  4787  4800 I art     : Explicit concurrent mark sweep GC freed 3(96B) AllocSpace objects, 0(0B) LOS objects, 10% free, 135MB/151MB, paused 1.214ms total 49.386ms
08-05 20:59:56.119  4787  4806 I art     : Starting a blocking GC Explicit
08-05 20:59:56.183  4787  4806 I art     : Explicit concurrent mark sweep GC freed 1663(96KB) AllocSpace objects, 2(36KB) LOS objects, 10% free, 135MB/151MB, paused 1.230ms total 63.064ms
08-05 20:59:56.203  4787  4806 I art     : Starting a blocking GC Explicit
08-05 20:59:56.253  4787  4806 I art     : Explicit concurrent mark sweep GC freed 40(1648B) AllocSpace objects, 0(0B) LOS objects, 10% free, 135MB/151MB, paused 1.364ms total 49.161ms
08-05 20:59:56.274  4787  4806 I art     : Starting a blocking GC Explicit
08-05 20:59:56.323  4787  4806 I art     : Explicit concurrent mark sweep GC freed 3(96B) AllocSpace objects, 0(0B) LOS objects, 10% free, 135MB/151MB, paused 1.135ms total 48.441ms
08-05 20:59:56.341  4787  4806 I art     : Starting a blocking GC Explicit
08-05 20:59:56.389  4787  4806 I art     : Explicit concurrent mark sweep GC freed 3(96B) AllocSpace objects, 0(0B) LOS objects, 10% free, 135MB/151MB, paused 1.138ms total 48.336ms
08-05 20:59:56.407  4787  4806 I art     : Starting a blocking GC Explicit
08-05 20:59:56.457  4787  4806 I art     : Explicit concurrent mark sweep GC freed 3(96B) AllocSpace objects, 0(0B) LOS objects, 10% free, 135MB/151MB, paused 1.368ms total 49.702ms
08-05 20:59:56.883  4787  4801 I art     : Starting a blocking GC Explicit
08-05 20:59:56.932  4787  4801 I art     : Explicit concurrent mark sweep GC freed 1650(95KB) AllocSpace objects, 2(36KB) LOS objects, 10% free, 135MB/151MB, paused 1.093ms total 48.172ms
08-05 20:59:56.949  4787  4801 I art     : Starting a blocking GC Explicit
08-05 20:59:56.994  4787  4801 I art     : Explicit concurrent mark sweep GC freed 30(1104B) AllocSpace objects, 0(0B) LOS objects, 10% free, 135MB/151MB, paused 1.066ms total 44.374ms
08-05 20:59:57.011  4787  4801 I art     : Starting a blocking GC Explicit
08-05 20:59:57.063  4787  4801 I art     : Explicit concurrent mark sweep GC freed 3(96B) AllocSpace objects, 0(0B) LOS objects, 10% free, 135MB/151MB, paused 1.237ms total 51.472ms
08-05 20:59:57.084  4787  4801 I art     : Starting a blocking GC Explicit
08-05 20:59:57.132  4787  4801 I art     : Explicit concurrent mark sweep GC freed 3(96B) AllocSpace objects, 0(0B) LOS objects, 10% free, 135MB/151MB, paused 1.166ms total 47.004ms
08-05 20:59:57.149  4787  4801 I art     : Starting a blocking GC Explicit
08-05 20:59:57.176 32448 32448 I ServiceManager: Waiting for service AtCmdFwd...
08-05 20:59:57.199  4787  4801 I art     : Explicit concurrent mark sweep GC freed 3(96B) AllocSpace objects, 0(0B) LOS objects, 10% free, 135MB/151MB, paused 1.160ms total 49.466ms
08-05 20:59:57.621  4787  5061 I art     : Starting a blocking GC Explicit
08-05 20:59:57.685  4787  5061 I art     : Explicit concurrent mark sweep GC freed 1622(94KB) AllocSpace objects, 2(36KB) LOS objects, 10% free, 135MB/151MB, paused 1.231ms total 63.409ms
08-05 20:59:57.705  4787  5061 I art     : Starting a blocking GC Explicit
08-05 20:59:57.752  4787  5061 I art     : Explicit concurrent mark sweep GC freed 30(1104B) AllocSpace objects, 0(0B) LOS objects, 10% free, 135MB/151MB, paused 1.137ms total 46.984ms
08-05 20:59:57.770  4787  5061 I art     : Starting a blocking GC Explicit
08-05 20:59:57.819  4787  5061 I art     : Explicit concurrent mark sweep GC freed 34(928B) AllocSpace objects, 0(0B) LOS objects, 10% free, 135MB/151MB, paused 1.159ms total 49.049ms
08-05 20:59:57.837  4787  5061 I art     : Starting a blocking GC Explicit
08-05 20:59:57.884  4787  5061 I art     : Explicit concurrent mark sweep GC freed 3(96B) AllocSpace objects, 0(0B) LOS objects, 10% free, 135MB/151MB, paused 1.122ms total 46.090ms
08-05 20:59:57.902  4787  5061 I art     : Starting a blocking GC Explicit
08-05 20:59:57.951  4787  5061 I art     : Explicit concurrent mark sweep GC freed 3(96B) AllocSpace objects, 0(0B) LOS objects, 10% free, 135MB/151MB, paused 1.134ms total 49.513ms
08-05 20:59:58.176 32448 32448 I ServiceManager: Waiting for service AtCmdFwd...
08-05 20:59:58.329  4787  4800 I art     : Starting a blocking GC Explicit
08-05 20:59:58.381  4787  4800 I art     : Explicit concurrent mark sweep GC freed 1621(94KB) AllocSpace objects, 2(36KB) LOS objects, 10% free, 135MB/151MB, paused 1.190ms total 51.632ms
08-05 20:59:58.399  4787  4800 I art     : Starting a blocking GC Explicit
08-05 20:59:58.446  4787  4800 I art     : Explicit concurrent mark sweep GC freed 30(1104B) AllocSpace objects, 0(0B) LOS objects, 10% free, 135MB/151MB, paused 1.125ms total 46.207ms
08-05 20:59:58.463  4787  4800 I art     : Starting a blocking GC Explicit
08-05 20:59:58.507  4787  4800 I art     : Explicit concurrent mark sweep GC freed 15(752B) AllocSpace objects, 0(0B) LOS objects, 10% free, 135MB/151MB, paused 1.127ms total 43.180ms
08-05 20:59:58.524  4787  4800 I art     : Starting a blocking GC Explicit
08-05 20:59:58.569  4787  4800 I art     : Explicit concurrent mark sweep GC freed 13(640B) AllocSpace objects, 0(0B) LOS objects, 10% free, 135MB/151MB, paused 1.194ms total 45.186ms
08-05 20:59:58.573  6223  6223 D AndroidRuntime: >>>>>> START com.android.internal.os.RuntimeInit uid 2000 <<<<<<
08-05 20:59:58.579  6223  6223 D AndroidRuntime: CheckJNI is OFF
08-05 20:59:58.587  4787  4800 I art     : Starting a blocking GC Explicit
08-05 20:59:58.624  6223  6223 D ICU     : No timezone override file found: /data/misc/zoneinfo/current/icu/icu_tzdata.dat
08-05 20:59:58.631  4787  4800 I art     : Explicit concurrent mark sweep GC freed 3(96B) AllocSpace objects, 0(0B) LOS objects, 10% free, 135MB/151MB, paused 1.165ms total 43.549ms
08-05 20:59:58.671  6223  6223 I Radio-JNI: register_android_hardware_Radio DONE
08-05 20:59:58.700  6223  6223 D AndroidRuntime: Calling main entry com.android.commands.input.Input
08-05 20:59:58.702  6223  6223 I Input   : injectKeyEvent: KeyEvent { action=ACTION_DOWN, keyCode=KEYCODE_BACK, scanCode=0, metaState=0, flags=0x0, repeatCount=0, eventTime=824415115, downTime=824415115, deviceId=-1, source=0x101 }
08-05 20:59:58.709  6223  6223 I Input   : injectKeyEvent: KeyEvent { action=ACTION_UP, keyCode=KEYCODE_BACK, scanCode=0, metaState=0, flags=0x0, repeatCount=0, eventTime=824415115, downTime=824415115, deviceId=-1, source=0x101 }
08-05 20:59:58.714  6223  6223 D AndroidRuntime: Shutting down VM
08-05 20:59:58.735  4787  4787 V MainActivity: url = https://project-travel-mate.herokuapp.com/api/number-of-unread-notifications
08-05 20:59:58.764 13866 13866 I GoogleInputMethodServic: GoogleInputMethodService.onFinishInput():3138 
08-05 20:59:58.764 13866 13866 I GoogleInputMethodServic: GoogleInputMethodService.onStartInput():1808 
08-05 20:59:58.863 13866 13882 I PeriodicStatsRunner: PeriodicStatsRunner.call():175 call()
08-05 20:59:58.864 13866 13882 I PeriodicStatsRunner: PeriodicStatsRunner.call():179 No submit PeriodicStats since input started.
08-05 20:59:59.003  4787  4801 I art     : Starting a blocking GC Explicit
08-05 20:59:59.050  4787  4801 I art     : Explicit concurrent mark sweep GC freed 2139(117KB) AllocSpace objects, 2(36KB) LOS objects, 10% free, 135MB/151MB, paused 1.175ms total 47.510ms
08-05 20:59:59.053   380   380 W SurfaceFlinger: couldn't log to binary event log: overflow.
08-05 20:59:59.072  4787  4801 I art     : Starting a blocking GC Explicit
08-05 20:59:59.112  4787  4801 I art     : Explicit concurrent mark sweep GC freed 501(22KB) AllocSpace objects, 0(0B) LOS objects, 10% free, 135MB/151MB, paused 1.049ms total 38.817ms
08-05 20:59:59.128  4787  4801 I art     : Starting a blocking GC Explicit
08-05 20:59:59.170  4787  4801 I art     : Explicit concurrent mark sweep GC freed 131(6KB) AllocSpace objects, 0(0B) LOS objects, 10% free, 135MB/151MB, paused 1.187ms total 41.577ms
08-05 20:59:59.177 32448 32448 I ServiceManager: Waiting for service AtCmdFwd...
08-05 20:59:59.188  4787  4801 I art     : Starting a blocking GC Explicit
08-05 20:59:59.232  4787  4801 I art     : Explicit concurrent mark sweep GC freed 3(96B) AllocSpace objects, 0(0B) LOS objects, 10% free, 135MB/151MB, paused 1.156ms total 43.881ms
08-05 20:59:59.249  4787  4801 I art     : Starting a blocking GC Explicit
08-05 20:59:59.294  4787  4801 I art     : Explicit concurrent mark sweep GC freed 3(96B) AllocSpace objects, 0(0B) LOS objects, 10% free, 135MB/151MB, paused 1.234ms total 44.957ms
08-05 20:59:59.473  4787  6247 I NAPPA_EXPERIMENTATION: MetricNetworkRequestExecutionTime: REQUEST_DURATION_SYSTEM='737',REQUEST_DURATION_OKHTTP='38',REQUEST_SYNCHRONOUS='FALSE',RESPONSE_CODE='200',RESPONSE_METHOD='GET',RESPONSE_LENGTH_OKHTTP='36',RESPONSE_LENGTH_HEADER='36',REQUEST_PROTOCOL='http/1.1',REQUEST_URL='https://project-travel-mate.herokuapp.com/api/number-of-unread-notifications',
08-05 20:59:59.667  4787  4800 I art     : Starting a blocking GC Explicit
08-05 20:59:59.730  4787  4800 I art     : Explicit concurrent mark sweep GC freed 4419(242KB) AllocSpace objects, 5(236KB) LOS objects, 10% free, 135MB/151MB, paused 1.154ms total 62.678ms
08-05 20:59:59.731  4787  4799 I art     : WaitForGcToComplete blocked for 36.346ms for cause HeapTrim
08-05 20:59:59.751  4787  4800 I art     : Starting a blocking GC Explicit
08-05 20:59:59.796  4787  4800 I art     : Explicit concurrent mark sweep GC freed 997(118KB) AllocSpace objects, 0(0B) LOS objects, 10% free, 135MB/151MB, paused 1.128ms total 44.489ms
08-05 20:59:59.813  4787  4800 I art     : Starting a blocking GC Explicit
08-05 20:59:59.858  4787  4800 I art     : Explicit concurrent mark sweep GC freed 27(1248B) AllocSpace objects, 0(0B) LOS objects, 10% free, 135MB/151MB, paused 1.168ms total 44.786ms
08-05 20:59:59.876  4787  4800 I art     : Starting a blocking GC Explicit
08-05 20:59:59.922  4787  4800 I art     : Explicit concurrent mark sweep GC freed 31(960B) AllocSpace objects, 0(0B) LOS objects, 10% free, 135MB/151MB, paused 1.096ms total 45.707ms
08-05 20:59:59.939  4787  4800 I art     : Starting a blocking GC Explicit
08-05 20:59:59.982  4787  4800 I art     : Explicit concurrent mark sweep GC freed 3(96B) AllocSpace objects, 0(0B) LOS objects, 10% free, 135MB/151MB, paused 1.140ms total 42.469ms
08-05 21:00:00.177 32448 32448 I ServiceManager: Waiting for service AtCmdFwd...
08-05 21:00:00.354  4787  4806 I art     : Starting a blocking GC Explicit
08-05 21:00:00.409  4787  4806 I art     : Explicit concurrent mark sweep GC freed 1630(94KB) AllocSpace objects, 2(36KB) LOS objects, 10% free, 135MB/151MB, paused 1.134ms total 54.285ms
08-05 21:00:00.427  4787  4806 I art     : Starting a blocking GC Explicit
08-05 21:00:00.466  4787  4806 I art     : Explicit concurrent mark sweep GC freed 45(1776B) AllocSpace objects, 0(0B) LOS objects, 10% free, 135MB/151MB, paused 1.097ms total 39.388ms
08-05 21:00:00.484  6269  6269 D AndroidRuntime: >>>>>> START com.android.internal.os.RuntimeInit uid 2000 <<<<<<
08-05 21:00:00.485  4787  4806 I art     : Starting a blocking GC Explicit
08-05 21:00:00.490  6269  6269 D AndroidRuntime: CheckJNI is OFF
08-05 21:00:00.527  4787  4806 I art     : Explicit concurrent mark sweep GC freed 25(784B) AllocSpace objects, 0(0B) LOS objects, 10% free, 135MB/151MB, paused 1.075ms total 41.823ms
08-05 21:00:00.532  6269  6269 D ICU     : No timezone override file found: /data/misc/zoneinfo/current/icu/icu_tzdata.dat
08-05 21:00:00.544  4787  4806 I art     : Starting a blocking GC Explicit
08-05 21:00:00.576  6269  6269 I Radio-JNI: register_android_hardware_Radio DONE
08-05 21:00:00.587  4787  4806 I art     : Explicit concurrent mark sweep GC freed 9(288B) AllocSpace objects, 0(0B) LOS objects, 10% free, 135MB/151MB, paused 1.266ms total 42.360ms
08-05 21:00:00.604  4787  4806 I art     : Starting a blocking GC Explicit
08-05 21:00:00.606  6269  6269 D AndroidRuntime: Calling main entry com.android.commands.input.Input
08-05 21:00:00.608  6269  6269 I Input   : injectMotionEvent: MotionEvent { action=ACTION_DOWN, actionButton=0, id[0]=0, x[0]=657.0, y[0]=2037.0, toolType[0]=TOOL_TYPE_UNKNOWN, buttonState=0, metaState=0, flags=0x0, edgeFlags=0x0, pointerCount=1, historySize=0, eventTime=824417021, downTime=824417021, deviceId=0, source=0x1002 }
08-05 21:00:00.615  6269  6269 I Input   : injectMotionEvent: MotionEvent { action=ACTION_UP, actionButton=0, id[0]=0, x[0]=657.0, y[0]=2037.0, toolType[0]=TOOL_TYPE_UNKNOWN, buttonState=0, metaState=0, flags=0x0, edgeFlags=0x0, pointerCount=1, historySize=0, eventTime=824417021, downTime=824417021, deviceId=0, source=0x1002 }
08-05 21:00:00.617  6269  6269 D AndroidRuntime: Shutting down VM
08-05 21:00:00.623   918  4400 I ActivityManager: START u0 {cmp=baseline.io.github.project_travel_mate/.utilities.CompassActivity} from uid 10674 on display 0
08-05 21:00:00.627   512  2967 D audio_hw_primary: out_set_parameters: enter: usecase(1: low-latency-playback) kvpairs: routing=2
08-05 21:00:00.640   512  2967 D audio_hw_primary: select_devices: out_snd_device(2: speaker) in_snd_device(0: none)
08-05 21:00:00.640   512  2967 D msm8974_platform: platform_send_audio_calibration: sending audio calibration for snd_device(2) acdb_id(15)
08-05 21:00:00.640   512  2967 I soundtrigger: audio_extn_sound_trigger_update_device_status: device 0x2 of type 0 for Event 1
08-05 21:00:00.646  4787  4806 I art     : Explicit concurrent mark sweep GC freed 32(4KB) AllocSpace objects, 0(0B) LOS objects, 10% free, 135MB/151MB, paused 1.535ms total 42.047ms
08-05 21:00:00.650   512  2967 D audio_hw_primary: enable_snd_device: snd_device(2: speaker)
08-05 21:00:00.652   512  2967 D audio_hw_primary: enable_audio_route: apply and update mixer path: low-latency-playback speaker
08-05 21:00:01.013  4787  4800 I art     : Starting a blocking GC Explicit
08-05 21:00:01.057  4787  4800 I art     : Explicit concurrent mark sweep GC freed 108(4KB) AllocSpace objects, 0(0B) LOS objects, 7% free, 184MB/200MB, paused 1.271ms total 44.250ms
08-05 21:00:01.075  4787  4800 I art     : Starting a blocking GC Explicit
08-05 21:00:01.116  4787  4800 I art     : Explicit concurrent mark sweep GC freed 3(96B) AllocSpace objects, 0(0B) LOS objects, 7% free, 184MB/200MB, paused 1.106ms total 41.410ms
08-05 21:00:01.133  4787  4800 I art     : Starting a blocking GC Explicit
08-05 21:00:01.175  4787  4800 I art     : Explicit concurrent mark sweep GC freed 6(192B) AllocSpace objects, 0(0B) LOS objects, 7% free, 187MB/203MB, paused 1.130ms total 41.709ms
08-05 21:00:01.178 32448 32448 I ServiceManager: Waiting for service AtCmdFwd...
08-05 21:00:01.179   512  2967 D audio_hw_primary: disable_audio_route: reset and update mixer path: low-latency-playback speaker
08-05 21:00:01.179   512  2967 D audio_hw_primary: disable_snd_device: snd_device(2: speaker)
08-05 21:00:01.187   512  2967 I soundtrigger: audio_extn_sound_trigger_update_device_status: device 0x2 of type 0 for Event 0
08-05 21:00:01.192  4787  4800 I art     : Starting a blocking GC Explicit
08-05 21:00:01.201  4787  4787 D CompassActivity: start compass
08-05 21:00:01.211   918  3359 I sensors : batch
08-05 21:00:01.211   918  3359 I sensors : activate
08-05 21:00:01.211   918  5952 I sensors : batch
08-05 21:00:01.211   918  5952 I sensors : activate
08-05 21:00:01.216  4787  4787 I Choreographer: Skipped 33 frames!  The application may be doing too much work on its main thread.
08-05 21:00:01.218   918  3188 I hubconnection: sensorhub said: 'batch 1 flags:0, sampling_rate_Hz:50.00, max_report_latency_us:0'
08-05 21:00:01.219   918  3188 I hubconnection: sensorhub said: 'activate 1 enable:1'
08-05 21:00:01.220   918  3188 I hubconnection: sensorhub said: 'batch 3 flags:0, sampling_rate_Hz:50.00, max_report_latency_us:0'
08-05 21:00:01.222   918  3188 I hubconnection: sensorhub said: 'activate 3 enable:1'
08-05 21:00:01.237  4787  4800 I art     : Explicit concurrent mark sweep GC freed 142(8KB) AllocSpace objects, 0(0B) LOS objects, 7% free, 187MB/203MB, paused 1.143ms total 44.107ms
08-05 21:00:01.254  4787  4800 I art     : Starting a blocking GC Explicit
08-05 21:00:01.270 13866 13866 I GoogleInputMethodServic: GoogleInputMethodService.onFinishInput():3138 
08-05 21:00:01.270 13866 13866 I GoogleInputMethodServic: GoogleInputMethodService.onStartInput():1808 
08-05 21:00:01.293  4787  4800 I art     : Explicit concurrent mark sweep GC freed 112(4KB) AllocSpace objects, 0(0B) LOS objects, 7% free, 187MB/203MB, paused 1.078ms total 38.559ms
08-05 21:00:01.389  4787  4787 D CompassActivity: will set rotation from 0.0 to 179.15955
08-05 21:00:01.395   918   936 I ActivityManager: Displayed baseline.io.github.project_travel_mate/.utilities.CompassActivity: +758ms
08-05 21:00:01.474  4787  4787 D CompassActivity: will set rotation from 179.15955 to 179.01068
08-05 21:00:01.474  4787  4787 D CompassActivity: will set rotation from 179.01068 to 179.01013
08-05 21:00:01.475  4787  4787 D CompassActivity: will set rotation from 179.01013 to 179.18213
08-05 21:00:01.475  4787  4787 D CompassActivity: will set rotation from 179.18213 to 179.19879
08-05 21:00:01.475  4787  4787 D CompassActivity: will set rotation from 179.19879 to 179.09033
08-05 21:00:01.475  4787  4787 D CompassActivity: will set rotation from 179.09033 to 179.09033
08-05 21:00:01.475  4787  4787 D CompassActivity: will set rotation from 179.09033 to 178.84271
08-05 21:00:01.475  4787  4787 D CompassActivity: will set rotation from 178.84271 to 178.84326
08-05 21:00:01.594  4787  4787 D CompassActivity: will set rotation from 178.84326 to 178.81714
08-05 21:00:01.594  4787  4787 D CompassActivity: will set rotation from 178.81714 to 178.81604
08-05 21:00:01.594  4787  4787 D CompassActivity: will set rotation from 178.81604 to 178.60938
08-05 21:00:01.594  4787  4787 D CompassActivity: will set rotation from 178.60938 to 178.61005
08-05 21:00:01.595  4787  4787 D CompassActivity: will set rotation from 178.61005 to 178.50287
08-05 21:00:01.595  4787  4787 D CompassActivity: will set rotation from 178.50287 to 178.49615
08-05 21:00:01.595  4787  4787 D CompassActivity: will set rotation from 178.49615 to 178.57141
08-05 21:00:01.595  4787  4787 D CompassActivity: will set rotation from 178.57141 to 178.56934
08-05 21:00:01.595  4787  4787 D CompassActivity: will set rotation from 178.56934 to 178.5769
08-05 21:00:01.595  4787  4787 D CompassActivity: will set rotation from 178.5769 to 178.5752
08-05 21:00:01.595  4787  4787 D CompassActivity: will set rotation from 178.5752 to 178.58246
08-05 21:00:01.595  4787  4787 D CompassActivity: will set rotation from 178.58246 to 178.58069
08-05 21:00:01.599  4787  4787 D CompassActivity: will set rotation from 178.58069 to 178.58679
08-05 21:00:01.599  4787  4787 D CompassActivity: will set rotation from 178.58679 to 178.58447
08-05 21:00:01.619  4787  4787 D CompassActivity: will set rotation from 178.58447 to 178.55603
08-05 21:00:01.619  4787  4787 D CompassActivity: will set rotation from 178.55603 to 178.55383
08-05 21:00:01.639  4787  4787 D CompassActivity: will set rotation from 178.55383 to 178.60486
08-05 21:00:01.639  4787  4787 D CompassActivity: will set rotation from 178.60486 to 178.60138
08-05 21:00:01.656   380   380 W SurfaceFlinger: couldn't log to binary event log: overflow.
08-05 21:00:01.659  4787  4787 D CompassActivity: will set rotation from 178.60138 to 178.56628
08-05 21:00:01.659  4787  4787 D CompassActivity: will set rotation from 178.56628 to 178.565
08-05 21:00:01.679  4787  4787 D CompassActivity: will set rotation from 178.565 to 178.49768
08-05 21:00:01.679  4787  4787 D CompassActivity: will set rotation from 178.49768 to 178.4986
08-05 21:00:01.698  4787  4787 D CompassActivity: will set rotation from 178.4986 to 178.54749
08-05 21:00:01.699  4787  4787 D CompassActivity: will set rotation from 178.54749 to 178.54541
08-05 21:00:01.718  4787  4787 D CompassActivity: will set rotation from 178.54541 to 178.59344
08-05 21:00:01.719  4787  4787 D CompassActivity: will set rotation from 178.59344 to 178.5965
08-05 21:00:01.739  4787  4787 D CompassActivity: will set rotation from 178.5965 to 178.57117
08-05 21:00:01.739  4787  4787 D CompassActivity: will set rotation from 178.57117 to 178.57086
08-05 21:00:01.741  4787  4806 I art     : Starting a blocking GC Explicit
08-05 21:00:01.761  4787  4787 D CompassActivity: will set rotation from 178.57086 to 178.60999
08-05 21:00:01.761  4787  4787 D CompassActivity: will set rotation from 178.60999 to 178.60803
08-05 21:00:01.788  4787  4806 I art     : Explicit concurrent mark sweep GC freed 1936(117KB) AllocSpace objects, 2(36KB) LOS objects, 7% free, 187MB/203MB, paused 1.196ms total 47.121ms
08-05 21:00:01.806  4787  4806 I art     : Starting a blocking GC Explicit
08-05 21:00:01.845  4787  4806 I art     : Explicit concurrent mark sweep GC freed 580(22KB) AllocSpace objects, 0(0B) LOS objects, 7% free, 187MB/203MB, paused 1.187ms total 38.995ms
08-05 21:00:01.859  4787  4787 D CompassActivity: will set rotation from 178.60803 to 178.64746
08-05 21:00:01.860  4787  4787 D CompassActivity: will set rotation from 178.64746 to 178.64691
08-05 21:00:01.860  4787  4787 D CompassActivity: will set rotation from 178.64691 to 178.64899
08-05 21:00:01.860  4787  4787 D CompassActivity: will set rotation from 178.64899 to 178.64917
08-05 21:00:01.860  4787  4787 D CompassActivity: will set rotation from 178.64917 to 178.67926
08-05 21:00:01.860  4787  4787 D CompassActivity: will set rotation from 178.67926 to 178.67944
08-05 21:00:01.860  4787  4787 D CompassActivity: will set rotation from 178.67944 to 178.68256
08-05 21:00:01.860  4787  4787 D CompassActivity: will set rotation from 178.68256 to 178.68616
08-05 21:00:01.860  4787  4787 D CompassActivity: will set rotation from 178.68616 to 178.71222
08-05 21:00:01.860  4787  4787 D CompassActivity: will set rotation from 178.71222 to 178.71332
08-05 21:00:01.862  4787  4806 I art     : Starting a blocking GC Explicit
08-05 21:00:01.879  4787  4787 D CompassActivity: will set rotation from 178.71332 to 178.6886
08-05 21:00:01.879  4787  4787 D CompassActivity: will set rotation from 178.6886 to 178.68811
08-05 21:00:01.897  4787  4787 D CompassActivity: will set rotation from 178.68811 to 178.68933
08-05 21:00:01.898  4787  4787 D CompassActivity: will set rotation from 178.68933 to 178.68884
08-05 21:00:01.901  4787  4806 I art     : Explicit concurrent mark sweep GC freed 155(9KB) AllocSpace objects, 0(0B) LOS objects, 7% free, 187MB/203MB, paused 1.004ms total 38.241ms
08-05 21:00:01.918  4787  4787 D CompassActivity: will set rotation from 178.68884 to 178.68811
08-05 21:00:01.918  4787  4806 I art     : Starting a blocking GC Explicit
08-05 21:00:01.918  4787  4787 D CompassActivity: will set rotation from 178.68811 to 178.68713
08-05 21:00:01.938  4787  4787 D CompassActivity: will set rotation from 178.68713 to 178.71106
08-05 21:00:01.938  4787  4787 D CompassActivity: will set rotation from 178.71106 to 178.71606
08-05 21:00:01.960  4787  4806 I art     : Explicit concurrent mark sweep GC freed 190(8KB) AllocSpace objects, 0(0B) LOS objects, 7% free, 187MB/203MB, paused 1.076ms total 41.650ms
08-05 21:00:01.960  4787  4787 D CompassActivity: will set rotation from 178.71606 to 178.71533
08-05 21:00:01.961  4787  4787 D CompassActivity: will set rotation from 178.71533 to 178.7135
08-05 21:00:01.977  4787  4806 I art     : Starting a blocking GC Explicit
08-05 21:00:01.978  4787  4787 D CompassActivity: will set rotation from 178.7135 to 178.76117
08-05 21:00:01.978  4787  4787 D CompassActivity: will set rotation from 178.76117 to 178.76056
08-05 21:00:01.997  4787  4787 D CompassActivity: will set rotation from 178.76056 to 178.75659
08-05 21:00:01.997  4787  4787 D CompassActivity: will set rotation from 178.75659 to 178.75604
08-05 21:00:02.017  4787  4787 D CompassActivity: will set rotation from 178.75604 to 178.73041
08-05 21:00:02.018  4787  4806 I art     : Explicit concurrent mark sweep GC freed 119(5KB) AllocSpace objects, 0(0B) LOS objects, 7% free, 187MB/203MB, paused 1.113ms total 40.581ms
08-05 21:00:02.018  4787  4787 D CompassActivity: will set rotation from 178.73041 to 178.72888
08-05 21:00:02.038  4787  4787 D CompassActivity: will set rotation from 178.72888 to 178.7945
08-05 21:00:02.038  4787  4787 D CompassActivity: will set rotation from 178.7945 to 178.79431
08-05 21:00:02.058  4787  4787 D CompassActivity: will set rotation from 178.79431 to 178.85474
08-05 21:00:02.058  4787  4787 D CompassActivity: will set rotation from 178.85474 to 178.85425
08-05 21:00:02.077  4787  4787 D CompassActivity: will set rotation from 178.85425 to 178.84625
08-05 21:00:02.077  4787  4787 D CompassActivity: will set rotation from 178.84625 to 178.84412
08-05 21:00:02.097  4787  4787 D CompassActivity: will set rotation from 178.84412 to 178.8393
08-05 21:00:02.097  4787  4787 D CompassActivity: will set rotation from 178.8393 to 178.83838
08-05 21:00:02.117  4787  4787 D CompassActivity: will set rotation from 178.83838 to 178.83594
08-05 21:00:02.117  4787  4787 D CompassActivity: will set rotation from 178.83594 to 178.83783
08-05 21:00:02.137  4787  4787 D CompassActivity: will set rotation from 178.83783 to 178.8562
08-05 21:00:02.137  4787  4787 D CompassActivity: will set rotation from 178.8562 to 178.85754
08-05 21:00:02.162  4787  4787 D CompassActivity: will set rotation from 178.85754 to 178.8739
08-05 21:00:02.162  4787  4787 D CompassActivity: will set rotation from 178.8739 to 178.8722
08-05 21:00:02.178 32448 32448 W Atfwd_Sendcmd: AtCmdFwd service not published, waiting... retryCnt : 3
08-05 21:00:02.180  4787  4787 D CompassActivity: will set rotation from 178.8722 to 178.88562
08-05 21:00:02.181  4787  4787 D CompassActivity: will set rotation from 178.88562 to 178.88312
08-05 21:00:02.197  4787  4787 D CompassActivity: will set rotation from 178.88312 to 178.8736
08-05 21:00:02.197  4787  4787 D CompassActivity: will set rotation from 178.8736 to 178.8739
08-05 21:00:02.216  4787  4787 D CompassActivity: will set rotation from 178.8739 to 178.84851
08-05 21:00:02.217  4787  4787 D CompassActivity: will set rotation from 178.84851 to 178.84943
08-05 21:00:02.237  4787  4787 D CompassActivity: will set rotation from 178.84943 to 178.84229
08-05 21:00:02.237  4787  4787 D CompassActivity: will set rotation from 178.84229 to 178.84027
08-05 21:00:02.257  4787  4787 D CompassActivity: will set rotation from 178.84027 to 178.83453
08-05 21:00:02.258  4787  4787 D CompassActivity: will set rotation from 178.83453 to 178.83545
08-05 21:00:02.276  4787  4787 D CompassActivity: will set rotation from 178.83545 to 178.8515
08-05 21:00:02.277  4787  4787 D CompassActivity: will set rotation from 178.8515 to 178.85327
08-05 21:00:02.296  4787  4787 D CompassActivity: will set rotation from 178.85327 to 178.84808
08-05 21:00:02.296  4787  4787 D CompassActivity: will set rotation from 178.84808 to 178.84912
08-05 21:00:02.316  4787  4787 D CompassActivity: will set rotation from 178.84912 to 178.86365
08-05 21:00:02.316  4787  4787 D CompassActivity: will set rotation from 178.86365 to 178.8634
08-05 21:00:02.337  4787  4787 D CompassActivity: will set rotation from 178.8634 to 178.83911
08-05 21:00:02.337  4787  4787 D CompassActivity: will set rotation from 178.83911 to 178.83838
08-05 21:00:02.357  4787  4787 D CompassActivity: will set rotation from 178.83838 to 178.81738
08-05 21:00:02.358  4787  4787 D CompassActivity: will set rotation from 178.81738 to 178.81549
08-05 21:00:02.381  4787  4787 D CompassActivity: will set rotation from 178.81549 to 178.79199
08-05 21:00:02.381  4787  4787 D CompassActivity: will set rotation from 178.79199 to 178.7898
08-05 21:00:02.397  4787  4787 D CompassActivity: will set rotation from 178.7898 to 178.78717
08-05 21:00:02.398  4787  4787 D CompassActivity: will set rotation from 178.78717 to 178.7879
08-05 21:00:02.417  4787  4787 D CompassActivity: will set rotation from 178.7879 to 178.74902
08-05 21:00:02.417  4787  4787 D CompassActivity: will set rotation from 178.74902 to 178.74878
08-05 21:00:02.421  4787  5061 I art     : Starting a blocking GC Explicit
08-05 21:00:02.437  4787  4787 D CompassActivity: will set rotation from 178.74878 to 178.74774
08-05 21:00:02.437  4787  4787 D CompassActivity: will set rotation from 178.74774 to 178.74866
08-05 21:00:02.456  4787  4787 D CompassActivity: will set rotation from 178.74866 to 178.80273
08-05 21:00:02.456  4787  4787 D CompassActivity: will set rotation from 178.80273 to 178.80292
08-05 21:00:02.469  4787  5061 I art     : Explicit concurrent mark sweep GC freed 2029(121KB) AllocSpace objects, 2(36KB) LOS objects, 7% free, 187MB/203MB, paused 1.197ms total 47.434ms
08-05 21:00:02.479  4787  4787 D CompassActivity: will set rotation from 178.80292 to 178.81787
08-05 21:00:02.479  4787  4787 D CompassActivity: will set rotation from 178.81787 to 178.81836
08-05 21:00:02.488  4787  5061 I art     : Starting a blocking GC Explicit
08-05 21:00:02.497  4787  4787 D CompassActivity: will set rotation from 178.81836 to 178.83252
08-05 21:00:02.498  4787  4787 D CompassActivity: will set rotation from 178.83252 to 178.83093
08-05 21:00:02.516  4787  4787 D CompassActivity: will set rotation from 178.83093 to 178.8274
08-05 21:00:02.517  4787  4787 D CompassActivity: will set rotation from 178.8274 to 178.828
08-05 21:00:02.536  4787  5061 I art     : Explicit concurrent mark sweep GC freed 739(28KB) AllocSpace objects, 0(0B) LOS objects, 7% free, 187MB/203MB, paused 1.054ms total 47.868ms
08-05 21:00:02.537  4787  4787 D CompassActivity: will set rotation from 178.828 to 178.85718
08-05 21:00:02.537  4787  4787 D CompassActivity: will set rotation from 178.85718 to 178.8584
08-05 21:00:02.554  4787  5061 I art     : Starting a blocking GC Explicit
08-05 21:00:02.559  4787  4787 D CompassActivity: will set rotation from 178.8584 to 178.8551
08-05 21:00:02.559  4787  4787 D CompassActivity: will set rotation from 178.8551 to 178.85522
08-05 21:00:02.577  4787  4787 D CompassActivity: will set rotation from 178.85522 to 178.86792
08-05 21:00:02.578  4787  4787 D CompassActivity: will set rotation from 178.86792 to 178.86652
08-05 21:00:02.598  4787  4787 D CompassActivity: will set rotation from 178.86652 to 178.86133
08-05 21:00:02.599  4787  4787 D CompassActivity: will set rotation from 178.86133 to 178.85925
08-05 21:00:02.602  4787  5061 I art     : Explicit concurrent mark sweep GC freed 146(7KB) AllocSpace objects, 0(0B) LOS objects, 7% free, 187MB/203MB, paused 1.139ms total 47.367ms
08-05 21:00:02.616  4787  4787 D CompassActivity: will set rotation from 178.85925 to 178.85516
08-05 21:00:02.617  4787  4787 D CompassActivity: will set rotation from 178.85516 to 178.85388
08-05 21:00:02.620  4787  5061 I art     : Starting a blocking GC Explicit
08-05 21:00:02.636  4787  4787 D CompassActivity: will set rotation from 178.85388 to 178.86377
08-05 21:00:02.637  4787  4787 D CompassActivity: will set rotation from 178.86377 to 178.86542
08-05 21:00:02.656  4787  4787 D CompassActivity: will set rotation from 178.86542 to 178.87598
08-05 21:00:02.657  4787  4787 D CompassActivity: will set rotation from 178.87598 to 178.8764
08-05 21:00:02.671  4787  5061 I art     : Explicit concurrent mark sweep GC freed 161(7KB) AllocSpace objects, 0(0B) LOS objects, 7% free, 187MB/203MB, paused 1.125ms total 50.720ms
08-05 21:00:02.677  4787  4787 D CompassActivity: will set rotation from 178.8764 to 178.87335
08-05 21:00:02.677  4787  4787 D CompassActivity: will set rotation from 178.87335 to 178.87238
08-05 21:00:02.690  4787  5061 I art     : Starting a blocking GC Explicit
08-05 21:00:02.697  4787  4787 D CompassActivity: will set rotation from 178.87238 to 178.86499
08-05 21:00:02.698  4787  4787 D CompassActivity: will set rotation from 178.86499 to 178.86548
08-05 21:00:02.715  4787  4787 D CompassActivity: will set rotation from 178.86548 to 178.8916
08-05 21:00:02.717  4787  4787 D CompassActivity: will set rotation from 178.8916 to 178.89441
08-05 21:00:02.736  4787  4787 D CompassActivity: will set rotation from 178.89441 to 178.89056
08-05 21:00:02.757  4787  4787 D CompassActivity: will set rotation from 178.89056 to 178.88855
08-05 21:00:02.757  4787  4787 D CompassActivity: will set rotation from 178.88855 to 178.88562
08-05 21:00:02.758  4787  4787 D CompassActivity: will set rotation from 178.88562 to 178.8852
08-05 21:00:02.761  4787  5061 I art     : Explicit concurrent mark sweep GC freed 156(8KB) AllocSpace objects, 0(0B) LOS objects, 7% free, 187MB/203MB, paused 1.211ms total 70.065ms
08-05 21:00:02.778  4787  4787 D CompassActivity: will set rotation from 178.8852 to 178.89844
08-05 21:00:02.778  4787  4787 D CompassActivity: will set rotation from 178.89844 to 178.89972
08-05 21:00:02.795  4787  4787 D CompassActivity: will set rotation from 178.89972 to 178.89478
08-05 21:00:02.795  4787  4787 D CompassActivity: will set rotation from 178.89478 to 178.89453
08-05 21:00:02.815  4787  4787 D CompassActivity: will set rotation from 178.89453 to 178.9049
08-05 21:00:02.815  4787  4787 D CompassActivity: will set rotation from 178.9049 to 178.90332
08-05 21:00:02.835  4787  4787 D CompassActivity: will set rotation from 178.90332 to 178.89954
08-05 21:00:02.836  4787  4787 D CompassActivity: will set rotation from 178.89954 to 178.90088
08-05 21:00:02.855  4787  4787 D CompassActivity: will set rotation from 178.90088 to 178.9115
08-05 21:00:02.856  4787  4787 D CompassActivity: will set rotation from 178.9115 to 178.91315
08-05 21:00:02.882  4787  4787 D CompassActivity: will set rotation from 178.91315 to 178.9259
08-05 21:00:02.885  4787  4787 D CompassActivity: will set rotation from 178.9259 to 178.92578
08-05 21:00:02.899  4787  4787 D CompassActivity: will set rotation from 178.92578 to 178.9367
08-05 21:00:02.900  4787  4787 D CompassActivity: will set rotation from 178.9367 to 178.93732
08-05 21:00:02.914  4787  4787 D CompassActivity: will set rotation from 178.93732 to 178.9303
08-05 21:00:02.915  4787  4787 D CompassActivity: will set rotation from 178.9303 to 178.93066
08-05 21:00:02.935  4787  4787 D CompassActivity: will set rotation from 178.93066 to 178.92542
08-05 21:00:02.935  4787  4787 D CompassActivity: will set rotation from 178.92542 to 178.9242
08-05 21:00:02.954  4787  4787 D CompassActivity: will set rotation from 178.9242 to 178.91931
08-05 21:00:02.955  4787  4787 D CompassActivity: will set rotation from 178.91931 to 178.91852
08-05 21:00:02.973  4787  4787 D CompassActivity: will set rotation from 178.91852 to 178.94214
08-05 21:00:02.974  4787  4787 D CompassActivity: will set rotation from 178.94214 to 178.94098
08-05 21:00:02.995  4787  4787 D CompassActivity: will set rotation from 178.94098 to 178.94763
08-05 21:00:02.995  4787  4787 D CompassActivity: will set rotation from 178.94763 to 178.94995
08-05 21:00:03.014  4787  4787 D CompassActivity: will set rotation from 178.94995 to 178.9751
08-05 21:00:03.014  4787  4787 D CompassActivity: will set rotation from 178.9751 to 178.97644
08-05 21:00:03.033  4787  4787 D CompassActivity: will set rotation from 178.97644 to 178.95105
08-05 21:00:03.034  4787  4787 D CompassActivity: will set rotation from 178.95105 to 178.94946
08-05 21:00:03.054  4787  4787 D CompassActivity: will set rotation from 178.94946 to 178.94067
08-05 21:00:03.054  4787  4787 D CompassActivity: will set rotation from 178.94067 to 178.93994
08-05 21:00:03.073  4787  4787 D CompassActivity: will set rotation from 178.93994 to 178.93091
08-05 21:00:03.073  4787  4787 D CompassActivity: will set rotation from 178.93091 to 178.92908
08-05 21:00:03.094  4787  4787 D CompassActivity: will set rotation from 178.92908 to 178.87994
08-05 21:00:03.095  4787  4787 D CompassActivity: will set rotation from 178.87994 to 178.87915
08-05 21:00:03.114  4787  4787 D CompassActivity: will set rotation from 178.87915 to 178.84613
08-05 21:00:03.114  4787  4787 D CompassActivity: will set rotation from 178.84613 to 178.84705
08-05 21:00:03.133  4787  4787 D CompassActivity: will set rotation from 178.84705 to 178.84204
08-05 21:00:03.133  4787  4787 D CompassActivity: will set rotation from 178.84204 to 178.84113
08-05 21:00:03.152  4787  4787 D CompassActivity: will set rotation from 178.84113 to 178.83856
08-05 21:00:03.153  4787  4787 D CompassActivity: will set rotation from 178.83856 to 178.83856
08-05 21:00:03.172  4787  4787 D CompassActivity: will set rotation from 178.83856 to 178.85077
08-05 21:00:03.173  4787  4787 D CompassActivity: will set rotation from 178.85077 to 178.85138
08-05 21:00:03.176  4787  4800 I art     : Starting a blocking GC Explicit
08-05 21:00:03.192  4787  4787 D CompassActivity: will set rotation from 178.85138 to 178.81952
08-05 21:00:03.193  4787  4787 D CompassActivity: will set rotation from 178.81952 to 178.81842
08-05 21:00:03.212  4787  4787 D CompassActivity: will set rotation from 178.81842 to 178.81628
08-05 21:00:03.213  4787  4787 D CompassActivity: will set rotation from 178.81628 to 178.8161
08-05 21:00:03.219  4787  4800 I art     : Explicit concurrent mark sweep GC freed 2118(124KB) AllocSpace objects, 2(36KB) LOS objects, 7% free, 187MB/203MB, paused 1.119ms total 43.503ms
08-05 21:00:03.233  4787  4787 D CompassActivity: will set rotation from 178.8161 to 178.81049
08-05 21:00:03.234  4787  4787 D CompassActivity: will set rotation from 178.81049 to 178.81177
08-05 21:00:03.236  4787  4800 I art     : Starting a blocking GC Explicit
08-05 21:00:03.253  4787  4787 D CompassActivity: will set rotation from 178.81177 to 178.77966
08-05 21:00:03.254  4787  4787 D CompassActivity: will set rotation from 178.77966 to 178.77881
08-05 21:00:03.273  4787  4787 D CompassActivity: will set rotation from 178.77881 to 178.76208
08-05 21:00:03.273  4787  4787 D CompassActivity: will set rotation from 178.76208 to 178.76263
08-05 21:00:03.281  4787  4800 I art     : Explicit concurrent mark sweep GC freed 739(28KB) AllocSpace objects, 0(0B) LOS objects, 7% free, 187MB/203MB, paused 1.083ms total 44.142ms
08-05 21:00:03.293  4787  4787 D CompassActivity: will set rotation from 178.76263 to 178.76031
08-05 21:00:03.293  4787  4787 D CompassActivity: will set rotation from 178.76031 to 178.75983
08-05 21:00:03.299  4787  4800 I art     : Starting a blocking GC Explicit
08-05 21:00:03.313  4787  4787 D CompassActivity: will set rotation from 178.75983 to 178.72876
08-05 21:00:03.313  4787  4787 D CompassActivity: will set rotation from 178.72876 to 178.72668
08-05 21:00:03.333  4787  4787 D CompassActivity: will set rotation from 178.72668 to 178.72424
08-05 21:00:03.333  4787  4787 D CompassActivity: will set rotation from 178.72424 to 178.72192
08-05 21:00:03.343  4787  4800 I art     : Explicit concurrent mark sweep GC freed 132(6KB) AllocSpace objects, 0(0B) LOS objects, 7% free, 187MB/203MB, paused 1.101ms total 43.473ms
08-05 21:00:03.353  4787  4787 D CompassActivity: will set rotation from 178.72192 to 178.72021
08-05 21:00:03.353  4787  4787 D CompassActivity: will set rotation from 178.72021 to 178.7193
08-05 21:00:03.360  4787  4800 I art     : Starting a blocking GC Explicit
08-05 21:00:03.372  4787  4787 D CompassActivity: will set rotation from 178.7193 to 178.70203
08-05 21:00:03.372  4787  4787 D CompassActivity: will set rotation from 178.70203 to 178.70178
08-05 21:00:03.393  4787  4787 D CompassActivity: will set rotation from 178.70178 to 178.66125
08-05 21:00:03.394  4787  4787 D CompassActivity: will set rotation from 178.66125 to 178.66113
08-05 21:00:03.403  4787  4800 I art     : Explicit concurrent mark sweep GC freed 132(6KB) AllocSpace objects, 0(0B) LOS objects, 7% free, 187MB/203MB, paused 1.149ms total 42.889ms
08-05 21:00:03.413  4787  4787 D CompassActivity: will set rotation from 178.66113 to 178.65991
08-05 21:00:03.414  4787  4787 D CompassActivity: will set rotation from 178.65991 to 178.66138
08-05 21:00:03.420  4787  4800 I art     : Starting a blocking GC Explicit
08-05 21:00:03.434  4787  4787 D CompassActivity: will set rotation from 178.66138 to 178.66168
08-05 21:00:03.435  4787  4787 D CompassActivity: will set rotation from 178.66168 to 178.66284
08-05 21:00:03.452  4787  4787 D CompassActivity: will set rotation from 178.66284 to 178.64917
08-05 21:00:03.453  4787  4787 D CompassActivity: will set rotation from 178.64917 to 178.64954
08-05 21:00:03.466  4787  4800 I art     : Explicit concurrent mark sweep GC freed 132(6KB) AllocSpace objects, 0(0B) LOS objects, 7% free, 187MB/203MB, paused 1ms total 44.862ms
08-05 21:00:03.472  4787  4787 D CompassActivity: will set rotation from 178.64954 to 178.65106
08-05 21:00:03.472  4787  4787 D CompassActivity: will set rotation from 178.65106 to 178.65112
08-05 21:00:03.494  4787  4787 D CompassActivity: will set rotation from 178.65112 to 178.66663
08-05 21:00:03.495  4787  4787 D CompassActivity: will set rotation from 178.66663 to 178.6673
08-05 21:00:03.512  4787  4787 D CompassActivity: will set rotation from 178.6673 to 178.71368
08-05 21:00:03.512  4787  4787 D CompassActivity: will set rotation from 178.71368 to 178.7143
08-05 21:00:03.532  4787  4787 D CompassActivity: will set rotation from 178.7143 to 178.72931
08-05 21:00:03.532  4787  4787 D CompassActivity: will set rotation from 178.72931 to 178.72852
08-05 21:00:03.553  4787  4787 D CompassActivity: will set rotation from 178.72852 to 178.73022
08-05 21:00:03.553  4787  4787 D CompassActivity: will set rotation from 178.73022 to 178.729
08-05 21:00:03.572  4787  4787 D CompassActivity: will set rotation from 178.729 to 178.71527
08-05 21:00:03.572  4787  4787 D CompassActivity: will set rotation from 178.71527 to 178.71631
08-05 21:00:03.597  4787  4787 D CompassActivity: will set rotation from 178.71631 to 178.73187
08-05 21:00:03.598  4787  4787 D CompassActivity: will set rotation from 178.73187 to 178.73163
08-05 21:00:03.613  4787  4787 D CompassActivity: will set rotation from 178.73163 to 178.74768
08-05 21:00:03.613  4787  4787 D CompassActivity: will set rotation from 178.74768 to 178.74756
08-05 21:00:03.631  4787  4787 D CompassActivity: will set rotation from 178.74756 to 178.76038
08-05 21:00:03.632  4787  4787 D CompassActivity: will set rotation from 178.76038 to 178.76038
08-05 21:00:03.636  6323  6323 D AndroidRuntime: >>>>>> START com.android.internal.os.RuntimeInit uid 2000 <<<<<<
08-05 21:00:03.651  4787  4787 D CompassActivity: will set rotation from 178.76038 to 178.78918
08-05 21:00:03.652  4787  4787 D CompassActivity: will set rotation from 178.78918 to 178.78955
08-05 21:00:03.671  4787  4787 D CompassActivity: will set rotation from 178.78955 to 178.80115
08-05 21:00:03.672  4787  4787 D CompassActivity: will set rotation from 178.80115 to 178.79944
08-05 21:00:03.687  6323  6323 D AndroidRuntime: CheckJNI is OFF
08-05 21:00:03.691  4787  4787 D CompassActivity: will set rotation from 178.79944 to 178.81134
08-05 21:00:03.691  4787  4787 D CompassActivity: will set rotation from 178.81134 to 178.81042
08-05 21:00:03.711  4787  4787 D CompassActivity: will set rotation from 178.81042 to 178.80322
08-05 21:00:03.711  4787  4787 D CompassActivity: will set rotation from 178.80322 to 178.8045
08-05 21:00:03.730  4787  4787 D CompassActivity: will set rotation from 178.8045 to 178.79822
08-05 21:00:03.731  4787  4787 D CompassActivity: will set rotation from 178.79822 to 178.79688
08-05 21:00:03.750  4787  4787 D CompassActivity: will set rotation from 178.79688 to 178.77722
08-05 21:00:03.751  4787  4787 D CompassActivity: will set rotation from 178.77722 to 178.77502
08-05 21:00:03.752  6323  6323 D ICU     : No timezone override file found: /data/misc/zoneinfo/current/icu/icu_tzdata.dat
08-05 21:00:03.764 13866 13882 I PeriodicStatsRunner: PeriodicStatsRunner.call():175 call()
08-05 21:00:03.765 13866 13882 I PeriodicStatsRunner: PeriodicStatsRunner.call():179 No submit PeriodicStats since input started.
08-05 21:00:03.771  4787  4787 D CompassActivity: will set rotation from 178.77502 to 178.75757
08-05 21:00:03.771  4787  4787 D CompassActivity: will set rotation from 178.75757 to 178.75732
08-05 21:00:03.790  4787  4787 D CompassActivity: will set rotation from 178.75732 to 178.77075
08-05 21:00:03.790  4787  4787 D CompassActivity: will set rotation from 178.77075 to 178.77087
08-05 21:00:03.810  4787  4787 D CompassActivity: will set rotation from 178.77087 to 178.75092
08-05 21:00:03.810  4787  4787 D CompassActivity: will set rotation from 178.75092 to 178.75159
08-05 21:00:03.814  6323  6323 I Radio-JNI: register_android_hardware_Radio DONE
08-05 21:00:03.830  4787  4787 D CompassActivity: will set rotation from 178.75159 to 178.75061
08-05 21:00:03.831  4787  4787 D CompassActivity: will set rotation from 178.75061 to 178.75122
08-05 21:00:03.844  6323  6323 D AndroidRuntime: Calling main entry com.android.commands.input.Input
08-05 21:00:03.847  6323  6323 I Input   : injectKeyEvent: KeyEvent { action=ACTION_DOWN, keyCode=KEYCODE_BACK, scanCode=0, metaState=0, flags=0x0, repeatCount=0, eventTime=824420260, downTime=824420260, deviceId=-1, source=0x101 }
08-05 21:00:03.851  4787  4787 D CompassActivity: will set rotation from 178.75122 to 178.76123
08-05 21:00:03.851  4787  4787 D CompassActivity: will set rotation from 178.76123 to 178.76257
08-05 21:00:03.855  6323  6323 I Input   : injectKeyEvent: KeyEvent { action=ACTION_UP, keyCode=KEYCODE_BACK, scanCode=0, metaState=0, flags=0x0, repeatCount=0, eventTime=824420260, downTime=824420260, deviceId=-1, source=0x101 }
08-05 21:00:03.862  6323  6323 D AndroidRuntime: Shutting down VM
08-05 21:00:03.863   918  5952 I sensors : activate
08-05 21:00:03.864   918   928 I sensors : activate
08-05 21:00:03.871   918  3188 I hubconnection: sensorhub said: 'activate 1 enable:0'
08-05 21:00:03.872  4787  5061 I art     : Starting a blocking GC Explicit
08-05 21:00:03.872   918  3188 I hubconnection: sensorhub said: 'activate 3 enable:0'
08-05 21:00:03.892  4787  4787 V MainActivity: url = https://project-travel-mate.herokuapp.com/api/number-of-unread-notifications
08-05 21:00:03.916  4787  5061 I art     : Explicit concurrent mark sweep GC freed 2327(131KB) AllocSpace objects, 2(36KB) LOS objects, 7% free, 187MB/203MB, paused 1.083ms total 44.030ms
08-05 21:00:03.935  4787  5061 I art     : Starting a blocking GC Explicit
08-05 21:00:03.976  4787  5061 I art     : Explicit concurrent mark sweep GC freed 694(25KB) AllocSpace objects, 0(0B) LOS objects, 7% free, 187MB/203MB, paused 1.180ms total 40.689ms
08-05 21:00:03.996  4787  5061 I art     : Starting a blocking GC Explicit
08-05 21:00:04.007 13866 13866 I GoogleInputMethodServic: GoogleInputMethodService.onFinishInput():3138 
08-05 21:00:04.007 13866 13866 I GoogleInputMethodServic: GoogleInputMethodService.onStartInput():1808 
08-05 21:00:04.036  4787  5061 I art     : Explicit concurrent mark sweep GC freed 110(5KB) AllocSpace objects, 0(0B) LOS objects, 7% free, 187MB/203MB, paused 1.100ms total 39.401ms
08-05 21:00:04.053  4787  5061 I art     : Starting a blocking GC Explicit
08-05 21:00:04.096  4787  5061 I art     : Explicit concurrent mark sweep GC freed 40(2480B) AllocSpace objects, 0(0B) LOS objects, 7% free, 187MB/203MB, paused 1.117ms total 42.392ms
08-05 21:00:04.113  4787  5061 I art     : Starting a blocking GC Explicit
08-05 21:00:04.153  4787  5061 I art     : Explicit concurrent mark sweep GC freed 22(1184B) AllocSpace objects, 0(0B) LOS objects, 7% free, 187MB/203MB, paused 1ms total 40.559ms
08-05 21:00:04.292  4787  4787 D CompassActivity: stop compass
08-05 21:00:04.293   380   380 W SurfaceFlinger: couldn't log to binary event log: overflow.
08-05 21:00:04.488  4787  6356 I NAPPA_EXPERIMENTATION: MetricNetworkRequestExecutionTime: REQUEST_DURATION_SYSTEM='594',REQUEST_DURATION_OKHTTP='38',REQUEST_SYNCHRONOUS='FALSE',RESPONSE_CODE='200',RESPONSE_METHOD='GET',RESPONSE_LENGTH_OKHTTP='36',RESPONSE_LENGTH_HEADER='36',REQUEST_PROTOCOL='http/1.1',REQUEST_URL='https://project-travel-mate.herokuapp.com/api/number-of-unread-notifications',
08-05 21:00:04.511  4787  4801 I art     : Starting a blocking GC Explicit
08-05 21:00:04.555  4787  4801 I art     : Explicit concurrent mark sweep GC freed 4370(240KB) AllocSpace objects, 5(236KB) LOS objects, 7% free, 187MB/203MB, paused 1.059ms total 43.287ms
08-05 21:00:04.571  4787  4801 I art     : Starting a blocking GC Explicit
08-05 21:00:04.627  4787  4801 I art     : Explicit concurrent mark sweep GC freed 2319(202KB) AllocSpace objects, 3(52MB) LOS objects, 10% free, 135MB/151MB, paused 1.092ms total 55.846ms
08-05 21:00:04.644  4787  4801 I art     : Starting a blocking GC Explicit
08-05 21:00:04.685  4787  4801 I art     : Explicit concurrent mark sweep GC freed 3(96B) AllocSpace objects, 0(0B) LOS objects, 10% free, 135MB/151MB, paused 1.058ms total 40.979ms
08-05 21:00:04.703  4787  4801 I art     : Starting a blocking GC Explicit
08-05 21:00:04.746  4787  4801 I art     : Explicit concurrent mark sweep GC freed 14(720B) AllocSpace objects, 0(0B) LOS objects, 10% free, 135MB/151MB, paused 1.076ms total 43.441ms
08-05 21:00:04.763  4787  4801 I art     : Starting a blocking GC Explicit
08-05 21:00:04.771   518   646 I ThermalEngine: ACTION: GPU - Setting GPU[0] to 390000000
08-05 21:00:04.822  4787  4801 I art     : Explicit concurrent mark sweep GC freed 45(1504B) AllocSpace objects, 0(0B) LOS objects, 10% free, 135MB/151MB, paused 1.742ms total 57.786ms
08-05 21:00:04.822  4787  4799 I art     : WaitForGcToComplete blocked for 25.407ms for cause HeapTrim
08-05 21:00:05.243  4787  5061 I art     : Starting a blocking GC Explicit
08-05 21:00:05.298  4787  5061 I art     : Explicit concurrent mark sweep GC freed 1619(94KB) AllocSpace objects, 2(36KB) LOS objects, 10% free, 135MB/151MB, paused 1.818ms total 54.459ms
08-05 21:00:05.321  4787  5061 I art     : Starting a blocking GC Explicit
08-05 21:00:05.374  4787  5061 I art     : Explicit concurrent mark sweep GC freed 30(1104B) AllocSpace objects, 0(0B) LOS objects, 10% free, 135MB/151MB, paused 1.579ms total 52.826ms
08-05 21:00:05.397  4787  5061 I art     : Starting a blocking GC Explicit
08-05 21:00:05.451  4787  5061 I art     : Explicit concurrent mark sweep GC freed 3(96B) AllocSpace objects, 0(0B) LOS objects, 10% free, 135MB/151MB, paused 1.708ms total 53.768ms
08-05 21:00:05.474  4787  5061 I art     : Starting a blocking GC Explicit
08-05 21:00:05.528  4787  5061 I art     : Explicit concurrent mark sweep GC freed 4(128B) AllocSpace objects, 0(0B) LOS objects, 10% free, 135MB/151MB, paused 1.787ms total 54.153ms
08-05 21:00:05.551  4787  5061 I art     : Starting a blocking GC Explicit
08-05 21:00:05.598  4787  5061 I art     : Explicit concurrent mark sweep GC freed 6(192B) AllocSpace objects, 0(0B) LOS objects, 10% free, 135MB/151MB, paused 1.604ms total 46.409ms
08-05 21:00:05.814  6378  6378 D AndroidRuntime: >>>>>> START com.android.internal.os.RuntimeInit uid 2000 <<<<<<
08-05 21:00:05.821  6378  6378 D AndroidRuntime: CheckJNI is OFF
08-05 21:00:05.871  6378  6378 D ICU     : No timezone override file found: /data/misc/zoneinfo/current/icu/icu_tzdata.dat
08-05 21:00:05.917  6378  6378 I Radio-JNI: register_android_hardware_Radio DONE
08-05 21:00:05.950  6378  6378 D AndroidRuntime: Calling main entry com.android.commands.input.Input
08-05 21:00:05.953  6378  6378 I Input   : injectMotionEvent: MotionEvent { action=ACTION_DOWN, actionButton=0, id[0]=0, x[0]=500.0, y[0]=2000.0, toolType[0]=TOOL_TYPE_UNKNOWN, buttonState=0, metaState=0, flags=0x0, edgeFlags=0x0, pointerCount=1, historySize=0, eventTime=824422365, downTime=824422365, deviceId=0, source=0x1002 }
08-05 21:00:05.958  6378  6378 I Input   : injectMotionEvent: MotionEvent { action=ACTION_MOVE, actionButton=0, id[0]=0, x[0]=500.0, y[0]=2000.0, toolType[0]=TOOL_TYPE_UNKNOWN, buttonState=0, metaState=0, flags=0x0, edgeFlags=0x0, pointerCount=1, historySize=0, eventTime=824422365, downTime=824422365, deviceId=0, source=0x1002 }
08-05 21:00:05.969  6378  6378 I Input   : injectMotionEvent: MotionEvent { action=ACTION_MOVE, actionButton=0, id[0]=0, x[0]=500.0, y[0]=1967.7, toolType[0]=TOOL_TYPE_UNKNOWN, buttonState=0, metaState=0, flags=0x0, edgeFlags=0x0, pointerCount=1, historySize=0, eventTime=824422382, downTime=824422382, deviceId=0, source=0x1002 }
08-05 21:00:05.978  6378  6378 I Input   : injectMotionEvent: MotionEvent { action=ACTION_MOVE, actionButton=0, id[0]=0, x[0]=500.0, y[0]=1950.6, toolType[0]=TOOL_TYPE_UNKNOWN, buttonState=0, metaState=0, flags=0x0, edgeFlags=0x0, pointerCount=1, historySize=0, eventTime=824422391, downTime=824422391, deviceId=0, source=0x1002 }
08-05 21:00:06.016  6378  6378 I Input   : injectMotionEvent: MotionEvent { action=ACTION_MOVE, actionButton=0, id[0]=0, x[0]=500.0, y[0]=1878.4, toolType[0]=TOOL_TYPE_UNKNOWN, buttonState=0, metaState=0, flags=0x0, edgeFlags=0x0, pointerCount=1, historySize=0, eventTime=824422429, downTime=824422429, deviceId=0, source=0x1002 }
08-05 21:00:06.029  4787  4806 I art     : Starting a blocking GC Explicit
08-05 21:00:06.040  6378  6378 I Input   : injectMotionEvent: MotionEvent { action=ACTION_MOVE, actionButton=0, id[0]=0, x[0]=500.0, y[0]=1832.8, toolType[0]=TOOL_TYPE_UNKNOWN, buttonState=0, metaState=0, flags=0x0, edgeFlags=0x0, pointerCount=1, historySize=0, eventTime=824422453, downTime=824422453, deviceId=0, source=0x1002 }
08-05 21:00:06.063  6378  6378 I Input   : injectMotionEvent: MotionEvent { action=ACTION_MOVE, actionButton=0, id[0]=0, x[0]=500.0, y[0]=1787.2, toolType[0]=TOOL_TYPE_UNKNOWN, buttonState=0, metaState=0, flags=0x0, edgeFlags=0x0, pointerCount=1, historySize=0, eventTime=824422477, downTime=824422477, deviceId=0, source=0x1002 }
08-05 21:00:06.079  6378  6378 I Input   : injectMotionEvent: MotionEvent { action=ACTION_MOVE, actionButton=0, id[0]=0, x[0]=500.0, y[0]=1756.8, toolType[0]=TOOL_TYPE_UNKNOWN, buttonState=0, metaState=0, flags=0x0, edgeFlags=0x0, pointerCount=1, historySize=0, eventTime=824422493, downTime=824422493, deviceId=0, source=0x1002 }
08-05 21:00:06.099  4787  4806 I art     : Explicit concurrent mark sweep GC freed 1730(98KB) AllocSpace objects, 2(36KB) LOS objects, 10% free, 135MB/151MB, paused 1.840ms total 68.772ms
08-05 21:00:06.101  6378  6378 I Input   : injectMotionEvent: MotionEvent { action=ACTION_MOVE, actionButton=0, id[0]=0, x[0]=500.0, y[0]=1716.9, toolType[0]=TOOL_TYPE_UNKNOWN, buttonState=0, metaState=0, flags=0x0, edgeFlags=0x0, pointerCount=1, historySize=0, eventTime=824422514, downTime=824422514, deviceId=0, source=0x1002 }
08-05 21:00:06.114  6378  6378 I Input   : injectMotionEvent: MotionEvent { action=ACTION_MOVE, actionButton=0, id[0]=0, x[0]=500.0, y[0]=1692.2, toolType[0]=TOOL_TYPE_UNKNOWN, buttonState=0, metaState=0, flags=0x0, edgeFlags=0x0, pointerCount=1, historySize=0, eventTime=824422527, downTime=824422527, deviceId=0, source=0x1002 }
08-05 21:00:06.125  4787  4806 I art     : Starting a blocking GC Explicit
08-05 21:00:06.132  6378  6378 I Input   : injectMotionEvent: MotionEvent { action=ACTION_MOVE, actionButton=0, id[0]=0, x[0]=500.0, y[0]=1658.0, toolType[0]=TOOL_TYPE_UNKNOWN, buttonState=0, metaState=0, flags=0x0, edgeFlags=0x0, pointerCount=1, historySize=0, eventTime=824422545, downTime=824422545, deviceId=0, source=0x1002 }
08-05 21:00:06.149  6378  6378 I Input   : injectMotionEvent: MotionEvent { action=ACTION_MOVE, actionButton=0, id[0]=0, x[0]=500.0, y[0]=1625.7, toolType[0]=TOOL_TYPE_UNKNOWN, buttonState=0, metaState=0, flags=0x0, edgeFlags=0x0, pointerCount=1, historySize=0, eventTime=824422562, downTime=824422562, deviceId=0, source=0x1002 }
08-05 21:00:06.166  6378  6378 I Input   : injectMotionEvent: MotionEvent { action=ACTION_MOVE, actionButton=0, id[0]=0, x[0]=500.0, y[0]=1593.4, toolType[0]=TOOL_TYPE_UNKNOWN, buttonState=0, metaState=0, flags=0x0, edgeFlags=0x0, pointerCount=1, historySize=0, eventTime=824422579, downTime=824422579, deviceId=0, source=0x1002 }
08-05 21:00:06.185  6378  6378 I Input   : injectMotionEvent: MotionEvent { action=ACTION_MOVE, actionButton=0, id[0]=0, x[0]=500.0, y[0]=1557.3, toolType[0]=TOOL_TYPE_UNKNOWN, buttonState=0, metaState=0, flags=0x0, edgeFlags=0x0, pointerCount=1, historySize=0, eventTime=824422598, downTime=824422598, deviceId=0, source=0x1002 }
08-05 21:00:06.190  4787  4806 I art     : Explicit concurrent mark sweep GC freed 55(2160B) AllocSpace objects, 0(0B) LOS objects, 10% free, 135MB/151MB, paused 2.200ms total 64.173ms
08-05 21:00:06.197  6378  6378 I Input   : injectMotionEvent: MotionEvent { action=ACTION_MOVE, actionButton=0, id[0]=0, x[0]=500.0, y[0]=1534.5, toolType[0]=TOOL_TYPE_UNKNOWN, buttonState=0, metaState=0, flags=0x0, edgeFlags=0x0, pointerCount=1, historySize=0, eventTime=824422610, downTime=824422610, deviceId=0, source=0x1002 }
08-05 21:00:06.214  6378  6378 I Input   : injectMotionEvent: MotionEvent { action=ACTION_MOVE, actionButton=0, id[0]=0, x[0]=500.0, y[0]=1502.2, toolType[0]=TOOL_TYPE_UNKNOWN, buttonState=0, metaState=0, flags=0x0, edgeFlags=0x0, pointerCount=1, historySize=0, eventTime=824422627, downTime=824422627, deviceId=0, source=0x1002 }
08-05 21:00:06.220  4787  4806 I art     : Starting a blocking GC Explicit
08-05 21:00:06.231  6378  6378 I Input   : injectMotionEvent: MotionEvent { action=ACTION_MOVE, actionButton=0, id[0]=0, x[0]=500.0, y[0]=1471.8, toolType[0]=TOOL_TYPE_UNKNOWN, buttonState=0, metaState=0, flags=0x0, edgeFlags=0x0, pointerCount=1, historySize=0, eventTime=824422643, downTime=824422643, deviceId=0, source=0x1002 }
08-05 21:00:06.247  6378  6378 I Input   : injectMotionEvent: MotionEvent { action=ACTION_MOVE, actionButton=0, id[0]=0, x[0]=500.0, y[0]=1439.5, toolType[0]=TOOL_TYPE_UNKNOWN, buttonState=0, metaState=0, flags=0x0, edgeFlags=0x0, pointerCount=1, historySize=0, eventTime=824422660, downTime=824422660, deviceId=0, source=0x1002 }
08-05 21:00:06.265  6378  6378 I Input   : injectMotionEvent: MotionEvent { action=ACTION_MOVE, actionButton=0, id[0]=0, x[0]=500.0, y[0]=1405.3, toolType[0]=TOOL_TYPE_UNKNOWN, buttonState=0, metaState=0, flags=0x0, edgeFlags=0x0, pointerCount=1, historySize=0, eventTime=824422678, downTime=824422678, deviceId=0, source=0x1002 }
08-05 21:00:06.271 13866 13882 I PeriodicStatsRunner: PeriodicStatsRunner.call():175 call()
08-05 21:00:06.271 13866 13882 I PeriodicStatsRunner: PeriodicStatsRunner.call():179 No submit PeriodicStats since input started.
08-05 21:00:06.280  6378  6378 I Input   : injectMotionEvent: MotionEvent { action=ACTION_MOVE, actionButton=0, id[0]=0, x[0]=500.0, y[0]=1376.8, toolType[0]=TOOL_TYPE_UNKNOWN, buttonState=0, metaState=0, flags=0x0, edgeFlags=0x0, pointerCount=1, historySize=0, eventTime=824422693, downTime=824422693, deviceId=0, source=0x1002 }
08-05 21:00:06.289  4787  4806 I art     : Explicit concurrent mark sweep GC freed 3(96B) AllocSpace objects, 0(0B) LOS objects, 10% free, 135MB/151MB, paused 1.963ms total 68.173ms
08-05 21:00:06.297  6378  6378 I Input   : injectMotionEvent: MotionEvent { action=ACTION_MOVE, actionButton=0, id[0]=0, x[0]=500.0, y[0]=1344.5, toolType[0]=TOOL_TYPE_UNKNOWN, buttonState=0, metaState=0, flags=0x0, edgeFlags=0x0, pointerCount=1, historySize=0, eventTime=824422710, downTime=824422710, deviceId=0, source=0x1002 }
08-05 21:00:06.318  6378  6378 I Input   : injectMotionEvent: MotionEvent { action=ACTION_MOVE, actionButton=0, id[0]=0, x[0]=500.0, y[0]=1304.6001, toolType[0]=TOOL_TYPE_UNKNOWN, buttonState=0, metaState=0, flags=0x0, edgeFlags=0x0, pointerCount=1, historySize=0, eventTime=824422731, downTime=824422731, deviceId=0, source=0x1002 }
08-05 21:00:06.318  4787  4806 I art     : Starting a blocking GC Explicit
08-05 21:00:06.332  6378  6378 I Input   : injectMotionEvent: MotionEvent { action=ACTION_MOVE, actionButton=0, id[0]=0, x[0]=500.0, y[0]=1278.0, toolType[0]=TOOL_TYPE_UNKNOWN, buttonState=0, metaState=0, flags=0x0, edgeFlags=0x0, pointerCount=1, historySize=0, eventTime=824422745, downTime=824422745, deviceId=0, source=0x1002 }
08-05 21:00:06.347  6378  6378 I Input   : injectMotionEvent: MotionEvent { action=ACTION_MOVE, actionButton=0, id[0]=0, x[0]=500.0, y[0]=1249.5, toolType[0]=TOOL_TYPE_UNKNOWN, buttonState=0, metaState=0, flags=0x0, edgeFlags=0x0, pointerCount=1, historySize=0, eventTime=824422760, downTime=824422760, deviceId=0, source=0x1002 }
08-05 21:00:06.368  6378  6378 I Input   : injectMotionEvent: MotionEvent { action=ACTION_MOVE, actionButton=0, id[0]=0, x[0]=500.0, y[0]=1209.6, toolType[0]=TOOL_TYPE_UNKNOWN, buttonState=0, metaState=0, flags=0x0, edgeFlags=0x0, pointerCount=1, historySize=0, eventTime=824422781, downTime=824422781, deviceId=0, source=0x1002 }
08-05 21:00:06.386  4787  4806 I art     : Explicit concurrent mark sweep GC freed 9(304B) AllocSpace objects, 0(0B) LOS objects, 10% free, 135MB/151MB, paused 1.866ms total 66.997ms
08-05 21:00:06.408  4787  4806 I art     : Starting a blocking GC Explicit
08-05 21:00:06.436  6378  6378 I Input   : injectMotionEvent: MotionEvent { action=ACTION_MOVE, actionButton=0, id[0]=0, x[0]=500.0, y[0]=1080.4, toolType[0]=TOOL_TYPE_UNKNOWN, buttonState=0, metaState=0, flags=0x0, edgeFlags=0x0, pointerCount=1, historySize=0, eventTime=824422849, downTime=824422849, deviceId=0, source=0x1002 }
08-05 21:00:06.456  4787  4806 I art     : Explicit concurrent mark sweep GC freed 4(128B) AllocSpace objects, 0(0B) LOS objects, 10% free, 135MB/151MB, paused 1.454ms total 48.050ms
08-05 21:00:06.496  6378  6378 I Input   : injectMotionEvent: MotionEvent { action=ACTION_MOVE, actionButton=0, id[0]=0, x[0]=500.0, y[0]=964.5, toolType[0]=TOOL_TYPE_UNKNOWN, buttonState=0, metaState=0, flags=0x0, edgeFlags=0x0, pointerCount=1, historySize=0, eventTime=824422910, downTime=824422910, deviceId=0, source=0x1002 }
08-05 21:00:06.563  6378  6378 I Input   : injectMotionEvent: MotionEvent { action=ACTION_MOVE, actionButton=0, id[0]=0, x[0]=500.0, y[0]=839.1, toolType[0]=TOOL_TYPE_UNKNOWN, buttonState=0, metaState=0, flags=0x0, edgeFlags=0x0, pointerCount=1, historySize=0, eventTime=824422976, downTime=824422976, deviceId=0, source=0x1002 }
08-05 21:00:06.622  6378  6378 I Input   : injectMotionEvent: MotionEvent { action=ACTION_MOVE, actionButton=0, id[0]=0, x[0]=500.0, y[0]=725.1, toolType[0]=TOOL_TYPE_UNKNOWN, buttonState=0, metaState=0, flags=0x0, edgeFlags=0x0, pointerCount=1, historySize=0, eventTime=824423036, downTime=824423036, deviceId=0, source=0x1002 }
08-05 21:00:06.683  6378  6378 I Input   : injectMotionEvent: MotionEvent { action=ACTION_MOVE, actionButton=0, id[0]=0, x[0]=500.0, y[0]=611.1, toolType[0]=TOOL_TYPE_UNKNOWN, buttonState=0, metaState=0, flags=0x0, edgeFlags=0x0, pointerCount=1, historySize=0, eventTime=824423096, downTime=824423096, deviceId=0, source=0x1002 }
08-05 21:00:06.746  6378  6378 I Input   : injectMotionEvent: MotionEvent { action=ACTION_MOVE, actionButton=0, id[0]=0, x[0]=500.0, y[0]=491.3999, toolType[0]=TOOL_TYPE_UNKNOWN, buttonState=0, metaState=0, flags=0x0, edgeFlags=0x0, pointerCount=1, historySize=0, eventTime=824423159, downTime=824423159, deviceId=0, source=0x1002 }
08-05 21:00:06.809  6378  6378 I Input   : injectMotionEvent: MotionEvent { action=ACTION_MOVE, actionButton=0, id[0]=0, x[0]=500.0, y[0]=371.70007, toolType[0]=TOOL_TYPE_UNKNOWN, buttonState=0, metaState=0, flags=0x0, edgeFlags=0x0, pointerCount=1, historySize=0, eventTime=824423222, downTime=824423222, deviceId=0, source=0x1002 }
08-05 21:00:06.883  4787  4801 I art     : Starting a blocking GC Explicit
08-05 21:00:06.899  6378  6378 I Input   : injectMotionEvent: MotionEvent { action=ACTION_MOVE, actionButton=0, id[0]=0, x[0]=500.0, y[0]=200.69995, toolType[0]=TOOL_TYPE_UNKNOWN, buttonState=0, metaState=0, flags=0x0, edgeFlags=0x0, pointerCount=1, historySize=0, eventTime=824423312, downTime=824423312, deviceId=0, source=0x1002 }
08-05 21:00:06.936  4787  4801 I art     : Explicit concurrent mark sweep GC freed 1658(95KB) AllocSpace objects, 2(36KB) LOS objects, 10% free, 135MB/151MB, paused 1.539ms total 52.387ms
08-05 21:00:06.937  6378  6378 I Input   : injectMotionEvent: MotionEvent { action=ACTION_MOVE, actionButton=0, id[0]=0, x[0]=500.0, y[0]=126.599976, toolType[0]=TOOL_TYPE_UNKNOWN, buttonState=0, metaState=0, flags=0x0, edgeFlags=0x0, pointerCount=1, historySize=0, eventTime=824423351, downTime=824423351, deviceId=0, source=0x1002 }
08-05 21:00:06.957  4787  4801 I art     : Starting a blocking GC Explicit
08-05 21:00:06.977  6378  6378 I Input   : injectMotionEvent: MotionEvent { action=ACTION_UP, actionButton=0, id[0]=0, x[0]=500.0, y[0]=100.0, toolType[0]=TOOL_TYPE_UNKNOWN, buttonState=0, metaState=0, flags=0x0, edgeFlags=0x0, pointerCount=1, historySize=0, eventTime=824423390, downTime=824423390, deviceId=0, source=0x1002 }
08-05 21:00:07.007  4787  4801 I art     : Explicit concurrent mark sweep GC freed 36(1296B) AllocSpace objects, 0(0B) LOS objects, 10% free, 135MB/151MB, paused 1.557ms total 50.198ms
08-05 21:00:07.018  6378  6378 D AndroidRuntime: Shutting down VM
08-05 21:00:07.028  4787  4801 I art     : Starting a blocking GC Explicit
08-05 21:00:07.076  4787  4801 I art     : Explicit concurrent mark sweep GC freed 11(352B) AllocSpace objects, 0(0B) LOS objects, 10% free, 135MB/151MB, paused 1.549ms total 47.753ms
08-05 21:00:07.097  4787  4801 I art     : Starting a blocking GC Explicit
08-05 21:00:07.146  4787  4801 I art     : Explicit concurrent mark sweep GC freed 13(416B) AllocSpace objects, 0(0B) LOS objects, 10% free, 135MB/151MB, paused 1.388ms total 48.271ms
08-05 21:00:07.166  4787  4801 I art     : Starting a blocking GC Explicit
08-05 21:00:07.214  4787  4801 I art     : Explicit concurrent mark sweep GC freed 23(1360B) AllocSpace objects, 0(0B) LOS objects, 10% free, 135MB/151MB, paused 1.474ms total 47.112ms
08-05 21:00:07.652  4787  4801 I art     : Starting a blocking GC Explicit
08-05 21:00:07.700  4787  4801 I art     : Explicit concurrent mark sweep GC freed 1639(95KB) AllocSpace objects, 2(36KB) LOS objects, 10% free, 135MB/151MB, paused 1.510ms total 47.833ms
08-05 21:00:07.720  4787  4801 I art     : Starting a blocking GC Explicit
08-05 21:00:07.768  4787  4801 I art     : Explicit concurrent mark sweep GC freed 40(1648B) AllocSpace objects, 0(0B) LOS objects, 10% free, 135MB/151MB, paused 1.497ms total 47.742ms
08-05 21:00:07.794  4787  4801 I art     : Starting a blocking GC Explicit
08-05 21:00:07.841  4787  4801 I art     : Explicit concurrent mark sweep GC freed 34(928B) AllocSpace objects, 0(0B) LOS objects, 10% free, 135MB/151MB, paused 1.513ms total 46.228ms
08-05 21:00:07.861  4787  4801 I art     : Starting a blocking GC Explicit
08-05 21:00:07.909  4787  4801 I art     : Explicit concurrent mark sweep GC freed 4(128B) AllocSpace objects, 0(0B) LOS objects, 10% free, 135MB/151MB, paused 1.549ms total 47.651ms
08-05 21:00:07.917  6418  6418 D AndroidRuntime: >>>>>> START com.android.internal.os.RuntimeInit uid 2000 <<<<<<
08-05 21:00:07.922  6418  6418 D AndroidRuntime: CheckJNI is OFF
08-05 21:00:07.930  4787  4801 I art     : Starting a blocking GC Explicit
08-05 21:00:07.966  6418  6418 D ICU     : No timezone override file found: /data/misc/zoneinfo/current/icu/icu_tzdata.dat
08-05 21:00:07.975  4787  4801 I art     : Explicit concurrent mark sweep GC freed 14(720B) AllocSpace objects, 0(0B) LOS objects, 10% free, 135MB/151MB, paused 1.385ms total 45.119ms
08-05 21:00:08.012  6418  6418 I Radio-JNI: register_android_hardware_Radio DONE
08-05 21:00:08.044  6418  6418 D AndroidRuntime: Calling main entry com.android.commands.input.Input
08-05 21:00:08.046  6418  6418 I Input   : injectMotionEvent: MotionEvent { action=ACTION_DOWN, actionButton=0, id[0]=0, x[0]=500.0, y[0]=2000.0, toolType[0]=TOOL_TYPE_UNKNOWN, buttonState=0, metaState=0, flags=0x0, edgeFlags=0x0, pointerCount=1, historySize=0, eventTime=824424459, downTime=824424459, deviceId=0, source=0x1002 }
08-05 21:00:08.051  6418  6418 I Input   : injectMotionEvent: MotionEvent { action=ACTION_MOVE, actionButton=0, id[0]=0, x[0]=500.0, y[0]=2000.0, toolType[0]=TOOL_TYPE_UNKNOWN, buttonState=0, metaState=0, flags=0x0, edgeFlags=0x0, pointerCount=1, historySize=0, eventTime=824424459, downTime=824424459, deviceId=0, source=0x1002 }
08-05 21:00:08.064  6418  6418 I Input   : injectMotionEvent: MotionEvent { action=ACTION_MOVE, actionButton=0, id[0]=0, x[0]=500.0, y[0]=1965.8, toolType[0]=TOOL_TYPE_UNKNOWN, buttonState=0, metaState=0, flags=0x0, edgeFlags=0x0, pointerCount=1, historySize=0, eventTime=824424477, downTime=824424477, deviceId=0, source=0x1002 }
08-05 21:00:08.082  6418  6418 I Input   : injectMotionEvent: MotionEvent { action=ACTION_MOVE, actionButton=0, id[0]=0, x[0]=500.0, y[0]=1929.7, toolType[0]=TOOL_TYPE_UNKNOWN, buttonState=0, metaState=0, flags=0x0, edgeFlags=0x0, pointerCount=1, historySize=0, eventTime=824424496, downTime=824424496, deviceId=0, source=0x1002 }
08-05 21:00:08.099  6418  6418 I Input   : injectMotionEvent: MotionEvent { action=ACTION_MOVE, actionButton=0, id[0]=0, x[0]=500.0, y[0]=1899.3, toolType[0]=TOOL_TYPE_UNKNOWN, buttonState=0, metaState=0, flags=0x0, edgeFlags=0x0, pointerCount=1, historySize=0, eventTime=824424512, downTime=824424512, deviceId=0, source=0x1002 }
08-05 21:00:08.213  6418  6418 I Input   : injectMotionEvent: MotionEvent { action=ACTION_MOVE, actionButton=0, id[0]=0, x[0]=500.0, y[0]=1682.7, toolType[0]=TOOL_TYPE_UNKNOWN, buttonState=0, metaState=0, flags=0x0, edgeFlags=0x0, pointerCount=1, historySize=0, eventTime=824424626, downTime=824424626, deviceId=0, source=0x1002 }
08-05 21:00:08.241   918  3188 I hubconnection: sensorhub said: 'set_bias 3: -5.5200, 0.0000, 0.0000'
08-05 21:00:08.251  6418  6418 I Input   : injectMotionEvent: MotionEvent { action=ACTION_MOVE, actionButton=0, id[0]=0, x[0]=500.0, y[0]=1608.6, toolType[0]=TOOL_TYPE_UNKNOWN, buttonState=0, metaState=0, flags=0x0, edgeFlags=0x0, pointerCount=1, historySize=0, eventTime=824424665, downTime=824424665, deviceId=0, source=0x1002 }
08-05 21:00:08.290  6418  6418 I Input   : injectMotionEvent: MotionEvent { action=ACTION_MOVE, actionButton=0, id[0]=0, x[0]=500.0, y[0]=1536.4, toolType[0]=TOOL_TYPE_UNKNOWN, buttonState=0, metaState=0, flags=0x0, edgeFlags=0x0, pointerCount=1, historySize=0, eventTime=824424703, downTime=824424703, deviceId=0, source=0x1002 }
08-05 21:00:08.328  6418  6418 I Input   : injectMotionEvent: MotionEvent { action=ACTION_MOVE, actionButton=0, id[0]=0, x[0]=500.0, y[0]=1464.2, toolType[0]=TOOL_TYPE_UNKNOWN, buttonState=0, metaState=0, flags=0x0, edgeFlags=0x0, pointerCount=1, historySize=0, eventTime=824424741, downTime=824424741, deviceId=0, source=0x1002 }
08-05 21:00:08.367  6418  6418 I Input   : injectMotionEvent: MotionEvent { action=ACTION_MOVE, actionButton=0, id[0]=0, x[0]=500.0, y[0]=1390.1, toolType[0]=TOOL_TYPE_UNKNOWN, buttonState=0, metaState=0, flags=0x0, edgeFlags=0x0, pointerCount=1, historySize=0, eventTime=824424780, downTime=824424780, deviceId=0, source=0x1002 }
08-05 21:00:08.408  6418  6418 I Input   : injectMotionEvent: MotionEvent { action=ACTION_MOVE, actionButton=0, id[0]=0, x[0]=500.0, y[0]=1312.2, toolType[0]=TOOL_TYPE_UNKNOWN, buttonState=0, metaState=0, flags=0x0, edgeFlags=0x0, pointerCount=1, historySize=0, eventTime=824424821, downTime=824424821, deviceId=0, source=0x1002 }
08-05 21:00:08.422  4787  4801 I art     : Starting a blocking GC Explicit
08-05 21:00:08.445  6418  6418 I Input   : injectMotionEvent: MotionEvent { action=ACTION_MOVE, actionButton=0, id[0]=0, x[0]=500.0, y[0]=1241.9, toolType[0]=TOOL_TYPE_UNKNOWN, buttonState=0, metaState=0, flags=0x0, edgeFlags=0x0, pointerCount=1, historySize=0, eventTime=824424858, downTime=824424858, deviceId=0, source=0x1002 }
08-05 21:00:08.483  4787  4801 I art     : Explicit concurrent mark sweep GC freed 1652(95KB) AllocSpace objects, 2(36KB) LOS objects, 10% free, 135MB/151MB, paused 1.495ms total 60.797ms
08-05 21:00:08.485  6418  6418 I Input   : injectMotionEvent: MotionEvent { action=ACTION_MOVE, actionButton=0, id[0]=0, x[0]=500.0, y[0]=1165.8999, toolType[0]=TOOL_TYPE_UNKNOWN, buttonState=0, metaState=0, flags=0x0, edgeFlags=0x0, pointerCount=1, historySize=0, eventTime=824424898, downTime=824424898, deviceId=0, source=0x1002 }
08-05 21:00:08.505  4787  4801 I art     : Starting a blocking GC Explicit
08-05 21:00:08.525  6418  6418 I Input   : injectMotionEvent: MotionEvent { action=ACTION_MOVE, actionButton=0, id[0]=0, x[0]=500.0, y[0]=1089.9, toolType[0]=TOOL_TYPE_UNKNOWN, buttonState=0, metaState=0, flags=0x0, edgeFlags=0x0, pointerCount=1, historySize=0, eventTime=824424938, downTime=824424938, deviceId=0, source=0x1002 }
08-05 21:00:08.555  4787  4801 I art     : Explicit concurrent mark sweep GC freed 30(1104B) AllocSpace objects, 0(0B) LOS objects, 10% free, 135MB/151MB, paused 1.535ms total 50.105ms
08-05 21:00:08.565  6418  6418 I Input   : injectMotionEvent: MotionEvent { action=ACTION_MOVE, actionButton=0, id[0]=0, x[0]=500.0, y[0]=1012.00006, toolType[0]=TOOL_TYPE_UNKNOWN, buttonState=0, metaState=0, flags=0x0, edgeFlags=0x0, pointerCount=1, historySize=0, eventTime=824424979, downTime=824424979, deviceId=0, source=0x1002 }
08-05 21:00:08.580  4787  4801 I art     : Starting a blocking GC Explicit
08-05 21:00:08.600  6418  6418 I Input   : injectMotionEvent: MotionEvent { action=ACTION_MOVE, actionButton=0, id[0]=0, x[0]=500.0, y[0]=947.3999, toolType[0]=TOOL_TYPE_UNKNOWN, buttonState=0, metaState=0, flags=0x0, edgeFlags=0x0, pointerCount=1, historySize=0, eventTime=824425013, downTime=824425013, deviceId=0, source=0x1002 }
08-05 21:00:08.631  4787  4801 I art     : Explicit concurrent mark sweep GC freed 3(96B) AllocSpace objects, 0(0B) LOS objects, 10% free, 135MB/151MB, paused 2ms total 51.278ms
08-05 21:00:08.638  6418  6418 I Input   : injectMotionEvent: MotionEvent { action=ACTION_MOVE, actionButton=0, id[0]=0, x[0]=500.0, y[0]=875.19995, toolType[0]=TOOL_TYPE_UNKNOWN, buttonState=0, metaState=0, flags=0x0, edgeFlags=0x0, pointerCount=1, historySize=0, eventTime=824425051, downTime=824425051, deviceId=0, source=0x1002 }
08-05 21:00:08.652  4787  4801 I art     : Starting a blocking GC Explicit
08-05 21:00:08.674  6418  6418 I Input   : injectMotionEvent: MotionEvent { action=ACTION_MOVE, actionButton=0, id[0]=0, x[0]=500.0, y[0]=806.7999, toolType[0]=TOOL_TYPE_UNKNOWN, buttonState=0, metaState=0, flags=0x0, edgeFlags=0x0, pointerCount=1, historySize=0, eventTime=824425087, downTime=824425087, deviceId=0, source=0x1002 }
08-05 21:00:08.706  4787  4801 I art     : Explicit concurrent mark sweep GC freed 3(96B) AllocSpace objects, 0(0B) LOS objects, 10% free, 135MB/151MB, paused 1.521ms total 52.773ms
08-05 21:00:08.712  6418  6418 I Input   : injectMotionEvent: MotionEvent { action=ACTION_MOVE, actionButton=0, id[0]=0, x[0]=500.0, y[0]=734.6, toolType[0]=TOOL_TYPE_UNKNOWN, buttonState=0, metaState=0, flags=0x0, edgeFlags=0x0, pointerCount=1, historySize=0, eventTime=824425125, downTime=824425125, deviceId=0, source=0x1002 }
08-05 21:00:08.727  4787  4801 I art     : Starting a blocking GC Explicit
08-05 21:00:08.752  6418  6418 I Input   : injectMotionEvent: MotionEvent { action=ACTION_MOVE, actionButton=0, id[0]=0, x[0]=500.0, y[0]=658.6001, toolType[0]=TOOL_TYPE_UNKNOWN, buttonState=0, metaState=0, flags=0x0, edgeFlags=0x0, pointerCount=1, historySize=0, eventTime=824425165, downTime=824425165, deviceId=0, source=0x1002 }
08-05 21:00:08.776  4787  4801 I art     : Explicit concurrent mark sweep GC freed 5(160B) AllocSpace objects, 0(0B) LOS objects, 10% free, 135MB/151MB, paused 1.604ms total 48.838ms
08-05 21:00:08.790  6418  6418 I Input   : injectMotionEvent: MotionEvent { action=ACTION_MOVE, actionButton=0, id[0]=0, x[0]=500.0, y[0]=586.4, toolType[0]=TOOL_TYPE_UNKNOWN, buttonState=0, metaState=0, flags=0x0, edgeFlags=0x0, pointerCount=1, historySize=0, eventTime=824425203, downTime=824425203, deviceId=0, source=0x1002 }
08-05 21:00:08.827  6418  6418 I Input   : injectMotionEvent: MotionEvent { action=ACTION_MOVE, actionButton=0, id[0]=0, x[0]=500.0, y[0]=516.1, toolType[0]=TOOL_TYPE_UNKNOWN, buttonState=0, metaState=0, flags=0x0, edgeFlags=0x0, pointerCount=1, historySize=0, eventTime=824425240, downTime=824425240, deviceId=0, source=0x1002 }
08-05 21:00:08.866  6418  6418 I Input   : injectMotionEvent: MotionEvent { action=ACTION_MOVE, actionButton=0, id[0]=0, x[0]=500.0, y[0]=442.0, toolType[0]=TOOL_TYPE_UNKNOWN, buttonState=0, metaState=0, flags=0x0, edgeFlags=0x0, pointerCount=1, historySize=0, eventTime=824425279, downTime=824425279, deviceId=0, source=0x1002 }
08-05 21:00:08.905  6418  6418 I Input   : injectMotionEvent: MotionEvent { action=ACTION_MOVE, actionButton=0, id[0]=0, x[0]=500.0, y[0]=367.8999, toolType[0]=TOOL_TYPE_UNKNOWN, buttonState=0, metaState=0, flags=0x0, edgeFlags=0x0, pointerCount=1, historySize=0, eventTime=824425318, downTime=824425318, deviceId=0, source=0x1002 }
08-05 21:00:08.942  6418  6418 I Input   : injectMotionEvent: MotionEvent { action=ACTION_MOVE, actionButton=0, id[0]=0, x[0]=500.0, y[0]=295.69995, toolType[0]=TOOL_TYPE_UNKNOWN, buttonState=0, metaState=0, flags=0x0, edgeFlags=0x0, pointerCount=1, historySize=0, eventTime=824425356, downTime=824425356, deviceId=0, source=0x1002 }
08-05 21:00:08.980  6418  6418 I Input   : injectMotionEvent: MotionEvent { action=ACTION_MOVE, actionButton=0, id[0]=0, x[0]=500.0, y[0]=225.40002, toolType[0]=TOOL_TYPE_UNKNOWN, buttonState=0, metaState=0, flags=0x0, edgeFlags=0x0, pointerCount=1, historySize=0, eventTime=824425393, downTime=824425393, deviceId=0, source=0x1002 }
08-05 21:00:09.011 13866 13882 I PeriodicStatsRunner: PeriodicStatsRunner.call():175 call()
08-05 21:00:09.011 13866 13882 I PeriodicStatsRunner: PeriodicStatsRunner.call():179 No submit PeriodicStats since input started.
08-05 21:00:09.017  6418  6418 I Input   : injectMotionEvent: MotionEvent { action=ACTION_MOVE, actionButton=0, id[0]=0, x[0]=500.0, y[0]=153.19995, toolType[0]=TOOL_TYPE_UNKNOWN, buttonState=0, metaState=0, flags=0x0, edgeFlags=0x0, pointerCount=1, historySize=0, eventTime=824425431, downTime=824425431, deviceId=0, source=0x1002 }
08-05 21:00:09.060  6418  6418 I Input   : injectMotionEvent: MotionEvent { action=ACTION_UP, actionButton=0, id[0]=0, x[0]=500.0, y[0]=100.0, toolType[0]=TOOL_TYPE_UNKNOWN, buttonState=0, metaState=0, flags=0x0, edgeFlags=0x0, pointerCount=1, historySize=0, eventTime=824425473, downTime=824425473, deviceId=0, source=0x1002 }
08-05 21:00:09.096  6418  6418 D AndroidRuntime: Shutting down VM
08-05 21:00:09.206  4787  4801 I art     : Starting a blocking GC Explicit
08-05 21:00:09.261  4787  4801 I art     : Explicit concurrent mark sweep GC freed 1666(95KB) AllocSpace objects, 2(36KB) LOS objects, 10% free, 135MB/151MB, paused 1.631ms total 54.155ms
08-05 21:00:09.284  4787  4801 I art     : Starting a blocking GC Explicit
08-05 21:00:09.340  4787  4801 I art     : Explicit concurrent mark sweep GC freed 30(1104B) AllocSpace objects, 0(0B) LOS objects, 10% free, 135MB/151MB, paused 1.709ms total 55.377ms
08-05 21:00:09.362  4787  4801 I art     : Starting a blocking GC Explicit
08-05 21:00:09.415  4787  4801 I art     : Explicit concurrent mark sweep GC freed 3(96B) AllocSpace objects, 0(0B) LOS objects, 10% free, 135MB/151MB, paused 1.483ms total 51.987ms
08-05 21:00:09.437  4787  4801 I art     : Starting a blocking GC Explicit
08-05 21:00:09.491  4787  4801 I art     : Explicit concurrent mark sweep GC freed 3(96B) AllocSpace objects, 0(0B) LOS objects, 10% free, 135MB/151MB, paused 1.661ms total 53.350ms
08-05 21:00:09.514  4787  4801 I art     : Starting a blocking GC Explicit
08-05 21:00:09.570  4787  4801 I art     : Explicit concurrent mark sweep GC freed 3(96B) AllocSpace objects, 0(0B) LOS objects, 10% free, 135MB/151MB, paused 2.712ms total 55.517ms
08-05 21:00:09.998  6464  6464 D AndroidRuntime: >>>>>> START com.android.internal.os.RuntimeInit uid 2000 <<<<<<
08-05 21:00:10.005  4787  4806 I art     : Starting a blocking GC Explicit
08-05 21:00:10.006  6464  6464 D AndroidRuntime: CheckJNI is OFF
08-05 21:00:10.058  4787  4806 I art     : Explicit concurrent mark sweep GC freed 1650(95KB) AllocSpace objects, 2(36KB) LOS objects, 10% free, 135MB/151MB, paused 1.743ms total 52.944ms
08-05 21:00:10.061  6464  6464 D ICU     : No timezone override file found: /data/misc/zoneinfo/current/icu/icu_tzdata.dat
08-05 21:00:10.081  4787  4806 I art     : Starting a blocking GC Explicit
08-05 21:00:10.107  6464  6464 I Radio-JNI: register_android_hardware_Radio DONE
08-05 21:00:10.133  4787  4806 I art     : Explicit concurrent mark sweep GC freed 30(1104B) AllocSpace objects, 0(0B) LOS objects, 10% free, 135MB/151MB, paused 1.556ms total 52.148ms
08-05 21:00:10.139  6464  6464 D AndroidRuntime: Calling main entry com.android.commands.input.Input
08-05 21:00:10.142  6464  6464 I Input   : injectMotionEvent: MotionEvent { action=ACTION_DOWN, actionButton=0, id[0]=0, x[0]=657.0, y[0]=2080.0, toolType[0]=TOOL_TYPE_UNKNOWN, buttonState=0, metaState=0, flags=0x0, edgeFlags=0x0, pointerCount=1, historySize=0, eventTime=824426554, downTime=824426554, deviceId=0, source=0x1002 }
08-05 21:00:10.149  6464  6464 I Input   : injectMotionEvent: MotionEvent { action=ACTION_UP, actionButton=0, id[0]=0, x[0]=657.0, y[0]=2080.0, toolType[0]=TOOL_TYPE_UNKNOWN, buttonState=0, metaState=0, flags=0x0, edgeFlags=0x0, pointerCount=1, historySize=0, eventTime=824426554, downTime=824426554, deviceId=0, source=0x1002 }
08-05 21:00:10.152  6464  6464 D AndroidRuntime: Shutting down VM
08-05 21:00:10.156  4787  4806 I art     : Starting a blocking GC Explicit
08-05 21:00:10.156   512  2967 D audio_hw_primary: out_set_parameters: enter: usecase(1: low-latency-playback) kvpairs: routing=2
08-05 21:00:10.167   918  3696 I ActivityManager: START u0 {cmp=baseline.io.github.project_travel_mate/.utilities.UpcomingWeekendsActivity} from uid 10674 on display 0
08-05 21:00:10.170   512  2967 D audio_hw_primary: select_devices: out_snd_device(2: speaker) in_snd_device(0: none)
08-05 21:00:10.170   512  2967 D msm8974_platform: platform_send_audio_calibration: sending audio calibration for snd_device(2) acdb_id(15)
08-05 21:00:10.171   512  2967 I soundtrigger: audio_extn_sound_trigger_update_device_status: device 0x2 of type 0 for Event 1
08-05 21:00:10.189   512  2967 D audio_hw_primary: enable_snd_device: snd_device(2: speaker)
08-05 21:00:10.192   512  2967 D audio_hw_primary: enable_audio_route: apply and update mixer path: low-latency-playback speaker
08-05 21:00:10.216  4787  4806 I art     : Explicit concurrent mark sweep GC freed 279(25KB) AllocSpace objects, 0(0B) LOS objects, 10% free, 135MB/151MB, paused 1.913ms total 60.181ms
08-05 21:00:10.236  4787  4806 I art     : Starting a blocking GC Explicit
08-05 21:00:10.244  4787  4853 D Gabe    : call	returning from cache
08-05 21:00:10.249  4787  4787 V EXECUTING: https://project-travel-mate.herokuapp.com/api/get-upcoming-holidays/2020
08-05 21:00:10.253  4787  4787 V EXECUTING: https://project-travel-mate.herokuapp.com/api/get-upcoming-holidays/2020
08-05 21:00:10.291  4787  4806 I art     : Explicit concurrent mark sweep GC freed 596(81KB) AllocSpace objects, 0(0B) LOS objects, 10% free, 135MB/151MB, paused 1.704ms total 54.044ms
08-05 21:00:10.312  4787  4806 I art     : Starting a blocking GC Explicit
08-05 21:00:10.361  4787  4806 I art     : Explicit concurrent mark sweep GC freed 664(29KB) AllocSpace objects, 0(0B) LOS objects, 10% free, 135MB/151MB, paused 2.835ms total 48.314ms
08-05 21:00:10.365  4787  4799 I art     : WaitForGcToComplete blocked for 52.252ms for cause HeapTrim
08-05 21:00:10.370 13866 13866 I GoogleInputMethodServic: GoogleInputMethodService.onFinishInput():3138 
08-05 21:00:10.372 13866 13866 I GoogleInputMethodServic: GoogleInputMethodService.onStartInput():1808 
08-05 21:00:10.479   918   936 I ActivityManager: Displayed baseline.io.github.project_travel_mate/.utilities.UpcomingWeekendsActivity: +294ms
08-05 21:00:10.729   512  2967 D audio_hw_primary: disable_audio_route: reset and update mixer path: low-latency-playback speaker
08-05 21:00:10.730   512  2967 D audio_hw_primary: disable_snd_device: snd_device(2: speaker)
08-05 21:00:10.733   380   380 W SurfaceFlinger: couldn't log to binary event log: overflow.
08-05 21:00:10.739   512  2967 I soundtrigger: audio_extn_sound_trigger_update_device_status: device 0x2 of type 0 for Event 0
08-05 21:00:10.785  4787  5061 I art     : Starting a blocking GC Explicit
08-05 21:00:10.843  4787  5061 I art     : Explicit concurrent mark sweep GC freed 7663(384KB) AllocSpace objects, 6(276KB) LOS objects, 10% free, 140MB/156MB, paused 1.760ms total 58.101ms
08-05 21:00:10.869  4787  5061 I art     : Starting a blocking GC Explicit
08-05 21:00:10.881  4787  6488 I NAPPA_EXPERIMENTATION: MetricNetworkRequestExecutionTime: REQUEST_DURATION_SYSTEM='627',REQUEST_DURATION_OKHTTP='75',REQUEST_SYNCHRONOUS='FALSE',RESPONSE_CODE='200',RESPONSE_METHOD='GET',RESPONSE_LENGTH_OKHTTP='6426',RESPONSE_LENGTH_HEADER='6426',REQUEST_PROTOCOL='http/1.1',REQUEST_URL='https://project-travel-mate.herokuapp.com/api/get-upcoming-holidays/2020',
08-05 21:00:10.883  4787  6487 I NAPPA_EXPERIMENTATION: MetricNetworkRequestExecutionTime: REQUEST_DURATION_SYSTEM='633',REQUEST_DURATION_OKHTTP='76',REQUEST_SYNCHRONOUS='FALSE',RESPONSE_CODE='200',RESPONSE_METHOD='GET',RESPONSE_LENGTH_OKHTTP='6426',RESPONSE_LENGTH_HEADER='6426',REQUEST_PROTOCOL='http/1.1',REQUEST_URL='https://project-travel-mate.herokuapp.com/api/get-upcoming-holidays/2020',
08-05 21:00:10.919  4787  5061 I art     : Explicit concurrent mark sweep GC freed 2259(259KB) AllocSpace objects, 5(208KB) LOS objects, 10% free, 140MB/156MB, paused 1.788ms total 49.605ms
08-05 21:00:10.939  4787  5061 I art     : Starting a blocking GC Explicit
08-05 21:00:10.989  4787  5061 I art     : Explicit concurrent mark sweep GC freed 197(5KB) AllocSpace objects, 0(0B) LOS objects, 10% free, 140MB/156MB, paused 1.664ms total 49.780ms
08-05 21:00:11.010  4787  5061 I art     : Starting a blocking GC Explicit
08-05 21:00:11.028  4787  4787 V Response: [{"month":"January","date":1,"day":"Wednesday","name":"New Year's Day","type":"Restricted"},{"month":"January","date":2,"day":"Thursday","name":"Guru Govind Singh Jayanti","type":"Restricted"},{"month":"January","date":14,"day":"Tuesday","name":"Lohri","type":"Restricted"},{"month":"January","date":15,"day":"Wednesday","name":"Pongal","type":"Restricted"},{"month":"January","date":15,"day":"Wednesday","name":"Makar Sankranti","type":"Restricted"},{"month":"January","date":25,"day":"Saturday","name":"Chinese New Year","type":"Observance"},{"month":"January","date":26,"day":"Sunday","name":"Republic Day","type":"Gazetted"},{"month":"January","date":30,"day":"Thursday","name":"Vasant Panchami","type":"Restricted"},{"month":"February","date":9,"day":"Sunday","name":"Guru Ravidas Jayanti","type":"Restricted"},{"month":"February","date":14,"day":"Friday","name":"Valentine's Day","type":"Observance"},{"month":"February","date":18,"day":"Tuesday","name":"Maharishi Dayanand Saraswati Jayanti","type":"Restricted"},{"month":"February","date":19,"day":"Wednesday","name":"Shivaji Jayanti","type":"Restricted"},{"month":"February","date":21,"day":"Friday","name":"Maha Shivaratri/Shivaratri","type":"Gazetted"},{"month":"March","date":9,"day":"Monday","name":"Holika Dahana","type":"Restricted"},{"month":"March","date":9,"day":"Monday","name":"Hazarat Ali's Birthday","type":"Restricted"},{"month":"March","date":10,"day":"Tuesday","name":"Holi","type":"Gazetted"},{"month":"March","date":20,"day":"Friday","name":"March Equinox","type":"Season"},{"month":"March","date":25,"day":"Wednesday","name":"Chaitra Sukhladi","type":"Restricted"},{"month":"April","date":2,"day":"Thursday","name":"Rama Navami","type":"Gazetted"},{"month":"April","date":6,"day":"Monday","name":"Mahavir Jayanti","type":"Gazetted"},{"month":"April","date":9,"day":"Thursday","name":"First day of Passover","type":"Observance"},{"month":"April","date":9,"day":"Thursday","name":"Maundy Thursday","type":"Observance,"},{"month":"April","date":10,"day":"Friday","name":"Good Friday","type":"Gazetted"},{"month":"April","date":12,"day":"Sunday","name":"Easter Day","type":"Restricted"},{"month":"April","date":13,"day":"Monday","name":"Vaisakhi","type":"Restricted"},{"month":"April","date":14,"day":"Tuesday","name":"Mesadi/Vaisakhadi","type":"Restricted"},{"month":"April","date":14,"day":"Tuesday","name":"Ambedkar Jayanti","type":"Central"},{"month":"May","date":1,"day":"Friday","name":"May Day","type":"Observance"},{"month":"May","date":7,"day":"Thursday","name":"Buddha Purnima/Vesak","type":"Gazetted"},{"month":"May","date":7,"day":"Thursday","name":"Birthday of Ravindranath","type":"Restricted"},{"month":"May","date":10,"day":"Sunday","name":"Mother's Day","type":"Observance"},{"month":"May","date":22,"day":"Friday","name":"Jamat Ul-Vida","type":"Restricted"},{"month":"May","date":25,"day":"Monday","name":"Ramzan Id/Eid-ul-Fitar","type":"Gazetted"},{"month":"May","date":25,"day":"Monday","name":"Ramzan Id/Eid-ul-Fitar","type":"Muslim,"},{"month":"June","date":21,"day":"Sunday","name":"June Solstice","type":"Season"},{"month":"June","date":21,"day":"Sunday","name":"Father's Day","type":"Observance"},{"month":"June","date":23,"day":"Tuesday","name":"Rath Yatra","type":"Restricted"},{"month":"July","date":5,"day":"Sunday","name":"Guru Purnima","type":"Observance"},{"month":"July","date":31,"day":"Friday","name":"Bakr Id/Eid ul-Adha","type":"Gazetted"},{"month":"August","date":2,"day":"Sunday","name":"Friendship Day","type":"Observance"},{"month":"August","date":3,"day":"Monday","name":"Raksha Bandhan (Rakhi)","type":"Restricted"},{"month":"August","date":11,"day":"Tuesday","name":"Janmashtami (Smarta)","type":"Restricted"},{"month":"August","date":12,"day":"Wednesday","name":"Janmashtami","type":"Gazetted"},{"month":"August","date":15,"day":"Saturday","name":"Independence Day","type":"Gazetted"},{"month":"August","date":16,"day":"Sunday","name":"Parsi New Year","type":"Restricted"},{"month":"August","date":22,"day":"Saturday","name":"Ganesh Chaturthi/Vin
08-05 21:00:11.033  4787  4787 V Response: [{"month":"January","date":1,"day":"Wednesday","name":"New Year's Day","type":"Restricted"},{"month":"January","date":2,"day":"Thursday","name":"Guru Govind Singh Jayanti","type":"Restricted"},{"month":"January","date":14,"day":"Tuesday","name":"Lohri","type":"Restricted"},{"month":"January","date":15,"day":"Wednesday","name":"Pongal","type":"Restricted"},{"month":"January","date":15,"day":"Wednesday","name":"Makar Sankranti","type":"Restricted"},{"month":"January","date":25,"day":"Saturday","name":"Chinese New Year","type":"Observance"},{"month":"January","date":26,"day":"Sunday","name":"Republic Day","type":"Gazetted"},{"month":"January","date":30,"day":"Thursday","name":"Vasant Panchami","type":"Restricted"},{"month":"February","date":9,"day":"Sunday","name":"Guru Ravidas Jayanti","type":"Restricted"},{"month":"February","date":14,"day":"Friday","name":"Valentine's Day","type":"Observance"},{"month":"February","date":18,"day":"Tuesday","name":"Maharishi Dayanand Saraswati Jayanti","type":"Restricted"},{"month":"February","date":19,"day":"Wednesday","name":"Shivaji Jayanti","type":"Restricted"},{"month":"February","date":21,"day":"Friday","name":"Maha Shivaratri/Shivaratri","type":"Gazetted"},{"month":"March","date":9,"day":"Monday","name":"Holika Dahana","type":"Restricted"},{"month":"March","date":9,"day":"Monday","name":"Hazarat Ali's Birthday","type":"Restricted"},{"month":"March","date":10,"day":"Tuesday","name":"Holi","type":"Gazetted"},{"month":"March","date":20,"day":"Friday","name":"March Equinox","type":"Season"},{"month":"March","date":25,"day":"Wednesday","name":"Chaitra Sukhladi","type":"Restricted"},{"month":"April","date":2,"day":"Thursday","name":"Rama Navami","type":"Gazetted"},{"month":"April","date":6,"day":"Monday","name":"Mahavir Jayanti","type":"Gazetted"},{"month":"April","date":9,"day":"Thursday","name":"First day of Passover","type":"Observance"},{"month":"April","date":9,"day":"Thursday","name":"Maundy Thursday","type":"Observance,"},{"month":"April","date":10,"day":"Friday","name":"Good Friday","type":"Gazetted"},{"month":"April","date":12,"day":"Sunday","name":"Easter Day","type":"Restricted"},{"month":"April","date":13,"day":"Monday","name":"Vaisakhi","type":"Restricted"},{"month":"April","date":14,"day":"Tuesday","name":"Mesadi/Vaisakhadi","type":"Restricted"},{"month":"April","date":14,"day":"Tuesday","name":"Ambedkar Jayanti","type":"Central"},{"month":"May","date":1,"day":"Friday","name":"May Day","type":"Observance"},{"month":"May","date":7,"day":"Thursday","name":"Buddha Purnima/Vesak","type":"Gazetted"},{"month":"May","date":7,"day":"Thursday","name":"Birthday of Ravindranath","type":"Restricted"},{"month":"May","date":10,"day":"Sunday","name":"Mother's Day","type":"Observance"},{"month":"May","date":22,"day":"Friday","name":"Jamat Ul-Vida","type":"Restricted"},{"month":"May","date":25,"day":"Monday","name":"Ramzan Id/Eid-ul-Fitar","type":"Gazetted"},{"month":"May","date":25,"day":"Monday","name":"Ramzan Id/Eid-ul-Fitar","type":"Muslim,"},{"month":"June","date":21,"day":"Sunday","name":"June Solstice","type":"Season"},{"month":"June","date":21,"day":"Sunday","name":"Father's Day","type":"Observance"},{"month":"June","date":23,"day":"Tuesday","name":"Rath Yatra","type":"Restricted"},{"month":"July","date":5,"day":"Sunday","name":"Guru Purnima","type":"Observance"},{"month":"July","date":31,"day":"Friday","name":"Bakr Id/Eid ul-Adha","type":"Gazetted"},{"month":"August","date":2,"day":"Sunday","name":"Friendship Day","type":"Observance"},{"month":"August","date":3,"day":"Monday","name":"Raksha Bandhan (Rakhi)","type":"Restricted"},{"month":"August","date":11,"day":"Tuesday","name":"Janmashtami (Smarta)","type":"Restricted"},{"month":"August","date":12,"day":"Wednesday","name":"Janmashtami","type":"Gazetted"},{"month":"August","date":15,"day":"Saturday","name":"Independence Day","type":"Gazetted"},{"month":"August","date":16,"day":"Sunday","name":"Parsi New Year","type":"Restricted"},{"month":"August","date":22,"day":"Saturday","name":"Ganesh Chaturthi/Vin
08-05 21:00:11.066  4787  5061 W art     : Suspending all threads took: 8.499ms
08-05 21:00:11.075  4787  5061 I art     : Explicit concurrent mark sweep GC freed 5275(198KB) AllocSpace objects, 0(0B) LOS objects, 10% free, 140MB/156MB, paused 14.722ms total 64.372ms
08-05 21:00:11.096  4787  5061 I art     : Starting a blocking GC Explicit
08-05 21:00:11.160  4787  5061 I art     : Explicit concurrent mark sweep GC freed 2094(104KB) AllocSpace objects, 0(0B) LOS objects, 10% free, 140MB/156MB, paused 2.557ms total 63.886ms
08-05 21:00:11.193   918  3261 D WifiStateMachine: starting scan for "H369AA63323"WPA_PSK with 2412,5180
08-05 21:00:11.587  4787  4806 I art     : Starting a blocking GC Explicit
08-05 21:00:11.653  4787  4806 I art     : Explicit concurrent mark sweep GC freed 4282(179KB) AllocSpace objects, 3(4MB) LOS objects, 10% free, 136MB/152MB, paused 1.841ms total 65.257ms
08-05 21:00:11.677  4787  4806 I art     : Starting a blocking GC Explicit
08-05 21:00:11.738  4787  4806 I art     : Explicit concurrent mark sweep GC freed 295(8KB) AllocSpace objects, 0(0B) LOS objects, 10% free, 136MB/152MB, paused 2.107ms total 61.129ms
08-05 21:00:11.763  4787  4806 I art     : Starting a blocking GC Explicit
08-05 21:00:11.824  4787  4806 I art     : Explicit concurrent mark sweep GC freed 156(2960B) AllocSpace objects, 0(0B) LOS objects, 10% free, 136MB/152MB, paused 1.819ms total 60.618ms
08-05 21:00:11.849  4787  4806 I art     : Starting a blocking GC Explicit
08-05 21:00:11.910  4787  4806 I art     : Explicit concurrent mark sweep GC freed 127(2224B) AllocSpace objects, 0(0B) LOS objects, 10% free, 136MB/152MB, paused 1.689ms total 60.180ms
08-05 21:00:11.934  4787  4806 I art     : Starting a blocking GC Explicit
08-05 21:00:11.995  4787  4806 I art     : Explicit concurrent mark sweep GC freed 132(2576B) AllocSpace objects, 0(0B) LOS objects, 10% free, 136MB/152MB, paused 1.638ms total 60.697ms
08-05 21:00:12.442  4787  4800 I art     : Starting a blocking GC Explicit
08-05 21:00:12.503  4787  4800 I art     : Explicit concurrent mark sweep GC freed 2354(106KB) AllocSpace objects, 2(36KB) LOS objects, 10% free, 136MB/152MB, paused 1.810ms total 61.053ms
08-05 21:00:12.528  4787  4800 I art     : Starting a blocking GC Explicit
08-05 21:00:12.590  4787  4800 I art     : Explicit concurrent mark sweep GC freed 158(3KB) AllocSpace objects, 0(0B) LOS objects, 10% free, 136MB/152MB, paused 2.142ms total 61.619ms
08-05 21:00:12.614  4787  4800 I art     : Starting a blocking GC Explicit
08-05 21:00:12.676  4787  4800 I art     : Explicit concurrent mark sweep GC freed 138(2336B) AllocSpace objects, 0(0B) LOS objects, 10% free, 136MB/152MB, paused 1.823ms total 60.884ms
08-05 21:00:12.700  4787  4800 I art     : Starting a blocking GC Explicit
08-05 21:00:12.761  4787  4800 I art     : Explicit concurrent mark sweep GC freed 124(2128B) AllocSpace objects, 0(0B) LOS objects, 10% free, 136MB/152MB, paused 1.705ms total 60.444ms
08-05 21:00:12.785  4787  4800 I art     : Starting a blocking GC Explicit
08-05 21:00:12.846  4787  4800 I art     : Explicit concurrent mark sweep GC freed 153(2896B) AllocSpace objects, 0(0B) LOS objects, 10% free, 136MB/152MB, paused 1.718ms total 61.404ms
08-05 21:00:13.305  4787  5061 I art     : Starting a blocking GC Explicit
08-05 21:00:13.368  4787  5061 I art     : Explicit concurrent mark sweep GC freed 2364(106KB) AllocSpace objects, 2(36KB) LOS objects, 10% free, 136MB/152MB, paused 1.620ms total 61.449ms
08-05 21:00:13.392  4787  5061 I art     : Starting a blocking GC Explicit
08-05 21:00:13.453  4787  5061 I art     : Explicit concurrent mark sweep GC freed 151(3KB) AllocSpace objects, 0(0B) LOS objects, 10% free, 136MB/152MB, paused 1.826ms total 60.831ms
08-05 21:00:13.477  4787  5061 I art     : Starting a blocking GC Explicit
08-05 21:00:13.540  4787  5061 I art     : Explicit concurrent mark sweep GC freed 135(2752B) AllocSpace objects, 0(0B) LOS objects, 10% free, 136MB/152MB, paused 2.035ms total 62.076ms
08-05 21:00:13.564  4787  5061 I art     : Starting a blocking GC Explicit
08-05 21:00:13.623  4787  5061 I art     : Explicit concurrent mark sweep GC freed 147(3KB) AllocSpace objects, 0(0B) LOS objects, 10% free, 136MB/152MB, paused 1.864ms total 58.566ms
08-05 21:00:13.647  4787  5061 I art     : Starting a blocking GC Explicit
08-05 21:00:13.708  4787  5061 I art     : Explicit concurrent mark sweep GC freed 141(2400B) AllocSpace objects, 0(0B) LOS objects, 10% free, 136MB/152MB, paused 1.872ms total 60.440ms
08-05 21:00:13.784   518   646 I ThermalEngine: ACTION: GPU - Setting GPU[0] to 450000000
08-05 21:00:14.174  4787  4801 I art     : Starting a blocking GC Explicit
08-05 21:00:14.229  4787  4801 I art     : Explicit concurrent mark sweep GC freed 2406(108KB) AllocSpace objects, 2(36KB) LOS objects, 10% free, 136MB/152MB, paused 1.288ms total 53.794ms
08-05 21:00:14.248  4787  4801 I art     : Starting a blocking GC Explicit
08-05 21:00:14.300  4787  4801 I art     : Explicit concurrent mark sweep GC freed 137(3KB) AllocSpace objects, 0(0B) LOS objects, 10% free, 136MB/152MB, paused 1.123ms total 51.480ms
08-05 21:00:14.318  4787  4801 I art     : Starting a blocking GC Explicit
08-05 21:00:14.371  4787  4801 I art     : Explicit concurrent mark sweep GC freed 99(1696B) AllocSpace objects, 0(0B) LOS objects, 10% free, 136MB/152MB, paused 1.047ms total 52.352ms
08-05 21:00:14.389  4787  4801 I art     : Starting a blocking GC Explicit
08-05 21:00:14.438  4787  4801 I art     : Explicit concurrent mark sweep GC freed 99(1696B) AllocSpace objects, 0(0B) LOS objects, 10% free, 136MB/152MB, paused 1.173ms total 48.237ms
08-05 21:00:14.455  4787  4801 I art     : Starting a blocking GC Explicit
08-05 21:00:14.501  4787  4801 I art     : Explicit concurrent mark sweep GC freed 99(1696B) AllocSpace objects, 0(0B) LOS objects, 10% free, 136MB/152MB, paused 1.097ms total 45.803ms
08-05 21:00:14.906  4787  4806 I art     : Starting a blocking GC Explicit
08-05 21:00:14.924  6543  6543 D AndroidRuntime: >>>>>> START com.android.internal.os.RuntimeInit uid 2000 <<<<<<
08-05 21:00:14.930  6543  6543 D AndroidRuntime: CheckJNI is OFF
08-05 21:00:14.960  4787  4806 I art     : Explicit concurrent mark sweep GC freed 2321(106KB) AllocSpace objects, 2(36KB) LOS objects, 10% free, 136MB/152MB, paused 1.255ms total 53.398ms
08-05 21:00:14.978  4787  4806 I art     : Starting a blocking GC Explicit
08-05 21:00:14.979  6543  6543 D ICU     : No timezone override file found: /data/misc/zoneinfo/current/icu/icu_tzdata.dat
08-05 21:00:15.026  4787  4806 I art     : Explicit concurrent mark sweep GC freed 126(2704B) AllocSpace objects, 0(0B) LOS objects, 10% free, 136MB/152MB, paused 1.208ms total 47.721ms
08-05 21:00:15.030  6543  6543 I Radio-JNI: register_android_hardware_Radio DONE
08-05 21:00:15.044  4787  4806 I art     : Starting a blocking GC Explicit
08-05 21:00:15.060  6543  6543 D AndroidRuntime: Calling main entry com.android.commands.input.Input
08-05 21:00:15.063  6543  6543 I Input   : injectKeyEvent: KeyEvent { action=ACTION_DOWN, keyCode=KEYCODE_BACK, scanCode=0, metaState=0, flags=0x0, repeatCount=0, eventTime=824431475, downTime=824431475, deviceId=-1, source=0x101 }
08-05 21:00:15.069  6543  6543 I Input   : injectKeyEvent: KeyEvent { action=ACTION_UP, keyCode=KEYCODE_BACK, scanCode=0, metaState=0, flags=0x0, repeatCount=0, eventTime=824431475, downTime=824431475, deviceId=-1, source=0x101 }
08-05 21:00:15.074  6543  6543 D AndroidRuntime: Shutting down VM
08-05 21:00:15.090  4787  4806 I art     : Explicit concurrent mark sweep GC freed 194(5KB) AllocSpace objects, 0(0B) LOS objects, 10% free, 136MB/152MB, paused 1.245ms total 46.507ms
08-05 21:00:15.091  4787  4787 V MainActivity: url = https://project-travel-mate.herokuapp.com/api/number-of-unread-notifications
08-05 21:00:15.108  4787  4806 I art     : Starting a blocking GC Explicit
08-05 21:00:15.123 13866 13866 I GoogleInputMethodServic: GoogleInputMethodService.onFinishInput():3138 
08-05 21:00:15.123 13866 13866 I GoogleInputMethodServic: GoogleInputMethodService.onStartInput():1808 
08-05 21:00:15.151  4787  4806 I art     : Explicit concurrent mark sweep GC freed 307(11KB) AllocSpace objects, 0(0B) LOS objects, 10% free, 136MB/152MB, paused 1.320ms total 42.347ms
08-05 21:00:15.171  4787  4806 I art     : Starting a blocking GC Explicit
08-05 21:00:15.216  4787  4806 I art     : Explicit concurrent mark sweep GC freed 144(7KB) AllocSpace objects, 0(0B) LOS objects, 10% free, 136MB/152MB, paused 1.351ms total 44.307ms
08-05 21:00:15.373 13866 13882 I PeriodicStatsRunner: PeriodicStatsRunner.call():175 call()
08-05 21:00:15.373 13866 13882 I PeriodicStatsRunner: PeriodicStatsRunner.call():179 No submit PeriodicStats since input started.
08-05 21:00:15.455   380   380 W SurfaceFlinger: couldn't log to binary event log: overflow.
08-05 21:00:15.595  4787  4800 I art     : Starting a blocking GC Explicit
08-05 21:00:15.655  4787  4800 I art     : Explicit concurrent mark sweep GC freed 2058(103KB) AllocSpace objects, 3(224KB) LOS objects, 10% free, 136MB/152MB, paused 1.233ms total 59.605ms
08-05 21:00:15.679  4787  4800 I art     : Starting a blocking GC Explicit
08-05 21:00:15.726  4787  4800 I art     : Explicit concurrent mark sweep GC freed 6657(361KB) AllocSpace objects, 13(264KB) LOS objects, 10% free, 135MB/151MB, paused 1.184ms total 46.656ms
08-05 21:00:15.743  4787  4800 I art     : Starting a blocking GC Explicit
08-05 21:00:15.789  4787  4800 I art     : Explicit concurrent mark sweep GC freed 17(496B) AllocSpace objects, 0(0B) LOS objects, 10% free, 135MB/151MB, paused 1.277ms total 45.982ms
08-05 21:00:15.807  4787  4800 I art     : Starting a blocking GC Explicit
08-05 21:00:15.853  4787  4800 I art     : Explicit concurrent mark sweep GC freed 23(640B) AllocSpace objects, 0(0B) LOS objects, 10% free, 135MB/151MB, paused 1.168ms total 46.466ms
08-05 21:00:15.853  4787  4799 I art     : WaitForGcToComplete blocked for 9.897ms for cause HeapTrim
08-05 21:00:15.871  4787  4800 I art     : Starting a blocking GC Explicit
08-05 21:00:15.924  4787  4800 I art     : Explicit concurrent mark sweep GC freed 2407(125KB) AllocSpace objects, 3(200KB) LOS objects, 10% free, 135MB/151MB, paused 1.682ms total 53.146ms
08-05 21:00:15.972  4787  6566 I NAPPA_EXPERIMENTATION: MetricNetworkRequestExecutionTime: REQUEST_DURATION_SYSTEM='879',REQUEST_DURATION_OKHTTP='40',REQUEST_SYNCHRONOUS='FALSE',RESPONSE_CODE='200',RESPONSE_METHOD='GET',RESPONSE_LENGTH_OKHTTP='36',RESPONSE_LENGTH_HEADER='36',REQUEST_PROTOCOL='http/1.1',REQUEST_URL='https://project-travel-mate.herokuapp.com/api/number-of-unread-notifications',
08-05 21:00:16.332  4787  5061 I art     : Starting a blocking GC Explicit
08-05 21:00:16.380  4787  5061 I art     : Explicit concurrent mark sweep GC freed 2929(231KB) AllocSpace objects, 2(36KB) LOS objects, 10% free, 135MB/151MB, paused 1.266ms total 47.517ms
08-05 21:00:16.397  4787  5061 I art     : Starting a blocking GC Explicit
08-05 21:00:16.443  4787  5061 I art     : Explicit concurrent mark sweep GC freed 50(2016B) AllocSpace objects, 0(0B) LOS objects, 10% free, 135MB/151MB, paused 1.145ms total 45.203ms
08-05 21:00:16.460  4787  5061 I art     : Starting a blocking GC Explicit
08-05 21:00:16.505  4787  5061 I art     : Explicit concurrent mark sweep GC freed 15(752B) AllocSpace objects, 0(0B) LOS objects, 10% free, 135MB/151MB, paused 1.133ms total 44.447ms
08-05 21:00:16.523  4787  5061 I art     : Starting a blocking GC Explicit
08-05 21:00:16.568  4787  5061 I art     : Explicit concurrent mark sweep GC freed 13(640B) AllocSpace objects, 0(0B) LOS objects, 10% free, 135MB/151MB, paused 1.172ms total 44.970ms
08-05 21:00:16.585  4787  5061 I art     : Starting a blocking GC Explicit
08-05 21:00:16.631  4787  5061 I art     : Explicit concurrent mark sweep GC freed 3(96B) AllocSpace objects, 0(0B) LOS objects, 10% free, 135MB/151MB, paused 1.204ms total 45.312ms
08-05 21:00:16.872  6588  6588 D AndroidRuntime: >>>>>> START com.android.internal.os.RuntimeInit uid 2000 <<<<<<
08-05 21:00:16.878  6588  6588 D AndroidRuntime: CheckJNI is OFF
08-05 21:00:16.915  6588  6588 D ICU     : No timezone override file found: /data/misc/zoneinfo/current/icu/icu_tzdata.dat
08-05 21:00:16.953  6588  6588 I Radio-JNI: register_android_hardware_Radio DONE
08-05 21:00:16.980  6588  6588 D AndroidRuntime: Calling main entry com.android.commands.input.Input
08-05 21:00:16.983  6588  6588 I Input   : injectMotionEvent: MotionEvent { action=ACTION_DOWN, actionButton=0, id[0]=0, x[0]=657.0, y[0]=2080.0, toolType[0]=TOOL_TYPE_UNKNOWN, buttonState=0, metaState=0, flags=0x0, edgeFlags=0x0, pointerCount=1, historySize=0, eventTime=824433396, downTime=824433396, deviceId=0, source=0x1002 }
08-05 21:00:17.005  6588  6588 I Input   : injectMotionEvent: MotionEvent { action=ACTION_UP, actionButton=0, id[0]=0, x[0]=657.0, y[0]=2080.0, toolType[0]=TOOL_TYPE_UNKNOWN, buttonState=0, metaState=0, flags=0x0, edgeFlags=0x0, pointerCount=1, historySize=0, eventTime=824433396, downTime=824433396, deviceId=0, source=0x1002 }
08-05 21:00:17.021  4787  5061 I art     : Starting a blocking GC Explicit
08-05 21:00:17.050  6588  6588 D AndroidRuntime: Shutting down VM
08-05 21:00:17.051   918  5952 I ActivityManager: START u0 {cmp=baseline.io.github.project_travel_mate/.utilities.UpcomingWeekendsActivity} from uid 10674 on display 0
08-05 21:00:17.052   512  2967 D audio_hw_primary: out_set_parameters: enter: usecase(1: low-latency-playback) kvpairs: routing=2
08-05 21:00:17.062  4787  5061 I art     : Explicit concurrent mark sweep GC freed 1686(96KB) AllocSpace objects, 2(36KB) LOS objects, 10% free, 135MB/151MB, paused 1.141ms total 40.874ms
08-05 21:00:17.065   512  2967 D audio_hw_primary: select_devices: out_snd_device(2: speaker) in_snd_device(0: none)
08-05 21:00:17.065   512  2967 D msm8974_platform: platform_send_audio_calibration: sending audio calibration for snd_device(2) acdb_id(15)
08-05 21:00:17.066   512  2967 I soundtrigger: audio_extn_sound_trigger_update_device_status: device 0x2 of type 0 for Event 1
08-05 21:00:17.076   512  2967 D audio_hw_primary: enable_snd_device: snd_device(2: speaker)
08-05 21:00:17.079   512  2967 D audio_hw_primary: enable_audio_route: apply and update mixer path: low-latency-playback speaker
08-05 21:00:17.080  4787  5061 I art     : Starting a blocking GC Explicit
08-05 21:00:17.085  4787  4853 D Gabe    : call	returning from cache
08-05 21:00:17.088  4787  4787 V EXECUTING: https://project-travel-mate.herokuapp.com/api/get-upcoming-holidays/2020
08-05 21:00:17.091  4787  4787 V EXECUTING: https://project-travel-mate.herokuapp.com/api/get-upcoming-holidays/2020
08-05 21:00:17.121  4787  5061 I art     : Explicit concurrent mark sweep GC freed 785(57KB) AllocSpace objects, 0(0B) LOS objects, 10% free, 135MB/151MB, paused 1.480ms total 40.891ms
08-05 21:00:17.140  4787  5061 I art     : Starting a blocking GC Explicit
08-05 21:00:17.178 32448 32448 I ServiceManager: Waiting for service AtCmdFwd...
08-05 21:00:17.181  4787  5061 I art     : Explicit concurrent mark sweep GC freed 631(36KB) AllocSpace objects, 0(0B) LOS objects, 10% free, 135MB/151MB, paused 1.225ms total 40.109ms
08-05 21:00:17.189 13866 13866 I GoogleInputMethodServic: GoogleInputMethodService.onFinishInput():3138 
08-05 21:00:17.190 13866 13866 I GoogleInputMethodServic: GoogleInputMethodService.onStartInput():1808 
08-05 21:00:17.198  4787  5061 I art     : Starting a blocking GC Explicit
08-05 21:00:17.242  4787  5061 I art     : Explicit concurrent mark sweep GC freed 471(13KB) AllocSpace objects, 0(0B) LOS objects, 10% free, 140MB/156MB, paused 1.679ms total 44.082ms
08-05 21:00:17.259  4787  5061 I art     : Starting a blocking GC Explicit
08-05 21:00:17.287   918   936 I ActivityManager: Displayed baseline.io.github.project_travel_mate/.utilities.UpcomingWeekendsActivity: +226ms
08-05 21:00:17.300  4787  5061 I art     : Explicit concurrent mark sweep GC freed 96(2224B) AllocSpace objects, 0(0B) LOS objects, 10% free, 140MB/156MB, paused 1.355ms total 41.124ms
08-05 21:00:17.541   380   380 W SurfaceFlinger: couldn't log to binary event log: overflow.
08-05 21:00:17.616  4787  6613 I NAPPA_EXPERIMENTATION: MetricNetworkRequestExecutionTime: REQUEST_DURATION_SYSTEM='524',REQUEST_DURATION_OKHTTP='51',REQUEST_SYNCHRONOUS='FALSE',RESPONSE_CODE='200',RESPONSE_METHOD='GET',RESPONSE_LENGTH_OKHTTP='6426',RESPONSE_LENGTH_HEADER='6426',REQUEST_PROTOCOL='http/1.1',REQUEST_URL='https://project-travel-mate.herokuapp.com/api/get-upcoming-holidays/2020',
08-05 21:00:17.617  4787  4787 V Response: [{"month":"January","date":1,"day":"Wednesday","name":"New Year's Day","type":"Restricted"},{"month":"January","date":2,"day":"Thursday","name":"Guru Govind Singh Jayanti","type":"Restricted"},{"month":"January","date":14,"day":"Tuesday","name":"Lohri","type":"Restricted"},{"month":"January","date":15,"day":"Wednesday","name":"Pongal","type":"Restricted"},{"month":"January","date":15,"day":"Wednesday","name":"Makar Sankranti","type":"Restricted"},{"month":"January","date":25,"day":"Saturday","name":"Chinese New Year","type":"Observance"},{"month":"January","date":26,"day":"Sunday","name":"Republic Day","type":"Gazetted"},{"month":"January","date":30,"day":"Thursday","name":"Vasant Panchami","type":"Restricted"},{"month":"February","date":9,"day":"Sunday","name":"Guru Ravidas Jayanti","type":"Restricted"},{"month":"February","date":14,"day":"Friday","name":"Valentine's Day","type":"Observance"},{"month":"February","date":18,"day":"Tuesday","name":"Maharishi Dayanand Saraswati Jayanti","type":"Restricted"},{"month":"February","date":19,"day":"Wednesday","name":"Shivaji Jayanti","type":"Restricted"},{"month":"February","date":21,"day":"Friday","name":"Maha Shivaratri/Shivaratri","type":"Gazetted"},{"month":"March","date":9,"day":"Monday","name":"Holika Dahana","type":"Restricted"},{"month":"March","date":9,"day":"Monday","name":"Hazarat Ali's Birthday","type":"Restricted"},{"month":"March","date":10,"day":"Tuesday","name":"Holi","type":"Gazetted"},{"month":"March","date":20,"day":"Friday","name":"March Equinox","type":"Season"},{"month":"March","date":25,"day":"Wednesday","name":"Chaitra Sukhladi","type":"Restricted"},{"month":"April","date":2,"day":"Thursday","name":"Rama Navami","type":"Gazetted"},{"month":"April","date":6,"day":"Monday","name":"Mahavir Jayanti","type":"Gazetted"},{"month":"April","date":9,"day":"Thursday","name":"First day of Passover","type":"Observance"},{"month":"April","date":9,"day":"Thursday","name":"Maundy Thursday","type":"Observance,"},{"month":"April","date":10,"day":"Friday","name":"Good Friday","type":"Gazetted"},{"month":"April","date":12,"day":"Sunday","name":"Easter Day","type":"Restricted"},{"month":"April","date":13,"day":"Monday","name":"Vaisakhi","type":"Restricted"},{"month":"April","date":14,"day":"Tuesday","name":"Mesadi/Vaisakhadi","type":"Restricted"},{"month":"April","date":14,"day":"Tuesday","name":"Ambedkar Jayanti","type":"Central"},{"month":"May","date":1,"day":"Friday","name":"May Day","type":"Observance"},{"month":"May","date":7,"day":"Thursday","name":"Buddha Purnima/Vesak","type":"Gazetted"},{"month":"May","date":7,"day":"Thursday","name":"Birthday of Ravindranath","type":"Restricted"},{"month":"May","date":10,"day":"Sunday","name":"Mother's Day","type":"Observance"},{"month":"May","date":22,"day":"Friday","name":"Jamat Ul-Vida","type":"Restricted"},{"month":"May","date":25,"day":"Monday","name":"Ramzan Id/Eid-ul-Fitar","type":"Gazetted"},{"month":"May","date":25,"day":"Monday","name":"Ramzan Id/Eid-ul-Fitar","type":"Muslim,"},{"month":"June","date":21,"day":"Sunday","name":"June Solstice","type":"Season"},{"month":"June","date":21,"day":"Sunday","name":"Father's Day","type":"Observance"},{"month":"June","date":23,"day":"Tuesday","name":"Rath Yatra","type":"Restricted"},{"month":"July","date":5,"day":"Sunday","name":"Guru Purnima","type":"Observance"},{"month":"July","date":31,"day":"Friday","name":"Bakr Id/Eid ul-Adha","type":"Gazetted"},{"month":"August","date":2,"day":"Sunday","name":"Friendship Day","type":"Observance"},{"month":"August","date":3,"day":"Monday","name":"Raksha Bandhan (Rakhi)","type":"Restricted"},{"month":"August","date":11,"day":"Tuesday","name":"Janmashtami (Smarta)","type":"Restricted"},{"month":"August","date":12,"day":"Wednesday","name":"Janmashtami","type":"Gazetted"},{"month":"August","date":15,"day":"Saturday","name":"Independence Day","type":"Gazetted"},{"month":"August","date":16,"day":"Sunday","name":"Parsi New Year","type":"Restricted"},{"month":"August","date":22,"day":"Saturday","name":"Ganesh Chaturthi/Vin
08-05 21:00:17.619   512  2967 D audio_hw_primary: disable_audio_route: reset and update mixer path: low-latency-playback speaker
08-05 21:00:17.619   512  2967 D audio_hw_primary: disable_snd_device: snd_device(2: speaker)
08-05 21:00:17.627   512  2967 I soundtrigger: audio_extn_sound_trigger_update_device_status: device 0x2 of type 0 for Event 0
08-05 21:00:17.650  4787  6612 I NAPPA_EXPERIMENTATION: MetricNetworkRequestExecutionTime: REQUEST_DURATION_SYSTEM='561',REQUEST_DURATION_OKHTTP='76',REQUEST_SYNCHRONOUS='FALSE',RESPONSE_CODE='200',RESPONSE_METHOD='GET',RESPONSE_LENGTH_OKHTTP='6426',RESPONSE_LENGTH_HEADER='6426',REQUEST_PROTOCOL='http/1.1',REQUEST_URL='https://project-travel-mate.herokuapp.com/api/get-upcoming-holidays/2020',
08-05 21:00:17.683  4787  4787 V Response: [{"month":"January","date":1,"day":"Wednesday","name":"New Year's Day","type":"Restricted"},{"month":"January","date":2,"day":"Thursday","name":"Guru Govind Singh Jayanti","type":"Restricted"},{"month":"January","date":14,"day":"Tuesday","name":"Lohri","type":"Restricted"},{"month":"January","date":15,"day":"Wednesday","name":"Pongal","type":"Restricted"},{"month":"January","date":15,"day":"Wednesday","name":"Makar Sankranti","type":"Restricted"},{"month":"January","date":25,"day":"Saturday","name":"Chinese New Year","type":"Observance"},{"month":"January","date":26,"day":"Sunday","name":"Republic Day","type":"Gazetted"},{"month":"January","date":30,"day":"Thursday","name":"Vasant Panchami","type":"Restricted"},{"month":"February","date":9,"day":"Sunday","name":"Guru Ravidas Jayanti","type":"Restricted"},{"month":"February","date":14,"day":"Friday","name":"Valentine's Day","type":"Observance"},{"month":"February","date":18,"day":"Tuesday","name":"Maharishi Dayanand Saraswati Jayanti","type":"Restricted"},{"month":"February","date":19,"day":"Wednesday","name":"Shivaji Jayanti","type":"Restricted"},{"month":"February","date":21,"day":"Friday","name":"Maha Shivaratri/Shivaratri","type":"Gazetted"},{"month":"March","date":9,"day":"Monday","name":"Holika Dahana","type":"Restricted"},{"month":"March","date":9,"day":"Monday","name":"Hazarat Ali's Birthday","type":"Restricted"},{"month":"March","date":10,"day":"Tuesday","name":"Holi","type":"Gazetted"},{"month":"March","date":20,"day":"Friday","name":"March Equinox","type":"Season"},{"month":"March","date":25,"day":"Wednesday","name":"Chaitra Sukhladi","type":"Restricted"},{"month":"April","date":2,"day":"Thursday","name":"Rama Navami","type":"Gazetted"},{"month":"April","date":6,"day":"Monday","name":"Mahavir Jayanti","type":"Gazetted"},{"month":"April","date":9,"day":"Thursday","name":"First day of Passover","type":"Observance"},{"month":"April","date":9,"day":"Thursday","name":"Maundy Thursday","type":"Observance,"},{"month":"April","date":10,"day":"Friday","name":"Good Friday","type":"Gazetted"},{"month":"April","date":12,"day":"Sunday","name":"Easter Day","type":"Restricted"},{"month":"April","date":13,"day":"Monday","name":"Vaisakhi","type":"Restricted"},{"month":"April","date":14,"day":"Tuesday","name":"Mesadi/Vaisakhadi","type":"Restricted"},{"month":"April","date":14,"day":"Tuesday","name":"Ambedkar Jayanti","type":"Central"},{"month":"May","date":1,"day":"Friday","name":"May Day","type":"Observance"},{"month":"May","date":7,"day":"Thursday","name":"Buddha Purnima/Vesak","type":"Gazetted"},{"month":"May","date":7,"day":"Thursday","name":"Birthday of Ravindranath","type":"Restricted"},{"month":"May","date":10,"day":"Sunday","name":"Mother's Day","type":"Observance"},{"month":"May","date":22,"day":"Friday","name":"Jamat Ul-Vida","type":"Restricted"},{"month":"May","date":25,"day":"Monday","name":"Ramzan Id/Eid-ul-Fitar","type":"Gazetted"},{"month":"May","date":25,"day":"Monday","name":"Ramzan Id/Eid-ul-Fitar","type":"Muslim,"},{"month":"June","date":21,"day":"Sunday","name":"June Solstice","type":"Season"},{"month":"June","date":21,"day":"Sunday","name":"Father's Day","type":"Observance"},{"month":"June","date":23,"day":"Tuesday","name":"Rath Yatra","type":"Restricted"},{"month":"July","date":5,"day":"Sunday","name":"Guru Purnima","type":"Observance"},{"month":"July","date":31,"day":"Friday","name":"Bakr Id/Eid ul-Adha","type":"Gazetted"},{"month":"August","date":2,"day":"Sunday","name":"Friendship Day","type":"Observance"},{"month":"August","date":3,"day":"Monday","name":"Raksha Bandhan (Rakhi)","type":"Restricted"},{"month":"August","date":11,"day":"Tuesday","name":"Janmashtami (Smarta)","type":"Restricted"},{"month":"August","date":12,"day":"Wednesday","name":"Janmashtami","type":"Gazetted"},{"month":"August","date":15,"day":"Saturday","name":"Independence Day","type":"Gazetted"},{"month":"August","date":16,"day":"Sunday","name":"Parsi New Year","type":"Restricted"},{"month":"August","date":22,"day":"Saturday","name":"Ganesh Chaturthi/Vin
08-05 21:00:17.685  4787  4800 I art     : Starting a blocking GC Explicit
08-05 21:00:17.743  4787  4800 I art     : Explicit concurrent mark sweep GC freed 19395(823KB) AllocSpace objects, 11(484KB) LOS objects, 10% free, 141MB/157MB, paused 1.649ms total 58.264ms
08-05 21:00:17.762  4787  4800 I art     : Starting a blocking GC Explicit
08-05 21:00:17.809  4787  4800 I art     : Explicit concurrent mark sweep GC freed 4792(366KB) AllocSpace objects, 1(4MB) LOS objects, 10% free, 136MB/152MB, paused 1.316ms total 47.146ms
08-05 21:00:17.827  4787  4800 I art     : Starting a blocking GC Explicit
08-05 21:00:17.877  4787  4800 I art     : Explicit concurrent mark sweep GC freed 127(2256B) AllocSpace objects, 0(0B) LOS objects, 10% free, 136MB/152MB, paused 1.446ms total 50.296ms
08-05 21:00:17.896  4787  4800 I art     : Starting a blocking GC Explicit
08-05 21:00:17.947  4787  4800 I art     : Explicit concurrent mark sweep GC freed 99(1696B) AllocSpace objects, 0(0B) LOS objects, 10% free, 136MB/152MB, paused 1.224ms total 51.209ms
08-05 21:00:17.969  4787  4800 I art     : Starting a blocking GC Explicit
08-05 21:00:18.017  4787  4800 I art     : Explicit concurrent mark sweep GC freed 99(1696B) AllocSpace objects, 0(0B) LOS objects, 10% free, 136MB/152MB, paused 1.279ms total 47.730ms
08-05 21:00:18.179 32448 32448 I ServiceManager: Waiting for service AtCmdFwd...
08-05 21:00:18.418  4787  5061 I art     : Starting a blocking GC Explicit
08-05 21:00:18.470  4787  5061 I art     : Explicit concurrent mark sweep GC freed 2267(105KB) AllocSpace objects, 2(36KB) LOS objects, 10% free, 136MB/152MB, paused 1.254ms total 51.320ms
08-05 21:00:18.488  4787  5061 I art     : Starting a blocking GC Explicit
08-05 21:00:18.538  4787  5061 I art     : Explicit concurrent mark sweep GC freed 130(2832B) AllocSpace objects, 0(0B) LOS objects, 10% free, 136MB/152MB, paused 1.254ms total 49.937ms
08-05 21:00:18.556  4787  5061 I art     : Starting a blocking GC Explicit
08-05 21:00:18.608  4787  5061 I art     : Explicit concurrent mark sweep GC freed 108(2176B) AllocSpace objects, 0(0B) LOS objects, 10% free, 136MB/152MB, paused 1.373ms total 51.146ms
08-05 21:00:18.629  4787  5061 I art     : Starting a blocking GC Explicit
08-05 21:00:18.678  4787  5061 I art     : Explicit concurrent mark sweep GC freed 120(2240B) AllocSpace objects, 0(0B) LOS objects, 10% free, 136MB/152MB, paused 1.382ms total 48.402ms
08-05 21:00:18.696  4787  5061 I art     : Starting a blocking GC Explicit
08-05 21:00:18.749  4787  5061 I art     : Explicit concurrent mark sweep GC freed 115(1952B) AllocSpace objects, 0(0B) LOS objects, 10% free, 136MB/152MB, paused 1.220ms total 52.255ms
08-05 21:00:19.176  4787  4801 I art     : Starting a blocking GC Explicit
08-05 21:00:19.179 32448 32448 I ServiceManager: Waiting for service AtCmdFwd...
08-05 21:00:19.268  4787  4801 I art     : Explicit concurrent mark sweep GC freed 2407(107KB) AllocSpace objects, 2(36KB) LOS objects, 10% free, 136MB/152MB, paused 1.637ms total 91.699ms
08-05 21:00:19.289  4787  4801 I art     : Starting a blocking GC Explicit
08-05 21:00:19.339  4787  4801 I art     : Explicit concurrent mark sweep GC freed 141(3KB) AllocSpace objects, 0(0B) LOS objects, 10% free, 136MB/152MB, paused 1.209ms total 50.166ms
08-05 21:00:19.358  4787  4801 I art     : Starting a blocking GC Explicit
08-05 21:00:19.411  4787  4801 I art     : Explicit concurrent mark sweep GC freed 99(1696B) AllocSpace objects, 0(0B) LOS objects, 10% free, 136MB/152MB, paused 1.222ms total 53.022ms
08-05 21:00:19.429  4787  4801 I art     : Starting a blocking GC Explicit
08-05 21:00:19.484  4787  4801 I art     : Explicit concurrent mark sweep GC freed 133(2688B) AllocSpace objects, 0(0B) LOS objects, 10% free, 136MB/152MB, paused 1.250ms total 54.440ms
08-05 21:00:19.503  4787  4801 I art     : Starting a blocking GC Explicit
08-05 21:00:19.557  4787  4801 I art     : Explicit concurrent mark sweep GC freed 111(2304B) AllocSpace objects, 0(0B) LOS objects, 10% free, 136MB/152MB, paused 1.230ms total 53.765ms
08-05 21:00:19.559 15866 15897 I Finsky  : [6071] ktr.run(-1): Stats for Executor: BlockingExecutor kvs@43d8fc2[Running, pool size = 0, active threads = 0, queued tasks = 0, completed tasks = 68]
08-05 21:00:19.563 15866 15897 I Finsky  : [6071] ktr.run(-1): Stats for Executor: LightweightExecutor kvs@20f81d3[Running, pool size = 4, active threads = 0, queued tasks = 0, completed tasks = 77]
08-05 21:00:19.974  4787  4806 I art     : Starting a blocking GC Explicit
08-05 21:00:20.028  4787  4806 I art     : Explicit concurrent mark sweep GC freed 2344(107KB) AllocSpace objects, 2(36KB) LOS objects, 10% free, 136MB/152MB, paused 1.244ms total 53.351ms
08-05 21:00:20.047  4787  4806 I art     : Starting a blocking GC Explicit
08-05 21:00:20.101  4787  4806 I art     : Explicit concurrent mark sweep GC freed 159(3KB) AllocSpace objects, 0(0B) LOS objects, 10% free, 136MB/152MB, paused 1.255ms total 54.208ms
08-05 21:00:20.120  4787  4806 I art     : Starting a blocking GC Explicit
08-05 21:00:20.123 13866 13882 I PeriodicStatsRunner: PeriodicStatsRunner.call():175 call()
08-05 21:00:20.124 13866 13882 I PeriodicStatsRunner: PeriodicStatsRunner.call():179 No submit PeriodicStats since input started.
08-05 21:00:20.171  4787  4806 I art     : Explicit concurrent mark sweep GC freed 100(1728B) AllocSpace objects, 0(0B) LOS objects, 10% free, 136MB/152MB, paused 1.199ms total 50.719ms
08-05 21:00:20.180 32448 32448 I ServiceManager: Waiting for service AtCmdFwd...
08-05 21:00:20.190  4787  4806 I art     : Starting a blocking GC Explicit
08-05 21:00:20.245  4787  4806 I art     : Explicit concurrent mark sweep GC freed 99(1696B) AllocSpace objects, 0(0B) LOS objects, 10% free, 136MB/152MB, paused 1.146ms total 54.529ms
08-05 21:00:20.263  4787  4806 I art     : Starting a blocking GC Explicit
08-05 21:00:20.317  4787  4806 I art     : Explicit concurrent mark sweep GC freed 123(2096B) AllocSpace objects, 0(0B) LOS objects, 10% free, 136MB/152MB, paused 1.299ms total 53.759ms
08-05 21:00:20.615 15866 15897 I Finsky  : [6071] ktr.run(-1): Stats for Executor: bgExecutor kvs@65ac110[Running, pool size = 4, active threads = 0, queued tasks = 0, completed tasks = 230]
08-05 21:00:20.749  4787  4800 I art     : Starting a blocking GC Explicit
08-05 21:00:20.806  4787  4800 I art     : Explicit concurrent mark sweep GC freed 2347(106KB) AllocSpace objects, 2(36KB) LOS objects, 10% free, 136MB/152MB, paused 1.230ms total 56.574ms
08-05 21:00:20.825  4787  4800 I art     : Starting a blocking GC Explicit
08-05 21:00:20.879  4787  4800 I art     : Explicit concurrent mark sweep GC freed 126(2704B) AllocSpace objects, 0(0B) LOS objects, 10% free, 136MB/152MB, paused 1.154ms total 53.437ms
08-05 21:00:20.897  4787  4800 I art     : Starting a blocking GC Explicit
08-05 21:00:20.951  4787  4800 I art     : Explicit concurrent mark sweep GC freed 122(2064B) AllocSpace objects, 0(0B) LOS objects, 10% free, 136MB/152MB, paused 1.244ms total 53.757ms
08-05 21:00:20.952  4787  4799 I art     : WaitForGcToComplete blocked for 26.384ms for cause HeapTrim
08-05 21:00:20.970  4787  4800 I art     : Starting a blocking GC Explicit
08-05 21:00:21.023  4787  4800 I art     : Explicit concurrent mark sweep GC freed 100(1728B) AllocSpace objects, 0(0B) LOS objects, 10% free, 136MB/152MB, paused 1.207ms total 52.906ms
08-05 21:00:21.042  4787  4800 I art     : Starting a blocking GC Explicit
08-05 21:00:21.098  4787  4800 I art     : Explicit concurrent mark sweep GC freed 103(1760B) AllocSpace objects, 0(0B) LOS objects, 10% free, 136MB/152MB, paused 1.461ms total 55.642ms
08-05 21:00:21.181 32448 32448 I ServiceManager: Waiting for service AtCmdFwd...
08-05 21:00:21.498  4787  5061 I art     : Starting a blocking GC Explicit
08-05 21:00:21.552  4787  5061 I art     : Explicit concurrent mark sweep GC freed 2286(105KB) AllocSpace objects, 2(36KB) LOS objects, 10% free, 136MB/152MB, paused 1.235ms total 53.166ms
08-05 21:00:21.570  4787  5061 I art     : Starting a blocking GC Explicit
08-05 21:00:21.622  4787  5061 I art     : Explicit concurrent mark sweep GC freed 127(2736B) AllocSpace objects, 0(0B) LOS objects, 10% free, 136MB/152MB, paused 1.204ms total 51.242ms
08-05 21:00:21.640  4787  5061 I art     : Starting a blocking GC Explicit
08-05 21:00:21.692  4787  5061 I art     : Explicit concurrent mark sweep GC freed 99(1696B) AllocSpace objects, 0(0B) LOS objects, 10% free, 136MB/152MB, paused 1.213ms total 51.484ms
08-05 21:00:21.710  4787  5061 I art     : Starting a blocking GC Explicit
08-05 21:00:21.761  4787  5061 I art     : Explicit concurrent mark sweep GC freed 99(1696B) AllocSpace objects, 0(0B) LOS objects, 10% free, 136MB/152MB, paused 1.265ms total 50.926ms
08-05 21:00:21.780  4787  5061 I art     : Starting a blocking GC Explicit
08-05 21:00:21.832  4787  5061 I art     : Explicit concurrent mark sweep GC freed 135(2608B) AllocSpace objects, 0(0B) LOS objects, 10% free, 136MB/152MB, paused 1.391ms total 51.890ms
08-05 21:00:21.862  6669  6669 D AndroidRuntime: >>>>>> START com.android.internal.os.RuntimeInit uid 2000 <<<<<<
08-05 21:00:21.868  6669  6669 D AndroidRuntime: CheckJNI is OFF
08-05 21:00:21.912  6669  6669 D ICU     : No timezone override file found: /data/misc/zoneinfo/current/icu/icu_tzdata.dat
08-05 21:00:21.957  6669  6669 I Radio-JNI: register_android_hardware_Radio DONE
08-05 21:00:21.987  6669  6669 D AndroidRuntime: Calling main entry com.android.commands.input.Input
08-05 21:00:21.989  6669  6669 I Input   : injectKeyEvent: KeyEvent { action=ACTION_DOWN, keyCode=KEYCODE_BACK, scanCode=0, metaState=0, flags=0x0, repeatCount=0, eventTime=824438402, downTime=824438402, deviceId=-1, source=0x101 }
08-05 21:00:21.999  6669  6669 I Input   : injectKeyEvent: KeyEvent { action=ACTION_UP, keyCode=KEYCODE_BACK, scanCode=0, metaState=0, flags=0x0, repeatCount=0, eventTime=824438402, downTime=824438402, deviceId=-1, source=0x101 }
08-05 21:00:22.006  6669  6669 D AndroidRuntime: Shutting down VM
08-05 21:00:22.013  4787  4787 V MainActivity: url = https://project-travel-mate.herokuapp.com/api/number-of-unread-notifications
08-05 21:00:22.040 13866 13866 I GoogleInputMethodServic: GoogleInputMethodService.onFinishInput():3138 
08-05 21:00:22.041 13866 13866 I GoogleInputMethodServic: GoogleInputMethodService.onStartInput():1808 
08-05 21:00:22.181 32448 32448 W Atfwd_Sendcmd: AtCmdFwd service not published, waiting... retryCnt : 4
08-05 21:00:22.190 13866 13882 I PeriodicStatsRunner: PeriodicStatsRunner.call():175 call()
08-05 21:00:22.190 13866 13882 I PeriodicStatsRunner: PeriodicStatsRunner.call():179 No submit PeriodicStats since input started.
08-05 21:00:22.224  4787  5061 I art     : Starting a blocking GC Explicit
08-05 21:00:22.268  4787  5061 I art     : Explicit concurrent mark sweep GC freed 2641(125KB) AllocSpace objects, 2(36KB) LOS objects, 10% free, 136MB/152MB, paused 1.270ms total 43.828ms
08-05 21:00:22.285  4787  5061 I art     : Starting a blocking GC Explicit
08-05 21:00:22.329  4787  5061 I art     : Explicit concurrent mark sweep GC freed 154(4KB) AllocSpace objects, 0(0B) LOS objects, 10% free, 136MB/152MB, paused 1.132ms total 44.369ms
08-05 21:00:22.348  4787  5061 I art     : Starting a blocking GC Explicit
08-05 21:00:22.379   380   380 W SurfaceFlinger: couldn't log to binary event log: overflow.
08-05 21:00:22.392  4787  5061 I art     : Explicit concurrent mark sweep GC freed 112(2272B) AllocSpace objects, 0(0B) LOS objects, 10% free, 136MB/152MB, paused 1.259ms total 43.941ms
08-05 21:00:22.410  4787  5061 I art     : Starting a blocking GC Explicit
08-05 21:00:22.456  4787  5061 I art     : Explicit concurrent mark sweep GC freed 12(448B) AllocSpace objects, 0(0B) LOS objects, 10% free, 136MB/152MB, paused 1.207ms total 46.366ms
08-05 21:00:22.474  4787  5061 I art     : Starting a blocking GC Explicit
08-05 21:00:22.519  4787  5061 I art     : Explicit concurrent mark sweep GC freed 6609(360KB) AllocSpace objects, 13(264KB) LOS objects, 10% free, 135MB/151MB, paused 1.227ms total 44.794ms
08-05 21:00:22.825  4787  6696 I NAPPA_EXPERIMENTATION: MetricNetworkRequestExecutionTime: REQUEST_DURATION_SYSTEM='810',REQUEST_DURATION_OKHTTP='41',REQUEST_SYNCHRONOUS='FALSE',RESPONSE_CODE='200',RESPONSE_METHOD='GET',RESPONSE_LENGTH_OKHTTP='36',RESPONSE_LENGTH_HEADER='36',REQUEST_PROTOCOL='http/1.1',REQUEST_URL='https://project-travel-mate.herokuapp.com/api/number-of-unread-notifications',
08-05 21:00:22.912  4787  4801 I art     : Starting a blocking GC Explicit
08-05 21:00:22.978  4787  4801 I art     : Explicit concurrent mark sweep GC freed 4478(244KB) AllocSpace objects, 5(236KB) LOS objects, 10% free, 136MB/152MB, paused 1.303ms total 65.249ms
08-05 21:00:23.000  4787  4801 I art     : Starting a blocking GC Explicit
08-05 21:00:23.048  4787  4801 I art     : Explicit concurrent mark sweep GC freed 974(117KB) AllocSpace objects, 0(0B) LOS objects, 10% free, 136MB/152MB, paused 1.295ms total 47.784ms
08-05 21:00:23.066  4787  4801 I art     : Starting a blocking GC Explicit
08-05 21:00:23.115  4787  4801 I art     : Explicit concurrent mark sweep GC freed 3(96B) AllocSpace objects, 0(0B) LOS objects, 10% free, 136MB/152MB, paused 1.201ms total 48.805ms
08-05 21:00:23.134  4787  4801 I art     : Starting a blocking GC Explicit
08-05 21:00:23.184  4787  4801 I art     : Explicit concurrent mark sweep GC freed 3(96B) AllocSpace objects, 0(0B) LOS objects, 10% free, 136MB/152MB, paused 1.210ms total 49.593ms
08-05 21:00:23.202  4787  4801 I art     : Starting a blocking GC Explicit
08-05 21:00:23.249  4787  4801 I art     : Explicit concurrent mark sweep GC freed 3(96B) AllocSpace objects, 0(0B) LOS objects, 10% free, 136MB/152MB, paused 1.135ms total 46.872ms
08-05 21:00:23.651  4787  4806 I art     : Starting a blocking GC Explicit
08-05 21:00:23.695  4787  4806 I art     : Explicit concurrent mark sweep GC freed 1636(95KB) AllocSpace objects, 2(36KB) LOS objects, 10% free, 136MB/152MB, paused 1.221ms total 43.237ms
08-05 21:00:23.714  4787  4806 I art     : Starting a blocking GC Explicit
08-05 21:00:23.756  4787  4806 I art     : Explicit concurrent mark sweep GC freed 46(1600B) AllocSpace objects, 0(0B) LOS objects, 10% free, 136MB/152MB, paused 1.102ms total 42.665ms
08-05 21:00:23.774  4787  4806 I art     : Starting a blocking GC Explicit
08-05 21:00:23.780  6715  6715 D AndroidRuntime: >>>>>> START com.android.internal.os.RuntimeInit uid 2000 <<<<<<
08-05 21:00:23.785  6715  6715 D AndroidRuntime: CheckJNI is OFF
08-05 21:00:23.816  4787  4806 I art     : Explicit concurrent mark sweep GC freed 38(1056B) AllocSpace objects, 0(0B) LOS objects, 10% free, 136MB/152MB, paused 1.182ms total 42.006ms
08-05 21:00:23.825  6715  6715 D ICU     : No timezone override file found: /data/misc/zoneinfo/current/icu/icu_tzdata.dat
08-05 21:00:23.834  4787  4806 I art     : Starting a blocking GC Explicit
08-05 21:00:23.865  6715  6715 I Radio-JNI: register_android_hardware_Radio DONE
08-05 21:00:23.880  4787  4806 I art     : Explicit concurrent mark sweep GC freed 5(160B) AllocSpace objects, 0(0B) LOS objects, 10% free, 136MB/152MB, paused 1.198ms total 46.397ms
08-05 21:00:23.893  6715  6715 D AndroidRuntime: Calling main entry com.android.commands.input.Input
08-05 21:00:23.895  6715  6715 I Input   : injectMotionEvent: MotionEvent { action=ACTION_DOWN, actionButton=0, id[0]=0, x[0]=117.0, y[0]=170.0, toolType[0]=TOOL_TYPE_UNKNOWN, buttonState=0, metaState=0, flags=0x0, edgeFlags=0x0, pointerCount=1, historySize=0, eventTime=824440308, downTime=824440308, deviceId=0, source=0x1002 }
08-05 21:00:23.897  4787  4806 I art     : Starting a blocking GC Explicit
08-05 21:00:23.924  6715  6715 I Input   : injectMotionEvent: MotionEvent { action=ACTION_UP, actionButton=0, id[0]=0, x[0]=117.0, y[0]=170.0, toolType[0]=TOOL_TYPE_UNKNOWN, buttonState=0, metaState=0, flags=0x0, edgeFlags=0x0, pointerCount=1, historySize=0, eventTime=824440308, downTime=824440308, deviceId=0, source=0x1002 }
08-05 21:00:23.940  4787  4806 I art     : Explicit concurrent mark sweep GC freed 3(96B) AllocSpace objects, 0(0B) LOS objects, 10% free, 136MB/152MB, paused 1.180ms total 42.804ms
08-05 21:00:23.964  6715  6715 D AndroidRuntime: Shutting down VM
08-05 21:00:23.973   512  2967 D audio_hw_primary: out_set_parameters: enter: usecase(1: low-latency-playback) kvpairs: routing=2
08-05 21:00:23.985   512  2967 D audio_hw_primary: select_devices: out_snd_device(2: speaker) in_snd_device(0: none)
08-05 21:00:23.985   512  2967 D msm8974_platform: platform_send_audio_calibration: sending audio calibration for snd_device(2) acdb_id(15)
08-05 21:00:23.986   512  2967 I soundtrigger: audio_extn_sound_trigger_update_device_status: device 0x2 of type 0 for Event 1
08-05 21:00:23.997   512  2967 D audio_hw_primary: enable_snd_device: snd_device(2: speaker)
08-05 21:00:24.000   512  2967 D audio_hw_primary: enable_audio_route: apply and update mixer path: low-latency-playback speaker
08-05 21:00:24.328  4787  4806 I art     : Starting a blocking GC Explicit
08-05 21:00:24.371  4787  4806 I art     : Explicit concurrent mark sweep GC freed 2094(117KB) AllocSpace objects, 2(36KB) LOS objects, 10% free, 136MB/152MB, paused 1.071ms total 43.188ms
08-05 21:00:24.390  4787  4806 I art     : Starting a blocking GC Explicit
08-05 21:00:24.431  4787  4806 I art     : Explicit concurrent mark sweep GC freed 70(2544B) AllocSpace objects, 0(0B) LOS objects, 10% free, 136MB/152MB, paused 1.111ms total 40.363ms
08-05 21:00:24.450  4787  4806 I art     : Starting a blocking GC Explicit
08-05 21:00:24.490  4787  4806 I art     : Explicit concurrent mark sweep GC freed 3(96B) AllocSpace objects, 0(0B) LOS objects, 10% free, 136MB/152MB, paused 1.099ms total 39.975ms
08-05 21:00:24.508  4787  4806 I art     : Starting a blocking GC Explicit
08-05 21:00:24.538   512  2967 D audio_hw_primary: disable_audio_route: reset and update mixer path: low-latency-playback speaker
08-05 21:00:24.540   512  2967 D audio_hw_primary: disable_snd_device: snd_device(2: speaker)
08-05 21:00:24.542   918  3188 I hubconnection: sensorhub said: 'set_bias 3: -5.7600, 0.0000, 0.0000'
08-05 21:00:24.547   512  2967 I soundtrigger: audio_extn_sound_trigger_update_device_status: device 0x2 of type 0 for Event 0
08-05 21:00:24.548  4787  4806 I art     : Explicit concurrent mark sweep GC freed 12(416B) AllocSpace objects, 0(0B) LOS objects, 10% free, 136MB/152MB, paused 1.195ms total 39.657ms
08-05 21:00:24.566  4787  4806 I art     : Starting a blocking GC Explicit
08-05 21:00:24.606  4787  4806 I art     : Explicit concurrent mark sweep GC freed 5(160B) AllocSpace objects, 0(0B) LOS objects, 10% free, 136MB/152MB, paused 1.075ms total 39.690ms
08-05 21:00:24.707  6749  6749 D AndroidRuntime: >>>>>> START com.android.internal.os.RuntimeInit uid 2000 <<<<<<
08-05 21:00:24.713  6749  6749 D AndroidRuntime: CheckJNI is OFF
08-05 21:00:24.755  6749  6749 D ICU     : No timezone override file found: /data/misc/zoneinfo/current/icu/icu_tzdata.dat
08-05 21:00:24.797  6749  6749 I Radio-JNI: register_android_hardware_Radio DONE
08-05 21:00:24.824  6749  6749 D AndroidRuntime: Calling main entry com.android.commands.input.Input
08-05 21:00:24.827  6749  6749 I Input   : injectMotionEvent: MotionEvent { action=ACTION_DOWN, actionButton=0, id[0]=0, x[0]=405.0, y[0]=661.0, toolType[0]=TOOL_TYPE_UNKNOWN, buttonState=0, metaState=0, flags=0x0, edgeFlags=0x0, pointerCount=1, historySize=0, eventTime=824441239, downTime=824441239, deviceId=0, source=0x1002 }
08-05 21:00:24.831  6749  6749 I Input   : injectMotionEvent: MotionEvent { action=ACTION_UP, actionButton=0, id[0]=0, x[0]=405.0, y[0]=661.0, toolType[0]=TOOL_TYPE_UNKNOWN, buttonState=0, metaState=0, flags=0x0, edgeFlags=0x0, pointerCount=1, historySize=0, eventTime=824441239, downTime=824441239, deviceId=0, source=0x1002 }
08-05 21:00:24.834  6749  6749 D AndroidRuntime: Shutting down VM
08-05 21:00:24.858   512  2967 D audio_hw_primary: out_set_parameters: enter: usecase(1: low-latency-playback) kvpairs: routing=2
08-05 21:00:24.871   512  2967 D audio_hw_primary: select_devices: out_snd_device(2: speaker) in_snd_device(0: none)
08-05 21:00:24.871   512  2967 D msm8974_platform: platform_send_audio_calibration: sending audio calibration for snd_device(2) acdb_id(15)
08-05 21:00:24.871   512  2967 I soundtrigger: audio_extn_sound_trigger_update_device_status: device 0x2 of type 0 for Event 1
08-05 21:00:24.880   512  2967 D audio_hw_primary: enable_snd_device: snd_device(2: speaker)
08-05 21:00:24.882   512  2967 D audio_hw_primary: enable_audio_route: apply and update mixer path: low-latency-playback speaker
08-05 21:00:24.923   512  2967 D AudioFlinger: mixer(0xf4740000) throttle end: throttle time(12)
08-05 21:00:24.990  4787  4806 I art     : Starting a blocking GC Explicit
08-05 21:00:25.036  4787  4806 I art     : Explicit concurrent mark sweep GC freed 30(2064B) AllocSpace objects, 0(0B) LOS objects, 8% free, 167MB/183MB, paused 1.340ms total 45.381ms
08-05 21:00:25.054  4787  4806 I art     : Starting a blocking GC Explicit
08-05 21:00:25.098  4787  4806 I art     : Explicit concurrent mark sweep GC freed 3(96B) AllocSpace objects, 0(0B) LOS objects, 8% free, 167MB/183MB, paused 1.352ms total 44.204ms
08-05 21:00:25.115  4787  4806 I art     : Starting a blocking GC Explicit
08-05 21:00:25.161  4787  4806 I art     : Explicit concurrent mark sweep GC freed 3(96B) AllocSpace objects, 0(0B) LOS objects, 8% free, 167MB/183MB, paused 1.328ms total 45.829ms
08-05 21:00:25.179  4787  4806 I art     : Starting a blocking GC Explicit
08-05 21:00:25.226  4787  4806 I art     : Explicit concurrent mark sweep GC freed 43(25KB) AllocSpace objects, 0(0B) LOS objects, 8% free, 177MB/193MB, paused 1.398ms total 47.008ms
08-05 21:00:25.244  4787  4806 I art     : Starting a blocking GC Explicit
08-05 21:00:25.291  4787  4806 I art     : Explicit concurrent mark sweep GC freed 46(2224B) AllocSpace objects, 0(0B) LOS objects, 8% free, 182MB/198MB, paused 1.342ms total 46.758ms
08-05 21:00:25.408   512  2967 D audio_hw_primary: disable_audio_route: reset and update mixer path: low-latency-playback speaker
08-05 21:00:25.410   512  2967 D audio_hw_primary: disable_snd_device: snd_device(2: speaker)
08-05 21:00:25.419   512  2967 I soundtrigger: audio_extn_sound_trigger_update_device_status: device 0x2 of type 0 for Event 0
08-05 21:00:25.670  4787  4806 I art     : Starting a blocking GC Explicit
08-05 21:00:25.729  4787  4806 I art     : Explicit concurrent mark sweep GC freed 3169(165KB) AllocSpace objects, 11(288KB) LOS objects, 8% free, 182MB/198MB, paused 1.537ms total 58.358ms
08-05 21:00:25.749  4787  4806 I art     : Starting a blocking GC Explicit
08-05 21:00:25.798  4787  4806 I art     : Explicit concurrent mark sweep GC freed 932(52KB) AllocSpace objects, 0(0B) LOS objects, 8% free, 182MB/198MB, paused 1.219ms total 47.962ms
08-05 21:00:25.815  4787  4806 I art     : Starting a blocking GC Explicit
08-05 21:00:25.864  4787  4806 I art     : Explicit concurrent mark sweep GC freed 8(352B) AllocSpace objects, 0(0B) LOS objects, 8% free, 182MB/198MB, paused 1.167ms total 48.785ms
08-05 21:00:25.882  4787  4806 I art     : Starting a blocking GC Explicit
08-05 21:00:25.931  4787  4806 I art     : Explicit concurrent mark sweep GC freed 3(96B) AllocSpace objects, 0(0B) LOS objects, 8% free, 182MB/198MB, paused 1.145ms total 48.466ms
08-05 21:00:25.949  4787  4806 I art     : Starting a blocking GC Explicit
08-05 21:00:25.998  4787  4806 I art     : Explicit concurrent mark sweep GC freed 3(96B) AllocSpace objects, 0(0B) LOS objects, 8% free, 182MB/198MB, paused 1.244ms total 48.125ms
08-05 21:00:26.404  4787  4801 I art     : Starting a blocking GC Explicit
08-05 21:00:26.472  4787  4801 I art     : Explicit concurrent mark sweep GC freed 1619(94KB) AllocSpace objects, 2(36KB) LOS objects, 8% free, 182MB/198MB, paused 1.255ms total 66.449ms
08-05 21:00:26.493  4787  4801 I art     : Starting a blocking GC Explicit
08-05 21:00:26.542  4787  4801 I art     : Explicit concurrent mark sweep GC freed 30(1104B) AllocSpace objects, 0(0B) LOS objects, 8% free, 182MB/198MB, paused 1.089ms total 48.760ms
08-05 21:00:26.561  4787  4801 I art     : Starting a blocking GC Explicit
08-05 21:00:26.616  4787  4801 I art     : Explicit concurrent mark sweep GC freed 3(96B) AllocSpace objects, 0(0B) LOS objects, 8% free, 182MB/198MB, paused 1.184ms total 54.575ms
08-05 21:00:26.638  4787  4801 I art     : Starting a blocking GC Explicit
08-05 21:00:26.692  4787  4801 I art     : Explicit concurrent mark sweep GC freed 3(96B) AllocSpace objects, 0(0B) LOS objects, 8% free, 182MB/198MB, paused 1.267ms total 53.812ms
08-05 21:00:26.713  4787  4801 I art     : Starting a blocking GC Explicit
08-05 21:00:26.771  4787  4801 I art     : Explicit concurrent mark sweep GC freed 3(96B) AllocSpace objects, 0(0B) LOS objects, 8% free, 182MB/198MB, paused 1.311ms total 57.754ms
08-05 21:00:27.041 13866 13882 I PeriodicStatsRunner: PeriodicStatsRunner.call():175 call()
08-05 21:00:27.041 13866 13882 I PeriodicStatsRunner: PeriodicStatsRunner.call():179 No submit PeriodicStats since input started.
08-05 21:00:27.203  4787  5061 I art     : Starting a blocking GC Explicit
08-05 21:00:27.259  4787  5061 I art     : Explicit concurrent mark sweep GC freed 1650(95KB) AllocSpace objects, 2(36KB) LOS objects, 8% free, 182MB/198MB, paused 1.385ms total 55.098ms
08-05 21:00:27.277  4787  5061 I art     : Starting a blocking GC Explicit
08-05 21:00:27.327  4787  5061 I art     : Explicit concurrent mark sweep GC freed 30(1104B) AllocSpace objects, 0(0B) LOS objects, 8% free, 182MB/198MB, paused 1.294ms total 50.139ms
08-05 21:00:27.346  4787  5061 I art     : Starting a blocking GC Explicit
08-05 21:00:27.397  4787  5061 I art     : Explicit concurrent mark sweep GC freed 3(96B) AllocSpace objects, 0(0B) LOS objects, 8% free, 182MB/198MB, paused 1.233ms total 50.884ms
08-05 21:00:27.415  4787  5061 I art     : Starting a blocking GC Explicit
08-05 21:00:27.466  4787  5061 I art     : Explicit concurrent mark sweep GC freed 3(96B) AllocSpace objects, 0(0B) LOS objects, 8% free, 182MB/198MB, paused 1.192ms total 51.419ms
08-05 21:00:27.485  4787  5061 I art     : Starting a blocking GC Explicit
08-05 21:00:27.536  4787  5061 I art     : Explicit concurrent mark sweep GC freed 3(96B) AllocSpace objects, 0(0B) LOS objects, 8% free, 182MB/198MB, paused 1.223ms total 51.373ms
08-05 21:00:27.630  6801  6801 D AndroidRuntime: >>>>>> START com.android.internal.os.RuntimeInit uid 2000 <<<<<<
08-05 21:00:27.638  6801  6801 D AndroidRuntime: CheckJNI is OFF
08-05 21:00:27.685  6801  6801 D ICU     : No timezone override file found: /data/misc/zoneinfo/current/icu/icu_tzdata.dat
08-05 21:00:27.732  6801  6801 I Radio-JNI: register_android_hardware_Radio DONE
08-05 21:00:27.761  6801  6801 D AndroidRuntime: Calling main entry com.android.commands.input.Input
08-05 21:00:27.763  6801  6801 I Input   : injectMotionEvent: MotionEvent { action=ACTION_DOWN, actionButton=0, id[0]=0, x[0]=1341.0, y[0]=197.0, toolType[0]=TOOL_TYPE_UNKNOWN, buttonState=0, metaState=0, flags=0x0, edgeFlags=0x0, pointerCount=1, historySize=0, eventTime=824444176, downTime=824444176, deviceId=0, source=0x1002 }
08-05 21:00:27.769  6801  6801 I Input   : injectMotionEvent: MotionEvent { action=ACTION_UP, actionButton=0, id[0]=0, x[0]=1341.0, y[0]=197.0, toolType[0]=TOOL_TYPE_UNKNOWN, buttonState=0, metaState=0, flags=0x0, edgeFlags=0x0, pointerCount=1, historySize=0, eventTime=824444176, downTime=824444176, deviceId=0, source=0x1002 }
08-05 21:00:27.771  6801  6801 D AndroidRuntime: Shutting down VM
08-05 21:00:27.792   918   929 I ActivityManager: START u0 {cmp=baseline.io.github.project_travel_mate/.notifications.NotificationsActivity} from uid 10674 on display 0
08-05 21:00:27.793   512  2967 D audio_hw_primary: out_set_parameters: enter: usecase(1: low-latency-playback) kvpairs: routing=2
08-05 21:00:27.807   512  2967 D audio_hw_primary: select_devices: out_snd_device(2: speaker) in_snd_device(0: none)
08-05 21:00:27.808   512  2967 D msm8974_platform: platform_send_audio_calibration: sending audio calibration for snd_device(2) acdb_id(15)
08-05 21:00:27.808   512  2967 I soundtrigger: audio_extn_sound_trigger_update_device_status: device 0x2 of type 0 for Event 1
08-05 21:00:27.823   512  2967 D audio_hw_primary: enable_snd_device: snd_device(2: speaker)
08-05 21:00:27.825   512  2967 D audio_hw_primary: enable_audio_route: apply and update mixer path: low-latency-playback speaker
08-05 21:00:27.836  4787  4853 D Gabe    : call	returning from cache
08-05 21:00:27.842  4787  4787 V EXECUTING: https://project-travel-mate.herokuapp.com/api/get-notifications
08-05 21:00:27.844  4787  4787 V EXECUTING: https://project-travel-mate.herokuapp.com/api/get-notifications
08-05 21:00:27.948  4787  4806 I art     : Starting a blocking GC Explicit
08-05 21:00:27.993  4787  4806 I art     : Explicit concurrent mark sweep GC freed 3769(227KB) AllocSpace objects, 2(36KB) LOS objects, 7% free, 187MB/203MB, paused 1.351ms total 44.794ms
08-05 21:00:28.009 13866 13866 I GoogleInputMethodServic: GoogleInputMethodService.onFinishInput():3138 
08-05 21:00:28.009   918   936 I ActivityManager: Displayed baseline.io.github.project_travel_mate/.notifications.NotificationsActivity: +204ms
08-05 21:00:28.011 13866 13866 I GoogleInputMethodServic: GoogleInputMethodService.onStartInput():1808 
08-05 21:00:28.012  4787  4806 I art     : Starting a blocking GC Explicit
08-05 21:00:28.060  4787  4806 I art     : Explicit concurrent mark sweep GC freed 467(18KB) AllocSpace objects, 0(0B) LOS objects, 7% free, 187MB/203MB, paused 1.560ms total 47.794ms
08-05 21:00:28.078  4787  4806 I art     : Starting a blocking GC Explicit
08-05 21:00:28.110  4787  4803 D OpenGLRenderer: endAllStagingAnimators on 0x7f7c83fc00 (RippleDrawable) with handle 0x7f79d11160
08-05 21:00:28.124  4787  4806 I art     : Explicit concurrent mark sweep GC freed 95(2160B) AllocSpace objects, 0(0B) LOS objects, 7% free, 187MB/203MB, paused 1.322ms total 45.926ms
08-05 21:00:28.143  4787  4806 I art     : Starting a blocking GC Explicit
08-05 21:00:28.189  4787  4806 I art     : Explicit concurrent mark sweep GC freed 108(2832B) AllocSpace objects, 0(0B) LOS objects, 7% free, 187MB/203MB, paused 1.245ms total 46.672ms
08-05 21:00:28.207  4787  4806 I art     : Starting a blocking GC Explicit
08-05 21:00:28.251  4787  4806 I art     : Explicit concurrent mark sweep GC freed 93(2160B) AllocSpace objects, 0(0B) LOS objects, 7% free, 187MB/203MB, paused 1.145ms total 44.145ms
08-05 21:00:28.270   380   380 W SurfaceFlinger: couldn't log to binary event log: overflow.
08-05 21:00:28.353  4787  6825 I NAPPA_EXPERIMENTATION: MetricNetworkRequestExecutionTime: REQUEST_DURATION_SYSTEM='510',REQUEST_DURATION_OKHTTP='41',REQUEST_SYNCHRONOUS='FALSE',RESPONSE_CODE='200',RESPONSE_METHOD='GET',RESPONSE_LENGTH_OKHTTP='2',RESPONSE_LENGTH_HEADER='2',REQUEST_PROTOCOL='http/1.1',REQUEST_URL='https://project-travel-mate.herokuapp.com/api/get-notifications',
08-05 21:00:28.370   512  2967 D audio_hw_primary: disable_audio_route: reset and update mixer path: low-latency-playback speaker
08-05 21:00:28.372   512  2967 D audio_hw_primary: disable_snd_device: snd_device(2: speaker)
08-05 21:00:28.381   512  2967 I soundtrigger: audio_extn_sound_trigger_update_device_status: device 0x2 of type 0 for Event 0
08-05 21:00:28.487  4787  4787 V Response: [] 
08-05 21:00:28.527  4787  4853 W LOTTIE  : Animation contains merge paths. Merge paths are only supported on KitKat+ and must be manually enabled by calling enableMergePathsForKitKatAndAbove().
08-05 21:00:28.534  4787  4853 W LOTTIE  : Animation contains merge paths. Merge paths are only supported on KitKat+ and must be manually enabled by calling enableMergePathsForKitKatAndAbove().
08-05 21:00:28.536  4787  4853 W LOTTIE  : Animation contains merge paths. Merge paths are only supported on KitKat+ and must be manually enabled by calling enableMergePathsForKitKatAndAbove().
08-05 21:00:28.539  4787  4853 W LOTTIE  : Animation contains merge paths. Merge paths are only supported on KitKat+ and must be manually enabled by calling enableMergePathsForKitKatAndAbove().
08-05 21:00:28.541  4787  4853 W LOTTIE  : Animation contains merge paths. Merge paths are only supported on KitKat+ and must be manually enabled by calling enableMergePathsForKitKatAndAbove().
08-05 21:00:28.543  4787  4853 W LOTTIE  : Animation contains merge paths. Merge paths are only supported on KitKat+ and must be manually enabled by calling enableMergePathsForKitKatAndAbove().
08-05 21:00:28.546  4787  4853 W LOTTIE  : Animation contains merge paths. Merge paths are only supported on KitKat+ and must be manually enabled by calling enableMergePathsForKitKatAndAbove().
08-05 21:00:28.553  4787  6826 I NAPPA_EXPERIMENTATION: MetricNetworkRequestExecutionTime: REQUEST_DURATION_SYSTEM='708',REQUEST_DURATION_OKHTTP='30',REQUEST_SYNCHRONOUS='FALSE',RESPONSE_CODE='200',RESPONSE_METHOD='GET',RESPONSE_LENGTH_OKHTTP='2',RESPONSE_LENGTH_HEADER='2',REQUEST_PROTOCOL='http/1.1',REQUEST_URL='https://project-travel-mate.herokuapp.com/api/get-notifications',
08-05 21:00:28.557  4787  4787 W LOTTIE  : Animation contains merge paths but they are disabled.
08-05 21:00:28.598  4787  4787 V Response: [] 
08-05 21:00:28.602  4787  4853 D Gabe    : call	returning from cache
08-05 21:00:28.640  4787  5061 I art     : Starting a blocking GC Explicit
08-05 21:00:28.691  4787  5061 I art     : Explicit concurrent mark sweep GC freed 18683(855KB) AllocSpace objects, 9(624KB) LOS objects, 7% free, 187MB/203MB, paused 1.332ms total 50.850ms
08-05 21:00:28.709  4787  5061 I art     : Starting a blocking GC Explicit
08-05 21:00:28.753  4787  5061 I art     : Explicit concurrent mark sweep GC freed 4291(326KB) AllocSpace objects, 0(0B) LOS objects, 7% free, 187MB/203MB, paused 1.340ms total 43.463ms
08-05 21:00:28.771  4787  5061 I art     : Starting a blocking GC Explicit
08-05 21:00:28.814  4787  5061 I art     : Explicit concurrent mark sweep GC freed 334(6KB) AllocSpace objects, 0(0B) LOS objects, 7% free, 187MB/203MB, paused 1.074ms total 42.775ms
08-05 21:00:28.831  4787  5061 I art     : Starting a blocking GC Explicit
08-05 21:00:28.875  4787  5061 I art     : Explicit concurrent mark sweep GC freed 302(6KB) AllocSpace objects, 0(0B) LOS objects, 7% free, 187MB/203MB, paused 4.107ms total 44.369ms
08-05 21:00:28.892  4787  5061 I art     : Starting a blocking GC Explicit
08-05 21:00:28.935  4787  5061 I art     : Explicit concurrent mark sweep GC freed 315(5KB) AllocSpace objects, 0(0B) LOS objects, 7% free, 187MB/203MB, paused 1.070ms total 42.754ms
08-05 21:00:29.322  4787  4800 I art     : Starting a blocking GC Explicit
08-05 21:00:29.369  4787  4800 I art     : Explicit concurrent mark sweep GC freed 3624(134KB) AllocSpace objects, 2(36KB) LOS objects, 7% free, 187MB/203MB, paused 1.166ms total 46.708ms
08-05 21:00:29.386  4787  4800 I art     : Starting a blocking GC Explicit
08-05 21:00:29.429  4787  4800 I art     : Explicit concurrent mark sweep GC freed 309(5KB) AllocSpace objects, 0(0B) LOS objects, 7% free, 187MB/203MB, paused 1.139ms total 42.538ms
08-05 21:00:29.447  4787  4800 I art     : Starting a blocking GC Explicit
08-05 21:00:29.491  4787  4800 I art     : Explicit concurrent mark sweep GC freed 240(3KB) AllocSpace objects, 0(0B) LOS objects, 7% free, 187MB/203MB, paused 1.353ms total 43.660ms
08-05 21:00:29.508  4787  4800 I art     : Starting a blocking GC Explicit
08-05 21:00:29.554  4787  4800 I art     : Explicit concurrent mark sweep GC freed 269(4KB) AllocSpace objects, 0(0B) LOS objects, 7% free, 187MB/203MB, paused 1.150ms total 45.546ms
08-05 21:00:29.572  4787  4800 I art     : Starting a blocking GC Explicit
08-05 21:00:29.615  4787  4800 I art     : Explicit concurrent mark sweep GC freed 290(4KB) AllocSpace objects, 0(0B) LOS objects, 7% free, 187MB/203MB, paused 1.080ms total 42.679ms
08-05 21:00:29.814   518   646 I ThermalEngine: ACTION: GPU - Setting GPU[0] to 390000000
08-05 21:00:30.035  4787  4800 I art     : Starting a blocking GC Explicit
08-05 21:00:30.091  4787  4800 I art     : Explicit concurrent mark sweep GC freed 3621(126KB) AllocSpace objects, 2(36KB) LOS objects, 7% free, 187MB/203MB, paused 1.915ms total 55.445ms
08-05 21:00:30.113  4787  4800 I art     : Starting a blocking GC Explicit
08-05 21:00:30.167  4787  4800 I art     : Explicit concurrent mark sweep GC freed 333(5KB) AllocSpace objects, 0(0B) LOS objects, 7% free, 187MB/203MB, paused 1.824ms total 52.842ms
08-05 21:00:30.189  4787  4800 I art     : Starting a blocking GC Explicit
08-05 21:00:30.241  4787  4800 I art     : Explicit concurrent mark sweep GC freed 339(5KB) AllocSpace objects, 0(0B) LOS objects, 7% free, 187MB/203MB, paused 1.738ms total 52.434ms
08-05 21:00:30.263  4787  4800 I art     : Starting a blocking GC Explicit
08-05 21:00:30.315  4787  4800 I art     : Explicit concurrent mark sweep GC freed 344(5KB) AllocSpace objects, 0(0B) LOS objects, 7% free, 187MB/203MB, paused 1.686ms total 51.706ms
08-05 21:00:30.338  4787  4800 I art     : Starting a blocking GC Explicit
08-05 21:00:30.393  4787  4800 I art     : Explicit concurrent mark sweep GC freed 312(5KB) AllocSpace objects, 0(0B) LOS objects, 7% free, 187MB/203MB, paused 1.714ms total 54.119ms
08-05 21:00:30.819  4787  5061 I art     : Starting a blocking GC Explicit
08-05 21:00:30.875  4787  5061 I art     : Explicit concurrent mark sweep GC freed 3657(127KB) AllocSpace objects, 2(36KB) LOS objects, 7% free, 187MB/203MB, paused 1.675ms total 55.775ms
08-05 21:00:30.897  4787  5061 I art     : Starting a blocking GC Explicit
08-05 21:00:30.950  4787  5061 I art     : Explicit concurrent mark sweep GC freed 374(6KB) AllocSpace objects, 0(0B) LOS objects, 7% free, 187MB/203MB, paused 2.356ms total 52.056ms
08-05 21:00:30.973  4787  5061 I art     : Starting a blocking GC Explicit
08-05 21:00:31.028  4787  5061 I art     : Explicit concurrent mark sweep GC freed 297(4KB) AllocSpace objects, 0(0B) LOS objects, 7% free, 187MB/203MB, paused 1.947ms total 54.975ms
08-05 21:00:31.051  4787  5061 I art     : Starting a blocking GC Explicit
08-05 21:00:31.103  4787  5061 I art     : Explicit concurrent mark sweep GC freed 339(5KB) AllocSpace objects, 0(0B) LOS objects, 7% free, 187MB/203MB, paused 1.618ms total 51.731ms
08-05 21:00:31.125  4787  5061 I art     : Starting a blocking GC Explicit
08-05 21:00:31.177  4787  5061 I art     : Explicit concurrent mark sweep GC freed 296(4KB) AllocSpace objects, 0(0B) LOS objects, 7% free, 187MB/203MB, paused 1.767ms total 52.550ms
08-05 21:00:31.196   918  3261 D WifiStateMachine: starting scan for "H369AA63323"WPA_PSK with 2412,5180
08-05 21:00:31.594  4787  5061 I art     : Starting a blocking GC Explicit
08-05 21:00:31.651  4787  5061 I art     : Explicit concurrent mark sweep GC freed 3650(127KB) AllocSpace objects, 2(36KB) LOS objects, 7% free, 187MB/203MB, paused 1.775ms total 56.044ms
08-05 21:00:31.673  4787  5061 I art     : Starting a blocking GC Explicit
08-05 21:00:31.726  4787  5061 I art     : Explicit concurrent mark sweep GC freed 330(6KB) AllocSpace objects, 0(0B) LOS objects, 7% free, 187MB/203MB, paused 1.804ms total 52.566ms
08-05 21:00:31.748  4787  5061 I art     : Starting a blocking GC Explicit
08-05 21:00:31.802  4787  5061 I art     : Explicit concurrent mark sweep GC freed 387(6KB) AllocSpace objects, 0(0B) LOS objects, 7% free, 187MB/203MB, paused 1.645ms total 52.973ms
08-05 21:00:31.824  4787  5061 I art     : Starting a blocking GC Explicit
08-05 21:00:31.880  4787  5061 I art     : Explicit concurrent mark sweep GC freed 310(5KB) AllocSpace objects, 0(0B) LOS objects, 7% free, 187MB/203MB, paused 1.756ms total 54.838ms
08-05 21:00:31.902  4787  5061 I art     : Starting a blocking GC Explicit
08-05 21:00:31.954  4787  5061 I art     : Explicit concurrent mark sweep GC freed 349(5KB) AllocSpace objects, 0(0B) LOS objects, 7% free, 187MB/203MB, paused 1.607ms total 51.977ms
08-05 21:00:32.391  4787  5061 I art     : Starting a blocking GC Explicit
08-05 21:00:32.446  4787  5061 I art     : Explicit concurrent mark sweep GC freed 3719(128KB) AllocSpace objects, 2(36KB) LOS objects, 7% free, 187MB/203MB, paused 1.864ms total 54.567ms
08-05 21:00:32.467  4787  5061 I art     : Starting a blocking GC Explicit
08-05 21:00:32.520  4787  5061 I art     : Explicit concurrent mark sweep GC freed 530(16KB) AllocSpace objects, 0(0B) LOS objects, 7% free, 187MB/203MB, paused 1.729ms total 51.770ms
08-05 21:00:32.541  4787  5061 I art     : Starting a blocking GC Explicit
08-05 21:00:32.596  4787  5061 I art     : Explicit concurrent mark sweep GC freed 300(4KB) AllocSpace objects, 0(0B) LOS objects, 7% free, 187MB/203MB, paused 1.720ms total 54.173ms
08-05 21:00:32.625  4787  5061 I art     : Starting a blocking GC Explicit
08-05 21:00:32.659  6881  6881 D AndroidRuntime: >>>>>> START com.android.internal.os.RuntimeInit uid 2000 <<<<<<
08-05 21:00:32.664  6881  6881 D AndroidRuntime: CheckJNI is OFF
08-05 21:00:32.678  4787  5061 I art     : Explicit concurrent mark sweep GC freed 346(5KB) AllocSpace objects, 0(0B) LOS objects, 7% free, 187MB/203MB, paused 1.838ms total 53.026ms
08-05 21:00:32.700  4787  5061 I art     : Starting a blocking GC Explicit
08-05 21:00:32.717  6881  6881 D ICU     : No timezone override file found: /data/misc/zoneinfo/current/icu/icu_tzdata.dat
08-05 21:00:32.754  4787  5061 I art     : Explicit concurrent mark sweep GC freed 347(5KB) AllocSpace objects, 0(0B) LOS objects, 7% free, 187MB/203MB, paused 1.663ms total 53.759ms
08-05 21:00:32.761  6881  6881 I Radio-JNI: register_android_hardware_Radio DONE
08-05 21:00:32.793  6881  6881 D AndroidRuntime: Calling main entry com.android.commands.input.Input
08-05 21:00:32.796  6881  6881 I Input   : injectKeyEvent: KeyEvent { action=ACTION_DOWN, keyCode=KEYCODE_BACK, scanCode=0, metaState=0, flags=0x0, repeatCount=0, eventTime=824449209, downTime=824449209, deviceId=-1, source=0x101 }
08-05 21:00:32.804  6881  6881 I Input   : injectKeyEvent: KeyEvent { action=ACTION_UP, keyCode=KEYCODE_BACK, scanCode=0, metaState=0, flags=0x0, repeatCount=0, eventTime=824449209, downTime=824449209, deviceId=-1, source=0x101 }
08-05 21:00:32.810  6881  6881 D AndroidRuntime: Shutting down VM
08-05 21:00:32.830  4787  4787 V MainActivity: url = https://project-travel-mate.herokuapp.com/api/number-of-unread-notifications
08-05 21:00:32.867 13866 13866 I GoogleInputMethodServic: GoogleInputMethodService.onFinishInput():3138 
08-05 21:00:32.868 13866 13866 I GoogleInputMethodServic: GoogleInputMethodService.onStartInput():1808 
08-05 21:00:33.011 13866 13882 I PeriodicStatsRunner: PeriodicStatsRunner.call():175 call()
08-05 21:00:33.011 13866 13882 I PeriodicStatsRunner: PeriodicStatsRunner.call():179 No submit PeriodicStats since input started.
08-05 21:00:33.175   380   380 W SurfaceFlinger: couldn't log to binary event log: overflow.
08-05 21:00:33.196  4787  4806 I art     : Starting a blocking GC Explicit
08-05 21:00:33.257  4787  4806 I art     : Explicit concurrent mark sweep GC freed 2799(128KB) AllocSpace objects, 3(4MB) LOS objects, 8% free, 183MB/199MB, paused 1.935ms total 60.636ms
08-05 21:00:33.282  4787  4806 I art     : Starting a blocking GC Explicit
08-05 21:00:33.338  4787  4806 I art     : Explicit concurrent mark sweep GC freed 3801(180KB) AllocSpace objects, 2(56KB) LOS objects, 8% free, 182MB/198MB, paused 1.730ms total 55.754ms
08-05 21:00:33.364  4787  4806 I art     : Starting a blocking GC Explicit
08-05 21:00:33.427  4787  4806 I art     : Explicit concurrent mark sweep GC freed 7(288B) AllocSpace objects, 0(0B) LOS objects, 8% free, 182MB/198MB, paused 1.913ms total 63.063ms
08-05 21:00:33.452  4787  4806 I art     : Starting a blocking GC Explicit
08-05 21:00:33.525  4787  4806 I art     : Explicit concurrent mark sweep GC freed 988(70KB) AllocSpace objects, 2(120KB) LOS objects, 8% free, 183MB/199MB, paused 3.443ms total 72.245ms
08-05 21:00:33.550  4787  4806 I art     : Starting a blocking GC Explicit
08-05 21:00:33.573  4787  6904 I NAPPA_EXPERIMENTATION: MetricNetworkRequestExecutionTime: REQUEST_DURATION_SYSTEM='741',REQUEST_DURATION_OKHTTP='30',REQUEST_SYNCHRONOUS='FALSE',RESPONSE_CODE='200',RESPONSE_METHOD='GET',RESPONSE_LENGTH_OKHTTP='36',RESPONSE_LENGTH_HEADER='36',REQUEST_PROTOCOL='http/1.1',REQUEST_URL='https://project-travel-mate.herokuapp.com/api/number-of-unread-notifications',
08-05 21:00:33.615  4787  4806 I art     : Explicit concurrent mark sweep GC freed 2390(157KB) AllocSpace objects, 1(80KB) LOS objects, 8% free, 183MB/199MB, paused 2.020ms total 64.640ms
08-05 21:00:34.088  4787  5061 I art     : Starting a blocking GC Explicit
08-05 21:00:34.150  4787  5061 I art     : Explicit concurrent mark sweep GC freed 2013(132KB) AllocSpace objects, 2(36KB) LOS objects, 8% free, 183MB/199MB, paused 2.017ms total 61.432ms
08-05 21:00:34.175  4787  5061 I art     : Starting a blocking GC Explicit
08-05 21:00:34.237  4787  5061 I art     : Explicit concurrent mark sweep GC freed 30(1104B) AllocSpace objects, 0(0B) LOS objects, 8% free, 183MB/199MB, paused 1.827ms total 61.265ms
08-05 21:00:34.261  4787  5061 I art     : Starting a blocking GC Explicit
08-05 21:00:34.323  4787  5061 I art     : Explicit concurrent mark sweep GC freed 3(96B) AllocSpace objects, 0(0B) LOS objects, 8% free, 183MB/199MB, paused 1.864ms total 62.087ms
08-05 21:00:34.348  4787  5061 I art     : Starting a blocking GC Explicit
08-05 21:00:34.410  4787  5061 I art     : Explicit concurrent mark sweep GC freed 3(96B) AllocSpace objects, 0(0B) LOS objects, 8% free, 183MB/199MB, paused 2.101ms total 61.335ms
08-05 21:00:34.435  4787  5061 I art     : Starting a blocking GC Explicit
08-05 21:00:34.497  4787  5061 I art     : Explicit concurrent mark sweep GC freed 14(720B) AllocSpace objects, 0(0B) LOS objects, 8% free, 183MB/199MB, paused 1.865ms total 61.340ms
08-05 21:00:34.703  6926  6926 D AndroidRuntime: >>>>>> START com.android.internal.os.RuntimeInit uid 2000 <<<<<<
08-05 21:00:34.710  6926  6926 D AndroidRuntime: CheckJNI is OFF
08-05 21:00:34.766  6926  6926 D ICU     : No timezone override file found: /data/misc/zoneinfo/current/icu/icu_tzdata.dat
08-05 21:00:34.810  6926  6926 I Radio-JNI: register_android_hardware_Radio DONE
08-05 21:00:34.842  6926  6926 D AndroidRuntime: Calling main entry com.android.commands.input.Input
08-05 21:00:34.845  6926  6926 I Input   : injectMotionEvent: MotionEvent { action=ACTION_DOWN, actionButton=0, id[0]=0, x[0]=117.0, y[0]=170.0, toolType[0]=TOOL_TYPE_UNKNOWN, buttonState=0, metaState=0, flags=0x0, edgeFlags=0x0, pointerCount=1, historySize=0, eventTime=824451257, downTime=824451257, deviceId=0, source=0x1002 }
08-05 21:00:34.851  6926  6926 I Input   : injectMotionEvent: MotionEvent { action=ACTION_UP, actionButton=0, id[0]=0, x[0]=117.0, y[0]=170.0, toolType[0]=TOOL_TYPE_UNKNOWN, buttonState=0, metaState=0, flags=0x0, edgeFlags=0x0, pointerCount=1, historySize=0, eventTime=824451257, downTime=824451257, deviceId=0, source=0x1002 }
08-05 21:00:34.854  6926  6926 D AndroidRuntime: Shutting down VM
08-05 21:00:34.863   512  2967 D audio_hw_primary: out_set_parameters: enter: usecase(1: low-latency-playback) kvpairs: routing=2
08-05 21:00:34.877   512  2967 D audio_hw_primary: select_devices: out_snd_device(2: speaker) in_snd_device(0: none)
08-05 21:00:34.877   512  2967 D msm8974_platform: platform_send_audio_calibration: sending audio calibration for snd_device(2) acdb_id(15)
08-05 21:00:34.878   512  2967 I soundtrigger: audio_extn_sound_trigger_update_device_status: device 0x2 of type 0 for Event 1
08-05 21:00:34.891   512  2967 D audio_hw_primary: enable_snd_device: snd_device(2: speaker)
08-05 21:00:34.897   512  2967 D audio_hw_primary: enable_audio_route: apply and update mixer path: low-latency-playback speaker
08-05 21:00:34.941  4787  4800 I art     : Starting a blocking GC Explicit
08-05 21:00:35.019  4787  4800 I art     : Explicit concurrent mark sweep GC freed 2132(119KB) AllocSpace objects, 2(36KB) LOS objects, 8% free, 183MB/199MB, paused 2.085ms total 78.278ms
08-05 21:00:35.045  4787  4800 I art     : Starting a blocking GC Explicit
08-05 21:00:35.102  4787  4800 I art     : Explicit concurrent mark sweep GC freed 78(3024B) AllocSpace objects, 0(0B) LOS objects, 8% free, 183MB/199MB, paused 1.687ms total 56.958ms
08-05 21:00:35.126  4787  4800 I art     : Starting a blocking GC Explicit
08-05 21:00:35.184  4787  4800 I art     : Explicit concurrent mark sweep GC freed 5(160B) AllocSpace objects, 0(0B) LOS objects, 8% free, 183MB/199MB, paused 1.726ms total 58.014ms
08-05 21:00:35.208  4787  4800 I art     : Starting a blocking GC Explicit
08-05 21:00:35.264  4787  4800 I art     : Explicit concurrent mark sweep GC freed 3(96B) AllocSpace objects, 0(0B) LOS objects, 8% free, 183MB/199MB, paused 1.926ms total 55.480ms
08-05 21:00:35.287  4787  4800 I art     : Starting a blocking GC Explicit
08-05 21:00:35.345  4787  4800 I art     : Explicit concurrent mark sweep GC freed 12(416B) AllocSpace objects, 0(0B) LOS objects, 8% free, 183MB/199MB, paused 1.773ms total 57.679ms
08-05 21:00:35.440   512  2967 D audio_hw_primary: disable_audio_route: reset and update mixer path: low-latency-playback speaker
08-05 21:00:35.442   512  2967 D audio_hw_primary: disable_snd_device: snd_device(2: speaker)
08-05 21:00:35.451   512  2967 I soundtrigger: audio_extn_sound_trigger_update_device_status: device 0x2 of type 0 for Event 0
08-05 21:00:35.759  6950  6950 D AndroidRuntime: >>>>>> START com.android.internal.os.RuntimeInit uid 2000 <<<<<<
08-05 21:00:35.765  6950  6950 D AndroidRuntime: CheckJNI is OFF
08-05 21:00:35.793  4787  4806 I art     : Starting a blocking GC Explicit
08-05 21:00:35.820  6950  6950 D ICU     : No timezone override file found: /data/misc/zoneinfo/current/icu/icu_tzdata.dat
08-05 21:00:35.854  4787  4806 I art     : Explicit concurrent mark sweep GC freed 1652(95KB) AllocSpace objects, 2(36KB) LOS objects, 8% free, 183MB/199MB, paused 1.893ms total 60.531ms
08-05 21:00:35.865  6950  6950 I Radio-JNI: register_android_hardware_Radio DONE
08-05 21:00:35.879  4787  4806 I art     : Starting a blocking GC Explicit
08-05 21:00:35.898  6950  6950 D AndroidRuntime: Calling main entry com.android.commands.input.Input
08-05 21:00:35.900  6950  6950 I Input   : injectMotionEvent: MotionEvent { action=ACTION_DOWN, actionButton=0, id[0]=0, x[0]=418.0, y[0]=842.0, toolType[0]=TOOL_TYPE_UNKNOWN, buttonState=0, metaState=0, flags=0x0, edgeFlags=0x0, pointerCount=1, historySize=0, eventTime=824452313, downTime=824452313, deviceId=0, source=0x1002 }
08-05 21:00:35.905  6950  6950 I Input   : injectMotionEvent: MotionEvent { action=ACTION_UP, actionButton=0, id[0]=0, x[0]=418.0, y[0]=842.0, toolType[0]=TOOL_TYPE_UNKNOWN, buttonState=0, metaState=0, flags=0x0, edgeFlags=0x0, pointerCount=1, historySize=0, eventTime=824452313, downTime=824452313, deviceId=0, source=0x1002 }
08-05 21:00:35.907  6950  6950 D AndroidRuntime: Shutting down VM
08-05 21:00:35.916   512  2967 D audio_hw_primary: out_set_parameters: enter: usecase(1: low-latency-playback) kvpairs: routing=2
08-05 21:00:35.919  4787  4853 D Gabe    : call	returning from cache
08-05 21:00:35.930   512  2967 D audio_hw_primary: select_devices: out_snd_device(2: speaker) in_snd_device(0: none)
08-05 21:00:35.930   512  2967 D msm8974_platform: platform_send_audio_calibration: sending audio calibration for snd_device(2) acdb_id(15)
08-05 21:00:35.930   512  2967 I soundtrigger: audio_extn_sound_trigger_update_device_status: device 0x2 of type 0 for Event 1
08-05 21:00:35.940  4787  4806 I art     : Explicit concurrent mark sweep GC freed 460(20KB) AllocSpace objects, 0(0B) LOS objects, 8% free, 183MB/199MB, paused 2.520ms total 60.944ms
08-05 21:00:35.941   512  2967 D audio_hw_primary: enable_snd_device: snd_device(2: speaker)
08-05 21:00:35.944   512  2967 D audio_hw_primary: enable_audio_route: apply and update mixer path: low-latency-playback speaker
08-05 21:00:35.964  4787  4806 I art     : Starting a blocking GC Explicit
08-05 21:00:35.965  4787  4787 V MainActivity: url = https://project-travel-mate.herokuapp.com/api/number-of-unread-notifications
08-05 21:00:35.997   512  2967 D AudioFlinger: mixer(0xf4740000) throttle end: throttle time(12)
08-05 21:00:36.022  4787  4806 I art     : Explicit concurrent mark sweep GC freed 780(49KB) AllocSpace objects, 0(0B) LOS objects, 8% free, 183MB/199MB, paused 2.461ms total 57.348ms
08-05 21:00:36.045  4787  4806 I art     : Starting a blocking GC Explicit
08-05 21:00:36.109  4787  4806 I art     : Explicit concurrent mark sweep GC freed 408(25KB) AllocSpace objects, 0(0B) LOS objects, 8% free, 183MB/199MB, paused 2.501ms total 63.345ms
08-05 21:00:36.132  4787  4806 I art     : Starting a blocking GC Explicit
08-05 21:00:36.196  4787  4806 I art     : Explicit concurrent mark sweep GC freed 560(34KB) AllocSpace objects, 0(0B) LOS objects, 8% free, 183MB/199MB, paused 2.930ms total 63.319ms
08-05 21:00:36.492   512  2967 D audio_hw_primary: disable_audio_route: reset and update mixer path: low-latency-playback speaker
08-05 21:00:36.495   512  2967 D audio_hw_primary: disable_snd_device: snd_device(2: speaker)
08-05 21:00:36.504   512  2967 I soundtrigger: audio_extn_sound_trigger_update_device_status: device 0x2 of type 0 for Event 0
08-05 21:00:36.547  4787  6973 I NAPPA_EXPERIMENTATION: MetricNetworkRequestExecutionTime: REQUEST_DURATION_SYSTEM='580',REQUEST_DURATION_OKHTTP='40',REQUEST_SYNCHRONOUS='FALSE',RESPONSE_CODE='200',RESPONSE_METHOD='GET',RESPONSE_LENGTH_OKHTTP='36',RESPONSE_LENGTH_HEADER='36',REQUEST_PROTOCOL='http/1.1',REQUEST_URL='https://project-travel-mate.herokuapp.com/api/number-of-unread-notifications',
08-05 21:00:36.635  4787  5061 I art     : Starting a blocking GC Explicit
08-05 21:00:36.660  4787  4787 I Choreographer: Skipped 41 frames!  The application may be doing too much work on its main thread.
08-05 21:00:36.705  4787  5061 I art     : Explicit concurrent mark sweep GC freed 7264(382KB) AllocSpace objects, 14(492KB) LOS objects, 7% free, 184MB/200MB, paused 2.235ms total 69.132ms
08-05 21:00:36.705  4787  4799 I art     : WaitForGcToComplete blocked for 54.318ms for cause HeapTrim
08-05 21:00:36.729  4787  5061 I art     : Starting a blocking GC Explicit
08-05 21:00:36.798  4787  5061 I art     : Explicit concurrent mark sweep GC freed 2199(190KB) AllocSpace objects, 0(0B) LOS objects, 8% free, 183MB/199MB, paused 2.287ms total 69.228ms
08-05 21:00:36.823  4787  5061 I art     : Starting a blocking GC Explicit
08-05 21:00:36.893  4787  5061 I art     : Explicit concurrent mark sweep GC freed 521(30KB) AllocSpace objects, 0(0B) LOS objects, 8% free, 183MB/199MB, paused 2.311ms total 69.283ms
08-05 21:00:36.919  4787  5061 I art     : Starting a blocking GC Explicit
08-05 21:00:36.985  4787  5061 I art     : Explicit concurrent mark sweep GC freed 916(28KB) AllocSpace objects, 0(0B) LOS objects, 8% free, 183MB/199MB, paused 1.759ms total 65.996ms
08-05 21:00:37.011  4787  5061 I art     : Starting a blocking GC Explicit
08-05 21:00:37.079  4787  5061 I art     : Explicit concurrent mark sweep GC freed 133(2512B) AllocSpace objects, 0(0B) LOS objects, 8% free, 183MB/199MB, paused 1.987ms total 67.676ms
08-05 21:00:37.518  4787  4801 I art     : Starting a blocking GC Explicit
08-05 21:00:37.591  4787  4801 I art     : Explicit concurrent mark sweep GC freed 2430(109KB) AllocSpace objects, 2(52KB) LOS objects, 8% free, 183MB/199MB, paused 2.296ms total 72.232ms
08-05 21:00:37.620  4787  4801 I art     : Starting a blocking GC Explicit
08-05 21:00:37.689  4787  4801 I art     : Explicit concurrent mark sweep GC freed 202(4KB) AllocSpace objects, 0(0B) LOS objects, 8% free, 183MB/199MB, paused 2.621ms total 68.372ms
08-05 21:00:37.715  4787  4801 I art     : Starting a blocking GC Explicit
08-05 21:00:37.791  4787  4801 I art     : Explicit concurrent mark sweep GC freed 170(3KB) AllocSpace objects, 0(0B) LOS objects, 8% free, 183MB/199MB, paused 2.857ms total 75.893ms
08-05 21:00:37.820  4787  4801 I art     : Starting a blocking GC Explicit
08-05 21:00:37.868 13866 13882 I PeriodicStatsRunner: PeriodicStatsRunner.call():175 call()
08-05 21:00:37.868 13866 13882 I PeriodicStatsRunner: PeriodicStatsRunner.call():179 No submit PeriodicStats since input started.
08-05 21:00:37.888  4787  4801 I art     : Explicit concurrent mark sweep GC freed 192(3KB) AllocSpace objects, 0(0B) LOS objects, 8% free, 183MB/199MB, paused 2.009ms total 68.175ms
08-05 21:00:37.914  4787  4801 I art     : Starting a blocking GC Explicit
08-05 21:00:37.983  4787  4801 I art     : Explicit concurrent mark sweep GC freed 135(2336B) AllocSpace objects, 0(0B) LOS objects, 8% free, 183MB/199MB, paused 2.076ms total 69.269ms
08-05 21:00:38.430  4787  4800 I art     : Starting a blocking GC Explicit
08-05 21:00:38.499  4787  4800 I art     : Explicit concurrent mark sweep GC freed 2355(106KB) AllocSpace objects, 2(52KB) LOS objects, 8% free, 183MB/199MB, paused 1.964ms total 68.521ms
08-05 21:00:38.523  4787  4800 I art     : Starting a blocking GC Explicit
08-05 21:00:38.590  4787  4800 I art     : Explicit concurrent mark sweep GC freed 175(3KB) AllocSpace objects, 0(0B) LOS objects, 8% free, 183MB/199MB, paused 1.878ms total 66.590ms
08-05 21:00:38.616  4787  4800 I art     : Starting a blocking GC Explicit
08-05 21:00:38.682  4787  4800 I art     : Explicit concurrent mark sweep GC freed 123(2096B) AllocSpace objects, 0(0B) LOS objects, 8% free, 183MB/199MB, paused 1.929ms total 65.615ms
08-05 21:00:38.708  4787  4800 I art     : Starting a blocking GC Explicit
08-05 21:00:38.772  4787  4800 I art     : Explicit concurrent mark sweep GC freed 147(2496B) AllocSpace objects, 0(0B) LOS objects, 8% free, 183MB/199MB, paused 1.839ms total 64.299ms
08-05 21:00:38.791  6998  6998 D AndroidRuntime: >>>>>> START com.android.internal.os.RuntimeInit uid 2000 <<<<<<
08-05 21:00:38.798  6998  6998 D AndroidRuntime: CheckJNI is OFF
08-05 21:00:38.799  4787  4800 I art     : Starting a blocking GC Explicit
08-05 21:00:38.826   518   646 I ThermalEngine: ACTION: GPU - Setting GPU[0] to 450000000
08-05 21:00:38.845  6998  6998 D ICU     : No timezone override file found: /data/misc/zoneinfo/current/icu/icu_tzdata.dat
08-05 21:00:38.859  4787  4800 I art     : Explicit concurrent mark sweep GC freed 154(2928B) AllocSpace objects, 0(0B) LOS objects, 8% free, 183MB/199MB, paused 1.334ms total 59.937ms
08-05 21:00:38.866  3784  3784 D CallStatisticsService: Post delayed to sync data packages to nv.
08-05 21:00:38.866  3784  3784 D CallStatisticsService: handleMessage PHONE_DATA.
08-05 21:00:38.867  3784  3784 D CallStatisticsService: txTotal(Kb) = 0
08-05 21:00:38.868  3784  3784 D CallStatisticsService: rxTotal(Kb) = 0
08-05 21:00:38.868  3784  3784 E CallStatisticsService: TX And RX Data packages are totally 0, no need to update.
08-05 21:00:38.887  6998  6998 I Radio-JNI: register_android_hardware_Radio DONE
08-05 21:00:38.916  6998  6998 D AndroidRuntime: Calling main entry com.android.commands.input.Input
08-05 21:00:38.918  6998  6998 I Input   : injectMotionEvent: MotionEvent { action=ACTION_DOWN, actionButton=0, id[0]=0, x[0]=117.0, y[0]=170.0, toolType[0]=TOOL_TYPE_UNKNOWN, buttonState=0, metaState=0, flags=0x0, edgeFlags=0x0, pointerCount=1, historySize=0, eventTime=824455331, downTime=824455331, deviceId=0, source=0x1002 }
08-05 21:00:38.922  6998  6998 I Input   : injectMotionEvent: MotionEvent { action=ACTION_UP, actionButton=0, id[0]=0, x[0]=117.0, y[0]=170.0, toolType[0]=TOOL_TYPE_UNKNOWN, buttonState=0, metaState=0, flags=0x0, edgeFlags=0x0, pointerCount=1, historySize=0, eventTime=824455331, downTime=824455331, deviceId=0, source=0x1002 }
08-05 21:00:38.924  6998  6998 D AndroidRuntime: Shutting down VM
08-05 21:00:38.934   512  2967 D audio_hw_primary: out_set_parameters: enter: usecase(1: low-latency-playback) kvpairs: routing=2
08-05 21:00:38.947   512  2967 D audio_hw_primary: select_devices: out_snd_device(2: speaker) in_snd_device(0: none)
08-05 21:00:38.947   512  2967 D msm8974_platform: platform_send_audio_calibration: sending audio calibration for snd_device(2) acdb_id(15)
08-05 21:00:38.948   512  2967 I soundtrigger: audio_extn_sound_trigger_update_device_status: device 0x2 of type 0 for Event 1
08-05 21:00:38.961   512  2967 D audio_hw_primary: enable_snd_device: snd_device(2: speaker)
08-05 21:00:38.964   512  2967 D audio_hw_primary: enable_audio_route: apply and update mixer path: low-latency-playback speaker
08-05 21:00:39.246  4787  4800 I art     : Starting a blocking GC Explicit
08-05 21:00:39.303  4787  4800 I art     : Explicit concurrent mark sweep GC freed 2714(127KB) AllocSpace objects, 2(52KB) LOS objects, 7% free, 184MB/200MB, paused 1.235ms total 56.230ms
08-05 21:00:39.323  4787  4800 I art     : Starting a blocking GC Explicit
08-05 21:00:39.371  4787  4800 I art     : Explicit concurrent mark sweep GC freed 173(4KB) AllocSpace objects, 0(0B) LOS objects, 7% free, 184MB/200MB, paused 1.178ms total 48.259ms
08-05 21:00:39.390  4787  4800 I art     : Starting a blocking GC Explicit
08-05 21:00:39.441  4787  4800 I art     : Explicit concurrent mark sweep GC freed 102(1792B) AllocSpace objects, 0(0B) LOS objects, 7% free, 184MB/200MB, paused 1.156ms total 50.354ms
08-05 21:00:39.459  4787  4800 I art     : Starting a blocking GC Explicit
08-05 21:00:39.500   512  2967 D audio_hw_primary: disable_audio_route: reset and update mixer path: low-latency-playback speaker
08-05 21:00:39.501   512  2967 D audio_hw_primary: disable_snd_device: snd_device(2: speaker)
08-05 21:00:39.509   512  2967 I soundtrigger: audio_extn_sound_trigger_update_device_status: device 0x2 of type 0 for Event 0
08-05 21:00:39.511  4787  4800 I art     : Explicit concurrent mark sweep GC freed 99(1696B) AllocSpace objects, 0(0B) LOS objects, 7% free, 184MB/200MB, paused 1.146ms total 51.339ms
08-05 21:00:39.529  4787  4800 I art     : Starting a blocking GC Explicit
08-05 21:00:39.581  4787  4800 I art     : Explicit concurrent mark sweep GC freed 99(1696B) AllocSpace objects, 0(0B) LOS objects, 7% free, 184MB/200MB, paused 1.193ms total 51.412ms
08-05 21:00:39.686  7029  7029 D AndroidRuntime: >>>>>> START com.android.internal.os.RuntimeInit uid 2000 <<<<<<
08-05 21:00:39.692  7029  7029 D AndroidRuntime: CheckJNI is OFF
08-05 21:00:39.734  7029  7029 D ICU     : No timezone override file found: /data/misc/zoneinfo/current/icu/icu_tzdata.dat
08-05 21:00:39.776  7029  7029 I Radio-JNI: register_android_hardware_Radio DONE
08-05 21:00:39.805  7029  7029 D AndroidRuntime: Calling main entry com.android.commands.input.Input
08-05 21:00:39.808  7029  7029 I Input   : injectMotionEvent: MotionEvent { action=ACTION_DOWN, actionButton=0, id[0]=0, x[0]=355.0, y[0]=1674.0, toolType[0]=TOOL_TYPE_UNKNOWN, buttonState=0, metaState=0, flags=0x0, edgeFlags=0x0, pointerCount=1, historySize=0, eventTime=824456220, downTime=824456220, deviceId=0, source=0x1002 }
08-05 21:00:39.811  7029  7029 I Input   : injectMotionEvent: MotionEvent { action=ACTION_UP, actionButton=0, id[0]=0, x[0]=355.0, y[0]=1674.0, toolType[0]=TOOL_TYPE_UNKNOWN, buttonState=0, metaState=0, flags=0x0, edgeFlags=0x0, pointerCount=1, historySize=0, eventTime=824456220, downTime=824456220, deviceId=0, source=0x1002 }
08-05 21:00:39.813  7029  7029 D AndroidRuntime: Shutting down VM
08-05 21:00:39.820   512  2967 D audio_hw_primary: out_set_parameters: enter: usecase(1: low-latency-playback) kvpairs: routing=2
08-05 21:00:39.831  4787  4787 V MainActivity: url = https://project-travel-mate.herokuapp.com/api/number-of-unread-notifications
08-05 21:00:39.834   512  2967 D audio_hw_primary: select_devices: out_snd_device(2: speaker) in_snd_device(0: none)
08-05 21:00:39.834   512  2967 D msm8974_platform: platform_send_audio_calibration: sending audio calibration for snd_device(2) acdb_id(15)
08-05 21:00:39.834   512  2967 I soundtrigger: audio_extn_sound_trigger_update_device_status: device 0x2 of type 0 for Event 1
08-05 21:00:39.844   512  2967 D audio_hw_primary: enable_snd_device: snd_device(2: speaker)
08-05 21:00:39.846   512  2967 D audio_hw_primary: enable_audio_route: apply and update mixer path: low-latency-playback speaker
08-05 21:00:39.887   512  2967 D AudioFlinger: mixer(0xf4740000) throttle end: throttle time(12)
08-05 21:00:39.978  4787  4806 I art     : Starting a blocking GC Explicit
08-05 21:00:40.035  4787  4806 I art     : Explicit concurrent mark sweep GC freed 4258(185KB) AllocSpace objects, 11(304KB) LOS objects, 7% free, 184MB/200MB, paused 1.589ms total 56.706ms
08-05 21:00:40.054  4787  4806 I art     : Starting a blocking GC Explicit
08-05 21:00:40.107  4787  4806 I art     : Explicit concurrent mark sweep GC freed 2320(194KB) AllocSpace objects, 0(0B) LOS objects, 7% free, 184MB/200MB, paused 1.123ms total 52.428ms
08-05 21:00:40.126  4787  4806 I art     : Starting a blocking GC Explicit
08-05 21:00:40.178  4787  4806 I art     : Explicit concurrent mark sweep GC freed 3(96B) AllocSpace objects, 0(0B) LOS objects, 7% free, 184MB/200MB, paused 1.366ms total 51.973ms
08-05 21:00:40.198  4787  4806 I art     : Starting a blocking GC Explicit
08-05 21:00:40.260  4787  4806 I art     : Explicit concurrent mark sweep GC freed 27(864B) AllocSpace objects, 0(0B) LOS objects, 7% free, 184MB/200MB, paused 1.327ms total 61.396ms
08-05 21:00:40.281  4787  4806 I art     : Starting a blocking GC Explicit
08-05 21:00:40.334  4787  4806 I art     : Explicit concurrent mark sweep GC freed 3(96B) AllocSpace objects, 0(0B) LOS objects, 7% free, 184MB/200MB, paused 1.287ms total 52.309ms
08-05 21:00:40.369   512  2967 D audio_hw_primary: disable_audio_route: reset and update mixer path: low-latency-playback speaker
08-05 21:00:40.370   512  2967 D audio_hw_primary: disable_snd_device: snd_device(2: speaker)
08-05 21:00:40.378   512  2967 I soundtrigger: audio_extn_sound_trigger_update_device_status: device 0x2 of type 0 for Event 0
08-05 21:00:40.634  4787  7051 I NAPPA_EXPERIMENTATION: MetricNetworkRequestExecutionTime: REQUEST_DURATION_SYSTEM='801',REQUEST_DURATION_OKHTTP='34',REQUEST_SYNCHRONOUS='FALSE',RESPONSE_CODE='200',RESPONSE_METHOD='GET',RESPONSE_LENGTH_OKHTTP='36',RESPONSE_LENGTH_HEADER='36',REQUEST_PROTOCOL='http/1.1',REQUEST_URL='https://project-travel-mate.herokuapp.com/api/number-of-unread-notifications',
08-05 21:00:40.741  4787  4801 I art     : Starting a blocking GC Explicit
08-05 21:00:40.822  4787  4801 I art     : Explicit concurrent mark sweep GC freed 4476(244KB) AllocSpace objects, 5(248KB) LOS objects, 7% free, 184MB/200MB, paused 1.397ms total 80.405ms
08-05 21:00:40.837   518   646 I ThermalEngine: ACTION: GPU - Setting GPU[0] to 390000000
08-05 21:00:40.858  4787  4801 I art     : Starting a blocking GC Explicit
08-05 21:00:40.929  4787  4801 I art     : Explicit concurrent mark sweep GC freed 992(118KB) AllocSpace objects, 0(0B) LOS objects, 7% free, 184MB/200MB, paused 2.048ms total 70.897ms
08-05 21:00:40.960  4787  4801 I art     : Starting a blocking GC Explicit
08-05 21:00:41.030  4787  4801 I art     : Explicit concurrent mark sweep GC freed 3(96B) AllocSpace objects, 0(0B) LOS objects, 7% free, 184MB/200MB, paused 1.899ms total 69.318ms
08-05 21:00:41.056  4787  4801 I art     : Starting a blocking GC Explicit
08-05 21:00:41.128  4787  4801 I art     : Explicit concurrent mark sweep GC freed 3(96B) AllocSpace objects, 0(0B) LOS objects, 7% free, 184MB/200MB, paused 1.851ms total 70.855ms
08-05 21:00:41.157  4787  4801 I art     : Starting a blocking GC Explicit
08-05 21:00:41.233  4787  4801 I art     : Explicit concurrent mark sweep GC freed 3(96B) AllocSpace objects, 0(0B) LOS objects, 7% free, 184MB/200MB, paused 2.314ms total 75.266ms
08-05 21:00:41.738  4787  4806 I art     : Starting a blocking GC Explicit
08-05 21:00:41.804  4787  4806 I art     : Explicit concurrent mark sweep GC freed 1683(96KB) AllocSpace objects, 2(48KB) LOS objects, 7% free, 184MB/200MB, paused 1.967ms total 65.989ms
08-05 21:00:41.805  4787  4799 I art     : WaitForGcToComplete blocked for 6.146ms for cause HeapTrim
08-05 21:00:41.831  4787  4806 I art     : Starting a blocking GC Explicit
08-05 21:00:41.901  4787  4806 I art     : Explicit concurrent mark sweep GC freed 31(1136B) AllocSpace objects, 0(0B) LOS objects, 7% free, 184MB/200MB, paused 1.894ms total 69.344ms
08-05 21:00:41.927  4787  4806 I art     : Starting a blocking GC Explicit
08-05 21:00:41.997  4787  4806 I art     : Explicit concurrent mark sweep GC freed 6(192B) AllocSpace objects, 0(0B) LOS objects, 7% free, 184MB/200MB, paused 1.823ms total 69.425ms
08-05 21:00:42.024  4787  4806 I art     : Starting a blocking GC Explicit
08-05 21:00:42.092  4787  4806 I art     : Explicit concurrent mark sweep GC freed 13(608B) AllocSpace objects, 0(0B) LOS objects, 7% free, 184MB/200MB, paused 1.917ms total 68.318ms
08-05 21:00:42.118  4787  4806 I art     : Starting a blocking GC Explicit
08-05 21:00:42.182 32448 32448 I ServiceManager: Waiting for service AtCmdFwd...
08-05 21:00:42.183  4787  4806 I art     : Explicit concurrent mark sweep GC freed 17(528B) AllocSpace objects, 0(0B) LOS objects, 7% free, 184MB/200MB, paused 1.836ms total 64.367ms
08-05 21:00:42.648  4787  4801 I art     : Starting a blocking GC Explicit
08-05 21:00:42.719  7073  7073 D AndroidRuntime: >>>>>> START com.android.internal.os.RuntimeInit uid 2000 <<<<<<
08-05 21:00:42.722  4787  4801 I art     : Explicit concurrent mark sweep GC freed 1623(94KB) AllocSpace objects, 2(48KB) LOS objects, 7% free, 184MB/200MB, paused 1.908ms total 73.829ms
08-05 21:00:42.725  7073  7073 D AndroidRuntime: CheckJNI is OFF
08-05 21:00:42.747  4787  4801 I art     : Starting a blocking GC Explicit
08-05 21:00:42.777  7073  7073 D ICU     : No timezone override file found: /data/misc/zoneinfo/current/icu/icu_tzdata.dat
08-05 21:00:42.814  4787  4801 I art     : Explicit concurrent mark sweep GC freed 61(1936B) AllocSpace objects, 0(0B) LOS objects, 7% free, 184MB/200MB, paused 1.936ms total 65.702ms
08-05 21:00:42.823  7073  7073 I Radio-JNI: register_android_hardware_Radio DONE
08-05 21:00:42.837   518   646 I ThermalEngine: ACTION: GPU - Setting GPU[0] to 450000000
08-05 21:00:42.839  4787  4801 I art     : Starting a blocking GC Explicit
08-05 21:00:42.855  7073  7073 D AndroidRuntime: Calling main entry com.android.commands.input.Input
08-05 21:00:42.858  7073  7073 I Input   : injectMotionEvent: MotionEvent { action=ACTION_DOWN, actionButton=0, id[0]=0, x[0]=747.0, y[0]=608.0, toolType[0]=TOOL_TYPE_UNKNOWN, buttonState=0, metaState=0, flags=0x0, edgeFlags=0x0, pointerCount=1, historySize=0, eventTime=824459270, downTime=824459270, deviceId=0, source=0x1002 }
08-05 21:00:42.862  7073  7073 I Input   : injectMotionEvent: MotionEvent { action=ACTION_UP, actionButton=0, id[0]=0, x[0]=747.0, y[0]=608.0, toolType[0]=TOOL_TYPE_UNKNOWN, buttonState=0, metaState=0, flags=0x0, edgeFlags=0x0, pointerCount=1, historySize=0, eventTime=824459270, downTime=824459270, deviceId=0, source=0x1002 }
08-05 21:00:42.864  7073  7073 D AndroidRuntime: Shutting down VM
08-05 21:00:42.864   918  6112 I ActivityManager: START u0 {cmp=baseline.io.github.project_travel_mate/.utilities.ChecklistActivity} from uid 10674 on display 0
08-05 21:00:42.865   512  2967 D audio_hw_primary: out_set_parameters: enter: usecase(1: low-latency-playback) kvpairs: routing=2
08-05 21:00:42.879   512  2967 D audio_hw_primary: select_devices: out_snd_device(2: speaker) in_snd_device(0: none)
08-05 21:00:42.879   512  2967 D msm8974_platform: platform_send_audio_calibration: sending audio calibration for snd_device(2) acdb_id(15)
08-05 21:00:42.879   512  2967 I soundtrigger: audio_extn_sound_trigger_update_device_status: device 0x2 of type 0 for Event 1
08-05 21:00:42.892   512  2967 D audio_hw_primary: enable_snd_device: snd_device(2: speaker)
08-05 21:00:42.894  4787  4801 I art     : Explicit concurrent mark sweep GC freed 95(10KB) AllocSpace objects, 0(0B) LOS objects, 7% free, 184MB/200MB, paused 1.545ms total 54.607ms
08-05 21:00:42.895   512  2967 D audio_hw_primary: enable_audio_route: apply and update mixer path: low-latency-playback speaker
08-05 21:00:42.916  4787  4801 I art     : Starting a blocking GC Explicit
08-05 21:00:42.966  4787  4801 I art     : Explicit concurrent mark sweep GC freed 781(43KB) AllocSpace objects, 0(0B) LOS objects, 7% free, 184MB/200MB, paused 1.716ms total 49.678ms
08-05 21:00:42.980   918   936 I ActivityManager: Displayed baseline.io.github.project_travel_mate/.utilities.ChecklistActivity: +108ms
08-05 21:00:42.980 13866 13866 I GoogleInputMethodServic: GoogleInputMethodService.onFinishInput():3138 
08-05 21:00:42.981 13866 13866 I GoogleInputMethodServic: GoogleInputMethodService.onStartInput():1808 
08-05 21:00:42.985  4787  4801 I art     : Starting a blocking GC Explicit
08-05 21:00:43.036  4787  4801 I art     : Explicit concurrent mark sweep GC freed 320(13KB) AllocSpace objects, 0(0B) LOS objects, 7% free, 184MB/200MB, paused 1.191ms total 50.754ms
08-05 21:00:43.183 32448 32448 I ServiceManager: Waiting for service AtCmdFwd...
08-05 21:00:43.236   380   380 W SurfaceFlinger: couldn't log to binary event log: overflow.
08-05 21:00:43.430   512  2967 D audio_hw_primary: disable_audio_route: reset and update mixer path: low-latency-playback speaker
08-05 21:00:43.432   512  2967 D audio_hw_primary: disable_snd_device: snd_device(2: speaker)
08-05 21:00:43.434  4787  4806 I art     : Starting a blocking GC Explicit
08-05 21:00:43.440   512  2967 I soundtrigger: audio_extn_sound_trigger_update_device_status: device 0x2 of type 0 for Event 0
08-05 21:00:43.494  4787  4806 I art     : Explicit concurrent mark sweep GC freed 1699(97KB) AllocSpace objects, 2(48KB) LOS objects, 7% free, 184MB/200MB, paused 1.455ms total 58.544ms
08-05 21:00:43.512  4787  4806 I art     : Starting a blocking GC Explicit
08-05 21:00:43.571  4787  4806 I art     : Explicit concurrent mark sweep GC freed 49(1936B) AllocSpace objects, 0(0B) LOS objects, 7% free, 184MB/200MB, paused 1.271ms total 58.170ms
08-05 21:00:43.591  4787  4806 I art     : Starting a blocking GC Explicit
08-05 21:00:43.650  4787  4806 I art     : Explicit concurrent mark sweep GC freed 13(640B) AllocSpace objects, 0(0B) LOS objects, 7% free, 184MB/200MB, paused 1.309ms total 59.033ms
08-05 21:00:43.669  4787  4806 I art     : Starting a blocking GC Explicit
08-05 21:00:43.728  4787  4806 I art     : Explicit concurrent mark sweep GC freed 3(96B) AllocSpace objects, 0(0B) LOS objects, 7% free, 184MB/200MB, paused 1.456ms total 58.122ms
08-05 21:00:43.747  4787  4806 I art     : Starting a blocking GC Explicit
08-05 21:00:43.806  4787  4806 I art     : Explicit concurrent mark sweep GC freed 52(1744B) AllocSpace objects, 0(0B) LOS objects, 7% free, 184MB/200MB, paused 1.209ms total 58.237ms
08-05 21:00:44.184 32448 32448 I ServiceManager: Waiting for service AtCmdFwd...
08-05 21:00:44.230  4787  5061 I art     : Starting a blocking GC Explicit
08-05 21:00:44.307  4787  5061 I art     : Explicit concurrent mark sweep GC freed 1633(95KB) AllocSpace objects, 2(48KB) LOS objects, 7% free, 184MB/200MB, paused 1.400ms total 76.071ms
08-05 21:00:44.328  4787  5061 I art     : Starting a blocking GC Explicit
08-05 21:00:44.386  4787  5061 I art     : Explicit concurrent mark sweep GC freed 30(1104B) AllocSpace objects, 0(0B) LOS objects, 7% free, 184MB/200MB, paused 1.309ms total 57.852ms
08-05 21:00:44.406  4787  5061 I art     : Starting a blocking GC Explicit
08-05 21:00:44.465  4787  5061 I art     : Explicit concurrent mark sweep GC freed 3(96B) AllocSpace objects, 0(0B) LOS objects, 7% free, 184MB/200MB, paused 1.259ms total 58.612ms
08-05 21:00:44.484  4787  5061 I art     : Starting a blocking GC Explicit
08-05 21:00:44.547  4787  5061 I art     : Explicit concurrent mark sweep GC freed 3(96B) AllocSpace objects, 0(0B) LOS objects, 7% free, 184MB/200MB, paused 1.365ms total 62.722ms
08-05 21:00:44.567  4787  5061 I art     : Starting a blocking GC Explicit
08-05 21:00:44.628  4787  5061 I art     : Explicit concurrent mark sweep GC freed 3(96B) AllocSpace objects, 0(0B) LOS objects, 7% free, 184MB/200MB, paused 1.302ms total 60.961ms
08-05 21:00:45.064  4787  4801 I art     : Starting a blocking GC Explicit
08-05 21:00:45.137  4787  4801 I art     : Explicit concurrent mark sweep GC freed 1660(95KB) AllocSpace objects, 2(48KB) LOS objects, 7% free, 184MB/200MB, paused 1.339ms total 72.543ms
08-05 21:00:45.157  4787  4801 I art     : Starting a blocking GC Explicit
08-05 21:00:45.185 32448 32448 I ServiceManager: Waiting for service AtCmdFwd...
08-05 21:00:45.226  4787  4801 I art     : Explicit concurrent mark sweep GC freed 30(1104B) AllocSpace objects, 0(0B) LOS objects, 7% free, 184MB/200MB, paused 1.250ms total 67.861ms
08-05 21:00:45.248  4787  4801 I art     : Starting a blocking GC Explicit
08-05 21:00:45.299  4787  4801 I art     : Explicit concurrent mark sweep GC freed 3(96B) AllocSpace objects, 0(0B) LOS objects, 7% free, 184MB/200MB, paused 1.320ms total 50.293ms
08-05 21:00:45.318  4787  4801 I art     : Starting a blocking GC Explicit
08-05 21:00:45.376  4787  4801 I art     : Explicit concurrent mark sweep GC freed 3(96B) AllocSpace objects, 0(0B) LOS objects, 7% free, 184MB/200MB, paused 1.281ms total 57.740ms
08-05 21:00:45.395  4787  4801 I art     : Starting a blocking GC Explicit
08-05 21:00:45.463  4787  4801 I art     : Explicit concurrent mark sweep GC freed 3(96B) AllocSpace objects, 0(0B) LOS objects, 7% free, 184MB/200MB, paused 1.377ms total 67.698ms
08-05 21:00:45.937  4787  4800 I art     : Starting a blocking GC Explicit
08-05 21:00:46.017  4787  4800 I art     : Explicit concurrent mark sweep GC freed 1658(95KB) AllocSpace objects, 2(48KB) LOS objects, 7% free, 184MB/200MB, paused 1.374ms total 79.232ms
08-05 21:00:46.038  4787  4800 I art     : Starting a blocking GC Explicit
08-05 21:00:46.103  4787  4800 I art     : Explicit concurrent mark sweep GC freed 30(1104B) AllocSpace objects, 0(0B) LOS objects, 7% free, 184MB/200MB, paused 1.313ms total 64.366ms
08-05 21:00:46.123  4787  4800 I art     : Starting a blocking GC Explicit
08-05 21:00:46.185 32448 32448 I ServiceManager: Waiting for service AtCmdFwd...
08-05 21:00:46.188  4787  4800 I art     : Explicit concurrent mark sweep GC freed 3(96B) AllocSpace objects, 0(0B) LOS objects, 7% free, 184MB/200MB, paused 1.353ms total 64.784ms
08-05 21:00:46.208  4787  4800 I art     : Starting a blocking GC Explicit
08-05 21:00:46.274  4787  4800 I art     : Explicit concurrent mark sweep GC freed 3(96B) AllocSpace objects, 0(0B) LOS objects, 7% free, 184MB/200MB, paused 1.488ms total 66.344ms
08-05 21:00:46.297  4787  4800 I art     : Starting a blocking GC Explicit
08-05 21:00:46.365  4787  4800 I art     : Explicit concurrent mark sweep GC freed 3(96B) AllocSpace objects, 0(0B) LOS objects, 7% free, 184MB/200MB, paused 1.357ms total 67.729ms
08-05 21:00:46.803  4787  4806 I art     : Starting a blocking GC Explicit
08-05 21:00:46.885  4787  4806 I art     : Explicit concurrent mark sweep GC freed 1682(96KB) AllocSpace objects, 2(48KB) LOS objects, 7% free, 184MB/200MB, paused 1.351ms total 81.805ms
08-05 21:00:46.907  4787  4806 I art     : Starting a blocking GC Explicit
08-05 21:00:46.972  4787  4806 I art     : Explicit concurrent mark sweep GC freed 48(2096B) AllocSpace objects, 0(0B) LOS objects, 7% free, 184MB/200MB, paused 1.365ms total 64.461ms
08-05 21:00:46.972  4787  4799 I art     : WaitForGcToComplete blocked for 64.785ms for cause HeapTrim
08-05 21:00:46.992  4787  4806 I art     : Starting a blocking GC Explicit
08-05 21:00:47.055  4787  4806 I art     : Explicit concurrent mark sweep GC freed 3(96B) AllocSpace objects, 0(0B) LOS objects, 7% free, 184MB/200MB, paused 1.348ms total 62.143ms
08-05 21:00:47.074  4787  4806 I art     : Starting a blocking GC Explicit
08-05 21:00:47.133  4787  4806 I art     : Explicit concurrent mark sweep GC freed 3(96B) AllocSpace objects, 0(0B) LOS objects, 7% free, 184MB/200MB, paused 1.204ms total 58.518ms
08-05 21:00:47.152  4787  4806 I art     : Starting a blocking GC Explicit
08-05 21:00:47.185 32448 32448 W Atfwd_Sendcmd: AtCmdFwd service not published, waiting... retryCnt : 5
08-05 21:00:47.207  4787  4806 I art     : Explicit concurrent mark sweep GC freed 3(96B) AllocSpace objects, 0(0B) LOS objects, 7% free, 184MB/200MB, paused 1.457ms total 54.546ms
08-05 21:00:47.647  4787  5061 I art     : Starting a blocking GC Explicit
08-05 21:00:47.681  7154  7154 D AndroidRuntime: >>>>>> START com.android.internal.os.RuntimeInit uid 2000 <<<<<<
08-05 21:00:47.686  7154  7154 D AndroidRuntime: CheckJNI is OFF
08-05 21:00:47.712  4787  5061 I art     : Explicit concurrent mark sweep GC freed 1623(94KB) AllocSpace objects, 2(48KB) LOS objects, 7% free, 184MB/200MB, paused 1.355ms total 64.324ms
08-05 21:00:47.730  4787  5061 I art     : Starting a blocking GC Explicit
08-05 21:00:47.735  7154  7154 D ICU     : No timezone override file found: /data/misc/zoneinfo/current/icu/icu_tzdata.dat
08-05 21:00:47.780  7154  7154 I Radio-JNI: register_android_hardware_Radio DONE
08-05 21:00:47.789  4787  5061 I art     : Explicit concurrent mark sweep GC freed 30(1104B) AllocSpace objects, 0(0B) LOS objects, 7% free, 184MB/200MB, paused 1.471ms total 58.630ms
08-05 21:00:47.809  4787  5061 I art     : Starting a blocking GC Explicit
08-05 21:00:47.810  7154  7154 D AndroidRuntime: Calling main entry com.android.commands.input.Input
08-05 21:00:47.812  7154  7154 I Input   : injectKeyEvent: KeyEvent { action=ACTION_DOWN, keyCode=KEYCODE_BACK, scanCode=0, metaState=0, flags=0x0, repeatCount=0, eventTime=824464225, downTime=824464225, deviceId=-1, source=0x101 }
08-05 21:00:47.819  7154  7154 I Input   : injectKeyEvent: KeyEvent { action=ACTION_UP, keyCode=KEYCODE_BACK, scanCode=0, metaState=0, flags=0x0, repeatCount=0, eventTime=824464225, downTime=824464225, deviceId=-1, source=0x101 }
08-05 21:00:47.826  7154  7154 D AndroidRuntime: Shutting down VM
08-05 21:00:47.841  4787  4787 V MainActivity: url = https://project-travel-mate.herokuapp.com/api/number-of-unread-notifications
08-05 21:00:47.863  4787  5061 I art     : Explicit concurrent mark sweep GC freed 390(16KB) AllocSpace objects, 0(0B) LOS objects, 7% free, 184MB/200MB, paused 1.419ms total 53.743ms
08-05 21:00:47.877 13866 13866 I GoogleInputMethodServic: GoogleInputMethodService.onFinishInput():3138 
08-05 21:00:47.877 13866 13866 I GoogleInputMethodServic: GoogleInputMethodService.onStartInput():1808 
08-05 21:00:47.883  4787  5061 I art     : Starting a blocking GC Explicit
08-05 21:00:47.938  4787  5061 I art     : Explicit concurrent mark sweep GC freed 160(7KB) AllocSpace objects, 0(0B) LOS objects, 7% free, 184MB/200MB, paused 1.374ms total 55.273ms
08-05 21:00:47.956  4787  5061 I art     : Starting a blocking GC Explicit
08-05 21:00:47.981 13866 13882 I PeriodicStatsRunner: PeriodicStatsRunner.call():175 call()
08-05 21:00:47.981 13866 13882 I PeriodicStatsRunner: PeriodicStatsRunner.call():179 No submit PeriodicStats since input started.
08-05 21:00:48.009  4787  5061 I art     : Explicit concurrent mark sweep GC freed 42(1728B) AllocSpace objects, 0(0B) LOS objects, 7% free, 184MB/200MB, paused 1.213ms total 52.660ms
08-05 21:00:48.174   380   380 W SurfaceFlinger: couldn't log to binary event log: overflow.
08-05 21:00:48.395  4787  4800 I art     : Starting a blocking GC Explicit
08-05 21:00:48.468  4787  4800 I art     : Explicit concurrent mark sweep GC freed 2054(114KB) AllocSpace objects, 2(48KB) LOS objects, 7% free, 184MB/200MB, paused 1.598ms total 72.087ms
08-05 21:00:48.490  4787  4800 I art     : Starting a blocking GC Explicit
08-05 21:00:48.548  4787  4800 I art     : Explicit concurrent mark sweep GC freed 162(7KB) AllocSpace objects, 0(0B) LOS objects, 7% free, 184MB/200MB, paused 1.411ms total 57.807ms
08-05 21:00:48.567  4787  4800 I art     : Starting a blocking GC Explicit
08-05 21:00:48.626  4787  7177 I NAPPA_EXPERIMENTATION: MetricNetworkRequestExecutionTime: REQUEST_DURATION_SYSTEM='784',REQUEST_DURATION_OKHTTP='42',REQUEST_SYNCHRONOUS='FALSE',RESPONSE_CODE='200',RESPONSE_METHOD='GET',RESPONSE_LENGTH_OKHTTP='36',RESPONSE_LENGTH_HEADER='36',REQUEST_PROTOCOL='http/1.1',REQUEST_URL='https://project-travel-mate.herokuapp.com/api/number-of-unread-notifications',
08-05 21:00:48.628  4787  4800 I art     : Explicit concurrent mark sweep GC freed 2561(131KB) AllocSpace objects, 2(120KB) LOS objects, 7% free, 184MB/200MB, paused 1.427ms total 59.811ms
08-05 21:00:48.647  4787  4800 I art     : Starting a blocking GC Explicit
08-05 21:00:48.705  4787  4800 I art     : Explicit concurrent mark sweep GC freed 1080(126KB) AllocSpace objects, 1(80KB) LOS objects, 7% free, 184MB/200MB, paused 1.355ms total 58.350ms
08-05 21:00:48.725  4787  4800 I art     : Starting a blocking GC Explicit
08-05 21:00:48.783  4787  4800 I art     : Explicit concurrent mark sweep GC freed 102(6KB) AllocSpace objects, 0(0B) LOS objects, 7% free, 184MB/200MB, paused 1.365ms total 57.730ms
08-05 21:00:49.197  4787  4801 I art     : Starting a blocking GC Explicit
08-05 21:00:49.258  4787  4801 I art     : Explicit concurrent mark sweep GC freed 1673(96KB) AllocSpace objects, 2(48KB) LOS objects, 7% free, 184MB/200MB, paused 1.464ms total 60.863ms
08-05 21:00:49.277  4787  4801 I art     : Starting a blocking GC Explicit
08-05 21:00:49.334  4787  4801 I art     : Explicit concurrent mark sweep GC freed 44(1536B) AllocSpace objects, 0(0B) LOS objects, 7% free, 184MB/200MB, paused 1.367ms total 56.881ms
08-05 21:00:49.354  4787  4801 I art     : Starting a blocking GC Explicit
08-05 21:00:49.410  4787  4801 I art     : Explicit concurrent mark sweep GC freed 3(96B) AllocSpace objects, 0(0B) LOS objects, 7% free, 184MB/200MB, paused 1.414ms total 56.146ms
08-05 21:00:49.429  4787  4801 I art     : Starting a blocking GC Explicit
08-05 21:00:49.492  4787  4801 I art     : Explicit concurrent mark sweep GC freed 12(592B) AllocSpace objects, 0(0B) LOS objects, 7% free, 184MB/200MB, paused 1.726ms total 62.568ms
08-05 21:00:49.515  4787  4801 I art     : Starting a blocking GC Explicit
08-05 21:00:49.577  4787  4801 I art     : Explicit concurrent mark sweep GC freed 25(992B) AllocSpace objects, 0(0B) LOS objects, 7% free, 184MB/200MB, paused 1.343ms total 61.005ms
08-05 21:00:49.623  7200  7200 D AndroidRuntime: >>>>>> START com.android.internal.os.RuntimeInit uid 2000 <<<<<<
08-05 21:00:49.628  7200  7200 D AndroidRuntime: CheckJNI is OFF
08-05 21:00:49.668  7200  7200 D ICU     : No timezone override file found: /data/misc/zoneinfo/current/icu/icu_tzdata.dat
08-05 21:00:49.712  7200  7200 I Radio-JNI: register_android_hardware_Radio DONE
08-05 21:00:49.740  7200  7200 D AndroidRuntime: Calling main entry com.android.commands.input.Input
08-05 21:00:49.744  7200  7200 I Input   : injectMotionEvent: MotionEvent { action=ACTION_DOWN, actionButton=0, id[0]=0, x[0]=657.0, y[0]=2037.0, toolType[0]=TOOL_TYPE_UNKNOWN, buttonState=0, metaState=0, flags=0x0, edgeFlags=0x0, pointerCount=1, historySize=0, eventTime=824466155, downTime=824466155, deviceId=0, source=0x1002 }
08-05 21:00:49.750  7200  7200 I Input   : injectMotionEvent: MotionEvent { action=ACTION_UP, actionButton=0, id[0]=0, x[0]=657.0, y[0]=2037.0, toolType[0]=TOOL_TYPE_UNKNOWN, buttonState=0, metaState=0, flags=0x0, edgeFlags=0x0, pointerCount=1, historySize=0, eventTime=824466155, downTime=824466155, deviceId=0, source=0x1002 }
08-05 21:00:49.752  7200  7200 D AndroidRuntime: Shutting down VM
08-05 21:00:49.752   918  6112 I ActivityManager: START u0 {cmp=baseline.io.github.project_travel_mate/.utilities.CompassActivity} from uid 10674 on display 0
08-05 21:00:49.753   512  2967 D audio_hw_primary: out_set_parameters: enter: usecase(1: low-latency-playback) kvpairs: routing=2
08-05 21:00:49.767   512  2967 D audio_hw_primary: select_devices: out_snd_device(2: speaker) in_snd_device(0: none)
08-05 21:00:49.767   512  2967 D msm8974_platform: platform_send_audio_calibration: sending audio calibration for snd_device(2) acdb_id(15)
08-05 21:00:49.767   512  2967 I soundtrigger: audio_extn_sound_trigger_update_device_status: device 0x2 of type 0 for Event 1
08-05 21:00:49.780   512  2967 D audio_hw_primary: enable_snd_device: snd_device(2: speaker)
08-05 21:00:49.783   512  2967 D audio_hw_primary: enable_audio_route: apply and update mixer path: low-latency-playback speaker
08-05 21:00:49.972  4787  4801 I art     : Starting a blocking GC Explicit
08-05 21:00:50.028  4787  4801 I art     : Explicit concurrent mark sweep GC freed 71(3KB) AllocSpace objects, 0(0B) LOS objects, 6% free, 233MB/249MB, paused 1.476ms total 55.351ms
08-05 21:00:50.047  4787  4801 I art     : Starting a blocking GC Explicit
08-05 21:00:50.102  4787  4801 I art     : Explicit concurrent mark sweep GC freed 3(96B) AllocSpace objects, 0(0B) LOS objects, 6% free, 233MB/249MB, paused 1.411ms total 54.680ms
08-05 21:00:50.121  4787  4801 I art     : Starting a blocking GC Explicit
08-05 21:00:50.175  4787  4801 I art     : Explicit concurrent mark sweep GC freed 3(96B) AllocSpace objects, 0(0B) LOS objects, 6% free, 233MB/249MB, paused 1.350ms total 53.770ms
08-05 21:00:50.194  4787  4801 I art     : Starting a blocking GC Explicit
08-05 21:00:50.247  4787  4801 I art     : Explicit concurrent mark sweep GC freed 3(96B) AllocSpace objects, 0(0B) LOS objects, 6% free, 233MB/249MB, paused 1.487ms total 53.421ms
08-05 21:00:50.266  4787  4801 I art     : Starting a blocking GC Explicit
08-05 21:00:50.319   512  2967 D audio_hw_primary: disable_audio_route: reset and update mixer path: low-latency-playback speaker
08-05 21:00:50.320   512  2967 D audio_hw_primary: disable_snd_device: snd_device(2: speaker)
08-05 21:00:50.321  4787  4801 I art     : Explicit concurrent mark sweep GC freed 17(560B) AllocSpace objects, 0(0B) LOS objects, 6% free, 236MB/252MB, paused 1.417ms total 54.909ms
08-05 21:00:50.323  4787  4787 D CompassActivity: start compass
08-05 21:00:50.324   918  5481 I sensors : batch
08-05 21:00:50.324   918  5481 I sensors : activate
08-05 21:00:50.325   918   928 I sensors : batch
08-05 21:00:50.325   918   928 I sensors : activate
08-05 21:00:50.328   512  2967 I soundtrigger: audio_extn_sound_trigger_update_device_status: device 0x2 of type 0 for Event 0
08-05 21:00:50.330  4787  4787 I Choreographer: Skipped 33 frames!  The application may be doing too much work on its main thread.
08-05 21:00:50.332   918  3188 I hubconnection: sensorhub said: 'batch 1 flags:0, sampling_rate_Hz:50.00, max_report_latency_us:0'
08-05 21:00:50.333   918  3188 I hubconnection: sensorhub said: 'activate 1 enable:1'
08-05 21:00:50.334   918  3188 I hubconnection: sensorhub said: 'batch 3 flags:0, sampling_rate_Hz:50.00, max_report_latency_us:0'
08-05 21:00:50.336   918  3188 I hubconnection: sensorhub said: 'activate 3 enable:1'
08-05 21:00:50.386 13866 13866 I GoogleInputMethodServic: GoogleInputMethodService.onFinishInput():3138 
08-05 21:00:50.387 13866 13866 I GoogleInputMethodServic: GoogleInputMethodService.onStartInput():1808 
08-05 21:00:50.505  4787  4787 D CompassActivity: will set rotation from 0.0 to 177.9176
08-05 21:00:50.511   918   936 I ActivityManager: Displayed baseline.io.github.project_travel_mate/.utilities.CompassActivity: +748ms
08-05 21:00:50.597  4787  4787 D CompassActivity: will set rotation from 177.9176 to 178.10272
08-05 21:00:50.597  4787  4787 D CompassActivity: will set rotation from 178.10272 to 178.0951
08-05 21:00:50.597  4787  4787 D CompassActivity: will set rotation from 178.0951 to 178.3009
08-05 21:00:50.597  4787  4787 D CompassActivity: will set rotation from 178.3009 to 178.29834
08-05 21:00:50.598  4787  4787 D CompassActivity: will set rotation from 178.29834 to 178.41614
08-05 21:00:50.598  4787  4787 D CompassActivity: will set rotation from 178.41614 to 178.41321
08-05 21:00:50.598  4787  4787 D CompassActivity: will set rotation from 178.41321 to 178.34357
08-05 21:00:50.598  4787  4787 D CompassActivity: will set rotation from 178.34357 to 178.34656
08-05 21:00:50.598  4787  4787 D CompassActivity: will set rotation from 178.34656 to 178.27643
08-05 21:00:50.598  4787  4787 D CompassActivity: will set rotation from 178.27643 to 178.2774
08-05 21:00:50.688  4787  4787 D CompassActivity: will set rotation from 178.2774 to 178.22675
08-05 21:00:50.688  4787  4787 D CompassActivity: will set rotation from 178.22675 to 178.2248
08-05 21:00:50.688  4787  4787 D CompassActivity: will set rotation from 178.2248 to 178.18542
08-05 21:00:50.688  4787  4787 D CompassActivity: will set rotation from 178.18542 to 178.18506
08-05 21:00:50.688  4787  4787 D CompassActivity: will set rotation from 178.18506 to 178.2052
08-05 21:00:50.688  4787  4787 D CompassActivity: will set rotation from 178.2052 to 178.19989
08-05 21:00:50.689  4787  4787 D CompassActivity: will set rotation from 178.19989 to 178.16467
08-05 21:00:50.689  4787  4787 D CompassActivity: will set rotation from 178.16467 to 178.16211
08-05 21:00:50.689  4787  4787 D CompassActivity: will set rotation from 178.16211 to 178.13422
08-05 21:00:50.689  4787  4787 D CompassActivity: will set rotation from 178.13422 to 178.13098
08-05 21:00:50.714  4787  4787 D CompassActivity: will set rotation from 178.13098 to 178.14246
08-05 21:00:50.714  4787  4787 D CompassActivity: will set rotation from 178.14246 to 178.1388
08-05 21:00:50.725  4787  4787 D CompassActivity: will set rotation from 178.1388 to 178.11926
08-05 21:00:50.726  4787  4787 D CompassActivity: will set rotation from 178.11926 to 178.1189
08-05 21:00:50.727  4787  5061 I art     : Starting a blocking GC Explicit
08-05 21:00:50.746  4787  4787 D CompassActivity: will set rotation from 178.1189 to 178.13904
08-05 21:00:50.746  4787  4787 D CompassActivity: will set rotation from 178.13904 to 178.13928
08-05 21:00:50.760   380   380 W SurfaceFlinger: couldn't log to binary event log: overflow.
08-05 21:00:50.765  4787  4787 D CompassActivity: will set rotation from 178.13928 to 178.19183
08-05 21:00:50.765  4787  4787 D CompassActivity: will set rotation from 178.19183 to 178.18878
08-05 21:00:50.778  4787  5061 I art     : Explicit concurrent mark sweep GC freed 2044(119KB) AllocSpace objects, 2(48KB) LOS objects, 6% free, 236MB/252MB, paused 1.293ms total 50.648ms
08-05 21:00:50.785  4787  4787 D CompassActivity: will set rotation from 178.18878 to 178.2356
08-05 21:00:50.785  4787  4787 D CompassActivity: will set rotation from 178.2356 to 178.2323
08-05 21:00:50.795  4787  5061 I art     : Starting a blocking GC Explicit
08-05 21:00:50.805  4787  4787 D CompassActivity: will set rotation from 178.2323 to 178.27686
08-05 21:00:50.805  4787  4787 D CompassActivity: will set rotation from 178.27686 to 178.2768
08-05 21:00:50.825  4787  4787 D CompassActivity: will set rotation from 178.2768 to 178.25708
08-05 21:00:50.825  4787  4787 D CompassActivity: will set rotation from 178.25708 to 178.25623
08-05 21:00:50.845  4787  5061 I art     : Explicit concurrent mark sweep GC freed 492(20KB) AllocSpace objects, 0(0B) LOS objects, 6% free, 236MB/252MB, paused 1.140ms total 49.301ms
08-05 21:00:50.845  4787  4787 D CompassActivity: will set rotation from 178.25623 to 178.2981
08-05 21:00:50.845  4787  4787 D CompassActivity: will set rotation from 178.2981 to 178.30206
08-05 21:00:50.863  4787  5061 I art     : Starting a blocking GC Explicit
08-05 21:00:50.866  4787  4787 D CompassActivity: will set rotation from 178.30206 to 178.37329
08-05 21:00:50.866  4787  4787 D CompassActivity: will set rotation from 178.37329 to 178.37494
08-05 21:00:50.918  4787  5061 I art     : Explicit concurrent mark sweep GC freed 109(5KB) AllocSpace objects, 0(0B) LOS objects, 6% free, 236MB/252MB, paused 1.481ms total 54.608ms
08-05 21:00:50.938  4787  5061 I art     : Starting a blocking GC Explicit
08-05 21:00:50.969  4787  4787 D CompassActivity: will set rotation from 178.37494 to 178.40625
08-05 21:00:50.969  4787  4787 D CompassActivity: will set rotation from 178.40625 to 178.40277
08-05 21:00:50.969  4787  4787 D CompassActivity: will set rotation from 178.40277 to 178.46344
08-05 21:00:50.969  4787  4787 D CompassActivity: will set rotation from 178.46344 to 178.45892
08-05 21:00:50.969  4787  4787 D CompassActivity: will set rotation from 178.45892 to 178.4823
08-05 21:00:50.969  4787  4787 D CompassActivity: will set rotation from 178.4823 to 178.47784
08-05 21:00:50.970  4787  4787 D CompassActivity: will set rotation from 178.47784 to 178.5
08-05 21:00:50.970  4787  4787 D CompassActivity: will set rotation from 178.5 to 178.4997
08-05 21:00:50.970  4787  4787 D CompassActivity: will set rotation from 178.4997 to 178.51868
08-05 21:00:50.970  4787  4787 D CompassActivity: will set rotation from 178.51868 to 178.51672
08-05 21:00:50.988  4787  5061 I art     : Explicit concurrent mark sweep GC freed 204(9KB) AllocSpace objects, 0(0B) LOS objects, 6% free, 236MB/252MB, paused 1.321ms total 49.301ms
08-05 21:00:50.989  4787  4787 D CompassActivity: will set rotation from 178.51672 to 178.51532
08-05 21:00:50.989  4787  4787 D CompassActivity: will set rotation from 178.51532 to 178.5169
08-05 21:00:51.004  4787  4787 D CompassActivity: will set rotation from 178.5169 to 178.51563
08-05 21:00:51.004  4787  4787 D CompassActivity: will set rotation from 178.51563 to 178.51703
08-05 21:00:51.006  4787  5061 I art     : Starting a blocking GC Explicit
08-05 21:00:51.024  4787  4787 D CompassActivity: will set rotation from 178.51703 to 178.52051
08-05 21:00:51.025  4787  4787 D CompassActivity: will set rotation from 178.52051 to 178.51947
08-05 21:00:51.046  4787  4787 D CompassActivity: will set rotation from 178.51947 to 178.56213
08-05 21:00:51.047  4787  4787 D CompassActivity: will set rotation from 178.56213 to 178.56189
08-05 21:00:51.056  4787  5061 I art     : Explicit concurrent mark sweep GC freed 193(9KB) AllocSpace objects, 0(0B) LOS objects, 6% free, 236MB/252MB, paused 1.287ms total 49.733ms
08-05 21:00:51.065  4787  4787 D CompassActivity: will set rotation from 178.56189 to 178.6236
08-05 21:00:51.066  4787  4787 D CompassActivity: will set rotation from 178.6236 to 178.6214
08-05 21:00:51.084  4787  4787 D CompassActivity: will set rotation from 178.6214 to 178.65668
08-05 21:00:51.085  4787  4787 D CompassActivity: will set rotation from 178.65668 to 178.65607
08-05 21:00:51.104  4787  4787 D CompassActivity: will set rotation from 178.65607 to 178.6709
08-05 21:00:51.104  4787  4787 D CompassActivity: will set rotation from 178.6709 to 178.67139
08-05 21:00:51.124  4787  4787 D CompassActivity: will set rotation from 178.67139 to 178.66284
08-05 21:00:51.124  4787  4787 D CompassActivity: will set rotation from 178.66284 to 178.66272
08-05 21:00:51.146  4787  4787 D CompassActivity: will set rotation from 178.66272 to 178.69373
08-05 21:00:51.147  4787  4787 D CompassActivity: will set rotation from 178.69373 to 178.69263
08-05 21:00:51.165  4787  4787 D CompassActivity: will set rotation from 178.69263 to 178.70386
08-05 21:00:51.165  4787  4787 D CompassActivity: will set rotation from 178.70386 to 178.70331
08-05 21:00:51.184  4787  4787 D CompassActivity: will set rotation from 178.70331 to 178.73492
08-05 21:00:51.184  4787  4787 D CompassActivity: will set rotation from 178.73492 to 178.73596
08-05 21:00:51.197   918  3261 D WifiStateMachine: starting scan for "H369AA63323"WPA_PSK with 2412,5180
08-05 21:00:51.204  4787  4787 D CompassActivity: will set rotation from 178.73596 to 178.72394
08-05 21:00:51.204  4787  4787 D CompassActivity: will set rotation from 178.72394 to 178.72577
08-05 21:00:51.224  4787  4787 D CompassActivity: will set rotation from 178.72577 to 178.7179
08-05 21:00:51.225  4787  4787 D CompassActivity: will set rotation from 178.7179 to 178.71643
08-05 21:00:51.247  4787  4787 D CompassActivity: will set rotation from 178.71643 to 178.76459
08-05 21:00:51.247  4787  4787 D CompassActivity: will set rotation from 178.76459 to 178.76282
08-05 21:00:51.266  4787  4787 D CompassActivity: will set rotation from 178.76282 to 178.78638
08-05 21:00:51.267  4787  4787 D CompassActivity: will set rotation from 178.78638 to 178.78735
08-05 21:00:51.283  4787  4787 D CompassActivity: will set rotation from 178.78735 to 178.80798
08-05 21:00:51.283  4787  4787 D CompassActivity: will set rotation from 178.80798 to 178.81061
08-05 21:00:51.303  4787  4787 D CompassActivity: will set rotation from 178.81061 to 178.79742
08-05 21:00:51.303  4787  4787 D CompassActivity: will set rotation from 178.79742 to 178.79651
08-05 21:00:51.323  4787  4787 D CompassActivity: will set rotation from 178.79651 to 178.81555
08-05 21:00:51.324  4787  4787 D CompassActivity: will set rotation from 178.81555 to 178.81335
08-05 21:00:51.343  4787  4787 D CompassActivity: will set rotation from 178.81335 to 178.83252
08-05 21:00:51.343  4787  4787 D CompassActivity: will set rotation from 178.83252 to 178.83209
08-05 21:00:51.363  4787  4787 D CompassActivity: will set rotation from 178.83209 to 178.8523
08-05 21:00:51.364  4787  4787 D CompassActivity: will set rotation from 178.8523 to 178.85095
08-05 21:00:51.384  4787  4787 D CompassActivity: will set rotation from 178.85095 to 178.84686
08-05 21:00:51.384  4787  4787 D CompassActivity: will set rotation from 178.84686 to 178.84686
08-05 21:00:51.403  4787  4787 D CompassActivity: will set rotation from 178.84686 to 178.82892
08-05 21:00:51.403  4787  4787 D CompassActivity: will set rotation from 178.82892 to 178.82825
08-05 21:00:51.423  4787  4787 D CompassActivity: will set rotation from 178.82825 to 178.84619
08-05 21:00:51.423  4787  4787 D CompassActivity: will set rotation from 178.84619 to 178.84631
08-05 21:00:51.443  4787  4787 D CompassActivity: will set rotation from 178.84631 to 178.85046
08-05 21:00:51.443  4787  4787 D CompassActivity: will set rotation from 178.85046 to 178.84888
08-05 21:00:51.463  4787  4787 D CompassActivity: will set rotation from 178.84888 to 178.79688
08-05 21:00:51.464  4787  4787 D CompassActivity: will set rotation from 178.79688 to 178.79584
08-05 21:00:51.479  4787  4806 I art     : Starting a blocking GC Explicit
08-05 21:00:51.483  4787  4787 D CompassActivity: will set rotation from 178.79584 to 178.78442
08-05 21:00:51.483  4787  4787 D CompassActivity: will set rotation from 178.78442 to 178.78687
08-05 21:00:51.503  4787  4787 D CompassActivity: will set rotation from 178.78687 to 178.79156
08-05 21:00:51.503  4787  4787 D CompassActivity: will set rotation from 178.79156 to 178.79285
08-05 21:00:51.523  4787  4787 D CompassActivity: will set rotation from 178.79285 to 178.74103
08-05 21:00:51.523  4787  4787 D CompassActivity: will set rotation from 178.74103 to 178.74109
08-05 21:00:51.540  4787  4806 I art     : Explicit concurrent mark sweep GC freed 2059(123KB) AllocSpace objects, 2(48KB) LOS objects, 6% free, 236MB/252MB, paused 1.405ms total 60.748ms
08-05 21:00:51.544  4787  4787 D CompassActivity: will set rotation from 178.74109 to 178.7478
08-05 21:00:51.545  4787  4787 D CompassActivity: will set rotation from 178.7478 to 178.74713
08-05 21:00:51.562  4787  4806 I art     : Starting a blocking GC Explicit
08-05 21:00:51.565  4787  4787 D CompassActivity: will set rotation from 178.74713 to 178.7876
08-05 21:00:51.566  4787  4787 D CompassActivity: will set rotation from 178.7876 to 178.78723
08-05 21:00:51.585  4787  4787 D CompassActivity: will set rotation from 178.78723 to 178.80908
08-05 21:00:51.586  4787  4787 D CompassActivity: will set rotation from 178.80908 to 178.80951
08-05 21:00:51.602  4787  4787 D CompassActivity: will set rotation from 178.80951 to 178.79639
08-05 21:00:51.602  4787  4787 D CompassActivity: will set rotation from 178.79639 to 178.79755
08-05 21:00:51.621  4787  4806 I art     : Explicit concurrent mark sweep GC freed 798(31KB) AllocSpace objects, 0(0B) LOS objects, 6% free, 236MB/252MB, paused 1.285ms total 59.495ms
08-05 21:00:51.623  4787  4787 D CompassActivity: will set rotation from 178.79755 to 178.78583
08-05 21:00:51.623  4787  4787 D CompassActivity: will set rotation from 178.78583 to 178.78394
08-05 21:00:51.642  4787  4806 I art     : Starting a blocking GC Explicit
08-05 21:00:51.642  4787  4787 D CompassActivity: will set rotation from 178.78394 to 178.78632
08-05 21:00:51.646  4787  4787 D CompassActivity: will set rotation from 178.78632 to 178.78625
08-05 21:00:51.662  4787  4787 D CompassActivity: will set rotation from 178.78625 to 178.80444
08-05 21:00:51.663  4787  4787 D CompassActivity: will set rotation from 178.80444 to 178.80383
08-05 21:00:51.684  4787  4787 D CompassActivity: will set rotation from 178.80383 to 178.80676
08-05 21:00:51.685  4787  4787 D CompassActivity: will set rotation from 178.80676 to 178.80579
08-05 21:00:51.699  4787  4806 I art     : Explicit concurrent mark sweep GC freed 173(8KB) AllocSpace objects, 0(0B) LOS objects, 6% free, 236MB/252MB, paused 1.370ms total 56.221ms
08-05 21:00:51.702  4787  4787 D CompassActivity: will set rotation from 178.80579 to 178.8086
08-05 21:00:51.702  4787  4787 D CompassActivity: will set rotation from 178.8086 to 178.80731
08-05 21:00:51.718  4787  4806 I art     : Starting a blocking GC Explicit
08-05 21:00:51.722  4787  4787 D CompassActivity: will set rotation from 178.80731 to 178.79425
08-05 21:00:51.723  4787  4787 D CompassActivity: will set rotation from 178.79425 to 178.79407
08-05 21:00:51.742  4787  4787 D CompassActivity: will set rotation from 178.79407 to 178.78235
08-05 21:00:51.742  4787  4787 D CompassActivity: will set rotation from 178.78235 to 178.78076
08-05 21:00:51.765  4787  4787 D CompassActivity: will set rotation from 178.78076 to 178.81604
08-05 21:00:51.765  4787  4787 D CompassActivity: will set rotation from 178.81604 to 178.81592
08-05 21:00:51.774  4787  4806 I art     : Explicit concurrent mark sweep GC freed 161(8KB) AllocSpace objects, 0(0B) LOS objects, 6% free, 236MB/252MB, paused 1.378ms total 55.857ms
08-05 21:00:51.783  4787  4787 D CompassActivity: will set rotation from 178.81592 to 178.8161
08-05 21:00:51.784  4787  4787 D CompassActivity: will set rotation from 178.8161 to 178.81598
08-05 21:00:51.796  4787  4806 I art     : Starting a blocking GC Explicit
08-05 21:00:51.801  4787  4787 D CompassActivity: will set rotation from 178.81598 to 178.81738
08-05 21:00:51.802  4787  4787 D CompassActivity: will set rotation from 178.81738 to 178.81726
08-05 21:00:51.821  4787  4787 D CompassActivity: will set rotation from 178.81726 to 178.80182
08-05 21:00:51.821  4787  4787 D CompassActivity: will set rotation from 178.80182 to 178.8006
08-05 21:00:51.841  4787  4787 D CompassActivity: will set rotation from 178.8006 to 178.79858
08-05 21:00:51.842  4787  4787 D CompassActivity: will set rotation from 178.79858 to 178.79889
08-05 21:00:51.854  4787  4806 I art     : Explicit concurrent mark sweep GC freed 212(9KB) AllocSpace objects, 0(0B) LOS objects, 6% free, 236MB/252MB, paused 1.242ms total 58.335ms
08-05 21:00:51.864  4787  4787 D CompassActivity: will set rotation from 178.79889 to 178.78741
08-05 21:00:51.865  4787  4787 D CompassActivity: will set rotation from 178.78741 to 178.78967
08-05 21:00:51.882  4787  4787 D CompassActivity: will set rotation from 178.78967 to 178.78967
08-05 21:00:51.883  4787  4787 D CompassActivity: will set rotation from 178.78967 to 178.7912
08-05 21:00:51.902  4787  4787 D CompassActivity: will set rotation from 178.7912 to 178.77917
08-05 21:00:51.903  4787  4787 D CompassActivity: will set rotation from 178.77917 to 178.77924
08-05 21:00:51.922  4787  4787 D CompassActivity: will set rotation from 178.77924 to 178.7854
08-05 21:00:51.922  4787  4787 D CompassActivity: will set rotation from 178.7854 to 178.78528
08-05 21:00:51.941  4787  4787 D CompassActivity: will set rotation from 178.78528 to 178.78687
08-05 21:00:51.941  4787  4787 D CompassActivity: will set rotation from 178.78687 to 178.78674
08-05 21:00:51.966  4787  4787 D CompassActivity: will set rotation from 178.78674 to 178.77783
08-05 21:00:51.967  4787  4787 D CompassActivity: will set rotation from 178.77783 to 178.77771
08-05 21:00:51.984  4787  4787 D CompassActivity: will set rotation from 178.77771 to 178.79749
08-05 21:00:51.984  4787  4787 D CompassActivity: will set rotation from 178.79749 to 178.79724
08-05 21:00:52.004  4787  4787 D CompassActivity: will set rotation from 178.79724 to 178.81793
08-05 21:00:52.004  4787  4787 D CompassActivity: will set rotation from 178.81793 to 178.81628
08-05 21:00:52.021  4787  4787 D CompassActivity: will set rotation from 178.81628 to 178.81763
08-05 21:00:52.021  4787  4787 D CompassActivity: will set rotation from 178.81763 to 178.8175
08-05 21:00:52.041  4787  4787 D CompassActivity: will set rotation from 178.8175 to 178.83551
08-05 21:00:52.042  4787  4787 D CompassActivity: will set rotation from 178.83551 to 178.83533
08-05 21:00:52.060  4787  4787 D CompassActivity: will set rotation from 178.83533 to 178.81964
08-05 21:00:52.061  4787  4787 D CompassActivity: will set rotation from 178.81964 to 178.81879
08-05 21:00:52.080  4787  4787 D CompassActivity: will set rotation from 178.81879 to 178.85059
08-05 21:00:52.081  4787  4787 D CompassActivity: will set rotation from 178.85059 to 178.8515
08-05 21:00:52.100  4787  4787 D CompassActivity: will set rotation from 178.8515 to 178.86609
08-05 21:00:52.100  4787  4787 D CompassActivity: will set rotation from 178.86609 to 178.86566
08-05 21:00:52.119  4787  4787 D CompassActivity: will set rotation from 178.86566 to 178.85187
08-05 21:00:52.120  4787  4787 D CompassActivity: will set rotation from 178.85187 to 178.85211
08-05 21:00:52.139  4787  4787 D CompassActivity: will set rotation from 178.85211 to 178.85083
08-05 21:00:52.140  4787  4787 D CompassActivity: will set rotation from 178.85083 to 178.85034
08-05 21:00:52.160  4787  4787 D CompassActivity: will set rotation from 178.85034 to 178.86572
08-05 21:00:52.160  4787  4787 D CompassActivity: will set rotation from 178.86572 to 178.86523
08-05 21:00:52.181  4787  4787 D CompassActivity: will set rotation from 178.86523 to 178.86194
08-05 21:00:52.182  4787  4787 D CompassActivity: will set rotation from 178.86194 to 178.86151
08-05 21:00:52.200  4787  4787 D CompassActivity: will set rotation from 178.86151 to 178.84802
08-05 21:00:52.200  4787  4787 D CompassActivity: will set rotation from 178.84802 to 178.84827
08-05 21:00:52.219  4787  4787 D CompassActivity: will set rotation from 178.84827 to 178.8194
08-05 21:00:52.220  4787  4787 D CompassActivity: will set rotation from 178.8194 to 178.81958
08-05 21:00:52.240  4787  4787 D CompassActivity: will set rotation from 178.81958 to 178.8175
08-05 21:00:52.240  4787  4787 D CompassActivity: will set rotation from 178.8175 to 178.81635
08-05 21:00:52.260  4787  4787 D CompassActivity: will set rotation from 178.81635 to 178.81885
08-05 21:00:52.262  4787  4787 D CompassActivity: will set rotation from 178.81885 to 178.81885
08-05 21:00:52.264  4787  5061 I art     : Starting a blocking GC Explicit
08-05 21:00:52.283  4787  4787 D CompassActivity: will set rotation from 178.81885 to 178.8078
08-05 21:00:52.284  4787  4787 D CompassActivity: will set rotation from 178.8078 to 178.80634
08-05 21:00:52.301  4787  4787 D CompassActivity: will set rotation from 178.80634 to 178.763
08-05 21:00:52.301  4787  4787 D CompassActivity: will set rotation from 178.763 to 178.76361
08-05 21:00:52.319  4787  4787 D CompassActivity: will set rotation from 178.76361 to 178.75122
08-05 21:00:52.319  4787  4787 D CompassActivity: will set rotation from 178.75122 to 178.75146
08-05 21:00:52.327  4787  5061 I art     : Explicit concurrent mark sweep GC freed 2091(124KB) AllocSpace objects, 2(48KB) LOS objects, 6% free, 236MB/252MB, paused 1.402ms total 62.260ms
08-05 21:00:52.339  4787  4787 D CompassActivity: will set rotation from 178.75146 to 178.72687
08-05 21:00:52.340  4787  4787 D CompassActivity: will set rotation from 178.72687 to 178.72687
08-05 21:00:52.346  4787  5061 I art     : Starting a blocking GC Explicit
08-05 21:00:52.359  4787  4787 D CompassActivity: will set rotation from 178.72687 to 178.70099
08-05 21:00:52.360  4787  4787 D CompassActivity: will set rotation from 178.70099 to 178.70233
08-05 21:00:52.382  4787  4787 D CompassActivity: will set rotation from 178.70233 to 178.67505
08-05 21:00:52.383  4787  4787 D CompassActivity: will set rotation from 178.67505 to 178.67566
08-05 21:00:52.403  4787  5061 I art     : Explicit concurrent mark sweep GC freed 772(30KB) AllocSpace objects, 0(0B) LOS objects, 6% free, 236MB/252MB, paused 1.206ms total 56.721ms
08-05 21:00:52.403  4787  4787 D CompassActivity: will set rotation from 178.67566 to 178.65277
08-05 21:00:52.404  4787  4787 D CompassActivity: will set rotation from 178.65277 to 178.6543
08-05 21:00:52.419  4787  4787 D CompassActivity: will set rotation from 178.6543 to 178.63092
08-05 21:00:52.419  4787  4787 D CompassActivity: will set rotation from 178.63092 to 178.63037
08-05 21:00:52.423  4787  5061 I art     : Starting a blocking GC Explicit
08-05 21:00:52.439  4787  4787 D CompassActivity: will set rotation from 178.63037 to 178.62311
08-05 21:00:52.439  4787  4787 D CompassActivity: will set rotation from 178.62311 to 178.62122
08-05 21:00:52.459  4787  4787 D CompassActivity: will set rotation from 178.62122 to 178.64307
08-05 21:00:52.459  4787  4787 D CompassActivity: will set rotation from 178.64307 to 178.64307
08-05 21:00:52.479  4787  5061 I art     : Explicit concurrent mark sweep GC freed 161(8KB) AllocSpace objects, 0(0B) LOS objects, 6% free, 236MB/252MB, paused 1.436ms total 56.345ms
08-05 21:00:52.482  4787  4787 D CompassActivity: will set rotation from 178.64307 to 178.64844
08-05 21:00:52.483  4787  4787 D CompassActivity: will set rotation from 178.64844 to 178.64642
08-05 21:00:52.498  4787  5061 I art     : Starting a blocking GC Explicit
08-05 21:00:52.500  4787  4787 D CompassActivity: will set rotation from 178.64642 to 178.6242
08-05 21:00:52.501  4787  4787 D CompassActivity: will set rotation from 178.6242 to 178.62354
08-05 21:00:52.520  4787  4787 D CompassActivity: will set rotation from 178.62354 to 178.6012
08-05 21:00:52.521  4787  4787 D CompassActivity: will set rotation from 178.6012 to 178.59955
08-05 21:00:52.539  4787  4787 D CompassActivity: will set rotation from 178.59955 to 178.57751
08-05 21:00:52.540  4787  4787 D CompassActivity: will set rotation from 178.57751 to 178.5769
08-05 21:00:52.556  4787  5061 I art     : Explicit concurrent mark sweep GC freed 185(8KB) AllocSpace objects, 0(0B) LOS objects, 6% free, 236MB/252MB, paused 1.338ms total 56.988ms
08-05 21:00:52.559  7244  7244 D AndroidRuntime: >>>>>> START com.android.internal.os.RuntimeInit uid 2000 <<<<<<
08-05 21:00:52.559  4787  4787 D CompassActivity: will set rotation from 178.5769 to 178.59985
08-05 21:00:52.560  4787  4787 D CompassActivity: will set rotation from 178.59985 to 178.59961
08-05 21:00:52.565  7244  7244 D AndroidRuntime: CheckJNI is OFF
08-05 21:00:52.576  4787  5061 I art     : Starting a blocking GC Explicit
08-05 21:00:52.583  4787  4787 D CompassActivity: will set rotation from 178.59961 to 178.59314
08-05 21:00:52.583  4787  4787 D CompassActivity: will set rotation from 178.59314 to 178.59332
08-05 21:00:52.598  4787  4787 D CompassActivity: will set rotation from 178.59332 to 178.5733
08-05 21:00:52.599  4787  4787 D CompassActivity: will set rotation from 178.5733 to 178.57336
08-05 21:00:52.607  7244  7244 D ICU     : No timezone override file found: /data/misc/zoneinfo/current/icu/icu_tzdata.dat
08-05 21:00:52.618  4787  4787 D CompassActivity: will set rotation from 178.57336 to 178.58234
08-05 21:00:52.619  4787  4787 D CompassActivity: will set rotation from 178.58234 to 178.58203
08-05 21:00:52.632  4787  5061 I art     : Explicit concurrent mark sweep GC freed 189(9KB) AllocSpace objects, 0(0B) LOS objects, 6% free, 236MB/252MB, paused 1.384ms total 56.421ms
08-05 21:00:52.638  4787  4787 D CompassActivity: will set rotation from 178.58203 to 178.57819
08-05 21:00:52.639  4787  4787 D CompassActivity: will set rotation from 178.57819 to 178.57751
08-05 21:00:52.652  7244  7244 I Radio-JNI: register_android_hardware_Radio DONE
08-05 21:00:52.658  4787  4787 D CompassActivity: will set rotation from 178.57751 to 178.57507
08-05 21:00:52.659  4787  4787 D CompassActivity: will set rotation from 178.57507 to 178.57489
08-05 21:00:52.680  4787  4787 D CompassActivity: will set rotation from 178.57489 to 178.58405
08-05 21:00:52.681  4787  4787 D CompassActivity: will set rotation from 178.58405 to 178.5838
08-05 21:00:52.681  7244  7244 D AndroidRuntime: Calling main entry com.android.commands.input.Input
08-05 21:00:52.684  7244  7244 I Input   : injectKeyEvent: KeyEvent { action=ACTION_DOWN, keyCode=KEYCODE_BACK, scanCode=0, metaState=0, flags=0x0, repeatCount=0, eventTime=824469097, downTime=824469097, deviceId=-1, source=0x101 }
08-05 21:00:52.689  7244  7244 I Input   : injectKeyEvent: KeyEvent { action=ACTION_UP, keyCode=KEYCODE_BACK, scanCode=0, metaState=0, flags=0x0, repeatCount=0, eventTime=824469097, downTime=824469097, deviceId=-1, source=0x101 }
08-05 21:00:52.696  7244  7244 D AndroidRuntime: Shutting down VM
08-05 21:00:52.698   918  3714 I sensors : activate
08-05 21:00:52.698   918  3359 I sensors : activate
08-05 21:00:52.703   918  3188 I hubconnection: sensorhub said: 'activate 1 enable:0'
08-05 21:00:52.705   918  3188 I hubconnection: sensorhub said: 'activate 3 enable:0'
08-05 21:00:52.729  4787  4787 V MainActivity: url = https://project-travel-mate.herokuapp.com/api/number-of-unread-notifications
08-05 21:00:52.844 13866 13866 I GoogleInputMethodServic: GoogleInputMethodService.onFinishInput():3138 
08-05 21:00:52.844 13866 13866 I GoogleInputMethodServic: GoogleInputMethodService.onStartInput():1808 
08-05 21:00:52.856   518   646 I ThermalEngine: ACTION: GPU - Setting GPU[0] to 390000000
08-05 21:00:52.880 13866 13882 I PeriodicStatsRunner: PeriodicStatsRunner.call():175 call()
08-05 21:00:52.880 13866 13882 I PeriodicStatsRunner: PeriodicStatsRunner.call():179 No submit PeriodicStats since input started.
08-05 21:00:53.077  4787  5061 I art     : Starting a blocking GC Explicit
08-05 21:00:53.129  4787  4787 D CompassActivity: stop compass
08-05 21:00:53.129   380   380 W SurfaceFlinger: couldn't log to binary event log: overflow.
08-05 21:00:53.154  4787  5061 I art     : Explicit concurrent mark sweep GC freed 2355(127KB) AllocSpace objects, 2(48KB) LOS objects, 6% free, 236MB/252MB, paused 1.835ms total 76.093ms
08-05 21:00:53.178  4787  5061 I art     : Starting a blocking GC Explicit
08-05 21:00:53.246  4787  5061 I art     : Explicit concurrent mark sweep GC freed 218(8KB) AllocSpace objects, 0(0B) LOS objects, 6% free, 236MB/252MB, paused 2.033ms total 67.012ms
08-05 21:00:53.272  4787  5061 I art     : Starting a blocking GC Explicit
08-05 21:00:53.368  4787  5061 I art     : Explicit concurrent mark sweep GC freed 1266(81KB) AllocSpace objects, 3(52MB) LOS objects, 7% free, 184MB/200MB, paused 2.056ms total 95.933ms
08-05 21:00:53.398  4787  5061 I art     : Starting a blocking GC Explicit
08-05 21:00:53.480  4787  5061 I art     : Explicit concurrent mark sweep GC freed 600(52KB) AllocSpace objects, 2(120KB) LOS objects, 7% free, 184MB/200MB, paused 3.179ms total 81.435ms
08-05 21:00:53.507  4787  5061 I art     : Starting a blocking GC Explicit
08-05 21:00:53.552  4787  7268 I NAPPA_EXPERIMENTATION: MetricNetworkRequestExecutionTime: REQUEST_DURATION_SYSTEM='822',REQUEST_DURATION_OKHTTP='40',REQUEST_SYNCHRONOUS='FALSE',RESPONSE_CODE='200',RESPONSE_METHOD='GET',RESPONSE_LENGTH_OKHTTP='36',RESPONSE_LENGTH_HEADER='36',REQUEST_PROTOCOL='http/1.1',REQUEST_URL='https://project-travel-mate.herokuapp.com/api/number-of-unread-notifications',
08-05 21:00:53.577  4787  5061 I art     : Explicit concurrent mark sweep GC freed 2168(98KB) AllocSpace objects, 1(80KB) LOS objects, 7% free, 184MB/200MB, paused 2.071ms total 69.340ms
08-05 21:00:54.040  4787  4801 I art     : Starting a blocking GC Explicit
08-05 21:00:54.118  4787  4801 I art     : Explicit concurrent mark sweep GC freed 2637(208KB) AllocSpace objects, 2(48KB) LOS objects, 7% free, 184MB/200MB, paused 2.060ms total 77.159ms
08-05 21:00:54.144  4787  4801 I art     : Starting a blocking GC Explicit
08-05 21:00:54.214  4787  4801 I art     : Explicit concurrent mark sweep GC freed 30(1104B) AllocSpace objects, 0(0B) LOS objects, 7% free, 184MB/200MB, paused 2.013ms total 69.725ms
08-05 21:00:54.240  4787  4801 I art     : Starting a blocking GC Explicit
08-05 21:00:54.310  4787  4801 I art     : Explicit concurrent mark sweep GC freed 3(96B) AllocSpace objects, 0(0B) LOS objects, 7% free, 184MB/200MB, paused 2.089ms total 69.525ms
08-05 21:00:54.336  4787  4801 I art     : Starting a blocking GC Explicit
08-05 21:00:54.425  4787  4801 I art     : Explicit concurrent mark sweep GC freed 6(192B) AllocSpace objects, 0(0B) LOS objects, 7% free, 184MB/200MB, paused 1.841ms total 88.936ms
08-05 21:00:54.449  4787  4801 I art     : Starting a blocking GC Explicit
08-05 21:00:54.515  4787  4801 I art     : Explicit concurrent mark sweep GC freed 14(448B) AllocSpace objects, 0(0B) LOS objects, 7% free, 184MB/200MB, paused 2.389ms total 65.474ms
08-05 21:00:54.602  7291  7291 D AndroidRuntime: >>>>>> START com.android.internal.os.RuntimeInit uid 2000 <<<<<<
08-05 21:00:54.608  7291  7291 D AndroidRuntime: CheckJNI is OFF
08-05 21:00:54.666  7291  7291 D ICU     : No timezone override file found: /data/misc/zoneinfo/current/icu/icu_tzdata.dat
08-05 21:00:54.712  7291  7291 I Radio-JNI: register_android_hardware_Radio DONE
08-05 21:00:54.746  7291  7291 D AndroidRuntime: Calling main entry com.android.commands.input.Input
08-05 21:00:54.748  7291  7291 I Input   : injectMotionEvent: MotionEvent { action=ACTION_DOWN, actionButton=0, id[0]=0, x[0]=500.0, y[0]=2000.0, toolType[0]=TOOL_TYPE_UNKNOWN, buttonState=0, metaState=0, flags=0x0, edgeFlags=0x0, pointerCount=1, historySize=0, eventTime=824471161, downTime=824471161, deviceId=0, source=0x1002 }
08-05 21:00:54.753  7291  7291 I Input   : injectMotionEvent: MotionEvent { action=ACTION_MOVE, actionButton=0, id[0]=0, x[0]=500.0, y[0]=2000.0, toolType[0]=TOOL_TYPE_UNKNOWN, buttonState=0, metaState=0, flags=0x0, edgeFlags=0x0, pointerCount=1, historySize=0, eventTime=824471161, downTime=824471161, deviceId=0, source=0x1002 }
08-05 21:00:54.765  7291  7291 I Input   : injectMotionEvent: MotionEvent { action=ACTION_MOVE, actionButton=0, id[0]=0, x[0]=500.0, y[0]=1967.7, toolType[0]=TOOL_TYPE_UNKNOWN, buttonState=0, metaState=0, flags=0x0, edgeFlags=0x0, pointerCount=1, historySize=0, eventTime=824471178, downTime=824471178, deviceId=0, source=0x1002 }
08-05 21:00:54.783  7291  7291 I Input   : injectMotionEvent: MotionEvent { action=ACTION_MOVE, actionButton=0, id[0]=0, x[0]=500.0, y[0]=1933.5, toolType[0]=TOOL_TYPE_UNKNOWN, buttonState=0, metaState=0, flags=0x0, edgeFlags=0x0, pointerCount=1, historySize=0, eventTime=824471196, downTime=824471196, deviceId=0, source=0x1002 }
08-05 21:00:54.809  7291  7291 I Input   : injectMotionEvent: MotionEvent { action=ACTION_MOVE, actionButton=0, id[0]=0, x[0]=500.0, y[0]=1884.1, toolType[0]=TOOL_TYPE_UNKNOWN, buttonState=0, metaState=0, flags=0x0, edgeFlags=0x0, pointerCount=1, historySize=0, eventTime=824471222, downTime=824471222, deviceId=0, source=0x1002 }
08-05 21:00:54.833  7291  7291 I Input   : injectMotionEvent: MotionEvent { action=ACTION_MOVE, actionButton=0, id[0]=0, x[0]=500.0, y[0]=1838.5, toolType[0]=TOOL_TYPE_UNKNOWN, buttonState=0, metaState=0, flags=0x0, edgeFlags=0x0, pointerCount=1, historySize=0, eventTime=824471246, downTime=824471246, deviceId=0, source=0x1002 }
08-05 21:00:54.852  7291  7291 I Input   : injectMotionEvent: MotionEvent { action=ACTION_MOVE, actionButton=0, id[0]=0, x[0]=500.0, y[0]=1802.4, toolType[0]=TOOL_TYPE_UNKNOWN, buttonState=0, metaState=0, flags=0x0, edgeFlags=0x0, pointerCount=1, historySize=0, eventTime=824471265, downTime=824471265, deviceId=0, source=0x1002 }
08-05 21:00:54.868  7291  7291 I Input   : injectMotionEvent: MotionEvent { action=ACTION_MOVE, actionButton=0, id[0]=0, x[0]=500.0, y[0]=1772.0, toolType[0]=TOOL_TYPE_UNKNOWN, buttonState=0, metaState=0, flags=0x0, edgeFlags=0x0, pointerCount=1, historySize=0, eventTime=824471281, downTime=824471281, deviceId=0, source=0x1002 }
08-05 21:00:54.885  7291  7291 I Input   : injectMotionEvent: MotionEvent { action=ACTION_MOVE, actionButton=0, id[0]=0, x[0]=500.0, y[0]=1739.7, toolType[0]=TOOL_TYPE_UNKNOWN, buttonState=0, metaState=0, flags=0x0, edgeFlags=0x0, pointerCount=1, historySize=0, eventTime=824471298, downTime=824471298, deviceId=0, source=0x1002 }
08-05 21:00:54.902  7291  7291 I Input   : injectMotionEvent: MotionEvent { action=ACTION_MOVE, actionButton=0, id[0]=0, x[0]=500.0, y[0]=1707.4, toolType[0]=TOOL_TYPE_UNKNOWN, buttonState=0, metaState=0, flags=0x0, edgeFlags=0x0, pointerCount=1, historySize=0, eventTime=824471315, downTime=824471315, deviceId=0, source=0x1002 }
08-05 21:00:54.919  7291  7291 I Input   : injectMotionEvent: MotionEvent { action=ACTION_MOVE, actionButton=0, id[0]=0, x[0]=500.0, y[0]=1675.1, toolType[0]=TOOL_TYPE_UNKNOWN, buttonState=0, metaState=0, flags=0x0, edgeFlags=0x0, pointerCount=1, historySize=0, eventTime=824471332, downTime=824471332, deviceId=0, source=0x1002 }
08-05 21:00:54.937  7291  7291 I Input   : injectMotionEvent: MotionEvent { action=ACTION_MOVE, actionButton=0, id[0]=0, x[0]=500.0, y[0]=1642.8, toolType[0]=TOOL_TYPE_UNKNOWN, buttonState=0, metaState=0, flags=0x0, edgeFlags=0x0, pointerCount=1, historySize=0, eventTime=824471349, downTime=824471349, deviceId=0, source=0x1002 }
08-05 21:00:54.951  7291  7291 I Input   : injectMotionEvent: MotionEvent { action=ACTION_MOVE, actionButton=0, id[0]=0, x[0]=500.0, y[0]=1614.3, toolType[0]=TOOL_TYPE_UNKNOWN, buttonState=0, metaState=0, flags=0x0, edgeFlags=0x0, pointerCount=1, historySize=0, eventTime=824471364, downTime=824471364, deviceId=0, source=0x1002 }
08-05 21:00:54.968  7291  7291 I Input   : injectMotionEvent: MotionEvent { action=ACTION_MOVE, actionButton=0, id[0]=0, x[0]=500.0, y[0]=1582.0, toolType[0]=TOOL_TYPE_UNKNOWN, buttonState=0, metaState=0, flags=0x0, edgeFlags=0x0, pointerCount=1, historySize=0, eventTime=824471381, downTime=824471381, deviceId=0, source=0x1002 }
08-05 21:00:54.983  7291  7291 I Input   : injectMotionEvent: MotionEvent { action=ACTION_MOVE, actionButton=0, id[0]=0, x[0]=500.0, y[0]=1553.5, toolType[0]=TOOL_TYPE_UNKNOWN, buttonState=0, metaState=0, flags=0x0, edgeFlags=0x0, pointerCount=1, historySize=0, eventTime=824471396, downTime=824471396, deviceId=0, source=0x1002 }
08-05 21:00:55.004  7291  7291 I Input   : injectMotionEvent: MotionEvent { action=ACTION_MOVE, actionButton=0, id[0]=0, x[0]=500.0, y[0]=1513.6, toolType[0]=TOOL_TYPE_UNKNOWN, buttonState=0, metaState=0, flags=0x0, edgeFlags=0x0, pointerCount=1, historySize=0, eventTime=824471417, downTime=824471417, deviceId=0, source=0x1002 }
08-05 21:00:55.005  4787  4800 I art     : Starting a blocking GC Explicit
08-05 21:00:55.020  7291  7291 I Input   : injectMotionEvent: MotionEvent { action=ACTION_MOVE, actionButton=0, id[0]=0, x[0]=500.0, y[0]=1483.2, toolType[0]=TOOL_TYPE_UNKNOWN, buttonState=0, metaState=0, flags=0x0, edgeFlags=0x0, pointerCount=1, historySize=0, eventTime=824471433, downTime=824471433, deviceId=0, source=0x1002 }
08-05 21:00:55.034  7291  7291 I Input   : injectMotionEvent: MotionEvent { action=ACTION_MOVE, actionButton=0, id[0]=0, x[0]=500.0, y[0]=1456.6, toolType[0]=TOOL_TYPE_UNKNOWN, buttonState=0, metaState=0, flags=0x0, edgeFlags=0x0, pointerCount=1, historySize=0, eventTime=824471447, downTime=824471447, deviceId=0, source=0x1002 }
08-05 21:00:55.050  7291  7291 I Input   : injectMotionEvent: MotionEvent { action=ACTION_MOVE, actionButton=0, id[0]=0, x[0]=500.0, y[0]=1426.2, toolType[0]=TOOL_TYPE_UNKNOWN, buttonState=0, metaState=0, flags=0x0, edgeFlags=0x0, pointerCount=1, historySize=0, eventTime=824471463, downTime=824471463, deviceId=0, source=0x1002 }
08-05 21:00:55.071  7291  7291 I Input   : injectMotionEvent: MotionEvent { action=ACTION_MOVE, actionButton=0, id[0]=0, x[0]=500.0, y[0]=1384.4, toolType[0]=TOOL_TYPE_UNKNOWN, buttonState=0, metaState=0, flags=0x0, edgeFlags=0x0, pointerCount=1, historySize=0, eventTime=824471485, downTime=824471485, deviceId=0, source=0x1002 }
08-05 21:00:55.089  7291  7291 I Input   : injectMotionEvent: MotionEvent { action=ACTION_MOVE, actionButton=0, id[0]=0, x[0]=500.0, y[0]=1352.1001, toolType[0]=TOOL_TYPE_UNKNOWN, buttonState=0, metaState=0, flags=0x0, edgeFlags=0x0, pointerCount=1, historySize=0, eventTime=824471502, downTime=824471502, deviceId=0, source=0x1002 }
08-05 21:00:55.093  4787  4800 I art     : Explicit concurrent mark sweep GC freed 1732(97KB) AllocSpace objects, 2(48KB) LOS objects, 7% free, 184MB/200MB, paused 2.072ms total 87.703ms
08-05 21:00:55.107  7291  7291 I Input   : injectMotionEvent: MotionEvent { action=ACTION_MOVE, actionButton=0, id[0]=0, x[0]=500.0, y[0]=1317.9, toolType[0]=TOOL_TYPE_UNKNOWN, buttonState=0, metaState=0, flags=0x0, edgeFlags=0x0, pointerCount=1, historySize=0, eventTime=824471520, downTime=824471520, deviceId=0, source=0x1002 }
08-05 21:00:55.122  7291  7291 I Input   : injectMotionEvent: MotionEvent { action=ACTION_MOVE, actionButton=0, id[0]=0, x[0]=500.0, y[0]=1289.3999, toolType[0]=TOOL_TYPE_UNKNOWN, buttonState=0, metaState=0, flags=0x0, edgeFlags=0x0, pointerCount=1, historySize=0, eventTime=824471535, downTime=824471535, deviceId=0, source=0x1002 }
08-05 21:00:55.125  4787  4800 I art     : Starting a blocking GC Explicit
08-05 21:00:55.138  7291  7291 I Input   : injectMotionEvent: MotionEvent { action=ACTION_MOVE, actionButton=0, id[0]=0, x[0]=500.0, y[0]=1259.0, toolType[0]=TOOL_TYPE_UNKNOWN, buttonState=0, metaState=0, flags=0x0, edgeFlags=0x0, pointerCount=1, historySize=0, eventTime=824471551, downTime=824471551, deviceId=0, source=0x1002 }
08-05 21:00:55.154  7291  7291 I Input   : injectMotionEvent: MotionEvent { action=ACTION_MOVE, actionButton=0, id[0]=0, x[0]=500.0, y[0]=1228.6001, toolType[0]=TOOL_TYPE_UNKNOWN, buttonState=0, metaState=0, flags=0x0, edgeFlags=0x0, pointerCount=1, historySize=0, eventTime=824471567, downTime=824471567, deviceId=0, source=0x1002 }
08-05 21:00:55.169  7291  7291 I Input   : injectMotionEvent: MotionEvent { action=ACTION_MOVE, actionButton=0, id[0]=0, x[0]=500.0, y[0]=1200.1, toolType[0]=TOOL_TYPE_UNKNOWN, buttonState=0, metaState=0, flags=0x0, edgeFlags=0x0, pointerCount=1, historySize=0, eventTime=824471582, downTime=824471582, deviceId=0, source=0x1002 }
08-05 21:00:55.205  4787  4800 I art     : Explicit concurrent mark sweep GC freed 57(2272B) AllocSpace objects, 0(0B) LOS objects, 7% free, 184MB/200MB, paused 4.994ms total 79.627ms
08-05 21:00:55.234  4787  4800 I art     : Starting a blocking GC Explicit
08-05 21:00:55.235  7291  7291 I Input   : injectMotionEvent: MotionEvent { action=ACTION_MOVE, actionButton=0, id[0]=0, x[0]=500.0, y[0]=1072.8, toolType[0]=TOOL_TYPE_UNKNOWN, buttonState=0, metaState=0, flags=0x0, edgeFlags=0x0, pointerCount=1, historySize=0, eventTime=824471649, downTime=824471649, deviceId=0, source=0x1002 }
08-05 21:00:55.295  4787  4800 I art     : Explicit concurrent mark sweep GC freed 4(128B) AllocSpace objects, 0(0B) LOS objects, 7% free, 184MB/200MB, paused 1.995ms total 60.818ms
08-05 21:00:55.303  7291  7291 I Input   : injectMotionEvent: MotionEvent { action=ACTION_MOVE, actionButton=0, id[0]=0, x[0]=500.0, y[0]=945.5, toolType[0]=TOOL_TYPE_UNKNOWN, buttonState=0, metaState=0, flags=0x0, edgeFlags=0x0, pointerCount=1, historySize=0, eventTime=824471716, downTime=824471716, deviceId=0, source=0x1002 }
08-05 21:00:55.317  4787  4800 I art     : Starting a blocking GC Explicit
08-05 21:00:55.370  7291  7291 I Input   : injectMotionEvent: MotionEvent { action=ACTION_MOVE, actionButton=0, id[0]=0, x[0]=500.0, y[0]=818.2001, toolType[0]=TOOL_TYPE_UNKNOWN, buttonState=0, metaState=0, flags=0x0, edgeFlags=0x0, pointerCount=1, historySize=0, eventTime=824471783, downTime=824471783, deviceId=0, source=0x1002 }
08-05 21:00:55.384  4787  4800 I art     : Explicit concurrent mark sweep GC freed 3(96B) AllocSpace objects, 0(0B) LOS objects, 7% free, 184MB/200MB, paused 1.799ms total 66.725ms
08-05 21:00:55.387 13866 13882 I PeriodicStatsRunner: PeriodicStatsRunner.call():175 call()
08-05 21:00:55.387 13866 13882 I PeriodicStatsRunner: PeriodicStatsRunner.call():179 No submit PeriodicStats since input started.
08-05 21:00:55.409  4787  4800 I art     : Starting a blocking GC Explicit
08-05 21:00:55.431  7291  7291 I Input   : injectMotionEvent: MotionEvent { action=ACTION_MOVE, actionButton=0, id[0]=0, x[0]=500.0, y[0]=702.2999, toolType[0]=TOOL_TYPE_UNKNOWN, buttonState=0, metaState=0, flags=0x0, edgeFlags=0x0, pointerCount=1, historySize=0, eventTime=824471844, downTime=824471844, deviceId=0, source=0x1002 }
08-05 21:00:55.478  4787  4800 I art     : Explicit concurrent mark sweep GC freed 3(96B) AllocSpace objects, 0(0B) LOS objects, 7% free, 184MB/200MB, paused 1.829ms total 68.884ms
08-05 21:00:55.490  7291  7291 I Input   : injectMotionEvent: MotionEvent { action=ACTION_MOVE, actionButton=0, id[0]=0, x[0]=500.0, y[0]=590.2001, toolType[0]=TOOL_TYPE_UNKNOWN, buttonState=0, metaState=0, flags=0x0, edgeFlags=0x0, pointerCount=1, historySize=0, eventTime=824471903, downTime=824471903, deviceId=0, source=0x1002 }
08-05 21:00:55.550  7291  7291 I Input   : injectMotionEvent: MotionEvent { action=ACTION_MOVE, actionButton=0, id[0]=0, x[0]=500.0, y[0]=474.30005, toolType[0]=TOOL_TYPE_UNKNOWN, buttonState=0, metaState=0, flags=0x0, edgeFlags=0x0, pointerCount=1, historySize=0, eventTime=824471964, downTime=824471964, deviceId=0, source=0x1002 }
08-05 21:00:55.616  7291  7291 I Input   : injectMotionEvent: MotionEvent { action=ACTION_MOVE, actionButton=0, id[0]=0, x[0]=500.0, y[0]=350.80005, toolType[0]=TOOL_TYPE_UNKNOWN, buttonState=0, metaState=0, flags=0x0, edgeFlags=0x0, pointerCount=1, historySize=0, eventTime=824472029, downTime=824472029, deviceId=0, source=0x1002 }
08-05 21:00:55.711  7291  7291 I Input   : injectMotionEvent: MotionEvent { action=ACTION_MOVE, actionButton=0, id[0]=0, x[0]=500.0, y[0]=168.40002, toolType[0]=TOOL_TYPE_UNKNOWN, buttonState=0, metaState=0, flags=0x0, edgeFlags=0x0, pointerCount=1, historySize=0, eventTime=824472125, downTime=824472125, deviceId=0, source=0x1002 }
08-05 21:00:55.757  7291  7291 I Input   : injectMotionEvent: MotionEvent { action=ACTION_UP, actionButton=0, id[0]=0, x[0]=500.0, y[0]=100.0, toolType[0]=TOOL_TYPE_UNKNOWN, buttonState=0, metaState=0, flags=0x0, edgeFlags=0x0, pointerCount=1, historySize=0, eventTime=824472170, downTime=824472170, deviceId=0, source=0x1002 }
08-05 21:00:55.794  7291  7291 D AndroidRuntime: Shutting down VM
08-05 21:00:55.915  4787  4806 I art     : Starting a blocking GC Explicit
08-05 21:00:55.997  4787  4806 I art     : Explicit concurrent mark sweep GC freed 1694(97KB) AllocSpace objects, 2(48KB) LOS objects, 7% free, 184MB/200MB, paused 2.552ms total 80.854ms
08-05 21:00:56.023  4787  4806 I art     : Starting a blocking GC Explicit
08-05 21:00:56.097  4787  4806 I art     : Explicit concurrent mark sweep GC freed 48(2096B) AllocSpace objects, 0(0B) LOS objects, 7% free, 184MB/200MB, paused 1.932ms total 73.373ms
08-05 21:00:56.122  4787  4806 I art     : Starting a blocking GC Explicit
08-05 21:00:56.191  4787  4806 I art     : Explicit concurrent mark sweep GC freed 4(128B) AllocSpace objects, 0(0B) LOS objects, 7% free, 184MB/200MB, paused 1.828ms total 68.434ms
08-05 21:00:56.215  4787  4806 I art     : Starting a blocking GC Explicit
08-05 21:00:56.278  4787  4806 I art     : Explicit concurrent mark sweep GC freed 8(256B) AllocSpace objects, 0(0B) LOS objects, 7% free, 184MB/200MB, paused 1.826ms total 62.444ms
08-05 21:00:56.302  4787  4806 I art     : Starting a blocking GC Explicit
08-05 21:00:56.365  4787  4806 I art     : Explicit concurrent mark sweep GC freed 7(224B) AllocSpace objects, 0(0B) LOS objects, 7% free, 184MB/200MB, paused 1.825ms total 62.489ms
08-05 21:00:56.669  7331  7331 D AndroidRuntime: >>>>>> START com.android.internal.os.RuntimeInit uid 2000 <<<<<<
08-05 21:00:56.677  7331  7331 D AndroidRuntime: CheckJNI is OFF
08-05 21:00:56.738  7331  7331 D ICU     : No timezone override file found: /data/misc/zoneinfo/current/icu/icu_tzdata.dat
08-05 21:00:56.784  7331  7331 I Radio-JNI: register_android_hardware_Radio DONE
08-05 21:00:56.815  4787  4806 I art     : Starting a blocking GC Explicit
08-05 21:00:56.817  7331  7331 D AndroidRuntime: Calling main entry com.android.commands.input.Input
08-05 21:00:56.820  7331  7331 I Input   : injectMotionEvent: MotionEvent { action=ACTION_DOWN, actionButton=0, id[0]=0, x[0]=500.0, y[0]=2000.0, toolType[0]=TOOL_TYPE_UNKNOWN, buttonState=0, metaState=0, flags=0x0, edgeFlags=0x0, pointerCount=1, historySize=0, eventTime=824473233, downTime=824473233, deviceId=0, source=0x1002 }
08-05 21:00:56.827  7331  7331 I Input   : injectMotionEvent: MotionEvent { action=ACTION_MOVE, actionButton=0, id[0]=0, x[0]=500.0, y[0]=2000.0, toolType[0]=TOOL_TYPE_UNKNOWN, buttonState=0, metaState=0, flags=0x0, edgeFlags=0x0, pointerCount=1, historySize=0, eventTime=824473233, downTime=824473233, deviceId=0, source=0x1002 }
08-05 21:00:56.834  7331  7331 I Input   : injectMotionEvent: MotionEvent { action=ACTION_MOVE, actionButton=0, id[0]=0, x[0]=500.0, y[0]=1973.4, toolType[0]=TOOL_TYPE_UNKNOWN, buttonState=0, metaState=0, flags=0x0, edgeFlags=0x0, pointerCount=1, historySize=0, eventTime=824473247, downTime=824473247, deviceId=0, source=0x1002 }
08-05 21:00:56.850  7331  7331 I Input   : injectMotionEvent: MotionEvent { action=ACTION_MOVE, actionButton=0, id[0]=0, x[0]=500.0, y[0]=1941.1, toolType[0]=TOOL_TYPE_UNKNOWN, buttonState=0, metaState=0, flags=0x0, edgeFlags=0x0, pointerCount=1, historySize=0, eventTime=824473264, downTime=824473264, deviceId=0, source=0x1002 }
08-05 21:00:56.871  7331  7331 I Input   : injectMotionEvent: MotionEvent { action=ACTION_MOVE, actionButton=0, id[0]=0, x[0]=500.0, y[0]=1903.1, toolType[0]=TOOL_TYPE_UNKNOWN, buttonState=0, metaState=0, flags=0x0, edgeFlags=0x0, pointerCount=1, historySize=0, eventTime=824473284, downTime=824473284, deviceId=0, source=0x1002 }
08-05 21:00:56.903  4787  4806 I art     : Explicit concurrent mark sweep GC freed 1672(95KB) AllocSpace objects, 2(48KB) LOS objects, 7% free, 184MB/200MB, paused 1.885ms total 86.497ms
08-05 21:00:56.914  7331  7331 I Input   : injectMotionEvent: MotionEvent { action=ACTION_MOVE, actionButton=0, id[0]=0, x[0]=500.0, y[0]=1821.4, toolType[0]=TOOL_TYPE_UNKNOWN, buttonState=0, metaState=0, flags=0x0, edgeFlags=0x0, pointerCount=1, historySize=0, eventTime=824473327, downTime=824473327, deviceId=0, source=0x1002 }
08-05 21:00:56.927  4787  4806 I art     : Starting a blocking GC Explicit
08-05 21:00:56.951  7331  7331 I Input   : injectMotionEvent: MotionEvent { action=ACTION_MOVE, actionButton=0, id[0]=0, x[0]=500.0, y[0]=1751.1, toolType[0]=TOOL_TYPE_UNKNOWN, buttonState=0, metaState=0, flags=0x0, edgeFlags=0x0, pointerCount=1, historySize=0, eventTime=824473364, downTime=824473364, deviceId=0, source=0x1002 }
08-05 21:00:56.991  4787  4806 I art     : Explicit concurrent mark sweep GC freed 41(1456B) AllocSpace objects, 0(0B) LOS objects, 7% free, 184MB/200MB, paused 2.027ms total 63.521ms
08-05 21:00:56.993  7331  7331 I Input   : injectMotionEvent: MotionEvent { action=ACTION_MOVE, actionButton=0, id[0]=0, x[0]=500.0, y[0]=1671.3, toolType[0]=TOOL_TYPE_UNKNOWN, buttonState=0, metaState=0, flags=0x0, edgeFlags=0x0, pointerCount=1, historySize=0, eventTime=824473406, downTime=824473406, deviceId=0, source=0x1002 }
08-05 21:00:57.015  4787  4806 I art     : Starting a blocking GC Explicit
08-05 21:00:57.031  7331  7331 I Input   : injectMotionEvent: MotionEvent { action=ACTION_MOVE, actionButton=0, id[0]=0, x[0]=500.0, y[0]=1599.1, toolType[0]=TOOL_TYPE_UNKNOWN, buttonState=0, metaState=0, flags=0x0, edgeFlags=0x0, pointerCount=1, historySize=0, eventTime=824473444, downTime=824473444, deviceId=0, source=0x1002 }
08-05 21:00:57.069  7331  7331 I Input   : injectMotionEvent: MotionEvent { action=ACTION_MOVE, actionButton=0, id[0]=0, x[0]=500.0, y[0]=1526.9, toolType[0]=TOOL_TYPE_UNKNOWN, buttonState=0, metaState=0, flags=0x0, edgeFlags=0x0, pointerCount=1, historySize=0, eventTime=824473482, downTime=824473482, deviceId=0, source=0x1002 }
08-05 21:00:57.082  4787  4806 I art     : Explicit concurrent mark sweep GC freed 18(576B) AllocSpace objects, 0(0B) LOS objects, 7% free, 184MB/200MB, paused 1.760ms total 66.634ms
08-05 21:00:57.107  7331  7331 I Input   : injectMotionEvent: MotionEvent { action=ACTION_MOVE, actionButton=0, id[0]=0, x[0]=500.0, y[0]=1454.7, toolType[0]=TOOL_TYPE_UNKNOWN, buttonState=0, metaState=0, flags=0x0, edgeFlags=0x0, pointerCount=1, historySize=0, eventTime=824473520, downTime=824473520, deviceId=0, source=0x1002 }
08-05 21:00:57.109  4787  4806 I art     : Starting a blocking GC Explicit
08-05 21:00:57.145  7331  7331 I Input   : injectMotionEvent: MotionEvent { action=ACTION_MOVE, actionButton=0, id[0]=0, x[0]=500.0, y[0]=1382.5, toolType[0]=TOOL_TYPE_UNKNOWN, buttonState=0, metaState=0, flags=0x0, edgeFlags=0x0, pointerCount=1, historySize=0, eventTime=824473558, downTime=824473558, deviceId=0, source=0x1002 }
08-05 21:00:57.173  4787  4806 I art     : Explicit concurrent mark sweep GC freed 7(224B) AllocSpace objects, 0(0B) LOS objects, 7% free, 184MB/200MB, paused 1.881ms total 63.614ms
08-05 21:00:57.184  7331  7331 I Input   : injectMotionEvent: MotionEvent { action=ACTION_MOVE, actionButton=0, id[0]=0, x[0]=500.0, y[0]=1308.4, toolType[0]=TOOL_TYPE_UNKNOWN, buttonState=0, metaState=0, flags=0x0, edgeFlags=0x0, pointerCount=1, historySize=0, eventTime=824473597, downTime=824473597, deviceId=0, source=0x1002 }
08-05 21:00:57.197  4787  4806 I art     : Starting a blocking GC Explicit
08-05 21:00:57.222  7331  7331 I Input   : injectMotionEvent: MotionEvent { action=ACTION_MOVE, actionButton=0, id[0]=0, x[0]=500.0, y[0]=1236.2, toolType[0]=TOOL_TYPE_UNKNOWN, buttonState=0, metaState=0, flags=0x0, edgeFlags=0x0, pointerCount=1, historySize=0, eventTime=824473635, downTime=824473635, deviceId=0, source=0x1002 }
08-05 21:00:57.261  7331  7331 I Input   : injectMotionEvent: MotionEvent { action=ACTION_MOVE, actionButton=0, id[0]=0, x[0]=500.0, y[0]=1160.2, toolType[0]=TOOL_TYPE_UNKNOWN, buttonState=0, metaState=0, flags=0x0, edgeFlags=0x0, pointerCount=1, historySize=0, eventTime=824473675, downTime=824473675, deviceId=0, source=0x1002 }
08-05 21:00:57.262  4787  4806 I art     : Explicit concurrent mark sweep GC freed 9(288B) AllocSpace objects, 0(0B) LOS objects, 7% free, 184MB/200MB, paused 2.171ms total 65.255ms
08-05 21:00:57.301  7331  7331 I Input   : injectMotionEvent: MotionEvent { action=ACTION_MOVE, actionButton=0, id[0]=0, x[0]=500.0, y[0]=1084.2, toolType[0]=TOOL_TYPE_UNKNOWN, buttonState=0, metaState=0, flags=0x0, edgeFlags=0x0, pointerCount=1, historySize=0, eventTime=824473715, downTime=824473715, deviceId=0, source=0x1002 }
08-05 21:00:57.339  7331  7331 I Input   : injectMotionEvent: MotionEvent { action=ACTION_MOVE, actionButton=0, id[0]=0, x[0]=500.0, y[0]=1012.00006, toolType[0]=TOOL_TYPE_UNKNOWN, buttonState=0, metaState=0, flags=0x0, edgeFlags=0x0, pointerCount=1, historySize=0, eventTime=824473753, downTime=824473753, deviceId=0, source=0x1002 }
08-05 21:00:57.379  7331  7331 I Input   : injectMotionEvent: MotionEvent { action=ACTION_MOVE, actionButton=0, id[0]=0, x[0]=500.0, y[0]=937.9, toolType[0]=TOOL_TYPE_UNKNOWN, buttonState=0, metaState=0, flags=0x0, edgeFlags=0x0, pointerCount=1, historySize=0, eventTime=824473792, downTime=824473792, deviceId=0, source=0x1002 }
08-05 21:00:57.418  7331  7331 I Input   : injectMotionEvent: MotionEvent { action=ACTION_MOVE, actionButton=0, id[0]=0, x[0]=500.0, y[0]=863.80005, toolType[0]=TOOL_TYPE_UNKNOWN, buttonState=0, metaState=0, flags=0x0, edgeFlags=0x0, pointerCount=1, historySize=0, eventTime=824473831, downTime=824473831, deviceId=0, source=0x1002 }
08-05 21:00:57.455  7331  7331 I Input   : injectMotionEvent: MotionEvent { action=ACTION_MOVE, actionButton=0, id[0]=0, x[0]=500.0, y[0]=791.6001, toolType[0]=TOOL_TYPE_UNKNOWN, buttonState=0, metaState=0, flags=0x0, edgeFlags=0x0, pointerCount=1, historySize=0, eventTime=824473869, downTime=824473869, deviceId=0, source=0x1002 }
08-05 21:00:57.495  7331  7331 I Input   : injectMotionEvent: MotionEvent { action=ACTION_MOVE, actionButton=0, id[0]=0, x[0]=500.0, y[0]=717.5, toolType[0]=TOOL_TYPE_UNKNOWN, buttonState=0, metaState=0, flags=0x0, edgeFlags=0x0, pointerCount=1, historySize=0, eventTime=824473908, downTime=824473908, deviceId=0, source=0x1002 }
08-05 21:00:57.534  7331  7331 I Input   : injectMotionEvent: MotionEvent { action=ACTION_MOVE, actionButton=0, id[0]=0, x[0]=500.0, y[0]=641.5, toolType[0]=TOOL_TYPE_UNKNOWN, buttonState=0, metaState=0, flags=0x0, edgeFlags=0x0, pointerCount=1, historySize=0, eventTime=824473948, downTime=824473948, deviceId=0, source=0x1002 }
08-05 21:00:57.572  7331  7331 I Input   : injectMotionEvent: MotionEvent { action=ACTION_MOVE, actionButton=0, id[0]=0, x[0]=500.0, y[0]=571.2001, toolType[0]=TOOL_TYPE_UNKNOWN, buttonState=0, metaState=0, flags=0x0, edgeFlags=0x0, pointerCount=1, historySize=0, eventTime=824473985, downTime=824473985, deviceId=0, source=0x1002 }
08-05 21:00:57.613  7331  7331 I Input   : injectMotionEvent: MotionEvent { action=ACTION_MOVE, actionButton=0, id[0]=0, x[0]=500.0, y[0]=493.30005, toolType[0]=TOOL_TYPE_UNKNOWN, buttonState=0, metaState=0, flags=0x0, edgeFlags=0x0, pointerCount=1, historySize=0, eventTime=824474026, downTime=824474026, deviceId=0, source=0x1002 }
08-05 21:00:57.652  7331  7331 I Input   : injectMotionEvent: MotionEvent { action=ACTION_MOVE, actionButton=0, id[0]=0, x[0]=500.0, y[0]=419.19995, toolType[0]=TOOL_TYPE_UNKNOWN, buttonState=0, metaState=0, flags=0x0, edgeFlags=0x0, pointerCount=1, historySize=0, eventTime=824474065, downTime=824474065, deviceId=0, source=0x1002 }
08-05 21:00:57.691  7331  7331 I Input   : injectMotionEvent: MotionEvent { action=ACTION_MOVE, actionButton=0, id[0]=0, x[0]=500.0, y[0]=345.09998, toolType[0]=TOOL_TYPE_UNKNOWN, buttonState=0, metaState=0, flags=0x0, edgeFlags=0x0, pointerCount=1, historySize=0, eventTime=824474104, downTime=824474104, deviceId=0, source=0x1002 }
08-05 21:00:57.730  7331  7331 I Input   : injectMotionEvent: MotionEvent { action=ACTION_MOVE, actionButton=0, id[0]=0, x[0]=500.0, y[0]=271.0, toolType[0]=TOOL_TYPE_UNKNOWN, buttonState=0, metaState=0, flags=0x0, edgeFlags=0x0, pointerCount=1, historySize=0, eventTime=824474143, downTime=824474143, deviceId=0, source=0x1002 }
08-05 21:00:57.737  4787  4800 I art     : Starting a blocking GC Explicit
08-05 21:00:57.769  7331  7331 I Input   : injectMotionEvent: MotionEvent { action=ACTION_MOVE, actionButton=0, id[0]=0, x[0]=500.0, y[0]=196.90002, toolType[0]=TOOL_TYPE_UNKNOWN, buttonState=0, metaState=0, flags=0x0, edgeFlags=0x0, pointerCount=1, historySize=0, eventTime=824474182, downTime=824474182, deviceId=0, source=0x1002 }
08-05 21:00:57.805  4787  4800 I art     : Explicit concurrent mark sweep GC freed 1699(96KB) AllocSpace objects, 2(48KB) LOS objects, 7% free, 184MB/200MB, paused 1.827ms total 68.463ms
08-05 21:00:57.807  7331  7331 I Input   : injectMotionEvent: MotionEvent { action=ACTION_MOVE, actionButton=0, id[0]=0, x[0]=500.0, y[0]=122.80005, toolType[0]=TOOL_TYPE_UNKNOWN, buttonState=0, metaState=0, flags=0x0, edgeFlags=0x0, pointerCount=1, historySize=0, eventTime=824474221, downTime=824474221, deviceId=0, source=0x1002 }
08-05 21:00:57.829  4787  4800 I art     : Starting a blocking GC Explicit
08-05 21:00:57.844 13866 13882 I PeriodicStatsRunner: PeriodicStatsRunner.call():175 call()
08-05 21:00:57.845  7331  7331 I Input   : injectMotionEvent: MotionEvent { action=ACTION_UP, actionButton=0, id[0]=0, x[0]=500.0, y[0]=100.0, toolType[0]=TOOL_TYPE_UNKNOWN, buttonState=0, metaState=0, flags=0x0, edgeFlags=0x0, pointerCount=1, historySize=0, eventTime=824474258, downTime=824474258, deviceId=0, source=0x1002 }
08-05 21:00:57.845 13866 13882 I PeriodicStatsRunner: PeriodicStatsRunner.call():179 No submit PeriodicStats since input started.
08-05 21:00:57.882  7331  7331 D AndroidRuntime: Shutting down VM
08-05 21:00:57.896  4787  4800 I art     : Explicit concurrent mark sweep GC freed 39(1392B) AllocSpace objects, 0(0B) LOS objects, 7% free, 184MB/200MB, paused 1.774ms total 66.119ms
08-05 21:00:57.923  4787  4800 I art     : Starting a blocking GC Explicit
08-05 21:00:57.985  4787  4800 I art     : Explicit concurrent mark sweep GC freed 4(128B) AllocSpace objects, 0(0B) LOS objects, 7% free, 184MB/200MB, paused 1.879ms total 62.582ms
08-05 21:00:58.009  4787  4800 I art     : Starting a blocking GC Explicit
08-05 21:00:58.078  4787  4800 I art     : Explicit concurrent mark sweep GC freed 5(176B) AllocSpace objects, 0(0B) LOS objects, 7% free, 184MB/200MB, paused 1.919ms total 68.006ms
08-05 21:00:58.105  4787  4800 I art     : Starting a blocking GC Explicit
08-05 21:00:58.172  4787  4800 I art     : Explicit concurrent mark sweep GC freed 3(96B) AllocSpace objects, 0(0B) LOS objects, 7% free, 184MB/200MB, paused 1.976ms total 66.281ms
08-05 21:00:58.629  4787  4801 I art     : Starting a blocking GC Explicit
08-05 21:00:58.705  4787  4801 I art     : Explicit concurrent mark sweep GC freed 1635(95KB) AllocSpace objects, 2(48KB) LOS objects, 7% free, 184MB/200MB, paused 2.001ms total 74.714ms
08-05 21:00:58.731  4787  4801 I art     : Starting a blocking GC Explicit
08-05 21:00:58.770  7369  7369 D AndroidRuntime: >>>>>> START com.android.internal.os.RuntimeInit uid 2000 <<<<<<
08-05 21:00:58.776  7369  7369 D AndroidRuntime: CheckJNI is OFF
08-05 21:00:58.801  4787  4801 I art     : Explicit concurrent mark sweep GC freed 88(3KB) AllocSpace objects, 0(0B) LOS objects, 7% free, 184MB/200MB, paused 2.226ms total 69.377ms
08-05 21:00:58.826  4787  4801 I art     : Starting a blocking GC Explicit
08-05 21:00:58.833  7369  7369 D ICU     : No timezone override file found: /data/misc/zoneinfo/current/icu/icu_tzdata.dat
08-05 21:00:58.875  7369  7369 I Radio-JNI: register_android_hardware_Radio DONE
08-05 21:00:58.893  4787  4801 I art     : Explicit concurrent mark sweep GC freed 14(672B) AllocSpace objects, 0(0B) LOS objects, 7% free, 184MB/200MB, paused 1.942ms total 66.753ms
08-05 21:00:58.907  7369  7369 D AndroidRuntime: Calling main entry com.android.commands.input.Input
08-05 21:00:58.911  7369  7369 I Input   : injectMotionEvent: MotionEvent { action=ACTION_DOWN, actionButton=0, id[0]=0, x[0]=657.0, y[0]=2080.0, toolType[0]=TOOL_TYPE_UNKNOWN, buttonState=0, metaState=0, flags=0x0, edgeFlags=0x0, pointerCount=1, historySize=0, eventTime=824475323, downTime=824475323, deviceId=0, source=0x1002 }
08-05 21:00:58.916  7369  7369 I Input   : injectMotionEvent: MotionEvent { action=ACTION_UP, actionButton=0, id[0]=0, x[0]=657.0, y[0]=2080.0, toolType[0]=TOOL_TYPE_UNKNOWN, buttonState=0, metaState=0, flags=0x0, edgeFlags=0x0, pointerCount=1, historySize=0, eventTime=824475323, downTime=824475323, deviceId=0, source=0x1002 }
08-05 21:00:58.919   918  3961 I ActivityManager: START u0 {cmp=baseline.io.github.project_travel_mate/.utilities.UpcomingWeekendsActivity} from uid 10674 on display 0
08-05 21:00:58.920   512  2967 D audio_hw_primary: out_set_parameters: enter: usecase(1: low-latency-playback) kvpairs: routing=2
08-05 21:00:58.920  4787  4801 I art     : Starting a blocking GC Explicit
08-05 21:00:58.920  7369  7369 D AndroidRuntime: Shutting down VM
08-05 21:00:58.934   512  2967 D audio_hw_primary: select_devices: out_snd_device(2: speaker) in_snd_device(0: none)
08-05 21:00:58.934   512  2967 D msm8974_platform: platform_send_audio_calibration: sending audio calibration for snd_device(2) acdb_id(15)
08-05 21:00:58.934   512  2967 I soundtrigger: audio_extn_sound_trigger_update_device_status: device 0x2 of type 0 for Event 1
08-05 21:00:58.949   512  2967 D audio_hw_primary: enable_snd_device: snd_device(2: speaker)
08-05 21:00:58.953   512  2967 D audio_hw_primary: enable_audio_route: apply and update mixer path: low-latency-playback speaker
08-05 21:00:58.965  4787  4853 D Gabe    : call	returning from cache
08-05 21:00:58.969  4787  4787 V EXECUTING: https://project-travel-mate.herokuapp.com/api/get-upcoming-holidays/2020
08-05 21:00:58.972  4787  4787 V EXECUTING: https://project-travel-mate.herokuapp.com/api/get-upcoming-holidays/2020
08-05 21:00:59.004  4787  4801 I art     : Explicit concurrent mark sweep GC freed 689(38KB) AllocSpace objects, 0(0B) LOS objects, 7% free, 184MB/200MB, paused 2.269ms total 83.141ms
08-05 21:00:59.030  4787  4801 I art     : Starting a blocking GC Explicit
08-05 21:00:59.065 13866 13866 I GoogleInputMethodServic: GoogleInputMethodService.onFinishInput():3138 
08-05 21:00:59.066 13866 13866 I GoogleInputMethodServic: GoogleInputMethodService.onStartInput():1808 
08-05 21:00:59.097  4787  4801 I art     : Explicit concurrent mark sweep GC freed 1068(63KB) AllocSpace objects, 0(0B) LOS objects, 7% free, 189MB/205MB, paused 4.547ms total 66.426ms
08-05 21:00:59.175   918   936 I ActivityManager: Displayed baseline.io.github.project_travel_mate/.utilities.UpcomingWeekendsActivity: +243ms
08-05 21:00:59.419   380   380 W SurfaceFlinger: couldn't log to binary event log: overflow.
08-05 21:00:59.499   512  2967 D audio_hw_primary: disable_audio_route: reset and update mixer path: low-latency-playback speaker
08-05 21:00:59.500   512  2967 D audio_hw_primary: disable_snd_device: snd_device(2: speaker)
08-05 21:00:59.513   512  2967 I soundtrigger: audio_extn_sound_trigger_update_device_status: device 0x2 of type 0 for Event 0
08-05 21:00:59.559  4787  4800 I art     : Starting a blocking GC Explicit
08-05 21:00:59.604  4787  7393 I NAPPA_EXPERIMENTATION: MetricNetworkRequestExecutionTime: REQUEST_DURATION_SYSTEM='629',REQUEST_DURATION_OKHTTP='47',REQUEST_SYNCHRONOUS='FALSE',RESPONSE_CODE='200',RESPONSE_METHOD='GET',RESPONSE_LENGTH_OKHTTP='6426',RESPONSE_LENGTH_HEADER='6426',REQUEST_PROTOCOL='http/1.1',REQUEST_URL='https://project-travel-mate.herokuapp.com/api/get-upcoming-holidays/2020',
08-05 21:00:59.626  4787  4800 I art     : Explicit concurrent mark sweep GC freed 7550(383KB) AllocSpace objects, 9(464KB) LOS objects, 7% free, 189MB/205MB, paused 2.090ms total 66.836ms
08-05 21:00:59.627  4787  7392 I NAPPA_EXPERIMENTATION: MetricNetworkRequestExecutionTime: REQUEST_DURATION_SYSTEM='657',REQUEST_DURATION_OKHTTP='62',REQUEST_SYNCHRONOUS='FALSE',RESPONSE_CODE='200',RESPONSE_METHOD='GET',RESPONSE_LENGTH_OKHTTP='6426',RESPONSE_LENGTH_HEADER='6426',REQUEST_PROTOCOL='http/1.1',REQUEST_URL='https://project-travel-mate.herokuapp.com/api/get-upcoming-holidays/2020',
08-05 21:00:59.649  4787  4800 I art     : Starting a blocking GC Explicit
08-05 21:00:59.711  4787  4800 I art     : Explicit concurrent mark sweep GC freed 2217(249KB) AllocSpace objects, 2(32KB) LOS objects, 7% free, 189MB/205MB, paused 1.973ms total 61.044ms
08-05 21:00:59.734  4787  4800 I art     : Starting a blocking GC Explicit
08-05 21:00:59.740  4787  4787 V Response: [{"month":"January","date":1,"day":"Wednesday","name":"New Year's Day","type":"Restricted"},{"month":"January","date":2,"day":"Thursday","name":"Guru Govind Singh Jayanti","type":"Restricted"},{"month":"January","date":14,"day":"Tuesday","name":"Lohri","type":"Restricted"},{"month":"January","date":15,"day":"Wednesday","name":"Pongal","type":"Restricted"},{"month":"January","date":15,"day":"Wednesday","name":"Makar Sankranti","type":"Restricted"},{"month":"January","date":25,"day":"Saturday","name":"Chinese New Year","type":"Observance"},{"month":"January","date":26,"day":"Sunday","name":"Republic Day","type":"Gazetted"},{"month":"January","date":30,"day":"Thursday","name":"Vasant Panchami","type":"Restricted"},{"month":"February","date":9,"day":"Sunday","name":"Guru Ravidas Jayanti","type":"Restricted"},{"month":"February","date":14,"day":"Friday","name":"Valentine's Day","type":"Observance"},{"month":"February","date":18,"day":"Tuesday","name":"Maharishi Dayanand Saraswati Jayanti","type":"Restricted"},{"month":"February","date":19,"day":"Wednesday","name":"Shivaji Jayanti","type":"Restricted"},{"month":"February","date":21,"day":"Friday","name":"Maha Shivaratri/Shivaratri","type":"Gazetted"},{"month":"March","date":9,"day":"Monday","name":"Holika Dahana","type":"Restricted"},{"month":"March","date":9,"day":"Monday","name":"Hazarat Ali's Birthday","type":"Restricted"},{"month":"March","date":10,"day":"Tuesday","name":"Holi","type":"Gazetted"},{"month":"March","date":20,"day":"Friday","name":"March Equinox","type":"Season"},{"month":"March","date":25,"day":"Wednesday","name":"Chaitra Sukhladi","type":"Restricted"},{"month":"April","date":2,"day":"Thursday","name":"Rama Navami","type":"Gazetted"},{"month":"April","date":6,"day":"Monday","name":"Mahavir Jayanti","type":"Gazetted"},{"month":"April","date":9,"day":"Thursday","name":"First day of Passover","type":"Observance"},{"month":"April","date":9,"day":"Thursday","name":"Maundy Thursday","type":"Observance,"},{"month":"April","date":10,"day":"Friday","name":"Good Friday","type":"Gazetted"},{"month":"April","date":12,"day":"Sunday","name":"Easter Day","type":"Restricted"},{"month":"April","date":13,"day":"Monday","name":"Vaisakhi","type":"Restricted"},{"month":"April","date":14,"day":"Tuesday","name":"Mesadi/Vaisakhadi","type":"Restricted"},{"month":"April","date":14,"day":"Tuesday","name":"Ambedkar Jayanti","type":"Central"},{"month":"May","date":1,"day":"Friday","name":"May Day","type":"Observance"},{"month":"May","date":7,"day":"Thursday","name":"Buddha Purnima/Vesak","type":"Gazetted"},{"month":"May","date":7,"day":"Thursday","name":"Birthday of Ravindranath","type":"Restricted"},{"month":"May","date":10,"day":"Sunday","name":"Mother's Day","type":"Observance"},{"month":"May","date":22,"day":"Friday","name":"Jamat Ul-Vida","type":"Restricted"},{"month":"May","date":25,"day":"Monday","name":"Ramzan Id/Eid-ul-Fitar","type":"Gazetted"},{"month":"May","date":25,"day":"Monday","name":"Ramzan Id/Eid-ul-Fitar","type":"Muslim,"},{"month":"June","date":21,"day":"Sunday","name":"June Solstice","type":"Season"},{"month":"June","date":21,"day":"Sunday","name":"Father's Day","type":"Observance"},{"month":"June","date":23,"day":"Tuesday","name":"Rath Yatra","type":"Restricted"},{"month":"July","date":5,"day":"Sunday","name":"Guru Purnima","type":"Observance"},{"month":"July","date":31,"day":"Friday","name":"Bakr Id/Eid ul-Adha","type":"Gazetted"},{"month":"August","date":2,"day":"Sunday","name":"Friendship Day","type":"Observance"},{"month":"August","date":3,"day":"Monday","name":"Raksha Bandhan (Rakhi)","type":"Restricted"},{"month":"August","date":11,"day":"Tuesday","name":"Janmashtami (Smarta)","type":"Restricted"},{"month":"August","date":12,"day":"Wednesday","name":"Janmashtami","type":"Gazetted"},{"month":"August","date":15,"day":"Saturday","name":"Independence Day","type":"Gazetted"},{"month":"August","date":16,"day":"Sunday","name":"Parsi New Year","type":"Restricted"},{"month":"August","date":22,"day":"Saturday","name":"Ganesh Chaturthi/Vin
08-05 21:00:59.745  4787  4787 V Response: [{"month":"January","date":1,"day":"Wednesday","name":"New Year's Day","type":"Restricted"},{"month":"January","date":2,"day":"Thursday","name":"Guru Govind Singh Jayanti","type":"Restricted"},{"month":"January","date":14,"day":"Tuesday","name":"Lohri","type":"Restricted"},{"month":"January","date":15,"day":"Wednesday","name":"Pongal","type":"Restricted"},{"month":"January","date":15,"day":"Wednesday","name":"Makar Sankranti","type":"Restricted"},{"month":"January","date":25,"day":"Saturday","name":"Chinese New Year","type":"Observance"},{"month":"January","date":26,"day":"Sunday","name":"Republic Day","type":"Gazetted"},{"month":"January","date":30,"day":"Thursday","name":"Vasant Panchami","type":"Restricted"},{"month":"February","date":9,"day":"Sunday","name":"Guru Ravidas Jayanti","type":"Restricted"},{"month":"February","date":14,"day":"Friday","name":"Valentine's Day","type":"Observance"},{"month":"February","date":18,"day":"Tuesday","name":"Maharishi Dayanand Saraswati Jayanti","type":"Restricted"},{"month":"February","date":19,"day":"Wednesday","name":"Shivaji Jayanti","type":"Restricted"},{"month":"February","date":21,"day":"Friday","name":"Maha Shivaratri/Shivaratri","type":"Gazetted"},{"month":"March","date":9,"day":"Monday","name":"Holika Dahana","type":"Restricted"},{"month":"March","date":9,"day":"Monday","name":"Hazarat Ali's Birthday","type":"Restricted"},{"month":"March","date":10,"day":"Tuesday","name":"Holi","type":"Gazetted"},{"month":"March","date":20,"day":"Friday","name":"March Equinox","type":"Season"},{"month":"March","date":25,"day":"Wednesday","name":"Chaitra Sukhladi","type":"Restricted"},{"month":"April","date":2,"day":"Thursday","name":"Rama Navami","type":"Gazetted"},{"month":"April","date":6,"day":"Monday","name":"Mahavir Jayanti","type":"Gazetted"},{"month":"April","date":9,"day":"Thursday","name":"First day of Passover","type":"Observance"},{"month":"April","date":9,"day":"Thursday","name":"Maundy Thursday","type":"Observance,"},{"month":"April","date":10,"day":"Friday","name":"Good Friday","type":"Gazetted"},{"month":"April","date":12,"day":"Sunday","name":"Easter Day","type":"Restricted"},{"month":"April","date":13,"day":"Monday","name":"Vaisakhi","type":"Restricted"},{"month":"April","date":14,"day":"Tuesday","name":"Mesadi/Vaisakhadi","type":"Restricted"},{"month":"April","date":14,"day":"Tuesday","name":"Ambedkar Jayanti","type":"Central"},{"month":"May","date":1,"day":"Friday","name":"May Day","type":"Observance"},{"month":"May","date":7,"day":"Thursday","name":"Buddha Purnima/Vesak","type":"Gazetted"},{"month":"May","date":7,"day":"Thursday","name":"Birthday of Ravindranath","type":"Restricted"},{"month":"May","date":10,"day":"Sunday","name":"Mother's Day","type":"Observance"},{"month":"May","date":22,"day":"Friday","name":"Jamat Ul-Vida","type":"Restricted"},{"month":"May","date":25,"day":"Monday","name":"Ramzan Id/Eid-ul-Fitar","type":"Gazetted"},{"month":"May","date":25,"day":"Monday","name":"Ramzan Id/Eid-ul-Fitar","type":"Muslim,"},{"month":"June","date":21,"day":"Sunday","name":"June Solstice","type":"Season"},{"month":"June","date":21,"day":"Sunday","name":"Father's Day","type":"Observance"},{"month":"June","date":23,"day":"Tuesday","name":"Rath Yatra","type":"Restricted"},{"month":"July","date":5,"day":"Sunday","name":"Guru Purnima","type":"Observance"},{"month":"July","date":31,"day":"Friday","name":"Bakr Id/Eid ul-Adha","type":"Gazetted"},{"month":"August","date":2,"day":"Sunday","name":"Friendship Day","type":"Observance"},{"month":"August","date":3,"day":"Monday","name":"Raksha Bandhan (Rakhi)","type":"Restricted"},{"month":"August","date":11,"day":"Tuesday","name":"Janmashtami (Smarta)","type":"Restricted"},{"month":"August","date":12,"day":"Wednesday","name":"Janmashtami","type":"Gazetted"},{"month":"August","date":15,"day":"Saturday","name":"Independence Day","type":"Gazetted"},{"month":"August","date":16,"day":"Sunday","name":"Parsi New Year","type":"Restricted"},{"month":"August","date":22,"day":"Saturday","name":"Ganesh Chaturthi/Vin
08-05 21:00:59.798  4787  4800 I art     : Explicit concurrent mark sweep GC freed 7732(280KB) AllocSpace objects, 0(0B) LOS objects, 7% free, 189MB/205MB, paused 2.478ms total 63.780ms
08-05 21:00:59.821  4787  4800 I art     : Starting a blocking GC Explicit
08-05 21:00:59.895  4787  4800 I art     : Explicit concurrent mark sweep GC freed 1743(62KB) AllocSpace objects, 0(0B) LOS objects, 7% free, 189MB/205MB, paused 2.079ms total 73.095ms
08-05 21:00:59.921  4787  4800 I art     : Starting a blocking GC Explicit
08-05 21:01:00.000  4787  4800 I art     : Explicit concurrent mark sweep GC freed 282(8KB) AllocSpace objects, 1(4MB) LOS objects, 7% free, 185MB/201MB, paused 2.021ms total 77.872ms
08-05 21:01:00.455  4787  5061 I art     : Starting a blocking GC Explicit
08-05 21:01:00.533  4787  5061 I art     : Explicit concurrent mark sweep GC freed 2391(107KB) AllocSpace objects, 2(48KB) LOS objects, 7% free, 185MB/201MB, paused 2.120ms total 78.016ms
08-05 21:01:00.561  4787  5061 I art     : Starting a blocking GC Explicit
08-05 21:01:00.639  4787  5061 I art     : Explicit concurrent mark sweep GC freed 174(3KB) AllocSpace objects, 0(0B) LOS objects, 7% free, 185MB/201MB, paused 2.215ms total 77.739ms
08-05 21:01:00.666  4787  5061 I art     : Starting a blocking GC Explicit
08-05 21:01:00.744  4787  5061 I art     : Explicit concurrent mark sweep GC freed 171(2896B) AllocSpace objects, 0(0B) LOS objects, 7% free, 185MB/201MB, paused 2.240ms total 77.601ms
08-05 21:01:00.772  4787  5061 I art     : Starting a blocking GC Explicit
08-05 21:01:00.851  4787  5061 I art     : Explicit concurrent mark sweep GC freed 184(3KB) AllocSpace objects, 0(0B) LOS objects, 7% free, 185MB/201MB, paused 2.290ms total 78.433ms
08-05 21:01:00.879  4787  5061 I art     : Starting a blocking GC Explicit
08-05 21:01:00.955  4787  5061 I art     : Explicit concurrent mark sweep GC freed 147(2496B) AllocSpace objects, 0(0B) LOS objects, 7% free, 185MB/201MB, paused 2.101ms total 76.102ms
08-05 21:01:01.425  4787  4801 I art     : Starting a blocking GC Explicit
08-05 21:01:01.504  4787  4801 I art     : Explicit concurrent mark sweep GC freed 2426(108KB) AllocSpace objects, 2(48KB) LOS objects, 7% free, 185MB/201MB, paused 2.140ms total 78.735ms
08-05 21:01:01.534  4787  4801 I art     : Starting a blocking GC Explicit
08-05 21:01:01.610  4787  4801 I art     : Explicit concurrent mark sweep GC freed 209(4KB) AllocSpace objects, 0(0B) LOS objects, 7% free, 185MB/201MB, paused 2.288ms total 75.881ms
08-05 21:01:01.637  4787  4801 I art     : Starting a blocking GC Explicit
08-05 21:01:01.715  4787  4801 I art     : Explicit concurrent mark sweep GC freed 156(3KB) AllocSpace objects, 0(0B) LOS objects, 7% free, 185MB/201MB, paused 2.039ms total 77.887ms
08-05 21:01:01.743  4787  4801 I art     : Starting a blocking GC Explicit
08-05 21:01:01.821  4787  4801 I art     : Explicit concurrent mark sweep GC freed 197(4KB) AllocSpace objects, 0(0B) LOS objects, 7% free, 185MB/201MB, paused 2.072ms total 77.638ms
08-05 21:01:01.848  4787  4801 I art     : Starting a blocking GC Explicit
08-05 21:01:01.927  4787  4801 I art     : Explicit concurrent mark sweep GC freed 175(3KB) AllocSpace objects, 0(0B) LOS objects, 7% free, 185MB/201MB, paused 2.381ms total 77.986ms
08-05 21:01:02.395  4787  4806 I art     : Starting a blocking GC Explicit
08-05 21:01:02.473  4787  4806 I art     : Explicit concurrent mark sweep GC freed 2398(107KB) AllocSpace objects, 2(48KB) LOS objects, 7% free, 185MB/201MB, paused 2.088ms total 77.588ms
08-05 21:01:02.501  4787  4806 I art     : Starting a blocking GC Explicit
08-05 21:01:02.578  4787  4806 I art     : Explicit concurrent mark sweep GC freed 198(3KB) AllocSpace objects, 0(0B) LOS objects, 7% free, 185MB/201MB, paused 2.180ms total 76.656ms
08-05 21:01:02.606  4787  4806 I art     : Starting a blocking GC Explicit
08-05 21:01:02.683  4787  4806 I art     : Explicit concurrent mark sweep GC freed 146(2464B) AllocSpace objects, 0(0B) LOS objects, 7% free, 185MB/201MB, paused 2.098ms total 77.266ms
08-05 21:01:02.710  4787  4806 I art     : Starting a blocking GC Explicit
08-05 21:01:02.788  4787  4806 I art     : Explicit concurrent mark sweep GC freed 148(2528B) AllocSpace objects, 0(0B) LOS objects, 7% free, 185MB/201MB, paused 2.325ms total 77.357ms
08-05 21:01:02.815  4787  4806 I art     : Starting a blocking GC Explicit
08-05 21:01:02.893  4787  4806 I art     : Explicit concurrent mark sweep GC freed 184(3KB) AllocSpace objects, 0(0B) LOS objects, 7% free, 185MB/201MB, paused 2.410ms total 77.630ms
08-05 21:01:02.894  4787  4799 I art     : WaitForGcToComplete blocked for 78.117ms for cause HeapTrim
08-05 21:01:03.379  4787  4800 I art     : Starting a blocking GC Explicit
08-05 21:01:03.454  4787  4800 I art     : Explicit concurrent mark sweep GC freed 2439(107KB) AllocSpace objects, 2(48KB) LOS objects, 7% free, 185MB/201MB, paused 2.117ms total 74.844ms
08-05 21:01:03.481  4787  4800 I art     : Starting a blocking GC Explicit
08-05 21:01:03.555  4787  4800 I art     : Explicit concurrent mark sweep GC freed 174(3KB) AllocSpace objects, 0(0B) LOS objects, 7% free, 185MB/201MB, paused 1.999ms total 72.727ms
08-05 21:01:03.581  4787  4800 I art     : Starting a blocking GC Explicit
08-05 21:01:03.657  4787  4800 I art     : Explicit concurrent mark sweep GC freed 147(2496B) AllocSpace objects, 0(0B) LOS objects, 7% free, 185MB/201MB, paused 1.985ms total 74.825ms
08-05 21:01:03.683  4787  4800 I art     : Starting a blocking GC Explicit
08-05 21:01:03.757  4787  4800 I art     : Explicit concurrent mark sweep GC freed 147(2496B) AllocSpace objects, 0(0B) LOS objects, 7% free, 185MB/201MB, paused 2.029ms total 73.570ms
08-05 21:01:03.783  4787  4800 I art     : Starting a blocking GC Explicit
08-05 21:01:03.803  7446  7446 D AndroidRuntime: >>>>>> START com.android.internal.os.RuntimeInit uid 2000 <<<<<<
08-05 21:01:03.809  7446  7446 D AndroidRuntime: CheckJNI is OFF
08-05 21:01:03.856  4787  4800 I art     : Explicit concurrent mark sweep GC freed 184(3KB) AllocSpace objects, 0(0B) LOS objects, 7% free, 185MB/201MB, paused 2.081ms total 72.332ms
08-05 21:01:03.860  7446  7446 D ICU     : No timezone override file found: /data/misc/zoneinfo/current/icu/icu_tzdata.dat
08-05 21:01:03.873   518   646 I ThermalEngine: ACTION: GPU - Setting GPU[0] to 450000000
08-05 21:01:03.904  7446  7446 I Radio-JNI: register_android_hardware_Radio DONE
08-05 21:01:03.932  7446  7446 D AndroidRuntime: Calling main entry com.android.commands.input.Input
08-05 21:01:03.933  7446  7446 I Input   : injectKeyEvent: KeyEvent { action=ACTION_DOWN, keyCode=KEYCODE_BACK, scanCode=0, metaState=0, flags=0x0, repeatCount=0, eventTime=824480346, downTime=824480346, deviceId=-1, source=0x101 }
08-05 21:01:03.938  7446  7446 I Input   : injectKeyEvent: KeyEvent { action=ACTION_UP, keyCode=KEYCODE_BACK, scanCode=0, metaState=0, flags=0x0, repeatCount=0, eventTime=824480346, downTime=824480346, deviceId=-1, source=0x101 }
08-05 21:01:03.947  7446  7446 D AndroidRuntime: Shutting down VM
08-05 21:01:03.958  4787  4787 V MainActivity: url = https://project-travel-mate.herokuapp.com/api/number-of-unread-notifications
08-05 21:01:03.987 13866 13866 I GoogleInputMethodServic: GoogleInputMethodService.onFinishInput():3138 
08-05 21:01:03.988 13866 13866 I GoogleInputMethodServic: GoogleInputMethodService.onStartInput():1808 
08-05 21:01:04.065 13866 13882 I PeriodicStatsRunner: PeriodicStatsRunner.call():175 call()
08-05 21:01:04.066 13866 13882 I PeriodicStatsRunner: PeriodicStatsRunner.call():179 No submit PeriodicStats since input started.
08-05 21:01:04.248  4787  4801 I art     : Starting a blocking GC Explicit
08-05 21:01:04.318  4787  4801 I art     : Explicit concurrent mark sweep GC freed 2716(127KB) AllocSpace objects, 2(48KB) LOS objects, 7% free, 185MB/201MB, paused 1.416ms total 70.149ms
08-05 21:01:04.324   380   380 W SurfaceFlinger: couldn't log to binary event log: overflow.
08-05 21:01:04.339  4787  4801 I art     : Starting a blocking GC Explicit
08-05 21:01:04.398  4787  4801 I art     : Explicit concurrent mark sweep GC freed 129(4KB) AllocSpace objects, 1(188KB) LOS objects, 7% free, 185MB/201MB, paused 1.574ms total 58.743ms
08-05 21:01:04.418  4787  4801 I art     : Starting a blocking GC Explicit
08-05 21:01:04.481  4787  4801 I art     : Explicit concurrent mark sweep GC freed 1034(49KB) AllocSpace objects, 0(0B) LOS objects, 7% free, 185MB/201MB, paused 1.485ms total 62.557ms
08-05 21:01:04.501  4787  4801 I art     : Starting a blocking GC Explicit
08-05 21:01:04.563  4787  4801 I art     : Explicit concurrent mark sweep GC freed 5621(312KB) AllocSpace objects, 13(264KB) LOS objects, 7% free, 184MB/200MB, paused 1.470ms total 61.721ms
08-05 21:01:04.582  4787  4801 I art     : Starting a blocking GC Explicit
08-05 21:01:04.644  4787  4801 I art     : Explicit concurrent mark sweep GC freed 887(65KB) AllocSpace objects, 2(120KB) LOS objects, 7% free, 185MB/201MB, paused 1.881ms total 60.986ms
08-05 21:01:04.704  4787  7459 I NAPPA_EXPERIMENTATION: MetricNetworkRequestExecutionTime: REQUEST_DURATION_SYSTEM='745',REQUEST_DURATION_OKHTTP='38',REQUEST_SYNCHRONOUS='FALSE',RESPONSE_CODE='200',RESPONSE_METHOD='GET',RESPONSE_LENGTH_OKHTTP='36',RESPONSE_LENGTH_HEADER='36',REQUEST_PROTOCOL='http/1.1',REQUEST_URL='https://project-travel-mate.herokuapp.com/api/number-of-unread-notifications',
08-05 21:01:05.060  4787  4806 I art     : Starting a blocking GC Explicit
08-05 21:01:05.136  4787  4806 I art     : Explicit concurrent mark sweep GC freed 4124(243KB) AllocSpace objects, 3(128KB) LOS objects, 7% free, 184MB/200MB, paused 1.540ms total 75.484ms
08-05 21:01:05.160  4787  4806 I art     : Starting a blocking GC Explicit
08-05 21:01:05.217  4787  4806 I art     : Explicit concurrent mark sweep GC freed 462(53KB) AllocSpace objects, 0(0B) LOS objects, 7% free, 184MB/200MB, paused 1.465ms total 57.011ms
08-05 21:01:05.236  4787  4806 I art     : Starting a blocking GC Explicit
08-05 21:01:05.294  4787  4806 I art     : Explicit concurrent mark sweep GC freed 3(96B) AllocSpace objects, 0(0B) LOS objects, 7% free, 184MB/200MB, paused 1.375ms total 57.367ms
08-05 21:01:05.314  4787  4806 I art     : Starting a blocking GC Explicit
08-05 21:01:05.372  4787  4806 I art     : Explicit concurrent mark sweep GC freed 3(96B) AllocSpace objects, 0(0B) LOS objects, 7% free, 184MB/200MB, paused 1.395ms total 57.978ms
08-05 21:01:05.392  4787  4806 I art     : Starting a blocking GC Explicit
08-05 21:01:05.450  4787  4806 I art     : Explicit concurrent mark sweep GC freed 3(96B) AllocSpace objects, 0(0B) LOS objects, 7% free, 184MB/200MB, paused 1.454ms total 58.223ms
08-05 21:01:05.725  7483  7483 D AndroidRuntime: >>>>>> START com.android.internal.os.RuntimeInit uid 2000 <<<<<<
08-05 21:01:05.730  7483  7483 D AndroidRuntime: CheckJNI is OFF
08-05 21:01:05.768  7483  7483 D ICU     : No timezone override file found: /data/misc/zoneinfo/current/icu/icu_tzdata.dat
08-05 21:01:05.807  7483  7483 I Radio-JNI: register_android_hardware_Radio DONE
08-05 21:01:05.834  7483  7483 D AndroidRuntime: Calling main entry com.android.commands.input.Input
08-05 21:01:05.836  7483  7483 I Input   : injectMotionEvent: MotionEvent { action=ACTION_DOWN, actionButton=0, id[0]=0, x[0]=657.0, y[0]=2080.0, toolType[0]=TOOL_TYPE_UNKNOWN, buttonState=0, metaState=0, flags=0x0, edgeFlags=0x0, pointerCount=1, historySize=0, eventTime=824482249, downTime=824482249, deviceId=0, source=0x1002 }
08-05 21:01:05.865  7483  7483 I Input   : injectMotionEvent: MotionEvent { action=ACTION_UP, actionButton=0, id[0]=0, x[0]=657.0, y[0]=2080.0, toolType[0]=TOOL_TYPE_UNKNOWN, buttonState=0, metaState=0, flags=0x0, edgeFlags=0x0, pointerCount=1, historySize=0, eventTime=824482249, downTime=824482249, deviceId=0, source=0x1002 }
08-05 21:01:05.876  4787  4806 I art     : Starting a blocking GC Explicit
08-05 21:01:05.903  7483  7483 D AndroidRuntime: Shutting down VM
08-05 21:01:05.903   918  3359 I ActivityManager: START u0 {cmp=baseline.io.github.project_travel_mate/.utilities.UpcomingWeekendsActivity} from uid 10674 on display 0
08-05 21:01:05.905   512  2967 D audio_hw_primary: out_set_parameters: enter: usecase(1: low-latency-playback) kvpairs: routing=2
08-05 21:01:05.917   512  2967 D audio_hw_primary: select_devices: out_snd_device(2: speaker) in_snd_device(0: none)
08-05 21:01:05.918   512  2967 D msm8974_platform: platform_send_audio_calibration: sending audio calibration for snd_device(2) acdb_id(15)
08-05 21:01:05.918   512  2967 I soundtrigger: audio_extn_sound_trigger_update_device_status: device 0x2 of type 0 for Event 1
08-05 21:01:05.927   512  2967 D audio_hw_primary: enable_snd_device: snd_device(2: speaker)
08-05 21:01:05.930   512  2967 D audio_hw_primary: enable_audio_route: apply and update mixer path: low-latency-playback speaker
08-05 21:01:05.931  4787  4806 I art     : Explicit concurrent mark sweep GC freed 1767(101KB) AllocSpace objects, 2(48KB) LOS objects, 7% free, 185MB/201MB, paused 1.653ms total 54.169ms
08-05 21:01:05.938  4787  4853 D Gabe    : call	returning from cache
08-05 21:01:05.941  4787  4787 V EXECUTING: https://project-travel-mate.herokuapp.com/api/get-upcoming-holidays/2020
08-05 21:01:05.943  4787  4787 V EXECUTING: https://project-travel-mate.herokuapp.com/api/get-upcoming-holidays/2020
08-05 21:01:05.952  4787  4806 I art     : Starting a blocking GC Explicit
08-05 21:01:06.007  4787  4806 I art     : Explicit concurrent mark sweep GC freed 998(68KB) AllocSpace objects, 0(0B) LOS objects, 7% free, 185MB/201MB, paused 1.593ms total 54.881ms
08-05 21:01:06.025  4787  4806 I art     : Starting a blocking GC Explicit
08-05 21:01:06.039 13866 13866 I GoogleInputMethodServic: GoogleInputMethodService.onFinishInput():3138 
08-05 21:01:06.040 13866 13866 I GoogleInputMethodServic: GoogleInputMethodService.onStartInput():1808 
08-05 21:01:06.080  4787  4806 I art     : Explicit concurrent mark sweep GC freed 658(22KB) AllocSpace objects, 0(0B) LOS objects, 7% free, 189MB/205MB, paused 1.789ms total 55.271ms
08-05 21:01:06.099  4787  4806 I art     : Starting a blocking GC Explicit
08-05 21:01:06.137   918   936 I ActivityManager: Displayed baseline.io.github.project_travel_mate/.utilities.UpcomingWeekendsActivity: +227ms
08-05 21:01:06.152  4787  4806 I art     : Explicit concurrent mark sweep GC freed 229(12KB) AllocSpace objects, 0(0B) LOS objects, 7% free, 189MB/205MB, paused 1.668ms total 53.160ms
08-05 21:01:06.172  4787  4806 I art     : Starting a blocking GC Explicit
08-05 21:01:06.228  4787  4806 I art     : Explicit concurrent mark sweep GC freed 84(1744B) AllocSpace objects, 0(0B) LOS objects, 7% free, 189MB/205MB, paused 1.532ms total 56.086ms
08-05 21:01:06.401   380   380 W SurfaceFlinger: couldn't log to binary event log: overflow.
08-05 21:01:06.460   512  2967 D audio_hw_primary: disable_audio_route: reset and update mixer path: low-latency-playback speaker
08-05 21:01:06.461   512  2967 D audio_hw_primary: disable_snd_device: snd_device(2: speaker)
08-05 21:01:06.468   512  2967 I soundtrigger: audio_extn_sound_trigger_update_device_status: device 0x2 of type 0 for Event 0
08-05 21:01:06.634  4787  4801 I art     : Starting a blocking GC Explicit
08-05 21:01:06.668  4787  7510 I NAPPA_EXPERIMENTATION: MetricNetworkRequestExecutionTime: REQUEST_DURATION_SYSTEM='724',REQUEST_DURATION_OKHTTP='58',REQUEST_SYNCHRONOUS='FALSE',RESPONSE_CODE='200',RESPONSE_METHOD='GET',RESPONSE_LENGTH_OKHTTP='6426',RESPONSE_LENGTH_HEADER='6426',REQUEST_PROTOCOL='http/1.1',REQUEST_URL='https://project-travel-mate.herokuapp.com/api/get-upcoming-holidays/2020',
08-05 21:01:06.678  4787  7509 I NAPPA_EXPERIMENTATION: MetricNetworkRequestExecutionTime: REQUEST_DURATION_SYSTEM='736',REQUEST_DURATION_OKHTTP='72',REQUEST_SYNCHRONOUS='FALSE',RESPONSE_CODE='200',RESPONSE_METHOD='GET',RESPONSE_LENGTH_OKHTTP='6426',RESPONSE_LENGTH_HEADER='6426',REQUEST_PROTOCOL='http/1.1',REQUEST_URL='https://project-travel-mate.herokuapp.com/api/get-upcoming-holidays/2020',
08-05 21:01:06.691  4787  4801 I art     : Explicit concurrent mark sweep GC freed 7671(392KB) AllocSpace objects, 11(496KB) LOS objects, 7% free, 190MB/206MB, paused 1.718ms total 56.476ms
08-05 21:01:06.710  4787  4801 I art     : Starting a blocking GC Explicit
08-05 21:01:06.763  4787  4801 I art     : Explicit concurrent mark sweep GC freed 2037(236KB) AllocSpace objects, 0(0B) LOS objects, 7% free, 189MB/205MB, paused 1.458ms total 53.200ms
08-05 21:01:06.765  4787  4787 V Response: [{"month":"January","date":1,"day":"Wednesday","name":"New Year's Day","type":"Restricted"},{"month":"January","date":2,"day":"Thursday","name":"Guru Govind Singh Jayanti","type":"Restricted"},{"month":"January","date":14,"day":"Tuesday","name":"Lohri","type":"Restricted"},{"month":"January","date":15,"day":"Wednesday","name":"Pongal","type":"Restricted"},{"month":"January","date":15,"day":"Wednesday","name":"Makar Sankranti","type":"Restricted"},{"month":"January","date":25,"day":"Saturday","name":"Chinese New Year","type":"Observance"},{"month":"January","date":26,"day":"Sunday","name":"Republic Day","type":"Gazetted"},{"month":"January","date":30,"day":"Thursday","name":"Vasant Panchami","type":"Restricted"},{"month":"February","date":9,"day":"Sunday","name":"Guru Ravidas Jayanti","type":"Restricted"},{"month":"February","date":14,"day":"Friday","name":"Valentine's Day","type":"Observance"},{"month":"February","date":18,"day":"Tuesday","name":"Maharishi Dayanand Saraswati Jayanti","type":"Restricted"},{"month":"February","date":19,"day":"Wednesday","name":"Shivaji Jayanti","type":"Restricted"},{"month":"February","date":21,"day":"Friday","name":"Maha Shivaratri/Shivaratri","type":"Gazetted"},{"month":"March","date":9,"day":"Monday","name":"Holika Dahana","type":"Restricted"},{"month":"March","date":9,"day":"Monday","name":"Hazarat Ali's Birthday","type":"Restricted"},{"month":"March","date":10,"day":"Tuesday","name":"Holi","type":"Gazetted"},{"month":"March","date":20,"day":"Friday","name":"March Equinox","type":"Season"},{"month":"March","date":25,"day":"Wednesday","name":"Chaitra Sukhladi","type":"Restricted"},{"month":"April","date":2,"day":"Thursday","name":"Rama Navami","type":"Gazetted"},{"month":"April","date":6,"day":"Monday","name":"Mahavir Jayanti","type":"Gazetted"},{"month":"April","date":9,"day":"Thursday","name":"First day of Passover","type":"Observance"},{"month":"April","date":9,"day":"Thursday","name":"Maundy Thursday","type":"Observance,"},{"month":"April","date":10,"day":"Friday","name":"Good Friday","type":"Gazetted"},{"month":"April","date":12,"day":"Sunday","name":"Easter Day","type":"Restricted"},{"month":"April","date":13,"day":"Monday","name":"Vaisakhi","type":"Restricted"},{"month":"April","date":14,"day":"Tuesday","name":"Mesadi/Vaisakhadi","type":"Restricted"},{"month":"April","date":14,"day":"Tuesday","name":"Ambedkar Jayanti","type":"Central"},{"month":"May","date":1,"day":"Friday","name":"May Day","type":"Observance"},{"month":"May","date":7,"day":"Thursday","name":"Buddha Purnima/Vesak","type":"Gazetted"},{"month":"May","date":7,"day":"Thursday","name":"Birthday of Ravindranath","type":"Restricted"},{"month":"May","date":10,"day":"Sunday","name":"Mother's Day","type":"Observance"},{"month":"May","date":22,"day":"Friday","name":"Jamat Ul-Vida","type":"Restricted"},{"month":"May","date":25,"day":"Monday","name":"Ramzan Id/Eid-ul-Fitar","type":"Gazetted"},{"month":"May","date":25,"day":"Monday","name":"Ramzan Id/Eid-ul-Fitar","type":"Muslim,"},{"month":"June","date":21,"day":"Sunday","name":"June Solstice","type":"Season"},{"month":"June","date":21,"day":"Sunday","name":"Father's Day","type":"Observance"},{"month":"June","date":23,"day":"Tuesday","name":"Rath Yatra","type":"Restricted"},{"month":"July","date":5,"day":"Sunday","name":"Guru Purnima","type":"Observance"},{"month":"July","date":31,"day":"Friday","name":"Bakr Id/Eid ul-Adha","type":"Gazetted"},{"month":"August","date":2,"day":"Sunday","name":"Friendship Day","type":"Observance"},{"month":"August","date":3,"day":"Monday","name":"Raksha Bandhan (Rakhi)","type":"Restricted"},{"month":"August","date":11,"day":"Tuesday","name":"Janmashtami (Smarta)","type":"Restricted"},{"month":"August","date":12,"day":"Wednesday","name":"Janmashtami","type":"Gazetted"},{"month":"August","date":15,"day":"Saturday","name":"Independence Day","type":"Gazetted"},{"month":"August","date":16,"day":"Sunday","name":"Parsi New Year","type":"Restricted"},{"month":"August","date":22,"day":"Saturday","name":"Ganesh Chaturthi/Vin
08-05 21:01:06.769  4787  4787 V Response: [{"month":"January","date":1,"day":"Wednesday","name":"New Year's Day","type":"Restricted"},{"month":"January","date":2,"day":"Thursday","name":"Guru Govind Singh Jayanti","type":"Restricted"},{"month":"January","date":14,"day":"Tuesday","name":"Lohri","type":"Restricted"},{"month":"January","date":15,"day":"Wednesday","name":"Pongal","type":"Restricted"},{"month":"January","date":15,"day":"Wednesday","name":"Makar Sankranti","type":"Restricted"},{"month":"January","date":25,"day":"Saturday","name":"Chinese New Year","type":"Observance"},{"month":"January","date":26,"day":"Sunday","name":"Republic Day","type":"Gazetted"},{"month":"January","date":30,"day":"Thursday","name":"Vasant Panchami","type":"Restricted"},{"month":"February","date":9,"day":"Sunday","name":"Guru Ravidas Jayanti","type":"Restricted"},{"month":"February","date":14,"day":"Friday","name":"Valentine's Day","type":"Observance"},{"month":"February","date":18,"day":"Tuesday","name":"Maharishi Dayanand Saraswati Jayanti","type":"Restricted"},{"month":"February","date":19,"day":"Wednesday","name":"Shivaji Jayanti","type":"Restricted"},{"month":"February","date":21,"day":"Friday","name":"Maha Shivaratri/Shivaratri","type":"Gazetted"},{"month":"March","date":9,"day":"Monday","name":"Holika Dahana","type":"Restricted"},{"month":"March","date":9,"day":"Monday","name":"Hazarat Ali's Birthday","type":"Restricted"},{"month":"March","date":10,"day":"Tuesday","name":"Holi","type":"Gazetted"},{"month":"March","date":20,"day":"Friday","name":"March Equinox","type":"Season"},{"month":"March","date":25,"day":"Wednesday","name":"Chaitra Sukhladi","type":"Restricted"},{"month":"April","date":2,"day":"Thursday","name":"Rama Navami","type":"Gazetted"},{"month":"April","date":6,"day":"Monday","name":"Mahavir Jayanti","type":"Gazetted"},{"month":"April","date":9,"day":"Thursday","name":"First day of Passover","type":"Observance"},{"month":"April","date":9,"day":"Thursday","name":"Maundy Thursday","type":"Observance,"},{"month":"April","date":10,"day":"Friday","name":"Good Friday","type":"Gazetted"},{"month":"April","date":12,"day":"Sunday","name":"Easter Day","type":"Restricted"},{"month":"April","date":13,"day":"Monday","name":"Vaisakhi","type":"Restricted"},{"month":"April","date":14,"day":"Tuesday","name":"Mesadi/Vaisakhadi","type":"Restricted"},{"month":"April","date":14,"day":"Tuesday","name":"Ambedkar Jayanti","type":"Central"},{"month":"May","date":1,"day":"Friday","name":"May Day","type":"Observance"},{"month":"May","date":7,"day":"Thursday","name":"Buddha Purnima/Vesak","type":"Gazetted"},{"month":"May","date":7,"day":"Thursday","name":"Birthday of Ravindranath","type":"Restricted"},{"month":"May","date":10,"day":"Sunday","name":"Mother's Day","type":"Observance"},{"month":"May","date":22,"day":"Friday","name":"Jamat Ul-Vida","type":"Restricted"},{"month":"May","date":25,"day":"Monday","name":"Ramzan Id/Eid-ul-Fitar","type":"Gazetted"},{"month":"May","date":25,"day":"Monday","name":"Ramzan Id/Eid-ul-Fitar","type":"Muslim,"},{"month":"June","date":21,"day":"Sunday","name":"June Solstice","type":"Season"},{"month":"June","date":21,"day":"Sunday","name":"Father's Day","type":"Observance"},{"month":"June","date":23,"day":"Tuesday","name":"Rath Yatra","type":"Restricted"},{"month":"July","date":5,"day":"Sunday","name":"Guru Purnima","type":"Observance"},{"month":"July","date":31,"day":"Friday","name":"Bakr Id/Eid ul-Adha","type":"Gazetted"},{"month":"August","date":2,"day":"Sunday","name":"Friendship Day","type":"Observance"},{"month":"August","date":3,"day":"Monday","name":"Raksha Bandhan (Rakhi)","type":"Restricted"},{"month":"August","date":11,"day":"Tuesday","name":"Janmashtami (Smarta)","type":"Restricted"},{"month":"August","date":12,"day":"Wednesday","name":"Janmashtami","type":"Gazetted"},{"month":"August","date":15,"day":"Saturday","name":"Independence Day","type":"Gazetted"},{"month":"August","date":16,"day":"Sunday","name":"Parsi New Year","type":"Restricted"},{"month":"August","date":22,"day":"Saturday","name":"Ganesh Chaturthi/Vin
08-05 21:01:06.782  4787  4801 I art     : Starting a blocking GC Explicit
08-05 21:01:06.838  4787  4801 I art     : Explicit concurrent mark sweep GC freed 9173(333KB) AllocSpace objects, 0(0B) LOS objects, 7% free, 190MB/206MB, paused 1.624ms total 56.008ms
08-05 21:01:06.858  4787  4801 I art     : Starting a blocking GC Explicit
08-05 21:01:06.920  4787  4801 I art     : Explicit concurrent mark sweep GC freed 442(14KB) AllocSpace objects, 1(4MB) LOS objects, 7% free, 185MB/201MB, paused 1.452ms total 61.788ms
08-05 21:01:06.940  4787  4801 I art     : Starting a blocking GC Explicit
08-05 21:01:07.005  4787  4801 I art     : Explicit concurrent mark sweep GC freed 127(2288B) AllocSpace objects, 0(0B) LOS objects, 7% free, 185MB/201MB, paused 1.487ms total 64.631ms
08-05 21:01:07.409  4787  4800 I art     : Starting a blocking GC Explicit
08-05 21:01:07.516  4787  4800 I art     : Explicit concurrent mark sweep GC freed 2360(107KB) AllocSpace objects, 2(48KB) LOS objects, 7% free, 185MB/201MB, paused 2.223ms total 105.435ms
08-05 21:01:07.538  4787  4800 I art     : Starting a blocking GC Explicit
08-05 21:01:07.601  4787  4800 I art     : Explicit concurrent mark sweep GC freed 179(3KB) AllocSpace objects, 0(0B) LOS objects, 7% free, 185MB/201MB, paused 1.547ms total 63.344ms
08-05 21:01:07.622  4787  4800 I art     : Starting a blocking GC Explicit
08-05 21:01:07.690  4787  4800 I art     : Explicit concurrent mark sweep GC freed 133(2720B) AllocSpace objects, 0(0B) LOS objects, 7% free, 185MB/201MB, paused 1.487ms total 67.486ms
08-05 21:01:07.710  4787  4800 I art     : Starting a blocking GC Explicit
08-05 21:01:07.781  4787  4800 I art     : Explicit concurrent mark sweep GC freed 156(3KB) AllocSpace objects, 0(0B) LOS objects, 7% free, 185MB/201MB, paused 1.703ms total 70.608ms
08-05 21:01:07.801  4787  4800 I art     : Starting a blocking GC Explicit
08-05 21:01:07.872  4787  4800 I art     : Explicit concurrent mark sweep GC freed 173(3KB) AllocSpace objects, 0(0B) LOS objects, 7% free, 185MB/201MB, paused 1.579ms total 69.809ms
08-05 21:01:07.892   518   646 I ThermalEngine: ACTION: GPU - Setting GPU[0] to 390000000
08-05 21:01:08.371  4787  4806 I art     : Starting a blocking GC Explicit
08-05 21:01:08.451  4787  4806 I art     : Explicit concurrent mark sweep GC freed 2463(108KB) AllocSpace objects, 2(48KB) LOS objects, 7% free, 185MB/201MB, paused 2.319ms total 79.543ms
08-05 21:01:08.479  4787  4806 I art     : Starting a blocking GC Explicit
08-05 21:01:08.558  4787  4806 I art     : Explicit concurrent mark sweep GC freed 174(3KB) AllocSpace objects, 0(0B) LOS objects, 7% free, 185MB/201MB, paused 2.401ms total 78.530ms
08-05 21:01:08.559  4787  4799 I art     : WaitForGcToComplete blocked for 79.020ms for cause HeapTrim
08-05 21:01:08.587  4787  4806 I art     : Starting a blocking GC Explicit
08-05 21:01:08.666  4787  4806 I art     : Explicit concurrent mark sweep GC freed 155(2624B) AllocSpace objects, 0(0B) LOS objects, 7% free, 185MB/201MB, paused 2.397ms total 79.125ms
08-05 21:01:08.695  4787  4806 I art     : Starting a blocking GC Explicit
08-05 21:01:08.774  4787  4806 I art     : Explicit concurrent mark sweep GC freed 162(2736B) AllocSpace objects, 0(0B) LOS objects, 7% free, 185MB/201MB, paused 2.196ms total 78.852ms
08-05 21:01:08.802  4787  4806 I art     : Starting a blocking GC Explicit
08-05 21:01:08.882  4787  4806 I art     : Explicit concurrent mark sweep GC freed 185(3KB) AllocSpace objects, 0(0B) LOS objects, 7% free, 185MB/201MB, paused 2.263ms total 79.513ms
08-05 21:01:08.988 13866 13882 I PeriodicStatsRunner: PeriodicStatsRunner.call():175 call()
08-05 21:01:08.988 13866 13882 I PeriodicStatsRunner: PeriodicStatsRunner.call():179 No submit PeriodicStats since input started.
08-05 21:01:09.361  4787  5061 I art     : Starting a blocking GC Explicit
08-05 21:01:09.441  4787  5061 I art     : Explicit concurrent mark sweep GC freed 2440(107KB) AllocSpace objects, 2(48KB) LOS objects, 7% free, 185MB/201MB, paused 2.256ms total 79.882ms
08-05 21:01:09.469  4787  5061 I art     : Starting a blocking GC Explicit
08-05 21:01:09.549  4787  5061 I art     : Explicit concurrent mark sweep GC freed 174(3KB) AllocSpace objects, 0(0B) LOS objects, 7% free, 185MB/201MB, paused 2.476ms total 79.629ms
08-05 21:01:09.577  4787  5061 I art     : Starting a blocking GC Explicit
08-05 21:01:09.658  4787  5061 I art     : Explicit concurrent mark sweep GC freed 171(2896B) AllocSpace objects, 0(0B) LOS objects, 7% free, 185MB/201MB, paused 2.307ms total 80.608ms
08-05 21:01:09.687  4787  5061 I art     : Starting a blocking GC Explicit
08-05 21:01:09.767  4787  5061 I art     : Explicit concurrent mark sweep GC freed 147(2496B) AllocSpace objects, 0(0B) LOS objects, 7% free, 185MB/201MB, paused 2.382ms total 79.636ms
08-05 21:01:09.795  4787  5061 I art     : Starting a blocking GC Explicit
08-05 21:01:09.875  4787  5061 I art     : Explicit concurrent mark sweep GC freed 208(3KB) AllocSpace objects, 0(0B) LOS objects, 7% free, 185MB/201MB, paused 2.147ms total 79.006ms
08-05 21:01:09.887   518   646 I ThermalEngine: ACTION: GPU - Setting GPU[0] to 450000000
08-05 21:01:10.322  4787  4801 I art     : Starting a blocking GC Explicit
08-05 21:01:10.391  4787  4801 I art     : Explicit concurrent mark sweep GC freed 2367(106KB) AllocSpace objects, 2(48KB) LOS objects, 7% free, 185MB/201MB, paused 1.584ms total 68.256ms
08-05 21:01:10.411  4787  4801 I art     : Starting a blocking GC Explicit
08-05 21:01:10.474  4787  4801 I art     : Explicit concurrent mark sweep GC freed 156(3KB) AllocSpace objects, 0(0B) LOS objects, 7% free, 185MB/201MB, paused 1.548ms total 62.600ms
08-05 21:01:10.494  4787  4801 I art     : Starting a blocking GC Explicit
08-05 21:01:10.507   918  3188 I hubconnection: sensorhub said: 'set_bias 3: -6.2400, 0.0000, 0.0000'
08-05 21:01:10.562  4787  4801 I art     : Explicit concurrent mark sweep GC freed 135(2672B) AllocSpace objects, 0(0B) LOS objects, 7% free, 185MB/201MB, paused 1.539ms total 66.997ms
08-05 21:01:10.582  4787  4801 I art     : Starting a blocking GC Explicit
08-05 21:01:10.649  4787  4801 I art     : Explicit concurrent mark sweep GC freed 126(2288B) AllocSpace objects, 0(0B) LOS objects, 7% free, 185MB/201MB, paused 1.534ms total 66.753ms
08-05 21:01:10.670  4787  4801 I art     : Starting a blocking GC Explicit
08-05 21:01:10.701  7562  7562 D AndroidRuntime: >>>>>> START com.android.internal.os.RuntimeInit uid 2000 <<<<<<
08-05 21:01:10.707  7562  7562 D AndroidRuntime: CheckJNI is OFF
08-05 21:01:10.734  4787  4801 I art     : Explicit concurrent mark sweep GC freed 124(2128B) AllocSpace objects, 0(0B) LOS objects, 7% free, 185MB/201MB, paused 1.561ms total 63.531ms
08-05 21:01:10.755  7562  7562 D ICU     : No timezone override file found: /data/misc/zoneinfo/current/icu/icu_tzdata.dat
08-05 21:01:10.800  7562  7562 I Radio-JNI: register_android_hardware_Radio DONE
08-05 21:01:10.830  7562  7562 D AndroidRuntime: Calling main entry com.android.commands.input.Input
08-05 21:01:10.831  7562  7562 I Input   : injectKeyEvent: KeyEvent { action=ACTION_DOWN, keyCode=KEYCODE_BACK, scanCode=0, metaState=0, flags=0x0, repeatCount=0, eventTime=824487244, downTime=824487244, deviceId=-1, source=0x101 }
08-05 21:01:10.838  7562  7562 I Input   : injectKeyEvent: KeyEvent { action=ACTION_UP, keyCode=KEYCODE_BACK, scanCode=0, metaState=0, flags=0x0, repeatCount=0, eventTime=824487244, downTime=824487244, deviceId=-1, source=0x101 }
08-05 21:01:10.845  7562  7562 D AndroidRuntime: Shutting down VM
08-05 21:01:10.865  4787  4787 V MainActivity: url = https://project-travel-mate.herokuapp.com/api/number-of-unread-notifications
08-05 21:01:10.903 13866 13866 I GoogleInputMethodServic: GoogleInputMethodService.onFinishInput():3138 
08-05 21:01:10.904 13866 13866 I GoogleInputMethodServic: GoogleInputMethodService.onStartInput():1808 
08-05 21:01:11.040 13866 13882 I PeriodicStatsRunner: PeriodicStatsRunner.call():175 call()
08-05 21:01:11.040 13866 13882 I PeriodicStatsRunner: PeriodicStatsRunner.call():179 No submit PeriodicStats since input started.
08-05 21:01:11.120  4787  5061 I art     : Starting a blocking GC Explicit
08-05 21:01:11.175  4787  5061 I art     : Explicit concurrent mark sweep GC freed 2743(129KB) AllocSpace objects, 2(48KB) LOS objects, 7% free, 185MB/201MB, paused 1.332ms total 54.947ms
08-05 21:01:11.194  4787  5061 I art     : Starting a blocking GC Explicit
08-05 21:01:11.201   918  3261 D WifiStateMachine: starting scan for "H369AA63323"WPA_PSK with 2412,5180
08-05 21:01:11.231   380   380 W SurfaceFlinger: couldn't log to binary event log: overflow.
08-05 21:01:11.251  4787  5061 I art     : Explicit concurrent mark sweep GC freed 212(6KB) AllocSpace objects, 0(0B) LOS objects, 7% free, 185MB/201MB, paused 1.501ms total 56.538ms
08-05 21:01:11.271  4787  5061 I art     : Starting a blocking GC Explicit
08-05 21:01:11.332  4787  5061 I art     : Explicit concurrent mark sweep GC freed 8(272B) AllocSpace objects, 1(188KB) LOS objects, 7% free, 185MB/201MB, paused 1.454ms total 60.656ms
08-05 21:01:11.352  4787  5061 I art     : Starting a blocking GC Explicit
08-05 21:01:11.413  4787  5061 I art     : Explicit concurrent mark sweep GC freed 972(46KB) AllocSpace objects, 0(0B) LOS objects, 7% free, 185MB/201MB, paused 1.490ms total 60.920ms
08-05 21:01:11.433  4787  5061 I art     : Starting a blocking GC Explicit
08-05 21:01:11.497  4787  5061 I art     : Explicit concurrent mark sweep GC freed 5658(314KB) AllocSpace objects, 13(264KB) LOS objects, 7% free, 185MB/201MB, paused 1.589ms total 63.429ms
08-05 21:01:11.770  4787  7577 I NAPPA_EXPERIMENTATION: MetricNetworkRequestExecutionTime: REQUEST_DURATION_SYSTEM='903',REQUEST_DURATION_OKHTTP='36',REQUEST_SYNCHRONOUS='FALSE',RESPONSE_CODE='200',RESPONSE_METHOD='GET',RESPONSE_LENGTH_OKHTTP='36',RESPONSE_LENGTH_HEADER='36',REQUEST_PROTOCOL='http/1.1',REQUEST_URL='https://project-travel-mate.herokuapp.com/api/number-of-unread-notifications',
08-05 21:01:11.913  4787  4800 I art     : Starting a blocking GC Explicit
08-05 21:01:11.993  4787  4800 I art     : Explicit concurrent mark sweep GC freed 4460(243KB) AllocSpace objects, 5(248KB) LOS objects, 7% free, 185MB/201MB, paused 1.576ms total 78.978ms
08-05 21:01:12.017  4787  4800 I art     : Starting a blocking GC Explicit
08-05 21:01:12.078  4787  4800 I art     : Explicit concurrent mark sweep GC freed 964(117KB) AllocSpace objects, 0(0B) LOS objects, 7% free, 185MB/201MB, paused 1.423ms total 60.757ms
08-05 21:01:12.098  4787  4800 I art     : Starting a blocking GC Explicit
08-05 21:01:12.157  4787  4800 I art     : Explicit concurrent mark sweep GC freed 3(96B) AllocSpace objects, 0(0B) LOS objects, 7% free, 185MB/201MB, paused 1.607ms total 58.821ms
08-05 21:01:12.177  4787  4800 I art     : Starting a blocking GC Explicit
08-05 21:01:12.186 32448 32448 I Atfwd_Sendcmd: AtCmdFwd service not ready - Exhausted retry attempts - :6
08-05 21:01:12.186 32448 32448 I Atfwd_Daemon: result : -1 	 ,Init step :2 	 ,qmiErrorCode: 0
08-05 21:01:12.236  4787  4800 I art     : Explicit concurrent mark sweep GC freed 3(96B) AllocSpace objects, 0(0B) LOS objects, 7% free, 185MB/201MB, paused 1.376ms total 58.849ms
08-05 21:01:12.256  4787  4800 I art     : Starting a blocking GC Explicit
08-05 21:01:12.315  4787  4800 I art     : Explicit concurrent mark sweep GC freed 3(96B) AllocSpace objects, 0(0B) LOS objects, 7% free, 185MB/201MB, paused 1.511ms total 58.556ms
08-05 21:01:12.620  7600  7600 D AndroidRuntime: >>>>>> START com.android.internal.os.RuntimeInit uid 2000 <<<<<<
08-05 21:01:12.625  7600  7600 D AndroidRuntime: CheckJNI is OFF
08-05 21:01:12.664  7600  7600 D ICU     : No timezone override file found: /data/misc/zoneinfo/current/icu/icu_tzdata.dat
08-05 21:01:12.703  7600  7600 I Radio-JNI: register_android_hardware_Radio DONE
08-05 21:01:12.730  7600  7600 D AndroidRuntime: Calling main entry com.android.commands.input.Input
08-05 21:01:12.732  7600  7600 I Input   : injectMotionEvent: MotionEvent { action=ACTION_DOWN, actionButton=0, id[0]=0, x[0]=117.0, y[0]=170.0, toolType[0]=TOOL_TYPE_UNKNOWN, buttonState=0, metaState=0, flags=0x0, edgeFlags=0x0, pointerCount=1, historySize=0, eventTime=824489144, downTime=824489144, deviceId=0, source=0x1002 }
08-05 21:01:12.737  4787  4806 I art     : Starting a blocking GC Explicit
08-05 21:01:12.771  7600  7600 I Input   : injectMotionEvent: MotionEvent { action=ACTION_UP, actionButton=0, id[0]=0, x[0]=117.0, y[0]=170.0, toolType[0]=TOOL_TYPE_UNKNOWN, buttonState=0, metaState=0, flags=0x0, edgeFlags=0x0, pointerCount=1, historySize=0, eventTime=824489144, downTime=824489144, deviceId=0, source=0x1002 }
08-05 21:01:12.792  4787  4806 I art     : Explicit concurrent mark sweep GC freed 1669(95KB) AllocSpace objects, 2(48KB) LOS objects, 7% free, 185MB/201MB, paused 1.483ms total 55.100ms
08-05 21:01:12.811  7600  7600 D AndroidRuntime: Shutting down VM
08-05 21:01:12.814  4787  4806 I art     : Starting a blocking GC Explicit
08-05 21:01:12.821   512  2967 D audio_hw_primary: out_set_parameters: enter: usecase(1: low-latency-playback) kvpairs: routing=2
08-05 21:01:12.834   512  2967 D audio_hw_primary: select_devices: out_snd_device(2: speaker) in_snd_device(0: none)
08-05 21:01:12.834   512  2967 D msm8974_platform: platform_send_audio_calibration: sending audio calibration for snd_device(2) acdb_id(15)
08-05 21:01:12.834   512  2967 I soundtrigger: audio_extn_sound_trigger_update_device_status: device 0x2 of type 0 for Event 1
08-05 21:01:12.844   512  2967 D audio_hw_primary: enable_snd_device: snd_device(2: speaker)
08-05 21:01:12.846   512  2967 D audio_hw_primary: enable_audio_route: apply and update mixer path: low-latency-playback speaker
08-05 21:01:12.866  4787  4806 I art     : Explicit concurrent mark sweep GC freed 55(1904B) AllocSpace objects, 0(0B) LOS objects, 7% free, 185MB/201MB, paused 1.566ms total 51.585ms
08-05 21:01:12.885  4787  4806 I art     : Starting a blocking GC Explicit
08-05 21:01:12.940  4787  4806 I art     : Explicit concurrent mark sweep GC freed 300(16KB) AllocSpace objects, 0(0B) LOS objects, 7% free, 185MB/201MB, paused 1.562ms total 54.853ms
08-05 21:01:12.961  4787  4806 I art     : Starting a blocking GC Explicit
08-05 21:01:13.015  4787  4806 I art     : Explicit concurrent mark sweep GC freed 115(4KB) AllocSpace objects, 0(0B) LOS objects, 7% free, 185MB/201MB, paused 1.442ms total 54.100ms
08-05 21:01:13.035  4787  4806 I art     : Starting a blocking GC Explicit
08-05 21:01:13.089  4787  4806 I art     : Explicit concurrent mark sweep GC freed 3(96B) AllocSpace objects, 0(0B) LOS objects, 7% free, 185MB/201MB, paused 1.409ms total 53.706ms
08-05 21:01:13.388   512  2967 D audio_hw_primary: disable_audio_route: reset and update mixer path: low-latency-playback speaker
08-05 21:01:13.389   512  2967 D audio_hw_primary: disable_snd_device: snd_device(2: speaker)
08-05 21:01:13.397   512  2967 I soundtrigger: audio_extn_sound_trigger_update_device_status: device 0x2 of type 0 for Event 0
08-05 21:01:13.481  4787  5061 I art     : Starting a blocking GC Explicit
08-05 21:01:13.542  4787  5061 I art     : Explicit concurrent mark sweep GC freed 1638(95KB) AllocSpace objects, 2(48KB) LOS objects, 7% free, 185MB/201MB, paused 1.432ms total 60.142ms
08-05 21:01:13.558  7624  7624 D AndroidRuntime: >>>>>> START com.android.internal.os.RuntimeInit uid 2000 <<<<<<
08-05 21:01:13.562  4787  5061 I art     : Starting a blocking GC Explicit
08-05 21:01:13.564  7624  7624 D AndroidRuntime: CheckJNI is OFF
08-05 21:01:13.605  7624  7624 D ICU     : No timezone override file found: /data/misc/zoneinfo/current/icu/icu_tzdata.dat
08-05 21:01:13.617  4787  5061 I art     : Explicit concurrent mark sweep GC freed 50(1968B) AllocSpace objects, 0(0B) LOS objects, 7% free, 185MB/201MB, paused 1.494ms total 55.066ms
08-05 21:01:13.637  4787  5061 I art     : Starting a blocking GC Explicit
08-05 21:01:13.648  7624  7624 I Radio-JNI: register_android_hardware_Radio DONE
08-05 21:01:13.678  7624  7624 D AndroidRuntime: Calling main entry com.android.commands.input.Input
08-05 21:01:13.680  7624  7624 I Input   : injectMotionEvent: MotionEvent { action=ACTION_DOWN, actionButton=0, id[0]=0, x[0]=405.0, y[0]=661.0, toolType[0]=TOOL_TYPE_UNKNOWN, buttonState=0, metaState=0, flags=0x0, edgeFlags=0x0, pointerCount=1, historySize=0, eventTime=824490092, downTime=824490092, deviceId=0, source=0x1002 }
08-05 21:01:13.684  7624  7624 I Input   : injectMotionEvent: MotionEvent { action=ACTION_UP, actionButton=0, id[0]=0, x[0]=405.0, y[0]=661.0, toolType[0]=TOOL_TYPE_UNKNOWN, buttonState=0, metaState=0, flags=0x0, edgeFlags=0x0, pointerCount=1, historySize=0, eventTime=824490092, downTime=824490092, deviceId=0, source=0x1002 }
08-05 21:01:13.686  7624  7624 D AndroidRuntime: Shutting down VM
08-05 21:01:13.694  4787  5061 I art     : Explicit concurrent mark sweep GC freed 10(288B) AllocSpace objects, 0(0B) LOS objects, 7% free, 185MB/201MB, paused 1.526ms total 57.064ms
08-05 21:01:13.694  4787  4799 I art     : WaitForGcToComplete blocked for 27.755ms for cause HeapTrim
08-05 21:01:13.709   512  2967 D audio_hw_primary: out_set_parameters: enter: usecase(1: low-latency-playback) kvpairs: routing=2
08-05 21:01:13.715  4787  5061 I art     : Starting a blocking GC Explicit
08-05 21:01:13.723   512  2967 D audio_hw_primary: select_devices: out_snd_device(2: speaker) in_snd_device(0: none)
08-05 21:01:13.723   512  2967 D msm8974_platform: platform_send_audio_calibration: sending audio calibration for snd_device(2) acdb_id(15)
08-05 21:01:13.723   512  2967 I soundtrigger: audio_extn_sound_trigger_update_device_status: device 0x2 of type 0 for Event 1
08-05 21:01:13.733   512  2967 D audio_hw_primary: enable_snd_device: snd_device(2: speaker)
08-05 21:01:13.735   512  2967 D audio_hw_primary: enable_audio_route: apply and update mixer path: low-latency-playback speaker
08-05 21:01:13.774  4787  5061 I art     : Explicit concurrent mark sweep GC freed 1879(66KB) AllocSpace objects, 0(0B) LOS objects, 7% free, 185MB/201MB, paused 1.626ms total 59.005ms
08-05 21:01:13.782   512  2967 D AudioFlinger: mixer(0xf4740000) throttle end: throttle time(12)
08-05 21:01:13.795  4787  5061 I art     : Starting a blocking GC Explicit
08-05 21:01:13.850  4787  5061 I art     : Explicit concurrent mark sweep GC freed 964(53KB) AllocSpace objects, 0(0B) LOS objects, 7% free, 185MB/201MB, paused 1.457ms total 55.060ms
08-05 21:01:14.250  4787  4806 I art     : Starting a blocking GC Explicit
08-05 21:01:14.278   512  2967 D audio_hw_primary: disable_audio_route: reset and update mixer path: low-latency-playback speaker
08-05 21:01:14.279   512  2967 D audio_hw_primary: disable_snd_device: snd_device(2: speaker)
08-05 21:01:14.287   512  2967 I soundtrigger: audio_extn_sound_trigger_update_device_status: device 0x2 of type 0 for Event 0
08-05 21:01:14.313  4787  4806 I art     : Explicit concurrent mark sweep GC freed 1717(98KB) AllocSpace objects, 11(300KB) LOS objects, 7% free, 185MB/201MB, paused 1.463ms total 62.548ms
08-05 21:01:14.359  4787  4806 I art     : Starting a blocking GC Explicit
08-05 21:01:14.420  4787  4806 I art     : Explicit concurrent mark sweep GC freed 51(2400B) AllocSpace objects, 0(0B) LOS objects, 7% free, 185MB/201MB, paused 1.471ms total 60.686ms
08-05 21:01:14.440  4787  4806 I art     : Starting a blocking GC Explicit
08-05 21:01:14.500  4787  4806 I art     : Explicit concurrent mark sweep GC freed 3(96B) AllocSpace objects, 0(0B) LOS objects, 7% free, 185MB/201MB, paused 1.468ms total 59.750ms
08-05 21:01:14.519  4787  4806 I art     : Starting a blocking GC Explicit
08-05 21:01:14.582  4787  4806 I art     : Explicit concurrent mark sweep GC freed 3(96B) AllocSpace objects, 0(0B) LOS objects, 7% free, 185MB/201MB, paused 1.482ms total 61.738ms
08-05 21:01:14.602  4787  4806 I art     : Starting a blocking GC Explicit
08-05 21:01:14.665  4787  4806 I art     : Explicit concurrent mark sweep GC freed 3(96B) AllocSpace objects, 0(0B) LOS objects, 7% free, 185MB/201MB, paused 1.455ms total 63.551ms
08-05 21:01:14.900   518   646 I ThermalEngine: ACTION: GPU - Setting GPU[0] to 390000000
08-05 21:01:15.144  4787  4801 I art     : Starting a blocking GC Explicit
08-05 21:01:15.228  4787  4801 I art     : Explicit concurrent mark sweep GC freed 1660(95KB) AllocSpace objects, 2(48KB) LOS objects, 7% free, 185MB/201MB, paused 2.672ms total 82.747ms
08-05 21:01:15.258  4787  4801 I art     : Starting a blocking GC Explicit
08-05 21:01:15.336  4787  4801 I art     : Explicit concurrent mark sweep GC freed 30(1104B) AllocSpace objects, 0(0B) LOS objects, 7% free, 185MB/201MB, paused 2.123ms total 77.170ms
08-05 21:01:15.367  4787  4801 I art     : Starting a blocking GC Explicit
08-05 21:01:15.454  4787  4801 I art     : Explicit concurrent mark sweep GC freed 3(96B) AllocSpace objects, 0(0B) LOS objects, 7% free, 185MB/201MB, paused 2.739ms total 86.222ms
08-05 21:01:15.487  4787  4801 I art     : Starting a blocking GC Explicit
08-05 21:01:15.571  4787  4801 I art     : Explicit concurrent mark sweep GC freed 3(96B) AllocSpace objects, 0(0B) LOS objects, 7% free, 185MB/201MB, paused 2.875ms total 83.894ms
08-05 21:01:15.600  4787  4801 I art     : Starting a blocking GC Explicit
08-05 21:01:15.678  4787  4801 I art     : Explicit concurrent mark sweep GC freed 3(96B) AllocSpace objects, 0(0B) LOS objects, 7% free, 185MB/201MB, paused 2.129ms total 77.723ms
08-05 21:01:15.904 13866 13882 I PeriodicStatsRunner: PeriodicStatsRunner.call():175 call()
08-05 21:01:15.905 13866 13882 I PeriodicStatsRunner: PeriodicStatsRunner.call():179 No submit PeriodicStats since input started.
08-05 21:01:16.154  4787  4800 I art     : Starting a blocking GC Explicit
08-05 21:01:16.236  4787  4800 I art     : Explicit concurrent mark sweep GC freed 1673(96KB) AllocSpace objects, 2(48KB) LOS objects, 7% free, 185MB/201MB, paused 2.081ms total 81.175ms
08-05 21:01:16.262  4787  4800 I art     : Starting a blocking GC Explicit
08-05 21:01:16.336  4787  4800 I art     : Explicit concurrent mark sweep GC freed 44(1536B) AllocSpace objects, 0(0B) LOS objects, 7% free, 185MB/201MB, paused 2.127ms total 73.404ms
08-05 21:01:16.363  4787  4800 I art     : Starting a blocking GC Explicit
08-05 21:01:16.438  4787  4800 I art     : Explicit concurrent mark sweep GC freed 3(96B) AllocSpace objects, 0(0B) LOS objects, 7% free, 185MB/201MB, paused 2.261ms total 74.757ms
08-05 21:01:16.465  4787  4800 I art     : Starting a blocking GC Explicit
08-05 21:01:16.538  4787  4800 I art     : Explicit concurrent mark sweep GC freed 15(752B) AllocSpace objects, 0(0B) LOS objects, 7% free, 185MB/201MB, paused 2.277ms total 73.189ms
08-05 21:01:16.566  4787  4800 I art     : Starting a blocking GC Explicit
08-05 21:01:16.569  7674  7674 D AndroidRuntime: >>>>>> START com.android.internal.os.RuntimeInit uid 2000 <<<<<<
08-05 21:01:16.575  7674  7674 D AndroidRuntime: CheckJNI is OFF
08-05 21:01:16.624  7674  7674 D ICU     : No timezone override file found: /data/misc/zoneinfo/current/icu/icu_tzdata.dat
08-05 21:01:16.637  4787  4800 I art     : Explicit concurrent mark sweep GC freed 13(640B) AllocSpace objects, 0(0B) LOS objects, 7% free, 185MB/201MB, paused 2.199ms total 70.896ms
08-05 21:01:16.670  7674  7674 I Radio-JNI: register_android_hardware_Radio DONE
08-05 21:01:16.702  7674  7674 D AndroidRuntime: Calling main entry com.android.commands.input.Input
08-05 21:01:16.705  7674  7674 I Input   : injectMotionEvent: MotionEvent { action=ACTION_DOWN, actionButton=0, id[0]=0, x[0]=1341.0, y[0]=197.0, toolType[0]=TOOL_TYPE_UNKNOWN, buttonState=0, metaState=0, flags=0x0, edgeFlags=0x0, pointerCount=1, historySize=0, eventTime=824493117, downTime=824493117, deviceId=0, source=0x1002 }
08-05 21:01:16.710  7674  7674 I Input   : injectMotionEvent: MotionEvent { action=ACTION_UP, actionButton=0, id[0]=0, x[0]=1341.0, y[0]=197.0, toolType[0]=TOOL_TYPE_UNKNOWN, buttonState=0, metaState=0, flags=0x0, edgeFlags=0x0, pointerCount=1, historySize=0, eventTime=824493117, downTime=824493117, deviceId=0, source=0x1002 }
08-05 21:01:16.712  7674  7674 D AndroidRuntime: Shutting down VM
08-05 21:01:16.722   918   929 I ActivityManager: START u0 {cmp=baseline.io.github.project_travel_mate/.notifications.NotificationsActivity} from uid 10674 on display 0
08-05 21:01:16.723   512  2967 D audio_hw_primary: out_set_parameters: enter: usecase(1: low-latency-playback) kvpairs: routing=2
08-05 21:01:16.740   512  2967 D audio_hw_primary: select_devices: out_snd_device(2: speaker) in_snd_device(0: none)
08-05 21:01:16.740   512  2967 D msm8974_platform: platform_send_audio_calibration: sending audio calibration for snd_device(2) acdb_id(15)
08-05 21:01:16.740   512  2967 I soundtrigger: audio_extn_sound_trigger_update_device_status: device 0x2 of type 0 for Event 1
08-05 21:01:16.759   512  2967 D audio_hw_primary: enable_snd_device: snd_device(2: speaker)
08-05 21:01:16.762   512  2967 D audio_hw_primary: enable_audio_route: apply and update mixer path: low-latency-playback speaker
08-05 21:01:16.781  4787  4853 D Gabe    : call	returning from cache
08-05 21:01:16.792  4787  4787 V EXECUTING: https://project-travel-mate.herokuapp.com/api/get-notifications
08-05 21:01:16.795  4787  4787 V EXECUTING: https://project-travel-mate.herokuapp.com/api/get-notifications
08-05 21:01:16.898   518   646 I ThermalEngine: ACTION: GPU - Setting GPU[0] to 450000000
08-05 21:01:16.963 13866 13866 I GoogleInputMethodServic: GoogleInputMethodService.onFinishInput():3138 
08-05 21:01:16.963   918   936 I ActivityManager: Displayed baseline.io.github.project_travel_mate/.notifications.NotificationsActivity: +227ms
08-05 21:01:16.964 13866 13866 I GoogleInputMethodServic: GoogleInputMethodService.onStartInput():1808 
08-05 21:01:17.060  4787  5061 I art     : Starting a blocking GC Explicit
08-05 21:01:17.076  4787  4803 D OpenGLRenderer: endAllStagingAnimators on 0x7f7c83fc00 (RippleDrawable) with handle 0x7f7d9e78a0
08-05 21:01:17.124  4787  5061 I art     : Explicit concurrent mark sweep GC freed 3949(220KB) AllocSpace objects, 2(48KB) LOS objects, 7% free, 189MB/205MB, paused 1.691ms total 63.064ms
08-05 21:01:17.144  4787  5061 I art     : Starting a blocking GC Explicit
08-05 21:01:17.201  4787  5061 I art     : Explicit concurrent mark sweep GC freed 458(18KB) AllocSpace objects, 0(0B) LOS objects, 7% free, 189MB/205MB, paused 1.435ms total 56.729ms
08-05 21:01:17.204   380   380 W SurfaceFlinger: couldn't log to binary event log: overflow.
08-05 21:01:17.220  4787  5061 I art     : Starting a blocking GC Explicit
08-05 21:01:17.279  4787  5061 I art     : Explicit concurrent mark sweep GC freed 5215(263KB) AllocSpace objects, 6(400KB) LOS objects, 7% free, 190MB/206MB, paused 2.059ms total 58.475ms
08-05 21:01:17.298  4787  5061 I art     : Starting a blocking GC Explicit
08-05 21:01:17.299   512  2967 D audio_hw_primary: disable_audio_route: reset and update mixer path: low-latency-playback speaker
08-05 21:01:17.300   512  2967 D audio_hw_primary: disable_snd_device: snd_device(2: speaker)
08-05 21:01:17.302  4787  7699 I NAPPA_EXPERIMENTATION: MetricNetworkRequestExecutionTime: REQUEST_DURATION_SYSTEM='505',REQUEST_DURATION_OKHTTP='37',REQUEST_SYNCHRONOUS='FALSE',RESPONSE_CODE='200',RESPONSE_METHOD='GET',RESPONSE_LENGTH_OKHTTP='2',RESPONSE_LENGTH_HEADER='2',REQUEST_PROTOCOL='http/1.1',REQUEST_URL='https://project-travel-mate.herokuapp.com/api/get-notifications',
08-05 21:01:17.307   512  2967 I soundtrigger: audio_extn_sound_trigger_update_device_status: device 0x2 of type 0 for Event 0
08-05 21:01:17.335  4787  7697 I NAPPA_EXPERIMENTATION: MetricNetworkRequestExecutionTime: REQUEST_DURATION_SYSTEM='542',REQUEST_DURATION_OKHTTP='63',REQUEST_SYNCHRONOUS='FALSE',RESPONSE_CODE='200',RESPONSE_METHOD='GET',RESPONSE_LENGTH_OKHTTP='2',RESPONSE_LENGTH_HEADER='2',REQUEST_PROTOCOL='http/1.1',REQUEST_URL='https://project-travel-mate.herokuapp.com/api/get-notifications',
08-05 21:01:17.356  4787  5061 I art     : Explicit concurrent mark sweep GC freed 2259(256KB) AllocSpace objects, 0(0B) LOS objects, 7% free, 190MB/206MB, paused 1.542ms total 56.818ms
08-05 21:01:17.377  4787  5061 I art     : Starting a blocking GC Explicit
08-05 21:01:17.433  4787  5061 I art     : Explicit concurrent mark sweep GC freed 113(3KB) AllocSpace objects, 0(0B) LOS objects, 7% free, 190MB/206MB, paused 1.802ms total 55.295ms
08-05 21:01:17.439  4787  4787 V Response: [] 
08-05 21:01:17.444  4787  4853 D Gabe    : call	returning from cache
08-05 21:01:17.453  4787  4787 V Response: [] 
08-05 21:01:17.456  4787  4853 D Gabe    : call	returning from cache
08-05 21:01:17.832  4787  4801 I art     : Starting a blocking GC Explicit
08-05 21:01:17.889  4787  4801 I art     : Explicit concurrent mark sweep GC freed 5638(208KB) AllocSpace objects, 3(236KB) LOS objects, 7% free, 190MB/206MB, paused 1.495ms total 55.860ms
08-05 21:01:17.908   518   646 I ThermalEngine: ACTION: GPU - Setting GPU[0] to 390000000
08-05 21:01:17.913  4787  4801 I art     : Starting a blocking GC Explicit
08-05 21:01:17.981  4787  4801 I art     : Explicit concurrent mark sweep GC freed 2193(84KB) AllocSpace objects, 0(0B) LOS objects, 7% free, 189MB/205MB, paused 2.038ms total 67.678ms
08-05 21:01:18.006  4787  4801 I art     : Starting a blocking GC Explicit
08-05 21:01:18.072  4787  4801 I art     : Explicit concurrent mark sweep GC freed 457(8KB) AllocSpace objects, 0(0B) LOS objects, 7% free, 189MB/205MB, paused 2.178ms total 65.312ms
08-05 21:01:18.097  4787  4801 I art     : Starting a blocking GC Explicit
08-05 21:01:18.161  4787  4801 I art     : Explicit concurrent mark sweep GC freed 353(5KB) AllocSpace objects, 0(0B) LOS objects, 7% free, 189MB/205MB, paused 1.925ms total 64.483ms
08-05 21:01:18.186  4787  4801 I art     : Starting a blocking GC Explicit
08-05 21:01:18.251  4787  4801 I art     : Explicit concurrent mark sweep GC freed 423(6KB) AllocSpace objects, 0(0B) LOS objects, 7% free, 189MB/205MB, paused 2.078ms total 64.729ms
08-05 21:01:18.703  4787  4801 I art     : Starting a blocking GC Explicit
08-05 21:01:18.772  4787  4801 I art     : Explicit concurrent mark sweep GC freed 3823(129KB) AllocSpace objects, 2(48KB) LOS objects, 7% free, 189MB/205MB, paused 1.914ms total 67.811ms
08-05 21:01:18.796  4787  4801 I art     : Starting a blocking GC Explicit
08-05 21:01:18.862  4787  4801 I art     : Explicit concurrent mark sweep GC freed 426(7KB) AllocSpace objects, 0(0B) LOS objects, 7% free, 189MB/205MB, paused 2.018ms total 65.324ms
08-05 21:01:18.862  4787  4799 I art     : WaitForGcToComplete blocked for 65.741ms for cause HeapTrim
08-05 21:01:18.887  4787  4801 I art     : Starting a blocking GC Explicit
08-05 21:01:18.952  4787  4801 I art     : Explicit concurrent mark sweep GC freed 403(6KB) AllocSpace objects, 0(0B) LOS objects, 7% free, 189MB/205MB, paused 2.175ms total 64.837ms
08-05 21:01:18.977  4787  4801 I art     : Starting a blocking GC Explicit
08-05 21:01:19.042  4787  4801 I art     : Explicit concurrent mark sweep GC freed 364(5KB) AllocSpace objects, 0(0B) LOS objects, 7% free, 189MB/205MB, paused 1.969ms total 64.752ms
08-05 21:01:19.067  4787  4801 I art     : Starting a blocking GC Explicit
08-05 21:01:19.132  4787  4801 I art     : Explicit concurrent mark sweep GC freed 388(6KB) AllocSpace objects, 0(0B) LOS objects, 7% free, 189MB/205MB, paused 1.984ms total 64.866ms
08-05 21:01:19.577  4787  4806 I art     : Starting a blocking GC Explicit
08-05 21:01:19.646  4787  4806 I art     : Explicit concurrent mark sweep GC freed 3770(129KB) AllocSpace objects, 2(48KB) LOS objects, 7% free, 189MB/205MB, paused 1.893ms total 68.123ms
08-05 21:01:19.671  4787  4806 I art     : Starting a blocking GC Explicit
08-05 21:01:19.736  4787  4806 I art     : Explicit concurrent mark sweep GC freed 465(8KB) AllocSpace objects, 0(0B) LOS objects, 7% free, 189MB/205MB, paused 2.125ms total 64.829ms
08-05 21:01:19.761  4787  4806 I art     : Starting a blocking GC Explicit
08-05 21:01:19.826  4787  4806 I art     : Explicit concurrent mark sweep GC freed 404(7KB) AllocSpace objects, 0(0B) LOS objects, 7% free, 189MB/205MB, paused 1.973ms total 63.811ms
08-05 21:01:19.850  4787  4806 I art     : Starting a blocking GC Explicit
08-05 21:01:19.915  4787  4806 I art     : Explicit concurrent mark sweep GC freed 406(6KB) AllocSpace objects, 0(0B) LOS objects, 7% free, 189MB/205MB, paused 2.014ms total 65.106ms
08-05 21:01:19.940  4787  4806 I art     : Starting a blocking GC Explicit
08-05 21:01:20.005  4787  4806 I art     : Explicit concurrent mark sweep GC freed 380(6KB) AllocSpace objects, 0(0B) LOS objects, 7% free, 189MB/205MB, paused 1.967ms total 64.528ms
08-05 21:01:20.444  4787  4801 I art     : Starting a blocking GC Explicit
08-05 21:01:20.509  4787  4801 I art     : Explicit concurrent mark sweep GC freed 3725(127KB) AllocSpace objects, 2(48KB) LOS objects, 7% free, 189MB/205MB, paused 2.052ms total 64.539ms
08-05 21:01:20.534  4787  4801 I art     : Starting a blocking GC Explicit
08-05 21:01:20.598  4787  4801 I art     : Explicit concurrent mark sweep GC freed 388(6KB) AllocSpace objects, 0(0B) LOS objects, 7% free, 189MB/205MB, paused 2.007ms total 63.436ms
08-05 21:01:20.622  4787  4801 I art     : Starting a blocking GC Explicit
08-05 21:01:20.686  4787  4801 I art     : Explicit concurrent mark sweep GC freed 417(6KB) AllocSpace objects, 0(0B) LOS objects, 7% free, 189MB/205MB, paused 1.986ms total 63.623ms
08-05 21:01:20.711  4787  4801 I art     : Starting a blocking GC Explicit
08-05 21:01:20.775  4787  4801 I art     : Explicit concurrent mark sweep GC freed 353(5KB) AllocSpace objects, 0(0B) LOS objects, 7% free, 189MB/205MB, paused 1.969ms total 63.838ms
08-05 21:01:20.800  4787  4801 I art     : Starting a blocking GC Explicit
08-05 21:01:20.864  4787  4801 I art     : Explicit concurrent mark sweep GC freed 419(7KB) AllocSpace objects, 0(0B) LOS objects, 7% free, 189MB/205MB, paused 2.017ms total 64.365ms
08-05 21:01:21.310  4787  4800 I art     : Starting a blocking GC Explicit
08-05 21:01:21.378  4787  4800 I art     : Explicit concurrent mark sweep GC freed 3767(129KB) AllocSpace objects, 2(48KB) LOS objects, 7% free, 189MB/205MB, paused 2.097ms total 67.003ms
08-05 21:01:21.402  4787  4800 I art     : Starting a blocking GC Explicit
08-05 21:01:21.466  4787  4800 I art     : Explicit concurrent mark sweep GC freed 593(17KB) AllocSpace objects, 0(0B) LOS objects, 7% free, 189MB/205MB, paused 2.095ms total 63.554ms
08-05 21:01:21.492  4787  4800 I art     : Starting a blocking GC Explicit
08-05 21:01:21.556  4787  4800 I art     : Explicit concurrent mark sweep GC freed 368(5KB) AllocSpace objects, 0(0B) LOS objects, 7% free, 189MB/205MB, paused 1.906ms total 63.354ms
08-05 21:01:21.571  7756  7756 D AndroidRuntime: >>>>>> START com.android.internal.os.RuntimeInit uid 2000 <<<<<<
08-05 21:01:21.577  7756  7756 D AndroidRuntime: CheckJNI is OFF
08-05 21:01:21.581  4787  4800 I art     : Starting a blocking GC Explicit
08-05 21:01:21.630  7756  7756 D ICU     : No timezone override file found: /data/misc/zoneinfo/current/icu/icu_tzdata.dat
08-05 21:01:21.646  4787  4800 I art     : Explicit concurrent mark sweep GC freed 358(5KB) AllocSpace objects, 0(0B) LOS objects, 7% free, 189MB/205MB, paused 1.927ms total 64.484ms
08-05 21:01:21.671  4787  4800 I art     : Starting a blocking GC Explicit
08-05 21:01:21.680  7756  7756 I Radio-JNI: register_android_hardware_Radio DONE
08-05 21:01:21.713  7756  7756 D AndroidRuntime: Calling main entry com.android.commands.input.Input
08-05 21:01:21.715  7756  7756 I Input   : injectKeyEvent: KeyEvent { action=ACTION_DOWN, keyCode=KEYCODE_BACK, scanCode=0, metaState=0, flags=0x0, repeatCount=0, eventTime=824498128, downTime=824498128, deviceId=-1, source=0x101 }
08-05 21:01:21.727  7756  7756 I Input   : injectKeyEvent: KeyEvent { action=ACTION_UP, keyCode=KEYCODE_BACK, scanCode=0, metaState=0, flags=0x0, repeatCount=0, eventTime=824498128, downTime=824498128, deviceId=-1, source=0x101 }
08-05 21:01:21.736  4787  4800 I art     : Explicit concurrent mark sweep GC freed 414(6KB) AllocSpace objects, 0(0B) LOS objects, 7% free, 189MB/205MB, paused 2.057ms total 65.103ms
08-05 21:01:21.762  7756  7756 D AndroidRuntime: Shutting down VM
08-05 21:01:21.780   918   937 W ProcessCpuTracker: Skipping unknown process pid 7764
08-05 21:01:21.780   918   937 W ProcessCpuTracker: Skipping unknown process pid 7766
08-05 21:01:21.781   918   937 W ProcessCpuTracker: Skipping unknown process pid 7767
08-05 21:01:21.785  4787  4787 V MainActivity: url = https://project-travel-mate.herokuapp.com/api/number-of-unread-notifications
08-05 21:01:21.854 13866 13866 I GoogleInputMethodServic: GoogleInputMethodService.onFinishInput():3138 
08-05 21:01:21.854 13866 13866 I GoogleInputMethodServic: GoogleInputMethodService.onStartInput():1808 
08-05 21:01:21.982 13866 13882 I PeriodicStatsRunner: PeriodicStatsRunner.call():175 call()
08-05 21:01:21.982 13866 13882 I PeriodicStatsRunner: PeriodicStatsRunner.call():179 No submit PeriodicStats since input started.
08-05 21:01:22.109   380   380 W SurfaceFlinger: couldn't log to binary event log: overflow.
08-05 21:01:22.208  4787  4801 I art     : Starting a blocking GC Explicit
08-05 21:01:22.289  4787  4801 I art     : Explicit concurrent mark sweep GC freed 2704(128KB) AllocSpace objects, 3(4MB) LOS objects, 7% free, 185MB/201MB, paused 2.479ms total 79.790ms
08-05 21:01:22.319  4787  4801 I art     : Starting a blocking GC Explicit
08-05 21:01:22.399  4787  4801 I art     : Explicit concurrent mark sweep GC freed 6365(312KB) AllocSpace objects, 5(256KB) LOS objects, 7% free, 185MB/201MB, paused 2.371ms total 79.368ms
08-05 21:01:22.410  4787  7779 I NAPPA_EXPERIMENTATION: MetricNetworkRequestExecutionTime: REQUEST_DURATION_SYSTEM='623',REQUEST_DURATION_OKHTTP='37',REQUEST_SYNCHRONOUS='FALSE',RESPONSE_CODE='200',RESPONSE_METHOD='GET',RESPONSE_LENGTH_OKHTTP='36',RESPONSE_LENGTH_HEADER='36',REQUEST_PROTOCOL='http/1.1',REQUEST_URL='https://project-travel-mate.herokuapp.com/api/number-of-unread-notifications',
08-05 21:01:22.426  4787  4801 I art     : Starting a blocking GC Explicit
08-05 21:01:22.504  4787  4801 I art     : Explicit concurrent mark sweep GC freed 1100(129KB) AllocSpace objects, 0(0B) LOS objects, 7% free, 185MB/201MB, paused 2.176ms total 77.727ms
08-05 21:01:22.532  4787  4801 I art     : Starting a blocking GC Explicit
08-05 21:01:22.623  4787  4801 I art     : Explicit concurrent mark sweep GC freed 103(4KB) AllocSpace objects, 0(0B) LOS objects, 7% free, 185MB/201MB, paused 2.700ms total 90.513ms
08-05 21:01:22.656  4787  4801 I art     : Starting a blocking GC Explicit
08-05 21:01:22.736  4787  4801 I art     : Explicit concurrent mark sweep GC freed 3(96B) AllocSpace objects, 0(0B) LOS objects, 7% free, 185MB/201MB, paused 2.210ms total 79.023ms
08-05 21:01:23.211  4787  4806 I art     : Starting a blocking GC Explicit
08-05 21:01:23.291  4787  4806 I art     : Explicit concurrent mark sweep GC freed 1685(96KB) AllocSpace objects, 2(48KB) LOS objects, 7% free, 185MB/201MB, paused 2.277ms total 79.670ms
08-05 21:01:23.319  4787  4806 I art     : Starting a blocking GC Explicit
08-05 21:01:23.393  4787  4806 I art     : Explicit concurrent mark sweep GC freed 54(2080B) AllocSpace objects, 0(0B) LOS objects, 7% free, 185MB/201MB, paused 2.253ms total 73.584ms
08-05 21:01:23.420  4787  4806 I art     : Starting a blocking GC Explicit
08-05 21:01:23.497  4787  4806 I art     : Explicit concurrent mark sweep GC freed 3(96B) AllocSpace objects, 0(0B) LOS objects, 7% free, 185MB/201MB, paused 2.146ms total 76.827ms
08-05 21:01:23.525  4787  4806 I art     : Starting a blocking GC Explicit
08-05 21:01:23.600  4787  4806 I art     : Explicit concurrent mark sweep GC freed 3(96B) AllocSpace objects, 0(0B) LOS objects, 7% free, 185MB/201MB, paused 2.432ms total 74.884ms
08-05 21:01:23.627  4787  4806 I art     : Starting a blocking GC Explicit
08-05 21:01:23.652  7801  7801 D AndroidRuntime: >>>>>> START com.android.internal.os.RuntimeInit uid 2000 <<<<<<
08-05 21:01:23.658  7801  7801 D AndroidRuntime: CheckJNI is OFF
08-05 21:01:23.702  4787  4806 I art     : Explicit concurrent mark sweep GC freed 3(96B) AllocSpace objects, 0(0B) LOS objects, 7% free, 185MB/201MB, paused 2.140ms total 74.207ms
08-05 21:01:23.712  7801  7801 D ICU     : No timezone override file found: /data/misc/zoneinfo/current/icu/icu_tzdata.dat
08-05 21:01:23.758  7801  7801 I Radio-JNI: register_android_hardware_Radio DONE
08-05 21:01:23.792  7801  7801 D AndroidRuntime: Calling main entry com.android.commands.input.Input
08-05 21:01:23.795  7801  7801 I Input   : injectMotionEvent: MotionEvent { action=ACTION_DOWN, actionButton=0, id[0]=0, x[0]=117.0, y[0]=170.0, toolType[0]=TOOL_TYPE_UNKNOWN, buttonState=0, metaState=0, flags=0x0, edgeFlags=0x0, pointerCount=1, historySize=0, eventTime=824500207, downTime=824500207, deviceId=0, source=0x1002 }
08-05 21:01:23.801  7801  7801 I Input   : injectMotionEvent: MotionEvent { action=ACTION_UP, actionButton=0, id[0]=0, x[0]=117.0, y[0]=170.0, toolType[0]=TOOL_TYPE_UNKNOWN, buttonState=0, metaState=0, flags=0x0, edgeFlags=0x0, pointerCount=1, historySize=0, eventTime=824500207, downTime=824500207, deviceId=0, source=0x1002 }
08-05 21:01:23.804  7801  7801 D AndroidRuntime: Shutting down VM
08-05 21:01:23.814   512  2967 D audio_hw_primary: out_set_parameters: enter: usecase(1: low-latency-playback) kvpairs: routing=2
08-05 21:01:23.827   512  2967 D audio_hw_primary: select_devices: out_snd_device(2: speaker) in_snd_device(0: none)
08-05 21:01:23.828   512  2967 D msm8974_platform: platform_send_audio_calibration: sending audio calibration for snd_device(2) acdb_id(15)
08-05 21:01:23.828   512  2967 I soundtrigger: audio_extn_sound_trigger_update_device_status: device 0x2 of type 0 for Event 1
08-05 21:01:23.842   512  2967 D audio_hw_primary: enable_snd_device: snd_device(2: speaker)
08-05 21:01:23.846   512  2967 D audio_hw_primary: enable_audio_route: apply and update mixer path: low-latency-playback speaker
08-05 21:01:24.193  4787  4806 I art     : Starting a blocking GC Explicit
08-05 21:01:24.275  4787  4806 I art     : Explicit concurrent mark sweep GC freed 2072(116KB) AllocSpace objects, 2(48KB) LOS objects, 7% free, 185MB/201MB, paused 2.293ms total 81.493ms
08-05 21:01:24.305  4787  4806 I art     : Starting a blocking GC Explicit
08-05 21:01:24.380  4787  4806 I art     : Explicit concurrent mark sweep GC freed 64(2512B) AllocSpace objects, 0(0B) LOS objects, 7% free, 185MB/201MB, paused 2.504ms total 74.166ms
08-05 21:01:24.400   512  2967 D audio_hw_primary: disable_audio_route: reset and update mixer path: low-latency-playback speaker
08-05 21:01:24.402   512  2967 D audio_hw_primary: disable_snd_device: snd_device(2: speaker)
08-05 21:01:24.406  4787  4806 I art     : Starting a blocking GC Explicit
08-05 21:01:24.409   512  2967 I soundtrigger: audio_extn_sound_trigger_update_device_status: device 0x2 of type 0 for Event 0
08-05 21:01:24.480  4787  4806 I art     : Explicit concurrent mark sweep GC freed 3(96B) AllocSpace objects, 0(0B) LOS objects, 7% free, 185MB/201MB, paused 2.900ms total 72.940ms
08-05 21:01:24.507  4787  4806 I art     : Starting a blocking GC Explicit
08-05 21:01:24.581  4787  4806 I art     : Explicit concurrent mark sweep GC freed 3(96B) AllocSpace objects, 0(0B) LOS objects, 7% free, 185MB/201MB, paused 2.304ms total 73.564ms
08-05 21:01:24.608  4787  4806 I art     : Starting a blocking GC Explicit
08-05 21:01:24.684  4787  4806 I art     : Explicit concurrent mark sweep GC freed 5(160B) AllocSpace objects, 0(0B) LOS objects, 7% free, 185MB/201MB, paused 2.190ms total 75.528ms
08-05 21:01:24.695  7832  7832 D AndroidRuntime: >>>>>> START com.android.internal.os.RuntimeInit uid 2000 <<<<<<
08-05 21:01:24.702  7832  7832 D AndroidRuntime: CheckJNI is OFF
08-05 21:01:24.754  7832  7832 D ICU     : No timezone override file found: /data/misc/zoneinfo/current/icu/icu_tzdata.dat
08-05 21:01:24.800  7832  7832 I Radio-JNI: register_android_hardware_Radio DONE
08-05 21:01:24.831  7832  7832 D AndroidRuntime: Calling main entry com.android.commands.input.Input
08-05 21:01:24.834  7832  7832 I Input   : injectMotionEvent: MotionEvent { action=ACTION_DOWN, actionButton=0, id[0]=0, x[0]=418.0, y[0]=842.0, toolType[0]=TOOL_TYPE_UNKNOWN, buttonState=0, metaState=0, flags=0x0, edgeFlags=0x0, pointerCount=1, historySize=0, eventTime=824501246, downTime=824501246, deviceId=0, source=0x1002 }
08-05 21:01:24.839  7832  7832 I Input   : injectMotionEvent: MotionEvent { action=ACTION_UP, actionButton=0, id[0]=0, x[0]=418.0, y[0]=842.0, toolType[0]=TOOL_TYPE_UNKNOWN, buttonState=0, metaState=0, flags=0x0, edgeFlags=0x0, pointerCount=1, historySize=0, eventTime=824501246, downTime=824501246, deviceId=0, source=0x1002 }
08-05 21:01:24.842  7832  7832 D AndroidRuntime: Shutting down VM
08-05 21:01:24.853   512  2967 D audio_hw_primary: out_set_parameters: enter: usecase(1: low-latency-playback) kvpairs: routing=2
08-05 21:01:24.854  4787  4853 D Gabe    : call	returning from cache
08-05 21:01:24.867   512  2967 D audio_hw_primary: select_devices: out_snd_device(2: speaker) in_snd_device(0: none)
08-05 21:01:24.867   512  2967 D msm8974_platform: platform_send_audio_calibration: sending audio calibration for snd_device(2) acdb_id(15)
08-05 21:01:24.868   512  2967 I soundtrigger: audio_extn_sound_trigger_update_device_status: device 0x2 of type 0 for Event 1
08-05 21:01:24.878   512  2967 D audio_hw_primary: enable_snd_device: snd_device(2: speaker)
08-05 21:01:24.881   512  2967 D audio_hw_primary: enable_audio_route: apply and update mixer path: low-latency-playback speaker
08-05 21:01:24.892  4787  4787 V MainActivity: url = https://project-travel-mate.herokuapp.com/api/number-of-unread-notifications
08-05 21:01:24.928   512  2967 D AudioFlinger: mixer(0xf4740000) throttle end: throttle time(12)
08-05 21:01:25.145  4787  5061 I art     : Starting a blocking GC Explicit
08-05 21:01:25.227  4787  5061 I art     : Explicit concurrent mark sweep GC freed 3857(231KB) AllocSpace objects, 2(48KB) LOS objects, 7% free, 185MB/201MB, paused 2.794ms total 81.546ms
08-05 21:01:25.254  4787  5061 I art     : Starting a blocking GC Explicit
08-05 21:01:25.335  4787  5061 I art     : Explicit concurrent mark sweep GC freed 613(35KB) AllocSpace objects, 0(0B) LOS objects, 7% free, 186MB/202MB, paused 2.776ms total 80.744ms
08-05 21:01:25.362  4787  5061 I art     : Starting a blocking GC Explicit
08-05 21:01:25.418   512  2967 D audio_hw_primary: disable_audio_route: reset and update mixer path: low-latency-playback speaker
08-05 21:01:25.420   512  2967 D audio_hw_primary: disable_snd_device: snd_device(2: speaker)
08-05 21:01:25.428   512  2967 I soundtrigger: audio_extn_sound_trigger_update_device_status: device 0x2 of type 0 for Event 0
08-05 21:01:25.444  4787  5061 I art     : Explicit concurrent mark sweep GC freed 309(24KB) AllocSpace objects, 0(0B) LOS objects, 7% free, 186MB/202MB, paused 2.703ms total 81.799ms
08-05 21:01:25.471  4787  5061 I art     : Starting a blocking GC Explicit
08-05 21:01:25.555  4787  5061 I art     : Explicit concurrent mark sweep GC freed 1537(60KB) AllocSpace objects, 0(0B) LOS objects, 7% free, 186MB/202MB, paused 2.535ms total 83.149ms
08-05 21:01:25.582  4787  5061 I art     : Starting a blocking GC Explicit
08-05 21:01:25.585  4787  4787 I Choreographer: Skipped 41 frames!  The application may be doing too much work on its main thread.
08-05 21:01:25.654  4787  5061 I art     : Explicit concurrent mark sweep GC freed 1407(73KB) AllocSpace objects, 9(252KB) LOS objects, 7% free, 186MB/202MB, paused 2.603ms total 72.203ms
08-05 21:01:25.793  4787  7851 I NAPPA_EXPERIMENTATION: MetricNetworkRequestExecutionTime: REQUEST_DURATION_SYSTEM='900',REQUEST_DURATION_OKHTTP='37',REQUEST_SYNCHRONOUS='FALSE',RESPONSE_CODE='200',RESPONSE_METHOD='GET',RESPONSE_LENGTH_OKHTTP='36',RESPONSE_LENGTH_HEADER='36',REQUEST_PROTOCOL='http/1.1',REQUEST_URL='https://project-travel-mate.herokuapp.com/api/number-of-unread-notifications',
08-05 21:01:26.115  4787  4806 I art     : Starting a blocking GC Explicit
08-05 21:01:26.204  4787  4806 I art     : Explicit concurrent mark sweep GC freed 6457(318KB) AllocSpace objects, 5(264KB) LOS objects, 7% free, 186MB/202MB, paused 2.529ms total 88.575ms
08-05 21:01:26.234  4787  4806 I art     : Starting a blocking GC Explicit
08-05 21:01:26.318  4787  4806 I art     : Explicit concurrent mark sweep GC freed 1195(123KB) AllocSpace objects, 0(0B) LOS objects, 7% free, 186MB/202MB, paused 2.472ms total 83.070ms
08-05 21:01:26.347  4787  4806 I art     : Starting a blocking GC Explicit
08-05 21:01:26.432  4787  4806 I art     : Explicit concurrent mark sweep GC freed 170(2864B) AllocSpace objects, 0(0B) LOS objects, 7% free, 186MB/202MB, paused 2.264ms total 85.318ms
08-05 21:01:26.461  4787  4806 I art     : Starting a blocking GC Explicit
08-05 21:01:26.550  4787  4806 I art     : Explicit concurrent mark sweep GC freed 178(3KB) AllocSpace objects, 0(0B) LOS objects, 7% free, 186MB/202MB, paused 2.376ms total 87.828ms
08-05 21:01:26.580  4787  4806 I art     : Starting a blocking GC Explicit
08-05 21:01:26.667  4787  4806 I art     : Explicit concurrent mark sweep GC freed 183(3KB) AllocSpace objects, 0(0B) LOS objects, 7% free, 186MB/202MB, paused 2.241ms total 86.177ms
08-05 21:01:26.821   918  3188 I hubconnection: sensorhub said: 'set_bias 3: -4.9824, 0.0000, 0.0000'
08-05 21:01:26.854 13866 13882 I PeriodicStatsRunner: PeriodicStatsRunner.call():175 call()
08-05 21:01:26.854 13866 13882 I PeriodicStatsRunner: PeriodicStatsRunner.call():179 No submit PeriodicStats since input started.
08-05 21:01:27.135  4787  4800 I art     : Starting a blocking GC Explicit
08-05 21:01:27.215  4787  4800 I art     : Explicit concurrent mark sweep GC freed 2466(108KB) AllocSpace objects, 2(64KB) LOS objects, 7% free, 186MB/202MB, paused 2.151ms total 79.476ms
08-05 21:01:27.242  4787  4800 I art     : Starting a blocking GC Explicit
08-05 21:01:27.324  4787  4800 I art     : Explicit concurrent mark sweep GC freed 197(3KB) AllocSpace objects, 0(0B) LOS objects, 7% free, 186MB/202MB, paused 2.243ms total 80.976ms
08-05 21:01:27.352  4787  4800 I art     : Starting a blocking GC Explicit
08-05 21:01:27.434  4787  4800 I art     : Explicit concurrent mark sweep GC freed 148(2528B) AllocSpace objects, 0(0B) LOS objects, 7% free, 186MB/202MB, paused 2.310ms total 81.558ms
08-05 21:01:27.462  4787  4800 I art     : Starting a blocking GC Explicit
08-05 21:01:27.543  4787  4800 I art     : Explicit concurrent mark sweep GC freed 171(2896B) AllocSpace objects, 0(0B) LOS objects, 7% free, 186MB/202MB, paused 2.284ms total 80.273ms
08-05 21:01:27.571  4787  4800 I art     : Starting a blocking GC Explicit
08-05 21:01:27.655  4787  4800 I art     : Explicit concurrent mark sweep GC freed 171(2896B) AllocSpace objects, 0(0B) LOS objects, 7% free, 186MB/202MB, paused 2.321ms total 83.474ms
08-05 21:01:27.780  7882  7882 D AndroidRuntime: >>>>>> START com.android.internal.os.RuntimeInit uid 2000 <<<<<<
08-05 21:01:27.787  7882  7882 D AndroidRuntime: CheckJNI is OFF
08-05 21:01:27.847  7882  7882 D ICU     : No timezone override file found: /data/misc/zoneinfo/current/icu/icu_tzdata.dat
08-05 21:01:27.903  7882  7882 I Radio-JNI: register_android_hardware_Radio DONE
08-05 21:01:27.935  7882  7882 D AndroidRuntime: Calling main entry com.android.commands.am.Am
08-05 21:01:27.948 19822 19822 I Trepn   : Trepn 6.2s: Received intent: com.quicinc.trepn.stop_profiling
08-05 21:01:28.010 19822 19822 I Trepn   : Trepn 6.2s: Trepn has Stopped Profiling.
08-05 21:01:28.118  4787  5061 I art     : Starting a blocking GC Explicit
08-05 21:01:28.189  7882  7882 D AndroidRuntime: Shutting down VM
08-05 21:01:28.193   918  4413 W AppOps  : Finishing op nesting under-run: uid 10078 pkg com.quicinc.trepn code 24 time=0 duration=0 nesting=0
08-05 21:01:28.203  4787  5061 I art     : Explicit concurrent mark sweep GC freed 2429(108KB) AllocSpace objects, 2(64KB) LOS objects, 7% free, 186MB/202MB, paused 2.195ms total 84.022ms
08-05 21:01:28.229  4787  5061 I art     : Starting a blocking GC Explicit
08-05 21:01:28.306  4787  5061 I art     : Explicit concurrent mark sweep GC freed 198(3KB) AllocSpace objects, 0(0B) LOS objects, 7% free, 186MB/202MB, paused 2.170ms total 76.262ms
08-05 21:01:28.335  4787  5061 I art     : Starting a blocking GC Explicit
08-05 21:01:28.421  4787  5061 I art     : Explicit concurrent mark sweep GC freed 162(2784B) AllocSpace objects, 0(0B) LOS objects, 7% free, 186MB/202MB, paused 2.983ms total 86.134ms
08-05 21:01:28.449  4787  5061 I art     : Starting a blocking GC Explicit
08-05 21:01:28.533  4787  5061 I art     : Explicit concurrent mark sweep GC freed 179(3KB) AllocSpace objects, 0(0B) LOS objects, 7% free, 186MB/202MB, paused 2.319ms total 82.756ms
08-05 21:01:28.562  4787  5061 I art     : Starting a blocking GC Explicit
08-05 21:01:28.644  4787  5061 I art     : Explicit concurrent mark sweep GC freed 201(3KB) AllocSpace objects, 0(0B) LOS objects, 7% free, 186MB/202MB, paused 2.225ms total 81.437ms
08-05 21:01:29.924   518   646 I ThermalEngine: ACTION: GPU - Setting GPU[0] to 450000000
08-05 21:01:31.204   918  3261 D WifiStateMachine: starting scan for "H369AA63323"WPA_PSK with 2412,5180
