--------- beginning of main
08-05 15:29:42.036 12504 12504 D AndroidRuntime: >>>>>> START com.android.internal.os.RuntimeInit uid 2000 <<<<<<
08-05 15:29:42.043 12504 12504 D AndroidRuntime: CheckJNI is OFF
08-05 15:29:42.069 12504 12504 D ICU     : No timezone override file found: /data/misc/zoneinfo/current/icu/icu_tzdata.dat
08-05 15:29:42.100 12504 12504 I Radio-JNI: register_android_hardware_Radio DONE
08-05 15:29:42.117 12504 12504 D AndroidRuntime: Calling main entry com.android.commands.monkey.Monkey
--------- beginning of system
08-05 15:29:42.133   918   931 W BroadcastQueue: Skipping deliver [background] BroadcastRecord{8ad382c u-1 android.net.conn.CONNECTIVITY_CHANGE} to ReceiverList{a8a988a 12504 (unknown name)/2000/u-1 remote:b47d27e}: process crashing
08-05 15:29:42.143   918  5952 I ActivityManager: START u0 {act=android.intent.action.MAIN cat=[android.intent.category.LAUNCHER] flg=0x10200000 cmp=baseline.io.github.project_travel_mate/.SplashActivity} from uid 2000 on display 0
08-05 15:29:42.183 12513 12513 I art     : Late-enabling -Xcheck:jni
08-05 15:29:42.184   918  3714 I ActivityManager: Start proc 12513:baseline.io.github.project_travel_mate/u0a674 for activity baseline.io.github.project_travel_mate/.SplashActivity
08-05 15:29:42.202 12504 12504 I art     : System.exit called, status: 0
08-05 15:29:42.202 12504 12504 I AndroidRuntime: VM exiting with result code 0.
08-05 15:29:42.252 16458 15483 I PBSessionCacheImpl: Deleted sessionId[72384646105454640] from persistence.
08-05 15:29:42.261 16458 16488 W SearchServiceCore: Abort, client detached.
08-05 15:29:42.261 16458 16488 I MicroDetectionState: Should stop hotword detection immediately - true
08-05 15:29:42.271 12513 12513 W System  : ClassLoader referenced unknown path: /data/app/baseline.io.github.project_travel_mate-1/lib/arm64
08-05 15:29:42.305 12513 12513 W art     : Before Android 4.1, method android.graphics.PorterDuffColorFilter androidx.vectordrawable.graphics.drawable.VectorDrawableCompat.updateTintFilter(android.graphics.PorterDuffColorFilter, android.content.res.ColorStateList, android.graphics.PorterDuff$Mode) would have incorrectly overridden the package-private method in android.graphics.drawable.Drawable
08-05 15:29:42.324 12513 12513 I art     : Rejecting re-init on previously-failed class java.lang.Class<androidx.core.view.ViewCompat$OnUnhandledKeyEventListenerWrapper>
08-05 15:29:42.324 12513 12513 I art     : Rejecting re-init on previously-failed class java.lang.Class<androidx.core.view.ViewCompat$OnUnhandledKeyEventListenerWrapper>
08-05 15:29:42.356 12513 12528 D OpenGLRenderer: Use EGL_SWAP_BEHAVIOR_PRESERVED: true
08-05 15:29:42.387 12513 12528 I Adreno  : QUALCOMM build                   : fcf4852, I1af360237c
08-05 15:29:42.387 12513 12528 I Adreno  : Build Date                       : 09/23/15
08-05 15:29:42.387 12513 12528 I Adreno  : OpenGL ES Shader Compiler Version: XE031.05.13.02
08-05 15:29:42.387 12513 12528 I Adreno  : Local Branch                     : mybranch14465806
08-05 15:29:42.387 12513 12528 I Adreno  : Remote Branch                    : quic/LA.BF64.1.2.9_v2
08-05 15:29:42.387 12513 12528 I Adreno  : Remote Branch                    : NONE
08-05 15:29:42.387 12513 12528 I Adreno  : Reconstruct Branch               : NOTHING
08-05 15:29:42.392 12513 12528 I OpenGLRenderer: Initialized EGL, version 1.4
08-05 15:29:42.448   918   927 I art     : Background partial concurrent mark sweep GC freed 171925(11MB) AllocSpace objects, 100(2MB) LOS objects, 18% free, 69MB/85MB, paused 1.227ms total 159.460ms
08-05 15:29:42.471   918   936 I ActivityManager: Displayed baseline.io.github.project_travel_mate/.SplashActivity: +317ms
08-05 15:29:42.475 13866 13866 I GoogleInputMethodServic: GoogleInputMethodService.onFinishInput():3138 
08-05 15:29:42.476 13866 13866 I GoogleInputMethodServic: GoogleInputMethodService.onStartInput():1808 
08-05 15:29:43.737 12546 12546 D AndroidRuntime: >>>>>> START com.android.internal.os.RuntimeInit uid 2000 <<<<<<
08-05 15:29:43.741 12546 12546 D AndroidRuntime: CheckJNI is OFF
08-05 15:29:43.766 12546 12546 D ICU     : No timezone override file found: /data/misc/zoneinfo/current/icu/icu_tzdata.dat
08-05 15:29:43.790 12546 12546 I Radio-JNI: register_android_hardware_Radio DONE
08-05 15:29:43.805 12546 12546 D AndroidRuntime: Calling main entry com.android.commands.am.Am
08-05 15:29:43.810 16924 16924 I Trepn   : Trepn 6.2s: Received intent: com.quicinc.trepn.start_profiling
08-05 15:29:43.907 16924 16924 W FileUtils: Failed to chmod(/storage/emulated/0/trepn/Trepn_2020.08.05_152943.db): android.system.ErrnoException: chmod failed: EPERM (Operation not permitted)
08-05 15:29:43.977 16924 16924 I Trepn   : Trepn 6.2s: Trepn has Started Profiling.
08-05 15:29:43.978 12546 12546 D AndroidRuntime: Shutting down VM
08-05 15:29:44.412 11851 11851 I Atfwd_Sendcmd: AtCmdFwd service not ready - Exhausted retry attempts - :6
08-05 15:29:44.413 11851 11851 I Atfwd_Daemon: result : -1 	 ,Init step :2 	 ,qmiErrorCode: 0
08-05 15:29:44.440   918  4400 I ActivityManager: START u0 {cmp=baseline.io.github.project_travel_mate/.MainActivity} from uid 10674 on display 0
08-05 15:29:44.518 12513 12513 W Settings: Setting airplane_mode_on has moved from android.provider.Settings.System to android.provider.Settings.Global, returning read-only value.
08-05 15:29:44.527 12513 12526 I art     : Starting a blocking GC Explicit
08-05 15:29:44.530 12513 12513 V MainActivity: url=https://project-travel-mate.herokuapp.com/api/get-user
08-05 15:29:44.553 12513 12526 I art     : Explicit concurrent mark sweep GC freed 65314(3MB) AllocSpace objects, 3(60KB) LOS objects, 40% free, 22MB/37MB, paused 771us total 26.418ms
08-05 15:29:44.563 12513 12580 W LOTTIE  : Unknown mask mode mode. Defaulting to Add.
08-05 15:29:44.563 12513 12526 I art     : Starting a blocking GC Explicit
08-05 15:29:44.574 12513 12580 W LOTTIE  : You have 5 images. Lottie should primarily be used with shapes. If you are using Adobe Illustrator, convert the Illustrator layers to shape layers.
08-05 15:29:44.575 12513 12580 W LOTTIE  : Unknown mask mode mode. Defaulting to Add.
08-05 15:29:44.576 12513 12580 W LOTTIE  : Unknown mask mode mode. Defaulting to Add.
08-05 15:29:44.580 12513 12526 I art     : Explicit concurrent mark sweep GC freed 5979(377KB) AllocSpace objects, 0(0B) LOS objects, 40% free, 23MB/38MB, paused 1.141ms total 16.161ms
08-05 15:29:44.589 12513 12526 I art     : Starting a blocking GC Explicit
08-05 15:29:44.601 12513 12526 I art     : Explicit concurrent mark sweep GC freed 6188(258KB) AllocSpace objects, 0(0B) LOS objects, 40% free, 23MB/38MB, paused 254us total 12.427ms
08-05 15:29:44.609 12513 12526 I art     : Starting a blocking GC Explicit
08-05 15:29:44.617 12513 12513 V CityFragment: url=https://project-travel-mate.herokuapp.com/api/get-all-cities/10
08-05 15:29:44.622 12513 12526 I art     : Explicit concurrent mark sweep GC freed 782(49KB) AllocSpace objects, 0(0B) LOS objects, 40% free, 23MB/38MB, paused 809us total 12.713ms
08-05 15:29:44.629 12513 12526 I art     : Starting a blocking GC Explicit
08-05 15:29:44.641 12513 12526 I art     : Explicit concurrent mark sweep GC freed 688(40KB) AllocSpace objects, 0(0B) LOS objects, 40% free, 23MB/38MB, paused 244us total 11.959ms
08-05 15:29:44.739 12513 12513 E RecyclerView: No adapter attached; skipping layout
08-05 15:29:44.906 12513 12526 I art     : Starting a blocking GC Explicit
08-05 15:29:44.920 12513 12526 I art     : Explicit concurrent mark sweep GC freed 6332(381KB) AllocSpace objects, 1(20KB) LOS objects, 36% free, 27MB/43MB, paused 228us total 13.546ms
08-05 15:29:44.928 12513 12526 I art     : Starting a blocking GC Explicit
08-05 15:29:44.931 12513 12513 V MainActivity: url = https://project-travel-mate.herokuapp.com/api/number-of-unread-notifications
08-05 15:29:44.932   918   936 I ActivityManager: Displayed baseline.io.github.project_travel_mate/.MainActivity: +485ms
08-05 15:29:44.940 13866 13866 I GoogleInputMethodServic: GoogleInputMethodService.onFinishInput():3138 
08-05 15:29:44.940 13866 13866 I GoogleInputMethodServic: GoogleInputMethodService.onStartInput():1808 
08-05 15:29:44.942 12513 12526 I art     : Explicit concurrent mark sweep GC freed 918(82KB) AllocSpace objects, 0(0B) LOS objects, 36% free, 27MB/43MB, paused 557us total 14.731ms
08-05 15:29:44.943 12513 12513 E RecyclerView: No adapter attached; skipping layout
08-05 15:29:44.951 12513 12526 I art     : Starting a blocking GC Explicit
08-05 15:29:44.969 12513 12526 I art     : Explicit concurrent mark sweep GC freed 337(24KB) AllocSpace objects, 0(0B) LOS objects, 36% free, 27MB/43MB, paused 440us total 17.909ms
08-05 15:29:44.979 12513 12526 I art     : Starting a blocking GC Explicit
08-05 15:29:44.996 12513 12526 I art     : Explicit concurrent mark sweep GC freed 1452(107KB) AllocSpace objects, 2(120KB) LOS objects, 36% free, 28MB/44MB, paused 669us total 16.438ms
08-05 15:29:45.006 12513 12526 I art     : Starting a blocking GC Explicit
08-05 15:29:45.022 12513 12526 I art     : Explicit concurrent mark sweep GC freed 4346(266KB) AllocSpace objects, 3(200KB) LOS objects, 36% free, 28MB/44MB, paused 408us total 16.732ms
08-05 15:29:45.061 12513 12579 I NAPPA_EXPERIMENTATION: MetricNetworkRequestExecutionTime: REQUEST_DURATION_SYSTEM='517',REQUEST_DURATION_OKHTTP='41',REQUEST_SYNCHRONOUS='FALSE',RESPONSE_CODE='200',RESPONSE_METHOD='GET',RESPONSE_LENGTH_OKHTTP='185',RESPONSE_LENGTH_HEADER='185',REQUEST_PROTOCOL='http/1.1',REQUEST_URL='https://project-travel-mate.herokuapp.com/api/get-user',
08-05 15:29:45.103 12513 12583 I NAPPA_EXPERIMENTATION: MetricNetworkRequestExecutionTime: REQUEST_DURATION_SYSTEM='486',REQUEST_DURATION_OKHTTP='78',REQUEST_SYNCHRONOUS='FALSE',RESPONSE_CODE='200',RESPONSE_METHOD='GET',RESPONSE_LENGTH_OKHTTP='1588',RESPONSE_LENGTH_HEADER='1588',REQUEST_PROTOCOL='http/1.1',REQUEST_URL='https://project-travel-mate.herokuapp.com/api/get-all-cities/10',
08-05 15:29:45.109 12513 12513 V CityFragment: result=[{"id":1,"city_name":"Delhi","facts_count":6,"image":"https://upload.wikimedia.org/wikipedia/commons/9/94/%E0%B4%96%E0%B5%81%E0%B4%A4%E0%B5%8D%E0%B4%AC%E0%B5%8D_%E0%B4%AE%E0%B4%BF%E0%B4%A8%E0%B4%BE%E0%B5%BC1.jpg","visit_count":18186},{"id":2,"city_name":"Mumbai","facts_count":0,"image":"https://static1.squarespace.com/static/55917ae2e4b0984fc8c264c4/t/5ad7a037758d464041bfba27/1524102624280/Victoria_Mumbai.jpg","visit_count":6022},{"id":3,"city_name":"Bangalore","facts_count":0,"image":null,"visit_count":5536},{"id":8,"city_name":"Pune","facts_count":0,"image":"https://www.zricks.com/ImagesPostProject/47929//6557d975-20a9-4c6c-a776-8072a1936a76.jpg","visit_count":3324},{"id":4,"city_name":"Chennai","facts_count":0,"image":"http://lh3.ggpht.com/_YLb7tJ8RoAk/SfazBLdgf3I/AAAAAAAANEg/p52_Zz_URxg/s640/Picture%20009.jpg","visit_count":3061},{"id":5,"city_name":"Kolkata","facts_count":0,"image":"https://i.pinimg.com/originals/05/ec/42/05ec42c545b494d12cc612923483b4f0.jpg","visit_count":2211},{"id":9,"city_name":"Jaipur","facts_count":1,"image":"https://www.trodly.com/pictures/attraction/1943.jpg","visit_count":2007},{"id":6,"city_name":"Hyderabad","facts_count":0,"image":"https://i1.trekearth.com/photos/59194/charminar_020_sm.jpg","visit_count":1633},{"id":150,"city_name":"Panjim","facts_count":0,"image":"http://www.nomad4ever.com/wp-content/uploads/2009/04/palm-trees-at-baga-creek-north-goa1.jpg","visit_count":1488},{"id":7,"city_name":"Ahmedabad","facts_count":0,"image":"https://i.pinimg.com/originals/a5/ed/29/a5ed293271669a61f47059f7b0d9cf2c.jpg","visit_count":1115}]
08-05 15:29:45.164   380   380 W SurfaceFlinger: couldn't log to binary event log: overflow.
08-05 15:29:45.170 12513 12513 D CityFragment: get cities cities size = 10
08-05 15:29:45.288 12513 12525 I art     : Starting a blocking GC Explicit
08-05 15:29:45.306 12513 12525 I art     : Explicit concurrent mark sweep GC freed 6329(482KB) AllocSpace objects, 3(120KB) LOS objects, 34% free, 30MB/46MB, paused 563us total 17.936ms
08-05 15:29:45.315 12513 12525 I art     : Starting a blocking GC Explicit
08-05 15:29:45.332 12513 12525 I art     : Explicit concurrent mark sweep GC freed 725(41KB) AllocSpace objects, 0(0B) LOS objects, 34% free, 30MB/46MB, paused 661us total 16.780ms
08-05 15:29:45.340 12513 12525 I art     : Starting a blocking GC Explicit
08-05 15:29:45.358 12513 12525 I art     : Explicit concurrent mark sweep GC freed 1285(147KB) AllocSpace objects, 3(140KB) LOS objects, 33% free, 32MB/48MB, paused 769us total 18.026ms
08-05 15:29:45.368 12513 12525 I art     : Starting a blocking GC Explicit
08-05 15:29:45.387 12513 12525 I art     : Explicit concurrent mark sweep GC freed 5231(360KB) AllocSpace objects, 4(236KB) LOS objects, 32% free, 32MB/48MB, paused 869us total 19.416ms
08-05 15:29:45.396 12513 12525 I art     : Starting a blocking GC Explicit
08-05 15:29:45.414 12513 12525 I art     : Explicit concurrent mark sweep GC freed 4198(271KB) AllocSpace objects, 3(168KB) LOS objects, 33% free, 32MB/48MB, paused 620us total 18.092ms
08-05 15:29:45.415 12513 12599 I NAPPA_EXPERIMENTATION: MetricNetworkRequestExecutionTime: REQUEST_DURATION_SYSTEM='484',REQUEST_DURATION_OKHTTP='46',REQUEST_SYNCHRONOUS='FALSE',RESPONSE_CODE='200',RESPONSE_METHOD='GET',RESPONSE_LENGTH_OKHTTP='36',RESPONSE_LENGTH_HEADER='36',REQUEST_PROTOCOL='http/1.1',REQUEST_URL='https://project-travel-mate.herokuapp.com/api/number-of-unread-notifications',
08-05 15:29:45.684 12513 12525 I art     : Starting a blocking GC Explicit
08-05 15:29:45.707 12513 12525 I art     : Explicit concurrent mark sweep GC freed 9332(968KB) AllocSpace objects, 7(4MB) LOS objects, 34% free, 30MB/46MB, paused 351us total 22.724ms
08-05 15:29:45.717 12513 12525 I art     : Starting a blocking GC Explicit
08-05 15:29:45.735 12513 12525 I art     : Explicit concurrent mark sweep GC freed 8749(486KB) AllocSpace objects, 2(56KB) LOS objects, 34% free, 30MB/46MB, paused 605us total 18.240ms
08-05 15:29:45.744 12513 12525 I art     : Starting a blocking GC Explicit
08-05 15:29:45.761 12513 12525 I art     : Explicit concurrent mark sweep GC freed 1759(73KB) AllocSpace objects, 2(88KB) LOS objects, 34% free, 30MB/46MB, paused 285us total 16.790ms
08-05 15:29:45.769 12513 12525 I art     : Starting a blocking GC Explicit
08-05 15:29:45.787 12513 12525 I art     : Explicit concurrent mark sweep GC freed 687(59KB) AllocSpace objects, 0(0B) LOS objects, 34% free, 30MB/46MB, paused 346us total 17.231ms
08-05 15:29:45.797 12513 12525 I art     : Starting a blocking GC Explicit
08-05 15:29:45.812 12513 12525 I art     : Explicit concurrent mark sweep GC freed 100(95KB) AllocSpace objects, 1(36KB) LOS objects, 33% free, 31MB/47MB, paused 290us total 15.315ms
08-05 15:29:46.114 12513 12525 I art     : Starting a blocking GC Explicit
08-05 15:29:46.136 12513 12525 I art     : Explicit concurrent mark sweep GC freed 8483(748KB) AllocSpace objects, 14(1640KB) LOS objects, 32% free, 32MB/48MB, paused 421us total 21.806ms
08-05 15:29:46.145 12513 12525 I art     : Starting a blocking GC Explicit
08-05 15:29:46.162 12513 12525 I art     : Explicit concurrent mark sweep GC freed 299(10KB) AllocSpace objects, 0(0B) LOS objects, 32% free, 32MB/48MB, paused 246us total 16.593ms
08-05 15:29:46.170 12513 12525 I art     : Starting a blocking GC Explicit
08-05 15:29:46.186 12513 12525 I art     : Explicit concurrent mark sweep GC freed 197(86KB) AllocSpace objects, 1(20KB) LOS objects, 31% free, 34MB/50MB, paused 289us total 15.886ms
08-05 15:29:46.195 12513 12525 I art     : Starting a blocking GC Explicit
08-05 15:29:46.211 12513 12525 I art     : Explicit concurrent mark sweep GC freed 100(53KB) AllocSpace objects, 2(1240KB) LOS objects, 32% free, 32MB/48MB, paused 256us total 16.197ms
08-05 15:29:46.219 12513 12525 I art     : Starting a blocking GC Explicit
08-05 15:29:46.235 12513 12525 I art     : Explicit concurrent mark sweep GC freed 186(6KB) AllocSpace objects, 2(88KB) LOS objects, 32% free, 32MB/48MB, paused 231us total 16.122ms
08-05 15:29:46.561 12513 12531 I art     : Starting a blocking GC Explicit
08-05 15:29:46.580 12513 12531 I art     : Explicit concurrent mark sweep GC freed 2368(112KB) AllocSpace objects, 2(40KB) LOS objects, 32% free, 32MB/48MB, paused 268us total 18.563ms
08-05 15:29:46.589 12513 12531 I art     : Starting a blocking GC Explicit
08-05 15:29:46.607 12513 12531 I art     : Explicit concurrent mark sweep GC freed 80(2304B) AllocSpace objects, 0(0B) LOS objects, 32% free, 32MB/48MB, paused 269us total 18.138ms
08-05 15:29:46.617 12513 12531 I art     : Starting a blocking GC Explicit
08-05 15:29:46.634 12513 12531 I art     : Explicit concurrent mark sweep GC freed 51(896B) AllocSpace objects, 0(0B) LOS objects, 32% free, 32MB/48MB, paused 267us total 17.278ms
08-05 15:29:46.643 12513 12531 I art     : Starting a blocking GC Explicit
08-05 15:29:46.660 12513 12531 I art     : Explicit concurrent mark sweep GC freed 27(496B) AllocSpace objects, 0(0B) LOS objects, 32% free, 32MB/48MB, paused 264us total 16.978ms
08-05 15:29:46.669 12513 12531 I art     : Starting a blocking GC Explicit
08-05 15:29:46.686 12513 12531 I art     : Explicit concurrent mark sweep GC freed 51(896B) AllocSpace objects, 0(0B) LOS objects, 32% free, 32MB/48MB, paused 257us total 17.251ms
08-05 15:29:47.016 12513 12525 I art     : Starting a blocking GC Explicit
08-05 15:29:47.034 12513 12525 I art     : Explicit concurrent mark sweep GC freed 1923(90KB) AllocSpace objects, 2(40KB) LOS objects, 32% free, 32MB/48MB, paused 301us total 17.994ms
08-05 15:29:47.043 12513 12525 I art     : Starting a blocking GC Explicit
08-05 15:29:47.061 12513 12525 I art     : Explicit concurrent mark sweep GC freed 48(1248B) AllocSpace objects, 0(0B) LOS objects, 32% free, 32MB/48MB, paused 277us total 17.302ms
08-05 15:29:47.070 12513 12525 I art     : Starting a blocking GC Explicit
08-05 15:29:47.088 12513 12525 I art     : Explicit concurrent mark sweep GC freed 49(848B) AllocSpace objects, 0(0B) LOS objects, 32% free, 32MB/48MB, paused 856us total 17.935ms
08-05 15:29:47.096 12513 12525 I art     : Starting a blocking GC Explicit
08-05 15:29:47.113 12513 12525 I art     : Explicit concurrent mark sweep GC freed 29(544B) AllocSpace objects, 0(0B) LOS objects, 32% free, 32MB/48MB, paused 249us total 16.646ms
08-05 15:29:47.122 12513 12525 I art     : Starting a blocking GC Explicit
08-05 15:29:47.139 12513 12525 I art     : Explicit concurrent mark sweep GC freed 51(896B) AllocSpace objects, 0(0B) LOS objects, 32% free, 32MB/48MB, paused 255us total 17.198ms
08-05 15:29:47.471 12513 12526 I art     : Starting a blocking GC Explicit
08-05 15:29:47.491 12513 12526 I art     : Explicit concurrent mark sweep GC freed 1927(91KB) AllocSpace objects, 2(40KB) LOS objects, 32% free, 32MB/48MB, paused 264us total 19.286ms
08-05 15:29:47.500 12513 12526 I art     : Starting a blocking GC Explicit
08-05 15:29:47.518 12513 12526 I art     : Explicit concurrent mark sweep GC freed 55(1312B) AllocSpace objects, 0(0B) LOS objects, 32% free, 32MB/48MB, paused 315us total 18.139ms
08-05 15:29:47.527 12513 12526 I art     : Starting a blocking GC Explicit
08-05 15:29:47.545 12513 12526 I art     : Explicit concurrent mark sweep GC freed 42(768B) AllocSpace objects, 0(0B) LOS objects, 32% free, 32MB/48MB, paused 264us total 17.227ms
08-05 15:29:47.553 12513 12526 I art     : Starting a blocking GC Explicit
08-05 15:29:47.571 12513 12526 I art     : Explicit concurrent mark sweep GC freed 41(720B) AllocSpace objects, 0(0B) LOS objects, 32% free, 32MB/48MB, paused 271us total 17.467ms
08-05 15:29:47.580 12513 12526 I art     : Starting a blocking GC Explicit
08-05 15:29:47.597 12513 12526 I art     : Explicit concurrent mark sweep GC freed 37(672B) AllocSpace objects, 0(0B) LOS objects, 32% free, 32MB/48MB, paused 248us total 17.091ms
08-05 15:29:47.933 12513 12531 I art     : Starting a blocking GC Explicit
08-05 15:29:47.950   918  3261 D WifiStateMachine: starting scan for "H369AA63323"WPA_PSK with 2412,5180
08-05 15:29:47.954 12513 12531 I art     : Explicit concurrent mark sweep GC freed 1938(91KB) AllocSpace objects, 2(40KB) LOS objects, 32% free, 32MB/48MB, paused 486us total 20.399ms
08-05 15:29:47.966 12513 12531 I art     : Starting a blocking GC Explicit
08-05 15:29:47.982 12513 12531 I art     : Explicit concurrent mark sweep GC freed 59(1408B) AllocSpace objects, 0(0B) LOS objects, 32% free, 32MB/48MB, paused 250us total 15.980ms
08-05 15:29:47.990 12513 12531 I art     : Starting a blocking GC Explicit
08-05 15:29:48.007 12513 12531 I art     : Explicit concurrent mark sweep GC freed 51(896B) AllocSpace objects, 0(0B) LOS objects, 32% free, 32MB/48MB, paused 254us total 16.809ms
08-05 15:29:48.016 12513 12531 I art     : Starting a blocking GC Explicit
08-05 15:29:48.032 12513 12531 I art     : Explicit concurrent mark sweep GC freed 27(496B) AllocSpace objects, 0(0B) LOS objects, 32% free, 32MB/48MB, paused 235us total 15.850ms
08-05 15:29:48.040 12513 12531 I art     : Starting a blocking GC Explicit
08-05 15:29:48.056 12513 12531 I art     : Explicit concurrent mark sweep GC freed 51(896B) AllocSpace objects, 0(0B) LOS objects, 32% free, 32MB/48MB, paused 233us total 15.901ms
08-05 15:29:48.363 12513 12525 I art     : Starting a blocking GC Explicit
08-05 15:29:48.383 12513 12525 I art     : Explicit concurrent mark sweep GC freed 1878(90KB) AllocSpace objects, 2(40KB) LOS objects, 32% free, 32MB/48MB, paused 271us total 19.737ms
08-05 15:29:48.396 12513 12525 I art     : Starting a blocking GC Explicit
08-05 15:29:48.413 12513 12525 I art     : Explicit concurrent mark sweep GC freed 70(1584B) AllocSpace objects, 0(0B) LOS objects, 32% free, 32MB/48MB, paused 259us total 16.675ms
08-05 15:29:48.422 12513 12525 I art     : Starting a blocking GC Explicit
08-05 15:29:48.438 12513 12525 I art     : Explicit concurrent mark sweep GC freed 51(896B) AllocSpace objects, 0(0B) LOS objects, 32% free, 32MB/48MB, paused 244us total 16.128ms
08-05 15:29:48.447 12513 12525 I art     : Starting a blocking GC Explicit
08-05 15:29:48.464 12513 12525 I art     : Explicit concurrent mark sweep GC freed 27(496B) AllocSpace objects, 0(0B) LOS objects, 32% free, 32MB/48MB, paused 256us total 16.598ms
08-05 15:29:48.472 12513 12525 I art     : Starting a blocking GC Explicit
08-05 15:29:48.490 12513 12525 I art     : Explicit concurrent mark sweep GC freed 46(800B) AllocSpace objects, 0(0B) LOS objects, 32% free, 32MB/48MB, paused 312us total 17.624ms
08-05 15:29:48.837 12513 12526 I art     : Starting a blocking GC Explicit
08-05 15:29:48.856 12513 12526 I art     : Explicit concurrent mark sweep GC freed 1955(91KB) AllocSpace objects, 2(40KB) LOS objects, 32% free, 32MB/48MB, paused 263us total 18.447ms
08-05 15:29:48.865 12513 12526 I art     : Starting a blocking GC Explicit
08-05 15:29:48.882 12513 12526 I art     : Explicit concurrent mark sweep GC freed 46(1184B) AllocSpace objects, 0(0B) LOS objects, 32% free, 32MB/48MB, paused 307us total 16.749ms
08-05 15:29:48.891 12513 12526 I art     : Starting a blocking GC Explicit
08-05 15:29:48.907 12513 12526 I art     : Explicit concurrent mark sweep GC freed 51(896B) AllocSpace objects, 0(0B) LOS objects, 32% free, 32MB/48MB, paused 242us total 15.519ms
08-05 15:29:48.915 12513 12526 I art     : Starting a blocking GC Explicit
08-05 15:29:48.931 12513 12526 I art     : Explicit concurrent mark sweep GC freed 27(496B) AllocSpace objects, 0(0B) LOS objects, 32% free, 32MB/48MB, paused 257us total 15.340ms
08-05 15:29:48.939 12513 12526 I art     : Starting a blocking GC Explicit
08-05 15:29:48.954 12513 12526 I art     : Explicit concurrent mark sweep GC freed 51(896B) AllocSpace objects, 0(0B) LOS objects, 32% free, 32MB/48MB, paused 233us total 15.233ms
08-05 15:29:49.292 12513 12531 I art     : Starting a blocking GC Explicit
08-05 15:29:49.310 12513 12531 I art     : Explicit concurrent mark sweep GC freed 1926(91KB) AllocSpace objects, 2(40KB) LOS objects, 32% free, 32MB/48MB, paused 270us total 18.112ms
08-05 15:29:49.319 12513 12531 I art     : Starting a blocking GC Explicit
08-05 15:29:49.336 12513 12531 I art     : Explicit concurrent mark sweep GC freed 55(1312B) AllocSpace objects, 0(0B) LOS objects, 32% free, 32MB/48MB, paused 301us total 17.506ms
08-05 15:29:49.345 12513 12531 I art     : Starting a blocking GC Explicit
08-05 15:29:49.363 12513 12531 I art     : Explicit concurrent mark sweep GC freed 42(768B) AllocSpace objects, 0(0B) LOS objects, 32% free, 32MB/48MB, paused 250us total 17.216ms
08-05 15:29:49.371 12513 12531 I art     : Starting a blocking GC Explicit
08-05 15:29:49.389 12513 12531 I art     : Explicit concurrent mark sweep GC freed 38(656B) AllocSpace objects, 0(0B) LOS objects, 32% free, 32MB/48MB, paused 320us total 17.031ms
08-05 15:29:49.397 12513 12531 I art     : Starting a blocking GC Explicit
08-05 15:29:49.413 11851 11851 I ServiceManager: Waiting for service AtCmdFwd...
08-05 15:29:49.414 12513 12531 I art     : Explicit concurrent mark sweep GC freed 40(736B) AllocSpace objects, 0(0B) LOS objects, 32% free, 32MB/48MB, paused 259us total 17.025ms
08-05 15:29:49.764 12513 12525 I art     : Starting a blocking GC Explicit
08-05 15:29:49.782 12513 12525 I art     : Explicit concurrent mark sweep GC freed 1951(91KB) AllocSpace objects, 2(40KB) LOS objects, 32% free, 32MB/48MB, paused 266us total 17.694ms
08-05 15:29:49.791 12513 12525 I art     : Starting a blocking GC Explicit
08-05 15:29:49.808 12513 12525 I art     : Explicit concurrent mark sweep GC freed 70(1584B) AllocSpace objects, 0(0B) LOS objects, 32% free, 32MB/48MB, paused 246us total 17.129ms
08-05 15:29:49.817 12513 12525 I art     : Starting a blocking GC Explicit
08-05 15:29:49.834 12513 12525 I art     : Explicit concurrent mark sweep GC freed 27(496B) AllocSpace objects, 0(0B) LOS objects, 32% free, 32MB/48MB, paused 245us total 16.785ms
08-05 15:29:49.843 12513 12525 I art     : Starting a blocking GC Explicit
08-05 15:29:49.860 12513 12525 I art     : Explicit concurrent mark sweep GC freed 51(896B) AllocSpace objects, 0(0B) LOS objects, 32% free, 32MB/48MB, paused 249us total 16.796ms
08-05 15:29:49.869 12513 12525 I art     : Starting a blocking GC Explicit
08-05 15:29:49.886 12513 12525 I art     : Explicit concurrent mark sweep GC freed 27(496B) AllocSpace objects, 0(0B) LOS objects, 32% free, 32MB/48MB, paused 386us total 17.060ms
08-05 15:29:50.220 12513 12526 I art     : Starting a blocking GC Explicit
08-05 15:29:50.240 12513 12526 I art     : Explicit concurrent mark sweep GC freed 1950(91KB) AllocSpace objects, 2(40KB) LOS objects, 32% free, 32MB/48MB, paused 278us total 19.894ms
08-05 15:29:50.252 12513 12526 I art     : Starting a blocking GC Explicit
08-05 15:29:50.269 12513 12526 I art     : Explicit concurrent mark sweep GC freed 47(1216B) AllocSpace objects, 0(0B) LOS objects, 32% free, 32MB/48MB, paused 255us total 16.682ms
08-05 15:29:50.278 12513 12526 I art     : Starting a blocking GC Explicit
08-05 15:29:50.294 12513 12526 I art     : Explicit concurrent mark sweep GC freed 51(896B) AllocSpace objects, 0(0B) LOS objects, 32% free, 32MB/48MB, paused 260us total 16.207ms
08-05 15:29:50.303 12513 12526 I art     : Starting a blocking GC Explicit
08-05 15:29:50.320 12513 12526 I art     : Explicit concurrent mark sweep GC freed 33(576B) AllocSpace objects, 0(0B) LOS objects, 32% free, 32MB/48MB, paused 288us total 17.167ms
08-05 15:29:50.329 12513 12526 I art     : Starting a blocking GC Explicit
08-05 15:29:50.345 12513 12526 I art     : Explicit concurrent mark sweep GC freed 45(816B) AllocSpace objects, 0(0B) LOS objects, 32% free, 32MB/48MB, paused 250us total 16.492ms
08-05 15:29:50.414 11851 11851 I ServiceManager: Waiting for service AtCmdFwd...
08-05 15:29:50.682 12513 12531 I art     : Starting a blocking GC Explicit
08-05 15:29:50.702 12513 12531 I art     : Explicit concurrent mark sweep GC freed 1926(91KB) AllocSpace objects, 2(40KB) LOS objects, 32% free, 32MB/48MB, paused 276us total 19.445ms
08-05 15:29:50.714 12513 12531 I art     : Starting a blocking GC Explicit
08-05 15:29:50.731 12513 12531 I art     : Explicit concurrent mark sweep GC freed 70(1584B) AllocSpace objects, 0(0B) LOS objects, 32% free, 32MB/48MB, paused 257us total 16.385ms
08-05 15:29:50.739 12513 12531 I art     : Starting a blocking GC Explicit
08-05 15:29:50.757 12513 12531 I art     : Explicit concurrent mark sweep GC freed 50(864B) AllocSpace objects, 0(0B) LOS objects, 32% free, 32MB/48MB, paused 322us total 16.937ms
08-05 15:29:50.765 12513 12531 I art     : Starting a blocking GC Explicit
08-05 15:29:50.782 12513 12531 I art     : Explicit concurrent mark sweep GC freed 28(528B) AllocSpace objects, 0(0B) LOS objects, 32% free, 32MB/48MB, paused 252us total 16.722ms
08-05 15:29:50.791 12513 12531 I art     : Starting a blocking GC Explicit
08-05 15:29:50.808 12513 12531 I art     : Explicit concurrent mark sweep GC freed 51(896B) AllocSpace objects, 0(0B) LOS objects, 32% free, 32MB/48MB, paused 243us total 17.491ms
08-05 15:29:51.119 12513 12525 I art     : Starting a blocking GC Explicit
08-05 15:29:51.138 12513 12525 I art     : Explicit concurrent mark sweep GC freed 1887(90KB) AllocSpace objects, 2(40KB) LOS objects, 32% free, 32MB/48MB, paused 304us total 18.135ms
08-05 15:29:51.147 12513 12525 I art     : Starting a blocking GC Explicit
08-05 15:29:51.164 12513 12525 I art     : Explicit concurrent mark sweep GC freed 63(1488B) AllocSpace objects, 0(0B) LOS objects, 32% free, 32MB/48MB, paused 260us total 17.239ms
08-05 15:29:51.173 12513 12525 I art     : Starting a blocking GC Explicit
08-05 15:29:51.191 12513 12525 I art     : Explicit concurrent mark sweep GC freed 45(784B) AllocSpace objects, 0(0B) LOS objects, 32% free, 32MB/48MB, paused 324us total 17.689ms
08-05 15:29:51.200 12513 12525 I art     : Starting a blocking GC Explicit
08-05 15:29:51.217 12513 12525 I art     : Explicit concurrent mark sweep GC freed 33(608B) AllocSpace objects, 0(0B) LOS objects, 32% free, 32MB/48MB, paused 263us total 16.732ms
08-05 15:29:51.226 12513 12525 I art     : Starting a blocking GC Explicit
08-05 15:29:51.244 12513 12525 I art     : Explicit concurrent mark sweep GC freed 51(896B) AllocSpace objects, 0(0B) LOS objects, 32% free, 32MB/48MB, paused 259us total 17.285ms
08-05 15:29:51.333 12757 12757 D AndroidRuntime: >>>>>> START com.android.internal.os.RuntimeInit uid 2000 <<<<<<
08-05 15:29:51.337 12757 12757 D AndroidRuntime: CheckJNI is OFF
08-05 15:29:51.363 12757 12757 D ICU     : No timezone override file found: /data/misc/zoneinfo/current/icu/icu_tzdata.dat
08-05 15:29:51.388 12757 12757 I Radio-JNI: register_android_hardware_Radio DONE
08-05 15:29:51.404 12757 12757 D AndroidRuntime: Calling main entry com.android.commands.input.Input
08-05 15:29:51.406 12757 12757 I Input   : injectMotionEvent: MotionEvent { action=ACTION_DOWN, actionButton=0, id[0]=0, x[0]=346.0, y[0]=709.0, toolType[0]=TOOL_TYPE_UNKNOWN, buttonState=0, metaState=0, flags=0x0, edgeFlags=0x0, pointerCount=1, historySize=0, eventTime=804607819, downTime=804607819, deviceId=0, source=0x1002 }
08-05 15:29:51.412 12757 12757 I Input   : injectMotionEvent: MotionEvent { action=ACTION_UP, actionButton=0, id[0]=0, x[0]=346.0, y[0]=709.0, toolType[0]=TOOL_TYPE_UNKNOWN, buttonState=0, metaState=0, flags=0x0, edgeFlags=0x0, pointerCount=1, historySize=0, eventTime=804607819, downTime=804607819, deviceId=0, source=0x1002 }
08-05 15:29:51.414 11851 11851 I ServiceManager: Waiting for service AtCmdFwd...
08-05 15:29:51.424   918  3359 I ActivityManager: START u0 {cmp=baseline.io.github.project_travel_mate/.destinations.description.FinalCityInfoActivity (has extras)} from uid 10674 on display 0
08-05 15:29:51.430 12757 12757 D AndroidRuntime: Shutting down VM
08-05 15:29:51.450 12513 12580 D Gabe    : call	returning from cache
08-05 15:29:51.471 12513 12513 V EXECUTING: https://project-travel-mate.herokuapp.com/api/get-city-weather/1
08-05 15:29:51.530 12513 12531 I art     : Starting a blocking GC Explicit
08-05 15:29:51.553 12513 12531 I art     : Explicit concurrent mark sweep GC freed 9226(582KB) AllocSpace objects, 2(40KB) LOS objects, 29% free, 37MB/53MB, paused 660us total 22.814ms
08-05 15:29:51.563 12513 12531 I art     : Starting a blocking GC Explicit
08-05 15:29:51.582 12513 12531 I art     : Explicit concurrent mark sweep GC freed 619(35KB) AllocSpace objects, 0(0B) LOS objects, 29% free, 37MB/53MB, paused 422us total 19.097ms
08-05 15:29:51.586   918   936 I ActivityManager: Displayed baseline.io.github.project_travel_mate/.destinations.description.FinalCityInfoActivity: +155ms
08-05 15:29:51.586 13866 13866 I GoogleInputMethodServic: GoogleInputMethodService.onFinishInput():3138 
08-05 15:29:51.587 13866 13866 I GoogleInputMethodServic: GoogleInputMethodService.onStartInput():1808 
08-05 15:29:51.592 12513 12531 I art     : Starting a blocking GC Explicit
08-05 15:29:51.613 12513 12531 I art     : Explicit concurrent mark sweep GC freed 144(3KB) AllocSpace objects, 0(0B) LOS objects, 29% free, 37MB/53MB, paused 563us total 21.370ms
08-05 15:29:51.624 12513 12531 I art     : Starting a blocking GC Explicit
08-05 15:29:51.645 12513 12531 I art     : Explicit concurrent mark sweep GC freed 12(272B) AllocSpace objects, 0(0B) LOS objects, 29% free, 37MB/53MB, paused 426us total 21.321ms
08-05 15:29:51.654 12513 12531 I art     : Starting a blocking GC Explicit
08-05 15:29:51.674 12513 12531 I art     : Explicit concurrent mark sweep GC freed 152(2736B) AllocSpace objects, 0(0B) LOS objects, 29% free, 37MB/53MB, paused 350us total 19.598ms
08-05 15:29:51.838   380   380 W SurfaceFlinger: couldn't log to binary event log: overflow.
08-05 15:29:51.922 12513 12792 I art     : Starting a blocking GC Explicit
08-05 15:29:51.940 12513 12792 I art     : Explicit concurrent mark sweep GC freed 2195(95KB) AllocSpace objects, 2(40KB) LOS objects, 29% free, 37MB/53MB, paused 292us total 17.950ms
08-05 15:29:51.949 12513 12792 I art     : Starting a blocking GC Explicit
08-05 15:29:51.967 12513 12792 I art     : Explicit concurrent mark sweep GC freed 2066(113KB) AllocSpace objects, 2(120KB) LOS objects, 29% free, 37MB/53MB, paused 600us total 17.910ms
08-05 15:29:51.976 12513 12792 I art     : Starting a blocking GC Explicit
08-05 15:29:52.004 12513 12792 I art     : Explicit concurrent mark sweep GC freed 3496(211KB) AllocSpace objects, 1(80KB) LOS objects, 29% free, 37MB/53MB, paused 614us total 27.908ms
08-05 15:29:52.013 12513 12792 I art     : Starting a blocking GC Explicit
08-05 15:29:52.016 12513 12791 I NAPPA_EXPERIMENTATION: MetricNetworkRequestExecutionTime: REQUEST_DURATION_SYSTEM='544',REQUEST_DURATION_OKHTTP='37',REQUEST_SYNCHRONOUS='FALSE',RESPONSE_CODE='200',RESPONSE_METHOD='GET',RESPONSE_LENGTH_OKHTTP='530',RESPONSE_LENGTH_HEADER='530',REQUEST_PROTOCOL='http/1.1',REQUEST_URL='https://project-travel-mate.herokuapp.com/api/get-city/1',
08-05 15:29:52.033 12513 12792 I art     : Explicit concurrent mark sweep GC freed 187(13KB) AllocSpace objects, 0(0B) LOS objects, 29% free, 37MB/53MB, paused 530us total 19.756ms
08-05 15:29:52.042 12513 12792 I art     : Starting a blocking GC Explicit
08-05 15:29:52.050 12513 12790 I NAPPA_EXPERIMENTATION: MetricNetworkRequestExecutionTime: REQUEST_DURATION_SYSTEM='579',REQUEST_DURATION_OKHTTP='71',REQUEST_SYNCHRONOUS='FALSE',RESPONSE_CODE='200',RESPONSE_METHOD='GET',RESPONSE_LENGTH_OKHTTP='238',RESPONSE_LENGTH_HEADER='238',REQUEST_PROTOCOL='http/1.1',REQUEST_URL='https://project-travel-mate.herokuapp.com/api/get-city-weather/1',
08-05 15:29:52.050 12513 12791 V Response: {"id":1,"city_name":"Delhi","description":"Delhi, officially the National Capital Territory of Delhi, is the Capital territory of India. During the British Raj, Delhi was part of the province of Punjab and is still historically and culturally connected to the Punjab region.","latitude":"28.613900","longitude":"77.209000","facts_count":6,"images":["https://upload.wikimedia.org/wikipedia/commons/9/94/%E0%B4%96%E0%B5%81%E0%B4%A4%E0%B5%8D%E0%B4%AC%E0%B5%8D_%E0%B4%AE%E0%B4%BF%E0%B4%A8%E0%B4%BE%E0%B5%BC1.jpg"],"has_visited":false}
08-05 15:29:52.062 12513 12792 I art     : Explicit concurrent mark sweep GC freed 404(30KB) AllocSpace objects, 0(0B) LOS objects, 29% free, 37MB/53MB, paused 450us total 19.858ms
08-05 15:29:52.347 12513 12792 I art     : Starting a blocking GC Explicit
08-05 15:29:52.369 12513 12792 I art     : Explicit concurrent mark sweep GC freed 4941(352KB) AllocSpace objects, 11(5MB) LOS objects, 29% free, 38MB/54MB, paused 283us total 22.403ms
08-05 15:29:52.379 12513 12792 I art     : Starting a blocking GC Explicit
08-05 15:29:52.399 12513 12792 I art     : Explicit concurrent mark sweep GC freed 282(9KB) AllocSpace objects, 0(0B) LOS objects, 29% free, 38MB/54MB, paused 316us total 19.491ms
08-05 15:29:52.408 12513 12792 I art     : Starting a blocking GC Explicit
08-05 15:29:52.414 11851 11851 I ServiceManager: Waiting for service AtCmdFwd...
08-05 15:29:52.427 12513 12792 I art     : Explicit concurrent mark sweep GC freed 100(1808B) AllocSpace objects, 0(0B) LOS objects, 29% free, 38MB/54MB, paused 467us total 18.999ms
08-05 15:29:52.436 12513 12792 I art     : Starting a blocking GC Explicit
08-05 15:29:52.453 12513 12792 I art     : Explicit concurrent mark sweep GC freed 52(928B) AllocSpace objects, 0(0B) LOS objects, 29% free, 38MB/54MB, paused 276us total 17.412ms
08-05 15:29:52.462 12513 12792 I art     : Starting a blocking GC Explicit
08-05 15:29:52.480 12513 12792 I art     : Explicit concurrent mark sweep GC freed 99(1696B) AllocSpace objects, 0(0B) LOS objects, 29% free, 38MB/54MB, paused 273us total 18.332ms
08-05 15:29:52.807 12513 12525 I art     : Starting a blocking GC Explicit
08-05 15:29:52.830 12513 12525 I art     : Explicit concurrent mark sweep GC freed 2456(100KB) AllocSpace objects, 2(40KB) LOS objects, 29% free, 38MB/54MB, paused 299us total 22.468ms
08-05 15:29:52.841 12513 12525 I art     : Starting a blocking GC Explicit
08-05 15:29:52.862 12513 12525 I art     : Explicit concurrent mark sweep GC freed 128(2928B) AllocSpace objects, 0(0B) LOS objects, 29% free, 38MB/54MB, paused 295us total 20.105ms
08-05 15:29:52.871 12513 12525 I art     : Starting a blocking GC Explicit
08-05 15:29:52.891 12513 12525 I art     : Explicit concurrent mark sweep GC freed 99(1696B) AllocSpace objects, 0(0B) LOS objects, 29% free, 38MB/54MB, paused 262us total 20.059ms
08-05 15:29:52.900 12513 12525 I art     : Starting a blocking GC Explicit
08-05 15:29:52.920 12513 12525 I art     : Explicit concurrent mark sweep GC freed 51(896B) AllocSpace objects, 0(0B) LOS objects, 29% free, 38MB/54MB, paused 282us total 19.493ms
08-05 15:29:52.929 12513 12525 I art     : Starting a blocking GC Explicit
08-05 15:29:52.949 12513 12525 I art     : Explicit concurrent mark sweep GC freed 99(1696B) AllocSpace objects, 0(0B) LOS objects, 29% free, 38MB/54MB, paused 286us total 19.917ms
08-05 15:29:53.296 12513 12531 I art     : Starting a blocking GC Explicit
08-05 15:29:53.320 12513 12531 I art     : Explicit concurrent mark sweep GC freed 2480(100KB) AllocSpace objects, 2(40KB) LOS objects, 29% free, 38MB/54MB, paused 332us total 23.892ms
08-05 15:29:53.330 12513 12531 I art     : Starting a blocking GC Explicit
08-05 15:29:53.350 12513 12531 I art     : Explicit concurrent mark sweep GC freed 118(2384B) AllocSpace objects, 0(0B) LOS objects, 29% free, 38MB/54MB, paused 289us total 20.561ms
08-05 15:29:53.360 12513 12531 I art     : Starting a blocking GC Explicit
08-05 15:29:53.380 12513 12531 I art     : Explicit concurrent mark sweep GC freed 99(1696B) AllocSpace objects, 0(0B) LOS objects, 29% free, 38MB/54MB, paused 289us total 20.061ms
08-05 15:29:53.389 12513 12531 I art     : Starting a blocking GC Explicit
08-05 15:29:53.409 12513 12531 I art     : Explicit concurrent mark sweep GC freed 98(1664B) AllocSpace objects, 0(0B) LOS objects, 29% free, 38MB/54MB, paused 298us total 19.633ms
08-05 15:29:53.415 11851 11851 I ServiceManager: Waiting for service AtCmdFwd...
08-05 15:29:53.418 12513 12531 I art     : Starting a blocking GC Explicit
08-05 15:29:53.439 12513 12531 I art     : Explicit concurrent mark sweep GC freed 52(928B) AllocSpace objects, 0(0B) LOS objects, 29% free, 38MB/54MB, paused 280us total 20.234ms
08-05 15:29:53.790 12513 12792 I art     : Starting a blocking GC Explicit
08-05 15:29:53.814 12513 12792 I art     : Explicit concurrent mark sweep GC freed 2526(100KB) AllocSpace objects, 2(40KB) LOS objects, 29% free, 38MB/54MB, paused 301us total 23.138ms
08-05 15:29:53.823 12513 12792 I art     : Starting a blocking GC Explicit
08-05 15:29:53.843 12513 12792 I art     : Explicit concurrent mark sweep GC freed 118(2384B) AllocSpace objects, 0(0B) LOS objects, 29% free, 38MB/54MB, paused 295us total 19.565ms
08-05 15:29:53.852 12513 12792 I art     : Starting a blocking GC Explicit
08-05 15:29:53.871 12513 12792 I art     : Explicit concurrent mark sweep GC freed 52(928B) AllocSpace objects, 0(0B) LOS objects, 29% free, 38MB/54MB, paused 279us total 19.155ms
08-05 15:29:53.880 12513 12792 I art     : Starting a blocking GC Explicit
08-05 15:29:53.900 12513 12792 I art     : Explicit concurrent mark sweep GC freed 99(1696B) AllocSpace objects, 0(0B) LOS objects, 29% free, 38MB/54MB, paused 327us total 19.647ms
08-05 15:29:53.909 12513 12792 I art     : Starting a blocking GC Explicit
08-05 15:29:53.929 12513 12792 I art     : Explicit concurrent mark sweep GC freed 99(1696B) AllocSpace objects, 0(0B) LOS objects, 29% free, 38MB/54MB, paused 290us total 20.047ms
08-05 15:29:54.290 12513 12526 I art     : Starting a blocking GC Explicit
08-05 15:29:54.313 12513 12526 I art     : Explicit concurrent mark sweep GC freed 2527(100KB) AllocSpace objects, 2(40KB) LOS objects, 29% free, 38MB/54MB, paused 279us total 22.294ms
08-05 15:29:54.322 12513 12526 I art     : Starting a blocking GC Explicit
08-05 15:29:54.342 12513 12526 I art     : Explicit concurrent mark sweep GC freed 100(2080B) AllocSpace objects, 0(0B) LOS objects, 29% free, 38MB/54MB, paused 402us total 19.373ms
08-05 15:29:54.351 12513 12526 I art     : Starting a blocking GC Explicit
08-05 15:29:54.370 12513 12526 I art     : Explicit concurrent mark sweep GC freed 70(1232B) AllocSpace objects, 0(0B) LOS objects, 29% free, 38MB/54MB, paused 275us total 18.802ms
08-05 15:29:54.379 12513 12526 I art     : Starting a blocking GC Explicit
08-05 15:29:54.398 12513 12526 I art     : Explicit concurrent mark sweep GC freed 99(1696B) AllocSpace objects, 0(0B) LOS objects, 29% free, 38MB/54MB, paused 279us total 19.508ms
08-05 15:29:54.407 12513 12526 I art     : Starting a blocking GC Explicit
08-05 15:29:54.415 11851 11851 W Atfwd_Sendcmd: AtCmdFwd service not published, waiting... retryCnt : 1
08-05 15:29:54.428 12513 12526 I art     : Explicit concurrent mark sweep GC freed 98(1664B) AllocSpace objects, 0(0B) LOS objects, 29% free, 38MB/54MB, paused 265us total 20.236ms
08-05 15:29:54.690   518   646 I ThermalEngine: ACTION: GPU - Setting GPU[0] to 510000000
08-05 15:29:54.813 12513 12525 I art     : Starting a blocking GC Explicit
08-05 15:29:54.839 12513 12525 I art     : Explicit concurrent mark sweep GC freed 2578(101KB) AllocSpace objects, 2(40KB) LOS objects, 29% free, 38MB/54MB, paused 388us total 26.183ms
08-05 15:29:54.851 12513 12525 I art     : Starting a blocking GC Explicit
08-05 15:29:54.877 12513 12525 I art     : Explicit concurrent mark sweep GC freed 165(3KB) AllocSpace objects, 0(0B) LOS objects, 29% free, 38MB/54MB, paused 417us total 25.247ms
08-05 15:29:54.889 12513 12525 I art     : Starting a blocking GC Explicit
08-05 15:29:54.914 12513 12525 I art     : Explicit concurrent mark sweep GC freed 100(1728B) AllocSpace objects, 0(0B) LOS objects, 29% free, 38MB/54MB, paused 379us total 25.353ms
08-05 15:29:54.927 12513 12525 I art     : Starting a blocking GC Explicit
08-05 15:29:54.952 12513 12525 I art     : Explicit concurrent mark sweep GC freed 99(1696B) AllocSpace objects, 0(0B) LOS objects, 29% free, 38MB/54MB, paused 427us total 24.905ms
08-05 15:29:54.964 12513 12525 I art     : Starting a blocking GC Explicit
08-05 15:29:54.989 12513 12525 I art     : Explicit concurrent mark sweep GC freed 99(1696B) AllocSpace objects, 0(0B) LOS objects, 29% free, 38MB/54MB, paused 460us total 24.825ms
08-05 15:29:55.348 12513 12531 I art     : Starting a blocking GC Explicit
08-05 15:29:55.377 12513 12531 I art     : Explicit concurrent mark sweep GC freed 2528(100KB) AllocSpace objects, 2(40KB) LOS objects, 29% free, 38MB/54MB, paused 526us total 28.567ms
08-05 15:29:55.391 12513 12531 I art     : Starting a blocking GC Explicit
08-05 15:29:55.415 12513 12531 I art     : Explicit concurrent mark sweep GC freed 166(3KB) AllocSpace objects, 0(0B) LOS objects, 29% free, 38MB/54MB, paused 378us total 23.879ms
08-05 15:29:55.427 12513 12531 I art     : Starting a blocking GC Explicit
08-05 15:29:55.449 12513 12531 I art     : Explicit concurrent mark sweep GC freed 99(1696B) AllocSpace objects, 0(0B) LOS objects, 29% free, 38MB/54MB, paused 354us total 22.602ms
08-05 15:29:55.461 12513 12531 I art     : Starting a blocking GC Explicit
08-05 15:29:55.485 12513 12531 I art     : Explicit concurrent mark sweep GC freed 99(1696B) AllocSpace objects, 0(0B) LOS objects, 29% free, 38MB/54MB, paused 390us total 24.005ms
08-05 15:29:55.497 12513 12531 I art     : Starting a blocking GC Explicit
08-05 15:29:55.522 12513 12531 I art     : Explicit concurrent mark sweep GC freed 99(1696B) AllocSpace objects, 0(0B) LOS objects, 29% free, 38MB/54MB, paused 393us total 24.753ms
08-05 15:29:55.861 12513 12526 I art     : Starting a blocking GC Explicit
08-05 15:29:55.888 12513 12526 I art     : Explicit concurrent mark sweep GC freed 2502(101KB) AllocSpace objects, 2(40KB) LOS objects, 29% free, 38MB/54MB, paused 439us total 25.762ms
08-05 15:29:55.900 12513 12526 I art     : Starting a blocking GC Explicit
08-05 15:29:55.925 12513 12526 I art     : Explicit concurrent mark sweep GC freed 128(2928B) AllocSpace objects, 0(0B) LOS objects, 29% free, 38MB/54MB, paused 398us total 25.083ms
08-05 15:29:55.938 12513 12526 I art     : Starting a blocking GC Explicit
08-05 15:29:55.962 12513 12526 I art     : Explicit concurrent mark sweep GC freed 111(1888B) AllocSpace objects, 0(0B) LOS objects, 29% free, 38MB/54MB, paused 480us total 23.940ms
08-05 15:29:55.974 12513 12526 I art     : Starting a blocking GC Explicit
08-05 15:29:55.998 12513 12526 I art     : Explicit concurrent mark sweep GC freed 134(2272B) AllocSpace objects, 0(0B) LOS objects, 29% free, 38MB/54MB, paused 402us total 24.220ms
08-05 15:29:56.010 12513 12526 I art     : Starting a blocking GC Explicit
08-05 15:29:56.035 12513 12526 I art     : Explicit concurrent mark sweep GC freed 99(1696B) AllocSpace objects, 0(0B) LOS objects, 29% free, 38MB/54MB, paused 380us total 24.402ms
08-05 15:29:56.125 12880 12880 D AndroidRuntime: >>>>>> START com.android.internal.os.RuntimeInit uid 2000 <<<<<<
08-05 15:29:56.130 12880 12880 D AndroidRuntime: CheckJNI is OFF
08-05 15:29:56.165 12880 12880 D ICU     : No timezone override file found: /data/misc/zoneinfo/current/icu/icu_tzdata.dat
08-05 15:29:56.198 12880 12880 I Radio-JNI: register_android_hardware_Radio DONE
08-05 15:29:56.220 12880 12880 D AndroidRuntime: Calling main entry com.android.commands.input.Input
08-05 15:29:56.222 12880 12880 I Input   : injectMotionEvent: MotionEvent { action=ACTION_DOWN, actionButton=0, id[0]=0, x[0]=693.0, y[0]=1450.0, toolType[0]=TOOL_TYPE_UNKNOWN, buttonState=0, metaState=0, flags=0x0, edgeFlags=0x0, pointerCount=1, historySize=0, eventTime=804612634, downTime=804612634, deviceId=0, source=0x1002 }
08-05 15:29:56.230 12880 12880 I Input   : injectMotionEvent: MotionEvent { action=ACTION_UP, actionButton=0, id[0]=0, x[0]=693.0, y[0]=1450.0, toolType[0]=TOOL_TYPE_UNKNOWN, buttonState=0, metaState=0, flags=0x0, edgeFlags=0x0, pointerCount=1, historySize=0, eventTime=804612634, downTime=804612634, deviceId=0, source=0x1002 }
08-05 15:29:56.233 12880 12880 D AndroidRuntime: Shutting down VM
08-05 15:29:56.237   918  3961 I ActivityManager: START u0 {cmp=baseline.io.github.project_travel_mate/.destinations.description.CityHistoryActivity} from uid 10674 on display 0
08-05 15:29:56.237   512  2967 D audio_hw_primary: out_set_parameters: enter: usecase(1: low-latency-playback) kvpairs: routing=2
08-05 15:29:56.250   512  2967 D audio_hw_primary: select_devices: out_snd_device(2: speaker) in_snd_device(0: none)
08-05 15:29:56.250   512  2967 D msm8974_platform: platform_send_audio_calibration: sending audio calibration for snd_device(2) acdb_id(15)
08-05 15:29:56.250   512  2967 I soundtrigger: audio_extn_sound_trigger_update_device_status: device 0x2 of type 0 for Event 1
08-05 15:29:56.255   918   937 W ProcessCpuTracker: Skipping unknown process pid 12897
08-05 15:29:56.262   512  2967 D audio_hw_primary: enable_snd_device: snd_device(2: speaker)
08-05 15:29:56.265   512  2967 D audio_hw_primary: enable_audio_route: apply and update mixer path: low-latency-playback speaker
08-05 15:29:56.268 12513 12580 D Gabe    : call	returning from cache
08-05 15:29:56.269 12513 12513 V EXECUTING: https://project-travel-mate.herokuapp.com/api/get-city-information/1
08-05 15:29:56.366 12513 12526 I art     : Starting a blocking GC Explicit
08-05 15:29:56.390 12513 12526 I art     : Explicit concurrent mark sweep GC freed 3294(227KB) AllocSpace objects, 2(40KB) LOS objects, 27% free, 42MB/58MB, paused 518us total 24.410ms
08-05 15:29:56.403 12513 12526 I art     : Starting a blocking GC Explicit
08-05 15:29:56.407   918   936 I ActivityManager: Displayed baseline.io.github.project_travel_mate/.destinations.description.CityHistoryActivity: +163ms
08-05 15:29:56.409 13866 13866 I GoogleInputMethodServic: GoogleInputMethodService.onFinishInput():3138 
08-05 15:29:56.409 13866 13866 I GoogleInputMethodServic: GoogleInputMethodService.onStartInput():1808 
08-05 15:29:56.427 12513 12526 I art     : Explicit concurrent mark sweep GC freed 351(12KB) AllocSpace objects, 0(0B) LOS objects, 27% free, 42MB/58MB, paused 603us total 23.459ms
08-05 15:29:56.441 12513 12526 I art     : Starting a blocking GC Explicit
08-05 15:29:56.468 12513 12526 I art     : Explicit concurrent mark sweep GC freed 23(448B) AllocSpace objects, 0(0B) LOS objects, 27% free, 42MB/58MB, paused 608us total 27.676ms
08-05 15:29:56.481 12513 12526 I art     : Starting a blocking GC Explicit
08-05 15:29:56.506 12513 12526 I art     : Explicit concurrent mark sweep GC freed 150(2672B) AllocSpace objects, 0(0B) LOS objects, 27% free, 42MB/58MB, paused 410us total 24.438ms
08-05 15:29:56.517 12513 12526 I art     : Starting a blocking GC Explicit
08-05 15:29:56.540 12513 12526 I art     : Explicit concurrent mark sweep GC freed 149(2576B) AllocSpace objects, 0(0B) LOS objects, 27% free, 42MB/58MB, paused 391us total 22.754ms
08-05 15:29:56.644   380   380 W SurfaceFlinger: couldn't log to binary event log: overflow.
08-05 15:29:56.798   512  2967 D audio_hw_primary: disable_audio_route: reset and update mixer path: low-latency-playback speaker
08-05 15:29:56.800   512  2967 D audio_hw_primary: disable_snd_device: snd_device(2: speaker)
08-05 15:29:56.808   512  2967 I soundtrigger: audio_extn_sound_trigger_update_device_status: device 0x2 of type 0 for Event 0
08-05 15:29:56.855 12513 12526 I art     : Starting a blocking GC Explicit
08-05 15:29:56.881 12513 12526 I art     : Explicit concurrent mark sweep GC freed 2724(105KB) AllocSpace objects, 2(40KB) LOS objects, 27% free, 42MB/58MB, paused 604us total 24.891ms
08-05 15:29:56.893 12513 12526 I art     : Starting a blocking GC Explicit
08-05 15:29:56.918 12513 12526 I art     : Explicit concurrent mark sweep GC freed 43(1136B) AllocSpace objects, 0(0B) LOS objects, 27% free, 42MB/58MB, paused 611us total 24.972ms
08-05 15:29:56.930 12513 12526 I art     : Starting a blocking GC Explicit
08-05 15:29:56.955 12513 12526 I art     : Explicit concurrent mark sweep GC freed 129(2176B) AllocSpace objects, 0(0B) LOS objects, 27% free, 42MB/58MB, paused 592us total 24.807ms
08-05 15:29:56.967 12513 12526 I art     : Starting a blocking GC Explicit
08-05 15:29:56.993 12513 12526 I art     : Explicit concurrent mark sweep GC freed 123(2064B) AllocSpace objects, 0(0B) LOS objects, 27% free, 42MB/58MB, paused 600us total 25.047ms
08-05 15:29:57.004 12513 12526 I art     : Starting a blocking GC Explicit
08-05 15:29:57.029 12513 12526 I art     : Explicit concurrent mark sweep GC freed 131(2192B) AllocSpace objects, 0(0B) LOS objects, 27% free, 42MB/58MB, paused 575us total 23.996ms
08-05 15:29:57.132 12513 12913 I NAPPA_EXPERIMENTATION: MetricNetworkRequestExecutionTime: REQUEST_DURATION_SYSTEM='861',REQUEST_DURATION_OKHTTP='37',REQUEST_SYNCHRONOUS='FALSE',RESPONSE_CODE='200',RESPONSE_METHOD='GET',RESPONSE_LENGTH_OKHTTP='55024',RESPONSE_LENGTH_HEADER='55024',REQUEST_PROTOCOL='http/1.1',REQUEST_URL='https://project-travel-mate.herokuapp.com/api/get-city-information/1',
08-05 15:29:57.279 13866 13866 I GoogleInputMethodServic: GoogleInputMethodService.onFinishInput():3138 
08-05 15:29:57.280 13866 13866 I GoogleInputMethodServic: GoogleInputMethodService.onStartInput():1808 
08-05 15:29:57.328 12513 12531 I art     : Starting a blocking GC Explicit
08-05 15:29:57.360 12513 12531 I art     : Explicit concurrent mark sweep GC freed 6368(1472KB) AllocSpace objects, 25(5MB) LOS objects, 28% free, 39MB/55MB, paused 452us total 31.367ms
08-05 15:29:57.372 12513 12531 I art     : Starting a blocking GC Explicit
08-05 15:29:57.399 12513 12531 I art     : Explicit concurrent mark sweep GC freed 1217(122KB) AllocSpace objects, 0(0B) LOS objects, 29% free, 39MB/55MB, paused 416us total 26.961ms
08-05 15:29:57.412 12513 12531 I art     : Starting a blocking GC Explicit
08-05 15:29:57.440 12513 12531 I art     : Explicit concurrent mark sweep GC freed 147(2496B) AllocSpace objects, 0(0B) LOS objects, 29% free, 39MB/55MB, paused 438us total 27.693ms
08-05 15:29:57.452 12513 12531 I art     : Starting a blocking GC Explicit
08-05 15:29:57.480 12513 12531 I art     : Explicit concurrent mark sweep GC freed 209(3KB) AllocSpace objects, 0(0B) LOS objects, 29% free, 39MB/55MB, paused 536us total 27.410ms
08-05 15:29:57.492 12513 12531 I art     : Starting a blocking GC Explicit
08-05 15:29:57.520 12513 12531 I art     : Explicit concurrent mark sweep GC freed 157(2688B) AllocSpace objects, 0(0B) LOS objects, 29% free, 39MB/55MB, paused 500us total 27.732ms
08-05 15:29:57.855 12513 12525 I art     : Starting a blocking GC Explicit
08-05 15:29:57.885 12513 12525 I art     : Explicit concurrent mark sweep GC freed 3010(108KB) AllocSpace objects, 2(40KB) LOS objects, 29% free, 39MB/55MB, paused 396us total 30.293ms
08-05 15:29:57.899 12513 12525 I art     : Starting a blocking GC Explicit
08-05 15:29:57.929 12513 12525 I art     : Explicit concurrent mark sweep GC freed 171(3KB) AllocSpace objects, 0(0B) LOS objects, 29% free, 39MB/55MB, paused 524us total 29.605ms
08-05 15:29:57.941 12513 12525 I art     : Starting a blocking GC Explicit
08-05 15:29:57.968 12513 12525 I art     : Explicit concurrent mark sweep GC freed 223(3KB) AllocSpace objects, 0(0B) LOS objects, 29% free, 39MB/55MB, paused 378us total 26.895ms
08-05 15:29:57.981 12513 12525 I art     : Starting a blocking GC Explicit
08-05 15:29:58.008 12513 12525 I art     : Explicit concurrent mark sweep GC freed 152(2656B) AllocSpace objects, 0(0B) LOS objects, 29% free, 39MB/55MB, paused 423us total 26.480ms
08-05 15:29:58.020 12513 12525 I art     : Starting a blocking GC Explicit
08-05 15:29:58.046 12513 12525 I art     : Explicit concurrent mark sweep GC freed 191(3KB) AllocSpace objects, 0(0B) LOS objects, 29% free, 39MB/55MB, paused 467us total 25.983ms
08-05 15:29:58.414 12513 12525 I art     : Starting a blocking GC Explicit
08-05 15:29:58.444 12513 12525 I art     : Explicit concurrent mark sweep GC freed 3123(110KB) AllocSpace objects, 2(40KB) LOS objects, 29% free, 39MB/55MB, paused 419us total 30.151ms
08-05 15:29:58.459 12513 12525 I art     : Starting a blocking GC Explicit
08-05 15:29:58.486 12513 12525 I art     : Explicit concurrent mark sweep GC freed 238(4KB) AllocSpace objects, 0(0B) LOS objects, 29% free, 39MB/55MB, paused 420us total 26.329ms
08-05 15:29:58.499 12513 12525 I art     : Starting a blocking GC Explicit
08-05 15:29:58.524 12513 12525 I art     : Explicit concurrent mark sweep GC freed 147(2496B) AllocSpace objects, 0(0B) LOS objects, 29% free, 39MB/55MB, paused 448us total 25.068ms
08-05 15:29:58.535 12513 12525 I art     : Starting a blocking GC Explicit
08-05 15:29:58.562 12513 12525 I art     : Explicit concurrent mark sweep GC freed 147(2496B) AllocSpace objects, 0(0B) LOS objects, 29% free, 39MB/55MB, paused 500us total 26.378ms
08-05 15:29:58.574 12513 12525 I art     : Starting a blocking GC Explicit
08-05 15:29:58.602 12513 12525 I art     : Explicit concurrent mark sweep GC freed 219(3KB) AllocSpace objects, 0(0B) LOS objects, 29% free, 39MB/55MB, paused 415us total 26.844ms
08-05 15:29:58.962 12513 12526 I art     : Starting a blocking GC Explicit
08-05 15:29:58.992 12513 12526 I art     : Explicit concurrent mark sweep GC freed 3092(110KB) AllocSpace objects, 2(40KB) LOS objects, 29% free, 39MB/55MB, paused 427us total 30.064ms
08-05 15:29:59.009 12513 12526 I art     : Starting a blocking GC Explicit
08-05 15:29:59.035 12513 12526 I art     : Explicit concurrent mark sweep GC freed 255(5KB) AllocSpace objects, 0(0B) LOS objects, 29% free, 39MB/55MB, paused 418us total 25.863ms
08-05 15:29:59.047 12513 12526 I art     : Starting a blocking GC Explicit
08-05 15:29:59.073 12513 12526 I art     : Explicit concurrent mark sweep GC freed 147(2496B) AllocSpace objects, 0(0B) LOS objects, 29% free, 39MB/55MB, paused 430us total 26.288ms
08-05 15:29:59.085 12513 12526 I art     : Starting a blocking GC Explicit
08-05 15:29:59.113 12513 12526 I art     : Explicit concurrent mark sweep GC freed 147(2496B) AllocSpace objects, 0(0B) LOS objects, 29% free, 39MB/55MB, paused 558us total 27.050ms
08-05 15:29:59.125 12513 12526 I art     : Starting a blocking GC Explicit
08-05 15:29:59.152 12513 12526 I art     : Explicit concurrent mark sweep GC freed 219(3KB) AllocSpace objects, 0(0B) LOS objects, 29% free, 39MB/55MB, paused 416us total 26.866ms
08-05 15:29:59.416 11851 11851 I ServiceManager: Waiting for service AtCmdFwd...
08-05 15:29:59.504 12513 12792 I art     : Starting a blocking GC Explicit
08-05 15:29:59.533 12513 12792 I art     : Explicit concurrent mark sweep GC freed 3081(110KB) AllocSpace objects, 2(40KB) LOS objects, 29% free, 39MB/55MB, paused 450us total 29.001ms
08-05 15:29:59.546 12513 12792 I art     : Starting a blocking GC Explicit
08-05 15:29:59.574 12513 12792 I art     : Explicit concurrent mark sweep GC freed 166(3KB) AllocSpace objects, 0(0B) LOS objects, 29% free, 39MB/55MB, paused 412us total 27.796ms
08-05 15:29:59.586 12513 12792 I art     : Starting a blocking GC Explicit
08-05 15:29:59.614 12513 12792 I art     : Explicit concurrent mark sweep GC freed 149(2544B) AllocSpace objects, 0(0B) LOS objects, 29% free, 39MB/55MB, paused 563us total 28.145ms
08-05 15:29:59.627 12513 12792 I art     : Starting a blocking GC Explicit
08-05 15:29:59.656 12513 12792 I art     : Explicit concurrent mark sweep GC freed 218(3KB) AllocSpace objects, 0(0B) LOS objects, 29% free, 39MB/55MB, paused 424us total 28.385ms
08-05 15:29:59.668 12513 12792 I art     : Starting a blocking GC Explicit
08-05 15:29:59.696 12513 12792 I art     : Explicit concurrent mark sweep GC freed 147(2496B) AllocSpace objects, 0(0B) LOS objects, 29% free, 39MB/55MB, paused 447us total 27.932ms
08-05 15:30:00.045 12513 12531 I art     : Starting a blocking GC Explicit
08-05 15:30:00.071 12513 12531 I art     : Explicit concurrent mark sweep GC freed 3081(110KB) AllocSpace objects, 2(40KB) LOS objects, 29% free, 39MB/55MB, paused 434us total 25.321ms
08-05 15:30:00.083 12513 12531 I art     : Starting a blocking GC Explicit
08-05 15:30:00.110 12513 12531 I art     : Explicit concurrent mark sweep GC freed 166(3KB) AllocSpace objects, 0(0B) LOS objects, 29% free, 39MB/55MB, paused 423us total 27.085ms
08-05 15:30:00.122 12513 12531 I art     : Starting a blocking GC Explicit
08-05 15:30:00.149 12513 12531 I art     : Explicit concurrent mark sweep GC freed 216(3KB) AllocSpace objects, 0(0B) LOS objects, 29% free, 39MB/55MB, paused 497us total 26.737ms
08-05 15:30:00.162 12513 12531 I art     : Starting a blocking GC Explicit
08-05 15:30:00.189 12513 12531 I art     : Explicit concurrent mark sweep GC freed 151(2608B) AllocSpace objects, 0(0B) LOS objects, 29% free, 39MB/55MB, paused 419us total 27.001ms
08-05 15:30:00.201 12513 12531 I art     : Starting a blocking GC Explicit
08-05 15:30:00.229 12513 12531 I art     : Explicit concurrent mark sweep GC freed 147(2496B) AllocSpace objects, 0(0B) LOS objects, 29% free, 39MB/55MB, paused 422us total 27.177ms
08-05 15:30:00.417 11851 11851 I ServiceManager: Waiting for service AtCmdFwd...
08-05 15:30:00.584 12513 12525 I art     : Starting a blocking GC Explicit
08-05 15:30:00.612 12513 12525 I art     : Explicit concurrent mark sweep GC freed 3081(110KB) AllocSpace objects, 2(40KB) LOS objects, 29% free, 39MB/55MB, paused 423us total 27.757ms
08-05 15:30:00.625 12513 12525 I art     : Starting a blocking GC Explicit
08-05 15:30:00.652 12513 12525 I art     : Explicit concurrent mark sweep GC freed 238(4KB) AllocSpace objects, 0(0B) LOS objects, 29% free, 39MB/55MB, paused 437us total 26.744ms
08-05 15:30:00.664 12513 12525 I art     : Starting a blocking GC Explicit
08-05 15:30:00.690 12513 12525 I art     : Explicit concurrent mark sweep GC freed 146(2464B) AllocSpace objects, 0(0B) LOS objects, 29% free, 39MB/55MB, paused 427us total 26.146ms
08-05 15:30:00.702 12513 12525 I art     : Starting a blocking GC Explicit
08-05 15:30:00.729 12513 12525 I art     : Explicit concurrent mark sweep GC freed 148(2528B) AllocSpace objects, 0(0B) LOS objects, 29% free, 39MB/55MB, paused 414us total 26.271ms
08-05 15:30:00.741 12513 12525 I art     : Starting a blocking GC Explicit
08-05 15:30:00.768 12513 12525 I art     : Explicit concurrent mark sweep GC freed 220(3KB) AllocSpace objects, 0(0B) LOS objects, 29% free, 39MB/55MB, paused 420us total 26.379ms
08-05 15:30:00.896 12993 12993 D AndroidRuntime: >>>>>> START com.android.internal.os.RuntimeInit uid 2000 <<<<<<
08-05 15:30:00.902 12993 12993 D AndroidRuntime: CheckJNI is OFF
08-05 15:30:00.935 12993 12993 D ICU     : No timezone override file found: /data/misc/zoneinfo/current/icu/icu_tzdata.dat
08-05 15:30:00.969 12993 12993 I Radio-JNI: register_android_hardware_Radio DONE
08-05 15:30:00.990 12993 12993 D AndroidRuntime: Calling main entry com.android.commands.input.Input
08-05 15:30:00.991 12993 12993 I Input   : injectKeyEvent: KeyEvent { action=ACTION_DOWN, keyCode=KEYCODE_BACK, scanCode=0, metaState=0, flags=0x0, repeatCount=0, eventTime=804617404, downTime=804617404, deviceId=-1, source=0x101 }
08-05 15:30:00.997 12993 12993 I Input   : injectKeyEvent: KeyEvent { action=ACTION_UP, keyCode=KEYCODE_BACK, scanCode=0, metaState=0, flags=0x0, repeatCount=0, eventTime=804617404, downTime=804617404, deviceId=-1, source=0x101 }
08-05 15:30:01.004 12993 12993 D AndroidRuntime: Shutting down VM
08-05 15:30:01.043 13866 13866 I GoogleInputMethodServic: GoogleInputMethodService.onFinishInput():3138 
08-05 15:30:01.044 13866 13866 I GoogleInputMethodServic: GoogleInputMethodService.onStartInput():1808 
08-05 15:30:01.114 12513 12525 I art     : Starting a blocking GC Explicit
08-05 15:30:01.143 12513 12525 I art     : Explicit concurrent mark sweep GC freed 3113(113KB) AllocSpace objects, 2(40KB) LOS objects, 29% free, 39MB/55MB, paused 416us total 28.551ms
08-05 15:30:01.155 12513 12525 I art     : Starting a blocking GC Explicit
08-05 15:30:01.186 12513 12525 I art     : Explicit concurrent mark sweep GC freed 243(4KB) AllocSpace objects, 0(0B) LOS objects, 29% free, 39MB/55MB, paused 489us total 30.717ms
08-05 15:30:01.201 12513 12525 I art     : Starting a blocking GC Explicit
08-05 15:30:01.216 12244 12374 W FirebaseInstanceId: Token retrieval failed: SERVICE_NOT_AVAILABLE. Will retry token retrieval
08-05 15:30:01.233 12513 12525 I art     : Explicit concurrent mark sweep GC freed 175(2944B) AllocSpace objects, 0(0B) LOS objects, 29% free, 39MB/55MB, paused 471us total 32ms
08-05 15:30:01.250 12513 12525 I art     : Starting a blocking GC Explicit
08-05 15:30:01.284 12513 12525 I art     : Explicit concurrent mark sweep GC freed 242(3KB) AllocSpace objects, 0(0B) LOS objects, 29% free, 39MB/55MB, paused 493us total 33.467ms
08-05 15:30:01.301 12513 12525 I art     : Starting a blocking GC Explicit
08-05 15:30:01.334 12513 12525 I art     : Explicit concurrent mark sweep GC freed 215(3KB) AllocSpace objects, 0(0B) LOS objects, 29% free, 39MB/55MB, paused 501us total 32.213ms
08-05 15:30:01.348   380   380 W SurfaceFlinger: couldn't log to binary event log: overflow.
08-05 15:30:01.417 11851 11851 I ServiceManager: Waiting for service AtCmdFwd...
08-05 15:30:01.659 12513 12531 I art     : Starting a blocking GC Explicit
08-05 15:30:01.687 12513 12531 I art     : Explicit concurrent mark sweep GC freed 2531(102KB) AllocSpace objects, 4(404KB) LOS objects, 29% free, 38MB/54MB, paused 434us total 28.376ms
08-05 15:30:01.699 12513 12531 I art     : Starting a blocking GC Explicit
08-05 15:30:01.724 12513 12531 I art     : Explicit concurrent mark sweep GC freed 4816(341KB) AllocSpace objects, 7(132KB) LOS objects, 29% free, 38MB/54MB, paused 396us total 24.236ms
08-05 15:30:01.735 12513 12531 I art     : Starting a blocking GC Explicit
08-05 15:30:01.758 12513 12531 I art     : Explicit concurrent mark sweep GC freed 105(1984B) AllocSpace objects, 0(0B) LOS objects, 29% free, 38MB/54MB, paused 459us total 22.690ms
08-05 15:30:01.769 12513 12531 I art     : Starting a blocking GC Explicit
08-05 15:30:01.792 12513 12531 I art     : Explicit concurrent mark sweep GC freed 99(1696B) AllocSpace objects, 0(0B) LOS objects, 29% free, 38MB/54MB, paused 478us total 22.614ms
08-05 15:30:01.803 12513 12531 I art     : Starting a blocking GC Explicit
08-05 15:30:01.825 12513 12531 I art     : Explicit concurrent mark sweep GC freed 99(1696B) AllocSpace objects, 0(0B) LOS objects, 29% free, 38MB/54MB, paused 388us total 22.179ms
08-05 15:30:02.161 12513 12526 I art     : Starting a blocking GC Explicit
08-05 15:30:02.185 12513 12526 I art     : Explicit concurrent mark sweep GC freed 2481(100KB) AllocSpace objects, 2(40KB) LOS objects, 29% free, 38MB/54MB, paused 389us total 23.734ms
08-05 15:30:02.196 12513 12526 I art     : Starting a blocking GC Explicit
08-05 15:30:02.220 12513 12526 I art     : Explicit concurrent mark sweep GC freed 118(2384B) AllocSpace objects, 0(0B) LOS objects, 29% free, 38MB/54MB, paused 395us total 23.628ms
08-05 15:30:02.232 12513 12526 I art     : Starting a blocking GC Explicit
08-05 15:30:02.254 12513 12526 I art     : Explicit concurrent mark sweep GC freed 98(1664B) AllocSpace objects, 0(0B) LOS objects, 29% free, 38MB/54MB, paused 387us total 22.274ms
08-05 15:30:02.266 12513 12526 I art     : Starting a blocking GC Explicit
08-05 15:30:02.289 12513 12526 I art     : Explicit concurrent mark sweep GC freed 99(1696B) AllocSpace objects, 0(0B) LOS objects, 29% free, 38MB/54MB, paused 430us total 23.358ms
08-05 15:30:02.301 12513 12526 I art     : Starting a blocking GC Explicit
08-05 15:30:02.325 12513 12526 I art     : Explicit concurrent mark sweep GC freed 100(1728B) AllocSpace objects, 0(0B) LOS objects, 29% free, 38MB/54MB, paused 415us total 24.025ms
08-05 15:30:02.418 11851 11851 I ServiceManager: Waiting for service AtCmdFwd...
08-05 15:30:02.639 12513 12525 I art     : Starting a blocking GC Explicit
08-05 15:30:02.643 13041 13041 D AndroidRuntime: >>>>>> START com.android.internal.os.RuntimeInit uid 2000 <<<<<<
08-05 15:30:02.648 13041 13041 D AndroidRuntime: CheckJNI is OFF
08-05 15:30:02.665 12513 12525 I art     : Explicit concurrent mark sweep GC freed 2385(98KB) AllocSpace objects, 2(40KB) LOS objects, 29% free, 38MB/54MB, paused 430us total 26.079ms
08-05 15:30:02.678 12513 12525 I art     : Starting a blocking GC Explicit
08-05 15:30:02.685 13041 13041 D ICU     : No timezone override file found: /data/misc/zoneinfo/current/icu/icu_tzdata.dat
08-05 15:30:02.703 12513 12525 I art     : Explicit concurrent mark sweep GC freed 166(3KB) AllocSpace objects, 0(0B) LOS objects, 29% free, 38MB/54MB, paused 411us total 25.069ms
08-05 15:30:02.715 12513 12525 I art     : Starting a blocking GC Explicit
08-05 15:30:02.723 13041 13041 I Radio-JNI: register_android_hardware_Radio DONE
08-05 15:30:02.739 12513 12525 I art     : Explicit concurrent mark sweep GC freed 99(1696B) AllocSpace objects, 0(0B) LOS objects, 29% free, 38MB/54MB, paused 424us total 24.121ms
08-05 15:30:02.744 13041 13041 D AndroidRuntime: Calling main entry com.android.commands.input.Input
08-05 15:30:02.746 13041 13041 I Input   : injectMotionEvent: MotionEvent { action=ACTION_DOWN, actionButton=0, id[0]=0, x[0]=504.0, y[0]=1706.0, toolType[0]=TOOL_TYPE_UNKNOWN, buttonState=0, metaState=0, flags=0x0, edgeFlags=0x0, pointerCount=1, historySize=0, eventTime=804619159, downTime=804619159, deviceId=0, source=0x1002 }
08-05 15:30:02.751 12513 12525 I art     : Starting a blocking GC Explicit
08-05 15:30:02.753 13041 13041 I Input   : injectMotionEvent: MotionEvent { action=ACTION_UP, actionButton=0, id[0]=0, x[0]=504.0, y[0]=1706.0, toolType[0]=TOOL_TYPE_UNKNOWN, buttonState=0, metaState=0, flags=0x0, edgeFlags=0x0, pointerCount=1, historySize=0, eventTime=804619159, downTime=804619159, deviceId=0, source=0x1002 }
08-05 15:30:02.754 13041 13041 D AndroidRuntime: Shutting down VM
08-05 15:30:02.755   512  2967 D audio_hw_primary: out_set_parameters: enter: usecase(1: low-latency-playback) kvpairs: routing=2
08-05 15:30:02.759   918  6110 I ActivityManager: START u0 {cmp=baseline.io.github.project_travel_mate/.destinations.funfacts.FunFactsActivity (has extras)} from uid 10674 on display 0
08-05 15:30:02.768   512  2967 D audio_hw_primary: select_devices: out_snd_device(2: speaker) in_snd_device(0: none)
08-05 15:30:02.768   512  2967 D msm8974_platform: platform_send_audio_calibration: sending audio calibration for snd_device(2) acdb_id(15)
08-05 15:30:02.768   512  2967 I soundtrigger: audio_extn_sound_trigger_update_device_status: device 0x2 of type 0 for Event 1
08-05 15:30:02.776 12513 12525 I art     : Explicit concurrent mark sweep GC freed 1197(122KB) AllocSpace objects, 0(0B) LOS objects, 29% free, 38MB/54MB, paused 832us total 24.551ms
08-05 15:30:02.782   512  2967 D audio_hw_primary: enable_snd_device: snd_device(2: speaker)
08-05 15:30:02.784   512  2967 D audio_hw_primary: enable_audio_route: apply and update mixer path: low-latency-playback speaker
08-05 15:30:02.787 12513 12580 D Gabe    : call	returning from cache
08-05 15:30:02.790 12513 12525 I art     : Starting a blocking GC Explicit
08-05 15:30:02.793 12513 12513 V EXECUTING: https://project-travel-mate.herokuapp.com/api/get-city-facts/1
08-05 15:30:02.812 12513 12525 I art     : Explicit concurrent mark sweep GC freed 1330(135KB) AllocSpace objects, 0(0B) LOS objects, 29% free, 38MB/54MB, paused 528us total 22.427ms
08-05 15:30:02.919   918   936 I ActivityManager: Displayed baseline.io.github.project_travel_mate/.destinations.funfacts.FunFactsActivity: +154ms
08-05 15:30:02.919 13866 13866 I GoogleInputMethodServic: GoogleInputMethodService.onFinishInput():3138 
08-05 15:30:02.920 13866 13866 I GoogleInputMethodServic: GoogleInputMethodService.onStartInput():1808 
08-05 15:30:03.108 12513 12792 I art     : Starting a blocking GC Explicit
08-05 15:30:03.149 12513 12792 I art     : Explicit concurrent mark sweep GC freed 3023(124KB) AllocSpace objects, 2(40KB) LOS objects, 27% free, 42MB/58MB, paused 424us total 40.120ms
08-05 15:30:03.162 12513 12792 I art     : Starting a blocking GC Explicit
08-05 15:30:03.175   380   380 W SurfaceFlinger: couldn't log to binary event log: overflow.
08-05 15:30:03.194 12513 12792 I art     : Explicit concurrent mark sweep GC freed 244(4KB) AllocSpace objects, 0(0B) LOS objects, 27% free, 42MB/58MB, paused 464us total 32.125ms
08-05 15:30:03.207 12513 12792 I art     : Starting a blocking GC Explicit
08-05 15:30:03.230 12513 12792 I art     : Explicit concurrent mark sweep GC freed 147(2496B) AllocSpace objects, 0(0B) LOS objects, 27% free, 42MB/58MB, paused 447us total 23.383ms
08-05 15:30:03.242 12513 12792 I art     : Starting a blocking GC Explicit
08-05 15:30:03.265 12513 12792 I art     : Explicit concurrent mark sweep GC freed 148(2528B) AllocSpace objects, 0(0B) LOS objects, 27% free, 42MB/58MB, paused 448us total 23.172ms
08-05 15:30:03.277 12513 12792 I art     : Starting a blocking GC Explicit
08-05 15:30:03.304 12513 12792 I art     : Explicit concurrent mark sweep GC freed 218(3KB) AllocSpace objects, 0(0B) LOS objects, 27% free, 42MB/58MB, paused 811us total 26.205ms
08-05 15:30:03.329   512  2967 D audio_hw_primary: disable_audio_route: reset and update mixer path: low-latency-playback speaker
08-05 15:30:03.330   512  2967 D audio_hw_primary: disable_snd_device: snd_device(2: speaker)
08-05 15:30:03.338   512  2967 I soundtrigger: audio_extn_sound_trigger_update_device_status: device 0x2 of type 0 for Event 0
08-05 15:30:03.418 11851 11851 I ServiceManager: Waiting for service AtCmdFwd...
08-05 15:30:03.621 12513 12525 I art     : Starting a blocking GC Explicit
08-05 15:30:03.647 12513 12525 I art     : Explicit concurrent mark sweep GC freed 4710(226KB) AllocSpace objects, 4(160KB) LOS objects, 27% free, 43MB/59MB, paused 611us total 26.335ms
08-05 15:30:03.659 12513 12525 I art     : Starting a blocking GC Explicit
08-05 15:30:03.684 12513 12525 I art     : Explicit concurrent mark sweep GC freed 1160(121KB) AllocSpace objects, 1(80KB) LOS objects, 27% free, 43MB/59MB, paused 603us total 25.203ms
08-05 15:30:03.691 12513 13067 I NAPPA_EXPERIMENTATION: MetricNetworkRequestExecutionTime: REQUEST_DURATION_SYSTEM='898',REQUEST_DURATION_OKHTTP='42',REQUEST_SYNCHRONOUS='FALSE',RESPONSE_CODE='200',RESPONSE_METHOD='GET',RESPONSE_LENGTH_OKHTTP='1793',RESPONSE_LENGTH_HEADER='1793',REQUEST_PROTOCOL='http/1.1',REQUEST_URL='https://project-travel-mate.herokuapp.com/api/get-city-facts/1',
08-05 15:30:03.693 12513 13067 V EXECUTING: https://project-travel-mate.herokuapp.com/api/get-city-images/1
08-05 15:30:03.698 12513 12525 I art     : Starting a blocking GC Explicit
08-05 15:30:03.722 12513 12525 I art     : Explicit concurrent mark sweep GC freed 686(48KB) AllocSpace objects, 0(0B) LOS objects, 27% free, 43MB/59MB, paused 704us total 24.712ms
08-05 15:30:03.735 12513 12525 I art     : Starting a blocking GC Explicit
08-05 15:30:03.760 12513 12525 I art     : Explicit concurrent mark sweep GC freed 59(2688B) AllocSpace objects, 0(0B) LOS objects, 27% free, 43MB/59MB, paused 633us total 25.516ms
08-05 15:30:03.773 12513 12525 I art     : Starting a blocking GC Explicit
08-05 15:30:03.798 12513 12525 I art     : Explicit concurrent mark sweep GC freed 131(2192B) AllocSpace objects, 0(0B) LOS objects, 27% free, 43MB/59MB, paused 672us total 24.556ms
08-05 15:30:04.112 12513 12526 I art     : Starting a blocking GC Explicit
08-05 15:30:04.138 12513 12526 I art     : Explicit concurrent mark sweep GC freed 2241(96KB) AllocSpace objects, 2(40KB) LOS objects, 26% free, 43MB/59MB, paused 659us total 25.508ms
08-05 15:30:04.150 12513 12526 I art     : Starting a blocking GC Explicit
08-05 15:30:04.175 12513 12526 I art     : Explicit concurrent mark sweep GC freed 146(2928B) AllocSpace objects, 0(0B) LOS objects, 26% free, 43MB/59MB, paused 773us total 24.750ms
08-05 15:30:04.187 12513 12526 I art     : Starting a blocking GC Explicit
08-05 15:30:04.213 12513 12526 I art     : Explicit concurrent mark sweep GC freed 29(512B) AllocSpace objects, 0(0B) LOS objects, 26% free, 43MB/59MB, paused 770us total 25.504ms
08-05 15:30:04.224 12513 12526 I art     : Starting a blocking GC Explicit
08-05 15:30:04.250 12513 12526 I art     : Explicit concurrent mark sweep GC freed 128(2144B) AllocSpace objects, 0(0B) LOS objects, 26% free, 43MB/59MB, paused 606us total 25.227ms
08-05 15:30:04.262 12513 12526 I art     : Starting a blocking GC Explicit
08-05 15:30:04.287 12513 12526 I art     : Explicit concurrent mark sweep GC freed 20(368B) AllocSpace objects, 0(0B) LOS objects, 26% free, 43MB/59MB, paused 478us total 24.683ms
08-05 15:30:04.404 12513 13089 I NAPPA_EXPERIMENTATION: MetricNetworkRequestExecutionTime: REQUEST_DURATION_SYSTEM='710',REQUEST_DURATION_OKHTTP='40',REQUEST_SYNCHRONOUS='FALSE',RESPONSE_CODE='200',RESPONSE_METHOD='GET',RESPONSE_LENGTH_OKHTTP='183',RESPONSE_LENGTH_HEADER='183',REQUEST_PROTOCOL='http/1.1',REQUEST_URL='https://project-travel-mate.herokuapp.com/api/get-city-images/1',
08-05 15:30:04.419 11851 11851 W Atfwd_Sendcmd: AtCmdFwd service not published, waiting... retryCnt : 2
08-05 15:30:04.439 12513 13089 V RESPONSE: [{"id":17,"image_url":"https://upload.wikimedia.org/wikipedia/commons/9/94/%E0%B4%96%E0%B5%81%E0%B4%A4%E0%B5%8D%E0%B4%AC%E0%B5%8D_%E0%B4%AE%E0%B4%BF%E0%B4%A8%E0%B4%BE%E0%B5%BC1.jpg"}]
08-05 15:30:04.581 12513 12531 I art     : Starting a blocking GC Explicit
08-05 15:30:04.610 12513 12531 I art     : Explicit concurrent mark sweep GC freed 8323(438KB) AllocSpace objects, 6(4MB) LOS objects, 28% free, 39MB/55MB, paused 614us total 28.972ms
08-05 15:30:04.622 12513 12531 I art     : Starting a blocking GC Explicit
08-05 15:30:04.653 12513 12531 I art     : Explicit concurrent mark sweep GC freed 1194(126KB) AllocSpace objects, 0(0B) LOS objects, 28% free, 39MB/55MB, paused 558us total 30.177ms
08-05 15:30:04.665 12513 12531 I art     : Starting a blocking GC Explicit
08-05 15:30:04.690 12513 12531 I art     : Explicit concurrent mark sweep GC freed 207(3KB) AllocSpace objects, 0(0B) LOS objects, 28% free, 39MB/55MB, paused 463us total 25.143ms
08-05 15:30:04.702 12513 12531 I art     : Starting a blocking GC Explicit
08-05 15:30:04.731 12513 12531 I art     : Explicit concurrent mark sweep GC freed 166(3KB) AllocSpace objects, 0(0B) LOS objects, 28% free, 39MB/55MB, paused 447us total 28.262ms
08-05 15:30:04.743 12513 12531 I art     : Starting a blocking GC Explicit
08-05 15:30:04.771 12513 12531 I art     : Explicit concurrent mark sweep GC freed 220(3KB) AllocSpace objects, 0(0B) LOS objects, 28% free, 39MB/55MB, paused 565us total 27.616ms
08-05 15:30:05.132 12513 12525 I art     : Starting a blocking GC Explicit
08-05 15:30:05.162 12513 12525 I art     : Explicit concurrent mark sweep GC freed 3109(110KB) AllocSpace objects, 2(40KB) LOS objects, 28% free, 39MB/55MB, paused 475us total 29.348ms
08-05 15:30:05.175 12513 12525 I art     : Starting a blocking GC Explicit
08-05 15:30:05.203 12513 12525 I art     : Explicit concurrent mark sweep GC freed 171(3KB) AllocSpace objects, 0(0B) LOS objects, 28% free, 39MB/55MB, paused 570us total 28.238ms
08-05 15:30:05.216 12513 12525 I art     : Starting a blocking GC Explicit
08-05 15:30:05.243 12513 12525 I art     : Explicit concurrent mark sweep GC freed 214(3KB) AllocSpace objects, 0(0B) LOS objects, 28% free, 39MB/55MB, paused 462us total 27.175ms
08-05 15:30:05.255 12513 12525 I art     : Starting a blocking GC Explicit
08-05 15:30:05.283 12513 12525 I art     : Explicit concurrent mark sweep GC freed 147(2496B) AllocSpace objects, 0(0B) LOS objects, 28% free, 39MB/55MB, paused 456us total 27.955ms
08-05 15:30:05.296 12513 12525 I art     : Starting a blocking GC Explicit
08-05 15:30:05.323 12513 12525 I art     : Explicit concurrent mark sweep GC freed 219(3KB) AllocSpace objects, 0(0B) LOS objects, 28% free, 39MB/55MB, paused 460us total 27.066ms
08-05 15:30:05.429 13119 13119 D AndroidRuntime: >>>>>> START com.android.internal.os.RuntimeInit uid 2000 <<<<<<
08-05 15:30:05.434 13119 13119 D AndroidRuntime: CheckJNI is OFF
08-05 15:30:05.468 13119 13119 D ICU     : No timezone override file found: /data/misc/zoneinfo/current/icu/icu_tzdata.dat
08-05 15:30:05.500 13119 13119 I Radio-JNI: register_android_hardware_Radio DONE
08-05 15:30:05.522 13119 13119 D AndroidRuntime: Calling main entry com.android.commands.input.Input
08-05 15:30:05.524 13119 13119 I Input   : injectKeyEvent: KeyEvent { action=ACTION_DOWN, keyCode=KEYCODE_BACK, scanCode=0, metaState=0, flags=0x0, repeatCount=0, eventTime=804621937, downTime=804621937, deviceId=-1, source=0x101 }
08-05 15:30:05.530 13119 13119 I Input   : injectKeyEvent: KeyEvent { action=ACTION_UP, keyCode=KEYCODE_BACK, scanCode=0, metaState=0, flags=0x0, repeatCount=0, eventTime=804621937, downTime=804621937, deviceId=-1, source=0x101 }
08-05 15:30:05.537 13119 13119 D AndroidRuntime: Shutting down VM
08-05 15:30:05.577 13866 13866 I GoogleInputMethodServic: GoogleInputMethodService.onFinishInput():3138 
08-05 15:30:05.578 13866 13866 I GoogleInputMethodServic: GoogleInputMethodService.onStartInput():1808 
08-05 15:30:05.655 12513 12531 I art     : Starting a blocking GC Explicit
08-05 15:30:05.682 12513 12531 I art     : Explicit concurrent mark sweep GC freed 3043(111KB) AllocSpace objects, 2(40KB) LOS objects, 28% free, 39MB/55MB, paused 451us total 26.564ms
08-05 15:30:05.694 12513 12531 I art     : Starting a blocking GC Explicit
08-05 15:30:05.727 12513 12531 I art     : Explicit concurrent mark sweep GC freed 242(4KB) AllocSpace objects, 0(0B) LOS objects, 28% free, 39MB/55MB, paused 495us total 32.473ms
08-05 15:30:05.741 12513 12531 I art     : Starting a blocking GC Explicit
08-05 15:30:05.777 12513 12531 I art     : Explicit concurrent mark sweep GC freed 219(3KB) AllocSpace objects, 0(0B) LOS objects, 28% free, 39MB/55MB, paused 507us total 35.457ms
08-05 15:30:05.792 12513 12531 I art     : Starting a blocking GC Explicit
08-05 15:30:05.827 12513 12531 I art     : Explicit concurrent mark sweep GC freed 219(3KB) AllocSpace objects, 0(0B) LOS objects, 28% free, 39MB/55MB, paused 605us total 34.673ms
08-05 15:30:05.842 12513 12531 I art     : Starting a blocking GC Explicit
08-05 15:30:05.872 12513 12531 I art     : Explicit concurrent mark sweep GC freed 218(3KB) AllocSpace objects, 0(0B) LOS objects, 28% free, 39MB/55MB, paused 456us total 29.771ms
08-05 15:30:05.886   380   380 W SurfaceFlinger: couldn't log to binary event log: overflow.
08-05 15:30:06.214 12513 12792 I art     : Starting a blocking GC Explicit
08-05 15:30:06.245 12513 12792 I art     : Explicit concurrent mark sweep GC freed 3318(138KB) AllocSpace objects, 5(684KB) LOS objects, 29% free, 38MB/54MB, paused 485us total 30.970ms
08-05 15:30:06.258 12513 12792 I art     : Starting a blocking GC Explicit
08-05 15:30:06.285 12513 12792 I art     : Explicit concurrent mark sweep GC freed 5538(267KB) AllocSpace objects, 1(28KB) LOS objects, 29% free, 38MB/54MB, paused 462us total 27.130ms
08-05 15:30:06.298 12513 12792 I art     : Starting a blocking GC Explicit
08-05 15:30:06.324 12513 12792 I art     : Explicit concurrent mark sweep GC freed 148(2528B) AllocSpace objects, 0(0B) LOS objects, 29% free, 38MB/54MB, paused 458us total 26.328ms
08-05 15:30:06.337 12513 12792 I art     : Starting a blocking GC Explicit
08-05 15:30:06.364 12513 12792 I art     : Explicit concurrent mark sweep GC freed 97(1648B) AllocSpace objects, 0(0B) LOS objects, 29% free, 38MB/54MB, paused 470us total 27.429ms
08-05 15:30:06.377 12513 12792 I art     : Starting a blocking GC Explicit
08-05 15:30:06.405 12513 12792 I art     : Explicit concurrent mark sweep GC freed 121(2064B) AllocSpace objects, 0(0B) LOS objects, 29% free, 38MB/54MB, paused 547us total 27.609ms
08-05 15:30:06.744 12513 12525 I art     : Starting a blocking GC Explicit
08-05 15:30:06.774 12513 12525 I art     : Explicit concurrent mark sweep GC freed 2485(100KB) AllocSpace objects, 2(40KB) LOS objects, 29% free, 38MB/54MB, paused 901us total 29.735ms
08-05 15:30:06.786 12513 12525 I art     : Starting a blocking GC Explicit
08-05 15:30:06.811 12513 12525 I art     : Explicit concurrent mark sweep GC freed 144(2832B) AllocSpace objects, 0(0B) LOS objects, 29% free, 38MB/54MB, paused 453us total 24.605ms
08-05 15:30:06.822 12513 12525 I art     : Starting a blocking GC Explicit
08-05 15:30:06.848 12513 12525 I art     : Explicit concurrent mark sweep GC freed 99(1696B) AllocSpace objects, 0(0B) LOS objects, 29% free, 38MB/54MB, paused 463us total 25.276ms
08-05 15:30:06.860 12513 12525 I art     : Starting a blocking GC Explicit
08-05 15:30:06.886 12513 12525 I art     : Explicit concurrent mark sweep GC freed 99(1696B) AllocSpace objects, 0(0B) LOS objects, 29% free, 38MB/54MB, paused 455us total 25.748ms
08-05 15:30:06.898 12513 12525 I art     : Starting a blocking GC Explicit
08-05 15:30:06.923 12513 12525 I art     : Explicit concurrent mark sweep GC freed 147(2496B) AllocSpace objects, 0(0B) LOS objects, 29% free, 38MB/54MB, paused 477us total 25.274ms
08-05 15:30:07.188 13166 13166 D AndroidRuntime: >>>>>> START com.android.internal.os.RuntimeInit uid 2000 <<<<<<
08-05 15:30:07.193 13166 13166 D AndroidRuntime: CheckJNI is OFF
08-05 15:30:07.229 13166 13166 D ICU     : No timezone override file found: /data/misc/zoneinfo/current/icu/icu_tzdata.dat
08-05 15:30:07.248 12513 12526 I art     : Starting a blocking GC Explicit
08-05 15:30:07.262 13166 13166 I Radio-JNI: register_android_hardware_Radio DONE
08-05 15:30:07.276 12513 12526 I art     : Explicit concurrent mark sweep GC freed 2436(99KB) AllocSpace objects, 2(40KB) LOS objects, 29% free, 38MB/54MB, paused 458us total 27.163ms
08-05 15:30:07.285 13166 13166 D AndroidRuntime: Calling main entry com.android.commands.input.Input
08-05 15:30:07.287 13166 13166 I Input   : injectMotionEvent: MotionEvent { action=ACTION_DOWN, actionButton=0, id[0]=0, x[0]=504.0, y[0]=1706.0, toolType[0]=TOOL_TYPE_UNKNOWN, buttonState=0, metaState=0, flags=0x0, edgeFlags=0x0, pointerCount=1, historySize=0, eventTime=804623699, downTime=804623699, deviceId=0, source=0x1002 }
08-05 15:30:07.288 12513 12526 I art     : Starting a blocking GC Explicit
08-05 15:30:07.292 13166 13166 I Input   : injectMotionEvent: MotionEvent { action=ACTION_UP, actionButton=0, id[0]=0, x[0]=504.0, y[0]=1706.0, toolType[0]=TOOL_TYPE_UNKNOWN, buttonState=0, metaState=0, flags=0x0, edgeFlags=0x0, pointerCount=1, historySize=0, eventTime=804623699, downTime=804623699, deviceId=0, source=0x1002 }
08-05 15:30:07.293 13166 13166 D AndroidRuntime: Shutting down VM
08-05 15:30:07.295   512  2967 D audio_hw_primary: out_set_parameters: enter: usecase(1: low-latency-playback) kvpairs: routing=2
08-05 15:30:07.297   918  3714 I ActivityManager: START u0 {cmp=baseline.io.github.project_travel_mate/.destinations.funfacts.FunFactsActivity (has extras)} from uid 10674 on display 0
08-05 15:30:07.308   512  2967 D audio_hw_primary: select_devices: out_snd_device(2: speaker) in_snd_device(0: none)
08-05 15:30:07.308   512  2967 D msm8974_platform: platform_send_audio_calibration: sending audio calibration for snd_device(2) acdb_id(15)
08-05 15:30:07.308   512  2967 I soundtrigger: audio_extn_sound_trigger_update_device_status: device 0x2 of type 0 for Event 1
08-05 15:30:07.317 12513 12526 I art     : Explicit concurrent mark sweep GC freed 1500(130KB) AllocSpace objects, 0(0B) LOS objects, 29% free, 38MB/54MB, paused 2.447ms total 28.660ms
08-05 15:30:07.320   512  2967 D audio_hw_primary: enable_snd_device: snd_device(2: speaker)
08-05 15:30:07.322   512  2967 D audio_hw_primary: enable_audio_route: apply and update mixer path: low-latency-playback speaker
08-05 15:30:07.325 12513 12580 D Gabe    : call	returning from cache
08-05 15:30:07.329 12513 12513 V EXECUTING: https://project-travel-mate.herokuapp.com/api/get-city-facts/1
08-05 15:30:07.331 12513 12526 I art     : Starting a blocking GC Explicit
08-05 15:30:07.355 12513 12526 I art     : Explicit concurrent mark sweep GC freed 1395(129KB) AllocSpace objects, 0(0B) LOS objects, 29% free, 38MB/54MB, paused 496us total 24.365ms
08-05 15:30:07.367 12513 12526 I art     : Starting a blocking GC Explicit
08-05 15:30:07.393 12513 12526 I art     : Explicit concurrent mark sweep GC freed 543(16KB) AllocSpace objects, 0(0B) LOS objects, 27% free, 42MB/58MB, paused 867us total 25.447ms
08-05 15:30:07.406 12513 12526 I art     : Starting a blocking GC Explicit
08-05 15:30:07.432 12513 12526 I art     : Explicit concurrent mark sweep GC freed 100(6KB) AllocSpace objects, 0(0B) LOS objects, 27% free, 43MB/59MB, paused 881us total 25.767ms
08-05 15:30:07.456   918   936 I ActivityManager: Displayed baseline.io.github.project_travel_mate/.destinations.funfacts.FunFactsActivity: +151ms
08-05 15:30:07.459 13866 13866 I GoogleInputMethodServic: GoogleInputMethodService.onFinishInput():3138 
08-05 15:30:07.459 13866 13866 I GoogleInputMethodServic: GoogleInputMethodService.onStartInput():1808 
08-05 15:30:07.705   380   380 W SurfaceFlinger: couldn't log to binary event log: overflow.
08-05 15:30:07.724 12513 12525 I art     : Starting a blocking GC Explicit
08-05 15:30:07.752 12513 12525 I art     : Explicit concurrent mark sweep GC freed 2618(104KB) AllocSpace objects, 2(40KB) LOS objects, 27% free, 42MB/58MB, paused 499us total 27.317ms
08-05 15:30:07.766 12513 12525 I art     : Starting a blocking GC Explicit
08-05 15:30:07.791 12513 12525 I art     : Explicit concurrent mark sweep GC freed 259(5KB) AllocSpace objects, 0(0B) LOS objects, 27% free, 42MB/58MB, paused 479us total 25.173ms
08-05 15:30:07.804 12513 12525 I art     : Starting a blocking GC Explicit
08-05 15:30:07.833 12513 12525 I art     : Explicit concurrent mark sweep GC freed 1149(72KB) AllocSpace objects, 2(120KB) LOS objects, 27% free, 43MB/59MB, paused 1.512ms total 28.974ms
08-05 15:30:07.846 12513 12525 I art     : Starting a blocking GC Explicit
08-05 15:30:07.858   512  2967 D audio_hw_primary: disable_audio_route: reset and update mixer path: low-latency-playback speaker
08-05 15:30:07.859   512  2967 D audio_hw_primary: disable_snd_device: snd_device(2: speaker)
08-05 15:30:07.866   512  2967 I soundtrigger: audio_extn_sound_trigger_update_device_status: device 0x2 of type 0 for Event 0
08-05 15:30:07.873 12513 12525 I art     : Explicit concurrent mark sweep GC freed 2258(136KB) AllocSpace objects, 1(80KB) LOS objects, 27% free, 43MB/59MB, paused 794us total 27.259ms
08-05 15:30:07.885 12513 12525 I art     : Starting a blocking GC Explicit
08-05 15:30:07.895 12513 13190 I NAPPA_EXPERIMENTATION: MetricNetworkRequestExecutionTime: REQUEST_DURATION_SYSTEM='566',REQUEST_DURATION_OKHTTP='43',REQUEST_SYNCHRONOUS='FALSE',RESPONSE_CODE='200',RESPONSE_METHOD='GET',RESPONSE_LENGTH_OKHTTP='1793',RESPONSE_LENGTH_HEADER='1793',REQUEST_PROTOCOL='http/1.1',REQUEST_URL='https://project-travel-mate.herokuapp.com/api/get-city-facts/1',
08-05 15:30:07.897 12513 13190 V EXECUTING: https://project-travel-mate.herokuapp.com/api/get-city-images/1
08-05 15:30:07.917 12513 12525 I art     : Explicit concurrent mark sweep GC freed 936(88KB) AllocSpace objects, 0(0B) LOS objects, 26% free, 43MB/59MB, paused 736us total 30.915ms
08-05 15:30:07.952   918  3261 D WifiStateMachine: starting scan for "H369AA63323"WPA_PSK with 2412,5180
08-05 15:30:08.223 12513 12526 I art     : Starting a blocking GC Explicit
08-05 15:30:08.250 12513 12526 I art     : Explicit concurrent mark sweep GC freed 2278(101KB) AllocSpace objects, 2(40KB) LOS objects, 26% free, 43MB/59MB, paused 519us total 26.384ms
08-05 15:30:08.262 12513 12526 I art     : Starting a blocking GC Explicit
08-05 15:30:08.288 12513 12526 I art     : Explicit concurrent mark sweep GC freed 155(3KB) AllocSpace objects, 0(0B) LOS objects, 26% free, 43MB/59MB, paused 766us total 26.536ms
08-05 15:30:08.301 12513 12526 I art     : Starting a blocking GC Explicit
08-05 15:30:08.327 12513 12526 I art     : Explicit concurrent mark sweep GC freed 131(2192B) AllocSpace objects, 0(0B) LOS objects, 26% free, 43MB/59MB, paused 698us total 25.467ms
08-05 15:30:08.339 12513 12526 I art     : Starting a blocking GC Explicit
08-05 15:30:08.365 12513 12526 I art     : Explicit concurrent mark sweep GC freed 26(464B) AllocSpace objects, 0(0B) LOS objects, 26% free, 43MB/59MB, paused 646us total 25.906ms
08-05 15:30:08.377 12513 12526 I art     : Starting a blocking GC Explicit
08-05 15:30:08.403 12513 12526 I art     : Explicit concurrent mark sweep GC freed 123(2064B) AllocSpace objects, 0(0B) LOS objects, 26% free, 43MB/59MB, paused 753us total 26.344ms
08-05 15:30:08.599 12513 13202 I NAPPA_EXPERIMENTATION: MetricNetworkRequestExecutionTime: REQUEST_DURATION_SYSTEM='702',REQUEST_DURATION_OKHTTP='36',REQUEST_SYNCHRONOUS='FALSE',RESPONSE_CODE='200',RESPONSE_METHOD='GET',RESPONSE_LENGTH_OKHTTP='183',RESPONSE_LENGTH_HEADER='183',REQUEST_PROTOCOL='http/1.1',REQUEST_URL='https://project-travel-mate.herokuapp.com/api/get-city-images/1',
08-05 15:30:08.639 12513 13202 V RESPONSE: [{"id":17,"image_url":"https://upload.wikimedia.org/wikipedia/commons/9/94/%E0%B4%96%E0%B5%81%E0%B4%A4%E0%B5%8D%E0%B4%AC%E0%B5%8D_%E0%B4%AE%E0%B4%BF%E0%B4%A8%E0%B4%BE%E0%B5%BC1.jpg"}]
08-05 15:30:08.711   518   646 I ThermalEngine: ACTION: GPU - Setting GPU[0] to 450000000
08-05 15:30:08.715 12513 12531 I art     : Starting a blocking GC Explicit
08-05 15:30:08.751 12513 12531 I art     : Explicit concurrent mark sweep GC freed 5062(245KB) AllocSpace objects, 5(240KB) LOS objects, 26% free, 43MB/59MB, paused 692us total 36.042ms
08-05 15:30:08.767 12513 12531 I art     : Starting a blocking GC Explicit
08-05 15:30:08.799 12513 12531 I art     : Explicit concurrent mark sweep GC freed 3946(234KB) AllocSpace objects, 0(0B) LOS objects, 26% free, 43MB/59MB, paused 650us total 32.195ms
08-05 15:30:08.815 12513 12531 I art     : Starting a blocking GC Explicit
08-05 15:30:08.850 12513 12531 I art     : Explicit concurrent mark sweep GC freed 648(23KB) AllocSpace objects, 1(4MB) LOS objects, 28% free, 39MB/55MB, paused 649us total 34.838ms
08-05 15:30:08.866 12513 12531 I art     : Starting a blocking GC Explicit
08-05 15:30:08.902 12513 12531 I art     : Explicit concurrent mark sweep GC freed 231(4KB) AllocSpace objects, 0(0B) LOS objects, 28% free, 39MB/55MB, paused 687us total 35.441ms
08-05 15:30:08.918 12513 12531 I art     : Starting a blocking GC Explicit
08-05 15:30:08.957 12513 12531 I art     : Explicit concurrent mark sweep GC freed 227(3KB) AllocSpace objects, 0(0B) LOS objects, 28% free, 39MB/55MB, paused 801us total 39.055ms
08-05 15:30:09.356 12513 12526 I art     : Starting a blocking GC Explicit
08-05 15:30:09.397 12513 12526 I art     : Explicit concurrent mark sweep GC freed 3365(115KB) AllocSpace objects, 2(40KB) LOS objects, 28% free, 39MB/55MB, paused 829us total 40.433ms
08-05 15:30:09.415 12513 12526 I art     : Starting a blocking GC Explicit
08-05 15:30:09.451 12513 12526 I art     : Explicit concurrent mark sweep GC freed 265(4KB) AllocSpace objects, 0(0B) LOS objects, 28% free, 39MB/55MB, paused 655us total 35.480ms
08-05 15:30:09.468 12513 12526 I art     : Starting a blocking GC Explicit
08-05 15:30:09.507 12513 12526 I art     : Explicit concurrent mark sweep GC freed 219(3KB) AllocSpace objects, 0(0B) LOS objects, 28% free, 39MB/55MB, paused 683us total 38.705ms
08-05 15:30:09.523 12513 12526 I art     : Starting a blocking GC Explicit
08-05 15:30:09.560 12513 12526 I art     : Explicit concurrent mark sweep GC freed 238(3KB) AllocSpace objects, 0(0B) LOS objects, 28% free, 39MB/55MB, paused 711us total 36.496ms
08-05 15:30:09.577 12513 12526 I art     : Starting a blocking GC Explicit
08-05 15:30:09.611 12513 12526 I art     : Explicit concurrent mark sweep GC freed 271(4KB) AllocSpace objects, 0(0B) LOS objects, 28% free, 39MB/55MB, paused 705us total 34.360ms
08-05 15:30:10.010 12513 12792 I art     : Starting a blocking GC Explicit
08-05 15:30:10.050 12513 12792 I art     : Explicit concurrent mark sweep GC freed 3299(113KB) AllocSpace objects, 2(40KB) LOS objects, 28% free, 39MB/55MB, paused 742us total 39.713ms
08-05 15:30:10.068 12513 12792 I art     : Starting a blocking GC Explicit
08-05 15:30:10.086 13234 13234 D AndroidRuntime: >>>>>> START com.android.internal.os.RuntimeInit uid 2000 <<<<<<
08-05 15:30:10.092 13234 13234 D AndroidRuntime: CheckJNI is OFF
08-05 15:30:10.105 12513 12792 I art     : Explicit concurrent mark sweep GC freed 240(4KB) AllocSpace objects, 0(0B) LOS objects, 28% free, 39MB/55MB, paused 699us total 36.165ms
08-05 15:30:10.121 12513 12792 I art     : Starting a blocking GC Explicit
08-05 15:30:10.136 13234 13234 D ICU     : No timezone override file found: /data/misc/zoneinfo/current/icu/icu_tzdata.dat
08-05 15:30:10.156 12513 12792 I art     : Explicit concurrent mark sweep GC freed 219(3KB) AllocSpace objects, 0(0B) LOS objects, 28% free, 39MB/55MB, paused 707us total 35.107ms
08-05 15:30:10.173 12513 12792 I art     : Starting a blocking GC Explicit
08-05 15:30:10.181 13234 13234 I Radio-JNI: register_android_hardware_Radio DONE
08-05 15:30:10.210 12513 12792 I art     : Explicit concurrent mark sweep GC freed 231(3KB) AllocSpace objects, 0(0B) LOS objects, 28% free, 39MB/55MB, paused 789us total 37.333ms
08-05 15:30:10.210 12513 12523 I art     : WaitForGcToComplete blocked for 37.676ms for cause HeapTrim
08-05 15:30:10.212 13234 13234 D AndroidRuntime: Calling main entry com.android.commands.input.Input
08-05 15:30:10.214 13234 13234 I Input   : injectKeyEvent: KeyEvent { action=ACTION_DOWN, keyCode=KEYCODE_BACK, scanCode=0, metaState=0, flags=0x0, repeatCount=0, eventTime=804626626, downTime=804626626, deviceId=-1, source=0x101 }
08-05 15:30:10.220 13234 13234 I Input   : injectKeyEvent: KeyEvent { action=ACTION_UP, keyCode=KEYCODE_BACK, scanCode=0, metaState=0, flags=0x0, repeatCount=0, eventTime=804626626, downTime=804626626, deviceId=-1, source=0x101 }
08-05 15:30:10.226 12513 12792 I art     : Starting a blocking GC Explicit
08-05 15:30:10.229 13234 13234 D AndroidRuntime: Shutting down VM
08-05 15:30:10.260 12513 12792 I art     : Explicit concurrent mark sweep GC freed 251(5KB) AllocSpace objects, 0(0B) LOS objects, 28% free, 39MB/55MB, paused 658us total 33.664ms
08-05 15:30:10.272 13866 13866 I GoogleInputMethodServic: GoogleInputMethodService.onFinishInput():3138 
08-05 15:30:10.273 13866 13866 I GoogleInputMethodServic: GoogleInputMethodService.onStartInput():1808 
08-05 15:30:10.575   380   380 W SurfaceFlinger: couldn't log to binary event log: overflow.
08-05 15:30:10.627 12513 12526 I art     : Starting a blocking GC Explicit
08-05 15:30:10.663 12513 12526 I art     : Explicit concurrent mark sweep GC freed 3855(147KB) AllocSpace objects, 5(684KB) LOS objects, 29% free, 39MB/55MB, paused 1.271ms total 35.055ms
08-05 15:30:10.678 12513 12526 I art     : Starting a blocking GC Explicit
08-05 15:30:10.711 12513 12526 I art     : Explicit concurrent mark sweep GC freed 5628(269KB) AllocSpace objects, 1(28KB) LOS objects, 29% free, 38MB/54MB, paused 752us total 32.180ms
08-05 15:30:10.726 12513 12526 I art     : Starting a blocking GC Explicit
08-05 15:30:10.759 12513 12526 I art     : Explicit concurrent mark sweep GC freed 130(2336B) AllocSpace objects, 0(0B) LOS objects, 29% free, 38MB/54MB, paused 812us total 33.046ms
08-05 15:30:10.775 12513 12526 I art     : Starting a blocking GC Explicit
08-05 15:30:10.810 12513 12526 I art     : Explicit concurrent mark sweep GC freed 159(2672B) AllocSpace objects, 0(0B) LOS objects, 29% free, 38MB/54MB, paused 862us total 34.176ms
08-05 15:30:10.826 12513 12526 I art     : Starting a blocking GC Explicit
08-05 15:30:10.860 12513 12526 I art     : Explicit concurrent mark sweep GC freed 137(2336B) AllocSpace objects, 0(0B) LOS objects, 29% free, 38MB/54MB, paused 734us total 33.276ms
08-05 15:30:11.226 12513 12531 I art     : Starting a blocking GC Explicit
08-05 15:30:11.261 12513 12531 I art     : Explicit concurrent mark sweep GC freed 2574(101KB) AllocSpace objects, 2(40KB) LOS objects, 29% free, 38MB/54MB, paused 792us total 34.766ms
08-05 15:30:11.278 12513 12531 I art     : Starting a blocking GC Explicit
08-05 15:30:11.312 12513 12531 I art     : Explicit concurrent mark sweep GC freed 197(3KB) AllocSpace objects, 0(0B) LOS objects, 29% free, 38MB/54MB, paused 738us total 33.026ms
08-05 15:30:11.328 12513 12531 I art     : Starting a blocking GC Explicit
08-05 15:30:11.361 12513 12531 I art     : Explicit concurrent mark sweep GC freed 142(2416B) AllocSpace objects, 0(0B) LOS objects, 29% free, 38MB/54MB, paused 752us total 33.235ms
08-05 15:30:11.378 12513 12531 I art     : Starting a blocking GC Explicit
08-05 15:30:11.411 12513 12531 I art     : Explicit concurrent mark sweep GC freed 137(2336B) AllocSpace objects, 0(0B) LOS objects, 29% free, 38MB/54MB, paused 776us total 33.276ms
08-05 15:30:11.427 12513 12531 I art     : Starting a blocking GC Explicit
08-05 15:30:11.461 12513 12531 I art     : Explicit concurrent mark sweep GC freed 141(2400B) AllocSpace objects, 0(0B) LOS objects, 29% free, 38MB/54MB, paused 703us total 33.257ms
08-05 15:30:11.827 12513 12792 I art     : Starting a blocking GC Explicit
08-05 15:30:11.864 12513 12792 I art     : Explicit concurrent mark sweep GC freed 2591(102KB) AllocSpace objects, 2(40KB) LOS objects, 29% free, 38MB/54MB, paused 775us total 36.124ms
08-05 15:30:11.880 12513 12792 I art     : Starting a blocking GC Explicit
08-05 15:30:11.916 12513 12792 I art     : Explicit concurrent mark sweep GC freed 191(3KB) AllocSpace objects, 0(0B) LOS objects, 29% free, 38MB/54MB, paused 705us total 35.211ms
08-05 15:30:11.932 12513 12792 I art     : Starting a blocking GC Explicit
08-05 15:30:11.968 12513 12792 I art     : Explicit concurrent mark sweep GC freed 148(2528B) AllocSpace objects, 0(0B) LOS objects, 29% free, 38MB/54MB, paused 718us total 35.383ms
08-05 15:30:11.984 12513 12792 I art     : Starting a blocking GC Explicit
08-05 15:30:12.015 13278 13278 D AndroidRuntime: >>>>>> START com.android.internal.os.RuntimeInit uid 2000 <<<<<<
08-05 15:30:12.019 12513 12792 I art     : Explicit concurrent mark sweep GC freed 147(2496B) AllocSpace objects, 0(0B) LOS objects, 29% free, 38MB/54MB, paused 695us total 35.024ms
08-05 15:30:12.021 13278 13278 D AndroidRuntime: CheckJNI is OFF
08-05 15:30:12.036 12513 12792 I art     : Starting a blocking GC Explicit
08-05 15:30:12.066 13278 13278 D ICU     : No timezone override file found: /data/misc/zoneinfo/current/icu/icu_tzdata.dat
08-05 15:30:12.070 12513 12792 I art     : Explicit concurrent mark sweep GC freed 147(2496B) AllocSpace objects, 0(0B) LOS objects, 29% free, 38MB/54MB, paused 700us total 33.921ms
08-05 15:30:12.112 13278 13278 I Radio-JNI: register_android_hardware_Radio DONE
08-05 15:30:12.141 13278 13278 D AndroidRuntime: Calling main entry com.android.commands.input.Input
08-05 15:30:12.143 13278 13278 I Input   : injectMotionEvent: MotionEvent { action=ACTION_DOWN, actionButton=0, id[0]=0, x[0]=693.0, y[0]=1450.0, toolType[0]=TOOL_TYPE_UNKNOWN, buttonState=0, metaState=0, flags=0x0, edgeFlags=0x0, pointerCount=1, historySize=0, eventTime=804628556, downTime=804628556, deviceId=0, source=0x1002 }
08-05 15:30:12.149 13278 13278 I Input   : injectMotionEvent: MotionEvent { action=ACTION_UP, actionButton=0, id[0]=0, x[0]=693.0, y[0]=1450.0, toolType[0]=TOOL_TYPE_UNKNOWN, buttonState=0, metaState=0, flags=0x0, edgeFlags=0x0, pointerCount=1, historySize=0, eventTime=804628556, downTime=804628556, deviceId=0, source=0x1002 }
08-05 15:30:12.151   918  5132 I ActivityManager: START u0 {cmp=baseline.io.github.project_travel_mate/.destinations.description.CityHistoryActivity} from uid 10674 on display 0
08-05 15:30:12.152   512  2967 D audio_hw_primary: out_set_parameters: enter: usecase(1: low-latency-playback) kvpairs: routing=2
08-05 15:30:12.153 13278 13278 D AndroidRuntime: Shutting down VM
08-05 15:30:12.165   512  2967 D audio_hw_primary: select_devices: out_snd_device(2: speaker) in_snd_device(0: none)
08-05 15:30:12.166   512  2967 D msm8974_platform: platform_send_audio_calibration: sending audio calibration for snd_device(2) acdb_id(15)
08-05 15:30:12.166   512  2967 I soundtrigger: audio_extn_sound_trigger_update_device_status: device 0x2 of type 0 for Event 1
08-05 15:30:12.187   512  2967 D audio_hw_primary: enable_snd_device: snd_device(2: speaker)
08-05 15:30:12.190   512  2967 D audio_hw_primary: enable_audio_route: apply and update mixer path: low-latency-playback speaker
08-05 15:30:12.192 12513 12580 D Gabe    : call	returning from cache
08-05 15:30:12.194 12513 12513 V EXECUTING: https://project-travel-mate.herokuapp.com/api/get-city-information/1
08-05 15:30:12.339   918   936 I ActivityManager: Displayed baseline.io.github.project_travel_mate/.destinations.description.CityHistoryActivity: +179ms
08-05 15:30:12.340 13866 13866 I GoogleInputMethodServic: GoogleInputMethodService.onFinishInput():3138 
08-05 15:30:12.340 13866 13866 I GoogleInputMethodServic: GoogleInputMethodService.onStartInput():1808 
08-05 15:30:12.419 12513 12526 I art     : Starting a blocking GC Explicit
08-05 15:30:12.453 12513 12526 I art     : Explicit concurrent mark sweep GC freed 3227(157KB) AllocSpace objects, 2(40KB) LOS objects, 26% free, 43MB/59MB, paused 742us total 32.977ms
08-05 15:30:12.469 12513 12526 I art     : Starting a blocking GC Explicit
08-05 15:30:12.501 12513 12526 I art     : Explicit concurrent mark sweep GC freed 441(13KB) AllocSpace objects, 0(0B) LOS objects, 27% free, 43MB/59MB, paused 706us total 32.149ms
08-05 15:30:12.517 12513 12526 I art     : Starting a blocking GC Explicit
08-05 15:30:12.555 12513 12526 I art     : Explicit concurrent mark sweep GC freed 219(3KB) AllocSpace objects, 0(0B) LOS objects, 27% free, 43MB/59MB, paused 720us total 36.990ms
08-05 15:30:12.572 12513 12526 I art     : Starting a blocking GC Explicit
08-05 15:30:12.594   380   380 W SurfaceFlinger: couldn't log to binary event log: overflow.
08-05 15:30:12.609 12513 12526 I art     : Explicit concurrent mark sweep GC freed 219(3KB) AllocSpace objects, 0(0B) LOS objects, 27% free, 43MB/59MB, paused 736us total 36.495ms
08-05 15:30:12.625 12513 12526 I art     : Starting a blocking GC Explicit
08-05 15:30:12.657 12513 12526 I art     : Explicit concurrent mark sweep GC freed 219(3KB) AllocSpace objects, 0(0B) LOS objects, 27% free, 43MB/59MB, paused 726us total 31.076ms
08-05 15:30:12.730   512  2967 D audio_hw_primary: disable_audio_route: reset and update mixer path: low-latency-playback speaker
08-05 15:30:12.732   512  2967 D audio_hw_primary: disable_snd_device: snd_device(2: speaker)
08-05 15:30:12.741   512  2967 I soundtrigger: audio_extn_sound_trigger_update_device_status: device 0x2 of type 0 for Event 0
08-05 15:30:13.005 12513 13304 I NAPPA_EXPERIMENTATION: MetricNetworkRequestExecutionTime: REQUEST_DURATION_SYSTEM='810',REQUEST_DURATION_OKHTTP='41',REQUEST_SYNCHRONOUS='FALSE',RESPONSE_CODE='200',RESPONSE_METHOD='GET',RESPONSE_LENGTH_OKHTTP='55024',RESPONSE_LENGTH_HEADER='55024',REQUEST_PROTOCOL='http/1.1',REQUEST_URL='https://project-travel-mate.herokuapp.com/api/get-city-information/1',
08-05 15:30:13.008 12513 12792 I art     : Starting a blocking GC Explicit
08-05 15:30:13.042 12513 12792 I art     : Explicit concurrent mark sweep GC freed 5121(243KB) AllocSpace objects, 8(512KB) LOS objects, 26% free, 43MB/59MB, paused 885us total 34.526ms
08-05 15:30:13.058 12513 12792 I art     : Starting a blocking GC Explicit
08-05 15:30:13.091 12513 12792 I art     : Explicit concurrent mark sweep GC freed 1289(569KB) AllocSpace objects, 5(108KB) LOS objects, 26% free, 43MB/59MB, paused 952us total 32.825ms
08-05 15:30:13.107 12513 12792 I art     : Starting a blocking GC Explicit
08-05 15:30:13.126 13866 13866 I GoogleInputMethodServic: GoogleInputMethodService.onFinishInput():3138 
08-05 15:30:13.127 13866 13866 I GoogleInputMethodServic: GoogleInputMethodService.onStartInput():1808 
08-05 15:30:13.140 12513 12792 I art     : Explicit concurrent mark sweep GC freed 1214(762KB) AllocSpace objects, 11(300KB) LOS objects, 26% free, 43MB/59MB, paused 670us total 32.348ms
08-05 15:30:13.155 12513 12792 I art     : Starting a blocking GC Explicit
08-05 15:30:13.189 12513 12792 I art     : Explicit concurrent mark sweep GC freed 295(6KB) AllocSpace objects, 1(4MB) LOS objects, 28% free, 39MB/55MB, paused 789us total 34.066ms
08-05 15:30:13.205 12513 12792 I art     : Starting a blocking GC Explicit
08-05 15:30:13.242 12513 12792 I art     : Explicit concurrent mark sweep GC freed 219(3KB) AllocSpace objects, 0(0B) LOS objects, 28% free, 39MB/55MB, paused 694us total 36.232ms
08-05 15:30:13.608 12513 12526 I art     : Starting a blocking GC Explicit
08-05 15:30:13.648 12513 12526 I art     : Explicit concurrent mark sweep GC freed 3171(111KB) AllocSpace objects, 2(40KB) LOS objects, 28% free, 39MB/55MB, paused 971us total 38.879ms
08-05 15:30:13.664 12513 12526 I art     : Starting a blocking GC Explicit
08-05 15:30:13.701 12513 12526 I art     : Explicit concurrent mark sweep GC freed 322(6KB) AllocSpace objects, 0(0B) LOS objects, 28% free, 39MB/55MB, paused 713us total 36.129ms
08-05 15:30:13.717 12513 12526 I art     : Starting a blocking GC Explicit
08-05 15:30:13.754 12513 12526 I art     : Explicit concurrent mark sweep GC freed 219(3KB) AllocSpace objects, 0(0B) LOS objects, 28% free, 39MB/55MB, paused 723us total 36.878ms
08-05 15:30:13.771 12513 12526 I art     : Starting a blocking GC Explicit
08-05 15:30:13.808 12513 12526 I art     : Explicit concurrent mark sweep GC freed 219(3KB) AllocSpace objects, 0(0B) LOS objects, 28% free, 39MB/55MB, paused 706us total 36.840ms
08-05 15:30:13.825 12513 12526 I art     : Starting a blocking GC Explicit
08-05 15:30:13.867 12513 12526 I art     : Explicit concurrent mark sweep GC freed 296(4KB) AllocSpace objects, 0(0B) LOS objects, 28% free, 39MB/55MB, paused 1.028ms total 41.396ms
08-05 15:30:14.267 12513 12526 I art     : Starting a blocking GC Explicit
08-05 15:30:14.309 12513 12526 I art     : Explicit concurrent mark sweep GC freed 3324(114KB) AllocSpace objects, 2(40KB) LOS objects, 28% free, 39MB/55MB, paused 755us total 41.437ms
08-05 15:30:14.327 12513 12526 I art     : Starting a blocking GC Explicit
08-05 15:30:14.366 12513 12526 I art     : Explicit concurrent mark sweep GC freed 286(5KB) AllocSpace objects, 0(0B) LOS objects, 28% free, 39MB/55MB, paused 910us total 38.338ms
08-05 15:30:14.382 12513 12526 I art     : Starting a blocking GC Explicit
08-05 15:30:14.419 11851 11851 I ServiceManager: Waiting for service AtCmdFwd...
08-05 15:30:14.420 12513 12526 I art     : Explicit concurrent mark sweep GC freed 243(4KB) AllocSpace objects, 0(0B) LOS objects, 28% free, 39MB/55MB, paused 685us total 37.589ms
08-05 15:30:14.437 12513 12526 I art     : Starting a blocking GC Explicit
08-05 15:30:14.476 12513 12526 I art     : Explicit concurrent mark sweep GC freed 219(3KB) AllocSpace objects, 0(0B) LOS objects, 28% free, 39MB/55MB, paused 741us total 38.582ms
08-05 15:30:14.493 12513 12526 I art     : Starting a blocking GC Explicit
08-05 15:30:14.531 12513 12526 I art     : Explicit concurrent mark sweep GC freed 223(3KB) AllocSpace objects, 0(0B) LOS objects, 28% free, 39MB/55MB, paused 915us total 37.859ms
08-05 15:30:14.931 12513 12525 I art     : Starting a blocking GC Explicit
08-05 15:30:14.973 12513 12525 I art     : Explicit concurrent mark sweep GC freed 3366(114KB) AllocSpace objects, 2(40KB) LOS objects, 28% free, 39MB/55MB, paused 740us total 41.535ms
08-05 15:30:14.992 12513 12525 I art     : Starting a blocking GC Explicit
08-05 15:30:15.030 12513 12525 I art     : Explicit concurrent mark sweep GC freed 239(4KB) AllocSpace objects, 0(0B) LOS objects, 28% free, 39MB/55MB, paused 675us total 37.562ms
08-05 15:30:15.046 12513 12525 I art     : Starting a blocking GC Explicit
08-05 15:30:15.085 12513 12525 I art     : Explicit concurrent mark sweep GC freed 290(4KB) AllocSpace objects, 0(0B) LOS objects, 28% free, 39MB/55MB, paused 737us total 39.051ms
08-05 15:30:15.102 12513 12525 I art     : Starting a blocking GC Explicit
08-05 15:30:15.125   918  3188 I hubconnection: sensorhub said: 'set_bias 3: -5.5296, 0.0000, 0.0000'
08-05 15:30:15.140 12513 12525 I art     : Explicit concurrent mark sweep GC freed 220(3KB) AllocSpace objects, 0(0B) LOS objects, 28% free, 39MB/55MB, paused 703us total 37.791ms
08-05 15:30:15.157 12513 12525 I art     : Starting a blocking GC Explicit
08-05 15:30:15.195 12513 12525 I art     : Explicit concurrent mark sweep GC freed 219(3KB) AllocSpace objects, 0(0B) LOS objects, 28% free, 39MB/55MB, paused 708us total 37.555ms
08-05 15:30:15.420 11851 11851 I ServiceManager: Waiting for service AtCmdFwd...
08-05 15:30:15.589 12513 12531 I art     : Starting a blocking GC Explicit
08-05 15:30:15.633 12513 12531 I art     : Explicit concurrent mark sweep GC freed 3301(113KB) AllocSpace objects, 2(40KB) LOS objects, 28% free, 39MB/55MB, paused 1.037ms total 43.455ms
08-05 15:30:15.653 12513 12531 I art     : Starting a blocking GC Explicit
08-05 15:30:15.690 12513 12531 I art     : Explicit concurrent mark sweep GC freed 310(5KB) AllocSpace objects, 0(0B) LOS objects, 28% free, 39MB/55MB, paused 796us total 36.420ms
08-05 15:30:15.706 12513 12531 I art     : Starting a blocking GC Explicit
08-05 15:30:15.721   518   646 I ThermalEngine: ACTION: GPU - Setting GPU[0] to 510000000
08-05 15:30:15.744 12513 12531 I art     : Explicit concurrent mark sweep GC freed 219(3KB) AllocSpace objects, 0(0B) LOS objects, 28% free, 39MB/55MB, paused 721us total 37.201ms
08-05 15:30:15.760 12513 12531 I art     : Starting a blocking GC Explicit
08-05 15:30:15.789 12513 12531 I art     : Explicit concurrent mark sweep GC freed 219(3KB) AllocSpace objects, 0(0B) LOS objects, 28% free, 39MB/55MB, paused 509us total 29.695ms
08-05 15:30:15.802 12513 12531 I art     : Starting a blocking GC Explicit
08-05 15:30:15.831 12513 12531 I art     : Explicit concurrent mark sweep GC freed 147(2496B) AllocSpace objects, 0(0B) LOS objects, 28% free, 39MB/55MB, paused 516us total 28.765ms
08-05 15:30:16.187 12513 12792 I art     : Starting a blocking GC Explicit
08-05 15:30:16.220 12513 12792 I art     : Explicit concurrent mark sweep GC freed 3156(111KB) AllocSpace objects, 2(40KB) LOS objects, 28% free, 39MB/55MB, paused 536us total 32.030ms
08-05 15:30:16.236 12513 12792 I art     : Starting a blocking GC Explicit
08-05 15:30:16.265 12513 12792 I art     : Explicit concurrent mark sweep GC freed 166(3KB) AllocSpace objects, 0(0B) LOS objects, 28% free, 39MB/55MB, paused 525us total 28.245ms
08-05 15:30:16.277 12513 12792 I art     : Starting a blocking GC Explicit
08-05 15:30:16.305 12513 12792 I art     : Explicit concurrent mark sweep GC freed 219(3KB) AllocSpace objects, 0(0B) LOS objects, 28% free, 39MB/55MB, paused 529us total 27.495ms
08-05 15:30:16.317 12513 12792 I art     : Starting a blocking GC Explicit
08-05 15:30:16.347 12513 12792 I art     : Explicit concurrent mark sweep GC freed 147(2496B) AllocSpace objects, 0(0B) LOS objects, 28% free, 39MB/55MB, paused 523us total 29.354ms
08-05 15:30:16.359 12513 12792 I art     : Starting a blocking GC Explicit
08-05 15:30:16.388 12513 12792 I art     : Explicit concurrent mark sweep GC freed 219(3KB) AllocSpace objects, 0(0B) LOS objects, 28% free, 39MB/55MB, paused 507us total 28.808ms
08-05 15:30:16.420 11851 11851 I ServiceManager: Waiting for service AtCmdFwd...
08-05 15:30:16.703 12513 12526 I art     : Starting a blocking GC Explicit
08-05 15:30:16.734 12513 12526 I art     : Explicit concurrent mark sweep GC freed 2904(107KB) AllocSpace objects, 2(40KB) LOS objects, 28% free, 39MB/55MB, paused 695us total 30.715ms
08-05 15:30:16.747 12513 12526 I art     : Starting a blocking GC Explicit
08-05 15:30:16.775 12513 12526 I art     : Explicit concurrent mark sweep GC freed 223(4KB) AllocSpace objects, 0(0B) LOS objects, 28% free, 39MB/55MB, paused 544us total 28.313ms
08-05 15:30:16.788 12513 12526 I art     : Starting a blocking GC Explicit
08-05 15:30:16.817 12513 12526 I art     : Explicit concurrent mark sweep GC freed 171(2880B) AllocSpace objects, 0(0B) LOS objects, 28% free, 39MB/55MB, paused 730us total 28.916ms
08-05 15:30:16.821 13380 13380 D AndroidRuntime: >>>>>> START com.android.internal.os.RuntimeInit uid 2000 <<<<<<
08-05 15:30:16.826 13380 13380 D AndroidRuntime: CheckJNI is OFF
08-05 15:30:16.829 12513 12526 I art     : Starting a blocking GC Explicit
08-05 15:30:16.858 12513 12526 I art     : Explicit concurrent mark sweep GC freed 195(3KB) AllocSpace objects, 0(0B) LOS objects, 28% free, 39MB/55MB, paused 584us total 28.005ms
08-05 15:30:16.860 13380 13380 D ICU     : No timezone override file found: /data/misc/zoneinfo/current/icu/icu_tzdata.dat
08-05 15:30:16.870 12513 12526 I art     : Starting a blocking GC Explicit
08-05 15:30:16.896 13380 13380 I Radio-JNI: register_android_hardware_Radio DONE
08-05 15:30:16.898 12513 12526 I art     : Explicit concurrent mark sweep GC freed 147(2496B) AllocSpace objects, 0(0B) LOS objects, 28% free, 39MB/55MB, paused 563us total 28.147ms
08-05 15:30:16.919 13380 13380 D AndroidRuntime: Calling main entry com.android.commands.input.Input
08-05 15:30:16.921 13380 13380 I Input   : injectKeyEvent: KeyEvent { action=ACTION_DOWN, keyCode=KEYCODE_BACK, scanCode=0, metaState=0, flags=0x0, repeatCount=0, eventTime=804633334, downTime=804633334, deviceId=-1, source=0x101 }
08-05 15:30:16.926 13380 13380 I Input   : injectKeyEvent: KeyEvent { action=ACTION_UP, keyCode=KEYCODE_BACK, scanCode=0, metaState=0, flags=0x0, repeatCount=0, eventTime=804633334, downTime=804633334, deviceId=-1, source=0x101 }
08-05 15:30:16.933 13380 13380 D AndroidRuntime: Shutting down VM
08-05 15:30:16.976 13866 13866 I GoogleInputMethodServic: GoogleInputMethodService.onFinishInput():3138 
08-05 15:30:16.977 13866 13866 I GoogleInputMethodServic: GoogleInputMethodService.onStartInput():1808 
08-05 15:30:17.206 12513 12525 I art     : Starting a blocking GC Explicit
08-05 15:30:17.243 12513 12525 I art     : Explicit concurrent mark sweep GC freed 3041(111KB) AllocSpace objects, 2(40KB) LOS objects, 28% free, 39MB/55MB, paused 565us total 37.199ms
08-05 15:30:17.256 12513 12525 I art     : Starting a blocking GC Explicit
08-05 15:30:17.283   380   380 W SurfaceFlinger: couldn't log to binary event log: overflow.
08-05 15:30:17.287 12513 12525 I art     : Explicit concurrent mark sweep GC freed 241(4KB) AllocSpace objects, 0(0B) LOS objects, 28% free, 39MB/55MB, paused 1.056ms total 29.854ms
08-05 15:30:17.302 12513 12525 I art     : Starting a blocking GC Explicit
08-05 15:30:17.328 12513 12525 I art     : Explicit concurrent mark sweep GC freed 125(2752B) AllocSpace objects, 1(188KB) LOS objects, 28% free, 39MB/55MB, paused 653us total 26.256ms
08-05 15:30:17.340 12513 12525 I art     : Starting a blocking GC Explicit
08-05 15:30:17.366 12513 12525 I art     : Explicit concurrent mark sweep GC freed 4777(340KB) AllocSpace objects, 7(132KB) LOS objects, 29% free, 38MB/54MB, paused 495us total 25.669ms
08-05 15:30:17.378 12513 12525 I art     : Starting a blocking GC Explicit
08-05 15:30:17.405 12513 12525 I art     : Explicit concurrent mark sweep GC freed 147(2496B) AllocSpace objects, 0(0B) LOS objects, 29% free, 38MB/54MB, paused 525us total 26.867ms
08-05 15:30:17.420 11851 11851 I ServiceManager: Waiting for service AtCmdFwd...
08-05 15:30:17.725 12513 12531 I art     : Starting a blocking GC Explicit
08-05 15:30:17.756 12513 12531 I art     : Explicit concurrent mark sweep GC freed 2435(99KB) AllocSpace objects, 2(40KB) LOS objects, 29% free, 38MB/54MB, paused 537us total 29.824ms
08-05 15:30:17.770 12513 12531 I art     : Starting a blocking GC Explicit
08-05 15:30:17.798 12513 12531 I art     : Explicit concurrent mark sweep GC freed 118(2384B) AllocSpace objects, 0(0B) LOS objects, 29% free, 38MB/54MB, paused 535us total 28.320ms
08-05 15:30:17.811 12513 12531 I art     : Starting a blocking GC Explicit
08-05 15:30:17.838 12513 12531 I art     : Explicit concurrent mark sweep GC freed 147(2496B) AllocSpace objects, 0(0B) LOS objects, 29% free, 38MB/54MB, paused 516us total 27.452ms
08-05 15:30:17.851 12513 12531 I art     : Starting a blocking GC Explicit
08-05 15:30:17.879 12513 12531 I art     : Explicit concurrent mark sweep GC freed 99(1696B) AllocSpace objects, 0(0B) LOS objects, 29% free, 38MB/54MB, paused 529us total 27.978ms
08-05 15:30:17.892 12513 12531 I art     : Starting a blocking GC Explicit
08-05 15:30:17.921 12513 12531 I art     : Explicit concurrent mark sweep GC freed 147(2496B) AllocSpace objects, 0(0B) LOS objects, 29% free, 38MB/54MB, paused 534us total 28.380ms
08-05 15:30:18.246 12513 12792 I art     : Starting a blocking GC Explicit
08-05 15:30:18.274 12513 12792 I art     : Explicit concurrent mark sweep GC freed 2435(99KB) AllocSpace objects, 2(40KB) LOS objects, 29% free, 38MB/54MB, paused 538us total 28.564ms
08-05 15:30:18.287 12513 12792 I art     : Starting a blocking GC Explicit
08-05 15:30:18.315 12513 12792 I art     : Explicit concurrent mark sweep GC freed 118(2384B) AllocSpace objects, 0(0B) LOS objects, 29% free, 38MB/54MB, paused 539us total 27.976ms
08-05 15:30:18.328 12513 12792 I art     : Starting a blocking GC Explicit
08-05 15:30:18.354 12513 12792 I art     : Explicit concurrent mark sweep GC freed 147(2496B) AllocSpace objects, 0(0B) LOS objects, 29% free, 38MB/54MB, paused 530us total 26.574ms
08-05 15:30:18.367 12513 12792 I art     : Starting a blocking GC Explicit
08-05 15:30:18.394 12513 12792 I art     : Explicit concurrent mark sweep GC freed 99(1696B) AllocSpace objects, 0(0B) LOS objects, 29% free, 38MB/54MB, paused 540us total 27.026ms
08-05 15:30:18.406 12513 12792 I art     : Starting a blocking GC Explicit
08-05 15:30:18.421 11851 11851 I ServiceManager: Waiting for service AtCmdFwd...
08-05 15:30:18.433 12513 12792 I art     : Explicit concurrent mark sweep GC freed 99(1696B) AllocSpace objects, 0(0B) LOS objects, 29% free, 38MB/54MB, paused 547us total 27.050ms
08-05 15:30:18.580 13436 13436 D AndroidRuntime: >>>>>> START com.android.internal.os.RuntimeInit uid 2000 <<<<<<
08-05 15:30:18.584 13436 13436 D AndroidRuntime: CheckJNI is OFF
08-05 15:30:18.615 13436 13436 D ICU     : No timezone override file found: /data/misc/zoneinfo/current/icu/icu_tzdata.dat
08-05 15:30:18.646 13436 13436 I Radio-JNI: register_android_hardware_Radio DONE
08-05 15:30:18.666 13436 13436 D AndroidRuntime: Calling main entry com.android.commands.input.Input
08-05 15:30:18.667 13436 13436 I Input   : injectKeyEvent: KeyEvent { action=ACTION_DOWN, keyCode=KEYCODE_BACK, scanCode=0, metaState=0, flags=0x0, repeatCount=0, eventTime=804635081, downTime=804635081, deviceId=-1, source=0x101 }
08-05 15:30:18.671 13436 13436 I Input   : injectKeyEvent: KeyEvent { action=ACTION_UP, keyCode=KEYCODE_BACK, scanCode=0, metaState=0, flags=0x0, repeatCount=0, eventTime=804635081, downTime=804635081, deviceId=-1, source=0x101 }
08-05 15:30:18.676 13436 13436 D AndroidRuntime: Shutting down VM
08-05 15:30:18.686 12513 12513 V MainActivity: url = https://project-travel-mate.herokuapp.com/api/number-of-unread-notifications
08-05 15:30:18.712 13866 13866 I GoogleInputMethodServic: GoogleInputMethodService.onFinishInput():3138 
08-05 15:30:18.712 13866 13866 I GoogleInputMethodServic: GoogleInputMethodService.onStartInput():1808 
08-05 15:30:18.759 12513 12525 I art     : Starting a blocking GC Explicit
08-05 15:30:18.783 12513 12525 I art     : Explicit concurrent mark sweep GC freed 2931(119KB) AllocSpace objects, 2(40KB) LOS objects, 29% free, 38MB/54MB, paused 571us total 23.865ms
08-05 15:30:18.794 12513 12525 I art     : Starting a blocking GC Explicit
08-05 15:30:18.818 12513 12525 I art     : Explicit concurrent mark sweep GC freed 241(9KB) AllocSpace objects, 0(0B) LOS objects, 29% free, 38MB/54MB, paused 607us total 24.064ms
08-05 15:30:18.830 12513 12525 I art     : Starting a blocking GC Explicit
08-05 15:30:18.856 12513 12525 I art     : Explicit concurrent mark sweep GC freed 146(2480B) AllocSpace objects, 0(0B) LOS objects, 29% free, 38MB/54MB, paused 549us total 24.845ms
08-05 15:30:18.867 12513 12525 I art     : Starting a blocking GC Explicit
08-05 15:30:18.893 12513 12525 I art     : Explicit concurrent mark sweep GC freed 102(1776B) AllocSpace objects, 0(0B) LOS objects, 29% free, 38MB/54MB, paused 534us total 25.851ms
08-05 15:30:18.905 12513 12525 I art     : Starting a blocking GC Explicit
08-05 15:30:18.931 12513 12525 I art     : Explicit concurrent mark sweep GC freed 119(2816B) AllocSpace objects, 0(0B) LOS objects, 29% free, 38MB/54MB, paused 557us total 25.372ms
08-05 15:30:19.251 12513 12531 I art     : Starting a blocking GC Explicit
08-05 15:30:19.282 12513 12531 I art     : Explicit concurrent mark sweep GC freed 2074(94KB) AllocSpace objects, 2(40KB) LOS objects, 29% free, 38MB/54MB, paused 604us total 30.333ms
08-05 15:30:19.294 12513 12531 I art     : Starting a blocking GC Explicit
08-05 15:30:19.323 12513 12531 I art     : Explicit concurrent mark sweep GC freed 230(9KB) AllocSpace objects, 0(0B) LOS objects, 29% free, 38MB/54MB, paused 615us total 28.813ms
08-05 15:30:19.336 12513 12531 I art     : Starting a blocking GC Explicit
08-05 15:30:19.364 12513 12531 I art     : Explicit concurrent mark sweep GC freed 51(896B) AllocSpace objects, 0(0B) LOS objects, 29% free, 38MB/54MB, paused 587us total 28.595ms
08-05 15:30:19.377 12513 12531 I art     : Starting a blocking GC Explicit
08-05 15:30:19.406 12513 12531 I art     : Explicit concurrent mark sweep GC freed 75(1296B) AllocSpace objects, 0(0B) LOS objects, 29% free, 38MB/54MB, paused 603us total 28.469ms
08-05 15:30:19.419 12513 12531 I art     : Starting a blocking GC Explicit
08-05 15:30:19.421 11851 11851 W Atfwd_Sendcmd: AtCmdFwd service not published, waiting... retryCnt : 3
08-05 15:30:19.448 12513 12531 I art     : Explicit concurrent mark sweep GC freed 51(896B) AllocSpace objects, 0(0B) LOS objects, 29% free, 38MB/54MB, paused 668us total 29.190ms
08-05 15:30:19.552 12513 13459 I NAPPA_EXPERIMENTATION: MetricNetworkRequestExecutionTime: REQUEST_DURATION_SYSTEM='865',REQUEST_DURATION_OKHTTP='36',REQUEST_SYNCHRONOUS='FALSE',RESPONSE_CODE='200',RESPONSE_METHOD='GET',RESPONSE_LENGTH_OKHTTP='36',RESPONSE_LENGTH_HEADER='36',REQUEST_PROTOCOL='http/1.1',REQUEST_URL='https://project-travel-mate.herokuapp.com/api/number-of-unread-notifications',
08-05 15:30:19.777 12513 12792 I art     : Starting a blocking GC Explicit
08-05 15:30:19.809 12513 12792 I art     : Explicit concurrent mark sweep GC freed 4768(240KB) AllocSpace objects, 5(240KB) LOS objects, 29% free, 39MB/55MB, paused 655us total 31.879ms
08-05 15:30:19.822 12513 12792 I art     : Starting a blocking GC Explicit
08-05 15:30:19.851 12513 12792 I art     : Explicit concurrent mark sweep GC freed 1014(118KB) AllocSpace objects, 0(0B) LOS objects, 29% free, 39MB/55MB, paused 575us total 29.216ms
08-05 15:30:19.864 12513 12792 I art     : Starting a blocking GC Explicit
08-05 15:30:19.893 12513 12792 I art     : Explicit concurrent mark sweep GC freed 75(1296B) AllocSpace objects, 0(0B) LOS objects, 29% free, 39MB/55MB, paused 576us total 29.309ms
08-05 15:30:19.906 12513 12792 I art     : Starting a blocking GC Explicit
08-05 15:30:19.934 12513 12792 I art     : Explicit concurrent mark sweep GC freed 51(896B) AllocSpace objects, 0(0B) LOS objects, 29% free, 39MB/55MB, paused 550us total 27.781ms
08-05 15:30:19.947 12513 12792 I art     : Starting a blocking GC Explicit
08-05 15:30:19.974 12513 12792 I art     : Explicit concurrent mark sweep GC freed 75(1296B) AllocSpace objects, 0(0B) LOS objects, 29% free, 39MB/55MB, paused 593us total 27.376ms
08-05 15:30:20.295 12513 12526 I art     : Starting a blocking GC Explicit
08-05 15:30:20.318 13481 13481 D AndroidRuntime: >>>>>> START com.android.internal.os.RuntimeInit uid 2000 <<<<<<
08-05 15:30:20.323 13481 13481 D AndroidRuntime: CheckJNI is OFF
08-05 15:30:20.325 12513 12526 I art     : Explicit concurrent mark sweep GC freed 1934(91KB) AllocSpace objects, 2(40KB) LOS objects, 29% free, 39MB/55MB, paused 832us total 30.185ms
08-05 15:30:20.339 12513 12526 I art     : Starting a blocking GC Explicit
08-05 15:30:20.358 13481 13481 D ICU     : No timezone override file found: /data/misc/zoneinfo/current/icu/icu_tzdata.dat
08-05 15:30:20.367 12513 12526 I art     : Explicit concurrent mark sweep GC freed 75(1744B) AllocSpace objects, 0(0B) LOS objects, 29% free, 39MB/55MB, paused 723us total 28.090ms
08-05 15:30:20.379 12513 12526 I art     : Starting a blocking GC Explicit
08-05 15:30:20.392 13481 13481 I Radio-JNI: register_android_hardware_Radio DONE
08-05 15:30:20.405 12513 12526 I art     : Explicit concurrent mark sweep GC freed 77(1376B) AllocSpace objects, 0(0B) LOS objects, 29% free, 39MB/55MB, paused 580us total 25.790ms
08-05 15:30:20.414 13481 13481 D AndroidRuntime: Calling main entry com.android.commands.input.Input
08-05 15:30:20.416 13481 13481 I Input   : injectMotionEvent: MotionEvent { action=ACTION_DOWN, actionButton=0, id[0]=0, x[0]=346.0, y[0]=709.0, toolType[0]=TOOL_TYPE_UNKNOWN, buttonState=0, metaState=0, flags=0x0, edgeFlags=0x0, pointerCount=1, historySize=0, eventTime=804636829, downTime=804636829, deviceId=0, source=0x1002 }
08-05 15:30:20.417 12513 12526 I art     : Starting a blocking GC Explicit
08-05 15:30:20.422 13481 13481 I Input   : injectMotionEvent: MotionEvent { action=ACTION_UP, actionButton=0, id[0]=0, x[0]=346.0, y[0]=709.0, toolType[0]=TOOL_TYPE_UNKNOWN, buttonState=0, metaState=0, flags=0x0, edgeFlags=0x0, pointerCount=1, historySize=0, eventTime=804636829, downTime=804636829, deviceId=0, source=0x1002 }
08-05 15:30:20.432   918  5132 I ActivityManager: START u0 {cmp=baseline.io.github.project_travel_mate/.destinations.description.FinalCityInfoActivity (has extras)} from uid 10674 on display 0
08-05 15:30:20.440 13481 13481 D AndroidRuntime: Shutting down VM
08-05 15:30:20.445 12513 12526 I art     : Explicit concurrent mark sweep GC freed 1147(174KB) AllocSpace objects, 0(0B) LOS objects, 29% free, 39MB/55MB, paused 710us total 27.670ms
08-05 15:30:20.458 12513 12526 I art     : Starting a blocking GC Explicit
08-05 15:30:20.465 12513 12580 D Gabe    : call	returning from cache
08-05 15:30:20.485 12513 12526 I art     : Explicit concurrent mark sweep GC freed 2697(116KB) AllocSpace objects, 0(0B) LOS objects, 28% free, 39MB/55MB, paused 999us total 26.305ms
08-05 15:30:20.491 12513 12513 V EXECUTING: https://project-travel-mate.herokuapp.com/api/get-city-weather/1
08-05 15:30:20.627   918   936 I ActivityManager: Displayed baseline.io.github.project_travel_mate/.destinations.description.FinalCityInfoActivity: +186ms
08-05 15:30:20.628 13866 13866 I GoogleInputMethodServic: GoogleInputMethodService.onFinishInput():3138 
08-05 15:30:20.628 13866 13866 I GoogleInputMethodServic: GoogleInputMethodService.onStartInput():1808 
08-05 15:30:20.779 12513 12526 I art     : Starting a blocking GC Explicit
08-05 15:30:20.807 12513 12526 I art     : Explicit concurrent mark sweep GC freed 4439(253KB) AllocSpace objects, 2(40KB) LOS objects, 26% free, 43MB/59MB, paused 601us total 27.427ms
08-05 15:30:20.819 12513 12526 I art     : Starting a blocking GC Explicit
08-05 15:30:20.848 12513 12526 I art     : Explicit concurrent mark sweep GC freed 208(8KB) AllocSpace objects, 0(0B) LOS objects, 26% free, 43MB/59MB, paused 636us total 29.107ms
08-05 15:30:20.861 12513 12526 I art     : Starting a blocking GC Explicit
08-05 15:30:20.887   380   380 W SurfaceFlinger: couldn't log to binary event log: overflow.
08-05 15:30:20.896 12513 12526 I art     : Explicit concurrent mark sweep GC freed 148(2528B) AllocSpace objects, 0(0B) LOS objects, 26% free, 43MB/59MB, paused 642us total 33.869ms
08-05 15:30:20.908 12513 12526 I art     : Starting a blocking GC Explicit
08-05 15:30:20.936 12513 12526 I art     : Explicit concurrent mark sweep GC freed 99(1696B) AllocSpace objects, 0(0B) LOS objects, 26% free, 43MB/59MB, paused 618us total 27.312ms
08-05 15:30:20.948 12513 12526 I art     : Starting a blocking GC Explicit
08-05 15:30:20.976 12513 12526 I art     : Explicit concurrent mark sweep GC freed 147(2496B) AllocSpace objects, 0(0B) LOS objects, 26% free, 43MB/59MB, paused 695us total 27.686ms
08-05 15:30:21.194 12513 13507 I NAPPA_EXPERIMENTATION: MetricNetworkRequestExecutionTime: REQUEST_DURATION_SYSTEM='702',REQUEST_DURATION_OKHTTP='37',REQUEST_SYNCHRONOUS='FALSE',RESPONSE_CODE='200',RESPONSE_METHOD='GET',RESPONSE_LENGTH_OKHTTP='530',RESPONSE_LENGTH_HEADER='530',REQUEST_PROTOCOL='http/1.1',REQUEST_URL='https://project-travel-mate.herokuapp.com/api/get-city/1',
08-05 15:30:21.227 12513 13506 I NAPPA_EXPERIMENTATION: MetricNetworkRequestExecutionTime: REQUEST_DURATION_SYSTEM='736',REQUEST_DURATION_OKHTTP='73',REQUEST_SYNCHRONOUS='FALSE',RESPONSE_CODE='200',RESPONSE_METHOD='GET',RESPONSE_LENGTH_OKHTTP='238',RESPONSE_LENGTH_HEADER='238',REQUEST_PROTOCOL='http/1.1',REQUEST_URL='https://project-travel-mate.herokuapp.com/api/get-city-weather/1',
08-05 15:30:21.228 12513 13507 V Response: {"id":1,"city_name":"Delhi","description":"Delhi, officially the National Capital Territory of Delhi, is the Capital territory of India. During the British Raj, Delhi was part of the province of Punjab and is still historically and culturally connected to the Punjab region.","latitude":"28.613900","longitude":"77.209000","facts_count":6,"images":["https://upload.wikimedia.org/wikipedia/commons/9/94/%E0%B4%96%E0%B5%81%E0%B4%A4%E0%B5%8D%E0%B4%AC%E0%B5%8D_%E0%B4%AE%E0%B4%BF%E0%B4%A8%E0%B4%BE%E0%B5%BC1.jpg"],"has_visited":false}
08-05 15:30:21.289 12513 12531 I art     : Starting a blocking GC Explicit
08-05 15:30:21.321 12513 12531 I art     : Explicit concurrent mark sweep GC freed 8956(469KB) AllocSpace objects, 5(240KB) LOS objects, 26% free, 44MB/60MB, paused 622us total 31.607ms
08-05 15:30:21.333 12513 12531 I art     : Starting a blocking GC Explicit
08-05 15:30:21.361 12513 12531 I art     : Explicit concurrent mark sweep GC freed 1214(123KB) AllocSpace objects, 1(4MB) LOS objects, 28% free, 39MB/55MB, paused 552us total 28.645ms
08-05 15:30:21.374 12513 12531 I art     : Starting a blocking GC Explicit
08-05 15:30:21.404 12513 12531 I art     : Explicit concurrent mark sweep GC freed 99(1696B) AllocSpace objects, 0(0B) LOS objects, 28% free, 39MB/55MB, paused 740us total 30.024ms
08-05 15:30:21.417 12513 12531 I art     : Starting a blocking GC Explicit
08-05 15:30:21.448 12513 12531 I art     : Explicit concurrent mark sweep GC freed 147(2496B) AllocSpace objects, 0(0B) LOS objects, 28% free, 39MB/55MB, paused 606us total 31.117ms
08-05 15:30:21.461 12513 12531 I art     : Starting a blocking GC Explicit
08-05 15:30:21.494 12513 12531 I art     : Explicit concurrent mark sweep GC freed 147(2496B) AllocSpace objects, 0(0B) LOS objects, 28% free, 39MB/55MB, paused 608us total 32.232ms
08-05 15:30:21.733   518   646 I ThermalEngine: ACTION: GPU - Setting GPU[0] to 450000000
08-05 15:30:21.863 12513 12526 I art     : Starting a blocking GC Explicit
08-05 15:30:21.902 12513 12526 I art     : Explicit concurrent mark sweep GC freed 2603(102KB) AllocSpace objects, 2(40KB) LOS objects, 28% free, 39MB/55MB, paused 806us total 38.477ms
08-05 15:30:21.919 12513 12526 I art     : Starting a blocking GC Explicit
08-05 15:30:21.957 12513 12526 I art     : Explicit concurrent mark sweep GC freed 180(3KB) AllocSpace objects, 0(0B) LOS objects, 28% free, 39MB/55MB, paused 908us total 38.060ms
08-05 15:30:21.974 12513 12526 I art     : Starting a blocking GC Explicit
08-05 15:30:22.014 12513 12526 I art     : Explicit concurrent mark sweep GC freed 191(3KB) AllocSpace objects, 0(0B) LOS objects, 28% free, 39MB/55MB, paused 825us total 39.853ms
08-05 15:30:22.031 12513 12526 I art     : Starting a blocking GC Explicit
08-05 15:30:22.070 12513 12526 I art     : Explicit concurrent mark sweep GC freed 147(2496B) AllocSpace objects, 0(0B) LOS objects, 28% free, 39MB/55MB, paused 820us total 39.296ms
08-05 15:30:22.087 12513 12526 I art     : Starting a blocking GC Explicit
08-05 15:30:22.128 12513 12526 I art     : Explicit concurrent mark sweep GC freed 174(2912B) AllocSpace objects, 0(0B) LOS objects, 28% free, 39MB/55MB, paused 1.071ms total 40.670ms
08-05 15:30:22.558 12513 12792 I art     : Starting a blocking GC Explicit
08-05 15:30:22.625 12513 12792 I art     : Explicit concurrent mark sweep GC freed 2876(107KB) AllocSpace objects, 2(40KB) LOS objects, 28% free, 39MB/55MB, paused 1.288ms total 67.496ms
08-05 15:30:22.647 12513 12792 I art     : Starting a blocking GC Explicit
08-05 15:30:22.690 12513 12792 I art     : Explicit concurrent mark sweep GC freed 213(4KB) AllocSpace objects, 0(0B) LOS objects, 28% free, 39MB/55MB, paused 953us total 42.673ms
08-05 15:30:22.707 12513 12792 I art     : Starting a blocking GC Explicit
08-05 15:30:22.746 12513 12792 I art     : Explicit concurrent mark sweep GC freed 182(3KB) AllocSpace objects, 0(0B) LOS objects, 28% free, 39MB/55MB, paused 830us total 39.174ms
08-05 15:30:22.763 12513 12792 I art     : Starting a blocking GC Explicit
08-05 15:30:22.806 12513 12792 I art     : Explicit concurrent mark sweep GC freed 147(2496B) AllocSpace objects, 0(0B) LOS objects, 28% free, 39MB/55MB, paused 836us total 42.494ms
08-05 15:30:22.823 12513 12792 I art     : Starting a blocking GC Explicit
08-05 15:30:22.867 12513 12792 I art     : Explicit concurrent mark sweep GC freed 194(3KB) AllocSpace objects, 0(0B) LOS objects, 28% free, 39MB/55MB, paused 1.003ms total 43.469ms
08-05 15:30:23.271 12513 12531 I art     : Starting a blocking GC Explicit
08-05 15:30:23.315 12513 12531 I art     : Explicit concurrent mark sweep GC freed 2724(104KB) AllocSpace objects, 2(40KB) LOS objects, 28% free, 39MB/55MB, paused 867us total 43.560ms
08-05 15:30:23.333 12513 12531 I art     : Starting a blocking GC Explicit
08-05 15:30:23.373 12513 12531 I art     : Explicit concurrent mark sweep GC freed 166(3KB) AllocSpace objects, 0(0B) LOS objects, 28% free, 39MB/55MB, paused 867us total 40.078ms
08-05 15:30:23.390 12513 12531 I art     : Starting a blocking GC Explicit
08-05 15:30:23.433 12513 12531 I art     : Explicit concurrent mark sweep GC freed 194(3KB) AllocSpace objects, 0(0B) LOS objects, 28% free, 39MB/55MB, paused 873us total 42.364ms
08-05 15:30:23.450 12513 12531 I art     : Starting a blocking GC Explicit
08-05 15:30:23.492 12513 12531 I art     : Explicit concurrent mark sweep GC freed 154(2624B) AllocSpace objects, 0(0B) LOS objects, 28% free, 39MB/55MB, paused 864us total 41.920ms
08-05 15:30:23.509 12513 12531 I art     : Starting a blocking GC Explicit
08-05 15:30:23.553 12513 12531 I art     : Explicit concurrent mark sweep GC freed 188(3KB) AllocSpace objects, 0(0B) LOS objects, 28% free, 39MB/55MB, paused 875us total 43.456ms
08-05 15:30:23.965 12513 12525 I art     : Starting a blocking GC Explicit
08-05 15:30:24.009 12513 12525 I art     : Explicit concurrent mark sweep GC freed 2725(104KB) AllocSpace objects, 2(40KB) LOS objects, 28% free, 39MB/55MB, paused 846us total 42.645ms
08-05 15:30:24.026 12513 12525 I art     : Starting a blocking GC Explicit
08-05 15:30:24.069 12513 12525 I art     : Explicit concurrent mark sweep GC freed 213(3KB) AllocSpace objects, 0(0B) LOS objects, 28% free, 39MB/55MB, paused 868us total 42.652ms
08-05 15:30:24.086 12513 12525 I art     : Starting a blocking GC Explicit
08-05 15:30:24.128 12513 12525 I art     : Explicit concurrent mark sweep GC freed 169(2864B) AllocSpace objects, 0(0B) LOS objects, 28% free, 39MB/55MB, paused 1.051ms total 41.060ms
08-05 15:30:24.145 12513 12525 I art     : Starting a blocking GC Explicit
08-05 15:30:24.189 12513 12525 I art     : Explicit concurrent mark sweep GC freed 173(2928B) AllocSpace objects, 0(0B) LOS objects, 28% free, 39MB/55MB, paused 896us total 43.590ms
08-05 15:30:24.206 12513 12525 I art     : Starting a blocking GC Explicit
08-05 15:30:24.248 12513 12525 I art     : Explicit concurrent mark sweep GC freed 188(3KB) AllocSpace objects, 0(0B) LOS objects, 28% free, 39MB/55MB, paused 1.166ms total 41.133ms
08-05 15:30:24.656 12513 12526 I art     : Starting a blocking GC Explicit
08-05 15:30:24.697 12513 12526 I art     : Explicit concurrent mark sweep GC freed 2731(104KB) AllocSpace objects, 2(40KB) LOS objects, 28% free, 39MB/55MB, paused 864us total 40.297ms
08-05 15:30:24.714 12513 12526 I art     : Starting a blocking GC Explicit
08-05 15:30:24.753 12513 12526 I art     : Explicit concurrent mark sweep GC freed 167(3KB) AllocSpace objects, 0(0B) LOS objects, 28% free, 39MB/55MB, paused 846us total 38.827ms
08-05 15:30:24.770 12513 12526 I art     : Starting a blocking GC Explicit
08-05 15:30:24.809 12513 12526 I art     : Explicit concurrent mark sweep GC freed 154(2912B) AllocSpace objects, 0(0B) LOS objects, 28% free, 39MB/55MB, paused 958us total 39.671ms
08-05 15:30:24.826 12513 12526 I art     : Starting a blocking GC Explicit
08-05 15:30:24.867 12513 12526 I art     : Explicit concurrent mark sweep GC freed 215(4KB) AllocSpace objects, 0(0B) LOS objects, 28% free, 39MB/55MB, paused 945us total 40.814ms
08-05 15:30:24.884 12513 12526 I art     : Starting a blocking GC Explicit
08-05 15:30:24.924 12513 12526 I art     : Explicit concurrent mark sweep GC freed 153(2784B) AllocSpace objects, 0(0B) LOS objects, 28% free, 39MB/55MB, paused 879us total 39.375ms
08-05 15:30:25.199 13581 13581 D AndroidRuntime: >>>>>> START com.android.internal.os.RuntimeInit uid 2000 <<<<<<
08-05 15:30:25.205 13581 13581 D AndroidRuntime: CheckJNI is OFF
08-05 15:30:25.248 13581 13581 D ICU     : No timezone override file found: /data/misc/zoneinfo/current/icu/icu_tzdata.dat
08-05 15:30:25.290 13581 13581 I Radio-JNI: register_android_hardware_Radio DONE
08-05 15:30:25.319 13581 13581 D AndroidRuntime: Calling main entry com.android.commands.input.Input
08-05 15:30:25.321 13581 13581 I Input   : injectMotionEvent: MotionEvent { action=ACTION_DOWN, actionButton=0, id[0]=0, x[0]=693.0, y[0]=1450.0, toolType[0]=TOOL_TYPE_UNKNOWN, buttonState=0, metaState=0, flags=0x0, edgeFlags=0x0, pointerCount=1, historySize=0, eventTime=804641734, downTime=804641734, deviceId=0, source=0x1002 }
08-05 15:30:25.327 13581 13581 I Input   : injectMotionEvent: MotionEvent { action=ACTION_UP, actionButton=0, id[0]=0, x[0]=693.0, y[0]=1450.0, toolType[0]=TOOL_TYPE_UNKNOWN, buttonState=0, metaState=0, flags=0x0, edgeFlags=0x0, pointerCount=1, historySize=0, eventTime=804641734, downTime=804641734, deviceId=0, source=0x1002 }
08-05 15:30:25.329 13581 13581 D AndroidRuntime: Shutting down VM
08-05 15:30:25.330   918  5481 I ActivityManager: START u0 {cmp=baseline.io.github.project_travel_mate/.destinations.description.CityHistoryActivity} from uid 10674 on display 0
08-05 15:30:25.331   512  2967 D audio_hw_primary: out_set_parameters: enter: usecase(1: low-latency-playback) kvpairs: routing=2
08-05 15:30:25.332 12513 12531 I art     : Starting a blocking GC Explicit
08-05 15:30:25.345   512  2967 D audio_hw_primary: select_devices: out_snd_device(2: speaker) in_snd_device(0: none)
08-05 15:30:25.345   512  2967 D msm8974_platform: platform_send_audio_calibration: sending audio calibration for snd_device(2) acdb_id(15)
08-05 15:30:25.345   512  2967 I soundtrigger: audio_extn_sound_trigger_update_device_status: device 0x2 of type 0 for Event 1
08-05 15:30:25.359   512  2967 D audio_hw_primary: enable_snd_device: snd_device(2: speaker)
08-05 15:30:25.361   512  2967 D audio_hw_primary: enable_audio_route: apply and update mixer path: low-latency-playback speaker
08-05 15:30:25.362 12513 12580 D Gabe    : call	returning from cache
08-05 15:30:25.364 12513 12513 V EXECUTING: https://project-travel-mate.herokuapp.com/api/get-city-information/1
08-05 15:30:25.370 12513 12531 I art     : Explicit concurrent mark sweep GC freed 3088(133KB) AllocSpace objects, 2(40KB) LOS objects, 28% free, 39MB/55MB, paused 1.352ms total 38.414ms
08-05 15:30:25.386 12513 12531 I art     : Starting a blocking GC Explicit
08-05 15:30:25.423 12513 12531 I art     : Explicit concurrent mark sweep GC freed 646(31KB) AllocSpace objects, 0(0B) LOS objects, 28% free, 40MB/56MB, paused 1.402ms total 36.629ms
08-05 15:30:25.439 12513 12531 I art     : Starting a blocking GC Explicit
08-05 15:30:25.478 12513 12531 I art     : Explicit concurrent mark sweep GC freed 224(9KB) AllocSpace objects, 0(0B) LOS objects, 26% free, 44MB/60MB, paused 1.666ms total 38.504ms
08-05 15:30:25.495 12513 12531 I art     : Starting a blocking GC Explicit
08-05 15:30:25.500   918  3188 I hubconnection: sensorhub said: 'set_bias 3: -6.2400, 0.0000, 0.0000'
08-05 15:30:25.514 13866 13866 I GoogleInputMethodServic: GoogleInputMethodService.onFinishInput():3138 
08-05 15:30:25.514   918   936 I ActivityManager: Displayed baseline.io.github.project_travel_mate/.destinations.description.CityHistoryActivity: +177ms
08-05 15:30:25.515 13866 13866 I GoogleInputMethodServic: GoogleInputMethodService.onStartInput():1808 
08-05 15:30:25.532 12513 12531 I art     : Explicit concurrent mark sweep GC freed 160(3KB) AllocSpace objects, 0(0B) LOS objects, 26% free, 44MB/60MB, paused 1.067ms total 37.020ms
08-05 15:30:25.549 12513 12531 I art     : Starting a blocking GC Explicit
08-05 15:30:25.589 12513 12531 I art     : Explicit concurrent mark sweep GC freed 25(512B) AllocSpace objects, 0(0B) LOS objects, 26% free, 44MB/60MB, paused 934us total 39.377ms
08-05 15:30:25.739   518   646 I ThermalEngine: ACTION: GPU - Setting GPU[0] to 510000000
08-05 15:30:25.775   380   380 W SurfaceFlinger: couldn't log to binary event log: overflow.
08-05 15:30:25.901   512  2967 D audio_hw_primary: disable_audio_route: reset and update mixer path: low-latency-playback speaker
08-05 15:30:25.904   512  2967 D audio_hw_primary: disable_snd_device: snd_device(2: speaker)
08-05 15:30:25.912 12513 12526 I art     : Starting a blocking GC Explicit
08-05 15:30:25.913   512  2967 I soundtrigger: audio_extn_sound_trigger_update_device_status: device 0x2 of type 0 for Event 0
08-05 15:30:25.943 12513 12526 I art     : Explicit concurrent mark sweep GC freed 2707(104KB) AllocSpace objects, 2(40KB) LOS objects, 26% free, 44MB/60MB, paused 957us total 30.860ms
08-05 15:30:25.956 12513 12526 I art     : Starting a blocking GC Explicit
08-05 15:30:25.986 12513 12526 I art     : Explicit concurrent mark sweep GC freed 193(4KB) AllocSpace objects, 0(0B) LOS objects, 26% free, 44MB/60MB, paused 958us total 30.246ms
08-05 15:30:26.000 12513 12526 I art     : Starting a blocking GC Explicit
08-05 15:30:26.030 12513 12526 I art     : Explicit concurrent mark sweep GC freed 33(576B) AllocSpace objects, 0(0B) LOS objects, 26% free, 44MB/60MB, paused 943us total 30.139ms
08-05 15:30:26.043 12513 12526 I art     : Starting a blocking GC Explicit
08-05 15:30:26.073 12513 12526 I art     : Explicit concurrent mark sweep GC freed 128(2144B) AllocSpace objects, 0(0B) LOS objects, 26% free, 44MB/60MB, paused 803us total 29.534ms
08-05 15:30:26.085 12513 12526 I art     : Starting a blocking GC Explicit
08-05 15:30:26.115 12513 12526 I art     : Explicit concurrent mark sweep GC freed 133(2240B) AllocSpace objects, 0(0B) LOS objects, 26% free, 44MB/60MB, paused 743us total 29.501ms
08-05 15:30:26.225 12513 13605 I NAPPA_EXPERIMENTATION: MetricNetworkRequestExecutionTime: REQUEST_DURATION_SYSTEM='860',REQUEST_DURATION_OKHTTP='47',REQUEST_SYNCHRONOUS='FALSE',RESPONSE_CODE='200',RESPONSE_METHOD='GET',RESPONSE_LENGTH_OKHTTP='55024',RESPONSE_LENGTH_HEADER='55024',REQUEST_PROTOCOL='http/1.1',REQUEST_URL='https://project-travel-mate.herokuapp.com/api/get-city-information/1',
08-05 15:30:26.382 13866 13866 I GoogleInputMethodServic: GoogleInputMethodService.onFinishInput():3138 
08-05 15:30:26.382 13866 13866 I GoogleInputMethodServic: GoogleInputMethodService.onStartInput():1808 
08-05 15:30:26.414 12513 12792 I art     : Starting a blocking GC Explicit
08-05 15:30:26.448 12513 12792 I art     : Explicit concurrent mark sweep GC freed 6453(1455KB) AllocSpace objects, 25(5MB) LOS objects, 28% free, 40MB/56MB, paused 755us total 33.608ms
08-05 15:30:26.461 12513 12792 I art     : Starting a blocking GC Explicit
08-05 15:30:26.497 12513 12792 I art     : Explicit concurrent mark sweep GC freed 1233(122KB) AllocSpace objects, 0(0B) LOS objects, 28% free, 40MB/56MB, paused 741us total 35.308ms
08-05 15:30:26.510 12513 12792 I art     : Starting a blocking GC Explicit
08-05 15:30:26.545 12513 12792 I art     : Explicit concurrent mark sweep GC freed 180(3040B) AllocSpace objects, 0(0B) LOS objects, 28% free, 40MB/56MB, paused 835us total 34.538ms
08-05 15:30:26.558 12513 12792 I art     : Starting a blocking GC Explicit
08-05 15:30:26.593 12513 12792 I art     : Explicit concurrent mark sweep GC freed 190(3KB) AllocSpace objects, 0(0B) LOS objects, 28% free, 40MB/56MB, paused 880us total 35.094ms
08-05 15:30:26.607 12513 12792 I art     : Starting a blocking GC Explicit
08-05 15:30:26.641 12513 12792 I art     : Explicit concurrent mark sweep GC freed 216(3KB) AllocSpace objects, 0(0B) LOS objects, 28% free, 40MB/56MB, paused 673us total 34.313ms
08-05 15:30:26.747   518   646 I ThermalEngine: ACTION: GPU - Setting GPU[0] to 450000000
08-05 15:30:27.010 12513 12526 I art     : Starting a blocking GC Explicit
08-05 15:30:27.055 12513 12526 I art     : Explicit concurrent mark sweep GC freed 3236(112KB) AllocSpace objects, 2(40KB) LOS objects, 28% free, 40MB/56MB, paused 866us total 44.688ms
08-05 15:30:27.072 12513 12526 I art     : Starting a blocking GC Explicit
08-05 15:30:27.115 12513 12526 I art     : Explicit concurrent mark sweep GC freed 318(5KB) AllocSpace objects, 0(0B) LOS objects, 28% free, 40MB/56MB, paused 907us total 42.864ms
08-05 15:30:27.133 12513 12526 I art     : Starting a blocking GC Explicit
08-05 15:30:27.175 12513 12526 I art     : Explicit concurrent mark sweep GC freed 226(3KB) AllocSpace objects, 0(0B) LOS objects, 28% free, 40MB/56MB, paused 887us total 42.004ms
08-05 15:30:27.192 12513 12526 I art     : Starting a blocking GC Explicit
08-05 15:30:27.235 12513 12526 I art     : Explicit concurrent mark sweep GC freed 297(4KB) AllocSpace objects, 0(0B) LOS objects, 28% free, 40MB/56MB, paused 792us total 42.580ms
08-05 15:30:27.253 12513 12526 I art     : Starting a blocking GC Explicit
08-05 15:30:27.296 12513 12526 I art     : Explicit concurrent mark sweep GC freed 244(4KB) AllocSpace objects, 0(0B) LOS objects, 28% free, 40MB/56MB, paused 1.033ms total 42.086ms
08-05 15:30:27.688 12513 12792 I art     : Starting a blocking GC Explicit
08-05 15:30:27.734 12513 12792 I art     : Explicit concurrent mark sweep GC freed 3323(113KB) AllocSpace objects, 2(40KB) LOS objects, 28% free, 40MB/56MB, paused 1.006ms total 45.713ms
08-05 15:30:27.752 12513 12792 I art     : Starting a blocking GC Explicit
08-05 15:30:27.797 12513 12792 I art     : Explicit concurrent mark sweep GC freed 270(4KB) AllocSpace objects, 0(0B) LOS objects, 28% free, 40MB/56MB, paused 1.010ms total 45.020ms
08-05 15:30:27.814 12513 12792 I art     : Starting a blocking GC Explicit
08-05 15:30:27.860 12513 12792 I art     : Explicit concurrent mark sweep GC freed 295(5KB) AllocSpace objects, 0(0B) LOS objects, 28% free, 40MB/56MB, paused 856us total 45.509ms
08-05 15:30:27.877 12513 12792 I art     : Starting a blocking GC Explicit
08-05 15:30:27.922 12513 12792 I art     : Explicit concurrent mark sweep GC freed 301(5KB) AllocSpace objects, 0(0B) LOS objects, 28% free, 40MB/56MB, paused 907us total 44.852ms
08-05 15:30:27.940 12513 12792 I art     : Starting a blocking GC Explicit
08-05 15:30:27.954   918  3261 D WifiStateMachine: starting scan for "H369AA63323"WPA_PSK with 2412,5180
08-05 15:30:27.985 12513 12792 I art     : Explicit concurrent mark sweep GC freed 268(4KB) AllocSpace objects, 0(0B) LOS objects, 28% free, 40MB/56MB, paused 1.034ms total 44.431ms
08-05 15:30:28.392 12513 12531 I art     : Starting a blocking GC Explicit
08-05 15:30:28.440 12513 12531 I art     : Explicit concurrent mark sweep GC freed 3395(115KB) AllocSpace objects, 2(40KB) LOS objects, 28% free, 40MB/56MB, paused 938us total 47.512ms
08-05 15:30:28.459 12513 12531 I art     : Starting a blocking GC Explicit
08-05 15:30:28.502 12513 12531 I art     : Explicit concurrent mark sweep GC freed 301(5KB) AllocSpace objects, 0(0B) LOS objects, 28% free, 40MB/56MB, paused 989us total 42.324ms
08-05 15:30:28.519 12513 12531 I art     : Starting a blocking GC Explicit
08-05 15:30:28.564 12513 12531 I art     : Explicit concurrent mark sweep GC freed 237(3KB) AllocSpace objects, 0(0B) LOS objects, 28% free, 40MB/56MB, paused 940us total 44.453ms
08-05 15:30:28.581 12513 12531 I art     : Starting a blocking GC Explicit
08-05 15:30:28.626 12513 12531 I art     : Explicit concurrent mark sweep GC freed 293(5KB) AllocSpace objects, 0(0B) LOS objects, 28% free, 40MB/56MB, paused 889us total 44.156ms
08-05 15:30:28.643 12513 12531 I art     : Starting a blocking GC Explicit
08-05 15:30:28.689 12513 12531 I art     : Explicit concurrent mark sweep GC freed 303(5KB) AllocSpace objects, 0(0B) LOS objects, 28% free, 40MB/56MB, paused 941us total 45.514ms
08-05 15:30:29.097 12513 12525 I art     : Starting a blocking GC Explicit
08-05 15:30:29.143 12513 12525 I art     : Explicit concurrent mark sweep GC freed 3370(114KB) AllocSpace objects, 2(40KB) LOS objects, 28% free, 40MB/56MB, paused 899us total 45.823ms
08-05 15:30:29.160 12513 12525 I art     : Starting a blocking GC Explicit
08-05 15:30:29.204 12513 12525 I art     : Explicit concurrent mark sweep GC freed 286(5KB) AllocSpace objects, 0(0B) LOS objects, 28% free, 40MB/56MB, paused 1.028ms total 44.092ms
08-05 15:30:29.221 12513 12525 I art     : Starting a blocking GC Explicit
08-05 15:30:29.265 12513 12525 I art     : Explicit concurrent mark sweep GC freed 253(4KB) AllocSpace objects, 0(0B) LOS objects, 28% free, 40MB/56MB, paused 922us total 43.424ms
08-05 15:30:29.282 12513 12525 I art     : Starting a blocking GC Explicit
08-05 15:30:29.327 12513 12525 I art     : Explicit concurrent mark sweep GC freed 281(4KB) AllocSpace objects, 0(0B) LOS objects, 28% free, 40MB/56MB, paused 1.001ms total 44.920ms
08-05 15:30:29.344 12513 12525 I art     : Starting a blocking GC Explicit
08-05 15:30:29.389 12513 12525 I art     : Explicit concurrent mark sweep GC freed 291(4KB) AllocSpace objects, 0(0B) LOS objects, 28% free, 40MB/56MB, paused 917us total 44.344ms
08-05 15:30:29.771 12513 12526 I art     : Starting a blocking GC Explicit
08-05 15:30:29.816 12513 12526 I art     : Explicit concurrent mark sweep GC freed 3238(112KB) AllocSpace objects, 2(40KB) LOS objects, 28% free, 40MB/56MB, paused 1.001ms total 43.899ms
08-05 15:30:29.833 12513 12526 I art     : Starting a blocking GC Explicit
08-05 15:30:29.876 12513 12526 I art     : Explicit concurrent mark sweep GC freed 300(5KB) AllocSpace objects, 0(0B) LOS objects, 28% free, 40MB/56MB, paused 899us total 42.803ms
08-05 15:30:29.893 12513 12526 I art     : Starting a blocking GC Explicit
08-05 15:30:29.938 12513 12526 I art     : Explicit concurrent mark sweep GC freed 270(4KB) AllocSpace objects, 0(0B) LOS objects, 28% free, 40MB/56MB, paused 1.170ms total 44.342ms
08-05 15:30:29.955 12513 12526 I art     : Starting a blocking GC Explicit
08-05 15:30:29.998 12513 12526 I art     : Explicit concurrent mark sweep GC freed 241(3KB) AllocSpace objects, 0(0B) LOS objects, 28% free, 40MB/56MB, paused 996us total 43.377ms
08-05 15:30:30.016 12513 12526 I art     : Starting a blocking GC Explicit
08-05 15:30:30.061 12513 12526 I art     : Explicit concurrent mark sweep GC freed 290(4KB) AllocSpace objects, 0(0B) LOS objects, 28% free, 40MB/56MB, paused 885us total 44.192ms
08-05 15:30:30.134 13669 13669 D AndroidRuntime: >>>>>> START com.android.internal.os.RuntimeInit uid 2000 <<<<<<
08-05 15:30:30.141 13669 13669 D AndroidRuntime: CheckJNI is OFF
08-05 15:30:30.184 13669 13669 D ICU     : No timezone override file found: /data/misc/zoneinfo/current/icu/icu_tzdata.dat
08-05 15:30:30.230 13669 13669 I Radio-JNI: register_android_hardware_Radio DONE
08-05 15:30:30.259 13669 13669 D AndroidRuntime: Calling main entry com.android.commands.input.Input
08-05 15:30:30.261 13669 13669 I Input   : injectKeyEvent: KeyEvent { action=ACTION_DOWN, keyCode=KEYCODE_BACK, scanCode=0, metaState=0, flags=0x0, repeatCount=0, eventTime=804646674, downTime=804646674, deviceId=-1, source=0x101 }
08-05 15:30:30.270 13669 13669 I Input   : injectKeyEvent: KeyEvent { action=ACTION_UP, keyCode=KEYCODE_BACK, scanCode=0, metaState=0, flags=0x0, repeatCount=0, eventTime=804646674, downTime=804646674, deviceId=-1, source=0x101 }
08-05 15:30:30.276 13669 13669 D AndroidRuntime: Shutting down VM
08-05 15:30:30.312 13866 13866 I GoogleInputMethodServic: GoogleInputMethodService.onFinishInput():3138 
08-05 15:30:30.312 13866 13866 I GoogleInputMethodServic: GoogleInputMethodService.onStartInput():1808 
08-05 15:30:30.445 12513 12792 I art     : Starting a blocking GC Explicit
08-05 15:30:30.494 12513 12792 I art     : Explicit concurrent mark sweep GC freed 3332(116KB) AllocSpace objects, 2(40KB) LOS objects, 28% free, 40MB/56MB, paused 903us total 48.424ms
08-05 15:30:30.514 12513 12792 I art     : Starting a blocking GC Explicit
08-05 15:30:30.564 12513 12792 I art     : Explicit concurrent mark sweep GC freed 313(5KB) AllocSpace objects, 0(0B) LOS objects, 28% free, 40MB/56MB, paused 934us total 49.487ms
08-05 15:30:30.585 12513 12792 I art     : Starting a blocking GC Explicit
08-05 15:30:30.613   380   380 W SurfaceFlinger: couldn't log to binary event log: overflow.
08-05 15:30:30.626 12513 12792 I art     : Explicit concurrent mark sweep GC freed 305(5KB) AllocSpace objects, 0(0B) LOS objects, 28% free, 40MB/56MB, paused 887us total 40.079ms
08-05 15:30:30.643 12513 12792 I art     : Starting a blocking GC Explicit
08-05 15:30:30.683 12513 12792 I art     : Explicit concurrent mark sweep GC freed 160(2992B) AllocSpace objects, 2(364KB) LOS objects, 28% free, 40MB/56MB, paused 933us total 39.607ms
08-05 15:30:30.699 12513 12792 I art     : Starting a blocking GC Explicit
08-05 15:30:30.739 12513 12792 I art     : Explicit concurrent mark sweep GC freed 4895(342KB) AllocSpace objects, 7(132KB) LOS objects, 28% free, 39MB/55MB, paused 903us total 39.846ms
08-05 15:30:30.752   518   646 I ThermalEngine: ACTION: GPU - Setting GPU[0] to 510000000
08-05 15:30:31.093 12513 12526 I art     : Starting a blocking GC Explicit
08-05 15:30:31.099 24365 17236 I NetworkScheduler.Stats: Task com.google.android.apps.gcs/ started execution. cause:4 exec_start_elapsed_seconds: 1788034 [CONTEXT service_id=218 ]
08-05 15:30:31.100 12265 13710 W Gcs.WfaEliRefreshTask: [26706] afk.b: NULL eligibility response.
08-05 15:30:31.103 24365 17236 I NetworkScheduler.Stats: Task com.google.android.apps.gcs/ finished executing. cause:4 result: 3 elapsed_millis: 8 uptime_millis: 8 exec_start_elapsed_seconds: 1788034 [CONTEXT service_id=218 ]
08-05 15:30:31.122 12513 12526 I art     : Explicit concurrent mark sweep GC freed 2555(102KB) AllocSpace objects, 2(40KB) LOS objects, 28% free, 39MB/55MB, paused 613us total 29.320ms
08-05 15:30:31.134 12513 12526 I art     : Starting a blocking GC Explicit
08-05 15:30:31.162 12513 12526 I art     : Explicit concurrent mark sweep GC freed 128(2928B) AllocSpace objects, 0(0B) LOS objects, 28% free, 39MB/55MB, paused 615us total 28.018ms
08-05 15:30:31.174 12513 12526 I art     : Starting a blocking GC Explicit
08-05 15:30:31.202 12513 12526 I art     : Explicit concurrent mark sweep GC freed 147(2496B) AllocSpace objects, 0(0B) LOS objects, 28% free, 39MB/55MB, paused 604us total 27.756ms
08-05 15:30:31.214 12513 12526 I art     : Starting a blocking GC Explicit
08-05 15:30:31.242 12513 12526 I art     : Explicit concurrent mark sweep GC freed 98(1664B) AllocSpace objects, 0(0B) LOS objects, 28% free, 39MB/55MB, paused 578us total 27.605ms
08-05 15:30:31.254 12513 12526 I art     : Starting a blocking GC Explicit
08-05 15:30:31.282 12513 12526 I art     : Explicit concurrent mark sweep GC freed 107(1840B) AllocSpace objects, 0(0B) LOS objects, 28% free, 39MB/55MB, paused 759us total 27.992ms
08-05 15:30:31.607 12513 12531 I art     : Starting a blocking GC Explicit
08-05 15:30:31.639 12513 12531 I art     : Explicit concurrent mark sweep GC freed 2488(100KB) AllocSpace objects, 2(40KB) LOS objects, 28% free, 39MB/55MB, paused 673us total 31.443ms
08-05 15:30:31.652 12513 12531 I art     : Starting a blocking GC Explicit
08-05 15:30:31.683 12513 12531 I art     : Explicit concurrent mark sweep GC freed 145(3KB) AllocSpace objects, 0(0B) LOS objects, 28% free, 39MB/55MB, paused 775us total 31.117ms
08-05 15:30:31.695 12513 12531 I art     : Starting a blocking GC Explicit
08-05 15:30:31.727 12513 12531 I art     : Explicit concurrent mark sweep GC freed 130(2224B) AllocSpace objects, 0(0B) LOS objects, 28% free, 39MB/55MB, paused 662us total 31.075ms
08-05 15:30:31.739 12513 12531 I art     : Starting a blocking GC Explicit
08-05 15:30:31.770 12513 12531 I art     : Explicit concurrent mark sweep GC freed 147(2496B) AllocSpace objects, 0(0B) LOS objects, 28% free, 39MB/55MB, paused 646us total 30.309ms
08-05 15:30:31.782 12513 12531 I art     : Starting a blocking GC Explicit
08-05 15:30:31.814 12513 12531 I art     : Explicit concurrent mark sweep GC freed 99(1696B) AllocSpace objects, 0(0B) LOS objects, 28% free, 39MB/55MB, paused 649us total 30.878ms
08-05 15:30:31.936 13722 13722 D AndroidRuntime: >>>>>> START com.android.internal.os.RuntimeInit uid 2000 <<<<<<
08-05 15:30:31.941 13722 13722 D AndroidRuntime: CheckJNI is OFF
08-05 15:30:31.975 13722 13722 D ICU     : No timezone override file found: /data/misc/zoneinfo/current/icu/icu_tzdata.dat
08-05 15:30:32.007 13722 13722 I Radio-JNI: register_android_hardware_Radio DONE
08-05 15:30:32.029 13722 13722 D AndroidRuntime: Calling main entry com.android.commands.input.Input
08-05 15:30:32.030 13722 13722 I Input   : injectKeyEvent: KeyEvent { action=ACTION_DOWN, keyCode=KEYCODE_BACK, scanCode=0, metaState=0, flags=0x0, repeatCount=0, eventTime=804648443, downTime=804648443, deviceId=-1, source=0x101 }
08-05 15:30:32.038 13722 13722 I Input   : injectKeyEvent: KeyEvent { action=ACTION_UP, keyCode=KEYCODE_BACK, scanCode=0, metaState=0, flags=0x0, repeatCount=0, eventTime=804648443, downTime=804648443, deviceId=-1, source=0x101 }
08-05 15:30:32.044 13722 13722 D AndroidRuntime: Shutting down VM
08-05 15:30:32.053 12513 12513 V MainActivity: url = https://project-travel-mate.herokuapp.com/api/number-of-unread-notifications
08-05 15:30:32.082 13866 13866 I GoogleInputMethodServic: GoogleInputMethodService.onFinishInput():3138 
08-05 15:30:32.082 13866 13866 I GoogleInputMethodServic: GoogleInputMethodService.onStartInput():1808 
08-05 15:30:32.159 12513 12525 I art     : Starting a blocking GC Explicit
08-05 15:30:32.188 12513 12525 I art     : Explicit concurrent mark sweep GC freed 3040(124KB) AllocSpace objects, 2(40KB) LOS objects, 28% free, 39MB/55MB, paused 740us total 28.797ms
08-05 15:30:32.200 12513 12525 I art     : Starting a blocking GC Explicit
08-05 15:30:32.237 12513 12525 I art     : Explicit concurrent mark sweep GC freed 226(5KB) AllocSpace objects, 0(0B) LOS objects, 28% free, 39MB/55MB, paused 848us total 36.258ms
08-05 15:30:32.254 12513 12525 I art     : Starting a blocking GC Explicit
08-05 15:30:32.295 12513 12525 I art     : Explicit concurrent mark sweep GC freed 169(3KB) AllocSpace objects, 0(0B) LOS objects, 28% free, 39MB/55MB, paused 707us total 40.623ms
08-05 15:30:32.310 12513 12525 I art     : Starting a blocking GC Explicit
08-05 15:30:32.349 12513 12525 I art     : Explicit concurrent mark sweep GC freed 151(2688B) AllocSpace objects, 0(0B) LOS objects, 28% free, 39MB/55MB, paused 689us total 38.723ms
08-05 15:30:32.365 12513 12525 I art     : Starting a blocking GC Explicit
08-05 15:30:32.383   380   380 W SurfaceFlinger: couldn't log to binary event log: overflow.
08-05 15:30:32.398 12513 12525 I art     : Explicit concurrent mark sweep GC freed 158(3008B) AllocSpace objects, 0(0B) LOS objects, 28% free, 39MB/55MB, paused 760us total 32.511ms
08-05 15:30:32.735 12513 13746 I art     : Starting a blocking GC Explicit
08-05 15:30:32.771 12513 13746 I art     : Explicit concurrent mark sweep GC freed 1987(92KB) AllocSpace objects, 2(40KB) LOS objects, 28% free, 39MB/55MB, paused 777us total 35.450ms
08-05 15:30:32.786 12513 13746 I art     : Starting a blocking GC Explicit
08-05 15:30:32.819 12513 13746 I art     : Explicit concurrent mark sweep GC freed 1220(79KB) AllocSpace objects, 2(120KB) LOS objects, 28% free, 40MB/56MB, paused 1.183ms total 32.645ms
08-05 15:30:32.831 12513 13746 I art     : Starting a blocking GC Explicit
08-05 15:30:32.864 12513 13746 I art     : Explicit concurrent mark sweep GC freed 2321(148KB) AllocSpace objects, 1(80KB) LOS objects, 28% free, 39MB/55MB, paused 729us total 32.664ms
08-05 15:30:32.878 12513 13746 I art     : Starting a blocking GC Explicit
08-05 15:30:32.878 12513 13745 I NAPPA_EXPERIMENTATION: MetricNetworkRequestExecutionTime: REQUEST_DURATION_SYSTEM='823',REQUEST_DURATION_OKHTTP='40',REQUEST_SYNCHRONOUS='FALSE',RESPONSE_CODE='200',RESPONSE_METHOD='GET',RESPONSE_LENGTH_OKHTTP='36',RESPONSE_LENGTH_HEADER='36',REQUEST_PROTOCOL='http/1.1',REQUEST_URL='https://project-travel-mate.herokuapp.com/api/number-of-unread-notifications',
08-05 15:30:32.911 12513 13746 I art     : Explicit concurrent mark sweep GC freed 447(42KB) AllocSpace objects, 0(0B) LOS objects, 28% free, 39MB/55MB, paused 705us total 33.023ms
08-05 15:30:32.924 12513 13746 I art     : Starting a blocking GC Explicit
08-05 15:30:32.957 12513 13746 I art     : Explicit concurrent mark sweep GC freed 177(5KB) AllocSpace objects, 0(0B) LOS objects, 28% free, 39MB/55MB, paused 706us total 32.868ms
08-05 15:30:33.295 12513 12531 I art     : Starting a blocking GC Explicit
08-05 15:30:33.327 12513 12531 I art     : Explicit concurrent mark sweep GC freed 1959(91KB) AllocSpace objects, 2(40KB) LOS objects, 28% free, 39MB/55MB, paused 781us total 32.099ms
08-05 15:30:33.340 12513 12531 I art     : Starting a blocking GC Explicit
08-05 15:30:33.372 12513 12531 I art     : Explicit concurrent mark sweep GC freed 94(1984B) AllocSpace objects, 0(0B) LOS objects, 28% free, 39MB/55MB, paused 730us total 31.476ms
08-05 15:30:33.384 12513 12531 I art     : Starting a blocking GC Explicit
08-05 15:30:33.416 12513 12531 I art     : Explicit concurrent mark sweep GC freed 51(896B) AllocSpace objects, 0(0B) LOS objects, 28% free, 39MB/55MB, paused 713us total 31.632ms
08-05 15:30:33.429 12513 12531 I art     : Starting a blocking GC Explicit
08-05 15:30:33.460 12513 12531 I art     : Explicit concurrent mark sweep GC freed 75(1296B) AllocSpace objects, 0(0B) LOS objects, 28% free, 39MB/55MB, paused 704us total 31.300ms
08-05 15:30:33.473 12513 12531 I art     : Starting a blocking GC Explicit
08-05 15:30:33.505 12513 12531 I art     : Explicit concurrent mark sweep GC freed 75(1296B) AllocSpace objects, 0(0B) LOS objects, 28% free, 39MB/55MB, paused 726us total 31.583ms
08-05 15:30:33.688 13768 13768 D AndroidRuntime: >>>>>> START com.android.internal.os.RuntimeInit uid 2000 <<<<<<
08-05 15:30:33.693 13768 13768 D AndroidRuntime: CheckJNI is OFF
08-05 15:30:33.721 13768 13768 D ICU     : No timezone override file found: /data/misc/zoneinfo/current/icu/icu_tzdata.dat
08-05 15:30:33.750 13768 13768 I Radio-JNI: register_android_hardware_Radio DONE
08-05 15:30:33.771 13768 13768 D AndroidRuntime: Calling main entry com.android.commands.input.Input
08-05 15:30:33.772 13768 13768 I Input   : injectMotionEvent: MotionEvent { action=ACTION_DOWN, actionButton=0, id[0]=0, x[0]=117.0, y[0]=170.0, toolType[0]=TOOL_TYPE_UNKNOWN, buttonState=0, metaState=0, flags=0x0, edgeFlags=0x0, pointerCount=1, historySize=0, eventTime=804650185, downTime=804650185, deviceId=0, source=0x1002 }
08-05 15:30:33.776 13768 13768 I Input   : injectMotionEvent: MotionEvent { action=ACTION_UP, actionButton=0, id[0]=0, x[0]=117.0, y[0]=170.0, toolType[0]=TOOL_TYPE_UNKNOWN, buttonState=0, metaState=0, flags=0x0, edgeFlags=0x0, pointerCount=1, historySize=0, eventTime=804650185, downTime=804650185, deviceId=0, source=0x1002 }
08-05 15:30:33.777 13768 13768 D AndroidRuntime: Shutting down VM
08-05 15:30:33.787   512  2967 D audio_hw_primary: out_set_parameters: enter: usecase(1: low-latency-playback) kvpairs: routing=2
08-05 15:30:33.800   512  2967 D audio_hw_primary: select_devices: out_snd_device(2: speaker) in_snd_device(0: none)
08-05 15:30:33.800   512  2967 D msm8974_platform: platform_send_audio_calibration: sending audio calibration for snd_device(2) acdb_id(15)
08-05 15:30:33.800   512  2967 I soundtrigger: audio_extn_sound_trigger_update_device_status: device 0x2 of type 0 for Event 1
08-05 15:30:33.809   512  2967 D audio_hw_primary: enable_snd_device: snd_device(2: speaker)
08-05 15:30:33.811   512  2967 D audio_hw_primary: enable_audio_route: apply and update mixer path: low-latency-playback speaker
08-05 15:30:33.824 12513 13746 I art     : Starting a blocking GC Explicit
08-05 15:30:33.854 12513 13746 I art     : Explicit concurrent mark sweep GC freed 1991(94KB) AllocSpace objects, 2(40KB) LOS objects, 28% free, 40MB/56MB, paused 778us total 29.435ms
08-05 15:30:33.866 12513 13746 I art     : Starting a blocking GC Explicit
08-05 15:30:33.898 12513 13746 I art     : Explicit concurrent mark sweep GC freed 500(23KB) AllocSpace objects, 0(0B) LOS objects, 28% free, 40MB/56MB, paused 701us total 32.074ms
08-05 15:30:33.911 12513 13746 I art     : Starting a blocking GC Explicit
08-05 15:30:33.940 12513 13746 I art     : Explicit concurrent mark sweep GC freed 81(1648B) AllocSpace objects, 0(0B) LOS objects, 28% free, 40MB/56MB, paused 694us total 29.318ms
08-05 15:30:33.952 12513 13746 I art     : Starting a blocking GC Explicit
08-05 15:30:33.982 12513 13746 I art     : Explicit concurrent mark sweep GC freed 52(928B) AllocSpace objects, 0(0B) LOS objects, 28% free, 40MB/56MB, paused 672us total 29.189ms
08-05 15:30:33.995 12513 13746 I art     : Starting a blocking GC Explicit
08-05 15:30:34.025 12513 13746 I art     : Explicit concurrent mark sweep GC freed 75(1296B) AllocSpace objects, 0(0B) LOS objects, 28% free, 40MB/56MB, paused 656us total 29.905ms
08-05 15:30:34.328 12513 12531 I art     : Starting a blocking GC Explicit
08-05 15:30:34.348   512  2967 D audio_hw_primary: disable_audio_route: reset and update mixer path: low-latency-playback speaker
08-05 15:30:34.349   512  2967 D audio_hw_primary: disable_snd_device: snd_device(2: speaker)
08-05 15:30:34.357   512  2967 I soundtrigger: audio_extn_sound_trigger_update_device_status: device 0x2 of type 0 for Event 0
08-05 15:30:34.361 12513 12531 I art     : Explicit concurrent mark sweep GC freed 1912(91KB) AllocSpace objects, 2(40KB) LOS objects, 28% free, 40MB/56MB, paused 737us total 32.277ms
08-05 15:30:34.374 12513 12531 I art     : Starting a blocking GC Explicit
08-05 15:30:34.392 13792 13792 D AndroidRuntime: >>>>>> START com.android.internal.os.RuntimeInit uid 2000 <<<<<<
08-05 15:30:34.397 13792 13792 D AndroidRuntime: CheckJNI is OFF
08-05 15:30:34.404 12513 12531 I art     : Explicit concurrent mark sweep GC freed 81(1888B) AllocSpace objects, 0(0B) LOS objects, 28% free, 40MB/56MB, paused 822us total 29.658ms
08-05 15:30:34.416 12513 12531 I art     : Starting a blocking GC Explicit
08-05 15:30:34.421 11851 11851 I ServiceManager: Waiting for service AtCmdFwd...
08-05 15:30:34.429 13792 13792 D ICU     : No timezone override file found: /data/misc/zoneinfo/current/icu/icu_tzdata.dat
08-05 15:30:34.445 12513 12531 I art     : Explicit concurrent mark sweep GC freed 72(1248B) AllocSpace objects, 0(0B) LOS objects, 28% free, 40MB/56MB, paused 718us total 29.026ms
08-05 15:30:34.457 12513 12531 I art     : Starting a blocking GC Explicit
08-05 15:30:34.461 13792 13792 I Radio-JNI: register_android_hardware_Radio DONE
08-05 15:30:34.482 13792 13792 D AndroidRuntime: Calling main entry com.android.commands.input.Input
08-05 15:30:34.484 13792 13792 I Input   : injectMotionEvent: MotionEvent { action=ACTION_DOWN, actionButton=0, id[0]=0, x[0]=355.0, y[0]=1674.0, toolType[0]=TOOL_TYPE_UNKNOWN, buttonState=0, metaState=0, flags=0x0, edgeFlags=0x0, pointerCount=1, historySize=0, eventTime=804650897, downTime=804650897, deviceId=0, source=0x1002 }
08-05 15:30:34.487 12513 12531 I art     : Explicit concurrent mark sweep GC freed 75(1296B) AllocSpace objects, 0(0B) LOS objects, 28% free, 40MB/56MB, paused 806us total 29.496ms
08-05 15:30:34.489 13792 13792 I Input   : injectMotionEvent: MotionEvent { action=ACTION_UP, actionButton=0, id[0]=0, x[0]=355.0, y[0]=1674.0, toolType[0]=TOOL_TYPE_UNKNOWN, buttonState=0, metaState=0, flags=0x0, edgeFlags=0x0, pointerCount=1, historySize=0, eventTime=804650897, downTime=804650897, deviceId=0, source=0x1002 }
08-05 15:30:34.491 13792 13792 D AndroidRuntime: Shutting down VM
08-05 15:30:34.499 12513 12531 I art     : Starting a blocking GC Explicit
08-05 15:30:34.508   512  2967 D audio_hw_primary: out_set_parameters: enter: usecase(1: low-latency-playback) kvpairs: routing=2
08-05 15:30:34.521   512  2967 D audio_hw_primary: select_devices: out_snd_device(2: speaker) in_snd_device(0: none)
08-05 15:30:34.521   512  2967 D msm8974_platform: platform_send_audio_calibration: sending audio calibration for snd_device(2) acdb_id(15)
08-05 15:30:34.521   512  2967 I soundtrigger: audio_extn_sound_trigger_update_device_status: device 0x2 of type 0 for Event 1
08-05 15:30:34.530 12513 12531 I art     : Explicit concurrent mark sweep GC freed 467(21KB) AllocSpace objects, 0(0B) LOS objects, 27% free, 42MB/58MB, paused 880us total 30.694ms
08-05 15:30:34.534   512  2967 D audio_hw_primary: enable_snd_device: snd_device(2: speaker)
08-05 15:30:34.536   512  2967 D audio_hw_primary: enable_audio_route: apply and update mixer path: low-latency-playback speaker
08-05 15:30:34.576   512  2967 D AudioFlinger: mixer(0xf4740000) throttle end: throttle time(12)
08-05 15:30:34.760   518   646 I ThermalEngine: ACTION: GPU - Setting GPU[0] to 450000000
08-05 15:30:34.862 12513 12526 I art     : Waiting for a blocking GC Explicit
08-05 15:30:34.868 12513 12526 I art     : WaitForGcToComplete blocked for 5.450ms for cause Explicit
08-05 15:30:34.868 12513 12526 I art     : Starting a blocking GC Explicit
08-05 15:30:34.909 12513 12526 I art     : Explicit concurrent mark sweep GC freed 38(1552B) AllocSpace objects, 0(0B) LOS objects, 12% free, 115MB/131MB, paused 1.086ms total 41.200ms
08-05 15:30:34.909 12513 12523 I art     : WaitForGcToComplete blocked for 41.546ms for cause Background
08-05 15:30:34.927 12513 12526 I art     : Starting a blocking GC Explicit
08-05 15:30:34.966 12513 12526 I art     : Explicit concurrent mark sweep GC freed 5(192B) AllocSpace objects, 0(0B) LOS objects, 12% free, 115MB/131MB, paused 999us total 38.522ms
08-05 15:30:34.982 12513 12526 I art     : Starting a blocking GC Explicit
08-05 15:30:35.021 12513 12526 I art     : Explicit concurrent mark sweep GC freed 3(96B) AllocSpace objects, 0(0B) LOS objects, 12% free, 115MB/131MB, paused 966us total 37.880ms
08-05 15:30:35.037 12513 12526 I art     : Starting a blocking GC Explicit
08-05 15:30:35.068   512  2967 D audio_hw_primary: disable_audio_route: reset and update mixer path: low-latency-playback speaker
08-05 15:30:35.069   512  2967 D audio_hw_primary: disable_snd_device: snd_device(2: speaker)
08-05 15:30:35.076 12513 12526 I art     : Explicit concurrent mark sweep GC freed 3(96B) AllocSpace objects, 0(0B) LOS objects, 12% free, 115MB/131MB, paused 975us total 38.691ms
08-05 15:30:35.077   512  2967 I soundtrigger: audio_extn_sound_trigger_update_device_status: device 0x2 of type 0 for Event 0
08-05 15:30:35.093 12513 12526 I art     : Starting a blocking GC Explicit
08-05 15:30:35.131 12513 12526 I art     : Explicit concurrent mark sweep GC freed 3(96B) AllocSpace objects, 0(0B) LOS objects, 12% free, 115MB/131MB, paused 1.004ms total 38.178ms
08-05 15:30:35.321 12513 12513 I Choreographer: Skipped 48 frames!  The application may be doing too much work on its main thread.
08-05 15:30:35.322 12513 12513 V MainActivity: url = https://project-travel-mate.herokuapp.com/api/number-of-unread-notifications
08-05 15:30:35.422 11851 11851 I ServiceManager: Waiting for service AtCmdFwd...
08-05 15:30:35.501 12513 12531 I art     : Starting a blocking GC Explicit
08-05 15:30:35.543 12513 12531 I art     : Explicit concurrent mark sweep GC freed 1796(69KB) AllocSpace objects, 9(252KB) LOS objects, 10% free, 134MB/150MB, paused 994us total 41.977ms
08-05 15:30:35.560 12513 12531 I art     : Starting a blocking GC Explicit
08-05 15:30:35.601 12513 12531 I art     : Explicit concurrent mark sweep GC freed 920(53KB) AllocSpace objects, 0(0B) LOS objects, 10% free, 134MB/150MB, paused 935us total 41.071ms
08-05 15:30:35.618 12513 12531 I art     : Starting a blocking GC Explicit
08-05 15:30:35.661 12513 12531 I art     : Explicit concurrent mark sweep GC freed 3(96B) AllocSpace objects, 0(0B) LOS objects, 10% free, 134MB/150MB, paused 1.024ms total 42.121ms
08-05 15:30:35.678 12513 12531 I art     : Starting a blocking GC Explicit
08-05 15:30:35.719 12513 12531 I art     : Explicit concurrent mark sweep GC freed 3(96B) AllocSpace objects, 0(0B) LOS objects, 10% free, 134MB/150MB, paused 969us total 41.100ms
08-05 15:30:35.736 12513 12531 I art     : Starting a blocking GC Explicit
08-05 15:30:35.779 12513 12531 I art     : Explicit concurrent mark sweep GC freed 3(96B) AllocSpace objects, 0(0B) LOS objects, 10% free, 134MB/150MB, paused 1.093ms total 42.691ms
08-05 15:30:36.151 12513 13833 I NAPPA_EXPERIMENTATION: MetricNetworkRequestExecutionTime: REQUEST_DURATION_SYSTEM='827',REQUEST_DURATION_OKHTTP='42',REQUEST_SYNCHRONOUS='FALSE',RESPONSE_CODE='200',RESPONSE_METHOD='GET',RESPONSE_LENGTH_OKHTTP='36',RESPONSE_LENGTH_HEADER='36',REQUEST_PROTOCOL='http/1.1',REQUEST_URL='https://project-travel-mate.herokuapp.com/api/number-of-unread-notifications',
08-05 15:30:36.176 12513 12526 I art     : Starting a blocking GC Explicit
08-05 15:30:36.233 12513 12526 I art     : Explicit concurrent mark sweep GC freed 4146(227KB) AllocSpace objects, 5(236KB) LOS objects, 10% free, 134MB/150MB, paused 1.101ms total 56.142ms
08-05 15:30:36.254 12513 12526 I art     : Starting a blocking GC Explicit
08-05 15:30:36.301 12513 12526 I art     : Explicit concurrent mark sweep GC freed 1038(120KB) AllocSpace objects, 0(0B) LOS objects, 10% free, 134MB/150MB, paused 899us total 46.743ms
08-05 15:30:36.318 12513 12526 I art     : Starting a blocking GC Explicit
08-05 15:30:36.365 12513 12526 I art     : Explicit concurrent mark sweep GC freed 3(96B) AllocSpace objects, 0(0B) LOS objects, 10% free, 134MB/150MB, paused 1.074ms total 46.725ms
08-05 15:30:36.385 12513 12526 I art     : Starting a blocking GC Explicit
08-05 15:30:36.422 11851 11851 I ServiceManager: Waiting for service AtCmdFwd...
08-05 15:30:36.431 12513 12526 I art     : Explicit concurrent mark sweep GC freed 3(96B) AllocSpace objects, 0(0B) LOS objects, 10% free, 134MB/150MB, paused 910us total 45.066ms
08-05 15:30:36.448 12513 12526 I art     : Starting a blocking GC Explicit
08-05 15:30:36.496 12513 12526 I art     : Explicit concurrent mark sweep GC freed 3(96B) AllocSpace objects, 0(0B) LOS objects, 10% free, 134MB/150MB, paused 1.037ms total 47.521ms
08-05 15:30:36.904 12513 12792 I art     : Starting a blocking GC Explicit
08-05 15:30:36.954 12513 12792 I art     : Explicit concurrent mark sweep GC freed 1440(83KB) AllocSpace objects, 2(36KB) LOS objects, 10% free, 134MB/150MB, paused 945us total 49.488ms
08-05 15:30:36.972 12513 12792 I art     : Starting a blocking GC Explicit
08-05 15:30:37.011 12513 12792 I art     : Explicit concurrent mark sweep GC freed 41(1616B) AllocSpace objects, 0(0B) LOS objects, 10% free, 134MB/150MB, paused 957us total 39.178ms
08-05 15:30:37.029 12513 12792 I art     : Starting a blocking GC Explicit
08-05 15:30:37.069 12513 12792 I art     : Explicit concurrent mark sweep GC freed 8(256B) AllocSpace objects, 0(0B) LOS objects, 10% free, 134MB/150MB, paused 1.083ms total 39.897ms
08-05 15:30:37.086 12513 12792 I art     : Starting a blocking GC Explicit
08-05 15:30:37.129 12513 12792 I art     : Explicit concurrent mark sweep GC freed 11(352B) AllocSpace objects, 0(0B) LOS objects, 10% free, 134MB/150MB, paused 894us total 42.328ms
08-05 15:30:37.147 12513 12792 I art     : Starting a blocking GC Explicit
08-05 15:30:37.193 12513 12792 I art     : Explicit concurrent mark sweep GC freed 8(256B) AllocSpace objects, 0(0B) LOS objects, 10% free, 134MB/150MB, paused 931us total 45.589ms
08-05 15:30:37.282 13863 13863 D AndroidRuntime: >>>>>> START com.android.internal.os.RuntimeInit uid 2000 <<<<<<
08-05 15:30:37.288 13863 13863 D AndroidRuntime: CheckJNI is OFF
08-05 15:30:37.333 13863 13863 D ICU     : No timezone override file found: /data/misc/zoneinfo/current/icu/icu_tzdata.dat
08-05 15:30:37.379 13863 13863 I Radio-JNI: register_android_hardware_Radio DONE
08-05 15:30:37.407 13863 13863 D AndroidRuntime: Calling main entry com.android.commands.input.Input
08-05 15:30:37.409 13863 13863 I Input   : injectMotionEvent: MotionEvent { action=ACTION_DOWN, actionButton=0, id[0]=0, x[0]=747.0, y[0]=608.0, toolType[0]=TOOL_TYPE_UNKNOWN, buttonState=0, metaState=0, flags=0x0, edgeFlags=0x0, pointerCount=1, historySize=0, eventTime=804653822, downTime=804653822, deviceId=0, source=0x1002 }
08-05 15:30:37.415 13863 13863 I Input   : injectMotionEvent: MotionEvent { action=ACTION_UP, actionButton=0, id[0]=0, x[0]=747.0, y[0]=608.0, toolType[0]=TOOL_TYPE_UNKNOWN, buttonState=0, metaState=0, flags=0x0, edgeFlags=0x0, pointerCount=1, historySize=0, eventTime=804653822, downTime=804653822, deviceId=0, source=0x1002 }
08-05 15:30:37.417 13863 13863 D AndroidRuntime: Shutting down VM
08-05 15:30:37.419   512  2967 D audio_hw_primary: out_set_parameters: enter: usecase(1: low-latency-playback) kvpairs: routing=2
08-05 15:30:37.419   918  5132 I ActivityManager: START u0 {cmp=baseline.io.github.project_travel_mate/.utilities.ChecklistActivity} from uid 10674 on display 0
08-05 15:30:37.423 11851 11851 I ServiceManager: Waiting for service AtCmdFwd...
08-05 15:30:37.432   512  2967 D audio_hw_primary: select_devices: out_snd_device(2: speaker) in_snd_device(0: none)
08-05 15:30:37.432   512  2967 D msm8974_platform: platform_send_audio_calibration: sending audio calibration for snd_device(2) acdb_id(15)
08-05 15:30:37.432   512  2967 I soundtrigger: audio_extn_sound_trigger_update_device_status: device 0x2 of type 0 for Event 1
08-05 15:30:37.445   512  2967 D audio_hw_primary: enable_snd_device: snd_device(2: speaker)
08-05 15:30:37.448   512  2967 D audio_hw_primary: enable_audio_route: apply and update mixer path: low-latency-playback speaker
08-05 15:30:37.580   918   927 I art     : Background sticky concurrent mark sweep GC freed 68154(9MB) AllocSpace objects, 269(5MB) LOS objects, 18% free, 69MB/85MB, paused 83.682ms total 133.658ms
08-05 15:30:37.597 12513 12525 I art     : Starting a blocking GC Explicit
08-05 15:30:37.636 12513 12525 I art     : Explicit concurrent mark sweep GC freed 3043(275KB) AllocSpace objects, 2(36KB) LOS objects, 10% free, 135MB/151MB, paused 1.158ms total 38.647ms
08-05 15:30:37.645 13866 13866 I GoogleInputMethodServic: GoogleInputMethodService.onFinishInput():3138 
08-05 15:30:37.645   918   936 I ActivityManager: Displayed baseline.io.github.project_travel_mate/.utilities.ChecklistActivity: +217ms
08-05 15:30:37.647 13866 13866 I GoogleInputMethodServic: GoogleInputMethodService.onStartInput():1808 
08-05 15:30:37.655 12513 12525 I art     : Starting a blocking GC Explicit
08-05 15:30:37.696 12513 12525 I art     : Explicit concurrent mark sweep GC freed 513(29KB) AllocSpace objects, 0(0B) LOS objects, 10% free, 135MB/151MB, paused 1.012ms total 40.140ms
08-05 15:30:37.712 12513 12525 I art     : Starting a blocking GC Explicit
08-05 15:30:37.752 12513 12525 I art     : Explicit concurrent mark sweep GC freed 60(2672B) AllocSpace objects, 0(0B) LOS objects, 10% free, 135MB/151MB, paused 996us total 39.537ms
08-05 15:30:37.769 12513 12525 I art     : Starting a blocking GC Explicit
08-05 15:30:37.817 12513 12525 I art     : Explicit concurrent mark sweep GC freed 3(96B) AllocSpace objects, 0(0B) LOS objects, 10% free, 135MB/151MB, paused 1.052ms total 48.105ms
08-05 15:30:37.839 12513 12525 I art     : Starting a blocking GC Explicit
08-05 15:30:37.872   380   380 W SurfaceFlinger: couldn't log to binary event log: overflow.
08-05 15:30:37.893 12513 12525 I art     : Explicit concurrent mark sweep GC freed 3(96B) AllocSpace objects, 0(0B) LOS objects, 10% free, 135MB/151MB, paused 972us total 54.262ms
08-05 15:30:37.979   512  2967 D audio_hw_primary: disable_audio_route: reset and update mixer path: low-latency-playback speaker
08-05 15:30:37.980   512  2967 D audio_hw_primary: disable_snd_device: snd_device(2: speaker)
08-05 15:30:37.987   512  2967 I soundtrigger: audio_extn_sound_trigger_update_device_status: device 0x2 of type 0 for Event 0
08-05 15:30:38.284 12513 12531 I art     : Starting a blocking GC Explicit
08-05 15:30:38.344 12513 12531 I art     : Explicit concurrent mark sweep GC freed 1632(94KB) AllocSpace objects, 2(36KB) LOS objects, 10% free, 135MB/151MB, paused 1.181ms total 59.590ms
08-05 15:30:38.364 12513 12531 I art     : Starting a blocking GC Explicit
08-05 15:30:38.409 12513 12531 I art     : Explicit concurrent mark sweep GC freed 36(1280B) AllocSpace objects, 0(0B) LOS objects, 10% free, 135MB/151MB, paused 1.266ms total 44.734ms
08-05 15:30:38.423 11851 11851 I ServiceManager: Waiting for service AtCmdFwd...
08-05 15:30:38.427 12513 12531 I art     : Starting a blocking GC Explicit
08-05 15:30:38.471 12513 12531 I art     : Explicit concurrent mark sweep GC freed 3(96B) AllocSpace objects, 0(0B) LOS objects, 10% free, 135MB/151MB, paused 987us total 44.052ms
08-05 15:30:38.488 12513 12531 I art     : Starting a blocking GC Explicit
08-05 15:30:38.533 12513 12531 I art     : Explicit concurrent mark sweep GC freed 38(1296B) AllocSpace objects, 0(0B) LOS objects, 10% free, 135MB/151MB, paused 1.084ms total 44.662ms
08-05 15:30:38.551 12513 12531 I art     : Starting a blocking GC Explicit
08-05 15:30:38.595 12513 12531 I art     : Explicit concurrent mark sweep GC freed 3(96B) AllocSpace objects, 0(0B) LOS objects, 10% free, 135MB/151MB, paused 1.069ms total 43.735ms
08-05 15:30:39.009 12513 12525 I art     : Starting a blocking GC Explicit
08-05 15:30:39.073 12513 12525 I art     : Explicit concurrent mark sweep GC freed 1582(91KB) AllocSpace objects, 2(36KB) LOS objects, 10% free, 135MB/151MB, paused 1.208ms total 63.341ms
08-05 15:30:39.093 12513 12525 I art     : Starting a blocking GC Explicit
08-05 15:30:39.141 12513 12525 I art     : Explicit concurrent mark sweep GC freed 28(1024B) AllocSpace objects, 0(0B) LOS objects, 10% free, 135MB/151MB, paused 1.206ms total 47.533ms
08-05 15:30:39.162 12513 12525 I art     : Starting a blocking GC Explicit
08-05 15:30:39.209 12513 12525 I art     : Explicit concurrent mark sweep GC freed 3(96B) AllocSpace objects, 0(0B) LOS objects, 10% free, 135MB/151MB, paused 1.055ms total 47.276ms
08-05 15:30:39.227 12513 12525 I art     : Starting a blocking GC Explicit
08-05 15:30:39.278 12513 12525 I art     : Explicit concurrent mark sweep GC freed 3(96B) AllocSpace objects, 0(0B) LOS objects, 10% free, 135MB/151MB, paused 1.189ms total 50.451ms
08-05 15:30:39.299 12513 12525 I art     : Starting a blocking GC Explicit
08-05 15:30:39.345 12513 12525 I art     : Explicit concurrent mark sweep GC freed 3(96B) AllocSpace objects, 0(0B) LOS objects, 10% free, 135MB/151MB, paused 1.096ms total 45.668ms
08-05 15:30:39.424 11851 11851 W Atfwd_Sendcmd: AtCmdFwd service not published, waiting... retryCnt : 4
08-05 15:30:39.767 12513 12792 I art     : Starting a blocking GC Explicit
08-05 15:30:39.829 12513 12792 I art     : Explicit concurrent mark sweep GC freed 1625(93KB) AllocSpace objects, 2(36KB) LOS objects, 10% free, 135MB/151MB, paused 1.414ms total 61.479ms
08-05 15:30:39.849 12513 12792 I art     : Starting a blocking GC Explicit
08-05 15:30:39.899 12513 12792 I art     : Explicit concurrent mark sweep GC freed 39(1600B) AllocSpace objects, 0(0B) LOS objects, 10% free, 135MB/151MB, paused 1.145ms total 49.495ms
08-05 15:30:39.917 12513 12792 I art     : Starting a blocking GC Explicit
08-05 15:30:39.964 12513 12792 I art     : Explicit concurrent mark sweep GC freed 3(96B) AllocSpace objects, 0(0B) LOS objects, 10% free, 135MB/151MB, paused 1.113ms total 46.420ms
08-05 15:30:39.982 12513 12792 I art     : Starting a blocking GC Explicit
08-05 15:30:40.030 12513 12792 I art     : Explicit concurrent mark sweep GC freed 3(96B) AllocSpace objects, 0(0B) LOS objects, 10% free, 135MB/151MB, paused 1.175ms total 48.012ms
08-05 15:30:40.048 12513 12792 I art     : Starting a blocking GC Explicit
08-05 15:30:40.095 12513 12792 I art     : Explicit concurrent mark sweep GC freed 3(96B) AllocSpace objects, 0(0B) LOS objects, 10% free, 135MB/151MB, paused 1.100ms total 47.443ms
08-05 15:30:40.528 12513 12526 I art     : Starting a blocking GC Explicit
08-05 15:30:40.576 12513 12526 I art     : Explicit concurrent mark sweep GC freed 1613(93KB) AllocSpace objects, 2(36KB) LOS objects, 10% free, 135MB/151MB, paused 1.139ms total 47.890ms
08-05 15:30:40.594 12513 12526 I art     : Starting a blocking GC Explicit
08-05 15:30:40.643 12513 12526 I art     : Explicit concurrent mark sweep GC freed 39(1648B) AllocSpace objects, 0(0B) LOS objects, 10% free, 135MB/151MB, paused 1.143ms total 48.798ms
08-05 15:30:40.661 12513 12526 I art     : Starting a blocking GC Explicit
08-05 15:30:40.709 12513 12526 I art     : Explicit concurrent mark sweep GC freed 14(672B) AllocSpace objects, 0(0B) LOS objects, 10% free, 135MB/151MB, paused 1.161ms total 47.499ms
08-05 15:30:40.727 12513 12526 I art     : Starting a blocking GC Explicit
08-05 15:30:40.778 12513 12526 I art     : Explicit concurrent mark sweep GC freed 3(96B) AllocSpace objects, 0(0B) LOS objects, 10% free, 135MB/151MB, paused 1.346ms total 50.513ms
08-05 15:30:40.798 12513 12526 I art     : Starting a blocking GC Explicit
08-05 15:30:40.845 12513 12526 I art     : Explicit concurrent mark sweep GC freed 3(96B) AllocSpace objects, 0(0B) LOS objects, 10% free, 135MB/151MB, paused 1.135ms total 46.251ms
08-05 15:30:41.287 12513 13746 I art     : Starting a blocking GC Explicit
08-05 15:30:41.344 12513 13746 I art     : Explicit concurrent mark sweep GC freed 1584(92KB) AllocSpace objects, 2(36KB) LOS objects, 10% free, 135MB/151MB, paused 1.124ms total 56.254ms
08-05 15:30:41.362 12513 13746 I art     : Starting a blocking GC Explicit
08-05 15:30:41.411 12513 13746 I art     : Explicit concurrent mark sweep GC freed 28(1024B) AllocSpace objects, 0(0B) LOS objects, 10% free, 135MB/151MB, paused 1.052ms total 49.138ms
08-05 15:30:41.429 12513 13746 I art     : Starting a blocking GC Explicit
08-05 15:30:41.475 12513 13746 I art     : Explicit concurrent mark sweep GC freed 3(96B) AllocSpace objects, 0(0B) LOS objects, 10% free, 135MB/151MB, paused 1.112ms total 46.163ms
08-05 15:30:41.493 12513 13746 I art     : Starting a blocking GC Explicit
08-05 15:30:41.541 12513 13746 I art     : Explicit concurrent mark sweep GC freed 34(928B) AllocSpace objects, 0(0B) LOS objects, 10% free, 135MB/151MB, paused 1.105ms total 47.940ms
08-05 15:30:41.559 12513 13746 I art     : Starting a blocking GC Explicit
08-05 15:30:41.607 12513 13746 I art     : Explicit concurrent mark sweep GC freed 3(96B) AllocSpace objects, 0(0B) LOS objects, 10% free, 135MB/151MB, paused 1.184ms total 48.150ms
08-05 15:30:41.772   518   646 I ThermalEngine: ACTION: GPU - Setting GPU[0] to 510000000
08-05 15:30:41.945 12513 12531 I art     : Starting a blocking GC Explicit
08-05 15:30:41.989 12513 12531 I art     : Explicit concurrent mark sweep GC freed 1584(92KB) AllocSpace objects, 2(36KB) LOS objects, 10% free, 135MB/151MB, paused 892us total 43.073ms
08-05 15:30:42.002 12513 12531 I art     : Starting a blocking GC Explicit
08-05 15:30:42.037 12513 12531 I art     : Explicit concurrent mark sweep GC freed 28(1024B) AllocSpace objects, 0(0B) LOS objects, 10% free, 135MB/151MB, paused 824us total 34.065ms
08-05 15:30:42.050 12513 12531 I art     : Starting a blocking GC Explicit
08-05 15:30:42.084 12513 12531 I art     : Explicit concurrent mark sweep GC freed 3(96B) AllocSpace objects, 0(0B) LOS objects, 10% free, 135MB/151MB, paused 836us total 33.783ms
08-05 15:30:42.097 12513 12531 I art     : Starting a blocking GC Explicit
08-05 15:30:42.125 13973 13973 D AndroidRuntime: >>>>>> START com.android.internal.os.RuntimeInit uid 2000 <<<<<<
08-05 15:30:42.130 13973 13973 D AndroidRuntime: CheckJNI is OFF
08-05 15:30:42.131 12513 12531 I art     : Explicit concurrent mark sweep GC freed 3(96B) AllocSpace objects, 0(0B) LOS objects, 10% free, 135MB/151MB, paused 853us total 34.204ms
08-05 15:30:42.144 12513 12531 I art     : Starting a blocking GC Explicit
08-05 15:30:42.165 13973 13973 D ICU     : No timezone override file found: /data/misc/zoneinfo/current/icu/icu_tzdata.dat
08-05 15:30:42.178 12513 12531 I art     : Explicit concurrent mark sweep GC freed 3(96B) AllocSpace objects, 0(0B) LOS objects, 10% free, 135MB/151MB, paused 834us total 33.583ms
08-05 15:30:42.201 13973 13973 I Radio-JNI: register_android_hardware_Radio DONE
08-05 15:30:42.222 13973 13973 D AndroidRuntime: Calling main entry com.android.commands.input.Input
08-05 15:30:42.224 13973 13973 I Input   : injectKeyEvent: KeyEvent { action=ACTION_DOWN, keyCode=KEYCODE_BACK, scanCode=0, metaState=0, flags=0x0, repeatCount=0, eventTime=804658637, downTime=804658637, deviceId=-1, source=0x101 }
08-05 15:30:42.231 13973 13973 I Input   : injectKeyEvent: KeyEvent { action=ACTION_UP, keyCode=KEYCODE_BACK, scanCode=0, metaState=0, flags=0x0, repeatCount=0, eventTime=804658637, downTime=804658637, deviceId=-1, source=0x101 }
08-05 15:30:42.235 13973 13973 D AndroidRuntime: Shutting down VM
08-05 15:30:42.243 12513 12513 V MainActivity: url = https://project-travel-mate.herokuapp.com/api/number-of-unread-notifications
08-05 15:30:42.272 13866 13866 I GoogleInputMethodServic: GoogleInputMethodService.onFinishInput():3138 
08-05 15:30:42.273 13866 13866 I GoogleInputMethodServic: GoogleInputMethodService.onStartInput():1808 
08-05 15:30:42.493 12513 12531 I art     : Starting a blocking GC Explicit
08-05 15:30:42.538 12513 12531 I art     : Explicit concurrent mark sweep GC freed 2092(114KB) AllocSpace objects, 2(36KB) LOS objects, 10% free, 135MB/151MB, paused 1.073ms total 44.524ms
08-05 15:30:42.552 12513 12531 I art     : Starting a blocking GC Explicit
08-05 15:30:42.577   380   380 W SurfaceFlinger: couldn't log to binary event log: overflow.
08-05 15:30:42.584 12513 12531 I art     : Explicit concurrent mark sweep GC freed 463(20KB) AllocSpace objects, 0(0B) LOS objects, 10% free, 135MB/151MB, paused 908us total 32.037ms
08-05 15:30:42.598 12513 12531 I art     : Starting a blocking GC Explicit
08-05 15:30:42.632 12513 12531 I art     : Explicit concurrent mark sweep GC freed 29(1472B) AllocSpace objects, 0(0B) LOS objects, 10% free, 135MB/151MB, paused 992us total 33.816ms
08-05 15:30:42.645 12513 12531 I art     : Starting a blocking GC Explicit
08-05 15:30:42.678 12513 12531 I art     : Explicit concurrent mark sweep GC freed 131(6KB) AllocSpace objects, 0(0B) LOS objects, 10% free, 135MB/151MB, paused 906us total 32.842ms
08-05 15:30:42.691 12513 12531 I art     : Starting a blocking GC Explicit
08-05 15:30:42.727 12513 12531 I art     : Explicit concurrent mark sweep GC freed 3(96B) AllocSpace objects, 0(0B) LOS objects, 10% free, 135MB/151MB, paused 983us total 35.817ms
08-05 15:30:43.095 12513 13746 I art     : Starting a blocking GC Explicit
08-05 15:30:43.106 12513 13997 I NAPPA_EXPERIMENTATION: MetricNetworkRequestExecutionTime: REQUEST_DURATION_SYSTEM='861',REQUEST_DURATION_OKHTTP='35',REQUEST_SYNCHRONOUS='FALSE',RESPONSE_CODE='200',RESPONSE_METHOD='GET',RESPONSE_LENGTH_OKHTTP='36',RESPONSE_LENGTH_HEADER='36',REQUEST_PROTOCOL='http/1.1',REQUEST_URL='https://project-travel-mate.herokuapp.com/api/number-of-unread-notifications',
08-05 15:30:43.143 12513 13746 I art     : Explicit concurrent mark sweep GC freed 4279(235KB) AllocSpace objects, 5(236KB) LOS objects, 10% free, 135MB/151MB, paused 1.007ms total 47.789ms
08-05 15:30:43.158 12513 13746 I art     : Starting a blocking GC Explicit
08-05 15:30:43.195 12513 13746 I art     : Explicit concurrent mark sweep GC freed 1089(122KB) AllocSpace objects, 0(0B) LOS objects, 10% free, 135MB/151MB, paused 924us total 36.971ms
08-05 15:30:43.209 12513 13746 I art     : Starting a blocking GC Explicit
08-05 15:30:43.245 12513 13746 I art     : Explicit concurrent mark sweep GC freed 3(96B) AllocSpace objects, 0(0B) LOS objects, 10% free, 135MB/151MB, paused 829us total 35.967ms
08-05 15:30:43.258 12513 13746 I art     : Starting a blocking GC Explicit
08-05 15:30:43.295 12513 13746 I art     : Explicit concurrent mark sweep GC freed 3(96B) AllocSpace objects, 0(0B) LOS objects, 10% free, 135MB/151MB, paused 859us total 36.518ms
08-05 15:30:43.309 12513 13746 I art     : Starting a blocking GC Explicit
08-05 15:30:43.346 12513 13746 I art     : Explicit concurrent mark sweep GC freed 3(96B) AllocSpace objects, 0(0B) LOS objects, 10% free, 135MB/151MB, paused 876us total 37.083ms
08-05 15:30:43.683 12513 12792 I art     : Starting a blocking GC Explicit
08-05 15:30:43.726 12513 12792 I art     : Explicit concurrent mark sweep GC freed 1625(93KB) AllocSpace objects, 2(36KB) LOS objects, 10% free, 135MB/151MB, paused 898us total 43.047ms
08-05 15:30:43.740 12513 12792 I art     : Starting a blocking GC Explicit
08-05 15:30:43.772 12513 12792 I art     : Explicit concurrent mark sweep GC freed 38(1568B) AllocSpace objects, 0(0B) LOS objects, 10% free, 135MB/151MB, paused 824us total 31.996ms
08-05 15:30:43.784 12513 12792 I art     : Starting a blocking GC Explicit
08-05 15:30:43.819 12513 12792 I art     : Explicit concurrent mark sweep GC freed 3(96B) AllocSpace objects, 0(0B) LOS objects, 10% free, 135MB/151MB, paused 857us total 34.781ms
08-05 15:30:43.832 12513 12792 I art     : Starting a blocking GC Explicit
08-05 15:30:43.868 12513 12792 I art     : Explicit concurrent mark sweep GC freed 4(128B) AllocSpace objects, 0(0B) LOS objects, 10% free, 135MB/151MB, paused 956us total 34.994ms
08-05 15:30:43.881 12513 12792 I art     : Starting a blocking GC Explicit
08-05 15:30:43.923 12513 12792 I art     : Explicit concurrent mark sweep GC freed 10(320B) AllocSpace objects, 0(0B) LOS objects, 10% free, 135MB/151MB, paused 908us total 42.508ms
08-05 15:30:43.924 14020 14020 D AndroidRuntime: >>>>>> START com.android.internal.os.RuntimeInit uid 2000 <<<<<<
08-05 15:30:43.929 14020 14020 D AndroidRuntime: CheckJNI is OFF
08-05 15:30:43.964 14020 14020 D ICU     : No timezone override file found: /data/misc/zoneinfo/current/icu/icu_tzdata.dat
08-05 15:30:43.998 14020 14020 I Radio-JNI: register_android_hardware_Radio DONE
08-05 15:30:44.019 14020 14020 D AndroidRuntime: Calling main entry com.android.commands.input.Input
08-05 15:30:44.021 14020 14020 I Input   : injectMotionEvent: MotionEvent { action=ACTION_DOWN, actionButton=0, id[0]=0, x[0]=657.0, y[0]=2037.0, toolType[0]=TOOL_TYPE_UNKNOWN, buttonState=0, metaState=0, flags=0x0, edgeFlags=0x0, pointerCount=1, historySize=0, eventTime=804660433, downTime=804660433, deviceId=0, source=0x1002 }
08-05 15:30:44.027 14020 14020 I Input   : injectMotionEvent: MotionEvent { action=ACTION_UP, actionButton=0, id[0]=0, x[0]=657.0, y[0]=2037.0, toolType[0]=TOOL_TYPE_UNKNOWN, buttonState=0, metaState=0, flags=0x0, edgeFlags=0x0, pointerCount=1, historySize=0, eventTime=804660433, downTime=804660433, deviceId=0, source=0x1002 }
08-05 15:30:44.030 14020 14020 D AndroidRuntime: Shutting down VM
08-05 15:30:44.038   918  6029 I ActivityManager: START u0 {cmp=baseline.io.github.project_travel_mate/.utilities.CompassActivity} from uid 10674 on display 0
08-05 15:30:44.039   512  2967 D audio_hw_primary: out_set_parameters: enter: usecase(1: low-latency-playback) kvpairs: routing=2
08-05 15:30:44.053   512  2967 D audio_hw_primary: select_devices: out_snd_device(2: speaker) in_snd_device(0: none)
08-05 15:30:44.053   512  2967 D msm8974_platform: platform_send_audio_calibration: sending audio calibration for snd_device(2) acdb_id(15)
08-05 15:30:44.053   512  2967 I soundtrigger: audio_extn_sound_trigger_update_device_status: device 0x2 of type 0 for Event 1
08-05 15:30:44.067   512  2967 D audio_hw_primary: enable_snd_device: snd_device(2: speaker)
08-05 15:30:44.069   512  2967 D audio_hw_primary: enable_audio_route: apply and update mixer path: low-latency-playback speaker
08-05 15:30:44.234 12513 12531 I art     : Starting a blocking GC Explicit
08-05 15:30:44.278 12513 12531 I art     : Explicit concurrent mark sweep GC freed 80(4KB) AllocSpace objects, 0(0B) LOS objects, 7% free, 184MB/200MB, paused 1.002ms total 43.186ms
08-05 15:30:44.291 12513 12531 I art     : Starting a blocking GC Explicit
08-05 15:30:44.324 12513 12531 I art     : Explicit concurrent mark sweep GC freed 3(96B) AllocSpace objects, 0(0B) LOS objects, 7% free, 184MB/200MB, paused 1.003ms total 32.929ms
08-05 15:30:44.337 12513 12531 I art     : Starting a blocking GC Explicit
08-05 15:30:44.370 12513 12531 I art     : Explicit concurrent mark sweep GC freed 3(96B) AllocSpace objects, 0(0B) LOS objects, 7% free, 184MB/200MB, paused 941us total 32.315ms
08-05 15:30:44.382 12513 12531 I art     : Starting a blocking GC Explicit
08-05 15:30:44.415 12513 12531 I art     : Explicit concurrent mark sweep GC freed 3(96B) AllocSpace objects, 0(0B) LOS objects, 7% free, 184MB/200MB, paused 908us total 32.059ms
08-05 15:30:44.427 12513 12531 I art     : Starting a blocking GC Explicit
08-05 15:30:44.460 12513 12531 I art     : Explicit concurrent mark sweep GC freed 6(192B) AllocSpace objects, 0(0B) LOS objects, 7% free, 187MB/203MB, paused 933us total 32.161ms
08-05 15:30:44.466 12513 12513 D CompassActivity: start compass
08-05 15:30:44.467   918  6111 I sensors : batch
08-05 15:30:44.467   918  6111 I sensors : activate
08-05 15:30:44.467   918  4413 I sensors : batch
08-05 15:30:44.467   918  4413 I sensors : activate
08-05 15:30:44.474   918  3188 I hubconnection: sensorhub said: 'batch 1 flags:0, sampling_rate_Hz:50.00, max_report_latency_us:0'
08-05 15:30:44.475   918  3188 I hubconnection: sensorhub said: 'activate 1 enable:1'
08-05 15:30:44.476   918  3188 I hubconnection: sensorhub said: 'batch 3 flags:0, sampling_rate_Hz:50.00, max_report_latency_us:0'
08-05 15:30:44.477   918  3188 I hubconnection: sensorhub said: 'activate 3 enable:1'
08-05 15:30:44.608   512  2967 D audio_hw_primary: disable_audio_route: reset and update mixer path: low-latency-playback speaker
08-05 15:30:44.609   512  2967 D audio_hw_primary: disable_snd_device: snd_device(2: speaker)
08-05 15:30:44.618   512  2967 I soundtrigger: audio_extn_sound_trigger_update_device_status: device 0x2 of type 0 for Event 0
08-05 15:30:44.638   918   936 I ActivityManager: Displayed baseline.io.github.project_travel_mate/.utilities.CompassActivity: +588ms
08-05 15:30:44.638 13866 13866 I GoogleInputMethodServic: GoogleInputMethodService.onFinishInput():3138 
08-05 15:30:44.639 13866 13866 I GoogleInputMethodServic: GoogleInputMethodService.onStartInput():1808 
08-05 15:30:44.711 12513 12513 D CompassActivity: will set rotation from 0.0 to 178.74292
08-05 15:30:44.711 12513 12513 D CompassActivity: will set rotation from 178.74292 to 178.72076
08-05 15:30:44.711 12513 12513 D CompassActivity: will set rotation from 178.72076 to 178.93665
08-05 15:30:44.711 12513 12513 D CompassActivity: will set rotation from 178.93665 to 178.87537
08-05 15:30:44.712 12513 12513 D CompassActivity: will set rotation from 178.87537 to 178.77551
08-05 15:30:44.712 12513 12513 D CompassActivity: will set rotation from 178.77551 to 178.7196
08-05 15:30:44.734 12513 12513 D CompassActivity: will set rotation from 178.7196 to 178.80347
08-05 15:30:44.734 12513 12513 D CompassActivity: will set rotation from 178.80347 to 178.76965
08-05 15:30:44.735 12513 12513 D CompassActivity: will set rotation from 178.76965 to 178.81311
08-05 15:30:44.735 12513 12513 D CompassActivity: will set rotation from 178.81311 to 178.81293
08-05 15:30:44.754 12513 12513 D CompassActivity: will set rotation from 178.81293 to 178.84021
08-05 15:30:44.754 12513 12513 D CompassActivity: will set rotation from 178.84021 to 178.8717
08-05 15:30:44.774 12513 12513 D CompassActivity: will set rotation from 178.8717 to 178.98816
08-05 15:30:44.774 12513 12513 D CompassActivity: will set rotation from 178.98816 to 179.01746
08-05 15:30:44.777   518   646 I ThermalEngine: ACTION: GPU - Setting GPU[0] to 450000000
08-05 15:30:44.794 12513 12513 D CompassActivity: will set rotation from 179.01746 to 178.95752
08-05 15:30:44.794 12513 12513 D CompassActivity: will set rotation from 178.95752 to 178.9643
08-05 15:30:44.814 12513 12513 D CompassActivity: will set rotation from 178.9643 to 178.92023
08-05 15:30:44.815 12513 12513 D CompassActivity: will set rotation from 178.92023 to 178.91138
08-05 15:30:44.834 12513 12513 D CompassActivity: will set rotation from 178.91138 to 178.86725
08-05 15:30:44.834 12513 12513 D CompassActivity: will set rotation from 178.86725 to 178.84216
08-05 15:30:44.854 12513 12513 D CompassActivity: will set rotation from 178.84216 to 178.81445
08-05 15:30:44.854 12513 12513 D CompassActivity: will set rotation from 178.81445 to 178.78693
08-05 15:30:44.875 12513 12513 D CompassActivity: will set rotation from 178.78693 to 178.7746
08-05 15:30:44.875 12513 12513 D CompassActivity: will set rotation from 178.7746 to 178.76227
08-05 15:30:44.894 12513 12531 I art     : Starting a blocking GC Explicit
08-05 15:30:44.894 12513 12513 D CompassActivity: will set rotation from 178.76227 to 178.83228
08-05 15:30:44.897   380   380 W SurfaceFlinger: couldn't log to binary event log: overflow.
08-05 15:30:44.897 12513 12513 D CompassActivity: will set rotation from 178.83228 to 178.8429
08-05 15:30:44.914 12513 12513 D CompassActivity: will set rotation from 178.8429 to 178.86786
08-05 15:30:44.914 12513 12513 D CompassActivity: will set rotation from 178.86786 to 178.8877
08-05 15:30:44.935 12513 12513 D CompassActivity: will set rotation from 178.8877 to 178.87317
08-05 15:30:44.935 12513 12513 D CompassActivity: will set rotation from 178.87317 to 178.89001
08-05 15:30:44.936 12513 12531 I art     : Explicit concurrent mark sweep GC freed 2049(120KB) AllocSpace objects, 2(36KB) LOS objects, 7% free, 187MB/203MB, paused 1.001ms total 41.692ms
08-05 15:30:44.952 12513 12531 I art     : Starting a blocking GC Explicit
08-05 15:30:44.953 12513 12513 D CompassActivity: will set rotation from 178.89001 to 178.9137
08-05 15:30:44.954 12513 12513 D CompassActivity: will set rotation from 178.9137 to 178.91785
08-05 15:30:44.973 12513 12513 D CompassActivity: will set rotation from 178.91785 to 178.97162
08-05 15:30:44.974 12513 12513 D CompassActivity: will set rotation from 178.97162 to 178.96295
08-05 15:30:44.991 12513 12531 I art     : Explicit concurrent mark sweep GC freed 440(18KB) AllocSpace objects, 0(0B) LOS objects, 7% free, 187MB/203MB, paused 1.074ms total 38.644ms
08-05 15:30:44.995 12513 12513 D CompassActivity: will set rotation from 178.96295 to 179.01294
08-05 15:30:44.995 12513 12513 D CompassActivity: will set rotation from 179.01294 to 178.99872
08-05 15:30:45.009 12513 12531 I art     : Starting a blocking GC Explicit
08-05 15:30:45.058 12513 12531 I art     : Explicit concurrent mark sweep GC freed 95(4KB) AllocSpace objects, 0(0B) LOS objects, 7% free, 187MB/203MB, paused 1.100ms total 48.936ms
08-05 15:30:45.075 12513 12531 I art     : Starting a blocking GC Explicit
08-05 15:30:45.106 12513 12513 D CompassActivity: will set rotation from 178.99872 to 179.07489
08-05 15:30:45.106 12513 12513 D CompassActivity: will set rotation from 179.07489 to 179.06439
08-05 15:30:45.107 12513 12513 D CompassActivity: will set rotation from 179.06439 to 179.16077
08-05 15:30:45.107 12513 12513 D CompassActivity: will set rotation from 179.16077 to 179.1596
08-05 15:30:45.107 12513 12513 D CompassActivity: will set rotation from 179.1596 to 179.18262
08-05 15:30:45.107 12513 12513 D CompassActivity: will set rotation from 179.18262 to 179.1908
08-05 15:30:45.107 12513 12513 D CompassActivity: will set rotation from 179.1908 to 179.15778
08-05 15:30:45.107 12513 12513 D CompassActivity: will set rotation from 179.15778 to 179.17096
08-05 15:30:45.107 12513 12513 D CompassActivity: will set rotation from 179.17096 to 179.19678
08-05 15:30:45.107 12513 12513 D CompassActivity: will set rotation from 179.19678 to 179.2074
08-05 15:30:45.115 12513 12531 I art     : Explicit concurrent mark sweep GC freed 152(8KB) AllocSpace objects, 0(0B) LOS objects, 7% free, 187MB/203MB, paused 1.179ms total 39.027ms
08-05 15:30:45.115 12513 12513 D CompassActivity: will set rotation from 179.2074 to 179.17517
08-05 15:30:45.115 12513 12513 D CompassActivity: will set rotation from 179.17517 to 179.17163
08-05 15:30:45.132 12513 12531 I art     : Starting a blocking GC Explicit
08-05 15:30:45.134 12513 12513 D CompassActivity: will set rotation from 179.17163 to 179.19617
08-05 15:30:45.134 12513 12513 D CompassActivity: will set rotation from 179.19617 to 179.18262
08-05 15:30:45.152 12513 12513 D CompassActivity: will set rotation from 179.18262 to 179.11853
08-05 15:30:45.153 12513 12513 D CompassActivity: will set rotation from 179.11853 to 179.10498
08-05 15:30:45.170 12513 12531 I art     : Explicit concurrent mark sweep GC freed 205(9KB) AllocSpace objects, 0(0B) LOS objects, 7% free, 187MB/203MB, paused 947us total 38.071ms
08-05 15:30:45.173 12513 12513 D CompassActivity: will set rotation from 179.10498 to 179.07715
08-05 15:30:45.173 12513 12513 D CompassActivity: will set rotation from 179.07715 to 179.0741
08-05 15:30:45.193 12513 12513 D CompassActivity: will set rotation from 179.0741 to 179.04565
08-05 15:30:45.194 12513 12513 D CompassActivity: will set rotation from 179.04565 to 179.05457
08-05 15:30:45.215 12513 12513 D CompassActivity: will set rotation from 179.05457 to 179.05566
08-05 15:30:45.215 12513 12513 D CompassActivity: will set rotation from 179.05566 to 179.07098
08-05 15:30:45.234 12513 12513 D CompassActivity: will set rotation from 179.07098 to 179.07275
08-05 15:30:45.235 12513 12513 D CompassActivity: will set rotation from 179.07275 to 179.07928
08-05 15:30:45.253 12513 12513 D CompassActivity: will set rotation from 179.07928 to 179.08545
08-05 15:30:45.253 12513 12513 D CompassActivity: will set rotation from 179.08545 to 179.08221
08-05 15:30:45.273 12513 12513 D CompassActivity: will set rotation from 179.08221 to 179.11145
08-05 15:30:45.273 12513 12513 D CompassActivity: will set rotation from 179.11145 to 179.10553
08-05 15:30:45.293 12513 12513 D CompassActivity: will set rotation from 179.10553 to 179.13281
08-05 15:30:45.293 12513 12513 D CompassActivity: will set rotation from 179.13281 to 179.125
08-05 15:30:45.313 12513 12513 D CompassActivity: will set rotation from 179.125 to 179.16815
08-05 15:30:45.313 12513 12513 D CompassActivity: will set rotation from 179.16815 to 179.16351
08-05 15:30:45.335 12513 12513 D CompassActivity: will set rotation from 179.16351 to 179.18347
08-05 15:30:45.336 12513 12513 D CompassActivity: will set rotation from 179.18347 to 179.18347
08-05 15:30:45.353 12513 12513 D CompassActivity: will set rotation from 179.18347 to 179.20026
08-05 15:30:45.353 12513 12513 D CompassActivity: will set rotation from 179.20026 to 179.20764
08-05 15:30:45.373 12513 12513 D CompassActivity: will set rotation from 179.20764 to 179.18158
08-05 15:30:45.373 12513 12513 D CompassActivity: will set rotation from 179.18158 to 179.19006
08-05 15:30:45.393 12513 12513 D CompassActivity: will set rotation from 179.19006 to 179.1883
08-05 15:30:45.394 12513 12513 D CompassActivity: will set rotation from 179.1883 to 179.19208
08-05 15:30:45.412 12513 12513 D CompassActivity: will set rotation from 179.19208 to 179.16516
08-05 15:30:45.413 12513 12513 D CompassActivity: will set rotation from 179.16516 to 179.16345
08-05 15:30:45.433 12513 12513 D CompassActivity: will set rotation from 179.16345 to 179.1618
08-05 15:30:45.434 12513 12513 D CompassActivity: will set rotation from 179.1618 to 179.15302
08-05 15:30:45.454 12513 12513 D CompassActivity: will set rotation from 179.15302 to 179.13245
08-05 15:30:45.454 12513 12513 D CompassActivity: will set rotation from 179.13245 to 179.12463
08-05 15:30:45.472 12513 12513 D CompassActivity: will set rotation from 179.12463 to 179.14789
08-05 15:30:45.472 12513 12513 D CompassActivity: will set rotation from 179.14789 to 179.14502
08-05 15:30:45.492 12513 12513 D CompassActivity: will set rotation from 179.14502 to 179.14587
08-05 15:30:45.493 12513 12513 D CompassActivity: will set rotation from 179.14587 to 179.14954
08-05 15:30:45.512 12513 12513 D CompassActivity: will set rotation from 179.14954 to 179.16638
08-05 15:30:45.512 12513 12513 D CompassActivity: will set rotation from 179.16638 to 179.17175
08-05 15:30:45.535 12513 12513 D CompassActivity: will set rotation from 179.17175 to 179.15161
08-05 15:30:45.535 12513 12513 D CompassActivity: will set rotation from 179.15161 to 179.15723
08-05 15:30:45.553 12513 12513 D CompassActivity: will set rotation from 179.15723 to 179.17609
08-05 15:30:45.554 12513 12513 D CompassActivity: will set rotation from 179.17609 to 179.17645
08-05 15:30:45.572 12513 12513 D CompassActivity: will set rotation from 179.17645 to 179.15515
08-05 15:30:45.573 12513 12513 D CompassActivity: will set rotation from 179.15515 to 179.14911
08-05 15:30:45.592 12513 12513 D CompassActivity: will set rotation from 179.14911 to 179.18286
08-05 15:30:45.593 12513 12513 D CompassActivity: will set rotation from 179.18286 to 179.17474
08-05 15:30:45.594 12513 12531 I art     : Starting a blocking GC Explicit
08-05 15:30:45.611 12513 12513 D CompassActivity: will set rotation from 179.17474 to 179.18842
08-05 15:30:45.612 12513 12513 D CompassActivity: will set rotation from 179.18842 to 179.18744
08-05 15:30:45.636 12513 12513 D CompassActivity: will set rotation from 179.18744 to 179.16321
08-05 15:30:45.636 12513 12513 D CompassActivity: will set rotation from 179.16321 to 179.16736
08-05 15:30:45.649 12513 12531 I art     : Explicit concurrent mark sweep GC freed 2062(121KB) AllocSpace objects, 2(36KB) LOS objects, 7% free, 187MB/203MB, paused 1.262ms total 54.128ms
08-05 15:30:45.656 12513 12513 D CompassActivity: will set rotation from 179.16736 to 179.18408
08-05 15:30:45.657 12513 12513 D CompassActivity: will set rotation from 179.18408 to 179.18958
08-05 15:30:45.669 12513 12531 I art     : Starting a blocking GC Explicit
08-05 15:30:45.673 12513 12513 D CompassActivity: will set rotation from 179.18958 to 179.18774
08-05 15:30:45.673 12513 12513 D CompassActivity: will set rotation from 179.18774 to 179.1914
08-05 15:30:45.691 12513 12513 D CompassActivity: will set rotation from 179.1914 to 179.1731
08-05 15:30:45.692 12513 12513 D CompassActivity: will set rotation from 179.1731 to 179.17163
08-05 15:30:45.712 12513 12513 D CompassActivity: will set rotation from 179.17163 to 179.20544
08-05 15:30:45.713 12513 12513 D CompassActivity: will set rotation from 179.20544 to 179.19812
08-05 15:30:45.713 12513 12531 I art     : Explicit concurrent mark sweep GC freed 780(30KB) AllocSpace objects, 0(0B) LOS objects, 7% free, 187MB/203MB, paused 1.050ms total 43.573ms
08-05 15:30:45.730 12513 12531 I art     : Starting a blocking GC Explicit
08-05 15:30:45.736 12513 12513 D CompassActivity: will set rotation from 179.19812 to 179.21118
08-05 15:30:45.737 12513 12513 D CompassActivity: will set rotation from 179.21118 to 179.20178
08-05 15:30:45.753 12513 12513 D CompassActivity: will set rotation from 179.20178 to 179.2124
08-05 15:30:45.753 12513 12513 D CompassActivity: will set rotation from 179.2124 to 179.20917
08-05 15:30:45.772 12513 12513 D CompassActivity: will set rotation from 179.20917 to 179.24182
08-05 15:30:45.772 12513 12513 D CompassActivity: will set rotation from 179.24182 to 179.24377
08-05 15:30:45.784 12513 12531 I art     : Explicit concurrent mark sweep GC freed 146(7KB) AllocSpace objects, 0(0B) LOS objects, 7% free, 187MB/203MB, paused 1.595ms total 53.582ms
08-05 15:30:45.794 12513 12513 D CompassActivity: will set rotation from 179.24377 to 179.24011
08-05 15:30:45.795 12513 12513 D CompassActivity: will set rotation from 179.24011 to 179.24707
08-05 15:30:45.804 12513 12531 I art     : Starting a blocking GC Explicit
08-05 15:30:45.812 12513 12513 D CompassActivity: will set rotation from 179.24707 to 179.26038
08-05 15:30:45.812 12513 12513 D CompassActivity: will set rotation from 179.26038 to 179.26624
08-05 15:30:45.832 12513 12513 D CompassActivity: will set rotation from 179.26624 to 179.27759
08-05 15:30:45.832 12513 12513 D CompassActivity: will set rotation from 179.27759 to 179.27869
08-05 15:30:45.848 12513 12531 I art     : Explicit concurrent mark sweep GC freed 173(8KB) AllocSpace objects, 0(0B) LOS objects, 7% free, 187MB/203MB, paused 1.135ms total 43.714ms
08-05 15:30:45.851 12513 12513 D CompassActivity: will set rotation from 179.27869 to 179.27222
08-05 15:30:45.852 12513 12513 D CompassActivity: will set rotation from 179.27222 to 179.26923
08-05 15:30:45.865 12513 12531 I art     : Starting a blocking GC Explicit
08-05 15:30:45.870 12513 12513 D CompassActivity: will set rotation from 179.26923 to 179.2807
08-05 15:30:45.871 12513 12513 D CompassActivity: will set rotation from 179.2807 to 179.27692
08-05 15:30:45.891 12513 12513 D CompassActivity: will set rotation from 179.27692 to 179.30304
08-05 15:30:45.892 12513 12513 D CompassActivity: will set rotation from 179.30304 to 179.30011
08-05 15:30:45.911 12513 12513 D CompassActivity: will set rotation from 179.30011 to 179.31152
08-05 15:30:45.913 12513 12513 D CompassActivity: will set rotation from 179.31152 to 179.31244
08-05 15:30:45.914 12513 12531 I art     : Explicit concurrent mark sweep GC freed 155(7KB) AllocSpace objects, 0(0B) LOS objects, 7% free, 187MB/203MB, paused 1.261ms total 48.620ms
08-05 15:30:45.934 12513 12513 D CompassActivity: will set rotation from 179.31244 to 179.3548
08-05 15:30:45.935 12513 12513 D CompassActivity: will set rotation from 179.3548 to 179.3634
08-05 15:30:45.954 12513 12513 D CompassActivity: will set rotation from 179.3634 to 179.33862
08-05 15:30:45.954 12513 12513 D CompassActivity: will set rotation from 179.33862 to 179.34296
08-05 15:30:45.971 12513 12513 D CompassActivity: will set rotation from 179.34296 to 179.33496
08-05 15:30:45.972 12513 12513 D CompassActivity: will set rotation from 179.33496 to 179.33441
08-05 15:30:45.990 12513 12513 D CompassActivity: will set rotation from 179.33441 to 179.3617
08-05 15:30:45.991 12513 12513 D CompassActivity: will set rotation from 179.3617 to 179.35681
08-05 15:30:46.010 12513 12513 D CompassActivity: will set rotation from 179.35681 to 179.34894
08-05 15:30:46.011 12513 12513 D CompassActivity: will set rotation from 179.34894 to 179.34058
08-05 15:30:46.030 12513 12513 D CompassActivity: will set rotation from 179.34058 to 179.3512
08-05 15:30:46.032 12513 12513 D CompassActivity: will set rotation from 179.3512 to 179.34692
08-05 15:30:46.051 12513 12513 D CompassActivity: will set rotation from 179.34692 to 179.33899
08-05 15:30:46.051 12513 12513 D CompassActivity: will set rotation from 179.33899 to 179.34216
08-05 15:30:46.072 12513 12513 D CompassActivity: will set rotation from 179.34216 to 179.36774
08-05 15:30:46.072 12513 12513 D CompassActivity: will set rotation from 179.36774 to 179.37537
08-05 15:30:46.090 12513 12513 D CompassActivity: will set rotation from 179.37537 to 179.36725
08-05 15:30:46.090 12513 12513 D CompassActivity: will set rotation from 179.36725 to 179.37408
08-05 15:30:46.110 12513 12513 D CompassActivity: will set rotation from 179.37408 to 179.39813
08-05 15:30:46.110 12513 12513 D CompassActivity: will set rotation from 179.39813 to 179.40161
08-05 15:30:46.130 12513 12513 D CompassActivity: will set rotation from 179.40161 to 179.4096
08-05 15:30:46.131 12513 12513 D CompassActivity: will set rotation from 179.4096 to 179.4071
08-05 15:30:46.152 12513 12513 D CompassActivity: will set rotation from 179.4071 to 179.41553
08-05 15:30:46.153 12513 12513 D CompassActivity: will set rotation from 179.41553 to 179.40808
08-05 15:30:46.170 12513 12513 D CompassActivity: will set rotation from 179.40808 to 179.38031
08-05 15:30:46.171 12513 12513 D CompassActivity: will set rotation from 179.38031 to 179.37274
08-05 15:30:46.189 12513 12513 D CompassActivity: will set rotation from 179.37274 to 179.36359
08-05 15:30:46.190 12513 12513 D CompassActivity: will set rotation from 179.36359 to 179.36023
08-05 15:30:46.209 12513 12513 D CompassActivity: will set rotation from 179.36023 to 179.36688
08-05 15:30:46.210 12513 12513 D CompassActivity: will set rotation from 179.36688 to 179.3717
08-05 15:30:46.229 12513 12513 D CompassActivity: will set rotation from 179.3717 to 179.37634
08-05 15:30:46.229 12513 12513 D CompassActivity: will set rotation from 179.37634 to 179.38373
08-05 15:30:46.251 12513 12513 D CompassActivity: will set rotation from 179.38373 to 179.3764
08-05 15:30:46.252 12513 12513 D CompassActivity: will set rotation from 179.3764 to 179.3822
08-05 15:30:46.270 12513 12513 D CompassActivity: will set rotation from 179.3822 to 179.34253
08-05 15:30:46.271 12513 12513 D CompassActivity: will set rotation from 179.34253 to 179.34253
08-05 15:30:46.289 12513 12513 D CompassActivity: will set rotation from 179.34253 to 179.3194
08-05 15:30:46.289 12513 12513 D CompassActivity: will set rotation from 179.3194 to 179.31372
08-05 15:30:46.309 12513 12513 D CompassActivity: will set rotation from 179.31372 to 179.27625
08-05 15:30:46.309 12513 12513 D CompassActivity: will set rotation from 179.27625 to 179.26941
08-05 15:30:46.329 12513 12513 D CompassActivity: will set rotation from 179.26941 to 179.24677
08-05 15:30:46.329 12513 12513 D CompassActivity: will set rotation from 179.24677 to 179.24103
08-05 15:30:46.350 12513 12513 D CompassActivity: will set rotation from 179.24103 to 179.26758
08-05 15:30:46.351 12513 12513 D CompassActivity: will set rotation from 179.26758 to 179.26672
08-05 15:30:46.358 12513 12792 I art     : Starting a blocking GC Explicit
08-05 15:30:46.370 12513 12513 D CompassActivity: will set rotation from 179.26672 to 179.29077
08-05 15:30:46.371 12513 12513 D CompassActivity: will set rotation from 179.29077 to 179.29492
08-05 15:30:46.389 12513 12513 D CompassActivity: will set rotation from 179.29492 to 179.28601
08-05 15:30:46.389 12513 12513 D CompassActivity: will set rotation from 179.28601 to 179.29517
08-05 15:30:46.408 12513 12513 D CompassActivity: will set rotation from 179.29517 to 179.25873
08-05 15:30:46.409 12513 12513 D CompassActivity: will set rotation from 179.25873 to 179.26709
08-05 15:30:46.413 12513 12792 I art     : Explicit concurrent mark sweep GC freed 2029(121KB) AllocSpace objects, 2(36KB) LOS objects, 7% free, 187MB/203MB, paused 1.274ms total 54.033ms
08-05 15:30:46.429 12513 12513 D CompassActivity: will set rotation from 179.26709 to 179.24854
08-05 15:30:46.429 12513 12513 D CompassActivity: will set rotation from 179.24854 to 179.2492
08-05 15:30:46.434 12513 12792 I art     : Starting a blocking GC Explicit
08-05 15:30:46.451 12513 12513 D CompassActivity: will set rotation from 179.2492 to 179.23083
08-05 15:30:46.452 12513 12513 D CompassActivity: will set rotation from 179.23083 to 179.22278
08-05 15:30:46.470 12513 12513 D CompassActivity: will set rotation from 179.22278 to 179.21948
08-05 15:30:46.470 12513 12513 D CompassActivity: will set rotation from 179.21948 to 179.20685
08-05 15:30:46.487 12513 12792 I art     : Explicit concurrent mark sweep GC freed 838(32KB) AllocSpace objects, 0(0B) LOS objects, 7% free, 187MB/203MB, paused 1.154ms total 52.936ms
08-05 15:30:46.488 12513 12513 D CompassActivity: will set rotation from 179.20685 to 179.20166
08-05 15:30:46.489 12513 12513 D CompassActivity: will set rotation from 179.20166 to 179.19702
08-05 15:30:46.506 12513 12792 I art     : Starting a blocking GC Explicit
08-05 15:30:46.508 12513 12513 D CompassActivity: will set rotation from 179.19702 to 179.19153
08-05 15:30:46.509 12513 12513 D CompassActivity: will set rotation from 179.19153 to 179.19342
08-05 15:30:46.528 12513 12513 D CompassActivity: will set rotation from 179.19342 to 179.17316
08-05 15:30:46.528 12513 12513 D CompassActivity: will set rotation from 179.17316 to 179.18274
08-05 15:30:46.550 12513 12513 D CompassActivity: will set rotation from 179.18274 to 179.19727
08-05 15:30:46.551 12513 12513 D CompassActivity: will set rotation from 179.19727 to 179.20685
08-05 15:30:46.554 12513 12792 I art     : Explicit concurrent mark sweep GC freed 163(8KB) AllocSpace objects, 0(0B) LOS objects, 7% free, 187MB/203MB, paused 1.031ms total 48.445ms
08-05 15:30:46.573 12513 12513 D CompassActivity: will set rotation from 179.20685 to 179.21777
08-05 15:30:46.573 12513 12513 D CompassActivity: will set rotation from 179.21777 to 179.22314
08-05 15:30:46.574 12513 12792 I art     : Starting a blocking GC Explicit
08-05 15:30:46.589 12513 12513 D CompassActivity: will set rotation from 179.22314 to 179.18762
08-05 15:30:46.589 12513 12513 D CompassActivity: will set rotation from 179.18762 to 179.18604
08-05 15:30:46.608 12513 12513 D CompassActivity: will set rotation from 179.18604 to 179.18347
08-05 15:30:46.608 12513 12513 D CompassActivity: will set rotation from 179.18347 to 179.17499
08-05 15:30:46.627 12513 12792 I art     : Explicit concurrent mark sweep GC freed 167(7KB) AllocSpace objects, 0(0B) LOS objects, 7% free, 187MB/203MB, paused 1.217ms total 52.914ms
08-05 15:30:46.627 12513 12513 D CompassActivity: will set rotation from 179.17499 to 179.1435
08-05 15:30:46.628 12513 12513 D CompassActivity: will set rotation from 179.1435 to 179.13232
08-05 15:30:46.648 12513 12792 I art     : Starting a blocking GC Explicit
08-05 15:30:46.652 12513 12513 D CompassActivity: will set rotation from 179.13232 to 179.11469
08-05 15:30:46.653 12513 12513 D CompassActivity: will set rotation from 179.11469 to 179.11041
08-05 15:30:46.670 12513 12513 D CompassActivity: will set rotation from 179.11041 to 179.09204
08-05 15:30:46.671 12513 12513 D CompassActivity: will set rotation from 179.09204 to 179.0987
08-05 15:30:46.688 12513 12513 D CompassActivity: will set rotation from 179.0987 to 179.12964
08-05 15:30:46.689 12513 12513 D CompassActivity: will set rotation from 179.12964 to 179.14331
08-05 15:30:46.704 12513 12792 I art     : Explicit concurrent mark sweep GC freed 158(8KB) AllocSpace objects, 0(0B) LOS objects, 7% free, 187MB/203MB, paused 1.329ms total 55.062ms
08-05 15:30:46.710 12513 12513 D CompassActivity: will set rotation from 179.14331 to 179.14111
08-05 15:30:46.710 12513 12513 D CompassActivity: will set rotation from 179.14111 to 179.14923
08-05 15:30:46.727 12513 12513 D CompassActivity: will set rotation from 179.14923 to 179.117
08-05 15:30:46.728 12513 12513 D CompassActivity: will set rotation from 179.117 to 179.1178
08-05 15:30:46.747 12513 12513 D CompassActivity: will set rotation from 179.1178 to 179.10254
08-05 15:30:46.748 12513 12513 D CompassActivity: will set rotation from 179.10254 to 179.09558
08-05 15:30:46.768 12513 12513 D CompassActivity: will set rotation from 179.09558 to 179.08203
08-05 15:30:46.768 12513 12513 D CompassActivity: will set rotation from 179.08203 to 179.07233
08-05 15:30:46.787 12513 12513 D CompassActivity: will set rotation from 179.07233 to 179.07373
08-05 15:30:46.788 12513 12513 D CompassActivity: will set rotation from 179.07373 to 179.06836
08-05 15:30:46.809 12513 12513 D CompassActivity: will set rotation from 179.06836 to 179.08612
08-05 15:30:46.809 12513 12513 D CompassActivity: will set rotation from 179.08612 to 179.08752
08-05 15:30:46.827 12513 12513 D CompassActivity: will set rotation from 179.08752 to 179.11823
08-05 15:30:46.828 12513 12513 D CompassActivity: will set rotation from 179.11823 to 179.1239
08-05 15:30:46.848 12513 12513 D CompassActivity: will set rotation from 179.1239 to 179.15399
08-05 15:30:46.849 12513 12513 D CompassActivity: will set rotation from 179.15399 to 179.16034
08-05 15:30:46.861 14085 14085 D AndroidRuntime: >>>>>> START com.android.internal.os.RuntimeInit uid 2000 <<<<<<
08-05 15:30:46.869 14085 14085 D AndroidRuntime: CheckJNI is OFF
08-05 15:30:46.869 12513 12513 D CompassActivity: will set rotation from 179.16034 to 179.1571
08-05 15:30:46.870 12513 12513 D CompassActivity: will set rotation from 179.1571 to 179.16058
08-05 15:30:46.889 12513 12513 D CompassActivity: will set rotation from 179.16058 to 179.1737
08-05 15:30:46.889 12513 12513 D CompassActivity: will set rotation from 179.1737 to 179.17072
08-05 15:30:46.908 12513 12513 D CompassActivity: will set rotation from 179.17072 to 179.18384
08-05 15:30:46.909 12513 12513 D CompassActivity: will set rotation from 179.18384 to 179.177
08-05 15:30:46.923 14085 14085 D ICU     : No timezone override file found: /data/misc/zoneinfo/current/icu/icu_tzdata.dat
08-05 15:30:46.927 12513 12513 D CompassActivity: will set rotation from 179.177 to 179.1737
08-05 15:30:46.928 12513 12513 D CompassActivity: will set rotation from 179.1737 to 179.16907
08-05 15:30:46.947 12513 12513 D CompassActivity: will set rotation from 179.16907 to 179.16577
08-05 15:30:46.948 12513 12513 D CompassActivity: will set rotation from 179.16577 to 179.16553
08-05 15:30:46.968 12513 12513 D CompassActivity: will set rotation from 179.16553 to 179.19238
08-05 15:30:46.968 12513 12513 D CompassActivity: will set rotation from 179.19238 to 179.19641
08-05 15:30:46.983 14085 14085 I Radio-JNI: register_android_hardware_Radio DONE
08-05 15:30:46.986 12513 12513 D CompassActivity: will set rotation from 179.19641 to 179.19586
08-05 15:30:46.987 12513 12513 D CompassActivity: will set rotation from 179.19586 to 179.19849
08-05 15:30:47.005 12513 12513 D CompassActivity: will set rotation from 179.19849 to 179.20917
08-05 15:30:47.005 12513 12513 D CompassActivity: will set rotation from 179.20917 to 179.21118
08-05 15:30:47.012 14085 14085 D AndroidRuntime: Calling main entry com.android.commands.input.Input
08-05 15:30:47.015 14085 14085 I Input   : injectKeyEvent: KeyEvent { action=ACTION_DOWN, keyCode=KEYCODE_BACK, scanCode=0, metaState=0, flags=0x0, repeatCount=0, eventTime=804663428, downTime=804663428, deviceId=-1, source=0x101 }
08-05 15:30:47.020 14085 14085 I Input   : injectKeyEvent: KeyEvent { action=ACTION_UP, keyCode=KEYCODE_BACK, scanCode=0, metaState=0, flags=0x0, repeatCount=0, eventTime=804663428, downTime=804663428, deviceId=-1, source=0x101 }
08-05 15:30:47.025 14085 14085 D AndroidRuntime: Shutting down VM
08-05 15:30:47.026 12513 12513 D CompassActivity: will set rotation from 179.21118 to 179.2215
08-05 15:30:47.026 12513 12513 D CompassActivity: will set rotation from 179.2215 to 179.22119
08-05 15:30:47.032   918  3714 I sensors : activate
08-05 15:30:47.033   918   929 I sensors : activate
08-05 15:30:47.038   918  3188 I hubconnection: sensorhub said: 'activate 1 enable:0'
08-05 15:30:47.039   918  3188 I hubconnection: sensorhub said: 'activate 3 enable:0'
08-05 15:30:47.065 12513 12513 V MainActivity: url = https://project-travel-mate.herokuapp.com/api/number-of-unread-notifications
08-05 15:30:47.140 12513 12792 I art     : Starting a blocking GC Explicit
08-05 15:30:47.184 12513 12792 I art     : Explicit concurrent mark sweep GC freed 2362(133KB) AllocSpace objects, 2(36KB) LOS objects, 7% free, 187MB/203MB, paused 1.505ms total 43.301ms
08-05 15:30:47.185 13866 13866 I GoogleInputMethodServic: GoogleInputMethodService.onFinishInput():3138 
08-05 15:30:47.185 13866 13866 I GoogleInputMethodServic: GoogleInputMethodService.onStartInput():1808 
08-05 15:30:47.200 12513 12792 I art     : Starting a blocking GC Explicit
08-05 15:30:47.241 12513 12792 I art     : Explicit concurrent mark sweep GC freed 612(23KB) AllocSpace objects, 0(0B) LOS objects, 7% free, 187MB/203MB, paused 1.128ms total 40.166ms
08-05 15:30:47.257 12513 12792 I art     : Starting a blocking GC Explicit
08-05 15:30:47.295 12513 12792 I art     : Explicit concurrent mark sweep GC freed 47(2096B) AllocSpace objects, 0(0B) LOS objects, 7% free, 187MB/203MB, paused 1.065ms total 37.639ms
08-05 15:30:47.314 12513 12792 I art     : Starting a blocking GC Explicit
08-05 15:30:47.354 12513 12792 I art     : Explicit concurrent mark sweep GC freed 7(288B) AllocSpace objects, 0(0B) LOS objects, 7% free, 187MB/203MB, paused 1.068ms total 39.795ms
08-05 15:30:47.370 12513 12792 I art     : Starting a blocking GC Explicit
08-05 15:30:47.410 12513 12792 I art     : Explicit concurrent mark sweep GC freed 3(96B) AllocSpace objects, 0(0B) LOS objects, 7% free, 187MB/203MB, paused 1.016ms total 39.695ms
08-05 15:30:47.448 12513 12513 D CompassActivity: stop compass
08-05 15:30:47.449   380   380 W SurfaceFlinger: couldn't log to binary event log: overflow.
08-05 15:30:47.816 12513 12526 I art     : Starting a blocking GC Explicit
08-05 15:30:47.878 12513 12526 I art     : Explicit concurrent mark sweep GC freed 2662(165KB) AllocSpace objects, 4(156KB) LOS objects, 7% free, 187MB/203MB, paused 1.827ms total 62.257ms
08-05 15:30:47.899 12513 12526 I art     : Starting a blocking GC Explicit
08-05 15:30:47.933 12513 14108 I NAPPA_EXPERIMENTATION: MetricNetworkRequestExecutionTime: REQUEST_DURATION_SYSTEM='866',REQUEST_DURATION_OKHTTP='38',REQUEST_SYNCHRONOUS='FALSE',RESPONSE_CODE='200',RESPONSE_METHOD='GET',RESPONSE_LENGTH_OKHTTP='36',RESPONSE_LENGTH_HEADER='36',REQUEST_PROTOCOL='http/1.1',REQUEST_URL='https://project-travel-mate.herokuapp.com/api/number-of-unread-notifications',
08-05 15:30:47.957   918  3261 D WifiStateMachine: starting scan for "H369AA63323"WPA_PSK with 2412,5180
08-05 15:30:47.960 12513 12526 I art     : Explicit concurrent mark sweep GC freed 3666(240KB) AllocSpace objects, 4(52MB) LOS objects, 10% free, 135MB/151MB, paused 1.137ms total 61.235ms
08-05 15:30:47.978 12513 12526 I art     : Starting a blocking GC Explicit
08-05 15:30:48.022 12513 12526 I art     : Explicit concurrent mark sweep GC freed 294(31KB) AllocSpace objects, 0(0B) LOS objects, 10% free, 135MB/151MB, paused 1.120ms total 44.267ms
08-05 15:30:48.039 12513 12526 I art     : Starting a blocking GC Explicit
08-05 15:30:48.084 12513 12526 I art     : Explicit concurrent mark sweep GC freed 87(3KB) AllocSpace objects, 0(0B) LOS objects, 10% free, 135MB/151MB, paused 1.099ms total 44.795ms
08-05 15:30:48.102 12513 12526 I art     : Starting a blocking GC Explicit
08-05 15:30:48.147 12513 12526 I art     : Explicit concurrent mark sweep GC freed 3(96B) AllocSpace objects, 0(0B) LOS objects, 10% free, 135MB/151MB, paused 1.084ms total 44.342ms
08-05 15:30:48.526 12513 12531 I art     : Starting a blocking GC Explicit
08-05 15:30:48.581 12513 12531 I art     : Explicit concurrent mark sweep GC freed 1614(92KB) AllocSpace objects, 2(36KB) LOS objects, 10% free, 135MB/151MB, paused 1.268ms total 54.538ms
08-05 15:30:48.600 12513 12531 I art     : Starting a blocking GC Explicit
08-05 15:30:48.644 12513 12531 I art     : Explicit concurrent mark sweep GC freed 28(1024B) AllocSpace objects, 0(0B) LOS objects, 10% free, 135MB/151MB, paused 1.113ms total 44.392ms
08-05 15:30:48.662 12513 12531 I art     : Starting a blocking GC Explicit
08-05 15:30:48.708 12513 12531 I art     : Explicit concurrent mark sweep GC freed 4(128B) AllocSpace objects, 0(0B) LOS objects, 10% free, 135MB/151MB, paused 1.156ms total 45.526ms
08-05 15:30:48.726 12513 12531 I art     : Starting a blocking GC Explicit
08-05 15:30:48.766 12513 12531 I art     : Explicit concurrent mark sweep GC freed 6(192B) AllocSpace objects, 0(0B) LOS objects, 10% free, 135MB/151MB, paused 1.051ms total 39.150ms
08-05 15:30:48.782 12513 12531 I art     : Starting a blocking GC Explicit
08-05 15:30:48.815 14121 14121 D AndroidRuntime: >>>>>> START com.android.internal.os.RuntimeInit uid 2000 <<<<<<
08-05 15:30:48.820 14121 14121 D AndroidRuntime: CheckJNI is OFF
08-05 15:30:48.822 12513 12531 I art     : Explicit concurrent mark sweep GC freed 22(976B) AllocSpace objects, 0(0B) LOS objects, 10% free, 135MB/151MB, paused 1.065ms total 39.266ms
08-05 15:30:48.861 14121 14121 D ICU     : No timezone override file found: /data/misc/zoneinfo/current/icu/icu_tzdata.dat
08-05 15:30:48.906 14121 14121 I Radio-JNI: register_android_hardware_Radio DONE
08-05 15:30:48.936 14121 14121 D AndroidRuntime: Calling main entry com.android.commands.input.Input
08-05 15:30:48.938 14121 14121 I Input   : injectMotionEvent: MotionEvent { action=ACTION_DOWN, actionButton=0, id[0]=0, x[0]=500.0, y[0]=2000.0, toolType[0]=TOOL_TYPE_UNKNOWN, buttonState=0, metaState=0, flags=0x0, edgeFlags=0x0, pointerCount=1, historySize=0, eventTime=804665351, downTime=804665351, deviceId=0, source=0x1002 }
08-05 15:30:48.944 14121 14121 I Input   : injectMotionEvent: MotionEvent { action=ACTION_MOVE, actionButton=0, id[0]=0, x[0]=500.0, y[0]=2000.0, toolType[0]=TOOL_TYPE_UNKNOWN, buttonState=0, metaState=0, flags=0x0, edgeFlags=0x0, pointerCount=1, historySize=0, eventTime=804665351, downTime=804665351, deviceId=0, source=0x1002 }
08-05 15:30:48.951 14121 14121 I Input   : injectMotionEvent: MotionEvent { action=ACTION_MOVE, actionButton=0, id[0]=0, x[0]=500.0, y[0]=1973.4, toolType[0]=TOOL_TYPE_UNKNOWN, buttonState=0, metaState=0, flags=0x0, edgeFlags=0x0, pointerCount=1, historySize=0, eventTime=804665365, downTime=804665365, deviceId=0, source=0x1002 }
08-05 15:30:48.968 14121 14121 I Input   : injectMotionEvent: MotionEvent { action=ACTION_MOVE, actionButton=0, id[0]=0, x[0]=500.0, y[0]=1941.1, toolType[0]=TOOL_TYPE_UNKNOWN, buttonState=0, metaState=0, flags=0x0, edgeFlags=0x0, pointerCount=1, historySize=0, eventTime=804665382, downTime=804665382, deviceId=0, source=0x1002 }
08-05 15:30:48.992 14121 14121 I Input   : injectMotionEvent: MotionEvent { action=ACTION_MOVE, actionButton=0, id[0]=0, x[0]=500.0, y[0]=1897.4, toolType[0]=TOOL_TYPE_UNKNOWN, buttonState=0, metaState=0, flags=0x0, edgeFlags=0x0, pointerCount=1, historySize=0, eventTime=804665405, downTime=804665405, deviceId=0, source=0x1002 }
08-05 15:30:49.003 14121 14121 I Input   : injectMotionEvent: MotionEvent { action=ACTION_MOVE, actionButton=0, id[0]=0, x[0]=500.0, y[0]=1876.5, toolType[0]=TOOL_TYPE_UNKNOWN, buttonState=0, metaState=0, flags=0x0, edgeFlags=0x0, pointerCount=1, historySize=0, eventTime=804665416, downTime=804665416, deviceId=0, source=0x1002 }
08-05 15:30:49.018 14121 14121 I Input   : injectMotionEvent: MotionEvent { action=ACTION_MOVE, actionButton=0, id[0]=0, x[0]=500.0, y[0]=1846.1, toolType[0]=TOOL_TYPE_UNKNOWN, buttonState=0, metaState=0, flags=0x0, edgeFlags=0x0, pointerCount=1, historySize=0, eventTime=804665432, downTime=804665432, deviceId=0, source=0x1002 }
08-05 15:30:49.035 14121 14121 I Input   : injectMotionEvent: MotionEvent { action=ACTION_MOVE, actionButton=0, id[0]=0, x[0]=500.0, y[0]=1815.7, toolType[0]=TOOL_TYPE_UNKNOWN, buttonState=0, metaState=0, flags=0x0, edgeFlags=0x0, pointerCount=1, historySize=0, eventTime=804665448, downTime=804665448, deviceId=0, source=0x1002 }
08-05 15:30:49.051 14121 14121 I Input   : injectMotionEvent: MotionEvent { action=ACTION_MOVE, actionButton=0, id[0]=0, x[0]=500.0, y[0]=1785.3, toolType[0]=TOOL_TYPE_UNKNOWN, buttonState=0, metaState=0, flags=0x0, edgeFlags=0x0, pointerCount=1, historySize=0, eventTime=804665464, downTime=804665464, deviceId=0, source=0x1002 }
08-05 15:30:49.067 14121 14121 I Input   : injectMotionEvent: MotionEvent { action=ACTION_MOVE, actionButton=0, id[0]=0, x[0]=500.0, y[0]=1753.0, toolType[0]=TOOL_TYPE_UNKNOWN, buttonState=0, metaState=0, flags=0x0, edgeFlags=0x0, pointerCount=1, historySize=0, eventTime=804665481, downTime=804665481, deviceId=0, source=0x1002 }
08-05 15:30:49.084 14121 14121 I Input   : injectMotionEvent: MotionEvent { action=ACTION_MOVE, actionButton=0, id[0]=0, x[0]=500.0, y[0]=1720.7, toolType[0]=TOOL_TYPE_UNKNOWN, buttonState=0, metaState=0, flags=0x0, edgeFlags=0x0, pointerCount=1, historySize=0, eventTime=804665498, downTime=804665498, deviceId=0, source=0x1002 }
08-05 15:30:49.101 14121 14121 I Input   : injectMotionEvent: MotionEvent { action=ACTION_MOVE, actionButton=0, id[0]=0, x[0]=500.0, y[0]=1690.3, toolType[0]=TOOL_TYPE_UNKNOWN, buttonState=0, metaState=0, flags=0x0, edgeFlags=0x0, pointerCount=1, historySize=0, eventTime=804665514, downTime=804665514, deviceId=0, source=0x1002 }
08-05 15:30:49.118 14121 14121 I Input   : injectMotionEvent: MotionEvent { action=ACTION_MOVE, actionButton=0, id[0]=0, x[0]=500.0, y[0]=1658.0, toolType[0]=TOOL_TYPE_UNKNOWN, buttonState=0, metaState=0, flags=0x0, edgeFlags=0x0, pointerCount=1, historySize=0, eventTime=804665531, downTime=804665531, deviceId=0, source=0x1002 }
08-05 15:30:49.135 14121 14121 I Input   : injectMotionEvent: MotionEvent { action=ACTION_MOVE, actionButton=0, id[0]=0, x[0]=500.0, y[0]=1625.7, toolType[0]=TOOL_TYPE_UNKNOWN, buttonState=0, metaState=0, flags=0x0, edgeFlags=0x0, pointerCount=1, historySize=0, eventTime=804665548, downTime=804665548, deviceId=0, source=0x1002 }
08-05 15:30:49.151 14121 14121 I Input   : injectMotionEvent: MotionEvent { action=ACTION_MOVE, actionButton=0, id[0]=0, x[0]=500.0, y[0]=1595.3, toolType[0]=TOOL_TYPE_UNKNOWN, buttonState=0, metaState=0, flags=0x0, edgeFlags=0x0, pointerCount=1, historySize=0, eventTime=804665564, downTime=804665564, deviceId=0, source=0x1002 }
08-05 15:30:49.168 14121 14121 I Input   : injectMotionEvent: MotionEvent { action=ACTION_MOVE, actionButton=0, id[0]=0, x[0]=500.0, y[0]=1561.1, toolType[0]=TOOL_TYPE_UNKNOWN, buttonState=0, metaState=0, flags=0x0, edgeFlags=0x0, pointerCount=1, historySize=0, eventTime=804665582, downTime=804665582, deviceId=0, source=0x1002 }
08-05 15:30:49.184 14121 14121 I Input   : injectMotionEvent: MotionEvent { action=ACTION_MOVE, actionButton=0, id[0]=0, x[0]=500.0, y[0]=1530.7, toolType[0]=TOOL_TYPE_UNKNOWN, buttonState=0, metaState=0, flags=0x0, edgeFlags=0x0, pointerCount=1, historySize=0, eventTime=804665598, downTime=804665598, deviceId=0, source=0x1002 }
08-05 15:30:49.202 14121 14121 I Input   : injectMotionEvent: MotionEvent { action=ACTION_MOVE, actionButton=0, id[0]=0, x[0]=500.0, y[0]=1498.4, toolType[0]=TOOL_TYPE_UNKNOWN, buttonState=0, metaState=0, flags=0x0, edgeFlags=0x0, pointerCount=1, historySize=0, eventTime=804665615, downTime=804665615, deviceId=0, source=0x1002 }
08-05 15:30:49.204 12513 12526 I art     : Starting a blocking GC Explicit
08-05 15:30:49.220 14121 14121 I Input   : injectMotionEvent: MotionEvent { action=ACTION_MOVE, actionButton=0, id[0]=0, x[0]=500.0, y[0]=1464.2, toolType[0]=TOOL_TYPE_UNKNOWN, buttonState=0, metaState=0, flags=0x0, edgeFlags=0x0, pointerCount=1, historySize=0, eventTime=804665633, downTime=804665633, deviceId=0, source=0x1002 }
08-05 15:30:49.235 14121 14121 I Input   : injectMotionEvent: MotionEvent { action=ACTION_MOVE, actionButton=0, id[0]=0, x[0]=500.0, y[0]=1435.7, toolType[0]=TOOL_TYPE_UNKNOWN, buttonState=0, metaState=0, flags=0x0, edgeFlags=0x0, pointerCount=1, historySize=0, eventTime=804665648, downTime=804665648, deviceId=0, source=0x1002 }
08-05 15:30:49.250 12513 12526 I art     : Explicit concurrent mark sweep GC freed 1670(95KB) AllocSpace objects, 2(36KB) LOS objects, 10% free, 135MB/151MB, paused 1.202ms total 45.894ms
08-05 15:30:49.252 14121 14121 I Input   : injectMotionEvent: MotionEvent { action=ACTION_MOVE, actionButton=0, id[0]=0, x[0]=500.0, y[0]=1403.3999, toolType[0]=TOOL_TYPE_UNKNOWN, buttonState=0, metaState=0, flags=0x0, edgeFlags=0x0, pointerCount=1, historySize=0, eventTime=804665665, downTime=804665665, deviceId=0, source=0x1002 }
08-05 15:30:49.267 12513 12526 I art     : Starting a blocking GC Explicit
08-05 15:30:49.277 14121 14121 I Input   : injectMotionEvent: MotionEvent { action=ACTION_MOVE, actionButton=0, id[0]=0, x[0]=500.0, y[0]=1355.9, toolType[0]=TOOL_TYPE_UNKNOWN, buttonState=0, metaState=0, flags=0x0, edgeFlags=0x0, pointerCount=1, historySize=0, eventTime=804665690, downTime=804665690, deviceId=0, source=0x1002 }
08-05 15:30:49.286 14121 14121 I Input   : injectMotionEvent: MotionEvent { action=ACTION_MOVE, actionButton=0, id[0]=0, x[0]=500.0, y[0]=1336.8999, toolType[0]=TOOL_TYPE_UNKNOWN, buttonState=0, metaState=0, flags=0x0, edgeFlags=0x0, pointerCount=1, historySize=0, eventTime=804665700, downTime=804665700, deviceId=0, source=0x1002 }
08-05 15:30:49.303 14121 14121 I Input   : injectMotionEvent: MotionEvent { action=ACTION_MOVE, actionButton=0, id[0]=0, x[0]=500.0, y[0]=1306.5, toolType[0]=TOOL_TYPE_UNKNOWN, buttonState=0, metaState=0, flags=0x0, edgeFlags=0x0, pointerCount=1, historySize=0, eventTime=804665716, downTime=804665716, deviceId=0, source=0x1002 }
08-05 15:30:49.319 12513 12526 I art     : Explicit concurrent mark sweep GC freed 49(1984B) AllocSpace objects, 0(0B) LOS objects, 10% free, 135MB/151MB, paused 1.212ms total 51.984ms
08-05 15:30:49.320 14121 14121 I Input   : injectMotionEvent: MotionEvent { action=ACTION_MOVE, actionButton=0, id[0]=0, x[0]=500.0, y[0]=1274.2, toolType[0]=TOOL_TYPE_UNKNOWN, buttonState=0, metaState=0, flags=0x0, edgeFlags=0x0, pointerCount=1, historySize=0, eventTime=804665733, downTime=804665733, deviceId=0, source=0x1002 }
08-05 15:30:49.337 14121 14121 I Input   : injectMotionEvent: MotionEvent { action=ACTION_MOVE, actionButton=0, id[0]=0, x[0]=500.0, y[0]=1241.9, toolType[0]=TOOL_TYPE_UNKNOWN, buttonState=0, metaState=0, flags=0x0, edgeFlags=0x0, pointerCount=1, historySize=0, eventTime=804665750, downTime=804665750, deviceId=0, source=0x1002 }
08-05 15:30:49.337 12513 12526 I art     : Starting a blocking GC Explicit
08-05 15:30:49.353 14121 14121 I Input   : injectMotionEvent: MotionEvent { action=ACTION_MOVE, actionButton=0, id[0]=0, x[0]=500.0, y[0]=1209.6, toolType[0]=TOOL_TYPE_UNKNOWN, buttonState=0, metaState=0, flags=0x0, edgeFlags=0x0, pointerCount=1, historySize=0, eventTime=804665767, downTime=804665767, deviceId=0, source=0x1002 }
08-05 15:30:49.381 12513 12526 I art     : Explicit concurrent mark sweep GC freed 10(336B) AllocSpace objects, 0(0B) LOS objects, 10% free, 135MB/151MB, paused 1.048ms total 43.811ms
08-05 15:30:49.414 12513 12526 I art     : Starting a blocking GC Explicit
08-05 15:30:49.422 14121 14121 I Input   : injectMotionEvent: MotionEvent { action=ACTION_MOVE, actionButton=0, id[0]=0, x[0]=500.0, y[0]=1080.4, toolType[0]=TOOL_TYPE_UNKNOWN, buttonState=0, metaState=0, flags=0x0, edgeFlags=0x0, pointerCount=1, historySize=0, eventTime=804665835, downTime=804665835, deviceId=0, source=0x1002 }
08-05 15:30:49.458 12513 12526 I art     : Explicit concurrent mark sweep GC freed 3(96B) AllocSpace objects, 0(0B) LOS objects, 10% free, 135MB/151MB, paused 1.308ms total 43.941ms
08-05 15:30:49.480 12513 12526 I art     : Starting a blocking GC Explicit
08-05 15:30:49.483 14121 14121 I Input   : injectMotionEvent: MotionEvent { action=ACTION_MOVE, actionButton=0, id[0]=0, x[0]=500.0, y[0]=962.6, toolType[0]=TOOL_TYPE_UNKNOWN, buttonState=0, metaState=0, flags=0x0, edgeFlags=0x0, pointerCount=1, historySize=0, eventTime=804665897, downTime=804665897, deviceId=0, source=0x1002 }
08-05 15:30:49.519 12513 12526 I art     : Explicit concurrent mark sweep GC freed 34(928B) AllocSpace objects, 0(0B) LOS objects, 10% free, 135MB/151MB, paused 1.243ms total 39.133ms
08-05 15:30:49.549 14121 14121 I Input   : injectMotionEvent: MotionEvent { action=ACTION_MOVE, actionButton=0, id[0]=0, x[0]=500.0, y[0]=837.2001, toolType[0]=TOOL_TYPE_UNKNOWN, buttonState=0, metaState=0, flags=0x0, edgeFlags=0x0, pointerCount=1, historySize=0, eventTime=804665963, downTime=804665963, deviceId=0, source=0x1002 }
08-05 15:30:49.608 14121 14121 I Input   : injectMotionEvent: MotionEvent { action=ACTION_MOVE, actionButton=0, id[0]=0, x[0]=500.0, y[0]=727.0, toolType[0]=TOOL_TYPE_UNKNOWN, buttonState=0, metaState=0, flags=0x0, edgeFlags=0x0, pointerCount=1, historySize=0, eventTime=804666021, downTime=804666021, deviceId=0, source=0x1002 }
08-05 15:30:49.664 14121 14121 I Input   : injectMotionEvent: MotionEvent { action=ACTION_MOVE, actionButton=0, id[0]=0, x[0]=500.0, y[0]=620.6, toolType[0]=TOOL_TYPE_UNKNOWN, buttonState=0, metaState=0, flags=0x0, edgeFlags=0x0, pointerCount=1, historySize=0, eventTime=804666077, downTime=804666077, deviceId=0, source=0x1002 }
08-05 15:30:49.723 14121 14121 I Input   : injectMotionEvent: MotionEvent { action=ACTION_MOVE, actionButton=0, id[0]=0, x[0]=500.0, y[0]=508.5, toolType[0]=TOOL_TYPE_UNKNOWN, buttonState=0, metaState=0, flags=0x0, edgeFlags=0x0, pointerCount=1, historySize=0, eventTime=804666136, downTime=804666136, deviceId=0, source=0x1002 }
08-05 15:30:49.787 14121 14121 I Input   : injectMotionEvent: MotionEvent { action=ACTION_MOVE, actionButton=0, id[0]=0, x[0]=500.0, y[0]=385.0, toolType[0]=TOOL_TYPE_UNKNOWN, buttonState=0, metaState=0, flags=0x0, edgeFlags=0x0, pointerCount=1, historySize=0, eventTime=804666201, downTime=804666201, deviceId=0, source=0x1002 }
08-05 15:30:49.884 14121 14121 I Input   : injectMotionEvent: MotionEvent { action=ACTION_MOVE, actionButton=0, id[0]=0, x[0]=500.0, y[0]=202.6001, toolType[0]=TOOL_TYPE_UNKNOWN, buttonState=0, metaState=0, flags=0x0, edgeFlags=0x0, pointerCount=1, historySize=0, eventTime=804666297, downTime=804666297, deviceId=0, source=0x1002 }
08-05 15:30:49.902 12513 12531 I art     : Starting a blocking GC Explicit
08-05 15:30:49.921 14121 14121 I Input   : injectMotionEvent: MotionEvent { action=ACTION_MOVE, actionButton=0, id[0]=0, x[0]=500.0, y[0]=132.30005, toolType[0]=TOOL_TYPE_UNKNOWN, buttonState=0, metaState=0, flags=0x0, edgeFlags=0x0, pointerCount=1, historySize=0, eventTime=804666334, downTime=804666334, deviceId=0, source=0x1002 }
08-05 15:30:49.943 12513 12531 I art     : Explicit concurrent mark sweep GC freed 1606(93KB) AllocSpace objects, 2(36KB) LOS objects, 10% free, 135MB/151MB, paused 1.214ms total 41.245ms
08-05 15:30:49.959 14121 14121 I Input   : injectMotionEvent: MotionEvent { action=ACTION_UP, actionButton=0, id[0]=0, x[0]=500.0, y[0]=100.0, toolType[0]=TOOL_TYPE_UNKNOWN, buttonState=0, metaState=0, flags=0x0, edgeFlags=0x0, pointerCount=1, historySize=0, eventTime=804666373, downTime=804666373, deviceId=0, source=0x1002 }
08-05 15:30:49.963 12513 12531 I art     : Starting a blocking GC Explicit
08-05 15:30:50.011 12513 12531 I art     : Explicit concurrent mark sweep GC freed 41(1664B) AllocSpace objects, 0(0B) LOS objects, 10% free, 135MB/151MB, paused 6.015ms total 47.428ms
08-05 15:30:50.016 14121 14121 D AndroidRuntime: Shutting down VM
08-05 15:30:50.027 12513 12531 I art     : Starting a blocking GC Explicit
08-05 15:30:50.067 12513 12531 I art     : Explicit concurrent mark sweep GC freed 11(352B) AllocSpace objects, 0(0B) LOS objects, 10% free, 135MB/151MB, paused 1.132ms total 39.915ms
08-05 15:30:50.084 12513 12531 I art     : Starting a blocking GC Explicit
08-05 15:30:50.126 12513 12531 I art     : Explicit concurrent mark sweep GC freed 5(160B) AllocSpace objects, 0(0B) LOS objects, 10% free, 135MB/151MB, paused 1.059ms total 41.657ms
08-05 15:30:50.142 12513 12531 I art     : Starting a blocking GC Explicit
08-05 15:30:50.182 12513 12531 I art     : Explicit concurrent mark sweep GC freed 3(96B) AllocSpace objects, 0(0B) LOS objects, 10% free, 135MB/151MB, paused 1.232ms total 39.229ms
08-05 15:30:50.548 12513 12531 I art     : Starting a blocking GC Explicit
08-05 15:30:50.586 12513 12531 I art     : Explicit concurrent mark sweep GC freed 1664(95KB) AllocSpace objects, 2(36KB) LOS objects, 10% free, 135MB/151MB, paused 994us total 37.542ms
08-05 15:30:50.602 12513 12531 I art     : Starting a blocking GC Explicit
08-05 15:30:50.644 12513 12531 I art     : Explicit concurrent mark sweep GC freed 30(1088B) AllocSpace objects, 0(0B) LOS objects, 10% free, 135MB/151MB, paused 1.037ms total 41.864ms
08-05 15:30:50.661 12513 12531 I art     : Starting a blocking GC Explicit
08-05 15:30:50.699 12513 12531 I art     : Explicit concurrent mark sweep GC freed 3(96B) AllocSpace objects, 0(0B) LOS objects, 10% free, 135MB/151MB, paused 1.075ms total 38.446ms
08-05 15:30:50.717 12513 12531 I art     : Starting a blocking GC Explicit
08-05 15:30:50.746 14170 14170 D AndroidRuntime: >>>>>> START com.android.internal.os.RuntimeInit uid 2000 <<<<<<
08-05 15:30:50.751 14170 14170 D AndroidRuntime: CheckJNI is OFF
08-05 15:30:50.763 12513 12531 I art     : Explicit concurrent mark sweep GC freed 3(96B) AllocSpace objects, 0(0B) LOS objects, 10% free, 135MB/151MB, paused 1.045ms total 45.619ms
08-05 15:30:50.780 12513 12531 I art     : Starting a blocking GC Explicit
08-05 15:30:50.790 14170 14170 D ICU     : No timezone override file found: /data/misc/zoneinfo/current/icu/icu_tzdata.dat
08-05 15:30:50.822 12513 12531 I art     : Explicit concurrent mark sweep GC freed 3(96B) AllocSpace objects, 0(0B) LOS objects, 10% free, 135MB/151MB, paused 1.089ms total 41.736ms
08-05 15:30:50.830 14170 14170 I Radio-JNI: register_android_hardware_Radio DONE
08-05 15:30:50.858 14170 14170 D AndroidRuntime: Calling main entry com.android.commands.input.Input
08-05 15:30:50.860 14170 14170 I Input   : injectMotionEvent: MotionEvent { action=ACTION_DOWN, actionButton=0, id[0]=0, x[0]=500.0, y[0]=2000.0, toolType[0]=TOOL_TYPE_UNKNOWN, buttonState=0, metaState=0, flags=0x0, edgeFlags=0x0, pointerCount=1, historySize=0, eventTime=804667273, downTime=804667273, deviceId=0, source=0x1002 }
08-05 15:30:50.911 14170 14170 I Input   : injectMotionEvent: MotionEvent { action=ACTION_MOVE, actionButton=0, id[0]=0, x[0]=500.0, y[0]=2000.0, toolType[0]=TOOL_TYPE_UNKNOWN, buttonState=0, metaState=0, flags=0x0, edgeFlags=0x0, pointerCount=1, historySize=0, eventTime=804667273, downTime=804667273, deviceId=0, source=0x1002 }
08-05 15:30:50.919 14170 14170 I Input   : injectMotionEvent: MotionEvent { action=ACTION_MOVE, actionButton=0, id[0]=0, x[0]=500.0, y[0]=1886.0, toolType[0]=TOOL_TYPE_UNKNOWN, buttonState=0, metaState=0, flags=0x0, edgeFlags=0x0, pointerCount=1, historySize=0, eventTime=804667333, downTime=804667333, deviceId=0, source=0x1002 }
08-05 15:30:50.936 14170 14170 I Input   : injectMotionEvent: MotionEvent { action=ACTION_MOVE, actionButton=0, id[0]=0, x[0]=500.0, y[0]=1855.6, toolType[0]=TOOL_TYPE_UNKNOWN, buttonState=0, metaState=0, flags=0x0, edgeFlags=0x0, pointerCount=1, historySize=0, eventTime=804667349, downTime=804667349, deviceId=0, source=0x1002 }
08-05 15:30:50.953 14170 14170 I Input   : injectMotionEvent: MotionEvent { action=ACTION_MOVE, actionButton=0, id[0]=0, x[0]=500.0, y[0]=1823.3, toolType[0]=TOOL_TYPE_UNKNOWN, buttonState=0, metaState=0, flags=0x0, edgeFlags=0x0, pointerCount=1, historySize=0, eventTime=804667366, downTime=804667366, deviceId=0, source=0x1002 }
08-05 15:30:51.049 14170 14170 I Input   : injectMotionEvent: MotionEvent { action=ACTION_MOVE, actionButton=0, id[0]=0, x[0]=500.0, y[0]=1639.0, toolType[0]=TOOL_TYPE_UNKNOWN, buttonState=0, metaState=0, flags=0x0, edgeFlags=0x0, pointerCount=1, historySize=0, eventTime=804667463, downTime=804667463, deviceId=0, source=0x1002 }
08-05 15:30:51.159 14170 14170 I Input   : injectMotionEvent: MotionEvent { action=ACTION_MOVE, actionButton=0, id[0]=0, x[0]=500.0, y[0]=1431.9, toolType[0]=TOOL_TYPE_UNKNOWN, buttonState=0, metaState=0, flags=0x0, edgeFlags=0x0, pointerCount=1, historySize=0, eventTime=804667572, downTime=804667572, deviceId=0, source=0x1002 }
08-05 15:30:51.199 12513 12531 I art     : Starting a blocking GC Explicit
08-05 15:30:51.239 12513 12531 I art     : Explicit concurrent mark sweep GC freed 1597(92KB) AllocSpace objects, 2(36KB) LOS objects, 10% free, 135MB/151MB, paused 1.089ms total 39.301ms
08-05 15:30:51.257 12513 12531 I art     : Starting a blocking GC Explicit
08-05 15:30:51.268 14170 14170 I Input   : injectMotionEvent: MotionEvent { action=ACTION_MOVE, actionButton=0, id[0]=0, x[0]=500.0, y[0]=1224.8, toolType[0]=TOOL_TYPE_UNKNOWN, buttonState=0, metaState=0, flags=0x0, edgeFlags=0x0, pointerCount=1, historySize=0, eventTime=804667681, downTime=804667681, deviceId=0, source=0x1002 }
08-05 15:30:51.310 12513 12531 I art     : Explicit concurrent mark sweep GC freed 31(1120B) AllocSpace objects, 0(0B) LOS objects, 10% free, 135MB/151MB, paused 1.359ms total 52.971ms
08-05 15:30:51.311 14170 14170 I Input   : injectMotionEvent: MotionEvent { action=ACTION_MOVE, actionButton=0, id[0]=0, x[0]=500.0, y[0]=1141.2, toolType[0]=TOOL_TYPE_UNKNOWN, buttonState=0, metaState=0, flags=0x0, edgeFlags=0x0, pointerCount=1, historySize=0, eventTime=804667725, downTime=804667725, deviceId=0, source=0x1002 }
08-05 15:30:51.327 12513 12531 I art     : Starting a blocking GC Explicit
08-05 15:30:51.352 14170 14170 I Input   : injectMotionEvent: MotionEvent { action=ACTION_MOVE, actionButton=0, id[0]=0, x[0]=500.0, y[0]=1065.2, toolType[0]=TOOL_TYPE_UNKNOWN, buttonState=0, metaState=0, flags=0x0, edgeFlags=0x0, pointerCount=1, historySize=0, eventTime=804667765, downTime=804667765, deviceId=0, source=0x1002 }
08-05 15:30:51.367 12513 12531 I art     : Explicit concurrent mark sweep GC freed 3(96B) AllocSpace objects, 0(0B) LOS objects, 10% free, 135MB/151MB, paused 1.056ms total 39.635ms
08-05 15:30:51.385 12513 12531 I art     : Starting a blocking GC Explicit
08-05 15:30:51.393 14170 14170 I Input   : injectMotionEvent: MotionEvent { action=ACTION_MOVE, actionButton=0, id[0]=0, x[0]=500.0, y[0]=987.3, toolType[0]=TOOL_TYPE_UNKNOWN, buttonState=0, metaState=0, flags=0x0, edgeFlags=0x0, pointerCount=1, historySize=0, eventTime=804667806, downTime=804667806, deviceId=0, source=0x1002 }
08-05 15:30:51.426 12513 12531 I art     : Explicit concurrent mark sweep GC freed 3(96B) AllocSpace objects, 0(0B) LOS objects, 10% free, 135MB/151MB, paused 1.242ms total 40.988ms
08-05 15:30:51.426 12513 12523 I art     : WaitForGcToComplete blocked for 13.175ms for cause HeapTrim
08-05 15:30:51.433 14170 14170 I Input   : injectMotionEvent: MotionEvent { action=ACTION_MOVE, actionButton=0, id[0]=0, x[0]=500.0, y[0]=911.2999, toolType[0]=TOOL_TYPE_UNKNOWN, buttonState=0, metaState=0, flags=0x0, edgeFlags=0x0, pointerCount=1, historySize=0, eventTime=804667846, downTime=804667846, deviceId=0, source=0x1002 }
08-05 15:30:51.443 12513 12531 I art     : Starting a blocking GC Explicit
08-05 15:30:51.474 14170 14170 I Input   : injectMotionEvent: MotionEvent { action=ACTION_MOVE, actionButton=0, id[0]=0, x[0]=500.0, y[0]=833.3999, toolType[0]=TOOL_TYPE_UNKNOWN, buttonState=0, metaState=0, flags=0x0, edgeFlags=0x0, pointerCount=1, historySize=0, eventTime=804667887, downTime=804667887, deviceId=0, source=0x1002 }
08-05 15:30:51.485 12513 12531 I art     : Explicit concurrent mark sweep GC freed 33(896B) AllocSpace objects, 0(0B) LOS objects, 10% free, 135MB/151MB, paused 1.065ms total 41.545ms
08-05 15:30:51.514 14170 14170 I Input   : injectMotionEvent: MotionEvent { action=ACTION_MOVE, actionButton=0, id[0]=0, x[0]=500.0, y[0]=755.5, toolType[0]=TOOL_TYPE_UNKNOWN, buttonState=0, metaState=0, flags=0x0, edgeFlags=0x0, pointerCount=1, historySize=0, eventTime=804667928, downTime=804667928, deviceId=0, source=0x1002 }
08-05 15:30:51.555 14170 14170 I Input   : injectMotionEvent: MotionEvent { action=ACTION_MOVE, actionButton=0, id[0]=0, x[0]=500.0, y[0]=679.5, toolType[0]=TOOL_TYPE_UNKNOWN, buttonState=0, metaState=0, flags=0x0, edgeFlags=0x0, pointerCount=1, historySize=0, eventTime=804667968, downTime=804667968, deviceId=0, source=0x1002 }
08-05 15:30:51.594 14170 14170 I Input   : injectMotionEvent: MotionEvent { action=ACTION_MOVE, actionButton=0, id[0]=0, x[0]=500.0, y[0]=603.5, toolType[0]=TOOL_TYPE_UNKNOWN, buttonState=0, metaState=0, flags=0x0, edgeFlags=0x0, pointerCount=1, historySize=0, eventTime=804668008, downTime=804668008, deviceId=0, source=0x1002 }
08-05 15:30:51.633 14170 14170 I Input   : injectMotionEvent: MotionEvent { action=ACTION_MOVE, actionButton=0, id[0]=0, x[0]=500.0, y[0]=531.30005, toolType[0]=TOOL_TYPE_UNKNOWN, buttonState=0, metaState=0, flags=0x0, edgeFlags=0x0, pointerCount=1, historySize=0, eventTime=804668046, downTime=804668046, deviceId=0, source=0x1002 }
08-05 15:30:51.672 14170 14170 I Input   : injectMotionEvent: MotionEvent { action=ACTION_MOVE, actionButton=0, id[0]=0, x[0]=500.0, y[0]=455.29993, toolType[0]=TOOL_TYPE_UNKNOWN, buttonState=0, metaState=0, flags=0x0, edgeFlags=0x0, pointerCount=1, historySize=0, eventTime=804668086, downTime=804668086, deviceId=0, source=0x1002 }
08-05 15:30:51.721 14170 14170 I Input   : injectMotionEvent: MotionEvent { action=ACTION_MOVE, actionButton=0, id[0]=0, x[0]=500.0, y[0]=362.20007, toolType[0]=TOOL_TYPE_UNKNOWN, buttonState=0, metaState=0, flags=0x0, edgeFlags=0x0, pointerCount=1, historySize=0, eventTime=804668135, downTime=804668135, deviceId=0, source=0x1002 }
08-05 15:30:51.758 14170 14170 I Input   : injectMotionEvent: MotionEvent { action=ACTION_MOVE, actionButton=0, id[0]=0, x[0]=500.0, y[0]=293.80005, toolType[0]=TOOL_TYPE_UNKNOWN, buttonState=0, metaState=0, flags=0x0, edgeFlags=0x0, pointerCount=1, historySize=0, eventTime=804668171, downTime=804668171, deviceId=0, source=0x1002 }
08-05 15:30:51.791   518   646 I ThermalEngine: ACTION: GPU - Setting GPU[0] to 390000000
08-05 15:30:51.800 14170 14170 I Input   : injectMotionEvent: MotionEvent { action=ACTION_MOVE, actionButton=0, id[0]=0, x[0]=500.0, y[0]=212.09998, toolType[0]=TOOL_TYPE_UNKNOWN, buttonState=0, metaState=0, flags=0x0, edgeFlags=0x0, pointerCount=1, historySize=0, eventTime=804668214, downTime=804668214, deviceId=0, source=0x1002 }
08-05 15:30:51.839 14170 14170 I Input   : injectMotionEvent: MotionEvent { action=ACTION_MOVE, actionButton=0, id[0]=0, x[0]=500.0, y[0]=138.0, toolType[0]=TOOL_TYPE_UNKNOWN, buttonState=0, metaState=0, flags=0x0, edgeFlags=0x0, pointerCount=1, historySize=0, eventTime=804668253, downTime=804668253, deviceId=0, source=0x1002 }
08-05 15:30:51.882 14170 14170 I Input   : injectMotionEvent: MotionEvent { action=ACTION_UP, actionButton=0, id[0]=0, x[0]=500.0, y[0]=100.0, toolType[0]=TOOL_TYPE_UNKNOWN, buttonState=0, metaState=0, flags=0x0, edgeFlags=0x0, pointerCount=1, historySize=0, eventTime=804668295, downTime=804668295, deviceId=0, source=0x1002 }
08-05 15:30:51.884 12513 13746 I art     : Starting a blocking GC Explicit
08-05 15:30:51.919 14170 14170 D AndroidRuntime: Shutting down VM
08-05 15:30:51.937 12513 13746 I art     : Explicit concurrent mark sweep GC freed 1609(93KB) AllocSpace objects, 2(36KB) LOS objects, 10% free, 135MB/151MB, paused 1.489ms total 51.870ms
08-05 15:30:51.960 12513 13746 I art     : Starting a blocking GC Explicit
08-05 15:30:52.009 12513 13746 I art     : Explicit concurrent mark sweep GC freed 41(1664B) AllocSpace objects, 0(0B) LOS objects, 10% free, 135MB/151MB, paused 1.556ms total 49.098ms
08-05 15:30:52.032 12513 13746 I art     : Starting a blocking GC Explicit
08-05 15:30:52.081 12513 13746 I art     : Explicit concurrent mark sweep GC freed 7(224B) AllocSpace objects, 0(0B) LOS objects, 10% free, 135MB/151MB, paused 1.455ms total 48.226ms
08-05 15:30:52.101 12513 13746 I art     : Starting a blocking GC Explicit
08-05 15:30:52.152 12513 13746 I art     : Explicit concurrent mark sweep GC freed 27(1488B) AllocSpace objects, 0(0B) LOS objects, 10% free, 135MB/151MB, paused 1.602ms total 50.690ms
08-05 15:30:52.174 12513 13746 I art     : Starting a blocking GC Explicit
08-05 15:30:52.228 12513 13746 I art     : Explicit concurrent mark sweep GC freed 3(96B) AllocSpace objects, 0(0B) LOS objects, 10% free, 135MB/151MB, paused 1.776ms total 53.567ms
08-05 15:30:52.670 12513 12525 I art     : Starting a blocking GC Explicit
08-05 15:30:52.734 12513 12525 I art     : Explicit concurrent mark sweep GC freed 1626(93KB) AllocSpace objects, 2(36KB) LOS objects, 10% free, 135MB/151MB, paused 2.127ms total 63.032ms
08-05 15:30:52.756 12513 12525 I art     : Starting a blocking GC Explicit
08-05 15:30:52.809 12513 12525 I art     : Explicit concurrent mark sweep GC freed 38(1568B) AllocSpace objects, 0(0B) LOS objects, 10% free, 135MB/151MB, paused 1.751ms total 52.678ms
08-05 15:30:52.810 14220 14220 D AndroidRuntime: >>>>>> START com.android.internal.os.RuntimeInit uid 2000 <<<<<<
08-05 15:30:52.816 14220 14220 D AndroidRuntime: CheckJNI is OFF
08-05 15:30:52.832 12513 12525 I art     : Starting a blocking GC Explicit
08-05 15:30:52.870 14220 14220 D ICU     : No timezone override file found: /data/misc/zoneinfo/current/icu/icu_tzdata.dat
08-05 15:30:52.885 12513 12525 I art     : Explicit concurrent mark sweep GC freed 3(96B) AllocSpace objects, 0(0B) LOS objects, 10% free, 135MB/151MB, paused 1.654ms total 52.782ms
08-05 15:30:52.908 12513 12525 I art     : Starting a blocking GC Explicit
08-05 15:30:52.915 14220 14220 I Radio-JNI: register_android_hardware_Radio DONE
08-05 15:30:52.947 14220 14220 D AndroidRuntime: Calling main entry com.android.commands.input.Input
08-05 15:30:52.949 14220 14220 I Input   : injectMotionEvent: MotionEvent { action=ACTION_DOWN, actionButton=0, id[0]=0, x[0]=657.0, y[0]=2080.0, toolType[0]=TOOL_TYPE_UNKNOWN, buttonState=0, metaState=0, flags=0x0, edgeFlags=0x0, pointerCount=1, historySize=0, eventTime=804669362, downTime=804669362, deviceId=0, source=0x1002 }
08-05 15:30:52.954 14220 14220 I Input   : injectMotionEvent: MotionEvent { action=ACTION_UP, actionButton=0, id[0]=0, x[0]=657.0, y[0]=2080.0, toolType[0]=TOOL_TYPE_UNKNOWN, buttonState=0, metaState=0, flags=0x0, edgeFlags=0x0, pointerCount=1, historySize=0, eventTime=804669362, downTime=804669362, deviceId=0, source=0x1002 }
08-05 15:30:52.958   918  5952 I ActivityManager: START u0 {cmp=baseline.io.github.project_travel_mate/.utilities.UpcomingWeekendsActivity} from uid 10674 on display 0
08-05 15:30:52.958 14220 14220 D AndroidRuntime: Shutting down VM
08-05 15:30:52.960   512  2967 D audio_hw_primary: out_set_parameters: enter: usecase(1: low-latency-playback) kvpairs: routing=2
08-05 15:30:52.968 12513 12525 I art     : Explicit concurrent mark sweep GC freed 8(4KB) AllocSpace objects, 0(0B) LOS objects, 10% free, 135MB/151MB, paused 9.257ms total 60.009ms
08-05 15:30:52.973   512  2967 D audio_hw_primary: select_devices: out_snd_device(2: speaker) in_snd_device(0: none)
08-05 15:30:52.973   512  2967 D msm8974_platform: platform_send_audio_calibration: sending audio calibration for snd_device(2) acdb_id(15)
08-05 15:30:52.973   512  2967 I soundtrigger: audio_extn_sound_trigger_update_device_status: device 0x2 of type 0 for Event 1
08-05 15:30:52.991   512  2967 D audio_hw_primary: enable_snd_device: snd_device(2: speaker)
08-05 15:30:52.993   512  2967 D audio_hw_primary: enable_audio_route: apply and update mixer path: low-latency-playback speaker
08-05 15:30:53.000 12513 12525 I art     : Starting a blocking GC Explicit
08-05 15:30:53.016 12513 12580 D Gabe    : call	returning from cache
08-05 15:30:53.020 12513 12513 V EXECUTING: https://project-travel-mate.herokuapp.com/api/get-upcoming-holidays/2020
08-05 15:30:53.024 12513 12513 V EXECUTING: https://project-travel-mate.herokuapp.com/api/get-upcoming-holidays/2020
08-05 15:30:53.052 12513 12525 I art     : Explicit concurrent mark sweep GC freed 773(80KB) AllocSpace objects, 0(0B) LOS objects, 10% free, 135MB/151MB, paused 1.836ms total 51.666ms
08-05 15:30:53.119 13866 13866 I GoogleInputMethodServic: GoogleInputMethodService.onFinishInput():3138 
08-05 15:30:53.120 13866 13866 I GoogleInputMethodServic: GoogleInputMethodService.onStartInput():1808 
08-05 15:30:53.231   918   936 I ActivityManager: Displayed baseline.io.github.project_travel_mate/.utilities.UpcomingWeekendsActivity: +261ms
08-05 15:30:53.483 12513 13746 I art     : Starting a blocking GC Explicit
08-05 15:30:53.489   380   380 W SurfaceFlinger: couldn't log to binary event log: overflow.
08-05 15:30:53.529   512  2967 D audio_hw_primary: disable_audio_route: reset and update mixer path: low-latency-playback speaker
08-05 15:30:53.530   512  2967 D audio_hw_primary: disable_snd_device: snd_device(2: speaker)
08-05 15:30:53.538   512  2967 I soundtrigger: audio_extn_sound_trigger_update_device_status: device 0x2 of type 0 for Event 0
08-05 15:30:53.540 12513 13746 I art     : Explicit concurrent mark sweep GC freed 3139(168KB) AllocSpace objects, 2(36KB) LOS objects, 10% free, 139MB/155MB, paused 1.990ms total 55.618ms
08-05 15:30:53.563 12513 13746 I art     : Starting a blocking GC Explicit
08-05 15:30:53.624 12513 13746 I art     : Explicit concurrent mark sweep GC freed 4284(230KB) AllocSpace objects, 6(400KB) LOS objects, 10% free, 140MB/156MB, paused 2.932ms total 60.801ms
08-05 15:30:53.648 12513 13746 I art     : Starting a blocking GC Explicit
08-05 15:30:53.687 12513 14244 I NAPPA_EXPERIMENTATION: MetricNetworkRequestExecutionTime: REQUEST_DURATION_SYSTEM='665',REQUEST_DURATION_OKHTTP='53',REQUEST_SYNCHRONOUS='FALSE',RESPONSE_CODE='200',RESPONSE_METHOD='GET',RESPONSE_LENGTH_OKHTTP='6426',RESPONSE_LENGTH_HEADER='6426',REQUEST_PROTOCOL='http/1.1',REQUEST_URL='https://project-travel-mate.herokuapp.com/api/get-upcoming-holidays/2020',
08-05 15:30:53.699 12513 13746 I art     : Explicit concurrent mark sweep GC freed 3111(282KB) AllocSpace objects, 1(16KB) LOS objects, 10% free, 140MB/156MB, paused 1.896ms total 50.810ms
08-05 15:30:53.712 12513 14245 I NAPPA_EXPERIMENTATION: MetricNetworkRequestExecutionTime: REQUEST_DURATION_SYSTEM='687',REQUEST_DURATION_OKHTTP='70',REQUEST_SYNCHRONOUS='FALSE',RESPONSE_CODE='200',RESPONSE_METHOD='GET',RESPONSE_LENGTH_OKHTTP='6426',RESPONSE_LENGTH_HEADER='6426',REQUEST_PROTOCOL='http/1.1',REQUEST_URL='https://project-travel-mate.herokuapp.com/api/get-upcoming-holidays/2020',
08-05 15:30:53.719 12513 13746 I art     : Starting a blocking GC Explicit
08-05 15:30:53.770 12513 13746 I art     : Explicit concurrent mark sweep GC freed 291(15KB) AllocSpace objects, 2(32KB) LOS objects, 10% free, 140MB/156MB, paused 1.710ms total 50.126ms
08-05 15:30:53.790 12513 13746 I art     : Starting a blocking GC Explicit
08-05 15:30:53.795 12513 12513 V Response: [{"month":"January","date":1,"day":"Wednesday","name":"New Year's Day","type":"Restricted"},{"month":"January","date":2,"day":"Thursday","name":"Guru Govind Singh Jayanti","type":"Restricted"},{"month":"January","date":14,"day":"Tuesday","name":"Lohri","type":"Restricted"},{"month":"January","date":15,"day":"Wednesday","name":"Pongal","type":"Restricted"},{"month":"January","date":15,"day":"Wednesday","name":"Makar Sankranti","type":"Restricted"},{"month":"January","date":25,"day":"Saturday","name":"Chinese New Year","type":"Observance"},{"month":"January","date":26,"day":"Sunday","name":"Republic Day","type":"Gazetted"},{"month":"January","date":30,"day":"Thursday","name":"Vasant Panchami","type":"Restricted"},{"month":"February","date":9,"day":"Sunday","name":"Guru Ravidas Jayanti","type":"Restricted"},{"month":"February","date":14,"day":"Friday","name":"Valentine's Day","type":"Observance"},{"month":"February","date":18,"day":"Tuesday","name":"Maharishi Dayanand Saraswati Jayanti","type":"Restricted"},{"month":"February","date":19,"day":"Wednesday","name":"Shivaji Jayanti","type":"Restricted"},{"month":"February","date":21,"day":"Friday","name":"Maha Shivaratri/Shivaratri","type":"Gazetted"},{"month":"March","date":9,"day":"Monday","name":"Holika Dahana","type":"Restricted"},{"month":"March","date":9,"day":"Monday","name":"Hazarat Ali's Birthday","type":"Restricted"},{"month":"March","date":10,"day":"Tuesday","name":"Holi","type":"Gazetted"},{"month":"March","date":20,"day":"Friday","name":"March Equinox","type":"Season"},{"month":"March","date":25,"day":"Wednesday","name":"Chaitra Sukhladi","type":"Restricted"},{"month":"April","date":2,"day":"Thursday","name":"Rama Navami","type":"Gazetted"},{"month":"April","date":6,"day":"Monday","name":"Mahavir Jayanti","type":"Gazetted"},{"month":"April","date":9,"day":"Thursday","name":"First day of Passover","type":"Observance"},{"month":"April","date":9,"day":"Thursday","name":"Maundy Thursday","type":"Observance,"},{"month":"April","date":10,"day":"Friday","name":"Good Friday","type":"Gazetted"},{"month":"April","date":12,"day":"Sunday","name":"Easter Day","type":"Restricted"},{"month":"April","date":13,"day":"Monday","name":"Vaisakhi","type":"Restricted"},{"month":"April","date":14,"day":"Tuesday","name":"Mesadi/Vaisakhadi","type":"Restricted"},{"month":"April","date":14,"day":"Tuesday","name":"Ambedkar Jayanti","type":"Central"},{"month":"May","date":1,"day":"Friday","name":"May Day","type":"Observance"},{"month":"May","date":7,"day":"Thursday","name":"Buddha Purnima/Vesak","type":"Gazetted"},{"month":"May","date":7,"day":"Thursday","name":"Birthday of Ravindranath","type":"Restricted"},{"month":"May","date":10,"day":"Sunday","name":"Mother's Day","type":"Observance"},{"month":"May","date":22,"day":"Friday","name":"Jamat Ul-Vida","type":"Restricted"},{"month":"May","date":25,"day":"Monday","name":"Ramzan Id/Eid-ul-Fitar","type":"Gazetted"},{"month":"May","date":25,"day":"Monday","name":"Ramzan Id/Eid-ul-Fitar","type":"Muslim,"},{"month":"June","date":21,"day":"Sunday","name":"June Solstice","type":"Season"},{"month":"June","date":21,"day":"Sunday","name":"Father's Day","type":"Observance"},{"month":"June","date":23,"day":"Tuesday","name":"Rath Yatra","type":"Restricted"},{"month":"July","date":5,"day":"Sunday","name":"Guru Purnima","type":"Observance"},{"month":"July","date":31,"day":"Friday","name":"Bakr Id/Eid ul-Adha","type":"Gazetted"},{"month":"August","date":2,"day":"Sunday","name":"Friendship Day","type":"Observance"},{"month":"August","date":3,"day":"Monday","name":"Raksha Bandhan (Rakhi)","type":"Restricted"},{"month":"August","date":11,"day":"Tuesday","name":"Janmashtami (Smarta)","type":"Restricted"},{"month":"August","date":12,"day":"Wednesday","name":"Janmashtami","type":"Gazetted"},{"month":"August","date":15,"day":"Saturday","name":"Independence Day","type":"Gazetted"},{"month":"August","date":16,"day":"Sunday","name":"Parsi New Year","type":"Restricted"},{"month":"August","date":22,"day":"Saturday","name":"Ganesh Chaturthi/Vin
08-05 15:30:53.800 12513 12513 V Response: [{"month":"January","date":1,"day":"Wednesday","name":"New Year's Day","type":"Restricted"},{"month":"January","date":2,"day":"Thursday","name":"Guru Govind Singh Jayanti","type":"Restricted"},{"month":"January","date":14,"day":"Tuesday","name":"Lohri","type":"Restricted"},{"month":"January","date":15,"day":"Wednesday","name":"Pongal","type":"Restricted"},{"month":"January","date":15,"day":"Wednesday","name":"Makar Sankranti","type":"Restricted"},{"month":"January","date":25,"day":"Saturday","name":"Chinese New Year","type":"Observance"},{"month":"January","date":26,"day":"Sunday","name":"Republic Day","type":"Gazetted"},{"month":"January","date":30,"day":"Thursday","name":"Vasant Panchami","type":"Restricted"},{"month":"February","date":9,"day":"Sunday","name":"Guru Ravidas Jayanti","type":"Restricted"},{"month":"February","date":14,"day":"Friday","name":"Valentine's Day","type":"Observance"},{"month":"February","date":18,"day":"Tuesday","name":"Maharishi Dayanand Saraswati Jayanti","type":"Restricted"},{"month":"February","date":19,"day":"Wednesday","name":"Shivaji Jayanti","type":"Restricted"},{"month":"February","date":21,"day":"Friday","name":"Maha Shivaratri/Shivaratri","type":"Gazetted"},{"month":"March","date":9,"day":"Monday","name":"Holika Dahana","type":"Restricted"},{"month":"March","date":9,"day":"Monday","name":"Hazarat Ali's Birthday","type":"Restricted"},{"month":"March","date":10,"day":"Tuesday","name":"Holi","type":"Gazetted"},{"month":"March","date":20,"day":"Friday","name":"March Equinox","type":"Season"},{"month":"March","date":25,"day":"Wednesday","name":"Chaitra Sukhladi","type":"Restricted"},{"month":"April","date":2,"day":"Thursday","name":"Rama Navami","type":"Gazetted"},{"month":"April","date":6,"day":"Monday","name":"Mahavir Jayanti","type":"Gazetted"},{"month":"April","date":9,"day":"Thursday","name":"First day of Passover","type":"Observance"},{"month":"April","date":9,"day":"Thursday","name":"Maundy Thursday","type":"Observance,"},{"month":"April","date":10,"day":"Friday","name":"Good Friday","type":"Gazetted"},{"month":"April","date":12,"day":"Sunday","name":"Easter Day","type":"Restricted"},{"month":"April","date":13,"day":"Monday","name":"Vaisakhi","type":"Restricted"},{"month":"April","date":14,"day":"Tuesday","name":"Mesadi/Vaisakhadi","type":"Restricted"},{"month":"April","date":14,"day":"Tuesday","name":"Ambedkar Jayanti","type":"Central"},{"month":"May","date":1,"day":"Friday","name":"May Day","type":"Observance"},{"month":"May","date":7,"day":"Thursday","name":"Buddha Purnima/Vesak","type":"Gazetted"},{"month":"May","date":7,"day":"Thursday","name":"Birthday of Ravindranath","type":"Restricted"},{"month":"May","date":10,"day":"Sunday","name":"Mother's Day","type":"Observance"},{"month":"May","date":22,"day":"Friday","name":"Jamat Ul-Vida","type":"Restricted"},{"month":"May","date":25,"day":"Monday","name":"Ramzan Id/Eid-ul-Fitar","type":"Gazetted"},{"month":"May","date":25,"day":"Monday","name":"Ramzan Id/Eid-ul-Fitar","type":"Muslim,"},{"month":"June","date":21,"day":"Sunday","name":"June Solstice","type":"Season"},{"month":"June","date":21,"day":"Sunday","name":"Father's Day","type":"Observance"},{"month":"June","date":23,"day":"Tuesday","name":"Rath Yatra","type":"Restricted"},{"month":"July","date":5,"day":"Sunday","name":"Guru Purnima","type":"Observance"},{"month":"July","date":31,"day":"Friday","name":"Bakr Id/Eid ul-Adha","type":"Gazetted"},{"month":"August","date":2,"day":"Sunday","name":"Friendship Day","type":"Observance"},{"month":"August","date":3,"day":"Monday","name":"Raksha Bandhan (Rakhi)","type":"Restricted"},{"month":"August","date":11,"day":"Tuesday","name":"Janmashtami (Smarta)","type":"Restricted"},{"month":"August","date":12,"day":"Wednesday","name":"Janmashtami","type":"Gazetted"},{"month":"August","date":15,"day":"Saturday","name":"Independence Day","type":"Gazetted"},{"month":"August","date":16,"day":"Sunday","name":"Parsi New Year","type":"Restricted"},{"month":"August","date":22,"day":"Saturday","name":"Ganesh Chaturthi/Vin
08-05 15:30:53.850 12513 13746 I art     : Explicit concurrent mark sweep GC freed 6505(253KB) AllocSpace objects, 0(0B) LOS objects, 10% free, 140MB/156MB, paused 2.077ms total 59.883ms
08-05 15:30:54.274 12513 12525 I art     : Starting a blocking GC Explicit
08-05 15:30:54.338 12513 12525 I art     : Explicit concurrent mark sweep GC freed 5011(224KB) AllocSpace objects, 3(4MB) LOS objects, 10% free, 136MB/152MB, paused 1.675ms total 64.295ms
08-05 15:30:54.362 12513 12525 I art     : Starting a blocking GC Explicit
08-05 15:30:54.424 12513 12525 I art     : Explicit concurrent mark sweep GC freed 337(10KB) AllocSpace objects, 0(0B) LOS objects, 10% free, 136MB/152MB, paused 1.692ms total 60.941ms
08-05 15:30:54.448 12513 12525 I art     : Starting a blocking GC Explicit
08-05 15:30:54.508 12513 12525 I art     : Explicit concurrent mark sweep GC freed 154(2928B) AllocSpace objects, 0(0B) LOS objects, 10% free, 136MB/152MB, paused 1.723ms total 59.587ms
08-05 15:30:54.532 12513 12525 I art     : Starting a blocking GC Explicit
08-05 15:30:54.593 12513 12525 I art     : Explicit concurrent mark sweep GC freed 123(2096B) AllocSpace objects, 0(0B) LOS objects, 10% free, 136MB/152MB, paused 1.899ms total 60.700ms
08-05 15:30:54.617 12513 12525 I art     : Starting a blocking GC Explicit
08-05 15:30:54.677 12513 12525 I art     : Explicit concurrent mark sweep GC freed 134(2272B) AllocSpace objects, 0(0B) LOS objects, 10% free, 136MB/152MB, paused 1.932ms total 60.056ms
08-05 15:30:55.129 12513 12792 I art     : Starting a blocking GC Explicit
08-05 15:30:55.193 12513 12792 I art     : Explicit concurrent mark sweep GC freed 2327(104KB) AllocSpace objects, 2(36KB) LOS objects, 10% free, 136MB/152MB, paused 1.724ms total 62.480ms
08-05 15:30:55.217 12513 12792 I art     : Starting a blocking GC Explicit
08-05 15:30:55.276 12513 12792 I art     : Explicit concurrent mark sweep GC freed 166(3KB) AllocSpace objects, 0(0B) LOS objects, 10% free, 136MB/152MB, paused 1.628ms total 58.937ms
08-05 15:30:55.300 12513 12792 I art     : Starting a blocking GC Explicit
08-05 15:30:55.361 12513 12792 I art     : Explicit concurrent mark sweep GC freed 123(2096B) AllocSpace objects, 0(0B) LOS objects, 10% free, 136MB/152MB, paused 1.959ms total 60.637ms
08-05 15:30:55.385 12513 12792 I art     : Starting a blocking GC Explicit
08-05 15:30:55.446 12513 12792 I art     : Explicit concurrent mark sweep GC freed 147(2496B) AllocSpace objects, 0(0B) LOS objects, 10% free, 136MB/152MB, paused 1.961ms total 60.736ms
08-05 15:30:55.470 12513 12792 I art     : Starting a blocking GC Explicit
08-05 15:30:55.531 12513 12792 I art     : Explicit concurrent mark sweep GC freed 153(2896B) AllocSpace objects, 0(0B) LOS objects, 10% free, 136MB/152MB, paused 1.794ms total 60.876ms
08-05 15:30:55.797   518   646 I ThermalEngine: ACTION: GPU - Setting GPU[0] to 450000000
08-05 15:30:55.927 12513 13746 I art     : Starting a blocking GC Explicit
08-05 15:30:55.977 12513 13746 I art     : Explicit concurrent mark sweep GC freed 2220(102KB) AllocSpace objects, 2(36KB) LOS objects, 10% free, 136MB/152MB, paused 1.121ms total 50.043ms
08-05 15:30:55.998 12513 13746 I art     : Starting a blocking GC Explicit
08-05 15:30:56.048 12513 13746 I art     : Explicit concurrent mark sweep GC freed 157(3KB) AllocSpace objects, 0(0B) LOS objects, 10% free, 136MB/152MB, paused 1.156ms total 49.828ms
08-05 15:30:56.066 12513 13746 I art     : Starting a blocking GC Explicit
08-05 15:30:56.119 12513 13746 I art     : Explicit concurrent mark sweep GC freed 100(1728B) AllocSpace objects, 0(0B) LOS objects, 10% free, 136MB/152MB, paused 1.110ms total 52.541ms
08-05 15:30:56.141 12513 13746 I art     : Starting a blocking GC Explicit
08-05 15:30:56.192 12513 13746 I art     : Explicit concurrent mark sweep GC freed 99(1696B) AllocSpace objects, 0(0B) LOS objects, 10% free, 136MB/152MB, paused 1.155ms total 50.699ms
08-05 15:30:56.210 12513 13746 I art     : Starting a blocking GC Explicit
08-05 15:30:56.260 12513 13746 I art     : Explicit concurrent mark sweep GC freed 99(1696B) AllocSpace objects, 0(0B) LOS objects, 10% free, 136MB/152MB, paused 1.130ms total 50.259ms
08-05 15:30:56.627   918  3188 I hubconnection: sensorhub said: 'set_bias 3: -5.8368, 0.0000, 0.0000'
08-05 15:30:56.691 12513 12526 I art     : Starting a blocking GC Explicit
08-05 15:30:56.747 12513 12526 I art     : Explicit concurrent mark sweep GC freed 2317(104KB) AllocSpace objects, 2(36KB) LOS objects, 10% free, 136MB/152MB, paused 1.186ms total 56.379ms
08-05 15:30:56.769 12513 12526 I art     : Starting a blocking GC Explicit
08-05 15:30:56.819 12513 12526 I art     : Explicit concurrent mark sweep GC freed 141(2912B) AllocSpace objects, 0(0B) LOS objects, 10% free, 136MB/152MB, paused 1.182ms total 49.865ms
08-05 15:30:56.837 12513 12526 I art     : Starting a blocking GC Explicit
08-05 15:30:56.888 12513 12526 I art     : Explicit concurrent mark sweep GC freed 99(1696B) AllocSpace objects, 0(0B) LOS objects, 10% free, 136MB/152MB, paused 1.111ms total 50.759ms
08-05 15:30:56.906 12513 12526 I art     : Starting a blocking GC Explicit
08-05 15:30:56.957 12513 12526 I art     : Explicit concurrent mark sweep GC freed 99(1696B) AllocSpace objects, 0(0B) LOS objects, 10% free, 136MB/152MB, paused 1.146ms total 50.533ms
08-05 15:30:56.977 12513 12526 I art     : Starting a blocking GC Explicit
08-05 15:30:57.028 12513 12526 I art     : Explicit concurrent mark sweep GC freed 98(1664B) AllocSpace objects, 0(0B) LOS objects, 10% free, 136MB/152MB, paused 1.120ms total 50.965ms
08-05 15:30:57.427 12513 12531 I art     : Starting a blocking GC Explicit
08-05 15:30:57.504 12513 12531 I art     : Explicit concurrent mark sweep GC freed 2322(104KB) AllocSpace objects, 2(36KB) LOS objects, 10% free, 136MB/152MB, paused 1.166ms total 75.813ms
08-05 15:30:57.522 12513 12531 I art     : Starting a blocking GC Explicit
08-05 15:30:57.569 12513 12531 I art     : Explicit concurrent mark sweep GC freed 139(3KB) AllocSpace objects, 0(0B) LOS objects, 10% free, 136MB/152MB, paused 1.156ms total 46.874ms
08-05 15:30:57.587 12513 12531 I art     : Starting a blocking GC Explicit
08-05 15:30:57.637 12513 12531 I art     : Explicit concurrent mark sweep GC freed 98(1664B) AllocSpace objects, 0(0B) LOS objects, 10% free, 136MB/152MB, paused 1.183ms total 50.014ms
08-05 15:30:57.655 12513 12531 I art     : Starting a blocking GC Explicit
08-05 15:30:57.705 12513 12531 I art     : Explicit concurrent mark sweep GC freed 100(1728B) AllocSpace objects, 0(0B) LOS objects, 10% free, 136MB/152MB, paused 1.163ms total 49.436ms
08-05 15:30:57.723 12513 12531 I art     : Starting a blocking GC Explicit
08-05 15:30:57.762 14304 14304 D AndroidRuntime: >>>>>> START com.android.internal.os.RuntimeInit uid 2000 <<<<<<
08-05 15:30:57.768 14304 14304 D AndroidRuntime: CheckJNI is OFF
08-05 15:30:57.772 12513 12531 I art     : Explicit concurrent mark sweep GC freed 99(1696B) AllocSpace objects, 0(0B) LOS objects, 10% free, 136MB/152MB, paused 1.235ms total 49.225ms
08-05 15:30:57.811 14304 14304 D ICU     : No timezone override file found: /data/misc/zoneinfo/current/icu/icu_tzdata.dat
08-05 15:30:57.854 14304 14304 I Radio-JNI: register_android_hardware_Radio DONE
08-05 15:30:57.883 14304 14304 D AndroidRuntime: Calling main entry com.android.commands.input.Input
08-05 15:30:57.885 14304 14304 I Input   : injectKeyEvent: KeyEvent { action=ACTION_DOWN, keyCode=KEYCODE_BACK, scanCode=0, metaState=0, flags=0x0, repeatCount=0, eventTime=804674298, downTime=804674298, deviceId=-1, source=0x101 }
08-05 15:30:57.892 14304 14304 I Input   : injectKeyEvent: KeyEvent { action=ACTION_UP, keyCode=KEYCODE_BACK, scanCode=0, metaState=0, flags=0x0, repeatCount=0, eventTime=804674298, downTime=804674298, deviceId=-1, source=0x101 }
08-05 15:30:57.905 14304 14304 D AndroidRuntime: Shutting down VM
08-05 15:30:57.913 12513 12513 V MainActivity: url = https://project-travel-mate.herokuapp.com/api/number-of-unread-notifications
08-05 15:30:57.942 13866 13866 I GoogleInputMethodServic: GoogleInputMethodService.onFinishInput():3138 
08-05 15:30:57.942 13866 13866 I GoogleInputMethodServic: GoogleInputMethodService.onStartInput():1808 
08-05 15:30:58.149 12513 13746 I art     : Starting a blocking GC Explicit
08-05 15:30:58.193 12513 13746 I art     : Explicit concurrent mark sweep GC freed 2573(122KB) AllocSpace objects, 2(36KB) LOS objects, 10% free, 136MB/152MB, paused 1.115ms total 43.239ms
08-05 15:30:58.210 12513 13746 I art     : Starting a blocking GC Explicit
08-05 15:30:58.253 12513 13746 I art     : Explicit concurrent mark sweep GC freed 184(5KB) AllocSpace objects, 0(0B) LOS objects, 10% free, 136MB/152MB, paused 1.020ms total 42.243ms
08-05 15:30:58.260   380   380 W SurfaceFlinger: couldn't log to binary event log: overflow.
08-05 15:30:58.270 12513 13746 I art     : Starting a blocking GC Explicit
08-05 15:30:58.314 12513 13746 I art     : Explicit concurrent mark sweep GC freed 52(1536B) AllocSpace objects, 1(188KB) LOS objects, 10% free, 136MB/152MB, paused 1.089ms total 43.775ms
08-05 15:30:58.332 12513 13746 I art     : Starting a blocking GC Explicit
08-05 15:30:58.375 12513 13746 I art     : Explicit concurrent mark sweep GC freed 6626(360KB) AllocSpace objects, 13(264KB) LOS objects, 10% free, 135MB/151MB, paused 1.156ms total 42.821ms
08-05 15:30:58.392 12513 13746 I art     : Starting a blocking GC Explicit
08-05 15:30:58.437 12513 13746 I art     : Explicit concurrent mark sweep GC freed 4(144B) AllocSpace objects, 0(0B) LOS objects, 10% free, 135MB/151MB, paused 1.216ms total 45.077ms
08-05 15:30:58.782 12513 14325 I NAPPA_EXPERIMENTATION: MetricNetworkRequestExecutionTime: REQUEST_DURATION_SYSTEM='867',REQUEST_DURATION_OKHTTP='41',REQUEST_SYNCHRONOUS='FALSE',RESPONSE_CODE='200',RESPONSE_METHOD='GET',RESPONSE_LENGTH_OKHTTP='36',RESPONSE_LENGTH_HEADER='36',REQUEST_PROTOCOL='http/1.1',REQUEST_URL='https://project-travel-mate.herokuapp.com/api/number-of-unread-notifications',
08-05 15:30:58.828 12513 12792 I art     : Starting a blocking GC Explicit
08-05 15:30:58.887 12513 12792 I art     : Explicit concurrent mark sweep GC freed 4426(241KB) AllocSpace objects, 5(236KB) LOS objects, 10% free, 135MB/151MB, paused 1.273ms total 58.474ms
08-05 15:30:58.910 12513 12792 I art     : Starting a blocking GC Explicit
08-05 15:30:58.955 12513 12792 I art     : Explicit concurrent mark sweep GC freed 972(117KB) AllocSpace objects, 0(0B) LOS objects, 10% free, 135MB/151MB, paused 1.132ms total 43.995ms
08-05 15:30:58.972 12513 12792 I art     : Starting a blocking GC Explicit
08-05 15:30:59.020 12513 12792 I art     : Explicit concurrent mark sweep GC freed 3(96B) AllocSpace objects, 0(0B) LOS objects, 10% free, 135MB/151MB, paused 1.121ms total 47.228ms
08-05 15:30:59.038 12513 12792 I art     : Starting a blocking GC Explicit
08-05 15:30:59.085 12513 12792 I art     : Explicit concurrent mark sweep GC freed 3(96B) AllocSpace objects, 0(0B) LOS objects, 10% free, 135MB/151MB, paused 1.146ms total 47.445ms
08-05 15:30:59.106 12513 12792 I art     : Starting a blocking GC Explicit
08-05 15:30:59.155 12513 12792 I art     : Explicit concurrent mark sweep GC freed 3(96B) AllocSpace objects, 0(0B) LOS objects, 10% free, 135MB/151MB, paused 1.073ms total 48.696ms
08-05 15:30:59.424 11851 11851 I ServiceManager: Waiting for service AtCmdFwd...
08-05 15:30:59.554 12513 12525 I art     : Starting a blocking GC Explicit
08-05 15:30:59.605 12513 12525 I art     : Explicit concurrent mark sweep GC freed 1615(92KB) AllocSpace objects, 2(36KB) LOS objects, 10% free, 135MB/151MB, paused 1.136ms total 49.688ms
08-05 15:30:59.621 12513 12525 I art     : Starting a blocking GC Explicit
08-05 15:30:59.662 12513 12525 I art     : Explicit concurrent mark sweep GC freed 32(1152B) AllocSpace objects, 0(0B) LOS objects, 10% free, 135MB/151MB, paused 1.084ms total 40.455ms
08-05 15:30:59.682 12513 12525 I art     : Starting a blocking GC Explicit
08-05 15:30:59.689 14347 14347 D AndroidRuntime: >>>>>> START com.android.internal.os.RuntimeInit uid 2000 <<<<<<
08-05 15:30:59.694 14347 14347 D AndroidRuntime: CheckJNI is OFF
08-05 15:30:59.722 12513 12525 I art     : Explicit concurrent mark sweep GC freed 5(160B) AllocSpace objects, 0(0B) LOS objects, 10% free, 135MB/151MB, paused 1.277ms total 39.264ms
08-05 15:30:59.736 14347 14347 D ICU     : No timezone override file found: /data/misc/zoneinfo/current/icu/icu_tzdata.dat
08-05 15:30:59.739 12513 12525 I art     : Starting a blocking GC Explicit
08-05 15:30:59.776 14347 14347 I Radio-JNI: register_android_hardware_Radio DONE
08-05 15:30:59.779 12513 12525 I art     : Explicit concurrent mark sweep GC freed 7(224B) AllocSpace objects, 0(0B) LOS objects, 10% free, 135MB/151MB, paused 1.164ms total 40.075ms
08-05 15:30:59.800 12513 12525 I art     : Starting a blocking GC Explicit
08-05 15:30:59.805 14347 14347 D AndroidRuntime: Calling main entry com.android.commands.input.Input
08-05 15:30:59.807 14347 14347 I Input   : injectMotionEvent: MotionEvent { action=ACTION_DOWN, actionButton=0, id[0]=0, x[0]=657.0, y[0]=2080.0, toolType[0]=TOOL_TYPE_UNKNOWN, buttonState=0, metaState=0, flags=0x0, edgeFlags=0x0, pointerCount=1, historySize=0, eventTime=804676219, downTime=804676219, deviceId=0, source=0x1002 }
08-05 15:30:59.836 14347 14347 I Input   : injectMotionEvent: MotionEvent { action=ACTION_UP, actionButton=0, id[0]=0, x[0]=657.0, y[0]=2080.0, toolType[0]=TOOL_TYPE_UNKNOWN, buttonState=0, metaState=0, flags=0x0, edgeFlags=0x0, pointerCount=1, historySize=0, eventTime=804676219, downTime=804676219, deviceId=0, source=0x1002 }
08-05 15:30:59.841 12513 12525 I art     : Explicit concurrent mark sweep GC freed 3(96B) AllocSpace objects, 0(0B) LOS objects, 10% free, 135MB/151MB, paused 1.209ms total 41.422ms
08-05 15:30:59.879 14347 14347 D AndroidRuntime: Shutting down VM
08-05 15:30:59.879   918  6110 I ActivityManager: START u0 {cmp=baseline.io.github.project_travel_mate/.utilities.UpcomingWeekendsActivity} from uid 10674 on display 0
08-05 15:30:59.881   512  2967 D audio_hw_primary: out_set_parameters: enter: usecase(1: low-latency-playback) kvpairs: routing=2
08-05 15:30:59.894   512  2967 D audio_hw_primary: select_devices: out_snd_device(2: speaker) in_snd_device(0: none)
08-05 15:30:59.894   512  2967 D msm8974_platform: platform_send_audio_calibration: sending audio calibration for snd_device(2) acdb_id(15)
08-05 15:30:59.894   512  2967 I soundtrigger: audio_extn_sound_trigger_update_device_status: device 0x2 of type 0 for Event 1
08-05 15:30:59.903   512  2967 D audio_hw_primary: enable_snd_device: snd_device(2: speaker)
08-05 15:30:59.905 12513 12580 D Gabe    : call	returning from cache
08-05 15:30:59.906   512  2967 D audio_hw_primary: enable_audio_route: apply and update mixer path: low-latency-playback speaker
08-05 15:30:59.908 12513 12513 V EXECUTING: https://project-travel-mate.herokuapp.com/api/get-upcoming-holidays/2020
08-05 15:30:59.910 12513 12513 V EXECUTING: https://project-travel-mate.herokuapp.com/api/get-upcoming-holidays/2020
08-05 15:30:59.991 13866 13866 I GoogleInputMethodServic: GoogleInputMethodService.onFinishInput():3138 
08-05 15:30:59.992 13866 13866 I GoogleInputMethodServic: GoogleInputMethodService.onStartInput():1808 
08-05 15:31:00.086   918   936 I ActivityManager: Displayed baseline.io.github.project_travel_mate/.utilities.UpcomingWeekendsActivity: +200ms
08-05 15:31:00.210 12513 13746 I art     : Starting a blocking GC Explicit
08-05 15:31:00.256 12513 13746 I art     : Explicit concurrent mark sweep GC freed 3463(192KB) AllocSpace objects, 2(36KB) LOS objects, 10% free, 140MB/156MB, paused 1.181ms total 45.589ms
08-05 15:31:00.273 12513 13746 I art     : Starting a blocking GC Explicit
08-05 15:31:00.318 12513 13746 I art     : Explicit concurrent mark sweep GC freed 342(13KB) AllocSpace objects, 0(0B) LOS objects, 10% free, 140MB/156MB, paused 1.362ms total 44.675ms
08-05 15:31:00.330   380   380 W SurfaceFlinger: couldn't log to binary event log: overflow.
08-05 15:31:00.336 12513 13746 I art     : Starting a blocking GC Explicit
08-05 15:31:00.378 12513 13746 I art     : Explicit concurrent mark sweep GC freed 76(1328B) AllocSpace objects, 0(0B) LOS objects, 10% free, 140MB/156MB, paused 1.307ms total 41.561ms
08-05 15:31:00.395 12513 13746 I art     : Starting a blocking GC Explicit
08-05 15:31:00.425 11851 11851 I ServiceManager: Waiting for service AtCmdFwd...
08-05 15:31:00.438   512  2967 D audio_hw_primary: disable_audio_route: reset and update mixer path: low-latency-playback speaker
08-05 15:31:00.439   512  2967 D audio_hw_primary: disable_snd_device: snd_device(2: speaker)
08-05 15:31:00.440 12513 13746 I art     : Explicit concurrent mark sweep GC freed 99(1696B) AllocSpace objects, 0(0B) LOS objects, 10% free, 140MB/156MB, paused 1.153ms total 45.106ms
08-05 15:31:00.448   512  2967 I soundtrigger: audio_extn_sound_trigger_update_device_status: device 0x2 of type 0 for Event 0
08-05 15:31:00.458 12513 13746 I art     : Starting a blocking GC Explicit
08-05 15:31:00.502 12513 13746 I art     : Explicit concurrent mark sweep GC freed 131(2512B) AllocSpace objects, 0(0B) LOS objects, 10% free, 140MB/156MB, paused 1.382ms total 44.294ms
08-05 15:31:00.647 12513 14371 I NAPPA_EXPERIMENTATION: MetricNetworkRequestExecutionTime: REQUEST_DURATION_SYSTEM='738',REQUEST_DURATION_OKHTTP='55',REQUEST_SYNCHRONOUS='FALSE',RESPONSE_CODE='200',RESPONSE_METHOD='GET',RESPONSE_LENGTH_OKHTTP='6426',RESPONSE_LENGTH_HEADER='6426',REQUEST_PROTOCOL='http/1.1',REQUEST_URL='https://project-travel-mate.herokuapp.com/api/get-upcoming-holidays/2020',
08-05 15:31:00.658 12513 14372 I NAPPA_EXPERIMENTATION: MetricNetworkRequestExecutionTime: REQUEST_DURATION_SYSTEM='747',REQUEST_DURATION_OKHTTP='69',REQUEST_SYNCHRONOUS='FALSE',RESPONSE_CODE='200',RESPONSE_METHOD='GET',RESPONSE_LENGTH_OKHTTP='6426',RESPONSE_LENGTH_HEADER='6426',REQUEST_PROTOCOL='http/1.1',REQUEST_URL='https://project-travel-mate.herokuapp.com/api/get-upcoming-holidays/2020',
08-05 15:31:00.703 12513 12513 V Response: [{"month":"January","date":1,"day":"Wednesday","name":"New Year's Day","type":"Restricted"},{"month":"January","date":2,"day":"Thursday","name":"Guru Govind Singh Jayanti","type":"Restricted"},{"month":"January","date":14,"day":"Tuesday","name":"Lohri","type":"Restricted"},{"month":"January","date":15,"day":"Wednesday","name":"Pongal","type":"Restricted"},{"month":"January","date":15,"day":"Wednesday","name":"Makar Sankranti","type":"Restricted"},{"month":"January","date":25,"day":"Saturday","name":"Chinese New Year","type":"Observance"},{"month":"January","date":26,"day":"Sunday","name":"Republic Day","type":"Gazetted"},{"month":"January","date":30,"day":"Thursday","name":"Vasant Panchami","type":"Restricted"},{"month":"February","date":9,"day":"Sunday","name":"Guru Ravidas Jayanti","type":"Restricted"},{"month":"February","date":14,"day":"Friday","name":"Valentine's Day","type":"Observance"},{"month":"February","date":18,"day":"Tuesday","name":"Maharishi Dayanand Saraswati Jayanti","type":"Restricted"},{"month":"February","date":19,"day":"Wednesday","name":"Shivaji Jayanti","type":"Restricted"},{"month":"February","date":21,"day":"Friday","name":"Maha Shivaratri/Shivaratri","type":"Gazetted"},{"month":"March","date":9,"day":"Monday","name":"Holika Dahana","type":"Restricted"},{"month":"March","date":9,"day":"Monday","name":"Hazarat Ali's Birthday","type":"Restricted"},{"month":"March","date":10,"day":"Tuesday","name":"Holi","type":"Gazetted"},{"month":"March","date":20,"day":"Friday","name":"March Equinox","type":"Season"},{"month":"March","date":25,"day":"Wednesday","name":"Chaitra Sukhladi","type":"Restricted"},{"month":"April","date":2,"day":"Thursday","name":"Rama Navami","type":"Gazetted"},{"month":"April","date":6,"day":"Monday","name":"Mahavir Jayanti","type":"Gazetted"},{"month":"April","date":9,"day":"Thursday","name":"First day of Passover","type":"Observance"},{"month":"April","date":9,"day":"Thursday","name":"Maundy Thursday","type":"Observance,"},{"month":"April","date":10,"day":"Friday","name":"Good Friday","type":"Gazetted"},{"month":"April","date":12,"day":"Sunday","name":"Easter Day","type":"Restricted"},{"month":"April","date":13,"day":"Monday","name":"Vaisakhi","type":"Restricted"},{"month":"April","date":14,"day":"Tuesday","name":"Mesadi/Vaisakhadi","type":"Restricted"},{"month":"April","date":14,"day":"Tuesday","name":"Ambedkar Jayanti","type":"Central"},{"month":"May","date":1,"day":"Friday","name":"May Day","type":"Observance"},{"month":"May","date":7,"day":"Thursday","name":"Buddha Purnima/Vesak","type":"Gazetted"},{"month":"May","date":7,"day":"Thursday","name":"Birthday of Ravindranath","type":"Restricted"},{"month":"May","date":10,"day":"Sunday","name":"Mother's Day","type":"Observance"},{"month":"May","date":22,"day":"Friday","name":"Jamat Ul-Vida","type":"Restricted"},{"month":"May","date":25,"day":"Monday","name":"Ramzan Id/Eid-ul-Fitar","type":"Gazetted"},{"month":"May","date":25,"day":"Monday","name":"Ramzan Id/Eid-ul-Fitar","type":"Muslim,"},{"month":"June","date":21,"day":"Sunday","name":"June Solstice","type":"Season"},{"month":"June","date":21,"day":"Sunday","name":"Father's Day","type":"Observance"},{"month":"June","date":23,"day":"Tuesday","name":"Rath Yatra","type":"Restricted"},{"month":"July","date":5,"day":"Sunday","name":"Guru Purnima","type":"Observance"},{"month":"July","date":31,"day":"Friday","name":"Bakr Id/Eid ul-Adha","type":"Gazetted"},{"month":"August","date":2,"day":"Sunday","name":"Friendship Day","type":"Observance"},{"month":"August","date":3,"day":"Monday","name":"Raksha Bandhan (Rakhi)","type":"Restricted"},{"month":"August","date":11,"day":"Tuesday","name":"Janmashtami (Smarta)","type":"Restricted"},{"month":"August","date":12,"day":"Wednesday","name":"Janmashtami","type":"Gazetted"},{"month":"August","date":15,"day":"Saturday","name":"Independence Day","type":"Gazetted"},{"month":"August","date":16,"day":"Sunday","name":"Parsi New Year","type":"Restricted"},{"month":"August","date":22,"day":"Saturday","name":"Ganesh Chaturthi/Vin
08-05 15:31:00.706 12513 12513 V Response: [{"month":"January","date":1,"day":"Wednesday","name":"New Year's Day","type":"Restricted"},{"month":"January","date":2,"day":"Thursday","name":"Guru Govind Singh Jayanti","type":"Restricted"},{"month":"January","date":14,"day":"Tuesday","name":"Lohri","type":"Restricted"},{"month":"January","date":15,"day":"Wednesday","name":"Pongal","type":"Restricted"},{"month":"January","date":15,"day":"Wednesday","name":"Makar Sankranti","type":"Restricted"},{"month":"January","date":25,"day":"Saturday","name":"Chinese New Year","type":"Observance"},{"month":"January","date":26,"day":"Sunday","name":"Republic Day","type":"Gazetted"},{"month":"January","date":30,"day":"Thursday","name":"Vasant Panchami","type":"Restricted"},{"month":"February","date":9,"day":"Sunday","name":"Guru Ravidas Jayanti","type":"Restricted"},{"month":"February","date":14,"day":"Friday","name":"Valentine's Day","type":"Observance"},{"month":"February","date":18,"day":"Tuesday","name":"Maharishi Dayanand Saraswati Jayanti","type":"Restricted"},{"month":"February","date":19,"day":"Wednesday","name":"Shivaji Jayanti","type":"Restricted"},{"month":"February","date":21,"day":"Friday","name":"Maha Shivaratri/Shivaratri","type":"Gazetted"},{"month":"March","date":9,"day":"Monday","name":"Holika Dahana","type":"Restricted"},{"month":"March","date":9,"day":"Monday","name":"Hazarat Ali's Birthday","type":"Restricted"},{"month":"March","date":10,"day":"Tuesday","name":"Holi","type":"Gazetted"},{"month":"March","date":20,"day":"Friday","name":"March Equinox","type":"Season"},{"month":"March","date":25,"day":"Wednesday","name":"Chaitra Sukhladi","type":"Restricted"},{"month":"April","date":2,"day":"Thursday","name":"Rama Navami","type":"Gazetted"},{"month":"April","date":6,"day":"Monday","name":"Mahavir Jayanti","type":"Gazetted"},{"month":"April","date":9,"day":"Thursday","name":"First day of Passover","type":"Observance"},{"month":"April","date":9,"day":"Thursday","name":"Maundy Thursday","type":"Observance,"},{"month":"April","date":10,"day":"Friday","name":"Good Friday","type":"Gazetted"},{"month":"April","date":12,"day":"Sunday","name":"Easter Day","type":"Restricted"},{"month":"April","date":13,"day":"Monday","name":"Vaisakhi","type":"Restricted"},{"month":"April","date":14,"day":"Tuesday","name":"Mesadi/Vaisakhadi","type":"Restricted"},{"month":"April","date":14,"day":"Tuesday","name":"Ambedkar Jayanti","type":"Central"},{"month":"May","date":1,"day":"Friday","name":"May Day","type":"Observance"},{"month":"May","date":7,"day":"Thursday","name":"Buddha Purnima/Vesak","type":"Gazetted"},{"month":"May","date":7,"day":"Thursday","name":"Birthday of Ravindranath","type":"Restricted"},{"month":"May","date":10,"day":"Sunday","name":"Mother's Day","type":"Observance"},{"month":"May","date":22,"day":"Friday","name":"Jamat Ul-Vida","type":"Restricted"},{"month":"May","date":25,"day":"Monday","name":"Ramzan Id/Eid-ul-Fitar","type":"Gazetted"},{"month":"May","date":25,"day":"Monday","name":"Ramzan Id/Eid-ul-Fitar","type":"Muslim,"},{"month":"June","date":21,"day":"Sunday","name":"June Solstice","type":"Season"},{"month":"June","date":21,"day":"Sunday","name":"Father's Day","type":"Observance"},{"month":"June","date":23,"day":"Tuesday","name":"Rath Yatra","type":"Restricted"},{"month":"July","date":5,"day":"Sunday","name":"Guru Purnima","type":"Observance"},{"month":"July","date":31,"day":"Friday","name":"Bakr Id/Eid ul-Adha","type":"Gazetted"},{"month":"August","date":2,"day":"Sunday","name":"Friendship Day","type":"Observance"},{"month":"August","date":3,"day":"Monday","name":"Raksha Bandhan (Rakhi)","type":"Restricted"},{"month":"August","date":11,"day":"Tuesday","name":"Janmashtami (Smarta)","type":"Restricted"},{"month":"August","date":12,"day":"Wednesday","name":"Janmashtami","type":"Gazetted"},{"month":"August","date":15,"day":"Saturday","name":"Independence Day","type":"Gazetted"},{"month":"August","date":16,"day":"Sunday","name":"Parsi New Year","type":"Restricted"},{"month":"August","date":22,"day":"Saturday","name":"Ganesh Chaturthi/Vin
08-05 15:31:00.871 12513 13746 I art     : Starting a blocking GC Explicit
08-05 15:31:00.928 12513 13746 I art     : Explicit concurrent mark sweep GC freed 16661(722KB) AllocSpace objects, 12(4MB) LOS objects, 10% free, 136MB/152MB, paused 1.264ms total 57.452ms
08-05 15:31:00.949 12513 13746 I art     : Starting a blocking GC Explicit
08-05 15:31:00.998 12513 13746 I art     : Explicit concurrent mark sweep GC freed 2276(247KB) AllocSpace objects, 0(0B) LOS objects, 10% free, 136MB/152MB, paused 1.215ms total 48.375ms
08-05 15:31:01.016 12513 13746 I art     : Starting a blocking GC Explicit
08-05 15:31:01.064 12513 13746 I art     : Explicit concurrent mark sweep GC freed 99(1696B) AllocSpace objects, 0(0B) LOS objects, 10% free, 136MB/152MB, paused 1.136ms total 48.475ms
08-05 15:31:01.082 12513 13746 I art     : Starting a blocking GC Explicit
08-05 15:31:01.131 12513 13746 I art     : Explicit concurrent mark sweep GC freed 99(1696B) AllocSpace objects, 0(0B) LOS objects, 10% free, 136MB/152MB, paused 1.152ms total 48.873ms
08-05 15:31:01.149 12513 13746 I art     : Starting a blocking GC Explicit
08-05 15:31:01.199 12513 13746 I art     : Explicit concurrent mark sweep GC freed 99(1696B) AllocSpace objects, 0(0B) LOS objects, 10% free, 136MB/152MB, paused 1.261ms total 49.051ms
08-05 15:31:01.425 11851 11851 I ServiceManager: Waiting for service AtCmdFwd...
08-05 15:31:01.598 12513 12792 I art     : Starting a blocking GC Explicit
08-05 15:31:01.651 12513 12792 I art     : Explicit concurrent mark sweep GC freed 2274(103KB) AllocSpace objects, 2(36KB) LOS objects, 10% free, 136MB/152MB, paused 1.437ms total 53.093ms
08-05 15:31:01.670 12513 12792 I art     : Starting a blocking GC Explicit
08-05 15:31:01.723 12513 12792 I art     : Explicit concurrent mark sweep GC freed 156(3KB) AllocSpace objects, 0(0B) LOS objects, 10% free, 136MB/152MB, paused 1.149ms total 53.410ms
08-05 15:31:01.742 12513 12792 I art     : Starting a blocking GC Explicit
08-05 15:31:01.792 12513 12792 I art     : Explicit concurrent mark sweep GC freed 100(1728B) AllocSpace objects, 0(0B) LOS objects, 10% free, 136MB/152MB, paused 1.209ms total 50.282ms
08-05 15:31:01.793 12513 12523 I art     : WaitForGcToComplete blocked for 44.583ms for cause HeapTrim
08-05 15:31:01.811 12513 12792 I art     : Starting a blocking GC Explicit
08-05 15:31:01.867 12513 12792 I art     : Explicit concurrent mark sweep GC freed 99(1696B) AllocSpace objects, 0(0B) LOS objects, 10% free, 136MB/152MB, paused 1.286ms total 55.547ms
08-05 15:31:01.886 12513 12792 I art     : Starting a blocking GC Explicit
08-05 15:31:01.939 12513 12792 I art     : Explicit concurrent mark sweep GC freed 123(2096B) AllocSpace objects, 0(0B) LOS objects, 10% free, 136MB/152MB, paused 1.298ms total 53.287ms
08-05 15:31:02.375 12513 12526 I art     : Starting a blocking GC Explicit
08-05 15:31:02.426 11851 11851 I ServiceManager: Waiting for service AtCmdFwd...
08-05 15:31:02.427 12513 12526 I art     : Explicit concurrent mark sweep GC freed 2278(103KB) AllocSpace objects, 2(36KB) LOS objects, 10% free, 136MB/152MB, paused 1.231ms total 52.091ms
08-05 15:31:02.445 12513 12526 I art     : Starting a blocking GC Explicit
08-05 15:31:02.499 12513 12526 I art     : Explicit concurrent mark sweep GC freed 155(3KB) AllocSpace objects, 0(0B) LOS objects, 10% free, 136MB/152MB, paused 1.246ms total 53.056ms
08-05 15:31:02.517 12513 12526 I art     : Starting a blocking GC Explicit
08-05 15:31:02.570 12513 12526 I art     : Explicit concurrent mark sweep GC freed 108(1824B) AllocSpace objects, 0(0B) LOS objects, 10% free, 136MB/152MB, paused 1.423ms total 53.236ms
08-05 15:31:02.589 12513 12526 I art     : Starting a blocking GC Explicit
08-05 15:31:02.642 12513 12526 I art     : Explicit concurrent mark sweep GC freed 113(1936B) AllocSpace objects, 0(0B) LOS objects, 10% free, 136MB/152MB, paused 1.148ms total 52.601ms
08-05 15:31:02.660 12513 12526 I art     : Starting a blocking GC Explicit
08-05 15:31:02.715 12513 12526 I art     : Explicit concurrent mark sweep GC freed 100(1728B) AllocSpace objects, 0(0B) LOS objects, 10% free, 136MB/152MB, paused 1.240ms total 54.853ms
08-05 15:31:03.149 12513 12531 I art     : Starting a blocking GC Explicit
08-05 15:31:03.234 12513 12531 I art     : Explicit concurrent mark sweep GC freed 2327(104KB) AllocSpace objects, 2(36KB) LOS objects, 10% free, 136MB/152MB, paused 1.695ms total 85.018ms
08-05 15:31:03.261 12513 12531 I art     : Starting a blocking GC Explicit
08-05 15:31:03.308 12513 12531 I art     : Explicit concurrent mark sweep GC freed 148(3024B) AllocSpace objects, 0(0B) LOS objects, 10% free, 136MB/152MB, paused 1.229ms total 46.701ms
08-05 15:31:03.325 12513 12531 I art     : Starting a blocking GC Explicit
08-05 15:31:03.374 12513 12531 I art     : Explicit concurrent mark sweep GC freed 99(1696B) AllocSpace objects, 0(0B) LOS objects, 10% free, 136MB/152MB, paused 1.180ms total 48.828ms
08-05 15:31:03.392 12513 12531 I art     : Starting a blocking GC Explicit
08-05 15:31:03.427 11851 11851 I ServiceManager: Waiting for service AtCmdFwd...
08-05 15:31:03.444 12513 12531 I art     : Explicit concurrent mark sweep GC freed 99(1696B) AllocSpace objects, 0(0B) LOS objects, 10% free, 136MB/152MB, paused 1.098ms total 51.104ms
08-05 15:31:03.462 12513 12531 I art     : Starting a blocking GC Explicit
08-05 15:31:03.515 12513 12531 I art     : Explicit concurrent mark sweep GC freed 130(2528B) AllocSpace objects, 0(0B) LOS objects, 10% free, 136MB/152MB, paused 1.210ms total 52.131ms
08-05 15:31:03.922 12513 12525 I art     : Starting a blocking GC Explicit
08-05 15:31:03.980 12513 12525 I art     : Explicit concurrent mark sweep GC freed 2279(104KB) AllocSpace objects, 2(36KB) LOS objects, 10% free, 136MB/152MB, paused 1.223ms total 57.173ms
08-05 15:31:04.002 12513 12525 I art     : Starting a blocking GC Explicit
08-05 15:31:04.054 12513 12525 I art     : Explicit concurrent mark sweep GC freed 169(3KB) AllocSpace objects, 0(0B) LOS objects, 10% free, 136MB/152MB, paused 1.305ms total 51.670ms
08-05 15:31:04.072 12513 12525 I art     : Starting a blocking GC Explicit
08-05 15:31:04.123 12513 12525 I art     : Explicit concurrent mark sweep GC freed 101(1728B) AllocSpace objects, 0(0B) LOS objects, 10% free, 136MB/152MB, paused 1.121ms total 50.323ms
08-05 15:31:04.141 12513 12525 I art     : Starting a blocking GC Explicit
08-05 15:31:04.188 12513 12525 I art     : Explicit concurrent mark sweep GC freed 99(1696B) AllocSpace objects, 0(0B) LOS objects, 10% free, 136MB/152MB, paused 1.155ms total 47.074ms
08-05 15:31:04.206 12513 12525 I art     : Starting a blocking GC Explicit
08-05 15:31:04.254 12513 12525 I art     : Explicit concurrent mark sweep GC freed 94(1616B) AllocSpace objects, 0(0B) LOS objects, 10% free, 136MB/152MB, paused 1.280ms total 46.925ms
08-05 15:31:04.427 11851 11851 W Atfwd_Sendcmd: AtCmdFwd service not published, waiting... retryCnt : 5
08-05 15:31:04.672 12513 13746 I art     : Starting a blocking GC Explicit
08-05 15:31:04.684 14436 14436 D AndroidRuntime: >>>>>> START com.android.internal.os.RuntimeInit uid 2000 <<<<<<
08-05 15:31:04.691 14436 14436 D AndroidRuntime: CheckJNI is OFF
08-05 15:31:04.726 12513 13746 I art     : Explicit concurrent mark sweep GC freed 2315(105KB) AllocSpace objects, 2(36KB) LOS objects, 10% free, 136MB/152MB, paused 1.232ms total 53.523ms
08-05 15:31:04.737 14436 14436 D ICU     : No timezone override file found: /data/misc/zoneinfo/current/icu/icu_tzdata.dat
08-05 15:31:04.745 12513 13746 I art     : Starting a blocking GC Explicit
08-05 15:31:04.780 14436 14436 I Radio-JNI: register_android_hardware_Radio DONE
08-05 15:31:04.795 12513 13746 I art     : Explicit concurrent mark sweep GC freed 149(3KB) AllocSpace objects, 0(0B) LOS objects, 10% free, 136MB/152MB, paused 1.280ms total 49.583ms
08-05 15:31:04.811 14436 14436 D AndroidRuntime: Calling main entry com.android.commands.input.Input
08-05 15:31:04.813 12513 13746 I art     : Starting a blocking GC Explicit
08-05 15:31:04.813 14436 14436 I Input   : injectKeyEvent: KeyEvent { action=ACTION_DOWN, keyCode=KEYCODE_BACK, scanCode=0, metaState=0, flags=0x0, repeatCount=0, eventTime=804681226, downTime=804681226, deviceId=-1, source=0x101 }
08-05 15:31:04.820 14436 14436 I Input   : injectKeyEvent: KeyEvent { action=ACTION_UP, keyCode=KEYCODE_BACK, scanCode=0, metaState=0, flags=0x0, repeatCount=0, eventTime=804681226, downTime=804681226, deviceId=-1, source=0x101 }
08-05 15:31:04.826 14436 14436 D AndroidRuntime: Shutting down VM
08-05 15:31:04.836 12513 12513 V MainActivity: url = https://project-travel-mate.herokuapp.com/api/number-of-unread-notifications
08-05 15:31:04.859 12513 13746 I art     : Explicit concurrent mark sweep GC freed 365(13KB) AllocSpace objects, 0(0B) LOS objects, 10% free, 136MB/152MB, paused 1.219ms total 46.319ms
08-05 15:31:04.867 13866 13866 I GoogleInputMethodServic: GoogleInputMethodService.onFinishInput():3138 
08-05 15:31:04.868 13866 13866 I GoogleInputMethodServic: GoogleInputMethodService.onStartInput():1808 
08-05 15:31:04.879 12513 13746 I art     : Starting a blocking GC Explicit
08-05 15:31:04.924 12513 13746 I art     : Explicit concurrent mark sweep GC freed 151(4KB) AllocSpace objects, 0(0B) LOS objects, 10% free, 136MB/152MB, paused 1.363ms total 44.757ms
08-05 15:31:04.942 12513 13746 I art     : Starting a blocking GC Explicit
08-05 15:31:04.986 12513 13746 I art     : Explicit concurrent mark sweep GC freed 153(6KB) AllocSpace objects, 0(0B) LOS objects, 10% free, 136MB/152MB, paused 1.186ms total 43.523ms
08-05 15:31:05.202   380   380 W SurfaceFlinger: couldn't log to binary event log: overflow.
08-05 15:31:05.368 12513 12526 I art     : Starting a blocking GC Explicit
08-05 15:31:05.439 12513 12526 I art     : Explicit concurrent mark sweep GC freed 1949(100KB) AllocSpace objects, 3(224KB) LOS objects, 10% free, 136MB/152MB, paused 1.361ms total 71.155ms
08-05 15:31:05.459 12513 12526 I art     : Starting a blocking GC Explicit
08-05 15:31:05.510 12513 12526 I art     : Explicit concurrent mark sweep GC freed 9252(494KB) AllocSpace objects, 16(464KB) LOS objects, 10% free, 136MB/152MB, paused 1.580ms total 49.939ms
08-05 15:31:05.528 12513 12526 I art     : Starting a blocking GC Explicit
08-05 15:31:05.533 12513 14459 I NAPPA_EXPERIMENTATION: MetricNetworkRequestExecutionTime: REQUEST_DURATION_SYSTEM='696',REQUEST_DURATION_OKHTTP='36',REQUEST_SYNCHRONOUS='FALSE',RESPONSE_CODE='200',RESPONSE_METHOD='GET',RESPONSE_LENGTH_OKHTTP='36',RESPONSE_LENGTH_HEADER='36',REQUEST_PROTOCOL='http/1.1',REQUEST_URL='https://project-travel-mate.herokuapp.com/api/number-of-unread-notifications',
08-05 15:31:05.575 12513 12526 I art     : Explicit concurrent mark sweep GC freed 1043(126KB) AllocSpace objects, 0(0B) LOS objects, 10% free, 136MB/152MB, paused 1.273ms total 46.992ms
08-05 15:31:05.593 12513 12526 I art     : Starting a blocking GC Explicit
08-05 15:31:05.643 12513 12526 I art     : Explicit concurrent mark sweep GC freed 135(5KB) AllocSpace objects, 0(0B) LOS objects, 10% free, 136MB/152MB, paused 1.431ms total 49.753ms
08-05 15:31:05.665 12513 12526 I art     : Starting a blocking GC Explicit
08-05 15:31:05.714 12513 12526 I art     : Explicit concurrent mark sweep GC freed 3(96B) AllocSpace objects, 0(0B) LOS objects, 10% free, 136MB/152MB, paused 1.271ms total 48.561ms
08-05 15:31:06.117 12513 13746 I art     : Starting a blocking GC Explicit
08-05 15:31:06.166 12513 13746 I art     : Explicit concurrent mark sweep GC freed 1582(91KB) AllocSpace objects, 2(36KB) LOS objects, 10% free, 136MB/152MB, paused 1.185ms total 48.323ms
08-05 15:31:06.184 12513 13746 I art     : Starting a blocking GC Explicit
08-05 15:31:06.230 12513 13746 I art     : Explicit concurrent mark sweep GC freed 28(1024B) AllocSpace objects, 0(0B) LOS objects, 10% free, 136MB/152MB, paused 1.233ms total 46.066ms
08-05 15:31:06.248 12513 13746 I art     : Starting a blocking GC Explicit
08-05 15:31:06.297 12513 13746 I art     : Explicit concurrent mark sweep GC freed 3(96B) AllocSpace objects, 0(0B) LOS objects, 10% free, 136MB/152MB, paused 1.208ms total 48.132ms
08-05 15:31:06.314 12513 13746 I art     : Starting a blocking GC Explicit
08-05 15:31:06.361 12513 13746 I art     : Explicit concurrent mark sweep GC freed 3(96B) AllocSpace objects, 0(0B) LOS objects, 10% free, 136MB/152MB, paused 1.191ms total 46.176ms
08-05 15:31:06.379 12513 13746 I art     : Starting a blocking GC Explicit
08-05 15:31:06.425 12513 13746 I art     : Explicit concurrent mark sweep GC freed 3(96B) AllocSpace objects, 0(0B) LOS objects, 10% free, 136MB/152MB, paused 1.217ms total 46.475ms
08-05 15:31:06.627 14481 14481 D AndroidRuntime: >>>>>> START com.android.internal.os.RuntimeInit uid 2000 <<<<<<
08-05 15:31:06.632 14481 14481 D AndroidRuntime: CheckJNI is OFF
08-05 15:31:06.673 14481 14481 D ICU     : No timezone override file found: /data/misc/zoneinfo/current/icu/icu_tzdata.dat
08-05 15:31:06.713 14481 14481 I Radio-JNI: register_android_hardware_Radio DONE
08-05 15:31:06.741 14481 14481 D AndroidRuntime: Calling main entry com.android.commands.input.Input
08-05 15:31:06.747 14481 14481 I Input   : injectMotionEvent: MotionEvent { action=ACTION_DOWN, actionButton=0, id[0]=0, x[0]=117.0, y[0]=170.0, toolType[0]=TOOL_TYPE_UNKNOWN, buttonState=0, metaState=0, flags=0x0, edgeFlags=0x0, pointerCount=1, historySize=0, eventTime=804683160, downTime=804683160, deviceId=0, source=0x1002 }
08-05 15:31:06.778 14481 14481 I Input   : injectMotionEvent: MotionEvent { action=ACTION_UP, actionButton=0, id[0]=0, x[0]=117.0, y[0]=170.0, toolType[0]=TOOL_TYPE_UNKNOWN, buttonState=0, metaState=0, flags=0x0, edgeFlags=0x0, pointerCount=1, historySize=0, eventTime=804683160, downTime=804683160, deviceId=0, source=0x1002 }
08-05 15:31:06.781 14481 14481 D AndroidRuntime: Shutting down VM
08-05 15:31:06.793   512  2967 D audio_hw_primary: out_set_parameters: enter: usecase(1: low-latency-playback) kvpairs: routing=2
08-05 15:31:06.805   512  2967 D audio_hw_primary: select_devices: out_snd_device(2: speaker) in_snd_device(0: none)
08-05 15:31:06.806   512  2967 D msm8974_platform: platform_send_audio_calibration: sending audio calibration for snd_device(2) acdb_id(15)
08-05 15:31:06.806   512  2967 I soundtrigger: audio_extn_sound_trigger_update_device_status: device 0x2 of type 0 for Event 1
08-05 15:31:06.821   512  2967 D audio_hw_primary: enable_snd_device: snd_device(2: speaker)
08-05 15:31:06.823   512  2967 D audio_hw_primary: enable_audio_route: apply and update mixer path: low-latency-playback speaker
08-05 15:31:06.832 12513 12792 I art     : Starting a blocking GC Explicit
08-05 15:31:06.876 12513 12792 I art     : Explicit concurrent mark sweep GC freed 1709(96KB) AllocSpace objects, 2(36KB) LOS objects, 10% free, 136MB/152MB, paused 1.322ms total 43.876ms
08-05 15:31:06.877 12513 12523 I art     : WaitForGcToComplete blocked for 9.557ms for cause HeapTrim
08-05 15:31:06.896 12513 12792 I art     : Starting a blocking GC Explicit
08-05 15:31:06.938 12513 12792 I art     : Explicit concurrent mark sweep GC freed 432(21KB) AllocSpace objects, 0(0B) LOS objects, 10% free, 136MB/152MB, paused 1.487ms total 42.060ms
08-05 15:31:06.955 12513 12792 I art     : Starting a blocking GC Explicit
08-05 15:31:06.998 12513 12792 I art     : Explicit concurrent mark sweep GC freed 7(384B) AllocSpace objects, 0(0B) LOS objects, 10% free, 136MB/152MB, paused 1.274ms total 42.804ms
08-05 15:31:07.016 12513 12792 I art     : Starting a blocking GC Explicit
08-05 15:31:07.058 12513 12792 I art     : Explicit concurrent mark sweep GC freed 3(96B) AllocSpace objects, 0(0B) LOS objects, 10% free, 136MB/152MB, paused 1.204ms total 41.938ms
08-05 15:31:07.076 12513 12792 I art     : Starting a blocking GC Explicit
08-05 15:31:07.116 12513 12792 I art     : Explicit concurrent mark sweep GC freed 3(96B) AllocSpace objects, 0(0B) LOS objects, 10% free, 136MB/152MB, paused 1.139ms total 40.196ms
08-05 15:31:07.359   512  2967 D audio_hw_primary: disable_audio_route: reset and update mixer path: low-latency-playback speaker
08-05 15:31:07.360   512  2967 D audio_hw_primary: disable_snd_device: snd_device(2: speaker)
08-05 15:31:07.368   512  2967 I soundtrigger: audio_extn_sound_trigger_update_device_status: device 0x2 of type 0 for Event 0
08-05 15:31:07.489 12513 12531 I art     : Starting a blocking GC Explicit
08-05 15:31:07.536 12513 12531 I art     : Explicit concurrent mark sweep GC freed 1618(92KB) AllocSpace objects, 2(36KB) LOS objects, 10% free, 136MB/152MB, paused 1.305ms total 46.799ms
08-05 15:31:07.545 14504 14504 D AndroidRuntime: >>>>>> START com.android.internal.os.RuntimeInit uid 2000 <<<<<<
08-05 15:31:07.551 14504 14504 D AndroidRuntime: CheckJNI is OFF
08-05 15:31:07.554 12513 12531 I art     : Starting a blocking GC Explicit
08-05 15:31:07.595 14504 14504 D ICU     : No timezone override file found: /data/misc/zoneinfo/current/icu/icu_tzdata.dat
08-05 15:31:07.600 12513 12531 I art     : Explicit concurrent mark sweep GC freed 38(1344B) AllocSpace objects, 0(0B) LOS objects, 10% free, 136MB/152MB, paused 1.234ms total 45.724ms
08-05 15:31:07.618 12513 12531 I art     : Starting a blocking GC Explicit
08-05 15:31:07.637 14504 14504 I Radio-JNI: register_android_hardware_Radio DONE
08-05 15:31:07.664 12513 12531 I art     : Explicit concurrent mark sweep GC freed 15(752B) AllocSpace objects, 0(0B) LOS objects, 10% free, 136MB/152MB, paused 1.208ms total 45.683ms
08-05 15:31:07.667 14504 14504 D AndroidRuntime: Calling main entry com.android.commands.input.Input
08-05 15:31:07.669 14504 14504 I Input   : injectMotionEvent: MotionEvent { action=ACTION_DOWN, actionButton=0, id[0]=0, x[0]=405.0, y[0]=661.0, toolType[0]=TOOL_TYPE_UNKNOWN, buttonState=0, metaState=0, flags=0x0, edgeFlags=0x0, pointerCount=1, historySize=0, eventTime=804684082, downTime=804684082, deviceId=0, source=0x1002 }
08-05 15:31:07.674 14504 14504 I Input   : injectMotionEvent: MotionEvent { action=ACTION_UP, actionButton=0, id[0]=0, x[0]=405.0, y[0]=661.0, toolType[0]=TOOL_TYPE_UNKNOWN, buttonState=0, metaState=0, flags=0x0, edgeFlags=0x0, pointerCount=1, historySize=0, eventTime=804684082, downTime=804684082, deviceId=0, source=0x1002 }
08-05 15:31:07.677 14504 14504 D AndroidRuntime: Shutting down VM
08-05 15:31:07.681 12513 12531 I art     : Starting a blocking GC Explicit
08-05 15:31:07.703   512  2967 D audio_hw_primary: out_set_parameters: enter: usecase(1: low-latency-playback) kvpairs: routing=2
08-05 15:31:07.716   512  2967 D audio_hw_primary: select_devices: out_snd_device(2: speaker) in_snd_device(0: none)
08-05 15:31:07.716   512  2967 D msm8974_platform: platform_send_audio_calibration: sending audio calibration for snd_device(2) acdb_id(15)
08-05 15:31:07.717   512  2967 I soundtrigger: audio_extn_sound_trigger_update_device_status: device 0x2 of type 0 for Event 1
08-05 15:31:07.726   512  2967 D audio_hw_primary: enable_snd_device: snd_device(2: speaker)
08-05 15:31:07.728   512  2967 D audio_hw_primary: enable_audio_route: apply and update mixer path: low-latency-playback speaker
08-05 15:31:07.730 12513 12531 I art     : Explicit concurrent mark sweep GC freed 437(43KB) AllocSpace objects, 0(0B) LOS objects, 10% free, 136MB/152MB, paused 1.409ms total 47.859ms
08-05 15:31:07.747 12513 12531 I art     : Waiting for a blocking GC Explicit
08-05 15:31:07.757 12513 12531 I art     : WaitForGcToComplete blocked for 9.643ms for cause Explicit
08-05 15:31:07.757 12513 12531 I art     : Starting a blocking GC Explicit
08-05 15:31:07.774   512  2967 D AudioFlinger: mixer(0xf4740000) throttle end: throttle time(12)
08-05 15:31:07.802 12513 12531 I art     : Explicit concurrent mark sweep GC freed 71(31KB) AllocSpace objects, 0(0B) LOS objects, 8% free, 167MB/183MB, paused 1.404ms total 44.074ms
08-05 15:31:07.802 12513 12523 I art     : WaitForGcToComplete blocked for 44.353ms for cause Background
08-05 15:31:07.959   918  3261 D WifiStateMachine: starting scan for "H369AA63323"WPA_PSK with 2412,5180
08-05 15:31:08.181 12513 12525 I art     : Starting a blocking GC Explicit
08-05 15:31:08.232 12513 12525 I art     : Explicit concurrent mark sweep GC freed 3141(187KB) AllocSpace objects, 11(288KB) LOS objects, 8% free, 182MB/198MB, paused 1.303ms total 51.210ms
08-05 15:31:08.254 12513 12525 I art     : Starting a blocking GC Explicit
08-05 15:31:08.269   512  2967 D audio_hw_primary: disable_audio_route: reset and update mixer path: low-latency-playback speaker
08-05 15:31:08.270   512  2967 D audio_hw_primary: disable_snd_device: snd_device(2: speaker)
08-05 15:31:08.277   512  2967 I soundtrigger: audio_extn_sound_trigger_update_device_status: device 0x2 of type 0 for Event 0
08-05 15:31:08.296 12513 12525 I art     : Explicit concurrent mark sweep GC freed 898(51KB) AllocSpace objects, 0(0B) LOS objects, 8% free, 182MB/198MB, paused 1.305ms total 41.667ms
08-05 15:31:08.313 12513 12525 I art     : Starting a blocking GC Explicit
08-05 15:31:08.356 12513 12525 I art     : Explicit concurrent mark sweep GC freed 44(1088B) AllocSpace objects, 0(0B) LOS objects, 8% free, 182MB/198MB, paused 1.083ms total 43.209ms
08-05 15:31:08.375 12513 12525 I art     : Starting a blocking GC Explicit
08-05 15:31:08.418 12513 12525 I art     : Explicit concurrent mark sweep GC freed 3(96B) AllocSpace objects, 0(0B) LOS objects, 8% free, 182MB/198MB, paused 1.144ms total 42.860ms
08-05 15:31:08.436 12513 12525 I art     : Starting a blocking GC Explicit
08-05 15:31:08.483 12513 12525 I art     : Explicit concurrent mark sweep GC freed 33(896B) AllocSpace objects, 0(0B) LOS objects, 8% free, 182MB/198MB, paused 1.100ms total 47.641ms
08-05 15:31:08.903 12513 12531 I art     : Starting a blocking GC Explicit
08-05 15:31:08.968 12513 12531 I art     : Explicit concurrent mark sweep GC freed 1596(92KB) AllocSpace objects, 2(36KB) LOS objects, 8% free, 182MB/198MB, paused 1.239ms total 64.716ms
08-05 15:31:08.989 12513 12531 I art     : Starting a blocking GC Explicit
08-05 15:31:09.040 12513 12531 I art     : Explicit concurrent mark sweep GC freed 42(1456B) AllocSpace objects, 0(0B) LOS objects, 8% free, 182MB/198MB, paused 1.192ms total 50.361ms
08-05 15:31:09.058 12513 12531 I art     : Starting a blocking GC Explicit
08-05 15:31:09.107 12513 12531 I art     : Explicit concurrent mark sweep GC freed 3(96B) AllocSpace objects, 0(0B) LOS objects, 8% free, 182MB/198MB, paused 1.233ms total 49.044ms
08-05 15:31:09.125 12513 12531 I art     : Starting a blocking GC Explicit
08-05 15:31:09.174 12513 12531 I art     : Explicit concurrent mark sweep GC freed 3(96B) AllocSpace objects, 0(0B) LOS objects, 8% free, 182MB/198MB, paused 1.034ms total 48.254ms
08-05 15:31:09.192 12513 12531 I art     : Starting a blocking GC Explicit
08-05 15:31:09.242 12513 12531 I art     : Explicit concurrent mark sweep GC freed 3(96B) AllocSpace objects, 0(0B) LOS objects, 8% free, 182MB/198MB, paused 1.266ms total 50.163ms
08-05 15:31:09.677 12513 12526 I art     : Starting a blocking GC Explicit
08-05 15:31:09.747 12513 12526 I art     : Explicit concurrent mark sweep GC freed 1613(92KB) AllocSpace objects, 2(36KB) LOS objects, 8% free, 182MB/198MB, paused 1.374ms total 69.059ms
08-05 15:31:09.771 12513 12526 I art     : Starting a blocking GC Explicit
08-05 15:31:09.822 12513 12526 I art     : Explicit concurrent mark sweep GC freed 39(1648B) AllocSpace objects, 0(0B) LOS objects, 8% free, 182MB/198MB, paused 1.237ms total 49.936ms
08-05 15:31:09.840 12513 12526 I art     : Starting a blocking GC Explicit
08-05 15:31:09.893 12513 12526 I art     : Explicit concurrent mark sweep GC freed 14(672B) AllocSpace objects, 0(0B) LOS objects, 8% free, 182MB/198MB, paused 1.184ms total 53.246ms
08-05 15:31:09.912 12513 12526 I art     : Starting a blocking GC Explicit
08-05 15:31:09.959 12513 12526 I art     : Explicit concurrent mark sweep GC freed 12(592B) AllocSpace objects, 0(0B) LOS objects, 8% free, 182MB/198MB, paused 1.078ms total 46.765ms
08-05 15:31:09.976 12513 12526 I art     : Starting a blocking GC Explicit
08-05 15:31:10.022 12513 12526 I art     : Explicit concurrent mark sweep GC freed 3(96B) AllocSpace objects, 0(0B) LOS objects, 8% free, 182MB/198MB, paused 1.127ms total 45.884ms
08-05 15:31:10.453 12513 12792 I art     : Starting a blocking GC Explicit
08-05 15:31:10.461 14555 14555 D AndroidRuntime: >>>>>> START com.android.internal.os.RuntimeInit uid 2000 <<<<<<
08-05 15:31:10.468 14555 14555 D AndroidRuntime: CheckJNI is OFF
08-05 15:31:10.509 12513 12792 I art     : Explicit concurrent mark sweep GC freed 1613(92KB) AllocSpace objects, 2(36KB) LOS objects, 8% free, 182MB/198MB, paused 1.299ms total 56.252ms
08-05 15:31:10.515 14555 14555 D ICU     : No timezone override file found: /data/misc/zoneinfo/current/icu/icu_tzdata.dat
08-05 15:31:10.528 12513 12792 I art     : Starting a blocking GC Explicit
08-05 15:31:10.563 14555 14555 I Radio-JNI: register_android_hardware_Radio DONE
08-05 15:31:10.576 12513 12792 I art     : Explicit concurrent mark sweep GC freed 28(1024B) AllocSpace objects, 0(0B) LOS objects, 8% free, 182MB/198MB, paused 1.329ms total 48.562ms
08-05 15:31:10.594 14555 14555 D AndroidRuntime: Calling main entry com.android.commands.input.Input
08-05 15:31:10.595 12513 12792 I art     : Starting a blocking GC Explicit
08-05 15:31:10.597 14555 14555 I Input   : injectMotionEvent: MotionEvent { action=ACTION_DOWN, actionButton=0, id[0]=0, x[0]=1341.0, y[0]=197.0, toolType[0]=TOOL_TYPE_UNKNOWN, buttonState=0, metaState=0, flags=0x0, edgeFlags=0x0, pointerCount=1, historySize=0, eventTime=804687008, downTime=804687008, deviceId=0, source=0x1002 }
08-05 15:31:10.603 14555 14555 I Input   : injectMotionEvent: MotionEvent { action=ACTION_UP, actionButton=0, id[0]=0, x[0]=1341.0, y[0]=197.0, toolType[0]=TOOL_TYPE_UNKNOWN, buttonState=0, metaState=0, flags=0x0, edgeFlags=0x0, pointerCount=1, historySize=0, eventTime=804687008, downTime=804687008, deviceId=0, source=0x1002 }
08-05 15:31:10.606 14555 14555 D AndroidRuntime: Shutting down VM
08-05 15:31:10.611   918  6029 I ActivityManager: START u0 {cmp=baseline.io.github.project_travel_mate/.notifications.NotificationsActivity} from uid 10674 on display 0
08-05 15:31:10.613   512  2967 D audio_hw_primary: out_set_parameters: enter: usecase(1: low-latency-playback) kvpairs: routing=2
08-05 15:31:10.625   512  2967 D audio_hw_primary: select_devices: out_snd_device(2: speaker) in_snd_device(0: none)
08-05 15:31:10.626   512  2967 D msm8974_platform: platform_send_audio_calibration: sending audio calibration for snd_device(2) acdb_id(15)
08-05 15:31:10.626   512  2967 I soundtrigger: audio_extn_sound_trigger_update_device_status: device 0x2 of type 0 for Event 1
08-05 15:31:10.638   512  2967 D audio_hw_primary: enable_snd_device: snd_device(2: speaker)
08-05 15:31:10.641   512  2967 D audio_hw_primary: enable_audio_route: apply and update mixer path: low-latency-playback speaker
08-05 15:31:10.642 12513 12792 I art     : Explicit concurrent mark sweep GC freed 362(22KB) AllocSpace objects, 0(0B) LOS objects, 8% free, 182MB/198MB, paused 1.366ms total 46.852ms
08-05 15:31:10.653 12513 12580 D Gabe    : call	returning from cache
08-05 15:31:10.660 12513 12513 V EXECUTING: https://project-travel-mate.herokuapp.com/api/get-notifications
08-05 15:31:10.662 12513 12792 I art     : Starting a blocking GC Explicit
08-05 15:31:10.663 12513 12513 V EXECUTING: https://project-travel-mate.herokuapp.com/api/get-notifications
08-05 15:31:10.705 12513 12792 I art     : Explicit concurrent mark sweep GC freed 991(81KB) AllocSpace objects, 0(0B) LOS objects, 8% free, 182MB/198MB, paused 1.299ms total 43.066ms
08-05 15:31:10.722 12513 12792 I art     : Starting a blocking GC Explicit
08-05 15:31:10.770 12513 12792 I art     : Explicit concurrent mark sweep GC freed 971(36KB) AllocSpace objects, 0(0B) LOS objects, 7% free, 187MB/203MB, paused 1.945ms total 47.032ms
08-05 15:31:10.839   918   936 I ActivityManager: Displayed baseline.io.github.project_travel_mate/.notifications.NotificationsActivity: +218ms
08-05 15:31:10.840 13866 13866 I GoogleInputMethodServic: GoogleInputMethodService.onFinishInput():3138 
08-05 15:31:10.841 13866 13866 I GoogleInputMethodServic: GoogleInputMethodService.onStartInput():1808 
08-05 15:31:10.935 12513 12528 D OpenGLRenderer: endAllStagingAnimators on 0x7f7c4f6800 (RippleDrawable) with handle 0x7f7c06d0e0
08-05 15:31:11.092   380   380 W SurfaceFlinger: couldn't log to binary event log: overflow.
08-05 15:31:11.140 12513 12792 I art     : Starting a blocking GC Explicit
08-05 15:31:11.179   512  2967 D audio_hw_primary: disable_audio_route: reset and update mixer path: low-latency-playback speaker
08-05 15:31:11.180   512  2967 D audio_hw_primary: disable_snd_device: snd_device(2: speaker)
08-05 15:31:11.185 12513 12792 I art     : Explicit concurrent mark sweep GC freed 2214(106KB) AllocSpace objects, 2(36KB) LOS objects, 7% free, 187MB/203MB, paused 1.126ms total 44.385ms
08-05 15:31:11.188   512  2967 I soundtrigger: audio_extn_sound_trigger_update_device_status: device 0x2 of type 0 for Event 0
08-05 15:31:11.204 12513 12792 I art     : Starting a blocking GC Explicit
08-05 15:31:11.251 12513 12792 I art     : Explicit concurrent mark sweep GC freed 178(4KB) AllocSpace objects, 0(0B) LOS objects, 7% free, 187MB/203MB, paused 1.208ms total 47.053ms
08-05 15:31:11.269 12513 12792 I art     : Starting a blocking GC Explicit
08-05 15:31:11.315 12513 12792 I art     : Explicit concurrent mark sweep GC freed 1442(115KB) AllocSpace objects, 4(240KB) LOS objects, 7% free, 187MB/203MB, paused 1.941ms total 46.451ms
08-05 15:31:11.334 12513 12792 I art     : Starting a blocking GC Explicit
08-05 15:31:11.384 12513 12792 I art     : Explicit concurrent mark sweep GC freed 4427(212KB) AllocSpace objects, 2(160KB) LOS objects, 7% free, 187MB/203MB, paused 1.588ms total 49.706ms
08-05 15:31:11.390 12513 14579 I NAPPA_EXPERIMENTATION: MetricNetworkRequestExecutionTime: REQUEST_DURATION_SYSTEM='729',REQUEST_DURATION_OKHTTP='50',REQUEST_SYNCHRONOUS='FALSE',RESPONSE_CODE='200',RESPONSE_METHOD='GET',RESPONSE_LENGTH_OKHTTP='2',RESPONSE_LENGTH_HEADER='2',REQUEST_PROTOCOL='http/1.1',REQUEST_URL='https://project-travel-mate.herokuapp.com/api/get-notifications',
08-05 15:31:11.394 12513 14580 I NAPPA_EXPERIMENTATION: MetricNetworkRequestExecutionTime: REQUEST_DURATION_SYSTEM='730',REQUEST_DURATION_OKHTTP='54',REQUEST_SYNCHRONOUS='FALSE',RESPONSE_CODE='200',RESPONSE_METHOD='GET',RESPONSE_LENGTH_OKHTTP='2',RESPONSE_LENGTH_HEADER='2',REQUEST_PROTOCOL='http/1.1',REQUEST_URL='https://project-travel-mate.herokuapp.com/api/get-notifications',
08-05 15:31:11.401 12513 12792 I art     : Starting a blocking GC Explicit
08-05 15:31:11.447 12513 12792 I art     : Explicit concurrent mark sweep GC freed 1746(199KB) AllocSpace objects, 0(0B) LOS objects, 7% free, 187MB/203MB, paused 1.367ms total 45.838ms
08-05 15:31:11.524 12513 12513 V Response: [] 
08-05 15:31:11.536 12513 12513 V Response: [] 
08-05 15:31:11.547 12513 12580 W LOTTIE  : Animation contains merge paths. Merge paths are only supported on KitKat+ and must be manually enabled by calling enableMergePathsForKitKatAndAbove().
08-05 15:31:11.554 12513 12580 W LOTTIE  : Animation contains merge paths. Merge paths are only supported on KitKat+ and must be manually enabled by calling enableMergePathsForKitKatAndAbove().
08-05 15:31:11.558 12513 12580 W LOTTIE  : Animation contains merge paths. Merge paths are only supported on KitKat+ and must be manually enabled by calling enableMergePathsForKitKatAndAbove().
08-05 15:31:11.562 12513 12580 W LOTTIE  : Animation contains merge paths. Merge paths are only supported on KitKat+ and must be manually enabled by calling enableMergePathsForKitKatAndAbove().
08-05 15:31:11.565 12513 12580 W LOTTIE  : Animation contains merge paths. Merge paths are only supported on KitKat+ and must be manually enabled by calling enableMergePathsForKitKatAndAbove().
08-05 15:31:11.570 12513 12580 W LOTTIE  : Animation contains merge paths. Merge paths are only supported on KitKat+ and must be manually enabled by calling enableMergePathsForKitKatAndAbove().
08-05 15:31:11.572 12513 12580 W LOTTIE  : Animation contains merge paths. Merge paths are only supported on KitKat+ and must be manually enabled by calling enableMergePathsForKitKatAndAbove().
08-05 15:31:11.573 12513 12513 W LOTTIE  : Animation contains merge paths but they are disabled.
08-05 15:31:11.822 12513 12531 I art     : Starting a blocking GC Explicit
08-05 15:31:11.872 12513 12531 I art     : Explicit concurrent mark sweep GC freed 12234(526KB) AllocSpace objects, 3(224KB) LOS objects, 7% free, 187MB/203MB, paused 1.581ms total 49.503ms
08-05 15:31:11.889 12513 12531 I art     : Starting a blocking GC Explicit
08-05 15:31:11.935 12513 12531 I art     : Explicit concurrent mark sweep GC freed 2132(83KB) AllocSpace objects, 0(0B) LOS objects, 7% free, 187MB/203MB, paused 1.417ms total 45.372ms
08-05 15:31:11.952 12513 12531 I art     : Starting a blocking GC Explicit
08-05 15:31:11.995 12513 12531 I art     : Explicit concurrent mark sweep GC freed 222(3KB) AllocSpace objects, 0(0B) LOS objects, 7% free, 187MB/203MB, paused 1.299ms total 43.022ms
08-05 15:31:11.996 12513 12523 I art     : WaitForGcToComplete blocked for 43.262ms for cause HeapTrim
08-05 15:31:12.012 12513 12531 I art     : Starting a blocking GC Explicit
08-05 15:31:12.055 12513 12531 I art     : Explicit concurrent mark sweep GC freed 274(4KB) AllocSpace objects, 0(0B) LOS objects, 7% free, 187MB/203MB, paused 1.122ms total 42.748ms
08-05 15:31:12.073 12513 12531 I art     : Starting a blocking GC Explicit
08-05 15:31:12.115 12513 12531 I art     : Explicit concurrent mark sweep GC freed 266(4KB) AllocSpace objects, 0(0B) LOS objects, 7% free, 187MB/203MB, paused 1.294ms total 42.511ms
08-05 15:31:12.504 12513 12792 I art     : Starting a blocking GC Explicit
08-05 15:31:12.551 12513 12792 I art     : Explicit concurrent mark sweep GC freed 3508(124KB) AllocSpace objects, 2(36KB) LOS objects, 7% free, 187MB/203MB, paused 1.319ms total 46.554ms
08-05 15:31:12.569 12513 12792 I art     : Starting a blocking GC Explicit
08-05 15:31:12.614 12513 12792 I art     : Explicit concurrent mark sweep GC freed 275(4KB) AllocSpace objects, 0(0B) LOS objects, 7% free, 187MB/203MB, paused 1.464ms total 45.314ms
08-05 15:31:12.632 12513 12792 I art     : Starting a blocking GC Explicit
08-05 15:31:12.678 12513 12792 I art     : Explicit concurrent mark sweep GC freed 261(4KB) AllocSpace objects, 0(0B) LOS objects, 7% free, 187MB/203MB, paused 1.209ms total 45.787ms
08-05 15:31:12.695 12513 12792 I art     : Starting a blocking GC Explicit
08-05 15:31:12.740 12513 12792 I art     : Explicit concurrent mark sweep GC freed 283(4KB) AllocSpace objects, 0(0B) LOS objects, 7% free, 187MB/203MB, paused 1.112ms total 43.975ms
08-05 15:31:12.757 12513 12792 I art     : Starting a blocking GC Explicit
08-05 15:31:12.801 12513 12792 I art     : Explicit concurrent mark sweep GC freed 283(4KB) AllocSpace objects, 0(0B) LOS objects, 7% free, 187MB/203MB, paused 1.315ms total 43.546ms
08-05 15:31:13.193 12513 12526 I art     : Starting a blocking GC Explicit
08-05 15:31:13.242 12513 12526 I art     : Explicit concurrent mark sweep GC freed 3427(122KB) AllocSpace objects, 2(36KB) LOS objects, 7% free, 187MB/203MB, paused 1.094ms total 48.567ms
08-05 15:31:13.260 12513 12526 I art     : Starting a blocking GC Explicit
08-05 15:31:13.306 12513 12526 I art     : Explicit concurrent mark sweep GC freed 338(6KB) AllocSpace objects, 0(0B) LOS objects, 7% free, 187MB/203MB, paused 1.077ms total 45.548ms
08-05 15:31:13.323 12513 12526 I art     : Starting a blocking GC Explicit
08-05 15:31:13.367 12513 12526 I art     : Explicit concurrent mark sweep GC freed 284(4KB) AllocSpace objects, 0(0B) LOS objects, 7% free, 187MB/203MB, paused 1.361ms total 43.863ms
08-05 15:31:13.384 12513 12526 I art     : Starting a blocking GC Explicit
08-05 15:31:13.428 12513 12526 I art     : Explicit concurrent mark sweep GC freed 213(3KB) AllocSpace objects, 0(0B) LOS objects, 7% free, 187MB/203MB, paused 1.058ms total 43.566ms
08-05 15:31:13.446 12513 12526 I art     : Starting a blocking GC Explicit
08-05 15:31:13.489 12513 12526 I art     : Explicit concurrent mark sweep GC freed 314(5KB) AllocSpace objects, 0(0B) LOS objects, 7% free, 187MB/203MB, paused 1.097ms total 42.897ms
08-05 15:31:13.885 12513 12531 I art     : Starting a blocking GC Explicit
08-05 15:31:13.934 12513 12531 I art     : Explicit concurrent mark sweep GC freed 3444(121KB) AllocSpace objects, 2(36KB) LOS objects, 7% free, 187MB/203MB, paused 1.381ms total 48.561ms
08-05 15:31:13.952 12513 12531 I art     : Starting a blocking GC Explicit
08-05 15:31:13.998 12513 12531 I art     : Explicit concurrent mark sweep GC freed 297(5KB) AllocSpace objects, 0(0B) LOS objects, 7% free, 187MB/203MB, paused 1.468ms total 45.836ms
08-05 15:31:14.015 12513 12531 I art     : Starting a blocking GC Explicit
08-05 15:31:14.058 12513 12531 I art     : Explicit concurrent mark sweep GC freed 274(4KB) AllocSpace objects, 0(0B) LOS objects, 7% free, 187MB/203MB, paused 1.088ms total 42.760ms
08-05 15:31:14.075 12513 12531 I art     : Starting a blocking GC Explicit
08-05 15:31:14.120 12513 12531 I art     : Explicit concurrent mark sweep GC freed 283(4KB) AllocSpace objects, 0(0B) LOS objects, 7% free, 187MB/203MB, paused 1.157ms total 43.818ms
08-05 15:31:14.137 12513 12531 I art     : Starting a blocking GC Explicit
08-05 15:31:14.183 12513 12531 I art     : Explicit concurrent mark sweep GC freed 245(3KB) AllocSpace objects, 0(0B) LOS objects, 7% free, 187MB/203MB, paused 1.391ms total 45.482ms
08-05 15:31:14.562 12513 13746 I art     : Starting a blocking GC Explicit
08-05 15:31:14.608 12513 13746 I art     : Explicit concurrent mark sweep GC freed 3401(121KB) AllocSpace objects, 2(36KB) LOS objects, 7% free, 187MB/203MB, paused 1.255ms total 45.900ms
08-05 15:31:14.626 12513 13746 I art     : Starting a blocking GC Explicit
08-05 15:31:14.671 12513 13746 I art     : Explicit concurrent mark sweep GC freed 310(5KB) AllocSpace objects, 0(0B) LOS objects, 7% free, 187MB/203MB, paused 1.101ms total 44.953ms
08-05 15:31:14.689 12513 13746 I art     : Starting a blocking GC Explicit
08-05 15:31:14.733 12513 13746 I art     : Explicit concurrent mark sweep GC freed 236(3KB) AllocSpace objects, 0(0B) LOS objects, 7% free, 187MB/203MB, paused 1.376ms total 44.063ms
08-05 15:31:14.750 12513 13746 I art     : Starting a blocking GC Explicit
08-05 15:31:14.794 12513 13746 I art     : Explicit concurrent mark sweep GC freed 260(4KB) AllocSpace objects, 0(0B) LOS objects, 7% free, 187MB/203MB, paused 1.108ms total 44.028ms
08-05 15:31:14.812 12513 13746 I art     : Starting a blocking GC Explicit
08-05 15:31:14.829   518   646 I ThermalEngine: ACTION: GPU - Setting GPU[0] to 390000000
08-05 15:31:14.879 12513 13746 I art     : Explicit concurrent mark sweep GC freed 364(6KB) AllocSpace objects, 0(0B) LOS objects, 7% free, 187MB/203MB, paused 1.907ms total 66.677ms
08-05 15:31:15.303 12513 12531 I art     : Starting a blocking GC Explicit
08-05 15:31:15.358 12513 12531 I art     : Explicit concurrent mark sweep GC freed 3674(126KB) AllocSpace objects, 2(36KB) LOS objects, 7% free, 187MB/203MB, paused 1.754ms total 54.816ms
08-05 15:31:15.380 12513 12531 I art     : Starting a blocking GC Explicit
08-05 15:31:15.433 12513 12531 I art     : Explicit concurrent mark sweep GC freed 471(15KB) AllocSpace objects, 0(0B) LOS objects, 7% free, 187MB/203MB, paused 1.706ms total 52.675ms
08-05 15:31:15.455 12513 12531 I art     : Starting a blocking GC Explicit
08-05 15:31:15.508 12513 12531 I art     : Explicit concurrent mark sweep GC freed 380(6KB) AllocSpace objects, 0(0B) LOS objects, 7% free, 187MB/203MB, paused 1.885ms total 52.734ms
08-05 15:31:15.511 14645 14645 D AndroidRuntime: >>>>>> START com.android.internal.os.RuntimeInit uid 2000 <<<<<<
08-05 15:31:15.517 14645 14645 D AndroidRuntime: CheckJNI is OFF
08-05 15:31:15.530 12513 12531 I art     : Starting a blocking GC Explicit
08-05 15:31:15.570 14645 14645 D ICU     : No timezone override file found: /data/misc/zoneinfo/current/icu/icu_tzdata.dat
08-05 15:31:15.584 12513 12531 I art     : Explicit concurrent mark sweep GC freed 282(4KB) AllocSpace objects, 0(0B) LOS objects, 7% free, 187MB/203MB, paused 1.829ms total 53.627ms
08-05 15:31:15.605 12513 12531 I art     : Starting a blocking GC Explicit
08-05 15:31:15.614 14645 14645 I Radio-JNI: register_android_hardware_Radio DONE
08-05 15:31:15.646 14645 14645 D AndroidRuntime: Calling main entry com.android.commands.input.Input
08-05 15:31:15.648 14645 14645 I Input   : injectKeyEvent: KeyEvent { action=ACTION_DOWN, keyCode=KEYCODE_BACK, scanCode=0, metaState=0, flags=0x0, repeatCount=0, eventTime=804692061, downTime=804692061, deviceId=-1, source=0x101 }
08-05 15:31:15.658 12513 12531 I art     : Explicit concurrent mark sweep GC freed 353(5KB) AllocSpace objects, 0(0B) LOS objects, 7% free, 187MB/203MB, paused 1.849ms total 52.549ms
08-05 15:31:15.662 14645 14645 I Input   : injectKeyEvent: KeyEvent { action=ACTION_UP, keyCode=KEYCODE_BACK, scanCode=0, metaState=0, flags=0x0, repeatCount=0, eventTime=804692061, downTime=804692061, deviceId=-1, source=0x101 }
08-05 15:31:15.684 14645 14645 D AndroidRuntime: Shutting down VM
08-05 15:31:15.703   918   937 W ProcessCpuTracker: Skipping unknown process pid 14653
08-05 15:31:15.703   918   937 W ProcessCpuTracker: Skipping unknown process pid 14655
08-05 15:31:15.704   918   937 W ProcessCpuTracker: Skipping unknown process pid 14656
08-05 15:31:15.706 12513 12513 V MainActivity: url = https://project-travel-mate.herokuapp.com/api/number-of-unread-notifications
08-05 15:31:15.774 13866 13866 I GoogleInputMethodServic: GoogleInputMethodService.onFinishInput():3138 
08-05 15:31:15.775 13866 13866 I GoogleInputMethodServic: GoogleInputMethodService.onStartInput():1808 
08-05 15:31:16.047   380   380 W SurfaceFlinger: couldn't log to binary event log: overflow.
08-05 15:31:16.116 12513 13746 I art     : Starting a blocking GC Explicit
08-05 15:31:16.184 12513 13746 I art     : Explicit concurrent mark sweep GC freed 2602(123KB) AllocSpace objects, 3(4MB) LOS objects, 8% free, 183MB/199MB, paused 2.086ms total 67.623ms
08-05 15:31:16.214 12513 13746 I art     : Starting a blocking GC Explicit
08-05 15:31:16.268 12513 13746 I art     : Explicit concurrent mark sweep GC freed 3815(181KB) AllocSpace objects, 2(56KB) LOS objects, 8% free, 182MB/198MB, paused 1.764ms total 54.353ms
08-05 15:31:16.290 12513 13746 I art     : Starting a blocking GC Explicit
08-05 15:31:16.344 12513 13746 I art     : Explicit concurrent mark sweep GC freed 6(256B) AllocSpace objects, 0(0B) LOS objects, 8% free, 182MB/198MB, paused 1.681ms total 53.368ms
08-05 15:31:16.366 12513 13746 I art     : Starting a blocking GC Explicit
08-05 15:31:16.420 12513 13746 I art     : Explicit concurrent mark sweep GC freed 3(96B) AllocSpace objects, 0(0B) LOS objects, 8% free, 182MB/198MB, paused 1.743ms total 53.982ms
08-05 15:31:16.442 12513 13746 I art     : Starting a blocking GC Explicit
08-05 15:31:16.496 12513 13746 I art     : Explicit concurrent mark sweep GC freed 34(928B) AllocSpace objects, 0(0B) LOS objects, 8% free, 182MB/198MB, paused 1.665ms total 53.762ms
08-05 15:31:16.925 12513 12525 I art     : Starting a blocking GC Explicit
08-05 15:31:16.988 12513 12525 I art     : Explicit concurrent mark sweep GC freed 4177(225KB) AllocSpace objects, 5(236KB) LOS objects, 8% free, 183MB/199MB, paused 1.977ms total 62.601ms
08-05 15:31:17.012 12513 12525 I art     : Starting a blocking GC Explicit
08-05 15:31:17.073 12513 12525 I art     : Explicit concurrent mark sweep GC freed 965(117KB) AllocSpace objects, 0(0B) LOS objects, 8% free, 183MB/199MB, paused 2.013ms total 60.296ms
08-05 15:31:17.073 12513 12523 I art     : WaitForGcToComplete blocked for 17.397ms for cause HeapTrim
08-05 15:31:17.098 12513 12525 I art     : Starting a blocking GC Explicit
08-05 15:31:17.160 12513 12525 I art     : Explicit concurrent mark sweep GC freed 3(96B) AllocSpace objects, 0(0B) LOS objects, 8% free, 183MB/199MB, paused 2.304ms total 61.964ms
08-05 15:31:17.184 12513 12525 I art     : Starting a blocking GC Explicit
08-05 15:31:17.245 12513 12525 I art     : Explicit concurrent mark sweep GC freed 3(96B) AllocSpace objects, 0(0B) LOS objects, 8% free, 183MB/199MB, paused 1.970ms total 59.907ms
08-05 15:31:17.270 12513 12525 I art     : Starting a blocking GC Explicit
08-05 15:31:17.331 12513 12525 I art     : Explicit concurrent mark sweep GC freed 3(96B) AllocSpace objects, 0(0B) LOS objects, 8% free, 183MB/199MB, paused 2.044ms total 60.992ms
08-05 15:31:17.381   918  3188 I hubconnection: sensorhub said: 'set_bias 3: -6.0960, 0.0000, 0.0000'
08-05 15:31:17.567 14690 14690 D AndroidRuntime: >>>>>> START com.android.internal.os.RuntimeInit uid 2000 <<<<<<
08-05 15:31:17.573 14690 14690 D AndroidRuntime: CheckJNI is OFF
08-05 15:31:17.625 14690 14690 D ICU     : No timezone override file found: /data/misc/zoneinfo/current/icu/icu_tzdata.dat
08-05 15:31:17.669 14690 14690 I Radio-JNI: register_android_hardware_Radio DONE
08-05 15:31:17.702 14690 14690 D AndroidRuntime: Calling main entry com.android.commands.input.Input
08-05 15:31:17.705 14690 14690 I Input   : injectMotionEvent: MotionEvent { action=ACTION_DOWN, actionButton=0, id[0]=0, x[0]=117.0, y[0]=170.0, toolType[0]=TOOL_TYPE_UNKNOWN, buttonState=0, metaState=0, flags=0x0, edgeFlags=0x0, pointerCount=1, historySize=0, eventTime=804694117, downTime=804694117, deviceId=0, source=0x1002 }
08-05 15:31:17.711 14690 14690 I Input   : injectMotionEvent: MotionEvent { action=ACTION_UP, actionButton=0, id[0]=0, x[0]=117.0, y[0]=170.0, toolType[0]=TOOL_TYPE_UNKNOWN, buttonState=0, metaState=0, flags=0x0, edgeFlags=0x0, pointerCount=1, historySize=0, eventTime=804694117, downTime=804694117, deviceId=0, source=0x1002 }
08-05 15:31:17.713 14690 14690 D AndroidRuntime: Shutting down VM
08-05 15:31:17.722   512  2967 D audio_hw_primary: out_set_parameters: enter: usecase(1: low-latency-playback) kvpairs: routing=2
08-05 15:31:17.738   512  2967 D audio_hw_primary: select_devices: out_snd_device(2: speaker) in_snd_device(0: none)
08-05 15:31:17.739   512  2967 D msm8974_platform: platform_send_audio_calibration: sending audio calibration for snd_device(2) acdb_id(15)
08-05 15:31:17.739   512  2967 I soundtrigger: audio_extn_sound_trigger_update_device_status: device 0x2 of type 0 for Event 1
08-05 15:31:17.753 12513 14668 I NAPPA_EXPERIMENTATION: MetricNetworkRequestExecutionTime: REQUEST_DURATION_SYSTEM='2046',REQUEST_DURATION_OKHTTP='1195',REQUEST_SYNCHRONOUS='FALSE',RESPONSE_CODE='200',RESPONSE_METHOD='GET',RESPONSE_LENGTH_OKHTTP='36',RESPONSE_LENGTH_HEADER='36',REQUEST_PROTOCOL='http/1.1',REQUEST_URL='https://project-travel-mate.herokuapp.com/api/number-of-unread-notifications',
08-05 15:31:17.755   512  2967 D audio_hw_primary: enable_snd_device: snd_device(2: speaker)
08-05 15:31:17.757   512  2967 D audio_hw_primary: enable_audio_route: apply and update mixer path: low-latency-playback speaker
08-05 15:31:17.766 12513 12531 I art     : Starting a blocking GC Explicit
08-05 15:31:17.833 12513 12531 I art     : Explicit concurrent mark sweep GC freed 2089(122KB) AllocSpace objects, 2(36KB) LOS objects, 8% free, 183MB/199MB, paused 2.128ms total 66.656ms
08-05 15:31:17.858 12513 12531 I art     : Starting a blocking GC Explicit
08-05 15:31:17.915 12513 12531 I art     : Explicit concurrent mark sweep GC freed 248(10KB) AllocSpace objects, 0(0B) LOS objects, 8% free, 183MB/199MB, paused 1.799ms total 56.538ms
08-05 15:31:17.941 12513 12531 I art     : Starting a blocking GC Explicit
08-05 15:31:18.001 12513 12531 I art     : Explicit concurrent mark sweep GC freed 3(96B) AllocSpace objects, 0(0B) LOS objects, 8% free, 183MB/199MB, paused 2.139ms total 59.958ms
08-05 15:31:18.024 12513 12531 I art     : Starting a blocking GC Explicit
08-05 15:31:18.080 12513 12531 I art     : Explicit concurrent mark sweep GC freed 5(160B) AllocSpace objects, 0(0B) LOS objects, 8% free, 183MB/199MB, paused 2.358ms total 55.505ms
08-05 15:31:18.103 12513 12531 I art     : Starting a blocking GC Explicit
08-05 15:31:18.163 12513 12531 I art     : Explicit concurrent mark sweep GC freed 12(416B) AllocSpace objects, 0(0B) LOS objects, 8% free, 183MB/199MB, paused 1.985ms total 59.304ms
08-05 15:31:18.299   512  2967 D audio_hw_primary: disable_audio_route: reset and update mixer path: low-latency-playback speaker
08-05 15:31:18.300   512  2967 D audio_hw_primary: disable_snd_device: snd_device(2: speaker)
08-05 15:31:18.309   512  2967 I soundtrigger: audio_extn_sound_trigger_update_device_status: device 0x2 of type 0 for Event 0
08-05 15:31:18.610 14714 14714 D AndroidRuntime: >>>>>> START com.android.internal.os.RuntimeInit uid 2000 <<<<<<
08-05 15:31:18.612 12513 12525 I art     : Starting a blocking GC Explicit
08-05 15:31:18.617 14714 14714 D AndroidRuntime: CheckJNI is OFF
08-05 15:31:18.670 14714 14714 D ICU     : No timezone override file found: /data/misc/zoneinfo/current/icu/icu_tzdata.dat
08-05 15:31:18.673 12513 12525 I art     : Explicit concurrent mark sweep GC freed 1615(92KB) AllocSpace objects, 2(36KB) LOS objects, 8% free, 183MB/199MB, paused 1.968ms total 60.993ms
08-05 15:31:18.697 12513 12525 I art     : Starting a blocking GC Explicit
08-05 15:31:18.716 14714 14714 I Radio-JNI: register_android_hardware_Radio DONE
08-05 15:31:18.748 14714 14714 D AndroidRuntime: Calling main entry com.android.commands.input.Input
08-05 15:31:18.750 14714 14714 I Input   : injectMotionEvent: MotionEvent { action=ACTION_DOWN, actionButton=0, id[0]=0, x[0]=418.0, y[0]=842.0, toolType[0]=TOOL_TYPE_UNKNOWN, buttonState=0, metaState=0, flags=0x0, edgeFlags=0x0, pointerCount=1, historySize=0, eventTime=804695162, downTime=804695162, deviceId=0, source=0x1002 }
08-05 15:31:18.755 14714 14714 I Input   : injectMotionEvent: MotionEvent { action=ACTION_UP, actionButton=0, id[0]=0, x[0]=418.0, y[0]=842.0, toolType[0]=TOOL_TYPE_UNKNOWN, buttonState=0, metaState=0, flags=0x0, edgeFlags=0x0, pointerCount=1, historySize=0, eventTime=804695162, downTime=804695162, deviceId=0, source=0x1002 }
08-05 15:31:18.757 12513 12525 I art     : Explicit concurrent mark sweep GC freed 30(1088B) AllocSpace objects, 0(0B) LOS objects, 8% free, 183MB/199MB, paused 2.023ms total 59.400ms
08-05 15:31:18.757 14714 14714 D AndroidRuntime: Shutting down VM
08-05 15:31:18.771   512  2967 D audio_hw_primary: out_set_parameters: enter: usecase(1: low-latency-playback) kvpairs: routing=2
08-05 15:31:18.775 12513 12580 D Gabe    : call	returning from cache
08-05 15:31:18.782 12513 12525 I art     : Starting a blocking GC Explicit
08-05 15:31:18.784   512  2967 D audio_hw_primary: select_devices: out_snd_device(2: speaker) in_snd_device(0: none)
08-05 15:31:18.784   512  2967 D msm8974_platform: platform_send_audio_calibration: sending audio calibration for snd_device(2) acdb_id(15)
08-05 15:31:18.785   512  2967 I soundtrigger: audio_extn_sound_trigger_update_device_status: device 0x2 of type 0 for Event 1
08-05 15:31:18.799   512  2967 D audio_hw_primary: enable_snd_device: snd_device(2: speaker)
08-05 15:31:18.803   512  2967 D audio_hw_primary: enable_audio_route: apply and update mixer path: low-latency-playback speaker
08-05 15:31:18.812 12513 12513 V MainActivity: url = https://project-travel-mate.herokuapp.com/api/number-of-unread-notifications
08-05 15:31:18.834   518   646 I ThermalEngine: ACTION: GPU - Setting GPU[0] to 450000000
08-05 15:31:18.841 12513 12525 I art     : Explicit concurrent mark sweep GC freed 1041(56KB) AllocSpace objects, 0(0B) LOS objects, 8% free, 183MB/199MB, paused 1.673ms total 58.823ms
08-05 15:31:18.852   512  2967 D AudioFlinger: mixer(0xf4740000) throttle end: throttle time(12)
08-05 15:31:18.859 12513 12525 I art     : Starting a blocking GC Explicit
08-05 15:31:18.906 12513 12525 I art     : Explicit concurrent mark sweep GC freed 474(31KB) AllocSpace objects, 0(0B) LOS objects, 8% free, 183MB/199MB, paused 1.656ms total 47.395ms
08-05 15:31:18.925 12513 12525 I art     : Starting a blocking GC Explicit
08-05 15:31:18.977 12513 12525 I art     : Explicit concurrent mark sweep GC freed 251(20KB) AllocSpace objects, 0(0B) LOS objects, 8% free, 183MB/199MB, paused 1.853ms total 51.351ms
08-05 15:31:19.339   512  2967 D audio_hw_primary: disable_audio_route: reset and update mixer path: low-latency-playback speaker
08-05 15:31:19.341   512  2967 D audio_hw_primary: disable_snd_device: snd_device(2: speaker)
08-05 15:31:19.349   512  2967 I soundtrigger: audio_extn_sound_trigger_update_device_status: device 0x2 of type 0 for Event 0
08-05 15:31:19.362 12513 12526 I art     : Starting a blocking GC Explicit
08-05 15:31:19.369 12513 12513 I Choreographer: Skipped 33 frames!  The application may be doing too much work on its main thread.
08-05 15:31:19.415 12513 12526 I art     : Explicit concurrent mark sweep GC freed 4881(256KB) AllocSpace objects, 11(292KB) LOS objects, 8% free, 183MB/199MB, paused 1.667ms total 52.560ms
08-05 15:31:19.434 12513 12526 I art     : Starting a blocking GC Explicit
08-05 15:31:19.492 12513 12526 I art     : Explicit concurrent mark sweep GC freed 1311(78KB) AllocSpace objects, 0(0B) LOS objects, 8% free, 183MB/199MB, paused 1.970ms total 57.535ms
08-05 15:31:19.511 12513 12526 I art     : Starting a blocking GC Explicit
08-05 15:31:19.570 12513 12526 I art     : Explicit concurrent mark sweep GC freed 1015(41KB) AllocSpace objects, 0(0B) LOS objects, 8% free, 183MB/199MB, paused 1.645ms total 57.938ms
08-05 15:31:19.591 12513 12526 I art     : Starting a blocking GC Explicit
08-05 15:31:19.648 12513 12526 I art     : Explicit concurrent mark sweep GC freed 2909(142KB) AllocSpace objects, 3(200KB) LOS objects, 7% free, 184MB/200MB, paused 1.664ms total 56.772ms
08-05 15:31:19.666 12513 12526 I art     : Starting a blocking GC Explicit
08-05 15:31:19.675 12513 14739 I NAPPA_EXPERIMENTATION: MetricNetworkRequestExecutionTime: REQUEST_DURATION_SYSTEM='861',REQUEST_DURATION_OKHTTP='40',REQUEST_SYNCHRONOUS='FALSE',RESPONSE_CODE='200',RESPONSE_METHOD='GET',RESPONSE_LENGTH_OKHTTP='36',RESPONSE_LENGTH_HEADER='36',REQUEST_PROTOCOL='http/1.1',REQUEST_URL='https://project-travel-mate.herokuapp.com/api/number-of-unread-notifications',
08-05 15:31:19.720 12513 12526 I art     : Explicit concurrent mark sweep GC freed 1235(132KB) AllocSpace objects, 0(0B) LOS objects, 8% free, 183MB/199MB, paused 1.305ms total 53.780ms
08-05 15:31:20.121 12513 12531 I art     : Starting a blocking GC Explicit
08-05 15:31:20.179 12513 12531 I art     : Explicit concurrent mark sweep GC freed 2412(110KB) AllocSpace objects, 2(52KB) LOS objects, 8% free, 183MB/199MB, paused 1.382ms total 57.201ms
08-05 15:31:20.198 12513 12531 I art     : Starting a blocking GC Explicit
08-05 15:31:20.253 12513 12531 I art     : Explicit concurrent mark sweep GC freed 130(2720B) AllocSpace objects, 0(0B) LOS objects, 8% free, 183MB/199MB, paused 1.304ms total 54.659ms
08-05 15:31:20.272 12513 12531 I art     : Starting a blocking GC Explicit
08-05 15:31:20.328 12513 12531 I art     : Explicit concurrent mark sweep GC freed 117(2000B) AllocSpace objects, 0(0B) LOS objects, 8% free, 183MB/199MB, paused 1.329ms total 55.242ms
08-05 15:31:20.347 12513 12531 I art     : Starting a blocking GC Explicit
08-05 15:31:20.402 12513 12531 I art     : Explicit concurrent mark sweep GC freed 99(1696B) AllocSpace objects, 0(0B) LOS objects, 8% free, 183MB/199MB, paused 1.175ms total 55.433ms
08-05 15:31:20.422 12513 12531 I art     : Starting a blocking GC Explicit
08-05 15:31:20.483 12513 12531 I art     : Explicit concurrent mark sweep GC freed 161(3KB) AllocSpace objects, 0(0B) LOS objects, 8% free, 183MB/199MB, paused 1.433ms total 60.905ms
08-05 15:31:20.904 12513 12526 I art     : Starting a blocking GC Explicit
08-05 15:31:20.968 12513 12526 I art     : Explicit concurrent mark sweep GC freed 2305(104KB) AllocSpace objects, 2(52KB) LOS objects, 8% free, 183MB/199MB, paused 1.347ms total 63.429ms
08-05 15:31:20.989 12513 12526 I art     : Starting a blocking GC Explicit
08-05 15:31:21.043 12513 12526 I art     : Explicit concurrent mark sweep GC freed 148(3024B) AllocSpace objects, 0(0B) LOS objects, 8% free, 183MB/199MB, paused 1.251ms total 53.147ms
08-05 15:31:21.061 12513 12526 I art     : Starting a blocking GC Explicit
08-05 15:31:21.115 12513 12526 I art     : Explicit concurrent mark sweep GC freed 100(1728B) AllocSpace objects, 0(0B) LOS objects, 8% free, 183MB/199MB, paused 1.246ms total 53.048ms
08-05 15:31:21.133 12513 12526 I art     : Starting a blocking GC Explicit
08-05 15:31:21.189 12513 12526 I art     : Explicit concurrent mark sweep GC freed 119(2016B) AllocSpace objects, 0(0B) LOS objects, 8% free, 183MB/199MB, paused 1.456ms total 55.916ms
08-05 15:31:21.209 12513 12526 I art     : Starting a blocking GC Explicit
08-05 15:31:21.265 12513 12526 I art     : Explicit concurrent mark sweep GC freed 107(1904B) AllocSpace objects, 0(0B) LOS objects, 8% free, 183MB/199MB, paused 1.282ms total 56.313ms
08-05 15:31:21.542 14771 14771 D AndroidRuntime: >>>>>> START com.android.internal.os.RuntimeInit uid 2000 <<<<<<
08-05 15:31:21.548 14771 14771 D AndroidRuntime: CheckJNI is OFF
08-05 15:31:21.592 14771 14771 D ICU     : No timezone override file found: /data/misc/zoneinfo/current/icu/icu_tzdata.dat
08-05 15:31:21.635 14771 14771 I Radio-JNI: register_android_hardware_Radio DONE
08-05 15:31:21.664 14771 14771 D AndroidRuntime: Calling main entry com.android.commands.input.Input
08-05 15:31:21.667 14771 14771 I Input   : injectMotionEvent: MotionEvent { action=ACTION_DOWN, actionButton=0, id[0]=0, x[0]=117.0, y[0]=170.0, toolType[0]=TOOL_TYPE_UNKNOWN, buttonState=0, metaState=0, flags=0x0, edgeFlags=0x0, pointerCount=1, historySize=0, eventTime=804698079, downTime=804698079, deviceId=0, source=0x1002 }
08-05 15:31:21.673 14771 14771 I Input   : injectMotionEvent: MotionEvent { action=ACTION_UP, actionButton=0, id[0]=0, x[0]=117.0, y[0]=170.0, toolType[0]=TOOL_TYPE_UNKNOWN, buttonState=0, metaState=0, flags=0x0, edgeFlags=0x0, pointerCount=1, historySize=0, eventTime=804698079, downTime=804698079, deviceId=0, source=0x1002 }
08-05 15:31:21.675 14771 14771 D AndroidRuntime: Shutting down VM
08-05 15:31:21.690   512  2967 D audio_hw_primary: out_set_parameters: enter: usecase(1: low-latency-playback) kvpairs: routing=2
08-05 15:31:21.691 12513 12525 I art     : Starting a blocking GC Explicit
08-05 15:31:21.703   512  2967 D audio_hw_primary: select_devices: out_snd_device(2: speaker) in_snd_device(0: none)
08-05 15:31:21.703   512  2967 D msm8974_platform: platform_send_audio_calibration: sending audio calibration for snd_device(2) acdb_id(15)
08-05 15:31:21.704   512  2967 I soundtrigger: audio_extn_sound_trigger_update_device_status: device 0x2 of type 0 for Event 1
08-05 15:31:21.717   512  2967 D audio_hw_primary: enable_snd_device: snd_device(2: speaker)
08-05 15:31:21.719   512  2967 D audio_hw_primary: enable_audio_route: apply and update mixer path: low-latency-playback speaker
08-05 15:31:21.746 12513 12525 I art     : Explicit concurrent mark sweep GC freed 2405(108KB) AllocSpace objects, 2(52KB) LOS objects, 7% free, 184MB/200MB, paused 1.143ms total 55.392ms
08-05 15:31:21.764 12513 12525 I art     : Starting a blocking GC Explicit
08-05 15:31:21.814 12513 12525 I art     : Explicit concurrent mark sweep GC freed 530(23KB) AllocSpace objects, 0(0B) LOS objects, 7% free, 184MB/200MB, paused 1.132ms total 49.910ms
08-05 15:31:21.833 12513 12525 I art     : Starting a blocking GC Explicit
08-05 15:31:21.883 12513 12525 I art     : Explicit concurrent mark sweep GC freed 123(2816B) AllocSpace objects, 0(0B) LOS objects, 7% free, 184MB/200MB, paused 1.202ms total 50.120ms
08-05 15:31:21.903 12513 12525 I art     : Starting a blocking GC Explicit
08-05 15:31:21.954 12513 12525 I art     : Explicit concurrent mark sweep GC freed 102(1888B) AllocSpace objects, 0(0B) LOS objects, 7% free, 184MB/200MB, paused 1.126ms total 50.806ms
08-05 15:31:21.972 12513 12525 I art     : Starting a blocking GC Explicit
08-05 15:31:22.023 12513 12525 I art     : Explicit concurrent mark sweep GC freed 126(2192B) AllocSpace objects, 0(0B) LOS objects, 7% free, 184MB/200MB, paused 1.324ms total 51.505ms
08-05 15:31:22.259   512  2967 D audio_hw_primary: disable_audio_route: reset and update mixer path: low-latency-playback speaker
08-05 15:31:22.260   512  2967 D audio_hw_primary: disable_snd_device: snd_device(2: speaker)
08-05 15:31:22.268   512  2967 I soundtrigger: audio_extn_sound_trigger_update_device_status: device 0x2 of type 0 for Event 0
08-05 15:31:22.415 12513 12526 I art     : Starting a blocking GC Explicit
08-05 15:31:22.424 14794 14794 D AndroidRuntime: >>>>>> START com.android.internal.os.RuntimeInit uid 2000 <<<<<<
08-05 15:31:22.429 14794 14794 D AndroidRuntime: CheckJNI is OFF
08-05 15:31:22.471 12513 12526 I art     : Explicit concurrent mark sweep GC freed 2214(102KB) AllocSpace objects, 2(52KB) LOS objects, 7% free, 184MB/200MB, paused 1.300ms total 55.703ms
08-05 15:31:22.474 14794 14794 D ICU     : No timezone override file found: /data/misc/zoneinfo/current/icu/icu_tzdata.dat
08-05 15:31:22.490 12513 12526 I art     : Starting a blocking GC Explicit
08-05 15:31:22.516 14794 14794 I Radio-JNI: register_android_hardware_Radio DONE
08-05 15:31:22.544 12513 12526 I art     : Explicit concurrent mark sweep GC freed 189(4KB) AllocSpace objects, 0(0B) LOS objects, 7% free, 184MB/200MB, paused 1.165ms total 53.643ms
08-05 15:31:22.545 14794 14794 D AndroidRuntime: Calling main entry com.android.commands.input.Input
08-05 15:31:22.548 14794 14794 I Input   : injectMotionEvent: MotionEvent { action=ACTION_DOWN, actionButton=0, id[0]=0, x[0]=355.0, y[0]=1674.0, toolType[0]=TOOL_TYPE_UNKNOWN, buttonState=0, metaState=0, flags=0x0, edgeFlags=0x0, pointerCount=1, historySize=0, eventTime=804698960, downTime=804698960, deviceId=0, source=0x1002 }
08-05 15:31:22.552 14794 14794 I Input   : injectMotionEvent: MotionEvent { action=ACTION_UP, actionButton=0, id[0]=0, x[0]=355.0, y[0]=1674.0, toolType[0]=TOOL_TYPE_UNKNOWN, buttonState=0, metaState=0, flags=0x0, edgeFlags=0x0, pointerCount=1, historySize=0, eventTime=804698960, downTime=804698960, deviceId=0, source=0x1002 }
08-05 15:31:22.554 14794 14794 D AndroidRuntime: Shutting down VM
08-05 15:31:22.559   512  2967 D audio_hw_primary: out_set_parameters: enter: usecase(1: low-latency-playback) kvpairs: routing=2
08-05 15:31:22.564 12513 12526 I art     : Starting a blocking GC Explicit
08-05 15:31:22.570 12513 12513 V MainActivity: url = https://project-travel-mate.herokuapp.com/api/number-of-unread-notifications
08-05 15:31:22.572   512  2967 D audio_hw_primary: select_devices: out_snd_device(2: speaker) in_snd_device(0: none)
08-05 15:31:22.572   512  2967 D msm8974_platform: platform_send_audio_calibration: sending audio calibration for snd_device(2) acdb_id(15)
08-05 15:31:22.572   512  2967 I soundtrigger: audio_extn_sound_trigger_update_device_status: device 0x2 of type 0 for Event 1
08-05 15:31:22.581   512  2967 D audio_hw_primary: enable_snd_device: snd_device(2: speaker)
08-05 15:31:22.583   512  2967 D audio_hw_primary: enable_audio_route: apply and update mixer path: low-latency-playback speaker
08-05 15:31:22.623 12513 12526 I art     : Explicit concurrent mark sweep GC freed 1326(51KB) AllocSpace objects, 0(0B) LOS objects, 7% free, 184MB/200MB, paused 7.085ms total 58.679ms
08-05 15:31:22.623   512  2967 D AudioFlinger: mixer(0xf4740000) throttle end: throttle time(12)
08-05 15:31:22.642 12513 12526 I art     : Starting a blocking GC Explicit
08-05 15:31:22.695 12513 12526 I art     : Explicit concurrent mark sweep GC freed 2482(182KB) AllocSpace objects, 0(0B) LOS objects, 7% free, 184MB/200MB, paused 1.446ms total 53.363ms
08-05 15:31:22.717 12513 12526 I art     : Starting a blocking GC Explicit
08-05 15:31:22.768 12513 12526 I art     : Explicit concurrent mark sweep GC freed 768(46KB) AllocSpace objects, 9(252KB) LOS objects, 7% free, 184MB/200MB, paused 1.390ms total 51.042ms
08-05 15:31:23.108   512  2967 D audio_hw_primary: disable_audio_route: reset and update mixer path: low-latency-playback speaker
08-05 15:31:23.110   512  2967 D audio_hw_primary: disable_snd_device: snd_device(2: speaker)
08-05 15:31:23.118   512  2967 I soundtrigger: audio_extn_sound_trigger_update_device_status: device 0x2 of type 0 for Event 0
08-05 15:31:23.154 12513 14815 I NAPPA_EXPERIMENTATION: MetricNetworkRequestExecutionTime: REQUEST_DURATION_SYSTEM='582',REQUEST_DURATION_OKHTTP='39',REQUEST_SYNCHRONOUS='FALSE',RESPONSE_CODE='200',RESPONSE_METHOD='GET',RESPONSE_LENGTH_OKHTTP='36',RESPONSE_LENGTH_HEADER='36',REQUEST_PROTOCOL='http/1.1',REQUEST_URL='https://project-travel-mate.herokuapp.com/api/number-of-unread-notifications',
08-05 15:31:23.174 12513 12525 I art     : Starting a blocking GC Explicit
08-05 15:31:23.246 12513 12525 I art     : Explicit concurrent mark sweep GC freed 4349(238KB) AllocSpace objects, 5(248KB) LOS objects, 7% free, 184MB/200MB, paused 1.403ms total 71.586ms
08-05 15:31:23.269 12513 12525 I art     : Starting a blocking GC Explicit
08-05 15:31:23.332 12513 12525 I art     : Explicit concurrent mark sweep GC freed 1044(120KB) AllocSpace objects, 0(0B) LOS objects, 7% free, 184MB/200MB, paused 1.268ms total 62.230ms
08-05 15:31:23.351 12513 12525 I art     : Starting a blocking GC Explicit
08-05 15:31:23.409 12513 12525 I art     : Explicit concurrent mark sweep GC freed 3(96B) AllocSpace objects, 0(0B) LOS objects, 7% free, 184MB/200MB, paused 1.300ms total 58.107ms
08-05 15:31:23.428 12513 12525 I art     : Starting a blocking GC Explicit
08-05 15:31:23.486 12513 12525 I art     : Explicit concurrent mark sweep GC freed 33(896B) AllocSpace objects, 0(0B) LOS objects, 7% free, 184MB/200MB, paused 1.255ms total 57.403ms
08-05 15:31:23.505 12513 12525 I art     : Starting a blocking GC Explicit
08-05 15:31:23.562 12513 12525 I art     : Explicit concurrent mark sweep GC freed 4(128B) AllocSpace objects, 0(0B) LOS objects, 7% free, 184MB/200MB, paused 1.250ms total 56.755ms
08-05 15:31:23.982 12513 12526 I art     : Starting a blocking GC Explicit
08-05 15:31:24.053 12513 12526 I art     : Explicit concurrent mark sweep GC freed 1586(92KB) AllocSpace objects, 2(48KB) LOS objects, 7% free, 184MB/200MB, paused 1.248ms total 70.306ms
08-05 15:31:24.076 12513 12526 I art     : Starting a blocking GC Explicit
08-05 15:31:24.133 12513 12526 I art     : Explicit concurrent mark sweep GC freed 28(1024B) AllocSpace objects, 0(0B) LOS objects, 7% free, 184MB/200MB, paused 1.292ms total 56.935ms
08-05 15:31:24.152 12513 12526 I art     : Starting a blocking GC Explicit
08-05 15:31:24.219 12513 12526 I art     : Explicit concurrent mark sweep GC freed 8(256B) AllocSpace objects, 0(0B) LOS objects, 7% free, 184MB/200MB, paused 1.709ms total 66.405ms
08-05 15:31:24.243 12513 12526 I art     : Starting a blocking GC Explicit
08-05 15:31:24.299 12513 12526 I art     : Explicit concurrent mark sweep GC freed 13(416B) AllocSpace objects, 0(0B) LOS objects, 7% free, 184MB/200MB, paused 1.317ms total 55.774ms
08-05 15:31:24.318 12513 12526 I art     : Starting a blocking GC Explicit
08-05 15:31:24.376 12513 12526 I art     : Explicit concurrent mark sweep GC freed 11(352B) AllocSpace objects, 0(0B) LOS objects, 7% free, 184MB/200MB, paused 1.724ms total 57.764ms
08-05 15:31:24.833 12513 12526 I art     : Starting a blocking GC Explicit
08-05 15:31:24.888 12513 12526 I art     : Explicit concurrent mark sweep GC freed 1636(93KB) AllocSpace objects, 2(48KB) LOS objects, 7% free, 184MB/200MB, paused 1.413ms total 54.309ms
08-05 15:31:24.907 12513 12526 I art     : Starting a blocking GC Explicit
08-05 15:31:24.964 12513 12526 I art     : Explicit concurrent mark sweep GC freed 38(1568B) AllocSpace objects, 0(0B) LOS objects, 7% free, 184MB/200MB, paused 1.300ms total 56.802ms
08-05 15:31:24.983 12513 12526 I art     : Starting a blocking GC Explicit
08-05 15:31:25.042 12513 12526 I art     : Explicit concurrent mark sweep GC freed 3(96B) AllocSpace objects, 0(0B) LOS objects, 7% free, 184MB/200MB, paused 1.335ms total 59.417ms
08-05 15:31:25.062 12513 12526 I art     : Starting a blocking GC Explicit
08-05 15:31:25.120 12513 12526 I art     : Explicit concurrent mark sweep GC freed 3(96B) AllocSpace objects, 0(0B) LOS objects, 7% free, 184MB/200MB, paused 1.348ms total 58.113ms
08-05 15:31:25.139 12513 12526 I art     : Starting a blocking GC Explicit
08-05 15:31:25.198 12513 12526 I art     : Explicit concurrent mark sweep GC freed 3(96B) AllocSpace objects, 0(0B) LOS objects, 7% free, 184MB/200MB, paused 1.370ms total 58.817ms
08-05 15:31:25.382 14847 14847 D AndroidRuntime: >>>>>> START com.android.internal.os.RuntimeInit uid 2000 <<<<<<
08-05 15:31:25.388 14847 14847 D AndroidRuntime: CheckJNI is OFF
08-05 15:31:25.429 14847 14847 D ICU     : No timezone override file found: /data/misc/zoneinfo/current/icu/icu_tzdata.dat
08-05 15:31:25.473 14847 14847 I Radio-JNI: register_android_hardware_Radio DONE
08-05 15:31:25.502 14847 14847 D AndroidRuntime: Calling main entry com.android.commands.input.Input
08-05 15:31:25.504 14847 14847 I Input   : injectMotionEvent: MotionEvent { action=ACTION_DOWN, actionButton=0, id[0]=0, x[0]=747.0, y[0]=608.0, toolType[0]=TOOL_TYPE_UNKNOWN, buttonState=0, metaState=0, flags=0x0, edgeFlags=0x0, pointerCount=1, historySize=0, eventTime=804701917, downTime=804701917, deviceId=0, source=0x1002 }
08-05 15:31:25.509 14847 14847 I Input   : injectMotionEvent: MotionEvent { action=ACTION_UP, actionButton=0, id[0]=0, x[0]=747.0, y[0]=608.0, toolType[0]=TOOL_TYPE_UNKNOWN, buttonState=0, metaState=0, flags=0x0, edgeFlags=0x0, pointerCount=1, historySize=0, eventTime=804701917, downTime=804701917, deviceId=0, source=0x1002 }
08-05 15:31:25.510 14847 14847 D AndroidRuntime: Shutting down VM
08-05 15:31:25.511   918   928 I ActivityManager: START u0 {cmp=baseline.io.github.project_travel_mate/.utilities.ChecklistActivity} from uid 10674 on display 0
08-05 15:31:25.512   512  2967 D audio_hw_primary: out_set_parameters: enter: usecase(1: low-latency-playback) kvpairs: routing=2
08-05 15:31:25.525   512  2967 D audio_hw_primary: select_devices: out_snd_device(2: speaker) in_snd_device(0: none)
08-05 15:31:25.525   512  2967 D msm8974_platform: platform_send_audio_calibration: sending audio calibration for snd_device(2) acdb_id(15)
08-05 15:31:25.526   512  2967 I soundtrigger: audio_extn_sound_trigger_update_device_status: device 0x2 of type 0 for Event 1
08-05 15:31:25.538   512  2967 D audio_hw_primary: enable_snd_device: snd_device(2: speaker)
08-05 15:31:25.541   512  2967 D audio_hw_primary: enable_audio_route: apply and update mixer path: low-latency-playback speaker
08-05 15:31:25.612 12513 12531 I art     : Starting a blocking GC Explicit
08-05 15:31:25.622 13866 13866 I GoogleInputMethodServic: GoogleInputMethodService.onFinishInput():3138 
08-05 15:31:25.623 13866 13866 I GoogleInputMethodServic: GoogleInputMethodService.onStartInput():1808 
08-05 15:31:25.624   918   936 I ActivityManager: Displayed baseline.io.github.project_travel_mate/.utilities.ChecklistActivity: +105ms
08-05 15:31:25.671 12513 12531 I art     : Explicit concurrent mark sweep GC freed 2533(147KB) AllocSpace objects, 2(48KB) LOS objects, 7% free, 184MB/200MB, paused 1.246ms total 59.160ms
08-05 15:31:25.689 12513 12531 I art     : Starting a blocking GC Explicit
08-05 15:31:25.740 12513 12531 I art     : Explicit concurrent mark sweep GC freed 335(14KB) AllocSpace objects, 0(0B) LOS objects, 7% free, 184MB/200MB, paused 1.459ms total 50.501ms
08-05 15:31:25.759 12513 12531 I art     : Starting a blocking GC Explicit
08-05 15:31:25.815 12513 12531 I art     : Explicit concurrent mark sweep GC freed 13(640B) AllocSpace objects, 0(0B) LOS objects, 7% free, 184MB/200MB, paused 1.370ms total 55.215ms
08-05 15:31:25.835 12513 12531 I art     : Starting a blocking GC Explicit
08-05 15:31:25.875   380   380 W SurfaceFlinger: couldn't log to binary event log: overflow.
08-05 15:31:25.901 12513 12531 I art     : Explicit concurrent mark sweep GC freed 3(96B) AllocSpace objects, 0(0B) LOS objects, 7% free, 184MB/200MB, paused 1.407ms total 65.655ms
08-05 15:31:25.920 12513 12531 I art     : Starting a blocking GC Explicit
08-05 15:31:25.970 12513 12531 I art     : Explicit concurrent mark sweep GC freed 3(96B) AllocSpace objects, 0(0B) LOS objects, 7% free, 184MB/200MB, paused 1.242ms total 50.049ms
08-05 15:31:26.079   512  2967 D audio_hw_primary: disable_audio_route: reset and update mixer path: low-latency-playback speaker
08-05 15:31:26.080   512  2967 D audio_hw_primary: disable_snd_device: snd_device(2: speaker)
08-05 15:31:26.088   512  2967 I soundtrigger: audio_extn_sound_trigger_update_device_status: device 0x2 of type 0 for Event 0
08-05 15:31:26.382 12513 12792 I art     : Starting a blocking GC Explicit
08-05 15:31:26.462 12513 12792 I art     : Explicit concurrent mark sweep GC freed 1651(94KB) AllocSpace objects, 2(48KB) LOS objects, 7% free, 184MB/200MB, paused 1.381ms total 78.813ms
08-05 15:31:26.484 12513 12792 I art     : Starting a blocking GC Explicit
08-05 15:31:26.542 12513 12792 I art     : Explicit concurrent mark sweep GC freed 87(2704B) AllocSpace objects, 0(0B) LOS objects, 7% free, 184MB/200MB, paused 1.295ms total 58.102ms
08-05 15:31:26.561 12513 12792 I art     : Starting a blocking GC Explicit
08-05 15:31:26.619 12513 12792 I art     : Explicit concurrent mark sweep GC freed 3(96B) AllocSpace objects, 0(0B) LOS objects, 7% free, 184MB/200MB, paused 1.316ms total 57.288ms
08-05 15:31:26.638 12513 12792 I art     : Starting a blocking GC Explicit
08-05 15:31:26.700 12513 12792 I art     : Explicit concurrent mark sweep GC freed 3(96B) AllocSpace objects, 0(0B) LOS objects, 7% free, 184MB/200MB, paused 1.411ms total 61.802ms
08-05 15:31:26.722 12513 12792 I art     : Starting a blocking GC Explicit
08-05 15:31:26.781 12513 12792 I art     : Explicit concurrent mark sweep GC freed 3(96B) AllocSpace objects, 0(0B) LOS objects, 7% free, 184MB/200MB, paused 1.298ms total 58.799ms
08-05 15:31:27.203 12513 12525 I art     : Starting a blocking GC Explicit
08-05 15:31:27.280 12513 12525 I art     : Explicit concurrent mark sweep GC freed 1586(92KB) AllocSpace objects, 2(48KB) LOS objects, 7% free, 184MB/200MB, paused 1.394ms total 76.486ms
08-05 15:31:27.302 12513 12525 I art     : Starting a blocking GC Explicit
08-05 15:31:27.367 12513 12525 I art     : Explicit concurrent mark sweep GC freed 28(1024B) AllocSpace objects, 0(0B) LOS objects, 7% free, 184MB/200MB, paused 1.327ms total 64.443ms
08-05 15:31:27.387 12513 12525 I art     : Starting a blocking GC Explicit
08-05 15:31:27.455 12513 12525 I art     : Explicit concurrent mark sweep GC freed 3(96B) AllocSpace objects, 0(0B) LOS objects, 7% free, 184MB/200MB, paused 1.454ms total 67.502ms
08-05 15:31:27.478 12513 12525 I art     : Starting a blocking GC Explicit
08-05 15:31:27.545 12513 12525 I art     : Explicit concurrent mark sweep GC freed 40(1088B) AllocSpace objects, 0(0B) LOS objects, 7% free, 184MB/200MB, paused 1.466ms total 66.885ms
08-05 15:31:27.546 12513 12523 I art     : WaitForGcToComplete blocked for 67.652ms for cause HeapTrim
08-05 15:31:27.567 12513 12525 I art     : Starting a blocking GC Explicit
08-05 15:31:27.638 12513 12525 I art     : Explicit concurrent mark sweep GC freed 3(96B) AllocSpace objects, 0(0B) LOS objects, 7% free, 184MB/200MB, paused 1.695ms total 70.412ms
08-05 15:31:27.760   918  3188 I hubconnection: sensorhub said: 'set_bias 3: -6.2112, 0.0000, 0.0000'
08-05 15:31:27.959   918  3261 D WifiStateMachine: starting scan for "H369AA63323"WPA_PSK with 2412,5180
08-05 15:31:28.089 12513 12526 I art     : Starting a blocking GC Explicit
08-05 15:31:28.165 12513 12526 I art     : Explicit concurrent mark sweep GC freed 1598(92KB) AllocSpace objects, 2(48KB) LOS objects, 7% free, 184MB/200MB, paused 1.365ms total 75.221ms
08-05 15:31:28.186 12513 12526 I art     : Starting a blocking GC Explicit
08-05 15:31:28.249 12513 12526 I art     : Explicit concurrent mark sweep GC freed 38(1568B) AllocSpace objects, 0(0B) LOS objects, 7% free, 184MB/200MB, paused 1.423ms total 62.250ms
08-05 15:31:28.269 12513 12526 I art     : Starting a blocking GC Explicit
08-05 15:31:28.334 12513 12526 I art     : Explicit concurrent mark sweep GC freed 3(96B) AllocSpace objects, 0(0B) LOS objects, 7% free, 184MB/200MB, paused 1.445ms total 64.311ms
08-05 15:31:28.358 12513 12526 I art     : Starting a blocking GC Explicit
08-05 15:31:28.423 12513 12526 I art     : Explicit concurrent mark sweep GC freed 3(96B) AllocSpace objects, 0(0B) LOS objects, 7% free, 184MB/200MB, paused 1.334ms total 64.774ms
08-05 15:31:28.445 12513 12526 I art     : Starting a blocking GC Explicit
08-05 15:31:28.511 12513 12526 I art     : Explicit concurrent mark sweep GC freed 40(1088B) AllocSpace objects, 0(0B) LOS objects, 7% free, 184MB/200MB, paused 1.372ms total 65.639ms
08-05 15:31:28.973 12513 13746 I art     : Starting a blocking GC Explicit
08-05 15:31:29.052 12513 13746 I art     : Explicit concurrent mark sweep GC freed 1596(92KB) AllocSpace objects, 2(48KB) LOS objects, 7% free, 184MB/200MB, paused 1.395ms total 78.163ms
08-05 15:31:29.074 12513 13746 I art     : Starting a blocking GC Explicit
08-05 15:31:29.140 12513 13746 I art     : Explicit concurrent mark sweep GC freed 38(1568B) AllocSpace objects, 0(0B) LOS objects, 7% free, 184MB/200MB, paused 1.390ms total 65.486ms
08-05 15:31:29.160 12513 13746 I art     : Starting a blocking GC Explicit
08-05 15:31:29.227 12513 13746 I art     : Explicit concurrent mark sweep GC freed 3(96B) AllocSpace objects, 0(0B) LOS objects, 7% free, 184MB/200MB, paused 1.461ms total 66.587ms
08-05 15:31:29.250 12513 13746 I art     : Starting a blocking GC Explicit
08-05 15:31:29.314 12513 13746 I art     : Explicit concurrent mark sweep GC freed 3(96B) AllocSpace objects, 0(0B) LOS objects, 7% free, 184MB/200MB, paused 1.379ms total 64.020ms
08-05 15:31:29.337 12513 13746 I art     : Starting a blocking GC Explicit
08-05 15:31:29.405 12513 13746 I art     : Explicit concurrent mark sweep GC freed 3(96B) AllocSpace objects, 0(0B) LOS objects, 7% free, 184MB/200MB, paused 1.460ms total 68.094ms
08-05 15:31:29.427 11851 11851 I Atfwd_Sendcmd: AtCmdFwd service not ready - Exhausted retry attempts - :6
08-05 15:31:29.428 11851 11851 I Atfwd_Daemon: result : -1 	 ,Init step :2 	 ,qmiErrorCode: 0
08-05 15:31:29.840 12513 12531 I art     : Starting a blocking GC Explicit
08-05 15:31:29.908 12513 12531 I art     : Explicit concurrent mark sweep GC freed 1623(93KB) AllocSpace objects, 2(48KB) LOS objects, 7% free, 184MB/200MB, paused 1.464ms total 68.030ms
08-05 15:31:29.931 12513 12531 I art     : Starting a blocking GC Explicit
08-05 15:31:29.992 12513 12531 I art     : Explicit concurrent mark sweep GC freed 28(1024B) AllocSpace objects, 0(0B) LOS objects, 7% free, 184MB/200MB, paused 1.360ms total 60.612ms
08-05 15:31:30.011 12513 12531 I art     : Starting a blocking GC Explicit
08-05 15:31:30.072 12513 12531 I art     : Explicit concurrent mark sweep GC freed 3(96B) AllocSpace objects, 0(0B) LOS objects, 7% free, 184MB/200MB, paused 1.393ms total 59.761ms
08-05 15:31:30.091 12513 12531 I art     : Starting a blocking GC Explicit
08-05 15:31:30.151 12513 12531 I art     : Explicit concurrent mark sweep GC freed 3(96B) AllocSpace objects, 0(0B) LOS objects, 7% free, 184MB/200MB, paused 1.394ms total 60.180ms
08-05 15:31:30.171 12513 12531 I art     : Starting a blocking GC Explicit
08-05 15:31:30.232 12513 12531 I art     : Explicit concurrent mark sweep GC freed 3(96B) AllocSpace objects, 0(0B) LOS objects, 7% free, 184MB/200MB, paused 1.376ms total 60.355ms
08-05 15:31:30.324 14926 14926 D AndroidRuntime: >>>>>> START com.android.internal.os.RuntimeInit uid 2000 <<<<<<
08-05 15:31:30.331 14926 14926 D AndroidRuntime: CheckJNI is OFF
08-05 15:31:30.380 14926 14926 D ICU     : No timezone override file found: /data/misc/zoneinfo/current/icu/icu_tzdata.dat
08-05 15:31:30.429 14926 14926 I Radio-JNI: register_android_hardware_Radio DONE
08-05 15:31:30.456 14926 14926 D AndroidRuntime: Calling main entry com.android.commands.input.Input
08-05 15:31:30.458 14926 14926 I Input   : injectKeyEvent: KeyEvent { action=ACTION_DOWN, keyCode=KEYCODE_BACK, scanCode=0, metaState=0, flags=0x0, repeatCount=0, eventTime=804706870, downTime=804706870, deviceId=-1, source=0x101 }
08-05 15:31:30.462 14926 14926 I Input   : injectKeyEvent: KeyEvent { action=ACTION_UP, keyCode=KEYCODE_BACK, scanCode=0, metaState=0, flags=0x0, repeatCount=0, eventTime=804706870, downTime=804706870, deviceId=-1, source=0x101 }
08-05 15:31:30.468 14926 14926 D AndroidRuntime: Shutting down VM
08-05 15:31:30.479 12513 12513 V MainActivity: url = https://project-travel-mate.herokuapp.com/api/number-of-unread-notifications
08-05 15:31:30.512 13866 13866 I GoogleInputMethodServic: GoogleInputMethodService.onFinishInput():3138 
08-05 15:31:30.514 13866 13866 I GoogleInputMethodServic: GoogleInputMethodService.onStartInput():1808 
08-05 15:31:30.652 12513 12531 I art     : Starting a blocking GC Explicit
08-05 15:31:30.722 12513 12531 I art     : Explicit concurrent mark sweep GC freed 2125(115KB) AllocSpace objects, 2(48KB) LOS objects, 7% free, 184MB/200MB, paused 1.680ms total 68.519ms
08-05 15:31:30.742 12513 12531 I art     : Starting a blocking GC Explicit
08-05 15:31:30.807 12513 12531 I art     : Explicit concurrent mark sweep GC freed 95(4KB) AllocSpace objects, 0(0B) LOS objects, 7% free, 184MB/200MB, paused 1.376ms total 64.755ms
08-05 15:31:30.812   380   380 W SurfaceFlinger: couldn't log to binary event log: overflow.
08-05 15:31:30.827 12513 12531 I art     : Starting a blocking GC Explicit
08-05 15:31:30.879 12513 12531 I art     : Explicit concurrent mark sweep GC freed 427(19KB) AllocSpace objects, 0(0B) LOS objects, 7% free, 184MB/200MB, paused 1.650ms total 51.096ms
08-05 15:31:30.898 12513 12531 I art     : Starting a blocking GC Explicit
08-05 15:31:30.955 12513 12531 I art     : Explicit concurrent mark sweep GC freed 141(7KB) AllocSpace objects, 0(0B) LOS objects, 7% free, 184MB/200MB, paused 1.388ms total 57.012ms
08-05 15:31:30.974 12513 12531 I art     : Starting a blocking GC Explicit
08-05 15:31:31.033 12513 12531 I art     : Explicit concurrent mark sweep GC freed 3(96B) AllocSpace objects, 0(0B) LOS objects, 7% free, 184MB/200MB, paused 1.384ms total 58.578ms
08-05 15:31:31.226 12244 12374 W FirebaseInstanceId: Token retrieval failed: SERVICE_NOT_AVAILABLE. Will retry token retrieval
08-05 15:31:31.349 12513 14950 I NAPPA_EXPERIMENTATION: MetricNetworkRequestExecutionTime: REQUEST_DURATION_SYSTEM='867',REQUEST_DURATION_OKHTTP='42',REQUEST_SYNCHRONOUS='FALSE',RESPONSE_CODE='200',RESPONSE_METHOD='GET',RESPONSE_LENGTH_OKHTTP='36',RESPONSE_LENGTH_HEADER='36',REQUEST_PROTOCOL='http/1.1',REQUEST_URL='https://project-travel-mate.herokuapp.com/api/number-of-unread-notifications',
08-05 15:31:31.447 12513 12525 I art     : Starting a blocking GC Explicit
08-05 15:31:31.520 12513 12525 I art     : Explicit concurrent mark sweep GC freed 4424(241KB) AllocSpace objects, 5(248KB) LOS objects, 7% free, 184MB/200MB, paused 1.620ms total 72.482ms
08-05 15:31:31.542 12513 12525 I art     : Starting a blocking GC Explicit
08-05 15:31:31.601 12513 12525 I art     : Explicit concurrent mark sweep GC freed 962(117KB) AllocSpace objects, 0(0B) LOS objects, 7% free, 184MB/200MB, paused 1.365ms total 59.107ms
08-05 15:31:31.621 12513 12525 I art     : Starting a blocking GC Explicit
08-05 15:31:31.683 12513 12525 I art     : Explicit concurrent mark sweep GC freed 15(752B) AllocSpace objects, 0(0B) LOS objects, 7% free, 184MB/200MB, paused 1.458ms total 61.499ms
08-05 15:31:31.705 12513 12525 I art     : Starting a blocking GC Explicit
08-05 15:31:31.762 12513 12525 I art     : Explicit concurrent mark sweep GC freed 13(640B) AllocSpace objects, 0(0B) LOS objects, 7% free, 184MB/200MB, paused 1.386ms total 56.386ms
08-05 15:31:31.781 12513 12525 I art     : Starting a blocking GC Explicit
08-05 15:31:31.805   918  1209 D NetworkMonitor/NetworkAgentInfo [WIFI () - 159]: Checking http://connectivitycheck.gstatic.com/generate_204 on "H369AA63323", 192.168.2.12=192.168.2.12
08-05 15:31:31.837 12513 12525 I art     : Explicit concurrent mark sweep GC freed 3(96B) AllocSpace objects, 0(0B) LOS objects, 7% free, 184MB/200MB, paused 1.432ms total 56.001ms
08-05 15:31:31.922   918  1209 D NetworkMonitor/NetworkAgentInfo [WIFI () - 159]: Probably not a portal: exception java.io.IOException: unexpected end of stream on Connection{connectivitycheck.gstatic.com:80, proxy=HTTP@/192.168.2.12:8080 hostAddress=192.168.2.12 cipherSuite=none protocol=http/1.1} (recycle count=0)
08-05 15:31:31.923   918  3263 D ConnectivityService: NetworkAgentInfo [WIFI () - 159] validation failed
08-05 15:31:31.924   918  3261 E WifiConfigStore:  rewrite network history for "H369AA63323"WPA_PSK
08-05 15:31:32.235 14962 14962 D AndroidRuntime: >>>>>> START com.android.internal.os.RuntimeInit uid 2000 <<<<<<
08-05 15:31:32.236 12513 12531 I art     : Starting a blocking GC Explicit
08-05 15:31:32.241 14962 14962 D AndroidRuntime: CheckJNI is OFF
08-05 15:31:32.288 14962 14962 D ICU     : No timezone override file found: /data/misc/zoneinfo/current/icu/icu_tzdata.dat
08-05 15:31:32.300 12513 12531 I art     : Explicit concurrent mark sweep GC freed 1609(92KB) AllocSpace objects, 2(48KB) LOS objects, 7% free, 184MB/200MB, paused 1.570ms total 63.385ms
08-05 15:31:32.320 12513 12531 I art     : Starting a blocking GC Explicit
08-05 15:31:32.335 14962 14962 I Radio-JNI: register_android_hardware_Radio DONE
08-05 15:31:32.363 14962 14962 D AndroidRuntime: Calling main entry com.android.commands.input.Input
08-05 15:31:32.365 14962 14962 I Input   : injectMotionEvent: MotionEvent { action=ACTION_DOWN, actionButton=0, id[0]=0, x[0]=657.0, y[0]=2037.0, toolType[0]=TOOL_TYPE_UNKNOWN, buttonState=0, metaState=0, flags=0x0, edgeFlags=0x0, pointerCount=1, historySize=0, eventTime=804708778, downTime=804708778, deviceId=0, source=0x1002 }
08-05 15:31:32.373 14962 14962 I Input   : injectMotionEvent: MotionEvent { action=ACTION_UP, actionButton=0, id[0]=0, x[0]=657.0, y[0]=2037.0, toolType[0]=TOOL_TYPE_UNKNOWN, buttonState=0, metaState=0, flags=0x0, edgeFlags=0x0, pointerCount=1, historySize=0, eventTime=804708778, downTime=804708778, deviceId=0, source=0x1002 }
08-05 15:31:32.377 14962 14962 D AndroidRuntime: Shutting down VM
08-05 15:31:32.377   918  4400 I ActivityManager: START u0 {cmp=baseline.io.github.project_travel_mate/.utilities.CompassActivity} from uid 10674 on display 0
08-05 15:31:32.377 12513 12531 I art     : Explicit concurrent mark sweep GC freed 37(1312B) AllocSpace objects, 0(0B) LOS objects, 7% free, 184MB/200MB, paused 1.700ms total 56.416ms
08-05 15:31:32.378   512  2967 D audio_hw_primary: out_set_parameters: enter: usecase(1: low-latency-playback) kvpairs: routing=2
08-05 15:31:32.392   512  2967 D audio_hw_primary: select_devices: out_snd_device(2: speaker) in_snd_device(0: none)
08-05 15:31:32.392   512  2967 D msm8974_platform: platform_send_audio_calibration: sending audio calibration for snd_device(2) acdb_id(15)
08-05 15:31:32.392   512  2967 I soundtrigger: audio_extn_sound_trigger_update_device_status: device 0x2 of type 0 for Event 1
08-05 15:31:32.397 12513 12531 I art     : Starting a blocking GC Explicit
08-05 15:31:32.406   512  2967 D audio_hw_primary: enable_snd_device: snd_device(2: speaker)
08-05 15:31:32.409   512  2967 D audio_hw_primary: enable_audio_route: apply and update mixer path: low-latency-playback speaker
08-05 15:31:32.447 12513 12531 I art     : Explicit concurrent mark sweep GC freed 316(32KB) AllocSpace objects, 0(0B) LOS objects, 7% free, 184MB/200MB, paused 1.510ms total 50.059ms
08-05 15:31:32.465 12513 12531 I art     : Starting a blocking GC Explicit
08-05 15:31:32.520 12513 12531 I art     : Explicit concurrent mark sweep GC freed 178(7KB) AllocSpace objects, 0(0B) LOS objects, 6% free, 233MB/249MB, paused 1.474ms total 54.597ms
08-05 15:31:32.539 12513 12531 I art     : Starting a blocking GC Explicit
08-05 15:31:32.594 12513 12531 I art     : Explicit concurrent mark sweep GC freed 27(1600B) AllocSpace objects, 0(0B) LOS objects, 6% free, 233MB/249MB, paused 1.366ms total 54.611ms
08-05 15:31:32.938 12513 12513 D CompassActivity: start compass
08-05 15:31:32.940   918   928 I sensors : batch
08-05 15:31:32.941   918   928 I sensors : activate
08-05 15:31:32.941   918  3670 I sensors : batch
08-05 15:31:32.941   918  3670 I sensors : activate
08-05 15:31:32.946 12513 12513 I Choreographer: Skipped 32 frames!  The application may be doing too much work on its main thread.
08-05 15:31:32.948   918  3188 I hubconnection: sensorhub said: 'batch 1 flags:0, sampling_rate_Hz:50.00, max_report_latency_us:0'
08-05 15:31:32.949   918  3188 I hubconnection: sensorhub said: 'activate 1 enable:1'
08-05 15:31:32.950   512  2967 D audio_hw_primary: disable_audio_route: reset and update mixer path: low-latency-playback speaker
08-05 15:31:32.950   918  3188 I hubconnection: sensorhub said: 'batch 3 flags:0, sampling_rate_Hz:50.00, max_report_latency_us:0'
08-05 15:31:32.951   512  2967 D audio_hw_primary: disable_snd_device: snd_device(2: speaker)
08-05 15:31:32.952   918  3188 I hubconnection: sensorhub said: 'activate 3 enable:1'
08-05 15:31:32.960   512  2967 I soundtrigger: audio_extn_sound_trigger_update_device_status: device 0x2 of type 0 for Event 0
08-05 15:31:32.978 12513 12531 I art     : Starting a blocking GC Explicit
08-05 15:31:32.997 13866 13866 I GoogleInputMethodServic: GoogleInputMethodService.onFinishInput():3138 
08-05 15:31:32.998 13866 13866 I GoogleInputMethodServic: GoogleInputMethodService.onStartInput():1808 
08-05 15:31:33.033 12513 12531 I art     : Explicit concurrent mark sweep GC freed 1823(102KB) AllocSpace objects, 2(48KB) LOS objects, 6% free, 236MB/252MB, paused 1.307ms total 55.085ms
08-05 15:31:33.053 12513 12531 I art     : Starting a blocking GC Explicit
08-05 15:31:33.109 12513 12531 I art     : Explicit concurrent mark sweep GC freed 67(2432B) AllocSpace objects, 0(0B) LOS objects, 6% free, 236MB/252MB, paused 1.273ms total 55.167ms
08-05 15:31:33.117   918   936 I ActivityManager: Displayed baseline.io.github.project_travel_mate/.utilities.CompassActivity: +732ms
08-05 15:31:33.127 12513 12531 I art     : Starting a blocking GC Explicit
08-05 15:31:33.179 12513 12531 I art     : Explicit concurrent mark sweep GC freed 10(368B) AllocSpace objects, 0(0B) LOS objects, 6% free, 236MB/252MB, paused 1.571ms total 52.426ms
08-05 15:31:33.204 12513 12531 I art     : Starting a blocking GC Explicit
08-05 15:31:33.205 12513 12513 D CompassActivity: will set rotation from 0.0 to 179.05127
08-05 15:31:33.205 12513 12513 D CompassActivity: will set rotation from 179.05127 to 179.0376
08-05 15:31:33.205 12513 12513 D CompassActivity: will set rotation from 179.0376 to 179.03284
08-05 15:31:33.206 12513 12513 D CompassActivity: will set rotation from 179.03284 to 178.83746
08-05 15:31:33.206 12513 12513 D CompassActivity: will set rotation from 178.83746 to 178.84106
08-05 15:31:33.222 12513 12513 D CompassActivity: will set rotation from 178.84106 to 179.26685
08-05 15:31:33.222 12513 12513 D CompassActivity: will set rotation from 179.26685 to 179.26617
08-05 15:31:33.236 12513 12513 D CompassActivity: will set rotation from 179.26617 to 179.47192
08-05 15:31:33.236 12513 12513 D CompassActivity: will set rotation from 179.47192 to 179.47974
08-05 15:31:33.254 12513 12531 I art     : Explicit concurrent mark sweep GC freed 67(4KB) AllocSpace objects, 0(0B) LOS objects, 6% free, 236MB/252MB, paused 1.251ms total 49.317ms
08-05 15:31:33.257 12513 12513 D CompassActivity: will set rotation from 179.47974 to 179.41699
08-05 15:31:33.257 12513 12513 D CompassActivity: will set rotation from 179.41699 to 179.42224
08-05 15:31:33.272 12513 12531 I art     : Starting a blocking GC Explicit
08-05 15:31:33.276 12513 12513 D CompassActivity: will set rotation from 179.42224 to 179.38464
08-05 15:31:33.276 12513 12513 D CompassActivity: will set rotation from 179.38464 to 179.38782
08-05 15:31:33.296 12513 12513 D CompassActivity: will set rotation from 179.38782 to 179.35925
08-05 15:31:33.296 12513 12513 D CompassActivity: will set rotation from 179.35925 to 179.36023
08-05 15:31:33.318 12513 12513 D CompassActivity: will set rotation from 179.36023 to 179.25879
08-05 15:31:33.321 12513 12513 D CompassActivity: will set rotation from 179.25879 to 179.24689
08-05 15:31:33.324 12513 12531 I art     : Explicit concurrent mark sweep GC freed 150(7KB) AllocSpace objects, 0(0B) LOS objects, 6% free, 236MB/252MB, paused 1.213ms total 52.260ms
08-05 15:31:33.337 12513 12513 D CompassActivity: will set rotation from 179.24689 to 179.22772
08-05 15:31:33.337 12513 12513 D CompassActivity: will set rotation from 179.22772 to 179.21667
08-05 15:31:33.349   380   380 W SurfaceFlinger: couldn't log to binary event log: overflow.
08-05 15:31:33.357 12513 12513 D CompassActivity: will set rotation from 179.21667 to 179.32556
08-05 15:31:33.358 12513 12513 D CompassActivity: will set rotation from 179.32556 to 179.32684
08-05 15:31:33.375 12513 12513 D CompassActivity: will set rotation from 179.32684 to 179.26123
08-05 15:31:33.376 12513 12513 D CompassActivity: will set rotation from 179.26123 to 179.27124
08-05 15:31:33.396 12513 12513 D CompassActivity: will set rotation from 179.27124 to 179.37048
08-05 15:31:33.396 12513 12513 D CompassActivity: will set rotation from 179.37048 to 179.37756
08-05 15:31:33.415 12513 12513 D CompassActivity: will set rotation from 179.37756 to 179.45215
08-05 15:31:33.416 12513 12513 D CompassActivity: will set rotation from 179.45215 to 179.4563
08-05 15:31:33.435 12513 12513 D CompassActivity: will set rotation from 179.4563 to 179.51831
08-05 15:31:33.436 12513 12513 D CompassActivity: will set rotation from 179.51831 to 179.51532
08-05 15:31:33.455 12513 12513 D CompassActivity: will set rotation from 179.51532 to 179.52899
08-05 15:31:33.456 12513 12513 D CompassActivity: will set rotation from 179.52899 to 179.52197
08-05 15:31:33.477 12513 12513 D CompassActivity: will set rotation from 179.52197 to 179.46008
08-05 15:31:33.477 12513 12513 D CompassActivity: will set rotation from 179.46008 to 179.4527
08-05 15:31:33.573 12513 12513 D CompassActivity: will set rotation from 179.4527 to 179.43604
08-05 15:31:33.573 12513 12513 D CompassActivity: will set rotation from 179.43604 to 179.43018
08-05 15:31:33.573 12513 12513 D CompassActivity: will set rotation from 179.43018 to 179.30725
08-05 15:31:33.573 12513 12513 D CompassActivity: will set rotation from 179.30725 to 179.30505
08-05 15:31:33.574 12513 12513 D CompassActivity: will set rotation from 179.30505 to 179.2951
08-05 15:31:33.574 12513 12513 D CompassActivity: will set rotation from 179.2951 to 179.30463
08-05 15:31:33.574 12513 12513 D CompassActivity: will set rotation from 179.30463 to 179.35681
08-05 15:31:33.574 12513 12513 D CompassActivity: will set rotation from 179.35681 to 179.36426
08-05 15:31:33.578 12513 12513 D CompassActivity: will set rotation from 179.36426 to 179.35065
08-05 15:31:33.578 12513 12513 D CompassActivity: will set rotation from 179.35065 to 179.35583
08-05 15:31:33.595 12513 12513 D CompassActivity: will set rotation from 179.35583 to 179.31427
08-05 15:31:33.596 12513 12513 D CompassActivity: will set rotation from 179.31427 to 179.31268
08-05 15:31:33.614 12513 12513 D CompassActivity: will set rotation from 179.31268 to 179.32922
08-05 15:31:33.615 12513 12513 D CompassActivity: will set rotation from 179.32922 to 179.32123
08-05 15:31:33.635 12513 12513 D CompassActivity: will set rotation from 179.32123 to 179.3446
08-05 15:31:33.635 12513 12513 D CompassActivity: will set rotation from 179.3446 to 179.33905
08-05 15:31:33.654 12513 12513 D CompassActivity: will set rotation from 179.33905 to 179.27222
08-05 15:31:33.655 12513 12513 D CompassActivity: will set rotation from 179.27222 to 179.2666
08-05 15:31:33.674 12513 12513 D CompassActivity: will set rotation from 179.2666 to 179.2627
08-05 15:31:33.675 12513 12513 D CompassActivity: will set rotation from 179.2627 to 179.26709
08-05 15:31:33.694 12513 12513 D CompassActivity: will set rotation from 179.26709 to 179.26166
08-05 15:31:33.695 12513 12513 D CompassActivity: will set rotation from 179.26166 to 179.26855
08-05 15:31:33.715 12513 12513 D CompassActivity: will set rotation from 179.26855 to 179.28632
08-05 15:31:33.717 12513 12513 D CompassActivity: will set rotation from 179.28632 to 179.28967
08-05 15:31:33.723 12513 12792 I art     : Starting a blocking GC Explicit
08-05 15:31:33.735 12513 12513 D CompassActivity: will set rotation from 179.28967 to 179.28357
08-05 15:31:33.735 12513 12513 D CompassActivity: will set rotation from 179.28357 to 179.27942
08-05 15:31:33.754 12513 12513 D CompassActivity: will set rotation from 179.27942 to 179.2472
08-05 15:31:33.754 12513 12513 D CompassActivity: will set rotation from 179.2472 to 179.24164
08-05 15:31:33.774 12513 12513 D CompassActivity: will set rotation from 179.24164 to 179.26056
08-05 15:31:33.774 12513 12513 D CompassActivity: will set rotation from 179.26056 to 179.25812
08-05 15:31:33.775 12513 12792 I art     : Explicit concurrent mark sweep GC freed 2092(121KB) AllocSpace objects, 2(48KB) LOS objects, 6% free, 236MB/252MB, paused 1.143ms total 51.077ms
08-05 15:31:33.794 12513 12792 I art     : Starting a blocking GC Explicit
08-05 15:31:33.794 12513 12513 D CompassActivity: will set rotation from 179.25812 to 179.30048
08-05 15:31:33.795 12513 12513 D CompassActivity: will set rotation from 179.30048 to 179.2992
08-05 15:31:33.814 12513 12513 D CompassActivity: will set rotation from 179.2992 to 179.2893
08-05 15:31:33.814 12513 12513 D CompassActivity: will set rotation from 179.2893 to 179.28943
08-05 15:31:33.834 12513 12513 D CompassActivity: will set rotation from 179.28943 to 179.26154
08-05 15:31:33.834 12513 12513 D CompassActivity: will set rotation from 179.26154 to 179.26257
08-05 15:31:33.844 12513 12792 I art     : Explicit concurrent mark sweep GC freed 707(29KB) AllocSpace objects, 0(0B) LOS objects, 6% free, 236MB/252MB, paused 1.216ms total 50.236ms
08-05 15:31:33.854 12513 12513 D CompassActivity: will set rotation from 179.26257 to 179.30023
08-05 15:31:33.854 12513 12513 D CompassActivity: will set rotation from 179.30023 to 179.30005
08-05 15:31:33.863 12513 12792 I art     : Starting a blocking GC Explicit
08-05 15:31:33.874 12513 12513 D CompassActivity: will set rotation from 179.30005 to 179.27478
08-05 15:31:33.874 12513 12513 D CompassActivity: will set rotation from 179.27478 to 179.27283
08-05 15:31:33.893 12513 12513 D CompassActivity: will set rotation from 179.27283 to 179.28894
08-05 15:31:33.894 12513 12513 D CompassActivity: will set rotation from 179.28894 to 179.28943
08-05 15:31:33.913 12513 12792 I art     : Explicit concurrent mark sweep GC freed 172(8KB) AllocSpace objects, 0(0B) LOS objects, 6% free, 236MB/252MB, paused 1.224ms total 50.276ms
08-05 15:31:33.914 12513 12513 D CompassActivity: will set rotation from 179.28943 to 179.28052
08-05 15:31:33.914 12513 12513 D CompassActivity: will set rotation from 179.28052 to 179.28113
08-05 15:31:33.932 12513 12792 I art     : Starting a blocking GC Explicit
08-05 15:31:33.936 12513 12513 D CompassActivity: will set rotation from 179.28113 to 179.29651
08-05 15:31:33.936 12513 12513 D CompassActivity: will set rotation from 179.29651 to 179.29663
08-05 15:31:33.955 12513 12513 D CompassActivity: will set rotation from 179.29663 to 179.26984
08-05 15:31:33.956 12513 12513 D CompassActivity: will set rotation from 179.26984 to 179.27069
08-05 15:31:33.974 12513 12513 D CompassActivity: will set rotation from 179.27069 to 179.26648
08-05 15:31:33.974 12513 12513 D CompassActivity: will set rotation from 179.26648 to 179.26788
08-05 15:31:33.985 12513 12792 I art     : Explicit concurrent mark sweep GC freed 153(7KB) AllocSpace objects, 0(0B) LOS objects, 6% free, 236MB/252MB, paused 1.329ms total 52.744ms
08-05 15:31:33.994 12513 12513 D CompassActivity: will set rotation from 179.26788 to 179.26526
08-05 15:31:33.994 12513 12513 D CompassActivity: will set rotation from 179.26526 to 179.26782
08-05 15:31:34.003 12513 12792 I art     : Starting a blocking GC Explicit
08-05 15:31:34.014 12513 12513 D CompassActivity: will set rotation from 179.26782 to 179.3031
08-05 15:31:34.014 12513 12513 D CompassActivity: will set rotation from 179.3031 to 179.3034
08-05 15:31:34.037 12513 12513 D CompassActivity: will set rotation from 179.3034 to 179.33582
08-05 15:31:34.038 12513 12513 D CompassActivity: will set rotation from 179.33582 to 179.33276
08-05 15:31:34.057 12513 12513 D CompassActivity: will set rotation from 179.33276 to 179.36438
08-05 15:31:34.058 12513 12513 D CompassActivity: will set rotation from 179.36438 to 179.36029
08-05 15:31:34.061 12513 12792 I art     : Explicit concurrent mark sweep GC freed 175(8KB) AllocSpace objects, 0(0B) LOS objects, 6% free, 236MB/252MB, paused 1.237ms total 57.486ms
08-05 15:31:34.074 12513 12513 D CompassActivity: will set rotation from 179.36029 to 179.375
08-05 15:31:34.075 12513 12513 D CompassActivity: will set rotation from 179.375 to 179.37512
08-05 15:31:34.094 12513 12513 D CompassActivity: will set rotation from 179.37512 to 179.36804
08-05 15:31:34.094 12513 12513 D CompassActivity: will set rotation from 179.36804 to 179.37085
08-05 15:31:34.114 12513 12513 D CompassActivity: will set rotation from 179.37085 to 179.3454
08-05 15:31:34.114 12513 12513 D CompassActivity: will set rotation from 179.3454 to 179.34888
08-05 15:31:34.137 12513 12513 D CompassActivity: will set rotation from 179.34888 to 179.40088
08-05 15:31:34.138 12513 12513 D CompassActivity: will set rotation from 179.40088 to 179.40509
08-05 15:31:34.155 12513 12513 D CompassActivity: will set rotation from 179.40509 to 179.41516
08-05 15:31:34.156 12513 12513 D CompassActivity: will set rotation from 179.41516 to 179.41504
08-05 15:31:34.174 12513 12513 D CompassActivity: will set rotation from 179.41504 to 179.40625
08-05 15:31:34.174 12513 12513 D CompassActivity: will set rotation from 179.40625 to 179.40125
08-05 15:31:34.194 12513 12513 D CompassActivity: will set rotation from 179.40125 to 179.39453
08-05 15:31:34.194 12513 12513 D CompassActivity: will set rotation from 179.39453 to 179.38898
08-05 15:31:34.215 12513 12513 D CompassActivity: will set rotation from 179.38898 to 179.41882
08-05 15:31:34.216 12513 12513 D CompassActivity: will set rotation from 179.41882 to 179.41406
08-05 15:31:34.233 12513 12513 D CompassActivity: will set rotation from 179.41406 to 179.42175
08-05 15:31:34.234 12513 12513 D CompassActivity: will set rotation from 179.42175 to 179.42352
08-05 15:31:34.256 12513 12513 D CompassActivity: will set rotation from 179.42352 to 179.44751
08-05 15:31:34.257 12513 12513 D CompassActivity: will set rotation from 179.44751 to 179.45117
08-05 15:31:34.273 12513 12513 D CompassActivity: will set rotation from 179.45117 to 179.47632
08-05 15:31:34.273 12513 12513 D CompassActivity: will set rotation from 179.47632 to 179.47955
08-05 15:31:34.293 12513 12513 D CompassActivity: will set rotation from 179.47955 to 179.5047
08-05 15:31:34.293 12513 12513 D CompassActivity: will set rotation from 179.5047 to 179.50598
08-05 15:31:34.312 12513 12513 D CompassActivity: will set rotation from 179.50598 to 179.53046
08-05 15:31:34.313 12513 12513 D CompassActivity: will set rotation from 179.53046 to 179.53125
08-05 15:31:34.333 12513 12513 D CompassActivity: will set rotation from 179.53125 to 179.51929
08-05 15:31:34.334 12513 12513 D CompassActivity: will set rotation from 179.51929 to 179.51697
08-05 15:31:34.356 12513 12513 D CompassActivity: will set rotation from 179.51697 to 179.52191
08-05 15:31:34.356 12513 12513 D CompassActivity: will set rotation from 179.52191 to 179.51868
08-05 15:31:34.372 12513 12513 D CompassActivity: will set rotation from 179.51868 to 179.5033
08-05 15:31:34.372 12513 12513 D CompassActivity: will set rotation from 179.5033 to 179.50128
08-05 15:31:34.391 12513 12513 D CompassActivity: will set rotation from 179.50128 to 179.50574
08-05 15:31:34.392 12513 12513 D CompassActivity: will set rotation from 179.50574 to 179.50476
08-05 15:31:34.412 12513 12513 D CompassActivity: will set rotation from 179.50476 to 179.49426
08-05 15:31:34.412 12513 12513 D CompassActivity: will set rotation from 179.49426 to 179.49756
08-05 15:31:34.431 12513 12513 D CompassActivity: will set rotation from 179.49756 to 179.4873
08-05 15:31:34.432 12513 12513 D CompassActivity: will set rotation from 179.4873 to 179.49109
08-05 15:31:34.453 12513 12513 D CompassActivity: will set rotation from 179.49109 to 179.49683
08-05 15:31:34.454 12513 12513 D CompassActivity: will set rotation from 179.49683 to 179.49829
08-05 15:31:34.474 12513 12513 D CompassActivity: will set rotation from 179.49829 to 179.50256
08-05 15:31:34.474 12513 12513 D CompassActivity: will set rotation from 179.50256 to 179.50287
08-05 15:31:34.491 12513 12513 D CompassActivity: will set rotation from 179.50287 to 179.47485
08-05 15:31:34.491 12513 12513 D CompassActivity: will set rotation from 179.47485 to 179.47266
08-05 15:31:34.511 12513 12513 D CompassActivity: will set rotation from 179.47266 to 179.47723
08-05 15:31:34.512 12513 12513 D CompassActivity: will set rotation from 179.47723 to 179.47473
08-05 15:31:34.520 12513 12526 I art     : Starting a blocking GC Explicit
08-05 15:31:34.531 12513 12513 D CompassActivity: will set rotation from 179.47473 to 179.46307
08-05 15:31:34.532 12513 12513 D CompassActivity: will set rotation from 179.46307 to 179.46179
08-05 15:31:34.553 12513 12513 D CompassActivity: will set rotation from 179.46179 to 179.4353
08-05 15:31:34.554 12513 12513 D CompassActivity: will set rotation from 179.4353 to 179.43732
08-05 15:31:34.574 12513 12513 D CompassActivity: will set rotation from 179.43732 to 179.42902
08-05 15:31:34.574 12513 12513 D CompassActivity: will set rotation from 179.42902 to 179.43115
08-05 15:31:34.590 12513 12526 I art     : Explicit concurrent mark sweep GC freed 2141(126KB) AllocSpace objects, 2(48KB) LOS objects, 6% free, 236MB/252MB, paused 1.626ms total 69.393ms
08-05 15:31:34.591 12513 12513 D CompassActivity: will set rotation from 179.43115 to 179.43677
08-05 15:31:34.592 12513 12513 D CompassActivity: will set rotation from 179.43677 to 179.43848
08-05 15:31:34.611 12513 12513 D CompassActivity: will set rotation from 179.43848 to 179.41461
08-05 15:31:34.612 12513 12526 I art     : Starting a blocking GC Explicit
08-05 15:31:34.612 12513 12513 D CompassActivity: will set rotation from 179.41461 to 179.41748
08-05 15:31:34.631 12513 12513 D CompassActivity: will set rotation from 179.41748 to 179.4076
08-05 15:31:34.631 12513 12513 D CompassActivity: will set rotation from 179.4076 to 179.41016
08-05 15:31:34.652 12513 12513 D CompassActivity: will set rotation from 179.41016 to 179.41602
08-05 15:31:34.652 12513 12513 D CompassActivity: will set rotation from 179.41602 to 179.41608
08-05 15:31:34.668 12513 12526 I art     : Explicit concurrent mark sweep GC freed 865(34KB) AllocSpace objects, 0(0B) LOS objects, 6% free, 236MB/252MB, paused 1.529ms total 56.283ms
08-05 15:31:34.672 12513 12513 D CompassActivity: will set rotation from 179.41608 to 179.375
08-05 15:31:34.672 12513 12513 D CompassActivity: will set rotation from 179.375 to 179.37134
08-05 15:31:34.688 12513 12526 I art     : Starting a blocking GC Explicit
08-05 15:31:34.691 12513 12513 D CompassActivity: will set rotation from 179.37134 to 179.34766
08-05 15:31:34.691 12513 12513 D CompassActivity: will set rotation from 179.34766 to 179.34418
08-05 15:31:34.710 12513 12513 D CompassActivity: will set rotation from 179.34418 to 179.3352
08-05 15:31:34.711 12513 12513 D CompassActivity: will set rotation from 179.3352 to 179.33344
08-05 15:31:34.730 12513 12513 D CompassActivity: will set rotation from 179.33344 to 179.36005
08-05 15:31:34.731 12513 12513 D CompassActivity: will set rotation from 179.36005 to 179.35992
08-05 15:31:34.741 12513 12526 I art     : Explicit concurrent mark sweep GC freed 170(8KB) AllocSpace objects, 0(0B) LOS objects, 6% free, 236MB/252MB, paused 1.286ms total 53.091ms
08-05 15:31:34.752 12513 12513 D CompassActivity: will set rotation from 179.35992 to 179.36584
08-05 15:31:34.752 12513 12513 D CompassActivity: will set rotation from 179.36584 to 179.36871
08-05 15:31:34.761 12513 12526 I art     : Starting a blocking GC Explicit
08-05 15:31:34.771 12513 12513 D CompassActivity: will set rotation from 179.36871 to 179.35779
08-05 15:31:34.772 12513 12513 D CompassActivity: will set rotation from 179.35779 to 179.35974
08-05 15:31:34.790 12513 12513 D CompassActivity: will set rotation from 179.35974 to 179.33679
08-05 15:31:34.790 12513 12513 D CompassActivity: will set rotation from 179.33679 to 179.33673
08-05 15:31:34.811 12513 12513 D CompassActivity: will set rotation from 179.33673 to 179.33142
08-05 15:31:34.812 12513 12513 D CompassActivity: will set rotation from 179.33142 to 179.33002
08-05 15:31:34.818 12513 12526 I art     : Explicit concurrent mark sweep GC freed 173(8KB) AllocSpace objects, 0(0B) LOS objects, 6% free, 236MB/252MB, paused 1.457ms total 56.053ms
08-05 15:31:34.830 12513 12513 D CompassActivity: will set rotation from 179.33002 to 179.33887
08-05 15:31:34.831 12513 12513 D CompassActivity: will set rotation from 179.33887 to 179.33606
08-05 15:31:34.836 12513 12526 I art     : Starting a blocking GC Explicit
08-05 15:31:34.850 12513 12513 D CompassActivity: will set rotation from 179.33606 to 179.32947
08-05 15:31:34.851 12513 12513 D CompassActivity: will set rotation from 179.32947 to 179.32806
08-05 15:31:34.872 12513 12513 D CompassActivity: will set rotation from 179.32806 to 179.32294
08-05 15:31:34.873 12513 12513 D CompassActivity: will set rotation from 179.32294 to 179.32324
08-05 15:31:34.891 12513 12513 D CompassActivity: will set rotation from 179.32324 to 179.33417
08-05 15:31:34.892 12513 12513 D CompassActivity: will set rotation from 179.33417 to 179.33801
08-05 15:31:34.896 12513 12526 I art     : Explicit concurrent mark sweep GC freed 177(8KB) AllocSpace objects, 0(0B) LOS objects, 6% free, 236MB/252MB, paused 1.460ms total 59.604ms
08-05 15:31:34.911 12513 12513 D CompassActivity: will set rotation from 179.33801 to 179.34479
08-05 15:31:34.912 12513 12513 D CompassActivity: will set rotation from 179.34479 to 179.34753
08-05 15:31:34.931 12513 12513 D CompassActivity: will set rotation from 179.34753 to 179.35675
08-05 15:31:34.931 12513 12513 D CompassActivity: will set rotation from 179.35675 to 179.35541
08-05 15:31:34.950 12513 12513 D CompassActivity: will set rotation from 179.35541 to 179.38184
08-05 15:31:34.951 12513 12513 D CompassActivity: will set rotation from 179.38184 to 179.37952
08-05 15:31:34.971 12513 12513 D CompassActivity: will set rotation from 179.37952 to 179.37427
08-05 15:31:34.972 12513 12513 D CompassActivity: will set rotation from 179.37427 to 179.37323
08-05 15:31:34.990 12513 12513 D CompassActivity: will set rotation from 179.37323 to 179.3349
08-05 15:31:34.990 12513 12513 D CompassActivity: will set rotation from 179.3349 to 179.33362
08-05 15:31:35.010 12513 12513 D CompassActivity: will set rotation from 179.33362 to 179.3291
08-05 15:31:35.010 12513 12513 D CompassActivity: will set rotation from 179.3291 to 179.3302
08-05 15:31:35.030 12513 12513 D CompassActivity: will set rotation from 179.3302 to 179.33984
08-05 15:31:35.031 12513 12513 D CompassActivity: will set rotation from 179.33984 to 179.3399
08-05 15:31:35.050 12513 12513 D CompassActivity: will set rotation from 179.3399 to 179.31653
08-05 15:31:35.051 12513 12513 D CompassActivity: will set rotation from 179.31653 to 179.31824
08-05 15:31:35.071 12513 12513 D CompassActivity: will set rotation from 179.31824 to 179.32623
08-05 15:31:35.072 12513 12513 D CompassActivity: will set rotation from 179.32623 to 179.32715
08-05 15:31:35.091 12513 12513 D CompassActivity: will set rotation from 179.32715 to 179.32355
08-05 15:31:35.091 12513 12513 D CompassActivity: will set rotation from 179.32355 to 179.32477
08-05 15:31:35.109 12513 12513 D CompassActivity: will set rotation from 179.32477 to 179.31897
08-05 15:31:35.110 12513 12513 D CompassActivity: will set rotation from 179.31897 to 179.3169
08-05 15:31:35.130 12513 12513 D CompassActivity: will set rotation from 179.3169 to 179.31128
08-05 15:31:35.130 12513 12513 D CompassActivity: will set rotation from 179.31128 to 179.31067
08-05 15:31:35.149 12513 12513 D CompassActivity: will set rotation from 179.31067 to 179.307
08-05 15:31:35.150 12513 12513 D CompassActivity: will set rotation from 179.307 to 179.30707
08-05 15:31:35.151 15017 15017 D AndroidRuntime: >>>>>> START com.android.internal.os.RuntimeInit uid 2000 <<<<<<
08-05 15:31:35.158 15017 15017 D AndroidRuntime: CheckJNI is OFF
08-05 15:31:35.172 12513 12513 D CompassActivity: will set rotation from 179.30707 to 179.30249
08-05 15:31:35.172 12513 12513 D CompassActivity: will set rotation from 179.30249 to 179.30286
08-05 15:31:35.190 12513 12513 D CompassActivity: will set rotation from 179.30286 to 179.2821
08-05 15:31:35.191 12513 12513 D CompassActivity: will set rotation from 179.2821 to 179.28247
08-05 15:31:35.208 12513 12513 D CompassActivity: will set rotation from 179.28247 to 179.2649
08-05 15:31:35.209 12513 12513 D CompassActivity: will set rotation from 179.2649 to 179.26447
08-05 15:31:35.209 15017 15017 D ICU     : No timezone override file found: /data/misc/zoneinfo/current/icu/icu_tzdata.dat
08-05 15:31:35.228 12513 12513 D CompassActivity: will set rotation from 179.26447 to 179.23035
08-05 15:31:35.229 12513 12513 D CompassActivity: will set rotation from 179.23035 to 179.229
08-05 15:31:35.248 12513 12513 D CompassActivity: will set rotation from 179.229 to 179.22565
08-05 15:31:35.249 12513 12513 D CompassActivity: will set rotation from 179.22565 to 179.22504
08-05 15:31:35.252 15017 15017 I Radio-JNI: register_android_hardware_Radio DONE
08-05 15:31:35.269 12513 12513 D CompassActivity: will set rotation from 179.22504 to 179.20575
08-05 15:31:35.271 12513 12513 D CompassActivity: will set rotation from 179.20575 to 179.20746
08-05 15:31:35.282 15017 15017 D AndroidRuntime: Calling main entry com.android.commands.input.Input
08-05 15:31:35.285 15017 15017 I Input   : injectKeyEvent: KeyEvent { action=ACTION_DOWN, keyCode=KEYCODE_BACK, scanCode=0, metaState=0, flags=0x0, repeatCount=0, eventTime=804711697, downTime=804711697, deviceId=-1, source=0x101 }
08-05 15:31:35.291 12513 12513 D CompassActivity: will set rotation from 179.20746 to 179.21887
08-05 15:31:35.292 12513 12513 D CompassActivity: will set rotation from 179.21887 to 179.22241
08-05 15:31:35.293 15017 15017 I Input   : injectKeyEvent: KeyEvent { action=ACTION_UP, keyCode=KEYCODE_BACK, scanCode=0, metaState=0, flags=0x0, repeatCount=0, eventTime=804711697, downTime=804711697, deviceId=-1, source=0x101 }
08-05 15:31:35.301 15017 15017 D AndroidRuntime: Shutting down VM
08-05 15:31:35.306   918  6029 I sensors : activate
08-05 15:31:35.307   918   928 I sensors : activate
08-05 15:31:35.313   918  3188 I hubconnection: sensorhub said: 'activate 1 enable:0'
08-05 15:31:35.315   918  3188 I hubconnection: sensorhub said: 'activate 3 enable:0'
08-05 15:31:35.334 12513 12513 V MainActivity: url = https://project-travel-mate.herokuapp.com/api/number-of-unread-notifications
08-05 15:31:35.361 12513 12526 I art     : Starting a blocking GC Explicit
08-05 15:31:35.417 12513 12526 I art     : Explicit concurrent mark sweep GC freed 2438(136KB) AllocSpace objects, 2(48KB) LOS objects, 6% free, 236MB/252MB, paused 1.328ms total 55.744ms
08-05 15:31:35.440 12513 12526 I art     : Starting a blocking GC Explicit
08-05 15:31:35.448 13866 13866 I GoogleInputMethodServic: GoogleInputMethodService.onFinishInput():3138 
08-05 15:31:35.448 13866 13866 I GoogleInputMethodServic: GoogleInputMethodService.onStartInput():1808 
08-05 15:31:35.491 12513 12526 I art     : Explicit concurrent mark sweep GC freed 740(28KB) AllocSpace objects, 0(0B) LOS objects, 6% free, 236MB/252MB, paused 1.545ms total 50.634ms
08-05 15:31:35.511 12513 12526 I art     : Starting a blocking GC Explicit
08-05 15:31:35.560 12513 12526 I art     : Explicit concurrent mark sweep GC freed 31(1136B) AllocSpace objects, 0(0B) LOS objects, 6% free, 236MB/252MB, paused 1.261ms total 49.214ms
08-05 15:31:35.578 12513 12526 I art     : Starting a blocking GC Explicit
08-05 15:31:35.631 12513 12526 I art     : Explicit concurrent mark sweep GC freed 22(1184B) AllocSpace objects, 0(0B) LOS objects, 6% free, 236MB/252MB, paused 1.469ms total 51.897ms
08-05 15:31:35.649 12513 12526 I art     : Starting a blocking GC Explicit
08-05 15:31:35.700 12513 12526 I art     : Explicit concurrent mark sweep GC freed 5(192B) AllocSpace objects, 0(0B) LOS objects, 6% free, 236MB/252MB, paused 1.356ms total 50.856ms
08-05 15:31:35.718 12513 12513 D CompassActivity: stop compass
08-05 15:31:35.718   380   380 W SurfaceFlinger: couldn't log to binary event log: overflow.
08-05 15:31:35.864   518   646 I ThermalEngine: ACTION: GPU - Setting GPU[0] to 390000000
08-05 15:31:36.074 12513 15040 I NAPPA_EXPERIMENTATION: MetricNetworkRequestExecutionTime: REQUEST_DURATION_SYSTEM='738',REQUEST_DURATION_OKHTTP='41',REQUEST_SYNCHRONOUS='FALSE',RESPONSE_CODE='200',RESPONSE_METHOD='GET',RESPONSE_LENGTH_OKHTTP='36',RESPONSE_LENGTH_HEADER='36',REQUEST_PROTOCOL='http/1.1',REQUEST_URL='https://project-travel-mate.herokuapp.com/api/number-of-unread-notifications',
08-05 15:31:36.169 12513 12792 I art     : Starting a blocking GC Explicit
08-05 15:31:36.255 12513 12792 I art     : Explicit concurrent mark sweep GC freed 4410(241KB) AllocSpace objects, 5(248KB) LOS objects, 6% free, 236MB/252MB, paused 2.620ms total 85.315ms
08-05 15:31:36.287 12513 12792 I art     : Starting a blocking GC Explicit
08-05 15:31:36.389 12513 12792 I art     : Explicit concurrent mark sweep GC freed 2234(198KB) AllocSpace objects, 3(52MB) LOS objects, 7% free, 184MB/200MB, paused 2.624ms total 101.918ms
08-05 15:31:36.416 12513 12792 I art     : Starting a blocking GC Explicit
08-05 15:31:36.494 12513 12792 I art     : Explicit concurrent mark sweep GC freed 53(1488B) AllocSpace objects, 0(0B) LOS objects, 7% free, 184MB/200MB, paused 2.405ms total 77.532ms
08-05 15:31:36.523 12513 12792 I art     : Starting a blocking GC Explicit
08-05 15:31:36.594 12513 12792 I art     : Explicit concurrent mark sweep GC freed 4(128B) AllocSpace objects, 0(0B) LOS objects, 7% free, 184MB/200MB, paused 2.093ms total 70.403ms
08-05 15:31:36.620 12513 12792 I art     : Starting a blocking GC Explicit
08-05 15:31:36.689 12513 12792 I art     : Explicit concurrent mark sweep GC freed 3(96B) AllocSpace objects, 0(0B) LOS objects, 7% free, 184MB/200MB, paused 2.231ms total 69.082ms
08-05 15:31:37.144 12513 12531 I art     : Starting a blocking GC Explicit
08-05 15:31:37.217 15054 15054 D AndroidRuntime: >>>>>> START com.android.internal.os.RuntimeInit uid 2000 <<<<<<
08-05 15:31:37.221 12513 12531 I art     : Explicit concurrent mark sweep GC freed 1621(93KB) AllocSpace objects, 2(48KB) LOS objects, 7% free, 184MB/200MB, paused 2.787ms total 77.155ms
08-05 15:31:37.226 15054 15054 D AndroidRuntime: CheckJNI is OFF
08-05 15:31:37.251 12513 12531 I art     : Starting a blocking GC Explicit
08-05 15:31:37.279 15054 15054 D ICU     : No timezone override file found: /data/misc/zoneinfo/current/icu/icu_tzdata.dat
08-05 15:31:37.316 12513 12531 I art     : Explicit concurrent mark sweep GC freed 39(1600B) AllocSpace objects, 0(0B) LOS objects, 7% free, 184MB/200MB, paused 1.985ms total 65.402ms
08-05 15:31:37.324 15054 15054 I Radio-JNI: register_android_hardware_Radio DONE
08-05 15:31:37.342 12513 12531 I art     : Starting a blocking GC Explicit
08-05 15:31:37.356 15054 15054 D AndroidRuntime: Calling main entry com.android.commands.input.Input
08-05 15:31:37.358 15054 15054 I Input   : injectMotionEvent: MotionEvent { action=ACTION_DOWN, actionButton=0, id[0]=0, x[0]=500.0, y[0]=2000.0, toolType[0]=TOOL_TYPE_UNKNOWN, buttonState=0, metaState=0, flags=0x0, edgeFlags=0x0, pointerCount=1, historySize=0, eventTime=804713771, downTime=804713771, deviceId=0, source=0x1002 }
08-05 15:31:37.363 15054 15054 I Input   : injectMotionEvent: MotionEvent { action=ACTION_MOVE, actionButton=0, id[0]=0, x[0]=500.0, y[0]=2000.0, toolType[0]=TOOL_TYPE_UNKNOWN, buttonState=0, metaState=0, flags=0x0, edgeFlags=0x0, pointerCount=1, historySize=0, eventTime=804713771, downTime=804713771, deviceId=0, source=0x1002 }
08-05 15:31:37.370 15054 15054 I Input   : injectMotionEvent: MotionEvent { action=ACTION_MOVE, actionButton=0, id[0]=0, x[0]=500.0, y[0]=1977.2, toolType[0]=TOOL_TYPE_UNKNOWN, buttonState=0, metaState=0, flags=0x0, edgeFlags=0x0, pointerCount=1, historySize=0, eventTime=804713783, downTime=804713783, deviceId=0, source=0x1002 }
08-05 15:31:37.387 15054 15054 I Input   : injectMotionEvent: MotionEvent { action=ACTION_MOVE, actionButton=0, id[0]=0, x[0]=500.0, y[0]=1943.0, toolType[0]=TOOL_TYPE_UNKNOWN, buttonState=0, metaState=0, flags=0x0, edgeFlags=0x0, pointerCount=1, historySize=0, eventTime=804713801, downTime=804713801, deviceId=0, source=0x1002 }
08-05 15:31:37.419 12513 12531 I art     : Explicit concurrent mark sweep GC freed 11(368B) AllocSpace objects, 0(0B) LOS objects, 7% free, 184MB/200MB, paused 5.790ms total 76.782ms
08-05 15:31:37.424 15054 15054 I Input   : injectMotionEvent: MotionEvent { action=ACTION_MOVE, actionButton=0, id[0]=0, x[0]=500.0, y[0]=1874.6, toolType[0]=TOOL_TYPE_UNKNOWN, buttonState=0, metaState=0, flags=0x0, edgeFlags=0x0, pointerCount=1, historySize=0, eventTime=804713837, downTime=804713837, deviceId=0, source=0x1002 }
08-05 15:31:37.440 15054 15054 I Input   : injectMotionEvent: MotionEvent { action=ACTION_MOVE, actionButton=0, id[0]=0, x[0]=500.0, y[0]=1844.2, toolType[0]=TOOL_TYPE_UNKNOWN, buttonState=0, metaState=0, flags=0x0, edgeFlags=0x0, pointerCount=1, historySize=0, eventTime=804713853, downTime=804713853, deviceId=0, source=0x1002 }
08-05 15:31:37.448 12513 12531 I art     : Starting a blocking GC Explicit
08-05 15:31:37.456 15054 15054 I Input   : injectMotionEvent: MotionEvent { action=ACTION_MOVE, actionButton=0, id[0]=0, x[0]=500.0, y[0]=1813.8, toolType[0]=TOOL_TYPE_UNKNOWN, buttonState=0, metaState=0, flags=0x0, edgeFlags=0x0, pointerCount=1, historySize=0, eventTime=804713869, downTime=804713869, deviceId=0, source=0x1002 }
08-05 15:31:37.472 15054 15054 I Input   : injectMotionEvent: MotionEvent { action=ACTION_MOVE, actionButton=0, id[0]=0, x[0]=500.0, y[0]=1783.4, toolType[0]=TOOL_TYPE_UNKNOWN, buttonState=0, metaState=0, flags=0x0, edgeFlags=0x0, pointerCount=1, historySize=0, eventTime=804713885, downTime=804713885, deviceId=0, source=0x1002 }
08-05 15:31:37.488 15054 15054 I Input   : injectMotionEvent: MotionEvent { action=ACTION_MOVE, actionButton=0, id[0]=0, x[0]=500.0, y[0]=1751.1, toolType[0]=TOOL_TYPE_UNKNOWN, buttonState=0, metaState=0, flags=0x0, edgeFlags=0x0, pointerCount=1, historySize=0, eventTime=804713902, downTime=804713902, deviceId=0, source=0x1002 }
08-05 15:31:37.506 15054 15054 I Input   : injectMotionEvent: MotionEvent { action=ACTION_MOVE, actionButton=0, id[0]=0, x[0]=500.0, y[0]=1718.8, toolType[0]=TOOL_TYPE_UNKNOWN, buttonState=0, metaState=0, flags=0x0, edgeFlags=0x0, pointerCount=1, historySize=0, eventTime=804713919, downTime=804713919, deviceId=0, source=0x1002 }
08-05 15:31:37.521 12513 12531 I art     : Explicit concurrent mark sweep GC freed 101(3KB) AllocSpace objects, 0(0B) LOS objects, 7% free, 184MB/200MB, paused 2.026ms total 72.892ms
08-05 15:31:37.522 15054 15054 I Input   : injectMotionEvent: MotionEvent { action=ACTION_MOVE, actionButton=0, id[0]=0, x[0]=500.0, y[0]=1688.4, toolType[0]=TOOL_TYPE_UNKNOWN, buttonState=0, metaState=0, flags=0x0, edgeFlags=0x0, pointerCount=1, historySize=0, eventTime=804713935, downTime=804713935, deviceId=0, source=0x1002 }
08-05 15:31:37.539 15054 15054 I Input   : injectMotionEvent: MotionEvent { action=ACTION_MOVE, actionButton=0, id[0]=0, x[0]=500.0, y[0]=1656.1, toolType[0]=TOOL_TYPE_UNKNOWN, buttonState=0, metaState=0, flags=0x0, edgeFlags=0x0, pointerCount=1, historySize=0, eventTime=804713952, downTime=804713952, deviceId=0, source=0x1002 }
08-05 15:31:37.547 12513 12531 I art     : Starting a blocking GC Explicit
08-05 15:31:37.556 15054 15054 I Input   : injectMotionEvent: MotionEvent { action=ACTION_MOVE, actionButton=0, id[0]=0, x[0]=500.0, y[0]=1623.8, toolType[0]=TOOL_TYPE_UNKNOWN, buttonState=0, metaState=0, flags=0x0, edgeFlags=0x0, pointerCount=1, historySize=0, eventTime=804713969, downTime=804713969, deviceId=0, source=0x1002 }
08-05 15:31:37.571 15054 15054 I Input   : injectMotionEvent: MotionEvent { action=ACTION_MOVE, actionButton=0, id[0]=0, x[0]=500.0, y[0]=1595.3, toolType[0]=TOOL_TYPE_UNKNOWN, buttonState=0, metaState=0, flags=0x0, edgeFlags=0x0, pointerCount=1, historySize=0, eventTime=804713984, downTime=804713984, deviceId=0, source=0x1002 }
08-05 15:31:37.588 15054 15054 I Input   : injectMotionEvent: MotionEvent { action=ACTION_MOVE, actionButton=0, id[0]=0, x[0]=500.0, y[0]=1563.0, toolType[0]=TOOL_TYPE_UNKNOWN, buttonState=0, metaState=0, flags=0x0, edgeFlags=0x0, pointerCount=1, historySize=0, eventTime=804714001, downTime=804714001, deviceId=0, source=0x1002 }
08-05 15:31:37.604 15054 15054 I Input   : injectMotionEvent: MotionEvent { action=ACTION_MOVE, actionButton=0, id[0]=0, x[0]=500.0, y[0]=1532.6, toolType[0]=TOOL_TYPE_UNKNOWN, buttonState=0, metaState=0, flags=0x0, edgeFlags=0x0, pointerCount=1, historySize=0, eventTime=804714017, downTime=804714017, deviceId=0, source=0x1002 }
08-05 15:31:37.616 12513 12531 I art     : Explicit concurrent mark sweep GC freed 27(1344B) AllocSpace objects, 0(0B) LOS objects, 7% free, 184MB/200MB, paused 2.189ms total 68.442ms
08-05 15:31:37.623 15054 15054 I Input   : injectMotionEvent: MotionEvent { action=ACTION_MOVE, actionButton=0, id[0]=0, x[0]=500.0, y[0]=1496.5, toolType[0]=TOOL_TYPE_UNKNOWN, buttonState=0, metaState=0, flags=0x0, edgeFlags=0x0, pointerCount=1, historySize=0, eventTime=804714036, downTime=804714036, deviceId=0, source=0x1002 }
08-05 15:31:37.639 15054 15054 I Input   : injectMotionEvent: MotionEvent { action=ACTION_MOVE, actionButton=0, id[0]=0, x[0]=500.0, y[0]=1466.1001, toolType[0]=TOOL_TYPE_UNKNOWN, buttonState=0, metaState=0, flags=0x0, edgeFlags=0x0, pointerCount=1, historySize=0, eventTime=804714052, downTime=804714052, deviceId=0, source=0x1002 }
08-05 15:31:37.656 15054 15054 I Input   : injectMotionEvent: MotionEvent { action=ACTION_MOVE, actionButton=0, id[0]=0, x[0]=500.0, y[0]=1433.8, toolType[0]=TOOL_TYPE_UNKNOWN, buttonState=0, metaState=0, flags=0x0, edgeFlags=0x0, pointerCount=1, historySize=0, eventTime=804714069, downTime=804714069, deviceId=0, source=0x1002 }
08-05 15:31:37.672 15054 15054 I Input   : injectMotionEvent: MotionEvent { action=ACTION_MOVE, actionButton=0, id[0]=0, x[0]=500.0, y[0]=1401.5, toolType[0]=TOOL_TYPE_UNKNOWN, buttonState=0, metaState=0, flags=0x0, edgeFlags=0x0, pointerCount=1, historySize=0, eventTime=804714086, downTime=804714086, deviceId=0, source=0x1002 }
08-05 15:31:37.688 15054 15054 I Input   : injectMotionEvent: MotionEvent { action=ACTION_MOVE, actionButton=0, id[0]=0, x[0]=500.0, y[0]=1373.0, toolType[0]=TOOL_TYPE_UNKNOWN, buttonState=0, metaState=0, flags=0x0, edgeFlags=0x0, pointerCount=1, historySize=0, eventTime=804714101, downTime=804714101, deviceId=0, source=0x1002 }
08-05 15:31:37.704 15054 15054 I Input   : injectMotionEvent: MotionEvent { action=ACTION_MOVE, actionButton=0, id[0]=0, x[0]=500.0, y[0]=1342.6001, toolType[0]=TOOL_TYPE_UNKNOWN, buttonState=0, metaState=0, flags=0x0, edgeFlags=0x0, pointerCount=1, historySize=0, eventTime=804714117, downTime=804714117, deviceId=0, source=0x1002 }
08-05 15:31:37.721 15054 15054 I Input   : injectMotionEvent: MotionEvent { action=ACTION_MOVE, actionButton=0, id[0]=0, x[0]=500.0, y[0]=1310.3, toolType[0]=TOOL_TYPE_UNKNOWN, buttonState=0, metaState=0, flags=0x0, edgeFlags=0x0, pointerCount=1, historySize=0, eventTime=804714134, downTime=804714134, deviceId=0, source=0x1002 }
08-05 15:31:37.740 15054 15054 I Input   : injectMotionEvent: MotionEvent { action=ACTION_MOVE, actionButton=0, id[0]=0, x[0]=500.0, y[0]=1272.3, toolType[0]=TOOL_TYPE_UNKNOWN, buttonState=0, metaState=0, flags=0x0, edgeFlags=0x0, pointerCount=1, historySize=0, eventTime=804714154, downTime=804714154, deviceId=0, source=0x1002 }
08-05 15:31:37.755 15054 15054 I Input   : injectMotionEvent: MotionEvent { action=ACTION_MOVE, actionButton=0, id[0]=0, x[0]=500.0, y[0]=1243.8, toolType[0]=TOOL_TYPE_UNKNOWN, buttonState=0, metaState=0, flags=0x0, edgeFlags=0x0, pointerCount=1, historySize=0, eventTime=804714169, downTime=804714169, deviceId=0, source=0x1002 }
08-05 15:31:37.772 15054 15054 I Input   : injectMotionEvent: MotionEvent { action=ACTION_MOVE, actionButton=0, id[0]=0, x[0]=500.0, y[0]=1211.5, toolType[0]=TOOL_TYPE_UNKNOWN, buttonState=0, metaState=0, flags=0x0, edgeFlags=0x0, pointerCount=1, historySize=0, eventTime=804714186, downTime=804714186, deviceId=0, source=0x1002 }
08-05 15:31:37.836 15054 15054 I Input   : injectMotionEvent: MotionEvent { action=ACTION_MOVE, actionButton=0, id[0]=0, x[0]=500.0, y[0]=1091.8, toolType[0]=TOOL_TYPE_UNKNOWN, buttonState=0, metaState=0, flags=0x0, edgeFlags=0x0, pointerCount=1, historySize=0, eventTime=804714249, downTime=804714249, deviceId=0, source=0x1002 }
08-05 15:31:37.866   518   646 I ThermalEngine: ACTION: GPU - Setting GPU[0] to 450000000
08-05 15:31:37.895 15054 15054 I Input   : injectMotionEvent: MotionEvent { action=ACTION_MOVE, actionButton=0, id[0]=0, x[0]=500.0, y[0]=979.7, toolType[0]=TOOL_TYPE_UNKNOWN, buttonState=0, metaState=0, flags=0x0, edgeFlags=0x0, pointerCount=1, historySize=0, eventTime=804714308, downTime=804714308, deviceId=0, source=0x1002 }
08-05 15:31:37.958 15054 15054 I Input   : injectMotionEvent: MotionEvent { action=ACTION_MOVE, actionButton=0, id[0]=0, x[0]=500.0, y[0]=860.0, toolType[0]=TOOL_TYPE_UNKNOWN, buttonState=0, metaState=0, flags=0x0, edgeFlags=0x0, pointerCount=1, historySize=0, eventTime=804714371, downTime=804714371, deviceId=0, source=0x1002 }
08-05 15:31:38.021 15054 15054 I Input   : injectMotionEvent: MotionEvent { action=ACTION_MOVE, actionButton=0, id[0]=0, x[0]=500.0, y[0]=740.30005, toolType[0]=TOOL_TYPE_UNKNOWN, buttonState=0, metaState=0, flags=0x0, edgeFlags=0x0, pointerCount=1, historySize=0, eventTime=804714434, downTime=804714434, deviceId=0, source=0x1002 }
08-05 15:31:38.035 12513 12531 I art     : Starting a blocking GC Explicit
08-05 15:31:38.083 15054 15054 I Input   : injectMotionEvent: MotionEvent { action=ACTION_MOVE, actionButton=0, id[0]=0, x[0]=500.0, y[0]=622.5, toolType[0]=TOOL_TYPE_UNKNOWN, buttonState=0, metaState=0, flags=0x0, edgeFlags=0x0, pointerCount=1, historySize=0, eventTime=804714496, downTime=804714496, deviceId=0, source=0x1002 }
08-05 15:31:38.089 12513 12531 I art     : Explicit concurrent mark sweep GC freed 1607(93KB) AllocSpace objects, 2(48KB) LOS objects, 7% free, 184MB/200MB, paused 1.366ms total 52.790ms
08-05 15:31:38.107 12513 12531 I art     : Starting a blocking GC Explicit
08-05 15:31:38.145 15054 15054 I Input   : injectMotionEvent: MotionEvent { action=ACTION_MOVE, actionButton=0, id[0]=0, x[0]=500.0, y[0]=502.80005, toolType[0]=TOOL_TYPE_UNKNOWN, buttonState=0, metaState=0, flags=0x0, edgeFlags=0x0, pointerCount=1, historySize=0, eventTime=804714559, downTime=804714559, deviceId=0, source=0x1002 }
08-05 15:31:38.159 12513 12531 I art     : Explicit concurrent mark sweep GC freed 38(1568B) AllocSpace objects, 0(0B) LOS objects, 7% free, 184MB/200MB, paused 1.260ms total 51.953ms
08-05 15:31:38.178 12513 12531 I art     : Starting a blocking GC Explicit
08-05 15:31:38.207 15054 15054 I Input   : injectMotionEvent: MotionEvent { action=ACTION_MOVE, actionButton=0, id[0]=0, x[0]=500.0, y[0]=386.90002, toolType[0]=TOOL_TYPE_UNKNOWN, buttonState=0, metaState=0, flags=0x0, edgeFlags=0x0, pointerCount=1, historySize=0, eventTime=804714620, downTime=804714620, deviceId=0, source=0x1002 }
08-05 15:31:38.230 12513 12531 I art     : Explicit concurrent mark sweep GC freed 8(256B) AllocSpace objects, 0(0B) LOS objects, 7% free, 184MB/200MB, paused 1.288ms total 51.435ms
08-05 15:31:38.249 12513 12531 I art     : Starting a blocking GC Explicit
08-05 15:31:38.301 12513 12531 I art     : Explicit concurrent mark sweep GC freed 3(96B) AllocSpace objects, 0(0B) LOS objects, 7% free, 184MB/200MB, paused 1.498ms total 51.552ms
08-05 15:31:38.302 15054 15054 I Input   : injectMotionEvent: MotionEvent { action=ACTION_MOVE, actionButton=0, id[0]=0, x[0]=500.0, y[0]=206.40002, toolType[0]=TOOL_TYPE_UNKNOWN, buttonState=0, metaState=0, flags=0x0, edgeFlags=0x0, pointerCount=1, historySize=0, eventTime=804714715, downTime=804714715, deviceId=0, source=0x1002 }
08-05 15:31:38.320 12513 12531 I art     : Starting a blocking GC Explicit
08-05 15:31:38.343 15054 15054 I Input   : injectMotionEvent: MotionEvent { action=ACTION_MOVE, actionButton=0, id[0]=0, x[0]=500.0, y[0]=126.599976, toolType[0]=TOOL_TYPE_UNKNOWN, buttonState=0, metaState=0, flags=0x0, edgeFlags=0x0, pointerCount=1, historySize=0, eventTime=804714757, downTime=804714757, deviceId=0, source=0x1002 }
08-05 15:31:38.372 12513 12531 I art     : Explicit concurrent mark sweep GC freed 9(288B) AllocSpace objects, 0(0B) LOS objects, 7% free, 184MB/200MB, paused 1.496ms total 52.669ms
08-05 15:31:38.383 15054 15054 I Input   : injectMotionEvent: MotionEvent { action=ACTION_UP, actionButton=0, id[0]=0, x[0]=500.0, y[0]=100.0, toolType[0]=TOOL_TYPE_UNKNOWN, buttonState=0, metaState=0, flags=0x0, edgeFlags=0x0, pointerCount=1, historySize=0, eventTime=804714796, downTime=804714796, deviceId=0, source=0x1002 }
08-05 15:31:38.417 15054 15054 D AndroidRuntime: Shutting down VM
08-05 15:31:38.766 12513 12526 I art     : Starting a blocking GC Explicit
08-05 15:31:38.825 12513 12526 I art     : Explicit concurrent mark sweep GC freed 1629(93KB) AllocSpace objects, 2(48KB) LOS objects, 7% free, 184MB/200MB, paused 1.201ms total 58.675ms
08-05 15:31:38.843 12513 12526 I art     : Starting a blocking GC Explicit
08-05 15:31:38.873   518   646 I ThermalEngine: ACTION: GPU - Setting GPU[0] to 390000000
08-05 15:31:38.909 12513 12526 I art     : Explicit concurrent mark sweep GC freed 32(1152B) AllocSpace objects, 0(0B) LOS objects, 7% free, 184MB/200MB, paused 2.081ms total 65.849ms
08-05 15:31:38.933 12513 12526 I art     : Starting a blocking GC Explicit
08-05 15:31:39.001 12513 12526 I art     : Explicit concurrent mark sweep GC freed 8(256B) AllocSpace objects, 0(0B) LOS objects, 7% free, 184MB/200MB, paused 1.897ms total 67.386ms
08-05 15:31:39.024 12513 12526 I art     : Starting a blocking GC Explicit
08-05 15:31:39.090 12513 12526 I art     : Explicit concurrent mark sweep GC freed 4(128B) AllocSpace objects, 0(0B) LOS objects, 7% free, 184MB/200MB, paused 1.906ms total 65.159ms
08-05 15:31:39.116 12513 12526 I art     : Starting a blocking GC Explicit
08-05 15:31:39.173 12513 12526 I art     : Explicit concurrent mark sweep GC freed 3(96B) AllocSpace objects, 0(0B) LOS objects, 7% free, 184MB/200MB, paused 1.673ms total 57.097ms
08-05 15:31:39.274 15110 15110 D AndroidRuntime: >>>>>> START com.android.internal.os.RuntimeInit uid 2000 <<<<<<
08-05 15:31:39.280 15110 15110 D AndroidRuntime: CheckJNI is OFF
08-05 15:31:39.337 15110 15110 D ICU     : No timezone override file found: /data/misc/zoneinfo/current/icu/icu_tzdata.dat
08-05 15:31:39.385 15110 15110 I Radio-JNI: register_android_hardware_Radio DONE
08-05 15:31:39.417 15110 15110 D AndroidRuntime: Calling main entry com.android.commands.input.Input
08-05 15:31:39.420 15110 15110 I Input   : injectMotionEvent: MotionEvent { action=ACTION_DOWN, actionButton=0, id[0]=0, x[0]=500.0, y[0]=2000.0, toolType[0]=TOOL_TYPE_UNKNOWN, buttonState=0, metaState=0, flags=0x0, edgeFlags=0x0, pointerCount=1, historySize=0, eventTime=804715832, downTime=804715832, deviceId=0, source=0x1002 }
08-05 15:31:39.425 15110 15110 I Input   : injectMotionEvent: MotionEvent { action=ACTION_MOVE, actionButton=0, id[0]=0, x[0]=500.0, y[0]=2000.0, toolType[0]=TOOL_TYPE_UNKNOWN, buttonState=0, metaState=0, flags=0x0, edgeFlags=0x0, pointerCount=1, historySize=0, eventTime=804715832, downTime=804715832, deviceId=0, source=0x1002 }
08-05 15:31:39.428 11851 11851 I ServiceManager: Waiting for service AtCmdFwd...
08-05 15:31:39.442 15110 15110 I Input   : injectMotionEvent: MotionEvent { action=ACTION_MOVE, actionButton=0, id[0]=0, x[0]=500.0, y[0]=1956.3, toolType[0]=TOOL_TYPE_UNKNOWN, buttonState=0, metaState=0, flags=0x0, edgeFlags=0x0, pointerCount=1, historySize=0, eventTime=804715855, downTime=804715855, deviceId=0, source=0x1002 }
08-05 15:31:39.456 15110 15110 I Input   : injectMotionEvent: MotionEvent { action=ACTION_MOVE, actionButton=0, id[0]=0, x[0]=500.0, y[0]=1929.7, toolType[0]=TOOL_TYPE_UNKNOWN, buttonState=0, metaState=0, flags=0x0, edgeFlags=0x0, pointerCount=1, historySize=0, eventTime=804715869, downTime=804715869, deviceId=0, source=0x1002 }
08-05 15:31:39.473 15110 15110 I Input   : injectMotionEvent: MotionEvent { action=ACTION_MOVE, actionButton=0, id[0]=0, x[0]=500.0, y[0]=1897.4, toolType[0]=TOOL_TYPE_UNKNOWN, buttonState=0, metaState=0, flags=0x0, edgeFlags=0x0, pointerCount=1, historySize=0, eventTime=804715886, downTime=804715886, deviceId=0, source=0x1002 }
08-05 15:31:39.520 15110 15110 I Input   : injectMotionEvent: MotionEvent { action=ACTION_MOVE, actionButton=0, id[0]=0, x[0]=500.0, y[0]=1806.2, toolType[0]=TOOL_TYPE_UNKNOWN, buttonState=0, metaState=0, flags=0x0, edgeFlags=0x0, pointerCount=1, historySize=0, eventTime=804715934, downTime=804715934, deviceId=0, source=0x1002 }
08-05 15:31:39.558 15110 15110 I Input   : injectMotionEvent: MotionEvent { action=ACTION_MOVE, actionButton=0, id[0]=0, x[0]=500.0, y[0]=1734.0, toolType[0]=TOOL_TYPE_UNKNOWN, buttonState=0, metaState=0, flags=0x0, edgeFlags=0x0, pointerCount=1, historySize=0, eventTime=804715972, downTime=804715972, deviceId=0, source=0x1002 }
08-05 15:31:39.597 15110 15110 I Input   : injectMotionEvent: MotionEvent { action=ACTION_MOVE, actionButton=0, id[0]=0, x[0]=500.0, y[0]=1661.8, toolType[0]=TOOL_TYPE_UNKNOWN, buttonState=0, metaState=0, flags=0x0, edgeFlags=0x0, pointerCount=1, historySize=0, eventTime=804716010, downTime=804716010, deviceId=0, source=0x1002 }
08-05 15:31:39.633 12513 12525 I art     : Starting a blocking GC Explicit
08-05 15:31:39.638 15110 15110 I Input   : injectMotionEvent: MotionEvent { action=ACTION_MOVE, actionButton=0, id[0]=0, x[0]=500.0, y[0]=1583.9, toolType[0]=TOOL_TYPE_UNKNOWN, buttonState=0, metaState=0, flags=0x0, edgeFlags=0x0, pointerCount=1, historySize=0, eventTime=804716051, downTime=804716051, deviceId=0, source=0x1002 }
08-05 15:31:39.675 15110 15110 I Input   : injectMotionEvent: MotionEvent { action=ACTION_MOVE, actionButton=0, id[0]=0, x[0]=500.0, y[0]=1513.6, toolType[0]=TOOL_TYPE_UNKNOWN, buttonState=0, metaState=0, flags=0x0, edgeFlags=0x0, pointerCount=1, historySize=0, eventTime=804716088, downTime=804716088, deviceId=0, source=0x1002 }
08-05 15:31:39.699 12513 12525 I art     : Explicit concurrent mark sweep GC freed 1656(94KB) AllocSpace objects, 2(48KB) LOS objects, 7% free, 184MB/200MB, paused 2.062ms total 65.012ms
08-05 15:31:39.715 15110 15110 I Input   : injectMotionEvent: MotionEvent { action=ACTION_MOVE, actionButton=0, id[0]=0, x[0]=500.0, y[0]=1437.6, toolType[0]=TOOL_TYPE_UNKNOWN, buttonState=0, metaState=0, flags=0x0, edgeFlags=0x0, pointerCount=1, historySize=0, eventTime=804716128, downTime=804716128, deviceId=0, source=0x1002 }
08-05 15:31:39.723 12513 12525 I art     : Starting a blocking GC Explicit
08-05 15:31:39.752 15110 15110 I Input   : injectMotionEvent: MotionEvent { action=ACTION_MOVE, actionButton=0, id[0]=0, x[0]=500.0, y[0]=1365.4, toolType[0]=TOOL_TYPE_UNKNOWN, buttonState=0, metaState=0, flags=0x0, edgeFlags=0x0, pointerCount=1, historySize=0, eventTime=804716166, downTime=804716166, deviceId=0, source=0x1002 }
08-05 15:31:39.789 12513 12525 I art     : Explicit concurrent mark sweep GC freed 32(1152B) AllocSpace objects, 0(0B) LOS objects, 7% free, 184MB/200MB, paused 1.795ms total 65.380ms
08-05 15:31:39.791 15110 15110 I Input   : injectMotionEvent: MotionEvent { action=ACTION_MOVE, actionButton=0, id[0]=0, x[0]=500.0, y[0]=1293.2, toolType[0]=TOOL_TYPE_UNKNOWN, buttonState=0, metaState=0, flags=0x0, edgeFlags=0x0, pointerCount=1, historySize=0, eventTime=804716204, downTime=804716204, deviceId=0, source=0x1002 }
08-05 15:31:39.813 12513 12525 I art     : Starting a blocking GC Explicit
08-05 15:31:39.830 15110 15110 I Input   : injectMotionEvent: MotionEvent { action=ACTION_MOVE, actionButton=0, id[0]=0, x[0]=500.0, y[0]=1217.2, toolType[0]=TOOL_TYPE_UNKNOWN, buttonState=0, metaState=0, flags=0x0, edgeFlags=0x0, pointerCount=1, historySize=0, eventTime=804716244, downTime=804716244, deviceId=0, source=0x1002 }
08-05 15:31:39.869 15110 15110 I Input   : injectMotionEvent: MotionEvent { action=ACTION_MOVE, actionButton=0, id[0]=0, x[0]=500.0, y[0]=1143.1, toolType[0]=TOOL_TYPE_UNKNOWN, buttonState=0, metaState=0, flags=0x0, edgeFlags=0x0, pointerCount=1, historySize=0, eventTime=804716283, downTime=804716283, deviceId=0, source=0x1002 }
08-05 15:31:39.884 12513 12525 I art     : Explicit concurrent mark sweep GC freed 21(944B) AllocSpace objects, 0(0B) LOS objects, 7% free, 184MB/200MB, paused 1.894ms total 70.187ms
08-05 15:31:39.910 15110 15110 I Input   : injectMotionEvent: MotionEvent { action=ACTION_MOVE, actionButton=0, id[0]=0, x[0]=500.0, y[0]=1067.1001, toolType[0]=TOOL_TYPE_UNKNOWN, buttonState=0, metaState=0, flags=0x0, edgeFlags=0x0, pointerCount=1, historySize=0, eventTime=804716323, downTime=804716323, deviceId=0, source=0x1002 }
08-05 15:31:39.910 12513 12525 I art     : Starting a blocking GC Explicit
08-05 15:31:39.948 15110 15110 I Input   : injectMotionEvent: MotionEvent { action=ACTION_MOVE, actionButton=0, id[0]=0, x[0]=500.0, y[0]=994.9, toolType[0]=TOOL_TYPE_UNKNOWN, buttonState=0, metaState=0, flags=0x0, edgeFlags=0x0, pointerCount=1, historySize=0, eventTime=804716361, downTime=804716361, deviceId=0, source=0x1002 }
08-05 15:31:39.978 12513 12525 I art     : Explicit concurrent mark sweep GC freed 17(768B) AllocSpace objects, 0(0B) LOS objects, 7% free, 184MB/200MB, paused 1.837ms total 66.897ms
08-05 15:31:39.989 15110 15110 I Input   : injectMotionEvent: MotionEvent { action=ACTION_MOVE, actionButton=0, id[0]=0, x[0]=500.0, y[0]=917.0, toolType[0]=TOOL_TYPE_UNKNOWN, buttonState=0, metaState=0, flags=0x0, edgeFlags=0x0, pointerCount=1, historySize=0, eventTime=804716402, downTime=804716402, deviceId=0, source=0x1002 }
08-05 15:31:40.001 12513 12525 I art     : Starting a blocking GC Explicit
08-05 15:31:40.028 15110 15110 I Input   : injectMotionEvent: MotionEvent { action=ACTION_MOVE, actionButton=0, id[0]=0, x[0]=500.0, y[0]=842.8999, toolType[0]=TOOL_TYPE_UNKNOWN, buttonState=0, metaState=0, flags=0x0, edgeFlags=0x0, pointerCount=1, historySize=0, eventTime=804716441, downTime=804716441, deviceId=0, source=0x1002 }
08-05 15:31:40.067 15110 15110 I Input   : injectMotionEvent: MotionEvent { action=ACTION_MOVE, actionButton=0, id[0]=0, x[0]=500.0, y[0]=768.80005, toolType[0]=TOOL_TYPE_UNKNOWN, buttonState=0, metaState=0, flags=0x0, edgeFlags=0x0, pointerCount=1, historySize=0, eventTime=804716480, downTime=804716480, deviceId=0, source=0x1002 }
08-05 15:31:40.067 12513 12525 I art     : Explicit concurrent mark sweep GC freed 7(224B) AllocSpace objects, 0(0B) LOS objects, 7% free, 184MB/200MB, paused 1.954ms total 64.879ms
08-05 15:31:40.108 15110 15110 I Input   : injectMotionEvent: MotionEvent { action=ACTION_MOVE, actionButton=0, id[0]=0, x[0]=500.0, y[0]=690.9, toolType[0]=TOOL_TYPE_UNKNOWN, buttonState=0, metaState=0, flags=0x0, edgeFlags=0x0, pointerCount=1, historySize=0, eventTime=804716521, downTime=804716521, deviceId=0, source=0x1002 }
08-05 15:31:40.143 15110 15110 I Input   : injectMotionEvent: MotionEvent { action=ACTION_MOVE, actionButton=0, id[0]=0, x[0]=500.0, y[0]=622.5, toolType[0]=TOOL_TYPE_UNKNOWN, buttonState=0, metaState=0, flags=0x0, edgeFlags=0x0, pointerCount=1, historySize=0, eventTime=804716557, downTime=804716557, deviceId=0, source=0x1002 }
08-05 15:31:40.181 15110 15110 I Input   : injectMotionEvent: MotionEvent { action=ACTION_MOVE, actionButton=0, id[0]=0, x[0]=500.0, y[0]=552.19995, toolType[0]=TOOL_TYPE_UNKNOWN, buttonState=0, metaState=0, flags=0x0, edgeFlags=0x0, pointerCount=1, historySize=0, eventTime=804716594, downTime=804716594, deviceId=0, source=0x1002 }
08-05 15:31:40.220 15110 15110 I Input   : injectMotionEvent: MotionEvent { action=ACTION_MOVE, actionButton=0, id[0]=0, x[0]=500.0, y[0]=478.09998, toolType[0]=TOOL_TYPE_UNKNOWN, buttonState=0, metaState=0, flags=0x0, edgeFlags=0x0, pointerCount=1, historySize=0, eventTime=804716633, downTime=804716633, deviceId=0, source=0x1002 }
08-05 15:31:40.256 15110 15110 I Input   : injectMotionEvent: MotionEvent { action=ACTION_MOVE, actionButton=0, id[0]=0, x[0]=500.0, y[0]=409.69995, toolType[0]=TOOL_TYPE_UNKNOWN, buttonState=0, metaState=0, flags=0x0, edgeFlags=0x0, pointerCount=1, historySize=0, eventTime=804716669, downTime=804716669, deviceId=0, source=0x1002 }
08-05 15:31:40.294 15110 15110 I Input   : injectMotionEvent: MotionEvent { action=ACTION_MOVE, actionButton=0, id[0]=0, x[0]=500.0, y[0]=337.5, toolType[0]=TOOL_TYPE_UNKNOWN, buttonState=0, metaState=0, flags=0x0, edgeFlags=0x0, pointerCount=1, historySize=0, eventTime=804716707, downTime=804716707, deviceId=0, source=0x1002 }
08-05 15:31:40.340 15110 15110 I Input   : injectMotionEvent: MotionEvent { action=ACTION_MOVE, actionButton=0, id[0]=0, x[0]=500.0, y[0]=250.09998, toolType[0]=TOOL_TYPE_UNKNOWN, buttonState=0, metaState=0, flags=0x0, edgeFlags=0x0, pointerCount=1, historySize=0, eventTime=804716753, downTime=804716753, deviceId=0, source=0x1002 }
08-05 15:31:40.378 15110 15110 I Input   : injectMotionEvent: MotionEvent { action=ACTION_MOVE, actionButton=0, id[0]=0, x[0]=500.0, y[0]=176.0, toolType[0]=TOOL_TYPE_UNKNOWN, buttonState=0, metaState=0, flags=0x0, edgeFlags=0x0, pointerCount=1, historySize=0, eventTime=804716792, downTime=804716792, deviceId=0, source=0x1002 }
08-05 15:31:40.416 15110 15110 I Input   : injectMotionEvent: MotionEvent { action=ACTION_MOVE, actionButton=0, id[0]=0, x[0]=500.0, y[0]=105.70007, toolType[0]=TOOL_TYPE_UNKNOWN, buttonState=0, metaState=0, flags=0x0, edgeFlags=0x0, pointerCount=1, historySize=0, eventTime=804716829, downTime=804716829, deviceId=0, source=0x1002 }
08-05 15:31:40.429 11851 11851 I ServiceManager: Waiting for service AtCmdFwd...
08-05 15:31:40.454 15110 15110 I Input   : injectMotionEvent: MotionEvent { action=ACTION_UP, actionButton=0, id[0]=0, x[0]=500.0, y[0]=100.0, toolType[0]=TOOL_TYPE_UNKNOWN, buttonState=0, metaState=0, flags=0x0, edgeFlags=0x0, pointerCount=1, historySize=0, eventTime=804716867, downTime=804716867, deviceId=0, source=0x1002 }
08-05 15:31:40.494 15110 15110 D AndroidRuntime: Shutting down VM
08-05 15:31:40.520 12513 12531 I art     : Starting a blocking GC Explicit
08-05 15:31:40.587 12513 12531 I art     : Explicit concurrent mark sweep GC freed 1664(94KB) AllocSpace objects, 2(48KB) LOS objects, 7% free, 184MB/200MB, paused 1.753ms total 66.001ms
08-05 15:31:40.610 12513 12531 I art     : Starting a blocking GC Explicit
08-05 15:31:40.676 12513 12531 I art     : Explicit concurrent mark sweep GC freed 41(1728B) AllocSpace objects, 0(0B) LOS objects, 7% free, 184MB/200MB, paused 1.957ms total 65.908ms
08-05 15:31:40.703 12513 12531 I art     : Starting a blocking GC Explicit
08-05 15:31:40.775 12513 12531 I art     : Explicit concurrent mark sweep GC freed 14(672B) AllocSpace objects, 0(0B) LOS objects, 7% free, 184MB/200MB, paused 2.118ms total 71.378ms
08-05 15:31:40.799 12513 12531 I art     : Starting a blocking GC Explicit
08-05 15:31:40.864 12513 12531 I art     : Explicit concurrent mark sweep GC freed 3(96B) AllocSpace objects, 0(0B) LOS objects, 7% free, 184MB/200MB, paused 1.806ms total 64.819ms
08-05 15:31:40.890 12513 12531 I art     : Starting a blocking GC Explicit
08-05 15:31:40.961 12513 12531 I art     : Explicit concurrent mark sweep GC freed 3(96B) AllocSpace objects, 0(0B) LOS objects, 7% free, 184MB/200MB, paused 2.092ms total 70.149ms
08-05 15:31:41.385 15146 15146 D AndroidRuntime: >>>>>> START com.android.internal.os.RuntimeInit uid 2000 <<<<<<
08-05 15:31:41.391 15146 15146 D AndroidRuntime: CheckJNI is OFF
08-05 15:31:41.429 11851 11851 I ServiceManager: Waiting for service AtCmdFwd...
08-05 15:31:41.431 12513 12525 I art     : Starting a blocking GC Explicit
08-05 15:31:41.445 15146 15146 D ICU     : No timezone override file found: /data/misc/zoneinfo/current/icu/icu_tzdata.dat
08-05 15:31:41.492 15146 15146 I Radio-JNI: register_android_hardware_Radio DONE
08-05 15:31:41.502 12513 12525 I art     : Explicit concurrent mark sweep GC freed 1667(95KB) AllocSpace objects, 2(48KB) LOS objects, 7% free, 184MB/200MB, paused 2.082ms total 70.967ms
08-05 15:31:41.525 15146 15146 D AndroidRuntime: Calling main entry com.android.commands.input.Input
08-05 15:31:41.527 15146 15146 I Input   : injectMotionEvent: MotionEvent { action=ACTION_DOWN, actionButton=0, id[0]=0, x[0]=657.0, y[0]=2080.0, toolType[0]=TOOL_TYPE_UNKNOWN, buttonState=0, metaState=0, flags=0x0, edgeFlags=0x0, pointerCount=1, historySize=0, eventTime=804717940, downTime=804717940, deviceId=0, source=0x1002 }
08-05 15:31:41.528 12513 12525 I art     : Starting a blocking GC Explicit
08-05 15:31:41.532 15146 15146 I Input   : injectMotionEvent: MotionEvent { action=ACTION_UP, actionButton=0, id[0]=0, x[0]=657.0, y[0]=2080.0, toolType[0]=TOOL_TYPE_UNKNOWN, buttonState=0, metaState=0, flags=0x0, edgeFlags=0x0, pointerCount=1, historySize=0, eventTime=804717940, downTime=804717940, deviceId=0, source=0x1002 }
08-05 15:31:41.535 15146 15146 D AndroidRuntime: Shutting down VM
08-05 15:31:41.535   918  5481 I ActivityManager: START u0 {cmp=baseline.io.github.project_travel_mate/.utilities.UpcomingWeekendsActivity} from uid 10674 on display 0
08-05 15:31:41.537   512  2967 D audio_hw_primary: out_set_parameters: enter: usecase(1: low-latency-playback) kvpairs: routing=2
08-05 15:31:41.550   512  2967 D audio_hw_primary: select_devices: out_snd_device(2: speaker) in_snd_device(0: none)
08-05 15:31:41.550   512  2967 D msm8974_platform: platform_send_audio_calibration: sending audio calibration for snd_device(2) acdb_id(15)
08-05 15:31:41.551   512  2967 I soundtrigger: audio_extn_sound_trigger_update_device_status: device 0x2 of type 0 for Event 1
08-05 15:31:41.570   512  2967 D audio_hw_primary: enable_snd_device: snd_device(2: speaker)
08-05 15:31:41.572   512  2967 D audio_hw_primary: enable_audio_route: apply and update mixer path: low-latency-playback speaker
08-05 15:31:41.593 12513 12580 D Gabe    : call	returning from cache
08-05 15:31:41.598 12513 12525 I art     : Explicit concurrent mark sweep GC freed 307(14KB) AllocSpace objects, 0(0B) LOS objects, 7% free, 184MB/200MB, paused 2.646ms total 69.666ms
08-05 15:31:41.601 12513 12513 V EXECUTING: https://project-travel-mate.herokuapp.com/api/get-upcoming-holidays/2020
08-05 15:31:41.605 12513 12513 V EXECUTING: https://project-travel-mate.herokuapp.com/api/get-upcoming-holidays/2020
08-05 15:31:41.621 12513 12525 I art     : Starting a blocking GC Explicit
08-05 15:31:41.688 12513 12525 I art     : Explicit concurrent mark sweep GC freed 864(63KB) AllocSpace objects, 0(0B) LOS objects, 7% free, 184MB/200MB, paused 2.160ms total 66.456ms
08-05 15:31:41.704 13866 13866 I GoogleInputMethodServic: GoogleInputMethodService.onFinishInput():3138 
08-05 15:31:41.705 13866 13866 I GoogleInputMethodServic: GoogleInputMethodService.onStartInput():1808 
08-05 15:31:41.712 12513 12525 I art     : Starting a blocking GC Explicit
08-05 15:31:41.777 12513 12525 I art     : Explicit concurrent mark sweep GC freed 704(26KB) AllocSpace objects, 0(0B) LOS objects, 7% free, 189MB/205MB, paused 2.275ms total 64.876ms
08-05 15:31:41.800 12513 12525 I art     : Starting a blocking GC Explicit
08-05 15:31:41.817   918   936 I ActivityManager: Displayed baseline.io.github.project_travel_mate/.utilities.UpcomingWeekendsActivity: +270ms
08-05 15:31:41.868 12513 12525 I art     : Explicit concurrent mark sweep GC freed 128(5KB) AllocSpace objects, 0(0B) LOS objects, 7% free, 189MB/205MB, paused 2.446ms total 67.594ms
08-05 15:31:42.076   380   380 W SurfaceFlinger: couldn't log to binary event log: overflow.
08-05 15:31:42.110   512  2967 D audio_hw_primary: disable_audio_route: reset and update mixer path: low-latency-playback speaker
08-05 15:31:42.112   512  2967 D audio_hw_primary: disable_snd_device: snd_device(2: speaker)
08-05 15:31:42.119   512  2967 I soundtrigger: audio_extn_sound_trigger_update_device_status: device 0x2 of type 0 for Event 0
08-05 15:31:42.317 12513 12526 I art     : Starting a blocking GC Explicit
08-05 15:31:42.380 12513 12526 I art     : Explicit concurrent mark sweep GC freed 2305(105KB) AllocSpace objects, 2(48KB) LOS objects, 7% free, 189MB/205MB, paused 2.222ms total 62.339ms
08-05 15:31:42.403 12513 12526 I art     : Starting a blocking GC Explicit
08-05 15:31:42.430 11851 11851 I ServiceManager: Waiting for service AtCmdFwd...
08-05 15:31:42.477 12513 12526 I art     : Explicit concurrent mark sweep GC freed 5104(260KB) AllocSpace objects, 6(400KB) LOS objects, 7% free, 189MB/205MB, paused 2.769ms total 74.092ms
08-05 15:31:42.501 12513 12526 I art     : Starting a blocking GC Explicit
08-05 15:31:42.515 12513 15170 I NAPPA_EXPERIMENTATION: MetricNetworkRequestExecutionTime: REQUEST_DURATION_SYSTEM='909',REQUEST_DURATION_OKHTTP='44',REQUEST_SYNCHRONOUS='FALSE',RESPONSE_CODE='200',RESPONSE_METHOD='GET',RESPONSE_LENGTH_OKHTTP='6426',RESPONSE_LENGTH_HEADER='6426',REQUEST_PROTOCOL='http/1.1',REQUEST_URL='https://project-travel-mate.herokuapp.com/api/get-upcoming-holidays/2020',
08-05 15:31:42.552 12513 15169 I NAPPA_EXPERIMENTATION: MetricNetworkRequestExecutionTime: REQUEST_DURATION_SYSTEM='950',REQUEST_DURATION_OKHTTP='74',REQUEST_SYNCHRONOUS='FALSE',RESPONSE_CODE='200',RESPONSE_METHOD='GET',RESPONSE_LENGTH_OKHTTP='6426',RESPONSE_LENGTH_HEADER='6426',REQUEST_PROTOCOL='http/1.1',REQUEST_URL='https://project-travel-mate.herokuapp.com/api/get-upcoming-holidays/2020',
08-05 15:31:42.564 12513 12526 I art     : Explicit concurrent mark sweep GC freed 2420(262KB) AllocSpace objects, 2(32KB) LOS objects, 7% free, 189MB/205MB, paused 2.008ms total 63.042ms
08-05 15:31:42.588 12513 12526 I art     : Starting a blocking GC Explicit
08-05 15:31:42.631 12513 12513 V Response: [{"month":"January","date":1,"day":"Wednesday","name":"New Year's Day","type":"Restricted"},{"month":"January","date":2,"day":"Thursday","name":"Guru Govind Singh Jayanti","type":"Restricted"},{"month":"January","date":14,"day":"Tuesday","name":"Lohri","type":"Restricted"},{"month":"January","date":15,"day":"Wednesday","name":"Pongal","type":"Restricted"},{"month":"January","date":15,"day":"Wednesday","name":"Makar Sankranti","type":"Restricted"},{"month":"January","date":25,"day":"Saturday","name":"Chinese New Year","type":"Observance"},{"month":"January","date":26,"day":"Sunday","name":"Republic Day","type":"Gazetted"},{"month":"January","date":30,"day":"Thursday","name":"Vasant Panchami","type":"Restricted"},{"month":"February","date":9,"day":"Sunday","name":"Guru Ravidas Jayanti","type":"Restricted"},{"month":"February","date":14,"day":"Friday","name":"Valentine's Day","type":"Observance"},{"month":"February","date":18,"day":"Tuesday","name":"Maharishi Dayanand Saraswati Jayanti","type":"Restricted"},{"month":"February","date":19,"day":"Wednesday","name":"Shivaji Jayanti","type":"Restricted"},{"month":"February","date":21,"day":"Friday","name":"Maha Shivaratri/Shivaratri","type":"Gazetted"},{"month":"March","date":9,"day":"Monday","name":"Holika Dahana","type":"Restricted"},{"month":"March","date":9,"day":"Monday","name":"Hazarat Ali's Birthday","type":"Restricted"},{"month":"March","date":10,"day":"Tuesday","name":"Holi","type":"Gazetted"},{"month":"March","date":20,"day":"Friday","name":"March Equinox","type":"Season"},{"month":"March","date":25,"day":"Wednesday","name":"Chaitra Sukhladi","type":"Restricted"},{"month":"April","date":2,"day":"Thursday","name":"Rama Navami","type":"Gazetted"},{"month":"April","date":6,"day":"Monday","name":"Mahavir Jayanti","type":"Gazetted"},{"month":"April","date":9,"day":"Thursday","name":"First day of Passover","type":"Observance"},{"month":"April","date":9,"day":"Thursday","name":"Maundy Thursday","type":"Observance,"},{"month":"April","date":10,"day":"Friday","name":"Good Friday","type":"Gazetted"},{"month":"April","date":12,"day":"Sunday","name":"Easter Day","type":"Restricted"},{"month":"April","date":13,"day":"Monday","name":"Vaisakhi","type":"Restricted"},{"month":"April","date":14,"day":"Tuesday","name":"Mesadi/Vaisakhadi","type":"Restricted"},{"month":"April","date":14,"day":"Tuesday","name":"Ambedkar Jayanti","type":"Central"},{"month":"May","date":1,"day":"Friday","name":"May Day","type":"Observance"},{"month":"May","date":7,"day":"Thursday","name":"Buddha Purnima/Vesak","type":"Gazetted"},{"month":"May","date":7,"day":"Thursday","name":"Birthday of Ravindranath","type":"Restricted"},{"month":"May","date":10,"day":"Sunday","name":"Mother's Day","type":"Observance"},{"month":"May","date":22,"day":"Friday","name":"Jamat Ul-Vida","type":"Restricted"},{"month":"May","date":25,"day":"Monday","name":"Ramzan Id/Eid-ul-Fitar","type":"Gazetted"},{"month":"May","date":25,"day":"Monday","name":"Ramzan Id/Eid-ul-Fitar","type":"Muslim,"},{"month":"June","date":21,"day":"Sunday","name":"June Solstice","type":"Season"},{"month":"June","date":21,"day":"Sunday","name":"Father's Day","type":"Observance"},{"month":"June","date":23,"day":"Tuesday","name":"Rath Yatra","type":"Restricted"},{"month":"July","date":5,"day":"Sunday","name":"Guru Purnima","type":"Observance"},{"month":"July","date":31,"day":"Friday","name":"Bakr Id/Eid ul-Adha","type":"Gazetted"},{"month":"August","date":2,"day":"Sunday","name":"Friendship Day","type":"Observance"},{"month":"August","date":3,"day":"Monday","name":"Raksha Bandhan (Rakhi)","type":"Restricted"},{"month":"August","date":11,"day":"Tuesday","name":"Janmashtami (Smarta)","type":"Restricted"},{"month":"August","date":12,"day":"Wednesday","name":"Janmashtami","type":"Gazetted"},{"month":"August","date":15,"day":"Saturday","name":"Independence Day","type":"Gazetted"},{"month":"August","date":16,"day":"Sunday","name":"Parsi New Year","type":"Restricted"},{"month":"August","date":22,"day":"Saturday","name":"Ganesh Chaturthi/Vin
08-05 15:31:42.636 12513 12513 V Response: [{"month":"January","date":1,"day":"Wednesday","name":"New Year's Day","type":"Restricted"},{"month":"January","date":2,"day":"Thursday","name":"Guru Govind Singh Jayanti","type":"Restricted"},{"month":"January","date":14,"day":"Tuesday","name":"Lohri","type":"Restricted"},{"month":"January","date":15,"day":"Wednesday","name":"Pongal","type":"Restricted"},{"month":"January","date":15,"day":"Wednesday","name":"Makar Sankranti","type":"Restricted"},{"month":"January","date":25,"day":"Saturday","name":"Chinese New Year","type":"Observance"},{"month":"January","date":26,"day":"Sunday","name":"Republic Day","type":"Gazetted"},{"month":"January","date":30,"day":"Thursday","name":"Vasant Panchami","type":"Restricted"},{"month":"February","date":9,"day":"Sunday","name":"Guru Ravidas Jayanti","type":"Restricted"},{"month":"February","date":14,"day":"Friday","name":"Valentine's Day","type":"Observance"},{"month":"February","date":18,"day":"Tuesday","name":"Maharishi Dayanand Saraswati Jayanti","type":"Restricted"},{"month":"February","date":19,"day":"Wednesday","name":"Shivaji Jayanti","type":"Restricted"},{"month":"February","date":21,"day":"Friday","name":"Maha Shivaratri/Shivaratri","type":"Gazetted"},{"month":"March","date":9,"day":"Monday","name":"Holika Dahana","type":"Restricted"},{"month":"March","date":9,"day":"Monday","name":"Hazarat Ali's Birthday","type":"Restricted"},{"month":"March","date":10,"day":"Tuesday","name":"Holi","type":"Gazetted"},{"month":"March","date":20,"day":"Friday","name":"March Equinox","type":"Season"},{"month":"March","date":25,"day":"Wednesday","name":"Chaitra Sukhladi","type":"Restricted"},{"month":"April","date":2,"day":"Thursday","name":"Rama Navami","type":"Gazetted"},{"month":"April","date":6,"day":"Monday","name":"Mahavir Jayanti","type":"Gazetted"},{"month":"April","date":9,"day":"Thursday","name":"First day of Passover","type":"Observance"},{"month":"April","date":9,"day":"Thursday","name":"Maundy Thursday","type":"Observance,"},{"month":"April","date":10,"day":"Friday","name":"Good Friday","type":"Gazetted"},{"month":"April","date":12,"day":"Sunday","name":"Easter Day","type":"Restricted"},{"month":"April","date":13,"day":"Monday","name":"Vaisakhi","type":"Restricted"},{"month":"April","date":14,"day":"Tuesday","name":"Mesadi/Vaisakhadi","type":"Restricted"},{"month":"April","date":14,"day":"Tuesday","name":"Ambedkar Jayanti","type":"Central"},{"month":"May","date":1,"day":"Friday","name":"May Day","type":"Observance"},{"month":"May","date":7,"day":"Thursday","name":"Buddha Purnima/Vesak","type":"Gazetted"},{"month":"May","date":7,"day":"Thursday","name":"Birthday of Ravindranath","type":"Restricted"},{"month":"May","date":10,"day":"Sunday","name":"Mother's Day","type":"Observance"},{"month":"May","date":22,"day":"Friday","name":"Jamat Ul-Vida","type":"Restricted"},{"month":"May","date":25,"day":"Monday","name":"Ramzan Id/Eid-ul-Fitar","type":"Gazetted"},{"month":"May","date":25,"day":"Monday","name":"Ramzan Id/Eid-ul-Fitar","type":"Muslim,"},{"month":"June","date":21,"day":"Sunday","name":"June Solstice","type":"Season"},{"month":"June","date":21,"day":"Sunday","name":"Father's Day","type":"Observance"},{"month":"June","date":23,"day":"Tuesday","name":"Rath Yatra","type":"Restricted"},{"month":"July","date":5,"day":"Sunday","name":"Guru Purnima","type":"Observance"},{"month":"July","date":31,"day":"Friday","name":"Bakr Id/Eid ul-Adha","type":"Gazetted"},{"month":"August","date":2,"day":"Sunday","name":"Friendship Day","type":"Observance"},{"month":"August","date":3,"day":"Monday","name":"Raksha Bandhan (Rakhi)","type":"Restricted"},{"month":"August","date":11,"day":"Tuesday","name":"Janmashtami (Smarta)","type":"Restricted"},{"month":"August","date":12,"day":"Wednesday","name":"Janmashtami","type":"Gazetted"},{"month":"August","date":15,"day":"Saturday","name":"Independence Day","type":"Gazetted"},{"month":"August","date":16,"day":"Sunday","name":"Parsi New Year","type":"Restricted"},{"month":"August","date":22,"day":"Saturday","name":"Ganesh Chaturthi/Vin
08-05 15:31:42.652 12513 12526 I art     : Explicit concurrent mark sweep GC freed 5370(194KB) AllocSpace objects, 1(16KB) LOS objects, 7% free, 189MB/205MB, paused 2.320ms total 63.699ms
08-05 15:31:42.675 12513 12526 I art     : Starting a blocking GC Explicit
08-05 15:31:42.745 12513 12526 I art     : Explicit concurrent mark sweep GC freed 3952(144KB) AllocSpace objects, 0(0B) LOS objects, 7% free, 190MB/206MB, paused 2.194ms total 69.287ms
08-05 15:31:43.196 12513 12792 I art     : Starting a blocking GC Explicit
08-05 15:31:43.276 12513 12792 I art     : Explicit concurrent mark sweep GC freed 2660(117KB) AllocSpace objects, 3(4MB) LOS objects, 7% free, 185MB/201MB, paused 2.182ms total 79.428ms
08-05 15:31:43.304 12513 12792 I art     : Starting a blocking GC Explicit
08-05 15:31:43.381 12513 12792 I art     : Explicit concurrent mark sweep GC freed 214(5KB) AllocSpace objects, 0(0B) LOS objects, 7% free, 185MB/201MB, paused 2.326ms total 76.889ms
08-05 15:31:43.409 12513 12792 I art     : Starting a blocking GC Explicit
08-05 15:31:43.430 11851 11851 I ServiceManager: Waiting for service AtCmdFwd...
08-05 15:31:43.486 12513 12792 I art     : Explicit concurrent mark sweep GC freed 201(3KB) AllocSpace objects, 0(0B) LOS objects, 7% free, 185MB/201MB, paused 2.048ms total 76.744ms
08-05 15:31:43.513 12513 12792 I art     : Starting a blocking GC Explicit
08-05 15:31:43.591 12513 12792 I art     : Explicit concurrent mark sweep GC freed 148(2528B) AllocSpace objects, 0(0B) LOS objects, 7% free, 185MB/201MB, paused 2.098ms total 76.900ms
08-05 15:31:43.618 12513 12792 I art     : Starting a blocking GC Explicit
08-05 15:31:43.695 12513 12792 I art     : Explicit concurrent mark sweep GC freed 159(3KB) AllocSpace objects, 0(0B) LOS objects, 7% free, 185MB/201MB, paused 2.035ms total 76.243ms
08-05 15:31:44.164 12513 12531 I art     : Starting a blocking GC Explicit
08-05 15:31:44.243 12513 12531 I art     : Explicit concurrent mark sweep GC freed 2388(105KB) AllocSpace objects, 2(48KB) LOS objects, 7% free, 185MB/201MB, paused 2.129ms total 78.358ms
08-05 15:31:44.271 12513 12531 I art     : Starting a blocking GC Explicit
08-05 15:31:44.347 12513 12531 I art     : Explicit concurrent mark sweep GC freed 172(3KB) AllocSpace objects, 0(0B) LOS objects, 7% free, 185MB/201MB, paused 2.217ms total 75.863ms
08-05 15:31:44.375 12513 12531 I art     : Starting a blocking GC Explicit
08-05 15:31:44.431 11851 11851 W Atfwd_Sendcmd: AtCmdFwd service not published, waiting... retryCnt : 1
08-05 15:31:44.452 12513 12531 I art     : Explicit concurrent mark sweep GC freed 171(2896B) AllocSpace objects, 0(0B) LOS objects, 7% free, 185MB/201MB, paused 2.225ms total 76.563ms
08-05 15:31:44.479 12513 12531 I art     : Starting a blocking GC Explicit
08-05 15:31:44.557 12513 12531 I art     : Explicit concurrent mark sweep GC freed 184(3KB) AllocSpace objects, 0(0B) LOS objects, 7% free, 185MB/201MB, paused 2.031ms total 77.246ms
08-05 15:31:44.586 12513 12531 I art     : Starting a blocking GC Explicit
08-05 15:31:44.661 12513 12531 I art     : Explicit concurrent mark sweep GC freed 147(2496B) AllocSpace objects, 0(0B) LOS objects, 7% free, 185MB/201MB, paused 2.150ms total 75.280ms
08-05 15:31:44.886   518   646 I ThermalEngine: ACTION: GPU - Setting GPU[0] to 450000000
08-05 15:31:45.104 12513 13746 I art     : Starting a blocking GC Explicit
08-05 15:31:45.172 12513 13746 I art     : Explicit concurrent mark sweep GC freed 2330(104KB) AllocSpace objects, 2(48KB) LOS objects, 7% free, 185MB/201MB, paused 1.504ms total 67.641ms
08-05 15:31:45.194 12513 13746 I art     : Starting a blocking GC Explicit
08-05 15:31:45.261 12513 13746 I art     : Explicit concurrent mark sweep GC freed 149(3056B) AllocSpace objects, 0(0B) LOS objects, 7% free, 185MB/201MB, paused 1.452ms total 66.469ms
08-05 15:31:45.281 12513 13746 I art     : Starting a blocking GC Explicit
08-05 15:31:45.347 12513 13746 I art     : Explicit concurrent mark sweep GC freed 122(2064B) AllocSpace objects, 0(0B) LOS objects, 7% free, 185MB/201MB, paused 1.370ms total 65.544ms
08-05 15:31:45.367 12513 13746 I art     : Starting a blocking GC Explicit
08-05 15:31:45.431 12513 13746 I art     : Explicit concurrent mark sweep GC freed 124(2128B) AllocSpace objects, 0(0B) LOS objects, 7% free, 185MB/201MB, paused 1.428ms total 63.670ms
08-05 15:31:45.451 12513 13746 I art     : Starting a blocking GC Explicit
08-05 15:31:45.520 12513 13746 I art     : Explicit concurrent mark sweep GC freed 183(3KB) AllocSpace objects, 0(0B) LOS objects, 7% free, 185MB/201MB, paused 1.392ms total 68.417ms
08-05 15:31:45.958 12513 12525 I art     : Starting a blocking GC Explicit
08-05 15:31:46.024 12513 12525 I art     : Explicit concurrent mark sweep GC freed 2319(104KB) AllocSpace objects, 2(48KB) LOS objects, 7% free, 185MB/201MB, paused 1.390ms total 65.547ms
08-05 15:31:46.044 12513 12525 I art     : Starting a blocking GC Explicit
08-05 15:31:46.108 12513 12525 I art     : Explicit concurrent mark sweep GC freed 158(3KB) AllocSpace objects, 0(0B) LOS objects, 7% free, 185MB/201MB, paused 1.492ms total 64.055ms
08-05 15:31:46.128 12513 12525 I art     : Starting a blocking GC Explicit
08-05 15:31:46.192 12513 12525 I art     : Explicit concurrent mark sweep GC freed 123(2096B) AllocSpace objects, 0(0B) LOS objects, 7% free, 185MB/201MB, paused 1.404ms total 63.564ms
08-05 15:31:46.212 12513 12525 I art     : Starting a blocking GC Explicit
08-05 15:31:46.276 12513 12525 I art     : Explicit concurrent mark sweep GC freed 123(2096B) AllocSpace objects, 0(0B) LOS objects, 7% free, 185MB/201MB, paused 1.508ms total 64.001ms
08-05 15:31:46.297 12513 12525 I art     : Starting a blocking GC Explicit
08-05 15:31:46.359 15223 15223 D AndroidRuntime: >>>>>> START com.android.internal.os.RuntimeInit uid 2000 <<<<<<
08-05 15:31:46.361 12513 12525 I art     : Explicit concurrent mark sweep GC freed 123(2096B) AllocSpace objects, 0(0B) LOS objects, 7% free, 185MB/201MB, paused 1.596ms total 63.784ms
08-05 15:31:46.365 15223 15223 D AndroidRuntime: CheckJNI is OFF
08-05 15:31:46.410 15223 15223 D ICU     : No timezone override file found: /data/misc/zoneinfo/current/icu/icu_tzdata.dat
08-05 15:31:46.455 15223 15223 I Radio-JNI: register_android_hardware_Radio DONE
08-05 15:31:46.484 15223 15223 D AndroidRuntime: Calling main entry com.android.commands.input.Input
08-05 15:31:46.486 15223 15223 I Input   : injectKeyEvent: KeyEvent { action=ACTION_DOWN, keyCode=KEYCODE_BACK, scanCode=0, metaState=0, flags=0x0, repeatCount=0, eventTime=804722898, downTime=804722898, deviceId=-1, source=0x101 }
08-05 15:31:46.493 15223 15223 I Input   : injectKeyEvent: KeyEvent { action=ACTION_UP, keyCode=KEYCODE_BACK, scanCode=0, metaState=0, flags=0x0, repeatCount=0, eventTime=804722898, downTime=804722898, deviceId=-1, source=0x101 }
08-05 15:31:46.499 15223 15223 D AndroidRuntime: Shutting down VM
08-05 15:31:46.514 12513 12513 V MainActivity: url = https://project-travel-mate.herokuapp.com/api/number-of-unread-notifications
08-05 15:31:46.549 13866 13866 I GoogleInputMethodServic: GoogleInputMethodService.onFinishInput():3138 
08-05 15:31:46.549 13866 13866 I GoogleInputMethodServic: GoogleInputMethodService.onStartInput():1808 
08-05 15:31:46.754 12513 12526 I art     : Starting a blocking GC Explicit
08-05 15:31:46.829 12513 12526 I art     : Explicit concurrent mark sweep GC freed 2703(126KB) AllocSpace objects, 2(48KB) LOS objects, 7% free, 185MB/201MB, paused 1.456ms total 74.550ms
08-05 15:31:46.849 12513 12526 I art     : Starting a blocking GC Explicit
08-05 15:31:46.897   380   380 W SurfaceFlinger: couldn't log to binary event log: overflow.
08-05 15:31:46.914 12513 12526 I art     : Explicit concurrent mark sweep GC freed 223(6KB) AllocSpace objects, 0(0B) LOS objects, 7% free, 185MB/201MB, paused 1.578ms total 63.749ms
08-05 15:31:46.933 12513 12526 I art     : Starting a blocking GC Explicit
08-05 15:31:46.991 12513 12526 I art     : Explicit concurrent mark sweep GC freed 14(544B) AllocSpace objects, 2(364KB) LOS objects, 7% free, 185MB/201MB, paused 1.493ms total 57.428ms
08-05 15:31:47.010 12513 12526 I art     : Starting a blocking GC Explicit
08-05 15:31:47.066 12513 12526 I art     : Explicit concurrent mark sweep GC freed 6645(360KB) AllocSpace objects, 13(264KB) LOS objects, 7% free, 184MB/200MB, paused 1.391ms total 55.423ms
08-05 15:31:47.084 12513 12526 I art     : Starting a blocking GC Explicit
08-05 15:31:47.143 12513 12526 I art     : Explicit concurrent mark sweep GC freed 9(384B) AllocSpace objects, 0(0B) LOS objects, 7% free, 184MB/200MB, paused 1.679ms total 58.398ms
08-05 15:31:47.322 12513 15238 I NAPPA_EXPERIMENTATION: MetricNetworkRequestExecutionTime: REQUEST_DURATION_SYSTEM='806',REQUEST_DURATION_OKHTTP='38',REQUEST_SYNCHRONOUS='FALSE',RESPONSE_CODE='200',RESPONSE_METHOD='GET',RESPONSE_LENGTH_OKHTTP='36',RESPONSE_LENGTH_HEADER='36',REQUEST_PROTOCOL='http/1.1',REQUEST_URL='https://project-travel-mate.herokuapp.com/api/number-of-unread-notifications',
08-05 15:31:47.552 12513 12531 I art     : Starting a blocking GC Explicit
08-05 15:31:47.629 12513 12531 I art     : Explicit concurrent mark sweep GC freed 4424(241KB) AllocSpace objects, 5(248KB) LOS objects, 7% free, 185MB/201MB, paused 1.601ms total 76.586ms
08-05 15:31:47.652 12513 12531 I art     : Starting a blocking GC Explicit
08-05 15:31:47.713 12513 12531 I art     : Explicit concurrent mark sweep GC freed 962(117KB) AllocSpace objects, 0(0B) LOS objects, 7% free, 184MB/200MB, paused 1.423ms total 60.105ms
08-05 15:31:47.732 12513 12531 I art     : Starting a blocking GC Explicit
08-05 15:31:47.791 12513 12531 I art     : Explicit concurrent mark sweep GC freed 3(96B) AllocSpace objects, 0(0B) LOS objects, 7% free, 184MB/200MB, paused 1.454ms total 58.334ms
08-05 15:31:47.810 12513 12531 I art     : Starting a blocking GC Explicit
08-05 15:31:47.868 12513 12531 I art     : Explicit concurrent mark sweep GC freed 3(96B) AllocSpace objects, 0(0B) LOS objects, 7% free, 184MB/200MB, paused 1.513ms total 57.506ms
08-05 15:31:47.888 12513 12531 I art     : Starting a blocking GC Explicit
08-05 15:31:47.946 12513 12531 I art     : Explicit concurrent mark sweep GC freed 3(96B) AllocSpace objects, 0(0B) LOS objects, 7% free, 184MB/200MB, paused 1.324ms total 58.226ms
08-05 15:31:47.962   918  3261 D WifiStateMachine: starting scan for "H369AA63323"WPA_PSK with 2412,5180
08-05 15:31:48.260 15258 15258 D AndroidRuntime: >>>>>> START com.android.internal.os.RuntimeInit uid 2000 <<<<<<
08-05 15:31:48.265 15258 15258 D AndroidRuntime: CheckJNI is OFF
08-05 15:31:48.303 15258 15258 D ICU     : No timezone override file found: /data/misc/zoneinfo/current/icu/icu_tzdata.dat
08-05 15:31:48.342 15258 15258 I Radio-JNI: register_android_hardware_Radio DONE
08-05 15:31:48.369 15258 15258 D AndroidRuntime: Calling main entry com.android.commands.input.Input
08-05 15:31:48.371 15258 15258 I Input   : injectMotionEvent: MotionEvent { action=ACTION_DOWN, actionButton=0, id[0]=0, x[0]=657.0, y[0]=2080.0, toolType[0]=TOOL_TYPE_UNKNOWN, buttonState=0, metaState=0, flags=0x0, edgeFlags=0x0, pointerCount=1, historySize=0, eventTime=804724784, downTime=804724784, deviceId=0, source=0x1002 }
08-05 15:31:48.392 12513 12792 I art     : Starting a blocking GC Explicit
08-05 15:31:48.396 15258 15258 I Input   : injectMotionEvent: MotionEvent { action=ACTION_UP, actionButton=0, id[0]=0, x[0]=657.0, y[0]=2080.0, toolType[0]=TOOL_TYPE_UNKNOWN, buttonState=0, metaState=0, flags=0x0, edgeFlags=0x0, pointerCount=1, historySize=0, eventTime=804724784, downTime=804724784, deviceId=0, source=0x1002 }
08-05 15:31:48.434 15258 15258 D AndroidRuntime: Shutting down VM
08-05 15:31:48.445 12513 12792 I art     : Explicit concurrent mark sweep GC freed 1614(93KB) AllocSpace objects, 2(48KB) LOS objects, 7% free, 184MB/200MB, paused 1.293ms total 52.527ms
08-05 15:31:48.464 12513 12792 I art     : Starting a blocking GC Explicit
08-05 15:31:48.473   918  4413 I ActivityManager: START u0 {cmp=baseline.io.github.project_travel_mate/.utilities.UpcomingWeekendsActivity} from uid 10674 on display 0
08-05 15:31:48.475   512  2967 D audio_hw_primary: out_set_parameters: enter: usecase(1: low-latency-playback) kvpairs: routing=2
08-05 15:31:48.488   512  2967 D audio_hw_primary: select_devices: out_snd_device(2: speaker) in_snd_device(0: none)
08-05 15:31:48.488   512  2967 D msm8974_platform: platform_send_audio_calibration: sending audio calibration for snd_device(2) acdb_id(15)
08-05 15:31:48.489   512  2967 I soundtrigger: audio_extn_sound_trigger_update_device_status: device 0x2 of type 0 for Event 1
08-05 15:31:48.499   512  2967 D audio_hw_primary: enable_snd_device: snd_device(2: speaker)
08-05 15:31:48.502   512  2967 D audio_hw_primary: enable_audio_route: apply and update mixer path: low-latency-playback speaker
08-05 15:31:48.508   918  3188 I hubconnection: sensorhub said: 'set_bias 3: -6.2400, 0.0000, 0.0000'
08-05 15:31:48.514 12513 12580 D Gabe    : call	returning from cache
08-05 15:31:48.516 12513 12513 V EXECUTING: https://project-travel-mate.herokuapp.com/api/get-upcoming-holidays/2020
08-05 15:31:48.521 12513 12513 V EXECUTING: https://project-travel-mate.herokuapp.com/api/get-upcoming-holidays/2020
08-05 15:31:48.521 12513 12792 I art     : Explicit concurrent mark sweep GC freed 462(25KB) AllocSpace objects, 0(0B) LOS objects, 7% free, 185MB/201MB, paused 1.939ms total 56.309ms
08-05 15:31:48.539 12513 12792 I art     : Starting a blocking GC Explicit
08-05 15:31:48.594 12513 12792 I art     : Explicit concurrent mark sweep GC freed 792(56KB) AllocSpace objects, 0(0B) LOS objects, 7% free, 185MB/201MB, paused 1.440ms total 54.607ms
08-05 15:31:48.609 13866 13866 I GoogleInputMethodServic: GoogleInputMethodService.onFinishInput():3138 
08-05 15:31:48.611 13866 13866 I GoogleInputMethodServic: GoogleInputMethodService.onStartInput():1808 
08-05 15:31:48.612 12513 12792 I art     : Starting a blocking GC Explicit
08-05 15:31:48.668 12513 12792 I art     : Explicit concurrent mark sweep GC freed 680(26KB) AllocSpace objects, 0(0B) LOS objects, 7% free, 189MB/205MB, paused 1.977ms total 55.572ms
08-05 15:31:48.687 12513 12792 I art     : Starting a blocking GC Explicit
08-05 15:31:48.711   918   936 I ActivityManager: Displayed baseline.io.github.project_travel_mate/.utilities.UpcomingWeekendsActivity: +221ms
08-05 15:31:48.742 12513 12792 I art     : Explicit concurrent mark sweep GC freed 112(2640B) AllocSpace objects, 0(0B) LOS objects, 7% free, 189MB/205MB, paused 1.652ms total 54.767ms
08-05 15:31:48.966   380   380 W SurfaceFlinger: couldn't log to binary event log: overflow.
08-05 15:31:49.039   512  2967 D audio_hw_primary: disable_audio_route: reset and update mixer path: low-latency-playback speaker
08-05 15:31:49.040   512  2967 D audio_hw_primary: disable_snd_device: snd_device(2: speaker)
08-05 15:31:49.047   512  2967 I soundtrigger: audio_extn_sound_trigger_update_device_status: device 0x2 of type 0 for Event 0
08-05 15:31:49.160 12513 13746 I art     : Starting a blocking GC Explicit
08-05 15:31:49.214 12513 13746 I art     : Explicit concurrent mark sweep GC freed 2268(104KB) AllocSpace objects, 2(48KB) LOS objects, 7% free, 189MB/205MB, paused 1.764ms total 53.695ms
08-05 15:31:49.233 12513 13746 I art     : Starting a blocking GC Explicit
08-05 15:31:49.287 12513 13746 I art     : Explicit concurrent mark sweep GC freed 139(3KB) AllocSpace objects, 0(0B) LOS objects, 7% free, 189MB/205MB, paused 1.736ms total 53.394ms
08-05 15:31:49.306 12513 13746 I art     : Starting a blocking GC Explicit
08-05 15:31:49.363 12513 13746 I art     : Explicit concurrent mark sweep GC freed 5212(264KB) AllocSpace objects, 4(240KB) LOS objects, 7% free, 190MB/206MB, paused 1.755ms total 56.238ms
08-05 15:31:49.382 12513 13746 I art     : Starting a blocking GC Explicit
08-05 15:31:49.385 12513 15282 I NAPPA_EXPERIMENTATION: MetricNetworkRequestExecutionTime: REQUEST_DURATION_SYSTEM='868',REQUEST_DURATION_OKHTTP='53',REQUEST_SYNCHRONOUS='FALSE',RESPONSE_CODE='200',RESPONSE_METHOD='GET',RESPONSE_LENGTH_OKHTTP='6426',RESPONSE_LENGTH_HEADER='6426',REQUEST_PROTOCOL='http/1.1',REQUEST_URL='https://project-travel-mate.herokuapp.com/api/get-upcoming-holidays/2020',
08-05 15:31:49.407 12513 15283 I NAPPA_EXPERIMENTATION: MetricNetworkRequestExecutionTime: REQUEST_DURATION_SYSTEM='885',REQUEST_DURATION_OKHTTP='78',REQUEST_SYNCHRONOUS='FALSE',RESPONSE_CODE='200',RESPONSE_METHOD='GET',RESPONSE_LENGTH_OKHTTP='6426',RESPONSE_LENGTH_HEADER='6426',REQUEST_PROTOCOL='http/1.1',REQUEST_URL='https://project-travel-mate.herokuapp.com/api/get-upcoming-holidays/2020',
08-05 15:31:49.431 11851 11851 I ServiceManager: Waiting for service AtCmdFwd...
08-05 15:31:49.435 12513 13746 I art     : Explicit concurrent mark sweep GC freed 2186(253KB) AllocSpace objects, 4(192KB) LOS objects, 7% free, 189MB/205MB, paused 1.359ms total 53.353ms
08-05 15:31:49.436 12513 12513 V Response: [{"month":"January","date":1,"day":"Wednesday","name":"New Year's Day","type":"Restricted"},{"month":"January","date":2,"day":"Thursday","name":"Guru Govind Singh Jayanti","type":"Restricted"},{"month":"January","date":14,"day":"Tuesday","name":"Lohri","type":"Restricted"},{"month":"January","date":15,"day":"Wednesday","name":"Pongal","type":"Restricted"},{"month":"January","date":15,"day":"Wednesday","name":"Makar Sankranti","type":"Restricted"},{"month":"January","date":25,"day":"Saturday","name":"Chinese New Year","type":"Observance"},{"month":"January","date":26,"day":"Sunday","name":"Republic Day","type":"Gazetted"},{"month":"January","date":30,"day":"Thursday","name":"Vasant Panchami","type":"Restricted"},{"month":"February","date":9,"day":"Sunday","name":"Guru Ravidas Jayanti","type":"Restricted"},{"month":"February","date":14,"day":"Friday","name":"Valentine's Day","type":"Observance"},{"month":"February","date":18,"day":"Tuesday","name":"Maharishi Dayanand Saraswati Jayanti","type":"Restricted"},{"month":"February","date":19,"day":"Wednesday","name":"Shivaji Jayanti","type":"Restricted"},{"month":"February","date":21,"day":"Friday","name":"Maha Shivaratri/Shivaratri","type":"Gazetted"},{"month":"March","date":9,"day":"Monday","name":"Holika Dahana","type":"Restricted"},{"month":"March","date":9,"day":"Monday","name":"Hazarat Ali's Birthday","type":"Restricted"},{"month":"March","date":10,"day":"Tuesday","name":"Holi","type":"Gazetted"},{"month":"March","date":20,"day":"Friday","name":"March Equinox","type":"Season"},{"month":"March","date":25,"day":"Wednesday","name":"Chaitra Sukhladi","type":"Restricted"},{"month":"April","date":2,"day":"Thursday","name":"Rama Navami","type":"Gazetted"},{"month":"April","date":6,"day":"Monday","name":"Mahavir Jayanti","type":"Gazetted"},{"month":"April","date":9,"day":"Thursday","name":"First day of Passover","type":"Observance"},{"month":"April","date":9,"day":"Thursday","name":"Maundy Thursday","type":"Observance,"},{"month":"April","date":10,"day":"Friday","name":"Good Friday","type":"Gazetted"},{"month":"April","date":12,"day":"Sunday","name":"Easter Day","type":"Restricted"},{"month":"April","date":13,"day":"Monday","name":"Vaisakhi","type":"Restricted"},{"month":"April","date":14,"day":"Tuesday","name":"Mesadi/Vaisakhadi","type":"Restricted"},{"month":"April","date":14,"day":"Tuesday","name":"Ambedkar Jayanti","type":"Central"},{"month":"May","date":1,"day":"Friday","name":"May Day","type":"Observance"},{"month":"May","date":7,"day":"Thursday","name":"Buddha Purnima/Vesak","type":"Gazetted"},{"month":"May","date":7,"day":"Thursday","name":"Birthday of Ravindranath","type":"Restricted"},{"month":"May","date":10,"day":"Sunday","name":"Mother's Day","type":"Observance"},{"month":"May","date":22,"day":"Friday","name":"Jamat Ul-Vida","type":"Restricted"},{"month":"May","date":25,"day":"Monday","name":"Ramzan Id/Eid-ul-Fitar","type":"Gazetted"},{"month":"May","date":25,"day":"Monday","name":"Ramzan Id/Eid-ul-Fitar","type":"Muslim,"},{"month":"June","date":21,"day":"Sunday","name":"June Solstice","type":"Season"},{"month":"June","date":21,"day":"Sunday","name":"Father's Day","type":"Observance"},{"month":"June","date":23,"day":"Tuesday","name":"Rath Yatra","type":"Restricted"},{"month":"July","date":5,"day":"Sunday","name":"Guru Purnima","type":"Observance"},{"month":"July","date":31,"day":"Friday","name":"Bakr Id/Eid ul-Adha","type":"Gazetted"},{"month":"August","date":2,"day":"Sunday","name":"Friendship Day","type":"Observance"},{"month":"August","date":3,"day":"Monday","name":"Raksha Bandhan (Rakhi)","type":"Restricted"},{"month":"August","date":11,"day":"Tuesday","name":"Janmashtami (Smarta)","type":"Restricted"},{"month":"August","date":12,"day":"Wednesday","name":"Janmashtami","type":"Gazetted"},{"month":"August","date":15,"day":"Saturday","name":"Independence Day","type":"Gazetted"},{"month":"August","date":16,"day":"Sunday","name":"Parsi New Year","type":"Restricted"},{"month":"August","date":22,"day":"Saturday","name":"Ganesh Chaturthi/Vin
08-05 15:31:49.454 12513 13746 I art     : Starting a blocking GC Explicit
08-05 15:31:49.502 12513 12513 V Response: [{"month":"January","date":1,"day":"Wednesday","name":"New Year's Day","type":"Restricted"},{"month":"January","date":2,"day":"Thursday","name":"Guru Govind Singh Jayanti","type":"Restricted"},{"month":"January","date":14,"day":"Tuesday","name":"Lohri","type":"Restricted"},{"month":"January","date":15,"day":"Wednesday","name":"Pongal","type":"Restricted"},{"month":"January","date":15,"day":"Wednesday","name":"Makar Sankranti","type":"Restricted"},{"month":"January","date":25,"day":"Saturday","name":"Chinese New Year","type":"Observance"},{"month":"January","date":26,"day":"Sunday","name":"Republic Day","type":"Gazetted"},{"month":"January","date":30,"day":"Thursday","name":"Vasant Panchami","type":"Restricted"},{"month":"February","date":9,"day":"Sunday","name":"Guru Ravidas Jayanti","type":"Restricted"},{"month":"February","date":14,"day":"Friday","name":"Valentine's Day","type":"Observance"},{"month":"February","date":18,"day":"Tuesday","name":"Maharishi Dayanand Saraswati Jayanti","type":"Restricted"},{"month":"February","date":19,"day":"Wednesday","name":"Shivaji Jayanti","type":"Restricted"},{"month":"February","date":21,"day":"Friday","name":"Maha Shivaratri/Shivaratri","type":"Gazetted"},{"month":"March","date":9,"day":"Monday","name":"Holika Dahana","type":"Restricted"},{"month":"March","date":9,"day":"Monday","name":"Hazarat Ali's Birthday","type":"Restricted"},{"month":"March","date":10,"day":"Tuesday","name":"Holi","type":"Gazetted"},{"month":"March","date":20,"day":"Friday","name":"March Equinox","type":"Season"},{"month":"March","date":25,"day":"Wednesday","name":"Chaitra Sukhladi","type":"Restricted"},{"month":"April","date":2,"day":"Thursday","name":"Rama Navami","type":"Gazetted"},{"month":"April","date":6,"day":"Monday","name":"Mahavir Jayanti","type":"Gazetted"},{"month":"April","date":9,"day":"Thursday","name":"First day of Passover","type":"Observance"},{"month":"April","date":9,"day":"Thursday","name":"Maundy Thursday","type":"Observance,"},{"month":"April","date":10,"day":"Friday","name":"Good Friday","type":"Gazetted"},{"month":"April","date":12,"day":"Sunday","name":"Easter Day","type":"Restricted"},{"month":"April","date":13,"day":"Monday","name":"Vaisakhi","type":"Restricted"},{"month":"April","date":14,"day":"Tuesday","name":"Mesadi/Vaisakhadi","type":"Restricted"},{"month":"April","date":14,"day":"Tuesday","name":"Ambedkar Jayanti","type":"Central"},{"month":"May","date":1,"day":"Friday","name":"May Day","type":"Observance"},{"month":"May","date":7,"day":"Thursday","name":"Buddha Purnima/Vesak","type":"Gazetted"},{"month":"May","date":7,"day":"Thursday","name":"Birthday of Ravindranath","type":"Restricted"},{"month":"May","date":10,"day":"Sunday","name":"Mother's Day","type":"Observance"},{"month":"May","date":22,"day":"Friday","name":"Jamat Ul-Vida","type":"Restricted"},{"month":"May","date":25,"day":"Monday","name":"Ramzan Id/Eid-ul-Fitar","type":"Gazetted"},{"month":"May","date":25,"day":"Monday","name":"Ramzan Id/Eid-ul-Fitar","type":"Muslim,"},{"month":"June","date":21,"day":"Sunday","name":"June Solstice","type":"Season"},{"month":"June","date":21,"day":"Sunday","name":"Father's Day","type":"Observance"},{"month":"June","date":23,"day":"Tuesday","name":"Rath Yatra","type":"Restricted"},{"month":"July","date":5,"day":"Sunday","name":"Guru Purnima","type":"Observance"},{"month":"July","date":31,"day":"Friday","name":"Bakr Id/Eid ul-Adha","type":"Gazetted"},{"month":"August","date":2,"day":"Sunday","name":"Friendship Day","type":"Observance"},{"month":"August","date":3,"day":"Monday","name":"Raksha Bandhan (Rakhi)","type":"Restricted"},{"month":"August","date":11,"day":"Tuesday","name":"Janmashtami (Smarta)","type":"Restricted"},{"month":"August","date":12,"day":"Wednesday","name":"Janmashtami","type":"Gazetted"},{"month":"August","date":15,"day":"Saturday","name":"Independence Day","type":"Gazetted"},{"month":"August","date":16,"day":"Sunday","name":"Parsi New Year","type":"Restricted"},{"month":"August","date":22,"day":"Saturday","name":"Ganesh Chaturthi/Vin
08-05 15:31:49.514 12513 13746 I art     : Explicit concurrent mark sweep GC freed 8142(299KB) AllocSpace objects, 1(16KB) LOS objects, 7% free, 190MB/206MB, paused 2.703ms total 60.248ms
08-05 15:31:49.919 12513 12526 I art     : Starting a blocking GC Explicit
08-05 15:31:49.989 12513 12526 I art     : Explicit concurrent mark sweep GC freed 7679(301KB) AllocSpace objects, 9(4MB) LOS objects, 7% free, 186MB/202MB, paused 1.554ms total 70.026ms
08-05 15:31:50.011 12513 12526 I art     : Starting a blocking GC Explicit
08-05 15:31:50.079 12513 12526 I art     : Explicit concurrent mark sweep GC freed 1461(83KB) AllocSpace objects, 5(100KB) LOS objects, 7% free, 185MB/201MB, paused 1.552ms total 67.469ms
08-05 15:31:50.099 12513 12526 I art     : Starting a blocking GC Explicit
08-05 15:31:50.166 12513 12526 I art     : Explicit concurrent mark sweep GC freed 123(2096B) AllocSpace objects, 0(0B) LOS objects, 7% free, 185MB/201MB, paused 1.512ms total 66.235ms
08-05 15:31:50.186 12513 12526 I art     : Starting a blocking GC Explicit
08-05 15:31:50.256 12513 12526 I art     : Explicit concurrent mark sweep GC freed 147(2496B) AllocSpace objects, 0(0B) LOS objects, 7% free, 185MB/201MB, paused 1.472ms total 69.208ms
08-05 15:31:50.278 12513 12526 I art     : Starting a blocking GC Explicit
08-05 15:31:50.347 12513 12526 I art     : Explicit concurrent mark sweep GC freed 123(2096B) AllocSpace objects, 0(0B) LOS objects, 7% free, 185MB/201MB, paused 1.594ms total 69.593ms
08-05 15:31:50.432 11851 11851 I ServiceManager: Waiting for service AtCmdFwd...
08-05 15:31:50.779 12513 12531 I art     : Starting a blocking GC Explicit
08-05 15:31:50.850 12513 12531 I art     : Explicit concurrent mark sweep GC freed 2343(104KB) AllocSpace objects, 2(48KB) LOS objects, 7% free, 185MB/201MB, paused 1.480ms total 71.022ms
08-05 15:31:50.874 12513 12531 I art     : Starting a blocking GC Explicit
08-05 15:31:50.941 12513 12531 I art     : Explicit concurrent mark sweep GC freed 171(3KB) AllocSpace objects, 0(0B) LOS objects, 7% free, 185MB/201MB, paused 1.509ms total 66.408ms
08-05 15:31:50.961 12513 12531 I art     : Starting a blocking GC Explicit
08-05 15:31:51.027 12513 12531 I art     : Explicit concurrent mark sweep GC freed 124(2128B) AllocSpace objects, 0(0B) LOS objects, 7% free, 185MB/201MB, paused 1.579ms total 66.033ms
08-05 15:31:51.048 12513 12531 I art     : Starting a blocking GC Explicit
08-05 15:31:51.116 12513 12531 I art     : Explicit concurrent mark sweep GC freed 123(2096B) AllocSpace objects, 0(0B) LOS objects, 7% free, 185MB/201MB, paused 1.425ms total 68.392ms
08-05 15:31:51.137 12513 12531 I art     : Starting a blocking GC Explicit
08-05 15:31:51.207 12513 12531 I art     : Explicit concurrent mark sweep GC freed 136(2304B) AllocSpace objects, 0(0B) LOS objects, 7% free, 185MB/201MB, paused 1.706ms total 70.275ms
08-05 15:31:51.432 11851 11851 I ServiceManager: Waiting for service AtCmdFwd...
08-05 15:31:51.668 12513 12525 I art     : Starting a blocking GC Explicit
08-05 15:31:51.740 12513 12525 I art     : Explicit concurrent mark sweep GC freed 2379(105KB) AllocSpace objects, 2(48KB) LOS objects, 7% free, 185MB/201MB, paused 1.657ms total 71.690ms
08-05 15:31:51.762 12513 12525 I art     : Starting a blocking GC Explicit
08-05 15:31:51.829 12513 12525 I art     : Explicit concurrent mark sweep GC freed 183(3KB) AllocSpace objects, 0(0B) LOS objects, 7% free, 185MB/201MB, paused 1.532ms total 66.878ms
08-05 15:31:51.850 12513 12525 I art     : Starting a blocking GC Explicit
08-05 15:31:51.913 12513 12525 I art     : Explicit concurrent mark sweep GC freed 134(2672B) AllocSpace objects, 0(0B) LOS objects, 7% free, 185MB/201MB, paused 1.498ms total 62.884ms
08-05 15:31:51.934 12513 12525 I art     : Starting a blocking GC Explicit
08-05 15:31:52.002 12513 12525 I art     : Explicit concurrent mark sweep GC freed 123(2096B) AllocSpace objects, 0(0B) LOS objects, 7% free, 185MB/201MB, paused 1.530ms total 68.390ms
08-05 15:31:52.022 12513 12525 I art     : Starting a blocking GC Explicit
08-05 15:31:52.090 12513 12525 I art     : Explicit concurrent mark sweep GC freed 123(2080B) AllocSpace objects, 0(0B) LOS objects, 7% free, 185MB/201MB, paused 1.770ms total 67.012ms
08-05 15:31:52.433 11851 11851 I ServiceManager: Waiting for service AtCmdFwd...
08-05 15:31:52.527 12513 13746 I art     : Starting a blocking GC Explicit
08-05 15:31:52.597 12513 13746 I art     : Explicit concurrent mark sweep GC freed 2366(105KB) AllocSpace objects, 2(48KB) LOS objects, 7% free, 186MB/202MB, paused 1.523ms total 69.748ms
08-05 15:31:52.619 12513 13746 I art     : Starting a blocking GC Explicit
08-05 15:31:52.682 12513 13746 I art     : Explicit concurrent mark sweep GC freed 161(3KB) AllocSpace objects, 0(0B) LOS objects, 7% free, 185MB/201MB, paused 1.433ms total 62.552ms
08-05 15:31:52.702 12513 13746 I art     : Starting a blocking GC Explicit
08-05 15:31:52.763 12513 13746 I art     : Explicit concurrent mark sweep GC freed 133(2640B) AllocSpace objects, 0(0B) LOS objects, 7% free, 185MB/201MB, paused 1.304ms total 61.462ms
08-05 15:31:52.783 12513 13746 I art     : Starting a blocking GC Explicit
08-05 15:31:52.844 12513 13746 I art     : Explicit concurrent mark sweep GC freed 123(2096B) AllocSpace objects, 0(0B) LOS objects, 7% free, 185MB/201MB, paused 1.465ms total 60.243ms
08-05 15:31:52.864 12513 13746 I art     : Starting a blocking GC Explicit
08-05 15:31:52.927 12513 13746 I art     : Explicit concurrent mark sweep GC freed 122(2064B) AllocSpace objects, 0(0B) LOS objects, 7% free, 185MB/201MB, paused 1.595ms total 63.023ms
08-05 15:31:53.230 15341 15341 D AndroidRuntime: >>>>>> START com.android.internal.os.RuntimeInit uid 2000 <<<<<<
08-05 15:31:53.236 15341 15341 D AndroidRuntime: CheckJNI is OFF
08-05 15:31:53.279 15341 15341 D ICU     : No timezone override file found: /data/misc/zoneinfo/current/icu/icu_tzdata.dat
08-05 15:31:53.321 15341 15341 I Radio-JNI: register_android_hardware_Radio DONE
08-05 15:31:53.350 15341 15341 D AndroidRuntime: Calling main entry com.android.commands.input.Input
08-05 15:31:53.352 15341 15341 I Input   : injectKeyEvent: KeyEvent { action=ACTION_DOWN, keyCode=KEYCODE_BACK, scanCode=0, metaState=0, flags=0x0, repeatCount=0, eventTime=804729765, downTime=804729765, deviceId=-1, source=0x101 }
08-05 15:31:53.360 15341 15341 I Input   : injectKeyEvent: KeyEvent { action=ACTION_UP, keyCode=KEYCODE_BACK, scanCode=0, metaState=0, flags=0x0, repeatCount=0, eventTime=804729765, downTime=804729765, deviceId=-1, source=0x101 }
08-05 15:31:53.367 15341 15341 D AndroidRuntime: Shutting down VM
08-05 15:31:53.377 12513 12513 V MainActivity: url = https://project-travel-mate.herokuapp.com/api/number-of-unread-notifications
08-05 15:31:53.379 12513 12525 I art     : Starting a blocking GC Explicit
08-05 15:31:53.406 13866 13866 I GoogleInputMethodServic: GoogleInputMethodService.onFinishInput():3138 
08-05 15:31:53.407 13866 13866 I GoogleInputMethodServic: GoogleInputMethodService.onStartInput():1808 
08-05 15:31:53.433 11851 11851 I ServiceManager: Waiting for service AtCmdFwd...
08-05 15:31:53.435 12513 12525 I art     : Explicit concurrent mark sweep GC freed 2629(118KB) AllocSpace objects, 2(48KB) LOS objects, 7% free, 186MB/202MB, paused 1.520ms total 56.206ms
08-05 15:31:53.455 12513 12525 I art     : Starting a blocking GC Explicit
08-05 15:31:53.512 12513 12525 I art     : Explicit concurrent mark sweep GC freed 224(9KB) AllocSpace objects, 0(0B) LOS objects, 7% free, 186MB/202MB, paused 1.680ms total 56.053ms
08-05 15:31:53.512 12513 12523 I art     : WaitForGcToComplete blocked for 56.331ms for cause HeapTrim
08-05 15:31:53.533 12513 12525 I art     : Starting a blocking GC Explicit
08-05 15:31:53.586 12513 12525 I art     : Explicit concurrent mark sweep GC freed 165(4KB) AllocSpace objects, 0(0B) LOS objects, 7% free, 186MB/202MB, paused 1.474ms total 53.090ms
08-05 15:31:53.606 12513 12525 I art     : Starting a blocking GC Explicit
08-05 15:31:53.669 12513 12525 I art     : Explicit concurrent mark sweep GC freed 142(3KB) AllocSpace objects, 0(0B) LOS objects, 7% free, 186MB/202MB, paused 1.672ms total 62.607ms
08-05 15:31:53.693 12513 12525 I art     : Starting a blocking GC Explicit
08-05 15:31:53.761 12513 12525 I art     : Explicit concurrent mark sweep GC freed 175(3KB) AllocSpace objects, 0(0B) LOS objects, 7% free, 186MB/202MB, paused 1.676ms total 68.357ms
08-05 15:31:53.771   380   380 W SurfaceFlinger: couldn't log to binary event log: overflow.
08-05 15:31:54.182 12513 13746 I art     : Starting a blocking GC Explicit
08-05 15:31:54.259 12513 13746 I art     : Explicit concurrent mark sweep GC freed 4190(225KB) AllocSpace objects, 6(436KB) LOS objects, 7% free, 186MB/202MB, paused 1.945ms total 76.616ms
08-05 15:31:54.279 12513 13746 I art     : Starting a blocking GC Explicit
08-05 15:31:54.282 12513 15364 I NAPPA_EXPERIMENTATION: MetricNetworkRequestExecutionTime: REQUEST_DURATION_SYSTEM='903',REQUEST_DURATION_OKHTTP='40',REQUEST_SYNCHRONOUS='FALSE',RESPONSE_CODE='200',RESPONSE_METHOD='GET',RESPONSE_LENGTH_OKHTTP='36',RESPONSE_LENGTH_HEADER='36',REQUEST_PROTOCOL='http/1.1',REQUEST_URL='https://project-travel-mate.herokuapp.com/api/number-of-unread-notifications',
08-05 15:31:54.336 12513 13746 I art     : Explicit concurrent mark sweep GC freed 7747(489KB) AllocSpace objects, 13(264KB) LOS objects, 7% free, 185MB/201MB, paused 1.460ms total 57.490ms
08-05 15:31:54.356 12513 13746 I art     : Starting a blocking GC Explicit
08-05 15:31:54.416 12513 13746 I art     : Explicit concurrent mark sweep GC freed 95(4KB) AllocSpace objects, 0(0B) LOS objects, 7% free, 185MB/201MB, paused 1.463ms total 60.431ms
08-05 15:31:54.434 11851 11851 W Atfwd_Sendcmd: AtCmdFwd service not published, waiting... retryCnt : 2
08-05 15:31:54.436 12513 13746 I art     : Starting a blocking GC Explicit
08-05 15:31:54.498 12513 13746 I art     : Explicit concurrent mark sweep GC freed 40(1088B) AllocSpace objects, 0(0B) LOS objects, 7% free, 185MB/201MB, paused 1.537ms total 61.550ms
08-05 15:31:54.518 12513 13746 I art     : Starting a blocking GC Explicit
08-05 15:31:54.584 12513 13746 I art     : Explicit concurrent mark sweep GC freed 3(96B) AllocSpace objects, 0(0B) LOS objects, 7% free, 185MB/201MB, paused 1.628ms total 65.521ms
08-05 15:31:54.995 12513 12531 I art     : Starting a blocking GC Explicit
08-05 15:31:55.067 12513 12531 I art     : Explicit concurrent mark sweep GC freed 1600(92KB) AllocSpace objects, 2(48KB) LOS objects, 7% free, 185MB/201MB, paused 1.438ms total 70.925ms
08-05 15:31:55.086 12513 12531 I art     : Starting a blocking GC Explicit
08-05 15:31:55.142 15376 15376 D AndroidRuntime: >>>>>> START com.android.internal.os.RuntimeInit uid 2000 <<<<<<
08-05 15:31:55.144 12513 12531 I art     : Explicit concurrent mark sweep GC freed 42(1696B) AllocSpace objects, 0(0B) LOS objects, 7% free, 185MB/201MB, paused 1.453ms total 57.047ms
08-05 15:31:55.147 15376 15376 D AndroidRuntime: CheckJNI is OFF
08-05 15:31:55.162 12513 12531 I art     : Starting a blocking GC Explicit
08-05 15:31:55.187 15376 15376 D ICU     : No timezone override file found: /data/misc/zoneinfo/current/icu/icu_tzdata.dat
08-05 15:31:55.216 12513 12531 I art     : Explicit concurrent mark sweep GC freed 7(224B) AllocSpace objects, 0(0B) LOS objects, 7% free, 185MB/201MB, paused 1.388ms total 53.201ms
08-05 15:31:55.226 15376 15376 I Radio-JNI: register_android_hardware_Radio DONE
08-05 15:31:55.235 12513 12531 I art     : Starting a blocking GC Explicit
08-05 15:31:55.254 15376 15376 D AndroidRuntime: Calling main entry com.android.commands.input.Input
08-05 15:31:55.257 15376 15376 I Input   : injectMotionEvent: MotionEvent { action=ACTION_DOWN, actionButton=0, id[0]=0, x[0]=117.0, y[0]=170.0, toolType[0]=TOOL_TYPE_UNKNOWN, buttonState=0, metaState=0, flags=0x0, edgeFlags=0x0, pointerCount=1, historySize=0, eventTime=804731669, downTime=804731669, deviceId=0, source=0x1002 }
08-05 15:31:55.267 15376 15376 I Input   : injectMotionEvent: MotionEvent { action=ACTION_UP, actionButton=0, id[0]=0, x[0]=117.0, y[0]=170.0, toolType[0]=TOOL_TYPE_UNKNOWN, buttonState=0, metaState=0, flags=0x0, edgeFlags=0x0, pointerCount=1, historySize=0, eventTime=804731669, downTime=804731669, deviceId=0, source=0x1002 }
08-05 15:31:55.292 12513 12531 I art     : Explicit concurrent mark sweep GC freed 5(160B) AllocSpace objects, 0(0B) LOS objects, 7% free, 185MB/201MB, paused 1.658ms total 56.539ms
08-05 15:31:55.306 15376 15376 D AndroidRuntime: Shutting down VM
08-05 15:31:55.312 12513 12531 I art     : Starting a blocking GC Explicit
08-05 15:31:55.346   512  2967 D audio_hw_primary: out_set_parameters: enter: usecase(1: low-latency-playback) kvpairs: routing=2
08-05 15:31:55.359   512  2967 D audio_hw_primary: select_devices: out_snd_device(2: speaker) in_snd_device(0: none)
08-05 15:31:55.359   512  2967 D msm8974_platform: platform_send_audio_calibration: sending audio calibration for snd_device(2) acdb_id(15)
08-05 15:31:55.359   512  2967 I soundtrigger: audio_extn_sound_trigger_update_device_status: device 0x2 of type 0 for Event 1
08-05 15:31:55.368 12513 12531 I art     : Explicit concurrent mark sweep GC freed 27(864B) AllocSpace objects, 0(0B) LOS objects, 7% free, 185MB/201MB, paused 1.618ms total 54.832ms
08-05 15:31:55.369   512  2967 D audio_hw_primary: enable_snd_device: snd_device(2: speaker)
08-05 15:31:55.371   512  2967 D audio_hw_primary: enable_audio_route: apply and update mixer path: low-latency-playback speaker
08-05 15:31:55.780 12513 13746 I art     : Starting a blocking GC Explicit
08-05 15:31:55.831 12513 13746 I art     : Explicit concurrent mark sweep GC freed 2024(113KB) AllocSpace objects, 2(48KB) LOS objects, 7% free, 185MB/201MB, paused 1.364ms total 50.607ms
08-05 15:31:55.850 12513 13746 I art     : Starting a blocking GC Explicit
08-05 15:31:55.904 12513 13746 I art     : Explicit concurrent mark sweep GC freed 71(2928B) AllocSpace objects, 0(0B) LOS objects, 7% free, 185MB/201MB, paused 1.437ms total 53.637ms
08-05 15:31:55.919   512  2967 D audio_hw_primary: disable_audio_route: reset and update mixer path: low-latency-playback speaker
08-05 15:31:55.920   512  2967 D audio_hw_primary: disable_snd_device: snd_device(2: speaker)
08-05 15:31:55.922 12513 13746 I art     : Starting a blocking GC Explicit
08-05 15:31:55.928   512  2967 I soundtrigger: audio_extn_sound_trigger_update_device_status: device 0x2 of type 0 for Event 0
08-05 15:31:55.975 12513 13746 I art     : Explicit concurrent mark sweep GC freed 3(96B) AllocSpace objects, 0(0B) LOS objects, 7% free, 185MB/201MB, paused 1.302ms total 52.744ms
08-05 15:31:55.994 12513 13746 I art     : Starting a blocking GC Explicit
08-05 15:31:56.045 15401 15401 D AndroidRuntime: >>>>>> START com.android.internal.os.RuntimeInit uid 2000 <<<<<<
08-05 15:31:56.050 15401 15401 D AndroidRuntime: CheckJNI is OFF
08-05 15:31:56.052 12513 13746 I art     : Explicit concurrent mark sweep GC freed 3(96B) AllocSpace objects, 0(0B) LOS objects, 7% free, 185MB/201MB, paused 1.512ms total 57.029ms
08-05 15:31:56.071 12513 13746 I art     : Starting a blocking GC Explicit
08-05 15:31:56.093 15401 15401 D ICU     : No timezone override file found: /data/misc/zoneinfo/current/icu/icu_tzdata.dat
08-05 15:31:56.129 12513 13746 I art     : Explicit concurrent mark sweep GC freed 5(160B) AllocSpace objects, 0(0B) LOS objects, 7% free, 185MB/201MB, paused 1.519ms total 57.213ms
08-05 15:31:56.135 15401 15401 I Radio-JNI: register_android_hardware_Radio DONE
08-05 15:31:56.165 15401 15401 D AndroidRuntime: Calling main entry com.android.commands.input.Input
08-05 15:31:56.167 15401 15401 I Input   : injectMotionEvent: MotionEvent { action=ACTION_DOWN, actionButton=0, id[0]=0, x[0]=405.0, y[0]=661.0, toolType[0]=TOOL_TYPE_UNKNOWN, buttonState=0, metaState=0, flags=0x0, edgeFlags=0x0, pointerCount=1, historySize=0, eventTime=804732579, downTime=804732579, deviceId=0, source=0x1002 }
08-05 15:31:56.171 15401 15401 I Input   : injectMotionEvent: MotionEvent { action=ACTION_UP, actionButton=0, id[0]=0, x[0]=405.0, y[0]=661.0, toolType[0]=TOOL_TYPE_UNKNOWN, buttonState=0, metaState=0, flags=0x0, edgeFlags=0x0, pointerCount=1, historySize=0, eventTime=804732579, downTime=804732579, deviceId=0, source=0x1002 }
08-05 15:31:56.172 15401 15401 D AndroidRuntime: Shutting down VM
08-05 15:31:56.183   512  2967 D audio_hw_primary: out_set_parameters: enter: usecase(1: low-latency-playback) kvpairs: routing=2
08-05 15:31:56.196   512  2967 D audio_hw_primary: select_devices: out_snd_device(2: speaker) in_snd_device(0: none)
08-05 15:31:56.196   512  2967 D msm8974_platform: platform_send_audio_calibration: sending audio calibration for snd_device(2) acdb_id(15)
08-05 15:31:56.196   512  2967 I soundtrigger: audio_extn_sound_trigger_update_device_status: device 0x2 of type 0 for Event 1
08-05 15:31:56.207   512  2967 D audio_hw_primary: enable_snd_device: snd_device(2: speaker)
08-05 15:31:56.209   512  2967 D audio_hw_primary: enable_audio_route: apply and update mixer path: low-latency-playback speaker
08-05 15:31:56.256   512  2967 D AudioFlinger: mixer(0xf4740000) throttle end: throttle time(12)
08-05 15:31:56.528 12513 13746 I art     : Starting a blocking GC Explicit
08-05 15:31:56.593 12513 13746 I art     : Explicit concurrent mark sweep GC freed 3608(163KB) AllocSpace objects, 11(300KB) LOS objects, 7% free, 185MB/201MB, paused 1.540ms total 65.179ms
08-05 15:31:56.615 12513 13746 I art     : Starting a blocking GC Explicit
08-05 15:31:56.677 12513 13746 I art     : Explicit concurrent mark sweep GC freed 930(52KB) AllocSpace objects, 0(0B) LOS objects, 7% free, 185MB/201MB, paused 1.291ms total 61.316ms
08-05 15:31:56.696 12513 13746 I art     : Starting a blocking GC Explicit
08-05 15:31:56.749   512  2967 D audio_hw_primary: disable_audio_route: reset and update mixer path: low-latency-playback speaker
08-05 15:31:56.751   512  2967 D audio_hw_primary: disable_snd_device: snd_device(2: speaker)
08-05 15:31:56.756 12513 13746 I art     : Explicit concurrent mark sweep GC freed 3(96B) AllocSpace objects, 0(0B) LOS objects, 7% free, 185MB/201MB, paused 1.448ms total 59.761ms
08-05 15:31:56.760   512  2967 I soundtrigger: audio_extn_sound_trigger_update_device_status: device 0x2 of type 0 for Event 0
08-05 15:31:56.777 12513 13746 I art     : Starting a blocking GC Explicit
08-05 15:31:56.837 12513 13746 I art     : Explicit concurrent mark sweep GC freed 3(96B) AllocSpace objects, 0(0B) LOS objects, 7% free, 185MB/201MB, paused 1.464ms total 60.487ms
08-05 15:31:56.857 12513 13746 I art     : Starting a blocking GC Explicit
08-05 15:31:56.921 12513 13746 I art     : Explicit concurrent mark sweep GC freed 3(96B) AllocSpace objects, 0(0B) LOS objects, 7% free, 185MB/201MB, paused 1.495ms total 63.324ms
08-05 15:31:57.336 12513 12792 I art     : Starting a blocking GC Explicit
08-05 15:31:57.423 12513 12792 I art     : Explicit concurrent mark sweep GC freed 1630(94KB) AllocSpace objects, 2(48KB) LOS objects, 7% free, 185MB/201MB, paused 1.660ms total 85.597ms
08-05 15:31:57.444 12513 12792 I art     : Starting a blocking GC Explicit
08-05 15:31:57.509 12513 12792 I art     : Explicit concurrent mark sweep GC freed 65(2016B) AllocSpace objects, 0(0B) LOS objects, 7% free, 185MB/201MB, paused 1.684ms total 63.925ms
08-05 15:31:57.529 12513 12792 I art     : Starting a blocking GC Explicit
08-05 15:31:57.598 12513 12792 I art     : Explicit concurrent mark sweep GC freed 3(96B) AllocSpace objects, 0(0B) LOS objects, 7% free, 185MB/201MB, paused 1.706ms total 68.852ms
08-05 15:31:57.620 12513 12792 I art     : Starting a blocking GC Explicit
08-05 15:31:57.683 12513 12792 I art     : Explicit concurrent mark sweep GC freed 3(96B) AllocSpace objects, 0(0B) LOS objects, 7% free, 185MB/201MB, paused 1.460ms total 62.837ms
08-05 15:31:57.704 12513 12792 I art     : Starting a blocking GC Explicit
08-05 15:31:57.773 12513 12792 I art     : Explicit concurrent mark sweep GC freed 3(96B) AllocSpace objects, 0(0B) LOS objects, 7% free, 185MB/201MB, paused 1.626ms total 68.736ms
08-05 15:31:58.226 12513 12525 I art     : Starting a blocking GC Explicit
08-05 15:31:58.313 12513 12525 I art     : Explicit concurrent mark sweep GC freed 1598(92KB) AllocSpace objects, 2(48KB) LOS objects, 7% free, 185MB/201MB, paused 1.737ms total 85.724ms
08-05 15:31:58.336 12513 12525 I art     : Starting a blocking GC Explicit
08-05 15:31:58.403 12513 12525 I art     : Explicit concurrent mark sweep GC freed 49(2320B) AllocSpace objects, 0(0B) LOS objects, 7% free, 185MB/201MB, paused 1.487ms total 66.526ms
08-05 15:31:58.423 12513 12525 I art     : Starting a blocking GC Explicit
08-05 15:31:58.483 12513 12525 I art     : Explicit concurrent mark sweep GC freed 39(1056B) AllocSpace objects, 0(0B) LOS objects, 7% free, 185MB/201MB, paused 1.485ms total 59.663ms
08-05 15:31:58.503 12513 12525 I art     : Starting a blocking GC Explicit
08-05 15:31:58.564 12513 12525 I art     : Explicit concurrent mark sweep GC freed 4(128B) AllocSpace objects, 0(0B) LOS objects, 7% free, 185MB/201MB, paused 1.539ms total 60.531ms
08-05 15:31:58.584 12513 12525 I art     : Starting a blocking GC Explicit
08-05 15:31:58.649 12513 12525 I art     : Explicit concurrent mark sweep GC freed 14(720B) AllocSpace objects, 0(0B) LOS objects, 7% free, 185MB/201MB, paused 1.627ms total 64.386ms
08-05 15:31:58.650 12513 12523 I art     : WaitForGcToComplete blocked for 62.590ms for cause HeapTrim
08-05 15:31:58.885   918  3188 I hubconnection: sensorhub said: 'set_bias 3: -5.7120, 0.0000, 0.0000'
08-05 15:31:58.954 15450 15450 D AndroidRuntime: >>>>>> START com.android.internal.os.RuntimeInit uid 2000 <<<<<<
08-05 15:31:58.960 15450 15450 D AndroidRuntime: CheckJNI is OFF
08-05 15:31:59.006 15450 15450 D ICU     : No timezone override file found: /data/misc/zoneinfo/current/icu/icu_tzdata.dat
08-05 15:31:59.058 15450 15450 I Radio-JNI: register_android_hardware_Radio DONE
08-05 15:31:59.083 12513 12531 I art     : Starting a blocking GC Explicit
08-05 15:31:59.089 15450 15450 D AndroidRuntime: Calling main entry com.android.commands.input.Input
08-05 15:31:59.091 15450 15450 I Input   : injectMotionEvent: MotionEvent { action=ACTION_DOWN, actionButton=0, id[0]=0, x[0]=1341.0, y[0]=197.0, toolType[0]=TOOL_TYPE_UNKNOWN, buttonState=0, metaState=0, flags=0x0, edgeFlags=0x0, pointerCount=1, historySize=0, eventTime=804735503, downTime=804735503, deviceId=0, source=0x1002 }
08-05 15:31:59.097 15450 15450 I Input   : injectMotionEvent: MotionEvent { action=ACTION_UP, actionButton=0, id[0]=0, x[0]=1341.0, y[0]=197.0, toolType[0]=TOOL_TYPE_UNKNOWN, buttonState=0, metaState=0, flags=0x0, edgeFlags=0x0, pointerCount=1, historySize=0, eventTime=804735503, downTime=804735503, deviceId=0, source=0x1002 }
08-05 15:31:59.099 15450 15450 D AndroidRuntime: Shutting down VM
08-05 15:31:59.114   512  2967 D audio_hw_primary: out_set_parameters: enter: usecase(1: low-latency-playback) kvpairs: routing=2
08-05 15:31:59.114   918  6112 I ActivityManager: START u0 {cmp=baseline.io.github.project_travel_mate/.notifications.NotificationsActivity} from uid 10674 on display 0
08-05 15:31:59.127   512  2967 D audio_hw_primary: select_devices: out_snd_device(2: speaker) in_snd_device(0: none)
08-05 15:31:59.127   512  2967 D msm8974_platform: platform_send_audio_calibration: sending audio calibration for snd_device(2) acdb_id(15)
08-05 15:31:59.128   512  2967 I soundtrigger: audio_extn_sound_trigger_update_device_status: device 0x2 of type 0 for Event 1
08-05 15:31:59.146   512  2967 D audio_hw_primary: enable_snd_device: snd_device(2: speaker)
08-05 15:31:59.149   512  2967 D audio_hw_primary: enable_audio_route: apply and update mixer path: low-latency-playback speaker
08-05 15:31:59.149 12513 12531 I art     : Explicit concurrent mark sweep GC freed 1955(111KB) AllocSpace objects, 2(48KB) LOS objects, 7% free, 185MB/201MB, paused 1.647ms total 64.283ms
08-05 15:31:59.159 12513 12580 D Gabe    : call	returning from cache
08-05 15:31:59.166 12513 12513 V EXECUTING: https://project-travel-mate.herokuapp.com/api/get-notifications
08-05 15:31:59.169 12513 12513 V EXECUTING: https://project-travel-mate.herokuapp.com/api/get-notifications
08-05 15:31:59.172 12513 12531 I art     : Starting a blocking GC Explicit
08-05 15:31:59.228 12513 12531 I art     : Explicit concurrent mark sweep GC freed 1308(83KB) AllocSpace objects, 0(0B) LOS objects, 7% free, 185MB/201MB, paused 2.233ms total 56.023ms
08-05 15:31:59.248 12513 12531 I art     : Starting a blocking GC Explicit
08-05 15:31:59.304 12513 12531 I art     : Explicit concurrent mark sweep GC freed 688(30KB) AllocSpace objects, 0(0B) LOS objects, 7% free, 189MB/205MB, paused 1.799ms total 56.050ms
08-05 15:31:59.325 12513 12531 I art     : Starting a blocking GC Explicit
08-05 15:31:59.329   918   936 I ActivityManager: Displayed baseline.io.github.project_travel_mate/.notifications.NotificationsActivity: +202ms
08-05 15:31:59.330 13866 13866 I GoogleInputMethodServic: GoogleInputMethodService.onFinishInput():3138 
08-05 15:31:59.331 13866 13866 I GoogleInputMethodServic: GoogleInputMethodService.onStartInput():1808 
08-05 15:31:59.385 12513 12531 I art     : Explicit concurrent mark sweep GC freed 182(5KB) AllocSpace objects, 0(0B) LOS objects, 7% free, 189MB/205MB, paused 1.822ms total 60.098ms
08-05 15:31:59.409 12513 12531 I art     : Starting a blocking GC Explicit
08-05 15:31:59.430 12513 12528 D OpenGLRenderer: endAllStagingAnimators on 0x7f7c4f6800 (RippleDrawable) with handle 0x7f7c06d6a0
08-05 15:31:59.467 12513 12531 I art     : Explicit concurrent mark sweep GC freed 128(2784B) AllocSpace objects, 0(0B) LOS objects, 7% free, 189MB/205MB, paused 1.582ms total 58.236ms
08-05 15:31:59.578   380   380 W SurfaceFlinger: couldn't log to binary event log: overflow.
08-05 15:31:59.679   512  2967 D audio_hw_primary: disable_audio_route: reset and update mixer path: low-latency-playback speaker
08-05 15:31:59.681   512  2967 D audio_hw_primary: disable_snd_device: snd_device(2: speaker)
08-05 15:31:59.689   512  2967 I soundtrigger: audio_extn_sound_trigger_update_device_status: device 0x2 of type 0 for Event 0
08-05 15:31:59.875 12513 12525 I art     : Starting a blocking GC Explicit
08-05 15:31:59.919 12513 15474 I NAPPA_EXPERIMENTATION: MetricNetworkRequestExecutionTime: REQUEST_DURATION_SYSTEM='752',REQUEST_DURATION_OKHTTP='46',REQUEST_SYNCHRONOUS='FALSE',RESPONSE_CODE='200',RESPONSE_METHOD='GET',RESPONSE_LENGTH_OKHTTP='2',RESPONSE_LENGTH_HEADER='2',REQUEST_PROTOCOL='http/1.1',REQUEST_URL='https://project-travel-mate.herokuapp.com/api/get-notifications',
08-05 15:31:59.937 12513 12525 I art     : Explicit concurrent mark sweep GC freed 7636(384KB) AllocSpace objects, 8(448KB) LOS objects, 7% free, 190MB/206MB, paused 1.917ms total 61.555ms
08-05 15:31:59.953 12513 15475 I NAPPA_EXPERIMENTATION: MetricNetworkRequestExecutionTime: REQUEST_DURATION_SYSTEM='783',REQUEST_DURATION_OKHTTP='80',REQUEST_SYNCHRONOUS='FALSE',RESPONSE_CODE='200',RESPONSE_METHOD='GET',RESPONSE_LENGTH_OKHTTP='2',RESPONSE_LENGTH_HEADER='2',REQUEST_PROTOCOL='http/1.1',REQUEST_URL='https://project-travel-mate.herokuapp.com/api/get-notifications',
08-05 15:31:59.956 12513 12525 I art     : Starting a blocking GC Explicit
08-05 15:32:00.012 12513 12525 I art     : Explicit concurrent mark sweep GC freed 2205(247KB) AllocSpace objects, 0(0B) LOS objects, 7% free, 190MB/206MB, paused 1.614ms total 55.927ms
08-05 15:32:00.032 12513 12525 I art     : Starting a blocking GC Explicit
08-05 15:32:00.052 12513 12513 V Response: [] 
08-05 15:32:00.057 12513 12580 D Gabe    : call	returning from cache
08-05 15:32:00.057 12513 12513 V Response: [] 
08-05 15:32:00.060 12513 12580 D Gabe    : call	returning from cache
08-05 15:32:00.089 12513 12525 I art     : Explicit concurrent mark sweep GC freed 679(23KB) AllocSpace objects, 0(0B) LOS objects, 7% free, 190MB/206MB, paused 1.939ms total 56.674ms
08-05 15:32:00.108 12513 12525 I art     : Starting a blocking GC Explicit
08-05 15:32:00.163 12513 12525 I art     : Explicit concurrent mark sweep GC freed 1687(60KB) AllocSpace objects, 1(188KB) LOS objects, 7% free, 190MB/206MB, paused 1.336ms total 54.803ms
08-05 15:32:00.182 12513 12525 I art     : Starting a blocking GC Explicit
08-05 15:32:00.237 12513 12525 I art     : Explicit concurrent mark sweep GC freed 1894(67KB) AllocSpace objects, 0(0B) LOS objects, 7% free, 190MB/206MB, paused 1.547ms total 55.074ms
08-05 15:32:00.638 12513 12525 I art     : Starting a blocking GC Explicit
08-05 15:32:00.692 12513 12525 I art     : Explicit concurrent mark sweep GC freed 3686(129KB) AllocSpace objects, 2(48KB) LOS objects, 7% free, 190MB/206MB, paused 1.316ms total 53.933ms
08-05 15:32:00.711 12513 12525 I art     : Starting a blocking GC Explicit
08-05 15:32:00.764 12513 12525 I art     : Explicit concurrent mark sweep GC freed 475(16KB) AllocSpace objects, 0(0B) LOS objects, 7% free, 190MB/206MB, paused 1.374ms total 53.179ms
08-05 15:32:00.783 12513 12525 I art     : Starting a blocking GC Explicit
08-05 15:32:00.837 12513 12525 I art     : Explicit concurrent mark sweep GC freed 382(6KB) AllocSpace objects, 0(0B) LOS objects, 7% free, 190MB/206MB, paused 1.624ms total 53.917ms
08-05 15:32:00.856 12513 12525 I art     : Starting a blocking GC Explicit
08-05 15:32:00.908 12513 12525 I art     : Explicit concurrent mark sweep GC freed 307(5KB) AllocSpace objects, 0(0B) LOS objects, 7% free, 190MB/206MB, paused 1.361ms total 52.054ms
08-05 15:32:00.927 12513 12525 I art     : Starting a blocking GC Explicit
08-05 15:32:00.982 12513 12525 I art     : Explicit concurrent mark sweep GC freed 310(5KB) AllocSpace objects, 0(0B) LOS objects, 7% free, 190MB/206MB, paused 1.742ms total 55.310ms
08-05 15:32:01.391 12513 12526 I art     : Starting a blocking GC Explicit
08-05 15:32:01.451 12513 12526 I art     : Explicit concurrent mark sweep GC freed 3560(123KB) AllocSpace objects, 2(48KB) LOS objects, 7% free, 190MB/206MB, paused 1.622ms total 59.645ms
08-05 15:32:01.470 12513 12526 I art     : Starting a blocking GC Explicit
08-05 15:32:01.524 12513 12526 I art     : Explicit concurrent mark sweep GC freed 399(7KB) AllocSpace objects, 0(0B) LOS objects, 7% free, 190MB/206MB, paused 1.286ms total 53.379ms
08-05 15:32:01.543 12513 12526 I art     : Starting a blocking GC Explicit
08-05 15:32:01.598 12513 12526 I art     : Explicit concurrent mark sweep GC freed 283(4KB) AllocSpace objects, 0(0B) LOS objects, 7% free, 190MB/206MB, paused 1.485ms total 55.222ms
08-05 15:32:01.617 12513 12526 I art     : Starting a blocking GC Explicit
08-05 15:32:01.674 12513 12526 I art     : Explicit concurrent mark sweep GC freed 365(6KB) AllocSpace objects, 0(0B) LOS objects, 7% free, 190MB/206MB, paused 1.349ms total 55.910ms
08-05 15:32:01.693 12513 12526 I art     : Starting a blocking GC Explicit
08-05 15:32:01.748 12513 12526 I art     : Explicit concurrent mark sweep GC freed 293(5KB) AllocSpace objects, 0(0B) LOS objects, 7% free, 190MB/206MB, paused 1.589ms total 55.633ms
08-05 15:32:01.912   518   646 I ThermalEngine: ACTION: GPU - Setting GPU[0] to 390000000
08-05 15:32:02.199 12513 12792 I art     : Starting a blocking GC Explicit
08-05 15:32:02.265 12513 12792 I art     : Explicit concurrent mark sweep GC freed 3755(126KB) AllocSpace objects, 2(48KB) LOS objects, 7% free, 190MB/206MB, paused 1.971ms total 66.430ms
08-05 15:32:02.291 12513 12792 I art     : Starting a blocking GC Explicit
08-05 15:32:02.357 12513 12792 I art     : Explicit concurrent mark sweep GC freed 470(8KB) AllocSpace objects, 0(0B) LOS objects, 7% free, 190MB/206MB, paused 1.967ms total 66.117ms
08-05 15:32:02.383 12513 12792 I art     : Starting a blocking GC Explicit
08-05 15:32:02.449 12513 12792 I art     : Explicit concurrent mark sweep GC freed 356(5KB) AllocSpace objects, 0(0B) LOS objects, 7% free, 190MB/206MB, paused 2.118ms total 66.050ms
08-05 15:32:02.475 12513 12792 I art     : Starting a blocking GC Explicit
08-05 15:32:02.543 12513 12792 I art     : Explicit concurrent mark sweep GC freed 460(7KB) AllocSpace objects, 0(0B) LOS objects, 7% free, 190MB/206MB, paused 2.030ms total 67.932ms
08-05 15:32:02.569 12513 12792 I art     : Starting a blocking GC Explicit
08-05 15:32:02.637 12513 12792 I art     : Explicit concurrent mark sweep GC freed 402(6KB) AllocSpace objects, 0(0B) LOS objects, 7% free, 190MB/206MB, paused 1.988ms total 67.837ms
08-05 15:32:03.092 12513 12525 I art     : Starting a blocking GC Explicit
08-05 15:32:03.161 12513 12525 I art     : Explicit concurrent mark sweep GC freed 3777(126KB) AllocSpace objects, 2(48KB) LOS objects, 7% free, 190MB/206MB, paused 2.304ms total 67.567ms
08-05 15:32:03.186 12513 12525 I art     : Starting a blocking GC Explicit
08-05 15:32:03.252 12513 12525 I art     : Explicit concurrent mark sweep GC freed 389(6KB) AllocSpace objects, 0(0B) LOS objects, 7% free, 190MB/206MB, paused 2.153ms total 66.048ms
08-05 15:32:03.278 12513 12525 I art     : Starting a blocking GC Explicit
08-05 15:32:03.346 12513 12525 I art     : Explicit concurrent mark sweep GC freed 414(6KB) AllocSpace objects, 0(0B) LOS objects, 7% free, 190MB/206MB, paused 1.927ms total 67.441ms
08-05 15:32:03.370 12513 12525 I art     : Starting a blocking GC Explicit
08-05 15:32:03.436 12513 12525 I art     : Explicit concurrent mark sweep GC freed 365(6KB) AllocSpace objects, 0(0B) LOS objects, 7% free, 190MB/206MB, paused 1.935ms total 65.400ms
08-05 15:32:03.461 12513 12525 I art     : Starting a blocking GC Explicit
08-05 15:32:03.527 12513 12525 I art     : Explicit concurrent mark sweep GC freed 462(7KB) AllocSpace objects, 0(0B) LOS objects, 7% free, 190MB/206MB, paused 2.111ms total 65.124ms
08-05 15:32:03.970 15541 15541 D AndroidRuntime: >>>>>> START com.android.internal.os.RuntimeInit uid 2000 <<<<<<
08-05 15:32:03.975 15541 15541 D AndroidRuntime: CheckJNI is OFF
08-05 15:32:03.985 12513 13746 I art     : Starting a blocking GC Explicit
08-05 15:32:04.030 15541 15541 D ICU     : No timezone override file found: /data/misc/zoneinfo/current/icu/icu_tzdata.dat
08-05 15:32:04.055 12513 13746 I art     : Explicit concurrent mark sweep GC freed 3844(129KB) AllocSpace objects, 2(48KB) LOS objects, 7% free, 190MB/206MB, paused 2.083ms total 69.357ms
08-05 15:32:04.074 15541 15541 I Radio-JNI: register_android_hardware_Radio DONE
08-05 15:32:04.080 12513 13746 I art     : Starting a blocking GC Explicit
08-05 15:32:04.106 15541 15541 D AndroidRuntime: Calling main entry com.android.commands.input.Input
08-05 15:32:04.115 15541 15541 I Input   : injectKeyEvent: KeyEvent { action=ACTION_DOWN, keyCode=KEYCODE_BACK, scanCode=0, metaState=0, flags=0x0, repeatCount=0, eventTime=804740528, downTime=804740528, deviceId=-1, source=0x101 }
08-05 15:32:04.130 15541 15541 I Input   : injectKeyEvent: KeyEvent { action=ACTION_UP, keyCode=KEYCODE_BACK, scanCode=0, metaState=0, flags=0x0, repeatCount=0, eventTime=804740528, downTime=804740528, deviceId=-1, source=0x101 }
08-05 15:32:04.136 15541 15541 D AndroidRuntime: Shutting down VM
08-05 15:32:04.146 12513 13746 I art     : Explicit concurrent mark sweep GC freed 544(17KB) AllocSpace objects, 0(0B) LOS objects, 7% free, 190MB/206MB, paused 2.103ms total 65.538ms
08-05 15:32:04.162 12513 12513 V MainActivity: url = https://project-travel-mate.herokuapp.com/api/number-of-unread-notifications
08-05 15:32:04.171 12513 13746 I art     : Starting a blocking GC Explicit
08-05 15:32:04.236 13866 13866 I GoogleInputMethodServic: GoogleInputMethodService.onFinishInput():3138 
08-05 15:32:04.237 13866 13866 I GoogleInputMethodServic: GoogleInputMethodService.onStartInput():1808 
08-05 15:32:04.246 12513 13746 I art     : Explicit concurrent mark sweep GC freed 627(19KB) AllocSpace objects, 0(0B) LOS objects, 7% free, 190MB/206MB, paused 3.054ms total 74.486ms
08-05 15:32:04.246 12513 12523 I art     : WaitForGcToComplete blocked for 74.587ms for cause HeapTrim
08-05 15:32:04.272 12513 13746 I art     : Starting a blocking GC Explicit
08-05 15:32:04.339 12513 13746 I art     : Explicit concurrent mark sweep GC freed 222(9KB) AllocSpace objects, 0(0B) LOS objects, 7% free, 190MB/206MB, paused 2.280ms total 66.063ms
08-05 15:32:04.371 12513 13746 I art     : Starting a blocking GC Explicit
08-05 15:32:04.434 11851 11851 I ServiceManager: Waiting for service AtCmdFwd...
08-05 15:32:04.468 12513 13746 I art     : Explicit concurrent mark sweep GC freed 111(3KB) AllocSpace objects, 0(0B) LOS objects, 7% free, 190MB/206MB, paused 2.452ms total 96.789ms
08-05 15:32:04.516   380   380 W SurfaceFlinger: couldn't log to binary event log: overflow.
08-05 15:32:04.729 12513 15564 I NAPPA_EXPERIMENTATION: MetricNetworkRequestExecutionTime: REQUEST_DURATION_SYSTEM='566',REQUEST_DURATION_OKHTTP='37',REQUEST_SYNCHRONOUS='FALSE',RESPONSE_CODE='200',RESPONSE_METHOD='GET',RESPONSE_LENGTH_OKHTTP='36',RESPONSE_LENGTH_HEADER='36',REQUEST_PROTOCOL='http/1.1',REQUEST_URL='https://project-travel-mate.herokuapp.com/api/number-of-unread-notifications',
08-05 15:32:04.961 12513 12792 I art     : Starting a blocking GC Explicit
08-05 15:32:05.064 12513 12792 I art     : Explicit concurrent mark sweep GC freed 4491(243KB) AllocSpace objects, 6(4MB) LOS objects, 7% free, 186MB/202MB, paused 2.898ms total 102.369ms
08-05 15:32:05.093 12513 12792 I art     : Starting a blocking GC Explicit
08-05 15:32:05.163 12513 12792 I art     : Explicit concurrent mark sweep GC freed 4694(294KB) AllocSpace objects, 2(56KB) LOS objects, 7% free, 185MB/201MB, paused 2.066ms total 70.416ms
08-05 15:32:05.191 12513 12792 I art     : Starting a blocking GC Explicit
08-05 15:32:05.280 12513 12792 I art     : Explicit concurrent mark sweep GC freed 6(256B) AllocSpace objects, 0(0B) LOS objects, 7% free, 185MB/201MB, paused 3.050ms total 88.831ms
08-05 15:32:05.312 12513 12792 I art     : Starting a blocking GC Explicit
08-05 15:32:05.398 12513 12792 I art     : Explicit concurrent mark sweep GC freed 3(96B) AllocSpace objects, 0(0B) LOS objects, 7% free, 185MB/201MB, paused 2.358ms total 85.654ms
08-05 15:32:05.425 12513 12792 I art     : Starting a blocking GC Explicit
08-05 15:32:05.435 11851 11851 I ServiceManager: Waiting for service AtCmdFwd...
08-05 15:32:05.500 12513 12792 I art     : Explicit concurrent mark sweep GC freed 40(1088B) AllocSpace objects, 0(0B) LOS objects, 7% free, 185MB/201MB, paused 2.395ms total 74.025ms
08-05 15:32:05.967 12513 12525 I art     : Starting a blocking GC Explicit
08-05 15:32:06.041 15577 15577 D AndroidRuntime: >>>>>> START com.android.internal.os.RuntimeInit uid 2000 <<<<<<
08-05 15:32:06.046 12513 12525 I art     : Explicit concurrent mark sweep GC freed 1599(92KB) AllocSpace objects, 2(48KB) LOS objects, 7% free, 185MB/201MB, paused 2.265ms total 78.793ms
08-05 15:32:06.047 15577 15577 D AndroidRuntime: CheckJNI is OFF
08-05 15:32:06.074 12513 12525 I art     : Starting a blocking GC Explicit
08-05 15:32:06.100 15577 15577 D ICU     : No timezone override file found: /data/misc/zoneinfo/current/icu/icu_tzdata.dat
08-05 15:32:06.144 15577 15577 I Radio-JNI: register_android_hardware_Radio DONE
08-05 15:32:06.147 12513 12525 I art     : Explicit concurrent mark sweep GC freed 42(1456B) AllocSpace objects, 0(0B) LOS objects, 7% free, 185MB/201MB, paused 2.227ms total 72.088ms
08-05 15:32:06.174 12513 12525 I art     : Starting a blocking GC Explicit
08-05 15:32:06.178 15577 15577 D AndroidRuntime: Calling main entry com.android.commands.input.Input
08-05 15:32:06.180 15577 15577 I Input   : injectMotionEvent: MotionEvent { action=ACTION_DOWN, actionButton=0, id[0]=0, x[0]=117.0, y[0]=170.0, toolType[0]=TOOL_TYPE_UNKNOWN, buttonState=0, metaState=0, flags=0x0, edgeFlags=0x0, pointerCount=1, historySize=0, eventTime=804742593, downTime=804742593, deviceId=0, source=0x1002 }
08-05 15:32:06.187 15577 15577 I Input   : injectMotionEvent: MotionEvent { action=ACTION_UP, actionButton=0, id[0]=0, x[0]=117.0, y[0]=170.0, toolType[0]=TOOL_TYPE_UNKNOWN, buttonState=0, metaState=0, flags=0x0, edgeFlags=0x0, pointerCount=1, historySize=0, eventTime=804742593, downTime=804742593, deviceId=0, source=0x1002 }
08-05 15:32:06.189 15577 15577 D AndroidRuntime: Shutting down VM
08-05 15:32:06.209   512  2967 D audio_hw_primary: out_set_parameters: enter: usecase(1: low-latency-playback) kvpairs: routing=2
08-05 15:32:06.222   512  2967 D audio_hw_primary: select_devices: out_snd_device(2: speaker) in_snd_device(0: none)
08-05 15:32:06.223   512  2967 D msm8974_platform: platform_send_audio_calibration: sending audio calibration for snd_device(2) acdb_id(15)
08-05 15:32:06.223   512  2967 I soundtrigger: audio_extn_sound_trigger_update_device_status: device 0x2 of type 0 for Event 1
08-05 15:32:06.235   512  2967 D audio_hw_primary: enable_snd_device: snd_device(2: speaker)
08-05 15:32:06.238   512  2967 D audio_hw_primary: enable_audio_route: apply and update mixer path: low-latency-playback speaker
08-05 15:32:06.254 12513 12525 I art     : Explicit concurrent mark sweep GC freed 28(896B) AllocSpace objects, 0(0B) LOS objects, 7% free, 185MB/201MB, paused 2.672ms total 80.123ms
08-05 15:32:06.282 12513 12525 I art     : Starting a blocking GC Explicit
08-05 15:32:06.356 12513 12525 I art     : Explicit concurrent mark sweep GC freed 389(20KB) AllocSpace objects, 0(0B) LOS objects, 7% free, 185MB/201MB, paused 2.858ms total 72.927ms
08-05 15:32:06.386 12513 12525 I art     : Starting a blocking GC Explicit
08-05 15:32:06.435 11851 11851 I ServiceManager: Waiting for service AtCmdFwd...
08-05 15:32:06.463 12513 12525 I art     : Explicit concurrent mark sweep GC freed 25(1104B) AllocSpace objects, 0(0B) LOS objects, 7% free, 185MB/201MB, paused 2.056ms total 76.627ms
08-05 15:32:06.788   512  2967 D audio_hw_primary: disable_audio_route: reset and update mixer path: low-latency-playback speaker
08-05 15:32:06.789   512  2967 D audio_hw_primary: disable_snd_device: snd_device(2: speaker)
08-05 15:32:06.797   512  2967 I soundtrigger: audio_extn_sound_trigger_update_device_status: device 0x2 of type 0 for Event 0
08-05 15:32:06.928 12513 12526 I art     : Starting a blocking GC Explicit
08-05 15:32:07.004 12513 12526 I art     : Explicit concurrent mark sweep GC freed 1655(94KB) AllocSpace objects, 2(48KB) LOS objects, 7% free, 185MB/201MB, paused 2.226ms total 75.252ms
08-05 15:32:07.031 12513 12526 I art     : Starting a blocking GC Explicit
08-05 15:32:07.076 15601 15601 D AndroidRuntime: >>>>>> START com.android.internal.os.RuntimeInit uid 2000 <<<<<<
08-05 15:32:07.082 15601 15601 D AndroidRuntime: CheckJNI is OFF
08-05 15:32:07.105 12513 12526 I art     : Explicit concurrent mark sweep GC freed 56(2144B) AllocSpace objects, 0(0B) LOS objects, 7% free, 185MB/201MB, paused 2.374ms total 73.752ms
08-05 15:32:07.132 12513 12526 I art     : Starting a blocking GC Explicit
08-05 15:32:07.139 15601 15601 D ICU     : No timezone override file found: /data/misc/zoneinfo/current/icu/icu_tzdata.dat
08-05 15:32:07.186 15601 15601 I Radio-JNI: register_android_hardware_Radio DONE
08-05 15:32:07.207 12513 12526 I art     : Explicit concurrent mark sweep GC freed 3(96B) AllocSpace objects, 0(0B) LOS objects, 7% free, 185MB/201MB, paused 2.146ms total 73.689ms
08-05 15:32:07.219 15601 15601 D AndroidRuntime: Calling main entry com.android.commands.input.Input
08-05 15:32:07.222 15601 15601 I Input   : injectMotionEvent: MotionEvent { action=ACTION_DOWN, actionButton=0, id[0]=0, x[0]=418.0, y[0]=842.0, toolType[0]=TOOL_TYPE_UNKNOWN, buttonState=0, metaState=0, flags=0x0, edgeFlags=0x0, pointerCount=1, historySize=0, eventTime=804743634, downTime=804743634, deviceId=0, source=0x1002 }
08-05 15:32:07.227 15601 15601 I Input   : injectMotionEvent: MotionEvent { action=ACTION_UP, actionButton=0, id[0]=0, x[0]=418.0, y[0]=842.0, toolType[0]=TOOL_TYPE_UNKNOWN, buttonState=0, metaState=0, flags=0x0, edgeFlags=0x0, pointerCount=1, historySize=0, eventTime=804743634, downTime=804743634, deviceId=0, source=0x1002 }
08-05 15:32:07.229 15601 15601 D AndroidRuntime: Shutting down VM
08-05 15:32:07.234 12513 12526 I art     : Starting a blocking GC Explicit
08-05 15:32:07.241   512  2967 D audio_hw_primary: out_set_parameters: enter: usecase(1: low-latency-playback) kvpairs: routing=2
08-05 15:32:07.244 12513 12580 D Gabe    : call	returning from cache
08-05 15:32:07.255   512  2967 D audio_hw_primary: select_devices: out_snd_device(2: speaker) in_snd_device(0: none)
08-05 15:32:07.255   512  2967 D msm8974_platform: platform_send_audio_calibration: sending audio calibration for snd_device(2) acdb_id(15)
08-05 15:32:07.255   512  2967 I soundtrigger: audio_extn_sound_trigger_update_device_status: device 0x2 of type 0 for Event 1
08-05 15:32:07.267   512  2967 D audio_hw_primary: enable_snd_device: snd_device(2: speaker)
08-05 15:32:07.269   512  2967 D audio_hw_primary: enable_audio_route: apply and update mixer path: low-latency-playback speaker
08-05 15:32:07.277 12513 12513 V MainActivity: url = https://project-travel-mate.herokuapp.com/api/number-of-unread-notifications
08-05 15:32:07.316   512  2967 D AudioFlinger: mixer(0xf4740000) throttle end: throttle time(12)
08-05 15:32:07.317 12513 12526 I art     : Explicit concurrent mark sweep GC freed 1029(51KB) AllocSpace objects, 0(0B) LOS objects, 7% free, 185MB/201MB, paused 2.899ms total 82.326ms
08-05 15:32:07.344 12513 12526 I art     : Starting a blocking GC Explicit
08-05 15:32:07.429 12513 12526 I art     : Explicit concurrent mark sweep GC freed 564(43KB) AllocSpace objects, 0(0B) LOS objects, 7% free, 185MB/201MB, paused 2.992ms total 84.674ms
08-05 15:32:07.436 11851 11851 I ServiceManager: Waiting for service AtCmdFwd...
08-05 15:32:07.809   512  2967 D audio_hw_primary: disable_audio_route: reset and update mixer path: low-latency-playback speaker
08-05 15:32:07.810   512  2967 D audio_hw_primary: disable_snd_device: snd_device(2: speaker)
08-05 15:32:07.818   512  2967 I soundtrigger: audio_extn_sound_trigger_update_device_status: device 0x2 of type 0 for Event 0
08-05 15:32:07.898 12513 12525 I art     : Starting a blocking GC Explicit
08-05 15:32:07.956 12513 12513 I Choreographer: Skipped 40 frames!  The application may be doing too much work on its main thread.
08-05 15:32:07.964   918  3261 D WifiStateMachine: starting scan for "H369AA63323"WPA_PSK with 2412,5180
08-05 15:32:07.984 12513 12525 I art     : Explicit concurrent mark sweep GC freed 4963(261KB) AllocSpace objects, 2(52KB) LOS objects, 7% free, 186MB/202MB, paused 3.430ms total 85.056ms
08-05 15:32:08.011 12513 12525 I art     : Starting a blocking GC Explicit
08-05 15:32:08.096 12513 12525 I art     : Explicit concurrent mark sweep GC freed 3843(208KB) AllocSpace objects, 12(452KB) LOS objects, 7% free, 186MB/202MB, paused 3.440ms total 84.083ms
08-05 15:32:08.105 12513 15624 I NAPPA_EXPERIMENTATION: MetricNetworkRequestExecutionTime: REQUEST_DURATION_SYSTEM='826',REQUEST_DURATION_OKHTTP='42',REQUEST_SYNCHRONOUS='FALSE',RESPONSE_CODE='200',RESPONSE_METHOD='GET',RESPONSE_LENGTH_OKHTTP='36',RESPONSE_LENGTH_HEADER='36',REQUEST_PROTOCOL='http/1.1',REQUEST_URL='https://project-travel-mate.herokuapp.com/api/number-of-unread-notifications',
08-05 15:32:08.124 12513 12525 I art     : Starting a blocking GC Explicit
08-05 15:32:08.212 12513 12525 I art     : Explicit concurrent mark sweep GC freed 2132(174KB) AllocSpace objects, 0(0B) LOS objects, 7% free, 186MB/202MB, paused 2.594ms total 87.303ms
08-05 15:32:08.246 12513 12525 I art     : Starting a blocking GC Explicit
08-05 15:32:08.327 12513 12525 I art     : Explicit concurrent mark sweep GC freed 541(16KB) AllocSpace objects, 0(0B) LOS objects, 7% free, 186MB/202MB, paused 2.332ms total 81.148ms
08-05 15:32:08.356 12513 12525 I art     : Starting a blocking GC Explicit
08-05 15:32:08.436 11851 11851 I ServiceManager: Waiting for service AtCmdFwd...
08-05 15:32:08.442 12513 12525 I art     : Explicit concurrent mark sweep GC freed 189(3KB) AllocSpace objects, 0(0B) LOS objects, 7% free, 186MB/202MB, paused 2.495ms total 85.656ms
08-05 15:32:08.910 12513 12792 I art     : Starting a blocking GC Explicit
08-05 15:32:08.920   518   646 I ThermalEngine: ACTION: GPU - Setting GPU[0] to 450000000
08-05 15:32:08.984 12513 12792 I art     : Explicit concurrent mark sweep GC freed 2403(106KB) AllocSpace objects, 2(64KB) LOS objects, 7% free, 186MB/202MB, paused 1.478ms total 73.517ms
08-05 15:32:09.004 12513 12792 I art     : Starting a blocking GC Explicit
08-05 15:32:09.074 12513 12792 I art     : Explicit concurrent mark sweep GC freed 161(3KB) AllocSpace objects, 0(0B) LOS objects, 7% free, 186MB/202MB, paused 1.521ms total 69.240ms
08-05 15:32:09.095 12513 12792 I art     : Starting a blocking GC Explicit
08-05 15:32:09.165 12513 12792 I art     : Explicit concurrent mark sweep GC freed 152(2752B) AllocSpace objects, 0(0B) LOS objects, 7% free, 186MB/202MB, paused 1.574ms total 69.352ms
08-05 15:32:09.186 12513 12792 I art     : Starting a blocking GC Explicit
08-05 15:32:09.257 12513 12792 I art     : Explicit concurrent mark sweep GC freed 123(2096B) AllocSpace objects, 0(0B) LOS objects, 7% free, 186MB/202MB, paused 1.585ms total 71.105ms
08-05 15:32:09.278 12513 12792 I art     : Starting a blocking GC Explicit
08-05 15:32:09.352 12513 12792 I art     : Explicit concurrent mark sweep GC freed 147(2496B) AllocSpace objects, 0(0B) LOS objects, 7% free, 186MB/202MB, paused 1.574ms total 73.436ms
08-05 15:32:09.352 12513 12523 I art     : WaitForGcToComplete blocked for 11.915ms for cause HeapTrim
08-05 15:32:09.437 11851 11851 W Atfwd_Sendcmd: AtCmdFwd service not published, waiting... retryCnt : 3
08-05 15:32:09.759 12513 12531 I art     : Starting a blocking GC Explicit
08-05 15:32:09.833 12513 12531 I art     : Explicit concurrent mark sweep GC freed 2331(105KB) AllocSpace objects, 2(64KB) LOS objects, 7% free, 186MB/202MB, paused 1.626ms total 73.332ms
08-05 15:32:09.853 12513 12531 I art     : Starting a blocking GC Explicit
08-05 15:32:09.924 12513 12531 I art     : Explicit concurrent mark sweep GC freed 159(3KB) AllocSpace objects, 0(0B) LOS objects, 7% free, 186MB/202MB, paused 1.614ms total 69.966ms
08-05 15:32:09.945 12513 12531 I art     : Starting a blocking GC Explicit
08-05 15:32:10.015 12513 12531 I art     : Explicit concurrent mark sweep GC freed 147(2496B) AllocSpace objects, 0(0B) LOS objects, 7% free, 186MB/202MB, paused 1.560ms total 69.678ms
08-05 15:32:10.036 12513 12531 I art     : Starting a blocking GC Explicit
08-05 15:32:10.098 15656 15656 D AndroidRuntime: >>>>>> START com.android.internal.os.RuntimeInit uid 2000 <<<<<<
08-05 15:32:10.104 15656 15656 D AndroidRuntime: CheckJNI is OFF
08-05 15:32:10.107 12513 12531 I art     : Explicit concurrent mark sweep GC freed 123(2096B) AllocSpace objects, 0(0B) LOS objects, 7% free, 186MB/202MB, paused 1.618ms total 70.281ms
08-05 15:32:10.128 12513 12531 I art     : Starting a blocking GC Explicit
08-05 15:32:10.151 15656 15656 D ICU     : No timezone override file found: /data/misc/zoneinfo/current/icu/icu_tzdata.dat
08-05 15:32:10.201 12513 12531 I art     : Explicit concurrent mark sweep GC freed 146(2464B) AllocSpace objects, 0(0B) LOS objects, 7% free, 186MB/202MB, paused 1.685ms total 73.006ms
08-05 15:32:10.210 15656 15656 I Radio-JNI: register_android_hardware_Radio DONE
08-05 15:32:10.239 15656 15656 D AndroidRuntime: Calling main entry com.android.commands.am.Am
08-05 15:32:10.260 16924 16924 I Trepn   : Trepn 6.2s: Received intent: com.quicinc.trepn.stop_profiling
08-05 15:32:10.304 16924 16924 I Trepn   : Trepn 6.2s: Trepn has Stopped Profiling.
08-05 15:32:10.482 15656 15656 D AndroidRuntime: Shutting down VM
08-05 15:32:10.487   918   928 W AppOps  : Finishing op nesting under-run: uid 10078 pkg com.quicinc.trepn code 24 time=0 duration=0 nesting=0
08-05 15:32:10.616 12513 12525 I art     : Starting a blocking GC Explicit
08-05 15:32:10.695 12513 12525 I art     : Explicit concurrent mark sweep GC freed 2340(105KB) AllocSpace objects, 2(64KB) LOS objects, 7% free, 186MB/202MB, paused 1.755ms total 78.500ms
08-05 15:32:10.720 12513 12525 I art     : Starting a blocking GC Explicit
08-05 15:32:10.788 12513 12525 I art     : Explicit concurrent mark sweep GC freed 175(3KB) AllocSpace objects, 0(0B) LOS objects, 7% free, 186MB/202MB, paused 1.537ms total 67.966ms
08-05 15:32:10.809 12513 12525 I art     : Starting a blocking GC Explicit
08-05 15:32:10.872 12513 12525 I art     : Explicit concurrent mark sweep GC freed 123(2096B) AllocSpace objects, 0(0B) LOS objects, 7% free, 186MB/202MB, paused 1.565ms total 63.502ms
08-05 15:32:10.893 12513 12525 I art     : Starting a blocking GC Explicit
08-05 15:32:10.959 12513 12525 I art     : Explicit concurrent mark sweep GC freed 132(2240B) AllocSpace objects, 0(0B) LOS objects, 7% free, 186MB/202MB, paused 1.477ms total 65.790ms
08-05 15:32:10.979 12513 12525 I art     : Starting a blocking GC Explicit
08-05 15:32:11.045 12513 12525 I art     : Explicit concurrent mark sweep GC freed 139(2384B) AllocSpace objects, 0(0B) LOS objects, 7% free, 186MB/202MB, paused 1.635ms total 65.086ms
