08-05 21:00:14.371  4787  4801 I art     : Explicit concurrent mark sweep GC freed 99(1696B) AllocSpace objects, 0(0B) LOS objects, 10% free, 136MB/152MB, paused 1.047ms total 52.352ms
08-05 21:00:14.389  4787  4801 I art     : Starting a blocking GC Explicit
08-05 21:00:14.438  4787  4801 I art     : Explicit concurrent mark sweep GC freed 99(1696B) AllocSpace objects, 0(0B) LOS objects, 10% free, 136MB/152MB, paused 1.173ms total 48.237ms
08-05 21:00:14.455  4787  4801 I art     : Starting a blocking GC Explicit
08-05 21:00:14.501  4787  4801 I art     : Explicit concurrent mark sweep GC freed 99(1696B) AllocSpace objects, 0(0B) LOS objects, 10% free, 136MB/152MB, paused 1.097ms total 45.803ms
08-05 21:00:14.906  4787  4806 I art     : Starting a blocking GC Explicit
08-05 21:00:14.924  6543  6543 D AndroidRuntime: >>>>>> START com.android.internal.os.RuntimeInit uid 2000 <<<<<<
08-05 21:00:14.930  6543  6543 D AndroidRuntime: CheckJNI is OFF
08-05 21:00:14.960  4787  4806 I art     : Explicit concurrent mark sweep GC freed 2321(106KB) AllocSpace objects, 2(36KB) LOS objects, 10% free, 136MB/152MB, paused 1.255ms total 53.398ms
08-05 21:00:14.978  4787  4806 I art     : Starting a blocking GC Explicit
08-05 21:00:14.979  6543  6543 D ICU     : No timezone override file found: /data/misc/zoneinfo/current/icu/icu_tzdata.dat
08-05 21:00:15.026  4787  4806 I art     : Explicit concurrent mark sweep GC freed 126(2704B) AllocSpace objects, 0(0B) LOS objects, 10% free, 136MB/152MB, paused 1.208ms total 47.721ms
08-05 21:00:15.030  6543  6543 I Radio-JNI: register_android_hardware_Radio DONE
08-05 21:00:15.044  4787  4806 I art     : Starting a blocking GC Explicit
08-05 21:00:15.060  6543  6543 D AndroidRuntime: Calling main entry com.android.commands.input.Input
08-05 21:00:15.063  6543  6543 I Input   : injectKeyEvent: KeyEvent { action=ACTION_DOWN, keyCode=KEYCODE_BACK, scanCode=0, metaState=0, flags=0x0, repeatCount=0, eventTime=824431475, downTime=824431475, deviceId=-1, source=0x101 }
08-05 21:00:15.069  6543  6543 I Input   : injectKeyEvent: KeyEvent { action=ACTION_UP, keyCode=KEYCODE_BACK, scanCode=0, metaState=0, flags=0x0, repeatCount=0, eventTime=824431475, downTime=824431475, deviceId=-1, source=0x101 }
08-05 21:00:15.074  6543  6543 D AndroidRuntime: Shutting down VM
08-05 21:00:15.090  4787  4806 I art     : Explicit concurrent mark sweep GC freed 194(5KB) AllocSpace objects, 0(0B) LOS objects, 10% free, 136MB/152MB, paused 1.245ms total 46.507ms
08-05 21:00:15.091  4787  4787 V MainActivity: url = https://project-travel-mate.herokuapp.com/api/number-of-unread-notifications
08-05 21:00:15.108  4787  4806 I art     : Starting a blocking GC Explicit
08-05 21:00:15.123 13866 13866 I GoogleInputMethodServic: GoogleInputMethodService.onFinishInput():3138 
08-05 21:00:15.123 13866 13866 I GoogleInputMethodServic: GoogleInputMethodService.onStartInput():1808 
08-05 21:00:15.151  4787  4806 I art     : Explicit concurrent mark sweep GC freed 307(11KB) AllocSpace objects, 0(0B) LOS objects, 10% free, 136MB/152MB, paused 1.320ms total 42.347ms
08-05 21:00:15.171  4787  4806 I art     : Starting a blocking GC Explicit
08-05 21:00:15.216  4787  4806 I art     : Explicit concurrent mark sweep GC freed 144(7KB) AllocSpace objects, 0(0B) LOS objects, 10% free, 136MB/152MB, paused 1.351ms total 44.307ms
08-05 21:00:15.373 13866 13882 I PeriodicStatsRunner: PeriodicStatsRunner.call():175 call()
08-05 21:00:15.373 13866 13882 I PeriodicStatsRunner: PeriodicStatsRunner.call():179 No submit PeriodicStats since input started.
08-05 21:00:15.455   380   380 W SurfaceFlinger: couldn't log to binary event log: overflow.
08-05 21:00:15.595  4787  4800 I art     : Starting a blocking GC Explicit
08-05 21:00:15.655  4787  4800 I art     : Explicit concurrent mark sweep GC freed 2058(103KB) AllocSpace objects, 3(224KB) LOS objects, 10% free, 136MB/152MB, paused 1.233ms total 59.605ms
08-05 21:00:15.679  4787  4800 I art     : Starting a blocking GC Explicit
08-05 21:00:15.726  4787  4800 I art     : Explicit concurrent mark sweep GC freed 6657(361KB) AllocSpace objects, 13(264KB) LOS objects, 10% free, 135MB/151MB, paused 1.184ms total 46.656ms
08-05 21:00:15.743  4787  4800 I art     : Starting a blocking GC Explicit
08-05 21:00:15.789  4787  4800 I art     : Explicit concurrent mark sweep GC freed 17(496B) AllocSpace objects, 0(0B) LOS objects, 10% free, 135MB/151MB, paused 1.277ms total 45.982ms
08-05 21:00:15.807  4787  4800 I art     : Starting a blocking GC Explicit
08-05 21:00:15.853  4787  4800 I art     : Explicit concurrent mark sweep GC freed 23(640B) AllocSpace objects, 0(0B) LOS objects, 10% free, 135MB/151MB, paused 1.168ms total 46.466ms
08-05 21:00:15.853  4787  4799 I art     : WaitForGcToComplete blocked for 9.897ms for cause HeapTrim
08-05 21:00:15.871  4787  4800 I art     : Starting a blocking GC Explicit
08-05 21:00:15.924  4787  4800 I art     : Explicit concurrent mark sweep GC freed 2407(125KB) AllocSpace objects, 3(200KB) LOS objects, 10% free, 135MB/151MB, paused 1.682ms total 53.146ms
08-05 21:00:15.972  4787  6566 I NAPPA_EXPERIMENTATION: MetricNetworkRequestExecutionTime: REQUEST_DURATION_SYSTEM='879',REQUEST_DURATION_OKHTTP='40',REQUEST_SYNCHRONOUS='FALSE',RESPONSE_CODE='200',RESPONSE_METHOD='GET',RESPONSE_LENGTH_OKHTTP='36',RESPONSE_LENGTH_HEADER='36',REQUEST_PROTOCOL='http/1.1',REQUEST_URL='https://project-travel-mate.herokuapp.com/api/number-of-unread-notifications',
08-05 21:00:16.332  4787  5061 I art     : Starting a blocking GC Explicit
08-05 21:00:16.380  4787  5061 I art     : Explicit concurrent mark sweep GC freed 2929(231KB) AllocSpace objects, 2(36KB) LOS objects, 10% free, 135MB/151MB, paused 1.266ms total 47.517ms
08-05 21:00:16.397  4787  5061 I art     : Starting a blocking GC Explicit
08-05 21:00:16.443  4787  5061 I art     : Explicit concurrent mark sweep GC freed 50(2016B) AllocSpace objects, 0(0B) LOS objects, 10% free, 135MB/151MB, paused 1.145ms total 45.203ms
08-05 21:00:16.460  4787  5061 I art     : Starting a blocking GC Explicit
08-05 21:00:16.505  4787  5061 I art     : Explicit concurrent mark sweep GC freed 15(752B) AllocSpace objects, 0(0B) LOS objects, 10% free, 135MB/151MB, paused 1.133ms total 44.447ms
08-05 21:00:16.523  4787  5061 I art     : Starting a blocking GC Explicit
08-05 21:00:16.568  4787  5061 I art     : Explicit concurrent mark sweep GC freed 13(640B) AllocSpace objects, 0(0B) LOS objects, 10% free, 135MB/151MB, paused 1.172ms total 44.970ms
08-05 21:00:16.585  4787  5061 I art     : Starting a blocking GC Explicit
08-05 21:00:16.631  4787  5061 I art     : Explicit concurrent mark sweep GC freed 3(96B) AllocSpace objects, 0(0B) LOS objects, 10% free, 135MB/151MB, paused 1.204ms total 45.312ms
08-05 21:00:16.872  6588  6588 D AndroidRuntime: >>>>>> START com.android.internal.os.RuntimeInit uid 2000 <<<<<<
08-05 21:00:16.878  6588  6588 D AndroidRuntime: CheckJNI is OFF
08-05 21:00:16.915  6588  6588 D ICU     : No timezone override file found: /data/misc/zoneinfo/current/icu/icu_tzdata.dat
08-05 21:00:16.953  6588  6588 I Radio-JNI: register_android_hardware_Radio DONE
08-05 21:00:16.980  6588  6588 D AndroidRuntime: Calling main entry com.android.commands.input.Input
08-05 21:00:16.983  6588  6588 I Input   : injectMotionEvent: MotionEvent { action=ACTION_DOWN, actionButton=0, id[0]=0, x[0]=657.0, y[0]=2080.0, toolType[0]=TOOL_TYPE_UNKNOWN, buttonState=0, metaState=0, flags=0x0, edgeFlags=0x0, pointerCount=1, historySize=0, eventTime=824433396, downTime=824433396, deviceId=0, source=0x1002 }
08-05 21:00:17.005  6588  6588 I Input   : injectMotionEvent: MotionEvent { action=ACTION_UP, actionButton=0, id[0]=0, x[0]=657.0, y[0]=2080.0, toolType[0]=TOOL_TYPE_UNKNOWN, buttonState=0, metaState=0, flags=0x0, edgeFlags=0x0, pointerCount=1, historySize=0, eventTime=824433396, downTime=824433396, deviceId=0, source=0x1002 }
08-05 21:00:17.021  4787  5061 I art     : Starting a blocking GC Explicit
08-05 21:00:17.050  6588  6588 D AndroidRuntime: Shutting down VM
08-05 21:00:17.051   918  5952 I ActivityManager: START u0 {cmp=baseline.io.github.project_travel_mate/.utilities.UpcomingWeekendsActivity} from uid 10674 on display 0
08-05 21:00:17.052   512  2967 D audio_hw_primary: out_set_parameters: enter: usecase(1: low-latency-playback) kvpairs: routing=2
08-05 21:00:17.062  4787  5061 I art     : Explicit concurrent mark sweep GC freed 1686(96KB) AllocSpace objects, 2(36KB) LOS objects, 10% free, 135MB/151MB, paused 1.141ms total 40.874ms
08-05 21:00:17.065   512  2967 D audio_hw_primary: select_devices: out_snd_device(2: speaker) in_snd_device(0: none)
08-05 21:00:17.065   512  2967 D msm8974_platform: platform_send_audio_calibration: sending audio calibration for snd_device(2) acdb_id(15)
08-05 21:00:17.066   512  2967 I soundtrigger: audio_extn_sound_trigger_update_device_status: device 0x2 of type 0 for Event 1
08-05 21:00:17.076   512  2967 D audio_hw_primary: enable_snd_device: snd_device(2: speaker)
08-05 21:00:17.079   512  2967 D audio_hw_primary: enable_audio_route: apply and update mixer path: low-latency-playback speaker
08-05 21:00:17.080  4787  5061 I art     : Starting a blocking GC Explicit
08-05 21:00:17.085  4787  4853 D Gabe    : call	returning from cache
08-05 21:00:17.088  4787  4787 V EXECUTING: https://project-travel-mate.herokuapp.com/api/get-upcoming-holidays/2020
08-05 21:00:17.091  4787  4787 V EXECUTING: https://project-travel-mate.herokuapp.com/api/get-upcoming-holidays/2020
08-05 21:00:17.121  4787  5061 I art     : Explicit concurrent mark sweep GC freed 785(57KB) AllocSpace objects, 0(0B) LOS objects, 10% free, 135MB/151MB, paused 1.480ms total 40.891ms
08-05 21:00:17.140  4787  5061 I art     : Starting a blocking GC Explicit
08-05 21:00:17.178 32448 32448 I ServiceManager: Waiting for service AtCmdFwd...
08-05 21:00:17.181  4787  5061 I art     : Explicit concurrent mark sweep GC freed 631(36KB) AllocSpace objects, 0(0B) LOS objects, 10% free, 135MB/151MB, paused 1.225ms total 40.109ms
08-05 21:00:17.189 13866 13866 I GoogleInputMethodServic: GoogleInputMethodService.onFinishInput():3138 
08-05 21:00:17.190 13866 13866 I GoogleInputMethodServic: GoogleInputMethodService.onStartInput():1808 
08-05 21:00:17.198  4787  5061 I art     : Starting a blocking GC Explicit
08-05 21:00:17.242  4787  5061 I art     : Explicit concurrent mark sweep GC freed 471(13KB) AllocSpace objects, 0(0B) LOS objects, 10% free, 140MB/156MB, paused 1.679ms total 44.082ms
08-05 21:00:17.259  4787  5061 I art     : Starting a blocking GC Explicit
08-05 21:00:17.287   918   936 I ActivityManager: Displayed baseline.io.github.project_travel_mate/.utilities.UpcomingWeekendsActivity: +226ms
08-05 21:00:17.300  4787  5061 I art     : Explicit concurrent mark sweep GC freed 96(2224B) AllocSpace objects, 0(0B) LOS objects, 10% free, 140MB/156MB, paused 1.355ms total 41.124ms
08-05 21:00:17.541   380   380 W SurfaceFlinger: couldn't log to binary event log: overflow.
08-05 21:00:17.616  4787  6613 I NAPPA_EXPERIMENTATION: MetricNetworkRequestExecutionTime: REQUEST_DURATION_SYSTEM='524',REQUEST_DURATION_OKHTTP='51',REQUEST_SYNCHRONOUS='FALSE',RESPONSE_CODE='200',RESPONSE_METHOD='GET',RESPONSE_LENGTH_OKHTTP='6426',RESPONSE_LENGTH_HEADER='6426',REQUEST_PROTOCOL='http/1.1',REQUEST_URL='https://project-travel-mate.herokuapp.com/api/get-upcoming-holidays/2020',
08-05 21:00:17.617  4787  4787 V Response: [{"month":"January","date":1,"day":"Wednesday","name":"New Year's Day","type":"Restricted"},{"month":"January","date":2,"day":"Thursday","name":"Guru Govind Singh Jayanti","type":"Restricted"},{"month":"January","date":14,"day":"Tuesday","name":"Lohri","type":"Restricted"},{"month":"January","date":15,"day":"Wednesday","name":"Pongal","type":"Restricted"},{"month":"January","date":15,"day":"Wednesday","name":"Makar Sankranti","type":"Restricted"},{"month":"January","date":25,"day":"Saturday","name":"Chinese New Year","type":"Observance"},{"month":"January","date":26,"day":"Sunday","name":"Republic Day","type":"Gazetted"},{"month":"January","date":30,"day":"Thursday","name":"Vasant Panchami","type":"Restricted"},{"month":"February","date":9,"day":"Sunday","name":"Guru Ravidas Jayanti","type":"Restricted"},{"month":"February","date":14,"day":"Friday","name":"Valentine's Day","type":"Observance"},{"month":"February","date":18,"day":"Tuesday","name":"Maharishi Dayanand Saraswati Jayanti","type":"Restricted"},{"month":"February","date":19,"day":"Wednesday","name":"Shivaji Jayanti","type":"Restricted"},{"month":"February","date":21,"day":"Friday","name":"Maha Shivaratri/Shivaratri","type":"Gazetted"},{"month":"March","date":9,"day":"Monday","name":"Holika Dahana","type":"Restricted"},{"month":"March","date":9,"day":"Monday","name":"Hazarat Ali's Birthday","type":"Restricted"},{"month":"March","date":10,"day":"Tuesday","name":"Holi","type":"Gazetted"},{"month":"March","date":20,"day":"Friday","name":"March Equinox","type":"Season"},{"month":"March","date":25,"day":"Wednesday","name":"Chaitra Sukhladi","type":"Restricted"},{"month":"April","date":2,"day":"Thursday","name":"Rama Navami","type":"Gazetted"},{"month":"April","date":6,"day":"Monday","name":"Mahavir Jayanti","type":"Gazetted"},{"month":"April","date":9,"day":"Thursday","name":"First day of Passover","type":"Observance"},{"month":"April","date":9,"day":"Thursday","name":"Maundy Thursday","type":"Observance,"},{"month":"April","date":10,"day":"Friday","name":"Good Friday","type":"Gazetted"},{"month":"April","date":12,"day":"Sunday","name":"Easter Day","type":"Restricted"},{"month":"April","date":13,"day":"Monday","name":"Vaisakhi","type":"Restricted"},{"month":"April","date":14,"day":"Tuesday","name":"Mesadi/Vaisakhadi","type":"Restricted"},{"month":"April","date":14,"day":"Tuesday","name":"Ambedkar Jayanti","type":"Central"},{"month":"May","date":1,"day":"Friday","name":"May Day","type":"Observance"},{"month":"May","date":7,"day":"Thursday","name":"Buddha Purnima/Vesak","type":"Gazetted"},{"month":"May","date":7,"day":"Thursday","name":"Birthday of Ravindranath","type":"Restricted"},{"month":"May","date":10,"day":"Sunday","name":"Mother's Day","type":"Observance"},{"month":"May","date":22,"day":"Friday","name":"Jamat Ul-Vida","type":"Restricted"},{"month":"May","date":25,"day":"Monday","name":"Ramzan Id/Eid-ul-Fitar","type":"Gazetted"},{"month":"May","date":25,"day":"Monday","name":"Ramzan Id/Eid-ul-Fitar","type":"Muslim,"},{"month":"June","date":21,"day":"Sunday","name":"June Solstice","type":"Season"},{"month":"June","date":21,"day":"Sunday","name":"Father's Day","type":"Observance"},{"month":"June","date":23,"day":"Tuesday","name":"Rath Yatra","type":"Restricted"},{"month":"July","date":5,"day":"Sunday","name":"Guru Purnima","type":"Observance"},{"month":"July","date":31,"day":"Friday","name":"Bakr Id/Eid ul-Adha","type":"Gazetted"},{"month":"August","date":2,"day":"Sunday","name":"Friendship Day","type":"Observance"},{"month":"August","date":3,"day":"Monday","name":"Raksha Bandhan (Rakhi)","type":"Restricted"},{"month":"August","date":11,"day":"Tuesday","name":"Janmashtami (Smarta)","type":"Restricted"},{"month":"August","date":12,"day":"Wednesday","name":"Janmashtami","type":"Gazetted"},{"month":"August","date":15,"day":"Saturday","name":"Independence Day","type":"Gazetted"},{"month":"August","date":16,"day":"Sunday","name":"Parsi New Year","type":"Restricted"},{"month":"August","date":22,"day":"Saturday","name":"Ganesh Chaturthi/Vin
08-05 21:00:17.619   512  2967 D audio_hw_primary: disable_audio_route: reset and update mixer path: low-latency-playback speaker
08-05 21:00:17.619   512  2967 D audio_hw_primary: disable_snd_device: snd_device(2: speaker)
08-05 21:00:17.627   512  2967 I soundtrigger: audio_extn_sound_trigger_update_device_status: device 0x2 of type 0 for Event 0
08-05 21:00:17.650  4787  6612 I NAPPA_EXPERIMENTATION: MetricNetworkRequestExecutionTime: REQUEST_DURATION_SYSTEM='561',REQUEST_DURATION_OKHTTP='76',REQUEST_SYNCHRONOUS='FALSE',RESPONSE_CODE='200',RESPONSE_METHOD='GET',RESPONSE_LENGTH_OKHTTP='6426',RESPONSE_LENGTH_HEADER='6426',REQUEST_PROTOCOL='http/1.1',REQUEST_URL='https://project-travel-mate.herokuapp.com/api/get-upcoming-holidays/2020',
08-05 21:00:17.683  4787  4787 V Response: [{"month":"January","date":1,"day":"Wednesday","name":"New Year's Day","type":"Restricted"},{"month":"January","date":2,"day":"Thursday","name":"Guru Govind Singh Jayanti","type":"Restricted"},{"month":"January","date":14,"day":"Tuesday","name":"Lohri","type":"Restricted"},{"month":"January","date":15,"day":"Wednesday","name":"Pongal","type":"Restricted"},{"month":"January","date":15,"day":"Wednesday","name":"Makar Sankranti","type":"Restricted"},{"month":"January","date":25,"day":"Saturday","name":"Chinese New Year","type":"Observance"},{"month":"January","date":26,"day":"Sunday","name":"Republic Day","type":"Gazetted"},{"month":"January","date":30,"day":"Thursday","name":"Vasant Panchami","type":"Restricted"},{"month":"February","date":9,"day":"Sunday","name":"Guru Ravidas Jayanti","type":"Restricted"},{"month":"February","date":14,"day":"Friday","name":"Valentine's Day","type":"Observance"},{"month":"February","date":18,"day":"Tuesday","name":"Maharishi Dayanand Saraswati Jayanti","type":"Restricted"},{"month":"February","date":19,"day":"Wednesday","name":"Shivaji Jayanti","type":"Restricted"},{"month":"February","date":21,"day":"Friday","name":"Maha Shivaratri/Shivaratri","type":"Gazetted"},{"month":"March","date":9,"day":"Monday","name":"Holika Dahana","type":"Restricted"},{"month":"March","date":9,"day":"Monday","name":"Hazarat Ali's Birthday","type":"Restricted"},{"month":"March","date":10,"day":"Tuesday","name":"Holi","type":"Gazetted"},{"month":"March","date":20,"day":"Friday","name":"March Equinox","type":"Season"},{"month":"March","date":25,"day":"Wednesday","name":"Chaitra Sukhladi","type":"Restricted"},{"month":"April","date":2,"day":"Thursday","name":"Rama Navami","type":"Gazetted"},{"month":"April","date":6,"day":"Monday","name":"Mahavir Jayanti","type":"Gazetted"},{"month":"April","date":9,"day":"Thursday","name":"First day of Passover","type":"Observance"},{"month":"April","date":9,"day":"Thursday","name":"Maundy Thursday","type":"Observance,"},{"month":"April","date":10,"day":"Friday","name":"Good Friday","type":"Gazetted"},{"month":"April","date":12,"day":"Sunday","name":"Easter Day","type":"Restricted"},{"month":"April","date":13,"day":"Monday","name":"Vaisakhi","type":"Restricted"},{"month":"April","date":14,"day":"Tuesday","name":"Mesadi/Vaisakhadi","type":"Restricted"},{"month":"April","date":14,"day":"Tuesday","name":"Ambedkar Jayanti","type":"Central"},{"month":"May","date":1,"day":"Friday","name":"May Day","type":"Observance"},{"month":"May","date":7,"day":"Thursday","name":"Buddha Purnima/Vesak","type":"Gazetted"},{"month":"May","date":7,"day":"Thursday","name":"Birthday of Ravindranath","type":"Restricted"},{"month":"May","date":10,"day":"Sunday","name":"Mother's Day","type":"Observance"},{"month":"May","date":22,"day":"Friday","name":"Jamat Ul-Vida","type":"Restricted"},{"month":"May","date":25,"day":"Monday","name":"Ramzan Id/Eid-ul-Fitar","type":"Gazetted"},{"month":"May","date":25,"day":"Monday","name":"Ramzan Id/Eid-ul-Fitar","type":"Muslim,"},{"month":"June","date":21,"day":"Sunday","name":"June Solstice","type":"Season"},{"month":"June","date":21,"day":"Sunday","name":"Father's Day","type":"Observance"},{"month":"June","date":23,"day":"Tuesday","name":"Rath Yatra","type":"Restricted"},{"month":"July","date":5,"day":"Sunday","name":"Guru Purnima","type":"Observance"},{"month":"July","date":31,"day":"Friday","name":"Bakr Id/Eid ul-Adha","type":"Gazetted"},{"month":"August","date":2,"day":"Sunday","name":"Friendship Day","type":"Observance"},{"month":"August","date":3,"day":"Monday","name":"Raksha Bandhan (Rakhi)","type":"Restricted"},{"month":"August","date":11,"day":"Tuesday","name":"Janmashtami (Smarta)","type":"Restricted"},{"month":"August","date":12,"day":"Wednesday","name":"Janmashtami","type":"Gazetted"},{"month":"August","date":15,"day":"Saturday","name":"Independence Day","type":"Gazetted"},{"month":"August","date":16,"day":"Sunday","name":"Parsi New Year","type":"Restricted"},{"month":"August","date":22,"day":"Saturday","name":"Ganesh Chaturthi/Vin
08-05 21:00:17.685  4787  4800 I art     : Starting a blocking GC Explicit
08-05 21:00:17.743  4787  4800 I art     : Explicit concurrent mark sweep GC freed 19395(823KB) AllocSpace objects, 11(484KB) LOS objects, 10% free, 141MB/157MB, paused 1.649ms total 58.264ms
08-05 21:00:17.762  4787  4800 I art     : Starting a blocking GC Explicit
08-05 21:00:17.809  4787  4800 I art     : Explicit concurrent mark sweep GC freed 4792(366KB) AllocSpace objects, 1(4MB) LOS objects, 10% free, 136MB/152MB, paused 1.316ms total 47.146ms
08-05 21:00:17.827  4787  4800 I art     : Starting a blocking GC Explicit
08-05 21:00:17.877  4787  4800 I art     : Explicit concurrent mark sweep GC freed 127(2256B) AllocSpace objects, 0(0B) LOS objects, 10% free, 136MB/152MB, paused 1.446ms total 50.296ms
08-05 21:00:17.896  4787  4800 I art     : Starting a blocking GC Explicit
08-05 21:00:17.947  4787  4800 I art     : Explicit concurrent mark sweep GC freed 99(1696B) AllocSpace objects, 0(0B) LOS objects, 10% free, 136MB/152MB, paused 1.224ms total 51.209ms
08-05 21:00:17.969  4787  4800 I art     : Starting a blocking GC Explicit
08-05 21:00:18.017  4787  4800 I art     : Explicit concurrent mark sweep GC freed 99(1696B) AllocSpace objects, 0(0B) LOS objects, 10% free, 136MB/152MB, paused 1.279ms total 47.730ms
08-05 21:00:18.179 32448 32448 I ServiceManager: Waiting for service AtCmdFwd...
08-05 21:00:18.418  4787  5061 I art     : Starting a blocking GC Explicit
08-05 21:00:18.470  4787  5061 I art     : Explicit concurrent mark sweep GC freed 2267(105KB) AllocSpace objects, 2(36KB) LOS objects, 10% free, 136MB/152MB, paused 1.254ms total 51.320ms
08-05 21:00:18.488  4787  5061 I art     : Starting a blocking GC Explicit
08-05 21:00:18.538  4787  5061 I art     : Explicit concurrent mark sweep GC freed 130(2832B) AllocSpace objects, 0(0B) LOS objects, 10% free, 136MB/152MB, paused 1.254ms total 49.937ms
08-05 21:00:18.556  4787  5061 I art     : Starting a blocking GC Explicit
08-05 21:00:18.608  4787  5061 I art     : Explicit concurrent mark sweep GC freed 108(2176B) AllocSpace objects, 0(0B) LOS objects, 10% free, 136MB/152MB, paused 1.373ms total 51.146ms
08-05 21:00:18.629  4787  5061 I art     : Starting a blocking GC Explicit
08-05 21:00:18.678  4787  5061 I art     : Explicit concurrent mark sweep GC freed 120(2240B) AllocSpace objects, 0(0B) LOS objects, 10% free, 136MB/152MB, paused 1.382ms total 48.402ms
08-05 21:00:18.696  4787  5061 I art     : Starting a blocking GC Explicit
08-05 21:00:18.749  4787  5061 I art     : Explicit concurrent mark sweep GC freed 115(1952B) AllocSpace objects, 0(0B) LOS objects, 10% free, 136MB/152MB, paused 1.220ms total 52.255ms
08-05 21:00:19.176  4787  4801 I art     : Starting a blocking GC Explicit
08-05 21:00:19.179 32448 32448 I ServiceManager: Waiting for service AtCmdFwd...
08-05 21:00:19.268  4787  4801 I art     : Explicit concurrent mark sweep GC freed 2407(107KB) AllocSpace objects, 2(36KB) LOS objects, 10% free, 136MB/152MB, paused 1.637ms total 91.699ms
08-05 21:00:19.289  4787  4801 I art     : Starting a blocking GC Explicit
08-05 21:00:19.339  4787  4801 I art     : Explicit concurrent mark sweep GC freed 141(3KB) AllocSpace objects, 0(0B) LOS objects, 10% free, 136MB/152MB, paused 1.209ms total 50.166ms
08-05 21:00:19.358  4787  4801 I art     : Starting a blocking GC Explicit
08-05 21:00:19.411  4787  4801 I art     : Explicit concurrent mark sweep GC freed 99(1696B) AllocSpace objects, 0(0B) LOS objects, 10% free, 136MB/152MB, paused 1.222ms total 53.022ms
08-05 21:00:19.429  4787  4801 I art     : Starting a blocking GC Explicit
08-05 21:00:19.484  4787  4801 I art     : Explicit concurrent mark sweep GC freed 133(2688B) AllocSpace objects, 0(0B) LOS objects, 10% free, 136MB/152MB, paused 1.250ms total 54.440ms
08-05 21:00:19.503  4787  4801 I art     : Starting a blocking GC Explicit
08-05 21:00:19.557  4787  4801 I art     : Explicit concurrent mark sweep GC freed 111(2304B) AllocSpace objects, 0(0B) LOS objects, 10% free, 136MB/152MB, paused 1.230ms total 53.765ms
08-05 21:00:19.559 15866 15897 I Finsky  : [6071] ktr.run(-1): Stats for Executor: BlockingExecutor kvs@43d8fc2[Running, pool size = 0, active threads = 0, queued tasks = 0, completed tasks = 68]
08-05 21:00:19.563 15866 15897 I Finsky  : [6071] ktr.run(-1): Stats for Executor: LightweightExecutor kvs@20f81d3[Running, pool size = 4, active threads = 0, queued tasks = 0, completed tasks = 77]
08-05 21:00:19.974  4787  4806 I art     : Starting a blocking GC Explicit
08-05 21:00:20.028  4787  4806 I art     : Explicit concurrent mark sweep GC freed 2344(107KB) AllocSpace objects, 2(36KB) LOS objects, 10% free, 136MB/152MB, paused 1.244ms total 53.351ms
08-05 21:00:20.047  4787  4806 I art     : Starting a blocking GC Explicit
08-05 21:00:20.101  4787  4806 I art     : Explicit concurrent mark sweep GC freed 159(3KB) AllocSpace objects, 0(0B) LOS objects, 10% free, 136MB/152MB, paused 1.255ms total 54.208ms
08-05 21:00:20.120  4787  4806 I art     : Starting a blocking GC Explicit
08-05 21:00:20.123 13866 13882 I PeriodicStatsRunner: PeriodicStatsRunner.call():175 call()
08-05 21:00:20.124 13866 13882 I PeriodicStatsRunner: PeriodicStatsRunner.call():179 No submit PeriodicStats since input started.
08-05 21:00:20.171  4787  4806 I art     : Explicit concurrent mark sweep GC freed 100(1728B) AllocSpace objects, 0(0B) LOS objects, 10% free, 136MB/152MB, paused 1.199ms total 50.719ms
08-05 21:00:20.180 32448 32448 I ServiceManager: Waiting for service AtCmdFwd...
08-05 21:00:20.190  4787  4806 I art     : Starting a blocking GC Explicit
08-05 21:00:20.245  4787  4806 I art     : Explicit concurrent mark sweep GC freed 99(1696B) AllocSpace objects, 0(0B) LOS objects, 10% free, 136MB/152MB, paused 1.146ms total 54.529ms
08-05 21:00:20.263  4787  4806 I art     : Starting a blocking GC Explicit
08-05 21:00:20.317  4787  4806 I art     : Explicit concurrent mark sweep GC freed 123(2096B) AllocSpace objects, 0(0B) LOS objects, 10% free, 136MB/152MB, paused 1.299ms total 53.759ms
08-05 21:00:20.615 15866 15897 I Finsky  : [6071] ktr.run(-1): Stats for Executor: bgExecutor kvs@65ac110[Running, pool size = 4, active threads = 0, queued tasks = 0, completed tasks = 230]
08-05 21:00:20.749  4787  4800 I art     : Starting a blocking GC Explicit
08-05 21:00:20.806  4787  4800 I art     : Explicit concurrent mark sweep GC freed 2347(106KB) AllocSpace objects, 2(36KB) LOS objects, 10% free, 136MB/152MB, paused 1.230ms total 56.574ms
08-05 21:00:20.825  4787  4800 I art     : Starting a blocking GC Explicit
08-05 21:00:20.879  4787  4800 I art     : Explicit concurrent mark sweep GC freed 126(2704B) AllocSpace objects, 0(0B) LOS objects, 10% free, 136MB/152MB, paused 1.154ms total 53.437ms
08-05 21:00:20.897  4787  4800 I art     : Starting a blocking GC Explicit
08-05 21:00:20.951  4787  4800 I art     : Explicit concurrent mark sweep GC freed 122(2064B) AllocSpace objects, 0(0B) LOS objects, 10% free, 136MB/152MB, paused 1.244ms total 53.757ms
08-05 21:00:20.952  4787  4799 I art     : WaitForGcToComplete blocked for 26.384ms for cause HeapTrim
08-05 21:00:20.970  4787  4800 I art     : Starting a blocking GC Explicit
08-05 21:00:21.023  4787  4800 I art     : Explicit concurrent mark sweep GC freed 100(1728B) AllocSpace objects, 0(0B) LOS objects, 10% free, 136MB/152MB, paused 1.207ms total 52.906ms
08-05 21:00:21.042  4787  4800 I art     : Starting a blocking GC Explicit
08-05 21:00:21.098  4787  4800 I art     : Explicit concurrent mark sweep GC freed 103(1760B) AllocSpace objects, 0(0B) LOS objects, 10% free, 136MB/152MB, paused 1.461ms total 55.642ms
08-05 21:00:21.181 32448 32448 I ServiceManager: Waiting for service AtCmdFwd...
08-05 21:00:21.498  4787  5061 I art     : Starting a blocking GC Explicit
08-05 21:00:21.552  4787  5061 I art     : Explicit concurrent mark sweep GC freed 2286(105KB) AllocSpace objects, 2(36KB) LOS objects, 10% free, 136MB/152MB, paused 1.235ms total 53.166ms
08-05 21:00:21.570  4787  5061 I art     : Starting a blocking GC Explicit
08-05 21:00:21.622  4787  5061 I art     : Explicit concurrent mark sweep GC freed 127(2736B) AllocSpace objects, 0(0B) LOS objects, 10% free, 136MB/152MB, paused 1.204ms total 51.242ms
08-05 21:00:21.640  4787  5061 I art     : Starting a blocking GC Explicit
08-05 21:00:21.692  4787  5061 I art     : Explicit concurrent mark sweep GC freed 99(1696B) AllocSpace objects, 0(0B) LOS objects, 10% free, 136MB/152MB, paused 1.213ms total 51.484ms
08-05 21:00:21.710  4787  5061 I art     : Starting a blocking GC Explicit
08-05 21:00:21.761  4787  5061 I art     : Explicit concurrent mark sweep GC freed 99(1696B) AllocSpace objects, 0(0B) LOS objects, 10% free, 136MB/152MB, paused 1.265ms total 50.926ms
08-05 21:00:21.780  4787  5061 I art     : Starting a blocking GC Explicit
08-05 21:00:21.832  4787  5061 I art     : Explicit concurrent mark sweep GC freed 135(2608B) AllocSpace objects, 0(0B) LOS objects, 10% free, 136MB/152MB, paused 1.391ms total 51.890ms
08-05 21:00:21.862  6669  6669 D AndroidRuntime: >>>>>> START com.android.internal.os.RuntimeInit uid 2000 <<<<<<
08-05 21:00:21.868  6669  6669 D AndroidRuntime: CheckJNI is OFF
08-05 21:00:21.912  6669  6669 D ICU     : No timezone override file found: /data/misc/zoneinfo/current/icu/icu_tzdata.dat
08-05 21:00:21.957  6669  6669 I Radio-JNI: register_android_hardware_Radio DONE
08-05 21:00:21.987  6669  6669 D AndroidRuntime: Calling main entry com.android.commands.input.Input
08-05 21:00:21.989  6669  6669 I Input   : injectKeyEvent: KeyEvent { action=ACTION_DOWN, keyCode=KEYCODE_BACK, scanCode=0, metaState=0, flags=0x0, repeatCount=0, eventTime=824438402, downTime=824438402, deviceId=-1, source=0x101 }
08-05 21:00:21.999  6669  6669 I Input   : injectKeyEvent: KeyEvent { action=ACTION_UP, keyCode=KEYCODE_BACK, scanCode=0, metaState=0, flags=0x0, repeatCount=0, eventTime=824438402, downTime=824438402, deviceId=-1, source=0x101 }
08-05 21:00:22.006  6669  6669 D AndroidRuntime: Shutting down VM
08-05 21:00:22.013  4787  4787 V MainActivity: url = https://project-travel-mate.herokuapp.com/api/number-of-unread-notifications
08-05 21:00:22.040 13866 13866 I GoogleInputMethodServic: GoogleInputMethodService.onFinishInput():3138 
08-05 21:00:22.041 13866 13866 I GoogleInputMethodServic: GoogleInputMethodService.onStartInput():1808 
08-05 21:00:22.181 32448 32448 W Atfwd_Sendcmd: AtCmdFwd service not published, waiting... retryCnt : 4
08-05 21:00:22.190 13866 13882 I PeriodicStatsRunner: PeriodicStatsRunner.call():175 call()
08-05 21:00:22.190 13866 13882 I PeriodicStatsRunner: PeriodicStatsRunner.call():179 No submit PeriodicStats since input started.
08-05 21:00:22.224  4787  5061 I art     : Starting a blocking GC Explicit
08-05 21:00:22.268  4787  5061 I art     : Explicit concurrent mark sweep GC freed 2641(125KB) AllocSpace objects, 2(36KB) LOS objects, 10% free, 136MB/152MB, paused 1.270ms total 43.828ms
08-05 21:00:22.285  4787  5061 I art     : Starting a blocking GC Explicit
08-05 21:00:22.329  4787  5061 I art     : Explicit concurrent mark sweep GC freed 154(4KB) AllocSpace objects, 0(0B) LOS objects, 10% free, 136MB/152MB, paused 1.132ms total 44.369ms
08-05 21:00:22.348  4787  5061 I art     : Starting a blocking GC Explicit
08-05 21:00:22.379   380   380 W SurfaceFlinger: couldn't log to binary event log: overflow.
08-05 21:00:22.392  4787  5061 I art     : Explicit concurrent mark sweep GC freed 112(2272B) AllocSpace objects, 0(0B) LOS objects, 10% free, 136MB/152MB, paused 1.259ms total 43.941ms
08-05 21:00:22.410  4787  5061 I art     : Starting a blocking GC Explicit
08-05 21:00:22.456  4787  5061 I art     : Explicit concurrent mark sweep GC freed 12(448B) AllocSpace objects, 0(0B) LOS objects, 10% free, 136MB/152MB, paused 1.207ms total 46.366ms
08-05 21:00:22.474  4787  5061 I art     : Starting a blocking GC Explicit
08-05 21:00:22.519  4787  5061 I art     : Explicit concurrent mark sweep GC freed 6609(360KB) AllocSpace objects, 13(264KB) LOS objects, 10% free, 135MB/151MB, paused 1.227ms total 44.794ms
08-05 21:00:22.825  4787  6696 I NAPPA_EXPERIMENTATION: MetricNetworkRequestExecutionTime: REQUEST_DURATION_SYSTEM='810',REQUEST_DURATION_OKHTTP='41',REQUEST_SYNCHRONOUS='FALSE',RESPONSE_CODE='200',RESPONSE_METHOD='GET',RESPONSE_LENGTH_OKHTTP='36',RESPONSE_LENGTH_HEADER='36',REQUEST_PROTOCOL='http/1.1',REQUEST_URL='https://project-travel-mate.herokuapp.com/api/number-of-unread-notifications',
08-05 21:00:22.912  4787  4801 I art     : Starting a blocking GC Explicit
08-05 21:00:22.978  4787  4801 I art     : Explicit concurrent mark sweep GC freed 4478(244KB) AllocSpace objects, 5(236KB) LOS objects, 10% free, 136MB/152MB, paused 1.303ms total 65.249ms
08-05 21:00:23.000  4787  4801 I art     : Starting a blocking GC Explicit
08-05 21:00:23.048  4787  4801 I art     : Explicit concurrent mark sweep GC freed 974(117KB) AllocSpace objects, 0(0B) LOS objects, 10% free, 136MB/152MB, paused 1.295ms total 47.784ms
08-05 21:00:23.066  4787  4801 I art     : Starting a blocking GC Explicit
08-05 21:00:23.115  4787  4801 I art     : Explicit concurrent mark sweep GC freed 3(96B) AllocSpace objects, 0(0B) LOS objects, 10% free, 136MB/152MB, paused 1.201ms total 48.805ms
08-05 21:00:23.134  4787  4801 I art     : Starting a blocking GC Explicit
08-05 21:00:23.184  4787  4801 I art     : Explicit concurrent mark sweep GC freed 3(96B) AllocSpace objects, 0(0B) LOS objects, 10% free, 136MB/152MB, paused 1.210ms total 49.593ms
08-05 21:00:23.202  4787  4801 I art     : Starting a blocking GC Explicit
08-05 21:00:23.249  4787  4801 I art     : Explicit concurrent mark sweep GC freed 3(96B) AllocSpace objects, 0(0B) LOS objects, 10% free, 136MB/152MB, paused 1.135ms total 46.872ms
08-05 21:00:23.651  4787  4806 I art     : Starting a blocking GC Explicit
08-05 21:00:23.695  4787  4806 I art     : Explicit concurrent mark sweep GC freed 1636(95KB) AllocSpace objects, 2(36KB) LOS objects, 10% free, 136MB/152MB, paused 1.221ms total 43.237ms
08-05 21:00:23.714  4787  4806 I art     : Starting a blocking GC Explicit
08-05 21:00:23.756  4787  4806 I art     : Explicit concurrent mark sweep GC freed 46(1600B) AllocSpace objects, 0(0B) LOS objects, 10% free, 136MB/152MB, paused 1.102ms total 42.665ms
08-05 21:00:23.774  4787  4806 I art     : Starting a blocking GC Explicit
08-05 21:00:23.780  6715  6715 D AndroidRuntime: >>>>>> START com.android.internal.os.RuntimeInit uid 2000 <<<<<<
08-05 21:00:23.785  6715  6715 D AndroidRuntime: CheckJNI is OFF
08-05 21:00:23.816  4787  4806 I art     : Explicit concurrent mark sweep GC freed 38(1056B) AllocSpace objects, 0(0B) LOS objects, 10% free, 136MB/152MB, paused 1.182ms total 42.006ms
08-05 21:00:23.825  6715  6715 D ICU     : No timezone override file found: /data/misc/zoneinfo/current/icu/icu_tzdata.dat
08-05 21:00:23.834  4787  4806 I art     : Starting a blocking GC Explicit
08-05 21:00:23.865  6715  6715 I Radio-JNI: register_android_hardware_Radio DONE
08-05 21:00:23.880  4787  4806 I art     : Explicit concurrent mark sweep GC freed 5(160B) AllocSpace objects, 0(0B) LOS objects, 10% free, 136MB/152MB, paused 1.198ms total 46.397ms
08-05 21:00:23.893  6715  6715 D AndroidRuntime: Calling main entry com.android.commands.input.Input
08-05 21:00:23.895  6715  6715 I Input   : injectMotionEvent: MotionEvent { action=ACTION_DOWN, actionButton=0, id[0]=0, x[0]=117.0, y[0]=170.0, toolType[0]=TOOL_TYPE_UNKNOWN, buttonState=0, metaState=0, flags=0x0, edgeFlags=0x0, pointerCount=1, historySize=0, eventTime=824440308, downTime=824440308, deviceId=0, source=0x1002 }
08-05 21:00:23.897  4787  4806 I art     : Starting a blocking GC Explicit
08-05 21:00:23.924  6715  6715 I Input   : injectMotionEvent: MotionEvent { action=ACTION_UP, actionButton=0, id[0]=0, x[0]=117.0, y[0]=170.0, toolType[0]=TOOL_TYPE_UNKNOWN, buttonState=0, metaState=0, flags=0x0, edgeFlags=0x0, pointerCount=1, historySize=0, eventTime=824440308, downTime=824440308, deviceId=0, source=0x1002 }
08-05 21:00:23.940  4787  4806 I art     : Explicit concurrent mark sweep GC freed 3(96B) AllocSpace objects, 0(0B) LOS objects, 10% free, 136MB/152MB, paused 1.180ms total 42.804ms
08-05 21:00:23.964  6715  6715 D AndroidRuntime: Shutting down VM
08-05 21:00:23.973   512  2967 D audio_hw_primary: out_set_parameters: enter: usecase(1: low-latency-playback) kvpairs: routing=2
08-05 21:00:23.985   512  2967 D audio_hw_primary: select_devices: out_snd_device(2: speaker) in_snd_device(0: none)
08-05 21:00:23.985   512  2967 D msm8974_platform: platform_send_audio_calibration: sending audio calibration for snd_device(2) acdb_id(15)
08-05 21:00:23.986   512  2967 I soundtrigger: audio_extn_sound_trigger_update_device_status: device 0x2 of type 0 for Event 1
08-05 21:00:23.997   512  2967 D audio_hw_primary: enable_snd_device: snd_device(2: speaker)
08-05 21:00:24.000   512  2967 D audio_hw_primary: enable_audio_route: apply and update mixer path: low-latency-playback speaker
08-05 21:00:24.328  4787  4806 I art     : Starting a blocking GC Explicit
08-05 21:00:24.371  4787  4806 I art     : Explicit concurrent mark sweep GC freed 2094(117KB) AllocSpace objects, 2(36KB) LOS objects, 10% free, 136MB/152MB, paused 1.071ms total 43.188ms
08-05 21:00:24.390  4787  4806 I art     : Starting a blocking GC Explicit
08-05 21:00:24.431  4787  4806 I art     : Explicit concurrent mark sweep GC freed 70(2544B) AllocSpace objects, 0(0B) LOS objects, 10% free, 136MB/152MB, paused 1.111ms total 40.363ms
08-05 21:00:24.450  4787  4806 I art     : Starting a blocking GC Explicit
08-05 21:00:24.490  4787  4806 I art     : Explicit concurrent mark sweep GC freed 3(96B) AllocSpace objects, 0(0B) LOS objects, 10% free, 136MB/152MB, paused 1.099ms total 39.975ms
08-05 21:00:24.508  4787  4806 I art     : Starting a blocking GC Explicit
08-05 21:00:24.538   512  2967 D audio_hw_primary: disable_audio_route: reset and update mixer path: low-latency-playback speaker
08-05 21:00:24.540   512  2967 D audio_hw_primary: disable_snd_device: snd_device(2: speaker)
08-05 21:00:24.542   918  3188 I hubconnection: sensorhub said: 'set_bias 3: -5.7600, 0.0000, 0.0000'
08-05 21:00:24.547   512  2967 I soundtrigger: audio_extn_sound_trigger_update_device_status: device 0x2 of type 0 for Event 0
08-05 21:00:24.548  4787  4806 I art     : Explicit concurrent mark sweep GC freed 12(416B) AllocSpace objects, 0(0B) LOS objects, 10% free, 136MB/152MB, paused 1.195ms total 39.657ms
08-05 21:00:24.566  4787  4806 I art     : Starting a blocking GC Explicit
08-05 21:00:24.606  4787  4806 I art     : Explicit concurrent mark sweep GC freed 5(160B) AllocSpace objects, 0(0B) LOS objects, 10% free, 136MB/152MB, paused 1.075ms total 39.690ms
08-05 21:00:24.707  6749  6749 D AndroidRuntime: >>>>>> START com.android.internal.os.RuntimeInit uid 2000 <<<<<<
08-05 21:00:24.713  6749  6749 D AndroidRuntime: CheckJNI is OFF
08-05 21:00:24.755  6749  6749 D ICU     : No timezone override file found: /data/misc/zoneinfo/current/icu/icu_tzdata.dat
08-05 21:00:24.797  6749  6749 I Radio-JNI: register_android_hardware_Radio DONE
08-05 21:00:24.824  6749  6749 D AndroidRuntime: Calling main entry com.android.commands.input.Input
08-05 21:00:24.827  6749  6749 I Input   : injectMotionEvent: MotionEvent { action=ACTION_DOWN, actionButton=0, id[0]=0, x[0]=405.0, y[0]=661.0, toolType[0]=TOOL_TYPE_UNKNOWN, buttonState=0, metaState=0, flags=0x0, edgeFlags=0x0, pointerCount=1, historySize=0, eventTime=824441239, downTime=824441239, deviceId=0, source=0x1002 }
08-05 21:00:24.831  6749  6749 I Input   : injectMotionEvent: MotionEvent { action=ACTION_UP, actionButton=0, id[0]=0, x[0]=405.0, y[0]=661.0, toolType[0]=TOOL_TYPE_UNKNOWN, buttonState=0, metaState=0, flags=0x0, edgeFlags=0x0, pointerCount=1, historySize=0, eventTime=824441239, downTime=824441239, deviceId=0, source=0x1002 }
08-05 21:00:24.834  6749  6749 D AndroidRuntime: Shutting down VM
08-05 21:00:24.858   512  2967 D audio_hw_primary: out_set_parameters: enter: usecase(1: low-latency-playback) kvpairs: routing=2
08-05 21:00:24.871   512  2967 D audio_hw_primary: select_devices: out_snd_device(2: speaker) in_snd_device(0: none)
08-05 21:00:24.871   512  2967 D msm8974_platform: platform_send_audio_calibration: sending audio calibration for snd_device(2) acdb_id(15)
08-05 21:00:24.871   512  2967 I soundtrigger: audio_extn_sound_trigger_update_device_status: device 0x2 of type 0 for Event 1
08-05 21:00:24.880   512  2967 D audio_hw_primary: enable_snd_device: snd_device(2: speaker)
08-05 21:00:24.882   512  2967 D audio_hw_primary: enable_audio_route: apply and update mixer path: low-latency-playback speaker
08-05 21:00:24.923   512  2967 D AudioFlinger: mixer(0xf4740000) throttle end: throttle time(12)
08-05 21:00:24.990  4787  4806 I art     : Starting a blocking GC Explicit
08-05 21:00:25.036  4787  4806 I art     : Explicit concurrent mark sweep GC freed 30(2064B) AllocSpace objects, 0(0B) LOS objects, 8% free, 167MB/183MB, paused 1.340ms total 45.381ms
08-05 21:00:25.054  4787  4806 I art     : Starting a blocking GC Explicit
08-05 21:00:25.098  4787  4806 I art     : Explicit concurrent mark sweep GC freed 3(96B) AllocSpace objects, 0(0B) LOS objects, 8% free, 167MB/183MB, paused 1.352ms total 44.204ms
08-05 21:00:25.115  4787  4806 I art     : Starting a blocking GC Explicit
08-05 21:00:25.161  4787  4806 I art     : Explicit concurrent mark sweep GC freed 3(96B) AllocSpace objects, 0(0B) LOS objects, 8% free, 167MB/183MB, paused 1.328ms total 45.829ms
08-05 21:00:25.179  4787  4806 I art     : Starting a blocking GC Explicit
08-05 21:00:25.226  4787  4806 I art     : Explicit concurrent mark sweep GC freed 43(25KB) AllocSpace objects, 0(0B) LOS objects, 8% free, 177MB/193MB, paused 1.398ms total 47.008ms
08-05 21:00:25.244  4787  4806 I art     : Starting a blocking GC Explicit
08-05 21:00:25.291  4787  4806 I art     : Explicit concurrent mark sweep GC freed 46(2224B) AllocSpace objects, 0(0B) LOS objects, 8% free, 182MB/198MB, paused 1.342ms total 46.758ms
08-05 21:00:25.408   512  2967 D audio_hw_primary: disable_audio_route: reset and update mixer path: low-latency-playback speaker
08-05 21:00:25.410   512  2967 D audio_hw_primary: disable_snd_device: snd_device(2: speaker)
08-05 21:00:25.419   512  2967 I soundtrigger: audio_extn_sound_trigger_update_device_status: device 0x2 of type 0 for Event 0
08-05 21:00:25.670  4787  4806 I art     : Starting a blocking GC Explicit
08-05 21:00:25.729  4787  4806 I art     : Explicit concurrent mark sweep GC freed 3169(165KB) AllocSpace objects, 11(288KB) LOS objects, 8% free, 182MB/198MB, paused 1.537ms total 58.358ms
08-05 21:00:25.749  4787  4806 I art     : Starting a blocking GC Explicit
08-05 21:00:25.798  4787  4806 I art     : Explicit concurrent mark sweep GC freed 932(52KB) AllocSpace objects, 0(0B) LOS objects, 8% free, 182MB/198MB, paused 1.219ms total 47.962ms
08-05 21:00:25.815  4787  4806 I art     : Starting a blocking GC Explicit
08-05 21:00:25.864  4787  4806 I art     : Explicit concurrent mark sweep GC freed 8(352B) AllocSpace objects, 0(0B) LOS objects, 8% free, 182MB/198MB, paused 1.167ms total 48.785ms
08-05 21:00:25.882  4787  4806 I art     : Starting a blocking GC Explicit
08-05 21:00:25.931  4787  4806 I art     : Explicit concurrent mark sweep GC freed 3(96B) AllocSpace objects, 0(0B) LOS objects, 8% free, 182MB/198MB, paused 1.145ms total 48.466ms
08-05 21:00:25.949  4787  4806 I art     : Starting a blocking GC Explicit
08-05 21:00:25.998  4787  4806 I art     : Explicit concurrent mark sweep GC freed 3(96B) AllocSpace objects, 0(0B) LOS objects, 8% free, 182MB/198MB, paused 1.244ms total 48.125ms
08-05 21:00:26.404  4787  4801 I art     : Starting a blocking GC Explicit
08-05 21:00:26.472  4787  4801 I art     : Explicit concurrent mark sweep GC freed 1619(94KB) AllocSpace objects, 2(36KB) LOS objects, 8% free, 182MB/198MB, paused 1.255ms total 66.449ms
08-05 21:00:26.493  4787  4801 I art     : Starting a blocking GC Explicit
08-05 21:00:26.542  4787  4801 I art     : Explicit concurrent mark sweep GC freed 30(1104B) AllocSpace objects, 0(0B) LOS objects, 8% free, 182MB/198MB, paused 1.089ms total 48.760ms
08-05 21:00:26.561  4787  4801 I art     : Starting a blocking GC Explicit
08-05 21:00:26.616  4787  4801 I art     : Explicit concurrent mark sweep GC freed 3(96B) AllocSpace objects, 0(0B) LOS objects, 8% free, 182MB/198MB, paused 1.184ms total 54.575ms
08-05 21:00:26.638  4787  4801 I art     : Starting a blocking GC Explicit
08-05 21:00:26.692  4787  4801 I art     : Explicit concurrent mark sweep GC freed 3(96B) AllocSpace objects, 0(0B) LOS objects, 8% free, 182MB/198MB, paused 1.267ms total 53.812ms
08-05 21:00:26.713  4787  4801 I art     : Starting a blocking GC Explicit
08-05 21:00:26.771  4787  4801 I art     : Explicit concurrent mark sweep GC freed 3(96B) AllocSpace objects, 0(0B) LOS objects, 8% free, 182MB/198MB, paused 1.311ms total 57.754ms
08-05 21:00:27.041 13866 13882 I PeriodicStatsRunner: PeriodicStatsRunner.call():175 call()
08-05 21:00:27.041 13866 13882 I PeriodicStatsRunner: PeriodicStatsRunner.call():179 No submit PeriodicStats since input started.
08-05 21:00:27.203  4787  5061 I art     : Starting a blocking GC Explicit
08-05 21:00:27.259  4787  5061 I art     : Explicit concurrent mark sweep GC freed 1650(95KB) AllocSpace objects, 2(36KB) LOS objects, 8% free, 182MB/198MB, paused 1.385ms total 55.098ms
08-05 21:00:27.277  4787  5061 I art     : Starting a blocking GC Explicit
08-05 21:00:27.327  4787  5061 I art     : Explicit concurrent mark sweep GC freed 30(1104B) AllocSpace objects, 0(0B) LOS objects, 8% free, 182MB/198MB, paused 1.294ms total 50.139ms
08-05 21:00:27.346  4787  5061 I art     : Starting a blocking GC Explicit
08-05 21:00:27.397  4787  5061 I art     : Explicit concurrent mark sweep GC freed 3(96B) AllocSpace objects, 0(0B) LOS objects, 8% free, 182MB/198MB, paused 1.233ms total 50.884ms
08-05 21:00:27.415  4787  5061 I art     : Starting a blocking GC Explicit
08-05 21:00:27.466  4787  5061 I art     : Explicit concurrent mark sweep GC freed 3(96B) AllocSpace objects, 0(0B) LOS objects, 8% free, 182MB/198MB, paused 1.192ms total 51.419ms
08-05 21:00:27.485  4787  5061 I art     : Starting a blocking GC Explicit
08-05 21:00:27.536  4787  5061 I art     : Explicit concurrent mark sweep GC freed 3(96B) AllocSpace objects, 0(0B) LOS objects, 8% free, 182MB/198MB, paused 1.223ms total 51.373ms
08-05 21:00:27.630  6801  6801 D AndroidRuntime: >>>>>> START com.android.internal.os.RuntimeInit uid 2000 <<<<<<
08-05 21:00:27.638  6801  6801 D AndroidRuntime: CheckJNI is OFF
08-05 21:00:27.685  6801  6801 D ICU     : No timezone override file found: /data/misc/zoneinfo/current/icu/icu_tzdata.dat
08-05 21:00:27.732  6801  6801 I Radio-JNI: register_android_hardware_Radio DONE
08-05 21:00:27.761  6801  6801 D AndroidRuntime: Calling main entry com.android.commands.input.Input
08-05 21:00:27.763  6801  6801 I Input   : injectMotionEvent: MotionEvent { action=ACTION_DOWN, actionButton=0, id[0]=0, x[0]=1341.0, y[0]=197.0, toolType[0]=TOOL_TYPE_UNKNOWN, buttonState=0, metaState=0, flags=0x0, edgeFlags=0x0, pointerCount=1, historySize=0, eventTime=824444176, downTime=824444176, deviceId=0, source=0x1002 }
08-05 21:00:27.769  6801  6801 I Input   : injectMotionEvent: MotionEvent { action=ACTION_UP, actionButton=0, id[0]=0, x[0]=1341.0, y[0]=197.0, toolType[0]=TOOL_TYPE_UNKNOWN, buttonState=0, metaState=0, flags=0x0, edgeFlags=0x0, pointerCount=1, historySize=0, eventTime=824444176, downTime=824444176, deviceId=0, source=0x1002 }
08-05 21:00:27.771  6801  6801 D AndroidRuntime: Shutting down VM
08-05 21:00:27.792   918   929 I ActivityManager: START u0 {cmp=baseline.io.github.project_travel_mate/.notifications.NotificationsActivity} from uid 10674 on display 0
08-05 21:00:27.793   512  2967 D audio_hw_primary: out_set_parameters: enter: usecase(1: low-latency-playback) kvpairs: routing=2
08-05 21:00:27.807   512  2967 D audio_hw_primary: select_devices: out_snd_device(2: speaker) in_snd_device(0: none)
08-05 21:00:27.808   512  2967 D msm8974_platform: platform_send_audio_calibration: sending audio calibration for snd_device(2) acdb_id(15)
08-05 21:00:27.808   512  2967 I soundtrigger: audio_extn_sound_trigger_update_device_status: device 0x2 of type 0 for Event 1
08-05 21:00:27.823   512  2967 D audio_hw_primary: enable_snd_device: snd_device(2: speaker)
08-05 21:00:27.825   512  2967 D audio_hw_primary: enable_audio_route: apply and update mixer path: low-latency-playback speaker
08-05 21:00:27.836  4787  4853 D Gabe    : call	returning from cache
08-05 21:00:27.842  4787  4787 V EXECUTING: https://project-travel-mate.herokuapp.com/api/get-notifications
08-05 21:00:27.844  4787  4787 V EXECUTING: https://project-travel-mate.herokuapp.com/api/get-notifications
08-05 21:00:27.948  4787  4806 I art     : Starting a blocking GC Explicit
08-05 21:00:27.993  4787  4806 I art     : Explicit concurrent mark sweep GC freed 3769(227KB) AllocSpace objects, 2(36KB) LOS objects, 7% free, 187MB/203MB, paused 1.351ms total 44.794ms
08-05 21:00:28.009 13866 13866 I GoogleInputMethodServic: GoogleInputMethodService.onFinishInput():3138 
08-05 21:00:28.009   918   936 I ActivityManager: Displayed baseline.io.github.project_travel_mate/.notifications.NotificationsActivity: +204ms
