08-05 20:04:32.764  9364  9937 D CustomInterceptor: CACHED STATS: size = '100', maxSize = '100', hitCount = '158', createCount = '0', putCount = '123', evictionCount = '23', missCount = '157', toString = 'LruCache[maxSize=100,hits=158,misses=157,hitRate=50%]', 
08-05 20:04:32.764  9364  9937 D CustomInterceptor: PREFLIB GET REQUEST https://hacker-news.firebaseio.com/v0/item/23969822.json
08-05 20:04:32.764  9364  9937 D CustomInterceptor: PREFLIB found https://hacker-news.firebaseio.com/v0/item/23969822.json, sending it back
08-05 20:04:32.764  9364  9937 D CustomInterceptor: CONTENT {"by":"pedrocx486","id":23969822,"kids":[23969892],"parent":23969718,"text":"Oh god. I got COMPLETELY derailed by this last month. My girlfriend&#x27;s son was using my tablet (which is logged on my main Google account) and recently I was being victim of this, and suddenly he asked me &quot;what&#x27;s a bussy?&quot;<p>I never logged my account out of an device so fast. Google needs to fix this crap.","time":1595886642,"type":"comment"}
08-05 20:04:32.764  9364  9937 D CustomInterceptor: interceptor_finished : return_type #2 : request served from cache
08-05 20:04:32.769  9364  9459 D CustomInterceptor: Interceptor exiting with exception java.io.IOException: unexpected end of stream on https://hacker-news.firebaseio.com/...
08-05 20:04:32.773  9364  9459 D CustomInterceptor: interceptor_finished : return_type #4 : interceptor failed, resuming the request chain with the original request
08-05 20:04:32.797  9364  9957 D CustomInterceptor: Interceptor exiting with exception java.io.IOException: unexpected end of stream on https://hacker-news.firebaseio.com/...
08-05 20:04:32.800  9364  9957 D CustomInterceptor: interceptor_finished : return_type #4 : interceptor failed, resuming the request chain with the original request
08-05 20:04:32.804  9364  9907 D CustomInterceptor: Interceptor exiting with exception java.io.IOException: unexpected end of stream on https://hacker-news.firebaseio.com/...
08-05 20:04:32.809  9364  9907 D CustomInterceptor: interceptor_finished : return_type #4 : interceptor failed, resuming the request chain with the original request
08-05 20:04:32.850  9364  9956 D CustomInterceptor: NETWORK-PROVIDER https://hacker-news.firebaseio.com/v0/item/23970303.json
08-05 20:04:32.852  9364  9956 D CustomInterceptor: HEADER REQUEST
08-05 20:04:32.852  9364  9956 D CustomInterceptor: Cache-Control max-age=300, max-stale=300
08-05 20:04:32.853  9364  9956 D CustomInterceptor: CACHED STATS: size = '100', maxSize = '100', hitCount = '159', createCount = '0', putCount = '123', evictionCount = '23', missCount = '157', toString = 'LruCache[maxSize=100,hits=159,misses=157,hitRate=50%]', 
08-05 20:04:32.853  9364  9956 D CustomInterceptor: PREFLIB GET REQUEST https://hacker-news.firebaseio.com/v0/item/23970303.json
08-05 20:04:32.853  9364  9956 D CustomInterceptor: PREFLIB found https://hacker-news.firebaseio.com/v0/item/23970303.json, sending it back
08-05 20:04:32.853  9364  9956 D CustomInterceptor: CONTENT {"by":"bgorman","id":23970303,"parent":23969718,"text":"I have been getting documents with titles that seem like pornography shared with me recently as well. It is truly infuriating because I can&#x27;t tell where they are coming from. It seems like this started around ~6 months ago. I think there is a report as spam option, but it doesn&#x27;t seem to have stopped the onslaught.","time":1595889894,"type":"comment"}
08-05 20:04:32.853  9364  9956 D CustomInterceptor: interceptor_finished : return_type #2 : request served from cache
08-05 20:04:32.872  9364  9454 D CustomInterceptor: NETWORK-PROVIDER https://hacker-news.firebaseio.com/v0/item/23972508.json
08-05 20:04:32.874  9364  9454 D CustomInterceptor: HEADER REQUEST
08-05 20:04:32.874  9364  9454 D CustomInterceptor: Cache-Control max-age=300, max-stale=300
08-05 20:04:32.874  9364  9454 D CustomInterceptor: CACHED STATS: size = '100', maxSize = '100', hitCount = '160', createCount = '0', putCount = '123', evictionCount = '23', missCount = '157', toString = 'LruCache[maxSize=100,hits=160,misses=157,hitRate=50%]', 
08-05 20:04:32.874  9364  9454 D CustomInterceptor: PREFLIB GET REQUEST https://hacker-news.firebaseio.com/v0/item/23972508.json
08-05 20:04:32.874  9364  9454 D CustomInterceptor: PREFLIB found https://hacker-news.firebaseio.com/v0/item/23972508.json, sending it back
08-05 20:04:32.874  9364  9454 D CustomInterceptor: CONTENT {"by":"ergocoder","id":23972508,"parent":23969718,"text":"I remember when Google&#x27;s facial recognized black people as gorillas.<p>They fixed it very quickly.<p>Showing &quot;eat my pussy baby&quot; to a young kid is obviously not as bad. &#x2F;s","time":1595913371,"type":"comment"}
08-05 20:04:32.874  9364  9454 D CustomInterceptor: interceptor_finished : return_type #2 : request served from cache
08-05 20:04:32.904  9364  9942 D CustomInterceptor: NETWORK-PROVIDER https://hacker-news.firebaseio.com/v0/item/23970795.json
08-05 20:04:32.905  9364  9942 D CustomInterceptor: HEADER REQUEST
08-05 20:04:32.905  9364  9942 D CustomInterceptor: Cache-Control max-age=300, max-stale=300
08-05 20:04:32.905  9364  9942 D CustomInterceptor: CACHED STATS: size = '100', maxSize = '100', hitCount = '161', createCount = '0', putCount = '123', evictionCount = '23', missCount = '157', toString = 'LruCache[maxSize=100,hits=161,misses=157,hitRate=50%]', 
08-05 20:04:32.906  9364  9942 D CustomInterceptor: PREFLIB GET REQUEST https://hacker-news.firebaseio.com/v0/item/23970795.json
08-05 20:04:32.906  9364  9942 D CustomInterceptor: PREFLIB found https://hacker-news.firebaseio.com/v0/item/23970795.json, sending it back
08-05 20:04:32.906  9364  9942 D CustomInterceptor: CONTENT {"by":"makecheck","id":23970795,"kids":[23971187],"parent":23969879,"text":"Wasting space in Google products is comically easy too, because its so integrated that you can have crap everywhere and may or may not know how to get rid of it.<p>I tried uploading a title image to my YouTube channel, and somehow doing so created an entire Google Photos account (even though the channel image is not a photo!).  I dragged-and-dropped several replacement images because the YouTube UI for layout preview&#x2F;cropping is so terrible that I didnt get it right the first few times.  Except the images are <i>not</i> replaced, theyre <i>added</i>, and there is <i>nothing</i> in YouTube to delete them.  You have to go into Google Photos, and several screens later delete your photos of useless uploads.  Except theyre not deleted, theyre in the Trash; etc. etc.<p>These are basic things that wouldnt be stupidly hard to do if anyone there had any power over, or concern with, the full flow of using their products.","time":1595894537,"type":"comment"}
08-05 20:04:32.906  9364  9942 D CustomInterceptor: interceptor_finished : return_type #2 : request served from cache
08-05 20:04:32.923  9364  9458 D CustomInterceptor: Interceptor exiting with exception java.io.IOException: unexpected end of stream on https://hacker-news.firebaseio.com/...
08-05 20:04:32.929  9364  9455 D CustomInterceptor: NETWORK-PROVIDER https://hacker-news.firebaseio.com/v0/item/23970196.json
08-05 20:04:32.931  9364  9458 D CustomInterceptor: interceptor_finished : return_type #4 : interceptor failed, resuming the request chain with the original request
08-05 20:04:32.940  9364  9455 D CustomInterceptor: HEADER REQUEST
08-05 20:04:32.940  9364  9455 D CustomInterceptor: Cache-Control max-age=300, max-stale=300
08-05 20:04:32.940  9364  9455 D CustomInterceptor: CACHED STATS: size = '100', maxSize = '100', hitCount = '162', createCount = '0', putCount = '123', evictionCount = '23', missCount = '157', toString = 'LruCache[maxSize=100,hits=162,misses=157,hitRate=50%]', 
08-05 20:04:32.940  9364  9455 D CustomInterceptor: PREFLIB GET REQUEST https://hacker-news.firebaseio.com/v0/item/23970196.json
08-05 20:04:32.941  9364  9455 D CustomInterceptor: PREFLIB found https://hacker-news.firebaseio.com/v0/item/23970196.json, sending it back
08-05 20:04:32.941  9364  9455 D CustomInterceptor: CONTENT {"by":"xtracto","id":23970196,"kids":[23970458,23970522,23970318,23970547],"parent":23969879,"text":"Google support forums are terrible. Every time there is a missing feature (I usually find it in Google Spreadsheet) or a bug, the corresponding entry in the support forum would be answered with some pretext of why said feature will never be supported.","time":1595889178,"type":"comment"}
08-05 20:04:32.941  9364  9455 D CustomInterceptor: interceptor_finished : return_type #2 : request served from cache
08-05 20:04:32.957  9364  9944 D CustomInterceptor: NETWORK-PROVIDER https://hacker-news.firebaseio.com/v0/item/23970050.json
08-05 20:04:32.959  9364  9944 D CustomInterceptor: HEADER REQUEST
08-05 20:04:32.959  9364  9944 D CustomInterceptor: Cache-Control max-age=300, max-stale=300
08-05 20:04:32.959  9364  9944 D CustomInterceptor: CACHED STATS: size = '100', maxSize = '100', hitCount = '163', createCount = '0', putCount = '123', evictionCount = '23', missCount = '157', toString = 'LruCache[maxSize=100,hits=163,misses=157,hitRate=50%]', 
08-05 20:04:32.959  9364  9944 D CustomInterceptor: PREFLIB GET REQUEST https://hacker-news.firebaseio.com/v0/item/23970050.json
08-05 20:04:32.959  9364  9944 D CustomInterceptor: PREFLIB found https://hacker-news.firebaseio.com/v0/item/23970050.json, sending it back
08-05 20:04:32.959  9364  9944 D CustomInterceptor: CONTENT {"by":"mcny","id":23970050,"kids":[23970313],"parent":23969879,"text":"&gt; They don&#x27;t even have an option to show you how much space folders take up, when they charge you based on space usage.<p>iirc unlike Dropbox, files shared with you do not count against your quota on Google Drive as long as you don&#x27;t add it to your drive.","time":1595888139,"type":"comment"}
08-05 20:04:32.959  9364  9944 D CustomInterceptor: interceptor_finished : return_type #2 : request served from cache
08-05 20:04:32.962  9364  9962 D CustomInterceptor: Interceptor exiting with exception java.io.IOException: unexpected end of stream on https://hacker-news.firebaseio.com/...
08-05 20:04:32.965  9364  9962 D CustomInterceptor: interceptor_finished : return_type #4 : interceptor failed, resuming the request chain with the original request
08-05 20:04:32.978  9364  9933 D CustomInterceptor: NETWORK-PROVIDER https://hacker-news.firebaseio.com/v0/item/23970388.json
08-05 20:04:32.980  9364  9933 D CustomInterceptor: HEADER REQUEST
08-05 20:04:32.980  9364  9933 D CustomInterceptor: Cache-Control max-age=300, max-stale=300
08-05 20:04:32.981  9364  9933 D CustomInterceptor: CACHED STATS: size = '100', maxSize = '100', hitCount = '164', createCount = '0', putCount = '123', evictionCount = '23', missCount = '157', toString = 'LruCache[maxSize=100,hits=164,misses=157,hitRate=51%]', 
08-05 20:04:32.981  9364  9933 D CustomInterceptor: PREFLIB GET REQUEST https://hacker-news.firebaseio.com/v0/item/23970388.json
08-05 20:04:32.981  9364  9933 D CustomInterceptor: PREFLIB found https://hacker-news.firebaseio.com/v0/item/23970388.json, sending it back
08-05 20:04:32.981  9364  9933 D CustomInterceptor: CONTENT {"by":"knolan","id":23970388,"kids":[23970666,23970539],"parent":23969879,"text":"This reminds me of the obnoxious know-it-all that lives under the bridge on the QNAP forums.","time":1595890639,"type":"comment"}
08-05 20:04:32.981  9364  9933 D CustomInterceptor: interceptor_finished : return_type #2 : request served from cache
08-05 20:04:32.993  9364  9467 D CustomInterceptor: Interceptor exiting with exception java.io.IOException: unexpected end of stream on https://hacker-news.firebaseio.com/...
08-05 20:04:32.994  9364  9953 D CustomInterceptor: NETWORK-PROVIDER https://hacker-news.firebaseio.com/v0/item/23970705.json
08-05 20:04:32.996  9364  9953 D CustomInterceptor: HEADER REQUEST
08-05 20:04:32.996  9364  9953 D CustomInterceptor: Cache-Control max-age=300, max-stale=300
08-05 20:04:32.996  9364  9953 D CustomInterceptor: CACHED STATS: size = '100', maxSize = '100', hitCount = '165', createCount = '0', putCount = '123', evictionCount = '23', missCount = '157', toString = 'LruCache[maxSize=100,hits=165,misses=157,hitRate=51%]', 
08-05 20:04:32.996  9364  9953 D CustomInterceptor: PREFLIB GET REQUEST https://hacker-news.firebaseio.com/v0/item/23970705.json
08-05 20:04:32.996  9364  9467 D CustomInterceptor: interceptor_finished : return_type #4 : interceptor failed, resuming the request chain with the original request
08-05 20:04:32.996  9364  9953 D CustomInterceptor: PREFLIB found https://hacker-news.firebaseio.com/v0/item/23970705.json, sending it back
08-05 20:04:32.996  9364  9953 D CustomInterceptor: CONTENT {"by":"arthurcolle","id":23970705,"kids":[23971004,23970792],"parent":23969879,"text":"Yeah I asked why I couldnt download old emails between when I started the Gmail Pro or whatever subscription and then subscription lapsed and the genius bootlickers on Support duty said &quot;well its your fault for not continuing to pay, what do you expect?&quot;<p>Of course the data is available to download if I pay, but my previous 2 years of payment didn&#x27;t count. (mysterious)<p>Will literally never pay Google for anything ever again after that, its actually evil.<p>Compare that to the new service hey.com which claims you can download&#x2F;export forever.<p>Fuck Google. Just bought a new MacBook Pro yesterday and I will never install or use any Google products on it ever.","time":1595893722,"type":"comment"}
08-05 20:04:32.996  9364  9953 D CustomInterceptor: interceptor_finished : return_type #2 : request served from cache
08-05 20:04:33.009  9364  9911 D CustomInterceptor: NETWORK-PROVIDER https://hacker-news.firebaseio.com/v0/item/23970244.json
08-05 20:04:33.011  9364  9911 D CustomInterceptor: HEADER REQUEST
08-05 20:04:33.011  9364  9911 D CustomInterceptor: Cache-Control max-age=300, max-stale=300
08-05 20:04:33.011  9364  9911 D CustomInterceptor: CACHED STATS: size = '100', maxSize = '100', hitCount = '166', createCount = '0', putCount = '123', evictionCount = '23', missCount = '157', toString = 'LruCache[maxSize=100,hits=166,misses=157,hitRate=51%]', 
08-05 20:04:33.011  9364  9911 D CustomInterceptor: PREFLIB GET REQUEST https://hacker-news.firebaseio.com/v0/item/23970244.json
08-05 20:04:33.011  9364  9911 D CustomInterceptor: PREFLIB found https://hacker-news.firebaseio.com/v0/item/23970244.json, sending it back
08-05 20:04:33.011  9364  9911 D CustomInterceptor: CONTENT {"by":"mey","id":23970244,"kids":[23970889,23970595,23970398],"parent":23969879,"text":"Even better, they make it pretty impossible to manage your online storage of photos since they split it out of drive.google.com","time":1595889478,"type":"comment"}
08-05 20:04:33.011  9364  9911 D CustomInterceptor: interceptor_finished : return_type #2 : request served from cache
08-05 20:04:33.022  9364  9909 D CustomInterceptor: NETWORK-PROVIDER https://hacker-news.firebaseio.com/v0/item/23970392.json
08-05 20:04:33.024  9364  9909 D CustomInterceptor: HEADER REQUEST
08-05 20:04:33.024  9364  9909 D CustomInterceptor: Cache-Control max-age=300, max-stale=300
08-05 20:04:33.024  9364  9909 D CustomInterceptor: CACHED STATS: size = '100', maxSize = '100', hitCount = '167', createCount = '0', putCount = '123', evictionCount = '23', missCount = '157', toString = 'LruCache[maxSize=100,hits=167,misses=157,hitRate=51%]', 
08-05 20:04:33.024  9364  9909 D CustomInterceptor: PREFLIB GET REQUEST https://hacker-news.firebaseio.com/v0/item/23970392.json
08-05 20:04:33.024  9364  9909 D CustomInterceptor: PREFLIB found https://hacker-news.firebaseio.com/v0/item/23970392.json, sending it back
08-05 20:04:33.024  9364  9909 D CustomInterceptor: CONTENT {"by":"perennate","id":23970392,"kids":[23970436,23970406],"parent":23969879,"text":"When I read the recommended response in thread you linked, I just feel like they&#x27;re acknowledging the feature doesn&#x27;t exist and suggesting to use Send Feedback as a potential avenue to increase the chance that the feature gets implemented. It may be that important features are missing, but I don&#x27;t think the forum mods can do anything about that and the reply didn&#x27;t seem rude to me.","time":1595890674,"type":"comment"}
08-05 20:04:33.024  9364  9909 D CustomInterceptor: interceptor_finished : return_type #2 : request served from cache
08-05 20:04:33.035  9364  9918 D CustomInterceptor: NETWORK-PROVIDER https://hacker-news.firebaseio.com/v0/item/23970574.json
08-05 20:04:33.037  9364  9918 D CustomInterceptor: HEADER REQUEST
08-05 20:04:33.037  9364  9918 D CustomInterceptor: Cache-Control max-age=300, max-stale=300
08-05 20:04:33.038  9364 10160 D CustomInterceptor: Interceptor exiting with exception java.io.IOException: unexpected end of stream on https://hacker-news.firebaseio.com/...
08-05 20:04:33.039  9364  9918 D CustomInterceptor: CACHED STATS: size = '100', maxSize = '100', hitCount = '168', createCount = '0', putCount = '123', evictionCount = '23', missCount = '157', toString = 'LruCache[maxSize=100,hits=168,misses=157,hitRate=51%]', 
08-05 20:04:33.039  9364  9918 D CustomInterceptor: PREFLIB GET REQUEST https://hacker-news.firebaseio.com/v0/item/23970574.json
08-05 20:04:33.039  9364  9918 D CustomInterceptor: PREFLIB found https://hacker-news.firebaseio.com/v0/item/23970574.json, sending it back
08-05 20:04:33.039  9364  9918 D CustomInterceptor: CONTENT {"by":"throwawaysea","id":23970574,"parent":23969879,"text":"Apple forums are also like this. There are a bunch of Apple apologists full of zeal, trivializing problems and giving people false workarounds.","time":1595892368,"type":"comment"}
08-05 20:04:33.039  9364  9918 D CustomInterceptor: interceptor_finished : return_type #2 : request served from cache
08-05 20:04:33.042  9364 10160 D CustomInterceptor: interceptor_finished : return_type #4 : interceptor failed, resuming the request chain with the original request
08-05 20:04:33.049  9364  9465 D CustomInterceptor: NETWORK-PROVIDER https://hacker-news.firebaseio.com/v0/item/23970063.json
08-05 20:04:33.051  9364  9465 D CustomInterceptor: HEADER REQUEST
08-05 20:04:33.051  9364  9465 D CustomInterceptor: Cache-Control max-age=300, max-stale=300
08-05 20:04:33.051  9364  9465 D CustomInterceptor: CACHED STATS: size = '100', maxSize = '100', hitCount = '169', createCount = '0', putCount = '123', evictionCount = '23', missCount = '157', toString = 'LruCache[maxSize=100,hits=169,misses=157,hitRate=51%]', 
08-05 20:04:33.051  9364  9465 D CustomInterceptor: PREFLIB NOT A GET REQUEST OR NOT IN CACHEGET
08-05 20:04:33.077  9364  9931 D CustomInterceptor: Interceptor exiting with exception java.io.IOException: unexpected end of stream on https://hacker-news.firebaseio.com/...
08-05 20:04:33.082  9364  9931 D CustomInterceptor: interceptor_finished : return_type #4 : interceptor failed, resuming the request chain with the original request
08-05 20:04:33.102  9364  9945 D CustomInterceptor: Interceptor exiting with exception java.io.IOException: unexpected end of stream on https://hacker-news.firebaseio.com/...
08-05 20:04:33.104  9364  9959 D CustomInterceptor: Interceptor exiting with exception java.io.IOException: unexpected end of stream on https://hacker-news.firebaseio.com/...
08-05 20:04:33.112  9364  9945 D CustomInterceptor: interceptor_finished : return_type #4 : interceptor failed, resuming the request chain with the original request
08-05 20:04:33.114  9364  9959 D CustomInterceptor: interceptor_finished : return_type #4 : interceptor failed, resuming the request chain with the original request
08-05 20:04:33.144  9364  9463 D CustomInterceptor: Interceptor exiting with exception java.io.IOException: unexpected end of stream on https://hacker-news.firebaseio.com/...
08-05 20:04:33.148  9364  9463 D CustomInterceptor: interceptor_finished : return_type #4 : interceptor failed, resuming the request chain with the original request
08-05 20:04:33.219  9364  9923 D CustomInterceptor: Interceptor exiting with exception java.io.IOException: unexpected end of stream on https://hacker-news.firebaseio.com/...
08-05 20:04:33.224  9364  9923 D CustomInterceptor: interceptor_finished : return_type #4 : interceptor failed, resuming the request chain with the original request
08-05 20:04:33.318  9364  9457 D CustomInterceptor: NETWORK-PROVIDER https://hacker-news.firebaseio.com/v0/item/23971214.json
08-05 20:04:33.326  9364  9457 D CustomInterceptor: HEADER REQUEST
08-05 20:04:33.326  9364  9457 D CustomInterceptor: Cache-Control max-age=300, max-stale=300
08-05 20:04:33.327  9364  9457 D CustomInterceptor: CACHED STATS: size = '100', maxSize = '100', hitCount = '169', createCount = '0', putCount = '123', evictionCount = '23', missCount = '158', toString = 'LruCache[maxSize=100,hits=169,misses=158,hitRate=51%]', 
08-05 20:04:33.328  9364  9457 D CustomInterceptor: PREFLIB GET REQUEST https://hacker-news.firebaseio.com/v0/item/23971214.json
08-05 20:04:33.329  9364  9457 D CustomInterceptor: PREFLIB found https://hacker-news.firebaseio.com/v0/item/23971214.json, sending it back
08-05 20:04:33.329  9364  9457 D CustomInterceptor: CONTENT {"by":"WrtCdEvrydy","id":23971214,"kids":[23971924,23973978,23972234],"parent":23970236,"text":"&gt; Dell recently did this to about half a dozen people on my team. &#x27;Q2 Budget Review&#x27;,<p>If you put this shit on my calendar, I will never purchase a product from you. I will additionally, at my own discretion, use it as proof that you have had a data breach and are unable to keep your accounts safe since no real company would really do this on purpose.","time":1595898241,"type":"comment"}
08-05 20:04:33.329  9364  9457 D CustomInterceptor: interceptor_finished : return_type #2 : request served from cache
08-05 20:04:33.352  9364  9925 D CustomInterceptor: NETWORK-PROVIDER https://hacker-news.firebaseio.com/v0/item/23971557.json
08-05 20:04:33.354  9364  9925 D CustomInterceptor: HEADER REQUEST
08-05 20:04:33.354  9364  9925 D CustomInterceptor: Cache-Control max-age=300, max-stale=300
08-05 20:04:33.354  9364  9925 D CustomInterceptor: CACHED STATS: size = '100', maxSize = '100', hitCount = '170', createCount = '0', putCount = '123', evictionCount = '23', missCount = '158', toString = 'LruCache[maxSize=100,hits=170,misses=158,hitRate=51%]', 
08-05 20:04:33.354  9364  9925 D CustomInterceptor: PREFLIB GET REQUEST https://hacker-news.firebaseio.com/v0/item/23971557.json
08-05 20:04:33.354  9364  9925 D CustomInterceptor: PREFLIB found https://hacker-news.firebaseio.com/v0/item/23971557.json, sending it back
08-05 20:04:33.354  9364  9925 D CustomInterceptor: CONTENT {"by":"Simulacra","id":23971557,"kids":[23971897],"parent":23970236,"text":"We had someone try this at a company I worked at previously. The target was so angry they aggressively complained; the company fired the salesman. It boggles the mind why a sales person would do something that is likely to be seen as an invasion to the prospect.","time":1595901512,"type":"comment"}
08-05 20:04:33.355  9364  9925 D CustomInterceptor: interceptor_finished : return_type #2 : request served from cache
08-05 20:04:33.373  9364  9949 D CustomInterceptor: NETWORK-PROVIDER https://hacker-news.firebaseio.com/v0/item/23970862.json
08-05 20:04:33.375  9364  9949 D CustomInterceptor: HEADER REQUEST
08-05 20:04:33.375  9364  9949 D CustomInterceptor: Cache-Control max-age=300, max-stale=300
08-05 20:04:33.375  9364  9949 D CustomInterceptor: CACHED STATS: size = '100', maxSize = '100', hitCount = '171', createCount = '0', putCount = '123', evictionCount = '23', missCount = '158', toString = 'LruCache[maxSize=100,hits=171,misses=158,hitRate=51%]', 
08-05 20:04:33.375  9364  9949 D CustomInterceptor: PREFLIB GET REQUEST https://hacker-news.firebaseio.com/v0/item/23970862.json
08-05 20:04:33.375  9364  9949 D CustomInterceptor: PREFLIB found https://hacker-news.firebaseio.com/v0/item/23970862.json, sending it back
08-05 20:04:33.375  9364  9949 D CustomInterceptor: CONTENT {"by":"pavel_lishin","id":23970862,"kids":[23971030],"parent":23970236,"text":"&gt; <i>It&#x27;s used not just by spammers, but by sales reps, too.</i><p>Not sure there&#x27;s a distinction there.","time":1595895099,"type":"comment"}
08-05 20:04:33.375  9364  9949 D CustomInterceptor: interceptor_finished : return_type #2 : request served from cache
08-05 20:04:33.391  9364  9464 D CustomInterceptor: NETWORK-PROVIDER https://hacker-news.firebaseio.com/v0/item/23970298.json
08-05 20:04:33.393  9364  9464 D CustomInterceptor: HEADER REQUEST
08-05 20:04:33.393  9364  9464 D CustomInterceptor: Cache-Control max-age=300, max-stale=300
08-05 20:04:33.393  9364  9464 D CustomInterceptor: CACHED STATS: size = '100', maxSize = '100', hitCount = '172', createCount = '0', putCount = '123', evictionCount = '23', missCount = '158', toString = 'LruCache[maxSize=100,hits=172,misses=158,hitRate=52%]', 
08-05 20:04:33.393  9364  9464 D CustomInterceptor: PREFLIB GET REQUEST https://hacker-news.firebaseio.com/v0/item/23970298.json
08-05 20:04:33.393  9364  9464 D CustomInterceptor: PREFLIB found https://hacker-news.firebaseio.com/v0/item/23970298.json, sending it back
08-05 20:04:33.393  9364  9464 D CustomInterceptor: CONTENT {"by":"kstrauser","id":23970298,"kids":[23972381],"parent":23970236,"text":"That sounds like an excellent way to make me ban all inbound traffic from that vendor.","time":1595889859,"type":"comment"}
08-05 20:04:33.393  9364  9464 D CustomInterceptor: interceptor_finished : return_type #2 : request served from cache
08-05 20:04:33.406  9364  9938 D CustomInterceptor: NETWORK-PROVIDER https://hacker-news.firebaseio.com/v0/item/23970271.json
08-05 20:04:33.408  9364  9938 D CustomInterceptor: HEADER REQUEST
08-05 20:04:33.408  9364  9938 D CustomInterceptor: Cache-Control max-age=300, max-stale=300
08-05 20:04:33.408  9364  9938 D CustomInterceptor: CACHED STATS: size = '100', maxSize = '100', hitCount = '173', createCount = '0', putCount = '123', evictionCount = '23', missCount = '158', toString = 'LruCache[maxSize=100,hits=173,misses=158,hitRate=52%]', 
08-05 20:04:33.408  9364  9938 D CustomInterceptor: PREFLIB GET REQUEST https://hacker-news.firebaseio.com/v0/item/23970271.json
08-05 20:04:33.409  9364  9938 D CustomInterceptor: PREFLIB found https://hacker-news.firebaseio.com/v0/item/23970271.json, sending it back
08-05 20:04:33.409  9364  9938 D CustomInterceptor: CONTENT {"by":"fpgaminer","id":23970271,"parent":23970204,"text":"If it&#x27;s any help, I _think_ this is the guide I used to disable the feature: <a href=\"https:&#x2F;&#x2F;lifehacker.com&#x2F;how-to-keep-spam-out-of-your-google-calendar-1835810050\" rel=\"nofollow\">https:&#x2F;&#x2F;lifehacker.com&#x2F;how-to-keep-spam-out-of-your-google-c...</a><p>It was awhile ago, but that looks like the right link and jives with my current settings.  I don&#x27;t get any more spam on my calendar, but obviously need to manually respond Yes to any email invites to get them to show on the calendar.","time":1595889643,"type":"comment"}
08-05 20:04:33.409  9364  9938 D CustomInterceptor: interceptor_finished : return_type #2 : request served from cache
08-05 20:04:33.466  9364  9956 D CustomInterceptor: NETWORK-PROVIDER https://hacker-news.firebaseio.com/v0/item/23972258.json
08-05 20:04:33.468  9364  9956 D CustomInterceptor: HEADER REQUEST
08-05 20:04:33.468  9364  9956 D CustomInterceptor: Cache-Control max-age=300, max-stale=300
08-05 20:04:33.468  9364  9956 D CustomInterceptor: CACHED STATS: size = '100', maxSize = '100', hitCount = '174', createCount = '0', putCount = '123', evictionCount = '23', missCount = '158', toString = 'LruCache[maxSize=100,hits=174,misses=158,hitRate=52%]', 
08-05 20:04:33.469  9364  9956 D CustomInterceptor: PREFLIB GET REQUEST https://hacker-news.firebaseio.com/v0/item/23972258.json
08-05 20:04:33.469  9364  9956 D CustomInterceptor: PREFLIB found https://hacker-news.firebaseio.com/v0/item/23972258.json, sending it back
08-05 20:04:33.469  9364  9956 D CustomInterceptor: CONTENT {"by":"fpgaminer","id":23972258,"kids":[23974089],"parent":23971544,"text":"&gt; Google has very little incentive to fix the problem<p>A long time ago, in an internet far, far away, Gmail was brand new.  The big feature?  No spam.  Back then we&#x27;d hide our email addresses in cryptic text and images.  It was a private thing, shared between friends.  If the light of the internet were to ever shine upon your unobfuscated email address, woe be onto you as the plague of SPAM descended.  There were even entire websites dedicate to the purpose of &quot;email address images&quot;.  It was ... a wild time.<p>Then, GMAIL!  For the first time since the dawn of SPAM we could post our addresses in plaintext, in the light of day.  We didn&#x27;t hide them like dirty underwear.  The whole WORLD could see our email addresses, and we didn&#x27;t have a care in the world.  The smell of fresh email was in the air, unbesmirched by SPAM.<p>Perhaps the young ones forget.  Perhaps Google has forgotten.  Lost to the sands of Calendar spam...","time":1595910396,"type":"comment"}
08-05 20:04:33.469  9364  9956 D CustomInterceptor: interceptor_finished : return_type #2 : request served from cache
08-05 20:04:33.482  9364  9466 D CustomInterceptor: NETWORK-PROVIDER https://hacker-news.firebaseio.com/v0/item/23972889.json
08-05 20:04:33.484  9364  9466 D CustomInterceptor: HEADER REQUEST
08-05 20:04:33.484  9364  9466 D CustomInterceptor: Cache-Control max-age=300, max-stale=300
08-05 20:04:33.484  9364  9466 D CustomInterceptor: CACHED STATS: size = '100', maxSize = '100', hitCount = '175', createCount = '0', putCount = '123', evictionCount = '23', missCount = '158', toString = 'LruCache[maxSize=100,hits=175,misses=158,hitRate=52%]', 
08-05 20:04:33.484  9364  9466 D CustomInterceptor: PREFLIB NOT A GET REQUEST OR NOT IN CACHEGET
08-05 20:04:33.502  9364  9942 D CustomInterceptor: NETWORK-PROVIDER https://hacker-news.firebaseio.com/v0/item/23970459.json
08-05 20:04:33.504  9364  9942 D CustomInterceptor: HEADER REQUEST
08-05 20:04:33.504  9364  9942 D CustomInterceptor: Cache-Control max-age=300, max-stale=300
08-05 20:04:33.504  9364  9942 D CustomInterceptor: CACHED STATS: size = '100', maxSize = '100', hitCount = '175', createCount = '0', putCount = '123', evictionCount = '23', missCount = '159', toString = 'LruCache[maxSize=100,hits=175,misses=159,hitRate=52%]', 
08-05 20:04:33.504  9364  9942 D CustomInterceptor: PREFLIB GET REQUEST https://hacker-news.firebaseio.com/v0/item/23970459.json
08-05 20:04:33.504  9364  9942 D CustomInterceptor: PREFLIB found https://hacker-news.firebaseio.com/v0/item/23970459.json, sending it back
08-05 20:04:33.504  9364  9942 D CustomInterceptor: CONTENT {"by":"unnouinceput","id":23970459,"kids":[23971841],"parent":23970366,"text":"Considering 40h&#x2F;week that would be 1500&#x2F;40 = $35&#x2F;h. Kinda low for a freelancer to work from home. Tell spammers their game is outdated, they should at least double it :P","time":1595891334,"type":"comment"}
08-05 20:04:33.504  9364  9942 D CustomInterceptor: interceptor_finished : return_type #2 : request served from cache
08-05 20:04:33.695  9364  9468 D CustomInterceptor: NETWORK-PROVIDER https://hacker-news.firebaseio.com/v0/item/23971924.json
08-05 20:04:33.697  9364  9468 D CustomInterceptor: HEADER REQUEST
08-05 20:04:33.697  9364  9468 D CustomInterceptor: Cache-Control max-age=300, max-stale=300
08-05 20:04:33.697  9364  9468 D CustomInterceptor: CACHED STATS: size = '100', maxSize = '100', hitCount = '176', createCount = '0', putCount = '123', evictionCount = '23', missCount = '159', toString = 'LruCache[maxSize=100,hits=176,misses=159,hitRate=52%]', 
08-05 20:04:33.697  9364  9468 D CustomInterceptor: PREFLIB GET REQUEST https://hacker-news.firebaseio.com/v0/item/23971924.json
08-05 20:04:33.697  9364  9468 D CustomInterceptor: PREFLIB found https://hacker-news.firebaseio.com/v0/item/23971924.json, sending it back
08-05 20:04:33.697  9364  9468 D CustomInterceptor: CONTENT {"by":"o-__-o","id":23971924,"kids":[23972051],"parent":23971214,"text":"For every one person who vows to never purchase their product, 10 others become useful leads.","time":1595905948,"type":"comment"}
08-05 20:04:33.697  9364  9468 D CustomInterceptor: interceptor_finished : return_type #2 : request served from cache
08-05 20:04:33.707  9364  9944 D CustomInterceptor: NETWORK-PROVIDER https://hacker-news.firebaseio.com/v0/item/23973978.json
08-05 20:04:33.709  9364  9944 D CustomInterceptor: HEADER REQUEST
08-05 20:04:33.709  9364  9944 D CustomInterceptor: Cache-Control max-age=300, max-stale=300
08-05 20:04:33.709  9364  9944 D CustomInterceptor: CACHED STATS: size = '100', maxSize = '100', hitCount = '177', createCount = '0', putCount = '123', evictionCount = '23', missCount = '159', toString = 'LruCache[maxSize=100,hits=177,misses=159,hitRate=52%]', 
08-05 20:04:33.709  9364  9944 D CustomInterceptor: PREFLIB GET REQUEST https://hacker-news.firebaseio.com/v0/item/23973978.json
08-05 20:04:33.709  9364  9944 D CustomInterceptor: PREFLIB found https://hacker-news.firebaseio.com/v0/item/23973978.json, sending it back
08-05 20:04:33.709  9364  9944 D CustomInterceptor: CONTENT {"deleted":true,"id":23973978,"parent":23971214,"time":1595928835,"type":"comment"}
08-05 20:04:33.709  9364  9944 D CustomInterceptor: interceptor_finished : return_type #2 : request served from cache
08-05 20:04:33.729  9364  9933 D CustomInterceptor: NETWORK-PROVIDER https://hacker-news.firebaseio.com/v0/item/23972234.json
08-05 20:04:33.732  9364  9933 D CustomInterceptor: HEADER REQUEST
08-05 20:04:33.732  9364  9933 D CustomInterceptor: Cache-Control max-age=300, max-stale=300
08-05 20:04:33.732  9364  9933 D CustomInterceptor: CACHED STATS: size = '100', maxSize = '100', hitCount = '178', createCount = '0', putCount = '123', evictionCount = '23', missCount = '159', toString = 'LruCache[maxSize=100,hits=178,misses=159,hitRate=52%]', 
08-05 20:04:33.732  9364  9933 D CustomInterceptor: PREFLIB GET REQUEST https://hacker-news.firebaseio.com/v0/item/23972234.json
08-05 20:04:33.732  9364  9933 D CustomInterceptor: PREFLIB found https://hacker-news.firebaseio.com/v0/item/23972234.json, sending it back
08-05 20:04:33.732  9364  9933 D CustomInterceptor: CONTENT {"by":"gjs278","dead":true,"id":23972234,"parent":23971214,"text":"ok... and you know it wasnt a breech. anyone you explained it to would understand it was a sales rep taking advantage of a bug. youd sound a little off.","time":1595909897,"type":"comment"}
08-05 20:04:33.732  9364  9933 D CustomInterceptor: interceptor_finished : return_type #2 : request served from cache
08-05 20:04:33.746  9364  9954 D CustomInterceptor: NETWORK-PROVIDER https://hacker-news.firebaseio.com/v0/item/23971897.json
08-05 20:04:33.748  9364  9954 D CustomInterceptor: HEADER REQUEST
08-05 20:04:33.748  9364  9954 D CustomInterceptor: Cache-Control max-age=300, max-stale=300
08-05 20:04:33.749  9364  9954 D CustomInterceptor: CACHED STATS: size = '100', maxSize = '100', hitCount = '179', createCount = '0', putCount = '123', evictionCount = '23', missCount = '159', toString = 'LruCache[maxSize=100,hits=179,misses=159,hitRate=52%]', 
08-05 20:04:33.749  9364  9954 D CustomInterceptor: PREFLIB GET REQUEST https://hacker-news.firebaseio.com/v0/item/23971897.json
08-05 20:04:33.749  9364  9954 D CustomInterceptor: PREFLIB found https://hacker-news.firebaseio.com/v0/item/23971897.json, sending it back
08-05 20:04:33.749  9364  9954 D CustomInterceptor: CONTENT {"by":"dreamcompiler","id":23971897,"kids":[23971961,23972074],"parent":23971557,"text":"&gt; It boggles the mind why a sales person would do something that is likely to be seen as an invasion to the prospect.<p>Sales droids don&#x27;t think the same way regular people do. A lot of them really believe everybody is as extroverted as they are and introverts are just pretending. And that everybody would be as excited about their product as they are, if they only knew about it. The best sales people can adopt the point of view of their prospects; mediocre ones cannot.","time":1595905474,"type":"comment"}
08-05 20:04:33.749  9364  9954 D CustomInterceptor: interceptor_finished : return_type #2 : request served from cache
08-05 20:04:33.798  9364  9911 D CustomInterceptor: NETWORK-PROVIDER https://hacker-news.firebaseio.com/v0/item/23971030.json
08-05 20:04:33.800  9364  9911 D CustomInterceptor: HEADER REQUEST
08-05 20:04:33.800  9364  9911 D CustomInterceptor: Cache-Control max-age=300, max-stale=300
08-05 20:04:33.800  9364  9911 D CustomInterceptor: CACHED STATS: size = '100', maxSize = '100', hitCount = '180', createCount = '0', putCount = '123', evictionCount = '23', missCount = '159', toString = 'LruCache[maxSize=100,hits=180,misses=159,hitRate=53%]', 
08-05 20:04:33.800  9364  9911 D CustomInterceptor: PREFLIB NOT A GET REQUEST OR NOT IN CACHEGET
08-05 20:04:33.812  9364  9909 D CustomInterceptor: NETWORK-PROVIDER https://hacker-news.firebaseio.com/v0/item/23972381.json
08-05 20:04:33.814  9364  9909 D CustomInterceptor: HEADER REQUEST
08-05 20:04:33.814  9364  9909 D CustomInterceptor: Cache-Control max-age=300, max-stale=300
08-05 20:04:33.814  9364  9909 D CustomInterceptor: CACHED STATS: size = '100', maxSize = '100', hitCount = '180', createCount = '0', putCount = '123', evictionCount = '23', missCount = '160', toString = 'LruCache[maxSize=100,hits=180,misses=160,hitRate=52%]', 
08-05 20:04:33.814  9364  9909 D CustomInterceptor: PREFLIB NOT A GET REQUEST OR NOT IN CACHEGET
08-05 20:04:33.892  9364  9465 D CustomInterceptor: CACHE_CONTROL SETTING NEW MAX-AGE
08-05 20:04:33.893  9364  9465 D CustomInterceptor: HEADER RESPONSE
08-05 20:04:33.894  9364  9465 D CustomInterceptor: Access-Control-Allow-Origin *
08-05 20:04:33.894  9364  9465 D CustomInterceptor: Cache-Control public, immutable, max-age=300, only-if-cached, max-stale=300
08-05 20:04:33.894  9364  9465 D CustomInterceptor: Connection keep-alive
08-05 20:04:33.894  9364  9465 D CustomInterceptor: Content-Length 236
08-05 20:04:33.894  9364  9465 D CustomInterceptor: Content-Type application/json; charset=utf-8
08-05 20:04:33.894  9364  9465 D CustomInterceptor: Date Wed, 05 Aug 2020 18:04:29 GMT
08-05 20:04:33.894  9364  9465 D CustomInterceptor: Expires Wed, 05 Aug 2020 18:09:33 GMT+00:00
08-05 20:04:33.894  9364  9465 D CustomInterceptor: Server nginx
08-05 20:04:33.894  9364  9465 D CustomInterceptor: Strict-Transport-Security max-age=31556926; includeSubDomains; preload
08-05 20:04:33.894  9364  9465 D CustomInterceptor: CACHEABLE true
08-05 20:04:33.894  9364  9465 D CustomInterceptor: REQ https://hacker-news.firebaseio.com/v0/item/23970063.json
08-05 20:04:33.894  9364  9465 D CustomInterceptor: REQ_SERV_BY net
08-05 20:04:33.894  9364  9465 D CustomInterceptor: PREFLIB Adding response to lrucache - https://hacker-news.firebaseio.com/v0/item/23970063.json
08-05 20:04:33.914  9364  9465 D CustomInterceptor: interceptor_finished : return_type #3 : request served from remote and added to cache
08-05 20:04:33.992  9364  9918 D CustomInterceptor: NETWORK-PROVIDER https://hacker-news.firebaseio.com/v0/item/23972051.json
08-05 20:04:33.994  9364  9918 D CustomInterceptor: HEADER REQUEST
08-05 20:04:33.994  9364  9918 D CustomInterceptor: Cache-Control max-age=300, max-stale=300
08-05 20:04:33.994  9364  9918 D CustomInterceptor: CACHED STATS: size = '100', maxSize = '100', hitCount = '181', createCount = '0', putCount = '124', evictionCount = '24', missCount = '161', toString = 'LruCache[maxSize=100,hits=181,misses=161,hitRate=52%]', 
08-05 20:04:33.994  9364  9918 D CustomInterceptor: PREFLIB GET REQUEST https://hacker-news.firebaseio.com/v0/item/23972051.json
08-05 20:04:33.994  9364  9918 D CustomInterceptor: PREFLIB found https://hacker-news.firebaseio.com/v0/item/23972051.json, sending it back
08-05 20:04:33.994  9364  9918 D CustomInterceptor: CONTENT {"by":"WrtCdEvrydy","id":23972051,"kids":[23972279,23972882],"parent":23971924,"text":"Yes, but for every person I tell that they had a data breach causing them to phish their customers through calendar, I can poison 50 people in each organization, then they can poison 50 and so forth... let&#x27;s call it exponential growth of the DELL-20 coronavirus.","time":1595907630,"type":"comment"}
08-05 20:04:33.994  9364  9918 D CustomInterceptor: interceptor_finished : return_type #2 : request served from cache
08-05 20:04:33.995  9364  9466 D CustomInterceptor: CACHE_CONTROL SETTING NEW MAX-AGE
08-05 20:04:33.996  9364  9466 D CustomInterceptor: HEADER RESPONSE
08-05 20:04:33.996  9364  9466 D CustomInterceptor: Access-Control-Allow-Origin *
08-05 20:04:33.996  9364  9466 D CustomInterceptor: Cache-Control public, immutable, max-age=300, only-if-cached, max-stale=300
08-05 20:04:33.996  9364  9466 D CustomInterceptor: Connection keep-alive
08-05 20:04:33.996  9364  9466 D CustomInterceptor: Content-Length 360
08-05 20:04:33.996  9364  9466 D CustomInterceptor: Content-Type application/json; charset=utf-8
08-05 20:04:33.996  9364  9466 D CustomInterceptor: Date Wed, 05 Aug 2020 18:04:29 GMT
08-05 20:04:33.997  9364  9466 D CustomInterceptor: Expires Wed, 05 Aug 2020 18:09:33 GMT+00:00
08-05 20:04:33.997  9364  9466 D CustomInterceptor: Server nginx
08-05 20:04:33.997  9364  9466 D CustomInterceptor: Strict-Transport-Security max-age=31556926; includeSubDomains; preload
08-05 20:04:33.997  9364  9466 D CustomInterceptor: CACHEABLE true
08-05 20:04:33.997  9364  9466 D CustomInterceptor: REQ https://hacker-news.firebaseio.com/v0/item/23972889.json
08-05 20:04:33.997  9364  9466 D CustomInterceptor: REQ_SERV_BY net
08-05 20:04:33.997  9364  9466 D CustomInterceptor: PREFLIB Adding response to lrucache - https://hacker-news.firebaseio.com/v0/item/23972889.json
08-05 20:04:34.025  9364  9466 D CustomInterceptor: interceptor_finished : return_type #3 : request served from remote and added to cache
08-05 20:04:34.035  9364  9457 D CustomInterceptor: NETWORK-PROVIDER https://hacker-news.firebaseio.com/v0/item/23971961.json
08-05 20:04:34.037  9364  9457 D CustomInterceptor: HEADER REQUEST
08-05 20:04:34.037  9364  9457 D CustomInterceptor: Cache-Control max-age=300, max-stale=300
08-05 20:04:34.037  9364  9457 D CustomInterceptor: CACHED STATS: size = '100', maxSize = '100', hitCount = '183', createCount = '0', putCount = '125', evictionCount = '25', missCount = '161', toString = 'LruCache[maxSize=100,hits=183,misses=161,hitRate=53%]', 
08-05 20:04:34.037  9364  9457 D CustomInterceptor: PREFLIB NOT A GET REQUEST OR NOT IN CACHEGET
08-05 20:04:34.105  9364  9925 D CustomInterceptor: NETWORK-PROVIDER https://hacker-news.firebaseio.com/v0/item/23972279.json
08-05 20:04:34.107  9364  9925 D CustomInterceptor: HEADER REQUEST
08-05 20:04:34.107  9364  9925 D CustomInterceptor: Cache-Control max-age=300, max-stale=300
08-05 20:04:34.107  9364  9925 D CustomInterceptor: CACHED STATS: size = '100', maxSize = '100', hitCount = '183', createCount = '0', putCount = '125', evictionCount = '25', missCount = '162', toString = 'LruCache[maxSize=100,hits=183,misses=162,hitRate=53%]', 
08-05 20:04:34.107  9364  9925 D CustomInterceptor: PREFLIB GET REQUEST https://hacker-news.firebaseio.com/v0/item/23972279.json
08-05 20:04:34.107  9364  9925 D CustomInterceptor: PREFLIB found https://hacker-news.firebaseio.com/v0/item/23972279.json, sending it back
08-05 20:04:34.107  9364  9925 D CustomInterceptor: CONTENT {"by":"malux85","id":23972279,"kids":[23972400,23973654],"parent":23972051,"text":"And each of those 10 successes tells 50,<p>Dont you get it?! They wouldnt do it if it didnt work, and you are vastly outnumbered. Its not right, its bloody annoying, but its there and its not going away.<p>Google needs to fix the root problem, so that the spammy behaviour is not possible.","time":1595910606,"type":"comment"}
08-05 20:04:34.107  9364  9925 D CustomInterceptor: interceptor_finished : return_type #2 : request served from cache
08-05 20:04:34.121  9364  9920 D CustomInterceptor: NETWORK-PROVIDER https://hacker-news.firebaseio.com/v0/item/23972882.json
08-05 20:04:34.123  9364  9920 D CustomInterceptor: HEADER REQUEST
08-05 20:04:34.123  9364  9920 D CustomInterceptor: Cache-Control max-age=300, max-stale=300
08-05 20:04:34.123  9364  9920 D CustomInterceptor: CACHED STATS: size = '100', maxSize = '100', hitCount = '184', createCount = '0', putCount = '125', evictionCount = '25', missCount = '162', toString = 'LruCache[maxSize=100,hits=184,misses=162,hitRate=53%]', 
08-05 20:04:34.123  9364  9920 D CustomInterceptor: PREFLIB GET REQUEST https://hacker-news.firebaseio.com/v0/item/23972882.json
08-05 20:04:34.127  9364  9920 D CustomInterceptor: PREFLIB found https://hacker-news.firebaseio.com/v0/item/23972882.json, sending it back
08-05 20:04:34.127  9364  9920 D CustomInterceptor: CONTENT {"by":"BeetleB","id":23972882,"parent":23972051,"text":"&gt; Yes, but for every person I tell that they had a data breach causing them to phish their customers through calendar<p>The number of times I&#x27;ve managed to convince someone not to use a service because of data breaches or poor security settings is precisely 0.<p>If people are OK with banks and retirement accounts that follow poor security standards, they won&#x27;t really care about Dell.","time":1595917552,"type":"comment"}
08-05 20:04:34.127  9364  9920 D CustomInterceptor: interceptor_finished : return_type #2 : request served from cache
08-05 20:04:34.224  9364  9909 D CustomInterceptor: CACHE_CONTROL SETTING NEW MAX-AGE
08-05 20:04:34.225  9364  9909 D CustomInterceptor: HEADER RESPONSE
08-05 20:04:34.225  9364  9909 D CustomInterceptor: Access-Control-Allow-Origin *
08-05 20:04:34.225  9364  9909 D CustomInterceptor: Cache-Control public, immutable, max-age=300, only-if-cached, max-stale=300
08-05 20:04:34.225  9364  9909 D CustomInterceptor: Connection keep-alive
08-05 20:04:34.225  9364  9909 D CustomInterceptor: Content-Length 209
08-05 20:04:34.225  9364  9909 D CustomInterceptor: Content-Type application/json; charset=utf-8
08-05 20:04:34.225  9364  9909 D CustomInterceptor: Date Wed, 05 Aug 2020 18:04:30 GMT
08-05 20:04:34.225  9364  9909 D CustomInterceptor: Expires Wed, 05 Aug 2020 18:09:34 GMT+00:00
08-05 20:04:34.225  9364  9909 D CustomInterceptor: Server nginx
08-05 20:04:34.226  9364  9909 D CustomInterceptor: Strict-Transport-Security max-age=31556926; includeSubDomains; preload
08-05 20:04:34.226  9364  9909 D CustomInterceptor: CACHEABLE true
08-05 20:04:34.226  9364  9909 D CustomInterceptor: REQ https://hacker-news.firebaseio.com/v0/item/23972381.json
08-05 20:04:34.226  9364  9909 D CustomInterceptor: REQ_SERV_BY net
08-05 20:04:34.226  9364  9909 D CustomInterceptor: PREFLIB Adding response to lrucache - https://hacker-news.firebaseio.com/v0/item/23972381.json
08-05 20:04:34.250  9364  9909 D CustomInterceptor: interceptor_finished : return_type #3 : request served from remote and added to cache
08-05 20:04:34.324  9364  9911 D CustomInterceptor: CACHE_CONTROL SETTING NEW MAX-AGE
08-05 20:04:34.325  9364  9911 D CustomInterceptor: HEADER RESPONSE
08-05 20:04:34.325  9364  9911 D CustomInterceptor: Access-Control-Allow-Origin *
08-05 20:04:34.326  9364  9911 D CustomInterceptor: Cache-Control public, immutable, max-age=300, only-if-cached, max-stale=300
08-05 20:04:34.326  9364  9911 D CustomInterceptor: Connection keep-alive
08-05 20:04:34.326  9364  9911 D CustomInterceptor: Content-Length 247
08-05 20:04:34.326  9364  9911 D CustomInterceptor: Content-Type application/json; charset=utf-8
08-05 20:04:34.326  9364  9911 D CustomInterceptor: Date Wed, 05 Aug 2020 18:04:30 GMT
08-05 20:04:34.326  9364  9911 D CustomInterceptor: Expires Wed, 05 Aug 2020 18:09:34 GMT+00:00
08-05 20:04:34.326  9364  9911 D CustomInterceptor: Server nginx
08-05 20:04:34.326  9364  9911 D CustomInterceptor: Strict-Transport-Security max-age=31556926; includeSubDomains; preload
08-05 20:04:34.326  9364  9911 D CustomInterceptor: CACHEABLE true
08-05 20:04:34.326  9364  9911 D CustomInterceptor: REQ https://hacker-news.firebaseio.com/v0/item/23971030.json
08-05 20:04:34.326  9364  9911 D CustomInterceptor: REQ_SERV_BY net
08-05 20:04:34.326  9364  9911 D CustomInterceptor: PREFLIB Adding response to lrucache - https://hacker-news.firebaseio.com/v0/item/23971030.json
08-05 20:04:34.352  9364  9911 D CustomInterceptor: interceptor_finished : return_type #3 : request served from remote and added to cache
08-05 20:04:36.154  9364  9457 D CustomInterceptor: Interceptor exiting with exception java.io.IOException: unexpected end of stream on https://hacker-news.firebaseio.com/...
08-05 20:04:36.157  9364  9457 D CustomInterceptor: interceptor_finished : return_type #4 : interceptor failed, resuming the request chain with the original request
08-05 20:04:43.817  9364  9456 D CustomInterceptor: NETWORK-PROVIDER https://hacker-news.firebaseio.com/v0/item/23971016.json
08-05 20:04:43.819  9364  9456 D CustomInterceptor: HEADER REQUEST
08-05 20:04:43.819  9364  9456 D CustomInterceptor: Cache-Control max-age=300, max-stale=300
08-05 20:04:43.819  9364  9456 D CustomInterceptor: CACHED STATS: size = '100', maxSize = '100', hitCount = '187', createCount = '0', putCount = '127', evictionCount = '27', missCount = '162', toString = 'LruCache[maxSize=100,hits=187,misses=162,hitRate=53%]', 
08-05 20:04:43.819  9364  9456 D CustomInterceptor: PREFLIB GET REQUEST https://hacker-news.firebaseio.com/v0/item/23971016.json
08-05 20:04:43.819  9364  9456 D CustomInterceptor: PREFLIB found https://hacker-news.firebaseio.com/v0/item/23971016.json, sending it back
