08-06 15:20:14.485 23445 23462 D Nappa   : registerActivity: (already in) nappatfpr.io.github.project_travel_mate.destinations.funfacts.FunFactsActivity
08-06 15:20:14.486 23445 23462 D Nappa   : PARENTS 
08-06 15:20:14.486 23445 23462 D Nappa   : Of: nappatfpr.io.github.project_travel_mate.destinations.funfacts.FunFactsActivity -> 
08-06 15:20:14.486 23445 23462 D Nappa   : PARENTS nappatfpr.io.github.project_travel_mate.destinations.description.FinalCityInfoActivity
08-06 15:20:14.486 23445 23462 D Nappa   : PARENTS has extra: (cityobject_, objects.City@fcf68bf)
08-06 15:20:14.486 23445 23462 D Nappa   : PARENTS nappatfpr.io.github.project_travel_mate.MainActivity
08-06 15:20:14.486 23445 23462 D Nappa   : PARENTS has extra: (cityobject_, objects.City@497bf65)
08-06 15:20:14.486 23445 23462 D Nappa   : PARENTS nappatfpr.io.github.project_travel_mate.SplashActivity
08-06 15:20:14.487 23445 23445 D Nappa   : registerActivity: (already in) nappatfpr.io.github.project_travel_mate.destinations.funfacts.FunFactsActivity
08-06 15:20:14.487 23445 23445 D Nappa   : STATS Number of requests not prefetched: 8
08-06 15:20:14.487 23445 23445 D Nappa   : STATS Number of requests prefetched: 2
08-06 15:20:14.487 23445 23445 D Nappa   : STATS Time saved until now: 0.071
08-06 15:20:14.685 23445 23462 D Nappa   : PREFETCH_ON_EXTRA - setCurrentActivity - logs - from extra - made prediction istrue
08-06 15:20:14.685 23445 23462 D Nappa   : PREFETCH_ON_EXTRA - setCurrentActivity - logs - from extra - start
08-06 15:20:14.685 23445 23462 D Nappa   : setCurrentActivity - MetricStrategyAccuracy - checking prediction VS current activity for extras
08-06 15:20:14.686 23445 23462 D Nappa   : PREFETCH_ON_EXTRA - setCurrentActivity - logs - from extra- finished
08-06 15:20:14.987 23445 23462 D Nappa   : PREFETCH_ON_EXTRA - setCurrentActivity - starting new prediction
08-06 15:20:14.987 23445 23462 D Nappa   : Current node - currentActivityName - nappatfpr.io.github.project_travel_mate.destinations.funfacts.FunFactsActivity
08-06 15:20:14.987 23445 23462 D Nappa   : Current node - activityGraph.getCurrent() - nappatfpr.io.github.project_travel_mate.destinations.funfacts.FunFactsActivity
08-06 15:20:14.988 23445 23462 D Nappa   : PREFETCH_ON_EXTRA - setCurrentActivity - finished new prediction
08-06 15:20:17.192 23445 23445 D Nappa   : Stayed on nappatfpr.io.github.project_travel_mate.destinations.funfacts.FunFactsActivity for 2705 ms
08-06 15:20:17.201 23445 23445 D Nappa   : setCurrentActivity - MetricStrategyAccuracy - 
08-06 15:20:17.201 23445 23445 D Nappa   : madePredictionFromActivity = true, 
08-06 15:20:17.201 23445 23445 D Nappa   : fromActivity = nappatfpr.io.github.project_travel_mate.destinations.funfacts.FunFactsActivity, 
08-06 15:20:17.201 23445 23445 D Nappa   : predictedNextActivityFromActivity = [], 
08-06 15:20:17.201 23445 23445 D Nappa   : activity.getClass().getCanonicalName() = nappatfpr.io.github.project_travel_mate.destinations.description.FinalCityInfoActivity, 
08-06 15:20:17.201 23445 23445 D Nappa   : setCurrentActivity - MetricStrategyAccuracy - 
08-06 15:20:17.201 23445 23445 D Nappa   : madePredictionFromExtra = false, 
08-06 15:20:17.201 23445 23445 D Nappa   : fromActivity = nappatfpr.io.github.project_travel_mate.destinations.funfacts.FunFactsActivity, 
08-06 15:20:17.201 23445 23445 D Nappa   : predictedNextActivityFromExtra = [], 
08-06 15:20:17.201 23445 23445 D Nappa   : activity.getClass().getCanonicalName() = nappatfpr.io.github.project_travel_mate.destinations.description.FinalCityInfoActivity, 
08-06 15:20:17.201 23445 23445 D Nappa   : PREFETCH_ON_EXTRA - setCurrentActivity - logs - from activity - made prediction istrue
08-06 15:20:17.201 23445 23445 D Nappa   : PREFETCH_ON_EXTRA - setCurrentActivity - logs - from activity - start
08-06 15:20:17.201 23445 23445 D Nappa   : PREFETCH_ON_EXTRA - setCurrentActivity - logs - from activity- finished
08-06 15:20:17.302 23445 23445 D Nappa   : registerActivity: (already in) nappatfpr.io.github.project_travel_mate.destinations.description.FinalCityInfoActivity
08-06 15:20:17.302 23445 23445 D Nappa   : SHOULD_PREFETCH false
08-06 15:20:17.302 23445 23445 D Nappa   : STATS Number of requests not prefetched: 8
08-06 15:20:17.302 23445 23445 D Nappa   : STATS Number of requests prefetched: 2
08-06 15:20:17.302 23445 23445 D Nappa   : STATS Time saved until now: 0.071
08-06 15:20:17.602 23445 23462 D Nappa   : PREFETCH_ON_EXTRA - setCurrentActivity - logs - from extra - made prediction isfalse
08-06 15:20:19.112 23445 23445 D Nappa   : Stayed on nappatfpr.io.github.project_travel_mate.destinations.description.FinalCityInfoActivity for 1810 ms
08-06 15:20:19.140 23445 23445 D Nappa   : TAG okHttpClient initialized
08-06 15:20:19.142 23445 24208 D Nappa   : F1_SCORE add_intercept_url - (already in) - https://project-travel-mate.herokuapp.com/api/get-city-information/1
08-06 15:20:19.142 23445 24208 D Nappa   : F1_SCORE add_fn_url - (already in) - https://project-travel-mate.herokuapp.com/api/get-city-information/1
08-06 15:20:19.142 23445 24208 D Nappa   : -------------F1_SCORE #14 -----------
08-06 15:20:19.142 23445 24208 D Nappa   : F1_SCORE - Intercept list (8)= [https://project-travel-mate.herokuapp.com/api/get-user, https://project-travel-mate.herokuapp.com/api/get-all-cities/10, https://project-travel-mate.herokuapp.com/api/number-of-unread-notifications, https://project-travel-mate.herokuapp.com/api/get-city-weather/1, https://project-travel-mate.herokuapp.com/api/get-city/1, https://project-travel-mate.herokuapp.com/api/get-city-information/1, https://project-travel-mate.herokuapp.com/api/get-city-facts/1, https://project-travel-mate.herokuapp.com/api/get-city-images/1]
08-06 15:20:19.142 23445 24208 D Nappa   : F1_SCORE - Prefetch list (0)= []
08-06 15:20:19.142 23445 24208 D Nappa   : F1_SCORE - TP list (0)= []
08-06 15:20:19.142 23445 24208 D Nappa   : F1_SCORE - FN list (8)= [https://project-travel-mate.herokuapp.com/api/get-user, https://project-travel-mate.herokuapp.com/api/get-all-cities/10, https://project-travel-mate.herokuapp.com/api/number-of-unread-notifications, https://project-travel-mate.herokuapp.com/api/get-city-weather/1, https://project-travel-mate.herokuapp.com/api/get-city/1, https://project-travel-mate.herokuapp.com/api/get-city-information/1, https://project-travel-mate.herokuapp.com/api/get-city-facts/1, https://project-travel-mate.herokuapp.com/api/get-city-images/1]
08-06 15:20:19.142 23445 23445 D Nappa   : setCurrentActivity - MetricStrategyAccuracy - 
08-06 15:20:19.142 23445 23445 D Nappa   : madePredictionFromActivity = false, 
08-06 15:20:19.142 23445 23445 D Nappa   : fromActivity = nappatfpr.io.github.project_travel_mate.destinations.description.FinalCityInfoActivity, 
08-06 15:20:19.142 23445 23445 D Nappa   : predictedNextActivityFromActivity = [], 
08-06 15:20:19.142 23445 23445 D Nappa   : activity.getClass().getCanonicalName() = nappatfpr.io.github.project_travel_mate.destinations.description.CityHistoryActivity, 
08-06 15:20:19.142 23445 23445 D Nappa   : setCurrentActivity - MetricStrategyAccuracy - 
08-06 15:20:19.142 23445 23445 D Nappa   : madePredictionFromExtra = false, 
08-06 15:20:19.142 23445 23445 D Nappa   : fromActivity = nappatfpr.io.github.project_travel_mate.destinations.description.FinalCityInfoActivity, 
08-06 15:20:19.142 23445 23445 D Nappa   : predictedNextActivityFromExtra = [], 
08-06 15:20:19.142 23445 23445 D Nappa   : activity.getClass().getCanonicalName() = nappatfpr.io.github.project_travel_mate.destinations.description.CityHistoryActivity, 
08-06 15:20:19.142 23445 23445 D Nappa   : PREFETCH_ON_EXTRA - setCurrentActivity - logs - from activity - made prediction isfalse
08-06 15:20:19.242 23445 23462 D Nappa   : registerActivity: (already in) nappatfpr.io.github.project_travel_mate.destinations.description.FinalCityInfoActivity
08-06 15:20:19.242 23445 23462 D Nappa   : PARENTS 
08-06 15:20:19.242 23445 23462 D Nappa   : Of: nappatfpr.io.github.project_travel_mate.destinations.description.FinalCityInfoActivity -> 
08-06 15:20:19.242 23445 23462 D Nappa   : PARENTS nappatfpr.io.github.project_travel_mate.MainActivity
08-06 15:20:19.242 23445 23462 D Nappa   : PARENTS has extra: (cityobject_, objects.City@497bf65)
08-06 15:20:19.242 23445 23462 D Nappa   : PARENTS nappatfpr.io.github.project_travel_mate.SplashActivity
08-06 15:20:19.243 23445 23445 D Nappa   : registerActivity: (already in) nappatfpr.io.github.project_travel_mate.destinations.description.CityHistoryActivity
08-06 15:20:19.243 23445 23445 D Nappa   : SHOULD_PREFETCH true
08-06 15:20:19.344 23445 23445 D Nappa   : registerActivity: (already in) nappatfpr.io.github.project_travel_mate.destinations.description.CityHistoryActivity
08-06 15:20:19.344 23445 23445 D Nappa   : STATS Number of requests not prefetched: 8
08-06 15:20:19.344 23445 23445 D Nappa   : STATS Number of requests prefetched: 3
08-06 15:20:19.344 23445 23445 D Nappa   : STATS Time saved until now: 0.102
08-06 15:20:19.543 23445 23462 D Nappa   : PREFETCH_ON_EXTRA - setCurrentActivity - logs - from extra - made prediction isfalse
08-06 15:20:19.844 23445 23462 D Nappa   : PREFETCH_ON_EXTRA - setCurrentActivity - starting new prediction
08-06 15:20:19.844 23445 23462 D Nappa   : Current node - currentActivityName - nappatfpr.io.github.project_travel_mate.destinations.description.CityHistoryActivity
08-06 15:20:19.844 23445 23462 D Nappa   : Current node - activityGraph.getCurrent() - nappatfpr.io.github.project_travel_mate.destinations.description.CityHistoryActivity
08-06 15:20:19.845 23445 23462 D Nappa   : PREFETCH_ON_EXTRA - setCurrentActivity - finished new prediction
08-06 15:20:24.020 23445 23445 D Nappa   : Stayed on nappatfpr.io.github.project_travel_mate.destinations.description.CityHistoryActivity for 4676 ms
08-06 15:20:24.031 23445 23445 D Nappa   : setCurrentActivity - MetricStrategyAccuracy - 
08-06 15:20:24.031 23445 23445 D Nappa   : madePredictionFromActivity = true, 
08-06 15:20:24.031 23445 23445 D Nappa   : fromActivity = nappatfpr.io.github.project_travel_mate.destinations.description.CityHistoryActivity, 
08-06 15:20:24.031 23445 23445 D Nappa   : predictedNextActivityFromActivity = [], 
08-06 15:20:24.031 23445 23445 D Nappa   : activity.getClass().getCanonicalName() = nappatfpr.io.github.project_travel_mate.destinations.description.FinalCityInfoActivity, 
08-06 15:20:24.031 23445 23445 D Nappa   : setCurrentActivity - MetricStrategyAccuracy - 
08-06 15:20:24.031 23445 23445 D Nappa   : madePredictionFromExtra = false, 
08-06 15:20:24.031 23445 23445 D Nappa   : fromActivity = nappatfpr.io.github.project_travel_mate.destinations.description.CityHistoryActivity, 
08-06 15:20:24.031 23445 23445 D Nappa   : predictedNextActivityFromExtra = [], 
08-06 15:20:24.031 23445 23445 D Nappa   : activity.getClass().getCanonicalName() = nappatfpr.io.github.project_travel_mate.destinations.description.FinalCityInfoActivity, 
08-06 15:20:24.031 23445 23445 D Nappa   : PREFETCH_ON_EXTRA - setCurrentActivity - logs - from activity - made prediction istrue
08-06 15:20:24.031 23445 23445 D Nappa   : PREFETCH_ON_EXTRA - setCurrentActivity - logs - from activity - start
08-06 15:20:24.031 23445 23445 D Nappa   : PREFETCH_ON_EXTRA - setCurrentActivity - logs - from activity- finished
08-06 15:20:24.132 23445 23445 D Nappa   : registerActivity: (already in) nappatfpr.io.github.project_travel_mate.destinations.description.FinalCityInfoActivity
08-06 15:20:24.132 23445 23445 D Nappa   : SHOULD_PREFETCH false
08-06 15:20:24.132 23445 23445 D Nappa   : STATS Number of requests not prefetched: 8
08-06 15:20:24.132 23445 23445 D Nappa   : STATS Number of requests prefetched: 3
08-06 15:20:24.132 23445 23445 D Nappa   : STATS Time saved until now: 0.102
08-06 15:20:24.432 23445 23462 D Nappa   : PREFETCH_ON_EXTRA - setCurrentActivity - logs - from extra - made prediction isfalse
08-06 15:20:25.931 23445 23445 D Nappa   : Stayed on nappatfpr.io.github.project_travel_mate.destinations.description.FinalCityInfoActivity for 1799 ms
08-06 15:20:25.938 23445 23445 D Nappa   : setCurrentActivity - MetricStrategyAccuracy - 
08-06 15:20:25.938 23445 23445 D Nappa   : madePredictionFromActivity = false, 
08-06 15:20:25.938 23445 23445 D Nappa   : fromActivity = nappatfpr.io.github.project_travel_mate.destinations.description.FinalCityInfoActivity, 
08-06 15:20:25.938 23445 23445 D Nappa   : predictedNextActivityFromActivity = [], 
08-06 15:20:25.938 23445 23445 D Nappa   : activity.getClass().getCanonicalName() = nappatfpr.io.github.project_travel_mate.MainActivity, 
08-06 15:20:25.938 23445 23445 D Nappa   : setCurrentActivity - MetricStrategyAccuracy - 
08-06 15:20:25.938 23445 23445 D Nappa   : madePredictionFromExtra = false, 
08-06 15:20:25.938 23445 23445 D Nappa   : fromActivity = nappatfpr.io.github.project_travel_mate.destinations.description.FinalCityInfoActivity, 
08-06 15:20:25.938 23445 23445 D Nappa   : predictedNextActivityFromExtra = [], 
08-06 15:20:25.938 23445 23445 D Nappa   : activity.getClass().getCanonicalName() = nappatfpr.io.github.project_travel_mate.MainActivity, 
08-06 15:20:25.938 23445 23445 D Nappa   : PREFETCH_ON_EXTRA - setCurrentActivity - logs - from activity - made prediction isfalse
08-06 15:20:26.039 23445 23445 D Nappa   : registerActivity: (already in) nappatfpr.io.github.project_travel_mate.MainActivity
08-06 15:20:26.039 23445 23445 D Nappa   : SHOULD_PREFETCH false
08-06 15:20:26.039 23445 23445 D Nappa   : STATS Number of requests not prefetched: 8
08-06 15:20:26.039 23445 23445 D Nappa   : STATS Number of requests prefetched: 3
08-06 15:20:26.039 23445 23445 D Nappa   : STATS Time saved until now: 0.102
08-06 15:20:26.045 23445 23445 D Nappa   : TAG okHttpClient initialized
08-06 15:20:26.047 23445 24346 D Nappa   : F1_SCORE add_intercept_url - (already in) - https://project-travel-mate.herokuapp.com/api/number-of-unread-notifications
08-06 15:20:26.047 23445 24346 D Nappa   : F1_SCORE add_fn_url - (already in) - https://project-travel-mate.herokuapp.com/api/number-of-unread-notifications
08-06 15:20:26.047 23445 24346 D Nappa   : -------------F1_SCORE #16 -----------
08-06 15:20:26.048 23445 24346 D Nappa   : F1_SCORE - Intercept list (8)= [https://project-travel-mate.herokuapp.com/api/get-user, https://project-travel-mate.herokuapp.com/api/get-all-cities/10, https://project-travel-mate.herokuapp.com/api/number-of-unread-notifications, https://project-travel-mate.herokuapp.com/api/get-city-weather/1, https://project-travel-mate.herokuapp.com/api/get-city/1, https://project-travel-mate.herokuapp.com/api/get-city-information/1, https://project-travel-mate.herokuapp.com/api/get-city-facts/1, https://project-travel-mate.herokuapp.com/api/get-city-images/1]
08-06 15:20:26.048 23445 24346 D Nappa   : F1_SCORE - Prefetch list (0)= []
08-06 15:20:26.048 23445 24346 D Nappa   : F1_SCORE - TP list (0)= []
08-06 15:20:26.048 23445 24346 D Nappa   : F1_SCORE - FN list (8)= [https://project-travel-mate.herokuapp.com/api/get-user, https://project-travel-mate.herokuapp.com/api/get-all-cities/10, https://project-travel-mate.herokuapp.com/api/number-of-unread-notifications, https://project-travel-mate.herokuapp.com/api/get-city-weather/1, https://project-travel-mate.herokuapp.com/api/get-city/1, https://project-travel-mate.herokuapp.com/api/get-city-information/1, https://project-travel-mate.herokuapp.com/api/get-city-facts/1, https://project-travel-mate.herokuapp.com/api/get-city-images/1]
08-06 15:20:26.147 23445 23462 D Nappa   : registerActivity: (already in) nappatfpr.io.github.project_travel_mate.MainActivity
08-06 15:20:26.148 23445 23462 D Nappa   : PARENTS 
08-06 15:20:26.148 23445 23462 D Nappa   : Of: nappatfpr.io.github.project_travel_mate.MainActivity -> 
08-06 15:20:26.148 23445 23462 D Nappa   : PARENTS nappatfpr.io.github.project_travel_mate.SplashActivity
08-06 15:20:26.339 23445 23462 D Nappa   : PREFETCH_ON_EXTRA - setCurrentActivity - logs - from extra - made prediction isfalse
08-06 15:20:27.829 23445 23462 D Nappa   : PREFETCH_ON_EXTRA - notifyExtras- start
08-06 15:20:27.839 23445 23462 D Nappa   : PREFETCH_ON_EXTRA - notifyExtras- end
08-06 15:20:27.839 23445 23462 D Nappa   : PREFSTRAT2 ADDING NEW ACTEXTRADATA
08-06 15:20:27.859 23445 23445 D Nappa   : Stayed on nappatfpr.io.github.project_travel_mate.MainActivity for 1819 ms
08-06 15:20:27.913 23445 23445 D Nappa   : TAG okHttpClient initialized
08-06 15:20:27.922 23445 24411 D Nappa   : F1_SCORE add_intercept_url - (already in) - https://project-travel-mate.herokuapp.com/api/get-city-weather/1
08-06 15:20:27.922 23445 24411 D Nappa   : F1_SCORE add_fn_url - (already in) - https://project-travel-mate.herokuapp.com/api/get-city-weather/1
08-06 15:20:27.922 23445 24411 D Nappa   : -------------F1_SCORE #18 -----------
08-06 15:20:27.922 23445 24411 D Nappa   : F1_SCORE - Intercept list (8)= [https://project-travel-mate.herokuapp.com/api/get-user, https://project-travel-mate.herokuapp.com/api/get-all-cities/10, https://project-travel-mate.herokuapp.com/api/number-of-unread-notifications, https://project-travel-mate.herokuapp.com/api/get-city-weather/1, https://project-travel-mate.herokuapp.com/api/get-city/1, https://project-travel-mate.herokuapp.com/api/get-city-information/1, https://project-travel-mate.herokuapp.com/api/get-city-facts/1, https://project-travel-mate.herokuapp.com/api/get-city-images/1]
08-06 15:20:27.922 23445 24412 D Nappa   : F1_SCORE add_intercept_url - (already in) - https://project-travel-mate.herokuapp.com/api/get-city/1
08-06 15:20:27.922 23445 24411 D Nappa   : F1_SCORE - Prefetch list (0)= []
08-06 15:20:27.922 23445 24412 D Nappa   : F1_SCORE add_fn_url - (already in) - https://project-travel-mate.herokuapp.com/api/get-city/1
08-06 15:20:27.922 23445 24411 D Nappa   : F1_SCORE - TP list (0)= []
08-06 15:20:27.922 23445 24412 D Nappa   : -------------F1_SCORE #18 -----------
08-06 15:20:27.922 23445 24411 D Nappa   : F1_SCORE - FN list (8)= [https://project-travel-mate.herokuapp.com/api/get-user, https://project-travel-mate.herokuapp.com/api/get-all-cities/10, https://project-travel-mate.herokuapp.com/api/number-of-unread-notifications, https://project-travel-mate.herokuapp.com/api/get-city-weather/1, https://project-travel-mate.herokuapp.com/api/get-city/1, https://project-travel-mate.herokuapp.com/api/get-city-information/1, https://project-travel-mate.herokuapp.com/api/get-city-facts/1, https://project-travel-mate.herokuapp.com/api/get-city-images/1]
08-06 15:20:27.922 23445 24412 D Nappa   : F1_SCORE - Intercept list (8)= [https://project-travel-mate.herokuapp.com/api/get-user, https://project-travel-mate.herokuapp.com/api/get-all-cities/10, https://project-travel-mate.herokuapp.com/api/number-of-unread-notifications, https://project-travel-mate.herokuapp.com/api/get-city-weather/1, https://project-travel-mate.herokuapp.com/api/get-city/1, https://project-travel-mate.herokuapp.com/api/get-city-information/1, https://project-travel-mate.herokuapp.com/api/get-city-facts/1, https://project-travel-mate.herokuapp.com/api/get-city-images/1]
08-06 15:20:27.922 23445 24412 D Nappa   : F1_SCORE - Prefetch list (0)= []
08-06 15:20:27.922 23445 24412 D Nappa   : F1_SCORE - TP list (0)= []
08-06 15:20:27.922 23445 24412 D Nappa   : F1_SCORE - FN list (8)= [https://project-travel-mate.herokuapp.com/api/get-user, https://project-travel-mate.herokuapp.com/api/get-all-cities/10, https://project-travel-mate.herokuapp.com/api/number-of-unread-notifications, https://project-travel-mate.herokuapp.com/api/get-city-weather/1, https://project-travel-mate.herokuapp.com/api/get-city/1, https://project-travel-mate.herokuapp.com/api/get-city-information/1, https://project-travel-mate.herokuapp.com/api/get-city-facts/1, https://project-travel-mate.herokuapp.com/api/get-city-images/1]
08-06 15:20:27.922 23445 23445 D Nappa   : setCurrentActivity - MetricStrategyAccuracy - 
08-06 15:20:27.922 23445 23445 D Nappa   : madePredictionFromActivity = false, 
08-06 15:20:27.922 23445 23445 D Nappa   : fromActivity = nappatfpr.io.github.project_travel_mate.MainActivity, 
08-06 15:20:27.922 23445 23445 D Nappa   : predictedNextActivityFromActivity = [], 
08-06 15:20:27.922 23445 23445 D Nappa   : activity.getClass().getCanonicalName() = nappatfpr.io.github.project_travel_mate.destinations.description.FinalCityInfoActivity, 
08-06 15:20:27.923 23445 23445 D Nappa   : setCurrentActivity - MetricStrategyAccuracy - 
08-06 15:20:27.923 23445 23445 D Nappa   : madePredictionFromExtra = true, 
08-06 15:20:27.923 23445 23445 D Nappa   : fromActivity = nappatfpr.io.github.project_travel_mate.MainActivity, 
08-06 15:20:27.923 23445 23445 D Nappa   : predictedNextActivityFromExtra = [], 
08-06 15:20:27.923 23445 23445 D Nappa   : activity.getClass().getCanonicalName() = nappatfpr.io.github.project_travel_mate.destinations.description.FinalCityInfoActivity, 
08-06 15:20:27.923 23445 23445 D Nappa   : PREFETCH_ON_EXTRA - setCurrentActivity - logs - from activity - made prediction isfalse
08-06 15:20:28.022 23445 23462 D Nappa   : registerActivity: (already in) nappatfpr.io.github.project_travel_mate.MainActivity
08-06 15:20:28.022 23445 23462 D Nappa   : PARENTS 
08-06 15:20:28.022 23445 23462 D Nappa   : Of: nappatfpr.io.github.project_travel_mate.MainActivity -> 
08-06 15:20:28.022 23445 23462 D Nappa   : PARENTS nappatfpr.io.github.project_travel_mate.SplashActivity
08-06 15:20:28.023 23445 23445 D Nappa   : registerActivity: (already in) nappatfpr.io.github.project_travel_mate.destinations.description.FinalCityInfoActivity
08-06 15:20:28.024 23445 23445 D Nappa   : SHOULD_PREFETCH true
08-06 15:20:28.122 23445 23462 D Nappa   : registerActivity: (already in) nappatfpr.io.github.project_travel_mate.destinations.description.FinalCityInfoActivity
08-06 15:20:28.122 23445 23462 D Nappa   : PARENTS 
08-06 15:20:28.122 23445 23462 D Nappa   : Of: nappatfpr.io.github.project_travel_mate.destinations.description.FinalCityInfoActivity -> 
08-06 15:20:28.123 23445 23462 D Nappa   : PARENTS nappatfpr.io.github.project_travel_mate.MainActivity
08-06 15:20:28.123 23445 23462 D Nappa   : PARENTS has extra: (cityobject_, objects.City@497bf65)
08-06 15:20:28.123 23445 23462 D Nappa   : PARENTS nappatfpr.io.github.project_travel_mate.SplashActivity
08-06 15:20:28.124 23445 23445 D Nappa   : registerActivity: (already in) nappatfpr.io.github.project_travel_mate.destinations.description.FinalCityInfoActivity
08-06 15:20:28.124 23445 23445 D Nappa   : SUCCESSORS nappatfpr.io.github.project_travel_mate.destinations.funfacts.FunFactsActivity
08-06 15:20:28.124 23445 23445 D Nappa   : SUCCESSORS nappatfpr.io.github.project_travel_mate.destinations.description.CityHistoryActivity
08-06 15:20:28.124 23445 23445 D Nappa   : STATS Number of requests not prefetched: 8
08-06 15:20:28.124 23445 23445 D Nappa   : STATS Number of requests prefetched: 6
08-06 15:20:28.124 23445 23445 D Nappa   : STATS Time saved until now: 0.324
08-06 15:20:28.323 23445 23462 D Nappa   : PREFETCH_ON_EXTRA - setCurrentActivity - logs - from extra - made prediction istrue
08-06 15:20:28.323 23445 23462 D Nappa   : PREFETCH_ON_EXTRA - setCurrentActivity - logs - from extra - start
08-06 15:20:28.324 23445 23462 D Nappa   : PREFETCH_ON_EXTRA - setCurrentActivity - logs - from extra- finished
08-06 15:20:28.624 23445 23462 D Nappa   : PREFETCH_ON_EXTRA - setCurrentActivity - starting new prediction
08-06 15:20:28.625 23445 23462 D Nappa   : Current node - currentActivityName - nappatfpr.io.github.project_travel_mate.destinations.description.FinalCityInfoActivity
08-06 15:20:28.625 23445 23462 D Nappa   : Current node - activityGraph.getCurrent() - nappatfpr.io.github.project_travel_mate.destinations.description.FinalCityInfoActivity
08-06 15:20:28.630 23445 23462 D Nappa   : PREFETCH_ON_EXTRA - setCurrentActivity - finished new prediction
08-06 15:20:32.728 23445 23445 D Nappa   : Stayed on nappatfpr.io.github.project_travel_mate.destinations.description.FinalCityInfoActivity for 4604 ms
08-06 15:20:32.758 23445 23445 D Nappa   : TAG okHttpClient initialized
08-06 15:20:32.759 23445 24527 D Nappa   : F1_SCORE add_intercept_url - (already in) - https://project-travel-mate.herokuapp.com/api/get-city-information/1
08-06 15:20:32.759 23445 24527 D Nappa   : F1_SCORE add_fn_url - (already in) - https://project-travel-mate.herokuapp.com/api/get-city-information/1
08-06 15:20:32.759 23445 24527 D Nappa   : -------------F1_SCORE #20 -----------
08-06 15:20:32.759 23445 24527 D Nappa   : F1_SCORE - Intercept list (8)= [https://project-travel-mate.herokuapp.com/api/get-user, https://project-travel-mate.herokuapp.com/api/get-all-cities/10, https://project-travel-mate.herokuapp.com/api/number-of-unread-notifications, https://project-travel-mate.herokuapp.com/api/get-city-weather/1, https://project-travel-mate.herokuapp.com/api/get-city/1, https://project-travel-mate.herokuapp.com/api/get-city-information/1, https://project-travel-mate.herokuapp.com/api/get-city-facts/1, https://project-travel-mate.herokuapp.com/api/get-city-images/1]
08-06 15:20:32.759 23445 24527 D Nappa   : F1_SCORE - Prefetch list (0)= []
08-06 15:20:32.759 23445 24527 D Nappa   : F1_SCORE - TP list (0)= []
08-06 15:20:32.760 23445 24527 D Nappa   : F1_SCORE - FN list (8)= [https://project-travel-mate.herokuapp.com/api/get-user, https://project-travel-mate.herokuapp.com/api/get-all-cities/10, https://project-travel-mate.herokuapp.com/api/number-of-unread-notifications, https://project-travel-mate.herokuapp.com/api/get-city-weather/1, https://project-travel-mate.herokuapp.com/api/get-city/1, https://project-travel-mate.herokuapp.com/api/get-city-information/1, https://project-travel-mate.herokuapp.com/api/get-city-facts/1, https://project-travel-mate.herokuapp.com/api/get-city-images/1]
08-06 15:20:32.760 23445 23445 D Nappa   : setCurrentActivity - MetricStrategyAccuracy - 
08-06 15:20:32.760 23445 23445 D Nappa   : madePredictionFromActivity = true, 
08-06 15:20:32.760 23445 23445 D Nappa   : fromActivity = nappatfpr.io.github.project_travel_mate.destinations.description.FinalCityInfoActivity, 
08-06 15:20:32.760 23445 23445 D Nappa   : predictedNextActivityFromActivity = [nappatfpr.io.github.project_travel_mate.destinations.description.CityHistoryActivity], 
08-06 15:20:32.760 23445 23445 D Nappa   : activity.getClass().getCanonicalName() = nappatfpr.io.github.project_travel_mate.destinations.description.CityHistoryActivity, 
08-06 15:20:32.760 23445 23445 D Nappa   : setCurrentActivity - MetricStrategyAccuracy - 
08-06 15:20:32.760 23445 23445 D Nappa   : madePredictionFromExtra = false, 
08-06 15:20:32.760 23445 23445 D Nappa   : fromActivity = nappatfpr.io.github.project_travel_mate.destinations.description.FinalCityInfoActivity, 
08-06 15:20:32.760 23445 23445 D Nappa   : predictedNextActivityFromExtra = [], 
08-06 15:20:32.760 23445 23445 D Nappa   : activity.getClass().getCanonicalName() = nappatfpr.io.github.project_travel_mate.destinations.description.CityHistoryActivity, 
08-06 15:20:32.760 23445 23445 D Nappa   : PREFETCH_ON_EXTRA - setCurrentActivity - logs - from activity - made prediction istrue
08-06 15:20:32.760 23445 23445 D Nappa   : PREFETCH_ON_EXTRA - setCurrentActivity - logs - from activity - start
08-06 15:20:32.763 23445 23445 D Nappa   : setCurrentActivity - MetricStrategyAccuracy - checking prediction VS current activity for activities
08-06 15:20:32.764 23445 23445 D Nappa   : PREFETCH_ON_EXTRA - setCurrentActivity - logs - from activity- finished
08-06 15:20:32.861 23445 23462 D Nappa   : registerActivity: (already in) nappatfpr.io.github.project_travel_mate.destinations.description.FinalCityInfoActivity
08-06 15:20:32.861 23445 23462 D Nappa   : PARENTS 
08-06 15:20:32.861 23445 23462 D Nappa   : Of: nappatfpr.io.github.project_travel_mate.destinations.description.FinalCityInfoActivity -> 
08-06 15:20:32.861 23445 23462 D Nappa   : PARENTS nappatfpr.io.github.project_travel_mate.MainActivity
08-06 15:20:32.861 23445 23462 D Nappa   : PARENTS has extra: (cityobject_, objects.City@497bf65)
08-06 15:20:32.861 23445 23462 D Nappa   : PARENTS nappatfpr.io.github.project_travel_mate.SplashActivity
08-06 15:20:32.864 23445 23445 D Nappa   : registerActivity: (already in) nappatfpr.io.github.project_travel_mate.destinations.description.CityHistoryActivity
08-06 15:20:32.864 23445 23445 D Nappa   : SHOULD_PREFETCH true
08-06 15:20:32.965 23445 23445 D Nappa   : registerActivity: (already in) nappatfpr.io.github.project_travel_mate.destinations.description.CityHistoryActivity
08-06 15:20:32.965 23445 23445 D Nappa   : STATS Number of requests not prefetched: 8
08-06 15:20:32.965 23445 23445 D Nappa   : STATS Number of requests prefetched: 7
08-06 15:20:32.965 23445 23445 D Nappa   : STATS Time saved until now: 0.355
08-06 15:20:33.164 23445 23462 D Nappa   : PREFETCH_ON_EXTRA - setCurrentActivity - logs - from extra - made prediction isfalse
08-06 15:20:33.465 23445 23462 D Nappa   : PREFETCH_ON_EXTRA - setCurrentActivity - starting new prediction
08-06 15:20:33.465 23445 23462 D Nappa   : Current node - currentActivityName - nappatfpr.io.github.project_travel_mate.destinations.description.CityHistoryActivity
08-06 15:20:33.465 23445 23462 D Nappa   : Current node - activityGraph.getCurrent() - nappatfpr.io.github.project_travel_mate.destinations.description.CityHistoryActivity
08-06 15:20:33.466 23445 23462 D Nappa   : PREFETCH_ON_EXTRA - setCurrentActivity - finished new prediction
08-06 15:20:37.607 23445 23445 D Nappa   : Stayed on nappatfpr.io.github.project_travel_mate.destinations.description.CityHistoryActivity for 4642 ms
08-06 15:20:37.611 23445 23445 D Nappa   : setCurrentActivity - MetricStrategyAccuracy - 
08-06 15:20:37.611 23445 23445 D Nappa   : madePredictionFromActivity = true, 
08-06 15:20:37.611 23445 23445 D Nappa   : fromActivity = nappatfpr.io.github.project_travel_mate.destinations.description.CityHistoryActivity, 
08-06 15:20:37.611 23445 23445 D Nappa   : predictedNextActivityFromActivity = [], 
08-06 15:20:37.611 23445 23445 D Nappa   : activity.getClass().getCanonicalName() = nappatfpr.io.github.project_travel_mate.destinations.description.FinalCityInfoActivity, 
08-06 15:20:37.612 23445 23445 D Nappa   : setCurrentActivity - MetricStrategyAccuracy - 
08-06 15:20:37.612 23445 23445 D Nappa   : madePredictionFromExtra = false, 
08-06 15:20:37.612 23445 23445 D Nappa   : fromActivity = nappatfpr.io.github.project_travel_mate.destinations.description.CityHistoryActivity, 
08-06 15:20:37.612 23445 23445 D Nappa   : predictedNextActivityFromExtra = [], 
08-06 15:20:37.612 23445 23445 D Nappa   : activity.getClass().getCanonicalName() = nappatfpr.io.github.project_travel_mate.destinations.description.FinalCityInfoActivity, 
08-06 15:20:37.612 23445 23445 D Nappa   : PREFETCH_ON_EXTRA - setCurrentActivity - logs - from activity - made prediction istrue
08-06 15:20:37.612 23445 23445 D Nappa   : PREFETCH_ON_EXTRA - setCurrentActivity - logs - from activity - start
08-06 15:20:37.612 23445 23445 D Nappa   : PREFETCH_ON_EXTRA - setCurrentActivity - logs - from activity- finished
08-06 15:20:37.712 23445 23445 D Nappa   : registerActivity: (already in) nappatfpr.io.github.project_travel_mate.destinations.description.FinalCityInfoActivity
08-06 15:20:37.712 23445 23445 D Nappa   : SHOULD_PREFETCH false
08-06 15:20:37.712 23445 23445 D Nappa   : STATS Number of requests not prefetched: 8
08-06 15:20:37.713 23445 23445 D Nappa   : STATS Number of requests prefetched: 7
08-06 15:20:37.713 23445 23445 D Nappa   : STATS Time saved until now: 0.355
08-06 15:20:38.012 23445 23462 D Nappa   : PREFETCH_ON_EXTRA - setCurrentActivity - logs - from extra - made prediction isfalse
08-06 15:20:39.499 23445 23445 D Nappa   : Stayed on nappatfpr.io.github.project_travel_mate.destinations.description.FinalCityInfoActivity for 1786 ms
08-06 15:20:39.505 23445 23445 D Nappa   : setCurrentActivity - MetricStrategyAccuracy - 
08-06 15:20:39.505 23445 23445 D Nappa   : madePredictionFromActivity = false, 
08-06 15:20:39.505 23445 23445 D Nappa   : fromActivity = nappatfpr.io.github.project_travel_mate.destinations.description.FinalCityInfoActivity, 
08-06 15:20:39.505 23445 23445 D Nappa   : predictedNextActivityFromActivity = [], 
08-06 15:20:39.505 23445 23445 D Nappa   : activity.getClass().getCanonicalName() = nappatfpr.io.github.project_travel_mate.MainActivity, 
08-06 15:20:39.506 23445 23445 D Nappa   : setCurrentActivity - MetricStrategyAccuracy - 
08-06 15:20:39.506 23445 23445 D Nappa   : madePredictionFromExtra = false, 
08-06 15:20:39.506 23445 23445 D Nappa   : fromActivity = nappatfpr.io.github.project_travel_mate.destinations.description.FinalCityInfoActivity, 
08-06 15:20:39.506 23445 23445 D Nappa   : predictedNextActivityFromExtra = [], 
08-06 15:20:39.506 23445 23445 D Nappa   : activity.getClass().getCanonicalName() = nappatfpr.io.github.project_travel_mate.MainActivity, 
08-06 15:20:39.506 23445 23445 D Nappa   : PREFETCH_ON_EXTRA - setCurrentActivity - logs - from activity - made prediction isfalse
08-06 15:20:39.606 23445 23445 D Nappa   : registerActivity: (already in) nappatfpr.io.github.project_travel_mate.MainActivity
08-06 15:20:39.607 23445 23445 D Nappa   : SHOULD_PREFETCH false
08-06 15:20:39.607 23445 23445 D Nappa   : STATS Number of requests not prefetched: 8
08-06 15:20:39.607 23445 23445 D Nappa   : STATS Number of requests prefetched: 7
08-06 15:20:39.607 23445 23445 D Nappa   : STATS Time saved until now: 0.355
08-06 15:20:39.615 23445 23445 D Nappa   : TAG okHttpClient initialized
08-06 15:20:39.624 23445 24687 D Nappa   : F1_SCORE add_intercept_url - (already in) - https://project-travel-mate.herokuapp.com/api/number-of-unread-notifications
08-06 15:20:39.624 23445 24687 D Nappa   : F1_SCORE add_fn_url - (already in) - https://project-travel-mate.herokuapp.com/api/number-of-unread-notifications
08-06 15:20:39.624 23445 24687 D Nappa   : -------------F1_SCORE #22 -----------
08-06 15:20:39.624 23445 24687 D Nappa   : F1_SCORE - Intercept list (8)= [https://project-travel-mate.herokuapp.com/api/get-user, https://project-travel-mate.herokuapp.com/api/get-all-cities/10, https://project-travel-mate.herokuapp.com/api/number-of-unread-notifications, https://project-travel-mate.herokuapp.com/api/get-city-weather/1, https://project-travel-mate.herokuapp.com/api/get-city/1, https://project-travel-mate.herokuapp.com/api/get-city-information/1, https://project-travel-mate.herokuapp.com/api/get-city-facts/1, https://project-travel-mate.herokuapp.com/api/get-city-images/1]
08-06 15:20:39.624 23445 24687 D Nappa   : F1_SCORE - Prefetch list (0)= []
08-06 15:20:39.624 23445 24687 D Nappa   : F1_SCORE - TP list (0)= []
08-06 15:20:39.624 23445 24687 D Nappa   : F1_SCORE - FN list (8)= [https://project-travel-mate.herokuapp.com/api/get-user, https://project-travel-mate.herokuapp.com/api/get-all-cities/10, https://project-travel-mate.herokuapp.com/api/number-of-unread-notifications, https://project-travel-mate.herokuapp.com/api/get-city-weather/1, https://project-travel-mate.herokuapp.com/api/get-city/1, https://project-travel-mate.herokuapp.com/api/get-city-information/1, https://project-travel-mate.herokuapp.com/api/get-city-facts/1, https://project-travel-mate.herokuapp.com/api/get-city-images/1]
08-06 15:20:39.724 23445 23462 D Nappa   : registerActivity: (already in) nappatfpr.io.github.project_travel_mate.MainActivity
08-06 15:20:39.724 23445 23462 D Nappa   : PARENTS 
08-06 15:20:39.724 23445 23462 D Nappa   : Of: nappatfpr.io.github.project_travel_mate.MainActivity -> 
08-06 15:20:39.725 23445 23462 D Nappa   : PARENTS nappatfpr.io.github.project_travel_mate.SplashActivity
08-06 15:20:39.906 23445 23462 D Nappa   : PREFETCH_ON_EXTRA - setCurrentActivity - logs - from extra - made prediction isfalse
08-06 15:20:43.257 23445 23445 D Nappa   : TAG okHttpClient initialized
08-06 15:20:43.258 23445 24779 D Nappa   : F1_SCORE add_intercept_url - (already in) - https://project-travel-mate.herokuapp.com/api/number-of-unread-notifications
08-06 15:20:43.259 23445 24779 D Nappa   : F1_SCORE add_fn_url - (already in) - https://project-travel-mate.herokuapp.com/api/number-of-unread-notifications
08-06 15:20:43.259 23445 24779 D Nappa   : -------------F1_SCORE #24 -----------
08-06 15:20:43.259 23445 24779 D Nappa   : F1_SCORE - Intercept list (8)= [https://project-travel-mate.herokuapp.com/api/get-user, https://project-travel-mate.herokuapp.com/api/get-all-cities/10, https://project-travel-mate.herokuapp.com/api/number-of-unread-notifications, https://project-travel-mate.herokuapp.com/api/get-city-weather/1, https://project-travel-mate.herokuapp.com/api/get-city/1, https://project-travel-mate.herokuapp.com/api/get-city-information/1, https://project-travel-mate.herokuapp.com/api/get-city-facts/1, https://project-travel-mate.herokuapp.com/api/get-city-images/1]
08-06 15:20:43.259 23445 24779 D Nappa   : F1_SCORE - Prefetch list (0)= []
08-06 15:20:43.259 23445 24779 D Nappa   : F1_SCORE - TP list (0)= []
08-06 15:20:43.259 23445 24779 D Nappa   : F1_SCORE - FN list (8)= [https://project-travel-mate.herokuapp.com/api/get-user, https://project-travel-mate.herokuapp.com/api/get-all-cities/10, https://project-travel-mate.herokuapp.com/api/number-of-unread-notifications, https://project-travel-mate.herokuapp.com/api/get-city-weather/1, https://project-travel-mate.herokuapp.com/api/get-city/1, https://project-travel-mate.herokuapp.com/api/get-city-information/1, https://project-travel-mate.herokuapp.com/api/get-city-facts/1, https://project-travel-mate.herokuapp.com/api/get-city-images/1]
08-06 15:20:43.359 23445 23462 D Nappa   : registerActivity: (already in) nappatfpr.io.github.project_travel_mate.MainActivity
08-06 15:20:43.359 23445 23462 D Nappa   : PARENTS 
08-06 15:20:43.359 23445 23462 D Nappa   : Of: nappatfpr.io.github.project_travel_mate.MainActivity -> 
08-06 15:20:43.359 23445 23462 D Nappa   : PARENTS nappatfpr.io.github.project_travel_mate.SplashActivity
08-06 15:20:45.308 23445 23445 D Nappa   : Stayed on nappatfpr.io.github.project_travel_mate.MainActivity for 5701 ms
08-06 15:20:45.453 23445 23445 D Nappa   : setCurrentActivity - MetricStrategyAccuracy - 
08-06 15:20:45.453 23445 23445 D Nappa   : madePredictionFromActivity = false, 
08-06 15:20:45.453 23445 23445 D Nappa   : fromActivity = nappatfpr.io.github.project_travel_mate.MainActivity, 
08-06 15:20:45.453 23445 23445 D Nappa   : predictedNextActivityFromActivity = [], 
08-06 15:20:45.453 23445 23445 D Nappa   : activity.getClass().getCanonicalName() = nappatfpr.io.github.project_travel_mate.utilities.ChecklistActivity, 
08-06 15:20:45.453 23445 23445 D Nappa   : setCurrentActivity - MetricStrategyAccuracy - 
08-06 15:20:45.453 23445 23445 D Nappa   : madePredictionFromExtra = false, 
08-06 15:20:45.453 23445 23445 D Nappa   : fromActivity = nappatfpr.io.github.project_travel_mate.MainActivity, 
08-06 15:20:45.453 23445 23445 D Nappa   : predictedNextActivityFromExtra = [], 
08-06 15:20:45.453 23445 23445 D Nappa   : activity.getClass().getCanonicalName() = nappatfpr.io.github.project_travel_mate.utilities.ChecklistActivity, 
08-06 15:20:45.453 23445 23445 D Nappa   : PREFETCH_ON_EXTRA - setCurrentActivity - logs - from activity - made prediction isfalse
08-06 15:20:45.553 23445 23445 D Nappa   : registerActivity: (already in) nappatfpr.io.github.project_travel_mate.utilities.ChecklistActivity
08-06 15:20:45.554 23445 23445 D Nappa   : SHOULD_PREFETCH true
08-06 15:20:45.654 23445 23445 D Nappa   : registerActivity: (already in) nappatfpr.io.github.project_travel_mate.utilities.ChecklistActivity
08-06 15:20:45.655 23445 23445 D Nappa   : STATS Number of requests not prefetched: 8
08-06 15:20:45.655 23445 23445 D Nappa   : STATS Number of requests prefetched: 9
08-06 15:20:45.655 23445 23445 D Nappa   : STATS Time saved until now: 0.555
08-06 15:20:45.853 23445 23462 D Nappa   : PREFETCH_ON_EXTRA - setCurrentActivity - logs - from extra - made prediction isfalse
08-06 15:20:46.155 23445 23462 D Nappa   : PREFETCH_ON_EXTRA - setCurrentActivity - starting new prediction
08-06 15:20:46.155 23445 23462 D Nappa   : Current node - currentActivityName - nappatfpr.io.github.project_travel_mate.utilities.ChecklistActivity
08-06 15:20:46.155 23445 23462 D Nappa   : Current node - activityGraph.getCurrent() - nappatfpr.io.github.project_travel_mate.utilities.ChecklistActivity
08-06 15:20:46.156 23445 23462 D Nappa   : PREFETCH_ON_EXTRA - setCurrentActivity - finished new prediction
08-06 15:20:50.241 23445 23445 D Nappa   : Stayed on nappatfpr.io.github.project_travel_mate.utilities.ChecklistActivity for 4586 ms
08-06 15:20:50.249 23445 23445 D Nappa   : setCurrentActivity - MetricStrategyAccuracy - 
08-06 15:20:50.249 23445 23445 D Nappa   : madePredictionFromActivity = true, 
08-06 15:20:50.249 23445 23445 D Nappa   : fromActivity = nappatfpr.io.github.project_travel_mate.utilities.ChecklistActivity, 
08-06 15:20:50.249 23445 23445 D Nappa   : predictedNextActivityFromActivity = [], 
08-06 15:20:50.249 23445 23445 D Nappa   : activity.getClass().getCanonicalName() = nappatfpr.io.github.project_travel_mate.MainActivity, 
08-06 15:20:50.249 23445 23445 D Nappa   : setCurrentActivity - MetricStrategyAccuracy - 
08-06 15:20:50.249 23445 23445 D Nappa   : madePredictionFromExtra = false, 
08-06 15:20:50.249 23445 23445 D Nappa   : fromActivity = nappatfpr.io.github.project_travel_mate.utilities.ChecklistActivity, 
08-06 15:20:50.249 23445 23445 D Nappa   : predictedNextActivityFromExtra = [], 
08-06 15:20:50.249 23445 23445 D Nappa   : activity.getClass().getCanonicalName() = nappatfpr.io.github.project_travel_mate.MainActivity, 
08-06 15:20:50.249 23445 23445 D Nappa   : PREFETCH_ON_EXTRA - setCurrentActivity - logs - from activity - made prediction istrue
08-06 15:20:50.249 23445 23445 D Nappa   : PREFETCH_ON_EXTRA - setCurrentActivity - logs - from activity - start
08-06 15:20:50.249 23445 23445 D Nappa   : PREFETCH_ON_EXTRA - setCurrentActivity - logs - from activity- finished
08-06 15:20:50.350 23445 23445 D Nappa   : registerActivity: (already in) nappatfpr.io.github.project_travel_mate.MainActivity
08-06 15:20:50.350 23445 23445 D Nappa   : SHOULD_PREFETCH false
08-06 15:20:50.350 23445 23445 D Nappa   : STATS Number of requests not prefetched: 8
08-06 15:20:50.350 23445 23445 D Nappa   : STATS Number of requests prefetched: 9
08-06 15:20:50.350 23445 23445 D Nappa   : STATS Time saved until now: 0.555
08-06 15:20:50.354 23445 23445 D Nappa   : TAG okHttpClient initialized
08-06 15:20:50.356 23445 24915 D Nappa   : F1_SCORE add_intercept_url - (already in) - https://project-travel-mate.herokuapp.com/api/number-of-unread-notifications
08-06 15:20:50.356 23445 24915 D Nappa   : F1_SCORE add_fn_url - (already in) - https://project-travel-mate.herokuapp.com/api/number-of-unread-notifications
08-06 15:20:50.356 23445 24915 D Nappa   : -------------F1_SCORE #25 -----------
08-06 15:20:50.356 23445 24915 D Nappa   : F1_SCORE - Intercept list (8)= [https://project-travel-mate.herokuapp.com/api/get-user, https://project-travel-mate.herokuapp.com/api/get-all-cities/10, https://project-travel-mate.herokuapp.com/api/number-of-unread-notifications, https://project-travel-mate.herokuapp.com/api/get-city-weather/1, https://project-travel-mate.herokuapp.com/api/get-city/1, https://project-travel-mate.herokuapp.com/api/get-city-information/1, https://project-travel-mate.herokuapp.com/api/get-city-facts/1, https://project-travel-mate.herokuapp.com/api/get-city-images/1]
08-06 15:20:50.356 23445 24915 D Nappa   : F1_SCORE - Prefetch list (0)= []
08-06 15:20:50.356 23445 24915 D Nappa   : F1_SCORE - TP list (0)= []
08-06 15:20:50.356 23445 24915 D Nappa   : F1_SCORE - FN list (8)= [https://project-travel-mate.herokuapp.com/api/get-user, https://project-travel-mate.herokuapp.com/api/get-all-cities/10, https://project-travel-mate.herokuapp.com/api/number-of-unread-notifications, https://project-travel-mate.herokuapp.com/api/get-city-weather/1, https://project-travel-mate.herokuapp.com/api/get-city/1, https://project-travel-mate.herokuapp.com/api/get-city-information/1, https://project-travel-mate.herokuapp.com/api/get-city-facts/1, https://project-travel-mate.herokuapp.com/api/get-city-images/1]
08-06 15:20:50.456 23445 23462 D Nappa   : registerActivity: (already in) nappatfpr.io.github.project_travel_mate.MainActivity
08-06 15:20:50.456 23445 23462 D Nappa   : PARENTS 
08-06 15:20:50.456 23445 23462 D Nappa   : Of: nappatfpr.io.github.project_travel_mate.MainActivity -> 
08-06 15:20:50.456 23445 23462 D Nappa   : PARENTS nappatfpr.io.github.project_travel_mate.SplashActivity
08-06 15:20:50.650 23445 23462 D Nappa   : PREFETCH_ON_EXTRA - setCurrentActivity - logs - from extra - made prediction isfalse
08-06 15:20:52.201 23445 23445 D Nappa   : Stayed on nappatfpr.io.github.project_travel_mate.MainActivity for 1851 ms
08-06 15:20:52.779 23445 23445 D Nappa   : setCurrentActivity - MetricStrategyAccuracy - 
08-06 15:20:52.779 23445 23445 D Nappa   : madePredictionFromActivity = false, 
08-06 15:20:52.779 23445 23445 D Nappa   : fromActivity = nappatfpr.io.github.project_travel_mate.MainActivity, 
08-06 15:20:52.779 23445 23445 D Nappa   : predictedNextActivityFromActivity = [], 
08-06 15:20:52.779 23445 23445 D Nappa   : activity.getClass().getCanonicalName() = nappatfpr.io.github.project_travel_mate.utilities.CompassActivity, 
08-06 15:20:52.779 23445 23445 D Nappa   : setCurrentActivity - MetricStrategyAccuracy - 
08-06 15:20:52.779 23445 23445 D Nappa   : madePredictionFromExtra = false, 
08-06 15:20:52.779 23445 23445 D Nappa   : fromActivity = nappatfpr.io.github.project_travel_mate.MainActivity, 
08-06 15:20:52.779 23445 23445 D Nappa   : predictedNextActivityFromExtra = [], 
08-06 15:20:52.779 23445 23445 D Nappa   : activity.getClass().getCanonicalName() = nappatfpr.io.github.project_travel_mate.utilities.CompassActivity, 
08-06 15:20:52.779 23445 23445 D Nappa   : PREFETCH_ON_EXTRA - setCurrentActivity - logs - from activity - made prediction isfalse
08-06 15:20:52.880 23445 23445 D Nappa   : registerActivity: (already in) nappatfpr.io.github.project_travel_mate.utilities.CompassActivity
08-06 15:20:52.880 23445 23445 D Nappa   : SHOULD_PREFETCH true
08-06 15:20:52.980 23445 23445 D Nappa   : registerActivity: (already in) nappatfpr.io.github.project_travel_mate.utilities.CompassActivity
08-06 15:20:52.981 23445 23445 D Nappa   : STATS Number of requests not prefetched: 8
08-06 15:20:52.981 23445 23445 D Nappa   : STATS Number of requests prefetched: 10
08-06 15:20:52.981 23445 23445 D Nappa   : STATS Time saved until now: 0.65500003
08-06 15:20:53.180 23445 23462 D Nappa   : PREFETCH_ON_EXTRA - setCurrentActivity - logs - from extra - made prediction isfalse
08-06 15:20:53.481 23445 23462 D Nappa   : PREFETCH_ON_EXTRA - setCurrentActivity - starting new prediction
08-06 15:20:53.481 23445 23462 D Nappa   : Current node - currentActivityName - nappatfpr.io.github.project_travel_mate.utilities.CompassActivity
08-06 15:20:53.481 23445 23462 D Nappa   : Current node - activityGraph.getCurrent() - nappatfpr.io.github.project_travel_mate.utilities.CompassActivity
08-06 15:20:53.482 23445 23462 D Nappa   : PREFETCH_ON_EXTRA - setCurrentActivity - finished new prediction
08-06 15:20:55.141 23445 23445 D Nappa   : Stayed on nappatfpr.io.github.project_travel_mate.utilities.CompassActivity for 2160 ms
08-06 15:20:55.162 23445 23445 D Nappa   : setCurrentActivity - MetricStrategyAccuracy - 
08-06 15:20:55.162 23445 23445 D Nappa   : madePredictionFromActivity = true, 
08-06 15:20:55.162 23445 23445 D Nappa   : fromActivity = nappatfpr.io.github.project_travel_mate.utilities.CompassActivity, 
08-06 15:20:55.162 23445 23445 D Nappa   : predictedNextActivityFromActivity = [], 
08-06 15:20:55.162 23445 23445 D Nappa   : activity.getClass().getCanonicalName() = nappatfpr.io.github.project_travel_mate.MainActivity, 
08-06 15:20:55.163 23445 23445 D Nappa   : setCurrentActivity - MetricStrategyAccuracy - 
08-06 15:20:55.163 23445 23445 D Nappa   : madePredictionFromExtra = false, 
08-06 15:20:55.163 23445 23445 D Nappa   : fromActivity = nappatfpr.io.github.project_travel_mate.utilities.CompassActivity, 
08-06 15:20:55.163 23445 23445 D Nappa   : predictedNextActivityFromExtra = [], 
08-06 15:20:55.163 23445 23445 D Nappa   : activity.getClass().getCanonicalName() = nappatfpr.io.github.project_travel_mate.MainActivity, 
08-06 15:20:55.163 23445 23445 D Nappa   : PREFETCH_ON_EXTRA - setCurrentActivity - logs - from activity - made prediction istrue
08-06 15:20:55.163 23445 23445 D Nappa   : PREFETCH_ON_EXTRA - setCurrentActivity - logs - from activity - start
08-06 15:20:55.163 23445 23445 D Nappa   : PREFETCH_ON_EXTRA - setCurrentActivity - logs - from activity- finished
08-06 15:20:55.263 23445 23445 D Nappa   : registerActivity: (already in) nappatfpr.io.github.project_travel_mate.MainActivity
08-06 15:20:55.264 23445 23445 D Nappa   : SHOULD_PREFETCH false
08-06 15:20:55.264 23445 23445 D Nappa   : STATS Number of requests not prefetched: 8
08-06 15:20:55.264 23445 23445 D Nappa   : STATS Number of requests prefetched: 10
08-06 15:20:55.264 23445 23445 D Nappa   : STATS Time saved until now: 0.65500003
08-06 15:20:55.270 23445 23445 D Nappa   : TAG okHttpClient initialized
08-06 15:20:55.279 23445 25014 D Nappa   : F1_SCORE add_intercept_url - (already in) - https://project-travel-mate.herokuapp.com/api/number-of-unread-notifications
08-06 15:20:55.280 23445 25014 D Nappa   : F1_SCORE add_fn_url - (already in) - https://project-travel-mate.herokuapp.com/api/number-of-unread-notifications
08-06 15:20:55.280 23445 25014 D Nappa   : -------------F1_SCORE #27 -----------
