08-04 01:02:42.084 19070 19611 D CustomInterceptor: x-cache-remote TCP_MISS from a2-22-54-207.deploy.akamaitechnologies.com (AkamaiGHost/10.1.0.1-30367680) (-)
08-04 01:02:42.084 19070 19611 D CustomInterceptor: x-true-cache-key /L/itunes.apple.com/en/rss/toppodcasts/limit=25/explicit=true/json vcd=2897 ci2=__
08-04 01:02:42.084 19070 19611 D CustomInterceptor: CACHEABLE false
08-04 01:02:42.084 19070 19611 D CustomInterceptor: REQ https://itunes.apple.com/en/rss/toppodcasts/limit=25/explicit=true/json
08-04 01:02:42.084 19070 19611 D CustomInterceptor: REQ_SERV_BY net
08-04 01:02:42.085 19070 19611 I NAPPA_EXPERIMENTATION: MetricNetworkRequestExecutionTime: REQUEST_DURATION_SYSTEM='370',REQUEST_DURATION_OKHTTP='155',REQUEST_SYNCHRONOUS='TRUE',RESPONSE_CODE='400',RESPONSE_METHOD='GET',RESPONSE_LENGTH_OKHTTP='0',RESPONSE_LENGTH_HEADER='0',REQUEST_PROTOCOL='h2',REQUEST_URL='https://itunes.apple.com/en/rss/toppodcasts/limit=25/explicit=true/json',
08-04 01:02:42.086 19070 19611 D CustomInterceptor: NETWORK-PROVIDER https://itunes.apple.com/us/rss/toppodcasts/limit=25/explicit=true/json
08-04 01:02:42.086 19070 19611 D Nappa   : F1_SCORE add_intercept_url - (new) - https://itunes.apple.com/us/rss/toppodcasts/limit=25/explicit=true/json
08-04 01:02:42.086 19070 19611 D Nappa   : F1_SCORE add_fn_url - (new) - https://itunes.apple.com/us/rss/toppodcasts/limit=25/explicit=true/json
08-04 01:02:42.086 19070 19611 D Nappa   : -------------F1_SCORE #3 -----------
08-04 01:02:42.086 19070 19611 D Nappa   : F1_SCORE - Intercept list (2)= [https://itunes.apple.com/en/rss/toppodcasts/limit=25/explicit=true/json, https://itunes.apple.com/us/rss/toppodcasts/limit=25/explicit=true/json]
08-04 01:02:42.086 19070 19611 D Nappa   : F1_SCORE - Prefetch list (0)= []
08-04 01:02:42.086 19070 19611 D Nappa   : F1_SCORE - TP list (0)= []
08-04 01:02:42.087 19070 19611 D Nappa   : F1_SCORE - FN list (2)= [https://itunes.apple.com/en/rss/toppodcasts/limit=25/explicit=true/json, https://itunes.apple.com/us/rss/toppodcasts/limit=25/explicit=true/json]
08-04 01:02:42.087 19070 19611 I NAPPA_EXPERIMENTATION: MetricPrefetchingAccuracy: LOG_ID='4',F1_SCORE_1='0.0',F1_SCORE_2='0.0',TRUE_POSITIVE='0',FALSE_POSITIVE='0',FALSE_NEGATIVE='2',
08-04 01:02:42.087 19070 19611 D CustomInterceptor: HEADER REQUEST
08-04 01:02:42.087 19070 19611 D CustomInterceptor: Cache-Control max-age=300, max-stale=300
08-04 01:02:42.087 19070 19611 D CustomInterceptor: User-Agent AntennaPod/1.7.2b
08-04 01:02:42.087 19070 19611 D CustomInterceptor: CACHED STATS: size = '0', maxSize = '100', hitCount = '0', createCount = '0', putCount = '0', evictionCount = '0', missCount = '1', toString = 'LruCache[maxSize=100,hits=0,misses=1,hitRate=0%]', 
08-04 01:02:42.087 19070 19611 D CustomInterceptor: PREFLIB NOT A GET REQUEST OR NOT IN CACHEGET
08-04 01:02:42.187 19070 19094 D Nappa   : registerActivity: (already in) nappagreedy.de.danoeh.antennapod.activity.MainActivity
08-04 01:02:42.187 19070 19094 D Nappa   : PARENTS 
08-04 01:02:42.187 19070 19094 D Nappa   : Of: nappagreedy.de.danoeh.antennapod.activity.MainActivity -> 
08-04 01:02:42.187 19070 19094 D Nappa   : PARENTS nappagreedy.de.danoeh.antennapod.activity.SplashActivity
08-04 01:02:42.241   512  2967 D audio_hw_primary: disable_audio_route: reset and update mixer path: low-latency-playback speaker
08-04 01:02:42.241 19070 19611 D CustomInterceptor: HEADER RESPONSE
08-04 01:02:42.242 19070 19611 D CustomInterceptor: access-control-allow-origin *
08-04 01:02:42.242 19070 19611 D CustomInterceptor: apple-originating-system MZStoreServices
08-04 01:02:42.242 19070 19611 D CustomInterceptor: apple-seq 0
08-04 01:02:42.242 19070 19611 D CustomInterceptor: apple-timing-app 85 ms
08-04 01:02:42.242 19070 19611 D CustomInterceptor: apple-tk false
08-04 01:02:42.242 19070 19611 D CustomInterceptor: b3 9f9b0b3e7b1a8105382daa6e7e112e7a-0e90bfde28acec0d
08-04 01:02:42.242 19070 19611 D CustomInterceptor: cache-control max-age=3217
08-04 01:02:42.242 19070 19611 D CustomInterceptor: content-type text/javascript; charset=UTF-8
08-04 01:02:42.242 19070 19611 D CustomInterceptor: date Mon, 03 Aug 2020 23:02:37 GMT
08-04 01:02:42.242 19070 19611 D CustomInterceptor: strict-transport-security max-age=31536000
08-04 01:02:42.242   512  2967 D audio_hw_primary: disable_snd_device: snd_device(2: speaker)
08-04 01:02:42.242 19070 19611 D CustomInterceptor: vary Accept-Encoding
08-04 01:02:42.242 19070 19611 D CustomInterceptor: x-apple-application-instance 4116010
08-04 01:02:42.242 19070 19611 D CustomInterceptor: x-apple-application-site MR22
08-04 01:02:42.243 19070 19611 D CustomInterceptor: x-apple-jingle-correlation-key T6NQWPT3DKAQKOBNVJXH4EJOPI
08-04 01:02:42.243 19070 19611 D CustomInterceptor: x-apple-lok-response-date Tue Jul 28 10:27:22 PDT 2020
08-04 01:02:42.243 19070 19611 D CustomInterceptor: x-apple-orig-url https://itunes.apple.com/us/rss/toppodcasts/limit=25/explicit=true/json
08-04 01:02:42.243 19070 19611 D CustomInterceptor: x-apple-partner origin.0
08-04 01:02:42.243 19070 19611 D CustomInterceptor: x-apple-request-uuid 9f9b0b3e-7b1a-8105-382d-aa6e7e112e7a
08-04 01:02:42.243 19070 19611 D CustomInterceptor: x-apple-translated-wo-url /WebObjects/MZStoreServices.woa/ws/RSS/toppodcasts/limit=25/explicit=true/json?cc=us&urlDesc=/toppodcasts/limit=25/explicit=true/json
08-04 01:02:42.243 19070 19611 D CustomInterceptor: x-b3-spanid 0e90bfde28acec0d
08-04 01:02:42.243 19070 19611 D CustomInterceptor: x-b3-traceid 9f9b0b3e7b1a8105382daa6e7e112e7a
08-04 01:02:42.243 19070 19611 D CustomInterceptor: x-cache TCP_MISS from a95-100-169-39.deploy.akamaitechnologies.com (AkamaiGHost/10.1.0.1-30367680) (-)
08-04 01:02:42.243 19070 19611 D CustomInterceptor: x-cache-remote TCP_MEM_HIT from a95-100-169-34.deploy.akamaitechnologies.com (AkamaiGHost/10.1.0.1-30367680) (-)
08-04 01:02:42.243 19070 19611 D CustomInterceptor: x-true-cache-key /L/itunes.apple.com/us/rss/toppodcasts/limit=25/explicit=true/json vcd=2897 ci2=__
08-04 01:02:42.243 19070 19611 D CustomInterceptor: x-webobjects-loadaverage 0
08-04 01:02:42.243 19070 19611 D CustomInterceptor: CACHEABLE true
08-04 01:02:42.244 19070 19611 D CustomInterceptor: REQ https://itunes.apple.com/us/rss/toppodcasts/limit=25/explicit=true/json
08-04 01:02:42.244 19070 19611 D CustomInterceptor: REQ_SERV_BY net
08-04 01:02:42.244 19070 19611 D CustomInterceptor: PREFLIB Adding response to lrucache - https://itunes.apple.com/us/rss/toppodcasts/limit=25/explicit=true/json
08-04 01:02:42.249 19070 19611 D CustomInterceptor: interceptor_finished : return_type #3 : request served from remote and added to cache
08-04 01:02:42.250   512  2967 I soundtrigger: audio_extn_sound_trigger_update_device_status: device 0x2 of type 0 for Event 0
08-04 01:02:42.251 19070 19611 I NAPPA_EXPERIMENTATION: MetricNetworkRequestExecutionTime: REQUEST_DURATION_SYSTEM='164',REQUEST_DURATION_OKHTTP='0',REQUEST_SYNCHRONOUS='TRUE',RESPONSE_CODE='200',RESPONSE_METHOD='GET',RESPONSE_LENGTH_OKHTTP='49672',RESPONSE_LENGTH_HEADER='-2',REQUEST_PROTOCOL='h2',REQUEST_URL='https://itunes.apple.com/us/rss/toppodcasts/limit=25/explicit=true/json',
08-04 01:02:42.310 19070 19083 I art     : Starting a blocking GC Explicit
08-04 01:02:42.329 19070 19070 D AntennapodHttpClient: Creating new instance of HTTP client
08-04 01:02:42.338 19070 19083 I art     : Explicit concurrent mark sweep GC freed 11868(752KB) AllocSpace objects, 11(828KB) LOS objects, 39% free, 24MB/40MB, paused 1.667ms total 28.002ms
08-04 01:02:42.344 19070 19810 D ApOkHttpUrlLoader: buildLoadData() called with: model = [https://is4-ssl.mzstatic.com/image/thumb/Podcasts114/v4/3f/16/74/3f167426-bf50-ce3a-d709-e4301620fc5b/mza_5832671293059882550.jpeg/170x170bb.png], width = [224], height = [224]
08-04 01:02:42.347 19070 19083 I art     : Starting a blocking GC Explicit
08-04 01:02:42.349 19070 19811 D DBReader: getImageAuthentication() called with: imageUrl = [https://is4-ssl.mzstatic.com/image/thumb/Podcasts114/v4/3f/16/74/3f167426-bf50-ce3a-d709-e4301620fc5b/mza_5832671293059882550.jpeg/170x170bb.png]
08-04 01:02:42.351 19070 19812 D ApOkHttpUrlLoader: buildLoadData() called with: model = [https://is4-ssl.mzstatic.com/image/thumb/Podcasts113/v4/e5/8a/10/e58a108f-f5d0-f622-c94a-13f66edd570c/mza_3025981348644196724.jpg/170x170bb.png], width = [224], height = [224]
08-04 01:02:42.351 19070 19811 D ApOkHttpUrlLoader: no credentials for 'https://is4-ssl.mzstatic.com/image/thumb/Podcasts114/v4/3f/16/74/3f167426-bf50-ce3a-d709-e4301620fc5b/mza_5832671293059882550.jpeg/170x170bb.png'
08-04 01:02:42.352 19070 19813 D DBReader: getImageAuthentication() called with: imageUrl = [https://is4-ssl.mzstatic.com/image/thumb/Podcasts113/v4/e5/8a/10/e58a108f-f5d0-f622-c94a-13f66edd570c/mza_3025981348644196724.jpg/170x170bb.png]
08-04 01:02:42.354 19070 19813 D ApOkHttpUrlLoader: no credentials for 'https://is4-ssl.mzstatic.com/image/thumb/Podcasts113/v4/e5/8a/10/e58a108f-f5d0-f622-c94a-13f66edd570c/mza_3025981348644196724.jpg/170x170bb.png'
08-04 01:02:42.355 19070 19814 D ApOkHttpUrlLoader: buildLoadData() called with: model = [https://is2-ssl.mzstatic.com/image/thumb/Podcasts113/v4/a9/39/cc/a939ccc5-6d60-0c11-0a4c-16d71cdef89b/mza_8787577209688278658.jpg/170x170bb.png], width = [224], height = [224]
08-04 01:02:42.357 19070 19815 D DBReader: getImageAuthentication() called with: imageUrl = [https://is2-ssl.mzstatic.com/image/thumb/Podcasts113/v4/a9/39/cc/a939ccc5-6d60-0c11-0a4c-16d71cdef89b/mza_8787577209688278658.jpg/170x170bb.png]
08-04 01:02:42.358 19070 19816 D ApOkHttpUrlLoader: buildLoadData() called with: model = [https://is5-ssl.mzstatic.com/image/thumb/Podcasts114/v4/93/cf/99/93cf9960-fff3-205e-6655-72c03ddeccb2/mza_10545582232493904175.jpeg/170x170bb.png], width = [224], height = [224]
08-04 01:02:42.359 19070 19815 D ApOkHttpUrlLoader: no credentials for 'https://is2-ssl.mzstatic.com/image/thumb/Podcasts113/v4/a9/39/cc/a939ccc5-6d60-0c11-0a4c-16d71cdef89b/mza_8787577209688278658.jpg/170x170bb.png'
08-04 01:02:42.360 19070 19817 D DBReader: getImageAuthentication() called with: imageUrl = [https://is5-ssl.mzstatic.com/image/thumb/Podcasts114/v4/93/cf/99/93cf9960-fff3-205e-6655-72c03ddeccb2/mza_10545582232493904175.jpeg/170x170bb.png]
08-04 01:02:42.362 19070 19810 D ApOkHttpUrlLoader: buildLoadData() called with: model = [https://is4-ssl.mzstatic.com/image/thumb/Podcasts124/v4/49/a4/91/49a491b7-3daf-c5dc-d7c6-6c4f1486955c/mza_5930014091766152297.png/170x170bb.png], width = [224], height = [224]
08-04 01:02:42.363 19070 19817 D ApOkHttpUrlLoader: no credentials for 'https://is5-ssl.mzstatic.com/image/thumb/Podcasts114/v4/93/cf/99/93cf9960-fff3-205e-6655-72c03ddeccb2/mza_10545582232493904175.jpeg/170x170bb.png'
08-04 01:02:42.364 19070 19818 D DBReader: getImageAuthentication() called with: imageUrl = [https://is4-ssl.mzstatic.com/image/thumb/Podcasts124/v4/49/a4/91/49a491b7-3daf-c5dc-d7c6-6c4f1486955c/mza_5930014091766152297.png/170x170bb.png]
08-04 01:02:42.364 19070 19812 D ApOkHttpUrlLoader: buildLoadData() called with: model = [https://is5-ssl.mzstatic.com/image/thumb/Podcasts113/v4/fd/54/6e/fd546ea0-7ab2-e3f0-6049-884d82917af9/mza_4855349695799758348.jpeg/170x170bb.png], width = [224], height = [224]
08-04 01:02:42.365 19070 19818 D ApOkHttpUrlLoader: no credentials for 'https://is4-ssl.mzstatic.com/image/thumb/Podcasts124/v4/49/a4/91/49a491b7-3daf-c5dc-d7c6-6c4f1486955c/mza_5930014091766152297.png/170x170bb.png'
08-04 01:02:42.366 19070 19819 D DBReader: getImageAuthentication() called with: imageUrl = [https://is5-ssl.mzstatic.com/image/thumb/Podcasts113/v4/fd/54/6e/fd546ea0-7ab2-e3f0-6049-884d82917af9/mza_4855349695799758348.jpeg/170x170bb.png]
08-04 01:02:42.368 19070 19814 D ApOkHttpUrlLoader: buildLoadData() called with: model = [https://is2-ssl.mzstatic.com/image/thumb/Podcasts114/v4/b3/4c/cf/b34ccfc2-cea4-1ca1-0fad-7793af301cc5/mza_2466085192629456364.jpg/170x170bb.png], width = [224], height = [224]
08-04 01:02:42.369 19070 19819 D ApOkHttpUrlLoader: no credentials for 'https://is5-ssl.mzstatic.com/image/thumb/Podcasts113/v4/fd/54/6e/fd546ea0-7ab2-e3f0-6049-884d82917af9/mza_4855349695799758348.jpeg/170x170bb.png'
08-04 01:02:42.370 19070 19820 D DBReader: getImageAuthentication() called with: imageUrl = [https://is2-ssl.mzstatic.com/image/thumb/Podcasts114/v4/b3/4c/cf/b34ccfc2-cea4-1ca1-0fad-7793af301cc5/mza_2466085192629456364.jpg/170x170bb.png]
08-04 01:02:42.373 19070 19083 I art     : Explicit concurrent mark sweep GC freed 3134(264KB) AllocSpace objects, 0(0B) LOS objects, 39% free, 24MB/40MB, paused 1.590ms total 25.561ms
08-04 01:02:42.373 19070 19820 D ApOkHttpUrlLoader: no credentials for 'https://is2-ssl.mzstatic.com/image/thumb/Podcasts114/v4/b3/4c/cf/b34ccfc2-cea4-1ca1-0fad-7793af301cc5/mza_2466085192629456364.jpg/170x170bb.png'
08-04 01:02:42.381 19070 19083 I art     : Starting a blocking GC Explicit
08-04 01:02:42.403 19070 19083 I art     : Explicit concurrent mark sweep GC freed 723(39KB) AllocSpace objects, 0(0B) LOS objects, 39% free, 24MB/40MB, paused 893us total 20.933ms
08-04 01:02:42.410 19070 19083 I art     : Starting a blocking GC Explicit
08-04 01:02:42.430 19070 19083 I art     : Explicit concurrent mark sweep GC freed 273(17KB) AllocSpace objects, 0(0B) LOS objects, 39% free, 24MB/40MB, paused 741us total 20.038ms
08-04 01:02:42.438 19070 19083 I art     : Starting a blocking GC Explicit
08-04 01:02:42.459 19070 19083 I art     : Explicit concurrent mark sweep GC freed 3(96B) AllocSpace objects, 0(0B) LOS objects, 39% free, 24MB/40MB, paused 810us total 20.987ms
08-04 01:02:42.719 19070 19127 I art     : Starting a blocking GC Explicit
08-04 01:02:42.741 19070 19811 D MYTAG   : interceptor 2a
08-04 01:02:42.741 19070 19811 I NAPPA_EXPERIMENTATION: MetricNetworkRequestExecutionTime: REQUEST_DURATION_SYSTEM='389',REQUEST_DURATION_OKHTTP='182',REQUEST_SYNCHRONOUS='TRUE',RESPONSE_CODE='200',RESPONSE_METHOD='GET',RESPONSE_LENGTH_OKHTTP='26177',RESPONSE_LENGTH_HEADER='26177',REQUEST_PROTOCOL='h2',REQUEST_URL='https://is4-ssl.mzstatic.com/image/thumb/Podcasts114/v4/3f/16/74/3f167426-bf50-ce3a-d709-e4301620fc5b/mza_5832671293059882550.jpeg/170x170bb.png',
08-04 01:02:42.756 19070 19127 I art     : Explicit concurrent mark sweep GC freed 29764(1455KB) AllocSpace objects, 4(220KB) LOS objects, 38% free, 25MB/41MB, paused 2.247ms total 36.913ms
08-04 01:02:42.766 19070 19127 I art     : Starting a blocking GC Explicit
08-04 01:02:42.792 19070 19817 D MYTAG   : interceptor 2a
08-04 01:02:42.792 19070 19127 I art     : Explicit concurrent mark sweep GC freed 1627(144KB) AllocSpace objects, 0(0B) LOS objects, 38% free, 25MB/41MB, paused 1.458ms total 25.492ms
08-04 01:02:42.792 19070 19817 I NAPPA_EXPERIMENTATION: MetricNetworkRequestExecutionTime: REQUEST_DURATION_SYSTEM='429',REQUEST_DURATION_OKHTTP='217',REQUEST_SYNCHRONOUS='TRUE',RESPONSE_CODE='200',RESPONSE_METHOD='GET',RESPONSE_LENGTH_OKHTTP='22351',RESPONSE_LENGTH_HEADER='22351',REQUEST_PROTOCOL='h2',REQUEST_URL='https://is5-ssl.mzstatic.com/image/thumb/Podcasts114/v4/93/cf/99/93cf9960-fff3-205e-6655-72c03ddeccb2/mza_10545582232493904175.jpeg/170x170bb.png',
08-04 01:02:42.801 19070 19127 I art     : Starting a blocking GC Explicit
08-04 01:02:42.823 19070 19127 I art     : Explicit concurrent mark sweep GC freed 455(29KB) AllocSpace objects, 0(0B) LOS objects, 38% free, 25MB/41MB, paused 890us total 22.045ms
08-04 01:02:42.831 19070 19127 I art     : Starting a blocking GC Explicit
08-04 01:02:42.833 19070 19820 D MYTAG   : interceptor 2a
08-04 01:02:42.833 19070 19820 I NAPPA_EXPERIMENTATION: MetricNetworkRequestExecutionTime: REQUEST_DURATION_SYSTEM='459',REQUEST_DURATION_OKHTTP='252',REQUEST_SYNCHRONOUS='TRUE',RESPONSE_CODE='200',RESPONSE_METHOD='GET',RESPONSE_LENGTH_OKHTTP='42299',RESPONSE_LENGTH_HEADER='42299',REQUEST_PROTOCOL='h2',REQUEST_URL='https://is2-ssl.mzstatic.com/image/thumb/Podcasts114/v4/b3/4c/cf/b34ccfc2-cea4-1ca1-0fad-7793af301cc5/mza_2466085192629456364.jpg/170x170bb.png',
08-04 01:02:42.835 19070 19818 D MYTAG   : interceptor 2a
08-04 01:02:42.836 19070 19818 I NAPPA_EXPERIMENTATION: MetricNetworkRequestExecutionTime: REQUEST_DURATION_SYSTEM='470',REQUEST_DURATION_OKHTTP='252',REQUEST_SYNCHRONOUS='TRUE',RESPONSE_CODE='200',RESPONSE_METHOD='GET',RESPONSE_LENGTH_OKHTTP='12000',RESPONSE_LENGTH_HEADER='12000',REQUEST_PROTOCOL='h2',REQUEST_URL='https://is4-ssl.mzstatic.com/image/thumb/Podcasts124/v4/49/a4/91/49a491b7-3daf-c5dc-d7c6-6c4f1486955c/mza_5930014091766152297.png/170x170bb.png',
08-04 01:02:42.838 19070 19819 D MYTAG   : interceptor 2a
08-04 01:02:42.838 19070 19819 I NAPPA_EXPERIMENTATION: MetricNetworkRequestExecutionTime: REQUEST_DURATION_SYSTEM='469',REQUEST_DURATION_OKHTTP='255',REQUEST_SYNCHRONOUS='TRUE',RESPONSE_CODE='200',RESPONSE_METHOD='GET',RESPONSE_LENGTH_OKHTTP='54835',RESPONSE_LENGTH_HEADER='54835',REQUEST_PROTOCOL='h2',REQUEST_URL='https://is5-ssl.mzstatic.com/image/thumb/Podcasts113/v4/fd/54/6e/fd546ea0-7ab2-e3f0-6049-884d82917af9/mza_4855349695799758348.jpeg/170x170bb.png',
08-04 01:02:42.854 19070 19127 I art     : Explicit concurrent mark sweep GC freed 926(68KB) AllocSpace objects, 0(0B) LOS objects, 38% free, 25MB/41MB, paused 848us total 22.607ms
08-04 01:02:42.856 19070 19815 D MYTAG   : interceptor 2a
08-04 01:02:42.858 19070 19815 I NAPPA_EXPERIMENTATION: MetricNetworkRequestExecutionTime: REQUEST_DURATION_SYSTEM='497',REQUEST_DURATION_OKHTTP='277',REQUEST_SYNCHRONOUS='TRUE',RESPONSE_CODE='200',RESPONSE_METHOD='GET',RESPONSE_LENGTH_OKHTTP='48239',RESPONSE_LENGTH_HEADER='48239',REQUEST_PROTOCOL='h2',REQUEST_URL='https://is2-ssl.mzstatic.com/image/thumb/Podcasts113/v4/a9/39/cc/a939ccc5-6d60-0c11-0a4c-16d71cdef89b/mza_8787577209688278658.jpg/170x170bb.png',
08-04 01:02:42.859 19070 19813 D MYTAG   : interceptor 2a
08-04 01:02:42.859 19070 19813 I NAPPA_EXPERIMENTATION: MetricNetworkRequestExecutionTime: REQUEST_DURATION_SYSTEM='505',REQUEST_DURATION_OKHTTP='278',REQUEST_SYNCHRONOUS='TRUE',RESPONSE_CODE='200',RESPONSE_METHOD='GET',RESPONSE_LENGTH_OKHTTP='45995',RESPONSE_LENGTH_HEADER='45995',REQUEST_PROTOCOL='h2',REQUEST_URL='https://is4-ssl.mzstatic.com/image/thumb/Podcasts113/v4/e5/8a/10/e58a108f-f5d0-f622-c94a-13f66edd570c/mza_3025981348644196724.jpg/170x170bb.png',
08-04 01:02:42.862 19070 19127 I art     : Starting a blocking GC Explicit
08-04 01:02:42.885 19070 19127 I art     : Explicit concurrent mark sweep GC freed 1022(60KB) AllocSpace objects, 0(0B) LOS objects, 37% free, 26MB/42MB, paused 700us total 22.505ms
08-04 01:02:43.175 19070 19418 I art     : Starting a blocking GC Explicit
08-04 01:02:43.207 19070 19418 I art     : Explicit concurrent mark sweep GC freed 2230(119KB) AllocSpace objects, 1(20KB) LOS objects, 37% free, 26MB/42MB, paused 758us total 30.809ms
08-04 01:02:43.218 19070 19418 I art     : Starting a blocking GC Explicit
08-04 01:02:43.243 19070 19418 I art     : Explicit concurrent mark sweep GC freed 53(2432B) AllocSpace objects, 0(0B) LOS objects, 37% free, 26MB/42MB, paused 674us total 24.494ms
08-04 01:02:43.252 19070 19418 I art     : Starting a blocking GC Explicit
08-04 01:02:43.276 19070 19418 I art     : Explicit concurrent mark sweep GC freed 3(96B) AllocSpace objects, 0(0B) LOS objects, 37% free, 26MB/42MB, paused 711us total 24.278ms
08-04 01:02:43.285 19070 19418 I art     : Starting a blocking GC Explicit
08-04 01:02:43.311 19070 19418 I art     : Explicit concurrent mark sweep GC freed 3(96B) AllocSpace objects, 0(0B) LOS objects, 37% free, 26MB/42MB, paused 693us total 24.824ms
08-04 01:02:43.320 19070 19418 I art     : Starting a blocking GC Explicit
08-04 01:02:43.344 19070 19418 I art     : Explicit concurrent mark sweep GC freed 3(96B) AllocSpace objects, 0(0B) LOS objects, 37% free, 26MB/42MB, paused 678us total 24.416ms
08-04 01:02:43.658 19070 19127 I art     : Starting a blocking GC Explicit
08-04 01:02:43.693 19070 19127 I art     : Explicit concurrent mark sweep GC freed 1586(94KB) AllocSpace objects, 1(20KB) LOS objects, 37% free, 26MB/42MB, paused 705us total 34.923ms
08-04 01:02:43.707 19070 19127 I art     : Starting a blocking GC Explicit
08-04 01:02:43.730 19070 19127 I art     : Explicit concurrent mark sweep GC freed 35(1136B) AllocSpace objects, 0(0B) LOS objects, 37% free, 26MB/42MB, paused 681us total 23.245ms
08-04 01:02:43.739 19070 19127 I art     : Starting a blocking GC Explicit
08-04 01:02:43.763 19070 19127 I art     : Explicit concurrent mark sweep GC freed 3(96B) AllocSpace objects, 0(0B) LOS objects, 37% free, 26MB/42MB, paused 690us total 23.639ms
08-04 01:02:43.772 19070 19127 I art     : Starting a blocking GC Explicit
08-04 01:02:43.796 19070 19127 I art     : Explicit concurrent mark sweep GC freed 3(96B) AllocSpace objects, 0(0B) LOS objects, 37% free, 26MB/42MB, paused 688us total 23.669ms
08-04 01:02:43.805 19070 19127 I art     : Starting a blocking GC Explicit
08-04 01:02:43.829 19070 19127 I art     : Explicit concurrent mark sweep GC freed 3(96B) AllocSpace objects, 0(0B) LOS objects, 37% free, 26MB/42MB, paused 790us total 24.571ms
08-04 01:02:44.145 19070 19418 I art     : Starting a blocking GC Explicit
08-04 01:02:44.172 19070 19418 I art     : Explicit concurrent mark sweep GC freed 1645(96KB) AllocSpace objects, 1(20KB) LOS objects, 37% free, 26MB/42MB, paused 735us total 26.140ms
08-04 01:02:44.181 19070 19418 I art     : Starting a blocking GC Explicit
08-04 01:02:44.205 19070 19418 I art     : Explicit concurrent mark sweep GC freed 35(1136B) AllocSpace objects, 0(0B) LOS objects, 37% free, 26MB/42MB, paused 702us total 23.547ms
08-04 01:02:44.214 19070 19418 I art     : Starting a blocking GC Explicit
08-04 01:02:44.238 19070 19418 I art     : Explicit concurrent mark sweep GC freed 3(96B) AllocSpace objects, 0(0B) LOS objects, 37% free, 26MB/42MB, paused 703us total 23.488ms
08-04 01:02:44.246 19070 19418 I art     : Starting a blocking GC Explicit
08-04 01:02:44.270 19070 19418 I art     : Explicit concurrent mark sweep GC freed 3(96B) AllocSpace objects, 0(0B) LOS objects, 37% free, 26MB/42MB, paused 694us total 23.432ms
08-04 01:02:44.279 19070 19418 I art     : Starting a blocking GC Explicit
08-04 01:02:44.304 19070 19418 I art     : Explicit concurrent mark sweep GC freed 3(96B) AllocSpace objects, 0(0B) LOS objects, 37% free, 26MB/42MB, paused 787us total 24.667ms
08-04 01:02:44.626 19070 19127 I art     : Starting a blocking GC Explicit
08-04 01:02:44.653 19070 19127 I art     : Explicit concurrent mark sweep GC freed 1588(94KB) AllocSpace objects, 1(20KB) LOS objects, 37% free, 26MB/42MB, paused 699us total 26.949ms
08-04 01:02:44.662 19070 19127 I art     : Starting a blocking GC Explicit
08-04 01:02:44.687 19070 19127 I art     : Explicit concurrent mark sweep GC freed 35(1136B) AllocSpace objects, 0(0B) LOS objects, 37% free, 26MB/42MB, paused 730us total 24.265ms
08-04 01:02:44.696 19070 19127 I art     : Starting a blocking GC Explicit
08-04 01:02:44.720 19070 19127 I art     : Explicit concurrent mark sweep GC freed 3(96B) AllocSpace objects, 0(0B) LOS objects, 37% free, 26MB/42MB, paused 760us total 24.355ms
08-04 01:02:44.729 19070 19127 I art     : Starting a blocking GC Explicit
08-04 01:02:44.754 19070 19127 I art     : Explicit concurrent mark sweep GC freed 3(96B) AllocSpace objects, 0(0B) LOS objects, 37% free, 26MB/42MB, paused 681us total 23.972ms
08-04 01:02:44.763 19070 19127 I art     : Starting a blocking GC Explicit
08-04 01:02:44.787 19070 19127 I art     : Explicit concurrent mark sweep GC freed 3(96B) AllocSpace objects, 0(0B) LOS objects, 37% free, 26MB/42MB, paused 692us total 24.020ms
08-04 01:02:45.118 19070 19082 I art     : Starting a blocking GC Explicit
08-04 01:02:45.154 19070 19082 I art     : Explicit concurrent mark sweep GC freed 1617(95KB) AllocSpace objects, 1(20KB) LOS objects, 37% free, 26MB/42MB, paused 739us total 35.654ms
08-04 01:02:45.167 19070 19082 I art     : Starting a blocking GC Explicit
08-04 01:02:45.194 19070 19082 I art     : Explicit concurrent mark sweep GC freed 35(1136B) AllocSpace objects, 0(0B) LOS objects, 37% free, 26MB/42MB, paused 762us total 26.624ms
08-04 01:02:45.203 19070 19082 I art     : Starting a blocking GC Explicit
08-04 01:02:45.227 19070 19082 I art     : Explicit concurrent mark sweep GC freed 3(96B) AllocSpace objects, 0(0B) LOS objects, 37% free, 26MB/42MB, paused 793us total 24.365ms
08-04 01:02:45.236 19070 19082 I art     : Starting a blocking GC Explicit
08-04 01:02:45.260 19070 19082 I art     : Explicit concurrent mark sweep GC freed 3(96B) AllocSpace objects, 0(0B) LOS objects, 37% free, 26MB/42MB, paused 685us total 23.742ms
08-04 01:02:45.269 19070 19082 I art     : Starting a blocking GC Explicit
08-04 01:02:45.293 19070 19082 I art     : Explicit concurrent mark sweep GC freed 3(96B) AllocSpace objects, 0(0B) LOS objects, 37% free, 26MB/42MB, paused 678us total 23.690ms
08-04 01:02:45.604 19070 19083 I art     : Starting a blocking GC Explicit
08-04 01:02:45.632 19070 19083 I art     : Explicit concurrent mark sweep GC freed 1588(94KB) AllocSpace objects, 1(20KB) LOS objects, 37% free, 26MB/42MB, paused 763us total 27.709ms
08-04 01:02:45.644 19070 19083 I art     : Starting a blocking GC Explicit
08-04 01:02:45.668 19070 19083 I art     : Explicit concurrent mark sweep GC freed 35(1136B) AllocSpace objects, 0(0B) LOS objects, 37% free, 26MB/42MB, paused 699us total 24.225ms
08-04 01:02:45.677 19070 19083 I art     : Starting a blocking GC Explicit
08-04 01:02:45.702 19070 19083 I art     : Explicit concurrent mark sweep GC freed 3(96B) AllocSpace objects, 0(0B) LOS objects, 37% free, 26MB/42MB, paused 688us total 23.961ms
08-04 01:02:45.711 19070 19083 I art     : Starting a blocking GC Explicit
08-04 01:02:45.735 19070 19083 I art     : Explicit concurrent mark sweep GC freed 3(96B) AllocSpace objects, 0(0B) LOS objects, 37% free, 26MB/42MB, paused 680us total 23.889ms
08-04 01:02:45.744 19070 19083 I art     : Starting a blocking GC Explicit
08-04 01:02:45.768 19070 19083 I art     : Explicit concurrent mark sweep GC freed 3(96B) AllocSpace objects, 0(0B) LOS objects, 37% free, 26MB/42MB, paused 702us total 24.514ms
08-04 01:02:46.001   518   646 I ThermalEngine: ACTION: GPU - Setting GPU[0] to 600000000
08-04 01:02:46.109 19070 19418 I art     : Starting a blocking GC Explicit
08-04 01:02:46.137 19070 19418 I art     : Explicit concurrent mark sweep GC freed 1617(95KB) AllocSpace objects, 1(20KB) LOS objects, 37% free, 26MB/42MB, paused 611us total 27.276ms
08-04 01:02:46.148 19070 19418 I art     : Starting a blocking GC Explicit
08-04 01:02:46.168 19070 19418 I art     : Explicit concurrent mark sweep GC freed 35(1136B) AllocSpace objects, 0(0B) LOS objects, 37% free, 26MB/42MB, paused 565us total 19.246ms
08-04 01:02:46.175 19070 19418 I art     : Starting a blocking GC Explicit
08-04 01:02:46.194 19070 19418 I art     : Explicit concurrent mark sweep GC freed 3(96B) AllocSpace objects, 0(0B) LOS objects, 37% free, 26MB/42MB, paused 513us total 19.216ms
08-04 01:02:46.202 19070 19418 I art     : Starting a blocking GC Explicit
08-04 01:02:46.221 19070 19418 I art     : Explicit concurrent mark sweep GC freed 3(96B) AllocSpace objects, 0(0B) LOS objects, 37% free, 26MB/42MB, paused 510us total 18.740ms
08-04 01:02:46.228 19070 19418 I art     : Starting a blocking GC Explicit
08-04 01:02:46.247 19070 19418 I art     : Explicit concurrent mark sweep GC freed 3(96B) AllocSpace objects, 0(0B) LOS objects, 37% free, 26MB/42MB, paused 509us total 18.743ms
08-04 01:02:46.560 19070 19127 I art     : Starting a blocking GC Explicit
08-04 01:02:46.586 19070 19127 I art     : Explicit concurrent mark sweep GC freed 1588(94KB) AllocSpace objects, 1(20KB) LOS objects, 37% free, 26MB/42MB, paused 569us total 26.383ms
08-04 01:02:46.596 19070 19127 I art     : Starting a blocking GC Explicit
08-04 01:02:46.616 19070 19127 I art     : Explicit concurrent mark sweep GC freed 35(1136B) AllocSpace objects, 0(0B) LOS objects, 37% free, 26MB/42MB, paused 580us total 19.620ms
08-04 01:02:46.623 19070 19127 I art     : Starting a blocking GC Explicit
08-04 01:02:46.642 19070 19127 I art     : Explicit concurrent mark sweep GC freed 3(96B) AllocSpace objects, 0(0B) LOS objects, 37% free, 26MB/42MB, paused 514us total 18.070ms
08-04 01:02:46.649 19070 19127 I art     : Starting a blocking GC Explicit
08-04 01:02:46.668 19070 19127 I art     : Explicit concurrent mark sweep GC freed 3(96B) AllocSpace objects, 0(0B) LOS objects, 37% free, 26MB/42MB, paused 530us total 18.715ms
08-04 01:02:46.674 19070 19127 I art     : Starting a blocking GC Explicit
08-04 01:02:46.693 19070 19127 I art     : Explicit concurrent mark sweep GC freed 3(96B) AllocSpace objects, 0(0B) LOS objects, 37% free, 26MB/42MB, paused 507us total 18.646ms
08-04 01:02:46.998 19070 19082 I art     : Starting a blocking GC Explicit
08-04 01:02:47.023 19070 19082 I art     : Explicit concurrent mark sweep GC freed 1588(94KB) AllocSpace objects, 1(20KB) LOS objects, 37% free, 26MB/42MB, paused 577us total 24.894ms
08-04 01:02:47.033 19070 19082 I art     : Starting a blocking GC Explicit
08-04 01:02:47.053 19070 19082 I art     : Explicit concurrent mark sweep GC freed 64(1920B) AllocSpace objects, 0(0B) LOS objects, 37% free, 26MB/42MB, paused 498us total 19.123ms
08-04 01:02:47.060 19070 19082 I art     : Starting a blocking GC Explicit
08-04 01:02:47.079 19070 19082 I art     : Explicit concurrent mark sweep GC freed 3(96B) AllocSpace objects, 0(0B) LOS objects, 37% free, 26MB/42MB, paused 501us total 19.113ms
08-04 01:02:47.086 19070 19082 I art     : Starting a blocking GC Explicit
08-04 01:02:47.105 19070 19082 I art     : Explicit concurrent mark sweep GC freed 3(96B) AllocSpace objects, 0(0B) LOS objects, 37% free, 26MB/42MB, paused 496us total 18.951ms
08-04 01:02:47.113 19070 19082 I art     : Starting a blocking GC Explicit
08-04 01:02:47.132 19070 19082 I art     : Explicit concurrent mark sweep GC freed 3(96B) AllocSpace objects, 0(0B) LOS objects, 37% free, 26MB/42MB, paused 519us total 19.035ms
08-04 01:02:47.480 19070 19083 I art     : Starting a blocking GC Explicit
08-04 01:02:47.510 19070 19083 I art     : Explicit concurrent mark sweep GC freed 1588(94KB) AllocSpace objects, 1(20KB) LOS objects, 37% free, 26MB/42MB, paused 579us total 29.159ms
08-04 01:02:47.521 19070 19083 I art     : Starting a blocking GC Explicit
08-04 01:02:47.541 19070 19083 I art     : Explicit concurrent mark sweep GC freed 35(1136B) AllocSpace objects, 0(0B) LOS objects, 37% free, 26MB/42MB, paused 519us total 19.771ms
08-04 01:02:47.548 19070 19083 I art     : Starting a blocking GC Explicit
08-04 01:02:47.568 19070 19083 I art     : Explicit concurrent mark sweep GC freed 3(96B) AllocSpace objects, 0(0B) LOS objects, 37% free, 26MB/42MB, paused 515us total 19.753ms
08-04 01:02:47.575 19070 19083 I art     : Starting a blocking GC Explicit
08-04 01:02:47.595 19070 19083 I art     : Explicit concurrent mark sweep GC freed 3(96B) AllocSpace objects, 0(0B) LOS objects, 37% free, 26MB/42MB, paused 519us total 19.122ms
08-04 01:02:47.602 19070 19083 I art     : Starting a blocking GC Explicit
08-04 01:02:47.621 19070 19083 I art     : Explicit concurrent mark sweep GC freed 3(96B) AllocSpace objects, 0(0B) LOS objects, 37% free, 26MB/42MB, paused 593us total 18.996ms
08-04 01:02:47.943 19070 19418 I art     : Starting a blocking GC Explicit
08-04 01:02:47.964 19070 19418 I art     : Explicit concurrent mark sweep GC freed 1588(94KB) AllocSpace objects, 1(20KB) LOS objects, 37% free, 26MB/42MB, paused 558us total 21.038ms
08-04 01:02:47.972 19070 19418 I art     : Starting a blocking GC Explicit
08-04 01:02:47.991 19070 19418 I art     : Explicit concurrent mark sweep GC freed 35(1136B) AllocSpace objects, 0(0B) LOS objects, 37% free, 26MB/42MB, paused 545us total 18.176ms
08-04 01:02:47.997 19070 19418 I art     : Starting a blocking GC Explicit
08-04 01:02:48.016 19070 19418 I art     : Explicit concurrent mark sweep GC freed 3(96B) AllocSpace objects, 0(0B) LOS objects, 37% free, 26MB/42MB, paused 490us total 18.366ms
08-04 01:02:48.023 19070 19418 I art     : Starting a blocking GC Explicit
08-04 01:02:48.041 19070 19418 I art     : Explicit concurrent mark sweep GC freed 3(96B) AllocSpace objects, 0(0B) LOS objects, 37% free, 26MB/42MB, paused 519us total 17.821ms
08-04 01:02:48.048 19070 19418 I art     : Starting a blocking GC Explicit
08-04 01:02:48.065 19070 19418 I art     : Explicit concurrent mark sweep GC freed 32(880B) AllocSpace objects, 0(0B) LOS objects, 37% free, 26MB/42MB, paused 489us total 17.673ms
08-04 01:02:48.222 19954 19954 D AndroidRuntime: >>>>>> START com.android.internal.os.RuntimeInit uid 2000 <<<<<<
08-04 01:02:48.230 19954 19954 D AndroidRuntime: CheckJNI is OFF
08-04 01:02:48.255 19954 19954 D ICU     : No timezone override file found: /data/misc/zoneinfo/current/icu/icu_tzdata.dat
08-04 01:02:48.279 19954 19954 I Radio-JNI: register_android_hardware_Radio DONE
08-04 01:02:48.296 19954 19954 D AndroidRuntime: Calling main entry com.android.commands.input.Input
08-04 01:02:48.297 19954 19954 I Input   : injectMotionEvent: MotionEvent { action=ACTION_DOWN, actionButton=0, id[0]=0, x[0]=616.0, y[0]=469.0, toolType[0]=TOOL_TYPE_UNKNOWN, buttonState=0, metaState=0, flags=0x0, edgeFlags=0x0, pointerCount=1, historySize=0, eventTime=666184710, downTime=666184710, deviceId=0, source=0x1002 }
08-04 01:02:48.302 19954 19954 I Input   : injectMotionEvent: MotionEvent { action=ACTION_UP, actionButton=0, id[0]=0, x[0]=616.0, y[0]=469.0, toolType[0]=TOOL_TYPE_UNKNOWN, buttonState=0, metaState=0, flags=0x0, edgeFlags=0x0, pointerCount=1, historySize=0, eventTime=666184710, downTime=666184710, deviceId=0, source=0x1002 }
08-04 01:02:48.304 19954 19954 D AndroidRuntime: Shutting down VM
08-04 01:02:48.344 19070 19082 I art     : Starting a blocking GC Explicit
08-04 01:02:48.364 19070 19082 I art     : Explicit concurrent mark sweep GC freed 1610(95KB) AllocSpace objects, 1(20KB) LOS objects, 37% free, 26MB/42MB, paused 587us total 19.466ms
08-04 01:02:48.371 19070 19103 D CustomInterceptor: NETWORK-PROVIDER https://itunes.apple.com/lookup?id=1524080195
08-04 01:02:48.371 19070 19103 D Nappa   : F1_SCORE add_intercept_url - (new) - https://itunes.apple.com/lookup?id=1524080195
08-04 01:02:48.371   512  2967 D audio_hw_primary: out_set_parameters: enter: usecase(1: low-latency-playback) kvpairs: routing=2
08-04 01:02:48.371 19070 19103 D Nappa   : F1_SCORE add_fn_url - (new) - https://itunes.apple.com/lookup?id=1524080195
08-04 01:02:48.371 19070 19103 D Nappa   : -------------F1_SCORE #4 -----------
08-04 01:02:48.371 19070 19103 D Nappa   : F1_SCORE - Intercept list (3)= [https://itunes.apple.com/en/rss/toppodcasts/limit=25/explicit=true/json, https://itunes.apple.com/us/rss/toppodcasts/limit=25/explicit=true/json, https://itunes.apple.com/lookup?id=1524080195]
08-04 01:02:48.371 19070 19103 D Nappa   : F1_SCORE - Prefetch list (0)= []
08-04 01:02:48.371 19070 19103 D Nappa   : F1_SCORE - TP list (0)= []
08-04 01:02:48.371 19070 19103 D Nappa   : F1_SCORE - FN list (3)= [https://itunes.apple.com/en/rss/toppodcasts/limit=25/explicit=true/json, https://itunes.apple.com/us/rss/toppodcasts/limit=25/explicit=true/json, https://itunes.apple.com/lookup?id=1524080195]
08-04 01:02:48.371 19070 19103 I NAPPA_EXPERIMENTATION: MetricPrefetchingAccuracy: LOG_ID='5',F1_SCORE_1='0.0',F1_SCORE_2='0.0',TRUE_POSITIVE='0',FALSE_POSITIVE='0',FALSE_NEGATIVE='3',
08-04 01:02:48.372 19070 19103 D CustomInterceptor: HEADER REQUEST
08-04 01:02:48.372 19070 19103 D CustomInterceptor: Cache-Control max-age=300, max-stale=300
08-04 01:02:48.372 19070 19103 D CustomInterceptor: User-Agent AntennaPod/1.7.2b
08-04 01:02:48.372 19070 19103 D CustomInterceptor: CACHED STATS: size = '1', maxSize = '100', hitCount = '1', createCount = '0', putCount = '1', evictionCount = '0', missCount = '2', toString = 'LruCache[maxSize=100,hits=1,misses=2,hitRate=33%]', 
08-04 01:02:48.372 19070 19103 D CustomInterceptor: PREFLIB NOT A GET REQUEST OR NOT IN CACHEGET
08-04 01:02:48.372 19070 19082 I art     : Starting a blocking GC Explicit
08-04 01:02:48.384   512  2967 D audio_hw_primary: select_devices: out_snd_device(2: speaker) in_snd_device(0: none)
08-04 01:02:48.384   512  2967 D msm8974_platform: platform_send_audio_calibration: sending audio calibration for snd_device(2) acdb_id(15)
08-04 01:02:48.384   512  2967 I soundtrigger: audio_extn_sound_trigger_update_device_status: device 0x2 of type 0 for Event 1
08-04 01:02:48.392 19070 19082 I art     : Explicit concurrent mark sweep GC freed 379(23KB) AllocSpace objects, 0(0B) LOS objects, 37% free, 26MB/42MB, paused 567us total 19.740ms
08-04 01:02:48.395   512  2967 D audio_hw_primary: enable_snd_device: snd_device(2: speaker)
08-04 01:02:48.398   512  2967 D audio_hw_primary: enable_audio_route: apply and update mixer path: low-latency-playback speaker
08-04 01:02:48.399 19070 19082 I art     : Starting a blocking GC Explicit
08-04 01:02:48.420 19070 19082 I art     : Explicit concurrent mark sweep GC freed 33(1296B) AllocSpace objects, 0(0B) LOS objects, 37% free, 26MB/42MB, paused 583us total 20.475ms
08-04 01:02:48.427 19070 19082 I art     : Starting a blocking GC Explicit
08-04 01:02:48.445 19070 19082 I art     : Explicit concurrent mark sweep GC freed 10(352B) AllocSpace objects, 0(0B) LOS objects, 37% free, 26MB/42MB, paused 568us total 18.763ms
08-04 01:02:48.452 19070 19082 I art     : Starting a blocking GC Explicit
08-04 01:02:48.470 19070 19082 I art     : Explicit concurrent mark sweep GC freed 11(416B) AllocSpace objects, 0(0B) LOS objects, 37% free, 26MB/42MB, paused 583us total 17.804ms
08-04 01:02:48.471 19070 19094 D Nappa   : registerActivity: (already in) nappagreedy.de.danoeh.antennapod.activity.MainActivity
08-04 01:02:48.471 19070 19094 D Nappa   : PARENTS 
08-04 01:02:48.471 19070 19094 D Nappa   : Of: nappagreedy.de.danoeh.antennapod.activity.MainActivity -> 
08-04 01:02:48.471 19070 19094 D Nappa   : PARENTS nappagreedy.de.danoeh.antennapod.activity.SplashActivity
08-04 01:02:48.554 19070 19103 D CustomInterceptor: HEADER RESPONSE
08-04 01:02:48.554 19070 19103 D CustomInterceptor: apple-originating-system MZStoreServices
08-04 01:02:48.554 19070 19103 D CustomInterceptor: apple-seq 0
08-04 01:02:48.554 19070 19103 D CustomInterceptor: apple-timing-app 3 ms
08-04 01:02:48.554 19070 19103 D CustomInterceptor: apple-tk false
08-04 01:02:48.555 19070 19103 D CustomInterceptor: b3 9fae1bfcce4a46bf45542e90ac3638d7-772a03584d99628c
08-04 01:02:48.555 19070 19103 D CustomInterceptor: cache-control max-age=85998
08-04 01:02:48.555 19070 19103 D CustomInterceptor: content-disposition attachment; filename=1.txt
08-04 01:02:48.555 19070 19103 D CustomInterceptor: content-type text/javascript; charset=utf-8
08-04 01:02:48.555 19070 19103 D CustomInterceptor: date Mon, 03 Aug 2020 23:02:43 GMT
08-04 01:02:48.555 19070 19103 D CustomInterceptor: strict-transport-security max-age=31536000
08-04 01:02:48.555 19070 19103 D CustomInterceptor: vary Accept-Encoding
08-04 01:02:48.555 19070 19103 D CustomInterceptor: x-apple-application-instance 2004822
08-04 01:02:48.555 19070 19103 D CustomInterceptor: x-apple-application-site ST11
08-04 01:02:48.555 19070 19103 D CustomInterceptor: x-apple-jingle-correlation-key T6XBX7GOJJDL6RKUF2IKYNRY24
08-04 01:02:48.555 19070 19103 D CustomInterceptor: x-apple-orig-url https://itunes.apple.com/lookup?id=1524080195
08-04 01:02:48.555 19070 19103 D CustomInterceptor: x-apple-partner origin.0
08-04 01:02:48.555 19070 19103 D CustomInterceptor: x-apple-request-uuid 9fae1bfc-ce4a-46bf-4554-2e90ac3638d7
08-04 01:02:48.556 19070 19103 D CustomInterceptor: x-apple-translated-wo-url /WebObjects/MZStoreServices.woa/ws/wsLookup?id=1524080195&urlDesc=
08-04 01:02:48.556 19070 19103 D CustomInterceptor: x-b3-spanid 772a03584d99628c
08-04 01:02:48.556 19070 19103 D CustomInterceptor: x-b3-traceid 9fae1bfcce4a46bf45542e90ac3638d7
08-04 01:02:48.556 19070 19103 D CustomInterceptor: x-cache TCP_HIT from a95-100-169-39.deploy.akamaitechnologies.com (AkamaiGHost/10.1.0.1-30367680) (-)
08-04 01:02:48.556 19070 19103 D CustomInterceptor: x-content-type-options nosniff
08-04 01:02:48.556 19070 19103 D CustomInterceptor: x-true-cache-key /L/itunes.apple.com/lookup vcd=2897 ci2=id=1524080195__
08-04 01:02:48.556 19070 19103 D CustomInterceptor: x-webobjects-loadaverage 0
08-04 01:02:48.556 19070 19103 D CustomInterceptor: CACHEABLE true
08-04 01:02:48.556 19070 19103 D CustomInterceptor: REQ https://itunes.apple.com/lookup?id=1524080195
08-04 01:02:48.556 19070 19103 D CustomInterceptor: REQ_SERV_BY net
08-04 01:02:48.556 19070 19103 D CustomInterceptor: PREFLIB Adding response to lrucache - https://itunes.apple.com/lookup?id=1524080195
08-04 01:02:48.558 19070 19103 D CustomInterceptor: interceptor_finished : return_type #3 : request served from remote and added to cache
08-04 01:02:48.559 19070 19103 I NAPPA_EXPERIMENTATION: MetricNetworkRequestExecutionTime: REQUEST_DURATION_SYSTEM='189',REQUEST_DURATION_OKHTTP='0',REQUEST_SYNCHRONOUS='TRUE',RESPONSE_CODE='200',RESPONSE_METHOD='GET',RESPONSE_LENGTH_OKHTTP='1788',RESPONSE_LENGTH_HEADER='-2',REQUEST_PROTOCOL='h2',REQUEST_URL='https://itunes.apple.com/lookup?id=1524080195',
08-04 01:02:48.565 19070 19070 D NappaIntentExtras: ==================
08-04 01:02:48.565 19070 19094 D Nappa   : PREFETCH_ON_EXTRA - notifyExtras- start
08-04 01:02:48.565 19070 19070 D NappaIntentExtras: Log #3
08-04 01:02:48.566 19070 19070 D NappaIntentExtras: ------------------
08-04 01:02:48.566 19070 19070 D NappaIntentExtras: activity nappagreedy.de.danoeh.antennapod.activity.PreferenceActivity
08-04 01:02:48.566 19070 19070 D NappaIntentExtras: 	- No extras registered
08-04 01:02:48.566 19070 19070 D NappaIntentExtras: activity nappagreedy.de.danoeh.antennapod.activity.MainActivity
08-04 01:02:48.566 19070 19070 D NappaIntentExtras: 	- 2 extras registered
08-04 01:02:48.566 19070 19070 D NappaIntentExtras: 	- arg.feedurl : https://rss.art19.com/nice-white-parents
08-04 01:02:48.566 19070 19070 D NappaIntentExtras: 	- title : iTunes
08-04 01:02:48.566 19070 19070 D NappaIntentExtras: activity nappagreedy.de.danoeh.antennapod.activity.SplashActivity
08-04 01:02:48.566 19070 19070 D NappaIntentExtras: 	- No extras registered
08-04 01:02:48.566 19070 19070 D NappaIntentExtras: ==================
08-04 01:02:48.567 19070 19094 I NAPPA_EXPERIMENTATION: MetricNappaPrefetchingStrategyExecutionTime: STRATEGY_CLASS='GreedyPrefetchingStrategyOnVisitFrequencyAndTime',DURATION='837917',NUMBER_OF_URLS='0',NUMBER_OF_SELECTED_CHILDREN_NODES='1',NUMBER_OF_CHILDREN_NODES='1',STRATEGY_RUN_SUCCESSFULLY='True',
08-04 01:02:48.567 19070 19094 D GreedyPrefetchingStrategyOnVisitFrequencyAndTime: ==================================
08-04 01:02:48.567 19070 19094 D GreedyPrefetchingStrategyOnVisitFrequencyAndTime: Starting Run #3
08-04 01:02:48.567 19070 19094 D GreedyPrefetchingStrategyOnVisitFrequencyAndTime: ----------------------------------
08-04 01:02:48.567 19070 19094 D GreedyPrefetchingStrategyOnVisitFrequencyAndTime: Node data MainActivity 
08-04 01:02:48.567 19070 19094 D GreedyPrefetchingStrategyOnVisitFrequencyAndTime: 	Successors:
08-04 01:02:48.567 19070 19094 D GreedyPrefetchingStrategyOnVisitFrequencyAndTime: 		PreferenceActivity (1 hits)
08-04 01:02:48.567 19070 19094 D GreedyPrefetchingStrategyOnVisitFrequencyAndTime: 	Ancestors:
08-04 01:02:48.567 19070 19094 D GreedyPrefetchingStrategyOnVisitFrequencyAndTime: 		SplashActivity (1 hits)
08-04 01:02:48.567 19070 19094 D GreedyPrefetchingStrategyOnVisitFrequencyAndTime: 
08-04 01:02:48.567 19070 19094 D GreedyPrefetchingStrategyOnVisitFrequencyAndTime: MetricStrategyAccuracy inc execution count3 | act = false; extra = true
08-04 01:02:48.567 19070 19094 D GreedyPrefetchingStrategyOnVisitFrequencyAndTime: ------------- Recursion #1 -----------
08-04 01:02:48.567 19070 19094 D GreedyPrefetchingStrategyOnVisitFrequencyAndTime: Best successors so far []
08-04 01:02:48.567 19070 19094 D GreedyPrefetchingStrategyOnVisitFrequencyAndTime: Checking node MainActivity with 1 successors
08-04 01:02:48.567 19070 19094 D GreedyPrefetchingStrategyOnVisitFrequencyAndTime: Check successor PreferenceActivity
08-04 01:02:48.567 19070 19094 D GreedyPrefetchingStrategyOnVisitFrequencyAndTime: Data:
08-04 01:02:48.567 19070 19094 D GreedyPrefetchingStrategyOnVisitFrequencyAndTime: 	- Successor time = 5033.0
08-04 01:02:48.567 19070 19094 D GreedyPrefetchingStrategyOnVisitFrequencyAndTime: 	- Successor frequency = 1
08-04 01:02:48.567 19070 19094 D GreedyPrefetchingStrategyOnVisitFrequencyAndTime: 	- Aggregated time = 5033.0
08-04 01:02:48.567 19070 19094 D GreedyPrefetchingStrategyOnVisitFrequencyAndTime: 	- Aggregated frequency = 1
08-04 01:02:48.567 19070 19094 D GreedyPrefetchingStrategyOnVisitFrequencyAndTime: Calculated scores:
08-04 01:02:48.567 19070 19094 D GreedyPrefetchingStrategyOnVisitFrequencyAndTime: 	- Parent score = 1.0
08-04 01:02:48.568 19070 19094 D GreedyPrefetchingStrategyOnVisitFrequencyAndTime: 	- Successor time score = 0.5
08-04 01:02:48.568 19070 19094 D GreedyPrefetchingStrategyOnVisitFrequencyAndTime: 	- Successor frequency score = 0.5
08-04 01:02:48.568 19070 19094 D GreedyPrefetchingStrategyOnVisitFrequencyAndTime: 	- Successor final score = 1.0
08-04 01:02:48.568 19070 19094 D GreedyPrefetchingStrategyOnVisitFrequencyAndTime: Switch best successor
08-04 01:02:48.568 19070 19094 D GreedyPrefetchingStrategyOnVisitFrequencyAndTime: MainActivity best successor is PreferenceActivity with score 1.0 containing the URLS []
08-04 01:02:48.568 19070 19094 D GreedyPrefetchingStrategyOnVisitFrequencyAndTime: ------------- Recursion #2 -----------
08-04 01:02:48.568 19070 19094 D GreedyPrefetchingStrategyOnVisitFrequencyAndTime: Best successors so far [PreferenceActivity]
08-04 01:02:48.568 19070 19094 D GreedyPrefetchingStrategyOnVisitFrequencyAndTime: Checking node PreferenceActivity with 0 successors
08-04 01:02:48.568 19070 19094 D GreedyPrefetchingStrategyOnVisitFrequencyAndTime: this node has no successors
08-04 01:02:48.568 19070 19094 D GreedyPrefetchingStrategyOnVisitFrequencyAndTime: Next visited child will be [nappagreedy.de.danoeh.antennapod.activity.PreferenceActivity]
08-04 01:02:48.568 19070 19094 D GreedyPrefetchingStrategyOnVisitFrequencyAndTime: ==================================
08-04 01:02:48.568 19070 19094 D Nappa   : PREFETCH_ON_EXTRA - notifyExtras- end
08-04 01:02:48.569 19070 19094 D Nappa   : PREFSTRAT2 ADDING NEW ACTEXTRADATA
08-04 01:02:48.569   918  3359 I ActivityManager: START u0 {cmp=nappagreedy.de.danoeh.antennapod.debug/nappagreedy.de.danoeh.antennapod.activity.OnlineFeedViewActivity (has extras)} from uid 10667 on display 0
08-04 01:02:48.578 19070 19094 D Nappa   : PREFSTRAT2 ADDING NEW ACTEXTRADATA
08-04 01:02:48.590 19070 19070 D NappaLifecycleObserver: nappagreedy.de.danoeh.antennapod.activity.MainActivity - onPause
08-04 01:02:48.590 19070 19070 D Nappa   : Stayed on nappagreedy.de.danoeh.antennapod.activity.MainActivity for 11931 ms
08-04 01:02:48.593 13866 13866 I GoogleInputMethodServic: GoogleInputMethodService.onFinishInput():3138 
08-04 01:02:48.594 13866 13866 I GoogleInputMethodServic: GoogleInputMethodService.onStartInput():1808 
08-04 01:02:48.597 19070 19070 D ActivityNode: Observer - intent extra - SplashActivity
08-04 01:02:48.597 19070 19070 D ActivityNode: Extras:
08-04 01:02:48.597 19070 19070 D ActivityNode: Observer - intent extra - MainActivity
08-04 01:02:48.597 19070 19070 D ActivityNode: Extras:
08-04 01:02:48.597 19070 19070 D ActivityNode: 	activity ID 2( key title)
08-04 01:02:48.598 19070 19070 D ActivityNode: Observer - intent extra - PreferenceActivity
08-04 01:02:48.598 19070 19070 D ActivityNode: Extras:
08-04 01:02:48.613 19070 19070 D UserPreferences: Using default data folder
08-04 01:02:48.614 19070 19070 D OnlineFeedViewActivity: Activity was started with url https://rss.art19.com/nice-white-parents
08-04 01:02:48.616 19070 19070 D OnlineFeedViewActivity: Starting feed download
08-04 01:02:48.620 19070 19093 D DBReader: Extracting Feedlist
08-04 01:02:48.622 19070 19070 D NappaLifecycleObserver: nappagreedy.de.danoeh.antennapod.activity.OnlineFeedViewActivity - onResume
08-04 01:02:48.622 19070 19070 D Nappa   : setCurrentActivity - MetricStrategyAccuracy - 
08-04 01:02:48.622 19070 19070 D Nappa   : madePredictionFromActivity = false, 
08-04 01:02:48.622 19070 19070 D Nappa   : fromActivity = nappagreedy.de.danoeh.antennapod.activity.MainActivity, 
08-04 01:02:48.622 19070 19070 D Nappa   : predictedNextActivityFromActivity = [], 
08-04 01:02:48.622 19070 19070 D Nappa   : activity.getClass().getCanonicalName() = nappagreedy.de.danoeh.antennapod.activity.OnlineFeedViewActivity, 
08-04 01:02:48.622 19070 19070 D Nappa   : setCurrentActivity - MetricStrategyAccuracy - 
08-04 01:02:48.622 19070 19070 D Nappa   : madePredictionFromExtra = true, 
08-04 01:02:48.622 19070 19070 D Nappa   : fromActivity = nappagreedy.de.danoeh.antennapod.activity.MainActivity, 
08-04 01:02:48.622 19070 19070 D Nappa   : predictedNextActivityFromExtra = [nappagreedy.de.danoeh.antennapod.activity.PreferenceActivity], 
08-04 01:02:48.622 19070 19070 D Nappa   : activity.getClass().getCanonicalName() = nappagreedy.de.danoeh.antennapod.activity.OnlineFeedViewActivity, 
08-04 01:02:48.623 19070 19070 D Nappa   : PREFETCH_ON_EXTRA - setCurrentActivity - logs - from activity - made prediction isfalse
08-04 01:02:48.623   918  5132 D WifiService: acquireWifiLockLocked: WifiLock{Downloader type=1 binder=android.os.BinderProxy@f9b5c19}
08-04 01:02:48.623 19070 19093 D AntennapodHttpClient: Creating new instance of HTTP client
08-04 01:02:48.624 19070 19093 D Nappa   : TAG okHttpClient initialized
