08-04 01:02:28.549 19070 19082 I art     : Starting a blocking GC Explicit
08-04 01:02:28.562 19070 19082 I art     : Explicit concurrent mark sweep GC freed 3(96B) AllocSpace objects, 0(0B) LOS objects, 40% free, 22MB/38MB, paused 229us total 12.199ms
08-04 01:02:28.839 19070 19083 I art     : Starting a blocking GC Explicit
08-04 01:02:28.853 19287 19287 D AndroidRuntime: >>>>>> START com.android.internal.os.RuntimeInit uid 2000 <<<<<<
08-04 01:02:28.854 19070 19083 I art     : Explicit concurrent mark sweep GC freed 1584(94KB) AllocSpace objects, 1(20KB) LOS objects, 40% free, 22MB/38MB, paused 312us total 14.791ms
08-04 01:02:28.857 19287 19287 D AndroidRuntime: CheckJNI is OFF
08-04 01:02:28.860 19070 19083 I art     : Starting a blocking GC Explicit
08-04 01:02:28.874 19070 19083 I art     : Explicit concurrent mark sweep GC freed 35(1136B) AllocSpace objects, 0(0B) LOS objects, 40% free, 22MB/38MB, paused 261us total 13.599ms
08-04 01:02:28.880 19070 19083 I art     : Starting a blocking GC Explicit
08-04 01:02:28.887 19287 19287 D ICU     : No timezone override file found: /data/misc/zoneinfo/current/icu/icu_tzdata.dat
08-04 01:02:28.894 19070 19083 I art     : Explicit concurrent mark sweep GC freed 3(96B) AllocSpace objects, 0(0B) LOS objects, 40% free, 22MB/38MB, paused 262us total 13.694ms
08-04 01:02:28.900 19070 19083 I art     : Starting a blocking GC Explicit
08-04 01:02:28.912 19287 19287 I Radio-JNI: register_android_hardware_Radio DONE
08-04 01:02:28.913 19070 19083 I art     : Explicit concurrent mark sweep GC freed 3(96B) AllocSpace objects, 0(0B) LOS objects, 40% free, 22MB/38MB, paused 259us total 12.330ms
08-04 01:02:28.918 19070 19083 I art     : Starting a blocking GC Explicit
08-04 01:02:28.928 19287 19287 D AndroidRuntime: Calling main entry com.android.commands.input.Input
08-04 01:02:28.929 19287 19287 I Input   : injectMotionEvent: MotionEvent { action=ACTION_DOWN, actionButton=0, id[0]=0, x[0]=1233.0, y[0]=1274.0, toolType[0]=TOOL_TYPE_UNKNOWN, buttonState=0, metaState=0, flags=0x0, edgeFlags=0x0, pointerCount=1, historySize=0, eventTime=666165342, downTime=666165342, deviceId=0, source=0x1002 }
08-04 01:02:28.931 19070 19083 I art     : Explicit concurrent mark sweep GC freed 3(96B) AllocSpace objects, 0(0B) LOS objects, 40% free, 22MB/38MB, paused 242us total 12.467ms
08-04 01:02:28.936 19287 19287 I Input   : injectMotionEvent: MotionEvent { action=ACTION_UP, actionButton=0, id[0]=0, x[0]=1233.0, y[0]=1274.0, toolType[0]=TOOL_TYPE_UNKNOWN, buttonState=0, metaState=0, flags=0x0, edgeFlags=0x0, pointerCount=1, historySize=0, eventTime=666165342, downTime=666165342, deviceId=0, source=0x1002 }
08-04 01:02:28.937 19287 19287 D AndroidRuntime: Shutting down VM
08-04 01:02:29.163 19070 19083 I art     : Starting a blocking GC Explicit
08-04 01:02:29.177 19070 19083 I art     : Explicit concurrent mark sweep GC freed 1612(95KB) AllocSpace objects, 1(20KB) LOS objects, 40% free, 22MB/38MB, paused 296us total 14.662ms
08-04 01:02:29.185 19070 19083 I art     : Starting a blocking GC Explicit
08-04 01:02:29.200 19070 19083 I art     : Explicit concurrent mark sweep GC freed 35(1136B) AllocSpace objects, 0(0B) LOS objects, 40% free, 22MB/38MB, paused 265us total 14.653ms
08-04 01:02:29.200 19070 19081 I art     : WaitForGcToComplete blocked for 5.811ms for cause HeapTrim
08-04 01:02:29.207 19070 19083 I art     : Starting a blocking GC Explicit
08-04 01:02:29.221 19070 19083 I art     : Explicit concurrent mark sweep GC freed 3(96B) AllocSpace objects, 0(0B) LOS objects, 40% free, 22MB/38MB, paused 275us total 13.723ms
08-04 01:02:29.227 19070 19083 I art     : Starting a blocking GC Explicit
08-04 01:02:29.240 19070 19083 I art     : Explicit concurrent mark sweep GC freed 3(96B) AllocSpace objects, 0(0B) LOS objects, 40% free, 22MB/38MB, paused 249us total 13.273ms
08-04 01:02:29.247 19070 19083 I art     : Starting a blocking GC Explicit
08-04 01:02:29.260 19070 19083 I art     : Explicit concurrent mark sweep GC freed 3(96B) AllocSpace objects, 0(0B) LOS objects, 40% free, 22MB/38MB, paused 229us total 13.016ms
08-04 01:02:29.362 13866 13866 I GoogleInputMethodServic: GoogleInputMethodService.onFinishInput():3138 
08-04 01:02:29.363 13866 13866 I GoogleInputMethodServic: GoogleInputMethodService.onStartInput():1808 
08-04 01:02:29.533 19070 19082 I art     : Starting a blocking GC Explicit
08-04 01:02:29.554 19070 19082 I art     : Explicit concurrent mark sweep GC freed 1680(97KB) AllocSpace objects, 1(20KB) LOS objects, 40% free, 22MB/38MB, paused 320us total 20.919ms
08-04 01:02:29.562 19070 19082 I art     : Starting a blocking GC Explicit
08-04 01:02:29.577 19070 19082 I art     : Explicit concurrent mark sweep GC freed 43(1584B) AllocSpace objects, 0(0B) LOS objects, 40% free, 22MB/38MB, paused 246us total 14.726ms
08-04 01:02:29.583 19070 19082 I art     : Starting a blocking GC Explicit
08-04 01:02:29.597 19070 19082 I art     : Explicit concurrent mark sweep GC freed 3(96B) AllocSpace objects, 0(0B) LOS objects, 40% free, 22MB/38MB, paused 295us total 13.272ms
08-04 01:02:29.603 19070 19082 I art     : Starting a blocking GC Explicit
08-04 01:02:29.616 19070 19082 I art     : Explicit concurrent mark sweep GC freed 3(96B) AllocSpace objects, 0(0B) LOS objects, 40% free, 22MB/38MB, paused 223us total 13.374ms
08-04 01:02:29.622 19070 19082 I art     : Starting a blocking GC Explicit
08-04 01:02:29.636 19070 19082 I art     : Explicit concurrent mark sweep GC freed 3(96B) AllocSpace objects, 0(0B) LOS objects, 40% free, 22MB/38MB, paused 232us total 13.851ms
08-04 01:02:29.901 19070 19083 I art     : Starting a blocking GC Explicit
08-04 01:02:29.920 19070 19083 I art     : Explicit concurrent mark sweep GC freed 1583(94KB) AllocSpace objects, 1(20KB) LOS objects, 40% free, 22MB/38MB, paused 277us total 19.155ms
08-04 01:02:29.930 19070 19083 I art     : Starting a blocking GC Explicit
08-04 01:02:29.944 19070 19083 I art     : Explicit concurrent mark sweep GC freed 35(1136B) AllocSpace objects, 0(0B) LOS objects, 40% free, 22MB/38MB, paused 255us total 14.167ms
08-04 01:02:29.951 19070 19083 I art     : Starting a blocking GC Explicit
08-04 01:02:29.965 19070 19083 I art     : Explicit concurrent mark sweep GC freed 3(96B) AllocSpace objects, 0(0B) LOS objects, 40% free, 22MB/38MB, paused 251us total 14.382ms
08-04 01:02:29.972 19070 19083 I art     : Starting a blocking GC Explicit
08-04 01:02:29.986 19070 19083 I art     : Explicit concurrent mark sweep GC freed 3(96B) AllocSpace objects, 0(0B) LOS objects, 40% free, 22MB/38MB, paused 230us total 13.566ms
08-04 01:02:29.992 19070 19083 I art     : Starting a blocking GC Explicit
08-04 01:02:30.006 19070 19083 I art     : Explicit concurrent mark sweep GC freed 3(96B) AllocSpace objects, 0(0B) LOS objects, 40% free, 22MB/38MB, paused 241us total 13.849ms
08-04 01:02:30.268 19070 19127 I art     : Starting a blocking GC Explicit
08-04 01:02:30.283 19070 19127 I art     : Explicit concurrent mark sweep GC freed 1609(95KB) AllocSpace objects, 1(20KB) LOS objects, 40% free, 22MB/38MB, paused 265us total 14.175ms
08-04 01:02:30.289 19070 19127 I art     : Starting a blocking GC Explicit
08-04 01:02:30.304 19070 19127 I art     : Explicit concurrent mark sweep GC freed 35(1136B) AllocSpace objects, 0(0B) LOS objects, 40% free, 22MB/38MB, paused 253us total 13.897ms
08-04 01:02:30.310 19070 19127 I art     : Starting a blocking GC Explicit
08-04 01:02:30.323 19070 19127 I art     : Explicit concurrent mark sweep GC freed 3(96B) AllocSpace objects, 0(0B) LOS objects, 40% free, 22MB/38MB, paused 268us total 12.823ms
08-04 01:02:30.330 19070 19127 I art     : Starting a blocking GC Explicit
08-04 01:02:30.342 19070 19127 I art     : Explicit concurrent mark sweep GC freed 3(96B) AllocSpace objects, 0(0B) LOS objects, 40% free, 22MB/38MB, paused 284us total 12.819ms
08-04 01:02:30.349 19070 19127 I art     : Starting a blocking GC Explicit
08-04 01:02:30.362 19070 19127 I art     : Explicit concurrent mark sweep GC freed 3(96B) AllocSpace objects, 0(0B) LOS objects, 40% free, 22MB/38MB, paused 239us total 12.882ms
08-04 01:02:30.504 19342 19342 D AndroidRuntime: >>>>>> START com.android.internal.os.RuntimeInit uid 2000 <<<<<<
08-04 01:02:30.511 19342 19342 D AndroidRuntime: CheckJNI is OFF
08-04 01:02:30.538 19342 19342 D ICU     : No timezone override file found: /data/misc/zoneinfo/current/icu/icu_tzdata.dat
08-04 01:02:30.563 19342 19342 I Radio-JNI: register_android_hardware_Radio DONE
08-04 01:02:30.578 19342 19342 D AndroidRuntime: Calling main entry com.android.commands.input.Input
08-04 01:02:30.580 19342 19342 I Input   : injectMotionEvent: MotionEvent { action=ACTION_DOWN, actionButton=0, id[0]=0, x[0]=103.0, y[0]=192.0, toolType[0]=TOOL_TYPE_UNKNOWN, buttonState=0, metaState=0, flags=0x0, edgeFlags=0x0, pointerCount=1, historySize=0, eventTime=666166993, downTime=666166993, deviceId=0, source=0x1002 }
08-04 01:02:30.584 19342 19342 I Input   : injectMotionEvent: MotionEvent { action=ACTION_UP, actionButton=0, id[0]=0, x[0]=103.0, y[0]=192.0, toolType[0]=TOOL_TYPE_UNKNOWN, buttonState=0, metaState=0, flags=0x0, edgeFlags=0x0, pointerCount=1, historySize=0, eventTime=666166993, downTime=666166993, deviceId=0, source=0x1002 }
08-04 01:02:30.585 19342 19342 D AndroidRuntime: Shutting down VM
08-04 01:02:30.595   512  2967 D audio_hw_primary: out_set_parameters: enter: usecase(1: low-latency-playback) kvpairs: routing=2
08-04 01:02:30.607   512  2967 D audio_hw_primary: select_devices: out_snd_device(2: speaker) in_snd_device(0: none)
08-04 01:02:30.608   512  2967 D msm8974_platform: platform_send_audio_calibration: sending audio calibration for snd_device(2) acdb_id(15)
08-04 01:02:30.608   512  2967 I soundtrigger: audio_extn_sound_trigger_update_device_status: device 0x2 of type 0 for Event 1
08-04 01:02:30.613 19070 19083 I art     : Starting a blocking GC Explicit
08-04 01:02:30.618   512  2967 D audio_hw_primary: enable_snd_device: snd_device(2: speaker)
08-04 01:02:30.620   512  2967 D audio_hw_primary: enable_audio_route: apply and update mixer path: low-latency-playback speaker
08-04 01:02:30.628 19070 19083 I art     : Explicit concurrent mark sweep GC freed 1696(98KB) AllocSpace objects, 1(20KB) LOS objects, 40% free, 22MB/38MB, paused 439us total 15.378ms
08-04 01:02:30.634 13866 13866 I GoogleInputMethodServic: GoogleInputMethodService.onFinishInput():3138 
08-04 01:02:30.635 13866 13866 I GoogleInputMethodServic: GoogleInputMethodService.onStartInput():1808 
08-04 01:02:30.636 19070 19083 I art     : Starting a blocking GC Explicit
08-04 01:02:30.652 19070 19083 I art     : Explicit concurrent mark sweep GC freed 50(1920B) AllocSpace objects, 0(0B) LOS objects, 40% free, 22MB/38MB, paused 288us total 15.958ms
08-04 01:02:30.658 19070 19083 I art     : Starting a blocking GC Explicit
08-04 01:02:30.672 19070 19083 I art     : Explicit concurrent mark sweep GC freed 107(4KB) AllocSpace objects, 0(0B) LOS objects, 40% free, 22MB/38MB, paused 254us total 14.353ms
08-04 01:02:30.679 19070 19083 I art     : Starting a blocking GC Explicit
08-04 01:02:30.692 19070 19083 I art     : Explicit concurrent mark sweep GC freed 287(15KB) AllocSpace objects, 0(0B) LOS objects, 40% free, 22MB/38MB, paused 250us total 13.246ms
08-04 01:02:30.699 19070 19083 I art     : Starting a blocking GC Explicit
08-04 01:02:30.712 19070 19083 I art     : Explicit concurrent mark sweep GC freed 7(384B) AllocSpace objects, 0(0B) LOS objects, 40% free, 22MB/38MB, paused 221us total 12.986ms
08-04 01:02:30.931 19070 19127 I art     : Starting a blocking GC Explicit
08-04 01:02:30.945 19070 19127 I art     : Explicit concurrent mark sweep GC freed 1583(94KB) AllocSpace objects, 1(20KB) LOS objects, 40% free, 22MB/38MB, paused 281us total 13.675ms
08-04 01:02:30.952 19070 19127 I art     : Starting a blocking GC Explicit
08-04 01:02:30.965 19070 19127 I art     : Explicit concurrent mark sweep GC freed 43(1392B) AllocSpace objects, 0(0B) LOS objects, 40% free, 22MB/38MB, paused 261us total 13.276ms
08-04 01:02:30.972 19070 19127 I art     : Starting a blocking GC Explicit
08-04 01:02:30.985 19070 19127 I art     : Explicit concurrent mark sweep GC freed 3(96B) AllocSpace objects, 0(0B) LOS objects, 40% free, 22MB/38MB, paused 296us total 13.531ms
08-04 01:02:30.991 19070 19127 I art     : Starting a blocking GC Explicit
08-04 01:02:31.005 19070 19127 I art     : Explicit concurrent mark sweep GC freed 3(96B) AllocSpace objects, 0(0B) LOS objects, 40% free, 22MB/38MB, paused 244us total 13.472ms
08-04 01:02:31.011 19070 19127 I art     : Starting a blocking GC Explicit
08-04 01:02:31.024 19070 19127 I art     : Explicit concurrent mark sweep GC freed 5(192B) AllocSpace objects, 0(0B) LOS objects, 40% free, 22MB/38MB, paused 243us total 12.902ms
08-04 01:02:31.136 19373 19373 D AndroidRuntime: >>>>>> START com.android.internal.os.RuntimeInit uid 2000 <<<<<<
08-04 01:02:31.140 19373 19373 D AndroidRuntime: CheckJNI is OFF
08-04 01:02:31.159   512  2967 D audio_hw_primary: disable_audio_route: reset and update mixer path: low-latency-playback speaker
08-04 01:02:31.162   512  2967 D audio_hw_primary: disable_snd_device: snd_device(2: speaker)
08-04 01:02:31.166 19373 19373 D ICU     : No timezone override file found: /data/misc/zoneinfo/current/icu/icu_tzdata.dat
08-04 01:02:31.171   512  2967 I soundtrigger: audio_extn_sound_trigger_update_device_status: device 0x2 of type 0 for Event 0
08-04 01:02:31.189 19373 19373 I Radio-JNI: register_android_hardware_Radio DONE
08-04 01:02:31.205 19373 19373 D AndroidRuntime: Calling main entry com.android.commands.input.Input
08-04 01:02:31.206 19373 19373 I Input   : injectMotionEvent: MotionEvent { action=ACTION_DOWN, actionButton=0, id[0]=0, x[0]=324.0, y[0]=2298.0, toolType[0]=TOOL_TYPE_UNKNOWN, buttonState=0, metaState=0, flags=0x0, edgeFlags=0x0, pointerCount=1, historySize=0, eventTime=666167619, downTime=666167619, deviceId=0, source=0x1002 }
08-04 01:02:31.212 19373 19373 I Input   : injectMotionEvent: MotionEvent { action=ACTION_UP, actionButton=0, id[0]=0, x[0]=324.0, y[0]=2298.0, toolType[0]=TOOL_TYPE_UNKNOWN, buttonState=0, metaState=0, flags=0x0, edgeFlags=0x0, pointerCount=1, historySize=0, eventTime=666167619, downTime=666167619, deviceId=0, source=0x1002 }
08-04 01:02:31.214 19373 19373 D AndroidRuntime: Shutting down VM
08-04 01:02:31.229 19070 19070 D NappaIntentExtras: ==================
08-04 01:02:31.229 19070 19070 D NappaIntentExtras: Log #2
08-04 01:02:31.229 19070 19070 D NappaIntentExtras: ------------------
08-04 01:02:31.229 19070 19070 D NappaIntentExtras: activity nappagreedy.de.danoeh.antennapod.activity.MainActivity
08-04 01:02:31.229 19070 19070 D NappaIntentExtras: 	- No extras registered
08-04 01:02:31.229 19070 19070 D NappaIntentExtras: activity nappagreedy.de.danoeh.antennapod.activity.SplashActivity
08-04 01:02:31.229 19070 19070 D NappaIntentExtras: 	- No extras registered
08-04 01:02:31.229 19070 19070 D NappaIntentExtras: ==================
08-04 01:02:31.230   918  6111 I ActivityManager: START u0 {cmp=nappagreedy.de.danoeh.antennapod.debug/nappagreedy.de.danoeh.antennapod.activity.PreferenceActivity} from uid 10667 on display 0
08-04 01:02:31.230   512  2967 D audio_hw_primary: out_set_parameters: enter: usecase(1: low-latency-playback) kvpairs: routing=2
08-04 01:02:31.243 19070 19070 D NappaLifecycleObserver: nappagreedy.de.danoeh.antennapod.activity.MainActivity - onPause
08-04 01:02:31.243   512  2967 D audio_hw_primary: select_devices: out_snd_device(2: speaker) in_snd_device(0: none)
08-04 01:02:31.243 19070 19070 D Nappa   : Stayed on nappagreedy.de.danoeh.antennapod.activity.MainActivity for 8482 ms
08-04 01:02:31.244   512  2967 D msm8974_platform: platform_send_audio_calibration: sending audio calibration for snd_device(2) acdb_id(15)
08-04 01:02:31.244   512  2967 I soundtrigger: audio_extn_sound_trigger_update_device_status: device 0x2 of type 0 for Event 1
08-04 01:02:31.254   512  2967 D audio_hw_primary: enable_snd_device: snd_device(2: speaker)
08-04 01:02:31.256   512  2967 D audio_hw_primary: enable_audio_route: apply and update mixer path: low-latency-playback speaker
08-04 01:02:31.270 19070 19127 I art     : Starting a blocking GC Explicit
08-04 01:02:31.287 19070 19127 I art     : Explicit concurrent mark sweep GC freed 2710(238KB) AllocSpace objects, 2(40KB) LOS objects, 40% free, 23MB/38MB, paused 1.027ms total 16.877ms
08-04 01:02:31.294 19070 19127 I art     : Starting a blocking GC Explicit
08-04 01:02:31.299 19070 19070 D NappaLifecycleObserver: nappagreedy.de.danoeh.antennapod.activity.PreferenceActivity - onResume
08-04 01:02:31.299 19070 19070 D Nappa   : setCurrentActivity - MetricStrategyAccuracy - 
08-04 01:02:31.299 19070 19070 D Nappa   : madePredictionFromActivity = true, 
08-04 01:02:31.299 19070 19070 D Nappa   : fromActivity = nappagreedy.de.danoeh.antennapod.activity.MainActivity, 
08-04 01:02:31.299 19070 19070 D Nappa   : predictedNextActivityFromActivity = [], 
08-04 01:02:31.299 19070 19070 D Nappa   : activity.getClass().getCanonicalName() = nappagreedy.de.danoeh.antennapod.activity.PreferenceActivity, 
08-04 01:02:31.299 19070 19070 D Nappa   : setCurrentActivity - MetricStrategyAccuracy - 
08-04 01:02:31.299 19070 19070 D Nappa   : madePredictionFromExtra = false, 
08-04 01:02:31.299 19070 19070 D Nappa   : fromActivity = nappagreedy.de.danoeh.antennapod.activity.MainActivity, 
08-04 01:02:31.299 19070 19070 D Nappa   : predictedNextActivityFromExtra = [], 
08-04 01:02:31.299 19070 19070 D Nappa   : activity.getClass().getCanonicalName() = nappagreedy.de.danoeh.antennapod.activity.PreferenceActivity, 
08-04 01:02:31.299 19070 19070 D Nappa   : PREFETCH_ON_EXTRA - setCurrentActivity - logs - from activity - made prediction istrue
08-04 01:02:31.299 19070 19070 D Nappa   : PREFETCH_ON_EXTRA - setCurrentActivity - logs - from activity - start
08-04 01:02:31.300 19070 19070 I NAPPA_EXPERIMENTATION: MetricStrategyAccuracy: LOG_ID='1',EXECUTION_COUNT='1',CASES_COUNT='1',HIT_PERCENTAGE_TOTAL='0.0',HIT_PERCENTAGE_WHEN_PREDICTED='0.0',HIT_COUNT='0',MISS_COUNT='0',INSUFFICIENT_SCORE_COUNT='0',EXCEPTION_COUNT='0',NO_SUCCESSOR_COUNT='1',
08-04 01:02:31.300 19070 19070 D Nappa   : PREFETCH_ON_EXTRA - setCurrentActivity - logs - from activity- finished
08-04 01:02:31.302   512  2967 D AudioFlinger: mixer(0xf4740000) throttle end: throttle time(12)
08-04 01:02:31.310 19070 19127 I art     : Explicit concurrent mark sweep GC freed 847(103KB) AllocSpace objects, 0(0B) LOS objects, 40% free, 23MB/38MB, paused 322us total 15.233ms
08-04 01:02:31.315 19070 19127 I art     : Starting a blocking GC Explicit
08-04 01:02:31.329 19070 19127 I art     : Explicit concurrent mark sweep GC freed 84(5KB) AllocSpace objects, 0(0B) LOS objects, 40% free, 23MB/38MB, paused 262us total 13.142ms
08-04 01:02:31.335 19070 19127 I art     : Starting a blocking GC Explicit
08-04 01:02:31.348 19070 19127 I art     : Explicit concurrent mark sweep GC freed 7(288B) AllocSpace objects, 0(0B) LOS objects, 40% free, 23MB/38MB, paused 290us total 13.566ms
08-04 01:02:31.354 19070 19127 I art     : Starting a blocking GC Explicit
08-04 01:02:31.368 19070 19127 I art     : Explicit concurrent mark sweep GC freed 3(96B) AllocSpace objects, 0(0B) LOS objects, 40% free, 23MB/38MB, paused 277us total 13.469ms
08-04 01:02:31.400 19070 19070 D Nappa   : registerActivity: (new) nappagreedy.de.danoeh.antennapod.activity.PreferenceActivity
08-04 01:02:31.405 19070 19090 D RegisterNewActivityRunnable: activity = ActivityData{nappagreedy.de.danoeh.antennapod.activity.PreferenceActivity (#3)}
08-04 01:02:31.405 19070 19090 D RegisterNewActivityRunnable: graph.getCurrent() = MainActivity 
08-04 01:02:31.405 19070 19090 D RegisterNewActivityRunnable: 	Successors:
08-04 01:02:31.405 19070 19090 D RegisterNewActivityRunnable: 
08-04 01:02:31.405 19070 19090 D RegisterNewActivityRunnable: 	Ancestors:
08-04 01:02:31.405 19070 19090 D RegisterNewActivityRunnable: 		SplashActivity (1 hits)
08-04 01:02:31.405 19070 19090 D RegisterNewActivityRunnable: 
08-04 01:02:31.406 19070 19090 D Nappa   : Updating activity map nappagreedy.de.danoeh.antennapod.activity.PreferenceActivity: 3
08-04 01:02:31.406 19070 19090 D RegisterNewActivityRunnable: Activity registered nappagreedy.de.danoeh.antennapod.activity.PreferenceActivity (#3)
08-04 01:02:31.406 19070 19070 D ActivityGraph: LARDataUpdate node nappagreedy.de.danoeh.antennapod.activity.PreferenceActivity added to nodelist
08-04 01:02:31.406 19070 19070 D ActivityGraph: LARDataUpdate  Pagerank: 0.25 HITS-Authority: 1.0 HITS-Hub: 1.0 SALSA-Authority: 1.0 SALSA-Hub: 1.0
08-04 01:02:31.406 19070 19070 D ActivityNode: ACTNODE CREATING, NOT IN DB
08-04 01:02:31.406 19070 19070 D ActivityGraph: LARDataCalculatedUpdate nappagreedy.de.danoeh.antennapod.activity.PreferenceActivity Pagerank: 0.25 HITS-Authority: 1.0 HITS-Hub: 1.0 SALSA-Authority: 1.0 SALSA-Hub: 1.0
08-04 01:02:31.406 19070 19070 D Nappa   : SHOULD_PREFETCH true
08-04 01:02:31.406 19070 19094 D Nappa   : {nappagreedy.de.danoeh.antennapod.activity.PreferenceActivity=3, nappagreedy.de.danoeh.antennapod.activity.MainActivity=2, nappagreedy.de.danoeh.antennapod.activity.SplashActivity=1}
08-04 01:02:31.506 19070 19407 D Nappa   : registerActivity: (already in) nappagreedy.de.danoeh.antennapod.activity.PreferenceActivity
08-04 01:02:31.506 19070 19070 D Nappa   : registerActivity: (already in) nappagreedy.de.danoeh.antennapod.activity.PreferenceActivity
08-04 01:02:31.506 19070 19407 D RegisterNewActivityRunnable: activity = ActivityData{nappagreedy.de.danoeh.antennapod.activity.PreferenceActivity (#3)}
08-04 01:02:31.506 19070 19070 D Nappa   : STATS Number of requests not prefetched: 0
08-04 01:02:31.506 19070 19070 D Nappa   : STATS Number of requests prefetched: 0
08-04 01:02:31.506 19070 19407 D RegisterNewActivityRunnable: graph.getByName(activityName) = PreferenceActivity 
08-04 01:02:31.506 19070 19407 D RegisterNewActivityRunnable: 	Successors:
08-04 01:02:31.506 19070 19407 D RegisterNewActivityRunnable: 
08-04 01:02:31.506 19070 19407 D RegisterNewActivityRunnable: 	Ancestors:
08-04 01:02:31.506 19070 19407 D RegisterNewActivityRunnable: 		MainActivity (1 hits)
08-04 01:02:31.506 19070 19407 D RegisterNewActivityRunnable: 
08-04 01:02:31.506 19070 19070 D Nappa   : STATS Time saved until now: 0.0
08-04 01:02:31.506 19070 19407 D FetchActivityLiveDataInfoHandler: activity  = PreferenceActivity
08-04 01:02:31.506 19070 19407 D FetchActivityLiveDataInfoHandler: shouldSetSessionAggregateLiveData  = true
08-04 01:02:31.506 19070 19407 D FetchActivityLiveDataInfoHandler: need/shouldSetSuccessorVisitTime  = true - true
08-04 01:02:31.507 19070 19407 D FetchActivityLiveDataInfoHandler: need/shouldSetSuccessorVisitTime  = false - true
08-04 01:02:31.507 19070 19407 D FetchActivityLiveDataInfoHandler: shouldSetUrlCandidateDbLiveDataLiveData  = true
08-04 01:02:31.507 19070 19407 D FetchActivityLiveDataInfoHandler: shouldSetActivityExtraLiveData  = true
08-04 01:02:31.507 19070 19088 D FetchSessionDataRunnable: PreferenceActivity Fetching session data for LAST_N_SESSIONS_FROM_ENTITY_SESSION
08-04 01:02:31.507 19070 19090 D FetchVisitTimeRunnable: PreferenceActivity Fetching session data for LAST_N_SESSIONS_FROM_ENTITY_SESSION
08-04 01:02:31.508 19070 19088 D FetchUrlCandidateRunnable: PreferenceActivity Fetching URL candidates
08-04 01:02:31.508 19070 19090 D FetchIntentExtraRunnable: PreferenceActivity Fetching intent extras
08-04 01:02:31.509 19070 19407 D RegisterNewActivityRunnable: Current node is now available after 108 ms
08-04 01:02:31.509 19070 19407 D RegisterNewActivityRunnable: PreferenceActivity 
08-04 01:02:31.509 19070 19407 D RegisterNewActivityRunnable: 	Successors:
08-04 01:02:31.509 19070 19407 D RegisterNewActivityRunnable: 
08-04 01:02:31.509 19070 19407 D RegisterNewActivityRunnable: 	Ancestors:
08-04 01:02:31.509 19070 19407 D RegisterNewActivityRunnable: 		MainActivity (1 hits)
08-04 01:02:31.509 19070 19407 D RegisterNewActivityRunnable: 
08-04 01:02:31.515 19070 19070 D ActivityNode: Observer - visit time - MainActivity - New aggregate visit time found is 8482 ms
08-04 01:02:31.624 19070 19127 I art     : Starting a blocking GC Explicit
08-04 01:02:31.637 19070 19070 D ActivityNode: Setting aggregate visit time live data for node PreferenceActivity
08-04 01:02:31.643 19070 19127 I art     : Explicit concurrent mark sweep GC freed 4123(299KB) AllocSpace objects, 1(20KB) LOS objects, 40% free, 23MB/39MB, paused 504us total 18.249ms
08-04 01:02:31.650 19070 19127 I art     : Starting a blocking GC Explicit
08-04 01:02:31.666 19070 19127 I art     : Explicit concurrent mark sweep GC freed 546(24KB) AllocSpace objects, 0(0B) LOS objects, 40% free, 23MB/39MB, paused 289us total 15.845ms
08-04 01:02:31.673 19070 19127 I art     : Starting a blocking GC Explicit
08-04 01:02:31.689 19070 19127 I art     : Explicit concurrent mark sweep GC freed 22(976B) AllocSpace objects, 0(0B) LOS objects, 40% free, 23MB/39MB, paused 284us total 15.758ms
08-04 01:02:31.695 19070 19127 I art     : Starting a blocking GC Explicit
08-04 01:02:31.700 19070 19094 D Nappa   : PREFETCH_ON_EXTRA - setCurrentActivity - logs - from extra - made prediction isfalse
08-04 01:02:31.709 19070 19127 I art     : Explicit concurrent mark sweep GC freed 60(3KB) AllocSpace objects, 0(0B) LOS objects, 40% free, 23MB/39MB, paused 260us total 14.113ms
08-04 01:02:31.716 19070 19127 I art     : Starting a blocking GC Explicit
08-04 01:02:31.730   918   936 I ActivityManager: Displayed nappagreedy.de.danoeh.antennapod.debug/nappagreedy.de.danoeh.antennapod.activity.PreferenceActivity: +468ms
08-04 01:02:31.730 13866 13866 I GoogleInputMethodServic: GoogleInputMethodService.onFinishInput():3138 
08-04 01:02:31.730 19070 19070 D ActivityNode: Observer - session data - sourceMainActivity
08-04 01:02:31.730 19070 19070 D ActivityNode: destinations:
08-04 01:02:31.730 19070 19070 D ActivityNode: 	nappagreedy.de.danoeh.antennapod.activity.PreferenceActivity( count 1)
08-04 01:02:31.730 19070 19070 D ActivityNode: Observer - session data - sourceSplashActivity
08-04 01:02:31.730 19070 19070 D ActivityNode: destinations:
08-04 01:02:31.730 19070 19070 D ActivityNode: 	nappagreedy.de.danoeh.antennapod.activity.MainActivity( count 1)
08-04 01:02:31.730 13866 13866 I GoogleInputMethodServic: GoogleInputMethodService.onStartInput():1808 
08-04 01:02:31.732 19070 19070 D ActivityNode: Observer - session data - sourcePreferenceActivity
08-04 01:02:31.732 19070 19070 D ActivityNode: destinations:
08-04 01:02:31.732 19070 19070 D ActivityNode: Observer - intent extra - PreferenceActivity
08-04 01:02:31.732 19070 19070 D ActivityNode: Extras:
08-04 01:02:31.732 19070 19070 D PARAM   : COUNT: 0
08-04 01:02:31.732 19070 19070 D ActivityNode: Observer - URL candidate PreferenceActivity[]
08-04 01:02:31.732 19070 19070 D ActivityNode: Observer - visit time - PreferenceActivity - Was not accessed in the last N sessions
08-04 01:02:31.732 19070 19127 I art     : Explicit concurrent mark sweep GC freed 141(6KB) AllocSpace objects, 0(0B) LOS objects, 40% free, 23MB/39MB, paused 354us total 16.292ms
08-04 01:02:31.789   512  2967 D audio_hw_primary: disable_audio_route: reset and update mixer path: low-latency-playback speaker
08-04 01:02:31.790   512  2967 D audio_hw_primary: disable_snd_device: snd_device(2: speaker)
08-04 01:02:31.798   512  2967 I soundtrigger: audio_extn_sound_trigger_update_device_status: device 0x2 of type 0 for Event 0
08-04 01:02:31.988   380   380 W SurfaceFlinger: couldn't log to binary event log: overflow.
08-04 01:02:32.007 19070 19094 D Nappa   : PREFETCH_ON_EXTRA - setCurrentActivity - starting new prediction
08-04 01:02:32.008 19070 19094 D Nappa   : Current node - currentActivityName - nappagreedy.de.danoeh.antennapod.activity.PreferenceActivity
08-04 01:02:32.008 19070 19094 D Nappa   : Current node - activityGraph.getCurrent() - nappagreedy.de.danoeh.antennapod.activity.PreferenceActivity
08-04 01:02:32.010 19070 19094 I NAPPA_EXPERIMENTATION: MetricNappaPrefetchingStrategyExecutionTime: STRATEGY_CLASS='GreedyPrefetchingStrategyOnVisitFrequencyAndTime',DURATION='80990',NUMBER_OF_URLS='0',NUMBER_OF_SELECTED_CHILDREN_NODES='0',NUMBER_OF_CHILDREN_NODES='0',STRATEGY_RUN_SUCCESSFULLY='True',
08-04 01:02:32.010 19070 19094 D GreedyPrefetchingStrategyOnVisitFrequencyAndTime: ==================================
08-04 01:02:32.010 19070 19094 D GreedyPrefetchingStrategyOnVisitFrequencyAndTime: Starting Run #2
08-04 01:02:32.010 19070 19094 D GreedyPrefetchingStrategyOnVisitFrequencyAndTime: ----------------------------------
08-04 01:02:32.010 19070 19094 D GreedyPrefetchingStrategyOnVisitFrequencyAndTime: Node data PreferenceActivity 
08-04 01:02:32.010 19070 19094 D GreedyPrefetchingStrategyOnVisitFrequencyAndTime: 	Successors:
08-04 01:02:32.010 19070 19094 D GreedyPrefetchingStrategyOnVisitFrequencyAndTime: 
08-04 01:02:32.010 19070 19094 D GreedyPrefetchingStrategyOnVisitFrequencyAndTime: 	Ancestors:
08-04 01:02:32.010 19070 19094 D GreedyPrefetchingStrategyOnVisitFrequencyAndTime: 		MainActivity (1 hits)
08-04 01:02:32.010 19070 19094 D GreedyPrefetchingStrategyOnVisitFrequencyAndTime: 
08-04 01:02:32.010 19070 19094 D GreedyPrefetchingStrategyOnVisitFrequencyAndTime: MetricStrategyAccuracy inc execution count2 | act = true; extra = false
08-04 01:02:32.010 19070 19094 D GreedyPrefetchingStrategyOnVisitFrequencyAndTime: MetricStrategyAccuracy inc no sucessor count2 | act = true; extra = false
08-04 01:02:32.011 19070 19094 D GreedyPrefetchingStrategyOnVisitFrequencyAndTime: ------------- Recursion #1 -----------
08-04 01:02:32.011 19070 19094 D GreedyPrefetchingStrategyOnVisitFrequencyAndTime: Best successors so far []
08-04 01:02:32.011 19070 19094 D GreedyPrefetchingStrategyOnVisitFrequencyAndTime: Checking node PreferenceActivity with 0 successors
08-04 01:02:32.011 19070 19094 D GreedyPrefetchingStrategyOnVisitFrequencyAndTime: this node has no successors
08-04 01:02:32.011 19070 19094 D GreedyPrefetchingStrategyOnVisitFrequencyAndTime: Next visited child will be []
08-04 01:02:32.011 19070 19094 D GreedyPrefetchingStrategyOnVisitFrequencyAndTime: ==================================
08-04 01:02:32.011 19070 19094 D Nappa   : PREFETCH_ON_EXTRA - setCurrentActivity - finished new prediction
08-04 01:02:32.035 19070 19418 I art     : Starting a blocking GC Explicit
08-04 01:02:32.052 19070 19418 I art     : Explicit concurrent mark sweep GC freed 2072(120KB) AllocSpace objects, 1(20KB) LOS objects, 40% free, 23MB/39MB, paused 237us total 16.620ms
08-04 01:02:32.058 19070 19418 I art     : Starting a blocking GC Explicit
08-04 01:02:32.072 19070 19418 I art     : Explicit concurrent mark sweep GC freed 60(2608B) AllocSpace objects, 0(0B) LOS objects, 40% free, 23MB/39MB, paused 214us total 14.200ms
08-04 01:02:32.079 19070 19418 I art     : Starting a blocking GC Explicit
08-04 01:02:32.085 19070 19070 D PlaybackController: Releasing PlaybackController
08-04 01:02:32.095 19070 19418 I art     : Explicit concurrent mark sweep GC freed 192(11KB) AllocSpace objects, 0(0B) LOS objects, 40% free, 23MB/39MB, paused 258us total 15.318ms
08-04 01:02:32.101 19070 19418 I art     : Starting a blocking GC Explicit
08-04 01:02:32.117 19070 19418 I art     : Explicit concurrent mark sweep GC freed 52(5KB) AllocSpace objects, 0(0B) LOS objects, 40% free, 23MB/39MB, paused 268us total 14.919ms
08-04 01:02:32.123 19070 19418 I art     : Starting a blocking GC Explicit
08-04 01:02:32.138 19070 19418 I art     : Explicit concurrent mark sweep GC freed 19(640B) AllocSpace objects, 0(0B) LOS objects, 40% free, 23MB/39MB, paused 273us total 14.949ms
08-04 01:02:32.420 19070 19127 I art     : Starting a blocking GC Explicit
08-04 01:02:32.445 19070 19127 I art     : Explicit concurrent mark sweep GC freed 1585(94KB) AllocSpace objects, 1(20KB) LOS objects, 40% free, 23MB/39MB, paused 303us total 24.373ms
08-04 01:02:32.456 19070 19127 I art     : Starting a blocking GC Explicit
08-04 01:02:32.474 19070 19127 I art     : Explicit concurrent mark sweep GC freed 35(1136B) AllocSpace objects, 0(0B) LOS objects, 40% free, 23MB/39MB, paused 250us total 16.299ms
08-04 01:02:32.480 19070 19127 I art     : Starting a blocking GC Explicit
08-04 01:02:32.494 19070 19127 I art     : Explicit concurrent mark sweep GC freed 3(96B) AllocSpace objects, 0(0B) LOS objects, 40% free, 23MB/39MB, paused 247us total 14.252ms
08-04 01:02:32.500 19070 19127 I art     : Starting a blocking GC Explicit
08-04 01:02:32.515 19070 19127 I art     : Explicit concurrent mark sweep GC freed 3(96B) AllocSpace objects, 0(0B) LOS objects, 40% free, 23MB/39MB, paused 241us total 14.872ms
08-04 01:02:32.521 19070 19127 I art     : Starting a blocking GC Explicit
08-04 01:02:32.535 19070 19127 I art     : Explicit concurrent mark sweep GC freed 3(96B) AllocSpace objects, 0(0B) LOS objects, 40% free, 23MB/39MB, paused 238us total 14.122ms
08-04 01:02:32.743 19439 19439 D AndroidRuntime: >>>>>> START com.android.internal.os.RuntimeInit uid 2000 <<<<<<
08-04 01:02:32.747 19439 19439 D AndroidRuntime: CheckJNI is OFF
08-04 01:02:32.775 19439 19439 D ICU     : No timezone override file found: /data/misc/zoneinfo/current/icu/icu_tzdata.dat
08-04 01:02:32.780 19070 19082 I art     : Starting a blocking GC Explicit
08-04 01:02:32.797 19070 19082 I art     : Explicit concurrent mark sweep GC freed 1585(95KB) AllocSpace objects, 1(20KB) LOS objects, 40% free, 23MB/39MB, paused 320us total 16.503ms
08-04 01:02:32.802 19439 19439 I Radio-JNI: register_android_hardware_Radio DONE
08-04 01:02:32.803 19070 19082 I art     : Starting a blocking GC Explicit
08-04 01:02:32.818 19439 19439 D AndroidRuntime: Calling main entry com.android.commands.input.Input
08-04 01:02:32.820 19070 19082 I art     : Explicit concurrent mark sweep GC freed 35(1136B) AllocSpace objects, 0(0B) LOS objects, 40% free, 23MB/39MB, paused 283us total 15.987ms
08-04 01:02:32.820 19439 19439 I Input   : injectMotionEvent: MotionEvent { action=ACTION_DOWN, actionButton=0, id[0]=0, x[0]=400.0, y[0]=997.0, toolType[0]=TOOL_TYPE_UNKNOWN, buttonState=0, metaState=0, flags=0x0, edgeFlags=0x0, pointerCount=1, historySize=0, eventTime=666169233, downTime=666169233, deviceId=0, source=0x1002 }
08-04 01:02:32.825 19439 19439 I Input   : injectMotionEvent: MotionEvent { action=ACTION_UP, actionButton=0, id[0]=0, x[0]=400.0, y[0]=997.0, toolType[0]=TOOL_TYPE_UNKNOWN, buttonState=0, metaState=0, flags=0x0, edgeFlags=0x0, pointerCount=1, historySize=0, eventTime=666169233, downTime=666169233, deviceId=0, source=0x1002 }
08-04 01:02:32.826 19070 19082 I art     : Starting a blocking GC Explicit
08-04 01:02:32.828 19439 19439 D AndroidRuntime: Shutting down VM
08-04 01:02:32.842 19070 19082 I art     : Explicit concurrent mark sweep GC freed 17(704B) AllocSpace objects, 0(0B) LOS objects, 40% free, 23MB/39MB, paused 261us total 15.772ms
08-04 01:02:32.846   512  2967 D audio_hw_primary: out_set_parameters: enter: usecase(1: low-latency-playback) kvpairs: routing=2
08-04 01:02:32.850 19070 19082 I art     : Starting a blocking GC Explicit
08-04 01:02:32.859   512  2967 D audio_hw_primary: select_devices: out_snd_device(2: speaker) in_snd_device(0: none)
08-04 01:02:32.859   512  2967 D msm8974_platform: platform_send_audio_calibration: sending audio calibration for snd_device(2) acdb_id(15)
08-04 01:02:32.859   512  2967 I soundtrigger: audio_extn_sound_trigger_update_device_status: device 0x2 of type 0 for Event 1
08-04 01:02:32.868 19070 19082 I art     : Explicit concurrent mark sweep GC freed 907(59KB) AllocSpace objects, 1(20KB) LOS objects, 40% free, 23MB/39MB, paused 564us total 17.617ms
08-04 01:02:32.870   512  2967 D audio_hw_primary: enable_snd_device: snd_device(2: speaker)
08-04 01:02:32.872   512  2967 D audio_hw_primary: enable_audio_route: apply and update mixer path: low-latency-playback speaker
08-04 01:02:32.874 19070 19082 I art     : Starting a blocking GC Explicit
08-04 01:02:32.890 19070 19082 I art     : Explicit concurrent mark sweep GC freed 335(16KB) AllocSpace objects, 0(0B) LOS objects, 39% free, 24MB/40MB, paused 497us total 16.038ms
08-04 01:02:32.941 13866 13866 I GoogleInputMethodServic: GoogleInputMethodService.onFinishInput():3138 
08-04 01:02:32.941 13866 13866 I GoogleInputMethodServic: GoogleInputMethodService.onStartInput():1808 
08-04 01:02:33.109 19070 19083 I art     : Starting a blocking GC Explicit
08-04 01:02:33.128 19070 19083 I art     : Explicit concurrent mark sweep GC freed 2084(132KB) AllocSpace objects, 1(20KB) LOS objects, 39% free, 24MB/40MB, paused 321us total 18.887ms
08-04 01:02:33.135 19070 19083 I art     : Starting a blocking GC Explicit
08-04 01:02:33.152 19070 19083 I art     : Explicit concurrent mark sweep GC freed 102(4KB) AllocSpace objects, 0(0B) LOS objects, 39% free, 24MB/40MB, paused 255us total 16.681ms
08-04 01:02:33.158 19070 19083 I art     : Starting a blocking GC Explicit
08-04 01:02:33.174 19070 19083 I art     : Explicit concurrent mark sweep GC freed 3(96B) AllocSpace objects, 0(0B) LOS objects, 39% free, 24MB/40MB, paused 249us total 15.929ms
08-04 01:02:33.181 19070 19083 I art     : Starting a blocking GC Explicit
08-04 01:02:33.198 19070 19083 I art     : Explicit concurrent mark sweep GC freed 3(96B) AllocSpace objects, 0(0B) LOS objects, 39% free, 24MB/40MB, paused 265us total 17.128ms
08-04 01:02:33.205 19070 19083 I art     : Starting a blocking GC Explicit
08-04 01:02:33.222 19070 19083 I art     : Explicit concurrent mark sweep GC freed 27(1632B) AllocSpace objects, 0(0B) LOS objects, 39% free, 24MB/40MB, paused 266us total 16.825ms
08-04 01:02:33.375 19468 19468 D AndroidRuntime: >>>>>> START com.android.internal.os.RuntimeInit uid 2000 <<<<<<
08-04 01:02:33.379 19468 19468 D AndroidRuntime: CheckJNI is OFF
08-04 01:02:33.404 19468 19468 D ICU     : No timezone override file found: /data/misc/zoneinfo/current/icu/icu_tzdata.dat
08-04 01:02:33.409   512  2967 D audio_hw_primary: disable_audio_route: reset and update mixer path: low-latency-playback speaker
08-04 01:02:33.410   512  2967 D audio_hw_primary: disable_snd_device: snd_device(2: speaker)
08-04 01:02:33.418   918  3261 D WifiStateMachine: starting scan for "H369AA63323"WPA_PSK with 2412,5180
08-04 01:02:33.419   512  2967 I soundtrigger: audio_extn_sound_trigger_update_device_status: device 0x2 of type 0 for Event 0
08-04 01:02:33.428 19468 19468 I Radio-JNI: register_android_hardware_Radio DONE
08-04 01:02:33.444 19468 19468 D AndroidRuntime: Calling main entry com.android.commands.input.Input
08-04 01:02:33.445 19468 19468 I Input   : injectMotionEvent: MotionEvent { action=ACTION_DOWN, actionButton=0, id[0]=0, x[0]=697.0, y[0]=656.0, toolType[0]=TOOL_TYPE_UNKNOWN, buttonState=0, metaState=0, flags=0x0, edgeFlags=0x0, pointerCount=1, historySize=0, eventTime=666169858, downTime=666169858, deviceId=0, source=0x1002 }
08-04 01:02:33.449 19468 19468 I Input   : injectMotionEvent: MotionEvent { action=ACTION_UP, actionButton=0, id[0]=0, x[0]=697.0, y[0]=656.0, toolType[0]=TOOL_TYPE_UNKNOWN, buttonState=0, metaState=0, flags=0x0, edgeFlags=0x0, pointerCount=1, historySize=0, eventTime=666169858, downTime=666169858, deviceId=0, source=0x1002 }
08-04 01:02:33.452 19468 19468 D AndroidRuntime: Shutting down VM
08-04 01:02:33.466   512  2967 D audio_hw_primary: out_set_parameters: enter: usecase(1: low-latency-playback) kvpairs: routing=2
08-04 01:02:33.479   512  2967 D audio_hw_primary: select_devices: out_snd_device(2: speaker) in_snd_device(0: none)
08-04 01:02:33.479   512  2967 D msm8974_platform: platform_send_audio_calibration: sending audio calibration for snd_device(2) acdb_id(15)
08-04 01:02:33.479   512  2967 I soundtrigger: audio_extn_sound_trigger_update_device_status: device 0x2 of type 0 for Event 1
08-04 01:02:33.484 19070 19127 I art     : Starting a blocking GC Explicit
08-04 01:02:33.490   512  2967 D audio_hw_primary: enable_snd_device: snd_device(2: speaker)
08-04 01:02:33.492   512  2967 D audio_hw_primary: enable_audio_route: apply and update mixer path: low-latency-playback speaker
08-04 01:02:33.501 19070 19127 I art     : Explicit concurrent mark sweep GC freed 2063(182KB) AllocSpace objects, 1(20KB) LOS objects, 39% free, 24MB/40MB, paused 276us total 16.920ms
08-04 01:02:33.508 19070 19127 I art     : Starting a blocking GC Explicit
08-04 01:02:33.524 19070 19127 I art     : Explicit concurrent mark sweep GC freed 179(8KB) AllocSpace objects, 0(0B) LOS objects, 39% free, 24MB/40MB, paused 247us total 16.190ms
08-04 01:02:33.530 13866 13866 I GoogleInputMethodServic: GoogleInputMethodService.onFinishInput():3138 
08-04 01:02:33.531 13866 13866 I GoogleInputMethodServic: GoogleInputMethodService.onStartInput():1808 
08-04 01:02:33.532 19070 19127 I art     : Starting a blocking GC Explicit
08-04 01:02:33.533   512  2967 D AudioFlinger: mixer(0xf4740000) throttle end: throttle time(12)
08-04 01:02:33.548 19070 19127 I art     : Explicit concurrent mark sweep GC freed 129(5KB) AllocSpace objects, 0(0B) LOS objects, 39% free, 24MB/40MB, paused 399us total 16.378ms
08-04 01:02:33.555 19070 19127 I art     : Starting a blocking GC Explicit
08-04 01:02:33.572 19070 19127 I art     : Explicit concurrent mark sweep GC freed 462(22KB) AllocSpace objects, 0(0B) LOS objects, 39% free, 24MB/40MB, paused 278us total 16.819ms
08-04 01:02:33.579 19070 19127 I art     : Starting a blocking GC Explicit
08-04 01:02:33.595 19070 19127 I art     : Explicit concurrent mark sweep GC freed 7(384B) AllocSpace objects, 0(0B) LOS objects, 39% free, 24MB/40MB, paused 234us total 15.833ms
08-04 01:02:33.748 29532 29532 W PathParser: Points are too far apart 4.030360828967057
08-04 01:02:33.748 29532 29532 W PathParser: Points are too far apart 4.030360538880159
08-04 01:02:33.763 29532 29532 W PathParser: Points are too far apart 4.030360828967057
08-04 01:02:33.763 29532 29532 W PathParser: Points are too far apart 4.030360538880159
08-04 01:02:33.779 29532 29532 W PathParser: Points are too far apart 4.030360828967057
08-04 01:02:33.780 29532 29532 W PathParser: Points are too far apart 4.030360538880159
08-04 01:02:33.796 29532 29532 W PathParser: Points are too far apart 4.030360828967057
08-04 01:02:33.796 29532 29532 W PathParser: Points are too far apart 4.030360538880159
08-04 01:02:33.813 29532 29532 W PathParser: Points are too far apart 4.030360828967057
08-04 01:02:33.813 29532 29532 W PathParser: Points are too far apart 4.030360538880159
08-04 01:02:33.829 29532 29532 W PathParser: Points are too far apart 4.030360828967057
08-04 01:02:33.830 29532 29532 W PathParser: Points are too far apart 4.030360538880159
08-04 01:02:33.846 29532 29532 W PathParser: Points are too far apart 4.030360828967057
08-04 01:02:33.846 29532 29532 W PathParser: Points are too far apart 4.030360538880159
08-04 01:02:33.848 19070 19082 I art     : Starting a blocking GC Explicit
08-04 01:02:33.867 19070 19082 I art     : Explicit concurrent mark sweep GC freed 1593(98KB) AllocSpace objects, 1(20KB) LOS objects, 39% free, 24MB/40MB, paused 262us total 18.797ms
08-04 01:02:33.874 19070 19082 I art     : Starting a blocking GC Explicit
08-04 01:02:33.892 19070 19082 I art     : Explicit concurrent mark sweep GC freed 41(1328B) AllocSpace objects, 0(0B) LOS objects, 39% free, 24MB/40MB, paused 248us total 17.392ms
08-04 01:02:33.899 19070 19082 I art     : Starting a blocking GC Explicit
08-04 01:02:33.917 19070 19082 I art     : Explicit concurrent mark sweep GC freed 3(96B) AllocSpace objects, 0(0B) LOS objects, 39% free, 24MB/40MB, paused 234us total 17.796ms
08-04 01:02:33.924 19070 19082 I art     : Starting a blocking GC Explicit
08-04 01:02:33.942 19070 19082 I art     : Explicit concurrent mark sweep GC freed 3(96B) AllocSpace objects, 0(0B) LOS objects, 39% free, 24MB/40MB, paused 239us total 17.580ms
08-04 01:02:33.949 19070 19082 I art     : Starting a blocking GC Explicit
08-04 01:02:33.967 19070 19082 I art     : Explicit concurrent mark sweep GC freed 5(192B) AllocSpace objects, 0(0B) LOS objects, 39% free, 24MB/40MB, paused 236us total 17.659ms
08-04 01:02:34.018   512  2967 D audio_hw_primary: disable_audio_route: reset and update mixer path: low-latency-playback speaker
08-04 01:02:34.019   512  2967 D audio_hw_primary: disable_snd_device: snd_device(2: speaker)
08-04 01:02:34.027   512  2967 I soundtrigger: audio_extn_sound_trigger_update_device_status: device 0x2 of type 0 for Event 0
08-04 01:02:34.037 19494 19494 D AndroidRuntime: >>>>>> START com.android.internal.os.RuntimeInit uid 2000 <<<<<<
08-04 01:02:34.042 19494 19494 D AndroidRuntime: CheckJNI is OFF
08-04 01:02:34.075 19494 19494 D ICU     : No timezone override file found: /data/misc/zoneinfo/current/icu/icu_tzdata.dat
08-04 01:02:34.107 19494 19494 I Radio-JNI: register_android_hardware_Radio DONE
08-04 01:02:34.127 19494 19494 D AndroidRuntime: Calling main entry com.android.commands.input.Input
08-04 01:02:34.130 19494 19494 I Input   : injectMotionEvent: MotionEvent { action=ACTION_DOWN, actionButton=0, id[0]=0, x[0]=256.0, y[0]=1589.0, toolType[0]=TOOL_TYPE_UNKNOWN, buttonState=0, metaState=0, flags=0x0, edgeFlags=0x0, pointerCount=1, historySize=0, eventTime=666170542, downTime=666170542, deviceId=0, source=0x1002 }
08-04 01:02:34.136 19494 19494 I Input   : injectMotionEvent: MotionEvent { action=ACTION_UP, actionButton=0, id[0]=0, x[0]=256.0, y[0]=1589.0, toolType[0]=TOOL_TYPE_UNKNOWN, buttonState=0, metaState=0, flags=0x0, edgeFlags=0x0, pointerCount=1, historySize=0, eventTime=666170542, downTime=666170542, deviceId=0, source=0x1002 }
08-04 01:02:34.138 19494 19494 D AndroidRuntime: Shutting down VM
08-04 01:02:34.159 19070 19070 D UserPreferences: timeOfDay: []
08-04 01:02:34.159 19070 19070 D AutoUpdateManager: Restarting update alarm.
08-04 01:02:34.161   512  2967 D audio_hw_primary: out_set_parameters: enter: usecase(1: low-latency-playback) kvpairs: routing=2
08-04 01:02:34.161 19070 19070 D AutoUpdateManager: Automatic update was deactivated
08-04 01:02:34.176   512  2967 D audio_hw_primary: select_devices: out_snd_device(2: speaker) in_snd_device(0: none)
08-04 01:02:34.176   512  2967 D msm8974_platform: platform_send_audio_calibration: sending audio calibration for snd_device(2) acdb_id(15)
08-04 01:02:34.177   512  2967 I soundtrigger: audio_extn_sound_trigger_update_device_status: device 0x2 of type 0 for Event 1
08-04 01:02:34.185 13866 13866 I GoogleInputMethodServic: GoogleInputMethodService.onFinishInput():3138 
08-04 01:02:34.187 13866 13866 I GoogleInputMethodServic: GoogleInputMethodService.onStartInput():1808 
08-04 01:02:34.193   512  2967 D audio_hw_primary: enable_snd_device: snd_device(2: speaker)
08-04 01:02:34.195   512  2967 D audio_hw_primary: enable_audio_route: apply and update mixer path: low-latency-playback speaker
08-04 01:02:34.213 29532 29532 W PathParser: Points are too far apart 4.030360828967057
08-04 01:02:34.214 29532 29532 W PathParser: Points are too far apart 4.030360538880159
08-04 01:02:34.223 19070 19083 I art     : Starting a blocking GC Explicit
08-04 01:02:34.230 29532 29532 W PathParser: Points are too far apart 4.030360828967057
08-04 01:02:34.231 29532 29532 W PathParser: Points are too far apart 4.030360538880159
08-04 01:02:34.237   512  2967 D AudioFlinger: mixer(0xf4740000) throttle end: throttle time(12)
08-04 01:02:34.242 19070 19083 I art     : Explicit concurrent mark sweep GC freed 1946(123KB) AllocSpace objects, 2(40KB) LOS objects, 39% free, 24MB/40MB, paused 250us total 18.051ms
08-04 01:02:34.247 29532 29532 W PathParser: Points are too far apart 4.030360828967057
08-04 01:02:34.248 29532 29532 W PathParser: Points are too far apart 4.030360538880159
08-04 01:02:34.249 19070 19083 I art     : Starting a blocking GC Explicit
08-04 01:02:34.264 29532 29532 W PathParser: Points are too far apart 4.030360828967057
08-04 01:02:34.264 29532 29532 W PathParser: Points are too far apart 4.030360538880159
08-04 01:02:34.267 19070 19083 I art     : Explicit concurrent mark sweep GC freed 72(2560B) AllocSpace objects, 0(0B) LOS objects, 39% free, 24MB/40MB, paused 258us total 17.266ms
08-04 01:02:34.274 19070 19083 I art     : Starting a blocking GC Explicit
08-04 01:02:34.281 29532 29532 W PathParser: Points are too far apart 4.030360828967057
08-04 01:02:34.281 29532 29532 W PathParser: Points are too far apart 4.030360538880159
08-04 01:02:34.290 19070 19083 I art     : Explicit concurrent mark sweep GC freed 3(96B) AllocSpace objects, 0(0B) LOS objects, 39% free, 24MB/40MB, paused 230us total 16.551ms
08-04 01:02:34.298 29532 29532 W PathParser: Points are too far apart 4.030360828967057
08-04 01:02:34.298 29532 29532 W PathParser: Points are too far apart 4.030360538880159
08-04 01:02:34.298 19070 19083 I art     : Starting a blocking GC Explicit
08-04 01:02:34.314 29532 29532 W PathParser: Points are too far apart 4.030360828967057
08-04 01:02:34.314 29532 29532 W PathParser: Points are too far apart 4.030360538880159
08-04 01:02:34.315 19070 19083 I art     : Explicit concurrent mark sweep GC freed 3(96B) AllocSpace objects, 0(0B) LOS objects, 39% free, 24MB/40MB, paused 223us total 16.951ms
08-04 01:02:34.321 19070 19083 I art     : Starting a blocking GC Explicit
08-04 01:02:34.331 29532 29532 W PathParser: Points are too far apart 4.030360828967057
08-04 01:02:34.331 29532 29532 W PathParser: Points are too far apart 4.030360538880159
08-04 01:02:34.340 19070 19083 I art     : Explicit concurrent mark sweep GC freed 3(96B) AllocSpace objects, 0(0B) LOS objects, 39% free, 24MB/40MB, paused 237us total 18.166ms
08-04 01:02:34.363   380   380 W SurfaceFlinger: couldn't log to binary event log: overflow.
