--------- beginning of main
--------- beginning of system
08-04 00:08:17.903 29917 29917 D Nappa   : Selected prefetching strategy STRATEGY_TFPR
08-04 00:08:17.940 29917 29934 D Nappa   : Updating activity map nappatfpr.com.ak.uobtimetable.MainActivity: 1
08-04 00:08:17.940 29917 29934 D Nappa   : Updating activity map nappatfpr.com.ak.uobtimetable.WelcomeActivity: 2
08-04 00:08:17.940 29917 29934 D Nappa   : Updating activity map nappatfpr.com.ak.uobtimetable.CourseListActivity: 3
08-04 00:08:18.041 29917 29934 D Nappa   : registerActivity: (already in) nappatfpr.com.ak.uobtimetable.MainActivity
08-04 00:08:18.145 29917 29934 D Nappa   : registerActivity: (already in) nappatfpr.com.ak.uobtimetable.WelcomeActivity
08-04 00:08:18.147 29917 29937 D Nappa   : {nappatfpr.com.ak.uobtimetable.CourseListActivity=3, nappatfpr.com.ak.uobtimetable.WelcomeActivity=2, nappatfpr.com.ak.uobtimetable.MainActivity=1}
08-04 00:08:18.259 29917 29934 D Nappa   : registerActivity: (already in) nappatfpr.com.ak.uobtimetable.WelcomeActivity
08-04 00:08:18.363 29917 29934 D Nappa   : registerActivity: (already in) nappatfpr.com.ak.uobtimetable.CourseListActivity
08-04 00:08:18.364 29917 29937 D Nappa   : {nappatfpr.com.ak.uobtimetable.CourseListActivity=3, nappatfpr.com.ak.uobtimetable.WelcomeActivity=2, nappatfpr.com.ak.uobtimetable.MainActivity=1}
08-04 00:08:18.467 29917 29934 D Nappa   : registerActivity: (already in) nappatfpr.com.ak.uobtimetable.CourseListActivity
08-04 00:08:18.570 29917 29934 D Nappa   : registerActivity: (already in) nappatfpr.com.ak.uobtimetable.MainActivity
08-04 00:08:18.572 29917 29937 D Nappa   : {nappatfpr.com.ak.uobtimetable.CourseListActivity=3, nappatfpr.com.ak.uobtimetable.WelcomeActivity=2, nappatfpr.com.ak.uobtimetable.MainActivity=1}
08-04 00:08:18.576 29917 29934 D Nappa   : Extended Startup-time: 673 ms
08-04 00:08:18.578 29917 29917 D Nappa   : Startup-time: 675 ms
08-04 00:08:18.734 29917 29917 D Nappa   : setCurrentActivity - MetricStrategyAccuracy - 
08-04 00:08:18.734 29917 29917 D Nappa   : madePredictionFromActivity = false, 
08-04 00:08:18.734 29917 29917 D Nappa   : fromActivity = null, 
08-04 00:08:18.734 29917 29917 D Nappa   : predictedNextActivityFromActivity = [], 
08-04 00:08:18.734 29917 29917 D Nappa   : activity.getClass().getCanonicalName() = nappatfpr.com.ak.uobtimetable.MainActivity, 
08-04 00:08:18.734 29917 29917 D Nappa   : setCurrentActivity - MetricStrategyAccuracy - 
08-04 00:08:18.734 29917 29917 D Nappa   : madePredictionFromExtra = false, 
08-04 00:08:18.734 29917 29917 D Nappa   : fromActivity = null, 
08-04 00:08:18.734 29917 29917 D Nappa   : predictedNextActivityFromExtra = [], 
08-04 00:08:18.734 29917 29917 D Nappa   : activity.getClass().getCanonicalName() = nappatfpr.com.ak.uobtimetable.MainActivity, 
08-04 00:08:18.735 29917 29917 D Nappa   : PREFETCH_ON_EXTRA - setCurrentActivity - logs - from activity - made prediction isfalse
08-04 00:08:18.836 29917 29917 D Nappa   : registerActivity: (already in) nappatfpr.com.ak.uobtimetable.MainActivity
08-04 00:08:18.837 29917 29917 D Nappa   : SHOULD_PREFETCH false
08-04 00:08:18.837 29917 29917 D Nappa   : STATS Number of requests not prefetched: 0
08-04 00:08:18.837 29917 29917 D Nappa   : STATS Number of requests prefetched: 0
08-04 00:08:18.837 29917 29917 D Nappa   : STATS Time saved until now: 0.0
08-04 00:08:18.882 29917 29917 D Nappa   : Stayed on nappatfpr.com.ak.uobtimetable.MainActivity for 45 ms
08-04 00:08:18.988 29917 29917 D Nappa   : setCurrentActivity - MetricStrategyAccuracy - 
08-04 00:08:18.988 29917 29917 D Nappa   : madePredictionFromActivity = false, 
08-04 00:08:18.988 29917 29917 D Nappa   : fromActivity = nappatfpr.com.ak.uobtimetable.MainActivity, 
08-04 00:08:18.988 29917 29917 D Nappa   : predictedNextActivityFromActivity = [], 
08-04 00:08:18.988 29917 29917 D Nappa   : activity.getClass().getCanonicalName() = nappatfpr.com.ak.uobtimetable.WelcomeActivity, 
08-04 00:08:18.988 29917 29917 D Nappa   : setCurrentActivity - MetricStrategyAccuracy - 
08-04 00:08:18.988 29917 29917 D Nappa   : madePredictionFromExtra = false, 
08-04 00:08:18.988 29917 29917 D Nappa   : fromActivity = nappatfpr.com.ak.uobtimetable.MainActivity, 
08-04 00:08:18.988 29917 29917 D Nappa   : predictedNextActivityFromExtra = [], 
08-04 00:08:18.988 29917 29917 D Nappa   : activity.getClass().getCanonicalName() = nappatfpr.com.ak.uobtimetable.WelcomeActivity, 
08-04 00:08:18.988 29917 29917 D Nappa   : PREFETCH_ON_EXTRA - setCurrentActivity - logs - from activity - made prediction isfalse
08-04 00:08:19.089 29917 29917 D Nappa   : registerActivity: (already in) nappatfpr.com.ak.uobtimetable.WelcomeActivity
08-04 00:08:19.090 29917 29917 D Nappa   : SHOULD_PREFETCH true
08-04 00:08:19.136 29917 29937 D Nappa   : PREFETCH_ON_EXTRA - setCurrentActivity - logs - from extra - made prediction isfalse
08-04 00:08:19.190 29917 29917 D Nappa   : registerActivity: (already in) nappatfpr.com.ak.uobtimetable.WelcomeActivity
08-04 00:08:19.190 29917 29917 D Nappa   : SUCCESSORS nappatfpr.com.ak.uobtimetable.CourseListActivity
08-04 00:08:19.191 29917 29917 D Nappa   : STATS Number of requests not prefetched: 0
08-04 00:08:19.191 29917 29917 D Nappa   : STATS Number of requests prefetched: 0
08-04 00:08:19.191 29917 29917 D Nappa   : STATS Time saved until now: 0.0
08-04 00:08:19.389 29917 29937 D Nappa   : PREFETCH_ON_EXTRA - setCurrentActivity - logs - from extra - made prediction isfalse
08-04 00:08:19.691 29917 29937 D Nappa   : PREFETCH_ON_EXTRA - setCurrentActivity - starting new prediction
08-04 00:08:19.692 29917 29937 D Nappa   : Current node - currentActivityName - nappatfpr.com.ak.uobtimetable.WelcomeActivity
08-04 00:08:19.692 29917 29937 D Nappa   : Current node - activityGraph.getCurrent() - nappatfpr.com.ak.uobtimetable.WelcomeActivity
08-04 00:08:19.698 29917 29937 D Nappa   : PREFETCH_ON_EXTRA - setCurrentActivity - finished new prediction
08-04 00:08:24.760 29917 29917 D Nappa   : Stayed on nappatfpr.com.ak.uobtimetable.WelcomeActivity for 5569 ms
08-04 00:08:24.792 29917 29917 D Nappa   : setCurrentActivity - MetricStrategyAccuracy - 
08-04 00:08:24.792 29917 29917 D Nappa   : madePredictionFromActivity = true, 
08-04 00:08:24.792 29917 29917 D Nappa   : fromActivity = nappatfpr.com.ak.uobtimetable.WelcomeActivity, 
08-04 00:08:24.792 29917 29917 D Nappa   : predictedNextActivityFromActivity = [nappatfpr.com.ak.uobtimetable.CourseListActivity], 
08-04 00:08:24.792 29917 29917 D Nappa   : activity.getClass().getCanonicalName() = nappatfpr.com.ak.uobtimetable.CourseListActivity, 
08-04 00:08:24.792 29917 29917 D Nappa   : setCurrentActivity - MetricStrategyAccuracy - 
08-04 00:08:24.792 29917 29917 D Nappa   : madePredictionFromExtra = false, 
08-04 00:08:24.792 29917 29917 D Nappa   : fromActivity = nappatfpr.com.ak.uobtimetable.WelcomeActivity, 
08-04 00:08:24.792 29917 29917 D Nappa   : predictedNextActivityFromExtra = [], 
08-04 00:08:24.792 29917 29917 D Nappa   : activity.getClass().getCanonicalName() = nappatfpr.com.ak.uobtimetable.CourseListActivity, 
08-04 00:08:24.792 29917 29917 D Nappa   : PREFETCH_ON_EXTRA - setCurrentActivity - logs - from activity - made prediction istrue
08-04 00:08:24.792 29917 29917 D Nappa   : PREFETCH_ON_EXTRA - setCurrentActivity - logs - from activity - start
08-04 00:08:24.792 29917 29917 D Nappa   : setCurrentActivity - MetricStrategyAccuracy - checking prediction VS current activity for activities
08-04 00:08:24.793 29917 29917 D Nappa   : PREFETCH_ON_EXTRA - setCurrentActivity - logs - from activity- finished
08-04 00:08:24.811 29917 30129 D Nappa   : TAG okHttpClient initialized
08-04 00:08:24.826 29917 30129 D Nappa   : F1_SCORE add_intercept_url - (new) - https://uob-timetable-api.adriankeenan.co.uk/courses
08-04 00:08:24.826 29917 30129 D Nappa   : F1_SCORE add_fn_url - (new) - https://uob-timetable-api.adriankeenan.co.uk/courses
08-04 00:08:24.826 29917 30129 D Nappa   : -------------F1_SCORE #0 -----------
08-04 00:08:24.826 29917 30129 D Nappa   : F1_SCORE - Intercept list (1)= [https://uob-timetable-api.adriankeenan.co.uk/courses]
08-04 00:08:24.826 29917 30129 D Nappa   : F1_SCORE - Prefetch list (0)= []
08-04 00:08:24.826 29917 30129 D Nappa   : F1_SCORE - TP list (0)= []
08-04 00:08:24.827 29917 30129 D Nappa   : F1_SCORE - FN list (1)= [https://uob-timetable-api.adriankeenan.co.uk/courses]
08-04 00:08:24.893 29917 29917 D Nappa   : registerActivity: (already in) nappatfpr.com.ak.uobtimetable.CourseListActivity
08-04 00:08:24.893 29917 29917 D Nappa   : SHOULD_PREFETCH true
08-04 00:08:24.926 29917 29937 D Nappa   : registerActivity: (already in) nappatfpr.com.ak.uobtimetable.CourseListActivity
08-04 00:08:24.926 29917 29937 D Nappa   : PARENTS 
08-04 00:08:24.926 29917 29937 D Nappa   : Of: nappatfpr.com.ak.uobtimetable.CourseListActivity -> 
08-04 00:08:24.926 29917 29937 D Nappa   : PARENTS nappatfpr.com.ak.uobtimetable.WelcomeActivity
08-04 00:08:24.926 29917 29937 D Nappa   : PARENTS nappatfpr.com.ak.uobtimetable.MainActivity
08-04 00:08:24.926 29917 29937 D Nappa   : PARENTS nappatfpr.com.ak.uobtimetable.CourseListActivity
08-04 00:08:24.993 29917 29917 D Nappa   : registerActivity: (already in) nappatfpr.com.ak.uobtimetable.CourseListActivity
08-04 00:08:24.994 29917 29917 D Nappa   : SUCCESSORS nappatfpr.com.ak.uobtimetable.MainActivity
08-04 00:08:24.994 29917 29917 D Nappa   : STATS Number of requests not prefetched: 0
08-04 00:08:24.994 29917 29917 D Nappa   : STATS Number of requests prefetched: 0
08-04 00:08:24.994 29917 29917 D Nappa   : STATS Time saved until now: 0.0
08-04 00:08:25.193 29917 29937 D Nappa   : PREFETCH_ON_EXTRA - setCurrentActivity - logs - from extra - made prediction isfalse
08-04 00:08:25.494 29917 29937 D Nappa   : PREFETCH_ON_EXTRA - setCurrentActivity - starting new prediction
08-04 00:08:25.495 29917 29937 D Nappa   : Current node - currentActivityName - nappatfpr.com.ak.uobtimetable.CourseListActivity
08-04 00:08:25.495 29917 29937 D Nappa   : Current node - activityGraph.getCurrent() - nappatfpr.com.ak.uobtimetable.CourseListActivity
08-04 00:08:25.503 29917 29937 D Nappa   : PREFETCH_ON_EXTRA - setCurrentActivity - finished new prediction
08-04 00:08:33.065 29917 29937 D Nappa   : PREFETCH_ON_EXTRA - notifyExtras- start
08-04 00:08:33.069 29917 29937 D Nappa   : PREFETCH_ON_EXTRA - notifyExtras- end
08-04 00:08:33.069 29917 29937 D Nappa   : PREFSTRAT2 ADDING NEW ACTEXTRADATA
08-04 00:08:33.092 29917 29917 D Nappa   : Stayed on nappatfpr.com.ak.uobtimetable.CourseListActivity for 8098 ms
08-04 00:08:33.157 29917 30344 D Nappa   : TAG okHttpClient initialized
08-04 00:08:33.160 29917 30344 D Nappa   : F1_SCORE add_intercept_url - (new) - https://uob-timetable-api.adriankeenan.co.uk/sessions?dept=BD002&course=CFIEFAAF%2F02AA%2F0%2FFT&level=ALL+Courses
08-04 00:08:33.160 29917 30344 D Nappa   : F1_SCORE add_fn_url - (new) - https://uob-timetable-api.adriankeenan.co.uk/sessions?dept=BD002&course=CFIEFAAF%2F02AA%2F0%2FFT&level=ALL+Courses
08-04 00:08:33.160 29917 30344 D Nappa   : -------------F1_SCORE #3 -----------
08-04 00:08:33.160 29917 30344 D Nappa   : F1_SCORE - Intercept list (2)= [https://uob-timetable-api.adriankeenan.co.uk/courses, https://uob-timetable-api.adriankeenan.co.uk/sessions?dept=BD002&course=CFIEFAAF%2F02AA%2F0%2FFT&level=ALL+Courses]
08-04 00:08:33.160 29917 30344 D Nappa   : F1_SCORE - Prefetch list (0)= []
08-04 00:08:33.160 29917 30344 D Nappa   : F1_SCORE - TP list (0)= []
08-04 00:08:33.160 29917 30344 D Nappa   : F1_SCORE - FN list (2)= [https://uob-timetable-api.adriankeenan.co.uk/courses, https://uob-timetable-api.adriankeenan.co.uk/sessions?dept=BD002&course=CFIEFAAF%2F02AA%2F0%2FFT&level=ALL+Courses]
08-04 00:08:33.260 29917 29937 D Nappa   : registerActivity: (already in) nappatfpr.com.ak.uobtimetable.CourseListActivity
08-04 00:08:33.261 29917 29937 D Nappa   : PARENTS 
08-04 00:08:33.261 29917 29937 D Nappa   : Of: nappatfpr.com.ak.uobtimetable.CourseListActivity -> 
08-04 00:08:33.261 29917 29937 D Nappa   : PARENTS nappatfpr.com.ak.uobtimetable.WelcomeActivity
08-04 00:08:33.261 29917 29937 D Nappa   : PARENTS nappatfpr.com.ak.uobtimetable.MainActivity
08-04 00:08:33.261 29917 29937 D Nappa   : PARENTS nappatfpr.com.ak.uobtimetable.CourseListActivity
08-04 00:08:33.261 29917 29937 D Nappa   : PARENTS has extra: (forceRefreshSessions, true)
08-04 00:08:33.462 29917 29917 D Nappa   : setCurrentActivity - MetricStrategyAccuracy - 
08-04 00:08:33.462 29917 29917 D Nappa   : madePredictionFromActivity = true, 
08-04 00:08:33.462 29917 29917 D Nappa   : fromActivity = nappatfpr.com.ak.uobtimetable.CourseListActivity, 
08-04 00:08:33.462 29917 29917 D Nappa   : predictedNextActivityFromActivity = [nappatfpr.com.ak.uobtimetable.MainActivity], 
08-04 00:08:33.462 29917 29917 D Nappa   : activity.getClass().getCanonicalName() = nappatfpr.com.ak.uobtimetable.MainActivity, 
08-04 00:08:33.462 29917 29917 D Nappa   : setCurrentActivity - MetricStrategyAccuracy - 
08-04 00:08:33.462 29917 29917 D Nappa   : madePredictionFromExtra = true, 
08-04 00:08:33.462 29917 29917 D Nappa   : fromActivity = nappatfpr.com.ak.uobtimetable.CourseListActivity, 
08-04 00:08:33.462 29917 29917 D Nappa   : predictedNextActivityFromExtra = [nappatfpr.com.ak.uobtimetable.MainActivity], 
08-04 00:08:33.462 29917 29917 D Nappa   : activity.getClass().getCanonicalName() = nappatfpr.com.ak.uobtimetable.MainActivity, 
08-04 00:08:33.462 29917 29917 D Nappa   : PREFETCH_ON_EXTRA - setCurrentActivity - logs - from activity - made prediction istrue
08-04 00:08:33.463 29917 29917 D Nappa   : PREFETCH_ON_EXTRA - setCurrentActivity - logs - from activity - start
08-04 00:08:33.463 29917 29917 D Nappa   : setCurrentActivity - MetricStrategyAccuracy - checking prediction VS current activity for activities
08-04 00:08:33.463 29917 29917 D Nappa   : PREFETCH_ON_EXTRA - setCurrentActivity - logs - from activity- finished
08-04 00:08:33.563 29917 29917 D Nappa   : registerActivity: (already in) nappatfpr.com.ak.uobtimetable.MainActivity
08-04 00:08:33.564 29917 29917 D Nappa   : SHOULD_PREFETCH true
08-04 00:08:33.664 29917 29917 D Nappa   : registerActivity: (already in) nappatfpr.com.ak.uobtimetable.MainActivity
08-04 00:08:33.664 29917 29917 D Nappa   : SUCCESSORS nappatfpr.com.ak.uobtimetable.WelcomeActivity
08-04 00:08:33.664 29917 29917 D Nappa   : STATS Number of requests not prefetched: 2
08-04 00:08:33.664 29917 29917 D Nappa   : STATS Number of requests prefetched: 0
08-04 00:08:33.664 29917 29917 D Nappa   : STATS Time saved until now: 0.0
08-04 00:08:33.863 29917 29937 D Nappa   : PREFETCH_ON_EXTRA - setCurrentActivity - logs - from extra - made prediction istrue
08-04 00:08:33.863 29917 29937 D Nappa   : PREFETCH_ON_EXTRA - setCurrentActivity - logs - from extra - start
08-04 00:08:33.863 29917 29937 D Nappa   : setCurrentActivity - MetricStrategyAccuracy - checking prediction VS current activity for extras
08-04 00:08:33.864 29917 29937 D Nappa   : PREFETCH_ON_EXTRA - setCurrentActivity - logs - from extra- finished
08-04 00:08:34.164 29917 29937 D Nappa   : PREFETCH_ON_EXTRA - setCurrentActivity - starting new prediction
08-04 00:08:34.164 29917 29937 D Nappa   : Current node - currentActivityName - nappatfpr.com.ak.uobtimetable.MainActivity
08-04 00:08:34.164 29917 29937 D Nappa   : Current node - activityGraph.getCurrent() - nappatfpr.com.ak.uobtimetable.MainActivity
08-04 00:08:34.168 29917 29937 D Nappa   : PREFETCH_ON_EXTRA - setCurrentActivity - finished new prediction
08-04 00:08:43.244 29917 29917 D Nappa   : Stayed on nappatfpr.com.ak.uobtimetable.MainActivity for 9580 ms
08-04 00:08:43.279 29917 30635 D Nappa   : TAG okHttpClient initialized
08-04 00:08:43.279 29917 29917 D Nappa   : setCurrentActivity - MetricStrategyAccuracy - 
08-04 00:08:43.279 29917 29917 D Nappa   : madePredictionFromActivity = true, 
08-04 00:08:43.279 29917 29917 D Nappa   : fromActivity = nappatfpr.com.ak.uobtimetable.MainActivity, 
08-04 00:08:43.279 29917 29917 D Nappa   : predictedNextActivityFromActivity = [nappatfpr.com.ak.uobtimetable.WelcomeActivity], 
08-04 00:08:43.279 29917 29917 D Nappa   : activity.getClass().getCanonicalName() = nappatfpr.com.ak.uobtimetable.CourseListActivity, 
08-04 00:08:43.279 29917 29917 D Nappa   : setCurrentActivity - MetricStrategyAccuracy - 
08-04 00:08:43.279 29917 29917 D Nappa   : madePredictionFromExtra = false, 
08-04 00:08:43.279 29917 29917 D Nappa   : fromActivity = nappatfpr.com.ak.uobtimetable.MainActivity, 
08-04 00:08:43.279 29917 29917 D Nappa   : predictedNextActivityFromExtra = [], 
08-04 00:08:43.279 29917 29917 D Nappa   : activity.getClass().getCanonicalName() = nappatfpr.com.ak.uobtimetable.CourseListActivity, 
08-04 00:08:43.279 29917 29917 D Nappa   : PREFETCH_ON_EXTRA - setCurrentActivity - logs - from activity - made prediction istrue
08-04 00:08:43.279 29917 29917 D Nappa   : PREFETCH_ON_EXTRA - setCurrentActivity - logs - from activity - start
08-04 00:08:43.279 29917 29917 D Nappa   : setCurrentActivity - MetricStrategyAccuracy - checking prediction VS current activity for activities
08-04 00:08:43.279 29917 29917 D Nappa   : PREFETCH_ON_EXTRA - setCurrentActivity - logs - from activity- finished
08-04 00:08:43.280 29917 30635 D Nappa   : F1_SCORE add_intercept_url - (already in) - https://uob-timetable-api.adriankeenan.co.uk/courses
08-04 00:08:43.280 29917 30635 D Nappa   : F1_SCORE add_fn_url - (already in) - https://uob-timetable-api.adriankeenan.co.uk/courses
08-04 00:08:43.280 29917 30635 D Nappa   : -------------F1_SCORE #5 -----------
08-04 00:08:43.280 29917 30635 D Nappa   : F1_SCORE - Intercept list (2)= [https://uob-timetable-api.adriankeenan.co.uk/courses, https://uob-timetable-api.adriankeenan.co.uk/sessions?dept=BD002&course=CFIEFAAF%2F02AA%2F0%2FFT&level=ALL+Courses]
08-04 00:08:43.280 29917 30635 D Nappa   : F1_SCORE - Prefetch list (0)= []
08-04 00:08:43.280 29917 30635 D Nappa   : F1_SCORE - TP list (0)= []
08-04 00:08:43.280 29917 30635 D Nappa   : F1_SCORE - FN list (2)= [https://uob-timetable-api.adriankeenan.co.uk/courses, https://uob-timetable-api.adriankeenan.co.uk/sessions?dept=BD002&course=CFIEFAAF%2F02AA%2F0%2FFT&level=ALL+Courses]
08-04 00:08:43.380 29917 29917 D Nappa   : registerActivity: (already in) nappatfpr.com.ak.uobtimetable.CourseListActivity
08-04 00:08:43.380 29917 29937 D Nappa   : registerActivity: (already in) nappatfpr.com.ak.uobtimetable.CourseListActivity
08-04 00:08:43.380 29917 29917 D Nappa   : SHOULD_PREFETCH false
08-04 00:08:43.380 29917 29917 D Nappa   : STATS Number of requests not prefetched: 2
08-04 00:08:43.380 29917 29937 D Nappa   : PARENTS 
08-04 00:08:43.380 29917 29937 D Nappa   : Of: nappatfpr.com.ak.uobtimetable.CourseListActivity -> 
08-04 00:08:43.380 29917 29917 D Nappa   : STATS Number of requests prefetched: 1
08-04 00:08:43.380 29917 29937 D Nappa   : PARENTS nappatfpr.com.ak.uobtimetable.WelcomeActivity
08-04 00:08:43.380 29917 29917 D Nappa   : STATS Time saved until now: 0.032
08-04 00:08:43.380 29917 29937 D Nappa   : PARENTS nappatfpr.com.ak.uobtimetable.MainActivity
08-04 00:08:43.380 29917 29937 D Nappa   : PARENTS nappatfpr.com.ak.uobtimetable.CourseListActivity
08-04 00:08:43.380 29917 29937 D Nappa   : PARENTS has extra: (forceRefreshSessions, true)
08-04 00:08:43.680 29917 29937 D Nappa   : PREFETCH_ON_EXTRA - setCurrentActivity - logs - from extra - made prediction isfalse
08-04 00:08:59.061 29917 29937 D Nappa   : PREFETCH_ON_EXTRA - notifyExtras- start
08-04 00:08:59.066 29917 29937 D Nappa   : PREFETCH_ON_EXTRA - notifyExtras- end
08-04 00:08:59.066 29917 29937 D Nappa   : PREFSTRAT2 ADDING NEW ACTEXTRADATA
08-04 00:08:59.078 29917 29917 D Nappa   : Stayed on nappatfpr.com.ak.uobtimetable.CourseListActivity for 15698 ms
08-04 00:08:59.200 29917 30941 D Nappa   : TAG okHttpClient initialized
08-04 00:08:59.204 29917 30941 D Nappa   : F1_SCORE add_intercept_url - (new) - https://uob-timetable-api.adriankeenan.co.uk/sessions?dept=CM010&course=BSAIFAAF%2F02AA%2F0%2FFT&level=Foundation+Year
08-04 00:08:59.204 29917 30941 D Nappa   : F1_SCORE add_fn_url - (new) - https://uob-timetable-api.adriankeenan.co.uk/sessions?dept=CM010&course=BSAIFAAF%2F02AA%2F0%2FFT&level=Foundation+Year
08-04 00:08:59.204 29917 30941 D Nappa   : -------------F1_SCORE #7 -----------
08-04 00:08:59.204 29917 30941 D Nappa   : F1_SCORE - Intercept list (3)= [https://uob-timetable-api.adriankeenan.co.uk/courses, https://uob-timetable-api.adriankeenan.co.uk/sessions?dept=BD002&course=CFIEFAAF%2F02AA%2F0%2FFT&level=ALL+Courses, https://uob-timetable-api.adriankeenan.co.uk/sessions?dept=CM010&course=BSAIFAAF%2F02AA%2F0%2FFT&level=Foundation+Year]
08-04 00:08:59.204 29917 30941 D Nappa   : F1_SCORE - Prefetch list (0)= []
08-04 00:08:59.204 29917 30941 D Nappa   : F1_SCORE - TP list (0)= []
08-04 00:08:59.204 29917 30941 D Nappa   : F1_SCORE - FN list (3)= [https://uob-timetable-api.adriankeenan.co.uk/courses, https://uob-timetable-api.adriankeenan.co.uk/sessions?dept=BD002&course=CFIEFAAF%2F02AA%2F0%2FFT&level=ALL+Courses, https://uob-timetable-api.adriankeenan.co.uk/sessions?dept=CM010&course=BSAIFAAF%2F02AA%2F0%2FFT&level=Foundation+Year]
08-04 00:08:59.227 29917 29917 D Nappa   : setCurrentActivity - MetricStrategyAccuracy - 
08-04 00:08:59.227 29917 29917 D Nappa   : madePredictionFromActivity = false, 
08-04 00:08:59.227 29917 29917 D Nappa   : fromActivity = nappatfpr.com.ak.uobtimetable.CourseListActivity, 
08-04 00:08:59.227 29917 29917 D Nappa   : predictedNextActivityFromActivity = [], 
08-04 00:08:59.227 29917 29917 D Nappa   : activity.getClass().getCanonicalName() = nappatfpr.com.ak.uobtimetable.MainActivity, 
08-04 00:08:59.228 29917 29917 D Nappa   : setCurrentActivity - MetricStrategyAccuracy - 
08-04 00:08:59.228 29917 29917 D Nappa   : madePredictionFromExtra = true, 
08-04 00:08:59.228 29917 29917 D Nappa   : fromActivity = nappatfpr.com.ak.uobtimetable.CourseListActivity, 
08-04 00:08:59.228 29917 29917 D Nappa   : predictedNextActivityFromExtra = [nappatfpr.com.ak.uobtimetable.MainActivity], 
08-04 00:08:59.228 29917 29917 D Nappa   : activity.getClass().getCanonicalName() = nappatfpr.com.ak.uobtimetable.MainActivity, 
08-04 00:08:59.228 29917 29917 D Nappa   : PREFETCH_ON_EXTRA - setCurrentActivity - logs - from activity - made prediction isfalse
08-04 00:08:59.304 29917 29937 D Nappa   : registerActivity: (already in) nappatfpr.com.ak.uobtimetable.CourseListActivity
08-04 00:08:59.304 29917 29937 D Nappa   : PARENTS 
08-04 00:08:59.304 29917 29937 D Nappa   : Of: nappatfpr.com.ak.uobtimetable.CourseListActivity -> 
08-04 00:08:59.304 29917 29937 D Nappa   : PARENTS nappatfpr.com.ak.uobtimetable.WelcomeActivity
08-04 00:08:59.304 29917 29937 D Nappa   : PARENTS nappatfpr.com.ak.uobtimetable.MainActivity
08-04 00:08:59.304 29917 29937 D Nappa   : PARENTS nappatfpr.com.ak.uobtimetable.CourseListActivity
08-04 00:08:59.304 29917 29937 D Nappa   : PARENTS has extra: (forceRefreshSessions, true)
08-04 00:08:59.328 29917 29917 D Nappa   : registerActivity: (already in) nappatfpr.com.ak.uobtimetable.MainActivity
08-04 00:08:59.329 29917 29917 D Nappa   : SHOULD_PREFETCH true
08-04 00:08:59.429 29917 29917 D Nappa   : registerActivity: (already in) nappatfpr.com.ak.uobtimetable.MainActivity
08-04 00:08:59.429 29917 29917 D Nappa   : SUCCESSORS nappatfpr.com.ak.uobtimetable.WelcomeActivity
08-04 00:08:59.429 29917 29917 D Nappa   : STATS Number of requests not prefetched: 2
08-04 00:08:59.429 29917 29917 D Nappa   : STATS Number of requests prefetched: 1
08-04 00:08:59.429 29917 29917 D Nappa   : STATS Time saved until now: 0.032
08-04 00:08:59.615 29917 29917 D Nappa   : TAG okHttpClient initialized
08-04 00:08:59.628 29917 29937 D Nappa   : PREFETCH_ON_EXTRA - setCurrentActivity - logs - from extra - made prediction istrue
08-04 00:08:59.628 29917 29937 D Nappa   : PREFETCH_ON_EXTRA - setCurrentActivity - logs - from extra - start
08-04 00:08:59.628 29917 29937 D Nappa   : setCurrentActivity - MetricStrategyAccuracy - checking prediction VS current activity for extras
08-04 00:08:59.629 29917 29937 D Nappa   : PREFETCH_ON_EXTRA - setCurrentActivity - logs - from extra- finished
08-04 00:08:59.929 29917 29937 D Nappa   : PREFETCH_ON_EXTRA - setCurrentActivity - starting new prediction
08-04 00:08:59.930 29917 29937 D Nappa   : Current node - currentActivityName - nappatfpr.com.ak.uobtimetable.MainActivity
08-04 00:08:59.930 29917 29937 D Nappa   : Current node - activityGraph.getCurrent() - nappatfpr.com.ak.uobtimetable.MainActivity
08-04 00:08:59.934 29917 29937 D Nappa   : PREFETCH_ON_EXTRA - setCurrentActivity - finished new prediction
08-04 00:09:05.715 29917 29917 D Nappa   : Stayed on nappatfpr.com.ak.uobtimetable.MainActivity for 6286 ms
08-04 00:09:05.753 29917 31079 D Nappa   : TAG okHttpClient initialized
08-04 00:09:05.753 29917 29917 D Nappa   : setCurrentActivity - MetricStrategyAccuracy - 
08-04 00:09:05.753 29917 29917 D Nappa   : madePredictionFromActivity = true, 
08-04 00:09:05.753 29917 29917 D Nappa   : fromActivity = nappatfpr.com.ak.uobtimetable.MainActivity, 
08-04 00:09:05.753 29917 29917 D Nappa   : predictedNextActivityFromActivity = [nappatfpr.com.ak.uobtimetable.WelcomeActivity], 
08-04 00:09:05.753 29917 29917 D Nappa   : activity.getClass().getCanonicalName() = nappatfpr.com.ak.uobtimetable.CourseListActivity, 
08-04 00:09:05.753 29917 29917 D Nappa   : setCurrentActivity - MetricStrategyAccuracy - 
08-04 00:09:05.753 29917 29917 D Nappa   : madePredictionFromExtra = false, 
08-04 00:09:05.753 29917 29917 D Nappa   : fromActivity = nappatfpr.com.ak.uobtimetable.MainActivity, 
08-04 00:09:05.753 29917 29917 D Nappa   : predictedNextActivityFromExtra = [], 
08-04 00:09:05.753 29917 29917 D Nappa   : activity.getClass().getCanonicalName() = nappatfpr.com.ak.uobtimetable.CourseListActivity, 
08-04 00:09:05.753 29917 29917 D Nappa   : PREFETCH_ON_EXTRA - setCurrentActivity - logs - from activity - made prediction istrue
08-04 00:09:05.753 29917 29917 D Nappa   : PREFETCH_ON_EXTRA - setCurrentActivity - logs - from activity - start
08-04 00:09:05.753 29917 29917 D Nappa   : setCurrentActivity - MetricStrategyAccuracy - checking prediction VS current activity for activities
08-04 00:09:05.753 29917 29917 D Nappa   : PREFETCH_ON_EXTRA - setCurrentActivity - logs - from activity- finished
08-04 00:09:05.754 29917 31079 D Nappa   : F1_SCORE add_intercept_url - (already in) - https://uob-timetable-api.adriankeenan.co.uk/courses
08-04 00:09:05.754 29917 31079 D Nappa   : F1_SCORE add_fn_url - (already in) - https://uob-timetable-api.adriankeenan.co.uk/courses
08-04 00:09:05.754 29917 31079 D Nappa   : -------------F1_SCORE #9 -----------
08-04 00:09:05.754 29917 31079 D Nappa   : F1_SCORE - Intercept list (3)= [https://uob-timetable-api.adriankeenan.co.uk/courses, https://uob-timetable-api.adriankeenan.co.uk/sessions?dept=BD002&course=CFIEFAAF%2F02AA%2F0%2FFT&level=ALL+Courses, https://uob-timetable-api.adriankeenan.co.uk/sessions?dept=CM010&course=BSAIFAAF%2F02AA%2F0%2FFT&level=Foundation+Year]
08-04 00:09:05.754 29917 31079 D Nappa   : F1_SCORE - Prefetch list (0)= []
08-04 00:09:05.754 29917 31079 D Nappa   : F1_SCORE - TP list (0)= []
08-04 00:09:05.754 29917 31079 D Nappa   : F1_SCORE - FN list (3)= [https://uob-timetable-api.adriankeenan.co.uk/courses, https://uob-timetable-api.adriankeenan.co.uk/sessions?dept=BD002&course=CFIEFAAF%2F02AA%2F0%2FFT&level=ALL+Courses, https://uob-timetable-api.adriankeenan.co.uk/sessions?dept=CM010&course=BSAIFAAF%2F02AA%2F0%2FFT&level=Foundation+Year]
08-04 00:09:05.854 29917 29917 D Nappa   : registerActivity: (already in) nappatfpr.com.ak.uobtimetable.CourseListActivity
08-04 00:09:05.854 29917 29917 D Nappa   : SHOULD_PREFETCH false
08-04 00:09:05.854 29917 29917 D Nappa   : STATS Number of requests not prefetched: 3
08-04 00:09:05.854 29917 29937 D Nappa   : registerActivity: (already in) nappatfpr.com.ak.uobtimetable.CourseListActivity
08-04 00:09:05.854 29917 29917 D Nappa   : STATS Number of requests prefetched: 2
08-04 00:09:05.854 29917 29937 D Nappa   : PARENTS 
08-04 00:09:05.854 29917 29937 D Nappa   : Of: nappatfpr.com.ak.uobtimetable.CourseListActivity -> 
08-04 00:09:05.854 29917 29917 D Nappa   : STATS Time saved until now: 0.064
08-04 00:09:05.854 29917 29937 D Nappa   : PARENTS nappatfpr.com.ak.uobtimetable.WelcomeActivity
08-04 00:09:05.854 29917 29937 D Nappa   : PARENTS nappatfpr.com.ak.uobtimetable.MainActivity
08-04 00:09:05.854 29917 29937 D Nappa   : PARENTS nappatfpr.com.ak.uobtimetable.CourseListActivity
08-04 00:09:05.854 29917 29937 D Nappa   : PARENTS has extra: (forceRefreshSessions, true)
08-04 00:09:06.154 29917 29937 D Nappa   : PREFETCH_ON_EXTRA - setCurrentActivity - logs - from extra - made prediction isfalse
08-04 00:09:14.401 29917 29937 D Nappa   : PREFETCH_ON_EXTRA - notifyExtras- start
08-04 00:09:14.404 29917 29937 D Nappa   : PREFETCH_ON_EXTRA - notifyExtras- end
08-04 00:09:14.404 29917 29937 D Nappa   : PREFSTRAT2 ADDING NEW ACTEXTRADATA
08-04 00:09:14.417 29917 29917 D Nappa   : Stayed on nappatfpr.com.ak.uobtimetable.CourseListActivity for 8563 ms
08-04 00:09:14.540 29917 31223 D Nappa   : TAG okHttpClient initialized
08-04 00:09:14.541 29917 31223 D Nappa   : F1_SCORE add_intercept_url - (already in) - https://uob-timetable-api.adriankeenan.co.uk/sessions?dept=CM010&course=BSAIFAAF%2F02AA%2F0%2FFT&level=Foundation+Year
08-04 00:09:14.541 29917 31223 D Nappa   : F1_SCORE add_fn_url - (already in) - https://uob-timetable-api.adriankeenan.co.uk/sessions?dept=CM010&course=BSAIFAAF%2F02AA%2F0%2FFT&level=Foundation+Year
08-04 00:09:14.542 29917 31223 D Nappa   : -------------F1_SCORE #11 -----------
08-04 00:09:14.542 29917 31223 D Nappa   : F1_SCORE - Intercept list (3)= [https://uob-timetable-api.adriankeenan.co.uk/courses, https://uob-timetable-api.adriankeenan.co.uk/sessions?dept=BD002&course=CFIEFAAF%2F02AA%2F0%2FFT&level=ALL+Courses, https://uob-timetable-api.adriankeenan.co.uk/sessions?dept=CM010&course=BSAIFAAF%2F02AA%2F0%2FFT&level=Foundation+Year]
08-04 00:09:14.542 29917 31223 D Nappa   : F1_SCORE - Prefetch list (0)= []
08-04 00:09:14.542 29917 31223 D Nappa   : F1_SCORE - TP list (0)= []
08-04 00:09:14.543 29917 31223 D Nappa   : F1_SCORE - FN list (3)= [https://uob-timetable-api.adriankeenan.co.uk/courses, https://uob-timetable-api.adriankeenan.co.uk/sessions?dept=BD002&course=CFIEFAAF%2F02AA%2F0%2FFT&level=ALL+Courses, https://uob-timetable-api.adriankeenan.co.uk/sessions?dept=CM010&course=BSAIFAAF%2F02AA%2F0%2FFT&level=Foundation+Year]
08-04 00:09:14.556 29917 29917 D Nappa   : setCurrentActivity - MetricStrategyAccuracy - 
08-04 00:09:14.556 29917 29917 D Nappa   : madePredictionFromActivity = false, 
08-04 00:09:14.556 29917 29917 D Nappa   : fromActivity = nappatfpr.com.ak.uobtimetable.CourseListActivity, 
08-04 00:09:14.556 29917 29917 D Nappa   : predictedNextActivityFromActivity = [], 
08-04 00:09:14.556 29917 29917 D Nappa   : activity.getClass().getCanonicalName() = nappatfpr.com.ak.uobtimetable.MainActivity, 
08-04 00:09:14.556 29917 29917 D Nappa   : setCurrentActivity - MetricStrategyAccuracy - 
08-04 00:09:14.556 29917 29917 D Nappa   : madePredictionFromExtra = true, 
08-04 00:09:14.556 29917 29917 D Nappa   : fromActivity = nappatfpr.com.ak.uobtimetable.CourseListActivity, 
08-04 00:09:14.556 29917 29917 D Nappa   : predictedNextActivityFromExtra = [nappatfpr.com.ak.uobtimetable.MainActivity], 
08-04 00:09:14.556 29917 29917 D Nappa   : activity.getClass().getCanonicalName() = nappatfpr.com.ak.uobtimetable.MainActivity, 
08-04 00:09:14.556 29917 29917 D Nappa   : PREFETCH_ON_EXTRA - setCurrentActivity - logs - from activity - made prediction isfalse
08-04 00:09:14.642 29917 29937 D Nappa   : registerActivity: (already in) nappatfpr.com.ak.uobtimetable.CourseListActivity
08-04 00:09:14.642 29917 29937 D Nappa   : PARENTS 
08-04 00:09:14.642 29917 29937 D Nappa   : Of: nappatfpr.com.ak.uobtimetable.CourseListActivity -> 
08-04 00:09:14.642 29917 29937 D Nappa   : PARENTS nappatfpr.com.ak.uobtimetable.WelcomeActivity
08-04 00:09:14.642 29917 29937 D Nappa   : PARENTS nappatfpr.com.ak.uobtimetable.MainActivity
08-04 00:09:14.642 29917 29937 D Nappa   : PARENTS nappatfpr.com.ak.uobtimetable.CourseListActivity
08-04 00:09:14.642 29917 29937 D Nappa   : PARENTS has extra: (forceRefreshSessions, true)
08-04 00:09:14.657 29917 29917 D Nappa   : registerActivity: (already in) nappatfpr.com.ak.uobtimetable.MainActivity
08-04 00:09:14.658 29917 29917 D Nappa   : SHOULD_PREFETCH true
08-04 00:09:14.758 29917 29917 D Nappa   : registerActivity: (already in) nappatfpr.com.ak.uobtimetable.MainActivity
08-04 00:09:14.758 29917 29917 D Nappa   : SUCCESSORS nappatfpr.com.ak.uobtimetable.WelcomeActivity
08-04 00:09:14.758 29917 29917 D Nappa   : STATS Number of requests not prefetched: 3
08-04 00:09:14.758 29917 29917 D Nappa   : STATS Number of requests prefetched: 3
08-04 00:09:14.758 29917 29917 D Nappa   : STATS Time saved until now: 0.09200001
08-04 00:09:14.857 29917 29917 D Nappa   : TAG okHttpClient initialized
08-04 00:09:14.958 29917 29937 D Nappa   : PREFETCH_ON_EXTRA - setCurrentActivity - logs - from extra - made prediction istrue
08-04 00:09:14.958 29917 29937 D Nappa   : PREFETCH_ON_EXTRA - setCurrentActivity - logs - from extra - start
08-04 00:09:14.958 29917 29937 D Nappa   : setCurrentActivity - MetricStrategyAccuracy - checking prediction VS current activity for extras
08-04 00:09:14.959 29917 29937 D Nappa   : PREFETCH_ON_EXTRA - setCurrentActivity - logs - from extra- finished
08-04 00:09:15.258 29917 29937 D Nappa   : PREFETCH_ON_EXTRA - setCurrentActivity - starting new prediction
08-04 00:09:15.258 29917 29937 D Nappa   : Current node - currentActivityName - nappatfpr.com.ak.uobtimetable.MainActivity
08-04 00:09:15.258 29917 29937 D Nappa   : Current node - activityGraph.getCurrent() - nappatfpr.com.ak.uobtimetable.MainActivity
08-04 00:09:15.264 29917 29937 D Nappa   : PREFETCH_ON_EXTRA - setCurrentActivity - finished new prediction
