--------- beginning of main
08-04 03:21:45.148  3784  3784 D CarrierServiceBindHelper: Receive action: android.intent.action.PACKAGE_REMOVED
08-04 03:21:45.164   918  6029 I AccountManagerService: getTypesVisibleToCaller: isPermitted? true
08-04 03:21:45.167 24365 15461 I Fitness : FitCleanupIntentOperation received Intent android.intent.action.PACKAGE_REMOVED [CONTEXT service_id=17 ]
08-04 03:21:45.168   918   930 W ResourceType: ResTable_typeSpec entry count inconsistent: given 37, previously 42
08-04 03:21:45.168   918   930 W ResourceType: ResTable_typeSpec entry count inconsistent: given 2527, previously 2530
08-04 03:21:45.169   918   930 W ResourceType: ResTable_typeSpec entry count inconsistent: given 2542, previously 2545
08-04 03:21:45.169   918   930 W ResourceType: ResTable_typeSpec entry count inconsistent: given 303, previously 1691
08-04 03:21:45.182   918  5132 I AccountManagerService: getTypesVisibleToCaller: isPermitted? true
08-04 03:21:45.189 23593 23593 I Finsky  : [1] uah.a(18): PackageMonitorReceiverImpl - Received: android.intent.action.PACKAGE_REMOVED, [CFjXe5fo2ooiLur0Ju3smv2h5qnGgIsGl5_C_SkJu8g]
08-04 03:21:45.189 23593 23593 I Finsky  : [1] ubi.d(9): Invalidating cached PackageState for baseline.de.danoeh.antennapod.debug
08-04 03:21:45.191  3784  3784 D CarrierServiceBindHelper: Receive action: android.intent.action.PACKAGE_ADDED
08-04 03:21:45.191  3784  3784 D CarrierServiceBindHelper: Receive action: android.intent.action.PACKAGE_REPLACED
08-04 03:21:45.192  3784  3784 D CarrierServiceBindHelper: mHandler: 3
08-04 03:21:45.192  3784  3784 D CarrierServiceBindHelper: mHandler: 3
08-04 03:21:45.192  3784  3784 D CarrierServiceBindHelper: mHandler: 3
08-04 03:21:45.192  3784  3784 D CarrierConfigLoader: mHandler: 9 phoneId: 0
08-04 03:21:45.215 23593 23593 I Finsky  : [1] lzi.c(2): Frosting ID looked up on UI thread. Caller should move to a background thread.
08-04 03:21:45.247 23593 23593 I Finsky  : [1] nqb.c(3): Installer: package baseline.de.danoeh.antennapod.debug was removed. replacing: true
08-04 03:21:45.248 23593 23593 I Finsky  : [1] nra.a(188): Installer: Notifying status update. package=baseline.de.danoeh.antennapod.debug, status=UNINSTALLED
08-04 03:21:45.275 23593 23593 I Finsky  : [1] lzi.c(2): Frosting ID looked up on UI thread. Caller should move to a background thread.
08-04 03:21:45.288 23593 15476 I Finsky  : [5746] ejf.a(-1): Cancelled 0 ongoing asset module downloads for package baseline.de.danoeh.antennapod.debug due to a concurrent app update.
08-04 03:21:45.289 23593 23593 I Finsky  : [1] nra.a(220): Installer: found apps to install. isMultiUserMode=false, apps=[]
08-04 03:21:45.303 23593 23822 I Finsky  : [5682] odj.b(52): IQ: Notifying installation update. package=baseline.de.danoeh.antennapod.debug, status=UNINSTALLED
08-04 03:21:45.375 23593 15471 I Finsky  : [5744] lyv.run(-1): Wrote row to frosting DB: 2194
08-04 03:21:45.376 24577 15473 I Auth    : [SupervisedAccountIntentOperation] onHandleIntent(): android.intent.action.PACKAGE_ADDED
08-04 03:21:45.378 24577 15474 I ChromeSync: [Sync,SyncIntentOperation] Handling the intent: Intent { act=android.intent.action.PACKAGE_ADDED dat=package:baseline.de.danoeh.antennapod.debug flg=0x4000010 cmp=com.google.android.gms/.chimera.GmsIntentOperationService (has extras) }.
08-04 03:21:45.414 23593 23593 I Finsky  : [1] uah.a(18): PackageMonitorReceiverImpl - Received: android.intent.action.PACKAGE_ADDED, [CFjXe5fo2ooiLur0Ju3smv2h5qnGgIsGl5_C_SkJu8g]
08-04 03:21:45.414 23593 23593 I Finsky  : [1] ubi.d(9): Invalidating cached PackageState for baseline.de.danoeh.antennapod.debug
--------- beginning of system
08-04 03:21:45.444   918  3670 W ActivityManager: Unable to start service Intent { act=com.google.android.gms.auth.key.retrieval.service.START pkg=com.google.android.gms } U=0: not found
08-04 03:21:45.464 23593 23593 I Finsky  : [1] lzi.c(2): Frosting ID looked up on UI thread. Caller should move to a background thread.
08-04 03:21:45.491 23593 23593 I Finsky  : [1] agsx.a(4): Do not start WearSupportService due to Wear service optimization
08-04 03:21:45.494 23593 15476 I Finsky  : [5746] ejc.a(-1): Asset module broadcast after update successful for package baseline.de.danoeh.antennapod.debug. 0 sessions broadcast.
08-04 03:21:45.495   918  3670 W ActivityManager: Unbind failed: could not find connection for android.os.BinderProxy@2a18196
08-04 03:21:45.509 23593 15475 I Finsky  : [5745] gzn.a(-1): [ContentSync] finished, scheduled=false
08-04 03:21:45.521 24577 24621 E GmsClient: unable to connect to service: com.google.android.gms.auth.key.retrieval.service.START on com.google.android.gms
08-04 03:21:45.526 23593 23822 I Finsky  : [5682] odj.b(40): IQ: No matching installs to run for jobs: []
08-04 03:21:45.534 23593 23593 I Finsky  : [1] lzi.c(2): Frosting ID looked up on UI thread. Caller should move to a background thread.
08-04 03:21:45.573   918  4413 I AccountManagerService: getTypesVisibleToCaller: isPermitted? true
08-04 03:21:45.579 24577 15474 I ChromeSync: [Persistence,AffiliationManager] One of affiliation or grouping data for android://bz0hZa4nAJEtd0n5sRlXG7KAqctUMWVefv7Ki4mh1p6slZ9YO-n9gS9j8m9YCrsIyI2wIxrDHraumF9Y6pBLTA==@baseline.de.danoeh.antennapod.debug/ was not found. Marking affiliation data as stale...
08-04 03:21:45.677 23593 15471 I Finsky  : [5744] lyv.run(-1): Wrote row to frosting DB: 2195
08-04 03:21:45.701   918  4400 I AccountManagerService: getTypesVisibleToCaller: isPermitted? true
08-04 03:21:45.727 15487 15487 D AndroidRuntime: >>>>>> START com.android.internal.os.RuntimeInit uid 2000 <<<<<<
08-04 03:21:45.731 15487 15487 D AndroidRuntime: CheckJNI is OFF
08-04 03:21:45.752 23593 23593 I Finsky  : [1] xmu.a(8): SCH: Jobs in database: 1-1337 3-183 3-184 12-1 24-77777777 26-1414141414 
08-04 03:21:45.754 23593 23593 I Finsky  : [1] xio.a(57): SCH: ConstraintMapping: 24-77777777,  -> L: 0ms, D: 64095084ms, C: false, I: true, N: 0
08-04 03:21:45.755 23593 23593 I Finsky  : [1] xio.a(57): SCH: ConstraintMapping: 1-1337, 12-1,  -> L: 14517ms, D: 24247156ms, C: false, I: false, N: 1
08-04 03:21:45.755 23593 23593 I Finsky  : [1] xio.a(57): SCH: ConstraintMapping: 3-183,  -> L: 0ms, D: 84696593ms, C: false, I: true, N: 2
08-04 03:21:45.755 23593 23593 I Finsky  : [1] xio.a(57): SCH: ConstraintMapping: 3-184,  -> L: 0ms, D: 84696674ms, C: true, I: true, N: 2
08-04 03:21:45.755 15487 15487 D ICU     : No timezone override file found: /data/misc/zoneinfo/current/icu/icu_tzdata.dat
08-04 03:21:45.756 23593 23593 I Finsky  : [1] xio.a(57): SCH: ConstraintMapping: 26-1414141414,  -> L: 28324710ms, D: 29224710ms, C: false, I: false, N: 0
08-04 03:21:45.759 23593 15475 I Finsky  : [5745] gzn.a(-1): [ContentSync] finished, scheduled=true
08-04 03:21:45.772 23593 23593 I Finsky  : [1] xle.a(34): Cancelling existing jobscheduler jobs: 9003 9004 9010 9007 9005 9006 9008 9013 9002 9001 
08-04 03:21:45.773 23593 23593 I Finsky  : [1] xle.a(27): Scheduling job Id: 9000, L: 0, D: 64095084, C: false, I: true, N: 0
08-04 03:21:45.780 15487 15487 I Radio-JNI: register_android_hardware_Radio DONE
08-04 03:21:45.782 23593 23593 I Finsky  : [1] xle.a(27): Scheduling job Id: 9009, L: 14517, D: 24247156, C: false, I: false, N: 1
08-04 03:21:45.785 23593 23593 I Finsky  : [1] xle.a(27): Scheduling job Id: 9011, L: 0, D: 84696593, C: false, I: true, N: 2
08-04 03:21:45.787 23593 23593 I Finsky  : [1] xle.a(27): Scheduling job Id: 9012, L: 0, D: 84696674, C: true, I: true, N: 2
08-04 03:21:45.789 23593 23593 I Finsky  : [1] xle.a(27): Scheduling job Id: 9014, L: 28324710, D: 29224710, C: false, I: false, N: 0
08-04 03:21:45.796 23593 23593 I Finsky  : [1] xle.a(27): Scheduling job Id: 9015, L: 0, D: 64095084, C: false, I: true, N: 0
08-04 03:21:45.797 15487 15487 D AndroidRuntime: Calling main entry com.android.commands.monkey.Monkey
08-04 03:21:45.798 23593 23593 I Finsky  : [1] xle.a(27): Scheduling job Id: 9016, L: 14517, D: 24247156, C: false, I: false, N: 1
08-04 03:21:45.799 23593 23593 I Finsky  : [1] xle.a(27): Scheduling job Id: 9017, L: 0, D: 84696593, C: false, I: true, N: 2
08-04 03:21:45.801 23593 23593 I Finsky  : [1] xle.a(27): Scheduling job Id: 9018, L: 0, D: 84696674, C: true, I: true, N: 2
08-04 03:21:45.802 23593 15471 I Finsky  : [5744] lyv.run(-1): Wrote row to frosting DB: 2196
08-04 03:21:45.804 23593 23593 I Finsky  : [1] xle.a(27): Scheduling job Id: 9019, L: 28324710, D: 29224710, C: false, I: false, N: 0
08-04 03:21:45.811   918   931 W BroadcastQueue: Skipping deliver [background] BroadcastRecord{9b9f021 u-1 android.net.conn.CONNECTIVITY_CHANGE} to ReceiverList{5db7c46 15487 (unknown name)/2000/u-1 remote:d7d5a2b}: process crashing
08-04 03:21:45.826   918   928 I ActivityManager: START u0 {act=android.intent.action.MAIN cat=[android.intent.category.LAUNCHER] flg=0x10200000 cmp=baseline.de.danoeh.antennapod.debug/baseline.de.danoeh.antennapod.activity.SplashActivity} from uid 2000 on display 0
08-04 03:21:45.851   918   932 I sensors : batch
08-04 03:21:45.855 23593 15471 I Finsky  : [5744] lyv.run(-1): Wrote row to frosting DB: 2197
08-04 03:21:45.860   918  3188 I hubconnection: sensorhub said: 'batch 31 flags:0, sampling_rate_Hz:15.00, max_report_latency_us:0'
08-04 03:21:45.880   918  4400 I ActivityManager: Start proc 15503:baseline.de.danoeh.antennapod.debug/u0a670 for activity baseline.de.danoeh.antennapod.debug/baseline.de.danoeh.antennapod.activity.SplashActivity
08-04 03:21:45.881 15503 15503 I art     : Late-enabling -Xcheck:jni
08-04 03:21:45.890   918   932 I sensors : flush
08-04 03:21:45.891 15487 15487 I art     : System.exit called, status: 0
08-04 03:21:45.891 15487 15487 I AndroidRuntime: VM exiting with result code 0.
08-04 03:21:45.893   918  3696 I AccountManagerService: getTypesVisibleToCaller: isPermitted? true
08-04 03:21:45.896 24577 13316 I Icing   : IndexChimeraService.getServiceInterface callingPackage=com.google.android.gms componentName=AppsCorpus serviceId=36
08-04 03:21:45.898   918  3188 I hubconnection: sensorhub said: 'flush 31'
08-04 03:21:45.898   918  3188 I hubconnection: saw sensor 31 flushed
08-04 03:21:45.934 15503 15503 W System  : ClassLoader referenced unknown path: /data/app/baseline.de.danoeh.antennapod.debug-2/lib/arm64
08-04 03:21:45.934  6202 13432 I PBSessionCacheImpl: Deleted sessionId[27278280657311515] from persistence.
08-04 03:21:45.939  6202  6241 W SearchServiceCore: Abort, client detached.
08-04 03:21:45.940 24577 16235 W Icing   : No valid account for uploading user actions
08-04 03:21:45.940  6202  6241 I MicroDetectionState: Should stop hotword detection immediately - true
08-04 03:21:45.948 15503 15503 D UserPreferences: Creating new instance of UserPreferences
08-04 03:21:45.949 15503 15503 D UserPreferences: Using default data folder
08-04 03:21:45.953 15503 15503 D UserPreferences: Import directory already exists
08-04 03:21:45.954 15503 15503 D UpdateManager: old: -1, current: 1070296
08-04 03:21:45.957 24577 13316 I Icing   : IndexChimeraService.getServiceInterface callingPackage=com.google.android.gms componentName=null serviceId=30
08-04 03:21:45.957 15503 15503 D SleepTimerPreferences: Creating new instance of SleepTimerPreferences
08-04 03:21:45.971 15503 15503 D SPAUtil : Sending SP_APPS_QUERY_FEEDS intent
08-04 03:21:45.998 15503 15503 W art     : Before Android 4.1, method android.graphics.PorterDuffColorFilter androidx.vectordrawable.graphics.drawable.VectorDrawableCompat.updateTintFilter(android.graphics.PorterDuffColorFilter, android.content.res.ColorStateList, android.graphics.PorterDuff$Mode) would have incorrectly overridden the package-private method in android.graphics.drawable.Drawable
08-04 03:21:46.002 24577 16235 I Icing   : Usage reports ok 2, Failed Usage reports 0, indexed 0, rejected 0
08-04 03:21:46.005 24577 16235 W Icing   : No valid account for uploading user actions
08-04 03:21:46.016 24577 16235 I Icing   : Usage reports ok 0, Failed Usage reports 0, indexed 0, rejected 0
08-04 03:21:46.017 24577 16235 I Icing   : Indexing com.google.android.gms-internal.3p:MobileApplication from com.google.android.gms using seqno 763
08-04 03:21:46.020 24577 16235 I Icing   : Indexing com.google.android.gms-internal.3p:MobileApplication from com.google.android.gms using seqno 763
08-04 03:21:46.026 15503 15503 I art     : Rejecting re-init on previously-failed class java.lang.Class<androidx.core.view.ViewCompat$2>
08-04 03:21:46.026 15503 15503 I art     : Rejecting re-init on previously-failed class java.lang.Class<androidx.core.view.ViewCompat$2>
08-04 03:21:46.049 24577 13316 I Icing   : IndexChimeraService.getServiceInterface callingPackage=com.google.android.gms componentName=null serviceId=36
08-04 03:21:46.053 24577 16235 W Icing   : No valid account for uploading user actions
08-04 03:21:46.056 15503 15529 D OpenGLRenderer: Use EGL_SWAP_BEHAVIOR_PRESERVED: true
08-04 03:21:46.067 24577 16235 I Icing   : Usage reports ok 0, Failed Usage reports 0, indexed 0, rejected 0
08-04 03:21:46.086 15503 15529 I Adreno  : QUALCOMM build                   : fcf4852, I1af360237c
08-04 03:21:46.086 15503 15529 I Adreno  : Build Date                       : 09/23/15
08-04 03:21:46.086 15503 15529 I Adreno  : OpenGL ES Shader Compiler Version: XE031.05.13.02
08-04 03:21:46.086 15503 15529 I Adreno  : Local Branch                     : mybranch14465806
08-04 03:21:46.086 15503 15529 I Adreno  : Remote Branch                    : quic/LA.BF64.1.2.9_v2
08-04 03:21:46.086 15503 15529 I Adreno  : Remote Branch                    : NONE
08-04 03:21:46.086 15503 15529 I Adreno  : Reconstruct Branch               : NOTHING
08-04 03:21:46.090 15503 15529 I OpenGLRenderer: Initialized EGL, version 1.4
08-04 03:21:46.118   918  5481 I ActivityManager: START u0 {cmp=baseline.de.danoeh.antennapod.debug/baseline.de.danoeh.antennapod.activity.MainActivity} from uid 10670 on display 0
08-04 03:21:46.120 13866 13866 I GoogleInputMethodServic: GoogleInputMethodService.onFinishInput():3138 
08-04 03:21:46.121 13866 13866 I GoogleInputMethodServic: GoogleInputMethodService.onStartInput():1808 
08-04 03:21:46.224 15503 15503 D UserPreferences: Using default data folder
08-04 03:21:46.262 15503 15503 D MainActivity: getLastNavFragment() -> QueueFragment
08-04 03:21:46.263 15503 15503 D MainActivity: loadFragment(tag: QueueFragment, args: null)
08-04 03:21:46.267 15503 15503 D MainActivity: saveLastNavFragment(tag: QueueFragment)
08-04 03:21:46.268 15503 15503 D MainActivity: getLastNavFragment() -> QueueFragment
08-04 03:21:46.269 15503 15503 D UserPreferences: timeOfDay: []
08-04 03:21:46.272 15503 15503 D AutoUpdateManager: Restarting update alarm.
08-04 03:21:46.273 15503 15503 D AutoUpdateManager: Changed alarm to new interval 12 h
08-04 03:21:46.293 15503 15503 D UserPreferences: timeOfDay: []
08-04 03:21:46.293 15503 15503 D AutoUpdateManager: Restarting update alarm.
08-04 03:21:46.294 15503 15503 D AutoUpdateManager: Changed alarm to new interval 12 h
08-04 03:21:46.336 15503 15503 D ExternalPlayerFragment: Loading media info
08-04 03:21:46.339 15503 15503 D QueueFragment: loadItems()
08-04 03:21:46.343 15503 15528 D DBReader: getQueue() called
08-04 03:21:46.343 15503 15528 D DBReader: getQueue()
08-04 03:21:46.344 15503 15528 D DBReader: getFavoriteIDList() called
08-04 03:21:46.345 15503 15528 D DBReader: getQueueIDList() called
08-04 03:21:46.345 15503 15528 D DBReader: Extracting Feedlist
08-04 03:21:46.348 15503 15503 V PlaybackController: initServiceNotRunning()
08-04 03:21:46.348 15503 15503 D ExternalPlayerFragment: Loading media info
08-04 03:21:46.354 15503 15503 D UserPreferences: Using default data folder
08-04 03:21:46.357 15503 15503 D AutoUpdateManager: last refresh: 443473 hours 21 minutes ago
08-04 03:21:46.358 15503 15528 D DBReader: getNavDrawerData() called with: 
08-04 03:21:46.363 15503 15528 D DBReader: getDownloadedItems() called
08-04 03:21:46.364 15503 15528 D DBReader: getFavoriteIDList() called
08-04 03:21:46.366 15503 15528 D DBReader: getQueueIDList() called
08-04 03:21:46.367 15503 15528 D DBReader: Extracting Feedlist
08-04 03:21:46.379   380   380 W SurfaceFlinger: couldn't log to binary event log: overflow.
08-04 03:21:46.478 15503 15503 D MainActivity: getLastNavFragment() -> QueueFragment
08-04 03:21:46.479 15503 15503 D MainActivity: handleNavIntent()
08-04 03:21:46.566   918   936 I ActivityManager: Displayed baseline.de.danoeh.antennapod.debug/baseline.de.danoeh.antennapod.activity.MainActivity: +362ms (total +699ms)
08-04 03:21:46.567 13866 13866 I GoogleInputMethodServic: GoogleInputMethodService.onFinishInput():3138 
08-04 03:21:46.568 13866 13866 I GoogleInputMethodServic: GoogleInputMethodService.onStartInput():1808 
08-04 03:21:46.597 29532 29532 W PathParser: Points are too far apart 4.030360828967057
08-04 03:21:46.597 29532 29532 W PathParser: Points are too far apart 4.030360538880159
08-04 03:21:46.614 29532 29532 W PathParser: Points are too far apart 4.030360828967057
08-04 03:21:46.615 29532 29532 W PathParser: Points are too far apart 4.030360538880159
08-04 03:21:46.630 29532 29532 W PathParser: Points are too far apart 4.030360828967057
08-04 03:21:46.632 29532 29532 W PathParser: Points are too far apart 4.030360538880159
08-04 03:21:46.647 29532 29532 W PathParser: Points are too far apart 4.030360828967057
08-04 03:21:46.647 29532 29532 W PathParser: Points are too far apart 4.030360538880159
08-04 03:21:46.664 29532 29532 W PathParser: Points are too far apart 4.030360828967057
08-04 03:21:46.664 29532 29532 W PathParser: Points are too far apart 4.030360538880159
08-04 03:21:46.681 29532 29532 W PathParser: Points are too far apart 4.030360828967057
08-04 03:21:46.681 29532 29532 W PathParser: Points are too far apart 4.030360538880159
08-04 03:21:46.697 29532 29532 W PathParser: Points are too far apart 4.030360828967057
08-04 03:21:46.697 29532 29532 W PathParser: Points are too far apart 4.030360538880159
08-04 03:21:46.714 29532 29532 W PathParser: Points are too far apart 4.030360828967057
08-04 03:21:46.714 29532 29532 W PathParser: Points are too far apart 4.030360538880159
08-04 03:21:47.007 24577 16235 I Icing   : Indexing com.google.android.gms-apps from com.google.android.gms
08-04 03:21:47.098 24577 16235 I Icing   : Indexing done com.google.android.gms-apps
08-04 03:21:47.369 15503 15556 D DBReader: Extracting Feedlist
08-04 03:21:47.371 15503 15556 D FlattrUtils: Retrieving access token
08-04 03:21:47.371 15503 15556 D FlattrUtils: No access token found
08-04 03:21:47.374 15503 15556 I art     : Rejecting re-init on previously-failed class java.lang.Class<androidx.core.app.JobIntentService$JobServiceEngineImpl>
08-04 03:21:47.374 15503 15556 I art     : Rejecting re-init on previously-failed class java.lang.Class<androidx.core.app.JobIntentService$JobServiceEngineImpl>
08-04 03:21:47.375 15503 15556 I art     : Rejecting re-init on previously-failed class java.lang.Class<androidx.core.app.SafeJobIntentService$SafeJobServiceEngineImpl>
08-04 03:21:47.375 15503 15556 I art     : Rejecting re-init on previously-failed class java.lang.Class<androidx.core.app.SafeJobIntentService$SafeJobServiceEngineImpl>
08-04 03:21:47.453 15553 15553 D AndroidRuntime: >>>>>> START com.android.internal.os.RuntimeInit uid 2000 <<<<<<
08-04 03:21:47.458 15553 15553 D AndroidRuntime: CheckJNI is OFF
08-04 03:21:47.490 15553 15553 D ICU     : No timezone override file found: /data/misc/zoneinfo/current/icu/icu_tzdata.dat
08-04 03:21:47.523 15553 15553 I Radio-JNI: register_android_hardware_Radio DONE
08-04 03:21:47.539 15553 15553 D AndroidRuntime: Calling main entry com.android.commands.am.Am
08-04 03:21:47.545  8825  8825 I Trepn   : Trepn 6.2s: Received intent: com.quicinc.trepn.start_profiling
08-04 03:21:47.690  8825  8825 W FileUtils: Failed to chmod(/storage/emulated/0/trepn/Trepn_2020.08.04_032147.db): android.system.ErrnoException: chmod failed: EPERM (Operation not permitted)
08-04 03:21:47.836 13866 13866 I GoogleInputMethodServic: GoogleInputMethodService.onFinishInput():3138 
08-04 03:21:47.847 13866 13866 I GoogleInputMethodServic: GoogleInputMethodService.onStartInput():1808 
08-04 03:21:47.904  8825  8825 I Trepn   : Trepn 6.2s: Trepn has Started Profiling.
08-04 03:21:47.906 15553 15553 D AndroidRuntime: Shutting down VM
08-04 03:21:48.370 15503 15515 I art     : Starting a blocking GC Explicit
08-04 03:21:48.389 15503 15515 I art     : Explicit concurrent mark sweep GC freed 3867(282KB) AllocSpace objects, 1(20KB) LOS objects, 40% free, 23MB/38MB, paused 181us total 18.277ms
08-04 03:21:48.396 15503 15515 I art     : Starting a blocking GC Explicit
08-04 03:21:48.410 15503 15515 I art     : Explicit concurrent mark sweep GC freed 2265(140KB) AllocSpace objects, 2(588KB) LOS objects, 40% free, 22MB/37MB, paused 144us total 13.086ms
08-04 03:21:48.416 15503 15515 I art     : Starting a blocking GC Explicit
08-04 03:21:48.429 15503 15515 I art     : Explicit concurrent mark sweep GC freed 8(256B) AllocSpace objects, 0(0B) LOS objects, 40% free, 22MB/37MB, paused 137us total 12.873ms
08-04 03:21:48.436 15503 15515 I art     : Starting a blocking GC Explicit
08-04 03:21:48.448 15503 15515 I art     : Explicit concurrent mark sweep GC freed 3(96B) AllocSpace objects, 0(0B) LOS objects, 40% free, 22MB/37MB, paused 140us total 12.697ms
08-04 03:21:48.455 15503 15515 I art     : Starting a blocking GC Explicit
08-04 03:21:48.468 15503 15515 I art     : Explicit concurrent mark sweep GC freed 3(96B) AllocSpace objects, 0(0B) LOS objects, 40% free, 22MB/37MB, paused 138us total 12.738ms
08-04 03:21:48.749 15503 15519 I art     : Starting a blocking GC Explicit
08-04 03:21:48.766 15503 15519 I art     : Explicit concurrent mark sweep GC freed 1370(82KB) AllocSpace objects, 1(20KB) LOS objects, 40% free, 22MB/37MB, paused 207us total 16.321ms
08-04 03:21:48.777 15503 15519 I art     : Starting a blocking GC Explicit
08-04 03:21:48.793 15503 15519 I art     : Explicit concurrent mark sweep GC freed 23(752B) AllocSpace objects, 0(0B) LOS objects, 40% free, 22MB/37MB, paused 153us total 15.484ms
08-04 03:21:48.799 15503 15519 I art     : Starting a blocking GC Explicit
08-04 03:21:48.811 15503 15519 I art     : Explicit concurrent mark sweep GC freed 3(96B) AllocSpace objects, 0(0B) LOS objects, 40% free, 22MB/37MB, paused 142us total 12.169ms
08-04 03:21:48.817 15503 15519 I art     : Starting a blocking GC Explicit
08-04 03:21:48.830 15503 15519 I art     : Explicit concurrent mark sweep GC freed 3(96B) AllocSpace objects, 0(0B) LOS objects, 40% free, 22MB/37MB, paused 136us total 12.165ms
08-04 03:21:48.836 15503 15519 I art     : Starting a blocking GC Explicit
08-04 03:21:48.848 15503 15519 I art     : Explicit concurrent mark sweep GC freed 3(96B) AllocSpace objects, 0(0B) LOS objects, 40% free, 22MB/37MB, paused 141us total 12.343ms
08-04 03:21:49.128 15503 15530 I art     : Starting a blocking GC Explicit
08-04 03:21:49.144 15503 15530 I art     : Explicit concurrent mark sweep GC freed 1387(80KB) AllocSpace objects, 1(20KB) LOS objects, 40% free, 22MB/37MB, paused 206us total 15.703ms
08-04 03:21:49.151 15503 15530 I art     : Starting a blocking GC Explicit
08-04 03:21:49.164 15503 15530 I art     : Explicit concurrent mark sweep GC freed 23(752B) AllocSpace objects, 0(0B) LOS objects, 40% free, 22MB/37MB, paused 155us total 12.880ms
08-04 03:21:49.171 15503 15530 I art     : Starting a blocking GC Explicit
08-04 03:21:49.183 15503 15530 I art     : Explicit concurrent mark sweep GC freed 3(96B) AllocSpace objects, 0(0B) LOS objects, 40% free, 22MB/37MB, paused 154us total 11.933ms
08-04 03:21:49.189 15503 15530 I art     : Starting a blocking GC Explicit
08-04 03:21:49.201 15503 15530 I art     : Explicit concurrent mark sweep GC freed 3(96B) AllocSpace objects, 0(0B) LOS objects, 40% free, 22MB/37MB, paused 143us total 12.029ms
08-04 03:21:49.207 15503 15530 I art     : Starting a blocking GC Explicit
08-04 03:21:49.219 15503 15530 I art     : Explicit concurrent mark sweep GC freed 3(96B) AllocSpace objects, 0(0B) LOS objects, 40% free, 22MB/37MB, paused 158us total 12.090ms
08-04 03:21:49.525 15503 15519 I art     : Starting a blocking GC Explicit
08-04 03:21:49.541 15503 15519 I art     : Explicit concurrent mark sweep GC freed 1376(80KB) AllocSpace objects, 1(20KB) LOS objects, 40% free, 22MB/37MB, paused 183us total 15.746ms
08-04 03:21:49.548 15503 15519 I art     : Starting a blocking GC Explicit
08-04 03:21:49.564 15503 15519 I art     : Explicit concurrent mark sweep GC freed 25(816B) AllocSpace objects, 0(0B) LOS objects, 40% free, 22MB/37MB, paused 157us total 15.429ms
08-04 03:21:49.571 15503 15519 I art     : Starting a blocking GC Explicit
08-04 03:21:49.585 15503 15519 I art     : Explicit concurrent mark sweep GC freed 6(192B) AllocSpace objects, 0(0B) LOS objects, 40% free, 22MB/37MB, paused 189us total 13.688ms
08-04 03:21:49.591 15503 15519 I art     : Starting a blocking GC Explicit
08-04 03:21:49.603 15503 15519 I art     : Explicit concurrent mark sweep GC freed 5(160B) AllocSpace objects, 0(0B) LOS objects, 40% free, 22MB/37MB, paused 136us total 11.693ms
08-04 03:21:49.610 15503 15519 I art     : Starting a blocking GC Explicit
08-04 03:21:49.623 15503 15519 I art     : Explicit concurrent mark sweep GC freed 6(192B) AllocSpace objects, 0(0B) LOS objects, 40% free, 22MB/37MB, paused 153us total 12.112ms
08-04 03:21:49.925 15503 15530 I art     : Starting a blocking GC Explicit
08-04 03:21:49.944 15503 15530 I art     : Explicit concurrent mark sweep GC freed 1360(79KB) AllocSpace objects, 1(20KB) LOS objects, 40% free, 22MB/37MB, paused 218us total 18.818ms
08-04 03:21:49.952 15503 15530 I art     : Starting a blocking GC Explicit
08-04 03:21:49.966 15503 15530 I art     : Explicit concurrent mark sweep GC freed 23(752B) AllocSpace objects, 0(0B) LOS objects, 40% free, 22MB/37MB, paused 168us total 13.539ms
08-04 03:21:49.972 15503 15530 I art     : Starting a blocking GC Explicit
08-04 03:21:49.985 15503 15530 I art     : Explicit concurrent mark sweep GC freed 3(96B) AllocSpace objects, 0(0B) LOS objects, 40% free, 22MB/37MB, paused 159us total 12.810ms
08-04 03:21:49.992 15503 15530 I art     : Starting a blocking GC Explicit
08-04 03:21:50.004 15503 15530 I art     : Explicit concurrent mark sweep GC freed 3(96B) AllocSpace objects, 0(0B) LOS objects, 40% free, 22MB/37MB, paused 153us total 12.325ms
08-04 03:21:50.010 15503 15530 I art     : Starting a blocking GC Explicit
08-04 03:21:50.023 15503 15530 I art     : Explicit concurrent mark sweep GC freed 3(96B) AllocSpace objects, 0(0B) LOS objects, 40% free, 22MB/37MB, paused 157us total 12.513ms
08-04 03:21:50.348 15503 15519 I art     : Starting a blocking GC Explicit
08-04 03:21:50.367 15503 15519 I art     : Explicit concurrent mark sweep GC freed 1385(81KB) AllocSpace objects, 1(20KB) LOS objects, 40% free, 22MB/37MB, paused 205us total 18.896ms
08-04 03:21:50.377 15503 15519 I art     : Starting a blocking GC Explicit
08-04 03:21:50.392 15503 15519 I art     : Explicit concurrent mark sweep GC freed 23(752B) AllocSpace objects, 0(0B) LOS objects, 40% free, 22MB/37MB, paused 153us total 14.257ms
08-04 03:21:50.398 15503 15519 I art     : Starting a blocking GC Explicit
08-04 03:21:50.410 15503 15519 I art     : Explicit concurrent mark sweep GC freed 3(96B) AllocSpace objects, 0(0B) LOS objects, 40% free, 22MB/37MB, paused 150us total 12.266ms
08-04 03:21:50.417 15503 15519 I art     : Starting a blocking GC Explicit
08-04 03:21:50.429 15503 15519 I art     : Explicit concurrent mark sweep GC freed 3(96B) AllocSpace objects, 0(0B) LOS objects, 40% free, 22MB/37MB, paused 142us total 12.643ms
08-04 03:21:50.435 15503 15519 I art     : Starting a blocking GC Explicit
08-04 03:21:50.448 15503 15519 I art     : Explicit concurrent mark sweep GC freed 3(96B) AllocSpace objects, 0(0B) LOS objects, 40% free, 22MB/37MB, paused 152us total 12.284ms
08-04 03:21:50.749 15503 15515 I art     : Starting a blocking GC Explicit
08-04 03:21:50.768 15503 15515 I art     : Explicit concurrent mark sweep GC freed 1360(81KB) AllocSpace objects, 1(20KB) LOS objects, 40% free, 22MB/37MB, paused 173us total 18.932ms
08-04 03:21:50.779 15503 15515 I art     : Starting a blocking GC Explicit
08-04 03:21:50.796 15503 15515 I art     : Explicit concurrent mark sweep GC freed 23(752B) AllocSpace objects, 0(0B) LOS objects, 40% free, 22MB/37MB, paused 155us total 16.115ms
08-04 03:21:50.803 15503 15515 I art     : Starting a blocking GC Explicit
08-04 03:21:50.816 15503 15515 I art     : Explicit concurrent mark sweep GC freed 3(96B) AllocSpace objects, 0(0B) LOS objects, 40% free, 22MB/37MB, paused 145us total 12.785ms
08-04 03:21:50.822 15503 15515 I art     : Starting a blocking GC Explicit
08-04 03:21:50.835 15503 15515 I art     : Explicit concurrent mark sweep GC freed 3(96B) AllocSpace objects, 0(0B) LOS objects, 40% free, 22MB/37MB, paused 135us total 12.630ms
08-04 03:21:50.842 15503 15515 I art     : Starting a blocking GC Explicit
08-04 03:21:50.854 15503 15515 I art     : Explicit concurrent mark sweep GC freed 3(96B) AllocSpace objects, 0(0B) LOS objects, 40% free, 22MB/37MB, paused 147us total 12.203ms
08-04 03:21:51.165 15503 15530 I art     : Starting a blocking GC Explicit
08-04 03:21:51.189 15503 15530 I art     : Explicit concurrent mark sweep GC freed 1386(82KB) AllocSpace objects, 1(20KB) LOS objects, 40% free, 22MB/37MB, paused 209us total 22.874ms
08-04 03:21:51.200 15503 15530 I art     : Starting a blocking GC Explicit
08-04 03:21:51.217 15503 15530 I art     : Explicit concurrent mark sweep GC freed 23(752B) AllocSpace objects, 0(0B) LOS objects, 40% free, 22MB/37MB, paused 211us total 16.443ms
08-04 03:21:51.225 15503 15530 I art     : Starting a blocking GC Explicit
08-04 03:21:51.238 15503 15530 I art     : Explicit concurrent mark sweep GC freed 3(96B) AllocSpace objects, 0(0B) LOS objects, 40% free, 22MB/37MB, paused 153us total 12.985ms
08-04 03:21:51.244 15503 15530 I art     : Starting a blocking GC Explicit
08-04 03:21:51.257 15503 15530 I art     : Explicit concurrent mark sweep GC freed 3(96B) AllocSpace objects, 0(0B) LOS objects, 40% free, 22MB/37MB, paused 150us total 12.611ms
08-04 03:21:51.264 15503 15530 I art     : Starting a blocking GC Explicit
08-04 03:21:51.277 15503 15530 I art     : Explicit concurrent mark sweep GC freed 3(96B) AllocSpace objects, 0(0B) LOS objects, 40% free, 22MB/37MB, paused 157us total 12.327ms
08-04 03:21:51.596 15503 15519 I art     : Starting a blocking GC Explicit
08-04 03:21:51.615 15503 15519 I art     : Explicit concurrent mark sweep GC freed 1358(79KB) AllocSpace objects, 1(20KB) LOS objects, 40% free, 22MB/37MB, paused 217us total 18.662ms
08-04 03:21:51.625 15503 15519 I art     : Starting a blocking GC Explicit
08-04 03:21:51.642 15503 15519 I art     : Explicit concurrent mark sweep GC freed 23(752B) AllocSpace objects, 0(0B) LOS objects, 40% free, 22MB/37MB, paused 153us total 15.973ms
08-04 03:21:51.648 15503 15519 I art     : Starting a blocking GC Explicit
08-04 03:21:51.660 15503 15519 I art     : Explicit concurrent mark sweep GC freed 3(96B) AllocSpace objects, 0(0B) LOS objects, 40% free, 22MB/37MB, paused 145us total 12.291ms
08-04 03:21:51.667 15503 15519 I art     : Starting a blocking GC Explicit
08-04 03:21:51.679 15503 15519 I art     : Explicit concurrent mark sweep GC freed 3(96B) AllocSpace objects, 0(0B) LOS objects, 40% free, 22MB/37MB, paused 139us total 12.313ms
08-04 03:21:51.685 15503 15519 I art     : Starting a blocking GC Explicit
08-04 03:21:51.697 15503 15519 I art     : Explicit concurrent mark sweep GC freed 3(96B) AllocSpace objects, 0(0B) LOS objects, 40% free, 22MB/37MB, paused 162us total 11.607ms
08-04 03:21:51.963 15503 15515 I art     : Starting a blocking GC Explicit
08-04 03:21:51.979 15503 15515 I art     : Explicit concurrent mark sweep GC freed 1358(79KB) AllocSpace objects, 1(20KB) LOS objects, 40% free, 22MB/37MB, paused 171us total 15.285ms
08-04 03:21:51.986 15503 15515 I art     : Starting a blocking GC Explicit
08-04 03:21:52.000 15503 15515 I art     : Explicit concurrent mark sweep GC freed 23(752B) AllocSpace objects, 0(0B) LOS objects, 40% free, 22MB/37MB, paused 148us total 13.569ms
08-04 03:21:52.006 15503 15515 I art     : Starting a blocking GC Explicit
08-04 03:21:52.020 15503 15515 I art     : Explicit concurrent mark sweep GC freed 3(96B) AllocSpace objects, 0(0B) LOS objects, 40% free, 22MB/37MB, paused 145us total 12.879ms
08-04 03:21:52.026 15503 15515 I art     : Starting a blocking GC Explicit
08-04 03:21:52.039 15503 15515 I art     : Explicit concurrent mark sweep GC freed 3(96B) AllocSpace objects, 0(0B) LOS objects, 40% free, 22MB/37MB, paused 139us total 12.634ms
08-04 03:21:52.045 15503 15515 I art     : Starting a blocking GC Explicit
08-04 03:21:52.058 15503 15515 I art     : Explicit concurrent mark sweep GC freed 30(832B) AllocSpace objects, 0(0B) LOS objects, 40% free, 22MB/37MB, paused 130us total 12.820ms
08-04 03:21:52.339 15503 15530 I art     : Starting a blocking GC Explicit
08-04 03:21:52.354 15503 15530 I art     : Explicit concurrent mark sweep GC freed 1357(79KB) AllocSpace objects, 1(20KB) LOS objects, 40% free, 22MB/37MB, paused 176us total 15.131ms
08-04 03:21:52.361 15503 15530 I art     : Starting a blocking GC Explicit
08-04 03:21:52.375 15503 15530 I art     : Explicit concurrent mark sweep GC freed 23(752B) AllocSpace objects, 0(0B) LOS objects, 40% free, 22MB/37MB, paused 159us total 13.276ms
08-04 03:21:52.381 15503 15530 I art     : Starting a blocking GC Explicit
08-04 03:21:52.394 15503 15530 I art     : Explicit concurrent mark sweep GC freed 3(96B) AllocSpace objects, 0(0B) LOS objects, 40% free, 22MB/37MB, paused 157us total 13.056ms
08-04 03:21:52.401 15503 15530 I art     : Starting a blocking GC Explicit
08-04 03:21:52.413 15503 15530 I art     : Explicit concurrent mark sweep GC freed 3(96B) AllocSpace objects, 0(0B) LOS objects, 40% free, 22MB/37MB, paused 165us total 12.451ms
08-04 03:21:52.420 15503 15530 I art     : Starting a blocking GC Explicit
08-04 03:21:52.433 15503 15530 I art     : Explicit concurrent mark sweep GC freed 3(96B) AllocSpace objects, 0(0B) LOS objects, 40% free, 22MB/37MB, paused 158us total 12.794ms
08-04 03:21:52.581 15415 15415 I ServiceManager: Waiting for service AtCmdFwd...
08-04 03:21:52.706 15503 15519 I art     : Starting a blocking GC Explicit
08-04 03:21:52.720 15503 15519 I art     : Explicit concurrent mark sweep GC freed 1358(79KB) AllocSpace objects, 1(20KB) LOS objects, 40% free, 22MB/37MB, paused 191us total 13.765ms
08-04 03:21:52.727 15503 15519 I art     : Starting a blocking GC Explicit
08-04 03:21:52.740 15503 15519 I art     : Explicit concurrent mark sweep GC freed 23(752B) AllocSpace objects, 0(0B) LOS objects, 40% free, 22MB/37MB, paused 146us total 12.722ms
08-04 03:21:52.745 15503 15519 I art     : Starting a blocking GC Explicit
08-04 03:21:52.757 15503 15519 I art     : Explicit concurrent mark sweep GC freed 3(96B) AllocSpace objects, 0(0B) LOS objects, 40% free, 22MB/37MB, paused 165us total 11.666ms
08-04 03:21:52.763 15503 15519 I art     : Starting a blocking GC Explicit
08-04 03:21:52.776 15503 15519 I art     : Explicit concurrent mark sweep GC freed 3(96B) AllocSpace objects, 0(0B) LOS objects, 40% free, 22MB/37MB, paused 145us total 12.123ms
08-04 03:21:52.781 15503 15519 I art     : Starting a blocking GC Explicit
08-04 03:21:52.793 15503 15519 I art     : Explicit concurrent mark sweep GC freed 3(96B) AllocSpace objects, 0(0B) LOS objects, 40% free, 22MB/37MB, paused 131us total 10.932ms
08-04 03:21:53.072 15503 15515 I art     : Starting a blocking GC Explicit
08-04 03:21:53.085 15708 15708 D AndroidRuntime: >>>>>> START com.android.internal.os.RuntimeInit uid 2000 <<<<<<
08-04 03:21:53.085 15503 15515 I art     : Explicit concurrent mark sweep GC freed 1384(80KB) AllocSpace objects, 1(20KB) LOS objects, 40% free, 22MB/37MB, paused 171us total 13.360ms
08-04 03:21:53.090 15708 15708 D AndroidRuntime: CheckJNI is OFF
08-04 03:21:53.092 15503 15515 I art     : Starting a blocking GC Explicit
08-04 03:21:53.105 15503 15515 I art     : Explicit concurrent mark sweep GC freed 23(752B) AllocSpace objects, 0(0B) LOS objects, 40% free, 22MB/37MB, paused 149us total 12.541ms
08-04 03:21:53.111 15503 15515 I art     : Starting a blocking GC Explicit
08-04 03:21:53.120 15708 15708 D ICU     : No timezone override file found: /data/misc/zoneinfo/current/icu/icu_tzdata.dat
08-04 03:21:53.123 15503 15515 I art     : Explicit concurrent mark sweep GC freed 3(96B) AllocSpace objects, 0(0B) LOS objects, 40% free, 22MB/37MB, paused 154us total 12.529ms
08-04 03:21:53.130 15503 15515 I art     : Starting a blocking GC Explicit
08-04 03:21:53.141 15503 15515 I art     : Explicit concurrent mark sweep GC freed 3(96B) AllocSpace objects, 0(0B) LOS objects, 40% free, 22MB/37MB, paused 148us total 11.378ms
08-04 03:21:53.145 15708 15708 I Radio-JNI: register_android_hardware_Radio DONE
08-04 03:21:53.147 15503 15515 I art     : Starting a blocking GC Explicit
08-04 03:21:53.159 15503 15515 I art     : Explicit concurrent mark sweep GC freed 3(96B) AllocSpace objects, 0(0B) LOS objects, 40% free, 22MB/37MB, paused 133us total 11.472ms
08-04 03:21:53.161 15708 15708 D AndroidRuntime: Calling main entry com.android.commands.input.Input
08-04 03:21:53.162 15708 15708 I Input   : injectMotionEvent: MotionEvent { action=ACTION_DOWN, actionButton=0, id[0]=0, x[0]=1233.0, y[0]=1274.0, toolType[0]=TOOL_TYPE_UNKNOWN, buttonState=0, metaState=0, flags=0x0, edgeFlags=0x0, pointerCount=1, historySize=0, eventTime=674529575, downTime=674529575, deviceId=0, source=0x1002 }
08-04 03:21:53.170 15708 15708 I Input   : injectMotionEvent: MotionEvent { action=ACTION_UP, actionButton=0, id[0]=0, x[0]=1233.0, y[0]=1274.0, toolType[0]=TOOL_TYPE_UNKNOWN, buttonState=0, metaState=0, flags=0x0, edgeFlags=0x0, pointerCount=1, historySize=0, eventTime=674529575, downTime=674529575, deviceId=0, source=0x1002 }
08-04 03:21:53.172 15708 15708 D AndroidRuntime: Shutting down VM
08-04 03:21:53.385 15503 15519 I art     : Starting a blocking GC Explicit
08-04 03:21:53.400 15503 15519 I art     : Explicit concurrent mark sweep GC freed 1360(79KB) AllocSpace objects, 1(20KB) LOS objects, 40% free, 22MB/37MB, paused 170us total 14.729ms
08-04 03:21:53.408 15503 15519 I art     : Starting a blocking GC Explicit
08-04 03:21:53.421 15503 15519 I art     : Explicit concurrent mark sweep GC freed 23(752B) AllocSpace objects, 0(0B) LOS objects, 40% free, 22MB/37MB, paused 141us total 12.941ms
08-04 03:21:53.427 15503 15519 I art     : Starting a blocking GC Explicit
08-04 03:21:53.440 15503 15519 I art     : Explicit concurrent mark sweep GC freed 3(96B) AllocSpace objects, 0(0B) LOS objects, 40% free, 22MB/37MB, paused 142us total 11.977ms
08-04 03:21:53.446 15503 15519 I art     : Starting a blocking GC Explicit
08-04 03:21:53.458 15503 15519 I art     : Explicit concurrent mark sweep GC freed 3(96B) AllocSpace objects, 0(0B) LOS objects, 40% free, 22MB/37MB, paused 167us total 12.176ms
08-04 03:21:53.465 15503 15519 I art     : Starting a blocking GC Explicit
08-04 03:21:53.477 15503 15519 I art     : Explicit concurrent mark sweep GC freed 3(96B) AllocSpace objects, 0(0B) LOS objects, 40% free, 22MB/37MB, paused 158us total 12.216ms
08-04 03:21:53.582 15415 15415 I ServiceManager: Waiting for service AtCmdFwd...
08-04 03:21:53.613 13866 13866 I GoogleInputMethodServic: GoogleInputMethodService.onFinishInput():3138 
08-04 03:21:53.614 13866 13866 I GoogleInputMethodServic: GoogleInputMethodService.onStartInput():1808 
08-04 03:21:53.732 15503 15530 I art     : Starting a blocking GC Explicit
08-04 03:21:53.749 15503 15530 I art     : Explicit concurrent mark sweep GC freed 1454(83KB) AllocSpace objects, 1(20KB) LOS objects, 40% free, 22MB/37MB, paused 175us total 16.891ms
08-04 03:21:53.758 15503 15530 I art     : Starting a blocking GC Explicit
08-04 03:21:53.772 15503 15530 I art     : Explicit concurrent mark sweep GC freed 31(1200B) AllocSpace objects, 0(0B) LOS objects, 40% free, 22MB/37MB, paused 160us total 13.218ms
08-04 03:21:53.778 15503 15530 I art     : Starting a blocking GC Explicit
08-04 03:21:53.792 15503 15530 I art     : Explicit concurrent mark sweep GC freed 3(96B) AllocSpace objects, 0(0B) LOS objects, 40% free, 22MB/37MB, paused 160us total 13.039ms
08-04 03:21:53.798 15503 15530 I art     : Starting a blocking GC Explicit
08-04 03:21:53.811 15503 15530 I art     : Explicit concurrent mark sweep GC freed 3(96B) AllocSpace objects, 0(0B) LOS objects, 40% free, 22MB/37MB, paused 156us total 12.841ms
08-04 03:21:53.817 15503 15530 I art     : Starting a blocking GC Explicit
08-04 03:21:53.830 15503 15530 I art     : Explicit concurrent mark sweep GC freed 3(96B) AllocSpace objects, 0(0B) LOS objects, 40% free, 22MB/37MB, paused 147us total 12.850ms
08-04 03:21:54.108 15503 15519 I art     : Starting a blocking GC Explicit
08-04 03:21:54.125 15503 15519 I art     : Explicit concurrent mark sweep GC freed 1385(80KB) AllocSpace objects, 1(20KB) LOS objects, 40% free, 22MB/37MB, paused 182us total 16.850ms
08-04 03:21:54.135 15503 15519 I art     : Starting a blocking GC Explicit
08-04 03:21:54.148 15503 15519 I art     : Explicit concurrent mark sweep GC freed 23(752B) AllocSpace objects, 0(0B) LOS objects, 40% free, 22MB/37MB, paused 155us total 13.036ms
08-04 03:21:54.154 15503 15519 I art     : Starting a blocking GC Explicit
08-04 03:21:54.167 15503 15519 I art     : Explicit concurrent mark sweep GC freed 3(96B) AllocSpace objects, 0(0B) LOS objects, 40% free, 22MB/37MB, paused 148us total 12.890ms
08-04 03:21:54.174 15503 15519 I art     : Starting a blocking GC Explicit
08-04 03:21:54.187 15503 15519 I art     : Explicit concurrent mark sweep GC freed 3(96B) AllocSpace objects, 0(0B) LOS objects, 40% free, 22MB/37MB, paused 158us total 13.105ms
08-04 03:21:54.193 15503 15519 I art     : Starting a blocking GC Explicit
08-04 03:21:54.206 15503 15519 I art     : Explicit concurrent mark sweep GC freed 3(96B) AllocSpace objects, 0(0B) LOS objects, 40% free, 22MB/37MB, paused 147us total 12.477ms
08-04 03:21:54.466 15503 15515 I art     : Starting a blocking GC Explicit
08-04 03:21:54.480 15503 15515 I art     : Explicit concurrent mark sweep GC freed 1357(79KB) AllocSpace objects, 1(20KB) LOS objects, 40% free, 22MB/37MB, paused 156us total 13.914ms
08-04 03:21:54.487 15503 15515 I art     : Starting a blocking GC Explicit
08-04 03:21:54.499 15503 15515 I art     : Explicit concurrent mark sweep GC freed 23(752B) AllocSpace objects, 0(0B) LOS objects, 40% free, 22MB/37MB, paused 153us total 12.687ms
08-04 03:21:54.506 15503 15515 I art     : Starting a blocking GC Explicit
08-04 03:21:54.518 15503 15515 I art     : Explicit concurrent mark sweep GC freed 3(96B) AllocSpace objects, 0(0B) LOS objects, 40% free, 22MB/37MB, paused 144us total 12.433ms
08-04 03:21:54.524 15503 15515 I art     : Starting a blocking GC Explicit
08-04 03:21:54.536 15503 15515 I art     : Explicit concurrent mark sweep GC freed 3(96B) AllocSpace objects, 0(0B) LOS objects, 40% free, 22MB/37MB, paused 134us total 11.890ms
08-04 03:21:54.542 15503 15515 I art     : Starting a blocking GC Explicit
08-04 03:21:54.553 15503 15515 I art     : Explicit concurrent mark sweep GC freed 3(96B) AllocSpace objects, 0(0B) LOS objects, 40% free, 22MB/37MB, paused 145us total 11.132ms
08-04 03:21:54.582 15415 15415 I ServiceManager: Waiting for service AtCmdFwd...
08-04 03:21:54.726 15767 15767 D AndroidRuntime: >>>>>> START com.android.internal.os.RuntimeInit uid 2000 <<<<<<
08-04 03:21:54.730 15767 15767 D AndroidRuntime: CheckJNI is OFF
08-04 03:21:54.755 15767 15767 D ICU     : No timezone override file found: /data/misc/zoneinfo/current/icu/icu_tzdata.dat
08-04 03:21:54.779 15767 15767 I Radio-JNI: register_android_hardware_Radio DONE
08-04 03:21:54.796 15767 15767 D AndroidRuntime: Calling main entry com.android.commands.input.Input
08-04 03:21:54.797 15767 15767 I Input   : injectMotionEvent: MotionEvent { action=ACTION_DOWN, actionButton=0, id[0]=0, x[0]=103.0, y[0]=192.0, toolType[0]=TOOL_TYPE_UNKNOWN, buttonState=0, metaState=0, flags=0x0, edgeFlags=0x0, pointerCount=1, historySize=0, eventTime=674531210, downTime=674531210, deviceId=0, source=0x1002 }
08-04 03:21:54.798 15503 15530 I art     : Starting a blocking GC Explicit
08-04 03:21:54.802 15767 15767 I Input   : injectMotionEvent: MotionEvent { action=ACTION_UP, actionButton=0, id[0]=0, x[0]=103.0, y[0]=192.0, toolType[0]=TOOL_TYPE_UNKNOWN, buttonState=0, metaState=0, flags=0x0, edgeFlags=0x0, pointerCount=1, historySize=0, eventTime=674531210, downTime=674531210, deviceId=0, source=0x1002 }
08-04 03:21:54.803 15767 15767 D AndroidRuntime: Shutting down VM
08-04 03:21:54.807   512  2967 D audio_hw_primary: out_set_parameters: enter: usecase(1: low-latency-playback) kvpairs: routing=2
08-04 03:21:54.811 15503 15530 I art     : Explicit concurrent mark sweep GC freed 1387(80KB) AllocSpace objects, 1(20KB) LOS objects, 40% free, 22MB/37MB, paused 284us total 13.566ms
08-04 03:21:54.820   512  2967 D audio_hw_primary: select_devices: out_snd_device(2: speaker) in_snd_device(0: none)
08-04 03:21:54.820   512  2967 D msm8974_platform: platform_send_audio_calibration: sending audio calibration for snd_device(2) acdb_id(15)
08-04 03:21:54.820   512  2967 I soundtrigger: audio_extn_sound_trigger_update_device_status: device 0x2 of type 0 for Event 1
08-04 03:21:54.821 15503 15530 I art     : Starting a blocking GC Explicit
08-04 03:21:54.832   512  2967 D audio_hw_primary: enable_snd_device: snd_device(2: speaker)
08-04 03:21:54.833   512  2967 D audio_hw_primary: enable_audio_route: apply and update mixer path: low-latency-playback speaker
08-04 03:21:54.834 15503 15530 I art     : Explicit concurrent mark sweep GC freed 54(1744B) AllocSpace objects, 0(0B) LOS objects, 40% free, 22MB/37MB, paused 193us total 12.934ms
08-04 03:21:54.840 15503 15530 I art     : Starting a blocking GC Explicit
08-04 03:21:54.844 13866 13866 I GoogleInputMethodServic: GoogleInputMethodService.onFinishInput():3138 
08-04 03:21:54.845 13866 13866 I GoogleInputMethodServic: GoogleInputMethodService.onStartInput():1808 
08-04 03:21:54.853 15503 15530 I art     : Explicit concurrent mark sweep GC freed 69(2864B) AllocSpace objects, 0(0B) LOS objects, 40% free, 22MB/37MB, paused 161us total 12.545ms
08-04 03:21:54.859 15503 15530 I art     : Starting a blocking GC Explicit
08-04 03:21:54.872 15503 15530 I art     : Explicit concurrent mark sweep GC freed 11(544B) AllocSpace objects, 0(0B) LOS objects, 40% free, 22MB/37MB, paused 212us total 12.035ms
08-04 03:21:54.878 15503 15530 I art     : Starting a blocking GC Explicit
08-04 03:21:54.890 15503 15530 I art     : Explicit concurrent mark sweep GC freed 385(19KB) AllocSpace objects, 0(0B) LOS objects, 40% free, 22MB/37MB, paused 144us total 11.664ms
08-04 03:21:55.117 15503 15515 I art     : Starting a blocking GC Explicit
08-04 03:21:55.130 15503 15515 I art     : Explicit concurrent mark sweep GC freed 1388(80KB) AllocSpace objects, 1(20KB) LOS objects, 40% free, 22MB/37MB, paused 143us total 12.846ms
08-04 03:21:55.136 15503 15515 I art     : Starting a blocking GC Explicit
08-04 03:21:55.149 15503 15515 I art     : Explicit concurrent mark sweep GC freed 25(816B) AllocSpace objects, 0(0B) LOS objects, 40% free, 22MB/37MB, paused 145us total 12.571ms
08-04 03:21:55.154 15503 15515 I art     : Starting a blocking GC Explicit
08-04 03:21:55.167 15503 15515 I art     : Explicit concurrent mark sweep GC freed 9(288B) AllocSpace objects, 0(0B) LOS objects, 40% free, 22MB/37MB, paused 161us total 12.789ms
08-04 03:21:55.173 15503 15515 I art     : Starting a blocking GC Explicit
08-04 03:21:55.186 15503 15515 I art     : Explicit concurrent mark sweep GC freed 3(96B) AllocSpace objects, 0(0B) LOS objects, 40% free, 22MB/37MB, paused 143us total 12.236ms
08-04 03:21:55.192 15503 15515 I art     : Starting a blocking GC Explicit
08-04 03:21:55.204 15503 15515 I art     : Explicit concurrent mark sweep GC freed 3(96B) AllocSpace objects, 0(0B) LOS objects, 40% free, 22MB/37MB, paused 139us total 12.404ms
08-04 03:21:55.352 15796 15796 D AndroidRuntime: >>>>>> START com.android.internal.os.RuntimeInit uid 2000 <<<<<<
08-04 03:21:55.356 15796 15796 D AndroidRuntime: CheckJNI is OFF
08-04 03:21:55.380 15796 15796 D ICU     : No timezone override file found: /data/misc/zoneinfo/current/icu/icu_tzdata.dat
08-04 03:21:55.388   512  2967 D audio_hw_primary: disable_audio_route: reset and update mixer path: low-latency-playback speaker
08-04 03:21:55.390   512  2967 D audio_hw_primary: disable_snd_device: snd_device(2: speaker)
08-04 03:21:55.397   512  2967 I soundtrigger: audio_extn_sound_trigger_update_device_status: device 0x2 of type 0 for Event 0
08-04 03:21:55.404 15796 15796 I Radio-JNI: register_android_hardware_Radio DONE
08-04 03:21:55.420 15796 15796 D AndroidRuntime: Calling main entry com.android.commands.input.Input
08-04 03:21:55.421 15796 15796 I Input   : injectMotionEvent: MotionEvent { action=ACTION_DOWN, actionButton=0, id[0]=0, x[0]=324.0, y[0]=2298.0, toolType[0]=TOOL_TYPE_UNKNOWN, buttonState=0, metaState=0, flags=0x0, edgeFlags=0x0, pointerCount=1, historySize=0, eventTime=674531834, downTime=674531834, deviceId=0, source=0x1002 }
08-04 03:21:55.425 15796 15796 I Input   : injectMotionEvent: MotionEvent { action=ACTION_UP, actionButton=0, id[0]=0, x[0]=324.0, y[0]=2298.0, toolType[0]=TOOL_TYPE_UNKNOWN, buttonState=0, metaState=0, flags=0x0, edgeFlags=0x0, pointerCount=1, historySize=0, eventTime=674531834, downTime=674531834, deviceId=0, source=0x1002 }
08-04 03:21:55.426 15796 15796 D AndroidRuntime: Shutting down VM
08-04 03:21:55.441   918  3714 I ActivityManager: START u0 {cmp=baseline.de.danoeh.antennapod.debug/baseline.de.danoeh.antennapod.activity.PreferenceActivity} from uid 10670 on display 0
08-04 03:21:55.442   512  2967 D audio_hw_primary: out_set_parameters: enter: usecase(1: low-latency-playback) kvpairs: routing=2
08-04 03:21:55.449 15503 15530 I art     : Starting a blocking GC Explicit
08-04 03:21:55.455   512  2967 D audio_hw_primary: select_devices: out_snd_device(2: speaker) in_snd_device(0: none)
08-04 03:21:55.455   512  2967 D msm8974_platform: platform_send_audio_calibration: sending audio calibration for snd_device(2) acdb_id(15)
08-04 03:21:55.455   512  2967 I soundtrigger: audio_extn_sound_trigger_update_device_status: device 0x2 of type 0 for Event 1
08-04 03:21:55.463 15503 15530 I art     : Explicit concurrent mark sweep GC freed 1430(105KB) AllocSpace objects, 2(40KB) LOS objects, 40% free, 22MB/37MB, paused 226us total 13.031ms
08-04 03:21:55.466   512  2967 D audio_hw_primary: enable_snd_device: snd_device(2: speaker)
08-04 03:21:55.468   512  2967 D audio_hw_primary: enable_audio_route: apply and update mixer path: low-latency-playback speaker
08-04 03:21:55.469 15503 15530 I art     : Starting a blocking GC Explicit
08-04 03:21:55.483 15503 15530 I art     : Explicit concurrent mark sweep GC freed 490(45KB) AllocSpace objects, 0(0B) LOS objects, 40% free, 22MB/37MB, paused 526us total 13.880ms
08-04 03:21:55.489 15503 15530 I art     : Starting a blocking GC Explicit
08-04 03:21:55.503 15503 15530 I art     : Explicit concurrent mark sweep GC freed 572(106KB) AllocSpace objects, 0(0B) LOS objects, 40% free, 22MB/37MB, paused 360us total 13.460ms
08-04 03:21:55.509 15503 15530 I art     : Starting a blocking GC Explicit
08-04 03:21:55.515   512  2967 D AudioFlinger: mixer(0xf4740000) throttle end: throttle time(12)
08-04 03:21:55.523 15503 15530 I art     : Explicit concurrent mark sweep GC freed 362(41KB) AllocSpace objects, 0(0B) LOS objects, 40% free, 22MB/37MB, paused 156us total 13.410ms
08-04 03:21:55.528 15503 15530 I art     : Starting a blocking GC Explicit
08-04 03:21:55.541 15503 15530 I art     : Explicit concurrent mark sweep GC freed 55(2272B) AllocSpace objects, 0(0B) LOS objects, 40% free, 22MB/37MB, paused 153us total 12.056ms
08-04 03:21:55.583 15415 15415 I ServiceManager: Waiting for service AtCmdFwd...
08-04 03:21:55.705 13866 13866 I GoogleInputMethodServic: GoogleInputMethodService.onFinishInput():3138 
08-04 03:21:55.705   918   936 I ActivityManager: Displayed baseline.de.danoeh.antennapod.debug/baseline.de.danoeh.antennapod.activity.PreferenceActivity: +242ms
08-04 03:21:55.705 13866 13866 I GoogleInputMethodServic: GoogleInputMethodService.onStartInput():1808 
08-04 03:21:55.726 15503 15529 D OpenGLRenderer: endAllStagingAnimators on 0x7f7f33e800 (RippleDrawable) with handle 0x7f7e1d9b20
08-04 03:21:55.778 15503 15515 I art     : Starting a blocking GC Explicit
08-04 03:21:55.794 15503 15515 I art     : Explicit concurrent mark sweep GC freed 3357(242KB) AllocSpace objects, 1(20KB) LOS objects, 40% free, 23MB/39MB, paused 160us total 15.842ms
08-04 03:21:55.801 15503 15515 I art     : Starting a blocking GC Explicit
08-04 03:21:55.815 15503 15515 I art     : Explicit concurrent mark sweep GC freed 223(10KB) AllocSpace objects, 0(0B) LOS objects, 40% free, 23MB/38MB, paused 140us total 14.301ms
08-04 03:21:55.822 15503 15515 I art     : Starting a blocking GC Explicit
08-04 03:21:55.836 15503 15515 I art     : Explicit concurrent mark sweep GC freed 3(96B) AllocSpace objects, 0(0B) LOS objects, 40% free, 23MB/38MB, paused 151us total 13.895ms
08-04 03:21:55.843 15503 15515 I art     : Starting a blocking GC Explicit
08-04 03:21:55.858 15503 15515 I art     : Explicit concurrent mark sweep GC freed 3(96B) AllocSpace objects, 0(0B) LOS objects, 40% free, 23MB/38MB, paused 144us total 14.246ms
08-04 03:21:55.864 15503 15515 I art     : Starting a blocking GC Explicit
08-04 03:21:55.882 15503 15515 I art     : Explicit concurrent mark sweep GC freed 3(96B) AllocSpace objects, 0(0B) LOS objects, 40% free, 23MB/38MB, paused 147us total 17.060ms
08-04 03:21:55.957   380   380 W SurfaceFlinger: couldn't log to binary event log: overflow.
08-04 03:21:56.009   512  2967 D audio_hw_primary: disable_audio_route: reset and update mixer path: low-latency-playback speaker
08-04 03:21:56.010   512  2967 D audio_hw_primary: disable_snd_device: snd_device(2: speaker)
08-04 03:21:56.018   512  2967 I soundtrigger: audio_extn_sound_trigger_update_device_status: device 0x2 of type 0 for Event 0
08-04 03:21:56.080 15503 15503 D PlaybackController: Releasing PlaybackController
08-04 03:21:56.155 15503 15530 I art     : Starting a blocking GC Explicit
08-04 03:21:56.175 15503 15530 I art     : Explicit concurrent mark sweep GC freed 1647(98KB) AllocSpace objects, 1(20KB) LOS objects, 40% free, 23MB/39MB, paused 185us total 19.428ms
08-04 03:21:56.186 15503 15530 I art     : Starting a blocking GC Explicit
08-04 03:21:56.201 15503 15530 I art     : Explicit concurrent mark sweep GC freed 63(2064B) AllocSpace objects, 0(0B) LOS objects, 40% free, 23MB/39MB, paused 159us total 14.585ms
08-04 03:21:56.207 15503 15530 I art     : Starting a blocking GC Explicit
08-04 03:21:56.222 15503 15530 I art     : Explicit concurrent mark sweep GC freed 3(96B) AllocSpace objects, 0(0B) LOS objects, 40% free, 23MB/39MB, paused 150us total 14.052ms
08-04 03:21:56.228 15503 15530 I art     : Starting a blocking GC Explicit
08-04 03:21:56.242 15503 15530 I art     : Explicit concurrent mark sweep GC freed 3(96B) AllocSpace objects, 0(0B) LOS objects, 40% free, 23MB/39MB, paused 150us total 14.049ms
08-04 03:21:56.248 15503 15530 I art     : Starting a blocking GC Explicit
08-04 03:21:56.263 15503 15530 I art     : Explicit concurrent mark sweep GC freed 3(96B) AllocSpace objects, 0(0B) LOS objects, 40% free, 23MB/39MB, paused 156us total 14.371ms
08-04 03:21:56.535 15503 15519 I art     : Starting a blocking GC Explicit
08-04 03:21:56.553 15503 15519 I art     : Explicit concurrent mark sweep GC freed 1360(80KB) AllocSpace objects, 1(20KB) LOS objects, 40% free, 23MB/39MB, paused 169us total 17.836ms
08-04 03:21:56.560 15503 15519 I art     : Starting a blocking GC Explicit
08-04 03:21:56.576 15503 15519 I art     : Explicit concurrent mark sweep GC freed 23(752B) AllocSpace objects, 0(0B) LOS objects, 40% free, 23MB/39MB, paused 159us total 15.549ms
08-04 03:21:56.583 15503 15519 I art     : Starting a blocking GC Explicit
08-04 03:21:56.583 15415 15415 I ServiceManager: Waiting for service AtCmdFwd...
08-04 03:21:56.598 15503 15519 I art     : Explicit concurrent mark sweep GC freed 3(96B) AllocSpace objects, 0(0B) LOS objects, 40% free, 23MB/39MB, paused 149us total 15.233ms
08-04 03:21:56.605 15503 15519 I art     : Starting a blocking GC Explicit
08-04 03:21:56.620 15503 15519 I art     : Explicit concurrent mark sweep GC freed 3(96B) AllocSpace objects, 0(0B) LOS objects, 40% free, 23MB/39MB, paused 175us total 14.930ms
08-04 03:21:56.620 15503 15514 I art     : WaitForGcToComplete blocked for 5.020ms for cause HeapTrim
08-04 03:21:56.627 15503 15519 I art     : Starting a blocking GC Explicit
08-04 03:21:56.642 15503 15519 I art     : Explicit concurrent mark sweep GC freed 3(96B) AllocSpace objects, 0(0B) LOS objects, 40% free, 23MB/39MB, paused 152us total 14.681ms
08-04 03:21:56.889 15503 15515 I art     : Starting a blocking GC Explicit
08-04 03:21:56.904 15503 15515 I art     : Explicit concurrent mark sweep GC freed 1360(80KB) AllocSpace objects, 1(20KB) LOS objects, 40% free, 23MB/39MB, paused 150us total 15.200ms
08-04 03:21:56.911 15503 15515 I art     : Starting a blocking GC Explicit
08-04 03:21:56.926 15503 15515 I art     : Explicit concurrent mark sweep GC freed 23(752B) AllocSpace objects, 0(0B) LOS objects, 40% free, 23MB/39MB, paused 155us total 14.898ms
08-04 03:21:56.932 15503 15515 I art     : Starting a blocking GC Explicit
08-04 03:21:56.947 15503 15515 I art     : Explicit concurrent mark sweep GC freed 3(96B) AllocSpace objects, 0(0B) LOS objects, 40% free, 23MB/39MB, paused 141us total 14.625ms
08-04 03:21:56.953 15503 15515 I art     : Starting a blocking GC Explicit
08-04 03:21:56.967 15503 15515 I art     : Explicit concurrent mark sweep GC freed 3(96B) AllocSpace objects, 0(0B) LOS objects, 40% free, 23MB/39MB, paused 142us total 13.900ms
08-04 03:21:56.973 15857 15857 D AndroidRuntime: >>>>>> START com.android.internal.os.RuntimeInit uid 2000 <<<<<<
08-04 03:21:56.973 15503 15515 I art     : Starting a blocking GC Explicit
08-04 03:21:56.977 15857 15857 D AndroidRuntime: CheckJNI is OFF
08-04 03:21:56.988 15503 15515 I art     : Explicit concurrent mark sweep GC freed 3(96B) AllocSpace objects, 0(0B) LOS objects, 40% free, 23MB/39MB, paused 144us total 14.556ms
08-04 03:21:57.004 15857 15857 D ICU     : No timezone override file found: /data/misc/zoneinfo/current/icu/icu_tzdata.dat
08-04 03:21:57.028 15857 15857 I Radio-JNI: register_android_hardware_Radio DONE
08-04 03:21:57.044 15857 15857 D AndroidRuntime: Calling main entry com.android.commands.input.Input
08-04 03:21:57.045 15857 15857 I Input   : injectMotionEvent: MotionEvent { action=ACTION_DOWN, actionButton=0, id[0]=0, x[0]=400.0, y[0]=997.0, toolType[0]=TOOL_TYPE_UNKNOWN, buttonState=0, metaState=0, flags=0x0, edgeFlags=0x0, pointerCount=1, historySize=0, eventTime=674533458, downTime=674533458, deviceId=0, source=0x1002 }
08-04 03:21:57.051 15857 15857 I Input   : injectMotionEvent: MotionEvent { action=ACTION_UP, actionButton=0, id[0]=0, x[0]=400.0, y[0]=997.0, toolType[0]=TOOL_TYPE_UNKNOWN, buttonState=0, metaState=0, flags=0x0, edgeFlags=0x0, pointerCount=1, historySize=0, eventTime=674533458, downTime=674533458, deviceId=0, source=0x1002 }
08-04 03:21:57.053 15857 15857 D AndroidRuntime: Shutting down VM
08-04 03:21:57.060   512  2967 D audio_hw_primary: out_set_parameters: enter: usecase(1: low-latency-playback) kvpairs: routing=2
08-04 03:21:57.073   512  2967 D audio_hw_primary: select_devices: out_snd_device(2: speaker) in_snd_device(0: none)
08-04 03:21:57.073   512  2967 D msm8974_platform: platform_send_audio_calibration: sending audio calibration for snd_device(2) acdb_id(15)
08-04 03:21:57.073   512  2967 I soundtrigger: audio_extn_sound_trigger_update_device_status: device 0x2 of type 0 for Event 1
08-04 03:21:57.086   512  2967 D audio_hw_primary: enable_snd_device: snd_device(2: speaker)
08-04 03:21:57.087   512  2967 D audio_hw_primary: enable_audio_route: apply and update mixer path: low-latency-playback speaker
08-04 03:21:57.156 13866 13866 I GoogleInputMethodServic: GoogleInputMethodService.onFinishInput():3138 
08-04 03:21:57.159 13866 13866 I GoogleInputMethodServic: GoogleInputMethodService.onStartInput():1808 
08-04 03:21:57.201 15503 15530 I art     : Starting a blocking GC Explicit
08-04 03:21:57.218 15503 15530 I art     : Explicit concurrent mark sweep GC freed 2985(189KB) AllocSpace objects, 2(40KB) LOS objects, 40% free, 23MB/39MB, paused 158us total 16.554ms
08-04 03:21:57.225 15503 15530 I art     : Starting a blocking GC Explicit
08-04 03:21:57.242 15503 15530 I art     : Explicit concurrent mark sweep GC freed 178(8KB) AllocSpace objects, 0(0B) LOS objects, 40% free, 23MB/39MB, paused 156us total 16.365ms
08-04 03:21:57.249 15503 15530 I art     : Starting a blocking GC Explicit
08-04 03:21:57.265 15503 15530 I art     : Explicit concurrent mark sweep GC freed 3(96B) AllocSpace objects, 0(0B) LOS objects, 40% free, 23MB/39MB, paused 178us total 16.101ms
08-04 03:21:57.272 15503 15530 I art     : Starting a blocking GC Explicit
08-04 03:21:57.289 15503 15530 I art     : Explicit concurrent mark sweep GC freed 3(96B) AllocSpace objects, 0(0B) LOS objects, 40% free, 23MB/39MB, paused 164us total 16.476ms
08-04 03:21:57.295 15503 15530 I art     : Starting a blocking GC Explicit
08-04 03:21:57.311 15503 15530 I art     : Explicit concurrent mark sweep GC freed 3(96B) AllocSpace objects, 0(0B) LOS objects, 40% free, 23MB/39MB, paused 158us total 15.408ms
08-04 03:21:57.532 15503 15519 I art     : Starting a blocking GC Explicit
08-04 03:21:57.549 15503 15519 I art     : Explicit concurrent mark sweep GC freed 1362(80KB) AllocSpace objects, 1(20KB) LOS objects, 40% free, 23MB/39MB, paused 185us total 16.889ms
08-04 03:21:57.557 15503 15519 I art     : Starting a blocking GC Explicit
08-04 03:21:57.574 15503 15519 I art     : Explicit concurrent mark sweep GC freed 23(752B) AllocSpace objects, 0(0B) LOS objects, 40% free, 23MB/39MB, paused 158us total 16.901ms
08-04 03:21:57.580 15503 15519 I art     : Starting a blocking GC Explicit
08-04 03:21:57.584 15415 15415 W Atfwd_Sendcmd: AtCmdFwd service not published, waiting... retryCnt : 4
08-04 03:21:57.594 15503 15519 I art     : Explicit concurrent mark sweep GC freed 3(96B) AllocSpace objects, 0(0B) LOS objects, 40% free, 23MB/39MB, paused 147us total 14.429ms
08-04 03:21:57.600 15503 15519 I art     : Starting a blocking GC Explicit
08-04 03:21:57.615 15503 15519 I art     : Explicit concurrent mark sweep GC freed 3(96B) AllocSpace objects, 0(0B) LOS objects, 40% free, 23MB/39MB, paused 155us total 14.276ms
08-04 03:21:57.615 15891 15891 D AndroidRuntime: >>>>>> START com.android.internal.os.RuntimeInit uid 2000 <<<<<<
08-04 03:21:57.619 15891 15891 D AndroidRuntime: CheckJNI is OFF
08-04 03:21:57.619   512  2967 D audio_hw_primary: disable_audio_route: reset and update mixer path: low-latency-playback speaker
08-04 03:21:57.620   512  2967 D audio_hw_primary: disable_snd_device: snd_device(2: speaker)
08-04 03:21:57.621 15503 15519 I art     : Starting a blocking GC Explicit
08-04 03:21:57.628   512  2967 I soundtrigger: audio_extn_sound_trigger_update_device_status: device 0x2 of type 0 for Event 0
08-04 03:21:57.635 15503 15519 I art     : Explicit concurrent mark sweep GC freed 3(96B) AllocSpace objects, 0(0B) LOS objects, 40% free, 23MB/39MB, paused 146us total 14.130ms
08-04 03:21:57.645 15891 15891 D ICU     : No timezone override file found: /data/misc/zoneinfo/current/icu/icu_tzdata.dat
08-04 03:21:57.669 15891 15891 I Radio-JNI: register_android_hardware_Radio DONE
08-04 03:21:57.684 15891 15891 D AndroidRuntime: Calling main entry com.android.commands.input.Input
08-04 03:21:57.686 15891 15891 I Input   : injectMotionEvent: MotionEvent { action=ACTION_DOWN, actionButton=0, id[0]=0, x[0]=697.0, y[0]=656.0, toolType[0]=TOOL_TYPE_UNKNOWN, buttonState=0, metaState=0, flags=0x0, edgeFlags=0x0, pointerCount=1, historySize=0, eventTime=674534099, downTime=674534099, deviceId=0, source=0x1002 }
08-04 03:21:57.690 15891 15891 I Input   : injectMotionEvent: MotionEvent { action=ACTION_UP, actionButton=0, id[0]=0, x[0]=697.0, y[0]=656.0, toolType[0]=TOOL_TYPE_UNKNOWN, buttonState=0, metaState=0, flags=0x0, edgeFlags=0x0, pointerCount=1, historySize=0, eventTime=674534099, downTime=674534099, deviceId=0, source=0x1002 }
08-04 03:21:57.692 15891 15891 D AndroidRuntime: Shutting down VM
08-04 03:21:57.713   512  2967 D audio_hw_primary: out_set_parameters: enter: usecase(1: low-latency-playback) kvpairs: routing=2
08-04 03:21:57.727   512  2967 D audio_hw_primary: select_devices: out_snd_device(2: speaker) in_snd_device(0: none)
08-04 03:21:57.727   512  2967 D msm8974_platform: platform_send_audio_calibration: sending audio calibration for snd_device(2) acdb_id(15)
08-04 03:21:57.727   512  2967 I soundtrigger: audio_extn_sound_trigger_update_device_status: device 0x2 of type 0 for Event 1
08-04 03:21:57.738   512  2967 D audio_hw_primary: enable_snd_device: snd_device(2: speaker)
08-04 03:21:57.740   512  2967 D audio_hw_primary: enable_audio_route: apply and update mixer path: low-latency-playback speaker
08-04 03:21:57.783 13866 13866 I GoogleInputMethodServic: GoogleInputMethodService.onFinishInput():3138 
08-04 03:21:57.783   512  2967 D AudioFlinger: mixer(0xf4740000) throttle end: throttle time(12)
08-04 03:21:57.784 13866 13866 I GoogleInputMethodServic: GoogleInputMethodService.onStartInput():1808 
08-04 03:21:57.866 15503 15515 I art     : Starting a blocking GC Explicit
08-04 03:21:57.885 15503 15515 I art     : Explicit concurrent mark sweep GC freed 2437(194KB) AllocSpace objects, 1(20KB) LOS objects, 40% free, 23MB/39MB, paused 146us total 17.768ms
08-04 03:21:57.892 15503 15515 I art     : Starting a blocking GC Explicit
08-04 03:21:57.914 15503 15515 I art     : Explicit concurrent mark sweep GC freed 163(7KB) AllocSpace objects, 0(0B) LOS objects, 40% free, 23MB/39MB, paused 191us total 21.089ms
08-04 03:21:57.924 15503 15515 I art     : Starting a blocking GC Explicit
08-04 03:21:57.941 15503 15515 I art     : Explicit concurrent mark sweep GC freed 5(160B) AllocSpace objects, 0(0B) LOS objects, 40% free, 23MB/39MB, paused 209us total 17.225ms
08-04 03:21:57.949 15503 15515 I art     : Starting a blocking GC Explicit
08-04 03:21:57.965 15503 15515 I art     : Explicit concurrent mark sweep GC freed 3(96B) AllocSpace objects, 0(0B) LOS objects, 40% free, 23MB/39MB, paused 131us total 15.773ms
08-04 03:21:57.971 15503 15515 I art     : Starting a blocking GC Explicit
08-04 03:21:57.985 15503 15515 I art     : Explicit concurrent mark sweep GC freed 3(96B) AllocSpace objects, 0(0B) LOS objects, 40% free, 23MB/39MB, paused 138us total 14.486ms
08-04 03:21:58.010 29532 29532 W PathParser: Points are too far apart 4.030360828967057
08-04 03:21:58.010 29532 29532 W PathParser: Points are too far apart 4.030360538880159
08-04 03:21:58.026 29532 29532 W PathParser: Points are too far apart 4.030360828967057
08-04 03:21:58.026 29532 29532 W PathParser: Points are too far apart 4.030360538880159
08-04 03:21:58.043 29532 29532 W PathParser: Points are too far apart 4.030360828967057
08-04 03:21:58.043 29532 29532 W PathParser: Points are too far apart 4.030360538880159
08-04 03:21:58.060 29532 29532 W PathParser: Points are too far apart 4.030360828967057
08-04 03:21:58.060 29532 29532 W PathParser: Points are too far apart 4.030360538880159
08-04 03:21:58.077 29532 29532 W PathParser: Points are too far apart 4.030360828967057
08-04 03:21:58.077 29532 29532 W PathParser: Points are too far apart 4.030360538880159
08-04 03:21:58.094 29532 29532 W PathParser: Points are too far apart 4.030360828967057
08-04 03:21:58.098 29532 29532 W PathParser: Points are too far apart 4.030360538880159
08-04 03:21:58.111 29532 29532 W PathParser: Points are too far apart 4.030360828967057
08-04 03:21:58.111 29532 29532 W PathParser: Points are too far apart 4.030360538880159
08-04 03:21:58.223 15503 15530 I art     : Starting a blocking GC Explicit
08-04 03:21:58.243 15503 15530 I art     : Explicit concurrent mark sweep GC freed 1394(80KB) AllocSpace objects, 1(20KB) LOS objects, 40% free, 23MB/39MB, paused 192us total 19.504ms
08-04 03:21:58.248 15924 15924 D AndroidRuntime: >>>>>> START com.android.internal.os.RuntimeInit uid 2000 <<<<<<
08-04 03:21:58.251 15503 15530 I art     : Starting a blocking GC Explicit
08-04 03:21:58.252 15924 15924 D AndroidRuntime: CheckJNI is OFF
08-04 03:21:58.268 15503 15530 I art     : Explicit concurrent mark sweep GC freed 29(944B) AllocSpace objects, 0(0B) LOS objects, 40% free, 23MB/39MB, paused 145us total 16.582ms
08-04 03:21:58.269   512  2967 D audio_hw_primary: disable_audio_route: reset and update mixer path: low-latency-playback speaker
08-04 03:21:58.271   512  2967 D audio_hw_primary: disable_snd_device: snd_device(2: speaker)
08-04 03:21:58.274 15503 15530 I art     : Starting a blocking GC Explicit
08-04 03:21:58.279   512  2967 I soundtrigger: audio_extn_sound_trigger_update_device_status: device 0x2 of type 0 for Event 0
08-04 03:21:58.281 15924 15924 D ICU     : No timezone override file found: /data/misc/zoneinfo/current/icu/icu_tzdata.dat
08-04 03:21:58.290 15503 15530 I art     : Explicit concurrent mark sweep GC freed 3(96B) AllocSpace objects, 0(0B) LOS objects, 40% free, 23MB/39MB, paused 170us total 15.096ms
08-04 03:21:58.296 15503 15530 I art     : Starting a blocking GC Explicit
08-04 03:21:58.306 15924 15924 I Radio-JNI: register_android_hardware_Radio DONE
08-04 03:21:58.312 15503 15530 I art     : Explicit concurrent mark sweep GC freed 3(96B) AllocSpace objects, 0(0B) LOS objects, 40% free, 23MB/39MB, paused 166us total 15.094ms
08-04 03:21:58.318 15503 15530 I art     : Starting a blocking GC Explicit
08-04 03:21:58.324 15924 15924 D AndroidRuntime: Calling main entry com.android.commands.input.Input
08-04 03:21:58.325 15924 15924 I Input   : injectMotionEvent: MotionEvent { action=ACTION_DOWN, actionButton=0, id[0]=0, x[0]=256.0, y[0]=1589.0, toolType[0]=TOOL_TYPE_UNKNOWN, buttonState=0, metaState=0, flags=0x0, edgeFlags=0x0, pointerCount=1, historySize=0, eventTime=674534738, downTime=674534738, deviceId=0, source=0x1002 }
08-04 03:21:58.329 15924 15924 I Input   : injectMotionEvent: MotionEvent { action=ACTION_UP, actionButton=0, id[0]=0, x[0]=256.0, y[0]=1589.0, toolType[0]=TOOL_TYPE_UNKNOWN, buttonState=0, metaState=0, flags=0x0, edgeFlags=0x0, pointerCount=1, historySize=0, eventTime=674534738, downTime=674534738, deviceId=0, source=0x1002 }
08-04 03:21:58.330 15924 15924 D AndroidRuntime: Shutting down VM
08-04 03:21:58.334 15503 15530 I art     : Explicit concurrent mark sweep GC freed 6(160B) AllocSpace objects, 0(0B) LOS objects, 40% free, 23MB/39MB, paused 149us total 15.646ms
08-04 03:21:58.347 15503 15503 D UserPreferences: timeOfDay: []
08-04 03:21:58.347 15503 15503 D AutoUpdateManager: Restarting update alarm.
08-04 03:21:58.347   512  2967 D audio_hw_primary: out_set_parameters: enter: usecase(1: low-latency-playback) kvpairs: routing=2
08-04 03:21:58.349 15503 15503 D AutoUpdateManager: Automatic update was deactivated
08-04 03:21:58.361   512  2967 D audio_hw_primary: select_devices: out_snd_device(2: speaker) in_snd_device(0: none)
08-04 03:21:58.361   512  2967 D msm8974_platform: platform_send_audio_calibration: sending audio calibration for snd_device(2) acdb_id(15)
08-04 03:21:58.361   512  2967 I soundtrigger: audio_extn_sound_trigger_update_device_status: device 0x2 of type 0 for Event 1
08-04 03:21:58.370 13866 13866 I GoogleInputMethodServic: GoogleInputMethodService.onFinishInput():3138 
08-04 03:21:58.370 13866 13866 I GoogleInputMethodServic: GoogleInputMethodService.onStartInput():1808 
08-04 03:21:58.372   512  2967 D audio_hw_primary: enable_snd_device: snd_device(2: speaker)
08-04 03:21:58.375   512  2967 D audio_hw_primary: enable_audio_route: apply and update mixer path: low-latency-playback speaker
08-04 03:21:58.376 29532 29532 W PathParser: Points are too far apart 4.030360828967057
08-04 03:21:58.376 29532 29532 W PathParser: Points are too far apart 4.030360538880159
08-04 03:21:58.392 29532 29532 W PathParser: Points are too far apart 4.030360828967057
08-04 03:21:58.392 29532 29532 W PathParser: Points are too far apart 4.030360538880159
08-04 03:21:58.409 29532 29532 W PathParser: Points are too far apart 4.030360828967057
08-04 03:21:58.409 29532 29532 W PathParser: Points are too far apart 4.030360538880159
08-04 03:21:58.418   512  2967 D AudioFlinger: mixer(0xf4740000) throttle end: throttle time(12)
08-04 03:21:58.426 29532 29532 W PathParser: Points are too far apart 4.030360828967057
08-04 03:21:58.426 29532 29532 W PathParser: Points are too far apart 4.030360538880159
08-04 03:21:58.442 29532 29532 W PathParser: Points are too far apart 4.030360828967057
08-04 03:21:58.442 29532 29532 W PathParser: Points are too far apart 4.030360538880159
08-04 03:21:58.459 29532 29532 W PathParser: Points are too far apart 4.030360828967057
08-04 03:21:58.459 29532 29532 W PathParser: Points are too far apart 4.030360538880159
08-04 03:21:58.476 29532 29532 W PathParser: Points are too far apart 4.030360828967057
08-04 03:21:58.476 29532 29532 W PathParser: Points are too far apart 4.030360538880159
08-04 03:21:58.493 29532 29532 W PathParser: Points are too far apart 4.030360828967057
08-04 03:21:58.493 29532 29532 W PathParser: Points are too far apart 4.030360538880159
08-04 03:21:58.559   380   380 W SurfaceFlinger: couldn't log to binary event log: overflow.
08-04 03:21:58.579 15503 15530 I art     : Starting a blocking GC Explicit
08-04 03:21:58.595 15503 15530 I art     : Explicit concurrent mark sweep GC freed 1687(107KB) AllocSpace objects, 2(40KB) LOS objects, 40% free, 23MB/39MB, paused 152us total 16.376ms
08-04 03:21:58.602 15503 15530 I art     : Starting a blocking GC Explicit
08-04 03:21:58.616 15503 15530 I art     : Explicit concurrent mark sweep GC freed 61(2272B) AllocSpace objects, 0(0B) LOS objects, 40% free, 23MB/39MB, paused 145us total 14.391ms
08-04 03:21:58.623 15503 15530 I art     : Starting a blocking GC Explicit
08-04 03:21:58.638 15503 15530 I art     : Explicit concurrent mark sweep GC freed 5(160B) AllocSpace objects, 0(0B) LOS objects, 40% free, 23MB/39MB, paused 151us total 15.031ms
08-04 03:21:58.644 15503 15530 I art     : Starting a blocking GC Explicit
08-04 03:21:58.660 15503 15530 I art     : Explicit concurrent mark sweep GC freed 3(96B) AllocSpace objects, 0(0B) LOS objects, 40% free, 23MB/39MB, paused 169us total 15.245ms
08-04 03:21:58.666 15503 15530 I art     : Starting a blocking GC Explicit
08-04 03:21:58.681 15503 15530 I art     : Explicit concurrent mark sweep GC freed 5(192B) AllocSpace objects, 0(0B) LOS objects, 40% free, 23MB/39MB, paused 156us total 14.920ms
08-04 03:21:58.877 15956 15956 D AndroidRuntime: >>>>>> START com.android.internal.os.RuntimeInit uid 2000 <<<<<<
08-04 03:21:58.881 15956 15956 D AndroidRuntime: CheckJNI is OFF
08-04 03:21:58.905 15956 15956 D ICU     : No timezone override file found: /data/misc/zoneinfo/current/icu/icu_tzdata.dat
08-04 03:21:58.908   512  2967 D audio_hw_primary: disable_audio_route: reset and update mixer path: low-latency-playback speaker
08-04 03:21:58.909   512  2967 D audio_hw_primary: disable_snd_device: snd_device(2: speaker)
08-04 03:21:58.917   512  2967 I soundtrigger: audio_extn_sound_trigger_update_device_status: device 0x2 of type 0 for Event 0
08-04 03:21:58.929 15956 15956 I Radio-JNI: register_android_hardware_Radio DONE
08-04 03:21:58.945 15956 15956 D AndroidRuntime: Calling main entry com.android.commands.input.Input
08-04 03:21:58.946 15956 15956 I Input   : injectKeyEvent: KeyEvent { action=ACTION_DOWN, keyCode=KEYCODE_BACK, scanCode=0, metaState=0, flags=0x0, repeatCount=0, eventTime=674535359, downTime=674535359, deviceId=-1, source=0x101 }
08-04 03:21:58.951 15956 15956 I Input   : injectKeyEvent: KeyEvent { action=ACTION_UP, keyCode=KEYCODE_BACK, scanCode=0, metaState=0, flags=0x0, repeatCount=0, eventTime=674535359, downTime=674535359, deviceId=-1, source=0x101 }
08-04 03:21:58.957 15956 15956 D AndroidRuntime: Shutting down VM
08-04 03:21:58.960 15503 15515 I art     : Starting a blocking GC Explicit
08-04 03:21:58.979 15503 15515 I art     : Explicit concurrent mark sweep GC freed 2781(138KB) AllocSpace objects, 1(20KB) LOS objects, 39% free, 24MB/40MB, paused 441us total 18.362ms
08-04 03:21:58.986 15503 15515 I art     : Starting a blocking GC Explicit
08-04 03:21:59.002 15503 15515 I art     : Explicit concurrent mark sweep GC freed 8651(545KB) AllocSpace objects, 0(0B) LOS objects, 40% free, 23MB/39MB, paused 434us total 16.307ms
08-04 03:21:59.008 15503 15515 I art     : Starting a blocking GC Explicit
08-04 03:21:59.011 13866 13866 I GoogleInputMethodServic: GoogleInputMethodService.onFinishInput():3138 
08-04 03:21:59.012 13866 13866 I GoogleInputMethodServic: GoogleInputMethodService.onStartInput():1808 
08-04 03:21:59.023 15503 15515 I art     : Explicit concurrent mark sweep GC freed 179(7KB) AllocSpace objects, 0(0B) LOS objects, 40% free, 23MB/39MB, paused 159us total 14.907ms
08-04 03:21:59.029 15503 15515 I art     : Starting a blocking GC Explicit
08-04 03:21:59.044 15503 15515 I art     : Explicit concurrent mark sweep GC freed 37(1152B) AllocSpace objects, 0(0B) LOS objects, 40% free, 23MB/39MB, paused 148us total 14.124ms
08-04 03:21:59.050 15503 15515 I art     : Starting a blocking GC Explicit
08-04 03:21:59.064 15503 15515 I art     : Explicit concurrent mark sweep GC freed 6(224B) AllocSpace objects, 0(0B) LOS objects, 40% free, 23MB/39MB, paused 140us total 13.965ms
08-04 03:21:59.328 15503 15519 I art     : Starting a blocking GC Explicit
08-04 03:21:59.350 15503 15519 I art     : Explicit concurrent mark sweep GC freed 1465(85KB) AllocSpace objects, 1(20KB) LOS objects, 40% free, 23MB/39MB, paused 193us total 22.233ms
08-04 03:21:59.360 15503 15519 I art     : Starting a blocking GC Explicit
08-04 03:21:59.376 15503 15519 I art     : Explicit concurrent mark sweep GC freed 889(56KB) AllocSpace objects, 1(48KB) LOS objects, 40% free, 23MB/39MB, paused 161us total 16.336ms
08-04 03:21:59.384 15503 15519 I art     : Starting a blocking GC Explicit
08-04 03:21:59.400 15503 15519 I art     : Explicit concurrent mark sweep GC freed 3(96B) AllocSpace objects, 0(0B) LOS objects, 40% free, 23MB/39MB, paused 166us total 16.067ms
08-04 03:21:59.407 15503 15519 I art     : Starting a blocking GC Explicit
08-04 03:21:59.423 15503 15519 I art     : Explicit concurrent mark sweep GC freed 3(96B) AllocSpace objects, 0(0B) LOS objects, 40% free, 23MB/39MB, paused 166us total 15.513ms
08-04 03:21:59.430 15503 15519 I art     : Starting a blocking GC Explicit
08-04 03:21:59.446 15503 15519 I art     : Explicit concurrent mark sweep GC freed 3(96B) AllocSpace objects, 0(0B) LOS objects, 40% free, 23MB/39MB, paused 156us total 15.867ms
08-04 03:21:59.732 15503 15530 I art     : Starting a blocking GC Explicit
08-04 03:21:59.752 15503 15530 I art     : Explicit concurrent mark sweep GC freed 1364(80KB) AllocSpace objects, 1(20KB) LOS objects, 40% free, 23MB/39MB, paused 197us total 19.434ms
08-04 03:21:59.763 15503 15530 I art     : Starting a blocking GC Explicit
08-04 03:21:59.779 15503 15530 I art     : Explicit concurrent mark sweep GC freed 23(752B) AllocSpace objects, 0(0B) LOS objects, 40% free, 23MB/39MB, paused 154us total 15.005ms
08-04 03:21:59.785 15503 15530 I art     : Starting a blocking GC Explicit
08-04 03:21:59.800 15503 15530 I art     : Explicit concurrent mark sweep GC freed 3(96B) AllocSpace objects, 0(0B) LOS objects, 40% free, 23MB/39MB, paused 147us total 14.788ms
08-04 03:21:59.807 15503 15530 I art     : Starting a blocking GC Explicit
08-04 03:21:59.821 15503 15530 I art     : Explicit concurrent mark sweep GC freed 3(96B) AllocSpace objects, 0(0B) LOS objects, 40% free, 23MB/39MB, paused 149us total 14.632ms
08-04 03:21:59.828 15503 15530 I art     : Starting a blocking GC Explicit
08-04 03:21:59.843 15503 15530 I art     : Explicit concurrent mark sweep GC freed 3(96B) AllocSpace objects, 0(0B) LOS objects, 40% free, 23MB/39MB, paused 159us total 14.732ms
08-04 03:22:00.121 15503 15515 I art     : Starting a blocking GC Explicit
08-04 03:22:00.138 15503 15515 I art     : Explicit concurrent mark sweep GC freed 1391(80KB) AllocSpace objects, 1(20KB) LOS objects, 40% free, 23MB/39MB, paused 161us total 16.777ms
08-04 03:22:00.145 15503 15515 I art     : Starting a blocking GC Explicit
08-04 03:22:00.160 15503 15515 I art     : Explicit concurrent mark sweep GC freed 23(752B) AllocSpace objects, 0(0B) LOS objects, 40% free, 23MB/39MB, paused 151us total 15.537ms
08-04 03:22:00.167 15503 15515 I art     : Starting a blocking GC Explicit
08-04 03:22:00.183 15503 15515 I art     : Explicit concurrent mark sweep GC freed 3(96B) AllocSpace objects, 0(0B) LOS objects, 40% free, 23MB/39MB, paused 147us total 15.064ms
08-04 03:22:00.190 15503 15515 I art     : Starting a blocking GC Explicit
08-04 03:22:00.204 15503 15515 I art     : Explicit concurrent mark sweep GC freed 3(96B) AllocSpace objects, 0(0B) LOS objects, 40% free, 23MB/39MB, paused 142us total 13.980ms
08-04 03:22:00.211 15503 15515 I art     : Starting a blocking GC Explicit
08-04 03:22:00.226 15503 15515 I art     : Explicit concurrent mark sweep GC freed 3(96B) AllocSpace objects, 0(0B) LOS objects, 40% free, 23MB/39MB, paused 134us total 14.809ms
08-04 03:22:00.246   518   646 I ThermalEngine: ACTION: GPU - Setting GPU[0] to 510000000
08-04 03:22:00.312 23593 23593 I Finsky  : [1] xow.onStartJob(3): SCH: onJobSchedulerWakeup with jobId 9009
08-04 03:22:00.321 23593 23593 I Finsky  : [1] xjw.a(9): Scheduling fallback in 43199997 (absolute: 1701124192)
08-04 03:22:00.325 23593 23593 I Finsky  : [1] xjw.a(9): Scheduling fallback in 64799996 (absolute: 1722724196)
08-04 03:22:00.394 23593 23593 I Finsky  : [1] xkf.handleMessage(8): SCH: DeviceState: DeviceState{currentTime=1596504120390, isCharging=false, isIdle=false, netAny=true, netNotRoaming=true, netUnmetered=true, batteryPercent=100.0}
08-04 03:22:00.400 23593 15475 I Finsky  : [5745] xmu.a(8): SCH: Jobs in database: 1-1337 3-183 3-184 12-1 24-77777777 26-1414141414 
08-04 03:22:00.402 23593 23593 I Finsky  : [1] xkg.a(16): SCH: Running job: 12-1
08-04 03:22:00.403 23593 23593 I Finsky  : [1] ContentSyncJob.a(16): [ContentSync] job started
08-04 03:22:00.404 23593 23593 I Finsky  : [1] xkf.handleMessage(61): SCH: RunningQueue size: 1, PendingQueue size: 0
08-04 03:22:00.404 23593 23593 I Finsky  : [1] xkf.handleMessage(64): SCH: Running queue: 12-1 
08-04 03:22:00.459 15503 15519 I art     : Starting a blocking GC Explicit
08-04 03:22:00.474 23593 15493 I Finsky  : [5750] dzn.a(22): Completed 0 account content syncs with 0 successful.
08-04 03:22:00.475 23593 23593 I Finsky  : [1] ContentSyncJob.a(1): [ContentSync] Installation state replication succeeded.
08-04 03:22:00.476 23593 23593 I Finsky  : [1] xlr.a(13): SCH: jobFinished: 12-1. TimeElapsed: 72ms.
08-04 03:22:00.477 23593 23593 I Finsky  : [1] xkg.a(36): SCH: Job 12-1 finished. Not rescheduling.
08-04 03:22:00.477 23593 23593 I Finsky  : [1] xkf.handleMessage(61): SCH: RunningQueue size: 0, PendingQueue size: 0
08-04 03:22:00.478 23593 23593 I Finsky  : [1] xkf.handleMessage(25): Executor finished
08-04 03:22:00.478 15503 15519 I art     : Explicit concurrent mark sweep GC freed 1364(80KB) AllocSpace objects, 1(20KB) LOS objects, 40% free, 23MB/39MB, paused 195us total 18.032ms
08-04 03:22:00.486 15503 15519 I art     : Starting a blocking GC Explicit
08-04 03:22:00.492 23593 23593 I Finsky  : [1] xmu.a(8): SCH: Jobs in database: 1-1337 3-183 3-184 24-77777777 26-1414141414 
08-04 03:22:00.494 23593 23593 I Finsky  : [1] xio.a(57): SCH: ConstraintMapping: 24-77777777,  -> L: 0ms, D: 64080344ms, C: false, I: true, N: 0
08-04 03:22:00.494 23593 23593 I Finsky  : [1] xio.a(57): SCH: ConstraintMapping: 1-1337,  -> L: 5889575ms, D: 24232415ms, C: false, I: false, N: 1
08-04 03:22:00.495 23593 23593 I Finsky  : [1] xio.a(57): SCH: ConstraintMapping: 3-183,  -> L: 0ms, D: 84681853ms, C: false, I: true, N: 2
08-04 03:22:00.495 23593 23593 I Finsky  : [1] xio.a(57): SCH: ConstraintMapping: 3-184,  -> L: 0ms, D: 84681934ms, C: true, I: true, N: 2
08-04 03:22:00.496 23593 23593 I Finsky  : [1] xio.a(57): SCH: ConstraintMapping: 26-1414141414,  -> L: 28309970ms, D: 29209970ms, C: false, I: false, N: 0
08-04 03:22:00.503 15503 15519 I art     : Explicit concurrent mark sweep GC freed 23(752B) AllocSpace objects, 0(0B) LOS objects, 40% free, 23MB/39MB, paused 198us total 17.512ms
08-04 03:22:00.509 23593 23593 I Finsky  : [1] xle.a(34): Cancelling existing jobscheduler jobs: 9012 9019 9000 9011 9015 9017 9016 9014 9018 
08-04 03:22:00.509 23593 23593 I Finsky  : [1] xle.a(10): Throttling wakeup for job 9001 (expected to run in 0 ms) due to recent wakeup
08-04 03:22:00.509 23593 23593 I Finsky  : [1] xle.a(27): Scheduling job Id: 9001, L: 30000, D: 64080344, C: false, I: true, N: 0
08-04 03:22:00.511 23593 23593 I Finsky  : [1] xle.a(27): Scheduling job Id: 9002, L: 5889575, D: 24232415, C: false, I: false, N: 1
08-04 03:22:00.512 15503 15519 I art     : Starting a blocking GC Explicit
08-04 03:22:00.512 23593 23593 I Finsky  : [1] xle.a(10): Throttling wakeup for job 9003 (expected to run in 0 ms) due to recent wakeup
08-04 03:22:00.513 23593 23593 I Finsky  : [1] xle.a(27): Scheduling job Id: 9003, L: 30000, D: 84681853, C: false, I: true, N: 2
08-04 03:22:00.514 23593 23593 I Finsky  : [1] xle.a(10): Throttling wakeup for job 9004 (expected to run in 0 ms) due to recent wakeup
08-04 03:22:00.514 23593 23593 I Finsky  : [1] xle.a(27): Scheduling job Id: 9004, L: 30000, D: 84681934, C: true, I: true, N: 2
08-04 03:22:00.515 23593 23593 I Finsky  : [1] xle.a(27): Scheduling job Id: 9005, L: 28309970, D: 29209970, C: false, I: false, N: 0
08-04 03:22:00.516 23593 23593 I Finsky  : [1] xle.a(10): Throttling wakeup for job 9006 (expected to run in 0 ms) due to recent wakeup
08-04 03:22:00.517 23593 23593 I Finsky  : [1] xle.a(27): Scheduling job Id: 9006, L: 30000, D: 64080344, C: false, I: true, N: 0
08-04 03:22:00.518 23593 23593 I Finsky  : [1] xle.a(27): Scheduling job Id: 9007, L: 5889575, D: 24232415, C: false, I: false, N: 1
08-04 03:22:00.519 23593 23593 I Finsky  : [1] xle.a(10): Throttling wakeup for job 9008 (expected to run in 0 ms) due to recent wakeup
08-04 03:22:00.520 23593 23593 I Finsky  : [1] xle.a(27): Scheduling job Id: 9008, L: 30000, D: 84681853, C: false, I: true, N: 2
08-04 03:22:00.521 23593 23593 I Finsky  : [1] xle.a(10): Throttling wakeup for job 9010 (expected to run in 0 ms) due to recent wakeup
08-04 03:22:00.521 23593 23593 I Finsky  : [1] xle.a(27): Scheduling job Id: 9010, L: 30000, D: 84681934, C: true, I: true, N: 2
08-04 03:22:00.522 23593 23593 I Finsky  : [1] xle.a(27): Scheduling job Id: 9013, L: 28309970, D: 29209970, C: false, I: false, N: 0
08-04 03:22:00.528 15503 15519 I art     : Explicit concurrent mark sweep GC freed 3(96B) AllocSpace objects, 0(0B) LOS objects, 40% free, 23MB/39MB, paused 195us total 16.351ms
08-04 03:22:00.536 15503 15519 I art     : Starting a blocking GC Explicit
08-04 03:22:00.553 15503 15519 I art     : Explicit concurrent mark sweep GC freed 3(96B) AllocSpace objects, 0(0B) LOS objects, 40% free, 23MB/39MB, paused 202us total 16.788ms
08-04 03:22:00.561 15503 15519 I art     : Starting a blocking GC Explicit
08-04 03:22:00.579 15503 15519 I art     : Explicit concurrent mark sweep GC freed 6(192B) AllocSpace objects, 0(0B) LOS objects, 40% free, 23MB/39MB, paused 280us total 17.880ms
08-04 03:22:00.582 16009 16009 D AndroidRuntime: >>>>>> START com.android.internal.os.RuntimeInit uid 2000 <<<<<<
08-04 03:22:00.586 16009 16009 D AndroidRuntime: CheckJNI is OFF
08-04 03:22:00.617 16009 16009 D ICU     : No timezone override file found: /data/misc/zoneinfo/current/icu/icu_tzdata.dat
08-04 03:22:00.648 16009 16009 I Radio-JNI: register_android_hardware_Radio DONE
08-04 03:22:00.670 16009 16009 D AndroidRuntime: Calling main entry com.android.commands.input.Input
08-04 03:22:00.671 16009 16009 I Input   : injectKeyEvent: KeyEvent { action=ACTION_DOWN, keyCode=KEYCODE_BACK, scanCode=0, metaState=0, flags=0x0, repeatCount=0, eventTime=674537084, downTime=674537084, deviceId=-1, source=0x101 }
08-04 03:22:00.677 16009 16009 I Input   : injectKeyEvent: KeyEvent { action=ACTION_UP, keyCode=KEYCODE_BACK, scanCode=0, metaState=0, flags=0x0, repeatCount=0, eventTime=674537084, downTime=674537084, deviceId=-1, source=0x101 }
08-04 03:22:00.689 16009 16009 D AndroidRuntime: Shutting down VM
08-04 03:22:00.717 15503 15503 D QueueFragment: loadItems()
08-04 03:22:00.718 15503 15535 D DBReader: getQueue() called
08-04 03:22:00.718 15503 15535 D DBReader: getQueue()
08-04 03:22:00.718 15503 15503 V PlaybackController: initServiceNotRunning()
08-04 03:22:00.718 15503 15503 D ExternalPlayerFragment: Loading media info
08-04 03:22:00.718 15503 15503 D UserPreferences: Using default data folder
08-04 03:22:00.719 15503 15535 D DBReader: getFavoriteIDList() called
08-04 03:22:00.719 15503 15535 D DBReader: getQueueIDList() called
08-04 03:22:00.720 15503 15535 D DBReader: Extracting Feedlist
08-04 03:22:00.721 15503 15528 D DBReader: getNavDrawerData() called with: 
08-04 03:22:00.724 15503 15528 D DBReader: getDownloadedItems() called
08-04 03:22:00.725 15503 15528 D DBReader: getFavoriteIDList() called
08-04 03:22:00.725 15503 15528 D DBReader: getQueueIDList() called
08-04 03:22:00.726 15503 15528 D DBReader: Extracting Feedlist
08-04 03:22:00.773 15503 15503 D MainActivity: getLastNavFragment() -> QueueFragment
08-04 03:22:00.806 13866 13866 I GoogleInputMethodServic: GoogleInputMethodService.onFinishInput():3138 
08-04 03:22:00.807 13866 13866 I GoogleInputMethodServic: GoogleInputMethodService.onStartInput():1808 
08-04 03:22:00.811 15503 15519 I art     : Starting a blocking GC Explicit
08-04 03:22:00.834 15503 15519 I art     : Explicit concurrent mark sweep GC freed 3599(204KB) AllocSpace objects, 1(20KB) LOS objects, 40% free, 23MB/39MB, paused 281us total 22.701ms
08-04 03:22:00.844 15503 15519 I art     : Starting a blocking GC Explicit
08-04 03:22:00.861 15503 15519 I art     : Explicit concurrent mark sweep GC freed 1482(93KB) AllocSpace objects, 0(0B) LOS objects, 40% free, 23MB/39MB, paused 202us total 17.278ms
08-04 03:22:00.869 15503 15519 I art     : Starting a blocking GC Explicit
08-04 03:22:00.886 15503 15519 I art     : Explicit concurrent mark sweep GC freed 3(96B) AllocSpace objects, 0(0B) LOS objects, 40% free, 23MB/39MB, paused 216us total 16.898ms
08-04 03:22:00.894 15503 15519 I art     : Starting a blocking GC Explicit
08-04 03:22:00.911 15503 15519 I art     : Explicit concurrent mark sweep GC freed 3(96B) AllocSpace objects, 0(0B) LOS objects, 40% free, 23MB/39MB, paused 200us total 17.609ms
08-04 03:22:00.920 15503 15519 I art     : Starting a blocking GC Explicit
08-04 03:22:00.937 15503 15519 I art     : Explicit concurrent mark sweep GC freed 3(96B) AllocSpace objects, 0(0B) LOS objects, 40% free, 23MB/39MB, paused 235us total 17.212ms
08-04 03:22:01.095   380   380 W SurfaceFlinger: couldn't log to binary event log: overflow.
08-04 03:22:01.191 15503 15519 I art     : Starting a blocking GC Explicit
08-04 03:22:01.211 15503 15519 I art     : Explicit concurrent mark sweep GC freed 1935(106KB) AllocSpace objects, 1(20KB) LOS objects, 40% free, 23MB/39MB, paused 246us total 19.793ms
08-04 03:22:01.223 15503 15519 I art     : Starting a blocking GC Explicit
08-04 03:22:01.241 15503 15519 I art     : Explicit concurrent mark sweep GC freed 6245(390KB) AllocSpace objects, 11(308KB) LOS objects, 40% free, 22MB/38MB, paused 245us total 17.581ms
08-04 03:22:01.249 15503 15519 I art     : Starting a blocking GC Explicit
08-04 03:22:01.265 15503 15519 I art     : Explicit concurrent mark sweep GC freed 6(192B) AllocSpace objects, 0(0B) LOS objects, 40% free, 22MB/38MB, paused 220us total 16.244ms
08-04 03:22:01.273 15503 15519 I art     : Starting a blocking GC Explicit
08-04 03:22:01.289 15503 15519 I art     : Explicit concurrent mark sweep GC freed 3(96B) AllocSpace objects, 0(0B) LOS objects, 40% free, 22MB/38MB, paused 223us total 16.234ms
08-04 03:22:01.297 15503 15519 I art     : Starting a blocking GC Explicit
08-04 03:22:01.313 15503 15519 I art     : Explicit concurrent mark sweep GC freed 3(96B) AllocSpace objects, 0(0B) LOS objects, 40% free, 22MB/38MB, paused 220us total 16.110ms
08-04 03:22:01.582 15503 16045 I art     : Starting a blocking GC Explicit
08-04 03:22:01.603 15503 16045 I art     : Explicit concurrent mark sweep GC freed 1366(82KB) AllocSpace objects, 1(20KB) LOS objects, 40% free, 22MB/38MB, paused 250us total 20.582ms
08-04 03:22:01.613 15503 16045 I art     : Starting a blocking GC Explicit
08-04 03:22:01.631 15503 16045 I art     : Explicit concurrent mark sweep GC freed 23(752B) AllocSpace objects, 0(0B) LOS objects, 40% free, 22MB/38MB, paused 224us total 17.070ms
08-04 03:22:01.639 15503 16045 I art     : Starting a blocking GC Explicit
08-04 03:22:01.657 15503 16045 I art     : Explicit concurrent mark sweep GC freed 3(96B) AllocSpace objects, 0(0B) LOS objects, 40% free, 22MB/38MB, paused 226us total 17.352ms
08-04 03:22:01.657 15503 15514 I art     : WaitForGcToComplete blocked for 14.960ms for cause HeapTrim
08-04 03:22:01.665 15503 16045 I art     : Starting a blocking GC Explicit
08-04 03:22:01.682 15503 16045 I art     : Explicit concurrent mark sweep GC freed 3(96B) AllocSpace objects, 0(0B) LOS objects, 40% free, 22MB/38MB, paused 252us total 16.992ms
08-04 03:22:01.690 15503 16045 I art     : Starting a blocking GC Explicit
08-04 03:22:01.707 15503 16045 I art     : Explicit concurrent mark sweep GC freed 3(96B) AllocSpace objects, 0(0B) LOS objects, 40% free, 22MB/38MB, paused 209us total 17.009ms
08-04 03:22:01.981 15503 15530 I art     : Starting a blocking GC Explicit
08-04 03:22:01.998 15503 15530 I art     : Explicit concurrent mark sweep GC freed 1363(80KB) AllocSpace objects, 1(20KB) LOS objects, 40% free, 22MB/38MB, paused 235us total 17.356ms
08-04 03:22:02.007 15503 15530 I art     : Starting a blocking GC Explicit
08-04 03:22:02.023 15503 15530 I art     : Explicit concurrent mark sweep GC freed 23(752B) AllocSpace objects, 0(0B) LOS objects, 40% free, 22MB/38MB, paused 227us total 15.855ms
08-04 03:22:02.031 15503 15530 I art     : Starting a blocking GC Explicit
08-04 03:22:02.047 15503 15530 I art     : Explicit concurrent mark sweep GC freed 32(880B) AllocSpace objects, 0(0B) LOS objects, 40% free, 22MB/38MB, paused 232us total 16.153ms
08-04 03:22:02.055 15503 15530 I art     : Starting a blocking GC Explicit
08-04 03:22:02.071 15503 15530 I art     : Explicit concurrent mark sweep GC freed 3(96B) AllocSpace objects, 0(0B) LOS objects, 40% free, 22MB/38MB, paused 247us total 16.144ms
08-04 03:22:02.079 15503 15530 I art     : Starting a blocking GC Explicit
08-04 03:22:02.095 15503 15530 I art     : Explicit concurrent mark sweep GC freed 3(96B) AllocSpace objects, 0(0B) LOS objects, 40% free, 22MB/38MB, paused 220us total 16.200ms
08-04 03:22:02.337 16076 16076 D AndroidRuntime: >>>>>> START com.android.internal.os.RuntimeInit uid 2000 <<<<<<
08-04 03:22:02.342 16076 16076 D AndroidRuntime: CheckJNI is OFF
08-04 03:22:02.358 15503 16044 I art     : Starting a blocking GC Explicit
08-04 03:22:02.376 15503 16044 I art     : Explicit concurrent mark sweep GC freed 1363(80KB) AllocSpace objects, 1(20KB) LOS objects, 40% free, 22MB/38MB, paused 237us total 16.948ms
08-04 03:22:02.378 16076 16076 D ICU     : No timezone override file found: /data/misc/zoneinfo/current/icu/icu_tzdata.dat
08-04 03:22:02.384 15503 16044 I art     : Starting a blocking GC Explicit
08-04 03:22:02.400 15503 16044 I art     : Explicit concurrent mark sweep GC freed 23(752B) AllocSpace objects, 0(0B) LOS objects, 40% free, 22MB/38MB, paused 228us total 16.196ms
08-04 03:22:02.408 15503 16044 I art     : Starting a blocking GC Explicit
08-04 03:22:02.411 16076 16076 I Radio-JNI: register_android_hardware_Radio DONE
08-04 03:22:02.424 15503 16044 I art     : Explicit concurrent mark sweep GC freed 3(96B) AllocSpace objects, 0(0B) LOS objects, 40% free, 22MB/38MB, paused 218us total 16.057ms
08-04 03:22:02.433 15503 16044 I art     : Starting a blocking GC Explicit
08-04 03:22:02.434 16076 16076 D AndroidRuntime: Calling main entry com.android.commands.input.Input
08-04 03:22:02.435 16076 16076 I Input   : injectMotionEvent: MotionEvent { action=ACTION_DOWN, actionButton=0, id[0]=0, x[0]=103.0, y[0]=192.0, toolType[0]=TOOL_TYPE_UNKNOWN, buttonState=0, metaState=0, flags=0x0, edgeFlags=0x0, pointerCount=1, historySize=0, eventTime=674538848, downTime=674538848, deviceId=0, source=0x1002 }
08-04 03:22:02.441 16076 16076 I Input   : injectMotionEvent: MotionEvent { action=ACTION_UP, actionButton=0, id[0]=0, x[0]=103.0, y[0]=192.0, toolType[0]=TOOL_TYPE_UNKNOWN, buttonState=0, metaState=0, flags=0x0, edgeFlags=0x0, pointerCount=1, historySize=0, eventTime=674538848, downTime=674538848, deviceId=0, source=0x1002 }
08-04 03:22:02.443 16076 16076 D AndroidRuntime: Shutting down VM
08-04 03:22:02.449 15503 16044 I art     : Explicit concurrent mark sweep GC freed 26(832B) AllocSpace objects, 0(0B) LOS objects, 40% free, 22MB/38MB, paused 245us total 15.934ms
08-04 03:22:02.450   512  2967 D audio_hw_primary: out_set_parameters: enter: usecase(1: low-latency-playback) kvpairs: routing=2
08-04 03:22:02.457 15503 16044 I art     : Starting a blocking GC Explicit
08-04 03:22:02.463   512  2967 D audio_hw_primary: select_devices: out_snd_device(2: speaker) in_snd_device(0: none)
08-04 03:22:02.463   512  2967 D msm8974_platform: platform_send_audio_calibration: sending audio calibration for snd_device(2) acdb_id(15)
08-04 03:22:02.463   512  2967 I soundtrigger: audio_extn_sound_trigger_update_device_status: device 0x2 of type 0 for Event 1
08-04 03:22:02.473 15503 16044 I art     : Explicit concurrent mark sweep GC freed 33(1056B) AllocSpace objects, 0(0B) LOS objects, 40% free, 22MB/38MB, paused 201us total 16.056ms
08-04 03:22:02.475   512  2967 D audio_hw_primary: enable_snd_device: snd_device(2: speaker)
08-04 03:22:02.477   512  2967 D audio_hw_primary: enable_audio_route: apply and update mixer path: low-latency-playback speaker
08-04 03:22:02.488 13866 13866 I GoogleInputMethodServic: GoogleInputMethodService.onFinishInput():3138 
08-04 03:22:02.489 13866 13866 I GoogleInputMethodServic: GoogleInputMethodService.onStartInput():1808 
08-04 03:22:02.717 15503 15519 I art     : Starting a blocking GC Explicit
08-04 03:22:02.735 15503 15519 I art     : Explicit concurrent mark sweep GC freed 1802(103KB) AllocSpace objects, 1(20KB) LOS objects, 40% free, 22MB/38MB, paused 211us total 16.888ms
08-04 03:22:02.744 15503 15519 I art     : Starting a blocking GC Explicit
08-04 03:22:02.762 15503 15519 I art     : Explicit concurrent mark sweep GC freed 86(5KB) AllocSpace objects, 0(0B) LOS objects, 40% free, 22MB/38MB, paused 210us total 17.343ms
08-04 03:22:02.770 15503 15519 I art     : Starting a blocking GC Explicit
08-04 03:22:02.786 15503 15519 I art     : Explicit concurrent mark sweep GC freed 3(96B) AllocSpace objects, 0(0B) LOS objects, 40% free, 22MB/38MB, paused 207us total 15.503ms
08-04 03:22:02.794 15503 15519 I art     : Starting a blocking GC Explicit
08-04 03:22:02.810 15503 15519 I art     : Explicit concurrent mark sweep GC freed 9(288B) AllocSpace objects, 0(0B) LOS objects, 40% free, 22MB/38MB, paused 229us total 15.509ms
08-04 03:22:02.817 15503 15519 I art     : Starting a blocking GC Explicit
08-04 03:22:02.833 15503 15519 I art     : Explicit concurrent mark sweep GC freed 3(96B) AllocSpace objects, 0(0B) LOS objects, 40% free, 22MB/38MB, paused 204us total 15.307ms
08-04 03:22:03.009   512  2967 D audio_hw_primary: disable_audio_route: reset and update mixer path: low-latency-playback speaker
08-04 03:22:03.011   512  2967 D audio_hw_primary: disable_snd_device: snd_device(2: speaker)
08-04 03:22:03.020   512  2967 I soundtrigger: audio_extn_sound_trigger_update_device_status: device 0x2 of type 0 for Event 0
08-04 03:22:03.111 15503 16044 I art     : Starting a blocking GC Explicit
08-04 03:22:03.128 15503 16044 I art     : Explicit concurrent mark sweep GC freed 1395(82KB) AllocSpace objects, 1(20KB) LOS objects, 40% free, 22MB/38MB, paused 221us total 17.340ms
08-04 03:22:03.137 15503 16044 I art     : Starting a blocking GC Explicit
08-04 03:22:03.155 15503 16044 I art     : Explicit concurrent mark sweep GC freed 25(816B) AllocSpace objects, 0(0B) LOS objects, 40% free, 22MB/38MB, paused 222us total 17.363ms
08-04 03:22:03.163 15503 16044 I art     : Starting a blocking GC Explicit
08-04 03:22:03.180 15503 16044 I art     : Explicit concurrent mark sweep GC freed 5(160B) AllocSpace objects, 0(0B) LOS objects, 40% free, 22MB/38MB, paused 198us total 17.185ms
08-04 03:22:03.188 15503 16044 I art     : Starting a blocking GC Explicit
08-04 03:22:03.205 15503 16044 I art     : Explicit concurrent mark sweep GC freed 3(96B) AllocSpace objects, 0(0B) LOS objects, 40% free, 22MB/38MB, paused 209us total 16.406ms
08-04 03:22:03.213 15503 16044 I art     : Starting a blocking GC Explicit
08-04 03:22:03.229 15503 16044 I art     : Explicit concurrent mark sweep GC freed 3(96B) AllocSpace objects, 0(0B) LOS objects, 40% free, 22MB/38MB, paused 213us total 16.572ms
08-04 03:22:03.521 15503 15530 I art     : Starting a blocking GC Explicit
08-04 03:22:03.542 15503 15530 I art     : Explicit concurrent mark sweep GC freed 1362(82KB) AllocSpace objects, 1(20KB) LOS objects, 40% free, 22MB/38MB, paused 259us total 20.856ms
08-04 03:22:03.553 15503 15530 I art     : Starting a blocking GC Explicit
08-04 03:22:03.570 15503 15530 I art     : Explicit concurrent mark sweep GC freed 23(752B) AllocSpace objects, 0(0B) LOS objects, 40% free, 22MB/38MB, paused 233us total 17.104ms
08-04 03:22:03.579 15503 15530 I art     : Starting a blocking GC Explicit
08-04 03:22:03.596 15503 15530 I art     : Explicit concurrent mark sweep GC freed 3(96B) AllocSpace objects, 0(0B) LOS objects, 40% free, 22MB/38MB, paused 234us total 17.066ms
08-04 03:22:03.604 15503 15530 I art     : Starting a blocking GC Explicit
08-04 03:22:03.621 15503 15530 I art     : Explicit concurrent mark sweep GC freed 3(96B) AllocSpace objects, 0(0B) LOS objects, 40% free, 22MB/38MB, paused 229us total 16.789ms
08-04 03:22:03.629 15503 15530 I art     : Starting a blocking GC Explicit
08-04 03:22:03.646 15503 15530 I art     : Explicit concurrent mark sweep GC freed 3(96B) AllocSpace objects, 0(0B) LOS objects, 40% free, 22MB/38MB, paused 221us total 16.543ms
08-04 03:22:03.908 15503 15515 I art     : Starting a blocking GC Explicit
08-04 03:22:03.930 15503 15515 I art     : Explicit concurrent mark sweep GC freed 1361(80KB) AllocSpace objects, 1(20KB) LOS objects, 40% free, 22MB/38MB, paused 229us total 21.266ms
08-04 03:22:03.938 15503 15515 I art     : Starting a blocking GC Explicit
08-04 03:22:03.954 15503 15515 I art     : Explicit concurrent mark sweep GC freed 23(752B) AllocSpace objects, 0(0B) LOS objects, 40% free, 22MB/38MB, paused 223us total 16.293ms
08-04 03:22:03.962 15503 15515 I art     : Starting a blocking GC Explicit
08-04 03:22:03.979 15503 15515 I art     : Explicit concurrent mark sweep GC freed 3(96B) AllocSpace objects, 0(0B) LOS objects, 40% free, 22MB/38MB, paused 215us total 16.547ms
08-04 03:22:03.987 15503 15515 I art     : Starting a blocking GC Explicit
08-04 03:22:04.003 15503 15515 I art     : Explicit concurrent mark sweep GC freed 3(96B) AllocSpace objects, 0(0B) LOS objects, 40% free, 22MB/38MB, paused 221us total 16.070ms
08-04 03:22:04.011 15503 15515 I art     : Starting a blocking GC Explicit
08-04 03:22:04.028 15503 15515 I art     : Explicit concurrent mark sweep GC freed 3(96B) AllocSpace objects, 0(0B) LOS objects, 40% free, 22MB/38MB, paused 237us total 16.190ms
08-04 03:22:04.112 16132 16132 D AndroidRuntime: >>>>>> START com.android.internal.os.RuntimeInit uid 2000 <<<<<<
08-04 03:22:04.118 16132 16132 D AndroidRuntime: CheckJNI is OFF
08-04 03:22:04.153 16132 16132 D ICU     : No timezone override file found: /data/misc/zoneinfo/current/icu/icu_tzdata.dat
08-04 03:22:04.185 16132 16132 I Radio-JNI: register_android_hardware_Radio DONE
08-04 03:22:04.205 16132 16132 D AndroidRuntime: Calling main entry com.android.commands.input.Input
08-04 03:22:04.207 16132 16132 I Input   : injectMotionEvent: MotionEvent { action=ACTION_DOWN, actionButton=0, id[0]=0, x[0]=409.0, y[0]=1034.0, toolType[0]=TOOL_TYPE_UNKNOWN, buttonState=0, metaState=0, flags=0x0, edgeFlags=0x0, pointerCount=1, historySize=0, eventTime=674540620, downTime=674540620, deviceId=0, source=0x1002 }
08-04 03:22:04.212 16132 16132 I Input   : injectMotionEvent: MotionEvent { action=ACTION_UP, actionButton=0, id[0]=0, x[0]=409.0, y[0]=1034.0, toolType[0]=TOOL_TYPE_UNKNOWN, buttonState=0, metaState=0, flags=0x0, edgeFlags=0x0, pointerCount=1, historySize=0, eventTime=674540620, downTime=674540620, deviceId=0, source=0x1002 }
08-04 03:22:04.215 16132 16132 D AndroidRuntime: Shutting down VM
08-04 03:22:04.283 15503 15503 D MainActivity: loadFragment(index: 5, args: null)
08-04 03:22:04.283 15503 15503 D MainActivity: loadFragment(tag: AddFeedFragment, args: null)
08-04 03:22:04.283 15503 15503 D MainActivity: saveLastNavFragment(tag: AddFeedFragment)
08-04 03:22:04.284 15503 15503 D MainActivity: getLastNavFragment() -> AddFeedFragment
08-04 03:22:04.284   512  2967 D audio_hw_primary: out_set_parameters: enter: usecase(1: low-latency-playback) kvpairs: routing=2
08-04 03:22:04.287 15503 15530 I art     : Starting a blocking GC Explicit
08-04 03:22:04.297   512  2967 D audio_hw_primary: select_devices: out_snd_device(2: speaker) in_snd_device(0: none)
08-04 03:22:04.297   512  2967 D msm8974_platform: platform_send_audio_calibration: sending audio calibration for snd_device(2) acdb_id(15)
08-04 03:22:04.298   512  2967 I soundtrigger: audio_extn_sound_trigger_update_device_status: device 0x2 of type 0 for Event 1
08-04 03:22:04.305 15503 15530 I art     : Explicit concurrent mark sweep GC freed 1612(106KB) AllocSpace objects, 2(40KB) LOS objects, 40% free, 22MB/38MB, paused 378us total 17.176ms
08-04 03:22:04.307   512  2967 D audio_hw_primary: enable_snd_device: snd_device(2: speaker)
08-04 03:22:04.309   512  2967 D audio_hw_primary: enable_audio_route: apply and update mixer path: low-latency-playback speaker
08-04 03:22:04.314 15503 15530 I art     : Starting a blocking GC Explicit
08-04 03:22:04.333 15503 15530 I art     : Explicit concurrent mark sweep GC freed 1496(75KB) AllocSpace objects, 0(0B) LOS objects, 40% free, 23MB/38MB, paused 1.646ms total 19.471ms
08-04 03:22:04.342 15503 15530 I art     : Starting a blocking GC Explicit
08-04 03:22:04.361 15503 15530 I art     : Explicit concurrent mark sweep GC freed 598(38KB) AllocSpace objects, 0(0B) LOS objects, 40% free, 23MB/38MB, paused 243us total 19.604ms
08-04 03:22:04.369 15503 15530 I art     : Starting a blocking GC Explicit
08-04 03:22:04.385 15503 15530 I art     : Explicit concurrent mark sweep GC freed 1163(70KB) AllocSpace objects, 2(56KB) LOS objects, 40% free, 22MB/38MB, paused 207us total 15.949ms
08-04 03:22:04.393 15503 15530 I art     : Starting a blocking GC Explicit
08-04 03:22:04.408 15503 15530 I art     : Explicit concurrent mark sweep GC freed 5(160B) AllocSpace objects, 0(0B) LOS objects, 40% free, 22MB/38MB, paused 251us total 14.892ms
08-04 03:22:04.664 15503 15519 I art     : Starting a blocking GC Explicit
08-04 03:22:04.681 15503 15519 I art     : Explicit concurrent mark sweep GC freed 1406(81KB) AllocSpace objects, 1(20KB) LOS objects, 40% free, 22MB/38MB, paused 218us total 16.780ms
08-04 03:22:04.689 15503 15519 I art     : Starting a blocking GC Explicit
08-04 03:22:04.707 15503 15519 I art     : Explicit concurrent mark sweep GC freed 68(2256B) AllocSpace objects, 0(0B) LOS objects, 40% free, 22MB/38MB, paused 323us total 17.285ms
08-04 03:22:04.715 15503 15519 I art     : Starting a blocking GC Explicit
08-04 03:22:04.730 13866 13866 I GoogleInputMethodServic: GoogleInputMethodService.onFinishInput():3138 
08-04 03:22:04.730 13866 13866 I GoogleInputMethodServic: GoogleInputMethodService.onStartInput():1808 
08-04 03:22:04.732 15503 15519 I art     : Explicit concurrent mark sweep GC freed 95(3KB) AllocSpace objects, 0(0B) LOS objects, 40% free, 22MB/38MB, paused 216us total 16.575ms
08-04 03:22:04.739 15503 15519 I art     : Starting a blocking GC Explicit
08-04 03:22:04.755 15503 15519 I art     : Explicit concurrent mark sweep GC freed 84(5KB) AllocSpace objects, 0(0B) LOS objects, 40% free, 22MB/38MB, paused 204us total 15.059ms
08-04 03:22:04.762 15503 15519 I art     : Starting a blocking GC Explicit
08-04 03:22:04.777 15503 15519 I art     : Explicit concurrent mark sweep GC freed 16(672B) AllocSpace objects, 0(0B) LOS objects, 40% free, 22MB/38MB, paused 217us total 14.717ms
08-04 03:22:04.849   512  2967 D audio_hw_primary: disable_audio_route: reset and update mixer path: low-latency-playback speaker
08-04 03:22:04.850   512  2967 D audio_hw_primary: disable_snd_device: snd_device(2: speaker)
08-04 03:22:04.860   512  2967 I soundtrigger: audio_extn_sound_trigger_update_device_status: device 0x2 of type 0 for Event 0
08-04 03:22:05.055 15503 15530 I art     : Starting a blocking GC Explicit
08-04 03:22:05.074 15503 15530 I art     : Explicit concurrent mark sweep GC freed 1390(80KB) AllocSpace objects, 1(20KB) LOS objects, 40% free, 22MB/38MB, paused 216us total 18.593ms
08-04 03:22:05.083 15503 15530 I art     : Starting a blocking GC Explicit
08-04 03:22:05.101 15503 15530 I art     : Explicit concurrent mark sweep GC freed 25(816B) AllocSpace objects, 0(0B) LOS objects, 40% free, 22MB/38MB, paused 213us total 17.349ms
08-04 03:22:05.109 15503 15530 I art     : Starting a blocking GC Explicit
08-04 03:22:05.125 15503 15530 I art     : Explicit concurrent mark sweep GC freed 3(96B) AllocSpace objects, 0(0B) LOS objects, 40% free, 22MB/38MB, paused 209us total 16.313ms
08-04 03:22:05.133 15503 15530 I art     : Starting a blocking GC Explicit
08-04 03:22:05.142   918  3188 I hubconnection: sensorhub said: 'set_bias 3: -6.2400, 0.0000, 0.0000'
08-04 03:22:05.150 15503 15530 I art     : Explicit concurrent mark sweep GC freed 5(160B) AllocSpace objects, 0(0B) LOS objects, 40% free, 22MB/38MB, paused 217us total 17.002ms
08-04 03:22:05.158 15503 15530 I art     : Starting a blocking GC Explicit
08-04 03:22:05.175 15503 15530 I art     : Explicit concurrent mark sweep GC freed 3(96B) AllocSpace objects, 0(0B) LOS objects, 40% free, 22MB/38MB, paused 231us total 16.717ms
08-04 03:22:05.460 15503 15519 I art     : Starting a blocking GC Explicit
08-04 03:22:05.479 15503 15519 I art     : Explicit concurrent mark sweep GC freed 1361(80KB) AllocSpace objects, 1(20KB) LOS objects, 40% free, 22MB/38MB, paused 291us total 18.096ms
08-04 03:22:05.487 15503 15519 I art     : Starting a blocking GC Explicit
08-04 03:22:05.504 15503 15519 I art     : Explicit concurrent mark sweep GC freed 23(752B) AllocSpace objects, 0(0B) LOS objects, 40% free, 22MB/38MB, paused 230us total 16.866ms
08-04 03:22:05.512 15503 15519 I art     : Starting a blocking GC Explicit
08-04 03:22:05.528 15503 15519 I art     : Explicit concurrent mark sweep GC freed 3(96B) AllocSpace objects, 0(0B) LOS objects, 40% free, 22MB/38MB, paused 229us total 16.137ms
08-04 03:22:05.536 15503 15519 I art     : Starting a blocking GC Explicit
08-04 03:22:05.552 15503 15519 I art     : Explicit concurrent mark sweep GC freed 3(96B) AllocSpace objects, 0(0B) LOS objects, 40% free, 22MB/38MB, paused 240us total 16.486ms
08-04 03:22:05.560 15503 15519 I art     : Starting a blocking GC Explicit
08-04 03:22:05.577 15503 15519 I art     : Explicit concurrent mark sweep GC freed 3(96B) AllocSpace objects, 0(0B) LOS objects, 40% free, 22MB/38MB, paused 351us total 16.493ms
08-04 03:22:05.846 15503 15515 I art     : Starting a blocking GC Explicit
08-04 03:22:05.864 15503 15515 I art     : Explicit concurrent mark sweep GC freed 1361(80KB) AllocSpace objects, 1(20KB) LOS objects, 40% free, 22MB/38MB, paused 221us total 17.658ms
08-04 03:22:05.869 16196 16196 D AndroidRuntime: >>>>>> START com.android.internal.os.RuntimeInit uid 2000 <<<<<<
08-04 03:22:05.872 15503 15515 I art     : Starting a blocking GC Explicit
08-04 03:22:05.874 16196 16196 D AndroidRuntime: CheckJNI is OFF
08-04 03:22:05.889 15503 15515 I art     : Explicit concurrent mark sweep GC freed 23(752B) AllocSpace objects, 0(0B) LOS objects, 40% free, 22MB/38MB, paused 218us total 17.008ms
08-04 03:22:05.897 15503 15515 I art     : Starting a blocking GC Explicit
08-04 03:22:05.911 16196 16196 D ICU     : No timezone override file found: /data/misc/zoneinfo/current/icu/icu_tzdata.dat
08-04 03:22:05.914 15503 15515 I art     : Explicit concurrent mark sweep GC freed 3(96B) AllocSpace objects, 0(0B) LOS objects, 40% free, 22MB/38MB, paused 208us total 16.470ms
08-04 03:22:05.922 15503 15515 I art     : Starting a blocking GC Explicit
08-04 03:22:05.938 15503 15515 I art     : Explicit concurrent mark sweep GC freed 4(128B) AllocSpace objects, 0(0B) LOS objects, 40% free, 22MB/38MB, paused 209us total 16.203ms
08-04 03:22:05.947 15503 15515 I art     : Starting a blocking GC Explicit
08-04 03:22:05.947 16196 16196 I Radio-JNI: register_android_hardware_Radio DONE
08-04 03:22:05.963 15503 15515 I art     : Explicit concurrent mark sweep GC freed 6(192B) AllocSpace objects, 0(0B) LOS objects, 40% free, 22MB/38MB, paused 200us total 15.778ms
08-04 03:22:05.969 16196 16196 D AndroidRuntime: Calling main entry com.android.commands.input.Input
08-04 03:22:05.971 16196 16196 I Input   : injectMotionEvent: MotionEvent { action=ACTION_DOWN, actionButton=0, id[0]=0, x[0]=567.0, y[0]=714.0, toolType[0]=TOOL_TYPE_UNKNOWN, buttonState=0, metaState=0, flags=0x0, edgeFlags=0x0, pointerCount=1, historySize=0, eventTime=674542384, downTime=674542384, deviceId=0, source=0x1002 }
08-04 03:22:05.977 16196 16196 I Input   : injectMotionEvent: MotionEvent { action=ACTION_UP, actionButton=0, id[0]=0, x[0]=567.0, y[0]=714.0, toolType[0]=TOOL_TYPE_UNKNOWN, buttonState=0, metaState=0, flags=0x0, edgeFlags=0x0, pointerCount=1, historySize=0, eventTime=674542384, downTime=674542384, deviceId=0, source=0x1002 }
08-04 03:22:05.978 16196 16196 D AndroidRuntime: Shutting down VM
08-04 03:22:05.987   512  2967 D audio_hw_primary: out_set_parameters: enter: usecase(1: low-latency-playback) kvpairs: routing=2
08-04 03:22:06.000   512  2967 D audio_hw_primary: select_devices: out_snd_device(2: speaker) in_snd_device(0: none)
08-04 03:22:06.000   512  2967 D msm8974_platform: platform_send_audio_calibration: sending audio calibration for snd_device(2) acdb_id(15)
08-04 03:22:06.001   512  2967 I soundtrigger: audio_extn_sound_trigger_update_device_status: device 0x2 of type 0 for Event 1
08-04 03:22:06.010 15503 16035 D AntennapodHttpClient: Creating new instance of HTTP client
08-04 03:22:06.010   512  2967 D audio_hw_primary: enable_snd_device: snd_device(2: speaker)
08-04 03:22:06.012   512  2967 D audio_hw_primary: enable_audio_route: apply and update mixer path: low-latency-playback speaker
08-04 03:22:06.021 13866 13866 I GoogleInputMethodServic: GoogleInputMethodService.onFinishInput():3138 
08-04 03:22:06.021 13866 13866 I GoogleInputMethodServic: GoogleInputMethodService.onStartInput():1808 
08-04 03:22:06.191 15503 15530 I art     : Starting a blocking GC Explicit
08-04 03:22:06.211 15503 15530 I art     : Explicit concurrent mark sweep GC freed 5817(381KB) AllocSpace objects, 3(140KB) LOS objects, 40% free, 23MB/39MB, paused 509us total 19.613ms
08-04 03:22:06.219 15503 15530 I art     : Starting a blocking GC Explicit
08-04 03:22:06.237 15503 15530 I art     : Explicit concurrent mark sweep GC freed 5037(331KB) AllocSpace objects, 2(300KB) LOS objects, 40% free, 23MB/39MB, paused 361us total 17.514ms
08-04 03:22:06.245 15503 15530 I art     : Starting a blocking GC Explicit
08-04 03:22:06.264 15503 15530 I art     : Explicit concurrent mark sweep GC freed 3621(159KB) AllocSpace objects, 0(0B) LOS objects, 40% free, 23MB/39MB, paused 445us total 18.210ms
08-04 03:22:06.272 15503 15530 I art     : Starting a blocking GC Explicit
08-04 03:22:06.289 15503 15530 I art     : Explicit concurrent mark sweep GC freed 39(2352B) AllocSpace objects, 0(0B) LOS objects, 40% free, 23MB/39MB, paused 312us total 17.118ms
08-04 03:22:06.297 15503 15530 I art     : Starting a blocking GC Explicit
08-04 03:22:06.314 15503 15530 I art     : Explicit concurrent mark sweep GC freed 10(352B) AllocSpace objects, 0(0B) LOS objects, 40% free, 23MB/39MB, paused 320us total 16.907ms
08-04 03:22:06.403 15503 16035 I NAPPA_EXPERIMENTATION: MetricNetworkRequestExecutionTime: REQUEST_DURATION_SYSTEM='377',REQUEST_DURATION_OKHTTP='154',REQUEST_SYNCHRONOUS='TRUE',RESPONSE_CODE='400',RESPONSE_METHOD='GET',RESPONSE_LENGTH_OKHTTP='0',RESPONSE_LENGTH_HEADER='0',REQUEST_PROTOCOL='h2',REQUEST_URL='https://itunes.apple.com/en/rss/toppodcasts/limit=25/explicit=true/json',
08-04 03:22:06.541 15503 16035 I NAPPA_EXPERIMENTATION: MetricNetworkRequestExecutionTime: REQUEST_DURATION_SYSTEM='135',REQUEST_DURATION_OKHTTP='135',REQUEST_SYNCHRONOUS='TRUE',RESPONSE_CODE='200',RESPONSE_METHOD='GET',RESPONSE_LENGTH_OKHTTP='-1',RESPONSE_LENGTH_HEADER='10075',REQUEST_PROTOCOL='h2',REQUEST_URL='https://itunes.apple.com/us/rss/toppodcasts/limit=25/explicit=true/json',
08-04 03:22:06.549   512  2967 D audio_hw_primary: disable_audio_route: reset and update mixer path: low-latency-playback speaker
08-04 03:22:06.549   512  2967 D audio_hw_primary: disable_snd_device: snd_device(2: speaker)
08-04 03:22:06.559   512  2967 I soundtrigger: audio_extn_sound_trigger_update_device_status: device 0x2 of type 0 for Event 0
08-04 03:22:06.577 15503 16044 I art     : Starting a blocking GC Explicit
08-04 03:22:06.598 15503 16044 I art     : Explicit concurrent mark sweep GC freed 10429(564KB) AllocSpace objects, 5(372KB) LOS objects, 40% free, 23MB/39MB, paused 1.207ms total 21.617ms
08-04 03:22:06.607 15503 16044 I art     : Starting a blocking GC Explicit
08-04 03:22:06.616 15503 15503 D AntennapodHttpClient: Creating new instance of HTTP client
08-04 03:22:06.630 15503 16044 I art     : Explicit concurrent mark sweep GC freed 676(73KB) AllocSpace objects, 0(0B) LOS objects, 40% free, 23MB/39MB, paused 1.275ms total 22.184ms
08-04 03:22:06.630 15503 16248 D ApOkHttpUrlLoader: buildLoadData() called with: model = [https://is4-ssl.mzstatic.com/image/thumb/Podcasts114/v4/3f/16/74/3f167426-bf50-ce3a-d709-e4301620fc5b/mza_5832671293059882550.jpeg/170x170bb.png], width = [224], height = [224]
08-04 03:22:06.635 15503 16249 D DBReader: getImageAuthentication() called with: imageUrl = [https://is4-ssl.mzstatic.com/image/thumb/Podcasts114/v4/3f/16/74/3f167426-bf50-ce3a-d709-e4301620fc5b/mza_5832671293059882550.jpeg/170x170bb.png]
08-04 03:22:06.636 15503 16250 D ApOkHttpUrlLoader: buildLoadData() called with: model = [https://is4-ssl.mzstatic.com/image/thumb/Podcasts113/v4/e5/8a/10/e58a108f-f5d0-f622-c94a-13f66edd570c/mza_3025981348644196724.jpg/170x170bb.png], width = [224], height = [224]
08-04 03:22:06.637 15503 16249 D ApOkHttpUrlLoader: no credentials for 'https://is4-ssl.mzstatic.com/image/thumb/Podcasts114/v4/3f/16/74/3f167426-bf50-ce3a-d709-e4301620fc5b/mza_5832671293059882550.jpeg/170x170bb.png'
08-04 03:22:06.638 15503 16251 D DBReader: getImageAuthentication() called with: imageUrl = [https://is4-ssl.mzstatic.com/image/thumb/Podcasts113/v4/e5/8a/10/e58a108f-f5d0-f622-c94a-13f66edd570c/mza_3025981348644196724.jpg/170x170bb.png]
08-04 03:22:06.639 15503 16044 I art     : Starting a blocking GC Explicit
08-04 03:22:06.641 15503 16252 D ApOkHttpUrlLoader: buildLoadData() called with: model = [https://is2-ssl.mzstatic.com/image/thumb/Podcasts113/v4/a9/39/cc/a939ccc5-6d60-0c11-0a4c-16d71cdef89b/mza_8787577209688278658.jpg/170x170bb.png], width = [224], height = [224]
08-04 03:22:06.642 15503 16251 D ApOkHttpUrlLoader: no credentials for 'https://is4-ssl.mzstatic.com/image/thumb/Podcasts113/v4/e5/8a/10/e58a108f-f5d0-f622-c94a-13f66edd570c/mza_3025981348644196724.jpg/170x170bb.png'
08-04 03:22:06.642 15503 16253 D DBReader: getImageAuthentication() called with: imageUrl = [https://is2-ssl.mzstatic.com/image/thumb/Podcasts113/v4/a9/39/cc/a939ccc5-6d60-0c11-0a4c-16d71cdef89b/mza_8787577209688278658.jpg/170x170bb.png]
08-04 03:22:06.644 15503 16253 D ApOkHttpUrlLoader: no credentials for 'https://is2-ssl.mzstatic.com/image/thumb/Podcasts113/v4/a9/39/cc/a939ccc5-6d60-0c11-0a4c-16d71cdef89b/mza_8787577209688278658.jpg/170x170bb.png'
08-04 03:22:06.645 15503 16254 D ApOkHttpUrlLoader: buildLoadData() called with: model = [https://is5-ssl.mzstatic.com/image/thumb/Podcasts114/v4/93/cf/99/93cf9960-fff3-205e-6655-72c03ddeccb2/mza_10545582232493904175.jpeg/170x170bb.png], width = [224], height = [224]
08-04 03:22:06.646 15503 16255 D DBReader: getImageAuthentication() called with: imageUrl = [https://is5-ssl.mzstatic.com/image/thumb/Podcasts114/v4/93/cf/99/93cf9960-fff3-205e-6655-72c03ddeccb2/mza_10545582232493904175.jpeg/170x170bb.png]
08-04 03:22:06.648 15503 16248 D ApOkHttpUrlLoader: buildLoadData() called with: model = [https://is4-ssl.mzstatic.com/image/thumb/Podcasts124/v4/49/a4/91/49a491b7-3daf-c5dc-d7c6-6c4f1486955c/mza_5930014091766152297.png/170x170bb.png], width = [224], height = [224]
08-04 03:22:06.648 15503 16255 D ApOkHttpUrlLoader: no credentials for 'https://is5-ssl.mzstatic.com/image/thumb/Podcasts114/v4/93/cf/99/93cf9960-fff3-205e-6655-72c03ddeccb2/mza_10545582232493904175.jpeg/170x170bb.png'
08-04 03:22:06.649 15503 16256 D DBReader: getImageAuthentication() called with: imageUrl = [https://is4-ssl.mzstatic.com/image/thumb/Podcasts124/v4/49/a4/91/49a491b7-3daf-c5dc-d7c6-6c4f1486955c/mza_5930014091766152297.png/170x170bb.png]
08-04 03:22:06.651 15503 16256 D ApOkHttpUrlLoader: no credentials for 'https://is4-ssl.mzstatic.com/image/thumb/Podcasts124/v4/49/a4/91/49a491b7-3daf-c5dc-d7c6-6c4f1486955c/mza_5930014091766152297.png/170x170bb.png'
08-04 03:22:06.651 15503 16250 D ApOkHttpUrlLoader: buildLoadData() called with: model = [https://is5-ssl.mzstatic.com/image/thumb/Podcasts113/v4/fd/54/6e/fd546ea0-7ab2-e3f0-6049-884d82917af9/mza_4855349695799758348.jpeg/170x170bb.png], width = [224], height = [224]
08-04 03:22:06.652 15503 16257 D DBReader: getImageAuthentication() called with: imageUrl = [https://is5-ssl.mzstatic.com/image/thumb/Podcasts113/v4/fd/54/6e/fd546ea0-7ab2-e3f0-6049-884d82917af9/mza_4855349695799758348.jpeg/170x170bb.png]
08-04 03:22:06.654 15503 16252 D ApOkHttpUrlLoader: buildLoadData() called with: model = [https://is2-ssl.mzstatic.com/image/thumb/Podcasts114/v4/b3/4c/cf/b34ccfc2-cea4-1ca1-0fad-7793af301cc5/mza_2466085192629456364.jpg/170x170bb.png], width = [224], height = [224]
08-04 03:22:06.654 15503 16257 D ApOkHttpUrlLoader: no credentials for 'https://is5-ssl.mzstatic.com/image/thumb/Podcasts113/v4/fd/54/6e/fd546ea0-7ab2-e3f0-6049-884d82917af9/mza_4855349695799758348.jpeg/170x170bb.png'
08-04 03:22:06.655 15503 16258 D DBReader: getImageAuthentication() called with: imageUrl = [https://is2-ssl.mzstatic.com/image/thumb/Podcasts114/v4/b3/4c/cf/b34ccfc2-cea4-1ca1-0fad-7793af301cc5/mza_2466085192629456364.jpg/170x170bb.png]
08-04 03:22:06.657 15503 16258 D ApOkHttpUrlLoader: no credentials for 'https://is2-ssl.mzstatic.com/image/thumb/Podcasts114/v4/b3/4c/cf/b34ccfc2-cea4-1ca1-0fad-7793af301cc5/mza_2466085192629456364.jpg/170x170bb.png'
08-04 03:22:06.662 15503 16044 I art     : Explicit concurrent mark sweep GC freed 3043(247KB) AllocSpace objects, 0(0B) LOS objects, 39% free, 24MB/40MB, paused 931us total 22.474ms
08-04 03:22:06.670 15503 16044 I art     : Starting a blocking GC Explicit
08-04 03:22:06.690 15503 16044 I art     : Explicit concurrent mark sweep GC freed 399(23KB) AllocSpace objects, 0(0B) LOS objects, 39% free, 24MB/40MB, paused 776us total 20.346ms
08-04 03:22:06.690 15503 15514 I art     : WaitForGcToComplete blocked for 8.120ms for cause HeapTrim
08-04 03:22:06.698 15503 16044 I art     : Starting a blocking GC Explicit
08-04 03:22:06.717 15503 16044 I art     : Explicit concurrent mark sweep GC freed 326(20KB) AllocSpace objects, 0(0B) LOS objects, 39% free, 24MB/40MB, paused 693us total 18.938ms
08-04 03:22:06.959 15503 16249 D MYTAG   : interceptor 2a
08-04 03:22:06.960 15503 16249 I NAPPA_EXPERIMENTATION: MetricNetworkRequestExecutionTime: REQUEST_DURATION_SYSTEM='322',REQUEST_DURATION_OKHTTP='170',REQUEST_SYNCHRONOUS='TRUE',RESPONSE_CODE='200',RESPONSE_METHOD='GET',RESPONSE_LENGTH_OKHTTP='26177',RESPONSE_LENGTH_HEADER='26177',REQUEST_PROTOCOL='h2',REQUEST_URL='https://is4-ssl.mzstatic.com/image/thumb/Podcasts114/v4/3f/16/74/3f167426-bf50-ce3a-d709-e4301620fc5b/mza_5832671293059882550.jpeg/170x170bb.png',
08-04 03:22:06.984 15503 16045 I art     : Starting a blocking GC Explicit
08-04 03:22:07.012 15503 16045 I art     : Explicit concurrent mark sweep GC freed 29864(1458KB) AllocSpace objects, 4(220KB) LOS objects, 39% free, 24MB/40MB, paused 818us total 27.405ms
08-04 03:22:07.020 15503 16045 I art     : Starting a blocking GC Explicit
08-04 03:22:07.043 15503 16045 I art     : Explicit concurrent mark sweep GC freed 1476(134KB) AllocSpace objects, 0(0B) LOS objects, 39% free, 24MB/40MB, paused 712us total 22.791ms
08-04 03:22:07.052 15503 16045 I art     : Starting a blocking GC Explicit
08-04 03:22:07.056 15503 16251 D MYTAG   : interceptor 2a
08-04 03:22:07.056 15503 16251 I NAPPA_EXPERIMENTATION: MetricNetworkRequestExecutionTime: REQUEST_DURATION_SYSTEM='414',REQUEST_DURATION_OKHTTP='184',REQUEST_SYNCHRONOUS='TRUE',RESPONSE_CODE='200',RESPONSE_METHOD='GET',RESPONSE_LENGTH_OKHTTP='45995',RESPONSE_LENGTH_HEADER='45995',REQUEST_PROTOCOL='h2',REQUEST_URL='https://is4-ssl.mzstatic.com/image/thumb/Podcasts113/v4/e5/8a/10/e58a108f-f5d0-f622-c94a-13f66edd570c/mza_3025981348644196724.jpg/170x170bb.png',
08-04 03:22:07.074 15503 16045 I art     : Explicit concurrent mark sweep GC freed 201(17KB) AllocSpace objects, 0(0B) LOS objects, 39% free, 24MB/40MB, paused 795us total 21.972ms
08-04 03:22:07.081 15503 16256 D MYTAG   : interceptor 2a
08-04 03:22:07.082 15503 16256 I NAPPA_EXPERIMENTATION: MetricNetworkRequestExecutionTime: REQUEST_DURATION_SYSTEM='430',REQUEST_DURATION_OKHTTP='197',REQUEST_SYNCHRONOUS='TRUE',RESPONSE_CODE='200',RESPONSE_METHOD='GET',RESPONSE_LENGTH_OKHTTP='12000',RESPONSE_LENGTH_HEADER='12000',REQUEST_PROTOCOL='h2',REQUEST_URL='https://is4-ssl.mzstatic.com/image/thumb/Podcasts124/v4/49/a4/91/49a491b7-3daf-c5dc-d7c6-6c4f1486955c/mza_5930014091766152297.png/170x170bb.png',
08-04 03:22:07.083 15503 16045 I art     : Starting a blocking GC Explicit
08-04 03:22:07.092 15503 16258 D MYTAG   : interceptor 2a
08-04 03:22:07.092 15503 16258 I NAPPA_EXPERIMENTATION: MetricNetworkRequestExecutionTime: REQUEST_DURATION_SYSTEM='435',REQUEST_DURATION_OKHTTP='219',REQUEST_SYNCHRONOUS='TRUE',RESPONSE_CODE='200',RESPONSE_METHOD='GET',RESPONSE_LENGTH_OKHTTP='42299',RESPONSE_LENGTH_HEADER='42299',REQUEST_PROTOCOL='h2',REQUEST_URL='https://is2-ssl.mzstatic.com/image/thumb/Podcasts114/v4/b3/4c/cf/b34ccfc2-cea4-1ca1-0fad-7793af301cc5/mza_2466085192629456364.jpg/170x170bb.png',
08-04 03:22:07.107 15503 16045 I art     : Explicit concurrent mark sweep GC freed 934(58KB) AllocSpace objects, 0(0B) LOS objects, 39% free, 24MB/40MB, paused 862us total 23.368ms
08-04 03:22:07.115 15503 16045 I art     : Starting a blocking GC Explicit
08-04 03:22:07.124 15503 16253 D MYTAG   : interceptor 2a
08-04 03:22:07.124 15503 16253 I NAPPA_EXPERIMENTATION: MetricNetworkRequestExecutionTime: REQUEST_DURATION_SYSTEM='480',REQUEST_DURATION_OKHTTP='230',REQUEST_SYNCHRONOUS='TRUE',RESPONSE_CODE='200',RESPONSE_METHOD='GET',RESPONSE_LENGTH_OKHTTP='48239',RESPONSE_LENGTH_HEADER='48239',REQUEST_PROTOCOL='h2',REQUEST_URL='https://is2-ssl.mzstatic.com/image/thumb/Podcasts113/v4/a9/39/cc/a939ccc5-6d60-0c11-0a4c-16d71cdef89b/mza_8787577209688278658.jpg/170x170bb.png',
08-04 03:22:07.130 15503 16257 D MYTAG   : interceptor 2a
08-04 03:22:07.130 15503 16257 I NAPPA_EXPERIMENTATION: MetricNetworkRequestExecutionTime: REQUEST_DURATION_SYSTEM='476',REQUEST_DURATION_OKHTTP='242',REQUEST_SYNCHRONOUS='TRUE',RESPONSE_CODE='200',RESPONSE_METHOD='GET',RESPONSE_LENGTH_OKHTTP='54835',RESPONSE_LENGTH_HEADER='54835',REQUEST_PROTOCOL='h2',REQUEST_URL='https://is5-ssl.mzstatic.com/image/thumb/Podcasts113/v4/fd/54/6e/fd546ea0-7ab2-e3f0-6049-884d82917af9/mza_4855349695799758348.jpeg/170x170bb.png',
08-04 03:22:07.136 15503 16045 I art     : Explicit concurrent mark sweep GC freed 604(44KB) AllocSpace objects, 0(0B) LOS objects, 38% free, 25MB/41MB, paused 683us total 20.590ms
08-04 03:22:07.143 15503 16255 D MYTAG   : interceptor 2a
08-04 03:22:07.143 15503 16255 I NAPPA_EXPERIMENTATION: MetricNetworkRequestExecutionTime: REQUEST_DURATION_SYSTEM='495',REQUEST_DURATION_OKHTTP='254',REQUEST_SYNCHRONOUS='TRUE',RESPONSE_CODE='200',RESPONSE_METHOD='GET',RESPONSE_LENGTH_OKHTTP='22351',RESPONSE_LENGTH_HEADER='22351',REQUEST_PROTOCOL='h2',REQUEST_URL='https://is5-ssl.mzstatic.com/image/thumb/Podcasts114/v4/93/cf/99/93cf9960-fff3-205e-6655-72c03ddeccb2/mza_10545582232493904175.jpeg/170x170bb.png',
08-04 03:22:07.422 15503 16045 I art     : Starting a blocking GC Explicit
08-04 03:22:07.451 15503 16045 I art     : Explicit concurrent mark sweep GC freed 2608(138KB) AllocSpace objects, 1(20KB) LOS objects, 38% free, 25MB/41MB, paused 577us total 28.489ms
08-04 03:22:07.463 15503 16045 I art     : Starting a blocking GC Explicit
08-04 03:22:07.490 15503 16045 I art     : Explicit concurrent mark sweep GC freed 55(3056B) AllocSpace objects, 0(0B) LOS objects, 38% free, 25MB/41MB, paused 508us total 26.119ms
08-04 03:22:07.498 15503 16045 I art     : Starting a blocking GC Explicit
08-04 03:22:07.521 15503 16045 I art     : Explicit concurrent mark sweep GC freed 3(96B) AllocSpace objects, 0(0B) LOS objects, 38% free, 25MB/41MB, paused 537us total 22.346ms
08-04 03:22:07.530 15503 16045 I art     : Starting a blocking GC Explicit
08-04 03:22:07.552 15503 16045 I art     : Explicit concurrent mark sweep GC freed 3(96B) AllocSpace objects, 0(0B) LOS objects, 38% free, 25MB/41MB, paused 534us total 22.176ms
08-04 03:22:07.561 15503 16045 I art     : Starting a blocking GC Explicit
08-04 03:22:07.584 15503 16045 I art     : Explicit concurrent mark sweep GC freed 3(96B) AllocSpace objects, 0(0B) LOS objects, 38% free, 25MB/41MB, paused 536us total 22.543ms
08-04 03:22:07.933 15503 16044 I art     : Starting a blocking GC Explicit
08-04 03:22:07.963 15503 16044 I art     : Explicit concurrent mark sweep GC freed 1363(80KB) AllocSpace objects, 1(20KB) LOS objects, 38% free, 25MB/41MB, paused 554us total 29.495ms
08-04 03:22:07.977 15503 16044 I art     : Starting a blocking GC Explicit
08-04 03:22:07.998 15503 16044 I art     : Explicit concurrent mark sweep GC freed 23(752B) AllocSpace objects, 0(0B) LOS objects, 38% free, 25MB/41MB, paused 507us total 21.310ms
08-04 03:22:08.007 15503 16044 I art     : Starting a blocking GC Explicit
08-04 03:22:08.029 15503 16044 I art     : Explicit concurrent mark sweep GC freed 3(96B) AllocSpace objects, 0(0B) LOS objects, 38% free, 25MB/41MB, paused 532us total 22.105ms
08-04 03:22:08.038 15503 16044 I art     : Starting a blocking GC Explicit
08-04 03:22:08.060 15503 16044 I art     : Explicit concurrent mark sweep GC freed 32(880B) AllocSpace objects, 0(0B) LOS objects, 38% free, 25MB/41MB, paused 531us total 22.044ms
08-04 03:22:08.069 15503 16044 I art     : Starting a blocking GC Explicit
08-04 03:22:08.092 15503 16044 I art     : Explicit concurrent mark sweep GC freed 3(96B) AllocSpace objects, 0(0B) LOS objects, 38% free, 25MB/41MB, paused 524us total 22.893ms
08-04 03:22:08.409 15503 15530 I art     : Starting a blocking GC Explicit
08-04 03:22:08.432 15503 15530 I art     : Explicit concurrent mark sweep GC freed 1393(80KB) AllocSpace objects, 1(20KB) LOS objects, 38% free, 25MB/41MB, paused 550us total 23.114ms
08-04 03:22:08.442 15503 15530 I art     : Starting a blocking GC Explicit
08-04 03:22:08.464 15503 15530 I art     : Explicit concurrent mark sweep GC freed 23(752B) AllocSpace objects, 0(0B) LOS objects, 38% free, 25MB/41MB, paused 532us total 21.175ms
08-04 03:22:08.472 15503 15530 I art     : Starting a blocking GC Explicit
08-04 03:22:08.494 15503 15530 I art     : Explicit concurrent mark sweep GC freed 3(96B) AllocSpace objects, 0(0B) LOS objects, 38% free, 25MB/41MB, paused 484us total 21.230ms
08-04 03:22:08.502 15503 15530 I art     : Starting a blocking GC Explicit
08-04 03:22:08.523 15503 15530 I art     : Explicit concurrent mark sweep GC freed 3(96B) AllocSpace objects, 0(0B) LOS objects, 38% free, 25MB/41MB, paused 486us total 20.495ms
08-04 03:22:08.532 15503 15530 I art     : Starting a blocking GC Explicit
08-04 03:22:08.554 15503 15530 I art     : Explicit concurrent mark sweep GC freed 3(96B) AllocSpace objects, 0(0B) LOS objects, 38% free, 25MB/41MB, paused 520us total 21.503ms
08-04 03:22:08.875 15503 16045 I art     : Starting a blocking GC Explicit
08-04 03:22:08.903 15503 16045 I art     : Explicit concurrent mark sweep GC freed 1363(80KB) AllocSpace objects, 1(20KB) LOS objects, 38% free, 25MB/41MB, paused 566us total 27.721ms
08-04 03:22:08.914 15503 16045 I art     : Starting a blocking GC Explicit
08-04 03:22:08.937 15503 16045 I art     : Explicit concurrent mark sweep GC freed 23(752B) AllocSpace objects, 0(0B) LOS objects, 38% free, 25MB/41MB, paused 619us total 22.588ms
08-04 03:22:08.946 15503 16045 I art     : Starting a blocking GC Explicit
08-04 03:22:08.968 15503 16045 I art     : Explicit concurrent mark sweep GC freed 3(96B) AllocSpace objects, 0(0B) LOS objects, 38% free, 25MB/41MB, paused 534us total 22.148ms
08-04 03:22:08.977 15503 16045 I art     : Starting a blocking GC Explicit
08-04 03:22:08.999 15503 16045 I art     : Explicit concurrent mark sweep GC freed 3(96B) AllocSpace objects, 0(0B) LOS objects, 38% free, 25MB/41MB, paused 492us total 22.111ms
08-04 03:22:09.008 15503 16045 I art     : Starting a blocking GC Explicit
08-04 03:22:09.030 15503 16045 I art     : Explicit concurrent mark sweep GC freed 3(96B) AllocSpace objects, 0(0B) LOS objects, 38% free, 25MB/41MB, paused 540us total 21.923ms
08-04 03:22:09.342 15503 16044 I art     : Starting a blocking GC Explicit
08-04 03:22:09.369 15503 16044 I art     : Explicit concurrent mark sweep GC freed 1392(80KB) AllocSpace objects, 1(20KB) LOS objects, 38% free, 25MB/41MB, paused 546us total 25.391ms
08-04 03:22:09.377 15503 16044 I art     : Starting a blocking GC Explicit
08-04 03:22:09.400 15503 16044 I art     : Explicit concurrent mark sweep GC freed 23(752B) AllocSpace objects, 0(0B) LOS objects, 38% free, 25MB/41MB, paused 515us total 21.955ms
08-04 03:22:09.408 15503 16044 I art     : Starting a blocking GC Explicit
08-04 03:22:09.431 15503 16044 I art     : Explicit concurrent mark sweep GC freed 3(96B) AllocSpace objects, 0(0B) LOS objects, 38% free, 25MB/41MB, paused 527us total 22.277ms
08-04 03:22:09.440 15503 16044 I art     : Starting a blocking GC Explicit
08-04 03:22:09.462 15503 16044 I art     : Explicit concurrent mark sweep GC freed 3(96B) AllocSpace objects, 0(0B) LOS objects, 38% free, 25MB/41MB, paused 507us total 22.109ms
08-04 03:22:09.471 15503 16044 I art     : Starting a blocking GC Explicit
08-04 03:22:09.493 15503 16044 I art     : Explicit concurrent mark sweep GC freed 3(96B) AllocSpace objects, 0(0B) LOS objects, 38% free, 25MB/41MB, paused 538us total 22.132ms
08-04 03:22:09.799 15503 15515 I art     : Starting a blocking GC Explicit
08-04 03:22:09.826 15503 15515 I art     : Explicit concurrent mark sweep GC freed 1363(80KB) AllocSpace objects, 1(20KB) LOS objects, 38% free, 25MB/41MB, paused 549us total 26.658ms
08-04 03:22:09.838 15503 15515 I art     : Starting a blocking GC Explicit
08-04 03:22:09.861 15503 15515 I art     : Explicit concurrent mark sweep GC freed 23(752B) AllocSpace objects, 0(0B) LOS objects, 38% free, 25MB/41MB, paused 538us total 22.526ms
08-04 03:22:09.870 15503 15515 I art     : Starting a blocking GC Explicit
08-04 03:22:09.892 15503 15515 I art     : Explicit concurrent mark sweep GC freed 3(96B) AllocSpace objects, 0(0B) LOS objects, 38% free, 25MB/41MB, paused 546us total 22.289ms
08-04 03:22:09.901 15503 15515 I art     : Starting a blocking GC Explicit
08-04 03:22:09.923 15503 15515 I art     : Explicit concurrent mark sweep GC freed 3(96B) AllocSpace objects, 0(0B) LOS objects, 38% free, 25MB/41MB, paused 515us total 22.322ms
08-04 03:22:09.932 15503 15515 I art     : Starting a blocking GC Explicit
08-04 03:22:09.954 15503 15515 I art     : Explicit concurrent mark sweep GC freed 3(96B) AllocSpace objects, 0(0B) LOS objects, 38% free, 25MB/41MB, paused 516us total 21.489ms
08-04 03:22:10.264   518   646 I ThermalEngine: ACTION: GPU - Setting GPU[0] to 600000000
08-04 03:22:10.288 15503 15519 I art     : Starting a blocking GC Explicit
08-04 03:22:10.317 15503 15519 I art     : Explicit concurrent mark sweep GC freed 1392(80KB) AllocSpace objects, 1(20KB) LOS objects, 38% free, 25MB/41MB, paused 523us total 28.295ms
08-04 03:22:10.328 15503 15519 I art     : Starting a blocking GC Explicit
08-04 03:22:10.350 15503 15519 I art     : Explicit concurrent mark sweep GC freed 23(752B) AllocSpace objects, 0(0B) LOS objects, 38% free, 25MB/41MB, paused 381us total 21.056ms
08-04 03:22:10.357 15503 15519 I art     : Starting a blocking GC Explicit
08-04 03:22:10.375 15503 15519 I art     : Explicit concurrent mark sweep GC freed 3(96B) AllocSpace objects, 0(0B) LOS objects, 38% free, 25MB/41MB, paused 400us total 17.913ms
08-04 03:22:10.383 15503 15519 I art     : Starting a blocking GC Explicit
08-04 03:22:10.400 15503 15519 I art     : Explicit concurrent mark sweep GC freed 3(96B) AllocSpace objects, 0(0B) LOS objects, 38% free, 25MB/41MB, paused 379us total 17.418ms
08-04 03:22:10.407 15503 15519 I art     : Starting a blocking GC Explicit
08-04 03:22:10.424 15503 15519 I art     : Explicit concurrent mark sweep GC freed 3(96B) AllocSpace objects, 0(0B) LOS objects, 38% free, 25MB/41MB, paused 380us total 17.223ms
08-04 03:22:10.739 15503 15530 I art     : Starting a blocking GC Explicit
08-04 03:22:10.763 15503 15530 I art     : Explicit concurrent mark sweep GC freed 1363(80KB) AllocSpace objects, 1(20KB) LOS objects, 38% free, 25MB/41MB, paused 443us total 24.253ms
08-04 03:22:10.774 15503 15530 I art     : Starting a blocking GC Explicit
08-04 03:22:10.795 15503 15530 I art     : Explicit concurrent mark sweep GC freed 23(752B) AllocSpace objects, 0(0B) LOS objects, 38% free, 25MB/41MB, paused 402us total 20.442ms
08-04 03:22:10.802 15503 15530 I art     : Starting a blocking GC Explicit
08-04 03:22:10.820 15503 15530 I art     : Explicit concurrent mark sweep GC freed 3(96B) AllocSpace objects, 0(0B) LOS objects, 38% free, 25MB/41MB, paused 395us total 18.225ms
08-04 03:22:10.828 15503 15530 I art     : Starting a blocking GC Explicit
08-04 03:22:10.845 15503 15530 I art     : Explicit concurrent mark sweep GC freed 3(96B) AllocSpace objects, 0(0B) LOS objects, 38% free, 25MB/41MB, paused 384us total 16.556ms
08-04 03:22:10.851 15503 15530 I art     : Starting a blocking GC Explicit
08-04 03:22:10.869 15503 15530 I art     : Explicit concurrent mark sweep GC freed 3(96B) AllocSpace objects, 0(0B) LOS objects, 38% free, 25MB/41MB, paused 388us total 17.263ms
08-04 03:22:11.169 15503 16045 I art     : Starting a blocking GC Explicit
08-04 03:22:11.193 15503 16045 I art     : Explicit concurrent mark sweep GC freed 1392(80KB) AllocSpace objects, 1(20KB) LOS objects, 38% free, 25MB/41MB, paused 440us total 23.330ms
08-04 03:22:11.202 15503 16045 I art     : Starting a blocking GC Explicit
08-04 03:22:11.219 15503 16045 I art     : Explicit concurrent mark sweep GC freed 23(752B) AllocSpace objects, 0(0B) LOS objects, 38% free, 25MB/41MB, paused 363us total 16.974ms
08-04 03:22:11.226 15503 16045 I art     : Starting a blocking GC Explicit
08-04 03:22:11.244 15503 16045 I art     : Explicit concurrent mark sweep GC freed 3(96B) AllocSpace objects, 0(0B) LOS objects, 38% free, 25MB/41MB, paused 388us total 17.756ms
08-04 03:22:11.251 15503 16045 I art     : Starting a blocking GC Explicit
08-04 03:22:11.268 15503 16045 I art     : Explicit concurrent mark sweep GC freed 3(96B) AllocSpace objects, 0(0B) LOS objects, 38% free, 25MB/41MB, paused 391us total 17.196ms
08-04 03:22:11.275 15503 16045 I art     : Starting a blocking GC Explicit
08-04 03:22:11.292 15503 16045 I art     : Explicit concurrent mark sweep GC freed 3(96B) AllocSpace objects, 0(0B) LOS objects, 38% free, 25MB/41MB, paused 390us total 17.233ms
08-04 03:22:11.591 15503 16044 I art     : Starting a blocking GC Explicit
08-04 03:22:11.615 15503 16044 I art     : Explicit concurrent mark sweep GC freed 1363(80KB) AllocSpace objects, 1(20KB) LOS objects, 38% free, 25MB/41MB, paused 428us total 24.407ms
08-04 03:22:11.626 15503 16044 I art     : Starting a blocking GC Explicit
08-04 03:22:11.649 15503 16044 I art     : Explicit concurrent mark sweep GC freed 23(752B) AllocSpace objects, 0(0B) LOS objects, 38% free, 25MB/41MB, paused 404us total 21.601ms
08-04 03:22:11.656 15503 16044 I art     : Starting a blocking GC Explicit
08-04 03:22:11.675 15503 16044 I art     : Explicit concurrent mark sweep GC freed 3(96B) AllocSpace objects, 0(0B) LOS objects, 38% free, 25MB/41MB, paused 408us total 18.378ms
08-04 03:22:11.682 15503 16044 I art     : Starting a blocking GC Explicit
08-04 03:22:11.700 15503 16044 I art     : Explicit concurrent mark sweep GC freed 3(96B) AllocSpace objects, 0(0B) LOS objects, 38% free, 25MB/41MB, paused 382us total 16.995ms
08-04 03:22:11.706 15503 16044 I art     : Starting a blocking GC Explicit
08-04 03:22:11.723 15503 16044 I art     : Explicit concurrent mark sweep GC freed 3(96B) AllocSpace objects, 0(0B) LOS objects, 38% free, 25MB/41MB, paused 393us total 16.531ms
08-04 03:22:11.723 15503 15514 I art     : WaitForGcToComplete blocked for 5.998ms for cause HeapTrim
08-04 03:22:12.039 15503 15515 I art     : Starting a blocking GC Explicit
08-04 03:22:12.064 15503 15515 I art     : Explicit concurrent mark sweep GC freed 1392(80KB) AllocSpace objects, 1(20KB) LOS objects, 38% free, 25MB/41MB, paused 422us total 24.438ms
08-04 03:22:12.075 15503 15515 I art     : Starting a blocking GC Explicit
08-04 03:22:12.093 15503 15515 I art     : Explicit concurrent mark sweep GC freed 23(752B) AllocSpace objects, 0(0B) LOS objects, 38% free, 25MB/41MB, paused 371us total 17.525ms
08-04 03:22:12.100 15503 15515 I art     : Starting a blocking GC Explicit
08-04 03:22:12.118 15503 15515 I art     : Explicit concurrent mark sweep GC freed 3(96B) AllocSpace objects, 0(0B) LOS objects, 38% free, 25MB/41MB, paused 393us total 17.835ms
08-04 03:22:12.125 15503 15515 I art     : Starting a blocking GC Explicit
08-04 03:22:12.143 15503 15515 I art     : Explicit concurrent mark sweep GC freed 3(96B) AllocSpace objects, 0(0B) LOS objects, 38% free, 25MB/41MB, paused 450us total 17.591ms
08-04 03:22:12.150 15503 15515 I art     : Starting a blocking GC Explicit
08-04 03:22:12.167 15503 15515 I art     : Explicit concurrent mark sweep GC freed 3(96B) AllocSpace objects, 0(0B) LOS objects, 38% free, 25MB/41MB, paused 397us total 17.426ms
08-04 03:22:12.415 15503 15519 I art     : Starting a blocking GC Explicit
08-04 03:22:12.433 15503 15519 I art     : Explicit concurrent mark sweep GC freed 1363(80KB) AllocSpace objects, 1(20KB) LOS objects, 38% free, 25MB/41MB, paused 395us total 17.637ms
08-04 03:22:12.439 15503 15519 I art     : Starting a blocking GC Explicit
08-04 03:22:12.457 15503 15519 I art     : Explicit concurrent mark sweep GC freed 23(752B) AllocSpace objects, 0(0B) LOS objects, 38% free, 25MB/41MB, paused 429us total 17.632ms
08-04 03:22:12.464 15503 15519 I art     : Starting a blocking GC Explicit
08-04 03:22:12.480 15503 15519 I art     : Explicit concurrent mark sweep GC freed 3(96B) AllocSpace objects, 0(0B) LOS objects, 38% free, 25MB/41MB, paused 371us total 15.324ms
08-04 03:22:12.486 15503 15519 I art     : Starting a blocking GC Explicit
08-04 03:22:12.501 15503 15519 I art     : Explicit concurrent mark sweep GC freed 3(96B) AllocSpace objects, 0(0B) LOS objects, 38% free, 25MB/41MB, paused 362us total 15.481ms
08-04 03:22:12.508 15503 15519 I art     : Starting a blocking GC Explicit
08-04 03:22:12.524 15503 15519 I art     : Explicit concurrent mark sweep GC freed 3(96B) AllocSpace objects, 0(0B) LOS objects, 38% free, 25MB/41MB, paused 384us total 16.290ms
08-04 03:22:12.584 16392 16392 D AndroidRuntime: >>>>>> START com.android.internal.os.RuntimeInit uid 2000 <<<<<<
08-04 03:22:12.588 16392 16392 D AndroidRuntime: CheckJNI is OFF
08-04 03:22:12.613 16392 16392 D ICU     : No timezone override file found: /data/misc/zoneinfo/current/icu/icu_tzdata.dat
08-04 03:22:12.639 16392 16392 I Radio-JNI: register_android_hardware_Radio DONE
08-04 03:22:12.657 16392 16392 D AndroidRuntime: Calling main entry com.android.commands.input.Input
08-04 03:22:12.659 16392 16392 I Input   : injectMotionEvent: MotionEvent { action=ACTION_DOWN, actionButton=0, id[0]=0, x[0]=616.0, y[0]=469.0, toolType[0]=TOOL_TYPE_UNKNOWN, buttonState=0, metaState=0, flags=0x0, edgeFlags=0x0, pointerCount=1, historySize=0, eventTime=674549072, downTime=674549072, deviceId=0, source=0x1002 }
08-04 03:22:12.666 16392 16392 I Input   : injectMotionEvent: MotionEvent { action=ACTION_UP, actionButton=0, id[0]=0, x[0]=616.0, y[0]=469.0, toolType[0]=TOOL_TYPE_UNKNOWN, buttonState=0, metaState=0, flags=0x0, edgeFlags=0x0, pointerCount=1, historySize=0, eventTime=674549072, downTime=674549072, deviceId=0, source=0x1002 }
08-04 03:22:12.668 16392 16392 D AndroidRuntime: Shutting down VM
08-04 03:22:12.734   512  2967 D audio_hw_primary: out_set_parameters: enter: usecase(1: low-latency-playback) kvpairs: routing=2
08-04 03:22:12.747   512  2967 D audio_hw_primary: select_devices: out_snd_device(2: speaker) in_snd_device(0: none)
08-04 03:22:12.747   512  2967 D msm8974_platform: platform_send_audio_calibration: sending audio calibration for snd_device(2) acdb_id(15)
08-04 03:22:12.747   512  2967 I soundtrigger: audio_extn_sound_trigger_update_device_status: device 0x2 of type 0 for Event 1
08-04 03:22:12.757   512  2967 D audio_hw_primary: enable_snd_device: snd_device(2: speaker)
08-04 03:22:12.759 15503 15530 I art     : Starting a blocking GC Explicit
08-04 03:22:12.760   512  2967 D audio_hw_primary: enable_audio_route: apply and update mixer path: low-latency-playback speaker
08-04 03:22:12.782 15503 15530 I art     : Explicit concurrent mark sweep GC freed 1593(90KB) AllocSpace objects, 1(20KB) LOS objects, 38% free, 25MB/41MB, paused 515us total 22.720ms
08-04 03:22:12.789 15503 15530 I art     : Starting a blocking GC Explicit
08-04 03:22:12.808 15503 15530 I art     : Explicit concurrent mark sweep GC freed 38(1328B) AllocSpace objects, 0(0B) LOS objects, 38% free, 25MB/41MB, paused 419us total 18.689ms
08-04 03:22:12.815 15503 15530 I art     : Starting a blocking GC Explicit
08-04 03:22:12.832 15503 15530 I art     : Explicit concurrent mark sweep GC freed 11(416B) AllocSpace objects, 0(0B) LOS objects, 38% free, 25MB/41MB, paused 431us total 16.771ms
08-04 03:22:12.838 15503 15530 I art     : Starting a blocking GC Explicit
08-04 03:22:12.855 15503 15530 I art     : Explicit concurrent mark sweep GC freed 10(352B) AllocSpace objects, 0(0B) LOS objects, 38% free, 25MB/41MB, paused 433us total 16.540ms
08-04 03:22:12.861 15503 15530 I art     : Starting a blocking GC Explicit
08-04 03:22:12.878 15503 15530 I art     : Explicit concurrent mark sweep GC freed 11(416B) AllocSpace objects, 0(0B) LOS objects, 38% free, 25MB/41MB, paused 457us total 16.622ms
08-04 03:22:12.886 15503 15535 I NAPPA_EXPERIMENTATION: MetricNetworkRequestExecutionTime: REQUEST_DURATION_SYSTEM='151',REQUEST_DURATION_OKHTTP='151',REQUEST_SYNCHRONOUS='TRUE',RESPONSE_CODE='200',RESPONSE_METHOD='GET',RESPONSE_LENGTH_OKHTTP='-1',RESPONSE_LENGTH_HEADER='628',REQUEST_PROTOCOL='h2',REQUEST_URL='https://itunes.apple.com/lookup?id=1524080195',
08-04 03:22:12.894   918  6029 I ActivityManager: START u0 {cmp=baseline.de.danoeh.antennapod.debug/baseline.de.danoeh.antennapod.activity.OnlineFeedViewActivity (has extras)} from uid 10670 on display 0
08-04 03:22:12.914 13866 13866 I GoogleInputMethodServic: GoogleInputMethodService.onFinishInput():3138 
08-04 03:22:12.915 13866 13866 I GoogleInputMethodServic: GoogleInputMethodService.onStartInput():1808 
08-04 03:22:12.934 15503 15503 D UserPreferences: Using default data folder
08-04 03:22:12.935 15503 15503 D OnlineFeedViewActivity: Activity was started with url https://rss.art19.com/nice-white-parents
08-04 03:22:12.937 15503 15503 D OnlineFeedViewActivity: Starting feed download
08-04 03:22:12.940 15503 15528 D DBReader: Extracting Feedlist
08-04 03:22:12.943   918  6029 D WifiService: acquireWifiLockLocked: WifiLock{Downloader type=1 binder=android.os.BinderProxy@a2aa716}
08-04 03:22:12.943 15503 15528 D AntennapodHttpClient: Creating new instance of HTTP client
08-04 03:22:13.001 13866 13866 I GoogleInputMethodServic: GoogleInputMethodService.onFinishInput():3138 
08-04 03:22:13.002 13866 13866 I GoogleInputMethodServic: GoogleInputMethodService.onStartInput():1808 
08-04 03:22:13.035   918   936 I ActivityManager: Displayed baseline.de.danoeh.antennapod.debug/baseline.de.danoeh.antennapod.activity.OnlineFeedViewActivity: +120ms
08-04 03:22:13.114 15503 15530 I art     : Starting a blocking GC Explicit
08-04 03:22:13.140 15503 15530 I art     : Explicit concurrent mark sweep GC freed 8338(457KB) AllocSpace objects, 4(220KB) LOS objects, 37% free, 26MB/42MB, paused 658us total 25.744ms
08-04 03:22:13.150 15503 15530 I art     : Starting a blocking GC Explicit
08-04 03:22:13.169 15503 15530 I art     : Explicit concurrent mark sweep GC freed 1268(131KB) AllocSpace objects, 0(0B) LOS objects, 37% free, 26MB/42MB, paused 458us total 18.551ms
08-04 03:22:13.177 15503 15530 I art     : Starting a blocking GC Explicit
08-04 03:22:13.195 15503 15530 I art     : Explicit concurrent mark sweep GC freed 3(96B) AllocSpace objects, 0(0B) LOS objects, 37% free, 26MB/42MB, paused 453us total 18.170ms
08-04 03:22:13.204 15503 15530 I art     : Starting a blocking GC Explicit
08-04 03:22:13.227 15503 15530 I art     : Explicit concurrent mark sweep GC freed 3(96B) AllocSpace objects, 0(0B) LOS objects, 37% free, 26MB/42MB, paused 461us total 22.189ms
08-04 03:22:13.232 15503 15528 D MYTAG   : interceptor 3a https://rss.art19.com/nice-white-parents
08-04 03:22:13.232 15503 15528 I NAPPA_EXPERIMENTATION: MetricNetworkRequestExecutionTime: REQUEST_DURATION_SYSTEM='288',REQUEST_DURATION_OKHTTP='144',REQUEST_SYNCHRONOUS='TRUE',RESPONSE_CODE='200',RESPONSE_METHOD='GET',RESPONSE_LENGTH_OKHTTP='-1',RESPONSE_LENGTH_HEADER='1803',REQUEST_PROTOCOL='h2',REQUEST_URL='https://rss.art19.com/nice-white-parents',
08-04 03:22:13.232 15503 15528 D HttpDownloader: Response code is 200
08-04 03:22:13.232 15503 15528 D UserPreferences: Using default data folder
08-04 03:22:13.234 15503 15528 D HttpDownloader: Getting size of download
08-04 03:22:13.234 15503 15528 D HttpDownloader: Size is -1
08-04 03:22:13.234 15503 15528 D UserPreferences: Using default data folder
08-04 03:22:13.234 15503 15528 D HttpDownloader: Free space is 20254564352
08-04 03:22:13.234 15503 15528 D HttpDownloader: Starting download
08-04 03:22:13.234 15503 15528 D HttpDownloader: Download was successful
08-04 03:22:13.236 15503 15530 I art     : Starting a blocking GC Explicit
08-04 03:22:13.236   918  6112 D WifiService: releaseWifiLockLocked: WifiLock{Downloader type=1 binder=android.os.BinderProxy@a2aa716}
08-04 03:22:13.238 15503 15503 D OnlineFeedViewActivity: Parsing feed
08-04 03:22:13.253 15503 16438 D TypeGetter: Recognized type RSS 2.0
08-04 03:22:13.255 15503 15530 I art     : Explicit concurrent mark sweep GC freed 386(63KB) AllocSpace objects, 1(20KB) LOS objects, 37% free, 26MB/42MB, paused 678us total 19.330ms
08-04 03:22:13.259   380   380 W SurfaceFlinger: couldn't log to binary event log: overflow.
08-04 03:22:13.260 15503 16438 D SyndHandler: Recognized ITunes namespace
08-04 03:22:13.261 15503 16438 D SyndHandler: Recognized Atom namespace
08-04 03:22:13.262 15503 16438 D SyndHandler: Recognized Content namespace
08-04 03:22:13.276 15503 16438 D OnlineFeedViewActivity: Deleted feed source file. Result: true
08-04 03:22:13.277 15503 15503 D OnlineFeedViewActivity: Removing HTML from shownotes
08-04 03:22:13.298   512  2967 D audio_hw_primary: disable_audio_route: reset and update mixer path: low-latency-playback speaker
08-04 03:22:13.299   512  2967 D audio_hw_primary: disable_snd_device: snd_device(2: speaker)
08-04 03:22:13.306   512  2967 I soundtrigger: audio_extn_sound_trigger_update_device_status: device 0x2 of type 0 for Event 0
08-04 03:22:13.319 15503 15503 W art     : Before Android 4.1, method int androidx.appcompat.widget.DropDownListView.lookForSelectablePosition(int, boolean) would have incorrectly overridden the package-private method in android.widget.ListView
08-04 03:22:13.322 15503 15503 I ListPopupWindow: Could not find method setEpicenterBounds(Rect) on PopupWindow. Oh well.
08-04 03:22:13.328 15503 16439 D ApOkHttpUrlLoader: buildLoadData() called with: model = [https://content.production.cdn.art19.com/images/89/e0/88/44/89e08844-ac28-4fc0-96fa-15a41fec2014/262c12ed699a8d9720dea0bd66449d998e4a08cf18095bed170ccaa76722045fa5dbf7a366918b2db7e3acf29ad22f6b99fd659a9409cb807bf2781d968932f8.jpeg], width = [350], height = [350]
08-04 03:22:13.331 15503 16255 D DBReader: getImageAuthentication() called with: imageUrl = [https://content.production.cdn.art19.com/images/89/e0/88/44/89e08844-ac28-4fc0-96fa-15a41fec2014/262c12ed699a8d9720dea0bd66449d998e4a08cf18095bed170ccaa76722045fa5dbf7a366918b2db7e3acf29ad22f6b99fd659a9409cb807bf2781d968932f8.jpeg]
08-04 03:22:13.332 15503 16255 D ApOkHttpUrlLoader: no credentials for 'https://content.production.cdn.art19.com/images/89/e0/88/44/89e08844-ac28-4fc0-96fa-15a41fec2014/262c12ed699a8d9720dea0bd66449d998e4a08cf18095bed170ccaa76722045fa5dbf7a366918b2db7e3acf29ad22f6b99fd659a9409cb807bf2781d968932f8.jpeg'
08-04 03:22:13.394 15503 15503 D PlaybackController: Releasing PlaybackController
08-04 03:22:13.517 15503 15515 I art     : Starting a blocking GC Explicit
08-04 03:22:13.542 15503 15515 I art     : Explicit concurrent mark sweep GC freed 19861(1204KB) AllocSpace objects, 6(212KB) LOS objects, 37% free, 26MB/42MB, paused 519us total 23.977ms
08-04 03:22:13.548 15503 15515 I art     : Starting a blocking GC Explicit
08-04 03:22:13.567 15503 15515 I art     : Explicit concurrent mark sweep GC freed 763(35KB) AllocSpace objects, 1(112KB) LOS objects, 37% free, 26MB/42MB, paused 478us total 18.172ms
08-04 03:22:13.574 15503 15515 I art     : Starting a blocking GC Explicit
08-04 03:22:13.592 15503 15515 I art     : Explicit concurrent mark sweep GC freed 3(96B) AllocSpace objects, 0(0B) LOS objects, 37% free, 26MB/42MB, paused 463us total 18.160ms
08-04 03:22:13.597 15503 16255 D MYTAG   : interceptor 2a
08-04 03:22:13.598 15503 16255 I NAPPA_EXPERIMENTATION: MetricNetworkRequestExecutionTime: REQUEST_DURATION_SYSTEM='264',REQUEST_DURATION_OKHTTP='147',REQUEST_SYNCHRONOUS='TRUE',RESPONSE_CODE='200',RESPONSE_METHOD='GET',RESPONSE_LENGTH_OKHTTP='2466122',RESPONSE_LENGTH_HEADER='2466122',REQUEST_PROTOCOL='h2',REQUEST_URL='https://content.production.cdn.art19.com/images/89/e0/88/44/89e08844-ac28-4fc0-96fa-15a41fec2014/262c12ed699a8d9720dea0bd66449d998e4a08cf18095bed170ccaa76722045fa5dbf7a366918b2db7e3acf29ad22f6b99fd659a9409cb807bf2781d968932f8.jpeg',
08-04 03:22:13.598 15503 15515 I art     : Starting a blocking GC Explicit
08-04 03:22:13.617 15503 15515 I art     : Explicit concurrent mark sweep GC freed 258(23KB) AllocSpace objects, 0(0B) LOS objects, 37% free, 26MB/42MB, paused 539us total 18.416ms
08-04 03:22:13.623 15503 15515 I art     : Starting a blocking GC Explicit
08-04 03:22:13.642 15503 15515 I art     : Explicit concurrent mark sweep GC freed 22(704B) AllocSpace objects, 0(0B) LOS objects, 37% free, 26MB/42MB, paused 540us total 18.147ms
08-04 03:22:13.911 15503 16044 I art     : Starting a blocking GC Explicit
08-04 03:22:13.935 15503 16044 I art     : Explicit concurrent mark sweep GC freed 2870(191KB) AllocSpace objects, 1(20KB) LOS objects, 36% free, 27MB/43MB, paused 600us total 23.650ms
08-04 03:22:13.943 15503 16044 I art     : Starting a blocking GC Explicit
08-04 03:22:13.965 15503 16044 I art     : Explicit concurrent mark sweep GC freed 36(1120B) AllocSpace objects, 0(0B) LOS objects, 36% free, 27MB/43MB, paused 530us total 21.717ms
08-04 03:22:13.972 15503 16044 I art     : Starting a blocking GC Explicit
08-04 03:22:13.993 15503 16044 I art     : Explicit concurrent mark sweep GC freed 3(96B) AllocSpace objects, 0(0B) LOS objects, 36% free, 27MB/43MB, paused 541us total 20.633ms
08-04 03:22:14.000 15503 16044 I art     : Starting a blocking GC Explicit
08-04 03:22:14.020 15503 16044 I art     : Explicit concurrent mark sweep GC freed 66(5KB) AllocSpace objects, 0(0B) LOS objects, 36% free, 27MB/43MB, paused 465us total 19.522ms
08-04 03:22:14.028 15503 16044 I art     : Starting a blocking GC Explicit
08-04 03:22:14.048 15503 16044 I art     : Explicit concurrent mark sweep GC freed 115(12KB) AllocSpace objects, 0(0B) LOS objects, 36% free, 27MB/43MB, paused 437us total 19.308ms
08-04 03:22:14.341 15503 16045 I art     : Starting a blocking GC Explicit
08-04 03:22:14.368 15503 16045 I art     : Explicit concurrent mark sweep GC freed 1372(80KB) AllocSpace objects, 1(20KB) LOS objects, 36% free, 27MB/43MB, paused 624us total 26.827ms
08-04 03:22:14.376 15503 16045 I art     : Starting a blocking GC Explicit
08-04 03:22:14.396 15503 16045 I art     : Explicit concurrent mark sweep GC freed 23(752B) AllocSpace objects, 0(0B) LOS objects, 36% free, 27MB/43MB, paused 457us total 19.956ms
08-04 03:22:14.403 15503 16045 I art     : Starting a blocking GC Explicit
08-04 03:22:14.423 15503 16045 I art     : Explicit concurrent mark sweep GC freed 3(96B) AllocSpace objects, 0(0B) LOS objects, 36% free, 27MB/43MB, paused 443us total 20.132ms
08-04 03:22:14.431 15503 16045 I art     : Starting a blocking GC Explicit
08-04 03:22:14.451 15503 16045 I art     : Explicit concurrent mark sweep GC freed 3(96B) AllocSpace objects, 0(0B) LOS objects, 36% free, 27MB/43MB, paused 466us total 20.721ms
08-04 03:22:14.459 15503 16045 I art     : Starting a blocking GC Explicit
08-04 03:22:14.480 15503 16045 I art     : Explicit concurrent mark sweep GC freed 3(96B) AllocSpace objects, 0(0B) LOS objects, 36% free, 27MB/43MB, paused 471us total 20.870ms
08-04 03:22:14.789 15503 15519 I art     : Starting a blocking GC Explicit
08-04 03:22:14.816 15503 15519 I art     : Explicit concurrent mark sweep GC freed 1366(80KB) AllocSpace objects, 1(20KB) LOS objects, 36% free, 27MB/43MB, paused 474us total 26.233ms
08-04 03:22:14.824 15503 15519 I art     : Starting a blocking GC Explicit
08-04 03:22:14.845 15503 15519 I art     : Explicit concurrent mark sweep GC freed 23(752B) AllocSpace objects, 0(0B) LOS objects, 36% free, 27MB/43MB, paused 456us total 20.843ms
08-04 03:22:14.852 15503 15519 I art     : Starting a blocking GC Explicit
08-04 03:22:14.873 15503 15519 I art     : Explicit concurrent mark sweep GC freed 3(96B) AllocSpace objects, 0(0B) LOS objects, 36% free, 27MB/43MB, paused 455us total 20.819ms
08-04 03:22:14.880 15503 15519 I art     : Starting a blocking GC Explicit
08-04 03:22:14.901 15503 15519 I art     : Explicit concurrent mark sweep GC freed 3(96B) AllocSpace objects, 0(0B) LOS objects, 36% free, 27MB/43MB, paused 455us total 20.350ms
08-04 03:22:14.908 15503 15519 I art     : Starting a blocking GC Explicit
08-04 03:22:14.928 15503 15519 I art     : Explicit concurrent mark sweep GC freed 3(96B) AllocSpace objects, 0(0B) LOS objects, 36% free, 27MB/43MB, paused 570us total 19.923ms
08-04 03:22:15.238 15503 16044 I art     : Starting a blocking GC Explicit
08-04 03:22:15.261 15503 16044 I art     : Explicit concurrent mark sweep GC freed 1425(81KB) AllocSpace objects, 1(20KB) LOS objects, 36% free, 27MB/43MB, paused 495us total 22.051ms
08-04 03:22:15.268 15503 16044 I art     : Starting a blocking GC Explicit
08-04 03:22:15.277   518   646 I ThermalEngine: ACTION: GPU - Setting GPU[0] to 510000000
08-04 03:22:15.291 15503 16044 I art     : Explicit concurrent mark sweep GC freed 23(752B) AllocSpace objects, 0(0B) LOS objects, 36% free, 27MB/43MB, paused 614us total 23.087ms
08-04 03:22:15.300 15503 16044 I art     : Starting a blocking GC Explicit
08-04 03:22:15.323 15503 16044 I art     : Explicit concurrent mark sweep GC freed 3(96B) AllocSpace objects, 0(0B) LOS objects, 36% free, 27MB/43MB, paused 612us total 23.295ms
08-04 03:22:15.332 15503 16044 I art     : Starting a blocking GC Explicit
08-04 03:22:15.358 15503 16044 I art     : Explicit concurrent mark sweep GC freed 3(96B) AllocSpace objects, 0(0B) LOS objects, 36% free, 27MB/43MB, paused 737us total 25.754ms
08-04 03:22:15.367 15503 16044 I art     : Starting a blocking GC Explicit
08-04 03:22:15.393 15503 16044 I art     : Explicit concurrent mark sweep GC freed 3(96B) AllocSpace objects, 0(0B) LOS objects, 36% free, 27MB/43MB, paused 643us total 25.578ms
08-04 03:22:15.713 15503 16045 I art     : Starting a blocking GC Explicit
08-04 03:22:15.745 15503 16045 I art     : Explicit concurrent mark sweep GC freed 1367(82KB) AllocSpace objects, 1(20KB) LOS objects, 36% free, 27MB/43MB, paused 686us total 32.173ms
08-04 03:22:15.758 15503 16045 I art     : Starting a blocking GC Explicit
08-04 03:22:15.785 15503 16045 I art     : Explicit concurrent mark sweep GC freed 23(752B) AllocSpace objects, 0(0B) LOS objects, 36% free, 27MB/43MB, paused 639us total 26.542ms
08-04 03:22:15.794 15503 16045 I art     : Starting a blocking GC Explicit
08-04 03:22:15.820 15503 16045 I art     : Explicit concurrent mark sweep GC freed 3(96B) AllocSpace objects, 0(0B) LOS objects, 36% free, 27MB/43MB, paused 642us total 25.600ms
08-04 03:22:15.830 15503 16045 I art     : Starting a blocking GC Explicit
08-04 03:22:15.856 15503 16045 I art     : Explicit concurrent mark sweep GC freed 3(96B) AllocSpace objects, 0(0B) LOS objects, 36% free, 27MB/43MB, paused 631us total 26.380ms
08-04 03:22:15.866 15503 16045 I art     : Starting a blocking GC Explicit
08-04 03:22:15.892 15503 16045 I art     : Explicit concurrent mark sweep GC freed 3(96B) AllocSpace objects, 0(0B) LOS objects, 36% free, 27MB/43MB, paused 632us total 26.374ms
08-04 03:22:16.222 15503 15519 I art     : Starting a blocking GC Explicit
08-04 03:22:16.259 15503 15519 I art     : Explicit concurrent mark sweep GC freed 1395(80KB) AllocSpace objects, 1(20KB) LOS objects, 36% free, 27MB/43MB, paused 764us total 36.057ms
08-04 03:22:16.275 15503 15519 I art     : Starting a blocking GC Explicit
08-04 03:22:16.306 15503 15519 I art     : Explicit concurrent mark sweep GC freed 23(752B) AllocSpace objects, 0(0B) LOS objects, 36% free, 27MB/43MB, paused 631us total 30.357ms
08-04 03:22:16.315 15503 15519 I art     : Starting a blocking GC Explicit
08-04 03:22:16.342 15503 15519 I art     : Explicit concurrent mark sweep GC freed 3(96B) AllocSpace objects, 0(0B) LOS objects, 36% free, 27MB/43MB, paused 631us total 26.334ms
08-04 03:22:16.351 15503 15519 I art     : Starting a blocking GC Explicit
08-04 03:22:16.377 15503 15519 I art     : Explicit concurrent mark sweep GC freed 3(96B) AllocSpace objects, 0(0B) LOS objects, 36% free, 27MB/43MB, paused 702us total 25.616ms
08-04 03:22:16.386 15503 15519 I art     : Starting a blocking GC Explicit
08-04 03:22:16.412 15503 15519 I art     : Explicit concurrent mark sweep GC freed 3(96B) AllocSpace objects, 0(0B) LOS objects, 36% free, 27MB/43MB, paused 633us total 25.822ms
08-04 03:22:16.739 15503 15515 I art     : Starting a blocking GC Explicit
08-04 03:22:16.773 15503 15515 I art     : Explicit concurrent mark sweep GC freed 1366(80KB) AllocSpace objects, 1(20KB) LOS objects, 36% free, 27MB/43MB, paused 752us total 34.120ms
08-04 03:22:16.785 15503 15515 I art     : Starting a blocking GC Explicit
08-04 03:22:16.811 15503 15515 I art     : Explicit concurrent mark sweep GC freed 23(752B) AllocSpace objects, 0(0B) LOS objects, 36% free, 27MB/43MB, paused 632us total 26.120ms
08-04 03:22:16.820 15503 15515 I art     : Starting a blocking GC Explicit
08-04 03:22:16.847 15503 15515 I art     : Explicit concurrent mark sweep GC freed 3(96B) AllocSpace objects, 0(0B) LOS objects, 36% free, 27MB/43MB, paused 650us total 26.068ms
08-04 03:22:16.856 15503 15515 I art     : Starting a blocking GC Explicit
08-04 03:22:16.882 15503 15515 I art     : Explicit concurrent mark sweep GC freed 3(96B) AllocSpace objects, 0(0B) LOS objects, 36% free, 27MB/43MB, paused 633us total 26.071ms
08-04 03:22:16.892 15503 15515 I art     : Starting a blocking GC Explicit
08-04 03:22:16.918 15503 15515 I art     : Explicit concurrent mark sweep GC freed 3(96B) AllocSpace objects, 0(0B) LOS objects, 36% free, 27MB/43MB, paused 618us total 25.544ms
08-04 03:22:17.209 15503 15519 I art     : Starting a blocking GC Explicit
08-04 03:22:17.232 15503 15519 I art     : Explicit concurrent mark sweep GC freed 1395(80KB) AllocSpace objects, 1(20KB) LOS objects, 36% free, 27MB/43MB, paused 623us total 23.205ms
08-04 03:22:17.241 15503 15519 I art     : Starting a blocking GC Explicit
08-04 03:22:17.264 15503 15519 I art     : Explicit concurrent mark sweep GC freed 28(944B) AllocSpace objects, 0(0B) LOS objects, 36% free, 27MB/43MB, paused 636us total 23.102ms
08-04 03:22:17.273 15503 15519 I art     : Starting a blocking GC Explicit
08-04 03:22:17.277   518   646 I ThermalEngine: ACTION: GPU - Setting GPU[0] to 600000000
08-04 03:22:17.298 15503 15519 I art     : Explicit concurrent mark sweep GC freed 3(96B) AllocSpace objects, 0(0B) LOS objects, 36% free, 27MB/43MB, paused 634us total 24.703ms
08-04 03:22:17.308 15503 15519 I art     : Starting a blocking GC Explicit
08-04 03:22:17.331 15503 15519 I art     : Explicit concurrent mark sweep GC freed 3(96B) AllocSpace objects, 0(0B) LOS objects, 36% free, 27MB/43MB, paused 535us total 22.756ms
08-04 03:22:17.339 15503 15519 I art     : Starting a blocking GC Explicit
08-04 03:22:17.341 16524 16524 D AndroidRuntime: >>>>>> START com.android.internal.os.RuntimeInit uid 2000 <<<<<<
08-04 03:22:17.345 16524 16524 D AndroidRuntime: CheckJNI is OFF
08-04 03:22:17.359 15503 15519 I art     : Explicit concurrent mark sweep GC freed 3(96B) AllocSpace objects, 0(0B) LOS objects, 36% free, 27MB/43MB, paused 457us total 19.752ms
08-04 03:22:17.374 16524 16524 D ICU     : No timezone override file found: /data/misc/zoneinfo/current/icu/icu_tzdata.dat
08-04 03:22:17.399 16524 16524 I Radio-JNI: register_android_hardware_Radio DONE
08-04 03:22:17.416 16524 16524 D AndroidRuntime: Calling main entry com.android.commands.input.Input
08-04 03:22:17.417 16524 16524 I Input   : injectMotionEvent: MotionEvent { action=ACTION_DOWN, actionButton=0, id[0]=0, x[0]=625.0, y[0]=832.0, toolType[0]=TOOL_TYPE_UNKNOWN, buttonState=0, metaState=0, flags=0x0, edgeFlags=0x0, pointerCount=1, historySize=0, eventTime=674553830, downTime=674553830, deviceId=0, source=0x1002 }
08-04 03:22:17.423 16524 16524 I Input   : injectMotionEvent: MotionEvent { action=ACTION_UP, actionButton=0, id[0]=0, x[0]=625.0, y[0]=832.0, toolType[0]=TOOL_TYPE_UNKNOWN, buttonState=0, metaState=0, flags=0x0, edgeFlags=0x0, pointerCount=1, historySize=0, eventTime=674553830, downTime=674553830, deviceId=0, source=0x1002 }
08-04 03:22:17.425 16524 16524 D AndroidRuntime: Shutting down VM
08-04 03:22:17.433 15503 15503 D UserPreferences: Using default data folder
08-04 03:22:17.434 15503 15503 D DownloadRequester: partiallyDownloadedFileExists: false
08-04 03:22:17.434 15503 15503 D DownloadRequester: /storage/emulated/0/Android/data/baseline.de.danoeh.antennapod.debug/files/cache/feed-Nice White Parents is available as a download destination
08-04 03:22:17.435   512  2967 D audio_hw_primary: out_set_parameters: enter: usecase(1: low-latency-playback) kvpairs: routing=2
08-04 03:22:17.435 15503 15503 D DownloadRequester: Requesting download of url https://rss.art19.com/nice-white-parents
08-04 03:22:17.440 15503 15503 D DownloadService: Service started
08-04 03:22:17.442 15503 15503 D DownloadService: parallel downloads: 4
08-04 03:22:17.443 15503 16548 D downloadCompletionThd: downloadCompletionThread was started
08-04 03:22:17.445 15503 15503 D DownloadService: Notification set up
08-04 03:22:17.448   512  2967 D audio_hw_primary: select_devices: out_snd_device(2: speaker) in_snd_device(0: none)
08-04 03:22:17.448   512  2967 D msm8974_platform: platform_send_audio_calibration: sending audio calibration for snd_device(2) acdb_id(15)
08-04 03:22:17.448   512  2967 I soundtrigger: audio_extn_sound_trigger_update_device_status: device 0x2 of type 0 for Event 1
08-04 03:22:17.456 15503 15503 D DownloadService: Received enqueue request
08-04 03:22:17.457 15503 15503 D OnlineFeedViewActivity: onEventMainThread() called with: event = [DownloadEvent{update=DownloaderUpdate{downloaders=[baseline.de.danoeh.antennapod.core.service.download.HttpDownloader@34e85cc], feedIds=[0], mediaIds=[]}}]
08-04 03:22:17.458   918  3696 D WifiService: acquireWifiLockLocked: WifiLock{Downloader type=1 binder=android.os.BinderProxy@2c1ba1}
08-04 03:22:17.458 15503 15503 D DownloadService: 1 downloads left
08-04 03:22:17.458 15503 15503 D DownloadService: Setting up notification updater
08-04 03:22:17.458 15503 16550 D AntennapodHttpClient: Creating new instance of HTTP client
08-04 03:22:17.468   512  2967 D audio_hw_primary: enable_snd_device: snd_device(2: speaker)
08-04 03:22:17.471   512  2967 D audio_hw_primary: enable_audio_route: apply and update mixer path: low-latency-playback speaker
08-04 03:22:17.574 15503 16045 I art     : Starting a blocking GC Explicit
08-04 03:22:17.584 15415 15415 I ServiceManager: Waiting for service AtCmdFwd...
08-04 03:22:17.595 15503 16045 I art     : Explicit concurrent mark sweep GC freed 2645(156KB) AllocSpace objects, 1(20KB) LOS objects, 36% free, 27MB/43MB, paused 536us total 20.099ms
08-04 03:22:17.602 15503 16045 I art     : Starting a blocking GC Explicit
08-04 03:22:17.621 15503 16045 I art     : Explicit concurrent mark sweep GC freed 40(1584B) AllocSpace objects, 0(0B) LOS objects, 36% free, 27MB/43MB, paused 544us total 19.366ms
08-04 03:22:17.628 15503 16045 I art     : Starting a blocking GC Explicit
08-04 03:22:17.648 15503 16045 I art     : Explicit concurrent mark sweep GC freed 5(160B) AllocSpace objects, 0(0B) LOS objects, 36% free, 27MB/43MB, paused 753us total 19.687ms
08-04 03:22:17.655 15503 16045 I art     : Starting a blocking GC Explicit
08-04 03:22:17.675 15503 16045 I art     : Explicit concurrent mark sweep GC freed 1583(97KB) AllocSpace objects, 1(80KB) LOS objects, 36% free, 27MB/43MB, paused 816us total 20.181ms
08-04 03:22:17.682 15503 16045 I art     : Starting a blocking GC Explicit
08-04 03:22:17.702 15503 16045 I art     : Explicit concurrent mark sweep GC freed 3737(226KB) AllocSpace objects, 2(120KB) LOS objects, 36% free, 27MB/43MB, paused 569us total 19.652ms
08-04 03:22:17.839 15503 16550 D MYTAG   : interceptor 3a https://rss.art19.com/nice-white-parents
08-04 03:22:17.840 15503 16550 I NAPPA_EXPERIMENTATION: MetricNetworkRequestExecutionTime: REQUEST_DURATION_SYSTEM='380',REQUEST_DURATION_OKHTTP='150',REQUEST_SYNCHRONOUS='TRUE',RESPONSE_CODE='200',RESPONSE_METHOD='GET',RESPONSE_LENGTH_OKHTTP='-1',RESPONSE_LENGTH_HEADER='1803',REQUEST_PROTOCOL='h2',REQUEST_URL='https://rss.art19.com/nice-white-parents',
08-04 03:22:17.840 15503 16550 D HttpDownloader: Response code is 200
08-04 03:22:17.840 15503 16550 D UserPreferences: Using default data folder
08-04 03:22:17.842 15503 16550 D HttpDownloader: Getting size of download
08-04 03:22:17.842 15503 16550 D HttpDownloader: Size is -1
08-04 03:22:17.842 15503 16550 D UserPreferences: Using default data folder
08-04 03:22:17.842 15503 16550 D HttpDownloader: Free space is 20252061696
08-04 03:22:17.843 15503 16550 D HttpDownloader: Starting download
08-04 03:22:17.844 15503 16550 D HttpDownloader: Download was successful
08-04 03:22:17.845   918  3670 D WifiService: releaseWifiLockLocked: WifiLock{Downloader type=1 binder=android.os.BinderProxy@2c1ba1}
08-04 03:22:17.846 15503 16548 D downloadCompletionThd: Received 'Download Complete' - message.
08-04 03:22:17.846 15503 16548 D DownloadService: Handling completed Feed Download
08-04 03:22:17.846 15503 15503 D DownloadService: Removing downloader: https://rss.art19.com/nice-white-parents
08-04 03:22:17.847 15503 15503 D DownloadService: Result of downloads.remove: true
08-04 03:22:17.847 15503 15503 D OnlineFeedViewActivity: onEventMainThread() called with: event = [DownloadEvent{update=DownloaderUpdate{downloaders=[], feedIds=[], mediaIds=[]}}]
08-04 03:22:17.849 15503 16572 D TypeGetter: Recognized type RSS 2.0
08-04 03:22:17.851 15503 16572 D SyndHandler: Recognized ITunes namespace
08-04 03:22:17.851 15503 16572 D SyndHandler: Recognized Atom namespace
08-04 03:22:17.851 15503 16572 D SyndHandler: Recognized Content namespace
08-04 03:22:17.855 15503 16572 D FeedSyncThread: Nice White Parents parsed
08-04 03:22:17.855 15503 16572 D FeedSyncThread: Deletion of file '/storage/emulated/0/Android/data/baseline.de.danoeh.antennapod.debug/files/cache/feed-Nice White Parents' successful
08-04 03:22:17.855 15503 16572 D DBReader: getFeedDownloadLog() called with: feed = [baseline.de.danoeh.antennapod.core.feed.Feed@0]
08-04 03:22:17.856 15503 16549 D FeedSyncThread: Bundling 1 feeds
08-04 03:22:17.857 15503 16573 D DBReader: Extracting Feedlist
08-04 03:22:17.858 15503 16573 D DBTasks : Found no existing Feed with title Nice White Parents. Adding as new one.
08-04 03:22:17.860 15503 16575 D PodDBAdapter: Setting feed with flattr status Nice White Parents: 0
08-04 03:22:17.860 15503 16575 D baseline.de.danoeh.antennapod.core.storage.PodDBAdapter@1666ccd: Inserting new Feed into db
08-04 03:22:17.872 15503 15503 D EventDistributor: Processing event queue. Number of events: 1
08-04 03:22:17.872 15503 15503 D EventDistributor: Notifying observers. Data: 1
08-04 03:22:17.872 15503 15503 D DownloadService: 0 downloads left
08-04 03:22:17.872 15503 16035 D DBReader: Extracting Feedlist
08-04 03:22:17.872 15503 15503 D DownloadService: Number of downloads is 0, attempting shutdown
08-04 03:22:17.875 15503 15503 D DownloadService: Service shutting down
08-04 03:22:17.875 15503 15503 D DownloadService: No report is created
08-04 03:22:17.875 15503 15503 D OnlineFeedViewActivity: onEventMainThread() called with: event = [DownloadEvent{update=DownloaderUpdate{downloaders=[], feedIds=[], mediaIds=[]}}]
08-04 03:22:17.876 15503 16548 E downloadCompletionThd: DownloadCompletionThread was interrupted
08-04 03:22:17.876 15503 15503 D DownloadService: NotificationUpdater cancelled. Result: false
08-04 03:22:17.877 15503 15503 D DBTasks : autodownloadUndownloadedItems
08-04 03:22:17.878 15503 16579 D NetworkUtils: Device is connected to Wi-Fi
08-04 03:22:17.879 15503 16579 D NetworkUtils: Auto-dl filter is disabled
08-04 03:22:17.923 15503 16045 I art     : Starting a blocking GC Explicit
08-04 03:22:17.943 15503 16045 I art     : Explicit concurrent mark sweep GC freed 2913(359KB) AllocSpace objects, 5(100KB) LOS objects, 36% free, 27MB/43MB, paused 572us total 19.896ms
08-04 03:22:17.950 15503 16045 I art     : Starting a blocking GC Explicit
08-04 03:22:17.971 15503 16045 I art     : Explicit concurrent mark sweep GC freed 339(16KB) AllocSpace objects, 0(0B) LOS objects, 36% free, 27MB/43MB, paused 565us total 20.765ms
08-04 03:22:17.978 15503 16045 I art     : Starting a blocking GC Explicit
08-04 03:22:17.999 15503 16045 I art     : Explicit concurrent mark sweep GC freed 5(160B) AllocSpace objects, 0(0B) LOS objects, 36% free, 27MB/43MB, paused 723us total 20.799ms
08-04 03:22:18.007 15503 16045 I art     : Starting a blocking GC Explicit
08-04 03:22:18.008   512  2967 D audio_hw_primary: disable_audio_route: reset and update mixer path: low-latency-playback speaker
08-04 03:22:18.009   512  2967 D audio_hw_primary: disable_snd_device: snd_device(2: speaker)
08-04 03:22:18.019   512  2967 I soundtrigger: audio_extn_sound_trigger_update_device_status: device 0x2 of type 0 for Event 0
08-04 03:22:18.026 15503 16045 I art     : Explicit concurrent mark sweep GC freed 5(160B) AllocSpace objects, 0(0B) LOS objects, 36% free, 27MB/43MB, paused 538us total 18.921ms
08-04 03:22:18.033 15503 16045 I art     : Starting a blocking GC Explicit
08-04 03:22:18.052 15503 16045 I art     : Explicit concurrent mark sweep GC freed 33(912B) AllocSpace objects, 0(0B) LOS objects, 36% free, 27MB/43MB, paused 493us total 19.008ms
08-04 03:22:18.343 15503 15515 I art     : Starting a blocking GC Explicit
08-04 03:22:18.368 15503 15515 I art     : Explicit concurrent mark sweep GC freed 1376(80KB) AllocSpace objects, 1(20KB) LOS objects, 36% free, 27MB/43MB, paused 724us total 24.539ms
08-04 03:22:18.380 15503 15515 I art     : Starting a blocking GC Explicit
08-04 03:22:18.401 15503 15515 I art     : Explicit concurrent mark sweep GC freed 25(816B) AllocSpace objects, 0(0B) LOS objects, 36% free, 27MB/43MB, paused 540us total 20.595ms
08-04 03:22:18.408 15503 15515 I art     : Starting a blocking GC Explicit
08-04 03:22:18.428 15503 15515 I art     : Explicit concurrent mark sweep GC freed 3(96B) AllocSpace objects, 0(0B) LOS objects, 36% free, 27MB/43MB, paused 559us total 20.399ms
08-04 03:22:18.435 15503 15515 I art     : Starting a blocking GC Explicit
08-04 03:22:18.456 15503 15515 I art     : Explicit concurrent mark sweep GC freed 3(96B) AllocSpace objects, 0(0B) LOS objects, 36% free, 27MB/43MB, paused 546us total 20.458ms
08-04 03:22:18.463 15503 15515 I art     : Starting a blocking GC Explicit
08-04 03:22:18.484 15503 15515 I art     : Explicit concurrent mark sweep GC freed 3(96B) AllocSpace objects, 0(0B) LOS objects, 36% free, 27MB/43MB, paused 567us total 20.602ms
08-04 03:22:18.584 15415 15415 I ServiceManager: Waiting for service AtCmdFwd...
08-04 03:22:18.782 15503 15519 I art     : Starting a blocking GC Explicit
08-04 03:22:18.816 15503 15519 I art     : Explicit concurrent mark sweep GC freed 1367(82KB) AllocSpace objects, 1(20KB) LOS objects, 36% free, 27MB/43MB, paused 616us total 33.785ms
08-04 03:22:18.828 15503 15519 I art     : Starting a blocking GC Explicit
08-04 03:22:18.853 15503 15519 I art     : Explicit concurrent mark sweep GC freed 23(752B) AllocSpace objects, 0(0B) LOS objects, 36% free, 27MB/43MB, paused 570us total 24.018ms
08-04 03:22:18.860 15503 15519 I art     : Starting a blocking GC Explicit
08-04 03:22:18.883 15503 15519 I art     : Explicit concurrent mark sweep GC freed 3(96B) AllocSpace objects, 0(0B) LOS objects, 36% free, 27MB/43MB, paused 602us total 22.361ms
08-04 03:22:18.891 15503 15519 I art     : Starting a blocking GC Explicit
08-04 03:22:18.912 15503 15519 I art     : Explicit concurrent mark sweep GC freed 3(96B) AllocSpace objects, 0(0B) LOS objects, 36% free, 27MB/43MB, paused 552us total 21.743ms
08-04 03:22:18.920 15503 15519 I art     : Starting a blocking GC Explicit
08-04 03:22:18.941 15503 15519 I art     : Explicit concurrent mark sweep GC freed 3(96B) AllocSpace objects, 0(0B) LOS objects, 36% free, 27MB/43MB, paused 554us total 21.303ms
08-04 03:22:19.243 15503 15530 I art     : Starting a blocking GC Explicit
08-04 03:22:19.272 15503 15530 I art     : Explicit concurrent mark sweep GC freed 1402(82KB) AllocSpace objects, 1(20KB) LOS objects, 36% free, 27MB/43MB, paused 615us total 29.437ms
08-04 03:22:19.287 15503 15530 I art     : Starting a blocking GC Explicit
08-04 03:22:19.288   518   646 I ThermalEngine: ACTION: GPU - Setting GPU[0] to 510000000
08-04 03:22:19.313 15503 15530 I art     : Explicit concurrent mark sweep GC freed 23(752B) AllocSpace objects, 0(0B) LOS objects, 36% free, 27MB/43MB, paused 779us total 26.185ms
08-04 03:22:19.323 15503 15530 I art     : Starting a blocking GC Explicit
08-04 03:22:19.350 15503 15530 I art     : Explicit concurrent mark sweep GC freed 3(96B) AllocSpace objects, 0(0B) LOS objects, 36% free, 27MB/43MB, paused 723us total 26.812ms
08-04 03:22:19.359 15503 15530 I art     : Starting a blocking GC Explicit
08-04 03:22:19.386 15503 15530 I art     : Explicit concurrent mark sweep GC freed 3(96B) AllocSpace objects, 0(0B) LOS objects, 36% free, 27MB/43MB, paused 791us total 27.133ms
08-04 03:22:19.396 15503 15530 I art     : Starting a blocking GC Explicit
08-04 03:22:19.424 15503 15530 I art     : Explicit concurrent mark sweep GC freed 3(96B) AllocSpace objects, 0(0B) LOS objects, 36% free, 27MB/43MB, paused 762us total 27.389ms
08-04 03:22:19.585 15415 15415 I ServiceManager: Waiting for service AtCmdFwd...
08-04 03:22:19.758 15503 16044 I art     : Starting a blocking GC Explicit
08-04 03:22:19.796 15503 16044 I art     : Explicit concurrent mark sweep GC freed 1372(82KB) AllocSpace objects, 1(20KB) LOS objects, 36% free, 27MB/43MB, paused 781us total 37.204ms
08-04 03:22:19.805 15503 16044 I art     : Starting a blocking GC Explicit
08-04 03:22:19.832 15503 16044 I art     : Explicit concurrent mark sweep GC freed 23(752B) AllocSpace objects, 0(0B) LOS objects, 36% free, 27MB/43MB, paused 785us total 27.080ms
08-04 03:22:19.842 15503 16044 I art     : Starting a blocking GC Explicit
08-04 03:22:19.868 15503 16044 I art     : Explicit concurrent mark sweep GC freed 3(96B) AllocSpace objects, 0(0B) LOS objects, 36% free, 27MB/43MB, paused 782us total 25.984ms
08-04 03:22:19.878 15503 16044 I art     : Starting a blocking GC Explicit
08-04 03:22:19.905 15503 16044 I art     : Explicit concurrent mark sweep GC freed 3(96B) AllocSpace objects, 0(0B) LOS objects, 36% free, 27MB/43MB, paused 765us total 27.386ms
08-04 03:22:19.915 15503 16044 I art     : Starting a blocking GC Explicit
08-04 03:22:19.941 15503 16044 I art     : Explicit concurrent mark sweep GC freed 3(96B) AllocSpace objects, 0(0B) LOS objects, 36% free, 27MB/43MB, paused 769us total 26.427ms
08-04 03:22:20.268 15503 16045 I art     : Starting a blocking GC Explicit
08-04 03:22:20.303 15503 16045 I art     : Explicit concurrent mark sweep GC freed 1399(81KB) AllocSpace objects, 1(20KB) LOS objects, 36% free, 27MB/43MB, paused 838us total 34.496ms
08-04 03:22:20.314 15503 16045 I art     : Starting a blocking GC Explicit
08-04 03:22:20.342 15503 16045 I art     : Explicit concurrent mark sweep GC freed 23(752B) AllocSpace objects, 0(0B) LOS objects, 36% free, 27MB/43MB, paused 751us total 27.603ms
08-04 03:22:20.352 15503 16045 I art     : Starting a blocking GC Explicit
08-04 03:22:20.379 15503 16045 I art     : Explicit concurrent mark sweep GC freed 3(96B) AllocSpace objects, 0(0B) LOS objects, 36% free, 27MB/43MB, paused 777us total 27.243ms
08-04 03:22:20.389 15503 16045 I art     : Starting a blocking GC Explicit
08-04 03:22:20.416 15503 16045 I art     : Explicit concurrent mark sweep GC freed 3(96B) AllocSpace objects, 0(0B) LOS objects, 36% free, 27MB/43MB, paused 769us total 26.885ms
08-04 03:22:20.425 15503 16045 I art     : Starting a blocking GC Explicit
08-04 03:22:20.453 15503 16045 I art     : Explicit concurrent mark sweep GC freed 3(96B) AllocSpace objects, 0(0B) LOS objects, 36% free, 27MB/43MB, paused 779us total 26.899ms
08-04 03:22:20.586 15415 15415 I ServiceManager: Waiting for service AtCmdFwd...
08-04 03:22:20.768 15503 15515 I art     : Starting a blocking GC Explicit
08-04 03:22:20.803 15503 15515 I art     : Explicit concurrent mark sweep GC freed 1366(80KB) AllocSpace objects, 1(20KB) LOS objects, 36% free, 27MB/43MB, paused 831us total 34.426ms
08-04 03:22:20.816 15503 15515 I art     : Starting a blocking GC Explicit
08-04 03:22:20.843 15503 15515 I art     : Explicit concurrent mark sweep GC freed 23(752B) AllocSpace objects, 0(0B) LOS objects, 36% free, 27MB/43MB, paused 755us total 27.079ms
08-04 03:22:20.853 15503 15515 I art     : Starting a blocking GC Explicit
08-04 03:22:20.880 15503 15515 I art     : Explicit concurrent mark sweep GC freed 3(96B) AllocSpace objects, 0(0B) LOS objects, 36% free, 27MB/43MB, paused 774us total 27.366ms
08-04 03:22:20.890 15503 15515 I art     : Starting a blocking GC Explicit
08-04 03:22:20.918 15503 15515 I art     : Explicit concurrent mark sweep GC freed 3(96B) AllocSpace objects, 0(0B) LOS objects, 36% free, 27MB/43MB, paused 770us total 27.703ms
08-04 03:22:20.928 15503 15515 I art     : Starting a blocking GC Explicit
08-04 03:22:20.955 15503 15515 I art     : Explicit concurrent mark sweep GC freed 3(96B) AllocSpace objects, 0(0B) LOS objects, 36% free, 27MB/43MB, paused 750us total 27.410ms
08-04 03:22:21.289   518   646 I ThermalEngine: ACTION: GPU - Setting GPU[0] to 600000000
08-04 03:22:21.303 15503 15519 I art     : Starting a blocking GC Explicit
08-04 03:22:21.337 15503 15519 I art     : Explicit concurrent mark sweep GC freed 1396(82KB) AllocSpace objects, 1(20KB) LOS objects, 36% free, 27MB/43MB, paused 930us total 34.242ms
08-04 03:22:21.350 15503 15519 I art     : Starting a blocking GC Explicit
08-04 03:22:21.373 15503 15519 I art     : Explicit concurrent mark sweep GC freed 23(752B) AllocSpace objects, 0(0B) LOS objects, 36% free, 27MB/43MB, paused 573us total 22.425ms
08-04 03:22:21.381 15503 15519 I art     : Starting a blocking GC Explicit
08-04 03:22:21.403 15503 15519 I art     : Explicit concurrent mark sweep GC freed 3(96B) AllocSpace objects, 0(0B) LOS objects, 36% free, 27MB/43MB, paused 556us total 21.758ms
08-04 03:22:21.410 15503 15519 I art     : Starting a blocking GC Explicit
08-04 03:22:21.432 15503 15519 I art     : Explicit concurrent mark sweep GC freed 3(96B) AllocSpace objects, 0(0B) LOS objects, 36% free, 27MB/43MB, paused 560us total 21.551ms
08-04 03:22:21.440 15503 15519 I art     : Starting a blocking GC Explicit
08-04 03:22:21.461 15503 15519 I art     : Explicit concurrent mark sweep GC freed 3(96B) AllocSpace objects, 0(0B) LOS objects, 36% free, 27MB/43MB, paused 558us total 21.417ms
08-04 03:22:21.587 15415 15415 I ServiceManager: Waiting for service AtCmdFwd...
08-04 03:22:21.767 15503 15530 I art     : Starting a blocking GC Explicit
08-04 03:22:21.794 15503 15530 I art     : Explicit concurrent mark sweep GC freed 1366(80KB) AllocSpace objects, 1(20KB) LOS objects, 36% free, 27MB/43MB, paused 583us total 26.859ms
08-04 03:22:21.802 15503 15530 I art     : Starting a blocking GC Explicit
08-04 03:22:21.824 15503 15530 I art     : Explicit concurrent mark sweep GC freed 23(752B) AllocSpace objects, 0(0B) LOS objects, 36% free, 27MB/43MB, paused 569us total 21.345ms
08-04 03:22:21.831 15503 15530 I art     : Starting a blocking GC Explicit
08-04 03:22:21.851 15503 15530 I art     : Explicit concurrent mark sweep GC freed 3(96B) AllocSpace objects, 0(0B) LOS objects, 36% free, 27MB/43MB, paused 576us total 19.981ms
08-04 03:22:21.858 15503 15530 I art     : Starting a blocking GC Explicit
08-04 03:22:21.878 15503 15530 I art     : Explicit concurrent mark sweep GC freed 3(96B) AllocSpace objects, 0(0B) LOS objects, 36% free, 27MB/43MB, paused 582us total 19.797ms
08-04 03:22:21.885 15503 15530 I art     : Starting a blocking GC Explicit
08-04 03:22:21.905 15503 15530 I art     : Explicit concurrent mark sweep GC freed 3(96B) AllocSpace objects, 0(0B) LOS objects, 36% free, 27MB/43MB, paused 569us total 20.069ms
08-04 03:22:22.014 16654 16654 D AndroidRuntime: >>>>>> START com.android.internal.os.RuntimeInit uid 2000 <<<<<<
08-04 03:22:22.019 16654 16654 D AndroidRuntime: CheckJNI is OFF
08-04 03:22:22.047 16654 16654 D ICU     : No timezone override file found: /data/misc/zoneinfo/current/icu/icu_tzdata.dat
08-04 03:22:22.072 16654 16654 I Radio-JNI: register_android_hardware_Radio DONE
08-04 03:22:22.088 16654 16654 D AndroidRuntime: Calling main entry com.android.commands.input.Input
08-04 03:22:22.090 16654 16654 I Input   : injectKeyEvent: KeyEvent { action=ACTION_DOWN, keyCode=KEYCODE_BACK, scanCode=0, metaState=0, flags=0x0, repeatCount=0, eventTime=674558503, downTime=674558503, deviceId=-1, source=0x101 }
08-04 03:22:22.096 16654 16654 I Input   : injectKeyEvent: KeyEvent { action=ACTION_UP, keyCode=KEYCODE_BACK, scanCode=0, metaState=0, flags=0x0, repeatCount=0, eventTime=674558503, downTime=674558503, deviceId=-1, source=0x101 }
08-04 03:22:22.105 16654 16654 D AndroidRuntime: Shutting down VM
08-04 03:22:22.111 15503 15503 V PlaybackController: initServiceNotRunning()
08-04 03:22:22.111 15503 15503 D ExternalPlayerFragment: Loading media info
08-04 03:22:22.116 15503 15503 D UserPreferences: Using default data folder
08-04 03:22:22.116 15503 16035 D DBReader: getNavDrawerData() called with: 
08-04 03:22:22.119 15503 16035 D DBReader: getDownloadedItems() called
08-04 03:22:22.120 15503 16035 D DBReader: getFavoriteIDList() called
08-04 03:22:22.120 15503 16035 D DBReader: getQueueIDList() called
08-04 03:22:22.121 15503 16035 D DBReader: Extracting Feedlist
08-04 03:22:22.144 15503 15503 D MainActivity: getLastNavFragment() -> AddFeedFragment
08-04 03:22:22.147 13866 13866 I GoogleInputMethodServic: GoogleInputMethodService.onFinishInput():3138 
08-04 03:22:22.148 13866 13866 I GoogleInputMethodServic: GoogleInputMethodService.onStartInput():1808 
08-04 03:22:22.160 15503 16439 D ApOkHttpUrlLoader: buildLoadData() called with: model = [https://content.production.cdn.art19.com/images/89/e0/88/44/89e08844-ac28-4fc0-96fa-15a41fec2014/262c12ed699a8d9720dea0bd66449d998e4a08cf18095bed170ccaa76722045fa5dbf7a366918b2db7e3acf29ad22f6b99fd659a9409cb807bf2781d968932f8.jpeg], width = [140], height = [140]
08-04 03:22:22.173 15503 16045 I art     : Starting a blocking GC Explicit
08-04 03:22:22.196 15503 16045 I art     : Explicit concurrent mark sweep GC freed 2467(172KB) AllocSpace objects, 1(20KB) LOS objects, 36% free, 27MB/43MB, paused 591us total 22.673ms
08-04 03:22:22.203 15503 16045 I art     : Starting a blocking GC Explicit
08-04 03:22:22.223 15503 16045 I art     : Explicit concurrent mark sweep GC freed 501(26KB) AllocSpace objects, 0(0B) LOS objects, 36% free, 27MB/43MB, paused 557us total 19.250ms
08-04 03:22:22.229 15503 16045 I art     : Starting a blocking GC Explicit
08-04 03:22:22.250 15503 16045 I art     : Explicit concurrent mark sweep GC freed 3(96B) AllocSpace objects, 0(0B) LOS objects, 36% free, 27MB/43MB, paused 640us total 20.245ms
08-04 03:22:22.250 15503 15514 I art     : WaitForGcToComplete blocked for 17.231ms for cause HeapTrim
08-04 03:22:22.257 15503 16045 I art     : Starting a blocking GC Explicit
08-04 03:22:22.279 15503 16045 I art     : Explicit concurrent mark sweep GC freed 59(12KB) AllocSpace objects, 0(0B) LOS objects, 36% free, 27MB/43MB, paused 520us total 21.147ms
08-04 03:22:22.286 15503 16045 I art     : Starting a blocking GC Explicit
08-04 03:22:22.307 15503 16045 I art     : Explicit concurrent mark sweep GC freed 164(6KB) AllocSpace objects, 0(0B) LOS objects, 36% free, 27MB/43MB, paused 685us total 20.993ms
08-04 03:22:22.452   380   380 W SurfaceFlinger: couldn't log to binary event log: overflow.
08-04 03:22:22.555 15503 16044 I art     : Starting a blocking GC Explicit
08-04 03:22:22.578 15503 16044 I art     : Explicit concurrent mark sweep GC freed 2017(107KB) AllocSpace objects, 1(20KB) LOS objects, 36% free, 27MB/43MB, paused 719us total 23.041ms
08-04 03:22:22.586 15503 16044 I art     : Starting a blocking GC Explicit
08-04 03:22:22.588 15415 15415 W Atfwd_Sendcmd: AtCmdFwd service not published, waiting... retryCnt : 5
08-04 03:22:22.606 15503 16044 I art     : Explicit concurrent mark sweep GC freed 2483(152KB) AllocSpace objects, 2(248KB) LOS objects, 36% free, 27MB/43MB, paused 561us total 20.110ms
08-04 03:22:22.613 15503 16044 I art     : Starting a blocking GC Explicit
08-04 03:22:22.633 15503 16044 I art     : Explicit concurrent mark sweep GC freed 3(96B) AllocSpace objects, 0(0B) LOS objects, 36% free, 27MB/43MB, paused 582us total 19.407ms
08-04 03:22:22.640 15503 16044 I art     : Starting a blocking GC Explicit
08-04 03:22:22.660 15503 16044 I art     : Explicit concurrent mark sweep GC freed 3(96B) AllocSpace objects, 0(0B) LOS objects, 36% free, 27MB/43MB, paused 542us total 19.814ms
08-04 03:22:22.667 15503 16044 I art     : Starting a blocking GC Explicit
08-04 03:22:22.687 15503 16044 I art     : Explicit concurrent mark sweep GC freed 3(96B) AllocSpace objects, 0(0B) LOS objects, 36% free, 27MB/43MB, paused 610us total 19.882ms
08-04 03:22:22.967 15503 15515 I art     : Starting a blocking GC Explicit
08-04 03:22:23.000 15503 15515 I art     : Explicit concurrent mark sweep GC freed 1369(82KB) AllocSpace objects, 1(20KB) LOS objects, 36% free, 27MB/43MB, paused 621us total 31.767ms
08-04 03:22:23.014 15503 15515 I art     : Starting a blocking GC Explicit
08-04 03:22:23.036 15503 15515 I art     : Explicit concurrent mark sweep GC freed 23(752B) AllocSpace objects, 0(0B) LOS objects, 36% free, 27MB/43MB, paused 574us total 21.587ms
08-04 03:22:23.043 15503 15515 I art     : Starting a blocking GC Explicit
08-04 03:22:23.064 15503 15515 I art     : Explicit concurrent mark sweep GC freed 32(880B) AllocSpace objects, 0(0B) LOS objects, 36% free, 27MB/43MB, paused 543us total 20.914ms
08-04 03:22:23.072 15503 15515 I art     : Starting a blocking GC Explicit
08-04 03:22:23.093 15503 15515 I art     : Explicit concurrent mark sweep GC freed 3(96B) AllocSpace objects, 0(0B) LOS objects, 36% free, 27MB/43MB, paused 563us total 20.470ms
08-04 03:22:23.100 15503 15515 I art     : Starting a blocking GC Explicit
08-04 03:22:23.120 15503 15515 I art     : Explicit concurrent mark sweep GC freed 3(96B) AllocSpace objects, 0(0B) LOS objects, 36% free, 27MB/43MB, paused 552us total 20.333ms
08-04 03:22:23.295   518   646 I ThermalEngine: ACTION: GPU - Setting GPU[0] to 510000000
08-04 03:22:23.410 15503 15519 I art     : Starting a blocking GC Explicit
08-04 03:22:23.437 15503 15519 I art     : Explicit concurrent mark sweep GC freed 1368(80KB) AllocSpace objects, 1(20KB) LOS objects, 36% free, 27MB/43MB, paused 887us total 26.568ms
08-04 03:22:23.446 15503 15519 I art     : Starting a blocking GC Explicit
08-04 03:22:23.472 15503 15519 I art     : Explicit concurrent mark sweep GC freed 23(752B) AllocSpace objects, 0(0B) LOS objects, 36% free, 27MB/43MB, paused 774us total 25.770ms
08-04 03:22:23.482 15503 15519 I art     : Starting a blocking GC Explicit
08-04 03:22:23.507 15503 15519 I art     : Explicit concurrent mark sweep GC freed 3(96B) AllocSpace objects, 0(0B) LOS objects, 36% free, 27MB/43MB, paused 839us total 25.136ms
08-04 03:22:23.516 15503 15519 I art     : Starting a blocking GC Explicit
08-04 03:22:23.541 15503 15519 I art     : Explicit concurrent mark sweep GC freed 3(96B) AllocSpace objects, 0(0B) LOS objects, 36% free, 27MB/43MB, paused 757us total 24.565ms
08-04 03:22:23.550 15503 15519 I art     : Starting a blocking GC Explicit
08-04 03:22:23.575 15503 15519 I art     : Explicit concurrent mark sweep GC freed 3(96B) AllocSpace objects, 0(0B) LOS objects, 36% free, 27MB/43MB, paused 762us total 24.497ms
08-04 03:22:23.767 16713 16713 D AndroidRuntime: >>>>>> START com.android.internal.os.RuntimeInit uid 2000 <<<<<<
08-04 03:22:23.771 16713 16713 D AndroidRuntime: CheckJNI is OFF
08-04 03:22:23.802 16713 16713 D ICU     : No timezone override file found: /data/misc/zoneinfo/current/icu/icu_tzdata.dat
08-04 03:22:23.833 16713 16713 I Radio-JNI: register_android_hardware_Radio DONE
08-04 03:22:23.854 16713 16713 D AndroidRuntime: Calling main entry com.android.commands.input.Input
08-04 03:22:23.856 16713 16713 I Input   : injectMotionEvent: MotionEvent { action=ACTION_DOWN, actionButton=0, id[0]=0, x[0]=639.0, y[0]=762.0, toolType[0]=TOOL_TYPE_UNKNOWN, buttonState=0, metaState=0, flags=0x0, edgeFlags=0x0, pointerCount=1, historySize=0, eventTime=674560268, downTime=674560268, deviceId=0, source=0x1002 }
08-04 03:22:23.861 15503 16044 I art     : Starting a blocking GC Explicit
08-04 03:22:23.861 16713 16713 I Input   : injectMotionEvent: MotionEvent { action=ACTION_UP, actionButton=0, id[0]=0, x[0]=639.0, y[0]=762.0, toolType[0]=TOOL_TYPE_UNKNOWN, buttonState=0, metaState=0, flags=0x0, edgeFlags=0x0, pointerCount=1, historySize=0, eventTime=674560268, downTime=674560268, deviceId=0, source=0x1002 }
08-04 03:22:23.862 16713 16713 D AndroidRuntime: Shutting down VM
08-04 03:22:23.888 15503 16044 I art     : Explicit concurrent mark sweep GC freed 1409(82KB) AllocSpace objects, 1(20KB) LOS objects, 36% free, 27MB/43MB, paused 910us total 27.307ms
08-04 03:22:23.898 15503 16044 I art     : Starting a blocking GC Explicit
08-04 03:22:23.922 15503 16044 I art     : Explicit concurrent mark sweep GC freed 29(944B) AllocSpace objects, 0(0B) LOS objects, 36% free, 27MB/43MB, paused 892us total 23.715ms
08-04 03:22:23.931 15503 16044 I art     : Starting a blocking GC Explicit
08-04 03:22:23.939   512  2967 D audio_hw_primary: out_set_parameters: enter: usecase(1: low-latency-playback) kvpairs: routing=2
08-04 03:22:23.952   512  2967 D audio_hw_primary: select_devices: out_snd_device(2: speaker) in_snd_device(0: none)
08-04 03:22:23.952   512  2967 D msm8974_platform: platform_send_audio_calibration: sending audio calibration for snd_device(2) acdb_id(15)
08-04 03:22:23.952   512  2967 I soundtrigger: audio_extn_sound_trigger_update_device_status: device 0x2 of type 0 for Event 1
08-04 03:22:23.956 15503 16044 I art     : Explicit concurrent mark sweep GC freed 174(7KB) AllocSpace objects, 0(0B) LOS objects, 36% free, 27MB/43MB, paused 1.130ms total 24.649ms
08-04 03:22:23.959 13866 13866 I GoogleInputMethodServic: GoogleInputMethodService.onFinishInput():3138 
08-04 03:22:23.960 13866 13866 I GoogleInputMethodServic: GoogleInputMethodService.onStartInput():1808 
08-04 03:22:23.962   512  2967 D audio_hw_primary: enable_snd_device: snd_device(2: speaker)
08-04 03:22:23.964   512  2967 D audio_hw_primary: enable_audio_route: apply and update mixer path: low-latency-playback speaker
08-04 03:22:23.965 15503 16044 I art     : Starting a blocking GC Explicit
08-04 03:22:23.991 15503 16044 I art     : Explicit concurrent mark sweep GC freed 51(2208B) AllocSpace objects, 0(0B) LOS objects, 36% free, 27MB/43MB, paused 810us total 25.447ms
08-04 03:22:24.000 15503 16044 I art     : Starting a blocking GC Explicit
08-04 03:22:24.024 15503 16044 I art     : Explicit concurrent mark sweep GC freed 17(608B) AllocSpace objects, 0(0B) LOS objects, 36% free, 27MB/43MB, paused 763us total 24.047ms
08-04 03:22:24.151 15503 15535 I NAPPA_EXPERIMENTATION: MetricNetworkRequestExecutionTime: REQUEST_DURATION_SYSTEM='213',REQUEST_DURATION_OKHTTP='213',REQUEST_SYNCHRONOUS='TRUE',RESPONSE_CODE='200',RESPONSE_METHOD='GET',RESPONSE_LENGTH_OKHTTP='-1',RESPONSE_LENGTH_HEADER='622',REQUEST_PROTOCOL='h2',REQUEST_URL='https://itunes.apple.com/lookup?id=360084272',
08-04 03:22:24.172   918  5952 I ActivityManager: START u0 {cmp=baseline.de.danoeh.antennapod.debug/baseline.de.danoeh.antennapod.activity.OnlineFeedViewActivity (has extras)} from uid 10670 on display 0
08-04 03:22:24.196 13866 13866 I GoogleInputMethodServic: GoogleInputMethodService.onFinishInput():3138 
08-04 03:22:24.197 13866 13866 I GoogleInputMethodServic: GoogleInputMethodService.onStartInput():1808 
08-04 03:22:24.218 15503 15503 D UserPreferences: Using default data folder
08-04 03:22:24.218 15503 15503 D OnlineFeedViewActivity: Activity was started with url http://joeroganexp.joerogan.libsynpro.com/rss
08-04 03:22:24.220 15503 15503 D OnlineFeedViewActivity: Starting feed download
08-04 03:22:24.223 15503 15528 D DBReader: Extracting Feedlist
08-04 03:22:24.225   918   929 D WifiService: acquireWifiLockLocked: WifiLock{Downloader type=1 binder=android.os.BinderProxy@b11d338}
08-04 03:22:24.226 15503 15528 D AntennapodHttpClient: Creating new instance of HTTP client
08-04 03:22:24.271 15503 15528 D MYTAG   : interceptor 3a http://joeroganexp.joerogan.libsynpro.com/rss
08-04 03:22:24.271 15503 15528 I NAPPA_EXPERIMENTATION: MetricNetworkRequestExecutionTime: REQUEST_DURATION_SYSTEM='45',REQUEST_DURATION_OKHTTP='38',REQUEST_SYNCHRONOUS='TRUE',RESPONSE_CODE='200',RESPONSE_METHOD='GET',RESPONSE_LENGTH_OKHTTP='-1',RESPONSE_LENGTH_HEADER='307892',REQUEST_PROTOCOL='http/1.1',REQUEST_URL='http://joeroganexp.joerogan.libsynpro.com/rss',
08-04 03:22:24.271 15503 15528 D HttpDownloader: Response code is 200
08-04 03:22:24.271 15503 15528 D UserPreferences: Using default data folder
08-04 03:22:24.274 15503 15528 D HttpDownloader: Getting size of download
08-04 03:22:24.274 15503 15528 D HttpDownloader: Size is -1
08-04 03:22:24.274 15503 15528 D UserPreferences: Using default data folder
08-04 03:22:24.274 15503 15528 D HttpDownloader: Free space is 20251983872
08-04 03:22:24.274 15503 15528 D HttpDownloader: Starting download
08-04 03:22:24.276 15503 15515 I art     : Starting a blocking GC Explicit
08-04 03:22:24.281 13866 13866 I GoogleInputMethodServic: GoogleInputMethodService.onFinishInput():3138 
08-04 03:22:24.282 13866 13866 I GoogleInputMethodServic: GoogleInputMethodService.onStartInput():1808 
08-04 03:22:24.303 15503 15515 I art     : Explicit concurrent mark sweep GC freed 3486(234KB) AllocSpace objects, 1(20KB) LOS objects, 36% free, 27MB/43MB, paused 888us total 26.722ms
08-04 03:22:24.307   918   936 I ActivityManager: Displayed baseline.de.danoeh.antennapod.debug/baseline.de.danoeh.antennapod.activity.OnlineFeedViewActivity: +109ms
08-04 03:22:24.313 15503 15515 I art     : Starting a blocking GC Explicit
08-04 03:22:24.340 15503 15515 I art     : Explicit concurrent mark sweep GC freed 385(17KB) AllocSpace objects, 0(0B) LOS objects, 36% free, 27MB/43MB, paused 870us total 26.560ms
08-04 03:22:24.349 15503 15515 I art     : Starting a blocking GC Explicit
08-04 03:22:24.375 15503 15515 I art     : Explicit concurrent mark sweep GC freed 13(864B) AllocSpace objects, 0(0B) LOS objects, 36% free, 27MB/43MB, paused 860us total 25.033ms
08-04 03:22:24.384 15503 15515 I art     : Starting a blocking GC Explicit
08-04 03:22:24.407 15503 15515 I art     : Explicit concurrent mark sweep GC freed 3(96B) AllocSpace objects, 0(0B) LOS objects, 36% free, 27MB/43MB, paused 773us total 23.216ms
08-04 03:22:24.415 15503 15515 I art     : Starting a blocking GC Explicit
08-04 03:22:24.440 15503 15515 I art     : Explicit concurrent mark sweep GC freed 3(96B) AllocSpace objects, 0(0B) LOS objects, 36% free, 27MB/43MB, paused 723us total 24.423ms
08-04 03:22:24.469 15503 15528 D HttpDownloader: Download was successful
08-04 03:22:24.470   918  3714 D WifiService: releaseWifiLockLocked: WifiLock{Downloader type=1 binder=android.os.BinderProxy@b11d338}
08-04 03:22:24.471 15503 15503 D OnlineFeedViewActivity: Parsing feed
08-04 03:22:24.476 15503 16749 D TypeGetter: Recognized type RSS 2.0
08-04 03:22:24.479 15503 16749 D SyndHandler: Recognized Atom namespace
08-04 03:22:24.479 15503 16749 D SyndHandler: Recognized ITunes namespace
08-04 03:22:24.479 15503 16749 D SyndHandler: Recognized media namespace
08-04 03:22:24.479 15503 16749 D SyndHandler: Recognized Content namespace
08-04 03:22:24.499   512  2967 D audio_hw_primary: disable_audio_route: reset and update mixer path: low-latency-playback speaker
08-04 03:22:24.500   512  2967 D audio_hw_primary: disable_snd_device: snd_device(2: speaker)
08-04 03:22:24.510   512  2967 I soundtrigger: audio_extn_sound_trigger_update_device_status: device 0x2 of type 0 for Event 0
08-04 03:22:24.555   380   380 W SurfaceFlinger: couldn't log to binary event log: overflow.
08-04 03:22:24.674 15503 15503 D PlaybackController: Releasing PlaybackController
08-04 03:22:24.706 15503 16044 I art     : Starting a blocking GC Explicit
08-04 03:22:24.741 15503 16044 I art     : Explicit concurrent mark sweep GC freed 18098(1118KB) AllocSpace objects, 4(80KB) LOS objects, 36% free, 28MB/44MB, paused 1.215ms total 34.698ms
08-04 03:22:24.750 15503 16044 I art     : Starting a blocking GC Explicit
08-04 03:22:24.777 15503 16044 I art     : Explicit concurrent mark sweep GC freed 7043(340KB) AllocSpace objects, 0(0B) LOS objects, 36% free, 28MB/44MB, paused 996us total 26.043ms
08-04 03:22:24.786 15503 16044 I art     : Starting a blocking GC Explicit
08-04 03:22:24.812 15503 16044 I art     : Explicit concurrent mark sweep GC freed 3146(161KB) AllocSpace objects, 0(0B) LOS objects, 36% free, 28MB/44MB, paused 1.030ms total 26.139ms
08-04 03:22:24.821 15503 16044 I art     : Starting a blocking GC Explicit
08-04 03:22:24.847 15503 16044 I art     : Explicit concurrent mark sweep GC freed 2820(144KB) AllocSpace objects, 0(0B) LOS objects, 36% free, 28MB/44MB, paused 1.123ms total 26.683ms
08-04 03:22:24.856 15503 16044 I art     : Starting a blocking GC Explicit
08-04 03:22:24.883 15503 16044 I art     : Explicit concurrent mark sweep GC freed 2869(147KB) AllocSpace objects, 0(0B) LOS objects, 36% free, 28MB/44MB, paused 1.062ms total 26.237ms
08-04 03:22:25.160 15503 15515 I art     : Starting a blocking GC Explicit
08-04 03:22:25.196 15503 15515 I art     : Explicit concurrent mark sweep GC freed 23911(1267KB) AllocSpace objects, 1(20KB) LOS objects, 35% free, 29MB/45MB, paused 1.053ms total 35.484ms
08-04 03:22:25.206 15503 15515 I art     : Starting a blocking GC Explicit
08-04 03:22:25.236 15503 15515 I art     : Explicit concurrent mark sweep GC freed 6449(304KB) AllocSpace objects, 0(0B) LOS objects, 35% free, 28MB/44MB, paused 1.155ms total 29.376ms
08-04 03:22:25.246 15503 15515 I art     : Starting a blocking GC Explicit
08-04 03:22:25.273 15503 15515 I art     : Explicit concurrent mark sweep GC freed 6089(295KB) AllocSpace objects, 0(0B) LOS objects, 35% free, 28MB/44MB, paused 1.013ms total 27.198ms
08-04 03:22:25.283 15503 15515 I art     : Starting a blocking GC Explicit
08-04 03:22:25.311 15503 15515 I art     : Explicit concurrent mark sweep GC freed 2935(156KB) AllocSpace objects, 0(0B) LOS objects, 35% free, 28MB/44MB, paused 995us total 27.406ms
08-04 03:22:25.320 15503 15515 I art     : Starting a blocking GC Explicit
08-04 03:22:25.348 15503 15515 I art     : Explicit concurrent mark sweep GC freed 2869(142KB) AllocSpace objects, 0(0B) LOS objects, 35% free, 28MB/44MB, paused 1.114ms total 28.437ms
08-04 03:22:25.656 15503 16045 I art     : Starting a blocking GC Explicit
08-04 03:22:25.695 15503 16045 I art     : Explicit concurrent mark sweep GC freed 25969(1405KB) AllocSpace objects, 1(20KB) LOS objects, 34% free, 29MB/45MB, paused 1.305ms total 38.829ms
08-04 03:22:25.706 15503 16045 I art     : Starting a blocking GC Explicit
08-04 03:22:25.737 15503 16045 I art     : Explicit concurrent mark sweep GC freed 10048(479KB) AllocSpace objects, 0(0B) LOS objects, 35% free, 29MB/45MB, paused 1.208ms total 30.285ms
08-04 03:22:25.748 15503 16045 I art     : Starting a blocking GC Explicit
08-04 03:22:25.777 15503 16045 I art     : Explicit concurrent mark sweep GC freed 3626(186KB) AllocSpace objects, 0(0B) LOS objects, 35% free, 29MB/45MB, paused 1.048ms total 28.523ms
08-04 03:22:25.786 15503 16045 I art     : Starting a blocking GC Explicit
08-04 03:22:25.815 15503 16045 I art     : Explicit concurrent mark sweep GC freed 3102(167KB) AllocSpace objects, 0(0B) LOS objects, 35% free, 29MB/45MB, paused 982us total 29.113ms
08-04 03:22:25.825 15503 16045 I art     : Starting a blocking GC Explicit
08-04 03:22:25.855 15503 16045 I art     : Explicit concurrent mark sweep GC freed 3225(171KB) AllocSpace objects, 0(0B) LOS objects, 35% free, 29MB/45MB, paused 1.061ms total 29.820ms
08-04 03:22:26.163 15503 16045 I art     : Starting a blocking GC Explicit
08-04 03:22:26.205 15503 16045 I art     : Explicit concurrent mark sweep GC freed 26684(1471KB) AllocSpace objects, 1(20KB) LOS objects, 34% free, 30MB/46MB, paused 1.197ms total 41.407ms
08-04 03:22:26.217 15503 16045 I art     : Starting a blocking GC Explicit
08-04 03:22:26.251 15503 16045 I art     : Explicit concurrent mark sweep GC freed 3967(203KB) AllocSpace objects, 0(0B) LOS objects, 34% free, 30MB/46MB, paused 1.380ms total 34.109ms
08-04 03:22:26.262 15503 16045 I art     : Starting a blocking GC Explicit
08-04 03:22:26.295 15503 16045 I art     : Explicit concurrent mark sweep GC freed 9309(438KB) AllocSpace objects, 0(0B) LOS objects, 34% free, 30MB/46MB, paused 1.269ms total 32.341ms
08-04 03:22:26.305 15503 16045 I art     : Starting a blocking GC Explicit
08-04 03:22:26.335 15503 16045 I art     : Explicit concurrent mark sweep GC freed 4787(241KB) AllocSpace objects, 0(0B) LOS objects, 34% free, 30MB/46MB, paused 1.017ms total 29.735ms
08-04 03:22:26.346 15503 16045 I art     : Starting a blocking GC Explicit
08-04 03:22:26.376 15503 16045 I art     : Explicit concurrent mark sweep GC freed 3397(175KB) AllocSpace objects, 0(0B) LOS objects, 34% free, 30MB/46MB, paused 1.148ms total 30.061ms
08-04 03:22:26.683 15503 16044 I art     : Starting a blocking GC Explicit
08-04 03:22:26.725 15503 16044 I art     : Explicit concurrent mark sweep GC freed 27604(1317KB) AllocSpace objects, 1(20KB) LOS objects, 33% free, 31MB/47MB, paused 1.143ms total 42.067ms
08-04 03:22:26.736 15503 16044 I art     : Starting a blocking GC Explicit
08-04 03:22:26.773 15503 16044 I art     : Explicit concurrent mark sweep GC freed 3982(187KB) AllocSpace objects, 0(0B) LOS objects, 33% free, 31MB/47MB, paused 1.325ms total 36.566ms
08-04 03:22:26.784 15503 16044 I art     : Starting a blocking GC Explicit
08-04 03:22:26.816 15503 16044 I art     : Explicit concurrent mark sweep GC freed 11390(521KB) AllocSpace objects, 0(0B) LOS objects, 34% free, 30MB/46MB, paused 1.021ms total 31.981ms
08-04 03:22:26.827 15503 16044 I art     : Starting a blocking GC Explicit
08-04 03:22:26.851 15503 16749 D OnlineFeedViewActivity: Deleted feed source file. Result: true
08-04 03:22:26.858 15503 16044 I art     : Explicit concurrent mark sweep GC freed 2539(124KB) AllocSpace objects, 0(0B) LOS objects, 34% free, 30MB/46MB, paused 749us total 31.698ms
08-04 03:22:26.862 15503 15503 D OnlineFeedViewActivity: Removing HTML from shownotes
08-04 03:22:26.869 15503 16044 I art     : Starting a blocking GC Explicit
08-04 03:22:26.904 15503 16044 I art     : Explicit concurrent mark sweep GC freed 10704(869KB) AllocSpace objects, 43(2MB) LOS objects, 33% free, 31MB/47MB, paused 1.107ms total 34.239ms
08-04 03:22:27.174 15503 15519 I art     : Starting a blocking GC Explicit
08-04 03:22:27.220 15503 15519 I art     : Explicit concurrent mark sweep GC freed 64412(5MB) AllocSpace objects, 289(19MB) LOS objects, 32% free, 33MB/49MB, paused 1.101ms total 45.398ms
08-04 03:22:27.232 15503 15519 I art     : Starting a blocking GC Explicit
08-04 03:22:27.276 15503 15519 I art     : Explicit concurrent mark sweep GC freed 48208(4MB) AllocSpace objects, 229(15MB) LOS objects, 31% free, 34MB/50MB, paused 1.369ms total 43.071ms
08-04 03:22:27.288 15503 15519 I art     : Starting a blocking GC Explicit
08-04 03:22:27.328 15503 16439 D ApOkHttpUrlLoader: buildLoadData() called with: model = [http://static.libsyn.com/p/assets/7/1/f/3/71f3014e14ef2722/JREiTunesImage2.jpg], width = [350], height = [350]
08-04 03:22:27.328 15503 15519 I art     : Explicit concurrent mark sweep GC freed 37624(4MB) AllocSpace objects, 274(18MB) LOS objects, 34% free, 30MB/46MB, paused 1.227ms total 40.329ms
08-04 03:22:27.329 15503 15514 I art     : WaitForGcToComplete blocked for 40.852ms for cause HeapTrim
08-04 03:22:27.330 15503 16255 D DBReader: getImageAuthentication() called with: imageUrl = [http://static.libsyn.com/p/assets/7/1/f/3/71f3014e14ef2722/JREiTunesImage2.jpg]
08-04 03:22:27.333 15503 16255 D ApOkHttpUrlLoader: no credentials for 'http://static.libsyn.com/p/assets/7/1/f/3/71f3014e14ef2722/JREiTunesImage2.jpg'
08-04 03:22:27.340 15503 15519 I art     : Starting a blocking GC Explicit
08-04 03:22:27.374 15503 15519 I art     : Explicit concurrent mark sweep GC freed 1489(86KB) AllocSpace objects, 0(0B) LOS objects, 34% free, 30MB/46MB, paused 823us total 34.299ms
08-04 03:22:27.385 15503 15519 I art     : Starting a blocking GC Explicit
08-04 03:22:27.420 15503 15519 I art     : Explicit concurrent mark sweep GC freed 598(29KB) AllocSpace objects, 1(112KB) LOS objects, 34% free, 30MB/46MB, paused 795us total 34.680ms
08-04 03:22:27.425 15503 16255 D MYTAG   : interceptor 2a
08-04 03:22:27.426 15503 16255 I NAPPA_EXPERIMENTATION: MetricNetworkRequestExecutionTime: REQUEST_DURATION_SYSTEM='92',REQUEST_DURATION_OKHTTP='31',REQUEST_SYNCHRONOUS='TRUE',RESPONSE_CODE='200',RESPONSE_METHOD='GET',RESPONSE_LENGTH_OKHTTP='402832',RESPONSE_LENGTH_HEADER='402832',REQUEST_PROTOCOL='http/1.1',REQUEST_URL='http://static.libsyn.com/p/assets/7/1/f/3/71f3014e14ef2722/JREiTunesImage2.jpg',
08-04 03:22:27.708 15503 15530 I art     : Starting a blocking GC Explicit
08-04 03:22:27.745 15503 15530 I art     : Explicit concurrent mark sweep GC freed 1738(116KB) AllocSpace objects, 1(20KB) LOS objects, 33% free, 31MB/47MB, paused 786us total 36.104ms
08-04 03:22:27.757 15503 15530 I art     : Starting a blocking GC Explicit
08-04 03:22:27.790 15503 15530 I art     : Explicit concurrent mark sweep GC freed 42(1312B) AllocSpace objects, 0(0B) LOS objects, 33% free, 31MB/47MB, paused 723us total 33.502ms
08-04 03:22:27.801 15503 15530 I art     : Starting a blocking GC Explicit
08-04 03:22:27.837 15503 15530 I art     : Explicit concurrent mark sweep GC freed 3(96B) AllocSpace objects, 0(0B) LOS objects, 33% free, 31MB/47MB, paused 779us total 35.388ms
08-04 03:22:27.849 15503 15530 I art     : Starting a blocking GC Explicit
08-04 03:22:27.887 15503 15530 I art     : Explicit concurrent mark sweep GC freed 3(96B) AllocSpace objects, 0(0B) LOS objects, 33% free, 31MB/47MB, paused 915us total 38.083ms
08-04 03:22:27.900 15503 15530 I art     : Starting a blocking GC Explicit
08-04 03:22:27.938 15503 15530 I art     : Explicit concurrent mark sweep GC freed 3(96B) AllocSpace objects, 0(0B) LOS objects, 33% free, 31MB/47MB, paused 932us total 37.616ms
08-04 03:22:28.242 15503 16045 I art     : Starting a blocking GC Explicit
08-04 03:22:28.280 15503 16045 I art     : Explicit concurrent mark sweep GC freed 1399(81KB) AllocSpace objects, 1(20KB) LOS objects, 33% free, 31MB/47MB, paused 807us total 37.460ms
08-04 03:22:28.292 15503 16045 I art     : Starting a blocking GC Explicit
08-04 03:22:28.327 15503 16045 I art     : Explicit concurrent mark sweep GC freed 23(752B) AllocSpace objects, 0(0B) LOS objects, 33% free, 31MB/47MB, paused 734us total 34.344ms
08-04 03:22:28.339 15503 16045 I art     : Starting a blocking GC Explicit
08-04 03:22:28.374 15503 16045 I art     : Explicit concurrent mark sweep GC freed 3(96B) AllocSpace objects, 0(0B) LOS objects, 33% free, 31MB/47MB, paused 755us total 35.431ms
08-04 03:22:28.386 15503 16045 I art     : Starting a blocking GC Explicit
08-04 03:22:28.422 15503 16045 I art     : Explicit concurrent mark sweep GC freed 3(96B) AllocSpace objects, 0(0B) LOS objects, 33% free, 31MB/47MB, paused 756us total 36.266ms
08-04 03:22:28.434 15503 16045 I art     : Starting a blocking GC Explicit
08-04 03:22:28.470 15503 16045 I art     : Explicit concurrent mark sweep GC freed 3(96B) AllocSpace objects, 0(0B) LOS objects, 33% free, 31MB/47MB, paused 793us total 35.379ms
08-04 03:22:28.533 16823 16823 D AndroidRuntime: >>>>>> START com.android.internal.os.RuntimeInit uid 2000 <<<<<<
08-04 03:22:28.538 16823 16823 D AndroidRuntime: CheckJNI is OFF
08-04 03:22:28.577 16823 16823 D ICU     : No timezone override file found: /data/misc/zoneinfo/current/icu/icu_tzdata.dat
08-04 03:22:28.614 16823 16823 I Radio-JNI: register_android_hardware_Radio DONE
08-04 03:22:28.636 16823 16823 D AndroidRuntime: Calling main entry com.android.commands.input.Input
08-04 03:22:28.638 16823 16823 I Input   : injectMotionEvent: MotionEvent { action=ACTION_DOWN, actionButton=0, id[0]=0, x[0]=693.0, y[0]=821.0, toolType[0]=TOOL_TYPE_UNKNOWN, buttonState=0, metaState=0, flags=0x0, edgeFlags=0x0, pointerCount=1, historySize=0, eventTime=674565051, downTime=674565051, deviceId=0, source=0x1002 }
08-04 03:22:28.645 16823 16823 I Input   : injectMotionEvent: MotionEvent { action=ACTION_UP, actionButton=0, id[0]=0, x[0]=693.0, y[0]=821.0, toolType[0]=TOOL_TYPE_UNKNOWN, buttonState=0, metaState=0, flags=0x0, edgeFlags=0x0, pointerCount=1, historySize=0, eventTime=674565051, downTime=674565051, deviceId=0, source=0x1002 }
08-04 03:22:28.647 16823 16823 D AndroidRuntime: Shutting down VM
08-04 03:22:28.663 15503 15503 D UserPreferences: Using default data folder
08-04 03:22:28.663   512  2967 D audio_hw_primary: out_set_parameters: enter: usecase(1: low-latency-playback) kvpairs: routing=2
08-04 03:22:28.665 15503 15503 D DownloadRequester: partiallyDownloadedFileExists: false
08-04 03:22:28.665 15503 15503 D DownloadRequester: /storage/emulated/0/Android/data/baseline.de.danoeh.antennapod.debug/files/cache/feed-The Joe Rogan Experience is available as a download destination
08-04 03:22:28.665 15503 15503 D DownloadRequester: Requesting download of url http://joeroganexp.joerogan.libsynpro.com/rss
08-04 03:22:28.670 15503 15503 D DownloadService: Service started
08-04 03:22:28.672 15503 15503 D DownloadService: parallel downloads: 4
08-04 03:22:28.673 15503 16851 D downloadCompletionThd: downloadCompletionThread was started
08-04 03:22:28.674 15503 15503 D DownloadService: Notification set up
08-04 03:22:28.676   512  2967 D audio_hw_primary: select_devices: out_snd_device(2: speaker) in_snd_device(0: none)
08-04 03:22:28.676   512  2967 D msm8974_platform: platform_send_audio_calibration: sending audio calibration for snd_device(2) acdb_id(15)
08-04 03:22:28.677   512  2967 I soundtrigger: audio_extn_sound_trigger_update_device_status: device 0x2 of type 0 for Event 1
08-04 03:22:28.678 15503 15503 D DownloadService: Received enqueue request
08-04 03:22:28.678 15503 15503 D OnlineFeedViewActivity: onEventMainThread() called with: event = [DownloadEvent{update=DownloaderUpdate{downloaders=[baseline.de.danoeh.antennapod.core.service.download.HttpDownloader@5c087e3], feedIds=[0], mediaIds=[]}}]
08-04 03:22:28.678 15503 15503 D DownloadService: 1 downloads left
08-04 03:22:28.678 15503 15503 D DownloadService: Setting up notification updater
08-04 03:22:28.679   918  4413 D WifiService: acquireWifiLockLocked: WifiLock{Downloader type=1 binder=android.os.BinderProxy@8d9698b}
08-04 03:22:28.683 15503 16853 D AntennapodHttpClient: Creating new instance of HTTP client
08-04 03:22:28.691   512  2967 D audio_hw_primary: enable_snd_device: snd_device(2: speaker)
08-04 03:22:28.695   512  2967 D audio_hw_primary: enable_audio_route: apply and update mixer path: low-latency-playback speaker
08-04 03:22:28.755 15503 16853 D MYTAG   : interceptor 3a http://joeroganexp.joerogan.libsynpro.com/rss
08-04 03:22:28.756 15503 16853 I NAPPA_EXPERIMENTATION: MetricNetworkRequestExecutionTime: REQUEST_DURATION_SYSTEM='72',REQUEST_DURATION_OKHTTP='31',REQUEST_SYNCHRONOUS='TRUE',RESPONSE_CODE='200',RESPONSE_METHOD='GET',RESPONSE_LENGTH_OKHTTP='-1',RESPONSE_LENGTH_HEADER='307892',REQUEST_PROTOCOL='http/1.1',REQUEST_URL='http://joeroganexp.joerogan.libsynpro.com/rss',
08-04 03:22:28.756 15503 16853 D HttpDownloader: Response code is 200
08-04 03:22:28.756 15503 16853 D UserPreferences: Using default data folder
08-04 03:22:28.759 15503 15530 I art     : Starting a blocking GC Explicit
08-04 03:22:28.760 15503 16853 D HttpDownloader: Getting size of download
08-04 03:22:28.760 15503 16853 D HttpDownloader: Size is -1
08-04 03:22:28.760 15503 16853 D UserPreferences: Using default data folder
08-04 03:22:28.762 15503 16853 D HttpDownloader: Free space is 20251521024
08-04 03:22:28.762 15503 16853 D HttpDownloader: Starting download
08-04 03:22:28.794 15503 15530 I art     : Explicit concurrent mark sweep GC freed 2667(156KB) AllocSpace objects, 1(20KB) LOS objects, 33% free, 31MB/47MB, paused 900us total 33.656ms
08-04 03:22:28.804 15503 15530 I art     : Starting a blocking GC Explicit
08-04 03:22:28.837 15503 15530 I art     : Explicit concurrent mark sweep GC freed 45(1744B) AllocSpace objects, 0(0B) LOS objects, 33% free, 31MB/47MB, paused 907us total 32.620ms
08-04 03:22:28.848 15503 15530 I art     : Starting a blocking GC Explicit
08-04 03:22:28.870 15503 16853 D HttpDownloader: Download was successful
08-04 03:22:28.871   918   928 D WifiService: releaseWifiLockLocked: WifiLock{Downloader type=1 binder=android.os.BinderProxy@8d9698b}
08-04 03:22:28.871 15503 16851 D downloadCompletionThd: Received 'Download Complete' - message.
08-04 03:22:28.871 15503 16851 D DownloadService: Handling completed Feed Download
08-04 03:22:28.871 15503 15503 D DownloadService: Removing downloader: http://joeroganexp.joerogan.libsynpro.com/rss
08-04 03:22:28.871 15503 15503 D DownloadService: Result of downloads.remove: true
08-04 03:22:28.874 15503 16860 D TypeGetter: Recognized type RSS 2.0
08-04 03:22:28.876 15503 16860 D SyndHandler: Recognized Atom namespace
08-04 03:22:28.876 15503 16860 D SyndHandler: Recognized ITunes namespace
08-04 03:22:28.876 15503 16860 D SyndHandler: Recognized media namespace
08-04 03:22:28.876 15503 16860 D SyndHandler: Recognized Content namespace
08-04 03:22:28.882 15503 15530 I art     : Explicit concurrent mark sweep GC freed 338(128KB) AllocSpace objects, 3(60KB) LOS objects, 33% free, 31MB/47MB, paused 997us total 33.400ms
08-04 03:22:28.892 15503 15530 I art     : Starting a blocking GC Explicit
08-04 03:22:28.927 15503 15530 I art     : Explicit concurrent mark sweep GC freed 2799(182KB) AllocSpace objects, 0(0B) LOS objects, 33% free, 31MB/47MB, paused 1.011ms total 34.555ms
08-04 03:22:28.938 15503 15530 I art     : Starting a blocking GC Explicit
08-04 03:22:28.973 15503 15530 I art     : Explicit concurrent mark sweep GC freed 3560(176KB) AllocSpace objects, 0(0B) LOS objects, 33% free, 31MB/47MB, paused 1.120ms total 34.647ms
08-04 03:22:29.230   512  2967 D audio_hw_primary: disable_audio_route: reset and update mixer path: low-latency-playback speaker
08-04 03:22:29.232   512  2967 D audio_hw_primary: disable_snd_device: snd_device(2: speaker)
08-04 03:22:29.239   512  2967 I soundtrigger: audio_extn_sound_trigger_update_device_status: device 0x2 of type 0 for Event 0
08-04 03:22:29.252 15503 15530 I art     : Starting a blocking GC Explicit
08-04 03:22:29.299 15503 15530 I art     : Explicit concurrent mark sweep GC freed 23504(1258KB) AllocSpace objects, 1(20KB) LOS objects, 33% free, 32MB/48MB, paused 1.195ms total 46.260ms
08-04 03:22:29.311 15503 15530 I art     : Starting a blocking GC Explicit
08-04 03:22:29.349 15503 15530 I art     : Explicit concurrent mark sweep GC freed 7861(384KB) AllocSpace objects, 0(0B) LOS objects, 33% free, 32MB/48MB, paused 1.200ms total 36.881ms
08-04 03:22:29.360 15503 15530 I art     : Starting a blocking GC Explicit
08-04 03:22:29.396 15503 15530 I art     : Explicit concurrent mark sweep GC freed 5818(288KB) AllocSpace objects, 0(0B) LOS objects, 33% free, 32MB/48MB, paused 1.020ms total 35.856ms
08-04 03:22:29.407 15503 15530 I art     : Starting a blocking GC Explicit
08-04 03:22:29.443 15503 15530 I art     : Explicit concurrent mark sweep GC freed 3865(195KB) AllocSpace objects, 0(0B) LOS objects, 33% free, 32MB/48MB, paused 1.148ms total 36.360ms
08-04 03:22:29.455 15503 15530 I art     : Starting a blocking GC Explicit
08-04 03:22:29.492 15503 15530 I art     : Explicit concurrent mark sweep GC freed 3849(196KB) AllocSpace objects, 0(0B) LOS objects, 33% free, 32MB/48MB, paused 1.162ms total 36.521ms
08-04 03:22:29.789 15503 16044 I art     : Starting a blocking GC Explicit
08-04 03:22:29.839 15503 16044 I art     : Explicit concurrent mark sweep GC freed 26457(1408KB) AllocSpace objects, 1(20KB) LOS objects, 32% free, 33MB/49MB, paused 1.342ms total 50.173ms
08-04 03:22:29.853 15503 16044 I art     : Starting a blocking GC Explicit
08-04 03:22:29.893 15503 16044 I art     : Explicit concurrent mark sweep GC freed 9227(451KB) AllocSpace objects, 0(0B) LOS objects, 32% free, 32MB/48MB, paused 1.230ms total 39.812ms
08-04 03:22:29.905 15503 16044 I art     : Starting a blocking GC Explicit
08-04 03:22:29.944 15503 16044 I art     : Explicit concurrent mark sweep GC freed 5822(299KB) AllocSpace objects, 0(0B) LOS objects, 32% free, 32MB/48MB, paused 1.207ms total 38.982ms
08-04 03:22:29.956 15503 16044 I art     : Starting a blocking GC Explicit
08-04 03:22:29.994 15503 16044 I art     : Explicit concurrent mark sweep GC freed 4146(203KB) AllocSpace objects, 0(0B) LOS objects, 32% free, 33MB/49MB, paused 1.160ms total 38.258ms
08-04 03:22:30.006 15503 16044 I art     : Starting a blocking GC Explicit
08-04 03:22:30.045 15503 16044 I art     : Explicit concurrent mark sweep GC freed 4068(214KB) AllocSpace objects, 0(0B) LOS objects, 32% free, 33MB/49MB, paused 1.261ms total 39.505ms
08-04 03:22:30.180 15503 15503 D OnlineFeedViewActivity: onEventMainThread() called with: event = [DownloadEvent{update=DownloaderUpdate{downloaders=[], feedIds=[], mediaIds=[]}}]
08-04 03:22:30.334 15503 15515 I art     : Starting a blocking GC Explicit
08-04 03:22:30.387 15503 15515 I art     : Explicit concurrent mark sweep GC freed 25502(1410KB) AllocSpace objects, 1(20KB) LOS objects, 32% free, 33MB/49MB, paused 1.399ms total 53.117ms
08-04 03:22:30.402 15503 15515 I art     : Starting a blocking GC Explicit
08-04 03:22:30.447 15503 15515 I art     : Explicit concurrent mark sweep GC freed 4465(251KB) AllocSpace objects, 0(0B) LOS objects, 32% free, 33MB/49MB, paused 1.366ms total 45.513ms
08-04 03:22:30.460 15503 15515 I art     : Starting a blocking GC Explicit
08-04 03:22:30.501 15503 15515 I art     : Explicit concurrent mark sweep GC freed 11250(539KB) AllocSpace objects, 0(0B) LOS objects, 32% free, 33MB/49MB, paused 1.119ms total 41.226ms
08-04 03:22:30.514 15503 15515 I art     : Starting a blocking GC Explicit
08-04 03:22:30.554 15503 15515 I art     : Explicit concurrent mark sweep GC freed 4351(214KB) AllocSpace objects, 0(0B) LOS objects, 32% free, 33MB/49MB, paused 1.117ms total 40.132ms
08-04 03:22:30.566 15503 15515 I art     : Starting a blocking GC Explicit
08-04 03:22:30.576 24365 23406 I NetworkScheduler.Stats: Task com.google.android.gms/com.google.android.gms.icing.service.IcingGcmTaskService started execution. cause:4 exec_start_elapsed_seconds: 1657954 [CONTEXT service_id=218 ]
08-04 03:22:30.592 24365 28436 I NetworkScheduler.Stats: Task com.google.android.gms/com.google.android.gms.icing.service.IcingGcmTaskService finished executing. cause:4 result: 1 elapsed_millis: 42 uptime_millis: 42 exec_start_elapsed_seconds: 1657954 [CONTEXT service_id=218 ]
08-04 03:22:30.606 15503 15515 I art     : Explicit concurrent mark sweep GC freed 4211(214KB) AllocSpace objects, 0(0B) LOS objects, 32% free, 33MB/49MB, paused 1.194ms total 39.114ms
08-04 03:22:30.644 24365 23406 I NetworkScheduler.Stats: Task com.google.android.gms/com.google.android.gms.security.snet.SnetNormalTaskService started execution. cause:5 exec_start_elapsed_seconds: 1657954 [CONTEXT service_id=218 ]
08-04 03:22:30.655 24365 28436 I NetworkScheduler.Stats: Task com.google.android.gms/com.google.android.gms.security.snet.SnetNormalTaskService finished executing. cause:5 result: 1 elapsed_millis: 42 uptime_millis: 41 exec_start_elapsed_seconds: 1657954 [CONTEXT service_id=218 ]
08-04 03:22:30.873 15503 16045 I art     : Starting a blocking GC Explicit
08-04 03:22:30.928 15503 16045 I art     : Explicit concurrent mark sweep GC freed 24692(1336KB) AllocSpace objects, 1(20KB) LOS objects, 31% free, 34MB/50MB, paused 1.405ms total 53.747ms
08-04 03:22:30.942 15503 16045 I art     : Starting a blocking GC Explicit
08-04 03:22:30.985 15503 16045 I art     : Explicit concurrent mark sweep GC freed 9904(435KB) AllocSpace objects, 0(0B) LOS objects, 31% free, 34MB/50MB, paused 1.234ms total 43.049ms
08-04 03:22:30.997 15503 16045 I art     : Starting a blocking GC Explicit
08-04 03:22:31.039 15503 16045 I art     : Explicit concurrent mark sweep GC freed 5580(239KB) AllocSpace objects, 0(0B) LOS objects, 31% free, 34MB/50MB, paused 1.153ms total 42.023ms
08-04 03:22:31.052 15503 16045 I art     : Starting a blocking GC Explicit
08-04 03:22:31.094 15503 16045 I art     : Explicit concurrent mark sweep GC freed 4401(195KB) AllocSpace objects, 0(0B) LOS objects, 31% free, 34MB/50MB, paused 1.106ms total 41.908ms
08-04 03:22:31.107 15503 16045 I art     : Starting a blocking GC Explicit
08-04 03:22:31.147 15503 16045 I art     : Explicit concurrent mark sweep GC freed 4374(187KB) AllocSpace objects, 0(0B) LOS objects, 31% free, 34MB/50MB, paused 1.224ms total 40.327ms
08-04 03:22:31.280 15503 16860 D FeedSyncThread: The Joe Rogan Experience parsed
08-04 03:22:31.286 15503 16860 D FeedSyncThread: Deletion of file '/storage/emulated/0/Android/data/baseline.de.danoeh.antennapod.debug/files/cache/feed-The Joe Rogan Experience' successful
08-04 03:22:31.286 15503 16860 D DBReader: getFeedDownloadLog() called with: feed = [baseline.de.danoeh.antennapod.core.feed.Feed@0]
08-04 03:22:31.287 15503 16852 D FeedSyncThread: Bundling 1 feeds
08-04 03:22:31.287 15503 16906 D DBReader: Extracting Feedlist
08-04 03:22:31.288 15503 16906 D DBTasks : Found no existing Feed with title The Joe Rogan Experience. Adding as new one.
08-04 03:22:31.291 15503 16575 D PodDBAdapter: Setting feed with flattr status The Joe Rogan Experience: 0
08-04 03:22:31.291 15503 16575 D baseline.de.danoeh.antennapod.core.storage.PodDBAdapter@1666ccd: Inserting new Feed into db
08-04 03:22:31.421 15503 15530 I art     : Starting a blocking GC Explicit
08-04 03:22:31.472 15503 15530 I art     : Explicit concurrent mark sweep GC freed 60179(3MB) AllocSpace objects, 1(20KB) LOS objects, 31% free, 34MB/50MB, paused 1.016ms total 50.238ms
08-04 03:22:31.485 15503 15530 I art     : Starting a blocking GC Explicit
08-04 03:22:31.529 15503 15530 I art     : Explicit concurrent mark sweep GC freed 19101(1327KB) AllocSpace objects, 0(0B) LOS objects, 31% free, 34MB/50MB, paused 973us total 43.712ms
08-04 03:22:31.542 15503 15530 I art     : Starting a blocking GC Explicit
08-04 03:22:31.585 15503 15530 I art     : Explicit concurrent mark sweep GC freed 14678(1101KB) AllocSpace objects, 0(0B) LOS objects, 31% free, 34MB/50MB, paused 1.050ms total 43.158ms
08-04 03:22:31.598 15503 15530 I art     : Starting a blocking GC Explicit
08-04 03:22:31.641 15503 15530 I art     : Explicit concurrent mark sweep GC freed 14885(1113KB) AllocSpace objects, 0(0B) LOS objects, 31% free, 34MB/50MB, paused 1.024ms total 43.242ms
08-04 03:22:31.654 15503 15530 I art     : Starting a blocking GC Explicit
08-04 03:22:31.684 15503 15503 D OnlineFeedViewActivity: onEventMainThread() called with: event = [DownloadEvent{update=DownloaderUpdate{downloaders=[], feedIds=[], mediaIds=[]}}]
08-04 03:22:31.697 15503 15530 I art     : Explicit concurrent mark sweep GC freed 14282(1069KB) AllocSpace objects, 0(0B) LOS objects, 31% free, 34MB/50MB, paused 969us total 43.256ms
08-04 03:22:31.809 15503 15503 D EventDistributor: Processing event queue. Number of events: 1
08-04 03:22:31.809 15503 15503 D EventDistributor: Notifying observers. Data: 1
08-04 03:22:31.810 15503 15503 D DownloadService: 0 downloads left
08-04 03:22:31.810 15503 16035 D DBReader: Extracting Feedlist
08-04 03:22:31.810 15503 15503 D DownloadService: Number of downloads is 0, attempting shutdown
08-04 03:22:31.811 15503 15503 D DownloadService: Service shutting down
08-04 03:22:31.811 15503 15503 D DownloadService: No report is created
08-04 03:22:31.811 15503 15503 D OnlineFeedViewActivity: onEventMainThread() called with: event = [DownloadEvent{update=DownloaderUpdate{downloaders=[], feedIds=[], mediaIds=[]}}]
08-04 03:22:31.813 15503 15503 D DownloadService: NotificationUpdater cancelled. Result: false
08-04 03:22:31.813 15503 16851 E downloadCompletionThd: DownloadCompletionThread was interrupted
08-04 03:22:31.814 15503 15503 D DBTasks : autodownloadUndownloadedItems
08-04 03:22:31.815 15503 16579 D NetworkUtils: Device is connected to Wi-Fi
08-04 03:22:31.815 15503 16579 D NetworkUtils: Auto-dl filter is disabled
08-04 03:22:31.987 15503 16045 I art     : Starting a blocking GC Explicit
08-04 03:22:32.030 15503 16045 I art     : Explicit concurrent mark sweep GC freed 47893(4MB) AllocSpace objects, 2(40KB) LOS objects, 33% free, 31MB/47MB, paused 860us total 43.548ms
08-04 03:22:32.043 15503 16045 I art     : Starting a blocking GC Explicit
08-04 03:22:32.075 15503 16045 I art     : Explicit concurrent mark sweep GC freed 128(4KB) AllocSpace objects, 0(0B) LOS objects, 33% free, 31MB/47MB, paused 789us total 31.730ms
08-04 03:22:32.085 15503 16045 I art     : Starting a blocking GC Explicit
08-04 03:22:32.118 15503 16045 I art     : Explicit concurrent mark sweep GC freed 3(96B) AllocSpace objects, 0(0B) LOS objects, 33% free, 31MB/47MB, paused 759us total 32.425ms
08-04 03:22:32.129 15503 16045 I art     : Starting a blocking GC Explicit
08-04 03:22:32.162 15503 16045 I art     : Explicit concurrent mark sweep GC freed 3(96B) AllocSpace objects, 0(0B) LOS objects, 33% free, 31MB/47MB, paused 811us total 32.682ms
08-04 03:22:32.173 15503 16045 I art     : Starting a blocking GC Explicit
08-04 03:22:32.207 15503 16045 I art     : Explicit concurrent mark sweep GC freed 3(96B) AllocSpace objects, 0(0B) LOS objects, 33% free, 31MB/47MB, paused 855us total 34.499ms
08-04 03:22:32.310   518   646 I ThermalEngine: ACTION: GPU - Setting GPU[0] to 450000000
08-04 03:22:32.507 15503 16044 I art     : Starting a blocking GC Explicit
08-04 03:22:32.558 15503 16044 I art     : Explicit concurrent mark sweep GC freed 1386(82KB) AllocSpace objects, 1(20KB) LOS objects, 33% free, 31MB/47MB, paused 1.134ms total 50.639ms
08-04 03:22:32.572 15503 16044 I art     : Starting a blocking GC Explicit
08-04 03:22:32.613 15503 16044 I art     : Explicit concurrent mark sweep GC freed 23(752B) AllocSpace objects, 0(0B) LOS objects, 33% free, 31MB/47MB, paused 1.075ms total 40.468ms
08-04 03:22:32.627 15503 16044 I art     : Starting a blocking GC Explicit
08-04 03:22:32.669 15503 16044 I art     : Explicit concurrent mark sweep GC freed 3(96B) AllocSpace objects, 0(0B) LOS objects, 33% free, 31MB/47MB, paused 1.092ms total 41.736ms
08-04 03:22:32.684 15503 16044 I art     : Starting a blocking GC Explicit
08-04 03:22:32.724 15503 16044 I art     : Explicit concurrent mark sweep GC freed 3(96B) AllocSpace objects, 0(0B) LOS objects, 33% free, 31MB/47MB, paused 992us total 40.370ms
08-04 03:22:32.738 15503 16044 I art     : Starting a blocking GC Explicit
08-04 03:22:32.778 15503 16044 I art     : Explicit concurrent mark sweep GC freed 3(96B) AllocSpace objects, 0(0B) LOS objects, 33% free, 31MB/47MB, paused 1.084ms total 39.891ms
08-04 03:22:33.063 15503 15530 I art     : Starting a blocking GC Explicit
08-04 03:22:33.108 15503 15530 I art     : Explicit concurrent mark sweep GC freed 1407(81KB) AllocSpace objects, 1(20KB) LOS objects, 33% free, 31MB/47MB, paused 1.163ms total 44.474ms
08-04 03:22:33.122 15503 15530 I art     : Starting a blocking GC Explicit
08-04 03:22:33.163 15503 15530 I art     : Explicit concurrent mark sweep GC freed 23(752B) AllocSpace objects, 0(0B) LOS objects, 33% free, 31MB/47MB, paused 1.093ms total 40.638ms
08-04 03:22:33.177 15503 15530 I art     : Starting a blocking GC Explicit
08-04 03:22:33.217 15503 15530 I art     : Explicit concurrent mark sweep GC freed 3(96B) AllocSpace objects, 0(0B) LOS objects, 33% free, 31MB/47MB, paused 1.129ms total 39.914ms
08-04 03:22:33.231 15503 15530 I art     : Starting a blocking GC Explicit
08-04 03:22:33.273 15503 15530 I art     : Explicit concurrent mark sweep GC freed 3(96B) AllocSpace objects, 0(0B) LOS objects, 33% free, 31MB/47MB, paused 1.108ms total 42.220ms
08-04 03:22:33.288 15503 15530 I art     : Starting a blocking GC Explicit
08-04 03:22:33.330 15503 15530 I art     : Explicit concurrent mark sweep GC freed 3(96B) AllocSpace objects, 0(0B) LOS objects, 33% free, 31MB/47MB, paused 1.061ms total 41.670ms
08-04 03:22:33.436 16935 16935 D AndroidRuntime: >>>>>> START com.android.internal.os.RuntimeInit uid 2000 <<<<<<
08-04 03:22:33.442 16935 16935 D AndroidRuntime: CheckJNI is OFF
08-04 03:22:33.483 16935 16935 D ICU     : No timezone override file found: /data/misc/zoneinfo/current/icu/icu_tzdata.dat
08-04 03:22:33.530 16935 16935 I Radio-JNI: register_android_hardware_Radio DONE
08-04 03:22:33.558 16935 16935 D AndroidRuntime: Calling main entry com.android.commands.input.Input
08-04 03:22:33.560 16935 16935 I Input   : injectKeyEvent: KeyEvent { action=ACTION_DOWN, keyCode=KEYCODE_BACK, scanCode=0, metaState=0, flags=0x0, repeatCount=0, eventTime=674569973, downTime=674569973, deviceId=-1, source=0x101 }
08-04 03:22:33.565 16935 16935 I Input   : injectKeyEvent: KeyEvent { action=ACTION_UP, keyCode=KEYCODE_BACK, scanCode=0, metaState=0, flags=0x0, repeatCount=0, eventTime=674569973, downTime=674569973, deviceId=-1, source=0x101 }
08-04 03:22:33.570 16935 16935 D AndroidRuntime: Shutting down VM
08-04 03:22:33.574 15503 15503 V PlaybackController: initServiceNotRunning()
08-04 03:22:33.574 15503 15503 D ExternalPlayerFragment: Loading media info
08-04 03:22:33.579 15503 15503 D UserPreferences: Using default data folder
08-04 03:22:33.580 15503 16035 D DBReader: getNavDrawerData() called with: 
08-04 03:22:33.593 15503 16035 D DBReader: getDownloadedItems() called
08-04 03:22:33.594 15503 16035 D DBReader: getFavoriteIDList() called
08-04 03:22:33.595 15503 16035 D DBReader: getQueueIDList() called
08-04 03:22:33.596 15503 16035 D DBReader: Extracting Feedlist
08-04 03:22:33.617 13866 13866 I GoogleInputMethodServic: GoogleInputMethodService.onFinishInput():3138 
08-04 03:22:33.617 13866 13866 I GoogleInputMethodServic: GoogleInputMethodService.onStartInput():1808 
08-04 03:22:33.626 15503 15515 I art     : Starting a blocking GC Explicit
08-04 03:22:33.632 15503 15503 D MainActivity: getLastNavFragment() -> AddFeedFragment
08-04 03:22:33.651 15503 16439 D ApOkHttpUrlLoader: buildLoadData() called with: model = [http://static.libsyn.com/p/assets/7/1/f/3/71f3014e14ef2722/JREiTunesImage2.jpg], width = [140], height = [140]
08-04 03:22:33.669 15503 15515 I art     : Explicit concurrent mark sweep GC freed 2446(157KB) AllocSpace objects, 1(20KB) LOS objects, 33% free, 31MB/47MB, paused 1.440ms total 43.238ms
08-04 03:22:33.685 15503 15515 I art     : Starting a blocking GC Explicit
08-04 03:22:33.694 15503 16439 D ApOkHttpUrlLoader: buildLoadData() called with: model = [http://static.libsyn.com/p/assets/7/1/f/3/71f3014e14ef2722/JREiTunesImage2.jpg], width = [140], height = [140]
08-04 03:22:33.726 15503 15515 I art     : Explicit concurrent mark sweep GC freed 716(42KB) AllocSpace objects, 0(0B) LOS objects, 33% free, 31MB/47MB, paused 1.284ms total 40.113ms
08-04 03:22:33.741 15503 15515 I art     : Starting a blocking GC Explicit
08-04 03:22:33.783 15503 15515 I art     : Explicit concurrent mark sweep GC freed 205(11KB) AllocSpace objects, 0(0B) LOS objects, 33% free, 31MB/47MB, paused 1.156ms total 41.911ms
08-04 03:22:33.802 15503 15515 I art     : Starting a blocking GC Explicit
08-04 03:22:33.851 15503 15515 I art     : Explicit concurrent mark sweep GC freed 18(784B) AllocSpace objects, 0(0B) LOS objects, 33% free, 31MB/47MB, paused 1.103ms total 49.138ms
08-04 03:22:33.869 15503 15515 I art     : Starting a blocking GC Explicit
08-04 03:22:33.921 15503 15515 I art     : Explicit concurrent mark sweep GC freed 3(96B) AllocSpace objects, 0(0B) LOS objects, 33% free, 31MB/47MB, paused 1.010ms total 52.135ms
08-04 03:22:33.931   380   380 W SurfaceFlinger: couldn't log to binary event log: overflow.
08-04 03:22:34.207 15503 16045 I art     : Starting a blocking GC Explicit
08-04 03:22:34.249 15503 16045 I art     : Explicit concurrent mark sweep GC freed 2039(108KB) AllocSpace objects, 1(20KB) LOS objects, 33% free, 31MB/47MB, paused 1.624ms total 42.584ms
08-04 03:22:34.263 15503 16045 I art     : Starting a blocking GC Explicit
08-04 03:22:34.300 15503 16045 I art     : Explicit concurrent mark sweep GC freed 33335(3MB) AllocSpace objects, 2(248KB) LOS objects, 36% free, 28MB/44MB, paused 1.082ms total 36.083ms
08-04 03:22:34.311 15503 16045 I art     : Starting a blocking GC Explicit
08-04 03:22:34.342 15503 16045 I art     : Explicit concurrent mark sweep GC freed 3(96B) AllocSpace objects, 0(0B) LOS objects, 36% free, 28MB/44MB, paused 1.042ms total 30.993ms
08-04 03:22:34.353 15503 16045 I art     : Starting a blocking GC Explicit
08-04 03:22:34.385 15503 16045 I art     : Explicit concurrent mark sweep GC freed 3(96B) AllocSpace objects, 0(0B) LOS objects, 36% free, 28MB/44MB, paused 1.007ms total 31.255ms
08-04 03:22:34.396 15503 16045 I art     : Starting a blocking GC Explicit
08-04 03:22:34.426 15503 16045 I art     : Explicit concurrent mark sweep GC freed 3(96B) AllocSpace objects, 0(0B) LOS objects, 36% free, 28MB/44MB, paused 1.036ms total 29.705ms
08-04 03:22:34.718 15503 16044 I art     : Starting a blocking GC Explicit
08-04 03:22:34.758 15503 16044 I art     : Explicit concurrent mark sweep GC freed 1373(82KB) AllocSpace objects, 1(20KB) LOS objects, 36% free, 28MB/44MB, paused 1.141ms total 39.648ms
08-04 03:22:34.770 15503 16044 I art     : Starting a blocking GC Explicit
08-04 03:22:34.802 15503 16044 I art     : Explicit concurrent mark sweep GC freed 23(752B) AllocSpace objects, 0(0B) LOS objects, 36% free, 28MB/44MB, paused 1.038ms total 32.520ms
08-04 03:22:34.814 15503 16044 I art     : Starting a blocking GC Explicit
08-04 03:22:34.846 15503 16044 I art     : Explicit concurrent mark sweep GC freed 3(96B) AllocSpace objects, 0(0B) LOS objects, 36% free, 28MB/44MB, paused 1.088ms total 31.933ms
08-04 03:22:34.858 15503 16044 I art     : Starting a blocking GC Explicit
08-04 03:22:34.888 15503 16044 I art     : Explicit concurrent mark sweep GC freed 3(96B) AllocSpace objects, 0(0B) LOS objects, 36% free, 28MB/44MB, paused 1.087ms total 30.138ms
08-04 03:22:34.899 15503 16044 I art     : Starting a blocking GC Explicit
08-04 03:22:34.928 15503 16044 I art     : Explicit concurrent mark sweep GC freed 3(96B) AllocSpace objects, 0(0B) LOS objects, 36% free, 28MB/44MB, paused 1.075ms total 29.095ms
08-04 03:22:35.212 15503 15530 I art     : Starting a blocking GC Explicit
08-04 03:22:35.246 15503 15530 I art     : Explicit concurrent mark sweep GC freed 1406(81KB) AllocSpace objects, 1(20KB) LOS objects, 36% free, 28MB/44MB, paused 1.084ms total 33.747ms
08-04 03:22:35.258 15503 15530 I art     : Starting a blocking GC Explicit
08-04 03:22:35.287 15503 15530 I art     : Explicit concurrent mark sweep GC freed 29(944B) AllocSpace objects, 0(0B) LOS objects, 36% free, 28MB/44MB, paused 1.126ms total 29.111ms
08-04 03:22:35.298 15503 15530 I art     : Starting a blocking GC Explicit
08-04 03:22:35.328 15503 15530 I art     : Explicit concurrent mark sweep GC freed 7(224B) AllocSpace objects, 0(0B) LOS objects, 36% free, 28MB/44MB, paused 1.085ms total 29.746ms
08-04 03:22:35.332 16989 16989 D AndroidRuntime: >>>>>> START com.android.internal.os.RuntimeInit uid 2000 <<<<<<
08-04 03:22:35.337 16989 16989 D AndroidRuntime: CheckJNI is OFF
08-04 03:22:35.339 15503 15530 I art     : Starting a blocking GC Explicit
08-04 03:22:35.369 15503 15530 I art     : Explicit concurrent mark sweep GC freed 9(288B) AllocSpace objects, 0(0B) LOS objects, 36% free, 28MB/44MB, paused 1.084ms total 29.154ms
08-04 03:22:35.379 16989 16989 D ICU     : No timezone override file found: /data/misc/zoneinfo/current/icu/icu_tzdata.dat
08-04 03:22:35.380 15503 15530 I art     : Starting a blocking GC Explicit
08-04 03:22:35.410 15503 15530 I art     : Explicit concurrent mark sweep GC freed 7(224B) AllocSpace objects, 0(0B) LOS objects, 36% free, 28MB/44MB, paused 1.106ms total 29.561ms
08-04 03:22:35.419 16989 16989 I Radio-JNI: register_android_hardware_Radio DONE
08-04 03:22:35.447 16989 16989 D AndroidRuntime: Calling main entry com.android.commands.input.Input
08-04 03:22:35.449 16989 16989 I Input   : injectMotionEvent: MotionEvent { action=ACTION_DOWN, actionButton=0, id[0]=0, x[0]=639.0, y[0]=762.0, toolType[0]=TOOL_TYPE_UNKNOWN, buttonState=0, metaState=0, flags=0x0, edgeFlags=0x0, pointerCount=1, historySize=0, eventTime=674571862, downTime=674571862, deviceId=0, source=0x1002 }
08-04 03:22:35.454 16989 16989 I Input   : injectMotionEvent: MotionEvent { action=ACTION_UP, actionButton=0, id[0]=0, x[0]=639.0, y[0]=762.0, toolType[0]=TOOL_TYPE_UNKNOWN, buttonState=0, metaState=0, flags=0x0, edgeFlags=0x0, pointerCount=1, historySize=0, eventTime=674571862, downTime=674571862, deviceId=0, source=0x1002 }
08-04 03:22:35.456 16989 16989 D AndroidRuntime: Shutting down VM
08-04 03:22:35.522   512  2967 D audio_hw_primary: out_set_parameters: enter: usecase(1: low-latency-playback) kvpairs: routing=2
08-04 03:22:35.535   512  2967 D audio_hw_primary: select_devices: out_snd_device(2: speaker) in_snd_device(0: none)
08-04 03:22:35.535   512  2967 D msm8974_platform: platform_send_audio_calibration: sending audio calibration for snd_device(2) acdb_id(15)
08-04 03:22:35.535   512  2967 I soundtrigger: audio_extn_sound_trigger_update_device_status: device 0x2 of type 0 for Event 1
08-04 03:22:35.539 13866 13866 I GoogleInputMethodServic: GoogleInputMethodService.onFinishInput():3138 
08-04 03:22:35.540 13866 13866 I GoogleInputMethodServic: GoogleInputMethodService.onStartInput():1808 
08-04 03:22:35.546   512  2967 D audio_hw_primary: enable_snd_device: snd_device(2: speaker)
08-04 03:22:35.548   512  2967 D audio_hw_primary: enable_audio_route: apply and update mixer path: low-latency-playback speaker
08-04 03:22:35.692 15503 15530 I art     : Starting a blocking GC Explicit
08-04 03:22:35.726 15503 15530 I art     : Explicit concurrent mark sweep GC freed 4714(227KB) AllocSpace objects, 1(20KB) LOS objects, 36% free, 28MB/44MB, paused 1.151ms total 33.423ms
08-04 03:22:35.739 15503 15530 I art     : Starting a blocking GC Explicit
08-04 03:22:35.770 15503 15530 I art     : Explicit concurrent mark sweep GC freed 1194(62KB) AllocSpace objects, 0(0B) LOS objects, 36% free, 28MB/44MB, paused 1.394ms total 30.531ms
08-04 03:22:35.781 15503 15530 I art     : Starting a blocking GC Explicit
08-04 03:22:35.811 15503 15530 I art     : Explicit concurrent mark sweep GC freed 112(4KB) AllocSpace objects, 0(0B) LOS objects, 36% free, 28MB/44MB, paused 1.201ms total 30.075ms
08-04 03:22:35.822 15503 15530 I art     : Starting a blocking GC Explicit
08-04 03:22:35.854 15503 15530 I art     : Explicit concurrent mark sweep GC freed 19(688B) AllocSpace objects, 0(0B) LOS objects, 36% free, 28MB/44MB, paused 1.454ms total 31.546ms
08-04 03:22:35.865 15503 15530 I art     : Starting a blocking GC Explicit
08-04 03:22:35.878 15503 15535 I NAPPA_EXPERIMENTATION: MetricNetworkRequestExecutionTime: REQUEST_DURATION_SYSTEM='356',REQUEST_DURATION_OKHTTP='148',REQUEST_SYNCHRONOUS='TRUE',RESPONSE_CODE='200',RESPONSE_METHOD='GET',RESPONSE_LENGTH_OKHTTP='-1',RESPONSE_LENGTH_HEADER='622',REQUEST_PROTOCOL='h2',REQUEST_URL='https://itunes.apple.com/lookup?id=360084272',
08-04 03:22:35.897 15503 15530 I art     : Explicit concurrent mark sweep GC freed 381(26KB) AllocSpace objects, 0(0B) LOS objects, 36% free, 28MB/44MB, paused 1.165ms total 30.912ms
08-04 03:22:35.919   918  6111 I ActivityManager: START u0 {cmp=baseline.de.danoeh.antennapod.debug/baseline.de.danoeh.antennapod.activity.OnlineFeedViewActivity (has extras)} from uid 10670 on display 0
08-04 03:22:35.941 13866 13866 I GoogleInputMethodServic: GoogleInputMethodService.onFinishInput():3138 
08-04 03:22:35.945 13866 13866 I GoogleInputMethodServic: GoogleInputMethodService.onStartInput():1808 
08-04 03:22:35.962 15503 15503 D UserPreferences: Using default data folder
08-04 03:22:35.963 15503 15503 D OnlineFeedViewActivity: Activity was started with url http://joeroganexp.joerogan.libsynpro.com/rss
08-04 03:22:35.965 15503 15503 D OnlineFeedViewActivity: Starting feed download
08-04 03:22:35.970 15503 15528 D DBReader: Extracting Feedlist
08-04 03:22:35.972   918  3714 D WifiService: acquireWifiLockLocked: WifiLock{Downloader type=1 binder=android.os.BinderProxy@ca58629}
08-04 03:22:35.973 15503 15528 D AntennapodHttpClient: Creating new instance of HTTP client
08-04 03:22:36.011 15503 15528 D MYTAG   : interceptor 3a http://joeroganexp.joerogan.libsynpro.com/rss
08-04 03:22:36.011 15503 15528 I NAPPA_EXPERIMENTATION: MetricNetworkRequestExecutionTime: REQUEST_DURATION_SYSTEM='37',REQUEST_DURATION_OKHTTP='31',REQUEST_SYNCHRONOUS='TRUE',RESPONSE_CODE='200',RESPONSE_METHOD='GET',RESPONSE_LENGTH_OKHTTP='-1',RESPONSE_LENGTH_HEADER='307892',REQUEST_PROTOCOL='http/1.1',REQUEST_URL='http://joeroganexp.joerogan.libsynpro.com/rss',
08-04 03:22:36.011 15503 15528 D HttpDownloader: Response code is 200
08-04 03:22:36.011 15503 15528 D UserPreferences: Using default data folder
08-04 03:22:36.013 15503 15528 D HttpDownloader: Getting size of download
08-04 03:22:36.013 15503 15528 D HttpDownloader: Size is -1
08-04 03:22:36.013 15503 15528 D UserPreferences: Using default data folder
08-04 03:22:36.013 15503 15528 D HttpDownloader: Free space is 20250288128
08-04 03:22:36.013 15503 15528 D HttpDownloader: Starting download
08-04 03:22:36.026 13866 13866 I GoogleInputMethodServic: GoogleInputMethodService.onFinishInput():3138 
08-04 03:22:36.027 13866 13866 I GoogleInputMethodServic: GoogleInputMethodService.onStartInput():1808 
08-04 03:22:36.057   918   936 I ActivityManager: Displayed baseline.de.danoeh.antennapod.debug/baseline.de.danoeh.antennapod.activity.OnlineFeedViewActivity: +115ms
08-04 03:22:36.088 15503 15529 D OpenGLRenderer: endAllStagingAnimators on 0x7f7f32cc00 (GridView) with handle 0x7f7d4f56c0
08-04 03:22:36.091   512  2967 D audio_hw_primary: disable_audio_route: reset and update mixer path: low-latency-playback speaker
08-04 03:22:36.092   512  2967 D audio_hw_primary: disable_snd_device: snd_device(2: speaker)
08-04 03:22:36.104   512  2967 I soundtrigger: audio_extn_sound_trigger_update_device_status: device 0x2 of type 0 for Event 0
08-04 03:22:36.159 15503 15528 D HttpDownloader: Download was successful
08-04 03:22:36.159   918  4413 D WifiService: releaseWifiLockLocked: WifiLock{Downloader type=1 binder=android.os.BinderProxy@ca58629}
08-04 03:22:36.160 15503 15503 D OnlineFeedViewActivity: Parsing feed
08-04 03:22:36.164 15503 17036 D TypeGetter: Recognized type RSS 2.0
08-04 03:22:36.166 15503 17036 D SyndHandler: Recognized Atom namespace
08-04 03:22:36.166 15503 17036 D SyndHandler: Recognized ITunes namespace
08-04 03:22:36.166 15503 17036 D SyndHandler: Recognized media namespace
08-04 03:22:36.166 15503 17036 D SyndHandler: Recognized Content namespace
08-04 03:22:36.177 15503 16044 I art     : Starting a blocking GC Explicit
08-04 03:22:36.212 15503 16044 I art     : Explicit concurrent mark sweep GC freed 5348(467KB) AllocSpace objects, 4(80KB) LOS objects, 36% free, 28MB/44MB, paused 1.327ms total 35.394ms
08-04 03:22:36.225 15503 16044 I art     : Starting a blocking GC Explicit
08-04 03:22:36.260 15503 16044 I art     : Explicit concurrent mark sweep GC freed 3094(157KB) AllocSpace objects, 0(0B) LOS objects, 35% free, 28MB/44MB, paused 1.425ms total 35.110ms
08-04 03:22:36.272 15503 16044 I art     : Starting a blocking GC Explicit
08-04 03:22:36.301   380   380 W SurfaceFlinger: couldn't log to binary event log: overflow.
08-04 03:22:36.308 15503 16044 I art     : Explicit concurrent mark sweep GC freed 2795(139KB) AllocSpace objects, 0(0B) LOS objects, 35% free, 28MB/44MB, paused 1.447ms total 35.164ms
08-04 03:22:36.319 15503 16044 I art     : Starting a blocking GC Explicit
08-04 03:22:36.351 15503 16044 I art     : Explicit concurrent mark sweep GC freed 2612(136KB) AllocSpace objects, 0(0B) LOS objects, 35% free, 28MB/44MB, paused 1.360ms total 31.288ms
08-04 03:22:36.362 15503 16044 I art     : Starting a blocking GC Explicit
08-04 03:22:36.394 15503 16044 I art     : Explicit concurrent mark sweep GC freed 2677(139KB) AllocSpace objects, 0(0B) LOS objects, 35% free, 28MB/44MB, paused 1.426ms total 31.907ms
08-04 03:22:36.421 15503 15503 D PlaybackController: Releasing PlaybackController
08-04 03:22:36.681 15503 15519 I art     : Starting a blocking GC Explicit
08-04 03:22:36.721 15503 15519 I art     : Explicit concurrent mark sweep GC freed 19278(1031KB) AllocSpace objects, 1(20KB) LOS objects, 35% free, 29MB/45MB, paused 1.455ms total 39.655ms
08-04 03:22:36.733 15503 15519 I art     : Starting a blocking GC Explicit
08-04 03:22:36.768 15503 15519 I art     : Explicit concurrent mark sweep GC freed 6243(308KB) AllocSpace objects, 0(0B) LOS objects, 35% free, 29MB/45MB, paused 1.614ms total 35.096ms
08-04 03:22:36.781 15503 15519 I art     : Starting a blocking GC Explicit
08-04 03:22:36.814 15503 15519 I art     : Explicit concurrent mark sweep GC freed 4271(208KB) AllocSpace objects, 0(0B) LOS objects, 35% free, 29MB/45MB, paused 1.363ms total 33.074ms
08-04 03:22:36.825 15503 15519 I art     : Starting a blocking GC Explicit
08-04 03:22:36.858 15503 15519 I art     : Explicit concurrent mark sweep GC freed 2722(139KB) AllocSpace objects, 0(0B) LOS objects, 35% free, 29MB/45MB, paused 1.377ms total 32.679ms
08-04 03:22:36.870 15503 15519 I art     : Starting a blocking GC Explicit
08-04 03:22:36.904 15503 15519 I art     : Explicit concurrent mark sweep GC freed 2679(136KB) AllocSpace objects, 0(0B) LOS objects, 35% free, 29MB/45MB, paused 1.474ms total 34.185ms
08-04 03:22:37.187 15503 15530 I art     : Starting a blocking GC Explicit
08-04 03:22:37.229 15503 15530 I art     : Explicit concurrent mark sweep GC freed 19379(1028KB) AllocSpace objects, 1(20KB) LOS objects, 35% free, 29MB/45MB, paused 1.588ms total 41.093ms
08-04 03:22:37.241 15503 15530 I art     : Starting a blocking GC Explicit
08-04 03:22:37.278 15503 15530 I art     : Explicit concurrent mark sweep GC freed 6516(309KB) AllocSpace objects, 0(0B) LOS objects, 35% free, 29MB/45MB, paused 1.552ms total 37.002ms
08-04 03:22:37.290 15503 15530 I art     : Starting a blocking GC Explicit
08-04 03:22:37.325 15503 15530 I art     : Explicit concurrent mark sweep GC freed 4271(209KB) AllocSpace objects, 0(0B) LOS objects, 35% free, 29MB/45MB, paused 1.376ms total 34.682ms
08-04 03:22:37.337 15503 15530 I art     : Starting a blocking GC Explicit
08-04 03:22:37.374 15503 15530 I art     : Explicit concurrent mark sweep GC freed 2948(152KB) AllocSpace objects, 0(0B) LOS objects, 35% free, 29MB/45MB, paused 1.415ms total 36.057ms
08-04 03:22:37.386 15503 15530 I art     : Starting a blocking GC Explicit
08-04 03:22:37.422 15503 15530 I art     : Explicit concurrent mark sweep GC freed 2883(155KB) AllocSpace objects, 0(0B) LOS objects, 35% free, 29MB/45MB, paused 1.383ms total 35.684ms
08-04 03:22:37.705 15503 15530 I art     : Starting a blocking GC Explicit
08-04 03:22:37.747 15503 15530 I art     : Explicit concurrent mark sweep GC freed 18891(1023KB) AllocSpace objects, 1(20KB) LOS objects, 34% free, 30MB/46MB, paused 1.454ms total 41.735ms
08-04 03:22:37.760 15503 15530 I art     : Starting a blocking GC Explicit
08-04 03:22:37.797 15503 15530 I art     : Explicit concurrent mark sweep GC freed 7653(363KB) AllocSpace objects, 0(0B) LOS objects, 34% free, 30MB/46MB, paused 1.582ms total 36.349ms
08-04 03:22:37.809 15503 15530 I art     : Starting a blocking GC Explicit
08-04 03:22:37.845 15503 15530 I art     : Explicit concurrent mark sweep GC freed 3381(174KB) AllocSpace objects, 0(0B) LOS objects, 34% free, 30MB/46MB, paused 1.363ms total 36.095ms
08-04 03:22:37.859 15503 15530 I art     : Starting a blocking GC Explicit
08-04 03:22:37.895 15503 15530 I art     : Explicit concurrent mark sweep GC freed 3101(163KB) AllocSpace objects, 0(0B) LOS objects, 34% free, 30MB/46MB, paused 1.499ms total 36.264ms
08-04 03:22:37.908 15503 15530 I art     : Starting a blocking GC Explicit
08-04 03:22:37.945 15503 15530 I art     : Explicit concurrent mark sweep GC freed 3010(165KB) AllocSpace objects, 0(0B) LOS objects, 34% free, 30MB/46MB, paused 1.421ms total 36.218ms
08-04 03:22:38.229 15503 15519 I art     : Starting a blocking GC Explicit
08-04 03:22:38.274 15503 15519 I art     : Explicit concurrent mark sweep GC freed 19266(1086KB) AllocSpace objects, 1(20KB) LOS objects, 34% free, 30MB/46MB, paused 1.579ms total 44.731ms
08-04 03:22:38.288 15503 15519 I art     : Starting a blocking GC Explicit
08-04 03:22:38.327 15503 15519 I art     : Explicit concurrent mark sweep GC freed 6443(306KB) AllocSpace objects, 0(0B) LOS objects, 34% free, 30MB/46MB, paused 1.525ms total 39.081ms
08-04 03:22:38.340 15503 15519 I art     : Starting a blocking GC Explicit
08-04 03:22:38.379 15503 15519 I art     : Explicit concurrent mark sweep GC freed 5136(242KB) AllocSpace objects, 0(0B) LOS objects, 34% free, 30MB/46MB, paused 1.537ms total 39.148ms
08-04 03:22:38.392 15503 15519 I art     : Starting a blocking GC Explicit
08-04 03:22:38.431 15503 15519 I art     : Explicit concurrent mark sweep GC freed 3126(163KB) AllocSpace objects, 0(0B) LOS objects, 34% free, 30MB/46MB, paused 1.583ms total 38.731ms
08-04 03:22:38.443 15503 15519 I art     : Starting a blocking GC Explicit
08-04 03:22:38.483 15503 15519 I art     : Explicit concurrent mark sweep GC freed 3212(167KB) AllocSpace objects, 0(0B) LOS objects, 34% free, 30MB/46MB, paused 1.598ms total 38.953ms
08-04 03:22:38.810 15503 15530 I art     : Starting a blocking GC Explicit
08-04 03:22:38.864 15503 15530 I art     : Explicit concurrent mark sweep GC freed 21887(1181KB) AllocSpace objects, 1(20KB) LOS objects, 33% free, 31MB/47MB, paused 1.746ms total 53.236ms
08-04 03:22:38.879 15503 15530 I art     : Starting a blocking GC Explicit
08-04 03:22:38.924 15503 15530 I art     : Explicit concurrent mark sweep GC freed 3526(148KB) AllocSpace objects, 0(0B) LOS objects, 33% free, 31MB/47MB, paused 1.969ms total 45.555ms
08-04 03:22:38.939 15503 15530 I art     : Starting a blocking GC Explicit
08-04 03:22:38.981 15503 15530 I art     : Explicit concurrent mark sweep GC freed 9690(427KB) AllocSpace objects, 0(0B) LOS objects, 33% free, 31MB/47MB, paused 1.692ms total 42.298ms
08-04 03:22:38.995 15503 15530 I art     : Starting a blocking GC Explicit
08-04 03:22:39.039 15503 15530 I art     : Explicit concurrent mark sweep GC freed 3459(147KB) AllocSpace objects, 0(0B) LOS objects, 33% free, 31MB/47MB, paused 1.671ms total 44.008ms
08-04 03:22:39.053 15503 15530 I art     : Starting a blocking GC Explicit
08-04 03:22:39.098 15503 15530 I art     : Explicit concurrent mark sweep GC freed 3494(156KB) AllocSpace objects, 0(0B) LOS objects, 33% free, 31MB/47MB, paused 1.635ms total 44.438ms
08-04 03:22:39.326 15503 17036 D OnlineFeedViewActivity: Deleted feed source file. Result: true
08-04 03:22:39.339 15503 15503 D OnlineFeedViewActivity: Removing HTML from shownotes
08-04 03:22:39.433 15503 15515 I art     : Starting a blocking GC Explicit
08-04 03:22:39.484 15503 15515 I art     : Explicit concurrent mark sweep GC freed 40782(3MB) AllocSpace objects, 163(10MB) LOS objects, 32% free, 32MB/48MB, paused 1.555ms total 50.926ms
08-04 03:22:39.498 15503 15515 I art     : Starting a blocking GC Explicit
08-04 03:22:39.550 15503 15515 I art     : Explicit concurrent mark sweep GC freed 42788(3MB) AllocSpace objects, 188(12MB) LOS objects, 32% free, 33MB/49MB, paused 1.548ms total 51.051ms
08-04 03:22:39.564 15503 15515 I art     : Starting a blocking GC Explicit
08-04 03:22:39.619 15503 15515 I art     : Explicit concurrent mark sweep GC freed 43697(3MB) AllocSpace objects, 194(12MB) LOS objects, 32% free, 32MB/48MB, paused 1.691ms total 54.655ms
08-04 03:22:39.635 15503 15515 I art     : Starting a blocking GC Explicit
08-04 03:22:39.692 15503 15515 I art     : Explicit concurrent mark sweep GC freed 45426(3MB) AllocSpace objects, 201(13MB) LOS objects, 32% free, 33MB/49MB, paused 1.586ms total 56.935ms
08-04 03:22:39.707 15503 15515 I art     : Starting a blocking GC Explicit
08-04 03:22:39.759 15503 15515 I art     : Explicit concurrent mark sweep GC freed 42759(3MB) AllocSpace objects, 191(12MB) LOS objects, 32% free, 33MB/49MB, paused 1.525ms total 51.845ms
08-04 03:22:39.917 15503 15503 I Choreographer: Skipped 33 frames!  The application may be doing too much work on its main thread.
08-04 03:22:40.066 15503 15515 I art     : Starting a blocking GC Explicit
08-04 03:22:40.119 15503 15515 I art     : Explicit concurrent mark sweep GC freed 13846(1484KB) AllocSpace objects, 75(4MB) LOS objects, 33% free, 31MB/47MB, paused 1.250ms total 53.228ms
08-04 03:22:40.134 15503 15515 I art     : Starting a blocking GC Explicit
08-04 03:22:40.180 15503 15515 I art     : Explicit concurrent mark sweep GC freed 562(27KB) AllocSpace objects, 1(112KB) LOS objects, 33% free, 31MB/47MB, paused 1.193ms total 45.694ms
08-04 03:22:40.195 15503 15515 I art     : Starting a blocking GC Explicit
08-04 03:22:40.243 15503 15515 I art     : Explicit concurrent mark sweep GC freed 3(96B) AllocSpace objects, 0(0B) LOS objects, 33% free, 31MB/47MB, paused 1.275ms total 47.699ms
08-04 03:22:40.253 17099 17099 D AndroidRuntime: >>>>>> START com.android.internal.os.RuntimeInit uid 2000 <<<<<<
08-04 03:22:40.259 15503 15515 I art     : Starting a blocking GC Explicit
08-04 03:22:40.260 17099 17099 D AndroidRuntime: CheckJNI is OFF
08-04 03:22:40.305 17099 17099 D ICU     : No timezone override file found: /data/misc/zoneinfo/current/icu/icu_tzdata.dat
08-04 03:22:40.307 15503 15515 I art     : Explicit concurrent mark sweep GC freed 3(96B) AllocSpace objects, 0(0B) LOS objects, 33% free, 31MB/47MB, paused 1.342ms total 48.170ms
08-04 03:22:40.322 15503 15515 I art     : Starting a blocking GC Explicit
08-04 03:22:40.351 17099 17099 I Radio-JNI: register_android_hardware_Radio DONE
08-04 03:22:40.369 15503 15515 I art     : Explicit concurrent mark sweep GC freed 3(96B) AllocSpace objects, 0(0B) LOS objects, 33% free, 31MB/47MB, paused 1.271ms total 46.484ms
08-04 03:22:40.382 17099 17099 D AndroidRuntime: Calling main entry com.android.commands.input.Input
08-04 03:22:40.384 17099 17099 I Input   : injectKeyEvent: KeyEvent { action=ACTION_DOWN, keyCode=KEYCODE_BACK, scanCode=0, metaState=0, flags=0x0, repeatCount=0, eventTime=674576796, downTime=674576796, deviceId=-1, source=0x101 }
08-04 03:22:40.391 17099 17099 I Input   : injectKeyEvent: KeyEvent { action=ACTION_UP, keyCode=KEYCODE_BACK, scanCode=0, metaState=0, flags=0x0, repeatCount=0, eventTime=674576796, downTime=674576796, deviceId=-1, source=0x101 }
08-04 03:22:40.397 17099 17099 D AndroidRuntime: Shutting down VM
08-04 03:22:40.401 15503 15503 V PlaybackController: initServiceNotRunning()
08-04 03:22:40.401 15503 15503 D ExternalPlayerFragment: Loading media info
08-04 03:22:40.405 15503 15503 D UserPreferences: Using default data folder
08-04 03:22:40.405 15503 15528 D DBReader: getNavDrawerData() called with: 
08-04 03:22:40.418 15503 15528 D DBReader: getDownloadedItems() called
08-04 03:22:40.419 15503 15528 D DBReader: getFavoriteIDList() called
08-04 03:22:40.419 15503 15528 D DBReader: getQueueIDList() called
08-04 03:22:40.420 15503 15528 D DBReader: Extracting Feedlist
08-04 03:22:40.434 13866 13866 I GoogleInputMethodServic: GoogleInputMethodService.onFinishInput():3138 
08-04 03:22:40.434 13866 13866 I GoogleInputMethodServic: GoogleInputMethodService.onStartInput():1808 
08-04 03:22:40.449 15503 15503 D MainActivity: getLastNavFragment() -> AddFeedFragment
08-04 03:22:40.678 15503 15515 I art     : Starting a blocking GC Explicit
08-04 03:22:40.722   380   380 W SurfaceFlinger: couldn't log to binary event log: overflow.
08-04 03:22:40.734 15503 15515 I art     : Explicit concurrent mark sweep GC freed 2961(172KB) AllocSpace objects, 1(20KB) LOS objects, 33% free, 31MB/47MB, paused 1.184ms total 54.732ms
08-04 03:22:40.748 15503 15515 I art     : Starting a blocking GC Explicit
08-04 03:22:40.791 15503 15515 I art     : Explicit concurrent mark sweep GC freed 568(28KB) AllocSpace objects, 0(0B) LOS objects, 33% free, 31MB/47MB, paused 1.209ms total 42.807ms
08-04 03:22:40.805 15503 15515 I art     : Starting a blocking GC Explicit
08-04 03:22:40.851 15503 15515 I art     : Explicit concurrent mark sweep GC freed 17(784B) AllocSpace objects, 0(0B) LOS objects, 33% free, 31MB/47MB, paused 1.205ms total 45.710ms
08-04 03:22:40.865 15503 15515 I art     : Starting a blocking GC Explicit
08-04 03:22:40.911 15503 15515 I art     : Explicit concurrent mark sweep GC freed 3(96B) AllocSpace objects, 0(0B) LOS objects, 33% free, 31MB/47MB, paused 1.206ms total 45.788ms
08-04 03:22:40.926 15503 15515 I art     : Starting a blocking GC Explicit
08-04 03:22:40.974 15503 15515 I art     : Explicit concurrent mark sweep GC freed 3(96B) AllocSpace objects, 0(0B) LOS objects, 33% free, 31MB/47MB, paused 1.205ms total 47.152ms
08-04 03:22:41.297 15503 16045 I art     : Starting a blocking GC Explicit
08-04 03:22:41.359 15503 16045 I art     : Explicit concurrent mark sweep GC freed 1401(81KB) AllocSpace objects, 1(20KB) LOS objects, 33% free, 31MB/47MB, paused 1.471ms total 61.641ms
08-04 03:22:41.376 15503 16045 I art     : Starting a blocking GC Explicit
08-04 03:22:41.424 15503 16045 I art     : Explicit concurrent mark sweep GC freed 23(752B) AllocSpace objects, 0(0B) LOS objects, 33% free, 31MB/47MB, paused 1.215ms total 47.239ms
08-04 03:22:41.439 15503 16045 I art     : Starting a blocking GC Explicit
08-04 03:22:41.487 15503 16045 I art     : Explicit concurrent mark sweep GC freed 3(96B) AllocSpace objects, 0(0B) LOS objects, 33% free, 31MB/47MB, paused 1.207ms total 47.606ms
08-04 03:22:41.502 15503 16045 I art     : Starting a blocking GC Explicit
08-04 03:22:41.551 15503 16045 I art     : Explicit concurrent mark sweep GC freed 106(5KB) AllocSpace objects, 0(0B) LOS objects, 33% free, 31MB/47MB, paused 1.302ms total 48.353ms
08-04 03:22:41.566 15503 16045 I art     : Starting a blocking GC Explicit
08-04 03:22:41.605 15503 16045 I art     : Explicit concurrent mark sweep GC freed 33150(3MB) AllocSpace objects, 1(28KB) LOS objects, 36% free, 28MB/44MB, paused 1.191ms total 39.221ms
08-04 03:22:41.916 15503 15530 I art     : Starting a blocking GC Explicit
08-04 03:22:41.953 15503 15530 I art     : Explicit concurrent mark sweep GC freed 1374(82KB) AllocSpace objects, 1(20KB) LOS objects, 36% free, 28MB/44MB, paused 1.256ms total 37.557ms
08-04 03:22:41.965 15503 15530 I art     : Starting a blocking GC Explicit
08-04 03:22:42.001 15503 15530 I art     : Explicit concurrent mark sweep GC freed 23(752B) AllocSpace objects, 0(0B) LOS objects, 36% free, 28MB/44MB, paused 1.236ms total 35.796ms
08-04 03:22:42.013 15503 15530 I art     : Starting a blocking GC Explicit
08-04 03:22:42.051 15503 15530 I art     : Explicit concurrent mark sweep GC freed 34(944B) AllocSpace objects, 0(0B) LOS objects, 36% free, 28MB/44MB, paused 1.355ms total 37.156ms
08-04 03:22:42.064 15503 15530 I art     : Starting a blocking GC Explicit
08-04 03:22:42.100 15503 15530 I art     : Explicit concurrent mark sweep GC freed 9(288B) AllocSpace objects, 0(0B) LOS objects, 36% free, 28MB/44MB, paused 1.160ms total 35.596ms
08-04 03:22:42.112 15503 15530 I art     : Starting a blocking GC Explicit
08-04 03:22:42.146 15503 15530 I art     : Explicit concurrent mark sweep GC freed 9(288B) AllocSpace objects, 0(0B) LOS objects, 36% free, 28MB/44MB, paused 1.170ms total 32.911ms
08-04 03:22:42.174 17146 17146 D AndroidRuntime: >>>>>> START com.android.internal.os.RuntimeInit uid 2000 <<<<<<
08-04 03:22:42.179 17146 17146 D AndroidRuntime: CheckJNI is OFF
08-04 03:22:42.222 17146 17146 D ICU     : No timezone override file found: /data/misc/zoneinfo/current/icu/icu_tzdata.dat
08-04 03:22:42.265 17146 17146 I Radio-JNI: register_android_hardware_Radio DONE
08-04 03:22:42.295 17146 17146 D AndroidRuntime: Calling main entry com.android.commands.input.Input
08-04 03:22:42.297 17146 17146 I Input   : injectMotionEvent: MotionEvent { action=ACTION_DOWN, actionButton=0, id[0]=0, x[0]=616.0, y[0]=469.0, toolType[0]=TOOL_TYPE_UNKNOWN, buttonState=0, metaState=0, flags=0x0, edgeFlags=0x0, pointerCount=1, historySize=0, eventTime=674578710, downTime=674578710, deviceId=0, source=0x1002 }
08-04 03:22:42.305 17146 17146 I Input   : injectMotionEvent: MotionEvent { action=ACTION_UP, actionButton=0, id[0]=0, x[0]=616.0, y[0]=469.0, toolType[0]=TOOL_TYPE_UNKNOWN, buttonState=0, metaState=0, flags=0x0, edgeFlags=0x0, pointerCount=1, historySize=0, eventTime=674578710, downTime=674578710, deviceId=0, source=0x1002 }
08-04 03:22:42.308 17146 17146 D AndroidRuntime: Shutting down VM
08-04 03:22:42.374   512  2967 D audio_hw_primary: out_set_parameters: enter: usecase(1: low-latency-playback) kvpairs: routing=2
08-04 03:22:42.380 13866 13866 I GoogleInputMethodServic: GoogleInputMethodService.onFinishInput():3138 
08-04 03:22:42.381 13866 13866 I GoogleInputMethodServic: GoogleInputMethodService.onStartInput():1808 
08-04 03:22:42.387   512  2967 D audio_hw_primary: select_devices: out_snd_device(2: speaker) in_snd_device(0: none)
08-04 03:22:42.387   512  2967 D msm8974_platform: platform_send_audio_calibration: sending audio calibration for snd_device(2) acdb_id(15)
08-04 03:22:42.387   512  2967 I soundtrigger: audio_extn_sound_trigger_update_device_status: device 0x2 of type 0 for Event 1
08-04 03:22:42.401   512  2967 D audio_hw_primary: enable_snd_device: snd_device(2: speaker)
08-04 03:22:42.403   512  2967 D audio_hw_primary: enable_audio_route: apply and update mixer path: low-latency-playback speaker
08-04 03:22:42.458 15503 16044 I art     : Starting a blocking GC Explicit
08-04 03:22:42.492 15503 16044 I art     : Explicit concurrent mark sweep GC freed 1648(92KB) AllocSpace objects, 1(20KB) LOS objects, 36% free, 28MB/44MB, paused 1.195ms total 34.003ms
08-04 03:22:42.504 15503 16044 I art     : Starting a blocking GC Explicit
08-04 03:22:42.538 15503 16044 I art     : Explicit concurrent mark sweep GC freed 62(2160B) AllocSpace objects, 0(0B) LOS objects, 36% free, 28MB/44MB, paused 1.349ms total 33.760ms
08-04 03:22:42.549 15503 16044 I art     : Starting a blocking GC Explicit
08-04 03:22:42.580 15503 16044 I art     : Explicit concurrent mark sweep GC freed 18(672B) AllocSpace objects, 0(0B) LOS objects, 36% free, 28MB/44MB, paused 1.211ms total 30.628ms
08-04 03:22:42.587 15503 16035 I NAPPA_EXPERIMENTATION: MetricNetworkRequestExecutionTime: REQUEST_DURATION_SYSTEM='213',REQUEST_DURATION_OKHTTP='212',REQUEST_SYNCHRONOUS='TRUE',RESPONSE_CODE='200',RESPONSE_METHOD='GET',RESPONSE_LENGTH_OKHTTP='-1',RESPONSE_LENGTH_HEADER='628',REQUEST_PROTOCOL='h2',REQUEST_URL='https://itunes.apple.com/lookup?id=1524080195',
08-04 03:22:42.591 15503 16044 I art     : Starting a blocking GC Explicit
08-04 03:22:42.596   918  3714 I ActivityManager: START u0 {cmp=baseline.de.danoeh.antennapod.debug/baseline.de.danoeh.antennapod.activity.OnlineFeedViewActivity (has extras)} from uid 10670 on display 0
08-04 03:22:42.618 13866 13866 I GoogleInputMethodServic: GoogleInputMethodService.onFinishInput():3138 
08-04 03:22:42.618 13866 13866 I GoogleInputMethodServic: GoogleInputMethodService.onStartInput():1808 
08-04 03:22:42.622 15503 16044 I art     : Explicit concurrent mark sweep GC freed 671(49KB) AllocSpace objects, 0(0B) LOS objects, 36% free, 28MB/44MB, paused 1.375ms total 31.046ms
08-04 03:22:42.634 15503 16044 I art     : Starting a blocking GC Explicit
08-04 03:22:42.643 15503 15503 D UserPreferences: Using default data folder
08-04 03:22:42.643 15503 15503 D OnlineFeedViewActivity: Activity was started with url https://rss.art19.com/nice-white-parents
08-04 03:22:42.645 15503 15503 D OnlineFeedViewActivity: Starting feed download
08-04 03:22:42.649 15503 15535 D DBReader: Extracting Feedlist
08-04 03:22:42.651   918  4413 D WifiService: acquireWifiLockLocked: WifiLock{Downloader type=1 binder=android.os.BinderProxy@bb97b36}
08-04 03:22:42.652 15503 15535 D AntennapodHttpClient: Creating new instance of HTTP client
08-04 03:22:42.667 15503 16044 I art     : Explicit concurrent mark sweep GC freed 988(72KB) AllocSpace objects, 0(0B) LOS objects, 36% free, 28MB/44MB, paused 1.322ms total 32.309ms
08-04 03:22:42.702 13866 13866 I GoogleInputMethodServic: GoogleInputMethodService.onFinishInput():3138 
08-04 03:22:42.703 13866 13866 I GoogleInputMethodServic: GoogleInputMethodService.onStartInput():1808 
08-04 03:22:42.730   918   936 I ActivityManager: Displayed baseline.de.danoeh.antennapod.debug/baseline.de.danoeh.antennapod.activity.OnlineFeedViewActivity: +111ms
08-04 03:22:42.934 15503 15535 D MYTAG   : interceptor 3a https://rss.art19.com/nice-white-parents
08-04 03:22:42.935 15503 15535 I NAPPA_EXPERIMENTATION: MetricNetworkRequestExecutionTime: REQUEST_DURATION_SYSTEM='282',REQUEST_DURATION_OKHTTP='141',REQUEST_SYNCHRONOUS='TRUE',RESPONSE_CODE='200',RESPONSE_METHOD='GET',RESPONSE_LENGTH_OKHTTP='-1',RESPONSE_LENGTH_HEADER='1803',REQUEST_PROTOCOL='h2',REQUEST_URL='https://rss.art19.com/nice-white-parents',
08-04 03:22:42.935 15503 15535 D HttpDownloader: Response code is 200
08-04 03:22:42.935 15503 15535 D UserPreferences: Using default data folder
08-04 03:22:42.938 15503 15535 D HttpDownloader: Getting size of download
08-04 03:22:42.938 15503 15535 D HttpDownloader: Size is -1
08-04 03:22:42.938 15503 15535 D UserPreferences: Using default data folder
08-04 03:22:42.939 15503 15535 D HttpDownloader: Free space is 20250279936
08-04 03:22:42.939 15503 15535 D HttpDownloader: Starting download
08-04 03:22:42.941 15503 15535 D HttpDownloader: Download was successful
08-04 03:22:42.942   918  4413 D WifiService: releaseWifiLockLocked: WifiLock{Downloader type=1 binder=android.os.BinderProxy@bb97b36}
08-04 03:22:42.943 15503 15503 D OnlineFeedViewActivity: Parsing feed
08-04 03:22:42.948 15503 17192 D TypeGetter: Recognized type RSS 2.0
08-04 03:22:42.950   512  2967 D audio_hw_primary: disable_audio_route: reset and update mixer path: low-latency-playback speaker
08-04 03:22:42.951 15503 17192 D SyndHandler: Recognized ITunes namespace
08-04 03:22:42.951 15503 17192 D SyndHandler: Recognized Atom namespace
08-04 03:22:42.951 15503 17192 D SyndHandler: Recognized Content namespace
08-04 03:22:42.954   512  2967 D audio_hw_primary: disable_snd_device: snd_device(2: speaker)
08-04 03:22:42.958   380   380 W SurfaceFlinger: couldn't log to binary event log: overflow.
08-04 03:22:42.961 15503 15515 I art     : Starting a blocking GC Explicit
08-04 03:22:42.961 15503 17192 D OnlineFeedViewActivity: Deleted feed source file. Result: true
08-04 03:22:42.964   512  2967 I soundtrigger: audio_extn_sound_trigger_update_device_status: device 0x2 of type 0 for Event 0
08-04 03:22:42.965 15503 15503 D OnlineFeedViewActivity: Removing HTML from shownotes
08-04 03:22:42.998 15503 15515 I art     : Explicit concurrent mark sweep GC freed 7996(573KB) AllocSpace objects, 8(348KB) LOS objects, 35% free, 28MB/44MB, paused 1.480ms total 36.620ms
08-04 03:22:43.009 15503 15515 I art     : Starting a blocking GC Explicit
08-04 03:22:43.041 15503 15515 I art     : Explicit concurrent mark sweep GC freed 1982(172KB) AllocSpace objects, 0(0B) LOS objects, 35% free, 28MB/44MB, paused 1.226ms total 31.682ms
08-04 03:22:43.052 15503 15515 I art     : Starting a blocking GC Explicit
08-04 03:22:43.085 15503 15515 I art     : Explicit concurrent mark sweep GC freed 114(5KB) AllocSpace objects, 0(0B) LOS objects, 35% free, 28MB/44MB, paused 1.162ms total 32.085ms
08-04 03:22:43.097 15503 15515 I art     : Starting a blocking GC Explicit
08-04 03:22:43.098 15503 15503 D PlaybackController: Releasing PlaybackController
08-04 03:22:43.132 15503 15515 I art     : Explicit concurrent mark sweep GC freed 249(13KB) AllocSpace objects, 1(112KB) LOS objects, 36% free, 28MB/44MB, paused 1.162ms total 35.521ms
08-04 03:22:43.144 15503 15515 I art     : Starting a blocking GC Explicit
08-04 03:22:43.178 15503 15515 I art     : Explicit concurrent mark sweep GC freed 21(704B) AllocSpace objects, 0(0B) LOS objects, 36% free, 28MB/44MB, paused 1.322ms total 33.988ms
08-04 03:22:43.494 15503 16044 I art     : Starting a blocking GC Explicit
08-04 03:22:43.542 15503 16044 I art     : Explicit concurrent mark sweep GC freed 1374(81KB) AllocSpace objects, 1(20KB) LOS objects, 36% free, 28MB/44MB, paused 1.245ms total 47.959ms
08-04 03:22:43.557 15503 16044 I art     : Starting a blocking GC Explicit
08-04 03:22:43.593 15503 16044 I art     : Explicit concurrent mark sweep GC freed 23(752B) AllocSpace objects, 0(0B) LOS objects, 36% free, 28MB/44MB, paused 1.280ms total 35.796ms
08-04 03:22:43.605 15503 16044 I art     : Starting a blocking GC Explicit
08-04 03:22:43.641 15503 16044 I art     : Explicit concurrent mark sweep GC freed 3(96B) AllocSpace objects, 0(0B) LOS objects, 36% free, 28MB/44MB, paused 1.200ms total 35.741ms
08-04 03:22:43.653 15503 16044 I art     : Starting a blocking GC Explicit
08-04 03:22:43.690 15503 16044 I art     : Explicit concurrent mark sweep GC freed 3(96B) AllocSpace objects, 0(0B) LOS objects, 36% free, 28MB/44MB, paused 1.222ms total 36.126ms
08-04 03:22:43.702 15503 16044 I art     : Starting a blocking GC Explicit
08-04 03:22:43.738 15503 16044 I art     : Explicit concurrent mark sweep GC freed 3(96B) AllocSpace objects, 0(0B) LOS objects, 36% free, 28MB/44MB, paused 1.256ms total 36.171ms
08-04 03:22:44.065 15503 15530 I art     : Starting a blocking GC Explicit
08-04 03:22:44.114 15503 15530 I art     : Explicit concurrent mark sweep GC freed 1403(83KB) AllocSpace objects, 1(20KB) LOS objects, 36% free, 28MB/44MB, paused 1.315ms total 48.478ms
08-04 03:22:44.129 15503 15530 I art     : Starting a blocking GC Explicit
08-04 03:22:44.166 15503 15530 I art     : Explicit concurrent mark sweep GC freed 23(752B) AllocSpace objects, 0(0B) LOS objects, 36% free, 28MB/44MB, paused 1.246ms total 36.385ms
08-04 03:22:44.178 15503 15530 I art     : Starting a blocking GC Explicit
08-04 03:22:44.218 15503 15530 I art     : Explicit concurrent mark sweep GC freed 3(96B) AllocSpace objects, 0(0B) LOS objects, 36% free, 28MB/44MB, paused 1.391ms total 39.553ms
08-04 03:22:44.231 15503 15530 I art     : Starting a blocking GC Explicit
08-04 03:22:44.269 15503 15530 I art     : Explicit concurrent mark sweep GC freed 3(96B) AllocSpace objects, 0(0B) LOS objects, 36% free, 28MB/44MB, paused 1.354ms total 37.918ms
08-04 03:22:44.281 15503 15530 I art     : Starting a blocking GC Explicit
08-04 03:22:44.321 15503 15530 I art     : Explicit concurrent mark sweep GC freed 3(96B) AllocSpace objects, 0(0B) LOS objects, 36% free, 28MB/44MB, paused 1.324ms total 38.881ms
08-04 03:22:44.655 15503 15519 I art     : Starting a blocking GC Explicit
08-04 03:22:44.694 15503 15519 I art     : Explicit concurrent mark sweep GC freed 1385(80KB) AllocSpace objects, 1(20KB) LOS objects, 36% free, 28MB/44MB, paused 1.216ms total 38.523ms
08-04 03:22:44.707 15503 15519 I art     : Starting a blocking GC Explicit
08-04 03:22:44.745 15503 15519 I art     : Explicit concurrent mark sweep GC freed 29(944B) AllocSpace objects, 0(0B) LOS objects, 36% free, 28MB/44MB, paused 1.399ms total 37.558ms
08-04 03:22:44.758 15503 15519 I art     : Starting a blocking GC Explicit
08-04 03:22:44.793 15503 15519 I art     : Explicit concurrent mark sweep GC freed 9(288B) AllocSpace objects, 0(0B) LOS objects, 36% free, 28MB/44MB, paused 1.187ms total 35.556ms
08-04 03:22:44.806 15503 15519 I art     : Starting a blocking GC Explicit
08-04 03:22:44.843 15503 15519 I art     : Explicit concurrent mark sweep GC freed 8(256B) AllocSpace objects, 0(0B) LOS objects, 36% free, 28MB/44MB, paused 1.281ms total 36.691ms
08-04 03:22:44.855 15503 15519 I art     : Starting a blocking GC Explicit
08-04 03:22:44.892 15503 15519 I art     : Explicit concurrent mark sweep GC freed 3(96B) AllocSpace objects, 0(0B) LOS objects, 36% free, 28MB/44MB, paused 1.259ms total 36.883ms
08-04 03:22:45.227 15503 16044 I art     : Starting a blocking GC Explicit
08-04 03:22:45.271 15503 16044 I art     : Explicit concurrent mark sweep GC freed 1401(81KB) AllocSpace objects, 1(20KB) LOS objects, 36% free, 28MB/44MB, paused 1.323ms total 44.375ms
08-04 03:22:45.286 15503 16044 I art     : Starting a blocking GC Explicit
08-04 03:22:45.326 15503 16044 I art     : Explicit concurrent mark sweep GC freed 23(752B) AllocSpace objects, 0(0B) LOS objects, 36% free, 28MB/44MB, paused 1.316ms total 39.218ms
08-04 03:22:45.339 15503 16044 I art     : Starting a blocking GC Explicit
08-04 03:22:45.378 15503 16044 I art     : Explicit concurrent mark sweep GC freed 3(96B) AllocSpace objects, 0(0B) LOS objects, 36% free, 28MB/44MB, paused 1.440ms total 39.079ms
08-04 03:22:45.391 15503 16044 I art     : Starting a blocking GC Explicit
08-04 03:22:45.429 15503 16044 I art     : Explicit concurrent mark sweep GC freed 3(96B) AllocSpace objects, 0(0B) LOS objects, 36% free, 28MB/44MB, paused 1.347ms total 38.036ms
08-04 03:22:45.442 15503 16044 I art     : Starting a blocking GC Explicit
08-04 03:22:45.481 15503 16044 I art     : Explicit concurrent mark sweep GC freed 3(96B) AllocSpace objects, 0(0B) LOS objects, 36% free, 28MB/44MB, paused 1.297ms total 39.167ms
08-04 03:22:45.826 15503 15530 I art     : Starting a blocking GC Explicit
08-04 03:22:45.873 15503 15530 I art     : Explicit concurrent mark sweep GC freed 1372(80KB) AllocSpace objects, 1(20KB) LOS objects, 36% free, 28MB/44MB, paused 1.256ms total 46.683ms
08-04 03:22:45.890 15503 15530 I art     : Starting a blocking GC Explicit
08-04 03:22:45.926 15503 15530 I art     : Explicit concurrent mark sweep GC freed 23(752B) AllocSpace objects, 0(0B) LOS objects, 36% free, 28MB/44MB, paused 1.288ms total 35.979ms
08-04 03:22:45.938 15503 15530 I art     : Starting a blocking GC Explicit
08-04 03:22:45.977 15503 15530 I art     : Explicit concurrent mark sweep GC freed 3(96B) AllocSpace objects, 0(0B) LOS objects, 36% free, 28MB/44MB, paused 1.423ms total 38.893ms
08-04 03:22:45.990 15503 15530 I art     : Starting a blocking GC Explicit
08-04 03:22:46.029 15503 15530 I art     : Explicit concurrent mark sweep GC freed 3(96B) AllocSpace objects, 0(0B) LOS objects, 36% free, 28MB/44MB, paused 1.329ms total 38.699ms
08-04 03:22:46.042 15503 15530 I art     : Starting a blocking GC Explicit
08-04 03:22:46.081 15503 15530 I art     : Explicit concurrent mark sweep GC freed 37(1232B) AllocSpace objects, 0(0B) LOS objects, 36% free, 28MB/44MB, paused 1.328ms total 39.317ms
08-04 03:22:46.331   518   646 I ThermalEngine: ACTION: GPU - Setting GPU[0] to 510000000
08-04 03:22:46.411 15503 15515 I art     : Starting a blocking GC Explicit
08-04 03:22:46.448 15503 15515 I art     : Explicit concurrent mark sweep GC freed 1373(82KB) AllocSpace objects, 1(20KB) LOS objects, 36% free, 28MB/44MB, paused 1.043ms total 36.837ms
08-04 03:22:46.461 15503 15515 I art     : Starting a blocking GC Explicit
08-04 03:22:46.492 15503 15515 I art     : Explicit concurrent mark sweep GC freed 23(752B) AllocSpace objects, 0(0B) LOS objects, 36% free, 28MB/44MB, paused 893us total 30.443ms
08-04 03:22:46.502 15503 15515 I art     : Starting a blocking GC Explicit
08-04 03:22:46.532 15503 15515 I art     : Explicit concurrent mark sweep GC freed 3(96B) AllocSpace objects, 0(0B) LOS objects, 36% free, 28MB/44MB, paused 963us total 29.503ms
08-04 03:22:46.541 15503 15515 I art     : Starting a blocking GC Explicit
08-04 03:22:46.571 15503 15515 I art     : Explicit concurrent mark sweep GC freed 3(96B) AllocSpace objects, 0(0B) LOS objects, 36% free, 28MB/44MB, paused 960us total 29.339ms
08-04 03:22:46.581 15503 15515 I art     : Starting a blocking GC Explicit
08-04 03:22:46.610 15503 15515 I art     : Explicit concurrent mark sweep GC freed 3(96B) AllocSpace objects, 0(0B) LOS objects, 36% free, 28MB/44MB, paused 934us total 29.225ms
08-04 03:22:46.943 15503 16045 I art     : Starting a blocking GC Explicit
08-04 03:22:46.979 15503 16045 I art     : Explicit concurrent mark sweep GC freed 1448(86KB) AllocSpace objects, 1(20KB) LOS objects, 36% free, 28MB/44MB, paused 834us total 35.840ms
08-04 03:22:46.989 15503 16045 I art     : Starting a blocking GC Explicit
08-04 03:22:47.018 15503 16045 I art     : Explicit concurrent mark sweep GC freed 64(3KB) AllocSpace objects, 0(0B) LOS objects, 36% free, 28MB/44MB, paused 915us total 29.480ms
08-04 03:22:47.028 15503 16045 I art     : Starting a blocking GC Explicit
08-04 03:22:47.058 15503 16045 I art     : Explicit concurrent mark sweep GC freed 32(880B) AllocSpace objects, 0(0B) LOS objects, 36% free, 28MB/44MB, paused 1.066ms total 29.415ms
08-04 03:22:47.068 15503 16045 I art     : Starting a blocking GC Explicit
08-04 03:22:47.095 15503 16045 I art     : Explicit concurrent mark sweep GC freed 3(96B) AllocSpace objects, 0(0B) LOS objects, 36% free, 28MB/44MB, paused 837us total 27.511ms
08-04 03:22:47.105 15503 16045 I art     : Starting a blocking GC Explicit
08-04 03:22:47.134 15503 16045 I art     : Explicit concurrent mark sweep GC freed 3(96B) AllocSpace objects, 0(0B) LOS objects, 36% free, 28MB/44MB, paused 880us total 29.029ms
08-04 03:22:47.459 15503 15519 I art     : Starting a blocking GC Explicit
08-04 03:22:47.494 15503 15519 I art     : Explicit concurrent mark sweep GC freed 1372(80KB) AllocSpace objects, 1(20KB) LOS objects, 36% free, 28MB/44MB, paused 900us total 34.600ms
08-04 03:22:47.506 15503 15519 I art     : Starting a blocking GC Explicit
08-04 03:22:47.535 15503 15519 I art     : Explicit concurrent mark sweep GC freed 23(752B) AllocSpace objects, 0(0B) LOS objects, 36% free, 28MB/44MB, paused 882us total 29.558ms
08-04 03:22:47.545 15503 15519 I art     : Starting a blocking GC Explicit
08-04 03:22:47.575 15503 15519 I art     : Explicit concurrent mark sweep GC freed 3(96B) AllocSpace objects, 0(0B) LOS objects, 36% free, 28MB/44MB, paused 876us total 29.066ms
08-04 03:22:47.584 15503 15519 I art     : Starting a blocking GC Explicit
08-04 03:22:47.588 15415 15415 I Atfwd_Sendcmd: AtCmdFwd service not ready - Exhausted retry attempts - :6
08-04 03:22:47.588 15415 15415 I Atfwd_Daemon: result : -1 	 ,Init step :2 	 ,qmiErrorCode: 0
08-04 03:22:47.613 15503 15519 I art     : Explicit concurrent mark sweep GC freed 3(96B) AllocSpace objects, 0(0B) LOS objects, 36% free, 28MB/44MB, paused 855us total 28.183ms
08-04 03:22:47.622 15503 15519 I art     : Starting a blocking GC Explicit
08-04 03:22:47.651 15503 15519 I art     : Explicit concurrent mark sweep GC freed 3(96B) AllocSpace objects, 0(0B) LOS objects, 36% free, 28MB/44MB, paused 858us total 28.582ms
08-04 03:22:47.984 15503 16044 I art     : Starting a blocking GC Explicit
08-04 03:22:48.020 15503 16044 I art     : Explicit concurrent mark sweep GC freed 1372(80KB) AllocSpace objects, 1(20KB) LOS objects, 36% free, 28MB/44MB, paused 963us total 36.297ms
08-04 03:22:48.021 15503 15514 I art     : WaitForGcToComplete blocked for 21.915ms for cause HeapTrim
08-04 03:22:48.034 15503 16044 I art     : Starting a blocking GC Explicit
08-04 03:22:48.065 15503 16044 I art     : Explicit concurrent mark sweep GC freed 52(1536B) AllocSpace objects, 0(0B) LOS objects, 36% free, 28MB/44MB, paused 809us total 31.100ms
08-04 03:22:48.075 15503 16044 I art     : Starting a blocking GC Explicit
08-04 03:22:48.103 15503 16044 I art     : Explicit concurrent mark sweep GC freed 3(96B) AllocSpace objects, 0(0B) LOS objects, 36% free, 28MB/44MB, paused 875us total 28.286ms
08-04 03:22:48.113 15503 16044 I art     : Starting a blocking GC Explicit
08-04 03:22:48.141 15503 16044 I art     : Explicit concurrent mark sweep GC freed 3(96B) AllocSpace objects, 0(0B) LOS objects, 36% free, 28MB/44MB, paused 890us total 28.379ms
08-04 03:22:48.151 15503 16044 I art     : Starting a blocking GC Explicit
08-04 03:22:48.180 15503 16044 I art     : Explicit concurrent mark sweep GC freed 3(96B) AllocSpace objects, 0(0B) LOS objects, 36% free, 28MB/44MB, paused 869us total 28.614ms
08-04 03:22:48.511 15503 15530 I art     : Starting a blocking GC Explicit
08-04 03:22:48.548 15503 15530 I art     : Explicit concurrent mark sweep GC freed 1372(80KB) AllocSpace objects, 1(20KB) LOS objects, 36% free, 28MB/44MB, paused 942us total 36.594ms
08-04 03:22:48.561 15503 15530 I art     : Starting a blocking GC Explicit
08-04 03:22:48.588 15503 15530 I art     : Explicit concurrent mark sweep GC freed 23(752B) AllocSpace objects, 0(0B) LOS objects, 36% free, 28MB/44MB, paused 878us total 27.233ms
08-04 03:22:48.598 15503 15530 I art     : Starting a blocking GC Explicit
08-04 03:22:48.626 15503 15530 I art     : Explicit concurrent mark sweep GC freed 3(96B) AllocSpace objects, 0(0B) LOS objects, 36% free, 28MB/44MB, paused 853us total 28.344ms
08-04 03:22:48.636 15503 15530 I art     : Starting a blocking GC Explicit
08-04 03:22:48.665 15503 15530 I art     : Explicit concurrent mark sweep GC freed 3(96B) AllocSpace objects, 0(0B) LOS objects, 36% free, 28MB/44MB, paused 874us total 28.961ms
08-04 03:22:48.674 15503 15530 I art     : Starting a blocking GC Explicit
08-04 03:22:48.704 15503 15530 I art     : Explicit concurrent mark sweep GC freed 3(96B) AllocSpace objects, 0(0B) LOS objects, 36% free, 28MB/44MB, paused 830us total 29.258ms
08-04 03:22:49.033 15503 15515 I art     : Starting a blocking GC Explicit
08-04 03:22:49.074 15503 15515 I art     : Explicit concurrent mark sweep GC freed 1401(81KB) AllocSpace objects, 1(20KB) LOS objects, 36% free, 28MB/44MB, paused 995us total 41.122ms
08-04 03:22:49.085 15503 15515 I art     : Starting a blocking GC Explicit
08-04 03:22:49.113 15503 15515 I art     : Explicit concurrent mark sweep GC freed 23(752B) AllocSpace objects, 0(0B) LOS objects, 36% free, 28MB/44MB, paused 865us total 28.024ms
08-04 03:22:49.122 15503 15515 I art     : Starting a blocking GC Explicit
08-04 03:22:49.151 15503 15515 I art     : Explicit concurrent mark sweep GC freed 3(96B) AllocSpace objects, 0(0B) LOS objects, 36% free, 28MB/44MB, paused 880us total 28.315ms
08-04 03:22:49.160 15503 15515 I art     : Starting a blocking GC Explicit
08-04 03:22:49.189 15503 15515 I art     : Explicit concurrent mark sweep GC freed 3(96B) AllocSpace objects, 0(0B) LOS objects, 36% free, 28MB/44MB, paused 889us total 28.839ms
08-04 03:22:49.199 15503 15515 I art     : Starting a blocking GC Explicit
08-04 03:22:49.229 15503 15515 I art     : Explicit concurrent mark sweep GC freed 3(96B) AllocSpace objects, 0(0B) LOS objects, 36% free, 28MB/44MB, paused 904us total 29.091ms
08-04 03:22:49.536 15503 16045 I art     : Starting a blocking GC Explicit
08-04 03:22:49.575 15503 16045 I art     : Explicit concurrent mark sweep GC freed 1372(80KB) AllocSpace objects, 1(20KB) LOS objects, 36% free, 28MB/44MB, paused 926us total 38.372ms
08-04 03:22:49.589 15503 16045 I art     : Starting a blocking GC Explicit
08-04 03:22:49.618 15503 16045 I art     : Explicit concurrent mark sweep GC freed 23(752B) AllocSpace objects, 0(0B) LOS objects, 36% free, 28MB/44MB, paused 917us total 28.952ms
08-04 03:22:49.628 15503 16045 I art     : Starting a blocking GC Explicit
08-04 03:22:49.657 15503 16045 I art     : Explicit concurrent mark sweep GC freed 3(96B) AllocSpace objects, 0(0B) LOS objects, 36% free, 28MB/44MB, paused 890us total 29.093ms
08-04 03:22:49.667 15503 16045 I art     : Starting a blocking GC Explicit
08-04 03:22:49.695 15503 16045 I art     : Explicit concurrent mark sweep GC freed 3(96B) AllocSpace objects, 0(0B) LOS objects, 36% free, 28MB/44MB, paused 843us total 27.851ms
08-04 03:22:49.704 15503 16045 I art     : Starting a blocking GC Explicit
08-04 03:22:49.733 15503 16045 I art     : Explicit concurrent mark sweep GC freed 3(96B) AllocSpace objects, 0(0B) LOS objects, 36% free, 28MB/44MB, paused 883us total 28.225ms
08-04 03:22:50.048 15503 15519 I art     : Starting a blocking GC Explicit
08-04 03:22:50.084 15503 15519 I art     : Explicit concurrent mark sweep GC freed 1401(81KB) AllocSpace objects, 1(20KB) LOS objects, 36% free, 28MB/44MB, paused 884us total 35.216ms
08-04 03:22:50.098 15503 15519 I art     : Starting a blocking GC Explicit
08-04 03:22:50.127 15503 15519 I art     : Explicit concurrent mark sweep GC freed 23(752B) AllocSpace objects, 0(0B) LOS objects, 36% free, 28MB/44MB, paused 836us total 28.230ms
08-04 03:22:50.136 15503 15519 I art     : Starting a blocking GC Explicit
08-04 03:22:50.165 15503 15519 I art     : Explicit concurrent mark sweep GC freed 3(96B) AllocSpace objects, 0(0B) LOS objects, 36% free, 28MB/44MB, paused 879us total 28.741ms
08-04 03:22:50.175 15503 15519 I art     : Starting a blocking GC Explicit
08-04 03:22:50.203 15503 15519 I art     : Explicit concurrent mark sweep GC freed 3(96B) AllocSpace objects, 0(0B) LOS objects, 36% free, 28MB/44MB, paused 872us total 28.550ms
08-04 03:22:50.213 15503 15519 I art     : Starting a blocking GC Explicit
08-04 03:22:50.243 15503 15519 I art     : Explicit concurrent mark sweep GC freed 3(96B) AllocSpace objects, 0(0B) LOS objects, 36% free, 28MB/44MB, paused 867us total 29.215ms
08-04 03:22:50.556 15503 16044 I art     : Starting a blocking GC Explicit
08-04 03:22:50.586 15503 16044 I art     : Explicit concurrent mark sweep GC freed 1372(80KB) AllocSpace objects, 1(20KB) LOS objects, 36% free, 28MB/44MB, paused 849us total 28.979ms
08-04 03:22:50.595 15503 16044 I art     : Starting a blocking GC Explicit
08-04 03:22:50.622 15503 16044 I art     : Explicit concurrent mark sweep GC freed 23(752B) AllocSpace objects, 0(0B) LOS objects, 36% free, 28MB/44MB, paused 870us total 27.203ms
08-04 03:22:50.631 15503 16044 I art     : Starting a blocking GC Explicit
08-04 03:22:50.659 15503 16044 I art     : Explicit concurrent mark sweep GC freed 3(96B) AllocSpace objects, 0(0B) LOS objects, 36% free, 28MB/44MB, paused 885us total 27.112ms
08-04 03:22:50.668 15503 16044 I art     : Starting a blocking GC Explicit
08-04 03:22:50.695 15503 16044 I art     : Explicit concurrent mark sweep GC freed 3(96B) AllocSpace objects, 0(0B) LOS objects, 36% free, 28MB/44MB, paused 851us total 26.441ms
08-04 03:22:50.704 15503 16044 I art     : Starting a blocking GC Explicit
08-04 03:22:50.731 15503 16044 I art     : Explicit concurrent mark sweep GC freed 3(96B) AllocSpace objects, 0(0B) LOS objects, 36% free, 28MB/44MB, paused 887us total 27.437ms
08-04 03:22:50.970 17334 17334 D AndroidRuntime: >>>>>> START com.android.internal.os.RuntimeInit uid 2000 <<<<<<
08-04 03:22:50.975 17334 17334 D AndroidRuntime: CheckJNI is OFF
08-04 03:22:51.007 17334 17334 D ICU     : No timezone override file found: /data/misc/zoneinfo/current/icu/icu_tzdata.dat
08-04 03:22:51.041 17334 17334 I Radio-JNI: register_android_hardware_Radio DONE
08-04 03:22:51.048 15503 15530 I art     : Starting a blocking GC Explicit
08-04 03:22:51.063 17334 17334 D AndroidRuntime: Calling main entry com.android.commands.input.Input
08-04 03:22:51.065 17334 17334 I Input   : injectKeyEvent: KeyEvent { action=ACTION_DOWN, keyCode=KEYCODE_BACK, scanCode=0, metaState=0, flags=0x0, repeatCount=0, eventTime=674587478, downTime=674587478, deviceId=-1, source=0x101 }
08-04 03:22:51.070 17334 17334 I Input   : injectKeyEvent: KeyEvent { action=ACTION_UP, keyCode=KEYCODE_BACK, scanCode=0, metaState=0, flags=0x0, repeatCount=0, eventTime=674587478, downTime=674587478, deviceId=-1, source=0x101 }
08-04 03:22:51.075 17334 17334 D AndroidRuntime: Shutting down VM
08-04 03:22:51.078 15503 15530 I art     : Explicit concurrent mark sweep GC freed 1421(82KB) AllocSpace objects, 1(20KB) LOS objects, 36% free, 28MB/44MB, paused 1.120ms total 29.676ms
08-04 03:22:51.081 15503 15503 V PlaybackController: initServiceNotRunning()
08-04 03:22:51.082 15503 15503 D ExternalPlayerFragment: Loading media info
08-04 03:22:51.085 15503 15503 D UserPreferences: Using default data folder
08-04 03:22:51.087 15503 15535 D DBReader: getNavDrawerData() called with: 
08-04 03:22:51.088 15503 15530 I art     : Starting a blocking GC Explicit
08-04 03:22:51.097 15503 15535 D DBReader: getDownloadedItems() called
08-04 03:22:51.098 15503 15535 D DBReader: getFavoriteIDList() called
08-04 03:22:51.099 15503 15535 D DBReader: getQueueIDList() called
08-04 03:22:51.099 15503 15535 D DBReader: Extracting Feedlist
08-04 03:22:51.115 15503 15530 I art     : Explicit concurrent mark sweep GC freed 616(48KB) AllocSpace objects, 0(0B) LOS objects, 36% free, 28MB/44MB, paused 849us total 26.895ms
08-04 03:22:51.118 13866 13866 I GoogleInputMethodServic: GoogleInputMethodService.onFinishInput():3138 
08-04 03:22:51.118 13866 13866 I GoogleInputMethodServic: GoogleInputMethodService.onStartInput():1808 
08-04 03:22:51.124 15503 15530 I art     : Starting a blocking GC Explicit
08-04 03:22:51.130 15503 15503 D MainActivity: getLastNavFragment() -> AddFeedFragment
08-04 03:22:51.150 15503 15530 I art     : Explicit concurrent mark sweep GC freed 620(30KB) AllocSpace objects, 0(0B) LOS objects, 36% free, 28MB/44MB, paused 904us total 24.962ms
08-04 03:22:51.158 15503 15530 I art     : Starting a blocking GC Explicit
08-04 03:22:51.183 15503 15530 I art     : Explicit concurrent mark sweep GC freed 191(8KB) AllocSpace objects, 0(0B) LOS objects, 36% free, 28MB/44MB, paused 835us total 23.916ms
08-04 03:22:51.191 15503 15530 I art     : Starting a blocking GC Explicit
08-04 03:22:51.217 15503 15530 I art     : Explicit concurrent mark sweep GC freed 121(8KB) AllocSpace objects, 0(0B) LOS objects, 36% free, 28MB/44MB, paused 815us total 25.810ms
08-04 03:22:51.417   380   380 W SurfaceFlinger: couldn't log to binary event log: overflow.
08-04 03:22:51.485 15503 15530 I art     : Starting a blocking GC Explicit
08-04 03:22:51.512 15503 15530 I art     : Explicit concurrent mark sweep GC freed 1970(105KB) AllocSpace objects, 1(20KB) LOS objects, 36% free, 28MB/44MB, paused 848us total 26.806ms
08-04 03:22:51.520 15503 15530 I art     : Starting a blocking GC Explicit
08-04 03:22:51.549 15503 15530 I art     : Explicit concurrent mark sweep GC freed 2457(152KB) AllocSpace objects, 1(28KB) LOS objects, 36% free, 28MB/44MB, paused 907us total 28.261ms
08-04 03:22:51.558 15503 15530 I art     : Starting a blocking GC Explicit
08-04 03:22:51.587 15503 15530 I art     : Explicit concurrent mark sweep GC freed 3(96B) AllocSpace objects, 0(0B) LOS objects, 36% free, 28MB/44MB, paused 1.025ms total 28.140ms
08-04 03:22:51.596 15503 15530 I art     : Starting a blocking GC Explicit
08-04 03:22:51.624 15503 15530 I art     : Explicit concurrent mark sweep GC freed 3(96B) AllocSpace objects, 0(0B) LOS objects, 36% free, 28MB/44MB, paused 879us total 27.847ms
08-04 03:22:51.634 15503 15530 I art     : Starting a blocking GC Explicit
08-04 03:22:51.662 15503 15530 I art     : Explicit concurrent mark sweep GC freed 3(96B) AllocSpace objects, 0(0B) LOS objects, 36% free, 28MB/44MB, paused 876us total 27.532ms
08-04 03:22:51.959 15503 15519 I art     : Starting a blocking GC Explicit
08-04 03:22:51.994 15503 15519 I art     : Explicit concurrent mark sweep GC freed 1374(82KB) AllocSpace objects, 1(20KB) LOS objects, 36% free, 28MB/44MB, paused 942us total 35.093ms
08-04 03:22:52.007 15503 15519 I art     : Starting a blocking GC Explicit
08-04 03:22:52.039 15503 15519 I art     : Explicit concurrent mark sweep GC freed 23(752B) AllocSpace objects, 0(0B) LOS objects, 36% free, 28MB/44MB, paused 935us total 31.700ms
08-04 03:22:52.049 15503 15519 I art     : Starting a blocking GC Explicit
08-04 03:22:52.078 15503 15519 I art     : Explicit concurrent mark sweep GC freed 32(880B) AllocSpace objects, 0(0B) LOS objects, 36% free, 28MB/44MB, paused 906us total 28.610ms
08-04 03:22:52.087 15503 15519 I art     : Starting a blocking GC Explicit
08-04 03:22:52.115 15503 15519 I art     : Explicit concurrent mark sweep GC freed 3(96B) AllocSpace objects, 0(0B) LOS objects, 36% free, 28MB/44MB, paused 859us total 27.476ms
08-04 03:22:52.124 15503 15519 I art     : Starting a blocking GC Explicit
08-04 03:22:52.152 15503 15519 I art     : Explicit concurrent mark sweep GC freed 3(96B) AllocSpace objects, 0(0B) LOS objects, 36% free, 28MB/44MB, paused 858us total 27.866ms
08-04 03:22:52.433 15503 16044 I art     : Starting a blocking GC Explicit
08-04 03:22:52.461 15503 16044 I art     : Explicit concurrent mark sweep GC freed 1373(80KB) AllocSpace objects, 1(20KB) LOS objects, 36% free, 28MB/44MB, paused 896us total 27.993ms
08-04 03:22:52.471 15503 16044 I art     : Starting a blocking GC Explicit
08-04 03:22:52.498 15503 16044 I art     : Explicit concurrent mark sweep GC freed 23(752B) AllocSpace objects, 0(0B) LOS objects, 36% free, 28MB/44MB, paused 1.046ms total 26.514ms
08-04 03:22:52.507 15503 16044 I art     : Starting a blocking GC Explicit
08-04 03:22:52.533 15503 16044 I art     : Explicit concurrent mark sweep GC freed 3(96B) AllocSpace objects, 0(0B) LOS objects, 36% free, 28MB/44MB, paused 879us total 26.310ms
08-04 03:22:52.542 15503 16044 I art     : Starting a blocking GC Explicit
08-04 03:22:52.569 15503 16044 I art     : Explicit concurrent mark sweep GC freed 3(96B) AllocSpace objects, 0(0B) LOS objects, 36% free, 28MB/44MB, paused 854us total 26.138ms
08-04 03:22:52.578 15503 16044 I art     : Starting a blocking GC Explicit
08-04 03:22:52.588 15415 15415 I ServiceManager: Waiting for service AtCmdFwd...
08-04 03:22:52.604 15503 16044 I art     : Explicit concurrent mark sweep GC freed 3(96B) AllocSpace objects, 0(0B) LOS objects, 36% free, 28MB/44MB, paused 990us total 26.454ms
08-04 03:22:52.745 17391 17391 D AndroidRuntime: >>>>>> START com.android.internal.os.RuntimeInit uid 2000 <<<<<<
08-04 03:22:52.750 17391 17391 D AndroidRuntime: CheckJNI is OFF
08-04 03:22:52.784 17391 17391 D ICU     : No timezone override file found: /data/misc/zoneinfo/current/icu/icu_tzdata.dat
08-04 03:22:52.815 17391 17391 I Radio-JNI: register_android_hardware_Radio DONE
08-04 03:22:52.835 17391 17391 D AndroidRuntime: Calling main entry com.android.commands.input.Input
08-04 03:22:52.837 17391 17391 I Input   : injectKeyEvent: KeyEvent { action=ACTION_DOWN, keyCode=KEYCODE_BACK, scanCode=0, metaState=0, flags=0x0, repeatCount=0, eventTime=674589250, downTime=674589250, deviceId=-1, source=0x101 }
08-04 03:22:52.841 17391 17391 I Input   : injectKeyEvent: KeyEvent { action=ACTION_UP, keyCode=KEYCODE_BACK, scanCode=0, metaState=0, flags=0x0, repeatCount=0, eventTime=674589250, downTime=674589250, deviceId=-1, source=0x101 }
08-04 03:22:52.850 13866 13866 I GoogleInputMethodServic: GoogleInputMethodService.onFinishInput():3138 
08-04 03:22:52.851 13866 13866 I GoogleInputMethodServic: GoogleInputMethodService.onStartInput():1808 
08-04 03:22:52.855 17391 17391 D AndroidRuntime: Shutting down VM
08-04 03:22:52.883 15503 15530 I art     : Starting a blocking GC Explicit
08-04 03:22:52.910 15503 15530 I art     : Explicit concurrent mark sweep GC freed 2548(128KB) AllocSpace objects, 1(20KB) LOS objects, 36% free, 28MB/44MB, paused 814us total 27.037ms
08-04 03:22:52.920 15503 15530 I art     : Starting a blocking GC Explicit
08-04 03:22:52.948 15503 15530 I art     : Explicit concurrent mark sweep GC freed 2647(177KB) AllocSpace objects, 9(1540KB) LOS objects, 37% free, 26MB/42MB, paused 980us total 28.076ms
08-04 03:22:52.957 15503 15530 I art     : Starting a blocking GC Explicit
08-04 03:22:52.984 15503 15530 I art     : Explicit concurrent mark sweep GC freed 48(2016B) AllocSpace objects, 0(0B) LOS objects, 37% free, 26MB/42MB, paused 863us total 26.361ms
08-04 03:22:52.993 15503 15530 I art     : Starting a blocking GC Explicit
08-04 03:22:53.019 15503 15530 I art     : Explicit concurrent mark sweep GC freed 3(96B) AllocSpace objects, 0(0B) LOS objects, 37% free, 26MB/42MB, paused 862us total 26.559ms
08-04 03:22:53.029 15503 15530 I art     : Starting a blocking GC Explicit
08-04 03:22:53.057 15503 15530 I art     : Explicit concurrent mark sweep GC freed 32(880B) AllocSpace objects, 0(0B) LOS objects, 37% free, 26MB/42MB, paused 1.019ms total 27.689ms
08-04 03:22:53.331 15503 16044 I art     : Starting a blocking GC Explicit
08-04 03:22:53.365 15503 16044 I art     : Explicit concurrent mark sweep GC freed 1373(81KB) AllocSpace objects, 1(20KB) LOS objects, 37% free, 26MB/42MB, paused 888us total 33.643ms
08-04 03:22:53.375 15503 16044 I art     : Starting a blocking GC Explicit
08-04 03:22:53.403 15503 16044 I art     : Explicit concurrent mark sweep GC freed 23(752B) AllocSpace objects, 0(0B) LOS objects, 37% free, 26MB/42MB, paused 869us total 27.674ms
08-04 03:22:53.412 15503 16044 I art     : Starting a blocking GC Explicit
08-04 03:22:53.439 15503 16044 I art     : Explicit concurrent mark sweep GC freed 3(96B) AllocSpace objects, 0(0B) LOS objects, 37% free, 26MB/42MB, paused 876us total 26.931ms
08-04 03:22:53.449 15503 16044 I art     : Starting a blocking GC Explicit
08-04 03:22:53.476 15503 16044 I art     : Explicit concurrent mark sweep GC freed 3(96B) AllocSpace objects, 0(0B) LOS objects, 37% free, 26MB/42MB, paused 855us total 26.934ms
08-04 03:22:53.485 15503 16044 I art     : Starting a blocking GC Explicit
08-04 03:22:53.513 15503 16044 I art     : Explicit concurrent mark sweep GC freed 3(96B) AllocSpace objects, 0(0B) LOS objects, 37% free, 26MB/42MB, paused 878us total 27.200ms
08-04 03:22:53.589 15415 15415 I ServiceManager: Waiting for service AtCmdFwd...
08-04 03:22:53.805 15503 16045 I art     : Starting a blocking GC Explicit
08-04 03:22:53.840 15503 16045 I art     : Explicit concurrent mark sweep GC freed 1373(81KB) AllocSpace objects, 1(20KB) LOS objects, 37% free, 26MB/42MB, paused 943us total 35.001ms
08-04 03:22:53.854 15503 16045 I art     : Starting a blocking GC Explicit
08-04 03:22:53.882 15503 16045 I art     : Explicit concurrent mark sweep GC freed 23(752B) AllocSpace objects, 0(0B) LOS objects, 37% free, 26MB/42MB, paused 873us total 27.430ms
08-04 03:22:53.891 15503 16045 I art     : Starting a blocking GC Explicit
08-04 03:22:53.919 15503 16045 I art     : Explicit concurrent mark sweep GC freed 3(96B) AllocSpace objects, 0(0B) LOS objects, 37% free, 26MB/42MB, paused 866us total 27.596ms
08-04 03:22:53.929 15503 16045 I art     : Starting a blocking GC Explicit
08-04 03:22:53.957 15503 16045 I art     : Explicit concurrent mark sweep GC freed 3(96B) AllocSpace objects, 0(0B) LOS objects, 37% free, 26MB/42MB, paused 962us total 27.976ms
08-04 03:22:53.967 15503 16045 I art     : Starting a blocking GC Explicit
08-04 03:22:53.994 15503 16045 I art     : Explicit concurrent mark sweep GC freed 3(96B) AllocSpace objects, 0(0B) LOS objects, 37% free, 26MB/42MB, paused 864us total 27.122ms
08-04 03:22:54.267 15503 15515 I art     : Starting a blocking GC Explicit
08-04 03:22:54.295 15503 15515 I art     : Explicit concurrent mark sweep GC freed 1401(83KB) AllocSpace objects, 1(20KB) LOS objects, 37% free, 26MB/42MB, paused 890us total 27.403ms
08-04 03:22:54.304 15503 15515 I art     : Starting a blocking GC Explicit
08-04 03:22:54.331 15503 15515 I art     : Explicit concurrent mark sweep GC freed 23(752B) AllocSpace objects, 0(0B) LOS objects, 37% free, 26MB/42MB, paused 857us total 26.712ms
08-04 03:22:54.340 15503 15515 I art     : Starting a blocking GC Explicit
08-04 03:22:54.366 15503 15515 I art     : Explicit concurrent mark sweep GC freed 3(96B) AllocSpace objects, 0(0B) LOS objects, 37% free, 26MB/42MB, paused 850us total 25.894ms
08-04 03:22:54.375 15503 15515 I art     : Starting a blocking GC Explicit
08-04 03:22:54.402 15503 15515 I art     : Explicit concurrent mark sweep GC freed 3(96B) AllocSpace objects, 0(0B) LOS objects, 37% free, 26MB/42MB, paused 874us total 26.452ms
08-04 03:22:54.411 15503 15515 I art     : Starting a blocking GC Explicit
08-04 03:22:54.437 15503 15515 I art     : Explicit concurrent mark sweep GC freed 3(96B) AllocSpace objects, 0(0B) LOS objects, 37% free, 26MB/42MB, paused 897us total 25.634ms
08-04 03:22:54.528 17445 17445 D AndroidRuntime: >>>>>> START com.android.internal.os.RuntimeInit uid 2000 <<<<<<
08-04 03:22:54.534 17445 17445 D AndroidRuntime: CheckJNI is OFF
08-04 03:22:54.567 17445 17445 D ICU     : No timezone override file found: /data/misc/zoneinfo/current/icu/icu_tzdata.dat
08-04 03:22:54.590 15415 15415 I ServiceManager: Waiting for service AtCmdFwd...
08-04 03:22:54.600 17445 17445 I Radio-JNI: register_android_hardware_Radio DONE
08-04 03:22:54.622 17445 17445 D AndroidRuntime: Calling main entry com.android.commands.input.Input
08-04 03:22:54.623 17445 17445 I Input   : injectMotionEvent: MotionEvent { action=ACTION_DOWN, actionButton=0, id[0]=0, x[0]=567.0, y[0]=714.0, toolType[0]=TOOL_TYPE_UNKNOWN, buttonState=0, metaState=0, flags=0x0, edgeFlags=0x0, pointerCount=1, historySize=0, eventTime=674591036, downTime=674591036, deviceId=0, source=0x1002 }
08-04 03:22:54.632 17445 17445 I Input   : injectMotionEvent: MotionEvent { action=ACTION_UP, actionButton=0, id[0]=0, x[0]=567.0, y[0]=714.0, toolType[0]=TOOL_TYPE_UNKNOWN, buttonState=0, metaState=0, flags=0x0, edgeFlags=0x0, pointerCount=1, historySize=0, eventTime=674591036, downTime=674591036, deviceId=0, source=0x1002 }
08-04 03:22:54.634 17445 17445 D AndroidRuntime: Shutting down VM
08-04 03:22:54.642   512  2967 D audio_hw_primary: out_set_parameters: enter: usecase(1: low-latency-playback) kvpairs: routing=2
08-04 03:22:54.655   512  2967 D audio_hw_primary: select_devices: out_snd_device(2: speaker) in_snd_device(0: none)
08-04 03:22:54.655   512  2967 D msm8974_platform: platform_send_audio_calibration: sending audio calibration for snd_device(2) acdb_id(15)
08-04 03:22:54.655   512  2967 I soundtrigger: audio_extn_sound_trigger_update_device_status: device 0x2 of type 0 for Event 1
08-04 03:22:54.664   512  2967 D audio_hw_primary: enable_snd_device: snd_device(2: speaker)
08-04 03:22:54.666   512  2967 D audio_hw_primary: enable_audio_route: apply and update mixer path: low-latency-playback speaker
08-04 03:22:54.729 15503 15519 I art     : Starting a blocking GC Explicit
08-04 03:22:54.757 15503 15519 I art     : Explicit concurrent mark sweep GC freed 3566(167KB) AllocSpace objects, 1(20KB) LOS objects, 37% free, 27MB/43MB, paused 1.210ms total 27.780ms
08-04 03:22:54.758   918  3261 D WifiStateMachine: starting scan for "H369AA63323"WPA_PSK with 2412,5180
08-04 03:22:54.766 15503 15519 I art     : Starting a blocking GC Explicit
08-04 03:22:54.792 15503 15519 I art     : Explicit concurrent mark sweep GC freed 1643(83KB) AllocSpace objects, 1(220KB) LOS objects, 37% free, 26MB/42MB, paused 845us total 25.889ms
08-04 03:22:54.801 15503 15519 I art     : Starting a blocking GC Explicit
08-04 03:22:54.827 15503 15519 I art     : Explicit concurrent mark sweep GC freed 15(544B) AllocSpace objects, 0(0B) LOS objects, 37% free, 26MB/42MB, paused 1.084ms total 25.928ms
08-04 03:22:54.836 15503 15519 I art     : Starting a blocking GC Explicit
08-04 03:22:54.862 15503 15519 I art     : Explicit concurrent mark sweep GC freed 13(480B) AllocSpace objects, 0(0B) LOS objects, 37% free, 26MB/42MB, paused 894us total 25.573ms
08-04 03:22:54.866 15503 15528 I NAPPA_EXPERIMENTATION: MetricNetworkRequestExecutionTime: REQUEST_DURATION_SYSTEM='203',REQUEST_DURATION_OKHTTP='203',REQUEST_SYNCHRONOUS='TRUE',RESPONSE_CODE='400',RESPONSE_METHOD='GET',RESPONSE_LENGTH_OKHTTP='0',RESPONSE_LENGTH_HEADER='0',REQUEST_PROTOCOL='h2',REQUEST_URL='https://itunes.apple.com/en/rss/toppodcasts/limit=25/explicit=true/json',
08-04 03:22:54.870 15503 15519 I art     : Starting a blocking GC Explicit
08-04 03:22:54.896 15503 15519 I art     : Explicit concurrent mark sweep GC freed 410(27KB) AllocSpace objects, 0(0B) LOS objects, 37% free, 26MB/42MB, paused 877us total 25.088ms
08-04 03:22:55.003 15503 15528 I NAPPA_EXPERIMENTATION: MetricNetworkRequestExecutionTime: REQUEST_DURATION_SYSTEM='135',REQUEST_DURATION_OKHTTP='134',REQUEST_SYNCHRONOUS='TRUE',RESPONSE_CODE='200',RESPONSE_METHOD='GET',RESPONSE_LENGTH_OKHTTP='-1',RESPONSE_LENGTH_HEADER='10075',REQUEST_PROTOCOL='h2',REQUEST_URL='https://itunes.apple.com/us/rss/toppodcasts/limit=25/explicit=true/json',
08-04 03:22:55.058 15503 16252 D ApOkHttpUrlLoader: buildLoadData() called with: model = [https://is4-ssl.mzstatic.com/image/thumb/Podcasts114/v4/3f/16/74/3f167426-bf50-ce3a-d709-e4301620fc5b/mza_5832671293059882550.jpeg/170x170bb.png], width = [224], height = [224]
08-04 03:22:55.059 15503 16255 D DBReader: getImageAuthentication() called with: imageUrl = [https://is4-ssl.mzstatic.com/image/thumb/Podcasts114/v4/3f/16/74/3f167426-bf50-ce3a-d709-e4301620fc5b/mza_5832671293059882550.jpeg/170x170bb.png]
08-04 03:22:55.062 15503 16254 D ApOkHttpUrlLoader: buildLoadData() called with: model = [https://is4-ssl.mzstatic.com/image/thumb/Podcasts113/v4/e5/8a/10/e58a108f-f5d0-f622-c94a-13f66edd570c/mza_3025981348644196724.jpg/170x170bb.png], width = [224], height = [224]
08-04 03:22:55.062 15503 16255 D ApOkHttpUrlLoader: no credentials for 'https://is4-ssl.mzstatic.com/image/thumb/Podcasts114/v4/3f/16/74/3f167426-bf50-ce3a-d709-e4301620fc5b/mza_5832671293059882550.jpeg/170x170bb.png'
08-04 03:22:55.063 15503 16257 D DBReader: getImageAuthentication() called with: imageUrl = [https://is4-ssl.mzstatic.com/image/thumb/Podcasts113/v4/e5/8a/10/e58a108f-f5d0-f622-c94a-13f66edd570c/mza_3025981348644196724.jpg/170x170bb.png]
08-04 03:22:55.065 15503 16257 D ApOkHttpUrlLoader: no credentials for 'https://is4-ssl.mzstatic.com/image/thumb/Podcasts113/v4/e5/8a/10/e58a108f-f5d0-f622-c94a-13f66edd570c/mza_3025981348644196724.jpg/170x170bb.png'
08-04 03:22:55.068 15503 16248 D ApOkHttpUrlLoader: buildLoadData() called with: model = [https://is2-ssl.mzstatic.com/image/thumb/Podcasts113/v4/a9/39/cc/a939ccc5-6d60-0c11-0a4c-16d71cdef89b/mza_8787577209688278658.jpg/170x170bb.png], width = [224], height = [224]
08-04 03:22:55.069 15503 16253 D DBReader: getImageAuthentication() called with: imageUrl = [https://is2-ssl.mzstatic.com/image/thumb/Podcasts113/v4/a9/39/cc/a939ccc5-6d60-0c11-0a4c-16d71cdef89b/mza_8787577209688278658.jpg/170x170bb.png]
08-04 03:22:55.071 15503 16250 D ApOkHttpUrlLoader: buildLoadData() called with: model = [https://is5-ssl.mzstatic.com/image/thumb/Podcasts114/v4/93/cf/99/93cf9960-fff3-205e-6655-72c03ddeccb2/mza_10545582232493904175.jpeg/170x170bb.png], width = [224], height = [224]
08-04 03:22:55.071 15503 16253 D ApOkHttpUrlLoader: no credentials for 'https://is2-ssl.mzstatic.com/image/thumb/Podcasts113/v4/a9/39/cc/a939ccc5-6d60-0c11-0a4c-16d71cdef89b/mza_8787577209688278658.jpg/170x170bb.png'
08-04 03:22:55.072 15503 16258 D DBReader: getImageAuthentication() called with: imageUrl = [https://is5-ssl.mzstatic.com/image/thumb/Podcasts114/v4/93/cf/99/93cf9960-fff3-205e-6655-72c03ddeccb2/mza_10545582232493904175.jpeg/170x170bb.png]
08-04 03:22:55.074 15503 16252 D ApOkHttpUrlLoader: buildLoadData() called with: model = [https://is4-ssl.mzstatic.com/image/thumb/Podcasts124/v4/49/a4/91/49a491b7-3daf-c5dc-d7c6-6c4f1486955c/mza_5930014091766152297.png/170x170bb.png], width = [224], height = [224]
08-04 03:22:55.074 15503 16258 D ApOkHttpUrlLoader: no credentials for 'https://is5-ssl.mzstatic.com/image/thumb/Podcasts114/v4/93/cf/99/93cf9960-fff3-205e-6655-72c03ddeccb2/mza_10545582232493904175.jpeg/170x170bb.png'
08-04 03:22:55.075 15503 16256 D DBReader: getImageAuthentication() called with: imageUrl = [https://is4-ssl.mzstatic.com/image/thumb/Podcasts124/v4/49/a4/91/49a491b7-3daf-c5dc-d7c6-6c4f1486955c/mza_5930014091766152297.png/170x170bb.png]
08-04 03:22:55.077 15503 16254 D ApOkHttpUrlLoader: buildLoadData() called with: model = [https://is5-ssl.mzstatic.com/image/thumb/Podcasts113/v4/fd/54/6e/fd546ea0-7ab2-e3f0-6049-884d82917af9/mza_4855349695799758348.jpeg/170x170bb.png], width = [224], height = [224]
08-04 03:22:55.077 15503 16256 D ApOkHttpUrlLoader: no credentials for 'https://is4-ssl.mzstatic.com/image/thumb/Podcasts124/v4/49/a4/91/49a491b7-3daf-c5dc-d7c6-6c4f1486955c/mza_5930014091766152297.png/170x170bb.png'
08-04 03:22:55.079 15503 16251 D DBReader: getImageAuthentication() called with: imageUrl = [https://is5-ssl.mzstatic.com/image/thumb/Podcasts113/v4/fd/54/6e/fd546ea0-7ab2-e3f0-6049-884d82917af9/mza_4855349695799758348.jpeg/170x170bb.png]
08-04 03:22:55.080 15503 16248 D ApOkHttpUrlLoader: buildLoadData() called with: model = [https://is2-ssl.mzstatic.com/image/thumb/Podcasts114/v4/b3/4c/cf/b34ccfc2-cea4-1ca1-0fad-7793af301cc5/mza_2466085192629456364.jpg/170x170bb.png], width = [224], height = [224]
08-04 03:22:55.080 15503 16249 D DBReader: getImageAuthentication() called with: imageUrl = [https://is2-ssl.mzstatic.com/image/thumb/Podcasts114/v4/b3/4c/cf/b34ccfc2-cea4-1ca1-0fad-7793af301cc5/mza_2466085192629456364.jpg/170x170bb.png]
08-04 03:22:55.081 15503 16251 D ApOkHttpUrlLoader: no credentials for 'https://is5-ssl.mzstatic.com/image/thumb/Podcasts113/v4/fd/54/6e/fd546ea0-7ab2-e3f0-6049-884d82917af9/mza_4855349695799758348.jpeg/170x170bb.png'
08-04 03:22:55.083 15503 16249 D ApOkHttpUrlLoader: no credentials for 'https://is2-ssl.mzstatic.com/image/thumb/Podcasts114/v4/b3/4c/cf/b34ccfc2-cea4-1ca1-0fad-7793af301cc5/mza_2466085192629456364.jpg/170x170bb.png'
08-04 03:22:55.154 15503 15530 I art     : Starting a blocking GC Explicit
08-04 03:22:55.184 15503 15530 I art     : Explicit concurrent mark sweep GC freed 12579(739KB) AllocSpace objects, 5(372KB) LOS objects, 37% free, 26MB/42MB, paused 1.114ms total 29.961ms
08-04 03:22:55.194 15503 15530 I art     : Starting a blocking GC Explicit
08-04 03:22:55.199   512  2967 D audio_hw_primary: disable_audio_route: reset and update mixer path: low-latency-playback speaker
08-04 03:22:55.200   512  2967 D audio_hw_primary: disable_snd_device: snd_device(2: speaker)
08-04 03:22:55.208   512  2967 I soundtrigger: audio_extn_sound_trigger_update_device_status: device 0x2 of type 0 for Event 0
08-04 03:22:55.223 15503 15530 I art     : Explicit concurrent mark sweep GC freed 241(11KB) AllocSpace objects, 0(0B) LOS objects, 37% free, 26MB/42MB, paused 1.097ms total 29.015ms
08-04 03:22:55.233 15503 15530 I art     : Starting a blocking GC Explicit
08-04 03:22:55.264 15503 15530 I art     : Explicit concurrent mark sweep GC freed 19354(822KB) AllocSpace objects, 0(0B) LOS objects, 37% free, 26MB/42MB, paused 1.486ms total 30.784ms
08-04 03:22:55.273 15503 15530 I art     : Starting a blocking GC Explicit
08-04 03:22:55.300 15503 15530 I art     : Explicit concurrent mark sweep GC freed 3279(144KB) AllocSpace objects, 0(0B) LOS objects, 37% free, 26MB/42MB, paused 1.723ms total 26.860ms
08-04 03:22:55.311 15503 15530 I art     : Starting a blocking GC Explicit
08-04 03:22:55.337 15503 15530 I art     : Explicit concurrent mark sweep GC freed 5127(367KB) AllocSpace objects, 0(0B) LOS objects, 37% free, 26MB/42MB, paused 1.121ms total 26.616ms
08-04 03:22:55.492 15503 16255 D MYTAG   : interceptor 2a
08-04 03:22:55.492 15503 16255 I NAPPA_EXPERIMENTATION: MetricNetworkRequestExecutionTime: REQUEST_DURATION_SYSTEM='430',REQUEST_DURATION_OKHTTP='212',REQUEST_SYNCHRONOUS='TRUE',RESPONSE_CODE='200',RESPONSE_METHOD='GET',RESPONSE_LENGTH_OKHTTP='26177',RESPONSE_LENGTH_HEADER='26177',REQUEST_PROTOCOL='h2',REQUEST_URL='https://is4-ssl.mzstatic.com/image/thumb/Podcasts114/v4/3f/16/74/3f167426-bf50-ce3a-d709-e4301620fc5b/mza_5832671293059882550.jpeg/170x170bb.png',
08-04 03:22:55.536 15503 16258 D MYTAG   : interceptor 2a
08-04 03:22:55.537 15503 16258 I NAPPA_EXPERIMENTATION: MetricNetworkRequestExecutionTime: REQUEST_DURATION_SYSTEM='462',REQUEST_DURATION_OKHTTP='244',REQUEST_SYNCHRONOUS='TRUE',RESPONSE_CODE='200',RESPONSE_METHOD='GET',RESPONSE_LENGTH_OKHTTP='22351',RESPONSE_LENGTH_HEADER='22351',REQUEST_PROTOCOL='h2',REQUEST_URL='https://is5-ssl.mzstatic.com/image/thumb/Podcasts114/v4/93/cf/99/93cf9960-fff3-205e-6655-72c03ddeccb2/mza_10545582232493904175.jpeg/170x170bb.png',
08-04 03:22:55.546 15503 16257 D MYTAG   : interceptor 2a
08-04 03:22:55.546 15503 16257 I NAPPA_EXPERIMENTATION: MetricNetworkRequestExecutionTime: REQUEST_DURATION_SYSTEM='480',REQUEST_DURATION_OKHTTP='241',REQUEST_SYNCHRONOUS='TRUE',RESPONSE_CODE='200',RESPONSE_METHOD='GET',RESPONSE_LENGTH_OKHTTP='45995',RESPONSE_LENGTH_HEADER='45995',REQUEST_PROTOCOL='h2',REQUEST_URL='https://is4-ssl.mzstatic.com/image/thumb/Podcasts113/v4/e5/8a/10/e58a108f-f5d0-f622-c94a-13f66edd570c/mza_3025981348644196724.jpg/170x170bb.png',
08-04 03:22:55.551 15503 16253 D MYTAG   : interceptor 2a
08-04 03:22:55.551 15503 16253 I NAPPA_EXPERIMENTATION: MetricNetworkRequestExecutionTime: REQUEST_DURATION_SYSTEM='480',REQUEST_DURATION_OKHTTP='265',REQUEST_SYNCHRONOUS='TRUE',RESPONSE_CODE='200',RESPONSE_METHOD='GET',RESPONSE_LENGTH_OKHTTP='48239',RESPONSE_LENGTH_HEADER='48239',REQUEST_PROTOCOL='h2',REQUEST_URL='https://is2-ssl.mzstatic.com/image/thumb/Podcasts113/v4/a9/39/cc/a939ccc5-6d60-0c11-0a4c-16d71cdef89b/mza_8787577209688278658.jpg/170x170bb.png',
08-04 03:22:55.560 15503 16251 D MYTAG   : interceptor 2a
08-04 03:22:55.560 15503 16251 I NAPPA_EXPERIMENTATION: MetricNetworkRequestExecutionTime: REQUEST_DURATION_SYSTEM='479',REQUEST_DURATION_OKHTTP='255',REQUEST_SYNCHRONOUS='TRUE',RESPONSE_CODE='200',RESPONSE_METHOD='GET',RESPONSE_LENGTH_OKHTTP='54835',RESPONSE_LENGTH_HEADER='54835',REQUEST_PROTOCOL='h2',REQUEST_URL='https://is5-ssl.mzstatic.com/image/thumb/Podcasts113/v4/fd/54/6e/fd546ea0-7ab2-e3f0-6049-884d82917af9/mza_4855349695799758348.jpeg/170x170bb.png',
08-04 03:22:55.569 15503 16249 D MYTAG   : interceptor 2a
08-04 03:22:55.569 15503 16249 I NAPPA_EXPERIMENTATION: MetricNetworkRequestExecutionTime: REQUEST_DURATION_SYSTEM='486',REQUEST_DURATION_OKHTTP='263',REQUEST_SYNCHRONOUS='TRUE',RESPONSE_CODE='200',RESPONSE_METHOD='GET',RESPONSE_LENGTH_OKHTTP='42299',RESPONSE_LENGTH_HEADER='42299',REQUEST_PROTOCOL='h2',REQUEST_URL='https://is2-ssl.mzstatic.com/image/thumb/Podcasts114/v4/b3/4c/cf/b34ccfc2-cea4-1ca1-0fad-7793af301cc5/mza_2466085192629456364.jpg/170x170bb.png',
08-04 03:22:55.588 15503 16256 D MYTAG   : interceptor 2a
08-04 03:22:55.588 15503 16256 I NAPPA_EXPERIMENTATION: MetricNetworkRequestExecutionTime: REQUEST_DURATION_SYSTEM='511',REQUEST_DURATION_OKHTTP='283',REQUEST_SYNCHRONOUS='TRUE',RESPONSE_CODE='200',RESPONSE_METHOD='GET',RESPONSE_LENGTH_OKHTTP='12000',RESPONSE_LENGTH_HEADER='12000',REQUEST_PROTOCOL='h2',REQUEST_URL='https://is4-ssl.mzstatic.com/image/thumb/Podcasts124/v4/49/a4/91/49a491b7-3daf-c5dc-d7c6-6c4f1486955c/mza_5930014091766152297.png/170x170bb.png',
08-04 03:22:55.590 15415 15415 I ServiceManager: Waiting for service AtCmdFwd...
08-04 03:22:55.623 15503 15530 I art     : Starting a blocking GC Explicit
08-04 03:22:55.649 15503 15530 I art     : Explicit concurrent mark sweep GC freed 5103(298KB) AllocSpace objects, 1(20KB) LOS objects, 36% free, 28MB/44MB, paused 875us total 25.019ms
08-04 03:22:55.657 15503 15530 I art     : Starting a blocking GC Explicit
08-04 03:22:55.684 15503 15530 I art     : Explicit concurrent mark sweep GC freed 66(3KB) AllocSpace objects, 0(0B) LOS objects, 36% free, 28MB/44MB, paused 948us total 26.282ms
08-04 03:22:55.693 15503 15530 I art     : Starting a blocking GC Explicit
08-04 03:22:55.721 15503 15530 I art     : Explicit concurrent mark sweep GC freed 3(96B) AllocSpace objects, 0(0B) LOS objects, 36% free, 28MB/44MB, paused 938us total 28.074ms
08-04 03:22:55.731 15503 15530 I art     : Starting a blocking GC Explicit
08-04 03:22:55.759 15503 15530 I art     : Explicit concurrent mark sweep GC freed 3(96B) AllocSpace objects, 0(0B) LOS objects, 36% free, 28MB/44MB, paused 976us total 28.292ms
08-04 03:22:55.769 15503 15530 I art     : Starting a blocking GC Explicit
08-04 03:22:55.798 15503 15530 I art     : Explicit concurrent mark sweep GC freed 3(96B) AllocSpace objects, 0(0B) LOS objects, 36% free, 28MB/44MB, paused 1.002ms total 28.990ms
08-04 03:22:56.100 15503 15515 I art     : Starting a blocking GC Explicit
08-04 03:22:56.135 15503 15515 I art     : Explicit concurrent mark sweep GC freed 1401(81KB) AllocSpace objects, 1(20KB) LOS objects, 36% free, 28MB/44MB, paused 1.039ms total 35.224ms
08-04 03:22:56.149 15503 15515 I art     : Starting a blocking GC Explicit
08-04 03:22:56.178 15503 15515 I art     : Explicit concurrent mark sweep GC freed 23(752B) AllocSpace objects, 0(0B) LOS objects, 36% free, 28MB/44MB, paused 1.016ms total 28.980ms
08-04 03:22:56.188 15503 15515 I art     : Starting a blocking GC Explicit
08-04 03:22:56.215 15503 15515 I art     : Explicit concurrent mark sweep GC freed 3(96B) AllocSpace objects, 0(0B) LOS objects, 36% free, 28MB/44MB, paused 930us total 27.396ms
08-04 03:22:56.224 15503 15515 I art     : Starting a blocking GC Explicit
08-04 03:22:56.253 15503 15515 I art     : Explicit concurrent mark sweep GC freed 3(96B) AllocSpace objects, 0(0B) LOS objects, 36% free, 28MB/44MB, paused 1.059ms total 28.352ms
08-04 03:22:56.263 15503 15515 I art     : Starting a blocking GC Explicit
08-04 03:22:56.292 15503 15515 I art     : Explicit concurrent mark sweep GC freed 3(96B) AllocSpace objects, 0(0B) LOS objects, 36% free, 28MB/44MB, paused 951us total 28.836ms
08-04 03:22:56.591 15415 15415 I ServiceManager: Waiting for service AtCmdFwd...
08-04 03:22:56.609 15503 15519 I art     : Starting a blocking GC Explicit
08-04 03:22:56.645 15503 15519 I art     : Explicit concurrent mark sweep GC freed 1373(81KB) AllocSpace objects, 1(20KB) LOS objects, 36% free, 28MB/44MB, paused 1.083ms total 36.172ms
08-04 03:22:56.659 15503 15519 I art     : Starting a blocking GC Explicit
08-04 03:22:56.689 15503 15519 I art     : Explicit concurrent mark sweep GC freed 26(848B) AllocSpace objects, 0(0B) LOS objects, 36% free, 28MB/44MB, paused 908us total 29.857ms
08-04 03:22:56.699 15503 15519 I art     : Starting a blocking GC Explicit
08-04 03:22:56.730 15503 15519 I art     : Explicit concurrent mark sweep GC freed 9(288B) AllocSpace objects, 0(0B) LOS objects, 36% free, 28MB/44MB, paused 879us total 30.386ms
08-04 03:22:56.740 15503 15519 I art     : Starting a blocking GC Explicit
08-04 03:22:56.768 15503 15519 I art     : Explicit concurrent mark sweep GC freed 8(256B) AllocSpace objects, 0(0B) LOS objects, 36% free, 28MB/44MB, paused 1.141ms total 26.817ms
08-04 03:22:56.777 15503 15519 I art     : Starting a blocking GC Explicit
08-04 03:22:56.803 15503 15519 I art     : Explicit concurrent mark sweep GC freed 6(192B) AllocSpace objects, 0(0B) LOS objects, 36% free, 28MB/44MB, paused 937us total 26.515ms
08-04 03:22:57.125 15503 15515 I art     : Starting a blocking GC Explicit
08-04 03:22:57.168 15503 15515 I art     : Explicit concurrent mark sweep GC freed 1416(83KB) AllocSpace objects, 1(20KB) LOS objects, 36% free, 28MB/44MB, paused 1.153ms total 42.198ms
08-04 03:22:57.183 15503 15515 I art     : Starting a blocking GC Explicit
08-04 03:22:57.212 15503 15515 I art     : Explicit concurrent mark sweep GC freed 23(752B) AllocSpace objects, 0(0B) LOS objects, 36% free, 28MB/44MB, paused 968us total 28.733ms
08-04 03:22:57.222 15503 15515 I art     : Starting a blocking GC Explicit
08-04 03:22:57.250 15503 15515 I art     : Explicit concurrent mark sweep GC freed 3(96B) AllocSpace objects, 0(0B) LOS objects, 36% free, 28MB/44MB, paused 953us total 28.350ms
08-04 03:22:57.260 15503 15515 I art     : Starting a blocking GC Explicit
08-04 03:22:57.289 15503 15515 I art     : Explicit concurrent mark sweep GC freed 3(96B) AllocSpace objects, 0(0B) LOS objects, 36% free, 28MB/44MB, paused 984us total 28.995ms
08-04 03:22:57.299 15503 15515 I art     : Starting a blocking GC Explicit
08-04 03:22:57.328 15503 15515 I art     : Explicit concurrent mark sweep GC freed 3(96B) AllocSpace objects, 0(0B) LOS objects, 36% free, 28MB/44MB, paused 1.022ms total 29.236ms
08-04 03:22:57.591 15415 15415 W Atfwd_Sendcmd: AtCmdFwd service not published, waiting... retryCnt : 1
08-04 03:22:57.650 15503 16044 I art     : Starting a blocking GC Explicit
08-04 03:22:57.687 15503 16044 I art     : Explicit concurrent mark sweep GC freed 1373(81KB) AllocSpace objects, 1(20KB) LOS objects, 36% free, 28MB/44MB, paused 1.061ms total 37.275ms
08-04 03:22:57.696 15503 16044 I art     : Starting a blocking GC Explicit
08-04 03:22:57.724 15503 16044 I art     : Explicit concurrent mark sweep GC freed 23(752B) AllocSpace objects, 0(0B) LOS objects, 36% free, 28MB/44MB, paused 935us total 27.146ms
08-04 03:22:57.733 15503 16044 I art     : Starting a blocking GC Explicit
08-04 03:22:57.760 15503 16044 I art     : Explicit concurrent mark sweep GC freed 3(96B) AllocSpace objects, 0(0B) LOS objects, 36% free, 28MB/44MB, paused 1.052ms total 27.111ms
08-04 03:22:57.770 15503 16044 I art     : Starting a blocking GC Explicit
08-04 03:22:57.798 15503 16044 I art     : Explicit concurrent mark sweep GC freed 3(96B) AllocSpace objects, 0(0B) LOS objects, 36% free, 28MB/44MB, paused 1.055ms total 27.705ms
08-04 03:22:57.807 15503 16044 I art     : Starting a blocking GC Explicit
08-04 03:22:57.836 15503 16044 I art     : Explicit concurrent mark sweep GC freed 3(96B) AllocSpace objects, 0(0B) LOS objects, 36% free, 28MB/44MB, paused 961us total 28.401ms
08-04 03:22:58.162 15503 16045 I art     : Starting a blocking GC Explicit
08-04 03:22:58.204 15503 16045 I art     : Explicit concurrent mark sweep GC freed 1403(83KB) AllocSpace objects, 1(20KB) LOS objects, 36% free, 28MB/44MB, paused 1.131ms total 41.607ms
08-04 03:22:58.220 15503 16045 I art     : Starting a blocking GC Explicit
08-04 03:22:58.249 15503 16045 I art     : Explicit concurrent mark sweep GC freed 23(752B) AllocSpace objects, 0(0B) LOS objects, 36% free, 28MB/44MB, paused 963us total 28.523ms
08-04 03:22:58.258 15503 16045 I art     : Starting a blocking GC Explicit
08-04 03:22:58.287 15503 16045 I art     : Explicit concurrent mark sweep GC freed 3(96B) AllocSpace objects, 0(0B) LOS objects, 36% free, 28MB/44MB, paused 1.066ms total 28.836ms
08-04 03:22:58.297 15503 16045 I art     : Starting a blocking GC Explicit
08-04 03:22:58.326 15503 16045 I art     : Explicit concurrent mark sweep GC freed 3(96B) AllocSpace objects, 0(0B) LOS objects, 36% free, 28MB/44MB, paused 1.023ms total 28.870ms
08-04 03:22:58.336 15503 16045 I art     : Starting a blocking GC Explicit
08-04 03:22:58.365 15503 16045 I art     : Explicit concurrent mark sweep GC freed 3(96B) AllocSpace objects, 0(0B) LOS objects, 36% free, 28MB/44MB, paused 994us total 28.812ms
08-04 03:22:58.708 15503 15530 I art     : Starting a blocking GC Explicit
08-04 03:22:58.744 15503 15530 I art     : Explicit concurrent mark sweep GC freed 1373(81KB) AllocSpace objects, 1(20KB) LOS objects, 36% free, 28MB/44MB, paused 1.041ms total 36.076ms
08-04 03:22:58.757 15503 15530 I art     : Starting a blocking GC Explicit
08-04 03:22:58.791 15503 15530 I art     : Explicit concurrent mark sweep GC freed 23(752B) AllocSpace objects, 0(0B) LOS objects, 36% free, 28MB/44MB, paused 988us total 33.604ms
08-04 03:22:58.801 15503 15530 I art     : Starting a blocking GC Explicit
08-04 03:22:58.830 15503 15530 I art     : Explicit concurrent mark sweep GC freed 3(96B) AllocSpace objects, 0(0B) LOS objects, 36% free, 28MB/44MB, paused 953us total 29.277ms
08-04 03:22:58.840 15503 15530 I art     : Starting a blocking GC Explicit
08-04 03:22:58.868 15503 15530 I art     : Explicit concurrent mark sweep GC freed 3(96B) AllocSpace objects, 0(0B) LOS objects, 36% free, 28MB/44MB, paused 1.001ms total 28.099ms
08-04 03:22:58.878 15503 15530 I art     : Starting a blocking GC Explicit
08-04 03:22:58.906 15503 15530 I art     : Explicit concurrent mark sweep GC freed 3(96B) AllocSpace objects, 0(0B) LOS objects, 36% free, 28MB/44MB, paused 935us total 28.059ms
08-04 03:22:59.251 15503 15519 I art     : Starting a blocking GC Explicit
08-04 03:22:59.284 15503 15519 I art     : Explicit concurrent mark sweep GC freed 1401(81KB) AllocSpace objects, 1(20KB) LOS objects, 36% free, 28MB/44MB, paused 988us total 32.229ms
08-04 03:22:59.294 15503 15519 I art     : Starting a blocking GC Explicit
08-04 03:22:59.322 15503 15519 I art     : Explicit concurrent mark sweep GC freed 23(752B) AllocSpace objects, 0(0B) LOS objects, 36% free, 28MB/44MB, paused 930us total 27.744ms
08-04 03:22:59.331 15503 15519 I art     : Starting a blocking GC Explicit
08-04 03:22:59.360 15503 15519 I art     : Explicit concurrent mark sweep GC freed 3(96B) AllocSpace objects, 0(0B) LOS objects, 36% free, 28MB/44MB, paused 972us total 28.755ms
08-04 03:22:59.370 15503 15519 I art     : Starting a blocking GC Explicit
08-04 03:22:59.399 15503 15519 I art     : Explicit concurrent mark sweep GC freed 3(96B) AllocSpace objects, 0(0B) LOS objects, 36% free, 28MB/44MB, paused 975us total 29.039ms
08-04 03:22:59.409 15503 15519 I art     : Starting a blocking GC Explicit
08-04 03:22:59.437 15503 15519 I art     : Explicit concurrent mark sweep GC freed 3(96B) AllocSpace objects, 0(0B) LOS objects, 36% free, 28MB/44MB, paused 1.003ms total 28.388ms
08-04 03:22:59.766 15503 15515 I art     : Starting a blocking GC Explicit
08-04 03:22:59.807 15503 15515 I art     : Explicit concurrent mark sweep GC freed 1372(80KB) AllocSpace objects, 1(20KB) LOS objects, 36% free, 28MB/44MB, paused 1.054ms total 40.942ms
08-04 03:22:59.820 15503 15515 I art     : Starting a blocking GC Explicit
08-04 03:22:59.850 15503 15515 I art     : Explicit concurrent mark sweep GC freed 23(752B) AllocSpace objects, 0(0B) LOS objects, 36% free, 28MB/44MB, paused 963us total 30.069ms
08-04 03:22:59.860 15503 15515 I art     : Starting a blocking GC Explicit
08-04 03:22:59.889 15503 15515 I art     : Explicit concurrent mark sweep GC freed 3(96B) AllocSpace objects, 0(0B) LOS objects, 36% free, 28MB/44MB, paused 969us total 28.975ms
08-04 03:22:59.899 15503 15515 I art     : Starting a blocking GC Explicit
08-04 03:22:59.928 15503 15515 I art     : Explicit concurrent mark sweep GC freed 3(96B) AllocSpace objects, 0(0B) LOS objects, 36% free, 28MB/44MB, paused 998us total 29.016ms
08-04 03:22:59.938 15503 15515 I art     : Starting a blocking GC Explicit
08-04 03:22:59.967 15503 15515 I art     : Explicit concurrent mark sweep GC freed 3(96B) AllocSpace objects, 0(0B) LOS objects, 36% free, 28MB/44MB, paused 1.072ms total 29.098ms
08-04 03:23:00.290 15503 16044 I art     : Starting a blocking GC Explicit
08-04 03:23:00.334 15503 16044 I art     : Explicit concurrent mark sweep GC freed 1401(81KB) AllocSpace objects, 1(20KB) LOS objects, 36% free, 28MB/44MB, paused 1.109ms total 44.022ms
08-04 03:23:00.348 15503 16044 I art     : Starting a blocking GC Explicit
08-04 03:23:00.379 15503 16044 I art     : Explicit concurrent mark sweep GC freed 23(752B) AllocSpace objects, 0(0B) LOS objects, 36% free, 28MB/44MB, paused 978us total 30.860ms
08-04 03:23:00.389 15503 16044 I art     : Starting a blocking GC Explicit
08-04 03:23:00.418 15503 16044 I art     : Explicit concurrent mark sweep GC freed 3(96B) AllocSpace objects, 0(0B) LOS objects, 36% free, 28MB/44MB, paused 1.051ms total 28.808ms
08-04 03:23:00.427 15503 16044 I art     : Starting a blocking GC Explicit
08-04 03:23:00.455 15503 16044 I art     : Explicit concurrent mark sweep GC freed 3(96B) AllocSpace objects, 0(0B) LOS objects, 36% free, 28MB/44MB, paused 955us total 28.031ms
08-04 03:23:00.465 15503 16044 I art     : Starting a blocking GC Explicit
08-04 03:23:00.494 15503 16044 I art     : Explicit concurrent mark sweep GC freed 3(96B) AllocSpace objects, 0(0B) LOS objects, 36% free, 28MB/44MB, paused 985us total 28.970ms
08-04 03:23:00.843 15503 16045 I art     : Starting a blocking GC Explicit
08-04 03:23:00.884 15503 16045 I art     : Explicit concurrent mark sweep GC freed 1372(80KB) AllocSpace objects, 1(20KB) LOS objects, 36% free, 28MB/44MB, paused 931us total 40.123ms
08-04 03:23:00.894 15503 16045 I art     : Starting a blocking GC Explicit
08-04 03:23:00.921 15503 16045 I art     : Explicit concurrent mark sweep GC freed 23(752B) AllocSpace objects, 0(0B) LOS objects, 36% free, 28MB/44MB, paused 911us total 26.928ms
08-04 03:23:00.930 15503 16045 I art     : Starting a blocking GC Explicit
08-04 03:23:00.956 15503 16045 I art     : Explicit concurrent mark sweep GC freed 3(96B) AllocSpace objects, 0(0B) LOS objects, 36% free, 28MB/44MB, paused 960us total 26.230ms
08-04 03:23:00.966 15503 16045 I art     : Starting a blocking GC Explicit
08-04 03:23:00.994 15503 16045 I art     : Explicit concurrent mark sweep GC freed 3(96B) AllocSpace objects, 0(0B) LOS objects, 36% free, 28MB/44MB, paused 1.040ms total 27.893ms
08-04 03:23:01.003 15503 16045 I art     : Starting a blocking GC Explicit
08-04 03:23:01.028 15503 16045 I art     : Explicit concurrent mark sweep GC freed 3(96B) AllocSpace objects, 0(0B) LOS objects, 36% free, 28MB/44MB, paused 969us total 24.528ms
08-04 03:23:01.293 17616 17616 D AndroidRuntime: >>>>>> START com.android.internal.os.RuntimeInit uid 2000 <<<<<<
08-04 03:23:01.298 17616 17616 D AndroidRuntime: CheckJNI is OFF
08-04 03:23:01.334 17616 17616 D ICU     : No timezone override file found: /data/misc/zoneinfo/current/icu/icu_tzdata.dat
08-04 03:23:01.337 15503 15530 I art     : Starting a blocking GC Explicit
08-04 03:23:01.365 15503 15530 I art     : Explicit concurrent mark sweep GC freed 1401(81KB) AllocSpace objects, 1(20KB) LOS objects, 36% free, 28MB/44MB, paused 1.022ms total 28.371ms
08-04 03:23:01.368 17616 17616 I Radio-JNI: register_android_hardware_Radio DONE
08-04 03:23:01.375 15503 15530 I art     : Starting a blocking GC Explicit
08-04 03:23:01.391 17616 17616 D AndroidRuntime: Calling main entry com.android.commands.input.Input
08-04 03:23:01.394 17616 17616 I Input   : injectMotionEvent: MotionEvent { action=ACTION_DOWN, actionButton=0, id[0]=0, x[0]=616.0, y[0]=469.0, toolType[0]=TOOL_TYPE_UNKNOWN, buttonState=0, metaState=0, flags=0x0, edgeFlags=0x0, pointerCount=1, historySize=0, eventTime=674597807, downTime=674597807, deviceId=0, source=0x1002 }
08-04 03:23:01.399 17616 17616 I Input   : injectMotionEvent: MotionEvent { action=ACTION_UP, actionButton=0, id[0]=0, x[0]=616.0, y[0]=469.0, toolType[0]=TOOL_TYPE_UNKNOWN, buttonState=0, metaState=0, flags=0x0, edgeFlags=0x0, pointerCount=1, historySize=0, eventTime=674597807, downTime=674597807, deviceId=0, source=0x1002 }
08-04 03:23:01.403 17616 17616 D AndroidRuntime: Shutting down VM
08-04 03:23:01.403 15503 15530 I art     : Explicit concurrent mark sweep GC freed 37(1168B) AllocSpace objects, 0(0B) LOS objects, 36% free, 28MB/44MB, paused 1.229ms total 27.617ms
08-04 03:23:01.412 15503 15530 I art     : Starting a blocking GC Explicit
08-04 03:23:01.441 15503 15530 I art     : Explicit concurrent mark sweep GC freed 10(352B) AllocSpace objects, 0(0B) LOS objects, 36% free, 28MB/44MB, paused 965us total 28.731ms
08-04 03:23:01.449 15503 15530 I art     : Starting a blocking GC Explicit
08-04 03:23:01.469   512  2967 D audio_hw_primary: out_set_parameters: enter: usecase(1: low-latency-playback) kvpairs: routing=2
08-04 03:23:01.476 15503 15530 I art     : Explicit concurrent mark sweep GC freed 147(6KB) AllocSpace objects, 0(0B) LOS objects, 36% free, 28MB/44MB, paused 1.031ms total 25.985ms
08-04 03:23:01.482   512  2967 D audio_hw_primary: select_devices: out_snd_device(2: speaker) in_snd_device(0: none)
08-04 03:23:01.483   512  2967 D msm8974_platform: platform_send_audio_calibration: sending audio calibration for snd_device(2) acdb_id(15)
08-04 03:23:01.483   512  2967 I soundtrigger: audio_extn_sound_trigger_update_device_status: device 0x2 of type 0 for Event 1
08-04 03:23:01.484 15503 15530 I art     : Starting a blocking GC Explicit
08-04 03:23:01.493   512  2967 D audio_hw_primary: enable_snd_device: snd_device(2: speaker)
08-04 03:23:01.495   512  2967 D audio_hw_primary: enable_audio_route: apply and update mixer path: low-latency-playback speaker
08-04 03:23:01.512 15503 15530 I art     : Explicit concurrent mark sweep GC freed 65(2560B) AllocSpace objects, 0(0B) LOS objects, 36% free, 28MB/44MB, paused 981us total 27.380ms
08-04 03:23:01.633 15503 16035 I NAPPA_EXPERIMENTATION: MetricNetworkRequestExecutionTime: REQUEST_DURATION_SYSTEM='164',REQUEST_DURATION_OKHTTP='164',REQUEST_SYNCHRONOUS='TRUE',RESPONSE_CODE='200',RESPONSE_METHOD='GET',RESPONSE_LENGTH_OKHTTP='-1',RESPONSE_LENGTH_HEADER='628',REQUEST_PROTOCOL='h2',REQUEST_URL='https://itunes.apple.com/lookup?id=1524080195',
08-04 03:23:01.647   918  5952 I ActivityManager: START u0 {cmp=baseline.de.danoeh.antennapod.debug/baseline.de.danoeh.antennapod.activity.OnlineFeedViewActivity (has extras)} from uid 10670 on display 0
08-04 03:23:01.670 13866 13866 I GoogleInputMethodServic: GoogleInputMethodService.onFinishInput():3138 
08-04 03:23:01.670 13866 13866 I GoogleInputMethodServic: GoogleInputMethodService.onStartInput():1808 
08-04 03:23:01.693 15503 15503 D UserPreferences: Using default data folder
08-04 03:23:01.694 15503 15503 D OnlineFeedViewActivity: Activity was started with url https://rss.art19.com/nice-white-parents
08-04 03:23:01.696 15503 15503 D OnlineFeedViewActivity: Starting feed download
08-04 03:23:01.699 15503 15535 D DBReader: Extracting Feedlist
08-04 03:23:01.701   918  5132 D WifiService: acquireWifiLockLocked: WifiLock{Downloader type=1 binder=android.os.BinderProxy@169ac1f}
08-04 03:23:01.701 15503 15535 D AntennapodHttpClient: Creating new instance of HTTP client
08-04 03:23:01.758 13866 13866 I GoogleInputMethodServic: GoogleInputMethodService.onFinishInput():3138 
08-04 03:23:01.758 13866 13866 I GoogleInputMethodServic: GoogleInputMethodService.onStartInput():1808 
08-04 03:23:01.775 15503 16045 I art     : Starting a blocking GC Explicit
08-04 03:23:01.780   918   936 I ActivityManager: Displayed baseline.de.danoeh.antennapod.debug/baseline.de.danoeh.antennapod.activity.OnlineFeedViewActivity: +109ms
08-04 03:23:01.817 15503 16045 I art     : Explicit concurrent mark sweep GC freed 3948(276KB) AllocSpace objects, 1(20KB) LOS objects, 35% free, 28MB/44MB, paused 2.118ms total 41.509ms
08-04 03:23:01.827 15503 16045 I art     : Starting a blocking GC Explicit
08-04 03:23:01.855 15503 16045 I art     : Explicit concurrent mark sweep GC freed 4230(177KB) AllocSpace objects, 3(200KB) LOS objects, 35% free, 28MB/44MB, paused 1.082ms total 28.100ms
08-04 03:23:01.865 15503 16045 I art     : Starting a blocking GC Explicit
08-04 03:23:01.891 15503 16045 I art     : Explicit concurrent mark sweep GC freed 882(108KB) AllocSpace objects, 0(0B) LOS objects, 35% free, 28MB/44MB, paused 1.129ms total 25.819ms
08-04 03:23:01.900 15503 16045 I art     : Starting a blocking GC Explicit
08-04 03:23:01.928 15503 16045 I art     : Explicit concurrent mark sweep GC freed 24(1072B) AllocSpace objects, 0(0B) LOS objects, 35% free, 28MB/44MB, paused 1.114ms total 27.313ms
08-04 03:23:01.937 15503 16045 I art     : Starting a blocking GC Explicit
08-04 03:23:01.969 15503 16045 I art     : Explicit concurrent mark sweep GC freed 3(96B) AllocSpace objects, 0(0B) LOS objects, 35% free, 28MB/44MB, paused 1.155ms total 30.875ms
08-04 03:23:01.980 15503 15535 D MYTAG   : interceptor 3a https://rss.art19.com/nice-white-parents
08-04 03:23:01.980 15503 15535 I NAPPA_EXPERIMENTATION: MetricNetworkRequestExecutionTime: REQUEST_DURATION_SYSTEM='278',REQUEST_DURATION_OKHTTP='137',REQUEST_SYNCHRONOUS='TRUE',RESPONSE_CODE='200',RESPONSE_METHOD='GET',RESPONSE_LENGTH_OKHTTP='-1',RESPONSE_LENGTH_HEADER='1803',REQUEST_PROTOCOL='h2',REQUEST_URL='https://rss.art19.com/nice-white-parents',
08-04 03:23:01.980 15503 15535 D HttpDownloader: Response code is 200
08-04 03:23:01.980 15503 15535 D UserPreferences: Using default data folder
08-04 03:23:01.983 15503 15535 D HttpDownloader: Getting size of download
08-04 03:23:01.983 15503 15535 D HttpDownloader: Size is -1
08-04 03:23:01.983 15503 15535 D UserPreferences: Using default data folder
08-04 03:23:01.983 15503 15535 D HttpDownloader: Free space is 20250267648
08-04 03:23:01.984 15503 15535 D HttpDownloader: Starting download
08-04 03:23:01.985 15503 15535 D HttpDownloader: Download was successful
08-04 03:23:01.986   918  3961 D WifiService: releaseWifiLockLocked: WifiLock{Downloader type=1 binder=android.os.BinderProxy@169ac1f}
08-04 03:23:01.987 15503 15503 D OnlineFeedViewActivity: Parsing feed
08-04 03:23:01.995 15503 17653 D TypeGetter: Recognized type RSS 2.0
08-04 03:23:02.000 15503 17653 D SyndHandler: Recognized ITunes namespace
08-04 03:23:02.000 15503 17653 D SyndHandler: Recognized Atom namespace
08-04 03:23:02.000 15503 17653 D SyndHandler: Recognized Content namespace
08-04 03:23:02.007 15503 17653 D OnlineFeedViewActivity: Deleted feed source file. Result: true
08-04 03:23:02.007 15503 15503 D OnlineFeedViewActivity: Removing HTML from shownotes
08-04 03:23:02.012   380   380 W SurfaceFlinger: couldn't log to binary event log: overflow.
08-04 03:23:02.038   512  2967 D audio_hw_primary: disable_audio_route: reset and update mixer path: low-latency-playback speaker
08-04 03:23:02.039   512  2967 D audio_hw_primary: disable_snd_device: snd_device(2: speaker)
08-04 03:23:02.047   512  2967 I soundtrigger: audio_extn_sound_trigger_update_device_status: device 0x2 of type 0 for Event 0
08-04 03:23:02.152 15503 15503 D PlaybackController: Releasing PlaybackController
08-04 03:23:02.266 15503 16045 I art     : Starting a blocking GC Explicit
08-04 03:23:02.301 15503 16045 I art     : Explicit concurrent mark sweep GC freed 3740(378KB) AllocSpace objects, 5(148KB) LOS objects, 35% free, 28MB/44MB, paused 1.093ms total 33.871ms
08-04 03:23:02.314 15503 16045 I art     : Starting a blocking GC Explicit
08-04 03:23:02.343 15503 16045 I art     : Explicit concurrent mark sweep GC freed 657(31KB) AllocSpace objects, 1(112KB) LOS objects, 35% free, 28MB/44MB, paused 985us total 28.738ms
08-04 03:23:02.352 15503 16045 I art     : Starting a blocking GC Explicit
08-04 03:23:02.382 15503 16045 I art     : Explicit concurrent mark sweep GC freed 3(96B) AllocSpace objects, 0(0B) LOS objects, 35% free, 28MB/44MB, paused 1.010ms total 29.412ms
08-04 03:23:02.391 15503 16045 I art     : Starting a blocking GC Explicit
08-04 03:23:02.421 15503 16045 I art     : Explicit concurrent mark sweep GC freed 3(96B) AllocSpace objects, 0(0B) LOS objects, 35% free, 28MB/44MB, paused 1.031ms total 29.493ms
08-04 03:23:02.431 15503 16045 I art     : Starting a blocking GC Explicit
08-04 03:23:02.460 15503 16045 I art     : Explicit concurrent mark sweep GC freed 3(96B) AllocSpace objects, 0(0B) LOS objects, 35% free, 28MB/44MB, paused 1.035ms total 29.304ms
08-04 03:23:02.592 15415 15415 I ServiceManager: Waiting for service AtCmdFwd...
08-04 03:23:02.751 15503 15515 I art     : Starting a blocking GC Explicit
08-04 03:23:02.795 15503 15515 I art     : Explicit concurrent mark sweep GC freed 1373(80KB) AllocSpace objects, 1(20KB) LOS objects, 35% free, 28MB/44MB, paused 1.070ms total 43.202ms
08-04 03:23:02.810 15503 15515 I art     : Starting a blocking GC Explicit
08-04 03:23:02.838 15503 15515 I art     : Explicit concurrent mark sweep GC freed 23(752B) AllocSpace objects, 0(0B) LOS objects, 35% free, 28MB/44MB, paused 1.029ms total 28.350ms
08-04 03:23:02.848 15503 15515 I art     : Starting a blocking GC Explicit
08-04 03:23:02.878 15503 15515 I art     : Explicit concurrent mark sweep GC freed 3(96B) AllocSpace objects, 0(0B) LOS objects, 35% free, 28MB/44MB, paused 1.093ms total 29.442ms
08-04 03:23:02.887 15503 15515 I art     : Starting a blocking GC Explicit
08-04 03:23:02.916 15503 15515 I art     : Explicit concurrent mark sweep GC freed 3(96B) AllocSpace objects, 0(0B) LOS objects, 35% free, 28MB/44MB, paused 982us total 28.891ms
08-04 03:23:02.926 15503 15515 I art     : Starting a blocking GC Explicit
08-04 03:23:02.956 15503 15515 I art     : Explicit concurrent mark sweep GC freed 3(96B) AllocSpace objects, 0(0B) LOS objects, 35% free, 28MB/44MB, paused 1.162ms total 29.850ms
08-04 03:23:03.293 15503 16044 I art     : Starting a blocking GC Explicit
08-04 03:23:03.331 15503 16044 I art     : Explicit concurrent mark sweep GC freed 1401(81KB) AllocSpace objects, 1(20KB) LOS objects, 35% free, 28MB/44MB, paused 1.120ms total 37.762ms
08-04 03:23:03.342 15503 16044 I art     : Starting a blocking GC Explicit
08-04 03:23:03.372 15503 16044 I art     : Explicit concurrent mark sweep GC freed 23(752B) AllocSpace objects, 0(0B) LOS objects, 35% free, 28MB/44MB, paused 982us total 29.719ms
08-04 03:23:03.382 15503 16044 I art     : Starting a blocking GC Explicit
08-04 03:23:03.413 15503 16044 I art     : Explicit concurrent mark sweep GC freed 3(96B) AllocSpace objects, 0(0B) LOS objects, 35% free, 28MB/44MB, paused 1.013ms total 30.159ms
08-04 03:23:03.422 15503 16044 I art     : Starting a blocking GC Explicit
08-04 03:23:03.452 15503 16044 I art     : Explicit concurrent mark sweep GC freed 3(96B) AllocSpace objects, 0(0B) LOS objects, 35% free, 28MB/44MB, paused 1.016ms total 29.614ms
08-04 03:23:03.462 15503 16044 I art     : Starting a blocking GC Explicit
08-04 03:23:03.492 15503 16044 I art     : Explicit concurrent mark sweep GC freed 3(96B) AllocSpace objects, 0(0B) LOS objects, 35% free, 28MB/44MB, paused 1.034ms total 29.697ms
08-04 03:23:03.593 15415 15415 I ServiceManager: Waiting for service AtCmdFwd...
08-04 03:23:03.832 15503 16044 I art     : Starting a blocking GC Explicit
08-04 03:23:03.864 15503 16044 I art     : Explicit concurrent mark sweep GC freed 1401(81KB) AllocSpace objects, 1(20KB) LOS objects, 35% free, 28MB/44MB, paused 988us total 31.493ms
08-04 03:23:03.875 15503 16044 I art     : Starting a blocking GC Explicit
08-04 03:23:03.903 15503 16044 I art     : Explicit concurrent mark sweep GC freed 24(784B) AllocSpace objects, 0(0B) LOS objects, 35% free, 28MB/44MB, paused 901us total 27.914ms
08-04 03:23:03.912 15503 16044 I art     : Starting a blocking GC Explicit
08-04 03:23:03.938 15503 16044 I art     : Explicit concurrent mark sweep GC freed 3(96B) AllocSpace objects, 0(0B) LOS objects, 35% free, 28MB/44MB, paused 1.164ms total 25.822ms
08-04 03:23:03.947 15503 16044 I art     : Starting a blocking GC Explicit
08-04 03:23:03.977 15503 16044 I art     : Explicit concurrent mark sweep GC freed 3(96B) AllocSpace objects, 0(0B) LOS objects, 35% free, 28MB/44MB, paused 1.058ms total 29.230ms
08-04 03:23:03.986 15503 16044 I art     : Starting a blocking GC Explicit
08-04 03:23:04.016 15503 16044 I art     : Explicit concurrent mark sweep GC freed 3(96B) AllocSpace objects, 0(0B) LOS objects, 35% free, 28MB/44MB, paused 979us total 29.789ms
08-04 03:23:04.328 15503 16045 I art     : Starting a blocking GC Explicit
08-04 03:23:04.370 15503 16045 I art     : Explicit concurrent mark sweep GC freed 1401(81KB) AllocSpace objects, 1(20KB) LOS objects, 35% free, 28MB/44MB, paused 1.159ms total 41.881ms
08-04 03:23:04.383 15503 16045 I art     : Starting a blocking GC Explicit
08-04 03:23:04.414 15503 16045 I art     : Explicit concurrent mark sweep GC freed 23(752B) AllocSpace objects, 0(0B) LOS objects, 35% free, 28MB/44MB, paused 1.048ms total 30.638ms
08-04 03:23:04.424 15503 16045 I art     : Starting a blocking GC Explicit
08-04 03:23:04.453 15503 16045 I art     : Explicit concurrent mark sweep GC freed 3(96B) AllocSpace objects, 0(0B) LOS objects, 35% free, 28MB/44MB, paused 955us total 29.533ms
08-04 03:23:04.463 15503 16045 I art     : Starting a blocking GC Explicit
08-04 03:23:04.494 15503 16045 I art     : Explicit concurrent mark sweep GC freed 3(96B) AllocSpace objects, 0(0B) LOS objects, 35% free, 28MB/44MB, paused 1.172ms total 30.635ms
08-04 03:23:04.504 15503 16045 I art     : Starting a blocking GC Explicit
08-04 03:23:04.533 15503 16045 I art     : Explicit concurrent mark sweep GC freed 3(96B) AllocSpace objects, 0(0B) LOS objects, 35% free, 28MB/44MB, paused 1.020ms total 29.194ms
08-04 03:23:04.594 15415 15415 I ServiceManager: Waiting for service AtCmdFwd...
08-04 03:23:04.871 15503 15530 I art     : Starting a blocking GC Explicit
08-04 03:23:04.904 15503 15530 I art     : Explicit concurrent mark sweep GC freed 1372(80KB) AllocSpace objects, 1(20KB) LOS objects, 35% free, 28MB/44MB, paused 1.064ms total 33.109ms
08-04 03:23:04.914 15503 15530 I art     : Starting a blocking GC Explicit
08-04 03:23:04.944 15503 15530 I art     : Explicit concurrent mark sweep GC freed 23(752B) AllocSpace objects, 0(0B) LOS objects, 35% free, 28MB/44MB, paused 1.028ms total 30.241ms
08-04 03:23:04.954 15503 15530 I art     : Starting a blocking GC Explicit
08-04 03:23:04.985 15503 15530 I art     : Explicit concurrent mark sweep GC freed 3(96B) AllocSpace objects, 0(0B) LOS objects, 35% free, 28MB/44MB, paused 1.027ms total 30.501ms
08-04 03:23:04.994 15503 15530 I art     : Starting a blocking GC Explicit
08-04 03:23:05.024 15503 15530 I art     : Explicit concurrent mark sweep GC freed 3(96B) AllocSpace objects, 0(0B) LOS objects, 35% free, 28MB/44MB, paused 1.009ms total 29.676ms
08-04 03:23:05.034 15503 15530 I art     : Starting a blocking GC Explicit
08-04 03:23:05.065 15503 15530 I art     : Explicit concurrent mark sweep GC freed 32(880B) AllocSpace objects, 0(0B) LOS objects, 35% free, 28MB/44MB, paused 1.035ms total 30.196ms
08-04 03:23:05.404 15503 15515 I art     : Starting a blocking GC Explicit
08-04 03:23:05.441 15503 15515 I art     : Explicit concurrent mark sweep GC freed 1373(82KB) AllocSpace objects, 1(20KB) LOS objects, 35% free, 28MB/44MB, paused 1.101ms total 37.532ms
08-04 03:23:05.455 15503 15515 I art     : Starting a blocking GC Explicit
08-04 03:23:05.488 15503 15515 I art     : Explicit concurrent mark sweep GC freed 23(752B) AllocSpace objects, 0(0B) LOS objects, 35% free, 28MB/44MB, paused 1.027ms total 33.245ms
08-04 03:23:05.498 15503 15515 I art     : Starting a blocking GC Explicit
08-04 03:23:05.529 15503 15515 I art     : Explicit concurrent mark sweep GC freed 3(96B) AllocSpace objects, 0(0B) LOS objects, 35% free, 28MB/44MB, paused 1.057ms total 30.704ms
08-04 03:23:05.539 15503 15515 I art     : Starting a blocking GC Explicit
08-04 03:23:05.570 15503 15515 I art     : Explicit concurrent mark sweep GC freed 3(96B) AllocSpace objects, 0(0B) LOS objects, 35% free, 28MB/44MB, paused 1.022ms total 30.730ms
08-04 03:23:05.580 15503 15515 I art     : Starting a blocking GC Explicit
08-04 03:23:05.595 15415 15415 I ServiceManager: Waiting for service AtCmdFwd...
08-04 03:23:05.610 15503 15515 I art     : Explicit concurrent mark sweep GC freed 3(96B) AllocSpace objects, 0(0B) LOS objects, 35% free, 28MB/44MB, paused 983us total 30.170ms
08-04 03:23:05.885 15503 15519 I art     : Starting a blocking GC Explicit
08-04 03:23:05.922 15503 15519 I art     : Explicit concurrent mark sweep GC freed 1372(80KB) AllocSpace objects, 1(20KB) LOS objects, 35% free, 28MB/44MB, paused 1.147ms total 36.767ms
08-04 03:23:05.933 15503 15519 I art     : Starting a blocking GC Explicit
08-04 03:23:05.964 15503 15519 I art     : Explicit concurrent mark sweep GC freed 23(752B) AllocSpace objects, 0(0B) LOS objects, 35% free, 28MB/44MB, paused 1.098ms total 30.331ms
08-04 03:23:05.973 15503 15519 I art     : Starting a blocking GC Explicit
08-04 03:23:06.003 15503 15519 I art     : Explicit concurrent mark sweep GC freed 3(96B) AllocSpace objects, 0(0B) LOS objects, 35% free, 28MB/44MB, paused 1.161ms total 28.977ms
08-04 03:23:06.012 15503 15519 I art     : Starting a blocking GC Explicit
08-04 03:23:06.041 15503 15519 I art     : Explicit concurrent mark sweep GC freed 3(96B) AllocSpace objects, 0(0B) LOS objects, 35% free, 28MB/44MB, paused 1.044ms total 28.517ms
08-04 03:23:06.050 15503 15519 I art     : Starting a blocking GC Explicit
08-04 03:23:06.078 15503 15519 I art     : Explicit concurrent mark sweep GC freed 32(880B) AllocSpace objects, 0(0B) LOS objects, 35% free, 28MB/44MB, paused 1.055ms total 28.307ms
08-04 03:23:06.103 17725 17725 D AndroidRuntime: >>>>>> START com.android.internal.os.RuntimeInit uid 2000 <<<<<<
08-04 03:23:06.108 17725 17725 D AndroidRuntime: CheckJNI is OFF
08-04 03:23:06.139 17725 17725 D ICU     : No timezone override file found: /data/misc/zoneinfo/current/icu/icu_tzdata.dat
08-04 03:23:06.172 17725 17725 I Radio-JNI: register_android_hardware_Radio DONE
08-04 03:23:06.195 17725 17725 D AndroidRuntime: Calling main entry com.android.commands.input.Input
08-04 03:23:06.197 17725 17725 I Input   : injectKeyEvent: KeyEvent { action=ACTION_DOWN, keyCode=KEYCODE_BACK, scanCode=0, metaState=0, flags=0x0, repeatCount=0, eventTime=674602610, downTime=674602610, deviceId=-1, source=0x101 }
08-04 03:23:06.204 17725 17725 I Input   : injectKeyEvent: KeyEvent { action=ACTION_UP, keyCode=KEYCODE_BACK, scanCode=0, metaState=0, flags=0x0, repeatCount=0, eventTime=674602610, downTime=674602610, deviceId=-1, source=0x101 }
08-04 03:23:06.211 17725 17725 D AndroidRuntime: Shutting down VM
08-04 03:23:06.216 15503 15503 V PlaybackController: initServiceNotRunning()
08-04 03:23:06.216 15503 15503 D ExternalPlayerFragment: Loading media info
08-04 03:23:06.220 15503 15503 D UserPreferences: Using default data folder
08-04 03:23:06.220 15503 15535 D DBReader: getNavDrawerData() called with: 
08-04 03:23:06.230 15503 15535 D DBReader: getDownloadedItems() called
08-04 03:23:06.231 15503 15535 D DBReader: getFavoriteIDList() called
08-04 03:23:06.232 15503 15535 D DBReader: getQueueIDList() called
08-04 03:23:06.232 15503 15535 D DBReader: Extracting Feedlist
08-04 03:23:06.246 15503 15503 D MainActivity: getLastNavFragment() -> AddFeedFragment
08-04 03:23:06.247 13866 13866 I GoogleInputMethodServic: GoogleInputMethodService.onFinishInput():3138 
08-04 03:23:06.248 13866 13866 I GoogleInputMethodServic: GoogleInputMethodService.onStartInput():1808 
08-04 03:23:06.332 15503 16044 I art     : Starting a blocking GC Explicit
08-04 03:23:06.359 15503 16044 I art     : Explicit concurrent mark sweep GC freed 2484(153KB) AllocSpace objects, 1(20KB) LOS objects, 35% free, 28MB/44MB, paused 1.094ms total 27.016ms
08-04 03:23:06.369 15503 16044 I art     : Starting a blocking GC Explicit
08-04 03:23:06.401 15503 16044 I art     : Explicit concurrent mark sweep GC freed 452(24KB) AllocSpace objects, 0(0B) LOS objects, 35% free, 28MB/44MB, paused 902us total 32.179ms
08-04 03:23:06.414 15503 16044 I art     : Starting a blocking GC Explicit
08-04 03:23:06.451 15503 16044 I art     : Explicit concurrent mark sweep GC freed 3(96B) AllocSpace objects, 0(0B) LOS objects, 35% free, 28MB/44MB, paused 920us total 36.028ms
08-04 03:23:06.464 15503 16044 I art     : Starting a blocking GC Explicit
08-04 03:23:06.500 15503 16044 I art     : Explicit concurrent mark sweep GC freed 3(96B) AllocSpace objects, 0(0B) LOS objects, 35% free, 28MB/44MB, paused 921us total 35.722ms
08-04 03:23:06.515 15503 16044 I art     : Starting a blocking GC Explicit
08-04 03:23:06.547 15503 16044 I art     : Explicit concurrent mark sweep GC freed 3(96B) AllocSpace objects, 0(0B) LOS objects, 35% free, 28MB/44MB, paused 997us total 31.800ms
08-04 03:23:06.553   380   380 W SurfaceFlinger: couldn't log to binary event log: overflow.
08-04 03:23:06.595 15415 15415 I ServiceManager: Waiting for service AtCmdFwd...
08-04 03:23:06.854 15503 16045 I art     : Starting a blocking GC Explicit
08-04 03:23:06.894 15503 16045 I art     : Explicit concurrent mark sweep GC freed 1969(105KB) AllocSpace objects, 1(20KB) LOS objects, 35% free, 28MB/44MB, paused 1.145ms total 39.835ms
08-04 03:23:06.908 15503 16045 I art     : Starting a blocking GC Explicit
08-04 03:23:06.939 15503 16045 I art     : Explicit concurrent mark sweep GC freed 2459(152KB) AllocSpace objects, 1(28KB) LOS objects, 35% free, 28MB/44MB, paused 1.074ms total 30.087ms
08-04 03:23:06.948 15503 16045 I art     : Starting a blocking GC Explicit
08-04 03:23:06.977 15503 16045 I art     : Explicit concurrent mark sweep GC freed 3(96B) AllocSpace objects, 0(0B) LOS objects, 35% free, 28MB/44MB, paused 1.084ms total 28.813ms
08-04 03:23:06.987 15503 16045 I art     : Starting a blocking GC Explicit
08-04 03:23:07.015 15503 16045 I art     : Explicit concurrent mark sweep GC freed 3(96B) AllocSpace objects, 0(0B) LOS objects, 35% free, 28MB/44MB, paused 1.022ms total 28.524ms
08-04 03:23:07.025 15503 16045 I art     : Starting a blocking GC Explicit
08-04 03:23:07.054 15503 16045 I art     : Explicit concurrent mark sweep GC freed 32(880B) AllocSpace objects, 0(0B) LOS objects, 35% free, 28MB/44MB, paused 1.011ms total 28.865ms
08-04 03:23:07.359 15503 15530 I art     : Starting a blocking GC Explicit
08-04 03:23:07.396 15503 15530 I art     : Explicit concurrent mark sweep GC freed 1374(82KB) AllocSpace objects, 1(20KB) LOS objects, 35% free, 28MB/44MB, paused 1.095ms total 37.284ms
08-04 03:23:07.402   918  3188 I hubconnection: sensorhub said: 'set_bias 3: -6.0576, 0.0000, 0.0000'
08-04 03:23:07.410 15503 15530 I art     : Starting a blocking GC Explicit
08-04 03:23:07.440 15503 15530 I art     : Explicit concurrent mark sweep GC freed 23(752B) AllocSpace objects, 0(0B) LOS objects, 35% free, 28MB/44MB, paused 943us total 29.382ms
08-04 03:23:07.450 15503 15530 I art     : Starting a blocking GC Explicit
08-04 03:23:07.477 15503 15530 I art     : Explicit concurrent mark sweep GC freed 3(96B) AllocSpace objects, 0(0B) LOS objects, 35% free, 28MB/44MB, paused 1.229ms total 27.427ms
08-04 03:23:07.487 15503 15530 I art     : Starting a blocking GC Explicit
08-04 03:23:07.514 15503 15530 I art     : Explicit concurrent mark sweep GC freed 3(96B) AllocSpace objects, 0(0B) LOS objects, 35% free, 28MB/44MB, paused 1.042ms total 26.760ms
08-04 03:23:07.523 15503 15530 I art     : Starting a blocking GC Explicit
08-04 03:23:07.551 15503 15530 I art     : Explicit concurrent mark sweep GC freed 3(96B) AllocSpace objects, 0(0B) LOS objects, 35% free, 28MB/44MB, paused 1.041ms total 27.311ms
08-04 03:23:07.595 15415 15415 W Atfwd_Sendcmd: AtCmdFwd service not published, waiting... retryCnt : 2
08-04 03:23:07.827 15503 15519 I art     : Starting a blocking GC Explicit
08-04 03:23:07.864 15503 15519 I art     : Explicit concurrent mark sweep GC freed 1375(80KB) AllocSpace objects, 1(20KB) LOS objects, 35% free, 28MB/44MB, paused 1.100ms total 36.323ms
08-04 03:23:07.872 17778 17778 D AndroidRuntime: >>>>>> START com.android.internal.os.RuntimeInit uid 2000 <<<<<<
08-04 03:23:07.876 15503 15519 I art     : Starting a blocking GC Explicit
08-04 03:23:07.878 17778 17778 D AndroidRuntime: CheckJNI is OFF
08-04 03:23:07.905 15503 15519 I art     : Explicit concurrent mark sweep GC freed 28(912B) AllocSpace objects, 0(0B) LOS objects, 35% free, 28MB/44MB, paused 1.551ms total 28ms
08-04 03:23:07.914 15503 15519 I art     : Starting a blocking GC Explicit
08-04 03:23:07.914 17778 17778 D ICU     : No timezone override file found: /data/misc/zoneinfo/current/icu/icu_tzdata.dat
08-04 03:23:07.939 15503 15519 I art     : Explicit concurrent mark sweep GC freed 8(256B) AllocSpace objects, 0(0B) LOS objects, 35% free, 28MB/44MB, paused 1.010ms total 25.111ms
08-04 03:23:07.947 17778 17778 I Radio-JNI: register_android_hardware_Radio DONE
08-04 03:23:07.948 15503 15519 I art     : Starting a blocking GC Explicit
08-04 03:23:07.968 17778 17778 D AndroidRuntime: Calling main entry com.android.commands.input.Input
08-04 03:23:07.969 17778 17778 I Input   : injectKeyEvent: KeyEvent { action=ACTION_DOWN, keyCode=KEYCODE_BACK, scanCode=0, metaState=0, flags=0x0, repeatCount=0, eventTime=674604382, downTime=674604382, deviceId=-1, source=0x101 }
08-04 03:23:07.973 15503 15519 I art     : Explicit concurrent mark sweep GC freed 7(224B) AllocSpace objects, 0(0B) LOS objects, 35% free, 28MB/44MB, paused 968us total 24.421ms
08-04 03:23:07.975 17778 17778 I Input   : injectKeyEvent: KeyEvent { action=ACTION_UP, keyCode=KEYCODE_BACK, scanCode=0, metaState=0, flags=0x0, repeatCount=0, eventTime=674604382, downTime=674604382, deviceId=-1, source=0x101 }
08-04 03:23:07.981 15503 15519 I art     : Starting a blocking GC Explicit
08-04 03:23:07.986 13866 13866 I GoogleInputMethodServic: GoogleInputMethodService.onFinishInput():3138 
08-04 03:23:07.987 13866 13866 I GoogleInputMethodServic: GoogleInputMethodService.onStartInput():1808 
08-04 03:23:07.991 17778 17778 D AndroidRuntime: Shutting down VM
08-04 03:23:08.007 15503 15519 I art     : Explicit concurrent mark sweep GC freed 1126(45KB) AllocSpace objects, 0(0B) LOS objects, 35% free, 28MB/44MB, paused 1.003ms total 25.460ms
08-04 03:23:08.271 15503 15530 I art     : Starting a blocking GC Explicit
08-04 03:23:08.309 15503 15530 I art     : Explicit concurrent mark sweep GC freed 1650(97KB) AllocSpace objects, 1(20KB) LOS objects, 35% free, 28MB/44MB, paused 1.165ms total 37.670ms
08-04 03:23:08.322 15503 15530 I art     : Starting a blocking GC Explicit
08-04 03:23:08.350 15503 15530 I art     : Explicit concurrent mark sweep GC freed 2482(165KB) AllocSpace objects, 9(1540KB) LOS objects, 37% free, 26MB/42MB, paused 1.005ms total 28.411ms
08-04 03:23:08.360 15503 15530 I art     : Starting a blocking GC Explicit
08-04 03:23:08.388 15503 15530 I art     : Explicit concurrent mark sweep GC freed 3(96B) AllocSpace objects, 0(0B) LOS objects, 37% free, 26MB/42MB, paused 1.193ms total 27.889ms
08-04 03:23:08.397 15503 15530 I art     : Starting a blocking GC Explicit
08-04 03:23:08.425 15503 15530 I art     : Explicit concurrent mark sweep GC freed 3(96B) AllocSpace objects, 0(0B) LOS objects, 37% free, 26MB/42MB, paused 1.028ms total 28.130ms
08-04 03:23:08.435 15503 15530 I art     : Starting a blocking GC Explicit
08-04 03:23:08.464 15503 15530 I art     : Explicit concurrent mark sweep GC freed 3(96B) AllocSpace objects, 0(0B) LOS objects, 37% free, 26MB/42MB, paused 1.019ms total 28.427ms
08-04 03:23:08.760 15503 15515 I art     : Starting a blocking GC Explicit
08-04 03:23:08.802 15503 15515 I art     : Explicit concurrent mark sweep GC freed 1373(81KB) AllocSpace objects, 1(20KB) LOS objects, 37% free, 26MB/42MB, paused 1.093ms total 41.115ms
08-04 03:23:08.816 15503 15515 I art     : Starting a blocking GC Explicit
08-04 03:23:08.843 15503 15515 I art     : Explicit concurrent mark sweep GC freed 23(752B) AllocSpace objects, 0(0B) LOS objects, 37% free, 26MB/42MB, paused 1.004ms total 27.402ms
08-04 03:23:08.852 15503 15515 I art     : Starting a blocking GC Explicit
08-04 03:23:08.881 15503 15515 I art     : Explicit concurrent mark sweep GC freed 3(96B) AllocSpace objects, 0(0B) LOS objects, 37% free, 26MB/42MB, paused 1.001ms total 28.060ms
08-04 03:23:08.881 15503 15514 I art     : WaitForGcToComplete blocked for 16.471ms for cause HeapTrim
08-04 03:23:08.890 15503 15515 I art     : Starting a blocking GC Explicit
08-04 03:23:08.918 15503 15515 I art     : Explicit concurrent mark sweep GC freed 3(96B) AllocSpace objects, 0(0B) LOS objects, 37% free, 26MB/42MB, paused 1.029ms total 28.119ms
08-04 03:23:08.928 15503 15515 I art     : Starting a blocking GC Explicit
08-04 03:23:08.957 15503 15515 I art     : Explicit concurrent mark sweep GC freed 3(96B) AllocSpace objects, 0(0B) LOS objects, 37% free, 26MB/42MB, paused 1.123ms total 28.855ms
08-04 03:23:09.262 15503 16044 I art     : Starting a blocking GC Explicit
08-04 03:23:09.292 15503 16044 I art     : Explicit concurrent mark sweep GC freed 1402(82KB) AllocSpace objects, 1(20KB) LOS objects, 37% free, 26MB/42MB, paused 1.107ms total 29.508ms
08-04 03:23:09.302 15503 16044 I art     : Starting a blocking GC Explicit
08-04 03:23:09.329 15503 16044 I art     : Explicit concurrent mark sweep GC freed 23(752B) AllocSpace objects, 0(0B) LOS objects, 37% free, 26MB/42MB, paused 1.108ms total 26.702ms
08-04 03:23:09.338 15503 16044 I art     : Starting a blocking GC Explicit
08-04 03:23:09.365 15503 16044 I art     : Explicit concurrent mark sweep GC freed 3(96B) AllocSpace objects, 0(0B) LOS objects, 37% free, 26MB/42MB, paused 1.001ms total 26.635ms
08-04 03:23:09.374 15503 16044 I art     : Starting a blocking GC Explicit
08-04 03:23:09.401 15503 16044 I art     : Explicit concurrent mark sweep GC freed 3(96B) AllocSpace objects, 0(0B) LOS objects, 37% free, 26MB/42MB, paused 1.028ms total 26.920ms
08-04 03:23:09.410 15503 16044 I art     : Starting a blocking GC Explicit
08-04 03:23:09.437 15503 16044 I art     : Explicit concurrent mark sweep GC freed 3(96B) AllocSpace objects, 0(0B) LOS objects, 37% free, 26MB/42MB, paused 1.102ms total 26.927ms
08-04 03:23:09.639 17831 17831 D AndroidRuntime: >>>>>> START com.android.internal.os.RuntimeInit uid 2000 <<<<<<
08-04 03:23:09.644 17831 17831 D AndroidRuntime: CheckJNI is OFF
08-04 03:23:09.678 17831 17831 D ICU     : No timezone override file found: /data/misc/zoneinfo/current/icu/icu_tzdata.dat
08-04 03:23:09.710 17831 17831 I Radio-JNI: register_android_hardware_Radio DONE
08-04 03:23:09.728 15503 15515 I art     : Starting a blocking GC Explicit
08-04 03:23:09.731 17831 17831 D AndroidRuntime: Calling main entry com.android.commands.input.Input
08-04 03:23:09.732 17831 17831 I Input   : injectMotionEvent: MotionEvent { action=ACTION_DOWN, actionButton=0, id[0]=0, x[0]=103.0, y[0]=192.0, toolType[0]=TOOL_TYPE_UNKNOWN, buttonState=0, metaState=0, flags=0x0, edgeFlags=0x0, pointerCount=1, historySize=0, eventTime=674606145, downTime=674606145, deviceId=0, source=0x1002 }
08-04 03:23:09.736 17831 17831 I Input   : injectMotionEvent: MotionEvent { action=ACTION_UP, actionButton=0, id[0]=0, x[0]=103.0, y[0]=192.0, toolType[0]=TOOL_TYPE_UNKNOWN, buttonState=0, metaState=0, flags=0x0, edgeFlags=0x0, pointerCount=1, historySize=0, eventTime=674606145, downTime=674606145, deviceId=0, source=0x1002 }
08-04 03:23:09.739 17831 17831 D AndroidRuntime: Shutting down VM
08-04 03:23:09.758   512  2967 D audio_hw_primary: out_set_parameters: enter: usecase(1: low-latency-playback) kvpairs: routing=2
08-04 03:23:09.759 15503 15515 I art     : Explicit concurrent mark sweep GC freed 1415(83KB) AllocSpace objects, 1(20KB) LOS objects, 37% free, 26MB/42MB, paused 1.608ms total 30.266ms
08-04 03:23:09.769 15503 15515 I art     : Starting a blocking GC Explicit
08-04 03:23:09.771   512  2967 D audio_hw_primary: select_devices: out_snd_device(2: speaker) in_snd_device(0: none)
08-04 03:23:09.771   512  2967 D msm8974_platform: platform_send_audio_calibration: sending audio calibration for snd_device(2) acdb_id(15)
08-04 03:23:09.771   512  2967 I soundtrigger: audio_extn_sound_trigger_update_device_status: device 0x2 of type 0 for Event 1
08-04 03:23:09.781   512  2967 D audio_hw_primary: enable_snd_device: snd_device(2: speaker)
08-04 03:23:09.783   512  2967 D audio_hw_primary: enable_audio_route: apply and update mixer path: low-latency-playback speaker
08-04 03:23:09.793 13866 13866 I GoogleInputMethodServic: GoogleInputMethodService.onFinishInput():3138 
08-04 03:23:09.793 13866 13866 I GoogleInputMethodServic: GoogleInputMethodService.onStartInput():1808 
08-04 03:23:09.795 15503 15515 I art     : Explicit concurrent mark sweep GC freed 189(7KB) AllocSpace objects, 0(0B) LOS objects, 37% free, 26MB/42MB, paused 1.172ms total 25.854ms
08-04 03:23:09.804 15503 15515 I art     : Starting a blocking GC Explicit
08-04 03:23:09.830 15503 15515 I art     : Explicit concurrent mark sweep GC freed 490(25KB) AllocSpace objects, 0(0B) LOS objects, 37% free, 26MB/42MB, paused 942us total 25.632ms
08-04 03:23:09.839 15503 15515 I art     : Starting a blocking GC Explicit
08-04 03:23:09.864 15503 15515 I art     : Explicit concurrent mark sweep GC freed 15(800B) AllocSpace objects, 0(0B) LOS objects, 37% free, 26MB/42MB, paused 964us total 25.429ms
08-04 03:23:09.873 15503 15515 I art     : Starting a blocking GC Explicit
08-04 03:23:09.899 15503 15515 I art     : Explicit concurrent mark sweep GC freed 3(96B) AllocSpace objects, 0(0B) LOS objects, 37% free, 26MB/42MB, paused 996us total 25.568ms
08-04 03:23:10.174 15503 15530 I art     : Starting a blocking GC Explicit
08-04 03:23:10.203 15503 15530 I art     : Explicit concurrent mark sweep GC freed 1418(82KB) AllocSpace objects, 1(20KB) LOS objects, 37% free, 26MB/42MB, paused 999us total 29.730ms
08-04 03:23:10.214 15503 15530 I art     : Starting a blocking GC Explicit
08-04 03:23:10.243 15503 15530 I art     : Explicit concurrent mark sweep GC freed 41(1328B) AllocSpace objects, 0(0B) LOS objects, 37% free, 26MB/42MB, paused 1.089ms total 28.652ms
08-04 03:23:10.254 15503 15530 I art     : Starting a blocking GC Explicit
08-04 03:23:10.281 15503 15530 I art     : Explicit concurrent mark sweep GC freed 3(96B) AllocSpace objects, 0(0B) LOS objects, 37% free, 26MB/42MB, paused 1.008ms total 27.240ms
08-04 03:23:10.290 15503 15530 I art     : Starting a blocking GC Explicit
08-04 03:23:10.318 15503 15530 I art     : Explicit concurrent mark sweep GC freed 3(96B) AllocSpace objects, 0(0B) LOS objects, 37% free, 26MB/42MB, paused 1.158ms total 26.904ms
08-04 03:23:10.319   512  2967 D audio_hw_primary: disable_audio_route: reset and update mixer path: low-latency-playback speaker
08-04 03:23:10.320   512  2967 D audio_hw_primary: disable_snd_device: snd_device(2: speaker)
08-04 03:23:10.327 15503 15530 I art     : Starting a blocking GC Explicit
08-04 03:23:10.329   512  2967 I soundtrigger: audio_extn_sound_trigger_update_device_status: device 0x2 of type 0 for Event 0
08-04 03:23:10.353 15503 15530 I art     : Explicit concurrent mark sweep GC freed 3(96B) AllocSpace objects, 0(0B) LOS objects, 37% free, 26MB/42MB, paused 1.001ms total 26.600ms
08-04 03:23:10.668 15503 15515 I art     : Starting a blocking GC Explicit
08-04 03:23:10.710 15503 15515 I art     : Explicit concurrent mark sweep GC freed 1371(80KB) AllocSpace objects, 1(20KB) LOS objects, 37% free, 26MB/42MB, paused 1.228ms total 41.642ms
08-04 03:23:10.724 15503 15515 I art     : Starting a blocking GC Explicit
08-04 03:23:10.753 15503 15515 I art     : Explicit concurrent mark sweep GC freed 25(816B) AllocSpace objects, 0(0B) LOS objects, 37% free, 26MB/42MB, paused 1.019ms total 29.469ms
08-04 03:23:10.763 15503 15515 I art     : Starting a blocking GC Explicit
08-04 03:23:10.792 15503 15515 I art     : Explicit concurrent mark sweep GC freed 3(96B) AllocSpace objects, 0(0B) LOS objects, 37% free, 26MB/42MB, paused 1.033ms total 28.450ms
08-04 03:23:10.801 15503 15515 I art     : Starting a blocking GC Explicit
08-04 03:23:10.830 15503 15515 I art     : Explicit concurrent mark sweep GC freed 3(96B) AllocSpace objects, 0(0B) LOS objects, 37% free, 26MB/42MB, paused 1.042ms total 28.680ms
08-04 03:23:10.840 15503 15515 I art     : Starting a blocking GC Explicit
08-04 03:23:10.869 15503 15515 I art     : Explicit concurrent mark sweep GC freed 3(96B) AllocSpace objects, 0(0B) LOS objects, 37% free, 26MB/42MB, paused 1.045ms total 28.641ms
08-04 03:23:11.137 15503 16044 I art     : Starting a blocking GC Explicit
08-04 03:23:11.166 15503 16044 I art     : Explicit concurrent mark sweep GC freed 1400(81KB) AllocSpace objects, 1(20KB) LOS objects, 37% free, 26MB/42MB, paused 1.041ms total 28.627ms
08-04 03:23:11.175 15503 16044 I art     : Starting a blocking GC Explicit
08-04 03:23:11.204 15503 16044 I art     : Explicit concurrent mark sweep GC freed 23(752B) AllocSpace objects, 0(0B) LOS objects, 37% free, 26MB/42MB, paused 1.044ms total 28.240ms
08-04 03:23:11.213 15503 16044 I art     : Starting a blocking GC Explicit
08-04 03:23:11.239 15503 16044 I art     : Explicit concurrent mark sweep GC freed 3(96B) AllocSpace objects, 0(0B) LOS objects, 37% free, 26MB/42MB, paused 1.077ms total 26.627ms
08-04 03:23:11.249 15503 16044 I art     : Starting a blocking GC Explicit
08-04 03:23:11.275 15503 16044 I art     : Explicit concurrent mark sweep GC freed 3(96B) AllocSpace objects, 0(0B) LOS objects, 37% free, 26MB/42MB, paused 1.005ms total 26.144ms
08-04 03:23:11.284 15503 16044 I art     : Starting a blocking GC Explicit
08-04 03:23:11.312 15503 16044 I art     : Explicit concurrent mark sweep GC freed 3(96B) AllocSpace objects, 0(0B) LOS objects, 37% free, 26MB/42MB, paused 1.010ms total 27.109ms
08-04 03:23:11.411 17874 17874 D AndroidRuntime: >>>>>> START com.android.internal.os.RuntimeInit uid 2000 <<<<<<
08-04 03:23:11.416 17874 17874 D AndroidRuntime: CheckJNI is OFF
08-04 03:23:11.450 17874 17874 D ICU     : No timezone override file found: /data/misc/zoneinfo/current/icu/icu_tzdata.dat
08-04 03:23:11.482 17874 17874 I Radio-JNI: register_android_hardware_Radio DONE
08-04 03:23:11.502 17874 17874 D AndroidRuntime: Calling main entry com.android.commands.input.Input
08-04 03:23:11.504 17874 17874 I Input   : injectMotionEvent: MotionEvent { action=ACTION_DOWN, actionButton=0, id[0]=0, x[0]=625.0, y[0]=1248.0, toolType[0]=TOOL_TYPE_UNKNOWN, buttonState=0, metaState=0, flags=0x0, edgeFlags=0x0, pointerCount=1, historySize=0, eventTime=674607917, downTime=674607917, deviceId=0, source=0x1002 }
08-04 03:23:11.510 17874 17874 I Input   : injectMotionEvent: MotionEvent { action=ACTION_UP, actionButton=0, id[0]=0, x[0]=625.0, y[0]=1248.0, toolType[0]=TOOL_TYPE_UNKNOWN, buttonState=0, metaState=0, flags=0x0, edgeFlags=0x0, pointerCount=1, historySize=0, eventTime=674607917, downTime=674607917, deviceId=0, source=0x1002 }
08-04 03:23:11.512 17874 17874 D AndroidRuntime: Shutting down VM
08-04 03:23:11.590 15503 15503 D MainActivity: loadFragment(index: 7, args: null)
08-04 03:23:11.591 15503 15503 D MainActivity: saveLastNavFragment(tag: 2)
08-04 03:23:11.591 15503 15503 D MainActivity: getLastNavFragment() -> 2
08-04 03:23:11.592   512  2967 D audio_hw_primary: out_set_parameters: enter: usecase(1: low-latency-playback) kvpairs: routing=2
08-04 03:23:11.601 15503 15519 I art     : Starting a blocking GC Explicit
08-04 03:23:11.604   512  2967 D audio_hw_primary: select_devices: out_snd_device(2: speaker) in_snd_device(0: none)
08-04 03:23:11.604   512  2967 D msm8974_platform: platform_send_audio_calibration: sending audio calibration for snd_device(2) acdb_id(15)
08-04 03:23:11.605   512  2967 I soundtrigger: audio_extn_sound_trigger_update_device_status: device 0x2 of type 0 for Event 1
08-04 03:23:11.616   512  2967 D audio_hw_primary: enable_snd_device: snd_device(2: speaker)
08-04 03:23:11.618   512  2967 D audio_hw_primary: enable_audio_route: apply and update mixer path: low-latency-playback speaker
08-04 03:23:11.628 15503 15503 D ItemlistFragment: onEventMainThread() called with: event = [DownloadEvent{update=DownloaderUpdate{downloaders=[], feedIds=[], mediaIds=[]}}]
08-04 03:23:11.629 15503 15528 D DBReader: getFeed() called with: feedId = [2]
08-04 03:23:11.632 15503 15528 D DBReader: getFeedItemList() called with: feed = [baseline.de.danoeh.antennapod.core.feed.Feed@2]
08-04 03:23:11.633 15503 15519 I art     : Explicit concurrent mark sweep GC freed 3627(197KB) AllocSpace objects, 2(40KB) LOS objects, 37% free, 27MB/43MB, paused 2.054ms total 32.405ms
08-04 03:23:11.646 15503 15519 I art     : Starting a blocking GC Explicit
08-04 03:23:11.674 15503 15519 I art     : Explicit concurrent mark sweep GC freed 1059(31KB) AllocSpace objects, 0(0B) LOS objects, 36% free, 27MB/43MB, paused 1.377ms total 27.480ms
08-04 03:23:11.682 15503 15519 I art     : Starting a blocking GC Explicit
08-04 03:23:11.714 15503 15519 I art     : Explicit concurrent mark sweep GC freed 2680(102KB) AllocSpace objects, 0(0B) LOS objects, 35% free, 28MB/44MB, paused 1.283ms total 31.151ms
08-04 03:23:11.715 15503 15528 W PodDBAdapter: Length of id array is larger than 800. Creating multiple cursors
08-04 03:23:11.724 15503 15519 I art     : Starting a blocking GC Explicit
08-04 03:23:11.754 15503 15519 I art     : Explicit concurrent mark sweep GC freed 1730(191KB) AllocSpace objects, 1(16KB) LOS objects, 35% free, 28MB/44MB, paused 1.137ms total 29.953ms
08-04 03:23:11.763 15503 15519 I art     : Starting a blocking GC Explicit
08-04 03:23:11.788 15503 15528 D DBReader: getFavoriteIDList() called
08-04 03:23:11.789 15503 15528 D DBReader: getQueueIDList() called
08-04 03:23:11.790 15503 15528 D DBReader: Extracting Feedlist
08-04 03:23:11.797 15503 15519 I art     : Explicit concurrent mark sweep GC freed 5059(103KB) AllocSpace objects, 0(0B) LOS objects, 35% free, 29MB/45MB, paused 1.865ms total 33.527ms
08-04 03:23:11.834 15503 15503 D FeedMenuHandler: Preparing options menu
08-04 03:23:11.880 15503 16439 D ApOkHttpUrlLoader: buildLoadData() called with: model = [http://static.libsyn.com/p/assets/7/1/f/3/71f3014e14ef2722/JREiTunesImage2.jpg], width = [1440], height = [462]
08-04 03:23:11.956 15503 15529 V RenderScript: 0x7f7a5d8000 Launching thread(s), CPUs 8
08-04 03:23:12.016 13866 13866 I GoogleInputMethodServic: GoogleInputMethodService.onFinishInput():3138 
08-04 03:23:12.017 13866 13866 I GoogleInputMethodServic: GoogleInputMethodService.onStartInput():1808 
08-04 03:23:12.088 15503 15515 I art     : Starting a blocking GC Explicit
08-04 03:23:12.128 15503 15515 I art     : Explicit concurrent mark sweep GC freed 7474(419KB) AllocSpace objects, 7(252KB) LOS objects, 29% free, 37MB/53MB, paused 1.152ms total 40ms
08-04 03:23:12.141 15503 15515 I art     : Starting a blocking GC Explicit
08-04 03:23:12.148   512  2967 D audio_hw_primary: disable_audio_route: reset and update mixer path: low-latency-playback speaker
08-04 03:23:12.149   512  2967 D audio_hw_primary: disable_snd_device: snd_device(2: speaker)
08-04 03:23:12.158   512  2967 I soundtrigger: audio_extn_sound_trigger_update_device_status: device 0x2 of type 0 for Event 0
08-04 03:23:12.174 15503 15515 I art     : Explicit concurrent mark sweep GC freed 936(57KB) AllocSpace objects, 0(0B) LOS objects, 29% free, 37MB/53MB, paused 1.074ms total 33.241ms
08-04 03:23:12.184 15503 15515 I art     : Starting a blocking GC Explicit
08-04 03:23:12.221 15503 15515 I art     : Explicit concurrent mark sweep GC freed 5(160B) AllocSpace objects, 0(0B) LOS objects, 29% free, 37MB/53MB, paused 1.009ms total 35.957ms
08-04 03:23:12.232 15503 15515 I art     : Starting a blocking GC Explicit
08-04 03:23:12.268 15503 15515 I art     : Explicit concurrent mark sweep GC freed 3(96B) AllocSpace objects, 0(0B) LOS objects, 29% free, 37MB/53MB, paused 1.164ms total 35.776ms
08-04 03:23:12.279 15503 15515 I art     : Starting a blocking GC Explicit
08-04 03:23:12.314 15503 15515 I art     : Explicit concurrent mark sweep GC freed 20(688B) AllocSpace objects, 0(0B) LOS objects, 29% free, 37MB/53MB, paused 927us total 34.890ms
08-04 03:23:12.604 15503 16045 I art     : Starting a blocking GC Explicit
08-04 03:23:12.643 15503 16045 I art     : Explicit concurrent mark sweep GC freed 1375(80KB) AllocSpace objects, 1(20KB) LOS objects, 29% free, 37MB/53MB, paused 1.046ms total 38.781ms
08-04 03:23:12.654 15503 16045 I art     : Starting a blocking GC Explicit
08-04 03:23:12.692 15503 16045 I art     : Explicit concurrent mark sweep GC freed 42(1392B) AllocSpace objects, 0(0B) LOS objects, 29% free, 37MB/53MB, paused 1.067ms total 38.384ms
08-04 03:23:12.704 15503 16045 I art     : Starting a blocking GC Explicit
08-04 03:23:12.743 15503 16045 I art     : Explicit concurrent mark sweep GC freed 3(96B) AllocSpace objects, 0(0B) LOS objects, 29% free, 37MB/53MB, paused 1.048ms total 38.426ms
08-04 03:23:12.754 15503 16045 I art     : Starting a blocking GC Explicit
08-04 03:23:12.792 15503 16045 I art     : Explicit concurrent mark sweep GC freed 3(96B) AllocSpace objects, 0(0B) LOS objects, 29% free, 37MB/53MB, paused 1.069ms total 38.194ms
08-04 03:23:12.804 15503 16045 I art     : Starting a blocking GC Explicit
08-04 03:23:12.843 15503 16045 I art     : Explicit concurrent mark sweep GC freed 3(96B) AllocSpace objects, 0(0B) LOS objects, 29% free, 37MB/53MB, paused 1.023ms total 38.433ms
08-04 03:23:13.161 15503 15519 I art     : Starting a blocking GC Explicit
08-04 03:23:13.209 15503 15519 I art     : Explicit concurrent mark sweep GC freed 1401(81KB) AllocSpace objects, 1(20KB) LOS objects, 29% free, 37MB/53MB, paused 1.167ms total 47.604ms
08-04 03:23:13.224 15503 15519 I art     : Starting a blocking GC Explicit
08-04 03:23:13.262 15503 15519 I art     : Explicit concurrent mark sweep GC freed 23(752B) AllocSpace objects, 0(0B) LOS objects, 29% free, 37MB/53MB, paused 1.060ms total 37.923ms
08-04 03:23:13.273 15503 15519 I art     : Starting a blocking GC Explicit
08-04 03:23:13.311 15503 15519 I art     : Explicit concurrent mark sweep GC freed 3(96B) AllocSpace objects, 0(0B) LOS objects, 29% free, 37MB/53MB, paused 1.046ms total 37.968ms
08-04 03:23:13.323 15503 15519 I art     : Starting a blocking GC Explicit
08-04 03:23:13.362 15503 15519 I art     : Explicit concurrent mark sweep GC freed 3(96B) AllocSpace objects, 0(0B) LOS objects, 29% free, 37MB/53MB, paused 1.009ms total 38.603ms
08-04 03:23:13.373 15503 15519 I art     : Starting a blocking GC Explicit
08-04 03:23:13.411 15503 15519 I art     : Explicit concurrent mark sweep GC freed 3(96B) AllocSpace objects, 0(0B) LOS objects, 29% free, 37MB/53MB, paused 1.039ms total 38.126ms
08-04 03:23:13.731 15503 15519 I art     : Starting a blocking GC Explicit
08-04 03:23:13.769 15503 15519 I art     : Explicit concurrent mark sweep GC freed 2104(103KB) AllocSpace objects, 1(20KB) LOS objects, 29% free, 37MB/53MB, paused 1.048ms total 37.715ms
08-04 03:23:13.780 15503 15519 I art     : Starting a blocking GC Explicit
08-04 03:23:13.819 15503 15519 I art     : Explicit concurrent mark sweep GC freed 23(752B) AllocSpace objects, 0(0B) LOS objects, 29% free, 37MB/53MB, paused 1.055ms total 38.485ms
08-04 03:23:13.831 15503 15519 I art     : Starting a blocking GC Explicit
08-04 03:23:13.868 15503 15519 I art     : Explicit concurrent mark sweep GC freed 3(96B) AllocSpace objects, 0(0B) LOS objects, 29% free, 37MB/53MB, paused 1.053ms total 37.465ms
08-04 03:23:13.879 15503 15519 I art     : Starting a blocking GC Explicit
08-04 03:23:13.917 15503 15519 I art     : Explicit concurrent mark sweep GC freed 3(96B) AllocSpace objects, 0(0B) LOS objects, 29% free, 37MB/53MB, paused 1.032ms total 37.335ms
08-04 03:23:13.928 15503 15519 I art     : Starting a blocking GC Explicit
08-04 03:23:13.966 15503 15519 I art     : Explicit concurrent mark sweep GC freed 3(96B) AllocSpace objects, 0(0B) LOS objects, 29% free, 37MB/53MB, paused 1.055ms total 37.723ms
08-04 03:23:13.967 15503 15514 I art     : WaitForGcToComplete blocked for 38.336ms for cause HeapTrim
08-04 03:23:14.295 15503 16044 I art     : Starting a blocking GC Explicit
08-04 03:23:14.329 15503 16044 I art     : Explicit concurrent mark sweep GC freed 2289(113KB) AllocSpace objects, 1(20KB) LOS objects, 29% free, 37MB/53MB, paused 1.056ms total 34.089ms
08-04 03:23:14.341 15503 16044 I art     : Starting a blocking GC Explicit
08-04 03:23:14.379 15503 16044 I art     : Explicit concurrent mark sweep GC freed 89(3KB) AllocSpace objects, 0(0B) LOS objects, 29% free, 37MB/53MB, paused 1.061ms total 38.244ms
08-04 03:23:14.391 15503 16044 I art     : Starting a blocking GC Explicit
08-04 03:23:14.429 15503 16044 I art     : Explicit concurrent mark sweep GC freed 3(96B) AllocSpace objects, 0(0B) LOS objects, 29% free, 37MB/53MB, paused 1.104ms total 38.585ms
08-04 03:23:14.441 15503 16044 I art     : Starting a blocking GC Explicit
08-04 03:23:14.480 15503 16044 I art     : Explicit concurrent mark sweep GC freed 3(96B) AllocSpace objects, 0(0B) LOS objects, 29% free, 37MB/53MB, paused 1.030ms total 38.360ms
08-04 03:23:14.491 15503 16044 I art     : Starting a blocking GC Explicit
08-04 03:23:14.529 15503 16044 I art     : Explicit concurrent mark sweep GC freed 3(96B) AllocSpace objects, 0(0B) LOS objects, 29% free, 37MB/53MB, paused 1.018ms total 37.632ms
08-04 03:23:14.762   918  3261 D WifiStateMachine: starting scan for "H369AA63323"WPA_PSK with 2412,5180
08-04 03:23:14.852 15503 15515 I art     : Starting a blocking GC Explicit
08-04 03:23:14.900 15503 15515 I art     : Explicit concurrent mark sweep GC freed 1374(81KB) AllocSpace objects, 1(20KB) LOS objects, 29% free, 37MB/53MB, paused 1.180ms total 47.910ms
08-04 03:23:14.918 15503 15515 I art     : Starting a blocking GC Explicit
08-04 03:23:14.955 15503 15515 I art     : Explicit concurrent mark sweep GC freed 23(752B) AllocSpace objects, 0(0B) LOS objects, 29% free, 37MB/53MB, paused 1.015ms total 37.255ms
08-04 03:23:14.966 15503 15515 I art     : Starting a blocking GC Explicit
08-04 03:23:15.005 15503 15515 I art     : Explicit concurrent mark sweep GC freed 3(96B) AllocSpace objects, 0(0B) LOS objects, 29% free, 37MB/53MB, paused 1.038ms total 38.230ms
08-04 03:23:15.016 15503 15515 I art     : Starting a blocking GC Explicit
08-04 03:23:15.055 15503 15515 I art     : Explicit concurrent mark sweep GC freed 32(880B) AllocSpace objects, 0(0B) LOS objects, 29% free, 37MB/53MB, paused 1.053ms total 38.261ms
08-04 03:23:15.066 15503 15515 I art     : Starting a blocking GC Explicit
08-04 03:23:15.105 15503 15515 I art     : Explicit concurrent mark sweep GC freed 3(96B) AllocSpace objects, 0(0B) LOS objects, 29% free, 37MB/53MB, paused 1.032ms total 38.331ms
08-04 03:23:15.459 15503 15519 I art     : Starting a blocking GC Explicit
08-04 03:23:15.511 15503 15519 I art     : Explicit concurrent mark sweep GC freed 1373(82KB) AllocSpace objects, 1(20KB) LOS objects, 29% free, 37MB/53MB, paused 1.116ms total 51.893ms
08-04 03:23:15.523 15503 15519 I art     : Starting a blocking GC Explicit
08-04 03:23:15.560 15503 15519 I art     : Explicit concurrent mark sweep GC freed 23(752B) AllocSpace objects, 0(0B) LOS objects, 29% free, 37MB/53MB, paused 1.024ms total 37.157ms
08-04 03:23:15.571 15503 15519 I art     : Starting a blocking GC Explicit
08-04 03:23:15.610 15503 15519 I art     : Explicit concurrent mark sweep GC freed 3(96B) AllocSpace objects, 0(0B) LOS objects, 29% free, 37MB/53MB, paused 1.031ms total 38.375ms
08-04 03:23:15.621 15503 15519 I art     : Starting a blocking GC Explicit
08-04 03:23:15.659 15503 15519 I art     : Explicit concurrent mark sweep GC freed 3(96B) AllocSpace objects, 0(0B) LOS objects, 29% free, 37MB/53MB, paused 1.050ms total 37.580ms
08-04 03:23:15.670 15503 15519 I art     : Starting a blocking GC Explicit
08-04 03:23:15.709 15503 15519 I art     : Explicit concurrent mark sweep GC freed 3(96B) AllocSpace objects, 0(0B) LOS objects, 29% free, 37MB/53MB, paused 1.088ms total 38.192ms
08-04 03:23:15.993 15503 16045 I art     : Starting a blocking GC Explicit
08-04 03:23:16.030 15503 16045 I art     : Explicit concurrent mark sweep GC freed 1411(83KB) AllocSpace objects, 1(20KB) LOS objects, 29% free, 37MB/53MB, paused 1.056ms total 37.471ms
08-04 03:23:16.041 15503 16045 I art     : Starting a blocking GC Explicit
08-04 03:23:16.078 15503 16045 I art     : Explicit concurrent mark sweep GC freed 52(1536B) AllocSpace objects, 0(0B) LOS objects, 29% free, 37MB/53MB, paused 1.060ms total 36.856ms
08-04 03:23:16.089 15503 16045 I art     : Starting a blocking GC Explicit
08-04 03:23:16.126 15503 16045 I art     : Explicit concurrent mark sweep GC freed 3(96B) AllocSpace objects, 0(0B) LOS objects, 29% free, 37MB/53MB, paused 1.007ms total 36.450ms
08-04 03:23:16.137 15503 16045 I art     : Starting a blocking GC Explicit
08-04 03:23:16.173 15503 16045 I art     : Explicit concurrent mark sweep GC freed 3(96B) AllocSpace objects, 0(0B) LOS objects, 29% free, 37MB/53MB, paused 990us total 35.210ms
08-04 03:23:16.184 15503 16045 I art     : Starting a blocking GC Explicit
08-04 03:23:16.204 17989 17989 D AndroidRuntime: >>>>>> START com.android.internal.os.RuntimeInit uid 2000 <<<<<<
08-04 03:23:16.209 17989 17989 D AndroidRuntime: CheckJNI is OFF
08-04 03:23:16.219 15503 16045 I art     : Explicit concurrent mark sweep GC freed 3(96B) AllocSpace objects, 0(0B) LOS objects, 29% free, 37MB/53MB, paused 972us total 35.042ms
08-04 03:23:16.245 17989 17989 D ICU     : No timezone override file found: /data/misc/zoneinfo/current/icu/icu_tzdata.dat
08-04 03:23:16.278 17989 17989 I Radio-JNI: register_android_hardware_Radio DONE
08-04 03:23:16.300 17989 17989 D AndroidRuntime: Calling main entry com.android.commands.input.Input
08-04 03:23:16.302 17989 17989 I Input   : injectMotionEvent: MotionEvent { action=ACTION_DOWN, actionButton=0, id[0]=0, x[0]=1363.0, y[0]=517.0, toolType[0]=TOOL_TYPE_UNKNOWN, buttonState=0, metaState=0, flags=0x0, edgeFlags=0x0, pointerCount=1, historySize=0, eventTime=674612714, downTime=674612714, deviceId=0, source=0x1002 }
08-04 03:23:16.307 17989 17989 I Input   : injectMotionEvent: MotionEvent { action=ACTION_UP, actionButton=0, id[0]=0, x[0]=1363.0, y[0]=517.0, toolType[0]=TOOL_TYPE_UNKNOWN, buttonState=0, metaState=0, flags=0x0, edgeFlags=0x0, pointerCount=1, historySize=0, eventTime=674612714, downTime=674612714, deviceId=0, source=0x1002 }
08-04 03:23:16.309 17989 17989 D AndroidRuntime: Shutting down VM
08-04 03:23:16.314   512  2967 D audio_hw_primary: out_set_parameters: enter: usecase(1: low-latency-playback) kvpairs: routing=2
08-04 03:23:16.315   918  6110 I ActivityManager: START u0 {cmp=baseline.de.danoeh.antennapod.debug/baseline.de.danoeh.antennapod.activity.FeedSettingsActivity (has extras)} from uid 10670 on display 0
08-04 03:23:16.327   512  2967 D audio_hw_primary: select_devices: out_snd_device(2: speaker) in_snd_device(0: none)
08-04 03:23:16.327   512  2967 D msm8974_platform: platform_send_audio_calibration: sending audio calibration for snd_device(2) acdb_id(15)
08-04 03:23:16.327   512  2967 I soundtrigger: audio_extn_sound_trigger_update_device_status: device 0x2 of type 0 for Event 1
08-04 03:23:16.339   512  2967 D audio_hw_primary: enable_snd_device: snd_device(2: speaker)
08-04 03:23:16.342   512  2967 D audio_hw_primary: enable_audio_route: apply and update mixer path: low-latency-playback speaker
08-04 03:23:16.478 15503 15530 I art     : Starting a blocking GC Explicit
08-04 03:23:16.502 15503 16035 D DBReader: getFeed() called with: feedId = [2]
08-04 03:23:16.503 15503 16035 D DBReader: getFeedItemList() called with: feed = [baseline.de.danoeh.antennapod.core.feed.Feed@2]
08-04 03:23:16.526 15503 15530 I art     : Explicit concurrent mark sweep GC freed 49700(2MB) AllocSpace objects, 1(20KB) LOS objects, 28% free, 39MB/55MB, paused 1.768ms total 47.452ms
08-04 03:23:16.539 15503 15530 I art     : Starting a blocking GC Explicit
08-04 03:23:16.583 15503 15530 I art     : Explicit concurrent mark sweep GC freed 3897(181KB) AllocSpace objects, 0(0B) LOS objects, 28% free, 41MB/57MB, paused 1.742ms total 44.230ms
08-04 03:23:16.589 15503 16035 W PodDBAdapter: Length of id array is larger than 800. Creating multiple cursors
08-04 03:23:16.595 15503 15530 I art     : Starting a blocking GC Explicit
08-04 03:23:16.617 13866 13866 I GoogleInputMethodServic: GoogleInputMethodService.onFinishInput():3138 
08-04 03:23:16.617   918   936 I ActivityManager: Displayed baseline.de.danoeh.antennapod.debug/baseline.de.danoeh.antennapod.activity.FeedSettingsActivity: +290ms
08-04 03:23:16.618 13866 13866 I GoogleInputMethodServic: GoogleInputMethodService.onStartInput():1808 
08-04 03:23:16.641 15503 15530 I art     : Explicit concurrent mark sweep GC freed 3261(245KB) AllocSpace objects, 1(16KB) LOS objects, 27% free, 41MB/57MB, paused 1.423ms total 46.125ms
08-04 03:23:16.651 15503 15529 D OpenGLRenderer: endAllStagingAnimators on 0x7f7f31d000 (RippleDrawable) with handle 0x7f79c75fc0
08-04 03:23:16.655 15503 15530 I art     : Starting a blocking GC Explicit
08-04 03:23:16.663 15503 16439 D ApOkHttpUrlLoader: buildLoadData() called with: model = [http://static.libsyn.com/p/assets/7/1/f/3/71f3014e14ef2722/JREiTunesImage2.jpg], width = [1440], height = [462]
08-04 03:23:16.667 13866 13866 I GoogleInputMethodServic: GoogleInputMethodService.onStartInput():1808 
08-04 03:23:16.667 13866 13866 W SessionManager: SessionManager.beginSession():53 Try to begin an already begun session [INPUT_SESSION], end it first
08-04 03:23:16.676 13866 13866 I ShortcutsDataManager: ShortcutsDataManager.onContentChanged():89 onContentChanged()
08-04 03:23:16.677 15503 15503 D FeedSettingsActivity: No filter set
08-04 03:23:16.685   918  5132 W IntentResolver: resolveIntent: multiple matches, only some with CATEGORY_DEFAULT
08-04 03:23:16.700 15503 15530 I art     : Explicit concurrent mark sweep GC freed 6430(182KB) AllocSpace objects, 0(0B) LOS objects, 27% free, 42MB/58MB, paused 1.406ms total 45.398ms
08-04 03:23:16.713 15503 15530 I art     : Starting a blocking GC Explicit
08-04 03:23:16.755 15503 15530 I art     : Explicit concurrent mark sweep GC freed 2027(88KB) AllocSpace objects, 1(16KB) LOS objects, 27% free, 41MB/57MB, paused 951us total 41.819ms
08-04 03:23:16.845   380   380 W SurfaceFlinger: couldn't log to binary event log: overflow.
08-04 03:23:16.888   512  2967 D audio_hw_primary: disable_audio_route: reset and update mixer path: low-latency-playback speaker
08-04 03:23:16.889   512  2967 D audio_hw_primary: disable_snd_device: snd_device(2: speaker)
08-04 03:23:16.898   512  2967 I soundtrigger: audio_extn_sound_trigger_update_device_status: device 0x2 of type 0 for Event 0
08-04 03:23:16.992 15503 15503 D PlaybackController: Releasing PlaybackController
08-04 03:23:17.035 15503 15519 I art     : Starting a blocking GC Explicit
08-04 03:23:17.082 15503 15519 I art     : Explicit concurrent mark sweep GC freed 1960(111KB) AllocSpace objects, 1(20KB) LOS objects, 27% free, 41MB/57MB, paused 1.129ms total 46.644ms
08-04 03:23:17.094 15503 15519 I art     : Starting a blocking GC Explicit
08-04 03:23:17.140 15503 15519 I art     : Explicit concurrent mark sweep GC freed 93(3KB) AllocSpace objects, 0(0B) LOS objects, 27% free, 41MB/57MB, paused 1.073ms total 45.339ms
08-04 03:23:17.153 15503 15519 I art     : Starting a blocking GC Explicit
08-04 03:23:17.198 15503 15519 I art     : Explicit concurrent mark sweep GC freed 42(1744B) AllocSpace objects, 0(0B) LOS objects, 27% free, 41MB/57MB, paused 1.491ms total 45.545ms
08-04 03:23:17.212 15503 15519 I art     : Starting a blocking GC Explicit
08-04 03:23:17.259 15503 15519 I art     : Explicit concurrent mark sweep GC freed 30(1264B) AllocSpace objects, 0(0B) LOS objects, 27% free, 41MB/57MB, paused 1.079ms total 47.212ms
08-04 03:23:17.272 15503 15519 I art     : Starting a blocking GC Explicit
08-04 03:23:17.320 15503 15519 I art     : Explicit concurrent mark sweep GC freed 5(160B) AllocSpace objects, 0(0B) LOS objects, 27% free, 41MB/57MB, paused 1.062ms total 48.007ms
08-04 03:23:17.596 15415 15415 I ServiceManager: Waiting for service AtCmdFwd...
08-04 03:23:17.633 15503 16044 I art     : Starting a blocking GC Explicit
08-04 03:23:17.699 15503 16044 I art     : Explicit concurrent mark sweep GC freed 1372(80KB) AllocSpace objects, 1(20KB) LOS objects, 27% free, 41MB/57MB, paused 1.252ms total 65.353ms
08-04 03:23:17.714 15503 16044 I art     : Starting a blocking GC Explicit
08-04 03:23:17.758 15503 16044 I art     : Explicit concurrent mark sweep GC freed 23(752B) AllocSpace objects, 0(0B) LOS objects, 27% free, 41MB/57MB, paused 1.117ms total 43.991ms
08-04 03:23:17.771 15503 16044 I art     : Starting a blocking GC Explicit
08-04 03:23:17.821 15503 16044 I art     : Explicit concurrent mark sweep GC freed 3(96B) AllocSpace objects, 0(0B) LOS objects, 27% free, 41MB/57MB, paused 1.096ms total 49.066ms
08-04 03:23:17.834 15503 16044 I art     : Starting a blocking GC Explicit
08-04 03:23:17.883 15503 16044 I art     : Explicit concurrent mark sweep GC freed 3(96B) AllocSpace objects, 0(0B) LOS objects, 27% free, 41MB/57MB, paused 1.081ms total 48.896ms
08-04 03:23:17.897 15503 16044 I art     : Starting a blocking GC Explicit
08-04 03:23:17.947 15503 16044 I art     : Explicit concurrent mark sweep GC freed 3(96B) AllocSpace objects, 0(0B) LOS objects, 27% free, 41MB/57MB, paused 1.273ms total 50.237ms
08-04 03:23:18.297 15503 15519 I art     : Starting a blocking GC Explicit
08-04 03:23:18.347 15503 15519 I art     : Explicit concurrent mark sweep GC freed 1450(82KB) AllocSpace objects, 1(20KB) LOS objects, 27% free, 41MB/57MB, paused 963us total 50.246ms
08-04 03:23:18.361 15503 15519 I art     : Starting a blocking GC Explicit
08-04 03:23:18.404 15503 15519 I art     : Explicit concurrent mark sweep GC freed 31(1008B) AllocSpace objects, 0(0B) LOS objects, 27% free, 41MB/57MB, paused 970us total 42.674ms
08-04 03:23:18.418 15503 15519 I art     : Starting a blocking GC Explicit
08-04 03:23:18.464 15503 15519 I art     : Explicit concurrent mark sweep GC freed 3(96B) AllocSpace objects, 0(0B) LOS objects, 27% free, 41MB/57MB, paused 1.056ms total 46.106ms
08-04 03:23:18.478 15503 15519 I art     : Starting a blocking GC Explicit
08-04 03:23:18.526 15503 15519 I art     : Explicit concurrent mark sweep GC freed 3(96B) AllocSpace objects, 0(0B) LOS objects, 27% free, 41MB/57MB, paused 1.096ms total 47.926ms
08-04 03:23:18.539 15503 15519 I art     : Starting a blocking GC Explicit
08-04 03:23:18.590 15503 15519 I art     : Explicit concurrent mark sweep GC freed 3(96B) AllocSpace objects, 0(0B) LOS objects, 27% free, 41MB/57MB, paused 1.120ms total 49.834ms
08-04 03:23:18.597 15415 15415 I ServiceManager: Waiting for service AtCmdFwd...
08-04 03:23:18.948 15503 15515 I art     : Starting a blocking GC Explicit
08-04 03:23:19.014 15503 15515 I art     : Explicit concurrent mark sweep GC freed 1373(82KB) AllocSpace objects, 1(20KB) LOS objects, 27% free, 41MB/57MB, paused 1.441ms total 64.908ms
08-04 03:23:19.032 15503 15515 I art     : Starting a blocking GC Explicit
08-04 03:23:19.081 15503 15515 I art     : Explicit concurrent mark sweep GC freed 52(1536B) AllocSpace objects, 0(0B) LOS objects, 27% free, 41MB/57MB, paused 1.091ms total 49.364ms
08-04 03:23:19.095 15503 15515 I art     : Starting a blocking GC Explicit
08-04 03:23:19.140 15503 15515 I art     : Explicit concurrent mark sweep GC freed 3(96B) AllocSpace objects, 0(0B) LOS objects, 27% free, 41MB/57MB, paused 1.049ms total 44.349ms
08-04 03:23:19.152 15503 15515 I art     : Starting a blocking GC Explicit
08-04 03:23:19.202 15503 15515 I art     : Explicit concurrent mark sweep GC freed 3(96B) AllocSpace objects, 0(0B) LOS objects, 27% free, 41MB/57MB, paused 1.079ms total 49.049ms
08-04 03:23:19.215 15503 15515 I art     : Starting a blocking GC Explicit
08-04 03:23:19.259 15503 15515 I art     : Explicit concurrent mark sweep GC freed 3(96B) AllocSpace objects, 0(0B) LOS objects, 27% free, 41MB/57MB, paused 1.043ms total 43.059ms
08-04 03:23:19.597 15415 15415 I ServiceManager: Waiting for service AtCmdFwd...
08-04 03:23:19.605 15503 16044 I art     : Starting a blocking GC Explicit
08-04 03:23:19.668 15503 16044 I art     : Explicit concurrent mark sweep GC freed 1373(81KB) AllocSpace objects, 1(20KB) LOS objects, 27% free, 41MB/57MB, paused 1.170ms total 63.013ms
08-04 03:23:19.687 15503 16044 I art     : Starting a blocking GC Explicit
08-04 03:23:19.735 15503 16044 I art     : Explicit concurrent mark sweep GC freed 23(752B) AllocSpace objects, 0(0B) LOS objects, 27% free, 41MB/57MB, paused 1.104ms total 47.985ms
08-04 03:23:19.748 15503 16044 I art     : Starting a blocking GC Explicit
08-04 03:23:19.798 15503 16044 I art     : Explicit concurrent mark sweep GC freed 3(96B) AllocSpace objects, 0(0B) LOS objects, 27% free, 41MB/57MB, paused 1.133ms total 49.104ms
08-04 03:23:19.811 15503 16044 I art     : Starting a blocking GC Explicit
08-04 03:23:19.860 15503 16044 I art     : Explicit concurrent mark sweep GC freed 3(96B) AllocSpace objects, 0(0B) LOS objects, 27% free, 41MB/57MB, paused 1.076ms total 48.607ms
08-04 03:23:19.873 15503 16044 I art     : Starting a blocking GC Explicit
08-04 03:23:19.922 15503 16044 I art     : Explicit concurrent mark sweep GC freed 3(96B) AllocSpace objects, 0(0B) LOS objects, 27% free, 41MB/57MB, paused 1.128ms total 48.921ms
08-04 03:23:20.271 15503 16045 I art     : Starting a blocking GC Explicit
08-04 03:23:20.323 15503 16045 I art     : Explicit concurrent mark sweep GC freed 2104(107KB) AllocSpace objects, 1(20KB) LOS objects, 27% free, 41MB/57MB, paused 1.088ms total 52.097ms
08-04 03:23:20.337 15503 16045 I art     : Starting a blocking GC Explicit
08-04 03:23:20.384 15503 16045 I art     : Explicit concurrent mark sweep GC freed 23(752B) AllocSpace objects, 0(0B) LOS objects, 27% free, 41MB/57MB, paused 1.034ms total 46.792ms
08-04 03:23:20.397 15503 16045 I art     : Starting a blocking GC Explicit
08-04 03:23:20.445 15503 16045 I art     : Explicit concurrent mark sweep GC freed 3(96B) AllocSpace objects, 0(0B) LOS objects, 27% free, 41MB/57MB, paused 1.067ms total 48.021ms
08-04 03:23:20.459 15503 16045 I art     : Starting a blocking GC Explicit
08-04 03:23:20.508 15503 16045 I art     : Explicit concurrent mark sweep GC freed 3(96B) AllocSpace objects, 0(0B) LOS objects, 27% free, 41MB/57MB, paused 1.107ms total 49.060ms
08-04 03:23:20.522 15503 16045 I art     : Starting a blocking GC Explicit
08-04 03:23:20.570 15503 16045 I art     : Explicit concurrent mark sweep GC freed 3(96B) AllocSpace objects, 0(0B) LOS objects, 27% free, 41MB/57MB, paused 1.064ms total 47.612ms
08-04 03:23:20.598 15415 15415 I ServiceManager: Waiting for service AtCmdFwd...
08-04 03:23:20.890 15503 15519 I art     : Starting a blocking GC Explicit
08-04 03:23:20.945 15503 15519 I art     : Explicit concurrent mark sweep GC freed 2261(112KB) AllocSpace objects, 1(20KB) LOS objects, 27% free, 41MB/57MB, paused 1.113ms total 54.242ms
08-04 03:23:20.958 15503 15519 I art     : Starting a blocking GC Explicit
08-04 03:23:20.981 18113 18113 D AndroidRuntime: >>>>>> START com.android.internal.os.RuntimeInit uid 2000 <<<<<<
08-04 03:23:20.986 18113 18113 D AndroidRuntime: CheckJNI is OFF
08-04 03:23:21.005 15503 15519 I art     : Explicit concurrent mark sweep GC freed 23(752B) AllocSpace objects, 0(0B) LOS objects, 27% free, 41MB/57MB, paused 1.080ms total 46.151ms
08-04 03:23:21.017 15503 15519 I art     : Starting a blocking GC Explicit
08-04 03:23:21.024 18113 18113 D ICU     : No timezone override file found: /data/misc/zoneinfo/current/icu/icu_tzdata.dat
08-04 03:23:21.059 18113 18113 I Radio-JNI: register_android_hardware_Radio DONE
08-04 03:23:21.063 15503 15519 I art     : Explicit concurrent mark sweep GC freed 32(880B) AllocSpace objects, 0(0B) LOS objects, 27% free, 41MB/57MB, paused 1.105ms total 45.439ms
08-04 03:23:21.075 15503 15519 I art     : Starting a blocking GC Explicit
08-04 03:23:21.081 18113 18113 D AndroidRuntime: Calling main entry com.android.commands.input.Input
08-04 03:23:21.082 18113 18113 I Input   : injectKeyEvent: KeyEvent { action=ACTION_DOWN, keyCode=KEYCODE_BACK, scanCode=0, metaState=0, flags=0x0, repeatCount=0, eventTime=674617496, downTime=674617496, deviceId=-1, source=0x101 }
08-04 03:23:21.093 18113 18113 I Input   : injectKeyEvent: KeyEvent { action=ACTION_UP, keyCode=KEYCODE_BACK, scanCode=0, metaState=0, flags=0x0, repeatCount=0, eventTime=674617496, downTime=674617496, deviceId=-1, source=0x101 }
08-04 03:23:21.100 18113 18113 D AndroidRuntime: Shutting down VM
08-04 03:23:21.106 15503 15503 V PlaybackController: initServiceNotRunning()
08-04 03:23:21.106 15503 15503 D ExternalPlayerFragment: Loading media info
08-04 03:23:21.108 15503 15503 D ItemlistFragment: onEventMainThread() called with: event = [DownloadEvent{update=DownloaderUpdate{downloaders=[], feedIds=[], mediaIds=[]}}]
08-04 03:23:21.109 15503 16439 D ApOkHttpUrlLoader: buildLoadData() called with: model = [http://static.libsyn.com/p/assets/7/1/f/3/71f3014e14ef2722/JREiTunesImage2.jpg], width = [1440], height = [462]
08-04 03:23:21.111 15503 15503 D UserPreferences: Using default data folder
08-04 03:23:21.112 15503 16035 D DBReader: getNavDrawerData() called with: 
08-04 03:23:21.117 15503 15535 D DBReader: getFeed() called with: feedId = [2]
08-04 03:23:21.122 15503 15519 I art     : Explicit concurrent mark sweep GC freed 471(32KB) AllocSpace objects, 0(0B) LOS objects, 26% free, 44MB/60MB, paused 1.887ms total 46.929ms
08-04 03:23:21.127 15503 15535 D DBReader: getFeedItemList() called with: feed = [baseline.de.danoeh.antennapod.core.feed.Feed@2]
08-04 03:23:21.129 15503 15503 D FeedMenuHandler: Preparing options menu
08-04 03:23:21.135 15503 15519 I art     : Starting a blocking GC Explicit
08-04 03:23:21.142 15503 16035 D DBReader: getDownloadedItems() called
08-04 03:23:21.143 15503 16035 D DBReader: getFavoriteIDList() called
08-04 03:23:21.144 15503 16035 D DBReader: getQueueIDList() called
08-04 03:23:21.144 15503 16035 D DBReader: Extracting Feedlist
08-04 03:23:21.171 15503 15503 D MainActivity: getLastNavFragment() -> 2
08-04 03:23:21.171 13866 13866 I GoogleInputMethodServic: GoogleInputMethodService.onFinishInput():3138 
08-04 03:23:21.171 13866 13866 I GoogleInputMethodServic: GoogleInputMethodService.onStartInput():1808 
08-04 03:23:21.172 13866 13866 I ShortcutsDataManager: AbstractContentDataManager.startImportContentTask():208 startImportContentTask()
08-04 03:23:21.173 13866 13938 I ShortcutsDataManager: AbstractContentDataManager$ImportContentTask.doInBackground():222 doInBackground()
08-04 03:23:21.173 13866 13938 I PersonalDictionaryDataH: PersonalDictionaryDataHandler.beginProcess():111 LanguageTags = [en-US]
08-04 03:23:21.183 13866 13938 I ShortcutsDataManager: AbstractContentDataManager.importRecords():312 importRecords() : Success : Count = 0
08-04 03:23:21.185 15503 15519 I art     : Explicit concurrent mark sweep GC freed 2789(114KB) AllocSpace objects, 0(0B) LOS objects, 25% free, 45MB/61MB, paused 1.945ms total 49.530ms
08-04 03:23:21.188 13866 13938 I ShortcutsDataManager: AbstractContentDataManager.importContentData():262 importContentData() : Ending import process
08-04 03:23:21.206 15503 15535 W PodDBAdapter: Length of id array is larger than 800. Creating multiple cursors
08-04 03:23:21.216 13866 13938 I PersonalLanguageModelUp: PersonalLanguageModelUpdater$UpdateOperation.performInternal():160 run() : Added 0 words and 0 shortcuts
08-04 03:23:21.216 13866 13938 I DynamicLanguageModelOpe: DynamicLanguageModelOperation.perform():37 perform() : 4 : coc : Completed
08-04 03:23:21.217 13866 13950 I Delight5Decoder: Delight5DecoderWrapper.loadLanguageModel():578 loadLanguageModel() : 4, version [n/a]
08-04 03:23:21.217 13866 13866 I ShortcutsDataManager: AbstractContentDataManager$ImportContentTask.onPostExecute():233 onPostExecute() : Result = [2,0]
08-04 03:23:21.217 13866 13866 I ShortcutsDataManager: ShortcutsDataManager.onImportFinished():99 onImportFinished() : Result = 2 : Count = 0
08-04 03:23:21.218 13866 13950 I Delight5Decoder: Delight5DecoderWrapper.loadLanguageModel():616 Loaded dynamic LM 4.en
08-04 03:23:21.272 15503 15535 D DBReader: getFavoriteIDList() called
08-04 03:23:21.273 15503 15535 D DBReader: getQueueIDList() called
08-04 03:23:21.274 15503 15535 D DBReader: Extracting Feedlist
08-04 03:23:21.276 15503 16439 D ApOkHttpUrlLoader: buildLoadData() called with: model = [http://static.libsyn.com/p/assets/7/1/f/3/71f3014e14ef2722/JREiTunesImage2.jpg], width = [1440], height = [462]
08-04 03:23:21.290 15503 15503 D FeedMenuHandler: Preparing options menu
08-04 03:23:21.465 15503 16045 I art     : Starting a blocking GC Explicit
08-04 03:23:21.500   380   380 W SurfaceFlinger: couldn't log to binary event log: overflow.
08-04 03:23:21.524 15503 16045 I art     : Explicit concurrent mark sweep GC freed 39809(2MB) AllocSpace objects, 3(52KB) LOS objects, 25% free, 47MB/63MB, paused 1.385ms total 58.723ms
08-04 03:23:21.536 15503 16045 I art     : Starting a blocking GC Explicit
08-04 03:23:21.578 15503 16045 I art     : Explicit concurrent mark sweep GC freed 1953(129KB) AllocSpace objects, 0(0B) LOS objects, 25% free, 47MB/63MB, paused 967us total 41.709ms
08-04 03:23:21.590 15503 16045 I art     : Starting a blocking GC Explicit
08-04 03:23:21.598 15415 15415 I ServiceManager: Waiting for service AtCmdFwd...
08-04 03:23:21.629 15503 16045 I art     : Explicit concurrent mark sweep GC freed 34743(2MB) AllocSpace objects, 44(2MB) LOS objects, 27% free, 42MB/58MB, paused 1.255ms total 39.381ms
08-04 03:23:21.641 15503 16045 I art     : Starting a blocking GC Explicit
08-04 03:23:21.679 15503 16045 I art     : Explicit concurrent mark sweep GC freed 3(96B) AllocSpace objects, 0(0B) LOS objects, 27% free, 42MB/58MB, paused 1.106ms total 37.893ms
08-04 03:23:21.690 15503 16045 I art     : Starting a blocking GC Explicit
08-04 03:23:21.729 15503 16045 I art     : Explicit concurrent mark sweep GC freed 3(96B) AllocSpace objects, 0(0B) LOS objects, 27% free, 42MB/58MB, paused 1.086ms total 38.353ms
08-04 03:23:22.029 15503 15530 I art     : Starting a blocking GC Explicit
08-04 03:23:22.081 15503 15530 I art     : Explicit concurrent mark sweep GC freed 1403(82KB) AllocSpace objects, 1(20KB) LOS objects, 27% free, 42MB/58MB, paused 1.183ms total 51.703ms
08-04 03:23:22.097 15503 15530 I art     : Starting a blocking GC Explicit
08-04 03:23:22.135 15503 15530 I art     : Explicit concurrent mark sweep GC freed 23(752B) AllocSpace objects, 0(0B) LOS objects, 27% free, 42MB/58MB, paused 1.090ms total 38.120ms
08-04 03:23:22.147 15503 15530 I art     : Starting a blocking GC Explicit
08-04 03:23:22.185 15503 15530 I art     : Explicit concurrent mark sweep GC freed 3(96B) AllocSpace objects, 0(0B) LOS objects, 27% free, 42MB/58MB, paused 1.075ms total 38.076ms
08-04 03:23:22.197 15503 15530 I art     : Starting a blocking GC Explicit
08-04 03:23:22.236 15503 15530 I art     : Explicit concurrent mark sweep GC freed 3(96B) AllocSpace objects, 0(0B) LOS objects, 27% free, 42MB/58MB, paused 1.098ms total 39.010ms
08-04 03:23:22.248 15503 15530 I art     : Starting a blocking GC Explicit
08-04 03:23:22.287 15503 15530 I art     : Explicit concurrent mark sweep GC freed 3(96B) AllocSpace objects, 0(0B) LOS objects, 27% free, 42MB/58MB, paused 1.097ms total 39.001ms
08-04 03:23:22.565 15503 15515 I art     : Starting a blocking GC Explicit
08-04 03:23:22.599 15415 15415 W Atfwd_Sendcmd: AtCmdFwd service not published, waiting... retryCnt : 3
08-04 03:23:22.604 15503 15515 I art     : Explicit concurrent mark sweep GC freed 1373(82KB) AllocSpace objects, 1(20KB) LOS objects, 27% free, 42MB/58MB, paused 1.124ms total 38.809ms
08-04 03:23:22.616 15503 15515 I art     : Starting a blocking GC Explicit
08-04 03:23:22.653 15503 15515 I art     : Explicit concurrent mark sweep GC freed 23(752B) AllocSpace objects, 0(0B) LOS objects, 27% free, 42MB/58MB, paused 1.067ms total 37.023ms
08-04 03:23:22.664 15503 15515 I art     : Starting a blocking GC Explicit
08-04 03:23:22.701 15503 15515 I art     : Explicit concurrent mark sweep GC freed 3(96B) AllocSpace objects, 0(0B) LOS objects, 27% free, 42MB/58MB, paused 1.097ms total 36.519ms
08-04 03:23:22.712 15503 15515 I art     : Starting a blocking GC Explicit
08-04 03:23:22.748 15503 15515 I art     : Explicit concurrent mark sweep GC freed 3(96B) AllocSpace objects, 0(0B) LOS objects, 27% free, 42MB/58MB, paused 1.101ms total 36.358ms
08-04 03:23:22.760 15503 15515 I art     : Starting a blocking GC Explicit
08-04 03:23:22.768 18162 18162 D AndroidRuntime: >>>>>> START com.android.internal.os.RuntimeInit uid 2000 <<<<<<
08-04 03:23:22.774 18162 18162 D AndroidRuntime: CheckJNI is OFF
08-04 03:23:22.800 15503 15515 I art     : Explicit concurrent mark sweep GC freed 8(256B) AllocSpace objects, 0(0B) LOS objects, 27% free, 42MB/58MB, paused 1.053ms total 40.169ms
08-04 03:23:22.810 18162 18162 D ICU     : No timezone override file found: /data/misc/zoneinfo/current/icu/icu_tzdata.dat
08-04 03:23:22.840 18162 18162 I Radio-JNI: register_android_hardware_Radio DONE
08-04 03:23:22.861 18162 18162 D AndroidRuntime: Calling main entry com.android.commands.input.Input
08-04 03:23:22.862 18162 18162 I Input   : injectMotionEvent: MotionEvent { action=ACTION_DOWN, actionButton=0, id[0]=0, x[0]=1372.0, y[0]=384.0, toolType[0]=TOOL_TYPE_UNKNOWN, buttonState=0, metaState=0, flags=0x0, edgeFlags=0x0, pointerCount=1, historySize=0, eventTime=674619275, downTime=674619275, deviceId=0, source=0x1002 }
08-04 03:23:22.870 18162 18162 I Input   : injectMotionEvent: MotionEvent { action=ACTION_UP, actionButton=0, id[0]=0, x[0]=1372.0, y[0]=384.0, toolType[0]=TOOL_TYPE_UNKNOWN, buttonState=0, metaState=0, flags=0x0, edgeFlags=0x0, pointerCount=1, historySize=0, eventTime=674619275, downTime=674619275, deviceId=0, source=0x1002 }
08-04 03:23:22.872 18162 18162 D AndroidRuntime: Shutting down VM
08-04 03:23:22.886   918  6111 I ActivityManager: START u0 {cmp=baseline.de.danoeh.antennapod.debug/baseline.de.danoeh.antennapod.activity.FeedInfoActivity (has extras)} from uid 10670 on display 0
08-04 03:23:22.888   512  2967 D audio_hw_primary: out_set_parameters: enter: usecase(1: low-latency-playback) kvpairs: routing=2
08-04 03:23:22.901   512  2967 D audio_hw_primary: select_devices: out_snd_device(2: speaker) in_snd_device(0: none)
08-04 03:23:22.901   512  2967 D msm8974_platform: platform_send_audio_calibration: sending audio calibration for snd_device(2) acdb_id(15)
08-04 03:23:22.901   512  2967 I soundtrigger: audio_extn_sound_trigger_update_device_status: device 0x2 of type 0 for Event 1
08-04 03:23:22.912   512  2967 D audio_hw_primary: enable_snd_device: snd_device(2: speaker)
08-04 03:23:22.914   512  2967 D audio_hw_primary: enable_audio_route: apply and update mixer path: low-latency-playback speaker
08-04 03:23:22.944 15503 15528 D DBReader: getFeed() called with: feedId = [2]
08-04 03:23:22.945 15503 15528 D DBReader: getFeedItemList() called with: feed = [baseline.de.danoeh.antennapod.core.feed.Feed@2]
08-04 03:23:22.952 15503 15503 D androidx.gridlayout.widget.GridLayout: horizontal constraints: x2-x0>=1328, x2-x1<=0, x1-x0<=242 are inconsistent; permanently removing: x2-x1<=0. 
08-04 03:23:22.953 15503 15503 D androidx.gridlayout.widget.GridLayout: vertical constraints: y3-y2>=80, y3-y2<=66, y2-y1<=94, y1-y0<=94 are inconsistent; permanently removing: y3-y2<=66. 
08-04 03:23:23.017 15503 15528 W PodDBAdapter: Length of id array is larger than 800. Creating multiple cursors
08-04 03:23:23.028 13866 13866 I GoogleInputMethodServic: GoogleInputMethodService.onFinishInput():3138 
08-04 03:23:23.029   918   936 I ActivityManager: Displayed baseline.de.danoeh.antennapod.debug/baseline.de.danoeh.antennapod.activity.FeedInfoActivity: +126ms
08-04 03:23:23.030 13866 13866 I GoogleInputMethodServic: GoogleInputMethodService.onStartInput():1808 
08-04 03:23:23.072 15503 16045 I art     : Starting a blocking GC Explicit
08-04 03:23:23.074 15503 15529 D OpenGLRenderer: endAllStagingAnimators on 0x7f996fac00 (RippleDrawable) with handle 0x7f99ebac00
08-04 03:23:23.087 15503 15503 D FeedInfoActivity: Language is en
08-04 03:23:23.087 15503 15503 D FeedInfoActivity: Author is Joe Rogan
08-04 03:23:23.088 15503 15503 D FeedInfoActivity: URL is http://joeroganexp.joerogan.libsynpro.com/rss
08-04 03:23:23.090 15503 16439 D ApOkHttpUrlLoader: buildLoadData() called with: model = [http://static.libsyn.com/p/assets/7/1/f/3/71f3014e14ef2722/JREiTunesImage2.jpg], width = [1440], height = [462]
08-04 03:23:23.102   918  6111 W IntentResolver: resolveIntent: multiple matches, only some with CATEGORY_DEFAULT
08-04 03:23:23.108 15503 15503 D androidx.gridlayout.widget.GridLayout: horizontal constraints: x2-x0>=1328, x2-x1<=232, x1-x0<=242 are inconsistent; permanently removing: x2-x1<=232. 
08-04 03:23:23.109 15503 15503 D androidx.gridlayout.widget.GridLayout: vertical constraints: y3-y2>=80, y3-y2<=66, y2-y1<=94, y1-y0<=94 are inconsistent; permanently removing: y3-y2<=66. 
08-04 03:23:23.119 15503 16045 I art     : Explicit concurrent mark sweep GC freed 13877(589KB) AllocSpace objects, 2(36KB) LOS objects, 25% free, 47MB/63MB, paused 1.214ms total 46.611ms
08-04 03:23:23.131 15503 16045 I art     : Starting a blocking GC Explicit
08-04 03:23:23.171 15503 16045 I art     : Explicit concurrent mark sweep GC freed 1983(75KB) AllocSpace objects, 1(16KB) LOS objects, 25% free, 47MB/63MB, paused 971us total 39.807ms
08-04 03:23:23.182 15503 16045 I art     : Starting a blocking GC Explicit
08-04 03:23:23.222 15503 16045 I art     : Explicit concurrent mark sweep GC freed 221(18KB) AllocSpace objects, 0(0B) LOS objects, 25% free, 47MB/63MB, paused 963us total 39.543ms
08-04 03:23:23.234 15503 16045 I art     : Starting a blocking GC Explicit
08-04 03:23:23.269   380   380 W SurfaceFlinger: couldn't log to binary event log: overflow.
08-04 03:23:23.274 15503 16045 I art     : Explicit concurrent mark sweep GC freed 3(96B) AllocSpace objects, 0(0B) LOS objects, 25% free, 47MB/63MB, paused 957us total 39.627ms
08-04 03:23:23.286 15503 16045 I art     : Starting a blocking GC Explicit
08-04 03:23:23.325 15503 16045 I art     : Explicit concurrent mark sweep GC freed 3(96B) AllocSpace objects, 0(0B) LOS objects, 25% free, 47MB/63MB, paused 956us total 38.854ms
08-04 03:23:23.412 15503 15503 D PlaybackController: Releasing PlaybackController
08-04 03:23:23.449   512  2967 D audio_hw_primary: disable_audio_route: reset and update mixer path: low-latency-playback speaker
08-04 03:23:23.449   512  2967 D audio_hw_primary: disable_snd_device: snd_device(2: speaker)
08-04 03:23:23.457   512  2967 I soundtrigger: audio_extn_sound_trigger_update_device_status: device 0x2 of type 0 for Event 0
08-04 03:23:23.627 15503 15530 I art     : Starting a blocking GC Explicit
08-04 03:23:23.675 15503 15530 I art     : Explicit concurrent mark sweep GC freed 1718(99KB) AllocSpace objects, 1(20KB) LOS objects, 25% free, 47MB/63MB, paused 1.085ms total 48.086ms
08-04 03:23:23.689 15503 15530 I art     : Starting a blocking GC Explicit
08-04 03:23:23.738 15503 15530 I art     : Explicit concurrent mark sweep GC freed 55(1808B) AllocSpace objects, 0(0B) LOS objects, 25% free, 47MB/63MB, paused 1.137ms total 49.206ms
08-04 03:23:23.752 15503 15530 I art     : Starting a blocking GC Explicit
08-04 03:23:23.800 15503 15530 I art     : Explicit concurrent mark sweep GC freed 3(96B) AllocSpace objects, 0(0B) LOS objects, 25% free, 47MB/63MB, paused 1.101ms total 47.829ms
08-04 03:23:23.813 15503 15530 I art     : Starting a blocking GC Explicit
08-04 03:23:23.861 15503 15530 I art     : Explicit concurrent mark sweep GC freed 3(96B) AllocSpace objects, 0(0B) LOS objects, 25% free, 47MB/63MB, paused 1.106ms total 47.883ms
08-04 03:23:23.874 15503 15530 I art     : Starting a blocking GC Explicit
08-04 03:23:23.923 15503 15530 I art     : Explicit concurrent mark sweep GC freed 3(96B) AllocSpace objects, 0(0B) LOS objects, 25% free, 47MB/63MB, paused 1.094ms total 48.726ms
08-04 03:23:24.243 15503 15515 I art     : Starting a blocking GC Explicit
08-04 03:23:24.306 15503 15515 I art     : Explicit concurrent mark sweep GC freed 1401(81KB) AllocSpace objects, 1(20KB) LOS objects, 25% free, 47MB/63MB, paused 1.201ms total 62.661ms
08-04 03:23:24.326 15503 15515 I art     : Starting a blocking GC Explicit
08-04 03:23:24.372 15503 15515 I art     : Explicit concurrent mark sweep GC freed 23(752B) AllocSpace objects, 0(0B) LOS objects, 25% free, 47MB/63MB, paused 1.097ms total 45.562ms
08-04 03:23:24.386 15503 15515 I art     : Starting a blocking GC Explicit
08-04 03:23:24.434 15503 15515 I art     : Explicit concurrent mark sweep GC freed 3(96B) AllocSpace objects, 0(0B) LOS objects, 25% free, 47MB/63MB, paused 1.203ms total 47.827ms
08-04 03:23:24.447 15503 15515 I art     : Starting a blocking GC Explicit
08-04 03:23:24.495 15503 15515 I art     : Explicit concurrent mark sweep GC freed 3(96B) AllocSpace objects, 0(0B) LOS objects, 25% free, 47MB/63MB, paused 1.088ms total 47.628ms
08-04 03:23:24.509 15503 15515 I art     : Starting a blocking GC Explicit
08-04 03:23:24.555 15503 15515 I art     : Explicit concurrent mark sweep GC freed 4(128B) AllocSpace objects, 0(0B) LOS objects, 25% free, 47MB/63MB, paused 995us total 46.554ms
08-04 03:23:24.885 15503 15519 I art     : Starting a blocking GC Explicit
08-04 03:23:24.934 15503 15519 I art     : Explicit concurrent mark sweep GC freed 1400(81KB) AllocSpace objects, 1(20KB) LOS objects, 25% free, 47MB/63MB, paused 1.099ms total 49.002ms
08-04 03:23:24.951 15503 15519 I art     : Starting a blocking GC Explicit
08-04 03:23:24.996 15503 15519 I art     : Explicit concurrent mark sweep GC freed 23(752B) AllocSpace objects, 0(0B) LOS objects, 25% free, 47MB/63MB, paused 1.068ms total 45.112ms
08-04 03:23:25.009 15503 15519 I art     : Starting a blocking GC Explicit
08-04 03:23:25.054 15503 15519 I art     : Explicit concurrent mark sweep GC freed 32(880B) AllocSpace objects, 0(0B) LOS objects, 25% free, 47MB/63MB, paused 1.094ms total 45.244ms
08-04 03:23:25.067 15503 15519 I art     : Starting a blocking GC Explicit
08-04 03:23:25.116 15503 15519 I art     : Explicit concurrent mark sweep GC freed 3(96B) AllocSpace objects, 0(0B) LOS objects, 25% free, 47MB/63MB, paused 1.091ms total 47.864ms
08-04 03:23:25.129 15503 15519 I art     : Starting a blocking GC Explicit
08-04 03:23:25.175 15503 15519 I art     : Explicit concurrent mark sweep GC freed 3(96B) AllocSpace objects, 0(0B) LOS objects, 25% free, 47MB/63MB, paused 1.058ms total 46.140ms
08-04 03:23:25.524 15503 16045 I art     : Starting a blocking GC Explicit
08-04 03:23:25.588 15503 16045 I art     : Explicit concurrent mark sweep GC freed 1373(82KB) AllocSpace objects, 1(20KB) LOS objects, 25% free, 47MB/63MB, paused 1.453ms total 63.709ms
08-04 03:23:25.609 15503 16045 I art     : Starting a blocking GC Explicit
08-04 03:23:25.655 15503 16045 I art     : Explicit concurrent mark sweep GC freed 23(752B) AllocSpace objects, 0(0B) LOS objects, 25% free, 47MB/63MB, paused 1.123ms total 45.681ms
08-04 03:23:25.668 15503 16045 I art     : Starting a blocking GC Explicit
08-04 03:23:25.717 15503 16045 I art     : Explicit concurrent mark sweep GC freed 3(96B) AllocSpace objects, 0(0B) LOS objects, 25% free, 47MB/63MB, paused 1.239ms total 48.844ms
08-04 03:23:25.731 15503 16045 I art     : Starting a blocking GC Explicit
08-04 03:23:25.779 15503 16045 I art     : Explicit concurrent mark sweep GC freed 3(96B) AllocSpace objects, 0(0B) LOS objects, 25% free, 47MB/63MB, paused 1.099ms total 47.961ms
08-04 03:23:25.792 15503 16045 I art     : Starting a blocking GC Explicit
08-04 03:23:25.841 15503 16045 I art     : Explicit concurrent mark sweep GC freed 3(96B) AllocSpace objects, 0(0B) LOS objects, 25% free, 47MB/63MB, paused 1.212ms total 48.744ms
08-04 03:23:26.184 15503 15530 I art     : Starting a blocking GC Explicit
08-04 03:23:26.241 15503 15530 I art     : Explicit concurrent mark sweep GC freed 1402(82KB) AllocSpace objects, 1(20KB) LOS objects, 25% free, 47MB/63MB, paused 1.070ms total 57.321ms
08-04 03:23:26.254 15503 15530 I art     : Starting a blocking GC Explicit
08-04 03:23:26.301 15503 15530 I art     : Explicit concurrent mark sweep GC freed 23(752B) AllocSpace objects, 0(0B) LOS objects, 25% free, 47MB/63MB, paused 1.068ms total 46.839ms
08-04 03:23:26.314 15503 15530 I art     : Starting a blocking GC Explicit
08-04 03:23:26.363 15503 15530 I art     : Explicit concurrent mark sweep GC freed 3(96B) AllocSpace objects, 0(0B) LOS objects, 25% free, 47MB/63MB, paused 1.094ms total 48.829ms
08-04 03:23:26.377 15503 15530 I art     : Starting a blocking GC Explicit
08-04 03:23:26.425 15503 15530 I art     : Explicit concurrent mark sweep GC freed 3(96B) AllocSpace objects, 0(0B) LOS objects, 25% free, 47MB/63MB, paused 1.076ms total 47.923ms
08-04 03:23:26.438 15503 15530 I art     : Starting a blocking GC Explicit
08-04 03:23:26.487 15503 15530 I art     : Explicit concurrent mark sweep GC freed 3(96B) AllocSpace objects, 0(0B) LOS objects, 25% free, 47MB/63MB, paused 1.088ms total 48.082ms
08-04 03:23:26.788 15503 16044 I art     : Starting a blocking GC Explicit
08-04 03:23:26.833 15503 16044 I art     : Explicit concurrent mark sweep GC freed 2075(106KB) AllocSpace objects, 1(20KB) LOS objects, 25% free, 47MB/63MB, paused 1.061ms total 44.768ms
08-04 03:23:26.846 15503 16044 I art     : Starting a blocking GC Explicit
08-04 03:23:26.893 15503 16044 I art     : Explicit concurrent mark sweep GC freed 23(752B) AllocSpace objects, 0(0B) LOS objects, 25% free, 47MB/63MB, paused 1.086ms total 46.410ms
08-04 03:23:26.906 15503 16044 I art     : Starting a blocking GC Explicit
08-04 03:23:26.955 15503 16044 I art     : Explicit concurrent mark sweep GC freed 7(256B) AllocSpace objects, 0(0B) LOS objects, 25% free, 47MB/63MB, paused 1.115ms total 48.708ms
08-04 03:23:26.969 15503 16044 I art     : Starting a blocking GC Explicit
08-04 03:23:27.017 15503 16044 I art     : Explicit concurrent mark sweep GC freed 3(96B) AllocSpace objects, 0(0B) LOS objects, 25% free, 47MB/63MB, paused 1.194ms total 48.219ms
08-04 03:23:27.031 15503 16044 I art     : Starting a blocking GC Explicit
08-04 03:23:27.079 15503 16044 I art     : Explicit concurrent mark sweep GC freed 32(880B) AllocSpace objects, 0(0B) LOS objects, 25% free, 47MB/63MB, paused 1.138ms total 47.547ms
08-04 03:23:27.364 15503 15519 I art     : Starting a blocking GC Explicit
08-04 03:23:27.411 15503 15519 I art     : Explicit concurrent mark sweep GC freed 2261(112KB) AllocSpace objects, 1(20KB) LOS objects, 25% free, 47MB/63MB, paused 1.118ms total 47.700ms
08-04 03:23:27.425 15503 15519 I art     : Starting a blocking GC Explicit
08-04 03:23:27.469 15503 15519 I art     : Explicit concurrent mark sweep GC freed 23(752B) AllocSpace objects, 0(0B) LOS objects, 25% free, 47MB/63MB, paused 1.079ms total 43.667ms
08-04 03:23:27.482 15503 15519 I art     : Starting a blocking GC Explicit
08-04 03:23:27.528 15503 15519 I art     : Explicit concurrent mark sweep GC freed 3(96B) AllocSpace objects, 0(0B) LOS objects, 25% free, 47MB/63MB, paused 1.137ms total 46.013ms
08-04 03:23:27.541 15503 15519 I art     : Starting a blocking GC Explicit
08-04 03:23:27.565 18279 18279 D AndroidRuntime: >>>>>> START com.android.internal.os.RuntimeInit uid 2000 <<<<<<
08-04 03:23:27.569 18279 18279 D AndroidRuntime: CheckJNI is OFF
08-04 03:23:27.585 15503 15519 I art     : Explicit concurrent mark sweep GC freed 3(96B) AllocSpace objects, 0(0B) LOS objects, 25% free, 47MB/63MB, paused 1.063ms total 43.770ms
08-04 03:23:27.598 15503 15519 I art     : Starting a blocking GC Explicit
08-04 03:23:27.605 18279 18279 D ICU     : No timezone override file found: /data/misc/zoneinfo/current/icu/icu_tzdata.dat
08-04 03:23:27.636 18279 18279 I Radio-JNI: register_android_hardware_Radio DONE
08-04 03:23:27.638 15503 15519 I art     : Explicit concurrent mark sweep GC freed 3(96B) AllocSpace objects, 0(0B) LOS objects, 25% free, 47MB/63MB, paused 1.155ms total 39.894ms
08-04 03:23:27.659 18279 18279 D AndroidRuntime: Calling main entry com.android.commands.input.Input
08-04 03:23:27.660 18279 18279 I Input   : injectKeyEvent: KeyEvent { action=ACTION_DOWN, keyCode=KEYCODE_BACK, scanCode=0, metaState=0, flags=0x0, repeatCount=0, eventTime=674624073, downTime=674624073, deviceId=-1, source=0x101 }
08-04 03:23:27.664 18279 18279 I Input   : injectKeyEvent: KeyEvent { action=ACTION_UP, keyCode=KEYCODE_BACK, scanCode=0, metaState=0, flags=0x0, repeatCount=0, eventTime=674624073, downTime=674624073, deviceId=-1, source=0x101 }
08-04 03:23:27.671 18279 18279 D AndroidRuntime: Shutting down VM
08-04 03:23:27.676 15503 15503 V PlaybackController: initServiceNotRunning()
08-04 03:23:27.676 15503 15503 D ExternalPlayerFragment: Loading media info
08-04 03:23:27.678 15503 15503 D ItemlistFragment: onEventMainThread() called with: event = [DownloadEvent{update=DownloaderUpdate{downloaders=[], feedIds=[], mediaIds=[]}}]
08-04 03:23:27.678 15503 16439 D ApOkHttpUrlLoader: buildLoadData() called with: model = [http://static.libsyn.com/p/assets/7/1/f/3/71f3014e14ef2722/JREiTunesImage2.jpg], width = [1440], height = [462]
08-04 03:23:27.681 15503 15503 D UserPreferences: Using default data folder
08-04 03:23:27.681 15503 15528 D DBReader: getNavDrawerData() called with: 
08-04 03:23:27.681 15503 16035 D DBReader: getFeed() called with: feedId = [2]
08-04 03:23:27.682 15503 16035 D DBReader: getFeedItemList() called with: feed = [baseline.de.danoeh.antennapod.core.feed.Feed@2]
08-04 03:23:27.697 15503 15503 D FeedMenuHandler: Preparing options menu
08-04 03:23:27.702 15503 15528 D DBReader: getDownloadedItems() called
08-04 03:23:27.703 15503 15528 D DBReader: getFavoriteIDList() called
08-04 03:23:27.704 15503 15528 D DBReader: getQueueIDList() called
08-04 03:23:27.704 15503 15528 D DBReader: Extracting Feedlist
08-04 03:23:27.733 15503 15503 D MainActivity: getLastNavFragment() -> 2
08-04 03:23:27.761 15503 16035 W PodDBAdapter: Length of id array is larger than 800. Creating multiple cursors
08-04 03:23:27.773 13866 13866 I GoogleInputMethodServic: GoogleInputMethodService.onFinishInput():3138 
08-04 03:23:27.773 13866 13866 I GoogleInputMethodServic: GoogleInputMethodService.onStartInput():1808 
08-04 03:23:27.836 15503 16035 D DBReader: getFavoriteIDList() called
08-04 03:23:27.837 15503 16035 D DBReader: getQueueIDList() called
08-04 03:23:27.838 15503 16035 D DBReader: Extracting Feedlist
08-04 03:23:27.840 15503 16439 D ApOkHttpUrlLoader: buildLoadData() called with: model = [http://static.libsyn.com/p/assets/7/1/f/3/71f3014e14ef2722/JREiTunesImage2.jpg], width = [1440], height = [462]
08-04 03:23:27.863 15503 15503 D FeedMenuHandler: Preparing options menu
08-04 03:23:27.914 15503 15515 I art     : Starting a blocking GC Explicit
08-04 03:23:27.972 15503 15515 I art     : Explicit concurrent mark sweep GC freed 41691(2MB) AllocSpace objects, 3(52KB) LOS objects, 23% free, 52MB/68MB, paused 1.134ms total 58.066ms
08-04 03:23:27.989 15503 15515 I art     : Starting a blocking GC Explicit
08-04 03:23:28.034 15503 15515 I art     : Explicit concurrent mark sweep GC freed 2440(159KB) AllocSpace objects, 0(0B) LOS objects, 23% free, 52MB/68MB, paused 946us total 44.935ms
08-04 03:23:28.048 15503 15515 I art     : Starting a blocking GC Explicit
08-04 03:23:28.057   380   380 W SurfaceFlinger: couldn't log to binary event log: overflow.
08-04 03:23:28.093 15503 15515 I art     : Explicit concurrent mark sweep GC freed 536(22KB) AllocSpace objects, 0(0B) LOS objects, 23% free, 52MB/68MB, paused 1.127ms total 45.456ms
08-04 03:23:28.105 15503 15515 I art     : Starting a blocking GC Explicit
08-04 03:23:28.145 15503 15515 I art     : Explicit concurrent mark sweep GC freed 128(4KB) AllocSpace objects, 0(0B) LOS objects, 23% free, 52MB/68MB, paused 1.061ms total 39.984ms
08-04 03:23:28.157 15503 15515 I art     : Starting a blocking GC Explicit
08-04 03:23:28.197 15503 15515 I art     : Explicit concurrent mark sweep GC freed 29239(2MB) AllocSpace objects, 3(84KB) LOS objects, 24% free, 50MB/66MB, paused 1.059ms total 39.857ms
08-04 03:23:28.513 15503 16045 I art     : Starting a blocking GC Explicit
08-04 03:23:28.571 15503 16045 I art     : Explicit concurrent mark sweep GC freed 1373(81KB) AllocSpace objects, 1(20KB) LOS objects, 24% free, 50MB/66MB, paused 1.199ms total 58.062ms
08-04 03:23:28.590 15503 16045 I art     : Starting a blocking GC Explicit
08-04 03:23:28.628 15503 16045 I art     : Explicit concurrent mark sweep GC freed 25(848B) AllocSpace objects, 0(0B) LOS objects, 24% free, 50MB/66MB, paused 1.109ms total 38.118ms
08-04 03:23:28.640 15503 16045 I art     : Starting a blocking GC Explicit
08-04 03:23:28.679 15503 16045 I art     : Explicit concurrent mark sweep GC freed 3(96B) AllocSpace objects, 0(0B) LOS objects, 24% free, 50MB/66MB, paused 1.041ms total 39.100ms
08-04 03:23:28.691 15503 16045 I art     : Starting a blocking GC Explicit
08-04 03:23:28.730 15503 16045 I art     : Explicit concurrent mark sweep GC freed 3(96B) AllocSpace objects, 0(0B) LOS objects, 24% free, 50MB/66MB, paused 998us total 39.194ms
08-04 03:23:28.742 15503 16045 I art     : Starting a blocking GC Explicit
08-04 03:23:28.782 15503 16045 I art     : Explicit concurrent mark sweep GC freed 3(96B) AllocSpace objects, 0(0B) LOS objects, 24% free, 50MB/66MB, paused 1.115ms total 39.570ms
08-04 03:23:29.065 15503 15530 I art     : Starting a blocking GC Explicit
08-04 03:23:29.104 15503 15530 I art     : Explicit concurrent mark sweep GC freed 1403(82KB) AllocSpace objects, 1(20KB) LOS objects, 24% free, 50MB/66MB, paused 1.127ms total 38.941ms
08-04 03:23:29.115 15503 15530 I art     : Starting a blocking GC Explicit
08-04 03:23:29.153 15503 15530 I art     : Explicit concurrent mark sweep GC freed 23(752B) AllocSpace objects, 0(0B) LOS objects, 24% free, 50MB/66MB, paused 1.126ms total 37.658ms
08-04 03:23:29.165 15503 15530 I art     : Starting a blocking GC Explicit
08-04 03:23:29.202 15503 15530 I art     : Explicit concurrent mark sweep GC freed 3(96B) AllocSpace objects, 0(0B) LOS objects, 24% free, 50MB/66MB, paused 1.187ms total 36.883ms
08-04 03:23:29.213 15503 15530 I art     : Starting a blocking GC Explicit
08-04 03:23:29.250 15503 15530 I art     : Explicit concurrent mark sweep GC freed 3(96B) AllocSpace objects, 0(0B) LOS objects, 24% free, 50MB/66MB, paused 1.101ms total 36.767ms
08-04 03:23:29.262 15503 15530 I art     : Starting a blocking GC Explicit
08-04 03:23:29.298 15503 15530 I art     : Explicit concurrent mark sweep GC freed 3(96B) AllocSpace objects, 0(0B) LOS objects, 24% free, 50MB/66MB, paused 1.117ms total 36.477ms
08-04 03:23:29.346 18323 18323 D AndroidRuntime: >>>>>> START com.android.internal.os.RuntimeInit uid 2000 <<<<<<
08-04 03:23:29.351 18323 18323 D AndroidRuntime: CheckJNI is OFF
08-04 03:23:29.384 18323 18323 D ICU     : No timezone override file found: /data/misc/zoneinfo/current/icu/icu_tzdata.dat
08-04 03:23:29.418 18323 18323 I Radio-JNI: register_android_hardware_Radio DONE
08-04 03:23:29.440 18323 18323 D AndroidRuntime: Calling main entry com.android.commands.input.Input
08-04 03:23:29.442 18323 18323 I Input   : injectMotionEvent: MotionEvent { action=ACTION_DOWN, actionButton=0, id[0]=0, x[0]=733.0, y[0]=896.0, toolType[0]=TOOL_TYPE_UNKNOWN, buttonState=0, metaState=0, flags=0x0, edgeFlags=0x0, pointerCount=1, historySize=0, eventTime=674625855, downTime=674625855, deviceId=0, source=0x1002 }
08-04 03:23:29.448 18323 18323 I Input   : injectMotionEvent: MotionEvent { action=ACTION_UP, actionButton=0, id[0]=0, x[0]=733.0, y[0]=896.0, toolType[0]=TOOL_TYPE_UNKNOWN, buttonState=0, metaState=0, flags=0x0, edgeFlags=0x0, pointerCount=1, historySize=0, eventTime=674625855, downTime=674625855, deviceId=0, source=0x1002 }
08-04 03:23:29.450 18323 18323 D AndroidRuntime: Shutting down VM
08-04 03:23:29.528   512  2967 D audio_hw_primary: out_set_parameters: enter: usecase(1: low-latency-playback) kvpairs: routing=2
08-04 03:23:29.541   512  2967 D audio_hw_primary: select_devices: out_snd_device(2: speaker) in_snd_device(0: none)
08-04 03:23:29.541   512  2967 D msm8974_platform: platform_send_audio_calibration: sending audio calibration for snd_device(2) acdb_id(15)
08-04 03:23:29.542   512  2967 I soundtrigger: audio_extn_sound_trigger_update_device_status: device 0x2 of type 0 for Event 1
08-04 03:23:29.552   512  2967 D audio_hw_primary: enable_snd_device: snd_device(2: speaker)
08-04 03:23:29.554   512  2967 D audio_hw_primary: enable_audio_route: apply and update mixer path: low-latency-playback speaker
08-04 03:23:29.558 15503 15503 I WebViewFactory: Loading com.google.android.webview version 84.0.4147.89 (code 414708953)
08-04 03:23:29.583 15503 16044 I art     : Starting a blocking GC Explicit
08-04 03:23:29.624 15503 16044 I art     : Explicit concurrent mark sweep GC freed 5630(411KB) AllocSpace objects, 1(20KB) LOS objects, 23% free, 51MB/67MB, paused 1.295ms total 40.347ms
08-04 03:23:29.632 15503 15503 I cr_LibraryLoader: Loaded native library version number "84.0.4147.89"
08-04 03:23:29.633 15503 15503 I cr_CachingUmaRecorder: Flushed 5 samples from 5 histograms.
08-04 03:23:29.635 15503 16044 I art     : Starting a blocking GC Explicit
08-04 03:23:29.675 15503 15503 E chromium: [ERROR:filesystem_posix.cc(62)] mkdir /data/user/0/baseline.de.danoeh.antennapod.debug/cache/WebView/Crashpad: No such file or directory (2)
08-04 03:23:29.678 15503 16044 I art     : Explicit concurrent mark sweep GC freed 1556(201KB) AllocSpace objects, 2(40KB) LOS objects, 23% free, 51MB/67MB, paused 1.721ms total 42.468ms
08-04 03:23:29.690 15503 16044 I art     : Starting a blocking GC Explicit
08-04 03:23:29.732 15503 16044 I art     : Explicit concurrent mark sweep GC freed 990(85KB) AllocSpace objects, 0(0B) LOS objects, 23% free, 51MB/67MB, paused 2.886ms total 41.770ms
08-04 03:23:29.747 15503 16044 I art     : Starting a blocking GC Explicit
08-04 03:23:29.758   918   928 D ConnectivityService: listenForNetwork for Listen from uid/pid:10670/15503 for NetworkRequest [ id=2589, legacyType=-1, [ Capabilities: INTERNET&NOT_RESTRICTED&TRUSTED] ]
08-04 03:23:29.785 15503 16044 I art     : Explicit concurrent mark sweep GC freed 906(97KB) AllocSpace objects, 0(0B) LOS objects, 23% free, 51MB/67MB, paused 2.253ms total 37.520ms
08-04 03:23:29.795 15503 15535 D DBReader: getFeedItem() called with: itemId = [2]
08-04 03:23:29.795 15503 15535 D DBReader: Loading feeditem with id 2
08-04 03:23:29.796 15503 15503 D ItemFragment: onEventMainThread() called with: event = [DownloadEvent{update=DownloaderUpdate{downloaders=[], feedIds=[], mediaIds=[]}}]
08-04 03:23:29.796 15503 16044 I art     : Starting a blocking GC Explicit
08-04 03:23:29.797 15503 15535 D DBReader: getFavoriteIDList() called
08-04 03:23:29.798 15503 15535 D DBReader: getQueueIDList() called
08-04 03:23:29.799 15503 15535 D DBReader: Extracting Feedlist
08-04 03:23:29.802 13866 13866 I GoogleInputMethodServic: GoogleInputMethodService.onFinishInput():3138 
08-04 03:23:29.803 13866 13866 I GoogleInputMethodServic: GoogleInputMethodService.onStartInput():1808 
08-04 03:23:29.808 15503 15535 D DBReader: loadExtraInformationOfFeedItem() called with: item = [FeedItem[autoDownload=1,chapters=<null>,contentEncoded=<null>,description=<null>,feed=baseline.de.danoeh.antennapod.core.feed.Feed@ea92980,feedId=2,flattrStatus=baseline.de.danoeh.antennapod.core.util.flattr.FlattrStatus@1abdbb9,hasChapters=false,imageUrl=http://static.libsyn.com/p/assets/2/7/8/6/278615fe73b1f0ca/JRE1514.jpg,itemIdentifier=a0870b6b-c887-4883-930c-a06d5e1a8f7e,link=http://traffic.libsyn.com/joeroganexp/p1514.mp3,media=baseline.de.danoeh.antennapod.core.feed.FeedMedia@d351bfe,paymentLink=<null>,pubDate=Fri Jul 24 21:00:00 GMT+02:00 2020,state=-1,tags=[],title=#1514 - Joe De Sena,id=2]]
08-04 03:23:29.810 15503 15503 E libEGL  : validate_display:255 error 3008 (EGL_BAD_DISPLAY)
08-04 03:23:29.838 15503 16044 I art     : Explicit concurrent mark sweep GC freed 3517(229KB) AllocSpace objects, 1(68KB) LOS objects, 23% free, 51MB/67MB, paused 1.638ms total 41.740ms
08-04 03:23:29.861   918   935 D BluetoothManagerService: Added callback: android.bluetooth.IBluetoothManagerCallback$Stub$Proxy@e110178:true
08-04 03:23:29.872 15503 16439 D ApOkHttpUrlLoader: buildLoadData() called with: model = [http://static.libsyn.com/p/assets/2/7/8/6/278615fe73b1f0ca/JRE1514.jpg], width = [175], height = [175]
08-04 03:23:29.874 15503 16256 D DBReader: getImageAuthentication() called with: imageUrl = [http://static.libsyn.com/p/assets/2/7/8/6/278615fe73b1f0ca/JRE1514.jpg]
08-04 03:23:29.877 15503 16256 D ApOkHttpUrlLoader: no credentials for 'http://static.libsyn.com/p/assets/2/7/8/6/278615fe73b1f0ca/JRE1514.jpg'
08-04 03:23:29.988 15503 16256 D MYTAG   : interceptor 2a
08-04 03:23:29.988 15503 16256 I NAPPA_EXPERIMENTATION: MetricNetworkRequestExecutionTime: REQUEST_DURATION_SYSTEM='111',REQUEST_DURATION_OKHTTP='109',REQUEST_SYNCHRONOUS='TRUE',RESPONSE_CODE='200',RESPONSE_METHOD='GET',RESPONSE_LENGTH_OKHTTP='364960',RESPONSE_LENGTH_HEADER='364960',REQUEST_PROTOCOL='http/1.1',REQUEST_URL='http://static.libsyn.com/p/assets/2/7/8/6/278615fe73b1f0ca/JRE1514.jpg',
08-04 03:23:30.088   512  2967 D audio_hw_primary: disable_audio_route: reset and update mixer path: low-latency-playback speaker
08-04 03:23:30.089   512  2967 D audio_hw_primary: disable_snd_device: snd_device(2: speaker)
08-04 03:23:30.099   512  2967 I soundtrigger: audio_extn_sound_trigger_update_device_status: device 0x2 of type 0 for Event 0
08-04 03:23:30.145 15503 15519 I art     : Starting a blocking GC Explicit
08-04 03:23:30.190 15503 15519 I art     : Explicit concurrent mark sweep GC freed 3564(252KB) AllocSpace objects, 4(104KB) LOS objects, 23% free, 51MB/67MB, paused 1.400ms total 45.374ms
08-04 03:23:30.202 15503 15519 I art     : Starting a blocking GC Explicit
08-04 03:23:30.240 15503 15519 I art     : Explicit concurrent mark sweep GC freed 970(64KB) AllocSpace objects, 1(28KB) LOS objects, 23% free, 51MB/67MB, paused 1.157ms total 38.100ms
08-04 03:23:30.251 15503 15519 I art     : Starting a blocking GC Explicit
08-04 03:23:30.288 15503 15519 I art     : Explicit concurrent mark sweep GC freed 94(3KB) AllocSpace objects, 0(0B) LOS objects, 23% free, 51MB/67MB, paused 1.133ms total 36.427ms
08-04 03:23:30.299 15503 15519 I art     : Starting a blocking GC Explicit
08-04 03:23:30.336 15503 15519 I art     : Explicit concurrent mark sweep GC freed 11(368B) AllocSpace objects, 0(0B) LOS objects, 23% free, 51MB/67MB, paused 1.134ms total 36.770ms
08-04 03:23:30.349 15503 15519 I art     : Starting a blocking GC Explicit
08-04 03:23:30.391 15503 15519 I art     : Explicit concurrent mark sweep GC freed 9(288B) AllocSpace objects, 0(0B) LOS objects, 23% free, 51MB/67MB, paused 1.215ms total 41.703ms
08-04 03:23:30.744 15503 15519 I art     : Starting a blocking GC Explicit
08-04 03:23:30.793 15503 15519 I art     : Explicit concurrent mark sweep GC freed 1430(82KB) AllocSpace objects, 1(20KB) LOS objects, 23% free, 51MB/67MB, paused 1.279ms total 48.773ms
08-04 03:23:30.807 15503 15519 I art     : Starting a blocking GC Explicit
08-04 03:23:30.850 15503 15519 I art     : Explicit concurrent mark sweep GC freed 30(976B) AllocSpace objects, 0(0B) LOS objects, 23% free, 51MB/67MB, paused 1.081ms total 42.835ms
08-04 03:23:30.864 15503 15519 I art     : Starting a blocking GC Explicit
08-04 03:23:30.905 15503 15519 I art     : Explicit concurrent mark sweep GC freed 9(288B) AllocSpace objects, 0(0B) LOS objects, 23% free, 51MB/67MB, paused 1.197ms total 40.942ms
08-04 03:23:30.918 15503 15519 I art     : Starting a blocking GC Explicit
08-04 03:23:30.962 15503 15519 I art     : Explicit concurrent mark sweep GC freed 9(288B) AllocSpace objects, 0(0B) LOS objects, 23% free, 51MB/67MB, paused 1.409ms total 43.955ms
08-04 03:23:30.974 15503 15519 I art     : Starting a blocking GC Explicit
08-04 03:23:31.016 15503 15519 I art     : Explicit concurrent mark sweep GC freed 11(352B) AllocSpace objects, 0(0B) LOS objects, 23% free, 51MB/67MB, paused 1.050ms total 41.271ms
08-04 03:23:31.354 15503 15515 I art     : Starting a blocking GC Explicit
08-04 03:23:31.403 15503 15515 I art     : Explicit concurrent mark sweep GC freed 1456(83KB) AllocSpace objects, 1(20KB) LOS objects, 23% free, 51MB/67MB, paused 1.111ms total 48.813ms
08-04 03:23:31.407   518   646 I ThermalEngine: ACTION: GPU - Setting GPU[0] to 450000000
08-04 03:23:31.423 15503 15515 I art     : Starting a blocking GC Explicit
08-04 03:23:31.474 15503 15515 I art     : Explicit concurrent mark sweep GC freed 39(1264B) AllocSpace objects, 0(0B) LOS objects, 23% free, 51MB/67MB, paused 1.814ms total 50.399ms
08-04 03:23:31.489 15503 15515 I art     : Starting a blocking GC Explicit
08-04 03:23:31.544 15503 15515 I art     : Explicit concurrent mark sweep GC freed 19(608B) AllocSpace objects, 0(0B) LOS objects, 23% free, 51MB/67MB, paused 1.556ms total 54.609ms
08-04 03:23:31.560 15503 15515 I art     : Starting a blocking GC Explicit
08-04 03:23:31.615 15503 15515 I art     : Explicit concurrent mark sweep GC freed 22(704B) AllocSpace objects, 0(0B) LOS objects, 23% free, 51MB/67MB, paused 1.486ms total 54.121ms
08-04 03:23:31.631 15503 15515 I art     : Starting a blocking GC Explicit
08-04 03:23:31.687 15503 15515 I art     : Explicit concurrent mark sweep GC freed 15(480B) AllocSpace objects, 0(0B) LOS objects, 23% free, 51MB/67MB, paused 1.553ms total 55.606ms
08-04 03:23:32.085 15503 16044 I art     : Starting a blocking GC Explicit
08-04 03:23:32.156 15503 16044 I art     : Explicit concurrent mark sweep GC freed 1411(82KB) AllocSpace objects, 1(20KB) LOS objects, 23% free, 51MB/67MB, paused 1.745ms total 70.485ms
08-04 03:23:32.175 15503 16044 I art     : Starting a blocking GC Explicit
08-04 03:23:32.230 15503 16044 I art     : Explicit concurrent mark sweep GC freed 23(752B) AllocSpace objects, 0(0B) LOS objects, 23% free, 51MB/67MB, paused 1.684ms total 55.355ms
08-04 03:23:32.246 15503 16044 I art     : Starting a blocking GC Explicit
08-04 03:23:32.305 15503 16044 I art     : Explicit concurrent mark sweep GC freed 3(96B) AllocSpace objects, 0(0B) LOS objects, 23% free, 51MB/67MB, paused 1.639ms total 58.279ms
08-04 03:23:32.321 15503 16044 I art     : Starting a blocking GC Explicit
08-04 03:23:32.381 15503 16044 I art     : Explicit concurrent mark sweep GC freed 3(96B) AllocSpace objects, 0(0B) LOS objects, 23% free, 51MB/67MB, paused 1.960ms total 60.114ms
08-04 03:23:32.400 15503 16044 I art     : Starting a blocking GC Explicit
08-04 03:23:32.461 15503 16044 I art     : Explicit concurrent mark sweep GC freed 3(96B) AllocSpace objects, 0(0B) LOS objects, 23% free, 51MB/67MB, paused 1.786ms total 60.458ms
08-04 03:23:32.856 15503 15530 I art     : Starting a blocking GC Explicit
08-04 03:23:32.928 15503 15530 I art     : Explicit concurrent mark sweep GC freed 1382(81KB) AllocSpace objects, 1(20KB) LOS objects, 23% free, 51MB/67MB, paused 1.738ms total 71.628ms
08-04 03:23:32.948 15503 15530 I art     : Starting a blocking GC Explicit
08-04 03:23:33.005 15503 15530 I art     : Explicit concurrent mark sweep GC freed 23(752B) AllocSpace objects, 0(0B) LOS objects, 23% free, 51MB/67MB, paused 1.647ms total 56.369ms
08-04 03:23:33.021 15503 15530 I art     : Starting a blocking GC Explicit
08-04 03:23:33.078 15503 15530 I art     : Explicit concurrent mark sweep GC freed 32(880B) AllocSpace objects, 0(0B) LOS objects, 23% free, 51MB/67MB, paused 1.701ms total 56.606ms
08-04 03:23:33.093 15503 15530 I art     : Starting a blocking GC Explicit
08-04 03:23:33.149 15503 15530 I art     : Explicit concurrent mark sweep GC freed 3(96B) AllocSpace objects, 0(0B) LOS objects, 23% free, 51MB/67MB, paused 1.619ms total 54.843ms
08-04 03:23:33.165 15503 15530 I art     : Starting a blocking GC Explicit
08-04 03:23:33.222 15503 15530 I art     : Explicit concurrent mark sweep GC freed 3(96B) AllocSpace objects, 0(0B) LOS objects, 23% free, 51MB/67MB, paused 1.622ms total 56.822ms
08-04 03:23:33.619 15503 15519 I art     : Starting a blocking GC Explicit
08-04 03:23:33.693 15503 15519 I art     : Explicit concurrent mark sweep GC freed 1382(83KB) AllocSpace objects, 1(20KB) LOS objects, 23% free, 51MB/67MB, paused 1.540ms total 73.541ms
08-04 03:23:33.708 15503 15519 I art     : Starting a blocking GC Explicit
08-04 03:23:33.760 15503 15519 I art     : Explicit concurrent mark sweep GC freed 23(752B) AllocSpace objects, 0(0B) LOS objects, 23% free, 51MB/67MB, paused 1.451ms total 51.606ms
08-04 03:23:33.775 15503 15519 I art     : Starting a blocking GC Explicit
08-04 03:23:33.826 15503 15519 I art     : Explicit concurrent mark sweep GC freed 3(96B) AllocSpace objects, 0(0B) LOS objects, 23% free, 51MB/67MB, paused 1.588ms total 50.782ms
08-04 03:23:33.841 15503 15519 I art     : Starting a blocking GC Explicit
08-04 03:23:33.894 15503 15519 I art     : Explicit concurrent mark sweep GC freed 3(96B) AllocSpace objects, 0(0B) LOS objects, 23% free, 51MB/67MB, paused 1.633ms total 52.801ms
08-04 03:23:33.909 15503 15519 I art     : Starting a blocking GC Explicit
08-04 03:23:33.962 15503 15519 I art     : Explicit concurrent mark sweep GC freed 3(96B) AllocSpace objects, 0(0B) LOS objects, 23% free, 51MB/67MB, paused 1.651ms total 52.970ms
08-04 03:23:34.248 18454 18454 D AndroidRuntime: >>>>>> START com.android.internal.os.RuntimeInit uid 2000 <<<<<<
08-04 03:23:34.254 18454 18454 D AndroidRuntime: CheckJNI is OFF
08-04 03:23:34.297 18454 18454 D ICU     : No timezone override file found: /data/misc/zoneinfo/current/icu/icu_tzdata.dat
08-04 03:23:34.340 18454 18454 I Radio-JNI: register_android_hardware_Radio DONE
08-04 03:23:34.355 15503 15515 I art     : Starting a blocking GC Explicit
08-04 03:23:34.370 18454 18454 D AndroidRuntime: Calling main entry com.android.commands.input.Input
08-04 03:23:34.372 18454 18454 I Input   : injectKeyEvent: KeyEvent { action=ACTION_DOWN, keyCode=KEYCODE_BACK, scanCode=0, metaState=0, flags=0x0, repeatCount=0, eventTime=674630785, downTime=674630785, deviceId=-1, source=0x101 }
08-04 03:23:34.379 18454 18454 I Input   : injectKeyEvent: KeyEvent { action=ACTION_UP, keyCode=KEYCODE_BACK, scanCode=0, metaState=0, flags=0x0, repeatCount=0, eventTime=674630785, downTime=674630785, deviceId=-1, source=0x101 }
08-04 03:23:34.400 15503 15503 D ItemlistFragment: onEventMainThread() called with: event = [DownloadEvent{update=DownloaderUpdate{downloaders=[], feedIds=[], mediaIds=[]}}]
08-04 03:23:34.401 15503 15528 D DBReader: getFeed() called with: feedId = [2]
08-04 03:23:34.402 18454 18454 D AndroidRuntime: Shutting down VM
08-04 03:23:34.403 15503 15528 D DBReader: getFeedItemList() called with: feed = [baseline.de.danoeh.antennapod.core.feed.Feed@2]
08-04 03:23:34.403   918  3263 D ConnectivityService: releasing NetworkRequest NetworkRequest [ id=2589, legacyType=-1, [ Capabilities: INTERNET&NOT_RESTRICTED&TRUSTED] ]
08-04 03:23:34.412   518   646 I ThermalEngine: ACTION: GPU - Setting GPU[0] to 510000000
08-04 03:23:34.412 15503 15515 I art     : Explicit concurrent mark sweep GC freed 2344(133KB) AllocSpace objects, 1(20KB) LOS objects, 23% free, 51MB/67MB, paused 3.432ms total 57.104ms
08-04 03:23:34.432 15503 15515 I art     : Starting a blocking GC Explicit
08-04 03:23:34.439 15503 15503 D FeedMenuHandler: Preparing options menu
08-04 03:23:34.482 15503 15515 I art     : Explicit concurrent mark sweep GC freed 3416(133KB) AllocSpace objects, 0(0B) LOS objects, 23% free, 53MB/69MB, paused 2.407ms total 48.927ms
08-04 03:23:34.494 15503 15515 I art     : Starting a blocking GC Explicit
08-04 03:23:34.496 15503 16439 D ApOkHttpUrlLoader: buildLoadData() called with: model = [http://static.libsyn.com/p/assets/7/1/f/3/71f3014e14ef2722/JREiTunesImage2.jpg], width = [1440], height = [462]
08-04 03:23:34.500 15503 15528 W PodDBAdapter: Length of id array is larger than 800. Creating multiple cursors
08-04 03:23:34.518 13866 13866 I GoogleInputMethodServic: GoogleInputMethodService.onFinishInput():3138 
08-04 03:23:34.518 13866 13866 I GoogleInputMethodServic: GoogleInputMethodService.onStartInput():1808 
08-04 03:23:34.539 15503 15515 I art     : Explicit concurrent mark sweep GC freed 7914(548KB) AllocSpace objects, 5(2MB) LOS objects, 23% free, 53MB/69MB, paused 1.539ms total 45.239ms
08-04 03:23:34.551 15503 15515 I art     : Starting a blocking GC Explicit
08-04 03:23:34.573 15503 15528 D DBReader: getFavoriteIDList() called
08-04 03:23:34.574 15503 15528 D DBReader: getQueueIDList() called
08-04 03:23:34.574 15503 15528 D DBReader: Extracting Feedlist
08-04 03:23:34.577 15503 16439 D ApOkHttpUrlLoader: buildLoadData() called with: model = [http://static.libsyn.com/p/assets/7/1/f/3/71f3014e14ef2722/JREiTunesImage2.jpg], width = [1440], height = [462]
08-04 03:23:34.588 15503 15503 D FeedMenuHandler: Preparing options menu
08-04 03:23:34.596 15503 15515 I art     : Explicit concurrent mark sweep GC freed 5597(123KB) AllocSpace objects, 2(108KB) LOS objects, 22% free, 56MB/72MB, paused 1.750ms total 44.684ms
08-04 03:23:34.608 15503 15515 I art     : Starting a blocking GC Explicit
08-04 03:23:34.648 15503 15515 I art     : Explicit concurrent mark sweep GC freed 29670(2036KB) AllocSpace objects, 1(16KB) LOS objects, 22% free, 54MB/70MB, paused 1.211ms total 39.512ms
08-04 03:23:34.968 15503 15519 I art     : Starting a blocking GC Explicit
08-04 03:23:35.012 15503 15519 I art     : Explicit concurrent mark sweep GC freed 2249(142KB) AllocSpace objects, 1(20KB) LOS objects, 22% free, 54MB/70MB, paused 1.187ms total 43.415ms
08-04 03:23:35.024 15503 15519 I art     : Starting a blocking GC Explicit
08-04 03:23:35.067 15503 15519 I art     : Explicit concurrent mark sweep GC freed 54(1616B) AllocSpace objects, 0(0B) LOS objects, 22% free, 54MB/70MB, paused 1.183ms total 42.730ms
08-04 03:23:35.079 15503 15519 I art     : Starting a blocking GC Explicit
08-04 03:23:35.122 15503 15519 I art     : Explicit concurrent mark sweep GC freed 3(96B) AllocSpace objects, 0(0B) LOS objects, 22% free, 54MB/70MB, paused 1.174ms total 42.481ms
08-04 03:23:35.133 15503 15519 I art     : Starting a blocking GC Explicit
08-04 03:23:35.176 15503 15519 I art     : Explicit concurrent mark sweep GC freed 3(96B) AllocSpace objects, 0(0B) LOS objects, 22% free, 54MB/70MB, paused 1.178ms total 41.899ms
08-04 03:23:35.188 15503 15519 I art     : Starting a blocking GC Explicit
08-04 03:23:35.230 15503 15519 I art     : Explicit concurrent mark sweep GC freed 3(96B) AllocSpace objects, 0(0B) LOS objects, 22% free, 54MB/70MB, paused 1.187ms total 42.652ms
08-04 03:23:35.231 15503 15514 I art     : WaitForGcToComplete blocked for 39.853ms for cause HeapTrim
08-04 03:23:35.567 15503 16045 I art     : Starting a blocking GC Explicit
08-04 03:23:35.622 15503 16045 I art     : Explicit concurrent mark sweep GC freed 1500(91KB) AllocSpace objects, 1(20KB) LOS objects, 22% free, 54MB/70MB, paused 1.231ms total 54.454ms
08-04 03:23:35.638 15503 16045 I art     : Starting a blocking GC Explicit
08-04 03:23:35.678 15503 16045 I art     : Explicit concurrent mark sweep GC freed 23(752B) AllocSpace objects, 0(0B) LOS objects, 22% free, 54MB/70MB, paused 1.126ms total 39.016ms
08-04 03:23:35.688 15503 16045 I art     : Starting a blocking GC Explicit
08-04 03:23:35.727 15503 16045 I art     : Explicit concurrent mark sweep GC freed 3(96B) AllocSpace objects, 0(0B) LOS objects, 22% free, 54MB/70MB, paused 1.144ms total 38.449ms
08-04 03:23:35.738 15503 16045 I art     : Starting a blocking GC Explicit
08-04 03:23:35.778 15503 16045 I art     : Explicit concurrent mark sweep GC freed 3(96B) AllocSpace objects, 0(0B) LOS objects, 22% free, 54MB/70MB, paused 1.129ms total 39.609ms
08-04 03:23:35.789 15503 16045 I art     : Starting a blocking GC Explicit
08-04 03:23:35.829 15503 16045 I art     : Explicit concurrent mark sweep GC freed 3(96B) AllocSpace objects, 0(0B) LOS objects, 22% free, 54MB/70MB, paused 1.112ms total 39.542ms
08-04 03:23:36.060 18499 18499 D AndroidRuntime: >>>>>> START com.android.internal.os.RuntimeInit uid 2000 <<<<<<
08-04 03:23:36.064 18499 18499 D AndroidRuntime: CheckJNI is OFF
08-04 03:23:36.098 18499 18499 D ICU     : No timezone override file found: /data/misc/zoneinfo/current/icu/icu_tzdata.dat
08-04 03:23:36.132 18499 18499 I Radio-JNI: register_android_hardware_Radio DONE
08-04 03:23:36.147 15503 15519 I art     : Starting a blocking GC Explicit
08-04 03:23:36.153 18499 18499 D AndroidRuntime: Calling main entry com.android.commands.input.Input
08-04 03:23:36.156 18499 18499 I Input   : injectMotionEvent: MotionEvent { action=ACTION_DOWN, actionButton=0, id[0]=0, x[0]=103.0, y[0]=192.0, toolType[0]=TOOL_TYPE_UNKNOWN, buttonState=0, metaState=0, flags=0x0, edgeFlags=0x0, pointerCount=1, historySize=0, eventTime=674632568, downTime=674632568, deviceId=0, source=0x1002 }
08-04 03:23:36.161 18499 18499 I Input   : injectMotionEvent: MotionEvent { action=ACTION_UP, actionButton=0, id[0]=0, x[0]=103.0, y[0]=192.0, toolType[0]=TOOL_TYPE_UNKNOWN, buttonState=0, metaState=0, flags=0x0, edgeFlags=0x0, pointerCount=1, historySize=0, eventTime=674632568, downTime=674632568, deviceId=0, source=0x1002 }
08-04 03:23:36.162 18499 18499 D AndroidRuntime: Shutting down VM
08-04 03:23:36.169   512  2967 D audio_hw_primary: out_set_parameters: enter: usecase(1: low-latency-playback) kvpairs: routing=2
08-04 03:23:36.182   512  2967 D audio_hw_primary: select_devices: out_snd_device(2: speaker) in_snd_device(0: none)
08-04 03:23:36.182   512  2967 D msm8974_platform: platform_send_audio_calibration: sending audio calibration for snd_device(2) acdb_id(15)
08-04 03:23:36.182   512  2967 I soundtrigger: audio_extn_sound_trigger_update_device_status: device 0x2 of type 0 for Event 1
08-04 03:23:36.191 15503 15519 I art     : Explicit concurrent mark sweep GC freed 1462(84KB) AllocSpace objects, 1(20KB) LOS objects, 22% free, 54MB/70MB, paused 1.173ms total 43.844ms
08-04 03:23:36.194   512  2967 D audio_hw_primary: enable_snd_device: snd_device(2: speaker)
08-04 03:23:36.196   512  2967 D audio_hw_primary: enable_audio_route: apply and update mixer path: low-latency-playback speaker
08-04 03:23:36.202 15503 15519 I art     : Starting a blocking GC Explicit
08-04 03:23:36.240 15503 15519 I art     : Explicit concurrent mark sweep GC freed 58(2288B) AllocSpace objects, 0(0B) LOS objects, 22% free, 54MB/70MB, paused 1.085ms total 37.341ms
08-04 03:23:36.251 15503 15519 I art     : Starting a blocking GC Explicit
08-04 03:23:36.289 15503 15519 I art     : Explicit concurrent mark sweep GC freed 377(19KB) AllocSpace objects, 0(0B) LOS objects, 22% free, 54MB/70MB, paused 1.142ms total 37.509ms
08-04 03:23:36.301 15503 15519 I art     : Starting a blocking GC Explicit
08-04 03:23:36.338 15503 15519 I art     : Explicit concurrent mark sweep GC freed 7(384B) AllocSpace objects, 0(0B) LOS objects, 22% free, 54MB/70MB, paused 1.090ms total 36.955ms
08-04 03:23:36.349 15503 15519 I art     : Starting a blocking GC Explicit
08-04 03:23:36.387 15503 15519 I art     : Explicit concurrent mark sweep GC freed 3(96B) AllocSpace objects, 0(0B) LOS objects, 22% free, 54MB/70MB, paused 1.067ms total 37.497ms
08-04 03:23:36.688 15503 16044 I art     : Starting a blocking GC Explicit
08-04 03:23:36.729   512  2967 D audio_hw_primary: disable_audio_route: reset and update mixer path: low-latency-playback speaker
08-04 03:23:36.730   512  2967 D audio_hw_primary: disable_snd_device: snd_device(2: speaker)
08-04 03:23:36.730 15503 16044 I art     : Explicit concurrent mark sweep GC freed 2089(107KB) AllocSpace objects, 1(20KB) LOS objects, 22% free, 54MB/70MB, paused 1.066ms total 42.086ms
08-04 03:23:36.739   512  2967 I soundtrigger: audio_extn_sound_trigger_update_device_status: device 0x2 of type 0 for Event 0
08-04 03:23:36.742 15503 16044 I art     : Starting a blocking GC Explicit
08-04 03:23:36.783 15503 16044 I art     : Explicit concurrent mark sweep GC freed 31(1008B) AllocSpace objects, 0(0B) LOS objects, 22% free, 54MB/70MB, paused 1.090ms total 40.192ms
08-04 03:23:36.794 15503 16044 I art     : Starting a blocking GC Explicit
08-04 03:23:36.834 15503 16044 I art     : Explicit concurrent mark sweep GC freed 3(96B) AllocSpace objects, 0(0B) LOS objects, 22% free, 54MB/70MB, paused 992us total 40.086ms
08-04 03:23:36.846 15503 16044 I art     : Starting a blocking GC Explicit
08-04 03:23:36.887 15503 16044 I art     : Explicit concurrent mark sweep GC freed 3(96B) AllocSpace objects, 0(0B) LOS objects, 22% free, 54MB/70MB, paused 1.152ms total 40.690ms
08-04 03:23:36.899 15503 16044 I art     : Starting a blocking GC Explicit
08-04 03:23:36.940 15503 16044 I art     : Explicit concurrent mark sweep GC freed 5(160B) AllocSpace objects, 0(0B) LOS objects, 22% free, 54MB/70MB, paused 1.111ms total 41.459ms
08-04 03:23:37.266 15503 16045 I art     : Starting a blocking GC Explicit
08-04 03:23:37.320 15503 16045 I art     : Explicit concurrent mark sweep GC freed 2299(114KB) AllocSpace objects, 1(20KB) LOS objects, 22% free, 53MB/69MB, paused 1.262ms total 54.482ms
08-04 03:23:37.337 15503 16045 I art     : Starting a blocking GC Explicit
08-04 03:23:37.379 15503 16045 I art     : Explicit concurrent mark sweep GC freed 23(752B) AllocSpace objects, 0(0B) LOS objects, 22% free, 53MB/69MB, paused 1.103ms total 41.916ms
08-04 03:23:37.391 15503 16045 I art     : Starting a blocking GC Explicit
08-04 03:23:37.433 15503 16045 I art     : Explicit concurrent mark sweep GC freed 3(96B) AllocSpace objects, 0(0B) LOS objects, 22% free, 53MB/69MB, paused 1.097ms total 41.758ms
08-04 03:23:37.444 15503 16045 I art     : Starting a blocking GC Explicit
08-04 03:23:37.484 15503 16045 I art     : Explicit concurrent mark sweep GC freed 3(96B) AllocSpace objects, 0(0B) LOS objects, 22% free, 53MB/69MB, paused 1.101ms total 40.034ms
08-04 03:23:37.496 15503 16045 I art     : Starting a blocking GC Explicit
08-04 03:23:37.536 15503 16045 I art     : Explicit concurrent mark sweep GC freed 3(96B) AllocSpace objects, 0(0B) LOS objects, 22% free, 53MB/69MB, paused 1.108ms total 39.939ms
08-04 03:23:37.599 15415 15415 I ServiceManager: Waiting for service AtCmdFwd...
08-04 03:23:37.812 18542 18542 D AndroidRuntime: >>>>>> START com.android.internal.os.RuntimeInit uid 2000 <<<<<<
08-04 03:23:37.818 18542 18542 D AndroidRuntime: CheckJNI is OFF
08-04 03:23:37.851 18542 18542 D ICU     : No timezone override file found: /data/misc/zoneinfo/current/icu/icu_tzdata.dat
08-04 03:23:37.853 15503 15515 I art     : Starting a blocking GC Explicit
08-04 03:23:37.885 18542 18542 I Radio-JNI: register_android_hardware_Radio DONE
08-04 03:23:37.892 15503 15515 I art     : Explicit concurrent mark sweep GC freed 1393(82KB) AllocSpace objects, 1(20KB) LOS objects, 22% free, 53MB/69MB, paused 1.335ms total 39.212ms
08-04 03:23:37.903 15503 15515 I art     : Starting a blocking GC Explicit
08-04 03:23:37.908 18542 18542 D AndroidRuntime: Calling main entry com.android.commands.input.Input
08-04 03:23:37.910 18542 18542 I Input   : injectMotionEvent: MotionEvent { action=ACTION_DOWN, actionButton=0, id[0]=0, x[0]=409.0, y[0]=1034.0, toolType[0]=TOOL_TYPE_UNKNOWN, buttonState=0, metaState=0, flags=0x0, edgeFlags=0x0, pointerCount=1, historySize=0, eventTime=674634323, downTime=674634323, deviceId=0, source=0x1002 }
08-04 03:23:37.914 18542 18542 I Input   : injectMotionEvent: MotionEvent { action=ACTION_UP, actionButton=0, id[0]=0, x[0]=409.0, y[0]=1034.0, toolType[0]=TOOL_TYPE_UNKNOWN, buttonState=0, metaState=0, flags=0x0, edgeFlags=0x0, pointerCount=1, historySize=0, eventTime=674634323, downTime=674634323, deviceId=0, source=0x1002 }
08-04 03:23:37.916 18542 18542 D AndroidRuntime: Shutting down VM
08-04 03:23:37.941 15503 15515 I art     : Explicit concurrent mark sweep GC freed 55(1744B) AllocSpace objects, 0(0B) LOS objects, 22% free, 53MB/69MB, paused 1.087ms total 37.478ms
08-04 03:23:37.952 15503 15515 I art     : Starting a blocking GC Explicit
08-04 03:23:37.985 15503 15503 D MainActivity: loadFragment(index: 5, args: null)
08-04 03:23:37.987   512  2967 D audio_hw_primary: out_set_parameters: enter: usecase(1: low-latency-playback) kvpairs: routing=2
08-04 03:23:37.987 15503 15503 D MainActivity: loadFragment(tag: AddFeedFragment, args: null)
08-04 03:23:37.990 15503 15503 D MainActivity: saveLastNavFragment(tag: AddFeedFragment)
08-04 03:23:37.990 15503 15503 D MainActivity: getLastNavFragment() -> AddFeedFragment
08-04 03:23:37.990 15503 15515 I art     : Explicit concurrent mark sweep GC freed 45(1952B) AllocSpace objects, 0(0B) LOS objects, 22% free, 53MB/69MB, paused 1.439ms total 38.216ms
08-04 03:23:38.000   512  2967 D audio_hw_primary: select_devices: out_snd_device(2: speaker) in_snd_device(0: none)
08-04 03:23:38.000   512  2967 D msm8974_platform: platform_send_audio_calibration: sending audio calibration for snd_device(2) acdb_id(15)
08-04 03:23:38.000   512  2967 I soundtrigger: audio_extn_sound_trigger_update_device_status: device 0x2 of type 0 for Event 1
08-04 03:23:38.001 15503 15515 I art     : Starting a blocking GC Explicit
08-04 03:23:38.009   512  2967 D audio_hw_primary: enable_snd_device: snd_device(2: speaker)
08-04 03:23:38.012   512  2967 D audio_hw_primary: enable_audio_route: apply and update mixer path: low-latency-playback speaker
08-04 03:23:38.028 13866 13866 I GoogleInputMethodServic: GoogleInputMethodService.onFinishInput():3138 
08-04 03:23:38.029 13866 13866 I GoogleInputMethodServic: GoogleInputMethodService.onStartInput():1808 
08-04 03:23:38.042 15503 15515 I art     : Explicit concurrent mark sweep GC freed 2024(101KB) AllocSpace objects, 1(20KB) LOS objects, 22% free, 54MB/70MB, paused 1.559ms total 40.534ms
08-04 03:23:38.053 15503 15515 I art     : Starting a blocking GC Explicit
08-04 03:23:38.091 15503 15515 I art     : Explicit concurrent mark sweep GC freed 560(26KB) AllocSpace objects, 0(0B) LOS objects, 22% free, 54MB/70MB, paused 1.095ms total 37.353ms
08-04 03:23:38.392 15503 15519 I art     : Starting a blocking GC Explicit
08-04 03:23:38.432 13866 13866 I GoogleInputMethodServic: GoogleInputMethodService.onFinishInput():3138 
08-04 03:23:38.433 15503 15519 I art     : Explicit concurrent mark sweep GC freed 32876(2MB) AllocSpace objects, 10(3MB) LOS objects, 24% free, 48MB/64MB, paused 1.217ms total 40.737ms
08-04 03:23:38.433 13866 13866 I GoogleInputMethodServic: GoogleInputMethodService.onStartInput():1808 
08-04 03:23:38.443 15503 15519 I art     : Starting a blocking GC Explicit
08-04 03:23:38.472 15503 15519 I art     : Explicit concurrent mark sweep GC freed 165(8KB) AllocSpace objects, 0(0B) LOS objects, 24% free, 48MB/64MB, paused 944us total 29.081ms
08-04 03:23:38.481 15503 15519 I art     : Starting a blocking GC Explicit
08-04 03:23:38.509 15503 15519 I art     : Explicit concurrent mark sweep GC freed 19(768B) AllocSpace objects, 0(0B) LOS objects, 24% free, 48MB/64MB, paused 1.069ms total 27.447ms
08-04 03:23:38.519 15503 15519 I art     : Starting a blocking GC Explicit
08-04 03:23:38.530   918  3188 I hubconnection: sensorhub said: 'set_bias 3: -6.2400, 0.0000, 0.0000'
08-04 03:23:38.549 15503 15519 I art     : Explicit concurrent mark sweep GC freed 3(96B) AllocSpace objects, 0(0B) LOS objects, 24% free, 48MB/64MB, paused 1.080ms total 30.081ms
08-04 03:23:38.550   512  2967 D audio_hw_primary: disable_audio_route: reset and update mixer path: low-latency-playback speaker
08-04 03:23:38.551   512  2967 D audio_hw_primary: disable_snd_device: snd_device(2: speaker)
08-04 03:23:38.559   512  2967 I soundtrigger: audio_extn_sound_trigger_update_device_status: device 0x2 of type 0 for Event 0
08-04 03:23:38.560 15503 15519 I art     : Starting a blocking GC Explicit
08-04 03:23:38.587 15503 15519 I art     : Explicit concurrent mark sweep GC freed 3(96B) AllocSpace objects, 0(0B) LOS objects, 24% free, 48MB/64MB, paused 1.049ms total 27.581ms
08-04 03:23:38.600 15415 15415 I ServiceManager: Waiting for service AtCmdFwd...
08-04 03:23:38.931 15503 15515 I art     : Starting a blocking GC Explicit
08-04 03:23:38.968 15503 15515 I art     : Explicit concurrent mark sweep GC freed 1380(81KB) AllocSpace objects, 1(20KB) LOS objects, 24% free, 48MB/64MB, paused 1.166ms total 36.371ms
08-04 03:23:38.977 15503 15515 I art     : Starting a blocking GC Explicit
08-04 03:23:39.007 15503 15515 I art     : Explicit concurrent mark sweep GC freed 27(880B) AllocSpace objects, 0(0B) LOS objects, 24% free, 48MB/64MB, paused 1.086ms total 29.545ms
08-04 03:23:39.017 15503 15515 I art     : Starting a blocking GC Explicit
08-04 03:23:39.048 15503 15515 I art     : Explicit concurrent mark sweep GC freed 32(880B) AllocSpace objects, 0(0B) LOS objects, 24% free, 48MB/64MB, paused 1.103ms total 30.938ms
08-04 03:23:39.059 15503 15515 I art     : Starting a blocking GC Explicit
08-04 03:23:39.091 15503 15515 I art     : Explicit concurrent mark sweep GC freed 3(96B) AllocSpace objects, 0(0B) LOS objects, 24% free, 48MB/64MB, paused 1.097ms total 32.327ms
08-04 03:23:39.101 15503 15515 I art     : Starting a blocking GC Explicit
08-04 03:23:39.134 15503 15515 I art     : Explicit concurrent mark sweep GC freed 3(96B) AllocSpace objects, 0(0B) LOS objects, 24% free, 48MB/64MB, paused 1.110ms total 32.745ms
08-04 03:23:39.421   518   646 I ThermalEngine: ACTION: GPU - Setting GPU[0] to 450000000
08-04 03:23:39.443 15503 15519 I art     : Starting a blocking GC Explicit
08-04 03:23:39.483 15503 15519 I art     : Explicit concurrent mark sweep GC freed 1380(81KB) AllocSpace objects, 1(20KB) LOS objects, 24% free, 48MB/64MB, paused 1.468ms total 39.520ms
08-04 03:23:39.495 15503 15519 I art     : Starting a blocking GC Explicit
08-04 03:23:39.536 15503 15519 I art     : Explicit concurrent mark sweep GC freed 23(752B) AllocSpace objects, 0(0B) LOS objects, 24% free, 48MB/64MB, paused 1.533ms total 40.072ms
08-04 03:23:39.548 15503 15519 I art     : Starting a blocking GC Explicit
08-04 03:23:39.590 15503 15519 I art     : Explicit concurrent mark sweep GC freed 3(96B) AllocSpace objects, 0(0B) LOS objects, 24% free, 48MB/64MB, paused 1.520ms total 40.927ms
08-04 03:23:39.600 15415 15415 I ServiceManager: Waiting for service AtCmdFwd...
08-04 03:23:39.602 15503 15519 I art     : Starting a blocking GC Explicit
08-04 03:23:39.617 18588 18588 D AndroidRuntime: >>>>>> START com.android.internal.os.RuntimeInit uid 2000 <<<<<<
08-04 03:23:39.623 18588 18588 D AndroidRuntime: CheckJNI is OFF
08-04 03:23:39.643 15503 15519 I art     : Explicit concurrent mark sweep GC freed 4(128B) AllocSpace objects, 0(0B) LOS objects, 24% free, 48MB/64MB, paused 1.428ms total 40.733ms
08-04 03:23:39.656 15503 15519 I art     : Starting a blocking GC Explicit
08-04 03:23:39.672 18588 18588 D ICU     : No timezone override file found: /data/misc/zoneinfo/current/icu/icu_tzdata.dat
08-04 03:23:39.696 15503 15519 I art     : Explicit concurrent mark sweep GC freed 9(288B) AllocSpace objects, 0(0B) LOS objects, 24% free, 48MB/64MB, paused 1.524ms total 39.913ms
08-04 03:23:39.718 18588 18588 I Radio-JNI: register_android_hardware_Radio DONE
08-04 03:23:39.745 18588 18588 D AndroidRuntime: Calling main entry com.android.commands.input.Input
08-04 03:23:39.748 18588 18588 I Input   : injectMotionEvent: MotionEvent { action=ACTION_DOWN, actionButton=0, id[0]=0, x[0]=603.0, y[0]=1061.0, toolType[0]=TOOL_TYPE_UNKNOWN, buttonState=0, metaState=0, flags=0x0, edgeFlags=0x0, pointerCount=1, historySize=0, eventTime=674636161, downTime=674636161, deviceId=0, source=0x1002 }
08-04 03:23:39.752 18588 18588 I Input   : injectMotionEvent: MotionEvent { action=ACTION_UP, actionButton=0, id[0]=0, x[0]=603.0, y[0]=1061.0, toolType[0]=TOOL_TYPE_UNKNOWN, buttonState=0, metaState=0, flags=0x0, edgeFlags=0x0, pointerCount=1, historySize=0, eventTime=674636161, downTime=674636161, deviceId=0, source=0x1002 }
08-04 03:23:39.757 18588 18588 D AndroidRuntime: Shutting down VM
08-04 03:23:39.775   512  2967 D audio_hw_primary: out_set_parameters: enter: usecase(1: low-latency-playback) kvpairs: routing=2
08-04 03:23:39.788   512  2967 D audio_hw_primary: select_devices: out_snd_device(2: speaker) in_snd_device(0: none)
08-04 03:23:39.788   512  2967 D msm8974_platform: platform_send_audio_calibration: sending audio calibration for snd_device(2) acdb_id(15)
08-04 03:23:39.788   512  2967 I soundtrigger: audio_extn_sound_trigger_update_device_status: device 0x2 of type 0 for Event 1
08-04 03:23:39.799   512  2967 D audio_hw_primary: enable_snd_device: snd_device(2: speaker)
08-04 03:23:39.801   512  2967 D audio_hw_primary: enable_audio_route: apply and update mixer path: low-latency-playback speaker
08-04 03:23:39.849 13866 13866 I GoogleInputMethodServic: GoogleInputMethodService.onFinishInput():3138 
08-04 03:23:39.850 13866 13866 I GoogleInputMethodServic: GoogleInputMethodService.onStartInput():1808 
08-04 03:23:40.031 15503 16044 I art     : Starting a blocking GC Explicit
08-04 03:23:40.076 15503 16044 I art     : Explicit concurrent mark sweep GC freed 4923(345KB) AllocSpace objects, 1(20KB) LOS objects, 24% free, 49MB/65MB, paused 2.043ms total 43.833ms
08-04 03:23:40.089 15503 16044 I art     : Starting a blocking GC Explicit
08-04 03:23:40.129 15503 16044 I art     : Explicit concurrent mark sweep GC freed 1807(90KB) AllocSpace objects, 1(220KB) LOS objects, 24% free, 49MB/65MB, paused 1.668ms total 39.853ms
08-04 03:23:40.142 15503 16044 I art     : Starting a blocking GC Explicit
08-04 03:23:40.182 15503 16044 I art     : Explicit concurrent mark sweep GC freed 34(1296B) AllocSpace objects, 0(0B) LOS objects, 24% free, 49MB/65MB, paused 1.548ms total 39.494ms
08-04 03:23:40.194 15503 16044 I art     : Starting a blocking GC Explicit
08-04 03:23:40.232 15503 16044 I art     : Explicit concurrent mark sweep GC freed 35(1312B) AllocSpace objects, 0(0B) LOS objects, 24% free, 49MB/65MB, paused 1.565ms total 38.517ms
08-04 03:23:40.245 15503 16044 I art     : Starting a blocking GC Explicit
08-04 03:23:40.283 15503 16044 I art     : Explicit concurrent mark sweep GC freed 33(1248B) AllocSpace objects, 0(0B) LOS objects, 24% free, 49MB/65MB, paused 1.528ms total 38.138ms
08-04 03:23:40.340   512  2967 D audio_hw_primary: disable_audio_route: reset and update mixer path: low-latency-playback speaker
08-04 03:23:40.340   512  2967 D audio_hw_primary: disable_snd_device: snd_device(2: speaker)
08-04 03:23:40.348   512  2967 I soundtrigger: audio_extn_sound_trigger_update_device_status: device 0x2 of type 0 for Event 0
08-04 03:23:40.601 15415 15415 I ServiceManager: Waiting for service AtCmdFwd...
08-04 03:23:40.630 15503 15519 I art     : Starting a blocking GC Explicit
08-04 03:23:40.670 15503 18614 I NAPPA_EXPERIMENTATION: MetricNetworkRequestExecutionTime: REQUEST_DURATION_SYSTEM='834',REQUEST_DURATION_OKHTTP='40',REQUEST_SYNCHRONOUS='TRUE',RESPONSE_CODE='200',RESPONSE_METHOD='GET',RESPONSE_LENGTH_OKHTTP='37507',RESPONSE_LENGTH_HEADER='37507',REQUEST_PROTOCOL='http/1.1',REQUEST_URL='https://gpodder.net/toplist/50.json',
08-04 03:23:40.671 15503 15519 I art     : Explicit concurrent mark sweep GC freed 4918(221KB) AllocSpace objects, 1(20KB) LOS objects, 24% free, 49MB/65MB, paused 1.680ms total 40.926ms
08-04 03:23:40.683 15503 18615 I NAPPA_EXPERIMENTATION: MetricNetworkRequestExecutionTime: REQUEST_DURATION_SYSTEM='846',REQUEST_DURATION_OKHTTP='51',REQUEST_SYNCHRONOUS='TRUE',RESPONSE_CODE='200',RESPONSE_METHOD='GET',RESPONSE_LENGTH_OKHTTP='2923',RESPONSE_LENGTH_HEADER='2923',REQUEST_PROTOCOL='http/1.1',REQUEST_URL='https://gpodder.net/api/2/tags/50.json',
08-04 03:23:40.685 15503 15519 I art     : Starting a blocking GC Explicit
08-04 03:23:40.711 15503 16439 D ApOkHttpUrlLoader: buildLoadData() called with: model = [http://sixgun.org/files/linuxoutlaws.jpg], width = [224], height = [224]
08-04 03:23:40.712 15503 16256 D DBReader: getImageAuthentication() called with: imageUrl = [http://sixgun.org/files/linuxoutlaws.jpg]
08-04 03:23:40.716 15503 16256 D ApOkHttpUrlLoader: no credentials for 'http://sixgun.org/files/linuxoutlaws.jpg'
08-04 03:23:40.726 15503 15519 I art     : Explicit concurrent mark sweep GC freed 4271(336KB) AllocSpace objects, 3(192KB) LOS objects, 24% free, 49MB/65MB, paused 2.124ms total 40.891ms
08-04 03:23:40.730 15503 16439 D ApOkHttpUrlLoader: buildLoadData() called with: model = [https://files.thisamericanlife.org/sites/all/themes/thislife/img/tal-name-1400x1400.png], width = [224], height = [224]
08-04 03:23:40.732 15503 16249 D DBReader: getImageAuthentication() called with: imageUrl = [https://files.thisamericanlife.org/sites/all/themes/thislife/img/tal-name-1400x1400.png]
08-04 03:23:40.736 15503 16249 D ApOkHttpUrlLoader: no credentials for 'https://files.thisamericanlife.org/sites/all/themes/thislife/img/tal-name-1400x1400.png'
08-04 03:23:40.737 15503 15519 I art     : Starting a blocking GC Explicit
08-04 03:23:40.741 15503 16439 D ApOkHttpUrlLoader: buildLoadData() called with: model = [https://elroy.twit.tv/sites/default/files/styles/twit_album_art_2048x2048/public/images/shows/floss_weekly/album_art/audio/floss_albumart_mask.jpg?itok=IUjxKpwt], width = [224], height = [224]
08-04 03:23:40.743 15503 16251 D DBReader: getImageAuthentication() called with: imageUrl = [https://elroy.twit.tv/sites/default/files/styles/twit_album_art_2048x2048/public/images/shows/floss_weekly/album_art/audio/floss_albumart_mask.jpg?itok=IUjxKpwt]
08-04 03:23:40.746 15503 16439 D ApOkHttpUrlLoader: buildLoadData() called with: model = [http://ichef.bbci.co.uk/images/ic/3000x3000/p07kfvzb.jpg], width = [224], height = [224]
08-04 03:23:40.746 15503 16251 D ApOkHttpUrlLoader: no credentials for 'https://elroy.twit.tv/sites/default/files/styles/twit_album_art_2048x2048/public/images/shows/floss_weekly/album_art/audio/floss_albumart_mask.jpg?itok=IUjxKpwt'
08-04 03:23:40.748 15503 16253 D DBReader: getImageAuthentication() called with: imageUrl = [http://ichef.bbci.co.uk/images/ic/3000x3000/p07kfvzb.jpg]
08-04 03:23:40.748 15503 16256 D DBWriter: updateFeedDownloadURL(original: http://sixgun.org/files/linuxoutlaws.jpg, updated: https://fab.industries/sixgun/files/linuxoutlaws.jpg)
08-04 03:23:40.754 15503 16253 D ApOkHttpUrlLoader: no credentials for 'http://ichef.bbci.co.uk/images/ic/3000x3000/p07kfvzb.jpg'
08-04 03:23:40.756 15503 16439 D ApOkHttpUrlLoader: buildLoadData() called with: model = [https://pl.tedcdn.com/rss_feed_images/ted_talks_main_podcast/video.png], width = [224], height = [224]
08-04 03:23:40.758 15503 16257 D DBReader: getImageAuthentication() called with: imageUrl = [https://pl.tedcdn.com/rss_feed_images/ted_talks_main_podcast/video.png]
08-04 03:23:40.761 15503 16257 D ApOkHttpUrlLoader: no credentials for 'https://pl.tedcdn.com/rss_feed_images/ted_talks_main_podcast/video.png'
08-04 03:23:40.764 15503 16439 D ApOkHttpUrlLoader: buildLoadData() called with: model = [https://elroy.twit.tv/sites/default/files/styles/twit_album_art_2048x2048/public/images/shows/this_week_in_tech/album_art/audio/twit1400audio.jpg?itok=J0vhatZb], width = [224], height = [224]
08-04 03:23:40.766 15503 16258 D DBReader: getImageAuthentication() called with: imageUrl = [https://elroy.twit.tv/sites/default/files/styles/twit_album_art_2048x2048/public/images/shows/this_week_in_tech/album_art/audio/twit1400audio.jpg?itok=J0vhatZb]
08-04 03:23:40.769 15503 16258 D ApOkHttpUrlLoader: no credentials for 'https://elroy.twit.tv/sites/default/files/styles/twit_album_art_2048x2048/public/images/shows/this_week_in_tech/album_art/audio/twit1400audio.jpg?itok=J0vhatZb'
08-04 03:23:40.772 15503 16439 D ApOkHttpUrlLoader: buildLoadData() called with: model = [http://ichef.bbci.co.uk/images/ic/3000x3000/p03gtk3j.jpg], width = [224], height = [224]
08-04 03:23:40.773 15503 16255 D DBReader: getImageAuthentication() called with: imageUrl = [http://ichef.bbci.co.uk/images/ic/3000x3000/p03gtk3j.jpg]
08-04 03:23:40.777 15503 16255 D ApOkHttpUrlLoader: no credentials for 'http://ichef.bbci.co.uk/images/ic/3000x3000/p03gtk3j.jpg'
08-04 03:23:40.778 15503 15519 I art     : Explicit concurrent mark sweep GC freed 2849(196KB) AllocSpace objects, 0(0B) LOS objects, 24% free, 49MB/65MB, paused 2.451ms total 40.493ms
08-04 03:23:40.790 15503 15519 I art     : Starting a blocking GC Explicit
08-04 03:23:40.810 15503 16253 D MYTAG   : interceptor 2a
08-04 03:23:40.810 15503 16253 I NAPPA_EXPERIMENTATION: MetricNetworkRequestExecutionTime: REQUEST_DURATION_SYSTEM='56',REQUEST_DURATION_OKHTTP='49',REQUEST_SYNCHRONOUS='TRUE',RESPONSE_CODE='200',RESPONSE_METHOD='GET',RESPONSE_LENGTH_OKHTTP='589826',RESPONSE_LENGTH_HEADER='589826',REQUEST_PROTOCOL='http/1.1',REQUEST_URL='http://ichef.bbci.co.uk/images/ic/3000x3000/p07kfvzb.jpg',
08-04 03:23:40.830 15503 15519 I art     : Explicit concurrent mark sweep GC freed 1332(96KB) AllocSpace objects, 0(0B) LOS objects, 24% free, 49MB/65MB, paused 1.754ms total 40.117ms
08-04 03:23:40.842 15503 15519 I art     : Starting a blocking GC Explicit
08-04 03:23:40.848 15503 16255 D MYTAG   : interceptor 2a
08-04 03:23:40.851 15503 16255 I NAPPA_EXPERIMENTATION: MetricNetworkRequestExecutionTime: REQUEST_DURATION_SYSTEM='71',REQUEST_DURATION_OKHTTP='67',REQUEST_SYNCHRONOUS='TRUE',RESPONSE_CODE='200',RESPONSE_METHOD='GET',RESPONSE_LENGTH_OKHTTP='814284',RESPONSE_LENGTH_HEADER='814284',REQUEST_PROTOCOL='http/1.1',REQUEST_URL='http://ichef.bbci.co.uk/images/ic/3000x3000/p03gtk3j.jpg',
08-04 03:23:40.881 15503 15519 I art     : Explicit concurrent mark sweep GC freed 385(28KB) AllocSpace objects, 0(0B) LOS objects, 24% free, 49MB/65MB, paused 1.660ms total 38.722ms
08-04 03:23:40.992 15503 16249 D MYTAG   : interceptor 2a
08-04 03:23:40.992 15503 16249 I NAPPA_EXPERIMENTATION: MetricNetworkRequestExecutionTime: REQUEST_DURATION_SYSTEM='256',REQUEST_DURATION_OKHTTP='75',REQUEST_SYNCHRONOUS='TRUE',RESPONSE_CODE='200',RESPONSE_METHOD='GET',RESPONSE_LENGTH_OKHTTP='52553',RESPONSE_LENGTH_HEADER='52553',REQUEST_PROTOCOL='http/1.1',REQUEST_URL='https://files.thisamericanlife.org/sites/all/themes/thislife/img/tal-name-1400x1400.png',
08-04 03:23:41.116 15503 16251 D MYTAG   : interceptor 2a
08-04 03:23:41.117 15503 16251 I NAPPA_EXPERIMENTATION: MetricNetworkRequestExecutionTime: REQUEST_DURATION_SYSTEM='369',REQUEST_DURATION_OKHTTP='200',REQUEST_SYNCHRONOUS='TRUE',RESPONSE_CODE='200',RESPONSE_METHOD='GET',RESPONSE_LENGTH_OKHTTP='297964',RESPONSE_LENGTH_HEADER='297964',REQUEST_PROTOCOL='h2',REQUEST_URL='https://elroy.twit.tv/sites/default/files/styles/twit_album_art_2048x2048/public/images/shows/floss_weekly/album_art/audio/floss_albumart_mask.jpg?itok=IUjxKpwt',
08-04 03:23:41.155 15503 16256 D MYTAG   : interceptor 2a
08-04 03:23:41.155 15503 16256 I NAPPA_EXPERIMENTATION: MetricNetworkRequestExecutionTime: REQUEST_DURATION_SYSTEM='439',REQUEST_DURATION_OKHTTP='241',REQUEST_SYNCHRONOUS='TRUE',RESPONSE_CODE='404',RESPONSE_METHOD='GET',RESPONSE_LENGTH_OKHTTP='-1',RESPONSE_LENGTH_HEADER='1503',REQUEST_PROTOCOL='h2',REQUEST_URL='https://fab.industries/sixgun/files/linuxoutlaws.jpg',
08-04 03:23:41.158 15503 15503 W Glide   : Load failed for http://sixgun.org/files/linuxoutlaws.jpg with size [224x224]
08-04 03:23:41.158 15503 15503 W Glide   : class com.bumptech.glide.load.engine.GlideException: Failed to load resource
08-04 03:23:41.158 15503 15503 W Glide   : There was 1 cause:
08-04 03:23:41.158 15503 15503 W Glide   : com.bumptech.glide.load.HttpException()
08-04 03:23:41.158 15503 15503 W Glide   :  call GlideException#logRootCauses(String) for more detail
08-04 03:23:41.158 15503 15503 W Glide   :   Cause (1 of 1): class com.bumptech.glide.load.engine.GlideException: Fetching data failed, class java.io.InputStream, REMOTE
08-04 03:23:41.158 15503 15503 W Glide   : There was 1 cause:
08-04 03:23:41.158 15503 15503 W Glide   : com.bumptech.glide.load.HttpException()
08-04 03:23:41.158 15503 15503 W Glide   :  call GlideException#logRootCauses(String) for more detail
08-04 03:23:41.158 15503 15503 W Glide   :     Cause (1 of 1): class com.bumptech.glide.load.HttpException: 
08-04 03:23:41.159 15503 15503 I Glide   : Root cause (1 of 1)
08-04 03:23:41.159 15503 15503 I Glide   : com.bumptech.glide.load.HttpException: 
08-04 03:23:41.159 15503 15503 I Glide   : 	at com.bumptech.glide.integration.okhttp3.OkHttpStreamFetcher.onResponse(OkHttpStreamFetcher.java:73)
08-04 03:23:41.159 15503 15503 I Glide   : 	at okhttp3.RealCall$AsyncCall.execute(RealCall.java:174)
08-04 03:23:41.159 15503 15503 I Glide   : 	at okhttp3.internal.NamedRunnable.run(NamedRunnable.java:32)
08-04 03:23:41.159 15503 15503 I Glide   : 	at java.util.concurrent.ThreadPoolExecutor.runWorker(ThreadPoolExecutor.java:1113)
08-04 03:23:41.159 15503 15503 I Glide   : 	at java.util.concurrent.ThreadPoolExecutor$Worker.run(ThreadPoolExecutor.java:588)
08-04 03:23:41.159 15503 15503 I Glide   : 	at java.lang.Thread.run(Thread.java:818)
08-04 03:23:41.159 15503 16257 D MYTAG   : interceptor 2a
08-04 03:23:41.160 15503 15503 W Glide   : Load failed for http://sixgun.org/files/linuxoutlaws.jpg with size [224x224]
08-04 03:23:41.160 15503 15503 W Glide   : class com.bumptech.glide.load.engine.GlideException: Failed to load resource
08-04 03:23:41.160 15503 15503 W Glide   : There was 1 cause:
08-04 03:23:41.160 15503 15503 W Glide   : com.bumptech.glide.load.HttpException()
08-04 03:23:41.160 15503 15503 W Glide   :  call GlideException#logRootCauses(String) for more detail
08-04 03:23:41.160 15503 15503 W Glide   :   Cause (1 of 1): class com.bumptech.glide.load.engine.GlideException: Fetching data failed, class java.io.InputStream, REMOTE
08-04 03:23:41.160 15503 15503 W Glide   : There was 1 cause:
08-04 03:23:41.160 15503 15503 W Glide   : com.bumptech.glide.load.HttpException()
08-04 03:23:41.160 15503 15503 W Glide   :  call GlideException#logRootCauses(String) for more detail
08-04 03:23:41.160 15503 15503 W Glide   :     Cause (1 of 1): class com.bumptech.glide.load.HttpException: 
08-04 03:23:41.160 15503 16257 I NAPPA_EXPERIMENTATION: MetricNetworkRequestExecutionTime: REQUEST_DURATION_SYSTEM='398',REQUEST_DURATION_OKHTTP='232',REQUEST_SYNCHRONOUS='TRUE',RESPONSE_CODE='200',RESPONSE_METHOD='GET',RESPONSE_LENGTH_OKHTTP='89986',RESPONSE_LENGTH_HEADER='89986',REQUEST_PROTOCOL='h2',REQUEST_URL='https://pl.tedcdn.com/rss_feed_images/ted_talks_main_podcast/video.png',
08-04 03:23:41.160 15503 15503 I Glide   : Root cause (1 of 1)
08-04 03:23:41.160 15503 15503 I Glide   : com.bumptech.glide.load.HttpException: 
08-04 03:23:41.160 15503 15503 I Glide   : 	at com.bumptech.glide.integration.okhttp3.OkHttpStreamFetcher.onResponse(OkHttpStreamFetcher.java:73)
08-04 03:23:41.160 15503 15503 I Glide   : 	at okhttp3.RealCall$AsyncCall.execute(RealCall.java:174)
08-04 03:23:41.160 15503 15503 I Glide   : 	at okhttp3.internal.NamedRunnable.run(NamedRunnable.java:32)
08-04 03:23:41.160 15503 15503 I Glide   : 	at java.util.concurrent.ThreadPoolExecutor.runWorker(ThreadPoolExecutor.java:1113)
08-04 03:23:41.160 15503 15503 I Glide   : 	at java.util.concurrent.ThreadPoolExecutor$Worker.run(ThreadPoolExecutor.java:588)
08-04 03:23:41.160 15503 15503 I Glide   : 	at java.lang.Thread.run(Thread.java:818)
08-04 03:23:41.203 15503 15519 I art     : Starting a blocking GC Explicit
08-04 03:23:41.210 15503 16258 D MYTAG   : interceptor 2a
08-04 03:23:41.210 15503 16258 I NAPPA_EXPERIMENTATION: MetricNetworkRequestExecutionTime: REQUEST_DURATION_SYSTEM='441',REQUEST_DURATION_OKHTTP='280',REQUEST_SYNCHRONOUS='TRUE',RESPONSE_CODE='200',RESPONSE_METHOD='GET',RESPONSE_LENGTH_OKHTTP='465707',RESPONSE_LENGTH_HEADER='465707',REQUEST_PROTOCOL='h2',REQUEST_URL='https://elroy.twit.tv/sites/default/files/styles/twit_album_art_2048x2048/public/images/shows/this_week_in_tech/album_art/audio/twit1400audio.jpg?itok=J0vhatZb',
08-04 03:23:41.245 15503 15519 I art     : Explicit concurrent mark sweep GC freed 13595(761KB) AllocSpace objects, 1(20KB) LOS objects, 24% free, 50MB/66MB, paused 1.613ms total 41.551ms
08-04 03:23:41.259 15503 15519 I art     : Starting a blocking GC Explicit
08-04 03:23:41.288 15503 16439 D ApOkHttpUrlLoader: buildLoadData() called with: model = [http://sixgun.org/files/linuxoutlaws.jpg], width = [224], height = [224]
08-04 03:23:41.289 15503 16258 D DBReader: getImageAuthentication() called with: imageUrl = [http://sixgun.org/files/linuxoutlaws.jpg]
08-04 03:23:41.293 15503 16258 D ApOkHttpUrlLoader: no credentials for 'http://sixgun.org/files/linuxoutlaws.jpg'
08-04 03:23:41.297 15503 15519 I art     : Explicit concurrent mark sweep GC freed 1233(54KB) AllocSpace objects, 0(0B) LOS objects, 23% free, 50MB/66MB, paused 2.096ms total 38.224ms
08-04 03:23:41.309 15503 15519 I art     : Starting a blocking GC Explicit
08-04 03:23:41.329 15503 16258 D DBWriter: updateFeedDownloadURL(original: http://sixgun.org/files/linuxoutlaws.jpg, updated: https://fab.industries/sixgun/files/linuxoutlaws.jpg)
08-04 03:23:41.347 15503 15519 I art     : Explicit concurrent mark sweep GC freed 606(45KB) AllocSpace objects, 0(0B) LOS objects, 23% free, 50MB/66MB, paused 1.968ms total 37.853ms
08-04 03:23:41.359 15503 15519 I art     : Starting a blocking GC Explicit
08-04 03:23:41.396 15503 15519 I art     : Explicit concurrent mark sweep GC freed 188(7KB) AllocSpace objects, 0(0B) LOS objects, 23% free, 50MB/66MB, paused 1.505ms total 36.476ms
08-04 03:23:41.408 15503 15519 I art     : Starting a blocking GC Explicit
08-04 03:23:41.446 15503 15519 I art     : Explicit concurrent mark sweep GC freed 5(176B) AllocSpace objects, 0(0B) LOS objects, 23% free, 50MB/66MB, paused 1.515ms total 37.821ms
08-04 03:23:41.464 15503 16258 D MYTAG   : interceptor 2a
08-04 03:23:41.465 15503 16258 I NAPPA_EXPERIMENTATION: MetricNetworkRequestExecutionTime: REQUEST_DURATION_SYSTEM='171',REQUEST_DURATION_OKHTTP='132',REQUEST_SYNCHRONOUS='TRUE',RESPONSE_CODE='404',RESPONSE_METHOD='GET',RESPONSE_LENGTH_OKHTTP='-1',RESPONSE_LENGTH_HEADER='1503',REQUEST_PROTOCOL='h2',REQUEST_URL='https://fab.industries/sixgun/files/linuxoutlaws.jpg',
08-04 03:23:41.474 15503 15503 W Glide   : Load failed for http://sixgun.org/files/linuxoutlaws.jpg with size [224x224]
08-04 03:23:41.474 15503 15503 W Glide   : class com.bumptech.glide.load.engine.GlideException: Failed to load resource
08-04 03:23:41.474 15503 15503 W Glide   : There was 1 cause:
08-04 03:23:41.474 15503 15503 W Glide   : com.bumptech.glide.load.HttpException()
08-04 03:23:41.474 15503 15503 W Glide   :  call GlideException#logRootCauses(String) for more detail
08-04 03:23:41.474 15503 15503 W Glide   :   Cause (1 of 1): class com.bumptech.glide.load.engine.GlideException: Fetching data failed, class java.io.InputStream, REMOTE
08-04 03:23:41.474 15503 15503 W Glide   : There was 1 cause:
08-04 03:23:41.474 15503 15503 W Glide   : com.bumptech.glide.load.HttpException()
08-04 03:23:41.474 15503 15503 W Glide   :  call GlideException#logRootCauses(String) for more detail
08-04 03:23:41.474 15503 15503 W Glide   :     Cause (1 of 1): class com.bumptech.glide.load.HttpException: 
08-04 03:23:41.475 15503 15503 I Glide   : Root cause (1 of 1)
08-04 03:23:41.475 15503 15503 I Glide   : com.bumptech.glide.load.HttpException: 
08-04 03:23:41.475 15503 15503 I Glide   : 	at com.bumptech.glide.integration.okhttp3.OkHttpStreamFetcher.onResponse(OkHttpStreamFetcher.java:73)
08-04 03:23:41.475 15503 15503 I Glide   : 	at okhttp3.RealCall$AsyncCall.execute(RealCall.java:174)
08-04 03:23:41.475 15503 15503 I Glide   : 	at okhttp3.internal.NamedRunnable.run(NamedRunnable.java:32)
08-04 03:23:41.475 15503 15503 I Glide   : 	at java.util.concurrent.ThreadPoolExecutor.runWorker(ThreadPoolExecutor.java:1113)
08-04 03:23:41.475 15503 15503 I Glide   : 	at java.util.concurrent.ThreadPoolExecutor$Worker.run(ThreadPoolExecutor.java:588)
08-04 03:23:41.475 15503 15503 I Glide   : 	at java.lang.Thread.run(Thread.java:818)
08-04 03:23:41.525 15503 16439 D ApOkHttpUrlLoader: buildLoadData() called with: model = [http://sixgun.org/files/linuxoutlaws.jpg], width = [224], height = [224]
08-04 03:23:41.526 15503 16258 D DBReader: getImageAuthentication() called with: imageUrl = [http://sixgun.org/files/linuxoutlaws.jpg]
08-04 03:23:41.532 15503 16258 D ApOkHttpUrlLoader: no credentials for 'http://sixgun.org/files/linuxoutlaws.jpg'
08-04 03:23:41.564 15503 16258 D DBWriter: updateFeedDownloadURL(original: http://sixgun.org/files/linuxoutlaws.jpg, updated: https://fab.industries/sixgun/files/linuxoutlaws.jpg)
08-04 03:23:41.602 15415 15415 I ServiceManager: Waiting for service AtCmdFwd...
08-04 03:23:41.700 15503 16258 D MYTAG   : interceptor 2a
08-04 03:23:41.700 15503 16258 I NAPPA_EXPERIMENTATION: MetricNetworkRequestExecutionTime: REQUEST_DURATION_SYSTEM='168',REQUEST_DURATION_OKHTTP='132',REQUEST_SYNCHRONOUS='TRUE',RESPONSE_CODE='404',RESPONSE_METHOD='GET',RESPONSE_LENGTH_OKHTTP='-1',RESPONSE_LENGTH_HEADER='1503',REQUEST_PROTOCOL='h2',REQUEST_URL='https://fab.industries/sixgun/files/linuxoutlaws.jpg',
08-04 03:23:41.702 15503 15503 W Glide   : Load failed for http://sixgun.org/files/linuxoutlaws.jpg with size [224x224]
08-04 03:23:41.702 15503 15503 W Glide   : class com.bumptech.glide.load.engine.GlideException: Failed to load resource
08-04 03:23:41.702 15503 15503 W Glide   : There was 1 cause:
08-04 03:23:41.702 15503 15503 W Glide   : com.bumptech.glide.load.HttpException()
08-04 03:23:41.702 15503 15503 W Glide   :  call GlideException#logRootCauses(String) for more detail
08-04 03:23:41.702 15503 15503 W Glide   :   Cause (1 of 1): class com.bumptech.glide.load.engine.GlideException: Fetching data failed, class java.io.InputStream, REMOTE
08-04 03:23:41.702 15503 15503 W Glide   : There was 1 cause:
08-04 03:23:41.702 15503 15503 W Glide   : com.bumptech.glide.load.HttpException()
08-04 03:23:41.702 15503 15503 W Glide   :  call GlideException#logRootCauses(String) for more detail
08-04 03:23:41.702 15503 15503 W Glide   :     Cause (1 of 1): class com.bumptech.glide.load.HttpException: 
08-04 03:23:41.702 15503 15503 I Glide   : Root cause (1 of 1)
08-04 03:23:41.702 15503 15503 I Glide   : com.bumptech.glide.load.HttpException: 
08-04 03:23:41.702 15503 15503 I Glide   : 	at com.bumptech.glide.integration.okhttp3.OkHttpStreamFetcher.onResponse(OkHttpStreamFetcher.java:73)
08-04 03:23:41.702 15503 15503 I Glide   : 	at okhttp3.RealCall$AsyncCall.execute(RealCall.java:174)
08-04 03:23:41.702 15503 15503 I Glide   : 	at okhttp3.internal.NamedRunnable.run(NamedRunnable.java:32)
08-04 03:23:41.702 15503 15503 I Glide   : 	at java.util.concurrent.ThreadPoolExecutor.runWorker(ThreadPoolExecutor.java:1113)
08-04 03:23:41.702 15503 15503 I Glide   : 	at java.util.concurrent.ThreadPoolExecutor$Worker.run(ThreadPoolExecutor.java:588)
08-04 03:23:41.702 15503 15503 I Glide   : 	at java.lang.Thread.run(Thread.java:818)
08-04 03:23:41.793 15503 15530 I art     : Starting a blocking GC Explicit
08-04 03:23:41.846 15503 15530 I art     : Explicit concurrent mark sweep GC freed 2995(223KB) AllocSpace objects, 1(20KB) LOS objects, 23% free, 50MB/66MB, paused 1.770ms total 52.620ms
08-04 03:23:41.862 15503 15530 I art     : Starting a blocking GC Explicit
08-04 03:23:41.909 15503 15530 I art     : Explicit concurrent mark sweep GC freed 97(3KB) AllocSpace objects, 0(0B) LOS objects, 23% free, 50MB/66MB, paused 1.600ms total 46.311ms
08-04 03:23:41.922 15503 15530 I art     : Starting a blocking GC Explicit
08-04 03:23:41.970 15503 15530 I art     : Explicit concurrent mark sweep GC freed 3(96B) AllocSpace objects, 0(0B) LOS objects, 23% free, 50MB/66MB, paused 1.579ms total 47.696ms
08-04 03:23:41.985 15503 15530 I art     : Starting a blocking GC Explicit
08-04 03:23:42.032 15503 15530 I art     : Explicit concurrent mark sweep GC freed 3(96B) AllocSpace objects, 0(0B) LOS objects, 23% free, 50MB/66MB, paused 1.607ms total 46.684ms
08-04 03:23:42.045 15503 15530 I art     : Starting a blocking GC Explicit
08-04 03:23:42.093 15503 15530 I art     : Explicit concurrent mark sweep GC freed 32(880B) AllocSpace objects, 0(0B) LOS objects, 23% free, 50MB/66MB, paused 1.643ms total 47.479ms
08-04 03:23:42.487 15503 16045 I art     : Starting a blocking GC Explicit
08-04 03:23:42.529 15503 16045 I art     : Explicit concurrent mark sweep GC freed 1436(82KB) AllocSpace objects, 1(20KB) LOS objects, 23% free, 50MB/66MB, paused 1.498ms total 42.611ms
08-04 03:23:42.542 15503 16045 I art     : Starting a blocking GC Explicit
08-04 03:23:42.580 15503 16045 I art     : Explicit concurrent mark sweep GC freed 47(1552B) AllocSpace objects, 0(0B) LOS objects, 23% free, 50MB/66MB, paused 1.479ms total 38.148ms
08-04 03:23:42.593 15503 16045 I art     : Starting a blocking GC Explicit
08-04 03:23:42.602 15415 15415 W Atfwd_Sendcmd: AtCmdFwd service not published, waiting... retryCnt : 4
08-04 03:23:42.638 15503 16045 I art     : Explicit concurrent mark sweep GC freed 3(96B) AllocSpace objects, 0(0B) LOS objects, 23% free, 50MB/66MB, paused 1.697ms total 44.595ms
08-04 03:23:42.651 15503 16045 I art     : Starting a blocking GC Explicit
08-04 03:23:42.697 15503 16045 I art     : Explicit concurrent mark sweep GC freed 3(96B) AllocSpace objects, 0(0B) LOS objects, 23% free, 50MB/66MB, paused 1.650ms total 46.117ms
08-04 03:23:42.711 15503 16045 I art     : Starting a blocking GC Explicit
08-04 03:23:42.759 15503 16045 I art     : Explicit concurrent mark sweep GC freed 3(96B) AllocSpace objects, 0(0B) LOS objects, 23% free, 50MB/66MB, paused 1.715ms total 47.688ms
08-04 03:23:43.161 15503 15530 I art     : Starting a blocking GC Explicit
08-04 03:23:43.224 15503 15530 I art     : Explicit concurrent mark sweep GC freed 1410(81KB) AllocSpace objects, 1(20KB) LOS objects, 23% free, 50MB/66MB, paused 1.651ms total 61.187ms
08-04 03:23:43.239 15503 15530 I art     : Starting a blocking GC Explicit
08-04 03:23:43.284 15503 15530 I art     : Explicit concurrent mark sweep GC freed 23(752B) AllocSpace objects, 0(0B) LOS objects, 23% free, 50MB/66MB, paused 1.532ms total 44.452ms
08-04 03:23:43.297 15503 15530 I art     : Starting a blocking GC Explicit
08-04 03:23:43.344 15503 15530 I art     : Explicit concurrent mark sweep GC freed 3(96B) AllocSpace objects, 0(0B) LOS objects, 23% free, 50MB/66MB, paused 1.598ms total 46.181ms
08-04 03:23:43.357 15503 15530 I art     : Starting a blocking GC Explicit
08-04 03:23:43.404 15503 15530 I art     : Explicit concurrent mark sweep GC freed 3(96B) AllocSpace objects, 0(0B) LOS objects, 23% free, 50MB/66MB, paused 1.664ms total 46.590ms
08-04 03:23:43.417 15503 15530 I art     : Starting a blocking GC Explicit
08-04 03:23:43.465 15503 15530 I art     : Explicit concurrent mark sweep GC freed 3(96B) AllocSpace objects, 0(0B) LOS objects, 23% free, 50MB/66MB, paused 1.652ms total 47.628ms
08-04 03:23:43.848 15503 15515 I art     : Starting a blocking GC Explicit
08-04 03:23:43.909 15503 15515 I art     : Explicit concurrent mark sweep GC freed 1381(81KB) AllocSpace objects, 1(20KB) LOS objects, 23% free, 50MB/66MB, paused 1.623ms total 61.145ms
08-04 03:23:43.923 15503 15515 I art     : Starting a blocking GC Explicit
08-04 03:23:43.971 15503 15515 I art     : Explicit concurrent mark sweep GC freed 23(752B) AllocSpace objects, 0(0B) LOS objects, 23% free, 50MB/66MB, paused 1.626ms total 48.294ms
08-04 03:23:43.985 15503 15515 I art     : Starting a blocking GC Explicit
08-04 03:23:44.032 15503 15515 I art     : Explicit concurrent mark sweep GC freed 3(96B) AllocSpace objects, 0(0B) LOS objects, 23% free, 50MB/66MB, paused 1.540ms total 47.022ms
08-04 03:23:44.045 15503 15515 I art     : Starting a blocking GC Explicit
08-04 03:23:44.093 15503 15515 I art     : Explicit concurrent mark sweep GC freed 32(880B) AllocSpace objects, 0(0B) LOS objects, 23% free, 50MB/66MB, paused 1.623ms total 47.255ms
08-04 03:23:44.106 15503 15515 I art     : Starting a blocking GC Explicit
08-04 03:23:44.153 15503 15515 I art     : Explicit concurrent mark sweep GC freed 3(96B) AllocSpace objects, 0(0B) LOS objects, 23% free, 50MB/66MB, paused 1.521ms total 46.735ms
08-04 03:23:44.429   518   646 I ThermalEngine: ACTION: GPU - Setting GPU[0] to 510000000
08-04 03:23:44.508 15503 15519 I art     : Starting a blocking GC Explicit
08-04 03:23:44.555 15503 15519 I art     : Explicit concurrent mark sweep GC freed 1382(82KB) AllocSpace objects, 1(20KB) LOS objects, 23% free, 50MB/66MB, paused 1.337ms total 46.572ms
08-04 03:23:44.567 15503 15519 I art     : Starting a blocking GC Explicit
08-04 03:23:44.602 15503 15519 I art     : Explicit concurrent mark sweep GC freed 23(752B) AllocSpace objects, 0(0B) LOS objects, 23% free, 50MB/66MB, paused 1.230ms total 35.402ms
08-04 03:23:44.613 15503 15519 I art     : Starting a blocking GC Explicit
08-04 03:23:44.649 15503 15519 I art     : Explicit concurrent mark sweep GC freed 3(96B) AllocSpace objects, 0(0B) LOS objects, 23% free, 50MB/66MB, paused 1.250ms total 35.957ms
08-04 03:23:44.659 15503 15519 I art     : Starting a blocking GC Explicit
08-04 03:23:44.695 15503 15519 I art     : Explicit concurrent mark sweep GC freed 3(96B) AllocSpace objects, 0(0B) LOS objects, 23% free, 50MB/66MB, paused 1.213ms total 35.315ms
08-04 03:23:44.705 15503 15519 I art     : Starting a blocking GC Explicit
08-04 03:23:44.741 15503 15519 I art     : Explicit concurrent mark sweep GC freed 3(96B) AllocSpace objects, 0(0B) LOS objects, 23% free, 50MB/66MB, paused 1.207ms total 35.231ms
08-04 03:23:44.935   918   918 I ActivityManager: Start proc 18710:com.google.android.videos/u0a72 for service com.google.android.videos/androidx.work.impl.background.systemjob.SystemJobService
08-04 03:23:45.090 15503 15515 I art     : Starting a blocking GC Explicit
08-04 03:23:45.124 15503 15515 I art     : Explicit concurrent mark sweep GC freed 1455(84KB) AllocSpace objects, 1(20KB) LOS objects, 23% free, 50MB/66MB, paused 1.115ms total 33.613ms
08-04 03:23:45.134 15503 15515 I art     : Starting a blocking GC Explicit
08-04 03:23:45.165 15503 15515 I art     : Explicit concurrent mark sweep GC freed 29(976B) AllocSpace objects, 0(0B) LOS objects, 23% free, 50MB/66MB, paused 1.107ms total 30.646ms
08-04 03:23:45.174 15503 15515 I art     : Starting a blocking GC Explicit
08-04 03:23:45.204 15503 15515 I art     : Explicit concurrent mark sweep GC freed 3(96B) AllocSpace objects, 0(0B) LOS objects, 23% free, 50MB/66MB, paused 1.038ms total 29.492ms
08-04 03:23:45.213 15503 15515 I art     : Starting a blocking GC Explicit
08-04 03:23:45.243 15503 15515 I art     : Explicit concurrent mark sweep GC freed 3(96B) AllocSpace objects, 0(0B) LOS objects, 23% free, 50MB/66MB, paused 1.071ms total 29.741ms
08-04 03:23:45.253 15503 15515 I art     : Starting a blocking GC Explicit
08-04 03:23:45.283 15503 15515 I art     : Explicit concurrent mark sweep GC freed 3(96B) AllocSpace objects, 0(0B) LOS objects, 23% free, 50MB/66MB, paused 1.012ms total 29.612ms
08-04 03:23:45.378   918  6029 I AccountManagerService: getTypesVisibleToCaller: isPermitted? true
08-04 03:23:45.456   918  3961 I AccountManagerService: getTypesVisibleToCaller: isPermitted? true
08-04 03:23:45.573 15503 15519 I art     : Starting a blocking GC Explicit
08-04 03:23:45.582 18710 18755 W PlayMovies: enb.run:2 User config found
08-04 03:23:45.582 18710 18755 W PlayMovies: 
08-04 03:23:45.608 15503 15519 I art     : Explicit concurrent mark sweep GC freed 1382(82KB) AllocSpace objects, 1(20KB) LOS objects, 23% free, 50MB/66MB, paused 1.455ms total 34.004ms
08-04 03:23:45.618 15503 15519 I art     : Starting a blocking GC Explicit
08-04 03:23:45.651 15503 15519 I art     : Explicit concurrent mark sweep GC freed 23(752B) AllocSpace objects, 0(0B) LOS objects, 23% free, 50MB/66MB, paused 1.340ms total 32.425ms
08-04 03:23:45.661 15503 15519 I art     : Starting a blocking GC Explicit
08-04 03:23:45.692 15503 15519 I art     : Explicit concurrent mark sweep GC freed 3(96B) AllocSpace objects, 0(0B) LOS objects, 23% free, 50MB/66MB, paused 1.039ms total 30.943ms
08-04 03:23:45.692 15503 15514 I art     : WaitForGcToComplete blocked for 20.412ms for cause HeapTrim
08-04 03:23:45.702 15503 15519 I art     : Starting a blocking GC Explicit
08-04 03:23:45.703 18710 18710 W PlayMovies: bkd.onCreate:75 Installer Package: com.android.vending
08-04 03:23:45.703 18710 18710 W PlayMovies: 
08-04 03:23:45.731 15503 15519 I art     : Explicit concurrent mark sweep GC freed 3(96B) AllocSpace objects, 0(0B) LOS objects, 23% free, 50MB/66MB, paused 1.158ms total 29.656ms
08-04 03:23:45.741 15503 15519 I art     : Starting a blocking GC Explicit
08-04 03:23:45.771 15503 15519 I art     : Explicit concurrent mark sweep GC freed 3(96B) AllocSpace objects, 0(0B) LOS objects, 23% free, 50MB/66MB, paused 1.040ms total 29.897ms
08-04 03:23:45.796 18710 18710 W MediaSessionCompat: Couldn't find a unique registered media button receiver in the given context.
08-04 03:23:45.851 23593 23615 I Finsky  : [5621] zbz.a(25): Will not allow first-party apps signed by test keys
08-04 03:23:45.852 23593 23615 I Finsky  : [5621] box.a(8): Received content filters request from com.google.android.videos
08-04 03:23:45.879 18710 18771 W PlayMovies: MoviesWorkerWrapper.e:2 Worker was stopped for task with tags: [refresh_license_delayed_forced, com.google.android.apps.play.movies.common.service.workmanager.MoviesWorkerWrapper]
08-04 03:23:45.879 18710 18771 W PlayMovies: 
08-04 03:23:45.939 18710 18769 E WM-WorkerWrapper: Didn't find WorkSpec for id 54b97b6b-ac28-463d-b226-8f0dd1789b63
08-04 03:23:46.006 18710 18785 W PlayMovies: eqo.a:2 Start clean up task with reason 1
08-04 03:23:46.006 18710 18785 W PlayMovies: 
08-04 03:23:46.006 18710 18785 W PlayMovies: eqo.a:3 Start cleanup unpinned content
08-04 03:23:46.006 18710 18785 W PlayMovies: 
08-04 03:23:46.010 18710 18785 W PlayMovies: eqo.a:31 Done cleanup unpinned content: removed 0 files
08-04 03:23:46.010 18710 18785 W PlayMovies: 
08-04 03:23:46.017 18710 18710 E BACKGROUND_QUIT_SAFELY: pending jobs == 0
08-04 03:23:46.022   918  6111 I ActivityManager: Killing 11864:nappagreedy.com.newsblur/u0a655 (adj 15): empty #17
08-04 03:23:46.060 15503 16044 I art     : Starting a blocking GC Explicit
08-04 03:23:46.093 15503 16044 I art     : Explicit concurrent mark sweep GC freed 1416(82KB) AllocSpace objects, 1(20KB) LOS objects, 23% free, 50MB/66MB, paused 1.219ms total 32.015ms
08-04 03:23:46.102 15503 16044 I art     : Starting a blocking GC Explicit
08-04 03:23:46.136 15503 16044 I art     : Explicit concurrent mark sweep GC freed 23(752B) AllocSpace objects, 0(0B) LOS objects, 23% free, 50MB/66MB, paused 1.178ms total 33.426ms
08-04 03:23:46.146 15503 16044 I art     : Starting a blocking GC Explicit
08-04 03:23:46.179 15503 16044 I art     : Explicit concurrent mark sweep GC freed 3(96B) AllocSpace objects, 0(0B) LOS objects, 23% free, 50MB/66MB, paused 1.218ms total 32.647ms
08-04 03:23:46.189 15503 16044 I art     : Starting a blocking GC Explicit
08-04 03:23:46.222 15503 16044 I art     : Explicit concurrent mark sweep GC freed 3(96B) AllocSpace objects, 0(0B) LOS objects, 23% free, 50MB/66MB, paused 1.178ms total 33.116ms
08-04 03:23:46.232 15503 16044 I art     : Starting a blocking GC Explicit
08-04 03:23:46.266 15503 16044 I art     : Explicit concurrent mark sweep GC freed 3(96B) AllocSpace objects, 0(0B) LOS objects, 23% free, 50MB/66MB, paused 1.157ms total 33.474ms
08-04 03:23:46.401 18789 18789 D AndroidRuntime: >>>>>> START com.android.internal.os.RuntimeInit uid 2000 <<<<<<
08-04 03:23:46.406 18789 18789 D AndroidRuntime: CheckJNI is OFF
08-04 03:23:46.439 18789 18789 D ICU     : No timezone override file found: /data/misc/zoneinfo/current/icu/icu_tzdata.dat
08-04 03:23:46.471 18789 18789 I Radio-JNI: register_android_hardware_Radio DONE
08-04 03:23:46.492 18789 18789 D AndroidRuntime: Calling main entry com.android.commands.input.Input
08-04 03:23:46.494 18789 18789 I Input   : injectMotionEvent: MotionEvent { action=ACTION_DOWN, actionButton=0, id[0]=0, x[0]=526.0, y[0]=597.0, toolType[0]=TOOL_TYPE_UNKNOWN, buttonState=0, metaState=0, flags=0x0, edgeFlags=0x0, pointerCount=1, historySize=0, eventTime=674642907, downTime=674642907, deviceId=0, source=0x1002 }
08-04 03:23:46.499 18789 18789 I Input   : injectMotionEvent: MotionEvent { action=ACTION_UP, actionButton=0, id[0]=0, x[0]=526.0, y[0]=597.0, toolType[0]=TOOL_TYPE_UNKNOWN, buttonState=0, metaState=0, flags=0x0, edgeFlags=0x0, pointerCount=1, historySize=0, eventTime=674642907, downTime=674642907, deviceId=0, source=0x1002 }
08-04 03:23:46.503 18789 18789 D AndroidRuntime: Shutting down VM
08-04 03:23:46.568 15503 15503 D PodcastListFragment: Selected podcast: GpodnetPodcast [url=http://feeds.feedburner.com/linuxoutlaws, title=Linux Outlaws, description=Two pragmatic geeks talk about the latest news concerning Linux, free and open
08-04 03:23:46.568 15503 15503 D PodcastListFragment: technology or anything else they deem noteworthy which may include such absurd
08-04 03:23:46.568 15503 15503 D PodcastListFragment: things as hockey or bands you never heard of. This means there's many a joke
08-04 03:23:46.568 15503 15503 D PodcastListFragment: and derailed conversation along the way, so don't come here expecting only
08-04 03:23:46.568 15503 15503 D PodcastListFragment: Linux or software freedom talk  just sit back and relax, partner., subscribers=3321, logoUrl=http://sixgun.org/files/linuxoutlaws.jpg, website=http://sixgun.org, mygpoLink=http://gpodder.net/podcast/linux-outlaws-mp3]
08-04 03:23:46.568   918  3961 I ActivityManager: START u0 {cmp=baseline.de.danoeh.antennapod.debug/baseline.de.danoeh.antennapod.activity.OnlineFeedViewActivity (has extras)} from uid 10670 on display 0
08-04 03:23:46.569   512  2967 D audio_hw_primary: out_set_parameters: enter: usecase(1: low-latency-playback) kvpairs: routing=2
08-04 03:23:46.583   512  2967 D audio_hw_primary: select_devices: out_snd_device(2: speaker) in_snd_device(0: none)
08-04 03:23:46.583   512  2967 D msm8974_platform: platform_send_audio_calibration: sending audio calibration for snd_device(2) acdb_id(15)
08-04 03:23:46.584   512  2967 I soundtrigger: audio_extn_sound_trigger_update_device_status: device 0x2 of type 0 for Event 1
08-04 03:23:46.595   512  2967 D audio_hw_primary: enable_snd_device: snd_device(2: speaker)
08-04 03:23:46.598   512  2967 D audio_hw_primary: enable_audio_route: apply and update mixer path: low-latency-playback speaker
08-04 03:23:46.600 15503 15503 D UserPreferences: Using default data folder
08-04 03:23:46.601 15503 15503 D OnlineFeedViewActivity: Activity was started with url http://feeds.feedburner.com/linuxoutlaws
08-04 03:23:46.602 15503 15519 I art     : Starting a blocking GC Explicit
08-04 03:23:46.605 15503 15503 D OnlineFeedViewActivity: Starting feed download
08-04 03:23:46.607 15503 16035 D DBReader: Extracting Feedlist
08-04 03:23:46.609   918  4400 D WifiService: acquireWifiLockLocked: WifiLock{Downloader type=1 binder=android.os.BinderProxy@d0b557c}
08-04 03:23:46.610 15503 16035 D AntennapodHttpClient: Creating new instance of HTTP client
08-04 03:23:46.639 15503 15519 I art     : Explicit concurrent mark sweep GC freed 2683(195KB) AllocSpace objects, 2(40KB) LOS objects, 23% free, 50MB/66MB, paused 1.311ms total 36.164ms
08-04 03:23:46.648 15503 15519 I art     : Starting a blocking GC Explicit
08-04 03:23:46.657 13866 13866 I GoogleInputMethodServic: GoogleInputMethodService.onFinishInput():3138 
08-04 03:23:46.657 13866 13866 I GoogleInputMethodServic: GoogleInputMethodService.onStartInput():1808 
08-04 03:23:46.675   918   936 I ActivityManager: Displayed baseline.de.danoeh.antennapod.debug/baseline.de.danoeh.antennapod.activity.OnlineFeedViewActivity: +96ms
08-04 03:23:46.682 15503 15519 I art     : Explicit concurrent mark sweep GC freed 469(20KB) AllocSpace objects, 0(0B) LOS objects, 23% free, 51MB/67MB, paused 1.406ms total 34.133ms
08-04 03:23:46.682 15503 16035 D MYTAG   : interceptor 3a http://feeds.feedburner.com/linuxoutlaws
08-04 03:23:46.683 15503 16035 I NAPPA_EXPERIMENTATION: MetricNetworkRequestExecutionTime: REQUEST_DURATION_SYSTEM='71',REQUEST_DURATION_OKHTTP='32',REQUEST_SYNCHRONOUS='TRUE',RESPONSE_CODE='200',RESPONSE_METHOD='GET',RESPONSE_LENGTH_OKHTTP='-1',RESPONSE_LENGTH_HEADER='-2',REQUEST_PROTOCOL='http/1.1',REQUEST_URL='http://feeds.feedburner.com/linuxoutlaws',
08-04 03:23:46.683 15503 16035 D HttpDownloader: Response code is 200
08-04 03:23:46.683 15503 16035 D UserPreferences: Using default data folder
08-04 03:23:46.684 15503 16035 D HttpDownloader: Getting size of download
08-04 03:23:46.684 15503 16035 D HttpDownloader: Size is -1
08-04 03:23:46.685 15503 16035 D UserPreferences: Using default data folder
08-04 03:23:46.685 15503 16035 D HttpDownloader: Free space is 20247085056
08-04 03:23:46.685 15503 16035 D HttpDownloader: Starting download
08-04 03:23:46.687 15503 16035 D HttpDownloader: Download was successful
08-04 03:23:46.688   918  3670 D WifiService: releaseWifiLockLocked: WifiLock{Downloader type=1 binder=android.os.BinderProxy@d0b557c}
08-04 03:23:46.692 15503 15519 I art     : Starting a blocking GC Explicit
08-04 03:23:46.700 15503 15529 D OpenGLRenderer: endAllStagingAnimators on 0x7f7eaffc00 (GridView) with handle 0x7f7e30fbe0
08-04 03:23:46.704 15503 15503 D OnlineFeedViewActivity: Parsing feed
08-04 03:23:46.707 15503 18813 D TypeGetter: Recognized type RSS 2.0
08-04 03:23:46.708 15503 18813 D SyndHandler: Recognized Content namespace
08-04 03:23:46.709 15503 18813 D SyndHandler: Recognized DublinCore namespace
08-04 03:23:46.709 15503 18813 D SyndHandler: Recognized Atom namespace
08-04 03:23:46.709 15503 18813 D SyndHandler: Recognized ITunes namespace
08-04 03:23:46.709 15503 18813 D SyndHandler: Recognized media namespace
08-04 03:23:46.726 15503 15519 I art     : Explicit concurrent mark sweep GC freed 1368(279KB) AllocSpace objects, 3(60KB) LOS objects, 23% free, 51MB/67MB, paused 1.510ms total 34.404ms
08-04 03:23:46.736 15503 15519 I art     : Starting a blocking GC Explicit
08-04 03:23:46.743 15503 18813 D OnlineFeedViewActivity: Deleted feed source file. Result: true
08-04 03:23:46.743 15503 15503 D OnlineFeedViewActivity: Removing HTML from shownotes
08-04 03:23:46.757 15503 16439 D ApOkHttpUrlLoader: buildLoadData() called with: model = [http://sixgun.org/files/linuxoutlaws.jpg], width = [350], height = [350]
08-04 03:23:46.758 15503 16258 D DBReader: getImageAuthentication() called with: imageUrl = [http://sixgun.org/files/linuxoutlaws.jpg]
08-04 03:23:46.760 15503 16258 D ApOkHttpUrlLoader: no credentials for 'http://sixgun.org/files/linuxoutlaws.jpg'
08-04 03:23:46.771 15503 15519 I art     : Explicit concurrent mark sweep GC freed 4820(481KB) AllocSpace objects, 11(748KB) LOS objects, 23% free, 51MB/67MB, paused 1.883ms total 34.047ms
08-04 03:23:46.781 15503 15519 I art     : Starting a blocking GC Explicit
08-04 03:23:46.791 15503 16258 D DBWriter: updateFeedDownloadURL(original: http://sixgun.org/files/linuxoutlaws.jpg, updated: https://fab.industries/sixgun/files/linuxoutlaws.jpg)
08-04 03:23:46.814 15503 15519 I art     : Explicit concurrent mark sweep GC freed 7529(402KB) AllocSpace objects, 0(0B) LOS objects, 23% free, 51MB/67MB, paused 1.210ms total 33.202ms
08-04 03:23:46.919 15503 16258 D MYTAG   : interceptor 2a
08-04 03:23:46.920 15503 16258 I NAPPA_EXPERIMENTATION: MetricNetworkRequestExecutionTime: REQUEST_DURATION_SYSTEM='159',REQUEST_DURATION_OKHTTP='125',REQUEST_SYNCHRONOUS='TRUE',RESPONSE_CODE='404',RESPONSE_METHOD='GET',RESPONSE_LENGTH_OKHTTP='-1',RESPONSE_LENGTH_HEADER='1503',REQUEST_PROTOCOL='h2',REQUEST_URL='https://fab.industries/sixgun/files/linuxoutlaws.jpg',
08-04 03:23:46.922 15503 15503 W Glide   : Load failed for http://sixgun.org/files/linuxoutlaws.jpg with size [350x350]
08-04 03:23:46.922 15503 15503 W Glide   : class com.bumptech.glide.load.engine.GlideException: Failed to load resource
08-04 03:23:46.922 15503 15503 W Glide   : There was 1 cause:
08-04 03:23:46.922 15503 15503 W Glide   : com.bumptech.glide.load.HttpException()
08-04 03:23:46.922 15503 15503 W Glide   :  call GlideException#logRootCauses(String) for more detail
08-04 03:23:46.922 15503 15503 W Glide   :   Cause (1 of 1): class com.bumptech.glide.load.engine.GlideException: Fetching data failed, class java.io.InputStream, REMOTE
08-04 03:23:46.922 15503 15503 W Glide   : There was 1 cause:
08-04 03:23:46.922 15503 15503 W Glide   : com.bumptech.glide.load.HttpException()
08-04 03:23:46.922 15503 15503 W Glide   :  call GlideException#logRootCauses(String) for more detail
08-04 03:23:46.922 15503 15503 W Glide   :     Cause (1 of 1): class com.bumptech.glide.load.HttpException: 
08-04 03:23:46.922 15503 15503 I Glide   : Root cause (1 of 1)
08-04 03:23:46.922 15503 15503 I Glide   : com.bumptech.glide.load.HttpException: 
08-04 03:23:46.922 15503 15503 I Glide   : 	at com.bumptech.glide.integration.okhttp3.OkHttpStreamFetcher.onResponse(OkHttpStreamFetcher.java:73)
08-04 03:23:46.922 15503 15503 I Glide   : 	at okhttp3.RealCall$AsyncCall.execute(RealCall.java:174)
08-04 03:23:46.922 15503 15503 I Glide   : 	at okhttp3.internal.NamedRunnable.run(NamedRunnable.java:32)
08-04 03:23:46.922 15503 15503 I Glide   : 	at java.util.concurrent.ThreadPoolExecutor.runWorker(ThreadPoolExecutor.java:1113)
08-04 03:23:46.922 15503 15503 I Glide   : 	at java.util.concurrent.ThreadPoolExecutor$Worker.run(ThreadPoolExecutor.java:588)
08-04 03:23:46.922 15503 15503 I Glide   : 	at java.lang.Thread.run(Thread.java:818)
08-04 03:23:46.929   380   380 W SurfaceFlinger: couldn't log to binary event log: overflow.
08-04 03:23:47.049 15503 15503 D PlaybackController: Releasing PlaybackController
08-04 03:23:47.102 15503 16044 I art     : Starting a blocking GC Explicit
08-04 03:23:47.130   512  2967 D audio_hw_primary: disable_audio_route: reset and update mixer path: low-latency-playback speaker
08-04 03:23:47.131   512  2967 D audio_hw_primary: disable_snd_device: snd_device(2: speaker)
08-04 03:23:47.137 15503 16044 I art     : Explicit concurrent mark sweep GC freed 2348(155KB) AllocSpace objects, 2(132KB) LOS objects, 23% free, 51MB/67MB, paused 1.147ms total 35.133ms
08-04 03:23:47.138   512  2967 I soundtrigger: audio_extn_sound_trigger_update_device_status: device 0x2 of type 0 for Event 0
08-04 03:23:47.148 15503 16044 I art     : Starting a blocking GC Explicit
08-04 03:23:47.184 15503 16044 I art     : Explicit concurrent mark sweep GC freed 60(2128B) AllocSpace objects, 0(0B) LOS objects, 23% free, 51MB/67MB, paused 1.234ms total 36.435ms
08-04 03:23:47.195 15503 16044 I art     : Starting a blocking GC Explicit
08-04 03:23:47.231 15503 16044 I art     : Explicit concurrent mark sweep GC freed 3(96B) AllocSpace objects, 0(0B) LOS objects, 23% free, 51MB/67MB, paused 1.200ms total 36.062ms
08-04 03:23:47.242 15503 16044 I art     : Starting a blocking GC Explicit
08-04 03:23:47.279 15503 16044 I art     : Explicit concurrent mark sweep GC freed 3(96B) AllocSpace objects, 0(0B) LOS objects, 23% free, 51MB/67MB, paused 1.249ms total 36.762ms
08-04 03:23:47.289 15503 16044 I art     : Starting a blocking GC Explicit
08-04 03:23:47.327 15503 16044 I art     : Explicit concurrent mark sweep GC freed 3(96B) AllocSpace objects, 0(0B) LOS objects, 23% free, 51MB/67MB, paused 1.121ms total 37.120ms
08-04 03:23:47.672 15503 15530 I art     : Starting a blocking GC Explicit
08-04 03:23:47.720 15503 15530 I art     : Explicit concurrent mark sweep GC freed 1381(81KB) AllocSpace objects, 1(20KB) LOS objects, 23% free, 51MB/67MB, paused 1.397ms total 47.892ms
08-04 03:23:47.732 15503 15530 I art     : Starting a blocking GC Explicit
08-04 03:23:47.770 15503 15530 I art     : Explicit concurrent mark sweep GC freed 23(752B) AllocSpace objects, 0(0B) LOS objects, 23% free, 51MB/67MB, paused 1.265ms total 37.456ms
08-04 03:23:47.781 15503 15530 I art     : Starting a blocking GC Explicit
08-04 03:23:47.818 15503 15530 I art     : Explicit concurrent mark sweep GC freed 3(96B) AllocSpace objects, 0(0B) LOS objects, 23% free, 51MB/67MB, paused 1.279ms total 37.375ms
08-04 03:23:47.829 15503 15530 I art     : Starting a blocking GC Explicit
08-04 03:23:47.866 15503 15530 I art     : Explicit concurrent mark sweep GC freed 3(96B) AllocSpace objects, 0(0B) LOS objects, 23% free, 51MB/67MB, paused 1.235ms total 36.818ms
08-04 03:23:47.877 15503 15530 I art     : Starting a blocking GC Explicit
08-04 03:23:47.913 15503 15530 I art     : Explicit concurrent mark sweep GC freed 3(96B) AllocSpace objects, 0(0B) LOS objects, 23% free, 51MB/67MB, paused 1.234ms total 35.787ms
08-04 03:23:48.260 15503 15519 I art     : Starting a blocking GC Explicit
08-04 03:23:48.307 15503 15519 I art     : Explicit concurrent mark sweep GC freed 1410(81KB) AllocSpace objects, 1(20KB) LOS objects, 23% free, 51MB/67MB, paused 1.359ms total 46.336ms
08-04 03:23:48.320 15503 15519 I art     : Starting a blocking GC Explicit
08-04 03:23:48.357 15503 15519 I art     : Explicit concurrent mark sweep GC freed 23(752B) AllocSpace objects, 0(0B) LOS objects, 23% free, 51MB/67MB, paused 1.300ms total 36.720ms
08-04 03:23:48.368 15503 15519 I art     : Starting a blocking GC Explicit
08-04 03:23:48.404 15503 15519 I art     : Explicit concurrent mark sweep GC freed 8(256B) AllocSpace objects, 0(0B) LOS objects, 23% free, 51MB/67MB, paused 1.121ms total 36.004ms
08-04 03:23:48.414 15503 15519 I art     : Starting a blocking GC Explicit
08-04 03:23:48.442   518   646 I ThermalEngine: ACTION: GPU - Setting GPU[0] to 450000000
08-04 03:23:48.452 15503 15519 I art     : Explicit concurrent mark sweep GC freed 9(288B) AllocSpace objects, 0(0B) LOS objects, 23% free, 51MB/67MB, paused 1.526ms total 37.312ms
08-04 03:23:48.465 15503 15519 I art     : Starting a blocking GC Explicit
08-04 03:23:48.508 15503 15519 I art     : Explicit concurrent mark sweep GC freed 9(288B) AllocSpace objects, 0(0B) LOS objects, 23% free, 51MB/67MB, paused 1.847ms total 43.007ms
08-04 03:23:48.921 15503 15519 I art     : Starting a blocking GC Explicit
08-04 03:23:48.989 15503 15519 I art     : Explicit concurrent mark sweep GC freed 1394(81KB) AllocSpace objects, 1(20KB) LOS objects, 23% free, 51MB/67MB, paused 1.833ms total 67.124ms
08-04 03:23:49.008 15503 15519 I art     : Starting a blocking GC Explicit
08-04 03:23:49.058 15503 15519 I art     : Explicit concurrent mark sweep GC freed 52(1536B) AllocSpace objects, 0(0B) LOS objects, 23% free, 51MB/67MB, paused 1.646ms total 49.144ms
08-04 03:23:49.074 15503 15519 I art     : Starting a blocking GC Explicit
08-04 03:23:49.122 15503 15519 I art     : Explicit concurrent mark sweep GC freed 3(96B) AllocSpace objects, 0(0B) LOS objects, 23% free, 51MB/67MB, paused 1.584ms total 47.528ms
08-04 03:23:49.135 15503 15519 I art     : Starting a blocking GC Explicit
08-04 03:23:49.186 15503 15519 I art     : Explicit concurrent mark sweep GC freed 3(96B) AllocSpace objects, 0(0B) LOS objects, 23% free, 51MB/67MB, paused 1.661ms total 50.213ms
08-04 03:23:49.200 15503 15519 I art     : Starting a blocking GC Explicit
08-04 03:23:49.249 15503 15519 I art     : Explicit concurrent mark sweep GC freed 3(96B) AllocSpace objects, 0(0B) LOS objects, 23% free, 51MB/67MB, paused 1.689ms total 48.877ms
08-04 03:23:49.636 15503 15530 I art     : Starting a blocking GC Explicit
08-04 03:23:49.687 15503 15530 I art     : Explicit concurrent mark sweep GC freed 1381(81KB) AllocSpace objects, 1(20KB) LOS objects, 23% free, 51MB/67MB, paused 1.716ms total 50.194ms
08-04 03:23:49.703 15503 15530 I art     : Starting a blocking GC Explicit
08-04 03:23:49.749 15503 15530 I art     : Explicit concurrent mark sweep GC freed 23(752B) AllocSpace objects, 0(0B) LOS objects, 23% free, 51MB/67MB, paused 1.799ms total 46.131ms
08-04 03:23:49.763 15503 15530 I art     : Starting a blocking GC Explicit
08-04 03:23:49.813 15503 15530 I art     : Explicit concurrent mark sweep GC freed 3(96B) AllocSpace objects, 0(0B) LOS objects, 23% free, 51MB/67MB, paused 1.651ms total 49.729ms
08-04 03:23:49.827 15503 15530 I art     : Starting a blocking GC Explicit
08-04 03:23:49.876 15503 15530 I art     : Explicit concurrent mark sweep GC freed 3(96B) AllocSpace objects, 0(0B) LOS objects, 23% free, 51MB/67MB, paused 1.614ms total 48.371ms
08-04 03:23:49.890 15503 15530 I art     : Starting a blocking GC Explicit
08-04 03:23:49.937 15503 15530 I art     : Explicit concurrent mark sweep GC freed 3(96B) AllocSpace objects, 0(0B) LOS objects, 23% free, 51MB/67MB, paused 1.599ms total 47.163ms
08-04 03:23:50.282 15503 16044 I art     : Starting a blocking GC Explicit
08-04 03:23:50.341 15503 16044 I art     : Explicit concurrent mark sweep GC freed 1412(84KB) AllocSpace objects, 1(20KB) LOS objects, 23% free, 51MB/67MB, paused 1.771ms total 58.942ms
08-04 03:23:50.357 15503 16044 I art     : Starting a blocking GC Explicit
08-04 03:23:50.407 15503 16044 I art     : Explicit concurrent mark sweep GC freed 37(1200B) AllocSpace objects, 0(0B) LOS objects, 23% free, 51MB/67MB, paused 1.636ms total 49.826ms
08-04 03:23:50.421 15503 16044 I art     : Starting a blocking GC Explicit
08-04 03:23:50.442   518   646 I ThermalEngine: ACTION: GPU - Setting GPU[0] to 510000000
08-04 03:23:50.468 15503 16044 I art     : Explicit concurrent mark sweep GC freed 3(96B) AllocSpace objects, 0(0B) LOS objects, 23% free, 51MB/67MB, paused 1.747ms total 46.925ms
08-04 03:23:50.481 15503 16044 I art     : Starting a blocking GC Explicit
08-04 03:23:50.519 15503 16044 I art     : Explicit concurrent mark sweep GC freed 3(96B) AllocSpace objects, 0(0B) LOS objects, 23% free, 51MB/67MB, paused 1.138ms total 38ms
08-04 03:23:50.530 15503 16044 I art     : Starting a blocking GC Explicit
08-04 03:23:50.567 15503 16044 I art     : Explicit concurrent mark sweep GC freed 3(96B) AllocSpace objects, 0(0B) LOS objects, 23% free, 51MB/67MB, paused 1.233ms total 36.999ms
08-04 03:23:50.907 15503 15519 I art     : Starting a blocking GC Explicit
08-04 03:23:50.951 15503 15519 I art     : Explicit concurrent mark sweep GC freed 1384(81KB) AllocSpace objects, 1(20KB) LOS objects, 23% free, 51MB/67MB, paused 1.406ms total 43.633ms
08-04 03:23:50.963 15503 15519 I art     : Starting a blocking GC Explicit
08-04 03:23:50.999 15503 15519 I art     : Explicit concurrent mark sweep GC freed 23(752B) AllocSpace objects, 0(0B) LOS objects, 23% free, 51MB/67MB, paused 1.251ms total 36.099ms
08-04 03:23:51.010 15503 15519 I art     : Starting a blocking GC Explicit
08-04 03:23:51.045 15503 15519 I art     : Explicit concurrent mark sweep GC freed 31(848B) AllocSpace objects, 0(0B) LOS objects, 23% free, 51MB/67MB, paused 1.457ms total 35.556ms
08-04 03:23:51.056 15503 15519 I art     : Starting a blocking GC Explicit
08-04 03:23:51.091 15503 15519 I art     : Explicit concurrent mark sweep GC freed 4(128B) AllocSpace objects, 0(0B) LOS objects, 23% free, 51MB/67MB, paused 1.217ms total 34.798ms
08-04 03:23:51.101 15503 15519 I art     : Starting a blocking GC Explicit
08-04 03:23:51.137 15503 15519 I art     : Explicit concurrent mark sweep GC freed 3(96B) AllocSpace objects, 0(0B) LOS objects, 23% free, 51MB/67MB, paused 1.224ms total 35.377ms
08-04 03:23:51.183 18877 18877 D AndroidRuntime: >>>>>> START com.android.internal.os.RuntimeInit uid 2000 <<<<<<
08-04 03:23:51.188 18877 18877 D AndroidRuntime: CheckJNI is OFF
08-04 03:23:51.223 18877 18877 D ICU     : No timezone override file found: /data/misc/zoneinfo/current/icu/icu_tzdata.dat
08-04 03:23:51.257 18877 18877 I Radio-JNI: register_android_hardware_Radio DONE
08-04 03:23:51.278 18877 18877 D AndroidRuntime: Calling main entry com.android.commands.input.Input
08-04 03:23:51.280 18877 18877 I Input   : injectKeyEvent: KeyEvent { action=ACTION_DOWN, keyCode=KEYCODE_BACK, scanCode=0, metaState=0, flags=0x0, repeatCount=0, eventTime=674647693, downTime=674647693, deviceId=-1, source=0x101 }
08-04 03:23:51.287 18877 18877 I Input   : injectKeyEvent: KeyEvent { action=ACTION_UP, keyCode=KEYCODE_BACK, scanCode=0, metaState=0, flags=0x0, repeatCount=0, eventTime=674647693, downTime=674647693, deviceId=-1, source=0x101 }
08-04 03:23:51.293 18877 18877 D AndroidRuntime: Shutting down VM
08-04 03:23:51.298 15503 15503 V PlaybackController: initServiceNotRunning()
08-04 03:23:51.298 15503 15503 D ExternalPlayerFragment: Loading media info
08-04 03:23:51.301 15503 16439 D ApOkHttpUrlLoader: buildLoadData() called with: model = [http://sixgun.org/files/linuxoutlaws.jpg], width = [224], height = [224]
08-04 03:23:51.302 15503 16258 D DBReader: getImageAuthentication() called with: imageUrl = [http://sixgun.org/files/linuxoutlaws.jpg]
08-04 03:23:51.302 15503 15503 D UserPreferences: Using default data folder
08-04 03:23:51.303 15503 16035 D DBReader: getNavDrawerData() called with: 
08-04 03:23:51.304 15503 16258 D ApOkHttpUrlLoader: no credentials for 'http://sixgun.org/files/linuxoutlaws.jpg'
08-04 03:23:51.314 15503 16035 D DBReader: getDownloadedItems() called
08-04 03:23:51.315 15503 16035 D DBReader: getFavoriteIDList() called
08-04 03:23:51.315 15503 16035 D DBReader: getQueueIDList() called
08-04 03:23:51.316 15503 16035 D DBReader: Extracting Feedlist
08-04 03:23:51.329 13866 13866 I GoogleInputMethodServic: GoogleInputMethodService.onFinishInput():3138 
08-04 03:23:51.330 13866 13866 I GoogleInputMethodServic: GoogleInputMethodService.onStartInput():1808 
08-04 03:23:51.343 15503 15503 D MainActivity: getLastNavFragment() -> AddFeedFragment
08-04 03:23:51.387 15503 16258 D DBWriter: updateFeedDownloadURL(original: http://sixgun.org/files/linuxoutlaws.jpg, updated: https://fab.industries/sixgun/files/linuxoutlaws.jpg)
08-04 03:23:51.433 15503 15515 I art     : Starting a blocking GC Explicit
08-04 03:23:51.477 15503 15515 I art     : Explicit concurrent mark sweep GC freed 3105(185KB) AllocSpace objects, 1(20KB) LOS objects, 23% free, 51MB/67MB, paused 1.431ms total 43.591ms
08-04 03:23:51.489 15503 15515 I art     : Starting a blocking GC Explicit
08-04 03:23:51.518 15503 16258 D MYTAG   : interceptor 2a
08-04 03:23:51.519 15503 16258 I NAPPA_EXPERIMENTATION: MetricNetworkRequestExecutionTime: REQUEST_DURATION_SYSTEM='214',REQUEST_DURATION_OKHTTP='128',REQUEST_SYNCHRONOUS='TRUE',RESPONSE_CODE='404',RESPONSE_METHOD='GET',RESPONSE_LENGTH_OKHTTP='-1',RESPONSE_LENGTH_HEADER='1503',REQUEST_PROTOCOL='h2',REQUEST_URL='https://fab.industries/sixgun/files/linuxoutlaws.jpg',
08-04 03:23:51.521 15503 15503 W Glide   : Load failed for http://sixgun.org/files/linuxoutlaws.jpg with size [224x224]
08-04 03:23:51.521 15503 15503 W Glide   : class com.bumptech.glide.load.engine.GlideException: Failed to load resource
08-04 03:23:51.521 15503 15503 W Glide   : There was 1 cause:
08-04 03:23:51.521 15503 15503 W Glide   : com.bumptech.glide.load.HttpException()
08-04 03:23:51.521 15503 15503 W Glide   :  call GlideException#logRootCauses(String) for more detail
08-04 03:23:51.521 15503 15503 W Glide   :   Cause (1 of 1): class com.bumptech.glide.load.engine.GlideException: Fetching data failed, class java.io.InputStream, REMOTE
08-04 03:23:51.521 15503 15503 W Glide   : There was 1 cause:
08-04 03:23:51.521 15503 15503 W Glide   : com.bumptech.glide.load.HttpException()
08-04 03:23:51.521 15503 15503 W Glide   :  call GlideException#logRootCauses(String) for more detail
08-04 03:23:51.521 15503 15503 W Glide   :     Cause (1 of 1): class com.bumptech.glide.load.HttpException: 
08-04 03:23:51.522 15503 15503 I Glide   : Root cause (1 of 1)
08-04 03:23:51.522 15503 15503 I Glide   : com.bumptech.glide.load.HttpException: 
08-04 03:23:51.522 15503 15503 I Glide   : 	at com.bumptech.glide.integration.okhttp3.OkHttpStreamFetcher.onResponse(OkHttpStreamFetcher.java:73)
08-04 03:23:51.522 15503 15503 I Glide   : 	at okhttp3.RealCall$AsyncCall.execute(RealCall.java:174)
08-04 03:23:51.522 15503 15503 I Glide   : 	at okhttp3.internal.NamedRunnable.run(NamedRunnable.java:32)
08-04 03:23:51.522 15503 15503 I Glide   : 	at java.util.concurrent.ThreadPoolExecutor.runWorker(ThreadPoolExecutor.java:1113)
08-04 03:23:51.522 15503 15503 I Glide   : 	at java.util.concurrent.ThreadPoolExecutor$Worker.run(ThreadPoolExecutor.java:588)
08-04 03:23:51.522 15503 15503 I Glide   : 	at java.lang.Thread.run(Thread.java:818)
08-04 03:23:51.523 15503 15503 W Glide   : Load failed for http://sixgun.org/files/linuxoutlaws.jpg with size [224x224]
08-04 03:23:51.523 15503 15503 W Glide   : class com.bumptech.glide.load.engine.GlideException: Failed to load resource
08-04 03:23:51.523 15503 15503 W Glide   : There was 1 cause:
08-04 03:23:51.523 15503 15503 W Glide   : com.bumptech.glide.load.HttpException()
08-04 03:23:51.523 15503 15503 W Glide   :  call GlideException#logRootCauses(String) for more detail
08-04 03:23:51.523 15503 15503 W Glide   :   Cause (1 of 1): class com.bumptech.glide.load.engine.GlideException: Fetching data failed, class java.io.InputStream, REMOTE
08-04 03:23:51.523 15503 15503 W Glide   : There was 1 cause:
08-04 03:23:51.523 15503 15503 W Glide   : com.bumptech.glide.load.HttpException()
08-04 03:23:51.523 15503 15503 W Glide   :  call GlideException#logRootCauses(String) for more detail
08-04 03:23:51.523 15503 15503 W Glide   :     Cause (1 of 1): class com.bumptech.glide.load.HttpException: 
08-04 03:23:51.523 15503 15503 I Glide   : Root cause (1 of 1)
08-04 03:23:51.523 15503 15503 I Glide   : com.bumptech.glide.load.HttpException: 
08-04 03:23:51.523 15503 15503 I Glide   : 	at com.bumptech.glide.integration.okhttp3.OkHttpStreamFetcher.onResponse(OkHttpStreamFetcher.java:73)
08-04 03:23:51.523 15503 15503 I Glide   : 	at okhttp3.RealCall$AsyncCall.execute(RealCall.java:174)
08-04 03:23:51.523 15503 15503 I Glide   : 	at okhttp3.internal.NamedRunnable.run(NamedRunnable.java:32)
08-04 03:23:51.523 15503 15503 I Glide   : 	at java.util.concurrent.ThreadPoolExecutor.runWorker(ThreadPoolExecutor.java:1113)
08-04 03:23:51.523 15503 15503 I Glide   : 	at java.util.concurrent.ThreadPoolExecutor$Worker.run(ThreadPoolExecutor.java:588)
08-04 03:23:51.523 15503 15503 I Glide   : 	at java.lang.Thread.run(Thread.java:818)
08-04 03:23:51.537 15503 15515 I art     : Explicit concurrent mark sweep GC freed 905(95KB) AllocSpace objects, 0(0B) LOS objects, 23% free, 51MB/67MB, paused 1.385ms total 47.910ms
08-04 03:23:51.551 15503 15515 I art     : Starting a blocking GC Explicit
08-04 03:23:51.595 15503 15515 I art     : Explicit concurrent mark sweep GC freed 178(7KB) AllocSpace objects, 0(0B) LOS objects, 23% free, 51MB/67MB, paused 1.211ms total 44.334ms
08-04 03:23:51.606 15503 15515 I art     : Starting a blocking GC Explicit
08-04 03:23:51.617   380   380 W SurfaceFlinger: couldn't log to binary event log: overflow.
08-04 03:23:51.643 15503 15515 I art     : Explicit concurrent mark sweep GC freed 517(22KB) AllocSpace objects, 0(0B) LOS objects, 23% free, 51MB/67MB, paused 1.570ms total 36.849ms
08-04 03:23:51.654 15503 15515 I art     : Starting a blocking GC Explicit
08-04 03:23:51.685 15503 15515 I art     : Explicit concurrent mark sweep GC freed 81(2960B) AllocSpace objects, 0(0B) LOS objects, 23% free, 51MB/67MB, paused 1.148ms total 31.536ms
08-04 03:23:52.021 15503 16044 I art     : Starting a blocking GC Explicit
08-04 03:23:52.070 15503 16044 I art     : Explicit concurrent mark sweep GC freed 4260(319KB) AllocSpace objects, 2(48KB) LOS objects, 23% free, 50MB/66MB, paused 1.420ms total 48.748ms
08-04 03:23:52.084 15503 16044 I art     : Starting a blocking GC Explicit
08-04 03:23:52.121 15503 16044 I art     : Explicit concurrent mark sweep GC freed 23(752B) AllocSpace objects, 0(0B) LOS objects, 23% free, 50MB/66MB, paused 1.239ms total 36.310ms
08-04 03:23:52.132 15503 16044 I art     : Starting a blocking GC Explicit
08-04 03:23:52.168 15503 16044 I art     : Explicit concurrent mark sweep GC freed 3(96B) AllocSpace objects, 0(0B) LOS objects, 23% free, 50MB/66MB, paused 1.388ms total 36.051ms
08-04 03:23:52.178 15503 16044 I art     : Starting a blocking GC Explicit
08-04 03:23:52.215 15503 16044 I art     : Explicit concurrent mark sweep GC freed 3(96B) AllocSpace objects, 0(0B) LOS objects, 23% free, 50MB/66MB, paused 1.237ms total 36.585ms
08-04 03:23:52.226 15503 16044 I art     : Starting a blocking GC Explicit
08-04 03:23:52.261 15503 16044 I art     : Explicit concurrent mark sweep GC freed 3(96B) AllocSpace objects, 0(0B) LOS objects, 23% free, 50MB/66MB, paused 1.207ms total 35.074ms
08-04 03:23:52.578 15503 15530 I art     : Starting a blocking GC Explicit
08-04 03:23:52.613 15503 15530 I art     : Explicit concurrent mark sweep GC freed 1383(81KB) AllocSpace objects, 1(20KB) LOS objects, 23% free, 50MB/66MB, paused 1.275ms total 35.574ms
08-04 03:23:52.624 15503 15530 I art     : Starting a blocking GC Explicit
08-04 03:23:52.658 15503 15530 I art     : Explicit concurrent mark sweep GC freed 23(752B) AllocSpace objects, 0(0B) LOS objects, 23% free, 50MB/66MB, paused 1.309ms total 33.450ms
08-04 03:23:52.668 15503 15530 I art     : Starting a blocking GC Explicit
08-04 03:23:52.702 15503 15530 I art     : Explicit concurrent mark sweep GC freed 3(96B) AllocSpace objects, 0(0B) LOS objects, 23% free, 50MB/66MB, paused 1.235ms total 33.630ms
08-04 03:23:52.712 15503 15530 I art     : Starting a blocking GC Explicit
08-04 03:23:52.745 15503 15530 I art     : Explicit concurrent mark sweep GC freed 3(96B) AllocSpace objects, 0(0B) LOS objects, 23% free, 50MB/66MB, paused 1.199ms total 33.394ms
08-04 03:23:52.755 15503 15530 I art     : Starting a blocking GC Explicit
08-04 03:23:52.789 15503 15530 I art     : Explicit concurrent mark sweep GC freed 3(96B) AllocSpace objects, 0(0B) LOS objects, 23% free, 50MB/66MB, paused 1.293ms total 33.573ms
08-04 03:23:52.958 18928 18928 D AndroidRuntime: >>>>>> START com.android.internal.os.RuntimeInit uid 2000 <<<<<<
08-04 03:23:52.963 18928 18928 D AndroidRuntime: CheckJNI is OFF
08-04 03:23:52.995 18928 18928 D ICU     : No timezone override file found: /data/misc/zoneinfo/current/icu/icu_tzdata.dat
08-04 03:23:53.025 18928 18928 I Radio-JNI: register_android_hardware_Radio DONE
08-04 03:23:53.047 18928 18928 D AndroidRuntime: Calling main entry com.android.commands.input.Input
08-04 03:23:53.048 18928 18928 I Input   : injectMotionEvent: MotionEvent { action=ACTION_DOWN, actionButton=0, id[0]=0, x[0]=526.0, y[0]=597.0, toolType[0]=TOOL_TYPE_UNKNOWN, buttonState=0, metaState=0, flags=0x0, edgeFlags=0x0, pointerCount=1, historySize=0, eventTime=674649461, downTime=674649461, deviceId=0, source=0x1002 }
08-04 03:23:53.054 18928 18928 I Input   : injectMotionEvent: MotionEvent { action=ACTION_UP, actionButton=0, id[0]=0, x[0]=526.0, y[0]=597.0, toolType[0]=TOOL_TYPE_UNKNOWN, buttonState=0, metaState=0, flags=0x0, edgeFlags=0x0, pointerCount=1, historySize=0, eventTime=674649461, downTime=674649461, deviceId=0, source=0x1002 }
08-04 03:23:53.055 18928 18928 D AndroidRuntime: Shutting down VM
08-04 03:23:53.107 15503 15515 I art     : Starting a blocking GC Explicit
08-04 03:23:53.136 15503 15503 D PodcastListFragment: Selected podcast: GpodnetPodcast [url=http://feeds.feedburner.com/linuxoutlaws, title=Linux Outlaws, description=Two pragmatic geeks talk about the latest news concerning Linux, free and open
08-04 03:23:53.136 15503 15503 D PodcastListFragment: technology or anything else they deem noteworthy which may include such absurd
08-04 03:23:53.136 15503 15503 D PodcastListFragment: things as hockey or bands you never heard of. This means there's many a joke
08-04 03:23:53.136 15503 15503 D PodcastListFragment: and derailed conversation along the way, so don't come here expecting only
08-04 03:23:53.136 15503 15503 D PodcastListFragment: Linux or software freedom talk  just sit back and relax, partner., subscribers=3321, logoUrl=http://sixgun.org/files/linuxoutlaws.jpg, website=http://sixgun.org, mygpoLink=http://gpodder.net/podcast/linux-outlaws-mp3]
08-04 03:23:53.136   918  6110 I ActivityManager: START u0 {cmp=baseline.de.danoeh.antennapod.debug/baseline.de.danoeh.antennapod.activity.OnlineFeedViewActivity (has extras)} from uid 10670 on display 0
08-04 03:23:53.138   512  2967 D audio_hw_primary: out_set_parameters: enter: usecase(1: low-latency-playback) kvpairs: routing=2
08-04 03:23:53.143 15503 15515 I art     : Explicit concurrent mark sweep GC freed 1505(94KB) AllocSpace objects, 1(20KB) LOS objects, 23% free, 50MB/66MB, paused 1.182ms total 35.907ms
08-04 03:23:53.151   512  2967 D audio_hw_primary: select_devices: out_snd_device(2: speaker) in_snd_device(0: none)
08-04 03:23:53.151   512  2967 D msm8974_platform: platform_send_audio_calibration: sending audio calibration for snd_device(2) acdb_id(15)
08-04 03:23:53.151   512  2967 I soundtrigger: audio_extn_sound_trigger_update_device_status: device 0x2 of type 0 for Event 1
08-04 03:23:53.155 15503 15515 I art     : Starting a blocking GC Explicit
08-04 03:23:53.163   512  2967 D audio_hw_primary: enable_snd_device: snd_device(2: speaker)
08-04 03:23:53.165   512  2967 D audio_hw_primary: enable_audio_route: apply and update mixer path: low-latency-playback speaker
08-04 03:23:53.179 15503 15503 D UserPreferences: Using default data folder
08-04 03:23:53.179 15503 15503 D OnlineFeedViewActivity: Activity was started with url http://feeds.feedburner.com/linuxoutlaws
08-04 03:23:53.182 15503 15503 D OnlineFeedViewActivity: Starting feed download
08-04 03:23:53.184 15503 15535 D DBReader: Extracting Feedlist
08-04 03:23:53.185   918  3696 D WifiService: acquireWifiLockLocked: WifiLock{Downloader type=1 binder=android.os.BinderProxy@3b20df3}
08-04 03:23:53.188 15503 15535 D AntennapodHttpClient: Creating new instance of HTTP client
08-04 03:23:53.189 15503 15515 I art     : Explicit concurrent mark sweep GC freed 987(58KB) AllocSpace objects, 0(0B) LOS objects, 23% free, 50MB/66MB, paused 1.753ms total 33.758ms
08-04 03:23:53.199 15503 15515 I art     : Starting a blocking GC Explicit
08-04 03:23:53.230 15503 15515 I art     : Explicit concurrent mark sweep GC freed 562(42KB) AllocSpace objects, 0(0B) LOS objects, 23% free, 50MB/66MB, paused 1.165ms total 30.359ms
08-04 03:23:53.237 15503 15535 D MYTAG   : interceptor 3a http://feeds.feedburner.com/linuxoutlaws
08-04 03:23:53.237 15503 15535 I NAPPA_EXPERIMENTATION: MetricNetworkRequestExecutionTime: REQUEST_DURATION_SYSTEM='48',REQUEST_DURATION_OKHTTP='32',REQUEST_SYNCHRONOUS='TRUE',RESPONSE_CODE='200',RESPONSE_METHOD='GET',RESPONSE_LENGTH_OKHTTP='-1',RESPONSE_LENGTH_HEADER='-2',REQUEST_PROTOCOL='http/1.1',REQUEST_URL='http://feeds.feedburner.com/linuxoutlaws',
08-04 03:23:53.237 15503 15535 D HttpDownloader: Response code is 200
08-04 03:23:53.237 15503 15535 D UserPreferences: Using default data folder
08-04 03:23:53.239 15503 15515 I art     : Starting a blocking GC Explicit
08-04 03:23:53.239 15503 15535 D HttpDownloader: Getting size of download
08-04 03:23:53.239 15503 15535 D HttpDownloader: Size is -1
08-04 03:23:53.239 15503 15535 D UserPreferences: Using default data folder
08-04 03:23:53.240 15503 15535 D HttpDownloader: Free space is 20247085056
08-04 03:23:53.240 15503 15535 D HttpDownloader: Starting download
08-04 03:23:53.242 15503 15535 D HttpDownloader: Download was successful
08-04 03:23:53.242   918  6029 D WifiService: releaseWifiLockLocked: WifiLock{Downloader type=1 binder=android.os.BinderProxy@3b20df3}
08-04 03:23:53.243 13866 13866 I GoogleInputMethodServic: GoogleInputMethodService.onFinishInput():3138 
08-04 03:23:53.243 13866 13866 I GoogleInputMethodServic: GoogleInputMethodService.onStartInput():1808 
08-04 03:23:53.259 15503 15503 D OnlineFeedViewActivity: Parsing feed
08-04 03:23:53.263 15503 18952 D TypeGetter: Recognized type RSS 2.0
08-04 03:23:53.265 15503 18952 D SyndHandler: Recognized Content namespace
08-04 03:23:53.265 15503 18952 D SyndHandler: Recognized DublinCore namespace
08-04 03:23:53.265 15503 18952 D SyndHandler: Recognized Atom namespace
08-04 03:23:53.265 15503 18952 D SyndHandler: Recognized ITunes namespace
08-04 03:23:53.266 15503 18952 D SyndHandler: Recognized media namespace
08-04 03:23:53.268   918   936 I ActivityManager: Displayed baseline.de.danoeh.antennapod.debug/baseline.de.danoeh.antennapod.activity.OnlineFeedViewActivity: +114ms
08-04 03:23:53.274 15503 15515 I art     : Explicit concurrent mark sweep GC freed 822(172KB) AllocSpace objects, 3(60KB) LOS objects, 23% free, 51MB/67MB, paused 1.634ms total 35.226ms
08-04 03:23:53.284 15503 15515 I art     : Starting a blocking GC Explicit
08-04 03:23:53.304 15503 15529 D OpenGLRenderer: endAllStagingAnimators on 0x7f7eaffc00 (GridView) with handle 0x7f9a1dbb80
08-04 03:23:53.305 15503 18952 D OnlineFeedViewActivity: Deleted feed source file. Result: true
08-04 03:23:53.308 15503 15503 D OnlineFeedViewActivity: Removing HTML from shownotes
08-04 03:23:53.321 15503 15515 I art     : Explicit concurrent mark sweep GC freed 3783(507KB) AllocSpace objects, 11(748KB) LOS objects, 23% free, 51MB/67MB, paused 1.482ms total 36.800ms
08-04 03:23:53.329 15503 16439 D ApOkHttpUrlLoader: buildLoadData() called with: model = [http://sixgun.org/files/linuxoutlaws.jpg], width = [350], height = [350]
08-04 03:23:53.330 15503 16258 D DBReader: getImageAuthentication() called with: imageUrl = [http://sixgun.org/files/linuxoutlaws.jpg]
08-04 03:23:53.332 15503 16258 D ApOkHttpUrlLoader: no credentials for 'http://sixgun.org/files/linuxoutlaws.jpg'
08-04 03:23:53.360 15503 16258 D DBWriter: updateFeedDownloadURL(original: http://sixgun.org/files/linuxoutlaws.jpg, updated: https://fab.industries/sixgun/files/linuxoutlaws.jpg)
08-04 03:23:53.490 15503 16258 D MYTAG   : interceptor 2a
08-04 03:23:53.490 15503 16258 I NAPPA_EXPERIMENTATION: MetricNetworkRequestExecutionTime: REQUEST_DURATION_SYSTEM='158',REQUEST_DURATION_OKHTTP='128',REQUEST_SYNCHRONOUS='TRUE',RESPONSE_CODE='404',RESPONSE_METHOD='GET',RESPONSE_LENGTH_OKHTTP='-1',RESPONSE_LENGTH_HEADER='1503',REQUEST_PROTOCOL='h2',REQUEST_URL='https://fab.industries/sixgun/files/linuxoutlaws.jpg',
08-04 03:23:53.493 15503 15503 W Glide   : Load failed for http://sixgun.org/files/linuxoutlaws.jpg with size [350x350]
08-04 03:23:53.493 15503 15503 W Glide   : class com.bumptech.glide.load.engine.GlideException: Failed to load resource
08-04 03:23:53.493 15503 15503 W Glide   : There was 1 cause:
08-04 03:23:53.493 15503 15503 W Glide   : com.bumptech.glide.load.HttpException()
08-04 03:23:53.493 15503 15503 W Glide   :  call GlideException#logRootCauses(String) for more detail
08-04 03:23:53.493 15503 15503 W Glide   :   Cause (1 of 1): class com.bumptech.glide.load.engine.GlideException: Fetching data failed, class java.io.InputStream, REMOTE
08-04 03:23:53.493 15503 15503 W Glide   : There was 1 cause:
08-04 03:23:53.493 15503 15503 W Glide   : com.bumptech.glide.load.HttpException()
08-04 03:23:53.493 15503 15503 W Glide   :  call GlideException#logRootCauses(String) for more detail
08-04 03:23:53.493 15503 15503 W Glide   :     Cause (1 of 1): class com.bumptech.glide.load.HttpException: 
08-04 03:23:53.493 15503 15503 I Glide   : Root cause (1 of 1)
08-04 03:23:53.493 15503 15503 I Glide   : com.bumptech.glide.load.HttpException: 
08-04 03:23:53.493 15503 15503 I Glide   : 	at com.bumptech.glide.integration.okhttp3.OkHttpStreamFetcher.onResponse(OkHttpStreamFetcher.java:73)
08-04 03:23:53.493 15503 15503 I Glide   : 	at okhttp3.RealCall$AsyncCall.execute(RealCall.java:174)
08-04 03:23:53.493 15503 15503 I Glide   : 	at okhttp3.internal.NamedRunnable.run(NamedRunnable.java:32)
08-04 03:23:53.493 15503 15503 I Glide   : 	at java.util.concurrent.ThreadPoolExecutor.runWorker(ThreadPoolExecutor.java:1113)
08-04 03:23:53.493 15503 15503 I Glide   : 	at java.util.concurrent.ThreadPoolExecutor$Worker.run(ThreadPoolExecutor.java:588)
08-04 03:23:53.493 15503 15503 I Glide   : 	at java.lang.Thread.run(Thread.java:818)
08-04 03:23:53.519   380   380 W SurfaceFlinger: couldn't log to binary event log: overflow.
08-04 03:23:53.619 15503 15515 I art     : Starting a blocking GC Explicit
08-04 03:23:53.644 15503 15503 D PlaybackController: Releasing PlaybackController
08-04 03:23:53.662 15503 15515 I art     : Explicit concurrent mark sweep GC freed 3966(259KB) AllocSpace objects, 1(20KB) LOS objects, 23% free, 51MB/67MB, paused 1.523ms total 42.868ms
08-04 03:23:53.673 15503 15515 I art     : Starting a blocking GC Explicit
08-04 03:23:53.706 15503 15515 I art     : Explicit concurrent mark sweep GC freed 676(31KB) AllocSpace objects, 1(112KB) LOS objects, 23% free, 51MB/67MB, paused 1.159ms total 33.520ms
08-04 03:23:53.710   512  2967 D audio_hw_primary: disable_audio_route: reset and update mixer path: low-latency-playback speaker
08-04 03:23:53.711   512  2967 D audio_hw_primary: disable_snd_device: snd_device(2: speaker)
08-04 03:23:53.717 15503 15515 I art     : Starting a blocking GC Explicit
08-04 03:23:53.719   512  2967 I soundtrigger: audio_extn_sound_trigger_update_device_status: device 0x2 of type 0 for Event 0
08-04 03:23:53.753 15503 15515 I art     : Explicit concurrent mark sweep GC freed 19(640B) AllocSpace objects, 0(0B) LOS objects, 23% free, 51MB/67MB, paused 1.228ms total 35.469ms
08-04 03:23:53.763 15503 15515 I art     : Starting a blocking GC Explicit
08-04 03:23:53.799 15503 15515 I art     : Explicit concurrent mark sweep GC freed 3(96B) AllocSpace objects, 0(0B) LOS objects, 23% free, 51MB/67MB, paused 1.256ms total 35.955ms
08-04 03:23:53.809 15503 15515 I art     : Starting a blocking GC Explicit
08-04 03:23:53.846 15503 15515 I art     : Explicit concurrent mark sweep GC freed 3(96B) AllocSpace objects, 0(0B) LOS objects, 23% free, 51MB/67MB, paused 1.218ms total 36.917ms
08-04 03:23:54.194 15503 16044 I art     : Starting a blocking GC Explicit
08-04 03:23:54.234 15503 16044 I art     : Explicit concurrent mark sweep GC freed 1412(83KB) AllocSpace objects, 1(20KB) LOS objects, 23% free, 51MB/67MB, paused 1.256ms total 39.789ms
08-04 03:23:54.245 15503 16044 I art     : Starting a blocking GC Explicit
08-04 03:23:54.281 15503 16044 I art     : Explicit concurrent mark sweep GC freed 23(752B) AllocSpace objects, 0(0B) LOS objects, 23% free, 51MB/67MB, paused 1.212ms total 36.472ms
08-04 03:23:54.292 15503 16044 I art     : Starting a blocking GC Explicit
08-04 03:23:54.330 15503 16044 I art     : Explicit concurrent mark sweep GC freed 3(96B) AllocSpace objects, 0(0B) LOS objects, 23% free, 51MB/67MB, paused 1.262ms total 37.466ms
08-04 03:23:54.341 15503 16044 I art     : Starting a blocking GC Explicit
08-04 03:23:54.377 15503 16044 I art     : Explicit concurrent mark sweep GC freed 3(96B) AllocSpace objects, 0(0B) LOS objects, 23% free, 51MB/67MB, paused 1.294ms total 36.182ms
08-04 03:23:54.388 15503 16044 I art     : Starting a blocking GC Explicit
08-04 03:23:54.426 15503 16044 I art     : Explicit concurrent mark sweep GC freed 3(96B) AllocSpace objects, 0(0B) LOS objects, 23% free, 51MB/67MB, paused 1.284ms total 37.802ms
08-04 03:23:54.451   518   646 I ThermalEngine: ACTION: GPU - Setting GPU[0] to 450000000
08-04 03:23:54.796 15503 16045 I art     : Starting a blocking GC Explicit
08-04 03:23:54.858 15503 16045 I art     : Explicit concurrent mark sweep GC freed 1384(81KB) AllocSpace objects, 1(20KB) LOS objects, 23% free, 51MB/67MB, paused 1.912ms total 61.884ms
08-04 03:23:54.874 15503 16045 I art     : Starting a blocking GC Explicit
08-04 03:23:54.924 15503 16045 I art     : Explicit concurrent mark sweep GC freed 24(784B) AllocSpace objects, 0(0B) LOS objects, 23% free, 51MB/67MB, paused 1.662ms total 49.848ms
08-04 03:23:54.938 15503 16045 I art     : Starting a blocking GC Explicit
08-04 03:23:54.985 15503 16045 I art     : Explicit concurrent mark sweep GC freed 10(320B) AllocSpace objects, 0(0B) LOS objects, 23% free, 51MB/67MB, paused 1.725ms total 46.727ms
08-04 03:23:54.999 15503 16045 I art     : Starting a blocking GC Explicit
08-04 03:23:55.045 15503 16045 I art     : Explicit concurrent mark sweep GC freed 10(320B) AllocSpace objects, 0(0B) LOS objects, 23% free, 51MB/67MB, paused 1.517ms total 45.906ms
08-04 03:23:55.059 15503 16045 I art     : Starting a blocking GC Explicit
08-04 03:23:55.104 15503 16045 I art     : Explicit concurrent mark sweep GC freed 38(1072B) AllocSpace objects, 0(0B) LOS objects, 23% free, 51MB/67MB, paused 1.621ms total 44.891ms
08-04 03:23:55.511 15503 15530 I art     : Starting a blocking GC Explicit
08-04 03:23:55.571 15503 15530 I art     : Explicit concurrent mark sweep GC freed 1398(81KB) AllocSpace objects, 1(20KB) LOS objects, 23% free, 51MB/67MB, paused 1.847ms total 59.094ms
08-04 03:23:55.588 15503 15530 I art     : Starting a blocking GC Explicit
08-04 03:23:55.637 15503 15530 I art     : Explicit concurrent mark sweep GC freed 23(752B) AllocSpace objects, 0(0B) LOS objects, 23% free, 51MB/67MB, paused 1.676ms total 48.189ms
08-04 03:23:55.650 15503 15530 I art     : Starting a blocking GC Explicit
08-04 03:23:55.700 15503 15530 I art     : Explicit concurrent mark sweep GC freed 3(96B) AllocSpace objects, 0(0B) LOS objects, 23% free, 51MB/67MB, paused 1.735ms total 49.734ms
08-04 03:23:55.714 15503 15530 I art     : Starting a blocking GC Explicit
08-04 03:23:55.763 15503 15530 I art     : Explicit concurrent mark sweep GC freed 3(96B) AllocSpace objects, 0(0B) LOS objects, 23% free, 51MB/67MB, paused 1.684ms total 48.394ms
08-04 03:23:55.777 15503 15530 I art     : Starting a blocking GC Explicit
08-04 03:23:55.828 15503 15530 I art     : Explicit concurrent mark sweep GC freed 3(96B) AllocSpace objects, 0(0B) LOS objects, 23% free, 51MB/67MB, paused 1.837ms total 50.354ms
08-04 03:23:56.212 15503 16044 I art     : Starting a blocking GC Explicit
08-04 03:23:56.272 15503 16044 I art     : Explicit concurrent mark sweep GC freed 1410(81KB) AllocSpace objects, 1(20KB) LOS objects, 23% free, 51MB/67MB, paused 1.846ms total 58.860ms
08-04 03:23:56.289 15503 16044 I art     : Starting a blocking GC Explicit
08-04 03:23:56.339 15503 16044 I art     : Explicit concurrent mark sweep GC freed 23(752B) AllocSpace objects, 0(0B) LOS objects, 23% free, 51MB/67MB, paused 1.707ms total 49.844ms
08-04 03:23:56.356 15503 16044 I art     : Starting a blocking GC Explicit
08-04 03:23:56.405 15503 16044 I art     : Explicit concurrent mark sweep GC freed 3(96B) AllocSpace objects, 0(0B) LOS objects, 23% free, 51MB/67MB, paused 1.653ms total 47.484ms
08-04 03:23:56.418 15503 16044 I art     : Starting a blocking GC Explicit
08-04 03:23:56.455   518   646 I ThermalEngine: ACTION: GPU - Setting GPU[0] to 510000000
08-04 03:23:56.468 15503 16044 I art     : Explicit concurrent mark sweep GC freed 3(96B) AllocSpace objects, 0(0B) LOS objects, 23% free, 51MB/67MB, paused 1.756ms total 48.996ms
08-04 03:23:56.481 15503 16044 I art     : Starting a blocking GC Explicit
08-04 03:23:56.522 15503 16044 I art     : Explicit concurrent mark sweep GC freed 3(96B) AllocSpace objects, 0(0B) LOS objects, 23% free, 51MB/67MB, paused 1.205ms total 40.654ms
08-04 03:23:56.885 15503 16045 I art     : Starting a blocking GC Explicit
08-04 03:23:56.931 15503 16045 I art     : Explicit concurrent mark sweep GC freed 1381(81KB) AllocSpace objects, 1(20KB) LOS objects, 23% free, 51MB/67MB, paused 1.396ms total 46.229ms
08-04 03:23:56.945 15503 16045 I art     : Starting a blocking GC Explicit
08-04 03:23:56.982 15503 16045 I art     : Explicit concurrent mark sweep GC freed 23(752B) AllocSpace objects, 0(0B) LOS objects, 23% free, 51MB/67MB, paused 1.260ms total 36.684ms
08-04 03:23:56.993 15503 16045 I art     : Starting a blocking GC Explicit
08-04 03:23:57.030 15503 16045 I art     : Explicit concurrent mark sweep GC freed 3(96B) AllocSpace objects, 0(0B) LOS objects, 23% free, 51MB/67MB, paused 1.260ms total 37.685ms
08-04 03:23:57.041 15503 16045 I art     : Starting a blocking GC Explicit
08-04 03:23:57.079 15503 16045 I art     : Explicit concurrent mark sweep GC freed 32(880B) AllocSpace objects, 0(0B) LOS objects, 23% free, 51MB/67MB, paused 1.215ms total 37.774ms
08-04 03:23:57.090 15503 16045 I art     : Starting a blocking GC Explicit
08-04 03:23:57.126 15503 16045 I art     : Explicit concurrent mark sweep GC freed 3(96B) AllocSpace objects, 0(0B) LOS objects, 23% free, 51MB/67MB, paused 1.228ms total 35.855ms
08-04 03:23:57.457 15503 15519 I art     : Starting a blocking GC Explicit
08-04 03:23:57.494 15503 15519 I art     : Explicit concurrent mark sweep GC freed 1383(84KB) AllocSpace objects, 1(20KB) LOS objects, 23% free, 51MB/67MB, paused 1.305ms total 36.866ms
08-04 03:23:57.505 15503 15519 I art     : Starting a blocking GC Explicit
08-04 03:23:57.537 15503 15519 I art     : Explicit concurrent mark sweep GC freed 23(752B) AllocSpace objects, 0(0B) LOS objects, 23% free, 51MB/67MB, paused 1.222ms total 31.868ms
08-04 03:23:57.547 15503 15519 I art     : Starting a blocking GC Explicit
08-04 03:23:57.579 15503 15519 I art     : Explicit concurrent mark sweep GC freed 3(96B) AllocSpace objects, 0(0B) LOS objects, 23% free, 51MB/67MB, paused 1.292ms total 31.924ms
08-04 03:23:57.588 15503 15519 I art     : Starting a blocking GC Explicit
08-04 03:23:57.623 15503 15519 I art     : Explicit concurrent mark sweep GC freed 3(96B) AllocSpace objects, 0(0B) LOS objects, 23% free, 51MB/67MB, paused 1.221ms total 34.502ms
08-04 03:23:57.633 15503 15519 I art     : Starting a blocking GC Explicit
08-04 03:23:57.668 15503 15519 I art     : Explicit concurrent mark sweep GC freed 3(96B) AllocSpace objects, 0(0B) LOS objects, 23% free, 51MB/67MB, paused 1.324ms total 35.052ms
08-04 03:23:57.726 19015 19015 D AndroidRuntime: >>>>>> START com.android.internal.os.RuntimeInit uid 2000 <<<<<<
08-04 03:23:57.731 19015 19015 D AndroidRuntime: CheckJNI is OFF
08-04 03:23:57.766 19015 19015 D ICU     : No timezone override file found: /data/misc/zoneinfo/current/icu/icu_tzdata.dat
08-04 03:23:57.805 19015 19015 I Radio-JNI: register_android_hardware_Radio DONE
08-04 03:23:57.826 19015 19015 D AndroidRuntime: Calling main entry com.android.commands.input.Input
08-04 03:23:57.828 19015 19015 I Input   : injectKeyEvent: KeyEvent { action=ACTION_DOWN, keyCode=KEYCODE_BACK, scanCode=0, metaState=0, flags=0x0, repeatCount=0, eventTime=674654241, downTime=674654241, deviceId=-1, source=0x101 }
08-04 03:23:57.836 19015 19015 I Input   : injectKeyEvent: KeyEvent { action=ACTION_UP, keyCode=KEYCODE_BACK, scanCode=0, metaState=0, flags=0x0, repeatCount=0, eventTime=674654241, downTime=674654241, deviceId=-1, source=0x101 }
08-04 03:23:57.842 19015 19015 D AndroidRuntime: Shutting down VM
08-04 03:23:57.847 15503 15503 V PlaybackController: initServiceNotRunning()
08-04 03:23:57.848 15503 15503 D ExternalPlayerFragment: Loading media info
08-04 03:23:57.851 15503 16439 D ApOkHttpUrlLoader: buildLoadData() called with: model = [http://sixgun.org/files/linuxoutlaws.jpg], width = [224], height = [224]
08-04 03:23:57.852 15503 16258 D DBReader: getImageAuthentication() called with: imageUrl = [http://sixgun.org/files/linuxoutlaws.jpg]
08-04 03:23:57.853 15503 15503 D UserPreferences: Using default data folder
08-04 03:23:57.854 15503 15535 D DBReader: getNavDrawerData() called with: 
08-04 03:23:57.854 15503 16258 D ApOkHttpUrlLoader: no credentials for 'http://sixgun.org/files/linuxoutlaws.jpg'
08-04 03:23:57.864 15503 15535 D DBReader: getDownloadedItems() called
08-04 03:23:57.865 15503 15535 D DBReader: getFavoriteIDList() called
08-04 03:23:57.866 15503 15535 D DBReader: getQueueIDList() called
08-04 03:23:57.867 15503 15535 D DBReader: Extracting Feedlist
08-04 03:23:57.892 13866 13866 I GoogleInputMethodServic: GoogleInputMethodService.onFinishInput():3138 
08-04 03:23:57.892 15503 15503 D MainActivity: getLastNavFragment() -> AddFeedFragment
08-04 03:23:57.893 13866 13866 I GoogleInputMethodServic: GoogleInputMethodService.onStartInput():1808 
08-04 03:23:57.941 15503 16258 D DBWriter: updateFeedDownloadURL(original: http://sixgun.org/files/linuxoutlaws.jpg, updated: https://fab.industries/sixgun/files/linuxoutlaws.jpg)
08-04 03:23:57.978 15503 15530 I art     : Starting a blocking GC Explicit
08-04 03:23:58.014 15503 15530 I art     : Explicit concurrent mark sweep GC freed 3106(185KB) AllocSpace objects, 1(20KB) LOS objects, 23% free, 51MB/67MB, paused 1.592ms total 35.010ms
08-04 03:23:58.028 15503 15530 I art     : Starting a blocking GC Explicit
08-04 03:23:58.073 15503 15530 I art     : Explicit concurrent mark sweep GC freed 519(27KB) AllocSpace objects, 0(0B) LOS objects, 23% free, 51MB/67MB, paused 1.284ms total 45.038ms
08-04 03:23:58.074 15503 16258 D MYTAG   : interceptor 2a
08-04 03:23:58.074 15503 16258 I NAPPA_EXPERIMENTATION: MetricNetworkRequestExecutionTime: REQUEST_DURATION_SYSTEM='219',REQUEST_DURATION_OKHTTP='130',REQUEST_SYNCHRONOUS='TRUE',RESPONSE_CODE='404',RESPONSE_METHOD='GET',RESPONSE_LENGTH_OKHTTP='-1',RESPONSE_LENGTH_HEADER='1503',REQUEST_PROTOCOL='h2',REQUEST_URL='https://fab.industries/sixgun/files/linuxoutlaws.jpg',
08-04 03:23:58.076 15503 15503 W Glide   : Load failed for http://sixgun.org/files/linuxoutlaws.jpg with size [224x224]
08-04 03:23:58.076 15503 15503 W Glide   : class com.bumptech.glide.load.engine.GlideException: Failed to load resource
08-04 03:23:58.076 15503 15503 W Glide   : There was 1 cause:
08-04 03:23:58.076 15503 15503 W Glide   : com.bumptech.glide.load.HttpException()
08-04 03:23:58.076 15503 15503 W Glide   :  call GlideException#logRootCauses(String) for more detail
08-04 03:23:58.076 15503 15503 W Glide   :   Cause (1 of 1): class com.bumptech.glide.load.engine.GlideException: Fetching data failed, class java.io.InputStream, REMOTE
08-04 03:23:58.076 15503 15503 W Glide   : There was 1 cause:
08-04 03:23:58.076 15503 15503 W Glide   : com.bumptech.glide.load.HttpException()
08-04 03:23:58.076 15503 15503 W Glide   :  call GlideException#logRootCauses(String) for more detail
08-04 03:23:58.076 15503 15503 W Glide   :     Cause (1 of 1): class com.bumptech.glide.load.HttpException: 
08-04 03:23:58.076 15503 15503 I Glide   : Root cause (1 of 1)
08-04 03:23:58.076 15503 15503 I Glide   : com.bumptech.glide.load.HttpException: 
08-04 03:23:58.076 15503 15503 I Glide   : 	at com.bumptech.glide.integration.okhttp3.OkHttpStreamFetcher.onResponse(OkHttpStreamFetcher.java:73)
08-04 03:23:58.076 15503 15503 I Glide   : 	at okhttp3.RealCall$AsyncCall.execute(RealCall.java:174)
08-04 03:23:58.076 15503 15503 I Glide   : 	at okhttp3.internal.NamedRunnable.run(NamedRunnable.java:32)
08-04 03:23:58.076 15503 15503 I Glide   : 	at java.util.concurrent.ThreadPoolExecutor.runWorker(ThreadPoolExecutor.java:1113)
08-04 03:23:58.076 15503 15503 I Glide   : 	at java.util.concurrent.ThreadPoolExecutor$Worker.run(ThreadPoolExecutor.java:588)
08-04 03:23:58.076 15503 15503 I Glide   : 	at java.lang.Thread.run(Thread.java:818)
08-04 03:23:58.077 15503 15503 W Glide   : Load failed for http://sixgun.org/files/linuxoutlaws.jpg with size [224x224]
08-04 03:23:58.077 15503 15503 W Glide   : class com.bumptech.glide.load.engine.GlideException: Failed to load resource
08-04 03:23:58.077 15503 15503 W Glide   : There was 1 cause:
08-04 03:23:58.077 15503 15503 W Glide   : com.bumptech.glide.load.HttpException()
08-04 03:23:58.077 15503 15503 W Glide   :  call GlideException#logRootCauses(String) for more detail
08-04 03:23:58.077 15503 15503 W Glide   :   Cause (1 of 1): class com.bumptech.glide.load.engine.GlideException: Fetching data failed, class java.io.InputStream, REMOTE
08-04 03:23:58.077 15503 15503 W Glide   : There was 1 cause:
08-04 03:23:58.077 15503 15503 W Glide   : com.bumptech.glide.load.HttpException()
08-04 03:23:58.077 15503 15503 W Glide   :  call GlideException#logRootCauses(String) for more detail
08-04 03:23:58.077 15503 15503 W Glide   :     Cause (1 of 1): class com.bumptech.glide.load.HttpException: 
08-04 03:23:58.077 15503 15503 I Glide   : Root cause (1 of 1)
08-04 03:23:58.077 15503 15503 I Glide   : com.bumptech.glide.load.HttpException: 
08-04 03:23:58.077 15503 15503 I Glide   : 	at com.bumptech.glide.integration.okhttp3.OkHttpStreamFetcher.onResponse(OkHttpStreamFetcher.java:73)
08-04 03:23:58.077 15503 15503 I Glide   : 	at okhttp3.RealCall$AsyncCall.execute(RealCall.java:174)
08-04 03:23:58.077 15503 15503 I Glide   : 	at okhttp3.internal.NamedRunnable.run(NamedRunnable.java:32)
08-04 03:23:58.077 15503 15503 I Glide   : 	at java.util.concurrent.ThreadPoolExecutor.runWorker(ThreadPoolExecutor.java:1113)
08-04 03:23:58.077 15503 15503 I Glide   : 	at java.util.concurrent.ThreadPoolExecutor$Worker.run(ThreadPoolExecutor.java:588)
08-04 03:23:58.077 15503 15503 I Glide   : 	at java.lang.Thread.run(Thread.java:818)
08-04 03:23:58.087 15503 15530 I art     : Starting a blocking GC Explicit
08-04 03:23:58.128 15503 15530 I art     : Explicit concurrent mark sweep GC freed 576(75KB) AllocSpace objects, 0(0B) LOS objects, 23% free, 51MB/67MB, paused 1.510ms total 40.397ms
08-04 03:23:58.141 15503 15530 I art     : Starting a blocking GC Explicit
08-04 03:23:58.179 15503 15530 I art     : Explicit concurrent mark sweep GC freed 22(960B) AllocSpace objects, 0(0B) LOS objects, 23% free, 51MB/67MB, paused 1.273ms total 37.792ms
08-04 03:23:58.190 15503 15530 I art     : Starting a blocking GC Explicit
08-04 03:23:58.191   380   380 W SurfaceFlinger: couldn't log to binary event log: overflow.
08-04 03:23:58.225 15503 15530 I art     : Explicit concurrent mark sweep GC freed 594(24KB) AllocSpace objects, 0(0B) LOS objects, 23% free, 51MB/67MB, paused 1.149ms total 34.264ms
08-04 03:23:58.534 15503 16045 I art     : Starting a blocking GC Explicit
08-04 03:23:58.567 15503 16045 I art     : Explicit concurrent mark sweep GC freed 4237(318KB) AllocSpace objects, 2(48KB) LOS objects, 23% free, 50MB/66MB, paused 1.194ms total 33.136ms
08-04 03:23:58.576 15503 16045 I art     : Starting a blocking GC Explicit
08-04 03:23:58.610 15503 16045 I art     : Explicit concurrent mark sweep GC freed 25(832B) AllocSpace objects, 0(0B) LOS objects, 23% free, 50MB/66MB, paused 1.257ms total 33.518ms
08-04 03:23:58.621 15503 16045 I art     : Starting a blocking GC Explicit
08-04 03:23:58.655 15503 16045 I art     : Explicit concurrent mark sweep GC freed 3(96B) AllocSpace objects, 0(0B) LOS objects, 23% free, 50MB/66MB, paused 1.225ms total 33.907ms
08-04 03:23:58.665 15503 16045 I art     : Starting a blocking GC Explicit
08-04 03:23:58.701 15503 16045 I art     : Explicit concurrent mark sweep GC freed 3(96B) AllocSpace objects, 0(0B) LOS objects, 23% free, 50MB/66MB, paused 1.373ms total 35.047ms
08-04 03:23:58.711 15503 16045 I art     : Starting a blocking GC Explicit
08-04 03:23:58.747 15503 16045 I art     : Explicit concurrent mark sweep GC freed 3(96B) AllocSpace objects, 0(0B) LOS objects, 23% free, 50MB/66MB, paused 1.233ms total 35.387ms
08-04 03:23:59.087 15503 15519 I art     : Starting a blocking GC Explicit
08-04 03:23:59.124 15503 15519 I art     : Explicit concurrent mark sweep GC freed 1412(82KB) AllocSpace objects, 1(20KB) LOS objects, 23% free, 50MB/66MB, paused 1.241ms total 36.164ms
08-04 03:23:59.134 15503 15519 I art     : Starting a blocking GC Explicit
08-04 03:23:59.168 15503 15519 I art     : Explicit concurrent mark sweep GC freed 23(752B) AllocSpace objects, 0(0B) LOS objects, 23% free, 50MB/66MB, paused 1.348ms total 33.738ms
08-04 03:23:59.178 15503 15519 I art     : Starting a blocking GC Explicit
08-04 03:23:59.212 15503 15519 I art     : Explicit concurrent mark sweep GC freed 3(96B) AllocSpace objects, 0(0B) LOS objects, 23% free, 50MB/66MB, paused 1.248ms total 33.591ms
08-04 03:23:59.222 15503 15519 I art     : Starting a blocking GC Explicit
08-04 03:23:59.255 15503 15519 I art     : Explicit concurrent mark sweep GC freed 3(96B) AllocSpace objects, 0(0B) LOS objects, 23% free, 50MB/66MB, paused 1.214ms total 33.421ms
08-04 03:23:59.265 15503 15519 I art     : Starting a blocking GC Explicit
08-04 03:23:59.300 15503 15519 I art     : Explicit concurrent mark sweep GC freed 3(96B) AllocSpace objects, 0(0B) LOS objects, 23% free, 50MB/66MB, paused 1.241ms total 34.648ms
08-04 03:23:59.489 19067 19067 D AndroidRuntime: >>>>>> START com.android.internal.os.RuntimeInit uid 2000 <<<<<<
08-04 03:23:59.495 19067 19067 D AndroidRuntime: CheckJNI is OFF
08-04 03:23:59.525 19067 19067 D ICU     : No timezone override file found: /data/misc/zoneinfo/current/icu/icu_tzdata.dat
08-04 03:23:59.556 19067 19067 I Radio-JNI: register_android_hardware_Radio DONE
08-04 03:23:59.577 19067 19067 D AndroidRuntime: Calling main entry com.android.commands.input.Input
08-04 03:23:59.578 19067 19067 I Input   : injectKeyEvent: KeyEvent { action=ACTION_DOWN, keyCode=KEYCODE_BACK, scanCode=0, metaState=0, flags=0x0, repeatCount=0, eventTime=674655992, downTime=674655992, deviceId=-1, source=0x101 }
08-04 03:23:59.583 19067 19067 I Input   : injectKeyEvent: KeyEvent { action=ACTION_UP, keyCode=KEYCODE_BACK, scanCode=0, metaState=0, flags=0x0, repeatCount=0, eventTime=674655992, downTime=674655992, deviceId=-1, source=0x101 }
08-04 03:23:59.599 19067 19067 D AndroidRuntime: Shutting down VM
08-04 03:23:59.619 15503 15530 I art     : Starting a blocking GC Explicit
08-04 03:23:59.655 15503 15530 I art     : Explicit concurrent mark sweep GC freed 3566(171KB) AllocSpace objects, 1(20KB) LOS objects, 23% free, 50MB/66MB, paused 1.113ms total 34.626ms
08-04 03:23:59.664 15503 15530 I art     : Starting a blocking GC Explicit
08-04 03:23:59.698 15503 15530 I art     : Explicit concurrent mark sweep GC freed 5377(395KB) AllocSpace objects, 9(1620KB) LOS objects, 24% free, 48MB/64MB, paused 1.155ms total 33.281ms
08-04 03:23:59.708 15503 15530 I art     : Starting a blocking GC Explicit
08-04 03:23:59.740 15503 15530 I art     : Explicit concurrent mark sweep GC freed 23(896B) AllocSpace objects, 0(0B) LOS objects, 24% free, 48MB/64MB, paused 1.169ms total 32.381ms
08-04 03:23:59.750 15503 15530 I art     : Starting a blocking GC Explicit
08-04 03:23:59.783 15503 15530 I art     : Explicit concurrent mark sweep GC freed 3(96B) AllocSpace objects, 0(0B) LOS objects, 24% free, 48MB/64MB, paused 1.152ms total 32.641ms
08-04 03:23:59.793 15503 15530 I art     : Starting a blocking GC Explicit
08-04 03:23:59.827 15503 15530 I art     : Explicit concurrent mark sweep GC freed 3(96B) AllocSpace objects, 0(0B) LOS objects, 24% free, 48MB/64MB, paused 1.189ms total 33.279ms
08-04 03:24:00.131 15503 16045 I art     : Starting a blocking GC Explicit
08-04 03:24:00.167 15503 16045 I art     : Explicit concurrent mark sweep GC freed 1411(82KB) AllocSpace objects, 1(20KB) LOS objects, 24% free, 48MB/64MB, paused 1.359ms total 35.602ms
08-04 03:24:00.178 15503 16045 I art     : Starting a blocking GC Explicit
08-04 03:24:00.209 15503 16045 I art     : Explicit concurrent mark sweep GC freed 23(752B) AllocSpace objects, 0(0B) LOS objects, 24% free, 48MB/64MB, paused 1.268ms total 30.771ms
08-04 03:24:00.218 15503 16045 I art     : Starting a blocking GC Explicit
08-04 03:24:00.251 15503 16045 I art     : Explicit concurrent mark sweep GC freed 3(96B) AllocSpace objects, 0(0B) LOS objects, 24% free, 48MB/64MB, paused 1.202ms total 32.630ms
08-04 03:24:00.261 15503 16045 I art     : Starting a blocking GC Explicit
08-04 03:24:00.295 15503 16045 I art     : Explicit concurrent mark sweep GC freed 3(96B) AllocSpace objects, 0(0B) LOS objects, 24% free, 48MB/64MB, paused 1.200ms total 33.902ms
08-04 03:24:00.306 15503 16045 I art     : Starting a blocking GC Explicit
08-04 03:24:00.340 15503 16045 I art     : Explicit concurrent mark sweep GC freed 3(96B) AllocSpace objects, 0(0B) LOS objects, 24% free, 48MB/64MB, paused 1.196ms total 34.009ms
08-04 03:24:00.670 15503 16044 I art     : Starting a blocking GC Explicit
08-04 03:24:00.714 15503 16044 I art     : Explicit concurrent mark sweep GC freed 1381(82KB) AllocSpace objects, 1(20KB) LOS objects, 24% free, 48MB/64MB, paused 1.571ms total 43.150ms
08-04 03:24:00.725 15503 16044 I art     : Starting a blocking GC Explicit
08-04 03:24:00.758 15503 16044 I art     : Explicit concurrent mark sweep GC freed 23(752B) AllocSpace objects, 0(0B) LOS objects, 24% free, 48MB/64MB, paused 1.172ms total 33.362ms
08-04 03:24:00.768 15503 16044 I art     : Starting a blocking GC Explicit
08-04 03:24:00.801 15503 16044 I art     : Explicit concurrent mark sweep GC freed 3(96B) AllocSpace objects, 0(0B) LOS objects, 24% free, 48MB/64MB, paused 1.179ms total 33.236ms
08-04 03:24:00.812 15503 16044 I art     : Starting a blocking GC Explicit
08-04 03:24:00.845 15503 16044 I art     : Explicit concurrent mark sweep GC freed 3(96B) AllocSpace objects, 0(0B) LOS objects, 24% free, 48MB/64MB, paused 1.214ms total 32.698ms
08-04 03:24:00.855 15503 16044 I art     : Starting a blocking GC Explicit
08-04 03:24:00.885 15503 16044 I art     : Explicit concurrent mark sweep GC freed 3(96B) AllocSpace objects, 0(0B) LOS objects, 24% free, 48MB/64MB, paused 1.148ms total 29.999ms
08-04 03:24:01.198 15503 15515 I art     : Starting a blocking GC Explicit
08-04 03:24:01.241 15503 15515 I art     : Explicit concurrent mark sweep GC freed 1414(84KB) AllocSpace objects, 1(20KB) LOS objects, 24% free, 48MB/64MB, paused 1.253ms total 42.947ms
08-04 03:24:01.251 15503 15515 I art     : Starting a blocking GC Explicit
08-04 03:24:01.258 19110 19110 D AndroidRuntime: >>>>>> START com.android.internal.os.RuntimeInit uid 2000 <<<<<<
08-04 03:24:01.264 19110 19110 D AndroidRuntime: CheckJNI is OFF
08-04 03:24:01.282 15503 15515 I art     : Explicit concurrent mark sweep GC freed 29(944B) AllocSpace objects, 0(0B) LOS objects, 24% free, 48MB/64MB, paused 1.113ms total 30.519ms
08-04 03:24:01.282 15503 15514 I art     : WaitForGcToComplete blocked for 9.863ms for cause HeapTrim
08-04 03:24:01.292 15503 15515 I art     : Starting a blocking GC Explicit
08-04 03:24:01.298 19110 19110 D ICU     : No timezone override file found: /data/misc/zoneinfo/current/icu/icu_tzdata.dat
08-04 03:24:01.321 15503 15515 I art     : Explicit concurrent mark sweep GC freed 7(224B) AllocSpace objects, 0(0B) LOS objects, 24% free, 48MB/64MB, paused 1.121ms total 29.184ms
08-04 03:24:01.330 15503 15515 I art     : Starting a blocking GC Explicit
08-04 03:24:01.331 19110 19110 I Radio-JNI: register_android_hardware_Radio DONE
08-04 03:24:01.352 19110 19110 D AndroidRuntime: Calling main entry com.android.commands.input.Input
08-04 03:24:01.354 19110 19110 I Input   : injectMotionEvent: MotionEvent { action=ACTION_DOWN, actionButton=0, id[0]=0, x[0]=603.0, y[0]=1061.0, toolType[0]=TOOL_TYPE_UNKNOWN, buttonState=0, metaState=0, flags=0x0, edgeFlags=0x0, pointerCount=1, historySize=0, eventTime=674657767, downTime=674657767, deviceId=0, source=0x1002 }
08-04 03:24:01.360 15503 15515 I art     : Explicit concurrent mark sweep GC freed 7(224B) AllocSpace objects, 0(0B) LOS objects, 24% free, 48MB/64MB, paused 1.098ms total 29.248ms
08-04 03:24:01.360 19110 19110 I Input   : injectMotionEvent: MotionEvent { action=ACTION_UP, actionButton=0, id[0]=0, x[0]=603.0, y[0]=1061.0, toolType[0]=TOOL_TYPE_UNKNOWN, buttonState=0, metaState=0, flags=0x0, edgeFlags=0x0, pointerCount=1, historySize=0, eventTime=674657767, downTime=674657767, deviceId=0, source=0x1002 }
08-04 03:24:01.363 19110 19110 D AndroidRuntime: Shutting down VM
08-04 03:24:01.371 15503 15515 I art     : Starting a blocking GC Explicit
08-04 03:24:01.382   512  2967 D audio_hw_primary: out_set_parameters: enter: usecase(1: low-latency-playback) kvpairs: routing=2
08-04 03:24:01.395   512  2967 D audio_hw_primary: select_devices: out_snd_device(2: speaker) in_snd_device(0: none)
08-04 03:24:01.395   512  2967 D msm8974_platform: platform_send_audio_calibration: sending audio calibration for snd_device(2) acdb_id(15)
08-04 03:24:01.395   512  2967 I soundtrigger: audio_extn_sound_trigger_update_device_status: device 0x2 of type 0 for Event 1
08-04 03:24:01.402 15503 15515 I art     : Explicit concurrent mark sweep GC freed 603(25KB) AllocSpace objects, 0(0B) LOS objects, 24% free, 49MB/65MB, paused 1.532ms total 31.556ms
08-04 03:24:01.407   512  2967 D audio_hw_primary: enable_snd_device: snd_device(2: speaker)
08-04 03:24:01.409   512  2967 D audio_hw_primary: enable_audio_route: apply and update mixer path: low-latency-playback speaker
08-04 03:24:01.531 15503 19133 I NAPPA_EXPERIMENTATION: MetricNetworkRequestExecutionTime: REQUEST_DURATION_SYSTEM='115',REQUEST_DURATION_OKHTTP='114',REQUEST_SYNCHRONOUS='TRUE',RESPONSE_CODE='200',RESPONSE_METHOD='GET',RESPONSE_LENGTH_OKHTTP='37507',RESPONSE_LENGTH_HEADER='37507',REQUEST_PROTOCOL='http/1.1',REQUEST_URL='https://gpodder.net/toplist/50.json',
08-04 03:24:01.556 15503 18022 I NAPPA_EXPERIMENTATION: MetricNetworkRequestExecutionTime: REQUEST_DURATION_SYSTEM='138',REQUEST_DURATION_OKHTTP='138',REQUEST_SYNCHRONOUS='TRUE',RESPONSE_CODE='200',RESPONSE_METHOD='GET',RESPONSE_LENGTH_OKHTTP='2923',RESPONSE_LENGTH_HEADER='2923',REQUEST_PROTOCOL='http/1.1',REQUEST_URL='https://gpodder.net/api/2/tags/50.json',
08-04 03:24:01.584 15503 16439 D ApOkHttpUrlLoader: buildLoadData() called with: model = [http://sixgun.org/files/linuxoutlaws.jpg], width = [224], height = [224]
08-04 03:24:01.586 15503 16258 D DBReader: getImageAuthentication() called with: imageUrl = [http://sixgun.org/files/linuxoutlaws.jpg]
08-04 03:24:01.588 15503 16258 D ApOkHttpUrlLoader: no credentials for 'http://sixgun.org/files/linuxoutlaws.jpg'
08-04 03:24:01.590 15503 16439 D ApOkHttpUrlLoader: buildLoadData() called with: model = [https://files.thisamericanlife.org/sites/all/themes/thislife/img/tal-name-1400x1400.png], width = [224], height = [224]
08-04 03:24:01.593 15503 16439 D ApOkHttpUrlLoader: buildLoadData() called with: model = [https://elroy.twit.tv/sites/default/files/styles/twit_album_art_2048x2048/public/images/shows/floss_weekly/album_art/audio/floss_albumart_mask.jpg?itok=IUjxKpwt], width = [224], height = [224]
08-04 03:24:01.597 15503 16439 D ApOkHttpUrlLoader: buildLoadData() called with: model = [http://ichef.bbci.co.uk/images/ic/3000x3000/p07kfvzb.jpg], width = [224], height = [224]
08-04 03:24:01.601 15503 16439 D ApOkHttpUrlLoader: buildLoadData() called with: model = [https://pl.tedcdn.com/rss_feed_images/ted_talks_main_podcast/video.png], width = [224], height = [224]
08-04 03:24:01.604 15503 16439 D ApOkHttpUrlLoader: buildLoadData() called with: model = [https://elroy.twit.tv/sites/default/files/styles/twit_album_art_2048x2048/public/images/shows/this_week_in_tech/album_art/audio/twit1400audio.jpg?itok=J0vhatZb], width = [224], height = [224]
08-04 03:24:01.609 15503 16439 D ApOkHttpUrlLoader: buildLoadData() called with: model = [http://ichef.bbci.co.uk/images/ic/3000x3000/p03gtk3j.jpg], width = [224], height = [224]
08-04 03:24:01.619 15503 16258 D DBWriter: updateFeedDownloadURL(original: http://sixgun.org/files/linuxoutlaws.jpg, updated: https://fab.industries/sixgun/files/linuxoutlaws.jpg)
08-04 03:24:01.675 15503 15519 I art     : Starting a blocking GC Explicit
08-04 03:24:01.713 15503 15519 I art     : Explicit concurrent mark sweep GC freed 9989(601KB) AllocSpace objects, 4(212KB) LOS objects, 23% free, 51MB/67MB, paused 1.274ms total 37.073ms
08-04 03:24:01.723 15503 15519 I art     : Starting a blocking GC Explicit
08-04 03:24:01.752 15503 16258 D MYTAG   : interceptor 2a
08-04 03:24:01.752 15503 16258 I NAPPA_EXPERIMENTATION: MetricNetworkRequestExecutionTime: REQUEST_DURATION_SYSTEM='164',REQUEST_DURATION_OKHTTP='130',REQUEST_SYNCHRONOUS='TRUE',RESPONSE_CODE='404',RESPONSE_METHOD='GET',RESPONSE_LENGTH_OKHTTP='-1',RESPONSE_LENGTH_HEADER='1503',REQUEST_PROTOCOL='h2',REQUEST_URL='https://fab.industries/sixgun/files/linuxoutlaws.jpg',
08-04 03:24:01.753 15503 15503 W Glide   : Load failed for http://sixgun.org/files/linuxoutlaws.jpg with size [224x224]
08-04 03:24:01.753 15503 15503 W Glide   : class com.bumptech.glide.load.engine.GlideException: Failed to load resource
08-04 03:24:01.753 15503 15503 W Glide   : There was 1 cause:
08-04 03:24:01.753 15503 15503 W Glide   : com.bumptech.glide.load.HttpException()
08-04 03:24:01.753 15503 15503 W Glide   :  call GlideException#logRootCauses(String) for more detail
08-04 03:24:01.753 15503 15503 W Glide   :   Cause (1 of 1): class com.bumptech.glide.load.engine.GlideException: Fetching data failed, class java.io.InputStream, REMOTE
08-04 03:24:01.753 15503 15503 W Glide   : There was 1 cause:
08-04 03:24:01.753 15503 15503 W Glide   : com.bumptech.glide.load.HttpException()
08-04 03:24:01.753 15503 15503 W Glide   :  call GlideException#logRootCauses(String) for more detail
08-04 03:24:01.753 15503 15503 W Glide   :     Cause (1 of 1): class com.bumptech.glide.load.HttpException: 
08-04 03:24:01.753 15503 15503 I Glide   : Root cause (1 of 1)
08-04 03:24:01.753 15503 15503 I Glide   : com.bumptech.glide.load.HttpException: 
08-04 03:24:01.753 15503 15503 I Glide   : 	at com.bumptech.glide.integration.okhttp3.OkHttpStreamFetcher.onResponse(OkHttpStreamFetcher.java:73)
08-04 03:24:01.753 15503 15503 I Glide   : 	at okhttp3.RealCall$AsyncCall.execute(RealCall.java:174)
08-04 03:24:01.753 15503 15503 I Glide   : 	at okhttp3.internal.NamedRunnable.run(NamedRunnable.java:32)
08-04 03:24:01.753 15503 15503 I Glide   : 	at java.util.concurrent.ThreadPoolExecutor.runWorker(ThreadPoolExecutor.java:1113)
08-04 03:24:01.753 15503 15503 I Glide   : 	at java.util.concurrent.ThreadPoolExecutor$Worker.run(ThreadPoolExecutor.java:588)
08-04 03:24:01.753 15503 15503 I Glide   : 	at java.lang.Thread.run(Thread.java:818)
08-04 03:24:01.754 15503 15503 W Glide   : Load failed for http://sixgun.org/files/linuxoutlaws.jpg with size [224x224]
08-04 03:24:01.754 15503 15503 W Glide   : class com.bumptech.glide.load.engine.GlideException: Failed to load resource
08-04 03:24:01.754 15503 15503 W Glide   : There was 1 cause:
08-04 03:24:01.754 15503 15503 W Glide   : com.bumptech.glide.load.HttpException()
08-04 03:24:01.754 15503 15503 W Glide   :  call GlideException#logRootCauses(String) for more detail
08-04 03:24:01.754 15503 15503 W Glide   :   Cause (1 of 1): class com.bumptech.glide.load.engine.GlideException: Fetching data failed, class java.io.InputStream, REMOTE
08-04 03:24:01.754 15503 15503 W Glide   : There was 1 cause:
08-04 03:24:01.754 15503 15503 W Glide   : com.bumptech.glide.load.HttpException()
08-04 03:24:01.754 15503 15503 W Glide   :  call GlideException#logRootCauses(String) for more detail
08-04 03:24:01.754 15503 15503 W Glide   :     Cause (1 of 1): class com.bumptech.glide.load.HttpException: 
08-04 03:24:01.756 15503 15503 I Glide   : Root cause (1 of 1)
08-04 03:24:01.756 15503 15503 I Glide   : com.bumptech.glide.load.HttpException: 
08-04 03:24:01.756 15503 15503 I Glide   : 	at com.bumptech.glide.integration.okhttp3.OkHttpStreamFetcher.onResponse(OkHttpStreamFetcher.java:73)
08-04 03:24:01.756 15503 15503 I Glide   : 	at okhttp3.RealCall$AsyncCall.execute(RealCall.java:174)
08-04 03:24:01.756 15503 15503 I Glide   : 	at okhttp3.internal.NamedRunnable.run(NamedRunnable.java:32)
08-04 03:24:01.756 15503 15503 I Glide   : 	at java.util.concurrent.ThreadPoolExecutor.runWorker(ThreadPoolExecutor.java:1113)
08-04 03:24:01.756 15503 15503 I Glide   : 	at java.util.concurrent.ThreadPoolExecutor$Worker.run(ThreadPoolExecutor.java:588)
08-04 03:24:01.756 15503 15503 I Glide   : 	at java.lang.Thread.run(Thread.java:818)
08-04 03:24:01.759 15503 15519 I art     : Explicit concurrent mark sweep GC freed 2260(158KB) AllocSpace objects, 1(220KB) LOS objects, 23% free, 50MB/66MB, paused 1.405ms total 35.658ms
08-04 03:24:01.769 15503 15519 I art     : Starting a blocking GC Explicit
08-04 03:24:01.805 15503 15519 I art     : Explicit concurrent mark sweep GC freed 227(11KB) AllocSpace objects, 0(0B) LOS objects, 23% free, 50MB/66MB, paused 1.255ms total 34.933ms
08-04 03:24:01.815 15503 15519 I art     : Starting a blocking GC Explicit
08-04 03:24:01.850 15503 15519 I art     : Explicit concurrent mark sweep GC freed 8(256B) AllocSpace objects, 0(0B) LOS objects, 23% free, 50MB/66MB, paused 1.636ms total 35.101ms
08-04 03:24:01.861 15503 15519 I art     : Starting a blocking GC Explicit
08-04 03:24:01.896 15503 15519 I art     : Explicit concurrent mark sweep GC freed 3(96B) AllocSpace objects, 0(0B) LOS objects, 23% free, 50MB/66MB, paused 1.251ms total 34.710ms
08-04 03:24:01.950   512  2967 D audio_hw_primary: disable_audio_route: reset and update mixer path: low-latency-playback speaker
08-04 03:24:01.951   512  2967 D audio_hw_primary: disable_snd_device: snd_device(2: speaker)
08-04 03:24:01.960   512  2967 I soundtrigger: audio_extn_sound_trigger_update_device_status: device 0x2 of type 0 for Event 0
08-04 03:24:02.220 15503 15515 I art     : Starting a blocking GC Explicit
08-04 03:24:02.256 15503 15515 I art     : Explicit concurrent mark sweep GC freed 1410(81KB) AllocSpace objects, 1(20KB) LOS objects, 23% free, 50MB/66MB, paused 1.178ms total 35.750ms
08-04 03:24:02.266 15503 15515 I art     : Starting a blocking GC Explicit
08-04 03:24:02.303 15503 15515 I art     : Explicit concurrent mark sweep GC freed 40(1344B) AllocSpace objects, 0(0B) LOS objects, 23% free, 50MB/66MB, paused 1.293ms total 36.204ms
08-04 03:24:02.313 15503 15515 I art     : Starting a blocking GC Explicit
08-04 03:24:02.350 15503 15515 I art     : Explicit concurrent mark sweep GC freed 3(96B) AllocSpace objects, 0(0B) LOS objects, 23% free, 50MB/66MB, paused 1.217ms total 36.190ms
08-04 03:24:02.360 15503 15515 I art     : Starting a blocking GC Explicit
08-04 03:24:02.396 15503 15515 I art     : Explicit concurrent mark sweep GC freed 3(96B) AllocSpace objects, 0(0B) LOS objects, 23% free, 50MB/66MB, paused 1.199ms total 35.372ms
08-04 03:24:02.407 15503 15515 I art     : Starting a blocking GC Explicit
08-04 03:24:02.444 15503 15515 I art     : Explicit concurrent mark sweep GC freed 3(96B) AllocSpace objects, 0(0B) LOS objects, 23% free, 50MB/66MB, paused 1.191ms total 36.292ms
08-04 03:24:02.602 15415 15415 I ServiceManager: Waiting for service AtCmdFwd...
08-04 03:24:02.787 15503 15519 I art     : Starting a blocking GC Explicit
08-04 03:24:02.833 15503 15519 I art     : Explicit concurrent mark sweep GC freed 1381(81KB) AllocSpace objects, 1(20KB) LOS objects, 23% free, 50MB/66MB, paused 1.315ms total 45.293ms
08-04 03:24:02.847 15503 15519 I art     : Starting a blocking GC Explicit
08-04 03:24:02.882 15503 15519 I art     : Explicit concurrent mark sweep GC freed 23(752B) AllocSpace objects, 0(0B) LOS objects, 23% free, 50MB/66MB, paused 1.208ms total 34.994ms
08-04 03:24:02.892 15503 15519 I art     : Starting a blocking GC Explicit
08-04 03:24:02.929 15503 15519 I art     : Explicit concurrent mark sweep GC freed 3(96B) AllocSpace objects, 0(0B) LOS objects, 23% free, 50MB/66MB, paused 1.279ms total 36.078ms
08-04 03:24:02.939 15503 15519 I art     : Starting a blocking GC Explicit
08-04 03:24:02.975 15503 15519 I art     : Explicit concurrent mark sweep GC freed 3(96B) AllocSpace objects, 0(0B) LOS objects, 23% free, 50MB/66MB, paused 1.216ms total 35.015ms
08-04 03:24:02.985 15503 15519 I art     : Starting a blocking GC Explicit
08-04 03:24:03.021 15503 15519 I art     : Explicit concurrent mark sweep GC freed 3(96B) AllocSpace objects, 0(0B) LOS objects, 23% free, 50MB/66MB, paused 1.410ms total 35.373ms
08-04 03:24:03.410 15503 15519 I art     : Starting a blocking GC Explicit
08-04 03:24:03.447 15503 15519 I art     : Explicit concurrent mark sweep GC freed 1469(83KB) AllocSpace objects, 1(20KB) LOS objects, 23% free, 50MB/66MB, paused 1.159ms total 37.259ms
08-04 03:24:03.459 15503 15519 I art     : Starting a blocking GC Explicit
08-04 03:24:03.473   518   646 I ThermalEngine: ACTION: GPU - Setting GPU[0] to 450000000
08-04 03:24:03.500 15503 15519 I art     : Explicit concurrent mark sweep GC freed 41(1392B) AllocSpace objects, 0(0B) LOS objects, 23% free, 50MB/66MB, paused 1.529ms total 41.278ms
08-04 03:24:03.513 15503 15519 I art     : Starting a blocking GC Explicit
08-04 03:24:03.559 15503 15519 I art     : Explicit concurrent mark sweep GC freed 3(96B) AllocSpace objects, 0(0B) LOS objects, 23% free, 50MB/66MB, paused 1.624ms total 45.298ms
08-04 03:24:03.573 15503 15519 I art     : Starting a blocking GC Explicit
08-04 03:24:03.603 15415 15415 I ServiceManager: Waiting for service AtCmdFwd...
08-04 03:24:03.621 15503 15519 I art     : Explicit concurrent mark sweep GC freed 3(96B) AllocSpace objects, 0(0B) LOS objects, 23% free, 50MB/66MB, paused 1.630ms total 47.985ms
08-04 03:24:03.635 15503 15519 I art     : Starting a blocking GC Explicit
08-04 03:24:03.681 15503 15519 I art     : Explicit concurrent mark sweep GC freed 3(96B) AllocSpace objects, 0(0B) LOS objects, 23% free, 50MB/66MB, paused 1.673ms total 46.307ms
08-04 03:24:04.070 15503 16044 I art     : Starting a blocking GC Explicit
08-04 03:24:04.134 15503 16044 I art     : Explicit concurrent mark sweep GC freed 1410(81KB) AllocSpace objects, 1(20KB) LOS objects, 23% free, 50MB/66MB, paused 1.781ms total 63.640ms
08-04 03:24:04.150 15503 16044 I art     : Starting a blocking GC Explicit
08-04 03:24:04.197 15503 16044 I art     : Explicit concurrent mark sweep GC freed 23(752B) AllocSpace objects, 0(0B) LOS objects, 23% free, 50MB/66MB, paused 1.703ms total 46.395ms
08-04 03:24:04.211 15503 16044 I art     : Starting a blocking GC Explicit
08-04 03:24:04.258 15503 16044 I art     : Explicit concurrent mark sweep GC freed 3(96B) AllocSpace objects, 0(0B) LOS objects, 23% free, 50MB/66MB, paused 1.754ms total 47.544ms
08-04 03:24:04.272 15503 16044 I art     : Starting a blocking GC Explicit
08-04 03:24:04.319 15503 16044 I art     : Explicit concurrent mark sweep GC freed 3(96B) AllocSpace objects, 0(0B) LOS objects, 23% free, 50MB/66MB, paused 1.745ms total 47.150ms
08-04 03:24:04.333 15503 16044 I art     : Starting a blocking GC Explicit
08-04 03:24:04.381 15503 16044 I art     : Explicit concurrent mark sweep GC freed 3(96B) AllocSpace objects, 0(0B) LOS objects, 23% free, 50MB/66MB, paused 1.753ms total 48.139ms
08-04 03:24:04.604 15415 15415 I ServiceManager: Waiting for service AtCmdFwd...
08-04 03:24:04.813 15503 15515 I art     : Starting a blocking GC Explicit
08-04 03:24:04.872 15503 15515 I art     : Explicit concurrent mark sweep GC freed 1381(81KB) AllocSpace objects, 1(20KB) LOS objects, 23% free, 50MB/66MB, paused 1.796ms total 58.475ms
08-04 03:24:04.889 15503 15515 I art     : Starting a blocking GC Explicit
08-04 03:24:04.936 15503 15515 I art     : Explicit concurrent mark sweep GC freed 23(752B) AllocSpace objects, 0(0B) LOS objects, 23% free, 50MB/66MB, paused 1.658ms total 46.639ms
08-04 03:24:04.949 15503 15515 I art     : Starting a blocking GC Explicit
08-04 03:24:04.998 15503 15515 I art     : Explicit concurrent mark sweep GC freed 3(96B) AllocSpace objects, 0(0B) LOS objects, 23% free, 50MB/66MB, paused 1.720ms total 48.477ms
08-04 03:24:05.014 15503 15515 I art     : Starting a blocking GC Explicit
08-04 03:24:05.061 15503 15515 I art     : Explicit concurrent mark sweep GC freed 32(880B) AllocSpace objects, 0(0B) LOS objects, 23% free, 50MB/66MB, paused 1.576ms total 46.355ms
08-04 03:24:05.075 15503 15515 I art     : Starting a blocking GC Explicit
08-04 03:24:05.123 15503 15515 I art     : Explicit concurrent mark sweep GC freed 3(96B) AllocSpace objects, 0(0B) LOS objects, 23% free, 50MB/66MB, paused 1.640ms total 48.065ms
08-04 03:24:05.474   518   646 I ThermalEngine: ACTION: GPU - Setting GPU[0] to 510000000
08-04 03:24:05.521 15503 15530 I art     : Starting a blocking GC Explicit
08-04 03:24:05.567 15503 15530 I art     : Explicit concurrent mark sweep GC freed 1382(82KB) AllocSpace objects, 1(20KB) LOS objects, 23% free, 50MB/66MB, paused 1.270ms total 46.159ms
08-04 03:24:05.578 15503 15530 I art     : Starting a blocking GC Explicit
08-04 03:24:05.604 15415 15415 I ServiceManager: Waiting for service AtCmdFwd...
08-04 03:24:05.614 15503 15530 I art     : Explicit concurrent mark sweep GC freed 23(752B) AllocSpace objects, 0(0B) LOS objects, 23% free, 50MB/66MB, paused 1.239ms total 35.887ms
08-04 03:24:05.625 15503 15530 I art     : Starting a blocking GC Explicit
08-04 03:24:05.661 15503 15530 I art     : Explicit concurrent mark sweep GC freed 3(96B) AllocSpace objects, 0(0B) LOS objects, 23% free, 50MB/66MB, paused 1.167ms total 35.817ms
08-04 03:24:05.671 15503 15530 I art     : Starting a blocking GC Explicit
08-04 03:24:05.708 15503 15530 I art     : Explicit concurrent mark sweep GC freed 3(96B) AllocSpace objects, 0(0B) LOS objects, 23% free, 50MB/66MB, paused 1.311ms total 36.160ms
08-04 03:24:05.718 15503 15530 I art     : Starting a blocking GC Explicit
08-04 03:24:05.755 15503 15530 I art     : Explicit concurrent mark sweep GC freed 3(96B) AllocSpace objects, 0(0B) LOS objects, 23% free, 50MB/66MB, paused 1.218ms total 36.052ms
08-04 03:24:06.116 15503 16045 I art     : Starting a blocking GC Explicit
08-04 03:24:06.163 15503 16045 I art     : Explicit concurrent mark sweep GC freed 1413(82KB) AllocSpace objects, 1(20KB) LOS objects, 23% free, 50MB/66MB, paused 1.201ms total 47.205ms
08-04 03:24:06.174 15503 16045 I art     : Starting a blocking GC Explicit
08-04 03:24:06.210 15503 16045 I art     : Explicit concurrent mark sweep GC freed 23(752B) AllocSpace objects, 0(0B) LOS objects, 23% free, 50MB/66MB, paused 1.168ms total 36.067ms
08-04 03:24:06.220 15503 16045 I art     : Starting a blocking GC Explicit
08-04 03:24:06.256 15503 16045 I art     : Explicit concurrent mark sweep GC freed 3(96B) AllocSpace objects, 0(0B) LOS objects, 23% free, 50MB/66MB, paused 1.210ms total 35.305ms
08-04 03:24:06.266 15503 16045 I art     : Starting a blocking GC Explicit
08-04 03:24:06.301 15503 16045 I art     : Explicit concurrent mark sweep GC freed 3(96B) AllocSpace objects, 0(0B) LOS objects, 23% free, 50MB/66MB, paused 1.215ms total 34.253ms
08-04 03:24:06.311 15503 16045 I art     : Starting a blocking GC Explicit
08-04 03:24:06.348 15503 16045 I art     : Explicit concurrent mark sweep GC freed 3(96B) AllocSpace objects, 0(0B) LOS objects, 23% free, 50MB/66MB, paused 1.311ms total 36.097ms
08-04 03:24:06.348 15503 15514 I art     : WaitForGcToComplete blocked for 26.380ms for cause HeapTrim
08-04 03:24:06.605 15415 15415 I ServiceManager: Waiting for service AtCmdFwd...
08-04 03:24:06.715 15503 15519 I art     : Starting a blocking GC Explicit
08-04 03:24:06.764 15503 15519 I art     : Explicit concurrent mark sweep GC freed 1381(81KB) AllocSpace objects, 1(20KB) LOS objects, 23% free, 50MB/66MB, paused 1.243ms total 48.276ms
08-04 03:24:06.777 15503 15519 I art     : Starting a blocking GC Explicit
08-04 03:24:06.813 15503 15519 I art     : Explicit concurrent mark sweep GC freed 23(752B) AllocSpace objects, 0(0B) LOS objects, 23% free, 50MB/66MB, paused 1.227ms total 35.970ms
08-04 03:24:06.824 15503 15519 I art     : Starting a blocking GC Explicit
08-04 03:24:06.860 15503 15519 I art     : Explicit concurrent mark sweep GC freed 3(96B) AllocSpace objects, 0(0B) LOS objects, 23% free, 50MB/66MB, paused 1.217ms total 36.289ms
08-04 03:24:06.871 15503 15519 I art     : Starting a blocking GC Explicit
08-04 03:24:06.906 15503 15519 I art     : Explicit concurrent mark sweep GC freed 3(96B) AllocSpace objects, 0(0B) LOS objects, 23% free, 50MB/66MB, paused 1.203ms total 35.365ms
08-04 03:24:06.917 15503 15519 I art     : Starting a blocking GC Explicit
08-04 03:24:06.953 15503 15519 I art     : Explicit concurrent mark sweep GC freed 3(96B) AllocSpace objects, 0(0B) LOS objects, 23% free, 50MB/66MB, paused 1.199ms total 35.401ms
08-04 03:24:07.315 15503 16044 I art     : Starting a blocking GC Explicit
08-04 03:24:07.369 15503 16044 I art     : Explicit concurrent mark sweep GC freed 1410(81KB) AllocSpace objects, 1(20KB) LOS objects, 23% free, 50MB/66MB, paused 1.343ms total 52.937ms
08-04 03:24:07.384 15503 16044 I art     : Starting a blocking GC Explicit
08-04 03:24:07.419 15503 16044 I art     : Explicit concurrent mark sweep GC freed 23(752B) AllocSpace objects, 0(0B) LOS objects, 23% free, 50MB/66MB, paused 1.113ms total 34.437ms
08-04 03:24:07.430 15503 16044 I art     : Starting a blocking GC Explicit
08-04 03:24:07.465 15503 16044 I art     : Explicit concurrent mark sweep GC freed 3(96B) AllocSpace objects, 0(0B) LOS objects, 23% free, 50MB/66MB, paused 1.179ms total 35.412ms
08-04 03:24:07.476 15503 16044 I art     : Starting a blocking GC Explicit
08-04 03:24:07.511 15503 16044 I art     : Explicit concurrent mark sweep GC freed 3(96B) AllocSpace objects, 0(0B) LOS objects, 23% free, 50MB/66MB, paused 1.171ms total 35.315ms
08-04 03:24:07.522 15503 16044 I art     : Starting a blocking GC Explicit
08-04 03:24:07.558 15503 16044 I art     : Explicit concurrent mark sweep GC freed 3(96B) AllocSpace objects, 0(0B) LOS objects, 23% free, 50MB/66MB, paused 1.238ms total 36.402ms
08-04 03:24:07.605 15415 15415 W Atfwd_Sendcmd: AtCmdFwd service not published, waiting... retryCnt : 5
08-04 03:24:07.869 15503 15515 I art     : Starting a blocking GC Explicit
08-04 03:24:07.905 15503 15515 I art     : Explicit concurrent mark sweep GC freed 1381(81KB) AllocSpace objects, 1(20KB) LOS objects, 23% free, 50MB/66MB, paused 1.251ms total 35.900ms
08-04 03:24:07.916 15503 15515 I art     : Starting a blocking GC Explicit
08-04 03:24:07.951 15503 15515 I art     : Explicit concurrent mark sweep GC freed 23(752B) AllocSpace objects, 0(0B) LOS objects, 23% free, 50MB/66MB, paused 1.242ms total 35.056ms
08-04 03:24:07.962 15503 15515 I art     : Starting a blocking GC Explicit
08-04 03:24:07.995 15503 15515 I art     : Explicit concurrent mark sweep GC freed 3(96B) AllocSpace objects, 0(0B) LOS objects, 23% free, 50MB/66MB, paused 1.199ms total 33.194ms
08-04 03:24:08.005 15503 15515 I art     : Starting a blocking GC Explicit
08-04 03:24:08.039 15503 15515 I art     : Explicit concurrent mark sweep GC freed 3(96B) AllocSpace objects, 0(0B) LOS objects, 23% free, 50MB/66MB, paused 1.214ms total 33.688ms
08-04 03:24:08.049 15503 15515 I art     : Starting a blocking GC Explicit
08-04 03:24:08.069 19238 19238 D AndroidRuntime: >>>>>> START com.android.internal.os.RuntimeInit uid 2000 <<<<<<
08-04 03:24:08.074 19238 19238 D AndroidRuntime: CheckJNI is OFF
08-04 03:24:08.083 15503 15515 I art     : Explicit concurrent mark sweep GC freed 32(880B) AllocSpace objects, 0(0B) LOS objects, 23% free, 50MB/66MB, paused 1.169ms total 33.693ms
08-04 03:24:08.109 19238 19238 D ICU     : No timezone override file found: /data/misc/zoneinfo/current/icu/icu_tzdata.dat
08-04 03:24:08.141 19238 19238 I Radio-JNI: register_android_hardware_Radio DONE
08-04 03:24:08.163 19238 19238 D AndroidRuntime: Calling main entry com.android.commands.input.Input
08-04 03:24:08.165 19238 19238 I Input   : injectMotionEvent: MotionEvent { action=ACTION_DOWN, actionButton=0, id[0]=0, x[0]=526.0, y[0]=597.0, toolType[0]=TOOL_TYPE_UNKNOWN, buttonState=0, metaState=0, flags=0x0, edgeFlags=0x0, pointerCount=1, historySize=0, eventTime=674664578, downTime=674664578, deviceId=0, source=0x1002 }
08-04 03:24:08.171 19238 19238 I Input   : injectMotionEvent: MotionEvent { action=ACTION_UP, actionButton=0, id[0]=0, x[0]=526.0, y[0]=597.0, toolType[0]=TOOL_TYPE_UNKNOWN, buttonState=0, metaState=0, flags=0x0, edgeFlags=0x0, pointerCount=1, historySize=0, eventTime=674664578, downTime=674664578, deviceId=0, source=0x1002 }
08-04 03:24:08.174 19238 19238 D AndroidRuntime: Shutting down VM
08-04 03:24:08.238 15503 15503 D PodcastListFragment: Selected podcast: GpodnetPodcast [url=http://feeds.feedburner.com/linuxoutlaws, title=Linux Outlaws, description=Two pragmatic geeks talk about the latest news concerning Linux, free and open
08-04 03:24:08.238 15503 15503 D PodcastListFragment: technology or anything else they deem noteworthy which may include such absurd
08-04 03:24:08.238 15503 15503 D PodcastListFragment: things as hockey or bands you never heard of. This means there's many a joke
08-04 03:24:08.238 15503 15503 D PodcastListFragment: and derailed conversation along the way, so don't come here expecting only
08-04 03:24:08.238 15503 15503 D PodcastListFragment: Linux or software freedom talk  just sit back and relax, partner., subscribers=3321, logoUrl=http://sixgun.org/files/linuxoutlaws.jpg, website=http://sixgun.org, mygpoLink=http://gpodder.net/podcast/linux-outlaws-mp3]
08-04 03:24:08.240   918  6110 I ActivityManager: START u0 {cmp=baseline.de.danoeh.antennapod.debug/baseline.de.danoeh.antennapod.activity.OnlineFeedViewActivity (has extras)} from uid 10670 on display 0
08-04 03:24:08.240   512  2967 D audio_hw_primary: out_set_parameters: enter: usecase(1: low-latency-playback) kvpairs: routing=2
08-04 03:24:08.254   512  2967 D audio_hw_primary: select_devices: out_snd_device(2: speaker) in_snd_device(0: none)
08-04 03:24:08.254   512  2967 D msm8974_platform: platform_send_audio_calibration: sending audio calibration for snd_device(2) acdb_id(15)
08-04 03:24:08.254   512  2967 I soundtrigger: audio_extn_sound_trigger_update_device_status: device 0x2 of type 0 for Event 1
08-04 03:24:08.266   512  2967 D audio_hw_primary: enable_snd_device: snd_device(2: speaker)
08-04 03:24:08.269   512  2967 D audio_hw_primary: enable_audio_route: apply and update mixer path: low-latency-playback speaker
08-04 03:24:08.271 15503 15503 D UserPreferences: Using default data folder
08-04 03:24:08.272 15503 15503 D OnlineFeedViewActivity: Activity was started with url http://feeds.feedburner.com/linuxoutlaws
08-04 03:24:08.274 15503 15503 D OnlineFeedViewActivity: Starting feed download
08-04 03:24:08.277 15503 15528 D DBReader: Extracting Feedlist
08-04 03:24:08.279   918  5952 D WifiService: acquireWifiLockLocked: WifiLock{Downloader type=1 binder=android.os.BinderProxy@8838af8}
08-04 03:24:08.280 15503 15528 D AntennapodHttpClient: Creating new instance of HTTP client
08-04 03:24:08.327 13866 13866 I GoogleInputMethodServic: GoogleInputMethodService.onFinishInput():3138 
08-04 03:24:08.327 13866 13866 I GoogleInputMethodServic: GoogleInputMethodService.onStartInput():1808 
08-04 03:24:08.351   918   936 I ActivityManager: Displayed baseline.de.danoeh.antennapod.debug/baseline.de.danoeh.antennapod.activity.OnlineFeedViewActivity: +98ms
08-04 03:24:08.378 15503 15529 D OpenGLRenderer: endAllStagingAnimators on 0x7f7c77f400 (GridView) with handle 0x7f79806b00
08-04 03:24:08.382 15503 15519 I art     : Starting a blocking GC Explicit
08-04 03:24:08.391 15503 15528 D MYTAG   : interceptor 3a http://feeds.feedburner.com/linuxoutlaws
08-04 03:24:08.392 15503 15528 I NAPPA_EXPERIMENTATION: MetricNetworkRequestExecutionTime: REQUEST_DURATION_SYSTEM='110',REQUEST_DURATION_OKHTTP='30',REQUEST_SYNCHRONOUS='TRUE',RESPONSE_CODE='200',RESPONSE_METHOD='GET',RESPONSE_LENGTH_OKHTTP='-1',RESPONSE_LENGTH_HEADER='-2',REQUEST_PROTOCOL='http/1.1',REQUEST_URL='http://feeds.feedburner.com/linuxoutlaws',
08-04 03:24:08.392 15503 15528 D HttpDownloader: Response code is 200
08-04 03:24:08.392 15503 15528 D UserPreferences: Using default data folder
08-04 03:24:08.394 15503 15528 D HttpDownloader: Getting size of download
08-04 03:24:08.394 15503 15528 D HttpDownloader: Size is -1
08-04 03:24:08.394 15503 15528 D UserPreferences: Using default data folder
08-04 03:24:08.394 15503 15528 D HttpDownloader: Free space is 20247076864
08-04 03:24:08.394 15503 15528 D HttpDownloader: Starting download
08-04 03:24:08.398 15503 15528 D HttpDownloader: Download was successful
08-04 03:24:08.399   918  3961 D WifiService: releaseWifiLockLocked: WifiLock{Downloader type=1 binder=android.os.BinderProxy@8838af8}
08-04 03:24:08.399 15503 15503 D OnlineFeedViewActivity: Parsing feed
08-04 03:24:08.402 15503 19272 D TypeGetter: Recognized type RSS 2.0
08-04 03:24:08.403 15503 19272 D SyndHandler: Recognized Content namespace
08-04 03:24:08.403 15503 19272 D SyndHandler: Recognized DublinCore namespace
08-04 03:24:08.403 15503 19272 D SyndHandler: Recognized Atom namespace
08-04 03:24:08.403 15503 19272 D SyndHandler: Recognized ITunes namespace
08-04 03:24:08.403 15503 19272 D SyndHandler: Recognized media namespace
08-04 03:24:08.418 15503 15519 I art     : Explicit concurrent mark sweep GC freed 3880(442KB) AllocSpace objects, 4(80KB) LOS objects, 23% free, 51MB/67MB, paused 1.494ms total 35.834ms
08-04 03:24:08.429 15503 15519 I art     : Starting a blocking GC Explicit
08-04 03:24:08.439 15503 19272 D OnlineFeedViewActivity: Deleted feed source file. Result: true
08-04 03:24:08.439 15503 15503 D OnlineFeedViewActivity: Removing HTML from shownotes
08-04 03:24:08.453 15503 16439 D ApOkHttpUrlLoader: buildLoadData() called with: model = [http://sixgun.org/files/linuxoutlaws.jpg], width = [350], height = [350]
08-04 03:24:08.454 15503 16258 D DBReader: getImageAuthentication() called with: imageUrl = [http://sixgun.org/files/linuxoutlaws.jpg]
08-04 03:24:08.456 15503 16258 D ApOkHttpUrlLoader: no credentials for 'http://sixgun.org/files/linuxoutlaws.jpg'
08-04 03:24:08.464 15503 15519 I art     : Explicit concurrent mark sweep GC freed 4517(475KB) AllocSpace objects, 11(748KB) LOS objects, 23% free, 51MB/67MB, paused 1.733ms total 34.815ms
08-04 03:24:08.474 15503 15519 I art     : Starting a blocking GC Explicit
08-04 03:24:08.486 15503 16258 D DBWriter: updateFeedDownloadURL(original: http://sixgun.org/files/linuxoutlaws.jpg, updated: https://fab.industries/sixgun/files/linuxoutlaws.jpg)
08-04 03:24:08.506 15503 15519 I art     : Explicit concurrent mark sweep GC freed 1595(100KB) AllocSpace objects, 0(0B) LOS objects, 23% free, 51MB/67MB, paused 1.154ms total 31.949ms
08-04 03:24:08.515 15503 15519 I art     : Starting a blocking GC Explicit
08-04 03:24:08.547 15503 15519 I art     : Explicit concurrent mark sweep GC freed 175(9KB) AllocSpace objects, 0(0B) LOS objects, 23% free, 51MB/67MB, paused 1.294ms total 31.287ms
08-04 03:24:08.557 15503 15519 I art     : Starting a blocking GC Explicit
08-04 03:24:08.585   380   380 W SurfaceFlinger: couldn't log to binary event log: overflow.
08-04 03:24:08.588 15503 15519 I art     : Explicit concurrent mark sweep GC freed 8(320B) AllocSpace objects, 0(0B) LOS objects, 23% free, 51MB/67MB, paused 1.140ms total 30.945ms
08-04 03:24:08.618 15503 16258 D MYTAG   : interceptor 2a
08-04 03:24:08.618 15503 16258 I NAPPA_EXPERIMENTATION: MetricNetworkRequestExecutionTime: REQUEST_DURATION_SYSTEM='162',REQUEST_DURATION_OKHTTP='128',REQUEST_SYNCHRONOUS='TRUE',RESPONSE_CODE='404',RESPONSE_METHOD='GET',RESPONSE_LENGTH_OKHTTP='-1',RESPONSE_LENGTH_HEADER='1503',REQUEST_PROTOCOL='h2',REQUEST_URL='https://fab.industries/sixgun/files/linuxoutlaws.jpg',
08-04 03:24:08.619 15503 15503 W Glide   : Load failed for http://sixgun.org/files/linuxoutlaws.jpg with size [350x350]
08-04 03:24:08.619 15503 15503 W Glide   : class com.bumptech.glide.load.engine.GlideException: Failed to load resource
08-04 03:24:08.619 15503 15503 W Glide   : There was 1 cause:
08-04 03:24:08.619 15503 15503 W Glide   : com.bumptech.glide.load.HttpException()
08-04 03:24:08.619 15503 15503 W Glide   :  call GlideException#logRootCauses(String) for more detail
08-04 03:24:08.619 15503 15503 W Glide   :   Cause (1 of 1): class com.bumptech.glide.load.engine.GlideException: Fetching data failed, class java.io.InputStream, REMOTE
08-04 03:24:08.619 15503 15503 W Glide   : There was 1 cause:
08-04 03:24:08.619 15503 15503 W Glide   : com.bumptech.glide.load.HttpException()
08-04 03:24:08.619 15503 15503 W Glide   :  call GlideException#logRootCauses(String) for more detail
08-04 03:24:08.619 15503 15503 W Glide   :     Cause (1 of 1): class com.bumptech.glide.load.HttpException: 
08-04 03:24:08.619 15503 15503 I Glide   : Root cause (1 of 1)
08-04 03:24:08.619 15503 15503 I Glide   : com.bumptech.glide.load.HttpException: 
08-04 03:24:08.619 15503 15503 I Glide   : 	at com.bumptech.glide.integration.okhttp3.OkHttpStreamFetcher.onResponse(OkHttpStreamFetcher.java:73)
08-04 03:24:08.619 15503 15503 I Glide   : 	at okhttp3.RealCall$AsyncCall.execute(RealCall.java:174)
08-04 03:24:08.619 15503 15503 I Glide   : 	at okhttp3.internal.NamedRunnable.run(NamedRunnable.java:32)
08-04 03:24:08.619 15503 15503 I Glide   : 	at java.util.concurrent.ThreadPoolExecutor.runWorker(ThreadPoolExecutor.java:1113)
08-04 03:24:08.619 15503 15503 I Glide   : 	at java.util.concurrent.ThreadPoolExecutor$Worker.run(ThreadPoolExecutor.java:588)
08-04 03:24:08.619 15503 15503 I Glide   : 	at java.lang.Thread.run(Thread.java:818)
08-04 03:24:08.727 15503 15503 D PlaybackController: Releasing PlaybackController
08-04 03:24:08.808   512  2967 D audio_hw_primary: disable_audio_route: reset and update mixer path: low-latency-playback speaker
08-04 03:24:08.809   512  2967 D audio_hw_primary: disable_snd_device: snd_device(2: speaker)
08-04 03:24:08.816   512  2967 I soundtrigger: audio_extn_sound_trigger_update_device_status: device 0x2 of type 0 for Event 0
08-04 03:24:08.889 15503 15530 I art     : Starting a blocking GC Explicit
08-04 03:24:08.928 15503 15530 I art     : Explicit concurrent mark sweep GC freed 2127(143KB) AllocSpace objects, 2(132KB) LOS objects, 23% free, 51MB/67MB, paused 1.255ms total 38.222ms
08-04 03:24:08.938 15503 15530 I art     : Starting a blocking GC Explicit
08-04 03:24:08.975 15503 15530 I art     : Explicit concurrent mark sweep GC freed 50(1776B) AllocSpace objects, 0(0B) LOS objects, 23% free, 51MB/67MB, paused 1.214ms total 36.889ms
08-04 03:24:08.986 15503 15530 I art     : Starting a blocking GC Explicit
08-04 03:24:09.023 15503 15530 I art     : Explicit concurrent mark sweep GC freed 3(96B) AllocSpace objects, 0(0B) LOS objects, 23% free, 51MB/67MB, paused 1.228ms total 36.344ms
08-04 03:24:09.034 15503 15530 I art     : Starting a blocking GC Explicit
08-04 03:24:09.071 15503 15530 I art     : Explicit concurrent mark sweep GC freed 32(880B) AllocSpace objects, 0(0B) LOS objects, 23% free, 51MB/67MB, paused 1.239ms total 37.345ms
08-04 03:24:09.082 15503 15530 I art     : Starting a blocking GC Explicit
08-04 03:24:09.120 15503 15530 I art     : Explicit concurrent mark sweep GC freed 3(96B) AllocSpace objects, 0(0B) LOS objects, 23% free, 51MB/67MB, paused 1.251ms total 37.920ms
08-04 03:24:09.453 15503 16045 I art     : Starting a blocking GC Explicit
08-04 03:24:09.500 15503 16045 I art     : Explicit concurrent mark sweep GC freed 1381(81KB) AllocSpace objects, 1(20KB) LOS objects, 23% free, 51MB/67MB, paused 1.412ms total 46.737ms
08-04 03:24:09.514 15503 16045 I art     : Starting a blocking GC Explicit
08-04 03:24:09.552 15503 16045 I art     : Explicit concurrent mark sweep GC freed 23(752B) AllocSpace objects, 0(0B) LOS objects, 23% free, 51MB/67MB, paused 1.421ms total 37.512ms
08-04 03:24:09.563 15503 16045 I art     : Starting a blocking GC Explicit
08-04 03:24:09.599 15503 16045 I art     : Explicit concurrent mark sweep GC freed 3(96B) AllocSpace objects, 0(0B) LOS objects, 23% free, 51MB/67MB, paused 1.233ms total 35.765ms
08-04 03:24:09.609 15503 16045 I art     : Starting a blocking GC Explicit
08-04 03:24:09.646 15503 16045 I art     : Explicit concurrent mark sweep GC freed 3(96B) AllocSpace objects, 0(0B) LOS objects, 23% free, 51MB/67MB, paused 1.373ms total 36.720ms
08-04 03:24:09.657 15503 16045 I art     : Starting a blocking GC Explicit
08-04 03:24:09.693 15503 16045 I art     : Explicit concurrent mark sweep GC freed 3(96B) AllocSpace objects, 0(0B) LOS objects, 23% free, 51MB/67MB, paused 1.226ms total 36.196ms
08-04 03:24:10.065 15503 16044 I art     : Starting a blocking GC Explicit
08-04 03:24:10.107 15503 16044 I art     : Explicit concurrent mark sweep GC freed 1415(82KB) AllocSpace objects, 1(20KB) LOS objects, 23% free, 51MB/67MB, paused 1.169ms total 41.742ms
08-04 03:24:10.116 15503 16044 I art     : Starting a blocking GC Explicit
08-04 03:24:10.148 15503 16044 I art     : Explicit concurrent mark sweep GC freed 29(944B) AllocSpace objects, 0(0B) LOS objects, 23% free, 51MB/67MB, paused 1.290ms total 31.251ms
08-04 03:24:10.158 15503 16044 I art     : Starting a blocking GC Explicit
08-04 03:24:10.190 15503 16044 I art     : Explicit concurrent mark sweep GC freed 8(256B) AllocSpace objects, 0(0B) LOS objects, 23% free, 51MB/67MB, paused 1.268ms total 32.214ms
08-04 03:24:10.200 15503 16044 I art     : Starting a blocking GC Explicit
08-04 03:24:10.235 15503 16044 I art     : Explicit concurrent mark sweep GC freed 8(256B) AllocSpace objects, 0(0B) LOS objects, 23% free, 51MB/67MB, paused 1.196ms total 34.793ms
08-04 03:24:10.245 15503 16044 I art     : Starting a blocking GC Explicit
08-04 03:24:10.280 15503 16044 I art     : Explicit concurrent mark sweep GC freed 9(288B) AllocSpace objects, 0(0B) LOS objects, 23% free, 51MB/67MB, paused 1.178ms total 34.254ms
08-04 03:24:10.626 15503 15515 I art     : Starting a blocking GC Explicit
08-04 03:24:10.676 15503 15515 I art     : Explicit concurrent mark sweep GC freed 1384(81KB) AllocSpace objects, 1(20KB) LOS objects, 23% free, 51MB/67MB, paused 1.348ms total 49.422ms
08-04 03:24:10.686 15503 15515 I art     : Starting a blocking GC Explicit
08-04 03:24:10.723 15503 15515 I art     : Explicit concurrent mark sweep GC freed 23(752B) AllocSpace objects, 0(0B) LOS objects, 23% free, 51MB/67MB, paused 1.241ms total 36.726ms
08-04 03:24:10.734 15503 15515 I art     : Starting a blocking GC Explicit
08-04 03:24:10.772 15503 15515 I art     : Explicit concurrent mark sweep GC freed 3(96B) AllocSpace objects, 0(0B) LOS objects, 23% free, 51MB/67MB, paused 1.231ms total 37.704ms
08-04 03:24:10.783 15503 15515 I art     : Starting a blocking GC Explicit
08-04 03:24:10.822 15503 15515 I art     : Explicit concurrent mark sweep GC freed 3(96B) AllocSpace objects, 0(0B) LOS objects, 23% free, 51MB/67MB, paused 1.222ms total 38.264ms
08-04 03:24:10.832 15503 15515 I art     : Starting a blocking GC Explicit
08-04 03:24:10.869 15503 15515 I art     : Explicit concurrent mark sweep GC freed 3(96B) AllocSpace objects, 0(0B) LOS objects, 23% free, 51MB/67MB, paused 1.232ms total 36.835ms
08-04 03:24:11.239 15503 16044 I art     : Starting a blocking GC Explicit
08-04 03:24:11.285 15503 16044 I art     : Explicit concurrent mark sweep GC freed 1410(81KB) AllocSpace objects, 1(20KB) LOS objects, 23% free, 51MB/67MB, paused 1.201ms total 45.550ms
08-04 03:24:11.295 15503 16044 I art     : Starting a blocking GC Explicit
08-04 03:24:11.333 15503 16044 I art     : Explicit concurrent mark sweep GC freed 23(752B) AllocSpace objects, 0(0B) LOS objects, 23% free, 51MB/67MB, paused 1.221ms total 37.322ms
08-04 03:24:11.344 15503 16044 I art     : Starting a blocking GC Explicit
08-04 03:24:11.382 15503 16044 I art     : Explicit concurrent mark sweep GC freed 3(96B) AllocSpace objects, 0(0B) LOS objects, 23% free, 51MB/67MB, paused 1.227ms total 37.852ms
08-04 03:24:11.393 15503 16044 I art     : Starting a blocking GC Explicit
08-04 03:24:11.431 15503 16044 I art     : Explicit concurrent mark sweep GC freed 3(96B) AllocSpace objects, 0(0B) LOS objects, 23% free, 51MB/67MB, paused 1.215ms total 37.642ms
08-04 03:24:11.441 15503 16044 I art     : Starting a blocking GC Explicit
08-04 03:24:11.479 15503 16044 I art     : Explicit concurrent mark sweep GC freed 3(96B) AllocSpace objects, 0(0B) LOS objects, 23% free, 51MB/67MB, paused 1.259ms total 36.912ms
08-04 03:24:11.824 15503 16045 I art     : Starting a blocking GC Explicit
08-04 03:24:11.878 15503 16045 I art     : Explicit concurrent mark sweep GC freed 1383(84KB) AllocSpace objects, 1(20KB) LOS objects, 23% free, 51MB/67MB, paused 1.494ms total 53.748ms
08-04 03:24:11.892 15503 16045 I art     : Starting a blocking GC Explicit
08-04 03:24:11.929 15503 16045 I art     : Explicit concurrent mark sweep GC freed 23(752B) AllocSpace objects, 0(0B) LOS objects, 23% free, 51MB/67MB, paused 1.223ms total 36.986ms
08-04 03:24:11.940 15503 16045 I art     : Starting a blocking GC Explicit
08-04 03:24:11.978 15503 16045 I art     : Explicit concurrent mark sweep GC freed 3(96B) AllocSpace objects, 0(0B) LOS objects, 23% free, 51MB/67MB, paused 1.337ms total 37.503ms
08-04 03:24:11.988 15503 16045 I art     : Starting a blocking GC Explicit
08-04 03:24:12.026 15503 16045 I art     : Explicit concurrent mark sweep GC freed 3(96B) AllocSpace objects, 0(0B) LOS objects, 23% free, 51MB/67MB, paused 1.247ms total 37.134ms
08-04 03:24:12.036 15503 16045 I art     : Starting a blocking GC Explicit
08-04 03:24:12.073 15503 16045 I art     : Explicit concurrent mark sweep GC freed 32(880B) AllocSpace objects, 0(0B) LOS objects, 23% free, 51MB/67MB, paused 1.170ms total 36.817ms
08-04 03:24:12.449 15503 15519 I art     : Starting a blocking GC Explicit
08-04 03:24:12.486 15503 15519 I art     : Explicit concurrent mark sweep GC freed 1384(81KB) AllocSpace objects, 1(20KB) LOS objects, 23% free, 51MB/67MB, paused 1.264ms total 36.646ms
08-04 03:24:12.496 15503 15519 I art     : Starting a blocking GC Explicit
08-04 03:24:12.528 15503 15519 I art     : Explicit concurrent mark sweep GC freed 23(752B) AllocSpace objects, 0(0B) LOS objects, 23% free, 51MB/67MB, paused 1.359ms total 31.019ms
08-04 03:24:12.537 15503 15519 I art     : Starting a blocking GC Explicit
08-04 03:24:12.569 15503 15519 I art     : Explicit concurrent mark sweep GC freed 3(96B) AllocSpace objects, 0(0B) LOS objects, 23% free, 51MB/67MB, paused 1.157ms total 31.534ms
08-04 03:24:12.578 15503 15519 I art     : Starting a blocking GC Explicit
08-04 03:24:12.613 15503 15519 I art     : Explicit concurrent mark sweep GC freed 3(96B) AllocSpace objects, 0(0B) LOS objects, 23% free, 51MB/67MB, paused 1.201ms total 34.681ms
08-04 03:24:12.623 15503 15519 I art     : Starting a blocking GC Explicit
08-04 03:24:12.658 15503 15519 I art     : Explicit concurrent mark sweep GC freed 3(96B) AllocSpace objects, 0(0B) LOS objects, 23% free, 51MB/67MB, paused 1.274ms total 34.775ms
08-04 03:24:12.828 19343 19343 D AndroidRuntime: >>>>>> START com.android.internal.os.RuntimeInit uid 2000 <<<<<<
08-04 03:24:12.833 19343 19343 D AndroidRuntime: CheckJNI is OFF
08-04 03:24:12.866 19343 19343 D ICU     : No timezone override file found: /data/misc/zoneinfo/current/icu/icu_tzdata.dat
08-04 03:24:12.898 19343 19343 I Radio-JNI: register_android_hardware_Radio DONE
08-04 03:24:12.919 19343 19343 D AndroidRuntime: Calling main entry com.android.commands.input.Input
08-04 03:24:12.920 19343 19343 I Input   : injectKeyEvent: KeyEvent { action=ACTION_DOWN, keyCode=KEYCODE_BACK, scanCode=0, metaState=0, flags=0x0, repeatCount=0, eventTime=674669333, downTime=674669333, deviceId=-1, source=0x101 }
08-04 03:24:12.928 19343 19343 I Input   : injectKeyEvent: KeyEvent { action=ACTION_UP, keyCode=KEYCODE_BACK, scanCode=0, metaState=0, flags=0x0, repeatCount=0, eventTime=674669333, downTime=674669333, deviceId=-1, source=0x101 }
08-04 03:24:12.934 19343 19343 D AndroidRuntime: Shutting down VM
08-04 03:24:12.941 15503 15503 V PlaybackController: initServiceNotRunning()
08-04 03:24:12.941 15503 15503 D ExternalPlayerFragment: Loading media info
08-04 03:24:12.943 15503 16439 D ApOkHttpUrlLoader: buildLoadData() called with: model = [http://sixgun.org/files/linuxoutlaws.jpg], width = [224], height = [224]
08-04 03:24:12.945 15503 15503 D UserPreferences: Using default data folder
08-04 03:24:12.946 15503 15528 D DBReader: getNavDrawerData() called with: 
08-04 03:24:12.946 15503 16258 D DBReader: getImageAuthentication() called with: imageUrl = [http://sixgun.org/files/linuxoutlaws.jpg]
08-04 03:24:12.950 15503 16258 D ApOkHttpUrlLoader: no credentials for 'http://sixgun.org/files/linuxoutlaws.jpg'
08-04 03:24:12.958 15503 15528 D DBReader: getDownloadedItems() called
08-04 03:24:12.959 15503 15528 D DBReader: getFavoriteIDList() called
08-04 03:24:12.960 15503 15528 D DBReader: getQueueIDList() called
08-04 03:24:12.960 15503 15528 D DBReader: Extracting Feedlist
08-04 03:24:12.980 13866 13866 I GoogleInputMethodServic: GoogleInputMethodService.onFinishInput():3138 
08-04 03:24:12.980 15503 15503 D MainActivity: getLastNavFragment() -> AddFeedFragment
08-04 03:24:12.980 13866 13866 I GoogleInputMethodServic: GoogleInputMethodService.onStartInput():1808 
08-04 03:24:12.994 15503 16258 D DBWriter: updateFeedDownloadURL(original: http://sixgun.org/files/linuxoutlaws.jpg, updated: https://fab.industries/sixgun/files/linuxoutlaws.jpg)
08-04 03:24:13.013 15503 16044 I art     : Starting a blocking GC Explicit
08-04 03:24:13.047 15503 16044 I art     : Explicit concurrent mark sweep GC freed 3128(185KB) AllocSpace objects, 1(20KB) LOS objects, 23% free, 51MB/67MB, paused 1.164ms total 33.811ms
08-04 03:24:13.057 15503 16044 I art     : Starting a blocking GC Explicit
08-04 03:24:13.088 15503 16044 I art     : Explicit concurrent mark sweep GC freed 490(25KB) AllocSpace objects, 0(0B) LOS objects, 23% free, 51MB/67MB, paused 1.258ms total 30.580ms
08-04 03:24:13.097 15503 16044 I art     : Starting a blocking GC Explicit
08-04 03:24:13.129 15503 16044 I art     : Explicit concurrent mark sweep GC freed 3(96B) AllocSpace objects, 0(0B) LOS objects, 23% free, 51MB/67MB, paused 1.194ms total 31.579ms
08-04 03:24:13.131 15503 16258 D MYTAG   : interceptor 2a
08-04 03:24:13.132 15503 16258 I NAPPA_EXPERIMENTATION: MetricNetworkRequestExecutionTime: REQUEST_DURATION_SYSTEM='181',REQUEST_DURATION_OKHTTP='133',REQUEST_SYNCHRONOUS='TRUE',RESPONSE_CODE='404',RESPONSE_METHOD='GET',RESPONSE_LENGTH_OKHTTP='-1',RESPONSE_LENGTH_HEADER='1503',REQUEST_PROTOCOL='h2',REQUEST_URL='https://fab.industries/sixgun/files/linuxoutlaws.jpg',
08-04 03:24:13.133 15503 15503 W Glide   : Load failed for http://sixgun.org/files/linuxoutlaws.jpg with size [224x224]
08-04 03:24:13.133 15503 15503 W Glide   : class com.bumptech.glide.load.engine.GlideException: Failed to load resource
08-04 03:24:13.133 15503 15503 W Glide   : There was 1 cause:
08-04 03:24:13.133 15503 15503 W Glide   : com.bumptech.glide.load.HttpException()
08-04 03:24:13.133 15503 15503 W Glide   :  call GlideException#logRootCauses(String) for more detail
08-04 03:24:13.133 15503 15503 W Glide   :   Cause (1 of 1): class com.bumptech.glide.load.engine.GlideException: Fetching data failed, class java.io.InputStream, REMOTE
08-04 03:24:13.133 15503 15503 W Glide   : There was 1 cause:
08-04 03:24:13.133 15503 15503 W Glide   : com.bumptech.glide.load.HttpException()
08-04 03:24:13.133 15503 15503 W Glide   :  call GlideException#logRootCauses(String) for more detail
08-04 03:24:13.133 15503 15503 W Glide   :     Cause (1 of 1): class com.bumptech.glide.load.HttpException: 
08-04 03:24:13.133 15503 15503 I Glide   : Root cause (1 of 1)
08-04 03:24:13.133 15503 15503 I Glide   : com.bumptech.glide.load.HttpException: 
08-04 03:24:13.133 15503 15503 I Glide   : 	at com.bumptech.glide.integration.okhttp3.OkHttpStreamFetcher.onResponse(OkHttpStreamFetcher.java:73)
08-04 03:24:13.133 15503 15503 I Glide   : 	at okhttp3.RealCall$AsyncCall.execute(RealCall.java:174)
08-04 03:24:13.133 15503 15503 I Glide   : 	at okhttp3.internal.NamedRunnable.run(NamedRunnable.java:32)
08-04 03:24:13.133 15503 15503 I Glide   : 	at java.util.concurrent.ThreadPoolExecutor.runWorker(ThreadPoolExecutor.java:1113)
08-04 03:24:13.133 15503 15503 I Glide   : 	at java.util.concurrent.ThreadPoolExecutor$Worker.run(ThreadPoolExecutor.java:588)
08-04 03:24:13.133 15503 15503 I Glide   : 	at java.lang.Thread.run(Thread.java:818)
08-04 03:24:13.134 15503 15503 W Glide   : Load failed for http://sixgun.org/files/linuxoutlaws.jpg with size [224x224]
08-04 03:24:13.134 15503 15503 W Glide   : class com.bumptech.glide.load.engine.GlideException: Failed to load resource
08-04 03:24:13.134 15503 15503 W Glide   : There was 1 cause:
08-04 03:24:13.134 15503 15503 W Glide   : com.bumptech.glide.load.HttpException()
08-04 03:24:13.134 15503 15503 W Glide   :  call GlideException#logRootCauses(String) for more detail
08-04 03:24:13.134 15503 15503 W Glide   :   Cause (1 of 1): class com.bumptech.glide.load.engine.GlideException: Fetching data failed, class java.io.InputStream, REMOTE
08-04 03:24:13.134 15503 15503 W Glide   : There was 1 cause:
08-04 03:24:13.134 15503 15503 W Glide   : com.bumptech.glide.load.HttpException()
08-04 03:24:13.134 15503 15503 W Glide   :  call GlideException#logRootCauses(String) for more detail
08-04 03:24:13.134 15503 15503 W Glide   :     Cause (1 of 1): class com.bumptech.glide.load.HttpException: 
08-04 03:24:13.134 15503 15503 I Glide   : Root cause (1 of 1)
08-04 03:24:13.134 15503 15503 I Glide   : com.bumptech.glide.load.HttpException: 
08-04 03:24:13.134 15503 15503 I Glide   : 	at com.bumptech.glide.integration.okhttp3.OkHttpStreamFetcher.onResponse(OkHttpStreamFetcher.java:73)
08-04 03:24:13.134 15503 15503 I Glide   : 	at okhttp3.RealCall$AsyncCall.execute(RealCall.java:174)
08-04 03:24:13.134 15503 15503 I Glide   : 	at okhttp3.internal.NamedRunnable.run(NamedRunnable.java:32)
08-04 03:24:13.134 15503 15503 I Glide   : 	at java.util.concurrent.ThreadPoolExecutor.runWorker(ThreadPoolExecutor.java:1113)
08-04 03:24:13.134 15503 15503 I Glide   : 	at java.util.concurrent.ThreadPoolExecutor$Worker.run(ThreadPoolExecutor.java:588)
08-04 03:24:13.134 15503 15503 I Glide   : 	at java.lang.Thread.run(Thread.java:818)
08-04 03:24:13.141 15503 16044 I art     : Starting a blocking GC Explicit
08-04 03:24:13.182 15503 16044 I art     : Explicit concurrent mark sweep GC freed 575(75KB) AllocSpace objects, 0(0B) LOS objects, 23% free, 51MB/67MB, paused 1.056ms total 40.629ms
08-04 03:24:13.192 15503 16044 I art     : Starting a blocking GC Explicit
08-04 03:24:13.228 15503 16044 I art     : Explicit concurrent mark sweep GC freed 22(960B) AllocSpace objects, 0(0B) LOS objects, 23% free, 51MB/67MB, paused 1.301ms total 35.592ms
08-04 03:24:13.290   380   380 W SurfaceFlinger: couldn't log to binary event log: overflow.
08-04 03:24:13.534 15503 15519 I art     : Starting a blocking GC Explicit
08-04 03:24:13.582 15503 15519 I art     : Explicit concurrent mark sweep GC freed 2013(110KB) AllocSpace objects, 1(20KB) LOS objects, 23% free, 51MB/67MB, paused 1.441ms total 47.121ms
08-04 03:24:13.596 15503 15519 I art     : Starting a blocking GC Explicit
08-04 03:24:13.633 15503 15519 I art     : Explicit concurrent mark sweep GC freed 2877(236KB) AllocSpace objects, 1(28KB) LOS objects, 23% free, 50MB/66MB, paused 1.245ms total 36.072ms
08-04 03:24:13.643 15503 15519 I art     : Starting a blocking GC Explicit
08-04 03:24:13.679 15503 15519 I art     : Explicit concurrent mark sweep GC freed 3(96B) AllocSpace objects, 0(0B) LOS objects, 23% free, 50MB/66MB, paused 1.266ms total 35.591ms
08-04 03:24:13.689 15503 15519 I art     : Starting a blocking GC Explicit
08-04 03:24:13.725 15503 15519 I art     : Explicit concurrent mark sweep GC freed 3(96B) AllocSpace objects, 0(0B) LOS objects, 23% free, 50MB/66MB, paused 1.245ms total 35.626ms
08-04 03:24:13.735 15503 15519 I art     : Starting a blocking GC Explicit
08-04 03:24:13.771 15503 15519 I art     : Explicit concurrent mark sweep GC freed 3(96B) AllocSpace objects, 0(0B) LOS objects, 23% free, 50MB/66MB, paused 1.308ms total 35.709ms
08-04 03:24:14.103 15503 16045 I art     : Starting a blocking GC Explicit
08-04 03:24:14.149 15503 16045 I art     : Explicit concurrent mark sweep GC freed 1412(82KB) AllocSpace objects, 1(20KB) LOS objects, 23% free, 50MB/66MB, paused 1.654ms total 45.467ms
08-04 03:24:14.164 15503 16045 I art     : Starting a blocking GC Explicit
08-04 03:24:14.199 15503 16045 I art     : Explicit concurrent mark sweep GC freed 23(752B) AllocSpace objects, 0(0B) LOS objects, 23% free, 50MB/66MB, paused 1.307ms total 34.023ms
08-04 03:24:14.209 15503 16045 I art     : Starting a blocking GC Explicit
08-04 03:24:14.243 15503 16045 I art     : Explicit concurrent mark sweep GC freed 3(96B) AllocSpace objects, 0(0B) LOS objects, 23% free, 50MB/66MB, paused 1.211ms total 33.588ms
08-04 03:24:14.253 15503 16045 I art     : Starting a blocking GC Explicit
08-04 03:24:14.286 15503 16045 I art     : Explicit concurrent mark sweep GC freed 3(96B) AllocSpace objects, 0(0B) LOS objects, 23% free, 50MB/66MB, paused 1.226ms total 33.577ms
08-04 03:24:14.296 15503 16045 I art     : Starting a blocking GC Explicit
08-04 03:24:14.330 15503 16045 I art     : Explicit concurrent mark sweep GC freed 3(96B) AllocSpace objects, 0(0B) LOS objects, 23% free, 50MB/66MB, paused 1.219ms total 33.785ms
08-04 03:24:14.578 19386 19386 D AndroidRuntime: >>>>>> START com.android.internal.os.RuntimeInit uid 2000 <<<<<<
08-04 03:24:14.583 19386 19386 D AndroidRuntime: CheckJNI is OFF
08-04 03:24:14.620 19386 19386 D ICU     : No timezone override file found: /data/misc/zoneinfo/current/icu/icu_tzdata.dat
08-04 03:24:14.653 19386 19386 I Radio-JNI: register_android_hardware_Radio DONE
08-04 03:24:14.655 15503 15519 I art     : Starting a blocking GC Explicit
08-04 03:24:14.676 19386 19386 D AndroidRuntime: Calling main entry com.android.commands.input.Input
08-04 03:24:14.678 19386 19386 I Input   : injectKeyEvent: KeyEvent { action=ACTION_DOWN, keyCode=KEYCODE_BACK, scanCode=0, metaState=0, flags=0x0, repeatCount=0, eventTime=674671091, downTime=674671091, deviceId=-1, source=0x101 }
08-04 03:24:14.685 19386 19386 I Input   : injectKeyEvent: KeyEvent { action=ACTION_UP, keyCode=KEYCODE_BACK, scanCode=0, metaState=0, flags=0x0, repeatCount=0, eventTime=674671091, downTime=674671091, deviceId=-1, source=0x101 }
08-04 03:24:14.694 15503 15519 I art     : Explicit concurrent mark sweep GC freed 2672(137KB) AllocSpace objects, 1(20KB) LOS objects, 23% free, 50MB/66MB, paused 1.809ms total 37.983ms
08-04 03:24:14.704 15503 15519 I art     : Starting a blocking GC Explicit
08-04 03:24:14.709 19386 19386 D AndroidRuntime: Shutting down VM
08-04 03:24:14.738 15503 15519 I art     : Explicit concurrent mark sweep GC freed 899(33KB) AllocSpace objects, 0(0B) LOS objects, 23% free, 50MB/66MB, paused 1.313ms total 34.047ms
08-04 03:24:14.747 15503 15519 I art     : Starting a blocking GC Explicit
08-04 03:24:14.767   918  3261 D WifiStateMachine: starting scan for "H369AA63323"WPA_PSK with 2412,5180
08-04 03:24:14.779 15503 15519 I art     : Explicit concurrent mark sweep GC freed 901(57KB) AllocSpace objects, 1(28KB) LOS objects, 23% free, 50MB/66MB, paused 1.466ms total 31.627ms
08-04 03:24:14.789 15503 15519 I art     : Starting a blocking GC Explicit
08-04 03:24:14.822 15503 15519 I art     : Explicit concurrent mark sweep GC freed 4445(336KB) AllocSpace objects, 8(1592KB) LOS objects, 24% free, 48MB/64MB, paused 1.251ms total 32.545ms
08-04 03:24:14.832 15503 15519 I art     : Starting a blocking GC Explicit
08-04 03:24:14.865 15503 15519 I art     : Explicit concurrent mark sweep GC freed 23(896B) AllocSpace objects, 0(0B) LOS objects, 24% free, 48MB/64MB, paused 1.212ms total 33.293ms
08-04 03:24:15.158 15503 16045 I art     : Starting a blocking GC Explicit
08-04 03:24:15.201 15503 16045 I art     : Explicit concurrent mark sweep GC freed 1411(82KB) AllocSpace objects, 1(20KB) LOS objects, 24% free, 48MB/64MB, paused 1.343ms total 42.825ms
08-04 03:24:15.215 15503 16045 I art     : Starting a blocking GC Explicit
08-04 03:24:15.250 15503 16045 I art     : Explicit concurrent mark sweep GC freed 23(752B) AllocSpace objects, 0(0B) LOS objects, 24% free, 48MB/64MB, paused 1.256ms total 34.701ms
08-04 03:24:15.260 15503 16045 I art     : Starting a blocking GC Explicit
08-04 03:24:15.294 15503 16045 I art     : Explicit concurrent mark sweep GC freed 3(96B) AllocSpace objects, 0(0B) LOS objects, 24% free, 48MB/64MB, paused 1.205ms total 33.808ms
08-04 03:24:15.304 15503 16045 I art     : Starting a blocking GC Explicit
08-04 03:24:15.339 15503 16045 I art     : Explicit concurrent mark sweep GC freed 3(96B) AllocSpace objects, 0(0B) LOS objects, 24% free, 48MB/64MB, paused 1.278ms total 34.865ms
08-04 03:24:15.350 15503 16045 I art     : Starting a blocking GC Explicit
08-04 03:24:15.384 15503 16045 I art     : Explicit concurrent mark sweep GC freed 3(96B) AllocSpace objects, 0(0B) LOS objects, 24% free, 48MB/64MB, paused 1.246ms total 34.392ms
08-04 03:24:15.711 15503 16044 I art     : Starting a blocking GC Explicit
08-04 03:24:15.754 15503 16044 I art     : Explicit concurrent mark sweep GC freed 1381(82KB) AllocSpace objects, 1(20KB) LOS objects, 24% free, 48MB/64MB, paused 1.350ms total 43.077ms
08-04 03:24:15.767 15503 16044 I art     : Starting a blocking GC Explicit
08-04 03:24:15.802 15503 16044 I art     : Explicit concurrent mark sweep GC freed 113(4KB) AllocSpace objects, 0(0B) LOS objects, 24% free, 48MB/64MB, paused 1.215ms total 34.537ms
08-04 03:24:15.812 15503 16044 I art     : Starting a blocking GC Explicit
08-04 03:24:15.847 15503 16044 I art     : Explicit concurrent mark sweep GC freed 3(96B) AllocSpace objects, 0(0B) LOS objects, 24% free, 48MB/64MB, paused 1.314ms total 34.322ms
08-04 03:24:15.857 15503 16044 I art     : Starting a blocking GC Explicit
08-04 03:24:15.891 15503 16044 I art     : Explicit concurrent mark sweep GC freed 3(96B) AllocSpace objects, 0(0B) LOS objects, 24% free, 48MB/64MB, paused 1.207ms total 33.547ms
08-04 03:24:15.901 15503 16044 I art     : Starting a blocking GC Explicit
08-04 03:24:15.935 15503 16044 I art     : Explicit concurrent mark sweep GC freed 3(96B) AllocSpace objects, 0(0B) LOS objects, 24% free, 48MB/64MB, paused 1.244ms total 33.745ms
08-04 03:24:16.240 15503 15519 I art     : Starting a blocking GC Explicit
08-04 03:24:16.278 15503 15519 I art     : Explicit concurrent mark sweep GC freed 1411(83KB) AllocSpace objects, 1(20KB) LOS objects, 24% free, 48MB/64MB, paused 1.365ms total 37.641ms
08-04 03:24:16.288 15503 15519 I art     : Starting a blocking GC Explicit
08-04 03:24:16.320 15503 15519 I art     : Explicit concurrent mark sweep GC freed 23(752B) AllocSpace objects, 0(0B) LOS objects, 24% free, 48MB/64MB, paused 1.184ms total 31.337ms
08-04 03:24:16.329 15503 15519 I art     : Starting a blocking GC Explicit
08-04 03:24:16.363 15503 15519 I art     : Explicit concurrent mark sweep GC freed 6(192B) AllocSpace objects, 0(0B) LOS objects, 24% free, 48MB/64MB, paused 1.188ms total 33.655ms
08-04 03:24:16.373 15503 15519 I art     : Starting a blocking GC Explicit
08-04 03:24:16.403 15503 15519 I art     : Explicit concurrent mark sweep GC freed 9(288B) AllocSpace objects, 0(0B) LOS objects, 24% free, 48MB/64MB, paused 1.170ms total 29.723ms
08-04 03:24:16.413 15503 15519 I art     : Starting a blocking GC Explicit
08-04 03:24:16.420 19434 19434 D AndroidRuntime: >>>>>> START com.android.internal.os.RuntimeInit uid 2000 <<<<<<
08-04 03:24:16.424 19434 19434 D AndroidRuntime: CheckJNI is OFF
08-04 03:24:16.442 15503 15519 I art     : Explicit concurrent mark sweep GC freed 7(224B) AllocSpace objects, 0(0B) LOS objects, 24% free, 48MB/64MB, paused 1.165ms total 29.657ms
08-04 03:24:16.459 19434 19434 D ICU     : No timezone override file found: /data/misc/zoneinfo/current/icu/icu_tzdata.dat
08-04 03:24:16.491 19434 19434 I Radio-JNI: register_android_hardware_Radio DONE
08-04 03:24:16.511 19434 19434 D AndroidRuntime: Calling main entry com.android.commands.am.Am
08-04 03:24:16.520  8825  8825 I Trepn   : Trepn 6.2s: Received intent: com.quicinc.trepn.stop_profiling
08-04 03:24:16.572  8825  8825 I Trepn   : Trepn 6.2s: Trepn has Stopped Profiling.
08-04 03:24:16.747 15503 16044 I art     : Starting a blocking GC Explicit
08-04 03:24:16.761 19434 19434 D AndroidRuntime: Shutting down VM
08-04 03:24:16.767   918  3359 W AppOps  : Finishing op nesting under-run: uid 10078 pkg com.quicinc.trepn code 24 time=0 duration=0 nesting=0
08-04 03:24:16.780 15503 16044 I art     : Explicit concurrent mark sweep GC freed 1398(81KB) AllocSpace objects, 1(20KB) LOS objects, 24% free, 48MB/64MB, paused 1.135ms total 32.084ms
08-04 03:24:16.789 15503 16044 I art     : Starting a blocking GC Explicit
08-04 03:24:16.816 15503 16044 I art     : Explicit concurrent mark sweep GC freed 23(752B) AllocSpace objects, 0(0B) LOS objects, 24% free, 48MB/64MB, paused 1.117ms total 27.226ms
08-04 03:24:16.825 15503 16044 I art     : Starting a blocking GC Explicit
08-04 03:24:16.854 15503 16044 I art     : Explicit concurrent mark sweep GC freed 3(96B) AllocSpace objects, 0(0B) LOS objects, 24% free, 48MB/64MB, paused 1.064ms total 28.610ms
08-04 03:24:16.863 15503 16044 I art     : Starting a blocking GC Explicit
08-04 03:24:16.893 15503 16044 I art     : Explicit concurrent mark sweep GC freed 3(96B) AllocSpace objects, 0(0B) LOS objects, 24% free, 48MB/64MB, paused 1.079ms total 29.655ms
08-04 03:24:16.893 15503 15514 I art     : WaitForGcToComplete blocked for 14.310ms for cause HeapTrim
08-04 03:24:16.902 15503 16044 I art     : Starting a blocking GC Explicit
08-04 03:24:16.932 15503 16044 I art     : Explicit concurrent mark sweep GC freed 3(96B) AllocSpace objects, 0(0B) LOS objects, 24% free, 48MB/64MB, paused 1.084ms total 29.623ms
08-04 03:24:17.241 15503 16045 I art     : Starting a blocking GC Explicit
08-04 03:24:17.275 15503 16045 I art     : Explicit concurrent mark sweep GC freed 1409(81KB) AllocSpace objects, 1(20KB) LOS objects, 24% free, 48MB/64MB, paused 1.140ms total 33.753ms
08-04 03:24:17.285 15503 16045 I art     : Starting a blocking GC Explicit
08-04 03:24:17.317 15503 16045 I art     : Explicit concurrent mark sweep GC freed 23(752B) AllocSpace objects, 0(0B) LOS objects, 24% free, 48MB/64MB, paused 1.199ms total 31.949ms
08-04 03:24:17.328 15503 16045 I art     : Starting a blocking GC Explicit
08-04 03:24:17.359 15503 16045 I art     : Explicit concurrent mark sweep GC freed 3(96B) AllocSpace objects, 0(0B) LOS objects, 24% free, 48MB/64MB, paused 1.124ms total 30.826ms
08-04 03:24:17.368 15503 16045 I art     : Starting a blocking GC Explicit
08-04 03:24:17.399 15503 16045 I art     : Explicit concurrent mark sweep GC freed 3(96B) AllocSpace objects, 0(0B) LOS objects, 24% free, 48MB/64MB, paused 1.109ms total 30.720ms
08-04 03:24:17.409 15503 16045 I art     : Starting a blocking GC Explicit
08-04 03:24:17.440 15503 16045 I art     : Explicit concurrent mark sweep GC freed 3(96B) AllocSpace objects, 0(0B) LOS objects, 24% free, 48MB/64MB, paused 1.108ms total 31.254ms
08-04 03:24:18.006 23593 23644 I Finsky  : [5623] ktr.run(-1): Stats for Executor: BlockingExecutor kvs@8bd8299[Running, pool size = 0, active threads = 0, queued tasks = 0, completed tasks = 31]
08-04 03:24:18.010 23593 23644 I Finsky  : [5623] ktr.run(-1): Stats for Executor: LightweightExecutor kvs@1d1695e[Running, pool size = 4, active threads = 0, queued tasks = 0, completed tasks = 75]
08-04 03:24:19.033 23593 23644 I Finsky  : [5623] ktr.run(-1): Stats for Executor: bgExecutor kvs@f8b13f[Running, pool size = 4, active threads = 0, queued tasks = 0, completed tasks = 102]
