--------- beginning of main
08-04 18:25:28.217   918   928 I AccountManagerService: getTypesVisibleToCaller: isPermitted? true
08-04 18:25:28.224  3784  3784 D CarrierServiceBindHelper: Receive action: android.intent.action.PACKAGE_REMOVED
08-04 18:25:28.230   918   930 W ResourceType: ResTable_typeSpec entry count inconsistent: given 37, previously 42
08-04 18:25:28.230   918   930 W ResourceType: ResTable_typeSpec entry count inconsistent: given 2527, previously 2530
08-04 18:25:28.231   918   930 W ResourceType: ResTable_typeSpec entry count inconsistent: given 2542, previously 2545
08-04 18:25:28.231   918   930 W ResourceType: ResTable_typeSpec entry count inconsistent: given 303, previously 1691
08-04 18:25:28.235  8429  8429 I Finsky  : [1] uah.a(18): PackageMonitorReceiverImpl - Received: android.intent.action.PACKAGE_REMOVED, [CFjXe5fo2ooiLur0Ju3smv2h5qnGgIsGl5_C_SkJu8g]
08-04 18:25:28.236  8429  8429 I Finsky  : [1] ubi.d(9): Invalidating cached PackageState for baseline.de.danoeh.antennapod.debug
08-04 18:25:28.240  8429  8429 I Finsky  : [1] lzi.c(2): Frosting ID looked up on UI thread. Caller should move to a background thread.
08-04 18:25:28.240   918  5952 I AccountManagerService: getTypesVisibleToCaller: isPermitted? true
08-04 18:25:28.240 24365 21860 I Fitness : FitCleanupIntentOperation received Intent android.intent.action.PACKAGE_REMOVED [CONTEXT service_id=17 ]
08-04 18:25:28.245  8429  8429 I Finsky  : [1] nqb.c(3): Installer: package baseline.de.danoeh.antennapod.debug was removed. replacing: true
08-04 18:25:28.247  8429  8429 I Finsky  : [1] nra.a(188): Installer: Notifying status update. package=baseline.de.danoeh.antennapod.debug, status=UNINSTALLED
08-04 18:25:28.258  8429 21867 I Finsky  : [5999] ejf.a(-1): Cancelled 0 ongoing asset module downloads for package baseline.de.danoeh.antennapod.debug due to a concurrent app update.
08-04 18:25:28.267  8429  8429 I Finsky  : [1] lzi.c(2): Frosting ID looked up on UI thread. Caller should move to a background thread.
08-04 18:25:28.278  3784  3784 D CarrierServiceBindHelper: Receive action: android.intent.action.PACKAGE_ADDED
08-04 18:25:28.279  3784  3784 D CarrierServiceBindHelper: Receive action: android.intent.action.PACKAGE_REPLACED
08-04 18:25:28.279  3784  3784 D CarrierServiceBindHelper: mHandler: 3
08-04 18:25:28.279  3784  3784 D CarrierServiceBindHelper: mHandler: 3
08-04 18:25:28.279  3784  3784 D CarrierServiceBindHelper: mHandler: 3
08-04 18:25:28.279  3784  3784 D CarrierConfigLoader: mHandler: 9 phoneId: 0
08-04 18:25:28.280  8429  8429 I Finsky  : [1] nra.a(220): Installer: found apps to install. isMultiUserMode=false, apps=[]
08-04 18:25:28.316  8429 21865 I Finsky  : [5997] lyv.run(-1): Wrote row to frosting DB: 2446
08-04 18:25:28.324  8429  8653 I Finsky  : [5852] odj.b(52): IQ: Notifying installation update. package=baseline.de.danoeh.antennapod.debug, status=UNINSTALLED
08-04 18:25:28.326 24577 21861 I Auth    : [SupervisedAccountIntentOperation] onHandleIntent(): android.intent.action.PACKAGE_ADDED
08-04 18:25:28.327 24577 21856 I ChromeSync: [Sync,SyncIntentOperation] Handling the intent: Intent { act=android.intent.action.PACKAGE_ADDED dat=package:baseline.de.danoeh.antennapod.debug flg=0x4000010 cmp=com.google.android.gms/.chimera.GmsIntentOperationService (has extras) }.
--------- beginning of system
08-04 18:25:28.330   918  4400 W ActivityManager: Unable to start service Intent { act=com.google.android.gms.auth.key.retrieval.service.START pkg=com.google.android.gms } U=0: not found
08-04 18:25:28.332  8429  8429 I Finsky  : [1] uah.a(18): PackageMonitorReceiverImpl - Received: android.intent.action.PACKAGE_ADDED, [CFjXe5fo2ooiLur0Ju3smv2h5qnGgIsGl5_C_SkJu8g]
08-04 18:25:28.333   918  6111 W ActivityManager: Unbind failed: could not find connection for android.os.BinderProxy@eef351f
08-04 18:25:28.333  8429  8429 I Finsky  : [1] ubi.d(9): Invalidating cached PackageState for baseline.de.danoeh.antennapod.debug
08-04 18:25:28.333 24577 24621 E GmsClient: unable to connect to service: com.google.android.gms.auth.key.retrieval.service.START on com.google.android.gms
08-04 18:25:28.337  8429  8429 I Finsky  : [1] lzi.c(2): Frosting ID looked up on UI thread. Caller should move to a background thread.
08-04 18:25:28.341  8429  8429 I Finsky  : [1] agsx.a(4): Do not start WearSupportService due to Wear service optimization
08-04 18:25:28.343  8429 21867 I Finsky  : [5999] ejc.a(-1): Asset module broadcast after update successful for package baseline.de.danoeh.antennapod.debug. 0 sessions broadcast.
08-04 18:25:28.348  8429 21866 I Finsky  : [5998] gzn.a(-1): [ContentSync] finished, scheduled=false
08-04 18:25:28.349  8429 21865 I Finsky  : [5997] lyv.run(-1): Wrote row to frosting DB: 2447
08-04 18:25:28.353  8429  8653 I Finsky  : [5852] odj.b(40): IQ: No matching installs to run for jobs: []
08-04 18:25:28.385  8429  8429 I Finsky  : [1] lzi.c(2): Frosting ID looked up on UI thread. Caller should move to a background thread.
08-04 18:25:28.396 24577 13293 I Icing   : IndexChimeraService.getServiceInterface callingPackage=com.google.android.gms componentName=AppsCorpus serviceId=36
08-04 18:25:28.397   918  3670 I AccountManagerService: getTypesVisibleToCaller: isPermitted? true
08-04 18:25:28.398 24577 21856 I ChromeSync: [Persistence,AffiliationManager] One of affiliation or grouping data for android://bz0hZa4nAJEtd0n5sRlXG7KAqctUMWVefv7Ki4mh1p6slZ9YO-n9gS9j8m9YCrsIyI2wIxrDHraumF9Y6pBLTA==@baseline.de.danoeh.antennapod.debug/ was not found. Marking affiliation data as stale...
08-04 18:25:28.424  8429 21865 I Finsky  : [5997] lyv.run(-1): Wrote row to frosting DB: 2448
08-04 18:25:28.439 24577  4963 W Icing   : No valid account for uploading user actions
08-04 18:25:28.455   918  5952 I AccountManagerService: getTypesVisibleToCaller: isPermitted? true
08-04 18:25:28.461  8429 21865 I Finsky  : [5997] lyv.run(-1): Wrote row to frosting DB: 2449
08-04 18:25:28.477   918  6029 I AccountManagerService: getTypesVisibleToCaller: isPermitted? true
08-04 18:25:28.486 24577 13293 I Icing   : IndexChimeraService.getServiceInterface callingPackage=com.google.android.gms componentName=null serviceId=30
08-04 18:25:28.491 24577  4963 I Icing   : Usage reports ok 0, Failed Usage reports 0, indexed 0, rejected 0
08-04 18:25:28.497 24577  4963 W Icing   : No valid account for uploading user actions
08-04 18:25:28.501  8429  8429 I Finsky  : [1] xmu.a(8): SCH: Jobs in database: 1-1337 3-197 3-198 12-1 24-77777777 26-1414141414 
08-04 18:25:28.503  8429  8429 I Finsky  : [1] xio.a(57): SCH: ConstraintMapping: 24-77777777,  -> L: 0ms, D: 9872335ms, C: false, I: true, N: 0
08-04 18:25:28.504  8429  8429 I Finsky  : [1] xio.a(57): SCH: ConstraintMapping: 1-1337, 12-1,  -> L: 14757ms, D: 13224412ms, C: false, I: false, N: 1
08-04 18:25:28.504  8429  8429 I Finsky  : [1] xio.a(57): SCH: ConstraintMapping: 3-197,  -> L: 0ms, D: 81302330ms, C: false, I: true, N: 2
08-04 18:25:28.505  8429  8429 I Finsky  : [1] xio.a(57): SCH: ConstraintMapping: 3-198,  -> L: 0ms, D: 81302389ms, C: true, I: true, N: 2
08-04 18:25:28.505  8429  8429 I Finsky  : [1] xio.a(57): SCH: ConstraintMapping: 26-1414141414,  -> L: 17337535ms, D: 18237535ms, C: false, I: false, N: 0
08-04 18:25:28.508  8429 21866 I Finsky  : [5998] gzn.a(-1): [ContentSync] finished, scheduled=true
08-04 18:25:28.516 24577  4963 I Icing   : Usage reports ok 0, Failed Usage reports 0, indexed 0, rejected 0
08-04 18:25:28.517 24577  4963 I Icing   : Indexing com.google.android.gms-internal.3p:MobileApplication from com.google.android.gms using seqno 763
08-04 18:25:28.520 24577  4963 I Icing   : Indexing com.google.android.gms-internal.3p:MobileApplication from com.google.android.gms using seqno 763
08-04 18:25:28.529  8429  8429 I Finsky  : [1] xle.a(34): Cancelling existing jobscheduler jobs: 9012 9004 9008 9007 9002 9011 9006 9005 9000 9003 
08-04 18:25:28.530  8429  8429 I Finsky  : [1] xle.a(27): Scheduling job Id: 9001, L: 0, D: 9872335, C: false, I: true, N: 0
08-04 18:25:28.531  8429  8429 I Finsky  : [1] xle.a(27): Scheduling job Id: 9009, L: 14757, D: 13224412, C: false, I: false, N: 1
08-04 18:25:28.533  8429  8429 I Finsky  : [1] xle.a(27): Scheduling job Id: 9010, L: 0, D: 81302330, C: false, I: true, N: 2
08-04 18:25:28.535  8429  8429 I Finsky  : [1] xle.a(27): Scheduling job Id: 9013, L: 0, D: 81302389, C: true, I: true, N: 2
08-04 18:25:28.537  8429  8429 I Finsky  : [1] xle.a(27): Scheduling job Id: 9014, L: 17337535, D: 18237535, C: false, I: false, N: 0
08-04 18:25:28.538  8429  8429 I Finsky  : [1] xle.a(27): Scheduling job Id: 9015, L: 0, D: 9872335, C: false, I: true, N: 0
08-04 18:25:28.539  8429  8429 I Finsky  : [1] xle.a(27): Scheduling job Id: 9016, L: 14757, D: 13224412, C: false, I: false, N: 1
08-04 18:25:28.540  8429  8429 I Finsky  : [1] xle.a(27): Scheduling job Id: 9017, L: 0, D: 81302330, C: false, I: true, N: 2
08-04 18:25:28.541  8429  8429 I Finsky  : [1] xle.a(27): Scheduling job Id: 9018, L: 0, D: 81302389, C: true, I: true, N: 2
08-04 18:25:28.543  8429  8429 I Finsky  : [1] xle.a(27): Scheduling job Id: 9019, L: 17337535, D: 18237535, C: false, I: false, N: 0
08-04 18:25:28.771 21887 21887 D AndroidRuntime: >>>>>> START com.android.internal.os.RuntimeInit uid 2000 <<<<<<
08-04 18:25:28.778 21887 21887 D AndroidRuntime: CheckJNI is OFF
08-04 18:25:28.810 21887 21887 D ICU     : No timezone override file found: /data/misc/zoneinfo/current/icu/icu_tzdata.dat
08-04 18:25:28.845 21887 21887 I Radio-JNI: register_android_hardware_Radio DONE
08-04 18:25:28.863 21887 21887 D AndroidRuntime: Calling main entry com.android.commands.monkey.Monkey
08-04 18:25:28.883   918   931 W BroadcastQueue: Skipping deliver [background] BroadcastRecord{f481393 u-1 android.net.conn.CONNECTIVITY_CHANGE} to ReceiverList{e594fd0 21887 (unknown name)/2000/u-1 remote:9b2bfcd}: process crashing
08-04 18:25:28.893   918  6111 I ActivityManager: START u0 {act=android.intent.action.MAIN cat=[android.intent.category.LAUNCHER] flg=0x10200000 cmp=baseline.de.danoeh.antennapod.debug/baseline.de.danoeh.antennapod.activity.SplashActivity} from uid 2000 on display 0
08-04 18:25:28.935 21896 21896 I art     : Late-enabling -Xcheck:jni
08-04 18:25:28.936   918  3696 I ActivityManager: Start proc 21896:baseline.de.danoeh.antennapod.debug/u0a670 for activity baseline.de.danoeh.antennapod.debug/baseline.de.danoeh.antennapod.activity.SplashActivity
08-04 18:25:28.949 21887 21887 I art     : System.exit called, status: 0
08-04 18:25:28.949 21887 21887 I AndroidRuntime: VM exiting with result code 0.
08-04 18:25:29.000  6490 32594 I PBSessionCacheImpl: Deleted sessionId[28544918408651598] from persistence.
08-04 18:25:29.002  6490  6520 W SearchServiceCore: Abort, client detached.
08-04 18:25:29.003  6490  6520 I MicroDetectionState: Should stop hotword detection immediately - true
08-04 18:25:29.014 21896 21896 W System  : ClassLoader referenced unknown path: /data/app/baseline.de.danoeh.antennapod.debug-2/lib/arm64
08-04 18:25:29.036 21896 21896 D UserPreferences: Creating new instance of UserPreferences
08-04 18:25:29.038 21896 21896 D UserPreferences: Using default data folder
08-04 18:25:29.042 21896 21896 D UserPreferences: Import directory already exists
08-04 18:25:29.045 21896 21896 D UpdateManager: old: -1, current: 1070296
08-04 18:25:29.049 21896 21896 D SleepTimerPreferences: Creating new instance of SleepTimerPreferences
08-04 18:25:29.073 21896 21896 D SPAUtil : Sending SP_APPS_QUERY_FEEDS intent
08-04 18:25:29.112 21896 21896 W art     : Before Android 4.1, method android.graphics.PorterDuffColorFilter androidx.vectordrawable.graphics.drawable.VectorDrawableCompat.updateTintFilter(android.graphics.PorterDuffColorFilter, android.content.res.ColorStateList, android.graphics.PorterDuff$Mode) would have incorrectly overridden the package-private method in android.graphics.drawable.Drawable
08-04 18:25:29.150 21896 21896 I art     : Rejecting re-init on previously-failed class java.lang.Class<androidx.core.view.ViewCompat$2>
08-04 18:25:29.150 21896 21896 I art     : Rejecting re-init on previously-failed class java.lang.Class<androidx.core.view.ViewCompat$2>
08-04 18:25:29.190 21896 21917 D OpenGLRenderer: Use EGL_SWAP_BEHAVIOR_PRESERVED: true
08-04 18:25:29.244 21896 21917 I Adreno  : QUALCOMM build                   : fcf4852, I1af360237c
08-04 18:25:29.244 21896 21917 I Adreno  : Build Date                       : 09/23/15
08-04 18:25:29.244 21896 21917 I Adreno  : OpenGL ES Shader Compiler Version: XE031.05.13.02
08-04 18:25:29.244 21896 21917 I Adreno  : Local Branch                     : mybranch14465806
08-04 18:25:29.244 21896 21917 I Adreno  : Remote Branch                    : quic/LA.BF64.1.2.9_v2
08-04 18:25:29.244 21896 21917 I Adreno  : Remote Branch                    : NONE
08-04 18:25:29.244 21896 21917 I Adreno  : Reconstruct Branch               : NOTHING
08-04 18:25:29.253 21896 21917 I OpenGLRenderer: Initialized EGL, version 1.4
08-04 18:25:29.291   918  5132 I ActivityManager: START u0 {cmp=baseline.de.danoeh.antennapod.debug/baseline.de.danoeh.antennapod.activity.MainActivity} from uid 10670 on display 0
08-04 18:25:29.295 13866 13866 I GoogleInputMethodServic: GoogleInputMethodService.onFinishInput():3138 
08-04 18:25:29.296 13866 13866 I GoogleInputMethodServic: GoogleInputMethodService.onStartInput():1808 
08-04 18:25:29.448 21896 21896 D UserPreferences: Using default data folder
08-04 18:25:29.494 24577  4963 I Icing   : Indexing com.google.android.gms-apps from com.google.android.gms
08-04 18:25:29.495 21896 21896 D MainActivity: getLastNavFragment() -> QueueFragment
08-04 18:25:29.496 21896 21896 D MainActivity: loadFragment(tag: QueueFragment, args: null)
08-04 18:25:29.499 21896 21896 D MainActivity: saveLastNavFragment(tag: QueueFragment)
08-04 18:25:29.500 21896 21896 D MainActivity: getLastNavFragment() -> QueueFragment
08-04 18:25:29.501 21896 21896 D UserPreferences: timeOfDay: []
08-04 18:25:29.502 21896 21896 D AutoUpdateManager: Restarting update alarm.
08-04 18:25:29.504 21896 21896 D AutoUpdateManager: Changed alarm to new interval 12 h
08-04 18:25:29.531 21896 21896 D UserPreferences: timeOfDay: []
08-04 18:25:29.532 21896 21896 D AutoUpdateManager: Restarting update alarm.
08-04 18:25:29.533 21896 21896 D AutoUpdateManager: Changed alarm to new interval 12 h
08-04 18:25:29.573 21896 21896 D ExternalPlayerFragment: Loading media info
08-04 18:25:29.575 21896 21896 D QueueFragment: loadItems()
08-04 18:25:29.578 21896 21916 D DBReader: getQueue() called
08-04 18:25:29.578 21896 21916 D DBReader: getQueue()
08-04 18:25:29.580 21896 21916 D DBReader: getFavoriteIDList() called
08-04 18:25:29.582 21896 21916 D DBReader: getQueueIDList() called
08-04 18:25:29.582 21896 21916 D DBReader: Extracting Feedlist
08-04 18:25:29.585 21896 21896 V PlaybackController: initServiceNotRunning()
08-04 18:25:29.585 21896 21896 D ExternalPlayerFragment: Loading media info
08-04 18:25:29.588 21896 21896 D UserPreferences: Using default data folder
08-04 18:25:29.591 21896 21896 D AutoUpdateManager: last refresh: 443488 hours 25 minutes ago
08-04 18:25:29.592 21896 21916 D DBReader: getNavDrawerData() called with: 
08-04 18:25:29.596 21896 21916 D DBReader: getDownloadedItems() called
08-04 18:25:29.596 21896 21916 D DBReader: getFavoriteIDList() called
08-04 18:25:29.597 24577  4963 I Icing   : Indexing done com.google.android.gms-apps
08-04 18:25:29.598 21896 21916 D DBReader: getQueueIDList() called
08-04 18:25:29.599 21896 21916 D DBReader: Extracting Feedlist
08-04 18:25:29.615   380   380 W SurfaceFlinger: couldn't log to binary event log: overflow.
08-04 18:25:29.793 21896 21896 D MainActivity: getLastNavFragment() -> QueueFragment
08-04 18:25:29.793 21896 21896 D MainActivity: handleNavIntent()
08-04 18:25:29.795 13866 13866 I GoogleInputMethodServic: GoogleInputMethodService.onFinishInput():3138 
08-04 18:25:29.796   918   936 I ActivityManager: Displayed baseline.de.danoeh.antennapod.debug/baseline.de.danoeh.antennapod.activity.MainActivity: +395ms (total +894ms)
08-04 18:25:29.798 13866 13866 I GoogleInputMethodServic: GoogleInputMethodService.onStartInput():1808 
08-04 18:25:29.835 29532 29532 W PathParser: Points are too far apart 4.030360828967057
08-04 18:25:29.836 29532 29532 W PathParser: Points are too far apart 4.030360538880159
08-04 18:25:29.850 29532 29532 W PathParser: Points are too far apart 4.030360828967057
08-04 18:25:29.851 29532 29532 W PathParser: Points are too far apart 4.030360538880159
08-04 18:25:29.866 29532 29532 W PathParser: Points are too far apart 4.030360828967057
08-04 18:25:29.867 29532 29532 W PathParser: Points are too far apart 4.030360538880159
08-04 18:25:29.883 29532 29532 W PathParser: Points are too far apart 4.030360828967057
08-04 18:25:29.883 29532 29532 W PathParser: Points are too far apart 4.030360538880159
08-04 18:25:29.900 29532 29532 W PathParser: Points are too far apart 4.030360828967057
08-04 18:25:29.900 29532 29532 W PathParser: Points are too far apart 4.030360538880159
08-04 18:25:29.916 29532 29532 W PathParser: Points are too far apart 4.030360828967057
08-04 18:25:29.916 29532 29532 W PathParser: Points are too far apart 4.030360538880159
08-04 18:25:29.933 29532 29532 W PathParser: Points are too far apart 4.030360828967057
08-04 18:25:29.933 29532 29532 W PathParser: Points are too far apart 4.030360538880159
08-04 18:25:29.949 29532 29532 W PathParser: Points are too far apart 4.030360828967057
08-04 18:25:29.950 29532 29532 W PathParser: Points are too far apart 4.030360538880159
08-04 18:25:30.558 21941 21941 D AndroidRuntime: >>>>>> START com.android.internal.os.RuntimeInit uid 2000 <<<<<<
08-04 18:25:30.565 21941 21941 D AndroidRuntime: CheckJNI is OFF
08-04 18:25:30.591 21941 21941 D ICU     : No timezone override file found: /data/misc/zoneinfo/current/icu/icu_tzdata.dat
08-04 18:25:30.600 21896 21946 D DBReader: Extracting Feedlist
08-04 18:25:30.601 21896 21946 D FlattrUtils: Retrieving access token
08-04 18:25:30.602 21896 21946 D FlattrUtils: No access token found
08-04 18:25:30.604 21896 21946 I art     : Rejecting re-init on previously-failed class java.lang.Class<androidx.core.app.JobIntentService$JobServiceEngineImpl>
08-04 18:25:30.604 21896 21946 I art     : Rejecting re-init on previously-failed class java.lang.Class<androidx.core.app.JobIntentService$JobServiceEngineImpl>
08-04 18:25:30.605 21896 21946 I art     : Rejecting re-init on previously-failed class java.lang.Class<androidx.core.app.SafeJobIntentService$SafeJobServiceEngineImpl>
08-04 18:25:30.605 21896 21946 I art     : Rejecting re-init on previously-failed class java.lang.Class<androidx.core.app.SafeJobIntentService$SafeJobServiceEngineImpl>
08-04 18:25:30.623 21941 21941 I Radio-JNI: register_android_hardware_Radio DONE
08-04 18:25:30.639 21941 21941 D AndroidRuntime: Calling main entry com.android.commands.am.Am
08-04 18:25:30.648  8245  8245 I Trepn   : Trepn 6.2s: Received intent: com.quicinc.trepn.start_profiling
08-04 18:25:30.773  8245  8245 W FileUtils: Failed to chmod(/storage/emulated/0/trepn/Trepn_2020.08.04_182530.db): android.system.ErrnoException: chmod failed: EPERM (Operation not permitted)
08-04 18:25:30.919  8245  8245 I Trepn   : Trepn 6.2s: Trepn has Started Profiling.
08-04 18:25:30.925 21941 21941 D AndroidRuntime: Shutting down VM
08-04 18:25:31.053 13866 13866 I GoogleInputMethodServic: GoogleInputMethodService.onFinishInput():3138 
08-04 18:25:31.057 13866 13866 I GoogleInputMethodServic: GoogleInputMethodService.onStartInput():1808 
08-04 18:25:31.389 21896 21909 I art     : Starting a blocking GC Explicit
08-04 18:25:31.417 21896 21909 I art     : Explicit concurrent mark sweep GC freed 19744(2010KB) AllocSpace objects, 7(140KB) LOS objects, 40% free, 23MB/38MB, paused 207us total 26.831ms
08-04 18:25:31.425 21896 21909 I art     : Starting a blocking GC Explicit
08-04 18:25:31.438 21896 21909 I art     : Explicit concurrent mark sweep GC freed 2358(130KB) AllocSpace objects, 0(0B) LOS objects, 40% free, 23MB/38MB, paused 147us total 13.102ms
08-04 18:25:31.444 21896 21909 I art     : Starting a blocking GC Explicit
08-04 18:25:31.456 21896 21909 I art     : Explicit concurrent mark sweep GC freed 996(62KB) AllocSpace objects, 2(588KB) LOS objects, 40% free, 22MB/37MB, paused 122us total 11.832ms
08-04 18:25:31.462 21896 21909 I art     : Starting a blocking GC Explicit
08-04 18:25:31.473 21896 21909 I art     : Explicit concurrent mark sweep GC freed 3(96B) AllocSpace objects, 0(0B) LOS objects, 40% free, 22MB/37MB, paused 124us total 10.776ms
08-04 18:25:31.479 21896 21909 I art     : Starting a blocking GC Explicit
08-04 18:25:31.489 21896 21909 I art     : Explicit concurrent mark sweep GC freed 3(96B) AllocSpace objects, 0(0B) LOS objects, 40% free, 22MB/37MB, paused 120us total 10.614ms
08-04 18:25:31.789 21896 21920 I art     : Starting a blocking GC Explicit
08-04 18:25:31.805 21896 21920 I art     : Explicit concurrent mark sweep GC freed 1371(82KB) AllocSpace objects, 1(20KB) LOS objects, 40% free, 22MB/37MB, paused 199us total 16.306ms
08-04 18:25:31.815 21896 21920 I art     : Starting a blocking GC Explicit
08-04 18:25:31.832 21896 21920 I art     : Explicit concurrent mark sweep GC freed 23(752B) AllocSpace objects, 0(0B) LOS objects, 40% free, 22MB/37MB, paused 170us total 16.893ms
08-04 18:25:31.841 21896 21920 I art     : Starting a blocking GC Explicit
08-04 18:25:31.854 21896 21920 I art     : Explicit concurrent mark sweep GC freed 3(96B) AllocSpace objects, 0(0B) LOS objects, 40% free, 22MB/37MB, paused 135us total 12.643ms
08-04 18:25:31.860 21896 21920 I art     : Starting a blocking GC Explicit
08-04 18:25:31.873 21896 21920 I art     : Explicit concurrent mark sweep GC freed 3(96B) AllocSpace objects, 0(0B) LOS objects, 40% free, 22MB/37MB, paused 132us total 12.842ms
08-04 18:25:31.879 21896 21920 I art     : Starting a blocking GC Explicit
08-04 18:25:31.891 21896 21920 I art     : Explicit concurrent mark sweep GC freed 3(96B) AllocSpace objects, 0(0B) LOS objects, 40% free, 22MB/37MB, paused 143us total 11.445ms
08-04 18:25:32.169 21896 21908 I art     : Starting a blocking GC Explicit
08-04 18:25:32.184 21896 21908 I art     : Explicit concurrent mark sweep GC freed 1385(80KB) AllocSpace objects, 1(20KB) LOS objects, 40% free, 22MB/37MB, paused 172us total 14.904ms
08-04 18:25:32.191 21896 21908 I art     : Starting a blocking GC Explicit
08-04 18:25:32.205 21896 21908 I art     : Explicit concurrent mark sweep GC freed 23(752B) AllocSpace objects, 0(0B) LOS objects, 40% free, 22MB/37MB, paused 152us total 13.332ms
08-04 18:25:32.211 21896 21908 I art     : Starting a blocking GC Explicit
08-04 18:25:32.224 21896 21908 I art     : Explicit concurrent mark sweep GC freed 3(96B) AllocSpace objects, 0(0B) LOS objects, 40% free, 22MB/37MB, paused 133us total 12.295ms
08-04 18:25:32.230 21896 21908 I art     : Starting a blocking GC Explicit
08-04 18:25:32.242 21896 21908 I art     : Explicit concurrent mark sweep GC freed 3(96B) AllocSpace objects, 0(0B) LOS objects, 40% free, 22MB/37MB, paused 139us total 12.206ms
08-04 18:25:32.249 21896 21908 I art     : Starting a blocking GC Explicit
08-04 18:25:32.261 21896 21908 I art     : Explicit concurrent mark sweep GC freed 3(96B) AllocSpace objects, 0(0B) LOS objects, 40% free, 22MB/37MB, paused 135us total 12.039ms
08-04 18:25:32.579 21896 21909 I art     : Starting a blocking GC Explicit
08-04 18:25:32.599 21896 21909 I art     : Explicit concurrent mark sweep GC freed 1358(79KB) AllocSpace objects, 1(20KB) LOS objects, 40% free, 22MB/37MB, paused 205us total 19.994ms
08-04 18:25:32.610 21896 21909 I art     : Starting a blocking GC Explicit
08-04 18:25:32.624 21896 21909 I art     : Explicit concurrent mark sweep GC freed 23(752B) AllocSpace objects, 0(0B) LOS objects, 40% free, 22MB/37MB, paused 161us total 13.736ms
08-04 18:25:32.630 21896 21909 I art     : Starting a blocking GC Explicit
08-04 18:25:32.643 21896 21909 I art     : Explicit concurrent mark sweep GC freed 5(160B) AllocSpace objects, 0(0B) LOS objects, 40% free, 22MB/37MB, paused 141us total 12.144ms
08-04 18:25:32.649 21896 21909 I art     : Starting a blocking GC Explicit
08-04 18:25:32.663 21896 21909 I art     : Explicit concurrent mark sweep GC freed 5(160B) AllocSpace objects, 0(0B) LOS objects, 40% free, 22MB/37MB, paused 140us total 13.433ms
08-04 18:25:32.669 21896 21909 I art     : Starting a blocking GC Explicit
08-04 18:25:32.681 21896 21909 I art     : Explicit concurrent mark sweep GC freed 5(160B) AllocSpace objects, 0(0B) LOS objects, 40% free, 22MB/37MB, paused 136us total 11.107ms
08-04 18:25:32.970 21896 21908 I art     : Starting a blocking GC Explicit
08-04 18:25:32.985 21896 21908 I art     : Explicit concurrent mark sweep GC freed 1382(80KB) AllocSpace objects, 1(20KB) LOS objects, 40% free, 22MB/37MB, paused 140us total 14.468ms
08-04 18:25:32.991 21896 21908 I art     : Starting a blocking GC Explicit
08-04 18:25:33.004 21896 21908 I art     : Explicit concurrent mark sweep GC freed 23(752B) AllocSpace objects, 0(0B) LOS objects, 40% free, 22MB/37MB, paused 140us total 12.732ms
08-04 18:25:33.010 21896 21908 I art     : Starting a blocking GC Explicit
08-04 18:25:33.023 21896 21908 I art     : Explicit concurrent mark sweep GC freed 3(96B) AllocSpace objects, 0(0B) LOS objects, 40% free, 22MB/37MB, paused 142us total 12.794ms
08-04 18:25:33.030 21896 21908 I art     : Starting a blocking GC Explicit
08-04 18:25:33.042 21896 21908 I art     : Explicit concurrent mark sweep GC freed 3(96B) AllocSpace objects, 0(0B) LOS objects, 40% free, 22MB/37MB, paused 134us total 11.858ms
08-04 18:25:33.048 21896 21908 I art     : Starting a blocking GC Explicit
08-04 18:25:33.060 21896 21908 I art     : Explicit concurrent mark sweep GC freed 3(96B) AllocSpace objects, 0(0B) LOS objects, 40% free, 22MB/37MB, paused 133us total 11.628ms
08-04 18:25:33.374 21896 21920 I art     : Starting a blocking GC Explicit
08-04 18:25:33.393 21896 21920 I art     : Explicit concurrent mark sweep GC freed 1383(81KB) AllocSpace objects, 1(20KB) LOS objects, 40% free, 22MB/37MB, paused 198us total 19.183ms
08-04 18:25:33.405 21896 21920 I art     : Starting a blocking GC Explicit
08-04 18:25:33.421 21896 21920 I art     : Explicit concurrent mark sweep GC freed 23(752B) AllocSpace objects, 0(0B) LOS objects, 40% free, 22MB/37MB, paused 174us total 16.112ms
08-04 18:25:33.429 21896 21920 I art     : Starting a blocking GC Explicit
08-04 18:25:33.442 21896 21920 I art     : Explicit concurrent mark sweep GC freed 3(96B) AllocSpace objects, 0(0B) LOS objects, 40% free, 22MB/37MB, paused 150us total 12.676ms
08-04 18:25:33.448 21896 21920 I art     : Starting a blocking GC Explicit
08-04 18:25:33.461 21896 21920 I art     : Explicit concurrent mark sweep GC freed 3(96B) AllocSpace objects, 0(0B) LOS objects, 40% free, 22MB/37MB, paused 150us total 12.504ms
08-04 18:25:33.468 21896 21920 I art     : Starting a blocking GC Explicit
08-04 18:25:33.480 21896 21920 I art     : Explicit concurrent mark sweep GC freed 3(96B) AllocSpace objects, 0(0B) LOS objects, 40% free, 22MB/37MB, paused 152us total 12.453ms
08-04 18:25:33.787 21896 21909 I art     : Starting a blocking GC Explicit
08-04 18:25:33.806 21896 21909 I art     : Explicit concurrent mark sweep GC freed 1360(81KB) AllocSpace objects, 1(20KB) LOS objects, 40% free, 22MB/37MB, paused 199us total 18.672ms
08-04 18:25:33.817 21896 21909 I art     : Starting a blocking GC Explicit
08-04 18:25:33.833 21896 21909 I art     : Explicit concurrent mark sweep GC freed 23(752B) AllocSpace objects, 0(0B) LOS objects, 40% free, 22MB/37MB, paused 170us total 16.164ms
08-04 18:25:33.841 21896 21909 I art     : Starting a blocking GC Explicit
08-04 18:25:33.854 21896 21909 I art     : Explicit concurrent mark sweep GC freed 3(96B) AllocSpace objects, 0(0B) LOS objects, 40% free, 22MB/37MB, paused 146us total 12.716ms
08-04 18:25:33.861 21896 21909 I art     : Starting a blocking GC Explicit
08-04 18:25:33.873 21896 21909 I art     : Explicit concurrent mark sweep GC freed 3(96B) AllocSpace objects, 0(0B) LOS objects, 40% free, 22MB/37MB, paused 139us total 12.525ms
08-04 18:25:33.880 21896 21909 I art     : Starting a blocking GC Explicit
08-04 18:25:33.892 21896 21909 I art     : Explicit concurrent mark sweep GC freed 3(96B) AllocSpace objects, 0(0B) LOS objects, 40% free, 22MB/37MB, paused 136us total 11.935ms
08-04 18:25:34.200 21896 21908 I art     : Starting a blocking GC Explicit
08-04 18:25:34.215 21896 21908 I art     : Explicit concurrent mark sweep GC freed 1384(82KB) AllocSpace objects, 1(20KB) LOS objects, 40% free, 22MB/37MB, paused 161us total 15.290ms
08-04 18:25:34.222 21896 21908 I art     : Starting a blocking GC Explicit
08-04 18:25:34.236 21896 21908 I art     : Explicit concurrent mark sweep GC freed 23(752B) AllocSpace objects, 0(0B) LOS objects, 40% free, 22MB/37MB, paused 148us total 13.522ms
08-04 18:25:34.243 21896 21908 I art     : Starting a blocking GC Explicit
08-04 18:25:34.255 21896 21908 I art     : Explicit concurrent mark sweep GC freed 3(96B) AllocSpace objects, 0(0B) LOS objects, 40% free, 22MB/37MB, paused 135us total 12.440ms
08-04 18:25:34.262 21896 21908 I art     : Starting a blocking GC Explicit
08-04 18:25:34.275 21896 21908 I art     : Explicit concurrent mark sweep GC freed 3(96B) AllocSpace objects, 0(0B) LOS objects, 40% free, 22MB/37MB, paused 139us total 12.195ms
08-04 18:25:34.281 21896 21908 I art     : Starting a blocking GC Explicit
08-04 18:25:34.293 21896 21908 I art     : Explicit concurrent mark sweep GC freed 3(96B) AllocSpace objects, 0(0B) LOS objects, 40% free, 22MB/37MB, paused 133us total 12.232ms
08-04 18:25:34.590 21896 21920 I art     : Starting a blocking GC Explicit
08-04 18:25:34.609 21896 21920 I art     : Explicit concurrent mark sweep GC freed 1358(79KB) AllocSpace objects, 1(20KB) LOS objects, 40% free, 22MB/37MB, paused 172us total 18.501ms
08-04 18:25:34.620 21896 21920 I art     : Starting a blocking GC Explicit
08-04 18:25:34.636 21896 21920 I art     : Explicit concurrent mark sweep GC freed 23(752B) AllocSpace objects, 0(0B) LOS objects, 40% free, 22MB/37MB, paused 175us total 16.344ms
08-04 18:25:34.645 21896 21920 I art     : Starting a blocking GC Explicit
08-04 18:25:34.658 21896 21920 I art     : Explicit concurrent mark sweep GC freed 3(96B) AllocSpace objects, 0(0B) LOS objects, 40% free, 22MB/37MB, paused 146us total 12.750ms
08-04 18:25:34.665 21896 21920 I art     : Starting a blocking GC Explicit
08-04 18:25:34.678 21896 21920 I art     : Explicit concurrent mark sweep GC freed 3(96B) AllocSpace objects, 0(0B) LOS objects, 40% free, 22MB/37MB, paused 141us total 12.686ms
08-04 18:25:34.684 21896 21920 I art     : Starting a blocking GC Explicit
08-04 18:25:34.697 21896 21920 I art     : Explicit concurrent mark sweep GC freed 3(96B) AllocSpace objects, 0(0B) LOS objects, 40% free, 22MB/37MB, paused 232us total 12.638ms
08-04 18:25:34.985 21896 21909 I art     : Starting a blocking GC Explicit
08-04 18:25:34.999 21896 21909 I art     : Explicit concurrent mark sweep GC freed 1358(79KB) AllocSpace objects, 1(20KB) LOS objects, 40% free, 22MB/37MB, paused 139us total 13.667ms
08-04 18:25:35.005 21896 21909 I art     : Starting a blocking GC Explicit
08-04 18:25:35.018 21896 21909 I art     : Explicit concurrent mark sweep GC freed 23(752B) AllocSpace objects, 0(0B) LOS objects, 40% free, 22MB/37MB, paused 132us total 11.997ms
08-04 18:25:35.023 21896 21909 I art     : Starting a blocking GC Explicit
08-04 18:25:35.035 21896 21909 I art     : Explicit concurrent mark sweep GC freed 3(96B) AllocSpace objects, 0(0B) LOS objects, 40% free, 22MB/37MB, paused 136us total 11.331ms
08-04 18:25:35.041 21896 21909 I art     : Starting a blocking GC Explicit
08-04 18:25:35.052 21896 21909 I art     : Explicit concurrent mark sweep GC freed 3(96B) AllocSpace objects, 0(0B) LOS objects, 40% free, 22MB/37MB, paused 131us total 10.863ms
08-04 18:25:35.058 21896 21909 I art     : Starting a blocking GC Explicit
08-04 18:25:35.069 21896 21909 I art     : Explicit concurrent mark sweep GC freed 3(96B) AllocSpace objects, 0(0B) LOS objects, 40% free, 22MB/37MB, paused 128us total 10.801ms
08-04 18:25:35.359 21896 21908 I art     : Starting a blocking GC Explicit
08-04 18:25:35.377 21896 21908 I art     : Explicit concurrent mark sweep GC freed 1383(80KB) AllocSpace objects, 1(20KB) LOS objects, 40% free, 22MB/37MB, paused 188us total 18.336ms
08-04 18:25:35.388 21896 21908 I art     : Starting a blocking GC Explicit
08-04 18:25:35.401 21896 21908 I art     : Explicit concurrent mark sweep GC freed 23(752B) AllocSpace objects, 0(0B) LOS objects, 40% free, 22MB/37MB, paused 142us total 13.208ms
08-04 18:25:35.408 21896 21908 I art     : Starting a blocking GC Explicit
08-04 18:25:35.421 21896 21908 I art     : Explicit concurrent mark sweep GC freed 3(96B) AllocSpace objects, 0(0B) LOS objects, 40% free, 22MB/37MB, paused 142us total 12.921ms
08-04 18:25:35.427 21896 21908 I art     : Starting a blocking GC Explicit
08-04 18:25:35.440 21896 21908 I art     : Explicit concurrent mark sweep GC freed 3(96B) AllocSpace objects, 0(0B) LOS objects, 40% free, 22MB/37MB, paused 136us total 12.503ms
08-04 18:25:35.446 21896 21908 I art     : Starting a blocking GC Explicit
08-04 18:25:35.459 21896 21908 I art     : Explicit concurrent mark sweep GC freed 3(96B) AllocSpace objects, 0(0B) LOS objects, 40% free, 22MB/37MB, paused 137us total 12.195ms
08-04 18:25:35.736 21896 21920 I art     : Starting a blocking GC Explicit
08-04 18:25:35.751 21896 21920 I art     : Explicit concurrent mark sweep GC freed 1358(79KB) AllocSpace objects, 1(20KB) LOS objects, 40% free, 22MB/37MB, paused 152us total 14.986ms
08-04 18:25:35.758 21896 21920 I art     : Starting a blocking GC Explicit
08-04 18:25:35.772 21896 21920 I art     : Explicit concurrent mark sweep GC freed 23(752B) AllocSpace objects, 0(0B) LOS objects, 40% free, 22MB/37MB, paused 169us total 13.006ms
08-04 18:25:35.778 21896 21920 I art     : Starting a blocking GC Explicit
08-04 18:25:35.790 21896 21920 I art     : Explicit concurrent mark sweep GC freed 3(96B) AllocSpace objects, 0(0B) LOS objects, 40% free, 22MB/37MB, paused 132us total 12.205ms
08-04 18:25:35.797 21896 21920 I art     : Starting a blocking GC Explicit
08-04 18:25:35.808 21896 21920 I art     : Explicit concurrent mark sweep GC freed 3(96B) AllocSpace objects, 0(0B) LOS objects, 40% free, 22MB/37MB, paused 144us total 11.542ms
08-04 18:25:35.814 21896 21920 I art     : Starting a blocking GC Explicit
08-04 18:25:35.825 21896 21920 I art     : Explicit concurrent mark sweep GC freed 3(96B) AllocSpace objects, 0(0B) LOS objects, 40% free, 22MB/37MB, paused 136us total 11.013ms
08-04 18:25:36.063 21896 21909 I art     : Starting a blocking GC Explicit
08-04 18:25:36.077 21896 21909 I art     : Explicit concurrent mark sweep GC freed 1357(79KB) AllocSpace objects, 1(20KB) LOS objects, 40% free, 22MB/37MB, paused 193us total 13.081ms
08-04 18:25:36.083 21896 21909 I art     : Starting a blocking GC Explicit
08-04 18:25:36.095 22097 22097 D AndroidRuntime: >>>>>> START com.android.internal.os.RuntimeInit uid 2000 <<<<<<
08-04 18:25:36.097 21896 21909 I art     : Explicit concurrent mark sweep GC freed 23(752B) AllocSpace objects, 0(0B) LOS objects, 40% free, 22MB/37MB, paused 175us total 13.583ms
08-04 18:25:36.099 22097 22097 D AndroidRuntime: CheckJNI is OFF
08-04 18:25:36.103 21896 21909 I art     : Starting a blocking GC Explicit
08-04 18:25:36.115 21896 21909 I art     : Explicit concurrent mark sweep GC freed 3(96B) AllocSpace objects, 0(0B) LOS objects, 40% free, 22MB/37MB, paused 142us total 12.044ms
08-04 18:25:36.121 21896 21909 I art     : Starting a blocking GC Explicit
08-04 18:25:36.129 22097 22097 D ICU     : No timezone override file found: /data/misc/zoneinfo/current/icu/icu_tzdata.dat
08-04 18:25:36.133 21896 21909 I art     : Explicit concurrent mark sweep GC freed 3(96B) AllocSpace objects, 0(0B) LOS objects, 40% free, 22MB/37MB, paused 142us total 12.210ms
08-04 18:25:36.139 21896 21909 I art     : Starting a blocking GC Explicit
08-04 18:25:36.151 21896 21909 I art     : Explicit concurrent mark sweep GC freed 3(96B) AllocSpace objects, 0(0B) LOS objects, 40% free, 22MB/37MB, paused 145us total 11.344ms
08-04 18:25:36.154 22097 22097 I Radio-JNI: register_android_hardware_Radio DONE
08-04 18:25:36.169 22097 22097 D AndroidRuntime: Calling main entry com.android.commands.input.Input
08-04 18:25:36.171 22097 22097 I Input   : injectMotionEvent: MotionEvent { action=ACTION_DOWN, actionButton=0, id[0]=0, x[0]=1233.0, y[0]=1274.0, toolType[0]=TOOL_TYPE_UNKNOWN, buttonState=0, metaState=0, flags=0x0, edgeFlags=0x0, pointerCount=1, historySize=0, eventTime=728752584, downTime=728752584, deviceId=0, source=0x1002 }
08-04 18:25:36.176 22097 22097 I Input   : injectMotionEvent: MotionEvent { action=ACTION_UP, actionButton=0, id[0]=0, x[0]=1233.0, y[0]=1274.0, toolType[0]=TOOL_TYPE_UNKNOWN, buttonState=0, metaState=0, flags=0x0, edgeFlags=0x0, pointerCount=1, historySize=0, eventTime=728752584, downTime=728752584, deviceId=0, source=0x1002 }
08-04 18:25:36.177 22097 22097 D AndroidRuntime: Shutting down VM
08-04 18:25:36.375 21896 21909 I art     : Starting a blocking GC Explicit
08-04 18:25:36.390 21896 21909 I art     : Explicit concurrent mark sweep GC freed 1385(80KB) AllocSpace objects, 1(20KB) LOS objects, 40% free, 22MB/37MB, paused 180us total 14.800ms
08-04 18:25:36.398 21896 21909 I art     : Starting a blocking GC Explicit
08-04 18:25:36.413 21896 21909 I art     : Explicit concurrent mark sweep GC freed 23(752B) AllocSpace objects, 0(0B) LOS objects, 40% free, 22MB/37MB, paused 201us total 14.094ms
08-04 18:25:36.419 21896 21909 I art     : Starting a blocking GC Explicit
08-04 18:25:36.433 21896 21909 I art     : Explicit concurrent mark sweep GC freed 3(96B) AllocSpace objects, 0(0B) LOS objects, 40% free, 22MB/37MB, paused 156us total 13.650ms
08-04 18:25:36.433 21896 21907 I art     : WaitForGcToComplete blocked for 13.859ms for cause HeapTrim
08-04 18:25:36.439 21896 21909 I art     : Starting a blocking GC Explicit
08-04 18:25:36.453 21896 21909 I art     : Explicit concurrent mark sweep GC freed 3(96B) AllocSpace objects, 0(0B) LOS objects, 40% free, 22MB/37MB, paused 143us total 13.458ms
08-04 18:25:36.460 21896 21909 I art     : Starting a blocking GC Explicit
08-04 18:25:36.472 21896 21909 I art     : Explicit concurrent mark sweep GC freed 3(96B) AllocSpace objects, 0(0B) LOS objects, 40% free, 22MB/37MB, paused 181us total 12.074ms
08-04 18:25:36.613 13866 13866 I GoogleInputMethodServic: GoogleInputMethodService.onFinishInput():3138 
08-04 18:25:36.614 13866 13866 I GoogleInputMethodServic: GoogleInputMethodService.onStartInput():1808 
08-04 18:25:36.734 21896 21909 I art     : Starting a blocking GC Explicit
08-04 18:25:36.750 21896 21909 I art     : Explicit concurrent mark sweep GC freed 1454(83KB) AllocSpace objects, 1(20KB) LOS objects, 40% free, 22MB/37MB, paused 160us total 15.476ms
08-04 18:25:36.756 21896 21909 I art     : Starting a blocking GC Explicit
08-04 18:25:36.770 21896 21909 I art     : Explicit concurrent mark sweep GC freed 31(1200B) AllocSpace objects, 0(0B) LOS objects, 40% free, 22MB/37MB, paused 144us total 13.572ms
08-04 18:25:36.777 21896 21909 I art     : Starting a blocking GC Explicit
08-04 18:25:36.790 21896 21909 I art     : Explicit concurrent mark sweep GC freed 3(96B) AllocSpace objects, 0(0B) LOS objects, 40% free, 22MB/37MB, paused 143us total 13.163ms
08-04 18:25:36.797 21896 21909 I art     : Starting a blocking GC Explicit
08-04 18:25:36.809 21896 21909 I art     : Explicit concurrent mark sweep GC freed 3(96B) AllocSpace objects, 0(0B) LOS objects, 40% free, 22MB/37MB, paused 171us total 12.556ms
08-04 18:25:36.816 21896 21909 I art     : Starting a blocking GC Explicit
08-04 18:25:36.829 21896 21909 I art     : Explicit concurrent mark sweep GC freed 3(96B) AllocSpace objects, 0(0B) LOS objects, 40% free, 22MB/37MB, paused 152us total 12.792ms
08-04 18:25:37.109 21896 21908 I art     : Starting a blocking GC Explicit
08-04 18:25:37.129 21896 21908 I art     : Explicit concurrent mark sweep GC freed 1357(79KB) AllocSpace objects, 1(20KB) LOS objects, 40% free, 22MB/37MB, paused 187us total 19.163ms
08-04 18:25:37.138 21896 21908 I art     : Starting a blocking GC Explicit
08-04 18:25:37.151 21896 21908 I art     : Explicit concurrent mark sweep GC freed 23(752B) AllocSpace objects, 0(0B) LOS objects, 40% free, 22MB/37MB, paused 144us total 13.615ms
08-04 18:25:37.158 21896 21908 I art     : Starting a blocking GC Explicit
08-04 18:25:37.171 21896 21908 I art     : Explicit concurrent mark sweep GC freed 28(784B) AllocSpace objects, 0(0B) LOS objects, 40% free, 22MB/37MB, paused 131us total 12.195ms
08-04 18:25:37.177 21896 21908 I art     : Starting a blocking GC Explicit
08-04 18:25:37.190 21896 21908 I art     : Explicit concurrent mark sweep GC freed 3(96B) AllocSpace objects, 0(0B) LOS objects, 40% free, 22MB/37MB, paused 130us total 12.264ms
08-04 18:25:37.196 21896 21908 I art     : Starting a blocking GC Explicit
08-04 18:25:37.208 21896 21908 I art     : Explicit concurrent mark sweep GC freed 3(96B) AllocSpace objects, 0(0B) LOS objects, 40% free, 22MB/37MB, paused 140us total 12.200ms
08-04 18:25:37.474 21896 21920 I art     : Starting a blocking GC Explicit
08-04 18:25:37.489 21896 21920 I art     : Explicit concurrent mark sweep GC freed 1357(79KB) AllocSpace objects, 1(20KB) LOS objects, 40% free, 22MB/37MB, paused 158us total 14.133ms
08-04 18:25:37.495 21896 21920 I art     : Starting a blocking GC Explicit
08-04 18:25:37.508 21896 21920 I art     : Explicit concurrent mark sweep GC freed 23(752B) AllocSpace objects, 0(0B) LOS objects, 40% free, 22MB/37MB, paused 150us total 12.255ms
08-04 18:25:37.514 21896 21920 I art     : Starting a blocking GC Explicit
08-04 18:25:37.526 21896 21920 I art     : Explicit concurrent mark sweep GC freed 3(96B) AllocSpace objects, 0(0B) LOS objects, 40% free, 22MB/37MB, paused 164us total 12.160ms
08-04 18:25:37.532 21896 21920 I art     : Starting a blocking GC Explicit
08-04 18:25:37.545 21896 21920 I art     : Explicit concurrent mark sweep GC freed 3(96B) AllocSpace objects, 0(0B) LOS objects, 40% free, 22MB/37MB, paused 146us total 12.411ms
08-04 18:25:37.551 21896 21920 I art     : Starting a blocking GC Explicit
08-04 18:25:37.563 21896 21920 I art     : Explicit concurrent mark sweep GC freed 3(96B) AllocSpace objects, 0(0B) LOS objects, 40% free, 22MB/37MB, paused 140us total 11.806ms
08-04 18:25:37.743 22156 22156 D AndroidRuntime: >>>>>> START com.android.internal.os.RuntimeInit uid 2000 <<<<<<
08-04 18:25:37.747 22156 22156 D AndroidRuntime: CheckJNI is OFF
08-04 18:25:37.771 22156 22156 D ICU     : No timezone override file found: /data/misc/zoneinfo/current/icu/icu_tzdata.dat
08-04 18:25:37.798 22156 22156 I Radio-JNI: register_android_hardware_Radio DONE
08-04 18:25:37.806 21896 21909 I art     : Starting a blocking GC Explicit
08-04 18:25:37.814 22156 22156 D AndroidRuntime: Calling main entry com.android.commands.input.Input
08-04 18:25:37.816 22156 22156 I Input   : injectMotionEvent: MotionEvent { action=ACTION_DOWN, actionButton=0, id[0]=0, x[0]=103.0, y[0]=192.0, toolType[0]=TOOL_TYPE_UNKNOWN, buttonState=0, metaState=0, flags=0x0, edgeFlags=0x0, pointerCount=1, historySize=0, eventTime=728754228, downTime=728754228, deviceId=0, source=0x1002 }
08-04 18:25:37.819 21896 21909 I art     : Explicit concurrent mark sweep GC freed 1357(79KB) AllocSpace objects, 1(20KB) LOS objects, 40% free, 22MB/37MB, paused 254us total 12.640ms
08-04 18:25:37.820 22156 22156 I Input   : injectMotionEvent: MotionEvent { action=ACTION_UP, actionButton=0, id[0]=0, x[0]=103.0, y[0]=192.0, toolType[0]=TOOL_TYPE_UNKNOWN, buttonState=0, metaState=0, flags=0x0, edgeFlags=0x0, pointerCount=1, historySize=0, eventTime=728754228, downTime=728754228, deviceId=0, source=0x1002 }
08-04 18:25:37.822 22156 22156 D AndroidRuntime: Shutting down VM
08-04 18:25:37.826 21896 21909 I art     : Starting a blocking GC Explicit
08-04 18:25:37.827   512  2967 D audio_hw_primary: out_set_parameters: enter: usecase(1: low-latency-playback) kvpairs: routing=2
08-04 18:25:37.839 21896 21909 I art     : Explicit concurrent mark sweep GC freed 53(1680B) AllocSpace objects, 0(0B) LOS objects, 40% free, 22MB/37MB, paused 181us total 13.228ms
08-04 18:25:37.840   512  2967 D audio_hw_primary: select_devices: out_snd_device(2: speaker) in_snd_device(0: none)
08-04 18:25:37.840   512  2967 D msm8974_platform: platform_send_audio_calibration: sending audio calibration for snd_device(2) acdb_id(15)
08-04 18:25:37.840   512  2967 I soundtrigger: audio_extn_sound_trigger_update_device_status: device 0x2 of type 0 for Event 1
08-04 18:25:37.846 21896 21909 I art     : Starting a blocking GC Explicit
08-04 18:25:37.851   512  2967 D audio_hw_primary: enable_snd_device: snd_device(2: speaker)
08-04 18:25:37.853   512  2967 D audio_hw_primary: enable_audio_route: apply and update mixer path: low-latency-playback speaker
08-04 18:25:37.858 21896 21909 I art     : Explicit concurrent mark sweep GC freed 73(2624B) AllocSpace objects, 0(0B) LOS objects, 40% free, 22MB/37MB, paused 305us total 12.267ms
08-04 18:25:37.864 13866 13866 I GoogleInputMethodServic: GoogleInputMethodService.onFinishInput():3138 
08-04 18:25:37.864 13866 13866 I GoogleInputMethodServic: GoogleInputMethodService.onStartInput():1808 
08-04 18:25:37.864 21896 21909 I art     : Starting a blocking GC Explicit
08-04 18:25:37.877 21896 21909 I art     : Explicit concurrent mark sweep GC freed 32(1472B) AllocSpace objects, 0(0B) LOS objects, 40% free, 22MB/37MB, paused 182us total 12.425ms
08-04 18:25:37.883 21896 21909 I art     : Starting a blocking GC Explicit
08-04 18:25:37.895 21896 21909 I art     : Explicit concurrent mark sweep GC freed 17(752B) AllocSpace objects, 0(0B) LOS objects, 40% free, 22MB/37MB, paused 136us total 11.963ms
08-04 18:25:38.128 21896 21908 I art     : Starting a blocking GC Explicit
08-04 18:25:38.141 21896 21908 I art     : Explicit concurrent mark sweep GC freed 1731(99KB) AllocSpace objects, 1(20KB) LOS objects, 40% free, 22MB/37MB, paused 325us total 12.896ms
08-04 18:25:38.147 21896 21908 I art     : Starting a blocking GC Explicit
08-04 18:25:38.159 21896 21908 I art     : Explicit concurrent mark sweep GC freed 29(1104B) AllocSpace objects, 0(0B) LOS objects, 40% free, 22MB/37MB, paused 182us total 11.948ms
08-04 18:25:38.166 21896 21908 I art     : Starting a blocking GC Explicit
08-04 18:25:38.178 21896 21908 I art     : Explicit concurrent mark sweep GC freed 34(976B) AllocSpace objects, 0(0B) LOS objects, 40% free, 22MB/37MB, paused 139us total 12.003ms
08-04 18:25:38.185 21896 21908 I art     : Starting a blocking GC Explicit
08-04 18:25:38.197 21896 21908 I art     : Explicit concurrent mark sweep GC freed 3(96B) AllocSpace objects, 0(0B) LOS objects, 40% free, 22MB/37MB, paused 139us total 12.437ms
08-04 18:25:38.203 21896 21908 I art     : Starting a blocking GC Explicit
08-04 18:25:38.216 21896 21908 I art     : Explicit concurrent mark sweep GC freed 3(96B) AllocSpace objects, 0(0B) LOS objects, 40% free, 22MB/37MB, paused 135us total 12.261ms
08-04 18:25:38.373 22185 22185 D AndroidRuntime: >>>>>> START com.android.internal.os.RuntimeInit uid 2000 <<<<<<
08-04 18:25:38.377 22185 22185 D AndroidRuntime: CheckJNI is OFF
08-04 18:25:38.389   512  2967 D audio_hw_primary: disable_audio_route: reset and update mixer path: low-latency-playback speaker
08-04 18:25:38.391   512  2967 D audio_hw_primary: disable_snd_device: snd_device(2: speaker)
08-04 18:25:38.399   512  2967 I soundtrigger: audio_extn_sound_trigger_update_device_status: device 0x2 of type 0 for Event 0
08-04 18:25:38.401 22185 22185 D ICU     : No timezone override file found: /data/misc/zoneinfo/current/icu/icu_tzdata.dat
08-04 18:25:38.423 22185 22185 I Radio-JNI: register_android_hardware_Radio DONE
08-04 18:25:38.438 22185 22185 D AndroidRuntime: Calling main entry com.android.commands.input.Input
08-04 18:25:38.439 22185 22185 I Input   : injectMotionEvent: MotionEvent { action=ACTION_DOWN, actionButton=0, id[0]=0, x[0]=324.0, y[0]=2298.0, toolType[0]=TOOL_TYPE_UNKNOWN, buttonState=0, metaState=0, flags=0x0, edgeFlags=0x0, pointerCount=1, historySize=0, eventTime=728754852, downTime=728754852, deviceId=0, source=0x1002 }
08-04 18:25:38.443 22185 22185 I Input   : injectMotionEvent: MotionEvent { action=ACTION_UP, actionButton=0, id[0]=0, x[0]=324.0, y[0]=2298.0, toolType[0]=TOOL_TYPE_UNKNOWN, buttonState=0, metaState=0, flags=0x0, edgeFlags=0x0, pointerCount=1, historySize=0, eventTime=728754852, downTime=728754852, deviceId=0, source=0x1002 }
08-04 18:25:38.445 22185 22185 D AndroidRuntime: Shutting down VM
08-04 18:25:38.459   918  6029 I ActivityManager: START u0 {cmp=baseline.de.danoeh.antennapod.debug/baseline.de.danoeh.antennapod.activity.PreferenceActivity} from uid 10670 on display 0
08-04 18:25:38.460   512  2967 D audio_hw_primary: out_set_parameters: enter: usecase(1: low-latency-playback) kvpairs: routing=2
08-04 18:25:38.472 21896 21920 I art     : Starting a blocking GC Explicit
08-04 18:25:38.473   512  2967 D audio_hw_primary: select_devices: out_snd_device(2: speaker) in_snd_device(0: none)
08-04 18:25:38.473   512  2967 D msm8974_platform: platform_send_audio_calibration: sending audio calibration for snd_device(2) acdb_id(15)
08-04 18:25:38.473   512  2967 I soundtrigger: audio_extn_sound_trigger_update_device_status: device 0x2 of type 0 for Event 1
08-04 18:25:38.485 21896 21920 I art     : Explicit concurrent mark sweep GC freed 1457(107KB) AllocSpace objects, 2(40KB) LOS objects, 40% free, 22MB/37MB, paused 179us total 13.056ms
08-04 18:25:38.485   512  2967 D audio_hw_primary: enable_snd_device: snd_device(2: speaker)
08-04 18:25:38.488   512  2967 D audio_hw_primary: enable_audio_route: apply and update mixer path: low-latency-playback speaker
08-04 18:25:38.491 21896 21920 I art     : Starting a blocking GC Explicit
08-04 18:25:38.505 21896 21920 I art     : Explicit concurrent mark sweep GC freed 625(75KB) AllocSpace objects, 0(0B) LOS objects, 40% free, 22MB/37MB, paused 397us total 14.177ms
08-04 18:25:38.512 21896 21920 I art     : Starting a blocking GC Explicit
08-04 18:25:38.526 21896 21920 I art     : Explicit concurrent mark sweep GC freed 511(85KB) AllocSpace objects, 0(0B) LOS objects, 40% free, 22MB/37MB, paused 746us total 14.757ms
08-04 18:25:38.532   512  2967 D AudioFlinger: mixer(0xf4740000) throttle end: throttle time(12)
08-04 18:25:38.533 21896 21920 I art     : Starting a blocking GC Explicit
08-04 18:25:38.546 21896 21920 I art     : Explicit concurrent mark sweep GC freed 282(30KB) AllocSpace objects, 0(0B) LOS objects, 40% free, 22MB/37MB, paused 155us total 12.679ms
08-04 18:25:38.552 21896 21920 I art     : Starting a blocking GC Explicit
08-04 18:25:38.564 21896 21920 I art     : Explicit concurrent mark sweep GC freed 39(1840B) AllocSpace objects, 0(0B) LOS objects, 40% free, 22MB/37MB, paused 143us total 11.655ms
08-04 18:25:38.709   918   936 I ActivityManager: Displayed baseline.de.danoeh.antennapod.debug/baseline.de.danoeh.antennapod.activity.PreferenceActivity: +227ms
08-04 18:25:38.710 13866 13866 I GoogleInputMethodServic: GoogleInputMethodService.onFinishInput():3138 
08-04 18:25:38.713 13866 13866 I GoogleInputMethodServic: GoogleInputMethodService.onStartInput():1808 
08-04 18:25:38.750 21896 21917 D OpenGLRenderer: endAllStagingAnimators on 0x7f7f148800 (RippleDrawable) with handle 0x7f7e2229c0
08-04 18:25:38.813 21896 21909 I art     : Starting a blocking GC Explicit
08-04 18:25:38.829 21896 21909 I art     : Explicit concurrent mark sweep GC freed 3337(242KB) AllocSpace objects, 1(20KB) LOS objects, 40% free, 23MB/39MB, paused 170us total 15.851ms
08-04 18:25:38.835 21896 21909 I art     : Starting a blocking GC Explicit
08-04 18:25:38.850 21896 21909 I art     : Explicit concurrent mark sweep GC freed 223(10KB) AllocSpace objects, 0(0B) LOS objects, 40% free, 23MB/38MB, paused 136us total 14.461ms
08-04 18:25:38.856 21896 21909 I art     : Starting a blocking GC Explicit
08-04 18:25:38.873 21896 21909 I art     : Explicit concurrent mark sweep GC freed 3(96B) AllocSpace objects, 0(0B) LOS objects, 40% free, 23MB/38MB, paused 153us total 16.420ms
08-04 18:25:38.881 21896 21909 I art     : Starting a blocking GC Explicit
08-04 18:25:38.898 21896 21909 I art     : Explicit concurrent mark sweep GC freed 3(96B) AllocSpace objects, 0(0B) LOS objects, 40% free, 23MB/38MB, paused 144us total 16.809ms
08-04 18:25:38.905 21896 21909 I art     : Starting a blocking GC Explicit
08-04 18:25:38.922 21896 21909 I art     : Explicit concurrent mark sweep GC freed 3(96B) AllocSpace objects, 0(0B) LOS objects, 40% free, 23MB/38MB, paused 152us total 16.362ms
08-04 18:25:38.958   380   380 W SurfaceFlinger: couldn't log to binary event log: overflow.
08-04 18:25:39.017  6490  6520 I WorkerManager: dispose()
08-04 18:25:39.017  6490  6520 W ThreadPoolDumper: Queue length for executor EventBus is now 11. Perhaps some tasks are too long, or the pool is too small.
08-04 18:25:39.018   512  2967 D audio_hw_primary: disable_audio_route: reset and update mixer path: low-latency-playback speaker
08-04 18:25:39.019   512  2967 D audio_hw_primary: disable_snd_device: snd_device(2: speaker)
08-04 18:25:39.027   512  2967 I soundtrigger: audio_extn_sound_trigger_update_device_status: device 0x2 of type 0 for Event 0
08-04 18:25:39.031   518   646 I ThermalEngine: ACTION: GPU - Setting GPU[0] to 510000000
08-04 18:25:39.083 21896 21896 D PlaybackController: Releasing PlaybackController
08-04 18:25:39.195 21896 21908 I art     : Starting a blocking GC Explicit
08-04 18:25:39.215 21896 21908 I art     : Explicit concurrent mark sweep GC freed 1645(98KB) AllocSpace objects, 1(20KB) LOS objects, 40% free, 23MB/39MB, paused 198us total 20.026ms
08-04 18:25:39.224 21896 21908 I art     : Starting a blocking GC Explicit
08-04 18:25:39.242 21896 21908 I art     : Explicit concurrent mark sweep GC freed 63(2064B) AllocSpace objects, 0(0B) LOS objects, 40% free, 23MB/39MB, paused 201us total 18.236ms
08-04 18:25:39.251 21896 21908 I art     : Starting a blocking GC Explicit
08-04 18:25:39.269 21896 21908 I art     : Explicit concurrent mark sweep GC freed 3(96B) AllocSpace objects, 0(0B) LOS objects, 40% free, 23MB/39MB, paused 194us total 18.581ms
08-04 18:25:39.278 21896 21908 I art     : Starting a blocking GC Explicit
08-04 18:25:39.297 21896 21908 I art     : Explicit concurrent mark sweep GC freed 3(96B) AllocSpace objects, 0(0B) LOS objects, 40% free, 23MB/39MB, paused 297us total 18.781ms
08-04 18:25:39.305 21896 21908 I art     : Starting a blocking GC Explicit
08-04 18:25:39.324 21896 21908 I art     : Explicit concurrent mark sweep GC freed 3(96B) AllocSpace objects, 0(0B) LOS objects, 40% free, 23MB/39MB, paused 189us total 18.756ms
08-04 18:25:39.600 21896 22216 I art     : Starting a blocking GC Explicit
08-04 18:25:39.624 21896 22216 I art     : Explicit concurrent mark sweep GC freed 1360(80KB) AllocSpace objects, 1(20KB) LOS objects, 40% free, 23MB/39MB, paused 208us total 23.468ms
08-04 18:25:39.636 21896 22216 I art     : Starting a blocking GC Explicit
08-04 18:25:39.656 21896 22216 I art     : Explicit concurrent mark sweep GC freed 23(752B) AllocSpace objects, 0(0B) LOS objects, 40% free, 23MB/39MB, paused 176us total 19.827ms
08-04 18:25:39.664 21896 22216 I art     : Starting a blocking GC Explicit
08-04 18:25:39.681 21896 22216 I art     : Explicit concurrent mark sweep GC freed 3(96B) AllocSpace objects, 0(0B) LOS objects, 40% free, 23MB/39MB, paused 183us total 17.418ms
08-04 18:25:39.690 21896 22216 I art     : Starting a blocking GC Explicit
08-04 18:25:39.707 21896 22216 I art     : Explicit concurrent mark sweep GC freed 3(96B) AllocSpace objects, 0(0B) LOS objects, 40% free, 23MB/39MB, paused 199us total 17.081ms
08-04 18:25:39.715 21896 22216 I art     : Starting a blocking GC Explicit
08-04 18:25:39.733 21896 22216 I art     : Explicit concurrent mark sweep GC freed 3(96B) AllocSpace objects, 0(0B) LOS objects, 40% free, 23MB/39MB, paused 194us total 17.650ms
08-04 18:25:39.997 21896 21909 I art     : Starting a blocking GC Explicit
08-04 18:25:40.016 21896 21909 I art     : Explicit concurrent mark sweep GC freed 1360(80KB) AllocSpace objects, 1(20KB) LOS objects, 40% free, 23MB/39MB, paused 201us total 18.957ms
08-04 18:25:40.025 21896 21909 I art     : Starting a blocking GC Explicit
08-04 18:25:40.043 21896 21909 I art     : Explicit concurrent mark sweep GC freed 23(752B) AllocSpace objects, 0(0B) LOS objects, 40% free, 23MB/39MB, paused 206us total 17.924ms
08-04 18:25:40.051 21896 21909 I art     : Starting a blocking GC Explicit
08-04 18:25:40.069 21896 21909 I art     : Explicit concurrent mark sweep GC freed 3(96B) AllocSpace objects, 0(0B) LOS objects, 40% free, 23MB/39MB, paused 200us total 18.208ms
08-04 18:25:40.078 21896 21909 I art     : Starting a blocking GC Explicit
08-04 18:25:40.088 22249 22249 D AndroidRuntime: >>>>>> START com.android.internal.os.RuntimeInit uid 2000 <<<<<<
08-04 18:25:40.092 22249 22249 D AndroidRuntime: CheckJNI is OFF
08-04 18:25:40.096 21896 21909 I art     : Explicit concurrent mark sweep GC freed 3(96B) AllocSpace objects, 0(0B) LOS objects, 40% free, 23MB/39MB, paused 205us total 18.293ms
08-04 18:25:40.105 21896 21909 I art     : Starting a blocking GC Explicit
08-04 18:25:40.122 21896 21909 I art     : Explicit concurrent mark sweep GC freed 3(96B) AllocSpace objects, 0(0B) LOS objects, 40% free, 23MB/39MB, paused 195us total 17.706ms
08-04 18:25:40.127 22249 22249 D ICU     : No timezone override file found: /data/misc/zoneinfo/current/icu/icu_tzdata.dat
08-04 18:25:40.158 22249 22249 I Radio-JNI: register_android_hardware_Radio DONE
08-04 18:25:40.178 22249 22249 D AndroidRuntime: Calling main entry com.android.commands.input.Input
08-04 18:25:40.180 22249 22249 I Input   : injectMotionEvent: MotionEvent { action=ACTION_DOWN, actionButton=0, id[0]=0, x[0]=400.0, y[0]=997.0, toolType[0]=TOOL_TYPE_UNKNOWN, buttonState=0, metaState=0, flags=0x0, edgeFlags=0x0, pointerCount=1, historySize=0, eventTime=728756593, downTime=728756593, deviceId=0, source=0x1002 }
08-04 18:25:40.185 22249 22249 I Input   : injectMotionEvent: MotionEvent { action=ACTION_UP, actionButton=0, id[0]=0, x[0]=400.0, y[0]=997.0, toolType[0]=TOOL_TYPE_UNKNOWN, buttonState=0, metaState=0, flags=0x0, edgeFlags=0x0, pointerCount=1, historySize=0, eventTime=728756593, downTime=728756593, deviceId=0, source=0x1002 }
08-04 18:25:40.187 22249 22249 D AndroidRuntime: Shutting down VM
08-04 18:25:40.195   512  2967 D audio_hw_primary: out_set_parameters: enter: usecase(1: low-latency-playback) kvpairs: routing=2
08-04 18:25:40.208   512  2967 D audio_hw_primary: select_devices: out_snd_device(2: speaker) in_snd_device(0: none)
08-04 18:25:40.208   512  2967 D msm8974_platform: platform_send_audio_calibration: sending audio calibration for snd_device(2) acdb_id(15)
08-04 18:25:40.209   512  2967 I soundtrigger: audio_extn_sound_trigger_update_device_status: device 0x2 of type 0 for Event 1
08-04 18:25:40.218   512  2967 D audio_hw_primary: enable_snd_device: snd_device(2: speaker)
08-04 18:25:40.220   512  2967 D audio_hw_primary: enable_audio_route: apply and update mixer path: low-latency-playback speaker
08-04 18:25:40.320 13866 13866 I GoogleInputMethodServic: GoogleInputMethodService.onFinishInput():3138 
08-04 18:25:40.321 13866 13866 I GoogleInputMethodServic: GoogleInputMethodService.onStartInput():1808 
08-04 18:25:40.360 21896 21909 I art     : Starting a blocking GC Explicit
08-04 18:25:40.380 21896 21909 I art     : Explicit concurrent mark sweep GC freed 2903(185KB) AllocSpace objects, 2(40KB) LOS objects, 40% free, 23MB/39MB, paused 219us total 20.270ms
08-04 18:25:40.389 21896 21909 I art     : Starting a blocking GC Explicit
08-04 18:25:40.408 21896 21909 I art     : Explicit concurrent mark sweep GC freed 178(8KB) AllocSpace objects, 0(0B) LOS objects, 40% free, 23MB/39MB, paused 197us total 19.389ms
08-04 18:25:40.417 21896 21909 I art     : Starting a blocking GC Explicit
08-04 18:25:40.437 21896 21909 I art     : Explicit concurrent mark sweep GC freed 3(96B) AllocSpace objects, 0(0B) LOS objects, 40% free, 23MB/39MB, paused 204us total 19.681ms
08-04 18:25:40.445 21896 21909 I art     : Starting a blocking GC Explicit
08-04 18:25:40.464 21896 21909 I art     : Explicit concurrent mark sweep GC freed 3(96B) AllocSpace objects, 0(0B) LOS objects, 40% free, 23MB/39MB, paused 190us total 18.650ms
08-04 18:25:40.472 21896 21909 I art     : Starting a blocking GC Explicit
08-04 18:25:40.491 21896 21909 I art     : Explicit concurrent mark sweep GC freed 3(96B) AllocSpace objects, 0(0B) LOS objects, 40% free, 23MB/39MB, paused 198us total 18.983ms
08-04 18:25:40.735 21896 21908 I art     : Starting a blocking GC Explicit
08-04 18:25:40.750   512  2967 D audio_hw_primary: disable_audio_route: reset and update mixer path: low-latency-playback speaker
08-04 18:25:40.752   512  2967 D audio_hw_primary: disable_snd_device: snd_device(2: speaker)
08-04 18:25:40.756 21896 21908 I art     : Explicit concurrent mark sweep GC freed 1362(80KB) AllocSpace objects, 1(20KB) LOS objects, 40% free, 23MB/39MB, paused 193us total 20.535ms
08-04 18:25:40.760   512  2967 I soundtrigger: audio_extn_sound_trigger_update_device_status: device 0x2 of type 0 for Event 0
08-04 18:25:40.765 21896 21908 I art     : Starting a blocking GC Explicit
08-04 18:25:40.784 21896 21908 I art     : Explicit concurrent mark sweep GC freed 23(752B) AllocSpace objects, 0(0B) LOS objects, 40% free, 23MB/39MB, paused 186us total 19.342ms
08-04 18:25:40.792 21896 21908 I art     : Starting a blocking GC Explicit
08-04 18:25:40.812 21896 21908 I art     : Explicit concurrent mark sweep GC freed 3(96B) AllocSpace objects, 0(0B) LOS objects, 40% free, 23MB/39MB, paused 185us total 19.187ms
08-04 18:25:40.820 21896 21908 I art     : Starting a blocking GC Explicit
08-04 18:25:40.840 22286 22286 D AndroidRuntime: >>>>>> START com.android.internal.os.RuntimeInit uid 2000 <<<<<<
08-04 18:25:40.840 21896 21908 I art     : Explicit concurrent mark sweep GC freed 3(96B) AllocSpace objects, 0(0B) LOS objects, 40% free, 23MB/39MB, paused 179us total 19.481ms
08-04 18:25:40.845 22286 22286 D AndroidRuntime: CheckJNI is OFF
08-04 18:25:40.848 21896 21908 I art     : Starting a blocking GC Explicit
08-04 18:25:40.868 21896 21908 I art     : Explicit concurrent mark sweep GC freed 3(96B) AllocSpace objects, 0(0B) LOS objects, 40% free, 23MB/39MB, paused 189us total 18.989ms
08-04 18:25:40.881 22286 22286 D ICU     : No timezone override file found: /data/misc/zoneinfo/current/icu/icu_tzdata.dat
08-04 18:25:40.913 22286 22286 I Radio-JNI: register_android_hardware_Radio DONE
08-04 18:25:40.934 22286 22286 D AndroidRuntime: Calling main entry com.android.commands.input.Input
08-04 18:25:40.937 22286 22286 I Input   : injectMotionEvent: MotionEvent { action=ACTION_DOWN, actionButton=0, id[0]=0, x[0]=697.0, y[0]=656.0, toolType[0]=TOOL_TYPE_UNKNOWN, buttonState=0, metaState=0, flags=0x0, edgeFlags=0x0, pointerCount=1, historySize=0, eventTime=728757349, downTime=728757349, deviceId=0, source=0x1002 }
08-04 18:25:40.940 22286 22286 I Input   : injectMotionEvent: MotionEvent { action=ACTION_UP, actionButton=0, id[0]=0, x[0]=697.0, y[0]=656.0, toolType[0]=TOOL_TYPE_UNKNOWN, buttonState=0, metaState=0, flags=0x0, edgeFlags=0x0, pointerCount=1, historySize=0, eventTime=728757349, downTime=728757349, deviceId=0, source=0x1002 }
08-04 18:25:40.942 22286 22286 D AndroidRuntime: Shutting down VM
08-04 18:25:40.947   512  2967 D audio_hw_primary: out_set_parameters: enter: usecase(1: low-latency-playback) kvpairs: routing=2
08-04 18:25:40.960   512  2967 D audio_hw_primary: select_devices: out_snd_device(2: speaker) in_snd_device(0: none)
08-04 18:25:40.960   512  2967 D msm8974_platform: platform_send_audio_calibration: sending audio calibration for snd_device(2) acdb_id(15)
08-04 18:25:40.960   512  2967 I soundtrigger: audio_extn_sound_trigger_update_device_status: device 0x2 of type 0 for Event 1
08-04 18:25:40.970   512  2967 D audio_hw_primary: enable_snd_device: snd_device(2: speaker)
08-04 18:25:40.972   512  2967 D audio_hw_primary: enable_audio_route: apply and update mixer path: low-latency-playback speaker
08-04 18:25:41.015   512  2967 D AudioFlinger: mixer(0xf4740000) throttle end: throttle time(12)
08-04 18:25:41.015 13866 13866 I GoogleInputMethodServic: GoogleInputMethodService.onFinishInput():3138 
08-04 18:25:41.016 13866 13866 I GoogleInputMethodServic: GoogleInputMethodService.onStartInput():1808 
08-04 18:25:41.107 21896 21920 I art     : Starting a blocking GC Explicit
08-04 18:25:41.128 21896 21920 I art     : Explicit concurrent mark sweep GC freed 2406(194KB) AllocSpace objects, 1(20KB) LOS objects, 40% free, 23MB/39MB, paused 200us total 20.819ms
08-04 18:25:41.138 21896 21920 I art     : Starting a blocking GC Explicit
08-04 18:25:41.162 21896 21920 I art     : Explicit concurrent mark sweep GC freed 163(7KB) AllocSpace objects, 0(0B) LOS objects, 40% free, 23MB/39MB, paused 174us total 23.764ms
08-04 18:25:41.169 21896 21920 I art     : Starting a blocking GC Explicit
08-04 18:25:41.190 21896 21920 I art     : Explicit concurrent mark sweep GC freed 28(784B) AllocSpace objects, 0(0B) LOS objects, 40% free, 23MB/39MB, paused 201us total 19.911ms
08-04 18:25:41.199 21896 21920 I art     : Starting a blocking GC Explicit
08-04 18:25:41.218 21896 21920 I art     : Explicit concurrent mark sweep GC freed 5(160B) AllocSpace objects, 0(0B) LOS objects, 40% free, 23MB/39MB, paused 181us total 19.561ms
08-04 18:25:41.227 21896 21920 I art     : Starting a blocking GC Explicit
08-04 18:25:41.245 29532 29532 W PathParser: Points are too far apart 4.030360828967057
08-04 18:25:41.245 29532 29532 W PathParser: Points are too far apart 4.030360538880159
08-04 18:25:41.247 21896 21920 I art     : Explicit concurrent mark sweep GC freed 3(96B) AllocSpace objects, 0(0B) LOS objects, 40% free, 23MB/39MB, paused 243us total 20.324ms
08-04 18:25:41.261 29532 29532 W PathParser: Points are too far apart 4.030360828967057
08-04 18:25:41.261 29532 29532 W PathParser: Points are too far apart 4.030360538880159
08-04 18:25:41.277 29532 29532 W PathParser: Points are too far apart 4.030360828967057
08-04 18:25:41.277 29532 29532 W PathParser: Points are too far apart 4.030360538880159
08-04 18:25:41.294 29532 29532 W PathParser: Points are too far apart 4.030360828967057
08-04 18:25:41.294 29532 29532 W PathParser: Points are too far apart 4.030360538880159
08-04 18:25:41.311 29532 29532 W PathParser: Points are too far apart 4.030360828967057
08-04 18:25:41.311 29532 29532 W PathParser: Points are too far apart 4.030360538880159
08-04 18:25:41.327 29532 29532 W PathParser: Points are too far apart 4.030360828967057
08-04 18:25:41.328 29532 29532 W PathParser: Points are too far apart 4.030360538880159
08-04 18:25:41.344 29532 29532 W PathParser: Points are too far apart 4.030360828967057
08-04 18:25:41.344 29532 29532 W PathParser: Points are too far apart 4.030360538880159
08-04 18:25:41.509   512  2967 D audio_hw_primary: disable_audio_route: reset and update mixer path: low-latency-playback speaker
08-04 18:25:41.511   512  2967 D audio_hw_primary: disable_snd_device: snd_device(2: speaker)
08-04 18:25:41.518 21896 21909 I art     : Starting a blocking GC Explicit
08-04 18:25:41.519   512  2967 I soundtrigger: audio_extn_sound_trigger_update_device_status: device 0x2 of type 0 for Event 0
08-04 18:25:41.543 21896 21909 I art     : Explicit concurrent mark sweep GC freed 1367(80KB) AllocSpace objects, 1(20KB) LOS objects, 40% free, 23MB/39MB, paused 216us total 24.418ms
08-04 18:25:41.554 21896 21909 I art     : Starting a blocking GC Explicit
08-04 18:25:41.578 21896 21909 I art     : Explicit concurrent mark sweep GC freed 29(944B) AllocSpace objects, 0(0B) LOS objects, 40% free, 23MB/39MB, paused 239us total 24.445ms
08-04 18:25:41.589 21896 21909 I art     : Starting a blocking GC Explicit
08-04 18:25:41.608 22319 22319 D AndroidRuntime: >>>>>> START com.android.internal.os.RuntimeInit uid 2000 <<<<<<
08-04 18:25:41.609 21896 21909 I art     : Explicit concurrent mark sweep GC freed 3(96B) AllocSpace objects, 0(0B) LOS objects, 40% free, 23MB/39MB, paused 204us total 20.293ms
08-04 18:25:41.613 22319 22319 D AndroidRuntime: CheckJNI is OFF
08-04 18:25:41.618 21896 21909 I art     : Starting a blocking GC Explicit
08-04 18:25:41.638 21896 21909 I art     : Explicit concurrent mark sweep GC freed 3(96B) AllocSpace objects, 0(0B) LOS objects, 40% free, 23MB/39MB, paused 231us total 19.324ms
08-04 18:25:41.647 21896 21909 I art     : Starting a blocking GC Explicit
08-04 18:25:41.649 22319 22319 D ICU     : No timezone override file found: /data/misc/zoneinfo/current/icu/icu_tzdata.dat
08-04 18:25:41.667 21896 21909 I art     : Explicit concurrent mark sweep GC freed 3(96B) AllocSpace objects, 0(0B) LOS objects, 40% free, 23MB/39MB, paused 218us total 19.953ms
08-04 18:25:41.684 22319 22319 I Radio-JNI: register_android_hardware_Radio DONE
08-04 18:25:41.705 22319 22319 D AndroidRuntime: Calling main entry com.android.commands.input.Input
08-04 18:25:41.707 22319 22319 I Input   : injectMotionEvent: MotionEvent { action=ACTION_DOWN, actionButton=0, id[0]=0, x[0]=256.0, y[0]=1589.0, toolType[0]=TOOL_TYPE_UNKNOWN, buttonState=0, metaState=0, flags=0x0, edgeFlags=0x0, pointerCount=1, historySize=0, eventTime=728758120, downTime=728758120, deviceId=0, source=0x1002 }
08-04 18:25:41.714 22319 22319 I Input   : injectMotionEvent: MotionEvent { action=ACTION_UP, actionButton=0, id[0]=0, x[0]=256.0, y[0]=1589.0, toolType[0]=TOOL_TYPE_UNKNOWN, buttonState=0, metaState=0, flags=0x0, edgeFlags=0x0, pointerCount=1, historySize=0, eventTime=728758120, downTime=728758120, deviceId=0, source=0x1002 }
08-04 18:25:41.716 22319 22319 D AndroidRuntime: Shutting down VM
08-04 18:25:41.734 21896 21896 D UserPreferences: timeOfDay: []
08-04 18:25:41.735   512  2967 D audio_hw_primary: out_set_parameters: enter: usecase(1: low-latency-playback) kvpairs: routing=2
08-04 18:25:41.736 21896 21896 D AutoUpdateManager: Restarting update alarm.
08-04 18:25:41.738 21896 21896 D AutoUpdateManager: Automatic update was deactivated
08-04 18:25:41.748   512  2967 D audio_hw_primary: select_devices: out_snd_device(2: speaker) in_snd_device(0: none)
08-04 18:25:41.749   512  2967 D msm8974_platform: platform_send_audio_calibration: sending audio calibration for snd_device(2) acdb_id(15)
08-04 18:25:41.749   512  2967 I soundtrigger: audio_extn_sound_trigger_update_device_status: device 0x2 of type 0 for Event 1
08-04 18:25:41.761   512  2967 D audio_hw_primary: enable_snd_device: snd_device(2: speaker)
08-04 18:25:41.765   512  2967 D audio_hw_primary: enable_audio_route: apply and update mixer path: low-latency-playback speaker
08-04 18:25:41.775 13866 13866 I GoogleInputMethodServic: GoogleInputMethodService.onFinishInput():3138 
08-04 18:25:41.776 13866 13866 I GoogleInputMethodServic: GoogleInputMethodService.onStartInput():1808 
08-04 18:25:41.794 29532 29532 W PathParser: Points are too far apart 4.030360828967057
08-04 18:25:41.795 29532 29532 W PathParser: Points are too far apart 4.030360538880159
08-04 18:25:41.810   512  2967 D AudioFlinger: mixer(0xf4740000) throttle end: throttle time(12)
08-04 18:25:41.811 29532 29532 W PathParser: Points are too far apart 4.030360828967057
08-04 18:25:41.811 29532 29532 W PathParser: Points are too far apart 4.030360538880159
08-04 18:25:41.828 29532 29532 W PathParser: Points are too far apart 4.030360828967057
08-04 18:25:41.828 29532 29532 W PathParser: Points are too far apart 4.030360538880159
08-04 18:25:41.845 29532 29532 W PathParser: Points are too far apart 4.030360828967057
08-04 18:25:41.845 29532 29532 W PathParser: Points are too far apart 4.030360538880159
08-04 18:25:41.861 29532 29532 W PathParser: Points are too far apart 4.030360828967057
08-04 18:25:41.862 29532 29532 W PathParser: Points are too far apart 4.030360538880159
08-04 18:25:41.878 29532 29532 W PathParser: Points are too far apart 4.030360828967057
08-04 18:25:41.878 29532 29532 W PathParser: Points are too far apart 4.030360538880159
08-04 18:25:41.895 29532 29532 W PathParser: Points are too far apart 4.030360828967057
08-04 18:25:41.895 29532 29532 W PathParser: Points are too far apart 4.030360538880159
08-04 18:25:41.911 29532 29532 W PathParser: Points are too far apart 4.030360828967057
08-04 18:25:41.911 29532 29532 W PathParser: Points are too far apart 4.030360538880159
08-04 18:25:41.913 21896 21908 I art     : Starting a blocking GC Explicit
08-04 18:25:41.936 21896 21908 I art     : Explicit concurrent mark sweep GC freed 1889(115KB) AllocSpace objects, 2(40KB) LOS objects, 40% free, 23MB/39MB, paused 217us total 22.591ms
08-04 18:25:41.946 21896 21908 I art     : Starting a blocking GC Explicit
08-04 18:25:41.961   380   380 W SurfaceFlinger: couldn't log to binary event log: overflow.
08-04 18:25:41.967 21896 21908 I art     : Explicit concurrent mark sweep GC freed 124(4KB) AllocSpace objects, 0(0B) LOS objects, 40% free, 23MB/39MB, paused 226us total 20.827ms
08-04 18:25:41.975 21896 21908 I art     : Starting a blocking GC Explicit
08-04 18:25:41.995 21896 21908 I art     : Explicit concurrent mark sweep GC freed 35(1120B) AllocSpace objects, 0(0B) LOS objects, 40% free, 23MB/39MB, paused 345us total 19.532ms
08-04 18:25:42.003 21896 21908 I art     : Starting a blocking GC Explicit
08-04 18:25:42.020 21896 21908 I art     : Explicit concurrent mark sweep GC freed 67(2144B) AllocSpace objects, 0(0B) LOS objects, 40% free, 23MB/39MB, paused 175us total 17.607ms
08-04 18:25:42.028 21896 21908 I art     : Starting a blocking GC Explicit
08-04 18:25:42.037   518   646 I ThermalEngine: ACTION: GPU - Setting GPU[0] to 450000000
08-04 18:25:42.051 21896 21908 I art     : Explicit concurrent mark sweep GC freed 67(2144B) AllocSpace objects, 0(0B) LOS objects, 40% free, 23MB/39MB, paused 273us total 22.998ms
08-04 18:25:42.298   512  2967 D audio_hw_primary: disable_audio_route: reset and update mixer path: low-latency-playback speaker
08-04 18:25:42.299   512  2967 D audio_hw_primary: disable_snd_device: snd_device(2: speaker)
08-04 18:25:42.307   512  2967 I soundtrigger: audio_extn_sound_trigger_update_device_status: device 0x2 of type 0 for Event 0
08-04 18:25:42.328 21896 21908 I art     : Starting a blocking GC Explicit
08-04 18:25:42.358 21896 21908 I art     : Explicit concurrent mark sweep GC freed 1503(84KB) AllocSpace objects, 1(20KB) LOS objects, 40% free, 23MB/39MB, paused 248us total 30.129ms
08-04 18:25:42.369 21896 21908 I art     : Starting a blocking GC Explicit
08-04 18:25:42.395 21896 21908 I art     : Explicit concurrent mark sweep GC freed 23(752B) AllocSpace objects, 0(0B) LOS objects, 40% free, 23MB/39MB, paused 258us total 25.481ms
08-04 18:25:42.406 21896 21908 I art     : Starting a blocking GC Explicit
08-04 18:25:42.432 21896 21908 I art     : Explicit concurrent mark sweep GC freed 3(96B) AllocSpace objects, 0(0B) LOS objects, 40% free, 23MB/39MB, paused 251us total 25.242ms
08-04 18:25:42.442 22350 22350 D AndroidRuntime: >>>>>> START com.android.internal.os.RuntimeInit uid 2000 <<<<<<
08-04 18:25:42.443 21896 21908 I art     : Starting a blocking GC Explicit
08-04 18:25:42.448 22350 22350 D AndroidRuntime: CheckJNI is OFF
08-04 18:25:42.469 21896 21908 I art     : Explicit concurrent mark sweep GC freed 3(96B) AllocSpace objects, 0(0B) LOS objects, 40% free, 23MB/39MB, paused 256us total 25.468ms
08-04 18:25:42.479 21896 21908 I art     : Starting a blocking GC Explicit
08-04 18:25:42.494 22350 22350 D ICU     : No timezone override file found: /data/misc/zoneinfo/current/icu/icu_tzdata.dat
08-04 18:25:42.505 21896 21908 I art     : Explicit concurrent mark sweep GC freed 3(96B) AllocSpace objects, 0(0B) LOS objects, 40% free, 23MB/39MB, paused 264us total 25.331ms
08-04 18:25:42.537 22350 22350 I Radio-JNI: register_android_hardware_Radio DONE
08-04 18:25:42.565 22350 22350 D AndroidRuntime: Calling main entry com.android.commands.input.Input
08-04 18:25:42.567 22350 22350 I Input   : injectKeyEvent: KeyEvent { action=ACTION_DOWN, keyCode=KEYCODE_BACK, scanCode=0, metaState=0, flags=0x0, repeatCount=0, eventTime=728758980, downTime=728758980, deviceId=-1, source=0x101 }
08-04 18:25:42.572 22350 22350 I Input   : injectKeyEvent: KeyEvent { action=ACTION_UP, keyCode=KEYCODE_BACK, scanCode=0, metaState=0, flags=0x0, repeatCount=0, eventTime=728758980, downTime=728758980, deviceId=-1, source=0x101 }
08-04 18:25:42.581 22350 22350 D AndroidRuntime: Shutting down VM
08-04 18:25:42.653 13866 13866 I GoogleInputMethodServic: GoogleInputMethodService.onFinishInput():3138 
08-04 18:25:42.655 13866 13866 I GoogleInputMethodServic: GoogleInputMethodService.onStartInput():1808 
08-04 18:25:42.778 21896 21920 I art     : Starting a blocking GC Explicit
08-04 18:25:42.812 21896 21920 I art     : Explicit concurrent mark sweep GC freed 2743(144KB) AllocSpace objects, 1(20KB) LOS objects, 39% free, 24MB/40MB, paused 347us total 33.009ms
08-04 18:25:42.827 21896 21920 I art     : Starting a blocking GC Explicit
08-04 18:25:42.850 21896 21920 I art     : Explicit concurrent mark sweep GC freed 9289(588KB) AllocSpace objects, 1(48KB) LOS objects, 40% free, 23MB/39MB, paused 265us total 22.615ms
08-04 18:25:42.860 21896 21920 I art     : Starting a blocking GC Explicit
08-04 18:25:42.882 21896 21920 I art     : Explicit concurrent mark sweep GC freed 8(352B) AllocSpace objects, 0(0B) LOS objects, 40% free, 23MB/39MB, paused 255us total 21.620ms
08-04 18:25:42.892 21896 21920 I art     : Starting a blocking GC Explicit
08-04 18:25:42.913 21896 21920 I art     : Explicit concurrent mark sweep GC freed 3(96B) AllocSpace objects, 0(0B) LOS objects, 40% free, 23MB/39MB, paused 247us total 21.403ms
08-04 18:25:42.924 21896 21920 I art     : Starting a blocking GC Explicit
08-04 18:25:42.945 21896 21920 I art     : Explicit concurrent mark sweep GC freed 3(96B) AllocSpace objects, 0(0B) LOS objects, 40% free, 23MB/39MB, paused 263us total 21.409ms
08-04 18:25:43.216 21896 21908 I art     : Starting a blocking GC Explicit
08-04 18:25:43.239 21896 21908 I art     : Explicit concurrent mark sweep GC freed 1389(80KB) AllocSpace objects, 1(20KB) LOS objects, 40% free, 23MB/39MB, paused 259us total 23.551ms
08-04 18:25:43.250 21896 21908 I art     : Starting a blocking GC Explicit
08-04 18:25:43.274 21896 21908 I art     : Explicit concurrent mark sweep GC freed 23(752B) AllocSpace objects, 0(0B) LOS objects, 40% free, 23MB/39MB, paused 246us total 23.018ms
08-04 18:25:43.284 21896 21908 I art     : Starting a blocking GC Explicit
08-04 18:25:43.307 21896 21908 I art     : Explicit concurrent mark sweep GC freed 3(96B) AllocSpace objects, 0(0B) LOS objects, 40% free, 23MB/39MB, paused 274us total 22.984ms
08-04 18:25:43.318 21896 21908 I art     : Starting a blocking GC Explicit
08-04 18:25:43.342 21896 21908 I art     : Explicit concurrent mark sweep GC freed 3(96B) AllocSpace objects, 0(0B) LOS objects, 40% free, 23MB/39MB, paused 258us total 23.525ms
08-04 18:25:43.353 21896 21908 I art     : Starting a blocking GC Explicit
08-04 18:25:43.377 21896 21908 I art     : Explicit concurrent mark sweep GC freed 3(96B) AllocSpace objects, 0(0B) LOS objects, 40% free, 23MB/39MB, paused 255us total 23.823ms
08-04 18:25:43.514   918  6112 I ActivityManager: Killing 18431:nappagreedy.com.newsblur/u0a655 (adj 15): empty #17
08-04 18:25:43.660 21896 21909 I art     : Starting a blocking GC Explicit
08-04 18:25:43.689 21896 21909 I art     : Explicit concurrent mark sweep GC freed 1365(80KB) AllocSpace objects, 1(20KB) LOS objects, 40% free, 23MB/39MB, paused 294us total 28.616ms
08-04 18:25:43.702 21896 21909 I art     : Starting a blocking GC Explicit
08-04 18:25:43.728 21896 21909 I art     : Explicit concurrent mark sweep GC freed 23(752B) AllocSpace objects, 0(0B) LOS objects, 40% free, 23MB/39MB, paused 331us total 26.061ms
08-04 18:25:43.739 21896 21909 I art     : Starting a blocking GC Explicit
08-04 18:25:43.764 21896 21909 I art     : Explicit concurrent mark sweep GC freed 3(96B) AllocSpace objects, 0(0B) LOS objects, 40% free, 23MB/39MB, paused 268us total 24.181ms
08-04 18:25:43.775 21896 21909 I art     : Starting a blocking GC Explicit
08-04 18:25:43.799 21896 21909 I art     : Explicit concurrent mark sweep GC freed 3(96B) AllocSpace objects, 0(0B) LOS objects, 40% free, 23MB/39MB, paused 262us total 24.192ms
08-04 18:25:43.810 21896 21909 I art     : Starting a blocking GC Explicit
08-04 18:25:43.833 21896 21909 I art     : Explicit concurrent mark sweep GC freed 3(96B) AllocSpace objects, 0(0B) LOS objects, 40% free, 23MB/39MB, paused 253us total 22.693ms
08-04 18:25:44.112 21896 22216 I art     : Starting a blocking GC Explicit
08-04 18:25:44.136 21896 22216 I art     : Explicit concurrent mark sweep GC freed 1365(80KB) AllocSpace objects, 1(20KB) LOS objects, 40% free, 23MB/39MB, paused 269us total 24.091ms
08-04 18:25:44.149 21896 22216 I art     : Starting a blocking GC Explicit
08-04 18:25:44.175 21896 22216 I art     : Explicit concurrent mark sweep GC freed 48(1440B) AllocSpace objects, 0(0B) LOS objects, 40% free, 23MB/39MB, paused 280us total 25.763ms
08-04 18:25:44.186 21896 22216 I art     : Starting a blocking GC Explicit
08-04 18:25:44.210 21896 22216 I art     : Explicit concurrent mark sweep GC freed 5(160B) AllocSpace objects, 0(0B) LOS objects, 40% free, 23MB/39MB, paused 263us total 23.303ms
08-04 18:25:44.221 21896 22216 I art     : Starting a blocking GC Explicit
08-04 18:25:44.245 21896 22216 I art     : Explicit concurrent mark sweep GC freed 69(3KB) AllocSpace objects, 0(0B) LOS objects, 40% free, 23MB/39MB, paused 536us total 23.813ms
08-04 18:25:44.256 21896 22216 I art     : Starting a blocking GC Explicit
08-04 18:25:44.280 21896 22216 I art     : Explicit concurrent mark sweep GC freed 127(4KB) AllocSpace objects, 0(0B) LOS objects, 40% free, 23MB/39MB, paused 490us total 24.040ms
08-04 18:25:44.355 22401 22401 D AndroidRuntime: >>>>>> START com.android.internal.os.RuntimeInit uid 2000 <<<<<<
08-04 18:25:44.361 22401 22401 D AndroidRuntime: CheckJNI is OFF
08-04 18:25:44.401 22401 22401 D ICU     : No timezone override file found: /data/misc/zoneinfo/current/icu/icu_tzdata.dat
08-04 18:25:44.443 22401 22401 I Radio-JNI: register_android_hardware_Radio DONE
08-04 18:25:44.444  5179  5194 D QcrilMsgTunnelSocket: readRilMessage: Buffer = [B@671e81d HexData = [010000000404000011000000514f454d484f4f4bef0308000100000003]
08-04 18:25:44.444  5179  5194 D QcrilMsgTunnelSocket: Rcvd UNSOL response with 28 bytes data for SUB0
08-04 18:25:44.444  5179  5194 D QcrilMsgTunnelSocket: Response ID 525295 is not served in this process.
08-04 18:25:44.444  5179  5194 D QcrilMsgTunnelSocket: To broadcast an Intent via the notifier to external apps
08-04 18:25:44.445  5179  5179 D QcrilMsgTunnelIfaceManager: handleMessage what = 0
08-04 18:25:44.445  5179  5179 D QcrilMsgTunnelIfaceManager: Broadcasting intent ACTION_UNSOL_RESPONSE_OEM_HOOK_RAW
08-04 18:25:44.451  5164  5164 D QC_RIL_OEM_HOOK: Received Broadcast Intent ACTION_UNSOL_RESPONSE_OEM_HOOK_RAW
08-04 18:25:44.451  5164  5164 D QC_RIL_OEM_HOOK: Oem ID in QCRILHOOK UNSOL RESP is QOEMHOOK
08-04 18:25:44.471 22401 22401 D AndroidRuntime: Calling main entry com.android.commands.input.Input
08-04 18:25:44.473 22401 22401 I Input   : injectKeyEvent: KeyEvent { action=ACTION_DOWN, keyCode=KEYCODE_BACK, scanCode=0, metaState=0, flags=0x0, repeatCount=0, eventTime=728760886, downTime=728760886, deviceId=-1, source=0x101 }
08-04 18:25:44.477 22401 22401 I Input   : injectKeyEvent: KeyEvent { action=ACTION_UP, keyCode=KEYCODE_BACK, scanCode=0, metaState=0, flags=0x0, repeatCount=0, eventTime=728760886, downTime=728760886, deviceId=-1, source=0x101 }
08-04 18:25:44.484 22401 22401 D AndroidRuntime: Shutting down VM
08-04 18:25:44.501 21896 21896 D QueueFragment: loadItems()
08-04 18:25:44.501 21896 21916 D DBReader: getQueue() called
08-04 18:25:44.501 21896 21916 D DBReader: getQueue()
08-04 18:25:44.501 21896 21896 V PlaybackController: initServiceNotRunning()
08-04 18:25:44.502 21896 21916 D DBReader: getFavoriteIDList() called
08-04 18:25:44.503 21896 21916 D DBReader: getQueueIDList() called
08-04 18:25:44.504 21896 21916 D DBReader: Extracting Feedlist
08-04 18:25:44.504 21896 21896 D ExternalPlayerFragment: Loading media info
08-04 18:25:44.505 21896 21896 D UserPreferences: Using default data folder
08-04 18:25:44.506 21896 21916 D DBReader: getNavDrawerData() called with: 
08-04 18:25:44.509 21896 21916 D DBReader: getDownloadedItems() called
08-04 18:25:44.509 21896 21916 D DBReader: getFavoriteIDList() called
08-04 18:25:44.510 21896 21916 D DBReader: getQueueIDList() called
08-04 18:25:44.510 21896 21916 D DBReader: Extracting Feedlist
08-04 18:25:44.552 21896 21896 D MainActivity: getLastNavFragment() -> QueueFragment
08-04 18:25:44.568 21896 21908 I art     : Starting a blocking GC Explicit
08-04 18:25:44.591 13866 13866 I GoogleInputMethodServic: GoogleInputMethodService.onFinishInput():3138 
08-04 18:25:44.592 13866 13866 I GoogleInputMethodServic: GoogleInputMethodService.onStartInput():1808 
08-04 18:25:44.593 21896 21908 I art     : Explicit concurrent mark sweep GC freed 3472(197KB) AllocSpace objects, 1(20KB) LOS objects, 40% free, 23MB/39MB, paused 294us total 25.387ms
08-04 18:25:44.605 21896 21908 I art     : Starting a blocking GC Explicit
08-04 18:25:44.628 21896 21908 I art     : Explicit concurrent mark sweep GC freed 1657(99KB) AllocSpace objects, 0(0B) LOS objects, 40% free, 23MB/39MB, paused 283us total 22.460ms
08-04 18:25:44.638 21896 21908 I art     : Starting a blocking GC Explicit
08-04 18:25:44.660 21896 21908 I art     : Explicit concurrent mark sweep GC freed 17(1120B) AllocSpace objects, 0(0B) LOS objects, 40% free, 23MB/39MB, paused 286us total 21.211ms
08-04 18:25:44.670 21896 21908 I art     : Starting a blocking GC Explicit
08-04 18:25:44.692 21896 21908 I art     : Explicit concurrent mark sweep GC freed 3(96B) AllocSpace objects, 0(0B) LOS objects, 40% free, 23MB/39MB, paused 275us total 21.504ms
08-04 18:25:44.703 21896 21908 I art     : Starting a blocking GC Explicit
08-04 18:25:44.727 21896 21908 I art     : Explicit concurrent mark sweep GC freed 3(96B) AllocSpace objects, 0(0B) LOS objects, 40% free, 23MB/39MB, paused 290us total 24.061ms
08-04 18:25:44.865   380   380 W SurfaceFlinger: couldn't log to binary event log: overflow.
08-04 18:25:45.003 21896 21920 I art     : Starting a blocking GC Explicit
08-04 18:25:45.029 21896 21920 I art     : Explicit concurrent mark sweep GC freed 1906(105KB) AllocSpace objects, 1(20KB) LOS objects, 40% free, 23MB/39MB, paused 295us total 25.694ms
08-04 18:25:45.039 21896 21920 I art     : Starting a blocking GC Explicit
08-04 18:25:45.063 21896 21920 I art     : Explicit concurrent mark sweep GC freed 1377(66KB) AllocSpace objects, 0(0B) LOS objects, 40% free, 23MB/39MB, paused 308us total 23.375ms
08-04 18:25:45.074 21896 21920 I art     : Starting a blocking GC Explicit
08-04 18:25:45.096 21896 21920 I art     : Explicit concurrent mark sweep GC freed 4873(323KB) AllocSpace objects, 11(308KB) LOS objects, 40% free, 22MB/38MB, paused 282us total 22.435ms
08-04 18:25:45.107 21896 21920 I art     : Starting a blocking GC Explicit
08-04 18:25:45.129 21896 21920 I art     : Explicit concurrent mark sweep GC freed 3(96B) AllocSpace objects, 0(0B) LOS objects, 40% free, 22MB/38MB, paused 288us total 21.814ms
08-04 18:25:45.139 21896 21920 I art     : Starting a blocking GC Explicit
08-04 18:25:45.161 21896 21920 I art     : Explicit concurrent mark sweep GC freed 3(96B) AllocSpace objects, 0(0B) LOS objects, 40% free, 22MB/38MB, paused 304us total 21.328ms
08-04 18:25:45.453 21896 22216 I art     : Starting a blocking GC Explicit
08-04 18:25:45.482 21896 22216 I art     : Explicit concurrent mark sweep GC freed 1394(83KB) AllocSpace objects, 1(20KB) LOS objects, 40% free, 22MB/38MB, paused 287us total 28.344ms
08-04 18:25:45.495 21896 22216 I art     : Starting a blocking GC Explicit
08-04 18:25:45.517 21896 22216 I art     : Explicit concurrent mark sweep GC freed 23(752B) AllocSpace objects, 0(0B) LOS objects, 40% free, 22MB/38MB, paused 342us total 21.481ms
08-04 18:25:45.527 21896 22216 I art     : Starting a blocking GC Explicit
08-04 18:25:45.548 21896 22216 I art     : Explicit concurrent mark sweep GC freed 3(96B) AllocSpace objects, 0(0B) LOS objects, 40% free, 22MB/38MB, paused 299us total 20.969ms
08-04 18:25:45.559 21896 22216 I art     : Starting a blocking GC Explicit
08-04 18:25:45.580 21896 22216 I art     : Explicit concurrent mark sweep GC freed 3(96B) AllocSpace objects, 0(0B) LOS objects, 40% free, 22MB/38MB, paused 278us total 21.262ms
08-04 18:25:45.591 21896 22216 I art     : Starting a blocking GC Explicit
08-04 18:25:45.612 21896 22216 I art     : Explicit concurrent mark sweep GC freed 3(96B) AllocSpace objects, 0(0B) LOS objects, 40% free, 22MB/38MB, paused 268us total 21.118ms
08-04 18:25:45.896 21896 21908 I art     : Starting a blocking GC Explicit
08-04 18:25:45.921 21896 21908 I art     : Explicit concurrent mark sweep GC freed 1364(80KB) AllocSpace objects, 1(20KB) LOS objects, 40% free, 22MB/38MB, paused 305us total 24.870ms
08-04 18:25:45.925   918  3261 D WifiStateMachine: starting scan for "H369AA63323"WPA_PSK with 2412,5180
08-04 18:25:45.933 21896 21908 I art     : Starting a blocking GC Explicit
08-04 18:25:45.954 21896 21908 I art     : Explicit concurrent mark sweep GC freed 23(752B) AllocSpace objects, 0(0B) LOS objects, 40% free, 22MB/38MB, paused 280us total 20.953ms
08-04 18:25:45.964 21896 21908 I art     : Starting a blocking GC Explicit
08-04 18:25:45.985 21896 21908 I art     : Explicit concurrent mark sweep GC freed 3(96B) AllocSpace objects, 0(0B) LOS objects, 40% free, 22MB/38MB, paused 271us total 20.512ms
08-04 18:25:45.995 21896 21908 I art     : Starting a blocking GC Explicit
08-04 18:25:46.016 21896 21908 I art     : Explicit concurrent mark sweep GC freed 3(96B) AllocSpace objects, 0(0B) LOS objects, 40% free, 22MB/38MB, paused 278us total 20.728ms
08-04 18:25:46.026 21896 21908 I art     : Starting a blocking GC Explicit
08-04 18:25:46.047 21896 21908 I art     : Explicit concurrent mark sweep GC freed 3(96B) AllocSpace objects, 0(0B) LOS objects, 40% free, 22MB/38MB, paused 337us total 20.529ms
08-04 18:25:46.274 22463 22463 D AndroidRuntime: >>>>>> START com.android.internal.os.RuntimeInit uid 2000 <<<<<<
08-04 18:25:46.280 22463 22463 D AndroidRuntime: CheckJNI is OFF
08-04 18:25:46.324 22463 22463 D ICU     : No timezone override file found: /data/misc/zoneinfo/current/icu/icu_tzdata.dat
08-04 18:25:46.353 21896 21909 I art     : Starting a blocking GC Explicit
08-04 18:25:46.366 22463 22463 I Radio-JNI: register_android_hardware_Radio DONE
08-04 18:25:46.374 21896 21909 I art     : Explicit concurrent mark sweep GC freed 1391(81KB) AllocSpace objects, 1(20KB) LOS objects, 40% free, 22MB/38MB, paused 325us total 21.340ms
08-04 18:25:46.384 21896 21909 I art     : Starting a blocking GC Explicit
08-04 18:25:46.396 22463 22463 D AndroidRuntime: Calling main entry com.android.commands.input.Input
08-04 18:25:46.398 22463 22463 I Input   : injectMotionEvent: MotionEvent { action=ACTION_DOWN, actionButton=0, id[0]=0, x[0]=103.0, y[0]=192.0, toolType[0]=TOOL_TYPE_UNKNOWN, buttonState=0, metaState=0, flags=0x0, edgeFlags=0x0, pointerCount=1, historySize=0, eventTime=728762811, downTime=728762811, deviceId=0, source=0x1002 }
08-04 18:25:46.404 22463 22463 I Input   : injectMotionEvent: MotionEvent { action=ACTION_UP, actionButton=0, id[0]=0, x[0]=103.0, y[0]=192.0, toolType[0]=TOOL_TYPE_UNKNOWN, buttonState=0, metaState=0, flags=0x0, edgeFlags=0x0, pointerCount=1, historySize=0, eventTime=728762811, downTime=728762811, deviceId=0, source=0x1002 }
08-04 18:25:46.405 21896 21909 I art     : Explicit concurrent mark sweep GC freed 23(752B) AllocSpace objects, 0(0B) LOS objects, 40% free, 22MB/38MB, paused 265us total 20.473ms
08-04 18:25:46.406 22463 22463 D AndroidRuntime: Shutting down VM
08-04 18:25:46.415 21896 21909 I art     : Starting a blocking GC Explicit
08-04 18:25:46.419   512  2967 D audio_hw_primary: out_set_parameters: enter: usecase(1: low-latency-playback) kvpairs: routing=2
08-04 18:25:46.432   512  2967 D audio_hw_primary: select_devices: out_snd_device(2: speaker) in_snd_device(0: none)
08-04 18:25:46.433   512  2967 D msm8974_platform: platform_send_audio_calibration: sending audio calibration for snd_device(2) acdb_id(15)
08-04 18:25:46.433   512  2967 I soundtrigger: audio_extn_sound_trigger_update_device_status: device 0x2 of type 0 for Event 1
08-04 18:25:46.438 21896 21909 I art     : Explicit concurrent mark sweep GC freed 55(1760B) AllocSpace objects, 0(0B) LOS objects, 40% free, 22MB/38MB, paused 462us total 22.515ms
08-04 18:25:46.445   512  2967 D audio_hw_primary: enable_snd_device: snd_device(2: speaker)
08-04 18:25:46.448   512  2967 D audio_hw_primary: enable_audio_route: apply and update mixer path: low-latency-playback speaker
08-04 18:25:46.448 21896 21909 I art     : Starting a blocking GC Explicit
08-04 18:25:46.461 13866 13866 I GoogleInputMethodServic: GoogleInputMethodService.onFinishInput():3138 
08-04 18:25:46.462 13866 13866 I GoogleInputMethodServic: GoogleInputMethodService.onStartInput():1808 
08-04 18:25:46.470 21896 21909 I art     : Explicit concurrent mark sweep GC freed 71(2928B) AllocSpace objects, 0(0B) LOS objects, 40% free, 22MB/38MB, paused 343us total 21.120ms
08-04 18:25:46.480 21896 21909 I art     : Starting a blocking GC Explicit
08-04 18:25:46.500 21896 21909 I art     : Explicit concurrent mark sweep GC freed 131(6KB) AllocSpace objects, 0(0B) LOS objects, 40% free, 22MB/38MB, paused 474us total 20.361ms
08-04 18:25:46.777 21896 21920 I art     : Starting a blocking GC Explicit
08-04 18:25:46.800 21896 21920 I art     : Explicit concurrent mark sweep GC freed 1618(94KB) AllocSpace objects, 1(20KB) LOS objects, 40% free, 22MB/38MB, paused 288us total 22.941ms
08-04 18:25:46.812 21896 21920 I art     : Starting a blocking GC Explicit
08-04 18:25:46.833 21896 21920 I art     : Explicit concurrent mark sweep GC freed 33(1152B) AllocSpace objects, 0(0B) LOS objects, 40% free, 22MB/38MB, paused 319us total 21.484ms
08-04 18:25:46.844 21896 21920 I art     : Starting a blocking GC Explicit
08-04 18:25:46.864 21896 21920 I art     : Explicit concurrent mark sweep GC freed 6(224B) AllocSpace objects, 0(0B) LOS objects, 40% free, 22MB/38MB, paused 270us total 19.331ms
08-04 18:25:46.874 21896 21920 I art     : Starting a blocking GC Explicit
08-04 18:25:46.896 21896 21920 I art     : Explicit concurrent mark sweep GC freed 5(160B) AllocSpace objects, 0(0B) LOS objects, 40% free, 22MB/38MB, paused 289us total 21.931ms
08-04 18:25:46.907 21896 21920 I art     : Starting a blocking GC Explicit
08-04 18:25:46.928 21896 21920 I art     : Explicit concurrent mark sweep GC freed 3(96B) AllocSpace objects, 0(0B) LOS objects, 40% free, 22MB/38MB, paused 277us total 20.846ms
08-04 18:25:46.989   512  2967 D audio_hw_primary: disable_audio_route: reset and update mixer path: low-latency-playback speaker
08-04 18:25:46.990   512  2967 D audio_hw_primary: disable_snd_device: snd_device(2: speaker)
08-04 18:25:46.998   512  2967 I soundtrigger: audio_extn_sound_trigger_update_device_status: device 0x2 of type 0 for Event 0
08-04 18:25:47.221 21896 21920 I art     : Starting a blocking GC Explicit
08-04 18:25:47.251 21896 21920 I art     : Explicit concurrent mark sweep GC freed 1392(81KB) AllocSpace objects, 1(20KB) LOS objects, 40% free, 22MB/38MB, paused 310us total 30.057ms
08-04 18:25:47.266 21896 21920 I art     : Starting a blocking GC Explicit
08-04 18:25:47.288 21896 21920 I art     : Explicit concurrent mark sweep GC freed 25(816B) AllocSpace objects, 0(0B) LOS objects, 40% free, 22MB/38MB, paused 293us total 21.233ms
08-04 18:25:47.298 21896 21920 I art     : Starting a blocking GC Explicit
08-04 18:25:47.319 21896 21920 I art     : Explicit concurrent mark sweep GC freed 3(96B) AllocSpace objects, 0(0B) LOS objects, 40% free, 22MB/38MB, paused 318us total 20.693ms
08-04 18:25:47.329 21896 21920 I art     : Starting a blocking GC Explicit
08-04 18:25:47.351 21896 21920 I art     : Explicit concurrent mark sweep GC freed 3(96B) AllocSpace objects, 0(0B) LOS objects, 40% free, 22MB/38MB, paused 281us total 21.647ms
08-04 18:25:47.361 21896 21920 I art     : Starting a blocking GC Explicit
08-04 18:25:47.384 21896 21920 I art     : Explicit concurrent mark sweep GC freed 3(96B) AllocSpace objects, 0(0B) LOS objects, 40% free, 22MB/38MB, paused 282us total 22.017ms
08-04 18:25:47.685 21896 21908 I art     : Starting a blocking GC Explicit
08-04 18:25:47.706 21896 21908 I art     : Explicit concurrent mark sweep GC freed 1363(82KB) AllocSpace objects, 1(20KB) LOS objects, 40% free, 22MB/38MB, paused 287us total 21.644ms
08-04 18:25:47.717 21896 21908 I art     : Starting a blocking GC Explicit
08-04 18:25:47.738 21896 21908 I art     : Explicit concurrent mark sweep GC freed 23(752B) AllocSpace objects, 0(0B) LOS objects, 40% free, 22MB/38MB, paused 272us total 20.877ms
08-04 18:25:47.748 21896 21908 I art     : Starting a blocking GC Explicit
08-04 18:25:47.768 21896 21908 I art     : Explicit concurrent mark sweep GC freed 3(96B) AllocSpace objects, 0(0B) LOS objects, 40% free, 22MB/38MB, paused 271us total 20.083ms
08-04 18:25:47.778 21896 21908 I art     : Starting a blocking GC Explicit
08-04 18:25:47.800 21896 21908 I art     : Explicit concurrent mark sweep GC freed 3(96B) AllocSpace objects, 0(0B) LOS objects, 40% free, 22MB/38MB, paused 277us total 21.136ms
08-04 18:25:47.811 21896 21908 I art     : Starting a blocking GC Explicit
08-04 18:25:47.831 21896 21908 I art     : Explicit concurrent mark sweep GC freed 3(96B) AllocSpace objects, 0(0B) LOS objects, 40% free, 22MB/38MB, paused 266us total 19.829ms
08-04 18:25:48.107 21896 22216 I art     : Starting a blocking GC Explicit
08-04 18:25:48.130 21896 22216 I art     : Explicit concurrent mark sweep GC freed 1371(80KB) AllocSpace objects, 1(20KB) LOS objects, 40% free, 22MB/38MB, paused 281us total 22.384ms
08-04 18:25:48.140 21896 22216 I art     : Starting a blocking GC Explicit
08-04 18:25:48.162 21896 22216 I art     : Explicit concurrent mark sweep GC freed 27(880B) AllocSpace objects, 0(0B) LOS objects, 40% free, 22MB/38MB, paused 270us total 21.961ms
08-04 18:25:48.172 21896 22216 I art     : Starting a blocking GC Explicit
08-04 18:25:48.182 22527 22527 D AndroidRuntime: >>>>>> START com.android.internal.os.RuntimeInit uid 2000 <<<<<<
08-04 18:25:48.187 22527 22527 D AndroidRuntime: CheckJNI is OFF
08-04 18:25:48.193 21896 22216 I art     : Explicit concurrent mark sweep GC freed 33(928B) AllocSpace objects, 0(0B) LOS objects, 40% free, 22MB/38MB, paused 312us total 20.762ms
08-04 18:25:48.204 21896 22216 I art     : Starting a blocking GC Explicit
08-04 18:25:48.224 21896 22216 I art     : Explicit concurrent mark sweep GC freed 7(224B) AllocSpace objects, 0(0B) LOS objects, 40% free, 22MB/38MB, paused 281us total 19.959ms
08-04 18:25:48.231 22527 22527 D ICU     : No timezone override file found: /data/misc/zoneinfo/current/icu/icu_tzdata.dat
08-04 18:25:48.234 21896 22216 I art     : Starting a blocking GC Explicit
08-04 18:25:48.255 21896 22216 I art     : Explicit concurrent mark sweep GC freed 8(256B) AllocSpace objects, 0(0B) LOS objects, 40% free, 22MB/38MB, paused 319us total 21.580ms
08-04 18:25:48.275 22527 22527 I Radio-JNI: register_android_hardware_Radio DONE
08-04 18:25:48.303 22527 22527 D AndroidRuntime: Calling main entry com.android.commands.input.Input
08-04 18:25:48.305 22527 22527 I Input   : injectMotionEvent: MotionEvent { action=ACTION_DOWN, actionButton=0, id[0]=0, x[0]=409.0, y[0]=1034.0, toolType[0]=TOOL_TYPE_UNKNOWN, buttonState=0, metaState=0, flags=0x0, edgeFlags=0x0, pointerCount=1, historySize=0, eventTime=728764717, downTime=728764717, deviceId=0, source=0x1002 }
08-04 18:25:48.311 22527 22527 I Input   : injectMotionEvent: MotionEvent { action=ACTION_UP, actionButton=0, id[0]=0, x[0]=409.0, y[0]=1034.0, toolType[0]=TOOL_TYPE_UNKNOWN, buttonState=0, metaState=0, flags=0x0, edgeFlags=0x0, pointerCount=1, historySize=0, eventTime=728764717, downTime=728764717, deviceId=0, source=0x1002 }
08-04 18:25:48.313 22527 22527 D AndroidRuntime: Shutting down VM
08-04 18:25:48.314  8429  8429 I Finsky  : [1] xow.onStartJob(3): SCH: onJobSchedulerWakeup with jobId 9009
08-04 18:25:48.323  8429  8429 I Finsky  : [1] xjw.a(9): Scheduling fallback in 43199997 (absolute: 1755352194)
08-04 18:25:48.327  8429  8429 I Finsky  : [1] xjw.a(9): Scheduling fallback in 64799996 (absolute: 1776952198)
08-04 18:25:48.330  8429  8429 I Finsky  : [1] xow.onStartJob(3): SCH: onJobSchedulerWakeup with jobId 9016
08-04 18:25:48.339  8429  8429 I Finsky  : [1] xjw.a(9): Scheduling fallback in 43199996 (absolute: 1755352210)
08-04 18:25:48.342  8429  8429 I Finsky  : [1] xjw.a(9): Scheduling fallback in 64799997 (absolute: 1776952214)
08-04 18:25:48.345  8429  8429 W Finsky  : [1] xow.onStartJob(9): SCH: onJobSchedulerWakeup while already running
08-04 18:25:48.377 21896 21896 D MainActivity: loadFragment(index: 5, args: null)
08-04 18:25:48.377 21896 21896 D MainActivity: loadFragment(tag: AddFeedFragment, args: null)
08-04 18:25:48.377 21896 21896 D MainActivity: saveLastNavFragment(tag: AddFeedFragment)
08-04 18:25:48.378 21896 21896 D MainActivity: getLastNavFragment() -> AddFeedFragment
08-04 18:25:48.378   512  2967 D audio_hw_primary: out_set_parameters: enter: usecase(1: low-latency-playback) kvpairs: routing=2
08-04 18:25:48.392   512  2967 D audio_hw_primary: select_devices: out_snd_device(2: speaker) in_snd_device(0: none)
08-04 18:25:48.392   512  2967 D msm8974_platform: platform_send_audio_calibration: sending audio calibration for snd_device(2) acdb_id(15)
08-04 18:25:48.392   512  2967 I soundtrigger: audio_extn_sound_trigger_update_device_status: device 0x2 of type 0 for Event 1
08-04 18:25:48.402   512  2967 D audio_hw_primary: enable_snd_device: snd_device(2: speaker)
08-04 18:25:48.404   512  2967 D audio_hw_primary: enable_audio_route: apply and update mixer path: low-latency-playback speaker
08-04 18:25:48.470  8429  8429 I Finsky  : [1] xkf.handleMessage(8): SCH: DeviceState: DeviceState{currentTime=1596558348463, isCharging=false, isIdle=false, netAny=true, netNotRoaming=true, netUnmetered=true, batteryPercent=100.0}
08-04 18:25:48.475  8429 21866 I Finsky  : [5998] xmu.a(8): SCH: Jobs in database: 1-1337 3-197 3-198 12-1 24-77777777 26-1414141414 
08-04 18:25:48.480  8429  8429 I Finsky  : [1] xkg.a(16): SCH: Running job: 12-1
08-04 18:25:48.480  8429  8429 I Finsky  : [1] ContentSyncJob.a(16): [ContentSync] job started
08-04 18:25:48.481  8429  8429 I Finsky  : [1] xkf.handleMessage(61): SCH: RunningQueue size: 1, PendingQueue size: 0
08-04 18:25:48.482  8429  8429 I Finsky  : [1] xkf.handleMessage(64): SCH: Running queue: 12-1 
08-04 18:25:48.525 21896 22216 I art     : Starting a blocking GC Explicit
08-04 18:25:48.547 21896 22216 I art     : Explicit concurrent mark sweep GC freed 3480(208KB) AllocSpace objects, 2(40KB) LOS objects, 40% free, 23MB/38MB, paused 266us total 21.444ms
08-04 18:25:48.558 21896 22216 I art     : Starting a blocking GC Explicit
08-04 18:25:48.577 21896 22216 I art     : Explicit concurrent mark sweep GC freed 1370(83KB) AllocSpace objects, 2(56KB) LOS objects, 40% free, 22MB/38MB, paused 270us total 18.944ms
08-04 18:25:48.586 21896 22216 I art     : Starting a blocking GC Explicit
08-04 18:25:48.605 21896 22216 I art     : Explicit concurrent mark sweep GC freed 3(96B) AllocSpace objects, 0(0B) LOS objects, 40% free, 22MB/38MB, paused 240us total 18.774ms
08-04 18:25:48.615 21896 22216 I art     : Starting a blocking GC Explicit
08-04 18:25:48.633 21896 22216 I art     : Explicit concurrent mark sweep GC freed 3(96B) AllocSpace objects, 0(0B) LOS objects, 40% free, 22MB/38MB, paused 236us total 18.035ms
08-04 18:25:48.642 21896 22216 I art     : Starting a blocking GC Explicit
08-04 18:25:48.661 21896 22216 I art     : Explicit concurrent mark sweep GC freed 3(96B) AllocSpace objects, 0(0B) LOS objects, 40% free, 22MB/38MB, paused 240us total 18.994ms
08-04 18:25:48.766  8429 21884 I Finsky  : [6004] dzn.a(22): Completed 0 account content syncs with 0 successful.
08-04 18:25:48.767  8429  8429 I Finsky  : [1] ContentSyncJob.a(1): [ContentSync] Installation state replication succeeded.
08-04 18:25:48.767  8429  8429 I Finsky  : [1] xlr.a(13): SCH: jobFinished: 12-1. TimeElapsed: 287ms.
08-04 18:25:48.769  8429  8429 I Finsky  : [1] xkg.a(36): SCH: Job 12-1 finished. Not rescheduling.
08-04 18:25:48.770  8429  8429 I Finsky  : [1] xkf.handleMessage(61): SCH: RunningQueue size: 0, PendingQueue size: 0
08-04 18:25:48.770  8429  8429 I Finsky  : [1] xkf.handleMessage(25): Executor finished
08-04 18:25:48.787  8429  8429 I Finsky  : [1] xmu.a(8): SCH: Jobs in database: 1-1337 3-197 3-198 24-77777777 26-1414141414 
08-04 18:25:48.789  8429  8429 I Finsky  : [1] xio.a(57): SCH: ConstraintMapping: 24-77777777,  -> L: 0ms, D: 9852049ms, C: false, I: true, N: 0
08-04 18:25:48.791  8429  8429 I Finsky  : [1] xio.a(57): SCH: ConstraintMapping: 1-1337,  -> L: 523244ms, D: 13204126ms, C: false, I: false, N: 1
08-04 18:25:48.791  8429  8429 I Finsky  : [1] xio.a(57): SCH: ConstraintMapping: 3-197,  -> L: 0ms, D: 81282045ms, C: false, I: true, N: 2
08-04 18:25:48.792  8429  8429 I Finsky  : [1] xio.a(57): SCH: ConstraintMapping: 3-198,  -> L: 0ms, D: 81282103ms, C: true, I: true, N: 2
08-04 18:25:48.792  8429  8429 I Finsky  : [1] xio.a(57): SCH: ConstraintMapping: 26-1414141414,  -> L: 17317249ms, D: 18217249ms, C: false, I: false, N: 0
08-04 18:25:48.804  8429  8429 I Finsky  : [1] xle.a(34): Cancelling existing jobscheduler jobs: 9015 9018 9019 9017 9010 9013 9001 9014 
08-04 18:25:48.805  8429  8429 I Finsky  : [1] xle.a(10): Throttling wakeup for job 9000 (expected to run in 0 ms) due to recent wakeup
08-04 18:25:48.805  8429  8429 I Finsky  : [1] xle.a(27): Scheduling job Id: 9000, L: 30000, D: 9852049, C: false, I: true, N: 0
08-04 18:25:48.807  8429  8429 I Finsky  : [1] xle.a(27): Scheduling job Id: 9002, L: 523244, D: 13204126, C: false, I: false, N: 1
08-04 18:25:48.809  8429  8429 I Finsky  : [1] xle.a(10): Throttling wakeup for job 9003 (expected to run in 0 ms) due to recent wakeup
08-04 18:25:48.809  8429  8429 I Finsky  : [1] xle.a(27): Scheduling job Id: 9003, L: 30000, D: 81282045, C: false, I: true, N: 2
08-04 18:25:48.810 13866 13866 I GoogleInputMethodServic: GoogleInputMethodService.onFinishInput():3138 
08-04 18:25:48.811 13866 13866 I GoogleInputMethodServic: GoogleInputMethodService.onStartInput():1808 
08-04 18:25:48.814  8429  8429 I Finsky  : [1] xle.a(10): Throttling wakeup for job 9004 (expected to run in 0 ms) due to recent wakeup
08-04 18:25:48.814  8429  8429 I Finsky  : [1] xle.a(27): Scheduling job Id: 9004, L: 30000, D: 81282103, C: true, I: true, N: 2
08-04 18:25:48.816  8429  8429 I Finsky  : [1] xle.a(27): Scheduling job Id: 9005, L: 17317249, D: 18217249, C: false, I: false, N: 0
08-04 18:25:48.817  8429  8429 I Finsky  : [1] xle.a(10): Throttling wakeup for job 9006 (expected to run in 0 ms) due to recent wakeup
08-04 18:25:48.819  8429  8429 I Finsky  : [1] xle.a(27): Scheduling job Id: 9006, L: 30000, D: 9852049, C: false, I: true, N: 0
08-04 18:25:48.820  8429  8429 I Finsky  : [1] xle.a(27): Scheduling job Id: 9007, L: 523244, D: 13204126, C: false, I: false, N: 1
08-04 18:25:48.821  8429  8429 I Finsky  : [1] xle.a(10): Throttling wakeup for job 9008 (expected to run in 0 ms) due to recent wakeup
08-04 18:25:48.822  8429  8429 I Finsky  : [1] xle.a(27): Scheduling job Id: 9008, L: 30000, D: 81282045, C: false, I: true, N: 2
08-04 18:25:48.823  8429  8429 I Finsky  : [1] xle.a(10): Throttling wakeup for job 9011 (expected to run in 0 ms) due to recent wakeup
08-04 18:25:48.824  8429  8429 I Finsky  : [1] xle.a(27): Scheduling job Id: 9011, L: 30000, D: 81282103, C: true, I: true, N: 2
08-04 18:25:48.825  8429  8429 I Finsky  : [1] xle.a(27): Scheduling job Id: 9012, L: 17317249, D: 18217249, C: false, I: false, N: 0
08-04 18:25:48.931 21896 22216 I art     : Starting a blocking GC Explicit
08-04 18:25:48.949   512  2967 D audio_hw_primary: disable_audio_route: reset and update mixer path: low-latency-playback speaker
08-04 18:25:48.951   512  2967 D audio_hw_primary: disable_snd_device: snd_device(2: speaker)
08-04 18:25:48.954 21896 22216 I art     : Explicit concurrent mark sweep GC freed 1491(85KB) AllocSpace objects, 1(20KB) LOS objects, 40% free, 22MB/38MB, paused 263us total 22.938ms
08-04 18:25:48.960   512  2967 I soundtrigger: audio_extn_sound_trigger_update_device_status: device 0x2 of type 0 for Event 0
08-04 18:25:48.966 21896 22216 I art     : Starting a blocking GC Explicit
08-04 18:25:48.987 21896 22216 I art     : Explicit concurrent mark sweep GC freed 125(6KB) AllocSpace objects, 0(0B) LOS objects, 40% free, 22MB/38MB, paused 246us total 20.844ms
08-04 18:25:48.998 21896 22216 I art     : Starting a blocking GC Explicit
08-04 18:25:49.017 21896 22216 I art     : Explicit concurrent mark sweep GC freed 3(96B) AllocSpace objects, 0(0B) LOS objects, 40% free, 22MB/38MB, paused 271us total 19.376ms
08-04 18:25:49.027 21896 22216 I art     : Starting a blocking GC Explicit
08-04 18:25:49.046 21896 22216 I art     : Explicit concurrent mark sweep GC freed 3(96B) AllocSpace objects, 0(0B) LOS objects, 40% free, 22MB/38MB, paused 238us total 18.894ms
08-04 18:25:49.057 21896 22216 I art     : Starting a blocking GC Explicit
08-04 18:25:49.078 21896 22216 I art     : Explicit concurrent mark sweep GC freed 3(96B) AllocSpace objects, 0(0B) LOS objects, 40% free, 22MB/38MB, paused 287us total 20.380ms
08-04 18:25:49.363 21896 21908 I art     : Starting a blocking GC Explicit
08-04 18:25:49.386 21896 21908 I art     : Explicit concurrent mark sweep GC freed 1390(80KB) AllocSpace objects, 1(20KB) LOS objects, 40% free, 22MB/38MB, paused 273us total 23.033ms
08-04 18:25:49.398 21896 21908 I art     : Starting a blocking GC Explicit
08-04 18:25:49.420 21896 21908 I art     : Explicit concurrent mark sweep GC freed 25(816B) AllocSpace objects, 0(0B) LOS objects, 40% free, 22MB/38MB, paused 255us total 21.233ms
08-04 18:25:49.430 21896 21908 I art     : Starting a blocking GC Explicit
08-04 18:25:49.451 21896 21908 I art     : Explicit concurrent mark sweep GC freed 3(96B) AllocSpace objects, 0(0B) LOS objects, 40% free, 22MB/38MB, paused 267us total 21.150ms
08-04 18:25:49.462 21896 21908 I art     : Starting a blocking GC Explicit
08-04 18:25:49.484 21896 21908 I art     : Explicit concurrent mark sweep GC freed 3(96B) AllocSpace objects, 0(0B) LOS objects, 40% free, 22MB/38MB, paused 268us total 21.738ms
08-04 18:25:49.494 21896 21908 I art     : Starting a blocking GC Explicit
08-04 18:25:49.516 21896 21908 I art     : Explicit concurrent mark sweep GC freed 3(96B) AllocSpace objects, 0(0B) LOS objects, 40% free, 22MB/38MB, paused 268us total 21.908ms
08-04 18:25:49.807 21896 21909 I art     : Starting a blocking GC Explicit
08-04 18:25:49.833 21896 21909 I art     : Explicit concurrent mark sweep GC freed 1362(80KB) AllocSpace objects, 1(20KB) LOS objects, 40% free, 22MB/38MB, paused 285us total 26.477ms
08-04 18:25:49.844 21896 21909 I art     : Starting a blocking GC Explicit
08-04 18:25:49.866 21896 21909 I art     : Explicit concurrent mark sweep GC freed 23(752B) AllocSpace objects, 0(0B) LOS objects, 40% free, 22MB/38MB, paused 297us total 22.040ms
08-04 18:25:49.876 21896 21909 I art     : Starting a blocking GC Explicit
08-04 18:25:49.898 21896 21909 I art     : Explicit concurrent mark sweep GC freed 3(96B) AllocSpace objects, 0(0B) LOS objects, 40% free, 22MB/38MB, paused 284us total 21.134ms
08-04 18:25:49.908 21896 21909 I art     : Starting a blocking GC Explicit
08-04 18:25:49.931 21896 21909 I art     : Explicit concurrent mark sweep GC freed 3(96B) AllocSpace objects, 0(0B) LOS objects, 40% free, 22MB/38MB, paused 285us total 22.863ms
08-04 18:25:49.941 21896 21909 I art     : Starting a blocking GC Explicit
08-04 18:25:49.965 21896 21909 I art     : Explicit concurrent mark sweep GC freed 3(96B) AllocSpace objects, 0(0B) LOS objects, 40% free, 22MB/38MB, paused 296us total 22.895ms
08-04 18:25:50.095 22581 22581 D AndroidRuntime: >>>>>> START com.android.internal.os.RuntimeInit uid 2000 <<<<<<
08-04 18:25:50.101 22581 22581 D AndroidRuntime: CheckJNI is OFF
08-04 18:25:50.141 22581 22581 D ICU     : No timezone override file found: /data/misc/zoneinfo/current/icu/icu_tzdata.dat
08-04 18:25:50.181 22581 22581 I Radio-JNI: register_android_hardware_Radio DONE
08-04 18:25:50.209 22581 22581 D AndroidRuntime: Calling main entry com.android.commands.input.Input
08-04 18:25:50.211 22581 22581 I Input   : injectMotionEvent: MotionEvent { action=ACTION_DOWN, actionButton=0, id[0]=0, x[0]=567.0, y[0]=714.0, toolType[0]=TOOL_TYPE_UNKNOWN, buttonState=0, metaState=0, flags=0x0, edgeFlags=0x0, pointerCount=1, historySize=0, eventTime=728766624, downTime=728766624, deviceId=0, source=0x1002 }
08-04 18:25:50.215 22581 22581 I Input   : injectMotionEvent: MotionEvent { action=ACTION_UP, actionButton=0, id[0]=0, x[0]=567.0, y[0]=714.0, toolType[0]=TOOL_TYPE_UNKNOWN, buttonState=0, metaState=0, flags=0x0, edgeFlags=0x0, pointerCount=1, historySize=0, eventTime=728766624, downTime=728766624, deviceId=0, source=0x1002 }
08-04 18:25:50.216 22581 22581 D AndroidRuntime: Shutting down VM
08-04 18:25:50.224   512  2967 D audio_hw_primary: out_set_parameters: enter: usecase(1: low-latency-playback) kvpairs: routing=2
08-04 18:25:50.237   512  2967 D audio_hw_primary: select_devices: out_snd_device(2: speaker) in_snd_device(0: none)
08-04 18:25:50.237   512  2967 D msm8974_platform: platform_send_audio_calibration: sending audio calibration for snd_device(2) acdb_id(15)
08-04 18:25:50.238   512  2967 I soundtrigger: audio_extn_sound_trigger_update_device_status: device 0x2 of type 0 for Event 1
08-04 18:25:50.247 21896 22441 D AntennapodHttpClient: Creating new instance of HTTP client
08-04 18:25:50.248   512  2967 D audio_hw_primary: enable_snd_device: snd_device(2: speaker)
08-04 18:25:50.250   512  2967 D audio_hw_primary: enable_audio_route: apply and update mixer path: low-latency-playback speaker
08-04 18:25:50.257 13866 13866 I GoogleInputMethodServic: GoogleInputMethodService.onFinishInput():3138 
08-04 18:25:50.257 13866 13866 I GoogleInputMethodServic: GoogleInputMethodService.onStartInput():1808 
08-04 18:25:50.267 21896 21909 I art     : Starting a blocking GC Explicit
08-04 18:25:50.291 21896 21909 I art     : Explicit concurrent mark sweep GC freed 4470(280KB) AllocSpace objects, 1(20KB) LOS objects, 40% free, 23MB/39MB, paused 364us total 24.420ms
08-04 18:25:50.302 21896 21909 I art     : Starting a blocking GC Explicit
08-04 18:25:50.323 21896 21909 I art     : Explicit concurrent mark sweep GC freed 1704(91KB) AllocSpace objects, 1(220KB) LOS objects, 40% free, 23MB/38MB, paused 341us total 21.624ms
08-04 18:25:50.334 21896 21909 I art     : Starting a blocking GC Explicit
08-04 18:25:50.355 21896 21909 I art     : Explicit concurrent mark sweep GC freed 28(1184B) AllocSpace objects, 0(0B) LOS objects, 40% free, 23MB/38MB, paused 413us total 20.896ms
08-04 18:25:50.364 21896 21909 I art     : Starting a blocking GC Explicit
08-04 18:25:50.386 21896 21909 I art     : Explicit concurrent mark sweep GC freed 61(4KB) AllocSpace objects, 0(0B) LOS objects, 40% free, 23MB/38MB, paused 424us total 21.542ms
08-04 18:25:50.396 21896 21909 I art     : Starting a blocking GC Explicit
08-04 18:25:50.418 21896 21909 I art     : Explicit concurrent mark sweep GC freed 102(10KB) AllocSpace objects, 0(0B) LOS objects, 40% free, 23MB/38MB, paused 362us total 21.819ms
08-04 18:25:50.688 21896 21908 I art     : Starting a blocking GC Explicit
08-04 18:25:50.706 21896 22441 I NAPPA_EXPERIMENTATION: MetricNetworkRequestExecutionTime: REQUEST_DURATION_SYSTEM='437',REQUEST_DURATION_OKHTTP='153',REQUEST_SYNCHRONOUS='TRUE',RESPONSE_CODE='400',RESPONSE_METHOD='GET',RESPONSE_LENGTH_OKHTTP='0',RESPONSE_LENGTH_HEADER='0',REQUEST_PROTOCOL='h2',REQUEST_URL='https://itunes.apple.com/en/rss/toppodcasts/limit=25/explicit=true/json',
08-04 18:25:50.715 21896 21908 I art     : Explicit concurrent mark sweep GC freed 8944(478KB) AllocSpace objects, 4(220KB) LOS objects, 40% free, 23MB/39MB, paused 551us total 26.280ms
08-04 18:25:50.725 21896 21908 I art     : Starting a blocking GC Explicit
08-04 18:25:50.749 21896 21908 I art     : Explicit concurrent mark sweep GC freed 1134(124KB) AllocSpace objects, 0(0B) LOS objects, 40% free, 23MB/39MB, paused 398us total 23.083ms
08-04 18:25:50.759 21896 21908 I art     : Starting a blocking GC Explicit
08-04 18:25:50.781 21896 21908 I art     : Explicit concurrent mark sweep GC freed 13(480B) AllocSpace objects, 0(0B) LOS objects, 40% free, 23MB/39MB, paused 396us total 21.789ms
08-04 18:25:50.789   512  2967 D audio_hw_primary: disable_audio_route: reset and update mixer path: low-latency-playback speaker
08-04 18:25:50.790   512  2967 D audio_hw_primary: disable_snd_device: snd_device(2: speaker)
08-04 18:25:50.791 21896 21908 I art     : Starting a blocking GC Explicit
08-04 18:25:50.798   512  2967 I soundtrigger: audio_extn_sound_trigger_update_device_status: device 0x2 of type 0 for Event 0
08-04 18:25:50.814 21896 21908 I art     : Explicit concurrent mark sweep GC freed 13(480B) AllocSpace objects, 0(0B) LOS objects, 40% free, 23MB/39MB, paused 414us total 22.770ms
08-04 18:25:50.824 21896 21908 I art     : Starting a blocking GC Explicit
08-04 18:25:50.840 21896 22441 I NAPPA_EXPERIMENTATION: MetricNetworkRequestExecutionTime: REQUEST_DURATION_SYSTEM='133',REQUEST_DURATION_OKHTTP='131',REQUEST_SYNCHRONOUS='TRUE',RESPONSE_CODE='200',RESPONSE_METHOD='GET',RESPONSE_LENGTH_OKHTTP='-1',RESPONSE_LENGTH_HEADER='10075',REQUEST_PROTOCOL='h2',REQUEST_URL='https://itunes.apple.com/us/rss/toppodcasts/limit=25/explicit=true/json',
08-04 18:25:50.848 21896 21908 I art     : Explicit concurrent mark sweep GC freed 344(26KB) AllocSpace objects, 0(0B) LOS objects, 40% free, 23MB/39MB, paused 397us total 23.880ms
08-04 18:25:50.922 21896 21896 D AntennapodHttpClient: Creating new instance of HTTP client
08-04 18:25:50.937 21896 22630 D ApOkHttpUrlLoader: buildLoadData() called with: model = [https://is4-ssl.mzstatic.com/image/thumb/Podcasts114/v4/3f/16/74/3f167426-bf50-ce3a-d709-e4301620fc5b/mza_5832671293059882550.jpeg/170x170bb.png], width = [224], height = [224]
08-04 18:25:50.943 21896 22631 D DBReader: getImageAuthentication() called with: imageUrl = [https://is4-ssl.mzstatic.com/image/thumb/Podcasts114/v4/3f/16/74/3f167426-bf50-ce3a-d709-e4301620fc5b/mza_5832671293059882550.jpeg/170x170bb.png]
08-04 18:25:50.944 21896 22632 D ApOkHttpUrlLoader: buildLoadData() called with: model = [https://is4-ssl.mzstatic.com/image/thumb/Podcasts113/v4/e5/8a/10/e58a108f-f5d0-f622-c94a-13f66edd570c/mza_3025981348644196724.jpg/170x170bb.png], width = [224], height = [224]
08-04 18:25:50.945 21896 22631 D ApOkHttpUrlLoader: no credentials for 'https://is4-ssl.mzstatic.com/image/thumb/Podcasts114/v4/3f/16/74/3f167426-bf50-ce3a-d709-e4301620fc5b/mza_5832671293059882550.jpeg/170x170bb.png'
08-04 18:25:50.945 21896 22633 D DBReader: getImageAuthentication() called with: imageUrl = [https://is4-ssl.mzstatic.com/image/thumb/Podcasts113/v4/e5/8a/10/e58a108f-f5d0-f622-c94a-13f66edd570c/mza_3025981348644196724.jpg/170x170bb.png]
08-04 18:25:50.947 21896 22633 D ApOkHttpUrlLoader: no credentials for 'https://is4-ssl.mzstatic.com/image/thumb/Podcasts113/v4/e5/8a/10/e58a108f-f5d0-f622-c94a-13f66edd570c/mza_3025981348644196724.jpg/170x170bb.png'
08-04 18:25:50.948 21896 22634 D ApOkHttpUrlLoader: buildLoadData() called with: model = [https://is2-ssl.mzstatic.com/image/thumb/Podcasts113/v4/a9/39/cc/a939ccc5-6d60-0c11-0a4c-16d71cdef89b/mza_8787577209688278658.jpg/170x170bb.png], width = [224], height = [224]
08-04 18:25:50.950 21896 22635 D DBReader: getImageAuthentication() called with: imageUrl = [https://is2-ssl.mzstatic.com/image/thumb/Podcasts113/v4/a9/39/cc/a939ccc5-6d60-0c11-0a4c-16d71cdef89b/mza_8787577209688278658.jpg/170x170bb.png]
08-04 18:25:50.952 21896 22636 D ApOkHttpUrlLoader: buildLoadData() called with: model = [https://is5-ssl.mzstatic.com/image/thumb/Podcasts114/v4/93/cf/99/93cf9960-fff3-205e-6655-72c03ddeccb2/mza_10545582232493904175.jpeg/170x170bb.png], width = [224], height = [224]
08-04 18:25:50.952 21896 22635 D ApOkHttpUrlLoader: no credentials for 'https://is2-ssl.mzstatic.com/image/thumb/Podcasts113/v4/a9/39/cc/a939ccc5-6d60-0c11-0a4c-16d71cdef89b/mza_8787577209688278658.jpg/170x170bb.png'
08-04 18:25:50.953 21896 22637 D DBReader: getImageAuthentication() called with: imageUrl = [https://is5-ssl.mzstatic.com/image/thumb/Podcasts114/v4/93/cf/99/93cf9960-fff3-205e-6655-72c03ddeccb2/mza_10545582232493904175.jpeg/170x170bb.png]
08-04 18:25:50.955 21896 22630 D ApOkHttpUrlLoader: buildLoadData() called with: model = [https://is4-ssl.mzstatic.com/image/thumb/Podcasts124/v4/49/a4/91/49a491b7-3daf-c5dc-d7c6-6c4f1486955c/mza_5930014091766152297.png/170x170bb.png], width = [224], height = [224]
08-04 18:25:50.956 21896 22637 D ApOkHttpUrlLoader: no credentials for 'https://is5-ssl.mzstatic.com/image/thumb/Podcasts114/v4/93/cf/99/93cf9960-fff3-205e-6655-72c03ddeccb2/mza_10545582232493904175.jpeg/170x170bb.png'
08-04 18:25:50.956 21896 22638 D DBReader: getImageAuthentication() called with: imageUrl = [https://is4-ssl.mzstatic.com/image/thumb/Podcasts124/v4/49/a4/91/49a491b7-3daf-c5dc-d7c6-6c4f1486955c/mza_5930014091766152297.png/170x170bb.png]
08-04 18:25:50.958 21896 22638 D ApOkHttpUrlLoader: no credentials for 'https://is4-ssl.mzstatic.com/image/thumb/Podcasts124/v4/49/a4/91/49a491b7-3daf-c5dc-d7c6-6c4f1486955c/mza_5930014091766152297.png/170x170bb.png'
08-04 18:25:50.958 21896 22632 D ApOkHttpUrlLoader: buildLoadData() called with: model = [https://is5-ssl.mzstatic.com/image/thumb/Podcasts113/v4/fd/54/6e/fd546ea0-7ab2-e3f0-6049-884d82917af9/mza_4855349695799758348.jpeg/170x170bb.png], width = [224], height = [224]
08-04 18:25:50.961 21896 22639 D DBReader: getImageAuthentication() called with: imageUrl = [https://is5-ssl.mzstatic.com/image/thumb/Podcasts113/v4/fd/54/6e/fd546ea0-7ab2-e3f0-6049-884d82917af9/mza_4855349695799758348.jpeg/170x170bb.png]
08-04 18:25:50.962 21896 22634 D ApOkHttpUrlLoader: buildLoadData() called with: model = [https://is2-ssl.mzstatic.com/image/thumb/Podcasts114/v4/b3/4c/cf/b34ccfc2-cea4-1ca1-0fad-7793af301cc5/mza_2466085192629456364.jpg/170x170bb.png], width = [224], height = [224]
08-04 18:25:50.963 21896 22639 D ApOkHttpUrlLoader: no credentials for 'https://is5-ssl.mzstatic.com/image/thumb/Podcasts113/v4/fd/54/6e/fd546ea0-7ab2-e3f0-6049-884d82917af9/mza_4855349695799758348.jpeg/170x170bb.png'
08-04 18:25:50.964 21896 22640 D DBReader: getImageAuthentication() called with: imageUrl = [https://is2-ssl.mzstatic.com/image/thumb/Podcasts114/v4/b3/4c/cf/b34ccfc2-cea4-1ca1-0fad-7793af301cc5/mza_2466085192629456364.jpg/170x170bb.png]
08-04 18:25:50.965 21896 22640 D ApOkHttpUrlLoader: no credentials for 'https://is2-ssl.mzstatic.com/image/thumb/Podcasts114/v4/b3/4c/cf/b34ccfc2-cea4-1ca1-0fad-7793af301cc5/mza_2466085192629456364.jpg/170x170bb.png'
08-04 18:25:51.127 21896 22216 I art     : Starting a blocking GC Explicit
08-04 18:25:51.161 21896 22216 I art     : Explicit concurrent mark sweep GC freed 34497(1774KB) AllocSpace objects, 8(572KB) LOS objects, 39% free, 24MB/40MB, paused 1.154ms total 33.400ms
08-04 18:25:51.172 21896 22216 I art     : Starting a blocking GC Explicit
08-04 18:25:51.200 21896 22216 I art     : Explicit concurrent mark sweep GC freed 7509(408KB) AllocSpace objects, 0(0B) LOS objects, 39% free, 24MB/40MB, paused 1.234ms total 27.770ms
08-04 18:25:51.211 21896 22216 I art     : Starting a blocking GC Explicit
08-04 18:25:51.238 21896 22216 I art     : Explicit concurrent mark sweep GC freed 648(128KB) AllocSpace objects, 0(0B) LOS objects, 39% free, 24MB/40MB, paused 1.016ms total 26.804ms
08-04 18:25:51.248 21896 22216 I art     : Starting a blocking GC Explicit
08-04 18:25:51.266 21896 22635 D MYTAG   : interceptor 2a
08-04 18:25:51.266 21896 22635 I NAPPA_EXPERIMENTATION: MetricNetworkRequestExecutionTime: REQUEST_DURATION_SYSTEM='314',REQUEST_DURATION_OKHTTP='156',REQUEST_SYNCHRONOUS='TRUE',RESPONSE_CODE='200',RESPONSE_METHOD='GET',RESPONSE_LENGTH_OKHTTP='48239',RESPONSE_LENGTH_HEADER='48239',REQUEST_PROTOCOL='h2',REQUEST_URL='https://is2-ssl.mzstatic.com/image/thumb/Podcasts113/v4/a9/39/cc/a939ccc5-6d60-0c11-0a4c-16d71cdef89b/mza_8787577209688278658.jpg/170x170bb.png',
08-04 18:25:51.278 21896 22216 I art     : Explicit concurrent mark sweep GC freed 977(51KB) AllocSpace objects, 0(0B) LOS objects, 39% free, 24MB/40MB, paused 1.458ms total 29.125ms
08-04 18:25:51.289 21896 22216 I art     : Starting a blocking GC Explicit
08-04 18:25:51.317 21896 22216 I art     : Explicit concurrent mark sweep GC freed 312(17KB) AllocSpace objects, 0(0B) LOS objects, 39% free, 24MB/40MB, paused 1.019ms total 27.181ms
08-04 18:25:51.320 21896 22633 D MYTAG   : interceptor 2a
08-04 18:25:51.320 21896 22633 I NAPPA_EXPERIMENTATION: MetricNetworkRequestExecutionTime: REQUEST_DURATION_SYSTEM='373',REQUEST_DURATION_OKHTTP='149',REQUEST_SYNCHRONOUS='TRUE',RESPONSE_CODE='200',RESPONSE_METHOD='GET',RESPONSE_LENGTH_OKHTTP='45995',RESPONSE_LENGTH_HEADER='45995',REQUEST_PROTOCOL='h2',REQUEST_URL='https://is4-ssl.mzstatic.com/image/thumb/Podcasts113/v4/e5/8a/10/e58a108f-f5d0-f622-c94a-13f66edd570c/mza_3025981348644196724.jpg/170x170bb.png',
08-04 18:25:51.368 21896 22638 D MYTAG   : interceptor 2a
08-04 18:25:51.368 21896 22638 I NAPPA_EXPERIMENTATION: MetricNetworkRequestExecutionTime: REQUEST_DURATION_SYSTEM='409',REQUEST_DURATION_OKHTTP='190',REQUEST_SYNCHRONOUS='TRUE',RESPONSE_CODE='200',RESPONSE_METHOD='GET',RESPONSE_LENGTH_OKHTTP='12000',RESPONSE_LENGTH_HEADER='12000',REQUEST_PROTOCOL='h2',REQUEST_URL='https://is4-ssl.mzstatic.com/image/thumb/Podcasts124/v4/49/a4/91/49a491b7-3daf-c5dc-d7c6-6c4f1486955c/mza_5930014091766152297.png/170x170bb.png',
08-04 18:25:51.392 21896 22640 D MYTAG   : interceptor 2a
08-04 18:25:51.393 21896 22640 I NAPPA_EXPERIMENTATION: MetricNetworkRequestExecutionTime: REQUEST_DURATION_SYSTEM='427',REQUEST_DURATION_OKHTTP='206',REQUEST_SYNCHRONOUS='TRUE',RESPONSE_CODE='200',RESPONSE_METHOD='GET',RESPONSE_LENGTH_OKHTTP='42299',RESPONSE_LENGTH_HEADER='42299',REQUEST_PROTOCOL='h2',REQUEST_URL='https://is2-ssl.mzstatic.com/image/thumb/Podcasts114/v4/b3/4c/cf/b34ccfc2-cea4-1ca1-0fad-7793af301cc5/mza_2466085192629456364.jpg/170x170bb.png',
08-04 18:25:51.406 21896 22639 D MYTAG   : interceptor 2a
08-04 18:25:51.406 21896 22639 I NAPPA_EXPERIMENTATION: MetricNetworkRequestExecutionTime: REQUEST_DURATION_SYSTEM='443',REQUEST_DURATION_OKHTTP='210',REQUEST_SYNCHRONOUS='TRUE',RESPONSE_CODE='200',RESPONSE_METHOD='GET',RESPONSE_LENGTH_OKHTTP='54835',RESPONSE_LENGTH_HEADER='54835',REQUEST_PROTOCOL='h2',REQUEST_URL='https://is5-ssl.mzstatic.com/image/thumb/Podcasts113/v4/fd/54/6e/fd546ea0-7ab2-e3f0-6049-884d82917af9/mza_4855349695799758348.jpeg/170x170bb.png',
08-04 18:25:51.412 21896 22631 D MYTAG   : interceptor 2a
08-04 18:25:51.412 21896 22631 I NAPPA_EXPERIMENTATION: MetricNetworkRequestExecutionTime: REQUEST_DURATION_SYSTEM='467',REQUEST_DURATION_OKHTTP='212',REQUEST_SYNCHRONOUS='TRUE',RESPONSE_CODE='200',RESPONSE_METHOD='GET',RESPONSE_LENGTH_OKHTTP='26177',RESPONSE_LENGTH_HEADER='26177',REQUEST_PROTOCOL='h2',REQUEST_URL='https://is4-ssl.mzstatic.com/image/thumb/Podcasts114/v4/3f/16/74/3f167426-bf50-ce3a-d709-e4301620fc5b/mza_5832671293059882550.jpeg/170x170bb.png',
08-04 18:25:51.434 21896 22637 D MYTAG   : interceptor 2a
08-04 18:25:51.435 21896 22637 I NAPPA_EXPERIMENTATION: MetricNetworkRequestExecutionTime: REQUEST_DURATION_SYSTEM='478',REQUEST_DURATION_OKHTTP='239',REQUEST_SYNCHRONOUS='TRUE',RESPONSE_CODE='200',RESPONSE_METHOD='GET',RESPONSE_LENGTH_OKHTTP='22351',RESPONSE_LENGTH_HEADER='22351',REQUEST_PROTOCOL='h2',REQUEST_URL='https://is5-ssl.mzstatic.com/image/thumb/Podcasts114/v4/93/cf/99/93cf9960-fff3-205e-6655-72c03ddeccb2/mza_10545582232493904175.jpeg/170x170bb.png',
08-04 18:25:51.598 21896 21920 I art     : Starting a blocking GC Explicit
08-04 18:25:51.631 21896 21920 I art     : Explicit concurrent mark sweep GC freed 4116(250KB) AllocSpace objects, 1(20KB) LOS objects, 38% free, 25MB/41MB, paused 749us total 32.414ms
08-04 18:25:51.644 21896 21920 I art     : Starting a blocking GC Explicit
08-04 18:25:51.672 21896 21920 I art     : Explicit concurrent mark sweep GC freed 39(1904B) AllocSpace objects, 0(0B) LOS objects, 38% free, 25MB/41MB, paused 725us total 27.892ms
08-04 18:25:51.684 21896 21920 I art     : Starting a blocking GC Explicit
08-04 18:25:51.711 21896 21920 I art     : Explicit concurrent mark sweep GC freed 3(96B) AllocSpace objects, 0(0B) LOS objects, 38% free, 25MB/41MB, paused 705us total 27.572ms
08-04 18:25:51.723 21896 21920 I art     : Starting a blocking GC Explicit
08-04 18:25:51.751 21896 21920 I art     : Explicit concurrent mark sweep GC freed 3(96B) AllocSpace objects, 0(0B) LOS objects, 38% free, 25MB/41MB, paused 712us total 27.947ms
08-04 18:25:51.762 21896 21920 I art     : Starting a blocking GC Explicit
08-04 18:25:51.790 21896 21920 I art     : Explicit concurrent mark sweep GC freed 3(96B) AllocSpace objects, 0(0B) LOS objects, 38% free, 25MB/41MB, paused 702us total 27.967ms
08-04 18:25:51.931 20095 20095 I Atfwd_Sendcmd: AtCmdFwd service not ready - Exhausted retry attempts - :6
08-04 18:25:51.931 20095 20095 I Atfwd_Daemon: result : -1 	 ,Init step :2 	 ,qmiErrorCode: 0
08-04 18:25:52.135 21896 22216 I art     : Starting a blocking GC Explicit
08-04 18:25:52.172 21896 22216 I art     : Explicit concurrent mark sweep GC freed 1390(80KB) AllocSpace objects, 1(20KB) LOS objects, 38% free, 25MB/41MB, paused 681us total 36.372ms
08-04 18:25:52.187 21896 22216 I art     : Starting a blocking GC Explicit
08-04 18:25:52.216 21896 22216 I art     : Explicit concurrent mark sweep GC freed 23(752B) AllocSpace objects, 0(0B) LOS objects, 38% free, 25MB/41MB, paused 722us total 28.817ms
08-04 18:25:52.227 21896 22216 I art     : Starting a blocking GC Explicit
08-04 18:25:52.257 21896 22216 I art     : Explicit concurrent mark sweep GC freed 3(96B) AllocSpace objects, 0(0B) LOS objects, 38% free, 25MB/41MB, paused 822us total 29.871ms
08-04 18:25:52.269 21896 22216 I art     : Starting a blocking GC Explicit
08-04 18:25:52.299 21896 22216 I art     : Explicit concurrent mark sweep GC freed 3(96B) AllocSpace objects, 0(0B) LOS objects, 38% free, 25MB/41MB, paused 703us total 29.548ms
08-04 18:25:52.310 21896 22216 I art     : Starting a blocking GC Explicit
08-04 18:25:52.338 21896 22216 I art     : Explicit concurrent mark sweep GC freed 3(96B) AllocSpace objects, 0(0B) LOS objects, 38% free, 25MB/41MB, paused 734us total 28.172ms
08-04 18:25:52.670 21896 21908 I art     : Starting a blocking GC Explicit
08-04 18:25:52.700 21896 21908 I art     : Explicit concurrent mark sweep GC freed 1388(80KB) AllocSpace objects, 1(20KB) LOS objects, 38% free, 25MB/41MB, paused 742us total 28.950ms
08-04 18:25:52.711 21896 21908 I art     : Starting a blocking GC Explicit
08-04 18:25:52.741 21896 21908 I art     : Explicit concurrent mark sweep GC freed 28(912B) AllocSpace objects, 0(0B) LOS objects, 38% free, 25MB/41MB, paused 826us total 29.212ms
08-04 18:25:52.752 21896 21908 I art     : Starting a blocking GC Explicit
08-04 18:25:52.780 21896 21908 I art     : Explicit concurrent mark sweep GC freed 3(96B) AllocSpace objects, 0(0B) LOS objects, 38% free, 25MB/41MB, paused 647us total 27.535ms
08-04 18:25:52.791 21896 21908 I art     : Starting a blocking GC Explicit
08-04 18:25:52.819 21896 21908 I art     : Explicit concurrent mark sweep GC freed 3(96B) AllocSpace objects, 0(0B) LOS objects, 38% free, 25MB/41MB, paused 723us total 27.333ms
08-04 18:25:52.830 21896 21908 I art     : Starting a blocking GC Explicit
08-04 18:25:52.860 21896 21908 I art     : Explicit concurrent mark sweep GC freed 3(96B) AllocSpace objects, 0(0B) LOS objects, 38% free, 25MB/41MB, paused 710us total 29.560ms
08-04 18:25:53.194 21896 21909 I art     : Starting a blocking GC Explicit
08-04 18:25:53.234 21896 21909 I art     : Explicit concurrent mark sweep GC freed 1390(80KB) AllocSpace objects, 1(20KB) LOS objects, 38% free, 25MB/41MB, paused 763us total 39.427ms
08-04 18:25:53.249 21896 21909 I art     : Starting a blocking GC Explicit
08-04 18:25:53.281 21896 21909 I art     : Explicit concurrent mark sweep GC freed 23(752B) AllocSpace objects, 0(0B) LOS objects, 38% free, 25MB/41MB, paused 698us total 32.548ms
08-04 18:25:53.293 21896 21909 I art     : Starting a blocking GC Explicit
08-04 18:25:53.323 21896 21909 I art     : Explicit concurrent mark sweep GC freed 3(96B) AllocSpace objects, 0(0B) LOS objects, 38% free, 25MB/41MB, paused 741us total 29.445ms
08-04 18:25:53.334 21896 21909 I art     : Starting a blocking GC Explicit
08-04 18:25:53.364 21896 21909 I art     : Explicit concurrent mark sweep GC freed 3(96B) AllocSpace objects, 0(0B) LOS objects, 38% free, 25MB/41MB, paused 737us total 30.078ms
08-04 18:25:53.376 21896 21909 I art     : Starting a blocking GC Explicit
08-04 18:25:53.406 21896 21909 I art     : Explicit concurrent mark sweep GC freed 3(96B) AllocSpace objects, 0(0B) LOS objects, 38% free, 25MB/41MB, paused 686us total 29.547ms
08-04 18:25:53.733 21896 21920 I art     : Starting a blocking GC Explicit
08-04 18:25:53.773 21896 21920 I art     : Explicit concurrent mark sweep GC freed 1363(80KB) AllocSpace objects, 1(20KB) LOS objects, 38% free, 25MB/41MB, paused 813us total 39.335ms
08-04 18:25:53.788 21896 21920 I art     : Starting a blocking GC Explicit
08-04 18:25:53.818 21896 21920 I art     : Explicit concurrent mark sweep GC freed 23(752B) AllocSpace objects, 0(0B) LOS objects, 38% free, 25MB/41MB, paused 759us total 29.002ms
08-04 18:25:53.829 21896 21920 I art     : Starting a blocking GC Explicit
08-04 18:25:53.859 21896 21920 I art     : Explicit concurrent mark sweep GC freed 3(96B) AllocSpace objects, 0(0B) LOS objects, 38% free, 25MB/41MB, paused 745us total 30.062ms
08-04 18:25:53.871 21896 21920 I art     : Starting a blocking GC Explicit
08-04 18:25:53.901 21896 21920 I art     : Explicit concurrent mark sweep GC freed 3(96B) AllocSpace objects, 0(0B) LOS objects, 38% free, 25MB/41MB, paused 684us total 29.616ms
08-04 18:25:53.912 21896 21920 I art     : Starting a blocking GC Explicit
08-04 18:25:53.940 21896 21920 I art     : Explicit concurrent mark sweep GC freed 3(96B) AllocSpace objects, 0(0B) LOS objects, 38% free, 25MB/41MB, paused 741us total 28.136ms
08-04 18:25:54.060   518   646 I ThermalEngine: ACTION: GPU - Setting GPU[0] to 510000000
08-04 18:25:54.250 21896 22216 I art     : Starting a blocking GC Explicit
08-04 18:25:54.280 21896 22216 I art     : Explicit concurrent mark sweep GC freed 1390(80KB) AllocSpace objects, 1(20KB) LOS objects, 38% free, 25MB/41MB, paused 582us total 29.964ms
08-04 18:25:54.293 21896 22216 I art     : Starting a blocking GC Explicit
08-04 18:25:54.316 21896 22216 I art     : Explicit concurrent mark sweep GC freed 23(752B) AllocSpace objects, 0(0B) LOS objects, 38% free, 25MB/41MB, paused 526us total 22.237ms
08-04 18:25:54.325 21896 22216 I art     : Starting a blocking GC Explicit
08-04 18:25:54.347 21896 22216 I art     : Explicit concurrent mark sweep GC freed 3(96B) AllocSpace objects, 0(0B) LOS objects, 38% free, 25MB/41MB, paused 567us total 22.231ms
08-04 18:25:54.356 21896 22216 I art     : Starting a blocking GC Explicit
08-04 18:25:54.378 21896 22216 I art     : Explicit concurrent mark sweep GC freed 3(96B) AllocSpace objects, 0(0B) LOS objects, 38% free, 25MB/41MB, paused 507us total 21.975ms
08-04 18:25:54.387 21896 22216 I art     : Starting a blocking GC Explicit
08-04 18:25:54.409 21896 22216 I art     : Explicit concurrent mark sweep GC freed 3(96B) AllocSpace objects, 0(0B) LOS objects, 38% free, 25MB/41MB, paused 513us total 21.870ms
08-04 18:25:54.742 21896 21908 I art     : Starting a blocking GC Explicit
08-04 18:25:54.764 21896 21908 I art     : Explicit concurrent mark sweep GC freed 1363(80KB) AllocSpace objects, 1(20KB) LOS objects, 38% free, 25MB/41MB, paused 516us total 21.046ms
08-04 18:25:54.772 21896 21908 I art     : Starting a blocking GC Explicit
08-04 18:25:54.793 21896 21908 I art     : Explicit concurrent mark sweep GC freed 23(752B) AllocSpace objects, 0(0B) LOS objects, 38% free, 25MB/41MB, paused 523us total 20.577ms
08-04 18:25:54.801 21896 21908 I art     : Starting a blocking GC Explicit
08-04 18:25:54.822 21896 21908 I art     : Explicit concurrent mark sweep GC freed 3(96B) AllocSpace objects, 0(0B) LOS objects, 38% free, 25MB/41MB, paused 509us total 20.764ms
08-04 18:25:54.831 21896 21908 I art     : Starting a blocking GC Explicit
08-04 18:25:54.853 21896 21908 I art     : Explicit concurrent mark sweep GC freed 3(96B) AllocSpace objects, 0(0B) LOS objects, 38% free, 25MB/41MB, paused 520us total 21.961ms
08-04 18:25:54.862 21896 21908 I art     : Starting a blocking GC Explicit
08-04 18:25:54.884 21896 21908 I art     : Explicit concurrent mark sweep GC freed 3(96B) AllocSpace objects, 0(0B) LOS objects, 38% free, 25MB/41MB, paused 489us total 21.854ms
08-04 18:25:55.224 21896 21909 I art     : Starting a blocking GC Explicit
08-04 18:25:55.256 21896 21909 I art     : Explicit concurrent mark sweep GC freed 1390(80KB) AllocSpace objects, 1(20KB) LOS objects, 38% free, 25MB/41MB, paused 631us total 32.581ms
08-04 18:25:55.271 21896 21909 I art     : Starting a blocking GC Explicit
08-04 18:25:55.297 21896 21909 I art     : Explicit concurrent mark sweep GC freed 23(752B) AllocSpace objects, 0(0B) LOS objects, 38% free, 25MB/41MB, paused 697us total 26.279ms
08-04 18:25:55.308 21896 21909 I art     : Starting a blocking GC Explicit
08-04 18:25:55.330 21896 21909 I art     : Explicit concurrent mark sweep GC freed 3(96B) AllocSpace objects, 0(0B) LOS objects, 38% free, 25MB/41MB, paused 547us total 22.127ms
08-04 18:25:55.339 21896 21909 I art     : Starting a blocking GC Explicit
08-04 18:25:55.362 21896 21909 I art     : Explicit concurrent mark sweep GC freed 3(96B) AllocSpace objects, 0(0B) LOS objects, 38% free, 25MB/41MB, paused 518us total 22.038ms
08-04 18:25:55.370 21896 21909 I art     : Starting a blocking GC Explicit
08-04 18:25:55.393 21896 21909 I art     : Explicit concurrent mark sweep GC freed 3(96B) AllocSpace objects, 0(0B) LOS objects, 38% free, 25MB/41MB, paused 513us total 21.869ms
08-04 18:25:55.738 21896 21920 I art     : Starting a blocking GC Explicit
08-04 18:25:55.765 21896 21920 I art     : Explicit concurrent mark sweep GC freed 1363(80KB) AllocSpace objects, 1(20KB) LOS objects, 38% free, 25MB/41MB, paused 562us total 27.484ms
08-04 18:25:55.778 21896 21920 I art     : Starting a blocking GC Explicit
08-04 18:25:55.799 21896 21920 I art     : Explicit concurrent mark sweep GC freed 23(752B) AllocSpace objects, 0(0B) LOS objects, 38% free, 25MB/41MB, paused 522us total 21.028ms
08-04 18:25:55.808 21896 21920 I art     : Starting a blocking GC Explicit
08-04 18:25:55.830 21896 21920 I art     : Explicit concurrent mark sweep GC freed 3(96B) AllocSpace objects, 0(0B) LOS objects, 38% free, 25MB/41MB, paused 533us total 21.907ms
08-04 18:25:55.839 21896 21920 I art     : Starting a blocking GC Explicit
08-04 18:25:55.861 21896 21920 I art     : Explicit concurrent mark sweep GC freed 3(96B) AllocSpace objects, 0(0B) LOS objects, 38% free, 25MB/41MB, paused 533us total 21.969ms
08-04 18:25:55.870 21896 21920 I art     : Starting a blocking GC Explicit
08-04 18:25:55.892 21896 21920 I art     : Explicit concurrent mark sweep GC freed 3(96B) AllocSpace objects, 0(0B) LOS objects, 38% free, 25MB/41MB, paused 534us total 22.071ms
08-04 18:25:56.217 21896 22216 I art     : Starting a blocking GC Explicit
08-04 18:25:56.245 21896 22216 I art     : Explicit concurrent mark sweep GC freed 1390(80KB) AllocSpace objects, 1(20KB) LOS objects, 38% free, 25MB/41MB, paused 576us total 28.114ms
08-04 18:25:56.258 21896 22216 I art     : Starting a blocking GC Explicit
08-04 18:25:56.280 21896 22216 I art     : Explicit concurrent mark sweep GC freed 23(752B) AllocSpace objects, 0(0B) LOS objects, 38% free, 25MB/41MB, paused 575us total 21.404ms
08-04 18:25:56.288 21896 22216 I art     : Starting a blocking GC Explicit
08-04 18:25:56.311 21896 22216 I art     : Explicit concurrent mark sweep GC freed 3(96B) AllocSpace objects, 0(0B) LOS objects, 38% free, 25MB/41MB, paused 525us total 22.149ms
08-04 18:25:56.320 21896 22216 I art     : Starting a blocking GC Explicit
08-04 18:25:56.342 21896 22216 I art     : Explicit concurrent mark sweep GC freed 3(96B) AllocSpace objects, 0(0B) LOS objects, 38% free, 25MB/41MB, paused 528us total 22.299ms
08-04 18:25:56.351 21896 22216 I art     : Starting a blocking GC Explicit
08-04 18:25:56.373 21896 22216 I art     : Explicit concurrent mark sweep GC freed 3(96B) AllocSpace objects, 0(0B) LOS objects, 38% free, 25MB/41MB, paused 492us total 21.945ms
08-04 18:25:56.639 21896 21908 I art     : Starting a blocking GC Explicit
08-04 18:25:56.662 21896 21908 I art     : Explicit concurrent mark sweep GC freed 1363(80KB) AllocSpace objects, 1(20KB) LOS objects, 38% free, 25MB/41MB, paused 528us total 22.530ms
08-04 18:25:56.671 21896 21908 I art     : Starting a blocking GC Explicit
08-04 18:25:56.693 21896 21908 I art     : Explicit concurrent mark sweep GC freed 23(752B) AllocSpace objects, 0(0B) LOS objects, 38% free, 25MB/41MB, paused 536us total 20.897ms
08-04 18:25:56.701 21896 21908 I art     : Starting a blocking GC Explicit
08-04 18:25:56.722 21896 21908 I art     : Explicit concurrent mark sweep GC freed 3(96B) AllocSpace objects, 0(0B) LOS objects, 38% free, 25MB/41MB, paused 540us total 20.960ms
08-04 18:25:56.731 21896 21908 I art     : Starting a blocking GC Explicit
08-04 18:25:56.752 21896 21908 I art     : Explicit concurrent mark sweep GC freed 3(96B) AllocSpace objects, 0(0B) LOS objects, 38% free, 25MB/41MB, paused 519us total 21.123ms
08-04 18:25:56.761 21896 21908 I art     : Starting a blocking GC Explicit
08-04 18:25:56.782 21896 21908 I art     : Explicit concurrent mark sweep GC freed 3(96B) AllocSpace objects, 0(0B) LOS objects, 38% free, 25MB/41MB, paused 523us total 20.753ms
08-04 18:25:56.909 22765 22765 D AndroidRuntime: >>>>>> START com.android.internal.os.RuntimeInit uid 2000 <<<<<<
08-04 18:25:56.915 22765 22765 D AndroidRuntime: CheckJNI is OFF
08-04 18:25:56.949 22765 22765 D ICU     : No timezone override file found: /data/misc/zoneinfo/current/icu/icu_tzdata.dat
08-04 18:25:56.981 22765 22765 I Radio-JNI: register_android_hardware_Radio DONE
08-04 18:25:57.002 22765 22765 D AndroidRuntime: Calling main entry com.android.commands.input.Input
08-04 18:25:57.004 22765 22765 I Input   : injectMotionEvent: MotionEvent { action=ACTION_DOWN, actionButton=0, id[0]=0, x[0]=616.0, y[0]=469.0, toolType[0]=TOOL_TYPE_UNKNOWN, buttonState=0, metaState=0, flags=0x0, edgeFlags=0x0, pointerCount=1, historySize=0, eventTime=728773417, downTime=728773417, deviceId=0, source=0x1002 }
08-04 18:25:57.009 22765 22765 I Input   : injectMotionEvent: MotionEvent { action=ACTION_UP, actionButton=0, id[0]=0, x[0]=616.0, y[0]=469.0, toolType[0]=TOOL_TYPE_UNKNOWN, buttonState=0, metaState=0, flags=0x0, edgeFlags=0x0, pointerCount=1, historySize=0, eventTime=728773417, downTime=728773417, deviceId=0, source=0x1002 }
08-04 18:25:57.012 22765 22765 D AndroidRuntime: Shutting down VM
08-04 18:25:57.070 21896 22216 I art     : Starting a blocking GC Explicit
08-04 18:25:57.078   512  2967 D audio_hw_primary: out_set_parameters: enter: usecase(1: low-latency-playback) kvpairs: routing=2
08-04 18:25:57.091   512  2967 D audio_hw_primary: select_devices: out_snd_device(2: speaker) in_snd_device(0: none)
08-04 18:25:57.091   512  2967 D msm8974_platform: platform_send_audio_calibration: sending audio calibration for snd_device(2) acdb_id(15)
08-04 18:25:57.091   512  2967 I soundtrigger: audio_extn_sound_trigger_update_device_status: device 0x2 of type 0 for Event 1
08-04 18:25:57.093 21896 22216 I art     : Explicit concurrent mark sweep GC freed 1549(87KB) AllocSpace objects, 1(20KB) LOS objects, 38% free, 25MB/41MB, paused 564us total 22.758ms
08-04 18:25:57.101 21896 22216 I art     : Starting a blocking GC Explicit
08-04 18:25:57.101   512  2967 D audio_hw_primary: enable_snd_device: snd_device(2: speaker)
08-04 18:25:57.104   512  2967 D audio_hw_primary: enable_audio_route: apply and update mixer path: low-latency-playback speaker
08-04 18:25:57.124 21896 22216 I art     : Explicit concurrent mark sweep GC freed 70(3KB) AllocSpace objects, 0(0B) LOS objects, 38% free, 25MB/41MB, paused 575us total 22.454ms
08-04 18:25:57.133 21896 22216 I art     : Starting a blocking GC Explicit
08-04 18:25:57.155 21896 22216 I art     : Explicit concurrent mark sweep GC freed 13(480B) AllocSpace objects, 0(0B) LOS objects, 38% free, 25MB/41MB, paused 605us total 21.615ms
08-04 18:25:57.163 21896 22216 I art     : Starting a blocking GC Explicit
08-04 18:25:57.183 21896 22216 I art     : Explicit concurrent mark sweep GC freed 40(1216B) AllocSpace objects, 0(0B) LOS objects, 38% free, 25MB/41MB, paused 557us total 20.162ms
08-04 18:25:57.183 21896 21907 I art     : WaitForGcToComplete blocked for 11.110ms for cause HeapTrim
08-04 18:25:57.191 21896 22216 I art     : Starting a blocking GC Explicit
08-04 18:25:57.212 21896 22216 I art     : Explicit concurrent mark sweep GC freed 12(432B) AllocSpace objects, 0(0B) LOS objects, 38% free, 25MB/41MB, paused 634us total 20.257ms
08-04 18:25:57.276 21896 21916 I NAPPA_EXPERIMENTATION: MetricNetworkRequestExecutionTime: REQUEST_DURATION_SYSTEM='199',REQUEST_DURATION_OKHTTP='197',REQUEST_SYNCHRONOUS='TRUE',RESPONSE_CODE='200',RESPONSE_METHOD='GET',RESPONSE_LENGTH_OKHTTP='-1',RESPONSE_LENGTH_HEADER='628',REQUEST_PROTOCOL='h2',REQUEST_URL='https://itunes.apple.com/lookup?id=1524080195',
08-04 18:25:57.296   918  4400 I ActivityManager: START u0 {cmp=baseline.de.danoeh.antennapod.debug/baseline.de.danoeh.antennapod.activity.OnlineFeedViewActivity (has extras)} from uid 10670 on display 0
08-04 18:25:57.319 13866 13866 I GoogleInputMethodServic: GoogleInputMethodService.onFinishInput():3138 
08-04 18:25:57.320 13866 13866 I GoogleInputMethodServic: GoogleInputMethodService.onStartInput():1808 
08-04 18:25:57.345 21896 21896 D UserPreferences: Using default data folder
08-04 18:25:57.347 21896 21896 D OnlineFeedViewActivity: Activity was started with url https://rss.art19.com/nice-white-parents
08-04 18:25:57.351 21896 21896 D OnlineFeedViewActivity: Starting feed download
08-04 18:25:57.355 21896 22441 D DBReader: Extracting Feedlist
08-04 18:25:57.359   918  4400 D WifiService: acquireWifiLockLocked: WifiLock{Downloader type=1 binder=android.os.BinderProxy@2a2063e}
08-04 18:25:57.359 21896 22441 D AntennapodHttpClient: Creating new instance of HTTP client
08-04 18:25:57.416 13866 13866 I GoogleInputMethodServic: GoogleInputMethodService.onFinishInput():3138 
08-04 18:25:57.417 13866 13866 I GoogleInputMethodServic: GoogleInputMethodService.onStartInput():1808 
08-04 18:25:57.446   918   936 I ActivityManager: Displayed baseline.de.danoeh.antennapod.debug/baseline.de.danoeh.antennapod.activity.OnlineFeedViewActivity: +127ms
08-04 18:25:57.469 21896 21908 I art     : Starting a blocking GC Explicit
08-04 18:25:57.498 21896 21908 I art     : Explicit concurrent mark sweep GC freed 7716(435KB) AllocSpace objects, 4(220KB) LOS objects, 37% free, 26MB/42MB, paused 779us total 28.079ms
08-04 18:25:57.506 21896 21908 I art     : Starting a blocking GC Explicit
08-04 18:25:57.528 21896 21908 I art     : Explicit concurrent mark sweep GC freed 1843(151KB) AllocSpace objects, 0(0B) LOS objects, 37% free, 26MB/42MB, paused 599us total 21.984ms
08-04 18:25:57.537 21896 21908 I art     : Starting a blocking GC Explicit
08-04 18:25:57.558 21896 21908 I art     : Explicit concurrent mark sweep GC freed 38(1776B) AllocSpace objects, 0(0B) LOS objects, 37% free, 26MB/42MB, paused 702us total 20.823ms
08-04 18:25:57.567 21896 21908 I art     : Starting a blocking GC Explicit
08-04 18:25:57.588 21896 21908 I art     : Explicit concurrent mark sweep GC freed 7(256B) AllocSpace objects, 0(0B) LOS objects, 37% free, 26MB/42MB, paused 831us total 21.430ms
08-04 18:25:57.599 21896 21908 I art     : Starting a blocking GC Explicit
08-04 18:25:57.623 21896 21908 I art     : Explicit concurrent mark sweep GC freed 3(96B) AllocSpace objects, 0(0B) LOS objects, 37% free, 26MB/42MB, paused 588us total 24.256ms
08-04 18:25:57.639   512  2967 D audio_hw_primary: disable_audio_route: reset and update mixer path: low-latency-playback speaker
08-04 18:25:57.641   512  2967 D audio_hw_primary: disable_snd_device: snd_device(2: speaker)
08-04 18:25:57.647 21896 22441 D MYTAG   : interceptor 3a https://rss.art19.com/nice-white-parents
08-04 18:25:57.647 21896 22441 I NAPPA_EXPERIMENTATION: MetricNetworkRequestExecutionTime: REQUEST_DURATION_SYSTEM='286',REQUEST_DURATION_OKHTTP='145',REQUEST_SYNCHRONOUS='TRUE',RESPONSE_CODE='200',RESPONSE_METHOD='GET',RESPONSE_LENGTH_OKHTTP='-1',RESPONSE_LENGTH_HEADER='1803',REQUEST_PROTOCOL='h2',REQUEST_URL='https://rss.art19.com/nice-white-parents',
08-04 18:25:57.647 21896 22441 D HttpDownloader: Response code is 200
08-04 18:25:57.647 21896 22441 D UserPreferences: Using default data folder
08-04 18:25:57.649 21896 22441 D HttpDownloader: Getting size of download
08-04 18:25:57.650 21896 22441 D HttpDownloader: Size is -1
08-04 18:25:57.650 21896 22441 D UserPreferences: Using default data folder
08-04 18:25:57.650 21896 22441 D HttpDownloader: Free space is 20239343616
08-04 18:25:57.650 21896 22441 D HttpDownloader: Starting download
08-04 18:25:57.652 21896 22441 D HttpDownloader: Download was successful
08-04 18:25:57.652   512  2967 I soundtrigger: audio_extn_sound_trigger_update_device_status: device 0x2 of type 0 for Event 0
08-04 18:25:57.653   918  3961 D WifiService: releaseWifiLockLocked: WifiLock{Downloader type=1 binder=android.os.BinderProxy@2a2063e}
08-04 18:25:57.654 21896 21896 D OnlineFeedViewActivity: Parsing feed
08-04 18:25:57.673 21896 22813 D TypeGetter: Recognized type RSS 2.0
08-04 18:25:57.684 21896 22813 D SyndHandler: Recognized ITunes namespace
08-04 18:25:57.685 21896 22813 D SyndHandler: Recognized Atom namespace
08-04 18:25:57.685 21896 22813 D SyndHandler: Recognized Content namespace
08-04 18:25:57.694   380   380 W SurfaceFlinger: couldn't log to binary event log: overflow.
08-04 18:25:57.699 21896 22813 D OnlineFeedViewActivity: Deleted feed source file. Result: true
08-04 18:25:57.699 21896 21896 D OnlineFeedViewActivity: Removing HTML from shownotes
08-04 18:25:57.770 21896 21896 W art     : Before Android 4.1, method int androidx.appcompat.widget.DropDownListView.lookForSelectablePosition(int, boolean) would have incorrectly overridden the package-private method in android.widget.ListView
08-04 18:25:57.776 21896 21896 I ListPopupWindow: Could not find method setEpicenterBounds(Rect) on PopupWindow. Oh well.
08-04 18:25:57.785 21896 22821 D ApOkHttpUrlLoader: buildLoadData() called with: model = [https://content.production.cdn.art19.com/images/89/e0/88/44/89e08844-ac28-4fc0-96fa-15a41fec2014/262c12ed699a8d9720dea0bd66449d998e4a08cf18095bed170ccaa76722045fa5dbf7a366918b2db7e3acf29ad22f6b99fd659a9409cb807bf2781d968932f8.jpeg], width = [350], height = [350]
08-04 18:25:57.791 21896 22637 D DBReader: getImageAuthentication() called with: imageUrl = [https://content.production.cdn.art19.com/images/89/e0/88/44/89e08844-ac28-4fc0-96fa-15a41fec2014/262c12ed699a8d9720dea0bd66449d998e4a08cf18095bed170ccaa76722045fa5dbf7a366918b2db7e3acf29ad22f6b99fd659a9409cb807bf2781d968932f8.jpeg]
08-04 18:25:57.793 21896 22637 D ApOkHttpUrlLoader: no credentials for 'https://content.production.cdn.art19.com/images/89/e0/88/44/89e08844-ac28-4fc0-96fa-15a41fec2014/262c12ed699a8d9720dea0bd66449d998e4a08cf18095bed170ccaa76722045fa5dbf7a366918b2db7e3acf29ad22f6b99fd659a9409cb807bf2781d968932f8.jpeg'
08-04 18:25:57.830 21896 21896 D PlaybackController: Releasing PlaybackController
08-04 18:25:57.887 21896 22216 I art     : Starting a blocking GC Explicit
08-04 18:25:57.913 21896 22216 I art     : Explicit concurrent mark sweep GC freed 15961(1082KB) AllocSpace objects, 7(232KB) LOS objects, 37% free, 27MB/43MB, paused 668us total 25.147ms
08-04 18:25:57.921 21896 22216 I art     : Starting a blocking GC Explicit
08-04 18:25:57.943 21896 22216 I art     : Explicit concurrent mark sweep GC freed 728(34KB) AllocSpace objects, 1(112KB) LOS objects, 37% free, 26MB/42MB, paused 609us total 22.162ms
08-04 18:25:57.951 21896 22216 I art     : Starting a blocking GC Explicit
08-04 18:25:57.974 21896 22216 I art     : Explicit concurrent mark sweep GC freed 4121(179KB) AllocSpace objects, 0(0B) LOS objects, 37% free, 26MB/42MB, paused 640us total 22.011ms
08-04 18:25:57.982 21896 22216 I art     : Starting a blocking GC Explicit
08-04 18:25:58.004 21896 22216 I art     : Explicit concurrent mark sweep GC freed 169(5KB) AllocSpace objects, 0(0B) LOS objects, 37% free, 26MB/42MB, paused 628us total 22.279ms
08-04 18:25:58.013 21896 22216 I art     : Starting a blocking GC Explicit
08-04 18:25:58.035 21896 22216 I art     : Explicit concurrent mark sweep GC freed 37(1968B) AllocSpace objects, 0(0B) LOS objects, 37% free, 26MB/42MB, paused 627us total 22.403ms
08-04 18:25:58.110 21896 22637 D MYTAG   : interceptor 2a
08-04 18:25:58.110 21896 22637 I NAPPA_EXPERIMENTATION: MetricNetworkRequestExecutionTime: REQUEST_DURATION_SYSTEM='317',REQUEST_DURATION_OKHTTP='147',REQUEST_SYNCHRONOUS='TRUE',RESPONSE_CODE='200',RESPONSE_METHOD='GET',RESPONSE_LENGTH_OKHTTP='2466122',RESPONSE_LENGTH_HEADER='2466122',REQUEST_PROTOCOL='h2',REQUEST_URL='https://content.production.cdn.art19.com/images/89/e0/88/44/89e08844-ac28-4fc0-96fa-15a41fec2014/262c12ed699a8d9720dea0bd66449d998e4a08cf18095bed170ccaa76722045fa5dbf7a366918b2db7e3acf29ad22f6b99fd659a9409cb807bf2781d968932f8.jpeg',
08-04 18:25:58.302 21896 21909 I art     : Starting a blocking GC Explicit
08-04 18:25:58.326 21896 21909 I art     : Explicit concurrent mark sweep GC freed 1941(113KB) AllocSpace objects, 1(20KB) LOS objects, 37% free, 26MB/42MB, paused 576us total 24.034ms
08-04 18:25:58.335 21896 21909 I art     : Starting a blocking GC Explicit
08-04 18:25:58.359 21896 21909 I art     : Explicit concurrent mark sweep GC freed 114(15KB) AllocSpace objects, 0(0B) LOS objects, 37% free, 26MB/42MB, paused 644us total 23.805ms
08-04 18:25:58.367 21896 21909 I art     : Starting a blocking GC Explicit
08-04 18:25:58.392 21896 21909 I art     : Explicit concurrent mark sweep GC freed 1116(49KB) AllocSpace objects, 0(0B) LOS objects, 36% free, 27MB/43MB, paused 747us total 23.954ms
08-04 18:25:58.400 21896 21909 I art     : Starting a blocking GC Explicit
08-04 18:25:58.424 21896 21909 I art     : Explicit concurrent mark sweep GC freed 31(2720B) AllocSpace objects, 0(0B) LOS objects, 36% free, 27MB/43MB, paused 677us total 23.538ms
08-04 18:25:58.433 21896 21909 I art     : Starting a blocking GC Explicit
08-04 18:25:58.459 21896 21909 I art     : Explicit concurrent mark sweep GC freed 7(208B) AllocSpace objects, 0(0B) LOS objects, 36% free, 27MB/43MB, paused 712us total 25.832ms
08-04 18:25:58.743 21896 21908 I art     : Starting a blocking GC Explicit
08-04 18:25:58.776 21896 21908 I art     : Explicit concurrent mark sweep GC freed 1512(97KB) AllocSpace objects, 1(20KB) LOS objects, 36% free, 27MB/43MB, paused 798us total 33.399ms
08-04 18:25:58.791 21896 21908 I art     : Starting a blocking GC Explicit
08-04 18:25:58.816 21896 21908 I art     : Explicit concurrent mark sweep GC freed 29(944B) AllocSpace objects, 0(0B) LOS objects, 36% free, 27MB/43MB, paused 650us total 24.940ms
08-04 18:25:58.825 21896 21908 I art     : Starting a blocking GC Explicit
08-04 18:25:58.851 21896 21908 I art     : Explicit concurrent mark sweep GC freed 3(96B) AllocSpace objects, 0(0B) LOS objects, 36% free, 27MB/43MB, paused 607us total 25.191ms
08-04 18:25:58.860 21896 21908 I art     : Starting a blocking GC Explicit
08-04 18:25:58.886 21896 21908 I art     : Explicit concurrent mark sweep GC freed 3(96B) AllocSpace objects, 0(0B) LOS objects, 36% free, 27MB/43MB, paused 623us total 25.608ms
08-04 18:25:58.895 21896 21908 I art     : Starting a blocking GC Explicit
08-04 18:25:58.921 21896 21908 I art     : Explicit concurrent mark sweep GC freed 3(96B) AllocSpace objects, 0(0B) LOS objects, 36% free, 27MB/43MB, paused 626us total 25.833ms
08-04 18:25:59.067   518   646 I ThermalEngine: ACTION: GPU - Setting GPU[0] to 450000000
08-04 18:25:59.262 21896 22216 I art     : Starting a blocking GC Explicit
08-04 18:25:59.302 21896 22216 I art     : Explicit concurrent mark sweep GC freed 1396(80KB) AllocSpace objects, 1(20KB) LOS objects, 36% free, 27MB/43MB, paused 865us total 39.425ms
08-04 18:25:59.315 21896 22216 I art     : Starting a blocking GC Explicit
08-04 18:25:59.349 21896 22216 I art     : Explicit concurrent mark sweep GC freed 23(752B) AllocSpace objects, 0(0B) LOS objects, 36% free, 27MB/43MB, paused 853us total 33.746ms
08-04 18:25:59.361 21896 22216 I art     : Starting a blocking GC Explicit
08-04 18:25:59.394 21896 22216 I art     : Explicit concurrent mark sweep GC freed 4(128B) AllocSpace objects, 0(0B) LOS objects, 36% free, 27MB/43MB, paused 789us total 32.501ms
08-04 18:25:59.408 21896 22216 I art     : Starting a blocking GC Explicit
08-04 18:25:59.443 21896 22216 I art     : Explicit concurrent mark sweep GC freed 9(288B) AllocSpace objects, 0(0B) LOS objects, 36% free, 27MB/43MB, paused 820us total 34.169ms
08-04 18:25:59.454 21896 22216 I art     : Starting a blocking GC Explicit
08-04 18:25:59.485 21896 22216 I art     : Explicit concurrent mark sweep GC freed 9(288B) AllocSpace objects, 0(0B) LOS objects, 36% free, 27MB/43MB, paused 762us total 30.870ms
08-04 18:25:59.844 21896 22216 I art     : Starting a blocking GC Explicit
08-04 18:25:59.891 21896 22216 I art     : Explicit concurrent mark sweep GC freed 1381(80KB) AllocSpace objects, 1(20KB) LOS objects, 36% free, 27MB/43MB, paused 1.014ms total 46.188ms
08-04 18:25:59.904 21896 22216 I art     : Starting a blocking GC Explicit
08-04 18:25:59.938 21896 22216 I art     : Explicit concurrent mark sweep GC freed 23(752B) AllocSpace objects, 0(0B) LOS objects, 36% free, 27MB/43MB, paused 924us total 34.119ms
08-04 18:25:59.950 21896 22216 I art     : Starting a blocking GC Explicit
08-04 18:25:59.985 21896 22216 I art     : Explicit concurrent mark sweep GC freed 3(96B) AllocSpace objects, 0(0B) LOS objects, 36% free, 27MB/43MB, paused 926us total 34.457ms
08-04 18:25:59.997 21896 22216 I art     : Starting a blocking GC Explicit
08-04 18:26:00.029 21896 22216 I art     : Explicit concurrent mark sweep GC freed 3(96B) AllocSpace objects, 0(0B) LOS objects, 36% free, 27MB/43MB, paused 760us total 31.715ms
08-04 18:26:00.041 21896 22216 I art     : Starting a blocking GC Explicit
08-04 18:26:00.070 21896 22216 I art     : Explicit concurrent mark sweep GC freed 3(96B) AllocSpace objects, 0(0B) LOS objects, 36% free, 27MB/43MB, paused 795us total 28.324ms
08-04 18:26:00.376 21896 21909 I art     : Starting a blocking GC Explicit
08-04 18:26:00.417 21896 21909 I art     : Explicit concurrent mark sweep GC freed 1394(82KB) AllocSpace objects, 1(20KB) LOS objects, 36% free, 27MB/43MB, paused 845us total 40.274ms
08-04 18:26:00.429 21896 21909 I art     : Starting a blocking GC Explicit
08-04 18:26:00.463 21896 21909 I art     : Explicit concurrent mark sweep GC freed 23(752B) AllocSpace objects, 0(0B) LOS objects, 36% free, 27MB/43MB, paused 807us total 33.696ms
08-04 18:26:00.475 21896 21909 I art     : Starting a blocking GC Explicit
08-04 18:26:00.507 21896 21909 I art     : Explicit concurrent mark sweep GC freed 3(96B) AllocSpace objects, 0(0B) LOS objects, 36% free, 27MB/43MB, paused 820us total 31.255ms
08-04 18:26:00.518 21896 21909 I art     : Starting a blocking GC Explicit
08-04 18:26:00.550 21896 21909 I art     : Explicit concurrent mark sweep GC freed 3(96B) AllocSpace objects, 0(0B) LOS objects, 36% free, 27MB/43MB, paused 809us total 31.578ms
08-04 18:26:00.562 21896 21909 I art     : Starting a blocking GC Explicit
08-04 18:26:00.594 21896 21909 I art     : Explicit concurrent mark sweep GC freed 3(96B) AllocSpace objects, 0(0B) LOS objects, 36% free, 27MB/43MB, paused 829us total 32.272ms
08-04 18:26:00.958 21896 21908 I art     : Starting a blocking GC Explicit
08-04 18:26:00.995 21896 21908 I art     : Explicit concurrent mark sweep GC freed 1366(80KB) AllocSpace objects, 1(20KB) LOS objects, 36% free, 27MB/43MB, paused 847us total 35.796ms
08-04 18:26:01.007 21896 21908 I art     : Starting a blocking GC Explicit
08-04 18:26:01.042 21896 21908 I art     : Explicit concurrent mark sweep GC freed 23(752B) AllocSpace objects, 0(0B) LOS objects, 36% free, 27MB/43MB, paused 840us total 35.152ms
08-04 18:26:01.055 21896 21908 I art     : Starting a blocking GC Explicit
08-04 18:26:01.089 21896 21908 I art     : Explicit concurrent mark sweep GC freed 3(96B) AllocSpace objects, 0(0B) LOS objects, 36% free, 27MB/43MB, paused 838us total 33.833ms
08-04 18:26:01.101 21896 21908 I art     : Starting a blocking GC Explicit
08-04 18:26:01.135 21896 21908 I art     : Explicit concurrent mark sweep GC freed 3(96B) AllocSpace objects, 0(0B) LOS objects, 36% free, 27MB/43MB, paused 829us total 33.842ms
08-04 18:26:01.147 21896 21908 I art     : Starting a blocking GC Explicit
08-04 18:26:01.183 21896 21908 I art     : Explicit concurrent mark sweep GC freed 30(832B) AllocSpace objects, 0(0B) LOS objects, 36% free, 27MB/43MB, paused 849us total 34.869ms
08-04 18:26:01.485 21896 21920 I art     : Starting a blocking GC Explicit
08-04 18:26:01.523 21896 21920 I art     : Explicit concurrent mark sweep GC freed 1366(80KB) AllocSpace objects, 1(20KB) LOS objects, 36% free, 27MB/43MB, paused 915us total 37.636ms
08-04 18:26:01.538 21896 21920 I art     : Starting a blocking GC Explicit
08-04 18:26:01.571 21896 21920 I art     : Explicit concurrent mark sweep GC freed 23(752B) AllocSpace objects, 0(0B) LOS objects, 36% free, 27MB/43MB, paused 832us total 32.522ms
08-04 18:26:01.583 21896 21920 I art     : Starting a blocking GC Explicit
08-04 18:26:01.612 21896 21920 I art     : Explicit concurrent mark sweep GC freed 3(96B) AllocSpace objects, 0(0B) LOS objects, 36% free, 27MB/43MB, paused 756us total 29.451ms
08-04 18:26:01.623 21896 21920 I art     : Starting a blocking GC Explicit
08-04 18:26:01.651 21896 21920 I art     : Explicit concurrent mark sweep GC freed 3(96B) AllocSpace objects, 0(0B) LOS objects, 36% free, 27MB/43MB, paused 748us total 27.471ms
08-04 18:26:01.662 21896 21920 I art     : Starting a blocking GC Explicit
08-04 18:26:01.689 21896 21920 I art     : Explicit concurrent mark sweep GC freed 3(96B) AllocSpace objects, 0(0B) LOS objects, 36% free, 27MB/43MB, paused 755us total 27.233ms
08-04 18:26:01.812 22890 22890 D AndroidRuntime: >>>>>> START com.android.internal.os.RuntimeInit uid 2000 <<<<<<
08-04 18:26:01.818 22890 22890 D AndroidRuntime: CheckJNI is OFF
08-04 18:26:01.856 22890 22890 D ICU     : No timezone override file found: /data/misc/zoneinfo/current/icu/icu_tzdata.dat
08-04 18:26:01.895 22890 22890 I Radio-JNI: register_android_hardware_Radio DONE
08-04 18:26:01.922 22890 22890 D AndroidRuntime: Calling main entry com.android.commands.input.Input
08-04 18:26:01.924 22890 22890 I Input   : injectMotionEvent: MotionEvent { action=ACTION_DOWN, actionButton=0, id[0]=0, x[0]=625.0, y[0]=832.0, toolType[0]=TOOL_TYPE_UNKNOWN, buttonState=0, metaState=0, flags=0x0, edgeFlags=0x0, pointerCount=1, historySize=0, eventTime=728778337, downTime=728778337, deviceId=0, source=0x1002 }
08-04 18:26:01.928 22890 22890 I Input   : injectMotionEvent: MotionEvent { action=ACTION_UP, actionButton=0, id[0]=0, x[0]=625.0, y[0]=832.0, toolType[0]=TOOL_TYPE_UNKNOWN, buttonState=0, metaState=0, flags=0x0, edgeFlags=0x0, pointerCount=1, historySize=0, eventTime=728778337, downTime=728778337, deviceId=0, source=0x1002 }
08-04 18:26:01.930 22890 22890 D AndroidRuntime: Shutting down VM
08-04 18:26:01.932 20095 20095 I ServiceManager: Waiting for service AtCmdFwd...
08-04 18:26:01.936   512  2967 D audio_hw_primary: out_set_parameters: enter: usecase(1: low-latency-playback) kvpairs: routing=2
08-04 18:26:01.936 21896 21896 D UserPreferences: Using default data folder
08-04 18:26:01.939 21896 21896 D DownloadRequester: partiallyDownloadedFileExists: false
08-04 18:26:01.940 21896 21896 D DownloadRequester: /storage/emulated/0/Android/data/baseline.de.danoeh.antennapod.debug/files/cache/feed-Nice White Parents is available as a download destination
08-04 18:26:01.941 21896 21896 D DownloadRequester: Requesting download of url https://rss.art19.com/nice-white-parents
08-04 18:26:01.949   512  2967 D audio_hw_primary: select_devices: out_snd_device(2: speaker) in_snd_device(0: none)
08-04 18:26:01.949   512  2967 D msm8974_platform: platform_send_audio_calibration: sending audio calibration for snd_device(2) acdb_id(15)
08-04 18:26:01.950   512  2967 I soundtrigger: audio_extn_sound_trigger_update_device_status: device 0x2 of type 0 for Event 1
08-04 18:26:01.951 21896 21896 D DownloadService: Service started
08-04 18:26:01.953 21896 21896 D DownloadService: parallel downloads: 4
08-04 18:26:01.955 21896 22923 D downloadCompletionThd: downloadCompletionThread was started
08-04 18:26:01.958 21896 21896 D DownloadService: Notification set up
08-04 18:26:01.960   512  2967 D audio_hw_primary: enable_snd_device: snd_device(2: speaker)
08-04 18:26:01.962   512  2967 D audio_hw_primary: enable_audio_route: apply and update mixer path: low-latency-playback speaker
08-04 18:26:01.968 21896 21920 I art     : Starting a blocking GC Explicit
08-04 18:26:01.973 21896 21896 D DownloadService: Received enqueue request
08-04 18:26:01.976 21896 21896 D OnlineFeedViewActivity: onEventMainThread() called with: event = [DownloadEvent{update=DownloaderUpdate{downloaders=[baseline.de.danoeh.antennapod.core.service.download.HttpDownloader@8fdb0a3], feedIds=[0], mediaIds=[]}}]
08-04 18:26:01.977 21896 21896 D DownloadService: 1 downloads left
08-04 18:26:01.977 21896 21896 D DownloadService: Setting up notification updater
08-04 18:26:01.980   918  4400 D WifiService: acquireWifiLockLocked: WifiLock{Downloader type=1 binder=android.os.BinderProxy@6a0a069}
08-04 18:26:01.984 21896 22925 D AntennapodHttpClient: Creating new instance of HTTP client
08-04 18:26:01.999 21896 21920 I art     : Explicit concurrent mark sweep GC freed 2400(142KB) AllocSpace objects, 1(20KB) LOS objects, 36% free, 27MB/43MB, paused 1.132ms total 30.900ms
08-04 18:26:02.011 21896 21920 I art     : Starting a blocking GC Explicit
08-04 18:26:02.040 21896 21920 I art     : Explicit concurrent mark sweep GC freed 189(9KB) AllocSpace objects, 0(0B) LOS objects, 36% free, 27MB/43MB, paused 958us total 28.951ms
08-04 18:26:02.051 21896 21920 I art     : Starting a blocking GC Explicit
08-04 18:26:02.081 21896 21920 I art     : Explicit concurrent mark sweep GC freed 81(5KB) AllocSpace objects, 0(0B) LOS objects, 36% free, 27MB/43MB, paused 918us total 29.781ms
08-04 18:26:02.092 21896 21920 I art     : Starting a blocking GC Explicit
08-04 18:26:02.123 21896 21920 I art     : Explicit concurrent mark sweep GC freed 20(784B) AllocSpace objects, 0(0B) LOS objects, 36% free, 27MB/43MB, paused 946us total 30.524ms
08-04 18:26:02.134 21896 21920 I art     : Starting a blocking GC Explicit
08-04 18:26:02.168 21896 21920 I art     : Explicit concurrent mark sweep GC freed 1313(86KB) AllocSpace objects, 2(120KB) LOS objects, 36% free, 27MB/43MB, paused 1.776ms total 33.300ms
08-04 18:26:02.324 21896 22925 D MYTAG   : interceptor 3a https://rss.art19.com/nice-white-parents
08-04 18:26:02.324 21896 22925 I NAPPA_EXPERIMENTATION: MetricNetworkRequestExecutionTime: REQUEST_DURATION_SYSTEM='339',REQUEST_DURATION_OKHTTP='142',REQUEST_SYNCHRONOUS='TRUE',RESPONSE_CODE='200',RESPONSE_METHOD='GET',RESPONSE_LENGTH_OKHTTP='-1',RESPONSE_LENGTH_HEADER='1803',REQUEST_PROTOCOL='h2',REQUEST_URL='https://rss.art19.com/nice-white-parents',
08-04 18:26:02.324 21896 22925 D HttpDownloader: Response code is 200
08-04 18:26:02.325 21896 22925 D UserPreferences: Using default data folder
08-04 18:26:02.327 21896 22925 D HttpDownloader: Getting size of download
08-04 18:26:02.327 21896 22925 D HttpDownloader: Size is -1
08-04 18:26:02.327 21896 22925 D UserPreferences: Using default data folder
08-04 18:26:02.327 21896 22925 D HttpDownloader: Free space is 20236832768
08-04 18:26:02.327 21896 22925 D HttpDownloader: Starting download
08-04 18:26:02.331 21896 22925 D HttpDownloader: Download was successful
08-04 18:26:02.332   918  3714 D WifiService: releaseWifiLockLocked: WifiLock{Downloader type=1 binder=android.os.BinderProxy@6a0a069}
08-04 18:26:02.333 21896 22923 D downloadCompletionThd: Received 'Download Complete' - message.
08-04 18:26:02.333 21896 22923 D DownloadService: Handling completed Feed Download
08-04 18:26:02.335 21896 21896 D DownloadService: Removing downloader: https://rss.art19.com/nice-white-parents
08-04 18:26:02.335 21896 21896 D DownloadService: Result of downloads.remove: true
08-04 18:26:02.335 21896 22924 D FeedSyncThread: Waiting for 3000 ms
08-04 18:26:02.335 21896 21896 D OnlineFeedViewActivity: onEventMainThread() called with: event = [DownloadEvent{update=DownloaderUpdate{downloaders=[], feedIds=[], mediaIds=[]}}]
08-04 18:26:02.338 21896 22937 D TypeGetter: Recognized type RSS 2.0
08-04 18:26:02.340 21896 22937 D SyndHandler: Recognized ITunes namespace
08-04 18:26:02.340 21896 22937 D SyndHandler: Recognized Atom namespace
08-04 18:26:02.340 21896 22937 D SyndHandler: Recognized Content namespace
08-04 18:26:02.346 21896 22937 D FeedSyncThread: Nice White Parents parsed
08-04 18:26:02.347 21896 22937 D FeedSyncThread: Deletion of file '/storage/emulated/0/Android/data/baseline.de.danoeh.antennapod.debug/files/cache/feed-Nice White Parents' successful
08-04 18:26:02.347 21896 22937 D DBReader: getFeedDownloadLog() called with: feed = [baseline.de.danoeh.antennapod.core.feed.Feed@0]
08-04 18:26:02.446 21896 21908 I art     : Starting a blocking GC Explicit
08-04 18:26:02.480 21896 21908 I art     : Explicit concurrent mark sweep GC freed 6437(541KB) AllocSpace objects, 5(160KB) LOS objects, 36% free, 27MB/43MB, paused 965us total 34.592ms
08-04 18:26:02.493 21896 21908 I art     : Starting a blocking GC Explicit
08-04 18:26:02.509   512  2967 D audio_hw_primary: disable_audio_route: reset and update mixer path: low-latency-playback speaker
08-04 18:26:02.510   512  2967 D audio_hw_primary: disable_snd_device: snd_device(2: speaker)
08-04 18:26:02.518   512  2967 I soundtrigger: audio_extn_sound_trigger_update_device_status: device 0x2 of type 0 for Event 0
08-04 18:26:02.526 21896 21908 I art     : Explicit concurrent mark sweep GC freed 217(12KB) AllocSpace objects, 0(0B) LOS objects, 36% free, 27MB/43MB, paused 929us total 32.231ms
08-04 18:26:02.537 21896 21908 I art     : Starting a blocking GC Explicit
08-04 18:26:02.569 21896 21908 I art     : Explicit concurrent mark sweep GC freed 6(192B) AllocSpace objects, 0(0B) LOS objects, 36% free, 27MB/43MB, paused 1.053ms total 31.492ms
08-04 18:26:02.581 21896 21908 I art     : Starting a blocking GC Explicit
08-04 18:26:02.613 21896 21908 I art     : Explicit concurrent mark sweep GC freed 9(352B) AllocSpace objects, 0(0B) LOS objects, 36% free, 27MB/43MB, paused 946us total 31.641ms
08-04 18:26:02.625 21896 21908 I art     : Starting a blocking GC Explicit
08-04 18:26:02.658 21896 21908 I art     : Explicit concurrent mark sweep GC freed 3(96B) AllocSpace objects, 0(0B) LOS objects, 36% free, 27MB/43MB, paused 1.097ms total 32.390ms
08-04 18:26:02.932 20095 20095 I ServiceManager: Waiting for service AtCmdFwd...
08-04 18:26:02.971 21896 21908 I art     : Starting a blocking GC Explicit
08-04 18:26:03.006  5179  5194 D QcrilMsgTunnelSocket: readRilMessage: Buffer = [B@671e81d HexData = [010000000404000011000000514f454d484f4f4bef0308000100000003]
08-04 18:26:03.006  5179  5194 D QcrilMsgTunnelSocket: Rcvd UNSOL response with 28 bytes data for SUB0
08-04 18:26:03.006  5179  5194 D QcrilMsgTunnelSocket: Response ID 525295 is not served in this process.
08-04 18:26:03.006  5179  5194 D QcrilMsgTunnelSocket: To broadcast an Intent via the notifier to external apps
08-04 18:26:03.006  5179  5179 D QcrilMsgTunnelIfaceManager: handleMessage what = 0
08-04 18:26:03.007  5179  5179 D QcrilMsgTunnelIfaceManager: Broadcasting intent ACTION_UNSOL_RESPONSE_OEM_HOOK_RAW
08-04 18:26:03.009  5164  5164 D QC_RIL_OEM_HOOK: Received Broadcast Intent ACTION_UNSOL_RESPONSE_OEM_HOOK_RAW
08-04 18:26:03.009  5164  5164 D QC_RIL_OEM_HOOK: Oem ID in QCRILHOOK UNSOL RESP is QOEMHOOK
08-04 18:26:03.010 21896 21908 I art     : Explicit concurrent mark sweep GC freed 1370(80KB) AllocSpace objects, 1(20KB) LOS objects, 36% free, 27MB/43MB, paused 875us total 39.030ms
08-04 18:26:03.022 21896 21908 I art     : Starting a blocking GC Explicit
08-04 18:26:03.053 21896 21908 I art     : Explicit concurrent mark sweep GC freed 25(816B) AllocSpace objects, 0(0B) LOS objects, 36% free, 27MB/43MB, paused 911us total 30.929ms
08-04 18:26:03.064 21896 21908 I art     : Starting a blocking GC Explicit
08-04 18:26:03.099 21896 21908 I art     : Explicit concurrent mark sweep GC freed 3(96B) AllocSpace objects, 0(0B) LOS objects, 36% free, 27MB/43MB, paused 1.053ms total 33.954ms
08-04 18:26:03.111 21896 21908 I art     : Starting a blocking GC Explicit
08-04 18:26:03.144 21896 21908 I art     : Explicit concurrent mark sweep GC freed 3(96B) AllocSpace objects, 0(0B) LOS objects, 36% free, 27MB/43MB, paused 937us total 33.385ms
08-04 18:26:03.157 21896 21908 I art     : Starting a blocking GC Explicit
08-04 18:26:03.190 21896 21908 I art     : Explicit concurrent mark sweep GC freed 30(832B) AllocSpace objects, 0(0B) LOS objects, 36% free, 27MB/43MB, paused 949us total 33.516ms
08-04 18:26:03.507 21896 21909 I art     : Starting a blocking GC Explicit
08-04 18:26:03.553 21896 21909 I art     : Explicit concurrent mark sweep GC freed 1366(80KB) AllocSpace objects, 1(20KB) LOS objects, 36% free, 27MB/43MB, paused 1ms total 45.317ms
08-04 18:26:03.568 21896 21909 I art     : Starting a blocking GC Explicit
08-04 18:26:03.606 21896 21909 I art     : Explicit concurrent mark sweep GC freed 23(752B) AllocSpace objects, 0(0B) LOS objects, 36% free, 27MB/43MB, paused 975us total 38.212ms
08-04 18:26:03.619 21896 21909 I art     : Starting a blocking GC Explicit
08-04 18:26:03.655 21896 21909 I art     : Explicit concurrent mark sweep GC freed 3(96B) AllocSpace objects, 0(0B) LOS objects, 36% free, 27MB/43MB, paused 986us total 36.381ms
08-04 18:26:03.668 21896 21909 I art     : Starting a blocking GC Explicit
08-04 18:26:03.704 21896 21909 I art     : Explicit concurrent mark sweep GC freed 3(96B) AllocSpace objects, 0(0B) LOS objects, 36% free, 27MB/43MB, paused 1.018ms total 35.862ms
08-04 18:26:03.716 21896 21909 I art     : Starting a blocking GC Explicit
08-04 18:26:03.753 21896 21909 I art     : Explicit concurrent mark sweep GC freed 3(96B) AllocSpace objects, 0(0B) LOS objects, 36% free, 27MB/43MB, paused 1.034ms total 36.409ms
08-04 18:26:03.838 21896 21896 D OnlineFeedViewActivity: onEventMainThread() called with: event = [DownloadEvent{update=DownloaderUpdate{downloaders=[], feedIds=[], mediaIds=[]}}]
08-04 18:26:03.933 20095 20095 I ServiceManager: Waiting for service AtCmdFwd...
08-04 18:26:04.103 21896 21920 I art     : Starting a blocking GC Explicit
08-04 18:26:04.141 21896 21920 I art     : Explicit concurrent mark sweep GC freed 1402(82KB) AllocSpace objects, 1(20KB) LOS objects, 36% free, 27MB/43MB, paused 926us total 37.965ms
08-04 18:26:04.154 21896 21920 I art     : Starting a blocking GC Explicit
08-04 18:26:04.190 21896 21920 I art     : Explicit concurrent mark sweep GC freed 50(1488B) AllocSpace objects, 0(0B) LOS objects, 36% free, 27MB/43MB, paused 990us total 36.605ms
08-04 18:26:04.203 21896 21920 I art     : Starting a blocking GC Explicit
08-04 18:26:04.240 21896 21920 I art     : Explicit concurrent mark sweep GC freed 3(96B) AllocSpace objects, 0(0B) LOS objects, 36% free, 27MB/43MB, paused 988us total 36.809ms
08-04 18:26:04.252 21896 21920 I art     : Starting a blocking GC Explicit
08-04 18:26:04.289 21896 21920 I art     : Explicit concurrent mark sweep GC freed 3(96B) AllocSpace objects, 0(0B) LOS objects, 36% free, 27MB/43MB, paused 995us total 36.315ms
08-04 18:26:04.301 21896 21920 I art     : Starting a blocking GC Explicit
08-04 18:26:04.338 21896 21920 I art     : Explicit concurrent mark sweep GC freed 3(96B) AllocSpace objects, 0(0B) LOS objects, 36% free, 27MB/43MB, paused 1.052ms total 36.785ms
08-04 18:26:04.667 21896 21908 I art     : Starting a blocking GC Explicit
08-04 18:26:04.713 21896 21908 I art     : Explicit concurrent mark sweep GC freed 1366(80KB) AllocSpace objects, 1(20KB) LOS objects, 36% free, 27MB/43MB, paused 1.049ms total 46.193ms
08-04 18:26:04.727 21896 21908 I art     : Starting a blocking GC Explicit
08-04 18:26:04.762 21896 21908 I art     : Explicit concurrent mark sweep GC freed 23(752B) AllocSpace objects, 0(0B) LOS objects, 36% free, 27MB/43MB, paused 953us total 35.170ms
08-04 18:26:04.775 21896 21908 I art     : Starting a blocking GC Explicit
08-04 18:26:04.811 21896 21908 I art     : Explicit concurrent mark sweep GC freed 3(96B) AllocSpace objects, 0(0B) LOS objects, 36% free, 27MB/43MB, paused 974us total 36.080ms
08-04 18:26:04.824 21896 21908 I art     : Starting a blocking GC Explicit
08-04 18:26:04.859 21896 21908 I art     : Explicit concurrent mark sweep GC freed 3(96B) AllocSpace objects, 0(0B) LOS objects, 36% free, 27MB/43MB, paused 907us total 35.388ms
08-04 18:26:04.872 21896 21908 I art     : Starting a blocking GC Explicit
08-04 18:26:04.908 21896 21908 I art     : Explicit concurrent mark sweep GC freed 3(96B) AllocSpace objects, 0(0B) LOS objects, 36% free, 27MB/43MB, paused 1.096ms total 36.478ms
08-04 18:26:04.933 20095 20095 I ServiceManager: Waiting for service AtCmdFwd...
08-04 18:26:05.251 21896 21909 I art     : Starting a blocking GC Explicit
08-04 18:26:05.295 21896 21909 I art     : Explicit concurrent mark sweep GC freed 1393(80KB) AllocSpace objects, 1(20KB) LOS objects, 36% free, 27MB/43MB, paused 1.044ms total 44.186ms
08-04 18:26:05.313 21896 21909 I art     : Starting a blocking GC Explicit
08-04 18:26:05.336 21896 22924 D FeedSyncThread: Bundling 1 feeds
08-04 18:26:05.340 21896 22999 D DBReader: Extracting Feedlist
08-04 18:26:05.343 21896 22999 D DBTasks : Found no existing Feed with title Nice White Parents. Adding as new one.
08-04 18:26:05.344 21896 21896 D OnlineFeedViewActivity: onEventMainThread() called with: event = [DownloadEvent{update=DownloaderUpdate{downloaders=[], feedIds=[], mediaIds=[]}}]
08-04 18:26:05.351 21896 23000 D PodDBAdapter: Setting feed with flattr status Nice White Parents: 0
08-04 18:26:05.351 21896 23000 D baseline.de.danoeh.antennapod.core.storage.PodDBAdapter@dc432b8: Inserting new Feed into db
08-04 18:26:05.351 21896 21909 I art     : Explicit concurrent mark sweep GC freed 95(10KB) AllocSpace objects, 0(0B) LOS objects, 36% free, 27MB/43MB, paused 1.381ms total 37.318ms
08-04 18:26:05.364 21896 21909 I art     : Starting a blocking GC Explicit
08-04 18:26:05.383 21896 21896 D EventDistributor: Processing event queue. Number of events: 1
08-04 18:26:05.384 21896 21896 D EventDistributor: Notifying observers. Data: 1
08-04 18:26:05.385 21896 21916 D DBReader: Extracting Feedlist
08-04 18:26:05.385 21896 21896 D DownloadService: 0 downloads left
08-04 18:26:05.385 21896 21896 D DownloadService: Number of downloads is 0, attempting shutdown
08-04 18:26:05.388 21896 21896 D DownloadService: Service shutting down
08-04 18:26:05.389 21896 21896 D DownloadService: No report is created
08-04 18:26:05.389 21896 21896 D OnlineFeedViewActivity: onEventMainThread() called with: event = [DownloadEvent{update=DownloaderUpdate{downloaders=[], feedIds=[], mediaIds=[]}}]
08-04 18:26:05.393 21896 22923 E downloadCompletionThd: DownloadCompletionThread was interrupted
08-04 18:26:05.393 21896 21896 D DownloadService: NotificationUpdater cancelled. Result: false
08-04 18:26:05.396 21896 21896 D DBTasks : autodownloadUndownloadedItems
08-04 18:26:05.397 21896 21909 I art     : Explicit concurrent mark sweep GC freed 384(42KB) AllocSpace objects, 1(20KB) LOS objects, 36% free, 27MB/43MB, paused 1.161ms total 33ms
08-04 18:26:05.399 21896 23001 D NetworkUtils: Device is connected to Wi-Fi
08-04 18:26:05.400 21896 23001 D NetworkUtils: Auto-dl filter is disabled
08-04 18:26:05.409 21896 21909 I art     : Starting a blocking GC Explicit
08-04 18:26:05.442 21896 21909 I art     : Explicit concurrent mark sweep GC freed 225(11KB) AllocSpace objects, 0(0B) LOS objects, 36% free, 27MB/43MB, paused 1.009ms total 33.492ms
08-04 18:26:05.454 21896 21909 I art     : Starting a blocking GC Explicit
08-04 18:26:05.490 21896 21909 I art     : Explicit concurrent mark sweep GC freed 3(96B) AllocSpace objects, 0(0B) LOS objects, 36% free, 27MB/43MB, paused 974us total 35.175ms
08-04 18:26:05.839 21896 22216 I art     : Starting a blocking GC Explicit
08-04 18:26:05.879 21896 22216 I art     : Explicit concurrent mark sweep GC freed 1367(80KB) AllocSpace objects, 1(20KB) LOS objects, 36% free, 27MB/43MB, paused 1.110ms total 39.903ms
08-04 18:26:05.894 21896 22216 I art     : Starting a blocking GC Explicit
08-04 18:26:05.931 21896 22216 I art     : Explicit concurrent mark sweep GC freed 23(752B) AllocSpace objects, 0(0B) LOS objects, 36% free, 27MB/43MB, paused 959us total 36.172ms
08-04 18:26:05.934 20095 20095 I ServiceManager: Waiting for service AtCmdFwd...
08-04 18:26:05.943 21896 22216 I art     : Starting a blocking GC Explicit
08-04 18:26:05.980 21896 22216 I art     : Explicit concurrent mark sweep GC freed 3(96B) AllocSpace objects, 0(0B) LOS objects, 36% free, 27MB/43MB, paused 954us total 36.437ms
08-04 18:26:05.992 21896 22216 I art     : Starting a blocking GC Explicit
08-04 18:26:06.029 21896 22216 I art     : Explicit concurrent mark sweep GC freed 3(96B) AllocSpace objects, 0(0B) LOS objects, 36% free, 27MB/43MB, paused 1.063ms total 36.206ms
08-04 18:26:06.041 21896 22216 I art     : Starting a blocking GC Explicit
08-04 18:26:06.077 21896 22216 I art     : Explicit concurrent mark sweep GC freed 3(96B) AllocSpace objects, 0(0B) LOS objects, 36% free, 27MB/43MB, paused 1.011ms total 35.085ms
08-04 18:26:06.083   518   646 I ThermalEngine: ACTION: GPU - Setting GPU[0] to 510000000
08-04 18:26:06.329   918   918 I ActivityManager: Start proc 23035:com.google.android.videos/u0a72 for service com.google.android.videos/androidx.work.impl.background.systemjob.SystemJobService
08-04 18:26:06.353 21896 21920 I art     : Starting a blocking GC Explicit
08-04 18:26:06.374 24365  7397 I NetworkScheduler.Stats: Task com.google.android.gms/com.google.android.gms.icing.service.IcingGcmTaskService started execution. cause:4 exec_start_elapsed_seconds: 1712170 [CONTEXT service_id=218 ]
08-04 18:26:06.378 21896 21920 I art     : Explicit concurrent mark sweep GC freed 1394(82KB) AllocSpace objects, 1(20KB) LOS objects, 36% free, 27MB/43MB, paused 742us total 24.702ms
08-04 18:26:06.387 21896 21920 I art     : Starting a blocking GC Explicit
08-04 18:26:06.393 24365  7398 I NetworkScheduler.Stats: Task com.google.android.gms/com.google.android.gms.icing.service.IcingGcmTaskService finished executing. cause:4 result: 1 elapsed_millis: 42 uptime_millis: 42 exec_start_elapsed_seconds: 1712170 [CONTEXT service_id=218 ]
08-04 18:26:06.410 21896 21920 I art     : Explicit concurrent mark sweep GC freed 23(752B) AllocSpace objects, 0(0B) LOS objects, 36% free, 27MB/43MB, paused 688us total 22.666ms
08-04 18:26:06.418 21896 21920 I art     : Starting a blocking GC Explicit
08-04 18:26:06.441 21896 21920 I art     : Explicit concurrent mark sweep GC freed 3(96B) AllocSpace objects, 0(0B) LOS objects, 36% free, 27MB/43MB, paused 707us total 22.423ms
08-04 18:26:06.449 21896 21920 I art     : Starting a blocking GC Explicit
08-04 18:26:06.472 21896 21920 I art     : Explicit concurrent mark sweep GC freed 3(96B) AllocSpace objects, 0(0B) LOS objects, 36% free, 27MB/43MB, paused 715us total 22.532ms
08-04 18:26:06.480 21896 21920 I art     : Starting a blocking GC Explicit
08-04 18:26:06.504 21896 21920 I art     : Explicit concurrent mark sweep GC freed 3(96B) AllocSpace objects, 0(0B) LOS objects, 36% free, 27MB/43MB, paused 706us total 23.082ms
08-04 18:26:06.595 23021 23021 D AndroidRuntime: >>>>>> START com.android.internal.os.RuntimeInit uid 2000 <<<<<<
08-04 18:26:06.600 23021 23021 D AndroidRuntime: CheckJNI is OFF
08-04 18:26:06.631 23021 23021 D ICU     : No timezone override file found: /data/misc/zoneinfo/current/icu/icu_tzdata.dat
08-04 18:26:06.661 23021 23021 I Radio-JNI: register_android_hardware_Radio DONE
08-04 18:26:06.682 23021 23021 D AndroidRuntime: Calling main entry com.android.commands.input.Input
08-04 18:26:06.684 23021 23021 I Input   : injectKeyEvent: KeyEvent { action=ACTION_DOWN, keyCode=KEYCODE_BACK, scanCode=0, metaState=0, flags=0x0, repeatCount=0, eventTime=728783097, downTime=728783097, deviceId=-1, source=0x101 }
08-04 18:26:06.690 23021 23021 I Input   : injectKeyEvent: KeyEvent { action=ACTION_UP, keyCode=KEYCODE_BACK, scanCode=0, metaState=0, flags=0x0, repeatCount=0, eventTime=728783097, downTime=728783097, deviceId=-1, source=0x101 }
08-04 18:26:06.696 23021 23021 D AndroidRuntime: Shutting down VM
08-04 18:26:06.700 21896 21896 V PlaybackController: initServiceNotRunning()
08-04 18:26:06.700 21896 21896 D ExternalPlayerFragment: Loading media info
08-04 18:26:06.703 21896 21896 D UserPreferences: Using default data folder
08-04 18:26:06.703 21896 22441 D DBReader: getNavDrawerData() called with: 
08-04 18:26:06.706 21896 22441 D DBReader: getDownloadedItems() called
08-04 18:26:06.707 21896 22441 D DBReader: getFavoriteIDList() called
08-04 18:26:06.707 21896 22441 D DBReader: getQueueIDList() called
08-04 18:26:06.708 21896 22441 D DBReader: Extracting Feedlist
08-04 18:26:06.729 21896 21896 D MainActivity: getLastNavFragment() -> AddFeedFragment
08-04 18:26:06.731 13866 13866 I GoogleInputMethodServic: GoogleInputMethodService.onFinishInput():3138 
08-04 18:26:06.731 13866 13866 I GoogleInputMethodServic: GoogleInputMethodService.onStartInput():1808 
08-04 18:26:06.747 21896 22821 D ApOkHttpUrlLoader: buildLoadData() called with: model = [https://content.production.cdn.art19.com/images/89/e0/88/44/89e08844-ac28-4fc0-96fa-15a41fec2014/262c12ed699a8d9720dea0bd66449d998e4a08cf18095bed170ccaa76722045fa5dbf7a366918b2db7e3acf29ad22f6b99fd659a9409cb807bf2781d968932f8.jpeg], width = [140], height = [140]
08-04 18:26:06.767 21896 21920 I art     : Starting a blocking GC Explicit
08-04 18:26:06.779   918  6029 I AccountManagerService: getTypesVisibleToCaller: isPermitted? true
08-04 18:26:06.792 21896 21920 I art     : Explicit concurrent mark sweep GC freed 2460(178KB) AllocSpace objects, 1(20KB) LOS objects, 36% free, 27MB/43MB, paused 810us total 24.615ms
08-04 18:26:06.801 21896 21920 I art     : Starting a blocking GC Explicit
08-04 18:26:06.824 21896 21920 I art     : Explicit concurrent mark sweep GC freed 494(25KB) AllocSpace objects, 0(0B) LOS objects, 36% free, 27MB/43MB, paused 769us total 23.053ms
08-04 18:26:06.833 21896 21920 I art     : Starting a blocking GC Explicit
08-04 18:26:06.857 21896 21920 I art     : Explicit concurrent mark sweep GC freed 3(96B) AllocSpace objects, 0(0B) LOS objects, 36% free, 27MB/43MB, paused 979us total 24.420ms
08-04 18:26:06.860   918  3961 I AccountManagerService: getTypesVisibleToCaller: isPermitted? true
08-04 18:26:06.866 21896 21920 I art     : Starting a blocking GC Explicit
08-04 18:26:06.891 21896 21920 I art     : Explicit concurrent mark sweep GC freed 3(96B) AllocSpace objects, 0(0B) LOS objects, 36% free, 27MB/43MB, paused 930us total 24.304ms
08-04 18:26:06.900 21896 21920 I art     : Starting a blocking GC Explicit
08-04 18:26:06.926 21896 21920 I art     : Explicit concurrent mark sweep GC freed 118(15KB) AllocSpace objects, 0(0B) LOS objects, 36% free, 27MB/43MB, paused 1.030ms total 25.912ms
08-04 18:26:06.935 20095 20095 W Atfwd_Sendcmd: AtCmdFwd service not published, waiting... retryCnt : 1
08-04 18:26:06.974 23035 23084 W PlayMovies: enb.run:2 User config found
08-04 18:26:06.974 23035 23084 W PlayMovies: 
08-04 18:26:07.053   380   380 W SurfaceFlinger: couldn't log to binary event log: overflow.
08-04 18:26:07.109 23035 23035 W PlayMovies: bkd.onCreate:75 Installer Package: com.android.vending
08-04 18:26:07.109 23035 23035 W PlayMovies: 
08-04 18:26:07.176 21896 21908 I art     : Starting a blocking GC Explicit
08-04 18:26:07.181 23035 23035 W MediaSessionCompat: Couldn't find a unique registered media button receiver in the given context.
08-04 18:26:07.199 21896 21908 I art     : Explicit concurrent mark sweep GC freed 2136(112KB) AllocSpace objects, 1(20KB) LOS objects, 36% free, 27MB/43MB, paused 860us total 23.396ms
08-04 18:26:07.209 21896 21908 I art     : Starting a blocking GC Explicit
08-04 18:26:07.211   918   927 I art     : Background partial concurrent mark sweep GC freed 97517(10MB) AllocSpace objects, 176(3MB) LOS objects, 18% free, 69MB/85MB, paused 1.458ms total 178.158ms
08-04 18:26:07.231 21896 21908 I art     : Explicit concurrent mark sweep GC freed 2493(153KB) AllocSpace objects, 2(248KB) LOS objects, 36% free, 27MB/43MB, paused 732us total 22.071ms
08-04 18:26:07.234  8429  8440 I Finsky  : [5784] box.a(8): Received content filters request from com.google.android.videos
08-04 18:26:07.240 21896 21908 I art     : Starting a blocking GC Explicit
08-04 18:26:07.259 23035 23101 W PlayMovies: MoviesWorkerWrapper.e:2 Worker was stopped for task with tags: [refresh_license_delayed_forced, com.google.android.apps.play.movies.common.service.workmanager.MoviesWorkerWrapper]
08-04 18:26:07.259 23035 23101 W PlayMovies: 
08-04 18:26:07.261 21896 21908 I art     : Explicit concurrent mark sweep GC freed 3(96B) AllocSpace objects, 0(0B) LOS objects, 36% free, 27MB/43MB, paused 655us total 21.041ms
08-04 18:26:07.269 21896 21908 I art     : Starting a blocking GC Explicit
08-04 18:26:07.290 21896 21908 I art     : Explicit concurrent mark sweep GC freed 19(704B) AllocSpace objects, 0(0B) LOS objects, 36% free, 27MB/43MB, paused 642us total 20.965ms
08-04 18:26:07.299 21896 21908 I art     : Starting a blocking GC Explicit
08-04 18:26:07.314 23035 23101 E WM-WorkerWrapper: Didn't find WorkSpec for id 8a92cd56-dcba-4623-83f6-457481758ccf
08-04 18:26:07.321 21896 21908 I art     : Explicit concurrent mark sweep GC freed 3(96B) AllocSpace objects, 0(0B) LOS objects, 36% free, 27MB/43MB, paused 665us total 21.868ms
08-04 18:26:07.359 23035 23116 W PlayMovies: eqo.a:2 Start clean up task with reason 1
08-04 18:26:07.359 23035 23116 W PlayMovies: 
08-04 18:26:07.359 23035 23116 W PlayMovies: eqo.a:3 Start cleanup unpinned content
08-04 18:26:07.359 23035 23116 W PlayMovies: 
08-04 18:26:07.379 23035 23116 W PlayMovies: eqo.a:31 Done cleanup unpinned content: removed 0 files
08-04 18:26:07.379 23035 23116 W PlayMovies: 
08-04 18:26:07.384 23035 23035 E BACKGROUND_QUIT_SAFELY: pending jobs == 0
08-04 18:26:07.385   918  4413 I ActivityManager: Killing 11650:com.google.android.webview:webview_service/u0a74 (adj 15): empty #17
08-04 18:26:07.620 21896 21909 I art     : Starting a blocking GC Explicit
08-04 18:26:07.659 21896 21909 I art     : Explicit concurrent mark sweep GC freed 1372(82KB) AllocSpace objects, 1(20KB) LOS objects, 36% free, 27MB/43MB, paused 1.030ms total 37.628ms
08-04 18:26:07.673 21896 21909 I art     : Starting a blocking GC Explicit
08-04 18:26:07.701 21896 21909 I art     : Explicit concurrent mark sweep GC freed 23(752B) AllocSpace objects, 0(0B) LOS objects, 36% free, 27MB/43MB, paused 691us total 27.791ms
08-04 18:26:07.710 21896 21909 I art     : Starting a blocking GC Explicit
08-04 18:26:07.736 21896 21909 I art     : Explicit concurrent mark sweep GC freed 3(96B) AllocSpace objects, 0(0B) LOS objects, 36% free, 27MB/43MB, paused 754us total 26.090ms
08-04 18:26:07.746 21896 21909 I art     : Starting a blocking GC Explicit
08-04 18:26:07.773 21896 21909 I art     : Explicit concurrent mark sweep GC freed 3(96B) AllocSpace objects, 0(0B) LOS objects, 36% free, 27MB/43MB, paused 710us total 26.597ms
08-04 18:26:07.782 21896 21909 I art     : Starting a blocking GC Explicit
08-04 18:26:07.808 21896 21909 I art     : Explicit concurrent mark sweep GC freed 3(96B) AllocSpace objects, 0(0B) LOS objects, 36% free, 27MB/43MB, paused 781us total 25.940ms
08-04 18:26:08.082 21896 22216 I art     : Starting a blocking GC Explicit
08-04 18:26:08.108 21896 22216 I art     : Explicit concurrent mark sweep GC freed 1368(80KB) AllocSpace objects, 1(20KB) LOS objects, 36% free, 27MB/43MB, paused 809us total 26.194ms
08-04 18:26:08.118 21896 22216 I art     : Starting a blocking GC Explicit
08-04 18:26:08.142 21896 22216 I art     : Explicit concurrent mark sweep GC freed 23(752B) AllocSpace objects, 0(0B) LOS objects, 36% free, 27MB/43MB, paused 726us total 24.137ms
08-04 18:26:08.151 21896 22216 I art     : Starting a blocking GC Explicit
08-04 18:26:08.176 21896 22216 I art     : Explicit concurrent mark sweep GC freed 30(832B) AllocSpace objects, 0(0B) LOS objects, 36% free, 27MB/43MB, paused 732us total 24.961ms
08-04 18:26:08.185 21896 22216 I art     : Starting a blocking GC Explicit
08-04 18:26:08.210 21896 22216 I art     : Explicit concurrent mark sweep GC freed 3(96B) AllocSpace objects, 0(0B) LOS objects, 36% free, 27MB/43MB, paused 758us total 24.846ms
08-04 18:26:08.219 21896 22216 I art     : Starting a blocking GC Explicit
08-04 18:26:08.244 21896 22216 I art     : Explicit concurrent mark sweep GC freed 3(96B) AllocSpace objects, 0(0B) LOS objects, 36% free, 27MB/43MB, paused 761us total 24.714ms
08-04 18:26:08.377 23128 23128 D AndroidRuntime: >>>>>> START com.android.internal.os.RuntimeInit uid 2000 <<<<<<
08-04 18:26:08.382 23128 23128 D AndroidRuntime: CheckJNI is OFF
08-04 18:26:08.416 23128 23128 D ICU     : No timezone override file found: /data/misc/zoneinfo/current/icu/icu_tzdata.dat
08-04 18:26:08.447 23128 23128 I Radio-JNI: register_android_hardware_Radio DONE
08-04 18:26:08.469 23128 23128 D AndroidRuntime: Calling main entry com.android.commands.input.Input
08-04 18:26:08.471 23128 23128 I Input   : injectMotionEvent: MotionEvent { action=ACTION_DOWN, actionButton=0, id[0]=0, x[0]=639.0, y[0]=762.0, toolType[0]=TOOL_TYPE_UNKNOWN, buttonState=0, metaState=0, flags=0x0, edgeFlags=0x0, pointerCount=1, historySize=0, eventTime=728784883, downTime=728784883, deviceId=0, source=0x1002 }
08-04 18:26:08.475 23128 23128 I Input   : injectMotionEvent: MotionEvent { action=ACTION_UP, actionButton=0, id[0]=0, x[0]=639.0, y[0]=762.0, toolType[0]=TOOL_TYPE_UNKNOWN, buttonState=0, metaState=0, flags=0x0, edgeFlags=0x0, pointerCount=1, historySize=0, eventTime=728784883, downTime=728784883, deviceId=0, source=0x1002 }
08-04 18:26:08.477 23128 23128 D AndroidRuntime: Shutting down VM
08-04 18:26:08.521 21896 21908 I art     : Starting a blocking GC Explicit
08-04 18:26:08.544 21896 21908 I art     : Explicit concurrent mark sweep GC freed 1422(82KB) AllocSpace objects, 1(20KB) LOS objects, 36% free, 27MB/43MB, paused 665us total 22.822ms
08-04 18:26:08.553 21896 21908 I art     : Starting a blocking GC Explicit
08-04 18:26:08.558   512  2967 D audio_hw_primary: out_set_parameters: enter: usecase(1: low-latency-playback) kvpairs: routing=2
08-04 18:26:08.571   512  2967 D audio_hw_primary: select_devices: out_snd_device(2: speaker) in_snd_device(0: none)
08-04 18:26:08.571   512  2967 D msm8974_platform: platform_send_audio_calibration: sending audio calibration for snd_device(2) acdb_id(15)
08-04 18:26:08.571   512  2967 I soundtrigger: audio_extn_sound_trigger_update_device_status: device 0x2 of type 0 for Event 1
08-04 18:26:08.578 13866 13866 I GoogleInputMethodServic: GoogleInputMethodService.onFinishInput():3138 
08-04 18:26:08.578 13866 13866 I GoogleInputMethodServic: GoogleInputMethodService.onStartInput():1808 
08-04 18:26:08.579 21896 21908 I art     : Explicit concurrent mark sweep GC freed 216(8KB) AllocSpace objects, 0(0B) LOS objects, 36% free, 27MB/43MB, paused 879us total 25.996ms
08-04 18:26:08.582   512  2967 D audio_hw_primary: enable_snd_device: snd_device(2: speaker)
08-04 18:26:08.584   512  2967 D audio_hw_primary: enable_audio_route: apply and update mixer path: low-latency-playback speaker
08-04 18:26:08.590 21896 21908 I art     : Starting a blocking GC Explicit
08-04 18:26:08.613 21896 21908 I art     : Explicit concurrent mark sweep GC freed 28(1216B) AllocSpace objects, 0(0B) LOS objects, 36% free, 27MB/43MB, paused 686us total 22.943ms
08-04 18:26:08.622 21896 21908 I art     : Starting a blocking GC Explicit
08-04 18:26:08.647 21896 21908 I art     : Explicit concurrent mark sweep GC freed 15(544B) AllocSpace objects, 0(0B) LOS objects, 36% free, 27MB/43MB, paused 840us total 24.271ms
08-04 18:26:08.656 21896 21908 I art     : Starting a blocking GC Explicit
08-04 18:26:08.681 21896 21908 I art     : Explicit concurrent mark sweep GC freed 13(480B) AllocSpace objects, 0(0B) LOS objects, 36% free, 27MB/43MB, paused 852us total 24.992ms
08-04 18:26:08.742 21896 21916 I NAPPA_EXPERIMENTATION: MetricNetworkRequestExecutionTime: REQUEST_DURATION_SYSTEM='185',REQUEST_DURATION_OKHTTP='183',REQUEST_SYNCHRONOUS='TRUE',RESPONSE_CODE='200',RESPONSE_METHOD='GET',RESPONSE_LENGTH_OKHTTP='-1',RESPONSE_LENGTH_HEADER='622',REQUEST_PROTOCOL='h2',REQUEST_URL='https://itunes.apple.com/lookup?id=360084272',
08-04 18:26:08.757   918  3714 I ActivityManager: START u0 {cmp=baseline.de.danoeh.antennapod.debug/baseline.de.danoeh.antennapod.activity.OnlineFeedViewActivity (has extras)} from uid 10670 on display 0
08-04 18:26:08.785 13866 13866 I GoogleInputMethodServic: GoogleInputMethodService.onFinishInput():3138 
08-04 18:26:08.785 13866 13866 I GoogleInputMethodServic: GoogleInputMethodService.onStartInput():1808 
08-04 18:26:08.805 21896 21896 D UserPreferences: Using default data folder
08-04 18:26:08.807 21896 21896 D OnlineFeedViewActivity: Activity was started with url http://joeroganexp.joerogan.libsynpro.com/rss
08-04 18:26:08.810 21896 21896 D OnlineFeedViewActivity: Starting feed download
08-04 18:26:08.812 21896 22441 D DBReader: Extracting Feedlist
08-04 18:26:08.813   918  3359 D WifiService: acquireWifiLockLocked: WifiLock{Downloader type=1 binder=android.os.BinderProxy@b627a9d}
08-04 18:26:08.814 21896 22441 D AntennapodHttpClient: Creating new instance of HTTP client
08-04 18:26:08.851 21896 22441 D MYTAG   : interceptor 3a http://joeroganexp.joerogan.libsynpro.com/rss
08-04 18:26:08.851 21896 22441 I NAPPA_EXPERIMENTATION: MetricNetworkRequestExecutionTime: REQUEST_DURATION_SYSTEM='36',REQUEST_DURATION_OKHTTP='30',REQUEST_SYNCHRONOUS='TRUE',RESPONSE_CODE='200',RESPONSE_METHOD='GET',RESPONSE_LENGTH_OKHTTP='-1',RESPONSE_LENGTH_HEADER='307892',REQUEST_PROTOCOL='http/1.1',REQUEST_URL='http://joeroganexp.joerogan.libsynpro.com/rss',
08-04 18:26:08.851 21896 22441 D HttpDownloader: Response code is 200
08-04 18:26:08.851 21896 22441 D UserPreferences: Using default data folder
08-04 18:26:08.853 21896 22441 D HttpDownloader: Getting size of download
08-04 18:26:08.853 21896 22441 D HttpDownloader: Size is -1
08-04 18:26:08.853 21896 22441 D UserPreferences: Using default data folder
08-04 18:26:08.853 21896 22441 D HttpDownloader: Free space is 20248973312
08-04 18:26:08.853 21896 22441 D HttpDownloader: Starting download
08-04 18:26:08.865 13866 13866 I GoogleInputMethodServic: GoogleInputMethodService.onFinishInput():3138 
08-04 18:26:08.866 13866 13866 I GoogleInputMethodServic: GoogleInputMethodService.onStartInput():1808 
08-04 18:26:08.897   918   936 I ActivityManager: Displayed baseline.de.danoeh.antennapod.debug/baseline.de.danoeh.antennapod.activity.OnlineFeedViewActivity: +116ms
08-04 18:26:08.934 21896 21908 I art     : Starting a blocking GC Explicit
08-04 18:26:08.962 21896 21908 I art     : Explicit concurrent mark sweep GC freed 3460(234KB) AllocSpace objects, 1(20KB) LOS objects, 36% free, 27MB/43MB, paused 870us total 27.458ms
08-04 18:26:08.972 21896 21908 I art     : Starting a blocking GC Explicit
08-04 18:26:08.995 21896 21908 I art     : Explicit concurrent mark sweep GC freed 373(16KB) AllocSpace objects, 0(0B) LOS objects, 36% free, 27MB/43MB, paused 786us total 23.534ms
08-04 18:26:09.004 21896 21908 I art     : Starting a blocking GC Explicit
08-04 18:26:09.016 21896 22441 D HttpDownloader: Download was successful
08-04 18:26:09.018   918  6110 D WifiService: releaseWifiLockLocked: WifiLock{Downloader type=1 binder=android.os.BinderProxy@b627a9d}
08-04 18:26:09.019 21896 21896 D OnlineFeedViewActivity: Parsing feed
08-04 18:26:09.026 21896 23173 D TypeGetter: Recognized type RSS 2.0
08-04 18:26:09.030 21896 21908 I art     : Explicit concurrent mark sweep GC freed 131(75KB) AllocSpace objects, 2(40KB) LOS objects, 36% free, 27MB/43MB, paused 943us total 25.609ms
08-04 18:26:09.030 21896 23173 D SyndHandler: Recognized Atom namespace
08-04 18:26:09.030 21896 23173 D SyndHandler: Recognized ITunes namespace
08-04 18:26:09.031 21896 23173 D SyndHandler: Recognized media namespace
08-04 18:26:09.031 21896 23173 D SyndHandler: Recognized Content namespace
08-04 18:26:09.039 21896 21908 I art     : Starting a blocking GC Explicit
08-04 18:26:09.065 21896 21908 I art     : Explicit concurrent mark sweep GC freed 1240(135KB) AllocSpace objects, 1(20KB) LOS objects, 36% free, 27MB/43MB, paused 859us total 25.753ms
08-04 18:26:09.074 21896 21908 I art     : Starting a blocking GC Explicit
08-04 18:26:09.091   518   646 I ThermalEngine: ACTION: GPU - Setting GPU[0] to 450000000
08-04 18:26:09.106 21896 21908 I art     : Explicit concurrent mark sweep GC freed 1827(103KB) AllocSpace objects, 0(0B) LOS objects, 36% free, 27MB/43MB, paused 1.250ms total 31.480ms
08-04 18:26:09.138   380   380 W SurfaceFlinger: couldn't log to binary event log: overflow.
08-04 18:26:09.140   512  2967 D audio_hw_primary: disable_audio_route: reset and update mixer path: low-latency-playback speaker
08-04 18:26:09.141   512  2967 D audio_hw_primary: disable_snd_device: snd_device(2: speaker)
08-04 18:26:09.148   512  2967 I soundtrigger: audio_extn_sound_trigger_update_device_status: device 0x2 of type 0 for Event 0
08-04 18:26:09.276 21896 21896 D PlaybackController: Releasing PlaybackController
08-04 18:26:09.405 21896 21908 I art     : Starting a blocking GC Explicit
08-04 18:26:09.445 21896 21908 I art     : Explicit concurrent mark sweep GC freed 19129(1030KB) AllocSpace objects, 1(20KB) LOS objects, 35% free, 28MB/44MB, paused 1.389ms total 39.529ms
08-04 18:26:09.457 21896 21908 I art     : Starting a blocking GC Explicit
08-04 18:26:09.492 21896 21908 I art     : Explicit concurrent mark sweep GC freed 5727(273KB) AllocSpace objects, 0(0B) LOS objects, 36% free, 28MB/44MB, paused 1.575ms total 34.390ms
08-04 18:26:09.503 21896 21908 I art     : Starting a blocking GC Explicit
08-04 18:26:09.537 21896 21908 I art     : Explicit concurrent mark sweep GC freed 4724(228KB) AllocSpace objects, 0(0B) LOS objects, 36% free, 28MB/44MB, paused 1.346ms total 33.266ms
08-04 18:26:09.548 21896 21908 I art     : Starting a blocking GC Explicit
08-04 18:26:09.582 21896 21908 I art     : Explicit concurrent mark sweep GC freed 2682(138KB) AllocSpace objects, 0(0B) LOS objects, 36% free, 28MB/44MB, paused 1.305ms total 33.308ms
08-04 18:26:09.593 21896 21908 I art     : Starting a blocking GC Explicit
08-04 18:26:09.627 21896 21908 I art     : Explicit concurrent mark sweep GC freed 2750(139KB) AllocSpace objects, 0(0B) LOS objects, 36% free, 28MB/44MB, paused 1.477ms total 33.468ms
08-04 18:26:09.928 21896 21908 I art     : Starting a blocking GC Explicit
08-04 18:26:09.971 21896 21908 I art     : Explicit concurrent mark sweep GC freed 19500(1036KB) AllocSpace objects, 1(20KB) LOS objects, 35% free, 29MB/45MB, paused 1.407ms total 43.090ms
08-04 18:26:09.985 21896 21908 I art     : Starting a blocking GC Explicit
08-04 18:26:10.021 21896 21908 I art     : Explicit concurrent mark sweep GC freed 6030(286KB) AllocSpace objects, 0(0B) LOS objects, 35% free, 28MB/44MB, paused 1.370ms total 36.157ms
08-04 18:26:10.033 21896 21908 I art     : Starting a blocking GC Explicit
08-04 18:26:10.069 21896 21908 I art     : Explicit concurrent mark sweep GC freed 4811(233KB) AllocSpace objects, 0(0B) LOS objects, 35% free, 28MB/44MB, paused 1.310ms total 34.951ms
08-04 18:26:10.081 21896 21908 I art     : Starting a blocking GC Explicit
08-04 18:26:10.116 21896 21908 I art     : Explicit concurrent mark sweep GC freed 2752(140KB) AllocSpace objects, 0(0B) LOS objects, 35% free, 28MB/44MB, paused 1.289ms total 35.255ms
08-04 18:26:10.129 21896 21908 I art     : Starting a blocking GC Explicit
08-04 18:26:10.164 21896 21908 I art     : Explicit concurrent mark sweep GC freed 2837(150KB) AllocSpace objects, 0(0B) LOS objects, 35% free, 28MB/44MB, paused 1.381ms total 35.325ms
08-04 18:26:10.499 21896 21920 I art     : Starting a blocking GC Explicit
08-04 18:26:10.545 21896 21920 I art     : Explicit concurrent mark sweep GC freed 21555(1169KB) AllocSpace objects, 1(20KB) LOS objects, 35% free, 29MB/45MB, paused 1.409ms total 45.738ms
08-04 18:26:10.559 21896 21920 I art     : Starting a blocking GC Explicit
08-04 18:26:10.597 21896 21920 I art     : Explicit concurrent mark sweep GC freed 7004(336KB) AllocSpace objects, 0(0B) LOS objects, 35% free, 29MB/45MB, paused 1.391ms total 37.916ms
08-04 18:26:10.610 21896 21920 I art     : Starting a blocking GC Explicit
08-04 18:26:10.647 21896 21920 I art     : Explicit concurrent mark sweep GC freed 4680(230KB) AllocSpace objects, 0(0B) LOS objects, 35% free, 29MB/45MB, paused 1.241ms total 36.584ms
08-04 18:26:10.659 21896 21920 I art     : Starting a blocking GC Explicit
08-04 18:26:10.697 21896 21920 I art     : Explicit concurrent mark sweep GC freed 3009(149KB) AllocSpace objects, 0(0B) LOS objects, 35% free, 29MB/45MB, paused 1.253ms total 37.751ms
08-04 18:26:10.710 21896 21920 I art     : Starting a blocking GC Explicit
08-04 18:26:10.748 21896 21920 I art     : Explicit concurrent mark sweep GC freed 2920(153KB) AllocSpace objects, 0(0B) LOS objects, 35% free, 29MB/45MB, paused 1.468ms total 37.640ms
08-04 18:26:11.069 21896 21908 I art     : Starting a blocking GC Explicit
08-04 18:26:11.118 21896 21908 I art     : Explicit concurrent mark sweep GC freed 20922(1185KB) AllocSpace objects, 1(20KB) LOS objects, 34% free, 30MB/46MB, paused 1.375ms total 48.366ms
08-04 18:26:11.133 21896 21908 I art     : Starting a blocking GC Explicit
08-04 18:26:11.169 21896 21908 I art     : Explicit concurrent mark sweep GC freed 8416(408KB) AllocSpace objects, 0(0B) LOS objects, 34% free, 30MB/46MB, paused 1.503ms total 36.612ms
08-04 18:26:11.183 21896 21908 I art     : Starting a blocking GC Explicit
08-04 18:26:11.220 21896 21908 I art     : Explicit concurrent mark sweep GC freed 3594(176KB) AllocSpace objects, 0(0B) LOS objects, 34% free, 30MB/46MB, paused 1.358ms total 37.407ms
08-04 18:26:11.234 21896 21908 I art     : Starting a blocking GC Explicit
08-04 18:26:11.273 21896 21908 I art     : Explicit concurrent mark sweep GC freed 3137(153KB) AllocSpace objects, 0(0B) LOS objects, 34% free, 30MB/46MB, paused 1.399ms total 38.896ms
08-04 18:26:11.287 21896 21908 I art     : Starting a blocking GC Explicit
08-04 18:26:11.327 21896 21908 I art     : Explicit concurrent mark sweep GC freed 3166(159KB) AllocSpace objects, 0(0B) LOS objects, 34% free, 30MB/46MB, paused 1.511ms total 40.339ms
08-04 18:26:11.620 21896 21909 I art     : Starting a blocking GC Explicit
08-04 18:26:11.670 21896 21909 I art     : Explicit concurrent mark sweep GC freed 19488(1097KB) AllocSpace objects, 1(20KB) LOS objects, 34% free, 30MB/46MB, paused 1.346ms total 50.195ms
08-04 18:26:11.686 21896 21909 I art     : Starting a blocking GC Explicit
08-04 18:26:11.728 21896 21909 I art     : Explicit concurrent mark sweep GC freed 6805(335KB) AllocSpace objects, 0(0B) LOS objects, 34% free, 30MB/46MB, paused 1.602ms total 42.606ms
08-04 18:26:11.742 21896 21909 I art     : Starting a blocking GC Explicit
08-04 18:26:11.784 21896 21909 I art     : Explicit concurrent mark sweep GC freed 5198(225KB) AllocSpace objects, 0(0B) LOS objects, 34% free, 30MB/46MB, paused 1.374ms total 41.522ms
08-04 18:26:11.797 21896 21909 I art     : Starting a blocking GC Explicit
08-04 18:26:11.838 21896 21909 I art     : Explicit concurrent mark sweep GC freed 3379(143KB) AllocSpace objects, 0(0B) LOS objects, 34% free, 30MB/46MB, paused 1.389ms total 40.852ms
08-04 18:26:11.852 21896 21909 I art     : Starting a blocking GC Explicit
08-04 18:26:11.894 21896 21909 I art     : Explicit concurrent mark sweep GC freed 3359(141KB) AllocSpace objects, 0(0B) LOS objects, 34% free, 30MB/46MB, paused 1.149ms total 42.295ms
08-04 18:26:11.935 20095 20095 I ServiceManager: Waiting for service AtCmdFwd...
08-04 18:26:12.215 21896 22216 I art     : Starting a blocking GC Explicit
08-04 18:26:12.252 21896 23173 D OnlineFeedViewActivity: Deleted feed source file. Result: true
08-04 18:26:12.262 21896 21896 D OnlineFeedViewActivity: Removing HTML from shownotes
08-04 18:26:12.265 21896 22216 I art     : Explicit concurrent mark sweep GC freed 20935(955KB) AllocSpace objects, 1(20KB) LOS objects, 33% free, 31MB/47MB, paused 1.291ms total 49.813ms
08-04 18:26:12.281 21896 22216 I art     : Starting a blocking GC Explicit
08-04 18:26:12.329 21896 22216 I art     : Explicit concurrent mark sweep GC freed 34931(2MB) AllocSpace objects, 139(9MB) LOS objects, 33% free, 32MB/48MB, paused 1.302ms total 48.251ms
08-04 18:26:12.343 21896 22216 I art     : Starting a blocking GC Explicit
08-04 18:26:12.392 21896 22216 I art     : Explicit concurrent mark sweep GC freed 43685(3MB) AllocSpace objects, 177(11MB) LOS objects, 33% free, 32MB/48MB, paused 1.253ms total 49.154ms
08-04 18:26:12.407 21896 22216 I art     : Starting a blocking GC Explicit
08-04 18:26:12.458 21896 22216 I art     : Explicit concurrent mark sweep GC freed 41866(3MB) AllocSpace objects, 189(12MB) LOS objects, 33% free, 32MB/48MB, paused 1.394ms total 50.261ms
08-04 18:26:12.473 21896 22216 I art     : Starting a blocking GC Explicit
08-04 18:26:12.526 21896 22216 I art     : Explicit concurrent mark sweep GC freed 43646(3MB) AllocSpace objects, 190(12MB) LOS objects, 33% free, 32MB/48MB, paused 1.299ms total 53.125ms
08-04 18:26:12.825 21896 21920 I art     : Starting a blocking GC Explicit
08-04 18:26:12.842 21896 22821 D ApOkHttpUrlLoader: buildLoadData() called with: model = [http://static.libsyn.com/p/assets/7/1/f/3/71f3014e14ef2722/JREiTunesImage2.jpg], width = [350], height = [350]
08-04 18:26:12.842 21896 21896 I Choreographer: Skipped 34 frames!  The application may be doing too much work on its main thread.
08-04 18:26:12.844 21896 22637 D DBReader: getImageAuthentication() called with: imageUrl = [http://static.libsyn.com/p/assets/7/1/f/3/71f3014e14ef2722/JREiTunesImage2.jpg]
08-04 18:26:12.846 21896 22637 D ApOkHttpUrlLoader: no credentials for 'http://static.libsyn.com/p/assets/7/1/f/3/71f3014e14ef2722/JREiTunesImage2.jpg'
08-04 18:26:12.879 21896 21920 I art     : Explicit concurrent mark sweep GC freed 18748(1942KB) AllocSpace objects, 106(7MB) LOS objects, 34% free, 31MB/47MB, paused 1.831ms total 53.932ms
08-04 18:26:12.893 21896 21920 I art     : Starting a blocking GC Explicit
08-04 18:26:12.934 21896 21920 I art     : Explicit concurrent mark sweep GC freed 1010(52KB) AllocSpace objects, 1(112KB) LOS objects, 34% free, 30MB/46MB, paused 945us total 41.394ms
08-04 18:26:12.936 20095 20095 I ServiceManager: Waiting for service AtCmdFwd...
08-04 18:26:12.941 21896 22637 D MYTAG   : interceptor 2a
08-04 18:26:12.941 21896 22637 I NAPPA_EXPERIMENTATION: MetricNetworkRequestExecutionTime: REQUEST_DURATION_SYSTEM='95',REQUEST_DURATION_OKHTTP='33',REQUEST_SYNCHRONOUS='TRUE',RESPONSE_CODE='200',RESPONSE_METHOD='GET',RESPONSE_LENGTH_OKHTTP='402832',RESPONSE_LENGTH_HEADER='402832',REQUEST_PROTOCOL='http/1.1',REQUEST_URL='http://static.libsyn.com/p/assets/7/1/f/3/71f3014e14ef2722/JREiTunesImage2.jpg',
08-04 18:26:12.949 21896 21920 I art     : Starting a blocking GC Explicit
08-04 18:26:12.990 21896 21920 I art     : Explicit concurrent mark sweep GC freed 262(21KB) AllocSpace objects, 0(0B) LOS objects, 34% free, 30MB/46MB, paused 934us total 41.052ms
08-04 18:26:13.004 21896 21920 I art     : Starting a blocking GC Explicit
08-04 18:26:13.046 21896 21920 I art     : Explicit concurrent mark sweep GC freed 48(2512B) AllocSpace objects, 0(0B) LOS objects, 33% free, 31MB/47MB, paused 1.002ms total 42.096ms
08-04 18:26:13.061 21896 21920 I art     : Starting a blocking GC Explicit
08-04 18:26:13.103 21896 21920 I art     : Explicit concurrent mark sweep GC freed 68(13KB) AllocSpace objects, 0(0B) LOS objects, 33% free, 31MB/47MB, paused 889us total 42.579ms
08-04 18:26:13.229 23238 23238 D AndroidRuntime: >>>>>> START com.android.internal.os.RuntimeInit uid 2000 <<<<<<
08-04 18:26:13.237 23238 23238 D AndroidRuntime: CheckJNI is OFF
08-04 18:26:13.282 23238 23238 D ICU     : No timezone override file found: /data/misc/zoneinfo/current/icu/icu_tzdata.dat
08-04 18:26:13.324 23238 23238 I Radio-JNI: register_android_hardware_Radio DONE
08-04 18:26:13.353 23238 23238 D AndroidRuntime: Calling main entry com.android.commands.input.Input
08-04 18:26:13.355 23238 23238 I Input   : injectMotionEvent: MotionEvent { action=ACTION_DOWN, actionButton=0, id[0]=0, x[0]=693.0, y[0]=821.0, toolType[0]=TOOL_TYPE_UNKNOWN, buttonState=0, metaState=0, flags=0x0, edgeFlags=0x0, pointerCount=1, historySize=0, eventTime=728789767, downTime=728789767, deviceId=0, source=0x1002 }
08-04 18:26:13.360 23238 23238 I Input   : injectMotionEvent: MotionEvent { action=ACTION_UP, actionButton=0, id[0]=0, x[0]=693.0, y[0]=821.0, toolType[0]=TOOL_TYPE_UNKNOWN, buttonState=0, metaState=0, flags=0x0, edgeFlags=0x0, pointerCount=1, historySize=0, eventTime=728789767, downTime=728789767, deviceId=0, source=0x1002 }
08-04 18:26:13.363 23238 23238 D AndroidRuntime: Shutting down VM
08-04 18:26:13.378 21896 21896 D UserPreferences: Using default data folder
08-04 18:26:13.379 21896 21896 D DownloadRequester: partiallyDownloadedFileExists: false
08-04 18:26:13.379 21896 21896 D DownloadRequester: /storage/emulated/0/Android/data/baseline.de.danoeh.antennapod.debug/files/cache/feed-The Joe Rogan Experience is available as a download destination
08-04 18:26:13.379 21896 21896 D DownloadRequester: Requesting download of url http://joeroganexp.joerogan.libsynpro.com/rss
08-04 18:26:13.381   512  2967 D audio_hw_primary: out_set_parameters: enter: usecase(1: low-latency-playback) kvpairs: routing=2
08-04 18:26:13.395   512  2967 D audio_hw_primary: select_devices: out_snd_device(2: speaker) in_snd_device(0: none)
08-04 18:26:13.395   512  2967 D msm8974_platform: platform_send_audio_calibration: sending audio calibration for snd_device(2) acdb_id(15)
08-04 18:26:13.395   512  2967 I soundtrigger: audio_extn_sound_trigger_update_device_status: device 0x2 of type 0 for Event 1
08-04 18:26:13.396 21896 21896 D DownloadService: Service started
08-04 18:26:13.397 21896 21896 D DownloadService: parallel downloads: 4
08-04 18:26:13.402 21896 21896 D DownloadService: Notification set up
08-04 18:26:13.406 21896 23267 D downloadCompletionThd: downloadCompletionThread was started
08-04 18:26:13.407 21896 21896 D DownloadService: Received enqueue request
08-04 18:26:13.408 21896 21896 D OnlineFeedViewActivity: onEventMainThread() called with: event = [DownloadEvent{update=DownloaderUpdate{downloaders=[baseline.de.danoeh.antennapod.core.service.download.HttpDownloader@1674e47], feedIds=[0], mediaIds=[]}}]
08-04 18:26:13.409 21896 21896 D DownloadService: 1 downloads left
08-04 18:26:13.409   512  2967 D audio_hw_primary: enable_snd_device: snd_device(2: speaker)
08-04 18:26:13.409 21896 21896 D DownloadService: Setting up notification updater
08-04 18:26:13.410   918  6110 D WifiService: acquireWifiLockLocked: WifiLock{Downloader type=1 binder=android.os.BinderProxy@e46d3a4}
08-04 18:26:13.411 21896 23269 D AntennapodHttpClient: Creating new instance of HTTP client
08-04 18:26:13.412   512  2967 D audio_hw_primary: enable_audio_route: apply and update mixer path: low-latency-playback speaker
08-04 18:26:13.431 21896 22216 I art     : Starting a blocking GC Explicit
08-04 18:26:13.472 21896 22216 I art     : Explicit concurrent mark sweep GC freed 2561(142KB) AllocSpace objects, 1(20KB) LOS objects, 33% free, 31MB/47MB, paused 1.024ms total 40.629ms
08-04 18:26:13.486 21896 22216 I art     : Starting a blocking GC Explicit
08-04 18:26:13.527 21896 22216 I art     : Explicit concurrent mark sweep GC freed 50(2112B) AllocSpace objects, 0(0B) LOS objects, 33% free, 31MB/47MB, paused 1.075ms total 40.963ms
08-04 18:26:13.542 21896 22216 I art     : Starting a blocking GC Explicit
08-04 18:26:13.557 21896 23269 D MYTAG   : interceptor 3a http://joeroganexp.joerogan.libsynpro.com/rss
08-04 18:26:13.557 21896 23269 I NAPPA_EXPERIMENTATION: MetricNetworkRequestExecutionTime: REQUEST_DURATION_SYSTEM='144',REQUEST_DURATION_OKHTTP='36',REQUEST_SYNCHRONOUS='TRUE',RESPONSE_CODE='200',RESPONSE_METHOD='GET',RESPONSE_LENGTH_OKHTTP='-1',RESPONSE_LENGTH_HEADER='307892',REQUEST_PROTOCOL='http/1.1',REQUEST_URL='http://joeroganexp.joerogan.libsynpro.com/rss',
08-04 18:26:13.557 21896 23269 D HttpDownloader: Response code is 200
08-04 18:26:13.557 21896 23269 D UserPreferences: Using default data folder
08-04 18:26:13.561 21896 23269 D HttpDownloader: Getting size of download
08-04 18:26:13.561 21896 23269 D HttpDownloader: Size is -1
08-04 18:26:13.561 21896 23269 D UserPreferences: Using default data folder
08-04 18:26:13.561 21896 23269 D HttpDownloader: Free space is 20248514560
08-04 18:26:13.561 21896 23269 D HttpDownloader: Starting download
08-04 18:26:13.584 21896 22216 I art     : Explicit concurrent mark sweep GC freed 192(17KB) AllocSpace objects, 0(0B) LOS objects, 33% free, 31MB/47MB, paused 1.062ms total 41.481ms
08-04 18:26:13.598 21896 22216 I art     : Starting a blocking GC Explicit
08-04 18:26:13.638 21896 22216 I art     : Explicit concurrent mark sweep GC freed 26(944B) AllocSpace objects, 0(0B) LOS objects, 33% free, 31MB/47MB, paused 1.059ms total 39.865ms
08-04 18:26:13.651 21896 22216 I art     : Starting a blocking GC Explicit
08-04 18:26:13.691 21896 23269 D HttpDownloader: Download was successful
08-04 18:26:13.692 21896 22216 I art     : Explicit concurrent mark sweep GC freed 7(224B) AllocSpace objects, 0(0B) LOS objects, 33% free, 31MB/47MB, paused 1.012ms total 40.182ms
08-04 18:26:13.692   918  3359 D WifiService: releaseWifiLockLocked: WifiLock{Downloader type=1 binder=android.os.BinderProxy@e46d3a4}
08-04 18:26:13.693 21896 23267 D downloadCompletionThd: Received 'Download Complete' - message.
08-04 18:26:13.693 21896 23267 D DownloadService: Handling completed Feed Download
08-04 18:26:13.693 21896 23268 D FeedSyncThread: Waiting for 3000 ms
08-04 18:26:13.694 21896 21896 D DownloadService: Removing downloader: http://joeroganexp.joerogan.libsynpro.com/rss
08-04 18:26:13.695 21896 21896 D DownloadService: Result of downloads.remove: true
08-04 18:26:13.695 21896 21896 D OnlineFeedViewActivity: onEventMainThread() called with: event = [DownloadEvent{update=DownloaderUpdate{downloaders=[], feedIds=[], mediaIds=[]}}]
08-04 18:26:13.698 21896 23272 D TypeGetter: Recognized type RSS 2.0
08-04 18:26:13.701 21896 23272 D SyndHandler: Recognized Atom namespace
08-04 18:26:13.701 21896 23272 D SyndHandler: Recognized ITunes namespace
08-04 18:26:13.701 21896 23272 D SyndHandler: Recognized media namespace
08-04 18:26:13.701 21896 23272 D SyndHandler: Recognized Content namespace
08-04 18:26:13.936 20095 20095 I ServiceManager: Waiting for service AtCmdFwd...
08-04 18:26:13.959   512  2967 D audio_hw_primary: disable_audio_route: reset and update mixer path: low-latency-playback speaker
08-04 18:26:13.959   512  2967 D audio_hw_primary: disable_snd_device: snd_device(2: speaker)
08-04 18:26:13.967   512  2967 I soundtrigger: audio_extn_sound_trigger_update_device_status: device 0x2 of type 0 for Event 0
08-04 18:26:13.987 21896 21920 I art     : Starting a blocking GC Explicit
08-04 18:26:14.039 21896 21920 I art     : Explicit concurrent mark sweep GC freed 18296(1129KB) AllocSpace objects, 4(80KB) LOS objects, 33% free, 32MB/48MB, paused 1.360ms total 51.472ms
08-04 18:26:14.054 21896 21920 I art     : Starting a blocking GC Explicit
08-04 18:26:14.101 21896 21920 I art     : Explicit concurrent mark sweep GC freed 7934(384KB) AllocSpace objects, 0(0B) LOS objects, 33% free, 32MB/48MB, paused 1.256ms total 46.442ms
08-04 18:26:14.115 21896 21920 I art     : Starting a blocking GC Explicit
08-04 18:26:14.159 21896 21920 I art     : Explicit concurrent mark sweep GC freed 3658(184KB) AllocSpace objects, 0(0B) LOS objects, 33% free, 32MB/48MB, paused 1.374ms total 43.941ms
08-04 18:26:14.173 21896 21920 I art     : Starting a blocking GC Explicit
08-04 18:26:14.218 21896 21920 I art     : Explicit concurrent mark sweep GC freed 3533(182KB) AllocSpace objects, 0(0B) LOS objects, 33% free, 32MB/48MB, paused 1.258ms total 44.383ms
08-04 18:26:14.232 21896 21920 I art     : Starting a blocking GC Explicit
08-04 18:26:14.278 21896 21920 I art     : Explicit concurrent mark sweep GC freed 3479(170KB) AllocSpace objects, 0(0B) LOS objects, 33% free, 32MB/48MB, paused 1.338ms total 45.576ms
08-04 18:26:14.585 21896 21920 I art     : Starting a blocking GC Explicit
08-04 18:26:14.647 21896 21920 I art     : Explicit concurrent mark sweep GC freed 20477(1091KB) AllocSpace objects, 1(20KB) LOS objects, 32% free, 32MB/48MB, paused 1.456ms total 61.403ms
08-04 18:26:14.663 21896 21920 I art     : Starting a blocking GC Explicit
08-04 18:26:14.711 21896 21920 I art     : Explicit concurrent mark sweep GC freed 8715(411KB) AllocSpace objects, 0(0B) LOS objects, 32% free, 32MB/48MB, paused 1.434ms total 47.411ms
08-04 18:26:14.725 21896 21920 I art     : Starting a blocking GC Explicit
08-04 18:26:14.771 21896 21920 I art     : Explicit concurrent mark sweep GC freed 3743(194KB) AllocSpace objects, 0(0B) LOS objects, 32% free, 32MB/48MB, paused 1.334ms total 45.545ms
08-04 18:26:14.786 21896 21920 I art     : Starting a blocking GC Explicit
08-04 18:26:14.835 21896 21920 I art     : Explicit concurrent mark sweep GC freed 3778(197KB) AllocSpace objects, 0(0B) LOS objects, 32% free, 32MB/48MB, paused 1.406ms total 48.864ms
08-04 18:26:14.851 21896 21920 I art     : Starting a blocking GC Explicit
08-04 18:26:14.901 21896 21920 I art     : Explicit concurrent mark sweep GC freed 3795(192KB) AllocSpace objects, 0(0B) LOS objects, 32% free, 32MB/48MB, paused 1.409ms total 50.410ms
08-04 18:26:14.937 20095 20095 I ServiceManager: Waiting for service AtCmdFwd...
08-04 18:26:15.196 21896 21896 D OnlineFeedViewActivity: onEventMainThread() called with: event = [DownloadEvent{update=DownloaderUpdate{downloaders=[], feedIds=[], mediaIds=[]}}]
08-04 18:26:15.215 21896 21909 I art     : Starting a blocking GC Explicit
08-04 18:26:15.283 21896 21909 I art     : Explicit concurrent mark sweep GC freed 20921(1139KB) AllocSpace objects, 1(20KB) LOS objects, 32% free, 33MB/49MB, paused 1.554ms total 67.234ms
08-04 18:26:15.300 21896 21909 I art     : Starting a blocking GC Explicit
08-04 18:26:15.352 21896 21909 I art     : Explicit concurrent mark sweep GC freed 7000(339KB) AllocSpace objects, 0(0B) LOS objects, 32% free, 33MB/49MB, paused 1.562ms total 52.066ms
08-04 18:26:15.368 21896 21909 I art     : Starting a blocking GC Explicit
08-04 18:26:15.420 21896 21909 I art     : Explicit concurrent mark sweep GC freed 6264(306KB) AllocSpace objects, 0(0B) LOS objects, 32% free, 33MB/49MB, paused 1.490ms total 51.610ms
08-04 18:26:15.436 21896 21909 I art     : Starting a blocking GC Explicit
08-04 18:26:15.491 21896 21909 I art     : Explicit concurrent mark sweep GC freed 4019(214KB) AllocSpace objects, 0(0B) LOS objects, 32% free, 33MB/49MB, paused 1.427ms total 55.045ms
08-04 18:26:15.508 21896 21909 I art     : Starting a blocking GC Explicit
08-04 18:26:15.564 21896 21909 I art     : Explicit concurrent mark sweep GC freed 4128(227KB) AllocSpace objects, 0(0B) LOS objects, 32% free, 33MB/49MB, paused 1.502ms total 55.628ms
08-04 18:26:15.910 21896 21908 I art     : Starting a blocking GC Explicit
08-04 18:26:15.937 20095 20095 I ServiceManager: Waiting for service AtCmdFwd...
08-04 18:26:15.978 21896 21908 I art     : Explicit concurrent mark sweep GC freed 22784(1261KB) AllocSpace objects, 1(20KB) LOS objects, 31% free, 34MB/50MB, paused 1.460ms total 68.245ms
08-04 18:26:15.995 21896 21908 I art     : Starting a blocking GC Explicit
08-04 18:26:16.047 21896 21908 I art     : Explicit concurrent mark sweep GC freed 9528(455KB) AllocSpace objects, 0(0B) LOS objects, 32% free, 33MB/49MB, paused 1.448ms total 51.562ms
08-04 18:26:16.064 21896 21908 I art     : Starting a blocking GC Explicit
08-04 18:26:16.117 21896 21908 I art     : Explicit concurrent mark sweep GC freed 4735(246KB) AllocSpace objects, 0(0B) LOS objects, 32% free, 33MB/49MB, paused 1.512ms total 52.961ms
08-04 18:26:16.133 21896 21908 I art     : Starting a blocking GC Explicit
08-04 18:26:16.190 21896 21908 I art     : Explicit concurrent mark sweep GC freed 4284(215KB) AllocSpace objects, 0(0B) LOS objects, 31% free, 34MB/50MB, paused 1.600ms total 56.767ms
08-04 18:26:16.207 21896 21908 I art     : Starting a blocking GC Explicit
08-04 18:26:16.266 21896 21908 I art     : Explicit concurrent mark sweep GC freed 4325(220KB) AllocSpace objects, 0(0B) LOS objects, 31% free, 34MB/50MB, paused 1.667ms total 59.465ms
08-04 18:26:16.600 21896 21920 I art     : Starting a blocking GC Explicit
08-04 18:26:16.668 21896 21920 I art     : Explicit concurrent mark sweep GC freed 22444(1125KB) AllocSpace objects, 1(20KB) LOS objects, 31% free, 34MB/50MB, paused 1.470ms total 68.376ms
08-04 18:26:16.686 21896 21920 I art     : Starting a blocking GC Explicit
08-04 18:26:16.699 21896 21896 D OnlineFeedViewActivity: onEventMainThread() called with: event = [DownloadEvent{update=DownloaderUpdate{downloaders=[], feedIds=[], mediaIds=[]}}]
08-04 18:26:16.744 21896 21920 I art     : Explicit concurrent mark sweep GC freed 6386(287KB) AllocSpace objects, 0(0B) LOS objects, 31% free, 34MB/50MB, paused 1.615ms total 57.270ms
08-04 18:26:16.760 21896 21920 I art     : Starting a blocking GC Explicit
08-04 18:26:16.818 21896 21920 I art     : Explicit concurrent mark sweep GC freed 8254(364KB) AllocSpace objects, 0(0B) LOS objects, 31% free, 34MB/50MB, paused 1.693ms total 57.525ms
08-04 18:26:16.835 21896 21920 I art     : Starting a blocking GC Explicit
08-04 18:26:16.896 21896 21920 I art     : Explicit concurrent mark sweep GC freed 4426(202KB) AllocSpace objects, 0(0B) LOS objects, 31% free, 34MB/50MB, paused 1.744ms total 60.981ms
08-04 18:26:16.914 21896 21920 I art     : Starting a blocking GC Explicit
08-04 18:26:16.937 20095 20095 W Atfwd_Sendcmd: AtCmdFwd service not published, waiting... retryCnt : 2
08-04 18:26:16.973 21896 21920 I art     : Explicit concurrent mark sweep GC freed 4506(215KB) AllocSpace objects, 0(0B) LOS objects, 31% free, 34MB/50MB, paused 1.545ms total 58.648ms
08-04 18:26:17.022 21896 23272 D FeedSyncThread: The Joe Rogan Experience parsed
08-04 18:26:17.030 21896 23272 D FeedSyncThread: Deletion of file '/storage/emulated/0/Android/data/baseline.de.danoeh.antennapod.debug/files/cache/feed-The Joe Rogan Experience' successful
08-04 18:26:17.030 21896 23272 D DBReader: getFeedDownloadLog() called with: feed = [baseline.de.danoeh.antennapod.core.feed.Feed@0]
08-04 18:26:17.031 21896 23268 D FeedSyncThread: Bundling 1 feeds
08-04 18:26:17.033 21896 23326 D DBReader: Extracting Feedlist
08-04 18:26:17.035 21896 23326 D DBTasks : Found no existing Feed with title The Joe Rogan Experience. Adding as new one.
08-04 18:26:17.040 21896 23000 D PodDBAdapter: Setting feed with flattr status The Joe Rogan Experience: 0
08-04 18:26:17.040 21896 23000 D baseline.de.danoeh.antennapod.core.storage.PodDBAdapter@dc432b8: Inserting new Feed into db
08-04 18:26:17.280 21896 21909 I art     : Starting a blocking GC Explicit
08-04 18:26:17.348 21896 21909 I art     : Explicit concurrent mark sweep GC freed 85207(5MB) AllocSpace objects, 1(20KB) LOS objects, 31% free, 34MB/50MB, paused 1.264ms total 67.505ms
08-04 18:26:17.365 21896 21909 I art     : Starting a blocking GC Explicit
08-04 18:26:17.422 21896 21909 I art     : Explicit concurrent mark sweep GC freed 22140(1633KB) AllocSpace objects, 0(0B) LOS objects, 31% free, 34MB/50MB, paused 1.289ms total 56.078ms
08-04 18:26:17.439 21896 21909 I art     : Starting a blocking GC Explicit
08-04 18:26:17.496 21896 21909 I art     : Explicit concurrent mark sweep GC freed 20418(1524KB) AllocSpace objects, 0(0B) LOS objects, 31% free, 34MB/50MB, paused 1.214ms total 57.261ms
08-04 18:26:17.514 21896 21909 I art     : Starting a blocking GC Explicit
08-04 18:26:17.546 21896 21896 D EventDistributor: Processing event queue. Number of events: 1
08-04 18:26:17.547 21896 21896 D EventDistributor: Notifying observers. Data: 1
08-04 18:26:17.547 21896 21896 D DownloadService: 0 downloads left
08-04 18:26:17.547 21896 21916 D DBReader: Extracting Feedlist
08-04 18:26:17.547 21896 21896 D DownloadService: Number of downloads is 0, attempting shutdown
08-04 18:26:17.548 21896 21896 D DownloadService: Service shutting down
08-04 18:26:17.548 21896 21896 D DownloadService: No report is created
08-04 18:26:17.549 21896 21896 D OnlineFeedViewActivity: onEventMainThread() called with: event = [DownloadEvent{update=DownloaderUpdate{downloaders=[], feedIds=[], mediaIds=[]}}]
08-04 18:26:17.550 21896 21896 D DownloadService: NotificationUpdater cancelled. Result: false
08-04 18:26:17.551 21896 23267 E downloadCompletionThd: DownloadCompletionThread was interrupted
08-04 18:26:17.551 21896 21896 D DBTasks : autodownloadUndownloadedItems
08-04 18:26:17.552 21896 23001 D NetworkUtils: Device is connected to Wi-Fi
08-04 18:26:17.552 21896 23001 D NetworkUtils: Auto-dl filter is disabled
08-04 18:26:17.569 21896 21909 I art     : Explicit concurrent mark sweep GC freed 1557(132KB) AllocSpace objects, 1(20KB) LOS objects, 31% free, 34MB/50MB, paused 1.007ms total 55.310ms
08-04 18:26:17.587 21896 21909 I art     : Starting a blocking GC Explicit
08-04 18:26:17.632 21896 21909 I art     : Explicit concurrent mark sweep GC freed 30499(3MB) AllocSpace objects, 0(0B) LOS objects, 33% free, 31MB/47MB, paused 1.073ms total 44.332ms
08-04 18:26:17.965 21896 22216 I art     : Starting a blocking GC Explicit
08-04 18:26:18.018 21896 22216 I art     : Explicit concurrent mark sweep GC freed 1387(82KB) AllocSpace objects, 1(20KB) LOS objects, 33% free, 31MB/47MB, paused 1.121ms total 52.533ms
08-04 18:26:18.033 21896 22216 I art     : Starting a blocking GC Explicit
08-04 18:26:18.079 21896 22216 I art     : Explicit concurrent mark sweep GC freed 23(752B) AllocSpace objects, 0(0B) LOS objects, 33% free, 31MB/47MB, paused 1.067ms total 46.064ms
08-04 18:26:18.094 21896 22216 I art     : Starting a blocking GC Explicit
08-04 18:26:18.132 23337 23337 D AndroidRuntime: >>>>>> START com.android.internal.os.RuntimeInit uid 2000 <<<<<<
08-04 18:26:18.137 23337 23337 D AndroidRuntime: CheckJNI is OFF
08-04 18:26:18.141 21896 22216 I art     : Explicit concurrent mark sweep GC freed 3(96B) AllocSpace objects, 0(0B) LOS objects, 33% free, 31MB/47MB, paused 1.145ms total 47.046ms
08-04 18:26:18.156 21896 22216 I art     : Starting a blocking GC Explicit
08-04 18:26:18.184 23337 23337 D ICU     : No timezone override file found: /data/misc/zoneinfo/current/icu/icu_tzdata.dat
08-04 18:26:18.203 21896 22216 I art     : Explicit concurrent mark sweep GC freed 30(832B) AllocSpace objects, 0(0B) LOS objects, 33% free, 31MB/47MB, paused 1.010ms total 46.594ms
08-04 18:26:18.218 21896 22216 I art     : Starting a blocking GC Explicit
08-04 18:26:18.232 23337 23337 I Radio-JNI: register_android_hardware_Radio DONE
08-04 18:26:18.261 23337 23337 D AndroidRuntime: Calling main entry com.android.commands.input.Input
08-04 18:26:18.263 23337 23337 I Input   : injectKeyEvent: KeyEvent { action=ACTION_DOWN, keyCode=KEYCODE_BACK, scanCode=0, metaState=0, flags=0x0, repeatCount=0, eventTime=728794675, downTime=728794675, deviceId=-1, source=0x101 }
08-04 18:26:18.265 21896 22216 I art     : Explicit concurrent mark sweep GC freed 3(96B) AllocSpace objects, 0(0B) LOS objects, 33% free, 31MB/47MB, paused 1.097ms total 46.730ms
08-04 18:26:18.269 23337 23337 I Input   : injectKeyEvent: KeyEvent { action=ACTION_UP, keyCode=KEYCODE_BACK, scanCode=0, metaState=0, flags=0x0, repeatCount=0, eventTime=728794675, downTime=728794675, deviceId=-1, source=0x101 }
08-04 18:26:18.276 23337 23337 D AndroidRuntime: Shutting down VM
08-04 18:26:18.282 21896 21896 V PlaybackController: initServiceNotRunning()
08-04 18:26:18.282 21896 21896 D ExternalPlayerFragment: Loading media info
08-04 18:26:18.287 21896 21896 D UserPreferences: Using default data folder
08-04 18:26:18.288 21896 22441 D DBReader: getNavDrawerData() called with: 
08-04 18:26:18.301 21896 22441 D DBReader: getDownloadedItems() called
08-04 18:26:18.302 21896 22441 D DBReader: getFavoriteIDList() called
08-04 18:26:18.303 21896 22441 D DBReader: getQueueIDList() called
08-04 18:26:18.304 21896 22441 D DBReader: Extracting Feedlist
08-04 18:26:18.324 21896 21896 D MainActivity: getLastNavFragment() -> AddFeedFragment
08-04 18:26:18.324 13866 13866 I GoogleInputMethodServic: GoogleInputMethodService.onFinishInput():3138 
08-04 18:26:18.324 13866 13866 I GoogleInputMethodServic: GoogleInputMethodService.onStartInput():1808 
08-04 18:26:18.330 21896 22821 D ApOkHttpUrlLoader: buildLoadData() called with: model = [http://static.libsyn.com/p/assets/7/1/f/3/71f3014e14ef2722/JREiTunesImage2.jpg], width = [140], height = [140]
08-04 18:26:18.370 21896 22821 D ApOkHttpUrlLoader: buildLoadData() called with: model = [http://static.libsyn.com/p/assets/7/1/f/3/71f3014e14ef2722/JREiTunesImage2.jpg], width = [140], height = [140]
08-04 18:26:18.561 21896 21908 I art     : Starting a blocking GC Explicit
08-04 18:26:18.618 21896 21908 I art     : Explicit concurrent mark sweep GC freed 2878(186KB) AllocSpace objects, 1(20KB) LOS objects, 33% free, 31MB/47MB, paused 954us total 56.174ms
08-04 18:26:18.632   380   380 W SurfaceFlinger: couldn't log to binary event log: overflow.
08-04 18:26:18.633 21896 21908 I art     : Starting a blocking GC Explicit
08-04 18:26:18.677 21896 21908 I art     : Explicit concurrent mark sweep GC freed 1136(52KB) AllocSpace objects, 0(0B) LOS objects, 33% free, 31MB/47MB, paused 1.021ms total 42.880ms
08-04 18:26:18.691 21896 21908 I art     : Starting a blocking GC Explicit
08-04 18:26:18.734 21896 21908 I art     : Explicit concurrent mark sweep GC freed 146(7KB) AllocSpace objects, 0(0B) LOS objects, 33% free, 31MB/47MB, paused 976us total 42.647ms
08-04 18:26:18.749 21896 21908 I art     : Starting a blocking GC Explicit
08-04 18:26:18.787 21896 21908 I art     : Explicit concurrent mark sweep GC freed 33177(3MB) AllocSpace objects, 2(248KB) LOS objects, 36% free, 28MB/44MB, paused 986us total 38.028ms
08-04 18:26:18.799 21896 21908 I art     : Starting a blocking GC Explicit
08-04 18:26:18.832 21896 21908 I art     : Explicit concurrent mark sweep GC freed 3(96B) AllocSpace objects, 0(0B) LOS objects, 36% free, 28MB/44MB, paused 998us total 33.087ms
08-04 18:26:19.142 21896 22216 I art     : Starting a blocking GC Explicit
08-04 18:26:19.183 21896 22216 I art     : Explicit concurrent mark sweep GC freed 1402(81KB) AllocSpace objects, 1(20KB) LOS objects, 36% free, 28MB/44MB, paused 1.067ms total 40.979ms
08-04 18:26:19.195 21896 22216 I art     : Starting a blocking GC Explicit
08-04 18:26:19.229 21896 22216 I art     : Explicit concurrent mark sweep GC freed 23(752B) AllocSpace objects, 0(0B) LOS objects, 36% free, 28MB/44MB, paused 998us total 33.809ms
08-04 18:26:19.241 21896 22216 I art     : Starting a blocking GC Explicit
08-04 18:26:19.275 21896 22216 I art     : Explicit concurrent mark sweep GC freed 3(96B) AllocSpace objects, 0(0B) LOS objects, 36% free, 28MB/44MB, paused 1.090ms total 33.730ms
08-04 18:26:19.287 21896 22216 I art     : Starting a blocking GC Explicit
08-04 18:26:19.321 21896 22216 I art     : Explicit concurrent mark sweep GC freed 3(96B) AllocSpace objects, 0(0B) LOS objects, 36% free, 28MB/44MB, paused 990us total 33.712ms
08-04 18:26:19.334 21896 22216 I art     : Starting a blocking GC Explicit
08-04 18:26:19.367 21896 22216 I art     : Explicit concurrent mark sweep GC freed 3(96B) AllocSpace objects, 0(0B) LOS objects, 36% free, 28MB/44MB, paused 1.072ms total 33.351ms
08-04 18:26:19.667 21896 21909 I art     : Starting a blocking GC Explicit
08-04 18:26:19.705 21896 21909 I art     : Explicit concurrent mark sweep GC freed 1373(82KB) AllocSpace objects, 1(20KB) LOS objects, 36% free, 28MB/44MB, paused 1.109ms total 37.905ms
08-04 18:26:19.719 21896 21909 I art     : Starting a blocking GC Explicit
08-04 18:26:19.753 21896 21909 I art     : Explicit concurrent mark sweep GC freed 23(752B) AllocSpace objects, 0(0B) LOS objects, 36% free, 28MB/44MB, paused 991us total 33.380ms
08-04 18:26:19.764 21896 21909 I art     : Starting a blocking GC Explicit
08-04 18:26:19.797 21896 21909 I art     : Explicit concurrent mark sweep GC freed 3(96B) AllocSpace objects, 0(0B) LOS objects, 36% free, 28MB/44MB, paused 1.102ms total 32.769ms
08-04 18:26:19.809 21896 21909 I art     : Starting a blocking GC Explicit
08-04 18:26:19.842 21896 21909 I art     : Explicit concurrent mark sweep GC freed 3(96B) AllocSpace objects, 0(0B) LOS objects, 36% free, 28MB/44MB, paused 1.013ms total 32.059ms
08-04 18:26:19.853 21896 21909 I art     : Starting a blocking GC Explicit
08-04 18:26:19.886 21896 21909 I art     : Explicit concurrent mark sweep GC freed 3(96B) AllocSpace objects, 0(0B) LOS objects, 36% free, 28MB/44MB, paused 1.039ms total 32.577ms
08-04 18:26:20.083 23382 23382 D AndroidRuntime: >>>>>> START com.android.internal.os.RuntimeInit uid 2000 <<<<<<
08-04 18:26:20.089 23382 23382 D AndroidRuntime: CheckJNI is OFF
08-04 18:26:20.130 23382 23382 D ICU     : No timezone override file found: /data/misc/zoneinfo/current/icu/icu_tzdata.dat
08-04 18:26:20.172 23382 23382 I Radio-JNI: register_android_hardware_Radio DONE
08-04 18:26:20.201 23382 23382 D AndroidRuntime: Calling main entry com.android.commands.input.Input
08-04 18:26:20.203 23382 23382 I Input   : injectMotionEvent: MotionEvent { action=ACTION_DOWN, actionButton=0, id[0]=0, x[0]=639.0, y[0]=762.0, toolType[0]=TOOL_TYPE_UNKNOWN, buttonState=0, metaState=0, flags=0x0, edgeFlags=0x0, pointerCount=1, historySize=0, eventTime=728796615, downTime=728796615, deviceId=0, source=0x1002 }
08-04 18:26:20.204 21896 21909 I art     : Starting a blocking GC Explicit
08-04 18:26:20.207 23382 23382 I Input   : injectMotionEvent: MotionEvent { action=ACTION_UP, actionButton=0, id[0]=0, x[0]=639.0, y[0]=762.0, toolType[0]=TOOL_TYPE_UNKNOWN, buttonState=0, metaState=0, flags=0x0, edgeFlags=0x0, pointerCount=1, historySize=0, eventTime=728796615, downTime=728796615, deviceId=0, source=0x1002 }
08-04 18:26:20.210 23382 23382 D AndroidRuntime: Shutting down VM
08-04 18:26:20.239 21896 21909 I art     : Explicit concurrent mark sweep GC freed 1672(95KB) AllocSpace objects, 1(20KB) LOS objects, 36% free, 28MB/44MB, paused 1.043ms total 35.108ms
08-04 18:26:20.252 21896 21909 I art     : Starting a blocking GC Explicit
08-04 18:26:20.275   512  2967 D audio_hw_primary: out_set_parameters: enter: usecase(1: low-latency-playback) kvpairs: routing=2
08-04 18:26:20.285 21896 21909 I art     : Explicit concurrent mark sweep GC freed 172(7KB) AllocSpace objects, 0(0B) LOS objects, 36% free, 28MB/44MB, paused 1.310ms total 33.449ms
08-04 18:26:20.289   512  2967 D audio_hw_primary: select_devices: out_snd_device(2: speaker) in_snd_device(0: none)
08-04 18:26:20.289   512  2967 D msm8974_platform: platform_send_audio_calibration: sending audio calibration for snd_device(2) acdb_id(15)
08-04 18:26:20.289   512  2967 I soundtrigger: audio_extn_sound_trigger_update_device_status: device 0x2 of type 0 for Event 1
08-04 18:26:20.295 13866 13866 I GoogleInputMethodServic: GoogleInputMethodService.onFinishInput():3138 
08-04 18:26:20.295 13866 13866 I GoogleInputMethodServic: GoogleInputMethodService.onStartInput():1808 
08-04 18:26:20.298 21896 21909 I art     : Starting a blocking GC Explicit
08-04 18:26:20.302   512  2967 D audio_hw_primary: enable_snd_device: snd_device(2: speaker)
08-04 18:26:20.304   512  2967 D audio_hw_primary: enable_audio_route: apply and update mixer path: low-latency-playback speaker
08-04 18:26:20.328 21896 21909 I art     : Explicit concurrent mark sweep GC freed 72(2976B) AllocSpace objects, 0(0B) LOS objects, 36% free, 28MB/44MB, paused 1.413ms total 30.523ms
08-04 18:26:20.339 21896 21909 I art     : Starting a blocking GC Explicit
08-04 18:26:20.371 21896 21909 I art     : Explicit concurrent mark sweep GC freed 20(736B) AllocSpace objects, 0(0B) LOS objects, 36% free, 28MB/44MB, paused 1.047ms total 31.465ms
08-04 18:26:20.382 21896 21909 I art     : Starting a blocking GC Explicit
08-04 18:26:20.414 21896 21909 I art     : Explicit concurrent mark sweep GC freed 88(5KB) AllocSpace objects, 0(0B) LOS objects, 36% free, 28MB/44MB, paused 1.069ms total 31.275ms
08-04 18:26:20.682 21896 21916 I NAPPA_EXPERIMENTATION: MetricNetworkRequestExecutionTime: REQUEST_DURATION_SYSTEM='407',REQUEST_DURATION_OKHTTP='150',REQUEST_SYNCHRONOUS='TRUE',RESPONSE_CODE='200',RESPONSE_METHOD='GET',RESPONSE_LENGTH_OKHTTP='-1',RESPONSE_LENGTH_HEADER='622',REQUEST_PROTOCOL='h2',REQUEST_URL='https://itunes.apple.com/lookup?id=360084272',
08-04 18:26:20.693 21896 21920 I art     : Starting a blocking GC Explicit
08-04 18:26:20.728 21896 21920 I art     : Explicit concurrent mark sweep GC freed 5944(308KB) AllocSpace objects, 1(20KB) LOS objects, 36% free, 28MB/44MB, paused 1.107ms total 34.380ms
08-04 18:26:20.740   918  5952 I ActivityManager: START u0 {cmp=baseline.de.danoeh.antennapod.debug/baseline.de.danoeh.antennapod.activity.OnlineFeedViewActivity (has extras)} from uid 10670 on display 0
08-04 18:26:20.740 21896 21920 I art     : Starting a blocking GC Explicit
08-04 18:26:20.762 13866 13866 I GoogleInputMethodServic: GoogleInputMethodService.onFinishInput():3138 
08-04 18:26:20.762 13866 13866 I GoogleInputMethodServic: GoogleInputMethodService.onStartInput():1808 
08-04 18:26:20.769 21896 21920 I art     : Explicit concurrent mark sweep GC freed 490(17KB) AllocSpace objects, 0(0B) LOS objects, 36% free, 28MB/44MB, paused 1.031ms total 28.521ms
08-04 18:26:20.780 21896 21920 I art     : Starting a blocking GC Explicit
08-04 18:26:20.790 21896 21896 D UserPreferences: Using default data folder
08-04 18:26:20.791 21896 21896 D OnlineFeedViewActivity: Activity was started with url http://joeroganexp.joerogan.libsynpro.com/rss
08-04 18:26:20.793 21896 21896 D OnlineFeedViewActivity: Starting feed download
08-04 18:26:20.798 21896 22441 D DBReader: Extracting Feedlist
08-04 18:26:20.800   918  3696 D WifiService: acquireWifiLockLocked: WifiLock{Downloader type=1 binder=android.os.BinderProxy@ae09727}
08-04 18:26:20.800 21896 22441 D AntennapodHttpClient: Creating new instance of HTTP client
08-04 18:26:20.811 21896 21920 I art     : Explicit concurrent mark sweep GC freed 891(67KB) AllocSpace objects, 0(0B) LOS objects, 36% free, 28MB/44MB, paused 1.138ms total 30.683ms
08-04 18:26:20.822 21896 21920 I art     : Starting a blocking GC Explicit
08-04 18:26:20.834 21896 22441 D MYTAG   : interceptor 3a http://joeroganexp.joerogan.libsynpro.com/rss
08-04 18:26:20.835 21896 22441 I NAPPA_EXPERIMENTATION: MetricNetworkRequestExecutionTime: REQUEST_DURATION_SYSTEM='33',REQUEST_DURATION_OKHTTP='28',REQUEST_SYNCHRONOUS='TRUE',RESPONSE_CODE='200',RESPONSE_METHOD='GET',RESPONSE_LENGTH_OKHTTP='-1',RESPONSE_LENGTH_HEADER='307892',REQUEST_PROTOCOL='http/1.1',REQUEST_URL='http://joeroganexp.joerogan.libsynpro.com/rss',
08-04 18:26:20.835 21896 22441 D HttpDownloader: Response code is 200
08-04 18:26:20.835 21896 22441 D UserPreferences: Using default data folder
08-04 18:26:20.836 21896 22441 D HttpDownloader: Getting size of download
08-04 18:26:20.837 21896 22441 D HttpDownloader: Size is -1
08-04 18:26:20.837 21896 22441 D UserPreferences: Using default data folder
08-04 18:26:20.837 21896 22441 D HttpDownloader: Free space is 20247285760
08-04 18:26:20.837 21896 22441 D HttpDownloader: Starting download
08-04 18:26:20.839   512  2967 D audio_hw_primary: disable_audio_route: reset and update mixer path: low-latency-playback speaker
08-04 18:26:20.840   512  2967 D audio_hw_primary: disable_snd_device: snd_device(2: speaker)
08-04 18:26:20.850   512  2967 I soundtrigger: audio_extn_sound_trigger_update_device_status: device 0x2 of type 0 for Event 0
08-04 18:26:20.854 21896 21920 I art     : Explicit concurrent mark sweep GC freed 500(34KB) AllocSpace objects, 0(0B) LOS objects, 36% free, 28MB/44MB, paused 1.046ms total 31.457ms
08-04 18:26:20.865 21896 21920 I art     : Starting a blocking GC Explicit
08-04 18:26:20.876 13866 13866 I GoogleInputMethodServic: GoogleInputMethodService.onFinishInput():3138 
08-04 18:26:20.876 13866 13866 I GoogleInputMethodServic: GoogleInputMethodService.onStartInput():1808 
08-04 18:26:20.896 21896 21920 I art     : Explicit concurrent mark sweep GC freed 161(6KB) AllocSpace objects, 0(0B) LOS objects, 35% free, 28MB/44MB, paused 1.088ms total 30.458ms
08-04 18:26:20.914   918   936 I ActivityManager: Displayed baseline.de.danoeh.antennapod.debug/baseline.de.danoeh.antennapod.activity.OnlineFeedViewActivity: +150ms
08-04 18:26:20.944 21896 21917 D OpenGLRenderer: endAllStagingAnimators on 0x7f7eb71000 (GridView) with handle 0x7f7e423700
08-04 18:26:20.984 21896 22441 D HttpDownloader: Download was successful
08-04 18:26:20.985   918  3359 D WifiService: releaseWifiLockLocked: WifiLock{Downloader type=1 binder=android.os.BinderProxy@ae09727}
08-04 18:26:20.985 21896 21896 D OnlineFeedViewActivity: Parsing feed
08-04 18:26:20.990 21896 23427 D TypeGetter: Recognized type RSS 2.0
08-04 18:26:20.992 21896 23427 D SyndHandler: Recognized Atom namespace
08-04 18:26:20.992 21896 23427 D SyndHandler: Recognized ITunes namespace
08-04 18:26:20.992 21896 23427 D SyndHandler: Recognized media namespace
08-04 18:26:20.992 21896 23427 D SyndHandler: Recognized Content namespace
08-04 18:26:21.168   380   380 W SurfaceFlinger: couldn't log to binary event log: overflow.
08-04 18:26:21.198 21896 22216 I art     : Starting a blocking GC Explicit
08-04 18:26:21.234 21896 22216 I art     : Explicit concurrent mark sweep GC freed 13665(874KB) AllocSpace objects, 4(80KB) LOS objects, 35% free, 28MB/44MB, paused 1.220ms total 35.720ms
08-04 18:26:21.245 21896 22216 I art     : Starting a blocking GC Explicit
08-04 18:26:21.279 21896 22216 I art     : Explicit concurrent mark sweep GC freed 5858(282KB) AllocSpace objects, 0(0B) LOS objects, 35% free, 28MB/44MB, paused 1.425ms total 33.365ms
08-04 18:26:21.290 21896 22216 I art     : Starting a blocking GC Explicit
08-04 18:26:21.305 21896 21896 D PlaybackController: Releasing PlaybackController
08-04 18:26:21.325 21896 22216 I art     : Explicit concurrent mark sweep GC freed 2777(146KB) AllocSpace objects, 0(0B) LOS objects, 35% free, 28MB/44MB, paused 1.285ms total 33.988ms
08-04 18:26:21.336 21896 22216 I art     : Starting a blocking GC Explicit
08-04 18:26:21.370 21896 22216 I art     : Explicit concurrent mark sweep GC freed 2745(145KB) AllocSpace objects, 0(0B) LOS objects, 35% free, 28MB/44MB, paused 1.218ms total 33.258ms
08-04 18:26:21.381 21896 22216 I art     : Starting a blocking GC Explicit
08-04 18:26:21.416 21896 22216 I art     : Explicit concurrent mark sweep GC freed 2643(139KB) AllocSpace objects, 0(0B) LOS objects, 35% free, 28MB/44MB, paused 1.267ms total 34.520ms
08-04 18:26:21.712 21896 22216 I art     : Starting a blocking GC Explicit
08-04 18:26:21.756 21896 22216 I art     : Explicit concurrent mark sweep GC freed 19285(1031KB) AllocSpace objects, 1(20KB) LOS objects, 35% free, 29MB/45MB, paused 1.530ms total 43.653ms
08-04 18:26:21.769 21896 22216 I art     : Starting a blocking GC Explicit
08-04 18:26:21.805 21896 22216 I art     : Explicit concurrent mark sweep GC freed 7001(331KB) AllocSpace objects, 0(0B) LOS objects, 35% free, 29MB/45MB, paused 2.106ms total 35.305ms
08-04 18:26:21.816 21896 22216 I art     : Starting a blocking GC Explicit
08-04 18:26:21.852 21896 22216 I art     : Explicit concurrent mark sweep GC freed 3656(174KB) AllocSpace objects, 0(0B) LOS objects, 35% free, 29MB/45MB, paused 1.403ms total 35.133ms
08-04 18:26:21.864 21896 22216 I art     : Starting a blocking GC Explicit
08-04 18:26:21.900 21896 22216 I art     : Explicit concurrent mark sweep GC freed 2933(149KB) AllocSpace objects, 0(0B) LOS objects, 35% free, 29MB/45MB, paused 1.475ms total 36.196ms
08-04 18:26:21.912 21896 22216 I art     : Starting a blocking GC Explicit
08-04 18:26:21.950 21896 22216 I art     : Explicit concurrent mark sweep GC freed 2892(149KB) AllocSpace objects, 0(0B) LOS objects, 35% free, 29MB/45MB, paused 1.459ms total 36.999ms
08-04 18:26:22.274 21896 21920 I art     : Starting a blocking GC Explicit
08-04 18:26:22.321 21896 21920 I art     : Explicit concurrent mark sweep GC freed 21057(1131KB) AllocSpace objects, 1(20KB) LOS objects, 34% free, 30MB/46MB, paused 1.605ms total 46.454ms
08-04 18:26:22.335 21896 21920 I art     : Starting a blocking GC Explicit
08-04 18:26:22.376 21896 21920 I art     : Explicit concurrent mark sweep GC freed 5009(261KB) AllocSpace objects, 0(0B) LOS objects, 34% free, 30MB/46MB, paused 1.523ms total 40.409ms
08-04 18:26:22.388 21896 21920 I art     : Starting a blocking GC Explicit
08-04 18:26:22.426 21896 21920 I art     : Explicit concurrent mark sweep GC freed 6311(300KB) AllocSpace objects, 0(0B) LOS objects, 34% free, 29MB/45MB, paused 1.441ms total 37.279ms
08-04 18:26:22.438 21896 21920 I art     : Starting a blocking GC Explicit
08-04 18:26:22.477 21896 21920 I art     : Explicit concurrent mark sweep GC freed 3005(148KB) AllocSpace objects, 0(0B) LOS objects, 34% free, 29MB/45MB, paused 1.513ms total 38.511ms
08-04 18:26:22.490 21896 21920 I art     : Starting a blocking GC Explicit
08-04 18:26:22.529 21896 21920 I art     : Explicit concurrent mark sweep GC freed 3075(163KB) AllocSpace objects, 0(0B) LOS objects, 34% free, 30MB/46MB, paused 1.604ms total 39.042ms
08-04 18:26:22.660   918 13197 D NetworkMonitor/NetworkAgentInfo [WIFI () - 158]: Checking http://connectivitycheck.gstatic.com/generate_204 on "H369AA63323", 192.168.2.12=192.168.2.12
08-04 18:26:22.768   918 13197 D NetworkMonitor/NetworkAgentInfo [WIFI () - 158]: Probably not a portal: exception java.io.IOException: unexpected end of stream on Connection{connectivitycheck.gstatic.com:80, proxy=HTTP@/192.168.2.12:8080 hostAddress=192.168.2.12 cipherSuite=none protocol=http/1.1} (recycle count=0)
08-04 18:26:22.768   918  3263 D ConnectivityService: NetworkAgentInfo [WIFI () - 158] validation failed
08-04 18:26:22.771   918  3261 E WifiConfigStore:  rewrite network history for "H369AA63323"WPA_PSK
08-04 18:26:22.856 21896 22216 I art     : Starting a blocking GC Explicit
08-04 18:26:22.905 21896 22216 I art     : Explicit concurrent mark sweep GC freed 21337(1168KB) AllocSpace objects, 1(20KB) LOS objects, 34% free, 30MB/46MB, paused 1.501ms total 48.254ms
08-04 18:26:22.918 21896 22216 I art     : Starting a blocking GC Explicit
08-04 18:26:22.957 21896 22216 I art     : Explicit concurrent mark sweep GC freed 8593(412KB) AllocSpace objects, 0(0B) LOS objects, 34% free, 30MB/46MB, paused 1.660ms total 38.370ms
08-04 18:26:22.969 21896 22216 I art     : Starting a blocking GC Explicit
08-04 18:26:23.008 21896 22216 I art     : Explicit concurrent mark sweep GC freed 3539(191KB) AllocSpace objects, 0(0B) LOS objects, 34% free, 30MB/46MB, paused 1.332ms total 38.447ms
08-04 18:26:23.021 21896 22216 I art     : Starting a blocking GC Explicit
08-04 18:26:23.061 21896 22216 I art     : Explicit concurrent mark sweep GC freed 3075(168KB) AllocSpace objects, 0(0B) LOS objects, 34% free, 30MB/46MB, paused 1.430ms total 39.842ms
08-04 18:26:23.061 21896 21907 I art     : WaitForGcToComplete blocked for 40.157ms for cause HeapTrim
08-04 18:26:23.074 21896 22216 I art     : Starting a blocking GC Explicit
08-04 18:26:23.115 21896 22216 I art     : Explicit concurrent mark sweep GC freed 2973(162KB) AllocSpace objects, 0(0B) LOS objects, 34% free, 30MB/46MB, paused 1.534ms total 40.716ms
08-04 18:26:23.432 21896 21920 I art     : Starting a blocking GC Explicit
08-04 18:26:23.483 21896 21920 I art     : Explicit concurrent mark sweep GC freed 20767(1104KB) AllocSpace objects, 1(20KB) LOS objects, 33% free, 31MB/47MB, paused 1.766ms total 50.591ms
08-04 18:26:23.498 21896 21920 I art     : Starting a blocking GC Explicit
08-04 18:26:23.543 21896 21920 I art     : Explicit concurrent mark sweep GC freed 4905(248KB) AllocSpace objects, 0(0B) LOS objects, 33% free, 31MB/47MB, paused 1.567ms total 44.672ms
08-04 18:26:23.557 21896 21920 I art     : Starting a blocking GC Explicit
08-04 18:26:23.598 21896 21920 I art     : Explicit concurrent mark sweep GC freed 7607(378KB) AllocSpace objects, 0(0B) LOS objects, 33% free, 31MB/47MB, paused 1.520ms total 41.050ms
08-04 18:26:23.611 21896 21920 I art     : Starting a blocking GC Explicit
08-04 18:26:23.654 21896 21920 I art     : Explicit concurrent mark sweep GC freed 3373(225KB) AllocSpace objects, 0(0B) LOS objects, 33% free, 31MB/47MB, paused 1.593ms total 42.453ms
08-04 18:26:23.667 21896 21920 I art     : Starting a blocking GC Explicit
08-04 18:26:23.710 21896 21920 I art     : Explicit concurrent mark sweep GC freed 3353(146KB) AllocSpace objects, 0(0B) LOS objects, 33% free, 31MB/47MB, paused 1.418ms total 42.238ms
08-04 18:26:24.049 21896 21920 I art     : Starting a blocking GC Explicit
08-04 18:26:24.100 21896 21920 I art     : Explicit concurrent mark sweep GC freed 22246(975KB) AllocSpace objects, 1(20KB) LOS objects, 33% free, 31MB/47MB, paused 1.635ms total 51.405ms
08-04 18:26:24.116 21896 21920 I art     : Starting a blocking GC Explicit
08-04 18:26:24.163 21896 21920 I art     : Explicit concurrent mark sweep GC freed 5801(273KB) AllocSpace objects, 0(0B) LOS objects, 33% free, 31MB/47MB, paused 1.539ms total 46.411ms
08-04 18:26:24.176 21896 21920 I art     : Starting a blocking GC Explicit
08-04 18:26:24.220 21896 21920 I art     : Explicit concurrent mark sweep GC freed 7400(335KB) AllocSpace objects, 0(0B) LOS objects, 33% free, 31MB/47MB, paused 1.669ms total 43.258ms
08-04 18:26:24.232 21896 23427 D OnlineFeedViewActivity: Deleted feed source file. Result: true
08-04 18:26:24.234 21896 21920 I art     : Starting a blocking GC Explicit
08-04 18:26:24.242 21896 21896 D OnlineFeedViewActivity: Removing HTML from shownotes
08-04 18:26:24.280 21896 21920 I art     : Explicit concurrent mark sweep GC freed 9771(768KB) AllocSpace objects, 36(2MB) LOS objects, 33% free, 31MB/47MB, paused 1.433ms total 45.851ms
08-04 18:26:24.295 21896 21920 I art     : Starting a blocking GC Explicit
08-04 18:26:24.346 21896 21920 I art     : Explicit concurrent mark sweep GC freed 26620(2MB) AllocSpace objects, 117(7MB) LOS objects, 32% free, 32MB/48MB, paused 1.412ms total 51.180ms
08-04 18:26:24.622 21896 22216 I art     : Starting a blocking GC Explicit
08-04 18:26:24.674 21896 22216 I art     : Explicit concurrent mark sweep GC freed 43275(3MB) AllocSpace objects, 188(12MB) LOS objects, 32% free, 33MB/49MB, paused 1.450ms total 51.634ms
08-04 18:26:24.689 21896 22216 I art     : Starting a blocking GC Explicit
08-04 18:26:24.740 21896 22216 I art     : Explicit concurrent mark sweep GC freed 47612(4MB) AllocSpace objects, 224(14MB) LOS objects, 32% free, 33MB/49MB, paused 1.350ms total 50.113ms
08-04 18:26:24.755 21896 22216 I art     : Starting a blocking GC Explicit
08-04 18:26:24.808 21896 22216 I art     : Explicit concurrent mark sweep GC freed 49769(5MB) AllocSpace objects, 336(22MB) LOS objects, 33% free, 32MB/48MB, paused 1.445ms total 52.759ms
08-04 18:26:24.817 21896 21896 I Choreographer: Skipped 33 frames!  The application may be doing too much work on its main thread.
08-04 18:26:24.829 21896 22216 I art     : Starting a blocking GC Explicit
08-04 18:26:24.872 21896 22216 I art     : Explicit concurrent mark sweep GC freed 2897(234KB) AllocSpace objects, 9(612KB) LOS objects, 33% free, 31MB/47MB, paused 1.156ms total 42.507ms
08-04 18:26:24.886 21896 22216 I art     : Starting a blocking GC Explicit
08-04 18:26:24.930 21896 22216 I art     : Explicit concurrent mark sweep GC freed 581(27KB) AllocSpace objects, 1(112KB) LOS objects, 33% free, 31MB/47MB, paused 1.063ms total 43.422ms
08-04 18:26:24.987 23490 23490 D AndroidRuntime: >>>>>> START com.android.internal.os.RuntimeInit uid 2000 <<<<<<
08-04 18:26:24.994 23490 23490 D AndroidRuntime: CheckJNI is OFF
08-04 18:26:25.040 23490 23490 D ICU     : No timezone override file found: /data/misc/zoneinfo/current/icu/icu_tzdata.dat
08-04 18:26:25.087 23490 23490 I Radio-JNI: register_android_hardware_Radio DONE
08-04 18:26:25.114 23490 23490 D AndroidRuntime: Calling main entry com.android.commands.input.Input
08-04 18:26:25.117 23490 23490 I Input   : injectKeyEvent: KeyEvent { action=ACTION_DOWN, keyCode=KEYCODE_BACK, scanCode=0, metaState=0, flags=0x0, repeatCount=0, eventTime=728801530, downTime=728801530, deviceId=-1, source=0x101 }
08-04 18:26:25.123 23490 23490 I Input   : injectKeyEvent: KeyEvent { action=ACTION_UP, keyCode=KEYCODE_BACK, scanCode=0, metaState=0, flags=0x0, repeatCount=0, eventTime=728801530, downTime=728801530, deviceId=-1, source=0x101 }
08-04 18:26:25.129 23490 23490 D AndroidRuntime: Shutting down VM
08-04 18:26:25.133 21896 21896 V PlaybackController: initServiceNotRunning()
08-04 18:26:25.134 21896 21896 D ExternalPlayerFragment: Loading media info
08-04 18:26:25.138 21896 21896 D UserPreferences: Using default data folder
08-04 18:26:25.139 21896 21916 D DBReader: getNavDrawerData() called with: 
08-04 18:26:25.151 21896 21916 D DBReader: getDownloadedItems() called
08-04 18:26:25.152 21896 21916 D DBReader: getFavoriteIDList() called
08-04 18:26:25.153 21896 21916 D DBReader: getQueueIDList() called
08-04 18:26:25.154 21896 21916 D DBReader: Extracting Feedlist
08-04 18:26:25.169 13866 13866 I GoogleInputMethodServic: GoogleInputMethodService.onFinishInput():3138 
08-04 18:26:25.170 13866 13866 I GoogleInputMethodServic: GoogleInputMethodService.onStartInput():1808 
08-04 18:26:25.183 21896 21896 D MainActivity: getLastNavFragment() -> AddFeedFragment
08-04 18:26:25.248 21896 21909 I art     : Starting a blocking GC Explicit
08-04 18:26:25.296 21896 21909 I art     : Explicit concurrent mark sweep GC freed 2518(153KB) AllocSpace objects, 1(20KB) LOS objects, 33% free, 31MB/47MB, paused 1.168ms total 47.635ms
08-04 18:26:25.313 21896 21909 I art     : Starting a blocking GC Explicit
08-04 18:26:25.364 21896 21909 I art     : Explicit concurrent mark sweep GC freed 452(24KB) AllocSpace objects, 0(0B) LOS objects, 33% free, 31MB/47MB, paused 1.162ms total 50.430ms
08-04 18:26:25.380 21896 21909 I art     : Starting a blocking GC Explicit
08-04 18:26:25.434 21896 21909 I art     : Explicit concurrent mark sweep GC freed 3(96B) AllocSpace objects, 0(0B) LOS objects, 33% free, 31MB/47MB, paused 1.194ms total 53.775ms
08-04 18:26:25.449 21896 21909 I art     : Starting a blocking GC Explicit
08-04 18:26:25.457   380   380 W SurfaceFlinger: couldn't log to binary event log: overflow.
08-04 18:26:25.493 21896 21909 I art     : Explicit concurrent mark sweep GC freed 598(25KB) AllocSpace objects, 0(0B) LOS objects, 33% free, 31MB/47MB, paused 1.086ms total 43.732ms
08-04 18:26:25.507 21896 21909 I art     : Starting a blocking GC Explicit
08-04 18:26:25.550 21896 21909 I art     : Explicit concurrent mark sweep GC freed 19(848B) AllocSpace objects, 0(0B) LOS objects, 33% free, 31MB/47MB, paused 1.078ms total 42.452ms
08-04 18:26:25.860 21896 22216 I art     : Starting a blocking GC Explicit
08-04 18:26:25.915 21896 22216 I art     : Explicit concurrent mark sweep GC freed 1372(80KB) AllocSpace objects, 1(20KB) LOS objects, 33% free, 31MB/47MB, paused 1.109ms total 54.003ms
08-04 18:26:25.930 21896 22216 I art     : Starting a blocking GC Explicit
08-04 18:26:25.978 21896 22216 I art     : Explicit concurrent mark sweep GC freed 23(752B) AllocSpace objects, 0(0B) LOS objects, 33% free, 31MB/47MB, paused 1.195ms total 48.353ms
08-04 18:26:25.998 21896 22216 I art     : Starting a blocking GC Explicit
08-04 18:26:26.043 21896 22216 I art     : Explicit concurrent mark sweep GC freed 3(96B) AllocSpace objects, 0(0B) LOS objects, 33% free, 31MB/47MB, paused 1.071ms total 45.363ms
08-04 18:26:26.058 21896 22216 I art     : Starting a blocking GC Explicit
08-04 18:26:26.106 21896 22216 I art     : Explicit concurrent mark sweep GC freed 3(96B) AllocSpace objects, 0(0B) LOS objects, 33% free, 31MB/47MB, paused 1.036ms total 47.643ms
08-04 18:26:26.121 21896 22216 I art     : Starting a blocking GC Explicit
08-04 18:26:26.167 21896 22216 I art     : Explicit concurrent mark sweep GC freed 3(96B) AllocSpace objects, 0(0B) LOS objects, 33% free, 31MB/47MB, paused 1.135ms total 45.671ms
08-04 18:26:26.480 21896 21908 I art     : Starting a blocking GC Explicit
08-04 18:26:26.527 21896 21908 I art     : Explicit concurrent mark sweep GC freed 1504(89KB) AllocSpace objects, 1(20KB) LOS objects, 33% free, 31MB/47MB, paused 1.097ms total 46.848ms
08-04 18:26:26.542 21896 21908 I art     : Starting a blocking GC Explicit
08-04 18:26:26.580 21896 21908 I art     : Explicit concurrent mark sweep GC freed 33168(3MB) AllocSpace objects, 1(28KB) LOS objects, 36% free, 28MB/44MB, paused 1.007ms total 37.770ms
08-04 18:26:26.592 21896 21908 I art     : Starting a blocking GC Explicit
08-04 18:26:26.624 21896 21908 I art     : Explicit concurrent mark sweep GC freed 3(96B) AllocSpace objects, 0(0B) LOS objects, 36% free, 28MB/44MB, paused 1.052ms total 31.585ms
08-04 18:26:26.635 21896 21908 I art     : Starting a blocking GC Explicit
08-04 18:26:26.667 21896 21908 I art     : Explicit concurrent mark sweep GC freed 3(96B) AllocSpace objects, 0(0B) LOS objects, 36% free, 28MB/44MB, paused 1.125ms total 31.656ms
08-04 18:26:26.679 21896 21908 I art     : Starting a blocking GC Explicit
08-04 18:26:26.711 21896 21908 I art     : Explicit concurrent mark sweep GC freed 3(96B) AllocSpace objects, 0(0B) LOS objects, 36% free, 28MB/44MB, paused 1.064ms total 31.689ms
08-04 18:26:26.915 23540 23540 D AndroidRuntime: >>>>>> START com.android.internal.os.RuntimeInit uid 2000 <<<<<<
08-04 18:26:26.921 23540 23540 D AndroidRuntime: CheckJNI is OFF
08-04 18:26:26.938 20095 20095 I ServiceManager: Waiting for service AtCmdFwd...
08-04 18:26:26.960 23540 23540 D ICU     : No timezone override file found: /data/misc/zoneinfo/current/icu/icu_tzdata.dat
08-04 18:26:27.002 23540 23540 I Radio-JNI: register_android_hardware_Radio DONE
08-04 18:26:27.023 21896 21909 I art     : Starting a blocking GC Explicit
08-04 18:26:27.031 23540 23540 D AndroidRuntime: Calling main entry com.android.commands.input.Input
08-04 18:26:27.033 23540 23540 I Input   : injectMotionEvent: MotionEvent { action=ACTION_DOWN, actionButton=0, id[0]=0, x[0]=616.0, y[0]=469.0, toolType[0]=TOOL_TYPE_UNKNOWN, buttonState=0, metaState=0, flags=0x0, edgeFlags=0x0, pointerCount=1, historySize=0, eventTime=728803446, downTime=728803446, deviceId=0, source=0x1002 }
08-04 18:26:27.037 23540 23540 I Input   : injectMotionEvent: MotionEvent { action=ACTION_UP, actionButton=0, id[0]=0, x[0]=616.0, y[0]=469.0, toolType[0]=TOOL_TYPE_UNKNOWN, buttonState=0, metaState=0, flags=0x0, edgeFlags=0x0, pointerCount=1, historySize=0, eventTime=728803446, downTime=728803446, deviceId=0, source=0x1002 }
08-04 18:26:27.040 23540 23540 D AndroidRuntime: Shutting down VM
08-04 18:26:27.059 21896 21909 I art     : Explicit concurrent mark sweep GC freed 1421(82KB) AllocSpace objects, 1(20KB) LOS objects, 36% free, 28MB/44MB, paused 1.212ms total 36.254ms
08-04 18:26:27.072 21896 21909 I art     : Starting a blocking GC Explicit
08-04 18:26:27.103 21896 21909 I art     : Explicit concurrent mark sweep GC freed 45(1856B) AllocSpace objects, 0(0B) LOS objects, 36% free, 28MB/44MB, paused 1.046ms total 30.756ms
08-04 18:26:27.105   512  2967 D audio_hw_primary: out_set_parameters: enter: usecase(1: low-latency-playback) kvpairs: routing=2
08-04 18:26:27.114 13866 13866 I GoogleInputMethodServic: GoogleInputMethodService.onFinishInput():3138 
08-04 18:26:27.115 13866 13866 I GoogleInputMethodServic: GoogleInputMethodService.onStartInput():1808 
08-04 18:26:27.115 21896 21909 I art     : Starting a blocking GC Explicit
08-04 18:26:27.119   512  2967 D audio_hw_primary: select_devices: out_snd_device(2: speaker) in_snd_device(0: none)
08-04 18:26:27.119   512  2967 D msm8974_platform: platform_send_audio_calibration: sending audio calibration for snd_device(2) acdb_id(15)
08-04 18:26:27.119   512  2967 I soundtrigger: audio_extn_sound_trigger_update_device_status: device 0x2 of type 0 for Event 1
08-04 18:26:27.131   512  2967 D audio_hw_primary: enable_snd_device: snd_device(2: speaker)
08-04 18:26:27.133   512  2967 D audio_hw_primary: enable_audio_route: apply and update mixer path: low-latency-playback speaker
08-04 18:26:27.153 21896 21909 I art     : Explicit concurrent mark sweep GC freed 219(9KB) AllocSpace objects, 0(0B) LOS objects, 36% free, 28MB/44MB, paused 1.075ms total 37.453ms
08-04 18:26:27.164 21896 21909 I art     : Starting a blocking GC Explicit
08-04 18:26:27.195 21896 21909 I art     : Explicit concurrent mark sweep GC freed 53(1728B) AllocSpace objects, 0(0B) LOS objects, 36% free, 28MB/44MB, paused 1.129ms total 30.768ms
08-04 18:26:27.207 21896 21909 I art     : Starting a blocking GC Explicit
08-04 18:26:27.239 21896 21909 I art     : Explicit concurrent mark sweep GC freed 15(544B) AllocSpace objects, 0(0B) LOS objects, 36% free, 28MB/44MB, paused 1.126ms total 32.131ms
08-04 18:26:27.281 21896 22441 I NAPPA_EXPERIMENTATION: MetricNetworkRequestExecutionTime: REQUEST_DURATION_SYSTEM='176',REQUEST_DURATION_OKHTTP='175',REQUEST_SYNCHRONOUS='TRUE',RESPONSE_CODE='200',RESPONSE_METHOD='GET',RESPONSE_LENGTH_OKHTTP='-1',RESPONSE_LENGTH_HEADER='628',REQUEST_PROTOCOL='h2',REQUEST_URL='https://itunes.apple.com/lookup?id=1524080195',
08-04 18:26:27.293   918  3670 I ActivityManager: START u0 {cmp=baseline.de.danoeh.antennapod.debug/baseline.de.danoeh.antennapod.activity.OnlineFeedViewActivity (has extras)} from uid 10670 on display 0
08-04 18:26:27.316 13866 13866 I GoogleInputMethodServic: GoogleInputMethodService.onFinishInput():3138 
08-04 18:26:27.316 13866 13866 I GoogleInputMethodServic: GoogleInputMethodService.onStartInput():1808 
08-04 18:26:27.340 21896 21896 D UserPreferences: Using default data folder
08-04 18:26:27.340 21896 21896 D OnlineFeedViewActivity: Activity was started with url https://rss.art19.com/nice-white-parents
08-04 18:26:27.342 21896 21896 D OnlineFeedViewActivity: Starting feed download
08-04 18:26:27.345 21896 21916 D DBReader: Extracting Feedlist
08-04 18:26:27.347   918  3359 D WifiService: acquireWifiLockLocked: WifiLock{Downloader type=1 binder=android.os.BinderProxy@69cbf9c}
08-04 18:26:27.348 21896 21916 D AntennapodHttpClient: Creating new instance of HTTP client
08-04 18:26:27.402 13866 13866 I GoogleInputMethodServic: GoogleInputMethodService.onFinishInput():3138 
08-04 18:26:27.403 13866 13866 I GoogleInputMethodServic: GoogleInputMethodService.onStartInput():1808 
08-04 18:26:27.433   918   936 I ActivityManager: Displayed baseline.de.danoeh.antennapod.debug/baseline.de.danoeh.antennapod.activity.OnlineFeedViewActivity: +115ms
08-04 18:26:27.532 21896 22216 I art     : Starting a blocking GC Explicit
08-04 18:26:27.568 21896 22216 I art     : Explicit concurrent mark sweep GC freed 7693(424KB) AllocSpace objects, 4(220KB) LOS objects, 35% free, 28MB/44MB, paused 1.099ms total 35.718ms
08-04 18:26:27.581 21896 22216 I art     : Starting a blocking GC Explicit
08-04 18:26:27.618 21896 21916 D MYTAG   : interceptor 3a https://rss.art19.com/nice-white-parents
08-04 18:26:27.618 21896 22216 I art     : Explicit concurrent mark sweep GC freed 1366(134KB) AllocSpace objects, 0(0B) LOS objects, 35% free, 28MB/44MB, paused 1.280ms total 37.190ms
08-04 18:26:27.618 21896 21916 I NAPPA_EXPERIMENTATION: MetricNetworkRequestExecutionTime: REQUEST_DURATION_SYSTEM='269',REQUEST_DURATION_OKHTTP='140',REQUEST_SYNCHRONOUS='TRUE',RESPONSE_CODE='200',RESPONSE_METHOD='GET',RESPONSE_LENGTH_OKHTTP='-1',RESPONSE_LENGTH_HEADER='1803',REQUEST_PROTOCOL='h2',REQUEST_URL='https://rss.art19.com/nice-white-parents',
08-04 18:26:27.618 21896 21916 D HttpDownloader: Response code is 200
08-04 18:26:27.618 21896 21916 D UserPreferences: Using default data folder
08-04 18:26:27.622 21896 21916 D HttpDownloader: Getting size of download
08-04 18:26:27.622 21896 21916 D HttpDownloader: Size is -1
08-04 18:26:27.622 21896 21916 D UserPreferences: Using default data folder
08-04 18:26:27.622 21896 21916 D HttpDownloader: Free space is 20247285760
08-04 18:26:27.622 21896 21916 D HttpDownloader: Starting download
08-04 18:26:27.623 21896 21916 D HttpDownloader: Download was successful
08-04 18:26:27.624   918  5952 D WifiService: releaseWifiLockLocked: WifiLock{Downloader type=1 binder=android.os.BinderProxy@69cbf9c}
08-04 18:26:27.625 21896 21896 D OnlineFeedViewActivity: Parsing feed
08-04 18:26:27.630 21896 23582 D TypeGetter: Recognized type RSS 2.0
08-04 18:26:27.632 21896 22216 I art     : Starting a blocking GC Explicit
08-04 18:26:27.638 21896 23582 D SyndHandler: Recognized ITunes namespace
08-04 18:26:27.638 21896 23582 D SyndHandler: Recognized Atom namespace
08-04 18:26:27.638 21896 23582 D SyndHandler: Recognized Content namespace
08-04 18:26:27.647 21896 23582 D OnlineFeedViewActivity: Deleted feed source file. Result: true
08-04 18:26:27.647 21896 21896 D OnlineFeedViewActivity: Removing HTML from shownotes
08-04 18:26:27.671 21896 22216 I art     : Explicit concurrent mark sweep GC freed 1344(216KB) AllocSpace objects, 3(108KB) LOS objects, 35% free, 28MB/44MB, paused 1.483ms total 38.758ms
08-04 18:26:27.675   380   380 W SurfaceFlinger: couldn't log to binary event log: overflow.
08-04 18:26:27.680   512  2967 D audio_hw_primary: disable_audio_route: reset and update mixer path: low-latency-playback speaker
08-04 18:26:27.681   512  2967 D audio_hw_primary: disable_snd_device: snd_device(2: speaker)
08-04 18:26:27.684 21896 22216 I art     : Starting a blocking GC Explicit
08-04 18:26:27.690   512  2967 I soundtrigger: audio_extn_sound_trigger_update_device_status: device 0x2 of type 0 for Event 0
08-04 18:26:27.718 21896 22216 I art     : Explicit concurrent mark sweep GC freed 872(75KB) AllocSpace objects, 1(20KB) LOS objects, 35% free, 28MB/44MB, paused 1.154ms total 33.273ms
08-04 18:26:27.729 21896 22216 I art     : Starting a blocking GC Explicit
08-04 18:26:27.761 21896 22216 I art     : Explicit concurrent mark sweep GC freed 459(21KB) AllocSpace objects, 0(0B) LOS objects, 35% free, 28MB/44MB, paused 1.189ms total 31.361ms
08-04 18:26:27.799 21896 21896 D PlaybackController: Releasing PlaybackController
08-04 18:26:27.938 20095 20095 I ServiceManager: Waiting for service AtCmdFwd...
08-04 18:26:28.064 21896 22216 I art     : Starting a blocking GC Explicit
08-04 18:26:28.108 21896 22216 I art     : Explicit concurrent mark sweep GC freed 1621(94KB) AllocSpace objects, 2(132KB) LOS objects, 35% free, 28MB/44MB, paused 1.204ms total 43.251ms
08-04 18:26:28.123 21896 22216 I art     : Starting a blocking GC Explicit
08-04 18:26:28.159 21896 22216 I art     : Explicit concurrent mark sweep GC freed 39(1296B) AllocSpace objects, 0(0B) LOS objects, 35% free, 28MB/44MB, paused 1.170ms total 35.931ms
08-04 18:26:28.159 21896 21907 I art     : WaitForGcToComplete blocked for 36.234ms for cause HeapTrim
08-04 18:26:28.171 21896 22216 I art     : Starting a blocking GC Explicit
08-04 18:26:28.207 21896 22216 I art     : Explicit concurrent mark sweep GC freed 30(832B) AllocSpace objects, 0(0B) LOS objects, 35% free, 28MB/44MB, paused 1.108ms total 35.429ms
08-04 18:26:28.219 21896 22216 I art     : Starting a blocking GC Explicit
08-04 18:26:28.255 21896 22216 I art     : Explicit concurrent mark sweep GC freed 3(96B) AllocSpace objects, 0(0B) LOS objects, 35% free, 28MB/44MB, paused 1.096ms total 35.900ms
08-04 18:26:28.267 21896 22216 I art     : Starting a blocking GC Explicit
08-04 18:26:28.303 21896 22216 I art     : Explicit concurrent mark sweep GC freed 3(96B) AllocSpace objects, 0(0B) LOS objects, 35% free, 28MB/44MB, paused 1.127ms total 35.325ms
08-04 18:26:28.620 21896 21908 I art     : Starting a blocking GC Explicit
08-04 18:26:28.668 21896 21908 I art     : Explicit concurrent mark sweep GC freed 1374(82KB) AllocSpace objects, 1(20KB) LOS objects, 35% free, 28MB/44MB, paused 1.289ms total 48.043ms
08-04 18:26:28.683 21896 21908 I art     : Starting a blocking GC Explicit
08-04 18:26:28.722 21896 21908 I art     : Explicit concurrent mark sweep GC freed 23(752B) AllocSpace objects, 0(0B) LOS objects, 35% free, 28MB/44MB, paused 1.074ms total 38.785ms
08-04 18:26:28.734 21896 21908 I art     : Starting a blocking GC Explicit
08-04 18:26:28.773 21896 21908 I art     : Explicit concurrent mark sweep GC freed 3(96B) AllocSpace objects, 0(0B) LOS objects, 35% free, 28MB/44MB, paused 1.172ms total 38.959ms
08-04 18:26:28.786 21896 21908 I art     : Starting a blocking GC Explicit
08-04 18:26:28.826 21896 21908 I art     : Explicit concurrent mark sweep GC freed 3(96B) AllocSpace objects, 0(0B) LOS objects, 35% free, 28MB/44MB, paused 1.159ms total 39.149ms
08-04 18:26:28.838 21896 21908 I art     : Starting a blocking GC Explicit
08-04 18:26:28.876 21896 21908 I art     : Explicit concurrent mark sweep GC freed 3(96B) AllocSpace objects, 0(0B) LOS objects, 35% free, 28MB/44MB, paused 1.156ms total 37.682ms
08-04 18:26:28.939 20095 20095 I ServiceManager: Waiting for service AtCmdFwd...
08-04 18:26:29.229 21896 21909 I art     : Starting a blocking GC Explicit
08-04 18:26:29.279 21896 21909 I art     : Explicit concurrent mark sweep GC freed 1405(81KB) AllocSpace objects, 1(20KB) LOS objects, 35% free, 28MB/44MB, paused 1.461ms total 49.582ms
08-04 18:26:29.294 21896 21909 I art     : Starting a blocking GC Explicit
08-04 18:26:29.330 21896 21909 I art     : Explicit concurrent mark sweep GC freed 31(1008B) AllocSpace objects, 0(0B) LOS objects, 35% free, 28MB/44MB, paused 1.063ms total 36.451ms
08-04 18:26:29.343 21896 21909 I art     : Starting a blocking GC Explicit
08-04 18:26:29.379 21896 21909 I art     : Explicit concurrent mark sweep GC freed 8(256B) AllocSpace objects, 0(0B) LOS objects, 35% free, 28MB/44MB, paused 1.197ms total 35.728ms
08-04 18:26:29.391 21896 21909 I art     : Starting a blocking GC Explicit
08-04 18:26:29.427 21896 21909 I art     : Explicit concurrent mark sweep GC freed 8(256B) AllocSpace objects, 0(0B) LOS objects, 35% free, 28MB/44MB, paused 1.185ms total 35.425ms
08-04 18:26:29.440 21896 21909 I art     : Starting a blocking GC Explicit
08-04 18:26:29.477 21896 21909 I art     : Explicit concurrent mark sweep GC freed 9(288B) AllocSpace objects, 0(0B) LOS objects, 35% free, 28MB/44MB, paused 1.203ms total 36.778ms
08-04 18:26:29.802 21896 22216 I art     : Starting a blocking GC Explicit
08-04 18:26:29.854 21896 22216 I art     : Explicit concurrent mark sweep GC freed 1377(80KB) AllocSpace objects, 1(20KB) LOS objects, 35% free, 28MB/44MB, paused 1.152ms total 51.276ms
08-04 18:26:29.869 21896 22216 I art     : Starting a blocking GC Explicit
08-04 18:26:29.906 21896 22216 I art     : Explicit concurrent mark sweep GC freed 23(752B) AllocSpace objects, 0(0B) LOS objects, 35% free, 28MB/44MB, paused 1.160ms total 36.521ms
08-04 18:26:29.919 21896 22216 I art     : Starting a blocking GC Explicit
08-04 18:26:29.940 20095 20095 I ServiceManager: Waiting for service AtCmdFwd...
08-04 18:26:29.958 21896 22216 I art     : Explicit concurrent mark sweep GC freed 3(96B) AllocSpace objects, 0(0B) LOS objects, 35% free, 28MB/44MB, paused 1.212ms total 39.114ms
08-04 18:26:29.971 21896 22216 I art     : Starting a blocking GC Explicit
08-04 18:26:30.009 21896 22216 I art     : Explicit concurrent mark sweep GC freed 3(96B) AllocSpace objects, 0(0B) LOS objects, 35% free, 28MB/44MB, paused 1.139ms total 37.600ms
08-04 18:26:30.022 21896 22216 I art     : Starting a blocking GC Explicit
08-04 18:26:30.061 21896 22216 I art     : Explicit concurrent mark sweep GC freed 3(96B) AllocSpace objects, 0(0B) LOS objects, 35% free, 28MB/44MB, paused 1.174ms total 39.164ms
08-04 18:26:30.407 21896 21920 I art     : Starting a blocking GC Explicit
08-04 18:26:30.459 21896 21920 I art     : Explicit concurrent mark sweep GC freed 1399(81KB) AllocSpace objects, 1(20KB) LOS objects, 35% free, 28MB/44MB, paused 1.506ms total 52.016ms
08-04 18:26:30.476 21896 21920 I art     : Starting a blocking GC Explicit
08-04 18:26:30.512 21896 21920 I art     : Explicit concurrent mark sweep GC freed 23(752B) AllocSpace objects, 0(0B) LOS objects, 35% free, 28MB/44MB, paused 1.170ms total 35.960ms
08-04 18:26:30.525 21896 21920 I art     : Starting a blocking GC Explicit
08-04 18:26:30.564 21896 21920 I art     : Explicit concurrent mark sweep GC freed 3(96B) AllocSpace objects, 0(0B) LOS objects, 35% free, 28MB/44MB, paused 1.170ms total 38.861ms
08-04 18:26:30.576 21896 21920 I art     : Starting a blocking GC Explicit
08-04 18:26:30.616 21896 21920 I art     : Explicit concurrent mark sweep GC freed 3(96B) AllocSpace objects, 0(0B) LOS objects, 35% free, 28MB/44MB, paused 1.129ms total 38.839ms
08-04 18:26:30.628 21896 21920 I art     : Starting a blocking GC Explicit
08-04 18:26:30.667 21896 21920 I art     : Explicit concurrent mark sweep GC freed 3(96B) AllocSpace objects, 0(0B) LOS objects, 35% free, 28MB/44MB, paused 1.318ms total 39.148ms
08-04 18:26:30.777   918  3188 I hubconnection: sensorhub said: 'set_bias 3: -6.1920, 0.0000, 0.0000'
08-04 18:26:30.941 20095 20095 I ServiceManager: Waiting for service AtCmdFwd...
08-04 18:26:31.010 21896 21909 I art     : Starting a blocking GC Explicit
08-04 18:26:31.054 21896 21909 I art     : Explicit concurrent mark sweep GC freed 1372(80KB) AllocSpace objects, 1(20KB) LOS objects, 35% free, 28MB/44MB, paused 1.223ms total 44.287ms
08-04 18:26:31.069 21896 21909 I art     : Starting a blocking GC Explicit
08-04 18:26:31.108 21896 21909 I art     : Explicit concurrent mark sweep GC freed 23(752B) AllocSpace objects, 0(0B) LOS objects, 35% free, 28MB/44MB, paused 1.206ms total 38.227ms
08-04 18:26:31.121 21896 21909 I art     : Starting a blocking GC Explicit
08-04 18:26:31.160 21896 21909 I art     : Explicit concurrent mark sweep GC freed 3(96B) AllocSpace objects, 0(0B) LOS objects, 35% free, 28MB/44MB, paused 1.186ms total 39.517ms
08-04 18:26:31.173 21896 21909 I art     : Starting a blocking GC Explicit
08-04 18:26:31.212 21896 21909 I art     : Explicit concurrent mark sweep GC freed 30(832B) AllocSpace objects, 0(0B) LOS objects, 35% free, 28MB/44MB, paused 1.183ms total 39.075ms
08-04 18:26:31.225 21896 21909 I art     : Starting a blocking GC Explicit
08-04 18:26:31.264 21896 21909 I art     : Explicit concurrent mark sweep GC freed 3(96B) AllocSpace objects, 0(0B) LOS objects, 35% free, 28MB/44MB, paused 1.161ms total 38.998ms
08-04 18:26:31.595 21896 21908 I art     : Starting a blocking GC Explicit
08-04 18:26:31.638 21896 21908 I art     : Explicit concurrent mark sweep GC freed 1373(82KB) AllocSpace objects, 1(20KB) LOS objects, 35% free, 28MB/44MB, paused 1.323ms total 43.471ms
08-04 18:26:31.653 21896 21908 I art     : Starting a blocking GC Explicit
08-04 18:26:31.694 21896 21908 I art     : Explicit concurrent mark sweep GC freed 23(752B) AllocSpace objects, 0(0B) LOS objects, 35% free, 28MB/44MB, paused 1.175ms total 40.679ms
08-04 18:26:31.707 21896 21908 I art     : Starting a blocking GC Explicit
08-04 18:26:31.745 21896 21908 I art     : Explicit concurrent mark sweep GC freed 3(96B) AllocSpace objects, 0(0B) LOS objects, 35% free, 28MB/44MB, paused 1.160ms total 37.747ms
08-04 18:26:31.758 21896 21908 I art     : Starting a blocking GC Explicit
08-04 18:26:31.797 21896 21908 I art     : Explicit concurrent mark sweep GC freed 3(96B) AllocSpace objects, 0(0B) LOS objects, 35% free, 28MB/44MB, paused 1.169ms total 38.754ms
08-04 18:26:31.810 21896 21908 I art     : Starting a blocking GC Explicit
08-04 18:26:31.848 21896 21908 I art     : Explicit concurrent mark sweep GC freed 3(96B) AllocSpace objects, 0(0B) LOS objects, 35% free, 28MB/44MB, paused 1.148ms total 38.269ms
08-04 18:26:31.941 20095 20095 W Atfwd_Sendcmd: AtCmdFwd service not published, waiting... retryCnt : 3
08-04 18:26:32.203 21896 22216 I art     : Starting a blocking GC Explicit
08-04 18:26:32.252 21896 22216 I art     : Explicit concurrent mark sweep GC freed 1399(81KB) AllocSpace objects, 1(20KB) LOS objects, 35% free, 28MB/44MB, paused 1.227ms total 48.135ms
08-04 18:26:32.267 21896 22216 I art     : Starting a blocking GC Explicit
08-04 18:26:32.307 21896 22216 I art     : Explicit concurrent mark sweep GC freed 23(752B) AllocSpace objects, 0(0B) LOS objects, 35% free, 28MB/44MB, paused 1.139ms total 39.390ms
08-04 18:26:32.320 21896 22216 I art     : Starting a blocking GC Explicit
08-04 18:26:32.358 21896 22216 I art     : Explicit concurrent mark sweep GC freed 3(96B) AllocSpace objects, 0(0B) LOS objects, 35% free, 28MB/44MB, paused 1.308ms total 37.612ms
08-04 18:26:32.370 21896 22216 I art     : Starting a blocking GC Explicit
08-04 18:26:32.406 21896 22216 I art     : Explicit concurrent mark sweep GC freed 3(96B) AllocSpace objects, 0(0B) LOS objects, 35% free, 28MB/44MB, paused 1.097ms total 35.370ms
08-04 18:26:32.418 21896 22216 I art     : Starting a blocking GC Explicit
08-04 18:26:32.456 21896 22216 I art     : Explicit concurrent mark sweep GC freed 3(96B) AllocSpace objects, 0(0B) LOS objects, 35% free, 28MB/44MB, paused 1.062ms total 37.149ms
08-04 18:26:32.807 21896 21920 I art     : Starting a blocking GC Explicit
08-04 18:26:32.854 21896 21920 I art     : Explicit concurrent mark sweep GC freed 1372(80KB) AllocSpace objects, 1(20KB) LOS objects, 35% free, 28MB/44MB, paused 1.164ms total 46.675ms
08-04 18:26:32.869 21896 21920 I art     : Starting a blocking GC Explicit
08-04 18:26:32.908 21896 21920 I art     : Explicit concurrent mark sweep GC freed 23(752B) AllocSpace objects, 0(0B) LOS objects, 35% free, 28MB/44MB, paused 1.294ms total 39.184ms
08-04 18:26:32.921 21896 21920 I art     : Starting a blocking GC Explicit
08-04 18:26:32.960 21896 21920 I art     : Explicit concurrent mark sweep GC freed 3(96B) AllocSpace objects, 0(0B) LOS objects, 35% free, 28MB/44MB, paused 1.201ms total 38.933ms
08-04 18:26:32.973 21896 21920 I art     : Starting a blocking GC Explicit
08-04 18:26:33.011 21896 21920 I art     : Explicit concurrent mark sweep GC freed 3(96B) AllocSpace objects, 0(0B) LOS objects, 35% free, 28MB/44MB, paused 1.168ms total 38.600ms
08-04 18:26:33.024 21896 21920 I art     : Starting a blocking GC Explicit
08-04 18:26:33.064 21896 21920 I art     : Explicit concurrent mark sweep GC freed 3(96B) AllocSpace objects, 0(0B) LOS objects, 35% free, 28MB/44MB, paused 1.188ms total 39.526ms
08-04 18:26:33.423 21896 21909 I art     : Starting a blocking GC Explicit
08-04 18:26:33.473 21896 21909 I art     : Explicit concurrent mark sweep GC freed 1399(81KB) AllocSpace objects, 1(20KB) LOS objects, 35% free, 28MB/44MB, paused 1.289ms total 50.145ms
08-04 18:26:33.487 21896 21909 I art     : Starting a blocking GC Explicit
08-04 18:26:33.527 21896 21909 I art     : Explicit concurrent mark sweep GC freed 23(752B) AllocSpace objects, 0(0B) LOS objects, 35% free, 28MB/44MB, paused 1.164ms total 39.240ms
08-04 18:26:33.539 21896 21909 I art     : Starting a blocking GC Explicit
08-04 18:26:33.578 21896 21909 I art     : Explicit concurrent mark sweep GC freed 3(96B) AllocSpace objects, 0(0B) LOS objects, 35% free, 28MB/44MB, paused 1.169ms total 38.468ms
08-04 18:26:33.590 21896 21909 I art     : Starting a blocking GC Explicit
08-04 18:26:33.628 21896 21909 I art     : Explicit concurrent mark sweep GC freed 3(96B) AllocSpace objects, 0(0B) LOS objects, 35% free, 28MB/44MB, paused 1.290ms total 37.523ms
08-04 18:26:33.640 21896 21909 I art     : Starting a blocking GC Explicit
08-04 18:26:33.680 21896 21909 I art     : Explicit concurrent mark sweep GC freed 3(96B) AllocSpace objects, 0(0B) LOS objects, 35% free, 28MB/44MB, paused 1.178ms total 39.102ms
08-04 18:26:34.014 21896 21908 I art     : Starting a blocking GC Explicit
08-04 18:26:34.063 21896 21908 I art     : Explicit concurrent mark sweep GC freed 1372(80KB) AllocSpace objects, 1(20KB) LOS objects, 35% free, 28MB/44MB, paused 1.220ms total 48.258ms
08-04 18:26:34.078 21896 21908 I art     : Starting a blocking GC Explicit
08-04 18:26:34.117 21896 21908 I art     : Explicit concurrent mark sweep GC freed 23(752B) AllocSpace objects, 0(0B) LOS objects, 35% free, 28MB/44MB, paused 1.164ms total 38.108ms
08-04 18:26:34.129 21896 21908 I art     : Starting a blocking GC Explicit
08-04 18:26:34.169 21896 21908 I art     : Explicit concurrent mark sweep GC freed 3(96B) AllocSpace objects, 0(0B) LOS objects, 35% free, 28MB/44MB, paused 1.190ms total 39.283ms
08-04 18:26:34.181 21896 21908 I art     : Starting a blocking GC Explicit
08-04 18:26:34.218 21896 21908 I art     : Explicit concurrent mark sweep GC freed 30(832B) AllocSpace objects, 0(0B) LOS objects, 35% free, 28MB/44MB, paused 1.128ms total 36.732ms
08-04 18:26:34.231 21896 21908 I art     : Starting a blocking GC Explicit
08-04 18:26:34.270 21896 21908 I art     : Explicit concurrent mark sweep GC freed 3(96B) AllocSpace objects, 0(0B) LOS objects, 35% free, 28MB/44MB, paused 1.184ms total 38.886ms
08-04 18:26:34.615 21896 22216 I art     : Starting a blocking GC Explicit
08-04 18:26:34.666 21896 22216 I art     : Explicit concurrent mark sweep GC freed 1372(80KB) AllocSpace objects, 1(20KB) LOS objects, 35% free, 28MB/44MB, paused 1.304ms total 49.941ms
08-04 18:26:34.682 21896 22216 I art     : Starting a blocking GC Explicit
08-04 18:26:34.719 21896 22216 I art     : Explicit concurrent mark sweep GC freed 23(752B) AllocSpace objects, 0(0B) LOS objects, 35% free, 28MB/44MB, paused 1.200ms total 36.533ms
08-04 18:26:34.731 21896 22216 I art     : Starting a blocking GC Explicit
08-04 18:26:34.770 21896 22216 I art     : Explicit concurrent mark sweep GC freed 3(96B) AllocSpace objects, 0(0B) LOS objects, 35% free, 28MB/44MB, paused 1.180ms total 38.858ms
08-04 18:26:34.783 21896 22216 I art     : Starting a blocking GC Explicit
08-04 18:26:34.822 21896 22216 I art     : Explicit concurrent mark sweep GC freed 3(96B) AllocSpace objects, 0(0B) LOS objects, 35% free, 28MB/44MB, paused 1.142ms total 38.634ms
08-04 18:26:34.834 21896 22216 I art     : Starting a blocking GC Explicit
08-04 18:26:34.873 21896 22216 I art     : Explicit concurrent mark sweep GC freed 3(96B) AllocSpace objects, 0(0B) LOS objects, 35% free, 28MB/44MB, paused 1.188ms total 38.860ms
08-04 18:26:35.228 21896 21920 I art     : Starting a blocking GC Explicit
08-04 18:26:35.277 21896 21920 I art     : Explicit concurrent mark sweep GC freed 1399(81KB) AllocSpace objects, 1(20KB) LOS objects, 35% free, 28MB/44MB, paused 1.295ms total 49.392ms
08-04 18:26:35.295 21896 21920 I art     : Starting a blocking GC Explicit
08-04 18:26:35.329 21896 21920 I art     : Explicit concurrent mark sweep GC freed 23(752B) AllocSpace objects, 0(0B) LOS objects, 35% free, 28MB/44MB, paused 1.109ms total 33.314ms
08-04 18:26:35.340 21896 21920 I art     : Starting a blocking GC Explicit
08-04 18:26:35.374 21896 21920 I art     : Explicit concurrent mark sweep GC freed 3(96B) AllocSpace objects, 0(0B) LOS objects, 35% free, 28MB/44MB, paused 1.098ms total 33.093ms
08-04 18:26:35.385 21896 21920 I art     : Starting a blocking GC Explicit
08-04 18:26:35.420 21896 21920 I art     : Explicit concurrent mark sweep GC freed 3(96B) AllocSpace objects, 0(0B) LOS objects, 35% free, 28MB/44MB, paused 1.141ms total 34.024ms
08-04 18:26:35.432 21896 21920 I art     : Starting a blocking GC Explicit
08-04 18:26:35.469 21896 21920 I art     : Explicit concurrent mark sweep GC freed 3(96B) AllocSpace objects, 0(0B) LOS objects, 35% free, 28MB/44MB, paused 1.236ms total 36.867ms
08-04 18:26:35.797 21896 21909 I art     : Starting a blocking GC Explicit
08-04 18:26:35.842 21896 21909 I art     : Explicit concurrent mark sweep GC freed 1372(80KB) AllocSpace objects, 1(20KB) LOS objects, 35% free, 28MB/44MB, paused 1.353ms total 44.187ms
08-04 18:26:35.848 23716 23716 D AndroidRuntime: >>>>>> START com.android.internal.os.RuntimeInit uid 2000 <<<<<<
08-04 18:26:35.854 23716 23716 D AndroidRuntime: CheckJNI is OFF
08-04 18:26:35.857 21896 21909 I art     : Starting a blocking GC Explicit
08-04 18:26:35.894 21896 21909 I art     : Explicit concurrent mark sweep GC freed 23(752B) AllocSpace objects, 0(0B) LOS objects, 35% free, 28MB/44MB, paused 1.196ms total 36.083ms
08-04 18:26:35.901 23716 23716 D ICU     : No timezone override file found: /data/misc/zoneinfo/current/icu/icu_tzdata.dat
08-04 18:26:35.906 21896 21909 I art     : Starting a blocking GC Explicit
08-04 18:26:35.942 21896 21909 I art     : Explicit concurrent mark sweep GC freed 3(96B) AllocSpace objects, 0(0B) LOS objects, 35% free, 28MB/44MB, paused 1.206ms total 36.134ms
08-04 18:26:35.945 23716 23716 I Radio-JNI: register_android_hardware_Radio DONE
08-04 18:26:35.954 21896 21909 I art     : Starting a blocking GC Explicit
08-04 18:26:35.975 23716 23716 D AndroidRuntime: Calling main entry com.android.commands.input.Input
08-04 18:26:35.976 23716 23716 I Input   : injectKeyEvent: KeyEvent { action=ACTION_DOWN, keyCode=KEYCODE_BACK, scanCode=0, metaState=0, flags=0x0, repeatCount=0, eventTime=728812389, downTime=728812389, deviceId=-1, source=0x101 }
08-04 18:26:35.983 23716 23716 I Input   : injectKeyEvent: KeyEvent { action=ACTION_UP, keyCode=KEYCODE_BACK, scanCode=0, metaState=0, flags=0x0, repeatCount=0, eventTime=728812389, downTime=728812389, deviceId=-1, source=0x101 }
08-04 18:26:35.989 21896 21909 I art     : Explicit concurrent mark sweep GC freed 10(640B) AllocSpace objects, 0(0B) LOS objects, 35% free, 28MB/44MB, paused 1.153ms total 35.328ms
08-04 18:26:35.992 23716 23716 D AndroidRuntime: Shutting down VM
08-04 18:26:35.995 21896 21896 V PlaybackController: initServiceNotRunning()
08-04 18:26:35.996 21896 21896 D ExternalPlayerFragment: Loading media info
08-04 18:26:36.001 21896 21909 I art     : Starting a blocking GC Explicit
08-04 18:26:36.002 21896 21896 D UserPreferences: Using default data folder
08-04 18:26:36.006 21896 22441 D DBReader: getNavDrawerData() called with: 
08-04 18:26:36.022 21896 22441 D DBReader: getDownloadedItems() called
08-04 18:26:36.024 21896 22441 D DBReader: getFavoriteIDList() called
08-04 18:26:36.025 21896 22441 D DBReader: getQueueIDList() called
08-04 18:26:36.026 21896 22441 D DBReader: Extracting Feedlist
08-04 18:26:36.035 21896 21909 I art     : Explicit concurrent mark sweep GC freed 616(48KB) AllocSpace objects, 0(0B) LOS objects, 35% free, 28MB/44MB, paused 1.348ms total 33.591ms
08-04 18:26:36.035 13866 13866 I GoogleInputMethodServic: GoogleInputMethodService.onFinishInput():3138 
08-04 18:26:36.037 13866 13866 I GoogleInputMethodServic: GoogleInputMethodService.onStartInput():1808 
08-04 18:26:36.050 21896 21896 D MainActivity: getLastNavFragment() -> AddFeedFragment
08-04 18:26:36.334   380   380 W SurfaceFlinger: couldn't log to binary event log: overflow.
08-04 18:26:36.342 21896 22216 I art     : Starting a blocking GC Explicit
08-04 18:26:36.377 21896 22216 I art     : Explicit concurrent mark sweep GC freed 2764(143KB) AllocSpace objects, 1(20KB) LOS objects, 35% free, 28MB/44MB, paused 1.099ms total 34.309ms
08-04 18:26:36.388 21896 22216 I art     : Starting a blocking GC Explicit
08-04 18:26:36.421 21896 22216 I art     : Explicit concurrent mark sweep GC freed 288(16KB) AllocSpace objects, 0(0B) LOS objects, 35% free, 28MB/44MB, paused 1.150ms total 32.905ms
08-04 18:26:36.433 21896 22216 I art     : Starting a blocking GC Explicit
08-04 18:26:36.468 21896 22216 I art     : Explicit concurrent mark sweep GC freed 2320(146KB) AllocSpace objects, 1(28KB) LOS objects, 36% free, 28MB/44MB, paused 1.257ms total 34.668ms
08-04 18:26:36.480 21896 22216 I art     : Starting a blocking GC Explicit
08-04 18:26:36.515 21896 22216 I art     : Explicit concurrent mark sweep GC freed 3(96B) AllocSpace objects, 0(0B) LOS objects, 36% free, 28MB/44MB, paused 1.113ms total 34.620ms
08-04 18:26:36.527 21896 22216 I art     : Starting a blocking GC Explicit
08-04 18:26:36.561 21896 22216 I art     : Explicit concurrent mark sweep GC freed 3(96B) AllocSpace objects, 0(0B) LOS objects, 36% free, 28MB/44MB, paused 1.113ms total 34.169ms
08-04 18:26:36.885 21896 21908 I art     : Starting a blocking GC Explicit
08-04 18:26:36.933 21896 21908 I art     : Explicit concurrent mark sweep GC freed 1374(82KB) AllocSpace objects, 1(20KB) LOS objects, 36% free, 28MB/44MB, paused 1.117ms total 48.360ms
08-04 18:26:36.949 21896 21908 I art     : Starting a blocking GC Explicit
08-04 18:26:36.986 21896 21908 I art     : Explicit concurrent mark sweep GC freed 23(752B) AllocSpace objects, 0(0B) LOS objects, 36% free, 28MB/44MB, paused 1.118ms total 36.552ms
08-04 18:26:36.998 21896 21908 I art     : Starting a blocking GC Explicit
08-04 18:26:37.033 21896 21908 I art     : Explicit concurrent mark sweep GC freed 3(96B) AllocSpace objects, 0(0B) LOS objects, 36% free, 28MB/44MB, paused 1.102ms total 34.524ms
08-04 18:26:37.045 21896 21908 I art     : Starting a blocking GC Explicit
08-04 18:26:37.080 21896 21908 I art     : Explicit concurrent mark sweep GC freed 3(96B) AllocSpace objects, 0(0B) LOS objects, 36% free, 28MB/44MB, paused 1.107ms total 34.819ms
08-04 18:26:37.092 21896 21908 I art     : Starting a blocking GC Explicit
08-04 18:26:37.127 21896 21908 I art     : Explicit concurrent mark sweep GC freed 3(96B) AllocSpace objects, 0(0B) LOS objects, 36% free, 28MB/44MB, paused 1.248ms total 34.621ms
08-04 18:26:37.418 21896 21909 I art     : Starting a blocking GC Explicit
08-04 18:26:37.459 21896 21909 I art     : Explicit concurrent mark sweep GC freed 1400(81KB) AllocSpace objects, 1(20KB) LOS objects, 36% free, 28MB/44MB, paused 1.282ms total 40.839ms
08-04 18:26:37.472 21896 21909 I art     : Starting a blocking GC Explicit
08-04 18:26:37.505 21896 21909 I art     : Explicit concurrent mark sweep GC freed 23(752B) AllocSpace objects, 0(0B) LOS objects, 36% free, 28MB/44MB, paused 1.129ms total 33.008ms
08-04 18:26:37.516 21896 21909 I art     : Starting a blocking GC Explicit
08-04 18:26:37.550 21896 21909 I art     : Explicit concurrent mark sweep GC freed 3(96B) AllocSpace objects, 0(0B) LOS objects, 36% free, 28MB/44MB, paused 1.143ms total 32.908ms
08-04 18:26:37.561 21896 21909 I art     : Starting a blocking GC Explicit
08-04 18:26:37.595 21896 21909 I art     : Explicit concurrent mark sweep GC freed 3(96B) AllocSpace objects, 0(0B) LOS objects, 36% free, 28MB/44MB, paused 1.104ms total 33.196ms
08-04 18:26:37.607 21896 21909 I art     : Starting a blocking GC Explicit
08-04 18:26:37.646 21896 21909 I art     : Explicit concurrent mark sweep GC freed 5(160B) AllocSpace objects, 0(0B) LOS objects, 36% free, 28MB/44MB, paused 1.102ms total 38.717ms
08-04 18:26:37.783 23759 23759 D AndroidRuntime: >>>>>> START com.android.internal.os.RuntimeInit uid 2000 <<<<<<
08-04 18:26:37.789 23759 23759 D AndroidRuntime: CheckJNI is OFF
08-04 18:26:37.833 23759 23759 D ICU     : No timezone override file found: /data/misc/zoneinfo/current/icu/icu_tzdata.dat
08-04 18:26:37.875 23759 23759 I Radio-JNI: register_android_hardware_Radio DONE
08-04 18:26:37.902 23759 23759 D AndroidRuntime: Calling main entry com.android.commands.input.Input
08-04 18:26:37.904 23759 23759 I Input   : injectKeyEvent: KeyEvent { action=ACTION_DOWN, keyCode=KEYCODE_BACK, scanCode=0, metaState=0, flags=0x0, repeatCount=0, eventTime=728814317, downTime=728814317, deviceId=-1, source=0x101 }
08-04 18:26:37.909 23759 23759 I Input   : injectKeyEvent: KeyEvent { action=ACTION_UP, keyCode=KEYCODE_BACK, scanCode=0, metaState=0, flags=0x0, repeatCount=0, eventTime=728814317, downTime=728814317, deviceId=-1, source=0x101 }
08-04 18:26:37.922 13866 13866 I GoogleInputMethodServic: GoogleInputMethodService.onFinishInput():3138 
08-04 18:26:37.922 13866 13866 I GoogleInputMethodServic: GoogleInputMethodService.onStartInput():1808 
08-04 18:26:37.928 23759 23759 D AndroidRuntime: Shutting down VM
08-04 18:26:37.980 21896 21920 I art     : Starting a blocking GC Explicit
08-04 18:26:38.014 21896 21920 I art     : Explicit concurrent mark sweep GC freed 2550(128KB) AllocSpace objects, 1(20KB) LOS objects, 36% free, 28MB/44MB, paused 1.181ms total 34.556ms
08-04 18:26:38.026 21896 21920 I art     : Starting a blocking GC Explicit
08-04 18:26:38.060 21896 21920 I art     : Explicit concurrent mark sweep GC freed 2697(179KB) AllocSpace objects, 9(1540KB) LOS objects, 37% free, 26MB/42MB, paused 1.288ms total 33.430ms
08-04 18:26:38.071 21896 21920 I art     : Starting a blocking GC Explicit
08-04 18:26:38.104 21896 21920 I art     : Explicit concurrent mark sweep GC freed 3(96B) AllocSpace objects, 0(0B) LOS objects, 37% free, 26MB/42MB, paused 1.126ms total 32.754ms
08-04 18:26:38.116 21896 21920 I art     : Starting a blocking GC Explicit
08-04 18:26:38.149 21896 21920 I art     : Explicit concurrent mark sweep GC freed 3(96B) AllocSpace objects, 0(0B) LOS objects, 37% free, 26MB/42MB, paused 1.113ms total 33.097ms
08-04 18:26:38.161 21896 21920 I art     : Starting a blocking GC Explicit
08-04 18:26:38.195 21896 21920 I art     : Explicit concurrent mark sweep GC freed 30(832B) AllocSpace objects, 0(0B) LOS objects, 37% free, 26MB/42MB, paused 1.165ms total 33.867ms
08-04 18:26:38.499 21896 21909 I art     : Starting a blocking GC Explicit
08-04 18:26:38.540 21896 21909 I art     : Explicit concurrent mark sweep GC freed 1373(81KB) AllocSpace objects, 1(20KB) LOS objects, 37% free, 26MB/42MB, paused 1.169ms total 40.278ms
08-04 18:26:38.554 21896 21909 I art     : Starting a blocking GC Explicit
08-04 18:26:38.589 21896 21909 I art     : Explicit concurrent mark sweep GC freed 23(752B) AllocSpace objects, 0(0B) LOS objects, 37% free, 26MB/42MB, paused 1.152ms total 34.340ms
08-04 18:26:38.601 21896 21909 I art     : Starting a blocking GC Explicit
08-04 18:26:38.635 21896 21909 I art     : Explicit concurrent mark sweep GC freed 3(96B) AllocSpace objects, 0(0B) LOS objects, 37% free, 26MB/42MB, paused 1.124ms total 33.905ms
08-04 18:26:38.648 21896 21909 I art     : Starting a blocking GC Explicit
08-04 18:26:38.682 21896 21909 I art     : Explicit concurrent mark sweep GC freed 3(96B) AllocSpace objects, 0(0B) LOS objects, 37% free, 26MB/42MB, paused 1.119ms total 33.806ms
08-04 18:26:38.694 21896 21909 I art     : Starting a blocking GC Explicit
08-04 18:26:38.728 21896 21909 I art     : Explicit concurrent mark sweep GC freed 3(96B) AllocSpace objects, 0(0B) LOS objects, 37% free, 26MB/42MB, paused 1.225ms total 33.478ms
08-04 18:26:39.046 21896 21908 I art     : Starting a blocking GC Explicit
08-04 18:26:39.092 21896 21908 I art     : Explicit concurrent mark sweep GC freed 1373(81KB) AllocSpace objects, 1(20KB) LOS objects, 37% free, 26MB/42MB, paused 1.267ms total 45.560ms
08-04 18:26:39.109 21896 21908 I art     : Starting a blocking GC Explicit
08-04 18:26:39.143 21896 21908 I art     : Explicit concurrent mark sweep GC freed 23(752B) AllocSpace objects, 0(0B) LOS objects, 37% free, 26MB/42MB, paused 1.122ms total 33.698ms
08-04 18:26:39.154 21896 21908 I art     : Starting a blocking GC Explicit
08-04 18:26:39.187 21896 21908 I art     : Explicit concurrent mark sweep GC freed 30(832B) AllocSpace objects, 0(0B) LOS objects, 37% free, 26MB/42MB, paused 1.143ms total 32.046ms
08-04 18:26:39.199 21896 21908 I art     : Starting a blocking GC Explicit
08-04 18:26:39.231 21896 21908 I art     : Explicit concurrent mark sweep GC freed 3(96B) AllocSpace objects, 0(0B) LOS objects, 37% free, 26MB/42MB, paused 1.058ms total 31.831ms
08-04 18:26:39.242 21896 21908 I art     : Starting a blocking GC Explicit
08-04 18:26:39.274 21896 21908 I art     : Explicit concurrent mark sweep GC freed 3(96B) AllocSpace objects, 0(0B) LOS objects, 37% free, 26MB/42MB, paused 1.121ms total 32.021ms
08-04 18:26:39.576 21896 21909 I art     : Starting a blocking GC Explicit
08-04 18:26:39.610 21896 21909 I art     : Explicit concurrent mark sweep GC freed 1381(82KB) AllocSpace objects, 1(20KB) LOS objects, 37% free, 26MB/42MB, paused 1.126ms total 33.535ms
08-04 18:26:39.622 21896 21909 I art     : Starting a blocking GC Explicit
08-04 18:26:39.657 21896 21909 I art     : Explicit concurrent mark sweep GC freed 28(912B) AllocSpace objects, 0(0B) LOS objects, 37% free, 26MB/42MB, paused 1.407ms total 34.555ms
08-04 18:26:39.670 21896 21909 I art     : Starting a blocking GC Explicit
08-04 18:26:39.693 23812 23812 D AndroidRuntime: >>>>>> START com.android.internal.os.RuntimeInit uid 2000 <<<<<<
08-04 18:26:39.699 23812 23812 D AndroidRuntime: CheckJNI is OFF
08-04 18:26:39.704 21896 21909 I art     : Explicit concurrent mark sweep GC freed 8(256B) AllocSpace objects, 0(0B) LOS objects, 37% free, 26MB/42MB, paused 1.188ms total 33.751ms
08-04 18:26:39.716 21896 21909 I art     : Starting a blocking GC Explicit
08-04 18:26:39.743 23812 23812 D ICU     : No timezone override file found: /data/misc/zoneinfo/current/icu/icu_tzdata.dat
08-04 18:26:39.749 21896 21909 I art     : Explicit concurrent mark sweep GC freed 9(288B) AllocSpace objects, 0(0B) LOS objects, 37% free, 26MB/42MB, paused 1.462ms total 32.648ms
08-04 18:26:39.760 21896 21909 I art     : Starting a blocking GC Explicit
08-04 18:26:39.789 23812 23812 I Radio-JNI: register_android_hardware_Radio DONE
08-04 18:26:39.792 21896 21909 I art     : Explicit concurrent mark sweep GC freed 8(256B) AllocSpace objects, 0(0B) LOS objects, 37% free, 26MB/42MB, paused 1.160ms total 31.107ms
08-04 18:26:39.818 23812 23812 D AndroidRuntime: Calling main entry com.android.commands.input.Input
08-04 18:26:39.821 23812 23812 I Input   : injectMotionEvent: MotionEvent { action=ACTION_DOWN, actionButton=0, id[0]=0, x[0]=567.0, y[0]=714.0, toolType[0]=TOOL_TYPE_UNKNOWN, buttonState=0, metaState=0, flags=0x0, edgeFlags=0x0, pointerCount=1, historySize=0, eventTime=728816234, downTime=728816234, deviceId=0, source=0x1002 }
08-04 18:26:39.827 23812 23812 I Input   : injectMotionEvent: MotionEvent { action=ACTION_UP, actionButton=0, id[0]=0, x[0]=567.0, y[0]=714.0, toolType[0]=TOOL_TYPE_UNKNOWN, buttonState=0, metaState=0, flags=0x0, edgeFlags=0x0, pointerCount=1, historySize=0, eventTime=728816234, downTime=728816234, deviceId=0, source=0x1002 }
08-04 18:26:39.829 23812 23812 D AndroidRuntime: Shutting down VM
08-04 18:26:39.844   512  2967 D audio_hw_primary: out_set_parameters: enter: usecase(1: low-latency-playback) kvpairs: routing=2
08-04 18:26:39.857   512  2967 D audio_hw_primary: select_devices: out_snd_device(2: speaker) in_snd_device(0: none)
08-04 18:26:39.857   512  2967 D msm8974_platform: platform_send_audio_calibration: sending audio calibration for snd_device(2) acdb_id(15)
08-04 18:26:39.857   512  2967 I soundtrigger: audio_extn_sound_trigger_update_device_status: device 0x2 of type 0 for Event 1
08-04 18:26:39.867   512  2967 D audio_hw_primary: enable_snd_device: snd_device(2: speaker)
08-04 18:26:39.869   512  2967 D audio_hw_primary: enable_audio_route: apply and update mixer path: low-latency-playback speaker
08-04 18:26:40.079 21896 21916 I NAPPA_EXPERIMENTATION: MetricNetworkRequestExecutionTime: REQUEST_DURATION_SYSTEM='225',REQUEST_DURATION_OKHTTP='224',REQUEST_SYNCHRONOUS='TRUE',RESPONSE_CODE='400',RESPONSE_METHOD='GET',RESPONSE_LENGTH_OKHTTP='0',RESPONSE_LENGTH_HEADER='0',REQUEST_PROTOCOL='h2',REQUEST_URL='https://itunes.apple.com/en/rss/toppodcasts/limit=25/explicit=true/json',
08-04 18:26:40.081 21896 22216 I art     : Starting a blocking GC Explicit
08-04 18:26:40.117 21896 22216 I art     : Explicit concurrent mark sweep GC freed 4020(196KB) AllocSpace objects, 1(20KB) LOS objects, 37% free, 27MB/43MB, paused 1.199ms total 35.549ms
08-04 18:26:40.129 21896 22216 I art     : Starting a blocking GC Explicit
08-04 18:26:40.161 21896 22216 I art     : Explicit concurrent mark sweep GC freed 1701(85KB) AllocSpace objects, 1(220KB) LOS objects, 37% free, 26MB/42MB, paused 1.239ms total 32.033ms
08-04 18:26:40.172 21896 22216 I art     : Starting a blocking GC Explicit
08-04 18:26:40.205 21896 22216 I art     : Explicit concurrent mark sweep GC freed 42(1280B) AllocSpace objects, 0(0B) LOS objects, 37% free, 26MB/42MB, paused 1.161ms total 32.059ms
08-04 18:26:40.216 21896 22216 I art     : Starting a blocking GC Explicit
08-04 18:26:40.220 21896 21916 I NAPPA_EXPERIMENTATION: MetricNetworkRequestExecutionTime: REQUEST_DURATION_SYSTEM='140',REQUEST_DURATION_OKHTTP='138',REQUEST_SYNCHRONOUS='TRUE',RESPONSE_CODE='200',RESPONSE_METHOD='GET',RESPONSE_LENGTH_OKHTTP='-1',RESPONSE_LENGTH_HEADER='10075',REQUEST_PROTOCOL='h2',REQUEST_URL='https://itunes.apple.com/us/rss/toppodcasts/limit=25/explicit=true/json',
08-04 18:26:40.252 21896 22216 I art     : Explicit concurrent mark sweep GC freed 2502(177KB) AllocSpace objects, 3(252KB) LOS objects, 36% free, 27MB/43MB, paused 1.524ms total 35.872ms
08-04 18:26:40.264 21896 22216 I art     : Starting a blocking GC Explicit
08-04 18:26:40.275 21896 22634 D ApOkHttpUrlLoader: buildLoadData() called with: model = [https://is4-ssl.mzstatic.com/image/thumb/Podcasts114/v4/3f/16/74/3f167426-bf50-ce3a-d709-e4301620fc5b/mza_5832671293059882550.jpeg/170x170bb.png], width = [224], height = [224]
08-04 18:26:40.277 21896 22637 D DBReader: getImageAuthentication() called with: imageUrl = [https://is4-ssl.mzstatic.com/image/thumb/Podcasts114/v4/3f/16/74/3f167426-bf50-ce3a-d709-e4301620fc5b/mza_5832671293059882550.jpeg/170x170bb.png]
08-04 18:26:40.281 21896 22630 D ApOkHttpUrlLoader: buildLoadData() called with: model = [https://is4-ssl.mzstatic.com/image/thumb/Podcasts113/v4/e5/8a/10/e58a108f-f5d0-f622-c94a-13f66edd570c/mza_3025981348644196724.jpg/170x170bb.png], width = [224], height = [224]
08-04 18:26:40.281 21896 22637 D ApOkHttpUrlLoader: no credentials for 'https://is4-ssl.mzstatic.com/image/thumb/Podcasts114/v4/3f/16/74/3f167426-bf50-ce3a-d709-e4301620fc5b/mza_5832671293059882550.jpeg/170x170bb.png'
08-04 18:26:40.282 21896 22631 D DBReader: getImageAuthentication() called with: imageUrl = [https://is4-ssl.mzstatic.com/image/thumb/Podcasts113/v4/e5/8a/10/e58a108f-f5d0-f622-c94a-13f66edd570c/mza_3025981348644196724.jpg/170x170bb.png]
08-04 18:26:40.284 21896 22636 D ApOkHttpUrlLoader: buildLoadData() called with: model = [https://is2-ssl.mzstatic.com/image/thumb/Podcasts113/v4/a9/39/cc/a939ccc5-6d60-0c11-0a4c-16d71cdef89b/mza_8787577209688278658.jpg/170x170bb.png], width = [224], height = [224]
08-04 18:26:40.285 21896 22639 D DBReader: getImageAuthentication() called with: imageUrl = [https://is2-ssl.mzstatic.com/image/thumb/Podcasts113/v4/a9/39/cc/a939ccc5-6d60-0c11-0a4c-16d71cdef89b/mza_8787577209688278658.jpg/170x170bb.png]
08-04 18:26:40.287 21896 22631 D ApOkHttpUrlLoader: no credentials for 'https://is4-ssl.mzstatic.com/image/thumb/Podcasts113/v4/e5/8a/10/e58a108f-f5d0-f622-c94a-13f66edd570c/mza_3025981348644196724.jpg/170x170bb.png'
08-04 18:26:40.287 21896 22632 D ApOkHttpUrlLoader: buildLoadData() called with: model = [https://is5-ssl.mzstatic.com/image/thumb/Podcasts114/v4/93/cf/99/93cf9960-fff3-205e-6655-72c03ddeccb2/mza_10545582232493904175.jpeg/170x170bb.png], width = [224], height = [224]
08-04 18:26:40.288 21896 22640 D DBReader: getImageAuthentication() called with: imageUrl = [https://is5-ssl.mzstatic.com/image/thumb/Podcasts114/v4/93/cf/99/93cf9960-fff3-205e-6655-72c03ddeccb2/mza_10545582232493904175.jpeg/170x170bb.png]
08-04 18:26:40.290 21896 22634 D ApOkHttpUrlLoader: buildLoadData() called with: model = [https://is4-ssl.mzstatic.com/image/thumb/Podcasts124/v4/49/a4/91/49a491b7-3daf-c5dc-d7c6-6c4f1486955c/mza_5930014091766152297.png/170x170bb.png], width = [224], height = [224]
08-04 18:26:40.291 21896 22639 D ApOkHttpUrlLoader: no credentials for 'https://is2-ssl.mzstatic.com/image/thumb/Podcasts113/v4/a9/39/cc/a939ccc5-6d60-0c11-0a4c-16d71cdef89b/mza_8787577209688278658.jpg/170x170bb.png'
08-04 18:26:40.293 21896 22638 D DBReader: getImageAuthentication() called with: imageUrl = [https://is4-ssl.mzstatic.com/image/thumb/Podcasts124/v4/49/a4/91/49a491b7-3daf-c5dc-d7c6-6c4f1486955c/mza_5930014091766152297.png/170x170bb.png]
08-04 18:26:40.294 21896 22630 D ApOkHttpUrlLoader: buildLoadData() called with: model = [https://is5-ssl.mzstatic.com/image/thumb/Podcasts113/v4/fd/54/6e/fd546ea0-7ab2-e3f0-6049-884d82917af9/mza_4855349695799758348.jpeg/170x170bb.png], width = [224], height = [224]
08-04 18:26:40.294 21896 22640 D ApOkHttpUrlLoader: no credentials for 'https://is5-ssl.mzstatic.com/image/thumb/Podcasts114/v4/93/cf/99/93cf9960-fff3-205e-6655-72c03ddeccb2/mza_10545582232493904175.jpeg/170x170bb.png'
08-04 18:26:40.297 21896 22638 D ApOkHttpUrlLoader: no credentials for 'https://is4-ssl.mzstatic.com/image/thumb/Podcasts124/v4/49/a4/91/49a491b7-3daf-c5dc-d7c6-6c4f1486955c/mza_5930014091766152297.png/170x170bb.png'
08-04 18:26:40.299 21896 22633 D DBReader: getImageAuthentication() called with: imageUrl = [https://is5-ssl.mzstatic.com/image/thumb/Podcasts113/v4/fd/54/6e/fd546ea0-7ab2-e3f0-6049-884d82917af9/mza_4855349695799758348.jpeg/170x170bb.png]
08-04 18:26:40.299 21896 22216 I art     : Explicit concurrent mark sweep GC freed 7413(385KB) AllocSpace objects, 1(100KB) LOS objects, 37% free, 27MB/43MB, paused 2.402ms total 34.976ms
08-04 18:26:40.303 21896 22636 D ApOkHttpUrlLoader: buildLoadData() called with: model = [https://is2-ssl.mzstatic.com/image/thumb/Podcasts114/v4/b3/4c/cf/b34ccfc2-cea4-1ca1-0fad-7793af301cc5/mza_2466085192629456364.jpg/170x170bb.png], width = [224], height = [224]
08-04 18:26:40.303 21896 22633 D ApOkHttpUrlLoader: no credentials for 'https://is5-ssl.mzstatic.com/image/thumb/Podcasts113/v4/fd/54/6e/fd546ea0-7ab2-e3f0-6049-884d82917af9/mza_4855349695799758348.jpeg/170x170bb.png'
08-04 18:26:40.304 21896 22635 D DBReader: getImageAuthentication() called with: imageUrl = [https://is2-ssl.mzstatic.com/image/thumb/Podcasts114/v4/b3/4c/cf/b34ccfc2-cea4-1ca1-0fad-7793af301cc5/mza_2466085192629456364.jpg/170x170bb.png]
08-04 18:26:40.307 21896 22635 D ApOkHttpUrlLoader: no credentials for 'https://is2-ssl.mzstatic.com/image/thumb/Podcasts114/v4/b3/4c/cf/b34ccfc2-cea4-1ca1-0fad-7793af301cc5/mza_2466085192629456364.jpg/170x170bb.png'
08-04 18:26:40.409   512  2967 D audio_hw_primary: disable_audio_route: reset and update mixer path: low-latency-playback speaker
08-04 18:26:40.410   512  2967 D audio_hw_primary: disable_snd_device: snd_device(2: speaker)
08-04 18:26:40.419   512  2967 I soundtrigger: audio_extn_sound_trigger_update_device_status: device 0x2 of type 0 for Event 0
08-04 18:26:40.611 21896 21920 I art     : Starting a blocking GC Explicit
08-04 18:26:40.659 21896 21920 I art     : Explicit concurrent mark sweep GC freed 30249(1507KB) AllocSpace objects, 1(20KB) LOS objects, 37% free, 26MB/42MB, paused 1.664ms total 47.738ms
08-04 18:26:40.672 21896 21920 I art     : Starting a blocking GC Explicit
08-04 18:26:40.708 21896 21920 I art     : Explicit concurrent mark sweep GC freed 928(33KB) AllocSpace objects, 0(0B) LOS objects, 37% free, 26MB/42MB, paused 1.607ms total 36.452ms
08-04 18:26:40.720 21896 21920 I art     : Starting a blocking GC Explicit
08-04 18:26:40.720 21896 22640 D MYTAG   : interceptor 2a
08-04 18:26:40.721 21896 22640 I NAPPA_EXPERIMENTATION: MetricNetworkRequestExecutionTime: REQUEST_DURATION_SYSTEM='426',REQUEST_DURATION_OKHTTP='207',REQUEST_SYNCHRONOUS='TRUE',RESPONSE_CODE='200',RESPONSE_METHOD='GET',RESPONSE_LENGTH_OKHTTP='22351',RESPONSE_LENGTH_HEADER='22351',REQUEST_PROTOCOL='h2',REQUEST_URL='https://is5-ssl.mzstatic.com/image/thumb/Podcasts114/v4/93/cf/99/93cf9960-fff3-205e-6655-72c03ddeccb2/mza_10545582232493904175.jpeg/170x170bb.png',
08-04 18:26:40.738 21896 22631 D MYTAG   : interceptor 2a
08-04 18:26:40.738 21896 22631 I NAPPA_EXPERIMENTATION: MetricNetworkRequestExecutionTime: REQUEST_DURATION_SYSTEM='451',REQUEST_DURATION_OKHTTP='236',REQUEST_SYNCHRONOUS='TRUE',RESPONSE_CODE='200',RESPONSE_METHOD='GET',RESPONSE_LENGTH_OKHTTP='45995',RESPONSE_LENGTH_HEADER='45995',REQUEST_PROTOCOL='h2',REQUEST_URL='https://is4-ssl.mzstatic.com/image/thumb/Podcasts113/v4/e5/8a/10/e58a108f-f5d0-f622-c94a-13f66edd570c/mza_3025981348644196724.jpg/170x170bb.png',
08-04 18:26:40.745 21896 22633 D MYTAG   : interceptor 2a
08-04 18:26:40.745 21896 22633 I NAPPA_EXPERIMENTATION: MetricNetworkRequestExecutionTime: REQUEST_DURATION_SYSTEM='442',REQUEST_DURATION_OKHTTP='239',REQUEST_SYNCHRONOUS='TRUE',RESPONSE_CODE='200',RESPONSE_METHOD='GET',RESPONSE_LENGTH_OKHTTP='54835',RESPONSE_LENGTH_HEADER='54835',REQUEST_PROTOCOL='h2',REQUEST_URL='https://is5-ssl.mzstatic.com/image/thumb/Podcasts113/v4/fd/54/6e/fd546ea0-7ab2-e3f0-6049-884d82917af9/mza_4855349695799758348.jpeg/170x170bb.png',
08-04 18:26:40.756 21896 21920 I art     : Explicit concurrent mark sweep GC freed 720(58KB) AllocSpace objects, 0(0B) LOS objects, 36% free, 27MB/43MB, paused 1.495ms total 35.074ms
08-04 18:26:40.757 21896 22635 D MYTAG   : interceptor 2a
08-04 18:26:40.757 21896 22635 I NAPPA_EXPERIMENTATION: MetricNetworkRequestExecutionTime: REQUEST_DURATION_SYSTEM='450',REQUEST_DURATION_OKHTTP='252',REQUEST_SYNCHRONOUS='TRUE',RESPONSE_CODE='200',RESPONSE_METHOD='GET',RESPONSE_LENGTH_OKHTTP='42299',RESPONSE_LENGTH_HEADER='42299',REQUEST_PROTOCOL='h2',REQUEST_URL='https://is2-ssl.mzstatic.com/image/thumb/Podcasts114/v4/b3/4c/cf/b34ccfc2-cea4-1ca1-0fad-7793af301cc5/mza_2466085192629456364.jpg/170x170bb.png',
08-04 18:26:40.763 21896 22638 D MYTAG   : interceptor 2a
08-04 18:26:40.764 21896 22638 I NAPPA_EXPERIMENTATION: MetricNetworkRequestExecutionTime: REQUEST_DURATION_SYSTEM='466',REQUEST_DURATION_OKHTTP='251',REQUEST_SYNCHRONOUS='TRUE',RESPONSE_CODE='200',RESPONSE_METHOD='GET',RESPONSE_LENGTH_OKHTTP='12000',RESPONSE_LENGTH_HEADER='12000',REQUEST_PROTOCOL='h2',REQUEST_URL='https://is4-ssl.mzstatic.com/image/thumb/Podcasts124/v4/49/a4/91/49a491b7-3daf-c5dc-d7c6-6c4f1486955c/mza_5930014091766152297.png/170x170bb.png',
08-04 18:26:40.767 21896 21920 I art     : Starting a blocking GC Explicit
08-04 18:26:40.768 21896 22637 D MYTAG   : interceptor 2a
08-04 18:26:40.768 21896 22637 I NAPPA_EXPERIMENTATION: MetricNetworkRequestExecutionTime: REQUEST_DURATION_SYSTEM='487',REQUEST_DURATION_OKHTTP='257',REQUEST_SYNCHRONOUS='TRUE',RESPONSE_CODE='200',RESPONSE_METHOD='GET',RESPONSE_LENGTH_OKHTTP='26177',RESPONSE_LENGTH_HEADER='26177',REQUEST_PROTOCOL='h2',REQUEST_URL='https://is4-ssl.mzstatic.com/image/thumb/Podcasts114/v4/3f/16/74/3f167426-bf50-ce3a-d709-e4301620fc5b/mza_5832671293059882550.jpeg/170x170bb.png',
08-04 18:26:40.785 21896 22639 D MYTAG   : interceptor 2a
08-04 18:26:40.785 21896 22639 I NAPPA_EXPERIMENTATION: MetricNetworkRequestExecutionTime: REQUEST_DURATION_SYSTEM='494',REQUEST_DURATION_OKHTTP='279',REQUEST_SYNCHRONOUS='TRUE',RESPONSE_CODE='200',RESPONSE_METHOD='GET',RESPONSE_LENGTH_OKHTTP='48239',RESPONSE_LENGTH_HEADER='48239',REQUEST_PROTOCOL='h2',REQUEST_URL='https://is2-ssl.mzstatic.com/image/thumb/Podcasts113/v4/a9/39/cc/a939ccc5-6d60-0c11-0a4c-16d71cdef89b/mza_8787577209688278658.jpg/170x170bb.png',
08-04 18:26:40.799 21896 21920 I art     : Explicit concurrent mark sweep GC freed 1450(99KB) AllocSpace objects, 0(0B) LOS objects, 35% free, 28MB/44MB, paused 1.474ms total 32.015ms
08-04 18:26:40.811 21896 21920 I art     : Starting a blocking GC Explicit
08-04 18:26:40.842 21896 21920 I art     : Explicit concurrent mark sweep GC freed 822(33KB) AllocSpace objects, 0(0B) LOS objects, 35% free, 28MB/44MB, paused 1.094ms total 30.605ms
08-04 18:26:41.164 21896 22216 I art     : Starting a blocking GC Explicit
08-04 18:26:41.208 21896 22216 I art     : Explicit concurrent mark sweep GC freed 1407(81KB) AllocSpace objects, 1(20KB) LOS objects, 35% free, 28MB/44MB, paused 1.273ms total 42.955ms
08-04 18:26:41.222 21896 22216 I art     : Starting a blocking GC Explicit
08-04 18:26:41.257 21896 22216 I art     : Explicit concurrent mark sweep GC freed 23(752B) AllocSpace objects, 0(0B) LOS objects, 35% free, 28MB/44MB, paused 1.254ms total 35.301ms
08-04 18:26:41.270 21896 22216 I art     : Starting a blocking GC Explicit
08-04 18:26:41.304 21896 22216 I art     : Explicit concurrent mark sweep GC freed 3(96B) AllocSpace objects, 0(0B) LOS objects, 35% free, 28MB/44MB, paused 1.209ms total 34.470ms
08-04 18:26:41.316 21896 22216 I art     : Starting a blocking GC Explicit
08-04 18:26:41.352 21896 22216 I art     : Explicit concurrent mark sweep GC freed 3(96B) AllocSpace objects, 0(0B) LOS objects, 35% free, 28MB/44MB, paused 1.193ms total 35.142ms
08-04 18:26:41.364 21896 22216 I art     : Starting a blocking GC Explicit
08-04 18:26:41.399 21896 22216 I art     : Explicit concurrent mark sweep GC freed 3(96B) AllocSpace objects, 0(0B) LOS objects, 35% free, 28MB/44MB, paused 1.183ms total 34.808ms
08-04 18:26:41.732 21896 21909 I art     : Starting a blocking GC Explicit
08-04 18:26:41.778 21896 21909 I art     : Explicit concurrent mark sweep GC freed 1373(81KB) AllocSpace objects, 1(20KB) LOS objects, 35% free, 28MB/44MB, paused 1.621ms total 46.277ms
08-04 18:26:41.792 21896 21909 I art     : Starting a blocking GC Explicit
08-04 18:26:41.829 21896 21909 I art     : Explicit concurrent mark sweep GC freed 23(752B) AllocSpace objects, 0(0B) LOS objects, 35% free, 28MB/44MB, paused 1.179ms total 36.946ms
08-04 18:26:41.842 21896 21909 I art     : Starting a blocking GC Explicit
08-04 18:26:41.880 21896 21909 I art     : Explicit concurrent mark sweep GC freed 4(128B) AllocSpace objects, 0(0B) LOS objects, 35% free, 28MB/44MB, paused 1.215ms total 37.628ms
08-04 18:26:41.893 21896 21909 I art     : Starting a blocking GC Explicit
08-04 18:26:41.931 21896 21909 I art     : Explicit concurrent mark sweep GC freed 10(320B) AllocSpace objects, 0(0B) LOS objects, 35% free, 28MB/44MB, paused 1.101ms total 37.808ms
08-04 18:26:41.943 21896 21909 I art     : Starting a blocking GC Explicit
08-04 18:26:41.979 21896 21909 I art     : Explicit concurrent mark sweep GC freed 8(256B) AllocSpace objects, 0(0B) LOS objects, 35% free, 28MB/44MB, paused 1.421ms total 35.692ms
08-04 18:26:42.327 21896 21908 I art     : Starting a blocking GC Explicit
08-04 18:26:42.374 21896 21908 I art     : Explicit concurrent mark sweep GC freed 1418(83KB) AllocSpace objects, 1(20KB) LOS objects, 35% free, 28MB/44MB, paused 1.377ms total 46.821ms
08-04 18:26:42.393 21896 21908 I art     : Starting a blocking GC Explicit
08-04 18:26:42.432 21896 21908 I art     : Explicit concurrent mark sweep GC freed 23(752B) AllocSpace objects, 0(0B) LOS objects, 35% free, 28MB/44MB, paused 1.233ms total 38.519ms
08-04 18:26:42.444 21896 21908 I art     : Starting a blocking GC Explicit
08-04 18:26:42.483 21896 21908 I art     : Explicit concurrent mark sweep GC freed 3(96B) AllocSpace objects, 0(0B) LOS objects, 35% free, 28MB/44MB, paused 1.412ms total 37.999ms
08-04 18:26:42.495 21896 21908 I art     : Starting a blocking GC Explicit
08-04 18:26:42.532 21896 21908 I art     : Explicit concurrent mark sweep GC freed 3(96B) AllocSpace objects, 0(0B) LOS objects, 35% free, 28MB/44MB, paused 1.183ms total 36.954ms
08-04 18:26:42.545 21896 21908 I art     : Starting a blocking GC Explicit
08-04 18:26:42.583 21896 21908 I art     : Explicit concurrent mark sweep GC freed 3(96B) AllocSpace objects, 0(0B) LOS objects, 35% free, 28MB/44MB, paused 1.436ms total 38.030ms
08-04 18:26:42.930 21896 21920 I art     : Starting a blocking GC Explicit
08-04 18:26:42.982 21896 21920 I art     : Explicit concurrent mark sweep GC freed 1373(81KB) AllocSpace objects, 1(20KB) LOS objects, 35% free, 28MB/44MB, paused 1.484ms total 51.904ms
08-04 18:26:42.999 21896 21920 I art     : Starting a blocking GC Explicit
08-04 18:26:43.035 21896 21920 I art     : Explicit concurrent mark sweep GC freed 23(752B) AllocSpace objects, 0(0B) LOS objects, 35% free, 28MB/44MB, paused 1.266ms total 35.194ms
08-04 18:26:43.047 21896 21920 I art     : Starting a blocking GC Explicit
08-04 18:26:43.085 21896 21920 I art     : Explicit concurrent mark sweep GC freed 3(96B) AllocSpace objects, 0(0B) LOS objects, 35% free, 28MB/44MB, paused 1.373ms total 38.309ms
08-04 18:26:43.098 21896 21920 I art     : Starting a blocking GC Explicit
08-04 18:26:43.136 21896 21920 I art     : Explicit concurrent mark sweep GC freed 3(96B) AllocSpace objects, 0(0B) LOS objects, 35% free, 28MB/44MB, paused 1.179ms total 37.989ms
08-04 18:26:43.148 21896 21920 I art     : Starting a blocking GC Explicit
08-04 18:26:43.186 21896 21920 I art     : Explicit concurrent mark sweep GC freed 30(832B) AllocSpace objects, 0(0B) LOS objects, 35% free, 28MB/44MB, paused 1.362ms total 37.329ms
08-04 18:26:43.530 21896 22216 I art     : Starting a blocking GC Explicit
08-04 18:26:43.581 21896 22216 I art     : Explicit concurrent mark sweep GC freed 1374(82KB) AllocSpace objects, 1(20KB) LOS objects, 35% free, 28MB/44MB, paused 1.287ms total 49.960ms
08-04 18:26:43.581 21896 21907 I art     : WaitForGcToComplete blocked for 40.657ms for cause HeapTrim
08-04 18:26:43.597 21896 22216 I art     : Starting a blocking GC Explicit
08-04 18:26:43.632 21896 22216 I art     : Explicit concurrent mark sweep GC freed 23(752B) AllocSpace objects, 0(0B) LOS objects, 35% free, 28MB/44MB, paused 1.177ms total 35.352ms
08-04 18:26:43.645 21896 22216 I art     : Starting a blocking GC Explicit
08-04 18:26:43.683 21896 22216 I art     : Explicit concurrent mark sweep GC freed 3(96B) AllocSpace objects, 0(0B) LOS objects, 35% free, 28MB/44MB, paused 1.244ms total 37.919ms
08-04 18:26:43.695 21896 22216 I art     : Starting a blocking GC Explicit
08-04 18:26:43.734 21896 22216 I art     : Explicit concurrent mark sweep GC freed 3(96B) AllocSpace objects, 0(0B) LOS objects, 35% free, 28MB/44MB, paused 1.236ms total 38.209ms
08-04 18:26:43.746 21896 22216 I art     : Starting a blocking GC Explicit
08-04 18:26:43.784 21896 22216 I art     : Explicit concurrent mark sweep GC freed 3(96B) AllocSpace objects, 0(0B) LOS objects, 35% free, 28MB/44MB, paused 1.247ms total 37.742ms
08-04 18:26:44.144 21896 21909 I art     : Starting a blocking GC Explicit
08-04 18:26:44.193 21896 21909 I art     : Explicit concurrent mark sweep GC freed 1400(82KB) AllocSpace objects, 1(20KB) LOS objects, 35% free, 28MB/44MB, paused 1.494ms total 48.772ms
08-04 18:26:44.207 21896 21909 I art     : Starting a blocking GC Explicit
08-04 18:26:44.243 21896 21909 I art     : Explicit concurrent mark sweep GC freed 23(752B) AllocSpace objects, 0(0B) LOS objects, 35% free, 28MB/44MB, paused 1.207ms total 35.240ms
08-04 18:26:44.255 21896 21909 I art     : Starting a blocking GC Explicit
08-04 18:26:44.293 21896 21909 I art     : Explicit concurrent mark sweep GC freed 3(96B) AllocSpace objects, 0(0B) LOS objects, 35% free, 28MB/44MB, paused 1.390ms total 37.652ms
08-04 18:26:44.306 21896 21909 I art     : Starting a blocking GC Explicit
08-04 18:26:44.344 21896 21909 I art     : Explicit concurrent mark sweep GC freed 3(96B) AllocSpace objects, 0(0B) LOS objects, 35% free, 28MB/44MB, paused 1.186ms total 38.209ms
08-04 18:26:44.357 21896 21909 I art     : Starting a blocking GC Explicit
08-04 18:26:44.394 21896 21909 I art     : Explicit concurrent mark sweep GC freed 3(96B) AllocSpace objects, 0(0B) LOS objects, 35% free, 28MB/44MB, paused 1.325ms total 37.367ms
08-04 18:26:44.741 21896 21908 I art     : Starting a blocking GC Explicit
08-04 18:26:44.790 21896 21908 I art     : Explicit concurrent mark sweep GC freed 1372(80KB) AllocSpace objects, 1(20KB) LOS objects, 35% free, 28MB/44MB, paused 1.722ms total 48.604ms
08-04 18:26:44.807 21896 21908 I art     : Starting a blocking GC Explicit
08-04 18:26:44.843 21896 21908 I art     : Explicit concurrent mark sweep GC freed 23(752B) AllocSpace objects, 0(0B) LOS objects, 35% free, 28MB/44MB, paused 1.161ms total 35.702ms
08-04 18:26:44.855 21896 21908 I art     : Starting a blocking GC Explicit
08-04 18:26:44.894 21896 21908 I art     : Explicit concurrent mark sweep GC freed 3(96B) AllocSpace objects, 0(0B) LOS objects, 35% free, 28MB/44MB, paused 1.341ms total 37.902ms
08-04 18:26:44.906 21896 21908 I art     : Starting a blocking GC Explicit
08-04 18:26:44.944 21896 21908 I art     : Explicit concurrent mark sweep GC freed 3(96B) AllocSpace objects, 0(0B) LOS objects, 35% free, 28MB/44MB, paused 1.220ms total 37.944ms
08-04 18:26:44.957 21896 21908 I art     : Starting a blocking GC Explicit
08-04 18:26:44.994 21896 21908 I art     : Explicit concurrent mark sweep GC freed 3(96B) AllocSpace objects, 0(0B) LOS objects, 35% free, 28MB/44MB, paused 1.333ms total 37.246ms
08-04 18:26:45.340 21896 21920 I art     : Starting a blocking GC Explicit
08-04 18:26:45.382 21896 21920 I art     : Explicit concurrent mark sweep GC freed 1399(81KB) AllocSpace objects, 1(20KB) LOS objects, 35% free, 28MB/44MB, paused 1.250ms total 41.978ms
08-04 18:26:45.398 21896 21920 I art     : Starting a blocking GC Explicit
08-04 18:26:45.437 21896 21920 I art     : Explicit concurrent mark sweep GC freed 23(752B) AllocSpace objects, 0(0B) LOS objects, 35% free, 28MB/44MB, paused 1.199ms total 38.627ms
08-04 18:26:45.449 21896 21920 I art     : Starting a blocking GC Explicit
08-04 18:26:45.486 21896 21920 I art     : Explicit concurrent mark sweep GC freed 3(96B) AllocSpace objects, 0(0B) LOS objects, 35% free, 28MB/44MB, paused 1.221ms total 37.142ms
08-04 18:26:45.499 21896 21920 I art     : Starting a blocking GC Explicit
08-04 18:26:45.538 21896 21920 I art     : Explicit concurrent mark sweep GC freed 3(96B) AllocSpace objects, 0(0B) LOS objects, 35% free, 28MB/44MB, paused 1.403ms total 38.678ms
08-04 18:26:45.550 21896 21920 I art     : Starting a blocking GC Explicit
08-04 18:26:45.586 21896 21920 I art     : Explicit concurrent mark sweep GC freed 3(96B) AllocSpace objects, 0(0B) LOS objects, 35% free, 28MB/44MB, paused 1.231ms total 35.296ms
08-04 18:26:45.930 21896 22216 I art     : Starting a blocking GC Explicit
08-04 18:26:45.971 21896 22216 I art     : Explicit concurrent mark sweep GC freed 1372(80KB) AllocSpace objects, 1(20KB) LOS objects, 35% free, 28MB/44MB, paused 1.251ms total 40.374ms
08-04 18:26:45.984 21896 22216 I art     : Starting a blocking GC Explicit
08-04 18:26:46.022 21896 22216 I art     : Explicit concurrent mark sweep GC freed 23(752B) AllocSpace objects, 0(0B) LOS objects, 35% free, 28MB/44MB, paused 1.235ms total 38.020ms
08-04 18:26:46.034 21896 22216 I art     : Starting a blocking GC Explicit
08-04 18:26:46.071 21896 22216 I art     : Explicit concurrent mark sweep GC freed 3(96B) AllocSpace objects, 0(0B) LOS objects, 35% free, 28MB/44MB, paused 1.173ms total 36.676ms
08-04 18:26:46.083 21896 22216 I art     : Starting a blocking GC Explicit
08-04 18:26:46.117 21896 22216 I art     : Explicit concurrent mark sweep GC freed 3(96B) AllocSpace objects, 0(0B) LOS objects, 35% free, 28MB/44MB, paused 1.256ms total 33.720ms
08-04 18:26:46.129 21896 22216 I art     : Starting a blocking GC Explicit
08-04 18:26:46.145   518   646 I ThermalEngine: ACTION: GPU - Setting GPU[0] to 510000000
08-04 18:26:46.163 21896 22216 I art     : Explicit concurrent mark sweep GC freed 3(96B) AllocSpace objects, 0(0B) LOS objects, 35% free, 28MB/44MB, paused 1.224ms total 32.816ms
08-04 18:26:46.465 21896 21909 I art     : Starting a blocking GC Explicit
08-04 18:26:46.501 21896 21909 I art     : Explicit concurrent mark sweep GC freed 1399(81KB) AllocSpace objects, 1(20KB) LOS objects, 35% free, 28MB/44MB, paused 1.246ms total 35.036ms
08-04 18:26:46.512 21896 21909 I art     : Starting a blocking GC Explicit
08-04 18:26:46.530 23958 23958 D AndroidRuntime: >>>>>> START com.android.internal.os.RuntimeInit uid 2000 <<<<<<
08-04 18:26:46.535 23958 23958 D AndroidRuntime: CheckJNI is OFF
08-04 18:26:46.541 21896 21909 I art     : Explicit concurrent mark sweep GC freed 23(752B) AllocSpace objects, 0(0B) LOS objects, 35% free, 28MB/44MB, paused 1.002ms total 28.352ms
08-04 18:26:46.550 21896 21909 I art     : Starting a blocking GC Explicit
08-04 18:26:46.570 23958 23958 D ICU     : No timezone override file found: /data/misc/zoneinfo/current/icu/icu_tzdata.dat
08-04 18:26:46.576 21896 21909 I art     : Explicit concurrent mark sweep GC freed 3(96B) AllocSpace objects, 0(0B) LOS objects, 35% free, 28MB/44MB, paused 924us total 26.315ms
08-04 18:26:46.585 21896 21909 I art     : Starting a blocking GC Explicit
08-04 18:26:46.604 23958 23958 I Radio-JNI: register_android_hardware_Radio DONE
08-04 18:26:46.612 21896 21909 I art     : Explicit concurrent mark sweep GC freed 3(96B) AllocSpace objects, 0(0B) LOS objects, 35% free, 28MB/44MB, paused 1.007ms total 26.766ms
08-04 18:26:46.622 21896 21909 I art     : Starting a blocking GC Explicit
08-04 18:26:46.627 23958 23958 D AndroidRuntime: Calling main entry com.android.commands.input.Input
08-04 18:26:46.629 23958 23958 I Input   : injectMotionEvent: MotionEvent { action=ACTION_DOWN, actionButton=0, id[0]=0, x[0]=616.0, y[0]=469.0, toolType[0]=TOOL_TYPE_UNKNOWN, buttonState=0, metaState=0, flags=0x0, edgeFlags=0x0, pointerCount=1, historySize=0, eventTime=728823042, downTime=728823042, deviceId=0, source=0x1002 }
08-04 18:26:46.637 23958 23958 I Input   : injectMotionEvent: MotionEvent { action=ACTION_UP, actionButton=0, id[0]=0, x[0]=616.0, y[0]=469.0, toolType[0]=TOOL_TYPE_UNKNOWN, buttonState=0, metaState=0, flags=0x0, edgeFlags=0x0, pointerCount=1, historySize=0, eventTime=728823042, downTime=728823042, deviceId=0, source=0x1002 }
08-04 18:26:46.639 23958 23958 D AndroidRuntime: Shutting down VM
08-04 18:26:46.646 21896 21909 I art     : Explicit concurrent mark sweep GC freed 18(544B) AllocSpace objects, 0(0B) LOS objects, 35% free, 28MB/44MB, paused 958us total 24.603ms
08-04 18:26:46.705   512  2967 D audio_hw_primary: out_set_parameters: enter: usecase(1: low-latency-playback) kvpairs: routing=2
08-04 18:26:46.718   512  2967 D audio_hw_primary: select_devices: out_snd_device(2: speaker) in_snd_device(0: none)
08-04 18:26:46.718   512  2967 D msm8974_platform: platform_send_audio_calibration: sending audio calibration for snd_device(2) acdb_id(15)
08-04 18:26:46.718   512  2967 I soundtrigger: audio_extn_sound_trigger_update_device_status: device 0x2 of type 0 for Event 1
08-04 18:26:46.732   512  2967 D audio_hw_primary: enable_snd_device: snd_device(2: speaker)
08-04 18:26:46.735   512  2967 D audio_hw_primary: enable_audio_route: apply and update mixer path: low-latency-playback speaker
08-04 18:26:46.917 21896 21908 I art     : Starting a blocking GC Explicit
08-04 18:26:46.942 20095 20095 I ServiceManager: Waiting for service AtCmdFwd...
08-04 18:26:46.945 21896 21908 I art     : Explicit concurrent mark sweep GC freed 4472(214KB) AllocSpace objects, 1(20KB) LOS objects, 35% free, 28MB/44MB, paused 926us total 28.047ms
08-04 18:26:46.955 21896 21908 I art     : Starting a blocking GC Explicit
08-04 18:26:46.983 21896 21908 I art     : Explicit concurrent mark sweep GC freed 1159(61KB) AllocSpace objects, 0(0B) LOS objects, 35% free, 28MB/44MB, paused 1.034ms total 27.878ms
08-04 18:26:46.993 21896 21908 I art     : Starting a blocking GC Explicit
08-04 18:26:47.018 21896 21908 I art     : Explicit concurrent mark sweep GC freed 108(3KB) AllocSpace objects, 0(0B) LOS objects, 35% free, 28MB/44MB, paused 966us total 25.159ms
08-04 18:26:47.027 21896 21908 I art     : Starting a blocking GC Explicit
08-04 18:26:47.052 21896 21908 I art     : Explicit concurrent mark sweep GC freed 17(640B) AllocSpace objects, 0(0B) LOS objects, 35% free, 28MB/44MB, paused 957us total 25.190ms
08-04 18:26:47.061 21896 21908 I art     : Starting a blocking GC Explicit
08-04 18:26:47.086 21896 21908 I art     : Explicit concurrent mark sweep GC freed 13(480B) AllocSpace objects, 0(0B) LOS objects, 35% free, 28MB/44MB, paused 955us total 25.312ms
08-04 18:26:47.101 21896 22441 I NAPPA_EXPERIMENTATION: MetricNetworkRequestExecutionTime: REQUEST_DURATION_SYSTEM='396',REQUEST_DURATION_OKHTTP='152',REQUEST_SYNCHRONOUS='TRUE',RESPONSE_CODE='200',RESPONSE_METHOD='GET',RESPONSE_LENGTH_OKHTTP='-1',RESPONSE_LENGTH_HEADER='628',REQUEST_PROTOCOL='h2',REQUEST_URL='https://itunes.apple.com/lookup?id=1524080195',
08-04 18:26:47.147   918  4400 I ActivityManager: START u0 {cmp=baseline.de.danoeh.antennapod.debug/baseline.de.danoeh.antennapod.activity.OnlineFeedViewActivity (has extras)} from uid 10670 on display 0
08-04 18:26:47.172 13866 13866 I GoogleInputMethodServic: GoogleInputMethodService.onFinishInput():3138 
08-04 18:26:47.172 13866 13866 I GoogleInputMethodServic: GoogleInputMethodService.onStartInput():1808 
08-04 18:26:47.202 21896 21896 D UserPreferences: Using default data folder
08-04 18:26:47.203 21896 21896 D OnlineFeedViewActivity: Activity was started with url https://rss.art19.com/nice-white-parents
08-04 18:26:47.206 21896 21896 D OnlineFeedViewActivity: Starting feed download
08-04 18:26:47.210 21896 21916 D DBReader: Extracting Feedlist
08-04 18:26:47.213   918  6111 D WifiService: acquireWifiLockLocked: WifiLock{Downloader type=1 binder=android.os.BinderProxy@4ee7293}
08-04 18:26:47.214 21896 21916 D AntennapodHttpClient: Creating new instance of HTTP client
08-04 18:26:47.271 13866 13866 I GoogleInputMethodServic: GoogleInputMethodService.onFinishInput():3138 
08-04 18:26:47.272 13866 13866 I GoogleInputMethodServic: GoogleInputMethodService.onStartInput():1808 
08-04 18:26:47.279   512  2967 D audio_hw_primary: disable_audio_route: reset and update mixer path: low-latency-playback speaker
08-04 18:26:47.281   512  2967 D audio_hw_primary: disable_snd_device: snd_device(2: speaker)
08-04 18:26:47.289   512  2967 I soundtrigger: audio_extn_sound_trigger_update_device_status: device 0x2 of type 0 for Event 0
08-04 18:26:47.302   918   936 I ActivityManager: Displayed baseline.de.danoeh.antennapod.debug/baseline.de.danoeh.antennapod.activity.OnlineFeedViewActivity: +130ms
08-04 18:26:47.382 21896 21909 I art     : Starting a blocking GC Explicit
08-04 18:26:47.410 21896 21909 I art     : Explicit concurrent mark sweep GC freed 7831(432KB) AllocSpace objects, 4(220KB) LOS objects, 35% free, 28MB/44MB, paused 1.408ms total 27.616ms
08-04 18:26:47.420 21896 21909 I art     : Starting a blocking GC Explicit
08-04 18:26:47.447 21896 21909 I art     : Explicit concurrent mark sweep GC freed 1325(133KB) AllocSpace objects, 0(0B) LOS objects, 35% free, 28MB/44MB, paused 934us total 27.128ms
08-04 18:26:47.457 21896 21909 I art     : Starting a blocking GC Explicit
08-04 18:26:47.484 21896 21909 I art     : Explicit concurrent mark sweep GC freed 3(96B) AllocSpace objects, 0(0B) LOS objects, 35% free, 28MB/44MB, paused 961us total 27.435ms
08-04 18:26:47.493 21896 21909 I art     : Starting a blocking GC Explicit
08-04 18:26:47.506 21896 21916 D MYTAG   : interceptor 3a https://rss.art19.com/nice-white-parents
08-04 18:26:47.507 21896 21916 I NAPPA_EXPERIMENTATION: MetricNetworkRequestExecutionTime: REQUEST_DURATION_SYSTEM='292',REQUEST_DURATION_OKHTTP='142',REQUEST_SYNCHRONOUS='TRUE',RESPONSE_CODE='200',RESPONSE_METHOD='GET',RESPONSE_LENGTH_OKHTTP='-1',RESPONSE_LENGTH_HEADER='1803',REQUEST_PROTOCOL='h2',REQUEST_URL='https://rss.art19.com/nice-white-parents',
08-04 18:26:47.507 21896 21916 D HttpDownloader: Response code is 200
08-04 18:26:47.507 21896 21916 D UserPreferences: Using default data folder
08-04 18:26:47.509 21896 21916 D HttpDownloader: Getting size of download
08-04 18:26:47.509 21896 21916 D HttpDownloader: Size is -1
08-04 18:26:47.509 21896 21916 D UserPreferences: Using default data folder
08-04 18:26:47.510 21896 21916 D HttpDownloader: Free space is 20247269376
08-04 18:26:47.510 21896 21916 D HttpDownloader: Starting download
08-04 18:26:47.514 21896 21916 D HttpDownloader: Download was successful
08-04 18:26:47.515   918  3696 D WifiService: releaseWifiLockLocked: WifiLock{Downloader type=1 binder=android.os.BinderProxy@4ee7293}
08-04 18:26:47.516 21896 21896 D OnlineFeedViewActivity: Parsing feed
08-04 18:26:47.520 21896 24006 D TypeGetter: Recognized type RSS 2.0
08-04 18:26:47.525 21896 24006 D SyndHandler: Recognized ITunes namespace
08-04 18:26:47.526 21896 24006 D SyndHandler: Recognized Atom namespace
08-04 18:26:47.526 21896 24006 D SyndHandler: Recognized Content namespace
08-04 18:26:47.526 21896 21909 I art     : Explicit concurrent mark sweep GC freed 447(149KB) AllocSpace objects, 3(60KB) LOS objects, 35% free, 28MB/44MB, paused 1.271ms total 33.003ms
08-04 18:26:47.536 21896 24006 D OnlineFeedViewActivity: Deleted feed source file. Result: true
08-04 18:26:47.536 21896 21896 D OnlineFeedViewActivity: Removing HTML from shownotes
08-04 18:26:47.539 21896 21909 I art     : Starting a blocking GC Explicit
08-04 18:26:47.563   380   380 W SurfaceFlinger: couldn't log to binary event log: overflow.
08-04 18:26:47.575 21896 21909 I art     : Explicit concurrent mark sweep GC freed 1220(107KB) AllocSpace objects, 1(68KB) LOS objects, 35% free, 28MB/44MB, paused 1.647ms total 35.709ms
08-04 18:26:47.687 21896 21896 D PlaybackController: Releasing PlaybackController
08-04 18:26:47.875 21896 21920 I art     : Starting a blocking GC Explicit
08-04 18:26:47.913 21896 21920 I art     : Explicit concurrent mark sweep GC freed 2262(131KB) AllocSpace objects, 1(20KB) LOS objects, 35% free, 28MB/44MB, paused 952us total 37.761ms
08-04 18:26:47.923 21896 21920 I art     : Starting a blocking GC Explicit
08-04 18:26:47.942 20095 20095 I ServiceManager: Waiting for service AtCmdFwd...
08-04 18:26:47.953 21896 21920 I art     : Explicit concurrent mark sweep GC freed 466(21KB) AllocSpace objects, 1(112KB) LOS objects, 35% free, 28MB/44MB, paused 1.002ms total 30.443ms
08-04 18:26:47.963 21896 21920 I art     : Starting a blocking GC Explicit
08-04 18:26:47.993 21896 21920 I art     : Explicit concurrent mark sweep GC freed 3(96B) AllocSpace objects, 0(0B) LOS objects, 35% free, 28MB/44MB, paused 994us total 29.516ms
08-04 18:26:48.002 21896 21920 I art     : Starting a blocking GC Explicit
08-04 18:26:48.032 21896 21920 I art     : Explicit concurrent mark sweep GC freed 3(96B) AllocSpace objects, 0(0B) LOS objects, 35% free, 28MB/44MB, paused 999us total 29.255ms
08-04 18:26:48.042 21896 21920 I art     : Starting a blocking GC Explicit
08-04 18:26:48.072 21896 21920 I art     : Explicit concurrent mark sweep GC freed 3(96B) AllocSpace objects, 0(0B) LOS objects, 35% free, 28MB/44MB, paused 1.011ms total 30.049ms
08-04 18:26:48.152   518   646 I ThermalEngine: ACTION: GPU - Setting GPU[0] to 450000000
08-04 18:26:48.388 21896 22216 I art     : Starting a blocking GC Explicit
08-04 18:26:48.444 21896 22216 I art     : Explicit concurrent mark sweep GC freed 1399(81KB) AllocSpace objects, 1(20KB) LOS objects, 35% free, 28MB/44MB, paused 1.537ms total 54.457ms
08-04 18:26:48.459 21896 22216 I art     : Starting a blocking GC Explicit
08-04 18:26:48.499 21896 22216 I art     : Explicit concurrent mark sweep GC freed 23(752B) AllocSpace objects, 0(0B) LOS objects, 35% free, 28MB/44MB, paused 1.409ms total 39.386ms
08-04 18:26:48.512 21896 22216 I art     : Starting a blocking GC Explicit
08-04 18:26:48.553 21896 22216 I art     : Explicit concurrent mark sweep GC freed 3(96B) AllocSpace objects, 0(0B) LOS objects, 35% free, 28MB/44MB, paused 1.331ms total 40.601ms
08-04 18:26:48.566 21896 22216 I art     : Starting a blocking GC Explicit
08-04 18:26:48.605 21896 22216 I art     : Explicit concurrent mark sweep GC freed 3(96B) AllocSpace objects, 0(0B) LOS objects, 35% free, 28MB/44MB, paused 1.309ms total 39.288ms
08-04 18:26:48.618 21896 22216 I art     : Starting a blocking GC Explicit
08-04 18:26:48.659 21896 22216 I art     : Explicit concurrent mark sweep GC freed 3(96B) AllocSpace objects, 0(0B) LOS objects, 35% free, 28MB/44MB, paused 1.390ms total 41.221ms
08-04 18:26:48.660 21896 21907 I art     : WaitForGcToComplete blocked for 26.893ms for cause HeapTrim
08-04 18:26:48.942 20095 20095 I ServiceManager: Waiting for service AtCmdFwd...
08-04 18:26:49.014 21896 21909 I art     : Starting a blocking GC Explicit
08-04 18:26:49.062 21896 21909 I art     : Explicit concurrent mark sweep GC freed 1372(80KB) AllocSpace objects, 1(20KB) LOS objects, 35% free, 28MB/44MB, paused 1.404ms total 47.504ms
08-04 18:26:49.077 21896 21909 I art     : Starting a blocking GC Explicit
08-04 18:26:49.116 21896 21909 I art     : Explicit concurrent mark sweep GC freed 23(752B) AllocSpace objects, 0(0B) LOS objects, 35% free, 28MB/44MB, paused 1.480ms total 38.626ms
08-04 18:26:49.129 21896 21909 I art     : Starting a blocking GC Explicit
08-04 18:26:49.170 21896 21909 I art     : Explicit concurrent mark sweep GC freed 30(832B) AllocSpace objects, 0(0B) LOS objects, 35% free, 28MB/44MB, paused 1.870ms total 40.584ms
08-04 18:26:49.183 21896 21909 I art     : Starting a blocking GC Explicit
08-04 18:26:49.220 21896 21909 I art     : Explicit concurrent mark sweep GC freed 13(416B) AllocSpace objects, 0(0B) LOS objects, 35% free, 28MB/44MB, paused 1.230ms total 37.278ms
08-04 18:26:49.233 21896 21909 I art     : Starting a blocking GC Explicit
08-04 18:26:49.270 21896 21909 I art     : Explicit concurrent mark sweep GC freed 9(288B) AllocSpace objects, 0(0B) LOS objects, 35% free, 28MB/44MB, paused 1.230ms total 36.489ms
08-04 18:26:49.613 21896 22216 I art     : Starting a blocking GC Explicit
08-04 18:26:49.662 21896 22216 I art     : Explicit concurrent mark sweep GC freed 1386(80KB) AllocSpace objects, 1(20KB) LOS objects, 35% free, 28MB/44MB, paused 1.426ms total 49.134ms
08-04 18:26:49.678 21896 22216 I art     : Starting a blocking GC Explicit
08-04 18:26:49.719 21896 22216 I art     : Explicit concurrent mark sweep GC freed 23(752B) AllocSpace objects, 0(0B) LOS objects, 35% free, 28MB/44MB, paused 1.452ms total 41.267ms
08-04 18:26:49.732 21896 22216 I art     : Starting a blocking GC Explicit
08-04 18:26:49.773 21896 22216 I art     : Explicit concurrent mark sweep GC freed 3(96B) AllocSpace objects, 0(0B) LOS objects, 35% free, 28MB/44MB, paused 1.351ms total 40.945ms
08-04 18:26:49.786 21896 22216 I art     : Starting a blocking GC Explicit
08-04 18:26:49.826 21896 22216 I art     : Explicit concurrent mark sweep GC freed 3(96B) AllocSpace objects, 0(0B) LOS objects, 35% free, 28MB/44MB, paused 1.312ms total 39.431ms
08-04 18:26:49.838 21896 22216 I art     : Starting a blocking GC Explicit
08-04 18:26:49.878 21896 22216 I art     : Explicit concurrent mark sweep GC freed 3(96B) AllocSpace objects, 0(0B) LOS objects, 35% free, 28MB/44MB, paused 1.426ms total 39.790ms
08-04 18:26:49.943 20095 20095 I ServiceManager: Waiting for service AtCmdFwd...
08-04 18:26:50.220 21896 21909 I art     : Starting a blocking GC Explicit
08-04 18:26:50.271 21896 21909 I art     : Explicit concurrent mark sweep GC freed 1399(81KB) AllocSpace objects, 1(20KB) LOS objects, 35% free, 28MB/44MB, paused 1.510ms total 50.131ms
08-04 18:26:50.285 21896 21909 I art     : Starting a blocking GC Explicit
08-04 18:26:50.324 21896 21909 I art     : Explicit concurrent mark sweep GC freed 23(752B) AllocSpace objects, 0(0B) LOS objects, 35% free, 28MB/44MB, paused 1.312ms total 38.669ms
08-04 18:26:50.337 21896 21909 I art     : Starting a blocking GC Explicit
08-04 18:26:50.378 21896 21909 I art     : Explicit concurrent mark sweep GC freed 3(96B) AllocSpace objects, 0(0B) LOS objects, 35% free, 28MB/44MB, paused 1.428ms total 40.524ms
08-04 18:26:50.391 21896 21909 I art     : Starting a blocking GC Explicit
08-04 18:26:50.432 21896 21909 I art     : Explicit concurrent mark sweep GC freed 3(96B) AllocSpace objects, 0(0B) LOS objects, 35% free, 28MB/44MB, paused 1.364ms total 40.787ms
08-04 18:26:50.444 21896 21909 I art     : Starting a blocking GC Explicit
08-04 18:26:50.484 21896 21909 I art     : Explicit concurrent mark sweep GC freed 3(96B) AllocSpace objects, 0(0B) LOS objects, 35% free, 28MB/44MB, paused 1.362ms total 39.756ms
08-04 18:26:50.827 21896 21920 I art     : Starting a blocking GC Explicit
08-04 18:26:50.869 21896 21920 I art     : Explicit concurrent mark sweep GC freed 1372(80KB) AllocSpace objects, 1(20KB) LOS objects, 35% free, 28MB/44MB, paused 1.280ms total 41.532ms
08-04 18:26:50.882 21896 21920 I art     : Starting a blocking GC Explicit
08-04 18:26:50.917 21896 21920 I art     : Explicit concurrent mark sweep GC freed 23(752B) AllocSpace objects, 0(0B) LOS objects, 35% free, 28MB/44MB, paused 1.310ms total 34.986ms
08-04 18:26:50.929 21896 21920 I art     : Starting a blocking GC Explicit
08-04 18:26:50.944 20095 20095 I ServiceManager: Waiting for service AtCmdFwd...
08-04 18:26:50.966 21896 21920 I art     : Explicit concurrent mark sweep GC freed 3(96B) AllocSpace objects, 0(0B) LOS objects, 35% free, 28MB/44MB, paused 1.295ms total 36.725ms
08-04 18:26:50.978 21896 21920 I art     : Starting a blocking GC Explicit
08-04 18:26:51.016 21896 21920 I art     : Explicit concurrent mark sweep GC freed 3(96B) AllocSpace objects, 0(0B) LOS objects, 35% free, 28MB/44MB, paused 1.431ms total 37.804ms
08-04 18:26:51.028 21896 21920 I art     : Starting a blocking GC Explicit
08-04 18:26:51.066 21896 21920 I art     : Explicit concurrent mark sweep GC freed 3(96B) AllocSpace objects, 0(0B) LOS objects, 35% free, 28MB/44MB, paused 1.360ms total 37.947ms
08-04 18:26:51.399 21896 21908 I art     : Starting a blocking GC Explicit
08-04 18:26:51.413 24067 24067 D AndroidRuntime: >>>>>> START com.android.internal.os.RuntimeInit uid 2000 <<<<<<
08-04 18:26:51.420 24067 24067 D AndroidRuntime: CheckJNI is OFF
08-04 18:26:51.445 21896 21908 I art     : Explicit concurrent mark sweep GC freed 1400(83KB) AllocSpace objects, 1(20KB) LOS objects, 35% free, 28MB/44MB, paused 1.480ms total 45.216ms
08-04 18:26:51.460 21896 21908 I art     : Starting a blocking GC Explicit
08-04 18:26:51.474 24067 24067 D ICU     : No timezone override file found: /data/misc/zoneinfo/current/icu/icu_tzdata.dat
08-04 18:26:51.498 21896 21908 I art     : Explicit concurrent mark sweep GC freed 23(752B) AllocSpace objects, 0(0B) LOS objects, 35% free, 28MB/44MB, paused 1.474ms total 38.027ms
08-04 18:26:51.510 21896 21908 I art     : Starting a blocking GC Explicit
08-04 18:26:51.523 24067 24067 I Radio-JNI: register_android_hardware_Radio DONE
08-04 18:26:51.548 21896 21908 I art     : Explicit concurrent mark sweep GC freed 3(96B) AllocSpace objects, 0(0B) LOS objects, 35% free, 28MB/44MB, paused 1.407ms total 36.851ms
08-04 18:26:51.552 24067 24067 D AndroidRuntime: Calling main entry com.android.commands.input.Input
08-04 18:26:51.555 24067 24067 I Input   : injectKeyEvent: KeyEvent { action=ACTION_DOWN, keyCode=KEYCODE_BACK, scanCode=0, metaState=0, flags=0x0, repeatCount=0, eventTime=728827967, downTime=728827967, deviceId=-1, source=0x101 }
08-04 18:26:51.560 21896 21908 I art     : Starting a blocking GC Explicit
08-04 18:26:51.561 24067 24067 I Input   : injectKeyEvent: KeyEvent { action=ACTION_UP, keyCode=KEYCODE_BACK, scanCode=0, metaState=0, flags=0x0, repeatCount=0, eventTime=728827967, downTime=728827967, deviceId=-1, source=0x101 }
08-04 18:26:51.568 24067 24067 D AndroidRuntime: Shutting down VM
08-04 18:26:51.575 21896 21896 V PlaybackController: initServiceNotRunning()
08-04 18:26:51.575 21896 21896 D ExternalPlayerFragment: Loading media info
08-04 18:26:51.580 21896 21896 D UserPreferences: Using default data folder
08-04 18:26:51.580 21896 22441 D DBReader: getNavDrawerData() called with: 
08-04 18:26:51.593 21896 22441 D DBReader: getDownloadedItems() called
08-04 18:26:51.594 21896 21908 I art     : Explicit concurrent mark sweep GC freed 419(25KB) AllocSpace objects, 0(0B) LOS objects, 35% free, 28MB/44MB, paused 1.473ms total 33.989ms
08-04 18:26:51.595 21896 22441 D DBReader: getFavoriteIDList() called
08-04 18:26:51.595 21896 22441 D DBReader: getQueueIDList() called
08-04 18:26:51.596 21896 22441 D DBReader: Extracting Feedlist
08-04 18:26:51.605 21896 21908 I art     : Starting a blocking GC Explicit
08-04 18:26:51.609 13866 13866 I GoogleInputMethodServic: GoogleInputMethodService.onFinishInput():3138 
08-04 18:26:51.609 21896 21896 D MainActivity: getLastNavFragment() -> AddFeedFragment
08-04 18:26:51.609 13866 13866 I GoogleInputMethodServic: GoogleInputMethodService.onStartInput():1808 
08-04 18:26:51.639 21896 21908 I art     : Explicit concurrent mark sweep GC freed 769(50KB) AllocSpace objects, 0(0B) LOS objects, 35% free, 28MB/44MB, paused 1.360ms total 34.017ms
08-04 18:26:51.900   380   380 W SurfaceFlinger: couldn't log to binary event log: overflow.
08-04 18:26:51.941 21896 21909 I art     : Starting a blocking GC Explicit
08-04 18:26:51.944 20095 20095 W Atfwd_Sendcmd: AtCmdFwd service not published, waiting... retryCnt : 4
08-04 18:26:51.977 21896 21909 I art     : Explicit concurrent mark sweep GC freed 2262(121KB) AllocSpace objects, 1(20KB) LOS objects, 35% free, 28MB/44MB, paused 1.297ms total 35.706ms
08-04 18:26:51.989 21896 21909 I art     : Starting a blocking GC Explicit
08-04 18:26:52.024 21896 21909 I art     : Explicit concurrent mark sweep GC freed 2520(156KB) AllocSpace objects, 1(28KB) LOS objects, 35% free, 28MB/44MB, paused 1.370ms total 34.789ms
08-04 18:26:52.036 21896 21909 I art     : Starting a blocking GC Explicit
08-04 18:26:52.070 21896 21909 I art     : Explicit concurrent mark sweep GC freed 3(96B) AllocSpace objects, 0(0B) LOS objects, 35% free, 28MB/44MB, paused 1.288ms total 34.262ms
08-04 18:26:52.082 21896 21909 I art     : Starting a blocking GC Explicit
08-04 18:26:52.118 21896 21909 I art     : Explicit concurrent mark sweep GC freed 3(96B) AllocSpace objects, 0(0B) LOS objects, 35% free, 28MB/44MB, paused 1.407ms total 35.903ms
08-04 18:26:52.130 21896 21909 I art     : Starting a blocking GC Explicit
08-04 18:26:52.166 21896 21909 I art     : Explicit concurrent mark sweep GC freed 3(96B) AllocSpace objects, 0(0B) LOS objects, 35% free, 28MB/44MB, paused 1.299ms total 35.406ms
08-04 18:26:52.486 21896 21920 I art     : Starting a blocking GC Explicit
08-04 18:26:52.536 21896 21920 I art     : Explicit concurrent mark sweep GC freed 1401(83KB) AllocSpace objects, 1(20KB) LOS objects, 35% free, 28MB/44MB, paused 1.416ms total 49.559ms
08-04 18:26:52.550 21896 21920 I art     : Starting a blocking GC Explicit
08-04 18:26:52.586 21896 21920 I art     : Explicit concurrent mark sweep GC freed 23(752B) AllocSpace objects, 0(0B) LOS objects, 35% free, 28MB/44MB, paused 1.286ms total 34.989ms
08-04 18:26:52.598 21896 21920 I art     : Starting a blocking GC Explicit
08-04 18:26:52.634 21896 21920 I art     : Explicit concurrent mark sweep GC freed 3(96B) AllocSpace objects, 0(0B) LOS objects, 35% free, 28MB/44MB, paused 1.318ms total 35.733ms
08-04 18:26:52.646 21896 21920 I art     : Starting a blocking GC Explicit
08-04 18:26:52.682 21896 21920 I art     : Explicit concurrent mark sweep GC freed 3(96B) AllocSpace objects, 0(0B) LOS objects, 35% free, 28MB/44MB, paused 1.287ms total 35.884ms
08-04 18:26:52.694 21896 21920 I art     : Starting a blocking GC Explicit
08-04 18:26:52.730 21896 21920 I art     : Explicit concurrent mark sweep GC freed 3(96B) AllocSpace objects, 0(0B) LOS objects, 35% free, 28MB/44MB, paused 1.441ms total 35.505ms
08-04 18:26:53.022 21896 22216 I art     : Starting a blocking GC Explicit
08-04 18:26:53.064 21896 22216 I art     : Explicit concurrent mark sweep GC freed 1373(80KB) AllocSpace objects, 1(20KB) LOS objects, 35% free, 28MB/44MB, paused 1.381ms total 41.579ms
08-04 18:26:53.078 21896 22216 I art     : Starting a blocking GC Explicit
08-04 18:26:53.112 21896 22216 I art     : Explicit concurrent mark sweep GC freed 23(752B) AllocSpace objects, 0(0B) LOS objects, 35% free, 28MB/44MB, paused 1.300ms total 33.624ms
08-04 18:26:53.124 21896 22216 I art     : Starting a blocking GC Explicit
08-04 18:26:53.159 21896 22216 I art     : Explicit concurrent mark sweep GC freed 3(96B) AllocSpace objects, 0(0B) LOS objects, 35% free, 28MB/44MB, paused 1.357ms total 34.485ms
08-04 18:26:53.170 21896 22216 I art     : Starting a blocking GC Explicit
08-04 18:26:53.208 21896 22216 I art     : Explicit concurrent mark sweep GC freed 31(864B) AllocSpace objects, 0(0B) LOS objects, 35% free, 28MB/44MB, paused 1.321ms total 34.387ms
08-04 18:26:53.221 21896 22216 I art     : Starting a blocking GC Explicit
08-04 18:26:53.262 21896 22216 I art     : Explicit concurrent mark sweep GC freed 9(288B) AllocSpace objects, 0(0B) LOS objects, 35% free, 28MB/44MB, paused 1.324ms total 41.212ms
08-04 18:26:53.375 24110 24110 D AndroidRuntime: >>>>>> START com.android.internal.os.RuntimeInit uid 2000 <<<<<<
08-04 18:26:53.383 24110 24110 D AndroidRuntime: CheckJNI is OFF
08-04 18:26:53.424 24110 24110 D ICU     : No timezone override file found: /data/misc/zoneinfo/current/icu/icu_tzdata.dat
08-04 18:26:53.468 24110 24110 I Radio-JNI: register_android_hardware_Radio DONE
08-04 18:26:53.495 24110 24110 D AndroidRuntime: Calling main entry com.android.commands.input.Input
08-04 18:26:53.497 24110 24110 I Input   : injectKeyEvent: KeyEvent { action=ACTION_DOWN, keyCode=KEYCODE_BACK, scanCode=0, metaState=0, flags=0x0, repeatCount=0, eventTime=728829910, downTime=728829910, deviceId=-1, source=0x101 }
08-04 18:26:53.504 24110 24110 I Input   : injectKeyEvent: KeyEvent { action=ACTION_UP, keyCode=KEYCODE_BACK, scanCode=0, metaState=0, flags=0x0, repeatCount=0, eventTime=728829910, downTime=728829910, deviceId=-1, source=0x101 }
08-04 18:26:53.523 13866 13866 I GoogleInputMethodServic: GoogleInputMethodService.onFinishInput():3138 
08-04 18:26:53.523 13866 13866 I GoogleInputMethodServic: GoogleInputMethodService.onStartInput():1808 
08-04 18:26:53.528 24110 24110 D AndroidRuntime: Shutting down VM
08-04 18:26:53.596 21896 22216 I art     : Starting a blocking GC Explicit
08-04 18:26:53.633 21896 22216 I art     : Explicit concurrent mark sweep GC freed 2568(129KB) AllocSpace objects, 1(20KB) LOS objects, 35% free, 28MB/44MB, paused 1.249ms total 36.835ms
08-04 18:26:53.645 21896 22216 I art     : Starting a blocking GC Explicit
08-04 18:26:53.681 21896 22216 I art     : Explicit concurrent mark sweep GC freed 2668(178KB) AllocSpace objects, 9(1540KB) LOS objects, 37% free, 26MB/42MB, paused 1.290ms total 36.070ms
08-04 18:26:53.693 21896 22216 I art     : Starting a blocking GC Explicit
08-04 18:26:53.728 21896 22216 I art     : Explicit concurrent mark sweep GC freed 3(96B) AllocSpace objects, 0(0B) LOS objects, 37% free, 26MB/42MB, paused 1.349ms total 34.954ms
08-04 18:26:53.740 21896 22216 I art     : Starting a blocking GC Explicit
08-04 18:26:53.775 21896 22216 I art     : Explicit concurrent mark sweep GC freed 3(96B) AllocSpace objects, 0(0B) LOS objects, 37% free, 26MB/42MB, paused 1.273ms total 34.333ms
08-04 18:26:53.787 21896 22216 I art     : Starting a blocking GC Explicit
08-04 18:26:53.822 21896 22216 I art     : Explicit concurrent mark sweep GC freed 3(96B) AllocSpace objects, 0(0B) LOS objects, 37% free, 26MB/42MB, paused 1.290ms total 34.956ms
08-04 18:26:54.140 21896 21908 I art     : Starting a blocking GC Explicit
08-04 18:26:54.190 21896 21908 I art     : Explicit concurrent mark sweep GC freed 1400(82KB) AllocSpace objects, 1(20KB) LOS objects, 37% free, 26MB/42MB, paused 1.651ms total 48.988ms
08-04 18:26:54.207 21896 21908 I art     : Starting a blocking GC Explicit
08-04 18:26:54.243 21896 21908 I art     : Explicit concurrent mark sweep GC freed 23(752B) AllocSpace objects, 0(0B) LOS objects, 37% free, 26MB/42MB, paused 1.306ms total 35.521ms
08-04 18:26:54.255 21896 21908 I art     : Starting a blocking GC Explicit
08-04 18:26:54.290 21896 21908 I art     : Explicit concurrent mark sweep GC freed 3(96B) AllocSpace objects, 0(0B) LOS objects, 37% free, 26MB/42MB, paused 1.324ms total 34.972ms
08-04 18:26:54.302 21896 21908 I art     : Starting a blocking GC Explicit
08-04 18:26:54.338 21896 21908 I art     : Explicit concurrent mark sweep GC freed 3(96B) AllocSpace objects, 0(0B) LOS objects, 37% free, 26MB/42MB, paused 1.516ms total 35.029ms
08-04 18:26:54.350 21896 21908 I art     : Starting a blocking GC Explicit
08-04 18:26:54.383 21896 21908 I art     : Explicit concurrent mark sweep GC freed 3(96B) AllocSpace objects, 0(0B) LOS objects, 37% free, 26MB/42MB, paused 1.288ms total 32.523ms
08-04 18:26:54.699 21896 21909 I art     : Starting a blocking GC Explicit
08-04 18:26:54.749 21896 21909 I art     : Explicit concurrent mark sweep GC freed 1373(81KB) AllocSpace objects, 1(20KB) LOS objects, 37% free, 26MB/42MB, paused 1.638ms total 49.897ms
08-04 18:26:54.764 21896 21909 I art     : Starting a blocking GC Explicit
08-04 18:26:54.795 21896 21909 I art     : Explicit concurrent mark sweep GC freed 23(752B) AllocSpace objects, 0(0B) LOS objects, 37% free, 26MB/42MB, paused 1.309ms total 30.927ms
08-04 18:26:54.806 21896 21909 I art     : Starting a blocking GC Explicit
08-04 18:26:54.839 21896 21909 I art     : Explicit concurrent mark sweep GC freed 3(96B) AllocSpace objects, 0(0B) LOS objects, 37% free, 26MB/42MB, paused 1.315ms total 32.906ms
08-04 18:26:54.850 21896 21909 I art     : Starting a blocking GC Explicit
08-04 18:26:54.884 21896 21909 I art     : Explicit concurrent mark sweep GC freed 3(96B) AllocSpace objects, 0(0B) LOS objects, 37% free, 26MB/42MB, paused 1.327ms total 33.025ms
08-04 18:26:54.895 21896 21909 I art     : Starting a blocking GC Explicit
08-04 18:26:54.929 21896 21909 I art     : Explicit concurrent mark sweep GC freed 3(96B) AllocSpace objects, 0(0B) LOS objects, 37% free, 26MB/42MB, paused 1.342ms total 33.810ms
08-04 18:26:55.237 21896 21908 I art     : Starting a blocking GC Explicit
08-04 18:26:55.275 21896 21908 I art     : Explicit concurrent mark sweep GC freed 1416(83KB) AllocSpace objects, 1(20KB) LOS objects, 37% free, 26MB/42MB, paused 1.341ms total 37.617ms
08-04 18:26:55.289 21896 21908 I art     : Starting a blocking GC Explicit
08-04 18:26:55.307 24164 24164 D AndroidRuntime: >>>>>> START com.android.internal.os.RuntimeInit uid 2000 <<<<<<
08-04 18:26:55.313 24164 24164 D AndroidRuntime: CheckJNI is OFF
08-04 18:26:55.326 21896 21908 I art     : Explicit concurrent mark sweep GC freed 28(912B) AllocSpace objects, 0(0B) LOS objects, 37% free, 26MB/42MB, paused 2.009ms total 36.641ms
08-04 18:26:55.338 21896 21908 I art     : Starting a blocking GC Explicit
08-04 18:26:55.357 24164 24164 D ICU     : No timezone override file found: /data/misc/zoneinfo/current/icu/icu_tzdata.dat
08-04 18:26:55.371 21896 21908 I art     : Explicit concurrent mark sweep GC freed 9(288B) AllocSpace objects, 0(0B) LOS objects, 37% free, 26MB/42MB, paused 1.365ms total 33.339ms
08-04 18:26:55.383 21896 21908 I art     : Starting a blocking GC Explicit
08-04 18:26:55.402 24164 24164 I Radio-JNI: register_android_hardware_Radio DONE
08-04 18:26:55.415 21896 21908 I art     : Explicit concurrent mark sweep GC freed 5(160B) AllocSpace objects, 0(0B) LOS objects, 37% free, 26MB/42MB, paused 1.341ms total 32.268ms
08-04 18:26:55.427 21896 21908 I art     : Starting a blocking GC Explicit
08-04 18:26:55.432 24164 24164 D AndroidRuntime: Calling main entry com.android.commands.input.Input
08-04 18:26:55.433 24164 24164 I Input   : injectMotionEvent: MotionEvent { action=ACTION_DOWN, actionButton=0, id[0]=0, x[0]=103.0, y[0]=192.0, toolType[0]=TOOL_TYPE_UNKNOWN, buttonState=0, metaState=0, flags=0x0, edgeFlags=0x0, pointerCount=1, historySize=0, eventTime=728831846, downTime=728831846, deviceId=0, source=0x1002 }
08-04 18:26:55.441 24164 24164 I Input   : injectMotionEvent: MotionEvent { action=ACTION_UP, actionButton=0, id[0]=0, x[0]=103.0, y[0]=192.0, toolType[0]=TOOL_TYPE_UNKNOWN, buttonState=0, metaState=0, flags=0x0, edgeFlags=0x0, pointerCount=1, historySize=0, eventTime=728831846, downTime=728831846, deviceId=0, source=0x1002 }
08-04 18:26:55.445 24164 24164 D AndroidRuntime: Shutting down VM
08-04 18:26:55.459 21896 21908 I art     : Explicit concurrent mark sweep GC freed 24(784B) AllocSpace objects, 0(0B) LOS objects, 37% free, 26MB/42MB, paused 2.573ms total 32.023ms
08-04 18:26:55.461   512  2967 D audio_hw_primary: out_set_parameters: enter: usecase(1: low-latency-playback) kvpairs: routing=2
08-04 18:26:55.474   512  2967 D audio_hw_primary: select_devices: out_snd_device(2: speaker) in_snd_device(0: none)
08-04 18:26:55.474   512  2967 D msm8974_platform: platform_send_audio_calibration: sending audio calibration for snd_device(2) acdb_id(15)
08-04 18:26:55.474   512  2967 I soundtrigger: audio_extn_sound_trigger_update_device_status: device 0x2 of type 0 for Event 1
08-04 18:26:55.486   512  2967 D audio_hw_primary: enable_snd_device: snd_device(2: speaker)
08-04 18:26:55.489   512  2967 D audio_hw_primary: enable_audio_route: apply and update mixer path: low-latency-playback speaker
08-04 18:26:55.495 13866 13866 I GoogleInputMethodServic: GoogleInputMethodService.onFinishInput():3138 
08-04 18:26:55.496 13866 13866 I GoogleInputMethodServic: GoogleInputMethodService.onStartInput():1808 
08-04 18:26:55.758 21896 21908 I art     : Starting a blocking GC Explicit
08-04 18:26:55.795 21896 21908 I art     : Explicit concurrent mark sweep GC freed 1952(108KB) AllocSpace objects, 1(20KB) LOS objects, 37% free, 26MB/42MB, paused 1.430ms total 36.641ms
08-04 18:26:55.809 21896 21908 I art     : Starting a blocking GC Explicit
08-04 18:26:55.843 21896 21908 I art     : Explicit concurrent mark sweep GC freed 102(5KB) AllocSpace objects, 0(0B) LOS objects, 37% free, 26MB/42MB, paused 1.438ms total 33.718ms
08-04 18:26:55.855 21896 21908 I art     : Starting a blocking GC Explicit
08-04 18:26:55.889 21896 21908 I art     : Explicit concurrent mark sweep GC freed 11(384B) AllocSpace objects, 0(0B) LOS objects, 37% free, 26MB/42MB, paused 1.232ms total 33.626ms
08-04 18:26:55.901 21896 21908 I art     : Starting a blocking GC Explicit
08-04 18:26:55.936 21896 21908 I art     : Explicit concurrent mark sweep GC freed 6(192B) AllocSpace objects, 0(0B) LOS objects, 37% free, 26MB/42MB, paused 1.286ms total 35.068ms
08-04 18:26:55.949 21896 21908 I art     : Starting a blocking GC Explicit
08-04 18:26:55.968   918  3188 I hubconnection: sensorhub said: 'set_bias 3: -6.2400, 0.0000, 0.0000'
08-04 18:26:55.981 21896 21908 I art     : Explicit concurrent mark sweep GC freed 3(96B) AllocSpace objects, 0(0B) LOS objects, 37% free, 26MB/42MB, paused 1.224ms total 32.056ms
08-04 18:26:56.028   512  2967 D audio_hw_primary: disable_audio_route: reset and update mixer path: low-latency-playback speaker
08-04 18:26:56.029   512  2967 D audio_hw_primary: disable_snd_device: snd_device(2: speaker)
08-04 18:26:56.037   512  2967 I soundtrigger: audio_extn_sound_trigger_update_device_status: device 0x2 of type 0 for Event 0
08-04 18:26:56.297 21896 21909 I art     : Starting a blocking GC Explicit
08-04 18:26:56.345 21896 21909 I art     : Explicit concurrent mark sweep GC freed 1398(81KB) AllocSpace objects, 1(20KB) LOS objects, 37% free, 26MB/42MB, paused 1.633ms total 47.927ms
08-04 18:26:56.360 21896 21909 I art     : Starting a blocking GC Explicit
08-04 18:26:56.395 21896 21909 I art     : Explicit concurrent mark sweep GC freed 25(816B) AllocSpace objects, 0(0B) LOS objects, 37% free, 26MB/42MB, paused 1.312ms total 33.961ms
08-04 18:26:56.406 21896 21909 I art     : Starting a blocking GC Explicit
08-04 18:26:56.442 21896 21909 I art     : Explicit concurrent mark sweep GC freed 3(96B) AllocSpace objects, 0(0B) LOS objects, 37% free, 26MB/42MB, paused 1.334ms total 35.254ms
08-04 18:26:56.454 21896 21909 I art     : Starting a blocking GC Explicit
08-04 18:26:56.489 21896 21909 I art     : Explicit concurrent mark sweep GC freed 3(96B) AllocSpace objects, 0(0B) LOS objects, 37% free, 26MB/42MB, paused 1.368ms total 34.677ms
08-04 18:26:56.501 21896 21909 I art     : Starting a blocking GC Explicit
08-04 18:26:56.537 21896 21909 I art     : Explicit concurrent mark sweep GC freed 3(96B) AllocSpace objects, 0(0B) LOS objects, 37% free, 26MB/42MB, paused 1.310ms total 35.318ms
08-04 18:26:56.841 21896 21908 I art     : Starting a blocking GC Explicit
08-04 18:26:56.882 21896 21908 I art     : Explicit concurrent mark sweep GC freed 1371(80KB) AllocSpace objects, 1(20KB) LOS objects, 37% free, 26MB/42MB, paused 1.427ms total 40.672ms
08-04 18:26:56.897 21896 21908 I art     : Starting a blocking GC Explicit
08-04 18:26:56.931 21896 21908 I art     : Explicit concurrent mark sweep GC freed 23(752B) AllocSpace objects, 0(0B) LOS objects, 37% free, 26MB/42MB, paused 1.322ms total 33.199ms
08-04 18:26:56.942 21896 21908 I art     : Starting a blocking GC Explicit
08-04 18:26:56.976 21896 21908 I art     : Explicit concurrent mark sweep GC freed 3(96B) AllocSpace objects, 0(0B) LOS objects, 37% free, 26MB/42MB, paused 1.301ms total 33.450ms
08-04 18:26:56.988 21896 21908 I art     : Starting a blocking GC Explicit
08-04 18:26:57.022 21896 21908 I art     : Explicit concurrent mark sweep GC freed 3(96B) AllocSpace objects, 0(0B) LOS objects, 37% free, 26MB/42MB, paused 1.327ms total 33.620ms
08-04 18:26:57.033 21896 21908 I art     : Starting a blocking GC Explicit
08-04 18:26:57.067 21896 21908 I art     : Explicit concurrent mark sweep GC freed 3(96B) AllocSpace objects, 0(0B) LOS objects, 37% free, 26MB/42MB, paused 1.372ms total 33.698ms
08-04 18:26:57.233 24209 24209 D AndroidRuntime: >>>>>> START com.android.internal.os.RuntimeInit uid 2000 <<<<<<
08-04 18:26:57.239 24209 24209 D AndroidRuntime: CheckJNI is OFF
08-04 18:26:57.280 24209 24209 D ICU     : No timezone override file found: /data/misc/zoneinfo/current/icu/icu_tzdata.dat
08-04 18:26:57.321 24209 24209 I Radio-JNI: register_android_hardware_Radio DONE
08-04 18:26:57.349 24209 24209 D AndroidRuntime: Calling main entry com.android.commands.input.Input
08-04 18:26:57.351 24209 24209 I Input   : injectMotionEvent: MotionEvent { action=ACTION_DOWN, actionButton=0, id[0]=0, x[0]=625.0, y[0]=1248.0, toolType[0]=TOOL_TYPE_UNKNOWN, buttonState=0, metaState=0, flags=0x0, edgeFlags=0x0, pointerCount=1, historySize=0, eventTime=728833764, downTime=728833764, deviceId=0, source=0x1002 }
08-04 18:26:57.355 24209 24209 I Input   : injectMotionEvent: MotionEvent { action=ACTION_UP, actionButton=0, id[0]=0, x[0]=625.0, y[0]=1248.0, toolType[0]=TOOL_TYPE_UNKNOWN, buttonState=0, metaState=0, flags=0x0, edgeFlags=0x0, pointerCount=1, historySize=0, eventTime=728833764, downTime=728833764, deviceId=0, source=0x1002 }
08-04 18:26:57.357 24209 24209 D AndroidRuntime: Shutting down VM
08-04 18:26:57.385 21896 21920 I art     : Starting a blocking GC Explicit
08-04 18:26:57.420 21896 21920 I art     : Explicit concurrent mark sweep GC freed 1467(83KB) AllocSpace objects, 1(20KB) LOS objects, 37% free, 26MB/42MB, paused 1.329ms total 34.589ms
08-04 18:26:57.420 21896 21896 D MainActivity: loadFragment(index: 7, args: null)
08-04 18:26:57.421 21896 21896 D MainActivity: saveLastNavFragment(tag: 2)
08-04 18:26:57.422 21896 21896 D MainActivity: getLastNavFragment() -> 2
08-04 18:26:57.422   512  2967 D audio_hw_primary: out_set_parameters: enter: usecase(1: low-latency-playback) kvpairs: routing=2
08-04 18:26:57.432 21896 21920 I art     : Starting a blocking GC Explicit
08-04 18:26:57.436   512  2967 D audio_hw_primary: select_devices: out_snd_device(2: speaker) in_snd_device(0: none)
08-04 18:26:57.436   512  2967 D msm8974_platform: platform_send_audio_calibration: sending audio calibration for snd_device(2) acdb_id(15)
08-04 18:26:57.436   512  2967 I soundtrigger: audio_extn_sound_trigger_update_device_status: device 0x2 of type 0 for Event 1
08-04 18:26:57.447   512  2967 D audio_hw_primary: enable_snd_device: snd_device(2: speaker)
08-04 18:26:57.450   512  2967 D audio_hw_primary: enable_audio_route: apply and update mixer path: low-latency-playback speaker
08-04 18:26:57.450 21896 21896 D ItemlistFragment: onEventMainThread() called with: event = [DownloadEvent{update=DownloaderUpdate{downloaders=[], feedIds=[], mediaIds=[]}}]
08-04 18:26:57.451 21896 21916 D DBReader: getFeed() called with: feedId = [2]
08-04 18:26:57.453 21896 21916 D DBReader: getFeedItemList() called with: feed = [baseline.de.danoeh.antennapod.core.feed.Feed@2]
08-04 18:26:57.468 21896 21920 I art     : Explicit concurrent mark sweep GC freed 2380(127KB) AllocSpace objects, 1(20KB) LOS objects, 36% free, 27MB/43MB, paused 1.623ms total 35.714ms
08-04 18:26:57.481 21896 21920 I art     : Starting a blocking GC Explicit
08-04 18:26:57.517 21896 21920 I art     : Explicit concurrent mark sweep GC freed 1238(31KB) AllocSpace objects, 0(0B) LOS objects, 36% free, 28MB/44MB, paused 1.621ms total 35.245ms
08-04 18:26:57.529 21896 21920 I art     : Starting a blocking GC Explicit
08-04 18:26:57.555 21896 21916 W PodDBAdapter: Length of id array is larger than 800. Creating multiple cursors
08-04 18:26:57.569 21896 21920 I art     : Explicit concurrent mark sweep GC freed 4021(265KB) AllocSpace objects, 1(16KB) LOS objects, 35% free, 28MB/44MB, paused 1.581ms total 39.303ms
08-04 18:26:57.581 21896 21920 I art     : Starting a blocking GC Explicit
08-04 18:26:57.630 21896 21920 I art     : Explicit concurrent mark sweep GC freed 62(17KB) AllocSpace objects, 0(0B) LOS objects, 35% free, 28MB/44MB, paused 1.463ms total 48.350ms
08-04 18:26:57.669 21896 21916 D DBReader: getFavoriteIDList() called
08-04 18:26:57.670 21896 21916 D DBReader: getQueueIDList() called
08-04 18:26:57.671 21896 21916 D DBReader: Extracting Feedlist
08-04 18:26:57.720 21896 21896 D FeedMenuHandler: Preparing options menu
08-04 18:26:57.787 21896 22821 D ApOkHttpUrlLoader: buildLoadData() called with: model = [http://static.libsyn.com/p/assets/7/1/f/3/71f3014e14ef2722/JREiTunesImage2.jpg], width = [1440], height = [462]
08-04 18:26:57.890 21896 21917 V RenderScript: 0x7f7c24c000 Launching thread(s), CPUs 8
08-04 18:26:57.930 13866 13866 I GoogleInputMethodServic: GoogleInputMethodService.onFinishInput():3138 
08-04 18:26:57.931 13866 13866 I GoogleInputMethodServic: GoogleInputMethodService.onStartInput():1808 
08-04 18:26:57.949 21896 21908 I art     : Starting a blocking GC Explicit
08-04 18:26:57.978   512  2967 D audio_hw_primary: disable_audio_route: reset and update mixer path: low-latency-playback speaker
08-04 18:26:57.979   512  2967 D audio_hw_primary: disable_snd_device: snd_device(2: speaker)
08-04 18:26:57.986   512  2967 I soundtrigger: audio_extn_sound_trigger_update_device_status: device 0x2 of type 0 for Event 0
08-04 18:26:57.992 21896 21908 I art     : Explicit concurrent mark sweep GC freed 12283(492KB) AllocSpace objects, 2(36KB) LOS objects, 29% free, 37MB/53MB, paused 2.100ms total 42.395ms
08-04 18:26:58.005 21896 21908 I art     : Starting a blocking GC Explicit
08-04 18:26:58.046 21896 21908 I art     : Explicit concurrent mark sweep GC freed 1124(85KB) AllocSpace objects, 5(216KB) LOS objects, 29% free, 37MB/53MB, paused 1.206ms total 40.156ms
08-04 18:26:58.059 21896 21908 I art     : Starting a blocking GC Explicit
08-04 18:26:58.100 21896 21908 I art     : Explicit concurrent mark sweep GC freed 33(1408B) AllocSpace objects, 0(0B) LOS objects, 29% free, 37MB/53MB, paused 1.179ms total 41.179ms
08-04 18:26:58.113 21896 21908 I art     : Starting a blocking GC Explicit
08-04 18:26:58.155 21896 21908 I art     : Explicit concurrent mark sweep GC freed 5(176B) AllocSpace objects, 0(0B) LOS objects, 29% free, 37MB/53MB, paused 1.285ms total 41.091ms
08-04 18:26:58.168 21896 21908 I art     : Starting a blocking GC Explicit
08-04 18:26:58.213 21896 21908 I art     : Explicit concurrent mark sweep GC freed 47(1424B) AllocSpace objects, 0(0B) LOS objects, 29% free, 37MB/53MB, paused 1.214ms total 43.959ms
08-04 18:26:58.535 21896 21908 I art     : Starting a blocking GC Explicit
08-04 18:26:58.591 21896 21908 I art     : Explicit concurrent mark sweep GC freed 1375(80KB) AllocSpace objects, 1(20KB) LOS objects, 29% free, 37MB/53MB, paused 1.402ms total 54.959ms
08-04 18:26:58.608 21896 21908 I art     : Starting a blocking GC Explicit
08-04 18:26:58.654 21896 21908 I art     : Explicit concurrent mark sweep GC freed 42(1392B) AllocSpace objects, 0(0B) LOS objects, 29% free, 37MB/53MB, paused 1.300ms total 45.573ms
08-04 18:26:58.668 21896 21908 I art     : Starting a blocking GC Explicit
08-04 18:26:58.715 21896 21908 I art     : Explicit concurrent mark sweep GC freed 3(96B) AllocSpace objects, 0(0B) LOS objects, 29% free, 37MB/53MB, paused 1.292ms total 46.544ms
08-04 18:26:58.730 21896 21908 I art     : Starting a blocking GC Explicit
08-04 18:26:58.775 21896 21908 I art     : Explicit concurrent mark sweep GC freed 3(96B) AllocSpace objects, 0(0B) LOS objects, 29% free, 37MB/53MB, paused 1.295ms total 45.073ms
08-04 18:26:58.790 21896 21908 I art     : Starting a blocking GC Explicit
08-04 18:26:58.836 21896 21908 I art     : Explicit concurrent mark sweep GC freed 3(96B) AllocSpace objects, 0(0B) LOS objects, 29% free, 37MB/53MB, paused 1.300ms total 46.464ms
08-04 18:26:59.165 21896 22216 I art     : Starting a blocking GC Explicit
08-04 18:26:59.231 21896 22216 I art     : Explicit concurrent mark sweep GC freed 1399(81KB) AllocSpace objects, 1(20KB) LOS objects, 29% free, 37MB/53MB, paused 1.368ms total 65.016ms
08-04 18:26:59.232 21896 21907 I art     : WaitForGcToComplete blocked for 40.992ms for cause HeapTrim
08-04 18:26:59.248 21896 22216 I art     : Starting a blocking GC Explicit
08-04 18:26:59.299 21896 22216 I art     : Explicit concurrent mark sweep GC freed 23(752B) AllocSpace objects, 0(0B) LOS objects, 29% free, 37MB/53MB, paused 1.437ms total 50.406ms
08-04 18:26:59.314 21896 22216 I art     : Starting a blocking GC Explicit
08-04 18:26:59.361 21896 22216 I art     : Explicit concurrent mark sweep GC freed 8(256B) AllocSpace objects, 0(0B) LOS objects, 29% free, 37MB/53MB, paused 1.391ms total 46.790ms
08-04 18:26:59.375 21896 22216 I art     : Starting a blocking GC Explicit
08-04 18:26:59.421 21896 22216 I art     : Explicit concurrent mark sweep GC freed 12(384B) AllocSpace objects, 0(0B) LOS objects, 29% free, 37MB/53MB, paused 1.291ms total 45.508ms
08-04 18:26:59.435 21896 22216 I art     : Starting a blocking GC Explicit
08-04 18:26:59.481 21896 22216 I art     : Explicit concurrent mark sweep GC freed 10(320B) AllocSpace objects, 0(0B) LOS objects, 29% free, 37MB/53MB, paused 1.219ms total 44.833ms
08-04 18:26:59.838 21896 22216 I art     : Starting a blocking GC Explicit
08-04 18:26:59.896 21896 22216 I art     : Explicit concurrent mark sweep GC freed 2083(102KB) AllocSpace objects, 1(20KB) LOS objects, 29% free, 37MB/53MB, paused 1.444ms total 57.026ms
08-04 18:26:59.913 21896 22216 I art     : Starting a blocking GC Explicit
08-04 18:26:59.962 21896 22216 I art     : Explicit concurrent mark sweep GC freed 23(752B) AllocSpace objects, 0(0B) LOS objects, 29% free, 37MB/53MB, paused 1.284ms total 48.507ms
08-04 18:26:59.977 21896 22216 I art     : Starting a blocking GC Explicit
08-04 18:27:00.026 21896 22216 I art     : Explicit concurrent mark sweep GC freed 3(96B) AllocSpace objects, 0(0B) LOS objects, 29% free, 37MB/53MB, paused 1.347ms total 48.811ms
08-04 18:27:00.041 21896 22216 I art     : Starting a blocking GC Explicit
08-04 18:27:00.083 21896 22216 I art     : Explicit concurrent mark sweep GC freed 3(96B) AllocSpace objects, 0(0B) LOS objects, 29% free, 37MB/53MB, paused 1.226ms total 42.154ms
08-04 18:27:00.097 21896 22216 I art     : Starting a blocking GC Explicit
08-04 18:27:00.145 21896 22216 I art     : Explicit concurrent mark sweep GC freed 3(96B) AllocSpace objects, 0(0B) LOS objects, 29% free, 37MB/53MB, paused 1.333ms total 47.942ms
08-04 18:27:00.505 21896 21920 I art     : Starting a blocking GC Explicit
08-04 18:27:00.571 21896 21920 I art     : Explicit concurrent mark sweep GC freed 2287(112KB) AllocSpace objects, 1(20KB) LOS objects, 29% free, 37MB/53MB, paused 1.377ms total 65.916ms
08-04 18:27:00.589 21896 21920 I art     : Starting a blocking GC Explicit
08-04 18:27:00.637 21896 21920 I art     : Explicit concurrent mark sweep GC freed 23(752B) AllocSpace objects, 0(0B) LOS objects, 29% free, 37MB/53MB, paused 1.511ms total 48.508ms
08-04 18:27:00.652 21896 21920 I art     : Starting a blocking GC Explicit
08-04 18:27:00.703 21896 21920 I art     : Explicit concurrent mark sweep GC freed 3(96B) AllocSpace objects, 0(0B) LOS objects, 29% free, 37MB/53MB, paused 1.358ms total 50.570ms
08-04 18:27:00.717 21896 21920 I art     : Starting a blocking GC Explicit
08-04 18:27:00.767 21896 21920 I art     : Explicit concurrent mark sweep GC freed 81(6KB) AllocSpace objects, 0(0B) LOS objects, 29% free, 37MB/53MB, paused 1.298ms total 49.138ms
08-04 18:27:00.781 21896 21920 I art     : Starting a blocking GC Explicit
08-04 18:27:00.833 21896 21920 I art     : Explicit concurrent mark sweep GC freed 42(2352B) AllocSpace objects, 0(0B) LOS objects, 29% free, 37MB/53MB, paused 1.248ms total 51.166ms
08-04 18:27:01.228 21896 21908 I art     : Starting a blocking GC Explicit
08-04 18:27:01.286 21896 21908 I art     : Explicit concurrent mark sweep GC freed 1399(81KB) AllocSpace objects, 1(20KB) LOS objects, 29% free, 37MB/53MB, paused 1.346ms total 57.417ms
08-04 18:27:01.304 21896 21908 I art     : Starting a blocking GC Explicit
08-04 18:27:01.352 21896 21908 I art     : Explicit concurrent mark sweep GC freed 23(752B) AllocSpace objects, 0(0B) LOS objects, 29% free, 37MB/53MB, paused 1.182ms total 47.875ms
08-04 18:27:01.366 21896 21908 I art     : Starting a blocking GC Explicit
08-04 18:27:01.418 21896 21908 I art     : Explicit concurrent mark sweep GC freed 3(96B) AllocSpace objects, 0(0B) LOS objects, 29% free, 37MB/53MB, paused 1.367ms total 51.047ms
08-04 18:27:01.432 21896 21908 I art     : Starting a blocking GC Explicit
08-04 18:27:01.481 21896 21908 I art     : Explicit concurrent mark sweep GC freed 3(96B) AllocSpace objects, 0(0B) LOS objects, 29% free, 37MB/53MB, paused 1.162ms total 47.770ms
08-04 18:27:01.495 21896 21908 I art     : Starting a blocking GC Explicit
08-04 18:27:01.545 21896 21908 I art     : Explicit concurrent mark sweep GC freed 3(96B) AllocSpace objects, 0(0B) LOS objects, 29% free, 37MB/53MB, paused 1.245ms total 49.331ms
08-04 18:27:01.850 21896 21909 I art     : Starting a blocking GC Explicit
08-04 18:27:01.901 21896 21909 I art     : Explicit concurrent mark sweep GC freed 1374(81KB) AllocSpace objects, 1(20KB) LOS objects, 29% free, 37MB/53MB, paused 1.234ms total 50.783ms
08-04 18:27:01.915 21896 21909 I art     : Starting a blocking GC Explicit
08-04 18:27:01.962 21896 21909 I art     : Explicit concurrent mark sweep GC freed 23(752B) AllocSpace objects, 0(0B) LOS objects, 29% free, 37MB/53MB, paused 1.264ms total 46.412ms
08-04 18:27:01.976 21896 21909 I art     : Starting a blocking GC Explicit
08-04 18:27:02.024 21896 21909 I art     : Explicit concurrent mark sweep GC freed 3(96B) AllocSpace objects, 0(0B) LOS objects, 29% free, 37MB/53MB, paused 1.261ms total 47.748ms
08-04 18:27:02.039 21896 21909 I art     : Starting a blocking GC Explicit
08-04 18:27:02.085 21896 21909 I art     : Explicit concurrent mark sweep GC freed 3(96B) AllocSpace objects, 0(0B) LOS objects, 29% free, 37MB/53MB, paused 1.220ms total 45.727ms
08-04 18:27:02.099 21896 21909 I art     : Starting a blocking GC Explicit
08-04 18:27:02.146 21896 21909 I art     : Explicit concurrent mark sweep GC freed 3(96B) AllocSpace objects, 0(0B) LOS objects, 29% free, 37MB/53MB, paused 1.250ms total 46.945ms
08-04 18:27:02.183 24312 24312 D AndroidRuntime: >>>>>> START com.android.internal.os.RuntimeInit uid 2000 <<<<<<
08-04 18:27:02.190 24312 24312 D AndroidRuntime: CheckJNI is OFF
08-04 18:27:02.234 24312 24312 D ICU     : No timezone override file found: /data/misc/zoneinfo/current/icu/icu_tzdata.dat
08-04 18:27:02.280 24312 24312 I Radio-JNI: register_android_hardware_Radio DONE
08-04 18:27:02.311 24312 24312 D AndroidRuntime: Calling main entry com.android.commands.input.Input
08-04 18:27:02.313 24312 24312 I Input   : injectMotionEvent: MotionEvent { action=ACTION_DOWN, actionButton=0, id[0]=0, x[0]=1363.0, y[0]=517.0, toolType[0]=TOOL_TYPE_UNKNOWN, buttonState=0, metaState=0, flags=0x0, edgeFlags=0x0, pointerCount=1, historySize=0, eventTime=728838726, downTime=728838726, deviceId=0, source=0x1002 }
08-04 18:27:02.320 24312 24312 I Input   : injectMotionEvent: MotionEvent { action=ACTION_UP, actionButton=0, id[0]=0, x[0]=1363.0, y[0]=517.0, toolType[0]=TOOL_TYPE_UNKNOWN, buttonState=0, metaState=0, flags=0x0, edgeFlags=0x0, pointerCount=1, historySize=0, eventTime=728838726, downTime=728838726, deviceId=0, source=0x1002 }
08-04 18:27:02.322 24312 24312 D AndroidRuntime: Shutting down VM
08-04 18:27:02.335   512  2967 D audio_hw_primary: out_set_parameters: enter: usecase(1: low-latency-playback) kvpairs: routing=2
08-04 18:27:02.336   918   928 I ActivityManager: START u0 {cmp=baseline.de.danoeh.antennapod.debug/baseline.de.danoeh.antennapod.activity.FeedSettingsActivity (has extras)} from uid 10670 on display 0
08-04 18:27:02.349   512  2967 D audio_hw_primary: select_devices: out_snd_device(2: speaker) in_snd_device(0: none)
08-04 18:27:02.349   512  2967 D msm8974_platform: platform_send_audio_calibration: sending audio calibration for snd_device(2) acdb_id(15)
08-04 18:27:02.349   512  2967 I soundtrigger: audio_extn_sound_trigger_update_device_status: device 0x2 of type 0 for Event 1
08-04 18:27:02.360   512  2967 D audio_hw_primary: enable_snd_device: snd_device(2: speaker)
08-04 18:27:02.362   512  2967 D audio_hw_primary: enable_audio_route: apply and update mixer path: low-latency-playback speaker
08-04 18:27:02.475 21896 21920 I art     : Starting a blocking GC Explicit
08-04 18:27:02.531 21896 21920 I art     : Explicit concurrent mark sweep GC freed 46891(1987KB) AllocSpace objects, 1(20KB) LOS objects, 29% free, 38MB/54MB, paused 1.849ms total 55.021ms
08-04 18:27:02.547 21896 21920 I art     : Starting a blocking GC Explicit
08-04 18:27:02.593 21896 22441 D DBReader: getFeed() called with: feedId = [2]
08-04 18:27:02.594 21896 21920 I art     : Explicit concurrent mark sweep GC freed 3515(248KB) AllocSpace objects, 0(0B) LOS objects, 28% free, 39MB/55MB, paused 1.762ms total 47.654ms
08-04 18:27:02.595 21896 22441 D DBReader: getFeedItemList() called with: feed = [baseline.de.danoeh.antennapod.core.feed.Feed@2]
08-04 18:27:02.612 21896 21920 I art     : Starting a blocking GC Explicit
08-04 18:27:02.671 21896 21920 I art     : Explicit concurrent mark sweep GC freed 3760(140KB) AllocSpace objects, 0(0B) LOS objects, 28% free, 40MB/56MB, paused 1.883ms total 58.998ms
08-04 18:27:02.689 21896 21920 I art     : Starting a blocking GC Explicit
08-04 18:27:02.702 21896 22441 W PodDBAdapter: Length of id array is larger than 800. Creating multiple cursors
08-04 18:27:02.729   918   936 I ActivityManager: Displayed baseline.de.danoeh.antennapod.debug/baseline.de.danoeh.antennapod.activity.FeedSettingsActivity: +382ms
08-04 18:27:02.729 13866 13866 I GoogleInputMethodServic: GoogleInputMethodService.onFinishInput():3138 
08-04 18:27:02.730 13866 13866 I GoogleInputMethodServic: GoogleInputMethodService.onStartInput():1808 
08-04 18:27:02.744 21896 21920 I art     : Explicit concurrent mark sweep GC freed 2674(201KB) AllocSpace objects, 1(16KB) LOS objects, 27% free, 41MB/57MB, paused 1.904ms total 55.335ms
08-04 18:27:02.761 21896 21920 I art     : Starting a blocking GC Explicit
08-04 18:27:02.777 21896 21917 D OpenGLRenderer: endAllStagingAnimators on 0x7f99e17400 (RippleDrawable) with handle 0x7f7a97f040
08-04 18:27:02.806 21896 22821 D ApOkHttpUrlLoader: buildLoadData() called with: model = [http://static.libsyn.com/p/assets/7/1/f/3/71f3014e14ef2722/JREiTunesImage2.jpg], width = [1440], height = [462]
08-04 18:27:02.810 13866 13866 I GoogleInputMethodServic: GoogleInputMethodService.onStartInput():1808 
08-04 18:27:02.811 13866 13866 W SessionManager: SessionManager.beginSession():53 Try to begin an already begun session [INPUT_SESSION], end it first
08-04 18:27:02.820 13866 13866 I ShortcutsDataManager: ShortcutsDataManager.onContentChanged():89 onContentChanged()
08-04 18:27:02.823 21896 21920 I art     : Explicit concurrent mark sweep GC freed 5799(128KB) AllocSpace objects, 0(0B) LOS objects, 27% free, 42MB/58MB, paused 2.868ms total 61.766ms
08-04 18:27:02.828 21896 21896 D FeedSettingsActivity: No filter set
08-04 18:27:02.837   918  6111 W IntentResolver: resolveIntent: multiple matches, only some with CATEGORY_DEFAULT
08-04 18:27:02.899   512  2967 D audio_hw_primary: disable_audio_route: reset and update mixer path: low-latency-playback speaker
08-04 18:27:02.901   512  2967 D audio_hw_primary: disable_snd_device: snd_device(2: speaker)
08-04 18:27:02.911   512  2967 I soundtrigger: audio_extn_sound_trigger_update_device_status: device 0x2 of type 0 for Event 0
08-04 18:27:02.979   380   380 W SurfaceFlinger: couldn't log to binary event log: overflow.
08-04 18:27:03.112 21896 21896 D PlaybackController: Releasing PlaybackController
08-04 18:27:03.142 21896 22216 I art     : Starting a blocking GC Explicit
08-04 18:27:03.214 21896 22216 I art     : Explicit concurrent mark sweep GC freed 4283(218KB) AllocSpace objects, 2(36KB) LOS objects, 27% free, 42MB/58MB, paused 1.204ms total 71.741ms
08-04 18:27:03.231 21896 22216 I art     : Starting a blocking GC Explicit
08-04 18:27:03.286 21896 22216 I art     : Explicit concurrent mark sweep GC freed 461(32KB) AllocSpace objects, 0(0B) LOS objects, 27% free, 42MB/58MB, paused 1.260ms total 54.920ms
08-04 18:27:03.302 21896 22216 I art     : Starting a blocking GC Explicit
08-04 18:27:03.358 21896 22216 I art     : Explicit concurrent mark sweep GC freed 49(2016B) AllocSpace objects, 0(0B) LOS objects, 27% free, 42MB/58MB, paused 1.243ms total 55.706ms
08-04 18:27:03.375 21896 22216 I art     : Starting a blocking GC Explicit
08-04 18:27:03.433 21896 22216 I art     : Explicit concurrent mark sweep GC freed 27(1120B) AllocSpace objects, 0(0B) LOS objects, 27% free, 42MB/58MB, paused 1.316ms total 58.122ms
08-04 18:27:03.450 21896 22216 I art     : Starting a blocking GC Explicit
08-04 18:27:03.510 21896 22216 I art     : Explicit concurrent mark sweep GC freed 3(96B) AllocSpace objects, 0(0B) LOS objects, 27% free, 42MB/58MB, paused 1.331ms total 59.114ms
08-04 18:27:03.842 21896 21909 I art     : Starting a blocking GC Explicit
08-04 18:27:03.909 21896 21909 I art     : Explicit concurrent mark sweep GC freed 1372(80KB) AllocSpace objects, 1(20KB) LOS objects, 27% free, 42MB/58MB, paused 1.452ms total 66.431ms
08-04 18:27:03.927 21896 21909 I art     : Starting a blocking GC Explicit
08-04 18:27:03.992 21896 21909 I art     : Explicit concurrent mark sweep GC freed 23(752B) AllocSpace objects, 0(0B) LOS objects, 27% free, 42MB/58MB, paused 1.345ms total 65.350ms
08-04 18:27:04.010 21896 21909 I art     : Starting a blocking GC Explicit
08-04 18:27:04.080 21896 21909 I art     : Explicit concurrent mark sweep GC freed 3(96B) AllocSpace objects, 0(0B) LOS objects, 27% free, 42MB/58MB, paused 1.368ms total 69.858ms
08-04 18:27:04.100 21896 21909 I art     : Starting a blocking GC Explicit
08-04 18:27:04.168 21896 21909 I art     : Explicit concurrent mark sweep GC freed 3(96B) AllocSpace objects, 0(0B) LOS objects, 27% free, 42MB/58MB, paused 1.448ms total 67.709ms
08-04 18:27:04.185 21896 21909 I art     : Starting a blocking GC Explicit
08-04 18:27:04.248 21896 21909 I art     : Explicit concurrent mark sweep GC freed 34(960B) AllocSpace objects, 0(0B) LOS objects, 27% free, 42MB/58MB, paused 1.586ms total 62.625ms
08-04 18:27:04.595 21896 21908 I art     : Starting a blocking GC Explicit
08-04 18:27:04.663 21896 21908 I art     : Explicit concurrent mark sweep GC freed 1427(82KB) AllocSpace objects, 1(20KB) LOS objects, 27% free, 42MB/58MB, paused 1.272ms total 66.911ms
08-04 18:27:04.683 21896 21908 I art     : Starting a blocking GC Explicit
08-04 18:27:04.748 21896 21908 I art     : Explicit concurrent mark sweep GC freed 23(752B) AllocSpace objects, 0(0B) LOS objects, 27% free, 42MB/58MB, paused 1.427ms total 64.526ms
08-04 18:27:04.765 21896 21908 I art     : Starting a blocking GC Explicit
08-04 18:27:04.827 21896 21908 I art     : Explicit concurrent mark sweep GC freed 3(96B) AllocSpace objects, 0(0B) LOS objects, 27% free, 42MB/58MB, paused 1.438ms total 61.680ms
08-04 18:27:04.844 21896 21908 I art     : Starting a blocking GC Explicit
08-04 18:27:04.908 21896 21908 I art     : Explicit concurrent mark sweep GC freed 3(96B) AllocSpace objects, 0(0B) LOS objects, 27% free, 42MB/58MB, paused 1.472ms total 63.054ms
08-04 18:27:04.925 21896 21908 I art     : Starting a blocking GC Explicit
08-04 18:27:04.992 21896 21908 I art     : Explicit concurrent mark sweep GC freed 3(96B) AllocSpace objects, 0(0B) LOS objects, 27% free, 42MB/58MB, paused 1.398ms total 66.527ms
08-04 18:27:05.369 21896 21920 I art     : Starting a blocking GC Explicit
08-04 18:27:05.430 21896 21920 I art     : Explicit concurrent mark sweep GC freed 1400(83KB) AllocSpace objects, 1(20KB) LOS objects, 27% free, 42MB/58MB, paused 1.343ms total 60.641ms
08-04 18:27:05.447 21896 21920 I art     : Starting a blocking GC Explicit
08-04 18:27:05.506 21896 21920 I art     : Explicit concurrent mark sweep GC freed 23(752B) AllocSpace objects, 0(0B) LOS objects, 27% free, 42MB/58MB, paused 1.316ms total 58.780ms
08-04 18:27:05.523 21896 21920 I art     : Starting a blocking GC Explicit
08-04 18:27:05.591 21896 21920 I art     : Explicit concurrent mark sweep GC freed 3(96B) AllocSpace objects, 0(0B) LOS objects, 27% free, 42MB/58MB, paused 1.331ms total 67.574ms
08-04 18:27:05.611 21896 21920 I art     : Starting a blocking GC Explicit
08-04 18:27:05.674 21896 21920 I art     : Explicit concurrent mark sweep GC freed 3(96B) AllocSpace objects, 0(0B) LOS objects, 27% free, 42MB/58MB, paused 1.356ms total 62.871ms
08-04 18:27:05.691 21896 21920 I art     : Starting a blocking GC Explicit
08-04 18:27:05.759 21896 21920 I art     : Explicit concurrent mark sweep GC freed 3(96B) AllocSpace objects, 0(0B) LOS objects, 27% free, 42MB/58MB, paused 1.502ms total 67.742ms
08-04 18:27:06.113 21896 21908 I art     : Starting a blocking GC Explicit
08-04 18:27:06.191 21896 21908 I art     : Explicit concurrent mark sweep GC freed 1400(82KB) AllocSpace objects, 1(20KB) LOS objects, 27% free, 42MB/58MB, paused 1.504ms total 77.535ms
08-04 18:27:06.212 21896 21908 I art     : Starting a blocking GC Explicit
08-04 18:27:06.281 21896 21908 I art     : Explicit concurrent mark sweep GC freed 23(752B) AllocSpace objects, 0(0B) LOS objects, 27% free, 42MB/58MB, paused 1.365ms total 68.590ms
08-04 18:27:06.301 21896 21908 I art     : Starting a blocking GC Explicit
08-04 18:27:06.366 21896 21908 I art     : Explicit concurrent mark sweep GC freed 3(96B) AllocSpace objects, 0(0B) LOS objects, 27% free, 42MB/58MB, paused 1.345ms total 64.120ms
08-04 18:27:06.383 21896 21908 I art     : Starting a blocking GC Explicit
08-04 18:27:06.446 21896 21908 I art     : Explicit concurrent mark sweep GC freed 3(96B) AllocSpace objects, 0(0B) LOS objects, 27% free, 42MB/58MB, paused 1.262ms total 63.193ms
08-04 18:27:06.464 21896 21908 I art     : Starting a blocking GC Explicit
08-04 18:27:06.535 21896 21908 I art     : Explicit concurrent mark sweep GC freed 3(96B) AllocSpace objects, 0(0B) LOS objects, 27% free, 42MB/58MB, paused 1.328ms total 70.504ms
08-04 18:27:06.854 21896 21920 I art     : Starting a blocking GC Explicit
08-04 18:27:06.917 21896 21920 I art     : Explicit concurrent mark sweep GC freed 2075(106KB) AllocSpace objects, 1(20KB) LOS objects, 27% free, 42MB/58MB, paused 1.408ms total 62.333ms
08-04 18:27:06.934 21896 21920 I art     : Starting a blocking GC Explicit
08-04 18:27:06.997 21896 21920 I art     : Explicit concurrent mark sweep GC freed 23(752B) AllocSpace objects, 0(0B) LOS objects, 27% free, 42MB/58MB, paused 1.463ms total 63.051ms
08-04 18:27:07.015 21896 21920 I art     : Starting a blocking GC Explicit
08-04 18:27:07.075 21896 21920 I art     : Explicit concurrent mark sweep GC freed 3(96B) AllocSpace objects, 0(0B) LOS objects, 27% free, 42MB/58MB, paused 1.369ms total 59.819ms
08-04 18:27:07.092 21896 21920 I art     : Starting a blocking GC Explicit
08-04 18:27:07.141 24422 24422 D AndroidRuntime: >>>>>> START com.android.internal.os.RuntimeInit uid 2000 <<<<<<
08-04 18:27:07.147 24422 24422 D AndroidRuntime: CheckJNI is OFF
08-04 18:27:07.152 21896 21920 I art     : Explicit concurrent mark sweep GC freed 3(96B) AllocSpace objects, 0(0B) LOS objects, 27% free, 42MB/58MB, paused 1.341ms total 59.644ms
08-04 18:27:07.168 21896 21920 I art     : Starting a blocking GC Explicit
08-04 18:27:07.192 24422 24422 D ICU     : No timezone override file found: /data/misc/zoneinfo/current/icu/icu_tzdata.dat
08-04 18:27:07.226 21896 21920 I art     : Explicit concurrent mark sweep GC freed 69(3KB) AllocSpace objects, 0(0B) LOS objects, 27% free, 42MB/58MB, paused 1.325ms total 57.304ms
08-04 18:27:07.237 24422 24422 I Radio-JNI: register_android_hardware_Radio DONE
08-04 18:27:07.267 24422 24422 D AndroidRuntime: Calling main entry com.android.commands.input.Input
08-04 18:27:07.270 24422 24422 I Input   : injectKeyEvent: KeyEvent { action=ACTION_DOWN, keyCode=KEYCODE_BACK, scanCode=0, metaState=0, flags=0x0, repeatCount=0, eventTime=728843683, downTime=728843683, deviceId=-1, source=0x101 }
08-04 18:27:07.279 24422 24422 I Input   : injectKeyEvent: KeyEvent { action=ACTION_UP, keyCode=KEYCODE_BACK, scanCode=0, metaState=0, flags=0x0, repeatCount=0, eventTime=728843683, downTime=728843683, deviceId=-1, source=0x101 }
08-04 18:27:07.285 24422 24422 D AndroidRuntime: Shutting down VM
08-04 18:27:07.290 21896 21896 V PlaybackController: initServiceNotRunning()
08-04 18:27:07.290 21896 21896 D ExternalPlayerFragment: Loading media info
08-04 18:27:07.293 21896 21896 D ItemlistFragment: onEventMainThread() called with: event = [DownloadEvent{update=DownloaderUpdate{downloaders=[], feedIds=[], mediaIds=[]}}]
08-04 18:27:07.294 21896 22821 D ApOkHttpUrlLoader: buildLoadData() called with: model = [http://static.libsyn.com/p/assets/7/1/f/3/71f3014e14ef2722/JREiTunesImage2.jpg], width = [1440], height = [462]
08-04 18:27:07.296 21896 21896 D UserPreferences: Using default data folder
08-04 18:27:07.298 21896 21916 D DBReader: getNavDrawerData() called with: 
08-04 18:27:07.299 21896 22441 D DBReader: getFeed() called with: feedId = [2]
08-04 18:27:07.300 21896 22441 D DBReader: getFeedItemList() called with: feed = [baseline.de.danoeh.antennapod.core.feed.Feed@2]
08-04 18:27:07.310 21896 21896 D FeedMenuHandler: Preparing options menu
08-04 18:27:07.328 21896 21916 D DBReader: getDownloadedItems() called
08-04 18:27:07.330 21896 21916 D DBReader: getFavoriteIDList() called
08-04 18:27:07.330 21896 21916 D DBReader: getQueueIDList() called
08-04 18:27:07.331 21896 21916 D DBReader: Extracting Feedlist
08-04 18:27:07.355 13866 13866 I GoogleInputMethodServic: GoogleInputMethodService.onFinishInput():3138 
08-04 18:27:07.355 21896 21896 D MainActivity: getLastNavFragment() -> 2
08-04 18:27:07.355 13866 13866 I GoogleInputMethodServic: GoogleInputMethodService.onStartInput():1808 
08-04 18:27:07.356 13866 13866 I ShortcutsDataManager: AbstractContentDataManager.startImportContentTask():208 startImportContentTask()
08-04 18:27:07.357 13866 13938 I ShortcutsDataManager: AbstractContentDataManager$ImportContentTask.doInBackground():222 doInBackground()
08-04 18:27:07.357 13866 13938 I PersonalDictionaryDataH: PersonalDictionaryDataHandler.beginProcess():111 LanguageTags = [en-US]
08-04 18:27:07.370 13866 13938 I ShortcutsDataManager: AbstractContentDataManager.importRecords():312 importRecords() : Success : Count = 0
08-04 18:27:07.375 13866 13938 I ShortcutsDataManager: AbstractContentDataManager.importContentData():262 importContentData() : Ending import process
08-04 18:27:07.401 21896 22441 W PodDBAdapter: Length of id array is larger than 800. Creating multiple cursors
08-04 18:27:07.409 13866 13938 I PersonalLanguageModelUp: PersonalLanguageModelUpdater$UpdateOperation.performInternal():160 run() : Added 0 words and 0 shortcuts
08-04 18:27:07.409 13866 13938 I DynamicLanguageModelOpe: DynamicLanguageModelOperation.perform():37 perform() : 4 : coc : Completed
08-04 18:27:07.410 13866 13950 I Delight5Decoder: Delight5DecoderWrapper.loadLanguageModel():578 loadLanguageModel() : 4, version [n/a]
08-04 18:27:07.411 13866 13950 I Delight5Decoder: Delight5DecoderWrapper.loadLanguageModel():616 Loaded dynamic LM 4.en
08-04 18:27:07.411 13866 13866 I ShortcutsDataManager: AbstractContentDataManager$ImportContentTask.onPostExecute():233 onPostExecute() : Result = [2,0]
08-04 18:27:07.411 13866 13866 I ShortcutsDataManager: ShortcutsDataManager.onImportFinished():99 onImportFinished() : Result = 2 : Count = 0
08-04 18:27:07.490 21896 22441 D DBReader: getFavoriteIDList() called
08-04 18:27:07.491 21896 22441 D DBReader: getQueueIDList() called
08-04 18:27:07.492 21896 22441 D DBReader: Extracting Feedlist
08-04 18:27:07.495 21896 22821 D ApOkHttpUrlLoader: buildLoadData() called with: model = [http://static.libsyn.com/p/assets/7/1/f/3/71f3014e14ef2722/JREiTunesImage2.jpg], width = [1440], height = [462]
08-04 18:27:07.519 21896 21896 D FeedMenuHandler: Preparing options menu
08-04 18:27:07.537 21896 21908 I art     : Starting a blocking GC Explicit
08-04 18:27:07.613 21896 21908 I art     : Explicit concurrent mark sweep GC freed 42623(2MB) AllocSpace objects, 3(52KB) LOS objects, 25% free, 47MB/63MB, paused 1.399ms total 75.445ms
08-04 18:27:07.634 21896 21908 I art     : Starting a blocking GC Explicit
08-04 18:27:07.684   380   380 W SurfaceFlinger: couldn't log to binary event log: overflow.
08-04 18:27:07.697 21896 21908 I art     : Explicit concurrent mark sweep GC freed 2922(179KB) AllocSpace objects, 0(0B) LOS objects, 25% free, 47MB/63MB, paused 1.275ms total 62.386ms
08-04 18:27:07.714 21896 21908 I art     : Starting a blocking GC Explicit
08-04 18:27:07.769 21896 21908 I art     : Explicit concurrent mark sweep GC freed 138(5KB) AllocSpace objects, 0(0B) LOS objects, 25% free, 47MB/63MB, paused 1.321ms total 54.821ms
08-04 18:27:07.784 21896 21908 I art     : Starting a blocking GC Explicit
08-04 18:27:07.834 21896 21908 I art     : Explicit concurrent mark sweep GC freed 34745(2MB) AllocSpace objects, 44(2MB) LOS objects, 27% free, 42MB/58MB, paused 1.304ms total 49.013ms
08-04 18:27:07.848 21896 21908 I art     : Starting a blocking GC Explicit
08-04 18:27:07.895 21896 21908 I art     : Explicit concurrent mark sweep GC freed 3(96B) AllocSpace objects, 0(0B) LOS objects, 27% free, 42MB/58MB, paused 1.270ms total 45.942ms
08-04 18:27:08.223 21896 21909 I art     : Starting a blocking GC Explicit
08-04 18:27:08.283 21896 21909 I art     : Explicit concurrent mark sweep GC freed 1444(84KB) AllocSpace objects, 1(20KB) LOS objects, 27% free, 42MB/58MB, paused 1.373ms total 59.378ms
08-04 18:27:08.302 21896 21909 I art     : Starting a blocking GC Explicit
08-04 18:27:08.348 21896 21909 I art     : Explicit concurrent mark sweep GC freed 23(752B) AllocSpace objects, 0(0B) LOS objects, 27% free, 42MB/58MB, paused 1.344ms total 45.482ms
08-04 18:27:08.362 21896 21909 I art     : Starting a blocking GC Explicit
08-04 18:27:08.410 21896 21909 I art     : Explicit concurrent mark sweep GC freed 3(96B) AllocSpace objects, 0(0B) LOS objects, 27% free, 42MB/58MB, paused 1.393ms total 48.189ms
08-04 18:27:08.430 21896 21909 I art     : Starting a blocking GC Explicit
08-04 18:27:08.475 21896 21909 I art     : Explicit concurrent mark sweep GC freed 3(96B) AllocSpace objects, 0(0B) LOS objects, 27% free, 42MB/58MB, paused 1.273ms total 44.882ms
08-04 18:27:08.490 21896 21909 I art     : Starting a blocking GC Explicit
08-04 18:27:08.535 21896 21909 I art     : Explicit concurrent mark sweep GC freed 3(96B) AllocSpace objects, 0(0B) LOS objects, 27% free, 42MB/58MB, paused 1.270ms total 45.306ms
08-04 18:27:08.842 21896 22216 I art     : Starting a blocking GC Explicit
08-04 18:27:08.889 21896 22216 I art     : Explicit concurrent mark sweep GC freed 1374(81KB) AllocSpace objects, 1(20KB) LOS objects, 27% free, 42MB/58MB, paused 1.324ms total 47.196ms
08-04 18:27:08.904 21896 22216 I art     : Starting a blocking GC Explicit
08-04 18:27:08.952 21896 22216 I art     : Explicit concurrent mark sweep GC freed 24(784B) AllocSpace objects, 0(0B) LOS objects, 27% free, 42MB/58MB, paused 1.255ms total 47.167ms
08-04 18:27:08.969 21896 22216 I art     : Starting a blocking GC Explicit
08-04 18:27:09.014 21896 22216 I art     : Explicit concurrent mark sweep GC freed 12(384B) AllocSpace objects, 0(0B) LOS objects, 27% free, 42MB/58MB, paused 1.324ms total 44.144ms
08-04 18:27:09.028 21896 22216 I art     : Starting a blocking GC Explicit
08-04 18:27:09.073 21896 22216 I art     : Explicit concurrent mark sweep GC freed 8(256B) AllocSpace objects, 0(0B) LOS objects, 27% free, 42MB/58MB, paused 1.475ms total 44.832ms
08-04 18:27:09.075 24476 24476 D AndroidRuntime: >>>>>> START com.android.internal.os.RuntimeInit uid 2000 <<<<<<
08-04 18:27:09.081 24476 24476 D AndroidRuntime: CheckJNI is OFF
08-04 18:27:09.088 21896 22216 I art     : Starting a blocking GC Explicit
08-04 18:27:09.124 24476 24476 D ICU     : No timezone override file found: /data/misc/zoneinfo/current/icu/icu_tzdata.dat
08-04 18:27:09.131 21896 22216 I art     : Explicit concurrent mark sweep GC freed 12(384B) AllocSpace objects, 0(0B) LOS objects, 27% free, 42MB/58MB, paused 1.176ms total 42.753ms
08-04 18:27:09.166 24476 24476 I Radio-JNI: register_android_hardware_Radio DONE
08-04 18:27:09.194 24476 24476 D AndroidRuntime: Calling main entry com.android.commands.input.Input
08-04 18:27:09.196 24476 24476 I Input   : injectMotionEvent: MotionEvent { action=ACTION_DOWN, actionButton=0, id[0]=0, x[0]=1372.0, y[0]=384.0, toolType[0]=TOOL_TYPE_UNKNOWN, buttonState=0, metaState=0, flags=0x0, edgeFlags=0x0, pointerCount=1, historySize=0, eventTime=728845608, downTime=728845608, deviceId=0, source=0x1002 }
08-04 18:27:09.202 24476 24476 I Input   : injectMotionEvent: MotionEvent { action=ACTION_UP, actionButton=0, id[0]=0, x[0]=1372.0, y[0]=384.0, toolType[0]=TOOL_TYPE_UNKNOWN, buttonState=0, metaState=0, flags=0x0, edgeFlags=0x0, pointerCount=1, historySize=0, eventTime=728845608, downTime=728845608, deviceId=0, source=0x1002 }
08-04 18:27:09.205 24476 24476 D AndroidRuntime: Shutting down VM
08-04 18:27:09.222   918  5481 I ActivityManager: START u0 {cmp=baseline.de.danoeh.antennapod.debug/baseline.de.danoeh.antennapod.activity.FeedInfoActivity (has extras)} from uid 10670 on display 0
08-04 18:27:09.225   512  2967 D audio_hw_primary: out_set_parameters: enter: usecase(1: low-latency-playback) kvpairs: routing=2
08-04 18:27:09.238   512  2967 D audio_hw_primary: select_devices: out_snd_device(2: speaker) in_snd_device(0: none)
08-04 18:27:09.238   512  2967 D msm8974_platform: platform_send_audio_calibration: sending audio calibration for snd_device(2) acdb_id(15)
08-04 18:27:09.238   512  2967 I soundtrigger: audio_extn_sound_trigger_update_device_status: device 0x2 of type 0 for Event 1
08-04 18:27:09.248   512  2967 D audio_hw_primary: enable_snd_device: snd_device(2: speaker)
08-04 18:27:09.254   512  2967 D audio_hw_primary: enable_audio_route: apply and update mixer path: low-latency-playback speaker
08-04 18:27:09.266 21896 21916 D DBReader: getFeed() called with: feedId = [2]
08-04 18:27:09.268 21896 21916 D DBReader: getFeedItemList() called with: feed = [baseline.de.danoeh.antennapod.core.feed.Feed@2]
08-04 18:27:09.279 21896 21896 D androidx.gridlayout.widget.GridLayout: horizontal constraints: x2-x0>=1328, x2-x1<=0, x1-x0<=242 are inconsistent; permanently removing: x2-x1<=0. 
08-04 18:27:09.280 21896 21896 D androidx.gridlayout.widget.GridLayout: vertical constraints: y3-y2>=80, y3-y2<=66, y2-y1<=94, y1-y0<=94 are inconsistent; permanently removing: y3-y2<=66. 
08-04 18:27:09.363 21896 21916 W PodDBAdapter: Length of id array is larger than 800. Creating multiple cursors
08-04 18:27:09.372   918   936 I ActivityManager: Displayed baseline.de.danoeh.antennapod.debug/baseline.de.danoeh.antennapod.activity.FeedInfoActivity: +140ms
08-04 18:27:09.377 13866 13866 I GoogleInputMethodServic: GoogleInputMethodService.onFinishInput():3138 
08-04 18:27:09.382 13866 13866 I GoogleInputMethodServic: GoogleInputMethodService.onStartInput():1808 
08-04 18:27:09.412 21896 21917 D OpenGLRenderer: endAllStagingAnimators on 0x7f99e17000 (RippleDrawable) with handle 0x7f9a1f4940
08-04 18:27:09.448 21896 21908 I art     : Starting a blocking GC Explicit
08-04 18:27:09.457 21896 21896 D FeedInfoActivity: Language is en
08-04 18:27:09.457 21896 21896 D FeedInfoActivity: Author is Joe Rogan
08-04 18:27:09.457 21896 21896 D FeedInfoActivity: URL is http://joeroganexp.joerogan.libsynpro.com/rss
08-04 18:27:09.461 21896 22821 D ApOkHttpUrlLoader: buildLoadData() called with: model = [http://static.libsyn.com/p/assets/7/1/f/3/71f3014e14ef2722/JREiTunesImage2.jpg], width = [1440], height = [462]
08-04 18:27:09.476   918  3696 W IntentResolver: resolveIntent: multiple matches, only some with CATEGORY_DEFAULT
08-04 18:27:09.484 21896 21896 D androidx.gridlayout.widget.GridLayout: horizontal constraints: x2-x0>=1328, x2-x1<=232, x1-x0<=242 are inconsistent; permanently removing: x2-x1<=232. 
08-04 18:27:09.485 21896 21896 D androidx.gridlayout.widget.GridLayout: vertical constraints: y3-y2>=80, y3-y2<=66, y2-y1<=94, y1-y0<=94 are inconsistent; permanently removing: y3-y2<=66. 
08-04 18:27:09.504 21896 21908 I art     : Explicit concurrent mark sweep GC freed 13880(620KB) AllocSpace objects, 2(36KB) LOS objects, 25% free, 47MB/63MB, paused 1.391ms total 55.358ms
08-04 18:27:09.520 21896 21908 I art     : Starting a blocking GC Explicit
08-04 18:27:09.575 21896 21908 I art     : Explicit concurrent mark sweep GC freed 2044(79KB) AllocSpace objects, 1(16KB) LOS objects, 25% free, 47MB/63MB, paused 1.256ms total 54.061ms
08-04 18:27:09.593 21896 21908 I art     : Starting a blocking GC Explicit
08-04 18:27:09.603   380   380 W SurfaceFlinger: couldn't log to binary event log: overflow.
08-04 18:27:09.646 21896 21908 I art     : Explicit concurrent mark sweep GC freed 126(5KB) AllocSpace objects, 0(0B) LOS objects, 25% free, 47MB/63MB, paused 1.130ms total 52.325ms
08-04 18:27:09.662 21896 21908 I art     : Starting a blocking GC Explicit
08-04 18:27:09.714 21896 21908 I art     : Explicit concurrent mark sweep GC freed 3(96B) AllocSpace objects, 0(0B) LOS objects, 25% free, 47MB/63MB, paused 1.153ms total 52.267ms
08-04 18:27:09.714 21896 21907 I art     : WaitForGcToComplete blocked for 51.210ms for cause HeapTrim
08-04 18:27:09.727 21896 21896 D PlaybackController: Releasing PlaybackController
08-04 18:27:09.731 21896 21908 I art     : Starting a blocking GC Explicit
08-04 18:27:09.789 21896 21908 I art     : Explicit concurrent mark sweep GC freed 349(17KB) AllocSpace objects, 0(0B) LOS objects, 25% free, 47MB/63MB, paused 1.182ms total 58.254ms
08-04 18:27:09.799   512  2967 D audio_hw_primary: disable_audio_route: reset and update mixer path: low-latency-playback speaker
08-04 18:27:09.801   512  2967 D audio_hw_primary: disable_snd_device: snd_device(2: speaker)
08-04 18:27:09.808   512  2967 I soundtrigger: audio_extn_sound_trigger_update_device_status: device 0x2 of type 0 for Event 0
08-04 18:27:10.115 21896 21909 I art     : Starting a blocking GC Explicit
08-04 18:27:10.191 21896 21909 I art     : Explicit concurrent mark sweep GC freed 1468(86KB) AllocSpace objects, 1(20KB) LOS objects, 25% free, 47MB/63MB, paused 1.365ms total 75.943ms
08-04 18:27:10.210 21896 21909 I art     : Starting a blocking GC Explicit
08-04 18:27:10.267 21896 21909 I art     : Explicit concurrent mark sweep GC freed 23(768B) AllocSpace objects, 0(0B) LOS objects, 25% free, 47MB/63MB, paused 1.352ms total 56.841ms
08-04 18:27:10.284 21896 21909 I art     : Starting a blocking GC Explicit
08-04 18:27:10.342 21896 21909 I art     : Explicit concurrent mark sweep GC freed 3(96B) AllocSpace objects, 0(0B) LOS objects, 25% free, 47MB/63MB, paused 1.368ms total 58.060ms
08-04 18:27:10.364 21896 21909 I art     : Starting a blocking GC Explicit
08-04 18:27:10.420 21896 21909 I art     : Explicit concurrent mark sweep GC freed 3(96B) AllocSpace objects, 0(0B) LOS objects, 25% free, 47MB/63MB, paused 1.301ms total 56.334ms
08-04 18:27:10.437 21896 21909 I art     : Starting a blocking GC Explicit
08-04 18:27:10.495 21896 21909 I art     : Explicit concurrent mark sweep GC freed 3(96B) AllocSpace objects, 0(0B) LOS objects, 25% free, 47MB/63MB, paused 1.288ms total 57.389ms
08-04 18:27:10.828 21896 21920 I art     : Starting a blocking GC Explicit
08-04 18:27:10.902 21896 21920 I art     : Explicit concurrent mark sweep GC freed 1373(80KB) AllocSpace objects, 1(20KB) LOS objects, 25% free, 47MB/63MB, paused 1.356ms total 73.991ms
08-04 18:27:10.927 21896 21920 I art     : Starting a blocking GC Explicit
08-04 18:27:10.983 21896 21920 I art     : Explicit concurrent mark sweep GC freed 32(1040B) AllocSpace objects, 0(0B) LOS objects, 25% free, 47MB/63MB, paused 1.299ms total 55.701ms
08-04 18:27:11.000 21896 21920 I art     : Starting a blocking GC Explicit
08-04 18:27:11.060 21896 21920 I art     : Explicit concurrent mark sweep GC freed 12(384B) AllocSpace objects, 0(0B) LOS objects, 25% free, 47MB/63MB, paused 1.385ms total 59.201ms
08-04 18:27:11.078 21896 21920 I art     : Starting a blocking GC Explicit
08-04 18:27:11.132 21896 21920 I art     : Explicit concurrent mark sweep GC freed 12(384B) AllocSpace objects, 0(0B) LOS objects, 25% free, 47MB/63MB, paused 1.339ms total 54.466ms
08-04 18:27:11.149 21896 21920 I art     : Starting a blocking GC Explicit
08-04 18:27:11.207 21896 21920 I art     : Explicit concurrent mark sweep GC freed 31(864B) AllocSpace objects, 0(0B) LOS objects, 25% free, 47MB/63MB, paused 1.205ms total 57.304ms
08-04 18:27:11.552 21896 21908 I art     : Starting a blocking GC Explicit
08-04 18:27:11.622 21896 21908 I art     : Explicit concurrent mark sweep GC freed 1372(80KB) AllocSpace objects, 1(20KB) LOS objects, 25% free, 47MB/63MB, paused 1.355ms total 69.337ms
08-04 18:27:11.642 21896 21908 I art     : Starting a blocking GC Explicit
08-04 18:27:11.702 21896 21908 I art     : Explicit concurrent mark sweep GC freed 23(752B) AllocSpace objects, 0(0B) LOS objects, 25% free, 47MB/63MB, paused 1.321ms total 59.259ms
08-04 18:27:11.719 21896 21908 I art     : Starting a blocking GC Explicit
08-04 18:27:11.782 21896 21908 I art     : Explicit concurrent mark sweep GC freed 3(96B) AllocSpace objects, 0(0B) LOS objects, 25% free, 47MB/63MB, paused 1.204ms total 63.148ms
08-04 18:27:11.800 21896 21908 I art     : Starting a blocking GC Explicit
08-04 18:27:11.862 21896 21908 I art     : Explicit concurrent mark sweep GC freed 3(96B) AllocSpace objects, 0(0B) LOS objects, 25% free, 47MB/63MB, paused 1.315ms total 62.334ms
08-04 18:27:11.879 21896 21908 I art     : Starting a blocking GC Explicit
08-04 18:27:11.945 20095 20095 I ServiceManager: Waiting for service AtCmdFwd...
08-04 18:27:11.947 21896 21908 I art     : Explicit concurrent mark sweep GC freed 3(96B) AllocSpace objects, 0(0B) LOS objects, 25% free, 47MB/63MB, paused 1.382ms total 67.027ms
08-04 18:27:12.300 21896 22216 I art     : Starting a blocking GC Explicit
08-04 18:27:12.386 21896 22216 I art     : Explicit concurrent mark sweep GC freed 1400(83KB) AllocSpace objects, 1(20KB) LOS objects, 25% free, 47MB/63MB, paused 1.313ms total 85.101ms
08-04 18:27:12.408 21896 22216 I art     : Starting a blocking GC Explicit
08-04 18:27:12.470 21896 22216 I art     : Explicit concurrent mark sweep GC freed 23(752B) AllocSpace objects, 0(0B) LOS objects, 25% free, 47MB/63MB, paused 1.526ms total 60.991ms
08-04 18:27:12.487 21896 22216 I art     : Starting a blocking GC Explicit
08-04 18:27:12.550 21896 22216 I art     : Explicit concurrent mark sweep GC freed 3(96B) AllocSpace objects, 0(0B) LOS objects, 25% free, 47MB/63MB, paused 1.417ms total 63.051ms
08-04 18:27:12.572 21896 22216 I art     : Starting a blocking GC Explicit
08-04 18:27:12.637 21896 22216 I art     : Explicit concurrent mark sweep GC freed 3(96B) AllocSpace objects, 0(0B) LOS objects, 25% free, 47MB/63MB, paused 1.321ms total 64.993ms
08-04 18:27:12.657 21896 22216 I art     : Starting a blocking GC Explicit
08-04 18:27:12.718 21896 22216 I art     : Explicit concurrent mark sweep GC freed 3(96B) AllocSpace objects, 0(0B) LOS objects, 25% free, 47MB/63MB, paused 1.409ms total 60.865ms
08-04 18:27:12.946 20095 20095 I ServiceManager: Waiting for service AtCmdFwd...
08-04 18:27:13.026 21896 21920 I art     : Starting a blocking GC Explicit
08-04 18:27:13.092 21896 21920 I art     : Explicit concurrent mark sweep GC freed 1373(81KB) AllocSpace objects, 1(20KB) LOS objects, 25% free, 47MB/63MB, paused 1.372ms total 65.611ms
08-04 18:27:13.113 21896 21920 I art     : Starting a blocking GC Explicit
08-04 18:27:13.176 21896 21920 I art     : Explicit concurrent mark sweep GC freed 54(1648B) AllocSpace objects, 0(0B) LOS objects, 25% free, 47MB/63MB, paused 1.336ms total 62.123ms
08-04 18:27:13.193 21896 21920 I art     : Starting a blocking GC Explicit
08-04 18:27:13.254 21896 21920 I art     : Explicit concurrent mark sweep GC freed 3(96B) AllocSpace objects, 0(0B) LOS objects, 25% free, 47MB/63MB, paused 1.292ms total 60.915ms
08-04 18:27:13.271 21896 21920 I art     : Starting a blocking GC Explicit
08-04 18:27:13.336 21896 21920 I art     : Explicit concurrent mark sweep GC freed 3(96B) AllocSpace objects, 0(0B) LOS objects, 25% free, 47MB/63MB, paused 1.318ms total 64.644ms
08-04 18:27:13.353 21896 21920 I art     : Starting a blocking GC Explicit
08-04 18:27:13.417 21896 21920 I art     : Explicit concurrent mark sweep GC freed 3(96B) AllocSpace objects, 0(0B) LOS objects, 25% free, 47MB/63MB, paused 1.483ms total 63.570ms
08-04 18:27:13.729 21896 21908 I art     : Starting a blocking GC Explicit
08-04 18:27:13.793 21896 21908 I art     : Explicit concurrent mark sweep GC freed 2075(106KB) AllocSpace objects, 1(20KB) LOS objects, 25% free, 47MB/63MB, paused 1.300ms total 63.241ms
08-04 18:27:13.810 21896 21908 I art     : Starting a blocking GC Explicit
08-04 18:27:13.864 21896 21908 I art     : Explicit concurrent mark sweep GC freed 23(752B) AllocSpace objects, 0(0B) LOS objects, 25% free, 47MB/63MB, paused 1.287ms total 54.265ms
08-04 18:27:13.880 21896 21908 I art     : Starting a blocking GC Explicit
08-04 18:27:13.937 21896 21908 I art     : Explicit concurrent mark sweep GC freed 3(96B) AllocSpace objects, 0(0B) LOS objects, 25% free, 47MB/63MB, paused 1.343ms total 56.754ms
08-04 18:27:13.947 20095 20095 I ServiceManager: Waiting for service AtCmdFwd...
08-04 18:27:13.954 21896 21908 I art     : Starting a blocking GC Explicit
08-04 18:27:14.012 21896 21908 I art     : Explicit concurrent mark sweep GC freed 3(96B) AllocSpace objects, 0(0B) LOS objects, 25% free, 47MB/63MB, paused 1.351ms total 58.584ms
08-04 18:27:14.017 24562 24562 D AndroidRuntime: >>>>>> START com.android.internal.os.RuntimeInit uid 2000 <<<<<<
08-04 18:27:14.023 24562 24562 D AndroidRuntime: CheckJNI is OFF
08-04 18:27:14.029 21896 21908 I art     : Starting a blocking GC Explicit
08-04 18:27:14.067 24562 24562 D ICU     : No timezone override file found: /data/misc/zoneinfo/current/icu/icu_tzdata.dat
08-04 18:27:14.084 21896 21908 I art     : Explicit concurrent mark sweep GC freed 3(96B) AllocSpace objects, 0(0B) LOS objects, 25% free, 47MB/63MB, paused 1.325ms total 54.850ms
08-04 18:27:14.115 24562 24562 I Radio-JNI: register_android_hardware_Radio DONE
08-04 18:27:14.143 24562 24562 D AndroidRuntime: Calling main entry com.android.commands.input.Input
08-04 18:27:14.145 24562 24562 I Input   : injectKeyEvent: KeyEvent { action=ACTION_DOWN, keyCode=KEYCODE_BACK, scanCode=0, metaState=0, flags=0x0, repeatCount=0, eventTime=728850558, downTime=728850558, deviceId=-1, source=0x101 }
08-04 18:27:14.151 24562 24562 I Input   : injectKeyEvent: KeyEvent { action=ACTION_UP, keyCode=KEYCODE_BACK, scanCode=0, metaState=0, flags=0x0, repeatCount=0, eventTime=728850558, downTime=728850558, deviceId=-1, source=0x101 }
08-04 18:27:14.156 24562 24562 D AndroidRuntime: Shutting down VM
08-04 18:27:14.162 21896 21896 V PlaybackController: initServiceNotRunning()
08-04 18:27:14.163 21896 21896 D ExternalPlayerFragment: Loading media info
08-04 18:27:14.166 21896 21896 D ItemlistFragment: onEventMainThread() called with: event = [DownloadEvent{update=DownloaderUpdate{downloaders=[], feedIds=[], mediaIds=[]}}]
08-04 18:27:14.167 21896 22821 D ApOkHttpUrlLoader: buildLoadData() called with: model = [http://static.libsyn.com/p/assets/7/1/f/3/71f3014e14ef2722/JREiTunesImage2.jpg], width = [1440], height = [462]
08-04 18:27:14.171 21896 21896 D UserPreferences: Using default data folder
08-04 18:27:14.171 21896 22441 D DBReader: getNavDrawerData() called with: 
08-04 18:27:14.172 21896 21916 D DBReader: getFeed() called with: feedId = [2]
08-04 18:27:14.174 21896 21916 D DBReader: getFeedItemList() called with: feed = [baseline.de.danoeh.antennapod.core.feed.Feed@2]
08-04 18:27:14.183 21896 21896 D FeedMenuHandler: Preparing options menu
08-04 18:27:14.201 21896 22441 D DBReader: getDownloadedItems() called
08-04 18:27:14.203 21896 22441 D DBReader: getFavoriteIDList() called
08-04 18:27:14.203 21896 22441 D DBReader: getQueueIDList() called
08-04 18:27:14.204 21896 22441 D DBReader: Extracting Feedlist
08-04 18:27:14.226 21896 21896 D MainActivity: getLastNavFragment() -> 2
08-04 18:27:14.236 13866 13866 I GoogleInputMethodServic: GoogleInputMethodService.onFinishInput():3138 
08-04 18:27:14.236 13866 13866 I GoogleInputMethodServic: GoogleInputMethodService.onStartInput():1808 
08-04 18:27:14.274 21896 21916 W PodDBAdapter: Length of id array is larger than 800. Creating multiple cursors
08-04 18:27:14.363 21896 21916 D DBReader: getFavoriteIDList() called
08-04 18:27:14.364 21896 21916 D DBReader: getQueueIDList() called
08-04 18:27:14.367 21896 21916 D DBReader: Extracting Feedlist
08-04 18:27:14.371 21896 22821 D ApOkHttpUrlLoader: buildLoadData() called with: model = [http://static.libsyn.com/p/assets/7/1/f/3/71f3014e14ef2722/JREiTunesImage2.jpg], width = [1440], height = [462]
08-04 18:27:14.390 21896 21896 D FeedMenuHandler: Preparing options menu
08-04 18:27:14.398 21896 21908 I art     : Starting a blocking GC Explicit
08-04 18:27:14.457 21896 21908 I art     : Explicit concurrent mark sweep GC freed 42595(2MB) AllocSpace objects, 3(52KB) LOS objects, 23% free, 52MB/68MB, paused 1.195ms total 59.332ms
08-04 18:27:14.474 21896 21908 I art     : Starting a blocking GC Explicit
08-04 18:27:14.536 21896 21908 I art     : Explicit concurrent mark sweep GC freed 2013(131KB) AllocSpace objects, 0(0B) LOS objects, 23% free, 52MB/68MB, paused 1.156ms total 61.369ms
08-04 18:27:14.552 21896 21908 I art     : Starting a blocking GC Explicit
08-04 18:27:14.558   380   380 W SurfaceFlinger: couldn't log to binary event log: overflow.
08-04 18:27:14.603 21896 21908 I art     : Explicit concurrent mark sweep GC freed 945(49KB) AllocSpace objects, 0(0B) LOS objects, 23% free, 52MB/68MB, paused 1.283ms total 50.587ms
08-04 18:27:14.618 21896 21908 I art     : Starting a blocking GC Explicit
08-04 18:27:14.670 21896 21908 I art     : Explicit concurrent mark sweep GC freed 120(4KB) AllocSpace objects, 0(0B) LOS objects, 23% free, 52MB/68MB, paused 1.249ms total 51.668ms
08-04 18:27:14.685 21896 21908 I art     : Starting a blocking GC Explicit
08-04 18:27:14.730 21896 21908 I art     : Explicit concurrent mark sweep GC freed 29239(2MB) AllocSpace objects, 3(84KB) LOS objects, 24% free, 50MB/66MB, paused 1.292ms total 44.944ms
08-04 18:27:14.947 20095 20095 I ServiceManager: Waiting for service AtCmdFwd...
08-04 18:27:15.034 21896 21909 I art     : Starting a blocking GC Explicit
08-04 18:27:15.081 21896 21909 I art     : Explicit concurrent mark sweep GC freed 1417(83KB) AllocSpace objects, 1(20KB) LOS objects, 24% free, 50MB/66MB, paused 1.382ms total 46.936ms
08-04 18:27:15.095 21896 21909 I art     : Starting a blocking GC Explicit
08-04 18:27:15.143 21896 21909 I art     : Explicit concurrent mark sweep GC freed 23(752B) AllocSpace objects, 0(0B) LOS objects, 24% free, 50MB/66MB, paused 1.291ms total 47.016ms
08-04 18:27:15.157 21896 21909 I art     : Starting a blocking GC Explicit
08-04 18:27:15.203 21896 21909 I art     : Explicit concurrent mark sweep GC freed 30(832B) AllocSpace objects, 0(0B) LOS objects, 24% free, 50MB/66MB, paused 1.296ms total 45.530ms
08-04 18:27:15.218 21896 21909 I art     : Starting a blocking GC Explicit
08-04 18:27:15.266 21896 21909 I art     : Explicit concurrent mark sweep GC freed 3(96B) AllocSpace objects, 0(0B) LOS objects, 24% free, 50MB/66MB, paused 1.298ms total 48.418ms
08-04 18:27:15.281 21896 21909 I art     : Starting a blocking GC Explicit
08-04 18:27:15.328 21896 21909 I art     : Explicit concurrent mark sweep GC freed 3(96B) AllocSpace objects, 0(0B) LOS objects, 24% free, 50MB/66MB, paused 1.377ms total 46.497ms
08-04 18:27:15.635 21896 22216 I art     : Starting a blocking GC Explicit
08-04 18:27:15.690 21896 22216 I art     : Explicit concurrent mark sweep GC freed 1374(81KB) AllocSpace objects, 1(20KB) LOS objects, 24% free, 50MB/66MB, paused 1.316ms total 54.750ms
08-04 18:27:15.704 21896 22216 I art     : Starting a blocking GC Explicit
08-04 18:27:15.749 21896 22216 I art     : Explicit concurrent mark sweep GC freed 23(752B) AllocSpace objects, 0(0B) LOS objects, 24% free, 50MB/66MB, paused 1.284ms total 44.941ms
08-04 18:27:15.763 21896 22216 I art     : Starting a blocking GC Explicit
08-04 18:27:15.810 21896 22216 I art     : Explicit concurrent mark sweep GC freed 3(96B) AllocSpace objects, 0(0B) LOS objects, 24% free, 50MB/66MB, paused 1.314ms total 46.814ms
08-04 18:27:15.825 21896 22216 I art     : Starting a blocking GC Explicit
08-04 18:27:15.876 21896 22216 I art     : Explicit concurrent mark sweep GC freed 10(320B) AllocSpace objects, 0(0B) LOS objects, 24% free, 50MB/66MB, paused 1.332ms total 50.599ms
08-04 18:27:15.891 21896 22216 I art     : Starting a blocking GC Explicit
08-04 18:27:15.933 21896 22216 I art     : Explicit concurrent mark sweep GC freed 11(352B) AllocSpace objects, 0(0B) LOS objects, 24% free, 50MB/66MB, paused 1.212ms total 42.425ms
08-04 18:27:15.948 20095 20095 I ServiceManager: Waiting for service AtCmdFwd...
08-04 18:27:15.956 24615 24615 D AndroidRuntime: >>>>>> START com.android.internal.os.RuntimeInit uid 2000 <<<<<<
08-04 18:27:15.962 24615 24615 D AndroidRuntime: CheckJNI is OFF
08-04 18:27:16.001 24615 24615 D ICU     : No timezone override file found: /data/misc/zoneinfo/current/icu/icu_tzdata.dat
08-04 18:27:16.044 24615 24615 I Radio-JNI: register_android_hardware_Radio DONE
08-04 18:27:16.073 24615 24615 D AndroidRuntime: Calling main entry com.android.commands.input.Input
08-04 18:27:16.076 24615 24615 I Input   : injectMotionEvent: MotionEvent { action=ACTION_DOWN, actionButton=0, id[0]=0, x[0]=733.0, y[0]=896.0, toolType[0]=TOOL_TYPE_UNKNOWN, buttonState=0, metaState=0, flags=0x0, edgeFlags=0x0, pointerCount=1, historySize=0, eventTime=728852488, downTime=728852488, deviceId=0, source=0x1002 }
08-04 18:27:16.083 24615 24615 I Input   : injectMotionEvent: MotionEvent { action=ACTION_UP, actionButton=0, id[0]=0, x[0]=733.0, y[0]=896.0, toolType[0]=TOOL_TYPE_UNKNOWN, buttonState=0, metaState=0, flags=0x0, edgeFlags=0x0, pointerCount=1, historySize=0, eventTime=728852488, downTime=728852488, deviceId=0, source=0x1002 }
08-04 18:27:16.088 24615 24615 D AndroidRuntime: Shutting down VM
08-04 18:27:16.155   512  2967 D audio_hw_primary: out_set_parameters: enter: usecase(1: low-latency-playback) kvpairs: routing=2
08-04 18:27:16.168   512  2967 D audio_hw_primary: select_devices: out_snd_device(2: speaker) in_snd_device(0: none)
08-04 18:27:16.168   512  2967 D msm8974_platform: platform_send_audio_calibration: sending audio calibration for snd_device(2) acdb_id(15)
08-04 18:27:16.169   512  2967 I soundtrigger: audio_extn_sound_trigger_update_device_status: device 0x2 of type 0 for Event 1
08-04 18:27:16.179   512  2967 D audio_hw_primary: enable_snd_device: snd_device(2: speaker)
08-04 18:27:16.181   512  2967 D audio_hw_primary: enable_audio_route: apply and update mixer path: low-latency-playback speaker
08-04 18:27:16.183 21896 21896 I WebViewFactory: Loading com.google.android.webview version 84.0.4147.89 (code 414708953)
08-04 18:27:16.272 21896 22216 I art     : Starting a blocking GC Explicit
08-04 18:27:16.282 21896 21896 I cr_LibraryLoader: Loaded native library version number "84.0.4147.89"
08-04 18:27:16.283 21896 21896 I cr_CachingUmaRecorder: Flushed 5 samples from 5 histograms.
08-04 18:27:16.293   918  5952 I ActivityManager: Start proc 24653:com.google.android.webview:webview_service/u0a74 for service com.google.android.webview/org.chromium.android_webview.services.VariationsSeedServer
08-04 18:27:16.321 21896 22216 I art     : Explicit concurrent mark sweep GC freed 6807(572KB) AllocSpace objects, 3(60KB) LOS objects, 23% free, 51MB/67MB, paused 2.152ms total 48.566ms
08-04 18:27:16.329 21896 21896 E chromium: [ERROR:filesystem_posix.cc(62)] mkdir /data/user/0/baseline.de.danoeh.antennapod.debug/cache/WebView/Crashpad: No such file or directory (2)
08-04 18:27:16.335 21896 22216 I art     : Starting a blocking GC Explicit
08-04 18:27:16.339 24653 24653 I LoadedApk: No resource references to update in package com.google.android.webview_translations
08-04 18:27:16.385 21896 22216 I art     : Explicit concurrent mark sweep GC freed 1313(119KB) AllocSpace objects, 0(0B) LOS objects, 23% free, 51MB/67MB, paused 1.671ms total 49.245ms
08-04 18:27:16.411 21896 22216 I art     : Starting a blocking GC Explicit
08-04 18:27:16.438   918  5952 D ConnectivityService: listenForNetwork for Listen from uid/pid:10670/21896 for NetworkRequest [ id=2833, legacyType=-1, [ Capabilities: INTERNET&NOT_RESTRICTED&TRUSTED] ]
08-04 18:27:16.457 21896 22216 I art     : Explicit concurrent mark sweep GC freed 882(84KB) AllocSpace objects, 0(0B) LOS objects, 23% free, 51MB/67MB, paused 1.848ms total 45.578ms
08-04 18:27:16.470 21896 22216 I art     : Starting a blocking GC Explicit
08-04 18:27:16.489 21896 22441 D DBReader: getFeedItem() called with: itemId = [2]
08-04 18:27:16.489 21896 22441 D DBReader: Loading feeditem with id 2
08-04 18:27:16.490 21896 21896 D ItemFragment: onEventMainThread() called with: event = [DownloadEvent{update=DownloaderUpdate{downloaders=[], feedIds=[], mediaIds=[]}}]
08-04 18:27:16.492 21896 22441 D DBReader: getFavoriteIDList() called
08-04 18:27:16.493 21896 22441 D DBReader: getQueueIDList() called
08-04 18:27:16.493 21896 22441 D DBReader: Extracting Feedlist
08-04 18:27:16.500 13866 13866 I GoogleInputMethodServic: GoogleInputMethodService.onFinishInput():3138 
08-04 18:27:16.500 13866 13866 I GoogleInputMethodServic: GoogleInputMethodService.onStartInput():1808 
08-04 18:27:16.502 21896 22441 D DBReader: loadExtraInformationOfFeedItem() called with: item = [FeedItem[autoDownload=1,chapters=<null>,contentEncoded=<null>,description=<null>,feed=baseline.de.danoeh.antennapod.core.feed.Feed@99dfd81,feedId=2,flattrStatus=baseline.de.danoeh.antennapod.core.util.flattr.FlattrStatus@e486e26,hasChapters=false,imageUrl=http://static.libsyn.com/p/assets/2/7/8/6/278615fe73b1f0ca/JRE1514.jpg,itemIdentifier=a0870b6b-c887-4883-930c-a06d5e1a8f7e,link=http://traffic.libsyn.com/joeroganexp/p1514.mp3,media=baseline.de.danoeh.antennapod.core.feed.FeedMedia@ea92980,paymentLink=<null>,pubDate=Fri Jul 24 21:00:00 GMT+02:00 2020,state=-1,tags=[],title=#1514 - Joe De Sena,id=2]]
08-04 18:27:16.509 21896 21896 E libEGL  : validate_display:255 error 3008 (EGL_BAD_DISPLAY)
08-04 18:27:16.520 21896 22216 I art     : Explicit concurrent mark sweep GC freed 3542(241KB) AllocSpace objects, 1(68KB) LOS objects, 23% free, 51MB/67MB, paused 1.828ms total 49.499ms
08-04 18:27:16.534 21896 22216 I art     : Starting a blocking GC Explicit
08-04 18:27:16.571   918   935 D BluetoothManagerService: Added callback: android.bluetooth.IBluetoothManagerCallback$Stub$Proxy@9a145f0:true
08-04 18:27:16.581 21896 22821 D ApOkHttpUrlLoader: buildLoadData() called with: model = [http://static.libsyn.com/p/assets/2/7/8/6/278615fe73b1f0ca/JRE1514.jpg], width = [175], height = [175]
08-04 18:27:16.593 21896 22639 D DBReader: getImageAuthentication() called with: imageUrl = [http://static.libsyn.com/p/assets/2/7/8/6/278615fe73b1f0ca/JRE1514.jpg]
08-04 18:27:16.594 21896 22216 I art     : Explicit concurrent mark sweep GC freed 856(64KB) AllocSpace objects, 0(0B) LOS objects, 23% free, 52MB/68MB, paused 6.449ms total 59.015ms
08-04 18:27:16.598 21896 22639 D ApOkHttpUrlLoader: no credentials for 'http://static.libsyn.com/p/assets/2/7/8/6/278615fe73b1f0ca/JRE1514.jpg'
08-04 18:27:16.729   512  2967 D audio_hw_primary: disable_audio_route: reset and update mixer path: low-latency-playback speaker
08-04 18:27:16.730   512  2967 D audio_hw_primary: disable_snd_device: snd_device(2: speaker)
08-04 18:27:16.733 21896 22639 D MYTAG   : interceptor 2a
08-04 18:27:16.734 21896 22639 I NAPPA_EXPERIMENTATION: MetricNetworkRequestExecutionTime: REQUEST_DURATION_SYSTEM='135',REQUEST_DURATION_OKHTTP='134',REQUEST_SYNCHRONOUS='TRUE',RESPONSE_CODE='200',RESPONSE_METHOD='GET',RESPONSE_LENGTH_OKHTTP='364960',RESPONSE_LENGTH_HEADER='364960',REQUEST_PROTOCOL='http/1.1',REQUEST_URL='http://static.libsyn.com/p/assets/2/7/8/6/278615fe73b1f0ca/JRE1514.jpg',
08-04 18:27:16.738   512  2967 I soundtrigger: audio_extn_sound_trigger_update_device_status: device 0x2 of type 0 for Event 0
08-04 18:27:16.943 21896 21920 I art     : Starting a blocking GC Explicit
08-04 18:27:16.948 20095 20095 W Atfwd_Sendcmd: AtCmdFwd service not published, waiting... retryCnt : 5
08-04 18:27:16.999 21896 21920 I art     : Explicit concurrent mark sweep GC freed 3561(252KB) AllocSpace objects, 5(132KB) LOS objects, 23% free, 51MB/67MB, paused 1.454ms total 55.809ms
08-04 18:27:17.015 21896 21920 I art     : Starting a blocking GC Explicit
08-04 18:27:17.068 21896 21920 I art     : Explicit concurrent mark sweep GC freed 267(12KB) AllocSpace objects, 0(0B) LOS objects, 23% free, 51MB/67MB, paused 1.427ms total 53ms
08-04 18:27:17.085 21896 21920 I art     : Starting a blocking GC Explicit
08-04 18:27:17.136 21896 21920 I art     : Explicit concurrent mark sweep GC freed 17(544B) AllocSpace objects, 0(0B) LOS objects, 23% free, 51MB/67MB, paused 1.349ms total 50.961ms
08-04 18:27:17.151 21896 21920 I art     : Starting a blocking GC Explicit
08-04 18:27:17.202 21896 21920 I art     : Explicit concurrent mark sweep GC freed 38(1088B) AllocSpace objects, 0(0B) LOS objects, 23% free, 51MB/67MB, paused 1.286ms total 50.189ms
08-04 18:27:17.218 21896 21920 I art     : Starting a blocking GC Explicit
08-04 18:27:17.270 21896 21920 I art     : Explicit concurrent mark sweep GC freed 11(352B) AllocSpace objects, 0(0B) LOS objects, 23% free, 51MB/67MB, paused 1.478ms total 51.682ms
08-04 18:27:17.654 21896 21909 I art     : Starting a blocking GC Explicit
08-04 18:27:17.710 21896 21909 I art     : Explicit concurrent mark sweep GC freed 1433(82KB) AllocSpace objects, 1(20KB) LOS objects, 23% free, 51MB/67MB, paused 1.599ms total 55.563ms
08-04 18:27:17.726 21896 21909 I art     : Starting a blocking GC Explicit
08-04 18:27:17.778 21896 21909 I art     : Explicit concurrent mark sweep GC freed 31(1008B) AllocSpace objects, 0(0B) LOS objects, 23% free, 51MB/67MB, paused 1.629ms total 51.608ms
08-04 18:27:17.793 21896 21909 I art     : Starting a blocking GC Explicit
08-04 18:27:17.847 21896 21909 I art     : Explicit concurrent mark sweep GC freed 11(352B) AllocSpace objects, 0(0B) LOS objects, 23% free, 51MB/67MB, paused 1.445ms total 53.420ms
08-04 18:27:17.863 21896 21909 I art     : Starting a blocking GC Explicit
08-04 18:27:17.916 21896 21909 I art     : Explicit concurrent mark sweep GC freed 12(384B) AllocSpace objects, 0(0B) LOS objects, 23% free, 51MB/67MB, paused 1.520ms total 53.072ms
08-04 18:27:17.933 21896 21909 I art     : Starting a blocking GC Explicit
08-04 18:27:17.987 21896 21909 I art     : Explicit concurrent mark sweep GC freed 12(384B) AllocSpace objects, 0(0B) LOS objects, 23% free, 51MB/67MB, paused 1.355ms total 53.221ms
08-04 18:27:18.367 21896 22216 I art     : Starting a blocking GC Explicit
08-04 18:27:18.424 21896 22216 I art     : Explicit concurrent mark sweep GC freed 1485(84KB) AllocSpace objects, 1(20KB) LOS objects, 23% free, 51MB/67MB, paused 1.459ms total 55.932ms
08-04 18:27:18.439 21896 22216 I art     : Starting a blocking GC Explicit
08-04 18:27:18.495 21896 22216 I art     : Explicit concurrent mark sweep GC freed 23(752B) AllocSpace objects, 0(0B) LOS objects, 23% free, 51MB/67MB, paused 1.402ms total 55.279ms
08-04 18:27:18.511 21896 22216 I art     : Starting a blocking GC Explicit
08-04 18:27:18.569 21896 22216 I art     : Explicit concurrent mark sweep GC freed 3(96B) AllocSpace objects, 0(0B) LOS objects, 23% free, 51MB/67MB, paused 1.558ms total 57.771ms
08-04 18:27:18.588 21896 22216 I art     : Starting a blocking GC Explicit
08-04 18:27:18.641 21896 22216 I art     : Explicit concurrent mark sweep GC freed 3(96B) AllocSpace objects, 0(0B) LOS objects, 23% free, 51MB/67MB, paused 1.483ms total 53.221ms
08-04 18:27:18.657 21896 22216 I art     : Starting a blocking GC Explicit
08-04 18:27:18.715 21896 22216 I art     : Explicit concurrent mark sweep GC freed 3(96B) AllocSpace objects, 0(0B) LOS objects, 23% free, 51MB/67MB, paused 1.485ms total 57.526ms
08-04 18:27:19.091 21896 21909 I art     : Starting a blocking GC Explicit
08-04 18:27:19.160 21896 21909 I art     : Explicit concurrent mark sweep GC freed 1382(82KB) AllocSpace objects, 1(20KB) LOS objects, 23% free, 51MB/67MB, paused 1.705ms total 68.664ms
08-04 18:27:19.179 21896 21909 I art     : Starting a blocking GC Explicit
08-04 18:27:19.234 21896 21909 I art     : Explicit concurrent mark sweep GC freed 50(1504B) AllocSpace objects, 0(0B) LOS objects, 23% free, 51MB/67MB, paused 1.420ms total 54.532ms
08-04 18:27:19.249 21896 21909 I art     : Starting a blocking GC Explicit
08-04 18:27:19.306 21896 21909 I art     : Explicit concurrent mark sweep GC freed 3(96B) AllocSpace objects, 0(0B) LOS objects, 23% free, 51MB/67MB, paused 1.375ms total 56.062ms
08-04 18:27:19.322 21896 21909 I art     : Starting a blocking GC Explicit
08-04 18:27:19.378 21896 21909 I art     : Explicit concurrent mark sweep GC freed 3(96B) AllocSpace objects, 0(0B) LOS objects, 23% free, 51MB/67MB, paused 1.605ms total 56.349ms
08-04 18:27:19.394 21896 21909 I art     : Starting a blocking GC Explicit
08-04 18:27:19.452 21896 21909 I art     : Explicit concurrent mark sweep GC freed 3(96B) AllocSpace objects, 0(0B) LOS objects, 23% free, 51MB/67MB, paused 1.519ms total 57.972ms
08-04 18:27:19.824 21896 21908 I art     : Starting a blocking GC Explicit
08-04 18:27:19.897 21896 21908 I art     : Explicit concurrent mark sweep GC freed 1382(81KB) AllocSpace objects, 1(20KB) LOS objects, 23% free, 51MB/67MB, paused 1.566ms total 72.832ms
08-04 18:27:19.916 21896 21908 I art     : Starting a blocking GC Explicit
08-04 18:27:19.977 21896 21908 I art     : Explicit concurrent mark sweep GC freed 23(752B) AllocSpace objects, 0(0B) LOS objects, 23% free, 51MB/67MB, paused 1.453ms total 60.611ms
08-04 18:27:19.996 21896 21908 I art     : Starting a blocking GC Explicit
08-04 18:27:20.054 21896 21908 I art     : Explicit concurrent mark sweep GC freed 3(96B) AllocSpace objects, 0(0B) LOS objects, 23% free, 51MB/67MB, paused 1.485ms total 58.191ms
08-04 18:27:20.070 21896 21908 I art     : Starting a blocking GC Explicit
08-04 18:27:20.126 21896 21908 I art     : Explicit concurrent mark sweep GC freed 3(96B) AllocSpace objects, 0(0B) LOS objects, 23% free, 51MB/67MB, paused 1.478ms total 55.464ms
08-04 18:27:20.126 21896 21907 I art     : WaitForGcToComplete blocked for 44.198ms for cause HeapTrim
08-04 18:27:20.142 21896 21908 I art     : Starting a blocking GC Explicit
08-04 18:27:20.200 21896 21908 I art     : Explicit concurrent mark sweep GC freed 30(832B) AllocSpace objects, 0(0B) LOS objects, 23% free, 51MB/67MB, paused 1.503ms total 58.195ms
08-04 18:27:20.557 21896 21920 I art     : Starting a blocking GC Explicit
08-04 18:27:20.615 21896 21920 I art     : Explicit concurrent mark sweep GC freed 1382(83KB) AllocSpace objects, 1(20KB) LOS objects, 23% free, 51MB/67MB, paused 1.556ms total 58.223ms
08-04 18:27:20.631 21896 21920 I art     : Starting a blocking GC Explicit
08-04 18:27:20.685 21896 21920 I art     : Explicit concurrent mark sweep GC freed 23(768B) AllocSpace objects, 0(0B) LOS objects, 23% free, 51MB/67MB, paused 1.503ms total 53.162ms
08-04 18:27:20.700 21896 21920 I art     : Starting a blocking GC Explicit
08-04 18:27:20.752 21896 21920 I art     : Explicit concurrent mark sweep GC freed 3(96B) AllocSpace objects, 0(0B) LOS objects, 23% free, 51MB/67MB, paused 1.319ms total 51.217ms
08-04 18:27:20.767 21896 21920 I art     : Starting a blocking GC Explicit
08-04 18:27:20.820 21896 21920 I art     : Explicit concurrent mark sweep GC freed 3(96B) AllocSpace objects, 0(0B) LOS objects, 23% free, 51MB/67MB, paused 1.505ms total 53.012ms
08-04 18:27:20.835 21896 21920 I art     : Starting a blocking GC Explicit
08-04 18:27:20.889 21896 21920 I art     : Explicit concurrent mark sweep GC freed 3(96B) AllocSpace objects, 0(0B) LOS objects, 23% free, 51MB/67MB, paused 1.475ms total 53.573ms
08-04 18:27:20.919 24761 24761 D AndroidRuntime: >>>>>> START com.android.internal.os.RuntimeInit uid 2000 <<<<<<
08-04 18:27:20.926 24761 24761 D AndroidRuntime: CheckJNI is OFF
08-04 18:27:20.970 24761 24761 D ICU     : No timezone override file found: /data/misc/zoneinfo/current/icu/icu_tzdata.dat
08-04 18:27:21.018 24761 24761 I Radio-JNI: register_android_hardware_Radio DONE
08-04 18:27:21.050 24761 24761 D AndroidRuntime: Calling main entry com.android.commands.input.Input
08-04 18:27:21.052 24761 24761 I Input   : injectKeyEvent: KeyEvent { action=ACTION_DOWN, keyCode=KEYCODE_BACK, scanCode=0, metaState=0, flags=0x0, repeatCount=0, eventTime=728857465, downTime=728857465, deviceId=-1, source=0x101 }
08-04 18:27:21.061 24761 24761 I Input   : injectKeyEvent: KeyEvent { action=ACTION_UP, keyCode=KEYCODE_BACK, scanCode=0, metaState=0, flags=0x0, repeatCount=0, eventTime=728857465, downTime=728857465, deviceId=-1, source=0x101 }
08-04 18:27:21.082 21896 21896 D ItemlistFragment: onEventMainThread() called with: event = [DownloadEvent{update=DownloaderUpdate{downloaders=[], feedIds=[], mediaIds=[]}}]
08-04 18:27:21.083 21896 21916 D DBReader: getFeed() called with: feedId = [2]
08-04 18:27:21.084 24761 24761 D AndroidRuntime: Shutting down VM
08-04 18:27:21.085 21896 21916 D DBReader: getFeedItemList() called with: feed = [baseline.de.danoeh.antennapod.core.feed.Feed@2]
08-04 18:27:21.088   918  3263 D ConnectivityService: releasing NetworkRequest NetworkRequest [ id=2833, legacyType=-1, [ Capabilities: INTERNET&NOT_RESTRICTED&TRUSTED] ]
08-04 18:27:21.111 21896 21896 D FeedMenuHandler: Preparing options menu
08-04 18:27:21.162 21896 22821 D ApOkHttpUrlLoader: buildLoadData() called with: model = [http://static.libsyn.com/p/assets/7/1/f/3/71f3014e14ef2722/JREiTunesImage2.jpg], width = [1440], height = [462]
08-04 18:27:21.184 13866 13866 I GoogleInputMethodServic: GoogleInputMethodService.onFinishInput():3138 
08-04 18:27:21.185 13866 13866 I GoogleInputMethodServic: GoogleInputMethodService.onStartInput():1808 
08-04 18:27:21.186 21896 21916 W PodDBAdapter: Length of id array is larger than 800. Creating multiple cursors
08-04 18:27:21.248 21896 22216 I art     : Starting a blocking GC Explicit
08-04 18:27:21.277 21896 21916 D DBReader: getFavoriteIDList() called
08-04 18:27:21.278 21896 21916 D DBReader: getQueueIDList() called
08-04 18:27:21.279 21896 21916 D DBReader: Extracting Feedlist
08-04 18:27:21.282 21896 22821 D ApOkHttpUrlLoader: buildLoadData() called with: model = [http://static.libsyn.com/p/assets/7/1/f/3/71f3014e14ef2722/JREiTunesImage2.jpg], width = [1440], height = [462]
08-04 18:27:21.309 21896 22216 I art     : Explicit concurrent mark sweep GC freed 40610(2MB) AllocSpace objects, 3(64KB) LOS objects, 21% free, 57MB/73MB, paused 1.755ms total 59.982ms
08-04 18:27:21.314 21896 21896 D FeedMenuHandler: Preparing options menu
08-04 18:27:21.323 21896 22216 I art     : Starting a blocking GC Explicit
08-04 18:27:21.371 21896 22216 I art     : Explicit concurrent mark sweep GC freed 7774(406KB) AllocSpace objects, 6(3MB) LOS objects, 22% free, 54MB/70MB, paused 1.364ms total 48.137ms
08-04 18:27:21.385 21896 22216 I art     : Starting a blocking GC Explicit
08-04 18:27:21.433 21896 22216 I art     : Explicit concurrent mark sweep GC freed 1059(73KB) AllocSpace objects, 0(0B) LOS objects, 22% free, 54MB/70MB, paused 1.406ms total 47.757ms
08-04 18:27:21.448 21896 22216 I art     : Starting a blocking GC Explicit
08-04 18:27:21.499 21896 22216 I art     : Explicit concurrent mark sweep GC freed 5(176B) AllocSpace objects, 0(0B) LOS objects, 22% free, 54MB/70MB, paused 1.391ms total 51.389ms
08-04 18:27:21.515 21896 22216 I art     : Starting a blocking GC Explicit
08-04 18:27:21.566 21896 22216 I art     : Explicit concurrent mark sweep GC freed 3(96B) AllocSpace objects, 0(0B) LOS objects, 22% free, 54MB/70MB, paused 1.323ms total 50.892ms
08-04 18:27:21.919 21896 21909 I art     : Starting a blocking GC Explicit
08-04 18:27:21.982 21896 21909 I art     : Explicit concurrent mark sweep GC freed 1425(83KB) AllocSpace objects, 1(20KB) LOS objects, 22% free, 54MB/70MB, paused 1.631ms total 62.944ms
08-04 18:27:22.000 21896 21909 I art     : Starting a blocking GC Explicit
08-04 18:27:22.053 21896 21909 I art     : Explicit concurrent mark sweep GC freed 128(4KB) AllocSpace objects, 0(0B) LOS objects, 22% free, 54MB/70MB, paused 1.445ms total 52.663ms
08-04 18:27:22.068 21896 21909 I art     : Starting a blocking GC Explicit
08-04 18:27:22.120 21896 21909 I art     : Explicit concurrent mark sweep GC freed 3(96B) AllocSpace objects, 0(0B) LOS objects, 22% free, 54MB/70MB, paused 1.459ms total 51.407ms
08-04 18:27:22.135 21896 21909 I art     : Starting a blocking GC Explicit
08-04 18:27:22.190 21896 21909 I art     : Explicit concurrent mark sweep GC freed 30(832B) AllocSpace objects, 0(0B) LOS objects, 22% free, 54MB/70MB, paused 1.566ms total 54.425ms
08-04 18:27:22.210 21896 21909 I art     : Starting a blocking GC Explicit
08-04 18:27:22.262 21896 21909 I art     : Explicit concurrent mark sweep GC freed 3(96B) AllocSpace objects, 0(0B) LOS objects, 22% free, 54MB/70MB, paused 1.422ms total 51.813ms
08-04 18:27:22.611 21896 21908 I art     : Starting a blocking GC Explicit
08-04 18:27:22.670 21896 21908 I art     : Explicit concurrent mark sweep GC freed 1382(83KB) AllocSpace objects, 1(20KB) LOS objects, 22% free, 54MB/70MB, paused 1.541ms total 57.951ms
08-04 18:27:22.685 21896 21908 I art     : Starting a blocking GC Explicit
08-04 18:27:22.740 21896 21908 I art     : Explicit concurrent mark sweep GC freed 30(976B) AllocSpace objects, 0(0B) LOS objects, 22% free, 54MB/70MB, paused 1.405ms total 55.673ms
08-04 18:27:22.756 21896 21908 I art     : Starting a blocking GC Explicit
08-04 18:27:22.806 21896 21908 I art     : Explicit concurrent mark sweep GC freed 9(288B) AllocSpace objects, 0(0B) LOS objects, 22% free, 54MB/70MB, paused 1.632ms total 49.541ms
08-04 18:27:22.822 21896 21908 I art     : Starting a blocking GC Explicit
08-04 18:27:22.870 21896 21908 I art     : Explicit concurrent mark sweep GC freed 11(352B) AllocSpace objects, 0(0B) LOS objects, 22% free, 54MB/70MB, paused 1.554ms total 47.034ms
08-04 18:27:22.883 24806 24806 D AndroidRuntime: >>>>>> START com.android.internal.os.RuntimeInit uid 2000 <<<<<<
08-04 18:27:22.884 21896 21908 I art     : Starting a blocking GC Explicit
08-04 18:27:22.889 24806 24806 D AndroidRuntime: CheckJNI is OFF
08-04 18:27:22.930 21896 21908 I art     : Explicit concurrent mark sweep GC freed 12(384B) AllocSpace objects, 0(0B) LOS objects, 22% free, 54MB/70MB, paused 1.528ms total 45.564ms
08-04 18:27:22.931 24806 24806 D ICU     : No timezone override file found: /data/misc/zoneinfo/current/icu/icu_tzdata.dat
08-04 18:27:22.974 24806 24806 I Radio-JNI: register_android_hardware_Radio DONE
08-04 18:27:23.003 24806 24806 D AndroidRuntime: Calling main entry com.android.commands.input.Input
08-04 18:27:23.005 24806 24806 I Input   : injectMotionEvent: MotionEvent { action=ACTION_DOWN, actionButton=0, id[0]=0, x[0]=103.0, y[0]=192.0, toolType[0]=TOOL_TYPE_UNKNOWN, buttonState=0, metaState=0, flags=0x0, edgeFlags=0x0, pointerCount=1, historySize=0, eventTime=728859418, downTime=728859418, deviceId=0, source=0x1002 }
08-04 18:27:23.011 24806 24806 I Input   : injectMotionEvent: MotionEvent { action=ACTION_UP, actionButton=0, id[0]=0, x[0]=103.0, y[0]=192.0, toolType[0]=TOOL_TYPE_UNKNOWN, buttonState=0, metaState=0, flags=0x0, edgeFlags=0x0, pointerCount=1, historySize=0, eventTime=728859418, downTime=728859418, deviceId=0, source=0x1002 }
08-04 18:27:23.013 24806 24806 D AndroidRuntime: Shutting down VM
08-04 18:27:23.021   512  2967 D audio_hw_primary: out_set_parameters: enter: usecase(1: low-latency-playback) kvpairs: routing=2
08-04 18:27:23.034   512  2967 D audio_hw_primary: select_devices: out_snd_device(2: speaker) in_snd_device(0: none)
08-04 18:27:23.034   512  2967 D msm8974_platform: platform_send_audio_calibration: sending audio calibration for snd_device(2) acdb_id(15)
08-04 18:27:23.035   512  2967 I soundtrigger: audio_extn_sound_trigger_update_device_status: device 0x2 of type 0 for Event 1
08-04 18:27:23.045   512  2967 D audio_hw_primary: enable_snd_device: snd_device(2: speaker)
08-04 18:27:23.047   512  2967 D audio_hw_primary: enable_audio_route: apply and update mixer path: low-latency-playback speaker
08-04 18:27:23.265 21896 21908 I art     : Starting a blocking GC Explicit
08-04 18:27:23.319 21896 21908 I art     : Explicit concurrent mark sweep GC freed 1831(104KB) AllocSpace objects, 1(20KB) LOS objects, 22% free, 54MB/70MB, paused 1.440ms total 53.273ms
08-04 18:27:23.336 21896 21908 I art     : Starting a blocking GC Explicit
08-04 18:27:23.384 21896 21908 I art     : Explicit concurrent mark sweep GC freed 37(1376B) AllocSpace objects, 0(0B) LOS objects, 22% free, 54MB/70MB, paused 1.383ms total 46.911ms
08-04 18:27:23.398 21896 21908 I art     : Starting a blocking GC Explicit
08-04 18:27:23.448 21896 21908 I art     : Explicit concurrent mark sweep GC freed 11(384B) AllocSpace objects, 0(0B) LOS objects, 22% free, 54MB/70MB, paused 1.762ms total 49.786ms
08-04 18:27:23.463 21896 21908 I art     : Starting a blocking GC Explicit
08-04 18:27:23.516 21896 21908 I art     : Explicit concurrent mark sweep GC freed 6(192B) AllocSpace objects, 0(0B) LOS objects, 22% free, 54MB/70MB, paused 1.383ms total 52.825ms
08-04 18:27:23.531 21896 21908 I art     : Starting a blocking GC Explicit
08-04 18:27:23.579 21896 21908 I art     : Explicit concurrent mark sweep GC freed 3(96B) AllocSpace objects, 0(0B) LOS objects, 22% free, 54MB/70MB, paused 1.390ms total 47.577ms
08-04 18:27:23.589   512  2967 D audio_hw_primary: disable_audio_route: reset and update mixer path: low-latency-playback speaker
08-04 18:27:23.590   512  2967 D audio_hw_primary: disable_snd_device: snd_device(2: speaker)
08-04 18:27:23.598   512  2967 I soundtrigger: audio_extn_sound_trigger_update_device_status: device 0x2 of type 0 for Event 0
08-04 18:27:23.937 21896 22216 I art     : Starting a blocking GC Explicit
08-04 18:27:24.001 21896 22216 I art     : Explicit concurrent mark sweep GC freed 2084(107KB) AllocSpace objects, 1(20KB) LOS objects, 22% free, 54MB/70MB, paused 1.522ms total 62.539ms
08-04 18:27:24.020 21896 22216 I art     : Starting a blocking GC Explicit
08-04 18:27:24.072 21896 22216 I art     : Explicit concurrent mark sweep GC freed 25(816B) AllocSpace objects, 0(0B) LOS objects, 22% free, 54MB/70MB, paused 1.386ms total 51.822ms
08-04 18:27:24.087 21896 22216 I art     : Starting a blocking GC Explicit
08-04 18:27:24.139 21896 22216 I art     : Explicit concurrent mark sweep GC freed 3(96B) AllocSpace objects, 0(0B) LOS objects, 22% free, 54MB/70MB, paused 1.417ms total 51.524ms
08-04 18:27:24.154 21896 22216 I art     : Starting a blocking GC Explicit
08-04 18:27:24.206 21896 22216 I art     : Explicit concurrent mark sweep GC freed 30(832B) AllocSpace objects, 0(0B) LOS objects, 22% free, 54MB/70MB, paused 1.421ms total 51.764ms
08-04 18:27:24.222 21896 22216 I art     : Starting a blocking GC Explicit
08-04 18:27:24.269 21896 22216 I art     : Explicit concurrent mark sweep GC freed 3(96B) AllocSpace objects, 0(0B) LOS objects, 22% free, 54MB/70MB, paused 1.358ms total 46.843ms
08-04 18:27:24.604 21896 21909 I art     : Starting a blocking GC Explicit
08-04 18:27:24.663 21896 21909 I art     : Explicit concurrent mark sweep GC freed 2271(113KB) AllocSpace objects, 1(20KB) LOS objects, 22% free, 54MB/70MB, paused 1.434ms total 58.555ms
08-04 18:27:24.679 21896 21909 I art     : Starting a blocking GC Explicit
08-04 18:27:24.729 21896 21909 I art     : Explicit concurrent mark sweep GC freed 30(992B) AllocSpace objects, 0(0B) LOS objects, 22% free, 54MB/70MB, paused 1.815ms total 49.647ms
08-04 18:27:24.744 21896 21909 I art     : Starting a blocking GC Explicit
08-04 18:27:24.792 21896 21909 I art     : Explicit concurrent mark sweep GC freed 11(352B) AllocSpace objects, 0(0B) LOS objects, 22% free, 54MB/70MB, paused 1.433ms total 47.548ms
08-04 18:27:24.798 24850 24850 D AndroidRuntime: >>>>>> START com.android.internal.os.RuntimeInit uid 2000 <<<<<<
08-04 18:27:24.804 24850 24850 D AndroidRuntime: CheckJNI is OFF
08-04 18:27:24.807 21896 21909 I art     : Starting a blocking GC Explicit
08-04 18:27:24.845 24850 24850 D ICU     : No timezone override file found: /data/misc/zoneinfo/current/icu/icu_tzdata.dat
08-04 18:27:24.853 21896 21909 I art     : Explicit concurrent mark sweep GC freed 9(288B) AllocSpace objects, 0(0B) LOS objects, 22% free, 54MB/70MB, paused 1.398ms total 45.767ms
08-04 18:27:24.868 21896 21909 I art     : Starting a blocking GC Explicit
08-04 18:27:24.892 24850 24850 I Radio-JNI: register_android_hardware_Radio DONE
08-04 18:27:24.916 21896 21909 I art     : Explicit concurrent mark sweep GC freed 8(256B) AllocSpace objects, 0(0B) LOS objects, 22% free, 54MB/70MB, paused 1.414ms total 48.506ms
08-04 18:27:24.922 24850 24850 D AndroidRuntime: Calling main entry com.android.commands.input.Input
08-04 18:27:24.924 24850 24850 I Input   : injectMotionEvent: MotionEvent { action=ACTION_DOWN, actionButton=0, id[0]=0, x[0]=409.0, y[0]=1034.0, toolType[0]=TOOL_TYPE_UNKNOWN, buttonState=0, metaState=0, flags=0x0, edgeFlags=0x0, pointerCount=1, historySize=0, eventTime=728861337, downTime=728861337, deviceId=0, source=0x1002 }
08-04 18:27:24.931 24850 24850 I Input   : injectMotionEvent: MotionEvent { action=ACTION_UP, actionButton=0, id[0]=0, x[0]=409.0, y[0]=1034.0, toolType[0]=TOOL_TYPE_UNKNOWN, buttonState=0, metaState=0, flags=0x0, edgeFlags=0x0, pointerCount=1, historySize=0, eventTime=728861337, downTime=728861337, deviceId=0, source=0x1002 }
08-04 18:27:24.933 24850 24850 D AndroidRuntime: Shutting down VM
08-04 18:27:24.997 21896 21896 D MainActivity: loadFragment(index: 5, args: null)
08-04 18:27:24.997 21896 21896 D MainActivity: loadFragment(tag: AddFeedFragment, args: null)
08-04 18:27:24.997 21896 21896 D MainActivity: saveLastNavFragment(tag: AddFeedFragment)
08-04 18:27:24.998 21896 21896 D MainActivity: getLastNavFragment() -> AddFeedFragment
08-04 18:27:24.999   512  2967 D audio_hw_primary: out_set_parameters: enter: usecase(1: low-latency-playback) kvpairs: routing=2
08-04 18:27:25.012   512  2967 D audio_hw_primary: select_devices: out_snd_device(2: speaker) in_snd_device(0: none)
08-04 18:27:25.012   512  2967 D msm8974_platform: platform_send_audio_calibration: sending audio calibration for snd_device(2) acdb_id(15)
08-04 18:27:25.012   512  2967 I soundtrigger: audio_extn_sound_trigger_update_device_status: device 0x2 of type 0 for Event 1
08-04 18:27:25.023   512  2967 D audio_hw_primary: enable_snd_device: snd_device(2: speaker)
08-04 18:27:25.025   512  2967 D audio_hw_primary: enable_audio_route: apply and update mixer path: low-latency-playback speaker
08-04 18:27:25.035 13866 13866 I GoogleInputMethodServic: GoogleInputMethodService.onFinishInput():3138 
08-04 18:27:25.036 13866 13866 I GoogleInputMethodServic: GoogleInputMethodService.onStartInput():1808 
08-04 18:27:25.250 21896 21909 I art     : Starting a blocking GC Explicit
08-04 18:27:25.303 21896 21909 I art     : Explicit concurrent mark sweep GC freed 3834(201KB) AllocSpace objects, 2(40KB) LOS objects, 22% free, 54MB/70MB, paused 1.618ms total 53.061ms
08-04 18:27:25.319 21896 21909 I art     : Starting a blocking GC Explicit
08-04 18:27:25.360 21896 21909 I art     : Explicit concurrent mark sweep GC freed 31431(2MB) AllocSpace objects, 9(3MB) LOS objects, 24% free, 48MB/64MB, paused 1.510ms total 40.854ms
08-04 18:27:25.372 21896 21909 I art     : Starting a blocking GC Explicit
08-04 18:27:25.408 21896 21909 I art     : Explicit concurrent mark sweep GC freed 49(1568B) AllocSpace objects, 0(0B) LOS objects, 24% free, 48MB/64MB, paused 1.695ms total 36.033ms
08-04 18:27:25.420 21896 21909 I art     : Starting a blocking GC Explicit
08-04 18:27:25.432 13866 13866 I GoogleInputMethodServic: GoogleInputMethodService.onFinishInput():3138 
08-04 18:27:25.432 13866 13866 I GoogleInputMethodServic: GoogleInputMethodService.onStartInput():1808 
08-04 18:27:25.459 21896 21909 I art     : Explicit concurrent mark sweep GC freed 211(8KB) AllocSpace objects, 0(0B) LOS objects, 24% free, 48MB/64MB, paused 1.340ms total 38.828ms
08-04 18:27:25.472 21896 21909 I art     : Starting a blocking GC Explicit
08-04 18:27:25.507 21896 21909 I art     : Explicit concurrent mark sweep GC freed 93(5KB) AllocSpace objects, 0(0B) LOS objects, 24% free, 48MB/64MB, paused 1.374ms total 34.490ms
08-04 18:27:25.560   512  2967 D audio_hw_primary: disable_audio_route: reset and update mixer path: low-latency-playback speaker
08-04 18:27:25.561   512  2967 D audio_hw_primary: disable_snd_device: snd_device(2: speaker)
08-04 18:27:25.569   512  2967 I soundtrigger: audio_extn_sound_trigger_update_device_status: device 0x2 of type 0 for Event 0
08-04 18:27:25.870 21896 21920 I art     : Starting a blocking GC Explicit
08-04 18:27:25.912 21896 21920 I art     : Explicit concurrent mark sweep GC freed 1382(83KB) AllocSpace objects, 1(20KB) LOS objects, 24% free, 48MB/64MB, paused 1.324ms total 41.060ms
08-04 18:27:25.928 21896 21920 I art     : Starting a blocking GC Explicit
08-04 18:27:25.936   918  3261 D WifiStateMachine: starting scan for "H369AA63323"WPA_PSK with 2412,5180
08-04 18:27:25.967 21896 21920 I art     : Explicit concurrent mark sweep GC freed 27(880B) AllocSpace objects, 0(0B) LOS objects, 24% free, 48MB/64MB, paused 1.387ms total 38.151ms
08-04 18:27:25.979 21896 21920 I art     : Starting a blocking GC Explicit
08-04 18:27:26.017 21896 21920 I art     : Explicit concurrent mark sweep GC freed 3(96B) AllocSpace objects, 0(0B) LOS objects, 24% free, 48MB/64MB, paused 1.382ms total 37.332ms
08-04 18:27:26.030 21896 21920 I art     : Starting a blocking GC Explicit
08-04 18:27:26.068 21896 21920 I art     : Explicit concurrent mark sweep GC freed 3(96B) AllocSpace objects, 0(0B) LOS objects, 24% free, 48MB/64MB, paused 1.458ms total 38.211ms
08-04 18:27:26.081 21896 21920 I art     : Starting a blocking GC Explicit
08-04 18:27:26.121 21896 21920 I art     : Explicit concurrent mark sweep GC freed 3(96B) AllocSpace objects, 0(0B) LOS objects, 24% free, 48MB/64MB, paused 1.394ms total 40.454ms
08-04 18:27:26.469 21896 21909 I art     : Starting a blocking GC Explicit
08-04 18:27:26.511 21896 21909 I art     : Explicit concurrent mark sweep GC freed 1407(81KB) AllocSpace objects, 1(20KB) LOS objects, 24% free, 48MB/64MB, paused 1.472ms total 41.409ms
08-04 18:27:26.524 21896 21909 I art     : Starting a blocking GC Explicit
08-04 18:27:26.567 21896 21909 I art     : Explicit concurrent mark sweep GC freed 23(752B) AllocSpace objects, 0(0B) LOS objects, 24% free, 48MB/64MB, paused 1.471ms total 42.989ms
08-04 18:27:26.580 21896 21909 I art     : Starting a blocking GC Explicit
08-04 18:27:26.621 21896 21909 I art     : Explicit concurrent mark sweep GC freed 14(944B) AllocSpace objects, 0(0B) LOS objects, 24% free, 48MB/64MB, paused 1.444ms total 40.876ms
08-04 18:27:26.634 21896 21909 I art     : Starting a blocking GC Explicit
08-04 18:27:26.676 21896 21909 I art     : Explicit concurrent mark sweep GC freed 12(288B) AllocSpace objects, 0(0B) LOS objects, 24% free, 48MB/64MB, paused 1.905ms total 41.648ms
08-04 18:27:26.689 21896 21909 I art     : Starting a blocking GC Explicit
08-04 18:27:26.724 24893 24893 D AndroidRuntime: >>>>>> START com.android.internal.os.RuntimeInit uid 2000 <<<<<<
08-04 18:27:26.728 21896 21909 I art     : Explicit concurrent mark sweep GC freed 18(608B) AllocSpace objects, 0(0B) LOS objects, 24% free, 48MB/64MB, paused 1.541ms total 38.537ms
08-04 18:27:26.730 24893 24893 D AndroidRuntime: CheckJNI is OFF
08-04 18:27:26.770 24893 24893 D ICU     : No timezone override file found: /data/misc/zoneinfo/current/icu/icu_tzdata.dat
08-04 18:27:26.811 24893 24893 I Radio-JNI: register_android_hardware_Radio DONE
08-04 18:27:26.841 24893 24893 D AndroidRuntime: Calling main entry com.android.commands.input.Input
08-04 18:27:26.844 24893 24893 I Input   : injectMotionEvent: MotionEvent { action=ACTION_DOWN, actionButton=0, id[0]=0, x[0]=603.0, y[0]=1061.0, toolType[0]=TOOL_TYPE_UNKNOWN, buttonState=0, metaState=0, flags=0x0, edgeFlags=0x0, pointerCount=1, historySize=0, eventTime=728863256, downTime=728863256, deviceId=0, source=0x1002 }
08-04 18:27:26.852 24893 24893 I Input   : injectMotionEvent: MotionEvent { action=ACTION_UP, actionButton=0, id[0]=0, x[0]=603.0, y[0]=1061.0, toolType[0]=TOOL_TYPE_UNKNOWN, buttonState=0, metaState=0, flags=0x0, edgeFlags=0x0, pointerCount=1, historySize=0, eventTime=728863256, downTime=728863256, deviceId=0, source=0x1002 }
08-04 18:27:26.854 24893 24893 D AndroidRuntime: Shutting down VM
08-04 18:27:26.866   512  2967 D audio_hw_primary: out_set_parameters: enter: usecase(1: low-latency-playback) kvpairs: routing=2
08-04 18:27:26.879   512  2967 D audio_hw_primary: select_devices: out_snd_device(2: speaker) in_snd_device(0: none)
08-04 18:27:26.879   512  2967 D msm8974_platform: platform_send_audio_calibration: sending audio calibration for snd_device(2) acdb_id(15)
08-04 18:27:26.879   512  2967 I soundtrigger: audio_extn_sound_trigger_update_device_status: device 0x2 of type 0 for Event 1
08-04 18:27:26.889   512  2967 D audio_hw_primary: enable_snd_device: snd_device(2: speaker)
08-04 18:27:26.891   512  2967 D audio_hw_primary: enable_audio_route: apply and update mixer path: low-latency-playback speaker
08-04 18:27:26.932 13866 13866 I GoogleInputMethodServic: GoogleInputMethodService.onFinishInput():3138 
08-04 18:27:26.932 13866 13866 I GoogleInputMethodServic: GoogleInputMethodService.onStartInput():1808 
08-04 18:27:27.064 21896 21920 I art     : Starting a blocking GC Explicit
08-04 18:27:27.108 21896 21920 I art     : Explicit concurrent mark sweep GC freed 4862(342KB) AllocSpace objects, 1(20KB) LOS objects, 24% free, 49MB/65MB, paused 1.517ms total 43.624ms
08-04 18:27:27.120 21896 21920 I art     : Starting a blocking GC Explicit
08-04 18:27:27.162 21896 21920 I art     : Explicit concurrent mark sweep GC freed 1796(89KB) AllocSpace objects, 1(220KB) LOS objects, 24% free, 49MB/65MB, paused 1.638ms total 40.941ms
08-04 18:27:27.174 21896 21920 I art     : Starting a blocking GC Explicit
08-04 18:27:27.213 21896 21920 I art     : Explicit concurrent mark sweep GC freed 63(2096B) AllocSpace objects, 0(0B) LOS objects, 24% free, 49MB/65MB, paused 1.531ms total 38.764ms
08-04 18:27:27.225 21896 21920 I art     : Starting a blocking GC Explicit
08-04 18:27:27.264 21896 21920 I art     : Explicit concurrent mark sweep GC freed 35(1312B) AllocSpace objects, 0(0B) LOS objects, 24% free, 49MB/65MB, paused 1.524ms total 38.610ms
08-04 18:27:27.277 21896 21920 I art     : Starting a blocking GC Explicit
08-04 18:27:27.316 21896 21920 I art     : Explicit concurrent mark sweep GC freed 33(1248B) AllocSpace objects, 0(0B) LOS objects, 24% free, 49MB/65MB, paused 1.549ms total 38.982ms
08-04 18:27:27.430   512  2967 D audio_hw_primary: disable_audio_route: reset and update mixer path: low-latency-playback speaker
08-04 18:27:27.431   512  2967 D audio_hw_primary: disable_snd_device: snd_device(2: speaker)
08-04 18:27:27.438   512  2967 I soundtrigger: audio_extn_sound_trigger_update_device_status: device 0x2 of type 0 for Event 0
08-04 18:27:27.672 21896 21909 I art     : Starting a blocking GC Explicit
08-04 18:27:27.713 21896 21909 I art     : Explicit concurrent mark sweep GC freed 4830(215KB) AllocSpace objects, 1(20KB) LOS objects, 24% free, 49MB/65MB, paused 1.450ms total 40.471ms
08-04 18:27:27.725 21896 21909 I art     : Starting a blocking GC Explicit
08-04 18:27:27.729 21896 24924 I NAPPA_EXPERIMENTATION: MetricNetworkRequestExecutionTime: REQUEST_DURATION_SYSTEM='807',REQUEST_DURATION_OKHTTP='52',REQUEST_SYNCHRONOUS='TRUE',RESPONSE_CODE='200',RESPONSE_METHOD='GET',RESPONSE_LENGTH_OKHTTP='2923',RESPONSE_LENGTH_HEADER='2923',REQUEST_PROTOCOL='http/1.1',REQUEST_URL='https://gpodder.net/api/2/tags/50.json',
08-04 18:27:27.733 21896 24923 I NAPPA_EXPERIMENTATION: MetricNetworkRequestExecutionTime: REQUEST_DURATION_SYSTEM='815',REQUEST_DURATION_OKHTTP='55',REQUEST_SYNCHRONOUS='TRUE',RESPONSE_CODE='200',RESPONSE_METHOD='GET',RESPONSE_LENGTH_OKHTTP='37507',RESPONSE_LENGTH_HEADER='37507',REQUEST_PROTOCOL='http/1.1',REQUEST_URL='https://gpodder.net/toplist/50.json',
08-04 18:27:27.766 21896 21909 I art     : Explicit concurrent mark sweep GC freed 2213(195KB) AllocSpace objects, 0(0B) LOS objects, 24% free, 49MB/65MB, paused 2.228ms total 40.312ms
08-04 18:27:27.779 21896 21909 I art     : Starting a blocking GC Explicit
08-04 18:27:27.818 21896 21909 I art     : Explicit concurrent mark sweep GC freed 2402(152KB) AllocSpace objects, 3(192KB) LOS objects, 24% free, 49MB/65MB, paused 1.786ms total 39.070ms
08-04 18:27:27.830 21896 21909 I art     : Starting a blocking GC Explicit
08-04 18:27:27.834 21896 22821 D ApOkHttpUrlLoader: buildLoadData() called with: model = [http://sixgun.org/files/linuxoutlaws.jpg], width = [224], height = [224]
08-04 18:27:27.836 21896 22639 D DBReader: getImageAuthentication() called with: imageUrl = [http://sixgun.org/files/linuxoutlaws.jpg]
08-04 18:27:27.839 21896 22639 D ApOkHttpUrlLoader: no credentials for 'http://sixgun.org/files/linuxoutlaws.jpg'
08-04 18:27:27.845 21896 22821 D ApOkHttpUrlLoader: buildLoadData() called with: model = [https://files.thisamericanlife.org/sites/all/themes/thislife/img/tal-name-1400x1400.png], width = [224], height = [224]
08-04 18:27:27.847 21896 22637 D DBReader: getImageAuthentication() called with: imageUrl = [https://files.thisamericanlife.org/sites/all/themes/thislife/img/tal-name-1400x1400.png]
08-04 18:27:27.850 21896 22637 D ApOkHttpUrlLoader: no credentials for 'https://files.thisamericanlife.org/sites/all/themes/thislife/img/tal-name-1400x1400.png'
08-04 18:27:27.851 21896 22821 D ApOkHttpUrlLoader: buildLoadData() called with: model = [https://elroy.twit.tv/sites/default/files/styles/twit_album_art_2048x2048/public/images/shows/floss_weekly/album_art/audio/floss_albumart_mask.jpg?itok=IUjxKpwt], width = [224], height = [224]
08-04 18:27:27.853 21896 22638 D DBReader: getImageAuthentication() called with: imageUrl = [https://elroy.twit.tv/sites/default/files/styles/twit_album_art_2048x2048/public/images/shows/floss_weekly/album_art/audio/floss_albumart_mask.jpg?itok=IUjxKpwt]
08-04 18:27:27.857 21896 22821 D ApOkHttpUrlLoader: buildLoadData() called with: model = [http://ichef.bbci.co.uk/images/ic/3000x3000/p07kfvzb.jpg], width = [224], height = [224]
08-04 18:27:27.857 21896 22638 D ApOkHttpUrlLoader: no credentials for 'https://elroy.twit.tv/sites/default/files/styles/twit_album_art_2048x2048/public/images/shows/floss_weekly/album_art/audio/floss_albumart_mask.jpg?itok=IUjxKpwt'
08-04 18:27:27.858 21896 22635 D DBReader: getImageAuthentication() called with: imageUrl = [http://ichef.bbci.co.uk/images/ic/3000x3000/p07kfvzb.jpg]
08-04 18:27:27.862 21896 22635 D ApOkHttpUrlLoader: no credentials for 'http://ichef.bbci.co.uk/images/ic/3000x3000/p07kfvzb.jpg'
08-04 18:27:27.863 21896 22821 D ApOkHttpUrlLoader: buildLoadData() called with: model = [https://pl.tedcdn.com/rss_feed_images/ted_talks_main_podcast/video.png], width = [224], height = [224]
08-04 18:27:27.864 21896 22633 D DBReader: getImageAuthentication() called with: imageUrl = [https://pl.tedcdn.com/rss_feed_images/ted_talks_main_podcast/video.png]
08-04 18:27:27.869 21896 22633 D ApOkHttpUrlLoader: no credentials for 'https://pl.tedcdn.com/rss_feed_images/ted_talks_main_podcast/video.png'
08-04 18:27:27.870 21896 21909 I art     : Explicit concurrent mark sweep GC freed 1797(118KB) AllocSpace objects, 0(0B) LOS objects, 24% free, 49MB/65MB, paused 2.492ms total 40.104ms
08-04 18:27:27.871 21896 22821 D ApOkHttpUrlLoader: buildLoadData() called with: model = [https://elroy.twit.tv/sites/default/files/styles/twit_album_art_2048x2048/public/images/shows/this_week_in_tech/album_art/audio/twit1400audio.jpg?itok=J0vhatZb], width = [224], height = [224]
08-04 18:27:27.873 21896 22631 D DBReader: getImageAuthentication() called with: imageUrl = [https://elroy.twit.tv/sites/default/files/styles/twit_album_art_2048x2048/public/images/shows/this_week_in_tech/album_art/audio/twit1400audio.jpg?itok=J0vhatZb]
08-04 18:27:27.877 21896 22631 D ApOkHttpUrlLoader: no credentials for 'https://elroy.twit.tv/sites/default/files/styles/twit_album_art_2048x2048/public/images/shows/this_week_in_tech/album_art/audio/twit1400audio.jpg?itok=J0vhatZb'
08-04 18:27:27.878 21896 22821 D ApOkHttpUrlLoader: buildLoadData() called with: model = [http://ichef.bbci.co.uk/images/ic/3000x3000/p03gtk3j.jpg], width = [224], height = [224]
08-04 18:27:27.879 21896 22640 D DBReader: getImageAuthentication() called with: imageUrl = [http://ichef.bbci.co.uk/images/ic/3000x3000/p03gtk3j.jpg]
08-04 18:27:27.880 21896 22639 D DBWriter: updateFeedDownloadURL(original: http://sixgun.org/files/linuxoutlaws.jpg, updated: https://fab.industries/sixgun/files/linuxoutlaws.jpg)
08-04 18:27:27.883 21896 21909 I art     : Starting a blocking GC Explicit
08-04 18:27:27.883 21896 22640 D ApOkHttpUrlLoader: no credentials for 'http://ichef.bbci.co.uk/images/ic/3000x3000/p03gtk3j.jpg'
08-04 18:27:27.923 21896 22635 D MYTAG   : interceptor 2a
08-04 18:27:27.923 21896 22635 I NAPPA_EXPERIMENTATION: MetricNetworkRequestExecutionTime: REQUEST_DURATION_SYSTEM='61',REQUEST_DURATION_OKHTTP='54',REQUEST_SYNCHRONOUS='TRUE',RESPONSE_CODE='200',RESPONSE_METHOD='GET',RESPONSE_LENGTH_OKHTTP='589826',RESPONSE_LENGTH_HEADER='589826',REQUEST_PROTOCOL='http/1.1',REQUEST_URL='http://ichef.bbci.co.uk/images/ic/3000x3000/p07kfvzb.jpg',
08-04 18:27:27.924 21896 21909 I art     : Explicit concurrent mark sweep GC freed 1484(98KB) AllocSpace objects, 0(0B) LOS objects, 24% free, 49MB/65MB, paused 1.759ms total 40.453ms
08-04 18:27:27.966 21896 22640 D MYTAG   : interceptor 2a
08-04 18:27:27.966 21896 22640 I NAPPA_EXPERIMENTATION: MetricNetworkRequestExecutionTime: REQUEST_DURATION_SYSTEM='83',REQUEST_DURATION_OKHTTP='78',REQUEST_SYNCHRONOUS='TRUE',RESPONSE_CODE='200',RESPONSE_METHOD='GET',RESPONSE_LENGTH_OKHTTP='814284',RESPONSE_LENGTH_HEADER='814284',REQUEST_PROTOCOL='http/1.1',REQUEST_URL='http://ichef.bbci.co.uk/images/ic/3000x3000/p03gtk3j.jpg',
08-04 18:27:28.124 21896 22637 D MYTAG   : interceptor 2a
08-04 18:27:28.126 21896 22637 I NAPPA_EXPERIMENTATION: MetricNetworkRequestExecutionTime: REQUEST_DURATION_SYSTEM='274',REQUEST_DURATION_OKHTTP='66',REQUEST_SYNCHRONOUS='TRUE',RESPONSE_CODE='200',RESPONSE_METHOD='GET',RESPONSE_LENGTH_OKHTTP='52553',RESPONSE_LENGTH_HEADER='52553',REQUEST_PROTOCOL='http/1.1',REQUEST_URL='https://files.thisamericanlife.org/sites/all/themes/thislife/img/tal-name-1400x1400.png',
08-04 18:27:28.222 21896 22638 D MYTAG   : interceptor 2a
08-04 18:27:28.223 21896 22638 I NAPPA_EXPERIMENTATION: MetricNetworkRequestExecutionTime: REQUEST_DURATION_SYSTEM='365',REQUEST_DURATION_OKHTTP='156',REQUEST_SYNCHRONOUS='TRUE',RESPONSE_CODE='200',RESPONSE_METHOD='GET',RESPONSE_LENGTH_OKHTTP='297964',RESPONSE_LENGTH_HEADER='297964',REQUEST_PROTOCOL='h2',REQUEST_URL='https://elroy.twit.tv/sites/default/files/styles/twit_album_art_2048x2048/public/images/shows/floss_weekly/album_art/audio/floss_albumart_mask.jpg?itok=IUjxKpwt',
08-04 18:27:28.256 21896 21908 I art     : Starting a blocking GC Explicit
08-04 18:27:28.259 21896 22633 D MYTAG   : interceptor 2a
08-04 18:27:28.259 21896 22633 I NAPPA_EXPERIMENTATION: MetricNetworkRequestExecutionTime: REQUEST_DURATION_SYSTEM='390',REQUEST_DURATION_OKHTTP='172',REQUEST_SYNCHRONOUS='TRUE',RESPONSE_CODE='200',RESPONSE_METHOD='GET',RESPONSE_LENGTH_OKHTTP='89986',RESPONSE_LENGTH_HEADER='89986',REQUEST_PROTOCOL='h2',REQUEST_URL='https://pl.tedcdn.com/rss_feed_images/ted_talks_main_podcast/video.png',
08-04 18:27:28.293 21896 22639 D MYTAG   : interceptor 2a
08-04 18:27:28.294 21896 22639 I NAPPA_EXPERIMENTATION: MetricNetworkRequestExecutionTime: REQUEST_DURATION_SYSTEM='454',REQUEST_DURATION_OKHTTP='147',REQUEST_SYNCHRONOUS='TRUE',RESPONSE_CODE='404',RESPONSE_METHOD='GET',RESPONSE_LENGTH_OKHTTP='-1',RESPONSE_LENGTH_HEADER='1503',REQUEST_PROTOCOL='h2',REQUEST_URL='https://fab.industries/sixgun/files/linuxoutlaws.jpg',
08-04 18:27:28.296 21896 21896 W Glide   : Load failed for http://sixgun.org/files/linuxoutlaws.jpg with size [224x224]
08-04 18:27:28.296 21896 21896 W Glide   : class com.bumptech.glide.load.engine.GlideException: Failed to load resource
08-04 18:27:28.296 21896 21896 W Glide   : There was 1 cause:
08-04 18:27:28.296 21896 21896 W Glide   : com.bumptech.glide.load.HttpException()
08-04 18:27:28.296 21896 21896 W Glide   :  call GlideException#logRootCauses(String) for more detail
08-04 18:27:28.296 21896 21896 W Glide   :   Cause (1 of 1): class com.bumptech.glide.load.engine.GlideException: Fetching data failed, class java.io.InputStream, REMOTE
08-04 18:27:28.296 21896 21896 W Glide   : There was 1 cause:
08-04 18:27:28.296 21896 21896 W Glide   : com.bumptech.glide.load.HttpException()
08-04 18:27:28.296 21896 21896 W Glide   :  call GlideException#logRootCauses(String) for more detail
08-04 18:27:28.296 21896 21896 W Glide   :     Cause (1 of 1): class com.bumptech.glide.load.HttpException: 
08-04 18:27:28.297 21896 21896 I Glide   : Root cause (1 of 1)
08-04 18:27:28.297 21896 21896 I Glide   : com.bumptech.glide.load.HttpException: 
08-04 18:27:28.297 21896 21896 I Glide   : 	at com.bumptech.glide.integration.okhttp3.OkHttpStreamFetcher.onResponse(OkHttpStreamFetcher.java:73)
08-04 18:27:28.297 21896 21896 I Glide   : 	at okhttp3.RealCall$AsyncCall.execute(RealCall.java:174)
08-04 18:27:28.297 21896 21896 I Glide   : 	at okhttp3.internal.NamedRunnable.run(NamedRunnable.java:32)
08-04 18:27:28.297 21896 21896 I Glide   : 	at java.util.concurrent.ThreadPoolExecutor.runWorker(ThreadPoolExecutor.java:1113)
08-04 18:27:28.297 21896 21896 I Glide   : 	at java.util.concurrent.ThreadPoolExecutor$Worker.run(ThreadPoolExecutor.java:588)
08-04 18:27:28.297 21896 21896 I Glide   : 	at java.lang.Thread.run(Thread.java:818)
08-04 18:27:28.301 21896 21896 W Glide   : Load failed for http://sixgun.org/files/linuxoutlaws.jpg with size [224x224]
08-04 18:27:28.301 21896 21896 W Glide   : class com.bumptech.glide.load.engine.GlideException: Failed to load resource
08-04 18:27:28.301 21896 21896 W Glide   : There was 1 cause:
08-04 18:27:28.301 21896 21896 W Glide   : com.bumptech.glide.load.HttpException()
08-04 18:27:28.301 21896 21896 W Glide   :  call GlideException#logRootCauses(String) for more detail
08-04 18:27:28.301 21896 21896 W Glide   :   Cause (1 of 1): class com.bumptech.glide.load.engine.GlideException: Fetching data failed, class java.io.InputStream, REMOTE
08-04 18:27:28.301 21896 21896 W Glide   : There was 1 cause:
08-04 18:27:28.301 21896 21896 W Glide   : com.bumptech.glide.load.HttpException()
08-04 18:27:28.301 21896 21896 W Glide   :  call GlideException#logRootCauses(String) for more detail
08-04 18:27:28.301 21896 21896 W Glide   :     Cause (1 of 1): class com.bumptech.glide.load.HttpException: 
08-04 18:27:28.302 21896 21896 I Glide   : Root cause (1 of 1)
08-04 18:27:28.302 21896 21896 I Glide   : com.bumptech.glide.load.HttpException: 
08-04 18:27:28.302 21896 21896 I Glide   : 	at com.bumptech.glide.integration.okhttp3.OkHttpStreamFetcher.onResponse(OkHttpStreamFetcher.java:73)
08-04 18:27:28.302 21896 21896 I Glide   : 	at okhttp3.RealCall$AsyncCall.execute(RealCall.java:174)
08-04 18:27:28.302 21896 21896 I Glide   : 	at okhttp3.internal.NamedRunnable.run(NamedRunnable.java:32)
08-04 18:27:28.302 21896 21896 I Glide   : 	at java.util.concurrent.ThreadPoolExecutor.runWorker(ThreadPoolExecutor.java:1113)
08-04 18:27:28.302 21896 21896 I Glide   : 	at java.util.concurrent.ThreadPoolExecutor$Worker.run(ThreadPoolExecutor.java:588)
08-04 18:27:28.302 21896 21896 I Glide   : 	at java.lang.Thread.run(Thread.java:818)
08-04 18:27:28.303 21896 21908 I art     : Explicit concurrent mark sweep GC freed 13908(793KB) AllocSpace objects, 1(20KB) LOS objects, 24% free, 50MB/66MB, paused 2.639ms total 47.087ms
08-04 18:27:28.317 21896 21908 I art     : Starting a blocking GC Explicit
08-04 18:27:28.321 21896 22631 D MYTAG   : interceptor 2a
08-04 18:27:28.321 21896 22631 I NAPPA_EXPERIMENTATION: MetricNetworkRequestExecutionTime: REQUEST_DURATION_SYSTEM='444',REQUEST_DURATION_OKHTTP='269',REQUEST_SYNCHRONOUS='TRUE',RESPONSE_CODE='200',RESPONSE_METHOD='GET',RESPONSE_LENGTH_OKHTTP='465707',RESPONSE_LENGTH_HEADER='465707',REQUEST_PROTOCOL='h2',REQUEST_URL='https://elroy.twit.tv/sites/default/files/styles/twit_album_art_2048x2048/public/images/shows/this_week_in_tech/album_art/audio/twit1400audio.jpg?itok=J0vhatZb',
08-04 18:27:28.356 21896 21908 I art     : Explicit concurrent mark sweep GC freed 1393(88KB) AllocSpace objects, 0(0B) LOS objects, 23% free, 50MB/66MB, paused 1.599ms total 38.707ms
08-04 18:27:28.368 21896 21908 I art     : Starting a blocking GC Explicit
08-04 18:27:28.391 21896 22821 D ApOkHttpUrlLoader: buildLoadData() called with: model = [http://sixgun.org/files/linuxoutlaws.jpg], width = [224], height = [224]
08-04 18:27:28.392 21896 22631 D DBReader: getImageAuthentication() called with: imageUrl = [http://sixgun.org/files/linuxoutlaws.jpg]
08-04 18:27:28.396 21896 22631 D ApOkHttpUrlLoader: no credentials for 'http://sixgun.org/files/linuxoutlaws.jpg'
08-04 18:27:28.408 21896 21908 I art     : Explicit concurrent mark sweep GC freed 738(46KB) AllocSpace objects, 0(0B) LOS objects, 23% free, 50MB/66MB, paused 1.674ms total 39.913ms
08-04 18:27:28.421 21896 21908 I art     : Starting a blocking GC Explicit
08-04 18:27:28.430 21896 22631 D DBWriter: updateFeedDownloadURL(original: http://sixgun.org/files/linuxoutlaws.jpg, updated: https://fab.industries/sixgun/files/linuxoutlaws.jpg)
08-04 18:27:28.459 21896 21908 I art     : Explicit concurrent mark sweep GC freed 364(27KB) AllocSpace objects, 0(0B) LOS objects, 23% free, 50MB/66MB, paused 1.555ms total 38.316ms
08-04 18:27:28.471 21896 21908 I art     : Starting a blocking GC Explicit
08-04 18:27:28.509 21896 21908 I art     : Explicit concurrent mark sweep GC freed 284(10KB) AllocSpace objects, 0(0B) LOS objects, 23% free, 50MB/66MB, paused 1.579ms total 37.648ms
08-04 18:27:28.566 21896 22631 D MYTAG   : interceptor 2a
08-04 18:27:28.566 21896 22631 I NAPPA_EXPERIMENTATION: MetricNetworkRequestExecutionTime: REQUEST_DURATION_SYSTEM='170',REQUEST_DURATION_OKHTTP='134',REQUEST_SYNCHRONOUS='TRUE',RESPONSE_CODE='404',RESPONSE_METHOD='GET',RESPONSE_LENGTH_OKHTTP='-1',RESPONSE_LENGTH_HEADER='1503',REQUEST_PROTOCOL='h2',REQUEST_URL='https://fab.industries/sixgun/files/linuxoutlaws.jpg',
08-04 18:27:28.576 21896 21896 W Glide   : Load failed for http://sixgun.org/files/linuxoutlaws.jpg with size [224x224]
08-04 18:27:28.576 21896 21896 W Glide   : class com.bumptech.glide.load.engine.GlideException: Failed to load resource
08-04 18:27:28.576 21896 21896 W Glide   : There was 1 cause:
08-04 18:27:28.576 21896 21896 W Glide   : com.bumptech.glide.load.HttpException()
08-04 18:27:28.576 21896 21896 W Glide   :  call GlideException#logRootCauses(String) for more detail
08-04 18:27:28.576 21896 21896 W Glide   :   Cause (1 of 1): class com.bumptech.glide.load.engine.GlideException: Fetching data failed, class java.io.InputStream, REMOTE
08-04 18:27:28.576 21896 21896 W Glide   : There was 1 cause:
08-04 18:27:28.576 21896 21896 W Glide   : com.bumptech.glide.load.HttpException()
08-04 18:27:28.576 21896 21896 W Glide   :  call GlideException#logRootCauses(String) for more detail
08-04 18:27:28.576 21896 21896 W Glide   :     Cause (1 of 1): class com.bumptech.glide.load.HttpException: 
08-04 18:27:28.577 21896 21896 I Glide   : Root cause (1 of 1)
08-04 18:27:28.577 21896 21896 I Glide   : com.bumptech.glide.load.HttpException: 
08-04 18:27:28.577 21896 21896 I Glide   : 	at com.bumptech.glide.integration.okhttp3.OkHttpStreamFetcher.onResponse(OkHttpStreamFetcher.java:73)
08-04 18:27:28.577 21896 21896 I Glide   : 	at okhttp3.RealCall$AsyncCall.execute(RealCall.java:174)
08-04 18:27:28.577 21896 21896 I Glide   : 	at okhttp3.internal.NamedRunnable.run(NamedRunnable.java:32)
08-04 18:27:28.577 21896 21896 I Glide   : 	at java.util.concurrent.ThreadPoolExecutor.runWorker(ThreadPoolExecutor.java:1113)
08-04 18:27:28.577 21896 21896 I Glide   : 	at java.util.concurrent.ThreadPoolExecutor$Worker.run(ThreadPoolExecutor.java:588)
08-04 18:27:28.577 21896 21896 I Glide   : 	at java.lang.Thread.run(Thread.java:818)
08-04 18:27:28.626 21896 22821 D ApOkHttpUrlLoader: buildLoadData() called with: model = [http://sixgun.org/files/linuxoutlaws.jpg], width = [224], height = [224]
08-04 18:27:28.628 21896 22631 D DBReader: getImageAuthentication() called with: imageUrl = [http://sixgun.org/files/linuxoutlaws.jpg]
08-04 18:27:28.633 21896 22631 D ApOkHttpUrlLoader: no credentials for 'http://sixgun.org/files/linuxoutlaws.jpg'
08-04 18:27:28.665 21896 22631 D DBWriter: updateFeedDownloadURL(original: http://sixgun.org/files/linuxoutlaws.jpg, updated: https://fab.industries/sixgun/files/linuxoutlaws.jpg)
08-04 18:27:28.799 21896 22631 D MYTAG   : interceptor 2a
08-04 18:27:28.800 21896 22631 I NAPPA_EXPERIMENTATION: MetricNetworkRequestExecutionTime: REQUEST_DURATION_SYSTEM='166',REQUEST_DURATION_OKHTTP='130',REQUEST_SYNCHRONOUS='TRUE',RESPONSE_CODE='404',RESPONSE_METHOD='GET',RESPONSE_LENGTH_OKHTTP='-1',RESPONSE_LENGTH_HEADER='1503',REQUEST_PROTOCOL='h2',REQUEST_URL='https://fab.industries/sixgun/files/linuxoutlaws.jpg',
08-04 18:27:28.801 21896 21896 W Glide   : Load failed for http://sixgun.org/files/linuxoutlaws.jpg with size [224x224]
08-04 18:27:28.801 21896 21896 W Glide   : class com.bumptech.glide.load.engine.GlideException: Failed to load resource
08-04 18:27:28.801 21896 21896 W Glide   : There was 1 cause:
08-04 18:27:28.801 21896 21896 W Glide   : com.bumptech.glide.load.HttpException()
08-04 18:27:28.801 21896 21896 W Glide   :  call GlideException#logRootCauses(String) for more detail
08-04 18:27:28.801 21896 21896 W Glide   :   Cause (1 of 1): class com.bumptech.glide.load.engine.GlideException: Fetching data failed, class java.io.InputStream, REMOTE
08-04 18:27:28.801 21896 21896 W Glide   : There was 1 cause:
08-04 18:27:28.801 21896 21896 W Glide   : com.bumptech.glide.load.HttpException()
08-04 18:27:28.801 21896 21896 W Glide   :  call GlideException#logRootCauses(String) for more detail
08-04 18:27:28.801 21896 21896 W Glide   :     Cause (1 of 1): class com.bumptech.glide.load.HttpException: 
08-04 18:27:28.802 21896 21896 I Glide   : Root cause (1 of 1)
08-04 18:27:28.802 21896 21896 I Glide   : com.bumptech.glide.load.HttpException: 
08-04 18:27:28.802 21896 21896 I Glide   : 	at com.bumptech.glide.integration.okhttp3.OkHttpStreamFetcher.onResponse(OkHttpStreamFetcher.java:73)
08-04 18:27:28.802 21896 21896 I Glide   : 	at okhttp3.RealCall$AsyncCall.execute(RealCall.java:174)
08-04 18:27:28.802 21896 21896 I Glide   : 	at okhttp3.internal.NamedRunnable.run(NamedRunnable.java:32)
08-04 18:27:28.802 21896 21896 I Glide   : 	at java.util.concurrent.ThreadPoolExecutor.runWorker(ThreadPoolExecutor.java:1113)
08-04 18:27:28.802 21896 21896 I Glide   : 	at java.util.concurrent.ThreadPoolExecutor$Worker.run(ThreadPoolExecutor.java:588)
08-04 18:27:28.802 21896 21896 I Glide   : 	at java.lang.Thread.run(Thread.java:818)
08-04 18:27:28.877 21896 21920 I art     : Starting a blocking GC Explicit
08-04 18:27:28.926 21896 21920 I art     : Explicit concurrent mark sweep GC freed 2990(223KB) AllocSpace objects, 1(20KB) LOS objects, 23% free, 50MB/66MB, paused 1.600ms total 48.944ms
08-04 18:27:28.940 21896 21920 I art     : Starting a blocking GC Explicit
08-04 18:27:28.987 21896 21920 I art     : Explicit concurrent mark sweep GC freed 97(3KB) AllocSpace objects, 0(0B) LOS objects, 23% free, 50MB/66MB, paused 1.598ms total 47.155ms
08-04 18:27:29.000 21896 21920 I art     : Starting a blocking GC Explicit
08-04 18:27:29.049 21896 21920 I art     : Explicit concurrent mark sweep GC freed 3(96B) AllocSpace objects, 0(0B) LOS objects, 23% free, 50MB/66MB, paused 1.761ms total 47.910ms
08-04 18:27:29.062 21896 21920 I art     : Starting a blocking GC Explicit
08-04 18:27:29.108 21896 21920 I art     : Explicit concurrent mark sweep GC freed 3(96B) AllocSpace objects, 0(0B) LOS objects, 23% free, 50MB/66MB, paused 1.722ms total 46.021ms
08-04 18:27:29.122 21896 21920 I art     : Starting a blocking GC Explicit
08-04 18:27:29.170 21896 21920 I art     : Explicit concurrent mark sweep GC freed 29(800B) AllocSpace objects, 0(0B) LOS objects, 23% free, 50MB/66MB, paused 1.627ms total 47.998ms
08-04 18:27:29.567 21896 21908 I art     : Starting a blocking GC Explicit
08-04 18:27:29.614 21896 21908 I art     : Explicit concurrent mark sweep GC freed 1427(82KB) AllocSpace objects, 1(20KB) LOS objects, 23% free, 50MB/66MB, paused 1.628ms total 46.049ms
08-04 18:27:29.627 21896 21908 I art     : Starting a blocking GC Explicit
08-04 18:27:29.669 21896 21908 I art     : Explicit concurrent mark sweep GC freed 50(1648B) AllocSpace objects, 0(0B) LOS objects, 23% free, 50MB/66MB, paused 1.478ms total 42.001ms
08-04 18:27:29.682 21896 21908 I art     : Starting a blocking GC Explicit
08-04 18:27:29.725 21896 21908 I art     : Explicit concurrent mark sweep GC freed 5(160B) AllocSpace objects, 0(0B) LOS objects, 23% free, 50MB/66MB, paused 1.465ms total 42.977ms
08-04 18:27:29.739 21896 21908 I art     : Starting a blocking GC Explicit
08-04 18:27:29.784 21896 21908 I art     : Explicit concurrent mark sweep GC freed 3(96B) AllocSpace objects, 0(0B) LOS objects, 23% free, 50MB/66MB, paused 1.541ms total 45.404ms
08-04 18:27:29.797 21896 21908 I art     : Starting a blocking GC Explicit
08-04 18:27:29.842 21896 21908 I art     : Explicit concurrent mark sweep GC freed 3(96B) AllocSpace objects, 0(0B) LOS objects, 23% free, 50MB/66MB, paused 1.531ms total 44.561ms
08-04 18:27:30.216 21896 22216 I art     : Starting a blocking GC Explicit
08-04 18:27:30.272 21896 22216 I art     : Explicit concurrent mark sweep GC freed 1410(82KB) AllocSpace objects, 1(20KB) LOS objects, 23% free, 50MB/66MB, paused 1.681ms total 56.210ms
08-04 18:27:30.289 21896 22216 I art     : Starting a blocking GC Explicit
08-04 18:27:30.332 21896 22216 I art     : Explicit concurrent mark sweep GC freed 23(752B) AllocSpace objects, 0(0B) LOS objects, 23% free, 50MB/66MB, paused 1.580ms total 42.837ms
08-04 18:27:30.332 21896 21907 I art     : WaitForGcToComplete blocked for 27.663ms for cause HeapTrim
08-04 18:27:30.345 21896 22216 I art     : Starting a blocking GC Explicit
08-04 18:27:30.393 21896 22216 I art     : Explicit concurrent mark sweep GC freed 3(96B) AllocSpace objects, 0(0B) LOS objects, 23% free, 50MB/66MB, paused 1.566ms total 47.896ms
08-04 18:27:30.407 21896 22216 I art     : Starting a blocking GC Explicit
08-04 18:27:30.452 21896 22216 I art     : Explicit concurrent mark sweep GC freed 3(96B) AllocSpace objects, 0(0B) LOS objects, 23% free, 50MB/66MB, paused 1.551ms total 45.059ms
08-04 18:27:30.466 21896 22216 I art     : Starting a blocking GC Explicit
08-04 18:27:30.513 21896 22216 I art     : Explicit concurrent mark sweep GC freed 3(96B) AllocSpace objects, 0(0B) LOS objects, 23% free, 50MB/66MB, paused 1.550ms total 46.512ms
08-04 18:27:30.905 21896 21920 I art     : Starting a blocking GC Explicit
08-04 18:27:30.951 21896 21920 I art     : Explicit concurrent mark sweep GC freed 1381(81KB) AllocSpace objects, 1(20KB) LOS objects, 23% free, 50MB/66MB, paused 1.464ms total 45.241ms
08-04 18:27:30.964 21896 21920 I art     : Starting a blocking GC Explicit
08-04 18:27:31.008 21896 21920 I art     : Explicit concurrent mark sweep GC freed 23(752B) AllocSpace objects, 0(0B) LOS objects, 23% free, 50MB/66MB, paused 1.519ms total 43.625ms
08-04 18:27:31.021 21896 21920 I art     : Starting a blocking GC Explicit
08-04 18:27:31.068 21896 21920 I art     : Explicit concurrent mark sweep GC freed 3(96B) AllocSpace objects, 0(0B) LOS objects, 23% free, 50MB/66MB, paused 1.574ms total 46.892ms
08-04 18:27:31.082 21896 21920 I art     : Starting a blocking GC Explicit
08-04 18:27:31.129 21896 21920 I art     : Explicit concurrent mark sweep GC freed 3(96B) AllocSpace objects, 0(0B) LOS objects, 23% free, 50MB/66MB, paused 1.634ms total 46.940ms
08-04 18:27:31.143 21896 21920 I art     : Starting a blocking GC Explicit
08-04 18:27:31.189 21896 21920 I art     : Explicit concurrent mark sweep GC freed 30(832B) AllocSpace objects, 0(0B) LOS objects, 23% free, 50MB/66MB, paused 1.548ms total 46.316ms
08-04 18:27:31.597 21896 21909 I art     : Starting a blocking GC Explicit
08-04 18:27:31.628   918  3359 I ActivityManager: Killing 13516:com.google.android.apps.gcs/u0a11 (adj 15): empty #17
08-04 18:27:31.648 21896 21909 I art     : Explicit concurrent mark sweep GC freed 1393(82KB) AllocSpace objects, 1(20KB) LOS objects, 23% free, 50MB/66MB, paused 1.535ms total 50.724ms
08-04 18:27:31.662 21896 21909 I art     : Starting a blocking GC Explicit
08-04 18:27:31.707 21896 21909 I art     : Explicit concurrent mark sweep GC freed 53(2528B) AllocSpace objects, 0(0B) LOS objects, 23% free, 50MB/66MB, paused 1.442ms total 44.628ms
08-04 18:27:31.720 21896 21909 I art     : Starting a blocking GC Explicit
08-04 18:27:31.767 21896 21909 I art     : Explicit concurrent mark sweep GC freed 9(320B) AllocSpace objects, 0(0B) LOS objects, 23% free, 50MB/66MB, paused 1.722ms total 47.124ms
08-04 18:27:31.781 21896 21909 I art     : Starting a blocking GC Explicit
08-04 18:27:31.827 21896 21909 I art     : Explicit concurrent mark sweep GC freed 3(96B) AllocSpace objects, 0(0B) LOS objects, 23% free, 50MB/66MB, paused 1.657ms total 45.786ms
08-04 18:27:31.840 21896 21909 I art     : Starting a blocking GC Explicit
08-04 18:27:31.888 21896 21909 I art     : Explicit concurrent mark sweep GC freed 3(96B) AllocSpace objects, 0(0B) LOS objects, 23% free, 50MB/66MB, paused 1.732ms total 48.006ms
08-04 18:27:32.280 21896 21920 I art     : Starting a blocking GC Explicit
08-04 18:27:32.334 21896 21920 I art     : Explicit concurrent mark sweep GC freed 1411(82KB) AllocSpace objects, 1(20KB) LOS objects, 23% free, 50MB/66MB, paused 1.483ms total 53.318ms
08-04 18:27:32.347 21896 21920 I art     : Starting a blocking GC Explicit
08-04 18:27:32.395 21896 21920 I art     : Explicit concurrent mark sweep GC freed 23(752B) AllocSpace objects, 0(0B) LOS objects, 23% free, 50MB/66MB, paused 1.592ms total 47.777ms
08-04 18:27:32.409 21896 21920 I art     : Starting a blocking GC Explicit
08-04 18:27:32.455 21896 21920 I art     : Explicit concurrent mark sweep GC freed 3(96B) AllocSpace objects, 0(0B) LOS objects, 23% free, 50MB/66MB, paused 1.488ms total 45.845ms
08-04 18:27:32.468 21896 21920 I art     : Starting a blocking GC Explicit
08-04 18:27:32.516 21896 21920 I art     : Explicit concurrent mark sweep GC freed 3(96B) AllocSpace objects, 0(0B) LOS objects, 23% free, 50MB/66MB, paused 1.501ms total 47.612ms
08-04 18:27:32.533 21896 21920 I art     : Starting a blocking GC Explicit
08-04 18:27:32.582 21896 21920 I art     : Explicit concurrent mark sweep GC freed 3(96B) AllocSpace objects, 0(0B) LOS objects, 23% free, 50MB/66MB, paused 1.532ms total 48.260ms
08-04 18:27:32.982 21896 21908 I art     : Starting a blocking GC Explicit
08-04 18:27:33.020   918  3188 I hubconnection: sensorhub said: 'set_bias 3: -6.2304, 0.0000, 0.0000'
08-04 18:27:33.040 21896 21908 I art     : Explicit concurrent mark sweep GC freed 1382(82KB) AllocSpace objects, 1(20KB) LOS objects, 23% free, 50MB/66MB, paused 1.821ms total 57.028ms
08-04 18:27:33.054 21896 21908 I art     : Starting a blocking GC Explicit
08-04 18:27:33.100 21896 21908 I art     : Explicit concurrent mark sweep GC freed 23(752B) AllocSpace objects, 0(0B) LOS objects, 23% free, 50MB/66MB, paused 1.456ms total 45.016ms
08-04 18:27:33.114 21896 21908 I art     : Starting a blocking GC Explicit
08-04 18:27:33.154 21896 21908 I art     : Explicit concurrent mark sweep GC freed 3(96B) AllocSpace objects, 0(0B) LOS objects, 23% free, 50MB/66MB, paused 1.500ms total 39.853ms
08-04 18:27:33.167 21896 21908 I art     : Starting a blocking GC Explicit
08-04 18:27:33.208 21896 21908 I art     : Explicit concurrent mark sweep GC freed 30(832B) AllocSpace objects, 0(0B) LOS objects, 23% free, 50MB/66MB, paused 1.544ms total 40.959ms
08-04 18:27:33.221 21896 21908 I art     : Starting a blocking GC Explicit
08-04 18:27:33.265 21896 21908 I art     : Explicit concurrent mark sweep GC freed 3(96B) AllocSpace objects, 0(0B) LOS objects, 23% free, 50MB/66MB, paused 1.547ms total 43.831ms
08-04 18:27:33.639 25031 25031 D AndroidRuntime: >>>>>> START com.android.internal.os.RuntimeInit uid 2000 <<<<<<
08-04 18:27:33.645 25031 25031 D AndroidRuntime: CheckJNI is OFF
08-04 18:27:33.648 21896 22216 I art     : Starting a blocking GC Explicit
08-04 18:27:33.695 25031 25031 D ICU     : No timezone override file found: /data/misc/zoneinfo/current/icu/icu_tzdata.dat
08-04 18:27:33.697 21896 22216 I art     : Explicit concurrent mark sweep GC freed 1384(81KB) AllocSpace objects, 1(20KB) LOS objects, 23% free, 50MB/66MB, paused 1.616ms total 48.830ms
08-04 18:27:33.710 21896 22216 I art     : Starting a blocking GC Explicit
08-04 18:27:33.742 25031 25031 I Radio-JNI: register_android_hardware_Radio DONE
08-04 18:27:33.753 21896 22216 I art     : Explicit concurrent mark sweep GC freed 23(752B) AllocSpace objects, 0(0B) LOS objects, 23% free, 50MB/66MB, paused 1.606ms total 42.362ms
08-04 18:27:33.766 21896 22216 I art     : Starting a blocking GC Explicit
08-04 18:27:33.772 25031 25031 D AndroidRuntime: Calling main entry com.android.commands.input.Input
08-04 18:27:33.774 25031 25031 I Input   : injectMotionEvent: MotionEvent { action=ACTION_DOWN, actionButton=0, id[0]=0, x[0]=526.0, y[0]=597.0, toolType[0]=TOOL_TYPE_UNKNOWN, buttonState=0, metaState=0, flags=0x0, edgeFlags=0x0, pointerCount=1, historySize=0, eventTime=728870187, downTime=728870187, deviceId=0, source=0x1002 }
08-04 18:27:33.781 25031 25031 I Input   : injectMotionEvent: MotionEvent { action=ACTION_UP, actionButton=0, id[0]=0, x[0]=526.0, y[0]=597.0, toolType[0]=TOOL_TYPE_UNKNOWN, buttonState=0, metaState=0, flags=0x0, edgeFlags=0x0, pointerCount=1, historySize=0, eventTime=728870187, downTime=728870187, deviceId=0, source=0x1002 }
08-04 18:27:33.784 25031 25031 D AndroidRuntime: Shutting down VM
08-04 18:27:33.809 21896 22216 I art     : Explicit concurrent mark sweep GC freed 21(672B) AllocSpace objects, 0(0B) LOS objects, 23% free, 50MB/66MB, paused 1.637ms total 42.430ms
08-04 18:27:33.822 21896 22216 I art     : Starting a blocking GC Explicit
08-04 18:27:33.849 21896 21896 D PodcastListFragment: Selected podcast: GpodnetPodcast [url=http://feeds.feedburner.com/linuxoutlaws, title=Linux Outlaws, description=Two pragmatic geeks talk about the latest news concerning Linux, free and open
08-04 18:27:33.849 21896 21896 D PodcastListFragment: technology or anything else they deem noteworthy which may include such absurd
08-04 18:27:33.849 21896 21896 D PodcastListFragment: things as hockey or bands you never heard of. This means there's many a joke
08-04 18:27:33.849 21896 21896 D PodcastListFragment: and derailed conversation along the way, so don't come here expecting only
08-04 18:27:33.849 21896 21896 D PodcastListFragment: Linux or software freedom talk  just sit back and relax, partner., subscribers=3321, logoUrl=http://sixgun.org/files/linuxoutlaws.jpg, website=http://sixgun.org, mygpoLink=http://gpodder.net/podcast/linux-outlaws-mp3]
08-04 18:27:33.850   512  2967 D audio_hw_primary: out_set_parameters: enter: usecase(1: low-latency-playback) kvpairs: routing=2
08-04 18:27:33.850   918  5132 I ActivityManager: START u0 {cmp=baseline.de.danoeh.antennapod.debug/baseline.de.danoeh.antennapod.activity.OnlineFeedViewActivity (has extras)} from uid 10670 on display 0
08-04 18:27:33.863   512  2967 D audio_hw_primary: select_devices: out_snd_device(2: speaker) in_snd_device(0: none)
08-04 18:27:33.863   512  2967 D msm8974_platform: platform_send_audio_calibration: sending audio calibration for snd_device(2) acdb_id(15)
08-04 18:27:33.863   512  2967 I soundtrigger: audio_extn_sound_trigger_update_device_status: device 0x2 of type 0 for Event 1
08-04 18:27:33.864 21896 22216 I art     : Explicit concurrent mark sweep GC freed 39(10KB) AllocSpace objects, 0(0B) LOS objects, 23% free, 50MB/66MB, paused 1.420ms total 41.381ms
08-04 18:27:33.874   512  2967 D audio_hw_primary: enable_snd_device: snd_device(2: speaker)
08-04 18:27:33.877   512  2967 D audio_hw_primary: enable_audio_route: apply and update mixer path: low-latency-playback speaker
08-04 18:27:33.877 21896 22216 I art     : Starting a blocking GC Explicit
08-04 18:27:33.888 21896 21896 D UserPreferences: Using default data folder
08-04 18:27:33.889 21896 21896 D OnlineFeedViewActivity: Activity was started with url http://feeds.feedburner.com/linuxoutlaws
08-04 18:27:33.892 21896 21896 D OnlineFeedViewActivity: Starting feed download
08-04 18:27:33.894 21896 22441 D DBReader: Extracting Feedlist
08-04 18:27:33.897   918  5481 D WifiService: acquireWifiLockLocked: WifiLock{Downloader type=1 binder=android.os.BinderProxy@b29857f}
08-04 18:27:33.897 21896 22441 D AntennapodHttpClient: Creating new instance of HTTP client
08-04 18:27:33.917 21896 22216 I art     : Explicit concurrent mark sweep GC freed 1226(102KB) AllocSpace objects, 1(20KB) LOS objects, 23% free, 51MB/67MB, paused 1.602ms total 39.601ms
08-04 18:27:33.944 13866 13866 I GoogleInputMethodServic: GoogleInputMethodService.onFinishInput():3138 
08-04 18:27:33.944 13866 13866 I GoogleInputMethodServic: GoogleInputMethodService.onStartInput():1808 
08-04 18:27:33.961   918   936 I ActivityManager: Displayed baseline.de.danoeh.antennapod.debug/baseline.de.danoeh.antennapod.activity.OnlineFeedViewActivity: +95ms
08-04 18:27:33.987 21896 21917 D OpenGLRenderer: endAllStagingAnimators on 0x7f7801c400 (GridView) with handle 0x7f7e222200
08-04 18:27:34.037 21896 22441 D MYTAG   : interceptor 3a http://feeds.feedburner.com/linuxoutlaws
08-04 18:27:34.037 21896 22441 I NAPPA_EXPERIMENTATION: MetricNetworkRequestExecutionTime: REQUEST_DURATION_SYSTEM='139',REQUEST_DURATION_OKHTTP='27',REQUEST_SYNCHRONOUS='TRUE',RESPONSE_CODE='200',RESPONSE_METHOD='GET',RESPONSE_LENGTH_OKHTTP='-1',RESPONSE_LENGTH_HEADER='-2',REQUEST_PROTOCOL='http/1.1',REQUEST_URL='http://feeds.feedburner.com/linuxoutlaws',
08-04 18:27:34.037 21896 22441 D HttpDownloader: Response code is 200
08-04 18:27:34.037 21896 22441 D UserPreferences: Using default data folder
08-04 18:27:34.039 21896 22441 D HttpDownloader: Getting size of download
08-04 18:27:34.039 21896 22441 D HttpDownloader: Size is -1
08-04 18:27:34.039 21896 22441 D UserPreferences: Using default data folder
08-04 18:27:34.039 21896 22441 D HttpDownloader: Free space is 20244090880
08-04 18:27:34.040 21896 22441 D HttpDownloader: Starting download
08-04 18:27:34.043 21896 22441 D HttpDownloader: Download was successful
08-04 18:27:34.044   918  3670 D WifiService: releaseWifiLockLocked: WifiLock{Downloader type=1 binder=android.os.BinderProxy@b29857f}
08-04 18:27:34.044 21896 21896 D OnlineFeedViewActivity: Parsing feed
08-04 18:27:34.051 21896 25058 D TypeGetter: Recognized type RSS 2.0
08-04 18:27:34.056 21896 25058 D SyndHandler: Recognized Content namespace
08-04 18:27:34.056 21896 25058 D SyndHandler: Recognized DublinCore namespace
08-04 18:27:34.056 21896 25058 D SyndHandler: Recognized Atom namespace
08-04 18:27:34.057 21896 25058 D SyndHandler: Recognized ITunes namespace
08-04 18:27:34.057 21896 25058 D SyndHandler: Recognized media namespace
08-04 18:27:34.098 21896 25058 D OnlineFeedViewActivity: Deleted feed source file. Result: true
08-04 18:27:34.099 21896 21896 D OnlineFeedViewActivity: Removing HTML from shownotes
08-04 18:27:34.119 21896 22821 D ApOkHttpUrlLoader: buildLoadData() called with: model = [http://sixgun.org/files/linuxoutlaws.jpg], width = [350], height = [350]
08-04 18:27:34.121 21896 22631 D DBReader: getImageAuthentication() called with: imageUrl = [http://sixgun.org/files/linuxoutlaws.jpg]
08-04 18:27:34.125 21896 22631 D ApOkHttpUrlLoader: no credentials for 'http://sixgun.org/files/linuxoutlaws.jpg'
08-04 18:27:34.158 21896 22631 D DBWriter: updateFeedDownloadURL(original: http://sixgun.org/files/linuxoutlaws.jpg, updated: https://fab.industries/sixgun/files/linuxoutlaws.jpg)
08-04 18:27:34.197   380   380 W SurfaceFlinger: couldn't log to binary event log: overflow.
08-04 18:27:34.245 21896 22216 I art     : Starting a blocking GC Explicit
08-04 18:27:34.290 21896 22631 D MYTAG   : interceptor 2a
08-04 18:27:34.290 21896 22631 I NAPPA_EXPERIMENTATION: MetricNetworkRequestExecutionTime: REQUEST_DURATION_SYSTEM='165',REQUEST_DURATION_OKHTTP='129',REQUEST_SYNCHRONOUS='TRUE',RESPONSE_CODE='404',RESPONSE_METHOD='GET',RESPONSE_LENGTH_OKHTTP='-1',RESPONSE_LENGTH_HEADER='1503',REQUEST_PROTOCOL='h2',REQUEST_URL='https://fab.industries/sixgun/files/linuxoutlaws.jpg',
08-04 18:27:34.292 21896 21896 W Glide   : Load failed for http://sixgun.org/files/linuxoutlaws.jpg with size [350x350]
08-04 18:27:34.292 21896 21896 W Glide   : class com.bumptech.glide.load.engine.GlideException: Failed to load resource
08-04 18:27:34.292 21896 21896 W Glide   : There was 1 cause:
08-04 18:27:34.292 21896 21896 W Glide   : com.bumptech.glide.load.HttpException()
08-04 18:27:34.292 21896 21896 W Glide   :  call GlideException#logRootCauses(String) for more detail
08-04 18:27:34.292 21896 21896 W Glide   :   Cause (1 of 1): class com.bumptech.glide.load.engine.GlideException: Fetching data failed, class java.io.InputStream, REMOTE
08-04 18:27:34.292 21896 21896 W Glide   : There was 1 cause:
08-04 18:27:34.292 21896 21896 W Glide   : com.bumptech.glide.load.HttpException()
08-04 18:27:34.292 21896 21896 W Glide   :  call GlideException#logRootCauses(String) for more detail
08-04 18:27:34.292 21896 21896 W Glide   :     Cause (1 of 1): class com.bumptech.glide.load.HttpException: 
08-04 18:27:34.293 21896 21896 I Glide   : Root cause (1 of 1)
08-04 18:27:34.293 21896 21896 I Glide   : com.bumptech.glide.load.HttpException: 
08-04 18:27:34.293 21896 21896 I Glide   : 	at com.bumptech.glide.integration.okhttp3.OkHttpStreamFetcher.onResponse(OkHttpStreamFetcher.java:73)
08-04 18:27:34.293 21896 21896 I Glide   : 	at okhttp3.RealCall$AsyncCall.execute(RealCall.java:174)
08-04 18:27:34.293 21896 21896 I Glide   : 	at okhttp3.internal.NamedRunnable.run(NamedRunnable.java:32)
08-04 18:27:34.293 21896 21896 I Glide   : 	at java.util.concurrent.ThreadPoolExecutor.runWorker(ThreadPoolExecutor.java:1113)
08-04 18:27:34.293 21896 21896 I Glide   : 	at java.util.concurrent.ThreadPoolExecutor$Worker.run(ThreadPoolExecutor.java:588)
08-04 18:27:34.293 21896 21896 I Glide   : 	at java.lang.Thread.run(Thread.java:818)
08-04 18:27:34.293 21896 22216 I art     : Explicit concurrent mark sweep GC freed 14312(1205KB) AllocSpace objects, 15(828KB) LOS objects, 23% free, 51MB/67MB, paused 1.590ms total 47.463ms
08-04 18:27:34.307 21896 22216 I art     : Starting a blocking GC Explicit
08-04 18:27:34.337 21896 21896 D PlaybackController: Releasing PlaybackController
08-04 18:27:34.352 21896 22216 I art     : Explicit concurrent mark sweep GC freed 1859(113KB) AllocSpace objects, 0(0B) LOS objects, 23% free, 51MB/67MB, paused 1.958ms total 44.455ms
08-04 18:27:34.366 21896 22216 I art     : Starting a blocking GC Explicit
08-04 18:27:34.408 21896 22216 I art     : Explicit concurrent mark sweep GC freed 79(3KB) AllocSpace objects, 1(112KB) LOS objects, 23% free, 51MB/67MB, paused 1.631ms total 41.478ms
08-04 18:27:34.418   512  2967 D audio_hw_primary: disable_audio_route: reset and update mixer path: low-latency-playback speaker
08-04 18:27:34.419   512  2967 D audio_hw_primary: disable_snd_device: snd_device(2: speaker)
08-04 18:27:34.421 21896 22216 I art     : Starting a blocking GC Explicit
08-04 18:27:34.427   512  2967 I soundtrigger: audio_extn_sound_trigger_update_device_status: device 0x2 of type 0 for Event 0
08-04 18:27:34.465 21896 22216 I art     : Explicit concurrent mark sweep GC freed 27(896B) AllocSpace objects, 0(0B) LOS objects, 23% free, 51MB/67MB, paused 1.449ms total 43.628ms
08-04 18:27:34.478 21896 22216 I art     : Starting a blocking GC Explicit
08-04 18:27:34.523 21896 22216 I art     : Explicit concurrent mark sweep GC freed 3(96B) AllocSpace objects, 0(0B) LOS objects, 23% free, 51MB/67MB, paused 1.579ms total 44.824ms
08-04 18:27:34.890 21896 21909 I art     : Starting a blocking GC Explicit
08-04 18:27:34.951 21896 21909 I art     : Explicit concurrent mark sweep GC freed 1381(81KB) AllocSpace objects, 1(20KB) LOS objects, 23% free, 51MB/67MB, paused 1.573ms total 60.244ms
08-04 18:27:34.967 21896 21909 I art     : Starting a blocking GC Explicit
08-04 18:27:35.013 21896 21909 I art     : Explicit concurrent mark sweep GC freed 23(768B) AllocSpace objects, 0(0B) LOS objects, 23% free, 51MB/67MB, paused 1.574ms total 45.541ms
08-04 18:27:35.026 21896 21909 I art     : Starting a blocking GC Explicit
08-04 18:27:35.072 21896 21909 I art     : Explicit concurrent mark sweep GC freed 3(96B) AllocSpace objects, 0(0B) LOS objects, 23% free, 51MB/67MB, paused 1.433ms total 45.310ms
08-04 18:27:35.085 21896 21909 I art     : Starting a blocking GC Explicit
08-04 18:27:35.131 21896 21909 I art     : Explicit concurrent mark sweep GC freed 3(96B) AllocSpace objects, 0(0B) LOS objects, 23% free, 51MB/67MB, paused 1.604ms total 45.577ms
08-04 18:27:35.144 21896 21909 I art     : Starting a blocking GC Explicit
08-04 18:27:35.190 21896 21909 I art     : Explicit concurrent mark sweep GC freed 30(832B) AllocSpace objects, 0(0B) LOS objects, 23% free, 51MB/67MB, paused 1.554ms total 45.015ms
08-04 18:27:35.570 21896 21908 I art     : Starting a blocking GC Explicit
08-04 18:27:35.630 21896 21908 I art     : Explicit concurrent mark sweep GC freed 1381(81KB) AllocSpace objects, 1(20KB) LOS objects, 23% free, 51MB/67MB, paused 2.089ms total 58.785ms
08-04 18:27:35.647 21896 21908 I art     : Starting a blocking GC Explicit
08-04 18:27:35.694 21896 21908 I art     : Explicit concurrent mark sweep GC freed 23(752B) AllocSpace objects, 0(0B) LOS objects, 23% free, 51MB/67MB, paused 1.620ms total 47.161ms
08-04 18:27:35.708 21896 21908 I art     : Starting a blocking GC Explicit
08-04 18:27:35.757 21896 21908 I art     : Explicit concurrent mark sweep GC freed 8(256B) AllocSpace objects, 0(0B) LOS objects, 23% free, 51MB/67MB, paused 1.488ms total 48.270ms
08-04 18:27:35.771 21896 21908 I art     : Starting a blocking GC Explicit
08-04 18:27:35.818 21896 21908 I art     : Explicit concurrent mark sweep GC freed 10(320B) AllocSpace objects, 0(0B) LOS objects, 23% free, 51MB/67MB, paused 1.825ms total 46.327ms
08-04 18:27:35.832 21896 21908 I art     : Starting a blocking GC Explicit
08-04 18:27:35.877 21896 21908 I art     : Explicit concurrent mark sweep GC freed 10(320B) AllocSpace objects, 0(0B) LOS objects, 23% free, 51MB/67MB, paused 1.525ms total 44.476ms
08-04 18:27:36.273 21896 21920 I art     : Starting a blocking GC Explicit
08-04 18:27:36.333 21896 21920 I art     : Explicit concurrent mark sweep GC freed 1419(82KB) AllocSpace objects, 1(20KB) LOS objects, 23% free, 51MB/67MB, paused 1.834ms total 59.369ms
08-04 18:27:36.351 21896 21920 I art     : Starting a blocking GC Explicit
08-04 18:27:36.403 21896 21920 I art     : Explicit concurrent mark sweep GC freed 23(752B) AllocSpace objects, 0(0B) LOS objects, 23% free, 51MB/67MB, paused 1.511ms total 51.655ms
08-04 18:27:36.416 21896 21920 I art     : Starting a blocking GC Explicit
08-04 18:27:36.466 21896 21920 I art     : Explicit concurrent mark sweep GC freed 3(96B) AllocSpace objects, 0(0B) LOS objects, 23% free, 51MB/67MB, paused 1.633ms total 49.994ms
08-04 18:27:36.483 21896 21920 I art     : Starting a blocking GC Explicit
08-04 18:27:36.534 21896 21920 I art     : Explicit concurrent mark sweep GC freed 3(96B) AllocSpace objects, 0(0B) LOS objects, 23% free, 51MB/67MB, paused 1.729ms total 50.601ms
08-04 18:27:36.548 21896 21920 I art     : Starting a blocking GC Explicit
08-04 18:27:36.596 21896 21920 I art     : Explicit concurrent mark sweep GC freed 3(96B) AllocSpace objects, 0(0B) LOS objects, 23% free, 51MB/67MB, paused 1.612ms total 48.333ms
08-04 18:27:36.946 21896 21908 I art     : Starting a blocking GC Explicit
08-04 18:27:37.008 21896 21908 I art     : Explicit concurrent mark sweep GC freed 1381(81KB) AllocSpace objects, 1(20KB) LOS objects, 23% free, 51MB/67MB, paused 1.632ms total 62.044ms
08-04 18:27:37.024 21896 21908 I art     : Starting a blocking GC Explicit
08-04 18:27:37.074 21896 21908 I art     : Explicit concurrent mark sweep GC freed 37(1200B) AllocSpace objects, 0(0B) LOS objects, 23% free, 51MB/67MB, paused 1.613ms total 50.015ms
08-04 18:27:37.088 21896 21908 I art     : Starting a blocking GC Explicit
08-04 18:27:37.137 21896 21908 I art     : Explicit concurrent mark sweep GC freed 3(96B) AllocSpace objects, 0(0B) LOS objects, 23% free, 51MB/67MB, paused 1.653ms total 48.193ms
08-04 18:27:37.150 21896 21908 I art     : Starting a blocking GC Explicit
08-04 18:27:37.199 21896 21908 I art     : Explicit concurrent mark sweep GC freed 30(832B) AllocSpace objects, 0(0B) LOS objects, 23% free, 51MB/67MB, paused 1.594ms total 48.559ms
08-04 18:27:37.213 21896 21908 I art     : Starting a blocking GC Explicit
08-04 18:27:37.263 21896 21908 I art     : Explicit concurrent mark sweep GC freed 3(96B) AllocSpace objects, 0(0B) LOS objects, 23% free, 51MB/67MB, paused 1.596ms total 49.522ms
08-04 18:27:37.653 21896 21920 I art     : Starting a blocking GC Explicit
08-04 18:27:37.711 21896 21920 I art     : Explicit concurrent mark sweep GC freed 1382(83KB) AllocSpace objects, 1(20KB) LOS objects, 23% free, 51MB/67MB, paused 1.688ms total 58.137ms
08-04 18:27:37.728 21896 21920 I art     : Starting a blocking GC Explicit
08-04 18:27:37.778 21896 21920 I art     : Explicit concurrent mark sweep GC freed 23(752B) AllocSpace objects, 0(0B) LOS objects, 23% free, 51MB/67MB, paused 1.668ms total 49.168ms
08-04 18:27:37.791 21896 21920 I art     : Starting a blocking GC Explicit
08-04 18:27:37.841 21896 21920 I art     : Explicit concurrent mark sweep GC freed 3(96B) AllocSpace objects, 0(0B) LOS objects, 23% free, 51MB/67MB, paused 1.748ms total 49.473ms
08-04 18:27:37.855 21896 21920 I art     : Starting a blocking GC Explicit
08-04 18:27:37.904 21896 21920 I art     : Explicit concurrent mark sweep GC freed 3(96B) AllocSpace objects, 0(0B) LOS objects, 23% free, 51MB/67MB, paused 1.562ms total 48.425ms
08-04 18:27:37.917 21896 21920 I art     : Starting a blocking GC Explicit
08-04 18:27:37.968 21896 21920 I art     : Explicit concurrent mark sweep GC freed 3(96B) AllocSpace objects, 0(0B) LOS objects, 23% free, 51MB/67MB, paused 1.711ms total 49.846ms
08-04 18:27:38.316 21896 21909 I art     : Starting a blocking GC Explicit
08-04 18:27:38.371 21896 21909 I art     : Explicit concurrent mark sweep GC freed 1409(82KB) AllocSpace objects, 1(20KB) LOS objects, 23% free, 51MB/67MB, paused 1.584ms total 53.944ms
08-04 18:27:38.384 21896 21909 I art     : Starting a blocking GC Explicit
08-04 18:27:38.430 21896 21909 I art     : Explicit concurrent mark sweep GC freed 23(752B) AllocSpace objects, 0(0B) LOS objects, 23% free, 51MB/67MB, paused 1.634ms total 45.657ms
08-04 18:27:38.443 21896 21909 I art     : Starting a blocking GC Explicit
08-04 18:27:38.491 21896 21909 I art     : Explicit concurrent mark sweep GC freed 3(96B) AllocSpace objects, 0(0B) LOS objects, 23% free, 51MB/67MB, paused 1.606ms total 47.639ms
08-04 18:27:38.505 21896 21909 I art     : Starting a blocking GC Explicit
08-04 18:27:38.551 21896 21909 I art     : Explicit concurrent mark sweep GC freed 3(96B) AllocSpace objects, 0(0B) LOS objects, 23% free, 51MB/67MB, paused 1.640ms total 45.765ms
08-04 18:27:38.564 21896 21909 I art     : Starting a blocking GC Explicit
08-04 18:27:38.600 25118 25118 D AndroidRuntime: >>>>>> START com.android.internal.os.RuntimeInit uid 2000 <<<<<<
08-04 18:27:38.606 25118 25118 D AndroidRuntime: CheckJNI is OFF
08-04 18:27:38.611 21896 21909 I art     : Explicit concurrent mark sweep GC freed 3(96B) AllocSpace objects, 0(0B) LOS objects, 23% free, 51MB/67MB, paused 1.684ms total 46.277ms
08-04 18:27:38.651 25118 25118 D ICU     : No timezone override file found: /data/misc/zoneinfo/current/icu/icu_tzdata.dat
08-04 18:27:38.697 25118 25118 I Radio-JNI: register_android_hardware_Radio DONE
08-04 18:27:38.727 25118 25118 D AndroidRuntime: Calling main entry com.android.commands.input.Input
08-04 18:27:38.730 25118 25118 I Input   : injectKeyEvent: KeyEvent { action=ACTION_DOWN, keyCode=KEYCODE_BACK, scanCode=0, metaState=0, flags=0x0, repeatCount=0, eventTime=728875143, downTime=728875143, deviceId=-1, source=0x101 }
08-04 18:27:38.739 25118 25118 I Input   : injectKeyEvent: KeyEvent { action=ACTION_UP, keyCode=KEYCODE_BACK, scanCode=0, metaState=0, flags=0x0, repeatCount=0, eventTime=728875143, downTime=728875143, deviceId=-1, source=0x101 }
08-04 18:27:38.749 25118 25118 D AndroidRuntime: Shutting down VM
08-04 18:27:38.760 21896 21896 V PlaybackController: initServiceNotRunning()
08-04 18:27:38.760 21896 21896 D ExternalPlayerFragment: Loading media info
08-04 18:27:38.764 21896 22821 D ApOkHttpUrlLoader: buildLoadData() called with: model = [http://sixgun.org/files/linuxoutlaws.jpg], width = [224], height = [224]
08-04 18:27:38.765 21896 22631 D DBReader: getImageAuthentication() called with: imageUrl = [http://sixgun.org/files/linuxoutlaws.jpg]
08-04 18:27:38.765 21896 21896 D UserPreferences: Using default data folder
08-04 18:27:38.766 21896 21916 D DBReader: getNavDrawerData() called with: 
08-04 18:27:38.768 21896 22631 D ApOkHttpUrlLoader: no credentials for 'http://sixgun.org/files/linuxoutlaws.jpg'
08-04 18:27:38.780 21896 21916 D DBReader: getDownloadedItems() called
08-04 18:27:38.781 21896 21916 D DBReader: getFavoriteIDList() called
08-04 18:27:38.782 21896 21916 D DBReader: getQueueIDList() called
08-04 18:27:38.782 21896 21916 D DBReader: Extracting Feedlist
08-04 18:27:38.792 13866 13866 I GoogleInputMethodServic: GoogleInputMethodService.onFinishInput():3138 
08-04 18:27:38.792 21896 21896 D MainActivity: getLastNavFragment() -> AddFeedFragment
08-04 18:27:38.792 13866 13866 I GoogleInputMethodServic: GoogleInputMethodService.onStartInput():1808 
08-04 18:27:38.846 21896 22631 D DBWriter: updateFeedDownloadURL(original: http://sixgun.org/files/linuxoutlaws.jpg, updated: https://fab.industries/sixgun/files/linuxoutlaws.jpg)
08-04 18:27:38.943 21896 21909 I art     : Starting a blocking GC Explicit
08-04 18:27:38.980 21896 22631 D MYTAG   : interceptor 2a
08-04 18:27:38.980 21896 22631 I NAPPA_EXPERIMENTATION: MetricNetworkRequestExecutionTime: REQUEST_DURATION_SYSTEM='211',REQUEST_DURATION_OKHTTP='130',REQUEST_SYNCHRONOUS='TRUE',RESPONSE_CODE='404',RESPONSE_METHOD='GET',RESPONSE_LENGTH_OKHTTP='-1',RESPONSE_LENGTH_HEADER='1503',REQUEST_PROTOCOL='h2',REQUEST_URL='https://fab.industries/sixgun/files/linuxoutlaws.jpg',
08-04 18:27:38.981 21896 21896 W Glide   : Load failed for http://sixgun.org/files/linuxoutlaws.jpg with size [224x224]
08-04 18:27:38.981 21896 21896 W Glide   : class com.bumptech.glide.load.engine.GlideException: Failed to load resource
08-04 18:27:38.981 21896 21896 W Glide   : There was 1 cause:
08-04 18:27:38.981 21896 21896 W Glide   : com.bumptech.glide.load.HttpException()
08-04 18:27:38.981 21896 21896 W Glide   :  call GlideException#logRootCauses(String) for more detail
08-04 18:27:38.981 21896 21896 W Glide   :   Cause (1 of 1): class com.bumptech.glide.load.engine.GlideException: Fetching data failed, class java.io.InputStream, REMOTE
08-04 18:27:38.981 21896 21896 W Glide   : There was 1 cause:
08-04 18:27:38.981 21896 21896 W Glide   : com.bumptech.glide.load.HttpException()
08-04 18:27:38.981 21896 21896 W Glide   :  call GlideException#logRootCauses(String) for more detail
08-04 18:27:38.981 21896 21896 W Glide   :     Cause (1 of 1): class com.bumptech.glide.load.HttpException: 
08-04 18:27:38.981 21896 21896 I Glide   : Root cause (1 of 1)
08-04 18:27:38.981 21896 21896 I Glide   : com.bumptech.glide.load.HttpException: 
08-04 18:27:38.981 21896 21896 I Glide   : 	at com.bumptech.glide.integration.okhttp3.OkHttpStreamFetcher.onResponse(OkHttpStreamFetcher.java:73)
08-04 18:27:38.981 21896 21896 I Glide   : 	at okhttp3.RealCall$AsyncCall.execute(RealCall.java:174)
08-04 18:27:38.981 21896 21896 I Glide   : 	at okhttp3.internal.NamedRunnable.run(NamedRunnable.java:32)
08-04 18:27:38.981 21896 21896 I Glide   : 	at java.util.concurrent.ThreadPoolExecutor.runWorker(ThreadPoolExecutor.java:1113)
08-04 18:27:38.981 21896 21896 I Glide   : 	at java.util.concurrent.ThreadPoolExecutor$Worker.run(ThreadPoolExecutor.java:588)
08-04 18:27:38.981 21896 21896 I Glide   : 	at java.lang.Thread.run(Thread.java:818)
08-04 18:27:38.982 21896 21896 W Glide   : Load failed for http://sixgun.org/files/linuxoutlaws.jpg with size [224x224]
08-04 18:27:38.982 21896 21896 W Glide   : class com.bumptech.glide.load.engine.GlideException: Failed to load resource
08-04 18:27:38.982 21896 21896 W Glide   : There was 1 cause:
08-04 18:27:38.982 21896 21896 W Glide   : com.bumptech.glide.load.HttpException()
08-04 18:27:38.982 21896 21896 W Glide   :  call GlideException#logRootCauses(String) for more detail
08-04 18:27:38.982 21896 21896 W Glide   :   Cause (1 of 1): class com.bumptech.glide.load.engine.GlideException: Fetching data failed, class java.io.InputStream, REMOTE
08-04 18:27:38.982 21896 21896 W Glide   : There was 1 cause:
08-04 18:27:38.982 21896 21896 W Glide   : com.bumptech.glide.load.HttpException()
08-04 18:27:38.982 21896 21896 W Glide   :  call GlideException#logRootCauses(String) for more detail
08-04 18:27:38.982 21896 21896 W Glide   :     Cause (1 of 1): class com.bumptech.glide.load.HttpException: 
08-04 18:27:38.982 21896 21896 I Glide   : Root cause (1 of 1)
08-04 18:27:38.982 21896 21896 I Glide   : com.bumptech.glide.load.HttpException: 
08-04 18:27:38.982 21896 21896 I Glide   : 	at com.bumptech.glide.integration.okhttp3.OkHttpStreamFetcher.onResponse(OkHttpStreamFetcher.java:73)
08-04 18:27:38.982 21896 21896 I Glide   : 	at okhttp3.RealCall$AsyncCall.execute(RealCall.java:174)
08-04 18:27:38.982 21896 21896 I Glide   : 	at okhttp3.internal.NamedRunnable.run(NamedRunnable.java:32)
08-04 18:27:38.982 21896 21896 I Glide   : 	at java.util.concurrent.ThreadPoolExecutor.runWorker(ThreadPoolExecutor.java:1113)
08-04 18:27:38.982 21896 21896 I Glide   : 	at java.util.concurrent.ThreadPoolExecutor$Worker.run(ThreadPoolExecutor.java:588)
08-04 18:27:38.982 21896 21896 I Glide   : 	at java.lang.Thread.run(Thread.java:818)
08-04 18:27:38.992 21896 21909 I art     : Explicit concurrent mark sweep GC freed 3517(254KB) AllocSpace objects, 1(20KB) LOS objects, 23% free, 51MB/67MB, paused 1.703ms total 48.092ms
08-04 18:27:39.008 21896 21909 I art     : Starting a blocking GC Explicit
08-04 18:27:39.056 21896 21909 I art     : Explicit concurrent mark sweep GC freed 674(34KB) AllocSpace objects, 0(0B) LOS objects, 23% free, 51MB/67MB, paused 1.553ms total 48.100ms
08-04 18:27:39.073 21896 21909 I art     : Starting a blocking GC Explicit
08-04 18:27:39.102   380   380 W SurfaceFlinger: couldn't log to binary event log: overflow.
08-04 18:27:39.123 21896 21909 I art     : Explicit concurrent mark sweep GC freed 537(22KB) AllocSpace objects, 0(0B) LOS objects, 23% free, 51MB/67MB, paused 1.423ms total 49.223ms
08-04 18:27:39.136 21896 21909 I art     : Starting a blocking GC Explicit
08-04 18:27:39.174 21896 21909 I art     : Explicit concurrent mark sweep GC freed 90(3KB) AllocSpace objects, 0(0B) LOS objects, 23% free, 51MB/67MB, paused 1.397ms total 38.363ms
08-04 18:27:39.186 21896 21909 I art     : Starting a blocking GC Explicit
08-04 18:27:39.228 21896 21909 I art     : Explicit concurrent mark sweep GC freed 2850(235KB) AllocSpace objects, 1(28KB) LOS objects, 23% free, 50MB/66MB, paused 1.680ms total 41.757ms
08-04 18:27:39.584 21896 21908 I art     : Starting a blocking GC Explicit
08-04 18:27:39.638 21896 21908 I art     : Explicit concurrent mark sweep GC freed 1382(83KB) AllocSpace objects, 1(20KB) LOS objects, 23% free, 50MB/66MB, paused 1.659ms total 53.214ms
08-04 18:27:39.655 21896 21908 I art     : Starting a blocking GC Explicit
08-04 18:27:39.697 21896 21908 I art     : Explicit concurrent mark sweep GC freed 27(912B) AllocSpace objects, 0(0B) LOS objects, 23% free, 50MB/66MB, paused 1.606ms total 42.122ms
08-04 18:27:39.711 21896 21908 I art     : Starting a blocking GC Explicit
08-04 18:27:39.755 21896 21908 I art     : Explicit concurrent mark sweep GC freed 3(96B) AllocSpace objects, 0(0B) LOS objects, 23% free, 50MB/66MB, paused 1.623ms total 44.019ms
08-04 18:27:39.768 21896 21908 I art     : Starting a blocking GC Explicit
08-04 18:27:39.811 21896 21908 I art     : Explicit concurrent mark sweep GC freed 3(96B) AllocSpace objects, 0(0B) LOS objects, 23% free, 50MB/66MB, paused 1.518ms total 42.855ms
08-04 18:27:39.824 21896 21908 I art     : Starting a blocking GC Explicit
08-04 18:27:39.869 21896 21908 I art     : Explicit concurrent mark sweep GC freed 3(96B) AllocSpace objects, 0(0B) LOS objects, 23% free, 50MB/66MB, paused 1.603ms total 44.392ms
08-04 18:27:40.202 21896 21920 I art     : Starting a blocking GC Explicit
08-04 18:27:40.250 21896 21920 I art     : Explicit concurrent mark sweep GC freed 1410(82KB) AllocSpace objects, 1(20KB) LOS objects, 23% free, 50MB/66MB, paused 1.614ms total 47.874ms
08-04 18:27:40.264 21896 21920 I art     : Starting a blocking GC Explicit
08-04 18:27:40.305 21896 21920 I art     : Explicit concurrent mark sweep GC freed 23(752B) AllocSpace objects, 0(0B) LOS objects, 23% free, 50MB/66MB, paused 1.554ms total 41.283ms
08-04 18:27:40.318 21896 21920 I art     : Starting a blocking GC Explicit
08-04 18:27:40.361 21896 21920 I art     : Explicit concurrent mark sweep GC freed 3(96B) AllocSpace objects, 0(0B) LOS objects, 23% free, 50MB/66MB, paused 1.562ms total 42.112ms
08-04 18:27:40.374 21896 21920 I art     : Starting a blocking GC Explicit
08-04 18:27:40.417 21896 21920 I art     : Explicit concurrent mark sweep GC freed 10(320B) AllocSpace objects, 0(0B) LOS objects, 23% free, 50MB/66MB, paused 1.595ms total 43.266ms
08-04 18:27:40.430 21896 21920 I art     : Starting a blocking GC Explicit
08-04 18:27:40.473 21896 21920 I art     : Explicit concurrent mark sweep GC freed 15(480B) AllocSpace objects, 0(0B) LOS objects, 23% free, 50MB/66MB, paused 1.741ms total 42.136ms
08-04 18:27:40.552 25162 25162 D AndroidRuntime: >>>>>> START com.android.internal.os.RuntimeInit uid 2000 <<<<<<
08-04 18:27:40.558 25162 25162 D AndroidRuntime: CheckJNI is OFF
08-04 18:27:40.601 25162 25162 D ICU     : No timezone override file found: /data/misc/zoneinfo/current/icu/icu_tzdata.dat
08-04 18:27:40.644 25162 25162 I Radio-JNI: register_android_hardware_Radio DONE
08-04 18:27:40.673 25162 25162 D AndroidRuntime: Calling main entry com.android.commands.input.Input
08-04 18:27:40.675 25162 25162 I Input   : injectMotionEvent: MotionEvent { action=ACTION_DOWN, actionButton=0, id[0]=0, x[0]=526.0, y[0]=597.0, toolType[0]=TOOL_TYPE_UNKNOWN, buttonState=0, metaState=0, flags=0x0, edgeFlags=0x0, pointerCount=1, historySize=0, eventTime=728877087, downTime=728877087, deviceId=0, source=0x1002 }
08-04 18:27:40.680 25162 25162 I Input   : injectMotionEvent: MotionEvent { action=ACTION_UP, actionButton=0, id[0]=0, x[0]=526.0, y[0]=597.0, toolType[0]=TOOL_TYPE_UNKNOWN, buttonState=0, metaState=0, flags=0x0, edgeFlags=0x0, pointerCount=1, historySize=0, eventTime=728877087, downTime=728877087, deviceId=0, source=0x1002 }
08-04 18:27:40.683 25162 25162 D AndroidRuntime: Shutting down VM
08-04 18:27:40.747 21896 21896 D PodcastListFragment: Selected podcast: GpodnetPodcast [url=http://feeds.feedburner.com/linuxoutlaws, title=Linux Outlaws, description=Two pragmatic geeks talk about the latest news concerning Linux, free and open
08-04 18:27:40.747 21896 21896 D PodcastListFragment: technology or anything else they deem noteworthy which may include such absurd
08-04 18:27:40.747 21896 21896 D PodcastListFragment: things as hockey or bands you never heard of. This means there's many a joke
08-04 18:27:40.747 21896 21896 D PodcastListFragment: and derailed conversation along the way, so don't come here expecting only
08-04 18:27:40.747 21896 21896 D PodcastListFragment: Linux or software freedom talk  just sit back and relax, partner., subscribers=3321, logoUrl=http://sixgun.org/files/linuxoutlaws.jpg, website=http://sixgun.org, mygpoLink=http://gpodder.net/podcast/linux-outlaws-mp3]
08-04 18:27:40.748   918  3670 I ActivityManager: START u0 {cmp=baseline.de.danoeh.antennapod.debug/baseline.de.danoeh.antennapod.activity.OnlineFeedViewActivity (has extras)} from uid 10670 on display 0
08-04 18:27:40.750   512  2967 D audio_hw_primary: out_set_parameters: enter: usecase(1: low-latency-playback) kvpairs: routing=2
08-04 18:27:40.763   512  2967 D audio_hw_primary: select_devices: out_snd_device(2: speaker) in_snd_device(0: none)
08-04 18:27:40.763   512  2967 D msm8974_platform: platform_send_audio_calibration: sending audio calibration for snd_device(2) acdb_id(15)
08-04 18:27:40.764   512  2967 I soundtrigger: audio_extn_sound_trigger_update_device_status: device 0x2 of type 0 for Event 1
08-04 18:27:40.779   512  2967 D audio_hw_primary: enable_snd_device: snd_device(2: speaker)
08-04 18:27:40.781   512  2967 D audio_hw_primary: enable_audio_route: apply and update mixer path: low-latency-playback speaker
08-04 18:27:40.790 21896 21896 D UserPreferences: Using default data folder
08-04 18:27:40.790 21896 21896 D OnlineFeedViewActivity: Activity was started with url http://feeds.feedburner.com/linuxoutlaws
08-04 18:27:40.794 21896 21896 D OnlineFeedViewActivity: Starting feed download
08-04 18:27:40.797 21896 22441 D DBReader: Extracting Feedlist
08-04 18:27:40.801   918  3670 D WifiService: acquireWifiLockLocked: WifiLock{Downloader type=1 binder=android.os.BinderProxy@210a0bd}
08-04 18:27:40.801 21896 22441 D AntennapodHttpClient: Creating new instance of HTTP client
08-04 18:27:40.838 21896 21909 I art     : Starting a blocking GC Explicit
08-04 18:27:40.847 13866 13866 I GoogleInputMethodServic: GoogleInputMethodService.onFinishInput():3138 
08-04 18:27:40.848 13866 13866 I GoogleInputMethodServic: GoogleInputMethodService.onStartInput():1808 
08-04 18:27:40.877   918   936 I ActivityManager: Displayed baseline.de.danoeh.antennapod.debug/baseline.de.danoeh.antennapod.activity.OnlineFeedViewActivity: +117ms
08-04 18:27:40.886 21896 21909 I art     : Explicit concurrent mark sweep GC freed 2848(185KB) AllocSpace objects, 1(20KB) LOS objects, 23% free, 51MB/67MB, paused 1.850ms total 48.139ms
08-04 18:27:40.901 21896 21909 I art     : Starting a blocking GC Explicit
08-04 18:27:40.906 21896 22441 D MYTAG   : interceptor 3a http://feeds.feedburner.com/linuxoutlaws
08-04 18:27:40.906 21896 22441 I NAPPA_EXPERIMENTATION: MetricNetworkRequestExecutionTime: REQUEST_DURATION_SYSTEM='104',REQUEST_DURATION_OKHTTP='36',REQUEST_SYNCHRONOUS='TRUE',RESPONSE_CODE='200',RESPONSE_METHOD='GET',RESPONSE_LENGTH_OKHTTP='-1',RESPONSE_LENGTH_HEADER='-2',REQUEST_PROTOCOL='http/1.1',REQUEST_URL='http://feeds.feedburner.com/linuxoutlaws',
08-04 18:27:40.906 21896 22441 D HttpDownloader: Response code is 200
08-04 18:27:40.906 21896 22441 D UserPreferences: Using default data folder
08-04 18:27:40.908 21896 22441 D HttpDownloader: Getting size of download
08-04 18:27:40.908 21896 22441 D HttpDownloader: Size is -1
08-04 18:27:40.908 21896 22441 D UserPreferences: Using default data folder
08-04 18:27:40.909 21896 22441 D HttpDownloader: Free space is 20244090880
08-04 18:27:40.909 21896 22441 D HttpDownloader: Starting download
08-04 18:27:40.912 21896 22441 D HttpDownloader: Download was successful
08-04 18:27:40.913 21896 21917 D OpenGLRenderer: endAllStagingAnimators on 0x7f7801c400 (GridView) with handle 0x7f719e4f20
08-04 18:27:40.914   918  6110 D WifiService: releaseWifiLockLocked: WifiLock{Downloader type=1 binder=android.os.BinderProxy@210a0bd}
08-04 18:27:40.917 21896 21896 D OnlineFeedViewActivity: Parsing feed
08-04 18:27:40.921 21896 25197 D TypeGetter: Recognized type RSS 2.0
08-04 18:27:40.923 21896 25197 D SyndHandler: Recognized Content namespace
08-04 18:27:40.923 21896 25197 D SyndHandler: Recognized DublinCore namespace
08-04 18:27:40.924 21896 25197 D SyndHandler: Recognized Atom namespace
08-04 18:27:40.924 21896 25197 D SyndHandler: Recognized ITunes namespace
08-04 18:27:40.924 21896 25197 D SyndHandler: Recognized media namespace
08-04 18:27:40.945 21896 21909 I art     : Explicit concurrent mark sweep GC freed 1466(271KB) AllocSpace objects, 3(60KB) LOS objects, 23% free, 51MB/67MB, paused 1.870ms total 43.612ms
08-04 18:27:40.957 21896 21909 I art     : Starting a blocking GC Explicit
08-04 18:27:40.970 21896 25197 D OnlineFeedViewActivity: Deleted feed source file. Result: true
08-04 18:27:40.970 21896 21896 D OnlineFeedViewActivity: Removing HTML from shownotes
08-04 18:27:40.989 21896 22821 D ApOkHttpUrlLoader: buildLoadData() called with: model = [http://sixgun.org/files/linuxoutlaws.jpg], width = [350], height = [350]
08-04 18:27:40.990 21896 22631 D DBReader: getImageAuthentication() called with: imageUrl = [http://sixgun.org/files/linuxoutlaws.jpg]
08-04 18:27:40.994 21896 22631 D ApOkHttpUrlLoader: no credentials for 'http://sixgun.org/files/linuxoutlaws.jpg'
08-04 18:27:41.001 21896 21909 I art     : Explicit concurrent mark sweep GC freed 3947(448KB) AllocSpace objects, 11(748KB) LOS objects, 23% free, 51MB/67MB, paused 2.133ms total 43.032ms
08-04 18:27:41.014 21896 21909 I art     : Starting a blocking GC Explicit
08-04 18:27:41.024 21896 22631 D DBWriter: updateFeedDownloadURL(original: http://sixgun.org/files/linuxoutlaws.jpg, updated: https://fab.industries/sixgun/files/linuxoutlaws.jpg)
08-04 18:27:41.053 21896 21909 I art     : Explicit concurrent mark sweep GC freed 1273(87KB) AllocSpace objects, 0(0B) LOS objects, 23% free, 51MB/67MB, paused 1.516ms total 39.570ms
08-04 18:27:41.066 21896 21909 I art     : Starting a blocking GC Explicit
08-04 18:27:41.105 21896 21909 I art     : Explicit concurrent mark sweep GC freed 560(26KB) AllocSpace objects, 0(0B) LOS objects, 23% free, 51MB/67MB, paused 1.463ms total 38.891ms
08-04 18:27:41.121   380   380 W SurfaceFlinger: couldn't log to binary event log: overflow.
08-04 18:27:41.157 21896 22631 D MYTAG   : interceptor 2a
08-04 18:27:41.157 21896 22631 I NAPPA_EXPERIMENTATION: MetricNetworkRequestExecutionTime: REQUEST_DURATION_SYSTEM='163',REQUEST_DURATION_OKHTTP='130',REQUEST_SYNCHRONOUS='TRUE',RESPONSE_CODE='404',RESPONSE_METHOD='GET',RESPONSE_LENGTH_OKHTTP='-1',RESPONSE_LENGTH_HEADER='1503',REQUEST_PROTOCOL='h2',REQUEST_URL='https://fab.industries/sixgun/files/linuxoutlaws.jpg',
08-04 18:27:41.158 21896 21896 W Glide   : Load failed for http://sixgun.org/files/linuxoutlaws.jpg with size [350x350]
08-04 18:27:41.158 21896 21896 W Glide   : class com.bumptech.glide.load.engine.GlideException: Failed to load resource
08-04 18:27:41.158 21896 21896 W Glide   : There was 1 cause:
08-04 18:27:41.158 21896 21896 W Glide   : com.bumptech.glide.load.HttpException()
08-04 18:27:41.158 21896 21896 W Glide   :  call GlideException#logRootCauses(String) for more detail
08-04 18:27:41.158 21896 21896 W Glide   :   Cause (1 of 1): class com.bumptech.glide.load.engine.GlideException: Fetching data failed, class java.io.InputStream, REMOTE
08-04 18:27:41.158 21896 21896 W Glide   : There was 1 cause:
08-04 18:27:41.158 21896 21896 W Glide   : com.bumptech.glide.load.HttpException()
08-04 18:27:41.158 21896 21896 W Glide   :  call GlideException#logRootCauses(String) for more detail
08-04 18:27:41.158 21896 21896 W Glide   :     Cause (1 of 1): class com.bumptech.glide.load.HttpException: 
08-04 18:27:41.159 21896 21896 I Glide   : Root cause (1 of 1)
08-04 18:27:41.159 21896 21896 I Glide   : com.bumptech.glide.load.HttpException: 
08-04 18:27:41.159 21896 21896 I Glide   : 	at com.bumptech.glide.integration.okhttp3.OkHttpStreamFetcher.onResponse(OkHttpStreamFetcher.java:73)
08-04 18:27:41.159 21896 21896 I Glide   : 	at okhttp3.RealCall$AsyncCall.execute(RealCall.java:174)
08-04 18:27:41.159 21896 21896 I Glide   : 	at okhttp3.internal.NamedRunnable.run(NamedRunnable.java:32)
08-04 18:27:41.159 21896 21896 I Glide   : 	at java.util.concurrent.ThreadPoolExecutor.runWorker(ThreadPoolExecutor.java:1113)
08-04 18:27:41.159 21896 21896 I Glide   : 	at java.util.concurrent.ThreadPoolExecutor$Worker.run(ThreadPoolExecutor.java:588)
08-04 18:27:41.159 21896 21896 I Glide   : 	at java.lang.Thread.run(Thread.java:818)
08-04 18:27:41.260 21896 21896 D PlaybackController: Releasing PlaybackController
08-04 18:27:41.318   512  2967 D audio_hw_primary: disable_audio_route: reset and update mixer path: low-latency-playback speaker
08-04 18:27:41.319   512  2967 D audio_hw_primary: disable_snd_device: snd_device(2: speaker)
08-04 18:27:41.327   512  2967 I soundtrigger: audio_extn_sound_trigger_update_device_status: device 0x2 of type 0 for Event 0
08-04 18:27:41.444 21896 25151 I art     : Starting a blocking GC Explicit
08-04 18:27:41.492 21896 25151 I art     : Explicit concurrent mark sweep GC freed 2176(147KB) AllocSpace objects, 2(132KB) LOS objects, 23% free, 51MB/67MB, paused 1.602ms total 47.329ms
08-04 18:27:41.505 21896 25151 I art     : Starting a blocking GC Explicit
08-04 18:27:41.551 21896 25151 I art     : Explicit concurrent mark sweep GC freed 50(1776B) AllocSpace objects, 0(0B) LOS objects, 23% free, 51MB/67MB, paused 1.517ms total 45.475ms
08-04 18:27:41.564 21896 25151 I art     : Starting a blocking GC Explicit
08-04 18:27:41.611 21896 25151 I art     : Explicit concurrent mark sweep GC freed 3(96B) AllocSpace objects, 0(0B) LOS objects, 23% free, 51MB/67MB, paused 1.575ms total 46.133ms
08-04 18:27:41.624 21896 25151 I art     : Starting a blocking GC Explicit
08-04 18:27:41.670 21896 25151 I art     : Explicit concurrent mark sweep GC freed 3(96B) AllocSpace objects, 0(0B) LOS objects, 23% free, 51MB/67MB, paused 1.615ms total 45.934ms
08-04 18:27:41.684 21896 25151 I art     : Starting a blocking GC Explicit
08-04 18:27:41.730 21896 25151 I art     : Explicit concurrent mark sweep GC freed 3(96B) AllocSpace objects, 0(0B) LOS objects, 23% free, 51MB/67MB, paused 1.624ms total 46.084ms
08-04 18:27:41.948 20095 20095 I Atfwd_Sendcmd: AtCmdFwd service not ready - Exhausted retry attempts - :6
08-04 18:27:41.949 20095 20095 I Atfwd_Daemon: result : -1 	 ,Init step :2 	 ,qmiErrorCode: 0
08-04 18:27:42.106 21896 21908 I art     : Starting a blocking GC Explicit
08-04 18:27:42.161 21896 21908 I art     : Explicit concurrent mark sweep GC freed 1384(81KB) AllocSpace objects, 1(20KB) LOS objects, 23% free, 51MB/67MB, paused 1.835ms total 54.831ms
08-04 18:27:42.177 21896 21908 I art     : Starting a blocking GC Explicit
08-04 18:27:42.222 21896 21908 I art     : Explicit concurrent mark sweep GC freed 50(1488B) AllocSpace objects, 0(0B) LOS objects, 23% free, 51MB/67MB, paused 1.565ms total 45.161ms
08-04 18:27:42.236 21896 21908 I art     : Starting a blocking GC Explicit
08-04 18:27:42.282 21896 21908 I art     : Explicit concurrent mark sweep GC freed 3(96B) AllocSpace objects, 0(0B) LOS objects, 23% free, 51MB/67MB, paused 1.594ms total 45.619ms
08-04 18:27:42.296 21896 21908 I art     : Starting a blocking GC Explicit
08-04 18:27:42.342 21896 21908 I art     : Explicit concurrent mark sweep GC freed 3(96B) AllocSpace objects, 0(0B) LOS objects, 23% free, 51MB/67MB, paused 1.654ms total 45.967ms
08-04 18:27:42.356 21896 21908 I art     : Starting a blocking GC Explicit
08-04 18:27:42.406 21896 21908 I art     : Explicit concurrent mark sweep GC freed 3(96B) AllocSpace objects, 0(0B) LOS objects, 23% free, 51MB/67MB, paused 1.583ms total 49.813ms
08-04 18:27:42.801 21896 21908 I art     : Starting a blocking GC Explicit
08-04 18:27:42.848 21896 21908 I art     : Explicit concurrent mark sweep GC freed 1410(82KB) AllocSpace objects, 1(20KB) LOS objects, 23% free, 51MB/67MB, paused 1.548ms total 45.756ms
08-04 18:27:42.862 21896 21908 I art     : Starting a blocking GC Explicit
08-04 18:27:42.907 21896 21908 I art     : Explicit concurrent mark sweep GC freed 24(784B) AllocSpace objects, 0(0B) LOS objects, 23% free, 51MB/67MB, paused 1.483ms total 44.925ms
08-04 18:27:42.920 21896 21908 I art     : Starting a blocking GC Explicit
08-04 18:27:42.969 21896 21908 I art     : Explicit concurrent mark sweep GC freed 3(96B) AllocSpace objects, 0(0B) LOS objects, 23% free, 51MB/67MB, paused 1.850ms total 48.468ms
08-04 18:27:42.983 21896 21908 I art     : Starting a blocking GC Explicit
08-04 18:27:43.031 21896 21908 I art     : Explicit concurrent mark sweep GC freed 3(96B) AllocSpace objects, 0(0B) LOS objects, 23% free, 51MB/67MB, paused 1.570ms total 48.120ms
08-04 18:27:43.045 21896 21908 I art     : Starting a blocking GC Explicit
08-04 18:27:43.095 21896 21908 I art     : Explicit concurrent mark sweep GC freed 3(96B) AllocSpace objects, 0(0B) LOS objects, 23% free, 51MB/67MB, paused 1.661ms total 50.009ms
08-04 18:27:43.498 21896 22216 I art     : Starting a blocking GC Explicit
08-04 18:27:43.553 21896 22216 I art     : Explicit concurrent mark sweep GC freed 1408(81KB) AllocSpace objects, 1(20KB) LOS objects, 23% free, 51MB/67MB, paused 1.660ms total 54.604ms
08-04 18:27:43.567 21896 22216 I art     : Starting a blocking GC Explicit
08-04 18:27:43.619 21896 22216 I art     : Explicit concurrent mark sweep GC freed 23(752B) AllocSpace objects, 0(0B) LOS objects, 23% free, 51MB/67MB, paused 1.882ms total 51.934ms
08-04 18:27:43.637 21896 22216 I art     : Starting a blocking GC Explicit
08-04 18:27:43.685 21896 22216 I art     : Explicit concurrent mark sweep GC freed 3(96B) AllocSpace objects, 0(0B) LOS objects, 23% free, 51MB/67MB, paused 1.626ms total 48.342ms
08-04 18:27:43.699 21896 22216 I art     : Starting a blocking GC Explicit
08-04 18:27:43.749 21896 22216 I art     : Explicit concurrent mark sweep GC freed 3(96B) AllocSpace objects, 0(0B) LOS objects, 23% free, 51MB/67MB, paused 1.625ms total 49.668ms
08-04 18:27:43.763 21896 22216 I art     : Starting a blocking GC Explicit
08-04 18:27:43.812 21896 22216 I art     : Explicit concurrent mark sweep GC freed 3(96B) AllocSpace objects, 0(0B) LOS objects, 23% free, 51MB/67MB, paused 1.667ms total 48.908ms
08-04 18:27:44.211 21896 21909 I art     : Starting a blocking GC Explicit
08-04 18:27:44.271 21896 21909 I art     : Explicit concurrent mark sweep GC freed 1408(81KB) AllocSpace objects, 1(20KB) LOS objects, 23% free, 51MB/67MB, paused 1.718ms total 59.196ms
08-04 18:27:44.287 21896 21909 I art     : Starting a blocking GC Explicit
08-04 18:27:44.337 21896 21909 I art     : Explicit concurrent mark sweep GC freed 23(752B) AllocSpace objects, 0(0B) LOS objects, 23% free, 51MB/67MB, paused 1.705ms total 50.049ms
08-04 18:27:44.351 21896 21909 I art     : Starting a blocking GC Explicit
08-04 18:27:44.400 21896 21909 I art     : Explicit concurrent mark sweep GC freed 3(96B) AllocSpace objects, 0(0B) LOS objects, 23% free, 51MB/67MB, paused 1.598ms total 48.603ms
08-04 18:27:44.414 21896 21909 I art     : Starting a blocking GC Explicit
08-04 18:27:44.465 21896 21909 I art     : Explicit concurrent mark sweep GC freed 3(96B) AllocSpace objects, 0(0B) LOS objects, 23% free, 51MB/67MB, paused 1.763ms total 51.227ms
08-04 18:27:44.483 21896 21909 I art     : Starting a blocking GC Explicit
08-04 18:27:44.531 21896 21909 I art     : Explicit concurrent mark sweep GC freed 3(96B) AllocSpace objects, 0(0B) LOS objects, 23% free, 51MB/67MB, paused 1.578ms total 47.571ms
08-04 18:27:44.932 21896 25151 I art     : Starting a blocking GC Explicit
08-04 18:27:44.981 21896 25151 I art     : Explicit concurrent mark sweep GC freed 1383(84KB) AllocSpace objects, 1(20KB) LOS objects, 23% free, 51MB/67MB, paused 1.707ms total 48.848ms
08-04 18:27:44.995 21896 25151 I art     : Starting a blocking GC Explicit
08-04 18:27:45.041 21896 25151 I art     : Explicit concurrent mark sweep GC freed 23(752B) AllocSpace objects, 0(0B) LOS objects, 23% free, 51MB/67MB, paused 1.662ms total 45.534ms
08-04 18:27:45.054 21896 25151 I art     : Starting a blocking GC Explicit
08-04 18:27:45.101 21896 25151 I art     : Explicit concurrent mark sweep GC freed 3(96B) AllocSpace objects, 0(0B) LOS objects, 23% free, 51MB/67MB, paused 1.689ms total 46.393ms
08-04 18:27:45.114 21896 25151 I art     : Starting a blocking GC Explicit
08-04 18:27:45.161 21896 25151 I art     : Explicit concurrent mark sweep GC freed 3(96B) AllocSpace objects, 0(0B) LOS objects, 23% free, 51MB/67MB, paused 1.657ms total 46.591ms
08-04 18:27:45.174 21896 25151 I art     : Starting a blocking GC Explicit
08-04 18:27:45.221 21896 25151 I art     : Explicit concurrent mark sweep GC freed 30(832B) AllocSpace objects, 0(0B) LOS objects, 23% free, 51MB/67MB, paused 1.659ms total 46.539ms
08-04 18:27:45.465 25260 25260 D AndroidRuntime: >>>>>> START com.android.internal.os.RuntimeInit uid 2000 <<<<<<
08-04 18:27:45.472 25260 25260 D AndroidRuntime: CheckJNI is OFF
08-04 18:27:45.513 25260 25260 D ICU     : No timezone override file found: /data/misc/zoneinfo/current/icu/icu_tzdata.dat
08-04 18:27:45.555 25260 25260 I Radio-JNI: register_android_hardware_Radio DONE
08-04 18:27:45.585 25260 25260 D AndroidRuntime: Calling main entry com.android.commands.input.Input
08-04 18:27:45.587 25260 25260 I Input   : injectKeyEvent: KeyEvent { action=ACTION_DOWN, keyCode=KEYCODE_BACK, scanCode=0, metaState=0, flags=0x0, repeatCount=0, eventTime=728882000, downTime=728882000, deviceId=-1, source=0x101 }
08-04 18:27:45.592 25260 25260 I Input   : injectKeyEvent: KeyEvent { action=ACTION_UP, keyCode=KEYCODE_BACK, scanCode=0, metaState=0, flags=0x0, repeatCount=0, eventTime=728882000, downTime=728882000, deviceId=-1, source=0x101 }
08-04 18:27:45.598 25260 25260 D AndroidRuntime: Shutting down VM
08-04 18:27:45.602 21896 21896 V PlaybackController: initServiceNotRunning()
08-04 18:27:45.603 21896 21896 D ExternalPlayerFragment: Loading media info
08-04 18:27:45.605 21896 22821 D ApOkHttpUrlLoader: buildLoadData() called with: model = [http://sixgun.org/files/linuxoutlaws.jpg], width = [224], height = [224]
08-04 18:27:45.607 21896 22631 D DBReader: getImageAuthentication() called with: imageUrl = [http://sixgun.org/files/linuxoutlaws.jpg]
08-04 18:27:45.608 21896 21896 D UserPreferences: Using default data folder
08-04 18:27:45.610 21896 21916 D DBReader: getNavDrawerData() called with: 
08-04 18:27:45.611 21896 22631 D ApOkHttpUrlLoader: no credentials for 'http://sixgun.org/files/linuxoutlaws.jpg'
08-04 18:27:45.623 21896 21916 D DBReader: getDownloadedItems() called
08-04 18:27:45.625 21896 21916 D DBReader: getFavoriteIDList() called
08-04 18:27:45.628 21896 21916 D DBReader: getQueueIDList() called
08-04 18:27:45.629 21896 21916 D DBReader: Extracting Feedlist
08-04 18:27:45.630 21896 21908 I art     : Starting a blocking GC Explicit
08-04 18:27:45.646 13866 13866 I GoogleInputMethodServic: GoogleInputMethodService.onFinishInput():3138 
08-04 18:27:45.647 13866 13866 I GoogleInputMethodServic: GoogleInputMethodService.onStartInput():1808 
08-04 18:27:45.663 21896 21896 D MainActivity: getLastNavFragment() -> AddFeedFragment
08-04 18:27:45.672 21896 21908 I art     : Explicit concurrent mark sweep GC freed 2434(152KB) AllocSpace objects, 1(20KB) LOS objects, 23% free, 51MB/67MB, paused 2.102ms total 42.413ms
08-04 18:27:45.686 21896 21908 I art     : Starting a blocking GC Explicit
08-04 18:27:45.710 21896 22631 D DBWriter: updateFeedDownloadURL(original: http://sixgun.org/files/linuxoutlaws.jpg, updated: https://fab.industries/sixgun/files/linuxoutlaws.jpg)
08-04 18:27:45.726 21896 21908 I art     : Explicit concurrent mark sweep GC freed 1003(49KB) AllocSpace objects, 0(0B) LOS objects, 23% free, 51MB/67MB, paused 1.582ms total 39.852ms
08-04 18:27:45.738 21896 21908 I art     : Starting a blocking GC Explicit
08-04 18:27:45.779 21896 21908 I art     : Explicit concurrent mark sweep GC freed 159(9KB) AllocSpace objects, 0(0B) LOS objects, 23% free, 51MB/67MB, paused 1.710ms total 41.413ms
08-04 18:27:45.792 21896 21908 I art     : Starting a blocking GC Explicit
08-04 18:27:45.843 21896 21908 I art     : Explicit concurrent mark sweep GC freed 3(96B) AllocSpace objects, 0(0B) LOS objects, 23% free, 51MB/67MB, paused 1.522ms total 50.275ms
08-04 18:27:45.844 21896 22631 D MYTAG   : interceptor 2a
08-04 18:27:45.844 21896 22631 I NAPPA_EXPERIMENTATION: MetricNetworkRequestExecutionTime: REQUEST_DURATION_SYSTEM='233',REQUEST_DURATION_OKHTTP='131',REQUEST_SYNCHRONOUS='TRUE',RESPONSE_CODE='404',RESPONSE_METHOD='GET',RESPONSE_LENGTH_OKHTTP='-1',RESPONSE_LENGTH_HEADER='1503',REQUEST_PROTOCOL='h2',REQUEST_URL='https://fab.industries/sixgun/files/linuxoutlaws.jpg',
08-04 18:27:45.846 21896 21896 W Glide   : Load failed for http://sixgun.org/files/linuxoutlaws.jpg with size [224x224]
08-04 18:27:45.846 21896 21896 W Glide   : class com.bumptech.glide.load.engine.GlideException: Failed to load resource
08-04 18:27:45.846 21896 21896 W Glide   : There was 1 cause:
08-04 18:27:45.846 21896 21896 W Glide   : com.bumptech.glide.load.HttpException()
08-04 18:27:45.846 21896 21896 W Glide   :  call GlideException#logRootCauses(String) for more detail
08-04 18:27:45.846 21896 21896 W Glide   :   Cause (1 of 1): class com.bumptech.glide.load.engine.GlideException: Fetching data failed, class java.io.InputStream, REMOTE
08-04 18:27:45.846 21896 21896 W Glide   : There was 1 cause:
08-04 18:27:45.846 21896 21896 W Glide   : com.bumptech.glide.load.HttpException()
08-04 18:27:45.846 21896 21896 W Glide   :  call GlideException#logRootCauses(String) for more detail
08-04 18:27:45.846 21896 21896 W Glide   :     Cause (1 of 1): class com.bumptech.glide.load.HttpException: 
08-04 18:27:45.847 21896 21896 I Glide   : Root cause (1 of 1)
08-04 18:27:45.847 21896 21896 I Glide   : com.bumptech.glide.load.HttpException: 
08-04 18:27:45.847 21896 21896 I Glide   : 	at com.bumptech.glide.integration.okhttp3.OkHttpStreamFetcher.onResponse(OkHttpStreamFetcher.java:73)
08-04 18:27:45.847 21896 21896 I Glide   : 	at okhttp3.RealCall$AsyncCall.execute(RealCall.java:174)
08-04 18:27:45.847 21896 21896 I Glide   : 	at okhttp3.internal.NamedRunnable.run(NamedRunnable.java:32)
08-04 18:27:45.847 21896 21896 I Glide   : 	at java.util.concurrent.ThreadPoolExecutor.runWorker(ThreadPoolExecutor.java:1113)
08-04 18:27:45.847 21896 21896 I Glide   : 	at java.util.concurrent.ThreadPoolExecutor$Worker.run(ThreadPoolExecutor.java:588)
08-04 18:27:45.847 21896 21896 I Glide   : 	at java.lang.Thread.run(Thread.java:818)
08-04 18:27:45.848 21896 21896 W Glide   : Load failed for http://sixgun.org/files/linuxoutlaws.jpg with size [224x224]
08-04 18:27:45.848 21896 21896 W Glide   : class com.bumptech.glide.load.engine.GlideException: Failed to load resource
08-04 18:27:45.848 21896 21896 W Glide   : There was 1 cause:
08-04 18:27:45.848 21896 21896 W Glide   : com.bumptech.glide.load.HttpException()
08-04 18:27:45.848 21896 21896 W Glide   :  call GlideException#logRootCauses(String) for more detail
08-04 18:27:45.848 21896 21896 W Glide   :   Cause (1 of 1): class com.bumptech.glide.load.engine.GlideException: Fetching data failed, class java.io.InputStream, REMOTE
08-04 18:27:45.848 21896 21896 W Glide   : There was 1 cause:
08-04 18:27:45.848 21896 21896 W Glide   : com.bumptech.glide.load.HttpException()
08-04 18:27:45.848 21896 21896 W Glide   :  call GlideException#logRootCauses(String) for more detail
08-04 18:27:45.848 21896 21896 W Glide   :     Cause (1 of 1): class com.bumptech.glide.load.HttpException: 
08-04 18:27:45.849 21896 21896 I Glide   : Root cause (1 of 1)
08-04 18:27:45.849 21896 21896 I Glide   : com.bumptech.glide.load.HttpException: 
08-04 18:27:45.849 21896 21896 I Glide   : 	at com.bumptech.glide.integration.okhttp3.OkHttpStreamFetcher.onResponse(OkHttpStreamFetcher.java:73)
08-04 18:27:45.849 21896 21896 I Glide   : 	at okhttp3.RealCall$AsyncCall.execute(RealCall.java:174)
08-04 18:27:45.849 21896 21896 I Glide   : 	at okhttp3.internal.NamedRunnable.run(NamedRunnable.java:32)
08-04 18:27:45.849 21896 21896 I Glide   : 	at java.util.concurrent.ThreadPoolExecutor.runWorker(ThreadPoolExecutor.java:1113)
08-04 18:27:45.849 21896 21896 I Glide   : 	at java.util.concurrent.ThreadPoolExecutor$Worker.run(ThreadPoolExecutor.java:588)
08-04 18:27:45.849 21896 21896 I Glide   : 	at java.lang.Thread.run(Thread.java:818)
08-04 18:27:45.860 21896 21908 I art     : Starting a blocking GC Explicit
08-04 18:27:45.914 21896 21908 I art     : Explicit concurrent mark sweep GC freed 575(75KB) AllocSpace objects, 0(0B) LOS objects, 23% free, 51MB/67MB, paused 1.503ms total 53.185ms
08-04 18:27:45.914 21896 21907 I art     : WaitForGcToComplete blocked for 27.049ms for cause HeapTrim
08-04 18:27:45.937   918  3261 D WifiStateMachine: starting scan for "H369AA63323"WPA_PSK with 2412,5180
08-04 18:27:45.943   380   380 W SurfaceFlinger: couldn't log to binary event log: overflow.
08-04 18:27:46.261 21896 21920 I art     : Starting a blocking GC Explicit
08-04 18:27:46.318 21896 21920 I art     : Explicit concurrent mark sweep GC freed 2033(109KB) AllocSpace objects, 1(20KB) LOS objects, 23% free, 51MB/67MB, paused 1.667ms total 56.362ms
08-04 18:27:46.331 21896 21920 I art     : Starting a blocking GC Explicit
08-04 18:27:46.376 21896 21920 I art     : Explicit concurrent mark sweep GC freed 2888(236KB) AllocSpace objects, 1(28KB) LOS objects, 23% free, 50MB/66MB, paused 1.537ms total 44.289ms
08-04 18:27:46.389 21896 21920 I art     : Starting a blocking GC Explicit
08-04 18:27:46.433 21896 21920 I art     : Explicit concurrent mark sweep GC freed 3(96B) AllocSpace objects, 0(0B) LOS objects, 23% free, 50MB/66MB, paused 1.555ms total 43.560ms
08-04 18:27:46.446 21896 21920 I art     : Starting a blocking GC Explicit
08-04 18:27:46.490 21896 21920 I art     : Explicit concurrent mark sweep GC freed 3(96B) AllocSpace objects, 0(0B) LOS objects, 23% free, 50MB/66MB, paused 1.556ms total 44.186ms
08-04 18:27:46.504 21896 21920 I art     : Starting a blocking GC Explicit
08-04 18:27:46.547 21896 21920 I art     : Explicit concurrent mark sweep GC freed 3(96B) AllocSpace objects, 0(0B) LOS objects, 23% free, 50MB/66MB, paused 1.628ms total 43.472ms
08-04 18:27:46.898 21896 25151 I art     : Starting a blocking GC Explicit
08-04 18:27:46.942 21896 25151 I art     : Explicit concurrent mark sweep GC freed 1383(81KB) AllocSpace objects, 1(20KB) LOS objects, 23% free, 50MB/66MB, paused 1.560ms total 43.728ms
08-04 18:27:46.955 21896 25151 I art     : Starting a blocking GC Explicit
08-04 18:27:46.997 21896 25151 I art     : Explicit concurrent mark sweep GC freed 23(752B) AllocSpace objects, 0(0B) LOS objects, 23% free, 50MB/66MB, paused 1.595ms total 41.835ms
08-04 18:27:47.010 21896 25151 I art     : Starting a blocking GC Explicit
08-04 18:27:47.052 21896 25151 I art     : Explicit concurrent mark sweep GC freed 3(96B) AllocSpace objects, 0(0B) LOS objects, 23% free, 50MB/66MB, paused 1.546ms total 42.167ms
08-04 18:27:47.065 21896 25151 I art     : Starting a blocking GC Explicit
08-04 18:27:47.107 21896 25151 I art     : Explicit concurrent mark sweep GC freed 3(96B) AllocSpace objects, 0(0B) LOS objects, 23% free, 50MB/66MB, paused 1.662ms total 41.894ms
08-04 18:27:47.121 21896 25151 I art     : Starting a blocking GC Explicit
08-04 18:27:47.162 21896 25151 I art     : Explicit concurrent mark sweep GC freed 3(96B) AllocSpace objects, 0(0B) LOS objects, 23% free, 50MB/66MB, paused 1.607ms total 41.314ms
08-04 18:27:47.379 25303 25303 D AndroidRuntime: >>>>>> START com.android.internal.os.RuntimeInit uid 2000 <<<<<<
08-04 18:27:47.385 25303 25303 D AndroidRuntime: CheckJNI is OFF
08-04 18:27:47.425 25303 25303 D ICU     : No timezone override file found: /data/misc/zoneinfo/current/icu/icu_tzdata.dat
08-04 18:27:47.466 25303 25303 I Radio-JNI: register_android_hardware_Radio DONE
08-04 18:27:47.495 25303 25303 D AndroidRuntime: Calling main entry com.android.commands.input.Input
08-04 18:27:47.497 25303 25303 I Input   : injectKeyEvent: KeyEvent { action=ACTION_DOWN, keyCode=KEYCODE_BACK, scanCode=0, metaState=0, flags=0x0, repeatCount=0, eventTime=728883910, downTime=728883910, deviceId=-1, source=0x101 }
08-04 18:27:47.501 25303 25303 I Input   : injectKeyEvent: KeyEvent { action=ACTION_UP, keyCode=KEYCODE_BACK, scanCode=0, metaState=0, flags=0x0, repeatCount=0, eventTime=728883910, downTime=728883910, deviceId=-1, source=0x101 }
08-04 18:27:47.523 25303 25303 D AndroidRuntime: Shutting down VM
08-04 18:27:47.554 21896 22216 I art     : Starting a blocking GC Explicit
08-04 18:27:47.597 21896 22216 I art     : Explicit concurrent mark sweep GC freed 3603(172KB) AllocSpace objects, 1(20KB) LOS objects, 23% free, 50MB/66MB, paused 1.559ms total 43.249ms
08-04 18:27:47.610 21896 22216 I art     : Starting a blocking GC Explicit
08-04 18:27:47.653 21896 22216 I art     : Explicit concurrent mark sweep GC freed 5380(396KB) AllocSpace objects, 9(1620KB) LOS objects, 24% free, 49MB/65MB, paused 1.527ms total 42.868ms
08-04 18:27:47.666 21896 22216 I art     : Starting a blocking GC Explicit
08-04 18:27:47.708 21896 22216 I art     : Explicit concurrent mark sweep GC freed 3(96B) AllocSpace objects, 0(0B) LOS objects, 24% free, 49MB/65MB, paused 1.691ms total 41.674ms
08-04 18:27:47.721 21896 22216 I art     : Starting a blocking GC Explicit
08-04 18:27:47.762 21896 22216 I art     : Explicit concurrent mark sweep GC freed 3(96B) AllocSpace objects, 0(0B) LOS objects, 24% free, 49MB/65MB, paused 1.471ms total 40.884ms
08-04 18:27:47.775 21896 22216 I art     : Starting a blocking GC Explicit
08-04 18:27:47.817 21896 22216 I art     : Explicit concurrent mark sweep GC freed 3(96B) AllocSpace objects, 0(0B) LOS objects, 24% free, 49MB/65MB, paused 1.489ms total 41.077ms
08-04 18:27:48.187 21896 21920 I art     : Starting a blocking GC Explicit
08-04 18:27:48.241 21896 21920 I art     : Explicit concurrent mark sweep GC freed 1409(82KB) AllocSpace objects, 1(20KB) LOS objects, 24% free, 49MB/65MB, paused 1.920ms total 53.439ms
08-04 18:27:48.255 21896 21920 I art     : Starting a blocking GC Explicit
08-04 18:27:48.297 21896 21920 I art     : Explicit concurrent mark sweep GC freed 23(752B) AllocSpace objects, 0(0B) LOS objects, 24% free, 49MB/65MB, paused 1.541ms total 42.050ms
08-04 18:27:48.310 21896 21920 I art     : Starting a blocking GC Explicit
08-04 18:27:48.351 21896 21920 I art     : Explicit concurrent mark sweep GC freed 3(96B) AllocSpace objects, 0(0B) LOS objects, 24% free, 49MB/65MB, paused 1.489ms total 41.122ms
08-04 18:27:48.364 21896 21920 I art     : Starting a blocking GC Explicit
08-04 18:27:48.405 21896 21920 I art     : Explicit concurrent mark sweep GC freed 3(96B) AllocSpace objects, 0(0B) LOS objects, 24% free, 49MB/65MB, paused 1.517ms total 40.637ms
08-04 18:27:48.418 21896 21920 I art     : Starting a blocking GC Explicit
08-04 18:27:48.460 21896 21920 I art     : Explicit concurrent mark sweep GC freed 3(96B) AllocSpace objects, 0(0B) LOS objects, 24% free, 49MB/65MB, paused 1.466ms total 41.516ms
08-04 18:27:48.822 21896 25151 I art     : Starting a blocking GC Explicit
08-04 18:27:48.864 21896 25151 I art     : Explicit concurrent mark sweep GC freed 1381(82KB) AllocSpace objects, 1(20KB) LOS objects, 24% free, 49MB/65MB, paused 1.579ms total 41.380ms
08-04 18:27:48.876 21896 25151 I art     : Starting a blocking GC Explicit
08-04 18:27:48.916 21896 25151 I art     : Explicit concurrent mark sweep GC freed 23(752B) AllocSpace objects, 0(0B) LOS objects, 24% free, 49MB/65MB, paused 1.540ms total 39.663ms
08-04 18:27:48.929 21896 25151 I art     : Starting a blocking GC Explicit
08-04 18:27:48.969 21896 25151 I art     : Explicit concurrent mark sweep GC freed 3(96B) AllocSpace objects, 0(0B) LOS objects, 24% free, 49MB/65MB, paused 1.549ms total 39.532ms
08-04 18:27:48.981 21896 25151 I art     : Starting a blocking GC Explicit
08-04 18:27:49.021 21896 25151 I art     : Explicit concurrent mark sweep GC freed 3(96B) AllocSpace objects, 0(0B) LOS objects, 24% free, 49MB/65MB, paused 1.459ms total 39.520ms
08-04 18:27:49.034 21896 25151 I art     : Starting a blocking GC Explicit
08-04 18:27:49.074 21896 25151 I art     : Explicit concurrent mark sweep GC freed 3(96B) AllocSpace objects, 0(0B) LOS objects, 24% free, 49MB/65MB, paused 1.545ms total 39.788ms
08-04 18:27:49.301 25346 25346 D AndroidRuntime: >>>>>> START com.android.internal.os.RuntimeInit uid 2000 <<<<<<
08-04 18:27:49.308 25346 25346 D AndroidRuntime: CheckJNI is OFF
08-04 18:27:49.350 25346 25346 D ICU     : No timezone override file found: /data/misc/zoneinfo/current/icu/icu_tzdata.dat
08-04 18:27:49.390 25346 25346 I Radio-JNI: register_android_hardware_Radio DONE
08-04 18:27:49.419 25346 25346 D AndroidRuntime: Calling main entry com.android.commands.input.Input
08-04 18:27:49.421 25346 25346 I Input   : injectMotionEvent: MotionEvent { action=ACTION_DOWN, actionButton=0, id[0]=0, x[0]=603.0, y[0]=1061.0, toolType[0]=TOOL_TYPE_UNKNOWN, buttonState=0, metaState=0, flags=0x0, edgeFlags=0x0, pointerCount=1, historySize=0, eventTime=728885833, downTime=728885833, deviceId=0, source=0x1002 }
08-04 18:27:49.426 25346 25346 I Input   : injectMotionEvent: MotionEvent { action=ACTION_UP, actionButton=0, id[0]=0, x[0]=603.0, y[0]=1061.0, toolType[0]=TOOL_TYPE_UNKNOWN, buttonState=0, metaState=0, flags=0x0, edgeFlags=0x0, pointerCount=1, historySize=0, eventTime=728885833, downTime=728885833, deviceId=0, source=0x1002 }
08-04 18:27:49.427 21896 25151 I art     : Starting a blocking GC Explicit
08-04 18:27:49.429 25346 25346 D AndroidRuntime: Shutting down VM
08-04 18:27:49.436   512  2967 D audio_hw_primary: out_set_parameters: enter: usecase(1: low-latency-playback) kvpairs: routing=2
08-04 18:27:49.449   512  2967 D audio_hw_primary: select_devices: out_snd_device(2: speaker) in_snd_device(0: none)
08-04 18:27:49.449   512  2967 D msm8974_platform: platform_send_audio_calibration: sending audio calibration for snd_device(2) acdb_id(15)
08-04 18:27:49.450   512  2967 I soundtrigger: audio_extn_sound_trigger_update_device_status: device 0x2 of type 0 for Event 1
08-04 18:27:49.459   512  2967 D audio_hw_primary: enable_snd_device: snd_device(2: speaker)
08-04 18:27:49.462   512  2967 D audio_hw_primary: enable_audio_route: apply and update mixer path: low-latency-playback speaker
08-04 18:27:49.471 21896 25151 I art     : Explicit concurrent mark sweep GC freed 3042(153KB) AllocSpace objects, 1(20KB) LOS objects, 24% free, 49MB/65MB, paused 2.456ms total 43.628ms
08-04 18:27:49.484 21896 25151 I art     : Starting a blocking GC Explicit
08-04 18:27:49.525 21896 25151 I art     : Explicit concurrent mark sweep GC freed 1574(61KB) AllocSpace objects, 0(0B) LOS objects, 24% free, 49MB/65MB, paused 1.684ms total 39.977ms
08-04 18:27:49.537 21896 25151 I art     : Starting a blocking GC Explicit
08-04 18:27:49.576 21896 25151 I art     : Explicit concurrent mark sweep GC freed 1618(82KB) AllocSpace objects, 1(220KB) LOS objects, 24% free, 49MB/65MB, paused 1.653ms total 38.277ms
08-04 18:27:49.589 21896 25151 I art     : Starting a blocking GC Explicit
08-04 18:27:49.600 21896 24346 I NAPPA_EXPERIMENTATION: MetricNetworkRequestExecutionTime: REQUEST_DURATION_SYSTEM='142',REQUEST_DURATION_OKHTTP='141',REQUEST_SYNCHRONOUS='TRUE',RESPONSE_CODE='200',RESPONSE_METHOD='GET',RESPONSE_LENGTH_OKHTTP='2923',RESPONSE_LENGTH_HEADER='2923',REQUEST_PROTOCOL='http/1.1',REQUEST_URL='https://gpodder.net/api/2/tags/50.json',
08-04 18:27:49.619 21896 25369 I NAPPA_EXPERIMENTATION: MetricNetworkRequestExecutionTime: REQUEST_DURATION_SYSTEM='164',REQUEST_DURATION_OKHTTP='162',REQUEST_SYNCHRONOUS='TRUE',RESPONSE_CODE='200',RESPONSE_METHOD='GET',RESPONSE_LENGTH_OKHTTP='37507',RESPONSE_LENGTH_HEADER='37507',REQUEST_PROTOCOL='http/1.1',REQUEST_URL='https://gpodder.net/toplist/50.json',
08-04 18:27:49.629 21896 25151 I art     : Explicit concurrent mark sweep GC freed 1195(89KB) AllocSpace objects, 0(0B) LOS objects, 24% free, 49MB/65MB, paused 1.636ms total 40.315ms
08-04 18:27:49.641 21896 25151 I art     : Starting a blocking GC Explicit
08-04 18:27:49.669 21896 22821 D ApOkHttpUrlLoader: buildLoadData() called with: model = [http://sixgun.org/files/linuxoutlaws.jpg], width = [224], height = [224]
08-04 18:27:49.671 21896 22631 D DBReader: getImageAuthentication() called with: imageUrl = [http://sixgun.org/files/linuxoutlaws.jpg]
08-04 18:27:49.674 21896 22631 D ApOkHttpUrlLoader: no credentials for 'http://sixgun.org/files/linuxoutlaws.jpg'
08-04 18:27:49.677 21896 22821 D ApOkHttpUrlLoader: buildLoadData() called with: model = [https://files.thisamericanlife.org/sites/all/themes/thislife/img/tal-name-1400x1400.png], width = [224], height = [224]
08-04 18:27:49.682 21896 25151 I art     : Explicit concurrent mark sweep GC freed 3805(278KB) AllocSpace objects, 3(192KB) LOS objects, 24% free, 49MB/65MB, paused 2.304ms total 40.503ms
08-04 18:27:49.688 21896 22821 D ApOkHttpUrlLoader: buildLoadData() called with: model = [https://elroy.twit.tv/sites/default/files/styles/twit_album_art_2048x2048/public/images/shows/floss_weekly/album_art/audio/floss_albumart_mask.jpg?itok=IUjxKpwt], width = [224], height = [224]
08-04 18:27:49.695 21896 22821 D ApOkHttpUrlLoader: buildLoadData() called with: model = [http://ichef.bbci.co.uk/images/ic/3000x3000/p07kfvzb.jpg], width = [224], height = [224]
08-04 18:27:49.701 21896 22821 D ApOkHttpUrlLoader: buildLoadData() called with: model = [https://pl.tedcdn.com/rss_feed_images/ted_talks_main_podcast/video.png], width = [224], height = [224]
08-04 18:27:49.702 21896 22631 D DBWriter: updateFeedDownloadURL(original: http://sixgun.org/files/linuxoutlaws.jpg, updated: https://fab.industries/sixgun/files/linuxoutlaws.jpg)
08-04 18:27:49.706 21896 22821 D ApOkHttpUrlLoader: buildLoadData() called with: model = [https://elroy.twit.tv/sites/default/files/styles/twit_album_art_2048x2048/public/images/shows/this_week_in_tech/album_art/audio/twit1400audio.jpg?itok=J0vhatZb], width = [224], height = [224]
08-04 18:27:49.711 21896 22821 D ApOkHttpUrlLoader: buildLoadData() called with: model = [http://ichef.bbci.co.uk/images/ic/3000x3000/p03gtk3j.jpg], width = [224], height = [224]
08-04 18:27:49.838 21896 22631 D MYTAG   : interceptor 2a
08-04 18:27:49.838 21896 22631 I NAPPA_EXPERIMENTATION: MetricNetworkRequestExecutionTime: REQUEST_DURATION_SYSTEM='164',REQUEST_DURATION_OKHTTP='132',REQUEST_SYNCHRONOUS='TRUE',RESPONSE_CODE='404',RESPONSE_METHOD='GET',RESPONSE_LENGTH_OKHTTP='-1',RESPONSE_LENGTH_HEADER='1503',REQUEST_PROTOCOL='h2',REQUEST_URL='https://fab.industries/sixgun/files/linuxoutlaws.jpg',
08-04 18:27:49.840 21896 21896 W Glide   : Load failed for http://sixgun.org/files/linuxoutlaws.jpg with size [224x224]
08-04 18:27:49.840 21896 21896 W Glide   : class com.bumptech.glide.load.engine.GlideException: Failed to load resource
08-04 18:27:49.840 21896 21896 W Glide   : There was 1 cause:
08-04 18:27:49.840 21896 21896 W Glide   : com.bumptech.glide.load.HttpException()
08-04 18:27:49.840 21896 21896 W Glide   :  call GlideException#logRootCauses(String) for more detail
08-04 18:27:49.840 21896 21896 W Glide   :   Cause (1 of 1): class com.bumptech.glide.load.engine.GlideException: Fetching data failed, class java.io.InputStream, REMOTE
08-04 18:27:49.840 21896 21896 W Glide   : There was 1 cause:
08-04 18:27:49.840 21896 21896 W Glide   : com.bumptech.glide.load.HttpException()
08-04 18:27:49.840 21896 21896 W Glide   :  call GlideException#logRootCauses(String) for more detail
08-04 18:27:49.840 21896 21896 W Glide   :     Cause (1 of 1): class com.bumptech.glide.load.HttpException: 
08-04 18:27:49.841 21896 21896 I Glide   : Root cause (1 of 1)
08-04 18:27:49.841 21896 21896 I Glide   : com.bumptech.glide.load.HttpException: 
08-04 18:27:49.841 21896 21896 I Glide   : 	at com.bumptech.glide.integration.okhttp3.OkHttpStreamFetcher.onResponse(OkHttpStreamFetcher.java:73)
08-04 18:27:49.841 21896 21896 I Glide   : 	at okhttp3.RealCall$AsyncCall.execute(RealCall.java:174)
08-04 18:27:49.841 21896 21896 I Glide   : 	at okhttp3.internal.NamedRunnable.run(NamedRunnable.java:32)
08-04 18:27:49.841 21896 21896 I Glide   : 	at java.util.concurrent.ThreadPoolExecutor.runWorker(ThreadPoolExecutor.java:1113)
08-04 18:27:49.841 21896 21896 I Glide   : 	at java.util.concurrent.ThreadPoolExecutor$Worker.run(ThreadPoolExecutor.java:588)
08-04 18:27:49.841 21896 21896 I Glide   : 	at java.lang.Thread.run(Thread.java:818)
08-04 18:27:49.842 21896 21896 W Glide   : Load failed for http://sixgun.org/files/linuxoutlaws.jpg with size [224x224]
08-04 18:27:49.842 21896 21896 W Glide   : class com.bumptech.glide.load.engine.GlideException: Failed to load resource
08-04 18:27:49.842 21896 21896 W Glide   : There was 1 cause:
08-04 18:27:49.842 21896 21896 W Glide   : com.bumptech.glide.load.HttpException()
08-04 18:27:49.842 21896 21896 W Glide   :  call GlideException#logRootCauses(String) for more detail
08-04 18:27:49.842 21896 21896 W Glide   :   Cause (1 of 1): class com.bumptech.glide.load.engine.GlideException: Fetching data failed, class java.io.InputStream, REMOTE
08-04 18:27:49.842 21896 21896 W Glide   : There was 1 cause:
08-04 18:27:49.842 21896 21896 W Glide   : com.bumptech.glide.load.HttpException()
08-04 18:27:49.842 21896 21896 W Glide   :  call GlideException#logRootCauses(String) for more detail
08-04 18:27:49.842 21896 21896 W Glide   :     Cause (1 of 1): class com.bumptech.glide.load.HttpException: 
08-04 18:27:49.842 21896 21896 I Glide   : Root cause (1 of 1)
08-04 18:27:49.842 21896 21896 I Glide   : com.bumptech.glide.load.HttpException: 
08-04 18:27:49.842 21896 21896 I Glide   : 	at com.bumptech.glide.integration.okhttp3.OkHttpStreamFetcher.onResponse(OkHttpStreamFetcher.java:73)
08-04 18:27:49.842 21896 21896 I Glide   : 	at okhttp3.RealCall$AsyncCall.execute(RealCall.java:174)
08-04 18:27:49.842 21896 21896 I Glide   : 	at okhttp3.internal.NamedRunnable.run(NamedRunnable.java:32)
08-04 18:27:49.842 21896 21896 I Glide   : 	at java.util.concurrent.ThreadPoolExecutor.runWorker(ThreadPoolExecutor.java:1113)
08-04 18:27:49.842 21896 21896 I Glide   : 	at java.util.concurrent.ThreadPoolExecutor$Worker.run(ThreadPoolExecutor.java:588)
08-04 18:27:49.842 21896 21896 I Glide   : 	at java.lang.Thread.run(Thread.java:818)
08-04 18:27:49.999   512  2967 D audio_hw_primary: disable_audio_route: reset and update mixer path: low-latency-playback speaker
08-04 18:27:50.000   512  2967 D audio_hw_primary: disable_snd_device: snd_device(2: speaker)
08-04 18:27:50.008 21896 21908 I art     : Starting a blocking GC Explicit
08-04 18:27:50.010   512  2967 I soundtrigger: audio_extn_sound_trigger_update_device_status: device 0x2 of type 0 for Event 0
08-04 18:27:50.058 21896 21908 I art     : Explicit concurrent mark sweep GC freed 3446(223KB) AllocSpace objects, 1(20KB) LOS objects, 23% free, 50MB/66MB, paused 1.672ms total 49.321ms
08-04 18:27:50.072 21896 21908 I art     : Starting a blocking GC Explicit
08-04 18:27:50.116 21896 21908 I art     : Explicit concurrent mark sweep GC freed 134(4KB) AllocSpace objects, 0(0B) LOS objects, 23% free, 50MB/66MB, paused 1.597ms total 43.945ms
08-04 18:27:50.130 21896 21908 I art     : Starting a blocking GC Explicit
08-04 18:27:50.173 21896 21908 I art     : Explicit concurrent mark sweep GC freed 30(832B) AllocSpace objects, 0(0B) LOS objects, 23% free, 50MB/66MB, paused 1.882ms total 42.801ms
08-04 18:27:50.187 21896 21908 I art     : Starting a blocking GC Explicit
08-04 18:27:50.231 21896 21908 I art     : Explicit concurrent mark sweep GC freed 3(96B) AllocSpace objects, 0(0B) LOS objects, 23% free, 50MB/66MB, paused 1.519ms total 44.010ms
08-04 18:27:50.245 21896 21908 I art     : Starting a blocking GC Explicit
08-04 18:27:50.288 21896 21908 I art     : Explicit concurrent mark sweep GC freed 3(96B) AllocSpace objects, 0(0B) LOS objects, 23% free, 50MB/66MB, paused 1.560ms total 43.013ms
08-04 18:27:50.665 21896 25151 I art     : Starting a blocking GC Explicit
08-04 18:27:50.724 21896 25151 I art     : Explicit concurrent mark sweep GC freed 1381(81KB) AllocSpace objects, 1(20KB) LOS objects, 23% free, 50MB/66MB, paused 1.697ms total 59.100ms
08-04 18:27:50.740 21896 25151 I art     : Starting a blocking GC Explicit
08-04 18:27:50.785 21896 25151 I art     : Explicit concurrent mark sweep GC freed 40(1344B) AllocSpace objects, 0(0B) LOS objects, 23% free, 50MB/66MB, paused 1.568ms total 44.134ms
08-04 18:27:50.798 21896 25151 I art     : Starting a blocking GC Explicit
08-04 18:27:50.842 21896 25151 I art     : Explicit concurrent mark sweep GC freed 3(96B) AllocSpace objects, 0(0B) LOS objects, 23% free, 50MB/66MB, paused 1.610ms total 43.907ms
08-04 18:27:50.855 21896 25151 I art     : Starting a blocking GC Explicit
08-04 18:27:50.899 21896 25151 I art     : Explicit concurrent mark sweep GC freed 3(96B) AllocSpace objects, 0(0B) LOS objects, 23% free, 50MB/66MB, paused 1.644ms total 43.582ms
08-04 18:27:50.912 21896 25151 I art     : Starting a blocking GC Explicit
08-04 18:27:50.956 21896 25151 I art     : Explicit concurrent mark sweep GC freed 3(96B) AllocSpace objects, 0(0B) LOS objects, 23% free, 50MB/66MB, paused 1.547ms total 43.339ms
08-04 18:27:51.332 21896 21909 I art     : Starting a blocking GC Explicit
08-04 18:27:51.378 21896 21909 I art     : Explicit concurrent mark sweep GC freed 1432(82KB) AllocSpace objects, 1(20KB) LOS objects, 23% free, 50MB/66MB, paused 1.700ms total 45.775ms
08-04 18:27:51.392 21896 21909 I art     : Starting a blocking GC Explicit
08-04 18:27:51.436 21896 21909 I art     : Explicit concurrent mark sweep GC freed 53(1744B) AllocSpace objects, 0(0B) LOS objects, 23% free, 50MB/66MB, paused 1.723ms total 43.877ms
08-04 18:27:51.449 21896 21909 I art     : Starting a blocking GC Explicit
08-04 18:27:51.494 21896 21909 I art     : Explicit concurrent mark sweep GC freed 16(512B) AllocSpace objects, 0(0B) LOS objects, 23% free, 50MB/66MB, paused 1.627ms total 43.935ms
08-04 18:27:51.507 21896 21909 I art     : Starting a blocking GC Explicit
08-04 18:27:51.551 21896 21909 I art     : Explicit concurrent mark sweep GC freed 5(160B) AllocSpace objects, 0(0B) LOS objects, 23% free, 50MB/66MB, paused 1.490ms total 43.837ms
08-04 18:27:51.565 21896 21909 I art     : Starting a blocking GC Explicit
08-04 18:27:51.610 21896 21909 I art     : Explicit concurrent mark sweep GC freed 3(96B) AllocSpace objects, 0(0B) LOS objects, 23% free, 50MB/66MB, paused 1.607ms total 44.704ms
08-04 18:27:52.017 21896 21920 I art     : Starting a blocking GC Explicit
08-04 18:27:52.078 21896 21920 I art     : Explicit concurrent mark sweep GC freed 1381(81KB) AllocSpace objects, 1(20KB) LOS objects, 23% free, 50MB/66MB, paused 1.783ms total 60.528ms
08-04 18:27:52.093 21896 21920 I art     : Starting a blocking GC Explicit
08-04 18:27:52.141 21896 21920 I art     : Explicit concurrent mark sweep GC freed 23(752B) AllocSpace objects, 0(0B) LOS objects, 23% free, 50MB/66MB, paused 1.648ms total 47.315ms
08-04 18:27:52.155 21896 21920 I art     : Starting a blocking GC Explicit
08-04 18:27:52.203 21896 21920 I art     : Explicit concurrent mark sweep GC freed 30(832B) AllocSpace objects, 0(0B) LOS objects, 23% free, 50MB/66MB, paused 1.566ms total 47.698ms
08-04 18:27:52.216 21896 21920 I art     : Starting a blocking GC Explicit
08-04 18:27:52.263 21896 21920 I art     : Explicit concurrent mark sweep GC freed 3(96B) AllocSpace objects, 0(0B) LOS objects, 23% free, 50MB/66MB, paused 1.632ms total 46.265ms
08-04 18:27:52.276 21896 21920 I art     : Starting a blocking GC Explicit
08-04 18:27:52.325 21896 21920 I art     : Explicit concurrent mark sweep GC freed 3(96B) AllocSpace objects, 0(0B) LOS objects, 23% free, 50MB/66MB, paused 1.622ms total 48.004ms
08-04 18:27:52.713 21896 22216 I art     : Starting a blocking GC Explicit
08-04 18:27:52.772 21896 22216 I art     : Explicit concurrent mark sweep GC freed 1381(81KB) AllocSpace objects, 1(20KB) LOS objects, 23% free, 50MB/66MB, paused 1.708ms total 58.268ms
08-04 18:27:52.788 21896 22216 I art     : Starting a blocking GC Explicit
08-04 18:27:52.838 21896 22216 I art     : Explicit concurrent mark sweep GC freed 23(752B) AllocSpace objects, 0(0B) LOS objects, 23% free, 50MB/66MB, paused 1.809ms total 49.485ms
08-04 18:27:52.856 21896 22216 I art     : Starting a blocking GC Explicit
08-04 18:27:52.903 21896 22216 I art     : Explicit concurrent mark sweep GC freed 3(96B) AllocSpace objects, 0(0B) LOS objects, 23% free, 50MB/66MB, paused 1.622ms total 46.067ms
08-04 18:27:52.916 21896 22216 I art     : Starting a blocking GC Explicit
08-04 18:27:52.963 21896 22216 I art     : Explicit concurrent mark sweep GC freed 3(96B) AllocSpace objects, 0(0B) LOS objects, 23% free, 50MB/66MB, paused 1.520ms total 46.830ms
08-04 18:27:52.977 21896 22216 I art     : Starting a blocking GC Explicit
08-04 18:27:53.024 21896 22216 I art     : Explicit concurrent mark sweep GC freed 3(96B) AllocSpace objects, 0(0B) LOS objects, 23% free, 50MB/66MB, paused 1.590ms total 46.233ms
08-04 18:27:53.428 21896 21908 I art     : Starting a blocking GC Explicit
08-04 18:27:53.478 21896 21908 I art     : Explicit concurrent mark sweep GC freed 1409(82KB) AllocSpace objects, 1(20KB) LOS objects, 23% free, 50MB/66MB, paused 1.745ms total 49.665ms
08-04 18:27:53.492 21896 21908 I art     : Starting a blocking GC Explicit
08-04 18:27:53.538 21896 21908 I art     : Explicit concurrent mark sweep GC freed 23(752B) AllocSpace objects, 0(0B) LOS objects, 23% free, 50MB/66MB, paused 1.685ms total 45.963ms
08-04 18:27:53.552 21896 21908 I art     : Starting a blocking GC Explicit
08-04 18:27:53.599 21896 21908 I art     : Explicit concurrent mark sweep GC freed 3(96B) AllocSpace objects, 0(0B) LOS objects, 23% free, 50MB/66MB, paused 1.692ms total 47.546ms
08-04 18:27:53.613 21896 21908 I art     : Starting a blocking GC Explicit
08-04 18:27:53.661 21896 21908 I art     : Explicit concurrent mark sweep GC freed 3(96B) AllocSpace objects, 0(0B) LOS objects, 23% free, 50MB/66MB, paused 1.631ms total 48.052ms
08-04 18:27:53.675 21896 21908 I art     : Starting a blocking GC Explicit
08-04 18:27:53.722 21896 21908 I art     : Explicit concurrent mark sweep GC freed 3(96B) AllocSpace objects, 0(0B) LOS objects, 23% free, 50MB/66MB, paused 1.600ms total 46.781ms
08-04 18:27:54.128 21896 25151 I art     : Starting a blocking GC Explicit
08-04 18:27:54.182 21896 25151 I art     : Explicit concurrent mark sweep GC freed 1408(81KB) AllocSpace objects, 1(20KB) LOS objects, 23% free, 50MB/66MB, paused 1.909ms total 54.446ms
08-04 18:27:54.195 21896 25151 I art     : Starting a blocking GC Explicit
08-04 18:27:54.239 21896 25151 I art     : Explicit concurrent mark sweep GC freed 23(752B) AllocSpace objects, 0(0B) LOS objects, 23% free, 50MB/66MB, paused 1.680ms total 43.717ms
08-04 18:27:54.253 21896 25151 I art     : Starting a blocking GC Explicit
08-04 18:27:54.299 21896 25151 I art     : Explicit concurrent mark sweep GC freed 3(96B) AllocSpace objects, 0(0B) LOS objects, 23% free, 50MB/66MB, paused 1.690ms total 45.938ms
08-04 18:27:54.313 21896 25151 I art     : Starting a blocking GC Explicit
08-04 18:27:54.361 21896 25151 I art     : Explicit concurrent mark sweep GC freed 3(96B) AllocSpace objects, 0(0B) LOS objects, 23% free, 50MB/66MB, paused 1.637ms total 48.472ms
08-04 18:27:54.375 21896 25151 I art     : Starting a blocking GC Explicit
08-04 18:27:54.423 21896 25151 I art     : Explicit concurrent mark sweep GC freed 3(96B) AllocSpace objects, 0(0B) LOS objects, 23% free, 50MB/66MB, paused 1.620ms total 47.673ms
08-04 18:27:54.850 21896 21909 I art     : Starting a blocking GC Explicit
08-04 18:27:54.907 21896 21909 I art     : Explicit concurrent mark sweep GC freed 1384(81KB) AllocSpace objects, 1(20KB) LOS objects, 23% free, 50MB/66MB, paused 1.537ms total 56.623ms
08-04 18:27:54.922 21896 21909 I art     : Starting a blocking GC Explicit
08-04 18:27:54.969 21896 21909 I art     : Explicit concurrent mark sweep GC freed 23(752B) AllocSpace objects, 0(0B) LOS objects, 23% free, 50MB/66MB, paused 1.629ms total 46.561ms
08-04 18:27:54.982 21896 21909 I art     : Starting a blocking GC Explicit
08-04 18:27:55.031 21896 21909 I art     : Explicit concurrent mark sweep GC freed 3(96B) AllocSpace objects, 0(0B) LOS objects, 23% free, 50MB/66MB, paused 1.642ms total 48.071ms
08-04 18:27:55.044 21896 21909 I art     : Starting a blocking GC Explicit
08-04 18:27:55.091 21896 21909 I art     : Explicit concurrent mark sweep GC freed 3(96B) AllocSpace objects, 0(0B) LOS objects, 23% free, 50MB/66MB, paused 1.639ms total 46.505ms
08-04 18:27:55.105 21896 21909 I art     : Starting a blocking GC Explicit
08-04 18:27:55.153 21896 21909 I art     : Explicit concurrent mark sweep GC freed 3(96B) AllocSpace objects, 0(0B) LOS objects, 23% free, 50MB/66MB, paused 1.631ms total 48.251ms
08-04 18:27:55.547 21896 21920 I art     : Starting a blocking GC Explicit
08-04 18:27:55.609 21896 21920 I art     : Explicit concurrent mark sweep GC freed 1408(81KB) AllocSpace objects, 1(20KB) LOS objects, 23% free, 50MB/66MB, paused 1.879ms total 61.763ms
08-04 18:27:55.625 21896 21920 I art     : Starting a blocking GC Explicit
08-04 18:27:55.672 21896 21920 I art     : Explicit concurrent mark sweep GC freed 23(752B) AllocSpace objects, 0(0B) LOS objects, 23% free, 50MB/66MB, paused 1.609ms total 46.709ms
08-04 18:27:55.687 21896 21920 I art     : Starting a blocking GC Explicit
08-04 18:27:55.725 21896 21920 I art     : Explicit concurrent mark sweep GC freed 3(96B) AllocSpace objects, 0(0B) LOS objects, 23% free, 50MB/66MB, paused 1.384ms total 38.009ms
08-04 18:27:55.738 21896 21920 I art     : Starting a blocking GC Explicit
08-04 18:27:55.779 21896 21920 I art     : Explicit concurrent mark sweep GC freed 3(96B) AllocSpace objects, 0(0B) LOS objects, 23% free, 50MB/66MB, paused 1.581ms total 41.274ms
08-04 18:27:55.792 21896 21920 I art     : Starting a blocking GC Explicit
08-04 18:27:55.836 21896 21920 I art     : Explicit concurrent mark sweep GC freed 3(96B) AllocSpace objects, 0(0B) LOS objects, 23% free, 50MB/66MB, paused 1.640ms total 43.068ms
08-04 18:27:56.215 21896 22216 I art     : Starting a blocking GC Explicit
08-04 18:27:56.229 25464 25464 D AndroidRuntime: >>>>>> START com.android.internal.os.RuntimeInit uid 2000 <<<<<<
08-04 18:27:56.236 25464 25464 D AndroidRuntime: CheckJNI is OFF
08-04 18:27:56.264 21896 22216 I art     : Explicit concurrent mark sweep GC freed 1408(81KB) AllocSpace objects, 1(20KB) LOS objects, 23% free, 50MB/66MB, paused 1.609ms total 48.708ms
08-04 18:27:56.277 21896 22216 I art     : Starting a blocking GC Explicit
08-04 18:27:56.286 25464 25464 D ICU     : No timezone override file found: /data/misc/zoneinfo/current/icu/icu_tzdata.dat
08-04 18:27:56.321 21896 22216 I art     : Explicit concurrent mark sweep GC freed 23(752B) AllocSpace objects, 0(0B) LOS objects, 23% free, 50MB/66MB, paused 1.658ms total 43.660ms
08-04 18:27:56.329 25464 25464 I Radio-JNI: register_android_hardware_Radio DONE
08-04 18:27:56.334 21896 22216 I art     : Starting a blocking GC Explicit
08-04 18:27:56.361 25464 25464 D AndroidRuntime: Calling main entry com.android.commands.input.Input
08-04 18:27:56.363 25464 25464 I Input   : injectMotionEvent: MotionEvent { action=ACTION_DOWN, actionButton=0, id[0]=0, x[0]=526.0, y[0]=597.0, toolType[0]=TOOL_TYPE_UNKNOWN, buttonState=0, metaState=0, flags=0x0, edgeFlags=0x0, pointerCount=1, historySize=0, eventTime=728892775, downTime=728892775, deviceId=0, source=0x1002 }
08-04 18:27:56.370 25464 25464 I Input   : injectMotionEvent: MotionEvent { action=ACTION_UP, actionButton=0, id[0]=0, x[0]=526.0, y[0]=597.0, toolType[0]=TOOL_TYPE_UNKNOWN, buttonState=0, metaState=0, flags=0x0, edgeFlags=0x0, pointerCount=1, historySize=0, eventTime=728892775, downTime=728892775, deviceId=0, source=0x1002 }
08-04 18:27:56.373 25464 25464 D AndroidRuntime: Shutting down VM
08-04 18:27:56.379 21896 22216 I art     : Explicit concurrent mark sweep GC freed 18(544B) AllocSpace objects, 0(0B) LOS objects, 23% free, 50MB/66MB, paused 1.604ms total 44.247ms
08-04 18:27:56.392 21896 22216 I art     : Starting a blocking GC Explicit
08-04 18:27:56.430 21896 22216 I art     : Explicit concurrent mark sweep GC freed 10(368B) AllocSpace objects, 0(0B) LOS objects, 23% free, 50MB/66MB, paused 1.372ms total 37.659ms
08-04 18:27:56.438 21896 21896 D PodcastListFragment: Selected podcast: GpodnetPodcast [url=http://feeds.feedburner.com/linuxoutlaws, title=Linux Outlaws, description=Two pragmatic geeks talk about the latest news concerning Linux, free and open
08-04 18:27:56.438 21896 21896 D PodcastListFragment: technology or anything else they deem noteworthy which may include such absurd
08-04 18:27:56.438 21896 21896 D PodcastListFragment: things as hockey or bands you never heard of. This means there's many a joke
08-04 18:27:56.438 21896 21896 D PodcastListFragment: and derailed conversation along the way, so don't come here expecting only
08-04 18:27:56.438 21896 21896 D PodcastListFragment: Linux or software freedom talk  just sit back and relax, partner., subscribers=3321, logoUrl=http://sixgun.org/files/linuxoutlaws.jpg, website=http://sixgun.org, mygpoLink=http://gpodder.net/podcast/linux-outlaws-mp3]
08-04 18:27:56.439   918  6111 I ActivityManager: START u0 {cmp=baseline.de.danoeh.antennapod.debug/baseline.de.danoeh.antennapod.activity.OnlineFeedViewActivity (has extras)} from uid 10670 on display 0
08-04 18:27:56.440   512  2967 D audio_hw_primary: out_set_parameters: enter: usecase(1: low-latency-playback) kvpairs: routing=2
08-04 18:27:56.443 21896 22216 I art     : Starting a blocking GC Explicit
08-04 18:27:56.453   512  2967 D audio_hw_primary: select_devices: out_snd_device(2: speaker) in_snd_device(0: none)
08-04 18:27:56.453   512  2967 D msm8974_platform: platform_send_audio_calibration: sending audio calibration for snd_device(2) acdb_id(15)
08-04 18:27:56.453   512  2967 I soundtrigger: audio_extn_sound_trigger_update_device_status: device 0x2 of type 0 for Event 1
08-04 18:27:56.465   512  2967 D audio_hw_primary: enable_snd_device: snd_device(2: speaker)
08-04 18:27:56.467   512  2967 D audio_hw_primary: enable_audio_route: apply and update mixer path: low-latency-playback speaker
08-04 18:27:56.470 21896 21896 D UserPreferences: Using default data folder
08-04 18:27:56.474 21896 21896 D OnlineFeedViewActivity: Activity was started with url http://feeds.feedburner.com/linuxoutlaws
08-04 18:27:56.477 21896 21896 D OnlineFeedViewActivity: Starting feed download
08-04 18:27:56.480 21896 22441 D DBReader: Extracting Feedlist
08-04 18:27:56.482   918  6029 D WifiService: acquireWifiLockLocked: WifiLock{Downloader type=1 binder=android.os.BinderProxy@2219ae5}
08-04 18:27:56.483 21896 22441 D AntennapodHttpClient: Creating new instance of HTTP client
08-04 18:27:56.488 21896 22216 I art     : Explicit concurrent mark sweep GC freed 1075(71KB) AllocSpace objects, 0(0B) LOS objects, 23% free, 51MB/67MB, paused 2.327ms total 44.985ms
08-04 18:27:56.531 13866 13866 I GoogleInputMethodServic: GoogleInputMethodService.onFinishInput():3138 
08-04 18:27:56.531 13866 13866 I GoogleInputMethodServic: GoogleInputMethodService.onStartInput():1808 
08-04 18:27:56.554   918   936 I ActivityManager: Displayed baseline.de.danoeh.antennapod.debug/baseline.de.danoeh.antennapod.activity.OnlineFeedViewActivity: +105ms
08-04 18:27:56.567 21896 22441 D MYTAG   : interceptor 3a http://feeds.feedburner.com/linuxoutlaws
08-04 18:27:56.567 21896 22441 I NAPPA_EXPERIMENTATION: MetricNetworkRequestExecutionTime: REQUEST_DURATION_SYSTEM='83',REQUEST_DURATION_OKHTTP='29',REQUEST_SYNCHRONOUS='TRUE',RESPONSE_CODE='200',RESPONSE_METHOD='GET',RESPONSE_LENGTH_OKHTTP='-1',RESPONSE_LENGTH_HEADER='-2',REQUEST_PROTOCOL='http/1.1',REQUEST_URL='http://feeds.feedburner.com/linuxoutlaws',
08-04 18:27:56.567 21896 22441 D HttpDownloader: Response code is 200
08-04 18:27:56.567 21896 22441 D UserPreferences: Using default data folder
08-04 18:27:56.569 21896 22441 D HttpDownloader: Getting size of download
08-04 18:27:56.569 21896 22441 D HttpDownloader: Size is -1
08-04 18:27:56.569 21896 22441 D UserPreferences: Using default data folder
08-04 18:27:56.569 21896 22441 D HttpDownloader: Free space is 20244074496
08-04 18:27:56.569 21896 22441 D HttpDownloader: Starting download
08-04 18:27:56.574 21896 21917 D OpenGLRenderer: endAllStagingAnimators on 0x7f71b2d800 (GridView) with handle 0x7f736d1260
08-04 18:27:56.589 21896 22441 D HttpDownloader: Download was successful
08-04 18:27:56.590   918  5481 D WifiService: releaseWifiLockLocked: WifiLock{Downloader type=1 binder=android.os.BinderProxy@2219ae5}
08-04 18:27:56.590 21896 21896 D OnlineFeedViewActivity: Parsing feed
08-04 18:27:56.597 21896 25489 D TypeGetter: Recognized type RSS 2.0
08-04 18:27:56.599 21896 25489 D SyndHandler: Recognized Content namespace
08-04 18:27:56.600 21896 25489 D SyndHandler: Recognized DublinCore namespace
08-04 18:27:56.600 21896 25489 D SyndHandler: Recognized Atom namespace
08-04 18:27:56.600 21896 25489 D SyndHandler: Recognized ITunes namespace
08-04 18:27:56.600 21896 25489 D SyndHandler: Recognized media namespace
08-04 18:27:56.639 21896 25489 D OnlineFeedViewActivity: Deleted feed source file. Result: true
08-04 18:27:56.639 21896 21896 D OnlineFeedViewActivity: Removing HTML from shownotes
08-04 18:27:56.658 21896 22821 D ApOkHttpUrlLoader: buildLoadData() called with: model = [http://sixgun.org/files/linuxoutlaws.jpg], width = [350], height = [350]
08-04 18:27:56.660 21896 22631 D DBReader: getImageAuthentication() called with: imageUrl = [http://sixgun.org/files/linuxoutlaws.jpg]
08-04 18:27:56.664 21896 22631 D ApOkHttpUrlLoader: no credentials for 'http://sixgun.org/files/linuxoutlaws.jpg'
08-04 18:27:56.697 21896 22631 D DBWriter: updateFeedDownloadURL(original: http://sixgun.org/files/linuxoutlaws.jpg, updated: https://fab.industries/sixgun/files/linuxoutlaws.jpg)
08-04 18:27:56.790   380   380 W SurfaceFlinger: couldn't log to binary event log: overflow.
08-04 18:27:56.820 21896 22216 I art     : Starting a blocking GC Explicit
08-04 18:27:56.835 21896 22631 D MYTAG   : interceptor 2a
08-04 18:27:56.835 21896 22631 I NAPPA_EXPERIMENTATION: MetricNetworkRequestExecutionTime: REQUEST_DURATION_SYSTEM='171',REQUEST_DURATION_OKHTTP='135',REQUEST_SYNCHRONOUS='TRUE',RESPONSE_CODE='404',RESPONSE_METHOD='GET',RESPONSE_LENGTH_OKHTTP='-1',RESPONSE_LENGTH_HEADER='1503',REQUEST_PROTOCOL='h2',REQUEST_URL='https://fab.industries/sixgun/files/linuxoutlaws.jpg',
08-04 18:27:56.837 21896 21896 W Glide   : Load failed for http://sixgun.org/files/linuxoutlaws.jpg with size [350x350]
08-04 18:27:56.837 21896 21896 W Glide   : class com.bumptech.glide.load.engine.GlideException: Failed to load resource
08-04 18:27:56.837 21896 21896 W Glide   : There was 1 cause:
08-04 18:27:56.837 21896 21896 W Glide   : com.bumptech.glide.load.HttpException()
08-04 18:27:56.837 21896 21896 W Glide   :  call GlideException#logRootCauses(String) for more detail
08-04 18:27:56.837 21896 21896 W Glide   :   Cause (1 of 1): class com.bumptech.glide.load.engine.GlideException: Fetching data failed, class java.io.InputStream, REMOTE
08-04 18:27:56.837 21896 21896 W Glide   : There was 1 cause:
08-04 18:27:56.837 21896 21896 W Glide   : com.bumptech.glide.load.HttpException()
08-04 18:27:56.837 21896 21896 W Glide   :  call GlideException#logRootCauses(String) for more detail
08-04 18:27:56.837 21896 21896 W Glide   :     Cause (1 of 1): class com.bumptech.glide.load.HttpException: 
08-04 18:27:56.837 21896 21896 I Glide   : Root cause (1 of 1)
08-04 18:27:56.837 21896 21896 I Glide   : com.bumptech.glide.load.HttpException: 
08-04 18:27:56.837 21896 21896 I Glide   : 	at com.bumptech.glide.integration.okhttp3.OkHttpStreamFetcher.onResponse(OkHttpStreamFetcher.java:73)
08-04 18:27:56.837 21896 21896 I Glide   : 	at okhttp3.RealCall$AsyncCall.execute(RealCall.java:174)
08-04 18:27:56.837 21896 21896 I Glide   : 	at okhttp3.internal.NamedRunnable.run(NamedRunnable.java:32)
08-04 18:27:56.837 21896 21896 I Glide   : 	at java.util.concurrent.ThreadPoolExecutor.runWorker(ThreadPoolExecutor.java:1113)
08-04 18:27:56.837 21896 21896 I Glide   : 	at java.util.concurrent.ThreadPoolExecutor$Worker.run(ThreadPoolExecutor.java:588)
08-04 18:27:56.837 21896 21896 I Glide   : 	at java.lang.Thread.run(Thread.java:818)
08-04 18:27:56.865 21896 22216 I art     : Explicit concurrent mark sweep GC freed 7940(930KB) AllocSpace objects, 15(828KB) LOS objects, 23% free, 51MB/67MB, paused 1.481ms total 44.223ms
08-04 18:27:56.878 21896 22216 I art     : Starting a blocking GC Explicit
08-04 18:27:56.919 21896 22216 I art     : Explicit concurrent mark sweep GC freed 1451(65KB) AllocSpace objects, 0(0B) LOS objects, 23% free, 51MB/67MB, paused 1.668ms total 40.745ms
08-04 18:27:56.929 21896 21896 D PlaybackController: Releasing PlaybackController
08-04 18:27:56.934 21896 22216 I art     : Starting a blocking GC Explicit
08-04 18:27:56.949 20095 20095 I ServiceManager: Waiting for service AtCmdFwd...
08-04 18:27:56.980 21896 22216 I art     : Explicit concurrent mark sweep GC freed 303(15KB) AllocSpace objects, 1(112KB) LOS objects, 23% free, 51MB/67MB, paused 1.688ms total 45.381ms
08-04 18:27:56.993 21896 22216 I art     : Starting a blocking GC Explicit
08-04 18:27:57.008   512  2967 D audio_hw_primary: disable_audio_route: reset and update mixer path: low-latency-playback speaker
08-04 18:27:57.009   512  2967 D audio_hw_primary: disable_snd_device: snd_device(2: speaker)
08-04 18:27:57.018   512  2967 I soundtrigger: audio_extn_sound_trigger_update_device_status: device 0x2 of type 0 for Event 0
08-04 18:27:57.036 21896 22216 I art     : Explicit concurrent mark sweep GC freed 19(640B) AllocSpace objects, 0(0B) LOS objects, 23% free, 51MB/67MB, paused 1.560ms total 42.975ms
08-04 18:27:57.049 21896 22216 I art     : Starting a blocking GC Explicit
08-04 18:27:57.094 21896 22216 I art     : Explicit concurrent mark sweep GC freed 3(96B) AllocSpace objects, 0(0B) LOS objects, 23% free, 51MB/67MB, paused 1.596ms total 44.792ms
08-04 18:27:57.462 21896 21909 I art     : Starting a blocking GC Explicit
08-04 18:27:57.518 21896 21909 I art     : Explicit concurrent mark sweep GC freed 1408(81KB) AllocSpace objects, 1(20KB) LOS objects, 23% free, 51MB/67MB, paused 1.932ms total 55.688ms
08-04 18:27:57.536 21896 21909 I art     : Starting a blocking GC Explicit
08-04 18:27:57.582 21896 21909 I art     : Explicit concurrent mark sweep GC freed 23(768B) AllocSpace objects, 0(0B) LOS objects, 23% free, 51MB/67MB, paused 1.781ms total 45.928ms
08-04 18:27:57.595 21896 21909 I art     : Starting a blocking GC Explicit
08-04 18:27:57.641 21896 21909 I art     : Explicit concurrent mark sweep GC freed 3(96B) AllocSpace objects, 0(0B) LOS objects, 23% free, 51MB/67MB, paused 1.621ms total 45.506ms
08-04 18:27:57.655 21896 21909 I art     : Starting a blocking GC Explicit
08-04 18:27:57.701 21896 21909 I art     : Explicit concurrent mark sweep GC freed 3(96B) AllocSpace objects, 0(0B) LOS objects, 23% free, 51MB/67MB, paused 1.577ms total 45.893ms
08-04 18:27:57.714 21896 21909 I art     : Starting a blocking GC Explicit
08-04 18:27:57.760 21896 21909 I art     : Explicit concurrent mark sweep GC freed 3(96B) AllocSpace objects, 0(0B) LOS objects, 23% free, 51MB/67MB, paused 1.595ms total 45.844ms
08-04 18:27:57.950 20095 20095 I ServiceManager: Waiting for service AtCmdFwd...
08-04 18:27:58.137 21896 21908 I art     : Starting a blocking GC Explicit
08-04 18:27:58.194 21896 21908 I art     : Explicit concurrent mark sweep GC freed 1408(81KB) AllocSpace objects, 1(20KB) LOS objects, 23% free, 51MB/67MB, paused 1.571ms total 56.141ms
08-04 18:27:58.207 21896 21908 I art     : Starting a blocking GC Explicit
08-04 18:27:58.210   918  3188 I hubconnection: sensorhub said: 'set_bias 3: -6.9984, 0.0000, 0.0000'
08-04 18:27:58.255 21896 21908 I art     : Explicit concurrent mark sweep GC freed 23(752B) AllocSpace objects, 0(0B) LOS objects, 23% free, 51MB/67MB, paused 1.614ms total 47.698ms
08-04 18:27:58.269 21896 21908 I art     : Starting a blocking GC Explicit
08-04 18:27:58.317 21896 21908 I art     : Explicit concurrent mark sweep GC freed 10(320B) AllocSpace objects, 0(0B) LOS objects, 23% free, 51MB/67MB, paused 1.591ms total 48.441ms
08-04 18:27:58.332 21896 21908 I art     : Starting a blocking GC Explicit
08-04 18:27:58.377 21896 21908 I art     : Explicit concurrent mark sweep GC freed 11(352B) AllocSpace objects, 0(0B) LOS objects, 23% free, 51MB/67MB, paused 1.563ms total 45.249ms
08-04 18:27:58.391 21896 21908 I art     : Starting a blocking GC Explicit
08-04 18:27:58.437 21896 21908 I art     : Explicit concurrent mark sweep GC freed 10(320B) AllocSpace objects, 0(0B) LOS objects, 23% free, 51MB/67MB, paused 1.523ms total 45.244ms
08-04 18:27:58.837 21896 21920 I art     : Starting a blocking GC Explicit
08-04 18:27:58.897 21896 21920 I art     : Explicit concurrent mark sweep GC freed 1389(81KB) AllocSpace objects, 1(20KB) LOS objects, 23% free, 51MB/67MB, paused 1.692ms total 59.366ms
08-04 18:27:58.912 21896 21920 I art     : Starting a blocking GC Explicit
08-04 18:27:58.950 20095 20095 I ServiceManager: Waiting for service AtCmdFwd...
08-04 18:27:58.960 21896 21920 I art     : Explicit concurrent mark sweep GC freed 23(752B) AllocSpace objects, 0(0B) LOS objects, 23% free, 51MB/67MB, paused 1.694ms total 48.218ms
08-04 18:27:58.974 21896 21920 I art     : Starting a blocking GC Explicit
08-04 18:27:59.025 21896 21920 I art     : Explicit concurrent mark sweep GC freed 3(96B) AllocSpace objects, 0(0B) LOS objects, 23% free, 51MB/67MB, paused 1.664ms total 50.338ms
08-04 18:27:59.038 21896 21920 I art     : Starting a blocking GC Explicit
08-04 18:27:59.088 21896 21920 I art     : Explicit concurrent mark sweep GC freed 3(96B) AllocSpace objects, 0(0B) LOS objects, 23% free, 51MB/67MB, paused 1.885ms total 49.479ms
08-04 18:27:59.102 21896 21920 I art     : Starting a blocking GC Explicit
08-04 18:27:59.153 21896 21920 I art     : Explicit concurrent mark sweep GC freed 3(96B) AllocSpace objects, 0(0B) LOS objects, 23% free, 51MB/67MB, paused 1.674ms total 50.629ms
08-04 18:27:59.567 21896 21908 I art     : Starting a blocking GC Explicit
08-04 18:27:59.632 21896 21908 I art     : Explicit concurrent mark sweep GC freed 1408(81KB) AllocSpace objects, 1(20KB) LOS objects, 23% free, 51MB/67MB, paused 1.820ms total 64.030ms
08-04 18:27:59.648 21896 21908 I art     : Starting a blocking GC Explicit
08-04 18:27:59.696 21896 21908 I art     : Explicit concurrent mark sweep GC freed 23(752B) AllocSpace objects, 0(0B) LOS objects, 23% free, 51MB/67MB, paused 1.693ms total 47.559ms
08-04 18:27:59.710 21896 21908 I art     : Starting a blocking GC Explicit
08-04 18:27:59.760 21896 21908 I art     : Explicit concurrent mark sweep GC freed 3(96B) AllocSpace objects, 0(0B) LOS objects, 23% free, 51MB/67MB, paused 1.677ms total 50.270ms
08-04 18:27:59.774 21896 21908 I art     : Starting a blocking GC Explicit
08-04 18:27:59.821 21896 21908 I art     : Explicit concurrent mark sweep GC freed 3(96B) AllocSpace objects, 0(0B) LOS objects, 23% free, 51MB/67MB, paused 1.606ms total 46.913ms
08-04 18:27:59.835 21896 21908 I art     : Starting a blocking GC Explicit
08-04 18:27:59.886 21896 21908 I art     : Explicit concurrent mark sweep GC freed 3(96B) AllocSpace objects, 0(0B) LOS objects, 23% free, 51MB/67MB, paused 1.763ms total 50.865ms
08-04 18:27:59.951 20095 20095 I ServiceManager: Waiting for service AtCmdFwd...
08-04 18:28:00.257 21896 22216 I art     : Starting a blocking GC Explicit
08-04 18:28:00.317 21896 22216 I art     : Explicit concurrent mark sweep GC freed 1409(83KB) AllocSpace objects, 1(20KB) LOS objects, 23% free, 51MB/67MB, paused 1.651ms total 60.055ms
08-04 18:28:00.333 21896 22216 I art     : Starting a blocking GC Explicit
08-04 18:28:00.383 21896 22216 I art     : Explicit concurrent mark sweep GC freed 23(752B) AllocSpace objects, 0(0B) LOS objects, 23% free, 51MB/67MB, paused 1.660ms total 49.707ms
08-04 18:28:00.397 21896 22216 I art     : Starting a blocking GC Explicit
08-04 18:28:00.445 21896 22216 I art     : Explicit concurrent mark sweep GC freed 3(96B) AllocSpace objects, 0(0B) LOS objects, 23% free, 51MB/67MB, paused 1.548ms total 47.579ms
08-04 18:28:00.459 21896 22216 I art     : Starting a blocking GC Explicit
08-04 18:28:00.509 21896 22216 I art     : Explicit concurrent mark sweep GC freed 3(96B) AllocSpace objects, 0(0B) LOS objects, 23% free, 51MB/67MB, paused 1.759ms total 49.952ms
08-04 18:28:00.523 21896 22216 I art     : Starting a blocking GC Explicit
08-04 18:28:00.572 21896 22216 I art     : Explicit concurrent mark sweep GC freed 3(96B) AllocSpace objects, 0(0B) LOS objects, 23% free, 51MB/67MB, paused 1.634ms total 48.671ms
08-04 18:28:00.927 21896 25151 I art     : Starting a blocking GC Explicit
08-04 18:28:00.951 20095 20095 I ServiceManager: Waiting for service AtCmdFwd...
08-04 18:28:00.977 21896 25151 I art     : Explicit concurrent mark sweep GC freed 1382(82KB) AllocSpace objects, 1(20KB) LOS objects, 23% free, 51MB/67MB, paused 1.666ms total 49.154ms
08-04 18:28:00.990 21896 25151 I art     : Starting a blocking GC Explicit
08-04 18:28:01.037 21896 25151 I art     : Explicit concurrent mark sweep GC freed 23(752B) AllocSpace objects, 0(0B) LOS objects, 23% free, 51MB/67MB, paused 1.634ms total 46.499ms
08-04 18:28:01.050 21896 25151 I art     : Starting a blocking GC Explicit
08-04 18:28:01.097 21896 25151 I art     : Explicit concurrent mark sweep GC freed 3(96B) AllocSpace objects, 0(0B) LOS objects, 23% free, 51MB/67MB, paused 1.637ms total 46.813ms
08-04 18:28:01.111 21896 25151 I art     : Starting a blocking GC Explicit
08-04 18:28:01.157 21896 25151 I art     : Explicit concurrent mark sweep GC freed 3(96B) AllocSpace objects, 0(0B) LOS objects, 23% free, 51MB/67MB, paused 1.611ms total 45.917ms
08-04 18:28:01.170 21896 25151 I art     : Starting a blocking GC Explicit
08-04 18:28:01.194 25550 25550 D AndroidRuntime: >>>>>> START com.android.internal.os.RuntimeInit uid 2000 <<<<<<
08-04 18:28:01.200 25550 25550 D AndroidRuntime: CheckJNI is OFF
08-04 18:28:01.217 21896 25151 I art     : Explicit concurrent mark sweep GC freed 30(832B) AllocSpace objects, 0(0B) LOS objects, 23% free, 51MB/67MB, paused 1.632ms total 46.024ms
08-04 18:28:01.249 25550 25550 D ICU     : No timezone override file found: /data/misc/zoneinfo/current/icu/icu_tzdata.dat
08-04 18:28:01.293 25550 25550 I Radio-JNI: register_android_hardware_Radio DONE
08-04 18:28:01.323 25550 25550 D AndroidRuntime: Calling main entry com.android.commands.input.Input
08-04 18:28:01.325 25550 25550 I Input   : injectKeyEvent: KeyEvent { action=ACTION_DOWN, keyCode=KEYCODE_BACK, scanCode=0, metaState=0, flags=0x0, repeatCount=0, eventTime=728897738, downTime=728897738, deviceId=-1, source=0x101 }
08-04 18:28:01.332 25550 25550 I Input   : injectKeyEvent: KeyEvent { action=ACTION_UP, keyCode=KEYCODE_BACK, scanCode=0, metaState=0, flags=0x0, repeatCount=0, eventTime=728897738, downTime=728897738, deviceId=-1, source=0x101 }
08-04 18:28:01.338 25550 25550 D AndroidRuntime: Shutting down VM
08-04 18:28:01.343 21896 21896 V PlaybackController: initServiceNotRunning()
08-04 18:28:01.343 21896 21896 D ExternalPlayerFragment: Loading media info
08-04 18:28:01.347 21896 22821 D ApOkHttpUrlLoader: buildLoadData() called with: model = [http://sixgun.org/files/linuxoutlaws.jpg], width = [224], height = [224]
08-04 18:28:01.349 21896 21896 D UserPreferences: Using default data folder
08-04 18:28:01.350 21896 21916 D DBReader: getNavDrawerData() called with: 
08-04 18:28:01.350 21896 22631 D DBReader: getImageAuthentication() called with: imageUrl = [http://sixgun.org/files/linuxoutlaws.jpg]
08-04 18:28:01.354 21896 22631 D ApOkHttpUrlLoader: no credentials for 'http://sixgun.org/files/linuxoutlaws.jpg'
08-04 18:28:01.366 21896 21916 D DBReader: getDownloadedItems() called
08-04 18:28:01.368 21896 21916 D DBReader: getFavoriteIDList() called
08-04 18:28:01.368 21896 21916 D DBReader: getQueueIDList() called
08-04 18:28:01.370 21896 21916 D DBReader: Extracting Feedlist
08-04 18:28:01.410 21896 21896 D MainActivity: getLastNavFragment() -> AddFeedFragment
08-04 18:28:01.412 13866 13866 I GoogleInputMethodServic: GoogleInputMethodService.onFinishInput():3138 
08-04 18:28:01.413 13866 13866 I GoogleInputMethodServic: GoogleInputMethodService.onStartInput():1808 
08-04 18:28:01.473 21896 22631 D DBWriter: updateFeedDownloadURL(original: http://sixgun.org/files/linuxoutlaws.jpg, updated: https://fab.industries/sixgun/files/linuxoutlaws.jpg)
08-04 18:28:01.554 21896 21908 I art     : Starting a blocking GC Explicit
08-04 18:28:01.609 21896 21908 I art     : Explicit concurrent mark sweep GC freed 3085(185KB) AllocSpace objects, 1(20KB) LOS objects, 23% free, 51MB/67MB, paused 1.833ms total 54.116ms
08-04 18:28:01.609 21896 22631 D MYTAG   : interceptor 2a
08-04 18:28:01.609 21896 22631 I NAPPA_EXPERIMENTATION: MetricNetworkRequestExecutionTime: REQUEST_DURATION_SYSTEM='255',REQUEST_DURATION_OKHTTP='134',REQUEST_SYNCHRONOUS='TRUE',RESPONSE_CODE='404',RESPONSE_METHOD='GET',RESPONSE_LENGTH_OKHTTP='-1',RESPONSE_LENGTH_HEADER='1503',REQUEST_PROTOCOL='h2',REQUEST_URL='https://fab.industries/sixgun/files/linuxoutlaws.jpg',
08-04 18:28:01.611 21896 21896 W Glide   : Load failed for http://sixgun.org/files/linuxoutlaws.jpg with size [224x224]
08-04 18:28:01.611 21896 21896 W Glide   : class com.bumptech.glide.load.engine.GlideException: Failed to load resource
08-04 18:28:01.611 21896 21896 W Glide   : There was 1 cause:
08-04 18:28:01.611 21896 21896 W Glide   : com.bumptech.glide.load.HttpException()
08-04 18:28:01.611 21896 21896 W Glide   :  call GlideException#logRootCauses(String) for more detail
08-04 18:28:01.611 21896 21896 W Glide   :   Cause (1 of 1): class com.bumptech.glide.load.engine.GlideException: Fetching data failed, class java.io.InputStream, REMOTE
08-04 18:28:01.611 21896 21896 W Glide   : There was 1 cause:
08-04 18:28:01.611 21896 21896 W Glide   : com.bumptech.glide.load.HttpException()
08-04 18:28:01.611 21896 21896 W Glide   :  call GlideException#logRootCauses(String) for more detail
08-04 18:28:01.611 21896 21896 W Glide   :     Cause (1 of 1): class com.bumptech.glide.load.HttpException: 
08-04 18:28:01.611 21896 21896 I Glide   : Root cause (1 of 1)
08-04 18:28:01.611 21896 21896 I Glide   : com.bumptech.glide.load.HttpException: 
08-04 18:28:01.611 21896 21896 I Glide   : 	at com.bumptech.glide.integration.okhttp3.OkHttpStreamFetcher.onResponse(OkHttpStreamFetcher.java:73)
08-04 18:28:01.611 21896 21896 I Glide   : 	at okhttp3.RealCall$AsyncCall.execute(RealCall.java:174)
08-04 18:28:01.611 21896 21896 I Glide   : 	at okhttp3.internal.NamedRunnable.run(NamedRunnable.java:32)
08-04 18:28:01.611 21896 21896 I Glide   : 	at java.util.concurrent.ThreadPoolExecutor.runWorker(ThreadPoolExecutor.java:1113)
08-04 18:28:01.611 21896 21896 I Glide   : 	at java.util.concurrent.ThreadPoolExecutor$Worker.run(ThreadPoolExecutor.java:588)
08-04 18:28:01.611 21896 21896 I Glide   : 	at java.lang.Thread.run(Thread.java:818)
08-04 18:28:01.611 21896 21896 W Glide   : Load failed for http://sixgun.org/files/linuxoutlaws.jpg with size [224x224]
08-04 18:28:01.611 21896 21896 W Glide   : class com.bumptech.glide.load.engine.GlideException: Failed to load resource
08-04 18:28:01.611 21896 21896 W Glide   : There was 1 cause:
08-04 18:28:01.611 21896 21896 W Glide   : com.bumptech.glide.load.HttpException()
08-04 18:28:01.611 21896 21896 W Glide   :  call GlideException#logRootCauses(String) for more detail
08-04 18:28:01.611 21896 21896 W Glide   :   Cause (1 of 1): class com.bumptech.glide.load.engine.GlideException: Fetching data failed, class java.io.InputStream, REMOTE
08-04 18:28:01.611 21896 21896 W Glide   : There was 1 cause:
08-04 18:28:01.611 21896 21896 W Glide   : com.bumptech.glide.load.HttpException()
08-04 18:28:01.611 21896 21896 W Glide   :  call GlideException#logRootCauses(String) for more detail
08-04 18:28:01.611 21896 21896 W Glide   :     Cause (1 of 1): class com.bumptech.glide.load.HttpException: 
08-04 18:28:01.612 21896 21896 I Glide   : Root cause (1 of 1)
08-04 18:28:01.612 21896 21896 I Glide   : com.bumptech.glide.load.HttpException: 
08-04 18:28:01.612 21896 21896 I Glide   : 	at com.bumptech.glide.integration.okhttp3.OkHttpStreamFetcher.onResponse(OkHttpStreamFetcher.java:73)
08-04 18:28:01.612 21896 21896 I Glide   : 	at okhttp3.RealCall$AsyncCall.execute(RealCall.java:174)
08-04 18:28:01.612 21896 21896 I Glide   : 	at okhttp3.internal.NamedRunnable.run(NamedRunnable.java:32)
08-04 18:28:01.612 21896 21896 I Glide   : 	at java.util.concurrent.ThreadPoolExecutor.runWorker(ThreadPoolExecutor.java:1113)
08-04 18:28:01.612 21896 21896 I Glide   : 	at java.util.concurrent.ThreadPoolExecutor$Worker.run(ThreadPoolExecutor.java:588)
08-04 18:28:01.612 21896 21896 I Glide   : 	at java.lang.Thread.run(Thread.java:818)
08-04 18:28:01.625 21896 21908 I art     : Starting a blocking GC Explicit
08-04 18:28:01.678 21896 21908 I art     : Explicit concurrent mark sweep GC freed 1063(100KB) AllocSpace objects, 0(0B) LOS objects, 23% free, 51MB/67MB, paused 1.618ms total 52.339ms
08-04 18:28:01.691 21896 21908 I art     : Starting a blocking GC Explicit
08-04 18:28:01.694   380   380 W SurfaceFlinger: couldn't log to binary event log: overflow.
08-04 18:28:01.734 21896 21908 I art     : Explicit concurrent mark sweep GC freed 613(25KB) AllocSpace objects, 0(0B) LOS objects, 23% free, 51MB/67MB, paused 1.419ms total 42.197ms
08-04 18:28:01.746 21896 21908 I art     : Starting a blocking GC Explicit
08-04 18:28:01.783 21896 21908 I art     : Explicit concurrent mark sweep GC freed 2858(235KB) AllocSpace objects, 1(28KB) LOS objects, 23% free, 50MB/66MB, paused 1.478ms total 37.274ms
08-04 18:28:01.795 21896 21908 I art     : Starting a blocking GC Explicit
08-04 18:28:01.836 21896 21908 I art     : Explicit concurrent mark sweep GC freed 3(96B) AllocSpace objects, 0(0B) LOS objects, 23% free, 50MB/66MB, paused 1.532ms total 40.445ms
08-04 18:28:01.952 20095 20095 W Atfwd_Sendcmd: AtCmdFwd service not published, waiting... retryCnt : 1
08-04 18:28:02.205 21896 21920 I art     : Starting a blocking GC Explicit
08-04 18:28:02.258 21896 21920 I art     : Explicit concurrent mark sweep GC freed 1410(84KB) AllocSpace objects, 1(20KB) LOS objects, 23% free, 50MB/66MB, paused 1.723ms total 53.232ms
08-04 18:28:02.274 21896 21920 I art     : Starting a blocking GC Explicit
08-04 18:28:02.319 21896 21920 I art     : Explicit concurrent mark sweep GC freed 25(832B) AllocSpace objects, 0(0B) LOS objects, 23% free, 50MB/66MB, paused 1.669ms total 43.792ms
08-04 18:28:02.332 21896 21920 I art     : Starting a blocking GC Explicit
08-04 18:28:02.375 21896 21920 I art     : Explicit concurrent mark sweep GC freed 3(96B) AllocSpace objects, 0(0B) LOS objects, 23% free, 50MB/66MB, paused 1.588ms total 43.104ms
08-04 18:28:02.388 21896 21920 I art     : Starting a blocking GC Explicit
08-04 18:28:02.432 21896 21920 I art     : Explicit concurrent mark sweep GC freed 3(96B) AllocSpace objects, 0(0B) LOS objects, 23% free, 50MB/66MB, paused 1.570ms total 43.573ms
08-04 18:28:02.446 21896 21920 I art     : Starting a blocking GC Explicit
08-04 18:28:02.490 21896 21920 I art     : Explicit concurrent mark sweep GC freed 3(96B) AllocSpace objects, 0(0B) LOS objects, 23% free, 50MB/66MB, paused 1.630ms total 44.308ms
08-04 18:28:02.828 21896 21909 I art     : Starting a blocking GC Explicit
08-04 18:28:02.875 21896 21909 I art     : Explicit concurrent mark sweep GC freed 1383(81KB) AllocSpace objects, 1(20KB) LOS objects, 23% free, 50MB/66MB, paused 1.613ms total 47.021ms
08-04 18:28:02.888 21896 21909 I art     : Starting a blocking GC Explicit
08-04 18:28:02.930 21896 21909 I art     : Explicit concurrent mark sweep GC freed 23(752B) AllocSpace objects, 0(0B) LOS objects, 23% free, 50MB/66MB, paused 1.683ms total 41.237ms
08-04 18:28:02.943 21896 21909 I art     : Starting a blocking GC Explicit
08-04 18:28:02.987 21896 21909 I art     : Explicit concurrent mark sweep GC freed 10(320B) AllocSpace objects, 0(0B) LOS objects, 23% free, 50MB/66MB, paused 1.604ms total 43.719ms
08-04 18:28:03.001 21896 21909 I art     : Starting a blocking GC Explicit
08-04 18:28:03.044 21896 21909 I art     : Explicit concurrent mark sweep GC freed 15(480B) AllocSpace objects, 0(0B) LOS objects, 23% free, 50MB/66MB, paused 1.628ms total 43.295ms
08-04 18:28:03.058 21896 21909 I art     : Starting a blocking GC Explicit
08-04 18:28:03.102 21896 21909 I art     : Explicit concurrent mark sweep GC freed 17(544B) AllocSpace objects, 0(0B) LOS objects, 23% free, 50MB/66MB, paused 1.899ms total 44.207ms
08-04 18:28:03.141 25594 25594 D AndroidRuntime: >>>>>> START com.android.internal.os.RuntimeInit uid 2000 <<<<<<
08-04 18:28:03.147 25594 25594 D AndroidRuntime: CheckJNI is OFF
08-04 18:28:03.187 25594 25594 D ICU     : No timezone override file found: /data/misc/zoneinfo/current/icu/icu_tzdata.dat
08-04 18:28:03.232 25594 25594 I Radio-JNI: register_android_hardware_Radio DONE
08-04 18:28:03.261 25594 25594 D AndroidRuntime: Calling main entry com.android.commands.input.Input
08-04 18:28:03.263 25594 25594 I Input   : injectKeyEvent: KeyEvent { action=ACTION_DOWN, keyCode=KEYCODE_BACK, scanCode=0, metaState=0, flags=0x0, repeatCount=0, eventTime=728899675, downTime=728899675, deviceId=-1, source=0x101 }
08-04 18:28:03.268 25594 25594 I Input   : injectKeyEvent: KeyEvent { action=ACTION_UP, keyCode=KEYCODE_BACK, scanCode=0, metaState=0, flags=0x0, repeatCount=0, eventTime=728899675, downTime=728899675, deviceId=-1, source=0x101 }
08-04 18:28:03.291 25594 25594 D AndroidRuntime: Shutting down VM
08-04 18:28:03.456 21896 21920 I art     : Starting a blocking GC Explicit
08-04 18:28:03.503 21896 21920 I art     : Explicit concurrent mark sweep GC freed 3615(172KB) AllocSpace objects, 1(20KB) LOS objects, 23% free, 50MB/66MB, paused 1.719ms total 47.139ms
08-04 18:28:03.517 21896 21920 I art     : Starting a blocking GC Explicit
08-04 18:28:03.559 21896 21920 I art     : Explicit concurrent mark sweep GC freed 5359(394KB) AllocSpace objects, 9(1620KB) LOS objects, 24% free, 49MB/65MB, paused 1.666ms total 42.294ms
08-04 18:28:03.572 21896 21920 I art     : Starting a blocking GC Explicit
08-04 18:28:03.614 21896 21920 I art     : Explicit concurrent mark sweep GC freed 3(96B) AllocSpace objects, 0(0B) LOS objects, 24% free, 49MB/65MB, paused 1.665ms total 41.660ms
08-04 18:28:03.627 21896 21920 I art     : Starting a blocking GC Explicit
08-04 18:28:03.669 21896 21920 I art     : Explicit concurrent mark sweep GC freed 3(96B) AllocSpace objects, 0(0B) LOS objects, 24% free, 49MB/65MB, paused 1.676ms total 42.102ms
08-04 18:28:03.682 21896 21920 I art     : Starting a blocking GC Explicit
08-04 18:28:03.724 21896 21920 I art     : Explicit concurrent mark sweep GC freed 3(96B) AllocSpace objects, 0(0B) LOS objects, 24% free, 49MB/65MB, paused 1.614ms total 41.859ms
08-04 18:28:04.089 21896 25151 I art     : Starting a blocking GC Explicit
08-04 18:28:04.135   918  3188 I hubconnection: sensorhub said: 'set_bias 3: -5.9136, 0.0000, 0.0000'
08-04 18:28:04.140 21896 25151 I art     : Explicit concurrent mark sweep GC freed 1382(82KB) AllocSpace objects, 1(20KB) LOS objects, 24% free, 49MB/65MB, paused 1.630ms total 51.034ms
08-04 18:28:04.157 21896 25151 I art     : Starting a blocking GC Explicit
08-04 18:28:04.200 21896 25151 I art     : Explicit concurrent mark sweep GC freed 50(1488B) AllocSpace objects, 0(0B) LOS objects, 24% free, 49MB/65MB, paused 1.611ms total 42.448ms
08-04 18:28:04.213 21896 25151 I art     : Starting a blocking GC Explicit
08-04 18:28:04.255 21896 25151 I art     : Explicit concurrent mark sweep GC freed 3(96B) AllocSpace objects, 0(0B) LOS objects, 24% free, 49MB/65MB, paused 1.518ms total 42.265ms
08-04 18:28:04.268 21896 25151 I art     : Starting a blocking GC Explicit
08-04 18:28:04.311 21896 25151 I art     : Explicit concurrent mark sweep GC freed 3(96B) AllocSpace objects, 0(0B) LOS objects, 24% free, 49MB/65MB, paused 1.625ms total 42.276ms
08-04 18:28:04.324 21896 25151 I art     : Starting a blocking GC Explicit
08-04 18:28:04.366 21896 25151 I art     : Explicit concurrent mark sweep GC freed 3(96B) AllocSpace objects, 0(0B) LOS objects, 24% free, 49MB/65MB, paused 1.474ms total 42.200ms
08-04 18:28:04.718 21896 21909 I art     : Starting a blocking GC Explicit
08-04 18:28:04.760 21896 21909 I art     : Explicit concurrent mark sweep GC freed 1381(82KB) AllocSpace objects, 1(20KB) LOS objects, 24% free, 49MB/65MB, paused 1.699ms total 41.745ms
08-04 18:28:04.773 21896 21909 I art     : Starting a blocking GC Explicit
08-04 18:28:04.813 21896 21909 I art     : Explicit concurrent mark sweep GC freed 23(752B) AllocSpace objects, 0(0B) LOS objects, 24% free, 49MB/65MB, paused 1.610ms total 40.044ms
08-04 18:28:04.826 21896 21909 I art     : Starting a blocking GC Explicit
08-04 18:28:04.868 21896 21909 I art     : Explicit concurrent mark sweep GC freed 3(96B) AllocSpace objects, 0(0B) LOS objects, 24% free, 49MB/65MB, paused 1.815ms total 42.647ms
08-04 18:28:04.881 21896 21909 I art     : Starting a blocking GC Explicit
08-04 18:28:04.926 21896 21909 I art     : Explicit concurrent mark sweep GC freed 6(192B) AllocSpace objects, 0(0B) LOS objects, 24% free, 49MB/65MB, paused 1.547ms total 44.336ms
08-04 18:28:04.940 21896 21909 I art     : Starting a blocking GC Explicit
08-04 18:28:04.979 21896 21909 I art     : Explicit concurrent mark sweep GC freed 9(288B) AllocSpace objects, 0(0B) LOS objects, 24% free, 49MB/65MB, paused 1.629ms total 39.035ms
08-04 18:28:05.124 25652 25652 D AndroidRuntime: >>>>>> START com.android.internal.os.RuntimeInit uid 2000 <<<<<<
08-04 18:28:05.131 25652 25652 D AndroidRuntime: CheckJNI is OFF
08-04 18:28:05.172 25652 25652 D ICU     : No timezone override file found: /data/misc/zoneinfo/current/icu/icu_tzdata.dat
08-04 18:28:05.214 25652 25652 I Radio-JNI: register_android_hardware_Radio DONE
08-04 18:28:05.242 25652 25652 D AndroidRuntime: Calling main entry com.android.commands.am.Am
08-04 18:28:05.248  8245  8245 I Trepn   : Trepn 6.2s: Received intent: com.quicinc.trepn.stop_profiling
08-04 18:28:05.281  8245  8245 I Trepn   : Trepn 6.2s: Trepn has Stopped Profiling.
08-04 18:28:05.337 21896 21909 I art     : Starting a blocking GC Explicit
08-04 18:28:05.372 25652 25652 D AndroidRuntime: Shutting down VM
08-04 18:28:05.379   918  3359 W AppOps  : Finishing op nesting under-run: uid 10078 pkg com.quicinc.trepn code 24 time=0 duration=0 nesting=0
08-04 18:28:05.379 21896 21909 I art     : Explicit concurrent mark sweep GC freed 1430(84KB) AllocSpace objects, 1(20KB) LOS objects, 24% free, 49MB/65MB, paused 2.077ms total 41.596ms
08-04 18:28:05.392 21896 21909 I art     : Starting a blocking GC Explicit
08-04 18:28:05.428 21896 21909 I art     : Explicit concurrent mark sweep GC freed 23(752B) AllocSpace objects, 0(0B) LOS objects, 24% free, 49MB/65MB, paused 1.641ms total 35.447ms
08-04 18:28:05.440 21896 21909 I art     : Starting a blocking GC Explicit
08-04 18:28:05.478 21896 21909 I art     : Explicit concurrent mark sweep GC freed 3(96B) AllocSpace objects, 0(0B) LOS objects, 24% free, 49MB/65MB, paused 1.574ms total 37.842ms
08-04 18:28:05.491 21896 21909 I art     : Starting a blocking GC Explicit
08-04 18:28:05.537 21896 21909 I art     : Explicit concurrent mark sweep GC freed 3(96B) AllocSpace objects, 0(0B) LOS objects, 24% free, 49MB/65MB, paused 1.640ms total 44.824ms
08-04 18:28:05.550 21896 21909 I art     : Starting a blocking GC Explicit
08-04 18:28:05.595 21896 21909 I art     : Explicit concurrent mark sweep GC freed 3(96B) AllocSpace objects, 0(0B) LOS objects, 24% free, 49MB/65MB, paused 1.719ms total 44.393ms
08-04 18:28:05.940   918  3261 D WifiStateMachine: starting scan for "H369AA63323"WPA_PSK with 2412,5180
08-04 18:28:05.946 21896 21920 I art     : Starting a blocking GC Explicit
08-04 18:28:05.988 21896 21920 I art     : Explicit concurrent mark sweep GC freed 1383(81KB) AllocSpace objects, 1(20KB) LOS objects, 24% free, 49MB/65MB, paused 1.629ms total 41.353ms
08-04 18:28:06.001 21896 21920 I art     : Starting a blocking GC Explicit
08-04 18:28:06.040 21896 21920 I art     : Explicit concurrent mark sweep GC freed 23(752B) AllocSpace objects, 0(0B) LOS objects, 24% free, 49MB/65MB, paused 1.570ms total 39.270ms
08-04 18:28:06.053 21896 21920 I art     : Starting a blocking GC Explicit
08-04 18:28:06.092 21896 21920 I art     : Explicit concurrent mark sweep GC freed 3(96B) AllocSpace objects, 0(0B) LOS objects, 24% free, 49MB/65MB, paused 1.659ms total 38.792ms
08-04 18:28:06.104 21896 21920 I art     : Starting a blocking GC Explicit
08-04 18:28:06.143 21896 21920 I art     : Explicit concurrent mark sweep GC freed 3(96B) AllocSpace objects, 0(0B) LOS objects, 24% free, 49MB/65MB, paused 1.501ms total 38.994ms
08-04 18:28:06.156 21896 21920 I art     : Starting a blocking GC Explicit
08-04 18:28:06.196 21896 21920 I art     : Explicit concurrent mark sweep GC freed 30(832B) AllocSpace objects, 0(0B) LOS objects, 24% free, 49MB/65MB, paused 1.493ms total 39.157ms
08-04 18:28:06.952 20095 20095 I ServiceManager: Waiting for service AtCmdFwd...
08-04 18:28:07.953 20095 20095 I ServiceManager: Waiting for service AtCmdFwd...
08-04 18:28:08.954 20095 20095 I ServiceManager: Waiting for service AtCmdFwd...
