--------- beginning of main
08-04 13:23:18.616  3784  3784 D CarrierServiceBindHelper: Receive action: android.intent.action.PACKAGE_REMOVED
08-04 13:23:18.622   918   930 W ResourceType: ResTable_typeSpec entry count inconsistent: given 37, previously 42
08-04 13:23:18.622   918   930 W ResourceType: ResTable_typeSpec entry count inconsistent: given 2527, previously 2530
08-04 13:23:18.629   918   930 W ResourceType: ResTable_typeSpec entry count inconsistent: given 2542, previously 2545
08-04 13:23:18.629   918   930 W ResourceType: ResTable_typeSpec entry count inconsistent: given 303, previously 1691
08-04 13:23:18.634   918  5481 I AccountManagerService: getTypesVisibleToCaller: isPermitted? true
08-04 13:23:18.644 24365 27124 I Fitness : FitCleanupIntentOperation received Intent android.intent.action.PACKAGE_REMOVED [CONTEXT service_id=17 ]
08-04 13:23:18.653 32231 32231 I Finsky  : [1] uah.a(18): PackageMonitorReceiverImpl - Received: android.intent.action.PACKAGE_REMOVED, [CFjXe5fo2ooiLur0Ju3smv2h5qnGgIsGl5_C_SkJu8g]
08-04 13:23:18.653 32231 32231 I Finsky  : [1] ubi.d(9): Invalidating cached PackageState for baseline.de.danoeh.antennapod.debug
08-04 13:23:18.668 32231 32231 I Finsky  : [1] lzi.c(2): Frosting ID looked up on UI thread. Caller should move to a background thread.
08-04 13:23:18.679  3784  3784 D CarrierServiceBindHelper: Receive action: android.intent.action.PACKAGE_ADDED
08-04 13:23:18.680  3784  3784 D CarrierServiceBindHelper: Receive action: android.intent.action.PACKAGE_REPLACED
08-04 13:23:18.680  3784  3784 D CarrierServiceBindHelper: mHandler: 3
08-04 13:23:18.681  3784  3784 D CarrierServiceBindHelper: mHandler: 3
08-04 13:23:18.681  3784  3784 D CarrierServiceBindHelper: mHandler: 3
08-04 13:23:18.681  3784  3784 D CarrierConfigLoader: mHandler: 9 phoneId: 0
08-04 13:23:18.689 32231 32231 I Finsky  : [1] nqb.c(3): Installer: package baseline.de.danoeh.antennapod.debug was removed. replacing: true
08-04 13:23:18.690 32231 32231 I Finsky  : [1] nra.a(188): Installer: Notifying status update. package=baseline.de.danoeh.antennapod.debug, status=UNINSTALLED
08-04 13:23:18.693   918  3359 I AccountManagerService: getTypesVisibleToCaller: isPermitted? true
08-04 13:23:18.743 32231 32231 I Finsky  : [1] lzi.c(2): Frosting ID looked up on UI thread. Caller should move to a background thread.
08-04 13:23:18.758 32231 27138 I Finsky  : [6066] ejf.a(-1): Cancelled 0 ongoing asset module downloads for package baseline.de.danoeh.antennapod.debug due to a concurrent app update.
08-04 13:23:18.759 32231 32231 I Finsky  : [1] nra.a(220): Installer: found apps to install. isMultiUserMode=false, apps=[]
08-04 13:23:18.808 32231 32350 I Finsky  : [5755] odj.b(52): IQ: Notifying installation update. package=baseline.de.danoeh.antennapod.debug, status=UNINSTALLED
08-04 13:23:18.826 32231 32231 I Finsky  : [1] uah.a(18): PackageMonitorReceiverImpl - Received: android.intent.action.PACKAGE_ADDED, [CFjXe5fo2ooiLur0Ju3smv2h5qnGgIsGl5_C_SkJu8g]
08-04 13:23:18.827 32231 32231 I Finsky  : [1] ubi.d(9): Invalidating cached PackageState for baseline.de.danoeh.antennapod.debug
08-04 13:23:18.830 32231 32231 I Finsky  : [1] lzi.c(2): Frosting ID looked up on UI thread. Caller should move to a background thread.
08-04 13:23:18.834 32231 32231 I Finsky  : [1] agsx.a(4): Do not start WearSupportService due to Wear service optimization
08-04 13:23:18.837 32231 27138 I Finsky  : [6066] ejc.a(-1): Asset module broadcast after update successful for package baseline.de.danoeh.antennapod.debug. 0 sessions broadcast.
08-04 13:23:18.839 32231 27132 I Finsky  : [6064] lyv.run(-1): Wrote row to frosting DB: 2318
08-04 13:23:18.841 32231 32231 I Finsky  : [1] lzi.c(2): Frosting ID looked up on UI thread. Caller should move to a background thread.
08-04 13:23:18.875   918  6111 I AccountManagerService: getTypesVisibleToCaller: isPermitted? true
08-04 13:23:18.903 32231 27137 I Finsky  : [6065] gzn.a(-1): [ContentSync] finished, scheduled=false
--------- beginning of system
08-04 13:23:18.923   918  3961 W ActivityManager: Unable to start service Intent { act=com.google.android.gms.auth.key.retrieval.service.START pkg=com.google.android.gms } U=0: not found
08-04 13:23:18.929 24577 27133 I Auth    : [SupervisedAccountIntentOperation] onHandleIntent(): android.intent.action.PACKAGE_ADDED
08-04 13:23:18.929 24577 27133 I ChromeSync: [Sync,SyncIntentOperation] Handling the intent: Intent { act=android.intent.action.PACKAGE_ADDED dat=package:baseline.de.danoeh.antennapod.debug flg=0x4000010 cmp=com.google.android.gms/.chimera.GmsIntentOperationService (has extras) }.
08-04 13:23:18.995 32231 32231 I Finsky  : [1] xmu.a(8): SCH: Jobs in database: 1-1337 3-191 3-192 12-1 24-77777777 26-1414141414 
08-04 13:23:18.998 32231 32231 I Finsky  : [1] xio.a(57): SCH: ConstraintMapping: 24-77777777,  -> L: 0ms, D: 28001840ms, C: false, I: true, N: 0
08-04 13:23:18.998 32231 32231 I Finsky  : [1] xio.a(57): SCH: ConstraintMapping: 1-1337, 12-1,  -> L: 14721ms, D: 31353915ms, C: false, I: false, N: 1
08-04 13:23:18.999 32231 32231 I Finsky  : [1] xio.a(57): SCH: ConstraintMapping: 3-191,  -> L: 0ms, D: 72063788ms, C: false, I: true, N: 2
08-04 13:23:18.999 32231 32231 I Finsky  : [1] xio.a(57): SCH: ConstraintMapping: 3-192,  -> L: 0ms, D: 72063861ms, C: true, I: true, N: 2
08-04 13:23:19.000 32231 32231 I Finsky  : [1] xio.a(57): SCH: ConstraintMapping: 26-1414141414,  -> L: 35467040ms, D: 36367040ms, C: false, I: false, N: 0
08-04 13:23:19.001 32231 27137 I Finsky  : [6065] gzn.a(-1): [ContentSync] finished, scheduled=true
08-04 13:23:19.032   918  3696 W ActivityManager: Unbind failed: could not find connection for android.os.BinderProxy@d1bd744
08-04 13:23:19.032 24577 24621 E GmsClient: unable to connect to service: com.google.android.gms.auth.key.retrieval.service.START on com.google.android.gms
08-04 13:23:19.042 32231 27132 I Finsky  : [6064] lyv.run(-1): Wrote row to frosting DB: 2319
08-04 13:23:19.046 32231 32350 I Finsky  : [5755] odj.b(40): IQ: No matching installs to run for jobs: []
08-04 13:23:19.051   918   928 I AccountManagerService: getTypesVisibleToCaller: isPermitted? true
08-04 13:23:19.053 24577 27133 I ChromeSync: [Persistence,AffiliationManager] One of affiliation or grouping data for android://bz0hZa4nAJEtd0n5sRlXG7KAqctUMWVefv7Ki4mh1p6slZ9YO-n9gS9j8m9YCrsIyI2wIxrDHraumF9Y6pBLTA==@baseline.de.danoeh.antennapod.debug/ was not found. Marking affiliation data as stale...
08-04 13:23:19.069 32231 32231 I Finsky  : [1] xle.a(34): Cancelling existing jobscheduler jobs: 9010 9007 9009 9005 9002 9008 9006 9003 9004 9000 
08-04 13:23:19.070 32231 32231 I Finsky  : [1] xle.a(27): Scheduling job Id: 9001, L: 0, D: 28001840, C: false, I: true, N: 0
08-04 13:23:19.071 32231 32231 I Finsky  : [1] xle.a(27): Scheduling job Id: 9011, L: 14721, D: 31353915, C: false, I: false, N: 1
08-04 13:23:19.076 22210 22210 I ServiceManager: Waiting for service AtCmdFwd...
08-04 13:23:19.087 32231 32231 I Finsky  : [1] xle.a(27): Scheduling job Id: 9012, L: 0, D: 72063788, C: false, I: true, N: 2
08-04 13:23:19.088 32231 32231 I Finsky  : [1] xle.a(27): Scheduling job Id: 9013, L: 0, D: 72063861, C: true, I: true, N: 2
08-04 13:23:19.091 32231 32231 I Finsky  : [1] xle.a(27): Scheduling job Id: 9014, L: 35467040, D: 36367040, C: false, I: false, N: 0
08-04 13:23:19.092 32231 32231 I Finsky  : [1] xle.a(27): Scheduling job Id: 9015, L: 0, D: 28001840, C: false, I: true, N: 0
08-04 13:23:19.094 32231 32231 I Finsky  : [1] xle.a(27): Scheduling job Id: 9016, L: 14721, D: 31353915, C: false, I: false, N: 1
08-04 13:23:19.095 32231 32231 I Finsky  : [1] xle.a(27): Scheduling job Id: 9017, L: 0, D: 72063788, C: false, I: true, N: 2
08-04 13:23:19.099 32231 32231 I Finsky  : [1] xle.a(27): Scheduling job Id: 9018, L: 0, D: 72063861, C: true, I: true, N: 2
08-04 13:23:19.129 32231 32231 I Finsky  : [1] xle.a(27): Scheduling job Id: 9019, L: 35467040, D: 36367040, C: false, I: false, N: 0
08-04 13:23:19.132   918  5132 I AccountManagerService: getTypesVisibleToCaller: isPermitted? true
08-04 13:23:19.134 32231 27132 I Finsky  : [6064] lyv.run(-1): Wrote row to frosting DB: 2320
08-04 13:23:19.176 27150 27150 D AndroidRuntime: >>>>>> START com.android.internal.os.RuntimeInit uid 2000 <<<<<<
08-04 13:23:19.180 27150 27150 D AndroidRuntime: CheckJNI is OFF
08-04 13:23:19.203 27150 27150 D ICU     : No timezone override file found: /data/misc/zoneinfo/current/icu/icu_tzdata.dat
08-04 13:23:19.208 32231 27132 I Finsky  : [6064] lyv.run(-1): Wrote row to frosting DB: 2321
08-04 13:23:19.228 27150 27150 I Radio-JNI: register_android_hardware_Radio DONE
08-04 13:23:19.243 27150 27150 D AndroidRuntime: Calling main entry com.android.commands.monkey.Monkey
08-04 13:23:19.255 24577 13294 I Icing   : IndexChimeraService.getServiceInterface callingPackage=com.google.android.gms componentName=AppsCorpus serviceId=36
08-04 13:23:19.259   918   931 W BroadcastQueue: Skipping deliver [background] BroadcastRecord{65cc799 u-1 android.net.conn.CONNECTIVITY_CHANGE} to ReceiverList{3a7ca5e 27150 (unknown name)/2000/u-1 remote:18ed6e3}: process crashing
08-04 13:23:19.278   918  6029 I ActivityManager: START u0 {act=android.intent.action.MAIN cat=[android.intent.category.LAUNCHER] flg=0x10200000 cmp=baseline.de.danoeh.antennapod.debug/baseline.de.danoeh.antennapod.activity.SplashActivity} from uid 2000 on display 0
08-04 13:23:19.296   918  3696 I ActivityManager: Start proc 27166:baseline.de.danoeh.antennapod.debug/u0a670 for activity baseline.de.danoeh.antennapod.debug/baseline.de.danoeh.antennapod.activity.SplashActivity
08-04 13:23:19.297 27166 27166 I art     : Late-enabling -Xcheck:jni
08-04 13:23:19.302 27150 27150 I art     : System.exit called, status: 0
08-04 13:23:19.302 27150 27150 I AndroidRuntime: VM exiting with result code 0.
08-04 13:23:19.341 24577 25265 W Icing   : No valid account for uploading user actions
08-04 13:23:19.341 27166 27166 W System  : ClassLoader referenced unknown path: /data/app/baseline.de.danoeh.antennapod.debug-1/lib/arm64
08-04 13:23:19.358 27166 27166 D UserPreferences: Creating new instance of UserPreferences
08-04 13:23:19.360 27166 27166 D UserPreferences: Using default data folder
08-04 13:23:19.363 24577 13294 I Icing   : IndexChimeraService.getServiceInterface callingPackage=com.google.android.gms componentName=null serviceId=30
08-04 13:23:19.365 27166 27166 D UserPreferences: Import directory already exists
08-04 13:23:19.381 27166 27166 D UpdateManager: old: -1, current: 1070296
08-04 13:23:19.387  2075  1217 I PBSessionCacheImpl: Deleted sessionId[9127543042550561] from persistence.
08-04 13:23:19.388 27166 27166 D SleepTimerPreferences: Creating new instance of SleepTimerPreferences
08-04 13:23:19.393  2075  2107 W SearchServiceCore: Abort, client detached.
08-04 13:23:19.393  2075  2107 I MicroDetectionState: Should stop hotword detection immediately - true
08-04 13:23:19.417 27166 27166 D SPAUtil : Sending SP_APPS_QUERY_FEEDS intent
08-04 13:23:19.428 24577 25265 I Icing   : Usage reports ok 2, Failed Usage reports 0, indexed 0, rejected 0
08-04 13:23:19.431 24577 25265 W Icing   : No valid account for uploading user actions
08-04 13:23:19.448 24577 25265 I Icing   : Usage reports ok 0, Failed Usage reports 0, indexed 0, rejected 0
08-04 13:23:19.449 24577 25265 I Icing   : Indexing com.google.android.gms-internal.3p:MobileApplication from com.google.android.gms using seqno 763
08-04 13:23:19.452 24577 25265 I Icing   : Indexing com.google.android.gms-internal.3p:MobileApplication from com.google.android.gms using seqno 763
08-04 13:23:19.453 27166 27166 W art     : Before Android 4.1, method android.graphics.PorterDuffColorFilter androidx.vectordrawable.graphics.drawable.VectorDrawableCompat.updateTintFilter(android.graphics.PorterDuffColorFilter, android.content.res.ColorStateList, android.graphics.PorterDuff$Mode) would have incorrectly overridden the package-private method in android.graphics.drawable.Drawable
08-04 13:23:19.479 24577 13294 I Icing   : IndexChimeraService.getServiceInterface callingPackage=com.google.android.gms componentName=null serviceId=36
08-04 13:23:19.485 24577 25265 W Icing   : No valid account for uploading user actions
08-04 13:23:19.485 27166 27166 I art     : Rejecting re-init on previously-failed class java.lang.Class<androidx.core.view.ViewCompat$2>
08-04 13:23:19.485 27166 27166 I art     : Rejecting re-init on previously-failed class java.lang.Class<androidx.core.view.ViewCompat$2>
08-04 13:23:19.498 24577 25265 I Icing   : Usage reports ok 0, Failed Usage reports 0, indexed 0, rejected 0
08-04 13:23:19.511 27166 27187 D OpenGLRenderer: Use EGL_SWAP_BEHAVIOR_PRESERVED: true
08-04 13:23:19.550 27166 27187 I Adreno  : QUALCOMM build                   : fcf4852, I1af360237c
08-04 13:23:19.550 27166 27187 I Adreno  : Build Date                       : 09/23/15
08-04 13:23:19.550 27166 27187 I Adreno  : OpenGL ES Shader Compiler Version: XE031.05.13.02
08-04 13:23:19.550 27166 27187 I Adreno  : Local Branch                     : mybranch14465806
08-04 13:23:19.550 27166 27187 I Adreno  : Remote Branch                    : quic/LA.BF64.1.2.9_v2
08-04 13:23:19.550 27166 27187 I Adreno  : Remote Branch                    : NONE
08-04 13:23:19.550 27166 27187 I Adreno  : Reconstruct Branch               : NOTHING
08-04 13:23:19.556 27166 27187 I OpenGLRenderer: Initialized EGL, version 1.4
08-04 13:23:19.585   918  3961 I ActivityManager: START u0 {cmp=baseline.de.danoeh.antennapod.debug/baseline.de.danoeh.antennapod.activity.MainActivity} from uid 10670 on display 0
08-04 13:23:19.585 13866 13866 I GoogleInputMethodServic: GoogleInputMethodService.onFinishInput():3138 
08-04 13:23:19.591 13866 13866 I GoogleInputMethodServic: GoogleInputMethodService.onStartInput():1808 
08-04 13:23:19.746 27166 27166 D UserPreferences: Using default data folder
08-04 13:23:19.819 27166 27166 D MainActivity: getLastNavFragment() -> QueueFragment
08-04 13:23:19.821 27166 27166 D MainActivity: loadFragment(tag: QueueFragment, args: null)
08-04 13:23:19.824 27166 27166 D MainActivity: saveLastNavFragment(tag: QueueFragment)
08-04 13:23:19.824 27166 27166 D MainActivity: getLastNavFragment() -> QueueFragment
08-04 13:23:19.825 27166 27166 D UserPreferences: timeOfDay: []
08-04 13:23:19.827 27166 27166 D AutoUpdateManager: Restarting update alarm.
08-04 13:23:19.829 27166 27166 D AutoUpdateManager: Changed alarm to new interval 12 h
08-04 13:23:19.874 27166 27166 D UserPreferences: timeOfDay: []
08-04 13:23:19.875 27166 27166 D AutoUpdateManager: Restarting update alarm.
08-04 13:23:19.877 27166 27166 D AutoUpdateManager: Changed alarm to new interval 12 h
08-04 13:23:19.928 27166 27166 D ExternalPlayerFragment: Loading media info
08-04 13:23:19.930 27166 27166 D QueueFragment: loadItems()
08-04 13:23:19.934 27166 27186 D DBReader: getQueue() called
08-04 13:23:19.934 27166 27186 D DBReader: getQueue()
08-04 13:23:19.935 27166 27186 D DBReader: getFavoriteIDList() called
08-04 13:23:19.936 27166 27186 D DBReader: getQueueIDList() called
08-04 13:23:19.937 27166 27186 D DBReader: Extracting Feedlist
08-04 13:23:19.939 27166 27166 V PlaybackController: initServiceNotRunning()
08-04 13:23:19.940 27166 27166 D ExternalPlayerFragment: Loading media info
08-04 13:23:19.943 27166 27166 D UserPreferences: Using default data folder
08-04 13:23:19.945 27166 27166 D AutoUpdateManager: last refresh: 443483 hours 23 minutes ago
08-04 13:23:19.947 27166 27186 D DBReader: getNavDrawerData() called with: 
08-04 13:23:19.952 27166 27186 D DBReader: getDownloadedItems() called
08-04 13:23:19.953 27166 27186 D DBReader: getFavoriteIDList() called
08-04 13:23:19.953 27166 27186 D DBReader: getQueueIDList() called
08-04 13:23:19.955 27166 27186 D DBReader: Extracting Feedlist
08-04 13:23:19.973   380   380 W SurfaceFlinger: couldn't log to binary event log: overflow.
08-04 13:23:20.076 22210 22210 I ServiceManager: Waiting for service AtCmdFwd...
08-04 13:23:20.181 27166 27166 D MainActivity: getLastNavFragment() -> QueueFragment
08-04 13:23:20.181   918   936 I ActivityManager: Displayed baseline.de.danoeh.antennapod.debug/baseline.de.danoeh.antennapod.activity.MainActivity: +488ms (total +897ms)
08-04 13:23:20.181 27166 27166 D MainActivity: handleNavIntent()
08-04 13:23:20.188 13866 13866 I GoogleInputMethodServic: GoogleInputMethodService.onFinishInput():3138 
08-04 13:23:20.190 13866 13866 I GoogleInputMethodServic: GoogleInputMethodService.onStartInput():1808 
08-04 13:23:20.213 29532 29532 W PathParser: Points are too far apart 4.030360828967057
08-04 13:23:20.214 29532 29532 W PathParser: Points are too far apart 4.030360538880159
08-04 13:23:20.225 29532 29532 W PathParser: Points are too far apart 4.030360828967057
08-04 13:23:20.225 29532 29532 W PathParser: Points are too far apart 4.030360538880159
08-04 13:23:20.241 29532 29532 W PathParser: Points are too far apart 4.030360828967057
08-04 13:23:20.242 29532 29532 W PathParser: Points are too far apart 4.030360538880159
08-04 13:23:20.258 29532 29532 W PathParser: Points are too far apart 4.030360828967057
08-04 13:23:20.258 29532 29532 W PathParser: Points are too far apart 4.030360538880159
08-04 13:23:20.275 29532 29532 W PathParser: Points are too far apart 4.030360828967057
08-04 13:23:20.275 29532 29532 W PathParser: Points are too far apart 4.030360538880159
08-04 13:23:20.291 29532 29532 W PathParser: Points are too far apart 4.030360828967057
08-04 13:23:20.292 29532 29532 W PathParser: Points are too far apart 4.030360538880159
08-04 13:23:20.309 29532 29532 W PathParser: Points are too far apart 4.030360828967057
08-04 13:23:20.309 29532 29532 W PathParser: Points are too far apart 4.030360538880159
08-04 13:23:20.325 29532 29532 W PathParser: Points are too far apart 4.030360828967057
08-04 13:23:20.326 29532 29532 W PathParser: Points are too far apart 4.030360538880159
08-04 13:23:20.431 24577 25265 I Icing   : Indexing com.google.android.gms-apps from com.google.android.gms
08-04 13:23:20.515 24577 25265 I Icing   : Indexing done com.google.android.gms-apps
08-04 13:23:20.871 27212 27212 D AndroidRuntime: >>>>>> START com.android.internal.os.RuntimeInit uid 2000 <<<<<<
08-04 13:23:20.875 27212 27212 D AndroidRuntime: CheckJNI is OFF
08-04 13:23:20.907 27212 27212 D ICU     : No timezone override file found: /data/misc/zoneinfo/current/icu/icu_tzdata.dat
08-04 13:23:20.944 27212 27212 I Radio-JNI: register_android_hardware_Radio DONE
08-04 13:23:20.959 27166 27220 D DBReader: Extracting Feedlist
08-04 13:23:20.961 27166 27220 D FlattrUtils: Retrieving access token
08-04 13:23:20.961 27166 27220 D FlattrUtils: No access token found
08-04 13:23:20.963 27212 27212 D AndroidRuntime: Calling main entry com.android.commands.am.Am
08-04 13:23:20.964 27166 27220 I art     : Rejecting re-init on previously-failed class java.lang.Class<androidx.core.app.JobIntentService$JobServiceEngineImpl>
08-04 13:23:20.964 27166 27220 I art     : Rejecting re-init on previously-failed class java.lang.Class<androidx.core.app.JobIntentService$JobServiceEngineImpl>
08-04 13:23:20.965 27166 27220 I art     : Rejecting re-init on previously-failed class java.lang.Class<androidx.core.app.SafeJobIntentService$SafeJobServiceEngineImpl>
08-04 13:23:20.965 27166 27220 I art     : Rejecting re-init on previously-failed class java.lang.Class<androidx.core.app.SafeJobIntentService$SafeJobServiceEngineImpl>
08-04 13:23:20.973  2375  2375 I Trepn   : Trepn 6.2s: Received intent: com.quicinc.trepn.start_profiling
08-04 13:23:21.077 22210 22210 I ServiceManager: Waiting for service AtCmdFwd...
08-04 13:23:21.162  2375  2375 W FileUtils: Failed to chmod(/storage/emulated/0/trepn/Trepn_2020.08.04_132321.db): android.system.ErrnoException: chmod failed: EPERM (Operation not permitted)
08-04 13:23:21.371  2375  2375 I Trepn   : Trepn 6.2s: Trepn has Started Profiling.
08-04 13:23:21.374 27212 27212 D AndroidRuntime: Shutting down VM
08-04 13:23:21.386 13866 13866 I GoogleInputMethodServic: GoogleInputMethodService.onFinishInput():3138 
08-04 13:23:21.386 13866 13866 I GoogleInputMethodServic: GoogleInputMethodService.onStartInput():1808 
08-04 13:23:21.842 27166 27190 I art     : Starting a blocking GC Explicit
08-04 13:23:21.865 27166 27190 I art     : Explicit concurrent mark sweep GC freed 10557(1499KB) AllocSpace objects, 6(120KB) LOS objects, 40% free, 23MB/38MB, paused 178us total 22.058ms
08-04 13:23:21.877 27166 27190 I art     : Starting a blocking GC Explicit
08-04 13:23:21.890 27166 27190 I art     : Explicit concurrent mark sweep GC freed 1030(64KB) AllocSpace objects, 0(0B) LOS objects, 40% free, 23MB/38MB, paused 762us total 13.393ms
08-04 13:23:21.896 27166 27190 I art     : Starting a blocking GC Explicit
08-04 13:23:21.909 27166 27190 I art     : Explicit concurrent mark sweep GC freed 2292(127KB) AllocSpace objects, 2(588KB) LOS objects, 40% free, 22MB/37MB, paused 150us total 12.160ms
08-04 13:23:21.915 27166 27190 I art     : Starting a blocking GC Explicit
08-04 13:23:21.927 27166 27190 I art     : Explicit concurrent mark sweep GC freed 3(96B) AllocSpace objects, 0(0B) LOS objects, 40% free, 22MB/37MB, paused 168us total 12.159ms
08-04 13:23:21.933 27166 27190 I art     : Starting a blocking GC Explicit
08-04 13:23:21.945 27166 27190 I art     : Explicit concurrent mark sweep GC freed 3(96B) AllocSpace objects, 0(0B) LOS objects, 40% free, 22MB/37MB, paused 144us total 12.180ms
08-04 13:23:22.068 24365 23406 I NetworkScheduler.Stats: Task com.google.android.apps.gcs/ started execution. cause:4 exec_start_elapsed_seconds: 1694005 [CONTEXT service_id=218 ]
08-04 13:23:22.070 22624 27247 W Gcs.WfaEliRefreshTask: [24023] afk.b: NULL eligibility response.
08-04 13:23:22.074 24365 23406 I NetworkScheduler.Stats: Task com.google.android.apps.gcs/ finished executing. cause:4 result: 3 elapsed_millis: 11 uptime_millis: 11 exec_start_elapsed_seconds: 1694005 [CONTEXT service_id=218 ]
08-04 13:23:22.077 22210 22210 I ServiceManager: Waiting for service AtCmdFwd...
08-04 13:23:22.224 27166 27179 I art     : Starting a blocking GC Explicit
08-04 13:23:22.246 27166 27179 I art     : Explicit concurrent mark sweep GC freed 1371(82KB) AllocSpace objects, 1(20KB) LOS objects, 40% free, 22MB/37MB, paused 208us total 21.807ms
08-04 13:23:22.259 27166 27179 I art     : Starting a blocking GC Explicit
08-04 13:23:22.273 27166 27179 I art     : Explicit concurrent mark sweep GC freed 23(752B) AllocSpace objects, 0(0B) LOS objects, 40% free, 22MB/37MB, paused 157us total 13.406ms
08-04 13:23:22.279 27166 27179 I art     : Starting a blocking GC Explicit
08-04 13:23:22.292 27166 27179 I art     : Explicit concurrent mark sweep GC freed 3(96B) AllocSpace objects, 0(0B) LOS objects, 40% free, 22MB/37MB, paused 164us total 12.657ms
08-04 13:23:22.299 27166 27179 I art     : Starting a blocking GC Explicit
08-04 13:23:22.312 27166 27179 I art     : Explicit concurrent mark sweep GC freed 3(96B) AllocSpace objects, 0(0B) LOS objects, 40% free, 22MB/37MB, paused 153us total 12.810ms
08-04 13:23:22.319 27166 27179 I art     : Starting a blocking GC Explicit
08-04 13:23:22.331 27166 27179 I art     : Explicit concurrent mark sweep GC freed 3(96B) AllocSpace objects, 0(0B) LOS objects, 40% free, 22MB/37MB, paused 147us total 12.422ms
08-04 13:23:22.599 27166 27178 I art     : Starting a blocking GC Explicit
08-04 13:23:22.614 27166 27178 I art     : Explicit concurrent mark sweep GC freed 1386(80KB) AllocSpace objects, 1(20KB) LOS objects, 40% free, 22MB/37MB, paused 167us total 14.917ms
08-04 13:23:22.621 27166 27178 I art     : Starting a blocking GC Explicit
08-04 13:23:22.633 27166 27178 I art     : Explicit concurrent mark sweep GC freed 23(752B) AllocSpace objects, 0(0B) LOS objects, 40% free, 22MB/37MB, paused 156us total 12.383ms
08-04 13:23:22.639 27166 27178 I art     : Starting a blocking GC Explicit
08-04 13:23:22.651 27166 27178 I art     : Explicit concurrent mark sweep GC freed 3(96B) AllocSpace objects, 0(0B) LOS objects, 40% free, 22MB/37MB, paused 137us total 12.065ms
08-04 13:23:22.657 27166 27178 I art     : Starting a blocking GC Explicit
08-04 13:23:22.670 27166 27178 I art     : Explicit concurrent mark sweep GC freed 3(96B) AllocSpace objects, 0(0B) LOS objects, 40% free, 22MB/37MB, paused 145us total 12.565ms
08-04 13:23:22.676 27166 27178 I art     : Starting a blocking GC Explicit
08-04 13:23:22.689 27166 27178 I art     : Explicit concurrent mark sweep GC freed 3(96B) AllocSpace objects, 0(0B) LOS objects, 40% free, 22MB/37MB, paused 144us total 12.389ms
08-04 13:23:22.782   918  3261 D WifiStateMachine: starting scan for "H369AA63323"WPA_PSK with 2412,5180
08-04 13:23:22.982 27166 27179 I art     : Starting a blocking GC Explicit
08-04 13:23:23.001 27166 27179 I art     : Explicit concurrent mark sweep GC freed 1363(80KB) AllocSpace objects, 1(20KB) LOS objects, 40% free, 22MB/37MB, paused 175us total 18.992ms
08-04 13:23:23.009 27166 27179 I art     : Starting a blocking GC Explicit
08-04 13:23:23.024 27166 27179 I art     : Explicit concurrent mark sweep GC freed 26(848B) AllocSpace objects, 0(0B) LOS objects, 40% free, 22MB/37MB, paused 156us total 15.204ms
08-04 13:23:23.032 27166 27179 I art     : Starting a blocking GC Explicit
08-04 13:23:23.045 27166 27179 I art     : Explicit concurrent mark sweep GC freed 6(192B) AllocSpace objects, 0(0B) LOS objects, 40% free, 22MB/37MB, paused 143us total 12.677ms
08-04 13:23:23.051 27166 27179 I art     : Starting a blocking GC Explicit
08-04 13:23:23.063 27166 27179 I art     : Explicit concurrent mark sweep GC freed 5(160B) AllocSpace objects, 0(0B) LOS objects, 40% free, 22MB/37MB, paused 145us total 11.753ms
08-04 13:23:23.071 27166 27179 I art     : Starting a blocking GC Explicit
08-04 13:23:23.078 22210 22210 I ServiceManager: Waiting for service AtCmdFwd...
08-04 13:23:23.082 27166 27179 I art     : Explicit concurrent mark sweep GC freed 5(160B) AllocSpace objects, 0(0B) LOS objects, 40% free, 22MB/37MB, paused 135us total 11.081ms
08-04 13:23:23.375 27166 27179 I art     : Starting a blocking GC Explicit
08-04 13:23:23.393 27166 27179 I art     : Explicit concurrent mark sweep GC freed 1373(80KB) AllocSpace objects, 1(20KB) LOS objects, 40% free, 22MB/37MB, paused 206us total 17.386ms
08-04 13:23:23.404 27166 27179 I art     : Starting a blocking GC Explicit
08-04 13:23:23.421 27166 27179 I art     : Explicit concurrent mark sweep GC freed 23(752B) AllocSpace objects, 0(0B) LOS objects, 40% free, 22MB/37MB, paused 163us total 16.645ms
08-04 13:23:23.429 27166 27179 I art     : Starting a blocking GC Explicit
08-04 13:23:23.442 27166 27179 I art     : Explicit concurrent mark sweep GC freed 3(96B) AllocSpace objects, 0(0B) LOS objects, 40% free, 22MB/37MB, paused 152us total 13.256ms
08-04 13:23:23.449 27166 27179 I art     : Starting a blocking GC Explicit
08-04 13:23:23.462 27166 27179 I art     : Explicit concurrent mark sweep GC freed 3(96B) AllocSpace objects, 0(0B) LOS objects, 40% free, 22MB/37MB, paused 140us total 12.883ms
08-04 13:23:23.469 27166 27179 I art     : Starting a blocking GC Explicit
08-04 13:23:23.482 27166 27179 I art     : Explicit concurrent mark sweep GC freed 3(96B) AllocSpace objects, 0(0B) LOS objects, 40% free, 22MB/37MB, paused 145us total 12.578ms
08-04 13:23:23.807 27166 27178 I art     : Starting a blocking GC Explicit
08-04 13:23:23.822 27166 27178 I art     : Explicit concurrent mark sweep GC freed 1385(81KB) AllocSpace objects, 1(20KB) LOS objects, 40% free, 22MB/37MB, paused 181us total 15.244ms
08-04 13:23:23.829 27166 27178 I art     : Starting a blocking GC Explicit
08-04 13:23:23.843 27166 27178 I art     : Explicit concurrent mark sweep GC freed 23(752B) AllocSpace objects, 0(0B) LOS objects, 40% free, 22MB/37MB, paused 151us total 13.405ms
08-04 13:23:23.849 27166 27178 I art     : Starting a blocking GC Explicit
08-04 13:23:23.862 27166 27178 I art     : Explicit concurrent mark sweep GC freed 3(96B) AllocSpace objects, 0(0B) LOS objects, 40% free, 22MB/37MB, paused 133us total 12.412ms
08-04 13:23:23.868 27166 27178 I art     : Starting a blocking GC Explicit
08-04 13:23:23.882 27166 27178 I art     : Explicit concurrent mark sweep GC freed 3(96B) AllocSpace objects, 0(0B) LOS objects, 40% free, 22MB/37MB, paused 281us total 13.040ms
08-04 13:23:23.888 27166 27178 I art     : Starting a blocking GC Explicit
08-04 13:23:23.900 27166 27178 I art     : Explicit concurrent mark sweep GC freed 3(96B) AllocSpace objects, 0(0B) LOS objects, 40% free, 22MB/37MB, paused 141us total 12.384ms
08-04 13:23:24.078 22210 22210 W Atfwd_Sendcmd: AtCmdFwd service not published, waiting... retryCnt : 2
08-04 13:23:24.201 27166 27190 I art     : Starting a blocking GC Explicit
08-04 13:23:24.220 27166 27190 I art     : Explicit concurrent mark sweep GC freed 1360(81KB) AllocSpace objects, 1(20KB) LOS objects, 40% free, 22MB/37MB, paused 175us total 18.732ms
08-04 13:23:24.231 27166 27190 I art     : Starting a blocking GC Explicit
08-04 13:23:24.248 27166 27190 I art     : Explicit concurrent mark sweep GC freed 23(752B) AllocSpace objects, 0(0B) LOS objects, 40% free, 22MB/37MB, paused 169us total 16.323ms
08-04 13:23:24.256 27166 27190 I art     : Starting a blocking GC Explicit
08-04 13:23:24.269 27166 27190 I art     : Explicit concurrent mark sweep GC freed 3(96B) AllocSpace objects, 0(0B) LOS objects, 40% free, 22MB/37MB, paused 150us total 12.334ms
08-04 13:23:24.275 27166 27190 I art     : Starting a blocking GC Explicit
08-04 13:23:24.288 27166 27190 I art     : Explicit concurrent mark sweep GC freed 3(96B) AllocSpace objects, 0(0B) LOS objects, 40% free, 22MB/37MB, paused 148us total 12.887ms
08-04 13:23:24.294 27166 27190 I art     : Starting a blocking GC Explicit
08-04 13:23:24.307 27166 27190 I art     : Explicit concurrent mark sweep GC freed 3(96B) AllocSpace objects, 0(0B) LOS objects, 40% free, 22MB/37MB, paused 151us total 12.586ms
08-04 13:23:24.586 13866 13882 I PeriodicStatsRunner: PeriodicStatsRunner.call():175 call()
08-04 13:23:24.587 13866 13882 I PeriodicStatsRunner: PeriodicStatsRunner.call():179 No submit PeriodicStats since input started.
08-04 13:23:24.615 27166 27179 I art     : Starting a blocking GC Explicit
08-04 13:23:24.634 27166 27179 I art     : Explicit concurrent mark sweep GC freed 1386(82KB) AllocSpace objects, 1(20KB) LOS objects, 40% free, 22MB/37MB, paused 190us total 18.848ms
08-04 13:23:24.644 27166 27179 I art     : Starting a blocking GC Explicit
08-04 13:23:24.661 27166 27179 I art     : Explicit concurrent mark sweep GC freed 23(752B) AllocSpace objects, 0(0B) LOS objects, 40% free, 22MB/37MB, paused 160us total 16.591ms
08-04 13:23:24.671 27166 27179 I art     : Starting a blocking GC Explicit
08-04 13:23:24.685 27166 27179 I art     : Explicit concurrent mark sweep GC freed 3(96B) AllocSpace objects, 0(0B) LOS objects, 40% free, 22MB/37MB, paused 187us total 13.490ms
08-04 13:23:24.692 27166 27179 I art     : Starting a blocking GC Explicit
08-04 13:23:24.705 27166 27179 I art     : Explicit concurrent mark sweep GC freed 3(96B) AllocSpace objects, 0(0B) LOS objects, 40% free, 22MB/37MB, paused 140us total 12.743ms
08-04 13:23:24.711 27166 27179 I art     : Starting a blocking GC Explicit
08-04 13:23:24.724 27166 27179 I art     : Explicit concurrent mark sweep GC freed 3(96B) AllocSpace objects, 0(0B) LOS objects, 40% free, 22MB/37MB, paused 145us total 12.746ms
08-04 13:23:25.028 27166 27178 I art     : Starting a blocking GC Explicit
08-04 13:23:25.047 27166 27178 I art     : Explicit concurrent mark sweep GC freed 1358(79KB) AllocSpace objects, 1(20KB) LOS objects, 40% free, 22MB/37MB, paused 208us total 18.632ms
08-04 13:23:25.057 27166 27178 I art     : Starting a blocking GC Explicit
08-04 13:23:25.070 27166 27178 I art     : Explicit concurrent mark sweep GC freed 23(752B) AllocSpace objects, 0(0B) LOS objects, 40% free, 22MB/37MB, paused 146us total 12.187ms
08-04 13:23:25.076 27166 27178 I art     : Starting a blocking GC Explicit
08-04 13:23:25.088 27166 27178 I art     : Explicit concurrent mark sweep GC freed 3(96B) AllocSpace objects, 0(0B) LOS objects, 40% free, 22MB/37MB, paused 132us total 11.372ms
08-04 13:23:25.093 27166 27178 I art     : Starting a blocking GC Explicit
08-04 13:23:25.105 27166 27178 I art     : Explicit concurrent mark sweep GC freed 3(96B) AllocSpace objects, 0(0B) LOS objects, 40% free, 22MB/37MB, paused 134us total 11.330ms
08-04 13:23:25.110 27166 27178 I art     : Starting a blocking GC Explicit
08-04 13:23:25.123 27166 27178 I art     : Explicit concurrent mark sweep GC freed 3(96B) AllocSpace objects, 0(0B) LOS objects, 40% free, 22MB/37MB, paused 143us total 12.187ms
08-04 13:23:25.189 13866 13882 I PeriodicStatsRunner: PeriodicStatsRunner.call():175 call()
08-04 13:23:25.189 13866 13882 I PeriodicStatsRunner: PeriodicStatsRunner.call():179 No submit PeriodicStats since input started.
08-04 13:23:25.388 27166 27190 I art     : Starting a blocking GC Explicit
08-04 13:23:25.402 27166 27190 I art     : Explicit concurrent mark sweep GC freed 1358(79KB) AllocSpace objects, 1(20KB) LOS objects, 40% free, 22MB/37MB, paused 175us total 14.127ms
08-04 13:23:25.409 27166 27190 I art     : Starting a blocking GC Explicit
08-04 13:23:25.422 27166 27190 I art     : Explicit concurrent mark sweep GC freed 23(752B) AllocSpace objects, 0(0B) LOS objects, 40% free, 22MB/37MB, paused 148us total 12.545ms
08-04 13:23:25.427 27166 27190 I art     : Starting a blocking GC Explicit
08-04 13:23:25.439 27166 27190 I art     : Explicit concurrent mark sweep GC freed 3(96B) AllocSpace objects, 0(0B) LOS objects, 40% free, 22MB/37MB, paused 135us total 10.941ms
08-04 13:23:25.444 27166 27190 I art     : Starting a blocking GC Explicit
08-04 13:23:25.455 27166 27190 I art     : Explicit concurrent mark sweep GC freed 3(96B) AllocSpace objects, 0(0B) LOS objects, 40% free, 22MB/37MB, paused 136us total 10.999ms
08-04 13:23:25.461 27166 27190 I art     : Starting a blocking GC Explicit
08-04 13:23:25.472 27166 27190 I art     : Explicit concurrent mark sweep GC freed 3(96B) AllocSpace objects, 0(0B) LOS objects, 40% free, 22MB/37MB, paused 141us total 10.860ms
08-04 13:23:25.783 27166 27179 I art     : Starting a blocking GC Explicit
08-04 13:23:25.800 27166 27179 I art     : Explicit concurrent mark sweep GC freed 1385(80KB) AllocSpace objects, 1(20KB) LOS objects, 40% free, 22MB/37MB, paused 175us total 16.174ms
08-04 13:23:25.807 27166 27179 I art     : Starting a blocking GC Explicit
08-04 13:23:25.821 27166 27179 I art     : Explicit concurrent mark sweep GC freed 23(752B) AllocSpace objects, 0(0B) LOS objects, 40% free, 22MB/37MB, paused 158us total 13.576ms
08-04 13:23:25.828 27166 27179 I art     : Starting a blocking GC Explicit
08-04 13:23:25.841 27166 27179 I art     : Explicit concurrent mark sweep GC freed 3(96B) AllocSpace objects, 0(0B) LOS objects, 40% free, 22MB/37MB, paused 145us total 12.848ms
08-04 13:23:25.847 27166 27179 I art     : Starting a blocking GC Explicit
08-04 13:23:25.860 27166 27179 I art     : Explicit concurrent mark sweep GC freed 3(96B) AllocSpace objects, 0(0B) LOS objects, 40% free, 22MB/37MB, paused 135us total 12.348ms
08-04 13:23:25.866 27166 27179 I art     : Starting a blocking GC Explicit
08-04 13:23:25.878 27166 27179 I art     : Explicit concurrent mark sweep GC freed 3(96B) AllocSpace objects, 0(0B) LOS objects, 40% free, 22MB/37MB, paused 142us total 12.108ms
08-04 13:23:26.185 27166 27178 I art     : Starting a blocking GC Explicit
08-04 13:23:26.200 27166 27178 I art     : Explicit concurrent mark sweep GC freed 1358(79KB) AllocSpace objects, 1(20KB) LOS objects, 40% free, 22MB/37MB, paused 171us total 15.210ms
08-04 13:23:26.208 27166 27178 I art     : Starting a blocking GC Explicit
08-04 13:23:26.221 27166 27178 I art     : Explicit concurrent mark sweep GC freed 23(752B) AllocSpace objects, 0(0B) LOS objects, 40% free, 22MB/37MB, paused 145us total 12.869ms
08-04 13:23:26.227 27166 27178 I art     : Starting a blocking GC Explicit
08-04 13:23:26.240 27166 27178 I art     : Explicit concurrent mark sweep GC freed 3(96B) AllocSpace objects, 0(0B) LOS objects, 40% free, 22MB/37MB, paused 126us total 12.137ms
08-04 13:23:26.246 27166 27178 I art     : Starting a blocking GC Explicit
08-04 13:23:26.257 27166 27178 I art     : Explicit concurrent mark sweep GC freed 3(96B) AllocSpace objects, 0(0B) LOS objects, 40% free, 22MB/37MB, paused 130us total 11.434ms
08-04 13:23:26.263 27166 27178 I art     : Starting a blocking GC Explicit
08-04 13:23:26.274 27166 27178 I art     : Explicit concurrent mark sweep GC freed 3(96B) AllocSpace objects, 0(0B) LOS objects, 40% free, 22MB/37MB, paused 142us total 11.077ms
08-04 13:23:26.387 13866 13882 I PeriodicStatsRunner: PeriodicStatsRunner.call():175 call()
08-04 13:23:26.387 13866 13882 I PeriodicStatsRunner: PeriodicStatsRunner.call():179 No submit PeriodicStats since input started.
08-04 13:23:26.526 27166 27190 I art     : Starting a blocking GC Explicit
08-04 13:23:26.540 27166 27190 I art     : Explicit concurrent mark sweep GC freed 1384(80KB) AllocSpace objects, 1(20KB) LOS objects, 40% free, 22MB/37MB, paused 162us total 12.882ms
08-04 13:23:26.546 27166 27190 I art     : Starting a blocking GC Explicit
08-04 13:23:26.559 27166 27190 I art     : Explicit concurrent mark sweep GC freed 23(752B) AllocSpace objects, 0(0B) LOS objects, 40% free, 22MB/37MB, paused 160us total 12.753ms
08-04 13:23:26.562 27368 27368 D AndroidRuntime: >>>>>> START com.android.internal.os.RuntimeInit uid 2000 <<<<<<
08-04 13:23:26.565 27166 27190 I art     : Starting a blocking GC Explicit
08-04 13:23:26.567 27368 27368 D AndroidRuntime: CheckJNI is OFF
08-04 13:23:26.578 27166 27190 I art     : Explicit concurrent mark sweep GC freed 3(96B) AllocSpace objects, 0(0B) LOS objects, 40% free, 22MB/37MB, paused 154us total 12.246ms
08-04 13:23:26.584 27166 27190 I art     : Starting a blocking GC Explicit
08-04 13:23:26.595 27368 27368 D ICU     : No timezone override file found: /data/misc/zoneinfo/current/icu/icu_tzdata.dat
08-04 13:23:26.596 27166 27190 I art     : Explicit concurrent mark sweep GC freed 3(96B) AllocSpace objects, 0(0B) LOS objects, 40% free, 22MB/37MB, paused 166us total 12ms
08-04 13:23:26.602 27166 27190 I art     : Starting a blocking GC Explicit
08-04 13:23:26.614 27166 27190 I art     : Explicit concurrent mark sweep GC freed 3(96B) AllocSpace objects, 0(0B) LOS objects, 40% free, 22MB/37MB, paused 157us total 11.467ms
08-04 13:23:26.620 27368 27368 I Radio-JNI: register_android_hardware_Radio DONE
08-04 13:23:26.636 27368 27368 D AndroidRuntime: Calling main entry com.android.commands.input.Input
08-04 13:23:26.637 27368 27368 I Input   : injectMotionEvent: MotionEvent { action=ACTION_DOWN, actionButton=0, id[0]=0, x[0]=1233.0, y[0]=1274.0, toolType[0]=TOOL_TYPE_UNKNOWN, buttonState=0, metaState=0, flags=0x0, edgeFlags=0x0, pointerCount=1, historySize=0, eventTime=710623050, downTime=710623050, deviceId=0, source=0x1002 }
08-04 13:23:26.644 27368 27368 I Input   : injectMotionEvent: MotionEvent { action=ACTION_UP, actionButton=0, id[0]=0, x[0]=1233.0, y[0]=1274.0, toolType[0]=TOOL_TYPE_UNKNOWN, buttonState=0, metaState=0, flags=0x0, edgeFlags=0x0, pointerCount=1, historySize=0, eventTime=710623050, downTime=710623050, deviceId=0, source=0x1002 }
08-04 13:23:26.645 27368 27368 D AndroidRuntime: Shutting down VM
08-04 13:23:26.835 27166 27178 I art     : Starting a blocking GC Explicit
08-04 13:23:26.850 27166 27178 I art     : Explicit concurrent mark sweep GC freed 1360(79KB) AllocSpace objects, 1(20KB) LOS objects, 40% free, 22MB/37MB, paused 137us total 14.426ms
08-04 13:23:26.858 27166 27178 I art     : Starting a blocking GC Explicit
08-04 13:23:26.872 27166 27178 I art     : Explicit concurrent mark sweep GC freed 23(752B) AllocSpace objects, 0(0B) LOS objects, 40% free, 22MB/37MB, paused 148us total 13.574ms
08-04 13:23:26.878 27166 27178 I art     : Starting a blocking GC Explicit
08-04 13:23:26.890 27166 27178 I art     : Explicit concurrent mark sweep GC freed 3(96B) AllocSpace objects, 0(0B) LOS objects, 40% free, 22MB/37MB, paused 136us total 12.109ms
08-04 13:23:26.896 27166 27178 I art     : Starting a blocking GC Explicit
08-04 13:23:26.909 27166 27178 I art     : Explicit concurrent mark sweep GC freed 3(96B) AllocSpace objects, 0(0B) LOS objects, 40% free, 22MB/37MB, paused 145us total 12.223ms
08-04 13:23:26.914 27166 27178 I art     : Starting a blocking GC Explicit
08-04 13:23:26.927 27166 27178 I art     : Explicit concurrent mark sweep GC freed 3(96B) AllocSpace objects, 0(0B) LOS objects, 40% free, 22MB/37MB, paused 152us total 12.456ms
08-04 13:23:27.073 13866 13866 I GoogleInputMethodServic: GoogleInputMethodService.onFinishInput():3138 
08-04 13:23:27.074 13866 13866 I GoogleInputMethodServic: GoogleInputMethodService.onStartInput():1808 
08-04 13:23:27.193 27166 27179 I art     : Starting a blocking GC Explicit
08-04 13:23:27.210 27166 27179 I art     : Explicit concurrent mark sweep GC freed 1454(83KB) AllocSpace objects, 1(20KB) LOS objects, 40% free, 22MB/37MB, paused 182us total 17.114ms
08-04 13:23:27.220 27166 27179 I art     : Starting a blocking GC Explicit
08-04 13:23:27.233 27166 27179 I art     : Explicit concurrent mark sweep GC freed 31(1200B) AllocSpace objects, 0(0B) LOS objects, 40% free, 22MB/37MB, paused 158us total 13.040ms
08-04 13:23:27.240 27166 27179 I art     : Starting a blocking GC Explicit
08-04 13:23:27.252 27166 27179 I art     : Explicit concurrent mark sweep GC freed 3(96B) AllocSpace objects, 0(0B) LOS objects, 40% free, 22MB/37MB, paused 147us total 12.402ms
08-04 13:23:27.259 27166 27179 I art     : Starting a blocking GC Explicit
08-04 13:23:27.271 27166 27179 I art     : Explicit concurrent mark sweep GC freed 3(96B) AllocSpace objects, 0(0B) LOS objects, 40% free, 22MB/37MB, paused 149us total 12.029ms
08-04 13:23:27.277 27166 27179 I art     : Starting a blocking GC Explicit
08-04 13:23:27.290 27166 27179 I art     : Explicit concurrent mark sweep GC freed 3(96B) AllocSpace objects, 0(0B) LOS objects, 40% free, 22MB/37MB, paused 145us total 12.295ms
08-04 13:23:27.550 27166 27178 I art     : Starting a blocking GC Explicit
08-04 13:23:27.565 27166 27178 I art     : Explicit concurrent mark sweep GC freed 1384(80KB) AllocSpace objects, 1(20KB) LOS objects, 40% free, 22MB/37MB, paused 158us total 15.029ms
08-04 13:23:27.574 27166 27178 I art     : Starting a blocking GC Explicit
08-04 13:23:27.592 27166 27178 I art     : Explicit concurrent mark sweep GC freed 23(752B) AllocSpace objects, 0(0B) LOS objects, 40% free, 22MB/37MB, paused 148us total 16.939ms
08-04 13:23:27.600 27166 27178 I art     : Starting a blocking GC Explicit
08-04 13:23:27.613 27166 27178 I art     : Explicit concurrent mark sweep GC freed 3(96B) AllocSpace objects, 0(0B) LOS objects, 40% free, 22MB/37MB, paused 144us total 13.152ms
08-04 13:23:27.620 27166 27178 I art     : Starting a blocking GC Explicit
08-04 13:23:27.633 27166 27178 I art     : Explicit concurrent mark sweep GC freed 3(96B) AllocSpace objects, 0(0B) LOS objects, 40% free, 22MB/37MB, paused 144us total 13.170ms
08-04 13:23:27.640 27166 27178 I art     : Starting a blocking GC Explicit
08-04 13:23:27.652 27166 27178 I art     : Explicit concurrent mark sweep GC freed 3(96B) AllocSpace objects, 0(0B) LOS objects, 40% free, 22MB/37MB, paused 141us total 12.334ms
08-04 13:23:27.925 27166 27190 I art     : Starting a blocking GC Explicit
08-04 13:23:27.940 27166 27190 I art     : Explicit concurrent mark sweep GC freed 1357(79KB) AllocSpace objects, 1(20KB) LOS objects, 40% free, 22MB/37MB, paused 173us total 15.185ms
08-04 13:23:27.947 27166 27190 I art     : Starting a blocking GC Explicit
08-04 13:23:27.960 27166 27190 I art     : Explicit concurrent mark sweep GC freed 23(752B) AllocSpace objects, 0(0B) LOS objects, 40% free, 22MB/37MB, paused 149us total 12.819ms
08-04 13:23:27.966 27166 27190 I art     : Starting a blocking GC Explicit
08-04 13:23:27.979 27166 27190 I art     : Explicit concurrent mark sweep GC freed 3(96B) AllocSpace objects, 0(0B) LOS objects, 40% free, 22MB/37MB, paused 166us total 12.236ms
08-04 13:23:27.985 27166 27190 I art     : Starting a blocking GC Explicit
08-04 13:23:27.997 27166 27190 I art     : Explicit concurrent mark sweep GC freed 3(96B) AllocSpace objects, 0(0B) LOS objects, 40% free, 22MB/37MB, paused 141us total 12.497ms
08-04 13:23:28.003 27166 27190 I art     : Starting a blocking GC Explicit
08-04 13:23:28.015 27166 27190 I art     : Explicit concurrent mark sweep GC freed 3(96B) AllocSpace objects, 0(0B) LOS objects, 40% free, 22MB/37MB, paused 143us total 12.073ms
08-04 13:23:28.211 27439 27439 D AndroidRuntime: >>>>>> START com.android.internal.os.RuntimeInit uid 2000 <<<<<<
08-04 13:23:28.216 27439 27439 D AndroidRuntime: CheckJNI is OFF
08-04 13:23:28.241 27439 27439 D ICU     : No timezone override file found: /data/misc/zoneinfo/current/icu/icu_tzdata.dat
08-04 13:23:28.267 27439 27439 I Radio-JNI: register_android_hardware_Radio DONE
08-04 13:23:28.274 27166 27179 I art     : Starting a blocking GC Explicit
08-04 13:23:28.284 27439 27439 D AndroidRuntime: Calling main entry com.android.commands.input.Input
08-04 13:23:28.285 27439 27439 I Input   : injectMotionEvent: MotionEvent { action=ACTION_DOWN, actionButton=0, id[0]=0, x[0]=103.0, y[0]=192.0, toolType[0]=TOOL_TYPE_UNKNOWN, buttonState=0, metaState=0, flags=0x0, edgeFlags=0x0, pointerCount=1, historySize=0, eventTime=710624698, downTime=710624698, deviceId=0, source=0x1002 }
08-04 13:23:28.287 27166 27179 I art     : Explicit concurrent mark sweep GC freed 1357(79KB) AllocSpace objects, 1(20KB) LOS objects, 40% free, 22MB/37MB, paused 183us total 13.268ms
08-04 13:23:28.292 27439 27439 I Input   : injectMotionEvent: MotionEvent { action=ACTION_UP, actionButton=0, id[0]=0, x[0]=103.0, y[0]=192.0, toolType[0]=TOOL_TYPE_UNKNOWN, buttonState=0, metaState=0, flags=0x0, edgeFlags=0x0, pointerCount=1, historySize=0, eventTime=710624698, downTime=710624698, deviceId=0, source=0x1002 }
08-04 13:23:28.293 27439 27439 D AndroidRuntime: Shutting down VM
08-04 13:23:28.294 27166 27179 I art     : Starting a blocking GC Explicit
08-04 13:23:28.301   512  2967 D audio_hw_primary: out_set_parameters: enter: usecase(1: low-latency-playback) kvpairs: routing=2
08-04 13:23:28.308 27166 27179 I art     : Explicit concurrent mark sweep GC freed 53(1680B) AllocSpace objects, 0(0B) LOS objects, 40% free, 22MB/37MB, paused 182us total 14.153ms
08-04 13:23:28.314   512  2967 D audio_hw_primary: select_devices: out_snd_device(2: speaker) in_snd_device(0: none)
08-04 13:23:28.314   512  2967 D msm8974_platform: platform_send_audio_calibration: sending audio calibration for snd_device(2) acdb_id(15)
08-04 13:23:28.315   512  2967 I soundtrigger: audio_extn_sound_trigger_update_device_status: device 0x2 of type 0 for Event 1
08-04 13:23:28.316 27166 27179 I art     : Starting a blocking GC Explicit
08-04 13:23:28.326   512  2967 D audio_hw_primary: enable_snd_device: snd_device(2: speaker)
08-04 13:23:28.328   512  2967 D audio_hw_primary: enable_audio_route: apply and update mixer path: low-latency-playback speaker
08-04 13:23:28.330 27166 27179 I art     : Explicit concurrent mark sweep GC freed 34(1088B) AllocSpace objects, 0(0B) LOS objects, 40% free, 22MB/37MB, paused 165us total 13.779ms
08-04 13:23:28.335 27166 27179 I art     : Starting a blocking GC Explicit
08-04 13:23:28.338 13866 13866 I GoogleInputMethodServic: GoogleInputMethodService.onFinishInput():3138 
08-04 13:23:28.339 13866 13866 I GoogleInputMethodServic: GoogleInputMethodService.onStartInput():1808 
08-04 13:23:28.348 27166 27179 I art     : Explicit concurrent mark sweep GC freed 69(2864B) AllocSpace objects, 0(0B) LOS objects, 40% free, 22MB/37MB, paused 157us total 12.286ms
08-04 13:23:28.354 27166 27179 I art     : Starting a blocking GC Explicit
08-04 13:23:28.366 27166 27179 I art     : Explicit concurrent mark sweep GC freed 11(544B) AllocSpace objects, 0(0B) LOS objects, 40% free, 22MB/37MB, paused 284us total 11.963ms
08-04 13:23:28.595 27166 27179 I art     : Starting a blocking GC Explicit
08-04 13:23:28.608 27166 27179 I art     : Explicit concurrent mark sweep GC freed 1766(100KB) AllocSpace objects, 1(20KB) LOS objects, 40% free, 22MB/37MB, paused 158us total 12.371ms
08-04 13:23:28.614 27166 27179 I art     : Starting a blocking GC Explicit
08-04 13:23:28.626 27166 27179 I art     : Explicit concurrent mark sweep GC freed 29(1104B) AllocSpace objects, 0(0B) LOS objects, 40% free, 22MB/37MB, paused 143us total 11.694ms
08-04 13:23:28.632 27166 27179 I art     : Starting a blocking GC Explicit
08-04 13:23:28.644 27166 27179 I art     : Explicit concurrent mark sweep GC freed 3(96B) AllocSpace objects, 0(0B) LOS objects, 40% free, 22MB/37MB, paused 162us total 12.424ms
08-04 13:23:28.651 27166 27179 I art     : Starting a blocking GC Explicit
08-04 13:23:28.663 27166 27179 I art     : Explicit concurrent mark sweep GC freed 9(288B) AllocSpace objects, 0(0B) LOS objects, 40% free, 22MB/37MB, paused 161us total 11.743ms
08-04 13:23:28.669 27166 27179 I art     : Starting a blocking GC Explicit
08-04 13:23:28.681 27166 27179 I art     : Explicit concurrent mark sweep GC freed 3(96B) AllocSpace objects, 0(0B) LOS objects, 40% free, 22MB/37MB, paused 174us total 11.927ms
08-04 13:23:28.835 27464 27464 D AndroidRuntime: >>>>>> START com.android.internal.os.RuntimeInit uid 2000 <<<<<<
08-04 13:23:28.839 27464 27464 D AndroidRuntime: CheckJNI is OFF
08-04 13:23:28.863 27464 27464 D ICU     : No timezone override file found: /data/misc/zoneinfo/current/icu/icu_tzdata.dat
08-04 13:23:28.869   512  2967 D audio_hw_primary: disable_audio_route: reset and update mixer path: low-latency-playback speaker
08-04 13:23:28.870   512  2967 D audio_hw_primary: disable_snd_device: snd_device(2: speaker)
08-04 13:23:28.878   512  2967 I soundtrigger: audio_extn_sound_trigger_update_device_status: device 0x2 of type 0 for Event 0
08-04 13:23:28.887 27464 27464 I Radio-JNI: register_android_hardware_Radio DONE
08-04 13:23:28.903 27464 27464 D AndroidRuntime: Calling main entry com.android.commands.input.Input
08-04 13:23:28.904 27464 27464 I Input   : injectMotionEvent: MotionEvent { action=ACTION_DOWN, actionButton=0, id[0]=0, x[0]=324.0, y[0]=2298.0, toolType[0]=TOOL_TYPE_UNKNOWN, buttonState=0, metaState=0, flags=0x0, edgeFlags=0x0, pointerCount=1, historySize=0, eventTime=710625318, downTime=710625318, deviceId=0, source=0x1002 }
08-04 13:23:28.908 27464 27464 I Input   : injectMotionEvent: MotionEvent { action=ACTION_UP, actionButton=0, id[0]=0, x[0]=324.0, y[0]=2298.0, toolType[0]=TOOL_TYPE_UNKNOWN, buttonState=0, metaState=0, flags=0x0, edgeFlags=0x0, pointerCount=1, historySize=0, eventTime=710625318, downTime=710625318, deviceId=0, source=0x1002 }
08-04 13:23:28.910 27464 27464 D AndroidRuntime: Shutting down VM
08-04 13:23:28.919   918  5132 I ActivityManager: START u0 {cmp=baseline.de.danoeh.antennapod.debug/baseline.de.danoeh.antennapod.activity.PreferenceActivity} from uid 10670 on display 0
08-04 13:23:28.920   512  2967 D audio_hw_primary: out_set_parameters: enter: usecase(1: low-latency-playback) kvpairs: routing=2
08-04 13:23:28.929 27166 27190 I art     : Starting a blocking GC Explicit
08-04 13:23:28.933   512  2967 D audio_hw_primary: select_devices: out_snd_device(2: speaker) in_snd_device(0: none)
08-04 13:23:28.933   512  2967 D msm8974_platform: platform_send_audio_calibration: sending audio calibration for snd_device(2) acdb_id(15)
08-04 13:23:28.933   512  2967 I soundtrigger: audio_extn_sound_trigger_update_device_status: device 0x2 of type 0 for Event 1
08-04 13:23:28.943 27166 27190 I art     : Explicit concurrent mark sweep GC freed 1457(107KB) AllocSpace objects, 2(40KB) LOS objects, 40% free, 22MB/37MB, paused 204us total 13.438ms
08-04 13:23:28.944   512  2967 D audio_hw_primary: enable_snd_device: snd_device(2: speaker)
08-04 13:23:28.947   512  2967 D audio_hw_primary: enable_audio_route: apply and update mixer path: low-latency-playback speaker
08-04 13:23:28.948 27166 27190 I art     : Starting a blocking GC Explicit
08-04 13:23:28.962 27166 27190 I art     : Explicit concurrent mark sweep GC freed 611(54KB) AllocSpace objects, 0(0B) LOS objects, 40% free, 22MB/37MB, paused 401us total 13.376ms
08-04 13:23:28.968 27166 27190 I art     : Starting a blocking GC Explicit
08-04 13:23:28.983 27166 27190 I art     : Explicit concurrent mark sweep GC freed 514(106KB) AllocSpace objects, 0(0B) LOS objects, 40% free, 22MB/37MB, paused 738us total 14.537ms
08-04 13:23:28.989 27166 27190 I art     : Starting a blocking GC Explicit
08-04 13:23:28.992   512  2967 D AudioFlinger: mixer(0xf4740000) throttle end: throttle time(12)
08-04 13:23:29.002 27166 27190 I art     : Explicit concurrent mark sweep GC freed 291(31KB) AllocSpace objects, 0(0B) LOS objects, 40% free, 22MB/37MB, paused 152us total 12.886ms
08-04 13:23:29.008 27166 27190 I art     : Starting a blocking GC Explicit
08-04 13:23:29.020 27166 27190 I art     : Explicit concurrent mark sweep GC freed 39(1840B) AllocSpace objects, 0(0B) LOS objects, 40% free, 22MB/37MB, paused 185us total 11.726ms
08-04 13:23:29.179   918   936 I ActivityManager: Displayed baseline.de.danoeh.antennapod.debug/baseline.de.danoeh.antennapod.activity.PreferenceActivity: +239ms
08-04 13:23:29.179 13866 13866 I GoogleInputMethodServic: GoogleInputMethodService.onFinishInput():3138 
08-04 13:23:29.180 13866 13866 I GoogleInputMethodServic: GoogleInputMethodService.onStartInput():1808 
08-04 13:23:29.204 27166 27187 D OpenGLRenderer: endAllStagingAnimators on 0x7f7f1a1400 (RippleDrawable) with handle 0x7f7e2a6ec0
08-04 13:23:29.250 27166 27190 I art     : Starting a blocking GC Explicit
08-04 13:23:29.265 27166 27190 I art     : Explicit concurrent mark sweep GC freed 3340(242KB) AllocSpace objects, 1(20KB) LOS objects, 40% free, 23MB/39MB, paused 153us total 14.764ms
08-04 13:23:29.272 27166 27190 I art     : Starting a blocking GC Explicit
08-04 13:23:29.286 27166 27190 I art     : Explicit concurrent mark sweep GC freed 223(10KB) AllocSpace objects, 0(0B) LOS objects, 40% free, 23MB/38MB, paused 142us total 13.836ms
08-04 13:23:29.292 27166 27190 I art     : Starting a blocking GC Explicit
08-04 13:23:29.307 27166 27190 I art     : Explicit concurrent mark sweep GC freed 3(96B) AllocSpace objects, 0(0B) LOS objects, 40% free, 23MB/38MB, paused 141us total 14.928ms
08-04 13:23:29.313 27166 27190 I art     : Starting a blocking GC Explicit
08-04 13:23:29.328 27166 27190 I art     : Explicit concurrent mark sweep GC freed 3(96B) AllocSpace objects, 0(0B) LOS objects, 40% free, 23MB/38MB, paused 141us total 13.989ms
08-04 13:23:29.334 27166 27190 I art     : Starting a blocking GC Explicit
08-04 13:23:29.350 27166 27190 I art     : Explicit concurrent mark sweep GC freed 3(96B) AllocSpace objects, 0(0B) LOS objects, 40% free, 23MB/38MB, paused 170us total 15.146ms
08-04 13:23:29.418   380   380 W SurfaceFlinger: couldn't log to binary event log: overflow.
08-04 13:23:29.489   512  2967 D audio_hw_primary: disable_audio_route: reset and update mixer path: low-latency-playback speaker
08-04 13:23:29.490   512  2967 D audio_hw_primary: disable_snd_device: snd_device(2: speaker)
08-04 13:23:29.498   512  2967 I soundtrigger: audio_extn_sound_trigger_update_device_status: device 0x2 of type 0 for Event 0
08-04 13:23:29.541 27166 27166 D PlaybackController: Releasing PlaybackController
08-04 13:23:29.618 27166 27178 I art     : Starting a blocking GC Explicit
08-04 13:23:29.636 27166 27178 I art     : Explicit concurrent mark sweep GC freed 1647(98KB) AllocSpace objects, 1(20KB) LOS objects, 40% free, 23MB/39MB, paused 157us total 17.916ms
08-04 13:23:29.643 27166 27178 I art     : Starting a blocking GC Explicit
08-04 13:23:29.659 27166 27178 I art     : Explicit concurrent mark sweep GC freed 63(2064B) AllocSpace objects, 0(0B) LOS objects, 40% free, 23MB/39MB, paused 140us total 15.312ms
08-04 13:23:29.665 27166 27178 I art     : Starting a blocking GC Explicit
08-04 13:23:29.680 27166 27178 I art     : Explicit concurrent mark sweep GC freed 3(96B) AllocSpace objects, 0(0B) LOS objects, 40% free, 23MB/39MB, paused 142us total 14.940ms
08-04 13:23:29.687 27166 27178 I art     : Starting a blocking GC Explicit
08-04 13:23:29.702 27166 27178 I art     : Explicit concurrent mark sweep GC freed 3(96B) AllocSpace objects, 0(0B) LOS objects, 40% free, 23MB/39MB, paused 141us total 14.483ms
08-04 13:23:29.708 27166 27178 I art     : Starting a blocking GC Explicit
08-04 13:23:29.723 27166 27178 I art     : Explicit concurrent mark sweep GC freed 3(96B) AllocSpace objects, 0(0B) LOS objects, 40% free, 23MB/39MB, paused 144us total 14.730ms
08-04 13:23:29.999 27166 27190 I art     : Starting a blocking GC Explicit
08-04 13:23:30.017 27166 27190 I art     : Explicit concurrent mark sweep GC freed 1360(80KB) AllocSpace objects, 1(20KB) LOS objects, 40% free, 23MB/39MB, paused 182us total 17.844ms
08-04 13:23:30.024 27166 27190 I art     : Starting a blocking GC Explicit
08-04 13:23:30.040 27166 27190 I art     : Explicit concurrent mark sweep GC freed 23(752B) AllocSpace objects, 0(0B) LOS objects, 40% free, 23MB/39MB, paused 158us total 15.661ms
08-04 13:23:30.047 27166 27190 I art     : Starting a blocking GC Explicit
08-04 13:23:30.062 27166 27190 I art     : Explicit concurrent mark sweep GC freed 3(96B) AllocSpace objects, 0(0B) LOS objects, 40% free, 23MB/39MB, paused 154us total 15.221ms
08-04 13:23:30.069 27166 27190 I art     : Starting a blocking GC Explicit
08-04 13:23:30.084 27166 27190 I art     : Explicit concurrent mark sweep GC freed 3(96B) AllocSpace objects, 0(0B) LOS objects, 40% free, 23MB/39MB, paused 153us total 14.892ms
08-04 13:23:30.091 27166 27190 I art     : Starting a blocking GC Explicit
08-04 13:23:30.106 27166 27190 I art     : Explicit concurrent mark sweep GC freed 3(96B) AllocSpace objects, 0(0B) LOS objects, 40% free, 23MB/39MB, paused 155us total 15.062ms
08-04 13:23:30.346 27166 27179 I art     : Starting a blocking GC Explicit
08-04 13:23:30.362 27166 27179 I art     : Explicit concurrent mark sweep GC freed 1360(80KB) AllocSpace objects, 1(20KB) LOS objects, 40% free, 23MB/39MB, paused 168us total 15.629ms
08-04 13:23:30.369 27166 27179 I art     : Starting a blocking GC Explicit
08-04 13:23:30.384 27166 27179 I art     : Explicit concurrent mark sweep GC freed 23(752B) AllocSpace objects, 0(0B) LOS objects, 40% free, 23MB/39MB, paused 151us total 14.828ms
08-04 13:23:30.391 27166 27179 I art     : Starting a blocking GC Explicit
08-04 13:23:30.405 27166 27179 I art     : Explicit concurrent mark sweep GC freed 3(96B) AllocSpace objects, 0(0B) LOS objects, 40% free, 23MB/39MB, paused 145us total 14.231ms
08-04 13:23:30.411 27166 27179 I art     : Starting a blocking GC Explicit
08-04 13:23:30.426 27166 27179 I art     : Explicit concurrent mark sweep GC freed 3(96B) AllocSpace objects, 0(0B) LOS objects, 40% free, 23MB/39MB, paused 146us total 14.218ms
08-04 13:23:30.432 27166 27179 I art     : Starting a blocking GC Explicit
08-04 13:23:30.446 27166 27179 I art     : Explicit concurrent mark sweep GC freed 3(96B) AllocSpace objects, 0(0B) LOS objects, 40% free, 23MB/39MB, paused 146us total 14.234ms
08-04 13:23:30.471 27527 27527 D AndroidRuntime: >>>>>> START com.android.internal.os.RuntimeInit uid 2000 <<<<<<
08-04 13:23:30.475 27527 27527 D AndroidRuntime: CheckJNI is OFF
08-04 13:23:30.501 27527 27527 D ICU     : No timezone override file found: /data/misc/zoneinfo/current/icu/icu_tzdata.dat
08-04 13:23:30.527 27527 27527 I Radio-JNI: register_android_hardware_Radio DONE
08-04 13:23:30.543 27527 27527 D AndroidRuntime: Calling main entry com.android.commands.input.Input
08-04 13:23:30.545 27527 27527 I Input   : injectMotionEvent: MotionEvent { action=ACTION_DOWN, actionButton=0, id[0]=0, x[0]=400.0, y[0]=997.0, toolType[0]=TOOL_TYPE_UNKNOWN, buttonState=0, metaState=0, flags=0x0, edgeFlags=0x0, pointerCount=1, historySize=0, eventTime=710626958, downTime=710626958, deviceId=0, source=0x1002 }
08-04 13:23:30.551 27527 27527 I Input   : injectMotionEvent: MotionEvent { action=ACTION_UP, actionButton=0, id[0]=0, x[0]=400.0, y[0]=997.0, toolType[0]=TOOL_TYPE_UNKNOWN, buttonState=0, metaState=0, flags=0x0, edgeFlags=0x0, pointerCount=1, historySize=0, eventTime=710626958, downTime=710626958, deviceId=0, source=0x1002 }
08-04 13:23:30.553 27527 27527 D AndroidRuntime: Shutting down VM
08-04 13:23:30.573   512  2967 D audio_hw_primary: out_set_parameters: enter: usecase(1: low-latency-playback) kvpairs: routing=2
08-04 13:23:30.586   512  2967 D audio_hw_primary: select_devices: out_snd_device(2: speaker) in_snd_device(0: none)
08-04 13:23:30.586   512  2967 D msm8974_platform: platform_send_audio_calibration: sending audio calibration for snd_device(2) acdb_id(15)
08-04 13:23:30.586   512  2967 I soundtrigger: audio_extn_sound_trigger_update_device_status: device 0x2 of type 0 for Event 1
08-04 13:23:30.594   512  2967 D audio_hw_primary: enable_snd_device: snd_device(2: speaker)
08-04 13:23:30.596   512  2967 D audio_hw_primary: enable_audio_route: apply and update mixer path: low-latency-playback speaker
08-04 13:23:30.656 13866 13866 I GoogleInputMethodServic: GoogleInputMethodService.onFinishInput():3138 
08-04 13:23:30.658 13866 13866 I GoogleInputMethodServic: GoogleInputMethodService.onStartInput():1808 
08-04 13:23:30.662 27166 27190 I art     : Starting a blocking GC Explicit
08-04 13:23:30.678 27166 27190 I art     : Explicit concurrent mark sweep GC freed 2972(188KB) AllocSpace objects, 2(40KB) LOS objects, 40% free, 23MB/39MB, paused 145us total 15.972ms
08-04 13:23:30.685 27166 27190 I art     : Starting a blocking GC Explicit
08-04 13:23:30.699 27166 27190 I art     : Explicit concurrent mark sweep GC freed 192(9KB) AllocSpace objects, 0(0B) LOS objects, 40% free, 23MB/39MB, paused 150us total 14.732ms
08-04 13:23:30.706 27166 27190 I art     : Starting a blocking GC Explicit
08-04 13:23:30.721 27166 27190 I art     : Explicit concurrent mark sweep GC freed 3(96B) AllocSpace objects, 0(0B) LOS objects, 40% free, 23MB/39MB, paused 150us total 14.916ms
08-04 13:23:30.727 27166 27190 I art     : Starting a blocking GC Explicit
08-04 13:23:30.743 27166 27190 I art     : Explicit concurrent mark sweep GC freed 3(96B) AllocSpace objects, 0(0B) LOS objects, 40% free, 23MB/39MB, paused 156us total 15.648ms
08-04 13:23:30.750 27166 27190 I art     : Starting a blocking GC Explicit
08-04 13:23:30.765 27166 27190 I art     : Explicit concurrent mark sweep GC freed 3(96B) AllocSpace objects, 0(0B) LOS objects, 40% free, 23MB/39MB, paused 163us total 15.544ms
08-04 13:23:30.985 27166 27179 I art     : Starting a blocking GC Explicit
08-04 13:23:31.003 27166 27179 I art     : Explicit concurrent mark sweep GC freed 1362(80KB) AllocSpace objects, 1(20KB) LOS objects, 40% free, 23MB/39MB, paused 164us total 16.999ms
08-04 13:23:31.010 27166 27179 I art     : Starting a blocking GC Explicit
08-04 13:23:31.027 27166 27179 I art     : Explicit concurrent mark sweep GC freed 23(752B) AllocSpace objects, 0(0B) LOS objects, 40% free, 23MB/39MB, paused 195us total 17.013ms
08-04 13:23:31.034 27166 27179 I art     : Starting a blocking GC Explicit
08-04 13:23:31.050 27166 27179 I art     : Explicit concurrent mark sweep GC freed 3(96B) AllocSpace objects, 0(0B) LOS objects, 40% free, 23MB/39MB, paused 169us total 16.044ms
08-04 13:23:31.057 27166 27179 I art     : Starting a blocking GC Explicit
08-04 13:23:31.073 27166 27179 I art     : Explicit concurrent mark sweep GC freed 3(96B) AllocSpace objects, 0(0B) LOS objects, 40% free, 23MB/39MB, paused 151us total 16.361ms
08-04 13:23:31.080 27166 27179 I art     : Starting a blocking GC Explicit
08-04 13:23:31.095 27166 27179 I art     : Explicit concurrent mark sweep GC freed 3(96B) AllocSpace objects, 0(0B) LOS objects, 40% free, 23MB/39MB, paused 148us total 15.333ms
08-04 13:23:31.116 27561 27561 D AndroidRuntime: >>>>>> START com.android.internal.os.RuntimeInit uid 2000 <<<<<<
08-04 13:23:31.120 27561 27561 D AndroidRuntime: CheckJNI is OFF
08-04 13:23:31.128   512  2967 D audio_hw_primary: disable_audio_route: reset and update mixer path: low-latency-playback speaker
08-04 13:23:31.129   512  2967 D audio_hw_primary: disable_snd_device: snd_device(2: speaker)
08-04 13:23:31.137   512  2967 I soundtrigger: audio_extn_sound_trigger_update_device_status: device 0x2 of type 0 for Event 0
08-04 13:23:31.144 27561 27561 D ICU     : No timezone override file found: /data/misc/zoneinfo/current/icu/icu_tzdata.dat
08-04 13:23:31.169 27561 27561 I Radio-JNI: register_android_hardware_Radio DONE
08-04 13:23:31.186 27561 27561 D AndroidRuntime: Calling main entry com.android.commands.input.Input
08-04 13:23:31.187 27561 27561 I Input   : injectMotionEvent: MotionEvent { action=ACTION_DOWN, actionButton=0, id[0]=0, x[0]=697.0, y[0]=656.0, toolType[0]=TOOL_TYPE_UNKNOWN, buttonState=0, metaState=0, flags=0x0, edgeFlags=0x0, pointerCount=1, historySize=0, eventTime=710627600, downTime=710627600, deviceId=0, source=0x1002 }
08-04 13:23:31.192 27561 27561 I Input   : injectMotionEvent: MotionEvent { action=ACTION_UP, actionButton=0, id[0]=0, x[0]=697.0, y[0]=656.0, toolType[0]=TOOL_TYPE_UNKNOWN, buttonState=0, metaState=0, flags=0x0, edgeFlags=0x0, pointerCount=1, historySize=0, eventTime=710627600, downTime=710627600, deviceId=0, source=0x1002 }
08-04 13:23:31.193 27561 27561 D AndroidRuntime: Shutting down VM
08-04 13:23:31.205   512  2967 D audio_hw_primary: out_set_parameters: enter: usecase(1: low-latency-playback) kvpairs: routing=2
08-04 13:23:31.218   512  2967 D audio_hw_primary: select_devices: out_snd_device(2: speaker) in_snd_device(0: none)
08-04 13:23:31.218   512  2967 D msm8974_platform: platform_send_audio_calibration: sending audio calibration for snd_device(2) acdb_id(15)
08-04 13:23:31.219   512  2967 I soundtrigger: audio_extn_sound_trigger_update_device_status: device 0x2 of type 0 for Event 1
08-04 13:23:31.230   512  2967 D audio_hw_primary: enable_snd_device: snd_device(2: speaker)
08-04 13:23:31.232   512  2967 D audio_hw_primary: enable_audio_route: apply and update mixer path: low-latency-playback speaker
08-04 13:23:31.272 13866 13866 I GoogleInputMethodServic: GoogleInputMethodService.onFinishInput():3138 
08-04 13:23:31.273 13866 13866 I GoogleInputMethodServic: GoogleInputMethodService.onStartInput():1808 
08-04 13:23:31.275   512  2967 D AudioFlinger: mixer(0xf4740000) throttle end: throttle time(12)
08-04 13:23:31.323 27166 27179 I art     : Starting a blocking GC Explicit
08-04 13:23:31.341 27166 27179 I art     : Explicit concurrent mark sweep GC freed 2409(194KB) AllocSpace objects, 1(20KB) LOS objects, 40% free, 23MB/39MB, paused 150us total 17.718ms
08-04 13:23:31.350 27166 27179 I art     : Starting a blocking GC Explicit
08-04 13:23:31.367 27166 27179 I art     : Explicit concurrent mark sweep GC freed 163(7KB) AllocSpace objects, 0(0B) LOS objects, 40% free, 23MB/39MB, paused 244us total 16.808ms
08-04 13:23:31.373 27166 27179 I art     : Starting a blocking GC Explicit
08-04 13:23:31.389 27166 27179 I art     : Explicit concurrent mark sweep GC freed 3(96B) AllocSpace objects, 0(0B) LOS objects, 40% free, 23MB/39MB, paused 142us total 15.925ms
08-04 13:23:31.397 27166 27179 I art     : Starting a blocking GC Explicit
08-04 13:23:31.414 27166 27179 I art     : Explicit concurrent mark sweep GC freed 3(96B) AllocSpace objects, 0(0B) LOS objects, 40% free, 23MB/39MB, paused 146us total 16.899ms
08-04 13:23:31.421 27166 27179 I art     : Starting a blocking GC Explicit
08-04 13:23:31.437 27166 27179 I art     : Explicit concurrent mark sweep GC freed 5(160B) AllocSpace objects, 0(0B) LOS objects, 40% free, 23MB/39MB, paused 148us total 16.546ms
08-04 13:23:31.487 29532 29532 W PathParser: Points are too far apart 4.030360828967057
08-04 13:23:31.487 29532 29532 W PathParser: Points are too far apart 4.030360538880159
08-04 13:23:31.503 29532 29532 W PathParser: Points are too far apart 4.030360828967057
08-04 13:23:31.503 29532 29532 W PathParser: Points are too far apart 4.030360538880159
08-04 13:23:31.520 29532 29532 W PathParser: Points are too far apart 4.030360828967057
08-04 13:23:31.520 29532 29532 W PathParser: Points are too far apart 4.030360538880159
08-04 13:23:31.537 29532 29532 W PathParser: Points are too far apart 4.030360828967057
08-04 13:23:31.537 29532 29532 W PathParser: Points are too far apart 4.030360538880159
08-04 13:23:31.553 29532 29532 W PathParser: Points are too far apart 4.030360828967057
08-04 13:23:31.554 29532 29532 W PathParser: Points are too far apart 4.030360538880159
08-04 13:23:31.570 29532 29532 W PathParser: Points are too far apart 4.030360828967057
08-04 13:23:31.570 29532 29532 W PathParser: Points are too far apart 4.030360538880159
08-04 13:23:31.588 29532 29532 W PathParser: Points are too far apart 4.030360828967057
08-04 13:23:31.588 29532 29532 W PathParser: Points are too far apart 4.030360538880159
08-04 13:23:31.680 27166 27190 I art     : Starting a blocking GC Explicit
08-04 13:23:31.697 27166 27190 I art     : Explicit concurrent mark sweep GC freed 1394(80KB) AllocSpace objects, 1(20KB) LOS objects, 40% free, 23MB/39MB, paused 165us total 17.563ms
08-04 13:23:31.704 27166 27190 I art     : Starting a blocking GC Explicit
08-04 13:23:31.723 27166 27190 I art     : Explicit concurrent mark sweep GC freed 29(944B) AllocSpace objects, 0(0B) LOS objects, 40% free, 23MB/39MB, paused 207us total 19.477ms
08-04 13:23:31.732 27166 27190 I art     : Starting a blocking GC Explicit
08-04 13:23:31.751 27166 27190 I art     : Explicit concurrent mark sweep GC freed 3(96B) AllocSpace objects, 0(0B) LOS objects, 40% free, 23MB/39MB, paused 150us total 18.668ms
08-04 13:23:31.753 27593 27593 D AndroidRuntime: >>>>>> START com.android.internal.os.RuntimeInit uid 2000 <<<<<<
08-04 13:23:31.758 27593 27593 D AndroidRuntime: CheckJNI is OFF
08-04 13:23:31.759 27166 27190 I art     : Starting a blocking GC Explicit
08-04 13:23:31.759   512  2967 D audio_hw_primary: disable_audio_route: reset and update mixer path: low-latency-playback speaker
08-04 13:23:31.760   512  2967 D audio_hw_primary: disable_snd_device: snd_device(2: speaker)
08-04 13:23:31.768   512  2967 I soundtrigger: audio_extn_sound_trigger_update_device_status: device 0x2 of type 0 for Event 0
08-04 13:23:31.775 27166 27190 I art     : Explicit concurrent mark sweep GC freed 3(96B) AllocSpace objects, 0(0B) LOS objects, 40% free, 23MB/39MB, paused 168us total 15.844ms
08-04 13:23:31.782 27166 27190 I art     : Starting a blocking GC Explicit
08-04 13:23:31.787 27593 27593 D ICU     : No timezone override file found: /data/misc/zoneinfo/current/icu/icu_tzdata.dat
08-04 13:23:31.799 27166 27190 I art     : Explicit concurrent mark sweep GC freed 3(96B) AllocSpace objects, 0(0B) LOS objects, 40% free, 23MB/39MB, paused 152us total 16.756ms
08-04 13:23:31.815 27593 27593 I Radio-JNI: register_android_hardware_Radio DONE
08-04 13:23:31.830 27593 27593 D AndroidRuntime: Calling main entry com.android.commands.input.Input
08-04 13:23:31.831 27593 27593 I Input   : injectMotionEvent: MotionEvent { action=ACTION_DOWN, actionButton=0, id[0]=0, x[0]=256.0, y[0]=1589.0, toolType[0]=TOOL_TYPE_UNKNOWN, buttonState=0, metaState=0, flags=0x0, edgeFlags=0x0, pointerCount=1, historySize=0, eventTime=710628244, downTime=710628244, deviceId=0, source=0x1002 }
08-04 13:23:31.835 27593 27593 I Input   : injectMotionEvent: MotionEvent { action=ACTION_UP, actionButton=0, id[0]=0, x[0]=256.0, y[0]=1589.0, toolType[0]=TOOL_TYPE_UNKNOWN, buttonState=0, metaState=0, flags=0x0, edgeFlags=0x0, pointerCount=1, historySize=0, eventTime=710628244, downTime=710628244, deviceId=0, source=0x1002 }
08-04 13:23:31.836 27593 27593 D AndroidRuntime: Shutting down VM
08-04 13:23:31.855 27166 27166 D UserPreferences: timeOfDay: []
08-04 13:23:31.855 27166 27166 D AutoUpdateManager: Restarting update alarm.
08-04 13:23:31.858   512  2967 D audio_hw_primary: out_set_parameters: enter: usecase(1: low-latency-playback) kvpairs: routing=2
08-04 13:23:31.858 27166 27166 D AutoUpdateManager: Automatic update was deactivated
08-04 13:23:31.871   512  2967 D audio_hw_primary: select_devices: out_snd_device(2: speaker) in_snd_device(0: none)
08-04 13:23:31.871   512  2967 D msm8974_platform: platform_send_audio_calibration: sending audio calibration for snd_device(2) acdb_id(15)
08-04 13:23:31.871   512  2967 I soundtrigger: audio_extn_sound_trigger_update_device_status: device 0x2 of type 0 for Event 1
08-04 13:23:31.883   512  2967 D audio_hw_primary: enable_snd_device: snd_device(2: speaker)
08-04 13:23:31.886   512  2967 D audio_hw_primary: enable_audio_route: apply and update mixer path: low-latency-playback speaker
08-04 13:23:31.890 13866 13866 I GoogleInputMethodServic: GoogleInputMethodService.onFinishInput():3138 
08-04 13:23:31.891 13866 13866 I GoogleInputMethodServic: GoogleInputMethodService.onStartInput():1808 
08-04 13:23:31.903 29532 29532 W PathParser: Points are too far apart 4.030360828967057
08-04 13:23:31.903 29532 29532 W PathParser: Points are too far apart 4.030360538880159
08-04 13:23:31.920 29532 29532 W PathParser: Points are too far apart 4.030360828967057
08-04 13:23:31.920 29532 29532 W PathParser: Points are too far apart 4.030360538880159
08-04 13:23:31.929   512  2967 D AudioFlinger: mixer(0xf4740000) throttle end: throttle time(12)
08-04 13:23:31.937 29532 29532 W PathParser: Points are too far apart 4.030360828967057
08-04 13:23:31.937 29532 29532 W PathParser: Points are too far apart 4.030360538880159
08-04 13:23:31.954 29532 29532 W PathParser: Points are too far apart 4.030360828967057
08-04 13:23:31.954 29532 29532 W PathParser: Points are too far apart 4.030360538880159
08-04 13:23:31.970 29532 29532 W PathParser: Points are too far apart 4.030360828967057
08-04 13:23:31.971 29532 29532 W PathParser: Points are too far apart 4.030360538880159
08-04 13:23:31.988 29532 29532 W PathParser: Points are too far apart 4.030360828967057
08-04 13:23:31.988 29532 29532 W PathParser: Points are too far apart 4.030360538880159
08-04 13:23:32.003 29532 29532 W PathParser: Points are too far apart 4.030360828967057
08-04 13:23:32.004 29532 29532 W PathParser: Points are too far apart 4.030360538880159
08-04 13:23:32.020 29532 29532 W PathParser: Points are too far apart 4.030360828967057
08-04 13:23:32.020 29532 29532 W PathParser: Points are too far apart 4.030360538880159
08-04 13:23:32.030 27166 27178 I art     : Starting a blocking GC Explicit
08-04 13:23:32.051 27166 27178 I art     : Explicit concurrent mark sweep GC freed 1691(107KB) AllocSpace objects, 2(40KB) LOS objects, 40% free, 23MB/39MB, paused 182us total 20.118ms
08-04 13:23:32.058 27166 27178 I art     : Starting a blocking GC Explicit
08-04 13:23:32.070   380   380 W SurfaceFlinger: couldn't log to binary event log: overflow.
08-04 13:23:32.075 13866 13882 I PeriodicStatsRunner: PeriodicStatsRunner.call():175 call()
08-04 13:23:32.076 13866 13882 I PeriodicStatsRunner: PeriodicStatsRunner.call():179 No submit PeriodicStats since input started.
08-04 13:23:32.077 27166 27178 I art     : Explicit concurrent mark sweep GC freed 60(2176B) AllocSpace objects, 0(0B) LOS objects, 40% free, 23MB/39MB, paused 157us total 18.817ms
08-04 13:23:32.084 27166 27178 I art     : Starting a blocking GC Explicit
08-04 13:23:32.100 27166 27178 I art     : Explicit concurrent mark sweep GC freed 3(96B) AllocSpace objects, 0(0B) LOS objects, 40% free, 23MB/39MB, paused 149us total 15.883ms
08-04 13:23:32.106 27166 27178 I art     : Starting a blocking GC Explicit
08-04 13:23:32.122 27166 27178 I art     : Explicit concurrent mark sweep GC freed 6(256B) AllocSpace objects, 0(0B) LOS objects, 40% free, 23MB/39MB, paused 140us total 15.249ms
08-04 13:23:32.128 27166 27178 I art     : Starting a blocking GC Explicit
08-04 13:23:32.142 27166 27178 I art     : Explicit concurrent mark sweep GC freed 3(96B) AllocSpace objects, 0(0B) LOS objects, 40% free, 23MB/39MB, paused 141us total 14.499ms
08-04 13:23:32.384 27625 27625 D AndroidRuntime: >>>>>> START com.android.internal.os.RuntimeInit uid 2000 <<<<<<
08-04 13:23:32.389 27625 27625 D AndroidRuntime: CheckJNI is OFF
08-04 13:23:32.401 27166 27179 I art     : Starting a blocking GC Explicit
08-04 13:23:32.418 27625 27625 D ICU     : No timezone override file found: /data/misc/zoneinfo/current/icu/icu_tzdata.dat
08-04 13:23:32.418 27166 27179 I art     : Explicit concurrent mark sweep GC freed 1793(95KB) AllocSpace objects, 1(20KB) LOS objects, 40% free, 23MB/39MB, paused 174us total 17.028ms
08-04 13:23:32.418   512  2967 D audio_hw_primary: disable_audio_route: reset and update mixer path: low-latency-playback speaker
08-04 13:23:32.420   512  2967 D audio_hw_primary: disable_snd_device: snd_device(2: speaker)
08-04 13:23:32.425 27166 27179 I art     : Starting a blocking GC Explicit
08-04 13:23:32.428   512  2967 I soundtrigger: audio_extn_sound_trigger_update_device_status: device 0x2 of type 0 for Event 0
08-04 13:23:32.440 27166 27179 I art     : Explicit concurrent mark sweep GC freed 85(2736B) AllocSpace objects, 0(0B) LOS objects, 40% free, 23MB/39MB, paused 171us total 15.163ms
08-04 13:23:32.442 27625 27625 I Radio-JNI: register_android_hardware_Radio DONE
08-04 13:23:32.447 27166 27179 I art     : Starting a blocking GC Explicit
08-04 13:23:32.459 27625 27625 D AndroidRuntime: Calling main entry com.android.commands.input.Input
08-04 13:23:32.461 27625 27625 I Input   : injectKeyEvent: KeyEvent { action=ACTION_DOWN, keyCode=KEYCODE_BACK, scanCode=0, metaState=0, flags=0x0, repeatCount=0, eventTime=710628874, downTime=710628874, deviceId=-1, source=0x101 }
08-04 13:23:32.462 27166 27179 I art     : Explicit concurrent mark sweep GC freed 33(1056B) AllocSpace objects, 0(0B) LOS objects, 40% free, 23MB/39MB, paused 162us total 15.028ms
08-04 13:23:32.465 27625 27625 I Input   : injectKeyEvent: KeyEvent { action=ACTION_UP, keyCode=KEYCODE_BACK, scanCode=0, metaState=0, flags=0x0, repeatCount=0, eventTime=710628874, downTime=710628874, deviceId=-1, source=0x101 }
08-04 13:23:32.469 27166 27179 I art     : Starting a blocking GC Explicit
08-04 13:23:32.472 27625 27625 D AndroidRuntime: Shutting down VM
08-04 13:23:32.486 27166 27179 I art     : Explicit concurrent mark sweep GC freed 838(37KB) AllocSpace objects, 0(0B) LOS objects, 40% free, 23MB/39MB, paused 477us total 16.827ms
08-04 13:23:32.492 27166 27179 I art     : Starting a blocking GC Explicit
08-04 13:23:32.509 27166 27179 I art     : Explicit concurrent mark sweep GC freed 4975(313KB) AllocSpace objects, 0(0B) LOS objects, 40% free, 23MB/39MB, paused 412us total 16.509ms
08-04 13:23:32.522 13866 13866 I GoogleInputMethodServic: GoogleInputMethodService.onFinishInput():3138 
08-04 13:23:32.523 13866 13866 I GoogleInputMethodServic: GoogleInputMethodService.onStartInput():1808 
08-04 13:23:32.741 27166 27190 I art     : Starting a blocking GC Explicit
08-04 13:23:32.759 27166 27190 I art     : Explicit concurrent mark sweep GC freed 5288(321KB) AllocSpace objects, 1(20KB) LOS objects, 40% free, 23MB/39MB, paused 169us total 18.163ms
08-04 13:23:32.766 27166 27190 I art     : Starting a blocking GC Explicit
08-04 13:23:32.783 27166 27190 I art     : Explicit concurrent mark sweep GC freed 38(1504B) AllocSpace objects, 0(0B) LOS objects, 40% free, 23MB/39MB, paused 175us total 16.777ms
08-04 13:23:32.791 27166 27190 I art     : Starting a blocking GC Explicit
08-04 13:23:32.808 27166 27190 I art     : Explicit concurrent mark sweep GC freed 3(96B) AllocSpace objects, 0(0B) LOS objects, 40% free, 23MB/39MB, paused 178us total 16.706ms
08-04 13:23:32.815 27166 27190 I art     : Starting a blocking GC Explicit
08-04 13:23:32.832 27166 27190 I art     : Explicit concurrent mark sweep GC freed 104(5KB) AllocSpace objects, 0(0B) LOS objects, 40% free, 23MB/39MB, paused 168us total 16.819ms
08-04 13:23:32.839 27166 27190 I art     : Starting a blocking GC Explicit
08-04 13:23:32.855 27166 27190 I art     : Explicit concurrent mark sweep GC freed 869(55KB) AllocSpace objects, 1(48KB) LOS objects, 40% free, 23MB/39MB, paused 168us total 16.207ms
08-04 13:23:33.140 27166 27179 I art     : Starting a blocking GC Explicit
08-04 13:23:33.162 27166 27179 I art     : Explicit concurrent mark sweep GC freed 1365(80KB) AllocSpace objects, 1(20KB) LOS objects, 40% free, 23MB/39MB, paused 193us total 21.715ms
08-04 13:23:33.173 27166 27179 I art     : Starting a blocking GC Explicit
08-04 13:23:33.189 27166 27179 I art     : Explicit concurrent mark sweep GC freed 23(752B) AllocSpace objects, 0(0B) LOS objects, 40% free, 23MB/39MB, paused 159us total 16.225ms
08-04 13:23:33.196 27166 27179 I art     : Starting a blocking GC Explicit
08-04 13:23:33.212 27166 27179 I art     : Explicit concurrent mark sweep GC freed 3(96B) AllocSpace objects, 0(0B) LOS objects, 40% free, 23MB/39MB, paused 157us total 15.747ms
08-04 13:23:33.218 27166 27179 I art     : Starting a blocking GC Explicit
08-04 13:23:33.234 27166 27179 I art     : Explicit concurrent mark sweep GC freed 3(96B) AllocSpace objects, 0(0B) LOS objects, 40% free, 23MB/39MB, paused 193us total 15.012ms
08-04 13:23:33.240 27166 27179 I art     : Starting a blocking GC Explicit
08-04 13:23:33.255 27166 27179 I art     : Explicit concurrent mark sweep GC freed 3(96B) AllocSpace objects, 0(0B) LOS objects, 40% free, 23MB/39MB, paused 198us total 14.937ms
08-04 13:23:33.339 13866 13882 I PeriodicStatsRunner: PeriodicStatsRunner.call():175 call()
08-04 13:23:33.339 13866 13882 I PeriodicStatsRunner: PeriodicStatsRunner.call():179 No submit PeriodicStats since input started.
08-04 13:23:33.533 27166 27624 I art     : Starting a blocking GC Explicit
08-04 13:23:33.556 27166 27624 I art     : Explicit concurrent mark sweep GC freed 1392(80KB) AllocSpace objects, 1(20KB) LOS objects, 40% free, 23MB/39MB, paused 188us total 22.581ms
08-04 13:23:33.566 27166 27624 I art     : Starting a blocking GC Explicit
08-04 13:23:33.584 27166 27624 I art     : Explicit concurrent mark sweep GC freed 23(752B) AllocSpace objects, 0(0B) LOS objects, 40% free, 23MB/39MB, paused 165us total 17.355ms
08-04 13:23:33.591 27166 27624 I art     : Starting a blocking GC Explicit
08-04 13:23:33.607 27166 27624 I art     : Explicit concurrent mark sweep GC freed 3(96B) AllocSpace objects, 0(0B) LOS objects, 40% free, 23MB/39MB, paused 232us total 15.580ms
08-04 13:23:33.614 27166 27624 I art     : Starting a blocking GC Explicit
08-04 13:23:33.629 27166 27624 I art     : Explicit concurrent mark sweep GC freed 3(96B) AllocSpace objects, 0(0B) LOS objects, 40% free, 23MB/39MB, paused 155us total 15.308ms
08-04 13:23:33.636 27166 27624 I art     : Starting a blocking GC Explicit
08-04 13:23:33.651 27166 27624 I art     : Explicit concurrent mark sweep GC freed 3(96B) AllocSpace objects, 0(0B) LOS objects, 40% free, 23MB/39MB, paused 151us total 14.898ms
08-04 13:23:33.813   918   918 I ActivityManager: Start proc 27683:baseline.com.newsblur/u0a652 for service baseline.com.newsblur/.service.NBSyncService
08-04 13:23:33.816 27683 27683 I art     : Late-enabling -Xcheck:jni
08-04 13:23:33.824 32231 32231 I Finsky  : [1] xow.onStartJob(3): SCH: onJobSchedulerWakeup with jobId 9011
08-04 13:23:33.832 32231 32231 I Finsky  : [1] xjw.a(9): Scheduling fallback in 43199995 (absolute: 1737217701)
08-04 13:23:33.834 32231 32231 I Finsky  : [1] xjw.a(9): Scheduling fallback in 64799999 (absolute: 1758817708)
08-04 13:23:33.855 27683 27683 W System  : ClassLoader referenced unknown path: /data/app/baseline.com.newsblur-1/lib/arm64
08-04 13:23:33.881 32231 32231 I Finsky  : [1] xkf.handleMessage(8): SCH: DeviceState: DeviceState{currentTime=1596540213877, isCharging=false, isIdle=false, netAny=true, netNotRoaming=true, netUnmetered=true, batteryPercent=100.0}
08-04 13:23:33.888 32231 27137 I Finsky  : [6065] xmu.a(8): SCH: Jobs in database: 1-1337 3-191 3-192 12-1 24-77777777 26-1414141414 
08-04 13:23:33.895 32231 32231 I Finsky  : [1] xkg.a(16): SCH: Running job: 12-1
08-04 13:23:33.896 32231 32231 I Finsky  : [1] ContentSyncJob.a(16): [ContentSync] job started
08-04 13:23:33.897 32231 32231 I Finsky  : [1] xkf.handleMessage(61): SCH: RunningQueue size: 1, PendingQueue size: 0
08-04 13:23:33.897 32231 32231 I Finsky  : [1] xkf.handleMessage(64): SCH: Running queue: 12-1 
08-04 13:23:33.899 27166 27178 I art     : Starting a blocking GC Explicit
08-04 13:23:33.912 27166 27178 I art     : Explicit concurrent mark sweep GC freed 1365(80KB) AllocSpace objects, 1(20KB) LOS objects, 40% free, 23MB/39MB, paused 149us total 13.734ms
08-04 13:23:33.918 27166 27178 I art     : Starting a blocking GC Explicit
08-04 13:23:33.932 27166 27178 I art     : Explicit concurrent mark sweep GC freed 23(752B) AllocSpace objects, 0(0B) LOS objects, 40% free, 23MB/39MB, paused 135us total 12.979ms
08-04 13:23:33.937 27166 27178 I art     : Starting a blocking GC Explicit
08-04 13:23:33.950 27166 27178 I art     : Explicit concurrent mark sweep GC freed 3(96B) AllocSpace objects, 0(0B) LOS objects, 40% free, 23MB/39MB, paused 138us total 12.895ms
08-04 13:23:33.957 27166 27178 I art     : Starting a blocking GC Explicit
08-04 13:23:33.963 32231 27157 I Finsky  : [6071] dzn.a(22): Completed 0 account content syncs with 0 successful.
08-04 13:23:33.964 32231 32231 I Finsky  : [1] ContentSyncJob.a(1): [ContentSync] Installation state replication succeeded.
08-04 13:23:33.964 32231 32231 I Finsky  : [1] xlr.a(13): SCH: jobFinished: 12-1. TimeElapsed: 68ms.
08-04 13:23:33.965 32231 32231 I Finsky  : [1] xkg.a(36): SCH: Job 12-1 finished. Not rescheduling.
08-04 13:23:33.965 32231 32231 I Finsky  : [1] xkf.handleMessage(61): SCH: RunningQueue size: 0, PendingQueue size: 0
08-04 13:23:33.966 32231 32231 I Finsky  : [1] xkf.handleMessage(25): Executor finished
08-04 13:23:33.969 27166 27178 I art     : Explicit concurrent mark sweep GC freed 3(96B) AllocSpace objects, 0(0B) LOS objects, 40% free, 23MB/39MB, paused 136us total 12.515ms
08-04 13:23:33.975 27166 27178 I art     : Starting a blocking GC Explicit
08-04 13:23:33.983 32231 32231 I Finsky  : [1] xmu.a(8): SCH: Jobs in database: 1-1337 3-191 3-192 24-77777777 26-1414141414 
08-04 13:23:33.985 32231 32231 I Finsky  : [1] xio.a(57): SCH: ConstraintMapping: 24-77777777,  -> L: 0ms, D: 27986853ms, C: false, I: true, N: 0
08-04 13:23:33.985 32231 32231 I Finsky  : [1] xio.a(57): SCH: ConstraintMapping: 1-1337,  -> L: 13144067ms, D: 31338927ms, C: false, I: false, N: 1
08-04 13:23:33.986 32231 32231 I Finsky  : [1] xio.a(57): SCH: ConstraintMapping: 3-191,  -> L: 0ms, D: 72048800ms, C: false, I: true, N: 2
08-04 13:23:33.986 32231 32231 I Finsky  : [1] xio.a(57): SCH: ConstraintMapping: 3-192,  -> L: 0ms, D: 72048873ms, C: true, I: true, N: 2
08-04 13:23:33.987 32231 32231 I Finsky  : [1] xio.a(57): SCH: ConstraintMapping: 26-1414141414,  -> L: 35452053ms, D: 36352053ms, C: false, I: false, N: 0
08-04 13:23:33.988 27166 27178 I art     : Explicit concurrent mark sweep GC freed 3(96B) AllocSpace objects, 0(0B) LOS objects, 40% free, 23MB/39MB, paused 131us total 12.703ms
08-04 13:23:33.997 32231 32231 I Finsky  : [1] xle.a(34): Cancelling existing jobscheduler jobs: 9014 9015 9001 9018 9012 9019 9013 9017 9016 
08-04 13:23:33.998 32231 32231 I Finsky  : [1] xle.a(10): Throttling wakeup for job 9000 (expected to run in 0 ms) due to recent wakeup
08-04 13:23:33.998 32231 32231 I Finsky  : [1] xle.a(27): Scheduling job Id: 9000, L: 30000, D: 27986853, C: false, I: true, N: 0
08-04 13:23:34.000 32231 32231 I Finsky  : [1] xle.a(27): Scheduling job Id: 9002, L: 13144067, D: 31338927, C: false, I: false, N: 1
08-04 13:23:34.001 32231 32231 I Finsky  : [1] xle.a(10): Throttling wakeup for job 9003 (expected to run in 0 ms) due to recent wakeup
08-04 13:23:34.001 32231 32231 I Finsky  : [1] xle.a(27): Scheduling job Id: 9003, L: 30000, D: 72048800, C: false, I: true, N: 2
08-04 13:23:34.002 32231 32231 I Finsky  : [1] xle.a(10): Throttling wakeup for job 9004 (expected to run in 0 ms) due to recent wakeup
08-04 13:23:34.002 32231 32231 I Finsky  : [1] xle.a(27): Scheduling job Id: 9004, L: 30000, D: 72048873, C: true, I: true, N: 2
08-04 13:23:34.003 32231 32231 I Finsky  : [1] xle.a(27): Scheduling job Id: 9005, L: 35452053, D: 36352053, C: false, I: false, N: 0
08-04 13:23:34.005 32231 32231 I Finsky  : [1] xle.a(10): Throttling wakeup for job 9006 (expected to run in 0 ms) due to recent wakeup
08-04 13:23:34.005 32231 32231 I Finsky  : [1] xle.a(27): Scheduling job Id: 9006, L: 30000, D: 27986853, C: false, I: true, N: 0
08-04 13:23:34.006 32231 32231 I Finsky  : [1] xle.a(27): Scheduling job Id: 9007, L: 13144067, D: 31338927, C: false, I: false, N: 1
08-04 13:23:34.007 32231 32231 I Finsky  : [1] xle.a(10): Throttling wakeup for job 9008 (expected to run in 0 ms) due to recent wakeup
08-04 13:23:34.008 32231 32231 I Finsky  : [1] xle.a(27): Scheduling job Id: 9008, L: 30000, D: 72048800, C: false, I: true, N: 2
08-04 13:23:34.009 32231 32231 I Finsky  : [1] xle.a(10): Throttling wakeup for job 9009 (expected to run in 0 ms) due to recent wakeup
08-04 13:23:34.009 32231 32231 I Finsky  : [1] xle.a(27): Scheduling job Id: 9009, L: 30000, D: 72048873, C: true, I: true, N: 2
08-04 13:23:34.010 32231 32231 I Finsky  : [1] xle.a(27): Scheduling job Id: 9010, L: 35452053, D: 36352053, C: false, I: false, N: 0
08-04 13:23:34.012 27677 27677 D AndroidRuntime: >>>>>> START com.android.internal.os.RuntimeInit uid 2000 <<<<<<
08-04 13:23:34.015 27677 27677 D AndroidRuntime: CheckJNI is OFF
08-04 13:23:34.038 27677 27677 D ICU     : No timezone override file found: /data/misc/zoneinfo/current/icu/icu_tzdata.dat
08-04 13:23:34.063 27677 27677 I Radio-JNI: register_android_hardware_Radio DONE
08-04 13:23:34.079 22210 22210 I ServiceManager: Waiting for service AtCmdFwd...
08-04 13:23:34.079 27677 27677 D AndroidRuntime: Calling main entry com.android.commands.input.Input
08-04 13:23:34.081 27677 27677 I Input   : injectKeyEvent: KeyEvent { action=ACTION_DOWN, keyCode=KEYCODE_BACK, scanCode=0, metaState=0, flags=0x0, repeatCount=0, eventTime=710630494, downTime=710630494, deviceId=-1, source=0x101 }
08-04 13:23:34.085 27677 27677 I Input   : injectKeyEvent: KeyEvent { action=ACTION_UP, keyCode=KEYCODE_BACK, scanCode=0, metaState=0, flags=0x0, repeatCount=0, eventTime=710630494, downTime=710630494, deviceId=-1, source=0x101 }
08-04 13:23:34.089 27677 27677 D AndroidRuntime: Shutting down VM
08-04 13:23:34.108 27166 27166 D QueueFragment: loadItems()
08-04 13:23:34.108 27166 27193 D DBReader: getQueue() called
08-04 13:23:34.108 27166 27193 D DBReader: getQueue()
08-04 13:23:34.108 27166 27166 V PlaybackController: initServiceNotRunning()
08-04 13:23:34.109 27166 27166 D ExternalPlayerFragment: Loading media info
08-04 13:23:34.109 27166 27166 D UserPreferences: Using default data folder
08-04 13:23:34.109 27166 27193 D DBReader: getFavoriteIDList() called
08-04 13:23:34.110 27166 27193 D DBReader: getQueueIDList() called
08-04 13:23:34.111 27166 27193 D DBReader: Extracting Feedlist
08-04 13:23:34.111 27166 27186 D DBReader: getNavDrawerData() called with: 
08-04 13:23:34.113 27166 27186 D DBReader: getDownloadedItems() called
08-04 13:23:34.114 27166 27186 D DBReader: getFavoriteIDList() called
08-04 13:23:34.114 27166 27186 D DBReader: getQueueIDList() called
08-04 13:23:34.114 27166 27186 D DBReader: Extracting Feedlist
08-04 13:23:34.163 27166 27166 D MainActivity: getLastNavFragment() -> QueueFragment
08-04 13:23:34.180 13866 13882 I PeriodicStatsRunner: PeriodicStatsRunner.call():175 call()
08-04 13:23:34.180 13866 13882 I PeriodicStatsRunner: PeriodicStatsRunner.call():179 No submit PeriodicStats since input started.
08-04 13:23:34.193 13866 13866 I GoogleInputMethodServic: GoogleInputMethodService.onFinishInput():3138 
08-04 13:23:34.193 13866 13866 I GoogleInputMethodServic: GoogleInputMethodService.onStartInput():1808 
08-04 13:23:34.199 27166 27179 I art     : Starting a blocking GC Explicit
08-04 13:23:34.216 27166 27179 I art     : Explicit concurrent mark sweep GC freed 3280(194KB) AllocSpace objects, 1(20KB) LOS objects, 40% free, 23MB/39MB, paused 185us total 16.070ms
08-04 13:23:34.223 27166 27179 I art     : Starting a blocking GC Explicit
08-04 13:23:34.237 27166 27179 I art     : Explicit concurrent mark sweep GC freed 1478(93KB) AllocSpace objects, 0(0B) LOS objects, 40% free, 23MB/39MB, paused 214us total 13.684ms
08-04 13:23:34.243 27166 27179 I art     : Starting a blocking GC Explicit
08-04 13:23:34.256 27166 27179 I art     : Explicit concurrent mark sweep GC freed 3(96B) AllocSpace objects, 0(0B) LOS objects, 40% free, 23MB/39MB, paused 153us total 13.372ms
08-04 13:23:34.263 27166 27179 I art     : Starting a blocking GC Explicit
08-04 13:23:34.277 27166 27179 I art     : Explicit concurrent mark sweep GC freed 3(96B) AllocSpace objects, 0(0B) LOS objects, 40% free, 23MB/39MB, paused 182us total 13.584ms
08-04 13:23:34.283 27166 27179 I art     : Starting a blocking GC Explicit
08-04 13:23:34.297 27166 27179 I art     : Explicit concurrent mark sweep GC freed 3(96B) AllocSpace objects, 0(0B) LOS objects, 40% free, 23MB/39MB, paused 160us total 13.984ms
08-04 13:23:34.390   918  3714 I ActivityManager: Killing 18027:com.google.android.apps.messaging/u0a65 (adj 15): empty #17
08-04 13:23:34.469   918  4413 D ConnectivityService: ConnectivityService NetworkRequestInfo binderDied(NetworkRequest [ id=2665, legacyType=-1, [ Capabilities: INTERNET&NOT_RESTRICTED&TRUSTED] ], android.os.BinderProxy@a258318)
08-04 13:23:34.470   918  3263 D ConnectivityService: releasing NetworkRequest NetworkRequest [ id=2665, legacyType=-1, [ Capabilities: INTERNET&NOT_RESTRICTED&TRUSTED] ]
08-04 13:23:34.471   918  3263 E ConnectivityService: RemoteException caught trying to send a callback msg for NetworkRequest [ id=2665, legacyType=-1, [ Capabilities: INTERNET&NOT_RESTRICTED&TRUSTED] ]
08-04 13:23:34.489   380   380 W SurfaceFlinger: couldn't log to binary event log: overflow.
08-04 13:23:34.555 27166 27190 I art     : Starting a blocking GC Explicit
08-04 13:23:34.573 27166 27190 I art     : Explicit concurrent mark sweep GC freed 1935(106KB) AllocSpace objects, 1(20KB) LOS objects, 40% free, 23MB/39MB, paused 191us total 17.748ms
08-04 13:23:34.580 27166 27190 I art     : Starting a blocking GC Explicit
08-04 13:23:34.594 27166 27190 I art     : Explicit concurrent mark sweep GC freed 6242(390KB) AllocSpace objects, 11(308KB) LOS objects, 40% free, 22MB/38MB, paused 176us total 14.485ms
08-04 13:23:34.601 27166 27190 I art     : Starting a blocking GC Explicit
08-04 13:23:34.615 27166 27190 I art     : Explicit concurrent mark sweep GC freed 9(336B) AllocSpace objects, 0(0B) LOS objects, 40% free, 22MB/38MB, paused 178us total 14.182ms
08-04 13:23:34.622 27166 27190 I art     : Starting a blocking GC Explicit
08-04 13:23:34.636 27166 27190 I art     : Explicit concurrent mark sweep GC freed 3(96B) AllocSpace objects, 0(0B) LOS objects, 40% free, 22MB/38MB, paused 168us total 13.618ms
08-04 13:23:34.643 27166 27190 I art     : Starting a blocking GC Explicit
08-04 13:23:34.656 27166 27190 I art     : Explicit concurrent mark sweep GC freed 3(96B) AllocSpace objects, 0(0B) LOS objects, 40% free, 22MB/38MB, paused 164us total 13.107ms
08-04 13:23:34.932 27166 27179 I art     : Starting a blocking GC Explicit
08-04 13:23:34.956 27166 27179 I art     : Explicit concurrent mark sweep GC freed 1367(82KB) AllocSpace objects, 1(20KB) LOS objects, 40% free, 22MB/38MB, paused 201us total 23.657ms
08-04 13:23:34.968 27166 27179 I art     : Starting a blocking GC Explicit
08-04 13:23:34.982 27166 27179 I art     : Explicit concurrent mark sweep GC freed 23(752B) AllocSpace objects, 0(0B) LOS objects, 40% free, 22MB/38MB, paused 163us total 13.668ms
08-04 13:23:34.988 27166 27179 I art     : Starting a blocking GC Explicit
08-04 13:23:35.001 27166 27179 I art     : Explicit concurrent mark sweep GC freed 3(96B) AllocSpace objects, 0(0B) LOS objects, 40% free, 22MB/38MB, paused 158us total 13.042ms
08-04 13:23:35.008 27166 27179 I art     : Starting a blocking GC Explicit
08-04 13:23:35.021 27166 27179 I art     : Explicit concurrent mark sweep GC freed 3(96B) AllocSpace objects, 0(0B) LOS objects, 40% free, 22MB/38MB, paused 161us total 13.298ms
08-04 13:23:35.027 27166 27179 I art     : Starting a blocking GC Explicit
08-04 13:23:35.041 27166 27179 I art     : Explicit concurrent mark sweep GC freed 3(96B) AllocSpace objects, 0(0B) LOS objects, 40% free, 22MB/38MB, paused 160us total 13.081ms
08-04 13:23:35.079 22210 22210 I ServiceManager: Waiting for service AtCmdFwd...
08-04 13:23:35.322 27166 27178 I art     : Starting a blocking GC Explicit
08-04 13:23:35.340 27166 27178 I art     : Explicit concurrent mark sweep GC freed 1364(80KB) AllocSpace objects, 1(20KB) LOS objects, 40% free, 22MB/38MB, paused 182us total 18.203ms
08-04 13:23:35.347 27166 27178 I art     : Starting a blocking GC Explicit
08-04 13:23:35.362 27166 27178 I art     : Explicit concurrent mark sweep GC freed 23(752B) AllocSpace objects, 0(0B) LOS objects, 40% free, 22MB/38MB, paused 156us total 14.024ms
08-04 13:23:35.368 27166 27178 I art     : Starting a blocking GC Explicit
08-04 13:23:35.380 27166 27178 I art     : Explicit concurrent mark sweep GC freed 3(96B) AllocSpace objects, 0(0B) LOS objects, 40% free, 22MB/38MB, paused 167us total 12.404ms
08-04 13:23:35.386 27166 27178 I art     : Starting a blocking GC Explicit
08-04 13:23:35.399 27166 27178 I art     : Explicit concurrent mark sweep GC freed 3(96B) AllocSpace objects, 0(0B) LOS objects, 40% free, 22MB/38MB, paused 154us total 12.399ms
08-04 13:23:35.405 27166 27178 I art     : Starting a blocking GC Explicit
08-04 13:23:35.417 27166 27178 I art     : Explicit concurrent mark sweep GC freed 3(96B) AllocSpace objects, 0(0B) LOS objects, 40% free, 22MB/38MB, paused 146us total 12.362ms
08-04 13:23:35.634 27757 27757 D AndroidRuntime: >>>>>> START com.android.internal.os.RuntimeInit uid 2000 <<<<<<
08-04 13:23:35.638 27757 27757 D AndroidRuntime: CheckJNI is OFF
08-04 13:23:35.657 13866 13882 I PeriodicStatsRunner: PeriodicStatsRunner.call():175 call()
08-04 13:23:35.657 13866 13882 I PeriodicStatsRunner: PeriodicStatsRunner.call():179 No submit PeriodicStats since input started.
08-04 13:23:35.664 27757 27757 D ICU     : No timezone override file found: /data/misc/zoneinfo/current/icu/icu_tzdata.dat
08-04 13:23:35.671 27166 27624 I art     : Starting a blocking GC Explicit
08-04 13:23:35.685 27166 27624 I art     : Explicit concurrent mark sweep GC freed 1392(81KB) AllocSpace objects, 1(20KB) LOS objects, 40% free, 22MB/38MB, paused 182us total 13.579ms
08-04 13:23:35.690 27757 27757 I Radio-JNI: register_android_hardware_Radio DONE
08-04 13:23:35.692 27166 27624 I art     : Starting a blocking GC Explicit
08-04 13:23:35.705 27166 27624 I art     : Explicit concurrent mark sweep GC freed 23(752B) AllocSpace objects, 0(0B) LOS objects, 40% free, 22MB/38MB, paused 159us total 12.838ms
08-04 13:23:35.708 27757 27757 D AndroidRuntime: Calling main entry com.android.commands.input.Input
08-04 13:23:35.709 27757 27757 I Input   : injectMotionEvent: MotionEvent { action=ACTION_DOWN, actionButton=0, id[0]=0, x[0]=103.0, y[0]=192.0, toolType[0]=TOOL_TYPE_UNKNOWN, buttonState=0, metaState=0, flags=0x0, edgeFlags=0x0, pointerCount=1, historySize=0, eventTime=710632122, downTime=710632122, deviceId=0, source=0x1002 }
08-04 13:23:35.710 27166 27624 I art     : Starting a blocking GC Explicit
08-04 13:23:35.713 27757 27757 I Input   : injectMotionEvent: MotionEvent { action=ACTION_UP, actionButton=0, id[0]=0, x[0]=103.0, y[0]=192.0, toolType[0]=TOOL_TYPE_UNKNOWN, buttonState=0, metaState=0, flags=0x0, edgeFlags=0x0, pointerCount=1, historySize=0, eventTime=710632122, downTime=710632122, deviceId=0, source=0x1002 }
08-04 13:23:35.714 27757 27757 D AndroidRuntime: Shutting down VM
08-04 13:23:35.723 27166 27624 I art     : Explicit concurrent mark sweep GC freed 23(720B) AllocSpace objects, 0(0B) LOS objects, 40% free, 22MB/38MB, paused 176us total 12.473ms
08-04 13:23:35.725   512  2967 D audio_hw_primary: out_set_parameters: enter: usecase(1: low-latency-playback) kvpairs: routing=2
08-04 13:23:35.729 27166 27624 I art     : Starting a blocking GC Explicit
08-04 13:23:35.738   512  2967 D audio_hw_primary: select_devices: out_snd_device(2: speaker) in_snd_device(0: none)
08-04 13:23:35.738   512  2967 D msm8974_platform: platform_send_audio_calibration: sending audio calibration for snd_device(2) acdb_id(15)
08-04 13:23:35.738   512  2967 I soundtrigger: audio_extn_sound_trigger_update_device_status: device 0x2 of type 0 for Event 1
08-04 13:23:35.743 27166 27624 I art     : Explicit concurrent mark sweep GC freed 36(1168B) AllocSpace objects, 0(0B) LOS objects, 40% free, 22MB/38MB, paused 194us total 14.055ms
08-04 13:23:35.749 27166 27624 I art     : Starting a blocking GC Explicit
08-04 13:23:35.751   512  2967 D audio_hw_primary: enable_snd_device: snd_device(2: speaker)
08-04 13:23:35.753   512  2967 D audio_hw_primary: enable_audio_route: apply and update mixer path: low-latency-playback speaker
08-04 13:23:35.762 27166 27624 I art     : Explicit concurrent mark sweep GC freed 57(2256B) AllocSpace objects, 0(0B) LOS objects, 40% free, 22MB/38MB, paused 335us total 12.401ms
08-04 13:23:35.764 13866 13866 I GoogleInputMethodServic: GoogleInputMethodService.onFinishInput():3138 
08-04 13:23:35.764 13866 13866 I GoogleInputMethodServic: GoogleInputMethodService.onStartInput():1808 
08-04 13:23:36.019 27166 27624 I art     : Starting a blocking GC Explicit
08-04 13:23:36.035 27166 27624 I art     : Explicit concurrent mark sweep GC freed 1753(101KB) AllocSpace objects, 1(20KB) LOS objects, 40% free, 22MB/38MB, paused 175us total 15.476ms
08-04 13:23:36.042 27166 27624 I art     : Starting a blocking GC Explicit
08-04 13:23:36.056 27166 27624 I art     : Explicit concurrent mark sweep GC freed 33(1312B) AllocSpace objects, 0(0B) LOS objects, 40% free, 22MB/38MB, paused 166us total 14.720ms
08-04 13:23:36.064 27166 27624 I art     : Starting a blocking GC Explicit
08-04 13:23:36.078 27166 27624 I art     : Explicit concurrent mark sweep GC freed 3(96B) AllocSpace objects, 0(0B) LOS objects, 40% free, 22MB/38MB, paused 192us total 13.726ms
08-04 13:23:36.080 22210 22210 I ServiceManager: Waiting for service AtCmdFwd...
08-04 13:23:36.085 27166 27624 I art     : Starting a blocking GC Explicit
08-04 13:23:36.099 27166 27624 I art     : Explicit concurrent mark sweep GC freed 9(288B) AllocSpace objects, 0(0B) LOS objects, 40% free, 22MB/38MB, paused 158us total 13.574ms
08-04 13:23:36.105 27166 27624 I art     : Starting a blocking GC Explicit
08-04 13:23:36.118 27166 27624 I art     : Explicit concurrent mark sweep GC freed 3(96B) AllocSpace objects, 0(0B) LOS objects, 40% free, 22MB/38MB, paused 168us total 12.829ms
08-04 13:23:36.273 13866 13882 I PeriodicStatsRunner: PeriodicStatsRunner.call():175 call()
08-04 13:23:36.274 13866 13882 I PeriodicStatsRunner: PeriodicStatsRunner.call():179 No submit PeriodicStats since input started.
08-04 13:23:36.288   512  2967 D audio_hw_primary: disable_audio_route: reset and update mixer path: low-latency-playback speaker
08-04 13:23:36.290   512  2967 D audio_hw_primary: disable_snd_device: snd_device(2: speaker)
08-04 13:23:36.299   512  2967 I soundtrigger: audio_extn_sound_trigger_update_device_status: device 0x2 of type 0 for Event 0
08-04 13:23:36.398 27166 27190 I art     : Starting a blocking GC Explicit
08-04 13:23:36.414 27166 27190 I art     : Explicit concurrent mark sweep GC freed 1369(81KB) AllocSpace objects, 1(20KB) LOS objects, 40% free, 22MB/38MB, paused 265us total 16.197ms
08-04 13:23:36.422 27166 27190 I art     : Starting a blocking GC Explicit
08-04 13:23:36.436 27166 27190 I art     : Explicit concurrent mark sweep GC freed 27(880B) AllocSpace objects, 0(0B) LOS objects, 40% free, 22MB/38MB, paused 172us total 14.270ms
08-04 13:23:36.442 27166 27190 I art     : Starting a blocking GC Explicit
08-04 13:23:36.455 27166 27190 I art     : Explicit concurrent mark sweep GC freed 3(96B) AllocSpace objects, 0(0B) LOS objects, 40% free, 22MB/38MB, paused 158us total 12.684ms
08-04 13:23:36.461 27166 27190 I art     : Starting a blocking GC Explicit
08-04 13:23:36.474 27166 27190 I art     : Explicit concurrent mark sweep GC freed 3(96B) AllocSpace objects, 0(0B) LOS objects, 40% free, 22MB/38MB, paused 161us total 12.960ms
08-04 13:23:36.481 27166 27190 I art     : Starting a blocking GC Explicit
08-04 13:23:36.494 27166 27190 I art     : Explicit concurrent mark sweep GC freed 3(96B) AllocSpace objects, 0(0B) LOS objects, 40% free, 22MB/38MB, paused 185us total 13.199ms
08-04 13:23:36.784 27166 27624 I art     : Starting a blocking GC Explicit
08-04 13:23:36.804 27166 27624 I art     : Explicit concurrent mark sweep GC freed 1392(82KB) AllocSpace objects, 1(20KB) LOS objects, 40% free, 22MB/38MB, paused 215us total 20.378ms
08-04 13:23:36.815 27166 27624 I art     : Starting a blocking GC Explicit
08-04 13:23:36.834 27166 27624 I art     : Explicit concurrent mark sweep GC freed 23(752B) AllocSpace objects, 0(0B) LOS objects, 40% free, 22MB/38MB, paused 182us total 18.418ms
08-04 13:23:36.841 27166 27624 I art     : Starting a blocking GC Explicit
08-04 13:23:36.855 27166 27624 I art     : Explicit concurrent mark sweep GC freed 3(96B) AllocSpace objects, 0(0B) LOS objects, 40% free, 22MB/38MB, paused 165us total 13.913ms
08-04 13:23:36.862 27166 27624 I art     : Starting a blocking GC Explicit
08-04 13:23:36.876 27166 27624 I art     : Explicit concurrent mark sweep GC freed 3(96B) AllocSpace objects, 0(0B) LOS objects, 40% free, 22MB/38MB, paused 160us total 13.995ms
08-04 13:23:36.882 27166 27624 I art     : Starting a blocking GC Explicit
08-04 13:23:36.891 13866 13882 I PeriodicStatsRunner: PeriodicStatsRunner.call():175 call()
08-04 13:23:36.891 13866 13882 I PeriodicStatsRunner: PeriodicStatsRunner.call():179 No submit PeriodicStats since input started.
08-04 13:23:36.895 27166 27624 I art     : Explicit concurrent mark sweep GC freed 3(96B) AllocSpace objects, 0(0B) LOS objects, 40% free, 22MB/38MB, paused 163us total 12.968ms
08-04 13:23:37.080 22210 22210 I ServiceManager: Waiting for service AtCmdFwd...
08-04 13:23:37.118 27166 27179 I art     : Starting a blocking GC Explicit
08-04 13:23:37.132 27166 27179 I art     : Explicit concurrent mark sweep GC freed 1362(80KB) AllocSpace objects, 1(20KB) LOS objects, 40% free, 22MB/38MB, paused 178us total 13.895ms
08-04 13:23:37.138 27166 27179 I art     : Starting a blocking GC Explicit
08-04 13:23:37.152 27166 27179 I art     : Explicit concurrent mark sweep GC freed 23(752B) AllocSpace objects, 0(0B) LOS objects, 40% free, 22MB/38MB, paused 172us total 13.355ms
08-04 13:23:37.159 27166 27179 I art     : Starting a blocking GC Explicit
08-04 13:23:37.172 27166 27179 I art     : Explicit concurrent mark sweep GC freed 3(96B) AllocSpace objects, 0(0B) LOS objects, 40% free, 22MB/38MB, paused 189us total 13.269ms
08-04 13:23:37.178 27166 27179 I art     : Starting a blocking GC Explicit
08-04 13:23:37.191 27166 27179 I art     : Explicit concurrent mark sweep GC freed 3(96B) AllocSpace objects, 0(0B) LOS objects, 40% free, 22MB/38MB, paused 166us total 12.968ms
08-04 13:23:37.198 27166 27179 I art     : Starting a blocking GC Explicit
08-04 13:23:37.210 27166 27179 I art     : Explicit concurrent mark sweep GC freed 3(96B) AllocSpace objects, 0(0B) LOS objects, 40% free, 22MB/38MB, paused 150us total 11.766ms
08-04 13:23:37.273 27810 27810 D AndroidRuntime: >>>>>> START com.android.internal.os.RuntimeInit uid 2000 <<<<<<
08-04 13:23:37.277 27810 27810 D AndroidRuntime: CheckJNI is OFF
08-04 13:23:37.307 27810 27810 D ICU     : No timezone override file found: /data/misc/zoneinfo/current/icu/icu_tzdata.dat
08-04 13:23:37.339 27810 27810 I Radio-JNI: register_android_hardware_Radio DONE
08-04 13:23:37.355 27810 27810 D AndroidRuntime: Calling main entry com.android.commands.input.Input
08-04 13:23:37.356 27810 27810 I Input   : injectMotionEvent: MotionEvent { action=ACTION_DOWN, actionButton=0, id[0]=0, x[0]=409.0, y[0]=1034.0, toolType[0]=TOOL_TYPE_UNKNOWN, buttonState=0, metaState=0, flags=0x0, edgeFlags=0x0, pointerCount=1, historySize=0, eventTime=710633769, downTime=710633769, deviceId=0, source=0x1002 }
08-04 13:23:37.362 27810 27810 I Input   : injectMotionEvent: MotionEvent { action=ACTION_UP, actionButton=0, id[0]=0, x[0]=409.0, y[0]=1034.0, toolType[0]=TOOL_TYPE_UNKNOWN, buttonState=0, metaState=0, flags=0x0, edgeFlags=0x0, pointerCount=1, historySize=0, eventTime=710633769, downTime=710633769, deviceId=0, source=0x1002 }
08-04 13:23:37.365 27810 27810 D AndroidRuntime: Shutting down VM
08-04 13:23:37.435 27166 27178 I art     : Starting a blocking GC Explicit
08-04 13:23:37.443 27166 27166 D MainActivity: loadFragment(index: 5, args: null)
08-04 13:23:37.443 27166 27166 D MainActivity: loadFragment(tag: AddFeedFragment, args: null)
08-04 13:23:37.444 27166 27166 D MainActivity: saveLastNavFragment(tag: AddFeedFragment)
08-04 13:23:37.444 27166 27166 D MainActivity: getLastNavFragment() -> AddFeedFragment
08-04 13:23:37.445   512  2967 D audio_hw_primary: out_set_parameters: enter: usecase(1: low-latency-playback) kvpairs: routing=2
08-04 13:23:37.451 27166 27178 I art     : Explicit concurrent mark sweep GC freed 1465(98KB) AllocSpace objects, 2(40KB) LOS objects, 40% free, 22MB/38MB, paused 174us total 16.086ms
08-04 13:23:37.458 27166 27178 I art     : Starting a blocking GC Explicit
08-04 13:23:37.458   512  2967 D audio_hw_primary: select_devices: out_snd_device(2: speaker) in_snd_device(0: none)
08-04 13:23:37.458   512  2967 D msm8974_platform: platform_send_audio_calibration: sending audio calibration for snd_device(2) acdb_id(15)
08-04 13:23:37.458   512  2967 I soundtrigger: audio_extn_sound_trigger_update_device_status: device 0x2 of type 0 for Event 1
08-04 13:23:37.468   512  2967 D audio_hw_primary: enable_snd_device: snd_device(2: speaker)
08-04 13:23:37.471   512  2967 D audio_hw_primary: enable_audio_route: apply and update mixer path: low-latency-playback speaker
08-04 13:23:37.473 27166 27178 I art     : Explicit concurrent mark sweep GC freed 1250(62KB) AllocSpace objects, 0(0B) LOS objects, 40% free, 22MB/38MB, paused 361us total 15.238ms
08-04 13:23:37.481 27166 27178 I art     : Starting a blocking GC Explicit
08-04 13:23:37.496 27166 27178 I art     : Explicit concurrent mark sweep GC freed 664(42KB) AllocSpace objects, 0(0B) LOS objects, 40% free, 23MB/38MB, paused 362us total 15.503ms
08-04 13:23:37.505 27166 27178 I art     : Starting a blocking GC Explicit
08-04 13:23:37.520 27166 27178 I art     : Explicit concurrent mark sweep GC freed 334(17KB) AllocSpace objects, 0(0B) LOS objects, 40% free, 23MB/38MB, paused 172us total 14.497ms
08-04 13:23:37.523 13866 13882 I PeriodicStatsRunner: PeriodicStatsRunner.call():175 call()
08-04 13:23:37.523 13866 13882 I PeriodicStatsRunner: PeriodicStatsRunner.call():179 No submit PeriodicStats since input started.
08-04 13:23:37.526 27166 27178 I art     : Starting a blocking GC Explicit
08-04 13:23:37.538 27166 27178 I art     : Explicit concurrent mark sweep GC freed 1161(70KB) AllocSpace objects, 2(56KB) LOS objects, 40% free, 22MB/38MB, paused 151us total 12.655ms
08-04 13:23:37.781 27166 27190 I art     : Starting a blocking GC Explicit
08-04 13:23:37.798 27166 27190 I art     : Explicit concurrent mark sweep GC freed 1414(82KB) AllocSpace objects, 1(20KB) LOS objects, 40% free, 22MB/38MB, paused 348us total 16.692ms
08-04 13:23:37.804 27166 27190 I art     : Starting a blocking GC Explicit
08-04 13:23:37.819 27166 27190 I art     : Explicit concurrent mark sweep GC freed 33(1072B) AllocSpace objects, 0(0B) LOS objects, 40% free, 22MB/38MB, paused 206us total 14.852ms
08-04 13:23:37.827 27166 27190 I art     : Starting a blocking GC Explicit
08-04 13:23:37.841 27166 27190 I art     : Explicit concurrent mark sweep GC freed 3(96B) AllocSpace objects, 0(0B) LOS objects, 40% free, 22MB/38MB, paused 181us total 14.171ms
08-04 13:23:37.848 27166 27190 I art     : Starting a blocking GC Explicit
08-04 13:23:37.863 27166 27190 I art     : Explicit concurrent mark sweep GC freed 38(1280B) AllocSpace objects, 0(0B) LOS objects, 40% free, 22MB/38MB, paused 237us total 15.060ms
08-04 13:23:37.870 27166 27190 I art     : Starting a blocking GC Explicit
08-04 13:23:37.881 13866 13866 I GoogleInputMethodServic: GoogleInputMethodService.onFinishInput():3138 
08-04 13:23:37.882 13866 13866 I GoogleInputMethodServic: GoogleInputMethodService.onStartInput():1808 
08-04 13:23:37.884 27166 27190 I art     : Explicit concurrent mark sweep GC freed 94(3KB) AllocSpace objects, 0(0B) LOS objects, 40% free, 22MB/38MB, paused 162us total 14.020ms
08-04 13:23:38.010   512  2967 D audio_hw_primary: disable_audio_route: reset and update mixer path: low-latency-playback speaker
08-04 13:23:38.012   512  2967 D audio_hw_primary: disable_snd_device: snd_device(2: speaker)
08-04 13:23:38.021   512  2967 I soundtrigger: audio_extn_sound_trigger_update_device_status: device 0x2 of type 0 for Event 0
08-04 13:23:38.081 22210 22210 I ServiceManager: Waiting for service AtCmdFwd...
08-04 13:23:38.154 27166 27178 I art     : Starting a blocking GC Explicit
08-04 13:23:38.170 27166 27178 I art     : Explicit concurrent mark sweep GC freed 1443(84KB) AllocSpace objects, 1(20KB) LOS objects, 40% free, 22MB/38MB, paused 158us total 16.172ms
08-04 13:23:38.178 27166 27178 I art     : Starting a blocking GC Explicit
08-04 13:23:38.192 27166 27178 I art     : Explicit concurrent mark sweep GC freed 38(1392B) AllocSpace objects, 0(0B) LOS objects, 40% free, 22MB/38MB, paused 161us total 13.468ms
08-04 13:23:38.199 27166 27178 I art     : Starting a blocking GC Explicit
08-04 13:23:38.213 27166 27178 I art     : Explicit concurrent mark sweep GC freed 3(96B) AllocSpace objects, 0(0B) LOS objects, 40% free, 22MB/38MB, paused 143us total 13.566ms
08-04 13:23:38.219 27166 27178 I art     : Starting a blocking GC Explicit
08-04 13:23:38.233 27166 27178 I art     : Explicit concurrent mark sweep GC freed 3(96B) AllocSpace objects, 0(0B) LOS objects, 40% free, 22MB/38MB, paused 141us total 13.977ms
08-04 13:23:38.240 27166 27178 I art     : Starting a blocking GC Explicit
08-04 13:23:38.252 27166 27178 I art     : Explicit concurrent mark sweep GC freed 3(96B) AllocSpace objects, 0(0B) LOS objects, 40% free, 22MB/38MB, paused 138us total 12.354ms
08-04 13:23:38.521 27166 27178 I art     : Starting a blocking GC Explicit
08-04 13:23:38.535 27166 27178 I art     : Explicit concurrent mark sweep GC freed 1391(80KB) AllocSpace objects, 1(20KB) LOS objects, 40% free, 22MB/38MB, paused 183us total 14.182ms
08-04 13:23:38.542 27166 27178 I art     : Starting a blocking GC Explicit
08-04 13:23:38.555 27166 27178 I art     : Explicit concurrent mark sweep GC freed 25(816B) AllocSpace objects, 0(0B) LOS objects, 40% free, 22MB/38MB, paused 158us total 12.608ms
08-04 13:23:38.561 27166 27178 I art     : Starting a blocking GC Explicit
08-04 13:23:38.573 27166 27178 I art     : Explicit concurrent mark sweep GC freed 3(96B) AllocSpace objects, 0(0B) LOS objects, 40% free, 22MB/38MB, paused 145us total 11.908ms
08-04 13:23:38.578 27166 27178 I art     : Starting a blocking GC Explicit
08-04 13:23:38.590 27166 27178 I art     : Explicit concurrent mark sweep GC freed 3(96B) AllocSpace objects, 0(0B) LOS objects, 40% free, 22MB/38MB, paused 141us total 11.323ms
08-04 13:23:38.595 27166 27178 I art     : Starting a blocking GC Explicit
08-04 13:23:38.607 27166 27178 I art     : Explicit concurrent mark sweep GC freed 3(96B) AllocSpace objects, 0(0B) LOS objects, 40% free, 22MB/38MB, paused 160us total 11.334ms
08-04 13:23:38.824   518   646 I ThermalEngine: ACTION: GPU - Setting GPU[0] to 510000000
08-04 13:23:38.856 27166 27624 I art     : Starting a blocking GC Explicit
08-04 13:23:38.874 27166 27624 I art     : Explicit concurrent mark sweep GC freed 1362(80KB) AllocSpace objects, 1(20KB) LOS objects, 40% free, 22MB/38MB, paused 226us total 17.056ms
08-04 13:23:38.881 27166 27624 I art     : Starting a blocking GC Explicit
08-04 13:23:38.899 27166 27624 I art     : Explicit concurrent mark sweep GC freed 23(752B) AllocSpace objects, 0(0B) LOS objects, 40% free, 22MB/38MB, paused 235us total 17.059ms
08-04 13:23:38.899 27873 27873 D AndroidRuntime: >>>>>> START com.android.internal.os.RuntimeInit uid 2000 <<<<<<
08-04 13:23:38.904 27873 27873 D AndroidRuntime: CheckJNI is OFF
08-04 13:23:38.906 27166 27624 I art     : Starting a blocking GC Explicit
08-04 13:23:38.922 27166 27624 I art     : Explicit concurrent mark sweep GC freed 3(96B) AllocSpace objects, 0(0B) LOS objects, 40% free, 22MB/38MB, paused 231us total 15.634ms
08-04 13:23:38.929 27166 27624 I art     : Starting a blocking GC Explicit
08-04 13:23:38.940 27873 27873 D ICU     : No timezone override file found: /data/misc/zoneinfo/current/icu/icu_tzdata.dat
08-04 13:23:38.945 27166 27624 I art     : Explicit concurrent mark sweep GC freed 3(96B) AllocSpace objects, 0(0B) LOS objects, 40% free, 22MB/38MB, paused 220us total 15.878ms
08-04 13:23:38.953 27166 27624 I art     : Starting a blocking GC Explicit
08-04 13:23:38.968 27166 27624 I art     : Explicit concurrent mark sweep GC freed 3(96B) AllocSpace objects, 0(0B) LOS objects, 40% free, 22MB/38MB, paused 220us total 15.637ms
08-04 13:23:38.972 27873 27873 I Radio-JNI: register_android_hardware_Radio DONE
08-04 13:23:38.993 27873 27873 D AndroidRuntime: Calling main entry com.android.commands.input.Input
08-04 13:23:38.995 27873 27873 I Input   : injectMotionEvent: MotionEvent { action=ACTION_DOWN, actionButton=0, id[0]=0, x[0]=567.0, y[0]=714.0, toolType[0]=TOOL_TYPE_UNKNOWN, buttonState=0, metaState=0, flags=0x0, edgeFlags=0x0, pointerCount=1, historySize=0, eventTime=710635407, downTime=710635407, deviceId=0, source=0x1002 }
08-04 13:23:38.999 27873 27873 I Input   : injectMotionEvent: MotionEvent { action=ACTION_UP, actionButton=0, id[0]=0, x[0]=567.0, y[0]=714.0, toolType[0]=TOOL_TYPE_UNKNOWN, buttonState=0, metaState=0, flags=0x0, edgeFlags=0x0, pointerCount=1, historySize=0, eventTime=710635407, downTime=710635407, deviceId=0, source=0x1002 }
08-04 13:23:39.001 27873 27873 D AndroidRuntime: Shutting down VM
08-04 13:23:39.014   512  2967 D audio_hw_primary: out_set_parameters: enter: usecase(1: low-latency-playback) kvpairs: routing=2
08-04 13:23:39.022 27166 27718 D AntennapodHttpClient: Creating new instance of HTTP client
08-04 13:23:39.026   512  2967 D audio_hw_primary: select_devices: out_snd_device(2: speaker) in_snd_device(0: none)
08-04 13:23:39.027   512  2967 D msm8974_platform: platform_send_audio_calibration: sending audio calibration for snd_device(2) acdb_id(15)
08-04 13:23:39.027   512  2967 I soundtrigger: audio_extn_sound_trigger_update_device_status: device 0x2 of type 0 for Event 1
08-04 13:23:39.033 13866 13866 I GoogleInputMethodServic: GoogleInputMethodService.onFinishInput():3138 
08-04 13:23:39.033 13866 13866 I GoogleInputMethodServic: GoogleInputMethodService.onStartInput():1808 
08-04 13:23:39.036   512  2967 D audio_hw_primary: enable_snd_device: snd_device(2: speaker)
08-04 13:23:39.038   512  2967 D audio_hw_primary: enable_audio_route: apply and update mixer path: low-latency-playback speaker
08-04 13:23:39.081 22210 22210 W Atfwd_Sendcmd: AtCmdFwd service not published, waiting... retryCnt : 3
08-04 13:23:39.193 13866 13882 I PeriodicStatsRunner: PeriodicStatsRunner.call():175 call()
08-04 13:23:39.194 13866 13882 I PeriodicStatsRunner: PeriodicStatsRunner.call():179 No submit PeriodicStats since input started.
08-04 13:23:39.207 27166 27178 I art     : Starting a blocking GC Explicit
08-04 13:23:39.230 27166 27178 I art     : Explicit concurrent mark sweep GC freed 8377(523KB) AllocSpace objects, 3(140KB) LOS objects, 40% free, 23MB/39MB, paused 312us total 21.978ms
08-04 13:23:39.238 27166 27178 I art     : Starting a blocking GC Explicit
08-04 13:23:39.257 27166 27178 I art     : Explicit concurrent mark sweep GC freed 5983(336KB) AllocSpace objects, 2(300KB) LOS objects, 40% free, 23MB/39MB, paused 949us total 19.313ms
08-04 13:23:39.267 27166 27178 I art     : Starting a blocking GC Explicit
08-04 13:23:39.284 27166 27178 I art     : Explicit concurrent mark sweep GC freed 162(15KB) AllocSpace objects, 0(0B) LOS objects, 40% free, 23MB/39MB, paused 316us total 16.906ms
08-04 13:23:39.292 27166 27178 I art     : Starting a blocking GC Explicit
08-04 13:23:39.309 27166 27178 I art     : Explicit concurrent mark sweep GC freed 33(1472B) AllocSpace objects, 0(0B) LOS objects, 40% free, 23MB/39MB, paused 313us total 17.564ms
08-04 13:23:39.317 27166 27178 I art     : Starting a blocking GC Explicit
08-04 13:23:39.334 27166 27178 I art     : Explicit concurrent mark sweep GC freed 15(576B) AllocSpace objects, 0(0B) LOS objects, 40% free, 23MB/39MB, paused 306us total 17.152ms
08-04 13:23:39.402 27166 27718 I NAPPA_EXPERIMENTATION: MetricNetworkRequestExecutionTime: REQUEST_DURATION_SYSTEM='365',REQUEST_DURATION_OKHTTP='144',REQUEST_SYNCHRONOUS='TRUE',RESPONSE_CODE='400',RESPONSE_METHOD='GET',RESPONSE_LENGTH_OKHTTP='0',RESPONSE_LENGTH_HEADER='0',REQUEST_PROTOCOL='h2',REQUEST_URL='https://itunes.apple.com/en/rss/toppodcasts/limit=25/explicit=true/json',
08-04 13:23:39.541 27166 27718 I NAPPA_EXPERIMENTATION: MetricNetworkRequestExecutionTime: REQUEST_DURATION_SYSTEM='138',REQUEST_DURATION_OKHTTP='136',REQUEST_SYNCHRONOUS='TRUE',RESPONSE_CODE='200',RESPONSE_METHOD='GET',RESPONSE_LENGTH_OKHTTP='-1',RESPONSE_LENGTH_HEADER='10075',REQUEST_PROTOCOL='h2',REQUEST_URL='https://itunes.apple.com/us/rss/toppodcasts/limit=25/explicit=true/json',
08-04 13:23:39.575 27166 27178 I art     : Starting a blocking GC Explicit
08-04 13:23:39.579   512  2967 D audio_hw_primary: disable_audio_route: reset and update mixer path: low-latency-playback speaker
08-04 13:23:39.580   512  2967 D audio_hw_primary: disable_snd_device: snd_device(2: speaker)
08-04 13:23:39.588   512  2967 I soundtrigger: audio_extn_sound_trigger_update_device_status: device 0x2 of type 0 for Event 0
08-04 13:23:39.595 27166 27178 I art     : Explicit concurrent mark sweep GC freed 10446(563KB) AllocSpace objects, 5(372KB) LOS objects, 40% free, 23MB/39MB, paused 1.047ms total 19.825ms
08-04 13:23:39.603 27166 27178 I art     : Starting a blocking GC Explicit
08-04 13:23:39.615 27166 27166 D AntennapodHttpClient: Creating new instance of HTTP client
08-04 13:23:39.629 27166 27178 I art     : Explicit concurrent mark sweep GC freed 593(62KB) AllocSpace objects, 0(0B) LOS objects, 40% free, 23MB/39MB, paused 1.160ms total 25.925ms
08-04 13:23:39.638 27166 27921 D ApOkHttpUrlLoader: buildLoadData() called with: model = [https://is4-ssl.mzstatic.com/image/thumb/Podcasts114/v4/3f/16/74/3f167426-bf50-ce3a-d709-e4301620fc5b/mza_5832671293059882550.jpeg/170x170bb.png], width = [224], height = [224]
08-04 13:23:39.638 27166 27178 I art     : Starting a blocking GC Explicit
08-04 13:23:39.645 27166 27922 D DBReader: getImageAuthentication() called with: imageUrl = [https://is4-ssl.mzstatic.com/image/thumb/Podcasts114/v4/3f/16/74/3f167426-bf50-ce3a-d709-e4301620fc5b/mza_5832671293059882550.jpeg/170x170bb.png]
08-04 13:23:39.645 27166 27923 D ApOkHttpUrlLoader: buildLoadData() called with: model = [https://is4-ssl.mzstatic.com/image/thumb/Podcasts113/v4/e5/8a/10/e58a108f-f5d0-f622-c94a-13f66edd570c/mza_3025981348644196724.jpg/170x170bb.png], width = [224], height = [224]
08-04 13:23:39.647 27166 27922 D ApOkHttpUrlLoader: no credentials for 'https://is4-ssl.mzstatic.com/image/thumb/Podcasts114/v4/3f/16/74/3f167426-bf50-ce3a-d709-e4301620fc5b/mza_5832671293059882550.jpeg/170x170bb.png'
08-04 13:23:39.647 27166 27924 D DBReader: getImageAuthentication() called with: imageUrl = [https://is4-ssl.mzstatic.com/image/thumb/Podcasts113/v4/e5/8a/10/e58a108f-f5d0-f622-c94a-13f66edd570c/mza_3025981348644196724.jpg/170x170bb.png]
08-04 13:23:39.648 27166 27924 D ApOkHttpUrlLoader: no credentials for 'https://is4-ssl.mzstatic.com/image/thumb/Podcasts113/v4/e5/8a/10/e58a108f-f5d0-f622-c94a-13f66edd570c/mza_3025981348644196724.jpg/170x170bb.png'
08-04 13:23:39.651 27166 27925 D ApOkHttpUrlLoader: buildLoadData() called with: model = [https://is2-ssl.mzstatic.com/image/thumb/Podcasts113/v4/a9/39/cc/a939ccc5-6d60-0c11-0a4c-16d71cdef89b/mza_8787577209688278658.jpg/170x170bb.png], width = [224], height = [224]
08-04 13:23:39.653 27166 27926 D DBReader: getImageAuthentication() called with: imageUrl = [https://is2-ssl.mzstatic.com/image/thumb/Podcasts113/v4/a9/39/cc/a939ccc5-6d60-0c11-0a4c-16d71cdef89b/mza_8787577209688278658.jpg/170x170bb.png]
08-04 13:23:39.654 27166 27926 D ApOkHttpUrlLoader: no credentials for 'https://is2-ssl.mzstatic.com/image/thumb/Podcasts113/v4/a9/39/cc/a939ccc5-6d60-0c11-0a4c-16d71cdef89b/mza_8787577209688278658.jpg/170x170bb.png'
08-04 13:23:39.659 27166 27178 I art     : Explicit concurrent mark sweep GC freed 1885(155KB) AllocSpace objects, 0(0B) LOS objects, 39% free, 24MB/40MB, paused 824us total 20.555ms
08-04 13:23:39.660 27166 27927 D ApOkHttpUrlLoader: buildLoadData() called with: model = [https://is5-ssl.mzstatic.com/image/thumb/Podcasts114/v4/93/cf/99/93cf9960-fff3-205e-6655-72c03ddeccb2/mza_10545582232493904175.jpeg/170x170bb.png], width = [224], height = [224]
08-04 13:23:39.661 27166 27928 D DBReader: getImageAuthentication() called with: imageUrl = [https://is5-ssl.mzstatic.com/image/thumb/Podcasts114/v4/93/cf/99/93cf9960-fff3-205e-6655-72c03ddeccb2/mza_10545582232493904175.jpeg/170x170bb.png]
08-04 13:23:39.663 27166 27928 D ApOkHttpUrlLoader: no credentials for 'https://is5-ssl.mzstatic.com/image/thumb/Podcasts114/v4/93/cf/99/93cf9960-fff3-205e-6655-72c03ddeccb2/mza_10545582232493904175.jpeg/170x170bb.png'
08-04 13:23:39.664 27166 27921 D ApOkHttpUrlLoader: buildLoadData() called with: model = [https://is4-ssl.mzstatic.com/image/thumb/Podcasts124/v4/49/a4/91/49a491b7-3daf-c5dc-d7c6-6c4f1486955c/mza_5930014091766152297.png/170x170bb.png], width = [224], height = [224]
08-04 13:23:39.666 27166 27929 D DBReader: getImageAuthentication() called with: imageUrl = [https://is4-ssl.mzstatic.com/image/thumb/Podcasts124/v4/49/a4/91/49a491b7-3daf-c5dc-d7c6-6c4f1486955c/mza_5930014091766152297.png/170x170bb.png]
08-04 13:23:39.667 27166 27178 I art     : Starting a blocking GC Explicit
08-04 13:23:39.669 27166 27929 D ApOkHttpUrlLoader: no credentials for 'https://is4-ssl.mzstatic.com/image/thumb/Podcasts124/v4/49/a4/91/49a491b7-3daf-c5dc-d7c6-6c4f1486955c/mza_5930014091766152297.png/170x170bb.png'
08-04 13:23:39.671 27166 27923 D ApOkHttpUrlLoader: buildLoadData() called with: model = [https://is5-ssl.mzstatic.com/image/thumb/Podcasts113/v4/fd/54/6e/fd546ea0-7ab2-e3f0-6049-884d82917af9/mza_4855349695799758348.jpeg/170x170bb.png], width = [224], height = [224]
08-04 13:23:39.673 27166 27930 D DBReader: getImageAuthentication() called with: imageUrl = [https://is5-ssl.mzstatic.com/image/thumb/Podcasts113/v4/fd/54/6e/fd546ea0-7ab2-e3f0-6049-884d82917af9/mza_4855349695799758348.jpeg/170x170bb.png]
08-04 13:23:39.676 27166 27930 D ApOkHttpUrlLoader: no credentials for 'https://is5-ssl.mzstatic.com/image/thumb/Podcasts113/v4/fd/54/6e/fd546ea0-7ab2-e3f0-6049-884d82917af9/mza_4855349695799758348.jpeg/170x170bb.png'
08-04 13:23:39.677 27166 27925 D ApOkHttpUrlLoader: buildLoadData() called with: model = [https://is2-ssl.mzstatic.com/image/thumb/Podcasts114/v4/b3/4c/cf/b34ccfc2-cea4-1ca1-0fad-7793af301cc5/mza_2466085192629456364.jpg/170x170bb.png], width = [224], height = [224]
08-04 13:23:39.679 27166 27931 D DBReader: getImageAuthentication() called with: imageUrl = [https://is2-ssl.mzstatic.com/image/thumb/Podcasts114/v4/b3/4c/cf/b34ccfc2-cea4-1ca1-0fad-7793af301cc5/mza_2466085192629456364.jpg/170x170bb.png]
08-04 13:23:39.681 27166 27931 D ApOkHttpUrlLoader: no credentials for 'https://is2-ssl.mzstatic.com/image/thumb/Podcasts114/v4/b3/4c/cf/b34ccfc2-cea4-1ca1-0fad-7793af301cc5/mza_2466085192629456364.jpg/170x170bb.png'
08-04 13:23:39.687 27166 27178 I art     : Explicit concurrent mark sweep GC freed 1549(123KB) AllocSpace objects, 0(0B) LOS objects, 39% free, 24MB/40MB, paused 706us total 19.761ms
08-04 13:23:39.694 27166 27178 I art     : Starting a blocking GC Explicit
08-04 13:23:39.713 27166 27178 I art     : Explicit concurrent mark sweep GC freed 422(24KB) AllocSpace objects, 0(0B) LOS objects, 39% free, 24MB/40MB, paused 604us total 19.228ms
08-04 13:23:39.970 27166 27624 I art     : Starting a blocking GC Explicit
08-04 13:23:39.998 27166 27624 I art     : Explicit concurrent mark sweep GC freed 28833(1398KB) AllocSpace objects, 4(220KB) LOS objects, 39% free, 24MB/40MB, paused 763us total 27.498ms
08-04 13:23:40.007 27166 27624 I art     : Starting a blocking GC Explicit
08-04 13:23:40.031 27166 27624 I art     : Explicit concurrent mark sweep GC freed 1466(133KB) AllocSpace objects, 0(0B) LOS objects, 39% free, 24MB/40MB, paused 756us total 23.422ms
08-04 13:23:40.040 27166 27624 I art     : Starting a blocking GC Explicit
08-04 13:23:40.044 27166 27931 D MYTAG   : interceptor 2a
08-04 13:23:40.044 27166 27931 I NAPPA_EXPERIMENTATION: MetricNetworkRequestExecutionTime: REQUEST_DURATION_SYSTEM='363',REQUEST_DURATION_OKHTTP='179',REQUEST_SYNCHRONOUS='TRUE',RESPONSE_CODE='200',RESPONSE_METHOD='GET',RESPONSE_LENGTH_OKHTTP='42299',RESPONSE_LENGTH_HEADER='42299',REQUEST_PROTOCOL='h2',REQUEST_URL='https://is2-ssl.mzstatic.com/image/thumb/Podcasts114/v4/b3/4c/cf/b34ccfc2-cea4-1ca1-0fad-7793af301cc5/mza_2466085192629456364.jpg/170x170bb.png',
08-04 13:23:40.064 27166 27624 I art     : Explicit concurrent mark sweep GC freed 750(44KB) AllocSpace objects, 0(0B) LOS objects, 39% free, 24MB/40MB, paused 833us total 23.512ms
08-04 13:23:40.072 27166 27624 I art     : Starting a blocking GC Explicit
08-04 13:23:40.094 27166 27624 I art     : Explicit concurrent mark sweep GC freed 287(15KB) AllocSpace objects, 0(0B) LOS objects, 39% free, 24MB/40MB, paused 708us total 21.734ms
08-04 13:23:40.102 27166 27926 D MYTAG   : interceptor 2a
08-04 13:23:40.102 27166 27926 I NAPPA_EXPERIMENTATION: MetricNetworkRequestExecutionTime: REQUEST_DURATION_SYSTEM='448',REQUEST_DURATION_OKHTTP='232',REQUEST_SYNCHRONOUS='TRUE',RESPONSE_CODE='200',RESPONSE_METHOD='GET',RESPONSE_LENGTH_OKHTTP='48239',RESPONSE_LENGTH_HEADER='48239',REQUEST_PROTOCOL='h2',REQUEST_URL='https://is2-ssl.mzstatic.com/image/thumb/Podcasts113/v4/a9/39/cc/a939ccc5-6d60-0c11-0a4c-16d71cdef89b/mza_8787577209688278658.jpg/170x170bb.png',
08-04 13:23:40.103 27166 27624 I art     : Starting a blocking GC Explicit
08-04 13:23:40.111 27166 27929 D MYTAG   : interceptor 2a
08-04 13:23:40.111 27166 27929 I NAPPA_EXPERIMENTATION: MetricNetworkRequestExecutionTime: REQUEST_DURATION_SYSTEM='441',REQUEST_DURATION_OKHTTP='244',REQUEST_SYNCHRONOUS='TRUE',RESPONSE_CODE='200',RESPONSE_METHOD='GET',RESPONSE_LENGTH_OKHTTP='12000',RESPONSE_LENGTH_HEADER='12000',REQUEST_PROTOCOL='h2',REQUEST_URL='https://is4-ssl.mzstatic.com/image/thumb/Podcasts124/v4/49/a4/91/49a491b7-3daf-c5dc-d7c6-6c4f1486955c/mza_5930014091766152297.png/170x170bb.png',
08-04 13:23:40.113 27166 27928 D MYTAG   : interceptor 2a
08-04 13:23:40.113 27166 27928 I NAPPA_EXPERIMENTATION: MetricNetworkRequestExecutionTime: REQUEST_DURATION_SYSTEM='450',REQUEST_DURATION_OKHTTP='239',REQUEST_SYNCHRONOUS='TRUE',RESPONSE_CODE='200',RESPONSE_METHOD='GET',RESPONSE_LENGTH_OKHTTP='22351',RESPONSE_LENGTH_HEADER='22351',REQUEST_PROTOCOL='h2',REQUEST_URL='https://is5-ssl.mzstatic.com/image/thumb/Podcasts114/v4/93/cf/99/93cf9960-fff3-205e-6655-72c03ddeccb2/mza_10545582232493904175.jpeg/170x170bb.png',
08-04 13:23:40.121 27166 27924 D MYTAG   : interceptor 2a
08-04 13:23:40.121 27166 27924 I NAPPA_EXPERIMENTATION: MetricNetworkRequestExecutionTime: REQUEST_DURATION_SYSTEM='472',REQUEST_DURATION_OKHTTP='251',REQUEST_SYNCHRONOUS='TRUE',RESPONSE_CODE='200',RESPONSE_METHOD='GET',RESPONSE_LENGTH_OKHTTP='45995',RESPONSE_LENGTH_HEADER='45995',REQUEST_PROTOCOL='h2',REQUEST_URL='https://is4-ssl.mzstatic.com/image/thumb/Podcasts113/v4/e5/8a/10/e58a108f-f5d0-f622-c94a-13f66edd570c/mza_3025981348644196724.jpg/170x170bb.png',
08-04 13:23:40.125 27166 27624 I art     : Explicit concurrent mark sweep GC freed 909(78KB) AllocSpace objects, 0(0B) LOS objects, 38% free, 25MB/41MB, paused 753us total 21.587ms
08-04 13:23:40.128 27166 27930 D MYTAG   : interceptor 2a
08-04 13:23:40.128 27166 27930 I NAPPA_EXPERIMENTATION: MetricNetworkRequestExecutionTime: REQUEST_DURATION_SYSTEM='452',REQUEST_DURATION_OKHTTP='258',REQUEST_SYNCHRONOUS='TRUE',RESPONSE_CODE='200',RESPONSE_METHOD='GET',RESPONSE_LENGTH_OKHTTP='54835',RESPONSE_LENGTH_HEADER='54835',REQUEST_PROTOCOL='h2',REQUEST_URL='https://is5-ssl.mzstatic.com/image/thumb/Podcasts113/v4/fd/54/6e/fd546ea0-7ab2-e3f0-6049-884d82917af9/mza_4855349695799758348.jpeg/170x170bb.png',
08-04 13:23:40.150 27166 27922 D MYTAG   : interceptor 2a
08-04 13:23:40.150 27166 27922 I NAPPA_EXPERIMENTATION: MetricNetworkRequestExecutionTime: REQUEST_DURATION_SYSTEM='503',REQUEST_DURATION_OKHTTP='273',REQUEST_SYNCHRONOUS='TRUE',RESPONSE_CODE='200',RESPONSE_METHOD='GET',RESPONSE_LENGTH_OKHTTP='26177',RESPONSE_LENGTH_HEADER='26177',REQUEST_PROTOCOL='h2',REQUEST_URL='https://is4-ssl.mzstatic.com/image/thumb/Podcasts114/v4/3f/16/74/3f167426-bf50-ce3a-d709-e4301620fc5b/mza_5832671293059882550.jpeg/170x170bb.png',
08-04 13:23:40.393 27166 27179 I art     : Starting a blocking GC Explicit
08-04 13:23:40.423 27166 27179 I art     : Explicit concurrent mark sweep GC freed 2755(179KB) AllocSpace objects, 1(20KB) LOS objects, 37% free, 26MB/42MB, paused 590us total 29.009ms
08-04 13:23:40.436 27166 27179 I art     : Starting a blocking GC Explicit
08-04 13:23:40.459 27166 27179 I art     : Explicit concurrent mark sweep GC freed 31(1328B) AllocSpace objects, 0(0B) LOS objects, 37% free, 26MB/42MB, paused 534us total 21.911ms
08-04 13:23:40.467 27166 27179 I art     : Starting a blocking GC Explicit
08-04 13:23:40.490 27166 27179 I art     : Explicit concurrent mark sweep GC freed 3(96B) AllocSpace objects, 0(0B) LOS objects, 37% free, 26MB/42MB, paused 681us total 22.688ms
08-04 13:23:40.499 27166 27179 I art     : Starting a blocking GC Explicit
08-04 13:23:40.522 27166 27179 I art     : Explicit concurrent mark sweep GC freed 32(880B) AllocSpace objects, 0(0B) LOS objects, 37% free, 26MB/42MB, paused 528us total 22.940ms
08-04 13:23:40.531 27166 27179 I art     : Starting a blocking GC Explicit
08-04 13:23:40.554 27166 27179 I art     : Explicit concurrent mark sweep GC freed 3(96B) AllocSpace objects, 0(0B) LOS objects, 37% free, 26MB/42MB, paused 534us total 22.235ms
08-04 13:23:40.773 13866 13882 I PeriodicStatsRunner: PeriodicStatsRunner.call():175 call()
08-04 13:23:40.773 13866 13882 I PeriodicStatsRunner: PeriodicStatsRunner.call():179 No submit PeriodicStats since input started.
08-04 13:23:40.888 27166 27624 I art     : Starting a blocking GC Explicit
08-04 13:23:40.921 27166 27624 I art     : Explicit concurrent mark sweep GC freed 1363(80KB) AllocSpace objects, 1(20KB) LOS objects, 37% free, 26MB/42MB, paused 602us total 32.654ms
08-04 13:23:40.935 27166 27624 I art     : Starting a blocking GC Explicit
08-04 13:23:40.961 27166 27624 I art     : Explicit concurrent mark sweep GC freed 23(752B) AllocSpace objects, 0(0B) LOS objects, 37% free, 26MB/42MB, paused 557us total 25.636ms
08-04 13:23:40.970 27166 27624 I art     : Starting a blocking GC Explicit
08-04 13:23:40.993 27166 27624 I art     : Explicit concurrent mark sweep GC freed 3(96B) AllocSpace objects, 0(0B) LOS objects, 37% free, 26MB/42MB, paused 538us total 22.800ms
08-04 13:23:41.002 27166 27624 I art     : Starting a blocking GC Explicit
08-04 13:23:41.024 27166 27624 I art     : Explicit concurrent mark sweep GC freed 3(96B) AllocSpace objects, 0(0B) LOS objects, 37% free, 26MB/42MB, paused 519us total 22.196ms
08-04 13:23:41.033 27166 27624 I art     : Starting a blocking GC Explicit
08-04 13:23:41.056 27166 27624 I art     : Explicit concurrent mark sweep GC freed 3(96B) AllocSpace objects, 0(0B) LOS objects, 37% free, 26MB/42MB, paused 531us total 22.236ms
08-04 13:23:41.376 27166 27624 I art     : Starting a blocking GC Explicit
08-04 13:23:41.399 27166 27624 I art     : Explicit concurrent mark sweep GC freed 1389(80KB) AllocSpace objects, 1(20KB) LOS objects, 37% free, 26MB/42MB, paused 501us total 23.166ms
08-04 13:23:41.409 27166 27624 I art     : Starting a blocking GC Explicit
08-04 13:23:41.432 27166 27624 I art     : Explicit concurrent mark sweep GC freed 27(880B) AllocSpace objects, 0(0B) LOS objects, 37% free, 26MB/42MB, paused 706us total 23.055ms
08-04 13:23:41.441 27166 27624 I art     : Starting a blocking GC Explicit
08-04 13:23:41.462 27166 27624 I art     : Explicit concurrent mark sweep GC freed 3(96B) AllocSpace objects, 0(0B) LOS objects, 37% free, 26MB/42MB, paused 538us total 20.912ms
08-04 13:23:41.471 27166 27624 I art     : Starting a blocking GC Explicit
08-04 13:23:41.491 27166 27624 I art     : Explicit concurrent mark sweep GC freed 4(160B) AllocSpace objects, 0(0B) LOS objects, 37% free, 26MB/42MB, paused 518us total 20.337ms
08-04 13:23:41.499 27166 27624 I art     : Starting a blocking GC Explicit
08-04 13:23:41.521 27166 27624 I art     : Explicit concurrent mark sweep GC freed 32(880B) AllocSpace objects, 0(0B) LOS objects, 37% free, 26MB/42MB, paused 549us total 21.076ms
08-04 13:23:41.863 27166 27190 I art     : Starting a blocking GC Explicit
08-04 13:23:41.898 27166 27190 I art     : Explicit concurrent mark sweep GC freed 1363(80KB) AllocSpace objects, 1(20KB) LOS objects, 37% free, 26MB/42MB, paused 787us total 34.308ms
08-04 13:23:41.910 27166 27190 I art     : Starting a blocking GC Explicit
08-04 13:23:41.934 27166 27190 I art     : Explicit concurrent mark sweep GC freed 23(752B) AllocSpace objects, 0(0B) LOS objects, 37% free, 26MB/42MB, paused 539us total 22.892ms
08-04 13:23:41.942 27166 27190 I art     : Starting a blocking GC Explicit
08-04 13:23:41.965 27166 27190 I art     : Explicit concurrent mark sweep GC freed 3(96B) AllocSpace objects, 0(0B) LOS objects, 37% free, 26MB/42MB, paused 533us total 22.340ms
08-04 13:23:41.974 27166 27190 I art     : Starting a blocking GC Explicit
08-04 13:23:41.996 27166 27190 I art     : Explicit concurrent mark sweep GC freed 3(96B) AllocSpace objects, 0(0B) LOS objects, 37% free, 26MB/42MB, paused 556us total 22.469ms
08-04 13:23:42.005 27166 27190 I art     : Starting a blocking GC Explicit
08-04 13:23:42.029 27166 27190 I art     : Explicit concurrent mark sweep GC freed 3(96B) AllocSpace objects, 0(0B) LOS objects, 37% free, 26MB/42MB, paused 550us total 23.373ms
08-04 13:23:42.354 27166 27179 I art     : Starting a blocking GC Explicit
08-04 13:23:42.383 27166 27179 I art     : Explicit concurrent mark sweep GC freed 1363(80KB) AllocSpace objects, 1(20KB) LOS objects, 37% free, 26MB/42MB, paused 567us total 29.024ms
08-04 13:23:42.395 27166 27179 I art     : Starting a blocking GC Explicit
08-04 13:23:42.418 27166 27179 I art     : Explicit concurrent mark sweep GC freed 23(752B) AllocSpace objects, 0(0B) LOS objects, 37% free, 26MB/42MB, paused 533us total 22.859ms
08-04 13:23:42.427 27166 27179 I art     : Starting a blocking GC Explicit
08-04 13:23:42.450 27166 27179 I art     : Explicit concurrent mark sweep GC freed 3(96B) AllocSpace objects, 0(0B) LOS objects, 37% free, 26MB/42MB, paused 529us total 22.991ms
08-04 13:23:42.459 27166 27179 I art     : Starting a blocking GC Explicit
08-04 13:23:42.482 27166 27179 I art     : Explicit concurrent mark sweep GC freed 3(96B) AllocSpace objects, 0(0B) LOS objects, 37% free, 26MB/42MB, paused 553us total 22.613ms
08-04 13:23:42.491 27166 27179 I art     : Starting a blocking GC Explicit
08-04 13:23:42.513 27166 27179 I art     : Explicit concurrent mark sweep GC freed 32(880B) AllocSpace objects, 0(0B) LOS objects, 37% free, 26MB/42MB, paused 535us total 22.263ms
08-04 13:23:42.830   518   646 I ThermalEngine: ACTION: GPU - Setting GPU[0] to 600000000
08-04 13:23:42.843 27166 27178 I art     : Starting a blocking GC Explicit
08-04 13:23:42.872 27166 27178 I art     : Explicit concurrent mark sweep GC freed 1363(80KB) AllocSpace objects, 1(20KB) LOS objects, 37% free, 26MB/42MB, paused 511us total 28.787ms
08-04 13:23:42.882 13866 13882 I PeriodicStatsRunner: PeriodicStatsRunner.call():175 call()
08-04 13:23:42.882 13866 13882 I PeriodicStatsRunner: PeriodicStatsRunner.call():179 No submit PeriodicStats since input started.
08-04 13:23:42.883 27166 27178 I art     : Starting a blocking GC Explicit
08-04 13:23:42.903 27166 27178 I art     : Explicit concurrent mark sweep GC freed 23(752B) AllocSpace objects, 0(0B) LOS objects, 37% free, 26MB/42MB, paused 419us total 19.736ms
08-04 13:23:42.910 27166 27178 I art     : Starting a blocking GC Explicit
08-04 13:23:42.928 27166 27178 I art     : Explicit concurrent mark sweep GC freed 3(96B) AllocSpace objects, 0(0B) LOS objects, 37% free, 26MB/42MB, paused 403us total 17.621ms
08-04 13:23:42.935 27166 27178 I art     : Starting a blocking GC Explicit
08-04 13:23:42.953 27166 27178 I art     : Explicit concurrent mark sweep GC freed 3(96B) AllocSpace objects, 0(0B) LOS objects, 37% free, 26MB/42MB, paused 391us total 17.966ms
08-04 13:23:42.960 27166 27178 I art     : Starting a blocking GC Explicit
08-04 13:23:42.978 27166 27178 I art     : Explicit concurrent mark sweep GC freed 3(96B) AllocSpace objects, 0(0B) LOS objects, 37% free, 26MB/42MB, paused 366us total 17.369ms
08-04 13:23:43.290 27166 27624 I art     : Starting a blocking GC Explicit
08-04 13:23:43.315 27166 27624 I art     : Explicit concurrent mark sweep GC freed 1363(80KB) AllocSpace objects, 1(20KB) LOS objects, 37% free, 26MB/42MB, paused 430us total 24.941ms
08-04 13:23:43.326 27166 27624 I art     : Starting a blocking GC Explicit
08-04 13:23:43.348 27166 27624 I art     : Explicit concurrent mark sweep GC freed 23(752B) AllocSpace objects, 0(0B) LOS objects, 37% free, 26MB/42MB, paused 401us total 21.872ms
08-04 13:23:43.355 27166 27624 I art     : Starting a blocking GC Explicit
08-04 13:23:43.374 27166 27624 I art     : Explicit concurrent mark sweep GC freed 3(96B) AllocSpace objects, 0(0B) LOS objects, 37% free, 26MB/42MB, paused 398us total 18.301ms
08-04 13:23:43.381 27166 27624 I art     : Starting a blocking GC Explicit
08-04 13:23:43.399 27166 27624 I art     : Explicit concurrent mark sweep GC freed 3(96B) AllocSpace objects, 0(0B) LOS objects, 37% free, 26MB/42MB, paused 397us total 17.494ms
08-04 13:23:43.405 27166 27624 I art     : Starting a blocking GC Explicit
08-04 13:23:43.423 27166 27624 I art     : Explicit concurrent mark sweep GC freed 3(96B) AllocSpace objects, 0(0B) LOS objects, 37% free, 26MB/42MB, paused 389us total 17.240ms
08-04 13:23:43.748 27166 27190 I art     : Starting a blocking GC Explicit
08-04 13:23:43.775 27166 27190 I art     : Explicit concurrent mark sweep GC freed 1392(80KB) AllocSpace objects, 1(20KB) LOS objects, 37% free, 26MB/42MB, paused 462us total 26.363ms
08-04 13:23:43.785 27166 27190 I art     : Starting a blocking GC Explicit
08-04 13:23:43.803 27166 27190 I art     : Explicit concurrent mark sweep GC freed 23(752B) AllocSpace objects, 0(0B) LOS objects, 37% free, 26MB/42MB, paused 400us total 18.394ms
08-04 13:23:43.810 27166 27190 I art     : Starting a blocking GC Explicit
08-04 13:23:43.829 27166 27190 I art     : Explicit concurrent mark sweep GC freed 3(96B) AllocSpace objects, 0(0B) LOS objects, 37% free, 26MB/42MB, paused 391us total 18.109ms
08-04 13:23:43.835 27166 27190 I art     : Starting a blocking GC Explicit
08-04 13:23:43.854 27166 27190 I art     : Explicit concurrent mark sweep GC freed 3(96B) AllocSpace objects, 0(0B) LOS objects, 37% free, 26MB/42MB, paused 401us total 17.939ms
08-04 13:23:43.861 27166 27190 I art     : Starting a blocking GC Explicit
08-04 13:23:43.879 27166 27190 I art     : Explicit concurrent mark sweep GC freed 3(96B) AllocSpace objects, 0(0B) LOS objects, 37% free, 26MB/42MB, paused 374us total 17.807ms
08-04 13:23:44.033 13866 13882 I PeriodicStatsRunner: PeriodicStatsRunner.call():175 call()
08-04 13:23:44.034 13866 13882 I PeriodicStatsRunner: PeriodicStatsRunner.call():179 No submit PeriodicStats since input started.
08-04 13:23:44.180 27166 27179 I art     : Starting a blocking GC Explicit
08-04 13:23:44.210 27166 27179 I art     : Explicit concurrent mark sweep GC freed 1363(80KB) AllocSpace objects, 1(20KB) LOS objects, 37% free, 26MB/42MB, paused 441us total 29.257ms
08-04 13:23:44.221 27166 27179 I art     : Starting a blocking GC Explicit
08-04 13:23:44.239 27166 27179 I art     : Explicit concurrent mark sweep GC freed 23(752B) AllocSpace objects, 0(0B) LOS objects, 37% free, 26MB/42MB, paused 391us total 17.234ms
08-04 13:23:44.245 27166 27179 I art     : Starting a blocking GC Explicit
08-04 13:23:44.263 27166 27179 I art     : Explicit concurrent mark sweep GC freed 3(96B) AllocSpace objects, 0(0B) LOS objects, 37% free, 26MB/42MB, paused 388us total 17.435ms
08-04 13:23:44.270 27166 27179 I art     : Starting a blocking GC Explicit
08-04 13:23:44.287 27166 27179 I art     : Explicit concurrent mark sweep GC freed 3(96B) AllocSpace objects, 0(0B) LOS objects, 37% free, 26MB/42MB, paused 406us total 17.228ms
08-04 13:23:44.294 27166 27179 I art     : Starting a blocking GC Explicit
08-04 13:23:44.311 27166 27179 I art     : Explicit concurrent mark sweep GC freed 3(96B) AllocSpace objects, 0(0B) LOS objects, 37% free, 26MB/42MB, paused 385us total 17.187ms
08-04 13:23:44.648 27166 27178 I art     : Starting a blocking GC Explicit
08-04 13:23:44.676 27166 27178 I art     : Explicit concurrent mark sweep GC freed 1392(80KB) AllocSpace objects, 1(20KB) LOS objects, 37% free, 26MB/42MB, paused 458us total 27.281ms
08-04 13:23:44.689 27166 27178 I art     : Starting a blocking GC Explicit
08-04 13:23:44.708 27166 27178 I art     : Explicit concurrent mark sweep GC freed 23(752B) AllocSpace objects, 0(0B) LOS objects, 37% free, 26MB/42MB, paused 413us total 18.585ms
08-04 13:23:44.715 27166 27178 I art     : Starting a blocking GC Explicit
08-04 13:23:44.733 27166 27178 I art     : Explicit concurrent mark sweep GC freed 3(96B) AllocSpace objects, 0(0B) LOS objects, 37% free, 26MB/42MB, paused 411us total 18.445ms
08-04 13:23:44.740 27166 27178 I art     : Starting a blocking GC Explicit
08-04 13:23:44.759 27166 27178 I art     : Explicit concurrent mark sweep GC freed 3(96B) AllocSpace objects, 0(0B) LOS objects, 37% free, 26MB/42MB, paused 400us total 17.929ms
08-04 13:23:44.765 27166 27178 I art     : Starting a blocking GC Explicit
08-04 13:23:44.784 27166 27178 I art     : Explicit concurrent mark sweep GC freed 3(96B) AllocSpace objects, 0(0B) LOS objects, 37% free, 26MB/42MB, paused 390us total 17.874ms
08-04 13:23:45.106 27166 27624 I art     : Starting a blocking GC Explicit
08-04 13:23:45.135 27166 27624 I art     : Explicit concurrent mark sweep GC freed 1363(80KB) AllocSpace objects, 1(20KB) LOS objects, 37% free, 26MB/42MB, paused 456us total 28.195ms
08-04 13:23:45.146 27166 27624 I art     : Starting a blocking GC Explicit
08-04 13:23:45.164 27166 27624 I art     : Explicit concurrent mark sweep GC freed 23(752B) AllocSpace objects, 0(0B) LOS objects, 37% free, 26MB/42MB, paused 400us total 17.934ms
08-04 13:23:45.171 27166 27624 I art     : Starting a blocking GC Explicit
08-04 13:23:45.189 27166 27624 I art     : Explicit concurrent mark sweep GC freed 3(96B) AllocSpace objects, 0(0B) LOS objects, 37% free, 26MB/42MB, paused 393us total 17.908ms
08-04 13:23:45.197 27166 27624 I art     : Starting a blocking GC Explicit
08-04 13:23:45.214 27166 27624 I art     : Explicit concurrent mark sweep GC freed 3(96B) AllocSpace objects, 0(0B) LOS objects, 37% free, 26MB/42MB, paused 391us total 17.305ms
08-04 13:23:45.221 27166 27624 I art     : Starting a blocking GC Explicit
08-04 13:23:45.238 27166 27624 I art     : Explicit concurrent mark sweep GC freed 3(96B) AllocSpace objects, 0(0B) LOS objects, 37% free, 26MB/42MB, paused 369us total 16.882ms
08-04 13:23:45.495 27166 27190 I art     : Starting a blocking GC Explicit
08-04 13:23:45.514 27166 27190 I art     : Explicit concurrent mark sweep GC freed 1392(80KB) AllocSpace objects, 1(20KB) LOS objects, 37% free, 26MB/42MB, paused 411us total 18.391ms
08-04 13:23:45.521 27166 27190 I art     : Starting a blocking GC Explicit
08-04 13:23:45.539 27166 27190 I art     : Explicit concurrent mark sweep GC freed 23(752B) AllocSpace objects, 0(0B) LOS objects, 37% free, 26MB/42MB, paused 407us total 17.636ms
08-04 13:23:45.546 27166 27190 I art     : Starting a blocking GC Explicit
08-04 13:23:45.563 27166 27190 I art     : Explicit concurrent mark sweep GC freed 3(96B) AllocSpace objects, 0(0B) LOS objects, 37% free, 26MB/42MB, paused 395us total 16.748ms
08-04 13:23:45.570 27166 27190 I art     : Starting a blocking GC Explicit
08-04 13:23:45.587 27166 27190 I art     : Explicit concurrent mark sweep GC freed 3(96B) AllocSpace objects, 0(0B) LOS objects, 37% free, 26MB/42MB, paused 419us total 16.826ms
08-04 13:23:45.592 28067 28067 D AndroidRuntime: >>>>>> START com.android.internal.os.RuntimeInit uid 2000 <<<<<<
08-04 13:23:45.594 27166 27190 I art     : Starting a blocking GC Explicit
08-04 13:23:45.596 28067 28067 D AndroidRuntime: CheckJNI is OFF
08-04 13:23:45.610 27166 27190 I art     : Explicit concurrent mark sweep GC freed 3(96B) AllocSpace objects, 0(0B) LOS objects, 37% free, 26MB/42MB, paused 396us total 16.572ms
08-04 13:23:45.625 28067 28067 D ICU     : No timezone override file found: /data/misc/zoneinfo/current/icu/icu_tzdata.dat
08-04 13:23:45.648 28067 28067 I Radio-JNI: register_android_hardware_Radio DONE
08-04 13:23:45.663 28067 28067 D AndroidRuntime: Calling main entry com.android.commands.input.Input
08-04 13:23:45.665 28067 28067 I Input   : injectMotionEvent: MotionEvent { action=ACTION_DOWN, actionButton=0, id[0]=0, x[0]=616.0, y[0]=469.0, toolType[0]=TOOL_TYPE_UNKNOWN, buttonState=0, metaState=0, flags=0x0, edgeFlags=0x0, pointerCount=1, historySize=0, eventTime=710642078, downTime=710642078, deviceId=0, source=0x1002 }
08-04 13:23:45.670 28067 28067 I Input   : injectMotionEvent: MotionEvent { action=ACTION_UP, actionButton=0, id[0]=0, x[0]=616.0, y[0]=469.0, toolType[0]=TOOL_TYPE_UNKNOWN, buttonState=0, metaState=0, flags=0x0, edgeFlags=0x0, pointerCount=1, historySize=0, eventTime=710642078, downTime=710642078, deviceId=0, source=0x1002 }
08-04 13:23:45.672 28067 28067 D AndroidRuntime: Shutting down VM
08-04 13:23:45.740   512  2967 D audio_hw_primary: out_set_parameters: enter: usecase(1: low-latency-playback) kvpairs: routing=2
08-04 13:23:45.754   512  2967 D audio_hw_primary: select_devices: out_snd_device(2: speaker) in_snd_device(0: none)
08-04 13:23:45.754   512  2967 D msm8974_platform: platform_send_audio_calibration: sending audio calibration for snd_device(2) acdb_id(15)
08-04 13:23:45.755   512  2967 I soundtrigger: audio_extn_sound_trigger_update_device_status: device 0x2 of type 0 for Event 1
08-04 13:23:45.764   512  2967 D audio_hw_primary: enable_snd_device: snd_device(2: speaker)
08-04 13:23:45.766   512  2967 D audio_hw_primary: enable_audio_route: apply and update mixer path: low-latency-playback speaker
08-04 13:23:45.854 27166 27624 I art     : Starting a blocking GC Explicit
08-04 13:23:45.872 27166 27624 I art     : Explicit concurrent mark sweep GC freed 1608(90KB) AllocSpace objects, 1(20KB) LOS objects, 37% free, 26MB/42MB, paused 416us total 18.544ms
08-04 13:23:45.879 27166 27624 I art     : Starting a blocking GC Explicit
08-04 13:23:45.896 27166 27624 I art     : Explicit concurrent mark sweep GC freed 48(1648B) AllocSpace objects, 0(0B) LOS objects, 37% free, 26MB/42MB, paused 430us total 16.809ms
08-04 13:23:45.899 27166 27193 I NAPPA_EXPERIMENTATION: MetricNetworkRequestExecutionTime: REQUEST_DURATION_SYSTEM='162',REQUEST_DURATION_OKHTTP='160',REQUEST_SYNCHRONOUS='TRUE',RESPONSE_CODE='200',RESPONSE_METHOD='GET',RESPONSE_LENGTH_OKHTTP='-1',RESPONSE_LENGTH_HEADER='628',REQUEST_PROTOCOL='h2',REQUEST_URL='https://itunes.apple.com/lookup?id=1524080195',
08-04 13:23:45.903 27166 27624 I art     : Starting a blocking GC Explicit
08-04 13:23:45.921 27166 27624 I art     : Explicit concurrent mark sweep GC freed 495(43KB) AllocSpace objects, 0(0B) LOS objects, 37% free, 26MB/42MB, paused 598us total 17.706ms
08-04 13:23:45.922   918  3696 I ActivityManager: START u0 {cmp=baseline.de.danoeh.antennapod.debug/baseline.de.danoeh.antennapod.activity.OnlineFeedViewActivity (has extras)} from uid 10670 on display 0
08-04 13:23:45.928 27166 27624 I art     : Starting a blocking GC Explicit
08-04 13:23:45.941 13866 13866 I GoogleInputMethodServic: GoogleInputMethodService.onFinishInput():3138 
08-04 13:23:45.942 13866 13866 I GoogleInputMethodServic: GoogleInputMethodService.onStartInput():1808 
08-04 13:23:45.944 27166 27624 I art     : Explicit concurrent mark sweep GC freed 334(14KB) AllocSpace objects, 0(0B) LOS objects, 37% free, 26MB/42MB, paused 540us total 16.224ms
08-04 13:23:45.950 27166 27624 I art     : Starting a blocking GC Explicit
08-04 13:23:45.963 27166 27166 D UserPreferences: Using default data folder
08-04 13:23:45.965 27166 27166 D OnlineFeedViewActivity: Activity was started with url https://rss.art19.com/nice-white-parents
08-04 13:23:45.968 27166 27166 D OnlineFeedViewActivity: Starting feed download
08-04 13:23:45.969 27166 27624 I art     : Explicit concurrent mark sweep GC freed 509(34KB) AllocSpace objects, 0(0B) LOS objects, 37% free, 26MB/42MB, paused 663us total 18.204ms
08-04 13:23:45.972 27166 27186 D DBReader: Extracting Feedlist
08-04 13:23:45.975   918  6111 D WifiService: acquireWifiLockLocked: WifiLock{Downloader type=1 binder=android.os.BinderProxy@6e1ba73}
08-04 13:23:45.975 27166 27186 D AntennapodHttpClient: Creating new instance of HTTP client
08-04 13:23:46.027 13866 13866 I GoogleInputMethodServic: GoogleInputMethodService.onFinishInput():3138 
08-04 13:23:46.028 13866 13866 I GoogleInputMethodServic: GoogleInputMethodService.onStartInput():1808 
08-04 13:23:46.053   918   936 I ActivityManager: Displayed baseline.de.danoeh.antennapod.debug/baseline.de.danoeh.antennapod.activity.OnlineFeedViewActivity: +112ms
08-04 13:23:46.219 27166 27624 I art     : Starting a blocking GC Explicit
08-04 13:23:46.246 27166 27624 I art     : Explicit concurrent mark sweep GC freed 7162(373KB) AllocSpace objects, 4(220KB) LOS objects, 37% free, 26MB/42MB, paused 438us total 26.091ms
08-04 13:23:46.256 27166 27624 I art     : Starting a blocking GC Explicit
08-04 13:23:46.277 27166 27186 D MYTAG   : interceptor 3a https://rss.art19.com/nice-white-parents
08-04 13:23:46.278 27166 27186 I NAPPA_EXPERIMENTATION: MetricNetworkRequestExecutionTime: REQUEST_DURATION_SYSTEM='300',REQUEST_DURATION_OKHTTP='144',REQUEST_SYNCHRONOUS='TRUE',RESPONSE_CODE='200',RESPONSE_METHOD='GET',RESPONSE_LENGTH_OKHTTP='-1',RESPONSE_LENGTH_HEADER='1803',REQUEST_PROTOCOL='h2',REQUEST_URL='https://rss.art19.com/nice-white-parents',
08-04 13:23:46.278 27166 27186 D HttpDownloader: Response code is 200
08-04 13:23:46.278 27166 27186 D UserPreferences: Using default data folder
08-04 13:23:46.280 27166 27186 D HttpDownloader: Getting size of download
08-04 13:23:46.280 27166 27186 D HttpDownloader: Size is -1
08-04 13:23:46.280 27166 27186 D UserPreferences: Using default data folder
08-04 13:23:46.280 27166 27186 D HttpDownloader: Free space is 20248915968
08-04 13:23:46.280 27166 27186 D HttpDownloader: Starting download
08-04 13:23:46.283 27166 27186 D HttpDownloader: Download was successful
08-04 13:23:46.284 27166 27624 I art     : Explicit concurrent mark sweep GC freed 1369(143KB) AllocSpace objects, 0(0B) LOS objects, 37% free, 26MB/42MB, paused 525us total 27.259ms
08-04 13:23:46.286   918  6111 D WifiService: releaseWifiLockLocked: WifiLock{Downloader type=1 binder=android.os.BinderProxy@6e1ba73}
08-04 13:23:46.287 27166 27166 D OnlineFeedViewActivity: Parsing feed
08-04 13:23:46.293 27166 27624 I art     : Starting a blocking GC Explicit
08-04 13:23:46.304   380   380 W SurfaceFlinger: couldn't log to binary event log: overflow.
08-04 13:23:46.304 27166 28114 D TypeGetter: Recognized type RSS 2.0
08-04 13:23:46.311   512  2967 D audio_hw_primary: disable_audio_route: reset and update mixer path: low-latency-playback speaker
08-04 13:23:46.312 27166 28114 D SyndHandler: Recognized ITunes namespace
08-04 13:23:46.313 27166 28114 D SyndHandler: Recognized Atom namespace
08-04 13:23:46.313   512  2967 D audio_hw_primary: disable_snd_device: snd_device(2: speaker)
08-04 13:23:46.313 27166 28114 D SyndHandler: Recognized Content namespace
08-04 13:23:46.316 27166 27624 I art     : Explicit concurrent mark sweep GC freed 347(141KB) AllocSpace objects, 3(60KB) LOS objects, 37% free, 26MB/42MB, paused 603us total 22.589ms
08-04 13:23:46.323 27166 27624 I art     : Starting a blocking GC Explicit
08-04 13:23:46.323   512  2967 I soundtrigger: audio_extn_sound_trigger_update_device_status: device 0x2 of type 0 for Event 0
08-04 13:23:46.330 27166 28114 D OnlineFeedViewActivity: Deleted feed source file. Result: true
08-04 13:23:46.330 27166 27166 D OnlineFeedViewActivity: Removing HTML from shownotes
08-04 13:23:46.340 27166 27624 I art     : Explicit concurrent mark sweep GC freed 792(81KB) AllocSpace objects, 0(0B) LOS objects, 37% free, 26MB/42MB, paused 500us total 16.352ms
08-04 13:23:46.346 27166 27624 I art     : Starting a blocking GC Explicit
08-04 13:23:46.362 27166 27624 I art     : Explicit concurrent mark sweep GC freed 2986(124KB) AllocSpace objects, 0(0B) LOS objects, 37% free, 26MB/42MB, paused 530us total 16.066ms
08-04 13:23:46.378 27166 27166 W art     : Before Android 4.1, method int androidx.appcompat.widget.DropDownListView.lookForSelectablePosition(int, boolean) would have incorrectly overridden the package-private method in android.widget.ListView
08-04 13:23:46.382 27166 27166 I ListPopupWindow: Could not find method setEpicenterBounds(Rect) on PopupWindow. Oh well.
08-04 13:23:46.388 27166 28115 D ApOkHttpUrlLoader: buildLoadData() called with: model = [https://content.production.cdn.art19.com/images/89/e0/88/44/89e08844-ac28-4fc0-96fa-15a41fec2014/262c12ed699a8d9720dea0bd66449d998e4a08cf18095bed170ccaa76722045fa5dbf7a366918b2db7e3acf29ad22f6b99fd659a9409cb807bf2781d968932f8.jpeg], width = [350], height = [350]
08-04 13:23:46.392 27166 27922 D DBReader: getImageAuthentication() called with: imageUrl = [https://content.production.cdn.art19.com/images/89/e0/88/44/89e08844-ac28-4fc0-96fa-15a41fec2014/262c12ed699a8d9720dea0bd66449d998e4a08cf18095bed170ccaa76722045fa5dbf7a366918b2db7e3acf29ad22f6b99fd659a9409cb807bf2781d968932f8.jpeg]
08-04 13:23:46.393 27166 27922 D ApOkHttpUrlLoader: no credentials for 'https://content.production.cdn.art19.com/images/89/e0/88/44/89e08844-ac28-4fc0-96fa-15a41fec2014/262c12ed699a8d9720dea0bd66449d998e4a08cf18095bed170ccaa76722045fa5dbf7a366918b2db7e3acf29ad22f6b99fd659a9409cb807bf2781d968932f8.jpeg'
08-04 13:23:46.407 27166 27166 D PlaybackController: Releasing PlaybackController
08-04 13:23:46.642 27166 27179 I art     : Starting a blocking GC Explicit
08-04 13:23:46.653 27166 27922 D MYTAG   : interceptor 2a
08-04 13:23:46.654 27166 27922 I NAPPA_EXPERIMENTATION: MetricNetworkRequestExecutionTime: REQUEST_DURATION_SYSTEM='260',REQUEST_DURATION_OKHTTP='146',REQUEST_SYNCHRONOUS='TRUE',RESPONSE_CODE='200',RESPONSE_METHOD='GET',RESPONSE_LENGTH_OKHTTP='2466122',RESPONSE_LENGTH_HEADER='2466122',REQUEST_PROTOCOL='h2',REQUEST_URL='https://content.production.cdn.art19.com/images/89/e0/88/44/89e08844-ac28-4fc0-96fa-15a41fec2014/262c12ed699a8d9720dea0bd66449d998e4a08cf18095bed170ccaa76722045fa5dbf7a366918b2db7e3acf29ad22f6b99fd659a9409cb807bf2781d968932f8.jpeg',
08-04 13:23:46.668 27166 27179 I art     : Explicit concurrent mark sweep GC freed 16225(927KB) AllocSpace objects, 4(172KB) LOS objects, 37% free, 27MB/43MB, paused 712us total 26.118ms
08-04 13:23:46.676 27166 27179 I art     : Starting a blocking GC Explicit
08-04 13:23:46.696 27166 27179 I art     : Explicit concurrent mark sweep GC freed 674(31KB) AllocSpace objects, 1(112KB) LOS objects, 37% free, 27MB/43MB, paused 455us total 19.443ms
08-04 13:23:46.703 27166 27179 I art     : Starting a blocking GC Explicit
08-04 13:23:46.721 27166 27179 I art     : Explicit concurrent mark sweep GC freed 30(960B) AllocSpace objects, 0(0B) LOS objects, 37% free, 27MB/43MB, paused 459us total 18.483ms
08-04 13:23:46.728 27166 27179 I art     : Starting a blocking GC Explicit
08-04 13:23:46.748 27166 27179 I art     : Explicit concurrent mark sweep GC freed 33(1056B) AllocSpace objects, 0(0B) LOS objects, 37% free, 27MB/43MB, paused 520us total 19.435ms
08-04 13:23:46.755 27166 27179 I art     : Starting a blocking GC Explicit
08-04 13:23:46.773 27166 27179 I art     : Explicit concurrent mark sweep GC freed 41(1312B) AllocSpace objects, 0(0B) LOS objects, 37% free, 27MB/43MB, paused 475us total 18.602ms
08-04 13:23:47.026 27166 27624 I art     : Starting a blocking GC Explicit
08-04 13:23:47.053 27166 27624 I art     : Explicit concurrent mark sweep GC freed 2784(140KB) AllocSpace objects, 1(20KB) LOS objects, 36% free, 27MB/43MB, paused 617us total 26.660ms
08-04 13:23:47.066 27166 27624 I art     : Starting a blocking GC Explicit
08-04 13:23:47.088 27166 27624 I art     : Explicit concurrent mark sweep GC freed 73(5KB) AllocSpace objects, 0(0B) LOS objects, 36% free, 27MB/43MB, paused 781us total 22.105ms
08-04 13:23:47.095 27166 27624 I art     : Starting a blocking GC Explicit
08-04 13:23:47.114 27166 27624 I art     : Explicit concurrent mark sweep GC freed 112(13KB) AllocSpace objects, 0(0B) LOS objects, 36% free, 27MB/43MB, paused 430us total 18.009ms
08-04 13:23:47.120 27166 27624 I art     : Starting a blocking GC Explicit
08-04 13:23:47.138 27166 27624 I art     : Explicit concurrent mark sweep GC freed 9(288B) AllocSpace objects, 0(0B) LOS objects, 36% free, 27MB/43MB, paused 440us total 17.313ms
08-04 13:23:47.144 27166 27624 I art     : Starting a blocking GC Explicit
08-04 13:23:47.164 27166 27624 I art     : Explicit concurrent mark sweep GC freed 3(96B) AllocSpace objects, 0(0B) LOS objects, 36% free, 27MB/43MB, paused 449us total 19.248ms
08-04 13:23:47.456 27166 27190 I art     : Starting a blocking GC Explicit
08-04 13:23:47.491 27166 27190 I art     : Explicit concurrent mark sweep GC freed 1369(80KB) AllocSpace objects, 1(20KB) LOS objects, 36% free, 27MB/43MB, paused 567us total 34.508ms
08-04 13:23:47.505 27166 27190 I art     : Starting a blocking GC Explicit
08-04 13:23:47.530 27166 27190 I art     : Explicit concurrent mark sweep GC freed 52(1536B) AllocSpace objects, 0(0B) LOS objects, 36% free, 27MB/43MB, paused 475us total 25.137ms
08-04 13:23:47.538 27166 27190 I art     : Starting a blocking GC Explicit
08-04 13:23:47.559 27166 27190 I art     : Explicit concurrent mark sweep GC freed 3(96B) AllocSpace objects, 0(0B) LOS objects, 36% free, 27MB/43MB, paused 469us total 20.715ms
08-04 13:23:47.566 27166 27190 I art     : Starting a blocking GC Explicit
08-04 13:23:47.587 27166 27190 I art     : Explicit concurrent mark sweep GC freed 3(96B) AllocSpace objects, 0(0B) LOS objects, 36% free, 27MB/43MB, paused 535us total 20.663ms
08-04 13:23:47.594 27166 27190 I art     : Starting a blocking GC Explicit
08-04 13:23:47.614 27166 27190 I art     : Explicit concurrent mark sweep GC freed 3(96B) AllocSpace objects, 0(0B) LOS objects, 36% free, 27MB/43MB, paused 575us total 20.221ms
08-04 13:23:47.918 27166 27179 I art     : Starting a blocking GC Explicit
08-04 13:23:47.947 27166 27179 I art     : Explicit concurrent mark sweep GC freed 1366(80KB) AllocSpace objects, 1(20KB) LOS objects, 36% free, 27MB/43MB, paused 522us total 28.839ms
08-04 13:23:47.958 27166 27179 I art     : Starting a blocking GC Explicit
08-04 13:23:47.981 27166 27179 I art     : Explicit concurrent mark sweep GC freed 23(752B) AllocSpace objects, 0(0B) LOS objects, 36% free, 27MB/43MB, paused 493us total 22.033ms
08-04 13:23:47.988 27166 27179 I art     : Starting a blocking GC Explicit
08-04 13:23:48.012 27166 27179 I art     : Explicit concurrent mark sweep GC freed 7(224B) AllocSpace objects, 0(0B) LOS objects, 36% free, 27MB/43MB, paused 425us total 23.498ms
08-04 13:23:48.019 27166 27179 I art     : Starting a blocking GC Explicit
08-04 13:23:48.037 27166 27179 I art     : Explicit concurrent mark sweep GC freed 5(160B) AllocSpace objects, 0(0B) LOS objects, 36% free, 27MB/43MB, paused 461us total 18.334ms
08-04 13:23:48.044 27166 27179 I art     : Starting a blocking GC Explicit
08-04 13:23:48.062 27166 27179 I art     : Explicit concurrent mark sweep GC freed 6(192B) AllocSpace objects, 0(0B) LOS objects, 36% free, 27MB/43MB, paused 406us total 17.876ms
08-04 13:23:48.381 27166 27179 I art     : Starting a blocking GC Explicit
08-04 13:23:48.406 27166 27179 I art     : Explicit concurrent mark sweep GC freed 1388(82KB) AllocSpace objects, 1(20KB) LOS objects, 36% free, 27MB/43MB, paused 491us total 24.544ms
08-04 13:23:48.419 27166 27179 I art     : Starting a blocking GC Explicit
08-04 13:23:48.440 27166 27179 I art     : Explicit concurrent mark sweep GC freed 23(752B) AllocSpace objects, 0(0B) LOS objects, 36% free, 27MB/43MB, paused 510us total 20.654ms
08-04 13:23:48.448 27166 27179 I art     : Starting a blocking GC Explicit
08-04 13:23:48.468 27166 27179 I art     : Explicit concurrent mark sweep GC freed 3(96B) AllocSpace objects, 0(0B) LOS objects, 36% free, 27MB/43MB, paused 792us total 20.070ms
08-04 13:23:48.475 27166 27179 I art     : Starting a blocking GC Explicit
08-04 13:23:48.496 27166 27179 I art     : Explicit concurrent mark sweep GC freed 3(96B) AllocSpace objects, 0(0B) LOS objects, 36% free, 27MB/43MB, paused 458us total 20.367ms
08-04 13:23:48.503 27166 27179 I art     : Starting a blocking GC Explicit
08-04 13:23:48.523 27166 27179 I art     : Explicit concurrent mark sweep GC freed 32(880B) AllocSpace objects, 0(0B) LOS objects, 36% free, 27MB/43MB, paused 455us total 20.362ms
08-04 13:23:48.864 27166 27178 I art     : Starting a blocking GC Explicit
08-04 13:23:48.899 27166 27178 I art     : Explicit concurrent mark sweep GC freed 1366(80KB) AllocSpace objects, 1(20KB) LOS objects, 36% free, 27MB/43MB, paused 566us total 34.531ms
08-04 13:23:48.909 27166 27178 I art     : Starting a blocking GC Explicit
08-04 13:23:48.930 27166 27178 I art     : Explicit concurrent mark sweep GC freed 23(752B) AllocSpace objects, 0(0B) LOS objects, 36% free, 27MB/43MB, paused 438us total 20.422ms
08-04 13:23:48.937 27166 27178 I art     : Starting a blocking GC Explicit
08-04 13:23:48.958 27166 27178 I art     : Explicit concurrent mark sweep GC freed 3(96B) AllocSpace objects, 0(0B) LOS objects, 36% free, 27MB/43MB, paused 454us total 20.922ms
08-04 13:23:48.966 27166 27178 I art     : Starting a blocking GC Explicit
08-04 13:23:48.986 27166 27178 I art     : Explicit concurrent mark sweep GC freed 3(96B) AllocSpace objects, 0(0B) LOS objects, 36% free, 27MB/43MB, paused 447us total 20.010ms
08-04 13:23:48.993 27166 27178 I art     : Starting a blocking GC Explicit
08-04 13:23:49.013 27166 27178 I art     : Explicit concurrent mark sweep GC freed 3(96B) AllocSpace objects, 0(0B) LOS objects, 36% free, 27MB/43MB, paused 541us total 20.161ms
08-04 13:23:49.347 27166 27190 I art     : Starting a blocking GC Explicit
08-04 13:23:49.378 27166 27190 I art     : Explicit concurrent mark sweep GC freed 1366(80KB) AllocSpace objects, 1(20KB) LOS objects, 36% free, 27MB/43MB, paused 694us total 31.480ms
08-04 13:23:49.390 27166 27190 I art     : Starting a blocking GC Explicit
08-04 13:23:49.412 27166 27190 I art     : Explicit concurrent mark sweep GC freed 23(752B) AllocSpace objects, 0(0B) LOS objects, 36% free, 27MB/43MB, paused 485us total 21.548ms
08-04 13:23:49.419 27166 27190 I art     : Starting a blocking GC Explicit
08-04 13:23:49.441 27166 27190 I art     : Explicit concurrent mark sweep GC freed 3(96B) AllocSpace objects, 0(0B) LOS objects, 36% free, 27MB/43MB, paused 477us total 21.391ms
08-04 13:23:49.449 27166 27190 I art     : Starting a blocking GC Explicit
08-04 13:23:49.470 27166 27190 I art     : Explicit concurrent mark sweep GC freed 3(96B) AllocSpace objects, 0(0B) LOS objects, 36% free, 27MB/43MB, paused 547us total 21.273ms
08-04 13:23:49.478 27166 27190 I art     : Starting a blocking GC Explicit
08-04 13:23:49.499 27166 27190 I art     : Explicit concurrent mark sweep GC freed 3(96B) AllocSpace objects, 0(0B) LOS objects, 36% free, 27MB/43MB, paused 466us total 20.235ms
08-04 13:23:49.821 27166 27624 I art     : Starting a blocking GC Explicit
08-04 13:23:49.851 27166 27624 I art     : Explicit concurrent mark sweep GC freed 1395(80KB) AllocSpace objects, 1(20KB) LOS objects, 36% free, 27MB/43MB, paused 520us total 29.609ms
08-04 13:23:49.862 27166 27624 I art     : Starting a blocking GC Explicit
08-04 13:23:49.883 27166 27624 I art     : Explicit concurrent mark sweep GC freed 23(752B) AllocSpace objects, 0(0B) LOS objects, 36% free, 27MB/43MB, paused 472us total 20.909ms
08-04 13:23:49.890 27166 27624 I art     : Starting a blocking GC Explicit
08-04 13:23:49.911 27166 27624 I art     : Explicit concurrent mark sweep GC freed 3(96B) AllocSpace objects, 0(0B) LOS objects, 36% free, 27MB/43MB, paused 467us total 20.154ms
08-04 13:23:49.918 27166 27624 I art     : Starting a blocking GC Explicit
08-04 13:23:49.939 27166 27624 I art     : Explicit concurrent mark sweep GC freed 3(96B) AllocSpace objects, 0(0B) LOS objects, 36% free, 27MB/43MB, paused 426us total 20.183ms
08-04 13:23:49.945 27166 27624 I art     : Starting a blocking GC Explicit
08-04 13:23:49.963 27166 27624 I art     : Explicit concurrent mark sweep GC freed 3(96B) AllocSpace objects, 0(0B) LOS objects, 36% free, 27MB/43MB, paused 418us total 17.711ms
08-04 13:23:50.227 27166 27179 I art     : Starting a blocking GC Explicit
08-04 13:23:50.248 28200 28200 D AndroidRuntime: >>>>>> START com.android.internal.os.RuntimeInit uid 2000 <<<<<<
08-04 13:23:50.249 27166 27179 I art     : Explicit concurrent mark sweep GC freed 1366(80KB) AllocSpace objects, 1(20KB) LOS objects, 36% free, 27MB/43MB, paused 540us total 21.703ms
08-04 13:23:50.252 28200 28200 D AndroidRuntime: CheckJNI is OFF
08-04 13:23:50.257 27166 27179 I art     : Starting a blocking GC Explicit
08-04 13:23:50.276 27166 27179 I art     : Explicit concurrent mark sweep GC freed 23(752B) AllocSpace objects, 0(0B) LOS objects, 36% free, 27MB/43MB, paused 471us total 19.528ms
08-04 13:23:50.280 28200 28200 D ICU     : No timezone override file found: /data/misc/zoneinfo/current/icu/icu_tzdata.dat
08-04 13:23:50.283 27166 27179 I art     : Starting a blocking GC Explicit
08-04 13:23:50.301 27166 27179 I art     : Explicit concurrent mark sweep GC freed 3(96B) AllocSpace objects, 0(0B) LOS objects, 36% free, 27MB/43MB, paused 463us total 18.289ms
08-04 13:23:50.304 28200 28200 I Radio-JNI: register_android_hardware_Radio DONE
08-04 13:23:50.308 27166 27179 I art     : Starting a blocking GC Explicit
08-04 13:23:50.320 28200 28200 D AndroidRuntime: Calling main entry com.android.commands.input.Input
08-04 13:23:50.322 28200 28200 I Input   : injectMotionEvent: MotionEvent { action=ACTION_DOWN, actionButton=0, id[0]=0, x[0]=625.0, y[0]=832.0, toolType[0]=TOOL_TYPE_UNKNOWN, buttonState=0, metaState=0, flags=0x0, edgeFlags=0x0, pointerCount=1, historySize=0, eventTime=710646735, downTime=710646735, deviceId=0, source=0x1002 }
08-04 13:23:50.326 27166 27179 I art     : Explicit concurrent mark sweep GC freed 3(96B) AllocSpace objects, 0(0B) LOS objects, 36% free, 27MB/43MB, paused 479us total 18.473ms
08-04 13:23:50.328 28200 28200 I Input   : injectMotionEvent: MotionEvent { action=ACTION_UP, actionButton=0, id[0]=0, x[0]=625.0, y[0]=832.0, toolType[0]=TOOL_TYPE_UNKNOWN, buttonState=0, metaState=0, flags=0x0, edgeFlags=0x0, pointerCount=1, historySize=0, eventTime=710646735, downTime=710646735, deviceId=0, source=0x1002 }
08-04 13:23:50.330 28200 28200 D AndroidRuntime: Shutting down VM
08-04 13:23:50.333 27166 27179 I art     : Starting a blocking GC Explicit
08-04 13:23:50.344 27166 27166 D UserPreferences: Using default data folder
08-04 13:23:50.344   512  2967 D audio_hw_primary: out_set_parameters: enter: usecase(1: low-latency-playback) kvpairs: routing=2
08-04 13:23:50.345 27166 27166 D DownloadRequester: partiallyDownloadedFileExists: false
08-04 13:23:50.345 27166 27166 D DownloadRequester: /storage/emulated/0/Android/data/baseline.de.danoeh.antennapod.debug/files/cache/feed-Nice White Parents is available as a download destination
08-04 13:23:50.346 27166 27166 D DownloadRequester: Requesting download of url https://rss.art19.com/nice-white-parents
08-04 13:23:50.350 27166 27166 D DownloadService: Service started
08-04 13:23:50.351 27166 27166 D DownloadService: parallel downloads: 4
08-04 13:23:50.352 27166 28223 D downloadCompletionThd: downloadCompletionThread was started
08-04 13:23:50.355 27166 27179 I art     : Explicit concurrent mark sweep GC freed 173(11KB) AllocSpace objects, 0(0B) LOS objects, 36% free, 27MB/43MB, paused 844us total 21.438ms
08-04 13:23:50.355 27166 27166 D DownloadService: Notification set up
08-04 13:23:50.357   512  2967 D audio_hw_primary: select_devices: out_snd_device(2: speaker) in_snd_device(0: none)
08-04 13:23:50.357   512  2967 D msm8974_platform: platform_send_audio_calibration: sending audio calibration for snd_device(2) acdb_id(15)
08-04 13:23:50.358   512  2967 I soundtrigger: audio_extn_sound_trigger_update_device_status: device 0x2 of type 0 for Event 1
08-04 13:23:50.366 27166 27166 D DownloadService: Received enqueue request
08-04 13:23:50.367 27166 27166 D OnlineFeedViewActivity: onEventMainThread() called with: event = [DownloadEvent{update=DownloaderUpdate{downloaders=[baseline.de.danoeh.antennapod.core.service.download.HttpDownloader@34e85cc], feedIds=[0], mediaIds=[]}}]
08-04 13:23:50.368 27166 27166 D DownloadService: 1 downloads left
08-04 13:23:50.368 27166 27166 D DownloadService: Setting up notification updater
08-04 13:23:50.368   918   929 D WifiService: acquireWifiLockLocked: WifiLock{Downloader type=1 binder=android.os.BinderProxy@974ac92}
08-04 13:23:50.370   512  2967 D audio_hw_primary: enable_snd_device: snd_device(2: speaker)
08-04 13:23:50.370 27166 28225 D AntennapodHttpClient: Creating new instance of HTTP client
08-04 13:23:50.372   512  2967 D audio_hw_primary: enable_audio_route: apply and update mixer path: low-latency-playback speaker
08-04 13:23:50.580 27166 27624 I art     : Starting a blocking GC Explicit
08-04 13:23:50.603 27166 27624 I art     : Explicit concurrent mark sweep GC freed 6333(334KB) AllocSpace objects, 3(140KB) LOS objects, 36% free, 28MB/44MB, paused 563us total 22.872ms
08-04 13:23:50.613 27166 27624 I art     : Starting a blocking GC Explicit
08-04 13:23:50.634 27166 27624 I art     : Explicit concurrent mark sweep GC freed 1544(137KB) AllocSpace objects, 1(80KB) LOS objects, 36% free, 27MB/43MB, paused 592us total 20.070ms
08-04 13:23:50.641 27166 27624 I art     : Starting a blocking GC Explicit
08-04 13:23:50.661 27166 27624 I art     : Explicit concurrent mark sweep GC freed 23(912B) AllocSpace objects, 0(0B) LOS objects, 36% free, 27MB/43MB, paused 564us total 20.143ms
08-04 13:23:50.668 27166 27624 I art     : Starting a blocking GC Explicit
08-04 13:23:50.688 27166 27624 I art     : Explicit concurrent mark sweep GC freed 26(1200B) AllocSpace objects, 0(0B) LOS objects, 36% free, 27MB/43MB, paused 597us total 19.944ms
08-04 13:23:50.695 27166 27624 I art     : Starting a blocking GC Explicit
08-04 13:23:50.715 27166 27624 I art     : Explicit concurrent mark sweep GC freed 8(256B) AllocSpace objects, 0(0B) LOS objects, 36% free, 27MB/43MB, paused 571us total 20.085ms
08-04 13:23:50.748 27166 28225 D MYTAG   : interceptor 3a https://rss.art19.com/nice-white-parents
08-04 13:23:50.749 27166 28225 I NAPPA_EXPERIMENTATION: MetricNetworkRequestExecutionTime: REQUEST_DURATION_SYSTEM='378',REQUEST_DURATION_OKHTTP='138',REQUEST_SYNCHRONOUS='TRUE',RESPONSE_CODE='200',RESPONSE_METHOD='GET',RESPONSE_LENGTH_OKHTTP='-1',RESPONSE_LENGTH_HEADER='1803',REQUEST_PROTOCOL='h2',REQUEST_URL='https://rss.art19.com/nice-white-parents',
08-04 13:23:50.749 27166 28225 D HttpDownloader: Response code is 200
08-04 13:23:50.749 27166 28225 D UserPreferences: Using default data folder
08-04 13:23:50.751 27166 28225 D HttpDownloader: Getting size of download
08-04 13:23:50.751 27166 28225 D HttpDownloader: Size is -1
08-04 13:23:50.751 27166 28225 D UserPreferences: Using default data folder
08-04 13:23:50.751 27166 28225 D HttpDownloader: Free space is 20246405120
08-04 13:23:50.751 27166 28225 D HttpDownloader: Starting download
08-04 13:23:50.753 27166 28225 D HttpDownloader: Download was successful
08-04 13:23:50.754   918  3696 D WifiService: releaseWifiLockLocked: WifiLock{Downloader type=1 binder=android.os.BinderProxy@974ac92}
08-04 13:23:50.755 27166 28223 D downloadCompletionThd: Received 'Download Complete' - message.
08-04 13:23:50.755 27166 28223 D DownloadService: Handling completed Feed Download
08-04 13:23:50.755 27166 27166 D DownloadService: Removing downloader: https://rss.art19.com/nice-white-parents
08-04 13:23:50.755 27166 27166 D DownloadService: Result of downloads.remove: true
08-04 13:23:50.755 27166 27166 D OnlineFeedViewActivity: onEventMainThread() called with: event = [DownloadEvent{update=DownloaderUpdate{downloaders=[], feedIds=[], mediaIds=[]}}]
08-04 13:23:50.757 27166 28241 D TypeGetter: Recognized type RSS 2.0
08-04 13:23:50.759 27166 28241 D SyndHandler: Recognized ITunes namespace
08-04 13:23:50.759 27166 28241 D SyndHandler: Recognized Atom namespace
08-04 13:23:50.759 27166 28241 D SyndHandler: Recognized Content namespace
08-04 13:23:50.762 27166 28241 D FeedSyncThread: Nice White Parents parsed
08-04 13:23:50.763 27166 28241 D FeedSyncThread: Deletion of file '/storage/emulated/0/Android/data/baseline.de.danoeh.antennapod.debug/files/cache/feed-Nice White Parents' successful
08-04 13:23:50.763 27166 28241 D DBReader: getFeedDownloadLog() called with: feed = [baseline.de.danoeh.antennapod.core.feed.Feed@0]
08-04 13:23:50.764 27166 28224 D FeedSyncThread: Bundling 1 feeds
08-04 13:23:50.765 27166 28242 D DBReader: Extracting Feedlist
08-04 13:23:50.765 27166 28242 D DBTasks : Found no existing Feed with title Nice White Parents. Adding as new one.
08-04 13:23:50.767 27166 28243 D PodDBAdapter: Setting feed with flattr status Nice White Parents: 0
08-04 13:23:50.767 27166 28243 D baseline.de.danoeh.antennapod.core.storage.PodDBAdapter@1666ccd: Inserting new Feed into db
08-04 13:23:50.780 27166 27166 D EventDistributor: Processing event queue. Number of events: 1
08-04 13:23:50.780 27166 27166 D EventDistributor: Notifying observers. Data: 1
08-04 13:23:50.781 27166 27166 D DownloadService: 0 downloads left
08-04 13:23:50.781 27166 27718 D DBReader: Extracting Feedlist
08-04 13:23:50.781 27166 27166 D DownloadService: Number of downloads is 0, attempting shutdown
08-04 13:23:50.782 27166 27166 D DownloadService: Service shutting down
08-04 13:23:50.782 27166 27166 D DownloadService: No report is created
08-04 13:23:50.782 27166 27166 D OnlineFeedViewActivity: onEventMainThread() called with: event = [DownloadEvent{update=DownloaderUpdate{downloaders=[], feedIds=[], mediaIds=[]}}]
08-04 13:23:50.783 27166 27166 D DownloadService: NotificationUpdater cancelled. Result: false
08-04 13:23:50.783 27166 28223 E downloadCompletionThd: DownloadCompletionThread was interrupted
08-04 13:23:50.784 27166 27166 D DBTasks : autodownloadUndownloadedItems
08-04 13:23:50.785 27166 28244 D NetworkUtils: Device is connected to Wi-Fi
08-04 13:23:50.785 27166 28244 D NetworkUtils: Auto-dl filter is disabled
08-04 13:23:50.911   512  2967 D audio_hw_primary: disable_audio_route: reset and update mixer path: low-latency-playback speaker
08-04 13:23:50.913   512  2967 D audio_hw_primary: disable_snd_device: snd_device(2: speaker)
08-04 13:23:50.921   512  2967 I soundtrigger: audio_extn_sound_trigger_update_device_status: device 0x2 of type 0 for Event 0
08-04 13:23:50.943 13866 13882 I PeriodicStatsRunner: PeriodicStatsRunner.call():175 call()
08-04 13:23:50.944 13866 13882 I PeriodicStatsRunner: PeriodicStatsRunner.call():179 No submit PeriodicStats since input started.
08-04 13:23:50.997 27166 27190 I art     : Starting a blocking GC Explicit
08-04 13:23:51.021 27166 27190 I art     : Explicit concurrent mark sweep GC freed 2875(357KB) AllocSpace objects, 5(100KB) LOS objects, 36% free, 27MB/43MB, paused 586us total 23.665ms
08-04 13:23:51.028 13866 13882 I PeriodicStatsRunner: PeriodicStatsRunner.call():175 call()
08-04 13:23:51.028 13866 13882 I PeriodicStatsRunner: PeriodicStatsRunner.call():179 No submit PeriodicStats since input started.
08-04 13:23:51.029 27166 27190 I art     : Starting a blocking GC Explicit
08-04 13:23:51.051 27166 27190 I art     : Explicit concurrent mark sweep GC freed 325(16KB) AllocSpace objects, 0(0B) LOS objects, 36% free, 27MB/43MB, paused 625us total 22.155ms
08-04 13:23:51.059 27166 27190 I art     : Starting a blocking GC Explicit
08-04 13:23:51.078 27166 27190 I art     : Explicit concurrent mark sweep GC freed 3(96B) AllocSpace objects, 0(0B) LOS objects, 36% free, 27MB/43MB, paused 488us total 19.170ms
08-04 13:23:51.085 27166 27190 I art     : Starting a blocking GC Explicit
08-04 13:23:51.103 27166 27190 I art     : Explicit concurrent mark sweep GC freed 3(96B) AllocSpace objects, 0(0B) LOS objects, 36% free, 27MB/43MB, paused 542us total 18.480ms
08-04 13:23:51.110 27166 27190 I art     : Starting a blocking GC Explicit
08-04 13:23:51.131 27166 27190 I art     : Explicit concurrent mark sweep GC freed 3(96B) AllocSpace objects, 0(0B) LOS objects, 36% free, 27MB/43MB, paused 628us total 20.225ms
08-04 13:23:51.390 27166 27178 I art     : Starting a blocking GC Explicit
08-04 13:23:51.417 27166 27178 I art     : Explicit concurrent mark sweep GC freed 1370(80KB) AllocSpace objects, 1(20KB) LOS objects, 36% free, 27MB/43MB, paused 640us total 26.002ms
08-04 13:23:51.429 27166 27178 I art     : Starting a blocking GC Explicit
08-04 13:23:51.451 27166 27178 I art     : Explicit concurrent mark sweep GC freed 25(816B) AllocSpace objects, 0(0B) LOS objects, 36% free, 27MB/43MB, paused 571us total 22.240ms
08-04 13:23:51.459 27166 27178 I art     : Starting a blocking GC Explicit
08-04 13:23:51.481 27166 27178 I art     : Explicit concurrent mark sweep GC freed 3(96B) AllocSpace objects, 0(0B) LOS objects, 36% free, 27MB/43MB, paused 557us total 21.582ms
08-04 13:23:51.488 27166 27178 I art     : Starting a blocking GC Explicit
08-04 13:23:51.510 27166 27178 I art     : Explicit concurrent mark sweep GC freed 32(880B) AllocSpace objects, 0(0B) LOS objects, 36% free, 27MB/43MB, paused 643us total 21.803ms
08-04 13:23:51.518 27166 27178 I art     : Starting a blocking GC Explicit
08-04 13:23:51.540 27166 27178 I art     : Explicit concurrent mark sweep GC freed 3(96B) AllocSpace objects, 0(0B) LOS objects, 36% free, 27MB/43MB, paused 567us total 21.805ms
08-04 13:23:51.813 27166 27179 I art     : Starting a blocking GC Explicit
08-04 13:23:51.843 27166 27179 I art     : Explicit concurrent mark sweep GC freed 1367(82KB) AllocSpace objects, 1(20KB) LOS objects, 36% free, 27MB/43MB, paused 632us total 29.827ms
08-04 13:23:51.855 27166 27179 I art     : Starting a blocking GC Explicit
08-04 13:23:51.876 27166 27179 I art     : Explicit concurrent mark sweep GC freed 23(752B) AllocSpace objects, 0(0B) LOS objects, 36% free, 27MB/43MB, paused 569us total 20.858ms
08-04 13:23:51.884 27166 27179 I art     : Starting a blocking GC Explicit
08-04 13:23:51.905 27166 27179 I art     : Explicit concurrent mark sweep GC freed 3(96B) AllocSpace objects, 0(0B) LOS objects, 36% free, 27MB/43MB, paused 560us total 21.369ms
08-04 13:23:51.913 27166 27179 I art     : Starting a blocking GC Explicit
08-04 13:23:51.935 27166 27179 I art     : Explicit concurrent mark sweep GC freed 3(96B) AllocSpace objects, 0(0B) LOS objects, 36% free, 27MB/43MB, paused 660us total 21.653ms
08-04 13:23:51.942 27166 27179 I art     : Starting a blocking GC Explicit
08-04 13:23:51.963 27166 27179 I art     : Explicit concurrent mark sweep GC freed 3(96B) AllocSpace objects, 0(0B) LOS objects, 36% free, 27MB/43MB, paused 551us total 21.232ms
08-04 13:23:52.271 27166 27624 I art     : Starting a blocking GC Explicit
08-04 13:23:52.297 27166 27624 I art     : Explicit concurrent mark sweep GC freed 1373(82KB) AllocSpace objects, 1(20KB) LOS objects, 36% free, 27MB/43MB, paused 643us total 25.973ms
08-04 13:23:52.309 27166 27624 I art     : Starting a blocking GC Explicit
08-04 13:23:52.331 27166 27624 I art     : Explicit concurrent mark sweep GC freed 23(752B) AllocSpace objects, 0(0B) LOS objects, 36% free, 27MB/43MB, paused 542us total 21.399ms
08-04 13:23:52.338 27166 27624 I art     : Starting a blocking GC Explicit
08-04 13:23:52.360 27166 27624 I art     : Explicit concurrent mark sweep GC freed 3(96B) AllocSpace objects, 0(0B) LOS objects, 36% free, 27MB/43MB, paused 533us total 21.612ms
08-04 13:23:52.367 27166 27624 I art     : Starting a blocking GC Explicit
08-04 13:23:52.388 27166 27624 I art     : Explicit concurrent mark sweep GC freed 3(96B) AllocSpace objects, 0(0B) LOS objects, 36% free, 27MB/43MB, paused 575us total 20.998ms
08-04 13:23:52.395 27166 27624 I art     : Starting a blocking GC Explicit
08-04 13:23:52.417 27166 27624 I art     : Explicit concurrent mark sweep GC freed 3(96B) AllocSpace objects, 0(0B) LOS objects, 36% free, 27MB/43MB, paused 594us total 21.162ms
08-04 13:23:52.730 27166 27190 I art     : Starting a blocking GC Explicit
08-04 13:23:52.761 27166 27190 I art     : Explicit concurrent mark sweep GC freed 1401(83KB) AllocSpace objects, 1(20KB) LOS objects, 36% free, 27MB/43MB, paused 628us total 30.074ms
08-04 13:23:52.772 27166 27190 I art     : Starting a blocking GC Explicit
08-04 13:23:52.796 27166 27190 I art     : Explicit concurrent mark sweep GC freed 23(752B) AllocSpace objects, 0(0B) LOS objects, 36% free, 27MB/43MB, paused 584us total 23.590ms
08-04 13:23:52.804 27166 27190 I art     : Starting a blocking GC Explicit
08-04 13:23:52.826 27166 27190 I art     : Explicit concurrent mark sweep GC freed 3(96B) AllocSpace objects, 0(0B) LOS objects, 36% free, 27MB/43MB, paused 557us total 21.578ms
08-04 13:23:52.833 27166 27190 I art     : Starting a blocking GC Explicit
08-04 13:23:52.856 27166 27190 I art     : Explicit concurrent mark sweep GC freed 3(96B) AllocSpace objects, 0(0B) LOS objects, 36% free, 27MB/43MB, paused 597us total 22.187ms
08-04 13:23:52.863 27166 27190 I art     : Starting a blocking GC Explicit
08-04 13:23:52.885 27166 27190 I art     : Explicit concurrent mark sweep GC freed 3(96B) AllocSpace objects, 0(0B) LOS objects, 36% free, 27MB/43MB, paused 553us total 21.687ms
08-04 13:23:53.192 27166 27178 I art     : Starting a blocking GC Explicit
08-04 13:23:53.224 27166 27178 I art     : Explicit concurrent mark sweep GC freed 1370(80KB) AllocSpace objects, 1(20KB) LOS objects, 36% free, 27MB/43MB, paused 594us total 31.648ms
08-04 13:23:53.236 27166 27178 I art     : Starting a blocking GC Explicit
08-04 13:23:53.258 27166 27178 I art     : Explicit concurrent mark sweep GC freed 23(752B) AllocSpace objects, 0(0B) LOS objects, 36% free, 27MB/43MB, paused 573us total 22.094ms
08-04 13:23:53.266 27166 27178 I art     : Starting a blocking GC Explicit
08-04 13:23:53.288 27166 27178 I art     : Explicit concurrent mark sweep GC freed 3(96B) AllocSpace objects, 0(0B) LOS objects, 36% free, 27MB/43MB, paused 565us total 21.931ms
08-04 13:23:53.295 27166 27178 I art     : Starting a blocking GC Explicit
08-04 13:23:53.317 27166 27178 I art     : Explicit concurrent mark sweep GC freed 3(96B) AllocSpace objects, 0(0B) LOS objects, 36% free, 27MB/43MB, paused 677us total 21.820ms
08-04 13:23:53.325 27166 27178 I art     : Starting a blocking GC Explicit
08-04 13:23:53.346 27166 27178 I art     : Explicit concurrent mark sweep GC freed 3(96B) AllocSpace objects, 0(0B) LOS objects, 36% free, 27MB/43MB, paused 529us total 21.201ms
08-04 13:23:53.671 27166 27179 I art     : Starting a blocking GC Explicit
08-04 13:23:53.708 27166 27179 I art     : Explicit concurrent mark sweep GC freed 1395(80KB) AllocSpace objects, 1(20KB) LOS objects, 36% free, 27MB/43MB, paused 683us total 36.587ms
08-04 13:23:53.722 27166 27179 I art     : Starting a blocking GC Explicit
08-04 13:23:53.747 27166 27179 I art     : Explicit concurrent mark sweep GC freed 23(752B) AllocSpace objects, 0(0B) LOS objects, 36% free, 27MB/43MB, paused 614us total 25.549ms
08-04 13:23:53.755 27166 27179 I art     : Starting a blocking GC Explicit
08-04 13:23:53.777 27166 27179 I art     : Explicit concurrent mark sweep GC freed 3(96B) AllocSpace objects, 0(0B) LOS objects, 36% free, 27MB/43MB, paused 665us total 21.945ms
08-04 13:23:53.785 27166 27179 I art     : Starting a blocking GC Explicit
08-04 13:23:53.806 27166 27179 I art     : Explicit concurrent mark sweep GC freed 3(96B) AllocSpace objects, 0(0B) LOS objects, 36% free, 27MB/43MB, paused 574us total 21.211ms
08-04 13:23:53.814 27166 27179 I art     : Starting a blocking GC Explicit
08-04 13:23:53.835 27166 27179 I art     : Explicit concurrent mark sweep GC freed 3(96B) AllocSpace objects, 0(0B) LOS objects, 36% free, 27MB/43MB, paused 514us total 21.367ms
08-04 13:23:54.082 22210 22210 I ServiceManager: Waiting for service AtCmdFwd...
08-04 13:23:54.157 27166 27624 I art     : Starting a blocking GC Explicit
08-04 13:23:54.185 27166 27624 I art     : Explicit concurrent mark sweep GC freed 1367(82KB) AllocSpace objects, 1(20KB) LOS objects, 36% free, 27MB/43MB, paused 681us total 27.690ms
08-04 13:23:54.195 27166 27624 I art     : Starting a blocking GC Explicit
08-04 13:23:54.217 27166 27624 I art     : Explicit concurrent mark sweep GC freed 23(752B) AllocSpace objects, 0(0B) LOS objects, 36% free, 27MB/43MB, paused 608us total 22.170ms
08-04 13:23:54.225 27166 27624 I art     : Starting a blocking GC Explicit
08-04 13:23:54.247 27166 27624 I art     : Explicit concurrent mark sweep GC freed 3(96B) AllocSpace objects, 0(0B) LOS objects, 36% free, 27MB/43MB, paused 710us total 21.556ms
08-04 13:23:54.254 27166 27624 I art     : Starting a blocking GC Explicit
08-04 13:23:54.275 27166 27624 I art     : Explicit concurrent mark sweep GC freed 3(96B) AllocSpace objects, 0(0B) LOS objects, 36% free, 27MB/43MB, paused 550us total 21.050ms
08-04 13:23:54.283 27166 27624 I art     : Starting a blocking GC Explicit
08-04 13:23:54.304 27166 27624 I art     : Explicit concurrent mark sweep GC freed 3(96B) AllocSpace objects, 0(0B) LOS objects, 36% free, 27MB/43MB, paused 572us total 21.551ms
08-04 13:23:54.626 27166 27190 I art     : Starting a blocking GC Explicit
08-04 13:23:54.650 27166 27190 I art     : Explicit concurrent mark sweep GC freed 1395(80KB) AllocSpace objects, 1(20KB) LOS objects, 36% free, 27MB/43MB, paused 595us total 24.213ms
08-04 13:23:54.658 27166 27190 I art     : Starting a blocking GC Explicit
08-04 13:23:54.679 27166 27190 I art     : Explicit concurrent mark sweep GC freed 23(752B) AllocSpace objects, 0(0B) LOS objects, 36% free, 27MB/43MB, paused 565us total 21.224ms
08-04 13:23:54.687 27166 27190 I art     : Starting a blocking GC Explicit
08-04 13:23:54.707 27166 27190 I art     : Explicit concurrent mark sweep GC freed 3(96B) AllocSpace objects, 0(0B) LOS objects, 36% free, 27MB/43MB, paused 586us total 19.948ms
08-04 13:23:54.714 27166 27190 I art     : Starting a blocking GC Explicit
08-04 13:23:54.734 27166 27190 I art     : Explicit concurrent mark sweep GC freed 3(96B) AllocSpace objects, 0(0B) LOS objects, 36% free, 27MB/43MB, paused 572us total 19.948ms
08-04 13:23:54.741 27166 27190 I art     : Starting a blocking GC Explicit
08-04 13:23:54.761 27166 27190 I art     : Explicit concurrent mark sweep GC freed 3(96B) AllocSpace objects, 0(0B) LOS objects, 36% free, 27MB/43MB, paused 578us total 19.964ms
08-04 13:23:54.900 28335 28335 D AndroidRuntime: >>>>>> START com.android.internal.os.RuntimeInit uid 2000 <<<<<<
08-04 13:23:54.908 28335 28335 D AndroidRuntime: CheckJNI is OFF
08-04 13:23:54.933 28335 28335 D ICU     : No timezone override file found: /data/misc/zoneinfo/current/icu/icu_tzdata.dat
08-04 13:23:54.958 28335 28335 I Radio-JNI: register_android_hardware_Radio DONE
08-04 13:23:54.974 28335 28335 D AndroidRuntime: Calling main entry com.android.commands.input.Input
08-04 13:23:54.975 28335 28335 I Input   : injectKeyEvent: KeyEvent { action=ACTION_DOWN, keyCode=KEYCODE_BACK, scanCode=0, metaState=0, flags=0x0, repeatCount=0, eventTime=710651388, downTime=710651388, deviceId=-1, source=0x101 }
08-04 13:23:54.981 28335 28335 I Input   : injectKeyEvent: KeyEvent { action=ACTION_UP, keyCode=KEYCODE_BACK, scanCode=0, metaState=0, flags=0x0, repeatCount=0, eventTime=710651388, downTime=710651388, deviceId=-1, source=0x101 }
08-04 13:23:54.986 28335 28335 D AndroidRuntime: Shutting down VM
08-04 13:23:54.989 27166 27166 V PlaybackController: initServiceNotRunning()
08-04 13:23:54.989 27166 27166 D ExternalPlayerFragment: Loading media info
08-04 13:23:54.991 27166 27166 D UserPreferences: Using default data folder
08-04 13:23:54.992 27166 27718 D DBReader: getNavDrawerData() called with: 
08-04 13:23:54.994 27166 27718 D DBReader: getDownloadedItems() called
08-04 13:23:54.995 27166 27718 D DBReader: getFavoriteIDList() called
08-04 13:23:54.995 27166 27718 D DBReader: getQueueIDList() called
08-04 13:23:54.995 27166 27718 D DBReader: Extracting Feedlist
08-04 13:23:55.021 27166 27166 D MainActivity: getLastNavFragment() -> AddFeedFragment
08-04 13:23:55.023 13866 13866 I GoogleInputMethodServic: GoogleInputMethodService.onFinishInput():3138 
08-04 13:23:55.024 13866 13866 I GoogleInputMethodServic: GoogleInputMethodService.onStartInput():1808 
08-04 13:23:55.036 27166 27179 I art     : Starting a blocking GC Explicit
08-04 13:23:55.038 27166 28115 D ApOkHttpUrlLoader: buildLoadData() called with: model = [https://content.production.cdn.art19.com/images/89/e0/88/44/89e08844-ac28-4fc0-96fa-15a41fec2014/262c12ed699a8d9720dea0bd66449d998e4a08cf18095bed170ccaa76722045fa5dbf7a366918b2db7e3acf29ad22f6b99fd659a9409cb807bf2781d968932f8.jpeg], width = [140], height = [140]
08-04 13:23:55.059 27166 27179 I art     : Explicit concurrent mark sweep GC freed 2430(171KB) AllocSpace objects, 1(20KB) LOS objects, 36% free, 28MB/44MB, paused 659us total 22.692ms
08-04 13:23:55.068 27166 27179 I art     : Starting a blocking GC Explicit
08-04 13:23:55.083 22210 22210 I ServiceManager: Waiting for service AtCmdFwd...
08-04 13:23:55.088 27166 27179 I art     : Explicit concurrent mark sweep GC freed 505(26KB) AllocSpace objects, 0(0B) LOS objects, 36% free, 28MB/44MB, paused 577us total 19.460ms
08-04 13:23:55.095 27166 27179 I art     : Starting a blocking GC Explicit
08-04 13:23:55.114 27166 27179 I art     : Explicit concurrent mark sweep GC freed 3(96B) AllocSpace objects, 0(0B) LOS objects, 36% free, 28MB/44MB, paused 601us total 19.161ms
08-04 13:23:55.121 27166 27179 I art     : Starting a blocking GC Explicit
08-04 13:23:55.141 27166 27179 I art     : Explicit concurrent mark sweep GC freed 3(96B) AllocSpace objects, 0(0B) LOS objects, 36% free, 28MB/44MB, paused 579us total 19.639ms
08-04 13:23:55.148 27166 27179 I art     : Starting a blocking GC Explicit
08-04 13:23:55.169 27166 27179 I art     : Explicit concurrent mark sweep GC freed 217(19KB) AllocSpace objects, 0(0B) LOS objects, 36% free, 28MB/44MB, paused 653us total 20.637ms
08-04 13:23:55.347   380   380 W SurfaceFlinger: couldn't log to binary event log: overflow.
08-04 13:23:55.418 27166 27178 I art     : Starting a blocking GC Explicit
08-04 13:23:55.439 27166 27178 I art     : Explicit concurrent mark sweep GC freed 2020(107KB) AllocSpace objects, 1(20KB) LOS objects, 36% free, 28MB/44MB, paused 584us total 20.048ms
08-04 13:23:55.445 27166 27178 I art     : Starting a blocking GC Explicit
08-04 13:23:55.464 27166 27178 I art     : Explicit concurrent mark sweep GC freed 2483(152KB) AllocSpace objects, 2(248KB) LOS objects, 36% free, 27MB/43MB, paused 562us total 19.003ms
08-04 13:23:55.471 27166 27178 I art     : Starting a blocking GC Explicit
08-04 13:23:55.489 27166 27178 I art     : Explicit concurrent mark sweep GC freed 3(96B) AllocSpace objects, 0(0B) LOS objects, 36% free, 27MB/43MB, paused 560us total 18.246ms
08-04 13:23:55.496 27166 27178 I art     : Starting a blocking GC Explicit
08-04 13:23:55.514 27166 27178 I art     : Explicit concurrent mark sweep GC freed 32(880B) AllocSpace objects, 0(0B) LOS objects, 36% free, 27MB/43MB, paused 526us total 18.353ms
08-04 13:23:55.521 27166 27178 I art     : Starting a blocking GC Explicit
08-04 13:23:55.539 27166 27178 I art     : Explicit concurrent mark sweep GC freed 3(96B) AllocSpace objects, 0(0B) LOS objects, 36% free, 27MB/43MB, paused 521us total 17.674ms
08-04 13:23:55.784 27166 27624 I art     : Starting a blocking GC Explicit
08-04 13:23:55.804 27166 27624 I art     : Explicit concurrent mark sweep GC freed 1368(82KB) AllocSpace objects, 1(20KB) LOS objects, 36% free, 27MB/43MB, paused 549us total 19.043ms
08-04 13:23:55.810 27166 27624 I art     : Starting a blocking GC Explicit
08-04 13:23:55.829 27166 27624 I art     : Explicit concurrent mark sweep GC freed 42(1472B) AllocSpace objects, 0(0B) LOS objects, 36% free, 27MB/43MB, paused 543us total 18.651ms
08-04 13:23:55.836 27166 27624 I art     : Starting a blocking GC Explicit
08-04 13:23:55.856 27166 27624 I art     : Explicit concurrent mark sweep GC freed 3(96B) AllocSpace objects, 0(0B) LOS objects, 36% free, 27MB/43MB, paused 551us total 20.528ms
08-04 13:23:55.863 27166 27624 I art     : Starting a blocking GC Explicit
08-04 13:23:55.884 27166 27624 I art     : Explicit concurrent mark sweep GC freed 3(96B) AllocSpace objects, 0(0B) LOS objects, 36% free, 27MB/43MB, paused 563us total 20.713ms
08-04 13:23:55.891 27166 27624 I art     : Starting a blocking GC Explicit
08-04 13:23:55.912 27166 27624 I art     : Explicit concurrent mark sweep GC freed 3(96B) AllocSpace objects, 0(0B) LOS objects, 36% free, 27MB/43MB, paused 550us total 20.501ms
08-04 13:23:56.083 22210 22210 I ServiceManager: Waiting for service AtCmdFwd...
08-04 13:23:56.208 27166 27178 I art     : Starting a blocking GC Explicit
08-04 13:23:56.233 27166 27178 I art     : Explicit concurrent mark sweep GC freed 1368(80KB) AllocSpace objects, 1(20KB) LOS objects, 36% free, 27MB/43MB, paused 541us total 24.458ms
08-04 13:23:56.241 27166 27178 I art     : Starting a blocking GC Explicit
08-04 13:23:56.259 27166 27178 I art     : Explicit concurrent mark sweep GC freed 23(752B) AllocSpace objects, 0(0B) LOS objects, 36% free, 27MB/43MB, paused 557us total 18.167ms
08-04 13:23:56.266 27166 27178 I art     : Starting a blocking GC Explicit
08-04 13:23:56.284 27166 27178 I art     : Explicit concurrent mark sweep GC freed 3(96B) AllocSpace objects, 0(0B) LOS objects, 36% free, 27MB/43MB, paused 606us total 18.292ms
08-04 13:23:56.291 27166 27178 I art     : Starting a blocking GC Explicit
08-04 13:23:56.309 27166 27178 I art     : Explicit concurrent mark sweep GC freed 3(96B) AllocSpace objects, 0(0B) LOS objects, 36% free, 27MB/43MB, paused 540us total 17.997ms
08-04 13:23:56.315 27166 27178 I art     : Starting a blocking GC Explicit
08-04 13:23:56.334 27166 27178 I art     : Explicit concurrent mark sweep GC freed 3(96B) AllocSpace objects, 0(0B) LOS objects, 36% free, 27MB/43MB, paused 547us total 18.055ms
08-04 13:23:56.528 28388 28388 D AndroidRuntime: >>>>>> START com.android.internal.os.RuntimeInit uid 2000 <<<<<<
08-04 13:23:56.533 28388 28388 D AndroidRuntime: CheckJNI is OFF
08-04 13:23:56.558 28388 28388 D ICU     : No timezone override file found: /data/misc/zoneinfo/current/icu/icu_tzdata.dat
08-04 13:23:56.583 28388 28388 I Radio-JNI: register_android_hardware_Radio DONE
08-04 13:23:56.600 28388 28388 D AndroidRuntime: Calling main entry com.android.commands.input.Input
08-04 13:23:56.602 28388 28388 I Input   : injectMotionEvent: MotionEvent { action=ACTION_DOWN, actionButton=0, id[0]=0, x[0]=639.0, y[0]=762.0, toolType[0]=TOOL_TYPE_UNKNOWN, buttonState=0, metaState=0, flags=0x0, edgeFlags=0x0, pointerCount=1, historySize=0, eventTime=710653015, downTime=710653015, deviceId=0, source=0x1002 }
08-04 13:23:56.602 27166 27190 I art     : Starting a blocking GC Explicit
08-04 13:23:56.607 28388 28388 I Input   : injectMotionEvent: MotionEvent { action=ACTION_UP, actionButton=0, id[0]=0, x[0]=639.0, y[0]=762.0, toolType[0]=TOOL_TYPE_UNKNOWN, buttonState=0, metaState=0, flags=0x0, edgeFlags=0x0, pointerCount=1, historySize=0, eventTime=710653015, downTime=710653015, deviceId=0, source=0x1002 }
08-04 13:23:56.608 28388 28388 D AndroidRuntime: Shutting down VM
08-04 13:23:56.630 27166 27190 I art     : Explicit concurrent mark sweep GC freed 1423(82KB) AllocSpace objects, 1(20KB) LOS objects, 36% free, 27MB/43MB, paused 631us total 27.346ms
08-04 13:23:56.638 27166 27190 I art     : Starting a blocking GC Explicit
08-04 13:23:56.658 27166 27190 I art     : Explicit concurrent mark sweep GC freed 29(944B) AllocSpace objects, 0(0B) LOS objects, 36% free, 27MB/43MB, paused 537us total 19.694ms
08-04 13:23:56.665 27166 27190 I art     : Starting a blocking GC Explicit
08-04 13:23:56.684   512  2967 D audio_hw_primary: out_set_parameters: enter: usecase(1: low-latency-playback) kvpairs: routing=2
08-04 13:23:56.686 27166 27190 I art     : Explicit concurrent mark sweep GC freed 151(6KB) AllocSpace objects, 0(0B) LOS objects, 36% free, 27MB/43MB, paused 869us total 20.412ms
08-04 13:23:56.693 27166 27190 I art     : Starting a blocking GC Explicit
08-04 13:23:56.697   512  2967 D audio_hw_primary: select_devices: out_snd_device(2: speaker) in_snd_device(0: none)
08-04 13:23:56.697   512  2967 D msm8974_platform: platform_send_audio_calibration: sending audio calibration for snd_device(2) acdb_id(15)
08-04 13:23:56.697   512  2967 I soundtrigger: audio_extn_sound_trigger_update_device_status: device 0x2 of type 0 for Event 1
08-04 13:23:56.703 13866 13866 I GoogleInputMethodServic: GoogleInputMethodService.onFinishInput():3138 
08-04 13:23:56.704 13866 13866 I GoogleInputMethodServic: GoogleInputMethodService.onStartInput():1808 
08-04 13:23:56.707   512  2967 D audio_hw_primary: enable_snd_device: snd_device(2: speaker)
08-04 13:23:56.709   512  2967 D audio_hw_primary: enable_audio_route: apply and update mixer path: low-latency-playback speaker
08-04 13:23:56.713 27166 27190 I art     : Explicit concurrent mark sweep GC freed 61(2560B) AllocSpace objects, 0(0B) LOS objects, 36% free, 27MB/43MB, paused 634us total 20.116ms
08-04 13:23:56.722 27166 27190 I art     : Starting a blocking GC Explicit
08-04 13:23:56.742 27166 27190 I art     : Explicit concurrent mark sweep GC freed 21(768B) AllocSpace objects, 0(0B) LOS objects, 36% free, 27MB/43MB, paused 558us total 19.933ms
08-04 13:23:56.854   518   646 I ThermalEngine: ACTION: GPU - Setting GPU[0] to 510000000
08-04 13:23:56.862 27166 27193 I NAPPA_EXPERIMENTATION: MetricNetworkRequestExecutionTime: REQUEST_DURATION_SYSTEM='179',REQUEST_DURATION_OKHTTP='178',REQUEST_SYNCHRONOUS='TRUE',RESPONSE_CODE='200',RESPONSE_METHOD='GET',RESPONSE_LENGTH_OKHTTP='-1',RESPONSE_LENGTH_HEADER='622',REQUEST_PROTOCOL='h2',REQUEST_URL='https://itunes.apple.com/lookup?id=360084272',
08-04 13:23:56.884   918   928 I ActivityManager: START u0 {cmp=baseline.de.danoeh.antennapod.debug/baseline.de.danoeh.antennapod.activity.OnlineFeedViewActivity (has extras)} from uid 10670 on display 0
08-04 13:23:56.908 13866 13866 I GoogleInputMethodServic: GoogleInputMethodService.onFinishInput():3138 
08-04 13:23:56.909 13866 13866 I GoogleInputMethodServic: GoogleInputMethodService.onStartInput():1808 
08-04 13:23:56.930 27166 27166 D UserPreferences: Using default data folder
08-04 13:23:56.931 27166 27166 D OnlineFeedViewActivity: Activity was started with url http://joeroganexp.joerogan.libsynpro.com/rss
08-04 13:23:56.932 27166 27166 D OnlineFeedViewActivity: Starting feed download
08-04 13:23:56.934 27166 27186 D DBReader: Extracting Feedlist
08-04 13:23:56.936   918  5952 D WifiService: acquireWifiLockLocked: WifiLock{Downloader type=1 binder=android.os.BinderProxy@4266c8d}
08-04 13:23:56.937 27166 27186 D AntennapodHttpClient: Creating new instance of HTTP client
08-04 13:23:56.980 27166 27186 D MYTAG   : interceptor 3a http://joeroganexp.joerogan.libsynpro.com/rss
08-04 13:23:56.980 27166 27186 I NAPPA_EXPERIMENTATION: MetricNetworkRequestExecutionTime: REQUEST_DURATION_SYSTEM='42',REQUEST_DURATION_OKHTTP='35',REQUEST_SYNCHRONOUS='TRUE',RESPONSE_CODE='200',RESPONSE_METHOD='GET',RESPONSE_LENGTH_OKHTTP='-1',RESPONSE_LENGTH_HEADER='307892',REQUEST_PROTOCOL='http/1.1',REQUEST_URL='http://joeroganexp.joerogan.libsynpro.com/rss',
08-04 13:23:56.981 27166 27186 D HttpDownloader: Response code is 200
08-04 13:23:56.981 27166 27186 D UserPreferences: Using default data folder
08-04 13:23:56.983 27166 27186 D HttpDownloader: Getting size of download
08-04 13:23:56.983 27166 27186 D HttpDownloader: Size is -1
08-04 13:23:56.983 27166 27186 D UserPreferences: Using default data folder
08-04 13:23:56.984 27166 27186 D HttpDownloader: Free space is 20246335488
08-04 13:23:56.984 27166 27186 D HttpDownloader: Starting download
08-04 13:23:56.986 27166 27624 I art     : Starting a blocking GC Explicit
08-04 13:23:56.993 13866 13866 I GoogleInputMethodServic: GoogleInputMethodService.onFinishInput():3138 
08-04 13:23:56.994 13866 13866 I GoogleInputMethodServic: GoogleInputMethodService.onStartInput():1808 
08-04 13:23:57.013 27166 27624 I art     : Explicit concurrent mark sweep GC freed 3456(234KB) AllocSpace objects, 1(20KB) LOS objects, 36% free, 27MB/43MB, paused 850us total 27.271ms
08-04 13:23:57.025   918   936 I ActivityManager: Displayed baseline.de.danoeh.antennapod.debug/baseline.de.danoeh.antennapod.activity.OnlineFeedViewActivity: +118ms
08-04 13:23:57.025 27166 27624 I art     : Starting a blocking GC Explicit
08-04 13:23:57.056 27166 27624 I art     : Explicit concurrent mark sweep GC freed 385(17KB) AllocSpace objects, 0(0B) LOS objects, 36% free, 27MB/43MB, paused 930us total 30.047ms
08-04 13:23:57.066 27166 27624 I art     : Starting a blocking GC Explicit
08-04 13:23:57.084 22210 22210 I ServiceManager: Waiting for service AtCmdFwd...
08-04 13:23:57.091 27166 27624 I art     : Explicit concurrent mark sweep GC freed 13(864B) AllocSpace objects, 0(0B) LOS objects, 36% free, 27MB/43MB, paused 765us total 24.593ms
08-04 13:23:57.099 27166 27624 I art     : Starting a blocking GC Explicit
08-04 13:23:57.124 27166 27624 I art     : Explicit concurrent mark sweep GC freed 3(96B) AllocSpace objects, 0(0B) LOS objects, 36% free, 27MB/43MB, paused 779us total 24.016ms
08-04 13:23:57.132 27166 27624 I art     : Starting a blocking GC Explicit
08-04 13:23:57.156 27166 27186 D HttpDownloader: Download was successful
08-04 13:23:57.157   918  4400 D WifiService: releaseWifiLockLocked: WifiLock{Downloader type=1 binder=android.os.BinderProxy@4266c8d}
08-04 13:23:57.157 27166 27624 I art     : Explicit concurrent mark sweep GC freed 4(128B) AllocSpace objects, 0(0B) LOS objects, 36% free, 27MB/43MB, paused 863us total 24.469ms
08-04 13:23:57.157 27166 27166 D OnlineFeedViewActivity: Parsing feed
08-04 13:23:57.162 27166 28422 D TypeGetter: Recognized type RSS 2.0
08-04 13:23:57.164 27166 28422 D SyndHandler: Recognized Atom namespace
08-04 13:23:57.165 27166 28422 D SyndHandler: Recognized ITunes namespace
08-04 13:23:57.165 27166 28422 D SyndHandler: Recognized media namespace
08-04 13:23:57.165 27166 28422 D SyndHandler: Recognized Content namespace
08-04 13:23:57.250   512  2967 D audio_hw_primary: disable_audio_route: reset and update mixer path: low-latency-playback speaker
08-04 13:23:57.254   512  2967 D audio_hw_primary: disable_snd_device: snd_device(2: speaker)
08-04 13:23:57.262   512  2967 I soundtrigger: audio_extn_sound_trigger_update_device_status: device 0x2 of type 0 for Event 0
08-04 13:23:57.267   380   380 W SurfaceFlinger: couldn't log to binary event log: overflow.
08-04 13:23:57.386 27166 27166 D PlaybackController: Releasing PlaybackController
08-04 13:23:57.424 27166 27624 I art     : Starting a blocking GC Explicit
08-04 13:23:57.458 27166 27624 I art     : Explicit concurrent mark sweep GC freed 19882(1218KB) AllocSpace objects, 4(80KB) LOS objects, 35% free, 28MB/44MB, paused 1.048ms total 33.444ms
08-04 13:23:57.468 27166 27624 I art     : Starting a blocking GC Explicit
08-04 13:23:57.494 27166 27624 I art     : Explicit concurrent mark sweep GC freed 6781(328KB) AllocSpace objects, 0(0B) LOS objects, 35% free, 28MB/44MB, paused 1.790ms total 25.463ms
08-04 13:23:57.503 27166 27624 I art     : Starting a blocking GC Explicit
08-04 13:23:57.529 27166 27624 I art     : Explicit concurrent mark sweep GC freed 3995(195KB) AllocSpace objects, 0(0B) LOS objects, 36% free, 28MB/44MB, paused 993us total 26.263ms
08-04 13:23:57.538 27166 27624 I art     : Starting a blocking GC Explicit
08-04 13:23:57.565 27166 27624 I art     : Explicit concurrent mark sweep GC freed 2747(139KB) AllocSpace objects, 0(0B) LOS objects, 35% free, 28MB/44MB, paused 1.047ms total 26.504ms
08-04 13:23:57.574 27166 27624 I art     : Starting a blocking GC Explicit
08-04 13:23:57.600 27166 27624 I art     : Explicit concurrent mark sweep GC freed 2775(139KB) AllocSpace objects, 0(0B) LOS objects, 35% free, 28MB/44MB, paused 1.070ms total 26.387ms
08-04 13:23:57.875 27166 27179 I art     : Starting a blocking GC Explicit
08-04 13:23:57.910 27166 27179 I art     : Explicit concurrent mark sweep GC freed 23292(1233KB) AllocSpace objects, 1(20KB) LOS objects, 35% free, 29MB/45MB, paused 1.175ms total 34.839ms
08-04 13:23:57.920 27166 27179 I art     : Starting a blocking GC Explicit
08-04 13:23:57.948 27166 27179 I art     : Explicit concurrent mark sweep GC freed 7134(340KB) AllocSpace objects, 0(0B) LOS objects, 35% free, 29MB/45MB, paused 1.161ms total 27.595ms
08-04 13:23:57.957 27166 27179 I art     : Starting a blocking GC Explicit
08-04 13:23:57.985 27166 27179 I art     : Explicit concurrent mark sweep GC freed 4935(242KB) AllocSpace objects, 0(0B) LOS objects, 35% free, 29MB/45MB, paused 1.095ms total 27.690ms
08-04 13:23:57.995 27166 27179 I art     : Starting a blocking GC Explicit
08-04 13:23:58.023 27166 27179 I art     : Explicit concurrent mark sweep GC freed 2929(154KB) AllocSpace objects, 0(0B) LOS objects, 35% free, 29MB/45MB, paused 1.075ms total 27.848ms
08-04 13:23:58.032 27166 27179 I art     : Starting a blocking GC Explicit
08-04 13:23:58.061 27166 27179 I art     : Explicit concurrent mark sweep GC freed 2975(150KB) AllocSpace objects, 0(0B) LOS objects, 35% free, 29MB/45MB, paused 1.064ms total 27.970ms
08-04 13:23:58.084 22210 22210 I ServiceManager: Waiting for service AtCmdFwd...
08-04 13:23:58.332 27166 27179 I art     : Starting a blocking GC Explicit
08-04 13:23:58.371 27166 27179 I art     : Explicit concurrent mark sweep GC freed 22993(1252KB) AllocSpace objects, 1(20KB) LOS objects, 34% free, 29MB/45MB, paused 1.154ms total 38.303ms
08-04 13:23:58.381 27166 27179 I art     : Starting a blocking GC Explicit
08-04 13:23:58.412 27166 27179 I art     : Explicit concurrent mark sweep GC freed 6291(296KB) AllocSpace objects, 0(0B) LOS objects, 34% free, 29MB/45MB, paused 1.086ms total 31.103ms
08-04 13:23:58.422 27166 27179 I art     : Starting a blocking GC Explicit
08-04 13:23:58.452 27166 27179 I art     : Explicit concurrent mark sweep GC freed 6335(311KB) AllocSpace objects, 0(0B) LOS objects, 35% free, 29MB/45MB, paused 1.001ms total 29.502ms
08-04 13:23:58.461 27166 27179 I art     : Starting a blocking GC Explicit
08-04 13:23:58.491 27166 27179 I art     : Explicit concurrent mark sweep GC freed 3024(157KB) AllocSpace objects, 0(0B) LOS objects, 35% free, 29MB/45MB, paused 1.047ms total 29.920ms
08-04 13:23:58.501 27166 27179 I art     : Starting a blocking GC Explicit
08-04 13:23:58.532 27166 27179 I art     : Explicit concurrent mark sweep GC freed 3071(166KB) AllocSpace objects, 0(0B) LOS objects, 34% free, 29MB/45MB, paused 1.049ms total 30.107ms
08-04 13:23:58.849 27166 27190 I art     : Starting a blocking GC Explicit
08-04 13:23:58.889 27166 27190 I art     : Explicit concurrent mark sweep GC freed 26484(1465KB) AllocSpace objects, 1(20KB) LOS objects, 34% free, 30MB/46MB, paused 1.268ms total 39.437ms
08-04 13:23:58.901 27166 27190 I art     : Starting a blocking GC Explicit
08-04 13:23:58.934 27166 27190 I art     : Explicit concurrent mark sweep GC freed 4299(220KB) AllocSpace objects, 0(0B) LOS objects, 34% free, 30MB/46MB, paused 1.316ms total 32.846ms
08-04 13:23:58.944 27166 27190 I art     : Starting a blocking GC Explicit
08-04 13:23:58.974 27166 27190 I art     : Explicit concurrent mark sweep GC freed 10138(477KB) AllocSpace objects, 0(0B) LOS objects, 34% free, 30MB/46MB, paused 970us total 30.160ms
08-04 13:23:58.984 27166 27190 I art     : Starting a blocking GC Explicit
08-04 13:23:59.015 27166 27190 I art     : Explicit concurrent mark sweep GC freed 3233(164KB) AllocSpace objects, 0(0B) LOS objects, 34% free, 30MB/46MB, paused 1.112ms total 30.345ms
08-04 13:23:59.025 27166 27190 I art     : Starting a blocking GC Explicit
08-04 13:23:59.056 27166 27190 I art     : Explicit concurrent mark sweep GC freed 3195(167KB) AllocSpace objects, 0(0B) LOS objects, 34% free, 30MB/46MB, paused 1.064ms total 30.687ms
08-04 13:23:59.084 22210 22210 W Atfwd_Sendcmd: AtCmdFwd service not published, waiting... retryCnt : 4
08-04 13:23:59.341 27166 27179 I art     : Starting a blocking GC Explicit
08-04 13:23:59.382 27166 27179 I art     : Explicit concurrent mark sweep GC freed 25328(1246KB) AllocSpace objects, 1(20KB) LOS objects, 33% free, 31MB/47MB, paused 1.365ms total 41.172ms
08-04 13:23:59.395 27166 27179 I art     : Starting a blocking GC Explicit
08-04 13:23:59.428 27166 27179 I art     : Explicit concurrent mark sweep GC freed 10150(451KB) AllocSpace objects, 0(0B) LOS objects, 34% free, 30MB/46MB, paused 1.311ms total 32.363ms
08-04 13:23:59.438 27166 27179 I art     : Starting a blocking GC Explicit
08-04 13:23:59.469 27166 27179 I art     : Explicit concurrent mark sweep GC freed 4031(181KB) AllocSpace objects, 0(0B) LOS objects, 34% free, 30MB/46MB, paused 972us total 31.207ms
08-04 13:23:59.480 27166 27179 I art     : Starting a blocking GC Explicit
08-04 13:23:59.513 27166 27179 I art     : Explicit concurrent mark sweep GC freed 3535(165KB) AllocSpace objects, 0(0B) LOS objects, 34% free, 31MB/47MB, paused 1.151ms total 33.040ms
08-04 13:23:59.524 27166 27179 I art     : Starting a blocking GC Explicit
08-04 13:23:59.557 27166 27179 I art     : Explicit concurrent mark sweep GC freed 3493(164KB) AllocSpace objects, 0(0B) LOS objects, 34% free, 31MB/47MB, paused 1.098ms total 33.583ms
08-04 13:23:59.592 27166 28422 D OnlineFeedViewActivity: Deleted feed source file. Result: true
08-04 13:23:59.608 27166 27166 D OnlineFeedViewActivity: Removing HTML from shownotes
08-04 13:23:59.833 27166 27179 I art     : Starting a blocking GC Explicit
08-04 13:23:59.874 27166 27179 I art     : Explicit concurrent mark sweep GC freed 55267(4MB) AllocSpace objects, 239(15MB) LOS objects, 32% free, 33MB/49MB, paused 1.144ms total 40.910ms
08-04 13:23:59.886 27166 27179 I art     : Starting a blocking GC Explicit
08-04 13:23:59.926 27166 27179 I art     : Explicit concurrent mark sweep GC freed 48104(3MB) AllocSpace objects, 209(13MB) LOS objects, 32% free, 32MB/48MB, paused 1.013ms total 39.280ms
08-04 13:23:59.938 27166 27179 I art     : Starting a blocking GC Explicit
08-04 13:23:59.977 27166 27179 I art     : Explicit concurrent mark sweep GC freed 47292(3MB) AllocSpace objects, 220(14MB) LOS objects, 32% free, 33MB/49MB, paused 966us total 39.184ms
08-04 13:23:59.988 27166 27179 I art     : Starting a blocking GC Explicit
08-04 13:24:00.024 13866 13882 I PeriodicStatsRunner: PeriodicStatsRunner.call():175 call()
08-04 13:24:00.024 13866 13882 I PeriodicStatsRunner: PeriodicStatsRunner.call():179 No submit PeriodicStats since input started.
08-04 13:24:00.028 27166 27179 I art     : Explicit concurrent mark sweep GC freed 44923(4MB) AllocSpace objects, 297(19MB) LOS objects, 32% free, 33MB/49MB, paused 972us total 39.383ms
08-04 13:24:00.039 27166 27179 I art     : Starting a blocking GC Explicit
08-04 13:24:00.049 27166 28115 D ApOkHttpUrlLoader: buildLoadData() called with: model = [http://static.libsyn.com/p/assets/7/1/f/3/71f3014e14ef2722/JREiTunesImage2.jpg], width = [350], height = [350]
08-04 13:24:00.051 27166 27922 D DBReader: getImageAuthentication() called with: imageUrl = [http://static.libsyn.com/p/assets/7/1/f/3/71f3014e14ef2722/JREiTunesImage2.jpg]
08-04 13:24:00.053 27166 27922 D ApOkHttpUrlLoader: no credentials for 'http://static.libsyn.com/p/assets/7/1/f/3/71f3014e14ef2722/JREiTunesImage2.jpg'
08-04 13:24:00.076 27166 27179 I art     : Explicit concurrent mark sweep GC freed 13812(1386KB) AllocSpace objects, 76(5MB) LOS objects, 33% free, 31MB/47MB, paused 1.120ms total 36.811ms
08-04 13:24:00.135 27166 27922 D MYTAG   : interceptor 2a
08-04 13:24:00.135 27166 27922 I NAPPA_EXPERIMENTATION: MetricNetworkRequestExecutionTime: REQUEST_DURATION_SYSTEM='82',REQUEST_DURATION_OKHTTP='32',REQUEST_SYNCHRONOUS='TRUE',RESPONSE_CODE='200',RESPONSE_METHOD='GET',RESPONSE_LENGTH_OKHTTP='402832',RESPONSE_LENGTH_HEADER='402832',REQUEST_PROTOCOL='http/1.1',REQUEST_URL='http://static.libsyn.com/p/assets/7/1/f/3/71f3014e14ef2722/JREiTunesImage2.jpg',
08-04 13:24:00.354 27166 27179 I art     : Starting a blocking GC Explicit
08-04 13:24:00.393 27166 27179 I art     : Explicit concurrent mark sweep GC freed 2733(163KB) AllocSpace objects, 2(132KB) LOS objects, 33% free, 31MB/47MB, paused 838us total 38.520ms
08-04 13:24:00.406 27166 27179 I art     : Starting a blocking GC Explicit
08-04 13:24:00.442 27166 27179 I art     : Explicit concurrent mark sweep GC freed 85(3KB) AllocSpace objects, 0(0B) LOS objects, 33% free, 31MB/47MB, paused 817us total 35.745ms
08-04 13:24:00.454 27166 27179 I art     : Starting a blocking GC Explicit
08-04 13:24:00.492 27166 27179 I art     : Explicit concurrent mark sweep GC freed 3(96B) AllocSpace objects, 0(0B) LOS objects, 33% free, 31MB/47MB, paused 806us total 37.188ms
08-04 13:24:00.504 27166 27179 I art     : Starting a blocking GC Explicit
08-04 13:24:00.542 27166 27179 I art     : Explicit concurrent mark sweep GC freed 32(880B) AllocSpace objects, 0(0B) LOS objects, 33% free, 31MB/47MB, paused 772us total 37.953ms
08-04 13:24:00.554 27166 27179 I art     : Starting a blocking GC Explicit
08-04 13:24:00.593 27166 27179 I art     : Explicit concurrent mark sweep GC freed 3(96B) AllocSpace objects, 0(0B) LOS objects, 33% free, 31MB/47MB, paused 824us total 38.432ms
08-04 13:24:00.910 27166 27624 I art     : Starting a blocking GC Explicit
08-04 13:24:00.948 27166 27624 I art     : Explicit concurrent mark sweep GC freed 1370(80KB) AllocSpace objects, 1(20KB) LOS objects, 33% free, 31MB/47MB, paused 946us total 37.637ms
08-04 13:24:00.960 27166 27624 I art     : Starting a blocking GC Explicit
08-04 13:24:00.996 27166 27624 I art     : Explicit concurrent mark sweep GC freed 23(752B) AllocSpace objects, 0(0B) LOS objects, 33% free, 31MB/47MB, paused 804us total 35.899ms
08-04 13:24:01.008 27166 27624 I art     : Starting a blocking GC Explicit
08-04 13:24:01.043 27166 27624 I art     : Explicit concurrent mark sweep GC freed 3(96B) AllocSpace objects, 0(0B) LOS objects, 33% free, 31MB/47MB, paused 849us total 35.098ms
08-04 13:24:01.055 27166 27624 I art     : Starting a blocking GC Explicit
08-04 13:24:01.090 27166 27624 I art     : Explicit concurrent mark sweep GC freed 3(96B) AllocSpace objects, 0(0B) LOS objects, 33% free, 31MB/47MB, paused 860us total 35.526ms
08-04 13:24:01.102 27166 27624 I art     : Starting a blocking GC Explicit
08-04 13:24:01.138 27166 27624 I art     : Explicit concurrent mark sweep GC freed 3(96B) AllocSpace objects, 0(0B) LOS objects, 33% free, 31MB/47MB, paused 806us total 35.967ms
08-04 13:24:01.265 28501 28501 D AndroidRuntime: >>>>>> START com.android.internal.os.RuntimeInit uid 2000 <<<<<<
08-04 13:24:01.273 28501 28501 D AndroidRuntime: CheckJNI is OFF
08-04 13:24:01.305 28501 28501 D ICU     : No timezone override file found: /data/misc/zoneinfo/current/icu/icu_tzdata.dat
08-04 13:24:01.337 28501 28501 I Radio-JNI: register_android_hardware_Radio DONE
08-04 13:24:01.358 28501 28501 D AndroidRuntime: Calling main entry com.android.commands.input.Input
08-04 13:24:01.359 28501 28501 I Input   : injectMotionEvent: MotionEvent { action=ACTION_DOWN, actionButton=0, id[0]=0, x[0]=693.0, y[0]=821.0, toolType[0]=TOOL_TYPE_UNKNOWN, buttonState=0, metaState=0, flags=0x0, edgeFlags=0x0, pointerCount=1, historySize=0, eventTime=710657772, downTime=710657772, deviceId=0, source=0x1002 }
08-04 13:24:01.365 28501 28501 I Input   : injectMotionEvent: MotionEvent { action=ACTION_UP, actionButton=0, id[0]=0, x[0]=693.0, y[0]=821.0, toolType[0]=TOOL_TYPE_UNKNOWN, buttonState=0, metaState=0, flags=0x0, edgeFlags=0x0, pointerCount=1, historySize=0, eventTime=710657772, downTime=710657772, deviceId=0, source=0x1002 }
08-04 13:24:01.367 28501 28501 D AndroidRuntime: Shutting down VM
08-04 13:24:01.373 27166 27166 D UserPreferences: Using default data folder
08-04 13:24:01.373 27166 27166 D DownloadRequester: partiallyDownloadedFileExists: false
08-04 13:24:01.373 27166 27166 D DownloadRequester: /storage/emulated/0/Android/data/baseline.de.danoeh.antennapod.debug/files/cache/feed-The Joe Rogan Experience is available as a download destination
08-04 13:24:01.374 27166 27166 D DownloadRequester: Requesting download of url http://joeroganexp.joerogan.libsynpro.com/rss
08-04 13:24:01.375   512  2967 D audio_hw_primary: out_set_parameters: enter: usecase(1: low-latency-playback) kvpairs: routing=2
08-04 13:24:01.389 27166 27166 D DownloadService: Service started
08-04 13:24:01.390   512  2967 D audio_hw_primary: select_devices: out_snd_device(2: speaker) in_snd_device(0: none)
08-04 13:24:01.390   512  2967 D msm8974_platform: platform_send_audio_calibration: sending audio calibration for snd_device(2) acdb_id(15)
08-04 13:24:01.390 27166 27166 D DownloadService: parallel downloads: 4
08-04 13:24:01.390   512  2967 I soundtrigger: audio_extn_sound_trigger_update_device_status: device 0x2 of type 0 for Event 1
08-04 13:24:01.391 27166 28528 D downloadCompletionThd: downloadCompletionThread was started
08-04 13:24:01.392 27166 27166 D DownloadService: Notification set up
08-04 13:24:01.396 27166 27166 D DownloadService: Received enqueue request
08-04 13:24:01.397 27166 27166 D OnlineFeedViewActivity: onEventMainThread() called with: event = [DownloadEvent{update=DownloaderUpdate{downloaders=[baseline.de.danoeh.antennapod.core.service.download.HttpDownloader@5c087e3], feedIds=[0], mediaIds=[]}}]
08-04 13:24:01.397 27166 27166 D DownloadService: 1 downloads left
08-04 13:24:01.397 27166 27166 D DownloadService: Setting up notification updater
08-04 13:24:01.398   918  4413 D WifiService: acquireWifiLockLocked: WifiLock{Downloader type=1 binder=android.os.BinderProxy@7ace354}
08-04 13:24:01.399 27166 28530 D AntennapodHttpClient: Creating new instance of HTTP client
08-04 13:24:01.408   512  2967 D audio_hw_primary: enable_snd_device: snd_device(2: speaker)
08-04 13:24:01.411   512  2967 D audio_hw_primary: enable_audio_route: apply and update mixer path: low-latency-playback speaker
08-04 13:24:01.451 27166 27179 I art     : Starting a blocking GC Explicit
08-04 13:24:01.465 27166 28530 D MYTAG   : interceptor 3a http://joeroganexp.joerogan.libsynpro.com/rss
08-04 13:24:01.465 27166 28530 I NAPPA_EXPERIMENTATION: MetricNetworkRequestExecutionTime: REQUEST_DURATION_SYSTEM='65',REQUEST_DURATION_OKHTTP='31',REQUEST_SYNCHRONOUS='TRUE',RESPONSE_CODE='200',RESPONSE_METHOD='GET',RESPONSE_LENGTH_OKHTTP='-1',RESPONSE_LENGTH_HEADER='307892',REQUEST_PROTOCOL='http/1.1',REQUEST_URL='http://joeroganexp.joerogan.libsynpro.com/rss',
08-04 13:24:01.465 27166 28530 D HttpDownloader: Response code is 200
08-04 13:24:01.465 27166 28530 D UserPreferences: Using default data folder
08-04 13:24:01.467 27166 28530 D HttpDownloader: Getting size of download
08-04 13:24:01.467 27166 28530 D HttpDownloader: Size is -1
08-04 13:24:01.467 27166 28530 D UserPreferences: Using default data folder
08-04 13:24:01.467 27166 28530 D HttpDownloader: Free space is 20245876736
08-04 13:24:01.467 27166 28530 D HttpDownloader: Starting download
08-04 13:24:01.484 27166 27179 I art     : Explicit concurrent mark sweep GC freed 2648(155KB) AllocSpace objects, 1(20KB) LOS objects, 33% free, 31MB/47MB, paused 896us total 32.808ms
08-04 13:24:01.495 27166 27179 I art     : Starting a blocking GC Explicit
08-04 13:24:01.528 27166 27179 I art     : Explicit concurrent mark sweep GC freed 89(3KB) AllocSpace objects, 0(0B) LOS objects, 33% free, 31MB/47MB, paused 908us total 32.798ms
08-04 13:24:01.539 27166 27179 I art     : Starting a blocking GC Explicit
08-04 13:24:01.572 27166 27179 I art     : Explicit concurrent mark sweep GC freed 11(416B) AllocSpace objects, 0(0B) LOS objects, 33% free, 31MB/47MB, paused 1.017ms total 32.482ms
08-04 13:24:01.579 27166 28530 D HttpDownloader: Download was successful
08-04 13:24:01.580   918  4400 D WifiService: releaseWifiLockLocked: WifiLock{Downloader type=1 binder=android.os.BinderProxy@7ace354}
08-04 13:24:01.580 27166 28528 D downloadCompletionThd: Received 'Download Complete' - message.
08-04 13:24:01.580 27166 28528 D DownloadService: Handling completed Feed Download
08-04 13:24:01.580 27166 27166 D DownloadService: Removing downloader: http://joeroganexp.joerogan.libsynpro.com/rss
08-04 13:24:01.580 27166 27166 D DownloadService: Result of downloads.remove: true
08-04 13:24:01.583 27166 27179 I art     : Starting a blocking GC Explicit
08-04 13:24:01.586 27166 28533 D TypeGetter: Recognized type RSS 2.0
08-04 13:24:01.588 27166 28533 D SyndHandler: Recognized Atom namespace
08-04 13:24:01.588 27166 28533 D SyndHandler: Recognized ITunes namespace
08-04 13:24:01.588 27166 28533 D SyndHandler: Recognized media namespace
08-04 13:24:01.588 27166 28533 D SyndHandler: Recognized Content namespace
08-04 13:24:01.617 27166 27179 I art     : Explicit concurrent mark sweep GC freed 1967(233KB) AllocSpace objects, 2(40KB) LOS objects, 33% free, 31MB/47MB, paused 1.160ms total 33.914ms
08-04 13:24:01.628 27166 27179 I art     : Starting a blocking GC Explicit
08-04 13:24:01.662 27166 27179 I art     : Explicit concurrent mark sweep GC freed 3084(174KB) AllocSpace objects, 1(20KB) LOS objects, 33% free, 31MB/47MB, paused 1.100ms total 34.380ms
08-04 13:24:01.704 13866 13882 I PeriodicStatsRunner: PeriodicStatsRunner.call():175 call()
08-04 13:24:01.704 13866 13882 I PeriodicStatsRunner: PeriodicStatsRunner.call():179 No submit PeriodicStats since input started.
08-04 13:24:01.910 13866 13882 I PeriodicStatsRunner: PeriodicStatsRunner.call():175 call()
08-04 13:24:01.911 13866 13882 I PeriodicStatsRunner: PeriodicStatsRunner.call():179 No submit PeriodicStats since input started.
08-04 13:24:01.918 27166 27178 I art     : Starting a blocking GC Explicit
08-04 13:24:01.949   512  2967 D audio_hw_primary: disable_audio_route: reset and update mixer path: low-latency-playback speaker
08-04 13:24:01.950   512  2967 D audio_hw_primary: disable_snd_device: snd_device(2: speaker)
08-04 13:24:01.960   512  2967 I soundtrigger: audio_extn_sound_trigger_update_device_status: device 0x2 of type 0 for Event 0
08-04 13:24:01.966 27166 27178 I art     : Explicit concurrent mark sweep GC freed 20815(1114KB) AllocSpace objects, 1(20KB) LOS objects, 33% free, 32MB/48MB, paused 1.347ms total 47.942ms
08-04 13:24:01.979 27166 27178 I art     : Starting a blocking GC Explicit
08-04 13:24:01.994 13866 13882 I PeriodicStatsRunner: PeriodicStatsRunner.call():175 call()
08-04 13:24:01.994 13866 13882 I PeriodicStatsRunner: PeriodicStatsRunner.call():179 No submit PeriodicStats since input started.
08-04 13:24:02.016 27166 27178 I art     : Explicit concurrent mark sweep GC freed 8901(426KB) AllocSpace objects, 0(0B) LOS objects, 33% free, 32MB/48MB, paused 1.180ms total 36.601ms
08-04 13:24:02.027 27166 27178 I art     : Starting a blocking GC Explicit
08-04 13:24:02.064 27166 27178 I art     : Explicit concurrent mark sweep GC freed 3714(187KB) AllocSpace objects, 0(0B) LOS objects, 33% free, 32MB/48MB, paused 1.132ms total 36.354ms
08-04 13:24:02.075 27166 27178 I art     : Starting a blocking GC Explicit
08-04 13:24:02.110 27166 27178 I art     : Explicit concurrent mark sweep GC freed 3691(193KB) AllocSpace objects, 0(0B) LOS objects, 33% free, 32MB/48MB, paused 1.011ms total 34.924ms
08-04 13:24:02.121 27166 27178 I art     : Starting a blocking GC Explicit
08-04 13:24:02.159 27166 27178 I art     : Explicit concurrent mark sweep GC freed 3777(193KB) AllocSpace objects, 0(0B) LOS objects, 33% free, 32MB/48MB, paused 1.216ms total 37.203ms
08-04 13:24:02.434 27166 27624 I art     : Starting a blocking GC Explicit
08-04 13:24:02.484 27166 27624 I art     : Explicit concurrent mark sweep GC freed 24408(1289KB) AllocSpace objects, 1(20KB) LOS objects, 32% free, 33MB/49MB, paused 1.310ms total 49.938ms
08-04 13:24:02.498 27166 27624 I art     : Starting a blocking GC Explicit
08-04 13:24:02.539 27166 27624 I art     : Explicit concurrent mark sweep GC freed 9757(467KB) AllocSpace objects, 0(0B) LOS objects, 32% free, 32MB/48MB, paused 1.325ms total 40.780ms
08-04 13:24:02.550 27166 27624 I art     : Starting a blocking GC Explicit
08-04 13:24:02.589 27166 27624 I art     : Explicit concurrent mark sweep GC freed 4519(235KB) AllocSpace objects, 0(0B) LOS objects, 32% free, 33MB/49MB, paused 1.148ms total 38.395ms
08-04 13:24:02.601 27166 27624 I art     : Starting a blocking GC Explicit
08-04 13:24:02.639 27166 27624 I art     : Explicit concurrent mark sweep GC freed 4005(210KB) AllocSpace objects, 0(0B) LOS objects, 32% free, 33MB/49MB, paused 1.182ms total 38.354ms
08-04 13:24:02.651 27166 27624 I art     : Starting a blocking GC Explicit
08-04 13:24:02.690 27166 27624 I art     : Explicit concurrent mark sweep GC freed 3838(209KB) AllocSpace objects, 0(0B) LOS objects, 32% free, 33MB/49MB, paused 1.250ms total 38.667ms
08-04 13:24:02.898 27166 27166 D OnlineFeedViewActivity: onEventMainThread() called with: event = [DownloadEvent{update=DownloaderUpdate{downloaders=[], feedIds=[], mediaIds=[]}}]
08-04 13:24:02.964 27166 27190 I art     : Starting a blocking GC Explicit
08-04 13:24:03.015 27166 27190 I art     : Explicit concurrent mark sweep GC freed 23914(1300KB) AllocSpace objects, 1(20KB) LOS objects, 32% free, 33MB/49MB, paused 1.391ms total 50.822ms
08-04 13:24:03.029 27166 27190 I art     : Starting a blocking GC Explicit
08-04 13:24:03.072 27166 27190 I art     : Explicit concurrent mark sweep GC freed 6849(343KB) AllocSpace objects, 0(0B) LOS objects, 32% free, 33MB/49MB, paused 1.308ms total 42.982ms
08-04 13:24:03.084 27166 27190 I art     : Starting a blocking GC Explicit
08-04 13:24:03.123 27166 27190 I art     : Explicit concurrent mark sweep GC freed 8163(400KB) AllocSpace objects, 0(0B) LOS objects, 32% free, 33MB/49MB, paused 1.179ms total 39.313ms
08-04 13:24:03.135 27166 27190 I art     : Starting a blocking GC Explicit
08-04 13:24:03.177 27166 27190 I art     : Explicit concurrent mark sweep GC freed 4166(232KB) AllocSpace objects, 0(0B) LOS objects, 32% free, 33MB/49MB, paused 1.249ms total 41.573ms
08-04 13:24:03.189 27166 27190 I art     : Starting a blocking GC Explicit
08-04 13:24:03.230 27166 27190 I art     : Explicit concurrent mark sweep GC freed 4043(222KB) AllocSpace objects, 0(0B) LOS objects, 32% free, 33MB/49MB, paused 1.140ms total 40.582ms
08-04 13:24:03.559 27166 27179 I art     : Starting a blocking GC Explicit
08-04 13:24:03.615 27166 27179 I art     : Explicit concurrent mark sweep GC freed 28496(1584KB) AllocSpace objects, 1(20KB) LOS objects, 31% free, 34MB/50MB, paused 1.420ms total 56.126ms
08-04 13:24:03.630 27166 27179 I art     : Starting a blocking GC Explicit
08-04 13:24:03.674 27166 27179 I art     : Explicit concurrent mark sweep GC freed 6056(265KB) AllocSpace objects, 0(0B) LOS objects, 31% free, 34MB/50MB, paused 1.505ms total 44.078ms
08-04 13:24:03.687 27166 27179 I art     : Starting a blocking GC Explicit
08-04 13:24:03.730 27166 27179 I art     : Explicit concurrent mark sweep GC freed 10920(481KB) AllocSpace objects, 0(0B) LOS objects, 31% free, 34MB/50MB, paused 1.702ms total 42.575ms
08-04 13:24:03.742 27166 27179 I art     : Starting a blocking GC Explicit
08-04 13:24:03.786 27166 27179 I art     : Explicit concurrent mark sweep GC freed 4515(190KB) AllocSpace objects, 0(0B) LOS objects, 31% free, 34MB/50MB, paused 1.195ms total 42.880ms
08-04 13:24:03.798 27166 27179 I art     : Starting a blocking GC Explicit
08-04 13:24:03.841 27166 27179 I art     : Explicit concurrent mark sweep GC freed 4578(195KB) AllocSpace objects, 0(0B) LOS objects, 31% free, 34MB/50MB, paused 1.372ms total 42.992ms
08-04 13:24:04.044 27166 28533 D FeedSyncThread: The Joe Rogan Experience parsed
08-04 13:24:04.049 27166 28533 D FeedSyncThread: Deletion of file '/storage/emulated/0/Android/data/baseline.de.danoeh.antennapod.debug/files/cache/feed-The Joe Rogan Experience' successful
08-04 13:24:04.049 27166 28533 D DBReader: getFeedDownloadLog() called with: feed = [baseline.de.danoeh.antennapod.core.feed.Feed@0]
08-04 13:24:04.050 27166 28529 D FeedSyncThread: Bundling 1 feeds
08-04 13:24:04.051 27166 28580 D DBReader: Extracting Feedlist
08-04 13:24:04.052 27166 28580 D DBTasks : Found no existing Feed with title The Joe Rogan Experience. Adding as new one.
08-04 13:24:04.054 24365  7398 I NetworkScheduler.Stats: Task com.google.android.gms/com.google.android.gms.icing.service.IcingGcmTaskService started execution. cause:4 exec_start_elapsed_seconds: 1694047 [CONTEXT service_id=218 ]
08-04 13:24:04.054 27166 28243 D PodDBAdapter: Setting feed with flattr status The Joe Rogan Experience: 0
08-04 13:24:04.055 27166 28243 D baseline.de.danoeh.antennapod.core.storage.PodDBAdapter@1666ccd: Inserting new Feed into db
08-04 13:24:04.066 24365 23406 I NetworkScheduler.Stats: Task com.google.android.gms/com.google.android.gms.icing.service.IcingGcmTaskService finished executing. cause:4 result: 1 elapsed_millis: 38 uptime_millis: 38 exec_start_elapsed_seconds: 1694047 [CONTEXT service_id=218 ]
08-04 13:24:04.135 27166 27624 I art     : Starting a blocking GC Explicit
08-04 13:24:04.190 27166 27624 I art     : Explicit concurrent mark sweep GC freed 55484(3MB) AllocSpace objects, 1(20KB) LOS objects, 31% free, 35MB/51MB, paused 1.152ms total 55.201ms
08-04 13:24:04.204 27166 27624 I art     : Starting a blocking GC Explicit
08-04 13:24:04.249 27166 27624 I art     : Explicit concurrent mark sweep GC freed 21595(1471KB) AllocSpace objects, 0(0B) LOS objects, 31% free, 34MB/50MB, paused 1.089ms total 44.016ms
08-04 13:24:04.262 27166 27624 I art     : Starting a blocking GC Explicit
08-04 13:24:04.306 27166 27624 I art     : Explicit concurrent mark sweep GC freed 16356(1223KB) AllocSpace objects, 0(0B) LOS objects, 31% free, 34MB/50MB, paused 1.101ms total 43.815ms
08-04 13:24:04.320 27166 27624 I art     : Starting a blocking GC Explicit
08-04 13:24:04.369 27166 27624 I art     : Explicit concurrent mark sweep GC freed 16545(1237KB) AllocSpace objects, 0(0B) LOS objects, 31% free, 34MB/50MB, paused 1.215ms total 49.242ms
08-04 13:24:04.383 27166 27624 I art     : Starting a blocking GC Explicit
08-04 13:24:04.400 27166 27166 D OnlineFeedViewActivity: onEventMainThread() called with: event = [DownloadEvent{update=DownloaderUpdate{downloaders=[], feedIds=[], mediaIds=[]}}]
08-04 13:24:04.431 27166 27624 I art     : Explicit concurrent mark sweep GC freed 15776(1182KB) AllocSpace objects, 0(0B) LOS objects, 31% free, 34MB/50MB, paused 1.060ms total 47.435ms
08-04 13:24:04.548 27166 27166 D EventDistributor: Processing event queue. Number of events: 1
08-04 13:24:04.548 27166 27166 D EventDistributor: Notifying observers. Data: 1
08-04 13:24:04.548 27166 27166 D DownloadService: 0 downloads left
08-04 13:24:04.548 27166 27718 D DBReader: Extracting Feedlist
08-04 13:24:04.548 27166 27166 D DownloadService: Number of downloads is 0, attempting shutdown
08-04 13:24:04.550 27166 27166 D DownloadService: Service shutting down
08-04 13:24:04.550 27166 27166 D DownloadService: No report is created
08-04 13:24:04.550 27166 27166 D OnlineFeedViewActivity: onEventMainThread() called with: event = [DownloadEvent{update=DownloaderUpdate{downloaders=[], feedIds=[], mediaIds=[]}}]
08-04 13:24:04.552 27166 28528 E downloadCompletionThd: DownloadCompletionThread was interrupted
08-04 13:24:04.553 27166 27166 D DownloadService: NotificationUpdater cancelled. Result: false
08-04 13:24:04.554 27166 27166 D DBTasks : autodownloadUndownloadedItems
08-04 13:24:04.554 27166 28244 D NetworkUtils: Device is connected to Wi-Fi
08-04 13:24:04.554 27166 28244 D NetworkUtils: Auto-dl filter is disabled
08-04 13:24:04.725 27166 27178 I art     : Starting a blocking GC Explicit
08-04 13:24:04.785 27166 27178 I art     : Explicit concurrent mark sweep GC freed 51124(4MB) AllocSpace objects, 2(40KB) LOS objects, 33% free, 31MB/47MB, paused 956us total 59.929ms
08-04 13:24:04.798 27166 27178 I art     : Starting a blocking GC Explicit
08-04 13:24:04.831 27166 27178 I art     : Explicit concurrent mark sweep GC freed 99(4KB) AllocSpace objects, 0(0B) LOS objects, 33% free, 31MB/47MB, paused 855us total 32.643ms
08-04 13:24:04.841 27166 27178 I art     : Starting a blocking GC Explicit
08-04 13:24:04.879 27166 27178 I art     : Explicit concurrent mark sweep GC freed 3(96B) AllocSpace objects, 0(0B) LOS objects, 33% free, 31MB/47MB, paused 876us total 37.261ms
08-04 13:24:04.891 27166 27178 I art     : Starting a blocking GC Explicit
08-04 13:24:04.928 27166 27178 I art     : Explicit concurrent mark sweep GC freed 3(96B) AllocSpace objects, 0(0B) LOS objects, 33% free, 31MB/47MB, paused 882us total 37.501ms
08-04 13:24:04.940 27166 27178 I art     : Starting a blocking GC Explicit
08-04 13:24:04.979 27166 27178 I art     : Explicit concurrent mark sweep GC freed 3(96B) AllocSpace objects, 0(0B) LOS objects, 33% free, 31MB/47MB, paused 888us total 38.673ms
08-04 13:24:05.303 27166 27624 I art     : Starting a blocking GC Explicit
08-04 13:24:05.353 27166 27624 I art     : Explicit concurrent mark sweep GC freed 1386(82KB) AllocSpace objects, 1(20KB) LOS objects, 33% free, 31MB/47MB, paused 935us total 48.886ms
08-04 13:24:05.369 27166 27624 I art     : Starting a blocking GC Explicit
08-04 13:24:05.407 27166 27624 I art     : Explicit concurrent mark sweep GC freed 23(752B) AllocSpace objects, 0(0B) LOS objects, 33% free, 31MB/47MB, paused 947us total 37.725ms
08-04 13:24:05.419 27166 27624 I art     : Starting a blocking GC Explicit
08-04 13:24:05.457 27166 27624 I art     : Explicit concurrent mark sweep GC freed 3(96B) AllocSpace objects, 0(0B) LOS objects, 33% free, 31MB/47MB, paused 977us total 38.051ms
08-04 13:24:05.469 27166 27624 I art     : Starting a blocking GC Explicit
08-04 13:24:05.509 27166 27624 I art     : Explicit concurrent mark sweep GC freed 32(880B) AllocSpace objects, 0(0B) LOS objects, 33% free, 31MB/47MB, paused 932us total 39.009ms
08-04 13:24:05.509 27166 27177 I art     : WaitForGcToComplete blocked for 16.833ms for cause HeapTrim
08-04 13:24:05.521 27166 27624 I art     : Starting a blocking GC Explicit
08-04 13:24:05.560 27166 27624 I art     : Explicit concurrent mark sweep GC freed 3(96B) AllocSpace objects, 0(0B) LOS objects, 33% free, 31MB/47MB, paused 905us total 38.337ms
08-04 13:24:05.833 27166 27190 I art     : Starting a blocking GC Explicit
08-04 13:24:05.871 27166 27190 I art     : Explicit concurrent mark sweep GC freed 1378(81KB) AllocSpace objects, 1(20KB) LOS objects, 33% free, 31MB/47MB, paused 942us total 38.288ms
08-04 13:24:05.883 27166 27190 I art     : Starting a blocking GC Explicit
08-04 13:24:05.920 27166 27190 I art     : Explicit concurrent mark sweep GC freed 23(752B) AllocSpace objects, 0(0B) LOS objects, 33% free, 31MB/47MB, paused 855us total 36.374ms
08-04 13:24:05.932 27166 27190 I art     : Starting a blocking GC Explicit
08-04 13:24:05.969 27166 27190 I art     : Explicit concurrent mark sweep GC freed 3(96B) AllocSpace objects, 0(0B) LOS objects, 33% free, 31MB/47MB, paused 891us total 36.833ms
08-04 13:24:05.981 27166 27190 I art     : Starting a blocking GC Explicit
08-04 13:24:06.018 27166 27190 I art     : Explicit concurrent mark sweep GC freed 3(96B) AllocSpace objects, 0(0B) LOS objects, 33% free, 31MB/47MB, paused 934us total 36.763ms
08-04 13:24:06.030 27166 27190 I art     : Starting a blocking GC Explicit
08-04 13:24:06.054 28606 28606 D AndroidRuntime: >>>>>> START com.android.internal.os.RuntimeInit uid 2000 <<<<<<
08-04 13:24:06.059 28606 28606 D AndroidRuntime: CheckJNI is OFF
08-04 13:24:06.066 27166 27190 I art     : Explicit concurrent mark sweep GC freed 3(96B) AllocSpace objects, 0(0B) LOS objects, 33% free, 31MB/47MB, paused 950us total 36.510ms
08-04 13:24:06.095 28606 28606 D ICU     : No timezone override file found: /data/misc/zoneinfo/current/icu/icu_tzdata.dat
08-04 13:24:06.127 28606 28606 I Radio-JNI: register_android_hardware_Radio DONE
08-04 13:24:06.148 28606 28606 D AndroidRuntime: Calling main entry com.android.commands.input.Input
08-04 13:24:06.150 28606 28606 I Input   : injectKeyEvent: KeyEvent { action=ACTION_DOWN, keyCode=KEYCODE_BACK, scanCode=0, metaState=0, flags=0x0, repeatCount=0, eventTime=710662563, downTime=710662563, deviceId=-1, source=0x101 }
08-04 13:24:06.156 28606 28606 I Input   : injectKeyEvent: KeyEvent { action=ACTION_UP, keyCode=KEYCODE_BACK, scanCode=0, metaState=0, flags=0x0, repeatCount=0, eventTime=710662563, downTime=710662563, deviceId=-1, source=0x101 }
08-04 13:24:06.163 28606 28606 D AndroidRuntime: Shutting down VM
08-04 13:24:06.167 27166 27166 V PlaybackController: initServiceNotRunning()
08-04 13:24:06.168 27166 27166 D ExternalPlayerFragment: Loading media info
08-04 13:24:06.171 27166 27166 D UserPreferences: Using default data folder
08-04 13:24:06.171 27166 27718 D DBReader: getNavDrawerData() called with: 
08-04 13:24:06.182 27166 27718 D DBReader: getDownloadedItems() called
08-04 13:24:06.183 27166 27718 D DBReader: getFavoriteIDList() called
08-04 13:24:06.183 27166 27718 D DBReader: getQueueIDList() called
08-04 13:24:06.184 27166 27718 D DBReader: Extracting Feedlist
08-04 13:24:06.209 27166 27166 D MainActivity: getLastNavFragment() -> AddFeedFragment
08-04 13:24:06.216 13866 13866 I GoogleInputMethodServic: GoogleInputMethodService.onFinishInput():3138 
08-04 13:24:06.217 27166 28115 D ApOkHttpUrlLoader: buildLoadData() called with: model = [http://static.libsyn.com/p/assets/7/1/f/3/71f3014e14ef2722/JREiTunesImage2.jpg], width = [140], height = [140]
08-04 13:24:06.217 13866 13866 I GoogleInputMethodServic: GoogleInputMethodService.onStartInput():1808 
08-04 13:24:06.248 27166 28115 D ApOkHttpUrlLoader: buildLoadData() called with: model = [http://static.libsyn.com/p/assets/7/1/f/3/71f3014e14ef2722/JREiTunesImage2.jpg], width = [140], height = [140]
08-04 13:24:06.324 27166 27190 I art     : Starting a blocking GC Explicit
08-04 13:24:06.371 27166 27190 I art     : Explicit concurrent mark sweep GC freed 2874(186KB) AllocSpace objects, 1(20KB) LOS objects, 33% free, 31MB/47MB, paused 1.703ms total 47.520ms
08-04 13:24:06.386 27166 27190 I art     : Starting a blocking GC Explicit
08-04 13:24:06.422 27166 27190 I art     : Explicit concurrent mark sweep GC freed 504(26KB) AllocSpace objects, 0(0B) LOS objects, 33% free, 31MB/47MB, paused 817us total 35.934ms
08-04 13:24:06.436 27166 27190 I art     : Starting a blocking GC Explicit
08-04 13:24:06.471 27166 27190 I art     : Explicit concurrent mark sweep GC freed 3(96B) AllocSpace objects, 0(0B) LOS objects, 33% free, 31MB/47MB, paused 756us total 34.655ms
08-04 13:24:06.482 27166 27190 I art     : Starting a blocking GC Explicit
08-04 13:24:06.517 27166 27190 I art     : Explicit concurrent mark sweep GC freed 32(880B) AllocSpace objects, 0(0B) LOS objects, 33% free, 31MB/47MB, paused 876us total 34.800ms
08-04 13:24:06.527   380   380 W SurfaceFlinger: couldn't log to binary event log: overflow.
08-04 13:24:06.529 27166 27190 I art     : Starting a blocking GC Explicit
08-04 13:24:06.564 27166 27190 I art     : Explicit concurrent mark sweep GC freed 637(26KB) AllocSpace objects, 0(0B) LOS objects, 33% free, 31MB/47MB, paused 858us total 34.467ms
08-04 13:24:06.857 27166 27178 I art     : Starting a blocking GC Explicit
08-04 13:24:06.906 27166 27178 I art     : Explicit concurrent mark sweep GC freed 1491(86KB) AllocSpace objects, 1(20KB) LOS objects, 33% free, 31MB/47MB, paused 981us total 49.359ms
08-04 13:24:06.920 27166 27178 I art     : Starting a blocking GC Explicit
08-04 13:24:06.953 27166 27178 I art     : Explicit concurrent mark sweep GC freed 33222(3MB) AllocSpace objects, 2(248KB) LOS objects, 36% free, 28MB/44MB, paused 895us total 32.049ms
08-04 13:24:06.962 27166 27178 I art     : Starting a blocking GC Explicit
08-04 13:24:06.989 27166 27178 I art     : Explicit concurrent mark sweep GC freed 3(96B) AllocSpace objects, 0(0B) LOS objects, 36% free, 28MB/44MB, paused 871us total 27.026ms
08-04 13:24:06.998 27166 27178 I art     : Starting a blocking GC Explicit
08-04 13:24:07.025 27166 27178 I art     : Explicit concurrent mark sweep GC freed 3(96B) AllocSpace objects, 0(0B) LOS objects, 36% free, 28MB/44MB, paused 858us total 26.738ms
08-04 13:24:07.034 27166 27178 I art     : Starting a blocking GC Explicit
08-04 13:24:07.062 27166 27178 I art     : Explicit concurrent mark sweep GC freed 3(96B) AllocSpace objects, 0(0B) LOS objects, 36% free, 28MB/44MB, paused 882us total 27.401ms
08-04 13:24:07.357 27166 27179 I art     : Starting a blocking GC Explicit
08-04 13:24:07.395 27166 27179 I art     : Explicit concurrent mark sweep GC freed 1373(82KB) AllocSpace objects, 1(20KB) LOS objects, 36% free, 28MB/44MB, paused 891us total 37.485ms
08-04 13:24:07.405 27166 27179 I art     : Starting a blocking GC Explicit
08-04 13:24:07.430 27166 27179 I art     : Explicit concurrent mark sweep GC freed 23(752B) AllocSpace objects, 0(0B) LOS objects, 36% free, 28MB/44MB, paused 842us total 24.423ms
08-04 13:24:07.438 27166 27179 I art     : Starting a blocking GC Explicit
08-04 13:24:07.463 27166 27179 I art     : Explicit concurrent mark sweep GC freed 3(96B) AllocSpace objects, 0(0B) LOS objects, 36% free, 28MB/44MB, paused 886us total 24.970ms
08-04 13:24:07.472 27166 27179 I art     : Starting a blocking GC Explicit
08-04 13:24:07.498 27166 27179 I art     : Explicit concurrent mark sweep GC freed 3(96B) AllocSpace objects, 0(0B) LOS objects, 36% free, 28MB/44MB, paused 907us total 25.992ms
08-04 13:24:07.508 27166 27179 I art     : Starting a blocking GC Explicit
08-04 13:24:07.533 27166 27179 I art     : Explicit concurrent mark sweep GC freed 32(880B) AllocSpace objects, 0(0B) LOS objects, 36% free, 28MB/44MB, paused 856us total 25.362ms
08-04 13:24:07.817 27166 27190 I art     : Starting a blocking GC Explicit
08-04 13:24:07.817 28660 28660 D AndroidRuntime: >>>>>> START com.android.internal.os.RuntimeInit uid 2000 <<<<<<
08-04 13:24:07.824 28660 28660 D AndroidRuntime: CheckJNI is OFF
08-04 13:24:07.847 27166 27190 I art     : Explicit concurrent mark sweep GC freed 1379(80KB) AllocSpace objects, 1(20KB) LOS objects, 36% free, 28MB/44MB, paused 948us total 30.137ms
08-04 13:24:07.858 27166 27190 I art     : Starting a blocking GC Explicit
08-04 13:24:07.865 28660 28660 D ICU     : No timezone override file found: /data/misc/zoneinfo/current/icu/icu_tzdata.dat
08-04 13:24:07.884 27166 27190 I art     : Explicit concurrent mark sweep GC freed 27(880B) AllocSpace objects, 0(0B) LOS objects, 36% free, 28MB/44MB, paused 951us total 25.589ms
08-04 13:24:07.893 27166 27190 I art     : Starting a blocking GC Explicit
08-04 13:24:07.898 28660 28660 I Radio-JNI: register_android_hardware_Radio DONE
08-04 13:24:07.918 27166 27190 I art     : Explicit concurrent mark sweep GC freed 7(224B) AllocSpace objects, 0(0B) LOS objects, 36% free, 28MB/44MB, paused 829us total 24.560ms
08-04 13:24:07.921 28660 28660 D AndroidRuntime: Calling main entry com.android.commands.input.Input
08-04 13:24:07.922 28660 28660 I Input   : injectMotionEvent: MotionEvent { action=ACTION_DOWN, actionButton=0, id[0]=0, x[0]=639.0, y[0]=762.0, toolType[0]=TOOL_TYPE_UNKNOWN, buttonState=0, metaState=0, flags=0x0, edgeFlags=0x0, pointerCount=1, historySize=0, eventTime=710664335, downTime=710664335, deviceId=0, source=0x1002 }
08-04 13:24:07.927 27166 27190 I art     : Starting a blocking GC Explicit
08-04 13:24:07.927 28660 28660 I Input   : injectMotionEvent: MotionEvent { action=ACTION_UP, actionButton=0, id[0]=0, x[0]=639.0, y[0]=762.0, toolType[0]=TOOL_TYPE_UNKNOWN, buttonState=0, metaState=0, flags=0x0, edgeFlags=0x0, pointerCount=1, historySize=0, eventTime=710664335, downTime=710664335, deviceId=0, source=0x1002 }
08-04 13:24:07.931 28660 28660 D AndroidRuntime: Shutting down VM
08-04 13:24:07.954 27166 27190 I art     : Explicit concurrent mark sweep GC freed 251(13KB) AllocSpace objects, 0(0B) LOS objects, 36% free, 28MB/44MB, paused 845us total 26.531ms
08-04 13:24:07.963 27166 27190 I art     : Starting a blocking GC Explicit
08-04 13:24:07.986 27166 27190 I art     : Explicit concurrent mark sweep GC freed 11(432B) AllocSpace objects, 0(0B) LOS objects, 36% free, 28MB/44MB, paused 772us total 23.528ms
08-04 13:24:07.997   512  2967 D audio_hw_primary: out_set_parameters: enter: usecase(1: low-latency-playback) kvpairs: routing=2
08-04 13:24:08.009   512  2967 D audio_hw_primary: select_devices: out_snd_device(2: speaker) in_snd_device(0: none)
08-04 13:24:08.009   512  2967 D msm8974_platform: platform_send_audio_calibration: sending audio calibration for snd_device(2) acdb_id(15)
08-04 13:24:08.010   512  2967 I soundtrigger: audio_extn_sound_trigger_update_device_status: device 0x2 of type 0 for Event 1
08-04 13:24:08.016 13866 13866 I GoogleInputMethodServic: GoogleInputMethodService.onFinishInput():3138 
08-04 13:24:08.017 13866 13866 I GoogleInputMethodServic: GoogleInputMethodService.onStartInput():1808 
08-04 13:24:08.020   512  2967 D audio_hw_primary: enable_snd_device: snd_device(2: speaker)
08-04 13:24:08.022   512  2967 D audio_hw_primary: enable_audio_route: apply and update mixer path: low-latency-playback speaker
08-04 13:24:08.225 27166 27193 I NAPPA_EXPERIMENTATION: MetricNetworkRequestExecutionTime: REQUEST_DURATION_SYSTEM='229',REQUEST_DURATION_OKHTTP='228',REQUEST_SYNCHRONOUS='TRUE',RESPONSE_CODE='200',RESPONSE_METHOD='GET',RESPONSE_LENGTH_OKHTTP='-1',RESPONSE_LENGTH_HEADER='622',REQUEST_PROTOCOL='h2',REQUEST_URL='https://itunes.apple.com/lookup?id=360084272',
08-04 13:24:08.246   918  3359 I ActivityManager: START u0 {cmp=baseline.de.danoeh.antennapod.debug/baseline.de.danoeh.antennapod.activity.OnlineFeedViewActivity (has extras)} from uid 10670 on display 0
08-04 13:24:08.247 27166 27190 I art     : Starting a blocking GC Explicit
08-04 13:24:08.269 13866 13866 I GoogleInputMethodServic: GoogleInputMethodService.onFinishInput():3138 
08-04 13:24:08.270 13866 13866 I GoogleInputMethodServic: GoogleInputMethodService.onStartInput():1808 
08-04 13:24:08.276 27166 27190 I art     : Explicit concurrent mark sweep GC freed 2313(140KB) AllocSpace objects, 1(20KB) LOS objects, 36% free, 28MB/44MB, paused 951us total 28.114ms
08-04 13:24:08.287 27166 27190 I art     : Starting a blocking GC Explicit
08-04 13:24:08.297 27166 27166 D UserPreferences: Using default data folder
08-04 13:24:08.299 27166 27166 D OnlineFeedViewActivity: Activity was started with url http://joeroganexp.joerogan.libsynpro.com/rss
08-04 13:24:08.301 27166 27166 D OnlineFeedViewActivity: Starting feed download
08-04 13:24:08.303 27166 27186 D DBReader: Extracting Feedlist
08-04 13:24:08.305   918  3714 D WifiService: acquireWifiLockLocked: WifiLock{Downloader type=1 binder=android.os.BinderProxy@7909233}
08-04 13:24:08.306 27166 27186 D AntennapodHttpClient: Creating new instance of HTTP client
08-04 13:24:08.316 27166 27190 I art     : Explicit concurrent mark sweep GC freed 946(72KB) AllocSpace objects, 0(0B) LOS objects, 36% free, 28MB/44MB, paused 1.153ms total 28.358ms
08-04 13:24:08.326 27166 27190 I art     : Starting a blocking GC Explicit
08-04 13:24:08.340 27166 27186 D MYTAG   : interceptor 3a http://joeroganexp.joerogan.libsynpro.com/rss
08-04 13:24:08.340 27166 27186 I NAPPA_EXPERIMENTATION: MetricNetworkRequestExecutionTime: REQUEST_DURATION_SYSTEM='34',REQUEST_DURATION_OKHTTP='29',REQUEST_SYNCHRONOUS='TRUE',RESPONSE_CODE='200',RESPONSE_METHOD='GET',RESPONSE_LENGTH_OKHTTP='-1',RESPONSE_LENGTH_HEADER='307892',REQUEST_PROTOCOL='http/1.1',REQUEST_URL='http://joeroganexp.joerogan.libsynpro.com/rss',
08-04 13:24:08.340 27166 27186 D HttpDownloader: Response code is 200
08-04 13:24:08.340 27166 27186 D UserPreferences: Using default data folder
08-04 13:24:08.342 27166 27186 D HttpDownloader: Getting size of download
08-04 13:24:08.342 27166 27186 D HttpDownloader: Size is -1
08-04 13:24:08.342 27166 27186 D UserPreferences: Using default data folder
08-04 13:24:08.342 27166 27186 D HttpDownloader: Free space is 20244647936
08-04 13:24:08.342 27166 27186 D HttpDownloader: Starting download
08-04 13:24:08.350 27166 27190 I art     : Explicit concurrent mark sweep GC freed 521(32KB) AllocSpace objects, 0(0B) LOS objects, 36% free, 28MB/44MB, paused 995us total 24.238ms
08-04 13:24:08.359 27166 27190 I art     : Starting a blocking GC Explicit
08-04 13:24:08.374 13866 13866 I GoogleInputMethodServic: GoogleInputMethodService.onFinishInput():3138 
08-04 13:24:08.374 13866 13866 I GoogleInputMethodServic: GoogleInputMethodService.onStartInput():1808 
08-04 13:24:08.386 27166 27190 I art     : Explicit concurrent mark sweep GC freed 152(5KB) AllocSpace objects, 0(0B) LOS objects, 35% free, 28MB/44MB, paused 2.030ms total 26.416ms
08-04 13:24:08.395   918   936 I ActivityManager: Displayed baseline.de.danoeh.antennapod.debug/baseline.de.danoeh.antennapod.activity.OnlineFeedViewActivity: +125ms
08-04 13:24:08.395 27166 27190 I art     : Starting a blocking GC Explicit
08-04 13:24:08.414 27166 27187 D OpenGLRenderer: endAllStagingAnimators on 0x7f7ef9f000 (GridView) with handle 0x7f7954e1c0
08-04 13:24:08.421 27166 27190 I art     : Explicit concurrent mark sweep GC freed 32(1520B) AllocSpace objects, 0(0B) LOS objects, 35% free, 28MB/44MB, paused 885us total 26.164ms
08-04 13:24:08.453 27166 27186 D HttpDownloader: Download was successful
08-04 13:24:08.454   918  3670 D WifiService: releaseWifiLockLocked: WifiLock{Downloader type=1 binder=android.os.BinderProxy@7909233}
08-04 13:24:08.454 27166 27166 D OnlineFeedViewActivity: Parsing feed
08-04 13:24:08.459 27166 28695 D TypeGetter: Recognized type RSS 2.0
08-04 13:24:08.460 27166 28695 D SyndHandler: Recognized Atom namespace
08-04 13:24:08.461 27166 28695 D SyndHandler: Recognized ITunes namespace
08-04 13:24:08.461 27166 28695 D SyndHandler: Recognized media namespace
08-04 13:24:08.461 27166 28695 D SyndHandler: Recognized Content namespace
08-04 13:24:08.570   512  2967 D audio_hw_primary: disable_audio_route: reset and update mixer path: low-latency-playback speaker
08-04 13:24:08.570   512  2967 D audio_hw_primary: disable_snd_device: snd_device(2: speaker)
08-04 13:24:08.580   512  2967 I soundtrigger: audio_extn_sound_trigger_update_device_status: device 0x2 of type 0 for Event 0
08-04 13:24:08.647   380   380 W SurfaceFlinger: couldn't log to binary event log: overflow.
08-04 13:24:08.708 27166 27179 I art     : Starting a blocking GC Explicit
08-04 13:24:08.741 27166 27179 I art     : Explicit concurrent mark sweep GC freed 18371(1135KB) AllocSpace objects, 4(80KB) LOS objects, 35% free, 29MB/45MB, paused 1.340ms total 33.070ms
08-04 13:24:08.751 27166 27179 I art     : Starting a blocking GC Explicit
08-04 13:24:08.781 27166 27179 I art     : Explicit concurrent mark sweep GC freed 5066(249KB) AllocSpace objects, 0(0B) LOS objects, 35% free, 29MB/45MB, paused 1.172ms total 29.495ms
08-04 13:24:08.784 27166 27166 D PlaybackController: Releasing PlaybackController
08-04 13:24:08.790 27166 27179 I art     : Starting a blocking GC Explicit
08-04 13:24:08.819 27166 27179 I art     : Explicit concurrent mark sweep GC freed 5736(275KB) AllocSpace objects, 0(0B) LOS objects, 35% free, 29MB/45MB, paused 1.133ms total 28.544ms
08-04 13:24:08.828 27166 27179 I art     : Starting a blocking GC Explicit
08-04 13:24:08.855 27166 27179 I art     : Explicit concurrent mark sweep GC freed 2928(151KB) AllocSpace objects, 0(0B) LOS objects, 35% free, 29MB/45MB, paused 1.299ms total 27.057ms
08-04 13:24:08.864 27166 27179 I art     : Starting a blocking GC Explicit
08-04 13:24:08.891 27166 27179 I art     : Explicit concurrent mark sweep GC freed 2925(150KB) AllocSpace objects, 0(0B) LOS objects, 35% free, 29MB/45MB, paused 1.171ms total 26.807ms
08-04 13:24:09.163 27166 27178 I art     : Starting a blocking GC Explicit
08-04 13:24:09.199 27166 27178 I art     : Explicit concurrent mark sweep GC freed 23241(1234KB) AllocSpace objects, 1(20KB) LOS objects, 34% free, 29MB/45MB, paused 1.192ms total 35.764ms
08-04 13:24:09.209 27166 27178 I art     : Starting a blocking GC Explicit
08-04 13:24:09.239 27166 27178 I art     : Explicit concurrent mark sweep GC freed 7480(351KB) AllocSpace objects, 0(0B) LOS objects, 35% free, 29MB/45MB, paused 2.084ms total 29.016ms
08-04 13:24:09.248 27166 27178 I art     : Starting a blocking GC Explicit
08-04 13:24:09.276 27166 27178 I art     : Explicit concurrent mark sweep GC freed 4793(237KB) AllocSpace objects, 0(0B) LOS objects, 35% free, 29MB/45MB, paused 1.071ms total 28.159ms
08-04 13:24:09.286 27166 27178 I art     : Starting a blocking GC Explicit
08-04 13:24:09.315 27166 27178 I art     : Explicit concurrent mark sweep GC freed 3077(163KB) AllocSpace objects, 0(0B) LOS objects, 35% free, 29MB/45MB, paused 1.065ms total 28.304ms
08-04 13:24:09.324 27166 27178 I art     : Starting a blocking GC Explicit
08-04 13:24:09.352 27166 27178 I art     : Explicit concurrent mark sweep GC freed 3075(151KB) AllocSpace objects, 0(0B) LOS objects, 35% free, 29MB/45MB, paused 1.082ms total 28.177ms
08-04 13:24:09.622 27166 27178 I art     : Starting a blocking GC Explicit
08-04 13:24:09.662 27166 27178 I art     : Explicit concurrent mark sweep GC freed 22849(1248KB) AllocSpace objects, 1(20KB) LOS objects, 34% free, 30MB/46MB, paused 1.382ms total 39.112ms
08-04 13:24:09.673 27166 27178 I art     : Starting a blocking GC Explicit
08-04 13:24:09.704 27166 27178 I art     : Explicit concurrent mark sweep GC freed 4416(212KB) AllocSpace objects, 0(0B) LOS objects, 34% free, 30MB/46MB, paused 1.441ms total 31.574ms
08-04 13:24:09.714 27166 27178 I art     : Starting a blocking GC Explicit
08-04 13:24:09.746 27166 27178 I art     : Explicit concurrent mark sweep GC freed 8371(401KB) AllocSpace objects, 0(0B) LOS objects, 34% free, 30MB/46MB, paused 1.213ms total 31.214ms
08-04 13:24:09.755 27166 27178 I art     : Starting a blocking GC Explicit
08-04 13:24:09.786 27166 27178 I art     : Explicit concurrent mark sweep GC freed 3317(174KB) AllocSpace objects, 0(0B) LOS objects, 34% free, 30MB/46MB, paused 1.213ms total 30.057ms
08-04 13:24:09.795 27166 27178 I art     : Starting a blocking GC Explicit
08-04 13:24:09.826 27166 27178 I art     : Explicit concurrent mark sweep GC freed 3119(166KB) AllocSpace objects, 0(0B) LOS objects, 34% free, 30MB/46MB, paused 1.220ms total 30.143ms
08-04 13:24:10.139 27166 27624 I art     : Starting a blocking GC Explicit
08-04 13:24:10.179 27166 27624 I art     : Explicit concurrent mark sweep GC freed 26260(1455KB) AllocSpace objects, 1(20KB) LOS objects, 33% free, 31MB/47MB, paused 1.336ms total 39.747ms
08-04 13:24:10.191 27166 27624 I art     : Starting a blocking GC Explicit
08-04 13:24:10.225 27166 27624 I art     : Explicit concurrent mark sweep GC freed 5915(292KB) AllocSpace objects, 0(0B) LOS objects, 33% free, 31MB/47MB, paused 1.418ms total 34.066ms
08-04 13:24:10.235 27166 27624 I art     : Starting a blocking GC Explicit
08-04 13:24:10.267 27166 27624 I art     : Explicit concurrent mark sweep GC freed 8399(400KB) AllocSpace objects, 0(0B) LOS objects, 34% free, 30MB/46MB, paused 1.348ms total 32.068ms
08-04 13:24:10.277 27166 27624 I art     : Starting a blocking GC Explicit
08-04 13:24:10.309 27166 27624 I art     : Explicit concurrent mark sweep GC freed 3304(166KB) AllocSpace objects, 0(0B) LOS objects, 34% free, 30MB/46MB, paused 1.283ms total 31.045ms
08-04 13:24:10.319 27166 27624 I art     : Starting a blocking GC Explicit
08-04 13:24:10.350 27166 27624 I art     : Explicit concurrent mark sweep GC freed 3327(172KB) AllocSpace objects, 0(0B) LOS objects, 34% free, 31MB/47MB, paused 1.167ms total 31.435ms
08-04 13:24:10.660 27166 27624 I art     : Starting a blocking GC Explicit
08-04 13:24:10.703 27166 27624 I art     : Explicit concurrent mark sweep GC freed 27081(1327KB) AllocSpace objects, 1(20KB) LOS objects, 33% free, 31MB/47MB, paused 1.320ms total 43.023ms
08-04 13:24:10.716 27166 27624 I art     : Starting a blocking GC Explicit
08-04 13:24:10.753 27166 27624 I art     : Explicit concurrent mark sweep GC freed 3938(172KB) AllocSpace objects, 0(0B) LOS objects, 33% free, 31MB/47MB, paused 1.479ms total 36.862ms
08-04 13:24:10.763 27166 27624 I art     : Starting a blocking GC Explicit
08-04 13:24:10.798 27166 27624 I art     : Explicit concurrent mark sweep GC freed 11074(502KB) AllocSpace objects, 0(0B) LOS objects, 33% free, 31MB/47MB, paused 1.311ms total 34.338ms
08-04 13:24:10.809 27166 27624 I art     : Starting a blocking GC Explicit
08-04 13:24:10.842 27166 27624 I art     : Explicit concurrent mark sweep GC freed 3611(174KB) AllocSpace objects, 0(0B) LOS objects, 33% free, 31MB/47MB, paused 1.225ms total 32.697ms
08-04 13:24:10.852 27166 27624 I art     : Starting a blocking GC Explicit
08-04 13:24:10.877   518   646 I ThermalEngine: ACTION: GPU - Setting GPU[0] to 450000000
08-04 13:24:10.890 27166 27624 I art     : Explicit concurrent mark sweep GC freed 3509(160KB) AllocSpace objects, 0(0B) LOS objects, 33% free, 31MB/47MB, paused 1.715ms total 37.374ms
08-04 13:24:10.900 27166 28695 D OnlineFeedViewActivity: Deleted feed source file. Result: true
08-04 13:24:10.919 27166 27166 D OnlineFeedViewActivity: Removing HTML from shownotes
08-04 13:24:11.188 27166 27179 I art     : Starting a blocking GC Explicit
08-04 13:24:11.217 13866 13882 I PeriodicStatsRunner: PeriodicStatsRunner.call():175 call()
08-04 13:24:11.217 13866 13882 I PeriodicStatsRunner: PeriodicStatsRunner.call():179 No submit PeriodicStats since input started.
08-04 13:24:11.242 27166 27179 I art     : Explicit concurrent mark sweep GC freed 50542(4MB) AllocSpace objects, 219(14MB) LOS objects, 32% free, 33MB/49MB, paused 1.558ms total 53.164ms
08-04 13:24:11.258 27166 27179 I art     : Starting a blocking GC Explicit
08-04 13:24:11.311 27166 27179 I art     : Explicit concurrent mark sweep GC freed 46853(3MB) AllocSpace objects, 205(13MB) LOS objects, 32% free, 33MB/49MB, paused 1.594ms total 53.375ms
08-04 13:24:11.327 27166 27179 I art     : Starting a blocking GC Explicit
08-04 13:24:11.383 27166 27179 I art     : Explicit concurrent mark sweep GC freed 47880(4MB) AllocSpace objects, 221(14MB) LOS objects, 32% free, 33MB/49MB, paused 1.506ms total 55.450ms
08-04 13:24:11.398 27166 27179 I art     : Starting a blocking GC Explicit
08-04 13:24:11.457 27166 27179 I art     : Explicit concurrent mark sweep GC freed 46192(4MB) AllocSpace objects, 295(19MB) LOS objects, 31% free, 34MB/50MB, paused 1.910ms total 58.303ms
08-04 13:24:11.473 27166 27179 I art     : Starting a blocking GC Explicit
08-04 13:24:11.490 27166 27166 I Choreographer: Skipped 33 frames!  The application may be doing too much work on its main thread.
08-04 13:24:11.522 27166 27179 I art     : Explicit concurrent mark sweep GC freed 18157(1843KB) AllocSpace objects, 104(6MB) LOS objects, 33% free, 31MB/47MB, paused 2.356ms total 48.930ms
08-04 13:24:11.878 27166 27624 I art     : Starting a blocking GC Explicit
08-04 13:24:11.927 27166 27624 I art     : Explicit concurrent mark sweep GC freed 2174(131KB) AllocSpace objects, 3(200KB) LOS objects, 33% free, 31MB/47MB, paused 1.221ms total 48.638ms
08-04 13:24:11.942 27166 27624 I art     : Starting a blocking GC Explicit
08-04 13:24:11.994 27166 27624 I art     : Explicit concurrent mark sweep GC freed 45(1648B) AllocSpace objects, 0(0B) LOS objects, 33% free, 31MB/47MB, paused 1.220ms total 51.037ms
08-04 13:24:12.009 27166 27624 I art     : Starting a blocking GC Explicit
08-04 13:24:12.062 27166 27624 I art     : Explicit concurrent mark sweep GC freed 3(96B) AllocSpace objects, 0(0B) LOS objects, 33% free, 31MB/47MB, paused 1.247ms total 52.829ms
08-04 13:24:12.078 27166 27624 I art     : Starting a blocking GC Explicit
08-04 13:24:12.129 27166 27624 I art     : Explicit concurrent mark sweep GC freed 3(96B) AllocSpace objects, 0(0B) LOS objects, 33% free, 31MB/47MB, paused 1.178ms total 50.777ms
08-04 13:24:12.145 27166 27624 I art     : Starting a blocking GC Explicit
08-04 13:24:12.193 27166 27624 I art     : Explicit concurrent mark sweep GC freed 3(96B) AllocSpace objects, 0(0B) LOS objects, 33% free, 31MB/47MB, paused 1.172ms total 48.203ms
08-04 13:24:12.515 27166 27179 I art     : Starting a blocking GC Explicit
08-04 13:24:12.571 27166 27179 I art     : Explicit concurrent mark sweep GC freed 1401(81KB) AllocSpace objects, 1(20KB) LOS objects, 33% free, 31MB/47MB, paused 1.242ms total 56.385ms
08-04 13:24:12.586 27166 27179 I art     : Starting a blocking GC Explicit
08-04 13:24:12.634 27166 27179 I art     : Explicit concurrent mark sweep GC freed 23(752B) AllocSpace objects, 0(0B) LOS objects, 33% free, 31MB/47MB, paused 1.254ms total 47.234ms
08-04 13:24:12.649 27166 27179 I art     : Starting a blocking GC Explicit
08-04 13:24:12.698 27166 27179 I art     : Explicit concurrent mark sweep GC freed 3(96B) AllocSpace objects, 0(0B) LOS objects, 33% free, 31MB/47MB, paused 1.341ms total 48.573ms
08-04 13:24:12.713 27166 27179 I art     : Starting a blocking GC Explicit
08-04 13:24:12.735 28767 28767 D AndroidRuntime: >>>>>> START com.android.internal.os.RuntimeInit uid 2000 <<<<<<
08-04 13:24:12.741 28767 28767 D AndroidRuntime: CheckJNI is OFF
08-04 13:24:12.761 27166 27179 I art     : Explicit concurrent mark sweep GC freed 3(96B) AllocSpace objects, 0(0B) LOS objects, 33% free, 31MB/47MB, paused 1.229ms total 47.715ms
08-04 13:24:12.776 27166 27179 I art     : Starting a blocking GC Explicit
08-04 13:24:12.789 28767 28767 D ICU     : No timezone override file found: /data/misc/zoneinfo/current/icu/icu_tzdata.dat
08-04 13:24:12.824 27166 27179 I art     : Explicit concurrent mark sweep GC freed 3(96B) AllocSpace objects, 0(0B) LOS objects, 33% free, 31MB/47MB, paused 1.255ms total 47.609ms
08-04 13:24:12.836 28767 28767 I Radio-JNI: register_android_hardware_Radio DONE
08-04 13:24:12.865 28767 28767 D AndroidRuntime: Calling main entry com.android.commands.input.Input
08-04 13:24:12.867 28767 28767 I Input   : injectKeyEvent: KeyEvent { action=ACTION_DOWN, keyCode=KEYCODE_BACK, scanCode=0, metaState=0, flags=0x0, repeatCount=0, eventTime=710669280, downTime=710669280, deviceId=-1, source=0x101 }
08-04 13:24:12.874 28767 28767 I Input   : injectKeyEvent: KeyEvent { action=ACTION_UP, keyCode=KEYCODE_BACK, scanCode=0, metaState=0, flags=0x0, repeatCount=0, eventTime=710669280, downTime=710669280, deviceId=-1, source=0x101 }
08-04 13:24:12.881 28767 28767 D AndroidRuntime: Shutting down VM
08-04 13:24:12.884 27166 27166 V PlaybackController: initServiceNotRunning()
08-04 13:24:12.884 27166 27166 D ExternalPlayerFragment: Loading media info
08-04 13:24:12.890 27166 27166 D UserPreferences: Using default data folder
08-04 13:24:12.890 27166 27186 D DBReader: getNavDrawerData() called with: 
08-04 13:24:12.903 27166 27186 D DBReader: getDownloadedItems() called
08-04 13:24:12.904 27166 27186 D DBReader: getFavoriteIDList() called
08-04 13:24:12.905 27166 27186 D DBReader: getQueueIDList() called
08-04 13:24:12.905 27166 27186 D DBReader: Extracting Feedlist
08-04 13:24:12.925 13866 13866 I GoogleInputMethodServic: GoogleInputMethodService.onFinishInput():3138 
08-04 13:24:12.925 27166 27166 D MainActivity: getLastNavFragment() -> AddFeedFragment
08-04 13:24:12.926 13866 13866 I GoogleInputMethodServic: GoogleInputMethodService.onStartInput():1808 
08-04 13:24:13.017 13866 13882 I PeriodicStatsRunner: PeriodicStatsRunner.call():175 call()
08-04 13:24:13.017 13866 13882 I PeriodicStatsRunner: PeriodicStatsRunner.call():179 No submit PeriodicStats since input started.
08-04 13:24:13.123 27166 27624 I art     : Starting a blocking GC Explicit
08-04 13:24:13.181 27166 27624 I art     : Explicit concurrent mark sweep GC freed 2481(152KB) AllocSpace objects, 1(20KB) LOS objects, 33% free, 31MB/47MB, paused 1.369ms total 57.814ms
08-04 13:24:13.200 27166 27624 I art     : Starting a blocking GC Explicit
08-04 13:24:13.245 27166 27624 I art     : Explicit concurrent mark sweep GC freed 452(24KB) AllocSpace objects, 0(0B) LOS objects, 33% free, 31MB/47MB, paused 1.054ms total 44.984ms
08-04 13:24:13.251   380   380 W SurfaceFlinger: couldn't log to binary event log: overflow.
08-04 13:24:13.260 27166 27624 I art     : Starting a blocking GC Explicit
08-04 13:24:13.270 13866 13882 I PeriodicStatsRunner: PeriodicStatsRunner.call():175 call()
08-04 13:24:13.270 13866 13882 I PeriodicStatsRunner: PeriodicStatsRunner.call():179 No submit PeriodicStats since input started.
08-04 13:24:13.302 27166 27624 I art     : Explicit concurrent mark sweep GC freed 600(25KB) AllocSpace objects, 0(0B) LOS objects, 33% free, 31MB/47MB, paused 1.160ms total 42.148ms
08-04 13:24:13.316 27166 27624 I art     : Starting a blocking GC Explicit
08-04 13:24:13.353 27166 27624 I art     : Explicit concurrent mark sweep GC freed 33265(3MB) AllocSpace objects, 1(28KB) LOS objects, 36% free, 28MB/44MB, paused 1.247ms total 36.307ms
08-04 13:24:13.365 27166 27624 I art     : Starting a blocking GC Explicit
08-04 13:24:13.374 13866 13882 I PeriodicStatsRunner: PeriodicStatsRunner.call():175 call()
08-04 13:24:13.375 13866 13882 I PeriodicStatsRunner: PeriodicStatsRunner.call():179 No submit PeriodicStats since input started.
08-04 13:24:13.398 27166 27624 I art     : Explicit concurrent mark sweep GC freed 3(96B) AllocSpace objects, 0(0B) LOS objects, 36% free, 28MB/44MB, paused 1.184ms total 33.391ms
08-04 13:24:13.714 27166 27179 I art     : Starting a blocking GC Explicit
08-04 13:24:13.763 27166 27179 I art     : Explicit concurrent mark sweep GC freed 1402(81KB) AllocSpace objects, 1(20KB) LOS objects, 36% free, 28MB/44MB, paused 1.333ms total 48.956ms
08-04 13:24:13.780 27166 27179 I art     : Starting a blocking GC Explicit
08-04 13:24:13.815 27166 27179 I art     : Explicit concurrent mark sweep GC freed 23(752B) AllocSpace objects, 0(0B) LOS objects, 36% free, 28MB/44MB, paused 1.201ms total 35.286ms
08-04 13:24:13.827 27166 27179 I art     : Starting a blocking GC Explicit
08-04 13:24:13.863 27166 27179 I art     : Explicit concurrent mark sweep GC freed 3(96B) AllocSpace objects, 0(0B) LOS objects, 36% free, 28MB/44MB, paused 1.189ms total 34.753ms
08-04 13:24:13.874 27166 27179 I art     : Starting a blocking GC Explicit
08-04 13:24:13.881   518   646 I ThermalEngine: ACTION: GPU - Setting GPU[0] to 510000000
08-04 13:24:13.908 27166 27179 I art     : Explicit concurrent mark sweep GC freed 3(96B) AllocSpace objects, 0(0B) LOS objects, 36% free, 28MB/44MB, paused 1.208ms total 33.559ms
08-04 13:24:13.919 27166 27179 I art     : Starting a blocking GC Explicit
08-04 13:24:13.947 27166 27179 I art     : Explicit concurrent mark sweep GC freed 3(96B) AllocSpace objects, 0(0B) LOS objects, 36% free, 28MB/44MB, paused 958us total 27.851ms
08-04 13:24:14.233 27166 27190 I art     : Starting a blocking GC Explicit
08-04 13:24:14.267 27166 27190 I art     : Explicit concurrent mark sweep GC freed 1374(82KB) AllocSpace objects, 1(20KB) LOS objects, 36% free, 28MB/44MB, paused 923us total 32.776ms
08-04 13:24:14.276 27166 27190 I art     : Starting a blocking GC Explicit
08-04 13:24:14.304 27166 27190 I art     : Explicit concurrent mark sweep GC freed 23(752B) AllocSpace objects, 0(0B) LOS objects, 36% free, 28MB/44MB, paused 912us total 27.778ms
08-04 13:24:14.313 27166 27190 I art     : Starting a blocking GC Explicit
08-04 13:24:14.339 27166 27190 I art     : Explicit concurrent mark sweep GC freed 3(96B) AllocSpace objects, 0(0B) LOS objects, 36% free, 28MB/44MB, paused 910us total 26.086ms
08-04 13:24:14.348 27166 27190 I art     : Starting a blocking GC Explicit
08-04 13:24:14.374 27166 27190 I art     : Explicit concurrent mark sweep GC freed 3(96B) AllocSpace objects, 0(0B) LOS objects, 36% free, 28MB/44MB, paused 909us total 25.889ms
08-04 13:24:14.383 27166 27190 I art     : Starting a blocking GC Explicit
08-04 13:24:14.410 27166 27190 I art     : Explicit concurrent mark sweep GC freed 3(96B) AllocSpace objects, 0(0B) LOS objects, 36% free, 28MB/44MB, paused 889us total 26.183ms
08-04 13:24:14.570 28812 28812 D AndroidRuntime: >>>>>> START com.android.internal.os.RuntimeInit uid 2000 <<<<<<
08-04 13:24:14.575 28812 28812 D AndroidRuntime: CheckJNI is OFF
08-04 13:24:14.606 28812 28812 D ICU     : No timezone override file found: /data/misc/zoneinfo/current/icu/icu_tzdata.dat
08-04 13:24:14.636 28812 28812 I Radio-JNI: register_android_hardware_Radio DONE
08-04 13:24:14.657 28812 28812 D AndroidRuntime: Calling main entry com.android.commands.input.Input
08-04 13:24:14.658 28812 28812 I Input   : injectMotionEvent: MotionEvent { action=ACTION_DOWN, actionButton=0, id[0]=0, x[0]=616.0, y[0]=469.0, toolType[0]=TOOL_TYPE_UNKNOWN, buttonState=0, metaState=0, flags=0x0, edgeFlags=0x0, pointerCount=1, historySize=0, eventTime=710671071, downTime=710671071, deviceId=0, source=0x1002 }
08-04 13:24:14.664 28812 28812 I Input   : injectMotionEvent: MotionEvent { action=ACTION_UP, actionButton=0, id[0]=0, x[0]=616.0, y[0]=469.0, toolType[0]=TOOL_TYPE_UNKNOWN, buttonState=0, metaState=0, flags=0x0, edgeFlags=0x0, pointerCount=1, historySize=0, eventTime=710671071, downTime=710671071, deviceId=0, source=0x1002 }
08-04 13:24:14.665 28812 28812 D AndroidRuntime: Shutting down VM
08-04 13:24:14.697 27166 27190 I art     : Starting a blocking GC Explicit
08-04 13:24:14.722 27166 27190 I art     : Explicit concurrent mark sweep GC freed 1468(83KB) AllocSpace objects, 1(20KB) LOS objects, 36% free, 28MB/44MB, paused 861us total 24.829ms
08-04 13:24:14.731 27166 27190 I art     : Starting a blocking GC Explicit
08-04 13:24:14.739   512  2967 D audio_hw_primary: out_set_parameters: enter: usecase(1: low-latency-playback) kvpairs: routing=2
08-04 13:24:14.752   512  2967 D audio_hw_primary: select_devices: out_snd_device(2: speaker) in_snd_device(0: none)
08-04 13:24:14.752   512  2967 D msm8974_platform: platform_send_audio_calibration: sending audio calibration for snd_device(2) acdb_id(15)
08-04 13:24:14.752   512  2967 I soundtrigger: audio_extn_sound_trigger_update_device_status: device 0x2 of type 0 for Event 1
08-04 13:24:14.757 27166 27190 I art     : Explicit concurrent mark sweep GC freed 200(8KB) AllocSpace objects, 0(0B) LOS objects, 36% free, 28MB/44MB, paused 1.069ms total 25.763ms
08-04 13:24:14.758 13866 13866 I GoogleInputMethodServic: GoogleInputMethodService.onFinishInput():3138 
08-04 13:24:14.759 13866 13866 I GoogleInputMethodServic: GoogleInputMethodService.onStartInput():1808 
08-04 13:24:14.761   512  2967 D audio_hw_primary: enable_snd_device: snd_device(2: speaker)
08-04 13:24:14.763   512  2967 D audio_hw_primary: enable_audio_route: apply and update mixer path: low-latency-playback speaker
08-04 13:24:14.765 27166 27190 I art     : Starting a blocking GC Explicit
08-04 13:24:14.789 27166 27190 I art     : Explicit concurrent mark sweep GC freed 51(2208B) AllocSpace objects, 0(0B) LOS objects, 36% free, 28MB/44MB, paused 848us total 23.789ms
08-04 13:24:14.798 27166 27190 I art     : Starting a blocking GC Explicit
08-04 13:24:14.823 27166 27190 I art     : Explicit concurrent mark sweep GC freed 17(608B) AllocSpace objects, 0(0B) LOS objects, 36% free, 28MB/44MB, paused 880us total 24.754ms
08-04 13:24:14.832 27166 27190 I art     : Starting a blocking GC Explicit
08-04 13:24:14.857 27166 27190 I art     : Explicit concurrent mark sweep GC freed 13(480B) AllocSpace objects, 0(0B) LOS objects, 36% free, 28MB/44MB, paused 952us total 25.113ms
08-04 13:24:14.980 27166 27718 I NAPPA_EXPERIMENTATION: MetricNetworkRequestExecutionTime: REQUEST_DURATION_SYSTEM='240',REQUEST_DURATION_OKHTTP='240',REQUEST_SYNCHRONOUS='TRUE',RESPONSE_CODE='200',RESPONSE_METHOD='GET',RESPONSE_LENGTH_OKHTTP='-1',RESPONSE_LENGTH_HEADER='628',REQUEST_PROTOCOL='h2',REQUEST_URL='https://itunes.apple.com/lookup?id=1524080195',
08-04 13:24:14.989   918  6110 I ActivityManager: START u0 {cmp=baseline.de.danoeh.antennapod.debug/baseline.de.danoeh.antennapod.activity.OnlineFeedViewActivity (has extras)} from uid 10670 on display 0
08-04 13:24:15.011 13866 13866 I GoogleInputMethodServic: GoogleInputMethodService.onFinishInput():3138 
08-04 13:24:15.012 13866 13866 I GoogleInputMethodServic: GoogleInputMethodService.onStartInput():1808 
08-04 13:24:15.033 27166 27166 D UserPreferences: Using default data folder
08-04 13:24:15.034 27166 27166 D OnlineFeedViewActivity: Activity was started with url https://rss.art19.com/nice-white-parents
08-04 13:24:15.035 27166 27166 D OnlineFeedViewActivity: Starting feed download
08-04 13:24:15.038 27166 27193 D DBReader: Extracting Feedlist
08-04 13:24:15.040   918  3359 D WifiService: acquireWifiLockLocked: WifiLock{Downloader type=1 binder=android.os.BinderProxy@bbc5238}
08-04 13:24:15.041 27166 27193 D AntennapodHttpClient: Creating new instance of HTTP client
08-04 13:24:15.098 13866 13866 I GoogleInputMethodServic: GoogleInputMethodService.onFinishInput():3138 
08-04 13:24:15.099 13866 13866 I GoogleInputMethodServic: GoogleInputMethodService.onStartInput():1808 
08-04 13:24:15.113 27166 27179 I art     : Starting a blocking GC Explicit
08-04 13:24:15.119   918   936 I ActivityManager: Displayed baseline.de.danoeh.antennapod.debug/baseline.de.danoeh.antennapod.activity.OnlineFeedViewActivity: +107ms
08-04 13:24:15.144 27166 27179 I art     : Explicit concurrent mark sweep GC freed 3205(211KB) AllocSpace objects, 1(20KB) LOS objects, 35% free, 28MB/44MB, paused 1.476ms total 30.319ms
08-04 13:24:15.157 27166 27179 I art     : Starting a blocking GC Explicit
08-04 13:24:15.185 27166 27179 I art     : Explicit concurrent mark sweep GC freed 4750(224KB) AllocSpace objects, 2(120KB) LOS objects, 35% free, 28MB/44MB, paused 993us total 27.221ms
08-04 13:24:15.194 27166 27179 I art     : Starting a blocking GC Explicit
08-04 13:24:15.221 27166 27179 I art     : Explicit concurrent mark sweep GC freed 972(117KB) AllocSpace objects, 1(80KB) LOS objects, 35% free, 28MB/44MB, paused 960us total 26.620ms
08-04 13:24:15.229 27166 27179 I art     : Starting a blocking GC Explicit
08-04 13:24:15.258 27166 27179 I art     : Explicit concurrent mark sweep GC freed 35(1584B) AllocSpace objects, 0(0B) LOS objects, 35% free, 28MB/44MB, paused 1.085ms total 28.182ms
08-04 13:24:15.268 27166 27179 I art     : Starting a blocking GC Explicit
08-04 13:24:15.299 27166 27179 I art     : Explicit concurrent mark sweep GC freed 3(96B) AllocSpace objects, 0(0B) LOS objects, 35% free, 28MB/44MB, paused 1.188ms total 30.715ms
08-04 13:24:15.299   512  2967 D audio_hw_primary: disable_audio_route: reset and update mixer path: low-latency-playback speaker
08-04 13:24:15.301   512  2967 D audio_hw_primary: disable_snd_device: snd_device(2: speaker)
08-04 13:24:15.310   512  2967 I soundtrigger: audio_extn_sound_trigger_update_device_status: device 0x2 of type 0 for Event 0
08-04 13:24:15.324 27166 27193 D MYTAG   : interceptor 3a https://rss.art19.com/nice-white-parents
08-04 13:24:15.325 27166 27193 I NAPPA_EXPERIMENTATION: MetricNetworkRequestExecutionTime: REQUEST_DURATION_SYSTEM='282',REQUEST_DURATION_OKHTTP='145',REQUEST_SYNCHRONOUS='TRUE',RESPONSE_CODE='200',RESPONSE_METHOD='GET',RESPONSE_LENGTH_OKHTTP='-1',RESPONSE_LENGTH_HEADER='1803',REQUEST_PROTOCOL='h2',REQUEST_URL='https://rss.art19.com/nice-white-parents',
08-04 13:24:15.325 27166 27193 D HttpDownloader: Response code is 200
08-04 13:24:15.325 27166 27193 D UserPreferences: Using default data folder
08-04 13:24:15.327 27166 27193 D HttpDownloader: Getting size of download
08-04 13:24:15.327 27166 27193 D HttpDownloader: Size is -1
08-04 13:24:15.327 27166 27193 D UserPreferences: Using default data folder
08-04 13:24:15.327 27166 27193 D HttpDownloader: Free space is 20244643840
08-04 13:24:15.327 27166 27193 D HttpDownloader: Starting download
08-04 13:24:15.331 27166 27193 D HttpDownloader: Download was successful
08-04 13:24:15.332   918  3359 D WifiService: releaseWifiLockLocked: WifiLock{Downloader type=1 binder=android.os.BinderProxy@bbc5238}
08-04 13:24:15.332 27166 27166 D OnlineFeedViewActivity: Parsing feed
08-04 13:24:15.336 27166 28856 D TypeGetter: Recognized type RSS 2.0
08-04 13:24:15.339 27166 28856 D SyndHandler: Recognized ITunes namespace
08-04 13:24:15.340 27166 28856 D SyndHandler: Recognized Atom namespace
08-04 13:24:15.340 27166 28856 D SyndHandler: Recognized Content namespace
08-04 13:24:15.350 27166 28856 D OnlineFeedViewActivity: Deleted feed source file. Result: true
08-04 13:24:15.351 27166 27166 D OnlineFeedViewActivity: Removing HTML from shownotes
08-04 13:24:15.371   380   380 W SurfaceFlinger: couldn't log to binary event log: overflow.
08-04 13:24:15.493 27166 27166 D PlaybackController: Releasing PlaybackController
08-04 13:24:15.583 27166 27179 I art     : Starting a blocking GC Explicit
08-04 13:24:15.615 27166 27179 I art     : Explicit concurrent mark sweep GC freed 3742(379KB) AllocSpace objects, 5(148KB) LOS objects, 35% free, 28MB/44MB, paused 981us total 31.908ms
08-04 13:24:15.629 27166 27179 I art     : Starting a blocking GC Explicit
08-04 13:24:15.657 27166 27179 I art     : Explicit concurrent mark sweep GC freed 657(31KB) AllocSpace objects, 1(112KB) LOS objects, 35% free, 28MB/44MB, paused 1.003ms total 28.159ms
08-04 13:24:15.666 27166 27179 I art     : Starting a blocking GC Explicit
08-04 13:24:15.695 27166 27179 I art     : Explicit concurrent mark sweep GC freed 3(96B) AllocSpace objects, 0(0B) LOS objects, 35% free, 28MB/44MB, paused 961us total 28.568ms
08-04 13:24:15.704 27166 27179 I art     : Starting a blocking GC Explicit
08-04 13:24:15.733 27166 27179 I art     : Explicit concurrent mark sweep GC freed 3(96B) AllocSpace objects, 0(0B) LOS objects, 35% free, 28MB/44MB, paused 953us total 28.771ms
08-04 13:24:15.734 27166 27177 I art     : WaitForGcToComplete blocked for 29.049ms for cause HeapTrim
08-04 13:24:15.743 27166 27179 I art     : Starting a blocking GC Explicit
08-04 13:24:15.772 27166 27179 I art     : Explicit concurrent mark sweep GC freed 3(96B) AllocSpace objects, 0(0B) LOS objects, 35% free, 28MB/44MB, paused 945us total 29.008ms
08-04 13:24:16.055 27166 27178 I art     : Starting a blocking GC Explicit
08-04 13:24:16.091 27166 27178 I art     : Explicit concurrent mark sweep GC freed 1375(82KB) AllocSpace objects, 1(20KB) LOS objects, 35% free, 28MB/44MB, paused 1.277ms total 35.874ms
08-04 13:24:16.103 27166 27178 I art     : Starting a blocking GC Explicit
08-04 13:24:16.133 27166 27178 I art     : Explicit concurrent mark sweep GC freed 23(752B) AllocSpace objects, 0(0B) LOS objects, 35% free, 28MB/44MB, paused 1.037ms total 29.770ms
08-04 13:24:16.143 27166 27178 I art     : Starting a blocking GC Explicit
08-04 13:24:16.172 27166 27178 I art     : Explicit concurrent mark sweep GC freed 3(96B) AllocSpace objects, 0(0B) LOS objects, 35% free, 28MB/44MB, paused 945us total 29.057ms
08-04 13:24:16.182 27166 27178 I art     : Starting a blocking GC Explicit
08-04 13:24:16.212 27166 27178 I art     : Explicit concurrent mark sweep GC freed 3(96B) AllocSpace objects, 0(0B) LOS objects, 35% free, 28MB/44MB, paused 961us total 29.842ms
08-04 13:24:16.222 27166 27178 I art     : Starting a blocking GC Explicit
08-04 13:24:16.252 27166 27178 I art     : Explicit concurrent mark sweep GC freed 3(96B) AllocSpace objects, 0(0B) LOS objects, 35% free, 28MB/44MB, paused 971us total 29.637ms
08-04 13:24:16.586 27166 27624 I art     : Starting a blocking GC Explicit
08-04 13:24:16.631 27166 27624 I art     : Explicit concurrent mark sweep GC freed 1401(81KB) AllocSpace objects, 1(20KB) LOS objects, 35% free, 28MB/44MB, paused 1.011ms total 44.458ms
08-04 13:24:16.644 27166 27624 I art     : Starting a blocking GC Explicit
08-04 13:24:16.677 27166 27624 I art     : Explicit concurrent mark sweep GC freed 23(752B) AllocSpace objects, 0(0B) LOS objects, 35% free, 28MB/44MB, paused 1.104ms total 31.931ms
08-04 13:24:16.686 27166 27624 I art     : Starting a blocking GC Explicit
08-04 13:24:16.716 27166 27624 I art     : Explicit concurrent mark sweep GC freed 3(96B) AllocSpace objects, 0(0B) LOS objects, 35% free, 28MB/44MB, paused 960us total 29.830ms
08-04 13:24:16.726 27166 27624 I art     : Starting a blocking GC Explicit
08-04 13:24:16.755 27166 27624 I art     : Explicit concurrent mark sweep GC freed 3(96B) AllocSpace objects, 0(0B) LOS objects, 35% free, 28MB/44MB, paused 959us total 29.161ms
08-04 13:24:16.765 27166 27624 I art     : Starting a blocking GC Explicit
08-04 13:24:16.795 27166 27624 I art     : Explicit concurrent mark sweep GC freed 3(96B) AllocSpace objects, 0(0B) LOS objects, 35% free, 28MB/44MB, paused 1.054ms total 29.131ms
08-04 13:24:17.131 27166 27624 I art     : Starting a blocking GC Explicit
08-04 13:24:17.159 27166 27624 I art     : Explicit concurrent mark sweep GC freed 1394(81KB) AllocSpace objects, 1(20KB) LOS objects, 35% free, 28MB/44MB, paused 1.268ms total 28.248ms
08-04 13:24:17.169 27166 27624 I art     : Starting a blocking GC Explicit
08-04 13:24:17.195 27166 27624 I art     : Explicit concurrent mark sweep GC freed 28(912B) AllocSpace objects, 0(0B) LOS objects, 35% free, 28MB/44MB, paused 975us total 26.047ms
08-04 13:24:17.204 27166 27624 I art     : Starting a blocking GC Explicit
08-04 13:24:17.230 27166 27624 I art     : Explicit concurrent mark sweep GC freed 6(192B) AllocSpace objects, 0(0B) LOS objects, 35% free, 28MB/44MB, paused 849us total 25.413ms
08-04 13:24:17.239 27166 27624 I art     : Starting a blocking GC Explicit
08-04 13:24:17.267 27166 27624 I art     : Explicit concurrent mark sweep GC freed 3(96B) AllocSpace objects, 0(0B) LOS objects, 35% free, 28MB/44MB, paused 977us total 27.049ms
08-04 13:24:17.276 27166 27624 I art     : Starting a blocking GC Explicit
08-04 13:24:17.303 27166 27624 I art     : Explicit concurrent mark sweep GC freed 3(96B) AllocSpace objects, 0(0B) LOS objects, 35% free, 28MB/44MB, paused 949us total 26.996ms
08-04 13:24:17.620 27166 27178 I art     : Starting a blocking GC Explicit
08-04 13:24:17.657 27166 27178 I art     : Explicit concurrent mark sweep GC freed 1401(81KB) AllocSpace objects, 1(20KB) LOS objects, 35% free, 28MB/44MB, paused 1.019ms total 36.980ms
08-04 13:24:17.670 27166 27178 I art     : Starting a blocking GC Explicit
08-04 13:24:17.700 27166 27178 I art     : Explicit concurrent mark sweep GC freed 23(752B) AllocSpace objects, 0(0B) LOS objects, 35% free, 28MB/44MB, paused 1.059ms total 30.087ms
08-04 13:24:17.710 27166 27178 I art     : Starting a blocking GC Explicit
08-04 13:24:17.740 27166 27178 I art     : Explicit concurrent mark sweep GC freed 3(96B) AllocSpace objects, 0(0B) LOS objects, 35% free, 28MB/44MB, paused 951us total 29.761ms
08-04 13:24:17.750 27166 27178 I art     : Starting a blocking GC Explicit
08-04 13:24:17.780 27166 27178 I art     : Explicit concurrent mark sweep GC freed 3(96B) AllocSpace objects, 0(0B) LOS objects, 35% free, 28MB/44MB, paused 939us total 29.973ms
08-04 13:24:17.790 27166 27178 I art     : Starting a blocking GC Explicit
08-04 13:24:17.820 27166 27178 I art     : Explicit concurrent mark sweep GC freed 3(96B) AllocSpace objects, 0(0B) LOS objects, 35% free, 28MB/44MB, paused 950us total 29.992ms
08-04 13:24:17.926 13866 13882 I PeriodicStatsRunner: PeriodicStatsRunner.call():175 call()
08-04 13:24:17.926 13866 13882 I PeriodicStatsRunner: PeriodicStatsRunner.call():179 No submit PeriodicStats since input started.
08-04 13:24:18.152 27166 27179 I art     : Starting a blocking GC Explicit
08-04 13:24:18.195 27166 27179 I art     : Explicit concurrent mark sweep GC freed 1372(80KB) AllocSpace objects, 1(20KB) LOS objects, 35% free, 28MB/44MB, paused 1.139ms total 42.940ms
08-04 13:24:18.205 27166 27179 I art     : Starting a blocking GC Explicit
08-04 13:24:18.234 27166 27179 I art     : Explicit concurrent mark sweep GC freed 23(752B) AllocSpace objects, 0(0B) LOS objects, 35% free, 28MB/44MB, paused 886us total 29.428ms
08-04 13:24:18.244 27166 27179 I art     : Starting a blocking GC Explicit
08-04 13:24:18.273 27166 27179 I art     : Explicit concurrent mark sweep GC freed 3(96B) AllocSpace objects, 0(0B) LOS objects, 35% free, 28MB/44MB, paused 964us total 28.866ms
08-04 13:24:18.283 27166 27179 I art     : Starting a blocking GC Explicit
08-04 13:24:18.312 27166 27179 I art     : Explicit concurrent mark sweep GC freed 3(96B) AllocSpace objects, 0(0B) LOS objects, 35% free, 28MB/44MB, paused 967us total 29.705ms
08-04 13:24:18.322 27166 27179 I art     : Starting a blocking GC Explicit
08-04 13:24:18.351 27166 27179 I art     : Explicit concurrent mark sweep GC freed 3(96B) AllocSpace objects, 0(0B) LOS objects, 35% free, 28MB/44MB, paused 931us total 29.131ms
08-04 13:24:18.666 27166 27190 I art     : Starting a blocking GC Explicit
08-04 13:24:18.705 27166 27190 I art     : Explicit concurrent mark sweep GC freed 1402(83KB) AllocSpace objects, 1(20KB) LOS objects, 35% free, 28MB/44MB, paused 1.287ms total 37.684ms
08-04 13:24:18.718 27166 27190 I art     : Starting a blocking GC Explicit
08-04 13:24:18.749 27166 27190 I art     : Explicit concurrent mark sweep GC freed 23(752B) AllocSpace objects, 0(0B) LOS objects, 35% free, 28MB/44MB, paused 1ms total 30.401ms
08-04 13:24:18.758 27166 27190 I art     : Starting a blocking GC Explicit
08-04 13:24:18.787 27166 27190 I art     : Explicit concurrent mark sweep GC freed 3(96B) AllocSpace objects, 0(0B) LOS objects, 35% free, 28MB/44MB, paused 1.040ms total 28.957ms
08-04 13:24:18.797 27166 27190 I art     : Starting a blocking GC Explicit
08-04 13:24:18.827 27166 27190 I art     : Explicit concurrent mark sweep GC freed 3(96B) AllocSpace objects, 0(0B) LOS objects, 35% free, 28MB/44MB, paused 1.104ms total 30.101ms
08-04 13:24:18.837 27166 27190 I art     : Starting a blocking GC Explicit
08-04 13:24:18.866 27166 27190 I art     : Explicit concurrent mark sweep GC freed 3(96B) AllocSpace objects, 0(0B) LOS objects, 35% free, 28MB/44MB, paused 955us total 29.155ms
08-04 13:24:19.085 22210 22210 I ServiceManager: Waiting for service AtCmdFwd...
08-04 13:24:19.191 27166 27624 I art     : Starting a blocking GC Explicit
08-04 13:24:19.229 27166 27624 I art     : Explicit concurrent mark sweep GC freed 1372(80KB) AllocSpace objects, 1(20KB) LOS objects, 35% free, 28MB/44MB, paused 1.171ms total 37.331ms
08-04 13:24:19.240 27166 27624 I art     : Starting a blocking GC Explicit
08-04 13:24:19.270 27166 27624 I art     : Explicit concurrent mark sweep GC freed 23(752B) AllocSpace objects, 0(0B) LOS objects, 35% free, 28MB/44MB, paused 913us total 28.942ms
08-04 13:24:19.279 27166 27624 I art     : Starting a blocking GC Explicit
08-04 13:24:19.309 27166 27624 I art     : Explicit concurrent mark sweep GC freed 3(96B) AllocSpace objects, 0(0B) LOS objects, 35% free, 28MB/44MB, paused 1.102ms total 29.429ms
08-04 13:24:19.318 27166 27624 I art     : Starting a blocking GC Explicit
08-04 13:24:19.348 27166 27624 I art     : Explicit concurrent mark sweep GC freed 3(96B) AllocSpace objects, 0(0B) LOS objects, 35% free, 28MB/44MB, paused 1.026ms total 29.269ms
08-04 13:24:19.357 27166 27624 I art     : Starting a blocking GC Explicit
08-04 13:24:19.387 27166 27624 I art     : Explicit concurrent mark sweep GC freed 3(96B) AllocSpace objects, 0(0B) LOS objects, 35% free, 28MB/44MB, paused 970us total 29.042ms
08-04 13:24:19.693 27166 27178 I art     : Starting a blocking GC Explicit
08-04 13:24:19.730 27166 27178 I art     : Explicit concurrent mark sweep GC freed 1445(84KB) AllocSpace objects, 1(20KB) LOS objects, 35% free, 28MB/44MB, paused 1.011ms total 36.968ms
08-04 13:24:19.740 27166 27178 I art     : Starting a blocking GC Explicit
08-04 13:24:19.760 13866 13882 I PeriodicStatsRunner: PeriodicStatsRunner.call():175 call()
08-04 13:24:19.760 13866 13882 I PeriodicStatsRunner: PeriodicStatsRunner.call():179 No submit PeriodicStats since input started.
08-04 13:24:19.770 27166 27178 I art     : Explicit concurrent mark sweep GC freed 23(752B) AllocSpace objects, 0(0B) LOS objects, 35% free, 28MB/44MB, paused 904us total 29.202ms
08-04 13:24:19.779 27166 27178 I art     : Starting a blocking GC Explicit
08-04 13:24:19.808 27166 27178 I art     : Explicit concurrent mark sweep GC freed 3(96B) AllocSpace objects, 0(0B) LOS objects, 35% free, 28MB/44MB, paused 933us total 29.199ms
08-04 13:24:19.818 27166 27178 I art     : Starting a blocking GC Explicit
08-04 13:24:19.847 27166 27178 I art     : Explicit concurrent mark sweep GC freed 3(96B) AllocSpace objects, 0(0B) LOS objects, 35% free, 28MB/44MB, paused 989us total 29.200ms
08-04 13:24:19.857 27166 27178 I art     : Starting a blocking GC Explicit
08-04 13:24:19.886 27166 27178 I art     : Explicit concurrent mark sweep GC freed 3(96B) AllocSpace objects, 0(0B) LOS objects, 35% free, 28MB/44MB, paused 899us total 28.674ms
08-04 13:24:20.014 13866 13882 I PeriodicStatsRunner: PeriodicStatsRunner.call():175 call()
08-04 13:24:20.014 13866 13882 I PeriodicStatsRunner: PeriodicStatsRunner.call():179 No submit PeriodicStats since input started.
08-04 13:24:20.085 22210 22210 I ServiceManager: Waiting for service AtCmdFwd...
08-04 13:24:20.099 13866 13882 I PeriodicStatsRunner: PeriodicStatsRunner.call():175 call()
08-04 13:24:20.100 13866 13882 I PeriodicStatsRunner: PeriodicStatsRunner.call():179 No submit PeriodicStats since input started.
08-04 13:24:20.213 27166 27179 I art     : Starting a blocking GC Explicit
08-04 13:24:20.252 27166 27179 I art     : Explicit concurrent mark sweep GC freed 1488(89KB) AllocSpace objects, 1(20KB) LOS objects, 35% free, 28MB/44MB, paused 931us total 38.830ms
08-04 13:24:20.265 27166 27179 I art     : Starting a blocking GC Explicit
08-04 13:24:20.294 27166 27179 I art     : Explicit concurrent mark sweep GC freed 23(752B) AllocSpace objects, 0(0B) LOS objects, 35% free, 28MB/44MB, paused 835us total 29.134ms
08-04 13:24:20.304 27166 27179 I art     : Starting a blocking GC Explicit
08-04 13:24:20.333 27166 27179 I art     : Explicit concurrent mark sweep GC freed 3(96B) AllocSpace objects, 0(0B) LOS objects, 35% free, 28MB/44MB, paused 829us total 29.043ms
08-04 13:24:20.343 27166 27179 I art     : Starting a blocking GC Explicit
08-04 13:24:20.372 27166 27179 I art     : Explicit concurrent mark sweep GC freed 3(96B) AllocSpace objects, 0(0B) LOS objects, 35% free, 28MB/44MB, paused 854us total 29.297ms
08-04 13:24:20.382 27166 27179 I art     : Starting a blocking GC Explicit
08-04 13:24:20.412 27166 27179 I art     : Explicit concurrent mark sweep GC freed 3(96B) AllocSpace objects, 0(0B) LOS objects, 35% free, 28MB/44MB, paused 860us total 29.542ms
08-04 13:24:20.749 27166 27190 I art     : Starting a blocking GC Explicit
08-04 13:24:20.789 27166 27190 I art     : Explicit concurrent mark sweep GC freed 1401(81KB) AllocSpace objects, 1(20KB) LOS objects, 35% free, 28MB/44MB, paused 1.062ms total 38.427ms
08-04 13:24:20.789 27166 27177 I art     : WaitForGcToComplete blocked for 15.920ms for cause HeapTrim
08-04 13:24:20.800 27166 27190 I art     : Starting a blocking GC Explicit
08-04 13:24:20.830 27166 27190 I art     : Explicit concurrent mark sweep GC freed 23(752B) AllocSpace objects, 0(0B) LOS objects, 35% free, 28MB/44MB, paused 859us total 29.588ms
08-04 13:24:20.840 27166 27190 I art     : Starting a blocking GC Explicit
08-04 13:24:20.869 27166 27190 I art     : Explicit concurrent mark sweep GC freed 3(96B) AllocSpace objects, 0(0B) LOS objects, 35% free, 28MB/44MB, paused 831us total 29.141ms
08-04 13:24:20.879 27166 27190 I art     : Starting a blocking GC Explicit
08-04 13:24:20.908 27166 27190 I art     : Explicit concurrent mark sweep GC freed 3(96B) AllocSpace objects, 0(0B) LOS objects, 35% free, 28MB/44MB, paused 910us total 28.802ms
08-04 13:24:20.918 27166 27190 I art     : Starting a blocking GC Explicit
08-04 13:24:20.947 27166 27190 I art     : Explicit concurrent mark sweep GC freed 3(96B) AllocSpace objects, 0(0B) LOS objects, 35% free, 28MB/44MB, paused 929us total 29.304ms
08-04 13:24:21.086 22210 22210 I ServiceManager: Waiting for service AtCmdFwd...
08-04 13:24:21.283 27166 27624 I art     : Starting a blocking GC Explicit
08-04 13:24:21.320 27166 27624 I art     : Explicit concurrent mark sweep GC freed 1372(80KB) AllocSpace objects, 1(20KB) LOS objects, 35% free, 28MB/44MB, paused 1.203ms total 36.928ms
08-04 13:24:21.333 27166 27624 I art     : Starting a blocking GC Explicit
08-04 13:24:21.361 27166 27624 I art     : Explicit concurrent mark sweep GC freed 23(752B) AllocSpace objects, 0(0B) LOS objects, 35% free, 28MB/44MB, paused 800us total 27.452ms
08-04 13:24:21.371 27166 27624 I art     : Starting a blocking GC Explicit
08-04 13:24:21.399 27166 27624 I art     : Explicit concurrent mark sweep GC freed 3(96B) AllocSpace objects, 0(0B) LOS objects, 35% free, 28MB/44MB, paused 846us total 28.551ms
08-04 13:24:21.409 27166 27624 I art     : Starting a blocking GC Explicit
08-04 13:24:21.438 27166 27624 I art     : Explicit concurrent mark sweep GC freed 3(96B) AllocSpace objects, 0(0B) LOS objects, 35% free, 28MB/44MB, paused 892us total 29.175ms
08-04 13:24:21.448 27166 27624 I art     : Starting a blocking GC Explicit
08-04 13:24:21.477 27166 27624 I art     : Explicit concurrent mark sweep GC freed 3(96B) AllocSpace objects, 0(0B) LOS objects, 35% free, 28MB/44MB, paused 935us total 28.919ms
08-04 13:24:21.804 27166 27178 I art     : Starting a blocking GC Explicit
08-04 13:24:21.840 27166 27178 I art     : Explicit concurrent mark sweep GC freed 1401(81KB) AllocSpace objects, 1(20KB) LOS objects, 35% free, 28MB/44MB, paused 828us total 36.249ms
08-04 13:24:21.850 27166 27178 I art     : Starting a blocking GC Explicit
08-04 13:24:21.880 27166 27178 I art     : Explicit concurrent mark sweep GC freed 23(752B) AllocSpace objects, 0(0B) LOS objects, 35% free, 28MB/44MB, paused 854us total 29.320ms
08-04 13:24:21.889 27166 27178 I art     : Starting a blocking GC Explicit
08-04 13:24:21.918 27166 27178 I art     : Explicit concurrent mark sweep GC freed 3(96B) AllocSpace objects, 0(0B) LOS objects, 35% free, 28MB/44MB, paused 864us total 28.561ms
08-04 13:24:21.928 27166 27178 I art     : Starting a blocking GC Explicit
08-04 13:24:21.956 27166 27178 I art     : Explicit concurrent mark sweep GC freed 3(96B) AllocSpace objects, 0(0B) LOS objects, 35% free, 28MB/44MB, paused 838us total 28.420ms
08-04 13:24:21.966 27166 27178 I art     : Starting a blocking GC Explicit
08-04 13:24:21.994 27166 27178 I art     : Explicit concurrent mark sweep GC freed 3(96B) AllocSpace objects, 0(0B) LOS objects, 35% free, 28MB/44MB, paused 841us total 28.397ms
08-04 13:24:22.087 22210 22210 I ServiceManager: Waiting for service AtCmdFwd...
08-04 13:24:22.329 27166 27179 I art     : Starting a blocking GC Explicit
08-04 13:24:22.366 27166 27179 I art     : Explicit concurrent mark sweep GC freed 1372(80KB) AllocSpace objects, 1(20KB) LOS objects, 35% free, 28MB/44MB, paused 930us total 36.537ms
08-04 13:24:22.377 27166 27179 I art     : Starting a blocking GC Explicit
08-04 13:24:22.407 27166 27179 I art     : Explicit concurrent mark sweep GC freed 23(752B) AllocSpace objects, 0(0B) LOS objects, 35% free, 28MB/44MB, paused 847us total 29.496ms
08-04 13:24:22.417 27166 27179 I art     : Starting a blocking GC Explicit
08-04 13:24:22.446 27166 27179 I art     : Explicit concurrent mark sweep GC freed 3(96B) AllocSpace objects, 0(0B) LOS objects, 35% free, 28MB/44MB, paused 864us total 29.241ms
08-04 13:24:22.456 27166 27179 I art     : Starting a blocking GC Explicit
08-04 13:24:22.485 27166 27179 I art     : Explicit concurrent mark sweep GC freed 3(96B) AllocSpace objects, 0(0B) LOS objects, 35% free, 28MB/44MB, paused 819us total 28.093ms
08-04 13:24:22.494 27166 27179 I art     : Starting a blocking GC Explicit
08-04 13:24:22.523 27166 27179 I art     : Explicit concurrent mark sweep GC freed 32(880B) AllocSpace objects, 0(0B) LOS objects, 35% free, 28MB/44MB, paused 975us total 28.853ms
08-04 13:24:22.789   918  3261 D WifiStateMachine: starting scan for "H369AA63323"WPA_PSK with 2412,5180
08-04 13:24:22.876 27166 27190 I art     : Starting a blocking GC Explicit
08-04 13:24:22.912 27166 27190 I art     : Explicit concurrent mark sweep GC freed 1372(80KB) AllocSpace objects, 1(20KB) LOS objects, 35% free, 28MB/44MB, paused 893us total 35.672ms
08-04 13:24:22.929 27166 27190 I art     : Starting a blocking GC Explicit
08-04 13:24:22.956 27166 27190 I art     : Explicit concurrent mark sweep GC freed 23(752B) AllocSpace objects, 0(0B) LOS objects, 35% free, 28MB/44MB, paused 807us total 26.356ms
08-04 13:24:22.965 27166 27190 I art     : Starting a blocking GC Explicit
08-04 13:24:22.990 27166 27190 I art     : Explicit concurrent mark sweep GC freed 3(96B) AllocSpace objects, 0(0B) LOS objects, 35% free, 28MB/44MB, paused 849us total 25.187ms
08-04 13:24:22.999 27166 27190 I art     : Starting a blocking GC Explicit
08-04 13:24:23.026 27166 27190 I art     : Explicit concurrent mark sweep GC freed 3(96B) AllocSpace objects, 0(0B) LOS objects, 35% free, 28MB/44MB, paused 985us total 27.028ms
08-04 13:24:23.035 27166 27190 I art     : Starting a blocking GC Explicit
08-04 13:24:23.062 27166 27190 I art     : Explicit concurrent mark sweep GC freed 3(96B) AllocSpace objects, 0(0B) LOS objects, 35% free, 28MB/44MB, paused 816us total 26.634ms
08-04 13:24:23.088 22210 22210 I ServiceManager: Waiting for service AtCmdFwd...
08-04 13:24:23.324 29007 29007 D AndroidRuntime: >>>>>> START com.android.internal.os.RuntimeInit uid 2000 <<<<<<
08-04 13:24:23.330 29007 29007 D AndroidRuntime: CheckJNI is OFF
08-04 13:24:23.363 29007 29007 D ICU     : No timezone override file found: /data/misc/zoneinfo/current/icu/icu_tzdata.dat
08-04 13:24:23.385 27166 27624 I art     : Starting a blocking GC Explicit
08-04 13:24:23.395 29007 29007 I Radio-JNI: register_android_hardware_Radio DONE
08-04 13:24:23.414 27166 27624 I art     : Explicit concurrent mark sweep GC freed 1372(80KB) AllocSpace objects, 1(20KB) LOS objects, 35% free, 28MB/44MB, paused 814us total 28.322ms
08-04 13:24:23.417 29007 29007 D AndroidRuntime: Calling main entry com.android.commands.input.Input
08-04 13:24:23.419 29007 29007 I Input   : injectKeyEvent: KeyEvent { action=ACTION_DOWN, keyCode=KEYCODE_BACK, scanCode=0, metaState=0, flags=0x0, repeatCount=0, eventTime=710679832, downTime=710679832, deviceId=-1, source=0x101 }
08-04 13:24:23.424 27166 27624 I art     : Starting a blocking GC Explicit
08-04 13:24:23.427 29007 29007 I Input   : injectKeyEvent: KeyEvent { action=ACTION_UP, keyCode=KEYCODE_BACK, scanCode=0, metaState=0, flags=0x0, repeatCount=0, eventTime=710679832, downTime=710679832, deviceId=-1, source=0x101 }
08-04 13:24:23.432 29007 29007 D AndroidRuntime: Shutting down VM
08-04 13:24:23.436 27166 27166 V PlaybackController: initServiceNotRunning()
08-04 13:24:23.436 27166 27166 D ExternalPlayerFragment: Loading media info
08-04 13:24:23.440 27166 27166 D UserPreferences: Using default data folder
08-04 13:24:23.441 27166 27193 D DBReader: getNavDrawerData() called with: 
08-04 13:24:23.452 27166 27624 I art     : Explicit concurrent mark sweep GC freed 413(23KB) AllocSpace objects, 0(0B) LOS objects, 35% free, 28MB/44MB, paused 1.143ms total 27.756ms
08-04 13:24:23.453 27166 27193 D DBReader: getDownloadedItems() called
08-04 13:24:23.454 27166 27193 D DBReader: getFavoriteIDList() called
08-04 13:24:23.455 27166 27193 D DBReader: getQueueIDList() called
08-04 13:24:23.456 27166 27193 D DBReader: Extracting Feedlist
08-04 13:24:23.462 27166 27624 I art     : Starting a blocking GC Explicit
08-04 13:24:23.478 27166 27166 D MainActivity: getLastNavFragment() -> AddFeedFragment
08-04 13:24:23.479 13866 13866 I GoogleInputMethodServic: GoogleInputMethodService.onFinishInput():3138 
08-04 13:24:23.480 13866 13866 I GoogleInputMethodServic: GoogleInputMethodService.onStartInput():1808 
08-04 13:24:23.488 27166 27624 I art     : Explicit concurrent mark sweep GC freed 510(37KB) AllocSpace objects, 0(0B) LOS objects, 35% free, 28MB/44MB, paused 1.198ms total 25.079ms
08-04 13:24:23.497 27166 27624 I art     : Starting a blocking GC Explicit
08-04 13:24:23.524 27166 27624 I art     : Explicit concurrent mark sweep GC freed 540(27KB) AllocSpace objects, 0(0B) LOS objects, 35% free, 28MB/44MB, paused 883us total 27.162ms
08-04 13:24:23.533 27166 27624 I art     : Starting a blocking GC Explicit
08-04 13:24:23.558 27166 27624 I art     : Explicit concurrent mark sweep GC freed 137(9KB) AllocSpace objects, 0(0B) LOS objects, 35% free, 28MB/44MB, paused 1.195ms total 25.244ms
08-04 13:24:23.780   380   380 W SurfaceFlinger: couldn't log to binary event log: overflow.
08-04 13:24:23.830 27166 27178 I art     : Starting a blocking GC Explicit
08-04 13:24:23.857 27166 27178 I art     : Explicit concurrent mark sweep GC freed 1969(105KB) AllocSpace objects, 1(20KB) LOS objects, 35% free, 28MB/44MB, paused 827us total 27.021ms
08-04 13:24:23.866 27166 27178 I art     : Starting a blocking GC Explicit
08-04 13:24:23.893 27166 27178 I art     : Explicit concurrent mark sweep GC freed 2457(152KB) AllocSpace objects, 1(28KB) LOS objects, 36% free, 28MB/44MB, paused 849us total 26.941ms
08-04 13:24:23.898   518   646 I ThermalEngine: ACTION: GPU - Setting GPU[0] to 600000000
08-04 13:24:23.902 27166 27178 I art     : Starting a blocking GC Explicit
08-04 13:24:23.929 27166 27178 I art     : Explicit concurrent mark sweep GC freed 3(96B) AllocSpace objects, 0(0B) LOS objects, 36% free, 28MB/44MB, paused 831us total 27.054ms
08-04 13:24:23.939 27166 27178 I art     : Starting a blocking GC Explicit
08-04 13:24:23.967 27166 27178 I art     : Explicit concurrent mark sweep GC freed 3(96B) AllocSpace objects, 0(0B) LOS objects, 36% free, 28MB/44MB, paused 729us total 27.609ms
08-04 13:24:23.976 27166 27178 I art     : Starting a blocking GC Explicit
08-04 13:24:23.998 27166 27178 I art     : Explicit concurrent mark sweep GC freed 3(96B) AllocSpace objects, 0(0B) LOS objects, 36% free, 28MB/44MB, paused 630us total 22ms
08-04 13:24:24.088 22210 22210 W Atfwd_Sendcmd: AtCmdFwd service not published, waiting... retryCnt : 5
08-04 13:24:24.281 27166 27179 I art     : Starting a blocking GC Explicit
08-04 13:24:24.312 27166 27179 I art     : Explicit concurrent mark sweep GC freed 1374(82KB) AllocSpace objects, 1(20KB) LOS objects, 36% free, 28MB/44MB, paused 785us total 31.076ms
08-04 13:24:24.324 27166 27179 I art     : Starting a blocking GC Explicit
08-04 13:24:24.346 27166 27179 I art     : Explicit concurrent mark sweep GC freed 23(752B) AllocSpace objects, 0(0B) LOS objects, 36% free, 28MB/44MB, paused 627us total 21.741ms
08-04 13:24:24.353 27166 27179 I art     : Starting a blocking GC Explicit
08-04 13:24:24.375 27166 27179 I art     : Explicit concurrent mark sweep GC freed 3(96B) AllocSpace objects, 0(0B) LOS objects, 36% free, 28MB/44MB, paused 598us total 21.605ms
08-04 13:24:24.382 27166 27179 I art     : Starting a blocking GC Explicit
08-04 13:24:24.405 27166 27179 I art     : Explicit concurrent mark sweep GC freed 3(96B) AllocSpace objects, 0(0B) LOS objects, 36% free, 28MB/44MB, paused 609us total 22.275ms
08-04 13:24:24.412 27166 27179 I art     : Starting a blocking GC Explicit
08-04 13:24:24.434 27166 27179 I art     : Explicit concurrent mark sweep GC freed 3(96B) AllocSpace objects, 0(0B) LOS objects, 36% free, 28MB/44MB, paused 571us total 22.165ms
08-04 13:24:24.733 27166 27190 I art     : Starting a blocking GC Explicit
08-04 13:24:24.758 27166 27190 I art     : Explicit concurrent mark sweep GC freed 1402(81KB) AllocSpace objects, 1(20KB) LOS objects, 36% free, 28MB/44MB, paused 925us total 24.468ms
08-04 13:24:24.766 27166 27190 I art     : Starting a blocking GC Explicit
08-04 13:24:24.787 27166 27190 I art     : Explicit concurrent mark sweep GC freed 23(752B) AllocSpace objects, 0(0B) LOS objects, 36% free, 28MB/44MB, paused 651us total 21.235ms
08-04 13:24:24.793 27166 27190 I art     : Starting a blocking GC Explicit
08-04 13:24:24.813 27166 27190 I art     : Explicit concurrent mark sweep GC freed 3(96B) AllocSpace objects, 0(0B) LOS objects, 36% free, 28MB/44MB, paused 593us total 19.372ms
08-04 13:24:24.820 27166 27190 I art     : Starting a blocking GC Explicit
08-04 13:24:24.840 27166 27190 I art     : Explicit concurrent mark sweep GC freed 3(96B) AllocSpace objects, 0(0B) LOS objects, 36% free, 28MB/44MB, paused 633us total 20.377ms
08-04 13:24:24.847 27166 27190 I art     : Starting a blocking GC Explicit
08-04 13:24:24.868 27166 27190 I art     : Explicit concurrent mark sweep GC freed 3(96B) AllocSpace objects, 0(0B) LOS objects, 36% free, 28MB/44MB, paused 658us total 20.402ms
08-04 13:24:24.902   518   646 I ThermalEngine: ACTION: GPU - Setting GPU[0] to 510000000
08-04 13:24:25.037 29062 29062 D AndroidRuntime: >>>>>> START com.android.internal.os.RuntimeInit uid 2000 <<<<<<
08-04 13:24:25.042 29062 29062 D AndroidRuntime: CheckJNI is OFF
08-04 13:24:25.077 29062 29062 D ICU     : No timezone override file found: /data/misc/zoneinfo/current/icu/icu_tzdata.dat
08-04 13:24:25.112 29062 29062 I Radio-JNI: register_android_hardware_Radio DONE
08-04 13:24:25.133 29062 29062 D AndroidRuntime: Calling main entry com.android.commands.input.Input
08-04 13:24:25.135 29062 29062 I Input   : injectKeyEvent: KeyEvent { action=ACTION_DOWN, keyCode=KEYCODE_BACK, scanCode=0, metaState=0, flags=0x0, repeatCount=0, eventTime=710681548, downTime=710681548, deviceId=-1, source=0x101 }
08-04 13:24:25.139 29062 29062 I Input   : injectKeyEvent: KeyEvent { action=ACTION_UP, keyCode=KEYCODE_BACK, scanCode=0, metaState=0, flags=0x0, repeatCount=0, eventTime=710681548, downTime=710681548, deviceId=-1, source=0x101 }
08-04 13:24:25.151 13866 13866 I GoogleInputMethodServic: GoogleInputMethodService.onFinishInput():3138 
08-04 13:24:25.152 13866 13866 I GoogleInputMethodServic: GoogleInputMethodService.onStartInput():1808 
08-04 13:24:25.156 29062 29062 D AndroidRuntime: Shutting down VM
08-04 13:24:25.176 27166 27178 I art     : Starting a blocking GC Explicit
08-04 13:24:25.204 27166 27178 I art     : Explicit concurrent mark sweep GC freed 2535(127KB) AllocSpace objects, 1(20KB) LOS objects, 36% free, 28MB/44MB, paused 863us total 27.760ms
08-04 13:24:25.213 27166 27178 I art     : Starting a blocking GC Explicit
08-04 13:24:25.240 27166 27178 I art     : Explicit concurrent mark sweep GC freed 2658(177KB) AllocSpace objects, 9(1540KB) LOS objects, 37% free, 26MB/42MB, paused 847us total 26.776ms
08-04 13:24:25.249 27166 27178 I art     : Starting a blocking GC Explicit
08-04 13:24:25.276 27166 27178 I art     : Explicit concurrent mark sweep GC freed 48(2016B) AllocSpace objects, 0(0B) LOS objects, 37% free, 26MB/42MB, paused 827us total 26.317ms
08-04 13:24:25.285 27166 27178 I art     : Starting a blocking GC Explicit
08-04 13:24:25.312 27166 27178 I art     : Explicit concurrent mark sweep GC freed 3(96B) AllocSpace objects, 0(0B) LOS objects, 37% free, 26MB/42MB, paused 921us total 26.674ms
08-04 13:24:25.322 27166 27178 I art     : Starting a blocking GC Explicit
08-04 13:24:25.349 27166 27178 I art     : Explicit concurrent mark sweep GC freed 3(96B) AllocSpace objects, 0(0B) LOS objects, 37% free, 26MB/42MB, paused 798us total 27.568ms
08-04 13:24:25.617 27166 27624 I art     : Starting a blocking GC Explicit
08-04 13:24:25.657 27166 27624 I art     : Explicit concurrent mark sweep GC freed 1402(82KB) AllocSpace objects, 1(20KB) LOS objects, 37% free, 26MB/42MB, paused 999us total 38.969ms
08-04 13:24:25.668 27166 27624 I art     : Starting a blocking GC Explicit
08-04 13:24:25.694 27166 27624 I art     : Explicit concurrent mark sweep GC freed 23(752B) AllocSpace objects, 0(0B) LOS objects, 37% free, 26MB/42MB, paused 818us total 25.775ms
08-04 13:24:25.703 27166 27624 I art     : Starting a blocking GC Explicit
08-04 13:24:25.729 27166 27624 I art     : Explicit concurrent mark sweep GC freed 3(96B) AllocSpace objects, 0(0B) LOS objects, 37% free, 26MB/42MB, paused 820us total 25.689ms
08-04 13:24:25.738 27166 27624 I art     : Starting a blocking GC Explicit
08-04 13:24:25.764 27166 27624 I art     : Explicit concurrent mark sweep GC freed 3(96B) AllocSpace objects, 0(0B) LOS objects, 37% free, 26MB/42MB, paused 967us total 26.275ms
08-04 13:24:25.774 27166 27624 I art     : Starting a blocking GC Explicit
08-04 13:24:25.801 27166 27624 I art     : Explicit concurrent mark sweep GC freed 3(96B) AllocSpace objects, 0(0B) LOS objects, 37% free, 26MB/42MB, paused 835us total 27.175ms
08-04 13:24:26.093 27166 27179 I art     : Starting a blocking GC Explicit
08-04 13:24:26.129 27166 27179 I art     : Explicit concurrent mark sweep GC freed 1373(81KB) AllocSpace objects, 1(20KB) LOS objects, 37% free, 26MB/42MB, paused 1.055ms total 35.303ms
08-04 13:24:26.142 27166 27179 I art     : Starting a blocking GC Explicit
08-04 13:24:26.170 27166 27179 I art     : Explicit concurrent mark sweep GC freed 23(752B) AllocSpace objects, 0(0B) LOS objects, 37% free, 26MB/42MB, paused 847us total 27.663ms
08-04 13:24:26.179 27166 27179 I art     : Starting a blocking GC Explicit
08-04 13:24:26.208 27166 27179 I art     : Explicit concurrent mark sweep GC freed 3(96B) AllocSpace objects, 0(0B) LOS objects, 37% free, 26MB/42MB, paused 1.118ms total 28.192ms
08-04 13:24:26.218 27166 27179 I art     : Starting a blocking GC Explicit
08-04 13:24:26.245 27166 27179 I art     : Explicit concurrent mark sweep GC freed 3(96B) AllocSpace objects, 0(0B) LOS objects, 37% free, 26MB/42MB, paused 827us total 26.925ms
08-04 13:24:26.254 27166 27179 I art     : Starting a blocking GC Explicit
08-04 13:24:26.281 27166 27179 I art     : Explicit concurrent mark sweep GC freed 3(96B) AllocSpace objects, 0(0B) LOS objects, 37% free, 26MB/42MB, paused 837us total 27.016ms
08-04 13:24:26.554 27166 27190 I art     : Starting a blocking GC Explicit
08-04 13:24:26.581 27166 27190 I art     : Explicit concurrent mark sweep GC freed 1401(83KB) AllocSpace objects, 1(20KB) LOS objects, 37% free, 26MB/42MB, paused 856us total 27.207ms
08-04 13:24:26.591 27166 27190 I art     : Starting a blocking GC Explicit
08-04 13:24:26.618 27166 27190 I art     : Explicit concurrent mark sweep GC freed 23(752B) AllocSpace objects, 0(0B) LOS objects, 37% free, 26MB/42MB, paused 893us total 27.127ms
08-04 13:24:26.627 27166 27190 I art     : Starting a blocking GC Explicit
08-04 13:24:26.653 27166 27190 I art     : Explicit concurrent mark sweep GC freed 3(96B) AllocSpace objects, 0(0B) LOS objects, 37% free, 26MB/42MB, paused 833us total 25.301ms
08-04 13:24:26.662 27166 27190 I art     : Starting a blocking GC Explicit
08-04 13:24:26.688 27166 27190 I art     : Explicit concurrent mark sweep GC freed 3(96B) AllocSpace objects, 0(0B) LOS objects, 37% free, 26MB/42MB, paused 858us total 26.162ms
08-04 13:24:26.697 27166 27190 I art     : Starting a blocking GC Explicit
08-04 13:24:26.723 27166 27190 I art     : Explicit concurrent mark sweep GC freed 3(96B) AllocSpace objects, 0(0B) LOS objects, 37% free, 26MB/42MB, paused 834us total 25.588ms
08-04 13:24:26.814 29105 29105 D AndroidRuntime: >>>>>> START com.android.internal.os.RuntimeInit uid 2000 <<<<<<
08-04 13:24:26.819 29105 29105 D AndroidRuntime: CheckJNI is OFF
08-04 13:24:26.856 29105 29105 D ICU     : No timezone override file found: /data/misc/zoneinfo/current/icu/icu_tzdata.dat
08-04 13:24:26.888 29105 29105 I Radio-JNI: register_android_hardware_Radio DONE
08-04 13:24:26.910 29105 29105 D AndroidRuntime: Calling main entry com.android.commands.input.Input
08-04 13:24:26.912 29105 29105 I Input   : injectMotionEvent: MotionEvent { action=ACTION_DOWN, actionButton=0, id[0]=0, x[0]=567.0, y[0]=714.0, toolType[0]=TOOL_TYPE_UNKNOWN, buttonState=0, metaState=0, flags=0x0, edgeFlags=0x0, pointerCount=1, historySize=0, eventTime=710683325, downTime=710683325, deviceId=0, source=0x1002 }
08-04 13:24:26.918 29105 29105 I Input   : injectMotionEvent: MotionEvent { action=ACTION_UP, actionButton=0, id[0]=0, x[0]=567.0, y[0]=714.0, toolType[0]=TOOL_TYPE_UNKNOWN, buttonState=0, metaState=0, flags=0x0, edgeFlags=0x0, pointerCount=1, historySize=0, eventTime=710683325, downTime=710683325, deviceId=0, source=0x1002 }
08-04 13:24:26.921 29105 29105 D AndroidRuntime: Shutting down VM
08-04 13:24:26.941   512  2967 D audio_hw_primary: out_set_parameters: enter: usecase(1: low-latency-playback) kvpairs: routing=2
08-04 13:24:26.954   512  2967 D audio_hw_primary: select_devices: out_snd_device(2: speaker) in_snd_device(0: none)
08-04 13:24:26.954   512  2967 D msm8974_platform: platform_send_audio_calibration: sending audio calibration for snd_device(2) acdb_id(15)
08-04 13:24:26.954   512  2967 I soundtrigger: audio_extn_sound_trigger_update_device_status: device 0x2 of type 0 for Event 1
08-04 13:24:26.964   512  2967 D audio_hw_primary: enable_snd_device: snd_device(2: speaker)
08-04 13:24:26.966   512  2967 D audio_hw_primary: enable_audio_route: apply and update mixer path: low-latency-playback speaker
08-04 13:24:27.015 27166 27624 I art     : Starting a blocking GC Explicit
08-04 13:24:27.042 27166 27624 I art     : Explicit concurrent mark sweep GC freed 3582(168KB) AllocSpace objects, 1(20KB) LOS objects, 37% free, 27MB/43MB, paused 876us total 26.949ms
08-04 13:24:27.051 27166 27624 I art     : Starting a blocking GC Explicit
08-04 13:24:27.078 27166 27624 I art     : Explicit concurrent mark sweep GC freed 1702(88KB) AllocSpace objects, 1(220KB) LOS objects, 37% free, 26MB/42MB, paused 1.046ms total 27.019ms
08-04 13:24:27.087 27166 27624 I art     : Starting a blocking GC Explicit
08-04 13:24:27.113 27166 27624 I art     : Explicit concurrent mark sweep GC freed 13(480B) AllocSpace objects, 0(0B) LOS objects, 37% free, 26MB/42MB, paused 912us total 25.661ms
08-04 13:24:27.122 27166 27624 I art     : Starting a blocking GC Explicit
08-04 13:24:27.148 27166 27624 I art     : Explicit concurrent mark sweep GC freed 2792(118KB) AllocSpace objects, 0(0B) LOS objects, 37% free, 26MB/42MB, paused 987us total 25.635ms
08-04 13:24:27.157 27166 27624 I art     : Starting a blocking GC Explicit
08-04 13:24:27.182 27166 27624 I art     : Explicit concurrent mark sweep GC freed 756(31KB) AllocSpace objects, 0(0B) LOS objects, 37% free, 26MB/42MB, paused 906us total 24.714ms
08-04 13:24:27.337 27166 27718 I NAPPA_EXPERIMENTATION: MetricNetworkRequestExecutionTime: REQUEST_DURATION_SYSTEM='378',REQUEST_DURATION_OKHTTP='160',REQUEST_SYNCHRONOUS='TRUE',RESPONSE_CODE='400',RESPONSE_METHOD='GET',RESPONSE_LENGTH_OKHTTP='0',RESPONSE_LENGTH_HEADER='0',REQUEST_PROTOCOL='h2',REQUEST_URL='https://itunes.apple.com/en/rss/toppodcasts/limit=25/explicit=true/json',
08-04 13:24:27.435 27166 27624 I art     : Starting a blocking GC Explicit
08-04 13:24:27.463 27166 27624 I art     : Explicit concurrent mark sweep GC freed 2262(140KB) AllocSpace objects, 1(20KB) LOS objects, 37% free, 26MB/42MB, paused 929us total 27.330ms
08-04 13:24:27.472 27166 27624 I art     : Starting a blocking GC Explicit
08-04 13:24:27.474 27166 27718 I NAPPA_EXPERIMENTATION: MetricNetworkRequestExecutionTime: REQUEST_DURATION_SYSTEM='136',REQUEST_DURATION_OKHTTP='134',REQUEST_SYNCHRONOUS='TRUE',RESPONSE_CODE='200',RESPONSE_METHOD='GET',RESPONSE_LENGTH_OKHTTP='-1',RESPONSE_LENGTH_HEADER='10075',REQUEST_PROTOCOL='h2',REQUEST_URL='https://itunes.apple.com/us/rss/toppodcasts/limit=25/explicit=true/json',
08-04 13:24:27.499   512  2967 D audio_hw_primary: disable_audio_route: reset and update mixer path: low-latency-playback speaker
08-04 13:24:27.500   512  2967 D audio_hw_primary: disable_snd_device: snd_device(2: speaker)
08-04 13:24:27.503 27166 27624 I art     : Explicit concurrent mark sweep GC freed 2630(181KB) AllocSpace objects, 3(252KB) LOS objects, 36% free, 27MB/43MB, paused 1.352ms total 30.682ms
08-04 13:24:27.509   512  2967 I soundtrigger: audio_extn_sound_trigger_update_device_status: device 0x2 of type 0 for Event 0
08-04 13:24:27.512 27166 27624 I art     : Starting a blocking GC Explicit
08-04 13:24:27.521 27166 27925 D ApOkHttpUrlLoader: buildLoadData() called with: model = [https://is4-ssl.mzstatic.com/image/thumb/Podcasts114/v4/3f/16/74/3f167426-bf50-ce3a-d709-e4301620fc5b/mza_5832671293059882550.jpeg/170x170bb.png], width = [224], height = [224]
08-04 13:24:27.522 27166 27922 D DBReader: getImageAuthentication() called with: imageUrl = [https://is4-ssl.mzstatic.com/image/thumb/Podcasts114/v4/3f/16/74/3f167426-bf50-ce3a-d709-e4301620fc5b/mza_5832671293059882550.jpeg/170x170bb.png]
08-04 13:24:27.525 27166 27927 D ApOkHttpUrlLoader: buildLoadData() called with: model = [https://is4-ssl.mzstatic.com/image/thumb/Podcasts113/v4/e5/8a/10/e58a108f-f5d0-f622-c94a-13f66edd570c/mza_3025981348644196724.jpg/170x170bb.png], width = [224], height = [224]
08-04 13:24:27.526 27166 27930 D DBReader: getImageAuthentication() called with: imageUrl = [https://is4-ssl.mzstatic.com/image/thumb/Podcasts113/v4/e5/8a/10/e58a108f-f5d0-f622-c94a-13f66edd570c/mza_3025981348644196724.jpg/170x170bb.png]
08-04 13:24:27.526 27166 27922 D ApOkHttpUrlLoader: no credentials for 'https://is4-ssl.mzstatic.com/image/thumb/Podcasts114/v4/3f/16/74/3f167426-bf50-ce3a-d709-e4301620fc5b/mza_5832671293059882550.jpeg/170x170bb.png'
08-04 13:24:27.528 27166 27923 D ApOkHttpUrlLoader: buildLoadData() called with: model = [https://is2-ssl.mzstatic.com/image/thumb/Podcasts113/v4/a9/39/cc/a939ccc5-6d60-0c11-0a4c-16d71cdef89b/mza_8787577209688278658.jpg/170x170bb.png], width = [224], height = [224]
08-04 13:24:27.530 27166 27924 D DBReader: getImageAuthentication() called with: imageUrl = [https://is2-ssl.mzstatic.com/image/thumb/Podcasts113/v4/a9/39/cc/a939ccc5-6d60-0c11-0a4c-16d71cdef89b/mza_8787577209688278658.jpg/170x170bb.png]
08-04 13:24:27.530 27166 27930 D ApOkHttpUrlLoader: no credentials for 'https://is4-ssl.mzstatic.com/image/thumb/Podcasts113/v4/e5/8a/10/e58a108f-f5d0-f622-c94a-13f66edd570c/mza_3025981348644196724.jpg/170x170bb.png'
08-04 13:24:27.531 27166 27921 D ApOkHttpUrlLoader: buildLoadData() called with: model = [https://is5-ssl.mzstatic.com/image/thumb/Podcasts114/v4/93/cf/99/93cf9960-fff3-205e-6655-72c03ddeccb2/mza_10545582232493904175.jpeg/170x170bb.png], width = [224], height = [224]
08-04 13:24:27.532 27166 27928 D DBReader: getImageAuthentication() called with: imageUrl = [https://is5-ssl.mzstatic.com/image/thumb/Podcasts114/v4/93/cf/99/93cf9960-fff3-205e-6655-72c03ddeccb2/mza_10545582232493904175.jpeg/170x170bb.png]
08-04 13:24:27.533 27166 27925 D ApOkHttpUrlLoader: buildLoadData() called with: model = [https://is4-ssl.mzstatic.com/image/thumb/Podcasts124/v4/49/a4/91/49a491b7-3daf-c5dc-d7c6-6c4f1486955c/mza_5930014091766152297.png/170x170bb.png], width = [224], height = [224]
08-04 13:24:27.534 27166 27924 D ApOkHttpUrlLoader: no credentials for 'https://is2-ssl.mzstatic.com/image/thumb/Podcasts113/v4/a9/39/cc/a939ccc5-6d60-0c11-0a4c-16d71cdef89b/mza_8787577209688278658.jpg/170x170bb.png'
08-04 13:24:27.536 27166 27929 D DBReader: getImageAuthentication() called with: imageUrl = [https://is4-ssl.mzstatic.com/image/thumb/Podcasts124/v4/49/a4/91/49a491b7-3daf-c5dc-d7c6-6c4f1486955c/mza_5930014091766152297.png/170x170bb.png]
08-04 13:24:27.536 27166 27927 D ApOkHttpUrlLoader: buildLoadData() called with: model = [https://is5-ssl.mzstatic.com/image/thumb/Podcasts113/v4/fd/54/6e/fd546ea0-7ab2-e3f0-6049-884d82917af9/mza_4855349695799758348.jpeg/170x170bb.png], width = [224], height = [224]
08-04 13:24:27.537 27166 27926 D DBReader: getImageAuthentication() called with: imageUrl = [https://is5-ssl.mzstatic.com/image/thumb/Podcasts113/v4/fd/54/6e/fd546ea0-7ab2-e3f0-6049-884d82917af9/mza_4855349695799758348.jpeg/170x170bb.png]
08-04 13:24:27.539 27166 27928 D ApOkHttpUrlLoader: no credentials for 'https://is5-ssl.mzstatic.com/image/thumb/Podcasts114/v4/93/cf/99/93cf9960-fff3-205e-6655-72c03ddeccb2/mza_10545582232493904175.jpeg/170x170bb.png'
08-04 13:24:27.540 27166 27624 I art     : Explicit concurrent mark sweep GC freed 7365(381KB) AllocSpace objects, 1(100KB) LOS objects, 37% free, 27MB/43MB, paused 1.753ms total 28.197ms
08-04 13:24:27.541 27166 27923 D ApOkHttpUrlLoader: buildLoadData() called with: model = [https://is2-ssl.mzstatic.com/image/thumb/Podcasts114/v4/b3/4c/cf/b34ccfc2-cea4-1ca1-0fad-7793af301cc5/mza_2466085192629456364.jpg/170x170bb.png], width = [224], height = [224]
08-04 13:24:27.542 27166 27931 D DBReader: getImageAuthentication() called with: imageUrl = [https://is2-ssl.mzstatic.com/image/thumb/Podcasts114/v4/b3/4c/cf/b34ccfc2-cea4-1ca1-0fad-7793af301cc5/mza_2466085192629456364.jpg/170x170bb.png]
08-04 13:24:27.543 27166 27926 D ApOkHttpUrlLoader: no credentials for 'https://is5-ssl.mzstatic.com/image/thumb/Podcasts113/v4/fd/54/6e/fd546ea0-7ab2-e3f0-6049-884d82917af9/mza_4855349695799758348.jpeg/170x170bb.png'
08-04 13:24:27.546 27166 27929 D ApOkHttpUrlLoader: no credentials for 'https://is4-ssl.mzstatic.com/image/thumb/Podcasts124/v4/49/a4/91/49a491b7-3daf-c5dc-d7c6-6c4f1486955c/mza_5930014091766152297.png/170x170bb.png'
08-04 13:24:27.548 27166 27931 D ApOkHttpUrlLoader: no credentials for 'https://is2-ssl.mzstatic.com/image/thumb/Podcasts114/v4/b3/4c/cf/b34ccfc2-cea4-1ca1-0fad-7793af301cc5/mza_2466085192629456364.jpg/170x170bb.png'
08-04 13:24:27.549 27166 27624 I art     : Starting a blocking GC Explicit
08-04 13:24:27.575 27166 27624 I art     : Explicit concurrent mark sweep GC freed 1228(88KB) AllocSpace objects, 0(0B) LOS objects, 37% free, 27MB/43MB, paused 1.195ms total 26.105ms
08-04 13:24:27.583 27166 27624 I art     : Starting a blocking GC Explicit
08-04 13:24:27.609 27166 27624 I art     : Explicit concurrent mark sweep GC freed 321(20KB) AllocSpace objects, 0(0B) LOS objects, 37% free, 27MB/43MB, paused 1.074ms total 25.290ms
08-04 13:24:27.890 27166 27178 I art     : Starting a blocking GC Explicit
08-04 13:24:27.898 27166 27922 D MYTAG   : interceptor 2a
08-04 13:24:27.899 27166 27922 I NAPPA_EXPERIMENTATION: MetricNetworkRequestExecutionTime: REQUEST_DURATION_SYSTEM='372',REQUEST_DURATION_OKHTTP='170',REQUEST_SYNCHRONOUS='TRUE',RESPONSE_CODE='200',RESPONSE_METHOD='GET',RESPONSE_LENGTH_OKHTTP='26177',RESPONSE_LENGTH_HEADER='26177',REQUEST_PROTOCOL='h2',REQUEST_URL='https://is4-ssl.mzstatic.com/image/thumb/Podcasts114/v4/3f/16/74/3f167426-bf50-ce3a-d709-e4301620fc5b/mza_5832671293059882550.jpeg/170x170bb.png',
08-04 13:24:27.933 27166 27178 I art     : Explicit concurrent mark sweep GC freed 29162(1428KB) AllocSpace objects, 1(20KB) LOS objects, 36% free, 27MB/43MB, paused 1.722ms total 42.699ms
08-04 13:24:27.942 27166 27178 I art     : Starting a blocking GC Explicit
08-04 13:24:27.958 27166 27930 D MYTAG   : interceptor 2a
08-04 13:24:27.959 27166 27930 I NAPPA_EXPERIMENTATION: MetricNetworkRequestExecutionTime: REQUEST_DURATION_SYSTEM='427',REQUEST_DURATION_OKHTTP='211',REQUEST_SYNCHRONOUS='TRUE',RESPONSE_CODE='200',RESPONSE_METHOD='GET',RESPONSE_LENGTH_OKHTTP='45995',RESPONSE_LENGTH_HEADER='45995',REQUEST_PROTOCOL='h2',REQUEST_URL='https://is4-ssl.mzstatic.com/image/thumb/Podcasts113/v4/e5/8a/10/e58a108f-f5d0-f622-c94a-13f66edd570c/mza_3025981348644196724.jpg/170x170bb.png',
08-04 13:24:27.972 27166 27178 I art     : Explicit concurrent mark sweep GC freed 1259(55KB) AllocSpace objects, 0(0B) LOS objects, 36% free, 27MB/43MB, paused 1.089ms total 29.007ms
08-04 13:24:27.973 27166 27931 D MYTAG   : interceptor 2a
08-04 13:24:27.973 27166 27931 I NAPPA_EXPERIMENTATION: MetricNetworkRequestExecutionTime: REQUEST_DURATION_SYSTEM='425',REQUEST_DURATION_OKHTTP='225',REQUEST_SYNCHRONOUS='TRUE',RESPONSE_CODE='200',RESPONSE_METHOD='GET',RESPONSE_LENGTH_OKHTTP='42299',RESPONSE_LENGTH_HEADER='42299',REQUEST_PROTOCOL='h2',REQUEST_URL='https://is2-ssl.mzstatic.com/image/thumb/Podcasts114/v4/b3/4c/cf/b34ccfc2-cea4-1ca1-0fad-7793af301cc5/mza_2466085192629456364.jpg/170x170bb.png',
08-04 13:24:27.980 27166 27178 I art     : Starting a blocking GC Explicit
08-04 13:24:27.985 27166 27929 D MYTAG   : interceptor 2a
08-04 13:24:27.985 27166 27929 I NAPPA_EXPERIMENTATION: MetricNetworkRequestExecutionTime: REQUEST_DURATION_SYSTEM='439',REQUEST_DURATION_OKHTTP='230',REQUEST_SYNCHRONOUS='TRUE',RESPONSE_CODE='200',RESPONSE_METHOD='GET',RESPONSE_LENGTH_OKHTTP='12000',RESPONSE_LENGTH_HEADER='12000',REQUEST_PROTOCOL='h2',REQUEST_URL='https://is4-ssl.mzstatic.com/image/thumb/Podcasts124/v4/49/a4/91/49a491b7-3daf-c5dc-d7c6-6c4f1486955c/mza_5930014091766152297.png/170x170bb.png',
08-04 13:24:27.995 27166 27924 D MYTAG   : interceptor 2a
08-04 13:24:27.995 27166 27924 I NAPPA_EXPERIMENTATION: MetricNetworkRequestExecutionTime: REQUEST_DURATION_SYSTEM='461',REQUEST_DURATION_OKHTTP='242',REQUEST_SYNCHRONOUS='TRUE',RESPONSE_CODE='200',RESPONSE_METHOD='GET',RESPONSE_LENGTH_OKHTTP='48239',RESPONSE_LENGTH_HEADER='48239',REQUEST_PROTOCOL='h2',REQUEST_URL='https://is2-ssl.mzstatic.com/image/thumb/Podcasts113/v4/a9/39/cc/a939ccc5-6d60-0c11-0a4c-16d71cdef89b/mza_8787577209688278658.jpg/170x170bb.png',
08-04 13:24:27.998 27166 27926 D MYTAG   : interceptor 2a
08-04 13:24:27.998 27166 27926 I NAPPA_EXPERIMENTATION: MetricNetworkRequestExecutionTime: REQUEST_DURATION_SYSTEM='455',REQUEST_DURATION_OKHTTP='237',REQUEST_SYNCHRONOUS='TRUE',RESPONSE_CODE='200',RESPONSE_METHOD='GET',RESPONSE_LENGTH_OKHTTP='54835',RESPONSE_LENGTH_HEADER='54835',REQUEST_PROTOCOL='h2',REQUEST_URL='https://is5-ssl.mzstatic.com/image/thumb/Podcasts113/v4/fd/54/6e/fd546ea0-7ab2-e3f0-6049-884d82917af9/mza_4855349695799758348.jpeg/170x170bb.png',
08-04 13:24:28.007 27166 27178 I art     : Explicit concurrent mark sweep GC freed 1153(87KB) AllocSpace objects, 0(0B) LOS objects, 36% free, 28MB/44MB, paused 1.465ms total 26.387ms
08-04 13:24:28.010 27166 27928 D MYTAG   : interceptor 2a
08-04 13:24:28.010 27166 27928 I NAPPA_EXPERIMENTATION: MetricNetworkRequestExecutionTime: REQUEST_DURATION_SYSTEM='471',REQUEST_DURATION_OKHTTP='258',REQUEST_SYNCHRONOUS='TRUE',RESPONSE_CODE='200',RESPONSE_METHOD='GET',RESPONSE_LENGTH_OKHTTP='22351',RESPONSE_LENGTH_HEADER='22351',REQUEST_PROTOCOL='h2',REQUEST_URL='https://is5-ssl.mzstatic.com/image/thumb/Podcasts114/v4/93/cf/99/93cf9960-fff3-205e-6655-72c03ddeccb2/mza_10545582232493904175.jpeg/170x170bb.png',
08-04 13:24:28.015 27166 27178 I art     : Starting a blocking GC Explicit
08-04 13:24:28.042 27166 27178 I art     : Explicit concurrent mark sweep GC freed 901(46KB) AllocSpace objects, 0(0B) LOS objects, 36% free, 28MB/44MB, paused 949us total 25.929ms
08-04 13:24:28.052 27166 27178 I art     : Starting a blocking GC Explicit
08-04 13:24:28.076 27166 27178 I art     : Explicit concurrent mark sweep GC freed 460(18KB) AllocSpace objects, 0(0B) LOS objects, 36% free, 28MB/44MB, paused 849us total 24.448ms
08-04 13:24:28.372 27166 27624 I art     : Starting a blocking GC Explicit
08-04 13:24:28.414 27166 27624 I art     : Explicit concurrent mark sweep GC freed 1383(81KB) AllocSpace objects, 1(20KB) LOS objects, 36% free, 28MB/44MB, paused 1.028ms total 41.609ms
08-04 13:24:28.428 27166 27624 I art     : Starting a blocking GC Explicit
08-04 13:24:28.457 27166 27624 I art     : Explicit concurrent mark sweep GC freed 23(752B) AllocSpace objects, 0(0B) LOS objects, 36% free, 28MB/44MB, paused 1.021ms total 29.220ms
08-04 13:24:28.467 27166 27624 I art     : Starting a blocking GC Explicit
08-04 13:24:28.480 13866 13882 I PeriodicStatsRunner: PeriodicStatsRunner.call():175 call()
08-04 13:24:28.480 13866 13882 I PeriodicStatsRunner: PeriodicStatsRunner.call():179 No submit PeriodicStats since input started.
08-04 13:24:28.495 27166 27624 I art     : Explicit concurrent mark sweep GC freed 3(96B) AllocSpace objects, 0(0B) LOS objects, 36% free, 28MB/44MB, paused 935us total 28.164ms
08-04 13:24:28.505 27166 27624 I art     : Starting a blocking GC Explicit
08-04 13:24:28.533 27166 27624 I art     : Explicit concurrent mark sweep GC freed 32(880B) AllocSpace objects, 0(0B) LOS objects, 36% free, 28MB/44MB, paused 956us total 28.363ms
08-04 13:24:28.543 27166 27624 I art     : Starting a blocking GC Explicit
08-04 13:24:28.572 27166 27624 I art     : Explicit concurrent mark sweep GC freed 3(96B) AllocSpace objects, 0(0B) LOS objects, 36% free, 28MB/44MB, paused 963us total 28.487ms
08-04 13:24:28.919 27166 27190 I art     : Starting a blocking GC Explicit
08-04 13:24:28.957 27166 27190 I art     : Explicit concurrent mark sweep GC freed 1373(81KB) AllocSpace objects, 1(20KB) LOS objects, 36% free, 28MB/44MB, paused 1.041ms total 37.462ms
08-04 13:24:28.967 27166 27190 I art     : Starting a blocking GC Explicit
08-04 13:24:28.997 27166 27190 I art     : Explicit concurrent mark sweep GC freed 23(752B) AllocSpace objects, 0(0B) LOS objects, 36% free, 28MB/44MB, paused 949us total 28.869ms
08-04 13:24:29.006 27166 27190 I art     : Starting a blocking GC Explicit
08-04 13:24:29.035 27166 27190 I art     : Explicit concurrent mark sweep GC freed 3(96B) AllocSpace objects, 0(0B) LOS objects, 36% free, 28MB/44MB, paused 975us total 28.894ms
08-04 13:24:29.045 27166 27190 I art     : Starting a blocking GC Explicit
08-04 13:24:29.074 27166 27190 I art     : Explicit concurrent mark sweep GC freed 3(96B) AllocSpace objects, 0(0B) LOS objects, 36% free, 28MB/44MB, paused 965us total 28.521ms
08-04 13:24:29.083 27166 27190 I art     : Starting a blocking GC Explicit
08-04 13:24:29.112 27166 27190 I art     : Explicit concurrent mark sweep GC freed 3(96B) AllocSpace objects, 0(0B) LOS objects, 36% free, 28MB/44MB, paused 952us total 28.691ms
08-04 13:24:29.457 27166 27190 I art     : Starting a blocking GC Explicit
08-04 13:24:29.486 27166 27190 I art     : Explicit concurrent mark sweep GC freed 1404(83KB) AllocSpace objects, 1(20KB) LOS objects, 36% free, 28MB/44MB, paused 885us total 28.932ms
08-04 13:24:29.495 27166 27190 I art     : Starting a blocking GC Explicit
08-04 13:24:29.524 27166 27190 I art     : Explicit concurrent mark sweep GC freed 52(1536B) AllocSpace objects, 0(0B) LOS objects, 36% free, 28MB/44MB, paused 917us total 28.354ms
08-04 13:24:29.533 27166 27190 I art     : Starting a blocking GC Explicit
08-04 13:24:29.561 27166 27190 I art     : Explicit concurrent mark sweep GC freed 3(96B) AllocSpace objects, 0(0B) LOS objects, 36% free, 28MB/44MB, paused 929us total 27.750ms
08-04 13:24:29.571 27166 27190 I art     : Starting a blocking GC Explicit
08-04 13:24:29.599 27166 27190 I art     : Explicit concurrent mark sweep GC freed 3(96B) AllocSpace objects, 0(0B) LOS objects, 36% free, 28MB/44MB, paused 970us total 28.366ms
08-04 13:24:29.609 27166 27190 I art     : Starting a blocking GC Explicit
08-04 13:24:29.637 27166 27190 I art     : Explicit concurrent mark sweep GC freed 3(96B) AllocSpace objects, 0(0B) LOS objects, 36% free, 28MB/44MB, paused 1.099ms total 28.515ms
08-04 13:24:29.985 27166 27624 I art     : Starting a blocking GC Explicit
08-04 13:24:30.021 27166 27624 I art     : Explicit concurrent mark sweep GC freed 1373(81KB) AllocSpace objects, 1(20KB) LOS objects, 36% free, 28MB/44MB, paused 961us total 35.357ms
08-04 13:24:30.031 27166 27624 I art     : Starting a blocking GC Explicit
08-04 13:24:30.060 27166 27624 I art     : Explicit concurrent mark sweep GC freed 23(752B) AllocSpace objects, 0(0B) LOS objects, 36% free, 28MB/44MB, paused 1.016ms total 28.904ms
08-04 13:24:30.069 27166 27624 I art     : Starting a blocking GC Explicit
08-04 13:24:30.098 27166 27624 I art     : Explicit concurrent mark sweep GC freed 3(96B) AllocSpace objects, 0(0B) LOS objects, 36% free, 28MB/44MB, paused 1.001ms total 28.883ms
08-04 13:24:30.108 27166 27624 I art     : Starting a blocking GC Explicit
08-04 13:24:30.137 27166 27624 I art     : Explicit concurrent mark sweep GC freed 3(96B) AllocSpace objects, 0(0B) LOS objects, 36% free, 28MB/44MB, paused 951us total 28.480ms
08-04 13:24:30.146 27166 27624 I art     : Starting a blocking GC Explicit
08-04 13:24:30.152 13866 13882 I PeriodicStatsRunner: PeriodicStatsRunner.call():175 call()
08-04 13:24:30.152 13866 13882 I PeriodicStatsRunner: PeriodicStatsRunner.call():179 No submit PeriodicStats since input started.
08-04 13:24:30.175 27166 27624 I art     : Explicit concurrent mark sweep GC freed 3(96B) AllocSpace objects, 0(0B) LOS objects, 36% free, 28MB/44MB, paused 952us total 28.482ms
08-04 13:24:30.502 27166 27179 I art     : Starting a blocking GC Explicit
08-04 13:24:30.541 27166 27179 I art     : Explicit concurrent mark sweep GC freed 1403(83KB) AllocSpace objects, 1(20KB) LOS objects, 36% free, 28MB/44MB, paused 1.041ms total 38.937ms
08-04 13:24:30.554 27166 27179 I art     : Starting a blocking GC Explicit
08-04 13:24:30.582 27166 27179 I art     : Explicit concurrent mark sweep GC freed 23(752B) AllocSpace objects, 0(0B) LOS objects, 36% free, 28MB/44MB, paused 961us total 28.569ms
08-04 13:24:30.592 27166 27179 I art     : Starting a blocking GC Explicit
08-04 13:24:30.620 27166 27179 I art     : Explicit concurrent mark sweep GC freed 3(96B) AllocSpace objects, 0(0B) LOS objects, 36% free, 28MB/44MB, paused 931us total 27.541ms
08-04 13:24:30.629 27166 27179 I art     : Starting a blocking GC Explicit
08-04 13:24:30.658 27166 27179 I art     : Explicit concurrent mark sweep GC freed 3(96B) AllocSpace objects, 0(0B) LOS objects, 36% free, 28MB/44MB, paused 980us total 28.720ms
08-04 13:24:30.668 27166 27179 I art     : Starting a blocking GC Explicit
08-04 13:24:30.697 27166 27179 I art     : Explicit concurrent mark sweep GC freed 3(96B) AllocSpace objects, 0(0B) LOS objects, 36% free, 28MB/44MB, paused 976us total 28.659ms
08-04 13:24:31.032 27166 27178 I art     : Starting a blocking GC Explicit
08-04 13:24:31.069 27166 27178 I art     : Explicit concurrent mark sweep GC freed 1373(81KB) AllocSpace objects, 1(20KB) LOS objects, 36% free, 28MB/44MB, paused 1.094ms total 37.464ms
08-04 13:24:31.080 27166 27178 I art     : Starting a blocking GC Explicit
08-04 13:24:31.109 27166 27178 I art     : Explicit concurrent mark sweep GC freed 23(752B) AllocSpace objects, 0(0B) LOS objects, 36% free, 28MB/44MB, paused 1.054ms total 28.956ms
08-04 13:24:31.119 27166 27178 I art     : Starting a blocking GC Explicit
08-04 13:24:31.147 27166 27178 I art     : Explicit concurrent mark sweep GC freed 3(96B) AllocSpace objects, 0(0B) LOS objects, 36% free, 28MB/44MB, paused 1.032ms total 28.469ms
08-04 13:24:31.148 27166 27177 I art     : WaitForGcToComplete blocked for 18.771ms for cause HeapTrim
08-04 13:24:31.157 27166 27178 I art     : Starting a blocking GC Explicit
08-04 13:24:31.185 27166 27178 I art     : Explicit concurrent mark sweep GC freed 3(96B) AllocSpace objects, 0(0B) LOS objects, 36% free, 28MB/44MB, paused 943us total 28.001ms
08-04 13:24:31.195 27166 27178 I art     : Starting a blocking GC Explicit
08-04 13:24:31.223 27166 27178 I art     : Explicit concurrent mark sweep GC freed 3(96B) AllocSpace objects, 0(0B) LOS objects, 36% free, 28MB/44MB, paused 930us total 28.174ms
08-04 13:24:31.553 27166 27190 I art     : Starting a blocking GC Explicit
08-04 13:24:31.595 27166 27190 I art     : Explicit concurrent mark sweep GC freed 1401(81KB) AllocSpace objects, 1(20KB) LOS objects, 36% free, 28MB/44MB, paused 1.018ms total 41.353ms
08-04 13:24:31.608 27166 27190 I art     : Starting a blocking GC Explicit
08-04 13:24:31.637 27166 27190 I art     : Explicit concurrent mark sweep GC freed 23(752B) AllocSpace objects, 0(0B) LOS objects, 36% free, 28MB/44MB, paused 1.035ms total 29.329ms
08-04 13:24:31.647 27166 27190 I art     : Starting a blocking GC Explicit
08-04 13:24:31.675 27166 27190 I art     : Explicit concurrent mark sweep GC freed 3(96B) AllocSpace objects, 0(0B) LOS objects, 36% free, 28MB/44MB, paused 945us total 28.149ms
08-04 13:24:31.685 27166 27190 I art     : Starting a blocking GC Explicit
08-04 13:24:31.713 27166 27190 I art     : Explicit concurrent mark sweep GC freed 3(96B) AllocSpace objects, 0(0B) LOS objects, 36% free, 28MB/44MB, paused 931us total 28.331ms
08-04 13:24:31.723 27166 27190 I art     : Starting a blocking GC Explicit
08-04 13:24:31.751 27166 27190 I art     : Explicit concurrent mark sweep GC freed 3(96B) AllocSpace objects, 0(0B) LOS objects, 36% free, 28MB/44MB, paused 973us total 27.972ms
08-04 13:24:32.077 27166 27624 I art     : Starting a blocking GC Explicit
08-04 13:24:32.116 27166 27624 I art     : Explicit concurrent mark sweep GC freed 1372(80KB) AllocSpace objects, 1(20KB) LOS objects, 36% free, 28MB/44MB, paused 991us total 39.077ms
08-04 13:24:32.129 27166 27624 I art     : Starting a blocking GC Explicit
08-04 13:24:32.158 27166 27624 I art     : Explicit concurrent mark sweep GC freed 23(752B) AllocSpace objects, 0(0B) LOS objects, 36% free, 28MB/44MB, paused 1.026ms total 29.003ms
08-04 13:24:32.168 27166 27624 I art     : Starting a blocking GC Explicit
08-04 13:24:32.196 27166 27624 I art     : Explicit concurrent mark sweep GC freed 3(96B) AllocSpace objects, 0(0B) LOS objects, 36% free, 28MB/44MB, paused 945us total 28.033ms
08-04 13:24:32.205 27166 27624 I art     : Starting a blocking GC Explicit
08-04 13:24:32.234 27166 27624 I art     : Explicit concurrent mark sweep GC freed 3(96B) AllocSpace objects, 0(0B) LOS objects, 36% free, 28MB/44MB, paused 961us total 28.286ms
08-04 13:24:32.244 27166 27624 I art     : Starting a blocking GC Explicit
08-04 13:24:32.272 27166 27624 I art     : Explicit concurrent mark sweep GC freed 3(96B) AllocSpace objects, 0(0B) LOS objects, 36% free, 28MB/44MB, paused 947us total 28ms
08-04 13:24:32.608 27166 27179 I art     : Starting a blocking GC Explicit
08-04 13:24:32.646 27166 27179 I art     : Explicit concurrent mark sweep GC freed 1401(81KB) AllocSpace objects, 1(20KB) LOS objects, 36% free, 28MB/44MB, paused 1.029ms total 38.092ms
08-04 13:24:32.658 27166 27179 I art     : Starting a blocking GC Explicit
08-04 13:24:32.687 27166 27179 I art     : Explicit concurrent mark sweep GC freed 23(752B) AllocSpace objects, 0(0B) LOS objects, 36% free, 28MB/44MB, paused 940us total 28.694ms
08-04 13:24:32.696 27166 27179 I art     : Starting a blocking GC Explicit
08-04 13:24:32.726 27166 27179 I art     : Explicit concurrent mark sweep GC freed 3(96B) AllocSpace objects, 0(0B) LOS objects, 36% free, 28MB/44MB, paused 960us total 29.137ms
08-04 13:24:32.735 27166 27179 I art     : Starting a blocking GC Explicit
08-04 13:24:32.764 27166 27179 I art     : Explicit concurrent mark sweep GC freed 3(96B) AllocSpace objects, 0(0B) LOS objects, 36% free, 28MB/44MB, paused 947us total 28.590ms
08-04 13:24:32.774 27166 27179 I art     : Starting a blocking GC Explicit
08-04 13:24:32.802 27166 27179 I art     : Explicit concurrent mark sweep GC freed 3(96B) AllocSpace objects, 0(0B) LOS objects, 36% free, 28MB/44MB, paused 951us total 28.449ms
08-04 13:24:32.917   518   646 I ThermalEngine: ACTION: GPU - Setting GPU[0] to 600000000
08-04 13:24:33.137 27166 27178 I art     : Starting a blocking GC Explicit
08-04 13:24:33.170 27166 27178 I art     : Explicit concurrent mark sweep GC freed 1372(80KB) AllocSpace objects, 1(20KB) LOS objects, 36% free, 28MB/44MB, paused 817us total 32.942ms
08-04 13:24:33.177 27166 27178 I art     : Starting a blocking GC Explicit
08-04 13:24:33.199 27166 27178 I art     : Explicit concurrent mark sweep GC freed 23(752B) AllocSpace objects, 0(0B) LOS objects, 36% free, 28MB/44MB, paused 725us total 21.534ms
08-04 13:24:33.206 27166 27178 I art     : Starting a blocking GC Explicit
08-04 13:24:33.226 27166 27178 I art     : Explicit concurrent mark sweep GC freed 3(96B) AllocSpace objects, 0(0B) LOS objects, 36% free, 28MB/44MB, paused 652us total 19.634ms
08-04 13:24:33.233 27166 27178 I art     : Starting a blocking GC Explicit
08-04 13:24:33.252 27166 27178 I art     : Explicit concurrent mark sweep GC freed 3(96B) AllocSpace objects, 0(0B) LOS objects, 36% free, 28MB/44MB, paused 683us total 19.558ms
08-04 13:24:33.259 27166 27178 I art     : Starting a blocking GC Explicit
08-04 13:24:33.279 27166 27178 I art     : Explicit concurrent mark sweep GC freed 3(96B) AllocSpace objects, 0(0B) LOS objects, 36% free, 28MB/44MB, paused 657us total 19.830ms
08-04 13:24:33.460 29273 29273 D AndroidRuntime: >>>>>> START com.android.internal.os.RuntimeInit uid 2000 <<<<<<
08-04 13:24:33.464 29273 29273 D AndroidRuntime: CheckJNI is OFF
08-04 13:24:33.489 29273 29273 D ICU     : No timezone override file found: /data/misc/zoneinfo/current/icu/icu_tzdata.dat
08-04 13:24:33.515 29273 29273 I Radio-JNI: register_android_hardware_Radio DONE
08-04 13:24:33.531 29273 29273 D AndroidRuntime: Calling main entry com.android.commands.input.Input
08-04 13:24:33.533 29273 29273 I Input   : injectMotionEvent: MotionEvent { action=ACTION_DOWN, actionButton=0, id[0]=0, x[0]=616.0, y[0]=469.0, toolType[0]=TOOL_TYPE_UNKNOWN, buttonState=0, metaState=0, flags=0x0, edgeFlags=0x0, pointerCount=1, historySize=0, eventTime=710689945, downTime=710689945, deviceId=0, source=0x1002 }
08-04 13:24:33.538 29273 29273 I Input   : injectMotionEvent: MotionEvent { action=ACTION_UP, actionButton=0, id[0]=0, x[0]=616.0, y[0]=469.0, toolType[0]=TOOL_TYPE_UNKNOWN, buttonState=0, metaState=0, flags=0x0, edgeFlags=0x0, pointerCount=1, historySize=0, eventTime=710689945, downTime=710689945, deviceId=0, source=0x1002 }
08-04 13:24:33.540 29273 29273 D AndroidRuntime: Shutting down VM
08-04 13:24:33.578 27166 27179 I art     : Starting a blocking GC Explicit
08-04 13:24:33.603 27166 27179 I art     : Explicit concurrent mark sweep GC freed 1423(82KB) AllocSpace objects, 1(20KB) LOS objects, 36% free, 28MB/44MB, paused 765us total 25.101ms
08-04 13:24:33.607   512  2967 D audio_hw_primary: out_set_parameters: enter: usecase(1: low-latency-playback) kvpairs: routing=2
08-04 13:24:33.612 27166 27179 I art     : Starting a blocking GC Explicit
08-04 13:24:33.620   512  2967 D audio_hw_primary: select_devices: out_snd_device(2: speaker) in_snd_device(0: none)
08-04 13:24:33.621   512  2967 D msm8974_platform: platform_send_audio_calibration: sending audio calibration for snd_device(2) acdb_id(15)
08-04 13:24:33.621   512  2967 I soundtrigger: audio_extn_sound_trigger_update_device_status: device 0x2 of type 0 for Event 1
08-04 13:24:33.635   512  2967 D audio_hw_primary: enable_snd_device: snd_device(2: speaker)
08-04 13:24:33.637   512  2967 D audio_hw_primary: enable_audio_route: apply and update mixer path: low-latency-playback speaker
08-04 13:24:33.639 27166 27179 I art     : Explicit concurrent mark sweep GC freed 222(9KB) AllocSpace objects, 0(0B) LOS objects, 36% free, 28MB/44MB, paused 930us total 27.037ms
08-04 13:24:33.647 27166 27179 I art     : Starting a blocking GC Explicit
08-04 13:24:33.670 27166 27179 I art     : Explicit concurrent mark sweep GC freed 19(736B) AllocSpace objects, 0(0B) LOS objects, 36% free, 28MB/44MB, paused 727us total 22.479ms
08-04 13:24:33.677 27166 27179 I art     : Starting a blocking GC Explicit
08-04 13:24:33.698 27166 27179 I art     : Explicit concurrent mark sweep GC freed 13(480B) AllocSpace objects, 0(0B) LOS objects, 36% free, 28MB/44MB, paused 778us total 21.162ms
08-04 13:24:33.705 27166 27179 I art     : Starting a blocking GC Explicit
08-04 13:24:33.727 27166 27179 I art     : Explicit concurrent mark sweep GC freed 10(352B) AllocSpace objects, 0(0B) LOS objects, 36% free, 28MB/44MB, paused 894us total 21.556ms
08-04 13:24:33.830 27166 27186 I NAPPA_EXPERIMENTATION: MetricNetworkRequestExecutionTime: REQUEST_DURATION_SYSTEM='224',REQUEST_DURATION_OKHTTP='223',REQUEST_SYNCHRONOUS='TRUE',RESPONSE_CODE='200',RESPONSE_METHOD='GET',RESPONSE_LENGTH_OKHTTP='-1',RESPONSE_LENGTH_HEADER='628',REQUEST_PROTOCOL='h2',REQUEST_URL='https://itunes.apple.com/lookup?id=1524080195',
08-04 13:24:33.848   918  5952 I ActivityManager: START u0 {cmp=baseline.de.danoeh.antennapod.debug/baseline.de.danoeh.antennapod.activity.OnlineFeedViewActivity (has extras)} from uid 10670 on display 0
08-04 13:24:33.869 13866 13866 I GoogleInputMethodServic: GoogleInputMethodService.onFinishInput():3138 
08-04 13:24:33.870 13866 13866 I GoogleInputMethodServic: GoogleInputMethodService.onStartInput():1808 
08-04 13:24:33.889 27166 27166 D UserPreferences: Using default data folder
08-04 13:24:33.889 27166 27166 D OnlineFeedViewActivity: Activity was started with url https://rss.art19.com/nice-white-parents
08-04 13:24:33.892 27166 27166 D OnlineFeedViewActivity: Starting feed download
08-04 13:24:33.894 27166 27193 D DBReader: Extracting Feedlist
08-04 13:24:33.896   918  5952 D WifiService: acquireWifiLockLocked: WifiLock{Downloader type=1 binder=android.os.BinderProxy@ec3f35f}
08-04 13:24:33.897 27166 27193 D AntennapodHttpClient: Creating new instance of HTTP client
08-04 13:24:33.954 13866 13866 I GoogleInputMethodServic: GoogleInputMethodService.onFinishInput():3138 
08-04 13:24:33.955 13866 13866 I GoogleInputMethodServic: GoogleInputMethodService.onStartInput():1808 
08-04 13:24:33.980   918   936 I ActivityManager: Displayed baseline.de.danoeh.antennapod.debug/baseline.de.danoeh.antennapod.activity.OnlineFeedViewActivity: +111ms
08-04 13:24:33.991 27166 27190 I art     : Starting a blocking GC Explicit
08-04 13:24:34.021 27166 27190 I art     : Explicit concurrent mark sweep GC freed 3462(225KB) AllocSpace objects, 1(20KB) LOS objects, 35% free, 28MB/44MB, paused 1.038ms total 30.076ms
08-04 13:24:34.031 27166 27190 I art     : Starting a blocking GC Explicit
08-04 13:24:34.055 27166 27190 I art     : Explicit concurrent mark sweep GC freed 4574(217KB) AllocSpace objects, 2(120KB) LOS objects, 35% free, 28MB/44MB, paused 771us total 23.361ms
08-04 13:24:34.062 27166 27190 I art     : Starting a blocking GC Explicit
08-04 13:24:34.083 27166 27190 I art     : Explicit concurrent mark sweep GC freed 974(117KB) AllocSpace objects, 1(80KB) LOS objects, 35% free, 28MB/44MB, paused 672us total 21.140ms
08-04 13:24:34.091 27166 27190 I art     : Starting a blocking GC Explicit
08-04 13:24:34.113 27166 27190 I art     : Explicit concurrent mark sweep GC freed 29(1344B) AllocSpace objects, 0(0B) LOS objects, 35% free, 28MB/44MB, paused 711us total 22.258ms
08-04 13:24:34.120 27166 27190 I art     : Starting a blocking GC Explicit
08-04 13:24:34.144 27166 27190 I art     : Explicit concurrent mark sweep GC freed 7(256B) AllocSpace objects, 0(0B) LOS objects, 35% free, 28MB/44MB, paused 773us total 23.810ms
08-04 13:24:34.179   512  2967 D audio_hw_primary: disable_audio_route: reset and update mixer path: low-latency-playback speaker
08-04 13:24:34.181   512  2967 D audio_hw_primary: disable_snd_device: snd_device(2: speaker)
08-04 13:24:34.190   512  2967 I soundtrigger: audio_extn_sound_trigger_update_device_status: device 0x2 of type 0 for Event 0
08-04 13:24:34.192 27166 27193 D MYTAG   : interceptor 3a https://rss.art19.com/nice-white-parents
08-04 13:24:34.192 27166 27193 I NAPPA_EXPERIMENTATION: MetricNetworkRequestExecutionTime: REQUEST_DURATION_SYSTEM='294',REQUEST_DURATION_OKHTTP='144',REQUEST_SYNCHRONOUS='TRUE',RESPONSE_CODE='200',RESPONSE_METHOD='GET',RESPONSE_LENGTH_OKHTTP='-1',RESPONSE_LENGTH_HEADER='1803',REQUEST_PROTOCOL='h2',REQUEST_URL='https://rss.art19.com/nice-white-parents',
08-04 13:24:34.192 27166 27193 D HttpDownloader: Response code is 200
08-04 13:24:34.192 27166 27193 D UserPreferences: Using default data folder
08-04 13:24:34.193 27166 27193 D HttpDownloader: Getting size of download
08-04 13:24:34.193 27166 27193 D HttpDownloader: Size is -1
08-04 13:24:34.194 27166 27193 D UserPreferences: Using default data folder
08-04 13:24:34.194 27166 27193 D HttpDownloader: Free space is 20244627456
08-04 13:24:34.194 27166 27193 D HttpDownloader: Starting download
08-04 13:24:34.199 27166 27193 D HttpDownloader: Download was successful
08-04 13:24:34.199   918  5952 D WifiService: releaseWifiLockLocked: WifiLock{Downloader type=1 binder=android.os.BinderProxy@ec3f35f}
08-04 13:24:34.200 27166 27166 D OnlineFeedViewActivity: Parsing feed
08-04 13:24:34.203 27166 29309 D TypeGetter: Recognized type RSS 2.0
08-04 13:24:34.206 27166 29309 D SyndHandler: Recognized ITunes namespace
08-04 13:24:34.206 27166 29309 D SyndHandler: Recognized Atom namespace
08-04 13:24:34.206 27166 29309 D SyndHandler: Recognized Content namespace
08-04 13:24:34.216 27166 29309 D OnlineFeedViewActivity: Deleted feed source file. Result: true
08-04 13:24:34.217 27166 27166 D OnlineFeedViewActivity: Removing HTML from shownotes
08-04 13:24:34.227   380   380 W SurfaceFlinger: couldn't log to binary event log: overflow.
08-04 13:24:34.351 27166 27166 D PlaybackController: Releasing PlaybackController
08-04 13:24:34.430 27166 27178 I art     : Starting a blocking GC Explicit
08-04 13:24:34.453 27166 27178 I art     : Explicit concurrent mark sweep GC freed 3711(377KB) AllocSpace objects, 5(148KB) LOS objects, 35% free, 28MB/44MB, paused 702us total 22.976ms
08-04 13:24:34.460 27166 27178 I art     : Starting a blocking GC Explicit
08-04 13:24:34.481 27166 27178 I art     : Explicit concurrent mark sweep GC freed 657(31KB) AllocSpace objects, 1(112KB) LOS objects, 35% free, 28MB/44MB, paused 720us total 20.803ms
08-04 13:24:34.488 27166 27178 I art     : Starting a blocking GC Explicit
08-04 13:24:34.509 27166 27178 I art     : Explicit concurrent mark sweep GC freed 32(880B) AllocSpace objects, 0(0B) LOS objects, 35% free, 28MB/44MB, paused 720us total 21.231ms
08-04 13:24:34.517 27166 27178 I art     : Starting a blocking GC Explicit
08-04 13:24:34.540 27166 27178 I art     : Explicit concurrent mark sweep GC freed 3(96B) AllocSpace objects, 0(0B) LOS objects, 35% free, 28MB/44MB, paused 746us total 22.738ms
08-04 13:24:34.547 27166 27178 I art     : Starting a blocking GC Explicit
08-04 13:24:34.570 27166 27178 I art     : Explicit concurrent mark sweep GC freed 3(96B) AllocSpace objects, 0(0B) LOS objects, 35% free, 28MB/44MB, paused 717us total 22.714ms
08-04 13:24:34.857 27166 27179 I art     : Starting a blocking GC Explicit
08-04 13:24:34.885 27166 27179 I art     : Explicit concurrent mark sweep GC freed 1372(80KB) AllocSpace objects, 1(20KB) LOS objects, 35% free, 28MB/44MB, paused 764us total 28.211ms
08-04 13:24:34.893 27166 27179 I art     : Starting a blocking GC Explicit
08-04 13:24:34.918 27166 27179 I art     : Explicit concurrent mark sweep GC freed 23(752B) AllocSpace objects, 0(0B) LOS objects, 35% free, 28MB/44MB, paused 783us total 24.502ms
08-04 13:24:34.922   518   646 I ThermalEngine: ACTION: GPU - Setting GPU[0] to 510000000
08-04 13:24:34.931 27166 27179 I art     : Starting a blocking GC Explicit
08-04 13:24:34.962 27166 27179 I art     : Explicit concurrent mark sweep GC freed 3(96B) AllocSpace objects, 0(0B) LOS objects, 35% free, 28MB/44MB, paused 1.123ms total 30.061ms
08-04 13:24:34.972 27166 27179 I art     : Starting a blocking GC Explicit
08-04 13:24:35.002 27166 27179 I art     : Explicit concurrent mark sweep GC freed 3(96B) AllocSpace objects, 0(0B) LOS objects, 35% free, 28MB/44MB, paused 999us total 30.115ms
08-04 13:24:35.012 27166 27179 I art     : Starting a blocking GC Explicit
08-04 13:24:35.043 27166 27179 I art     : Explicit concurrent mark sweep GC freed 3(96B) AllocSpace objects, 0(0B) LOS objects, 35% free, 28MB/44MB, paused 1.012ms total 30.558ms
08-04 13:24:35.374 27166 27624 I art     : Starting a blocking GC Explicit
08-04 13:24:35.421 27166 27624 I art     : Explicit concurrent mark sweep GC freed 1372(80KB) AllocSpace objects, 1(20KB) LOS objects, 35% free, 28MB/44MB, paused 1.351ms total 47.090ms
08-04 13:24:35.433 27166 27624 I art     : Starting a blocking GC Explicit
08-04 13:24:35.463 27166 27624 I art     : Explicit concurrent mark sweep GC freed 23(752B) AllocSpace objects, 0(0B) LOS objects, 35% free, 28MB/44MB, paused 987us total 30.324ms
08-04 13:24:35.473 27166 27624 I art     : Starting a blocking GC Explicit
08-04 13:24:35.503 27166 27624 I art     : Explicit concurrent mark sweep GC freed 32(880B) AllocSpace objects, 0(0B) LOS objects, 35% free, 28MB/44MB, paused 993us total 29.903ms
08-04 13:24:35.513 27166 27624 I art     : Starting a blocking GC Explicit
08-04 13:24:35.543 27166 27624 I art     : Explicit concurrent mark sweep GC freed 3(96B) AllocSpace objects, 0(0B) LOS objects, 35% free, 28MB/44MB, paused 1.058ms total 29.335ms
08-04 13:24:35.553 27166 27624 I art     : Starting a blocking GC Explicit
08-04 13:24:35.582 27166 27624 I art     : Explicit concurrent mark sweep GC freed 3(96B) AllocSpace objects, 0(0B) LOS objects, 35% free, 28MB/44MB, paused 985us total 29.073ms
08-04 13:24:35.932 27166 27179 I art     : Starting a blocking GC Explicit
08-04 13:24:35.966 27166 27179 I art     : Explicit concurrent mark sweep GC freed 1388(81KB) AllocSpace objects, 1(20KB) LOS objects, 35% free, 28MB/44MB, paused 1.095ms total 33.492ms
08-04 13:24:35.977 27166 27179 I art     : Starting a blocking GC Explicit
08-04 13:24:36.007 27166 27179 I art     : Explicit concurrent mark sweep GC freed 28(912B) AllocSpace objects, 0(0B) LOS objects, 35% free, 28MB/44MB, paused 1.191ms total 30.084ms
08-04 13:24:36.017 27166 27179 I art     : Starting a blocking GC Explicit
08-04 13:24:36.046 27166 27179 I art     : Explicit concurrent mark sweep GC freed 8(256B) AllocSpace objects, 0(0B) LOS objects, 35% free, 28MB/44MB, paused 915us total 29.328ms
08-04 13:24:36.056 27166 27179 I art     : Starting a blocking GC Explicit
08-04 13:24:36.084 27166 27179 I art     : Explicit concurrent mark sweep GC freed 7(224B) AllocSpace objects, 0(0B) LOS objects, 35% free, 28MB/44MB, paused 901us total 28.306ms
08-04 13:24:36.094 27166 27179 I art     : Starting a blocking GC Explicit
08-04 13:24:36.124 27166 27179 I art     : Explicit concurrent mark sweep GC freed 3(96B) AllocSpace objects, 0(0B) LOS objects, 35% free, 28MB/44MB, paused 999us total 29.154ms
08-04 13:24:36.468 27166 27624 I art     : Starting a blocking GC Explicit
08-04 13:24:36.508 27166 27624 I art     : Explicit concurrent mark sweep GC freed 1401(81KB) AllocSpace objects, 1(20KB) LOS objects, 35% free, 28MB/44MB, paused 1.079ms total 39.753ms
08-04 13:24:36.520 27166 27624 I art     : Starting a blocking GC Explicit
08-04 13:24:36.550 27166 27624 I art     : Explicit concurrent mark sweep GC freed 23(752B) AllocSpace objects, 0(0B) LOS objects, 35% free, 28MB/44MB, paused 1.013ms total 30.270ms
08-04 13:24:36.560 27166 27624 I art     : Starting a blocking GC Explicit
08-04 13:24:36.591 27166 27624 I art     : Explicit concurrent mark sweep GC freed 3(96B) AllocSpace objects, 0(0B) LOS objects, 35% free, 28MB/44MB, paused 1.018ms total 30.370ms
08-04 13:24:36.600 27166 27624 I art     : Starting a blocking GC Explicit
08-04 13:24:36.631 27166 27624 I art     : Explicit concurrent mark sweep GC freed 3(96B) AllocSpace objects, 0(0B) LOS objects, 35% free, 28MB/44MB, paused 1.002ms total 30.022ms
08-04 13:24:36.640 27166 27624 I art     : Starting a blocking GC Explicit
08-04 13:24:36.671 27166 27624 I art     : Explicit concurrent mark sweep GC freed 3(96B) AllocSpace objects, 0(0B) LOS objects, 35% free, 28MB/44MB, paused 1.016ms total 30.638ms
08-04 13:24:36.991 27166 27178 I art     : Starting a blocking GC Explicit
08-04 13:24:37.029 27166 27178 I art     : Explicit concurrent mark sweep GC freed 1372(80KB) AllocSpace objects, 1(20KB) LOS objects, 35% free, 28MB/44MB, paused 1.165ms total 37.932ms
08-04 13:24:37.044 27166 27178 I art     : Starting a blocking GC Explicit
08-04 13:24:37.074 27166 27178 I art     : Explicit concurrent mark sweep GC freed 23(752B) AllocSpace objects, 0(0B) LOS objects, 35% free, 28MB/44MB, paused 1.003ms total 30.157ms
08-04 13:24:37.084 27166 27178 I art     : Starting a blocking GC Explicit
08-04 13:24:37.114 27166 27178 I art     : Explicit concurrent mark sweep GC freed 3(96B) AllocSpace objects, 0(0B) LOS objects, 35% free, 28MB/44MB, paused 1.008ms total 30.077ms
08-04 13:24:37.124 27166 27178 I art     : Starting a blocking GC Explicit
08-04 13:24:37.155 27166 27178 I art     : Explicit concurrent mark sweep GC freed 3(96B) AllocSpace objects, 0(0B) LOS objects, 35% free, 28MB/44MB, paused 1.001ms total 30.638ms
08-04 13:24:37.165 27166 27178 I art     : Starting a blocking GC Explicit
08-04 13:24:37.195 27166 27178 I art     : Explicit concurrent mark sweep GC freed 3(96B) AllocSpace objects, 0(0B) LOS objects, 35% free, 28MB/44MB, paused 1.027ms total 30.466ms
08-04 13:24:37.523 27166 27190 I art     : Starting a blocking GC Explicit
08-04 13:24:37.561 27166 27190 I art     : Explicit concurrent mark sweep GC freed 1402(83KB) AllocSpace objects, 1(20KB) LOS objects, 35% free, 28MB/44MB, paused 1.083ms total 38.551ms
08-04 13:24:37.572 27166 27190 I art     : Starting a blocking GC Explicit
08-04 13:24:37.603 27166 27190 I art     : Explicit concurrent mark sweep GC freed 23(752B) AllocSpace objects, 0(0B) LOS objects, 35% free, 28MB/44MB, paused 1.008ms total 30.691ms
08-04 13:24:37.613 27166 27190 I art     : Starting a blocking GC Explicit
08-04 13:24:37.644 27166 27190 I art     : Explicit concurrent mark sweep GC freed 3(96B) AllocSpace objects, 0(0B) LOS objects, 35% free, 28MB/44MB, paused 1.137ms total 30.532ms
08-04 13:24:37.654 27166 27190 I art     : Starting a blocking GC Explicit
08-04 13:24:37.684 27166 27190 I art     : Explicit concurrent mark sweep GC freed 3(96B) AllocSpace objects, 0(0B) LOS objects, 35% free, 28MB/44MB, paused 1.022ms total 30.028ms
08-04 13:24:37.694 27166 27190 I art     : Starting a blocking GC Explicit
08-04 13:24:37.724 27166 27190 I art     : Explicit concurrent mark sweep GC freed 3(96B) AllocSpace objects, 0(0B) LOS objects, 35% free, 28MB/44MB, paused 1.006ms total 30.146ms
08-04 13:24:38.000 27166 27179 I art     : Starting a blocking GC Explicit
08-04 13:24:38.030 27166 27179 I art     : Explicit concurrent mark sweep GC freed 1372(80KB) AllocSpace objects, 1(20KB) LOS objects, 35% free, 28MB/44MB, paused 1.061ms total 30.098ms
08-04 13:24:38.040 27166 27179 I art     : Starting a blocking GC Explicit
08-04 13:24:38.069 27166 27179 I art     : Explicit concurrent mark sweep GC freed 23(752B) AllocSpace objects, 0(0B) LOS objects, 35% free, 28MB/44MB, paused 1.050ms total 28.646ms
08-04 13:24:38.078 27166 27179 I art     : Starting a blocking GC Explicit
08-04 13:24:38.107 27166 27179 I art     : Explicit concurrent mark sweep GC freed 3(96B) AllocSpace objects, 0(0B) LOS objects, 35% free, 28MB/44MB, paused 1.070ms total 29.121ms
08-04 13:24:38.117 27166 27179 I art     : Starting a blocking GC Explicit
08-04 13:24:38.146 27166 27179 I art     : Explicit concurrent mark sweep GC freed 3(96B) AllocSpace objects, 0(0B) LOS objects, 35% free, 28MB/44MB, paused 1.135ms total 28.548ms
08-04 13:24:38.155 27166 27179 I art     : Starting a blocking GC Explicit
08-04 13:24:38.182 27166 27179 I art     : Explicit concurrent mark sweep GC freed 3(96B) AllocSpace objects, 0(0B) LOS objects, 35% free, 28MB/44MB, paused 954us total 26.179ms
08-04 13:24:38.220 29380 29380 D AndroidRuntime: >>>>>> START com.android.internal.os.RuntimeInit uid 2000 <<<<<<
08-04 13:24:38.225 29380 29380 D AndroidRuntime: CheckJNI is OFF
08-04 13:24:38.257 29380 29380 D ICU     : No timezone override file found: /data/misc/zoneinfo/current/icu/icu_tzdata.dat
08-04 13:24:38.290 29380 29380 I Radio-JNI: register_android_hardware_Radio DONE
08-04 13:24:38.313 29380 29380 D AndroidRuntime: Calling main entry com.android.commands.input.Input
08-04 13:24:38.315 29380 29380 I Input   : injectKeyEvent: KeyEvent { action=ACTION_DOWN, keyCode=KEYCODE_BACK, scanCode=0, metaState=0, flags=0x0, repeatCount=0, eventTime=710694728, downTime=710694728, deviceId=-1, source=0x101 }
08-04 13:24:38.321 29380 29380 I Input   : injectKeyEvent: KeyEvent { action=ACTION_UP, keyCode=KEYCODE_BACK, scanCode=0, metaState=0, flags=0x0, repeatCount=0, eventTime=710694728, downTime=710694728, deviceId=-1, source=0x101 }
08-04 13:24:38.329 29380 29380 D AndroidRuntime: Shutting down VM
08-04 13:24:38.334 27166 27166 V PlaybackController: initServiceNotRunning()
08-04 13:24:38.334 27166 27166 D ExternalPlayerFragment: Loading media info
08-04 13:24:38.337 27166 27166 D UserPreferences: Using default data folder
08-04 13:24:38.338 27166 27193 D DBReader: getNavDrawerData() called with: 
08-04 13:24:38.348 27166 27193 D DBReader: getDownloadedItems() called
08-04 13:24:38.349 27166 27193 D DBReader: getFavoriteIDList() called
08-04 13:24:38.349 27166 27193 D DBReader: getQueueIDList() called
08-04 13:24:38.350 27166 27193 D DBReader: Extracting Feedlist
08-04 13:24:38.373 27166 27166 D MainActivity: getLastNavFragment() -> AddFeedFragment
08-04 13:24:38.375 13866 13866 I GoogleInputMethodServic: GoogleInputMethodService.onFinishInput():3138 
08-04 13:24:38.376 13866 13866 I GoogleInputMethodServic: GoogleInputMethodService.onStartInput():1808 
08-04 13:24:38.452 27166 27190 I art     : Starting a blocking GC Explicit
08-04 13:24:38.480 27166 27190 I art     : Explicit concurrent mark sweep GC freed 2484(153KB) AllocSpace objects, 1(20KB) LOS objects, 35% free, 28MB/44MB, paused 994us total 28.322ms
08-04 13:24:38.490 27166 27190 I art     : Starting a blocking GC Explicit
08-04 13:24:38.521 27166 27190 I art     : Explicit concurrent mark sweep GC freed 481(24KB) AllocSpace objects, 0(0B) LOS objects, 35% free, 28MB/44MB, paused 1.087ms total 30.399ms
08-04 13:24:38.532 27166 27190 I art     : Starting a blocking GC Explicit
08-04 13:24:38.567 27166 27190 I art     : Explicit concurrent mark sweep GC freed 3(96B) AllocSpace objects, 0(0B) LOS objects, 35% free, 28MB/44MB, paused 1.051ms total 35.073ms
08-04 13:24:38.580 27166 27190 I art     : Starting a blocking GC Explicit
08-04 13:24:38.613 27166 27190 I art     : Explicit concurrent mark sweep GC freed 3(96B) AllocSpace objects, 0(0B) LOS objects, 35% free, 28MB/44MB, paused 1ms total 32.990ms
08-04 13:24:38.626 27166 27190 I art     : Starting a blocking GC Explicit
08-04 13:24:38.662 27166 27190 I art     : Explicit concurrent mark sweep GC freed 3(96B) AllocSpace objects, 0(0B) LOS objects, 35% free, 28MB/44MB, paused 1.067ms total 36.477ms
08-04 13:24:38.682   380   380 W SurfaceFlinger: couldn't log to binary event log: overflow.
08-04 13:24:38.872 13866 13882 I PeriodicStatsRunner: PeriodicStatsRunner.call():175 call()
08-04 13:24:38.872 13866 13882 I PeriodicStatsRunner: PeriodicStatsRunner.call():179 No submit PeriodicStats since input started.
08-04 13:24:38.955 13866 13882 I PeriodicStatsRunner: PeriodicStatsRunner.call():175 call()
08-04 13:24:38.955 13866 13882 I PeriodicStatsRunner: PeriodicStatsRunner.call():179 No submit PeriodicStats since input started.
08-04 13:24:38.964 27166 27178 I art     : Starting a blocking GC Explicit
08-04 13:24:39.005 27166 27178 I art     : Explicit concurrent mark sweep GC freed 1969(105KB) AllocSpace objects, 1(20KB) LOS objects, 35% free, 28MB/44MB, paused 1.037ms total 40.624ms
08-04 13:24:39.014 27166 27178 I art     : Starting a blocking GC Explicit
08-04 13:24:39.044 27166 27178 I art     : Explicit concurrent mark sweep GC freed 2457(152KB) AllocSpace objects, 1(28KB) LOS objects, 35% free, 28MB/44MB, paused 998us total 29.058ms
08-04 13:24:39.053 27166 27178 I art     : Starting a blocking GC Explicit
08-04 13:24:39.082 27166 27178 I art     : Explicit concurrent mark sweep GC freed 3(96B) AllocSpace objects, 0(0B) LOS objects, 35% free, 28MB/44MB, paused 985us total 28.823ms
08-04 13:24:39.092 27166 27178 I art     : Starting a blocking GC Explicit
08-04 13:24:39.122 27166 27178 I art     : Explicit concurrent mark sweep GC freed 3(96B) AllocSpace objects, 0(0B) LOS objects, 35% free, 28MB/44MB, paused 1.013ms total 29.990ms
08-04 13:24:39.132 27166 27178 I art     : Starting a blocking GC Explicit
08-04 13:24:39.162 27166 27178 I art     : Explicit concurrent mark sweep GC freed 3(96B) AllocSpace objects, 0(0B) LOS objects, 35% free, 28MB/44MB, paused 1.015ms total 29.509ms
08-04 13:24:39.461 27166 27624 I art     : Starting a blocking GC Explicit
08-04 13:24:39.498 27166 27624 I art     : Explicit concurrent mark sweep GC freed 1374(82KB) AllocSpace objects, 1(20KB) LOS objects, 35% free, 28MB/44MB, paused 1.156ms total 36.800ms
08-04 13:24:39.510 27166 27624 I art     : Starting a blocking GC Explicit
08-04 13:24:39.540 27166 27624 I art     : Explicit concurrent mark sweep GC freed 52(1536B) AllocSpace objects, 0(0B) LOS objects, 35% free, 28MB/44MB, paused 1.131ms total 29.660ms
08-04 13:24:39.549 27166 27624 I art     : Starting a blocking GC Explicit
08-04 13:24:39.578 27166 27624 I art     : Explicit concurrent mark sweep GC freed 3(96B) AllocSpace objects, 0(0B) LOS objects, 35% free, 28MB/44MB, paused 1.114ms total 28.704ms
08-04 13:24:39.587 27166 27624 I art     : Starting a blocking GC Explicit
08-04 13:24:39.615 27166 27624 I art     : Explicit concurrent mark sweep GC freed 3(96B) AllocSpace objects, 0(0B) LOS objects, 35% free, 28MB/44MB, paused 1.024ms total 27.103ms
08-04 13:24:39.624 27166 27624 I art     : Starting a blocking GC Explicit
08-04 13:24:39.651 27166 27624 I art     : Explicit concurrent mark sweep GC freed 3(96B) AllocSpace objects, 0(0B) LOS objects, 35% free, 28MB/44MB, paused 1.105ms total 26.655ms
08-04 13:24:39.937 27166 29413 I art     : Starting a blocking GC Explicit
08-04 13:24:39.974 27166 29413 I art     : Explicit concurrent mark sweep GC freed 1374(80KB) AllocSpace objects, 1(20KB) LOS objects, 35% free, 28MB/44MB, paused 1.025ms total 37.482ms
08-04 13:24:39.984 27166 29413 I art     : Starting a blocking GC Explicit
08-04 13:24:39.988 29434 29434 D AndroidRuntime: >>>>>> START com.android.internal.os.RuntimeInit uid 2000 <<<<<<
08-04 13:24:39.993 29434 29434 D AndroidRuntime: CheckJNI is OFF
08-04 13:24:40.015 27166 29413 I art     : Explicit concurrent mark sweep GC freed 27(880B) AllocSpace objects, 0(0B) LOS objects, 35% free, 28MB/44MB, paused 989us total 30.336ms
08-04 13:24:40.024 27166 29413 I art     : Starting a blocking GC Explicit
08-04 13:24:40.029 29434 29434 D ICU     : No timezone override file found: /data/misc/zoneinfo/current/icu/icu_tzdata.dat
08-04 13:24:40.049 27166 29413 I art     : Explicit concurrent mark sweep GC freed 7(224B) AllocSpace objects, 0(0B) LOS objects, 35% free, 28MB/44MB, paused 1.003ms total 24.796ms
08-04 13:24:40.058 27166 29413 I art     : Starting a blocking GC Explicit
08-04 13:24:40.060 29434 29434 I Radio-JNI: register_android_hardware_Radio DONE
08-04 13:24:40.082 29434 29434 D AndroidRuntime: Calling main entry com.android.commands.input.Input
08-04 13:24:40.083 29434 29434 I Input   : injectKeyEvent: KeyEvent { action=ACTION_DOWN, keyCode=KEYCODE_BACK, scanCode=0, metaState=0, flags=0x0, repeatCount=0, eventTime=710696496, downTime=710696496, deviceId=-1, source=0x101 }
08-04 13:24:40.084 27166 29413 I art     : Explicit concurrent mark sweep GC freed 7(224B) AllocSpace objects, 0(0B) LOS objects, 35% free, 28MB/44MB, paused 1.111ms total 25.862ms
08-04 13:24:40.090 29434 29434 I Input   : injectKeyEvent: KeyEvent { action=ACTION_UP, keyCode=KEYCODE_BACK, scanCode=0, metaState=0, flags=0x0, repeatCount=0, eventTime=710696496, downTime=710696496, deviceId=-1, source=0x101 }
08-04 13:24:40.092 27166 29413 I art     : Starting a blocking GC Explicit
08-04 13:24:40.103 13866 13866 I GoogleInputMethodServic: GoogleInputMethodService.onFinishInput():3138 
08-04 13:24:40.104 13866 13866 I GoogleInputMethodServic: GoogleInputMethodService.onStartInput():1808 
08-04 13:24:40.108 29434 29434 D AndroidRuntime: Shutting down VM
08-04 13:24:40.121 27166 29413 I art     : Explicit concurrent mark sweep GC freed 1104(45KB) AllocSpace objects, 0(0B) LOS objects, 35% free, 28MB/44MB, paused 1.331ms total 28.254ms
08-04 13:24:40.379 27166 27624 I art     : Starting a blocking GC Explicit
08-04 13:24:40.417 27166 27624 I art     : Explicit concurrent mark sweep GC freed 1634(96KB) AllocSpace objects, 1(20KB) LOS objects, 35% free, 28MB/44MB, paused 1.097ms total 38.102ms
08-04 13:24:40.431 27166 27624 I art     : Starting a blocking GC Explicit
08-04 13:24:40.463 27166 27624 I art     : Explicit concurrent mark sweep GC freed 2487(165KB) AllocSpace objects, 9(1540KB) LOS objects, 37% free, 26MB/42MB, paused 999us total 31.563ms
08-04 13:24:40.473 27166 27624 I art     : Starting a blocking GC Explicit
08-04 13:24:40.501 27166 27624 I art     : Explicit concurrent mark sweep GC freed 31(848B) AllocSpace objects, 0(0B) LOS objects, 37% free, 26MB/42MB, paused 1.005ms total 28.265ms
08-04 13:24:40.511 27166 27624 I art     : Starting a blocking GC Explicit
08-04 13:24:40.539 27166 27624 I art     : Explicit concurrent mark sweep GC freed 4(128B) AllocSpace objects, 0(0B) LOS objects, 37% free, 26MB/42MB, paused 1.027ms total 28.185ms
08-04 13:24:40.549 27166 27624 I art     : Starting a blocking GC Explicit
08-04 13:24:40.578 27166 27624 I art     : Explicit concurrent mark sweep GC freed 3(96B) AllocSpace objects, 0(0B) LOS objects, 37% free, 26MB/42MB, paused 1.062ms total 29.505ms
08-04 13:24:40.876 27166 27190 I art     : Starting a blocking GC Explicit
08-04 13:24:40.915 27166 27190 I art     : Explicit concurrent mark sweep GC freed 1373(81KB) AllocSpace objects, 1(20KB) LOS objects, 37% free, 26MB/42MB, paused 1.116ms total 38.130ms
08-04 13:24:40.927 27166 27190 I art     : Starting a blocking GC Explicit
08-04 13:24:40.956 27166 27190 I art     : Explicit concurrent mark sweep GC freed 23(752B) AllocSpace objects, 0(0B) LOS objects, 37% free, 26MB/42MB, paused 1.144ms total 28.885ms
08-04 13:24:40.965 27166 27190 I art     : Starting a blocking GC Explicit
08-04 13:24:40.994 27166 27190 I art     : Explicit concurrent mark sweep GC freed 3(96B) AllocSpace objects, 0(0B) LOS objects, 37% free, 26MB/42MB, paused 1.049ms total 28.255ms
08-04 13:24:41.003 27166 27190 I art     : Starting a blocking GC Explicit
08-04 13:24:41.032 27166 27190 I art     : Explicit concurrent mark sweep GC freed 3(96B) AllocSpace objects, 0(0B) LOS objects, 37% free, 26MB/42MB, paused 988us total 28.034ms
08-04 13:24:41.041 27166 27190 I art     : Starting a blocking GC Explicit
08-04 13:24:41.070 27166 27190 I art     : Explicit concurrent mark sweep GC freed 3(96B) AllocSpace objects, 0(0B) LOS objects, 37% free, 26MB/42MB, paused 1.031ms total 28.792ms
08-04 13:24:41.360 27166 27179 I art     : Starting a blocking GC Explicit
08-04 13:24:41.389 27166 27179 I art     : Explicit concurrent mark sweep GC freed 1373(81KB) AllocSpace objects, 1(20KB) LOS objects, 37% free, 26MB/42MB, paused 1.080ms total 28.591ms
08-04 13:24:41.398 27166 27179 I art     : Starting a blocking GC Explicit
08-04 13:24:41.426 27166 27179 I art     : Explicit concurrent mark sweep GC freed 23(752B) AllocSpace objects, 0(0B) LOS objects, 37% free, 26MB/42MB, paused 1.030ms total 27.598ms
08-04 13:24:41.435 27166 27179 I art     : Starting a blocking GC Explicit
08-04 13:24:41.462 27166 27179 I art     : Explicit concurrent mark sweep GC freed 3(96B) AllocSpace objects, 0(0B) LOS objects, 37% free, 26MB/42MB, paused 1.001ms total 26.850ms
08-04 13:24:41.472 27166 27179 I art     : Starting a blocking GC Explicit
08-04 13:24:41.499 27166 27179 I art     : Explicit concurrent mark sweep GC freed 3(96B) AllocSpace objects, 0(0B) LOS objects, 37% free, 26MB/42MB, paused 1.022ms total 27.107ms
08-04 13:24:41.508 27166 27179 I art     : Starting a blocking GC Explicit
08-04 13:24:41.535 27166 27179 I art     : Explicit concurrent mark sweep GC freed 32(880B) AllocSpace objects, 0(0B) LOS objects, 37% free, 26MB/42MB, paused 985us total 26.763ms
08-04 13:24:41.536 27166 27177 I art     : WaitForGcToComplete blocked for 26.988ms for cause HeapTrim
08-04 13:24:41.752 29487 29487 D AndroidRuntime: >>>>>> START com.android.internal.os.RuntimeInit uid 2000 <<<<<<
08-04 13:24:41.756 29487 29487 D AndroidRuntime: CheckJNI is OFF
08-04 13:24:41.789 29487 29487 D ICU     : No timezone override file found: /data/misc/zoneinfo/current/icu/icu_tzdata.dat
08-04 13:24:41.820 29487 29487 I Radio-JNI: register_android_hardware_Radio DONE
08-04 13:24:41.820 27166 27178 I art     : Starting a blocking GC Explicit
08-04 13:24:41.844 29487 29487 D AndroidRuntime: Calling main entry com.android.commands.input.Input
08-04 13:24:41.846 29487 29487 I Input   : injectMotionEvent: MotionEvent { action=ACTION_DOWN, actionButton=0, id[0]=0, x[0]=103.0, y[0]=192.0, toolType[0]=TOOL_TYPE_UNKNOWN, buttonState=0, metaState=0, flags=0x0, edgeFlags=0x0, pointerCount=1, historySize=0, eventTime=710698258, downTime=710698258, deviceId=0, source=0x1002 }
08-04 13:24:41.849 27166 27178 I art     : Explicit concurrent mark sweep GC freed 1387(83KB) AllocSpace objects, 1(20KB) LOS objects, 37% free, 26MB/42MB, paused 1.013ms total 28.535ms
08-04 13:24:41.850 29487 29487 I Input   : injectMotionEvent: MotionEvent { action=ACTION_UP, actionButton=0, id[0]=0, x[0]=103.0, y[0]=192.0, toolType[0]=TOOL_TYPE_UNKNOWN, buttonState=0, metaState=0, flags=0x0, edgeFlags=0x0, pointerCount=1, historySize=0, eventTime=710698258, downTime=710698258, deviceId=0, source=0x1002 }
08-04 13:24:41.853 29487 29487 D AndroidRuntime: Shutting down VM
08-04 13:24:41.859   512  2967 D audio_hw_primary: out_set_parameters: enter: usecase(1: low-latency-playback) kvpairs: routing=2
08-04 13:24:41.859 27166 27178 I art     : Starting a blocking GC Explicit
08-04 13:24:41.872   512  2967 D audio_hw_primary: select_devices: out_snd_device(2: speaker) in_snd_device(0: none)
08-04 13:24:41.872   512  2967 D msm8974_platform: platform_send_audio_calibration: sending audio calibration for snd_device(2) acdb_id(15)
08-04 13:24:41.872   512  2967 I soundtrigger: audio_extn_sound_trigger_update_device_status: device 0x2 of type 0 for Event 1
08-04 13:24:41.882   512  2967 D audio_hw_primary: enable_snd_device: snd_device(2: speaker)
08-04 13:24:41.884   512  2967 D audio_hw_primary: enable_audio_route: apply and update mixer path: low-latency-playback speaker
08-04 13:24:41.885 27166 27178 I art     : Explicit concurrent mark sweep GC freed 76(2752B) AllocSpace objects, 0(0B) LOS objects, 37% free, 26MB/42MB, paused 1.071ms total 25.889ms
08-04 13:24:41.894 13866 13866 I GoogleInputMethodServic: GoogleInputMethodService.onFinishInput():3138 
08-04 13:24:41.894 13866 13866 I GoogleInputMethodServic: GoogleInputMethodService.onStartInput():1808 
08-04 13:24:41.895 27166 27178 I art     : Starting a blocking GC Explicit
08-04 13:24:41.920 27166 27178 I art     : Explicit concurrent mark sweep GC freed 195(7KB) AllocSpace objects, 0(0B) LOS objects, 37% free, 26MB/42MB, paused 1.063ms total 25.057ms
08-04 13:24:41.929 27166 27178 I art     : Starting a blocking GC Explicit
08-04 13:24:41.955 27166 27178 I art     : Explicit concurrent mark sweep GC freed 446(24KB) AllocSpace objects, 0(0B) LOS objects, 37% free, 26MB/42MB, paused 1.066ms total 25.991ms
08-04 13:24:41.964 27166 27178 I art     : Starting a blocking GC Explicit
08-04 13:24:41.989 27166 27178 I art     : Explicit concurrent mark sweep GC freed 8(416B) AllocSpace objects, 0(0B) LOS objects, 37% free, 26MB/42MB, paused 881us total 25.044ms
08-04 13:24:42.266 27166 27624 I art     : Starting a blocking GC Explicit
08-04 13:24:42.296 27166 27624 I art     : Explicit concurrent mark sweep GC freed 1374(80KB) AllocSpace objects, 1(20KB) LOS objects, 37% free, 26MB/42MB, paused 1.119ms total 30.379ms
08-04 13:24:42.306 27166 27624 I art     : Starting a blocking GC Explicit
08-04 13:24:42.336 27166 27624 I art     : Explicit concurrent mark sweep GC freed 33(1072B) AllocSpace objects, 0(0B) LOS objects, 37% free, 26MB/42MB, paused 986us total 29.215ms
08-04 13:24:42.346 27166 27624 I art     : Starting a blocking GC Explicit
08-04 13:24:42.373 27166 27624 I art     : Explicit concurrent mark sweep GC freed 3(96B) AllocSpace objects, 0(0B) LOS objects, 37% free, 26MB/42MB, paused 961us total 26.256ms
08-04 13:24:42.381 27166 27624 I art     : Starting a blocking GC Explicit
08-04 13:24:42.408 27166 27624 I art     : Explicit concurrent mark sweep GC freed 3(96B) AllocSpace objects, 0(0B) LOS objects, 37% free, 26MB/42MB, paused 916us total 26.789ms
08-04 13:24:42.418 27166 27624 I art     : Starting a blocking GC Explicit
08-04 13:24:42.421   512  2967 D audio_hw_primary: disable_audio_route: reset and update mixer path: low-latency-playback speaker
08-04 13:24:42.423   512  2967 D audio_hw_primary: disable_snd_device: snd_device(2: speaker)
08-04 13:24:42.430   512  2967 I soundtrigger: audio_extn_sound_trigger_update_device_status: device 0x2 of type 0 for Event 0
08-04 13:24:42.444 27166 27624 I art     : Explicit concurrent mark sweep GC freed 3(96B) AllocSpace objects, 0(0B) LOS objects, 37% free, 26MB/42MB, paused 986us total 26.070ms
08-04 13:24:42.740 27166 29413 I art     : Starting a blocking GC Explicit
08-04 13:24:42.783 27166 29413 I art     : Explicit concurrent mark sweep GC freed 1400(81KB) AllocSpace objects, 1(20KB) LOS objects, 37% free, 26MB/42MB, paused 1.494ms total 42.210ms
08-04 13:24:42.790   918  3261 D WifiStateMachine: starting scan for "H369AA63323"WPA_PSK with 2412,5180
08-04 13:24:42.794 27166 29413 I art     : Starting a blocking GC Explicit
08-04 13:24:42.824 27166 29413 I art     : Explicit concurrent mark sweep GC freed 25(816B) AllocSpace objects, 0(0B) LOS objects, 37% free, 26MB/42MB, paused 916us total 29.398ms
08-04 13:24:42.833 27166 29413 I art     : Starting a blocking GC Explicit
08-04 13:24:42.861 27166 29413 I art     : Explicit concurrent mark sweep GC freed 3(96B) AllocSpace objects, 0(0B) LOS objects, 37% free, 26MB/42MB, paused 1.007ms total 27.312ms
08-04 13:24:42.871 27166 29413 I art     : Starting a blocking GC Explicit
08-04 13:24:42.898 27166 29413 I art     : Explicit concurrent mark sweep GC freed 3(96B) AllocSpace objects, 0(0B) LOS objects, 37% free, 26MB/42MB, paused 1.068ms total 27.406ms
08-04 13:24:42.907 27166 29413 I art     : Starting a blocking GC Explicit
08-04 13:24:42.935 27166 29413 I art     : Explicit concurrent mark sweep GC freed 3(96B) AllocSpace objects, 0(0B) LOS objects, 37% free, 26MB/42MB, paused 968us total 27.707ms
08-04 13:24:43.214 27166 27179 I art     : Starting a blocking GC Explicit
08-04 13:24:43.243 27166 27179 I art     : Explicit concurrent mark sweep GC freed 1371(80KB) AllocSpace objects, 1(20KB) LOS objects, 37% free, 26MB/42MB, paused 1.011ms total 28.227ms
08-04 13:24:43.252 27166 27179 I art     : Starting a blocking GC Explicit
08-04 13:24:43.279 27166 27179 I art     : Explicit concurrent mark sweep GC freed 23(752B) AllocSpace objects, 0(0B) LOS objects, 37% free, 26MB/42MB, paused 1.018ms total 27.268ms
08-04 13:24:43.289 27166 27179 I art     : Starting a blocking GC Explicit
08-04 13:24:43.316 27166 27179 I art     : Explicit concurrent mark sweep GC freed 3(96B) AllocSpace objects, 0(0B) LOS objects, 37% free, 26MB/42MB, paused 1.007ms total 26.719ms
08-04 13:24:43.325 27166 27179 I art     : Starting a blocking GC Explicit
08-04 13:24:43.352 27166 27179 I art     : Explicit concurrent mark sweep GC freed 3(96B) AllocSpace objects, 0(0B) LOS objects, 37% free, 26MB/42MB, paused 1.012ms total 26.479ms
08-04 13:24:43.361 27166 27179 I art     : Starting a blocking GC Explicit
08-04 13:24:43.376 13866 13882 I PeriodicStatsRunner: PeriodicStatsRunner.call():175 call()
08-04 13:24:43.376 13866 13882 I PeriodicStatsRunner: PeriodicStatsRunner.call():179 No submit PeriodicStats since input started.
08-04 13:24:43.388 27166 27179 I art     : Explicit concurrent mark sweep GC freed 3(96B) AllocSpace objects, 0(0B) LOS objects, 37% free, 26MB/42MB, paused 1.023ms total 27.320ms
08-04 13:24:43.516 29533 29533 D AndroidRuntime: >>>>>> START com.android.internal.os.RuntimeInit uid 2000 <<<<<<
08-04 13:24:43.522 29533 29533 D AndroidRuntime: CheckJNI is OFF
08-04 13:24:43.552 29533 29533 D ICU     : No timezone override file found: /data/misc/zoneinfo/current/icu/icu_tzdata.dat
08-04 13:24:43.583 29533 29533 I Radio-JNI: register_android_hardware_Radio DONE
08-04 13:24:43.604 29533 29533 D AndroidRuntime: Calling main entry com.android.commands.input.Input
08-04 13:24:43.605 29533 29533 I Input   : injectMotionEvent: MotionEvent { action=ACTION_DOWN, actionButton=0, id[0]=0, x[0]=625.0, y[0]=1248.0, toolType[0]=TOOL_TYPE_UNKNOWN, buttonState=0, metaState=0, flags=0x0, edgeFlags=0x0, pointerCount=1, historySize=0, eventTime=710700018, downTime=710700018, deviceId=0, source=0x1002 }
08-04 13:24:43.609 29533 29533 I Input   : injectMotionEvent: MotionEvent { action=ACTION_UP, actionButton=0, id[0]=0, x[0]=625.0, y[0]=1248.0, toolType[0]=TOOL_TYPE_UNKNOWN, buttonState=0, metaState=0, flags=0x0, edgeFlags=0x0, pointerCount=1, historySize=0, eventTime=710700018, downTime=710700018, deviceId=0, source=0x1002 }
08-04 13:24:43.610 29533 29533 D AndroidRuntime: Shutting down VM
08-04 13:24:43.666 27166 27190 I art     : Starting a blocking GC Explicit
08-04 13:24:43.689 27166 27166 D MainActivity: loadFragment(index: 7, args: null)
08-04 13:24:43.690 27166 27166 D MainActivity: saveLastNavFragment(tag: 2)
08-04 13:24:43.690 27166 27166 D MainActivity: getLastNavFragment() -> 2
08-04 13:24:43.691   512  2967 D audio_hw_primary: out_set_parameters: enter: usecase(1: low-latency-playback) kvpairs: routing=2
08-04 13:24:43.696 27166 27190 I art     : Explicit concurrent mark sweep GC freed 1533(99KB) AllocSpace objects, 2(40KB) LOS objects, 37% free, 26MB/42MB, paused 1.092ms total 28.979ms
08-04 13:24:43.703   512  2967 D audio_hw_primary: select_devices: out_snd_device(2: speaker) in_snd_device(0: none)
08-04 13:24:43.704   512  2967 D msm8974_platform: platform_send_audio_calibration: sending audio calibration for snd_device(2) acdb_id(15)
08-04 13:24:43.704   512  2967 I soundtrigger: audio_extn_sound_trigger_update_device_status: device 0x2 of type 0 for Event 1
08-04 13:24:43.706 27166 27190 I art     : Starting a blocking GC Explicit
08-04 13:24:43.714   512  2967 D audio_hw_primary: enable_snd_device: snd_device(2: speaker)
08-04 13:24:43.716   512  2967 D audio_hw_primary: enable_audio_route: apply and update mixer path: low-latency-playback speaker
08-04 13:24:43.726 27166 27166 D ItemlistFragment: onEventMainThread() called with: event = [DownloadEvent{update=DownloaderUpdate{downloaders=[], feedIds=[], mediaIds=[]}}]
08-04 13:24:43.727 27166 27718 D DBReader: getFeed() called with: feedId = [2]
08-04 13:24:43.728 27166 27718 D DBReader: getFeedItemList() called with: feed = [baseline.de.danoeh.antennapod.core.feed.Feed@2]
08-04 13:24:43.736 27166 27190 I art     : Explicit concurrent mark sweep GC freed 2305(109KB) AllocSpace objects, 0(0B) LOS objects, 36% free, 27MB/43MB, paused 1.268ms total 29.890ms
08-04 13:24:43.746 27166 27190 I art     : Starting a blocking GC Explicit
08-04 13:24:43.774 27166 27190 I art     : Explicit concurrent mark sweep GC freed 1218(33KB) AllocSpace objects, 0(0B) LOS objects, 36% free, 28MB/44MB, paused 1.450ms total 28ms
08-04 13:24:43.783 27166 27190 I art     : Starting a blocking GC Explicit
08-04 13:24:43.805 27166 27718 W PodDBAdapter: Length of id array is larger than 800. Creating multiple cursors
08-04 13:24:43.815 27166 27190 I art     : Explicit concurrent mark sweep GC freed 4044(265KB) AllocSpace objects, 1(16KB) LOS objects, 35% free, 28MB/44MB, paused 1.098ms total 31.030ms
08-04 13:24:43.824 27166 27190 I art     : Starting a blocking GC Explicit
08-04 13:24:43.855 27166 27190 I art     : Explicit concurrent mark sweep GC freed 53(16KB) AllocSpace objects, 0(0B) LOS objects, 35% free, 28MB/44MB, paused 1.101ms total 30.954ms
08-04 13:24:43.877 27166 27718 D DBReader: getFavoriteIDList() called
08-04 13:24:43.878 27166 27718 D DBReader: getQueueIDList() called
08-04 13:24:43.879 27166 27718 D DBReader: Extracting Feedlist
08-04 13:24:43.914 27166 27166 D FeedMenuHandler: Preparing options menu
08-04 13:24:43.963 27166 28115 D ApOkHttpUrlLoader: buildLoadData() called with: model = [http://static.libsyn.com/p/assets/7/1/f/3/71f3014e14ef2722/JREiTunesImage2.jpg], width = [1440], height = [462]
08-04 13:24:44.086 27166 27187 V RenderScript: 0x7f757af000 Launching thread(s), CPUs 8
08-04 13:24:44.112 27166 27190 I art     : Starting a blocking GC Explicit
08-04 13:24:44.137 13866 13866 I GoogleInputMethodServic: GoogleInputMethodService.onFinishInput():3138 
08-04 13:24:44.138 13866 13866 I GoogleInputMethodServic: GoogleInputMethodService.onStartInput():1808 
08-04 13:24:44.146 27166 27190 I art     : Explicit concurrent mark sweep GC freed 12303(503KB) AllocSpace objects, 3(124KB) LOS objects, 29% free, 37MB/53MB, paused 926us total 33.848ms
08-04 13:24:44.156 27166 27190 I art     : Starting a blocking GC Explicit
08-04 13:24:44.190 27166 27190 I art     : Explicit concurrent mark sweep GC freed 1112(74KB) AllocSpace objects, 4(128KB) LOS objects, 29% free, 37MB/53MB, paused 977us total 33.835ms
08-04 13:24:44.201 27166 27190 I art     : Starting a blocking GC Explicit
08-04 13:24:44.234 27166 27190 I art     : Explicit concurrent mark sweep GC freed 19(784B) AllocSpace objects, 0(0B) LOS objects, 29% free, 37MB/53MB, paused 959us total 32.442ms
08-04 13:24:44.244 27166 27190 I art     : Starting a blocking GC Explicit
08-04 13:24:44.250   512  2967 D audio_hw_primary: disable_audio_route: reset and update mixer path: low-latency-playback speaker
08-04 13:24:44.251   512  2967 D audio_hw_primary: disable_snd_device: snd_device(2: speaker)
08-04 13:24:44.259   512  2967 I soundtrigger: audio_extn_sound_trigger_update_device_status: device 0x2 of type 0 for Event 0
08-04 13:24:44.279 27166 27190 I art     : Explicit concurrent mark sweep GC freed 3(96B) AllocSpace objects, 0(0B) LOS objects, 29% free, 37MB/53MB, paused 932us total 34.870ms
08-04 13:24:44.290 27166 27190 I art     : Starting a blocking GC Explicit
08-04 13:24:44.326 27166 27190 I art     : Explicit concurrent mark sweep GC freed 5(160B) AllocSpace objects, 0(0B) LOS objects, 29% free, 37MB/53MB, paused 913us total 34.944ms
08-04 13:24:44.625 27166 27178 I art     : Starting a blocking GC Explicit
08-04 13:24:44.666 27166 27178 I art     : Explicit concurrent mark sweep GC freed 1404(81KB) AllocSpace objects, 1(20KB) LOS objects, 29% free, 37MB/53MB, paused 968us total 40.260ms
08-04 13:24:44.682 27166 27178 I art     : Starting a blocking GC Explicit
08-04 13:24:44.717 27166 27178 I art     : Explicit concurrent mark sweep GC freed 59(1984B) AllocSpace objects, 0(0B) LOS objects, 29% free, 37MB/53MB, paused 1.052ms total 34.785ms
08-04 13:24:44.728 27166 27178 I art     : Starting a blocking GC Explicit
08-04 13:24:44.764 27166 27178 I art     : Explicit concurrent mark sweep GC freed 3(96B) AllocSpace objects, 0(0B) LOS objects, 29% free, 37MB/53MB, paused 999us total 35.819ms
08-04 13:24:44.775 27166 27178 I art     : Starting a blocking GC Explicit
08-04 13:24:44.813 27166 27178 I art     : Explicit concurrent mark sweep GC freed 3(96B) AllocSpace objects, 0(0B) LOS objects, 29% free, 37MB/53MB, paused 926us total 37.587ms
08-04 13:24:44.824 27166 27178 I art     : Starting a blocking GC Explicit
08-04 13:24:44.861 27166 27178 I art     : Explicit concurrent mark sweep GC freed 3(96B) AllocSpace objects, 0(0B) LOS objects, 29% free, 37MB/53MB, paused 1.005ms total 37.104ms
08-04 13:24:45.104 13866 13882 I PeriodicStatsRunner: PeriodicStatsRunner.call():175 call()
08-04 13:24:45.105 13866 13882 I PeriodicStatsRunner: PeriodicStatsRunner.call():179 No submit PeriodicStats since input started.
08-04 13:24:45.175 27166 27624 I art     : Starting a blocking GC Explicit
08-04 13:24:45.219 27166 27624 I art     : Explicit concurrent mark sweep GC freed 1372(80KB) AllocSpace objects, 1(20KB) LOS objects, 29% free, 37MB/53MB, paused 1.062ms total 43.608ms
08-04 13:24:45.230 27166 27624 I art     : Starting a blocking GC Explicit
08-04 13:24:45.269 27166 27624 I art     : Explicit concurrent mark sweep GC freed 23(752B) AllocSpace objects, 0(0B) LOS objects, 29% free, 37MB/53MB, paused 1.028ms total 38.327ms
08-04 13:24:45.280 27166 27624 I art     : Starting a blocking GC Explicit
08-04 13:24:45.314 27166 27624 I art     : Explicit concurrent mark sweep GC freed 3(96B) AllocSpace objects, 0(0B) LOS objects, 29% free, 37MB/53MB, paused 962us total 34.006ms
08-04 13:24:45.325 27166 27624 I art     : Starting a blocking GC Explicit
08-04 13:24:45.361 27166 27624 I art     : Explicit concurrent mark sweep GC freed 3(96B) AllocSpace objects, 0(0B) LOS objects, 29% free, 37MB/53MB, paused 988us total 36.572ms
08-04 13:24:45.373 27166 27624 I art     : Starting a blocking GC Explicit
08-04 13:24:45.410 27166 27624 I art     : Explicit concurrent mark sweep GC freed 3(96B) AllocSpace objects, 0(0B) LOS objects, 29% free, 37MB/53MB, paused 983us total 37.445ms
08-04 13:24:45.758 27166 27179 I art     : Starting a blocking GC Explicit
08-04 13:24:45.810 27166 27179 I art     : Explicit concurrent mark sweep GC freed 2133(104KB) AllocSpace objects, 1(20KB) LOS objects, 29% free, 37MB/53MB, paused 945us total 51.882ms
08-04 13:24:45.822 27166 27179 I art     : Starting a blocking GC Explicit
08-04 13:24:45.858 27166 27179 I art     : Explicit concurrent mark sweep GC freed 23(752B) AllocSpace objects, 0(0B) LOS objects, 29% free, 37MB/53MB, paused 1.055ms total 35.646ms
08-04 13:24:45.869 27166 27179 I art     : Starting a blocking GC Explicit
08-04 13:24:45.906 27166 27179 I art     : Explicit concurrent mark sweep GC freed 3(96B) AllocSpace objects, 0(0B) LOS objects, 29% free, 37MB/53MB, paused 986us total 37.055ms
08-04 13:24:45.917 27166 27179 I art     : Starting a blocking GC Explicit
08-04 13:24:45.955 27166 27179 I art     : Explicit concurrent mark sweep GC freed 3(96B) AllocSpace objects, 0(0B) LOS objects, 29% free, 37MB/53MB, paused 1.010ms total 37.340ms
08-04 13:24:45.966 27166 27179 I art     : Starting a blocking GC Explicit
08-04 13:24:46.005 27166 27179 I art     : Explicit concurrent mark sweep GC freed 3(96B) AllocSpace objects, 0(0B) LOS objects, 29% free, 37MB/53MB, paused 1.029ms total 38.332ms
08-04 13:24:46.334 27166 27190 I art     : Starting a blocking GC Explicit
08-04 13:24:46.382 27166 27190 I art     : Explicit concurrent mark sweep GC freed 2260(112KB) AllocSpace objects, 1(20KB) LOS objects, 29% free, 37MB/53MB, paused 1.249ms total 48.316ms
08-04 13:24:46.397 27166 27190 I art     : Starting a blocking GC Explicit
08-04 13:24:46.434 27166 27190 I art     : Explicit concurrent mark sweep GC freed 23(752B) AllocSpace objects, 0(0B) LOS objects, 29% free, 37MB/53MB, paused 1.035ms total 37.034ms
08-04 13:24:46.446 27166 27190 I art     : Starting a blocking GC Explicit
08-04 13:24:46.484 27166 27190 I art     : Explicit concurrent mark sweep GC freed 3(96B) AllocSpace objects, 0(0B) LOS objects, 29% free, 37MB/53MB, paused 1.038ms total 38.399ms
08-04 13:24:46.496 27166 27190 I art     : Starting a blocking GC Explicit
08-04 13:24:46.534 27166 27190 I art     : Explicit concurrent mark sweep GC freed 32(880B) AllocSpace objects, 0(0B) LOS objects, 29% free, 37MB/53MB, paused 1.043ms total 37.575ms
08-04 13:24:46.545 27166 27190 I art     : Starting a blocking GC Explicit
08-04 13:24:46.584 27166 27190 I art     : Explicit concurrent mark sweep GC freed 3(96B) AllocSpace objects, 0(0B) LOS objects, 29% free, 37MB/53MB, paused 1.033ms total 38.445ms
08-04 13:24:46.894 13866 13882 I PeriodicStatsRunner: PeriodicStatsRunner.call():175 call()
08-04 13:24:46.895 13866 13882 I PeriodicStatsRunner: PeriodicStatsRunner.call():179 No submit PeriodicStats since input started.
08-04 13:24:46.926 27166 27178 I art     : Starting a blocking GC Explicit
08-04 13:24:46.974 27166 27178 I art     : Explicit concurrent mark sweep GC freed 1372(80KB) AllocSpace objects, 1(20KB) LOS objects, 29% free, 37MB/53MB, paused 1.116ms total 47.302ms
08-04 13:24:46.991 27166 27178 I art     : Starting a blocking GC Explicit
08-04 13:24:47.027 27166 27178 I art     : Explicit concurrent mark sweep GC freed 23(752B) AllocSpace objects, 0(0B) LOS objects, 29% free, 37MB/53MB, paused 1.057ms total 35.878ms
08-04 13:24:47.038 27166 27178 I art     : Starting a blocking GC Explicit
08-04 13:24:47.076 27166 27178 I art     : Explicit concurrent mark sweep GC freed 3(96B) AllocSpace objects, 0(0B) LOS objects, 29% free, 37MB/53MB, paused 999us total 37.789ms
08-04 13:24:47.087 27166 27178 I art     : Starting a blocking GC Explicit
08-04 13:24:47.126 27166 27178 I art     : Explicit concurrent mark sweep GC freed 3(96B) AllocSpace objects, 0(0B) LOS objects, 29% free, 37MB/53MB, paused 948us total 38.186ms
08-04 13:24:47.137 27166 27178 I art     : Starting a blocking GC Explicit
08-04 13:24:47.176 27166 27178 I art     : Explicit concurrent mark sweep GC freed 3(96B) AllocSpace objects, 0(0B) LOS objects, 29% free, 37MB/53MB, paused 1.016ms total 38.505ms
08-04 13:24:47.516 27166 27624 I art     : Starting a blocking GC Explicit
08-04 13:24:47.564 27166 27624 I art     : Explicit concurrent mark sweep GC freed 1403(82KB) AllocSpace objects, 1(20KB) LOS objects, 29% free, 37MB/53MB, paused 1.078ms total 48.106ms
08-04 13:24:47.580 27166 27624 I art     : Starting a blocking GC Explicit
08-04 13:24:47.619 27166 27624 I art     : Explicit concurrent mark sweep GC freed 23(752B) AllocSpace objects, 0(0B) LOS objects, 29% free, 37MB/53MB, paused 1.009ms total 39.018ms
08-04 13:24:47.630 27166 27624 I art     : Starting a blocking GC Explicit
08-04 13:24:47.668 27166 27624 I art     : Explicit concurrent mark sweep GC freed 3(96B) AllocSpace objects, 0(0B) LOS objects, 29% free, 37MB/53MB, paused 1.047ms total 37.489ms
08-04 13:24:47.679 27166 27624 I art     : Starting a blocking GC Explicit
08-04 13:24:47.718 27166 27624 I art     : Explicit concurrent mark sweep GC freed 3(96B) AllocSpace objects, 0(0B) LOS objects, 29% free, 37MB/53MB, paused 1.083ms total 38.555ms
08-04 13:24:47.730 27166 27624 I art     : Starting a blocking GC Explicit
08-04 13:24:47.768 27166 27624 I art     : Explicit concurrent mark sweep GC freed 3(96B) AllocSpace objects, 0(0B) LOS objects, 29% free, 37MB/53MB, paused 1.112ms total 37.763ms
08-04 13:24:48.053 27166 29413 I art     : Starting a blocking GC Explicit
08-04 13:24:48.098 27166 29413 I art     : Explicit concurrent mark sweep GC freed 1373(82KB) AllocSpace objects, 1(20KB) LOS objects, 29% free, 37MB/53MB, paused 1.094ms total 44.577ms
08-04 13:24:48.109 27166 29413 I art     : Starting a blocking GC Explicit
08-04 13:24:48.146 27166 29413 I art     : Explicit concurrent mark sweep GC freed 23(752B) AllocSpace objects, 0(0B) LOS objects, 29% free, 37MB/53MB, paused 1.003ms total 36.178ms
08-04 13:24:48.156 27166 29413 I art     : Starting a blocking GC Explicit
08-04 13:24:48.192 27166 29413 I art     : Explicit concurrent mark sweep GC freed 3(96B) AllocSpace objects, 0(0B) LOS objects, 29% free, 37MB/53MB, paused 997us total 35.821ms
08-04 13:24:48.203 27166 29413 I art     : Starting a blocking GC Explicit
08-04 13:24:48.238 27166 29413 I art     : Explicit concurrent mark sweep GC freed 3(96B) AllocSpace objects, 0(0B) LOS objects, 29% free, 37MB/53MB, paused 1.024ms total 34.988ms
08-04 13:24:48.249 27166 29413 I art     : Starting a blocking GC Explicit
08-04 13:24:48.286 27166 29413 I art     : Explicit concurrent mark sweep GC freed 3(96B) AllocSpace objects, 0(0B) LOS objects, 29% free, 37MB/53MB, paused 1.017ms total 36.153ms
08-04 13:24:48.318 29672 29672 D AndroidRuntime: >>>>>> START com.android.internal.os.RuntimeInit uid 2000 <<<<<<
08-04 13:24:48.322 29672 29672 D AndroidRuntime: CheckJNI is OFF
08-04 13:24:48.354 29672 29672 D ICU     : No timezone override file found: /data/misc/zoneinfo/current/icu/icu_tzdata.dat
08-04 13:24:48.387 29672 29672 I Radio-JNI: register_android_hardware_Radio DONE
08-04 13:24:48.410 29672 29672 D AndroidRuntime: Calling main entry com.android.commands.input.Input
08-04 13:24:48.412 29672 29672 I Input   : injectMotionEvent: MotionEvent { action=ACTION_DOWN, actionButton=0, id[0]=0, x[0]=1363.0, y[0]=517.0, toolType[0]=TOOL_TYPE_UNKNOWN, buttonState=0, metaState=0, flags=0x0, edgeFlags=0x0, pointerCount=1, historySize=0, eventTime=710704824, downTime=710704824, deviceId=0, source=0x1002 }
08-04 13:24:48.417 29672 29672 I Input   : injectMotionEvent: MotionEvent { action=ACTION_UP, actionButton=0, id[0]=0, x[0]=1363.0, y[0]=517.0, toolType[0]=TOOL_TYPE_UNKNOWN, buttonState=0, metaState=0, flags=0x0, edgeFlags=0x0, pointerCount=1, historySize=0, eventTime=710704824, downTime=710704824, deviceId=0, source=0x1002 }
08-04 13:24:48.419 29672 29672 D AndroidRuntime: Shutting down VM
08-04 13:24:48.429   918  4413 I ActivityManager: START u0 {cmp=baseline.de.danoeh.antennapod.debug/baseline.de.danoeh.antennapod.activity.FeedSettingsActivity (has extras)} from uid 10670 on display 0
08-04 13:24:48.431   512  2967 D audio_hw_primary: out_set_parameters: enter: usecase(1: low-latency-playback) kvpairs: routing=2
08-04 13:24:48.444   512  2967 D audio_hw_primary: select_devices: out_snd_device(2: speaker) in_snd_device(0: none)
08-04 13:24:48.444   512  2967 D msm8974_platform: platform_send_audio_calibration: sending audio calibration for snd_device(2) acdb_id(15)
08-04 13:24:48.445   512  2967 I soundtrigger: audio_extn_sound_trigger_update_device_status: device 0x2 of type 0 for Event 1
08-04 13:24:48.458   512  2967 D audio_hw_primary: enable_snd_device: snd_device(2: speaker)
08-04 13:24:48.460   512  2967 D audio_hw_primary: enable_audio_route: apply and update mixer path: low-latency-playback speaker
08-04 13:24:48.558 27166 27179 I art     : Starting a blocking GC Explicit
08-04 13:24:48.602 27166 27179 I art     : Explicit concurrent mark sweep GC freed 48968(2MB) AllocSpace objects, 1(20KB) LOS objects, 29% free, 38MB/54MB, paused 1.499ms total 43.588ms
08-04 13:24:48.614 27166 27179 I art     : Starting a blocking GC Explicit
08-04 13:24:48.632 27166 27186 D DBReader: getFeed() called with: feedId = [2]
08-04 13:24:48.633 27166 27186 D DBReader: getFeedItemList() called with: feed = [baseline.de.danoeh.antennapod.core.feed.Feed@2]
08-04 13:24:48.651 27166 27179 I art     : Explicit concurrent mark sweep GC freed 2245(188KB) AllocSpace objects, 0(0B) LOS objects, 28% free, 39MB/55MB, paused 1.613ms total 36.740ms
08-04 13:24:48.661 27166 27179 I art     : Starting a blocking GC Explicit
08-04 13:24:48.700 27166 27179 I art     : Explicit concurrent mark sweep GC freed 3214(102KB) AllocSpace objects, 0(0B) LOS objects, 28% free, 40MB/56MB, paused 1.390ms total 39.338ms
08-04 13:24:48.713 27166 27179 I art     : Starting a blocking GC Explicit
08-04 13:24:48.713 27166 27186 W PodDBAdapter: Length of id array is larger than 800. Creating multiple cursors
08-04 13:24:48.752 13866 13866 I GoogleInputMethodServic: GoogleInputMethodService.onFinishInput():3138 
08-04 13:24:48.752   918   936 I ActivityManager: Displayed baseline.de.danoeh.antennapod.debug/baseline.de.danoeh.antennapod.activity.FeedSettingsActivity: +311ms
08-04 13:24:48.753 13866 13866 I GoogleInputMethodServic: GoogleInputMethodService.onStartInput():1808 
08-04 13:24:48.762 27166 27179 I art     : Explicit concurrent mark sweep GC freed 2414(215KB) AllocSpace objects, 0(0B) LOS objects, 27% free, 41MB/57MB, paused 1.541ms total 49.026ms
08-04 13:24:48.776 27166 27179 I art     : Starting a blocking GC Explicit
08-04 13:24:48.786 27166 27187 D OpenGLRenderer: endAllStagingAnimators on 0x7f7d1f2800 (RippleDrawable) with handle 0x7f7e1ffa00
08-04 13:24:48.796 27166 28115 D ApOkHttpUrlLoader: buildLoadData() called with: model = [http://static.libsyn.com/p/assets/7/1/f/3/71f3014e14ef2722/JREiTunesImage2.jpg], width = [1440], height = [462]
08-04 13:24:48.801 13866 13866 I GoogleInputMethodServic: GoogleInputMethodService.onStartInput():1808 
08-04 13:24:48.801 13866 13866 W SessionManager: SessionManager.beginSession():53 Try to begin an already begun session [INPUT_SESSION], end it first
08-04 13:24:48.812 27166 27166 D FeedSettingsActivity: No filter set
08-04 13:24:48.812 13866 13866 I ShortcutsDataManager: ShortcutsDataManager.onContentChanged():89 onContentChanged()
08-04 13:24:48.826   918  3696 W IntentResolver: resolveIntent: multiple matches, only some with CATEGORY_DEFAULT
08-04 13:24:48.829 27166 27179 I art     : Explicit concurrent mark sweep GC freed 6074(145KB) AllocSpace objects, 1(16KB) LOS objects, 27% free, 42MB/58MB, paused 1.816ms total 52.038ms
08-04 13:24:49.002   380   380 W SurfaceFlinger: couldn't log to binary event log: overflow.
08-04 13:24:49.009   512  2967 D audio_hw_primary: disable_audio_route: reset and update mixer path: low-latency-playback speaker
08-04 13:24:49.012   512  2967 D audio_hw_primary: disable_snd_device: snd_device(2: speaker)
08-04 13:24:49.021   512  2967 I soundtrigger: audio_extn_sound_trigger_update_device_status: device 0x2 of type 0 for Event 0
08-04 13:24:49.089 22210 22210 I Atfwd_Sendcmd: AtCmdFwd service not ready - Exhausted retry attempts - :6
08-04 13:24:49.089 22210 22210 I Atfwd_Daemon: result : -1 	 ,Init step :2 	 ,qmiErrorCode: 0
08-04 13:24:49.126 27166 27166 D PlaybackController: Releasing PlaybackController
08-04 13:24:49.137 13866 13882 I PeriodicStatsRunner: PeriodicStatsRunner.call():175 call()
08-04 13:24:49.137 27166 27179 I art     : Starting a blocking GC Explicit
08-04 13:24:49.138 13866 13882 I PeriodicStatsRunner: PeriodicStatsRunner.call():179 No submit PeriodicStats since input started.
08-04 13:24:49.187 27166 27179 I art     : Explicit concurrent mark sweep GC freed 4035(202KB) AllocSpace objects, 2(36KB) LOS objects, 27% free, 42MB/58MB, paused 965us total 49.488ms
08-04 13:24:49.201 27166 27179 I art     : Starting a blocking GC Explicit
08-04 13:24:49.244 27166 27179 I art     : Explicit concurrent mark sweep GC freed 433(31KB) AllocSpace objects, 0(0B) LOS objects, 27% free, 42MB/58MB, paused 1.055ms total 42.709ms
08-04 13:24:49.257 27166 27179 I art     : Starting a blocking GC Explicit
08-04 13:24:49.302 27166 27179 I art     : Explicit concurrent mark sweep GC freed 29(1120B) AllocSpace objects, 0(0B) LOS objects, 27% free, 42MB/58MB, paused 1.090ms total 44.930ms
08-04 13:24:49.315 27166 27179 I art     : Starting a blocking GC Explicit
08-04 13:24:49.361 27166 27179 I art     : Explicit concurrent mark sweep GC freed 37(1536B) AllocSpace objects, 0(0B) LOS objects, 27% free, 42MB/58MB, paused 998us total 46.472ms
08-04 13:24:49.374 27166 27179 I art     : Starting a blocking GC Explicit
08-04 13:24:49.422 27166 27179 I art     : Explicit concurrent mark sweep GC freed 23(992B) AllocSpace objects, 0(0B) LOS objects, 27% free, 42MB/58MB, paused 1.061ms total 47.553ms
08-04 13:24:49.736 27166 29413 I art     : Starting a blocking GC Explicit
08-04 13:24:49.799 27166 29413 I art     : Explicit concurrent mark sweep GC freed 1401(81KB) AllocSpace objects, 1(20KB) LOS objects, 27% free, 42MB/58MB, paused 1.389ms total 62.966ms
08-04 13:24:49.815 27166 29413 I art     : Starting a blocking GC Explicit
08-04 13:24:49.863 27166 29413 I art     : Explicit concurrent mark sweep GC freed 23(752B) AllocSpace objects, 0(0B) LOS objects, 27% free, 42MB/58MB, paused 1.115ms total 48.448ms
08-04 13:24:49.876 27166 29413 I art     : Starting a blocking GC Explicit
08-04 13:24:49.925 27166 29413 I art     : Explicit concurrent mark sweep GC freed 3(96B) AllocSpace objects, 0(0B) LOS objects, 27% free, 42MB/58MB, paused 1.072ms total 47.952ms
08-04 13:24:49.938 27166 29413 I art     : Starting a blocking GC Explicit
08-04 13:24:49.988 27166 29413 I art     : Explicit concurrent mark sweep GC freed 3(96B) AllocSpace objects, 0(0B) LOS objects, 27% free, 42MB/58MB, paused 1.216ms total 49.345ms
08-04 13:24:50.001 27166 29413 I art     : Starting a blocking GC Explicit
08-04 13:24:50.050 27166 29413 I art     : Explicit concurrent mark sweep GC freed 3(96B) AllocSpace objects, 0(0B) LOS objects, 27% free, 42MB/58MB, paused 1.113ms total 48.821ms
08-04 13:24:50.389 27166 27178 I art     : Starting a blocking GC Explicit
08-04 13:24:50.442 27166 27178 I art     : Explicit concurrent mark sweep GC freed 1416(81KB) AllocSpace objects, 1(20KB) LOS objects, 27% free, 42MB/58MB, paused 1.090ms total 52.245ms
08-04 13:24:50.456 27166 27178 I art     : Starting a blocking GC Explicit
08-04 13:24:50.502 27166 27178 I art     : Explicit concurrent mark sweep GC freed 65(1952B) AllocSpace objects, 0(0B) LOS objects, 27% free, 42MB/58MB, paused 1.002ms total 45.432ms
08-04 13:24:50.515 27166 27178 I art     : Starting a blocking GC Explicit
08-04 13:24:50.562 27166 27178 I art     : Explicit concurrent mark sweep GC freed 5(160B) AllocSpace objects, 0(0B) LOS objects, 27% free, 42MB/58MB, paused 1.056ms total 47.020ms
08-04 13:24:50.576 27166 27178 I art     : Starting a blocking GC Explicit
08-04 13:24:50.624 27166 27178 I art     : Explicit concurrent mark sweep GC freed 3(96B) AllocSpace objects, 0(0B) LOS objects, 27% free, 42MB/58MB, paused 1.112ms total 47.652ms
08-04 13:24:50.637 27166 27178 I art     : Starting a blocking GC Explicit
08-04 13:24:50.686 27166 27178 I art     : Explicit concurrent mark sweep GC freed 3(96B) AllocSpace objects, 0(0B) LOS objects, 27% free, 42MB/58MB, paused 1.099ms total 48.709ms
08-04 13:24:51.031 27166 27179 I art     : Starting a blocking GC Explicit
08-04 13:24:51.104 27166 27179 I art     : Explicit concurrent mark sweep GC freed 1373(82KB) AllocSpace objects, 1(20KB) LOS objects, 27% free, 42MB/58MB, paused 1.364ms total 73.137ms
08-04 13:24:51.121 27166 27179 I art     : Starting a blocking GC Explicit
08-04 13:24:51.171 27166 27179 I art     : Explicit concurrent mark sweep GC freed 23(752B) AllocSpace objects, 0(0B) LOS objects, 27% free, 42MB/58MB, paused 1.114ms total 49.887ms
08-04 13:24:51.185 27166 27179 I art     : Starting a blocking GC Explicit
08-04 13:24:51.234 27166 27179 I art     : Explicit concurrent mark sweep GC freed 3(96B) AllocSpace objects, 0(0B) LOS objects, 27% free, 42MB/58MB, paused 1.091ms total 48.857ms
08-04 13:24:51.248 27166 27179 I art     : Starting a blocking GC Explicit
08-04 13:24:51.299 27166 27179 I art     : Explicit concurrent mark sweep GC freed 3(96B) AllocSpace objects, 0(0B) LOS objects, 27% free, 42MB/58MB, paused 1.210ms total 50.811ms
08-04 13:24:51.313 27166 27179 I art     : Starting a blocking GC Explicit
08-04 13:24:51.360 27166 27179 I art     : Explicit concurrent mark sweep GC freed 3(96B) AllocSpace objects, 0(0B) LOS objects, 27% free, 42MB/58MB, paused 1.036ms total 47.522ms
08-04 13:24:51.712 27166 27624 I art     : Starting a blocking GC Explicit
08-04 13:24:51.783 27166 27624 I art     : Explicit concurrent mark sweep GC freed 1402(82KB) AllocSpace objects, 1(20KB) LOS objects, 27% free, 42MB/58MB, paused 1.198ms total 70.576ms
08-04 13:24:51.800 27166 27624 I art     : Starting a blocking GC Explicit
08-04 13:24:51.850 27166 27624 I art     : Explicit concurrent mark sweep GC freed 23(752B) AllocSpace objects, 0(0B) LOS objects, 27% free, 42MB/58MB, paused 1.227ms total 49.884ms
08-04 13:24:51.863 27166 27624 I art     : Starting a blocking GC Explicit
08-04 13:24:51.909 27166 27624 I art     : Explicit concurrent mark sweep GC freed 3(96B) AllocSpace objects, 0(0B) LOS objects, 27% free, 42MB/58MB, paused 1.069ms total 45.863ms
08-04 13:24:51.923 27166 27624 I art     : Starting a blocking GC Explicit
08-04 13:24:51.970 27166 27624 I art     : Explicit concurrent mark sweep GC freed 3(96B) AllocSpace objects, 0(0B) LOS objects, 27% free, 42MB/58MB, paused 1.109ms total 47.197ms
08-04 13:24:51.984 27166 27624 I art     : Starting a blocking GC Explicit
08-04 13:24:52.035 27166 27624 I art     : Explicit concurrent mark sweep GC freed 3(96B) AllocSpace objects, 0(0B) LOS objects, 27% free, 42MB/58MB, paused 1.103ms total 50.730ms
08-04 13:24:52.035 27166 27177 I art     : WaitForGcToComplete blocked for 51.026ms for cause HeapTrim
08-04 13:24:52.375 27166 29413 I art     : Starting a blocking GC Explicit
08-04 13:24:52.429 27166 29413 I art     : Explicit concurrent mark sweep GC freed 2075(106KB) AllocSpace objects, 1(20KB) LOS objects, 27% free, 42MB/58MB, paused 1.213ms total 52.859ms
08-04 13:24:52.444 27166 29413 I art     : Starting a blocking GC Explicit
08-04 13:24:52.492 27166 29413 I art     : Explicit concurrent mark sweep GC freed 23(752B) AllocSpace objects, 0(0B) LOS objects, 27% free, 42MB/58MB, paused 1.095ms total 47.532ms
08-04 13:24:52.505 27166 29413 I art     : Starting a blocking GC Explicit
08-04 13:24:52.553 27166 29413 I art     : Explicit concurrent mark sweep GC freed 32(880B) AllocSpace objects, 0(0B) LOS objects, 27% free, 42MB/58MB, paused 1.103ms total 47.703ms
08-04 13:24:52.566 27166 29413 I art     : Starting a blocking GC Explicit
08-04 13:24:52.615 27166 29413 I art     : Explicit concurrent mark sweep GC freed 3(96B) AllocSpace objects, 0(0B) LOS objects, 27% free, 42MB/58MB, paused 1.116ms total 48.929ms
08-04 13:24:52.629 27166 29413 I art     : Starting a blocking GC Explicit
08-04 13:24:52.678 27166 29413 I art     : Explicit concurrent mark sweep GC freed 3(96B) AllocSpace objects, 0(0B) LOS objects, 27% free, 42MB/58MB, paused 1.115ms total 48.666ms
08-04 13:24:52.976 27166 27178 I art     : Starting a blocking GC Explicit
08-04 13:24:53.029 27166 27178 I art     : Explicit concurrent mark sweep GC freed 2261(112KB) AllocSpace objects, 1(20KB) LOS objects, 27% free, 41MB/57MB, paused 1.142ms total 53.414ms
08-04 13:24:53.043 27166 27178 I art     : Starting a blocking GC Explicit
08-04 13:24:53.089 27166 27178 I art     : Explicit concurrent mark sweep GC freed 23(752B) AllocSpace objects, 0(0B) LOS objects, 27% free, 41MB/57MB, paused 1.187ms total 46.271ms
08-04 13:24:53.095 29775 29775 D AndroidRuntime: >>>>>> START com.android.internal.os.RuntimeInit uid 2000 <<<<<<
08-04 13:24:53.101 29775 29775 D AndroidRuntime: CheckJNI is OFF
08-04 13:24:53.103 27166 27178 I art     : Starting a blocking GC Explicit
08-04 13:24:53.135 29775 29775 D ICU     : No timezone override file found: /data/misc/zoneinfo/current/icu/icu_tzdata.dat
08-04 13:24:53.148 27166 27178 I art     : Explicit concurrent mark sweep GC freed 3(96B) AllocSpace objects, 0(0B) LOS objects, 27% free, 41MB/57MB, paused 1.063ms total 45.115ms
08-04 13:24:53.161 27166 27178 I art     : Starting a blocking GC Explicit
08-04 13:24:53.170 29775 29775 I Radio-JNI: register_android_hardware_Radio DONE
08-04 13:24:53.191 29775 29775 D AndroidRuntime: Calling main entry com.android.commands.input.Input
08-04 13:24:53.192 29775 29775 I Input   : injectKeyEvent: KeyEvent { action=ACTION_DOWN, keyCode=KEYCODE_BACK, scanCode=0, metaState=0, flags=0x0, repeatCount=0, eventTime=710709605, downTime=710709605, deviceId=-1, source=0x101 }
08-04 13:24:53.203 29775 29775 I Input   : injectKeyEvent: KeyEvent { action=ACTION_UP, keyCode=KEYCODE_BACK, scanCode=0, metaState=0, flags=0x0, repeatCount=0, eventTime=710709605, downTime=710709605, deviceId=-1, source=0x101 }
08-04 13:24:53.205 27166 27178 I art     : Explicit concurrent mark sweep GC freed 38(2000B) AllocSpace objects, 0(0B) LOS objects, 27% free, 41MB/57MB, paused 1.120ms total 43.634ms
08-04 13:24:53.210 29775 29775 D AndroidRuntime: Shutting down VM
08-04 13:24:53.215 27166 27166 V PlaybackController: initServiceNotRunning()
08-04 13:24:53.215 27166 27166 D ExternalPlayerFragment: Loading media info
08-04 13:24:53.218 27166 27166 D ItemlistFragment: onEventMainThread() called with: event = [DownloadEvent{update=DownloaderUpdate{downloaders=[], feedIds=[], mediaIds=[]}}]
08-04 13:24:53.219 27166 28115 D ApOkHttpUrlLoader: buildLoadData() called with: model = [http://static.libsyn.com/p/assets/7/1/f/3/71f3014e14ef2722/JREiTunesImage2.jpg], width = [1440], height = [462]
08-04 13:24:53.221 27166 27178 I art     : Starting a blocking GC Explicit
08-04 13:24:53.226 27166 27166 D UserPreferences: Using default data folder
08-04 13:24:53.228 27166 27186 D DBReader: getNavDrawerData() called with: 
08-04 13:24:53.228 27166 27193 D DBReader: getFeed() called with: feedId = [2]
08-04 13:24:53.230 27166 27193 D DBReader: getFeedItemList() called with: feed = [baseline.de.danoeh.antennapod.core.feed.Feed@2]
08-04 13:24:53.238 27166 27166 D FeedMenuHandler: Preparing options menu
08-04 13:24:53.253 27166 27186 D DBReader: getDownloadedItems() called
08-04 13:24:53.254 27166 27186 D DBReader: getFavoriteIDList() called
08-04 13:24:53.255 27166 27186 D DBReader: getQueueIDList() called
08-04 13:24:53.255 27166 27186 D DBReader: Extracting Feedlist
08-04 13:24:53.267 27166 27178 I art     : Explicit concurrent mark sweep GC freed 1555(90KB) AllocSpace objects, 0(0B) LOS objects, 26% free, 45MB/61MB, paused 1.388ms total 45.777ms
08-04 13:24:53.301 13866 13866 I GoogleInputMethodServic: GoogleInputMethodService.onFinishInput():3138 
08-04 13:24:53.301 27166 27166 D MainActivity: getLastNavFragment() -> 2
08-04 13:24:53.302 13866 13866 I GoogleInputMethodServic: GoogleInputMethodService.onStartInput():1808 
08-04 13:24:53.302 13866 13866 I ShortcutsDataManager: AbstractContentDataManager.startImportContentTask():208 startImportContentTask()
08-04 13:24:53.303 13866 13938 I ShortcutsDataManager: AbstractContentDataManager$ImportContentTask.doInBackground():222 doInBackground()
08-04 13:24:53.303 13866 13938 I PersonalDictionaryDataH: PersonalDictionaryDataHandler.beginProcess():111 LanguageTags = [en-US]
08-04 13:24:53.313 13866 13938 I ShortcutsDataManager: AbstractContentDataManager.importRecords():312 importRecords() : Success : Count = 0
08-04 13:24:53.316 27166 27193 W PodDBAdapter: Length of id array is larger than 800. Creating multiple cursors
08-04 13:24:53.318 13866 13938 I ShortcutsDataManager: AbstractContentDataManager.importContentData():262 importContentData() : Ending import process
08-04 13:24:53.342 13866 13938 I PersonalLanguageModelUp: PersonalLanguageModelUpdater$UpdateOperation.performInternal():160 run() : Added 0 words and 0 shortcuts
08-04 13:24:53.343 13866 13938 I DynamicLanguageModelOpe: DynamicLanguageModelOperation.perform():37 perform() : 4 : coc : Completed
08-04 13:24:53.343 13866 13950 I Delight5Decoder: Delight5DecoderWrapper.loadLanguageModel():578 loadLanguageModel() : 4, version [n/a]
08-04 13:24:53.344 13866 13866 I ShortcutsDataManager: AbstractContentDataManager$ImportContentTask.onPostExecute():233 onPostExecute() : Result = [2,0]
08-04 13:24:53.344 13866 13866 I ShortcutsDataManager: ShortcutsDataManager.onImportFinished():99 onImportFinished() : Result = 2 : Count = 0
08-04 13:24:53.345 13866 13950 I Delight5Decoder: Delight5DecoderWrapper.loadLanguageModel():616 Loaded dynamic LM 4.en
08-04 13:24:53.380 27166 27193 D DBReader: getFavoriteIDList() called
08-04 13:24:53.380 27166 27193 D DBReader: getQueueIDList() called
08-04 13:24:53.381 27166 27193 D DBReader: Extracting Feedlist
08-04 13:24:53.384 27166 28115 D ApOkHttpUrlLoader: buildLoadData() called with: model = [http://static.libsyn.com/p/assets/7/1/f/3/71f3014e14ef2722/JREiTunesImage2.jpg], width = [1440], height = [462]
08-04 13:24:53.408 27166 27166 D FeedMenuHandler: Preparing options menu
08-04 13:24:53.538 27166 27624 I art     : Starting a blocking GC Explicit
08-04 13:24:53.568   380   380 W SurfaceFlinger: couldn't log to binary event log: overflow.
08-04 13:24:53.596 27166 27624 I art     : Explicit concurrent mark sweep GC freed 41172(2MB) AllocSpace objects, 3(52KB) LOS objects, 25% free, 47MB/63MB, paused 1.265ms total 57.902ms
08-04 13:24:53.608 27166 27624 I art     : Starting a blocking GC Explicit
08-04 13:24:53.650 27166 27624 I art     : Explicit concurrent mark sweep GC freed 2162(141KB) AllocSpace objects, 0(0B) LOS objects, 25% free, 47MB/63MB, paused 981us total 42.236ms
08-04 13:24:53.662 27166 27624 I art     : Starting a blocking GC Explicit
08-04 13:24:53.701 27166 27624 I art     : Explicit concurrent mark sweep GC freed 34739(2MB) AllocSpace objects, 44(2MB) LOS objects, 27% free, 42MB/58MB, paused 1.215ms total 38.587ms
08-04 13:24:53.712 27166 27624 I art     : Starting a blocking GC Explicit
08-04 13:24:53.750 27166 27624 I art     : Explicit concurrent mark sweep GC freed 3(96B) AllocSpace objects, 0(0B) LOS objects, 27% free, 42MB/58MB, paused 1.091ms total 37.359ms
08-04 13:24:53.753 13866 13882 I PeriodicStatsRunner: PeriodicStatsRunner.call():175 call()
08-04 13:24:53.753 13866 13882 I PeriodicStatsRunner: PeriodicStatsRunner.call():179 No submit PeriodicStats since input started.
08-04 13:24:53.761 27166 27624 I art     : Starting a blocking GC Explicit
08-04 13:24:53.799 27166 27624 I art     : Explicit concurrent mark sweep GC freed 3(96B) AllocSpace objects, 0(0B) LOS objects, 27% free, 42MB/58MB, paused 1.137ms total 37.715ms
08-04 13:24:54.110 27166 27179 I art     : Starting a blocking GC Explicit
08-04 13:24:54.160 27166 27179 I art     : Explicit concurrent mark sweep GC freed 1374(81KB) AllocSpace objects, 1(20KB) LOS objects, 27% free, 42MB/58MB, paused 1.263ms total 49.444ms
08-04 13:24:54.177 27166 27179 I art     : Starting a blocking GC Explicit
08-04 13:24:54.215 27166 27179 I art     : Explicit concurrent mark sweep GC freed 23(752B) AllocSpace objects, 0(0B) LOS objects, 27% free, 42MB/58MB, paused 1.189ms total 38.440ms
08-04 13:24:54.227 27166 27179 I art     : Starting a blocking GC Explicit
08-04 13:24:54.266 27166 27179 I art     : Explicit concurrent mark sweep GC freed 3(96B) AllocSpace objects, 0(0B) LOS objects, 27% free, 42MB/58MB, paused 1.133ms total 38.488ms
08-04 13:24:54.277 27166 27179 I art     : Starting a blocking GC Explicit
08-04 13:24:54.317 27166 27179 I art     : Explicit concurrent mark sweep GC freed 3(96B) AllocSpace objects, 0(0B) LOS objects, 27% free, 42MB/58MB, paused 1.375ms total 39.541ms
08-04 13:24:54.329 27166 27179 I art     : Starting a blocking GC Explicit
08-04 13:24:54.369 27166 27179 I art     : Explicit concurrent mark sweep GC freed 3(96B) AllocSpace objects, 0(0B) LOS objects, 27% free, 42MB/58MB, paused 1.222ms total 39.450ms
08-04 13:24:54.646 27166 29413 I art     : Starting a blocking GC Explicit
08-04 13:24:54.690 27166 29413 I art     : Explicit concurrent mark sweep GC freed 1402(83KB) AllocSpace objects, 1(20KB) LOS objects, 27% free, 42MB/58MB, paused 1.117ms total 43.328ms
08-04 13:24:54.702 27166 29413 I art     : Starting a blocking GC Explicit
08-04 13:24:54.738 27166 29413 I art     : Explicit concurrent mark sweep GC freed 23(752B) AllocSpace objects, 0(0B) LOS objects, 27% free, 42MB/58MB, paused 1.136ms total 35.883ms
08-04 13:24:54.749 27166 29413 I art     : Starting a blocking GC Explicit
08-04 13:24:54.786 27166 29413 I art     : Explicit concurrent mark sweep GC freed 3(96B) AllocSpace objects, 0(0B) LOS objects, 27% free, 42MB/58MB, paused 1.103ms total 37.114ms
08-04 13:24:54.797 27166 29413 I art     : Starting a blocking GC Explicit
08-04 13:24:54.834 27166 29413 I art     : Explicit concurrent mark sweep GC freed 3(96B) AllocSpace objects, 0(0B) LOS objects, 27% free, 42MB/58MB, paused 1.120ms total 36.001ms
08-04 13:24:54.845 27166 29413 I art     : Starting a blocking GC Explicit
08-04 13:24:54.884 27166 29413 I art     : Explicit concurrent mark sweep GC freed 6(192B) AllocSpace objects, 0(0B) LOS objects, 27% free, 42MB/58MB, paused 1.120ms total 39.441ms
08-04 13:24:54.895 29818 29818 D AndroidRuntime: >>>>>> START com.android.internal.os.RuntimeInit uid 2000 <<<<<<
08-04 13:24:54.900 29818 29818 D AndroidRuntime: CheckJNI is OFF
08-04 13:24:54.934 29818 29818 D ICU     : No timezone override file found: /data/misc/zoneinfo/current/icu/icu_tzdata.dat
08-04 13:24:54.966 29818 29818 I Radio-JNI: register_android_hardware_Radio DONE
08-04 13:24:54.987 29818 29818 D AndroidRuntime: Calling main entry com.android.commands.input.Input
08-04 13:24:54.989 29818 29818 I Input   : injectMotionEvent: MotionEvent { action=ACTION_DOWN, actionButton=0, id[0]=0, x[0]=1372.0, y[0]=384.0, toolType[0]=TOOL_TYPE_UNKNOWN, buttonState=0, metaState=0, flags=0x0, edgeFlags=0x0, pointerCount=1, historySize=0, eventTime=710711402, downTime=710711402, deviceId=0, source=0x1002 }
08-04 13:24:54.994 29818 29818 I Input   : injectMotionEvent: MotionEvent { action=ACTION_UP, actionButton=0, id[0]=0, x[0]=1372.0, y[0]=384.0, toolType[0]=TOOL_TYPE_UNKNOWN, buttonState=0, metaState=0, flags=0x0, edgeFlags=0x0, pointerCount=1, historySize=0, eventTime=710711402, downTime=710711402, deviceId=0, source=0x1002 }
08-04 13:24:54.996 29818 29818 D AndroidRuntime: Shutting down VM
08-04 13:24:55.003   918  6110 I ActivityManager: START u0 {cmp=baseline.de.danoeh.antennapod.debug/baseline.de.danoeh.antennapod.activity.FeedInfoActivity (has extras)} from uid 10670 on display 0
08-04 13:24:55.006   512  2967 D audio_hw_primary: out_set_parameters: enter: usecase(1: low-latency-playback) kvpairs: routing=2
08-04 13:24:55.020   512  2967 D audio_hw_primary: select_devices: out_snd_device(2: speaker) in_snd_device(0: none)
08-04 13:24:55.020   512  2967 D msm8974_platform: platform_send_audio_calibration: sending audio calibration for snd_device(2) acdb_id(15)
08-04 13:24:55.022   512  2967 I soundtrigger: audio_extn_sound_trigger_update_device_status: device 0x2 of type 0 for Event 1
08-04 13:24:55.033   512  2967 D audio_hw_primary: enable_snd_device: snd_device(2: speaker)
08-04 13:24:55.035   512  2967 D audio_hw_primary: enable_audio_route: apply and update mixer path: low-latency-playback speaker
08-04 13:24:55.062 27166 27718 D DBReader: getFeed() called with: feedId = [2]
08-04 13:24:55.063 27166 27718 D DBReader: getFeedItemList() called with: feed = [baseline.de.danoeh.antennapod.core.feed.Feed@2]
08-04 13:24:55.069 27166 27166 D androidx.gridlayout.widget.GridLayout: horizontal constraints: x2-x0>=1328, x2-x1<=0, x1-x0<=242 are inconsistent; permanently removing: x2-x1<=0. 
08-04 13:24:55.070 27166 27166 D androidx.gridlayout.widget.GridLayout: vertical constraints: y3-y2>=80, y3-y2<=66, y2-y1<=94, y1-y0<=94 are inconsistent; permanently removing: y3-y2<=66. 
08-04 13:24:55.135 27166 27718 W PodDBAdapter: Length of id array is larger than 800. Creating multiple cursors
08-04 13:24:55.137   918   936 I ActivityManager: Displayed baseline.de.danoeh.antennapod.debug/baseline.de.danoeh.antennapod.activity.FeedInfoActivity: +116ms
08-04 13:24:55.138 13866 13866 I GoogleInputMethodServic: GoogleInputMethodService.onFinishInput():3138 
08-04 13:24:55.138 13866 13866 I GoogleInputMethodServic: GoogleInputMethodService.onStartInput():1808 
08-04 13:24:55.163 27166 27178 I art     : Starting a blocking GC Explicit
08-04 13:24:55.172 27166 27187 D OpenGLRenderer: endAllStagingAnimators on 0x7f7d1f2400 (RippleDrawable) with handle 0x7f7e1ff440
08-04 13:24:55.202 27166 27166 D FeedInfoActivity: Language is en
08-04 13:24:55.202 27166 27166 D FeedInfoActivity: Author is Joe Rogan
08-04 13:24:55.202 27166 27166 D FeedInfoActivity: URL is http://joeroganexp.joerogan.libsynpro.com/rss
08-04 13:24:55.208 27166 28115 D ApOkHttpUrlLoader: buildLoadData() called with: model = [http://static.libsyn.com/p/assets/7/1/f/3/71f3014e14ef2722/JREiTunesImage2.jpg], width = [1440], height = [462]
08-04 13:24:55.209 27166 27178 I art     : Explicit concurrent mark sweep GC freed 13036(543KB) AllocSpace objects, 2(36KB) LOS objects, 26% free, 44MB/60MB, paused 2.448ms total 45.956ms
08-04 13:24:55.219   918   928 W IntentResolver: resolveIntent: multiple matches, only some with CATEGORY_DEFAULT
08-04 13:24:55.222 27166 27178 I art     : Starting a blocking GC Explicit
08-04 13:24:55.228 27166 27166 D androidx.gridlayout.widget.GridLayout: horizontal constraints: x2-x0>=1328, x2-x1<=232, x1-x0<=242 are inconsistent; permanently removing: x2-x1<=232. 
08-04 13:24:55.228 27166 27166 D androidx.gridlayout.widget.GridLayout: vertical constraints: y3-y2>=80, y3-y2<=66, y2-y1<=94, y1-y0<=94 are inconsistent; permanently removing: y3-y2<=66. 
08-04 13:24:55.263 27166 27178 I art     : Explicit concurrent mark sweep GC freed 2720(116KB) AllocSpace objects, 1(16KB) LOS objects, 25% free, 47MB/63MB, paused 1.111ms total 40.979ms
08-04 13:24:55.275 27166 27178 I art     : Starting a blocking GC Explicit
08-04 13:24:55.323 27166 27178 I art     : Explicit concurrent mark sweep GC freed 275(21KB) AllocSpace objects, 0(0B) LOS objects, 25% free, 47MB/63MB, paused 1.136ms total 47.861ms
08-04 13:24:55.339 27166 27178 I art     : Starting a blocking GC Explicit
08-04 13:24:55.385   380   380 W SurfaceFlinger: couldn't log to binary event log: overflow.
08-04 13:24:55.393 27166 27178 I art     : Explicit concurrent mark sweep GC freed 44(3040B) AllocSpace objects, 0(0B) LOS objects, 25% free, 47MB/63MB, paused 1.468ms total 54.596ms
08-04 13:24:55.406 27166 27178 I art     : Starting a blocking GC Explicit
08-04 13:24:55.445 27166 27178 I art     : Explicit concurrent mark sweep GC freed 3(96B) AllocSpace objects, 0(0B) LOS objects, 25% free, 47MB/63MB, paused 949us total 38.112ms
08-04 13:24:55.508 27166 27166 D PlaybackController: Releasing PlaybackController
08-04 13:24:55.578   512  2967 D audio_hw_primary: disable_audio_route: reset and update mixer path: low-latency-playback speaker
08-04 13:24:55.579   512  2967 D audio_hw_primary: disable_snd_device: snd_device(2: speaker)
08-04 13:24:55.588   512  2967 I soundtrigger: audio_extn_sound_trigger_update_device_status: device 0x2 of type 0 for Event 0
08-04 13:24:55.749 27166 29413 I art     : Starting a blocking GC Explicit
08-04 13:24:55.792 27166 29413 I art     : Explicit concurrent mark sweep GC freed 1747(100KB) AllocSpace objects, 1(20KB) LOS objects, 25% free, 47MB/63MB, paused 1.028ms total 42.460ms
08-04 13:24:55.804 27166 29413 I art     : Starting a blocking GC Explicit
08-04 13:24:55.847 27166 29413 I art     : Explicit concurrent mark sweep GC freed 55(1808B) AllocSpace objects, 0(0B) LOS objects, 25% free, 47MB/63MB, paused 1.049ms total 42.419ms
08-04 13:24:55.860 27166 29413 I art     : Starting a blocking GC Explicit
08-04 13:24:55.905 27166 29413 I art     : Explicit concurrent mark sweep GC freed 3(96B) AllocSpace objects, 0(0B) LOS objects, 25% free, 47MB/63MB, paused 1.087ms total 45.523ms
08-04 13:24:55.918 27166 29413 I art     : Starting a blocking GC Explicit
08-04 13:24:55.965 27166 29413 I art     : Explicit concurrent mark sweep GC freed 3(96B) AllocSpace objects, 0(0B) LOS objects, 25% free, 47MB/63MB, paused 1.090ms total 46.270ms
08-04 13:24:55.978 27166 29413 I art     : Starting a blocking GC Explicit
08-04 13:24:56.026 27166 29413 I art     : Explicit concurrent mark sweep GC freed 3(96B) AllocSpace objects, 0(0B) LOS objects, 25% free, 47MB/63MB, paused 1.106ms total 47.388ms
08-04 13:24:56.339 27166 27179 I art     : Starting a blocking GC Explicit
08-04 13:24:56.397 27166 27179 I art     : Explicit concurrent mark sweep GC freed 1372(80KB) AllocSpace objects, 1(20KB) LOS objects, 25% free, 47MB/63MB, paused 1.137ms total 57.202ms
08-04 13:24:56.410 27166 27179 I art     : Starting a blocking GC Explicit
08-04 13:24:56.457 27166 27179 I art     : Explicit concurrent mark sweep GC freed 23(752B) AllocSpace objects, 0(0B) LOS objects, 25% free, 47MB/63MB, paused 1.086ms total 46.461ms
08-04 13:24:56.470 27166 27179 I art     : Starting a blocking GC Explicit
08-04 13:24:56.513 27166 27179 I art     : Explicit concurrent mark sweep GC freed 32(880B) AllocSpace objects, 0(0B) LOS objects, 25% free, 47MB/63MB, paused 1.064ms total 42.496ms
08-04 13:24:56.526 27166 27179 I art     : Starting a blocking GC Explicit
08-04 13:24:56.574 27166 27179 I art     : Explicit concurrent mark sweep GC freed 3(96B) AllocSpace objects, 0(0B) LOS objects, 25% free, 47MB/63MB, paused 1.225ms total 48.130ms
08-04 13:24:56.587 27166 27179 I art     : Starting a blocking GC Explicit
08-04 13:24:56.631 27166 27179 I art     : Explicit concurrent mark sweep GC freed 3(96B) AllocSpace objects, 0(0B) LOS objects, 25% free, 47MB/63MB, paused 1.070ms total 43.586ms
08-04 13:24:56.962 27166 27190 I art     : Starting a blocking GC Explicit
08-04 13:24:57.009 27166 27190 I art     : Explicit concurrent mark sweep GC freed 1399(81KB) AllocSpace objects, 1(20KB) LOS objects, 25% free, 47MB/63MB, paused 1.022ms total 46.655ms
08-04 13:24:57.022 27166 27190 I art     : Starting a blocking GC Explicit
08-04 13:24:57.069 27166 27190 I art     : Explicit concurrent mark sweep GC freed 23(752B) AllocSpace objects, 0(0B) LOS objects, 25% free, 47MB/63MB, paused 1.100ms total 47.034ms
08-04 13:24:57.082 27166 27190 I art     : Starting a blocking GC Explicit
08-04 13:24:57.129 27166 27190 I art     : Explicit concurrent mark sweep GC freed 3(96B) AllocSpace objects, 0(0B) LOS objects, 25% free, 47MB/63MB, paused 1.109ms total 47.036ms
08-04 13:24:57.143 27166 27190 I art     : Starting a blocking GC Explicit
08-04 13:24:57.192 27166 27190 I art     : Explicit concurrent mark sweep GC freed 3(96B) AllocSpace objects, 0(0B) LOS objects, 25% free, 47MB/63MB, paused 1.113ms total 48.829ms
08-04 13:24:57.205 27166 27190 I art     : Starting a blocking GC Explicit
08-04 13:24:57.254 27166 27190 I art     : Explicit concurrent mark sweep GC freed 3(96B) AllocSpace objects, 0(0B) LOS objects, 25% free, 47MB/63MB, paused 1.089ms total 48.729ms
08-04 13:24:57.597 27166 27179 I art     : Starting a blocking GC Explicit
08-04 13:24:57.653 27166 27179 I art     : Explicit concurrent mark sweep GC freed 1402(83KB) AllocSpace objects, 1(20KB) LOS objects, 25% free, 47MB/63MB, paused 1.118ms total 56.104ms
08-04 13:24:57.667 27166 27179 I art     : Starting a blocking GC Explicit
08-04 13:24:57.714 27166 27179 I art     : Explicit concurrent mark sweep GC freed 23(752B) AllocSpace objects, 0(0B) LOS objects, 25% free, 47MB/63MB, paused 1.127ms total 46.731ms
08-04 13:24:57.728 27166 27179 I art     : Starting a blocking GC Explicit
08-04 13:24:57.775 27166 27179 I art     : Explicit concurrent mark sweep GC freed 3(96B) AllocSpace objects, 0(0B) LOS objects, 25% free, 47MB/63MB, paused 1.096ms total 46.921ms
08-04 13:24:57.789 27166 27179 I art     : Starting a blocking GC Explicit
08-04 13:24:57.837 27166 27179 I art     : Explicit concurrent mark sweep GC freed 3(96B) AllocSpace objects, 0(0B) LOS objects, 25% free, 47MB/63MB, paused 1.295ms total 48.380ms
08-04 13:24:57.850 27166 27179 I art     : Starting a blocking GC Explicit
08-04 13:24:57.899 27166 27179 I art     : Explicit concurrent mark sweep GC freed 3(96B) AllocSpace objects, 0(0B) LOS objects, 25% free, 47MB/63MB, paused 1.157ms total 47.951ms
08-04 13:24:58.237 27166 27624 I art     : Starting a blocking GC Explicit
08-04 13:24:58.302 27166 27624 I art     : Explicit concurrent mark sweep GC freed 1373(81KB) AllocSpace objects, 1(20KB) LOS objects, 25% free, 47MB/63MB, paused 1.201ms total 65.103ms
08-04 13:24:58.303 13866 13882 I PeriodicStatsRunner: PeriodicStatsRunner.call():175 call()
08-04 13:24:58.304 13866 13882 I PeriodicStatsRunner: PeriodicStatsRunner.call():179 No submit PeriodicStats since input started.
08-04 13:24:58.319 27166 27624 I art     : Starting a blocking GC Explicit
08-04 13:24:58.365 27166 27624 I art     : Explicit concurrent mark sweep GC freed 23(752B) AllocSpace objects, 0(0B) LOS objects, 25% free, 47MB/63MB, paused 1.108ms total 45.931ms
08-04 13:24:58.378 27166 27624 I art     : Starting a blocking GC Explicit
08-04 13:24:58.425 27166 27624 I art     : Explicit concurrent mark sweep GC freed 3(96B) AllocSpace objects, 0(0B) LOS objects, 25% free, 47MB/63MB, paused 1.102ms total 46.541ms
08-04 13:24:58.437 27166 27624 I art     : Starting a blocking GC Explicit
08-04 13:24:58.485 27166 27624 I art     : Explicit concurrent mark sweep GC freed 3(96B) AllocSpace objects, 0(0B) LOS objects, 25% free, 47MB/63MB, paused 1.257ms total 47.546ms
08-04 13:24:58.499 27166 27624 I art     : Starting a blocking GC Explicit
08-04 13:24:58.548 27166 27624 I art     : Explicit concurrent mark sweep GC freed 32(880B) AllocSpace objects, 0(0B) LOS objects, 25% free, 47MB/63MB, paused 1.303ms total 48.650ms
08-04 13:24:58.843 27166 27178 I art     : Starting a blocking GC Explicit
08-04 13:24:58.887 27166 27178 I art     : Explicit concurrent mark sweep GC freed 2075(106KB) AllocSpace objects, 1(20KB) LOS objects, 25% free, 47MB/63MB, paused 1.239ms total 44.204ms
08-04 13:24:58.900 27166 27178 I art     : Starting a blocking GC Explicit
08-04 13:24:58.945 27166 27178 I art     : Explicit concurrent mark sweep GC freed 23(752B) AllocSpace objects, 0(0B) LOS objects, 25% free, 47MB/63MB, paused 1.083ms total 45.329ms
08-04 13:24:58.958 27166 27178 I art     : Starting a blocking GC Explicit
08-04 13:24:59.007 27166 27178 I art     : Explicit concurrent mark sweep GC freed 7(256B) AllocSpace objects, 0(0B) LOS objects, 25% free, 47MB/63MB, paused 1.128ms total 48.168ms
08-04 13:24:59.020 27166 27178 I art     : Starting a blocking GC Explicit
08-04 13:24:59.069 27166 27178 I art     : Explicit concurrent mark sweep GC freed 3(96B) AllocSpace objects, 0(0B) LOS objects, 25% free, 47MB/63MB, paused 1.132ms total 48.963ms
08-04 13:24:59.083 27166 27178 I art     : Starting a blocking GC Explicit
08-04 13:24:59.131 27166 27178 I art     : Explicit concurrent mark sweep GC freed 3(96B) AllocSpace objects, 0(0B) LOS objects, 25% free, 47MB/63MB, paused 1.097ms total 47.528ms
08-04 13:24:59.417 27166 27190 I art     : Starting a blocking GC Explicit
08-04 13:24:59.465 27166 27190 I art     : Explicit concurrent mark sweep GC freed 2261(112KB) AllocSpace objects, 1(20KB) LOS objects, 25% free, 47MB/63MB, paused 1.193ms total 47.229ms
08-04 13:24:59.478 27166 27190 I art     : Starting a blocking GC Explicit
08-04 13:24:59.522 27166 27190 I art     : Explicit concurrent mark sweep GC freed 52(1536B) AllocSpace objects, 0(0B) LOS objects, 25% free, 47MB/63MB, paused 1.075ms total 43.782ms
08-04 13:24:59.535 27166 27190 I art     : Starting a blocking GC Explicit
08-04 13:24:59.580 27166 27190 I art     : Explicit concurrent mark sweep GC freed 3(96B) AllocSpace objects, 0(0B) LOS objects, 25% free, 47MB/63MB, paused 1.152ms total 45.177ms
08-04 13:24:59.593 27166 27190 I art     : Starting a blocking GC Explicit
08-04 13:24:59.638 27166 27190 I art     : Explicit concurrent mark sweep GC freed 3(96B) AllocSpace objects, 0(0B) LOS objects, 25% free, 47MB/63MB, paused 1.179ms total 44.737ms
08-04 13:24:59.650 27166 27190 I art     : Starting a blocking GC Explicit
08-04 13:24:59.684 29913 29913 D AndroidRuntime: >>>>>> START com.android.internal.os.RuntimeInit uid 2000 <<<<<<
08-04 13:24:59.689 29913 29913 D AndroidRuntime: CheckJNI is OFF
08-04 13:24:59.695 27166 27190 I art     : Explicit concurrent mark sweep GC freed 3(96B) AllocSpace objects, 0(0B) LOS objects, 25% free, 47MB/63MB, paused 1.238ms total 44.666ms
08-04 13:24:59.723 29913 29913 D ICU     : No timezone override file found: /data/misc/zoneinfo/current/icu/icu_tzdata.dat
08-04 13:24:59.755 29913 29913 I Radio-JNI: register_android_hardware_Radio DONE
08-04 13:24:59.777 29913 29913 D AndroidRuntime: Calling main entry com.android.commands.input.Input
08-04 13:24:59.779 29913 29913 I Input   : injectKeyEvent: KeyEvent { action=ACTION_DOWN, keyCode=KEYCODE_BACK, scanCode=0, metaState=0, flags=0x0, repeatCount=0, eventTime=710716192, downTime=710716192, deviceId=-1, source=0x101 }
08-04 13:24:59.785 29913 29913 I Input   : injectKeyEvent: KeyEvent { action=ACTION_UP, keyCode=KEYCODE_BACK, scanCode=0, metaState=0, flags=0x0, repeatCount=0, eventTime=710716192, downTime=710716192, deviceId=-1, source=0x101 }
08-04 13:24:59.793 29913 29913 D AndroidRuntime: Shutting down VM
08-04 13:24:59.797 27166 27166 V PlaybackController: initServiceNotRunning()
08-04 13:24:59.797 27166 27166 D ExternalPlayerFragment: Loading media info
08-04 13:24:59.800 27166 27166 D ItemlistFragment: onEventMainThread() called with: event = [DownloadEvent{update=DownloaderUpdate{downloaders=[], feedIds=[], mediaIds=[]}}]
08-04 13:24:59.800 27166 28115 D ApOkHttpUrlLoader: buildLoadData() called with: model = [http://static.libsyn.com/p/assets/7/1/f/3/71f3014e14ef2722/JREiTunesImage2.jpg], width = [1440], height = [462]
08-04 13:24:59.803 27166 27166 D UserPreferences: Using default data folder
08-04 13:24:59.804 27166 27718 D DBReader: getNavDrawerData() called with: 
08-04 13:24:59.804 27166 27186 D DBReader: getFeed() called with: feedId = [2]
08-04 13:24:59.805 27166 27186 D DBReader: getFeedItemList() called with: feed = [baseline.de.danoeh.antennapod.core.feed.Feed@2]
08-04 13:24:59.818 27166 27166 D FeedMenuHandler: Preparing options menu
08-04 13:24:59.828 27166 27718 D DBReader: getDownloadedItems() called
08-04 13:24:59.829 27166 27718 D DBReader: getFavoriteIDList() called
08-04 13:24:59.829 27166 27718 D DBReader: getQueueIDList() called
08-04 13:24:59.830 27166 27718 D DBReader: Extracting Feedlist
08-04 13:24:59.855 27166 27166 D MainActivity: getLastNavFragment() -> 2
08-04 13:24:59.855 13866 13866 I GoogleInputMethodServic: GoogleInputMethodService.onFinishInput():3138 
08-04 13:24:59.856 13866 13866 I GoogleInputMethodServic: GoogleInputMethodService.onStartInput():1808 
08-04 13:24:59.886 27166 27186 W PodDBAdapter: Length of id array is larger than 800. Creating multiple cursors
08-04 13:24:59.951 27166 27186 D DBReader: getFavoriteIDList() called
08-04 13:24:59.952 27166 27186 D DBReader: getQueueIDList() called
08-04 13:24:59.953 27166 27186 D DBReader: Extracting Feedlist
08-04 13:24:59.955 27166 28115 D ApOkHttpUrlLoader: buildLoadData() called with: model = [http://static.libsyn.com/p/assets/7/1/f/3/71f3014e14ef2722/JREiTunesImage2.jpg], width = [1440], height = [462]
08-04 13:24:59.959 27166 27624 I art     : Starting a blocking GC Explicit
08-04 13:24:59.966 27166 27166 D FeedMenuHandler: Preparing options menu
08-04 13:25:00.008 27166 27624 I art     : Explicit concurrent mark sweep GC freed 41453(2MB) AllocSpace objects, 3(52KB) LOS objects, 23% free, 52MB/68MB, paused 1.205ms total 49.114ms
08-04 13:25:00.022 27166 27624 I art     : Starting a blocking GC Explicit
08-04 13:25:00.067 27166 27624 I art     : Explicit concurrent mark sweep GC freed 2079(132KB) AllocSpace objects, 0(0B) LOS objects, 23% free, 52MB/68MB, paused 956us total 44.649ms
08-04 13:25:00.079 27166 27624 I art     : Starting a blocking GC Explicit
08-04 13:25:00.123 27166 27624 I art     : Explicit concurrent mark sweep GC freed 612(38KB) AllocSpace objects, 0(0B) LOS objects, 23% free, 52MB/68MB, paused 1.066ms total 43.175ms
08-04 13:25:00.136 27166 27624 I art     : Starting a blocking GC Explicit
08-04 13:25:00.139 13866 13882 I PeriodicStatsRunner: PeriodicStatsRunner.call():175 call()
08-04 13:25:00.139 13866 13882 I PeriodicStatsRunner: PeriodicStatsRunner.call():179 No submit PeriodicStats since input started.
08-04 13:25:00.174   380   380 W SurfaceFlinger: couldn't log to binary event log: overflow.
08-04 13:25:00.187 27166 27624 I art     : Explicit concurrent mark sweep GC freed 7(224B) AllocSpace objects, 0(0B) LOS objects, 23% free, 52MB/68MB, paused 1.554ms total 50.502ms
08-04 13:25:00.202 27166 27624 I art     : Starting a blocking GC Explicit
08-04 13:25:00.244 27166 27624 I art     : Explicit concurrent mark sweep GC freed 603(25KB) AllocSpace objects, 0(0B) LOS objects, 23% free, 52MB/68MB, paused 1.033ms total 41.029ms
08-04 13:25:00.567 27166 29413 I art     : Starting a blocking GC Explicit
08-04 13:25:00.624 27166 29413 I art     : Explicit concurrent mark sweep GC freed 1564(90KB) AllocSpace objects, 1(20KB) LOS objects, 23% free, 52MB/68MB, paused 1.184ms total 57.250ms
08-04 13:25:00.638 27166 29413 I art     : Starting a blocking GC Explicit
08-04 13:25:00.681 27166 29413 I art     : Explicit concurrent mark sweep GC freed 29154(2MB) AllocSpace objects, 3(84KB) LOS objects, 24% free, 50MB/66MB, paused 1.141ms total 42.353ms
08-04 13:25:00.692 27166 29413 I art     : Starting a blocking GC Explicit
08-04 13:25:00.732 27166 29413 I art     : Explicit concurrent mark sweep GC freed 3(96B) AllocSpace objects, 0(0B) LOS objects, 24% free, 50MB/66MB, paused 1.097ms total 38.970ms
08-04 13:25:00.743 27166 29413 I art     : Starting a blocking GC Explicit
08-04 13:25:00.783 27166 29413 I art     : Explicit concurrent mark sweep GC freed 3(96B) AllocSpace objects, 0(0B) LOS objects, 24% free, 50MB/66MB, paused 1.167ms total 39.472ms
08-04 13:25:00.794 27166 29413 I art     : Starting a blocking GC Explicit
08-04 13:25:00.834 27166 29413 I art     : Explicit concurrent mark sweep GC freed 3(96B) AllocSpace objects, 0(0B) LOS objects, 24% free, 50MB/66MB, paused 1.109ms total 39.464ms
08-04 13:25:01.137 27166 27179 I art     : Starting a blocking GC Explicit
08-04 13:25:01.182 27166 27179 I art     : Explicit concurrent mark sweep GC freed 1374(81KB) AllocSpace objects, 1(20KB) LOS objects, 24% free, 50MB/66MB, paused 1.120ms total 44.958ms
08-04 13:25:01.194 27166 27179 I art     : Starting a blocking GC Explicit
08-04 13:25:01.232 27166 27179 I art     : Explicit concurrent mark sweep GC freed 23(752B) AllocSpace objects, 0(0B) LOS objects, 24% free, 50MB/66MB, paused 1.152ms total 37.634ms
08-04 13:25:01.243 27166 27179 I art     : Starting a blocking GC Explicit
08-04 13:25:01.279 27166 27179 I art     : Explicit concurrent mark sweep GC freed 3(96B) AllocSpace objects, 0(0B) LOS objects, 24% free, 50MB/66MB, paused 1.125ms total 36.372ms
08-04 13:25:01.290 27166 27179 I art     : Starting a blocking GC Explicit
08-04 13:25:01.328 27166 27179 I art     : Explicit concurrent mark sweep GC freed 3(96B) AllocSpace objects, 0(0B) LOS objects, 24% free, 50MB/66MB, paused 1.182ms total 37.092ms
08-04 13:25:01.339 27166 27179 I art     : Starting a blocking GC Explicit
08-04 13:25:01.376 27166 27179 I art     : Explicit concurrent mark sweep GC freed 3(96B) AllocSpace objects, 0(0B) LOS objects, 24% free, 50MB/66MB, paused 1.117ms total 37.140ms
08-04 13:25:01.454 29963 29963 D AndroidRuntime: >>>>>> START com.android.internal.os.RuntimeInit uid 2000 <<<<<<
08-04 13:25:01.463 29963 29963 D AndroidRuntime: CheckJNI is OFF
08-04 13:25:01.501 29963 29963 D ICU     : No timezone override file found: /data/misc/zoneinfo/current/icu/icu_tzdata.dat
08-04 13:25:01.533 29963 29963 I Radio-JNI: register_android_hardware_Radio DONE
08-04 13:25:01.556 29963 29963 D AndroidRuntime: Calling main entry com.android.commands.input.Input
08-04 13:25:01.557 29963 29963 I Input   : injectMotionEvent: MotionEvent { action=ACTION_DOWN, actionButton=0, id[0]=0, x[0]=733.0, y[0]=896.0, toolType[0]=TOOL_TYPE_UNKNOWN, buttonState=0, metaState=0, flags=0x0, edgeFlags=0x0, pointerCount=1, historySize=0, eventTime=710717970, downTime=710717970, deviceId=0, source=0x1002 }
08-04 13:25:01.562 29963 29963 I Input   : injectMotionEvent: MotionEvent { action=ACTION_UP, actionButton=0, id[0]=0, x[0]=733.0, y[0]=896.0, toolType[0]=TOOL_TYPE_UNKNOWN, buttonState=0, metaState=0, flags=0x0, edgeFlags=0x0, pointerCount=1, historySize=0, eventTime=710717970, downTime=710717970, deviceId=0, source=0x1002 }
08-04 13:25:01.563 29963 29963 D AndroidRuntime: Shutting down VM
08-04 13:25:01.645   512  2967 D audio_hw_primary: out_set_parameters: enter: usecase(1: low-latency-playback) kvpairs: routing=2
08-04 13:25:01.659   512  2967 D audio_hw_primary: select_devices: out_snd_device(2: speaker) in_snd_device(0: none)
08-04 13:25:01.659   512  2967 D msm8974_platform: platform_send_audio_calibration: sending audio calibration for snd_device(2) acdb_id(15)
08-04 13:25:01.659   512  2967 I soundtrigger: audio_extn_sound_trigger_update_device_status: device 0x2 of type 0 for Event 1
08-04 13:25:01.662 27166 27624 I art     : Starting a blocking GC Explicit
08-04 13:25:01.674   512  2967 D audio_hw_primary: enable_snd_device: snd_device(2: speaker)
08-04 13:25:01.676   512  2967 D audio_hw_primary: enable_audio_route: apply and update mixer path: low-latency-playback speaker
08-04 13:25:01.678 27166 27166 I WebViewFactory: Loading com.google.android.webview version 84.0.4147.89 (code 414708953)
08-04 13:25:01.704 27166 27624 I art     : Explicit concurrent mark sweep GC freed 2429(145KB) AllocSpace objects, 1(20KB) LOS objects, 24% free, 50MB/66MB, paused 1.405ms total 41.041ms
08-04 13:25:01.718 27166 27624 I art     : Starting a blocking GC Explicit
08-04 13:25:01.755 27166 27624 I art     : Explicit concurrent mark sweep GC freed 3355(293KB) AllocSpace objects, 1(20KB) LOS objects, 23% free, 51MB/67MB, paused 1.974ms total 37.043ms
08-04 13:25:01.759 27166 27166 I cr_LibraryLoader: Loaded native library version number "84.0.4147.89"
08-04 13:25:01.760 27166 27166 I cr_CachingUmaRecorder: Flushed 5 samples from 5 histograms.
08-04 13:25:01.765 27166 27624 I art     : Starting a blocking GC Explicit
08-04 13:25:01.795 27166 27166 E chromium: [ERROR:filesystem_posix.cc(62)] mkdir /data/user/0/baseline.de.danoeh.antennapod.debug/cache/WebView/Crashpad: No such file or directory (2)
08-04 13:25:01.803 27166 27624 I art     : Explicit concurrent mark sweep GC freed 1469(182KB) AllocSpace objects, 1(20KB) LOS objects, 23% free, 51MB/67MB, paused 1.716ms total 37.584ms
08-04 13:25:01.814 27166 27624 I art     : Starting a blocking GC Explicit
08-04 13:25:01.856 27166 27624 I art     : Explicit concurrent mark sweep GC freed 929(76KB) AllocSpace objects, 0(0B) LOS objects, 23% free, 51MB/67MB, paused 1.659ms total 40.580ms
08-04 13:25:01.873 27166 27624 I art     : Starting a blocking GC Explicit
08-04 13:25:01.887   918  3961 D ConnectivityService: listenForNetwork for Listen from uid/pid:10670/27166 for NetworkRequest [ id=2669, legacyType=-1, [ Capabilities: INTERNET&NOT_RESTRICTED&TRUSTED] ]
08-04 13:25:01.911 27166 27624 I art     : Explicit concurrent mark sweep GC freed 880(95KB) AllocSpace objects, 0(0B) LOS objects, 23% free, 51MB/67MB, paused 1.765ms total 38.138ms
08-04 13:25:01.924 27166 27193 D DBReader: getFeedItem() called with: itemId = [2]
08-04 13:25:01.924 27166 27193 D DBReader: Loading feeditem with id 2
08-04 13:25:01.925 27166 27166 D ItemFragment: onEventMainThread() called with: event = [DownloadEvent{update=DownloaderUpdate{downloaders=[], feedIds=[], mediaIds=[]}}]
08-04 13:25:01.927 27166 27193 D DBReader: getFavoriteIDList() called
08-04 13:25:01.928 27166 27193 D DBReader: getQueueIDList() called
08-04 13:25:01.928 27166 27193 D DBReader: Extracting Feedlist
08-04 13:25:01.929 13866 13866 I GoogleInputMethodServic: GoogleInputMethodService.onFinishInput():3138 
08-04 13:25:01.930 13866 13866 I GoogleInputMethodServic: GoogleInputMethodService.onStartInput():1808 
08-04 13:25:01.934 27166 27193 D DBReader: loadExtraInformationOfFeedItem() called with: item = [FeedItem[autoDownload=1,chapters=<null>,contentEncoded=<null>,description=<null>,feed=baseline.de.danoeh.antennapod.core.feed.Feed@2987f5f,feedId=2,flattrStatus=baseline.de.danoeh.antennapod.core.util.flattr.FlattrStatus@4375dac,hasChapters=false,imageUrl=http://static.libsyn.com/p/assets/2/7/8/6/278615fe73b1f0ca/JRE1514.jpg,itemIdentifier=a0870b6b-c887-4883-930c-a06d5e1a8f7e,link=http://traffic.libsyn.com/joeroganexp/p1514.mp3,media=baseline.de.danoeh.antennapod.core.feed.FeedMedia@9257a75,paymentLink=<null>,pubDate=Fri Jul 24 21:00:00 GMT+02:00 2020,state=-1,tags=[],title=#1514 - Joe De Sena,id=2]]
08-04 13:25:01.937 27166 27166 E libEGL  : validate_display:255 error 3008 (EGL_BAD_DISPLAY)
08-04 13:25:01.988   918   935 D BluetoothManagerService: Added callback: android.bluetooth.IBluetoothManagerCallback$Stub$Proxy@5561ecc:true
08-04 13:25:01.989 27166 28115 D ApOkHttpUrlLoader: buildLoadData() called with: model = [http://static.libsyn.com/p/assets/2/7/8/6/278615fe73b1f0ca/JRE1514.jpg], width = [175], height = [175]
08-04 13:25:01.994 27166 27928 D DBReader: getImageAuthentication() called with: imageUrl = [http://static.libsyn.com/p/assets/2/7/8/6/278615fe73b1f0ca/JRE1514.jpg]
08-04 13:25:01.999 27166 27928 D ApOkHttpUrlLoader: no credentials for 'http://static.libsyn.com/p/assets/2/7/8/6/278615fe73b1f0ca/JRE1514.jpg'
08-04 13:25:02.099 27166 27928 D MYTAG   : interceptor 2a
08-04 13:25:02.099 27166 27928 I NAPPA_EXPERIMENTATION: MetricNetworkRequestExecutionTime: REQUEST_DURATION_SYSTEM='100',REQUEST_DURATION_OKHTTP='100',REQUEST_SYNCHRONOUS='TRUE',RESPONSE_CODE='200',RESPONSE_METHOD='GET',RESPONSE_LENGTH_OKHTTP='364960',RESPONSE_LENGTH_HEADER='364960',REQUEST_PROTOCOL='http/1.1',REQUEST_URL='http://static.libsyn.com/p/assets/2/7/8/6/278615fe73b1f0ca/JRE1514.jpg',
08-04 13:25:02.209   512  2967 D audio_hw_primary: disable_audio_route: reset and update mixer path: low-latency-playback speaker
08-04 13:25:02.212   512  2967 D audio_hw_primary: disable_snd_device: snd_device(2: speaker)
08-04 13:25:02.218 27166 27190 I art     : Starting a blocking GC Explicit
08-04 13:25:02.220   512  2967 I soundtrigger: audio_extn_sound_trigger_update_device_status: device 0x2 of type 0 for Event 0
08-04 13:25:02.259 27166 27190 I art     : Explicit concurrent mark sweep GC freed 6649(461KB) AllocSpace objects, 2(88KB) LOS objects, 23% free, 52MB/68MB, paused 1.279ms total 41.387ms
08-04 13:25:02.270 27166 27190 I art     : Starting a blocking GC Explicit
08-04 13:25:02.310 27166 27190 I art     : Explicit concurrent mark sweep GC freed 1341(74KB) AllocSpace objects, 4(112KB) LOS objects, 23% free, 51MB/67MB, paused 1.339ms total 39.623ms
08-04 13:25:02.322 27166 27190 I art     : Starting a blocking GC Explicit
08-04 13:25:02.360 27166 27190 I art     : Explicit concurrent mark sweep GC freed 152(16KB) AllocSpace objects, 0(0B) LOS objects, 23% free, 51MB/67MB, paused 1.115ms total 37.968ms
08-04 13:25:02.371 27166 27190 I art     : Starting a blocking GC Explicit
08-04 13:25:02.413 27166 27190 I art     : Explicit concurrent mark sweep GC freed 20(624B) AllocSpace objects, 0(0B) LOS objects, 23% free, 51MB/67MB, paused 1.188ms total 41.919ms
08-04 13:25:02.426 27166 27190 I art     : Starting a blocking GC Explicit
08-04 13:25:02.468 27166 27190 I art     : Explicit concurrent mark sweep GC freed 11(352B) AllocSpace objects, 0(0B) LOS objects, 23% free, 51MB/67MB, paused 1.226ms total 41.658ms
08-04 13:25:02.788 27166 27178 I art     : Starting a blocking GC Explicit
08-04 13:25:02.793   918  3261 D WifiStateMachine: starting scan for "H369AA63323"WPA_PSK with 2412,5180
08-04 13:25:02.837 27166 27178 I art     : Explicit concurrent mark sweep GC freed 1453(83KB) AllocSpace objects, 1(20KB) LOS objects, 23% free, 51MB/67MB, paused 1.355ms total 48.495ms
08-04 13:25:02.850 27166 27178 I art     : Starting a blocking GC Explicit
08-04 13:25:02.890 27166 27178 I art     : Explicit concurrent mark sweep GC freed 128(4KB) AllocSpace objects, 0(0B) LOS objects, 23% free, 51MB/67MB, paused 1.140ms total 40.205ms
08-04 13:25:02.901 27166 27178 I art     : Starting a blocking GC Explicit
08-04 13:25:02.939 27166 27178 I art     : Explicit concurrent mark sweep GC freed 9(288B) AllocSpace objects, 0(0B) LOS objects, 23% free, 51MB/67MB, paused 1.141ms total 37.489ms
08-04 13:25:02.950 27166 27178 I art     : Starting a blocking GC Explicit
08-04 13:25:02.992 27166 27178 I art     : Explicit concurrent mark sweep GC freed 9(288B) AllocSpace objects, 0(0B) LOS objects, 23% free, 51MB/67MB, paused 1.144ms total 42.089ms
08-04 13:25:03.004 27166 27178 I art     : Starting a blocking GC Explicit
08-04 13:25:03.047 27166 27178 I art     : Explicit concurrent mark sweep GC freed 10(320B) AllocSpace objects, 0(0B) LOS objects, 23% free, 51MB/67MB, paused 1.294ms total 42.223ms
08-04 13:25:03.401 27166 27179 I art     : Starting a blocking GC Explicit
08-04 13:25:03.451 27166 27179 I art     : Explicit concurrent mark sweep GC freed 1430(82KB) AllocSpace objects, 1(20KB) LOS objects, 23% free, 51MB/67MB, paused 1.305ms total 49.536ms
08-04 13:25:03.466 27166 27179 I art     : Starting a blocking GC Explicit
08-04 13:25:03.509 27166 27179 I art     : Explicit concurrent mark sweep GC freed 58(1728B) AllocSpace objects, 0(0B) LOS objects, 23% free, 51MB/67MB, paused 1.633ms total 42.546ms
08-04 13:25:03.522 27166 27179 I art     : Starting a blocking GC Explicit
08-04 13:25:03.566 27166 27179 I art     : Explicit concurrent mark sweep GC freed 11(352B) AllocSpace objects, 0(0B) LOS objects, 23% free, 51MB/67MB, paused 1.206ms total 44.393ms
08-04 13:25:03.579 27166 27179 I art     : Starting a blocking GC Explicit
08-04 13:25:03.620 27166 27179 I art     : Explicit concurrent mark sweep GC freed 20(640B) AllocSpace objects, 0(0B) LOS objects, 23% free, 51MB/67MB, paused 1.091ms total 41.031ms
08-04 13:25:03.633 27166 27179 I art     : Starting a blocking GC Explicit
08-04 13:25:03.675 27166 27179 I art     : Explicit concurrent mark sweep GC freed 14(448B) AllocSpace objects, 0(0B) LOS objects, 23% free, 51MB/67MB, paused 1.176ms total 42.202ms
08-04 13:25:03.967   518   646 I ThermalEngine: ACTION: GPU - Setting GPU[0] to 450000000
08-04 13:25:04.052 27166 29413 I art     : Starting a blocking GC Explicit
08-04 13:25:04.121 27166 29413 I art     : Explicit concurrent mark sweep GC freed 1412(82KB) AllocSpace objects, 1(20KB) LOS objects, 23% free, 51MB/67MB, paused 1.786ms total 68.476ms
08-04 13:25:04.141 27166 29413 I art     : Starting a blocking GC Explicit
08-04 13:25:04.199 27166 29413 I art     : Explicit concurrent mark sweep GC freed 23(752B) AllocSpace objects, 0(0B) LOS objects, 23% free, 51MB/67MB, paused 1.869ms total 57.860ms
08-04 13:25:04.214 27166 29413 I art     : Starting a blocking GC Explicit
08-04 13:25:04.272 27166 29413 I art     : Explicit concurrent mark sweep GC freed 3(96B) AllocSpace objects, 0(0B) LOS objects, 23% free, 51MB/67MB, paused 1.655ms total 57.614ms
08-04 13:25:04.288 27166 29413 I art     : Starting a blocking GC Explicit
08-04 13:25:04.348 27166 29413 I art     : Explicit concurrent mark sweep GC freed 3(96B) AllocSpace objects, 0(0B) LOS objects, 23% free, 51MB/67MB, paused 1.754ms total 59.083ms
08-04 13:25:04.367 27166 29413 I art     : Starting a blocking GC Explicit
08-04 13:25:04.424 27166 29413 I art     : Explicit concurrent mark sweep GC freed 3(96B) AllocSpace objects, 0(0B) LOS objects, 23% free, 51MB/67MB, paused 1.658ms total 56.351ms
08-04 13:25:04.459   918  3188 I hubconnection: sensorhub said: 'set_bias 3: -5.9424, 0.0000, 0.0000'
08-04 13:25:04.822 27166 27190 I art     : Starting a blocking GC Explicit
08-04 13:25:04.856 13866 13882 I PeriodicStatsRunner: PeriodicStatsRunner.call():175 call()
08-04 13:25:04.857 13866 13882 I PeriodicStatsRunner: PeriodicStatsRunner.call():179 No submit PeriodicStats since input started.
08-04 13:25:04.898 27166 27190 I art     : Explicit concurrent mark sweep GC freed 1411(82KB) AllocSpace objects, 1(20KB) LOS objects, 23% free, 51MB/67MB, paused 1.833ms total 75.506ms
08-04 13:25:04.917 27166 27190 I art     : Starting a blocking GC Explicit
08-04 13:25:04.975 27166 27190 I art     : Explicit concurrent mark sweep GC freed 23(752B) AllocSpace objects, 0(0B) LOS objects, 23% free, 51MB/67MB, paused 1.662ms total 58.249ms
08-04 13:25:04.991 27166 27190 I art     : Starting a blocking GC Explicit
08-04 13:25:05.044 27166 27190 I art     : Explicit concurrent mark sweep GC freed 3(96B) AllocSpace objects, 0(0B) LOS objects, 23% free, 51MB/67MB, paused 1.494ms total 52.588ms
08-04 13:25:05.053   918   918 I ActivityManager: Start proc 30075:com.google.android.videos/u0a72 for service com.google.android.videos/androidx.work.impl.background.systemjob.SystemJobService
08-04 13:25:05.059 27166 27190 I art     : Starting a blocking GC Explicit
08-04 13:25:05.112 27166 27190 I art     : Explicit concurrent mark sweep GC freed 3(96B) AllocSpace objects, 0(0B) LOS objects, 23% free, 51MB/67MB, paused 1.449ms total 52.752ms
08-04 13:25:05.128 27166 27190 I art     : Starting a blocking GC Explicit
08-04 13:25:05.179 27166 27190 I art     : Explicit concurrent mark sweep GC freed 3(96B) AllocSpace objects, 0(0B) LOS objects, 23% free, 51MB/67MB, paused 1.613ms total 49.878ms
08-04 13:25:05.523 27166 27178 I art     : Starting a blocking GC Explicit
08-04 13:25:05.572 27166 27178 I art     : Explicit concurrent mark sweep GC freed 1411(81KB) AllocSpace objects, 1(20KB) LOS objects, 23% free, 51MB/67MB, paused 1.454ms total 49.564ms
08-04 13:25:05.587 27166 27178 I art     : Starting a blocking GC Explicit
08-04 13:25:05.633 27166 27178 I art     : Explicit concurrent mark sweep GC freed 23(752B) AllocSpace objects, 0(0B) LOS objects, 23% free, 51MB/67MB, paused 1.705ms total 46.149ms
08-04 13:25:05.648 27166 27178 I art     : Starting a blocking GC Explicit
08-04 13:25:05.656   918  6110 I AccountManagerService: getTypesVisibleToCaller: isPermitted? true
08-04 13:25:05.693 27166 27178 I art     : Explicit concurrent mark sweep GC freed 3(96B) AllocSpace objects, 0(0B) LOS objects, 23% free, 51MB/67MB, paused 1.458ms total 45.543ms
08-04 13:25:05.708 27166 27178 I art     : Starting a blocking GC Explicit
08-04 13:25:05.732   918  5132 I AccountManagerService: getTypesVisibleToCaller: isPermitted? true
08-04 13:25:05.754 27166 27178 I art     : Explicit concurrent mark sweep GC freed 3(96B) AllocSpace objects, 0(0B) LOS objects, 23% free, 51MB/67MB, paused 1.588ms total 45.935ms
08-04 13:25:05.768 27166 27178 I art     : Starting a blocking GC Explicit
08-04 13:25:05.818 27166 27178 I art     : Explicit concurrent mark sweep GC freed 3(96B) AllocSpace objects, 0(0B) LOS objects, 23% free, 51MB/67MB, paused 1.675ms total 49.787ms
08-04 13:25:05.886 30075 30116 W PlayMovies: enb.run:2 User config found
08-04 13:25:05.886 30075 30116 W PlayMovies: 
08-04 13:25:05.974   518   646 I ThermalEngine: ACTION: GPU - Setting GPU[0] to 510000000
08-04 13:25:06.014 30075 30075 W PlayMovies: bkd.onCreate:75 Installer Package: com.android.vending
08-04 13:25:06.014 30075 30075 W PlayMovies: 
08-04 13:25:06.081 30075 30075 W MediaSessionCompat: Couldn't find a unique registered media button receiver in the given context.
08-04 13:25:06.128 27166 27624 I art     : Starting a blocking GC Explicit
08-04 13:25:06.164 27166 27624 I art     : Explicit concurrent mark sweep GC freed 1382(83KB) AllocSpace objects, 1(20KB) LOS objects, 23% free, 51MB/67MB, paused 1.067ms total 35.953ms
08-04 13:25:06.167 32231 32243 I Finsky  : [5696] box.a(8): Received content filters request from com.google.android.videos
08-04 13:25:06.175 27166 27624 I art     : Starting a blocking GC Explicit
08-04 13:25:06.189 30075 30134 W PlayMovies: MoviesWorkerWrapper.e:2 Worker was stopped for task with tags: [refresh_license_delayed_forced, com.google.android.apps.play.movies.common.service.workmanager.MoviesWorkerWrapper]
08-04 13:25:06.189 30075 30134 W PlayMovies: 
08-04 13:25:06.211 27166 27624 I art     : Explicit concurrent mark sweep GC freed 23(752B) AllocSpace objects, 0(0B) LOS objects, 23% free, 51MB/67MB, paused 1.095ms total 35.596ms
08-04 13:25:06.222 27166 27624 I art     : Starting a blocking GC Explicit
08-04 13:25:06.254 30075 30141 E WM-WorkerWrapper: Didn't find WorkSpec for id 8dc872ab-6a5c-4ba8-bdb5-9cffea25519c
08-04 13:25:06.257 27166 27624 I art     : Explicit concurrent mark sweep GC freed 3(96B) AllocSpace objects, 0(0B) LOS objects, 23% free, 51MB/67MB, paused 1.140ms total 35.559ms
08-04 13:25:06.260 30114 30114 D AndroidRuntime: >>>>>> START com.android.internal.os.RuntimeInit uid 2000 <<<<<<
08-04 13:25:06.264 30114 30114 D AndroidRuntime: CheckJNI is OFF
08-04 13:25:06.269 27166 27624 I art     : Starting a blocking GC Explicit
08-04 13:25:06.295 30114 30114 D ICU     : No timezone override file found: /data/misc/zoneinfo/current/icu/icu_tzdata.dat
08-04 13:25:06.303 27166 27624 I art     : Explicit concurrent mark sweep GC freed 3(96B) AllocSpace objects, 0(0B) LOS objects, 23% free, 51MB/67MB, paused 1.080ms total 34.421ms
08-04 13:25:06.313 27166 27624 I art     : Starting a blocking GC Explicit
08-04 13:25:06.315 30075 30149 W PlayMovies: eqo.a:2 Start clean up task with reason 1
08-04 13:25:06.315 30075 30149 W PlayMovies: 
08-04 13:25:06.315 30075 30149 W PlayMovies: eqo.a:3 Start cleanup unpinned content
08-04 13:25:06.315 30075 30149 W PlayMovies: 
08-04 13:25:06.323 30075 30149 W PlayMovies: eqo.a:31 Done cleanup unpinned content: removed 0 files
08-04 13:25:06.323 30075 30149 W PlayMovies: 
08-04 13:25:06.326 30114 30114 I Radio-JNI: register_android_hardware_Radio DONE
08-04 13:25:06.326 30075 30075 E BACKGROUND_QUIT_SAFELY: pending jobs == 0
08-04 13:25:06.347 30114 30114 D AndroidRuntime: Calling main entry com.android.commands.input.Input
08-04 13:25:06.348 30114 30114 I Input   : injectKeyEvent: KeyEvent { action=ACTION_DOWN, keyCode=KEYCODE_BACK, scanCode=0, metaState=0, flags=0x0, repeatCount=0, eventTime=710722761, downTime=710722761, deviceId=-1, source=0x101 }
08-04 13:25:06.349 27166 27624 I art     : Explicit concurrent mark sweep GC freed 3(96B) AllocSpace objects, 0(0B) LOS objects, 23% free, 51MB/67MB, paused 1.239ms total 35.021ms
08-04 13:25:06.352 30114 30114 I Input   : injectKeyEvent: KeyEvent { action=ACTION_UP, keyCode=KEYCODE_BACK, scanCode=0, metaState=0, flags=0x0, repeatCount=0, eventTime=710722761, downTime=710722761, deviceId=-1, source=0x101 }
08-04 13:25:06.367 27166 27166 D ItemlistFragment: onEventMainThread() called with: event = [DownloadEvent{update=DownloaderUpdate{downloaders=[], feedIds=[], mediaIds=[]}}]
08-04 13:25:06.368 27166 27718 D DBReader: getFeed() called with: feedId = [2]
08-04 13:25:06.368 30114 30114 D AndroidRuntime: Shutting down VM
08-04 13:25:06.369 27166 27718 D DBReader: getFeedItemList() called with: feed = [baseline.de.danoeh.antennapod.core.feed.Feed@2]
08-04 13:25:06.369   918  3263 D ConnectivityService: releasing NetworkRequest NetworkRequest [ id=2669, legacyType=-1, [ Capabilities: INTERNET&NOT_RESTRICTED&TRUSTED] ]
08-04 13:25:06.387 27166 27166 D FeedMenuHandler: Preparing options menu
08-04 13:25:06.428 27166 28115 D ApOkHttpUrlLoader: buildLoadData() called with: model = [http://static.libsyn.com/p/assets/7/1/f/3/71f3014e14ef2722/JREiTunesImage2.jpg], width = [1440], height = [462]
08-04 13:25:06.444 27166 27718 W PodDBAdapter: Length of id array is larger than 800. Creating multiple cursors
08-04 13:25:06.448 13866 13866 I GoogleInputMethodServic: GoogleInputMethodService.onFinishInput():3138 
08-04 13:25:06.449 13866 13866 I GoogleInputMethodServic: GoogleInputMethodService.onStartInput():1808 
08-04 13:25:06.510 27166 27718 D DBReader: getFavoriteIDList() called
08-04 13:25:06.511 27166 27718 D DBReader: getQueueIDList() called
08-04 13:25:06.511 27166 27718 D DBReader: Extracting Feedlist
08-04 13:25:06.514 27166 28115 D ApOkHttpUrlLoader: buildLoadData() called with: model = [http://static.libsyn.com/p/assets/7/1/f/3/71f3014e14ef2722/JREiTunesImage2.jpg], width = [1440], height = [462]
08-04 13:25:06.537 27166 27166 D FeedMenuHandler: Preparing options menu
08-04 13:25:06.631 27166 29413 I art     : Starting a blocking GC Explicit
08-04 13:25:06.681 27166 29413 I art     : Explicit concurrent mark sweep GC freed 43031(2MB) AllocSpace objects, 4(80KB) LOS objects, 21% free, 57MB/73MB, paused 1.235ms total 50.014ms
08-04 13:25:06.693 27166 29413 I art     : Starting a blocking GC Explicit
08-04 13:25:06.733 27166 29413 I art     : Explicit concurrent mark sweep GC freed 6221(373KB) AllocSpace objects, 5(3MB) LOS objects, 22% free, 54MB/70MB, paused 1.158ms total 39.583ms
08-04 13:25:06.744 27166 29413 I art     : Starting a blocking GC Explicit
08-04 13:25:06.787 27166 29413 I art     : Explicit concurrent mark sweep GC freed 3(96B) AllocSpace objects, 0(0B) LOS objects, 22% free, 54MB/70MB, paused 1.320ms total 42.666ms
08-04 13:25:06.800 27166 29413 I art     : Starting a blocking GC Explicit
08-04 13:25:06.844 27166 29413 I art     : Explicit concurrent mark sweep GC freed 3(96B) AllocSpace objects, 0(0B) LOS objects, 22% free, 54MB/70MB, paused 1.218ms total 43.576ms
08-04 13:25:06.856 27166 29413 I art     : Starting a blocking GC Explicit
08-04 13:25:06.898 27166 29413 I art     : Explicit concurrent mark sweep GC freed 3(96B) AllocSpace objects, 0(0B) LOS objects, 22% free, 54MB/70MB, paused 1.240ms total 42.433ms
08-04 13:25:06.930 13866 13882 I PeriodicStatsRunner: PeriodicStatsRunner.call():175 call()
08-04 13:25:06.930 13866 13882 I PeriodicStatsRunner: PeriodicStatsRunner.call():179 No submit PeriodicStats since input started.
08-04 13:25:07.249 27166 27178 I art     : Starting a blocking GC Explicit
08-04 13:25:07.304 27166 27178 I art     : Explicit concurrent mark sweep GC freed 1381(81KB) AllocSpace objects, 1(20KB) LOS objects, 22% free, 54MB/70MB, paused 1.621ms total 55.211ms
08-04 13:25:07.321 27166 27178 I art     : Starting a blocking GC Explicit
08-04 13:25:07.365 27166 27178 I art     : Explicit concurrent mark sweep GC freed 25(832B) AllocSpace objects, 0(0B) LOS objects, 22% free, 54MB/70MB, paused 1.233ms total 43.277ms
08-04 13:25:07.377 27166 27178 I art     : Starting a blocking GC Explicit
08-04 13:25:07.422 27166 27178 I art     : Explicit concurrent mark sweep GC freed 29(2272B) AllocSpace objects, 0(0B) LOS objects, 22% free, 54MB/70MB, paused 1.427ms total 44.413ms
08-04 13:25:07.434 27166 27178 I art     : Starting a blocking GC Explicit
08-04 13:25:07.477 27166 27178 I art     : Explicit concurrent mark sweep GC freed 16(848B) AllocSpace objects, 0(0B) LOS objects, 22% free, 54MB/70MB, paused 1.168ms total 42.412ms
08-04 13:25:07.489 27166 27178 I art     : Starting a blocking GC Explicit
08-04 13:25:07.532 27166 27178 I art     : Explicit concurrent mark sweep GC freed 32(880B) AllocSpace objects, 0(0B) LOS objects, 22% free, 54MB/70MB, paused 1.202ms total 43.676ms
08-04 13:25:07.835 27166 27624 I art     : Starting a blocking GC Explicit
08-04 13:25:07.878 27166 27624 I art     : Explicit concurrent mark sweep GC freed 1382(83KB) AllocSpace objects, 1(20KB) LOS objects, 22% free, 54MB/70MB, paused 1.339ms total 42.720ms
08-04 13:25:07.879 27166 27177 I art     : WaitForGcToComplete blocked for 40.911ms for cause HeapTrim
08-04 13:25:07.891 27166 27624 I art     : Starting a blocking GC Explicit
08-04 13:25:07.931 27166 27624 I art     : Explicit concurrent mark sweep GC freed 103(7KB) AllocSpace objects, 0(0B) LOS objects, 22% free, 54MB/70MB, paused 1.081ms total 40.235ms
08-04 13:25:07.943 27166 27624 I art     : Starting a blocking GC Explicit
08-04 13:25:07.984 27166 27624 I art     : Explicit concurrent mark sweep GC freed 43(2384B) AllocSpace objects, 0(0B) LOS objects, 22% free, 54MB/70MB, paused 1.425ms total 41.056ms
08-04 13:25:07.996 27166 27624 I art     : Starting a blocking GC Explicit
08-04 13:25:08.040 30184 30184 D AndroidRuntime: >>>>>> START com.android.internal.os.RuntimeInit uid 2000 <<<<<<
08-04 13:25:08.041 27166 27624 I art     : Explicit concurrent mark sweep GC freed 11(352B) AllocSpace objects, 0(0B) LOS objects, 22% free, 54MB/70MB, paused 1.152ms total 44.776ms
08-04 13:25:08.046 30184 30184 D AndroidRuntime: CheckJNI is OFF
08-04 13:25:08.053 27166 27624 I art     : Starting a blocking GC Explicit
08-04 13:25:08.078 30184 30184 D ICU     : No timezone override file found: /data/misc/zoneinfo/current/icu/icu_tzdata.dat
08-04 13:25:08.088 27166 27624 I art     : Explicit concurrent mark sweep GC freed 9(288B) AllocSpace objects, 0(0B) LOS objects, 22% free, 54MB/70MB, paused 1.161ms total 34.939ms
08-04 13:25:08.111 30184 30184 I Radio-JNI: register_android_hardware_Radio DONE
08-04 13:25:08.131 30184 30184 D AndroidRuntime: Calling main entry com.android.commands.input.Input
08-04 13:25:08.132 30184 30184 I Input   : injectMotionEvent: MotionEvent { action=ACTION_DOWN, actionButton=0, id[0]=0, x[0]=103.0, y[0]=192.0, toolType[0]=TOOL_TYPE_UNKNOWN, buttonState=0, metaState=0, flags=0x0, edgeFlags=0x0, pointerCount=1, historySize=0, eventTime=710724545, downTime=710724545, deviceId=0, source=0x1002 }
08-04 13:25:08.138 30184 30184 I Input   : injectMotionEvent: MotionEvent { action=ACTION_UP, actionButton=0, id[0]=0, x[0]=103.0, y[0]=192.0, toolType[0]=TOOL_TYPE_UNKNOWN, buttonState=0, metaState=0, flags=0x0, edgeFlags=0x0, pointerCount=1, historySize=0, eventTime=710724545, downTime=710724545, deviceId=0, source=0x1002 }
08-04 13:25:08.141 30184 30184 D AndroidRuntime: Shutting down VM
08-04 13:25:08.153   512  2967 D audio_hw_primary: out_set_parameters: enter: usecase(1: low-latency-playback) kvpairs: routing=2
08-04 13:25:08.166   512  2967 D audio_hw_primary: select_devices: out_snd_device(2: speaker) in_snd_device(0: none)
08-04 13:25:08.166   512  2967 D msm8974_platform: platform_send_audio_calibration: sending audio calibration for snd_device(2) acdb_id(15)
08-04 13:25:08.166   512  2967 I soundtrigger: audio_extn_sound_trigger_update_device_status: device 0x2 of type 0 for Event 1
08-04 13:25:08.177   512  2967 D audio_hw_primary: enable_snd_device: snd_device(2: speaker)
08-04 13:25:08.179   512  2967 D audio_hw_primary: enable_audio_route: apply and update mixer path: low-latency-playback speaker
08-04 13:25:08.381 27166 27178 I art     : Starting a blocking GC Explicit
08-04 13:25:08.425 27166 27178 I art     : Explicit concurrent mark sweep GC freed 1819(103KB) AllocSpace objects, 1(20KB) LOS objects, 22% free, 54MB/70MB, paused 1.267ms total 43.743ms
08-04 13:25:08.438 27166 27178 I art     : Starting a blocking GC Explicit
08-04 13:25:08.475 27166 27178 I art     : Explicit concurrent mark sweep GC freed 37(1360B) AllocSpace objects, 0(0B) LOS objects, 22% free, 54MB/70MB, paused 987us total 37.005ms
08-04 13:25:08.487 27166 27178 I art     : Starting a blocking GC Explicit
08-04 13:25:08.525 27166 27178 I art     : Explicit concurrent mark sweep GC freed 32(880B) AllocSpace objects, 0(0B) LOS objects, 22% free, 54MB/70MB, paused 1.184ms total 37.149ms
08-04 13:25:08.536 27166 27178 I art     : Starting a blocking GC Explicit
08-04 13:25:08.574 27166 27178 I art     : Explicit concurrent mark sweep GC freed 11(384B) AllocSpace objects, 0(0B) LOS objects, 22% free, 54MB/70MB, paused 994us total 37.008ms
08-04 13:25:08.586 27166 27178 I art     : Starting a blocking GC Explicit
08-04 13:25:08.625 27166 27178 I art     : Explicit concurrent mark sweep GC freed 4(128B) AllocSpace objects, 0(0B) LOS objects, 22% free, 54MB/70MB, paused 1.251ms total 37.822ms
08-04 13:25:08.719   512  2967 D audio_hw_primary: disable_audio_route: reset and update mixer path: low-latency-playback speaker
08-04 13:25:08.720   512  2967 D audio_hw_primary: disable_snd_device: snd_device(2: speaker)
08-04 13:25:08.727   512  2967 I soundtrigger: audio_extn_sound_trigger_update_device_status: device 0x2 of type 0 for Event 0
08-04 13:25:08.957 27166 27624 I art     : Starting a blocking GC Explicit
08-04 13:25:08.984   518   646 I ThermalEngine: ACTION: GPU - Setting GPU[0] to 450000000
08-04 13:25:09.018 27166 27624 I art     : Explicit concurrent mark sweep GC freed 2086(107KB) AllocSpace objects, 1(20KB) LOS objects, 22% free, 54MB/70MB, paused 1.558ms total 60.969ms
08-04 13:25:09.033 27166 27624 I art     : Starting a blocking GC Explicit
08-04 13:25:09.087 27166 27624 I art     : Explicit concurrent mark sweep GC freed 25(816B) AllocSpace objects, 0(0B) LOS objects, 22% free, 54MB/70MB, paused 1.454ms total 52.960ms
08-04 13:25:09.102 27166 27624 I art     : Starting a blocking GC Explicit
08-04 13:25:09.153 27166 27624 I art     : Explicit concurrent mark sweep GC freed 3(96B) AllocSpace objects, 0(0B) LOS objects, 22% free, 54MB/70MB, paused 1.447ms total 51.376ms
08-04 13:25:09.169 27166 27624 I art     : Starting a blocking GC Explicit
08-04 13:25:09.221 27166 27624 I art     : Explicit concurrent mark sweep GC freed 3(96B) AllocSpace objects, 0(0B) LOS objects, 22% free, 54MB/70MB, paused 1.456ms total 52.394ms
08-04 13:25:09.237 27166 27624 I art     : Starting a blocking GC Explicit
08-04 13:25:09.290 27166 27624 I art     : Explicit concurrent mark sweep GC freed 3(96B) AllocSpace objects, 0(0B) LOS objects, 22% free, 54MB/70MB, paused 1.468ms total 52.751ms
08-04 13:25:09.631 27166 27178 I art     : Starting a blocking GC Explicit
08-04 13:25:09.691 27166 27178 I art     : Explicit concurrent mark sweep GC freed 2299(114KB) AllocSpace objects, 1(20KB) LOS objects, 22% free, 54MB/70MB, paused 1.495ms total 60.171ms
08-04 13:25:09.707 27166 27178 I art     : Starting a blocking GC Explicit
08-04 13:25:09.756 27166 27178 I art     : Explicit concurrent mark sweep GC freed 23(752B) AllocSpace objects, 0(0B) LOS objects, 22% free, 54MB/70MB, paused 1.492ms total 48.766ms
08-04 13:25:09.770 27166 27178 I art     : Starting a blocking GC Explicit
08-04 13:25:09.823 27166 27178 I art     : Explicit concurrent mark sweep GC freed 7(224B) AllocSpace objects, 0(0B) LOS objects, 22% free, 54MB/70MB, paused 1.466ms total 52.326ms
08-04 13:25:09.840 27166 27178 I art     : Starting a blocking GC Explicit
08-04 13:25:09.890 27166 27178 I art     : Explicit concurrent mark sweep GC freed 11(352B) AllocSpace objects, 0(0B) LOS objects, 22% free, 54MB/70MB, paused 1.431ms total 50.227ms
08-04 13:25:09.905 27166 27178 I art     : Starting a blocking GC Explicit
08-04 13:25:09.946 30227 30227 D AndroidRuntime: >>>>>> START com.android.internal.os.RuntimeInit uid 2000 <<<<<<
08-04 13:25:09.952 30227 30227 D AndroidRuntime: CheckJNI is OFF
08-04 13:25:09.954 27166 27178 I art     : Explicit concurrent mark sweep GC freed 9(288B) AllocSpace objects, 0(0B) LOS objects, 22% free, 54MB/70MB, paused 1.465ms total 49.168ms
08-04 13:25:09.994 30227 30227 D ICU     : No timezone override file found: /data/misc/zoneinfo/current/icu/icu_tzdata.dat
08-04 13:25:10.036 30227 30227 I Radio-JNI: register_android_hardware_Radio DONE
08-04 13:25:10.065 30227 30227 D AndroidRuntime: Calling main entry com.android.commands.input.Input
08-04 13:25:10.068 30227 30227 I Input   : injectMotionEvent: MotionEvent { action=ACTION_DOWN, actionButton=0, id[0]=0, x[0]=409.0, y[0]=1034.0, toolType[0]=TOOL_TYPE_UNKNOWN, buttonState=0, metaState=0, flags=0x0, edgeFlags=0x0, pointerCount=1, historySize=0, eventTime=710726481, downTime=710726481, deviceId=0, source=0x1002 }
08-04 13:25:10.073 30227 30227 I Input   : injectMotionEvent: MotionEvent { action=ACTION_UP, actionButton=0, id[0]=0, x[0]=409.0, y[0]=1034.0, toolType[0]=TOOL_TYPE_UNKNOWN, buttonState=0, metaState=0, flags=0x0, edgeFlags=0x0, pointerCount=1, historySize=0, eventTime=710726481, downTime=710726481, deviceId=0, source=0x1002 }
08-04 13:25:10.076 30227 30227 D AndroidRuntime: Shutting down VM
08-04 13:25:10.140 27166 27166 D MainActivity: loadFragment(index: 5, args: null)
08-04 13:25:10.140 27166 27166 D MainActivity: loadFragment(tag: AddFeedFragment, args: null)
08-04 13:25:10.142 27166 27166 D MainActivity: saveLastNavFragment(tag: AddFeedFragment)
08-04 13:25:10.142 27166 27166 D MainActivity: getLastNavFragment() -> AddFeedFragment
08-04 13:25:10.144   512  2967 D audio_hw_primary: out_set_parameters: enter: usecase(1: low-latency-playback) kvpairs: routing=2
08-04 13:25:10.157   512  2967 D audio_hw_primary: select_devices: out_snd_device(2: speaker) in_snd_device(0: none)
08-04 13:25:10.157   512  2967 D msm8974_platform: platform_send_audio_calibration: sending audio calibration for snd_device(2) acdb_id(15)
08-04 13:25:10.158   512  2967 I soundtrigger: audio_extn_sound_trigger_update_device_status: device 0x2 of type 0 for Event 1
08-04 13:25:10.168   512  2967 D audio_hw_primary: enable_snd_device: snd_device(2: speaker)
08-04 13:25:10.171   512  2967 D audio_hw_primary: enable_audio_route: apply and update mixer path: low-latency-playback speaker
08-04 13:25:10.184 13866 13866 I GoogleInputMethodServic: GoogleInputMethodService.onFinishInput():3138 
08-04 13:25:10.185 13866 13866 I GoogleInputMethodServic: GoogleInputMethodService.onStartInput():1808 
08-04 13:25:10.290 27166 27179 I art     : Starting a blocking GC Explicit
08-04 13:25:10.341 27166 27179 I art     : Explicit concurrent mark sweep GC freed 3818(200KB) AllocSpace objects, 2(40KB) LOS objects, 22% free, 54MB/70MB, paused 1.453ms total 50.094ms
08-04 13:25:10.357 27166 27179 I art     : Starting a blocking GC Explicit
08-04 13:25:10.397 27166 27179 I art     : Explicit concurrent mark sweep GC freed 31434(2MB) AllocSpace objects, 9(3MB) LOS objects, 24% free, 48MB/64MB, paused 1.262ms total 39.528ms
08-04 13:25:10.409 27166 27179 I art     : Starting a blocking GC Explicit
08-04 13:25:10.444 27166 27179 I art     : Explicit concurrent mark sweep GC freed 3(96B) AllocSpace objects, 0(0B) LOS objects, 24% free, 48MB/64MB, paused 1.274ms total 35.139ms
08-04 13:25:10.456 27166 27179 I art     : Starting a blocking GC Explicit
08-04 13:25:10.492 27166 27179 I art     : Explicit concurrent mark sweep GC freed 3(96B) AllocSpace objects, 0(0B) LOS objects, 24% free, 48MB/64MB, paused 1.268ms total 35.420ms
08-04 13:25:10.504 27166 27179 I art     : Starting a blocking GC Explicit
08-04 13:25:10.540 27166 27179 I art     : Explicit concurrent mark sweep GC freed 40(1136B) AllocSpace objects, 0(0B) LOS objects, 24% free, 48MB/64MB, paused 1.401ms total 35.489ms
08-04 13:25:10.579 13866 13866 I GoogleInputMethodServic: GoogleInputMethodService.onFinishInput():3138 
08-04 13:25:10.580 13866 13866 I GoogleInputMethodServic: GoogleInputMethodService.onStartInput():1808 
08-04 13:25:10.709   512  2967 D audio_hw_primary: disable_audio_route: reset and update mixer path: low-latency-playback speaker
08-04 13:25:10.711   512  2967 D audio_hw_primary: disable_snd_device: snd_device(2: speaker)
08-04 13:25:10.720   512  2967 I soundtrigger: audio_extn_sound_trigger_update_device_status: device 0x2 of type 0 for Event 0
08-04 13:25:10.892 27166 29413 I art     : Starting a blocking GC Explicit
08-04 13:25:10.935 27166 29413 I art     : Explicit concurrent mark sweep GC freed 1629(92KB) AllocSpace objects, 1(20KB) LOS objects, 24% free, 48MB/64MB, paused 1.501ms total 42.413ms
08-04 13:25:10.950 27166 29413 I art     : Starting a blocking GC Explicit
08-04 13:25:10.984 27166 29413 I art     : Explicit concurrent mark sweep GC freed 114(6KB) AllocSpace objects, 0(0B) LOS objects, 24% free, 48MB/64MB, paused 1.328ms total 34.379ms
08-04 13:25:10.997 27166 29413 I art     : Starting a blocking GC Explicit
08-04 13:25:11.035 27166 29413 I art     : Explicit concurrent mark sweep GC freed 5(160B) AllocSpace objects, 0(0B) LOS objects, 24% free, 48MB/64MB, paused 1.448ms total 37.495ms
08-04 13:25:11.048 27166 29413 I art     : Starting a blocking GC Explicit
08-04 13:25:11.088 27166 29413 I art     : Explicit concurrent mark sweep GC freed 3(96B) AllocSpace objects, 0(0B) LOS objects, 24% free, 48MB/64MB, paused 1.500ms total 40.242ms
08-04 13:25:11.101 27166 29413 I art     : Starting a blocking GC Explicit
08-04 13:25:11.141 27166 29413 I art     : Explicit concurrent mark sweep GC freed 3(96B) AllocSpace objects, 0(0B) LOS objects, 24% free, 48MB/64MB, paused 1.435ms total 39.750ms
08-04 13:25:11.449 13866 13882 I PeriodicStatsRunner: PeriodicStatsRunner.call():175 call()
08-04 13:25:11.450 13866 13882 I PeriodicStatsRunner: PeriodicStatsRunner.call():179 No submit PeriodicStats since input started.
08-04 13:25:11.478 27166 27624 I art     : Starting a blocking GC Explicit
08-04 13:25:11.522 27166 27624 I art     : Explicit concurrent mark sweep GC freed 1410(81KB) AllocSpace objects, 1(20KB) LOS objects, 24% free, 48MB/64MB, paused 1.465ms total 43.841ms
08-04 13:25:11.535 27166 27624 I art     : Starting a blocking GC Explicit
08-04 13:25:11.574 27166 27624 I art     : Explicit concurrent mark sweep GC freed 23(752B) AllocSpace objects, 0(0B) LOS objects, 24% free, 48MB/64MB, paused 1.448ms total 38.960ms
08-04 13:25:11.588 27166 27624 I art     : Starting a blocking GC Explicit
08-04 13:25:11.627 27166 27624 I art     : Explicit concurrent mark sweep GC freed 3(96B) AllocSpace objects, 0(0B) LOS objects, 24% free, 48MB/64MB, paused 1.429ms total 37.964ms
08-04 13:25:11.639 27166 27624 I art     : Starting a blocking GC Explicit
08-04 13:25:11.677 27166 27624 I art     : Explicit concurrent mark sweep GC freed 3(96B) AllocSpace objects, 0(0B) LOS objects, 24% free, 48MB/64MB, paused 1.493ms total 38.126ms
08-04 13:25:11.689 27166 27624 I art     : Starting a blocking GC Explicit
08-04 13:25:11.729 27166 27624 I art     : Explicit concurrent mark sweep GC freed 3(96B) AllocSpace objects, 0(0B) LOS objects, 24% free, 48MB/64MB, paused 1.501ms total 38.852ms
08-04 13:25:11.877 30272 30272 D AndroidRuntime: >>>>>> START com.android.internal.os.RuntimeInit uid 2000 <<<<<<
08-04 13:25:11.883 30272 30272 D AndroidRuntime: CheckJNI is OFF
08-04 13:25:11.921 30272 30272 D ICU     : No timezone override file found: /data/misc/zoneinfo/current/icu/icu_tzdata.dat
08-04 13:25:11.962 30272 30272 I Radio-JNI: register_android_hardware_Radio DONE
08-04 13:25:11.991 30272 30272 D AndroidRuntime: Calling main entry com.android.commands.input.Input
08-04 13:25:11.993 30272 30272 I Input   : injectMotionEvent: MotionEvent { action=ACTION_DOWN, actionButton=0, id[0]=0, x[0]=603.0, y[0]=1061.0, toolType[0]=TOOL_TYPE_UNKNOWN, buttonState=0, metaState=0, flags=0x0, edgeFlags=0x0, pointerCount=1, historySize=0, eventTime=710728406, downTime=710728406, deviceId=0, source=0x1002 }
08-04 13:25:11.998 30272 30272 I Input   : injectMotionEvent: MotionEvent { action=ACTION_UP, actionButton=0, id[0]=0, x[0]=603.0, y[0]=1061.0, toolType[0]=TOOL_TYPE_UNKNOWN, buttonState=0, metaState=0, flags=0x0, edgeFlags=0x0, pointerCount=1, historySize=0, eventTime=710728406, downTime=710728406, deviceId=0, source=0x1002 }
08-04 13:25:12.000 30272 30272 D AndroidRuntime: Shutting down VM
08-04 13:25:12.010   512  2967 D audio_hw_primary: out_set_parameters: enter: usecase(1: low-latency-playback) kvpairs: routing=2
08-04 13:25:12.023   512  2967 D audio_hw_primary: select_devices: out_snd_device(2: speaker) in_snd_device(0: none)
08-04 13:25:12.023   512  2967 D msm8974_platform: platform_send_audio_calibration: sending audio calibration for snd_device(2) acdb_id(15)
08-04 13:25:12.023   512  2967 I soundtrigger: audio_extn_sound_trigger_update_device_status: device 0x2 of type 0 for Event 1
08-04 13:25:12.033   512  2967 D audio_hw_primary: enable_snd_device: snd_device(2: speaker)
08-04 13:25:12.035   512  2967 D audio_hw_primary: enable_audio_route: apply and update mixer path: low-latency-playback speaker
08-04 13:25:12.077 27166 29413 I art     : Starting a blocking GC Explicit
08-04 13:25:12.083 13866 13866 I GoogleInputMethodServic: GoogleInputMethodService.onFinishInput():3138 
08-04 13:25:12.084 13866 13866 I GoogleInputMethodServic: GoogleInputMethodService.onStartInput():1808 
08-04 13:25:12.119 27166 29413 I art     : Explicit concurrent mark sweep GC freed 4784(337KB) AllocSpace objects, 1(20KB) LOS objects, 24% free, 49MB/65MB, paused 2.287ms total 42.199ms
08-04 13:25:12.132 27166 29413 I art     : Starting a blocking GC Explicit
08-04 13:25:12.170 27166 29413 I art     : Explicit concurrent mark sweep GC freed 1773(90KB) AllocSpace objects, 1(220KB) LOS objects, 24% free, 49MB/65MB, paused 1.565ms total 37.382ms
08-04 13:25:12.181 27166 29413 I art     : Starting a blocking GC Explicit
08-04 13:25:12.221 27166 29413 I art     : Explicit concurrent mark sweep GC freed 75(3KB) AllocSpace objects, 0(0B) LOS objects, 24% free, 49MB/65MB, paused 1.756ms total 39.006ms
08-04 13:25:12.233 27166 29413 I art     : Starting a blocking GC Explicit
08-04 13:25:12.272 27166 29413 I art     : Explicit concurrent mark sweep GC freed 33(1248B) AllocSpace objects, 0(0B) LOS objects, 24% free, 49MB/65MB, paused 1.482ms total 38.171ms
08-04 13:25:12.284 27166 29413 I art     : Starting a blocking GC Explicit
08-04 13:25:12.323 27166 29413 I art     : Explicit concurrent mark sweep GC freed 33(1248B) AllocSpace objects, 0(0B) LOS objects, 24% free, 49MB/65MB, paused 1.487ms total 38.910ms
08-04 13:25:12.568   512  2967 D audio_hw_primary: disable_audio_route: reset and update mixer path: low-latency-playback speaker
08-04 13:25:12.569   512  2967 D audio_hw_primary: disable_snd_device: snd_device(2: speaker)
08-04 13:25:12.578   512  2967 I soundtrigger: audio_extn_sound_trigger_update_device_status: device 0x2 of type 0 for Event 0
08-04 13:25:12.662 27166 27624 I art     : Starting a blocking GC Explicit
08-04 13:25:12.704 27166 27624 I art     : Explicit concurrent mark sweep GC freed 1560(87KB) AllocSpace objects, 1(20KB) LOS objects, 24% free, 49MB/65MB, paused 1.606ms total 41.314ms
08-04 13:25:12.717 27166 27624 I art     : Starting a blocking GC Explicit
08-04 13:25:12.756 27166 27624 I art     : Explicit concurrent mark sweep GC freed 133(4KB) AllocSpace objects, 0(0B) LOS objects, 24% free, 49MB/65MB, paused 1.443ms total 39.567ms
08-04 13:25:12.769 27166 27624 I art     : Starting a blocking GC Explicit
08-04 13:25:12.809 27166 27624 I art     : Explicit concurrent mark sweep GC freed 36(1376B) AllocSpace objects, 0(0B) LOS objects, 24% free, 49MB/65MB, paused 1.808ms total 39.618ms
08-04 13:25:12.821 27166 27624 I art     : Starting a blocking GC Explicit
08-04 13:25:12.862 27166 27624 I art     : Explicit concurrent mark sweep GC freed 3331(129KB) AllocSpace objects, 0(0B) LOS objects, 24% free, 49MB/65MB, paused 1.499ms total 40.482ms
08-04 13:25:12.867 27166 30304 I NAPPA_EXPERIMENTATION: MetricNetworkRequestExecutionTime: REQUEST_DURATION_SYSTEM='793',REQUEST_DURATION_OKHTTP='41',REQUEST_SYNCHRONOUS='TRUE',RESPONSE_CODE='200',RESPONSE_METHOD='GET',RESPONSE_LENGTH_OKHTTP='37507',RESPONSE_LENGTH_HEADER='37507',REQUEST_PROTOCOL='http/1.1',REQUEST_URL='https://gpodder.net/toplist/50.json',
08-04 13:25:12.874 27166 27624 I art     : Starting a blocking GC Explicit
08-04 13:25:12.877 27166 30305 I NAPPA_EXPERIMENTATION: MetricNetworkRequestExecutionTime: REQUEST_DURATION_SYSTEM='804',REQUEST_DURATION_OKHTTP='51',REQUEST_SYNCHRONOUS='TRUE',RESPONSE_CODE='200',RESPONSE_METHOD='GET',RESPONSE_LENGTH_OKHTTP='2923',RESPONSE_LENGTH_HEADER='2923',REQUEST_PROTOCOL='http/1.1',REQUEST_URL='https://gpodder.net/api/2/tags/50.json',
08-04 13:25:12.913 27166 27624 I art     : Explicit concurrent mark sweep GC freed 4194(319KB) AllocSpace objects, 2(152KB) LOS objects, 24% free, 49MB/65MB, paused 2.021ms total 39.454ms
08-04 13:25:12.914 27166 28115 D ApOkHttpUrlLoader: buildLoadData() called with: model = [http://sixgun.org/files/linuxoutlaws.jpg], width = [224], height = [224]
08-04 13:25:12.916 27166 27928 D DBReader: getImageAuthentication() called with: imageUrl = [http://sixgun.org/files/linuxoutlaws.jpg]
08-04 13:25:12.920 27166 27928 D ApOkHttpUrlLoader: no credentials for 'http://sixgun.org/files/linuxoutlaws.jpg'
08-04 13:25:12.930 27166 28115 D ApOkHttpUrlLoader: buildLoadData() called with: model = [https://files.thisamericanlife.org/sites/all/themes/thislife/img/tal-name-1400x1400.png], width = [224], height = [224]
08-04 13:25:12.931 27166 27926 D DBReader: getImageAuthentication() called with: imageUrl = [https://files.thisamericanlife.org/sites/all/themes/thislife/img/tal-name-1400x1400.png]
08-04 13:25:12.936 27166 27926 D ApOkHttpUrlLoader: no credentials for 'https://files.thisamericanlife.org/sites/all/themes/thislife/img/tal-name-1400x1400.png'
08-04 13:25:12.937 27166 28115 D ApOkHttpUrlLoader: buildLoadData() called with: model = [https://elroy.twit.tv/sites/default/files/styles/twit_album_art_2048x2048/public/images/shows/floss_weekly/album_art/audio/floss_albumart_mask.jpg?itok=IUjxKpwt], width = [224], height = [224]
08-04 13:25:12.939 27166 27924 D DBReader: getImageAuthentication() called with: imageUrl = [https://elroy.twit.tv/sites/default/files/styles/twit_album_art_2048x2048/public/images/shows/floss_weekly/album_art/audio/floss_albumart_mask.jpg?itok=IUjxKpwt]
08-04 13:25:12.942 27166 27924 D ApOkHttpUrlLoader: no credentials for 'https://elroy.twit.tv/sites/default/files/styles/twit_album_art_2048x2048/public/images/shows/floss_weekly/album_art/audio/floss_albumart_mask.jpg?itok=IUjxKpwt'
08-04 13:25:12.944 27166 28115 D ApOkHttpUrlLoader: buildLoadData() called with: model = [http://ichef.bbci.co.uk/images/ic/3000x3000/p07kfvzb.jpg], width = [224], height = [224]
08-04 13:25:12.945 27166 27929 D DBReader: getImageAuthentication() called with: imageUrl = [http://ichef.bbci.co.uk/images/ic/3000x3000/p07kfvzb.jpg]
08-04 13:25:12.948 27166 27929 D ApOkHttpUrlLoader: no credentials for 'http://ichef.bbci.co.uk/images/ic/3000x3000/p07kfvzb.jpg'
08-04 13:25:12.950 27166 28115 D ApOkHttpUrlLoader: buildLoadData() called with: model = [https://pl.tedcdn.com/rss_feed_images/ted_talks_main_podcast/video.png], width = [224], height = [224]
08-04 13:25:12.952 27166 27931 D DBReader: getImageAuthentication() called with: imageUrl = [https://pl.tedcdn.com/rss_feed_images/ted_talks_main_podcast/video.png]
08-04 13:25:12.955 27166 27931 D ApOkHttpUrlLoader: no credentials for 'https://pl.tedcdn.com/rss_feed_images/ted_talks_main_podcast/video.png'
08-04 13:25:12.956 27166 28115 D ApOkHttpUrlLoader: buildLoadData() called with: model = [https://elroy.twit.tv/sites/default/files/styles/twit_album_art_2048x2048/public/images/shows/this_week_in_tech/album_art/audio/twit1400audio.jpg?itok=J0vhatZb], width = [224], height = [224]
08-04 13:25:12.957 27166 27930 D DBReader: getImageAuthentication() called with: imageUrl = [https://elroy.twit.tv/sites/default/files/styles/twit_album_art_2048x2048/public/images/shows/this_week_in_tech/album_art/audio/twit1400audio.jpg?itok=J0vhatZb]
08-04 13:25:12.960 27166 27928 D DBWriter: updateFeedDownloadURL(original: http://sixgun.org/files/linuxoutlaws.jpg, updated: https://fab.industries/sixgun/files/linuxoutlaws.jpg)
08-04 13:25:12.960 27166 28115 D ApOkHttpUrlLoader: buildLoadData() called with: model = [http://ichef.bbci.co.uk/images/ic/3000x3000/p03gtk3j.jpg], width = [224], height = [224]
08-04 13:25:12.961 27166 27930 D ApOkHttpUrlLoader: no credentials for 'https://elroy.twit.tv/sites/default/files/styles/twit_album_art_2048x2048/public/images/shows/this_week_in_tech/album_art/audio/twit1400audio.jpg?itok=J0vhatZb'
08-04 13:25:12.962 27166 27922 D DBReader: getImageAuthentication() called with: imageUrl = [http://ichef.bbci.co.uk/images/ic/3000x3000/p03gtk3j.jpg]
08-04 13:25:12.965 27166 27922 D ApOkHttpUrlLoader: no credentials for 'http://ichef.bbci.co.uk/images/ic/3000x3000/p03gtk3j.jpg'
08-04 13:25:13.029 27166 27929 D MYTAG   : interceptor 2a
08-04 13:25:13.029 27166 27929 I NAPPA_EXPERIMENTATION: MetricNetworkRequestExecutionTime: REQUEST_DURATION_SYSTEM='81',REQUEST_DURATION_OKHTTP='77',REQUEST_SYNCHRONOUS='TRUE',RESPONSE_CODE='200',RESPONSE_METHOD='GET',RESPONSE_LENGTH_OKHTTP='589826',RESPONSE_LENGTH_HEADER='589826',REQUEST_PROTOCOL='http/1.1',REQUEST_URL='http://ichef.bbci.co.uk/images/ic/3000x3000/p07kfvzb.jpg',
08-04 13:25:13.053 27166 27922 D MYTAG   : interceptor 2a
08-04 13:25:13.054 27166 27922 I NAPPA_EXPERIMENTATION: MetricNetworkRequestExecutionTime: REQUEST_DURATION_SYSTEM='88',REQUEST_DURATION_OKHTTP='84',REQUEST_SYNCHRONOUS='TRUE',RESPONSE_CODE='200',RESPONSE_METHOD='GET',RESPONSE_LENGTH_OKHTTP='814284',RESPONSE_LENGTH_HEADER='814284',REQUEST_PROTOCOL='http/1.1',REQUEST_URL='http://ichef.bbci.co.uk/images/ic/3000x3000/p03gtk3j.jpg',
08-04 13:25:13.192 27166 27926 D MYTAG   : interceptor 2a
08-04 13:25:13.192 27166 27926 I NAPPA_EXPERIMENTATION: MetricNetworkRequestExecutionTime: REQUEST_DURATION_SYSTEM='256',REQUEST_DURATION_OKHTTP='46',REQUEST_SYNCHRONOUS='TRUE',RESPONSE_CODE='200',RESPONSE_METHOD='GET',RESPONSE_LENGTH_OKHTTP='52553',RESPONSE_LENGTH_HEADER='52553',REQUEST_PROTOCOL='http/1.1',REQUEST_URL='https://files.thisamericanlife.org/sites/all/themes/thislife/img/tal-name-1400x1400.png',
08-04 13:25:13.245 27166 29413 I art     : Starting a blocking GC Explicit
08-04 13:25:13.278 27166 27924 D MYTAG   : interceptor 2a
08-04 13:25:13.278 27166 27924 I NAPPA_EXPERIMENTATION: MetricNetworkRequestExecutionTime: REQUEST_DURATION_SYSTEM='336',REQUEST_DURATION_OKHTTP='161',REQUEST_SYNCHRONOUS='TRUE',RESPONSE_CODE='200',RESPONSE_METHOD='GET',RESPONSE_LENGTH_OKHTTP='297964',RESPONSE_LENGTH_HEADER='297964',REQUEST_PROTOCOL='h2',REQUEST_URL='https://elroy.twit.tv/sites/default/files/styles/twit_album_art_2048x2048/public/images/shows/floss_weekly/album_art/audio/floss_albumart_mask.jpg?itok=IUjxKpwt',
08-04 13:25:13.293 27166 29413 I art     : Explicit concurrent mark sweep GC freed 15962(934KB) AllocSpace objects, 2(60KB) LOS objects, 24% free, 50MB/66MB, paused 1.760ms total 47.260ms
08-04 13:25:13.306 27166 29413 I art     : Starting a blocking GC Explicit
08-04 13:25:13.332 27166 27931 D MYTAG   : interceptor 2a
08-04 13:25:13.332 27166 27931 I NAPPA_EXPERIMENTATION: MetricNetworkRequestExecutionTime: REQUEST_DURATION_SYSTEM='376',REQUEST_DURATION_OKHTTP='181',REQUEST_SYNCHRONOUS='TRUE',RESPONSE_CODE='200',RESPONSE_METHOD='GET',RESPONSE_LENGTH_OKHTTP='89986',RESPONSE_LENGTH_HEADER='89986',REQUEST_PROTOCOL='h2',REQUEST_URL='https://pl.tedcdn.com/rss_feed_images/ted_talks_main_podcast/video.png',
08-04 13:25:13.346 27166 29413 I art     : Explicit concurrent mark sweep GC freed 1612(71KB) AllocSpace objects, 0(0B) LOS objects, 24% free, 50MB/66MB, paused 1.997ms total 39.925ms
08-04 13:25:13.348 27166 27928 D MYTAG   : interceptor 2a
08-04 13:25:13.348 27166 27928 I NAPPA_EXPERIMENTATION: MetricNetworkRequestExecutionTime: REQUEST_DURATION_SYSTEM='428',REQUEST_DURATION_OKHTTP='207',REQUEST_SYNCHRONOUS='TRUE',RESPONSE_CODE='404',RESPONSE_METHOD='GET',RESPONSE_LENGTH_OKHTTP='-1',RESPONSE_LENGTH_HEADER='1503',REQUEST_PROTOCOL='h2',REQUEST_URL='https://fab.industries/sixgun/files/linuxoutlaws.jpg',
08-04 13:25:13.350 27166 27166 W Glide   : Load failed for http://sixgun.org/files/linuxoutlaws.jpg with size [224x224]
08-04 13:25:13.350 27166 27166 W Glide   : class com.bumptech.glide.load.engine.GlideException: Failed to load resource
08-04 13:25:13.350 27166 27166 W Glide   : There was 1 cause:
08-04 13:25:13.350 27166 27166 W Glide   : com.bumptech.glide.load.HttpException()
08-04 13:25:13.350 27166 27166 W Glide   :  call GlideException#logRootCauses(String) for more detail
08-04 13:25:13.350 27166 27166 W Glide   :   Cause (1 of 1): class com.bumptech.glide.load.engine.GlideException: Fetching data failed, class java.io.InputStream, REMOTE
08-04 13:25:13.350 27166 27166 W Glide   : There was 1 cause:
08-04 13:25:13.350 27166 27166 W Glide   : com.bumptech.glide.load.HttpException()
08-04 13:25:13.350 27166 27166 W Glide   :  call GlideException#logRootCauses(String) for more detail
08-04 13:25:13.350 27166 27166 W Glide   :     Cause (1 of 1): class com.bumptech.glide.load.HttpException: 
08-04 13:25:13.351 27166 27166 I Glide   : Root cause (1 of 1)
08-04 13:25:13.351 27166 27166 I Glide   : com.bumptech.glide.load.HttpException: 
08-04 13:25:13.351 27166 27166 I Glide   : 	at com.bumptech.glide.integration.okhttp3.OkHttpStreamFetcher.onResponse(OkHttpStreamFetcher.java:73)
08-04 13:25:13.351 27166 27166 I Glide   : 	at okhttp3.RealCall$AsyncCall.execute(RealCall.java:174)
08-04 13:25:13.351 27166 27166 I Glide   : 	at okhttp3.internal.NamedRunnable.run(NamedRunnable.java:32)
08-04 13:25:13.351 27166 27166 I Glide   : 	at java.util.concurrent.ThreadPoolExecutor.runWorker(ThreadPoolExecutor.java:1113)
08-04 13:25:13.351 27166 27166 I Glide   : 	at java.util.concurrent.ThreadPoolExecutor$Worker.run(ThreadPoolExecutor.java:588)
08-04 13:25:13.351 27166 27166 I Glide   : 	at java.lang.Thread.run(Thread.java:818)
08-04 13:25:13.352 27166 27166 W Glide   : Load failed for http://sixgun.org/files/linuxoutlaws.jpg with size [224x224]
08-04 13:25:13.352 27166 27166 W Glide   : class com.bumptech.glide.load.engine.GlideException: Failed to load resource
08-04 13:25:13.352 27166 27166 W Glide   : There was 1 cause:
08-04 13:25:13.352 27166 27166 W Glide   : com.bumptech.glide.load.HttpException()
08-04 13:25:13.352 27166 27166 W Glide   :  call GlideException#logRootCauses(String) for more detail
08-04 13:25:13.352 27166 27166 W Glide   :   Cause (1 of 1): class com.bumptech.glide.load.engine.GlideException: Fetching data failed, class java.io.InputStream, REMOTE
08-04 13:25:13.352 27166 27166 W Glide   : There was 1 cause:
08-04 13:25:13.352 27166 27166 W Glide   : com.bumptech.glide.load.HttpException()
08-04 13:25:13.352 27166 27166 W Glide   :  call GlideException#logRootCauses(String) for more detail
08-04 13:25:13.352 27166 27166 W Glide   :     Cause (1 of 1): class com.bumptech.glide.load.HttpException: 
08-04 13:25:13.352 27166 27166 I Glide   : Root cause (1 of 1)
08-04 13:25:13.352 27166 27166 I Glide   : com.bumptech.glide.load.HttpException: 
08-04 13:25:13.352 27166 27166 I Glide   : 	at com.bumptech.glide.integration.okhttp3.OkHttpStreamFetcher.onResponse(OkHttpStreamFetcher.java:73)
08-04 13:25:13.352 27166 27166 I Glide   : 	at okhttp3.RealCall$AsyncCall.execute(RealCall.java:174)
08-04 13:25:13.352 27166 27166 I Glide   : 	at okhttp3.internal.NamedRunnable.run(NamedRunnable.java:32)
08-04 13:25:13.352 27166 27166 I Glide   : 	at java.util.concurrent.ThreadPoolExecutor.runWorker(ThreadPoolExecutor.java:1113)
08-04 13:25:13.352 27166 27166 I Glide   : 	at java.util.concurrent.ThreadPoolExecutor$Worker.run(ThreadPoolExecutor.java:588)
08-04 13:25:13.352 27166 27166 I Glide   : 	at java.lang.Thread.run(Thread.java:818)
08-04 13:25:13.358 27166 29413 I art     : Starting a blocking GC Explicit
08-04 13:25:13.368 27166 27930 D MYTAG   : interceptor 2a
08-04 13:25:13.369 27166 27930 I NAPPA_EXPERIMENTATION: MetricNetworkRequestExecutionTime: REQUEST_DURATION_SYSTEM='407',REQUEST_DURATION_OKHTTP='248',REQUEST_SYNCHRONOUS='TRUE',RESPONSE_CODE='200',RESPONSE_METHOD='GET',RESPONSE_LENGTH_OKHTTP='465707',RESPONSE_LENGTH_HEADER='465707',REQUEST_PROTOCOL='h2',REQUEST_URL='https://elroy.twit.tv/sites/default/files/styles/twit_album_art_2048x2048/public/images/shows/this_week_in_tech/album_art/audio/twit1400audio.jpg?itok=J0vhatZb',
08-04 13:25:13.398 27166 29413 I art     : Explicit concurrent mark sweep GC freed 1053(108KB) AllocSpace objects, 0(0B) LOS objects, 24% free, 50MB/66MB, paused 1.857ms total 40.168ms
08-04 13:25:13.410 27166 29413 I art     : Starting a blocking GC Explicit
08-04 13:25:13.446 27166 28115 D ApOkHttpUrlLoader: buildLoadData() called with: model = [http://sixgun.org/files/linuxoutlaws.jpg], width = [224], height = [224]
08-04 13:25:13.449 27166 27930 D DBReader: getImageAuthentication() called with: imageUrl = [http://sixgun.org/files/linuxoutlaws.jpg]
08-04 13:25:13.450 27166 29413 I art     : Explicit concurrent mark sweep GC freed 457(29KB) AllocSpace objects, 0(0B) LOS objects, 23% free, 50MB/66MB, paused 1.879ms total 39.032ms
08-04 13:25:13.453 27166 27930 D ApOkHttpUrlLoader: no credentials for 'http://sixgun.org/files/linuxoutlaws.jpg'
08-04 13:25:13.462 27166 29413 I art     : Starting a blocking GC Explicit
08-04 13:25:13.486 27166 27930 D DBWriter: updateFeedDownloadURL(original: http://sixgun.org/files/linuxoutlaws.jpg, updated: https://fab.industries/sixgun/files/linuxoutlaws.jpg)
08-04 13:25:13.500 27166 29413 I art     : Explicit concurrent mark sweep GC freed 643(44KB) AllocSpace objects, 0(0B) LOS objects, 23% free, 50MB/66MB, paused 1.630ms total 37.681ms
08-04 13:25:13.626 27166 27930 D MYTAG   : interceptor 2a
08-04 13:25:13.627 27166 27930 I NAPPA_EXPERIMENTATION: MetricNetworkRequestExecutionTime: REQUEST_DURATION_SYSTEM='173',REQUEST_DURATION_OKHTTP='136',REQUEST_SYNCHRONOUS='TRUE',RESPONSE_CODE='404',RESPONSE_METHOD='GET',RESPONSE_LENGTH_OKHTTP='-1',RESPONSE_LENGTH_HEADER='1503',REQUEST_PROTOCOL='h2',REQUEST_URL='https://fab.industries/sixgun/files/linuxoutlaws.jpg',
08-04 13:25:13.642 27166 27166 W Glide   : Load failed for http://sixgun.org/files/linuxoutlaws.jpg with size [224x224]
08-04 13:25:13.642 27166 27166 W Glide   : class com.bumptech.glide.load.engine.GlideException: Failed to load resource
08-04 13:25:13.642 27166 27166 W Glide   : There was 1 cause:
08-04 13:25:13.642 27166 27166 W Glide   : com.bumptech.glide.load.HttpException()
08-04 13:25:13.642 27166 27166 W Glide   :  call GlideException#logRootCauses(String) for more detail
08-04 13:25:13.642 27166 27166 W Glide   :   Cause (1 of 1): class com.bumptech.glide.load.engine.GlideException: Fetching data failed, class java.io.InputStream, REMOTE
08-04 13:25:13.642 27166 27166 W Glide   : There was 1 cause:
08-04 13:25:13.642 27166 27166 W Glide   : com.bumptech.glide.load.HttpException()
08-04 13:25:13.642 27166 27166 W Glide   :  call GlideException#logRootCauses(String) for more detail
08-04 13:25:13.642 27166 27166 W Glide   :     Cause (1 of 1): class com.bumptech.glide.load.HttpException: 
08-04 13:25:13.643 27166 27166 I Glide   : Root cause (1 of 1)
08-04 13:25:13.643 27166 27166 I Glide   : com.bumptech.glide.load.HttpException: 
08-04 13:25:13.643 27166 27166 I Glide   : 	at com.bumptech.glide.integration.okhttp3.OkHttpStreamFetcher.onResponse(OkHttpStreamFetcher.java:73)
08-04 13:25:13.643 27166 27166 I Glide   : 	at okhttp3.RealCall$AsyncCall.execute(RealCall.java:174)
08-04 13:25:13.643 27166 27166 I Glide   : 	at okhttp3.internal.NamedRunnable.run(NamedRunnable.java:32)
08-04 13:25:13.643 27166 27166 I Glide   : 	at java.util.concurrent.ThreadPoolExecutor.runWorker(ThreadPoolExecutor.java:1113)
08-04 13:25:13.643 27166 27166 I Glide   : 	at java.util.concurrent.ThreadPoolExecutor$Worker.run(ThreadPoolExecutor.java:588)
08-04 13:25:13.643 27166 27166 I Glide   : 	at java.lang.Thread.run(Thread.java:818)
08-04 13:25:13.690 27166 28115 D ApOkHttpUrlLoader: buildLoadData() called with: model = [http://sixgun.org/files/linuxoutlaws.jpg], width = [224], height = [224]
08-04 13:25:13.691 27166 27930 D DBReader: getImageAuthentication() called with: imageUrl = [http://sixgun.org/files/linuxoutlaws.jpg]
08-04 13:25:13.695 27166 27930 D ApOkHttpUrlLoader: no credentials for 'http://sixgun.org/files/linuxoutlaws.jpg'
08-04 13:25:13.723 27166 27930 D DBWriter: updateFeedDownloadURL(original: http://sixgun.org/files/linuxoutlaws.jpg, updated: https://fab.industries/sixgun/files/linuxoutlaws.jpg)
08-04 13:25:13.847   918 13197 D NetworkMonitor/NetworkAgentInfo [WIFI () - 158]: Checking http://connectivitycheck.gstatic.com/generate_204 on "H369AA63323", 192.168.2.12=192.168.2.12
08-04 13:25:13.850 27166 27190 I art     : Starting a blocking GC Explicit
08-04 13:25:13.860 27166 27930 D MYTAG   : interceptor 2a
08-04 13:25:13.861 27166 27930 I NAPPA_EXPERIMENTATION: MetricNetworkRequestExecutionTime: REQUEST_DURATION_SYSTEM='165',REQUEST_DURATION_OKHTTP='132',REQUEST_SYNCHRONOUS='TRUE',RESPONSE_CODE='404',RESPONSE_METHOD='GET',RESPONSE_LENGTH_OKHTTP='-1',RESPONSE_LENGTH_HEADER='1503',REQUEST_PROTOCOL='h2',REQUEST_URL='https://fab.industries/sixgun/files/linuxoutlaws.jpg',
08-04 13:25:13.863 27166 27166 W Glide   : Load failed for http://sixgun.org/files/linuxoutlaws.jpg with size [224x224]
08-04 13:25:13.863 27166 27166 W Glide   : class com.bumptech.glide.load.engine.GlideException: Failed to load resource
08-04 13:25:13.863 27166 27166 W Glide   : There was 1 cause:
08-04 13:25:13.863 27166 27166 W Glide   : com.bumptech.glide.load.HttpException()
08-04 13:25:13.863 27166 27166 W Glide   :  call GlideException#logRootCauses(String) for more detail
08-04 13:25:13.863 27166 27166 W Glide   :   Cause (1 of 1): class com.bumptech.glide.load.engine.GlideException: Fetching data failed, class java.io.InputStream, REMOTE
08-04 13:25:13.863 27166 27166 W Glide   : There was 1 cause:
08-04 13:25:13.863 27166 27166 W Glide   : com.bumptech.glide.load.HttpException()
08-04 13:25:13.863 27166 27166 W Glide   :  call GlideException#logRootCauses(String) for more detail
08-04 13:25:13.863 27166 27166 W Glide   :     Cause (1 of 1): class com.bumptech.glide.load.HttpException: 
08-04 13:25:13.865 27166 27166 I Glide   : Root cause (1 of 1)
08-04 13:25:13.865 27166 27166 I Glide   : com.bumptech.glide.load.HttpException: 
08-04 13:25:13.865 27166 27166 I Glide   : 	at com.bumptech.glide.integration.okhttp3.OkHttpStreamFetcher.onResponse(OkHttpStreamFetcher.java:73)
08-04 13:25:13.865 27166 27166 I Glide   : 	at okhttp3.RealCall$AsyncCall.execute(RealCall.java:174)
08-04 13:25:13.865 27166 27166 I Glide   : 	at okhttp3.internal.NamedRunnable.run(NamedRunnable.java:32)
08-04 13:25:13.865 27166 27166 I Glide   : 	at java.util.concurrent.ThreadPoolExecutor.runWorker(ThreadPoolExecutor.java:1113)
08-04 13:25:13.865 27166 27166 I Glide   : 	at java.util.concurrent.ThreadPoolExecutor$Worker.run(ThreadPoolExecutor.java:588)
08-04 13:25:13.865 27166 27166 I Glide   : 	at java.lang.Thread.run(Thread.java:818)
08-04 13:25:13.882   918 13197 D NetworkMonitor/NetworkAgentInfo [WIFI () - 158]: Probably not a portal: exception java.io.IOException: unexpected end of stream on Connection{connectivitycheck.gstatic.com:80, proxy=HTTP@/192.168.2.12:8080 hostAddress=192.168.2.12 cipherSuite=none protocol=http/1.1} (recycle count=0)
08-04 13:25:13.882   918  3263 D ConnectivityService: NetworkAgentInfo [WIFI () - 158] validation failed
08-04 13:25:13.884   918  3261 E WifiConfigStore:  rewrite network history for "H369AA63323"WPA_PSK
08-04 13:25:13.896 27166 27190 I art     : Explicit concurrent mark sweep GC freed 3181(229KB) AllocSpace objects, 1(20KB) LOS objects, 23% free, 50MB/66MB, paused 1.454ms total 46.187ms
08-04 13:25:13.910 27166 27190 I art     : Starting a blocking GC Explicit
08-04 13:25:13.956 27166 27190 I art     : Explicit concurrent mark sweep GC freed 244(9KB) AllocSpace objects, 0(0B) LOS objects, 23% free, 50MB/66MB, paused 1.542ms total 45.636ms
08-04 13:25:13.970 27166 27190 I art     : Starting a blocking GC Explicit
08-04 13:25:14.017 27166 27190 I art     : Explicit concurrent mark sweep GC freed 6(192B) AllocSpace objects, 0(0B) LOS objects, 23% free, 50MB/66MB, paused 1.485ms total 46.434ms
08-04 13:25:14.030 27166 27190 I art     : Starting a blocking GC Explicit
08-04 13:25:14.078 27166 27190 I art     : Explicit concurrent mark sweep GC freed 3(96B) AllocSpace objects, 0(0B) LOS objects, 23% free, 50MB/66MB, paused 1.693ms total 47.234ms
08-04 13:25:14.092 27166 27190 I art     : Starting a blocking GC Explicit
08-04 13:25:14.100 22210 22214 E QC-QMI  : qmi_client [22210] 4ee: failed to locate client data
08-04 13:25:14.101   519   519 E QC-QMI  : qmuxd: RX on fd=18 returned error=0 errno[2:No such file or directory]
08-04 13:25:14.102   519   519 E QC-QMI  : QMUX qmux_client_id=4ee not found in qmux client list, unable to remove
08-04 13:25:14.107 22210 22210 I Atfwd_Daemon: Stop the daemon....
08-04 13:25:14.119 30348 30348 W ATFWD-daemon: type=1400 audit(0.0:738785): avc: denied { read write } for name="diag" dev="tmpfs" ino=1296 scontext=u:r:atfwd:s0 tcontext=u:object_r:diag_device:s0 tclass=chr_file permissive=0
08-04 13:25:14.131 30348 30348 I libmdmdetect: ESOC framework not supported
08-04 13:25:14.131 30348 30348 I libmdmdetect: Found internal modem: modem
08-04 13:25:14.132 30348 30348 E Diag_Lib:  Diag_LSM_Init: Failed to open handle to diag driver, error = 13
08-04 13:25:14.135 27166 27190 I art     : Explicit concurrent mark sweep GC freed 3(96B) AllocSpace objects, 0(0B) LOS objects, 23% free, 50MB/66MB, paused 1.730ms total 43.491ms
08-04 13:25:14.136 30348 30348 I Atfwd_Daemon: result : 255 	 ,Init step :0 	 ,qmiErrorCode: 0
08-04 13:25:14.136 30348 30348 I Atfwd_Daemon: result : 0 	 ,Init step :1 	 ,qmiErrorCode: 0
08-04 13:25:14.137 30348 30348 I ServiceManager: Waiting for service AtCmdFwd...
08-04 13:25:14.525 27166 29413 I art     : Starting a blocking GC Explicit
08-04 13:25:14.578 27166 29413 I art     : Explicit concurrent mark sweep GC freed 1430(82KB) AllocSpace objects, 1(20KB) LOS objects, 23% free, 50MB/66MB, paused 1.866ms total 52.393ms
08-04 13:25:14.592 27166 29413 I art     : Starting a blocking GC Explicit
08-04 13:25:14.635 27166 29413 I art     : Explicit concurrent mark sweep GC freed 55(1808B) AllocSpace objects, 0(0B) LOS objects, 23% free, 50MB/66MB, paused 1.613ms total 42.577ms
08-04 13:25:14.648 27166 29413 I art     : Starting a blocking GC Explicit
08-04 13:25:14.691 27166 29413 I art     : Explicit concurrent mark sweep GC freed 14(448B) AllocSpace objects, 0(0B) LOS objects, 23% free, 50MB/66MB, paused 1.542ms total 42.611ms
08-04 13:25:14.704 27166 29413 I art     : Starting a blocking GC Explicit
08-04 13:25:14.747 27166 29413 I art     : Explicit concurrent mark sweep GC freed 19(608B) AllocSpace objects, 0(0B) LOS objects, 23% free, 50MB/66MB, paused 1.411ms total 42.451ms
08-04 13:25:14.760 27166 29413 I art     : Starting a blocking GC Explicit
08-04 13:25:14.804 27166 29413 I art     : Explicit concurrent mark sweep GC freed 4(128B) AllocSpace objects, 0(0B) LOS objects, 23% free, 50MB/66MB, paused 1.617ms total 43.469ms
08-04 13:25:15.138 30348 30348 I ServiceManager: Waiting for service AtCmdFwd...
08-04 13:25:15.185 13866 13882 I PeriodicStatsRunner: PeriodicStatsRunner.call():175 call()
08-04 13:25:15.187 13866 13882 I PeriodicStatsRunner: PeriodicStatsRunner.call():179 No submit PeriodicStats since input started.
08-04 13:25:15.194 27166 27179 I art     : Starting a blocking GC Explicit
08-04 13:25:15.251 27166 27179 I art     : Explicit concurrent mark sweep GC freed 1381(81KB) AllocSpace objects, 1(20KB) LOS objects, 23% free, 50MB/66MB, paused 1.778ms total 57.059ms
08-04 13:25:15.268 27166 27179 I art     : Starting a blocking GC Explicit
08-04 13:25:15.315 27166 27179 I art     : Explicit concurrent mark sweep GC freed 23(752B) AllocSpace objects, 0(0B) LOS objects, 23% free, 50MB/66MB, paused 1.545ms total 46.141ms
08-04 13:25:15.328 27166 27179 I art     : Starting a blocking GC Explicit
08-04 13:25:15.375 27166 27179 I art     : Explicit concurrent mark sweep GC freed 3(96B) AllocSpace objects, 0(0B) LOS objects, 23% free, 50MB/66MB, paused 1.575ms total 47.027ms
08-04 13:25:15.389 27166 27179 I art     : Starting a blocking GC Explicit
08-04 13:25:15.437 27166 27179 I art     : Explicit concurrent mark sweep GC freed 3(96B) AllocSpace objects, 0(0B) LOS objects, 23% free, 50MB/66MB, paused 1.551ms total 47.203ms
08-04 13:25:15.450 27166 27179 I art     : Starting a blocking GC Explicit
08-04 13:25:15.498 27166 27179 I art     : Explicit concurrent mark sweep GC freed 3(96B) AllocSpace objects, 0(0B) LOS objects, 23% free, 50MB/66MB, paused 1.710ms total 47.849ms
08-04 13:25:15.580 13866 13882 I PeriodicStatsRunner: PeriodicStatsRunner.call():175 call()
08-04 13:25:15.580 13866 13882 I PeriodicStatsRunner: PeriodicStatsRunner.call():179 No submit PeriodicStats since input started.
08-04 13:25:15.891 27166 27178 I art     : Starting a blocking GC Explicit
08-04 13:25:15.949 27166 27178 I art     : Explicit concurrent mark sweep GC freed 1412(82KB) AllocSpace objects, 1(20KB) LOS objects, 23% free, 50MB/66MB, paused 1.911ms total 57.584ms
08-04 13:25:15.966 27166 27178 I art     : Starting a blocking GC Explicit
08-04 13:25:15.992   518   646 I ThermalEngine: ACTION: GPU - Setting GPU[0] to 510000000
08-04 13:25:16.013 27166 27178 I art     : Explicit concurrent mark sweep GC freed 23(752B) AllocSpace objects, 0(0B) LOS objects, 23% free, 50MB/66MB, paused 1.611ms total 46.363ms
08-04 13:25:16.026 27166 27178 I art     : Starting a blocking GC Explicit
08-04 13:25:16.064 27166 27178 I art     : Explicit concurrent mark sweep GC freed 3(96B) AllocSpace objects, 0(0B) LOS objects, 23% free, 50MB/66MB, paused 1.136ms total 36.884ms
08-04 13:25:16.074 27166 27178 I art     : Starting a blocking GC Explicit
08-04 13:25:16.109 27166 27178 I art     : Explicit concurrent mark sweep GC freed 3(96B) AllocSpace objects, 0(0B) LOS objects, 23% free, 50MB/66MB, paused 1.236ms total 35.108ms
08-04 13:25:16.120 27166 27178 I art     : Starting a blocking GC Explicit
08-04 13:25:16.139 30348 30348 I ServiceManager: Waiting for service AtCmdFwd...
08-04 13:25:16.157 27166 27178 I art     : Explicit concurrent mark sweep GC freed 3(96B) AllocSpace objects, 0(0B) LOS objects, 23% free, 50MB/66MB, paused 1.202ms total 36.405ms
08-04 13:25:16.523 27166 27624 I art     : Starting a blocking GC Explicit
08-04 13:25:16.560 27166 27624 I art     : Explicit concurrent mark sweep GC freed 1411(82KB) AllocSpace objects, 1(20KB) LOS objects, 23% free, 50MB/66MB, paused 1.152ms total 36.303ms
08-04 13:25:16.571 27166 27624 I art     : Starting a blocking GC Explicit
08-04 13:25:16.605 27166 27624 I art     : Explicit concurrent mark sweep GC freed 23(752B) AllocSpace objects, 0(0B) LOS objects, 23% free, 50MB/66MB, paused 1.104ms total 34.433ms
08-04 13:25:16.616 27166 27624 I art     : Starting a blocking GC Explicit
08-04 13:25:16.651 27166 27624 I art     : Explicit concurrent mark sweep GC freed 3(96B) AllocSpace objects, 0(0B) LOS objects, 23% free, 50MB/66MB, paused 1.171ms total 35.270ms
08-04 13:25:16.662 27166 27624 I art     : Starting a blocking GC Explicit
08-04 13:25:16.697 27166 27624 I art     : Explicit concurrent mark sweep GC freed 3(96B) AllocSpace objects, 0(0B) LOS objects, 23% free, 50MB/66MB, paused 1.178ms total 35.115ms
08-04 13:25:16.707 27166 27624 I art     : Starting a blocking GC Explicit
08-04 13:25:16.743 27166 27624 I art     : Explicit concurrent mark sweep GC freed 3(96B) AllocSpace objects, 0(0B) LOS objects, 23% free, 50MB/66MB, paused 1.188ms total 35.192ms
08-04 13:25:17.028   918  5132 I ActivityManager: Killing 25685:nappagreedy.com.newsblur/u0a655 (adj 15): empty #17
08-04 13:25:17.084 13866 13882 I PeriodicStatsRunner: PeriodicStatsRunner.call():175 call()
08-04 13:25:17.084 13866 13882 I PeriodicStatsRunner: PeriodicStatsRunner.call():179 No submit PeriodicStats since input started.
08-04 13:25:17.100 27166 27178 I art     : Starting a blocking GC Explicit
08-04 13:25:17.137 27166 27178 I art     : Explicit concurrent mark sweep GC freed 1426(83KB) AllocSpace objects, 1(20KB) LOS objects, 23% free, 50MB/66MB, paused 1.256ms total 36.792ms
08-04 13:25:17.139 30348 30348 I ServiceManager: Waiting for service AtCmdFwd...
08-04 13:25:17.148 27166 27178 I art     : Starting a blocking GC Explicit
08-04 13:25:17.184 27166 27178 I art     : Explicit concurrent mark sweep GC freed 29(976B) AllocSpace objects, 0(0B) LOS objects, 23% free, 50MB/66MB, paused 1.198ms total 35.688ms
08-04 13:25:17.194 27166 27178 I art     : Starting a blocking GC Explicit
08-04 13:25:17.230 27166 27178 I art     : Explicit concurrent mark sweep GC freed 3(96B) AllocSpace objects, 0(0B) LOS objects, 23% free, 50MB/66MB, paused 1.213ms total 35.189ms
08-04 13:25:17.240 27166 27178 I art     : Starting a blocking GC Explicit
08-04 13:25:17.276 27166 27178 I art     : Explicit concurrent mark sweep GC freed 3(96B) AllocSpace objects, 0(0B) LOS objects, 23% free, 50MB/66MB, paused 1.188ms total 35.707ms
08-04 13:25:17.287 27166 27178 I art     : Starting a blocking GC Explicit
08-04 13:25:17.323 27166 27178 I art     : Explicit concurrent mark sweep GC freed 3(96B) AllocSpace objects, 0(0B) LOS objects, 23% free, 50MB/66MB, paused 1.174ms total 36.085ms
08-04 13:25:17.695 27166 27624 I art     : Starting a blocking GC Explicit
08-04 13:25:17.739 27166 27624 I art     : Explicit concurrent mark sweep GC freed 1411(82KB) AllocSpace objects, 1(20KB) LOS objects, 23% free, 50MB/66MB, paused 1.463ms total 43.939ms
08-04 13:25:17.752 27166 27624 I art     : Starting a blocking GC Explicit
08-04 13:25:17.787 27166 27624 I art     : Explicit concurrent mark sweep GC freed 23(752B) AllocSpace objects, 0(0B) LOS objects, 23% free, 50MB/66MB, paused 1.253ms total 35.686ms
08-04 13:25:17.794   918  3188 I hubconnection: sensorhub said: 'set_bias 3: -5.4336, 0.0000, 0.0000'
08-04 13:25:17.798 27166 27624 I art     : Starting a blocking GC Explicit
08-04 13:25:17.833 27166 27624 I art     : Explicit concurrent mark sweep GC freed 3(96B) AllocSpace objects, 0(0B) LOS objects, 23% free, 50MB/66MB, paused 1.172ms total 34.958ms
08-04 13:25:17.844 27166 27624 I art     : Starting a blocking GC Explicit
08-04 13:25:17.879 27166 27624 I art     : Explicit concurrent mark sweep GC freed 3(96B) AllocSpace objects, 0(0B) LOS objects, 23% free, 50MB/66MB, paused 1.228ms total 34.816ms
08-04 13:25:17.889 27166 27624 I art     : Starting a blocking GC Explicit
08-04 13:25:17.925 27166 27624 I art     : Explicit concurrent mark sweep GC freed 3(96B) AllocSpace objects, 0(0B) LOS objects, 23% free, 50MB/66MB, paused 1.199ms total 35.792ms
08-04 13:25:18.139 30348 30348 I ServiceManager: Waiting for service AtCmdFwd...
08-04 13:25:18.287 27166 29413 I art     : Starting a blocking GC Explicit
08-04 13:25:18.323 27166 29413 I art     : Explicit concurrent mark sweep GC freed 1384(81KB) AllocSpace objects, 1(20KB) LOS objects, 23% free, 50MB/66MB, paused 1.187ms total 35.943ms
08-04 13:25:18.324 27166 27177 I art     : WaitForGcToComplete blocked for 30.531ms for cause HeapTrim
08-04 13:25:18.334 27166 29413 I art     : Starting a blocking GC Explicit
08-04 13:25:18.368 27166 29413 I art     : Explicit concurrent mark sweep GC freed 23(752B) AllocSpace objects, 0(0B) LOS objects, 23% free, 50MB/66MB, paused 1.360ms total 34.267ms
08-04 13:25:18.379 27166 29413 I art     : Starting a blocking GC Explicit
08-04 13:25:18.412 27166 29413 I art     : Explicit concurrent mark sweep GC freed 3(96B) AllocSpace objects, 0(0B) LOS objects, 23% free, 50MB/66MB, paused 1.151ms total 33.444ms
08-04 13:25:18.422 27166 29413 I art     : Starting a blocking GC Explicit
08-04 13:25:18.455 27166 29413 I art     : Explicit concurrent mark sweep GC freed 3(96B) AllocSpace objects, 0(0B) LOS objects, 23% free, 50MB/66MB, paused 1.177ms total 32.621ms
08-04 13:25:18.465 27166 29413 I art     : Starting a blocking GC Explicit
08-04 13:25:18.498 27166 29413 I art     : Explicit concurrent mark sweep GC freed 3(96B) AllocSpace objects, 0(0B) LOS objects, 23% free, 50MB/66MB, paused 1.217ms total 33.078ms
08-04 13:25:18.670 30424 30424 D AndroidRuntime: >>>>>> START com.android.internal.os.RuntimeInit uid 2000 <<<<<<
08-04 13:25:18.677 30424 30424 D AndroidRuntime: CheckJNI is OFF
08-04 13:25:18.708 30424 30424 D ICU     : No timezone override file found: /data/misc/zoneinfo/current/icu/icu_tzdata.dat
08-04 13:25:18.739 30424 30424 I Radio-JNI: register_android_hardware_Radio DONE
08-04 13:25:18.761 30424 30424 D AndroidRuntime: Calling main entry com.android.commands.input.Input
08-04 13:25:18.763 30424 30424 I Input   : injectMotionEvent: MotionEvent { action=ACTION_DOWN, actionButton=0, id[0]=0, x[0]=526.0, y[0]=597.0, toolType[0]=TOOL_TYPE_UNKNOWN, buttonState=0, metaState=0, flags=0x0, edgeFlags=0x0, pointerCount=1, historySize=0, eventTime=710735176, downTime=710735176, deviceId=0, source=0x1002 }
08-04 13:25:18.769 30424 30424 I Input   : injectMotionEvent: MotionEvent { action=ACTION_UP, actionButton=0, id[0]=0, x[0]=526.0, y[0]=597.0, toolType[0]=TOOL_TYPE_UNKNOWN, buttonState=0, metaState=0, flags=0x0, edgeFlags=0x0, pointerCount=1, historySize=0, eventTime=710735176, downTime=710735176, deviceId=0, source=0x1002 }
08-04 13:25:18.775 30424 30424 D AndroidRuntime: Shutting down VM
08-04 13:25:18.838 27166 27166 D PodcastListFragment: Selected podcast: GpodnetPodcast [url=http://feeds.feedburner.com/linuxoutlaws, title=Linux Outlaws, description=Two pragmatic geeks talk about the latest news concerning Linux, free and open
08-04 13:25:18.838 27166 27166 D PodcastListFragment: technology or anything else they deem noteworthy which may include such absurd
08-04 13:25:18.838 27166 27166 D PodcastListFragment: things as hockey or bands you never heard of. This means there's many a joke
08-04 13:25:18.838 27166 27166 D PodcastListFragment: and derailed conversation along the way, so don't come here expecting only
08-04 13:25:18.838 27166 27166 D PodcastListFragment: Linux or software freedom talk  just sit back and relax, partner., subscribers=3321, logoUrl=http://sixgun.org/files/linuxoutlaws.jpg, website=http://sixgun.org, mygpoLink=http://gpodder.net/podcast/linux-outlaws-mp3]
08-04 13:25:18.839   918  3714 I ActivityManager: START u0 {cmp=baseline.de.danoeh.antennapod.debug/baseline.de.danoeh.antennapod.activity.OnlineFeedViewActivity (has extras)} from uid 10670 on display 0
08-04 13:25:18.840   512  2967 D audio_hw_primary: out_set_parameters: enter: usecase(1: low-latency-playback) kvpairs: routing=2
08-04 13:25:18.852 27166 27178 I art     : Starting a blocking GC Explicit
08-04 13:25:18.854   512  2967 D audio_hw_primary: select_devices: out_snd_device(2: speaker) in_snd_device(0: none)
08-04 13:25:18.854   512  2967 D msm8974_platform: platform_send_audio_calibration: sending audio calibration for snd_device(2) acdb_id(15)
08-04 13:25:18.854   512  2967 I soundtrigger: audio_extn_sound_trigger_update_device_status: device 0x2 of type 0 for Event 1
08-04 13:25:18.865   512  2967 D audio_hw_primary: enable_snd_device: snd_device(2: speaker)
08-04 13:25:18.868   512  2967 D audio_hw_primary: enable_audio_route: apply and update mixer path: low-latency-playback speaker
08-04 13:25:18.871 27166 27166 D UserPreferences: Using default data folder
08-04 13:25:18.872 27166 27166 D OnlineFeedViewActivity: Activity was started with url http://feeds.feedburner.com/linuxoutlaws
08-04 13:25:18.875 27166 27166 D OnlineFeedViewActivity: Starting feed download
08-04 13:25:18.877 27166 27186 D DBReader: Extracting Feedlist
08-04 13:25:18.881   918  3714 D WifiService: acquireWifiLockLocked: WifiLock{Downloader type=1 binder=android.os.BinderProxy@2aee690}
08-04 13:25:18.882 27166 27186 D AntennapodHttpClient: Creating new instance of HTTP client
08-04 13:25:18.891 27166 27178 I art     : Explicit concurrent mark sweep GC freed 2661(189KB) AllocSpace objects, 2(40KB) LOS objects, 23% free, 50MB/66MB, paused 1.520ms total 39.002ms
08-04 13:25:18.902 27166 27178 I art     : Starting a blocking GC Explicit
08-04 13:25:18.923 13866 13866 I GoogleInputMethodServic: GoogleInputMethodService.onFinishInput():3138 
08-04 13:25:18.924 13866 13866 I GoogleInputMethodServic: GoogleInputMethodService.onStartInput():1808 
08-04 13:25:18.933 27166 27178 I art     : Explicit concurrent mark sweep GC freed 410(21KB) AllocSpace objects, 0(0B) LOS objects, 23% free, 51MB/67MB, paused 1.498ms total 31.671ms
08-04 13:25:18.943 27166 27178 I art     : Starting a blocking GC Explicit
08-04 13:25:18.947   918   936 I ActivityManager: Displayed baseline.de.danoeh.antennapod.debug/baseline.de.danoeh.antennapod.activity.OnlineFeedViewActivity: +97ms
08-04 13:25:18.976 27166 27178 I art     : Explicit concurrent mark sweep GC freed 137(6KB) AllocSpace objects, 0(0B) LOS objects, 23% free, 51MB/67MB, paused 1.405ms total 32.832ms
08-04 13:25:18.983 27166 27186 D MYTAG   : interceptor 3a http://feeds.feedburner.com/linuxoutlaws
08-04 13:25:18.983 27166 27186 I NAPPA_EXPERIMENTATION: MetricNetworkRequestExecutionTime: REQUEST_DURATION_SYSTEM='100',REQUEST_DURATION_OKHTTP='32',REQUEST_SYNCHRONOUS='TRUE',RESPONSE_CODE='200',RESPONSE_METHOD='GET',RESPONSE_LENGTH_OKHTTP='-1',RESPONSE_LENGTH_HEADER='-2',REQUEST_PROTOCOL='http/1.1',REQUEST_URL='http://feeds.feedburner.com/linuxoutlaws',
08-04 13:25:18.984 27166 27186 D HttpDownloader: Response code is 200
08-04 13:25:18.984 27166 27186 D UserPreferences: Using default data folder
08-04 13:25:18.986 27166 27186 D HttpDownloader: Getting size of download
08-04 13:25:18.987 27166 27186 D HttpDownloader: Size is -1
08-04 13:25:18.987 27166 27186 D UserPreferences: Using default data folder
08-04 13:25:18.987 27166 27186 D HttpDownloader: Free space is 20241453056
08-04 13:25:18.987 27166 27186 D HttpDownloader: Starting download
08-04 13:25:18.990 27166 27187 D OpenGLRenderer: endAllStagingAnimators on 0x7f7d038800 (GridView) with handle 0x7f7e2a6420
08-04 13:25:18.991 27166 27178 I art     : Starting a blocking GC Explicit
08-04 13:25:19.008 27166 27186 D HttpDownloader: Download was successful
08-04 13:25:19.009   918  5132 D WifiService: releaseWifiLockLocked: WifiLock{Downloader type=1 binder=android.os.BinderProxy@2aee690}
08-04 13:25:19.009 27166 27166 D OnlineFeedViewActivity: Parsing feed
08-04 13:25:19.012 27166 30449 D TypeGetter: Recognized type RSS 2.0
08-04 13:25:19.014 27166 30449 D SyndHandler: Recognized Content namespace
08-04 13:25:19.014 27166 30449 D SyndHandler: Recognized DublinCore namespace
08-04 13:25:19.014 27166 30449 D SyndHandler: Recognized Atom namespace
08-04 13:25:19.014 27166 30449 D SyndHandler: Recognized ITunes namespace
08-04 13:25:19.014 27166 30449 D SyndHandler: Recognized media namespace
08-04 13:25:19.025 27166 27178 I art     : Explicit concurrent mark sweep GC freed 788(190KB) AllocSpace objects, 3(60KB) LOS objects, 23% free, 51MB/67MB, paused 1.356ms total 33.870ms
08-04 13:25:19.035 27166 27178 I art     : Starting a blocking GC Explicit
08-04 13:25:19.051 27166 30449 D OnlineFeedViewActivity: Deleted feed source file. Result: true
08-04 13:25:19.051 27166 27166 D OnlineFeedViewActivity: Removing HTML from shownotes
08-04 13:25:19.069 27166 28115 D ApOkHttpUrlLoader: buildLoadData() called with: model = [http://sixgun.org/files/linuxoutlaws.jpg], width = [350], height = [350]
08-04 13:25:19.070 27166 27178 I art     : Explicit concurrent mark sweep GC freed 3909(494KB) AllocSpace objects, 11(748KB) LOS objects, 23% free, 51MB/67MB, paused 1.708ms total 35.081ms
08-04 13:25:19.071 27166 27930 D DBReader: getImageAuthentication() called with: imageUrl = [http://sixgun.org/files/linuxoutlaws.jpg]
08-04 13:25:19.073 27166 27930 D ApOkHttpUrlLoader: no credentials for 'http://sixgun.org/files/linuxoutlaws.jpg'
08-04 13:25:19.102 27166 27930 D DBWriter: updateFeedDownloadURL(original: http://sixgun.org/files/linuxoutlaws.jpg, updated: https://fab.industries/sixgun/files/linuxoutlaws.jpg)
08-04 13:25:19.140 30348 30348 W Atfwd_Sendcmd: AtCmdFwd service not published, waiting... retryCnt : 1
08-04 13:25:19.197   380   380 W SurfaceFlinger: couldn't log to binary event log: overflow.
08-04 13:25:19.236 27166 27930 D MYTAG   : interceptor 2a
08-04 13:25:19.236 27166 27930 I NAPPA_EXPERIMENTATION: MetricNetworkRequestExecutionTime: REQUEST_DURATION_SYSTEM='163',REQUEST_DURATION_OKHTTP='130',REQUEST_SYNCHRONOUS='TRUE',RESPONSE_CODE='404',RESPONSE_METHOD='GET',RESPONSE_LENGTH_OKHTTP='-1',RESPONSE_LENGTH_HEADER='1503',REQUEST_PROTOCOL='h2',REQUEST_URL='https://fab.industries/sixgun/files/linuxoutlaws.jpg',
08-04 13:25:19.237 27166 27166 W Glide   : Load failed for http://sixgun.org/files/linuxoutlaws.jpg with size [350x350]
08-04 13:25:19.237 27166 27166 W Glide   : class com.bumptech.glide.load.engine.GlideException: Failed to load resource
08-04 13:25:19.237 27166 27166 W Glide   : There was 1 cause:
08-04 13:25:19.237 27166 27166 W Glide   : com.bumptech.glide.load.HttpException()
08-04 13:25:19.237 27166 27166 W Glide   :  call GlideException#logRootCauses(String) for more detail
08-04 13:25:19.237 27166 27166 W Glide   :   Cause (1 of 1): class com.bumptech.glide.load.engine.GlideException: Fetching data failed, class java.io.InputStream, REMOTE
08-04 13:25:19.237 27166 27166 W Glide   : There was 1 cause:
08-04 13:25:19.237 27166 27166 W Glide   : com.bumptech.glide.load.HttpException()
08-04 13:25:19.237 27166 27166 W Glide   :  call GlideException#logRootCauses(String) for more detail
08-04 13:25:19.237 27166 27166 W Glide   :     Cause (1 of 1): class com.bumptech.glide.load.HttpException: 
08-04 13:25:19.237 27166 27166 I Glide   : Root cause (1 of 1)
08-04 13:25:19.237 27166 27166 I Glide   : com.bumptech.glide.load.HttpException: 
08-04 13:25:19.237 27166 27166 I Glide   : 	at com.bumptech.glide.integration.okhttp3.OkHttpStreamFetcher.onResponse(OkHttpStreamFetcher.java:73)
08-04 13:25:19.237 27166 27166 I Glide   : 	at okhttp3.RealCall$AsyncCall.execute(RealCall.java:174)
08-04 13:25:19.237 27166 27166 I Glide   : 	at okhttp3.internal.NamedRunnable.run(NamedRunnable.java:32)
08-04 13:25:19.237 27166 27166 I Glide   : 	at java.util.concurrent.ThreadPoolExecutor.runWorker(ThreadPoolExecutor.java:1113)
08-04 13:25:19.237 27166 27166 I Glide   : 	at java.util.concurrent.ThreadPoolExecutor$Worker.run(ThreadPoolExecutor.java:588)
08-04 13:25:19.237 27166 27166 I Glide   : 	at java.lang.Thread.run(Thread.java:818)
08-04 13:25:19.320 27166 27166 D PlaybackController: Releasing PlaybackController
08-04 13:25:19.355 27166 27179 I art     : Starting a blocking GC Explicit
08-04 13:25:19.391 27166 27179 I art     : Explicit concurrent mark sweep GC freed 10454(588KB) AllocSpace objects, 1(20KB) LOS objects, 23% free, 51MB/67MB, paused 1.223ms total 36.218ms
08-04 13:25:19.401 27166 27179 I art     : Starting a blocking GC Explicit
08-04 13:25:19.409   512  2967 D audio_hw_primary: disable_audio_route: reset and update mixer path: low-latency-playback speaker
08-04 13:25:19.410   512  2967 D audio_hw_primary: disable_snd_device: snd_device(2: speaker)
08-04 13:25:19.417   512  2967 I soundtrigger: audio_extn_sound_trigger_update_device_status: device 0x2 of type 0 for Event 0
08-04 13:25:19.437 27166 27179 I art     : Explicit concurrent mark sweep GC freed 631(29KB) AllocSpace objects, 1(112KB) LOS objects, 23% free, 51MB/67MB, paused 1.191ms total 35.043ms
08-04 13:25:19.447 27166 27179 I art     : Starting a blocking GC Explicit
08-04 13:25:19.484 27166 27179 I art     : Explicit concurrent mark sweep GC freed 3(96B) AllocSpace objects, 0(0B) LOS objects, 23% free, 51MB/67MB, paused 1.189ms total 36.256ms
08-04 13:25:19.494 27166 27179 I art     : Starting a blocking GC Explicit
08-04 13:25:19.531 27166 27179 I art     : Explicit concurrent mark sweep GC freed 35(960B) AllocSpace objects, 0(0B) LOS objects, 23% free, 51MB/67MB, paused 1.204ms total 36.493ms
08-04 13:25:19.541 27166 27179 I art     : Starting a blocking GC Explicit
08-04 13:25:19.579 27166 27179 I art     : Explicit concurrent mark sweep GC freed 3(96B) AllocSpace objects, 0(0B) LOS objects, 23% free, 51MB/67MB, paused 1.414ms total 37.453ms
08-04 13:25:19.923 27166 27624 I art     : Starting a blocking GC Explicit
08-04 13:25:19.969 27166 27624 I art     : Explicit concurrent mark sweep GC freed 1381(81KB) AllocSpace objects, 1(20KB) LOS objects, 23% free, 51MB/67MB, paused 1.590ms total 46.352ms
08-04 13:25:19.985 27166 27624 I art     : Starting a blocking GC Explicit
08-04 13:25:20.023 27166 27624 I art     : Explicit concurrent mark sweep GC freed 23(768B) AllocSpace objects, 0(0B) LOS objects, 23% free, 51MB/67MB, paused 1.251ms total 37.660ms
08-04 13:25:20.033 27166 27624 I art     : Starting a blocking GC Explicit
08-04 13:25:20.071 27166 27624 I art     : Explicit concurrent mark sweep GC freed 3(96B) AllocSpace objects, 0(0B) LOS objects, 23% free, 51MB/67MB, paused 1.203ms total 37.059ms
08-04 13:25:20.082 27166 27624 I art     : Starting a blocking GC Explicit
08-04 13:25:20.120 27166 27624 I art     : Explicit concurrent mark sweep GC freed 3(96B) AllocSpace objects, 0(0B) LOS objects, 23% free, 51MB/67MB, paused 1.241ms total 37.694ms
08-04 13:25:20.130 27166 27624 I art     : Starting a blocking GC Explicit
08-04 13:25:20.168 27166 27624 I art     : Explicit concurrent mark sweep GC freed 3(96B) AllocSpace objects, 0(0B) LOS objects, 23% free, 51MB/67MB, paused 1.407ms total 37.310ms
08-04 13:25:20.506 27166 27178 I art     : Starting a blocking GC Explicit
08-04 13:25:20.555 27166 27178 I art     : Explicit concurrent mark sweep GC freed 1410(81KB) AllocSpace objects, 1(20KB) LOS objects, 23% free, 51MB/67MB, paused 1.347ms total 48.269ms
08-04 13:25:20.568 27166 27178 I art     : Starting a blocking GC Explicit
08-04 13:25:20.607 27166 27178 I art     : Explicit concurrent mark sweep GC freed 23(752B) AllocSpace objects, 0(0B) LOS objects, 23% free, 51MB/67MB, paused 1.249ms total 38.045ms
08-04 13:25:20.618 27166 27178 I art     : Starting a blocking GC Explicit
08-04 13:25:20.654 27166 27178 I art     : Explicit concurrent mark sweep GC freed 3(96B) AllocSpace objects, 0(0B) LOS objects, 23% free, 51MB/67MB, paused 1.217ms total 36.377ms
08-04 13:25:20.665 27166 27178 I art     : Starting a blocking GC Explicit
08-04 13:25:20.703 27166 27178 I art     : Explicit concurrent mark sweep GC freed 8(256B) AllocSpace objects, 0(0B) LOS objects, 23% free, 51MB/67MB, paused 1.135ms total 37.733ms
08-04 13:25:20.714 27166 27178 I art     : Starting a blocking GC Explicit
08-04 13:25:20.750 27166 27178 I art     : Explicit concurrent mark sweep GC freed 8(256B) AllocSpace objects, 0(0B) LOS objects, 23% free, 51MB/67MB, paused 1.336ms total 35.942ms
08-04 13:25:21.110 27166 29413 I art     : Starting a blocking GC Explicit
08-04 13:25:21.160 27166 29413 I art     : Explicit concurrent mark sweep GC freed 1401(81KB) AllocSpace objects, 1(20KB) LOS objects, 23% free, 51MB/67MB, paused 1.356ms total 50.425ms
08-04 13:25:21.174 27166 29413 I art     : Starting a blocking GC Explicit
08-04 13:25:21.212 27166 29413 I art     : Explicit concurrent mark sweep GC freed 23(752B) AllocSpace objects, 0(0B) LOS objects, 23% free, 51MB/67MB, paused 1.240ms total 37.944ms
08-04 13:25:21.223 27166 29413 I art     : Starting a blocking GC Explicit
08-04 13:25:21.260 27166 29413 I art     : Explicit concurrent mark sweep GC freed 3(96B) AllocSpace objects, 0(0B) LOS objects, 23% free, 51MB/67MB, paused 1.238ms total 36.931ms
08-04 13:25:21.271 27166 29413 I art     : Starting a blocking GC Explicit
08-04 13:25:21.308 27166 29413 I art     : Explicit concurrent mark sweep GC freed 3(96B) AllocSpace objects, 0(0B) LOS objects, 23% free, 51MB/67MB, paused 1.294ms total 37.051ms
08-04 13:25:21.318 27166 29413 I art     : Starting a blocking GC Explicit
08-04 13:25:21.355 27166 29413 I art     : Explicit concurrent mark sweep GC freed 3(96B) AllocSpace objects, 0(0B) LOS objects, 23% free, 51MB/67MB, paused 1.238ms total 36.415ms
08-04 13:25:21.407 32231 32256 I Finsky  : [5699] ktr.run(-1): Stats for Executor: BlockingExecutor kvs@6d4ca7b[Running, pool size = 0, active threads = 0, queued tasks = 0, completed tasks = 127]
08-04 13:25:21.408 32231 32256 I Finsky  : [5699] ktr.run(-1): Stats for Executor: LightweightExecutor kvs@46de098[Running, pool size = 4, active threads = 0, queued tasks = 0, completed tasks = 79]
08-04 13:25:21.565 32231 32256 I Finsky  : [5699] ktr.run(-1): Stats for Executor: bgExecutor kvs@ac720f1[Running, pool size = 4, active threads = 0, queued tasks = 0, completed tasks = 412]
08-04 13:25:21.727 27166 27624 I art     : Starting a blocking GC Explicit
08-04 13:25:21.779 27166 27624 I art     : Explicit concurrent mark sweep GC freed 1410(81KB) AllocSpace objects, 1(20KB) LOS objects, 23% free, 51MB/67MB, paused 1.482ms total 52.032ms
08-04 13:25:21.795 27166 27624 I art     : Starting a blocking GC Explicit
08-04 13:25:21.833 27166 27624 I art     : Explicit concurrent mark sweep GC freed 23(752B) AllocSpace objects, 0(0B) LOS objects, 23% free, 51MB/67MB, paused 1.210ms total 37.233ms
08-04 13:25:21.843 27166 27624 I art     : Starting a blocking GC Explicit
08-04 13:25:21.880 27166 27624 I art     : Explicit concurrent mark sweep GC freed 3(96B) AllocSpace objects, 0(0B) LOS objects, 23% free, 51MB/67MB, paused 1.194ms total 36.209ms
08-04 13:25:21.891 27166 27624 I art     : Starting a blocking GC Explicit
08-04 13:25:21.927 27166 27624 I art     : Explicit concurrent mark sweep GC freed 3(96B) AllocSpace objects, 0(0B) LOS objects, 23% free, 51MB/67MB, paused 1.265ms total 35.867ms
08-04 13:25:21.937 27166 27624 I art     : Starting a blocking GC Explicit
08-04 13:25:21.975 27166 27624 I art     : Explicit concurrent mark sweep GC freed 3(96B) AllocSpace objects, 0(0B) LOS objects, 23% free, 51MB/67MB, paused 1.222ms total 36.984ms
08-04 13:25:22.293 27166 27190 I art     : Starting a blocking GC Explicit
08-04 13:25:22.340 27166 27190 I art     : Explicit concurrent mark sweep GC freed 1383(84KB) AllocSpace objects, 1(20KB) LOS objects, 23% free, 51MB/67MB, paused 1.524ms total 47.088ms
08-04 13:25:22.355 27166 27190 I art     : Starting a blocking GC Explicit
08-04 13:25:22.392 27166 27190 I art     : Explicit concurrent mark sweep GC freed 37(1200B) AllocSpace objects, 0(0B) LOS objects, 23% free, 51MB/67MB, paused 1.201ms total 35.857ms
08-04 13:25:22.402 27166 27190 I art     : Starting a blocking GC Explicit
08-04 13:25:22.439 27166 27190 I art     : Explicit concurrent mark sweep GC freed 3(96B) AllocSpace objects, 0(0B) LOS objects, 23% free, 51MB/67MB, paused 1.225ms total 36.670ms
08-04 13:25:22.449 27166 27190 I art     : Starting a blocking GC Explicit
08-04 13:25:22.487 27166 27190 I art     : Explicit concurrent mark sweep GC freed 3(96B) AllocSpace objects, 0(0B) LOS objects, 23% free, 51MB/67MB, paused 1.173ms total 36.977ms
08-04 13:25:22.497 27166 27190 I art     : Starting a blocking GC Explicit
08-04 13:25:22.535 27166 27190 I art     : Explicit concurrent mark sweep GC freed 32(880B) AllocSpace objects, 0(0B) LOS objects, 23% free, 51MB/67MB, paused 1.207ms total 37.291ms
08-04 13:25:22.889 27166 29413 I art     : Starting a blocking GC Explicit
08-04 13:25:22.937 27166 29413 I art     : Explicit concurrent mark sweep GC freed 1381(81KB) AllocSpace objects, 1(20KB) LOS objects, 23% free, 51MB/67MB, paused 1.330ms total 46.874ms
08-04 13:25:22.951 27166 29413 I art     : Starting a blocking GC Explicit
08-04 13:25:22.989 27166 29413 I art     : Explicit concurrent mark sweep GC freed 23(752B) AllocSpace objects, 0(0B) LOS objects, 23% free, 51MB/67MB, paused 1.285ms total 37.141ms
08-04 13:25:22.999 27166 29413 I art     : Starting a blocking GC Explicit
08-04 13:25:23.036 27166 29413 I art     : Explicit concurrent mark sweep GC freed 3(96B) AllocSpace objects, 0(0B) LOS objects, 23% free, 51MB/67MB, paused 1.121ms total 36.257ms
08-04 13:25:23.046 27166 29413 I art     : Starting a blocking GC Explicit
08-04 13:25:23.080 27166 29413 I art     : Explicit concurrent mark sweep GC freed 3(96B) AllocSpace objects, 0(0B) LOS objects, 23% free, 51MB/67MB, paused 1.118ms total 33.921ms
08-04 13:25:23.091 27166 29413 I art     : Starting a blocking GC Explicit
08-04 13:25:23.125 27166 29413 I art     : Explicit concurrent mark sweep GC freed 3(96B) AllocSpace objects, 0(0B) LOS objects, 23% free, 51MB/67MB, paused 1.193ms total 34.415ms
08-04 13:25:23.445 30522 30522 D AndroidRuntime: >>>>>> START com.android.internal.os.RuntimeInit uid 2000 <<<<<<
08-04 13:25:23.450 30522 30522 D AndroidRuntime: CheckJNI is OFF
08-04 13:25:23.475 27166 27624 I art     : Starting a blocking GC Explicit
08-04 13:25:23.485 30522 30522 D ICU     : No timezone override file found: /data/misc/zoneinfo/current/icu/icu_tzdata.dat
08-04 13:25:23.512 27166 27624 I art     : Explicit concurrent mark sweep GC freed 1413(82KB) AllocSpace objects, 1(20KB) LOS objects, 23% free, 51MB/67MB, paused 1.284ms total 37.118ms
08-04 13:25:23.521 30522 30522 I Radio-JNI: register_android_hardware_Radio DONE
08-04 13:25:23.523 27166 27624 I art     : Starting a blocking GC Explicit
08-04 13:25:23.543 30522 30522 D AndroidRuntime: Calling main entry com.android.commands.input.Input
08-04 13:25:23.544 30522 30522 I Input   : injectKeyEvent: KeyEvent { action=ACTION_DOWN, keyCode=KEYCODE_BACK, scanCode=0, metaState=0, flags=0x0, repeatCount=0, eventTime=710739957, downTime=710739957, deviceId=-1, source=0x101 }
08-04 13:25:23.550 30522 30522 I Input   : injectKeyEvent: KeyEvent { action=ACTION_UP, keyCode=KEYCODE_BACK, scanCode=0, metaState=0, flags=0x0, repeatCount=0, eventTime=710739957, downTime=710739957, deviceId=-1, source=0x101 }
08-04 13:25:23.555 27166 27624 I art     : Explicit concurrent mark sweep GC freed 30(1296B) AllocSpace objects, 0(0B) LOS objects, 23% free, 51MB/67MB, paused 1.181ms total 32.161ms
08-04 13:25:23.556 30522 30522 D AndroidRuntime: Shutting down VM
08-04 13:25:23.561 27166 27166 V PlaybackController: initServiceNotRunning()
08-04 13:25:23.561 27166 27166 D ExternalPlayerFragment: Loading media info
08-04 13:25:23.562 27166 28115 D ApOkHttpUrlLoader: buildLoadData() called with: model = [http://sixgun.org/files/linuxoutlaws.jpg], width = [224], height = [224]
08-04 13:25:23.565 27166 27624 I art     : Starting a blocking GC Explicit
08-04 13:25:23.566 27166 27930 D DBReader: getImageAuthentication() called with: imageUrl = [http://sixgun.org/files/linuxoutlaws.jpg]
08-04 13:25:23.567 27166 27166 D UserPreferences: Using default data folder
08-04 13:25:23.568 27166 27186 D DBReader: getNavDrawerData() called with: 
08-04 13:25:23.569 27166 27930 D ApOkHttpUrlLoader: no credentials for 'http://sixgun.org/files/linuxoutlaws.jpg'
08-04 13:25:23.579 27166 27186 D DBReader: getDownloadedItems() called
08-04 13:25:23.580 27166 27186 D DBReader: getFavoriteIDList() called
08-04 13:25:23.581 27166 27186 D DBReader: getQueueIDList() called
08-04 13:25:23.581 27166 27186 D DBReader: Extracting Feedlist
08-04 13:25:23.597 27166 27624 I art     : Explicit concurrent mark sweep GC freed 889(64KB) AllocSpace objects, 0(0B) LOS objects, 23% free, 51MB/67MB, paused 1.287ms total 32.323ms
08-04 13:25:23.600 13866 13866 I GoogleInputMethodServic: GoogleInputMethodService.onFinishInput():3138 
08-04 13:25:23.601 13866 13866 I GoogleInputMethodServic: GoogleInputMethodService.onStartInput():1808 
08-04 13:25:23.602 27166 27166 D MainActivity: getLastNavFragment() -> AddFeedFragment
08-04 13:25:23.607 27166 27624 I art     : Starting a blocking GC Explicit
08-04 13:25:23.641 27166 27624 I art     : Explicit concurrent mark sweep GC freed 889(41KB) AllocSpace objects, 0(0B) LOS objects, 23% free, 51MB/67MB, paused 1.208ms total 34.182ms
08-04 13:25:23.651 27166 27624 I art     : Starting a blocking GC Explicit
08-04 13:25:23.682 27166 27624 I art     : Explicit concurrent mark sweep GC freed 188(11KB) AllocSpace objects, 0(0B) LOS objects, 23% free, 51MB/67MB, paused 1.194ms total 30.684ms
08-04 13:25:23.689 27166 27930 D DBWriter: updateFeedDownloadURL(original: http://sixgun.org/files/linuxoutlaws.jpg, updated: https://fab.industries/sixgun/files/linuxoutlaws.jpg)
08-04 13:25:23.827 27166 27930 D MYTAG   : interceptor 2a
08-04 13:25:23.828 27166 27930 I NAPPA_EXPERIMENTATION: MetricNetworkRequestExecutionTime: REQUEST_DURATION_SYSTEM='258',REQUEST_DURATION_OKHTTP='135',REQUEST_SYNCHRONOUS='TRUE',RESPONSE_CODE='404',RESPONSE_METHOD='GET',RESPONSE_LENGTH_OKHTTP='-1',RESPONSE_LENGTH_HEADER='1503',REQUEST_PROTOCOL='h2',REQUEST_URL='https://fab.industries/sixgun/files/linuxoutlaws.jpg',
08-04 13:25:23.829 27166 27166 W Glide   : Load failed for http://sixgun.org/files/linuxoutlaws.jpg with size [224x224]
08-04 13:25:23.829 27166 27166 W Glide   : class com.bumptech.glide.load.engine.GlideException: Failed to load resource
08-04 13:25:23.829 27166 27166 W Glide   : There was 1 cause:
08-04 13:25:23.829 27166 27166 W Glide   : com.bumptech.glide.load.HttpException()
08-04 13:25:23.829 27166 27166 W Glide   :  call GlideException#logRootCauses(String) for more detail
08-04 13:25:23.829 27166 27166 W Glide   :   Cause (1 of 1): class com.bumptech.glide.load.engine.GlideException: Fetching data failed, class java.io.InputStream, REMOTE
08-04 13:25:23.829 27166 27166 W Glide   : There was 1 cause:
08-04 13:25:23.829 27166 27166 W Glide   : com.bumptech.glide.load.HttpException()
08-04 13:25:23.829 27166 27166 W Glide   :  call GlideException#logRootCauses(String) for more detail
08-04 13:25:23.829 27166 27166 W Glide   :     Cause (1 of 1): class com.bumptech.glide.load.HttpException: 
08-04 13:25:23.829 27166 27166 I Glide   : Root cause (1 of 1)
08-04 13:25:23.829 27166 27166 I Glide   : com.bumptech.glide.load.HttpException: 
08-04 13:25:23.829 27166 27166 I Glide   : 	at com.bumptech.glide.integration.okhttp3.OkHttpStreamFetcher.onResponse(OkHttpStreamFetcher.java:73)
08-04 13:25:23.829 27166 27166 I Glide   : 	at okhttp3.RealCall$AsyncCall.execute(RealCall.java:174)
08-04 13:25:23.829 27166 27166 I Glide   : 	at okhttp3.internal.NamedRunnable.run(NamedRunnable.java:32)
08-04 13:25:23.829 27166 27166 I Glide   : 	at java.util.concurrent.ThreadPoolExecutor.runWorker(ThreadPoolExecutor.java:1113)
08-04 13:25:23.829 27166 27166 I Glide   : 	at java.util.concurrent.ThreadPoolExecutor$Worker.run(ThreadPoolExecutor.java:588)
08-04 13:25:23.829 27166 27166 I Glide   : 	at java.lang.Thread.run(Thread.java:818)
08-04 13:25:23.830 27166 27166 W Glide   : Load failed for http://sixgun.org/files/linuxoutlaws.jpg with size [224x224]
08-04 13:25:23.830 27166 27166 W Glide   : class com.bumptech.glide.load.engine.GlideException: Failed to load resource
08-04 13:25:23.830 27166 27166 W Glide   : There was 1 cause:
08-04 13:25:23.830 27166 27166 W Glide   : com.bumptech.glide.load.HttpException()
08-04 13:25:23.830 27166 27166 W Glide   :  call GlideException#logRootCauses(String) for more detail
08-04 13:25:23.830 27166 27166 W Glide   :   Cause (1 of 1): class com.bumptech.glide.load.engine.GlideException: Fetching data failed, class java.io.InputStream, REMOTE
08-04 13:25:23.830 27166 27166 W Glide   : There was 1 cause:
08-04 13:25:23.830 27166 27166 W Glide   : com.bumptech.glide.load.HttpException()
08-04 13:25:23.830 27166 27166 W Glide   :  call GlideException#logRootCauses(String) for more detail
08-04 13:25:23.830 27166 27166 W Glide   :     Cause (1 of 1): class com.bumptech.glide.load.HttpException: 
08-04 13:25:23.830 27166 27166 I Glide   : Root cause (1 of 1)
08-04 13:25:23.830 27166 27166 I Glide   : com.bumptech.glide.load.HttpException: 
08-04 13:25:23.830 27166 27166 I Glide   : 	at com.bumptech.glide.integration.okhttp3.OkHttpStreamFetcher.onResponse(OkHttpStreamFetcher.java:73)
08-04 13:25:23.830 27166 27166 I Glide   : 	at okhttp3.RealCall$AsyncCall.execute(RealCall.java:174)
08-04 13:25:23.830 27166 27166 I Glide   : 	at okhttp3.internal.NamedRunnable.run(NamedRunnable.java:32)
08-04 13:25:23.830 27166 27166 I Glide   : 	at java.util.concurrent.ThreadPoolExecutor.runWorker(ThreadPoolExecutor.java:1113)
08-04 13:25:23.830 27166 27166 I Glide   : 	at java.util.concurrent.ThreadPoolExecutor$Worker.run(ThreadPoolExecutor.java:588)
08-04 13:25:23.830 27166 27166 I Glide   : 	at java.lang.Thread.run(Thread.java:818)
08-04 13:25:23.918   380   380 W SurfaceFlinger: couldn't log to binary event log: overflow.
08-04 13:25:23.923 13866 13882 I PeriodicStatsRunner: PeriodicStatsRunner.call():175 call()
08-04 13:25:23.924 13866 13882 I PeriodicStatsRunner: PeriodicStatsRunner.call():179 No submit PeriodicStats since input started.
08-04 13:25:23.984 27166 29413 I art     : Starting a blocking GC Explicit
08-04 13:25:24.021 27166 29413 I art     : Explicit concurrent mark sweep GC freed 2760(195KB) AllocSpace objects, 1(20KB) LOS objects, 23% free, 51MB/67MB, paused 1.205ms total 36.602ms
08-04 13:25:24.031 27166 29413 I art     : Starting a blocking GC Explicit
08-04 13:25:24.067 27166 29413 I art     : Explicit concurrent mark sweep GC freed 2901(237KB) AllocSpace objects, 1(28KB) LOS objects, 23% free, 50MB/66MB, paused 1.216ms total 35.821ms
08-04 13:25:24.078 27166 29413 I art     : Starting a blocking GC Explicit
08-04 13:25:24.113 27166 29413 I art     : Explicit concurrent mark sweep GC freed 3(96B) AllocSpace objects, 0(0B) LOS objects, 23% free, 50MB/66MB, paused 1.295ms total 35.316ms
08-04 13:25:24.123 27166 29413 I art     : Starting a blocking GC Explicit
08-04 13:25:24.141 30348 30348 I ServiceManager: Waiting for service AtCmdFwd...
08-04 13:25:24.159 27166 29413 I art     : Explicit concurrent mark sweep GC freed 3(96B) AllocSpace objects, 0(0B) LOS objects, 23% free, 50MB/66MB, paused 1.258ms total 35.376ms
08-04 13:25:24.169 27166 29413 I art     : Starting a blocking GC Explicit
08-04 13:25:24.206 27166 29413 I art     : Explicit concurrent mark sweep GC freed 3(96B) AllocSpace objects, 0(0B) LOS objects, 23% free, 50MB/66MB, paused 1.221ms total 36.090ms
08-04 13:25:24.548 27166 27178 I art     : Starting a blocking GC Explicit
08-04 13:25:24.598 27166 27178 I art     : Explicit concurrent mark sweep GC freed 1412(82KB) AllocSpace objects, 1(20KB) LOS objects, 23% free, 50MB/66MB, paused 1.353ms total 48.265ms
08-04 13:25:24.610 27166 27178 I art     : Starting a blocking GC Explicit
08-04 13:25:24.647 27166 27178 I art     : Explicit concurrent mark sweep GC freed 23(752B) AllocSpace objects, 0(0B) LOS objects, 23% free, 50MB/66MB, paused 1.210ms total 36.651ms
08-04 13:25:24.658 27166 27178 I art     : Starting a blocking GC Explicit
08-04 13:25:24.693 27166 27178 I art     : Explicit concurrent mark sweep GC freed 3(96B) AllocSpace objects, 0(0B) LOS objects, 23% free, 50MB/66MB, paused 1.201ms total 35.673ms
08-04 13:25:24.704 27166 27178 I art     : Starting a blocking GC Explicit
08-04 13:25:24.739 27166 27178 I art     : Explicit concurrent mark sweep GC freed 3(96B) AllocSpace objects, 0(0B) LOS objects, 23% free, 50MB/66MB, paused 1.234ms total 35.661ms
08-04 13:25:24.750 27166 27178 I art     : Starting a blocking GC Explicit
08-04 13:25:24.786 27166 27178 I art     : Explicit concurrent mark sweep GC freed 3(96B) AllocSpace objects, 0(0B) LOS objects, 23% free, 50MB/66MB, paused 1.298ms total 36.142ms
08-04 13:25:25.116 27166 27179 I art     : Starting a blocking GC Explicit
08-04 13:25:25.141 30348 30348 I ServiceManager: Waiting for service AtCmdFwd...
08-04 13:25:25.159 27166 27179 I art     : Explicit concurrent mark sweep GC freed 1382(81KB) AllocSpace objects, 1(20KB) LOS objects, 23% free, 50MB/66MB, paused 1.589ms total 42.513ms
08-04 13:25:25.171 27166 27179 I art     : Starting a blocking GC Explicit
08-04 13:25:25.208 30565 30565 D AndroidRuntime: >>>>>> START com.android.internal.os.RuntimeInit uid 2000 <<<<<<
08-04 13:25:25.209 27166 27179 I art     : Explicit concurrent mark sweep GC freed 30(976B) AllocSpace objects, 0(0B) LOS objects, 23% free, 50MB/66MB, paused 1.413ms total 37.354ms
08-04 13:25:25.213 30565 30565 D AndroidRuntime: CheckJNI is OFF
08-04 13:25:25.219 27166 27179 I art     : Starting a blocking GC Explicit
08-04 13:25:25.247 30565 30565 D ICU     : No timezone override file found: /data/misc/zoneinfo/current/icu/icu_tzdata.dat
08-04 13:25:25.251 27166 27179 I art     : Explicit concurrent mark sweep GC freed 12(384B) AllocSpace objects, 0(0B) LOS objects, 23% free, 50MB/66MB, paused 1.271ms total 31.698ms
08-04 13:25:25.261 27166 27179 I art     : Starting a blocking GC Explicit
08-04 13:25:25.281 30565 30565 I Radio-JNI: register_android_hardware_Radio DONE
08-04 13:25:25.293 27166 27179 I art     : Explicit concurrent mark sweep GC freed 14(448B) AllocSpace objects, 0(0B) LOS objects, 23% free, 50MB/66MB, paused 1.043ms total 31.771ms
08-04 13:25:25.302 30565 30565 D AndroidRuntime: Calling main entry com.android.commands.input.Input
08-04 13:25:25.303 27166 27179 I art     : Starting a blocking GC Explicit
08-04 13:25:25.305 30565 30565 I Input   : injectMotionEvent: MotionEvent { action=ACTION_DOWN, actionButton=0, id[0]=0, x[0]=526.0, y[0]=597.0, toolType[0]=TOOL_TYPE_UNKNOWN, buttonState=0, metaState=0, flags=0x0, edgeFlags=0x0, pointerCount=1, historySize=0, eventTime=710741717, downTime=710741717, deviceId=0, source=0x1002 }
08-04 13:25:25.310 30565 30565 I Input   : injectMotionEvent: MotionEvent { action=ACTION_UP, actionButton=0, id[0]=0, x[0]=526.0, y[0]=597.0, toolType[0]=TOOL_TYPE_UNKNOWN, buttonState=0, metaState=0, flags=0x0, edgeFlags=0x0, pointerCount=1, historySize=0, eventTime=710741717, downTime=710741717, deviceId=0, source=0x1002 }
08-04 13:25:25.312 30565 30565 D AndroidRuntime: Shutting down VM
08-04 13:25:25.334 27166 27179 I art     : Explicit concurrent mark sweep GC freed 28(1040B) AllocSpace objects, 0(0B) LOS objects, 23% free, 50MB/66MB, paused 1.192ms total 30.885ms
08-04 13:25:25.387 27166 27166 D PodcastListFragment: Selected podcast: GpodnetPodcast [url=http://feeds.feedburner.com/linuxoutlaws, title=Linux Outlaws, description=Two pragmatic geeks talk about the latest news concerning Linux, free and open
08-04 13:25:25.387 27166 27166 D PodcastListFragment: technology or anything else they deem noteworthy which may include such absurd
08-04 13:25:25.387 27166 27166 D PodcastListFragment: things as hockey or bands you never heard of. This means there's many a joke
08-04 13:25:25.387 27166 27166 D PodcastListFragment: and derailed conversation along the way, so don't come here expecting only
08-04 13:25:25.387 27166 27166 D PodcastListFragment: Linux or software freedom talk  just sit back and relax, partner., subscribers=3321, logoUrl=http://sixgun.org/files/linuxoutlaws.jpg, website=http://sixgun.org, mygpoLink=http://gpodder.net/podcast/linux-outlaws-mp3]
08-04 13:25:25.388   918  3359 I ActivityManager: START u0 {cmp=baseline.de.danoeh.antennapod.debug/baseline.de.danoeh.antennapod.activity.OnlineFeedViewActivity (has extras)} from uid 10670 on display 0
08-04 13:25:25.389   512  2967 D audio_hw_primary: out_set_parameters: enter: usecase(1: low-latency-playback) kvpairs: routing=2
08-04 13:25:25.402   512  2967 D audio_hw_primary: select_devices: out_snd_device(2: speaker) in_snd_device(0: none)
08-04 13:25:25.402   512  2967 D msm8974_platform: platform_send_audio_calibration: sending audio calibration for snd_device(2) acdb_id(15)
08-04 13:25:25.403   512  2967 I soundtrigger: audio_extn_sound_trigger_update_device_status: device 0x2 of type 0 for Event 1
08-04 13:25:25.415   512  2967 D audio_hw_primary: enable_snd_device: snd_device(2: speaker)
08-04 13:25:25.417   512  2967 D audio_hw_primary: enable_audio_route: apply and update mixer path: low-latency-playback speaker
08-04 13:25:25.433 27166 27166 D UserPreferences: Using default data folder
08-04 13:25:25.433 27166 27166 D OnlineFeedViewActivity: Activity was started with url http://feeds.feedburner.com/linuxoutlaws
08-04 13:25:25.435 27166 27166 D OnlineFeedViewActivity: Starting feed download
08-04 13:25:25.437 27166 27193 D DBReader: Extracting Feedlist
08-04 13:25:25.439   918  4413 D WifiService: acquireWifiLockLocked: WifiLock{Downloader type=1 binder=android.os.BinderProxy@ca0ee31}
08-04 13:25:25.440 27166 27193 D AntennapodHttpClient: Creating new instance of HTTP client
08-04 13:25:25.535 13866 13866 I GoogleInputMethodServic: GoogleInputMethodService.onFinishInput():3138 
08-04 13:25:25.536 27166 27193 D MYTAG   : interceptor 3a http://feeds.feedburner.com/linuxoutlaws
08-04 13:25:25.536 27166 27193 I NAPPA_EXPERIMENTATION: MetricNetworkRequestExecutionTime: REQUEST_DURATION_SYSTEM='95',REQUEST_DURATION_OKHTTP='31',REQUEST_SYNCHRONOUS='TRUE',RESPONSE_CODE='200',RESPONSE_METHOD='GET',RESPONSE_LENGTH_OKHTTP='-1',RESPONSE_LENGTH_HEADER='-2',REQUEST_PROTOCOL='http/1.1',REQUEST_URL='http://feeds.feedburner.com/linuxoutlaws',
08-04 13:25:25.536 27166 27193 D HttpDownloader: Response code is 200
08-04 13:25:25.536 27166 27193 D UserPreferences: Using default data folder
08-04 13:25:25.537   918   936 I ActivityManager: Displayed baseline.de.danoeh.antennapod.debug/baseline.de.danoeh.antennapod.activity.OnlineFeedViewActivity: +131ms
08-04 13:25:25.538 13866 13866 I GoogleInputMethodServic: GoogleInputMethodService.onStartInput():1808 
08-04 13:25:25.539 27166 27193 D HttpDownloader: Getting size of download
08-04 13:25:25.539 27166 27193 D HttpDownloader: Size is -1
08-04 13:25:25.539 27166 27193 D UserPreferences: Using default data folder
08-04 13:25:25.540 27166 27193 D HttpDownloader: Free space is 20241453056
08-04 13:25:25.540 27166 27193 D HttpDownloader: Starting download
08-04 13:25:25.547 27166 27193 D HttpDownloader: Download was successful
08-04 13:25:25.548   918   929 D WifiService: releaseWifiLockLocked: WifiLock{Downloader type=1 binder=android.os.BinderProxy@ca0ee31}
08-04 13:25:25.579 27166 27187 D OpenGLRenderer: endAllStagingAnimators on 0x7f7d038800 (GridView) with handle 0x7f70e3b0c0
08-04 13:25:25.584 27166 27166 D OnlineFeedViewActivity: Parsing feed
08-04 13:25:25.589 27166 30599 D TypeGetter: Recognized type RSS 2.0
08-04 13:25:25.591 27166 30599 D SyndHandler: Recognized Content namespace
08-04 13:25:25.591 27166 30599 D SyndHandler: Recognized DublinCore namespace
08-04 13:25:25.591 27166 30599 D SyndHandler: Recognized Atom namespace
08-04 13:25:25.591 27166 30599 D SyndHandler: Recognized ITunes namespace
08-04 13:25:25.591 27166 30599 D SyndHandler: Recognized media namespace
08-04 13:25:25.620 27166 30599 D OnlineFeedViewActivity: Deleted feed source file. Result: true
08-04 13:25:25.620 27166 27166 D OnlineFeedViewActivity: Removing HTML from shownotes
08-04 13:25:25.623 27166 27179 I art     : Starting a blocking GC Explicit
08-04 13:25:25.634 27166 28115 D ApOkHttpUrlLoader: buildLoadData() called with: model = [http://sixgun.org/files/linuxoutlaws.jpg], width = [350], height = [350]
08-04 13:25:25.635 27166 27930 D DBReader: getImageAuthentication() called with: imageUrl = [http://sixgun.org/files/linuxoutlaws.jpg]
08-04 13:25:25.638 27166 27930 D ApOkHttpUrlLoader: no credentials for 'http://sixgun.org/files/linuxoutlaws.jpg'
08-04 13:25:25.660 27166 27179 I art     : Explicit concurrent mark sweep GC freed 8315(924KB) AllocSpace objects, 15(828KB) LOS objects, 23% free, 51MB/67MB, paused 1.554ms total 36.754ms
08-04 13:25:25.668 27166 27930 D DBWriter: updateFeedDownloadURL(original: http://sixgun.org/files/linuxoutlaws.jpg, updated: https://fab.industries/sixgun/files/linuxoutlaws.jpg)
08-04 13:25:25.670 27166 27179 I art     : Starting a blocking GC Explicit
08-04 13:25:25.705 27166 27179 I art     : Explicit concurrent mark sweep GC freed 1724(82KB) AllocSpace objects, 0(0B) LOS objects, 23% free, 51MB/67MB, paused 1.384ms total 35.301ms
08-04 13:25:25.716 27166 27179 I art     : Starting a blocking GC Explicit
08-04 13:25:25.749 27166 27179 I art     : Explicit concurrent mark sweep GC freed 23(928B) AllocSpace objects, 0(0B) LOS objects, 23% free, 51MB/67MB, paused 1.144ms total 33.548ms
08-04 13:25:25.761 27166 27179 I art     : Starting a blocking GC Explicit
08-04 13:25:25.788   380   380 W SurfaceFlinger: couldn't log to binary event log: overflow.
08-04 13:25:25.800 27166 27179 I art     : Explicit concurrent mark sweep GC freed 12(480B) AllocSpace objects, 0(0B) LOS objects, 23% free, 51MB/67MB, paused 1.243ms total 38.728ms
08-04 13:25:25.801 27166 27930 D MYTAG   : interceptor 2a
08-04 13:25:25.801 27166 27930 I NAPPA_EXPERIMENTATION: MetricNetworkRequestExecutionTime: REQUEST_DURATION_SYSTEM='163',REQUEST_DURATION_OKHTTP='129',REQUEST_SYNCHRONOUS='TRUE',RESPONSE_CODE='404',RESPONSE_METHOD='GET',RESPONSE_LENGTH_OKHTTP='-1',RESPONSE_LENGTH_HEADER='1503',REQUEST_PROTOCOL='h2',REQUEST_URL='https://fab.industries/sixgun/files/linuxoutlaws.jpg',
08-04 13:25:25.803 27166 27166 W Glide   : Load failed for http://sixgun.org/files/linuxoutlaws.jpg with size [350x350]
08-04 13:25:25.803 27166 27166 W Glide   : class com.bumptech.glide.load.engine.GlideException: Failed to load resource
08-04 13:25:25.803 27166 27166 W Glide   : There was 1 cause:
08-04 13:25:25.803 27166 27166 W Glide   : com.bumptech.glide.load.HttpException()
08-04 13:25:25.803 27166 27166 W Glide   :  call GlideException#logRootCauses(String) for more detail
08-04 13:25:25.803 27166 27166 W Glide   :   Cause (1 of 1): class com.bumptech.glide.load.engine.GlideException: Fetching data failed, class java.io.InputStream, REMOTE
08-04 13:25:25.803 27166 27166 W Glide   : There was 1 cause:
08-04 13:25:25.803 27166 27166 W Glide   : com.bumptech.glide.load.HttpException()
08-04 13:25:25.803 27166 27166 W Glide   :  call GlideException#logRootCauses(String) for more detail
08-04 13:25:25.803 27166 27166 W Glide   :     Cause (1 of 1): class com.bumptech.glide.load.HttpException: 
08-04 13:25:25.804 27166 27166 I Glide   : Root cause (1 of 1)
08-04 13:25:25.804 27166 27166 I Glide   : com.bumptech.glide.load.HttpException: 
08-04 13:25:25.804 27166 27166 I Glide   : 	at com.bumptech.glide.integration.okhttp3.OkHttpStreamFetcher.onResponse(OkHttpStreamFetcher.java:73)
08-04 13:25:25.804 27166 27166 I Glide   : 	at okhttp3.RealCall$AsyncCall.execute(RealCall.java:174)
08-04 13:25:25.804 27166 27166 I Glide   : 	at okhttp3.internal.NamedRunnable.run(NamedRunnable.java:32)
08-04 13:25:25.804 27166 27166 I Glide   : 	at java.util.concurrent.ThreadPoolExecutor.runWorker(ThreadPoolExecutor.java:1113)
08-04 13:25:25.804 27166 27166 I Glide   : 	at java.util.concurrent.ThreadPoolExecutor$Worker.run(ThreadPoolExecutor.java:588)
08-04 13:25:25.804 27166 27166 I Glide   : 	at java.lang.Thread.run(Thread.java:818)
08-04 13:25:25.811 27166 27179 I art     : Starting a blocking GC Explicit
08-04 13:25:25.842 27166 27179 I art     : Explicit concurrent mark sweep GC freed 460(48KB) AllocSpace objects, 0(0B) LOS objects, 23% free, 51MB/67MB, paused 1.065ms total 30.917ms
08-04 13:25:25.915 27166 27166 D PlaybackController: Releasing PlaybackController
08-04 13:25:25.958   512  2967 D audio_hw_primary: disable_audio_route: reset and update mixer path: low-latency-playback speaker
08-04 13:25:25.959   512  2967 D audio_hw_primary: disable_snd_device: snd_device(2: speaker)
08-04 13:25:25.968   512  2967 I soundtrigger: audio_extn_sound_trigger_update_device_status: device 0x2 of type 0 for Event 0
08-04 13:25:26.142 30348 30348 I ServiceManager: Waiting for service AtCmdFwd...
08-04 13:25:26.166 27166 27624 I art     : Starting a blocking GC Explicit
08-04 13:25:26.213 27166 27624 I art     : Explicit concurrent mark sweep GC freed 1695(96KB) AllocSpace objects, 2(132KB) LOS objects, 23% free, 51MB/67MB, paused 1.349ms total 46.941ms
08-04 13:25:26.228 27166 27624 I art     : Starting a blocking GC Explicit
08-04 13:25:26.268 27166 27624 I art     : Explicit concurrent mark sweep GC freed 39(1296B) AllocSpace objects, 0(0B) LOS objects, 23% free, 51MB/67MB, paused 1.354ms total 39.210ms
08-04 13:25:26.278 27166 27624 I art     : Starting a blocking GC Explicit
08-04 13:25:26.315 27166 27624 I art     : Explicit concurrent mark sweep GC freed 3(96B) AllocSpace objects, 0(0B) LOS objects, 23% free, 51MB/67MB, paused 1.203ms total 36.603ms
08-04 13:25:26.326 27166 27624 I art     : Starting a blocking GC Explicit
08-04 13:25:26.363 27166 27624 I art     : Explicit concurrent mark sweep GC freed 3(96B) AllocSpace objects, 0(0B) LOS objects, 23% free, 51MB/67MB, paused 1.235ms total 37.243ms
08-04 13:25:26.374 27166 27624 I art     : Starting a blocking GC Explicit
08-04 13:25:26.411 27166 27624 I art     : Explicit concurrent mark sweep GC freed 3(96B) AllocSpace objects, 0(0B) LOS objects, 23% free, 51MB/67MB, paused 1.124ms total 36.425ms
08-04 13:25:26.744 27166 29413 I art     : Starting a blocking GC Explicit
08-04 13:25:26.799 27166 29413 I art     : Explicit concurrent mark sweep GC freed 1410(81KB) AllocSpace objects, 1(20KB) LOS objects, 23% free, 51MB/67MB, paused 1.565ms total 54.131ms
08-04 13:25:26.815 27166 29413 I art     : Starting a blocking GC Explicit
08-04 13:25:26.852 27166 29413 I art     : Explicit concurrent mark sweep GC freed 23(752B) AllocSpace objects, 0(0B) LOS objects, 23% free, 51MB/67MB, paused 1.244ms total 37.221ms
08-04 13:25:26.863 27166 29413 I art     : Starting a blocking GC Explicit
08-04 13:25:26.900 27166 29413 I art     : Explicit concurrent mark sweep GC freed 3(96B) AllocSpace objects, 0(0B) LOS objects, 23% free, 51MB/67MB, paused 1.248ms total 36.778ms
08-04 13:25:26.910 27166 29413 I art     : Starting a blocking GC Explicit
08-04 13:25:26.947 27166 29413 I art     : Explicit concurrent mark sweep GC freed 3(96B) AllocSpace objects, 0(0B) LOS objects, 23% free, 51MB/67MB, paused 1.325ms total 36.391ms
08-04 13:25:26.958 27166 29413 I art     : Starting a blocking GC Explicit
08-04 13:25:26.995 27166 29413 I art     : Explicit concurrent mark sweep GC freed 3(96B) AllocSpace objects, 0(0B) LOS objects, 23% free, 51MB/67MB, paused 1.258ms total 37.218ms
08-04 13:25:27.143 30348 30348 I ServiceManager: Waiting for service AtCmdFwd...
08-04 13:25:27.348 27166 27190 I art     : Starting a blocking GC Explicit
08-04 13:25:27.422 27166 27190 I art     : Explicit concurrent mark sweep GC freed 1402(81KB) AllocSpace objects, 1(20KB) LOS objects, 23% free, 51MB/67MB, paused 1.258ms total 73.536ms
08-04 13:25:27.435 27166 27190 I art     : Starting a blocking GC Explicit
08-04 13:25:27.474 27166 27190 I art     : Explicit concurrent mark sweep GC freed 31(1008B) AllocSpace objects, 0(0B) LOS objects, 23% free, 51MB/67MB, paused 1.311ms total 39.173ms
08-04 13:25:27.486 27166 27190 I art     : Starting a blocking GC Explicit
08-04 13:25:27.523 27166 27190 I art     : Explicit concurrent mark sweep GC freed 33(912B) AllocSpace objects, 0(0B) LOS objects, 23% free, 51MB/67MB, paused 1.100ms total 36.482ms
08-04 13:25:27.533 27166 27190 I art     : Starting a blocking GC Explicit
08-04 13:25:27.568 27166 27190 I art     : Explicit concurrent mark sweep GC freed 3(96B) AllocSpace objects, 0(0B) LOS objects, 23% free, 51MB/67MB, paused 1.302ms total 34.852ms
08-04 13:25:27.578 27166 27190 I art     : Starting a blocking GC Explicit
08-04 13:25:27.614 27166 27190 I art     : Explicit concurrent mark sweep GC freed 3(96B) AllocSpace objects, 0(0B) LOS objects, 23% free, 51MB/67MB, paused 1.282ms total 35.611ms
08-04 13:25:27.991 27166 27178 I art     : Starting a blocking GC Explicit
08-04 13:25:28.038 27166 27178 I art     : Explicit concurrent mark sweep GC freed 1381(81KB) AllocSpace objects, 1(20KB) LOS objects, 23% free, 51MB/67MB, paused 1.339ms total 46.465ms
08-04 13:25:28.051 27166 27178 I art     : Starting a blocking GC Explicit
08-04 13:25:28.087 27166 27178 I art     : Explicit concurrent mark sweep GC freed 23(752B) AllocSpace objects, 0(0B) LOS objects, 23% free, 51MB/67MB, paused 1.283ms total 36.463ms
08-04 13:25:28.098 27166 27178 I art     : Starting a blocking GC Explicit
08-04 13:25:28.134 27166 27178 I art     : Explicit concurrent mark sweep GC freed 3(96B) AllocSpace objects, 0(0B) LOS objects, 23% free, 51MB/67MB, paused 1.223ms total 36.283ms
08-04 13:25:28.144 30348 30348 I ServiceManager: Waiting for service AtCmdFwd...
08-04 13:25:28.145 27166 27178 I art     : Starting a blocking GC Explicit
08-04 13:25:28.183 27166 27178 I art     : Explicit concurrent mark sweep GC freed 3(96B) AllocSpace objects, 0(0B) LOS objects, 23% free, 51MB/67MB, paused 1.233ms total 37.214ms
08-04 13:25:28.194 27166 27178 I art     : Starting a blocking GC Explicit
08-04 13:25:28.232 27166 27178 I art     : Explicit concurrent mark sweep GC freed 3(96B) AllocSpace objects, 0(0B) LOS objects, 23% free, 51MB/67MB, paused 1.145ms total 37.452ms
08-04 13:25:28.597 27166 27624 I art     : Starting a blocking GC Explicit
08-04 13:25:28.601 13866 13882 I PeriodicStatsRunner: PeriodicStatsRunner.call():175 call()
08-04 13:25:28.602 13866 13882 I PeriodicStatsRunner: PeriodicStatsRunner.call():179 No submit PeriodicStats since input started.
08-04 13:25:28.644 27166 27624 I art     : Explicit concurrent mark sweep GC freed 1410(81KB) AllocSpace objects, 1(20KB) LOS objects, 23% free, 51MB/67MB, paused 1.330ms total 46.492ms
08-04 13:25:28.658 27166 27624 I art     : Starting a blocking GC Explicit
08-04 13:25:28.696 27166 27624 I art     : Explicit concurrent mark sweep GC freed 23(752B) AllocSpace objects, 0(0B) LOS objects, 23% free, 51MB/67MB, paused 1.263ms total 37.750ms
08-04 13:25:28.707 27166 27624 I art     : Starting a blocking GC Explicit
08-04 13:25:28.745 27166 27624 I art     : Explicit concurrent mark sweep GC freed 3(96B) AllocSpace objects, 0(0B) LOS objects, 23% free, 51MB/67MB, paused 1.259ms total 37.535ms
08-04 13:25:28.755 27166 27624 I art     : Starting a blocking GC Explicit
08-04 13:25:28.792 27166 27624 I art     : Explicit concurrent mark sweep GC freed 3(96B) AllocSpace objects, 0(0B) LOS objects, 23% free, 51MB/67MB, paused 1.304ms total 36.672ms
08-04 13:25:28.803 27166 27624 I art     : Starting a blocking GC Explicit
08-04 13:25:28.840 27166 27624 I art     : Explicit concurrent mark sweep GC freed 3(96B) AllocSpace objects, 0(0B) LOS objects, 23% free, 51MB/67MB, paused 1.168ms total 36.990ms
08-04 13:25:29.144 30348 30348 W Atfwd_Sendcmd: AtCmdFwd service not published, waiting... retryCnt : 2
08-04 13:25:29.208 27166 29413 I art     : Starting a blocking GC Explicit
08-04 13:25:29.254 27166 29413 I art     : Explicit concurrent mark sweep GC freed 1383(84KB) AllocSpace objects, 1(20KB) LOS objects, 23% free, 51MB/67MB, paused 1.345ms total 46.346ms
08-04 13:25:29.268 27166 29413 I art     : Starting a blocking GC Explicit
08-04 13:25:29.306 27166 29413 I art     : Explicit concurrent mark sweep GC freed 23(752B) AllocSpace objects, 0(0B) LOS objects, 23% free, 51MB/67MB, paused 1.274ms total 37.922ms
08-04 13:25:29.317 27166 29413 I art     : Starting a blocking GC Explicit
08-04 13:25:29.354 27166 29413 I art     : Explicit concurrent mark sweep GC freed 3(96B) AllocSpace objects, 0(0B) LOS objects, 23% free, 51MB/67MB, paused 1.240ms total 37.105ms
08-04 13:25:29.365 27166 29413 I art     : Starting a blocking GC Explicit
08-04 13:25:29.402 27166 29413 I art     : Explicit concurrent mark sweep GC freed 3(96B) AllocSpace objects, 0(0B) LOS objects, 23% free, 51MB/67MB, paused 1.261ms total 37.312ms
08-04 13:25:29.413 27166 29413 I art     : Starting a blocking GC Explicit
08-04 13:25:29.450 27166 29413 I art     : Explicit concurrent mark sweep GC freed 3(96B) AllocSpace objects, 0(0B) LOS objects, 23% free, 51MB/67MB, paused 1.163ms total 36.796ms
08-04 13:25:29.766 27166 27179 I art     : Starting a blocking GC Explicit
08-04 13:25:29.803 27166 27179 I art     : Explicit concurrent mark sweep GC freed 1413(82KB) AllocSpace objects, 1(20KB) LOS objects, 23% free, 51MB/67MB, paused 1.262ms total 36.759ms
08-04 13:25:29.814 27166 27179 I art     : Starting a blocking GC Explicit
08-04 13:25:29.850 27166 27179 I art     : Explicit concurrent mark sweep GC freed 23(752B) AllocSpace objects, 0(0B) LOS objects, 23% free, 51MB/67MB, paused 1.267ms total 35.601ms
08-04 13:25:29.860 27166 27179 I art     : Starting a blocking GC Explicit
08-04 13:25:29.896 27166 27179 I art     : Explicit concurrent mark sweep GC freed 3(96B) AllocSpace objects, 0(0B) LOS objects, 23% free, 51MB/67MB, paused 1.227ms total 35.422ms
08-04 13:25:29.906 27166 27179 I art     : Starting a blocking GC Explicit
08-04 13:25:29.942 27166 27179 I art     : Explicit concurrent mark sweep GC freed 3(96B) AllocSpace objects, 0(0B) LOS objects, 23% free, 51MB/67MB, paused 1.324ms total 35.606ms
08-04 13:25:29.952 27166 27179 I art     : Starting a blocking GC Explicit
08-04 13:25:29.988 27166 27179 I art     : Explicit concurrent mark sweep GC freed 3(96B) AllocSpace objects, 0(0B) LOS objects, 23% free, 51MB/67MB, paused 1.406ms total 35.553ms
08-04 13:25:29.993 30660 30660 D AndroidRuntime: >>>>>> START com.android.internal.os.RuntimeInit uid 2000 <<<<<<
08-04 13:25:29.998 30660 30660 D AndroidRuntime: CheckJNI is OFF
08-04 13:25:30.031 30660 30660 D ICU     : No timezone override file found: /data/misc/zoneinfo/current/icu/icu_tzdata.dat
08-04 13:25:30.064 30660 30660 I Radio-JNI: register_android_hardware_Radio DONE
08-04 13:25:30.086 30660 30660 D AndroidRuntime: Calling main entry com.android.commands.input.Input
08-04 13:25:30.088 30660 30660 I Input   : injectKeyEvent: KeyEvent { action=ACTION_DOWN, keyCode=KEYCODE_BACK, scanCode=0, metaState=0, flags=0x0, repeatCount=0, eventTime=710746501, downTime=710746501, deviceId=-1, source=0x101 }
08-04 13:25:30.094 30660 30660 I Input   : injectKeyEvent: KeyEvent { action=ACTION_UP, keyCode=KEYCODE_BACK, scanCode=0, metaState=0, flags=0x0, repeatCount=0, eventTime=710746501, downTime=710746501, deviceId=-1, source=0x101 }
08-04 13:25:30.100 30660 30660 D AndroidRuntime: Shutting down VM
08-04 13:25:30.105 27166 27166 V PlaybackController: initServiceNotRunning()
08-04 13:25:30.105 27166 27166 D ExternalPlayerFragment: Loading media info
08-04 13:25:30.106 27166 28115 D ApOkHttpUrlLoader: buildLoadData() called with: model = [http://sixgun.org/files/linuxoutlaws.jpg], width = [224], height = [224]
08-04 13:25:30.107 27166 27930 D DBReader: getImageAuthentication() called with: imageUrl = [http://sixgun.org/files/linuxoutlaws.jpg]
08-04 13:25:30.110 27166 27930 D ApOkHttpUrlLoader: no credentials for 'http://sixgun.org/files/linuxoutlaws.jpg'
08-04 13:25:30.111 27166 27166 D UserPreferences: Using default data folder
08-04 13:25:30.112 27166 27193 D DBReader: getNavDrawerData() called with: 
08-04 13:25:30.123 27166 27193 D DBReader: getDownloadedItems() called
08-04 13:25:30.125 27166 27193 D DBReader: getFavoriteIDList() called
08-04 13:25:30.130 27166 27193 D DBReader: getQueueIDList() called
08-04 13:25:30.131 27166 27193 D DBReader: Extracting Feedlist
08-04 13:25:30.143 13866 13866 I GoogleInputMethodServic: GoogleInputMethodService.onFinishInput():3138 
08-04 13:25:30.143 13866 13866 I GoogleInputMethodServic: GoogleInputMethodService.onStartInput():1808 
08-04 13:25:30.161 27166 27166 D MainActivity: getLastNavFragment() -> AddFeedFragment
08-04 13:25:30.241 27166 27930 D DBWriter: updateFeedDownloadURL(original: http://sixgun.org/files/linuxoutlaws.jpg, updated: https://fab.industries/sixgun/files/linuxoutlaws.jpg)
08-04 13:25:30.270 27166 27624 I art     : Starting a blocking GC Explicit
08-04 13:25:30.318 27166 27624 I art     : Explicit concurrent mark sweep GC freed 3101(185KB) AllocSpace objects, 1(20KB) LOS objects, 23% free, 51MB/67MB, paused 1.966ms total 47.347ms
08-04 13:25:30.330 27166 27624 I art     : Starting a blocking GC Explicit
08-04 13:25:30.375 27166 27624 I art     : Explicit concurrent mark sweep GC freed 490(26KB) AllocSpace objects, 0(0B) LOS objects, 23% free, 51MB/67MB, paused 1.369ms total 44.807ms
08-04 13:25:30.376 27166 27930 D MYTAG   : interceptor 2a
08-04 13:25:30.376 27166 27930 I NAPPA_EXPERIMENTATION: MetricNetworkRequestExecutionTime: REQUEST_DURATION_SYSTEM='266',REQUEST_DURATION_OKHTTP='132',REQUEST_SYNCHRONOUS='TRUE',RESPONSE_CODE='404',RESPONSE_METHOD='GET',RESPONSE_LENGTH_OKHTTP='-1',RESPONSE_LENGTH_HEADER='1503',REQUEST_PROTOCOL='h2',REQUEST_URL='https://fab.industries/sixgun/files/linuxoutlaws.jpg',
08-04 13:25:30.378 27166 27166 W Glide   : Load failed for http://sixgun.org/files/linuxoutlaws.jpg with size [224x224]
08-04 13:25:30.378 27166 27166 W Glide   : class com.bumptech.glide.load.engine.GlideException: Failed to load resource
08-04 13:25:30.378 27166 27166 W Glide   : There was 1 cause:
08-04 13:25:30.378 27166 27166 W Glide   : com.bumptech.glide.load.HttpException()
08-04 13:25:30.378 27166 27166 W Glide   :  call GlideException#logRootCauses(String) for more detail
08-04 13:25:30.378 27166 27166 W Glide   :   Cause (1 of 1): class com.bumptech.glide.load.engine.GlideException: Fetching data failed, class java.io.InputStream, REMOTE
08-04 13:25:30.378 27166 27166 W Glide   : There was 1 cause:
08-04 13:25:30.378 27166 27166 W Glide   : com.bumptech.glide.load.HttpException()
08-04 13:25:30.378 27166 27166 W Glide   :  call GlideException#logRootCauses(String) for more detail
08-04 13:25:30.378 27166 27166 W Glide   :     Cause (1 of 1): class com.bumptech.glide.load.HttpException: 
08-04 13:25:30.379 27166 27166 I Glide   : Root cause (1 of 1)
08-04 13:25:30.379 27166 27166 I Glide   : com.bumptech.glide.load.HttpException: 
08-04 13:25:30.379 27166 27166 I Glide   : 	at com.bumptech.glide.integration.okhttp3.OkHttpStreamFetcher.onResponse(OkHttpStreamFetcher.java:73)
08-04 13:25:30.379 27166 27166 I Glide   : 	at okhttp3.RealCall$AsyncCall.execute(RealCall.java:174)
08-04 13:25:30.379 27166 27166 I Glide   : 	at okhttp3.internal.NamedRunnable.run(NamedRunnable.java:32)
08-04 13:25:30.379 27166 27166 I Glide   : 	at java.util.concurrent.ThreadPoolExecutor.runWorker(ThreadPoolExecutor.java:1113)
08-04 13:25:30.379 27166 27166 I Glide   : 	at java.util.concurrent.ThreadPoolExecutor$Worker.run(ThreadPoolExecutor.java:588)
08-04 13:25:30.379 27166 27166 I Glide   : 	at java.lang.Thread.run(Thread.java:818)
08-04 13:25:30.380 27166 27166 W Glide   : Load failed for http://sixgun.org/files/linuxoutlaws.jpg with size [224x224]
08-04 13:25:30.380 27166 27166 W Glide   : class com.bumptech.glide.load.engine.GlideException: Failed to load resource
08-04 13:25:30.380 27166 27166 W Glide   : There was 1 cause:
08-04 13:25:30.380 27166 27166 W Glide   : com.bumptech.glide.load.HttpException()
08-04 13:25:30.380 27166 27166 W Glide   :  call GlideException#logRootCauses(String) for more detail
08-04 13:25:30.380 27166 27166 W Glide   :   Cause (1 of 1): class com.bumptech.glide.load.engine.GlideException: Fetching data failed, class java.io.InputStream, REMOTE
08-04 13:25:30.380 27166 27166 W Glide   : There was 1 cause:
08-04 13:25:30.380 27166 27166 W Glide   : com.bumptech.glide.load.HttpException()
08-04 13:25:30.380 27166 27166 W Glide   :  call GlideException#logRootCauses(String) for more detail
08-04 13:25:30.380 27166 27166 W Glide   :     Cause (1 of 1): class com.bumptech.glide.load.HttpException: 
08-04 13:25:30.380 27166 27166 I Glide   : Root cause (1 of 1)
08-04 13:25:30.380 27166 27166 I Glide   : com.bumptech.glide.load.HttpException: 
08-04 13:25:30.380 27166 27166 I Glide   : 	at com.bumptech.glide.integration.okhttp3.OkHttpStreamFetcher.onResponse(OkHttpStreamFetcher.java:73)
08-04 13:25:30.380 27166 27166 I Glide   : 	at okhttp3.RealCall$AsyncCall.execute(RealCall.java:174)
08-04 13:25:30.380 27166 27166 I Glide   : 	at okhttp3.internal.NamedRunnable.run(NamedRunnable.java:32)
08-04 13:25:30.380 27166 27166 I Glide   : 	at java.util.concurrent.ThreadPoolExecutor.runWorker(ThreadPoolExecutor.java:1113)
08-04 13:25:30.380 27166 27166 I Glide   : 	at java.util.concurrent.ThreadPoolExecutor$Worker.run(ThreadPoolExecutor.java:588)
08-04 13:25:30.380 27166 27166 I Glide   : 	at java.lang.Thread.run(Thread.java:818)
08-04 13:25:30.391 27166 27624 I art     : Starting a blocking GC Explicit
08-04 13:25:30.431 27166 27624 I art     : Explicit concurrent mark sweep GC freed 575(75KB) AllocSpace objects, 0(0B) LOS objects, 23% free, 51MB/67MB, paused 1.095ms total 40.609ms
08-04 13:25:30.442 27166 27624 I art     : Starting a blocking GC Explicit
08-04 13:25:30.442   380   380 W SurfaceFlinger: couldn't log to binary event log: overflow.
08-04 13:25:30.479 27166 27624 I art     : Explicit concurrent mark sweep GC freed 613(25KB) AllocSpace objects, 0(0B) LOS objects, 23% free, 51MB/67MB, paused 1.390ms total 37.304ms
08-04 13:25:30.489 27166 27624 I art     : Starting a blocking GC Explicit
08-04 13:25:30.521 27166 27624 I art     : Explicit concurrent mark sweep GC freed 2887(236KB) AllocSpace objects, 1(28KB) LOS objects, 23% free, 50MB/66MB, paused 1.209ms total 31.707ms
08-04 13:25:30.536 13866 13882 I PeriodicStatsRunner: PeriodicStatsRunner.call():175 call()
08-04 13:25:30.536 13866 13882 I PeriodicStatsRunner: PeriodicStatsRunner.call():179 No submit PeriodicStats since input started.
08-04 13:25:30.866 27166 27179 I art     : Starting a blocking GC Explicit
08-04 13:25:30.913 27166 27179 I art     : Explicit concurrent mark sweep GC freed 1382(83KB) AllocSpace objects, 1(20KB) LOS objects, 23% free, 50MB/66MB, paused 1.358ms total 46.153ms
08-04 13:25:30.929 27166 27179 I art     : Starting a blocking GC Explicit
08-04 13:25:30.967 27166 27179 I art     : Explicit concurrent mark sweep GC freed 23(752B) AllocSpace objects, 0(0B) LOS objects, 23% free, 50MB/66MB, paused 1.373ms total 38.033ms
08-04 13:25:30.978 27166 27179 I art     : Starting a blocking GC Explicit
08-04 13:25:31.014 27166 27179 I art     : Explicit concurrent mark sweep GC freed 3(96B) AllocSpace objects, 0(0B) LOS objects, 23% free, 50MB/66MB, paused 1.232ms total 35.877ms
08-04 13:25:31.024 27166 27179 I art     : Starting a blocking GC Explicit
08-04 13:25:31.061 27166 27179 I art     : Explicit concurrent mark sweep GC freed 3(96B) AllocSpace objects, 0(0B) LOS objects, 23% free, 50MB/66MB, paused 1.241ms total 36.339ms
08-04 13:25:31.072 27166 27179 I art     : Starting a blocking GC Explicit
08-04 13:25:31.107 27166 27179 I art     : Explicit concurrent mark sweep GC freed 3(96B) AllocSpace objects, 0(0B) LOS objects, 23% free, 50MB/66MB, paused 1.259ms total 35.536ms
08-04 13:25:31.441 27166 27190 I art     : Starting a blocking GC Explicit
08-04 13:25:31.477 27166 27190 I art     : Explicit concurrent mark sweep GC freed 1383(81KB) AllocSpace objects, 1(20KB) LOS objects, 23% free, 50MB/66MB, paused 1.280ms total 36.071ms
08-04 13:25:31.488 27166 27190 I art     : Starting a blocking GC Explicit
08-04 13:25:31.523 27166 27190 I art     : Explicit concurrent mark sweep GC freed 52(1536B) AllocSpace objects, 0(0B) LOS objects, 23% free, 50MB/66MB, paused 1.378ms total 35.076ms
08-04 13:25:31.533 27166 27190 I art     : Starting a blocking GC Explicit
08-04 13:25:31.566 27166 27190 I art     : Explicit concurrent mark sweep GC freed 3(96B) AllocSpace objects, 0(0B) LOS objects, 23% free, 50MB/66MB, paused 1.203ms total 33.380ms
08-04 13:25:31.576 27166 27190 I art     : Starting a blocking GC Explicit
08-04 13:25:31.610 27166 27190 I art     : Explicit concurrent mark sweep GC freed 3(96B) AllocSpace objects, 0(0B) LOS objects, 23% free, 50MB/66MB, paused 1.300ms total 33.905ms
08-04 13:25:31.620 27166 27190 I art     : Starting a blocking GC Explicit
08-04 13:25:31.655 27166 27190 I art     : Explicit concurrent mark sweep GC freed 3(96B) AllocSpace objects, 0(0B) LOS objects, 23% free, 50MB/66MB, paused 1.287ms total 34.327ms
08-04 13:25:31.773 30713 30713 D AndroidRuntime: >>>>>> START com.android.internal.os.RuntimeInit uid 2000 <<<<<<
08-04 13:25:31.778 30713 30713 D AndroidRuntime: CheckJNI is OFF
08-04 13:25:31.812 30713 30713 D ICU     : No timezone override file found: /data/misc/zoneinfo/current/icu/icu_tzdata.dat
08-04 13:25:31.843 30713 30713 I Radio-JNI: register_android_hardware_Radio DONE
08-04 13:25:31.865 30713 30713 D AndroidRuntime: Calling main entry com.android.commands.input.Input
08-04 13:25:31.867 30713 30713 I Input   : injectKeyEvent: KeyEvent { action=ACTION_DOWN, keyCode=KEYCODE_BACK, scanCode=0, metaState=0, flags=0x0, repeatCount=0, eventTime=710748280, downTime=710748280, deviceId=-1, source=0x101 }
08-04 13:25:31.871 30713 30713 I Input   : injectKeyEvent: KeyEvent { action=ACTION_UP, keyCode=KEYCODE_BACK, scanCode=0, metaState=0, flags=0x0, repeatCount=0, eventTime=710748280, downTime=710748280, deviceId=-1, source=0x101 }
08-04 13:25:31.887 30713 30713 D AndroidRuntime: Shutting down VM
08-04 13:25:31.964 27166 27179 I art     : Starting a blocking GC Explicit
08-04 13:25:32.002 27166 27179 I art     : Explicit concurrent mark sweep GC freed 3605(172KB) AllocSpace objects, 1(20KB) LOS objects, 23% free, 50MB/66MB, paused 1.268ms total 37.798ms
08-04 13:25:32.013 27166 27179 I art     : Starting a blocking GC Explicit
08-04 13:25:32.049 27166 27179 I art     : Explicit concurrent mark sweep GC freed 5361(395KB) AllocSpace objects, 9(1620KB) LOS objects, 24% free, 48MB/64MB, paused 1.318ms total 36.245ms
08-04 13:25:32.060 27166 27179 I art     : Starting a blocking GC Explicit
08-04 13:25:32.094 27166 27179 I art     : Explicit concurrent mark sweep GC freed 3(96B) AllocSpace objects, 0(0B) LOS objects, 24% free, 48MB/64MB, paused 1.180ms total 34.221ms
08-04 13:25:32.104 27166 27179 I art     : Starting a blocking GC Explicit
08-04 13:25:32.137 27166 27179 I art     : Explicit concurrent mark sweep GC freed 3(96B) AllocSpace objects, 0(0B) LOS objects, 24% free, 48MB/64MB, paused 1.214ms total 32.881ms
08-04 13:25:32.147 27166 27179 I art     : Starting a blocking GC Explicit
08-04 13:25:32.181 27166 27179 I art     : Explicit concurrent mark sweep GC freed 3(96B) AllocSpace objects, 0(0B) LOS objects, 24% free, 48MB/64MB, paused 1.256ms total 33.527ms
08-04 13:25:32.509 27166 27190 I art     : Starting a blocking GC Explicit
08-04 13:25:32.556 27166 27190 I art     : Explicit concurrent mark sweep GC freed 1411(82KB) AllocSpace objects, 1(20KB) LOS objects, 24% free, 48MB/64MB, paused 1.295ms total 46.667ms
08-04 13:25:32.569 27166 27190 I art     : Starting a blocking GC Explicit
08-04 13:25:32.604 27166 27190 I art     : Explicit concurrent mark sweep GC freed 23(752B) AllocSpace objects, 0(0B) LOS objects, 24% free, 48MB/64MB, paused 1.205ms total 34.500ms
08-04 13:25:32.614 27166 27190 I art     : Starting a blocking GC Explicit
08-04 13:25:32.649 27166 27190 I art     : Explicit concurrent mark sweep GC freed 3(96B) AllocSpace objects, 0(0B) LOS objects, 24% free, 48MB/64MB, paused 1.226ms total 34.449ms
08-04 13:25:32.659 27166 27190 I art     : Starting a blocking GC Explicit
08-04 13:25:32.693 27166 27190 I art     : Explicit concurrent mark sweep GC freed 3(96B) AllocSpace objects, 0(0B) LOS objects, 24% free, 48MB/64MB, paused 1.186ms total 33.570ms
08-04 13:25:32.704 27166 27190 I art     : Starting a blocking GC Explicit
08-04 13:25:32.738 27166 27190 I art     : Explicit concurrent mark sweep GC freed 3(96B) AllocSpace objects, 0(0B) LOS objects, 24% free, 48MB/64MB, paused 1.255ms total 34.650ms
08-04 13:25:33.075 27166 27178 I art     : Starting a blocking GC Explicit
08-04 13:25:33.114 27166 27178 I art     : Explicit concurrent mark sweep GC freed 1381(82KB) AllocSpace objects, 1(20KB) LOS objects, 24% free, 48MB/64MB, paused 1.133ms total 38.124ms
08-04 13:25:33.125 27166 27178 I art     : Starting a blocking GC Explicit
08-04 13:25:33.156 27166 27178 I art     : Explicit concurrent mark sweep GC freed 23(752B) AllocSpace objects, 0(0B) LOS objects, 24% free, 48MB/64MB, paused 1.200ms total 31.659ms
08-04 13:25:33.167 27166 27178 I art     : Starting a blocking GC Explicit
08-04 13:25:33.198 27166 27178 I art     : Explicit concurrent mark sweep GC freed 3(96B) AllocSpace objects, 0(0B) LOS objects, 24% free, 48MB/64MB, paused 1.208ms total 31.296ms
08-04 13:25:33.208 27166 27178 I art     : Starting a blocking GC Explicit
08-04 13:25:33.239 27166 27178 I art     : Explicit concurrent mark sweep GC freed 3(96B) AllocSpace objects, 0(0B) LOS objects, 24% free, 48MB/64MB, paused 1.214ms total 30.788ms
08-04 13:25:33.248 27166 27178 I art     : Starting a blocking GC Explicit
08-04 13:25:33.281 27166 27178 I art     : Explicit concurrent mark sweep GC freed 3(96B) AllocSpace objects, 0(0B) LOS objects, 24% free, 48MB/64MB, paused 1.187ms total 32.237ms
08-04 13:25:33.530 30758 30758 D AndroidRuntime: >>>>>> START com.android.internal.os.RuntimeInit uid 2000 <<<<<<
08-04 13:25:33.536 30758 30758 D AndroidRuntime: CheckJNI is OFF
08-04 13:25:33.570 30758 30758 D ICU     : No timezone override file found: /data/misc/zoneinfo/current/icu/icu_tzdata.dat
08-04 13:25:33.594 27166 29413 I art     : Starting a blocking GC Explicit
08-04 13:25:33.607 30758 30758 I Radio-JNI: register_android_hardware_Radio DONE
08-04 13:25:33.629 27166 29413 I art     : Explicit concurrent mark sweep GC freed 1426(84KB) AllocSpace objects, 1(20KB) LOS objects, 24% free, 48MB/64MB, paused 1.230ms total 34.778ms
08-04 13:25:33.630 30758 30758 D AndroidRuntime: Calling main entry com.android.commands.input.Input
08-04 13:25:33.632 30758 30758 I Input   : injectMotionEvent: MotionEvent { action=ACTION_DOWN, actionButton=0, id[0]=0, x[0]=603.0, y[0]=1061.0, toolType[0]=TOOL_TYPE_UNKNOWN, buttonState=0, metaState=0, flags=0x0, edgeFlags=0x0, pointerCount=1, historySize=0, eventTime=710750045, downTime=710750045, deviceId=0, source=0x1002 }
08-04 13:25:33.639 30758 30758 I Input   : injectMotionEvent: MotionEvent { action=ACTION_UP, actionButton=0, id[0]=0, x[0]=603.0, y[0]=1061.0, toolType[0]=TOOL_TYPE_UNKNOWN, buttonState=0, metaState=0, flags=0x0, edgeFlags=0x0, pointerCount=1, historySize=0, eventTime=710750045, downTime=710750045, deviceId=0, source=0x1002 }
08-04 13:25:33.640 27166 29413 I art     : Starting a blocking GC Explicit
08-04 13:25:33.649 30758 30758 D AndroidRuntime: Shutting down VM
08-04 13:25:33.651   512  2967 D audio_hw_primary: out_set_parameters: enter: usecase(1: low-latency-playback) kvpairs: routing=2
08-04 13:25:33.664   512  2967 D audio_hw_primary: select_devices: out_snd_device(2: speaker) in_snd_device(0: none)
08-04 13:25:33.664   512  2967 D msm8974_platform: platform_send_audio_calibration: sending audio calibration for snd_device(2) acdb_id(15)
08-04 13:25:33.664   512  2967 I soundtrigger: audio_extn_sound_trigger_update_device_status: device 0x2 of type 0 for Event 1
08-04 13:25:33.673   512  2967 D audio_hw_primary: enable_snd_device: snd_device(2: speaker)
08-04 13:25:33.674 27166 29413 I art     : Explicit concurrent mark sweep GC freed 638(27KB) AllocSpace objects, 0(0B) LOS objects, 24% free, 49MB/65MB, paused 1.546ms total 33.441ms
08-04 13:25:33.674 27166 27177 I art     : WaitForGcToComplete blocked for 28.832ms for cause HeapTrim
08-04 13:25:33.675   512  2967 D audio_hw_primary: enable_audio_route: apply and update mixer path: low-latency-playback speaker
08-04 13:25:33.683 27166 29413 I art     : Starting a blocking GC Explicit
08-04 13:25:33.716 27166 29413 I art     : Explicit concurrent mark sweep GC freed 2362(95KB) AllocSpace objects, 0(0B) LOS objects, 24% free, 49MB/65MB, paused 1.681ms total 32.950ms
08-04 13:25:33.726 27166 29413 I art     : Starting a blocking GC Explicit
08-04 13:25:33.756 27166 29413 I art     : Explicit concurrent mark sweep GC freed 1700(85KB) AllocSpace objects, 1(220KB) LOS objects, 24% free, 49MB/65MB, paused 1.197ms total 29.737ms
08-04 13:25:33.766 27166 29413 I art     : Starting a blocking GC Explicit
08-04 13:25:33.797 27166 29413 I art     : Explicit concurrent mark sweep GC freed 41(1664B) AllocSpace objects, 0(0B) LOS objects, 24% free, 49MB/65MB, paused 1.325ms total 30.877ms
08-04 13:25:33.843 27166 29705 I NAPPA_EXPERIMENTATION: MetricNetworkRequestExecutionTime: REQUEST_DURATION_SYSTEM='155',REQUEST_DURATION_OKHTTP='154',REQUEST_SYNCHRONOUS='TRUE',RESPONSE_CODE='200',RESPONSE_METHOD='GET',RESPONSE_LENGTH_OKHTTP='2923',RESPONSE_LENGTH_HEADER='2923',REQUEST_PROTOCOL='http/1.1',REQUEST_URL='https://gpodder.net/api/2/tags/50.json',
08-04 13:25:33.848 27166 30782 I NAPPA_EXPERIMENTATION: MetricNetworkRequestExecutionTime: REQUEST_DURATION_SYSTEM='163',REQUEST_DURATION_OKHTTP='162',REQUEST_SYNCHRONOUS='TRUE',RESPONSE_CODE='200',RESPONSE_METHOD='GET',RESPONSE_LENGTH_OKHTTP='37507',RESPONSE_LENGTH_HEADER='37507',REQUEST_PROTOCOL='http/1.1',REQUEST_URL='https://gpodder.net/toplist/50.json',
08-04 13:25:33.909 27166 28115 D ApOkHttpUrlLoader: buildLoadData() called with: model = [http://sixgun.org/files/linuxoutlaws.jpg], width = [224], height = [224]
08-04 13:25:33.911 27166 27930 D DBReader: getImageAuthentication() called with: imageUrl = [http://sixgun.org/files/linuxoutlaws.jpg]
08-04 13:25:33.914 27166 27930 D ApOkHttpUrlLoader: no credentials for 'http://sixgun.org/files/linuxoutlaws.jpg'
08-04 13:25:33.918 27166 28115 D ApOkHttpUrlLoader: buildLoadData() called with: model = [https://files.thisamericanlife.org/sites/all/themes/thislife/img/tal-name-1400x1400.png], width = [224], height = [224]
08-04 13:25:33.922 27166 28115 D ApOkHttpUrlLoader: buildLoadData() called with: model = [https://elroy.twit.tv/sites/default/files/styles/twit_album_art_2048x2048/public/images/shows/floss_weekly/album_art/audio/floss_albumart_mask.jpg?itok=IUjxKpwt], width = [224], height = [224]
08-04 13:25:33.926 27166 28115 D ApOkHttpUrlLoader: buildLoadData() called with: model = [http://ichef.bbci.co.uk/images/ic/3000x3000/p07kfvzb.jpg], width = [224], height = [224]
08-04 13:25:33.930 27166 28115 D ApOkHttpUrlLoader: buildLoadData() called with: model = [https://pl.tedcdn.com/rss_feed_images/ted_talks_main_podcast/video.png], width = [224], height = [224]
08-04 13:25:33.935 27166 28115 D ApOkHttpUrlLoader: buildLoadData() called with: model = [https://elroy.twit.tv/sites/default/files/styles/twit_album_art_2048x2048/public/images/shows/this_week_in_tech/album_art/audio/twit1400audio.jpg?itok=J0vhatZb], width = [224], height = [224]
08-04 13:25:33.939 27166 28115 D ApOkHttpUrlLoader: buildLoadData() called with: model = [http://ichef.bbci.co.uk/images/ic/3000x3000/p03gtk3j.jpg], width = [224], height = [224]
08-04 13:25:33.943 27166 27930 D DBWriter: updateFeedDownloadURL(original: http://sixgun.org/files/linuxoutlaws.jpg, updated: https://fab.industries/sixgun/files/linuxoutlaws.jpg)
08-04 13:25:34.073 27166 27624 I art     : Starting a blocking GC Explicit
08-04 13:25:34.082 27166 27930 D MYTAG   : interceptor 2a
08-04 13:25:34.082 27166 27930 I NAPPA_EXPERIMENTATION: MetricNetworkRequestExecutionTime: REQUEST_DURATION_SYSTEM='168',REQUEST_DURATION_OKHTTP='134',REQUEST_SYNCHRONOUS='TRUE',RESPONSE_CODE='404',RESPONSE_METHOD='GET',RESPONSE_LENGTH_OKHTTP='-1',RESPONSE_LENGTH_HEADER='1503',REQUEST_PROTOCOL='h2',REQUEST_URL='https://fab.industries/sixgun/files/linuxoutlaws.jpg',
08-04 13:25:34.084 27166 27166 W Glide   : Load failed for http://sixgun.org/files/linuxoutlaws.jpg with size [224x224]
08-04 13:25:34.084 27166 27166 W Glide   : class com.bumptech.glide.load.engine.GlideException: Failed to load resource
08-04 13:25:34.084 27166 27166 W Glide   : There was 1 cause:
08-04 13:25:34.084 27166 27166 W Glide   : com.bumptech.glide.load.HttpException()
08-04 13:25:34.084 27166 27166 W Glide   :  call GlideException#logRootCauses(String) for more detail
08-04 13:25:34.084 27166 27166 W Glide   :   Cause (1 of 1): class com.bumptech.glide.load.engine.GlideException: Fetching data failed, class java.io.InputStream, REMOTE
08-04 13:25:34.084 27166 27166 W Glide   : There was 1 cause:
08-04 13:25:34.084 27166 27166 W Glide   : com.bumptech.glide.load.HttpException()
08-04 13:25:34.084 27166 27166 W Glide   :  call GlideException#logRootCauses(String) for more detail
08-04 13:25:34.084 27166 27166 W Glide   :     Cause (1 of 1): class com.bumptech.glide.load.HttpException: 
08-04 13:25:34.084 27166 27166 I Glide   : Root cause (1 of 1)
08-04 13:25:34.084 27166 27166 I Glide   : com.bumptech.glide.load.HttpException: 
08-04 13:25:34.084 27166 27166 I Glide   : 	at com.bumptech.glide.integration.okhttp3.OkHttpStreamFetcher.onResponse(OkHttpStreamFetcher.java:73)
08-04 13:25:34.084 27166 27166 I Glide   : 	at okhttp3.RealCall$AsyncCall.execute(RealCall.java:174)
08-04 13:25:34.084 27166 27166 I Glide   : 	at okhttp3.internal.NamedRunnable.run(NamedRunnable.java:32)
08-04 13:25:34.084 27166 27166 I Glide   : 	at java.util.concurrent.ThreadPoolExecutor.runWorker(ThreadPoolExecutor.java:1113)
08-04 13:25:34.084 27166 27166 I Glide   : 	at java.util.concurrent.ThreadPoolExecutor$Worker.run(ThreadPoolExecutor.java:588)
08-04 13:25:34.084 27166 27166 I Glide   : 	at java.lang.Thread.run(Thread.java:818)
08-04 13:25:34.085 27166 27166 W Glide   : Load failed for http://sixgun.org/files/linuxoutlaws.jpg with size [224x224]
08-04 13:25:34.085 27166 27166 W Glide   : class com.bumptech.glide.load.engine.GlideException: Failed to load resource
08-04 13:25:34.085 27166 27166 W Glide   : There was 1 cause:
08-04 13:25:34.085 27166 27166 W Glide   : com.bumptech.glide.load.HttpException()
08-04 13:25:34.085 27166 27166 W Glide   :  call GlideException#logRootCauses(String) for more detail
08-04 13:25:34.085 27166 27166 W Glide   :   Cause (1 of 1): class com.bumptech.glide.load.engine.GlideException: Fetching data failed, class java.io.InputStream, REMOTE
08-04 13:25:34.085 27166 27166 W Glide   : There was 1 cause:
08-04 13:25:34.085 27166 27166 W Glide   : com.bumptech.glide.load.HttpException()
08-04 13:25:34.085 27166 27166 W Glide   :  call GlideException#logRootCauses(String) for more detail
08-04 13:25:34.085 27166 27166 W Glide   :     Cause (1 of 1): class com.bumptech.glide.load.HttpException: 
08-04 13:25:34.085 27166 27166 I Glide   : Root cause (1 of 1)
08-04 13:25:34.085 27166 27166 I Glide   : com.bumptech.glide.load.HttpException: 
08-04 13:25:34.085 27166 27166 I Glide   : 	at com.bumptech.glide.integration.okhttp3.OkHttpStreamFetcher.onResponse(OkHttpStreamFetcher.java:73)
08-04 13:25:34.085 27166 27166 I Glide   : 	at okhttp3.RealCall$AsyncCall.execute(RealCall.java:174)
08-04 13:25:34.085 27166 27166 I Glide   : 	at okhttp3.internal.NamedRunnable.run(NamedRunnable.java:32)
08-04 13:25:34.085 27166 27166 I Glide   : 	at java.util.concurrent.ThreadPoolExecutor.runWorker(ThreadPoolExecutor.java:1113)
08-04 13:25:34.085 27166 27166 I Glide   : 	at java.util.concurrent.ThreadPoolExecutor$Worker.run(ThreadPoolExecutor.java:588)
08-04 13:25:34.085 27166 27166 I Glide   : 	at java.lang.Thread.run(Thread.java:818)
08-04 13:25:34.113 27166 27624 I art     : Explicit concurrent mark sweep GC freed 8010(573KB) AllocSpace objects, 4(212KB) LOS objects, 23% free, 50MB/66MB, paused 1.382ms total 39.758ms
08-04 13:25:34.124 27166 27624 I art     : Starting a blocking GC Explicit
08-04 13:25:34.158 27166 27624 I art     : Explicit concurrent mark sweep GC freed 400(16KB) AllocSpace objects, 0(0B) LOS objects, 23% free, 50MB/66MB, paused 1.187ms total 34.534ms
08-04 13:25:34.168 27166 27624 I art     : Starting a blocking GC Explicit
08-04 13:25:34.203 27166 27624 I art     : Explicit concurrent mark sweep GC freed 6(192B) AllocSpace objects, 0(0B) LOS objects, 23% free, 50MB/66MB, paused 1.341ms total 34.649ms
08-04 13:25:34.209   512  2967 D audio_hw_primary: disable_audio_route: reset and update mixer path: low-latency-playback speaker
08-04 13:25:34.210   512  2967 D audio_hw_primary: disable_snd_device: snd_device(2: speaker)
08-04 13:25:34.214 27166 27624 I art     : Starting a blocking GC Explicit
08-04 13:25:34.218   512  2967 I soundtrigger: audio_extn_sound_trigger_update_device_status: device 0x2 of type 0 for Event 0
08-04 13:25:34.250 27166 27624 I art     : Explicit concurrent mark sweep GC freed 3(96B) AllocSpace objects, 0(0B) LOS objects, 23% free, 50MB/66MB, paused 1.181ms total 35.567ms
08-04 13:25:34.260 27166 27624 I art     : Starting a blocking GC Explicit
08-04 13:25:34.292 27166 27624 I art     : Explicit concurrent mark sweep GC freed 3(96B) AllocSpace objects, 0(0B) LOS objects, 23% free, 50MB/66MB, paused 1.325ms total 31.972ms
08-04 13:25:34.636 27166 27178 I art     : Starting a blocking GC Explicit
08-04 13:25:34.678 27166 27178 I art     : Explicit concurrent mark sweep GC freed 1410(81KB) AllocSpace objects, 1(20KB) LOS objects, 23% free, 50MB/66MB, paused 1.320ms total 41.258ms
08-04 13:25:34.691 27166 27178 I art     : Starting a blocking GC Explicit
08-04 13:25:34.728 27166 27178 I art     : Explicit concurrent mark sweep GC freed 40(1344B) AllocSpace objects, 0(0B) LOS objects, 23% free, 50MB/66MB, paused 1.415ms total 36.720ms
08-04 13:25:34.739 27166 27178 I art     : Starting a blocking GC Explicit
08-04 13:25:34.776 27166 27178 I art     : Explicit concurrent mark sweep GC freed 3(96B) AllocSpace objects, 0(0B) LOS objects, 23% free, 50MB/66MB, paused 1.212ms total 36.432ms
08-04 13:25:34.786 27166 27178 I art     : Starting a blocking GC Explicit
08-04 13:25:34.823 27166 27178 I art     : Explicit concurrent mark sweep GC freed 3(96B) AllocSpace objects, 0(0B) LOS objects, 23% free, 50MB/66MB, paused 1.218ms total 36.341ms
08-04 13:25:34.834 27166 27178 I art     : Starting a blocking GC Explicit
08-04 13:25:34.870 27166 27178 I art     : Explicit concurrent mark sweep GC freed 3(96B) AllocSpace objects, 0(0B) LOS objects, 23% free, 50MB/66MB, paused 1.235ms total 36.414ms
08-04 13:25:35.143 13866 13882 I PeriodicStatsRunner: PeriodicStatsRunner.call():175 call()
08-04 13:25:35.144 13866 13882 I PeriodicStatsRunner: PeriodicStatsRunner.call():179 No submit PeriodicStats since input started.
08-04 13:25:35.211 27166 27190 I art     : Starting a blocking GC Explicit
08-04 13:25:35.260 27166 27190 I art     : Explicit concurrent mark sweep GC freed 1381(81KB) AllocSpace objects, 1(20KB) LOS objects, 23% free, 50MB/66MB, paused 1.408ms total 48.842ms
08-04 13:25:35.274 27166 27190 I art     : Starting a blocking GC Explicit
08-04 13:25:35.311 27166 27190 I art     : Explicit concurrent mark sweep GC freed 23(752B) AllocSpace objects, 0(0B) LOS objects, 23% free, 50MB/66MB, paused 1.229ms total 36.413ms
08-04 13:25:35.322 27166 27190 I art     : Starting a blocking GC Explicit
08-04 13:25:35.359 27166 27190 I art     : Explicit concurrent mark sweep GC freed 3(96B) AllocSpace objects, 0(0B) LOS objects, 23% free, 50MB/66MB, paused 1.313ms total 37.096ms
08-04 13:25:35.369 27166 27190 I art     : Starting a blocking GC Explicit
08-04 13:25:35.405 27166 27190 I art     : Explicit concurrent mark sweep GC freed 3(96B) AllocSpace objects, 0(0B) LOS objects, 23% free, 50MB/66MB, paused 1.182ms total 35.490ms
08-04 13:25:35.415 27166 27190 I art     : Starting a blocking GC Explicit
08-04 13:25:35.453 27166 27190 I art     : Explicit concurrent mark sweep GC freed 3(96B) AllocSpace objects, 0(0B) LOS objects, 23% free, 50MB/66MB, paused 1.306ms total 36.785ms
08-04 13:25:35.577   918  3188 I hubconnection: sensorhub said: 'set_bias 3: -5.1456, 0.0000, 0.0000'
08-04 13:25:35.798 27166 27190 I art     : Starting a blocking GC Explicit
08-04 13:25:35.834 27166 27190 I art     : Explicit concurrent mark sweep GC freed 1466(83KB) AllocSpace objects, 1(20KB) LOS objects, 23% free, 50MB/66MB, paused 1.086ms total 35.016ms
08-04 13:25:35.844 27166 27190 I art     : Starting a blocking GC Explicit
08-04 13:25:35.878 27166 27190 I art     : Explicit concurrent mark sweep GC freed 40(1328B) AllocSpace objects, 0(0B) LOS objects, 23% free, 50MB/66MB, paused 1.231ms total 34.244ms
08-04 13:25:35.888 27166 27190 I art     : Starting a blocking GC Explicit
08-04 13:25:35.925 27166 27190 I art     : Explicit concurrent mark sweep GC freed 3(96B) AllocSpace objects, 0(0B) LOS objects, 23% free, 50MB/66MB, paused 1.299ms total 36.226ms
08-04 13:25:35.935 27166 27190 I art     : Starting a blocking GC Explicit
08-04 13:25:35.972 27166 27190 I art     : Explicit concurrent mark sweep GC freed 3(96B) AllocSpace objects, 0(0B) LOS objects, 23% free, 50MB/66MB, paused 1.214ms total 35.883ms
08-04 13:25:35.982 27166 27190 I art     : Starting a blocking GC Explicit
08-04 13:25:36.018 27166 27190 I art     : Explicit concurrent mark sweep GC freed 3(96B) AllocSpace objects, 0(0B) LOS objects, 23% free, 50MB/66MB, paused 1.247ms total 36.122ms
08-04 13:25:36.393 27166 29413 I art     : Starting a blocking GC Explicit
08-04 13:25:36.440 27166 29413 I art     : Explicit concurrent mark sweep GC freed 1381(81KB) AllocSpace objects, 1(20KB) LOS objects, 23% free, 50MB/66MB, paused 1.366ms total 46.523ms
08-04 13:25:36.454 27166 29413 I art     : Starting a blocking GC Explicit
08-04 13:25:36.495 27166 29413 I art     : Explicit concurrent mark sweep GC freed 23(752B) AllocSpace objects, 0(0B) LOS objects, 23% free, 50MB/66MB, paused 1.301ms total 40.011ms
08-04 13:25:36.505 27166 29413 I art     : Starting a blocking GC Explicit
08-04 13:25:36.541 27166 29413 I art     : Explicit concurrent mark sweep GC freed 32(880B) AllocSpace objects, 0(0B) LOS objects, 23% free, 50MB/66MB, paused 1.190ms total 35.210ms
08-04 13:25:36.551 27166 29413 I art     : Starting a blocking GC Explicit
08-04 13:25:36.587 27166 29413 I art     : Explicit concurrent mark sweep GC freed 3(96B) AllocSpace objects, 0(0B) LOS objects, 23% free, 50MB/66MB, paused 1.211ms total 35.526ms
08-04 13:25:36.597 27166 29413 I art     : Starting a blocking GC Explicit
08-04 13:25:36.634 27166 29413 I art     : Explicit concurrent mark sweep GC freed 3(96B) AllocSpace objects, 0(0B) LOS objects, 23% free, 50MB/66MB, paused 1.225ms total 36.165ms
08-04 13:25:37.016 27166 27178 I art     : Starting a blocking GC Explicit
08-04 13:25:37.063 27166 27178 I art     : Explicit concurrent mark sweep GC freed 1381(81KB) AllocSpace objects, 1(20KB) LOS objects, 23% free, 50MB/66MB, paused 1.314ms total 46.938ms
08-04 13:25:37.076 27166 27178 I art     : Starting a blocking GC Explicit
08-04 13:25:37.112 27166 27178 I art     : Explicit concurrent mark sweep GC freed 23(752B) AllocSpace objects, 0(0B) LOS objects, 23% free, 50MB/66MB, paused 1.222ms total 36.150ms
08-04 13:25:37.123 27166 27178 I art     : Starting a blocking GC Explicit
08-04 13:25:37.159 27166 27178 I art     : Explicit concurrent mark sweep GC freed 3(96B) AllocSpace objects, 0(0B) LOS objects, 23% free, 50MB/66MB, paused 1.252ms total 36.092ms
08-04 13:25:37.169 27166 27178 I art     : Starting a blocking GC Explicit
08-04 13:25:37.206 27166 27178 I art     : Explicit concurrent mark sweep GC freed 3(96B) AllocSpace objects, 0(0B) LOS objects, 23% free, 50MB/66MB, paused 1.353ms total 35.814ms
08-04 13:25:37.216 27166 27178 I art     : Starting a blocking GC Explicit
08-04 13:25:37.252 27166 27178 I art     : Explicit concurrent mark sweep GC freed 3(96B) AllocSpace objects, 0(0B) LOS objects, 23% free, 50MB/66MB, paused 1.192ms total 35.482ms
08-04 13:25:37.608 27166 27624 I art     : Starting a blocking GC Explicit
08-04 13:25:37.660 27166 27624 I art     : Explicit concurrent mark sweep GC freed 1411(82KB) AllocSpace objects, 1(20KB) LOS objects, 23% free, 50MB/66MB, paused 1.384ms total 51.163ms
08-04 13:25:37.674 27166 27624 I art     : Starting a blocking GC Explicit
08-04 13:25:37.711 27166 27624 I art     : Explicit concurrent mark sweep GC freed 23(752B) AllocSpace objects, 0(0B) LOS objects, 23% free, 50MB/66MB, paused 1.385ms total 36.177ms
08-04 13:25:37.721 27166 27624 I art     : Starting a blocking GC Explicit
08-04 13:25:37.757 27166 27624 I art     : Explicit concurrent mark sweep GC freed 3(96B) AllocSpace objects, 0(0B) LOS objects, 23% free, 50MB/66MB, paused 1.204ms total 35.427ms
08-04 13:25:37.767 27166 27624 I art     : Starting a blocking GC Explicit
08-04 13:25:37.804 27166 27624 I art     : Explicit concurrent mark sweep GC freed 3(96B) AllocSpace objects, 0(0B) LOS objects, 23% free, 50MB/66MB, paused 1.307ms total 36.424ms
08-04 13:25:37.815 27166 27624 I art     : Starting a blocking GC Explicit
08-04 13:25:37.850 27166 27624 I art     : Explicit concurrent mark sweep GC freed 3(96B) AllocSpace objects, 0(0B) LOS objects, 23% free, 50MB/66MB, paused 1.222ms total 35.140ms
08-04 13:25:38.210 27166 27179 I art     : Starting a blocking GC Explicit
08-04 13:25:38.255 27166 27179 I art     : Explicit concurrent mark sweep GC freed 1384(81KB) AllocSpace objects, 1(20KB) LOS objects, 23% free, 50MB/66MB, paused 1.317ms total 45.114ms
08-04 13:25:38.269 27166 27179 I art     : Starting a blocking GC Explicit
08-04 13:25:38.306 27166 27179 I art     : Explicit concurrent mark sweep GC freed 23(752B) AllocSpace objects, 0(0B) LOS objects, 23% free, 50MB/66MB, paused 1.204ms total 36.232ms
08-04 13:25:38.316 27166 27179 I art     : Starting a blocking GC Explicit
08-04 13:25:38.352 27166 27179 I art     : Explicit concurrent mark sweep GC freed 3(96B) AllocSpace objects, 0(0B) LOS objects, 23% free, 50MB/66MB, paused 1.190ms total 35.431ms
08-04 13:25:38.362 27166 27179 I art     : Starting a blocking GC Explicit
08-04 13:25:38.399 27166 27179 I art     : Explicit concurrent mark sweep GC freed 3(96B) AllocSpace objects, 0(0B) LOS objects, 23% free, 50MB/66MB, paused 1.289ms total 36.334ms
08-04 13:25:38.410 27166 27179 I art     : Starting a blocking GC Explicit
08-04 13:25:38.445 27166 27179 I art     : Explicit concurrent mark sweep GC freed 3(96B) AllocSpace objects, 0(0B) LOS objects, 23% free, 50MB/66MB, paused 1.206ms total 35.563ms
08-04 13:25:38.834 27166 27190 I art     : Starting a blocking GC Explicit
08-04 13:25:38.884 27166 27190 I art     : Explicit concurrent mark sweep GC freed 1410(81KB) AllocSpace objects, 1(20KB) LOS objects, 23% free, 50MB/66MB, paused 1.349ms total 49.500ms
08-04 13:25:38.896 27166 27190 I art     : Starting a blocking GC Explicit
08-04 13:25:38.933 27166 27190 I art     : Explicit concurrent mark sweep GC freed 23(752B) AllocSpace objects, 0(0B) LOS objects, 23% free, 50MB/66MB, paused 1.181ms total 36.257ms
08-04 13:25:38.943 27166 27190 I art     : Starting a blocking GC Explicit
08-04 13:25:38.980 27166 27190 I art     : Explicit concurrent mark sweep GC freed 3(96B) AllocSpace objects, 0(0B) LOS objects, 23% free, 50MB/66MB, paused 1.220ms total 36.089ms
08-04 13:25:38.990 27166 27190 I art     : Starting a blocking GC Explicit
08-04 13:25:39.027 27166 27190 I art     : Explicit concurrent mark sweep GC freed 3(96B) AllocSpace objects, 0(0B) LOS objects, 23% free, 50MB/66MB, paused 1.282ms total 36.644ms
08-04 13:25:39.038 27166 27190 I art     : Starting a blocking GC Explicit
08-04 13:25:39.075 27166 27190 I art     : Explicit concurrent mark sweep GC freed 3(96B) AllocSpace objects, 0(0B) LOS objects, 23% free, 50MB/66MB, paused 1.207ms total 36.350ms
08-04 13:25:39.145 30348 30348 I ServiceManager: Waiting for service AtCmdFwd...
08-04 13:25:39.414 27166 29413 I art     : Starting a blocking GC Explicit
08-04 13:25:39.463 27166 29413 I art     : Explicit concurrent mark sweep GC freed 1381(81KB) AllocSpace objects, 1(20KB) LOS objects, 23% free, 50MB/66MB, paused 1.396ms total 49.049ms
08-04 13:25:39.477 27166 29413 I art     : Starting a blocking GC Explicit
08-04 13:25:39.514 27166 29413 I art     : Explicit concurrent mark sweep GC freed 52(1536B) AllocSpace objects, 0(0B) LOS objects, 23% free, 50MB/66MB, paused 1.220ms total 36.587ms
08-04 13:25:39.524 27166 29413 I art     : Starting a blocking GC Explicit
08-04 13:25:39.561 27166 29413 I art     : Explicit concurrent mark sweep GC freed 3(96B) AllocSpace objects, 0(0B) LOS objects, 23% free, 50MB/66MB, paused 1.211ms total 36.360ms
08-04 13:25:39.572 27166 29413 I art     : Starting a blocking GC Explicit
08-04 13:25:39.608 27166 29413 I art     : Explicit concurrent mark sweep GC freed 3(96B) AllocSpace objects, 0(0B) LOS objects, 23% free, 50MB/66MB, paused 1.264ms total 36.388ms
08-04 13:25:39.619 27166 29413 I art     : Starting a blocking GC Explicit
08-04 13:25:39.656 27166 29413 I art     : Explicit concurrent mark sweep GC freed 3(96B) AllocSpace objects, 0(0B) LOS objects, 23% free, 50MB/66MB, paused 1.202ms total 36.407ms
08-04 13:25:40.017 27166 27178 I art     : Starting a blocking GC Explicit
08-04 13:25:40.053 27166 27178 I art     : Explicit concurrent mark sweep GC freed 1381(81KB) AllocSpace objects, 1(20KB) LOS objects, 23% free, 50MB/66MB, paused 1.229ms total 35.561ms
08-04 13:25:40.064 27166 27178 I art     : Starting a blocking GC Explicit
08-04 13:25:40.097 27166 27178 I art     : Explicit concurrent mark sweep GC freed 23(752B) AllocSpace objects, 0(0B) LOS objects, 23% free, 50MB/66MB, paused 1.160ms total 32.772ms
08-04 13:25:40.106 27166 27178 I art     : Starting a blocking GC Explicit
08-04 13:25:40.141 27166 27178 I art     : Explicit concurrent mark sweep GC freed 3(96B) AllocSpace objects, 0(0B) LOS objects, 23% free, 50MB/66MB, paused 1.221ms total 34.270ms
08-04 13:25:40.146 30348 30348 I ServiceManager: Waiting for service AtCmdFwd...
08-04 13:25:40.151 27166 27178 I art     : Starting a blocking GC Explicit
08-04 13:25:40.185 27166 27178 I art     : Explicit concurrent mark sweep GC freed 3(96B) AllocSpace objects, 0(0B) LOS objects, 23% free, 50MB/66MB, paused 1.214ms total 33.783ms
08-04 13:25:40.195 27166 27178 I art     : Starting a blocking GC Explicit
08-04 13:25:40.230 27166 27178 I art     : Explicit concurrent mark sweep GC freed 3(96B) AllocSpace objects, 0(0B) LOS objects, 23% free, 50MB/66MB, paused 1.208ms total 34.525ms
08-04 13:25:40.328 30893 30893 D AndroidRuntime: >>>>>> START com.android.internal.os.RuntimeInit uid 2000 <<<<<<
08-04 13:25:40.334 30893 30893 D AndroidRuntime: CheckJNI is OFF
08-04 13:25:40.372 30893 30893 D ICU     : No timezone override file found: /data/misc/zoneinfo/current/icu/icu_tzdata.dat
08-04 13:25:40.406 30893 30893 I Radio-JNI: register_android_hardware_Radio DONE
08-04 13:25:40.428 30893 30893 D AndroidRuntime: Calling main entry com.android.commands.input.Input
08-04 13:25:40.430 30893 30893 I Input   : injectMotionEvent: MotionEvent { action=ACTION_DOWN, actionButton=0, id[0]=0, x[0]=526.0, y[0]=597.0, toolType[0]=TOOL_TYPE_UNKNOWN, buttonState=0, metaState=0, flags=0x0, edgeFlags=0x0, pointerCount=1, historySize=0, eventTime=710756843, downTime=710756843, deviceId=0, source=0x1002 }
08-04 13:25:40.434 30893 30893 I Input   : injectMotionEvent: MotionEvent { action=ACTION_UP, actionButton=0, id[0]=0, x[0]=526.0, y[0]=597.0, toolType[0]=TOOL_TYPE_UNKNOWN, buttonState=0, metaState=0, flags=0x0, edgeFlags=0x0, pointerCount=1, historySize=0, eventTime=710756843, downTime=710756843, deviceId=0, source=0x1002 }
08-04 13:25:40.436 30893 30893 D AndroidRuntime: Shutting down VM
08-04 13:25:40.500 27166 27166 D PodcastListFragment: Selected podcast: GpodnetPodcast [url=http://feeds.feedburner.com/linuxoutlaws, title=Linux Outlaws, description=Two pragmatic geeks talk about the latest news concerning Linux, free and open
08-04 13:25:40.500 27166 27166 D PodcastListFragment: technology or anything else they deem noteworthy which may include such absurd
08-04 13:25:40.500 27166 27166 D PodcastListFragment: things as hockey or bands you never heard of. This means there's many a joke
08-04 13:25:40.500 27166 27166 D PodcastListFragment: and derailed conversation along the way, so don't come here expecting only
08-04 13:25:40.500 27166 27166 D PodcastListFragment: Linux or software freedom talk  just sit back and relax, partner., subscribers=3321, logoUrl=http://sixgun.org/files/linuxoutlaws.jpg, website=http://sixgun.org, mygpoLink=http://gpodder.net/podcast/linux-outlaws-mp3]
08-04 13:25:40.501   918  6029 I ActivityManager: START u0 {cmp=baseline.de.danoeh.antennapod.debug/baseline.de.danoeh.antennapod.activity.OnlineFeedViewActivity (has extras)} from uid 10670 on display 0
08-04 13:25:40.501   512  2967 D audio_hw_primary: out_set_parameters: enter: usecase(1: low-latency-playback) kvpairs: routing=2
08-04 13:25:40.514   512  2967 D audio_hw_primary: select_devices: out_snd_device(2: speaker) in_snd_device(0: none)
08-04 13:25:40.514   512  2967 D msm8974_platform: platform_send_audio_calibration: sending audio calibration for snd_device(2) acdb_id(15)
08-04 13:25:40.515   512  2967 I soundtrigger: audio_extn_sound_trigger_update_device_status: device 0x2 of type 0 for Event 1
08-04 13:25:40.529   512  2967 D audio_hw_primary: enable_snd_device: snd_device(2: speaker)
08-04 13:25:40.532   512  2967 D audio_hw_primary: enable_audio_route: apply and update mixer path: low-latency-playback speaker
08-04 13:25:40.532 27166 27166 D UserPreferences: Using default data folder
08-04 13:25:40.533 27166 27166 D OnlineFeedViewActivity: Activity was started with url http://feeds.feedburner.com/linuxoutlaws
08-04 13:25:40.536 27166 27166 D OnlineFeedViewActivity: Starting feed download
08-04 13:25:40.539 27166 27718 D DBReader: Extracting Feedlist
08-04 13:25:40.541   918   929 D WifiService: acquireWifiLockLocked: WifiLock{Downloader type=1 binder=android.os.BinderProxy@26b259e}
08-04 13:25:40.541 27166 27718 D AntennapodHttpClient: Creating new instance of HTTP client
08-04 13:25:40.554 27166 29413 I art     : Starting a blocking GC Explicit
08-04 13:25:40.586 27166 29413 I art     : Explicit concurrent mark sweep GC freed 2693(183KB) AllocSpace objects, 1(20KB) LOS objects, 23% free, 50MB/66MB, paused 1.140ms total 31.754ms
08-04 13:25:40.596 27166 29413 I art     : Starting a blocking GC Explicit
08-04 13:25:40.597 13866 13866 I GoogleInputMethodServic: GoogleInputMethodService.onFinishInput():3138 
08-04 13:25:40.598 13866 13866 I GoogleInputMethodServic: GoogleInputMethodService.onStartInput():1808 
08-04 13:25:40.619   918   936 I ActivityManager: Displayed baseline.de.danoeh.antennapod.debug/baseline.de.danoeh.antennapod.activity.OnlineFeedViewActivity: +108ms
08-04 13:25:40.629 27166 29413 I art     : Explicit concurrent mark sweep GC freed 452(20KB) AllocSpace objects, 0(0B) LOS objects, 23% free, 51MB/67MB, paused 1.153ms total 33.546ms
08-04 13:25:40.639 27166 29413 I art     : Starting a blocking GC Explicit
08-04 13:25:40.646 27166 27187 D OpenGLRenderer: endAllStagingAnimators on 0x7f7beb5c00 (GridView) with handle 0x7f726e9bc0
08-04 13:25:40.672 27166 29413 I art     : Explicit concurrent mark sweep GC freed 57(2768B) AllocSpace objects, 0(0B) LOS objects, 23% free, 51MB/67MB, paused 1.190ms total 32.851ms
08-04 13:25:40.681 27166 29413 I art     : Starting a blocking GC Explicit
08-04 13:25:40.691 27166 27718 D MYTAG   : interceptor 3a http://feeds.feedburner.com/linuxoutlaws
08-04 13:25:40.691 27166 27718 I NAPPA_EXPERIMENTATION: MetricNetworkRequestExecutionTime: REQUEST_DURATION_SYSTEM='149',REQUEST_DURATION_OKHTTP='31',REQUEST_SYNCHRONOUS='TRUE',RESPONSE_CODE='200',RESPONSE_METHOD='GET',RESPONSE_LENGTH_OKHTTP='-1',RESPONSE_LENGTH_HEADER='-2',REQUEST_PROTOCOL='http/1.1',REQUEST_URL='http://feeds.feedburner.com/linuxoutlaws',
08-04 13:25:40.691 27166 27718 D HttpDownloader: Response code is 200
08-04 13:25:40.691 27166 27718 D UserPreferences: Using default data folder
08-04 13:25:40.692 27166 27718 D HttpDownloader: Getting size of download
08-04 13:25:40.692 27166 27718 D HttpDownloader: Size is -1
08-04 13:25:40.692 27166 27718 D UserPreferences: Using default data folder
08-04 13:25:40.693 27166 27718 D HttpDownloader: Free space is 20241444864
08-04 13:25:40.693 27166 27718 D HttpDownloader: Starting download
08-04 13:25:40.713 27166 29413 I art     : Explicit concurrent mark sweep GC freed 186(16KB) AllocSpace objects, 0(0B) LOS objects, 23% free, 51MB/67MB, paused 1.094ms total 31.415ms
08-04 13:25:40.719 27166 27718 D HttpDownloader: Download was successful
08-04 13:25:40.721   918  5481 D WifiService: releaseWifiLockLocked: WifiLock{Downloader type=1 binder=android.os.BinderProxy@26b259e}
08-04 13:25:40.721 27166 27166 D OnlineFeedViewActivity: Parsing feed
08-04 13:25:40.725 27166 29413 I art     : Starting a blocking GC Explicit
08-04 13:25:40.731 27166 30922 D TypeGetter: Recognized type RSS 2.0
08-04 13:25:40.738 27166 30922 D SyndHandler: Recognized Content namespace
08-04 13:25:40.738 27166 30922 D SyndHandler: Recognized DublinCore namespace
08-04 13:25:40.738 27166 30922 D SyndHandler: Recognized Atom namespace
08-04 13:25:40.739 27166 30922 D SyndHandler: Recognized ITunes namespace
08-04 13:25:40.739 27166 30922 D SyndHandler: Recognized media namespace
08-04 13:25:40.763 27166 29413 I art     : Explicit concurrent mark sweep GC freed 1308(316KB) AllocSpace objects, 2(40KB) LOS objects, 23% free, 51MB/67MB, paused 1.382ms total 37.874ms
08-04 13:25:40.776 27166 30922 D OnlineFeedViewActivity: Deleted feed source file. Result: true
08-04 13:25:40.776 27166 27166 D OnlineFeedViewActivity: Removing HTML from shownotes
08-04 13:25:40.790 27166 28115 D ApOkHttpUrlLoader: buildLoadData() called with: model = [http://sixgun.org/files/linuxoutlaws.jpg], width = [350], height = [350]
08-04 13:25:40.791 27166 27930 D DBReader: getImageAuthentication() called with: imageUrl = [http://sixgun.org/files/linuxoutlaws.jpg]
08-04 13:25:40.793 27166 27930 D ApOkHttpUrlLoader: no credentials for 'http://sixgun.org/files/linuxoutlaws.jpg'
08-04 13:25:40.823 27166 27930 D DBWriter: updateFeedDownloadURL(original: http://sixgun.org/files/linuxoutlaws.jpg, updated: https://fab.industries/sixgun/files/linuxoutlaws.jpg)
08-04 13:25:40.871   380   380 W SurfaceFlinger: couldn't log to binary event log: overflow.
08-04 13:25:40.959 27166 27930 D MYTAG   : interceptor 2a
08-04 13:25:40.959 27166 27930 I NAPPA_EXPERIMENTATION: MetricNetworkRequestExecutionTime: REQUEST_DURATION_SYSTEM='166',REQUEST_DURATION_OKHTTP='129',REQUEST_SYNCHRONOUS='TRUE',RESPONSE_CODE='404',RESPONSE_METHOD='GET',RESPONSE_LENGTH_OKHTTP='-1',RESPONSE_LENGTH_HEADER='1503',REQUEST_PROTOCOL='h2',REQUEST_URL='https://fab.industries/sixgun/files/linuxoutlaws.jpg',
08-04 13:25:40.960 27166 27166 W Glide   : Load failed for http://sixgun.org/files/linuxoutlaws.jpg with size [350x350]
08-04 13:25:40.960 27166 27166 W Glide   : class com.bumptech.glide.load.engine.GlideException: Failed to load resource
08-04 13:25:40.960 27166 27166 W Glide   : There was 1 cause:
08-04 13:25:40.960 27166 27166 W Glide   : com.bumptech.glide.load.HttpException()
08-04 13:25:40.960 27166 27166 W Glide   :  call GlideException#logRootCauses(String) for more detail
08-04 13:25:40.960 27166 27166 W Glide   :   Cause (1 of 1): class com.bumptech.glide.load.engine.GlideException: Fetching data failed, class java.io.InputStream, REMOTE
08-04 13:25:40.960 27166 27166 W Glide   : There was 1 cause:
08-04 13:25:40.960 27166 27166 W Glide   : com.bumptech.glide.load.HttpException()
08-04 13:25:40.960 27166 27166 W Glide   :  call GlideException#logRootCauses(String) for more detail
08-04 13:25:40.960 27166 27166 W Glide   :     Cause (1 of 1): class com.bumptech.glide.load.HttpException: 
08-04 13:25:40.960 27166 27166 I Glide   : Root cause (1 of 1)
08-04 13:25:40.960 27166 27166 I Glide   : com.bumptech.glide.load.HttpException: 
08-04 13:25:40.960 27166 27166 I Glide   : 	at com.bumptech.glide.integration.okhttp3.OkHttpStreamFetcher.onResponse(OkHttpStreamFetcher.java:73)
08-04 13:25:40.960 27166 27166 I Glide   : 	at okhttp3.RealCall$AsyncCall.execute(RealCall.java:174)
08-04 13:25:40.960 27166 27166 I Glide   : 	at okhttp3.internal.NamedRunnable.run(NamedRunnable.java:32)
08-04 13:25:40.960 27166 27166 I Glide   : 	at java.util.concurrent.ThreadPoolExecutor.runWorker(ThreadPoolExecutor.java:1113)
08-04 13:25:40.960 27166 27166 I Glide   : 	at java.util.concurrent.ThreadPoolExecutor$Worker.run(ThreadPoolExecutor.java:588)
08-04 13:25:40.960 27166 27166 I Glide   : 	at java.lang.Thread.run(Thread.java:818)
08-04 13:25:40.993 27166 27166 D PlaybackController: Releasing PlaybackController
08-04 13:25:41.036 27166 27624 I art     : Starting a blocking GC Explicit
08-04 13:25:41.068   512  2967 D audio_hw_primary: disable_audio_route: reset and update mixer path: low-latency-playback speaker
08-04 13:25:41.069   512  2967 D audio_hw_primary: disable_snd_device: snd_device(2: speaker)
08-04 13:25:41.070 27166 27624 I art     : Explicit concurrent mark sweep GC freed 6686(587KB) AllocSpace objects, 13(788KB) LOS objects, 23% free, 51MB/67MB, paused 1.143ms total 33.935ms
08-04 13:25:41.077   512  2967 I soundtrigger: audio_extn_sound_trigger_update_device_status: device 0x2 of type 0 for Event 0
08-04 13:25:41.080 27166 27624 I art     : Starting a blocking GC Explicit
08-04 13:25:41.115 27166 27624 I art     : Explicit concurrent mark sweep GC freed 865(39KB) AllocSpace objects, 1(112KB) LOS objects, 23% free, 51MB/67MB, paused 1.190ms total 35.434ms
08-04 13:25:41.126 27166 27624 I art     : Starting a blocking GC Explicit
08-04 13:25:41.147 30348 30348 I ServiceManager: Waiting for service AtCmdFwd...
08-04 13:25:41.162 27166 27624 I art     : Explicit concurrent mark sweep GC freed 3(96B) AllocSpace objects, 0(0B) LOS objects, 23% free, 51MB/67MB, paused 1.220ms total 36.621ms
08-04 13:25:41.173 27166 27624 I art     : Starting a blocking GC Explicit
08-04 13:25:41.210 27166 27624 I art     : Explicit concurrent mark sweep GC freed 3(96B) AllocSpace objects, 0(0B) LOS objects, 23% free, 51MB/67MB, paused 1.204ms total 36.841ms
08-04 13:25:41.221 27166 27624 I art     : Starting a blocking GC Explicit
08-04 13:25:41.259 27166 27624 I art     : Explicit concurrent mark sweep GC freed 3(96B) AllocSpace objects, 0(0B) LOS objects, 23% free, 51MB/67MB, paused 1.290ms total 37.735ms
08-04 13:25:41.581 27166 27190 I art     : Starting a blocking GC Explicit
08-04 13:25:41.629 27166 27190 I art     : Explicit concurrent mark sweep GC freed 1410(81KB) AllocSpace objects, 1(20KB) LOS objects, 23% free, 51MB/67MB, paused 1.495ms total 47.693ms
08-04 13:25:41.640 27166 27190 I art     : Starting a blocking GC Explicit
08-04 13:25:41.676 27166 27190 I art     : Explicit concurrent mark sweep GC freed 23(752B) AllocSpace objects, 0(0B) LOS objects, 23% free, 51MB/67MB, paused 1.199ms total 36.020ms
08-04 13:25:41.687 27166 27190 I art     : Starting a blocking GC Explicit
08-04 13:25:41.725 27166 27190 I art     : Explicit concurrent mark sweep GC freed 3(96B) AllocSpace objects, 0(0B) LOS objects, 23% free, 51MB/67MB, paused 1.254ms total 37.740ms
08-04 13:25:41.736 27166 27190 I art     : Starting a blocking GC Explicit
08-04 13:25:41.773 27166 27190 I art     : Explicit concurrent mark sweep GC freed 3(96B) AllocSpace objects, 0(0B) LOS objects, 23% free, 51MB/67MB, paused 1.213ms total 37.098ms
08-04 13:25:41.784 27166 27190 I art     : Starting a blocking GC Explicit
08-04 13:25:41.821 27166 27190 I art     : Explicit concurrent mark sweep GC freed 3(96B) AllocSpace objects, 0(0B) LOS objects, 23% free, 51MB/67MB, paused 1.261ms total 37.262ms
08-04 13:25:42.148 30348 30348 I ServiceManager: Waiting for service AtCmdFwd...
08-04 13:25:42.155 27166 29413 I art     : Starting a blocking GC Explicit
08-04 13:25:42.202 27166 29413 I art     : Explicit concurrent mark sweep GC freed 1381(81KB) AllocSpace objects, 1(20KB) LOS objects, 23% free, 51MB/67MB, paused 1.180ms total 46.655ms
08-04 13:25:42.213 27166 29413 I art     : Starting a blocking GC Explicit
08-04 13:25:42.251 27166 29413 I art     : Explicit concurrent mark sweep GC freed 23(752B) AllocSpace objects, 0(0B) LOS objects, 23% free, 51MB/67MB, paused 1.232ms total 37.393ms
08-04 13:25:42.261 27166 29413 I art     : Starting a blocking GC Explicit
08-04 13:25:42.299 27166 29413 I art     : Explicit concurrent mark sweep GC freed 3(96B) AllocSpace objects, 0(0B) LOS objects, 23% free, 51MB/67MB, paused 1.283ms total 37.746ms
08-04 13:25:42.310 27166 29413 I art     : Starting a blocking GC Explicit
08-04 13:25:42.348 27166 29413 I art     : Explicit concurrent mark sweep GC freed 3(96B) AllocSpace objects, 0(0B) LOS objects, 23% free, 51MB/67MB, paused 1.415ms total 37.893ms
08-04 13:25:42.359 27166 29413 I art     : Starting a blocking GC Explicit
08-04 13:25:42.396 27166 29413 I art     : Explicit concurrent mark sweep GC freed 4(128B) AllocSpace objects, 0(0B) LOS objects, 23% free, 51MB/67MB, paused 1.479ms total 37.081ms
08-04 13:25:42.763 27166 27624 I art     : Starting a blocking GC Explicit
08-04 13:25:42.800   918  3261 D WifiStateMachine: starting scan for "H369AA63323"WPA_PSK with 2412,5180
08-04 13:25:42.802 27166 27624 I art     : Explicit concurrent mark sweep GC freed 1439(82KB) AllocSpace objects, 1(20KB) LOS objects, 23% free, 51MB/67MB, paused 1.167ms total 39.146ms
08-04 13:25:42.816 27166 27624 I art     : Starting a blocking GC Explicit
08-04 13:25:42.851 27166 27624 I art     : Explicit concurrent mark sweep GC freed 23(752B) AllocSpace objects, 0(0B) LOS objects, 23% free, 51MB/67MB, paused 1.302ms total 35.178ms
08-04 13:25:42.861 27166 27624 I art     : Starting a blocking GC Explicit
08-04 13:25:42.896 27166 27624 I art     : Explicit concurrent mark sweep GC freed 3(96B) AllocSpace objects, 0(0B) LOS objects, 23% free, 51MB/67MB, paused 1.192ms total 34.496ms
08-04 13:25:42.906 27166 27624 I art     : Starting a blocking GC Explicit
08-04 13:25:42.943 27166 27624 I art     : Explicit concurrent mark sweep GC freed 3(96B) AllocSpace objects, 0(0B) LOS objects, 23% free, 51MB/67MB, paused 1.242ms total 36.993ms
08-04 13:25:42.954 27166 27624 I art     : Starting a blocking GC Explicit
08-04 13:25:42.991 27166 27624 I art     : Explicit concurrent mark sweep GC freed 3(96B) AllocSpace objects, 0(0B) LOS objects, 23% free, 51MB/67MB, paused 1.234ms total 36.517ms
08-04 13:25:43.148 30348 30348 I ServiceManager: Waiting for service AtCmdFwd...
08-04 13:25:43.366 27166 27190 I art     : Starting a blocking GC Explicit
08-04 13:25:43.414 27166 27190 I art     : Explicit concurrent mark sweep GC freed 1381(81KB) AllocSpace objects, 1(20KB) LOS objects, 23% free, 51MB/67MB, paused 1.396ms total 46.796ms
08-04 13:25:43.424 27166 27190 I art     : Starting a blocking GC Explicit
08-04 13:25:43.462 27166 27190 I art     : Explicit concurrent mark sweep GC freed 23(752B) AllocSpace objects, 0(0B) LOS objects, 23% free, 51MB/67MB, paused 1.217ms total 36.966ms
08-04 13:25:43.472 27166 27190 I art     : Starting a blocking GC Explicit
08-04 13:25:43.509 27166 27190 I art     : Explicit concurrent mark sweep GC freed 32(880B) AllocSpace objects, 0(0B) LOS objects, 23% free, 51MB/67MB, paused 1.284ms total 37.042ms
08-04 13:25:43.520 27166 27190 I art     : Starting a blocking GC Explicit
08-04 13:25:43.557 27166 27190 I art     : Explicit concurrent mark sweep GC freed 3(96B) AllocSpace objects, 0(0B) LOS objects, 23% free, 51MB/67MB, paused 1.220ms total 36.638ms
08-04 13:25:43.567 27166 27190 I art     : Starting a blocking GC Explicit
08-04 13:25:43.605 27166 27190 I art     : Explicit concurrent mark sweep GC freed 3(96B) AllocSpace objects, 0(0B) LOS objects, 23% free, 51MB/67MB, paused 1.234ms total 37.358ms
08-04 13:25:43.961 27166 29413 I art     : Starting a blocking GC Explicit
08-04 13:25:44.008 27166 29413 I art     : Explicit concurrent mark sweep GC freed 1382(83KB) AllocSpace objects, 1(20KB) LOS objects, 23% free, 51MB/67MB, paused 1.430ms total 46.907ms
08-04 13:25:44.021 27166 29413 I art     : Starting a blocking GC Explicit
08-04 13:25:44.059 27166 29413 I art     : Explicit concurrent mark sweep GC freed 23(752B) AllocSpace objects, 0(0B) LOS objects, 23% free, 51MB/67MB, paused 1.256ms total 37.899ms
08-04 13:25:44.070 27166 29413 I art     : Starting a blocking GC Explicit
08-04 13:25:44.108 27166 29413 I art     : Explicit concurrent mark sweep GC freed 3(96B) AllocSpace objects, 0(0B) LOS objects, 23% free, 51MB/67MB, paused 1.317ms total 37.600ms
08-04 13:25:44.119 27166 29413 I art     : Starting a blocking GC Explicit
08-04 13:25:44.149 30348 30348 W Atfwd_Sendcmd: AtCmdFwd service not published, waiting... retryCnt : 3
08-04 13:25:44.157 27166 29413 I art     : Explicit concurrent mark sweep GC freed 3(96B) AllocSpace objects, 0(0B) LOS objects, 23% free, 51MB/67MB, paused 1.226ms total 37.711ms
08-04 13:25:44.168 27166 29413 I art     : Starting a blocking GC Explicit
08-04 13:25:44.205 27166 29413 I art     : Explicit concurrent mark sweep GC freed 3(96B) AllocSpace objects, 0(0B) LOS objects, 23% free, 51MB/67MB, paused 1.332ms total 37.365ms
08-04 13:25:44.564 27166 27179 I art     : Starting a blocking GC Explicit
08-04 13:25:44.611 27166 27179 I art     : Explicit concurrent mark sweep GC freed 1411(82KB) AllocSpace objects, 1(20KB) LOS objects, 23% free, 51MB/67MB, paused 1.374ms total 46.879ms
08-04 13:25:44.626 27166 27179 I art     : Starting a blocking GC Explicit
08-04 13:25:44.664 27166 27179 I art     : Explicit concurrent mark sweep GC freed 23(752B) AllocSpace objects, 0(0B) LOS objects, 23% free, 51MB/67MB, paused 1.197ms total 38.192ms
08-04 13:25:44.675 27166 27179 I art     : Starting a blocking GC Explicit
08-04 13:25:44.711 27166 27179 I art     : Explicit concurrent mark sweep GC freed 3(96B) AllocSpace objects, 0(0B) LOS objects, 23% free, 51MB/67MB, paused 1.175ms total 35.218ms
08-04 13:25:44.722 27166 27179 I art     : Starting a blocking GC Explicit
08-04 13:25:44.757 27166 27179 I art     : Explicit concurrent mark sweep GC freed 3(96B) AllocSpace objects, 0(0B) LOS objects, 23% free, 51MB/67MB, paused 1.410ms total 35.056ms
08-04 13:25:44.767 27166 27179 I art     : Starting a blocking GC Explicit
08-04 13:25:44.802 27166 27179 I art     : Explicit concurrent mark sweep GC freed 3(96B) AllocSpace objects, 0(0B) LOS objects, 23% free, 51MB/67MB, paused 1.226ms total 34.718ms
08-04 13:25:45.098 30994 30994 D AndroidRuntime: >>>>>> START com.android.internal.os.RuntimeInit uid 2000 <<<<<<
08-04 13:25:45.103 30994 30994 D AndroidRuntime: CheckJNI is OFF
08-04 13:25:45.137 30994 30994 D ICU     : No timezone override file found: /data/misc/zoneinfo/current/icu/icu_tzdata.dat
08-04 13:25:45.148 27166 27178 I art     : Starting a blocking GC Explicit
08-04 13:25:45.170 30994 30994 I Radio-JNI: register_android_hardware_Radio DONE
08-04 13:25:45.185 27166 27178 I art     : Explicit concurrent mark sweep GC freed 1384(81KB) AllocSpace objects, 1(20KB) LOS objects, 23% free, 51MB/67MB, paused 1.247ms total 37.019ms
08-04 13:25:45.193 30994 30994 D AndroidRuntime: Calling main entry com.android.commands.input.Input
08-04 13:25:45.195 30994 30994 I Input   : injectKeyEvent: KeyEvent { action=ACTION_DOWN, keyCode=KEYCODE_BACK, scanCode=0, metaState=0, flags=0x0, repeatCount=0, eventTime=710761609, downTime=710761609, deviceId=-1, source=0x101 }
08-04 13:25:45.196 27166 27178 I art     : Starting a blocking GC Explicit
08-04 13:25:45.202 30994 30994 I Input   : injectKeyEvent: KeyEvent { action=ACTION_UP, keyCode=KEYCODE_BACK, scanCode=0, metaState=0, flags=0x0, repeatCount=0, eventTime=710761609, downTime=710761609, deviceId=-1, source=0x101 }
08-04 13:25:45.208 30994 30994 D AndroidRuntime: Shutting down VM
08-04 13:25:45.213 27166 27166 V PlaybackController: initServiceNotRunning()
08-04 13:25:45.213 27166 27166 D ExternalPlayerFragment: Loading media info
08-04 13:25:45.213 27166 28115 D ApOkHttpUrlLoader: buildLoadData() called with: model = [http://sixgun.org/files/linuxoutlaws.jpg], width = [224], height = [224]
08-04 13:25:45.214 27166 27930 D DBReader: getImageAuthentication() called with: imageUrl = [http://sixgun.org/files/linuxoutlaws.jpg]
08-04 13:25:45.217 27166 27166 D UserPreferences: Using default data folder
08-04 13:25:45.218 27166 27718 D DBReader: getNavDrawerData() called with: 
08-04 13:25:45.218 27166 27930 D ApOkHttpUrlLoader: no credentials for 'http://sixgun.org/files/linuxoutlaws.jpg'
08-04 13:25:45.229 27166 27718 D DBReader: getDownloadedItems() called
08-04 13:25:45.231 27166 27718 D DBReader: getFavoriteIDList() called
08-04 13:25:45.232 27166 27718 D DBReader: getQueueIDList() called
08-04 13:25:45.233 27166 27718 D DBReader: Extracting Feedlist
08-04 13:25:45.233 27166 27178 I art     : Explicit concurrent mark sweep GC freed 715(44KB) AllocSpace objects, 0(0B) LOS objects, 23% free, 51MB/67MB, paused 1.510ms total 36.232ms
08-04 13:25:45.242 27166 27178 I art     : Starting a blocking GC Explicit
08-04 13:25:45.251 27166 27166 D MainActivity: getLastNavFragment() -> AddFeedFragment
08-04 13:25:45.251 13866 13866 I GoogleInputMethodServic: GoogleInputMethodService.onFinishInput():3138 
08-04 13:25:45.252 13866 13866 I GoogleInputMethodServic: GoogleInputMethodService.onStartInput():1808 
08-04 13:25:45.275 27166 27178 I art     : Explicit concurrent mark sweep GC freed 816(49KB) AllocSpace objects, 0(0B) LOS objects, 23% free, 51MB/67MB, paused 1.473ms total 32.652ms
08-04 13:25:45.286 27166 27178 I art     : Starting a blocking GC Explicit
08-04 13:25:45.295 27166 27930 D DBWriter: updateFeedDownloadURL(original: http://sixgun.org/files/linuxoutlaws.jpg, updated: https://fab.industries/sixgun/files/linuxoutlaws.jpg)
08-04 13:25:45.319 27166 27178 I art     : Explicit concurrent mark sweep GC freed 538(27KB) AllocSpace objects, 0(0B) LOS objects, 23% free, 51MB/67MB, paused 1.185ms total 32.894ms
08-04 13:25:45.328 27166 27178 I art     : Starting a blocking GC Explicit
08-04 13:25:45.360 27166 27178 I art     : Explicit concurrent mark sweep GC freed 150(9KB) AllocSpace objects, 0(0B) LOS objects, 23% free, 51MB/67MB, paused 1.125ms total 31.384ms
08-04 13:25:45.432 27166 27930 D MYTAG   : interceptor 2a
08-04 13:25:45.432 27166 27930 I NAPPA_EXPERIMENTATION: MetricNetworkRequestExecutionTime: REQUEST_DURATION_SYSTEM='214',REQUEST_DURATION_OKHTTP='134',REQUEST_SYNCHRONOUS='TRUE',RESPONSE_CODE='404',RESPONSE_METHOD='GET',RESPONSE_LENGTH_OKHTTP='-1',RESPONSE_LENGTH_HEADER='1503',REQUEST_PROTOCOL='h2',REQUEST_URL='https://fab.industries/sixgun/files/linuxoutlaws.jpg',
08-04 13:25:45.434 27166 27166 W Glide   : Load failed for http://sixgun.org/files/linuxoutlaws.jpg with size [224x224]
08-04 13:25:45.434 27166 27166 W Glide   : class com.bumptech.glide.load.engine.GlideException: Failed to load resource
08-04 13:25:45.434 27166 27166 W Glide   : There was 1 cause:
08-04 13:25:45.434 27166 27166 W Glide   : com.bumptech.glide.load.HttpException()
08-04 13:25:45.434 27166 27166 W Glide   :  call GlideException#logRootCauses(String) for more detail
08-04 13:25:45.434 27166 27166 W Glide   :   Cause (1 of 1): class com.bumptech.glide.load.engine.GlideException: Fetching data failed, class java.io.InputStream, REMOTE
08-04 13:25:45.434 27166 27166 W Glide   : There was 1 cause:
08-04 13:25:45.434 27166 27166 W Glide   : com.bumptech.glide.load.HttpException()
08-04 13:25:45.434 27166 27166 W Glide   :  call GlideException#logRootCauses(String) for more detail
08-04 13:25:45.434 27166 27166 W Glide   :     Cause (1 of 1): class com.bumptech.glide.load.HttpException: 
08-04 13:25:45.435 27166 27166 I Glide   : Root cause (1 of 1)
08-04 13:25:45.435 27166 27166 I Glide   : com.bumptech.glide.load.HttpException: 
08-04 13:25:45.435 27166 27166 I Glide   : 	at com.bumptech.glide.integration.okhttp3.OkHttpStreamFetcher.onResponse(OkHttpStreamFetcher.java:73)
08-04 13:25:45.435 27166 27166 I Glide   : 	at okhttp3.RealCall$AsyncCall.execute(RealCall.java:174)
08-04 13:25:45.435 27166 27166 I Glide   : 	at okhttp3.internal.NamedRunnable.run(NamedRunnable.java:32)
08-04 13:25:45.435 27166 27166 I Glide   : 	at java.util.concurrent.ThreadPoolExecutor.runWorker(ThreadPoolExecutor.java:1113)
08-04 13:25:45.435 27166 27166 I Glide   : 	at java.util.concurrent.ThreadPoolExecutor$Worker.run(ThreadPoolExecutor.java:588)
08-04 13:25:45.435 27166 27166 I Glide   : 	at java.lang.Thread.run(Thread.java:818)
08-04 13:25:45.436 27166 27166 W Glide   : Load failed for http://sixgun.org/files/linuxoutlaws.jpg with size [224x224]
08-04 13:25:45.436 27166 27166 W Glide   : class com.bumptech.glide.load.engine.GlideException: Failed to load resource
08-04 13:25:45.436 27166 27166 W Glide   : There was 1 cause:
08-04 13:25:45.436 27166 27166 W Glide   : com.bumptech.glide.load.HttpException()
08-04 13:25:45.436 27166 27166 W Glide   :  call GlideException#logRootCauses(String) for more detail
08-04 13:25:45.436 27166 27166 W Glide   :   Cause (1 of 1): class com.bumptech.glide.load.engine.GlideException: Fetching data failed, class java.io.InputStream, REMOTE
08-04 13:25:45.436 27166 27166 W Glide   : There was 1 cause:
08-04 13:25:45.436 27166 27166 W Glide   : com.bumptech.glide.load.HttpException()
08-04 13:25:45.436 27166 27166 W Glide   :  call GlideException#logRootCauses(String) for more detail
08-04 13:25:45.436 27166 27166 W Glide   :     Cause (1 of 1): class com.bumptech.glide.load.HttpException: 
08-04 13:25:45.436 27166 27166 I Glide   : Root cause (1 of 1)
08-04 13:25:45.436 27166 27166 I Glide   : com.bumptech.glide.load.HttpException: 
08-04 13:25:45.436 27166 27166 I Glide   : 	at com.bumptech.glide.integration.okhttp3.OkHttpStreamFetcher.onResponse(OkHttpStreamFetcher.java:73)
08-04 13:25:45.436 27166 27166 I Glide   : 	at okhttp3.RealCall$AsyncCall.execute(RealCall.java:174)
08-04 13:25:45.436 27166 27166 I Glide   : 	at okhttp3.internal.NamedRunnable.run(NamedRunnable.java:32)
08-04 13:25:45.436 27166 27166 I Glide   : 	at java.util.concurrent.ThreadPoolExecutor.runWorker(ThreadPoolExecutor.java:1113)
08-04 13:25:45.436 27166 27166 I Glide   : 	at java.util.concurrent.ThreadPoolExecutor$Worker.run(ThreadPoolExecutor.java:588)
08-04 13:25:45.436 27166 27166 I Glide   : 	at java.lang.Thread.run(Thread.java:818)
08-04 13:25:45.542   380   380 W SurfaceFlinger: couldn't log to binary event log: overflow.
08-04 13:25:45.597 13866 13882 I PeriodicStatsRunner: PeriodicStatsRunner.call():175 call()
08-04 13:25:45.597 13866 13882 I PeriodicStatsRunner: PeriodicStatsRunner.call():179 No submit PeriodicStats since input started.
08-04 13:25:45.658 27166 27179 I art     : Starting a blocking GC Explicit
08-04 13:25:45.698 27166 27179 I art     : Explicit concurrent mark sweep GC freed 2576(183KB) AllocSpace objects, 1(20KB) LOS objects, 23% free, 51MB/67MB, paused 1.295ms total 39.195ms
08-04 13:25:45.708 27166 27179 I art     : Starting a blocking GC Explicit
08-04 13:25:45.745 27166 27179 I art     : Explicit concurrent mark sweep GC freed 2896(237KB) AllocSpace objects, 1(28KB) LOS objects, 23% free, 50MB/66MB, paused 1.239ms total 36.110ms
08-04 13:25:45.755 27166 27179 I art     : Starting a blocking GC Explicit
08-04 13:25:45.792 27166 27179 I art     : Explicit concurrent mark sweep GC freed 3(96B) AllocSpace objects, 0(0B) LOS objects, 23% free, 50MB/66MB, paused 1.247ms total 36.590ms
08-04 13:25:45.802 27166 27179 I art     : Starting a blocking GC Explicit
08-04 13:25:45.838 27166 27179 I art     : Explicit concurrent mark sweep GC freed 3(96B) AllocSpace objects, 0(0B) LOS objects, 23% free, 50MB/66MB, paused 1.290ms total 35.849ms
08-04 13:25:45.849 27166 27179 I art     : Starting a blocking GC Explicit
08-04 13:25:45.886 27166 27179 I art     : Explicit concurrent mark sweep GC freed 3(96B) AllocSpace objects, 0(0B) LOS objects, 23% free, 50MB/66MB, paused 1.374ms total 36.577ms
08-04 13:25:46.232 27166 29413 I art     : Starting a blocking GC Explicit
08-04 13:25:46.277 27166 29413 I art     : Explicit concurrent mark sweep GC freed 1383(81KB) AllocSpace objects, 1(20KB) LOS objects, 23% free, 50MB/66MB, paused 1.322ms total 45.184ms
08-04 13:25:46.291 27166 29413 I art     : Starting a blocking GC Explicit
08-04 13:25:46.329 27166 29413 I art     : Explicit concurrent mark sweep GC freed 23(752B) AllocSpace objects, 0(0B) LOS objects, 23% free, 50MB/66MB, paused 1.488ms total 36.971ms
08-04 13:25:46.339 27166 29413 I art     : Starting a blocking GC Explicit
08-04 13:25:46.375 27166 29413 I art     : Explicit concurrent mark sweep GC freed 3(96B) AllocSpace objects, 0(0B) LOS objects, 23% free, 50MB/66MB, paused 1.207ms total 35.217ms
08-04 13:25:46.385 27166 29413 I art     : Starting a blocking GC Explicit
08-04 13:25:46.422 27166 29413 I art     : Explicit concurrent mark sweep GC freed 3(96B) AllocSpace objects, 0(0B) LOS objects, 23% free, 50MB/66MB, paused 1.243ms total 36.323ms
08-04 13:25:46.432 27166 29413 I art     : Starting a blocking GC Explicit
08-04 13:25:46.467 27166 29413 I art     : Explicit concurrent mark sweep GC freed 3(96B) AllocSpace objects, 0(0B) LOS objects, 23% free, 50MB/66MB, paused 1.278ms total 34.624ms
08-04 13:25:46.795 27166 27190 I art     : Starting a blocking GC Explicit
08-04 13:25:46.832 27166 27190 I art     : Explicit concurrent mark sweep GC freed 1411(82KB) AllocSpace objects, 1(20KB) LOS objects, 23% free, 50MB/66MB, paused 1.475ms total 36.525ms
08-04 13:25:46.842 27166 27190 I art     : Starting a blocking GC Explicit
08-04 13:25:46.852 31037 31037 D AndroidRuntime: >>>>>> START com.android.internal.os.RuntimeInit uid 2000 <<<<<<
08-04 13:25:46.857 31037 31037 D AndroidRuntime: CheckJNI is OFF
08-04 13:25:46.877 27166 27190 I art     : Explicit concurrent mark sweep GC freed 30(976B) AllocSpace objects, 0(0B) LOS objects, 23% free, 50MB/66MB, paused 1.430ms total 35.028ms
08-04 13:25:46.887 27166 27190 I art     : Starting a blocking GC Explicit
08-04 13:25:46.894 31037 31037 D ICU     : No timezone override file found: /data/misc/zoneinfo/current/icu/icu_tzdata.dat
08-04 13:25:46.918 27166 27190 I art     : Explicit concurrent mark sweep GC freed 16(624B) AllocSpace objects, 0(0B) LOS objects, 23% free, 50MB/66MB, paused 1.206ms total 30.994ms
08-04 13:25:46.926 31037 31037 I Radio-JNI: register_android_hardware_Radio DONE
08-04 13:25:46.928 27166 27190 I art     : Starting a blocking GC Explicit
08-04 13:25:46.948 31037 31037 D AndroidRuntime: Calling main entry com.android.commands.input.Input
08-04 13:25:46.949 31037 31037 I Input   : injectKeyEvent: KeyEvent { action=ACTION_DOWN, keyCode=KEYCODE_BACK, scanCode=0, metaState=0, flags=0x0, repeatCount=0, eventTime=710763362, downTime=710763362, deviceId=-1, source=0x101 }
08-04 13:25:46.957 31037 31037 I Input   : injectKeyEvent: KeyEvent { action=ACTION_UP, keyCode=KEYCODE_BACK, scanCode=0, metaState=0, flags=0x0, repeatCount=0, eventTime=710763362, downTime=710763362, deviceId=-1, source=0x101 }
08-04 13:25:46.959 27166 27190 I art     : Explicit concurrent mark sweep GC freed 18(896B) AllocSpace objects, 0(0B) LOS objects, 23% free, 50MB/66MB, paused 1.398ms total 31.752ms
08-04 13:25:46.969 27166 27190 I art     : Starting a blocking GC Explicit
08-04 13:25:46.976 31037 31037 D AndroidRuntime: Shutting down VM
08-04 13:25:47.003 27166 27190 I art     : Explicit concurrent mark sweep GC freed 2122(87KB) AllocSpace objects, 0(0B) LOS objects, 23% free, 50MB/66MB, paused 1.311ms total 34.160ms
08-04 13:25:47.303 27166 27624 I art     : Starting a blocking GC Explicit
08-04 13:25:47.350 27166 27624 I art     : Explicit concurrent mark sweep GC freed 2334(142KB) AllocSpace objects, 2(48KB) LOS objects, 23% free, 50MB/66MB, paused 1.378ms total 46.790ms
08-04 13:25:47.363 27166 27624 I art     : Starting a blocking GC Explicit
08-04 13:25:47.398 27166 27624 I art     : Explicit concurrent mark sweep GC freed 4440(336KB) AllocSpace objects, 8(1592KB) LOS objects, 24% free, 48MB/64MB, paused 1.315ms total 35.071ms
08-04 13:25:47.409 27166 27624 I art     : Starting a blocking GC Explicit
08-04 13:25:47.443 27166 27624 I art     : Explicit concurrent mark sweep GC freed 3(96B) AllocSpace objects, 0(0B) LOS objects, 24% free, 48MB/64MB, paused 1.305ms total 33.802ms
08-04 13:25:47.453 27166 27624 I art     : Starting a blocking GC Explicit
08-04 13:25:47.487 27166 27624 I art     : Explicit concurrent mark sweep GC freed 3(96B) AllocSpace objects, 0(0B) LOS objects, 24% free, 48MB/64MB, paused 1.320ms total 33.965ms
08-04 13:25:47.497 27166 27624 I art     : Starting a blocking GC Explicit
08-04 13:25:47.532 27166 27624 I art     : Explicit concurrent mark sweep GC freed 32(880B) AllocSpace objects, 0(0B) LOS objects, 24% free, 48MB/64MB, paused 1.227ms total 34.653ms
08-04 13:25:47.875 27166 27179 I art     : Starting a blocking GC Explicit
08-04 13:25:47.919 27166 27179 I art     : Explicit concurrent mark sweep GC freed 1382(82KB) AllocSpace objects, 1(20KB) LOS objects, 24% free, 48MB/64MB, paused 1.512ms total 43.531ms
08-04 13:25:47.930 27166 27179 I art     : Starting a blocking GC Explicit
08-04 13:25:47.965 27166 27179 I art     : Explicit concurrent mark sweep GC freed 23(752B) AllocSpace objects, 0(0B) LOS objects, 24% free, 48MB/64MB, paused 1.252ms total 34.364ms
08-04 13:25:47.975 27166 27179 I art     : Starting a blocking GC Explicit
08-04 13:25:48.010 27166 27179 I art     : Explicit concurrent mark sweep GC freed 3(96B) AllocSpace objects, 0(0B) LOS objects, 24% free, 48MB/64MB, paused 1.241ms total 34.853ms
08-04 13:25:48.020 27166 27179 I art     : Starting a blocking GC Explicit
08-04 13:25:48.055 27166 27179 I art     : Explicit concurrent mark sweep GC freed 3(96B) AllocSpace objects, 0(0B) LOS objects, 24% free, 48MB/64MB, paused 1.213ms total 33.962ms
08-04 13:25:48.065 27166 27179 I art     : Starting a blocking GC Explicit
08-04 13:25:48.100 27166 27179 I art     : Explicit concurrent mark sweep GC freed 3(96B) AllocSpace objects, 0(0B) LOS objects, 24% free, 48MB/64MB, paused 1.364ms total 35.222ms
08-04 13:25:48.396 27166 29413 I art     : Starting a blocking GC Explicit
08-04 13:25:48.431 27166 29413 I art     : Explicit concurrent mark sweep GC freed 1382(83KB) AllocSpace objects, 1(20KB) LOS objects, 24% free, 48MB/64MB, paused 1.252ms total 34.544ms
08-04 13:25:48.441 27166 29413 I art     : Starting a blocking GC Explicit
08-04 13:25:48.473 27166 29413 I art     : Explicit concurrent mark sweep GC freed 23(752B) AllocSpace objects, 0(0B) LOS objects, 24% free, 48MB/64MB, paused 1.213ms total 31.833ms
08-04 13:25:48.483 27166 29413 I art     : Starting a blocking GC Explicit
08-04 13:25:48.516 27166 29413 I art     : Explicit concurrent mark sweep GC freed 32(880B) AllocSpace objects, 0(0B) LOS objects, 24% free, 48MB/64MB, paused 1.239ms total 32.104ms
08-04 13:25:48.525 27166 29413 I art     : Starting a blocking GC Explicit
08-04 13:25:48.557 27166 29413 I art     : Explicit concurrent mark sweep GC freed 3(96B) AllocSpace objects, 0(0B) LOS objects, 24% free, 48MB/64MB, paused 1.294ms total 31.936ms
08-04 13:25:48.567 27166 29413 I art     : Starting a blocking GC Explicit
08-04 13:25:48.600 27166 29413 I art     : Explicit concurrent mark sweep GC freed 6(192B) AllocSpace objects, 0(0B) LOS objects, 24% free, 48MB/64MB, paused 1.137ms total 32.787ms
08-04 13:25:48.696 31090 31090 D AndroidRuntime: >>>>>> START com.android.internal.os.RuntimeInit uid 2000 <<<<<<
08-04 13:25:48.701 31090 31090 D AndroidRuntime: CheckJNI is OFF
08-04 13:25:48.734 31090 31090 D ICU     : No timezone override file found: /data/misc/zoneinfo/current/icu/icu_tzdata.dat
08-04 13:25:48.768 31090 31090 I Radio-JNI: register_android_hardware_Radio DONE
08-04 13:25:48.790 31090 31090 D AndroidRuntime: Calling main entry com.android.commands.am.Am
08-04 13:25:48.801  2375  2375 I Trepn   : Trepn 6.2s: Received intent: com.quicinc.trepn.stop_profiling
08-04 13:25:48.832  2375  2375 I Trepn   : Trepn 6.2s: Trepn has Stopped Profiling.
08-04 13:25:48.912   918  3188 I hubconnection: sensorhub said: 'set_bias 3: -6.2400, 0.0000, 0.0000'
08-04 13:25:48.931 27166 27624 I art     : Starting a blocking GC Explicit
08-04 13:25:48.967 27166 27624 I art     : Explicit concurrent mark sweep GC freed 1410(82KB) AllocSpace objects, 1(20KB) LOS objects, 24% free, 48MB/64MB, paused 1.411ms total 35.187ms
08-04 13:25:48.973 31090 31090 D AndroidRuntime: Shutting down VM
08-04 13:25:48.978   918  5481 W AppOps  : Finishing op nesting under-run: uid 10078 pkg com.quicinc.trepn code 24 time=0 duration=0 nesting=0
08-04 13:25:48.978 27166 27624 I art     : Starting a blocking GC Explicit
08-04 13:25:49.007 27166 27624 I art     : Explicit concurrent mark sweep GC freed 23(752B) AllocSpace objects, 0(0B) LOS objects, 24% free, 48MB/64MB, paused 1.042ms total 28.371ms
08-04 13:25:49.015 27166 27624 I art     : Starting a blocking GC Explicit
08-04 13:25:49.043 27166 27624 I art     : Explicit concurrent mark sweep GC freed 3(96B) AllocSpace objects, 0(0B) LOS objects, 24% free, 48MB/64MB, paused 1.063ms total 27.627ms
08-04 13:25:49.043 27166 27177 I art     : WaitForGcToComplete blocked for 27.821ms for cause HeapTrim
08-04 13:25:49.052 27166 27624 I art     : Starting a blocking GC Explicit
08-04 13:25:49.080 27166 27624 I art     : Explicit concurrent mark sweep GC freed 3(96B) AllocSpace objects, 0(0B) LOS objects, 24% free, 48MB/64MB, paused 1.079ms total 27.909ms
08-04 13:25:49.089 27166 27624 I art     : Starting a blocking GC Explicit
08-04 13:25:49.120 27166 27624 I art     : Explicit concurrent mark sweep GC freed 3(96B) AllocSpace objects, 0(0B) LOS objects, 24% free, 48MB/64MB, paused 1.187ms total 30.446ms
08-04 13:25:49.431 27166 27178 I art     : Starting a blocking GC Explicit
08-04 13:25:49.466 27166 27178 I art     : Explicit concurrent mark sweep GC freed 1380(81KB) AllocSpace objects, 1(20KB) LOS objects, 24% free, 48MB/64MB, paused 1.362ms total 34.121ms
08-04 13:25:49.476 27166 27178 I art     : Starting a blocking GC Explicit
08-04 13:25:49.509 27166 27178 I art     : Explicit concurrent mark sweep GC freed 52(1536B) AllocSpace objects, 0(0B) LOS objects, 24% free, 48MB/64MB, paused 1.208ms total 32.730ms
08-04 13:25:49.518 27166 27178 I art     : Starting a blocking GC Explicit
08-04 13:25:49.550 27166 27178 I art     : Explicit concurrent mark sweep GC freed 3(96B) AllocSpace objects, 0(0B) LOS objects, 24% free, 48MB/64MB, paused 1.120ms total 31.158ms
08-04 13:25:49.560 27166 27178 I art     : Starting a blocking GC Explicit
08-04 13:25:49.592 27166 27178 I art     : Explicit concurrent mark sweep GC freed 3(96B) AllocSpace objects, 0(0B) LOS objects, 24% free, 48MB/64MB, paused 1.128ms total 31.552ms
08-04 13:25:49.601 27166 27178 I art     : Starting a blocking GC Explicit
08-04 13:25:49.633 27166 27178 I art     : Explicit concurrent mark sweep GC freed 3(96B) AllocSpace objects, 0(0B) LOS objects, 24% free, 48MB/64MB, paused 1.353ms total 31.846ms
08-04 13:25:50.252 13866 13882 I PeriodicStatsRunner: PeriodicStatsRunner.call():175 call()
08-04 13:25:50.252 13866 13882 I PeriodicStatsRunner: PeriodicStatsRunner.call():179 No submit PeriodicStats since input started.
